interactions:
- request:
    body: null
    headers:
      Accept:
      - application/json
      Accept-Encoding:
      - gzip, deflate
      CommandName:
      - network vnet create
      Connection:
      - keep-alive
      ParameterSetName:
      - -g -n --address-prefix --subnet-name --subnet-prefix
      User-Agent:
      - AZURECLI/2.23.0 azsdk-python-azure-mgmt-resource/16.1.0 Python/3.7.3 (Windows-10-10.0.19041-SP0)
    method: GET
    uri: https://management.azure.com/subscriptions/00000000-0000-0000-0000-000000000000/resourcegroups/cli_test_active_active_cross_premise_connection000001?api-version=2021-04-01
  response:
    body:
      string: '{"id":"/subscriptions/00000000-0000-0000-0000-000000000000/resourceGroups/cli_test_active_active_cross_premise_connection000001","name":"cli_test_active_active_cross_premise_connection000001","type":"Microsoft.Resources/resourceGroups","location":"westus","tags":{"product":"azurecli","cause":"automation","date":"2021-05-14T06:18:07Z"},"properties":{"provisioningState":"Succeeded"}}'
    headers:
      cache-control:
      - no-cache
      content-length:
      - '428'
      content-type:
      - application/json; charset=utf-8
      date:
      - Fri, 14 May 2021 06:18:08 GMT
      expires:
      - '-1'
      pragma:
      - no-cache
      strict-transport-security:
      - max-age=31536000; includeSubDomains
      vary:
      - Accept-Encoding
      x-content-type-options:
      - nosniff
    status:
      code: 200
      message: OK
- request:
    body: '{"location": "westus", "tags": {}, "properties": {"addressSpace": {"addressPrefixes":
      ["10.11.0.0/16", "10.12.0.0/16"]}, "dhcpOptions": {}, "subnets": [{"name": "GatewaySubnet",
      "properties": {"addressPrefix": "10.12.255.0/27", "privateEndpointNetworkPolicies":
      "Enabled", "privateLinkServiceNetworkPolicies": "Enabled"}}]}}'
    headers:
      Accept:
      - application/json
      Accept-Encoding:
      - gzip, deflate
      CommandName:
      - network vnet create
      Connection:
      - keep-alive
      Content-Length:
      - '324'
      Content-Type:
      - application/json
      ParameterSetName:
      - -g -n --address-prefix --subnet-name --subnet-prefix
      User-Agent:
      - AZURECLI/2.23.0 azsdk-python-azure-mgmt-network/18.0.0 Python/3.7.3 (Windows-10-10.0.19041-SP0)
    method: PUT
    uri: https://management.azure.com/subscriptions/00000000-0000-0000-0000-000000000000/resourceGroups/cli_test_active_active_cross_premise_connection000001/providers/Microsoft.Network/virtualNetworks/vnet1?api-version=2021-02-01
  response:
    body:
      string: "{\r\n  \"name\": \"vnet1\",\r\n  \"id\": \"/subscriptions/00000000-0000-0000-0000-000000000000/resourceGroups/cli_test_active_active_cross_premise_connection000001/providers/Microsoft.Network/virtualNetworks/vnet1\",\r\n
        \ \"etag\": \"W/\\\"8c7f6db5-fa9f-44dd-9e0a-51aa7c1039c6\\\"\",\r\n  \"type\":
        \"Microsoft.Network/virtualNetworks\",\r\n  \"location\": \"westus\",\r\n
        \ \"tags\": {},\r\n  \"properties\": {\r\n    \"provisioningState\": \"Updating\",\r\n
        \   \"resourceGuid\": \"23255515-dbe3-4ae1-bbe9-2cb8b20c2ba0\",\r\n    \"addressSpace\":
        {\r\n      \"addressPrefixes\": [\r\n        \"10.11.0.0/16\",\r\n        \"10.12.0.0/16\"\r\n
        \     ]\r\n    },\r\n    \"dhcpOptions\": {\r\n      \"dnsServers\": []\r\n
        \   },\r\n    \"subnets\": [\r\n      {\r\n        \"name\": \"GatewaySubnet\",\r\n
        \       \"id\": \"/subscriptions/00000000-0000-0000-0000-000000000000/resourceGroups/cli_test_active_active_cross_premise_connection000001/providers/Microsoft.Network/virtualNetworks/vnet1/subnets/GatewaySubnet\",\r\n
        \       \"etag\": \"W/\\\"8c7f6db5-fa9f-44dd-9e0a-51aa7c1039c6\\\"\",\r\n
        \       \"properties\": {\r\n          \"provisioningState\": \"Updating\",\r\n
        \         \"addressPrefix\": \"10.12.255.0/27\",\r\n          \"delegations\":
        [],\r\n          \"privateEndpointNetworkPolicies\": \"Enabled\",\r\n          \"privateLinkServiceNetworkPolicies\":
        \"Enabled\"\r\n        },\r\n        \"type\": \"Microsoft.Network/virtualNetworks/subnets\"\r\n
        \     }\r\n    ],\r\n    \"virtualNetworkPeerings\": [],\r\n    \"enableDdosProtection\":
        false\r\n  }\r\n}"
    headers:
      azure-asyncnotification:
      - Enabled
      azure-asyncoperation:
      - https://management.azure.com/subscriptions/00000000-0000-0000-0000-000000000000/providers/Microsoft.Network/locations/westus/operations/40f4ba88-d3dc-4f80-a695-f0af34b0ce1a?api-version=2021-02-01
      cache-control:
      - no-cache
      content-length:
      - '1444'
      content-type:
      - application/json; charset=utf-8
      date:
      - Fri, 14 May 2021 06:18:14 GMT
      expires:
      - '-1'
      pragma:
      - no-cache
      server:
      - Microsoft-HTTPAPI/2.0
      - Microsoft-HTTPAPI/2.0
      strict-transport-security:
      - max-age=31536000; includeSubDomains
      x-content-type-options:
      - nosniff
      x-ms-arm-service-request-id:
      - 865cffd4-853b-4149-b511-c822933c1325
      x-ms-ratelimit-remaining-subscription-writes:
      - '1185'
    status:
      code: 201
      message: Created
- request:
    body: null
    headers:
      Accept:
      - '*/*'
      Accept-Encoding:
      - gzip, deflate
      CommandName:
      - network vnet create
      Connection:
      - keep-alive
      ParameterSetName:
      - -g -n --address-prefix --subnet-name --subnet-prefix
      User-Agent:
      - AZURECLI/2.23.0 azsdk-python-azure-mgmt-network/18.0.0 Python/3.7.3 (Windows-10-10.0.19041-SP0)
    method: GET
    uri: https://management.azure.com/subscriptions/00000000-0000-0000-0000-000000000000/providers/Microsoft.Network/locations/westus/operations/40f4ba88-d3dc-4f80-a695-f0af34b0ce1a?api-version=2021-02-01
  response:
    body:
      string: "{\r\n  \"status\": \"Succeeded\"\r\n}"
    headers:
      cache-control:
      - no-cache
      content-length:
      - '29'
      content-type:
      - application/json; charset=utf-8
      date:
      - Fri, 14 May 2021 06:18:17 GMT
      expires:
      - '-1'
      pragma:
      - no-cache
      server:
      - Microsoft-HTTPAPI/2.0
      - Microsoft-HTTPAPI/2.0
      strict-transport-security:
      - max-age=31536000; includeSubDomains
      transfer-encoding:
      - chunked
      vary:
      - Accept-Encoding
      x-content-type-options:
      - nosniff
      x-ms-arm-service-request-id:
      - 2db5eaca-3a0a-4aae-8909-2fcd546e50f7
    status:
      code: 200
      message: OK
- request:
    body: null
    headers:
      Accept:
      - '*/*'
      Accept-Encoding:
      - gzip, deflate
      CommandName:
      - network vnet create
      Connection:
      - keep-alive
      ParameterSetName:
      - -g -n --address-prefix --subnet-name --subnet-prefix
      User-Agent:
      - AZURECLI/2.23.0 azsdk-python-azure-mgmt-network/18.0.0 Python/3.7.3 (Windows-10-10.0.19041-SP0)
    method: GET
    uri: https://management.azure.com/subscriptions/00000000-0000-0000-0000-000000000000/resourceGroups/cli_test_active_active_cross_premise_connection000001/providers/Microsoft.Network/virtualNetworks/vnet1?api-version=2021-02-01
  response:
    body:
      string: "{\r\n  \"name\": \"vnet1\",\r\n  \"id\": \"/subscriptions/00000000-0000-0000-0000-000000000000/resourceGroups/cli_test_active_active_cross_premise_connection000001/providers/Microsoft.Network/virtualNetworks/vnet1\",\r\n
        \ \"etag\": \"W/\\\"f200f947-d90e-4987-90e1-3567fa16477c\\\"\",\r\n  \"type\":
        \"Microsoft.Network/virtualNetworks\",\r\n  \"location\": \"westus\",\r\n
        \ \"tags\": {},\r\n  \"properties\": {\r\n    \"provisioningState\": \"Succeeded\",\r\n
        \   \"resourceGuid\": \"23255515-dbe3-4ae1-bbe9-2cb8b20c2ba0\",\r\n    \"addressSpace\":
        {\r\n      \"addressPrefixes\": [\r\n        \"10.11.0.0/16\",\r\n        \"10.12.0.0/16\"\r\n
        \     ]\r\n    },\r\n    \"dhcpOptions\": {\r\n      \"dnsServers\": []\r\n
        \   },\r\n    \"subnets\": [\r\n      {\r\n        \"name\": \"GatewaySubnet\",\r\n
        \       \"id\": \"/subscriptions/00000000-0000-0000-0000-000000000000/resourceGroups/cli_test_active_active_cross_premise_connection000001/providers/Microsoft.Network/virtualNetworks/vnet1/subnets/GatewaySubnet\",\r\n
        \       \"etag\": \"W/\\\"f200f947-d90e-4987-90e1-3567fa16477c\\\"\",\r\n
        \       \"properties\": {\r\n          \"provisioningState\": \"Succeeded\",\r\n
        \         \"addressPrefix\": \"10.12.255.0/27\",\r\n          \"delegations\":
        [],\r\n          \"privateEndpointNetworkPolicies\": \"Enabled\",\r\n          \"privateLinkServiceNetworkPolicies\":
        \"Enabled\"\r\n        },\r\n        \"type\": \"Microsoft.Network/virtualNetworks/subnets\"\r\n
        \     }\r\n    ],\r\n    \"virtualNetworkPeerings\": [],\r\n    \"enableDdosProtection\":
        false\r\n  }\r\n}"
    headers:
      cache-control:
      - no-cache
      content-length:
      - '1446'
      content-type:
      - application/json; charset=utf-8
      date:
      - Fri, 14 May 2021 06:18:17 GMT
      etag:
      - W/"f200f947-d90e-4987-90e1-3567fa16477c"
      expires:
      - '-1'
      pragma:
      - no-cache
      server:
      - Microsoft-HTTPAPI/2.0
      - Microsoft-HTTPAPI/2.0
      strict-transport-security:
      - max-age=31536000; includeSubDomains
      transfer-encoding:
      - chunked
      vary:
      - Accept-Encoding
      x-content-type-options:
      - nosniff
      x-ms-arm-service-request-id:
      - 4ed7b2b0-4fb2-4f47-9cf5-98750d2bcfbb
    status:
      code: 200
      message: OK
- request:
    body: null
    headers:
      Accept:
      - application/json
      Accept-Encoding:
      - gzip, deflate
      CommandName:
      - network public-ip create
      Connection:
      - keep-alive
      ParameterSetName:
      - -g -n
      User-Agent:
      - AZURECLI/2.23.0 azsdk-python-azure-mgmt-resource/16.1.0 Python/3.7.3 (Windows-10-10.0.19041-SP0)
    method: GET
    uri: https://management.azure.com/subscriptions/00000000-0000-0000-0000-000000000000/resourcegroups/cli_test_active_active_cross_premise_connection000001?api-version=2021-04-01
  response:
    body:
      string: '{"id":"/subscriptions/00000000-0000-0000-0000-000000000000/resourceGroups/cli_test_active_active_cross_premise_connection000001","name":"cli_test_active_active_cross_premise_connection000001","type":"Microsoft.Resources/resourceGroups","location":"westus","tags":{"product":"azurecli","cause":"automation","date":"2021-05-14T06:18:07Z"},"properties":{"provisioningState":"Succeeded"}}'
    headers:
      cache-control:
      - no-cache
      content-length:
      - '428'
      content-type:
      - application/json; charset=utf-8
      date:
      - Fri, 14 May 2021 06:18:18 GMT
      expires:
      - '-1'
      pragma:
      - no-cache
      strict-transport-security:
      - max-age=31536000; includeSubDomains
      vary:
      - Accept-Encoding
      x-content-type-options:
      - nosniff
    status:
      code: 200
      message: OK
- request:
    body: '{"location": "westus", "properties": {"publicIPAllocationMethod": "Dynamic",
      "publicIPAddressVersion": "IPv4", "idleTimeoutInMinutes": 4}}'
    headers:
      Accept:
      - application/json
      Accept-Encoding:
      - gzip, deflate
      CommandName:
      - network public-ip create
      Connection:
      - keep-alive
      Content-Length:
      - '138'
      Content-Type:
      - application/json
      ParameterSetName:
      - -g -n
      User-Agent:
      - AZURECLI/2.23.0 azsdk-python-azure-mgmt-network/18.0.0 Python/3.7.3 (Windows-10-10.0.19041-SP0)
    method: PUT
    uri: https://management.azure.com/subscriptions/00000000-0000-0000-0000-000000000000/resourceGroups/cli_test_active_active_cross_premise_connection000001/providers/Microsoft.Network/publicIPAddresses/gwip1?api-version=2021-02-01
  response:
    body:
      string: "{\r\n  \"name\": \"gwip1\",\r\n  \"id\": \"/subscriptions/00000000-0000-0000-0000-000000000000/resourceGroups/cli_test_active_active_cross_premise_connection000001/providers/Microsoft.Network/publicIPAddresses/gwip1\",\r\n
        \ \"etag\": \"W/\\\"e4adb967-d430-4a0f-9168-b015fad4304d\\\"\",\r\n  \"location\":
        \"westus\",\r\n  \"properties\": {\r\n    \"provisioningState\": \"Updating\",\r\n
        \   \"resourceGuid\": \"0711db6f-f673-4870-b148-ff1cab39f189\",\r\n    \"publicIPAddressVersion\":
        \"IPv4\",\r\n    \"publicIPAllocationMethod\": \"Dynamic\",\r\n    \"idleTimeoutInMinutes\":
        4,\r\n    \"ipTags\": []\r\n  },\r\n  \"type\": \"Microsoft.Network/publicIPAddresses\",\r\n
        \ \"sku\": {\r\n    \"name\": \"Basic\",\r\n    \"tier\": \"Regional\"\r\n
        \ }\r\n}"
    headers:
      azure-asyncnotification:
      - Enabled
      azure-asyncoperation:
      - https://management.azure.com/subscriptions/00000000-0000-0000-0000-000000000000/providers/Microsoft.Network/locations/westus/operations/6a2c7543-98e0-435b-b998-8287fc61e2a2?api-version=2021-02-01
      cache-control:
      - no-cache
      content-length:
      - '683'
      content-type:
      - application/json; charset=utf-8
      date:
      - Fri, 14 May 2021 06:18:24 GMT
      expires:
      - '-1'
      pragma:
      - no-cache
      server:
      - Microsoft-HTTPAPI/2.0
      - Microsoft-HTTPAPI/2.0
      strict-transport-security:
      - max-age=31536000; includeSubDomains
      x-content-type-options:
      - nosniff
      x-ms-arm-service-request-id:
      - 8c6bd98a-5ac4-4988-80f0-52432e103329
      x-ms-ratelimit-remaining-subscription-writes:
      - '1179'
    status:
      code: 201
      message: Created
- request:
    body: null
    headers:
      Accept:
      - '*/*'
      Accept-Encoding:
      - gzip, deflate
      CommandName:
      - network public-ip create
      Connection:
      - keep-alive
      ParameterSetName:
      - -g -n
      User-Agent:
      - AZURECLI/2.23.0 azsdk-python-azure-mgmt-network/18.0.0 Python/3.7.3 (Windows-10-10.0.19041-SP0)
    method: GET
    uri: https://management.azure.com/subscriptions/00000000-0000-0000-0000-000000000000/providers/Microsoft.Network/locations/westus/operations/6a2c7543-98e0-435b-b998-8287fc61e2a2?api-version=2021-02-01
  response:
    body:
      string: "{\r\n  \"status\": \"Succeeded\"\r\n}"
    headers:
      cache-control:
      - no-cache
      content-length:
      - '29'
      content-type:
      - application/json; charset=utf-8
      date:
      - Fri, 14 May 2021 06:18:25 GMT
      expires:
      - '-1'
      pragma:
      - no-cache
      server:
      - Microsoft-HTTPAPI/2.0
      - Microsoft-HTTPAPI/2.0
      strict-transport-security:
      - max-age=31536000; includeSubDomains
      transfer-encoding:
      - chunked
      vary:
      - Accept-Encoding
      x-content-type-options:
      - nosniff
      x-ms-arm-service-request-id:
      - 5903b302-7433-4689-bc64-9e6e6ac42500
    status:
      code: 200
      message: OK
- request:
    body: null
    headers:
      Accept:
      - '*/*'
      Accept-Encoding:
      - gzip, deflate
      CommandName:
      - network public-ip create
      Connection:
      - keep-alive
      ParameterSetName:
      - -g -n
      User-Agent:
      - AZURECLI/2.23.0 azsdk-python-azure-mgmt-network/18.0.0 Python/3.7.3 (Windows-10-10.0.19041-SP0)
    method: GET
    uri: https://management.azure.com/subscriptions/00000000-0000-0000-0000-000000000000/resourceGroups/cli_test_active_active_cross_premise_connection000001/providers/Microsoft.Network/publicIPAddresses/gwip1?api-version=2021-02-01
  response:
    body:
      string: "{\r\n  \"name\": \"gwip1\",\r\n  \"id\": \"/subscriptions/00000000-0000-0000-0000-000000000000/resourceGroups/cli_test_active_active_cross_premise_connection000001/providers/Microsoft.Network/publicIPAddresses/gwip1\",\r\n
        \ \"etag\": \"W/\\\"542da954-992b-4ccb-b50b-9feb6d6c817d\\\"\",\r\n  \"location\":
        \"westus\",\r\n  \"properties\": {\r\n    \"provisioningState\": \"Succeeded\",\r\n
        \   \"resourceGuid\": \"0711db6f-f673-4870-b148-ff1cab39f189\",\r\n    \"publicIPAddressVersion\":
        \"IPv4\",\r\n    \"publicIPAllocationMethod\": \"Dynamic\",\r\n    \"idleTimeoutInMinutes\":
        4,\r\n    \"ipTags\": []\r\n  },\r\n  \"type\": \"Microsoft.Network/publicIPAddresses\",\r\n
        \ \"sku\": {\r\n    \"name\": \"Basic\",\r\n    \"tier\": \"Regional\"\r\n
        \ }\r\n}"
    headers:
      cache-control:
      - no-cache
      content-length:
      - '684'
      content-type:
      - application/json; charset=utf-8
      date:
      - Fri, 14 May 2021 06:18:26 GMT
      etag:
      - W/"542da954-992b-4ccb-b50b-9feb6d6c817d"
      expires:
      - '-1'
      pragma:
      - no-cache
      server:
      - Microsoft-HTTPAPI/2.0
      - Microsoft-HTTPAPI/2.0
      strict-transport-security:
      - max-age=31536000; includeSubDomains
      transfer-encoding:
      - chunked
      vary:
      - Accept-Encoding
      x-content-type-options:
      - nosniff
      x-ms-arm-service-request-id:
      - 010d2ccf-6c03-453b-b09f-3d8f68f3eb25
    status:
      code: 200
      message: OK
- request:
    body: null
    headers:
      Accept:
      - application/json
      Accept-Encoding:
      - gzip, deflate
      CommandName:
      - network public-ip create
      Connection:
      - keep-alive
      ParameterSetName:
      - -g -n
      User-Agent:
      - AZURECLI/2.23.0 azsdk-python-azure-mgmt-resource/16.1.0 Python/3.7.3 (Windows-10-10.0.19041-SP0)
    method: GET
    uri: https://management.azure.com/subscriptions/00000000-0000-0000-0000-000000000000/resourcegroups/cli_test_active_active_cross_premise_connection000001?api-version=2021-04-01
  response:
    body:
      string: '{"id":"/subscriptions/00000000-0000-0000-0000-000000000000/resourceGroups/cli_test_active_active_cross_premise_connection000001","name":"cli_test_active_active_cross_premise_connection000001","type":"Microsoft.Resources/resourceGroups","location":"westus","tags":{"product":"azurecli","cause":"automation","date":"2021-05-14T06:18:07Z"},"properties":{"provisioningState":"Succeeded"}}'
    headers:
      cache-control:
      - no-cache
      content-length:
      - '428'
      content-type:
      - application/json; charset=utf-8
      date:
      - Fri, 14 May 2021 06:18:27 GMT
      expires:
      - '-1'
      pragma:
      - no-cache
      strict-transport-security:
      - max-age=31536000; includeSubDomains
      vary:
      - Accept-Encoding
      x-content-type-options:
      - nosniff
    status:
      code: 200
      message: OK
- request:
    body: '{"location": "westus", "properties": {"publicIPAllocationMethod": "Dynamic",
      "publicIPAddressVersion": "IPv4", "idleTimeoutInMinutes": 4}}'
    headers:
      Accept:
      - application/json
      Accept-Encoding:
      - gzip, deflate
      CommandName:
      - network public-ip create
      Connection:
      - keep-alive
      Content-Length:
      - '138'
      Content-Type:
      - application/json
      ParameterSetName:
      - -g -n
      User-Agent:
      - AZURECLI/2.23.0 azsdk-python-azure-mgmt-network/18.0.0 Python/3.7.3 (Windows-10-10.0.19041-SP0)
    method: PUT
    uri: https://management.azure.com/subscriptions/00000000-0000-0000-0000-000000000000/resourceGroups/cli_test_active_active_cross_premise_connection000001/providers/Microsoft.Network/publicIPAddresses/gwip2?api-version=2021-02-01
  response:
    body:
      string: "{\r\n  \"name\": \"gwip2\",\r\n  \"id\": \"/subscriptions/00000000-0000-0000-0000-000000000000/resourceGroups/cli_test_active_active_cross_premise_connection000001/providers/Microsoft.Network/publicIPAddresses/gwip2\",\r\n
        \ \"etag\": \"W/\\\"3511f91f-f3d0-45ce-936e-3ef18af77cbc\\\"\",\r\n  \"location\":
        \"westus\",\r\n  \"properties\": {\r\n    \"provisioningState\": \"Updating\",\r\n
        \   \"resourceGuid\": \"665b65b0-32ca-4baf-baf7-01b0713b6a77\",\r\n    \"publicIPAddressVersion\":
        \"IPv4\",\r\n    \"publicIPAllocationMethod\": \"Dynamic\",\r\n    \"idleTimeoutInMinutes\":
        4,\r\n    \"ipTags\": []\r\n  },\r\n  \"type\": \"Microsoft.Network/publicIPAddresses\",\r\n
        \ \"sku\": {\r\n    \"name\": \"Basic\",\r\n    \"tier\": \"Regional\"\r\n
        \ }\r\n}"
    headers:
      azure-asyncnotification:
      - Enabled
      azure-asyncoperation:
      - https://management.azure.com/subscriptions/00000000-0000-0000-0000-000000000000/providers/Microsoft.Network/locations/westus/operations/856f25b2-52ac-49f2-acc6-05521c29d113?api-version=2021-02-01
      cache-control:
      - no-cache
      content-length:
      - '683'
      content-type:
      - application/json; charset=utf-8
      date:
      - Fri, 14 May 2021 06:18:33 GMT
      expires:
      - '-1'
      pragma:
      - no-cache
      server:
      - Microsoft-HTTPAPI/2.0
      - Microsoft-HTTPAPI/2.0
      strict-transport-security:
      - max-age=31536000; includeSubDomains
      x-content-type-options:
      - nosniff
      x-ms-arm-service-request-id:
      - 9252ed27-66ec-4905-be29-e032cd1e7b1c
      x-ms-ratelimit-remaining-subscription-writes:
      - '1182'
    status:
      code: 201
      message: Created
- request:
    body: null
    headers:
      Accept:
      - '*/*'
      Accept-Encoding:
      - gzip, deflate
      CommandName:
      - network public-ip create
      Connection:
      - keep-alive
      ParameterSetName:
      - -g -n
      User-Agent:
      - AZURECLI/2.23.0 azsdk-python-azure-mgmt-network/18.0.0 Python/3.7.3 (Windows-10-10.0.19041-SP0)
    method: GET
    uri: https://management.azure.com/subscriptions/00000000-0000-0000-0000-000000000000/providers/Microsoft.Network/locations/westus/operations/856f25b2-52ac-49f2-acc6-05521c29d113?api-version=2021-02-01
  response:
    body:
      string: "{\r\n  \"status\": \"Succeeded\"\r\n}"
    headers:
      cache-control:
      - no-cache
      content-length:
      - '29'
      content-type:
      - application/json; charset=utf-8
      date:
      - Fri, 14 May 2021 06:18:34 GMT
      expires:
      - '-1'
      pragma:
      - no-cache
      server:
      - Microsoft-HTTPAPI/2.0
      - Microsoft-HTTPAPI/2.0
      strict-transport-security:
      - max-age=31536000; includeSubDomains
      transfer-encoding:
      - chunked
      vary:
      - Accept-Encoding
      x-content-type-options:
      - nosniff
      x-ms-arm-service-request-id:
      - ef1eeb30-eb1a-4894-84cc-aaf6784a1cf4
    status:
      code: 200
      message: OK
- request:
    body: null
    headers:
      Accept:
      - '*/*'
      Accept-Encoding:
      - gzip, deflate
      CommandName:
      - network public-ip create
      Connection:
      - keep-alive
      ParameterSetName:
      - -g -n
      User-Agent:
      - AZURECLI/2.23.0 azsdk-python-azure-mgmt-network/18.0.0 Python/3.7.3 (Windows-10-10.0.19041-SP0)
    method: GET
    uri: https://management.azure.com/subscriptions/00000000-0000-0000-0000-000000000000/resourceGroups/cli_test_active_active_cross_premise_connection000001/providers/Microsoft.Network/publicIPAddresses/gwip2?api-version=2021-02-01
  response:
    body:
      string: "{\r\n  \"name\": \"gwip2\",\r\n  \"id\": \"/subscriptions/00000000-0000-0000-0000-000000000000/resourceGroups/cli_test_active_active_cross_premise_connection000001/providers/Microsoft.Network/publicIPAddresses/gwip2\",\r\n
        \ \"etag\": \"W/\\\"21c6bde7-a97f-4d85-8f3d-0c8c443bc664\\\"\",\r\n  \"location\":
        \"westus\",\r\n  \"properties\": {\r\n    \"provisioningState\": \"Succeeded\",\r\n
        \   \"resourceGuid\": \"665b65b0-32ca-4baf-baf7-01b0713b6a77\",\r\n    \"publicIPAddressVersion\":
        \"IPv4\",\r\n    \"publicIPAllocationMethod\": \"Dynamic\",\r\n    \"idleTimeoutInMinutes\":
        4,\r\n    \"ipTags\": []\r\n  },\r\n  \"type\": \"Microsoft.Network/publicIPAddresses\",\r\n
        \ \"sku\": {\r\n    \"name\": \"Basic\",\r\n    \"tier\": \"Regional\"\r\n
        \ }\r\n}"
    headers:
      cache-control:
      - no-cache
      content-length:
      - '684'
      content-type:
      - application/json; charset=utf-8
      date:
      - Fri, 14 May 2021 06:18:35 GMT
      etag:
      - W/"21c6bde7-a97f-4d85-8f3d-0c8c443bc664"
      expires:
      - '-1'
      pragma:
      - no-cache
      server:
      - Microsoft-HTTPAPI/2.0
      - Microsoft-HTTPAPI/2.0
      strict-transport-security:
      - max-age=31536000; includeSubDomains
      transfer-encoding:
      - chunked
      vary:
      - Accept-Encoding
      x-content-type-options:
      - nosniff
      x-ms-arm-service-request-id:
      - 28f8ecf6-14a1-48d6-a181-7e918b6cd055
    status:
      code: 200
      message: OK
- request:
    body: null
    headers:
      Accept:
      - application/json
      Accept-Encoding:
      - gzip, deflate
      CommandName:
      - network vnet-gateway create
      Connection:
      - keep-alive
      ParameterSetName:
      - -g -n --vnet --sku --asn --public-ip-addresses --tags
      User-Agent:
      - AZURECLI/2.23.0 azsdk-python-azure-mgmt-resource/16.1.0 Python/3.7.3 (Windows-10-10.0.19041-SP0)
    method: GET
    uri: https://management.azure.com/subscriptions/00000000-0000-0000-0000-000000000000/resourcegroups/cli_test_active_active_cross_premise_connection000001?api-version=2021-04-01
  response:
    body:
      string: '{"id":"/subscriptions/00000000-0000-0000-0000-000000000000/resourceGroups/cli_test_active_active_cross_premise_connection000001","name":"cli_test_active_active_cross_premise_connection000001","type":"Microsoft.Resources/resourceGroups","location":"westus","tags":{"product":"azurecli","cause":"automation","date":"2021-05-14T06:18:07Z"},"properties":{"provisioningState":"Succeeded"}}'
    headers:
      cache-control:
      - no-cache
      content-length:
      - '428'
      content-type:
      - application/json; charset=utf-8
      date:
      - Fri, 14 May 2021 06:18:35 GMT
      expires:
      - '-1'
      pragma:
      - no-cache
      strict-transport-security:
      - max-age=31536000; includeSubDomains
      vary:
      - Accept-Encoding
      x-content-type-options:
      - nosniff
    status:
      code: 200
      message: OK
- request:
    body: '{"location": "westus", "tags": {"foo": "doo"}, "properties": {"ipConfigurations":
      [{"name": "vnetGatewayConfig0", "properties": {"privateIPAllocationMethod":
      "Dynamic", "subnet": {"id": "/subscriptions/00000000-0000-0000-0000-000000000000/resourceGroups/cli_test_active_active_cross_premise_connection000001/providers/Microsoft.Network/virtualNetworks/vnet1/subnets/GatewaySubnet"},
      "publicIPAddress": {"id": "/subscriptions/00000000-0000-0000-0000-000000000000/resourceGroups/cli_test_active_active_cross_premise_connection000001/providers/Microsoft.Network/publicIPAddresses/gwip1"}}},
      {"name": "vnetGatewayConfig1", "properties": {"privateIPAllocationMethod": "Dynamic",
      "subnet": {"id": "/subscriptions/00000000-0000-0000-0000-000000000000/resourceGroups/cli_test_active_active_cross_premise_connection000001/providers/Microsoft.Network/virtualNetworks/vnet1/subnets/GatewaySubnet"},
      "publicIPAddress": {"id": "/subscriptions/00000000-0000-0000-0000-000000000000/resourceGroups/cli_test_active_active_cross_premise_connection000001/providers/Microsoft.Network/publicIPAddresses/gwip2"}}}],
      "gatewayType": "Vpn", "vpnType": "RouteBased", "enableBgp": true, "activeActive":
      true, "sku": {"name": "HighPerformance", "tier": "HighPerformance"}, "bgpSettings":
      {"asn": 65010}}}'
    headers:
      Accept:
      - application/json
      Accept-Encoding:
      - gzip, deflate
      CommandName:
      - network vnet-gateway create
      Connection:
      - keep-alive
      Content-Length:
      - '1364'
      Content-Type:
      - application/json
      ParameterSetName:
      - -g -n --vnet --sku --asn --public-ip-addresses --tags
      User-Agent:
      - AZURECLI/2.23.0 azsdk-python-azure-mgmt-network/18.0.0 Python/3.7.3 (Windows-10-10.0.19041-SP0)
    method: PUT
    uri: https://management.azure.com/subscriptions/00000000-0000-0000-0000-000000000000/resourceGroups/cli_test_active_active_cross_premise_connection000001/providers/Microsoft.Network/virtualNetworkGateways/gw1?api-version=2021-02-01
  response:
    body:
      string: "{\r\n  \"name\": \"gw1\",\r\n  \"id\": \"/subscriptions/00000000-0000-0000-0000-000000000000/resourceGroups/cli_test_active_active_cross_premise_connection000001/providers/Microsoft.Network/virtualNetworkGateways/gw1\",\r\n
        \ \"etag\": \"W/\\\"b89a8ad8-08da-457f-8853-b691db81dfd4\\\"\",\r\n  \"type\":
        \"Microsoft.Network/virtualNetworkGateways\",\r\n  \"location\": \"westus\",\r\n
        \ \"tags\": {\r\n    \"foo\": \"doo\"\r\n  },\r\n  \"properties\": {\r\n    \"provisioningState\":
        \"Updating\",\r\n    \"resourceGuid\": \"2b78bd7e-d134-45d6-a03e-ef764ec3b84a\",\r\n
        \   \"packetCaptureDiagnosticState\": \"None\",\r\n    \"enablePrivateIpAddress\":
        false,\r\n    \"ipConfigurations\": [\r\n      {\r\n        \"name\": \"vnetGatewayConfig0\",\r\n
        \       \"id\": \"/subscriptions/00000000-0000-0000-0000-000000000000/resourceGroups/cli_test_active_active_cross_premise_connection000001/providers/Microsoft.Network/virtualNetworkGateways/gw1/ipConfigurations/vnetGatewayConfig0\",\r\n
        \       \"etag\": \"W/\\\"b89a8ad8-08da-457f-8853-b691db81dfd4\\\"\",\r\n
        \       \"type\": \"Microsoft.Network/virtualNetworkGateways/ipConfigurations\",\r\n
        \       \"properties\": {\r\n          \"provisioningState\": \"Updating\",\r\n
        \         \"privateIPAllocationMethod\": \"Dynamic\",\r\n          \"publicIPAddress\":
        {\r\n            \"id\": \"/subscriptions/00000000-0000-0000-0000-000000000000/resourceGroups/cli_test_active_active_cross_premise_connection000001/providers/Microsoft.Network/publicIPAddresses/gwip1\"\r\n
        \         },\r\n          \"subnet\": {\r\n            \"id\": \"/subscriptions/00000000-0000-0000-0000-000000000000/resourceGroups/cli_test_active_active_cross_premise_connection000001/providers/Microsoft.Network/virtualNetworks/vnet1/subnets/GatewaySubnet\"\r\n
        \         }\r\n        }\r\n      },\r\n      {\r\n        \"name\": \"vnetGatewayConfig1\",\r\n
        \       \"id\": \"/subscriptions/00000000-0000-0000-0000-000000000000/resourceGroups/cli_test_active_active_cross_premise_connection000001/providers/Microsoft.Network/virtualNetworkGateways/gw1/ipConfigurations/vnetGatewayConfig1\",\r\n
        \       \"etag\": \"W/\\\"b89a8ad8-08da-457f-8853-b691db81dfd4\\\"\",\r\n
        \       \"type\": \"Microsoft.Network/virtualNetworkGateways/ipConfigurations\",\r\n
        \       \"properties\": {\r\n          \"provisioningState\": \"Updating\",\r\n
        \         \"privateIPAllocationMethod\": \"Dynamic\",\r\n          \"publicIPAddress\":
        {\r\n            \"id\": \"/subscriptions/00000000-0000-0000-0000-000000000000/resourceGroups/cli_test_active_active_cross_premise_connection000001/providers/Microsoft.Network/publicIPAddresses/gwip2\"\r\n
        \         },\r\n          \"subnet\": {\r\n            \"id\": \"/subscriptions/00000000-0000-0000-0000-000000000000/resourceGroups/cli_test_active_active_cross_premise_connection000001/providers/Microsoft.Network/virtualNetworks/vnet1/subnets/GatewaySubnet\"\r\n
        \         }\r\n        }\r\n      }\r\n    ],\r\n    \"natRules\": [],\r\n
        \   \"enableBgpRouteTranslationForNat\": false,\r\n    \"sku\": {\r\n      \"name\":
        \"HighPerformance\",\r\n      \"tier\": \"HighPerformance\",\r\n      \"capacity\":
        2\r\n    },\r\n    \"gatewayType\": \"Vpn\",\r\n    \"vpnType\": \"RouteBased\",\r\n
        \   \"enableBgp\": true,\r\n    \"activeActive\": true,\r\n    \"vpnClientConfiguration\":
        {\r\n      \"vpnClientProtocols\": [\r\n        \"OpenVPN\",\r\n        \"IkeV2\"\r\n
        \     ],\r\n      \"vpnAuthenticationTypes\": [],\r\n      \"vpnClientRootCertificates\":
        [],\r\n      \"vpnClientRevokedCertificates\": [],\r\n      \"radiusServers\":
        [],\r\n      \"vpnClientIpsecPolicies\": []\r\n    },\r\n    \"bgpSettings\":
        {\r\n      \"asn\": 65010,\r\n      \"peerWeight\": 0,\r\n      \"bgpPeeringAddresses\":
        [\r\n        {\r\n          \"ipconfigurationId\": \"/subscriptions/00000000-0000-0000-0000-000000000000/resourceGroups/cli_test_active_active_cross_premise_connection000001/providers/Microsoft.Network/virtualNetworkGateways/gw1/ipConfigurations/vnetGatewayConfig0\",\r\n
        \         \"defaultBgpIpAddresses\": [],\r\n          \"customBgpIpAddresses\":
        []\r\n        },\r\n        {\r\n          \"ipconfigurationId\": \"/subscriptions/00000000-0000-0000-0000-000000000000/resourceGroups/cli_test_active_active_cross_premise_connection000001/providers/Microsoft.Network/virtualNetworkGateways/gw1/ipConfigurations/vnetGatewayConfig1\",\r\n
        \         \"defaultBgpIpAddresses\": [],\r\n          \"customBgpIpAddresses\":
        []\r\n        }\r\n      ]\r\n    },\r\n    \"vpnGatewayGeneration\": \"Generation1\"\r\n
        \ }\r\n}"
    headers:
      azure-asyncnotification:
      - Enabled
      azure-asyncoperation:
      - https://management.azure.com/subscriptions/00000000-0000-0000-0000-000000000000/providers/Microsoft.Network/locations/westus/operations/9b6058ed-1be8-46f2-ac13-acaa0326ca64?api-version=2021-02-01
      cache-control:
      - no-cache
      content-length:
      - '4366'
      content-type:
      - application/json; charset=utf-8
      date:
      - Fri, 14 May 2021 06:18:42 GMT
      expires:
      - '-1'
      pragma:
      - no-cache
      server:
      - Microsoft-HTTPAPI/2.0
      - Microsoft-HTTPAPI/2.0
      strict-transport-security:
      - max-age=31536000; includeSubDomains
      x-content-type-options:
      - nosniff
      x-ms-arm-service-request-id:
      - bffcee0b-c792-4a5d-97fc-b8b3165d9396
      x-ms-ratelimit-remaining-subscription-writes:
      - '1187'
    status:
      code: 201
      message: Created
- request:
    body: null
    headers:
      Accept:
      - '*/*'
      Accept-Encoding:
      - gzip, deflate
      CommandName:
      - network vnet-gateway create
      Connection:
      - keep-alive
      ParameterSetName:
      - -g -n --vnet --sku --asn --public-ip-addresses --tags
      User-Agent:
      - AZURECLI/2.23.0 azsdk-python-azure-mgmt-network/18.0.0 Python/3.7.3 (Windows-10-10.0.19041-SP0)
    method: GET
    uri: https://management.azure.com/subscriptions/00000000-0000-0000-0000-000000000000/providers/Microsoft.Network/locations/westus/operations/9b6058ed-1be8-46f2-ac13-acaa0326ca64?api-version=2021-02-01
  response:
    body:
      string: "{\r\n  \"status\": \"InProgress\"\r\n}"
    headers:
      cache-control:
      - no-cache
      content-length:
      - '30'
      content-type:
      - application/json; charset=utf-8
      date:
      - Fri, 14 May 2021 06:18:53 GMT
      expires:
      - '-1'
      pragma:
      - no-cache
      server:
      - Microsoft-HTTPAPI/2.0
      - Microsoft-HTTPAPI/2.0
      strict-transport-security:
      - max-age=31536000; includeSubDomains
      transfer-encoding:
      - chunked
      vary:
      - Accept-Encoding
      x-content-type-options:
      - nosniff
      x-ms-arm-service-request-id:
      - 0e02fbcf-299e-41e3-86ca-0d4ccc64cee5
    status:
      code: 200
      message: OK
- request:
    body: null
    headers:
      Accept:
      - '*/*'
      Accept-Encoding:
      - gzip, deflate
      CommandName:
      - network vnet-gateway create
      Connection:
      - keep-alive
      ParameterSetName:
      - -g -n --vnet --sku --asn --public-ip-addresses --tags
      User-Agent:
      - AZURECLI/2.23.0 azsdk-python-azure-mgmt-network/18.0.0 Python/3.7.3 (Windows-10-10.0.19041-SP0)
    method: GET
    uri: https://management.azure.com/subscriptions/00000000-0000-0000-0000-000000000000/providers/Microsoft.Network/locations/westus/operations/9b6058ed-1be8-46f2-ac13-acaa0326ca64?api-version=2021-02-01
  response:
    body:
      string: "{\r\n  \"status\": \"InProgress\"\r\n}"
    headers:
      cache-control:
      - no-cache
      content-length:
      - '30'
      content-type:
      - application/json; charset=utf-8
      date:
      - Fri, 14 May 2021 06:19:03 GMT
      expires:
      - '-1'
      pragma:
      - no-cache
      server:
      - Microsoft-HTTPAPI/2.0
      - Microsoft-HTTPAPI/2.0
      strict-transport-security:
      - max-age=31536000; includeSubDomains
      transfer-encoding:
      - chunked
      vary:
      - Accept-Encoding
      x-content-type-options:
      - nosniff
      x-ms-arm-service-request-id:
      - 811f4280-ae8d-461a-9a3d-6bda6c39734d
    status:
      code: 200
      message: OK
- request:
    body: null
    headers:
      Accept:
      - '*/*'
      Accept-Encoding:
      - gzip, deflate
      CommandName:
      - network vnet-gateway create
      Connection:
      - keep-alive
      ParameterSetName:
      - -g -n --vnet --sku --asn --public-ip-addresses --tags
      User-Agent:
      - AZURECLI/2.23.0 azsdk-python-azure-mgmt-network/18.0.0 Python/3.7.3 (Windows-10-10.0.19041-SP0)
    method: GET
    uri: https://management.azure.com/subscriptions/00000000-0000-0000-0000-000000000000/providers/Microsoft.Network/locations/westus/operations/9b6058ed-1be8-46f2-ac13-acaa0326ca64?api-version=2021-02-01
  response:
    body:
      string: "{\r\n  \"status\": \"InProgress\"\r\n}"
    headers:
      cache-control:
      - no-cache
      content-length:
      - '30'
      content-type:
      - application/json; charset=utf-8
      date:
      - Fri, 14 May 2021 06:19:24 GMT
      expires:
      - '-1'
      pragma:
      - no-cache
      server:
      - Microsoft-HTTPAPI/2.0
      - Microsoft-HTTPAPI/2.0
      strict-transport-security:
      - max-age=31536000; includeSubDomains
      transfer-encoding:
      - chunked
      vary:
      - Accept-Encoding
      x-content-type-options:
      - nosniff
      x-ms-arm-service-request-id:
      - 9f0fa540-4d8a-405d-a1f4-053cfe8a7f97
    status:
      code: 200
      message: OK
- request:
    body: null
    headers:
      Accept:
      - '*/*'
      Accept-Encoding:
      - gzip, deflate
      CommandName:
      - network vnet-gateway create
      Connection:
      - keep-alive
      ParameterSetName:
      - -g -n --vnet --sku --asn --public-ip-addresses --tags
      User-Agent:
      - AZURECLI/2.23.0 azsdk-python-azure-mgmt-network/18.0.0 Python/3.7.3 (Windows-10-10.0.19041-SP0)
    method: GET
    uri: https://management.azure.com/subscriptions/00000000-0000-0000-0000-000000000000/providers/Microsoft.Network/locations/westus/operations/9b6058ed-1be8-46f2-ac13-acaa0326ca64?api-version=2021-02-01
  response:
    body:
      string: "{\r\n  \"status\": \"InProgress\"\r\n}"
    headers:
      cache-control:
      - no-cache
      content-length:
      - '30'
      content-type:
      - application/json; charset=utf-8
      date:
      - Fri, 14 May 2021 06:19:44 GMT
      expires:
      - '-1'
      pragma:
      - no-cache
      server:
      - Microsoft-HTTPAPI/2.0
      - Microsoft-HTTPAPI/2.0
      strict-transport-security:
      - max-age=31536000; includeSubDomains
      transfer-encoding:
      - chunked
      vary:
      - Accept-Encoding
      x-content-type-options:
      - nosniff
      x-ms-arm-service-request-id:
      - 0b40a38e-d2a7-4ed3-8c92-0868fd825a47
    status:
      code: 200
      message: OK
- request:
    body: null
    headers:
      Accept:
      - '*/*'
      Accept-Encoding:
      - gzip, deflate
      CommandName:
      - network vnet-gateway create
      Connection:
      - keep-alive
      ParameterSetName:
      - -g -n --vnet --sku --asn --public-ip-addresses --tags
      User-Agent:
      - AZURECLI/2.23.0 azsdk-python-azure-mgmt-network/18.0.0 Python/3.7.3 (Windows-10-10.0.19041-SP0)
    method: GET
    uri: https://management.azure.com/subscriptions/00000000-0000-0000-0000-000000000000/providers/Microsoft.Network/locations/westus/operations/9b6058ed-1be8-46f2-ac13-acaa0326ca64?api-version=2021-02-01
  response:
    body:
      string: "{\r\n  \"status\": \"InProgress\"\r\n}"
    headers:
      cache-control:
      - no-cache
      content-length:
      - '30'
      content-type:
      - application/json; charset=utf-8
      date:
      - Fri, 14 May 2021 06:20:24 GMT
      expires:
      - '-1'
      pragma:
      - no-cache
      server:
      - Microsoft-HTTPAPI/2.0
      - Microsoft-HTTPAPI/2.0
      strict-transport-security:
      - max-age=31536000; includeSubDomains
      transfer-encoding:
      - chunked
      vary:
      - Accept-Encoding
      x-content-type-options:
      - nosniff
      x-ms-arm-service-request-id:
      - a5ca18a6-7179-4c4c-8ec5-5b673b8ba84a
    status:
      code: 200
      message: OK
- request:
    body: null
    headers:
      Accept:
      - '*/*'
      Accept-Encoding:
      - gzip, deflate
      CommandName:
      - network vnet-gateway create
      Connection:
      - keep-alive
      ParameterSetName:
      - -g -n --vnet --sku --asn --public-ip-addresses --tags
      User-Agent:
      - AZURECLI/2.23.0 azsdk-python-azure-mgmt-network/18.0.0 Python/3.7.3 (Windows-10-10.0.19041-SP0)
    method: GET
    uri: https://management.azure.com/subscriptions/00000000-0000-0000-0000-000000000000/providers/Microsoft.Network/locations/westus/operations/9b6058ed-1be8-46f2-ac13-acaa0326ca64?api-version=2021-02-01
  response:
    body:
      string: "{\r\n  \"status\": \"InProgress\"\r\n}"
    headers:
      cache-control:
      - no-cache
      content-length:
      - '30'
      content-type:
      - application/json; charset=utf-8
      date:
      - Fri, 14 May 2021 06:21:05 GMT
      expires:
      - '-1'
      pragma:
      - no-cache
      server:
      - Microsoft-HTTPAPI/2.0
      - Microsoft-HTTPAPI/2.0
      strict-transport-security:
      - max-age=31536000; includeSubDomains
      transfer-encoding:
      - chunked
      vary:
      - Accept-Encoding
      x-content-type-options:
      - nosniff
      x-ms-arm-service-request-id:
      - d6bc560b-33cf-4951-b619-d2c40f9323fa
    status:
      code: 200
      message: OK
- request:
    body: null
    headers:
      Accept:
      - '*/*'
      Accept-Encoding:
      - gzip, deflate
      CommandName:
      - network vnet-gateway create
      Connection:
      - keep-alive
      ParameterSetName:
      - -g -n --vnet --sku --asn --public-ip-addresses --tags
      User-Agent:
      - AZURECLI/2.23.0 azsdk-python-azure-mgmt-network/18.0.0 Python/3.7.3 (Windows-10-10.0.19041-SP0)
    method: GET
    uri: https://management.azure.com/subscriptions/00000000-0000-0000-0000-000000000000/providers/Microsoft.Network/locations/westus/operations/9b6058ed-1be8-46f2-ac13-acaa0326ca64?api-version=2021-02-01
  response:
    body:
      string: "{\r\n  \"status\": \"InProgress\"\r\n}"
    headers:
      cache-control:
      - no-cache
      content-length:
      - '30'
      content-type:
      - application/json; charset=utf-8
      date:
      - Fri, 14 May 2021 06:22:25 GMT
      expires:
      - '-1'
      pragma:
      - no-cache
      server:
      - Microsoft-HTTPAPI/2.0
      - Microsoft-HTTPAPI/2.0
      strict-transport-security:
      - max-age=31536000; includeSubDomains
      transfer-encoding:
      - chunked
      vary:
      - Accept-Encoding
      x-content-type-options:
      - nosniff
      x-ms-arm-service-request-id:
      - 8e546de4-d0b4-4e7c-b94a-cd3e54605cf6
    status:
      code: 200
      message: OK
- request:
    body: null
    headers:
      Accept:
      - '*/*'
      Accept-Encoding:
      - gzip, deflate
      CommandName:
      - network vnet-gateway create
      Connection:
      - keep-alive
      ParameterSetName:
      - -g -n --vnet --sku --asn --public-ip-addresses --tags
      User-Agent:
      - AZURECLI/2.23.0 azsdk-python-azure-mgmt-network/18.0.0 Python/3.7.3 (Windows-10-10.0.19041-SP0)
    method: GET
    uri: https://management.azure.com/subscriptions/00000000-0000-0000-0000-000000000000/providers/Microsoft.Network/locations/westus/operations/9b6058ed-1be8-46f2-ac13-acaa0326ca64?api-version=2021-02-01
  response:
    body:
      string: "{\r\n  \"status\": \"InProgress\"\r\n}"
    headers:
      cache-control:
      - no-cache
      content-length:
      - '30'
      content-type:
      - application/json; charset=utf-8
      date:
      - Fri, 14 May 2021 06:25:07 GMT
      expires:
      - '-1'
      pragma:
      - no-cache
      server:
      - Microsoft-HTTPAPI/2.0
      - Microsoft-HTTPAPI/2.0
      strict-transport-security:
      - max-age=31536000; includeSubDomains
      transfer-encoding:
      - chunked
      vary:
      - Accept-Encoding
      x-content-type-options:
      - nosniff
      x-ms-arm-service-request-id:
      - 9fd5c72a-8443-453b-91d6-29bec4a531c8
    status:
      code: 200
      message: OK
- request:
    body: null
    headers:
      Accept:
      - '*/*'
      Accept-Encoding:
      - gzip, deflate
      CommandName:
      - network vnet-gateway create
      Connection:
      - keep-alive
      ParameterSetName:
      - -g -n --vnet --sku --asn --public-ip-addresses --tags
      User-Agent:
      - AZURECLI/2.23.0 azsdk-python-azure-mgmt-network/18.0.0 Python/3.7.3 (Windows-10-10.0.19041-SP0)
    method: GET
    uri: https://management.azure.com/subscriptions/00000000-0000-0000-0000-000000000000/providers/Microsoft.Network/locations/westus/operations/9b6058ed-1be8-46f2-ac13-acaa0326ca64?api-version=2021-02-01
  response:
    body:
      string: "{\r\n  \"status\": \"InProgress\"\r\n}"
    headers:
      cache-control:
      - no-cache
      content-length:
      - '30'
      content-type:
      - application/json; charset=utf-8
      date:
      - Fri, 14 May 2021 06:26:49 GMT
      expires:
      - '-1'
      pragma:
      - no-cache
      server:
      - Microsoft-HTTPAPI/2.0
      - Microsoft-HTTPAPI/2.0
      strict-transport-security:
      - max-age=31536000; includeSubDomains
      transfer-encoding:
      - chunked
      vary:
      - Accept-Encoding
      x-content-type-options:
      - nosniff
      x-ms-arm-service-request-id:
      - 63a8ee35-7ac6-4359-a621-a20bcfd66cdd
    status:
      code: 200
      message: OK
- request:
    body: null
    headers:
      Accept:
      - '*/*'
      Accept-Encoding:
      - gzip, deflate
      CommandName:
      - network vnet-gateway create
      Connection:
      - keep-alive
      ParameterSetName:
      - -g -n --vnet --sku --asn --public-ip-addresses --tags
      User-Agent:
      - AZURECLI/2.23.0 azsdk-python-azure-mgmt-network/18.0.0 Python/3.7.3 (Windows-10-10.0.19041-SP0)
    method: GET
    uri: https://management.azure.com/subscriptions/00000000-0000-0000-0000-000000000000/providers/Microsoft.Network/locations/westus/operations/9b6058ed-1be8-46f2-ac13-acaa0326ca64?api-version=2021-02-01
  response:
    body:
      string: "{\r\n  \"status\": \"InProgress\"\r\n}"
    headers:
      cache-control:
      - no-cache
      content-length:
      - '30'
      content-type:
      - application/json; charset=utf-8
      date:
      - Fri, 14 May 2021 06:28:28 GMT
      expires:
      - '-1'
      pragma:
      - no-cache
      server:
      - Microsoft-HTTPAPI/2.0
      - Microsoft-HTTPAPI/2.0
      strict-transport-security:
      - max-age=31536000; includeSubDomains
      transfer-encoding:
      - chunked
      vary:
      - Accept-Encoding
      x-content-type-options:
      - nosniff
      x-ms-arm-service-request-id:
      - 8bf6d207-136a-44d3-8ff9-1c02367dedfb
    status:
      code: 200
      message: OK
- request:
    body: null
    headers:
      Accept:
      - '*/*'
      Accept-Encoding:
      - gzip, deflate
      CommandName:
      - network vnet-gateway create
      Connection:
      - keep-alive
      ParameterSetName:
      - -g -n --vnet --sku --asn --public-ip-addresses --tags
      User-Agent:
      - AZURECLI/2.23.0 azsdk-python-azure-mgmt-network/18.0.0 Python/3.7.3 (Windows-10-10.0.19041-SP0)
    method: GET
    uri: https://management.azure.com/subscriptions/00000000-0000-0000-0000-000000000000/providers/Microsoft.Network/locations/westus/operations/9b6058ed-1be8-46f2-ac13-acaa0326ca64?api-version=2021-02-01
  response:
    body:
      string: "{\r\n  \"status\": \"InProgress\"\r\n}"
    headers:
      cache-control:
      - no-cache
      content-length:
      - '30'
      content-type:
      - application/json; charset=utf-8
      date:
      - Fri, 14 May 2021 06:30:09 GMT
      expires:
      - '-1'
      pragma:
      - no-cache
      server:
      - Microsoft-HTTPAPI/2.0
      - Microsoft-HTTPAPI/2.0
      strict-transport-security:
      - max-age=31536000; includeSubDomains
      transfer-encoding:
      - chunked
      vary:
      - Accept-Encoding
      x-content-type-options:
      - nosniff
      x-ms-arm-service-request-id:
      - 03c8e4d6-9ef5-4fdc-9c1d-6c86ce97cc09
    status:
      code: 200
      message: OK
- request:
    body: null
    headers:
      Accept:
      - '*/*'
      Accept-Encoding:
      - gzip, deflate
      CommandName:
      - network vnet-gateway create
      Connection:
      - keep-alive
      ParameterSetName:
      - -g -n --vnet --sku --asn --public-ip-addresses --tags
      User-Agent:
      - AZURECLI/2.23.0 azsdk-python-azure-mgmt-network/18.0.0 Python/3.7.3 (Windows-10-10.0.19041-SP0)
    method: GET
    uri: https://management.azure.com/subscriptions/00000000-0000-0000-0000-000000000000/providers/Microsoft.Network/locations/westus/operations/9b6058ed-1be8-46f2-ac13-acaa0326ca64?api-version=2021-02-01
  response:
    body:
      string: "{\r\n  \"status\": \"InProgress\"\r\n}"
    headers:
      cache-control:
      - no-cache
      content-length:
      - '30'
      content-type:
      - application/json; charset=utf-8
      date:
      - Fri, 14 May 2021 06:31:50 GMT
      expires:
      - '-1'
      pragma:
      - no-cache
      server:
      - Microsoft-HTTPAPI/2.0
      - Microsoft-HTTPAPI/2.0
      strict-transport-security:
      - max-age=31536000; includeSubDomains
      transfer-encoding:
      - chunked
      vary:
      - Accept-Encoding
      x-content-type-options:
      - nosniff
      x-ms-arm-service-request-id:
      - 00dd9b77-2362-4f8e-9fcc-29e9a180dd59
    status:
      code: 200
      message: OK
- request:
    body: null
    headers:
      Accept:
      - '*/*'
      Accept-Encoding:
      - gzip, deflate
      CommandName:
      - network vnet-gateway create
      Connection:
      - keep-alive
      ParameterSetName:
      - -g -n --vnet --sku --asn --public-ip-addresses --tags
      User-Agent:
      - AZURECLI/2.23.0 azsdk-python-azure-mgmt-network/18.0.0 Python/3.7.3 (Windows-10-10.0.19041-SP0)
    method: GET
    uri: https://management.azure.com/subscriptions/00000000-0000-0000-0000-000000000000/providers/Microsoft.Network/locations/westus/operations/9b6058ed-1be8-46f2-ac13-acaa0326ca64?api-version=2021-02-01
  response:
    body:
      string: "{\r\n  \"status\": \"InProgress\"\r\n}"
    headers:
      cache-control:
      - no-cache
      content-length:
      - '30'
      content-type:
      - application/json; charset=utf-8
      date:
      - Fri, 14 May 2021 06:33:29 GMT
      expires:
      - '-1'
      pragma:
      - no-cache
      server:
      - Microsoft-HTTPAPI/2.0
      - Microsoft-HTTPAPI/2.0
      strict-transport-security:
      - max-age=31536000; includeSubDomains
      transfer-encoding:
      - chunked
      vary:
      - Accept-Encoding
      x-content-type-options:
      - nosniff
      x-ms-arm-service-request-id:
      - d2b34d4a-662a-47dc-9173-06c78080703a
    status:
      code: 200
      message: OK
- request:
    body: null
    headers:
      Accept:
      - '*/*'
      Accept-Encoding:
      - gzip, deflate
      CommandName:
      - network vnet-gateway create
      Connection:
      - keep-alive
      ParameterSetName:
      - -g -n --vnet --sku --asn --public-ip-addresses --tags
      User-Agent:
      - AZURECLI/2.23.0 azsdk-python-azure-mgmt-network/18.0.0 Python/3.7.3 (Windows-10-10.0.19041-SP0)
    method: GET
    uri: https://management.azure.com/subscriptions/00000000-0000-0000-0000-000000000000/providers/Microsoft.Network/locations/westus/operations/9b6058ed-1be8-46f2-ac13-acaa0326ca64?api-version=2021-02-01
  response:
    body:
      string: "{\r\n  \"status\": \"InProgress\"\r\n}"
    headers:
      cache-control:
      - no-cache
      content-length:
      - '30'
      content-type:
      - application/json; charset=utf-8
      date:
      - Fri, 14 May 2021 06:35:10 GMT
      expires:
      - '-1'
      pragma:
      - no-cache
      server:
      - Microsoft-HTTPAPI/2.0
      - Microsoft-HTTPAPI/2.0
      strict-transport-security:
      - max-age=31536000; includeSubDomains
      transfer-encoding:
      - chunked
      vary:
      - Accept-Encoding
      x-content-type-options:
      - nosniff
      x-ms-arm-service-request-id:
      - 0d9dc26e-7995-4805-a053-c34fdecd4ce3
    status:
      code: 200
      message: OK
- request:
    body: null
    headers:
      Accept:
      - '*/*'
      Accept-Encoding:
      - gzip, deflate
      CommandName:
      - network vnet-gateway create
      Connection:
      - keep-alive
      ParameterSetName:
      - -g -n --vnet --sku --asn --public-ip-addresses --tags
      User-Agent:
      - AZURECLI/2.23.0 azsdk-python-azure-mgmt-network/18.0.0 Python/3.7.3 (Windows-10-10.0.19041-SP0)
    method: GET
    uri: https://management.azure.com/subscriptions/00000000-0000-0000-0000-000000000000/providers/Microsoft.Network/locations/westus/operations/9b6058ed-1be8-46f2-ac13-acaa0326ca64?api-version=2021-02-01
  response:
    body:
      string: "{\r\n  \"status\": \"InProgress\"\r\n}"
    headers:
      cache-control:
      - no-cache
      content-length:
      - '30'
      content-type:
      - application/json; charset=utf-8
      date:
      - Fri, 14 May 2021 06:36:50 GMT
      expires:
      - '-1'
      pragma:
      - no-cache
      server:
      - Microsoft-HTTPAPI/2.0
      - Microsoft-HTTPAPI/2.0
      strict-transport-security:
      - max-age=31536000; includeSubDomains
      transfer-encoding:
      - chunked
      vary:
      - Accept-Encoding
      x-content-type-options:
      - nosniff
      x-ms-arm-service-request-id:
      - 57083a9d-aabd-40ba-907b-82d0be5680b9
    status:
      code: 200
      message: OK
- request:
    body: null
    headers:
      Accept:
      - '*/*'
      Accept-Encoding:
      - gzip, deflate
      CommandName:
      - network vnet-gateway create
      Connection:
      - keep-alive
      ParameterSetName:
      - -g -n --vnet --sku --asn --public-ip-addresses --tags
      User-Agent:
      - AZURECLI/2.23.0 azsdk-python-azure-mgmt-network/18.0.0 Python/3.7.3 (Windows-10-10.0.19041-SP0)
    method: GET
    uri: https://management.azure.com/subscriptions/00000000-0000-0000-0000-000000000000/providers/Microsoft.Network/locations/westus/operations/9b6058ed-1be8-46f2-ac13-acaa0326ca64?api-version=2021-02-01
  response:
    body:
      string: "{\r\n  \"status\": \"InProgress\"\r\n}"
    headers:
      cache-control:
      - no-cache
      content-length:
      - '30'
      content-type:
      - application/json; charset=utf-8
      date:
      - Fri, 14 May 2021 06:38:31 GMT
      expires:
      - '-1'
      pragma:
      - no-cache
      server:
      - Microsoft-HTTPAPI/2.0
      - Microsoft-HTTPAPI/2.0
      strict-transport-security:
      - max-age=31536000; includeSubDomains
      transfer-encoding:
      - chunked
      vary:
      - Accept-Encoding
      x-content-type-options:
      - nosniff
      x-ms-arm-service-request-id:
      - 53a04acb-dad4-4a91-bd01-593c799666ca
    status:
      code: 200
      message: OK
- request:
    body: null
    headers:
      Accept:
      - '*/*'
      Accept-Encoding:
      - gzip, deflate
      CommandName:
      - network vnet-gateway create
      Connection:
      - keep-alive
      ParameterSetName:
      - -g -n --vnet --sku --asn --public-ip-addresses --tags
      User-Agent:
      - AZURECLI/2.23.0 azsdk-python-azure-mgmt-network/18.0.0 Python/3.7.3 (Windows-10-10.0.19041-SP0)
    method: GET
    uri: https://management.azure.com/subscriptions/00000000-0000-0000-0000-000000000000/providers/Microsoft.Network/locations/westus/operations/9b6058ed-1be8-46f2-ac13-acaa0326ca64?api-version=2021-02-01
  response:
    body:
      string: "{\r\n  \"status\": \"InProgress\"\r\n}"
    headers:
      cache-control:
      - no-cache
      content-length:
      - '30'
      content-type:
      - application/json; charset=utf-8
      date:
      - Fri, 14 May 2021 06:40:11 GMT
      expires:
      - '-1'
      pragma:
      - no-cache
      server:
      - Microsoft-HTTPAPI/2.0
      - Microsoft-HTTPAPI/2.0
      strict-transport-security:
      - max-age=31536000; includeSubDomains
      transfer-encoding:
      - chunked
      vary:
      - Accept-Encoding
      x-content-type-options:
      - nosniff
      x-ms-arm-service-request-id:
      - f88bcd19-efca-4e7b-a15c-7db6a00d1804
    status:
      code: 200
      message: OK
- request:
    body: null
    headers:
      Accept:
      - '*/*'
      Accept-Encoding:
      - gzip, deflate
      CommandName:
      - network vnet-gateway create
      Connection:
      - keep-alive
      ParameterSetName:
      - -g -n --vnet --sku --asn --public-ip-addresses --tags
      User-Agent:
      - AZURECLI/2.23.0 azsdk-python-azure-mgmt-network/18.0.0 Python/3.7.3 (Windows-10-10.0.19041-SP0)
    method: GET
    uri: https://management.azure.com/subscriptions/00000000-0000-0000-0000-000000000000/providers/Microsoft.Network/locations/westus/operations/9b6058ed-1be8-46f2-ac13-acaa0326ca64?api-version=2021-02-01
  response:
    body:
      string: "{\r\n  \"status\": \"Succeeded\"\r\n}"
    headers:
      cache-control:
      - no-cache
      content-length:
      - '29'
      content-type:
      - application/json; charset=utf-8
      date:
      - Fri, 14 May 2021 06:41:52 GMT
      expires:
      - '-1'
      pragma:
      - no-cache
      server:
      - Microsoft-HTTPAPI/2.0
      - Microsoft-HTTPAPI/2.0
      strict-transport-security:
      - max-age=31536000; includeSubDomains
      transfer-encoding:
      - chunked
      vary:
      - Accept-Encoding
      x-content-type-options:
      - nosniff
      x-ms-arm-service-request-id:
      - c3f4217d-f4fe-4b91-b9ec-b97f51edddaa
    status:
      code: 200
      message: OK
- request:
    body: null
    headers:
      Accept:
      - '*/*'
      Accept-Encoding:
      - gzip, deflate
      CommandName:
      - network vnet-gateway create
      Connection:
      - keep-alive
      ParameterSetName:
      - -g -n --vnet --sku --asn --public-ip-addresses --tags
      User-Agent:
      - AZURECLI/2.23.0 azsdk-python-azure-mgmt-network/18.0.0 Python/3.7.3 (Windows-10-10.0.19041-SP0)
    method: GET
    uri: https://management.azure.com/subscriptions/00000000-0000-0000-0000-000000000000/resourceGroups/cli_test_active_active_cross_premise_connection000001/providers/Microsoft.Network/virtualNetworkGateways/gw1?api-version=2021-02-01
  response:
    body:
      string: "{\r\n  \"name\": \"gw1\",\r\n  \"id\": \"/subscriptions/00000000-0000-0000-0000-000000000000/resourceGroups/cli_test_active_active_cross_premise_connection000001/providers/Microsoft.Network/virtualNetworkGateways/gw1\",\r\n
        \ \"etag\": \"W/\\\"a1255bc9-9fb7-459c-aff4-0d2c272f7897\\\"\",\r\n  \"type\":
        \"Microsoft.Network/virtualNetworkGateways\",\r\n  \"location\": \"westus\",\r\n
        \ \"tags\": {\r\n    \"foo\": \"doo\"\r\n  },\r\n  \"properties\": {\r\n    \"provisioningState\":
        \"Succeeded\",\r\n    \"resourceGuid\": \"2b78bd7e-d134-45d6-a03e-ef764ec3b84a\",\r\n
        \   \"packetCaptureDiagnosticState\": \"None\",\r\n    \"enablePrivateIpAddress\":
        false,\r\n    \"ipConfigurations\": [\r\n      {\r\n        \"name\": \"vnetGatewayConfig0\",\r\n
        \       \"id\": \"/subscriptions/00000000-0000-0000-0000-000000000000/resourceGroups/cli_test_active_active_cross_premise_connection000001/providers/Microsoft.Network/virtualNetworkGateways/gw1/ipConfigurations/vnetGatewayConfig0\",\r\n
        \       \"etag\": \"W/\\\"a1255bc9-9fb7-459c-aff4-0d2c272f7897\\\"\",\r\n
        \       \"type\": \"Microsoft.Network/virtualNetworkGateways/ipConfigurations\",\r\n
        \       \"properties\": {\r\n          \"provisioningState\": \"Succeeded\",\r\n
        \         \"privateIPAllocationMethod\": \"Dynamic\",\r\n          \"publicIPAddress\":
        {\r\n            \"id\": \"/subscriptions/00000000-0000-0000-0000-000000000000/resourceGroups/cli_test_active_active_cross_premise_connection000001/providers/Microsoft.Network/publicIPAddresses/gwip1\"\r\n
        \         },\r\n          \"subnet\": {\r\n            \"id\": \"/subscriptions/00000000-0000-0000-0000-000000000000/resourceGroups/cli_test_active_active_cross_premise_connection000001/providers/Microsoft.Network/virtualNetworks/vnet1/subnets/GatewaySubnet\"\r\n
        \         }\r\n        }\r\n      },\r\n      {\r\n        \"name\": \"vnetGatewayConfig1\",\r\n
        \       \"id\": \"/subscriptions/00000000-0000-0000-0000-000000000000/resourceGroups/cli_test_active_active_cross_premise_connection000001/providers/Microsoft.Network/virtualNetworkGateways/gw1/ipConfigurations/vnetGatewayConfig1\",\r\n
        \       \"etag\": \"W/\\\"a1255bc9-9fb7-459c-aff4-0d2c272f7897\\\"\",\r\n
        \       \"type\": \"Microsoft.Network/virtualNetworkGateways/ipConfigurations\",\r\n
        \       \"properties\": {\r\n          \"provisioningState\": \"Succeeded\",\r\n
        \         \"privateIPAllocationMethod\": \"Dynamic\",\r\n          \"publicIPAddress\":
        {\r\n            \"id\": \"/subscriptions/00000000-0000-0000-0000-000000000000/resourceGroups/cli_test_active_active_cross_premise_connection000001/providers/Microsoft.Network/publicIPAddresses/gwip2\"\r\n
        \         },\r\n          \"subnet\": {\r\n            \"id\": \"/subscriptions/00000000-0000-0000-0000-000000000000/resourceGroups/cli_test_active_active_cross_premise_connection000001/providers/Microsoft.Network/virtualNetworks/vnet1/subnets/GatewaySubnet\"\r\n
        \         }\r\n        }\r\n      }\r\n    ],\r\n    \"natRules\": [],\r\n
        \   \"enableBgpRouteTranslationForNat\": false,\r\n    \"sku\": {\r\n      \"name\":
        \"HighPerformance\",\r\n      \"tier\": \"HighPerformance\",\r\n      \"capacity\":
        2\r\n    },\r\n    \"gatewayType\": \"Vpn\",\r\n    \"vpnType\": \"RouteBased\",\r\n
        \   \"enableBgp\": true,\r\n    \"activeActive\": true,\r\n    \"bgpSettings\":
        {\r\n      \"asn\": 65010,\r\n      \"bgpPeeringAddress\": \"10.12.255.4,10.12.255.5\",\r\n
        \     \"peerWeight\": 0,\r\n      \"bgpPeeringAddresses\": [\r\n        {\r\n
        \         \"ipconfigurationId\": \"/subscriptions/00000000-0000-0000-0000-000000000000/resourceGroups/cli_test_active_active_cross_premise_connection000001/providers/Microsoft.Network/virtualNetworkGateways/gw1/ipConfigurations/vnetGatewayConfig0\",\r\n
        \         \"defaultBgpIpAddresses\": [\r\n            \"10.12.255.4\"\r\n
        \         ],\r\n          \"customBgpIpAddresses\": [],\r\n          \"tunnelIpAddresses\":
        [\r\n            \"168.61.70.133\"\r\n          ]\r\n        },\r\n        {\r\n
        \         \"ipconfigurationId\": \"/subscriptions/00000000-0000-0000-0000-000000000000/resourceGroups/cli_test_active_active_cross_premise_connection000001/providers/Microsoft.Network/virtualNetworkGateways/gw1/ipConfigurations/vnetGatewayConfig1\",\r\n
        \         \"defaultBgpIpAddresses\": [\r\n            \"10.12.255.5\"\r\n
        \         ],\r\n          \"customBgpIpAddresses\": [],\r\n          \"tunnelIpAddresses\":
        [\r\n            \"104.40.68.12\"\r\n          ]\r\n        }\r\n      ]\r\n
        \   },\r\n    \"vpnGatewayGeneration\": \"Generation1\"\r\n  }\r\n}"
    headers:
      cache-control:
      - no-cache
      content-length:
      - '4352'
      content-type:
      - application/json; charset=utf-8
      date:
      - Fri, 14 May 2021 06:41:52 GMT
      expires:
      - '-1'
      pragma:
      - no-cache
      server:
      - Microsoft-HTTPAPI/2.0
      - Microsoft-HTTPAPI/2.0
      strict-transport-security:
      - max-age=31536000; includeSubDomains
      transfer-encoding:
      - chunked
      vary:
      - Accept-Encoding
      x-content-type-options:
      - nosniff
      x-ms-arm-service-request-id:
      - 0d712282-1f35-43b5-9ed2-5f032b892f8b
    status:
      code: 200
      message: OK
- request:
    body: null
    headers:
      Accept:
      - application/json
      Accept-Encoding:
      - gzip, deflate
      CommandName:
      - network vnet-gateway update
      Connection:
      - keep-alive
      ParameterSetName:
      - -g -n --vnet --sku --asn --public-ip-addresses --no-wait --tags
      User-Agent:
      - AZURECLI/2.23.0 azsdk-python-azure-mgmt-network/18.0.0 Python/3.7.3 (Windows-10-10.0.19041-SP0)
    method: GET
    uri: https://management.azure.com/subscriptions/00000000-0000-0000-0000-000000000000/resourceGroups/cli_test_active_active_cross_premise_connection000001/providers/Microsoft.Network/virtualNetworkGateways/gw1?api-version=2021-02-01
  response:
    body:
      string: "{\r\n  \"name\": \"gw1\",\r\n  \"id\": \"/subscriptions/00000000-0000-0000-0000-000000000000/resourceGroups/cli_test_active_active_cross_premise_connection000001/providers/Microsoft.Network/virtualNetworkGateways/gw1\",\r\n
        \ \"etag\": \"W/\\\"a1255bc9-9fb7-459c-aff4-0d2c272f7897\\\"\",\r\n  \"type\":
        \"Microsoft.Network/virtualNetworkGateways\",\r\n  \"location\": \"westus\",\r\n
        \ \"tags\": {\r\n    \"foo\": \"doo\"\r\n  },\r\n  \"properties\": {\r\n    \"provisioningState\":
        \"Succeeded\",\r\n    \"resourceGuid\": \"2b78bd7e-d134-45d6-a03e-ef764ec3b84a\",\r\n
        \   \"packetCaptureDiagnosticState\": \"None\",\r\n    \"enablePrivateIpAddress\":
        false,\r\n    \"ipConfigurations\": [\r\n      {\r\n        \"name\": \"vnetGatewayConfig0\",\r\n
        \       \"id\": \"/subscriptions/00000000-0000-0000-0000-000000000000/resourceGroups/cli_test_active_active_cross_premise_connection000001/providers/Microsoft.Network/virtualNetworkGateways/gw1/ipConfigurations/vnetGatewayConfig0\",\r\n
        \       \"etag\": \"W/\\\"a1255bc9-9fb7-459c-aff4-0d2c272f7897\\\"\",\r\n
        \       \"type\": \"Microsoft.Network/virtualNetworkGateways/ipConfigurations\",\r\n
        \       \"properties\": {\r\n          \"provisioningState\": \"Succeeded\",\r\n
        \         \"privateIPAllocationMethod\": \"Dynamic\",\r\n          \"publicIPAddress\":
        {\r\n            \"id\": \"/subscriptions/00000000-0000-0000-0000-000000000000/resourceGroups/cli_test_active_active_cross_premise_connection000001/providers/Microsoft.Network/publicIPAddresses/gwip1\"\r\n
        \         },\r\n          \"subnet\": {\r\n            \"id\": \"/subscriptions/00000000-0000-0000-0000-000000000000/resourceGroups/cli_test_active_active_cross_premise_connection000001/providers/Microsoft.Network/virtualNetworks/vnet1/subnets/GatewaySubnet\"\r\n
        \         }\r\n        }\r\n      },\r\n      {\r\n        \"name\": \"vnetGatewayConfig1\",\r\n
        \       \"id\": \"/subscriptions/00000000-0000-0000-0000-000000000000/resourceGroups/cli_test_active_active_cross_premise_connection000001/providers/Microsoft.Network/virtualNetworkGateways/gw1/ipConfigurations/vnetGatewayConfig1\",\r\n
        \       \"etag\": \"W/\\\"a1255bc9-9fb7-459c-aff4-0d2c272f7897\\\"\",\r\n
        \       \"type\": \"Microsoft.Network/virtualNetworkGateways/ipConfigurations\",\r\n
        \       \"properties\": {\r\n          \"provisioningState\": \"Succeeded\",\r\n
        \         \"privateIPAllocationMethod\": \"Dynamic\",\r\n          \"publicIPAddress\":
        {\r\n            \"id\": \"/subscriptions/00000000-0000-0000-0000-000000000000/resourceGroups/cli_test_active_active_cross_premise_connection000001/providers/Microsoft.Network/publicIPAddresses/gwip2\"\r\n
        \         },\r\n          \"subnet\": {\r\n            \"id\": \"/subscriptions/00000000-0000-0000-0000-000000000000/resourceGroups/cli_test_active_active_cross_premise_connection000001/providers/Microsoft.Network/virtualNetworks/vnet1/subnets/GatewaySubnet\"\r\n
        \         }\r\n        }\r\n      }\r\n    ],\r\n    \"natRules\": [],\r\n
        \   \"enableBgpRouteTranslationForNat\": false,\r\n    \"sku\": {\r\n      \"name\":
        \"HighPerformance\",\r\n      \"tier\": \"HighPerformance\",\r\n      \"capacity\":
        2\r\n    },\r\n    \"gatewayType\": \"Vpn\",\r\n    \"vpnType\": \"RouteBased\",\r\n
        \   \"enableBgp\": true,\r\n    \"activeActive\": true,\r\n    \"bgpSettings\":
        {\r\n      \"asn\": 65010,\r\n      \"bgpPeeringAddress\": \"10.12.255.4,10.12.255.5\",\r\n
        \     \"peerWeight\": 0,\r\n      \"bgpPeeringAddresses\": [\r\n        {\r\n
        \         \"ipconfigurationId\": \"/subscriptions/00000000-0000-0000-0000-000000000000/resourceGroups/cli_test_active_active_cross_premise_connection000001/providers/Microsoft.Network/virtualNetworkGateways/gw1/ipConfigurations/vnetGatewayConfig0\",\r\n
        \         \"defaultBgpIpAddresses\": [\r\n            \"10.12.255.4\"\r\n
        \         ],\r\n          \"customBgpIpAddresses\": [],\r\n          \"tunnelIpAddresses\":
        [\r\n            \"168.61.70.133\"\r\n          ]\r\n        },\r\n        {\r\n
        \         \"ipconfigurationId\": \"/subscriptions/00000000-0000-0000-0000-000000000000/resourceGroups/cli_test_active_active_cross_premise_connection000001/providers/Microsoft.Network/virtualNetworkGateways/gw1/ipConfigurations/vnetGatewayConfig1\",\r\n
        \         \"defaultBgpIpAddresses\": [\r\n            \"10.12.255.5\"\r\n
        \         ],\r\n          \"customBgpIpAddresses\": [],\r\n          \"tunnelIpAddresses\":
        [\r\n            \"104.40.68.12\"\r\n          ]\r\n        }\r\n      ]\r\n
        \   },\r\n    \"vpnGatewayGeneration\": \"Generation1\"\r\n  }\r\n}"
    headers:
      cache-control:
      - no-cache
      content-length:
      - '4352'
      content-type:
      - application/json; charset=utf-8
      date:
      - Fri, 14 May 2021 06:41:53 GMT
      expires:
      - '-1'
      pragma:
      - no-cache
      server:
      - Microsoft-HTTPAPI/2.0
      - Microsoft-HTTPAPI/2.0
      strict-transport-security:
      - max-age=31536000; includeSubDomains
      transfer-encoding:
      - chunked
      vary:
      - Accept-Encoding
      x-content-type-options:
      - nosniff
      x-ms-arm-service-request-id:
      - 6eaed4ef-fb23-4294-b5b9-ec6b962b3485
    status:
      code: 200
      message: OK
- request:
    body: '{"id": "/subscriptions/00000000-0000-0000-0000-000000000000/resourceGroups/cli_test_active_active_cross_premise_connection000001/providers/Microsoft.Network/virtualNetworkGateways/gw1",
      "location": "westus", "tags": {"foo": "boo"}, "properties": {"ipConfigurations":
      [{"name": "vnetGatewayConfig0", "properties": {"privateIPAllocationMethod":
      "Dynamic", "subnet": {"id": "/subscriptions/00000000-0000-0000-0000-000000000000/resourceGroups/cli_test_active_active_cross_premise_connection000001/providers/Microsoft.Network/virtualNetworks/vnet1/subnets/GatewaySubnet"},
      "publicIPAddress": {"id": "/subscriptions/00000000-0000-0000-0000-000000000000/resourceGroups/cli_test_active_active_cross_premise_connection000001/providers/Microsoft.Network/publicIPAddresses/gwip1"}}}],
      "gatewayType": "Vpn", "vpnType": "RouteBased", "vpnGatewayGeneration": "Generation1",
      "enableBgp": true, "enablePrivateIpAddress": false, "activeActive": false, "sku":
      {"name": "HighPerformance", "tier": "HighPerformance"}, "bgpSettings": {"asn":
      65010, "bgpPeeringAddress": "10.12.255.4,10.12.255.5", "peerWeight": 0, "bgpPeeringAddresses":
      [{"ipconfigurationId": "/subscriptions/00000000-0000-0000-0000-000000000000/resourceGroups/cli_test_active_active_cross_premise_connection000001/providers/Microsoft.Network/virtualNetworkGateways/gw1/ipConfigurations/vnetGatewayConfig0",
      "customBgpIpAddresses": []}, {"ipconfigurationId": "/subscriptions/00000000-0000-0000-0000-000000000000/resourceGroups/cli_test_active_active_cross_premise_connection000001/providers/Microsoft.Network/virtualNetworkGateways/gw1/ipConfigurations/vnetGatewayConfig1",
      "customBgpIpAddresses": []}]}, "natRules": [], "enableBgpRouteTranslationForNat":
      false}}'
    headers:
      Accept:
      - application/json
      Accept-Encoding:
      - gzip, deflate
      CommandName:
      - network vnet-gateway update
      Connection:
      - keep-alive
      Content-Length:
      - '1819'
      Content-Type:
      - application/json
      ParameterSetName:
      - -g -n --vnet --sku --asn --public-ip-addresses --no-wait --tags
      User-Agent:
      - AZURECLI/2.23.0 azsdk-python-azure-mgmt-network/18.0.0 Python/3.7.3 (Windows-10-10.0.19041-SP0)
    method: PUT
    uri: https://management.azure.com/subscriptions/00000000-0000-0000-0000-000000000000/resourceGroups/cli_test_active_active_cross_premise_connection000001/providers/Microsoft.Network/virtualNetworkGateways/gw1?api-version=2021-02-01
  response:
    body:
      string: "{\r\n  \"name\": \"gw1\",\r\n  \"id\": \"/subscriptions/00000000-0000-0000-0000-000000000000/resourceGroups/cli_test_active_active_cross_premise_connection000001/providers/Microsoft.Network/virtualNetworkGateways/gw1\",\r\n
        \ \"etag\": \"W/\\\"9ac9a5ff-fbc6-40c4-a320-e55c5260675f\\\"\",\r\n  \"type\":
        \"Microsoft.Network/virtualNetworkGateways\",\r\n  \"location\": \"westus\",\r\n
        \ \"tags\": {\r\n    \"foo\": \"boo\"\r\n  },\r\n  \"properties\": {\r\n    \"provisioningState\":
        \"Updating\",\r\n    \"resourceGuid\": \"2b78bd7e-d134-45d6-a03e-ef764ec3b84a\",\r\n
        \   \"packetCaptureDiagnosticState\": \"None\",\r\n    \"enablePrivateIpAddress\":
        false,\r\n    \"ipConfigurations\": [\r\n      {\r\n        \"name\": \"vnetGatewayConfig0\",\r\n
        \       \"id\": \"/subscriptions/00000000-0000-0000-0000-000000000000/resourceGroups/cli_test_active_active_cross_premise_connection000001/providers/Microsoft.Network/virtualNetworkGateways/gw1/ipConfigurations/vnetGatewayConfig0\",\r\n
        \       \"etag\": \"W/\\\"9ac9a5ff-fbc6-40c4-a320-e55c5260675f\\\"\",\r\n
        \       \"type\": \"Microsoft.Network/virtualNetworkGateways/ipConfigurations\",\r\n
        \       \"properties\": {\r\n          \"provisioningState\": \"Updating\",\r\n
        \         \"privateIPAllocationMethod\": \"Dynamic\",\r\n          \"publicIPAddress\":
        {\r\n            \"id\": \"/subscriptions/00000000-0000-0000-0000-000000000000/resourceGroups/cli_test_active_active_cross_premise_connection000001/providers/Microsoft.Network/publicIPAddresses/gwip1\"\r\n
        \         },\r\n          \"subnet\": {\r\n            \"id\": \"/subscriptions/00000000-0000-0000-0000-000000000000/resourceGroups/cli_test_active_active_cross_premise_connection000001/providers/Microsoft.Network/virtualNetworks/vnet1/subnets/GatewaySubnet\"\r\n
        \         }\r\n        }\r\n      }\r\n    ],\r\n    \"natRules\": [],\r\n
        \   \"enableBgpRouteTranslationForNat\": false,\r\n    \"sku\": {\r\n      \"name\":
        \"HighPerformance\",\r\n      \"tier\": \"HighPerformance\",\r\n      \"capacity\":
        2\r\n    },\r\n    \"gatewayType\": \"Vpn\",\r\n    \"vpnType\": \"RouteBased\",\r\n
        \   \"enableBgp\": true,\r\n    \"activeActive\": false,\r\n    \"vpnClientConfiguration\":
        {\r\n      \"vpnClientProtocols\": [\r\n        \"OpenVPN\",\r\n        \"IkeV2\"\r\n
        \     ],\r\n      \"vpnAuthenticationTypes\": [],\r\n      \"vpnClientRootCertificates\":
        [],\r\n      \"vpnClientRevokedCertificates\": [],\r\n      \"radiusServers\":
        [],\r\n      \"vpnClientIpsecPolicies\": []\r\n    },\r\n    \"bgpSettings\":
        {\r\n      \"asn\": 65010,\r\n      \"bgpPeeringAddress\": \"10.12.255.4,10.12.255.5\",\r\n
        \     \"peerWeight\": 0,\r\n      \"bgpPeeringAddresses\": [\r\n        {\r\n
        \         \"ipconfigurationId\": \"/subscriptions/00000000-0000-0000-0000-000000000000/resourceGroups/cli_test_active_active_cross_premise_connection000001/providers/Microsoft.Network/virtualNetworkGateways/gw1/ipConfigurations/vnetGatewayConfig0\",\r\n
        \         \"defaultBgpIpAddresses\": [\r\n            \"10.12.255.4\"\r\n
        \         ],\r\n          \"customBgpIpAddresses\": [],\r\n          \"tunnelIpAddresses\":
        [\r\n            \"168.61.70.133\"\r\n          ]\r\n        }\r\n      ]\r\n
        \   },\r\n    \"vpnGatewayGeneration\": \"Generation1\"\r\n  }\r\n}"
    headers:
      azure-asyncnotification:
      - Enabled
      azure-asyncoperation:
      - https://management.azure.com/subscriptions/00000000-0000-0000-0000-000000000000/providers/Microsoft.Network/locations/westus/operations/7b55e4c8-51de-4deb-a1db-9da32bf16a1f?api-version=2021-02-01
      cache-control:
      - no-cache
      content-length:
      - '3052'
      content-type:
      - application/json; charset=utf-8
      date:
      - Fri, 14 May 2021 06:41:57 GMT
      expires:
      - '-1'
      pragma:
      - no-cache
      server:
      - Microsoft-HTTPAPI/2.0
      - Microsoft-HTTPAPI/2.0
      strict-transport-security:
      - max-age=31536000; includeSubDomains
      transfer-encoding:
      - chunked
      vary:
      - Accept-Encoding
      x-content-type-options:
      - nosniff
      x-ms-arm-service-request-id:
      - 823b0dfc-8b82-481e-b772-a56718f64926
      x-ms-ratelimit-remaining-subscription-writes:
      - '1186'
    status:
      code: 200
      message: OK
- request:
    body: '{"location": "eastus", "properties": {"localNetworkAddressSpace": {"addressPrefixes":
      ["10.52.255.253/32"]}, "gatewayIpAddress": "131.107.72.22", "bgpSettings": {"asn":
      65050, "bgpPeeringAddress": "10.52.255.253"}}}'
    headers:
      Accept:
      - application/json
      Accept-Encoding:
      - gzip, deflate
      CommandName:
      - network local-gateway create
      Connection:
      - keep-alive
      Content-Length:
      - '215'
      Content-Type:
      - application/json
      ParameterSetName:
      - -g -n -l --gateway-ip-address --local-address-prefixes --asn --bgp-peering-address
      User-Agent:
      - AZURECLI/2.23.0 azsdk-python-azure-mgmt-network/18.0.0 Python/3.7.3 (Windows-10-10.0.19041-SP0)
    method: PUT
    uri: https://management.azure.com/subscriptions/00000000-0000-0000-0000-000000000000/resourceGroups/cli_test_active_active_cross_premise_connection000001/providers/Microsoft.Network/localNetworkGateways/lgw2?api-version=2021-02-01
  response:
    body:
      string: "{\r\n  \"name\": \"lgw2\",\r\n  \"id\": \"/subscriptions/00000000-0000-0000-0000-000000000000/resourceGroups/cli_test_active_active_cross_premise_connection000001/providers/Microsoft.Network/localNetworkGateways/lgw2\",\r\n
        \ \"etag\": \"W/\\\"009b5f60-109a-49fc-a78a-98e58ee69cbd\\\"\",\r\n  \"type\":
        \"Microsoft.Network/localNetworkGateways\",\r\n  \"location\": \"eastus\",\r\n
        \ \"properties\": {\r\n    \"provisioningState\": \"Updating\",\r\n    \"resourceGuid\":
        \"facf61a8-4b0d-4739-8b79-176bd21c3268\",\r\n    \"localNetworkAddressSpace\":
        {\r\n      \"addressPrefixes\": [\r\n        \"10.52.255.253/32\"\r\n      ]\r\n
        \   },\r\n    \"gatewayIpAddress\": \"131.107.72.22\",\r\n    \"bgpSettings\":
        {\r\n      \"asn\": 65050,\r\n      \"bgpPeeringAddress\": \"10.52.255.253\",\r\n
        \     \"peerWeight\": 0\r\n    }\r\n  }\r\n}"
    headers:
      azure-asyncnotification:
      - Enabled
      azure-asyncoperation:
      - https://management.azure.com/subscriptions/00000000-0000-0000-0000-000000000000/providers/Microsoft.Network/locations/eastus/operations/7880a424-1ab5-4dd2-800f-115030ce207b?api-version=2021-02-01
      cache-control:
      - no-cache
      content-length:
      - '758'
      content-type:
      - application/json; charset=utf-8
      date:
      - Fri, 14 May 2021 06:42:05 GMT
      expires:
      - '-1'
      pragma:
      - no-cache
      server:
      - Microsoft-HTTPAPI/2.0
      - Microsoft-HTTPAPI/2.0
      strict-transport-security:
      - max-age=31536000; includeSubDomains
      x-content-type-options:
      - nosniff
      x-ms-arm-service-request-id:
      - 610bf248-31df-42f3-9227-af7fb0e94b5c
      x-ms-ratelimit-remaining-subscription-writes:
      - '1178'
    status:
      code: 201
      message: Created
- request:
    body: null
    headers:
      Accept:
      - '*/*'
      Accept-Encoding:
      - gzip, deflate
      CommandName:
      - network local-gateway create
      Connection:
      - keep-alive
      ParameterSetName:
      - -g -n -l --gateway-ip-address --local-address-prefixes --asn --bgp-peering-address
      User-Agent:
      - AZURECLI/2.23.0 azsdk-python-azure-mgmt-network/18.0.0 Python/3.7.3 (Windows-10-10.0.19041-SP0)
    method: GET
    uri: https://management.azure.com/subscriptions/00000000-0000-0000-0000-000000000000/providers/Microsoft.Network/locations/eastus/operations/7880a424-1ab5-4dd2-800f-115030ce207b?api-version=2021-02-01
  response:
    body:
      string: "{\r\n  \"status\": \"Succeeded\"\r\n}"
    headers:
      cache-control:
      - no-cache
      content-length:
      - '29'
      content-type:
      - application/json; charset=utf-8
      date:
      - Fri, 14 May 2021 06:42:16 GMT
      expires:
      - '-1'
      pragma:
      - no-cache
      server:
      - Microsoft-HTTPAPI/2.0
      - Microsoft-HTTPAPI/2.0
      strict-transport-security:
      - max-age=31536000; includeSubDomains
      transfer-encoding:
      - chunked
      vary:
      - Accept-Encoding
      x-content-type-options:
      - nosniff
      x-ms-arm-service-request-id:
      - 3d72e925-a168-4be6-8047-cfea0f2a89a6
    status:
      code: 200
      message: OK
- request:
    body: null
    headers:
      Accept:
      - '*/*'
      Accept-Encoding:
      - gzip, deflate
      CommandName:
      - network local-gateway create
      Connection:
      - keep-alive
      ParameterSetName:
      - -g -n -l --gateway-ip-address --local-address-prefixes --asn --bgp-peering-address
      User-Agent:
      - AZURECLI/2.23.0 azsdk-python-azure-mgmt-network/18.0.0 Python/3.7.3 (Windows-10-10.0.19041-SP0)
    method: GET
    uri: https://management.azure.com/subscriptions/00000000-0000-0000-0000-000000000000/resourceGroups/cli_test_active_active_cross_premise_connection000001/providers/Microsoft.Network/localNetworkGateways/lgw2?api-version=2021-02-01
  response:
    body:
      string: "{\r\n  \"name\": \"lgw2\",\r\n  \"id\": \"/subscriptions/00000000-0000-0000-0000-000000000000/resourceGroups/cli_test_active_active_cross_premise_connection000001/providers/Microsoft.Network/localNetworkGateways/lgw2\",\r\n
        \ \"etag\": \"W/\\\"e609775e-53d8-40dd-9857-b0e7ea20ee68\\\"\",\r\n  \"type\":
        \"Microsoft.Network/localNetworkGateways\",\r\n  \"location\": \"eastus\",\r\n
        \ \"properties\": {\r\n    \"provisioningState\": \"Succeeded\",\r\n    \"resourceGuid\":
        \"facf61a8-4b0d-4739-8b79-176bd21c3268\",\r\n    \"localNetworkAddressSpace\":
        {\r\n      \"addressPrefixes\": [\r\n        \"10.52.255.253/32\"\r\n      ]\r\n
        \   },\r\n    \"gatewayIpAddress\": \"131.107.72.22\",\r\n    \"bgpSettings\":
        {\r\n      \"asn\": 65050,\r\n      \"bgpPeeringAddress\": \"10.52.255.253\",\r\n
        \     \"peerWeight\": 0\r\n    }\r\n  }\r\n}"
    headers:
      cache-control:
      - no-cache
      content-length:
      - '759'
      content-type:
      - application/json; charset=utf-8
      date:
      - Fri, 14 May 2021 06:42:16 GMT
      etag:
      - W/"e609775e-53d8-40dd-9857-b0e7ea20ee68"
      expires:
      - '-1'
      pragma:
      - no-cache
      server:
      - Microsoft-HTTPAPI/2.0
      - Microsoft-HTTPAPI/2.0
      strict-transport-security:
      - max-age=31536000; includeSubDomains
      transfer-encoding:
      - chunked
      vary:
      - Accept-Encoding
      x-content-type-options:
      - nosniff
      x-ms-arm-service-request-id:
      - 2db710e8-d07c-4a37-99f1-1fabab955436
    status:
      code: 200
      message: OK
- request:
    body: null
    headers:
      Accept:
      - application/json
      Accept-Encoding:
      - gzip, deflate
      CommandName:
      - network vpn-connection create
      Connection:
      - keep-alive
      ParameterSetName:
      - -g -n --vnet-gateway1 --local-gateway2 --shared-key --enable-bgp
      User-Agent:
      - AZURECLI/2.23.0 azsdk-python-azure-mgmt-resource/16.1.0 Python/3.7.3 (Windows-10-10.0.19041-SP0)
    method: GET
    uri: https://management.azure.com/subscriptions/00000000-0000-0000-0000-000000000000/resourcegroups/cli_test_active_active_cross_premise_connection000001?api-version=2021-04-01
  response:
    body:
      string: '{"id":"/subscriptions/00000000-0000-0000-0000-000000000000/resourceGroups/cli_test_active_active_cross_premise_connection000001","name":"cli_test_active_active_cross_premise_connection000001","type":"Microsoft.Resources/resourceGroups","location":"westus","tags":{"product":"azurecli","cause":"automation","date":"2021-05-14T06:18:07Z"},"properties":{"provisioningState":"Succeeded"}}'
    headers:
      cache-control:
      - no-cache
      content-length:
      - '428'
      content-type:
      - application/json; charset=utf-8
      date:
      - Fri, 14 May 2021 06:42:16 GMT
      expires:
      - '-1'
      pragma:
      - no-cache
      strict-transport-security:
      - max-age=31536000; includeSubDomains
      vary:
      - Accept-Encoding
      x-content-type-options:
      - nosniff
    status:
      code: 200
      message: OK
- request:
    body: '{"properties": {"template": {"$schema": "https://schema.management.azure.com/schemas/2015-01-01/deploymentTemplate.json#",
      "contentVersion": "1.0.0.0", "parameters": {"sharedKey": {"type": "securestring",
      "metadata": {"description": "Secure sharedKey"}}}, "variables": {}, "resources":
      [{"type": "Microsoft.Network/connections", "name": "Vnet1toSite5_1", "location":
      "westus", "tags": {}, "apiVersion": "2015-06-15", "dependsOn": [], "properties":
      {"virtualNetworkGateway1": {"id": "/subscriptions/00000000-0000-0000-0000-000000000000/resourceGroups/cli_test_active_active_cross_premise_connection000001/providers/Microsoft.Network/virtualNetworkGateways/gw1"},
      "enableBgp": true, "connectionType": "IPSec", "routingWeight": 10, "usePolicyBasedTrafficSelectors":
      false, "expressRouteGatewayBypass": null, "localNetworkGateway2": {"id": "/subscriptions/00000000-0000-0000-0000-000000000000/resourceGroups/cli_test_active_active_cross_premise_connection000001/providers/Microsoft.Network/localNetworkGateways/lgw2"},
      "sharedKey": "[parameters(''sharedKey'')]"}}], "outputs": {"resource": {"type":
      "object", "value": "[reference(''Vnet1toSite5_1'')]"}}}, "parameters": {"sharedKey":
      {"value": "abc123"}}, "mode": "incremental"}}'
    headers:
      Accept:
      - application/json
      Accept-Encoding:
      - gzip, deflate
      CommandName:
      - network vpn-connection create
      Connection:
      - keep-alive
      Content-Length:
      - '1265'
      Content-Type:
      - application/json
      ParameterSetName:
      - -g -n --vnet-gateway1 --local-gateway2 --shared-key --enable-bgp
      User-Agent:
      - AZURECLI/2.23.0 azsdk-python-azure-mgmt-resource/16.1.0 Python/3.7.3 (Windows-10-10.0.19041-SP0)
    method: PUT
    uri: https://management.azure.com/subscriptions/00000000-0000-0000-0000-000000000000/resourcegroups/cli_test_active_active_cross_premise_connection000001/providers/Microsoft.Resources/deployments/mock-deployment?api-version=2021-04-01
  response:
    body:
      string: '{"id":"/subscriptions/00000000-0000-0000-0000-000000000000/resourceGroups/cli_test_active_active_cross_premise_connection000001/providers/Microsoft.Resources/deployments/vpn_connection_deploy_69qFQN8YFvPbMxvXgpV6yFLsdA92f08D","name":"vpn_connection_deploy_69qFQN8YFvPbMxvXgpV6yFLsdA92f08D","type":"Microsoft.Resources/deployments","properties":{"templateHash":"7408896095404615581","parameters":{"sharedKey":{"type":"SecureString"}},"mode":"Incremental","provisioningState":"Accepted","timestamp":"2021-05-14T06:42:21.2402329Z","duration":"PT2.1152584S","correlationId":"6fbf66f7-c16b-4930-845a-1e799fb6b5f8","providers":[{"namespace":"Microsoft.Network","resourceTypes":[{"resourceType":"connections","locations":["westus"]}]}],"dependencies":[]}}'
    headers:
      azure-asyncoperation:
      - https://management.azure.com/subscriptions/00000000-0000-0000-0000-000000000000/resourcegroups/cli_test_active_active_cross_premise_connection000001/providers/Microsoft.Resources/deployments/vpn_connection_deploy_69qFQN8YFvPbMxvXgpV6yFLsdA92f08D/operationStatuses/08585806323463526521?api-version=2021-04-01
      cache-control:
      - no-cache
      content-length:
      - '770'
      content-type:
      - application/json; charset=utf-8
      date:
      - Fri, 14 May 2021 06:42:21 GMT
      expires:
      - '-1'
      pragma:
      - no-cache
      strict-transport-security:
      - max-age=31536000; includeSubDomains
      x-content-type-options:
      - nosniff
      x-ms-ratelimit-remaining-subscription-writes:
      - '1186'
    status:
      code: 201
      message: Created
- request:
    body: null
    headers:
      Accept:
      - '*/*'
      Accept-Encoding:
      - gzip, deflate
      CommandName:
      - network vpn-connection create
      Connection:
      - keep-alive
      ParameterSetName:
      - -g -n --vnet-gateway1 --local-gateway2 --shared-key --enable-bgp
      User-Agent:
      - AZURECLI/2.23.0 azsdk-python-azure-mgmt-resource/16.1.0 Python/3.7.3 (Windows-10-10.0.19041-SP0)
    method: GET
    uri: https://management.azure.com/subscriptions/00000000-0000-0000-0000-000000000000/resourcegroups/cli_test_active_active_cross_premise_connection000001/providers/Microsoft.Resources/deployments/mock-deployment/operationStatuses/08585806323463526521?api-version=2021-04-01
  response:
    body:
      string: '{"status":"Running"}'
    headers:
      cache-control:
      - no-cache
      content-length:
      - '20'
      content-type:
      - application/json; charset=utf-8
      date:
      - Fri, 14 May 2021 06:42:52 GMT
      expires:
      - '-1'
      pragma:
      - no-cache
      strict-transport-security:
      - max-age=31536000; includeSubDomains
      vary:
      - Accept-Encoding
      x-content-type-options:
      - nosniff
    status:
      code: 200
      message: OK
- request:
    body: null
    headers:
      Accept:
      - '*/*'
      Accept-Encoding:
      - gzip, deflate
      CommandName:
      - network vpn-connection create
      Connection:
      - keep-alive
      ParameterSetName:
      - -g -n --vnet-gateway1 --local-gateway2 --shared-key --enable-bgp
      User-Agent:
      - AZURECLI/2.23.0 azsdk-python-azure-mgmt-resource/16.1.0 Python/3.7.3 (Windows-10-10.0.19041-SP0)
    method: GET
    uri: https://management.azure.com/subscriptions/00000000-0000-0000-0000-000000000000/resourcegroups/cli_test_active_active_cross_premise_connection000001/providers/Microsoft.Resources/deployments/mock-deployment/operationStatuses/08585806323463526521?api-version=2021-04-01
  response:
    body:
      string: '{"status":"Running"}'
    headers:
      cache-control:
      - no-cache
      content-length:
      - '20'
      content-type:
      - application/json; charset=utf-8
      date:
      - Fri, 14 May 2021 06:43:22 GMT
      expires:
      - '-1'
      pragma:
      - no-cache
      strict-transport-security:
      - max-age=31536000; includeSubDomains
      vary:
      - Accept-Encoding
      x-content-type-options:
      - nosniff
    status:
      code: 200
      message: OK
- request:
    body: null
    headers:
      Accept:
      - '*/*'
      Accept-Encoding:
      - gzip, deflate
      CommandName:
      - network vpn-connection create
      Connection:
      - keep-alive
      ParameterSetName:
      - -g -n --vnet-gateway1 --local-gateway2 --shared-key --enable-bgp
      User-Agent:
      - AZURECLI/2.23.0 azsdk-python-azure-mgmt-resource/16.1.0 Python/3.7.3 (Windows-10-10.0.19041-SP0)
    method: GET
    uri: https://management.azure.com/subscriptions/00000000-0000-0000-0000-000000000000/resourcegroups/cli_test_active_active_cross_premise_connection000001/providers/Microsoft.Resources/deployments/mock-deployment/operationStatuses/08585806323463526521?api-version=2021-04-01
  response:
    body:
      string: '{"status":"Running"}'
    headers:
      cache-control:
      - no-cache
      content-length:
      - '20'
      content-type:
      - application/json; charset=utf-8
      date:
      - Fri, 14 May 2021 06:43:52 GMT
      expires:
      - '-1'
      pragma:
      - no-cache
      strict-transport-security:
      - max-age=31536000; includeSubDomains
      vary:
      - Accept-Encoding
      x-content-type-options:
      - nosniff
    status:
      code: 200
      message: OK
- request:
    body: null
    headers:
      Accept:
      - '*/*'
      Accept-Encoding:
      - gzip, deflate
      CommandName:
      - network vpn-connection create
      Connection:
      - keep-alive
      ParameterSetName:
      - -g -n --vnet-gateway1 --local-gateway2 --shared-key --enable-bgp
      User-Agent:
      - AZURECLI/2.23.0 azsdk-python-azure-mgmt-resource/16.1.0 Python/3.7.3 (Windows-10-10.0.19041-SP0)
    method: GET
    uri: https://management.azure.com/subscriptions/00000000-0000-0000-0000-000000000000/resourcegroups/cli_test_active_active_cross_premise_connection000001/providers/Microsoft.Resources/deployments/mock-deployment/operationStatuses/08585806323463526521?api-version=2021-04-01
  response:
    body:
      string: '{"status":"Running"}'
    headers:
      cache-control:
      - no-cache
      content-length:
      - '20'
      content-type:
      - application/json; charset=utf-8
      date:
      - Fri, 14 May 2021 06:44:22 GMT
      expires:
      - '-1'
      pragma:
      - no-cache
      strict-transport-security:
      - max-age=31536000; includeSubDomains
      vary:
      - Accept-Encoding
      x-content-type-options:
      - nosniff
    status:
      code: 200
      message: OK
- request:
    body: null
    headers:
      Accept:
      - '*/*'
      Accept-Encoding:
      - gzip, deflate
      CommandName:
      - network vpn-connection create
      Connection:
      - keep-alive
      ParameterSetName:
      - -g -n --vnet-gateway1 --local-gateway2 --shared-key --enable-bgp
      User-Agent:
      - AZURECLI/2.23.0 azsdk-python-azure-mgmt-resource/16.1.0 Python/3.7.3 (Windows-10-10.0.19041-SP0)
    method: GET
    uri: https://management.azure.com/subscriptions/00000000-0000-0000-0000-000000000000/resourcegroups/cli_test_active_active_cross_premise_connection000001/providers/Microsoft.Resources/deployments/mock-deployment/operationStatuses/08585806323463526521?api-version=2021-04-01
  response:
    body:
      string: '{"status":"Running"}'
    headers:
      cache-control:
      - no-cache
      content-length:
      - '20'
      content-type:
      - application/json; charset=utf-8
      date:
      - Fri, 14 May 2021 06:44:54 GMT
      expires:
      - '-1'
      pragma:
      - no-cache
      strict-transport-security:
      - max-age=31536000; includeSubDomains
      vary:
      - Accept-Encoding
      x-content-type-options:
      - nosniff
    status:
      code: 200
      message: OK
- request:
    body: null
    headers:
      Accept:
      - '*/*'
      Accept-Encoding:
      - gzip, deflate
      CommandName:
      - network vpn-connection create
      Connection:
      - keep-alive
      ParameterSetName:
      - -g -n --vnet-gateway1 --local-gateway2 --shared-key --enable-bgp
      User-Agent:
      - AZURECLI/2.23.0 azsdk-python-azure-mgmt-resource/16.1.0 Python/3.7.3 (Windows-10-10.0.19041-SP0)
    method: GET
    uri: https://management.azure.com/subscriptions/00000000-0000-0000-0000-000000000000/resourcegroups/cli_test_active_active_cross_premise_connection000001/providers/Microsoft.Resources/deployments/mock-deployment/operationStatuses/08585806323463526521?api-version=2021-04-01
  response:
    body:
      string: '{"status":"Running"}'
    headers:
      cache-control:
      - no-cache
      content-length:
      - '20'
      content-type:
      - application/json; charset=utf-8
      date:
      - Fri, 14 May 2021 06:45:25 GMT
      expires:
      - '-1'
      pragma:
      - no-cache
      strict-transport-security:
      - max-age=31536000; includeSubDomains
      vary:
      - Accept-Encoding
      x-content-type-options:
      - nosniff
    status:
      code: 200
      message: OK
- request:
    body: null
    headers:
      Accept:
      - '*/*'
      Accept-Encoding:
      - gzip, deflate
      CommandName:
      - network vpn-connection create
      Connection:
      - keep-alive
      ParameterSetName:
      - -g -n --vnet-gateway1 --local-gateway2 --shared-key --enable-bgp
      User-Agent:
      - AZURECLI/2.23.0 azsdk-python-azure-mgmt-resource/16.1.0 Python/3.7.3 (Windows-10-10.0.19041-SP0)
    method: GET
    uri: https://management.azure.com/subscriptions/00000000-0000-0000-0000-000000000000/resourcegroups/cli_test_active_active_cross_premise_connection000001/providers/Microsoft.Resources/deployments/mock-deployment/operationStatuses/08585806323463526521?api-version=2021-04-01
  response:
    body:
      string: '{"status":"Running"}'
    headers:
      cache-control:
      - no-cache
      content-length:
      - '20'
      content-type:
      - application/json; charset=utf-8
      date:
      - Fri, 14 May 2021 06:45:55 GMT
      expires:
      - '-1'
      pragma:
      - no-cache
      strict-transport-security:
      - max-age=31536000; includeSubDomains
      vary:
      - Accept-Encoding
      x-content-type-options:
      - nosniff
    status:
      code: 200
      message: OK
- request:
    body: null
    headers:
      Accept:
      - '*/*'
      Accept-Encoding:
      - gzip, deflate
      CommandName:
      - network vpn-connection create
      Connection:
      - keep-alive
      ParameterSetName:
      - -g -n --vnet-gateway1 --local-gateway2 --shared-key --enable-bgp
      User-Agent:
      - AZURECLI/2.23.0 azsdk-python-azure-mgmt-resource/16.1.0 Python/3.7.3 (Windows-10-10.0.19041-SP0)
    method: GET
    uri: https://management.azure.com/subscriptions/00000000-0000-0000-0000-000000000000/resourcegroups/cli_test_active_active_cross_premise_connection000001/providers/Microsoft.Resources/deployments/mock-deployment/operationStatuses/08585806323463526521?api-version=2021-04-01
  response:
    body:
      string: '{"status":"Running"}'
    headers:
      cache-control:
      - no-cache
      content-length:
      - '20'
      content-type:
      - application/json; charset=utf-8
      date:
      - Fri, 14 May 2021 06:46:25 GMT
      expires:
      - '-1'
      pragma:
      - no-cache
      strict-transport-security:
      - max-age=31536000; includeSubDomains
      vary:
      - Accept-Encoding
      x-content-type-options:
      - nosniff
    status:
      code: 200
      message: OK
- request:
    body: null
    headers:
      Accept:
      - '*/*'
      Accept-Encoding:
      - gzip, deflate
      CommandName:
      - network vpn-connection create
      Connection:
      - keep-alive
      ParameterSetName:
      - -g -n --vnet-gateway1 --local-gateway2 --shared-key --enable-bgp
      User-Agent:
      - AZURECLI/2.23.0 azsdk-python-azure-mgmt-resource/16.1.0 Python/3.7.3 (Windows-10-10.0.19041-SP0)
    method: GET
    uri: https://management.azure.com/subscriptions/00000000-0000-0000-0000-000000000000/resourcegroups/cli_test_active_active_cross_premise_connection000001/providers/Microsoft.Resources/deployments/mock-deployment/operationStatuses/08585806323463526521?api-version=2021-04-01
  response:
    body:
      string: '{"status":"Running"}'
    headers:
      cache-control:
      - no-cache
      content-length:
      - '20'
      content-type:
      - application/json; charset=utf-8
      date:
      - Fri, 14 May 2021 06:46:56 GMT
      expires:
      - '-1'
      pragma:
      - no-cache
      strict-transport-security:
      - max-age=31536000; includeSubDomains
      vary:
      - Accept-Encoding
      x-content-type-options:
      - nosniff
    status:
      code: 200
      message: OK
- request:
    body: null
    headers:
      Accept:
      - '*/*'
      Accept-Encoding:
      - gzip, deflate
      CommandName:
      - network vpn-connection create
      Connection:
      - keep-alive
      ParameterSetName:
      - -g -n --vnet-gateway1 --local-gateway2 --shared-key --enable-bgp
      User-Agent:
      - AZURECLI/2.23.0 azsdk-python-azure-mgmt-resource/16.1.0 Python/3.7.3 (Windows-10-10.0.19041-SP0)
    method: GET
    uri: https://management.azure.com/subscriptions/00000000-0000-0000-0000-000000000000/resourcegroups/cli_test_active_active_cross_premise_connection000001/providers/Microsoft.Resources/deployments/mock-deployment/operationStatuses/08585806323463526521?api-version=2021-04-01
  response:
    body:
      string: '{"status":"Running"}'
    headers:
      cache-control:
      - no-cache
      content-length:
      - '20'
      content-type:
      - application/json; charset=utf-8
      date:
      - Fri, 14 May 2021 06:47:26 GMT
      expires:
      - '-1'
      pragma:
      - no-cache
      strict-transport-security:
      - max-age=31536000; includeSubDomains
      vary:
      - Accept-Encoding
      x-content-type-options:
      - nosniff
    status:
      code: 200
      message: OK
- request:
    body: null
    headers:
      Accept:
      - '*/*'
      Accept-Encoding:
      - gzip, deflate
      CommandName:
      - network vpn-connection create
      Connection:
      - keep-alive
      ParameterSetName:
      - -g -n --vnet-gateway1 --local-gateway2 --shared-key --enable-bgp
      User-Agent:
      - AZURECLI/2.23.0 azsdk-python-azure-mgmt-resource/16.1.0 Python/3.7.3 (Windows-10-10.0.19041-SP0)
    method: GET
    uri: https://management.azure.com/subscriptions/00000000-0000-0000-0000-000000000000/resourcegroups/cli_test_active_active_cross_premise_connection000001/providers/Microsoft.Resources/deployments/mock-deployment/operationStatuses/08585806323463526521?api-version=2021-04-01
  response:
    body:
      string: '{"status":"Running"}'
    headers:
      cache-control:
      - no-cache
      content-length:
      - '20'
      content-type:
      - application/json; charset=utf-8
      date:
      - Fri, 14 May 2021 06:47:57 GMT
      expires:
      - '-1'
      pragma:
      - no-cache
      strict-transport-security:
      - max-age=31536000; includeSubDomains
      vary:
      - Accept-Encoding
      x-content-type-options:
      - nosniff
    status:
      code: 200
      message: OK
- request:
    body: null
    headers:
      Accept:
      - '*/*'
      Accept-Encoding:
      - gzip, deflate
      CommandName:
      - network vpn-connection create
      Connection:
      - keep-alive
      ParameterSetName:
      - -g -n --vnet-gateway1 --local-gateway2 --shared-key --enable-bgp
      User-Agent:
      - AZURECLI/2.23.0 azsdk-python-azure-mgmt-resource/16.1.0 Python/3.7.3 (Windows-10-10.0.19041-SP0)
    method: GET
    uri: https://management.azure.com/subscriptions/00000000-0000-0000-0000-000000000000/resourcegroups/cli_test_active_active_cross_premise_connection000001/providers/Microsoft.Resources/deployments/mock-deployment/operationStatuses/08585806323463526521?api-version=2021-04-01
  response:
    body:
      string: '{"status":"Running"}'
    headers:
      cache-control:
      - no-cache
      content-length:
      - '20'
      content-type:
      - application/json; charset=utf-8
      date:
      - Fri, 14 May 2021 06:48:27 GMT
      expires:
      - '-1'
      pragma:
      - no-cache
      strict-transport-security:
      - max-age=31536000; includeSubDomains
      vary:
      - Accept-Encoding
      x-content-type-options:
      - nosniff
    status:
      code: 200
      message: OK
- request:
    body: null
    headers:
      Accept:
      - '*/*'
      Accept-Encoding:
      - gzip, deflate
      CommandName:
      - network vpn-connection create
      Connection:
      - keep-alive
      ParameterSetName:
      - -g -n --vnet-gateway1 --local-gateway2 --shared-key --enable-bgp
      User-Agent:
      - AZURECLI/2.23.0 azsdk-python-azure-mgmt-resource/16.1.0 Python/3.7.3 (Windows-10-10.0.19041-SP0)
    method: GET
    uri: https://management.azure.com/subscriptions/00000000-0000-0000-0000-000000000000/resourcegroups/cli_test_active_active_cross_premise_connection000001/providers/Microsoft.Resources/deployments/mock-deployment/operationStatuses/08585806323463526521?api-version=2021-04-01
  response:
    body:
      string: '{"status":"Running"}'
    headers:
      cache-control:
      - no-cache
      content-length:
      - '20'
      content-type:
      - application/json; charset=utf-8
      date:
      - Fri, 14 May 2021 06:48:58 GMT
      expires:
      - '-1'
      pragma:
      - no-cache
      strict-transport-security:
      - max-age=31536000; includeSubDomains
      vary:
      - Accept-Encoding
      x-content-type-options:
      - nosniff
    status:
      code: 200
      message: OK
- request:
    body: null
    headers:
      Accept:
      - '*/*'
      Accept-Encoding:
      - gzip, deflate
      CommandName:
      - network vpn-connection create
      Connection:
      - keep-alive
      ParameterSetName:
      - -g -n --vnet-gateway1 --local-gateway2 --shared-key --enable-bgp
      User-Agent:
      - AZURECLI/2.23.0 azsdk-python-azure-mgmt-resource/16.1.0 Python/3.7.3 (Windows-10-10.0.19041-SP0)
    method: GET
    uri: https://management.azure.com/subscriptions/00000000-0000-0000-0000-000000000000/resourcegroups/cli_test_active_active_cross_premise_connection000001/providers/Microsoft.Resources/deployments/mock-deployment/operationStatuses/08585806323463526521?api-version=2021-04-01
  response:
    body:
      string: '{"status":"Running"}'
    headers:
      cache-control:
      - no-cache
      content-length:
      - '20'
      content-type:
      - application/json; charset=utf-8
      date:
      - Fri, 14 May 2021 06:49:28 GMT
      expires:
      - '-1'
      pragma:
      - no-cache
      strict-transport-security:
      - max-age=31536000; includeSubDomains
      vary:
      - Accept-Encoding
      x-content-type-options:
      - nosniff
    status:
      code: 200
      message: OK
- request:
    body: null
    headers:
      Accept:
      - '*/*'
      Accept-Encoding:
      - gzip, deflate
      CommandName:
      - network vpn-connection create
      Connection:
      - keep-alive
      ParameterSetName:
      - -g -n --vnet-gateway1 --local-gateway2 --shared-key --enable-bgp
      User-Agent:
      - AZURECLI/2.23.0 azsdk-python-azure-mgmt-resource/16.1.0 Python/3.7.3 (Windows-10-10.0.19041-SP0)
    method: GET
    uri: https://management.azure.com/subscriptions/00000000-0000-0000-0000-000000000000/resourcegroups/cli_test_active_active_cross_premise_connection000001/providers/Microsoft.Resources/deployments/mock-deployment/operationStatuses/08585806323463526521?api-version=2021-04-01
  response:
    body:
      string: '{"status":"Running"}'
    headers:
      cache-control:
      - no-cache
      content-length:
      - '20'
      content-type:
      - application/json; charset=utf-8
      date:
      - Fri, 14 May 2021 06:49:59 GMT
      expires:
      - '-1'
      pragma:
      - no-cache
      strict-transport-security:
      - max-age=31536000; includeSubDomains
      vary:
      - Accept-Encoding
      x-content-type-options:
      - nosniff
    status:
      code: 200
      message: OK
- request:
    body: null
    headers:
      Accept:
      - '*/*'
      Accept-Encoding:
      - gzip, deflate
      CommandName:
      - network vpn-connection create
      Connection:
      - keep-alive
      ParameterSetName:
      - -g -n --vnet-gateway1 --local-gateway2 --shared-key --enable-bgp
      User-Agent:
      - AZURECLI/2.23.0 azsdk-python-azure-mgmt-resource/16.1.0 Python/3.7.3 (Windows-10-10.0.19041-SP0)
    method: GET
    uri: https://management.azure.com/subscriptions/00000000-0000-0000-0000-000000000000/resourcegroups/cli_test_active_active_cross_premise_connection000001/providers/Microsoft.Resources/deployments/mock-deployment/operationStatuses/08585806323463526521?api-version=2021-04-01
  response:
    body:
      string: '{"status":"Running"}'
    headers:
      cache-control:
      - no-cache
      content-length:
      - '20'
      content-type:
      - application/json; charset=utf-8
      date:
      - Fri, 14 May 2021 06:50:30 GMT
      expires:
      - '-1'
      pragma:
      - no-cache
      strict-transport-security:
      - max-age=31536000; includeSubDomains
      vary:
      - Accept-Encoding
      x-content-type-options:
      - nosniff
    status:
      code: 200
      message: OK
- request:
    body: null
    headers:
      Accept:
      - '*/*'
      Accept-Encoding:
      - gzip, deflate
      CommandName:
      - network vpn-connection create
      Connection:
      - keep-alive
      ParameterSetName:
      - -g -n --vnet-gateway1 --local-gateway2 --shared-key --enable-bgp
      User-Agent:
      - AZURECLI/2.23.0 azsdk-python-azure-mgmt-resource/16.1.0 Python/3.7.3 (Windows-10-10.0.19041-SP0)
    method: GET
    uri: https://management.azure.com/subscriptions/00000000-0000-0000-0000-000000000000/resourcegroups/cli_test_active_active_cross_premise_connection000001/providers/Microsoft.Resources/deployments/mock-deployment/operationStatuses/08585806323463526521?api-version=2021-04-01
  response:
    body:
      string: '{"status":"Running"}'
    headers:
      cache-control:
      - no-cache
      content-length:
      - '20'
      content-type:
      - application/json; charset=utf-8
      date:
      - Fri, 14 May 2021 06:51:00 GMT
      expires:
      - '-1'
      pragma:
      - no-cache
      strict-transport-security:
      - max-age=31536000; includeSubDomains
      vary:
      - Accept-Encoding
      x-content-type-options:
      - nosniff
    status:
      code: 200
      message: OK
- request:
    body: null
    headers:
      Accept:
      - '*/*'
      Accept-Encoding:
      - gzip, deflate
      CommandName:
      - network vpn-connection create
      Connection:
      - keep-alive
      ParameterSetName:
      - -g -n --vnet-gateway1 --local-gateway2 --shared-key --enable-bgp
      User-Agent:
      - AZURECLI/2.23.0 azsdk-python-azure-mgmt-resource/16.1.0 Python/3.7.3 (Windows-10-10.0.19041-SP0)
    method: GET
    uri: https://management.azure.com/subscriptions/00000000-0000-0000-0000-000000000000/resourcegroups/cli_test_active_active_cross_premise_connection000001/providers/Microsoft.Resources/deployments/mock-deployment/operationStatuses/08585806323463526521?api-version=2021-04-01
  response:
    body:
      string: '{"status":"Running"}'
    headers:
      cache-control:
      - no-cache
      content-length:
      - '20'
      content-type:
      - application/json; charset=utf-8
      date:
      - Fri, 14 May 2021 06:51:31 GMT
      expires:
      - '-1'
      pragma:
      - no-cache
      strict-transport-security:
      - max-age=31536000; includeSubDomains
      vary:
      - Accept-Encoding
      x-content-type-options:
      - nosniff
    status:
      code: 200
      message: OK
- request:
    body: null
    headers:
      Accept:
      - '*/*'
      Accept-Encoding:
      - gzip, deflate
      CommandName:
      - network vpn-connection create
      Connection:
      - keep-alive
      ParameterSetName:
      - -g -n --vnet-gateway1 --local-gateway2 --shared-key --enable-bgp
      User-Agent:
      - AZURECLI/2.23.0 azsdk-python-azure-mgmt-resource/16.1.0 Python/3.7.3 (Windows-10-10.0.19041-SP0)
    method: GET
    uri: https://management.azure.com/subscriptions/00000000-0000-0000-0000-000000000000/resourcegroups/cli_test_active_active_cross_premise_connection000001/providers/Microsoft.Resources/deployments/mock-deployment/operationStatuses/08585806323463526521?api-version=2021-04-01
  response:
    body:
      string: '{"status":"Running"}'
    headers:
      cache-control:
      - no-cache
      content-length:
      - '20'
      content-type:
      - application/json; charset=utf-8
      date:
      - Fri, 14 May 2021 06:52:01 GMT
      expires:
      - '-1'
      pragma:
      - no-cache
      strict-transport-security:
      - max-age=31536000; includeSubDomains
      vary:
      - Accept-Encoding
      x-content-type-options:
      - nosniff
    status:
      code: 200
      message: OK
- request:
    body: null
    headers:
      Accept:
      - '*/*'
      Accept-Encoding:
      - gzip, deflate
      CommandName:
      - network vpn-connection create
      Connection:
      - keep-alive
      ParameterSetName:
      - -g -n --vnet-gateway1 --local-gateway2 --shared-key --enable-bgp
      User-Agent:
      - AZURECLI/2.23.0 azsdk-python-azure-mgmt-resource/16.1.0 Python/3.7.3 (Windows-10-10.0.19041-SP0)
    method: GET
    uri: https://management.azure.com/subscriptions/00000000-0000-0000-0000-000000000000/resourcegroups/cli_test_active_active_cross_premise_connection000001/providers/Microsoft.Resources/deployments/mock-deployment/operationStatuses/08585806323463526521?api-version=2021-04-01
  response:
    body:
      string: '{"status":"Running"}'
    headers:
      cache-control:
      - no-cache
      content-length:
      - '20'
      content-type:
      - application/json; charset=utf-8
      date:
      - Fri, 14 May 2021 06:52:31 GMT
      expires:
      - '-1'
      pragma:
      - no-cache
      strict-transport-security:
      - max-age=31536000; includeSubDomains
      vary:
      - Accept-Encoding
      x-content-type-options:
      - nosniff
    status:
      code: 200
      message: OK
- request:
    body: null
    headers:
      Accept:
      - '*/*'
      Accept-Encoding:
      - gzip, deflate
      CommandName:
      - network vpn-connection create
      Connection:
      - keep-alive
      ParameterSetName:
      - -g -n --vnet-gateway1 --local-gateway2 --shared-key --enable-bgp
      User-Agent:
      - AZURECLI/2.23.0 azsdk-python-azure-mgmt-resource/16.1.0 Python/3.7.3 (Windows-10-10.0.19041-SP0)
    method: GET
    uri: https://management.azure.com/subscriptions/00000000-0000-0000-0000-000000000000/resourcegroups/cli_test_active_active_cross_premise_connection000001/providers/Microsoft.Resources/deployments/mock-deployment/operationStatuses/08585806323463526521?api-version=2021-04-01
  response:
    body:
      string: '{"status":"Running"}'
    headers:
      cache-control:
      - no-cache
      content-length:
      - '20'
      content-type:
      - application/json; charset=utf-8
      date:
      - Fri, 14 May 2021 06:53:02 GMT
      expires:
      - '-1'
      pragma:
      - no-cache
      strict-transport-security:
      - max-age=31536000; includeSubDomains
      vary:
      - Accept-Encoding
      x-content-type-options:
      - nosniff
    status:
      code: 200
      message: OK
- request:
    body: null
    headers:
      Accept:
      - '*/*'
      Accept-Encoding:
      - gzip, deflate
      CommandName:
      - network vpn-connection create
      Connection:
      - keep-alive
      ParameterSetName:
      - -g -n --vnet-gateway1 --local-gateway2 --shared-key --enable-bgp
      User-Agent:
      - AZURECLI/2.23.0 azsdk-python-azure-mgmt-resource/16.1.0 Python/3.7.3 (Windows-10-10.0.19041-SP0)
    method: GET
    uri: https://management.azure.com/subscriptions/00000000-0000-0000-0000-000000000000/resourcegroups/cli_test_active_active_cross_premise_connection000001/providers/Microsoft.Resources/deployments/mock-deployment/operationStatuses/08585806323463526521?api-version=2021-04-01
  response:
    body:
      string: '{"status":"Running"}'
    headers:
      cache-control:
      - no-cache
      content-length:
      - '20'
      content-type:
      - application/json; charset=utf-8
      date:
      - Fri, 14 May 2021 06:53:33 GMT
      expires:
      - '-1'
      pragma:
      - no-cache
      strict-transport-security:
      - max-age=31536000; includeSubDomains
      vary:
      - Accept-Encoding
      x-content-type-options:
      - nosniff
    status:
      code: 200
      message: OK
- request:
    body: null
    headers:
      Accept:
      - '*/*'
      Accept-Encoding:
      - gzip, deflate
      CommandName:
      - network vpn-connection create
      Connection:
      - keep-alive
      ParameterSetName:
      - -g -n --vnet-gateway1 --local-gateway2 --shared-key --enable-bgp
      User-Agent:
      - AZURECLI/2.23.0 azsdk-python-azure-mgmt-resource/16.1.0 Python/3.7.3 (Windows-10-10.0.19041-SP0)
    method: GET
    uri: https://management.azure.com/subscriptions/00000000-0000-0000-0000-000000000000/resourcegroups/cli_test_active_active_cross_premise_connection000001/providers/Microsoft.Resources/deployments/mock-deployment/operationStatuses/08585806323463526521?api-version=2021-04-01
  response:
    body:
      string: '{"status":"Running"}'
    headers:
      cache-control:
      - no-cache
      content-length:
      - '20'
      content-type:
      - application/json; charset=utf-8
      date:
      - Fri, 14 May 2021 06:54:03 GMT
      expires:
      - '-1'
      pragma:
      - no-cache
      strict-transport-security:
      - max-age=31536000; includeSubDomains
      vary:
      - Accept-Encoding
      x-content-type-options:
      - nosniff
    status:
      code: 200
      message: OK
- request:
    body: null
    headers:
      Accept:
      - '*/*'
      Accept-Encoding:
      - gzip, deflate
      CommandName:
      - network vpn-connection create
      Connection:
      - keep-alive
      ParameterSetName:
      - -g -n --vnet-gateway1 --local-gateway2 --shared-key --enable-bgp
      User-Agent:
      - AZURECLI/2.23.0 azsdk-python-azure-mgmt-resource/16.1.0 Python/3.7.3 (Windows-10-10.0.19041-SP0)
    method: GET
    uri: https://management.azure.com/subscriptions/00000000-0000-0000-0000-000000000000/resourcegroups/cli_test_active_active_cross_premise_connection000001/providers/Microsoft.Resources/deployments/mock-deployment/operationStatuses/08585806323463526521?api-version=2021-04-01
  response:
    body:
      string: '{"status":"Running"}'
    headers:
      cache-control:
      - no-cache
      content-length:
      - '20'
      content-type:
      - application/json; charset=utf-8
      date:
      - Fri, 14 May 2021 06:54:34 GMT
      expires:
      - '-1'
      pragma:
      - no-cache
      strict-transport-security:
      - max-age=31536000; includeSubDomains
      vary:
      - Accept-Encoding
      x-content-type-options:
      - nosniff
    status:
      code: 200
      message: OK
- request:
    body: null
    headers:
      Accept:
      - '*/*'
      Accept-Encoding:
      - gzip, deflate
      CommandName:
      - network vpn-connection create
      Connection:
      - keep-alive
      ParameterSetName:
      - -g -n --vnet-gateway1 --local-gateway2 --shared-key --enable-bgp
      User-Agent:
      - AZURECLI/2.23.0 azsdk-python-azure-mgmt-resource/16.1.0 Python/3.7.3 (Windows-10-10.0.19041-SP0)
    method: GET
    uri: https://management.azure.com/subscriptions/00000000-0000-0000-0000-000000000000/resourcegroups/cli_test_active_active_cross_premise_connection000001/providers/Microsoft.Resources/deployments/mock-deployment/operationStatuses/08585806323463526521?api-version=2021-04-01
  response:
    body:
      string: '{"status":"Running"}'
    headers:
      cache-control:
      - no-cache
      content-length:
      - '20'
      content-type:
      - application/json; charset=utf-8
      date:
      - Fri, 14 May 2021 06:55:05 GMT
      expires:
      - '-1'
      pragma:
      - no-cache
      strict-transport-security:
      - max-age=31536000; includeSubDomains
      vary:
      - Accept-Encoding
      x-content-type-options:
      - nosniff
    status:
      code: 200
      message: OK
- request:
    body: null
    headers:
      Accept:
      - '*/*'
      Accept-Encoding:
      - gzip, deflate
      CommandName:
      - network vpn-connection create
      Connection:
      - keep-alive
      ParameterSetName:
      - -g -n --vnet-gateway1 --local-gateway2 --shared-key --enable-bgp
      User-Agent:
      - AZURECLI/2.23.0 azsdk-python-azure-mgmt-resource/16.1.0 Python/3.7.3 (Windows-10-10.0.19041-SP0)
    method: GET
    uri: https://management.azure.com/subscriptions/00000000-0000-0000-0000-000000000000/resourcegroups/cli_test_active_active_cross_premise_connection000001/providers/Microsoft.Resources/deployments/mock-deployment/operationStatuses/08585806323463526521?api-version=2021-04-01
  response:
    body:
      string: '{"status":"Running"}'
    headers:
      cache-control:
      - no-cache
      content-length:
      - '20'
      content-type:
      - application/json; charset=utf-8
      date:
      - Fri, 14 May 2021 06:55:35 GMT
      expires:
      - '-1'
      pragma:
      - no-cache
      strict-transport-security:
      - max-age=31536000; includeSubDomains
      vary:
      - Accept-Encoding
      x-content-type-options:
      - nosniff
    status:
      code: 200
      message: OK
- request:
    body: null
    headers:
      Accept:
      - '*/*'
      Accept-Encoding:
      - gzip, deflate
      CommandName:
      - network vpn-connection create
      Connection:
      - keep-alive
      ParameterSetName:
      - -g -n --vnet-gateway1 --local-gateway2 --shared-key --enable-bgp
      User-Agent:
      - AZURECLI/2.23.0 azsdk-python-azure-mgmt-resource/16.1.0 Python/3.7.3 (Windows-10-10.0.19041-SP0)
    method: GET
    uri: https://management.azure.com/subscriptions/00000000-0000-0000-0000-000000000000/resourcegroups/cli_test_active_active_cross_premise_connection000001/providers/Microsoft.Resources/deployments/mock-deployment/operationStatuses/08585806323463526521?api-version=2021-04-01
  response:
    body:
      string: '{"status":"Running"}'
    headers:
      cache-control:
      - no-cache
      content-length:
      - '20'
      content-type:
      - application/json; charset=utf-8
      date:
      - Fri, 14 May 2021 06:56:05 GMT
      expires:
      - '-1'
      pragma:
      - no-cache
      strict-transport-security:
      - max-age=31536000; includeSubDomains
      vary:
      - Accept-Encoding
      x-content-type-options:
      - nosniff
    status:
      code: 200
      message: OK
- request:
    body: null
    headers:
      Accept:
      - '*/*'
      Accept-Encoding:
      - gzip, deflate
      CommandName:
      - network vpn-connection create
      Connection:
      - keep-alive
      ParameterSetName:
      - -g -n --vnet-gateway1 --local-gateway2 --shared-key --enable-bgp
      User-Agent:
      - AZURECLI/2.23.0 azsdk-python-azure-mgmt-resource/16.1.0 Python/3.7.3 (Windows-10-10.0.19041-SP0)
    method: GET
    uri: https://management.azure.com/subscriptions/00000000-0000-0000-0000-000000000000/resourcegroups/cli_test_active_active_cross_premise_connection000001/providers/Microsoft.Resources/deployments/mock-deployment/operationStatuses/08585806323463526521?api-version=2021-04-01
  response:
    body:
      string: '{"status":"Running"}'
    headers:
      cache-control:
      - no-cache
      content-length:
      - '20'
      content-type:
      - application/json; charset=utf-8
      date:
      - Fri, 14 May 2021 06:56:36 GMT
      expires:
      - '-1'
      pragma:
      - no-cache
      strict-transport-security:
      - max-age=31536000; includeSubDomains
      vary:
      - Accept-Encoding
      x-content-type-options:
      - nosniff
    status:
      code: 200
      message: OK
- request:
    body: null
    headers:
      Accept:
      - '*/*'
      Accept-Encoding:
      - gzip, deflate
      CommandName:
      - network vpn-connection create
      Connection:
      - keep-alive
      ParameterSetName:
      - -g -n --vnet-gateway1 --local-gateway2 --shared-key --enable-bgp
      User-Agent:
      - AZURECLI/2.23.0 azsdk-python-azure-mgmt-resource/16.1.0 Python/3.7.3 (Windows-10-10.0.19041-SP0)
    method: GET
    uri: https://management.azure.com/subscriptions/00000000-0000-0000-0000-000000000000/resourcegroups/cli_test_active_active_cross_premise_connection000001/providers/Microsoft.Resources/deployments/mock-deployment/operationStatuses/08585806323463526521?api-version=2021-04-01
  response:
    body:
      string: '{"status":"Running"}'
    headers:
      cache-control:
      - no-cache
      content-length:
      - '20'
      content-type:
      - application/json; charset=utf-8
      date:
      - Fri, 14 May 2021 06:57:07 GMT
      expires:
      - '-1'
      pragma:
      - no-cache
      strict-transport-security:
      - max-age=31536000; includeSubDomains
      vary:
      - Accept-Encoding
      x-content-type-options:
      - nosniff
    status:
      code: 200
      message: OK
- request:
    body: null
    headers:
      Accept:
      - '*/*'
      Accept-Encoding:
      - gzip, deflate
      CommandName:
      - network vpn-connection create
      Connection:
      - keep-alive
      ParameterSetName:
      - -g -n --vnet-gateway1 --local-gateway2 --shared-key --enable-bgp
      User-Agent:
      - AZURECLI/2.23.0 azsdk-python-azure-mgmt-resource/16.1.0 Python/3.7.3 (Windows-10-10.0.19041-SP0)
    method: GET
    uri: https://management.azure.com/subscriptions/00000000-0000-0000-0000-000000000000/resourcegroups/cli_test_active_active_cross_premise_connection000001/providers/Microsoft.Resources/deployments/mock-deployment/operationStatuses/08585806323463526521?api-version=2021-04-01
  response:
    body:
      string: '{"status":"Running"}'
    headers:
      cache-control:
      - no-cache
      content-length:
      - '20'
      content-type:
      - application/json; charset=utf-8
      date:
      - Fri, 14 May 2021 06:57:37 GMT
      expires:
      - '-1'
      pragma:
      - no-cache
      strict-transport-security:
      - max-age=31536000; includeSubDomains
      vary:
      - Accept-Encoding
      x-content-type-options:
      - nosniff
    status:
      code: 200
      message: OK
- request:
    body: null
    headers:
      Accept:
      - '*/*'
      Accept-Encoding:
      - gzip, deflate
      CommandName:
      - network vpn-connection create
      Connection:
      - keep-alive
      ParameterSetName:
      - -g -n --vnet-gateway1 --local-gateway2 --shared-key --enable-bgp
      User-Agent:
      - AZURECLI/2.23.0 azsdk-python-azure-mgmt-resource/16.1.0 Python/3.7.3 (Windows-10-10.0.19041-SP0)
    method: GET
    uri: https://management.azure.com/subscriptions/00000000-0000-0000-0000-000000000000/resourcegroups/cli_test_active_active_cross_premise_connection000001/providers/Microsoft.Resources/deployments/mock-deployment/operationStatuses/08585806323463526521?api-version=2021-04-01
  response:
    body:
      string: '{"status":"Running"}'
    headers:
      cache-control:
      - no-cache
      content-length:
      - '20'
      content-type:
      - application/json; charset=utf-8
      date:
      - Fri, 14 May 2021 06:58:07 GMT
      expires:
      - '-1'
      pragma:
      - no-cache
      strict-transport-security:
      - max-age=31536000; includeSubDomains
      vary:
      - Accept-Encoding
      x-content-type-options:
      - nosniff
    status:
      code: 200
      message: OK
- request:
    body: null
    headers:
      Accept:
      - '*/*'
      Accept-Encoding:
      - gzip, deflate
      CommandName:
      - network vpn-connection create
      Connection:
      - keep-alive
      ParameterSetName:
      - -g -n --vnet-gateway1 --local-gateway2 --shared-key --enable-bgp
      User-Agent:
      - AZURECLI/2.23.0 azsdk-python-azure-mgmt-resource/16.1.0 Python/3.7.3 (Windows-10-10.0.19041-SP0)
    method: GET
    uri: https://management.azure.com/subscriptions/00000000-0000-0000-0000-000000000000/resourcegroups/cli_test_active_active_cross_premise_connection000001/providers/Microsoft.Resources/deployments/mock-deployment/operationStatuses/08585806323463526521?api-version=2021-04-01
  response:
    body:
      string: '{"status":"Running"}'
    headers:
      cache-control:
      - no-cache
      content-length:
      - '20'
      content-type:
      - application/json; charset=utf-8
      date:
      - Fri, 14 May 2021 06:58:38 GMT
      expires:
      - '-1'
      pragma:
      - no-cache
      strict-transport-security:
      - max-age=31536000; includeSubDomains
      vary:
      - Accept-Encoding
      x-content-type-options:
      - nosniff
    status:
      code: 200
      message: OK
- request:
    body: null
    headers:
      Accept:
      - '*/*'
      Accept-Encoding:
      - gzip, deflate
      CommandName:
      - network vpn-connection create
      Connection:
      - keep-alive
      ParameterSetName:
      - -g -n --vnet-gateway1 --local-gateway2 --shared-key --enable-bgp
      User-Agent:
      - AZURECLI/2.23.0 azsdk-python-azure-mgmt-resource/16.1.0 Python/3.7.3 (Windows-10-10.0.19041-SP0)
    method: GET
    uri: https://management.azure.com/subscriptions/00000000-0000-0000-0000-000000000000/resourcegroups/cli_test_active_active_cross_premise_connection000001/providers/Microsoft.Resources/deployments/mock-deployment/operationStatuses/08585806323463526521?api-version=2021-04-01
  response:
    body:
      string: '{"status":"Running"}'
    headers:
      cache-control:
      - no-cache
      content-length:
      - '20'
      content-type:
      - application/json; charset=utf-8
      date:
      - Fri, 14 May 2021 06:59:09 GMT
      expires:
      - '-1'
      pragma:
      - no-cache
      strict-transport-security:
      - max-age=31536000; includeSubDomains
      vary:
      - Accept-Encoding
      x-content-type-options:
      - nosniff
    status:
      code: 200
      message: OK
- request:
    body: null
    headers:
      Accept:
      - '*/*'
      Accept-Encoding:
      - gzip, deflate
      CommandName:
      - network vpn-connection create
      Connection:
      - keep-alive
      ParameterSetName:
      - -g -n --vnet-gateway1 --local-gateway2 --shared-key --enable-bgp
      User-Agent:
      - AZURECLI/2.23.0 azsdk-python-azure-mgmt-resource/16.1.0 Python/3.7.3 (Windows-10-10.0.19041-SP0)
    method: GET
    uri: https://management.azure.com/subscriptions/00000000-0000-0000-0000-000000000000/resourcegroups/cli_test_active_active_cross_premise_connection000001/providers/Microsoft.Resources/deployments/mock-deployment/operationStatuses/08585806323463526521?api-version=2021-04-01
  response:
    body:
      string: '{"status":"Running"}'
    headers:
      cache-control:
      - no-cache
      content-length:
      - '20'
      content-type:
      - application/json; charset=utf-8
      date:
      - Fri, 14 May 2021 06:59:39 GMT
      expires:
      - '-1'
      pragma:
      - no-cache
      strict-transport-security:
      - max-age=31536000; includeSubDomains
      vary:
      - Accept-Encoding
      x-content-type-options:
      - nosniff
    status:
      code: 200
      message: OK
- request:
    body: null
    headers:
      Accept:
      - '*/*'
      Accept-Encoding:
      - gzip, deflate
      CommandName:
      - network vpn-connection create
      Connection:
      - keep-alive
      ParameterSetName:
      - -g -n --vnet-gateway1 --local-gateway2 --shared-key --enable-bgp
      User-Agent:
      - AZURECLI/2.23.0 azsdk-python-azure-mgmt-resource/16.1.0 Python/3.7.3 (Windows-10-10.0.19041-SP0)
    method: GET
    uri: https://management.azure.com/subscriptions/00000000-0000-0000-0000-000000000000/resourcegroups/cli_test_active_active_cross_premise_connection000001/providers/Microsoft.Resources/deployments/mock-deployment/operationStatuses/08585806323463526521?api-version=2021-04-01
  response:
    body:
      string: '{"status":"Running"}'
    headers:
      cache-control:
      - no-cache
      content-length:
      - '20'
      content-type:
      - application/json; charset=utf-8
      date:
      - Fri, 14 May 2021 07:00:09 GMT
      expires:
      - '-1'
      pragma:
      - no-cache
      strict-transport-security:
      - max-age=31536000; includeSubDomains
      vary:
      - Accept-Encoding
      x-content-type-options:
      - nosniff
    status:
      code: 200
      message: OK
- request:
    body: null
    headers:
      Accept:
      - '*/*'
      Accept-Encoding:
      - gzip, deflate
      CommandName:
      - network vpn-connection create
      Connection:
      - keep-alive
      ParameterSetName:
      - -g -n --vnet-gateway1 --local-gateway2 --shared-key --enable-bgp
      User-Agent:
      - AZURECLI/2.23.0 azsdk-python-azure-mgmt-resource/16.1.0 Python/3.7.3 (Windows-10-10.0.19041-SP0)
    method: GET
    uri: https://management.azure.com/subscriptions/00000000-0000-0000-0000-000000000000/resourcegroups/cli_test_active_active_cross_premise_connection000001/providers/Microsoft.Resources/deployments/mock-deployment/operationStatuses/08585806323463526521?api-version=2021-04-01
  response:
    body:
      string: '{"status":"Running"}'
    headers:
      cache-control:
      - no-cache
      content-length:
      - '20'
      content-type:
      - application/json; charset=utf-8
      date:
      - Fri, 14 May 2021 07:00:41 GMT
      expires:
      - '-1'
      pragma:
      - no-cache
      strict-transport-security:
      - max-age=31536000; includeSubDomains
      vary:
      - Accept-Encoding
      x-content-type-options:
      - nosniff
    status:
      code: 200
      message: OK
- request:
    body: null
    headers:
      Accept:
      - '*/*'
      Accept-Encoding:
      - gzip, deflate
      CommandName:
      - network vpn-connection create
      Connection:
      - keep-alive
      ParameterSetName:
      - -g -n --vnet-gateway1 --local-gateway2 --shared-key --enable-bgp
      User-Agent:
      - AZURECLI/2.23.0 azsdk-python-azure-mgmt-resource/16.1.0 Python/3.7.3 (Windows-10-10.0.19041-SP0)
    method: GET
    uri: https://management.azure.com/subscriptions/00000000-0000-0000-0000-000000000000/resourcegroups/cli_test_active_active_cross_premise_connection000001/providers/Microsoft.Resources/deployments/mock-deployment/operationStatuses/08585806323463526521?api-version=2021-04-01
  response:
    body:
      string: '{"status":"Running"}'
    headers:
      cache-control:
      - no-cache
      content-length:
      - '20'
      content-type:
      - application/json; charset=utf-8
      date:
      - Fri, 14 May 2021 07:01:11 GMT
      expires:
      - '-1'
      pragma:
      - no-cache
      strict-transport-security:
      - max-age=31536000; includeSubDomains
      vary:
      - Accept-Encoding
      x-content-type-options:
      - nosniff
    status:
      code: 200
      message: OK
- request:
    body: null
    headers:
      Accept:
      - '*/*'
      Accept-Encoding:
      - gzip, deflate
      CommandName:
      - network vpn-connection create
      Connection:
      - keep-alive
      ParameterSetName:
      - -g -n --vnet-gateway1 --local-gateway2 --shared-key --enable-bgp
      User-Agent:
      - AZURECLI/2.23.0 azsdk-python-azure-mgmt-resource/16.1.0 Python/3.7.3 (Windows-10-10.0.19041-SP0)
    method: GET
    uri: https://management.azure.com/subscriptions/00000000-0000-0000-0000-000000000000/resourcegroups/cli_test_active_active_cross_premise_connection000001/providers/Microsoft.Resources/deployments/mock-deployment/operationStatuses/08585806323463526521?api-version=2021-04-01
  response:
    body:
      string: '{"status":"Running"}'
    headers:
      cache-control:
      - no-cache
      content-length:
      - '20'
      content-type:
      - application/json; charset=utf-8
      date:
      - Fri, 14 May 2021 07:01:41 GMT
      expires:
      - '-1'
      pragma:
      - no-cache
      strict-transport-security:
      - max-age=31536000; includeSubDomains
      vary:
      - Accept-Encoding
      x-content-type-options:
      - nosniff
    status:
      code: 200
      message: OK
- request:
    body: null
    headers:
      Accept:
      - '*/*'
      Accept-Encoding:
      - gzip, deflate
      CommandName:
      - network vpn-connection create
      Connection:
      - keep-alive
      ParameterSetName:
      - -g -n --vnet-gateway1 --local-gateway2 --shared-key --enable-bgp
      User-Agent:
      - AZURECLI/2.23.0 azsdk-python-azure-mgmt-resource/16.1.0 Python/3.7.3 (Windows-10-10.0.19041-SP0)
    method: GET
    uri: https://management.azure.com/subscriptions/00000000-0000-0000-0000-000000000000/resourcegroups/cli_test_active_active_cross_premise_connection000001/providers/Microsoft.Resources/deployments/mock-deployment/operationStatuses/08585806323463526521?api-version=2021-04-01
  response:
    body:
      string: '{"status":"Running"}'
    headers:
      cache-control:
      - no-cache
      content-length:
      - '20'
      content-type:
      - application/json; charset=utf-8
      date:
      - Fri, 14 May 2021 07:02:11 GMT
      expires:
      - '-1'
      pragma:
      - no-cache
      strict-transport-security:
      - max-age=31536000; includeSubDomains
      vary:
      - Accept-Encoding
      x-content-type-options:
      - nosniff
    status:
      code: 200
      message: OK
- request:
    body: null
    headers:
      Accept:
      - '*/*'
      Accept-Encoding:
      - gzip, deflate
      CommandName:
      - network vpn-connection create
      Connection:
      - keep-alive
      ParameterSetName:
      - -g -n --vnet-gateway1 --local-gateway2 --shared-key --enable-bgp
      User-Agent:
      - AZURECLI/2.23.0 azsdk-python-azure-mgmt-resource/16.1.0 Python/3.7.3 (Windows-10-10.0.19041-SP0)
    method: GET
    uri: https://management.azure.com/subscriptions/00000000-0000-0000-0000-000000000000/resourcegroups/cli_test_active_active_cross_premise_connection000001/providers/Microsoft.Resources/deployments/mock-deployment/operationStatuses/08585806323463526521?api-version=2021-04-01
  response:
    body:
      string: '{"status":"Running"}'
    headers:
      cache-control:
      - no-cache
      content-length:
      - '20'
      content-type:
      - application/json; charset=utf-8
      date:
      - Fri, 14 May 2021 07:02:43 GMT
      expires:
      - '-1'
      pragma:
      - no-cache
      strict-transport-security:
      - max-age=31536000; includeSubDomains
      vary:
      - Accept-Encoding
      x-content-type-options:
      - nosniff
    status:
      code: 200
      message: OK
- request:
    body: null
    headers:
      Accept:
      - '*/*'
      Accept-Encoding:
      - gzip, deflate
      CommandName:
      - network vpn-connection create
      Connection:
      - keep-alive
      ParameterSetName:
      - -g -n --vnet-gateway1 --local-gateway2 --shared-key --enable-bgp
      User-Agent:
      - AZURECLI/2.23.0 azsdk-python-azure-mgmt-resource/16.1.0 Python/3.7.3 (Windows-10-10.0.19041-SP0)
    method: GET
    uri: https://management.azure.com/subscriptions/00000000-0000-0000-0000-000000000000/resourcegroups/cli_test_active_active_cross_premise_connection000001/providers/Microsoft.Resources/deployments/mock-deployment/operationStatuses/08585806323463526521?api-version=2021-04-01
  response:
    body:
      string: '{"status":"Running"}'
    headers:
      cache-control:
      - no-cache
      content-length:
      - '20'
      content-type:
      - application/json; charset=utf-8
      date:
      - Fri, 14 May 2021 07:03:13 GMT
      expires:
      - '-1'
      pragma:
      - no-cache
      strict-transport-security:
      - max-age=31536000; includeSubDomains
      vary:
      - Accept-Encoding
      x-content-type-options:
      - nosniff
    status:
      code: 200
      message: OK
- request:
    body: null
    headers:
      Accept:
      - '*/*'
      Accept-Encoding:
      - gzip, deflate
      CommandName:
      - network vpn-connection create
      Connection:
      - keep-alive
      ParameterSetName:
      - -g -n --vnet-gateway1 --local-gateway2 --shared-key --enable-bgp
      User-Agent:
      - AZURECLI/2.23.0 azsdk-python-azure-mgmt-resource/16.1.0 Python/3.7.3 (Windows-10-10.0.19041-SP0)
    method: GET
    uri: https://management.azure.com/subscriptions/00000000-0000-0000-0000-000000000000/resourcegroups/cli_test_active_active_cross_premise_connection000001/providers/Microsoft.Resources/deployments/mock-deployment/operationStatuses/08585806323463526521?api-version=2021-04-01
  response:
    body:
      string: '{"status":"Running"}'
    headers:
      cache-control:
      - no-cache
      content-length:
      - '20'
      content-type:
      - application/json; charset=utf-8
      date:
      - Fri, 14 May 2021 07:03:43 GMT
      expires:
      - '-1'
      pragma:
      - no-cache
      strict-transport-security:
      - max-age=31536000; includeSubDomains
      vary:
      - Accept-Encoding
      x-content-type-options:
      - nosniff
    status:
      code: 200
      message: OK
- request:
    body: null
    headers:
      Accept:
      - '*/*'
      Accept-Encoding:
      - gzip, deflate
      CommandName:
      - network vpn-connection create
      Connection:
      - keep-alive
      ParameterSetName:
      - -g -n --vnet-gateway1 --local-gateway2 --shared-key --enable-bgp
      User-Agent:
      - AZURECLI/2.23.0 azsdk-python-azure-mgmt-resource/16.1.0 Python/3.7.3 (Windows-10-10.0.19041-SP0)
    method: GET
    uri: https://management.azure.com/subscriptions/00000000-0000-0000-0000-000000000000/resourcegroups/cli_test_active_active_cross_premise_connection000001/providers/Microsoft.Resources/deployments/mock-deployment/operationStatuses/08585806323463526521?api-version=2021-04-01
  response:
    body:
      string: '{"status":"Running"}'
    headers:
      cache-control:
      - no-cache
      content-length:
      - '20'
      content-type:
      - application/json; charset=utf-8
      date:
      - Fri, 14 May 2021 07:04:14 GMT
      expires:
      - '-1'
      pragma:
      - no-cache
      strict-transport-security:
      - max-age=31536000; includeSubDomains
      vary:
      - Accept-Encoding
      x-content-type-options:
      - nosniff
    status:
      code: 200
      message: OK
- request:
    body: null
    headers:
      Accept:
      - '*/*'
      Accept-Encoding:
      - gzip, deflate
      CommandName:
      - network vpn-connection create
      Connection:
      - keep-alive
      ParameterSetName:
      - -g -n --vnet-gateway1 --local-gateway2 --shared-key --enable-bgp
      User-Agent:
      - AZURECLI/2.23.0 azsdk-python-azure-mgmt-resource/16.1.0 Python/3.7.3 (Windows-10-10.0.19041-SP0)
    method: GET
    uri: https://management.azure.com/subscriptions/00000000-0000-0000-0000-000000000000/resourcegroups/cli_test_active_active_cross_premise_connection000001/providers/Microsoft.Resources/deployments/mock-deployment/operationStatuses/08585806323463526521?api-version=2021-04-01
  response:
    body:
      string: '{"status":"Running"}'
    headers:
      cache-control:
      - no-cache
      content-length:
      - '20'
      content-type:
      - application/json; charset=utf-8
      date:
      - Fri, 14 May 2021 07:04:44 GMT
      expires:
      - '-1'
      pragma:
      - no-cache
      strict-transport-security:
      - max-age=31536000; includeSubDomains
      vary:
      - Accept-Encoding
      x-content-type-options:
      - nosniff
    status:
      code: 200
      message: OK
- request:
    body: null
    headers:
      Accept:
      - '*/*'
      Accept-Encoding:
      - gzip, deflate
      CommandName:
      - network vpn-connection create
      Connection:
      - keep-alive
      ParameterSetName:
      - -g -n --vnet-gateway1 --local-gateway2 --shared-key --enable-bgp
      User-Agent:
      - AZURECLI/2.23.0 azsdk-python-azure-mgmt-resource/16.1.0 Python/3.7.3 (Windows-10-10.0.19041-SP0)
    method: GET
    uri: https://management.azure.com/subscriptions/00000000-0000-0000-0000-000000000000/resourcegroups/cli_test_active_active_cross_premise_connection000001/providers/Microsoft.Resources/deployments/mock-deployment/operationStatuses/08585806323463526521?api-version=2021-04-01
  response:
    body:
      string: '{"status":"Running"}'
    headers:
      cache-control:
      - no-cache
      content-length:
      - '20'
      content-type:
      - application/json; charset=utf-8
      date:
      - Fri, 14 May 2021 07:05:16 GMT
      expires:
      - '-1'
      pragma:
      - no-cache
      strict-transport-security:
      - max-age=31536000; includeSubDomains
      vary:
      - Accept-Encoding
      x-content-type-options:
      - nosniff
    status:
      code: 200
      message: OK
- request:
    body: null
    headers:
      Accept:
      - '*/*'
      Accept-Encoding:
      - gzip, deflate
      CommandName:
      - network vpn-connection create
      Connection:
      - keep-alive
      ParameterSetName:
      - -g -n --vnet-gateway1 --local-gateway2 --shared-key --enable-bgp
      User-Agent:
      - AZURECLI/2.23.0 azsdk-python-azure-mgmt-resource/16.1.0 Python/3.7.3 (Windows-10-10.0.19041-SP0)
    method: GET
    uri: https://management.azure.com/subscriptions/00000000-0000-0000-0000-000000000000/resourcegroups/cli_test_active_active_cross_premise_connection000001/providers/Microsoft.Resources/deployments/mock-deployment/operationStatuses/08585806323463526521?api-version=2021-04-01
  response:
    body:
      string: '{"status":"Running"}'
    headers:
      cache-control:
      - no-cache
      content-length:
      - '20'
      content-type:
      - application/json; charset=utf-8
      date:
      - Fri, 14 May 2021 07:05:47 GMT
      expires:
      - '-1'
      pragma:
      - no-cache
      strict-transport-security:
      - max-age=31536000; includeSubDomains
      vary:
      - Accept-Encoding
      x-content-type-options:
      - nosniff
    status:
      code: 200
      message: OK
- request:
    body: null
    headers:
      Accept:
      - '*/*'
      Accept-Encoding:
      - gzip, deflate
      CommandName:
      - network vpn-connection create
      Connection:
      - keep-alive
      ParameterSetName:
      - -g -n --vnet-gateway1 --local-gateway2 --shared-key --enable-bgp
      User-Agent:
      - AZURECLI/2.23.0 azsdk-python-azure-mgmt-resource/16.1.0 Python/3.7.3 (Windows-10-10.0.19041-SP0)
    method: GET
    uri: https://management.azure.com/subscriptions/00000000-0000-0000-0000-000000000000/resourcegroups/cli_test_active_active_cross_premise_connection000001/providers/Microsoft.Resources/deployments/mock-deployment/operationStatuses/08585806323463526521?api-version=2021-04-01
  response:
    body:
      string: '{"status":"Running"}'
    headers:
      cache-control:
      - no-cache
      content-length:
      - '20'
      content-type:
      - application/json; charset=utf-8
      date:
      - Fri, 14 May 2021 07:06:17 GMT
      expires:
      - '-1'
      pragma:
      - no-cache
      strict-transport-security:
      - max-age=31536000; includeSubDomains
      vary:
      - Accept-Encoding
      x-content-type-options:
      - nosniff
    status:
      code: 200
      message: OK
- request:
    body: null
    headers:
      Accept:
      - '*/*'
      Accept-Encoding:
      - gzip, deflate
      CommandName:
      - network vpn-connection create
      Connection:
      - keep-alive
      ParameterSetName:
      - -g -n --vnet-gateway1 --local-gateway2 --shared-key --enable-bgp
      User-Agent:
      - AZURECLI/2.23.0 azsdk-python-azure-mgmt-resource/16.1.0 Python/3.7.3 (Windows-10-10.0.19041-SP0)
    method: GET
    uri: https://management.azure.com/subscriptions/00000000-0000-0000-0000-000000000000/resourcegroups/cli_test_active_active_cross_premise_connection000001/providers/Microsoft.Resources/deployments/mock-deployment/operationStatuses/08585806323463526521?api-version=2021-04-01
  response:
    body:
      string: '{"status":"Running"}'
    headers:
      cache-control:
      - no-cache
      content-length:
      - '20'
      content-type:
      - application/json; charset=utf-8
      date:
      - Fri, 14 May 2021 07:06:47 GMT
      expires:
      - '-1'
      pragma:
      - no-cache
      strict-transport-security:
      - max-age=31536000; includeSubDomains
      vary:
      - Accept-Encoding
      x-content-type-options:
      - nosniff
    status:
      code: 200
      message: OK
- request:
    body: null
    headers:
      Accept:
      - '*/*'
      Accept-Encoding:
      - gzip, deflate
      CommandName:
      - network vpn-connection create
      Connection:
      - keep-alive
      ParameterSetName:
      - -g -n --vnet-gateway1 --local-gateway2 --shared-key --enable-bgp
      User-Agent:
      - AZURECLI/2.23.0 azsdk-python-azure-mgmt-resource/16.1.0 Python/3.7.3 (Windows-10-10.0.19041-SP0)
    method: GET
    uri: https://management.azure.com/subscriptions/00000000-0000-0000-0000-000000000000/resourcegroups/cli_test_active_active_cross_premise_connection000001/providers/Microsoft.Resources/deployments/mock-deployment/operationStatuses/08585806323463526521?api-version=2021-04-01
  response:
    body:
      string: '{"status":"Running"}'
    headers:
      cache-control:
      - no-cache
      content-length:
      - '20'
      content-type:
      - application/json; charset=utf-8
      date:
      - Fri, 14 May 2021 07:07:17 GMT
      expires:
      - '-1'
      pragma:
      - no-cache
      strict-transport-security:
      - max-age=31536000; includeSubDomains
      vary:
      - Accept-Encoding
      x-content-type-options:
      - nosniff
    status:
      code: 200
      message: OK
- request:
    body: null
    headers:
      Accept:
      - '*/*'
      Accept-Encoding:
      - gzip, deflate
      CommandName:
      - network vpn-connection create
      Connection:
      - keep-alive
      ParameterSetName:
      - -g -n --vnet-gateway1 --local-gateway2 --shared-key --enable-bgp
      User-Agent:
      - AZURECLI/2.23.0 azsdk-python-azure-mgmt-resource/16.1.0 Python/3.7.3 (Windows-10-10.0.19041-SP0)
    method: GET
    uri: https://management.azure.com/subscriptions/00000000-0000-0000-0000-000000000000/resourcegroups/cli_test_active_active_cross_premise_connection000001/providers/Microsoft.Resources/deployments/mock-deployment/operationStatuses/08585806323463526521?api-version=2021-04-01
  response:
    body:
      string: '{"status":"Running"}'
    headers:
      cache-control:
      - no-cache
      content-length:
      - '20'
      content-type:
      - application/json; charset=utf-8
      date:
      - Fri, 14 May 2021 07:07:48 GMT
      expires:
      - '-1'
      pragma:
      - no-cache
      strict-transport-security:
      - max-age=31536000; includeSubDomains
      vary:
      - Accept-Encoding
      x-content-type-options:
      - nosniff
    status:
      code: 200
      message: OK
- request:
    body: null
    headers:
      Accept:
      - '*/*'
      Accept-Encoding:
      - gzip, deflate
      CommandName:
      - network vpn-connection create
      Connection:
      - keep-alive
      ParameterSetName:
      - -g -n --vnet-gateway1 --local-gateway2 --shared-key --enable-bgp
      User-Agent:
      - AZURECLI/2.23.0 azsdk-python-azure-mgmt-resource/16.1.0 Python/3.7.3 (Windows-10-10.0.19041-SP0)
    method: GET
    uri: https://management.azure.com/subscriptions/00000000-0000-0000-0000-000000000000/resourcegroups/cli_test_active_active_cross_premise_connection000001/providers/Microsoft.Resources/deployments/mock-deployment/operationStatuses/08585806323463526521?api-version=2021-04-01
  response:
    body:
      string: '{"status":"Running"}'
    headers:
      cache-control:
      - no-cache
      content-length:
      - '20'
      content-type:
      - application/json; charset=utf-8
      date:
      - Fri, 14 May 2021 07:08:19 GMT
      expires:
      - '-1'
      pragma:
      - no-cache
      strict-transport-security:
      - max-age=31536000; includeSubDomains
      vary:
      - Accept-Encoding
      x-content-type-options:
      - nosniff
    status:
      code: 200
      message: OK
- request:
    body: null
    headers:
      Accept:
      - '*/*'
      Accept-Encoding:
      - gzip, deflate
      CommandName:
      - network vpn-connection create
      Connection:
      - keep-alive
      ParameterSetName:
      - -g -n --vnet-gateway1 --local-gateway2 --shared-key --enable-bgp
      User-Agent:
      - AZURECLI/2.23.0 azsdk-python-azure-mgmt-resource/16.1.0 Python/3.7.3 (Windows-10-10.0.19041-SP0)
    method: GET
    uri: https://management.azure.com/subscriptions/00000000-0000-0000-0000-000000000000/resourcegroups/cli_test_active_active_cross_premise_connection000001/providers/Microsoft.Resources/deployments/mock-deployment/operationStatuses/08585806323463526521?api-version=2021-04-01
  response:
    body:
      string: '{"status":"Running"}'
    headers:
      cache-control:
      - no-cache
      content-length:
      - '20'
      content-type:
      - application/json; charset=utf-8
      date:
      - Fri, 14 May 2021 07:08:49 GMT
      expires:
      - '-1'
      pragma:
      - no-cache
      strict-transport-security:
      - max-age=31536000; includeSubDomains
      vary:
      - Accept-Encoding
      x-content-type-options:
      - nosniff
    status:
      code: 200
      message: OK
- request:
    body: null
    headers:
      Accept:
      - '*/*'
      Accept-Encoding:
      - gzip, deflate
      CommandName:
      - network vpn-connection create
      Connection:
      - keep-alive
      ParameterSetName:
      - -g -n --vnet-gateway1 --local-gateway2 --shared-key --enable-bgp
      User-Agent:
      - AZURECLI/2.23.0 azsdk-python-azure-mgmt-resource/16.1.0 Python/3.7.3 (Windows-10-10.0.19041-SP0)
    method: GET
    uri: https://management.azure.com/subscriptions/00000000-0000-0000-0000-000000000000/resourcegroups/cli_test_active_active_cross_premise_connection000001/providers/Microsoft.Resources/deployments/mock-deployment/operationStatuses/08585806323463526521?api-version=2021-04-01
  response:
    body:
      string: '{"status":"Succeeded"}'
    headers:
      cache-control:
      - no-cache
      content-length:
      - '22'
      content-type:
      - application/json; charset=utf-8
      date:
      - Fri, 14 May 2021 07:09:19 GMT
      expires:
      - '-1'
      pragma:
      - no-cache
      strict-transport-security:
      - max-age=31536000; includeSubDomains
      vary:
      - Accept-Encoding
      x-content-type-options:
      - nosniff
    status:
      code: 200
      message: OK
- request:
    body: null
    headers:
      Accept:
      - '*/*'
      Accept-Encoding:
      - gzip, deflate
      CommandName:
      - network vpn-connection create
      Connection:
      - keep-alive
      ParameterSetName:
      - -g -n --vnet-gateway1 --local-gateway2 --shared-key --enable-bgp
      User-Agent:
      - AZURECLI/2.23.0 azsdk-python-azure-mgmt-resource/16.1.0 Python/3.7.3 (Windows-10-10.0.19041-SP0)
    method: GET
    uri: https://management.azure.com/subscriptions/00000000-0000-0000-0000-000000000000/resourcegroups/cli_test_active_active_cross_premise_connection000001/providers/Microsoft.Resources/deployments/mock-deployment?api-version=2021-04-01
  response:
    body:
      string: '{"id":"/subscriptions/00000000-0000-0000-0000-000000000000/resourceGroups/cli_test_active_active_cross_premise_connection000001/providers/Microsoft.Resources/deployments/vpn_connection_deploy_69qFQN8YFvPbMxvXgpV6yFLsdA92f08D","name":"vpn_connection_deploy_69qFQN8YFvPbMxvXgpV6yFLsdA92f08D","type":"Microsoft.Resources/deployments","properties":{"templateHash":"7408896095404615581","parameters":{"sharedKey":{"type":"SecureString"}},"mode":"Incremental","provisioningState":"Succeeded","timestamp":"2021-05-14T07:09:00.4653132Z","duration":"PT26M41.3403387S","correlationId":"6fbf66f7-c16b-4930-845a-1e799fb6b5f8","providers":[{"namespace":"Microsoft.Network","resourceTypes":[{"resourceType":"connections","locations":["westus"]}]}],"dependencies":[],"outputs":{"resource":{"type":"Object","value":{"provisioningState":"Succeeded","resourceGuid":"267909fa-cfde-49c8-8829-5d030eec732e","virtualNetworkGateway1":{"id":"/subscriptions/00000000-0000-0000-0000-000000000000/resourceGroups/cli_test_active_active_cross_premise_connection000001/providers/Microsoft.Network/virtualNetworkGateways/gw1"},"localNetworkGateway2":{"id":"/subscriptions/00000000-0000-0000-0000-000000000000/resourceGroups/cli_test_active_active_cross_premise_connection000001/providers/Microsoft.Network/localNetworkGateways/lgw2"},"connectionType":"IPsec","connectionProtocol":"IKEv2","routingWeight":10,"sharedKey":"abc123","enableBgp":true,"useLocalAzureIpAddress":false,"trafficSelectorPolicies":[],"connectionStatus":"Unknown","ingressBytesTransferred":0,"egressBytesTransferred":0,"dpdTimeoutSeconds":0,"connectionMode":"Default"}}},"outputResources":[{"id":"/subscriptions/00000000-0000-0000-0000-000000000000/resourceGroups/cli_test_active_active_cross_premise_connection000001/providers/Microsoft.Network/connections/Vnet1toSite5_1"}]}}'
    headers:
      cache-control:
      - no-cache
      content-length:
      - '1904'
      content-type:
      - application/json; charset=utf-8
      date:
      - Fri, 14 May 2021 07:09:20 GMT
      expires:
      - '-1'
      pragma:
      - no-cache
      strict-transport-security:
      - max-age=31536000; includeSubDomains
      vary:
      - Accept-Encoding
      x-content-type-options:
      - nosniff
    status:
      code: 200
      message: OK
- request:
    body: '{"keyLength": 128}'
    headers:
      Accept:
      - application/json
      Accept-Encoding:
      - gzip, deflate
      CommandName:
      - network vpn-connection shared-key reset
      Connection:
      - keep-alive
      Content-Length:
      - '18'
      Content-Type:
      - application/json
      ParameterSetName:
      - -g --connection-name --key-length
      User-Agent:
      - AZURECLI/2.23.0 azsdk-python-azure-mgmt-network/18.0.0 Python/3.7.3 (Windows-10-10.0.19041-SP0)
    method: POST
    uri: https://management.azure.com/subscriptions/00000000-0000-0000-0000-000000000000/resourceGroups/cli_test_active_active_cross_premise_connection000001/providers/Microsoft.Network/connections/Vnet1toSite5_1/sharedkey/reset?api-version=2021-02-01
  response:
    body:
      string: ''
    headers:
      azure-asyncoperation:
      - https://management.azure.com/subscriptions/00000000-0000-0000-0000-000000000000/providers/Microsoft.Network/locations/westus/operations/7f0b4205-8b98-4d9a-b42b-54ecb048e65d?api-version=2021-02-01
      cache-control:
      - no-cache
      content-length:
      - '0'
      date:
      - Fri, 14 May 2021 07:09:21 GMT
      expires:
      - '-1'
      location:
      - https://management.azure.com/subscriptions/00000000-0000-0000-0000-000000000000/providers/Microsoft.Network/locations/westus/operationResults/7f0b4205-8b98-4d9a-b42b-54ecb048e65d?api-version=2021-02-01
      pragma:
      - no-cache
      server:
      - Microsoft-HTTPAPI/2.0
      - Microsoft-HTTPAPI/2.0
      strict-transport-security:
      - max-age=31536000; includeSubDomains
      x-content-type-options:
      - nosniff
      x-ms-arm-service-request-id:
      - d5a1e814-b334-4184-b717-60c561b921fd
      x-ms-ratelimit-remaining-subscription-writes:
      - '1198'
    status:
      code: 202
      message: Accepted
- request:
    body: null
    headers:
      Accept:
      - '*/*'
      Accept-Encoding:
      - gzip, deflate
      CommandName:
      - network vpn-connection shared-key reset
      Connection:
      - keep-alive
      ParameterSetName:
      - -g --connection-name --key-length
      User-Agent:
      - AZURECLI/2.23.0 azsdk-python-azure-mgmt-network/18.0.0 Python/3.7.3 (Windows-10-10.0.19041-SP0)
    method: GET
    uri: https://management.azure.com/subscriptions/00000000-0000-0000-0000-000000000000/providers/Microsoft.Network/locations/westus/operations/7f0b4205-8b98-4d9a-b42b-54ecb048e65d?api-version=2021-02-01
  response:
    body:
      string: "{\r\n  \"status\": \"InProgress\"\r\n}"
    headers:
      cache-control:
      - no-cache
      content-length:
      - '30'
      content-type:
      - application/json; charset=utf-8
      date:
      - Fri, 14 May 2021 07:09:31 GMT
      expires:
      - '-1'
      pragma:
      - no-cache
      server:
      - Microsoft-HTTPAPI/2.0
      - Microsoft-HTTPAPI/2.0
      strict-transport-security:
      - max-age=31536000; includeSubDomains
      transfer-encoding:
      - chunked
      vary:
      - Accept-Encoding
      x-content-type-options:
      - nosniff
      x-ms-arm-service-request-id:
      - ecd776d2-d84a-4b84-834c-1ddb38fc23bf
    status:
      code: 200
      message: OK
- request:
    body: null
    headers:
      Accept:
      - '*/*'
      Accept-Encoding:
      - gzip, deflate
      CommandName:
      - network vpn-connection shared-key reset
      Connection:
      - keep-alive
      ParameterSetName:
      - -g --connection-name --key-length
      User-Agent:
      - AZURECLI/2.23.0 azsdk-python-azure-mgmt-network/18.0.0 Python/3.7.3 (Windows-10-10.0.19041-SP0)
    method: GET
    uri: https://management.azure.com/subscriptions/00000000-0000-0000-0000-000000000000/providers/Microsoft.Network/locations/westus/operations/7f0b4205-8b98-4d9a-b42b-54ecb048e65d?api-version=2021-02-01
  response:
    body:
      string: "{\r\n  \"status\": \"InProgress\"\r\n}"
    headers:
      cache-control:
      - no-cache
      content-length:
      - '30'
      content-type:
      - application/json; charset=utf-8
      date:
      - Fri, 14 May 2021 07:09:42 GMT
      expires:
      - '-1'
      pragma:
      - no-cache
      server:
      - Microsoft-HTTPAPI/2.0
      - Microsoft-HTTPAPI/2.0
      strict-transport-security:
      - max-age=31536000; includeSubDomains
      transfer-encoding:
      - chunked
      vary:
      - Accept-Encoding
      x-content-type-options:
      - nosniff
      x-ms-arm-service-request-id:
      - 313cde10-fdbb-4f4d-8eb0-0cf83216f865
    status:
      code: 200
      message: OK
- request:
    body: null
    headers:
      Accept:
      - '*/*'
      Accept-Encoding:
      - gzip, deflate
      CommandName:
      - network vpn-connection shared-key reset
      Connection:
      - keep-alive
      ParameterSetName:
      - -g --connection-name --key-length
      User-Agent:
      - AZURECLI/2.23.0 azsdk-python-azure-mgmt-network/18.0.0 Python/3.7.3 (Windows-10-10.0.19041-SP0)
    method: GET
    uri: https://management.azure.com/subscriptions/00000000-0000-0000-0000-000000000000/providers/Microsoft.Network/locations/westus/operations/7f0b4205-8b98-4d9a-b42b-54ecb048e65d?api-version=2021-02-01
  response:
    body:
      string: "{\r\n  \"status\": \"Succeeded\",\r\n  \"properties\": {}\r\n}"
    headers:
      cache-control:
      - no-cache
      content-length:
      - '50'
      content-type:
      - application/json; charset=utf-8
      date:
      - Fri, 14 May 2021 07:10:02 GMT
      expires:
      - '-1'
      pragma:
      - no-cache
      server:
      - Microsoft-HTTPAPI/2.0
      - Microsoft-HTTPAPI/2.0
      strict-transport-security:
      - max-age=31536000; includeSubDomains
      transfer-encoding:
      - chunked
      vary:
      - Accept-Encoding
      x-content-type-options:
      - nosniff
      x-ms-arm-service-request-id:
      - b47deedd-ce2e-4b40-8060-9b9e5a20c3a6
    status:
      code: 200
      message: OK
- request:
    body: null
    headers:
      Accept:
      - '*/*'
      Accept-Encoding:
      - gzip, deflate
      CommandName:
      - network vpn-connection shared-key reset
      Connection:
      - keep-alive
      ParameterSetName:
      - -g --connection-name --key-length
      User-Agent:
      - AZURECLI/2.23.0 azsdk-python-azure-mgmt-network/18.0.0 Python/3.7.3 (Windows-10-10.0.19041-SP0)
    method: GET
    uri: https://management.azure.com/subscriptions/00000000-0000-0000-0000-000000000000/providers/Microsoft.Network/locations/westus/operationResults/7f0b4205-8b98-4d9a-b42b-54ecb048e65d?api-version=2021-02-01
  response:
    body:
      string: 'null'
    headers:
      azure-asyncoperation:
      - https://management.azure.com/subscriptions/00000000-0000-0000-0000-000000000000/providers/Microsoft.Network/locations/westus/operations/7f0b4205-8b98-4d9a-b42b-54ecb048e65d?api-version=2021-02-01
      cache-control:
      - no-cache
      content-length:
      - '4'
      content-type:
      - application/json; charset=utf-8
      date:
      - Fri, 14 May 2021 07:10:02 GMT
      expires:
      - '-1'
      location:
      - https://management.azure.com/subscriptions/00000000-0000-0000-0000-000000000000/providers/Microsoft.Network/locations/westus/operationResults/7f0b4205-8b98-4d9a-b42b-54ecb048e65d?api-version=2021-02-01
      pragma:
      - no-cache
      server:
      - Microsoft-HTTPAPI/2.0
      - Microsoft-HTTPAPI/2.0
      strict-transport-security:
      - max-age=31536000; includeSubDomains
      transfer-encoding:
      - chunked
      vary:
      - Accept-Encoding
      x-content-type-options:
      - nosniff
      x-ms-arm-service-request-id:
      - d5a1e814-b334-4184-b717-60c561b921fd
    status:
      code: 200
      message: OK
- request:
    body: null
    headers:
      Accept:
      - application/json
      Accept-Encoding:
      - gzip, deflate
      CommandName:
      - network vpn-connection shared-key show
      Connection:
      - keep-alive
      ParameterSetName:
      - -g --connection-name
      User-Agent:
      - AZURECLI/2.23.0 azsdk-python-azure-mgmt-network/18.0.0 Python/3.7.3 (Windows-10-10.0.19041-SP0)
    method: GET
    uri: https://management.azure.com/subscriptions/00000000-0000-0000-0000-000000000000/resourceGroups/cli_test_active_active_cross_premise_connection000001/providers/Microsoft.Network/connections/Vnet1toSite5_1/sharedkey?api-version=2021-02-01
  response:
    body:
      string: "{\r\n  \"value\": \"J2FVIcTLD57JRWJlFQZeKeRwQT6AaPwZ4GrmQC7Wt6UzhKdbqXxGbqSa5ZfGrTGsjUGHHdWamRoO63vWpdUR7KKuTKPEZSE1T63QzRQflGCQczbv0rvId8XVR0ctKJZF\"\r\n}"
    headers:
      cache-control:
      - no-cache
      content-length:
      - '147'
      content-type:
      - application/json; charset=utf-8
      date:
      - Fri, 14 May 2021 07:10:04 GMT
      expires:
      - '-1'
      pragma:
      - no-cache
      server:
      - Microsoft-HTTPAPI/2.0
      - Microsoft-HTTPAPI/2.0
      strict-transport-security:
      - max-age=31536000; includeSubDomains
      transfer-encoding:
      - chunked
      vary:
      - Accept-Encoding
      x-content-type-options:
      - nosniff
      x-ms-arm-service-request-id:
      - 61fdc6d2-8eec-4a09-b4d5-335db3e251ca
    status:
      code: 200
      message: OK
- request:
    body: null
    headers:
      Accept:
      - application/json
      Accept-Encoding:
      - gzip, deflate
      CommandName:
      - network vpn-connection shared-key update
      Connection:
      - keep-alive
      ParameterSetName:
      - -g --connection-name --value
      User-Agent:
      - AZURECLI/2.23.0 azsdk-python-azure-mgmt-network/18.0.0 Python/3.7.3 (Windows-10-10.0.19041-SP0)
    method: GET
    uri: https://management.azure.com/subscriptions/00000000-0000-0000-0000-000000000000/resourceGroups/cli_test_active_active_cross_premise_connection000001/providers/Microsoft.Network/connections/Vnet1toSite5_1/sharedkey?api-version=2021-02-01
  response:
    body:
      string: "{\r\n  \"value\": \"J2FVIcTLD57JRWJlFQZeKeRwQT6AaPwZ4GrmQC7Wt6UzhKdbqXxGbqSa5ZfGrTGsjUGHHdWamRoO63vWpdUR7KKuTKPEZSE1T63QzRQflGCQczbv0rvId8XVR0ctKJZF\"\r\n}"
    headers:
      cache-control:
      - no-cache
      content-length:
      - '147'
      content-type:
      - application/json; charset=utf-8
      date:
      - Fri, 14 May 2021 07:10:04 GMT
      expires:
      - '-1'
      pragma:
      - no-cache
      server:
      - Microsoft-HTTPAPI/2.0
      - Microsoft-HTTPAPI/2.0
      strict-transport-security:
      - max-age=31536000; includeSubDomains
      transfer-encoding:
      - chunked
      vary:
      - Accept-Encoding
      x-content-type-options:
      - nosniff
      x-ms-arm-service-request-id:
      - 39b721b4-40e3-4d2b-a9f7-3bfcf7fa9f5a
    status:
      code: 200
      message: OK
- request:
    body: '{"value": "a1b2c3"}'
    headers:
      Accept:
      - application/json
      Accept-Encoding:
      - gzip, deflate
      CommandName:
      - network vpn-connection shared-key update
      Connection:
      - keep-alive
      Content-Length:
      - '19'
      Content-Type:
      - application/json
      ParameterSetName:
      - -g --connection-name --value
      User-Agent:
      - AZURECLI/2.23.0 azsdk-python-azure-mgmt-network/18.0.0 Python/3.7.3 (Windows-10-10.0.19041-SP0)
    method: PUT
    uri: https://management.azure.com/subscriptions/00000000-0000-0000-0000-000000000000/resourceGroups/cli_test_active_active_cross_premise_connection000001/providers/Microsoft.Network/connections/Vnet1toSite5_1/sharedkey?api-version=2021-02-01
  response:
    body:
      string: ''
    headers:
      azure-asyncoperation:
      - https://management.azure.com/subscriptions/00000000-0000-0000-0000-000000000000/providers/Microsoft.Network/locations/westus/operations/a96f0485-2b24-4924-8376-1644b57e2f67?api-version=2021-02-01
      cache-control:
      - no-cache
      content-length:
      - '0'
      date:
      - Fri, 14 May 2021 07:10:04 GMT
      expires:
      - '-1'
      pragma:
      - no-cache
      server:
      - Microsoft-HTTPAPI/2.0
      - Microsoft-HTTPAPI/2.0
      strict-transport-security:
      - max-age=31536000; includeSubDomains
      x-content-type-options:
      - nosniff
      x-ms-arm-service-request-id:
      - 928c22f7-4a07-45c4-a992-ff481e012831
      x-ms-ratelimit-remaining-subscription-writes:
      - '1192'
    status:
      code: 200
      message: OK
- request:
    body: null
    headers:
      Accept:
      - '*/*'
      Accept-Encoding:
      - gzip, deflate
      CommandName:
      - network vpn-connection shared-key update
      Connection:
      - keep-alive
      ParameterSetName:
      - -g --connection-name --value
      User-Agent:
      - AZURECLI/2.23.0 azsdk-python-azure-mgmt-network/18.0.0 Python/3.7.3 (Windows-10-10.0.19041-SP0)
    method: GET
    uri: https://management.azure.com/subscriptions/00000000-0000-0000-0000-000000000000/providers/Microsoft.Network/locations/westus/operations/a96f0485-2b24-4924-8376-1644b57e2f67?api-version=2021-02-01
  response:
    body:
      string: "{\r\n  \"status\": \"InProgress\"\r\n}"
    headers:
      cache-control:
      - no-cache
      content-length:
      - '30'
      content-type:
      - application/json; charset=utf-8
      date:
      - Fri, 14 May 2021 07:10:14 GMT
      expires:
      - '-1'
      pragma:
      - no-cache
      server:
      - Microsoft-HTTPAPI/2.0
      - Microsoft-HTTPAPI/2.0
      strict-transport-security:
      - max-age=31536000; includeSubDomains
      transfer-encoding:
      - chunked
      vary:
      - Accept-Encoding
      x-content-type-options:
      - nosniff
      x-ms-arm-service-request-id:
      - 7435a3f9-8906-48ad-8e09-90b7f5858fdc
    status:
      code: 200
      message: OK
- request:
    body: null
    headers:
      Accept:
      - '*/*'
      Accept-Encoding:
      - gzip, deflate
      CommandName:
      - network vpn-connection shared-key update
      Connection:
      - keep-alive
      ParameterSetName:
      - -g --connection-name --value
      User-Agent:
      - AZURECLI/2.23.0 azsdk-python-azure-mgmt-network/18.0.0 Python/3.7.3 (Windows-10-10.0.19041-SP0)
    method: GET
    uri: https://management.azure.com/subscriptions/00000000-0000-0000-0000-000000000000/providers/Microsoft.Network/locations/westus/operations/a96f0485-2b24-4924-8376-1644b57e2f67?api-version=2021-02-01
  response:
    body:
      string: "{\r\n  \"status\": \"InProgress\"\r\n}"
    headers:
      cache-control:
      - no-cache
      content-length:
      - '30'
      content-type:
      - application/json; charset=utf-8
      date:
      - Fri, 14 May 2021 07:10:25 GMT
      expires:
      - '-1'
      pragma:
      - no-cache
      server:
      - Microsoft-HTTPAPI/2.0
      - Microsoft-HTTPAPI/2.0
      strict-transport-security:
      - max-age=31536000; includeSubDomains
      transfer-encoding:
      - chunked
      vary:
      - Accept-Encoding
      x-content-type-options:
      - nosniff
      x-ms-arm-service-request-id:
      - 6907e6fc-e1b9-4941-ada0-d7f4afdb344b
    status:
      code: 200
      message: OK
- request:
    body: null
    headers:
      Accept:
      - '*/*'
      Accept-Encoding:
      - gzip, deflate
      CommandName:
      - network vpn-connection shared-key update
      Connection:
      - keep-alive
      ParameterSetName:
      - -g --connection-name --value
      User-Agent:
      - AZURECLI/2.23.0 azsdk-python-azure-mgmt-network/18.0.0 Python/3.7.3 (Windows-10-10.0.19041-SP0)
    method: GET
    uri: https://management.azure.com/subscriptions/00000000-0000-0000-0000-000000000000/providers/Microsoft.Network/locations/westus/operations/a96f0485-2b24-4924-8376-1644b57e2f67?api-version=2021-02-01
  response:
    body:
      string: "{\r\n  \"status\": \"Succeeded\"\r\n}"
    headers:
      cache-control:
      - no-cache
      content-length:
      - '29'
      content-type:
      - application/json; charset=utf-8
      date:
      - Fri, 14 May 2021 07:10:46 GMT
      expires:
      - '-1'
      pragma:
      - no-cache
      server:
      - Microsoft-HTTPAPI/2.0
      - Microsoft-HTTPAPI/2.0
      strict-transport-security:
      - max-age=31536000; includeSubDomains
      transfer-encoding:
      - chunked
      vary:
      - Accept-Encoding
      x-content-type-options:
      - nosniff
      x-ms-arm-service-request-id:
      - bb1e73a1-f804-4063-ac48-f77f32b12921
    status:
      code: 200
      message: OK
- request:
    body: null
    headers:
      Accept:
      - '*/*'
      Accept-Encoding:
      - gzip, deflate
      CommandName:
      - network vpn-connection shared-key update
      Connection:
      - keep-alive
      ParameterSetName:
      - -g --connection-name --value
      User-Agent:
      - AZURECLI/2.23.0 azsdk-python-azure-mgmt-network/18.0.0 Python/3.7.3 (Windows-10-10.0.19041-SP0)
    method: GET
    uri: https://management.azure.com/subscriptions/00000000-0000-0000-0000-000000000000/resourceGroups/cli_test_active_active_cross_premise_connection000001/providers/Microsoft.Network/connections/Vnet1toSite5_1/sharedkey?api-version=2021-02-01
  response:
    body:
      string: "{\r\n  \"value\": \"a1b2c3\"\r\n}"
    headers:
      cache-control:
      - no-cache
      content-length:
      - '25'
      content-type:
      - application/json; charset=utf-8
      date:
      - Fri, 14 May 2021 07:10:46 GMT
      expires:
      - '-1'
      pragma:
      - no-cache
      server:
      - Microsoft-HTTPAPI/2.0
      - Microsoft-HTTPAPI/2.0
      strict-transport-security:
      - max-age=31536000; includeSubDomains
      transfer-encoding:
      - chunked
      vary:
      - Accept-Encoding
      x-content-type-options:
      - nosniff
      x-ms-arm-service-request-id:
      - 4876fb11-ecf7-4148-952d-1ac42bc74a1d
    status:
      code: 200
      message: OK
- request:
    body: null
    headers:
      Accept:
      - application/json
      Accept-Encoding:
      - gzip, deflate
      CommandName:
      - network vpn-connection shared-key show
      Connection:
      - keep-alive
      ParameterSetName:
      - -g --connection-name
      User-Agent:
      - AZURECLI/2.23.0 azsdk-python-azure-mgmt-network/18.0.0 Python/3.7.3 (Windows-10-10.0.19041-SP0)
    method: GET
    uri: https://management.azure.com/subscriptions/00000000-0000-0000-0000-000000000000/resourceGroups/cli_test_active_active_cross_premise_connection000001/providers/Microsoft.Network/connections/Vnet1toSite5_1/sharedkey?api-version=2021-02-01
  response:
    body:
      string: "{\r\n  \"value\": \"a1b2c3\"\r\n}"
    headers:
      cache-control:
      - no-cache
      content-length:
      - '25'
      content-type:
      - application/json; charset=utf-8
      date:
      - Fri, 14 May 2021 07:10:46 GMT
      expires:
      - '-1'
      pragma:
      - no-cache
      server:
      - Microsoft-HTTPAPI/2.0
      - Microsoft-HTTPAPI/2.0
      strict-transport-security:
      - max-age=31536000; includeSubDomains
      transfer-encoding:
      - chunked
      vary:
      - Accept-Encoding
      x-content-type-options:
      - nosniff
      x-ms-arm-service-request-id:
      - 1ff44402-6122-4ae1-923b-f05563a59a65
    status:
      code: 200
      message: OK
- request:
    body: '{"location": "eastus", "properties": {"localNetworkAddressSpace": {"addressPrefixes":
      ["10.52.255.254/32"]}, "gatewayIpAddress": "131.107.72.23", "bgpSettings": {"asn":
      65050, "bgpPeeringAddress": "10.52.255.254"}}}'
    headers:
      Accept:
      - application/json
      Accept-Encoding:
      - gzip, deflate
      CommandName:
      - network local-gateway create
      Connection:
      - keep-alive
      Content-Length:
      - '215'
      Content-Type:
      - application/json
      ParameterSetName:
      - -g -n -l --gateway-ip-address --local-address-prefixes --asn --bgp-peering-address
      User-Agent:
      - AZURECLI/2.23.0 azsdk-python-azure-mgmt-network/18.0.0 Python/3.7.3 (Windows-10-10.0.19041-SP0)
    method: PUT
    uri: https://management.azure.com/subscriptions/00000000-0000-0000-0000-000000000000/resourceGroups/cli_test_active_active_cross_premise_connection000001/providers/Microsoft.Network/localNetworkGateways/lgw3?api-version=2021-02-01
  response:
    body:
      string: "{\r\n  \"name\": \"lgw3\",\r\n  \"id\": \"/subscriptions/00000000-0000-0000-0000-000000000000/resourceGroups/cli_test_active_active_cross_premise_connection000001/providers/Microsoft.Network/localNetworkGateways/lgw3\",\r\n
        \ \"etag\": \"W/\\\"dc92becc-7796-47d6-9956-e6ae964a7deb\\\"\",\r\n  \"type\":
        \"Microsoft.Network/localNetworkGateways\",\r\n  \"location\": \"eastus\",\r\n
        \ \"properties\": {\r\n    \"provisioningState\": \"Updating\",\r\n    \"resourceGuid\":
        \"482e61f8-9040-4b17-989a-4e4defbcdff5\",\r\n    \"localNetworkAddressSpace\":
        {\r\n      \"addressPrefixes\": [\r\n        \"10.52.255.254/32\"\r\n      ]\r\n
        \   },\r\n    \"gatewayIpAddress\": \"131.107.72.23\",\r\n    \"bgpSettings\":
        {\r\n      \"asn\": 65050,\r\n      \"bgpPeeringAddress\": \"10.52.255.254\",\r\n
        \     \"peerWeight\": 0\r\n    }\r\n  }\r\n}"
    headers:
      azure-asyncnotification:
      - Enabled
      azure-asyncoperation:
      - https://management.azure.com/subscriptions/00000000-0000-0000-0000-000000000000/providers/Microsoft.Network/locations/eastus/operations/a1a9624f-44b4-4869-b1a1-a36e2d8f51da?api-version=2021-02-01
      cache-control:
      - no-cache
      content-length:
      - '758'
      content-type:
      - application/json; charset=utf-8
      date:
      - Fri, 14 May 2021 07:10:53 GMT
      expires:
      - '-1'
      pragma:
      - no-cache
      server:
      - Microsoft-HTTPAPI/2.0
      - Microsoft-HTTPAPI/2.0
      strict-transport-security:
      - max-age=31536000; includeSubDomains
      x-content-type-options:
      - nosniff
      x-ms-arm-service-request-id:
      - a0ccfa6f-b97a-4821-9a9c-4c8b65944843
      x-ms-ratelimit-remaining-subscription-writes:
      - '1190'
    status:
      code: 201
      message: Created
- request:
    body: null
    headers:
      Accept:
      - '*/*'
      Accept-Encoding:
      - gzip, deflate
      CommandName:
      - network local-gateway create
      Connection:
      - keep-alive
      ParameterSetName:
      - -g -n -l --gateway-ip-address --local-address-prefixes --asn --bgp-peering-address
      User-Agent:
      - AZURECLI/2.23.0 azsdk-python-azure-mgmt-network/18.0.0 Python/3.7.3 (Windows-10-10.0.19041-SP0)
    method: GET
    uri: https://management.azure.com/subscriptions/00000000-0000-0000-0000-000000000000/providers/Microsoft.Network/locations/eastus/operations/a1a9624f-44b4-4869-b1a1-a36e2d8f51da?api-version=2021-02-01
  response:
    body:
      string: "{\r\n  \"status\": \"Succeeded\"\r\n}"
    headers:
      cache-control:
      - no-cache
      content-length:
      - '29'
      content-type:
      - application/json; charset=utf-8
      date:
      - Fri, 14 May 2021 07:11:04 GMT
      expires:
      - '-1'
      pragma:
      - no-cache
      server:
      - Microsoft-HTTPAPI/2.0
      - Microsoft-HTTPAPI/2.0
      strict-transport-security:
      - max-age=31536000; includeSubDomains
      transfer-encoding:
      - chunked
      vary:
      - Accept-Encoding
      x-content-type-options:
      - nosniff
      x-ms-arm-service-request-id:
      - 273fe36a-0e3a-43c9-9ced-739895efcc40
    status:
      code: 200
      message: OK
- request:
    body: null
    headers:
      Accept:
      - '*/*'
      Accept-Encoding:
      - gzip, deflate
      CommandName:
      - network local-gateway create
      Connection:
      - keep-alive
      ParameterSetName:
      - -g -n -l --gateway-ip-address --local-address-prefixes --asn --bgp-peering-address
      User-Agent:
      - AZURECLI/2.23.0 azsdk-python-azure-mgmt-network/18.0.0 Python/3.7.3 (Windows-10-10.0.19041-SP0)
    method: GET
    uri: https://management.azure.com/subscriptions/00000000-0000-0000-0000-000000000000/resourceGroups/cli_test_active_active_cross_premise_connection000001/providers/Microsoft.Network/localNetworkGateways/lgw3?api-version=2021-02-01
  response:
    body:
      string: "{\r\n  \"name\": \"lgw3\",\r\n  \"id\": \"/subscriptions/00000000-0000-0000-0000-000000000000/resourceGroups/cli_test_active_active_cross_premise_connection000001/providers/Microsoft.Network/localNetworkGateways/lgw3\",\r\n
        \ \"etag\": \"W/\\\"78f24a45-a236-4471-a677-2cdfa9ac772b\\\"\",\r\n  \"type\":
        \"Microsoft.Network/localNetworkGateways\",\r\n  \"location\": \"eastus\",\r\n
        \ \"properties\": {\r\n    \"provisioningState\": \"Succeeded\",\r\n    \"resourceGuid\":
        \"482e61f8-9040-4b17-989a-4e4defbcdff5\",\r\n    \"localNetworkAddressSpace\":
        {\r\n      \"addressPrefixes\": [\r\n        \"10.52.255.254/32\"\r\n      ]\r\n
        \   },\r\n    \"gatewayIpAddress\": \"131.107.72.23\",\r\n    \"bgpSettings\":
        {\r\n      \"asn\": 65050,\r\n      \"bgpPeeringAddress\": \"10.52.255.254\",\r\n
        \     \"peerWeight\": 0\r\n    }\r\n  }\r\n}"
    headers:
      cache-control:
      - no-cache
      content-length:
      - '759'
      content-type:
      - application/json; charset=utf-8
      date:
      - Fri, 14 May 2021 07:11:04 GMT
      etag:
      - W/"78f24a45-a236-4471-a677-2cdfa9ac772b"
      expires:
      - '-1'
      pragma:
      - no-cache
      server:
      - Microsoft-HTTPAPI/2.0
      - Microsoft-HTTPAPI/2.0
      strict-transport-security:
      - max-age=31536000; includeSubDomains
      transfer-encoding:
      - chunked
      vary:
      - Accept-Encoding
      x-content-type-options:
      - nosniff
      x-ms-arm-service-request-id:
      - 08690a25-2047-46fb-916a-de2cbd9d4460
    status:
      code: 200
      message: OK
- request:
    body: null
    headers:
      Accept:
      - application/json
      Accept-Encoding:
      - gzip, deflate
      CommandName:
      - network vpn-connection create
      Connection:
      - keep-alive
      ParameterSetName:
      - -g -n --vnet-gateway1 --local-gateway2 --shared-key --enable-bgp
      User-Agent:
      - AZURECLI/2.23.0 azsdk-python-azure-mgmt-resource/16.1.0 Python/3.7.3 (Windows-10-10.0.19041-SP0)
    method: GET
    uri: https://management.azure.com/subscriptions/00000000-0000-0000-0000-000000000000/resourcegroups/cli_test_active_active_cross_premise_connection000001?api-version=2021-04-01
  response:
    body:
      string: '{"id":"/subscriptions/00000000-0000-0000-0000-000000000000/resourceGroups/cli_test_active_active_cross_premise_connection000001","name":"cli_test_active_active_cross_premise_connection000001","type":"Microsoft.Resources/resourceGroups","location":"westus","tags":{"product":"azurecli","cause":"automation","date":"2021-05-14T06:18:07Z"},"properties":{"provisioningState":"Succeeded"}}'
    headers:
      cache-control:
      - no-cache
      content-length:
      - '428'
      content-type:
      - application/json; charset=utf-8
      date:
      - Fri, 14 May 2021 07:11:05 GMT
      expires:
      - '-1'
      pragma:
      - no-cache
      strict-transport-security:
      - max-age=31536000; includeSubDomains
      vary:
      - Accept-Encoding
      x-content-type-options:
      - nosniff
    status:
      code: 200
      message: OK
- request:
    body: '{"properties": {"template": {"$schema": "https://schema.management.azure.com/schemas/2015-01-01/deploymentTemplate.json#",
      "contentVersion": "1.0.0.0", "parameters": {"sharedKey": {"type": "securestring",
      "metadata": {"description": "Secure sharedKey"}}}, "variables": {}, "resources":
      [{"type": "Microsoft.Network/connections", "name": "Vnet1toSite5_2", "location":
      "westus", "tags": {}, "apiVersion": "2015-06-15", "dependsOn": [], "properties":
      {"virtualNetworkGateway1": {"id": "/subscriptions/00000000-0000-0000-0000-000000000000/resourceGroups/cli_test_active_active_cross_premise_connection000001/providers/Microsoft.Network/virtualNetworkGateways/gw1"},
      "enableBgp": true, "connectionType": "IPSec", "routingWeight": 10, "usePolicyBasedTrafficSelectors":
      false, "expressRouteGatewayBypass": null, "localNetworkGateway2": {"id": "/subscriptions/00000000-0000-0000-0000-000000000000/resourceGroups/cli_test_active_active_cross_premise_connection000001/providers/Microsoft.Network/localNetworkGateways/lgw3"},
      "sharedKey": "[parameters(''sharedKey'')]"}}], "outputs": {"resource": {"type":
      "object", "value": "[reference(''Vnet1toSite5_2'')]"}}}, "parameters": {"sharedKey":
      {"value": "abc123"}}, "mode": "incremental"}}'
    headers:
      Accept:
      - application/json
      Accept-Encoding:
      - gzip, deflate
      CommandName:
      - network vpn-connection create
      Connection:
      - keep-alive
      Content-Length:
      - '1265'
      Content-Type:
      - application/json
      ParameterSetName:
      - -g -n --vnet-gateway1 --local-gateway2 --shared-key --enable-bgp
      User-Agent:
      - AZURECLI/2.23.0 azsdk-python-azure-mgmt-resource/16.1.0 Python/3.7.3 (Windows-10-10.0.19041-SP0)
    method: PUT
    uri: https://management.azure.com/subscriptions/00000000-0000-0000-0000-000000000000/resourcegroups/cli_test_active_active_cross_premise_connection000001/providers/Microsoft.Resources/deployments/mock-deployment?api-version=2021-04-01
  response:
    body:
      string: '{"id":"/subscriptions/00000000-0000-0000-0000-000000000000/resourceGroups/cli_test_active_active_cross_premise_connection000001/providers/Microsoft.Resources/deployments/vpn_connection_deploy_UqWfT9vvxenrZLwVse5ofX2j7EiAoIhL","name":"vpn_connection_deploy_UqWfT9vvxenrZLwVse5ofX2j7EiAoIhL","type":"Microsoft.Resources/deployments","properties":{"templateHash":"1416904554505984711","parameters":{"sharedKey":{"type":"SecureString"}},"mode":"Incremental","provisioningState":"Accepted","timestamp":"2021-05-14T07:11:09.3266081Z","duration":"PT2.0338989S","correlationId":"7a4bbf9c-7f28-4e58-9dab-b2dc379f4201","providers":[{"namespace":"Microsoft.Network","resourceTypes":[{"resourceType":"connections","locations":["westus"]}]}],"dependencies":[]}}'
    headers:
      azure-asyncoperation:
      - https://management.azure.com/subscriptions/00000000-0000-0000-0000-000000000000/resourcegroups/cli_test_active_active_cross_premise_connection000001/providers/Microsoft.Resources/deployments/vpn_connection_deploy_UqWfT9vvxenrZLwVse5ofX2j7EiAoIhL/operationStatuses/08585806306181849100?api-version=2021-04-01
      cache-control:
      - no-cache
      content-length:
      - '770'
      content-type:
      - application/json; charset=utf-8
      date:
      - Fri, 14 May 2021 07:11:09 GMT
      expires:
      - '-1'
      pragma:
      - no-cache
      strict-transport-security:
      - max-age=31536000; includeSubDomains
      x-content-type-options:
      - nosniff
      x-ms-ratelimit-remaining-subscription-writes:
      - '1187'
    status:
      code: 201
      message: Created
- request:
    body: null
    headers:
      Accept:
      - '*/*'
      Accept-Encoding:
      - gzip, deflate
      CommandName:
      - network vpn-connection create
      Connection:
      - keep-alive
      ParameterSetName:
      - -g -n --vnet-gateway1 --local-gateway2 --shared-key --enable-bgp
      User-Agent:
      - AZURECLI/2.23.0 azsdk-python-azure-mgmt-resource/16.1.0 Python/3.7.3 (Windows-10-10.0.19041-SP0)
    method: GET
    uri: https://management.azure.com/subscriptions/00000000-0000-0000-0000-000000000000/resourcegroups/cli_test_active_active_cross_premise_connection000001/providers/Microsoft.Resources/deployments/mock-deployment/operationStatuses/08585806306181849100?api-version=2021-04-01
  response:
    body:
      string: '{"status":"Running"}'
    headers:
      cache-control:
      - no-cache
      content-length:
      - '20'
      content-type:
      - application/json; charset=utf-8
      date:
      - Fri, 14 May 2021 07:11:40 GMT
      expires:
      - '-1'
      pragma:
      - no-cache
      strict-transport-security:
      - max-age=31536000; includeSubDomains
      vary:
      - Accept-Encoding
      x-content-type-options:
      - nosniff
    status:
      code: 200
      message: OK
- request:
    body: null
    headers:
      Accept:
      - '*/*'
      Accept-Encoding:
      - gzip, deflate
      CommandName:
      - network vpn-connection create
      Connection:
      - keep-alive
      ParameterSetName:
      - -g -n --vnet-gateway1 --local-gateway2 --shared-key --enable-bgp
      User-Agent:
      - AZURECLI/2.23.0 azsdk-python-azure-mgmt-resource/16.1.0 Python/3.7.3 (Windows-10-10.0.19041-SP0)
    method: GET
    uri: https://management.azure.com/subscriptions/00000000-0000-0000-0000-000000000000/resourcegroups/cli_test_active_active_cross_premise_connection000001/providers/Microsoft.Resources/deployments/mock-deployment/operationStatuses/08585806306181849100?api-version=2021-04-01
  response:
    body:
      string: '{"status":"Succeeded"}'
    headers:
      cache-control:
      - no-cache
      content-length:
      - '22'
      content-type:
      - application/json; charset=utf-8
      date:
      - Fri, 14 May 2021 07:12:11 GMT
      expires:
      - '-1'
      pragma:
      - no-cache
      strict-transport-security:
      - max-age=31536000; includeSubDomains
      vary:
      - Accept-Encoding
      x-content-type-options:
      - nosniff
    status:
      code: 200
      message: OK
- request:
    body: null
    headers:
      Accept:
      - '*/*'
      Accept-Encoding:
      - gzip, deflate
      CommandName:
      - network vpn-connection create
      Connection:
      - keep-alive
      ParameterSetName:
      - -g -n --vnet-gateway1 --local-gateway2 --shared-key --enable-bgp
      User-Agent:
      - AZURECLI/2.23.0 azsdk-python-azure-mgmt-resource/16.1.0 Python/3.7.3 (Windows-10-10.0.19041-SP0)
    method: GET
    uri: https://management.azure.com/subscriptions/00000000-0000-0000-0000-000000000000/resourcegroups/cli_test_active_active_cross_premise_connection000001/providers/Microsoft.Resources/deployments/mock-deployment?api-version=2021-04-01
  response:
    body:
      string: '{"id":"/subscriptions/00000000-0000-0000-0000-000000000000/resourceGroups/cli_test_active_active_cross_premise_connection000001/providers/Microsoft.Resources/deployments/vpn_connection_deploy_UqWfT9vvxenrZLwVse5ofX2j7EiAoIhL","name":"vpn_connection_deploy_UqWfT9vvxenrZLwVse5ofX2j7EiAoIhL","type":"Microsoft.Resources/deployments","properties":{"templateHash":"1416904554505984711","parameters":{"sharedKey":{"type":"SecureString"}},"mode":"Incremental","provisioningState":"Succeeded","timestamp":"2021-05-14T07:11:52.9498403Z","duration":"PT45.6571311S","correlationId":"7a4bbf9c-7f28-4e58-9dab-b2dc379f4201","providers":[{"namespace":"Microsoft.Network","resourceTypes":[{"resourceType":"connections","locations":["westus"]}]}],"dependencies":[],"outputs":{"resource":{"type":"Object","value":{"provisioningState":"Succeeded","resourceGuid":"d7fd8ce5-2c40-4ac9-87b9-ca8e3086d360","virtualNetworkGateway1":{"id":"/subscriptions/00000000-0000-0000-0000-000000000000/resourceGroups/cli_test_active_active_cross_premise_connection000001/providers/Microsoft.Network/virtualNetworkGateways/gw1"},"localNetworkGateway2":{"id":"/subscriptions/00000000-0000-0000-0000-000000000000/resourceGroups/cli_test_active_active_cross_premise_connection000001/providers/Microsoft.Network/localNetworkGateways/lgw3"},"connectionType":"IPsec","connectionProtocol":"IKEv2","routingWeight":10,"sharedKey":"abc123","enableBgp":true,"useLocalAzureIpAddress":false,"trafficSelectorPolicies":[],"connectionStatus":"Unknown","ingressBytesTransferred":0,"egressBytesTransferred":0,"dpdTimeoutSeconds":0,"connectionMode":"Default"}}},"outputResources":[{"id":"/subscriptions/00000000-0000-0000-0000-000000000000/resourceGroups/cli_test_active_active_cross_premise_connection000001/providers/Microsoft.Network/connections/Vnet1toSite5_2"}]}}'
    headers:
      cache-control:
      - no-cache
      content-length:
      - '1901'
      content-type:
      - application/json; charset=utf-8
      date:
      - Fri, 14 May 2021 07:12:11 GMT
      expires:
      - '-1'
      pragma:
      - no-cache
      strict-transport-security:
      - max-age=31536000; includeSubDomains
      vary:
      - Accept-Encoding
      x-content-type-options:
      - nosniff
    status:
      code: 200
      message: OK
version: 1
