interactions:
- request:
    body: '{"location": "global", "properties": {"zoneType": "Public"}}'
    headers:
      Accept:
      - application/json
      Accept-Encoding:
      - gzip, deflate
      CommandName:
      - network dns zone import
      Connection:
      - keep-alive
      Content-Length:
      - '60'
      Content-Type:
      - application/json; charset=utf-8
      ParameterSetName:
      - -n -g --file-name
      User-Agent:
      - python/3.7.3 (Windows-10-10.0.19041-SP0) msrest/0.6.21 msrest_azure/0.6.3
        azure-mgmt-dns/2.1.0 Azure-SDK-For-Python AZURECLI/2.20.0
      accept-language:
      - en-US
    method: PUT
    uri: https://management.azure.com/subscriptions/00000000-0000-0000-0000-000000000000/resourceGroups/cli_dns_zone8_import000001/providers/Microsoft.Network/dnsZones/zone8.com?api-version=2018-05-01
  response:
    body:
      string: '{"id":"\/subscriptions\/00000000-0000-0000-0000-000000000000\/resourceGroups\/cli_dns_zone8_import000001\/providers\/Microsoft.Network\/dnszones\/zone8.com","name":"zone8.com","type":"Microsoft.Network\/dnszones","etag":"00000002-0000-0000-e5d2-cd36b810d701","location":"global","tags":{},"properties":{"maxNumberOfRecordSets":10000,"maxNumberOfRecordsPerRecordSet":null,"nameServers":["ns1-08.azure-dns.com.","ns2-08.azure-dns.net.","ns3-08.azure-dns.org.","ns4-08.azure-dns.info."],"numberOfRecordSets":2,"serveRecordsBelowDelegation":null,"zoneType":"Public"}}'
    headers:
      cache-control:
      - private
      content-length:
      - '612'
      content-type:
      - application/json; charset=utf-8
      date:
      - Thu, 04 Mar 2021 05:35:42 GMT
      etag:
      - 00000002-0000-0000-e5d2-cd36b810d701
      server:
      - Microsoft-IIS/10.0
      strict-transport-security:
      - max-age=31536000; includeSubDomains
      x-content-type-options:
      - nosniff
      x-ms-ratelimit-remaining-subscription-resource-requests:
      - '11999'
      x-powered-by:
      - ASP.NET
    status:
      code: 201
      message: Created
- request:
    body: null
    headers:
      Accept:
      - application/json
      Accept-Encoding:
      - gzip, deflate
      CommandName:
      - network dns zone import
      Connection:
      - keep-alive
      ParameterSetName:
      - -n -g --file-name
      User-Agent:
      - python/3.7.3 (Windows-10-10.0.19041-SP0) msrest/0.6.21 msrest_azure/0.6.3
        azure-mgmt-dns/2.1.0 Azure-SDK-For-Python AZURECLI/2.20.0
      accept-language:
      - en-US
    method: GET
    uri: https://management.azure.com/subscriptions/00000000-0000-0000-0000-000000000000/resourceGroups/cli_dns_zone8_import000001/providers/Microsoft.Network/dnsZones/zone8.com/SOA/@?api-version=2018-05-01
  response:
    body:
      string: '{"id":"\/subscriptions\/00000000-0000-0000-0000-000000000000\/resourceGroups\/cli_dns_zone8_import000001\/providers\/Microsoft.Network\/dnszones\/zone8.com\/SOA\/@","name":"@","type":"Microsoft.Network\/dnszones\/SOA","etag":"dee4564f-9a91-4b18-99e0-6cd74d256ac0","properties":{"fqdn":"zone8.com.","TTL":3600,"SOARecord":{"email":"azuredns-hostmaster.microsoft.com","expireTime":2419200,"host":"ns1-08.azure-dns.com.","minimumTTL":300,"refreshTime":3600,"retryTime":300,"serialNumber":1},"targetResource":{},"provisioningState":"Succeeded"}}'
    headers:
      cache-control:
      - private
      content-length:
      - '590'
      content-type:
      - application/json; charset=utf-8
      date:
      - Thu, 04 Mar 2021 05:35:43 GMT
      etag:
      - dee4564f-9a91-4b18-99e0-6cd74d256ac0
      server:
      - Microsoft-IIS/10.0
      strict-transport-security:
      - max-age=31536000; includeSubDomains
      transfer-encoding:
      - chunked
      vary:
      - Accept-Encoding
      x-content-type-options:
      - nosniff
      x-ms-ratelimit-remaining-subscription-resource-requests:
      - '499'
      x-powered-by:
      - ASP.NET
    status:
      code: 200
      message: OK
- request:
    body: '{"properties": {"TTL": 3600, "SOARecord": {"host": "ns1-08.azure-dns.com.",
      "email": "azuredns-hostmaster.microsoft.com.", "serialNumber": 1, "refreshTime":
      3600, "retryTime": 300, "expireTime": 2419200, "minimumTTL": 300}}}'
    headers:
      Accept:
      - application/json
      Accept-Encoding:
      - gzip, deflate
      CommandName:
      - network dns zone import
      Connection:
      - keep-alive
      Content-Length:
      - '224'
      Content-Type:
      - application/json; charset=utf-8
      ParameterSetName:
      - -n -g --file-name
      User-Agent:
      - python/3.7.3 (Windows-10-10.0.19041-SP0) msrest/0.6.21 msrest_azure/0.6.3
        azure-mgmt-dns/2.1.0 Azure-SDK-For-Python AZURECLI/2.20.0
      accept-language:
      - en-US
    method: PUT
    uri: https://management.azure.com/subscriptions/00000000-0000-0000-0000-000000000000/resourceGroups/cli_dns_zone8_import000001/providers/Microsoft.Network/dnsZones/zone8.com/SOA/@?api-version=2018-05-01
  response:
    body:
      string: '{"id":"\/subscriptions\/00000000-0000-0000-0000-000000000000\/resourceGroups\/cli_dns_zone8_import000001\/providers\/Microsoft.Network\/dnszones\/zone8.com\/SOA\/@","name":"@","type":"Microsoft.Network\/dnszones\/SOA","etag":"92c26c82-845f-4666-9739-4f58990790c1","properties":{"fqdn":"zone8.com.","TTL":3600,"SOARecord":{"email":"azuredns-hostmaster.microsoft.com.","expireTime":2419200,"host":"ns1-08.azure-dns.com.","minimumTTL":300,"refreshTime":3600,"retryTime":300,"serialNumber":1},"targetResource":{},"provisioningState":"Succeeded"}}'
    headers:
      cache-control:
      - private
      content-length:
      - '591'
      content-type:
      - application/json; charset=utf-8
      date:
      - Thu, 04 Mar 2021 05:35:45 GMT
      etag:
      - 92c26c82-845f-4666-9739-4f58990790c1
      server:
      - Microsoft-IIS/10.0
      strict-transport-security:
      - max-age=31536000; includeSubDomains
      transfer-encoding:
      - chunked
      vary:
      - Accept-Encoding
      x-content-type-options:
      - nosniff
      x-ms-ratelimit-remaining-subscription-resource-requests:
      - '11998'
      x-powered-by:
      - ASP.NET
    status:
      code: 200
      message: OK
- request:
    body: null
    headers:
      Accept:
      - application/json
      Accept-Encoding:
      - gzip, deflate
      CommandName:
      - network dns zone import
      Connection:
      - keep-alive
      ParameterSetName:
      - -n -g --file-name
      User-Agent:
      - python/3.7.3 (Windows-10-10.0.19041-SP0) msrest/0.6.21 msrest_azure/0.6.3
        azure-mgmt-dns/2.1.0 Azure-SDK-For-Python AZURECLI/2.20.0
      accept-language:
      - en-US
    method: GET
    uri: https://management.azure.com/subscriptions/00000000-0000-0000-0000-000000000000/resourceGroups/cli_dns_zone8_import000001/providers/Microsoft.Network/dnsZones/zone8.com/NS/@?api-version=2018-05-01
  response:
    body:
      string: '{"id":"\/subscriptions\/00000000-0000-0000-0000-000000000000\/resourceGroups\/cli_dns_zone8_import000001\/providers\/Microsoft.Network\/dnszones\/zone8.com\/NS\/@","name":"@","type":"Microsoft.Network\/dnszones\/NS","etag":"cc548b9f-cf28-42ca-8c10-0b671885f0a4","properties":{"fqdn":"zone8.com.","TTL":172800,"NSRecords":[{"nsdname":"ns1-08.azure-dns.com."},{"nsdname":"ns2-08.azure-dns.net."},{"nsdname":"ns3-08.azure-dns.org."},{"nsdname":"ns4-08.azure-dns.info."}],"targetResource":{},"provisioningState":"Succeeded"}}'
    headers:
      cache-control:
      - private
      content-length:
      - '570'
      content-type:
      - application/json; charset=utf-8
      date:
      - Thu, 04 Mar 2021 05:35:46 GMT
      etag:
      - cc548b9f-cf28-42ca-8c10-0b671885f0a4
      server:
      - Microsoft-IIS/10.0
      strict-transport-security:
      - max-age=31536000; includeSubDomains
      transfer-encoding:
      - chunked
      vary:
      - Accept-Encoding
      x-content-type-options:
      - nosniff
      x-ms-ratelimit-remaining-subscription-resource-requests:
      - '497'
      x-powered-by:
      - ASP.NET
    status:
      code: 200
      message: OK
- request:
    body: '{"etag": "cc548b9f-cf28-42ca-8c10-0b671885f0a4", "properties": {"TTL":
      172800, "targetResource": {}, "NSRecords": [{"nsdname": "ns1-08.azure-dns.com."},
      {"nsdname": "ns2-08.azure-dns.net."}, {"nsdname": "ns3-08.azure-dns.org."},
      {"nsdname": "ns4-08.azure-dns.info."}]}}'
    headers:
      Accept:
      - application/json
      Accept-Encoding:
      - gzip, deflate
      CommandName:
      - network dns zone import
      Connection:
      - keep-alive
      Content-Length:
      - '269'
      Content-Type:
      - application/json; charset=utf-8
      ParameterSetName:
      - -n -g --file-name
      User-Agent:
      - python/3.7.3 (Windows-10-10.0.19041-SP0) msrest/0.6.21 msrest_azure/0.6.3
        azure-mgmt-dns/2.1.0 Azure-SDK-For-Python AZURECLI/2.20.0
      accept-language:
      - en-US
    method: PUT
    uri: https://management.azure.com/subscriptions/00000000-0000-0000-0000-000000000000/resourceGroups/cli_dns_zone8_import000001/providers/Microsoft.Network/dnsZones/zone8.com/NS/@?api-version=2018-05-01
  response:
    body:
      string: '{"id":"\/subscriptions\/00000000-0000-0000-0000-000000000000\/resourceGroups\/cli_dns_zone8_import000001\/providers\/Microsoft.Network\/dnszones\/zone8.com\/NS\/@","name":"@","type":"Microsoft.Network\/dnszones\/NS","etag":"33500812-c2e3-4552-95c4-e2d977067f8c","properties":{"fqdn":"zone8.com.","TTL":172800,"NSRecords":[{"nsdname":"ns1-08.azure-dns.com."},{"nsdname":"ns2-08.azure-dns.net."},{"nsdname":"ns3-08.azure-dns.org."},{"nsdname":"ns4-08.azure-dns.info."}],"targetResource":{},"provisioningState":"Succeeded"}}'
    headers:
      cache-control:
      - private
      content-length:
      - '570'
      content-type:
      - application/json; charset=utf-8
      date:
      - Thu, 04 Mar 2021 05:35:47 GMT
      etag:
      - 33500812-c2e3-4552-95c4-e2d977067f8c
      server:
      - Microsoft-IIS/10.0
      strict-transport-security:
      - max-age=31536000; includeSubDomains
      transfer-encoding:
      - chunked
      vary:
      - Accept-Encoding
      x-content-type-options:
      - nosniff
      x-ms-ratelimit-remaining-subscription-resource-requests:
      - '11998'
      x-powered-by:
      - ASP.NET
    status:
      code: 200
      message: OK
- request:
    body: '{"properties": {"TTL": 3600, "ARecords": [{"ipv4Address": "1.2.3.4"}]}}'
    headers:
      Accept:
      - application/json
      Accept-Encoding:
      - gzip, deflate
      CommandName:
      - network dns zone import
      Connection:
      - keep-alive
      Content-Length:
      - '71'
      Content-Type:
      - application/json; charset=utf-8
      ParameterSetName:
      - -n -g --file-name
      User-Agent:
      - python/3.7.3 (Windows-10-10.0.19041-SP0) msrest/0.6.21 msrest_azure/0.6.3
        azure-mgmt-dns/2.1.0 Azure-SDK-For-Python AZURECLI/2.20.0
      accept-language:
      - en-US
    method: PUT
    uri: https://management.azure.com/subscriptions/00000000-0000-0000-0000-000000000000/resourceGroups/cli_dns_zone8_import000001/providers/Microsoft.Network/dnsZones/zone8.com/A/ns?api-version=2018-05-01
  response:
    body:
      string: '{"id":"\/subscriptions\/00000000-0000-0000-0000-000000000000\/resourceGroups\/cli_dns_zone8_import000001\/providers\/Microsoft.Network\/dnszones\/zone8.com\/A\/ns","name":"ns","type":"Microsoft.Network\/dnszones\/A","etag":"54e2b73f-3b3e-4a34-bcd6-ca511366d251","properties":{"fqdn":"ns.zone8.com.","TTL":3600,"ARecords":[{"ipv4Address":"1.2.3.4"}],"targetResource":{},"provisioningState":"Succeeded"}}'
    headers:
      cache-control:
      - private
      content-length:
      - '451'
      content-type:
      - application/json; charset=utf-8
      date:
      - Thu, 04 Mar 2021 05:35:49 GMT
      etag:
      - 54e2b73f-3b3e-4a34-bcd6-ca511366d251
      server:
      - Microsoft-IIS/10.0
      strict-transport-security:
      - max-age=31536000; includeSubDomains
      x-content-type-options:
      - nosniff
      x-ms-ratelimit-remaining-subscription-resource-requests:
      - '11998'
      x-powered-by:
      - ASP.NET
    status:
      code: 201
      message: Created
- request:
    body: '{"properties": {"TTL": 3600, "ARecords": [{"ipv4Address": "2.3.4.5"}]}}'
    headers:
      Accept:
      - application/json
      Accept-Encoding:
      - gzip, deflate
      CommandName:
      - network dns zone import
      Connection:
      - keep-alive
      Content-Length:
      - '71'
      Content-Type:
      - application/json; charset=utf-8
      ParameterSetName:
      - -n -g --file-name
      User-Agent:
      - python/3.7.3 (Windows-10-10.0.19041-SP0) msrest/0.6.21 msrest_azure/0.6.3
        azure-mgmt-dns/2.1.0 Azure-SDK-For-Python AZURECLI/2.20.0
      accept-language:
      - en-US
    method: PUT
    uri: https://management.azure.com/subscriptions/00000000-0000-0000-0000-000000000000/resourceGroups/cli_dns_zone8_import000001/providers/Microsoft.Network/dnsZones/zone8.com/A/*?api-version=2018-05-01
  response:
    body:
      string: '{"id":"\/subscriptions\/00000000-0000-0000-0000-000000000000\/resourceGroups\/cli_dns_zone8_import000001\/providers\/Microsoft.Network\/dnszones\/zone8.com\/A\/*","name":"*","type":"Microsoft.Network\/dnszones\/A","etag":"e6147b52-76a1-40bf-901d-6b7c02acc10a","properties":{"fqdn":"*.zone8.com.","TTL":3600,"ARecords":[{"ipv4Address":"2.3.4.5"}],"targetResource":{},"provisioningState":"Succeeded"}}'
    headers:
      cache-control:
      - private
      content-length:
      - '448'
      content-type:
      - application/json; charset=utf-8
      date:
      - Thu, 04 Mar 2021 05:35:51 GMT
      etag:
      - e6147b52-76a1-40bf-901d-6b7c02acc10a
      server:
      - Microsoft-IIS/10.0
      strict-transport-security:
      - max-age=31536000; includeSubDomains
      x-content-type-options:
      - nosniff
      x-ms-ratelimit-remaining-subscription-resource-requests:
      - '11999'
      x-powered-by:
      - ASP.NET
    status:
      code: 201
      message: Created
- request:
    body: null
    headers:
      Accept:
      - application/json
      Accept-Encoding:
      - gzip, deflate
      CommandName:
      - network dns record-set list
      Connection:
      - keep-alive
      ParameterSetName:
      - -g -z
      User-Agent:
      - python/3.7.3 (Windows-10-10.0.19041-SP0) msrest/0.6.21 msrest_azure/0.6.3
        azure-mgmt-dns/2.1.0 Azure-SDK-For-Python AZURECLI/2.20.0
      accept-language:
      - en-US
    method: GET
    uri: https://management.azure.com/subscriptions/00000000-0000-0000-0000-000000000000/resourceGroups/cli_dns_zone8_import000001/providers/Microsoft.Network/dnsZones/zone8.com/recordsets?api-version=2018-05-01
  response:
    body:
      string: '{"value":[{"id":"\/subscriptions\/00000000-0000-0000-0000-000000000000\/resourceGroups\/cli_dns_zone8_import000001\/providers\/Microsoft.Network\/dnszones\/zone8.com\/NS\/@","name":"@","type":"Microsoft.Network\/dnszones\/NS","etag":"33500812-c2e3-4552-95c4-e2d977067f8c","properties":{"fqdn":"zone8.com.","TTL":172800,"NSRecords":[{"nsdname":"ns1-08.azure-dns.com."},{"nsdname":"ns2-08.azure-dns.net."},{"nsdname":"ns3-08.azure-dns.org."},{"nsdname":"ns4-08.azure-dns.info."}],"targetResource":{},"provisioningState":"Succeeded"}},{"id":"\/subscriptions\/00000000-0000-0000-0000-000000000000\/resourceGroups\/cli_dns_zone8_import000001\/providers\/Microsoft.Network\/dnszones\/zone8.com\/SOA\/@","name":"@","type":"Microsoft.Network\/dnszones\/SOA","etag":"92c26c82-845f-4666-9739-4f58990790c1","properties":{"fqdn":"zone8.com.","TTL":3600,"SOARecord":{"email":"azuredns-hostmaster.microsoft.com.","expireTime":2419200,"host":"ns1-08.azure-dns.com.","minimumTTL":300,"refreshTime":3600,"retryTime":300,"serialNumber":1},"targetResource":{},"provisioningState":"Succeeded"}},{"id":"\/subscriptions\/00000000-0000-0000-0000-000000000000\/resourceGroups\/cli_dns_zone8_import000001\/providers\/Microsoft.Network\/dnszones\/zone8.com\/A\/*","name":"*","type":"Microsoft.Network\/dnszones\/A","etag":"e6147b52-76a1-40bf-901d-6b7c02acc10a","properties":{"fqdn":"*.zone8.com.","TTL":3600,"ARecords":[{"ipv4Address":"2.3.4.5"}],"targetResource":{},"provisioningState":"Succeeded"}},{"id":"\/subscriptions\/00000000-0000-0000-0000-000000000000\/resourceGroups\/cli_dns_zone8_import000001\/providers\/Microsoft.Network\/dnszones\/zone8.com\/A\/ns","name":"ns","type":"Microsoft.Network\/dnszones\/A","etag":"54e2b73f-3b3e-4a34-bcd6-ca511366d251","properties":{"fqdn":"ns.zone8.com.","TTL":3600,"ARecords":[{"ipv4Address":"1.2.3.4"}],"targetResource":{},"provisioningState":"Succeeded"}}]}'
    headers:
      cache-control:
      - private
      content-length:
      - '2075'
      content-type:
      - application/json; charset=utf-8
      date:
      - Thu, 04 Mar 2021 05:35:52 GMT
      server:
      - Microsoft-IIS/10.0
      strict-transport-security:
      - max-age=31536000; includeSubDomains
      transfer-encoding:
      - chunked
      vary:
      - Accept-Encoding
      x-content-type-options:
      - nosniff
      x-ms-ratelimit-remaining-subscription-resource-entities-read:
      - '59996'
      x-ms-ratelimit-remaining-subscription-resource-requests:
      - '499'
      x-powered-by:
      - ASP.NET
    status:
      code: 200
      message: OK
- request:
    body: null
    headers:
      Accept:
      - application/json
      Accept-Encoding:
      - gzip, deflate
      CommandName:
      - network dns zone export
      Connection:
      - keep-alive
      ParameterSetName:
      - -g -n --file-name
      User-Agent:
      - python/3.7.3 (Windows-10-10.0.19041-SP0) msrest/0.6.21 msrest_azure/0.6.3
        azure-mgmt-dns/2.1.0 Azure-SDK-For-Python AZURECLI/2.20.0
      accept-language:
      - en-US
    method: GET
    uri: https://management.azure.com/subscriptions/00000000-0000-0000-0000-000000000000/resourceGroups/cli_dns_zone8_import000001/providers/Microsoft.Network/dnsZones/zone8.com/recordsets?api-version=2018-05-01
  response:
    body:
      string: '{"value":[{"id":"\/subscriptions\/00000000-0000-0000-0000-000000000000\/resourceGroups\/cli_dns_zone8_import000001\/providers\/Microsoft.Network\/dnszones\/zone8.com\/NS\/@","name":"@","type":"Microsoft.Network\/dnszones\/NS","etag":"33500812-c2e3-4552-95c4-e2d977067f8c","properties":{"fqdn":"zone8.com.","TTL":172800,"NSRecords":[{"nsdname":"ns1-08.azure-dns.com."},{"nsdname":"ns2-08.azure-dns.net."},{"nsdname":"ns3-08.azure-dns.org."},{"nsdname":"ns4-08.azure-dns.info."}],"targetResource":{},"provisioningState":"Succeeded"}},{"id":"\/subscriptions\/00000000-0000-0000-0000-000000000000\/resourceGroups\/cli_dns_zone8_import000001\/providers\/Microsoft.Network\/dnszones\/zone8.com\/SOA\/@","name":"@","type":"Microsoft.Network\/dnszones\/SOA","etag":"92c26c82-845f-4666-9739-4f58990790c1","properties":{"fqdn":"zone8.com.","TTL":3600,"SOARecord":{"email":"azuredns-hostmaster.microsoft.com.","expireTime":2419200,"host":"ns1-08.azure-dns.com.","minimumTTL":300,"refreshTime":3600,"retryTime":300,"serialNumber":1},"targetResource":{},"provisioningState":"Succeeded"}},{"id":"\/subscriptions\/00000000-0000-0000-0000-000000000000\/resourceGroups\/cli_dns_zone8_import000001\/providers\/Microsoft.Network\/dnszones\/zone8.com\/A\/*","name":"*","type":"Microsoft.Network\/dnszones\/A","etag":"e6147b52-76a1-40bf-901d-6b7c02acc10a","properties":{"fqdn":"*.zone8.com.","TTL":3600,"ARecords":[{"ipv4Address":"2.3.4.5"}],"targetResource":{},"provisioningState":"Succeeded"}},{"id":"\/subscriptions\/00000000-0000-0000-0000-000000000000\/resourceGroups\/cli_dns_zone8_import000001\/providers\/Microsoft.Network\/dnszones\/zone8.com\/A\/ns","name":"ns","type":"Microsoft.Network\/dnszones\/A","etag":"54e2b73f-3b3e-4a34-bcd6-ca511366d251","properties":{"fqdn":"ns.zone8.com.","TTL":3600,"ARecords":[{"ipv4Address":"1.2.3.4"}],"targetResource":{},"provisioningState":"Succeeded"}}]}'
    headers:
      cache-control:
      - private
      content-length:
      - '2075'
      content-type:
      - application/json; charset=utf-8
      date:
      - Thu, 04 Mar 2021 05:35:53 GMT
      server:
      - Microsoft-IIS/10.0
      strict-transport-security:
      - max-age=31536000; includeSubDomains
      transfer-encoding:
      - chunked
      vary:
      - Accept-Encoding
      x-content-type-options:
      - nosniff
      x-ms-ratelimit-remaining-subscription-resource-entities-read:
      - '59996'
      x-ms-ratelimit-remaining-subscription-resource-requests:
      - '499'
      x-powered-by:
      - ASP.NET
    status:
      code: 200
      message: OK
- request:
    body: null
    headers:
      Accept:
      - application/json
      Accept-Encoding:
      - gzip, deflate
      CommandName:
      - network dns zone delete
      Connection:
      - keep-alive
      Content-Length:
      - '0'
      ParameterSetName:
      - -g -n -y
      User-Agent:
      - python/3.7.3 (Windows-10-10.0.19041-SP0) msrest/0.6.21 msrest_azure/0.6.3
        azure-mgmt-dns/2.1.0 Azure-SDK-For-Python AZURECLI/2.20.0
      accept-language:
      - en-US
    method: DELETE
    uri: https://management.azure.com/subscriptions/00000000-0000-0000-0000-000000000000/resourceGroups/cli_dns_zone8_import000001/providers/Microsoft.Network/dnsZones/zone8.com?api-version=2018-05-01
  response:
    body:
      string: ''
    headers:
      azure-asyncoperation:
      - https://management.azure.com:443/subscriptions/00000000-0000-0000-0000-000000000000/resourceGroups/cli_dns_zone8_import000001/providers/Microsoft.Network/dnsOperationStatuses/delzone63750432956745087967f5a59f?api-version=2018-05-01
      cache-control:
      - private
      content-length:
      - '0'
      date:
      - Thu, 04 Mar 2021 05:35:56 GMT
      location:
      - https://management.azure.com/subscriptions/00000000-0000-0000-0000-000000000000/resourceGroups/cli_dns_zone8_import000001/providers/Microsoft.Network/dnsOperationResults/delzone63750432956745087967f5a59f?api-version=2018-05-01
      server:
      - Microsoft-IIS/10.0
      strict-transport-security:
      - max-age=31536000; includeSubDomains
      x-content-type-options:
      - nosniff
      x-ms-ratelimit-remaining-subscription-resource-requests:
      - '11999'
      x-powered-by:
      - ASP.NET
    status:
      code: 202
      message: Accepted
- request:
    body: null
    headers:
      Accept:
      - application/json
      Accept-Encoding:
      - gzip, deflate
      CommandName:
      - network dns zone delete
      Connection:
      - keep-alive
      ParameterSetName:
      - -g -n -y
      User-Agent:
      - python/3.7.3 (Windows-10-10.0.19041-SP0) msrest/0.6.21 msrest_azure/0.6.3
        azure-mgmt-dns/2.1.0 Azure-SDK-For-Python AZURECLI/2.20.0
    method: GET
    uri: https://management.azure.com/subscriptions/00000000-0000-0000-0000-000000000000/resourceGroups/cli_dns_zone8_import000001/providers/Microsoft.Network/dnsOperationStatuses/delzone63750432956745087967f5a59f?api-version=2018-05-01
  response:
    body:
      string: '{"status":"Succeeded"}'
    headers:
      cache-control:
      - private
      content-length:
      - '22'
      content-type:
      - application/json; charset=utf-8
      date:
      - Thu, 04 Mar 2021 05:36:00 GMT
      server:
      - Microsoft-IIS/10.0
      strict-transport-security:
      - max-age=31536000; includeSubDomains
      transfer-encoding:
      - chunked
      vary:
      - Accept-Encoding
      x-content-type-options:
      - nosniff
      x-ms-ratelimit-remaining-subscription-resource-requests:
      - '499'
      x-powered-by:
      - ASP.NET
    status:
      code: 200
      message: OK
- request:
    body: '{"location": "global", "properties": {"zoneType": "Public"}}'
    headers:
      Accept:
      - application/json
      Accept-Encoding:
      - gzip, deflate
      CommandName:
      - network dns zone import
      Connection:
      - keep-alive
      Content-Length:
      - '60'
      Content-Type:
      - application/json; charset=utf-8
      ParameterSetName:
      - -n -g --file-name
      User-Agent:
      - python/3.7.3 (Windows-10-10.0.19041-SP0) msrest/0.6.21 msrest_azure/0.6.3
        azure-mgmt-dns/2.1.0 Azure-SDK-For-Python AZURECLI/2.20.0
      accept-language:
      - en-US
    method: PUT
    uri: https://management.azure.com/subscriptions/00000000-0000-0000-0000-000000000000/resourceGroups/cli_dns_zone8_import000001/providers/Microsoft.Network/dnsZones/zone8.com?api-version=2018-05-01
  response:
    body:
      string: '{"id":"\/subscriptions\/00000000-0000-0000-0000-000000000000\/resourceGroups\/cli_dns_zone8_import000001\/providers\/Microsoft.Network\/dnszones\/zone8.com","name":"zone8.com","type":"Microsoft.Network\/dnszones","etag":"00000002-0000-0000-7f27-0c44b810d701","location":"global","tags":{},"properties":{"maxNumberOfRecordSets":10000,"maxNumberOfRecordsPerRecordSet":null,"nameServers":["ns1-08.azure-dns.com.","ns2-08.azure-dns.net.","ns3-08.azure-dns.org.","ns4-08.azure-dns.info."],"numberOfRecordSets":2,"serveRecordsBelowDelegation":null,"zoneType":"Public"}}'
    headers:
      cache-control:
      - private
      content-length:
      - '612'
      content-type:
      - application/json; charset=utf-8
      date:
      - Thu, 04 Mar 2021 05:36:03 GMT
      etag:
      - 00000002-0000-0000-7f27-0c44b810d701
      server:
      - Microsoft-IIS/10.0
      strict-transport-security:
      - max-age=31536000; includeSubDomains
      x-content-type-options:
      - nosniff
      x-ms-ratelimit-remaining-subscription-resource-requests:
      - '11999'
      x-powered-by:
      - ASP.NET
    status:
      code: 201
      message: Created
- request:
    body: null
    headers:
      Accept:
      - application/json
      Accept-Encoding:
      - gzip, deflate
      CommandName:
      - network dns zone import
      Connection:
      - keep-alive
      ParameterSetName:
      - -n -g --file-name
      User-Agent:
      - python/3.7.3 (Windows-10-10.0.19041-SP0) msrest/0.6.21 msrest_azure/0.6.3
        azure-mgmt-dns/2.1.0 Azure-SDK-For-Python AZURECLI/2.20.0
      accept-language:
      - en-US
    method: GET
    uri: https://management.azure.com/subscriptions/00000000-0000-0000-0000-000000000000/resourceGroups/cli_dns_zone8_import000001/providers/Microsoft.Network/dnsZones/zone8.com/SOA/@?api-version=2018-05-01
  response:
    body:
      string: '{"id":"\/subscriptions\/00000000-0000-0000-0000-000000000000\/resourceGroups\/cli_dns_zone8_import000001\/providers\/Microsoft.Network\/dnszones\/zone8.com\/SOA\/@","name":"@","type":"Microsoft.Network\/dnszones\/SOA","etag":"f65dd3c9-fa89-4d16-bd98-bcc4d48ba1ea","properties":{"fqdn":"zone8.com.","TTL":3600,"SOARecord":{"email":"azuredns-hostmaster.microsoft.com","expireTime":2419200,"host":"ns1-08.azure-dns.com.","minimumTTL":300,"refreshTime":3600,"retryTime":300,"serialNumber":1},"targetResource":{},"provisioningState":"Succeeded"}}'
    headers:
      cache-control:
      - private
      content-length:
      - '590'
      content-type:
      - application/json; charset=utf-8
      date:
      - Thu, 04 Mar 2021 05:36:04 GMT
      etag:
      - f65dd3c9-fa89-4d16-bd98-bcc4d48ba1ea
      server:
      - Microsoft-IIS/10.0
      strict-transport-security:
      - max-age=31536000; includeSubDomains
      transfer-encoding:
      - chunked
      vary:
      - Accept-Encoding
      x-content-type-options:
      - nosniff
      x-ms-ratelimit-remaining-subscription-resource-requests:
      - '498'
      x-powered-by:
      - ASP.NET
    status:
      code: 200
      message: OK
- request:
    body: '{"properties": {"TTL": 3600, "SOARecord": {"host": "ns1-08.azure-dns.com.",
      "email": "azuredns-hostmaster.microsoft.com.", "serialNumber": 1, "refreshTime":
      3600, "retryTime": 300, "expireTime": 2419200, "minimumTTL": 300}}}'
    headers:
      Accept:
      - application/json
      Accept-Encoding:
      - gzip, deflate
      CommandName:
      - network dns zone import
      Connection:
      - keep-alive
      Content-Length:
      - '224'
      Content-Type:
      - application/json; charset=utf-8
      ParameterSetName:
      - -n -g --file-name
      User-Agent:
      - python/3.7.3 (Windows-10-10.0.19041-SP0) msrest/0.6.21 msrest_azure/0.6.3
        azure-mgmt-dns/2.1.0 Azure-SDK-For-Python AZURECLI/2.20.0
      accept-language:
      - en-US
    method: PUT
    uri: https://management.azure.com/subscriptions/00000000-0000-0000-0000-000000000000/resourceGroups/cli_dns_zone8_import000001/providers/Microsoft.Network/dnsZones/zone8.com/SOA/@?api-version=2018-05-01
  response:
    body:
      string: '{"id":"\/subscriptions\/00000000-0000-0000-0000-000000000000\/resourceGroups\/cli_dns_zone8_import000001\/providers\/Microsoft.Network\/dnszones\/zone8.com\/SOA\/@","name":"@","type":"Microsoft.Network\/dnszones\/SOA","etag":"409cd46f-3936-4a93-961d-0e2ca379fc8e","properties":{"fqdn":"zone8.com.","TTL":3600,"SOARecord":{"email":"azuredns-hostmaster.microsoft.com.","expireTime":2419200,"host":"ns1-08.azure-dns.com.","minimumTTL":300,"refreshTime":3600,"retryTime":300,"serialNumber":1},"targetResource":{},"provisioningState":"Succeeded"}}'
    headers:
      cache-control:
      - private
      content-length:
      - '591'
      content-type:
      - application/json; charset=utf-8
      date:
      - Thu, 04 Mar 2021 05:36:05 GMT
      etag:
      - 409cd46f-3936-4a93-961d-0e2ca379fc8e
      server:
      - Microsoft-IIS/10.0
      strict-transport-security:
      - max-age=31536000; includeSubDomains
      transfer-encoding:
      - chunked
      vary:
      - Accept-Encoding
      x-content-type-options:
      - nosniff
      x-ms-ratelimit-remaining-subscription-resource-requests:
      - '11999'
      x-powered-by:
      - ASP.NET
    status:
      code: 200
      message: OK
- request:
    body: null
    headers:
      Accept:
      - application/json
      Accept-Encoding:
      - gzip, deflate
      CommandName:
      - network dns zone import
      Connection:
      - keep-alive
      ParameterSetName:
      - -n -g --file-name
      User-Agent:
      - python/3.7.3 (Windows-10-10.0.19041-SP0) msrest/0.6.21 msrest_azure/0.6.3
        azure-mgmt-dns/2.1.0 Azure-SDK-For-Python AZURECLI/2.20.0
      accept-language:
      - en-US
    method: GET
    uri: https://management.azure.com/subscriptions/00000000-0000-0000-0000-000000000000/resourceGroups/cli_dns_zone8_import000001/providers/Microsoft.Network/dnsZones/zone8.com/NS/@?api-version=2018-05-01
  response:
    body:
      string: '{"id":"\/subscriptions\/00000000-0000-0000-0000-000000000000\/resourceGroups\/cli_dns_zone8_import000001\/providers\/Microsoft.Network\/dnszones\/zone8.com\/NS\/@","name":"@","type":"Microsoft.Network\/dnszones\/NS","etag":"8dcaa0de-8c71-4832-814e-bbc63efef4e6","properties":{"fqdn":"zone8.com.","TTL":172800,"NSRecords":[{"nsdname":"ns1-08.azure-dns.com."},{"nsdname":"ns2-08.azure-dns.net."},{"nsdname":"ns3-08.azure-dns.org."},{"nsdname":"ns4-08.azure-dns.info."}],"targetResource":{},"provisioningState":"Succeeded"}}'
    headers:
      cache-control:
      - private
      content-length:
      - '570'
      content-type:
      - application/json; charset=utf-8
      date:
      - Thu, 04 Mar 2021 05:36:07 GMT
      etag:
      - 8dcaa0de-8c71-4832-814e-bbc63efef4e6
      server:
      - Microsoft-IIS/10.0
      strict-transport-security:
      - max-age=31536000; includeSubDomains
      transfer-encoding:
      - chunked
      vary:
      - Accept-Encoding
      x-content-type-options:
      - nosniff
      x-ms-ratelimit-remaining-subscription-resource-requests:
      - '499'
      x-powered-by:
      - ASP.NET
    status:
      code: 200
      message: OK
- request:
    body: '{"etag": "8dcaa0de-8c71-4832-814e-bbc63efef4e6", "properties": {"TTL":
      172800, "targetResource": {}, "NSRecords": [{"nsdname": "ns1-08.azure-dns.com."},
      {"nsdname": "ns2-08.azure-dns.net."}, {"nsdname": "ns3-08.azure-dns.org."},
      {"nsdname": "ns4-08.azure-dns.info."}]}}'
    headers:
      Accept:
      - application/json
      Accept-Encoding:
      - gzip, deflate
      CommandName:
      - network dns zone import
      Connection:
      - keep-alive
      Content-Length:
      - '269'
      Content-Type:
      - application/json; charset=utf-8
      ParameterSetName:
      - -n -g --file-name
      User-Agent:
      - python/3.7.3 (Windows-10-10.0.19041-SP0) msrest/0.6.21 msrest_azure/0.6.3
        azure-mgmt-dns/2.1.0 Azure-SDK-For-Python AZURECLI/2.20.0
      accept-language:
      - en-US
    method: PUT
    uri: https://management.azure.com/subscriptions/00000000-0000-0000-0000-000000000000/resourceGroups/cli_dns_zone8_import000001/providers/Microsoft.Network/dnsZones/zone8.com/NS/@?api-version=2018-05-01
  response:
    body:
      string: '{"id":"\/subscriptions\/00000000-0000-0000-0000-000000000000\/resourceGroups\/cli_dns_zone8_import000001\/providers\/Microsoft.Network\/dnszones\/zone8.com\/NS\/@","name":"@","type":"Microsoft.Network\/dnszones\/NS","etag":"cf4a54c2-7ffc-40ee-a559-1aaa755128fa","properties":{"fqdn":"zone8.com.","TTL":172800,"NSRecords":[{"nsdname":"ns1-08.azure-dns.com."},{"nsdname":"ns2-08.azure-dns.net."},{"nsdname":"ns3-08.azure-dns.org."},{"nsdname":"ns4-08.azure-dns.info."}],"targetResource":{},"provisioningState":"Succeeded"}}'
    headers:
      cache-control:
      - private
      content-length:
      - '570'
      content-type:
      - application/json; charset=utf-8
      date:
      - Thu, 04 Mar 2021 05:36:08 GMT
      etag:
      - cf4a54c2-7ffc-40ee-a559-1aaa755128fa
      server:
      - Microsoft-IIS/10.0
      strict-transport-security:
      - max-age=31536000; includeSubDomains
      transfer-encoding:
      - chunked
      vary:
      - Accept-Encoding
      x-content-type-options:
      - nosniff
      x-ms-ratelimit-remaining-subscription-resource-requests:
      - '11998'
      x-powered-by:
      - ASP.NET
    status:
      code: 200
      message: OK
- request:
    body: '{"properties": {"TTL": 3600, "ARecords": [{"ipv4Address": "2.3.4.5"}]}}'
    headers:
      Accept:
      - application/json
      Accept-Encoding:
      - gzip, deflate
      CommandName:
      - network dns zone import
      Connection:
      - keep-alive
      Content-Length:
      - '71'
      Content-Type:
      - application/json; charset=utf-8
      ParameterSetName:
      - -n -g --file-name
      User-Agent:
      - python/3.7.3 (Windows-10-10.0.19041-SP0) msrest/0.6.21 msrest_azure/0.6.3
        azure-mgmt-dns/2.1.0 Azure-SDK-For-Python AZURECLI/2.20.0
      accept-language:
      - en-US
    method: PUT
    uri: https://management.azure.com/subscriptions/00000000-0000-0000-0000-000000000000/resourceGroups/cli_dns_zone8_import000001/providers/Microsoft.Network/dnsZones/zone8.com/A/*?api-version=2018-05-01
  response:
    body:
      string: '{"id":"\/subscriptions\/00000000-0000-0000-0000-000000000000\/resourceGroups\/cli_dns_zone8_import000001\/providers\/Microsoft.Network\/dnszones\/zone8.com\/A\/*","name":"*","type":"Microsoft.Network\/dnszones\/A","etag":"25ddbed8-e034-47f8-a017-594cb4d19269","properties":{"fqdn":"*.zone8.com.","TTL":3600,"ARecords":[{"ipv4Address":"2.3.4.5"}],"targetResource":{},"provisioningState":"Succeeded"}}'
    headers:
      cache-control:
      - private
      content-length:
      - '448'
      content-type:
      - application/json; charset=utf-8
      date:
      - Thu, 04 Mar 2021 05:36:10 GMT
      etag:
      - 25ddbed8-e034-47f8-a017-594cb4d19269
      server:
      - Microsoft-IIS/10.0
      strict-transport-security:
      - max-age=31536000; includeSubDomains
      x-content-type-options:
      - nosniff
      x-ms-ratelimit-remaining-subscription-resource-requests:
      - '11997'
      x-powered-by:
      - ASP.NET
    status:
      code: 201
      message: Created
- request:
    body: '{"properties": {"TTL": 3600, "ARecords": [{"ipv4Address": "1.2.3.4"}]}}'
    headers:
      Accept:
      - application/json
      Accept-Encoding:
      - gzip, deflate
      CommandName:
      - network dns zone import
      Connection:
      - keep-alive
      Content-Length:
      - '71'
      Content-Type:
      - application/json; charset=utf-8
      ParameterSetName:
      - -n -g --file-name
      User-Agent:
      - python/3.7.3 (Windows-10-10.0.19041-SP0) msrest/0.6.21 msrest_azure/0.6.3
        azure-mgmt-dns/2.1.0 Azure-SDK-For-Python AZURECLI/2.20.0
      accept-language:
      - en-US
    method: PUT
    uri: https://management.azure.com/subscriptions/00000000-0000-0000-0000-000000000000/resourceGroups/cli_dns_zone8_import000001/providers/Microsoft.Network/dnsZones/zone8.com/A/ns?api-version=2018-05-01
  response:
    body:
      string: '{"id":"\/subscriptions\/00000000-0000-0000-0000-000000000000\/resourceGroups\/cli_dns_zone8_import000001\/providers\/Microsoft.Network\/dnszones\/zone8.com\/A\/ns","name":"ns","type":"Microsoft.Network\/dnszones\/A","etag":"dc6b1803-5186-4e9e-9ea5-b82cf0bb5405","properties":{"fqdn":"ns.zone8.com.","TTL":3600,"ARecords":[{"ipv4Address":"1.2.3.4"}],"targetResource":{},"provisioningState":"Succeeded"}}'
    headers:
      cache-control:
      - private
      content-length:
      - '451'
      content-type:
      - application/json; charset=utf-8
      date:
      - Thu, 04 Mar 2021 05:36:10 GMT
      etag:
      - dc6b1803-5186-4e9e-9ea5-b82cf0bb5405
      server:
      - Microsoft-IIS/10.0
      strict-transport-security:
      - max-age=31536000; includeSubDomains
      x-content-type-options:
      - nosniff
      x-ms-ratelimit-remaining-subscription-resource-requests:
      - '11997'
      x-powered-by:
      - ASP.NET
    status:
      code: 201
      message: Created
- request:
    body: null
    headers:
      Accept:
      - application/json
      Accept-Encoding:
      - gzip, deflate
      CommandName:
      - network dns record-set list
      Connection:
      - keep-alive
      ParameterSetName:
      - -g -z
      User-Agent:
      - python/3.7.3 (Windows-10-10.0.19041-SP0) msrest/0.6.21 msrest_azure/0.6.3
        azure-mgmt-dns/2.1.0 Azure-SDK-For-Python AZURECLI/2.20.0
      accept-language:
      - en-US
    method: GET
    uri: https://management.azure.com/subscriptions/00000000-0000-0000-0000-000000000000/resourceGroups/cli_dns_zone8_import000001/providers/Microsoft.Network/dnsZones/zone8.com/recordsets?api-version=2018-05-01
  response:
    body:
      string: '{"value":[{"id":"\/subscriptions\/00000000-0000-0000-0000-000000000000\/resourceGroups\/cli_dns_zone8_import000001\/providers\/Microsoft.Network\/dnszones\/zone8.com\/NS\/@","name":"@","type":"Microsoft.Network\/dnszones\/NS","etag":"cf4a54c2-7ffc-40ee-a559-1aaa755128fa","properties":{"fqdn":"zone8.com.","TTL":172800,"NSRecords":[{"nsdname":"ns1-08.azure-dns.com."},{"nsdname":"ns2-08.azure-dns.net."},{"nsdname":"ns3-08.azure-dns.org."},{"nsdname":"ns4-08.azure-dns.info."}],"targetResource":{},"provisioningState":"Succeeded"}},{"id":"\/subscriptions\/00000000-0000-0000-0000-000000000000\/resourceGroups\/cli_dns_zone8_import000001\/providers\/Microsoft.Network\/dnszones\/zone8.com\/SOA\/@","name":"@","type":"Microsoft.Network\/dnszones\/SOA","etag":"409cd46f-3936-4a93-961d-0e2ca379fc8e","properties":{"fqdn":"zone8.com.","TTL":3600,"SOARecord":{"email":"azuredns-hostmaster.microsoft.com.","expireTime":2419200,"host":"ns1-08.azure-dns.com.","minimumTTL":300,"refreshTime":3600,"retryTime":300,"serialNumber":1},"targetResource":{},"provisioningState":"Succeeded"}},{"id":"\/subscriptions\/00000000-0000-0000-0000-000000000000\/resourceGroups\/cli_dns_zone8_import000001\/providers\/Microsoft.Network\/dnszones\/zone8.com\/A\/*","name":"*","type":"Microsoft.Network\/dnszones\/A","etag":"25ddbed8-e034-47f8-a017-594cb4d19269","properties":{"fqdn":"*.zone8.com.","TTL":3600,"ARecords":[{"ipv4Address":"2.3.4.5"}],"targetResource":{},"provisioningState":"Succeeded"}},{"id":"\/subscriptions\/00000000-0000-0000-0000-000000000000\/resourceGroups\/cli_dns_zone8_import000001\/providers\/Microsoft.Network\/dnszones\/zone8.com\/A\/ns","name":"ns","type":"Microsoft.Network\/dnszones\/A","etag":"dc6b1803-5186-4e9e-9ea5-b82cf0bb5405","properties":{"fqdn":"ns.zone8.com.","TTL":3600,"ARecords":[{"ipv4Address":"1.2.3.4"}],"targetResource":{},"provisioningState":"Succeeded"}}]}'
    headers:
      cache-control:
      - private
      content-length:
      - '2075'
      content-type:
      - application/json; charset=utf-8
      date:
      - Thu, 04 Mar 2021 05:36:12 GMT
      server:
      - Microsoft-IIS/10.0
      strict-transport-security:
      - max-age=31536000; includeSubDomains
      transfer-encoding:
      - chunked
      vary:
      - Accept-Encoding
      x-content-type-options:
      - nosniff
      x-ms-ratelimit-remaining-subscription-resource-entities-read:
      - '59996'
      x-ms-ratelimit-remaining-subscription-resource-requests:
      - '499'
      x-powered-by:
      - ASP.NET
    status:
      code: 200
      message: OK
version: 1
