interactions:
- request:
    body: '{"location": "global", "properties": {"zoneType": "Public"}}'
    headers:
      Accept:
      - application/json
      Accept-Encoding:
      - gzip, deflate
      CommandName:
      - network dns zone create
      Connection:
      - keep-alive
      Content-Length:
      - '60'
      Content-Type:
      - application/json
      ParameterSetName:
      - -n -g
      User-Agent:
      - AZURECLI/2.49.0 (AAZ) azsdk-python-core/1.26.0 Python/3.11.2 (Windows-10-10.0.22621-SP0)
    method: PUT
    uri: https://management.azure.com/subscriptions/00000000-0000-0000-0000-000000000000/resourceGroups/cli_test_dns000001/providers/Microsoft.Network/dnsZones/books.com?api-version=2023-07-01-preview
  response:
    body:
      string: '{"id":"\/subscriptions\/00000000-0000-0000-0000-000000000000\/resourceGroups\/cli_test_dns000001\/providers\/Microsoft.Network\/dnszones\/books.com","name":"books.com","type":"Microsoft.Network\/dnszones","etag":"649791fe-5aa4-4fa0-971d-593f983dbe02","location":"global","tags":{},"properties":{"maxNumberOfRecordSets":10000,"maxNumberOfRecordsPerRecordSet":null,"nameServers":["ns1-32.daily.azure-dns.com.","ns2-32.daily.azure-dns.net.","ns3-32.daily.azure-dns.org.","ns4-32.daily.azure-dns.info."],"numberOfRecordSets":2,"zoneType":"Public"}}'
    headers:
      cache-control:
      - private
      content-length:
      - '544'
      content-type:
      - application/json; charset=utf-8
      date:
      - Tue, 27 Jun 2023 03:25:02 GMT
      etag:
      - 649791fe-5aa4-4fa0-971d-593f983dbe02
      strict-transport-security:
      - max-age=31536000; includeSubDomains
      x-cache:
      - CONFIG_NOCACHE
      x-content-type-options:
      - nosniff
      x-ms-ratelimit-remaining-subscription-resource-requests:
      - '11992'
      x-msedge-ref:
      - 'Ref A: E2386F8107094B4A9EACE8B5C1379B36 Ref B: CO6AA3150219035 Ref C: 2023-06-27T03:25:00Z'
      x-powered-by:
      - ASP.NET
    status:
      code: 201
      message: Created
- request:
    body: null
    headers:
      Accept:
      - application/json
      Accept-Encoding:
      - gzip, deflate
      CommandName:
      - network dns zone show
      Connection:
      - keep-alive
      ParameterSetName:
      - -n -g
      User-Agent:
      - AZURECLI/2.49.0 (AAZ) azsdk-python-core/1.26.0 Python/3.11.2 (Windows-10-10.0.22621-SP0)
    method: GET
    uri: https://management.azure.com/subscriptions/00000000-0000-0000-0000-000000000000/resourceGroups/cli_test_dns000001/providers/Microsoft.Network/dnsZones/books.com?api-version=2023-07-01-preview
  response:
    body:
      string: '{"id":"\/subscriptions\/00000000-0000-0000-0000-000000000000\/resourceGroups\/cli_test_dns000001\/providers\/Microsoft.Network\/dnszones\/books.com","name":"books.com","type":"Microsoft.Network\/dnszones","etag":"649791fe-5aa4-4fa0-971d-593f983dbe02","location":"global","tags":{},"properties":{"maxNumberOfRecordSets":10000,"maxNumberOfRecordsPerRecordSet":null,"nameServers":["ns1-32.daily.azure-dns.com.","ns2-32.daily.azure-dns.net.","ns3-32.daily.azure-dns.org.","ns4-32.daily.azure-dns.info."],"numberOfRecordSets":2,"zoneType":"Public"}}'
    headers:
      cache-control:
      - private
      content-length:
      - '544'
      content-type:
      - application/json; charset=utf-8
      date:
      - Tue, 27 Jun 2023 03:25:03 GMT
      etag:
      - 649791fe-5aa4-4fa0-971d-593f983dbe02
      strict-transport-security:
      - max-age=31536000; includeSubDomains
      x-cache:
      - CONFIG_NOCACHE
      x-content-type-options:
      - nosniff
      x-ms-ratelimit-remaining-subscription-resource-requests:
      - '11993'
      x-msedge-ref:
      - 'Ref A: 488146CA07DF47DDBD5A56E29CAB9320 Ref B: CO6AA3150220031 Ref C: 2023-06-27T03:25:02Z'
      x-powered-by:
      - ASP.NET
    status:
      code: 200
      message: OK
- request:
    body: '{"location": "global", "properties": {"zoneType": "Public"}}'
    headers:
      Accept:
      - application/json
      Accept-Encoding:
      - gzip, deflate
      CommandName:
      - network dns zone create
      Connection:
      - keep-alive
      Content-Length:
      - '60'
      Content-Type:
      - application/json
      ParameterSetName:
      - -n -g -p
      User-Agent:
      - AZURECLI/2.49.0 (AAZ) azsdk-python-core/1.26.0 Python/3.11.2 (Windows-10-10.0.22621-SP0)
    method: PUT
    uri: https://management.azure.com/subscriptions/00000000-0000-0000-0000-000000000000/resourceGroups/cli_test_dns000001/providers/Microsoft.Network/dnsZones/nursery.books.com?api-version=2023-07-01-preview
  response:
    body:
      string: '{"id":"\/subscriptions\/00000000-0000-0000-0000-000000000000\/resourceGroups\/cli_test_dns000001\/providers\/Microsoft.Network\/dnszones\/nursery.books.com","name":"nursery.books.com","type":"Microsoft.Network\/dnszones","etag":"b660bbff-f352-4810-af8a-6c8c0984e96d","location":"global","tags":{},"properties":{"maxNumberOfRecordSets":10000,"maxNumberOfRecordsPerRecordSet":null,"nameServers":["ns1-33.daily.azure-dns.com.","ns2-33.daily.azure-dns.net.","ns3-33.daily.azure-dns.org.","ns4-33.daily.azure-dns.info."],"numberOfRecordSets":2,"zoneType":"Public"}}'
    headers:
      cache-control:
      - private
      content-length:
      - '560'
      content-type:
      - application/json; charset=utf-8
      date:
      - Tue, 27 Jun 2023 03:25:05 GMT
      etag:
      - b660bbff-f352-4810-af8a-6c8c0984e96d
      strict-transport-security:
      - max-age=31536000; includeSubDomains
      x-cache:
      - CONFIG_NOCACHE
      x-content-type-options:
      - nosniff
      x-ms-ratelimit-remaining-subscription-resource-requests:
      - '11994'
      x-msedge-ref:
      - 'Ref A: 8BDE9C1553D74F57A3A65877A8B46563 Ref B: CO6AA3150218029 Ref C: 2023-06-27T03:25:03Z'
      x-powered-by:
      - ASP.NET
    status:
      code: 201
      message: Created
- request:
    body: null
    headers:
      Accept:
      - application/json
      Accept-Encoding:
      - gzip, deflate
      CommandName:
      - network dns zone create
      Connection:
      - keep-alive
      ParameterSetName:
      - -n -g -p
      User-Agent:
      - AZURECLI/2.49.0 (AAZ) azsdk-python-core/1.26.0 Python/3.11.2 (Windows-10-10.0.22621-SP0)
    method: GET
    uri: https://management.azure.com/subscriptions/00000000-0000-0000-0000-000000000000/resourceGroups/cli_test_dns000001/providers/Microsoft.Network/dnsZones/books.com/NS/nursery?api-version=2023-07-01-preview
  response:
    body:
      string: '{"code":"NotFound","message":"The resource record ''nursery'' does
        not exist in resource group ''cli_test_dns000001'' of subscription ''c152a3cf-de1a-4370-b373-a455b6ccd921''."}'
    headers:
      cache-control:
      - private
      content-length:
      - '171'
      content-type:
      - application/json; charset=utf-8
      date:
      - Tue, 27 Jun 2023 03:25:05 GMT
      strict-transport-security:
      - max-age=31536000; includeSubDomains
      x-cache:
      - CONFIG_NOCACHE
      x-content-type-options:
      - nosniff
      x-ms-ratelimit-remaining-subscription-resource-requests:
      - '11994'
      x-msedge-ref:
      - 'Ref A: C0E4101411BF4FE18BCD538D8A7616D9 Ref B: CO6AA3150218045 Ref C: 2023-06-27T03:25:05Z'
      x-powered-by:
      - ASP.NET
    status:
      code: 404
      message: Not Found
- request:
    body: '{"properties": {"NSRecords": [{"nsdname": "ns1-33.daily.azure-dns.com."}],
      "TTL": 3600}}'
    headers:
      Accept:
      - application/json
      Accept-Encoding:
      - gzip, deflate
      CommandName:
      - network dns zone create
      Connection:
      - keep-alive
      Content-Length:
      - '88'
      Content-Type:
      - application/json
      ParameterSetName:
      - -n -g -p
      User-Agent:
      - AZURECLI/2.49.0 (AAZ) azsdk-python-core/1.26.0 Python/3.11.2 (Windows-10-10.0.22621-SP0)
    method: PUT
    uri: https://management.azure.com/subscriptions/00000000-0000-0000-0000-000000000000/resourceGroups/cli_test_dns000001/providers/Microsoft.Network/dnsZones/books.com/NS/nursery?api-version=2023-07-01-preview
  response:
    body:
      string: '{"id":"\/subscriptions\/00000000-0000-0000-0000-000000000000\/resourceGroups\/cli_test_dns000001\/providers\/Microsoft.Network\/dnszones\/books.com\/NS\/nursery","name":"nursery","type":"Microsoft.Network\/dnszones\/NS","etag":"94eb5b7d-7651-4827-bdb3-d4da27d2baba","properties":{"fqdn":"nursery.books.com.","TTL":3600,"NSRecords":[{"nsdname":"ns1-33.daily.azure-dns.com."}],"targetResource":{},"provisioningState":"Succeeded"}}'
    headers:
      cache-control:
      - private
      content-length:
      - '428'
      content-type:
      - application/json; charset=utf-8
      date:
      - Tue, 27 Jun 2023 03:25:06 GMT
      etag:
      - 94eb5b7d-7651-4827-bdb3-d4da27d2baba
      strict-transport-security:
      - max-age=31536000; includeSubDomains
      x-cache:
      - CONFIG_NOCACHE
      x-content-type-options:
      - nosniff
      x-ms-ratelimit-remaining-subscription-resource-requests:
      - '11999'
      x-msedge-ref:
      - 'Ref A: 63E1BBDE916B4E869234E2F20BD12122 Ref B: CO6AA3150220009 Ref C: 2023-06-27T03:25:05Z'
      x-powered-by:
      - ASP.NET
    status:
      code: 201
      message: Created
- request:
    body: null
    headers:
      Accept:
      - application/json
      Accept-Encoding:
      - gzip, deflate
      CommandName:
      - network dns zone create
      Connection:
      - keep-alive
      ParameterSetName:
      - -n -g -p
      User-Agent:
      - AZURECLI/2.49.0 (AAZ) azsdk-python-core/1.26.0 Python/3.11.2 (Windows-10-10.0.22621-SP0)
    method: GET
    uri: https://management.azure.com/subscriptions/00000000-0000-0000-0000-000000000000/resourceGroups/cli_test_dns000001/providers/Microsoft.Network/dnsZones/books.com/NS/nursery?api-version=2023-07-01-preview
  response:
    body:
      string: '{"id":"\/subscriptions\/00000000-0000-0000-0000-000000000000\/resourceGroups\/cli_test_dns000001\/providers\/Microsoft.Network\/dnszones\/books.com\/NS\/nursery","name":"nursery","type":"Microsoft.Network\/dnszones\/NS","etag":"94eb5b7d-7651-4827-bdb3-d4da27d2baba","properties":{"fqdn":"nursery.books.com.","TTL":3600,"NSRecords":[{"nsdname":"ns1-33.daily.azure-dns.com."}],"targetResource":{},"provisioningState":"Succeeded"}}'
    headers:
      cache-control:
      - private
      content-length:
      - '428'
      content-type:
      - application/json; charset=utf-8
      date:
      - Tue, 27 Jun 2023 03:25:06 GMT
      etag:
      - 94eb5b7d-7651-4827-bdb3-d4da27d2baba
      strict-transport-security:
      - max-age=31536000; includeSubDomains
      x-cache:
      - CONFIG_NOCACHE
      x-content-type-options:
      - nosniff
      x-ms-ratelimit-remaining-subscription-resource-requests:
      - '11993'
      x-msedge-ref:
      - 'Ref A: D1DEDB95E8BE440AA3A5F62A9D42A8C5 Ref B: CO6AA3150218049 Ref C: 2023-06-27T03:25:06Z'
      x-powered-by:
      - ASP.NET
    status:
      code: 200
      message: OK
- request:
    body: '{"properties": {"NSRecords": [{"nsdname": "ns1-33.daily.azure-dns.com."},
      {"nsdname": "ns2-33.daily.azure-dns.net."}], "TTL": 3600}}'
    headers:
      Accept:
      - application/json
      Accept-Encoding:
      - gzip, deflate
      CommandName:
      - network dns zone create
      Connection:
      - keep-alive
      Content-Length:
      - '132'
      Content-Type:
      - application/json
      ParameterSetName:
      - -n -g -p
      User-Agent:
      - AZURECLI/2.49.0 (AAZ) azsdk-python-core/1.26.0 Python/3.11.2 (Windows-10-10.0.22621-SP0)
    method: PUT
    uri: https://management.azure.com/subscriptions/00000000-0000-0000-0000-000000000000/resourceGroups/cli_test_dns000001/providers/Microsoft.Network/dnsZones/books.com/NS/nursery?api-version=2023-07-01-preview
  response:
    body:
      string: '{"id":"\/subscriptions\/00000000-0000-0000-0000-000000000000\/resourceGroups\/cli_test_dns000001\/providers\/Microsoft.Network\/dnszones\/books.com\/NS\/nursery","name":"nursery","type":"Microsoft.Network\/dnszones\/NS","etag":"35282496-fefb-40a7-9a33-a8f00660e816","properties":{"fqdn":"nursery.books.com.","TTL":3600,"NSRecords":[{"nsdname":"ns1-33.daily.azure-dns.com."},{"nsdname":"ns2-33.daily.azure-dns.net."}],"targetResource":{},"provisioningState":"Succeeded"}}'
    headers:
      cache-control:
      - private
      content-length:
      - '470'
      content-type:
      - application/json; charset=utf-8
      date:
      - Tue, 27 Jun 2023 03:25:07 GMT
      etag:
      - 35282496-fefb-40a7-9a33-a8f00660e816
      strict-transport-security:
      - max-age=31536000; includeSubDomains
      x-cache:
      - CONFIG_NOCACHE
      x-content-type-options:
      - nosniff
      x-ms-ratelimit-remaining-subscription-resource-requests:
      - '11999'
      x-msedge-ref:
      - 'Ref A: 7A041580A0714099AEE022A2EDBD65DB Ref B: CO6AA3150220017 Ref C: 2023-06-27T03:25:07Z'
      x-powered-by:
      - ASP.NET
    status:
      code: 200
      message: OK
- request:
    body: null
    headers:
      Accept:
      - application/json
      Accept-Encoding:
      - gzip, deflate
      CommandName:
      - network dns zone create
      Connection:
      - keep-alive
      ParameterSetName:
      - -n -g -p
      User-Agent:
      - AZURECLI/2.49.0 (AAZ) azsdk-python-core/1.26.0 Python/3.11.2 (Windows-10-10.0.22621-SP0)
    method: GET
    uri: https://management.azure.com/subscriptions/00000000-0000-0000-0000-000000000000/resourceGroups/cli_test_dns000001/providers/Microsoft.Network/dnsZones/books.com/NS/nursery?api-version=2023-07-01-preview
  response:
    body:
      string: '{"id":"\/subscriptions\/00000000-0000-0000-0000-000000000000\/resourceGroups\/cli_test_dns000001\/providers\/Microsoft.Network\/dnszones\/books.com\/NS\/nursery","name":"nursery","type":"Microsoft.Network\/dnszones\/NS","etag":"35282496-fefb-40a7-9a33-a8f00660e816","properties":{"fqdn":"nursery.books.com.","TTL":3600,"NSRecords":[{"nsdname":"ns1-33.daily.azure-dns.com."},{"nsdname":"ns2-33.daily.azure-dns.net."}],"targetResource":{},"provisioningState":"Succeeded"}}'
    headers:
      cache-control:
      - private
      content-length:
      - '470'
      content-type:
      - application/json; charset=utf-8
      date:
      - Tue, 27 Jun 2023 03:25:06 GMT
      etag:
      - 35282496-fefb-40a7-9a33-a8f00660e816
      strict-transport-security:
      - max-age=31536000; includeSubDomains
      x-cache:
      - CONFIG_NOCACHE
      x-content-type-options:
      - nosniff
      x-ms-ratelimit-remaining-subscription-resource-requests:
      - '11999'
      x-msedge-ref:
      - 'Ref A: 659D50C370F3443A8007F69C2EC91804 Ref B: CO6AA3150220053 Ref C: 2023-06-27T03:25:07Z'
      x-powered-by:
      - ASP.NET
    status:
      code: 200
      message: OK
- request:
    body: '{"properties": {"NSRecords": [{"nsdname": "ns1-33.daily.azure-dns.com."},
      {"nsdname": "ns2-33.daily.azure-dns.net."}, {"nsdname": "ns3-33.daily.azure-dns.org."}],
      "TTL": 3600}}'
    headers:
      Accept:
      - application/json
      Accept-Encoding:
      - gzip, deflate
      CommandName:
      - network dns zone create
      Connection:
      - keep-alive
      Content-Length:
      - '176'
      Content-Type:
      - application/json
      ParameterSetName:
      - -n -g -p
      User-Agent:
      - AZURECLI/2.49.0 (AAZ) azsdk-python-core/1.26.0 Python/3.11.2 (Windows-10-10.0.22621-SP0)
    method: PUT
    uri: https://management.azure.com/subscriptions/00000000-0000-0000-0000-000000000000/resourceGroups/cli_test_dns000001/providers/Microsoft.Network/dnsZones/books.com/NS/nursery?api-version=2023-07-01-preview
  response:
    body:
      string: '{"id":"\/subscriptions\/00000000-0000-0000-0000-000000000000\/resourceGroups\/cli_test_dns000001\/providers\/Microsoft.Network\/dnszones\/books.com\/NS\/nursery","name":"nursery","type":"Microsoft.Network\/dnszones\/NS","etag":"676fc39b-46da-470b-b2fb-03b54e559547","properties":{"fqdn":"nursery.books.com.","TTL":3600,"NSRecords":[{"nsdname":"ns1-33.daily.azure-dns.com."},{"nsdname":"ns2-33.daily.azure-dns.net."},{"nsdname":"ns3-33.daily.azure-dns.org."}],"targetResource":{},"provisioningState":"Succeeded"}}'
    headers:
      cache-control:
      - private
      content-length:
      - '512'
      content-type:
      - application/json; charset=utf-8
      date:
      - Tue, 27 Jun 2023 03:25:07 GMT
      etag:
      - 676fc39b-46da-470b-b2fb-03b54e559547
      strict-transport-security:
      - max-age=31536000; includeSubDomains
      x-cache:
      - CONFIG_NOCACHE
      x-content-type-options:
      - nosniff
      x-ms-ratelimit-remaining-subscription-resource-requests:
      - '11988'
      x-msedge-ref:
      - 'Ref A: 781253E62F8B48E28697BA2EC1733371 Ref B: CO6AA3150217029 Ref C: 2023-06-27T03:25:08Z'
      x-powered-by:
      - ASP.NET
    status:
      code: 200
      message: OK
- request:
    body: null
    headers:
      Accept:
      - application/json
      Accept-Encoding:
      - gzip, deflate
      CommandName:
      - network dns zone create
      Connection:
      - keep-alive
      ParameterSetName:
      - -n -g -p
      User-Agent:
      - AZURECLI/2.49.0 (AAZ) azsdk-python-core/1.26.0 Python/3.11.2 (Windows-10-10.0.22621-SP0)
    method: GET
    uri: https://management.azure.com/subscriptions/00000000-0000-0000-0000-000000000000/resourceGroups/cli_test_dns000001/providers/Microsoft.Network/dnsZones/books.com/NS/nursery?api-version=2023-07-01-preview
  response:
    body:
      string: '{"id":"\/subscriptions\/00000000-0000-0000-0000-000000000000\/resourceGroups\/cli_test_dns000001\/providers\/Microsoft.Network\/dnszones\/books.com\/NS\/nursery","name":"nursery","type":"Microsoft.Network\/dnszones\/NS","etag":"676fc39b-46da-470b-b2fb-03b54e559547","properties":{"fqdn":"nursery.books.com.","TTL":3600,"NSRecords":[{"nsdname":"ns1-33.daily.azure-dns.com."},{"nsdname":"ns2-33.daily.azure-dns.net."},{"nsdname":"ns3-33.daily.azure-dns.org."}],"targetResource":{},"provisioningState":"Succeeded"}}'
    headers:
      cache-control:
      - private
      content-length:
      - '512'
      content-type:
      - application/json; charset=utf-8
      date:
      - Tue, 27 Jun 2023 03:25:08 GMT
      etag:
      - 676fc39b-46da-470b-b2fb-03b54e559547
      strict-transport-security:
      - max-age=31536000; includeSubDomains
      x-cache:
      - CONFIG_NOCACHE
      x-content-type-options:
      - nosniff
      x-ms-ratelimit-remaining-subscription-resource-requests:
      - '11992'
      x-msedge-ref:
      - 'Ref A: CF1C0AD269C041A6BBE4BAA1776F0D36 Ref B: CO6AA3150220045 Ref C: 2023-06-27T03:25:08Z'
      x-powered-by:
      - ASP.NET
    status:
      code: 200
      message: OK
- request:
    body: '{"properties": {"NSRecords": [{"nsdname": "ns1-33.daily.azure-dns.com."},
      {"nsdname": "ns2-33.daily.azure-dns.net."}, {"nsdname": "ns3-33.daily.azure-dns.org."},
      {"nsdname": "ns4-33.daily.azure-dns.info."}], "TTL": 3600}}'
    headers:
      Accept:
      - application/json
      Accept-Encoding:
      - gzip, deflate
      CommandName:
      - network dns zone create
      Connection:
      - keep-alive
      Content-Length:
      - '221'
      Content-Type:
      - application/json
      ParameterSetName:
      - -n -g -p
      User-Agent:
      - AZURECLI/2.49.0 (AAZ) azsdk-python-core/1.26.0 Python/3.11.2 (Windows-10-10.0.22621-SP0)
    method: PUT
    uri: https://management.azure.com/subscriptions/00000000-0000-0000-0000-000000000000/resourceGroups/cli_test_dns000001/providers/Microsoft.Network/dnsZones/books.com/NS/nursery?api-version=2023-07-01-preview
  response:
    body:
      string: '{"id":"\/subscriptions\/00000000-0000-0000-0000-000000000000\/resourceGroups\/cli_test_dns000001\/providers\/Microsoft.Network\/dnszones\/books.com\/NS\/nursery","name":"nursery","type":"Microsoft.Network\/dnszones\/NS","etag":"dec13746-e5aa-42d8-9ee2-20c7bfe5d2b9","properties":{"fqdn":"nursery.books.com.","TTL":3600,"NSRecords":[{"nsdname":"ns1-33.daily.azure-dns.com."},{"nsdname":"ns2-33.daily.azure-dns.net."},{"nsdname":"ns3-33.daily.azure-dns.org."},{"nsdname":"ns4-33.daily.azure-dns.info."}],"targetResource":{},"provisioningState":"Succeeded"}}'
    headers:
      cache-control:
      - private
      content-length:
      - '555'
      content-type:
      - application/json; charset=utf-8
      date:
      - Tue, 27 Jun 2023 03:25:08 GMT
      etag:
      - dec13746-e5aa-42d8-9ee2-20c7bfe5d2b9
      strict-transport-security:
      - max-age=31536000; includeSubDomains
      x-cache:
      - CONFIG_NOCACHE
      x-content-type-options:
      - nosniff
      x-ms-ratelimit-remaining-subscription-resource-requests:
      - '11987'
      x-msedge-ref:
      - 'Ref A: DA3D81A046584CC785A3D6236F72D1EA Ref B: CO6AA3150220019 Ref C: 2023-06-27T03:25:08Z'
      x-powered-by:
      - ASP.NET
    status:
      code: 200
      message: OK
- request:
    body: null
    headers:
      Accept:
      - application/json
      Accept-Encoding:
      - gzip, deflate
      CommandName:
      - network dns zone show
      Connection:
      - keep-alive
      ParameterSetName:
      - -n -g
      User-Agent:
      - AZURECLI/2.49.0 (AAZ) azsdk-python-core/1.26.0 Python/3.11.2 (Windows-10-10.0.22621-SP0)
    method: GET
    uri: https://management.azure.com/subscriptions/00000000-0000-0000-0000-000000000000/resourceGroups/cli_test_dns000001/providers/Microsoft.Network/dnsZones/books.com?api-version=2023-07-01-preview
  response:
    body:
      string: '{"id":"\/subscriptions\/00000000-0000-0000-0000-000000000000\/resourceGroups\/cli_test_dns000001\/providers\/Microsoft.Network\/dnszones\/books.com","name":"books.com","type":"Microsoft.Network\/dnszones","etag":"649791fe-5aa4-4fa0-971d-593f983dbe02","location":"global","tags":{},"properties":{"maxNumberOfRecordSets":10000,"maxNumberOfRecordsPerRecordSet":null,"nameServers":["ns1-32.daily.azure-dns.com.","ns2-32.daily.azure-dns.net.","ns3-32.daily.azure-dns.org.","ns4-32.daily.azure-dns.info."],"numberOfRecordSets":3,"zoneType":"Public"}}'
    headers:
      cache-control:
      - private
      content-length:
      - '544'
      content-type:
      - application/json; charset=utf-8
      date:
      - Tue, 27 Jun 2023 03:25:09 GMT
      etag:
      - 649791fe-5aa4-4fa0-971d-593f983dbe02
      strict-transport-security:
      - max-age=31536000; includeSubDomains
      x-cache:
      - CONFIG_NOCACHE
      x-content-type-options:
      - nosniff
      x-ms-ratelimit-remaining-subscription-resource-requests:
      - '11995'
      x-msedge-ref:
      - 'Ref A: 8339C33960A4425F868319F82265E635 Ref B: CO6AA3150218029 Ref C: 2023-06-27T03:25:09Z'
      x-powered-by:
      - ASP.NET
    status:
      code: 200
      message: OK
- request:
    body: null
    headers:
      Accept:
      - application/json
      Accept-Encoding:
      - gzip, deflate
      CommandName:
      - network dns record-set ns show
      Connection:
      - keep-alive
      ParameterSetName:
      - -n -g --zone-name
      User-Agent:
      - AZURECLI/2.49.0 (AAZ) azsdk-python-core/1.26.0 Python/3.11.2 (Windows-10-10.0.22621-SP0)
    method: GET
    uri: https://management.azure.com/subscriptions/00000000-0000-0000-0000-000000000000/resourceGroups/cli_test_dns000001/providers/Microsoft.Network/dnsZones/books.com/NS/nursery?api-version=2023-07-01-preview
  response:
    body:
      string: '{"id":"\/subscriptions\/00000000-0000-0000-0000-000000000000\/resourceGroups\/cli_test_dns000001\/providers\/Microsoft.Network\/dnszones\/books.com\/NS\/nursery","name":"nursery","type":"Microsoft.Network\/dnszones\/NS","etag":"dec13746-e5aa-42d8-9ee2-20c7bfe5d2b9","properties":{"fqdn":"nursery.books.com.","TTL":3600,"NSRecords":[{"nsdname":"ns1-33.daily.azure-dns.com."},{"nsdname":"ns2-33.daily.azure-dns.net."},{"nsdname":"ns3-33.daily.azure-dns.org."},{"nsdname":"ns4-33.daily.azure-dns.info."}],"targetResource":{},"provisioningState":"Succeeded"}}'
    headers:
      cache-control:
      - private
      content-length:
      - '555'
      content-type:
      - application/json; charset=utf-8
      date:
      - Tue, 27 Jun 2023 03:25:09 GMT
      etag:
      - dec13746-e5aa-42d8-9ee2-20c7bfe5d2b9
      strict-transport-security:
      - max-age=31536000; includeSubDomains
      x-cache:
      - CONFIG_NOCACHE
      x-content-type-options:
      - nosniff
      x-ms-ratelimit-remaining-subscription-resource-requests:
      - '11991'
      x-msedge-ref:
      - 'Ref A: D860291DCFA14D93B19B38AAECDF8A07 Ref B: CO6AA3150219035 Ref C: 2023-06-27T03:25:09Z'
      x-powered-by:
      - ASP.NET
    status:
      code: 200
      message: OK
- request:
    body: null
    headers:
      Accept:
      - '*/*'
      Accept-Encoding:
      - gzip, deflate
      CommandName:
      - network dns zone delete
      Connection:
      - keep-alive
      Content-Length:
      - '0'
      ParameterSetName:
      - -g -n -y
      User-Agent:
      - AZURECLI/2.49.0 (AAZ) azsdk-python-core/1.26.0 Python/3.11.2 (Windows-10-10.0.22621-SP0)
    method: DELETE
    uri: https://management.azure.com/subscriptions/00000000-0000-0000-0000-000000000000/resourceGroups/cli_test_dns000001/providers/Microsoft.Network/dnsZones/books.com?api-version=2023-07-01-preview
  response:
    body:
      string: ''
    headers:
      azure-asyncoperation:
      - https://management.azure.com:443/subscriptions/00000000-0000-0000-0000-000000000000/resourceGroups/cli_test_dns000001/providers/Microsoft.Network/dnsOperationStatuses/00000000-0000-0000-0000-000000000020;249997;books.com;Regular?api-version=2023-07-01-preview
      cache-control:
      - private
      content-length:
      - '0'
      date:
      - Tue, 27 Jun 2023 03:25:10 GMT
      location:
      - https://management.azure.com/subscriptions/00000000-0000-0000-0000-000000000000/resourceGroups/cli_test_dns000001/providers/Microsoft.Network/dnsOperationResults/00000000-0000-0000-0000-000000000020;249997;books.com;Regular?api-version=2023-07-01-preview
      strict-transport-security:
      - max-age=31536000; includeSubDomains
      x-cache:
      - CONFIG_NOCACHE
      x-content-type-options:
      - nosniff
      x-ms-ratelimit-remaining-subscription-resource-requests:
      - '11999'
      x-msedge-ref:
      - 'Ref A: 62EC1E68C2794AB1908BCCCCF4EAF759 Ref B: CO6AA3150219045 Ref C: 2023-06-27T03:25:10Z'
      x-powered-by:
      - ASP.NET
    status:
      code: 202
      message: Accepted
- request:
    body: null
    headers:
      Accept:
      - '*/*'
      Accept-Encoding:
      - gzip, deflate
      CommandName:
      - network dns zone delete
      Connection:
      - keep-alive
      ParameterSetName:
      - -g -n -y
      User-Agent:
      - AZURECLI/2.49.0 (AAZ) azsdk-python-core/1.26.0 Python/3.11.2 (Windows-10-10.0.22621-SP0)
    method: GET
    uri: https://management.azure.com/subscriptions/00000000-0000-0000-0000-000000000000/resourceGroups/cli_test_dns000001/providers/Microsoft.Network/dnsOperationStatuses/00000000-0000-0000-0000-000000000020;249997;books.com;Regular?api-version=2023-07-01-preview
  response:
    body:
      string: '{"status":"Succeeded"}'
    headers:
      cache-control:
      - private
      content-length:
      - '22'
      content-type:
      - application/json; charset=utf-8
      date:
      - Tue, 27 Jun 2023 03:25:10 GMT
      strict-transport-security:
      - max-age=31536000; includeSubDomains
      x-cache:
      - CONFIG_NOCACHE
      x-content-type-options:
      - nosniff
      x-ms-ratelimit-remaining-subscription-resource-requests:
      - '11999'
      x-msedge-ref:
      - 'Ref A: D245FEBE4E364FA88ADC343633BEDA46 Ref B: CO6AA3150219045 Ref C: 2023-06-27T03:25:11Z'
      x-powered-by:
      - ASP.NET
    status:
      code: 200
      message: OK
- request:
    body: null
    headers:
      Accept:
      - '*/*'
      Accept-Encoding:
      - gzip, deflate
      CommandName:
      - network dns zone delete
      Connection:
      - keep-alive
      Content-Length:
      - '0'
      ParameterSetName:
      - -g -n -y
      User-Agent:
      - AZURECLI/2.49.0 (AAZ) azsdk-python-core/1.26.0 Python/3.11.2 (Windows-10-10.0.22621-SP0)
    method: DELETE
    uri: https://management.azure.com/subscriptions/00000000-0000-0000-0000-000000000000/resourceGroups/cli_test_dns000001/providers/Microsoft.Network/dnsZones/nursery.books.com?api-version=2023-07-01-preview
  response:
    body:
      string: ''
    headers:
      azure-asyncoperation:
      - https://management.azure.com:443/subscriptions/00000000-0000-0000-0000-000000000000/resourceGroups/cli_test_dns000001/providers/Microsoft.Network/dnsOperationStatuses/00000000-0000-0000-0000-000000000021;243656;nursery.books.com;Regular?api-version=2023-07-01-preview
      cache-control:
      - private
      content-length:
      - '0'
      date:
      - Tue, 27 Jun 2023 03:25:12 GMT
      location:
      - https://management.azure.com/subscriptions/00000000-0000-0000-0000-000000000000/resourceGroups/cli_test_dns000001/providers/Microsoft.Network/dnsOperationResults/00000000-0000-0000-0000-000000000021;243656;nursery.books.com;Regular?api-version=2023-07-01-preview
      strict-transport-security:
      - max-age=31536000; includeSubDomains
      x-cache:
      - CONFIG_NOCACHE
      x-content-type-options:
      - nosniff
      x-ms-ratelimit-remaining-subscription-resource-requests:
      - '11999'
      x-msedge-ref:
      - 'Ref A: 0B21BA67F38843F08EC7C4F752522045 Ref B: CO6AA3150217051 Ref C: 2023-06-27T03:25:12Z'
      x-powered-by:
      - ASP.NET
    status:
      code: 202
      message: Accepted
- request:
    body: null
    headers:
      Accept:
      - '*/*'
      Accept-Encoding:
      - gzip, deflate
      CommandName:
      - network dns zone delete
      Connection:
      - keep-alive
      ParameterSetName:
      - -g -n -y
      User-Agent:
      - AZURECLI/2.49.0 (AAZ) azsdk-python-core/1.26.0 Python/3.11.2 (Windows-10-10.0.22621-SP0)
    method: GET
    uri: https://management.azure.com/subscriptions/00000000-0000-0000-0000-000000000000/resourceGroups/cli_test_dns000001/providers/Microsoft.Network/dnsOperationStatuses/00000000-0000-0000-0000-000000000021;243656;nursery.books.com;Regular?api-version=2023-07-01-preview
  response:
    body:
      string: '{"status":"Succeeded"}'
    headers:
      cache-control:
      - private
      content-length:
      - '22'
      content-type:
      - application/json; charset=utf-8
      date:
      - Tue, 27 Jun 2023 03:25:12 GMT
      strict-transport-security:
      - max-age=31536000; includeSubDomains
      x-cache:
      - CONFIG_NOCACHE
      x-content-type-options:
      - nosniff
      x-ms-ratelimit-remaining-subscription-resource-requests:
      - '11999'
      x-msedge-ref:
      - 'Ref A: 957B15D2BCC848908BE6BD6686A78328 Ref B: CO6AA3150217051 Ref C: 2023-06-27T03:25:13Z'
      x-powered-by:
      - ASP.NET
    status:
      code: 200
      message: OK
version: 1
