interactions:
- request:
    body: null
    headers:
      Accept:
      - application/json
      Accept-Encoding:
      - gzip, deflate
      CommandName:
      - mysql server create
      Connection:
      - keep-alive
      ParameterSetName:
      - -l -g -n -u -p --sku-name
      User-Agent:
      - python/3.7.8 (Windows-10-10.0.19041-SP0) msrest/0.6.18 msrest_azure/0.6.3
        azure-mgmt-resource/10.3.0 Azure-SDK-For-Python AZURECLI/2.16.0
      accept-language:
      - en-US
    method: HEAD
    uri: https://management.azure.com/subscriptions/00000000-0000-0000-0000-000000000000/resourcegroups/clitest.rg000001?api-version=2020-10-01
  response:
    body:
      string: ''
    headers:
      cache-control:
      - no-cache
      content-length:
      - '0'
      date:
      - Wed, 16 Dec 2020 09:15:54 GMT
      expires:
      - '-1'
      pragma:
      - no-cache
      strict-transport-security:
      - max-age=31536000; includeSubDomains
      x-content-type-options:
      - nosniff
    status:
      code: 204
      message: No Content
- request:
    body: '{"name": "azuredbclitest000002", "type": "Microsoft.DBforMySQL/servers"}'
    headers:
      Accept:
      - application/json
      Accept-Encoding:
      - gzip, deflate
      CommandName:
      - mysql server create
      Connection:
      - keep-alive
      Content-Length:
      - '115'
      Content-Type:
      - application/json; charset=utf-8
      ParameterSetName:
      - -l -g -n -u -p --sku-name
      User-Agent:
      - python/3.7.8 (Windows-10-10.0.19041-SP0) msrest/0.6.18 msrest_azure/0.6.3
        azure-mgmt-rdbms/2017-12-01 Azure-SDK-For-Python AZURECLI/2.16.0
      accept-language:
      - en-US
    method: POST
    uri: https://management.azure.com/subscriptions/00000000-0000-0000-0000-000000000000/providers/Microsoft.DBForMySQL/checkNameAvailability?api-version=2017-12-01
  response:
    body:
      string: '{"nameAvailable":true,"message":""}'
    headers:
      cache-control:
      - no-cache
      content-length:
      - '35'
      content-type:
      - application/json; charset=utf-8
      date:
      - Wed, 16 Dec 2020 09:15:57 GMT
      expires:
      - '-1'
      pragma:
      - no-cache
      server:
      - Microsoft-HTTPAPI/2.0
      strict-transport-security:
      - max-age=31536000; includeSubDomains
      transfer-encoding:
      - chunked
      vary:
      - Accept-Encoding
      x-content-type-options:
      - nosniff
      x-ms-ratelimit-remaining-subscription-writes:
      - '1199'
    status:
      code: 200
      message: OK
- request:
    body: '{"sku": {"name": "GP_Gen5_2"}, "properties": {"storageProfile": {"storageMB":
      51200, "storageAutogrow": "Enabled"}, "createMode": "Default", "administratorLogin":
      "cloudsa", "administratorLoginPassword": "SecretPassword123"}, "location": "westus"}'
    headers:
      Accept:
      - application/json
      Accept-Encoding:
      - gzip, deflate
      CommandName:
      - mysql server create
      Connection:
      - keep-alive
      Content-Length:
      - '247'
      Content-Type:
      - application/json; charset=utf-8
      ParameterSetName:
      - -l -g -n -u -p --sku-name
      User-Agent:
      - python/3.7.8 (Windows-10-10.0.19041-SP0) msrest/0.6.18 msrest_azure/0.6.3
        azure-mgmt-rdbms/2017-12-01 Azure-SDK-For-Python AZURECLI/2.16.0
      accept-language:
      - en-US
    method: PUT
    uri: https://management.azure.com/subscriptions/00000000-0000-0000-0000-000000000000/resourceGroups/clitest.rg000001/providers/Microsoft.DBForMySQL/servers/azuredbclitest000002?api-version=2017-12-01
  response:
    body:
      string: '{"operation":"UpsertElasticServer","startTime":"2020-12-16T09:16:03.43Z"}'
    headers:
      azure-asyncoperation:
      - https://management.azure.com/subscriptions/00000000-0000-0000-0000-000000000000/providers/Microsoft.DBforMySQL/locations/westus/azureAsyncOperation/883897bf-95ff-4b03-bfda-6790f6e55333?api-version=2017-12-01
      cache-control:
      - no-cache
      content-length:
      - '73'
      content-type:
      - application/json; charset=utf-8
      date:
      - Wed, 16 Dec 2020 09:16:03 GMT
      expires:
      - '-1'
      location:
      - https://management.azure.com/subscriptions/00000000-0000-0000-0000-000000000000/providers/Microsoft.DBforMySQL/locations/westus/operationResults/883897bf-95ff-4b03-bfda-6790f6e55333?api-version=2017-12-01
      pragma:
      - no-cache
      server:
      - Microsoft-HTTPAPI/2.0
      strict-transport-security:
      - max-age=31536000; includeSubDomains
      x-content-type-options:
      - nosniff
      x-ms-ratelimit-remaining-subscription-writes:
      - '1189'
    status:
      code: 202
      message: Accepted
- request:
    body: null
    headers:
      Accept:
      - application/json
      Accept-Encoding:
      - gzip, deflate
      CommandName:
      - mysql server create
      Connection:
      - keep-alive
      ParameterSetName:
      - -l -g -n -u -p --sku-name
      User-Agent:
      - python/3.7.8 (Windows-10-10.0.19041-SP0) msrest/0.6.18 msrest_azure/0.6.3
        azure-mgmt-rdbms/2017-12-01 Azure-SDK-For-Python AZURECLI/2.16.0
    method: GET
    uri: https://management.azure.com/subscriptions/00000000-0000-0000-0000-000000000000/providers/Microsoft.DBforMySQL/locations/westus/azureAsyncOperation/883897bf-95ff-4b03-bfda-6790f6e55333?api-version=2017-12-01
  response:
    body:
      string: '{"name":"883897bf-95ff-4b03-bfda-6790f6e55333","status":"InProgress","startTime":"2020-12-16T09:16:03.43Z"}'
    headers:
      cache-control:
      - no-cache
      content-length:
      - '107'
      content-type:
      - application/json; charset=utf-8
      date:
      - Wed, 16 Dec 2020 09:17:07 GMT
      expires:
      - '-1'
      pragma:
      - no-cache
      server:
      - Microsoft-HTTPAPI/2.0
      strict-transport-security:
      - max-age=31536000; includeSubDomains
      transfer-encoding:
      - chunked
      vary:
      - Accept-Encoding
      x-content-type-options:
      - nosniff
    status:
      code: 200
      message: OK
- request:
    body: null
    headers:
      Accept:
      - application/json
      Accept-Encoding:
      - gzip, deflate
      CommandName:
      - mysql server create
      Connection:
      - keep-alive
      ParameterSetName:
      - -l -g -n -u -p --sku-name
      User-Agent:
      - python/3.7.8 (Windows-10-10.0.19041-SP0) msrest/0.6.18 msrest_azure/0.6.3
        azure-mgmt-rdbms/2017-12-01 Azure-SDK-For-Python AZURECLI/2.16.0
    method: GET
    uri: https://management.azure.com/subscriptions/00000000-0000-0000-0000-000000000000/providers/Microsoft.DBforMySQL/locations/westus/azureAsyncOperation/883897bf-95ff-4b03-bfda-6790f6e55333?api-version=2017-12-01
  response:
    body:
      string: '{"name":"883897bf-95ff-4b03-bfda-6790f6e55333","status":"Succeeded","startTime":"2020-12-16T09:16:03.43Z"}'
    headers:
      cache-control:
      - no-cache
      content-length:
      - '106'
      content-type:
      - application/json; charset=utf-8
      date:
      - Wed, 16 Dec 2020 09:18:08 GMT
      expires:
      - '-1'
      pragma:
      - no-cache
      server:
      - Microsoft-HTTPAPI/2.0
      strict-transport-security:
      - max-age=31536000; includeSubDomains
      transfer-encoding:
      - chunked
      vary:
      - Accept-Encoding
      x-content-type-options:
      - nosniff
    status:
      code: 200
      message: OK
- request:
    body: null
    headers:
      Accept:
      - application/json
      Accept-Encoding:
      - gzip, deflate
      CommandName:
      - mysql server create
      Connection:
      - keep-alive
      ParameterSetName:
      - -l -g -n -u -p --sku-name
      User-Agent:
      - python/3.7.8 (Windows-10-10.0.19041-SP0) msrest/0.6.18 msrest_azure/0.6.3
        azure-mgmt-rdbms/2017-12-01 Azure-SDK-For-Python AZURECLI/2.16.0
    method: GET
    uri: https://management.azure.com/subscriptions/00000000-0000-0000-0000-000000000000/resourceGroups/clitest.rg000001/providers/Microsoft.DBForMySQL/servers/azuredbclitest000002?api-version=2017-12-01
  response:
    body:
      string: '{"sku":{"name":"GP_Gen5_2","tier":"GeneralPurpose","family":"Gen5","capacity":2},"properties":{"administratorLogin":"cloudsa","storageProfile":{"storageMB":51200,"backupRetentionDays":7,"geoRedundantBackup":"Disabled","storageAutogrow":"Enabled"},"version":"5.7","sslEnforcement":"Enabled","minimalTlsVersion":"TLSEnforcementDisabled","userVisibleState":"Ready","fullyQualifiedDomainName":"azuredbclitest000002.mysql.database.azure.com","earliestRestoreDate":"2020-12-16T09:26:03.727+00:00","replicationRole":"None","masterServerId":"","replicaCapacity":5,"byokEnforcement":"Disabled","privateEndpointConnections":[],"infrastructureEncryption":"Disabled","publicNetworkAccess":"Enabled"},"location":"westus","id":"/subscriptions/00000000-0000-0000-0000-000000000000/resourceGroups/clitest.rg000001/providers/Microsoft.DBforMySQL/servers/azuredbclitest000002","name":"azuredbclitest000002","type":"Microsoft.DBforMySQL/servers"}'
    headers:
      cache-control:
      - no-cache
      content-length:
      - '1114'
      content-type:
      - application/json; charset=utf-8
      date:
      - Wed, 16 Dec 2020 09:18:09 GMT
      expires:
      - '-1'
      pragma:
      - no-cache
      server:
      - Microsoft-HTTPAPI/2.0
      strict-transport-security:
      - max-age=31536000; includeSubDomains
      transfer-encoding:
      - chunked
      vary:
      - Accept-Encoding
      x-content-type-options:
      - nosniff
    status:
      code: 200
      message: OK
- request:
    body: null
    headers:
      Accept:
      - application/json
      Accept-Encoding:
      - gzip, deflate
      CommandName:
      - mysql server create
      Connection:
      - keep-alive
      ParameterSetName:
      - -l -g -n -u -p --sku-name
      User-Agent:
      - python/3.7.8 (Windows-10-10.0.19041-SP0) msrest/0.6.18 msrest_azure/0.6.3
        azure-mgmt-rdbms/2017-12-01 Azure-SDK-For-Python AZURECLI/2.16.0
      accept-language:
      - en-US
    method: GET
    uri: https://management.azure.com/subscriptions/00000000-0000-0000-0000-000000000000/resourceGroups/clitest.rg000001/providers/Microsoft.DBForMySQL/servers/azuredbclitest000002/databases/defaultdb?api-version=2017-12-01
  response:
    body:
      string: '{"error":{"code":"ResourceNotFound","message":"The requested resource
        of type ''Microsoft.DBforMySQL/servers/databases'' with name ''defaultdb''
        was not found."}}'
    headers:
      cache-control:
      - no-cache
      content-length:
      - '158'
      content-type:
      - application/json; charset=utf-8
      date:
      - Wed, 16 Dec 2020 09:18:13 GMT
      expires:
      - '-1'
      pragma:
      - no-cache
      server:
      - Microsoft-HTTPAPI/2.0
      strict-transport-security:
      - max-age=31536000; includeSubDomains
      x-content-type-options:
      - nosniff
    status:
      code: 404
      message: Not Found
- request:
    body: '{"properties": {"charset": "utf8"}}'
    headers:
      Accept:
      - application/json
      Accept-Encoding:
      - gzip, deflate
      CommandName:
      - mysql server create
      Connection:
      - keep-alive
      Content-Length:
      - '35'
      Content-Type:
      - application/json; charset=utf-8
      ParameterSetName:
      - -l -g -n -u -p --sku-name
      User-Agent:
      - python/3.7.8 (Windows-10-10.0.19041-SP0) msrest/0.6.18 msrest_azure/0.6.3
        azure-mgmt-rdbms/2017-12-01 Azure-SDK-For-Python AZURECLI/2.16.0
      accept-language:
      - en-US
    method: PUT
    uri: https://management.azure.com/subscriptions/00000000-0000-0000-0000-000000000000/resourceGroups/clitest.rg000001/providers/Microsoft.DBForMySQL/servers/azuredbclitest000002/databases/defaultdb?api-version=2017-12-01
  response:
    body:
      string: '{"operation":"UpsertElasticServerDatabase","startTime":"2020-12-16T09:18:14.363Z"}'
    headers:
      azure-asyncoperation:
      - https://management.azure.com/subscriptions/00000000-0000-0000-0000-000000000000/providers/Microsoft.DBforMySQL/locations/westus/azureAsyncOperation/05935715-bf8a-47db-bee3-3fad0b4330f6?api-version=2017-12-01
      cache-control:
      - no-cache
      content-length:
      - '82'
      content-type:
      - application/json; charset=utf-8
      date:
      - Wed, 16 Dec 2020 09:18:14 GMT
      expires:
      - '-1'
      location:
      - https://management.azure.com/subscriptions/00000000-0000-0000-0000-000000000000/providers/Microsoft.DBforMySQL/locations/westus/operationResults/05935715-bf8a-47db-bee3-3fad0b4330f6?api-version=2017-12-01
      pragma:
      - no-cache
      server:
      - Microsoft-HTTPAPI/2.0
      strict-transport-security:
      - max-age=31536000; includeSubDomains
      x-content-type-options:
      - nosniff
      x-ms-ratelimit-remaining-subscription-writes:
      - '1190'
    status:
      code: 202
      message: Accepted
- request:
    body: null
    headers:
      Accept:
      - application/json
      Accept-Encoding:
      - gzip, deflate
      CommandName:
      - mysql server create
      Connection:
      - keep-alive
      ParameterSetName:
      - -l -g -n -u -p --sku-name
      User-Agent:
      - python/3.7.8 (Windows-10-10.0.19041-SP0) msrest/0.6.18 msrest_azure/0.6.3
        azure-mgmt-rdbms/2017-12-01 Azure-SDK-For-Python AZURECLI/2.16.0
    method: GET
    uri: https://management.azure.com/subscriptions/00000000-0000-0000-0000-000000000000/providers/Microsoft.DBforMySQL/locations/westus/azureAsyncOperation/05935715-bf8a-47db-bee3-3fad0b4330f6?api-version=2017-12-01
  response:
    body:
      string: '{"name":"05935715-bf8a-47db-bee3-3fad0b4330f6","status":"Succeeded","startTime":"2020-12-16T09:18:14.363Z"}'
    headers:
      cache-control:
      - no-cache
      content-length:
      - '107'
      content-type:
      - application/json; charset=utf-8
      date:
      - Wed, 16 Dec 2020 09:18:31 GMT
      expires:
      - '-1'
      pragma:
      - no-cache
      server:
      - Microsoft-HTTPAPI/2.0
      strict-transport-security:
      - max-age=31536000; includeSubDomains
      transfer-encoding:
      - chunked
      vary:
      - Accept-Encoding
      x-content-type-options:
      - nosniff
    status:
      code: 200
      message: OK
- request:
    body: null
    headers:
      Accept:
      - application/json
      Accept-Encoding:
      - gzip, deflate
      CommandName:
      - mysql server create
      Connection:
      - keep-alive
      ParameterSetName:
      - -l -g -n -u -p --sku-name
      User-Agent:
      - python/3.7.8 (Windows-10-10.0.19041-SP0) msrest/0.6.18 msrest_azure/0.6.3
        azure-mgmt-rdbms/2017-12-01 Azure-SDK-For-Python AZURECLI/2.16.0
    method: GET
    uri: https://management.azure.com/subscriptions/00000000-0000-0000-0000-000000000000/resourceGroups/clitest.rg000001/providers/Microsoft.DBForMySQL/servers/azuredbclitest000002/databases/defaultdb?api-version=2017-12-01
  response:
    body:
      string: '{"properties":{"charset":"latin1","collation":"latin1_swedish_ci"},"id":"/subscriptions/00000000-0000-0000-0000-000000000000/resourceGroups/clitest.rg000001/providers/Microsoft.DBforMySQL/servers/azuredbclitest000002/databases/defaultdb","name":"defaultdb","type":"Microsoft.DBforMySQL/servers/databases"}'
    headers:
      cache-control:
      - no-cache
      content-length:
      - '407'
      content-type:
      - application/json; charset=utf-8
      date:
      - Wed, 16 Dec 2020 09:18:32 GMT
      expires:
      - '-1'
      pragma:
      - no-cache
      server:
      - Microsoft-HTTPAPI/2.0
      strict-transport-security:
      - max-age=31536000; includeSubDomains
      transfer-encoding:
      - chunked
      vary:
      - Accept-Encoding
      x-content-type-options:
      - nosniff
    status:
      code: 200
      message: OK
- request:
    body: null
    headers:
      Accept:
      - '*/*'
      Accept-Encoding:
      - gzip, deflate
      CommandName:
      - network private-link-resource list
      Connection:
      - keep-alive
      ParameterSetName:
      - -g --name --type
      User-Agent:
      - python/3.7.8 (Windows-10-10.0.19041-SP0) AZURECLI/2.16.0
    method: GET
    uri: https://management.azure.com/subscriptions/00000000-0000-0000-0000-000000000000/resourceGroups/clitest.rg000001/providers/Microsoft.DBforMySQL/servers/azuredbclitest000002/privateLinkResources?api-version=2018-06-01
  response:
    body:
      string: '{"value":[{"properties":{"groupId":"mysqlServer","requiredMembers":["mysqlServer"],"requiredZoneNames":["privatelink.mysql.database.azure.com"]},"id":"/subscriptions/00000000-0000-0000-0000-000000000000/resourceGroups/clitest.rg000001/providers/Microsoft.DBforMySQL/servers/azuredbclitest000002/privateLinkResources/plr","name":"plr","type":"Microsoft.DBforMySQL/servers/privateLinkResources"}]}'
    headers:
      cache-control:
      - no-cache
      content-length:
      - '497'
      content-type:
      - application/json; charset=utf-8
      date:
      - Wed, 16 Dec 2020 09:18:34 GMT
      expires:
      - '-1'
      pragma:
      - no-cache
      server:
      - Microsoft-HTTPAPI/2.0
      strict-transport-security:
      - max-age=31536000; includeSubDomains
      transfer-encoding:
      - chunked
      vary:
      - Accept-Encoding
      x-content-type-options:
      - nosniff
    status:
      code: 200
      message: OK
- request:
    body: '{"location": "westus", "tags": {}, "properties": {"addressSpace": {"addressPrefixes":
      ["10.0.0.0/16"]}, "dhcpOptions": {}, "subnets": [{"name": "cli-subnet-000004",
      "properties": {"addressPrefix": "10.0.0.0/24"}}]}}'
    headers:
      Accept:
      - application/json
      Accept-Encoding:
      - gzip, deflate
      CommandName:
      - network vnet create
      Connection:
      - keep-alive
      Content-Length:
      - '222'
      Content-Type:
      - application/json
      ParameterSetName:
      - -n -g -l --subnet-name
      User-Agent:
      - AZURECLI/2.16.0 azsdk-python-azure-mgmt-network/17.0.0 Python/3.7.8 (Windows-10-10.0.19041-SP0)
    method: PUT
    uri: https://management.azure.com/subscriptions/00000000-0000-0000-0000-000000000000/resourceGroups/clitest.rg000001/providers/Microsoft.Network/virtualNetworks/cli-vnet-000003?api-version=2020-07-01
  response:
    body:
      string: "{\r\n  \"name\": \"cli-vnet-000003\",\r\n  \"id\": \"/subscriptions/00000000-0000-0000-0000-000000000000/resourceGroups/clitest.rg000001/providers/Microsoft.Network/virtualNetworks/cli-vnet-000003\",\r\n
        \ \"etag\": \"W/\\\"2e413f3e-aeb0-4056-bc98-f51b393eeee4\\\"\",\r\n  \"type\":
        \"Microsoft.Network/virtualNetworks\",\r\n  \"location\": \"westus\",\r\n
        \ \"tags\": {},\r\n  \"properties\": {\r\n    \"provisioningState\": \"Updating\",\r\n
        \   \"resourceGuid\": \"57fad267-91bc-4348-b559-d4927bd1dec5\",\r\n    \"addressSpace\":
        {\r\n      \"addressPrefixes\": [\r\n        \"10.0.0.0/16\"\r\n      ]\r\n
        \   },\r\n    \"dhcpOptions\": {\r\n      \"dnsServers\": []\r\n    },\r\n
        \   \"subnets\": [\r\n      {\r\n        \"name\": \"cli-subnet-000004\",\r\n
        \       \"id\": \"/subscriptions/00000000-0000-0000-0000-000000000000/resourceGroups/clitest.rg000001/providers/Microsoft.Network/virtualNetworks/cli-vnet-000003/subnets/cli-subnet-000004\",\r\n
        \       \"etag\": \"W/\\\"2e413f3e-aeb0-4056-bc98-f51b393eeee4\\\"\",\r\n
        \       \"properties\": {\r\n          \"provisioningState\": \"Updating\",\r\n
        \         \"addressPrefix\": \"10.0.0.0/24\",\r\n          \"delegations\":
        [],\r\n          \"privateEndpointNetworkPolicies\": \"Enabled\",\r\n          \"privateLinkServiceNetworkPolicies\":
        \"Enabled\"\r\n        },\r\n        \"type\": \"Microsoft.Network/virtualNetworks/subnets\"\r\n
        \     }\r\n    ],\r\n    \"virtualNetworkPeerings\": [],\r\n    \"enableDdosProtection\":
        false,\r\n    \"enableVmProtection\": false\r\n  }\r\n}"
    headers:
      azure-asyncnotification:
      - Enabled
      azure-asyncoperation:
      - https://management.azure.com/subscriptions/00000000-0000-0000-0000-000000000000/providers/Microsoft.Network/locations/westus/operations/83792f14-57d8-40b3-a441-eb3e312c933b?api-version=2020-07-01
      cache-control:
      - no-cache
      content-length:
      - '1528'
      content-type:
      - application/json; charset=utf-8
      date:
      - Wed, 16 Dec 2020 09:18:42 GMT
      expires:
      - '-1'
      pragma:
      - no-cache
      server:
      - Microsoft-HTTPAPI/2.0
      - Microsoft-HTTPAPI/2.0
      strict-transport-security:
      - max-age=31536000; includeSubDomains
      x-content-type-options:
      - nosniff
      x-ms-arm-service-request-id:
      - 6774fd5f-1118-4ec7-a820-d884b0556438
      x-ms-ratelimit-remaining-subscription-writes:
      - '1190'
    status:
      code: 201
      message: Created
- request:
    body: null
    headers:
      Accept:
      - '*/*'
      Accept-Encoding:
      - gzip, deflate
      CommandName:
      - network vnet create
      Connection:
      - keep-alive
      ParameterSetName:
      - -n -g -l --subnet-name
      User-Agent:
      - AZURECLI/2.16.0 azsdk-python-azure-mgmt-network/17.0.0 Python/3.7.8 (Windows-10-10.0.19041-SP0)
    method: GET
    uri: https://management.azure.com/subscriptions/00000000-0000-0000-0000-000000000000/providers/Microsoft.Network/locations/westus/operations/83792f14-57d8-40b3-a441-eb3e312c933b?api-version=2020-07-01
  response:
    body:
      string: "{\r\n  \"status\": \"Succeeded\"\r\n}"
    headers:
      cache-control:
      - no-cache
      content-length:
      - '29'
      content-type:
      - application/json; charset=utf-8
      date:
      - Wed, 16 Dec 2020 09:18:46 GMT
      expires:
      - '-1'
      pragma:
      - no-cache
      server:
      - Microsoft-HTTPAPI/2.0
      - Microsoft-HTTPAPI/2.0
      strict-transport-security:
      - max-age=31536000; includeSubDomains
      transfer-encoding:
      - chunked
      vary:
      - Accept-Encoding
      x-content-type-options:
      - nosniff
      x-ms-arm-service-request-id:
      - cab979d0-0936-48c4-b90b-54a8f5a28fce
    status:
      code: 200
      message: OK
- request:
    body: null
    headers:
      Accept:
      - '*/*'
      Accept-Encoding:
      - gzip, deflate
      CommandName:
      - network vnet create
      Connection:
      - keep-alive
      ParameterSetName:
      - -n -g -l --subnet-name
      User-Agent:
      - AZURECLI/2.16.0 azsdk-python-azure-mgmt-network/17.0.0 Python/3.7.8 (Windows-10-10.0.19041-SP0)
    method: GET
    uri: https://management.azure.com/subscriptions/00000000-0000-0000-0000-000000000000/resourceGroups/clitest.rg000001/providers/Microsoft.Network/virtualNetworks/cli-vnet-000003?api-version=2020-07-01
  response:
    body:
      string: "{\r\n  \"name\": \"cli-vnet-000003\",\r\n  \"id\": \"/subscriptions/00000000-0000-0000-0000-000000000000/resourceGroups/clitest.rg000001/providers/Microsoft.Network/virtualNetworks/cli-vnet-000003\",\r\n
        \ \"etag\": \"W/\\\"b60f3575-61cd-41db-bcb4-54b03663dcb2\\\"\",\r\n  \"type\":
        \"Microsoft.Network/virtualNetworks\",\r\n  \"location\": \"westus\",\r\n
        \ \"tags\": {},\r\n  \"properties\": {\r\n    \"provisioningState\": \"Succeeded\",\r\n
        \   \"resourceGuid\": \"57fad267-91bc-4348-b559-d4927bd1dec5\",\r\n    \"addressSpace\":
        {\r\n      \"addressPrefixes\": [\r\n        \"10.0.0.0/16\"\r\n      ]\r\n
        \   },\r\n    \"dhcpOptions\": {\r\n      \"dnsServers\": []\r\n    },\r\n
        \   \"subnets\": [\r\n      {\r\n        \"name\": \"cli-subnet-000004\",\r\n
        \       \"id\": \"/subscriptions/00000000-0000-0000-0000-000000000000/resourceGroups/clitest.rg000001/providers/Microsoft.Network/virtualNetworks/cli-vnet-000003/subnets/cli-subnet-000004\",\r\n
        \       \"etag\": \"W/\\\"b60f3575-61cd-41db-bcb4-54b03663dcb2\\\"\",\r\n
        \       \"properties\": {\r\n          \"provisioningState\": \"Succeeded\",\r\n
        \         \"addressPrefix\": \"10.0.0.0/24\",\r\n          \"delegations\":
        [],\r\n          \"privateEndpointNetworkPolicies\": \"Enabled\",\r\n          \"privateLinkServiceNetworkPolicies\":
        \"Enabled\"\r\n        },\r\n        \"type\": \"Microsoft.Network/virtualNetworks/subnets\"\r\n
        \     }\r\n    ],\r\n    \"virtualNetworkPeerings\": [],\r\n    \"enableDdosProtection\":
        false,\r\n    \"enableVmProtection\": false\r\n  }\r\n}"
    headers:
      cache-control:
      - no-cache
      content-length:
      - '1530'
      content-type:
      - application/json; charset=utf-8
      date:
      - Wed, 16 Dec 2020 09:18:47 GMT
      etag:
      - W/"b60f3575-61cd-41db-bcb4-54b03663dcb2"
      expires:
      - '-1'
      pragma:
      - no-cache
      server:
      - Microsoft-HTTPAPI/2.0
      - Microsoft-HTTPAPI/2.0
      strict-transport-security:
      - max-age=31536000; includeSubDomains
      transfer-encoding:
      - chunked
      vary:
      - Accept-Encoding
      x-content-type-options:
      - nosniff
      x-ms-arm-service-request-id:
      - b28f455b-9687-4cd2-8efe-1814c2eaba03
    status:
      code: 200
      message: OK
- request:
    body: null
    headers:
      Accept:
      - application/json
      Accept-Encoding:
      - gzip, deflate
      CommandName:
      - network vnet subnet update
      Connection:
      - keep-alive
      ParameterSetName:
      - -n --vnet-name -g --disable-private-endpoint-network-policies
      User-Agent:
      - AZURECLI/2.16.0 azsdk-python-azure-mgmt-network/17.0.0 Python/3.7.8 (Windows-10-10.0.19041-SP0)
    method: GET
    uri: https://management.azure.com/subscriptions/00000000-0000-0000-0000-000000000000/resourceGroups/clitest.rg000001/providers/Microsoft.Network/virtualNetworks/cli-vnet-000003/subnets/cli-subnet-000004?api-version=2020-07-01
  response:
    body:
      string: "{\r\n  \"name\": \"cli-subnet-000004\",\r\n  \"id\": \"/subscriptions/00000000-0000-0000-0000-000000000000/resourceGroups/clitest.rg000001/providers/Microsoft.Network/virtualNetworks/cli-vnet-000003/subnets/cli-subnet-000004\",\r\n
        \ \"etag\": \"W/\\\"b60f3575-61cd-41db-bcb4-54b03663dcb2\\\"\",\r\n  \"properties\":
        {\r\n    \"provisioningState\": \"Succeeded\",\r\n    \"addressPrefix\": \"10.0.0.0/24\",\r\n
        \   \"delegations\": [],\r\n    \"privateEndpointNetworkPolicies\": \"Enabled\",\r\n
        \   \"privateLinkServiceNetworkPolicies\": \"Enabled\"\r\n  },\r\n  \"type\":
        \"Microsoft.Network/virtualNetworks/subnets\"\r\n}"
    headers:
      cache-control:
      - no-cache
      content-length:
      - '639'
      content-type:
      - application/json; charset=utf-8
      date:
      - Wed, 16 Dec 2020 09:18:49 GMT
      etag:
      - W/"b60f3575-61cd-41db-bcb4-54b03663dcb2"
      expires:
      - '-1'
      pragma:
      - no-cache
      server:
      - Microsoft-HTTPAPI/2.0
      - Microsoft-HTTPAPI/2.0
      strict-transport-security:
      - max-age=31536000; includeSubDomains
      transfer-encoding:
      - chunked
      vary:
      - Accept-Encoding
      x-content-type-options:
      - nosniff
      x-ms-arm-service-request-id:
      - f319b755-169e-4f22-9fb2-e34613ff2cf1
    status:
      code: 200
      message: OK
- request:
    body: '{"id": "/subscriptions/00000000-0000-0000-0000-000000000000/resourceGroups/clitest.rg000001/providers/Microsoft.Network/virtualNetworks/cli-vnet-000003/subnets/cli-subnet-000004",
      "name": "cli-subnet-000004", "properties": {"addressPrefix": "10.0.0.0/24",
      "delegations": [], "privateEndpointNetworkPolicies": "Disabled", "privateLinkServiceNetworkPolicies":
      "Enabled"}}'
    headers:
      Accept:
      - application/json
      Accept-Encoding:
      - gzip, deflate
      CommandName:
      - network vnet subnet update
      Connection:
      - keep-alive
      Content-Length:
      - '451'
      Content-Type:
      - application/json
      ParameterSetName:
      - -n --vnet-name -g --disable-private-endpoint-network-policies
      User-Agent:
      - AZURECLI/2.16.0 azsdk-python-azure-mgmt-network/17.0.0 Python/3.7.8 (Windows-10-10.0.19041-SP0)
    method: PUT
    uri: https://management.azure.com/subscriptions/00000000-0000-0000-0000-000000000000/resourceGroups/clitest.rg000001/providers/Microsoft.Network/virtualNetworks/cli-vnet-000003/subnets/cli-subnet-000004?api-version=2020-07-01
  response:
    body:
      string: "{\r\n  \"name\": \"cli-subnet-000004\",\r\n  \"id\": \"/subscriptions/00000000-0000-0000-0000-000000000000/resourceGroups/clitest.rg000001/providers/Microsoft.Network/virtualNetworks/cli-vnet-000003/subnets/cli-subnet-000004\",\r\n
        \ \"etag\": \"W/\\\"546128cc-7655-4a1d-9a54-7b9418ec28be\\\"\",\r\n  \"properties\":
        {\r\n    \"provisioningState\": \"Updating\",\r\n    \"addressPrefix\": \"10.0.0.0/24\",\r\n
        \   \"delegations\": [],\r\n    \"privateEndpointNetworkPolicies\": \"Disabled\",\r\n
        \   \"privateLinkServiceNetworkPolicies\": \"Enabled\"\r\n  },\r\n  \"type\":
        \"Microsoft.Network/virtualNetworks/subnets\"\r\n}"
    headers:
      azure-asyncoperation:
      - https://management.azure.com/subscriptions/00000000-0000-0000-0000-000000000000/providers/Microsoft.Network/locations/westus/operations/ab6b713f-b410-4ab0-ac8c-1723a75dd585?api-version=2020-07-01
      cache-control:
      - no-cache
      content-length:
      - '639'
      content-type:
      - application/json; charset=utf-8
      date:
      - Wed, 16 Dec 2020 09:18:51 GMT
      expires:
      - '-1'
      pragma:
      - no-cache
      server:
      - Microsoft-HTTPAPI/2.0
      - Microsoft-HTTPAPI/2.0
      strict-transport-security:
      - max-age=31536000; includeSubDomains
      transfer-encoding:
      - chunked
      vary:
      - Accept-Encoding
      x-content-type-options:
      - nosniff
      x-ms-arm-service-request-id:
      - 7df9016d-299a-4376-9d35-46ce5ecff62e
      x-ms-ratelimit-remaining-subscription-writes:
      - '1188'
    status:
      code: 200
      message: OK
- request:
    body: null
    headers:
      Accept:
      - '*/*'
      Accept-Encoding:
      - gzip, deflate
      CommandName:
      - network vnet subnet update
      Connection:
      - keep-alive
      ParameterSetName:
      - -n --vnet-name -g --disable-private-endpoint-network-policies
      User-Agent:
      - AZURECLI/2.16.0 azsdk-python-azure-mgmt-network/17.0.0 Python/3.7.8 (Windows-10-10.0.19041-SP0)
    method: GET
    uri: https://management.azure.com/subscriptions/00000000-0000-0000-0000-000000000000/providers/Microsoft.Network/locations/westus/operations/ab6b713f-b410-4ab0-ac8c-1723a75dd585?api-version=2020-07-01
  response:
    body:
      string: "{\r\n  \"status\": \"Succeeded\"\r\n}"
    headers:
      cache-control:
      - no-cache
      content-length:
      - '29'
      content-type:
      - application/json; charset=utf-8
      date:
      - Wed, 16 Dec 2020 09:18:55 GMT
      expires:
      - '-1'
      pragma:
      - no-cache
      server:
      - Microsoft-HTTPAPI/2.0
      - Microsoft-HTTPAPI/2.0
      strict-transport-security:
      - max-age=31536000; includeSubDomains
      transfer-encoding:
      - chunked
      vary:
      - Accept-Encoding
      x-content-type-options:
      - nosniff
      x-ms-arm-service-request-id:
      - 151849a7-1378-4f04-b82c-625aed368d58
    status:
      code: 200
      message: OK
- request:
    body: null
    headers:
      Accept:
      - '*/*'
      Accept-Encoding:
      - gzip, deflate
      CommandName:
      - network vnet subnet update
      Connection:
      - keep-alive
      ParameterSetName:
      - -n --vnet-name -g --disable-private-endpoint-network-policies
      User-Agent:
      - AZURECLI/2.16.0 azsdk-python-azure-mgmt-network/17.0.0 Python/3.7.8 (Windows-10-10.0.19041-SP0)
    method: GET
    uri: https://management.azure.com/subscriptions/00000000-0000-0000-0000-000000000000/resourceGroups/clitest.rg000001/providers/Microsoft.Network/virtualNetworks/cli-vnet-000003/subnets/cli-subnet-000004?api-version=2020-07-01
  response:
    body:
      string: "{\r\n  \"name\": \"cli-subnet-000004\",\r\n  \"id\": \"/subscriptions/00000000-0000-0000-0000-000000000000/resourceGroups/clitest.rg000001/providers/Microsoft.Network/virtualNetworks/cli-vnet-000003/subnets/cli-subnet-000004\",\r\n
        \ \"etag\": \"W/\\\"39cf5ce2-3893-488a-bd3c-20ad35b7c802\\\"\",\r\n  \"properties\":
        {\r\n    \"provisioningState\": \"Succeeded\",\r\n    \"addressPrefix\": \"10.0.0.0/24\",\r\n
        \   \"delegations\": [],\r\n    \"privateEndpointNetworkPolicies\": \"Disabled\",\r\n
        \   \"privateLinkServiceNetworkPolicies\": \"Enabled\"\r\n  },\r\n  \"type\":
        \"Microsoft.Network/virtualNetworks/subnets\"\r\n}"
    headers:
      cache-control:
      - no-cache
      content-length:
      - '640'
      content-type:
      - application/json; charset=utf-8
      date:
      - Wed, 16 Dec 2020 09:18:56 GMT
      etag:
      - W/"39cf5ce2-3893-488a-bd3c-20ad35b7c802"
      expires:
      - '-1'
      pragma:
      - no-cache
      server:
      - Microsoft-HTTPAPI/2.0
      - Microsoft-HTTPAPI/2.0
      strict-transport-security:
      - max-age=31536000; includeSubDomains
      transfer-encoding:
      - chunked
      vary:
      - Accept-Encoding
      x-content-type-options:
      - nosniff
      x-ms-arm-service-request-id:
      - 745f3d92-40b3-4aaa-9d81-cbf04e118348
    status:
      code: 200
      message: OK
- request:
    body: null
    headers:
      Accept:
      - application/json
      Accept-Encoding:
      - gzip, deflate
      CommandName:
      - mysql server show
      Connection:
      - keep-alive
      ParameterSetName:
      - -g -n
      User-Agent:
      - python/3.7.8 (Windows-10-10.0.19041-SP0) msrest/0.6.18 msrest_azure/0.6.3
        azure-mgmt-rdbms/2017-12-01 Azure-SDK-For-Python AZURECLI/2.16.0
      accept-language:
      - en-US
    method: GET
    uri: https://management.azure.com/subscriptions/00000000-0000-0000-0000-000000000000/resourceGroups/clitest.rg000001/providers/Microsoft.DBForMySQL/servers/azuredbclitest000002?api-version=2017-12-01
  response:
    body:
      string: '{"sku":{"name":"GP_Gen5_2","tier":"GeneralPurpose","family":"Gen5","capacity":2},"properties":{"administratorLogin":"cloudsa","storageProfile":{"storageMB":51200,"backupRetentionDays":7,"geoRedundantBackup":"Disabled","storageAutogrow":"Enabled"},"version":"5.7","sslEnforcement":"Enabled","minimalTlsVersion":"TLSEnforcementDisabled","userVisibleState":"Ready","fullyQualifiedDomainName":"azuredbclitest000002.mysql.database.azure.com","earliestRestoreDate":"2020-12-16T09:26:03.727+00:00","replicationRole":"None","masterServerId":"","replicaCapacity":5,"byokEnforcement":"Disabled","privateEndpointConnections":[],"infrastructureEncryption":"Disabled","publicNetworkAccess":"Enabled"},"location":"westus","id":"/subscriptions/00000000-0000-0000-0000-000000000000/resourceGroups/clitest.rg000001/providers/Microsoft.DBforMySQL/servers/azuredbclitest000002","name":"azuredbclitest000002","type":"Microsoft.DBforMySQL/servers"}'
    headers:
      cache-control:
      - no-cache
      content-length:
      - '1114'
      content-type:
      - application/json; charset=utf-8
      date:
      - Wed, 16 Dec 2020 09:18:59 GMT
      expires:
      - '-1'
      pragma:
      - no-cache
      server:
      - Microsoft-HTTPAPI/2.0
      strict-transport-security:
      - max-age=31536000; includeSubDomains
      transfer-encoding:
      - chunked
      vary:
      - Accept-Encoding
      x-content-type-options:
      - nosniff
    status:
      code: 200
      message: OK
- request:
    body: null
    headers:
      Accept:
      - '*/*'
      Accept-Encoding:
      - gzip, deflate
      CommandName:
      - network private-link-resource list
      Connection:
      - keep-alive
      ParameterSetName:
      - -g -n --type
      User-Agent:
      - python/3.7.8 (Windows-10-10.0.19041-SP0) AZURECLI/2.16.0
    method: GET
    uri: https://management.azure.com/subscriptions/00000000-0000-0000-0000-000000000000/resourceGroups/clitest.rg000001/providers/Microsoft.DBforMySQL/servers/azuredbclitest000002/privateLinkResources?api-version=2018-06-01
  response:
    body:
      string: '{"value":[{"properties":{"groupId":"mysqlServer","requiredMembers":["mysqlServer"],"requiredZoneNames":["privatelink.mysql.database.azure.com"]},"id":"/subscriptions/00000000-0000-0000-0000-000000000000/resourceGroups/clitest.rg000001/providers/Microsoft.DBforMySQL/servers/azuredbclitest000002/privateLinkResources/plr","name":"plr","type":"Microsoft.DBforMySQL/servers/privateLinkResources"}]}'
    headers:
      cache-control:
      - no-cache
      content-length:
      - '497'
      content-type:
      - application/json; charset=utf-8
      date:
      - Wed, 16 Dec 2020 09:19:01 GMT
      expires:
      - '-1'
      pragma:
      - no-cache
      server:
      - Microsoft-HTTPAPI/2.0
      strict-transport-security:
      - max-age=31536000; includeSubDomains
      transfer-encoding:
      - chunked
      vary:
      - Accept-Encoding
      x-content-type-options:
      - nosniff
    status:
      code: 200
      message: OK
- request:
    body: '{"location": "westus", "properties": {"subnet": {"id": "/subscriptions/00000000-0000-0000-0000-000000000000/resourceGroups/clitest.rg000001/providers/Microsoft.Network/virtualNetworks/cli-vnet-000003/subnets/cli-subnet-000004"},
      "privateLinkServiceConnections": [{"name": "cli-pec-000008", "properties": {"privateLinkServiceId":
      "/subscriptions/00000000-0000-0000-0000-000000000000/resourceGroups/clitest.rg000001/providers/Microsoft.DBforMySQL/servers/azuredbclitest000002",
      "groupIds": ["mysqlServer"]}}]}}'
    headers:
      Accept:
      - application/json
      Accept-Encoding:
      - gzip, deflate
      CommandName:
      - network private-endpoint create
      Connection:
      - keep-alive
      Content-Length:
      - '695'
      Content-Type:
      - application/json
      ParameterSetName:
      - -g -n --vnet-name --subnet -l --connection-name --private-connection-resource-id
        --group-id
      User-Agent:
      - AZURECLI/2.16.0 azsdk-python-azure-mgmt-network/17.0.0 Python/3.7.8 (Windows-10-10.0.19041-SP0)
    method: PUT
    uri: https://management.azure.com/subscriptions/00000000-0000-0000-0000-000000000000/resourceGroups/clitest.rg000001/providers/Microsoft.Network/privateEndpoints/cli-pe-000005?api-version=2020-07-01
  response:
    body:
      string: "{\r\n  \"name\": \"cli-pe-000005\",\r\n  \"id\": \"/subscriptions/00000000-0000-0000-0000-000000000000/resourceGroups/clitest.rg000001/providers/Microsoft.Network/privateEndpoints/cli-pe-000005\",\r\n
        \ \"etag\": \"W/\\\"84775d3c-28b3-46b4-baed-fd5d378110b3\\\"\",\r\n  \"type\":
        \"Microsoft.Network/privateEndpoints\",\r\n  \"location\": \"westus\",\r\n
        \ \"properties\": {\r\n    \"provisioningState\": \"Updating\",\r\n    \"resourceGuid\":
        \"669af1d7-056d-41a9-8f85-a87ed3fd8d6f\",\r\n    \"privateLinkServiceConnections\":
        [\r\n      {\r\n        \"name\": \"cli-pec-000008\",\r\n        \"id\": \"/subscriptions/00000000-0000-0000-0000-000000000000/resourceGroups/clitest.rg000001/providers/Microsoft.Network/privateEndpoints/cli-pe-000005/privateLinkServiceConnections/cli-pec-000008\",\r\n
        \       \"etag\": \"W/\\\"84775d3c-28b3-46b4-baed-fd5d378110b3\\\"\",\r\n
        \       \"properties\": {\r\n          \"provisioningState\": \"Succeeded\",\r\n
        \         \"privateLinkServiceId\": \"/subscriptions/00000000-0000-0000-0000-000000000000/resourceGroups/clitest.rg000001/providers/Microsoft.DBforMySQL/servers/azuredbclitest000002\",\r\n
        \         \"groupIds\": [\r\n            \"mysqlServer\"\r\n          ],\r\n
        \         \"privateLinkServiceConnectionState\": {\r\n            \"status\":
        \"Approved\",\r\n            \"description\": \"\",\r\n            \"actionsRequired\":
        \"None\"\r\n          }\r\n        },\r\n        \"type\": \"Microsoft.Network/privateEndpoints/privateLinkServiceConnections\"\r\n
        \     }\r\n    ],\r\n    \"manualPrivateLinkServiceConnections\": [],\r\n
        \   \"subnet\": {\r\n      \"id\": \"/subscriptions/00000000-0000-0000-0000-000000000000/resourceGroups/clitest.rg000001/providers/Microsoft.Network/virtualNetworks/cli-vnet-000003/subnets/cli-subnet-000004\"\r\n
        \   },\r\n    \"networkInterfaces\": [\r\n      {\r\n        \"id\": \"/subscriptions/00000000-0000-0000-0000-000000000000/resourceGroups/clitest.rg000001/providers/Microsoft.Network/networkInterfaces/cli-pe-000005.nic.2cb22fbc-bc3e-4080-a466-dc5a87bd6c90\"\r\n
        \     }\r\n    ],\r\n    \"customDnsConfigs\": []\r\n  }\r\n}"
    headers:
      azure-asyncnotification:
      - Enabled
      azure-asyncoperation:
      - https://management.azure.com/subscriptions/00000000-0000-0000-0000-000000000000/providers/Microsoft.Network/locations/westus/operations/c8532c65-649d-4a0a-ae53-902da2995e6f?api-version=2020-07-01
      cache-control:
      - no-cache
      content-length:
      - '2354'
      content-type:
      - application/json; charset=utf-8
      date:
      - Wed, 16 Dec 2020 09:19:11 GMT
      expires:
      - '-1'
      pragma:
      - no-cache
      server:
      - Microsoft-HTTPAPI/2.0
      - Microsoft-HTTPAPI/2.0
      strict-transport-security:
      - max-age=31536000; includeSubDomains
      x-content-type-options:
      - nosniff
      x-ms-arm-service-request-id:
      - 6a630325-4286-4e07-b2a9-053f75adfa9d
      x-ms-ratelimit-remaining-subscription-writes:
      - '1188'
    status:
      code: 201
      message: Created
- request:
    body: null
    headers:
      Accept:
      - '*/*'
      Accept-Encoding:
      - gzip, deflate
      CommandName:
      - network private-endpoint create
      Connection:
      - keep-alive
      ParameterSetName:
      - -g -n --vnet-name --subnet -l --connection-name --private-connection-resource-id
        --group-id
      User-Agent:
      - AZURECLI/2.16.0 azsdk-python-azure-mgmt-network/17.0.0 Python/3.7.8 (Windows-10-10.0.19041-SP0)
    method: GET
    uri: https://management.azure.com/subscriptions/00000000-0000-0000-0000-000000000000/providers/Microsoft.Network/locations/westus/operations/c8532c65-649d-4a0a-ae53-902da2995e6f?api-version=2020-07-01
  response:
    body:
      string: "{\r\n  \"status\": \"Succeeded\"\r\n}"
    headers:
      cache-control:
      - no-cache
      content-length:
      - '29'
      content-type:
      - application/json; charset=utf-8
      date:
      - Wed, 16 Dec 2020 09:19:22 GMT
      expires:
      - '-1'
      pragma:
      - no-cache
      server:
      - Microsoft-HTTPAPI/2.0
      - Microsoft-HTTPAPI/2.0
      strict-transport-security:
      - max-age=31536000; includeSubDomains
      transfer-encoding:
      - chunked
      vary:
      - Accept-Encoding
      x-content-type-options:
      - nosniff
      x-ms-arm-service-request-id:
      - 7ec66017-7cf4-47a0-a4fe-30efb9ef0ed2
    status:
      code: 200
      message: OK
- request:
    body: null
    headers:
      Accept:
      - '*/*'
      Accept-Encoding:
      - gzip, deflate
      CommandName:
      - network private-endpoint create
      Connection:
      - keep-alive
      ParameterSetName:
      - -g -n --vnet-name --subnet -l --connection-name --private-connection-resource-id
        --group-id
      User-Agent:
      - AZURECLI/2.16.0 azsdk-python-azure-mgmt-network/17.0.0 Python/3.7.8 (Windows-10-10.0.19041-SP0)
    method: GET
    uri: https://management.azure.com/subscriptions/00000000-0000-0000-0000-000000000000/resourceGroups/clitest.rg000001/providers/Microsoft.Network/privateEndpoints/cli-pe-000005?api-version=2020-07-01
  response:
    body:
      string: "{\r\n  \"name\": \"cli-pe-000005\",\r\n  \"id\": \"/subscriptions/00000000-0000-0000-0000-000000000000/resourceGroups/clitest.rg000001/providers/Microsoft.Network/privateEndpoints/cli-pe-000005\",\r\n
        \ \"etag\": \"W/\\\"1723de10-7507-422c-9a2e-1e58cf72e575\\\"\",\r\n  \"type\":
        \"Microsoft.Network/privateEndpoints\",\r\n  \"location\": \"westus\",\r\n
        \ \"properties\": {\r\n    \"provisioningState\": \"Succeeded\",\r\n    \"resourceGuid\":
        \"669af1d7-056d-41a9-8f85-a87ed3fd8d6f\",\r\n    \"privateLinkServiceConnections\":
        [\r\n      {\r\n        \"name\": \"cli-pec-000008\",\r\n        \"id\": \"/subscriptions/00000000-0000-0000-0000-000000000000/resourceGroups/clitest.rg000001/providers/Microsoft.Network/privateEndpoints/cli-pe-000005/privateLinkServiceConnections/cli-pec-000008\",\r\n
        \       \"etag\": \"W/\\\"1723de10-7507-422c-9a2e-1e58cf72e575\\\"\",\r\n
        \       \"properties\": {\r\n          \"provisioningState\": \"Succeeded\",\r\n
        \         \"privateLinkServiceId\": \"/subscriptions/00000000-0000-0000-0000-000000000000/resourceGroups/clitest.rg000001/providers/Microsoft.DBforMySQL/servers/azuredbclitest000002\",\r\n
        \         \"groupIds\": [\r\n            \"mysqlServer\"\r\n          ],\r\n
        \         \"privateLinkServiceConnectionState\": {\r\n            \"status\":
        \"Approved\",\r\n            \"description\": \"Auto-approved\",\r\n            \"actionsRequired\":
        \"None\"\r\n          }\r\n        },\r\n        \"type\": \"Microsoft.Network/privateEndpoints/privateLinkServiceConnections\"\r\n
        \     }\r\n    ],\r\n    \"manualPrivateLinkServiceConnections\": [],\r\n
        \   \"subnet\": {\r\n      \"id\": \"/subscriptions/00000000-0000-0000-0000-000000000000/resourceGroups/clitest.rg000001/providers/Microsoft.Network/virtualNetworks/cli-vnet-000003/subnets/cli-subnet-000004\"\r\n
        \   },\r\n    \"networkInterfaces\": [\r\n      {\r\n        \"id\": \"/subscriptions/00000000-0000-0000-0000-000000000000/resourceGroups/clitest.rg000001/providers/Microsoft.Network/networkInterfaces/cli-pe-000005.nic.2cb22fbc-bc3e-4080-a466-dc5a87bd6c90\"\r\n
        \     }\r\n    ],\r\n    \"customDnsConfigs\": [\r\n      {\r\n        \"fqdn\":
        \"azuredbclitest000002.mysql.database.azure.com\",\r\n        \"ipAddresses\":
        [\r\n          \"10.0.0.4\"\r\n        ]\r\n      }\r\n    ]\r\n  }\r\n}"
    headers:
      cache-control:
      - no-cache
      content-length:
      - '2560'
      content-type:
      - application/json; charset=utf-8
      date:
      - Wed, 16 Dec 2020 09:19:23 GMT
      etag:
      - W/"1723de10-7507-422c-9a2e-1e58cf72e575"
      expires:
      - '-1'
      pragma:
      - no-cache
      server:
      - Microsoft-HTTPAPI/2.0
      - Microsoft-HTTPAPI/2.0
      strict-transport-security:
      - max-age=31536000; includeSubDomains
      transfer-encoding:
      - chunked
      vary:
      - Accept-Encoding
      x-content-type-options:
      - nosniff
      x-ms-arm-service-request-id:
      - be55fe82-5e6d-43dd-bf05-e39bf92d46ee
    status:
      code: 200
      message: OK
- request:
    body: null
    headers:
      Accept:
      - application/json
      Accept-Encoding:
      - gzip, deflate
      CommandName:
      - mysql server show
      Connection:
      - keep-alive
      ParameterSetName:
      - -g -n
      User-Agent:
      - python/3.7.8 (Windows-10-10.0.19041-SP0) msrest/0.6.18 msrest_azure/0.6.3
        azure-mgmt-rdbms/2017-12-01 Azure-SDK-For-Python AZURECLI/2.16.0
      accept-language:
      - en-US
    method: GET
    uri: https://management.azure.com/subscriptions/00000000-0000-0000-0000-000000000000/resourceGroups/clitest.rg000001/providers/Microsoft.DBForMySQL/servers/azuredbclitest000002?api-version=2017-12-01
  response:
    body:
      string: '{"sku":{"name":"GP_Gen5_2","tier":"GeneralPurpose","family":"Gen5","capacity":2},"properties":{"administratorLogin":"cloudsa","storageProfile":{"storageMB":51200,"backupRetentionDays":7,"geoRedundantBackup":"Disabled","storageAutogrow":"Enabled"},"version":"5.7","sslEnforcement":"Enabled","minimalTlsVersion":"TLSEnforcementDisabled","userVisibleState":"Ready","fullyQualifiedDomainName":"azuredbclitest000002.mysql.database.azure.com","earliestRestoreDate":"2020-12-16T09:26:03.727+00:00","replicationRole":"None","masterServerId":"","replicaCapacity":5,"byokEnforcement":"Disabled","privateEndpointConnections":[{"id":"/subscriptions/00000000-0000-0000-0000-000000000000/resourceGroups/clitest.rg000001/providers/Microsoft.DBforMySQL/servers/azuredbclitest000002/privateEndpointConnections/cli-pe-000005-178ec668-8295-4fc0-a7e0-7904face8b1a","properties":{"privateEndpoint":{"id":"/subscriptions/00000000-0000-0000-0000-000000000000/resourceGroups/clitest.rg000001/providers/Microsoft.Network/privateEndpoints/cli-pe-000005"},"privateLinkServiceConnectionState":{"status":"Approved","description":"Auto-approved","actionsRequired":"None"},"provisioningState":"Ready"}}],"infrastructureEncryption":"Disabled","publicNetworkAccess":"Enabled"},"location":"westus","id":"/subscriptions/00000000-0000-0000-0000-000000000000/resourceGroups/clitest.rg000001/providers/Microsoft.DBforMySQL/servers/azuredbclitest000002","name":"azuredbclitest000002","type":"Microsoft.DBforMySQL/servers"}'
    headers:
      cache-control:
      - no-cache
      content-length:
      - '1853'
      content-type:
      - application/json; charset=utf-8
      date:
      - Wed, 16 Dec 2020 09:19:27 GMT
      expires:
      - '-1'
      pragma:
      - no-cache
      server:
      - Microsoft-HTTPAPI/2.0
      strict-transport-security:
      - max-age=31536000; includeSubDomains
      transfer-encoding:
      - chunked
      vary:
      - Accept-Encoding
      x-content-type-options:
      - nosniff
    status:
      code: 200
      message: OK
- request:
    body: null
    headers:
      Accept:
      - '*/*'
      Accept-Encoding:
      - gzip, deflate
      CommandName:
      - network private-endpoint-connection show
      Connection:
      - keep-alive
      ParameterSetName:
      - --resource-name -g --name --type
      User-Agent:
      - python/3.7.8 (Windows-10-10.0.19041-SP0) AZURECLI/2.16.0
    method: GET
    uri: https://management.azure.com/subscriptions/00000000-0000-0000-0000-000000000000/resourceGroups/clitest.rg000001/providers/Microsoft.DBforMySQL/servers/azuredbclitest000002/privateEndpointConnections/cli-pe-000005-178ec668-8295-4fc0-a7e0-7904face8b1a?api-version=2018-06-01
  response:
    body:
      string: '{"properties":{"privateEndpoint":{"id":"/subscriptions/00000000-0000-0000-0000-000000000000/resourceGroups/clitest.rg000001/providers/Microsoft.Network/privateEndpoints/cli-pe-000005"},"privateLinkServiceConnectionState":{"status":"Approved","description":"Auto-approved","actionsRequired":"None"},"provisioningState":"Ready"},"id":"/subscriptions/00000000-0000-0000-0000-000000000000/resourceGroups/clitest.rg000001/providers/Microsoft.DBforMySQL/servers/azuredbclitest000002/privateEndpointConnections/cli-pe-000005-178ec668-8295-4fc0-a7e0-7904face8b1a","name":"cli-pe-000005-178ec668-8295-4fc0-a7e0-7904face8b1a","type":"Microsoft.DBforMySQL/servers/privateEndpointConnections"}'
    headers:
      cache-control:
      - no-cache
      content-length:
      - '875'
      content-type:
      - application/json; charset=utf-8
      date:
      - Wed, 16 Dec 2020 09:19:29 GMT
      expires:
      - '-1'
      pragma:
      - no-cache
      server:
      - Microsoft-HTTPAPI/2.0
      strict-transport-security:
      - max-age=31536000; includeSubDomains
      transfer-encoding:
      - chunked
      vary:
      - Accept-Encoding
      x-content-type-options:
      - nosniff
    status:
      code: 200
      message: OK
- request:
    body: null
    headers:
      Accept:
      - '*/*'
      Accept-Encoding:
      - gzip, deflate
      CommandName:
      - network private-endpoint-connection approve
      Connection:
      - keep-alive
      ParameterSetName:
      - --resource-name -g --name --description --type
      User-Agent:
      - python/3.7.8 (Windows-10-10.0.19041-SP0) AZURECLI/2.16.0
    method: GET
    uri: https://management.azure.com/subscriptions/00000000-0000-0000-0000-000000000000/resourceGroups/clitest.rg000001/providers/Microsoft.DBforMySQL/servers/azuredbclitest000002/privateEndpointConnections/cli-pe-000005-178ec668-8295-4fc0-a7e0-7904face8b1a?api-version=2018-06-01
  response:
    body:
      string: '{"properties":{"privateEndpoint":{"id":"/subscriptions/00000000-0000-0000-0000-000000000000/resourceGroups/clitest.rg000001/providers/Microsoft.Network/privateEndpoints/cli-pe-000005"},"privateLinkServiceConnectionState":{"status":"Approved","description":"Auto-approved","actionsRequired":"None"},"provisioningState":"Ready"},"id":"/subscriptions/00000000-0000-0000-0000-000000000000/resourceGroups/clitest.rg000001/providers/Microsoft.DBforMySQL/servers/azuredbclitest000002/privateEndpointConnections/cli-pe-000005-178ec668-8295-4fc0-a7e0-7904face8b1a","name":"cli-pe-000005-178ec668-8295-4fc0-a7e0-7904face8b1a","type":"Microsoft.DBforMySQL/servers/privateEndpointConnections"}'
    headers:
      cache-control:
      - no-cache
      content-length:
      - '875'
      content-type:
      - application/json; charset=utf-8
      date:
      - Wed, 16 Dec 2020 09:19:31 GMT
      expires:
      - '-1'
      pragma:
      - no-cache
      server:
      - Microsoft-HTTPAPI/2.0
      strict-transport-security:
      - max-age=31536000; includeSubDomains
      transfer-encoding:
      - chunked
      vary:
      - Accept-Encoding
      x-content-type-options:
      - nosniff
    status:
      code: 200
      message: OK
- request:
    body: '{"properties": {"privateEndpoint": {"id": "/subscriptions/00000000-0000-0000-0000-000000000000/resourceGroups/clitest.rg000001/providers/Microsoft.Network/privateEndpoints/cli-pe-000005"},
      "privateLinkServiceConnectionState": {"status": "Approved", "description": "You
      are approved!", "actionsRequired": "None"}, "provisioningState": "Ready"}, "id":
      "/subscriptions/00000000-0000-0000-0000-000000000000/resourceGroups/clitest.rg000001/providers/Microsoft.DBforMySQL/servers/azuredbclitest000002/privateEndpointConnections/cli-pe-000005-178ec668-8295-4fc0-a7e0-7904face8b1a",
      "name": "cli-pe-000005-178ec668-8295-4fc0-a7e0-7904face8b1a", "type": "Microsoft.DBforMySQL/servers/privateEndpointConnections"}'
    headers:
      Accept:
      - '*/*'
      Accept-Encoding:
      - gzip, deflate
      CommandName:
      - network private-endpoint-connection approve
      Connection:
      - keep-alive
      Content-Length:
      - '897'
      Content-Type:
      - application/json
      ParameterSetName:
      - --resource-name -g --name --description --type
      User-Agent:
      - python/3.7.8 (Windows-10-10.0.19041-SP0) AZURECLI/2.16.0
    method: PUT
    uri: https://management.azure.com/subscriptions/00000000-0000-0000-0000-000000000000/resourceGroups/clitest.rg000001/providers/Microsoft.DBforMySQL/servers/azuredbclitest000002/privateEndpointConnections/cli-pe-000005-178ec668-8295-4fc0-a7e0-7904face8b1a?api-version=2018-06-01
  response:
    body:
      string: '{"error":{"code":"PrivateEndpointConnectionStatusNotPending","message":"Private
        Endpoint Connection Status is not Pending"}}'
    headers:
      cache-control:
      - no-cache
      content-length:
      - '124'
      content-type:
      - application/json; charset=utf-8
      date:
      - Wed, 16 Dec 2020 09:19:34 GMT
      expires:
      - '-1'
      pragma:
      - no-cache
      server:
      - Microsoft-HTTPAPI/2.0
      strict-transport-security:
      - max-age=31536000; includeSubDomains
      x-content-type-options:
      - nosniff
      x-ms-ratelimit-remaining-subscription-writes:
      - '1188'
    status:
      code: 400
      message: Bad Request
- request:
    body: null
    headers:
      Accept:
      - '*/*'
      Accept-Encoding:
      - gzip, deflate
      CommandName:
      - network private-endpoint-connection reject
      Connection:
      - keep-alive
      ParameterSetName:
      - --resource-name -g --name --description --type
      User-Agent:
      - python/3.7.8 (Windows-10-10.0.19041-SP0) AZURECLI/2.16.0
    method: GET
    uri: https://management.azure.com/subscriptions/00000000-0000-0000-0000-000000000000/resourceGroups/clitest.rg000001/providers/Microsoft.DBforMySQL/servers/azuredbclitest000002/privateEndpointConnections/cli-pe-000005-178ec668-8295-4fc0-a7e0-7904face8b1a?api-version=2018-06-01
  response:
    body:
      string: '{"properties":{"privateEndpoint":{"id":"/subscriptions/00000000-0000-0000-0000-000000000000/resourceGroups/clitest.rg000001/providers/Microsoft.Network/privateEndpoints/cli-pe-000005"},"privateLinkServiceConnectionState":{"status":"Approved","description":"Auto-approved","actionsRequired":"None"},"provisioningState":"Ready"},"id":"/subscriptions/00000000-0000-0000-0000-000000000000/resourceGroups/clitest.rg000001/providers/Microsoft.DBforMySQL/servers/azuredbclitest000002/privateEndpointConnections/cli-pe-000005-178ec668-8295-4fc0-a7e0-7904face8b1a","name":"cli-pe-000005-178ec668-8295-4fc0-a7e0-7904face8b1a","type":"Microsoft.DBforMySQL/servers/privateEndpointConnections"}'
    headers:
      cache-control:
      - no-cache
      content-length:
      - '875'
      content-type:
      - application/json; charset=utf-8
      date:
      - Wed, 16 Dec 2020 09:19:36 GMT
      expires:
      - '-1'
      pragma:
      - no-cache
      server:
      - Microsoft-HTTPAPI/2.0
      strict-transport-security:
      - max-age=31536000; includeSubDomains
      transfer-encoding:
      - chunked
      vary:
      - Accept-Encoding
      x-content-type-options:
      - nosniff
    status:
      code: 200
      message: OK
- request:
    body: '{"properties": {"privateEndpoint": {"id": "/subscriptions/00000000-0000-0000-0000-000000000000/resourceGroups/clitest.rg000001/providers/Microsoft.Network/privateEndpoints/cli-pe-000005"},
      "privateLinkServiceConnectionState": {"status": "Rejected", "description": "You
      are rejected!", "actionsRequired": "None"}, "provisioningState": "Ready"}, "id":
      "/subscriptions/00000000-0000-0000-0000-000000000000/resourceGroups/clitest.rg000001/providers/Microsoft.DBforMySQL/servers/azuredbclitest000002/privateEndpointConnections/cli-pe-000005-178ec668-8295-4fc0-a7e0-7904face8b1a",
      "name": "cli-pe-000005-178ec668-8295-4fc0-a7e0-7904face8b1a", "type": "Microsoft.DBforMySQL/servers/privateEndpointConnections"}'
    headers:
      Accept:
      - '*/*'
      Accept-Encoding:
      - gzip, deflate
      CommandName:
      - network private-endpoint-connection reject
      Connection:
      - keep-alive
      Content-Length:
      - '897'
      Content-Type:
      - application/json
      ParameterSetName:
      - --resource-name -g --name --description --type
      User-Agent:
      - python/3.7.8 (Windows-10-10.0.19041-SP0) AZURECLI/2.16.0
    method: PUT
    uri: https://management.azure.com/subscriptions/00000000-0000-0000-0000-000000000000/resourceGroups/clitest.rg000001/providers/Microsoft.DBforMySQL/servers/azuredbclitest000002/privateEndpointConnections/cli-pe-000005-178ec668-8295-4fc0-a7e0-7904face8b1a?api-version=2018-06-01
  response:
    body:
      string: '{"error":{"code":"PrivateEndpointConnectionStatusNotPending","message":"Private
        Endpoint Connection Status is not Pending"}}'
    headers:
      cache-control:
      - no-cache
      content-length:
      - '124'
      content-type:
      - application/json; charset=utf-8
      date:
      - Wed, 16 Dec 2020 09:19:38 GMT
      expires:
      - '-1'
      pragma:
      - no-cache
      server:
      - Microsoft-HTTPAPI/2.0
      strict-transport-security:
      - max-age=31536000; includeSubDomains
      x-content-type-options:
      - nosniff
      x-ms-ratelimit-remaining-subscription-writes:
      - '1186'
    status:
      code: 400
      message: Bad Request
- request:
    body: null
    headers:
      Accept:
      - '*/*'
      Accept-Encoding:
      - gzip, deflate
      CommandName:
      - network private-endpoint-connection delete
      Connection:
      - keep-alive
      Content-Length:
      - '0'
      ParameterSetName:
      - --id -y
      User-Agent:
      - python/3.7.8 (Windows-10-10.0.19041-SP0) AZURECLI/2.16.0
    method: DELETE
    uri: https://management.azure.com/subscriptions/00000000-0000-0000-0000-000000000000/resourceGroups/clitest.rg000001/providers/Microsoft.DBforMySQL/servers/azuredbclitest000002/privateEndpointConnections/cli-pe-000005-178ec668-8295-4fc0-a7e0-7904face8b1a?api-version=2018-06-01
  response:
    body:
      string: '{"operation":"DropElasticServerPrivateEndpointConnection","startTime":"2020-12-16T09:19:41.387Z"}'
    headers:
      azure-asyncoperation:
      - https://management.azure.com/subscriptions/00000000-0000-0000-0000-000000000000/resourceGroups/clitest.rg000001/providers/Microsoft.DBforMySQL/locations/westus/privateEndpointConnectionAzureAsyncOperation/b9c17cc3-cfb5-48b6-957c-af1e2d38f94f?api-version=2018-06-01
      cache-control:
      - no-cache
      content-length:
      - '97'
      content-type:
      - application/json; charset=utf-8
      date:
      - Wed, 16 Dec 2020 09:19:42 GMT
      expires:
      - '-1'
      location:
      - https://management.azure.com/subscriptions/00000000-0000-0000-0000-000000000000/resourceGroups/clitest.rg000001/providers/Microsoft.DBforMySQL/locations/westus/privateEndpointConnectionOperationResults/b9c17cc3-cfb5-48b6-957c-af1e2d38f94f?api-version=2018-06-01
      pragma:
      - no-cache
      server:
      - Microsoft-HTTPAPI/2.0
      strict-transport-security:
      - max-age=31536000; includeSubDomains
      x-content-type-options:
      - nosniff
      x-ms-ratelimit-remaining-subscription-deletes:
      - '14996'
    status:
      code: 202
      message: Accepted
- request:
    body: '{"location": "westus", "properties": {"subnet": {"id": "/subscriptions/00000000-0000-0000-0000-000000000000/resourceGroups/clitest.rg000001/providers/Microsoft.Network/virtualNetworks/cli-vnet-000003/subnets/cli-subnet-000004"},
      "manualPrivateLinkServiceConnections": [{"name": "cli-pec-000009", "properties":
      {"privateLinkServiceId": "/subscriptions/00000000-0000-0000-0000-000000000000/resourceGroups/clitest.rg000001/providers/Microsoft.DBforMySQL/servers/azuredbclitest000002",
      "groupIds": ["mysqlServer"]}}]}}'
    headers:
      Accept:
      - application/json
      Accept-Encoding:
      - gzip, deflate
      CommandName:
      - network private-endpoint create
      Connection:
      - keep-alive
      Content-Length:
      - '701'
      Content-Type:
      - application/json
      ParameterSetName:
      - -g -n --vnet-name --subnet -l --connection-name --private-connection-resource-id
        --group-id --manual-request
      User-Agent:
      - AZURECLI/2.16.0 azsdk-python-azure-mgmt-network/17.0.0 Python/3.7.8 (Windows-10-10.0.19041-SP0)
    method: PUT
    uri: https://management.azure.com/subscriptions/00000000-0000-0000-0000-000000000000/resourceGroups/clitest.rg000001/providers/Microsoft.Network/privateEndpoints/cli-pe-000006?api-version=2020-07-01
  response:
    body:
      string: "{\r\n  \"name\": \"cli-pe-000006\",\r\n  \"id\": \"/subscriptions/00000000-0000-0000-0000-000000000000/resourceGroups/clitest.rg000001/providers/Microsoft.Network/privateEndpoints/cli-pe-000006\",\r\n
        \ \"etag\": \"W/\\\"8659f2b2-441c-4270-a9a1-3a0a592ee93e\\\"\",\r\n  \"type\":
        \"Microsoft.Network/privateEndpoints\",\r\n  \"location\": \"westus\",\r\n
        \ \"properties\": {\r\n    \"provisioningState\": \"Updating\",\r\n    \"resourceGuid\":
        \"0f4fb14a-456d-4f28-ae27-50aa74a4babe\",\r\n    \"privateLinkServiceConnections\":
        [],\r\n    \"manualPrivateLinkServiceConnections\": [\r\n      {\r\n        \"name\":
        \"cli-pec-000009\",\r\n        \"id\": \"/subscriptions/00000000-0000-0000-0000-000000000000/resourceGroups/clitest.rg000001/providers/Microsoft.Network/privateEndpoints/cli-pe-000006/manualPrivateLinkServiceConnections/cli-pec-000009\",\r\n
        \       \"etag\": \"W/\\\"8659f2b2-441c-4270-a9a1-3a0a592ee93e\\\"\",\r\n
        \       \"properties\": {\r\n          \"provisioningState\": \"Succeeded\",\r\n
        \         \"privateLinkServiceId\": \"/subscriptions/00000000-0000-0000-0000-000000000000/resourceGroups/clitest.rg000001/providers/Microsoft.DBforMySQL/servers/azuredbclitest000002\",\r\n
        \         \"groupIds\": [\r\n            \"mysqlServer\"\r\n          ],\r\n
        \         \"privateLinkServiceConnectionState\": {\r\n            \"status\":
        \"Pending\",\r\n            \"description\": \"Awaiting Approval\",\r\n            \"actionsRequired\":
        \"None\"\r\n          }\r\n        },\r\n        \"type\": \"Microsoft.Network/privateEndpoints/manualPrivateLinkServiceConnections\"\r\n
        \     }\r\n    ],\r\n    \"subnet\": {\r\n      \"id\": \"/subscriptions/00000000-0000-0000-0000-000000000000/resourceGroups/clitest.rg000001/providers/Microsoft.Network/virtualNetworks/cli-vnet-000003/subnets/cli-subnet-000004\"\r\n
        \   },\r\n    \"networkInterfaces\": [\r\n      {\r\n        \"id\": \"/subscriptions/00000000-0000-0000-0000-000000000000/resourceGroups/clitest.rg000001/providers/Microsoft.Network/networkInterfaces/cli-pe-000006.nic.5fbf38d0-68cf-48c2-b1b4-010188f9edef\"\r\n
        \     }\r\n    ],\r\n    \"customDnsConfigs\": []\r\n  }\r\n}"
    headers:
      azure-asyncnotification:
      - Enabled
      azure-asyncoperation:
      - https://management.azure.com/subscriptions/00000000-0000-0000-0000-000000000000/providers/Microsoft.Network/locations/westus/operations/288744a7-307b-4d44-8c8e-6693fb4e2d11?api-version=2020-07-01
      cache-control:
      - no-cache
      content-length:
      - '2382'
      content-type:
      - application/json; charset=utf-8
      date:
      - Wed, 16 Dec 2020 09:19:50 GMT
      expires:
      - '-1'
      pragma:
      - no-cache
      server:
      - Microsoft-HTTPAPI/2.0
      - Microsoft-HTTPAPI/2.0
      strict-transport-security:
      - max-age=31536000; includeSubDomains
      x-content-type-options:
      - nosniff
      x-ms-arm-service-request-id:
      - eaeac496-22a2-4038-928c-068c64d78712
      x-ms-ratelimit-remaining-subscription-writes:
      - '1190'
    status:
      code: 201
      message: Created
- request:
    body: null
    headers:
      Accept:
      - '*/*'
      Accept-Encoding:
      - gzip, deflate
      CommandName:
      - network private-endpoint create
      Connection:
      - keep-alive
      ParameterSetName:
      - -g -n --vnet-name --subnet -l --connection-name --private-connection-resource-id
        --group-id --manual-request
      User-Agent:
      - AZURECLI/2.16.0 azsdk-python-azure-mgmt-network/17.0.0 Python/3.7.8 (Windows-10-10.0.19041-SP0)
    method: GET
    uri: https://management.azure.com/subscriptions/00000000-0000-0000-0000-000000000000/providers/Microsoft.Network/locations/westus/operations/288744a7-307b-4d44-8c8e-6693fb4e2d11?api-version=2020-07-01
  response:
    body:
      string: "{\r\n  \"status\": \"Succeeded\"\r\n}"
    headers:
      cache-control:
      - no-cache
      content-length:
      - '29'
      content-type:
      - application/json; charset=utf-8
      date:
      - Wed, 16 Dec 2020 09:20:02 GMT
      expires:
      - '-1'
      pragma:
      - no-cache
      server:
      - Microsoft-HTTPAPI/2.0
      - Microsoft-HTTPAPI/2.0
      strict-transport-security:
      - max-age=31536000; includeSubDomains
      transfer-encoding:
      - chunked
      vary:
      - Accept-Encoding
      x-content-type-options:
      - nosniff
      x-ms-arm-service-request-id:
      - ab7b6870-418f-49f7-b430-57d58207322b
    status:
      code: 200
      message: OK
- request:
    body: null
    headers:
      Accept:
      - '*/*'
      Accept-Encoding:
      - gzip, deflate
      CommandName:
      - network private-endpoint create
      Connection:
      - keep-alive
      ParameterSetName:
      - -g -n --vnet-name --subnet -l --connection-name --private-connection-resource-id
        --group-id --manual-request
      User-Agent:
      - AZURECLI/2.16.0 azsdk-python-azure-mgmt-network/17.0.0 Python/3.7.8 (Windows-10-10.0.19041-SP0)
    method: GET
    uri: https://management.azure.com/subscriptions/00000000-0000-0000-0000-000000000000/resourceGroups/clitest.rg000001/providers/Microsoft.Network/privateEndpoints/cli-pe-000006?api-version=2020-07-01
  response:
    body:
      string: "{\r\n  \"name\": \"cli-pe-000006\",\r\n  \"id\": \"/subscriptions/00000000-0000-0000-0000-000000000000/resourceGroups/clitest.rg000001/providers/Microsoft.Network/privateEndpoints/cli-pe-000006\",\r\n
        \ \"etag\": \"W/\\\"190258e7-26fa-45a2-9ca8-e5d1486e8136\\\"\",\r\n  \"type\":
        \"Microsoft.Network/privateEndpoints\",\r\n  \"location\": \"westus\",\r\n
        \ \"properties\": {\r\n    \"provisioningState\": \"Succeeded\",\r\n    \"resourceGuid\":
        \"0f4fb14a-456d-4f28-ae27-50aa74a4babe\",\r\n    \"privateLinkServiceConnections\":
        [],\r\n    \"manualPrivateLinkServiceConnections\": [\r\n      {\r\n        \"name\":
        \"cli-pec-000009\",\r\n        \"id\": \"/subscriptions/00000000-0000-0000-0000-000000000000/resourceGroups/clitest.rg000001/providers/Microsoft.Network/privateEndpoints/cli-pe-000006/manualPrivateLinkServiceConnections/cli-pec-000009\",\r\n
        \       \"etag\": \"W/\\\"190258e7-26fa-45a2-9ca8-e5d1486e8136\\\"\",\r\n
        \       \"properties\": {\r\n          \"provisioningState\": \"Succeeded\",\r\n
        \         \"privateLinkServiceId\": \"/subscriptions/00000000-0000-0000-0000-000000000000/resourceGroups/clitest.rg000001/providers/Microsoft.DBforMySQL/servers/azuredbclitest000002\",\r\n
        \         \"groupIds\": [\r\n            \"mysqlServer\"\r\n          ],\r\n
        \         \"privateLinkServiceConnectionState\": {\r\n            \"status\":
        \"Pending\",\r\n            \"description\": \"\",\r\n            \"actionsRequired\":
        \"None\"\r\n          }\r\n        },\r\n        \"type\": \"Microsoft.Network/privateEndpoints/manualPrivateLinkServiceConnections\"\r\n
        \     }\r\n    ],\r\n    \"subnet\": {\r\n      \"id\": \"/subscriptions/00000000-0000-0000-0000-000000000000/resourceGroups/clitest.rg000001/providers/Microsoft.Network/virtualNetworks/cli-vnet-000003/subnets/cli-subnet-000004\"\r\n
        \   },\r\n    \"networkInterfaces\": [\r\n      {\r\n        \"id\": \"/subscriptions/00000000-0000-0000-0000-000000000000/resourceGroups/clitest.rg000001/providers/Microsoft.Network/networkInterfaces/cli-pe-000006.nic.5fbf38d0-68cf-48c2-b1b4-010188f9edef\"\r\n
        \     }\r\n    ],\r\n    \"customDnsConfigs\": []\r\n  }\r\n}"
    headers:
      cache-control:
      - no-cache
      content-length:
      - '2366'
      content-type:
      - application/json; charset=utf-8
      date:
      - Wed, 16 Dec 2020 09:20:03 GMT
      etag:
      - W/"190258e7-26fa-45a2-9ca8-e5d1486e8136"
      expires:
      - '-1'
      pragma:
      - no-cache
      server:
      - Microsoft-HTTPAPI/2.0
      - Microsoft-HTTPAPI/2.0
      strict-transport-security:
      - max-age=31536000; includeSubDomains
      transfer-encoding:
      - chunked
      vary:
      - Accept-Encoding
      x-content-type-options:
      - nosniff
      x-ms-arm-service-request-id:
      - 33fcf7df-9717-412a-be39-c53987efa88a
    status:
      code: 200
      message: OK
- request:
    body: null
    headers:
      Accept:
      - application/json
      Accept-Encoding:
      - gzip, deflate
      CommandName:
      - mysql server show
      Connection:
      - keep-alive
      ParameterSetName:
      - -g -n
      User-Agent:
      - python/3.7.8 (Windows-10-10.0.19041-SP0) msrest/0.6.18 msrest_azure/0.6.3
        azure-mgmt-rdbms/2017-12-01 Azure-SDK-For-Python AZURECLI/2.16.0
      accept-language:
      - en-US
    method: GET
    uri: https://management.azure.com/subscriptions/00000000-0000-0000-0000-000000000000/resourceGroups/clitest.rg000001/providers/Microsoft.DBForMySQL/servers/azuredbclitest000002?api-version=2017-12-01
  response:
    body:
      string: '{"sku":{"name":"GP_Gen5_2","tier":"GeneralPurpose","family":"Gen5","capacity":2},"properties":{"administratorLogin":"cloudsa","storageProfile":{"storageMB":51200,"backupRetentionDays":7,"geoRedundantBackup":"Disabled","storageAutogrow":"Enabled"},"version":"5.7","sslEnforcement":"Enabled","minimalTlsVersion":"TLSEnforcementDisabled","userVisibleState":"Ready","fullyQualifiedDomainName":"azuredbclitest000002.mysql.database.azure.com","earliestRestoreDate":"2020-12-16T09:26:03.727+00:00","replicationRole":"None","masterServerId":"","replicaCapacity":5,"byokEnforcement":"Disabled","privateEndpointConnections":[{"id":"/subscriptions/00000000-0000-0000-0000-000000000000/resourceGroups/clitest.rg000001/providers/Microsoft.DBforMySQL/servers/azuredbclitest000002/privateEndpointConnections/cli-pe-000006-debb2ebc-13b8-4e8f-82ce-692140422a67","properties":{"privateEndpoint":{"id":"/subscriptions/00000000-0000-0000-0000-000000000000/resourceGroups/clitest.rg000001/providers/Microsoft.Network/privateEndpoints/cli-pe-000006"},"privateLinkServiceConnectionState":{"status":"Pending","description":"","actionsRequired":"None"},"provisioningState":"Ready"}}],"infrastructureEncryption":"Disabled","publicNetworkAccess":"Enabled"},"location":"westus","id":"/subscriptions/00000000-0000-0000-0000-000000000000/resourceGroups/clitest.rg000001/providers/Microsoft.DBforMySQL/servers/azuredbclitest000002","name":"azuredbclitest000002","type":"Microsoft.DBforMySQL/servers"}'
    headers:
      cache-control:
      - no-cache
      content-length:
      - '1839'
      content-type:
      - application/json; charset=utf-8
      date:
      - Wed, 16 Dec 2020 09:20:08 GMT
      expires:
      - '-1'
      pragma:
      - no-cache
      server:
      - Microsoft-HTTPAPI/2.0
      strict-transport-security:
      - max-age=31536000; includeSubDomains
      transfer-encoding:
      - chunked
      vary:
      - Accept-Encoding
      x-content-type-options:
      - nosniff
    status:
      code: 200
      message: OK
- request:
    body: null
    headers:
      Accept:
      - '*/*'
      Accept-Encoding:
      - gzip, deflate
      CommandName:
      - network private-endpoint-connection show
      Connection:
      - keep-alive
      ParameterSetName:
      - --resource-name -g --name --type
      User-Agent:
      - python/3.7.8 (Windows-10-10.0.19041-SP0) AZURECLI/2.16.0
    method: GET
    uri: https://management.azure.com/subscriptions/00000000-0000-0000-0000-000000000000/resourceGroups/clitest.rg000001/providers/Microsoft.DBforMySQL/servers/azuredbclitest000002/privateEndpointConnections/cli-pe-000006-debb2ebc-13b8-4e8f-82ce-692140422a67?api-version=2018-06-01
  response:
    body:
      string: '{"properties":{"privateEndpoint":{"id":"/subscriptions/00000000-0000-0000-0000-000000000000/resourceGroups/clitest.rg000001/providers/Microsoft.Network/privateEndpoints/cli-pe-000006"},"privateLinkServiceConnectionState":{"status":"Pending","description":"","actionsRequired":"None"},"provisioningState":"Ready"},"id":"/subscriptions/00000000-0000-0000-0000-000000000000/resourceGroups/clitest.rg000001/providers/Microsoft.DBforMySQL/servers/azuredbclitest000002/privateEndpointConnections/cli-pe-000006-debb2ebc-13b8-4e8f-82ce-692140422a67","name":"cli-pe-000006-debb2ebc-13b8-4e8f-82ce-692140422a67","type":"Microsoft.DBforMySQL/servers/privateEndpointConnections"}'
    headers:
      cache-control:
      - no-cache
      content-length:
      - '861'
      content-type:
      - application/json; charset=utf-8
      date:
      - Wed, 16 Dec 2020 09:20:10 GMT
      expires:
      - '-1'
      pragma:
      - no-cache
      server:
      - Microsoft-HTTPAPI/2.0
      strict-transport-security:
      - max-age=31536000; includeSubDomains
      transfer-encoding:
      - chunked
      vary:
      - Accept-Encoding
      x-content-type-options:
      - nosniff
    status:
      code: 200
      message: OK
- request:
    body: null
    headers:
      Accept:
      - '*/*'
      Accept-Encoding:
      - gzip, deflate
      CommandName:
      - network private-endpoint-connection approve
      Connection:
      - keep-alive
      ParameterSetName:
      - --resource-name -g --name --description --type
      User-Agent:
      - python/3.7.8 (Windows-10-10.0.19041-SP0) AZURECLI/2.16.0
    method: GET
    uri: https://management.azure.com/subscriptions/00000000-0000-0000-0000-000000000000/resourceGroups/clitest.rg000001/providers/Microsoft.DBforMySQL/servers/azuredbclitest000002/privateEndpointConnections/cli-pe-000006-debb2ebc-13b8-4e8f-82ce-692140422a67?api-version=2018-06-01
  response:
    body:
      string: '{"properties":{"privateEndpoint":{"id":"/subscriptions/00000000-0000-0000-0000-000000000000/resourceGroups/clitest.rg000001/providers/Microsoft.Network/privateEndpoints/cli-pe-000006"},"privateLinkServiceConnectionState":{"status":"Pending","description":"","actionsRequired":"None"},"provisioningState":"Ready"},"id":"/subscriptions/00000000-0000-0000-0000-000000000000/resourceGroups/clitest.rg000001/providers/Microsoft.DBforMySQL/servers/azuredbclitest000002/privateEndpointConnections/cli-pe-000006-debb2ebc-13b8-4e8f-82ce-692140422a67","name":"cli-pe-000006-debb2ebc-13b8-4e8f-82ce-692140422a67","type":"Microsoft.DBforMySQL/servers/privateEndpointConnections"}'
    headers:
      cache-control:
      - no-cache
      content-length:
      - '861'
      content-type:
      - application/json; charset=utf-8
      date:
      - Wed, 16 Dec 2020 09:20:13 GMT
      expires:
      - '-1'
      pragma:
      - no-cache
      server:
      - Microsoft-HTTPAPI/2.0
      strict-transport-security:
      - max-age=31536000; includeSubDomains
      transfer-encoding:
      - chunked
      vary:
      - Accept-Encoding
      x-content-type-options:
      - nosniff
    status:
      code: 200
      message: OK
- request:
    body: '{"properties": {"privateEndpoint": {"id": "/subscriptions/00000000-0000-0000-0000-000000000000/resourceGroups/clitest.rg000001/providers/Microsoft.Network/privateEndpoints/cli-pe-000006"},
      "privateLinkServiceConnectionState": {"status": "Approved", "description": "You
      are approved!", "actionsRequired": "None"}, "provisioningState": "Ready"}, "id":
      "/subscriptions/00000000-0000-0000-0000-000000000000/resourceGroups/clitest.rg000001/providers/Microsoft.DBforMySQL/servers/azuredbclitest000002/privateEndpointConnections/cli-pe-000006-debb2ebc-13b8-4e8f-82ce-692140422a67",
      "name": "cli-pe-000006-debb2ebc-13b8-4e8f-82ce-692140422a67", "type": "Microsoft.DBforMySQL/servers/privateEndpointConnections"}'
    headers:
      Accept:
      - '*/*'
      Accept-Encoding:
      - gzip, deflate
      CommandName:
      - network private-endpoint-connection approve
      Connection:
      - keep-alive
      Content-Length:
      - '897'
      Content-Type:
      - application/json
      ParameterSetName:
      - --resource-name -g --name --description --type
      User-Agent:
      - python/3.7.8 (Windows-10-10.0.19041-SP0) AZURECLI/2.16.0
    method: PUT
    uri: https://management.azure.com/subscriptions/00000000-0000-0000-0000-000000000000/resourceGroups/clitest.rg000001/providers/Microsoft.DBforMySQL/servers/azuredbclitest000002/privateEndpointConnections/cli-pe-000006-debb2ebc-13b8-4e8f-82ce-692140422a67?api-version=2018-06-01
  response:
    body:
      string: '{"operation":"ApproveElasticServerPrivateEndpointConnection","startTime":"2020-12-16T09:20:15.857Z"}'
    headers:
      azure-asyncoperation:
      - https://management.azure.com/subscriptions/00000000-0000-0000-0000-000000000000/resourceGroups/clitest.rg000001/providers/Microsoft.DBforMySQL/locations/westus/privateEndpointConnectionAzureAsyncOperation/d831a15c-c41c-4180-8cb1-c2283afb5d10?api-version=2018-06-01
      cache-control:
      - no-cache
      content-length:
      - '100'
      content-type:
      - application/json; charset=utf-8
      date:
      - Wed, 16 Dec 2020 09:20:16 GMT
      expires:
      - '-1'
      location:
      - https://management.azure.com/subscriptions/00000000-0000-0000-0000-000000000000/resourceGroups/clitest.rg000001/providers/Microsoft.DBforMySQL/locations/westus/privateEndpointConnectionOperationResults/d831a15c-c41c-4180-8cb1-c2283afb5d10?api-version=2018-06-01
      pragma:
      - no-cache
      server:
      - Microsoft-HTTPAPI/2.0
      strict-transport-security:
      - max-age=31536000; includeSubDomains
      x-content-type-options:
      - nosniff
      x-ms-ratelimit-remaining-subscription-writes:
      - '1192'
    status:
      code: 202
      message: Accepted
- request:
    body: null
    headers:
      Accept:
      - '*/*'
      Accept-Encoding:
      - gzip, deflate
      CommandName:
      - network private-endpoint-connection approve
      Connection:
      - keep-alive
      ParameterSetName:
      - --resource-name -g --name --description --type
      User-Agent:
      - python/3.7.8 (Windows-10-10.0.19041-SP0) AZURECLI/2.16.0
    method: GET
    uri: https://management.azure.com/subscriptions/00000000-0000-0000-0000-000000000000/resourceGroups/clitest.rg000001/providers/Microsoft.DBforMySQL/servers/azuredbclitest000002/privateEndpointConnections/cli-pe-000006-debb2ebc-13b8-4e8f-82ce-692140422a67?api-version=2018-06-01
  response:
    body:
      string: '{"properties":{"privateEndpoint":{"id":"/subscriptions/00000000-0000-0000-0000-000000000000/resourceGroups/clitest.rg000001/providers/Microsoft.Network/privateEndpoints/cli-pe-000006"},"privateLinkServiceConnectionState":{"status":"Approved","description":"You
        are approved!","actionsRequired":"None"},"provisioningState":"Ready"},"id":"/subscriptions/00000000-0000-0000-0000-000000000000/resourceGroups/clitest.rg000001/providers/Microsoft.DBforMySQL/servers/azuredbclitest000002/privateEndpointConnections/cli-pe-000006-debb2ebc-13b8-4e8f-82ce-692140422a67","name":"cli-pe-000006-debb2ebc-13b8-4e8f-82ce-692140422a67","type":"Microsoft.DBforMySQL/servers/privateEndpointConnections"}'
    headers:
      cache-control:
      - no-cache
      content-length:
      - '879'
      content-type:
      - application/json; charset=utf-8
      date:
      - Wed, 16 Dec 2020 09:20:29 GMT
      expires:
      - '-1'
      pragma:
      - no-cache
      server:
      - Microsoft-HTTPAPI/2.0
      strict-transport-security:
      - max-age=31536000; includeSubDomains
      transfer-encoding:
      - chunked
      vary:
      - Accept-Encoding
      x-content-type-options:
      - nosniff
    status:
      code: 200
      message: OK
- request:
    body: null
    headers:
      Accept:
      - '*/*'
      Accept-Encoding:
      - gzip, deflate
      CommandName:
      - network private-endpoint-connection reject
      Connection:
      - keep-alive
      ParameterSetName:
      - --resource-name -g --name --description --type
      User-Agent:
      - python/3.7.8 (Windows-10-10.0.19041-SP0) AZURECLI/2.16.0
    method: GET
    uri: https://management.azure.com/subscriptions/00000000-0000-0000-0000-000000000000/resourceGroups/clitest.rg000001/providers/Microsoft.DBforMySQL/servers/azuredbclitest000002/privateEndpointConnections/cli-pe-000006-debb2ebc-13b8-4e8f-82ce-692140422a67?api-version=2018-06-01
  response:
    body:
      string: '{"properties":{"privateEndpoint":{"id":"/subscriptions/00000000-0000-0000-0000-000000000000/resourceGroups/clitest.rg000001/providers/Microsoft.Network/privateEndpoints/cli-pe-000006"},"privateLinkServiceConnectionState":{"status":"Approved","description":"You
        are approved!","actionsRequired":"None"},"provisioningState":"Ready"},"id":"/subscriptions/00000000-0000-0000-0000-000000000000/resourceGroups/clitest.rg000001/providers/Microsoft.DBforMySQL/servers/azuredbclitest000002/privateEndpointConnections/cli-pe-000006-debb2ebc-13b8-4e8f-82ce-692140422a67","name":"cli-pe-000006-debb2ebc-13b8-4e8f-82ce-692140422a67","type":"Microsoft.DBforMySQL/servers/privateEndpointConnections"}'
    headers:
      cache-control:
      - no-cache
      content-length:
      - '879'
      content-type:
      - application/json; charset=utf-8
      date:
      - Wed, 16 Dec 2020 09:20:32 GMT
      expires:
      - '-1'
      pragma:
      - no-cache
      server:
      - Microsoft-HTTPAPI/2.0
      strict-transport-security:
      - max-age=31536000; includeSubDomains
      transfer-encoding:
      - chunked
      vary:
      - Accept-Encoding
      x-content-type-options:
      - nosniff
    status:
      code: 200
      message: OK
- request:
    body: '{"properties": {"privateEndpoint": {"id": "/subscriptions/00000000-0000-0000-0000-000000000000/resourceGroups/clitest.rg000001/providers/Microsoft.Network/privateEndpoints/cli-pe-000006"},
      "privateLinkServiceConnectionState": {"status": "Rejected", "description": "You
      are rejected!", "actionsRequired": "None"}, "provisioningState": "Ready"}, "id":
      "/subscriptions/00000000-0000-0000-0000-000000000000/resourceGroups/clitest.rg000001/providers/Microsoft.DBforMySQL/servers/azuredbclitest000002/privateEndpointConnections/cli-pe-000006-debb2ebc-13b8-4e8f-82ce-692140422a67",
      "name": "cli-pe-000006-debb2ebc-13b8-4e8f-82ce-692140422a67", "type": "Microsoft.DBforMySQL/servers/privateEndpointConnections"}'
    headers:
      Accept:
      - '*/*'
      Accept-Encoding:
      - gzip, deflate
      CommandName:
      - network private-endpoint-connection reject
      Connection:
      - keep-alive
      Content-Length:
      - '897'
      Content-Type:
      - application/json
      ParameterSetName:
      - --resource-name -g --name --description --type
      User-Agent:
      - python/3.7.8 (Windows-10-10.0.19041-SP0) AZURECLI/2.16.0
    method: PUT
    uri: https://management.azure.com/subscriptions/00000000-0000-0000-0000-000000000000/resourceGroups/clitest.rg000001/providers/Microsoft.DBforMySQL/servers/azuredbclitest000002/privateEndpointConnections/cli-pe-000006-debb2ebc-13b8-4e8f-82ce-692140422a67?api-version=2018-06-01
  response:
    body:
      string: '{"error":{"code":"PrivateEndpointConnectionStatusNotPending","message":"Private
        Endpoint Connection Status is not Pending"}}'
    headers:
      cache-control:
      - no-cache
      content-length:
      - '124'
      content-type:
      - application/json; charset=utf-8
      date:
      - Wed, 16 Dec 2020 09:20:35 GMT
      expires:
      - '-1'
      pragma:
      - no-cache
      server:
      - Microsoft-HTTPAPI/2.0
      strict-transport-security:
      - max-age=31536000; includeSubDomains
      x-content-type-options:
      - nosniff
      x-ms-ratelimit-remaining-subscription-writes:
      - '1191'
    status:
      code: 400
      message: Bad Request
- request:
    body: null
    headers:
      Accept:
      - '*/*'
      Accept-Encoding:
      - gzip, deflate
      CommandName:
      - network private-endpoint-connection delete
      Connection:
      - keep-alive
      Content-Length:
      - '0'
      ParameterSetName:
      - --id -y
      User-Agent:
      - python/3.7.8 (Windows-10-10.0.19041-SP0) AZURECLI/2.16.0
    method: DELETE
    uri: https://management.azure.com/subscriptions/00000000-0000-0000-0000-000000000000/resourceGroups/clitest.rg000001/providers/Microsoft.DBforMySQL/servers/azuredbclitest000002/privateEndpointConnections/cli-pe-000006-debb2ebc-13b8-4e8f-82ce-692140422a67?api-version=2018-06-01
  response:
    body:
      string: '{"operation":"DropElasticServerPrivateEndpointConnection","startTime":"2020-12-16T09:20:37.747Z"}'
    headers:
      azure-asyncoperation:
      - https://management.azure.com/subscriptions/00000000-0000-0000-0000-000000000000/resourceGroups/clitest.rg000001/providers/Microsoft.DBforMySQL/locations/westus/privateEndpointConnectionAzureAsyncOperation/cd35dfbc-6f74-4941-b647-3d85df9dc521?api-version=2018-06-01
      cache-control:
      - no-cache
      content-length:
      - '96'
      content-type:
      - application/json; charset=utf-8
      date:
      - Wed, 16 Dec 2020 09:20:38 GMT
      expires:
      - '-1'
      location:
      - https://management.azure.com/subscriptions/00000000-0000-0000-0000-000000000000/resourceGroups/clitest.rg000001/providers/Microsoft.DBforMySQL/locations/westus/privateEndpointConnectionOperationResults/cd35dfbc-6f74-4941-b647-3d85df9dc521?api-version=2018-06-01
      pragma:
      - no-cache
      server:
      - Microsoft-HTTPAPI/2.0
      strict-transport-security:
      - max-age=31536000; includeSubDomains
      x-content-type-options:
      - nosniff
      x-ms-ratelimit-remaining-subscription-deletes:
      - '14997'
    status:
      code: 202
      message: Accepted
- request:
    body: '{"location": "westus", "properties": {"subnet": {"id": "/subscriptions/00000000-0000-0000-0000-000000000000/resourceGroups/clitest.rg000001/providers/Microsoft.Network/virtualNetworks/cli-vnet-000003/subnets/cli-subnet-000004"},
      "manualPrivateLinkServiceConnections": [{"name": "cli-pec-000010", "properties":
      {"privateLinkServiceId": "/subscriptions/00000000-0000-0000-0000-000000000000/resourceGroups/clitest.rg000001/providers/Microsoft.DBforMySQL/servers/azuredbclitest000002",
      "groupIds": ["mysqlServer"]}}]}}'
    headers:
      Accept:
      - application/json
      Accept-Encoding:
      - gzip, deflate
      CommandName:
      - network private-endpoint create
      Connection:
      - keep-alive
      Content-Length:
      - '701'
      Content-Type:
      - application/json
      ParameterSetName:
      - -g -n --vnet-name --subnet -l --connection-name --private-connection-resource-id
        --group-id --manual-request
      User-Agent:
      - AZURECLI/2.16.0 azsdk-python-azure-mgmt-network/17.0.0 Python/3.7.8 (Windows-10-10.0.19041-SP0)
    method: PUT
    uri: https://management.azure.com/subscriptions/00000000-0000-0000-0000-000000000000/resourceGroups/clitest.rg000001/providers/Microsoft.Network/privateEndpoints/cli-pe-000007?api-version=2020-07-01
  response:
    body:
      string: "{\r\n  \"name\": \"cli-pe-000007\",\r\n  \"id\": \"/subscriptions/00000000-0000-0000-0000-000000000000/resourceGroups/clitest.rg000001/providers/Microsoft.Network/privateEndpoints/cli-pe-000007\",\r\n
        \ \"etag\": \"W/\\\"47ef98ce-877e-44a0-b9e0-226eb620988d\\\"\",\r\n  \"type\":
        \"Microsoft.Network/privateEndpoints\",\r\n  \"location\": \"westus\",\r\n
        \ \"properties\": {\r\n    \"provisioningState\": \"Updating\",\r\n    \"resourceGuid\":
        \"3ab58420-5f4d-4599-a5aa-848113146731\",\r\n    \"privateLinkServiceConnections\":
        [],\r\n    \"manualPrivateLinkServiceConnections\": [\r\n      {\r\n        \"name\":
        \"cli-pec-000010\",\r\n        \"id\": \"/subscriptions/00000000-0000-0000-0000-000000000000/resourceGroups/clitest.rg000001/providers/Microsoft.Network/privateEndpoints/cli-pe-000007/manualPrivateLinkServiceConnections/cli-pec-000010\",\r\n
        \       \"etag\": \"W/\\\"47ef98ce-877e-44a0-b9e0-226eb620988d\\\"\",\r\n
        \       \"properties\": {\r\n          \"provisioningState\": \"Succeeded\",\r\n
        \         \"privateLinkServiceId\": \"/subscriptions/00000000-0000-0000-0000-000000000000/resourceGroups/clitest.rg000001/providers/Microsoft.DBforMySQL/servers/azuredbclitest000002\",\r\n
        \         \"groupIds\": [\r\n            \"mysqlServer\"\r\n          ],\r\n
        \         \"privateLinkServiceConnectionState\": {\r\n            \"status\":
        \"Pending\",\r\n            \"description\": \"Awaiting Approval\",\r\n            \"actionsRequired\":
        \"None\"\r\n          }\r\n        },\r\n        \"type\": \"Microsoft.Network/privateEndpoints/manualPrivateLinkServiceConnections\"\r\n
        \     }\r\n    ],\r\n    \"subnet\": {\r\n      \"id\": \"/subscriptions/00000000-0000-0000-0000-000000000000/resourceGroups/clitest.rg000001/providers/Microsoft.Network/virtualNetworks/cli-vnet-000003/subnets/cli-subnet-000004\"\r\n
        \   },\r\n    \"networkInterfaces\": [\r\n      {\r\n        \"id\": \"/subscriptions/00000000-0000-0000-0000-000000000000/resourceGroups/clitest.rg000001/providers/Microsoft.Network/networkInterfaces/cli-pe-000007.nic.f35bac43-b688-4e35-a87a-d5d63a9f6588\"\r\n
        \     }\r\n    ],\r\n    \"customDnsConfigs\": []\r\n  }\r\n}"
    headers:
      azure-asyncnotification:
      - Enabled
      azure-asyncoperation:
      - https://management.azure.com/subscriptions/00000000-0000-0000-0000-000000000000/providers/Microsoft.Network/locations/westus/operations/3a5ff30c-90fc-4dba-9d79-279790245912?api-version=2020-07-01
      cache-control:
      - no-cache
      content-length:
      - '2382'
      content-type:
      - application/json; charset=utf-8
      date:
      - Wed, 16 Dec 2020 09:20:44 GMT
      expires:
      - '-1'
      pragma:
      - no-cache
      server:
      - Microsoft-HTTPAPI/2.0
      - Microsoft-HTTPAPI/2.0
      strict-transport-security:
      - max-age=31536000; includeSubDomains
      x-content-type-options:
      - nosniff
      x-ms-arm-service-request-id:
      - c99409cb-427d-4b12-9e56-59e5fd0e87f5
      x-ms-ratelimit-remaining-subscription-writes:
      - '1185'
    status:
      code: 201
      message: Created
- request:
    body: null
    headers:
      Accept:
      - '*/*'
      Accept-Encoding:
      - gzip, deflate
      CommandName:
      - network private-endpoint create
      Connection:
      - keep-alive
      ParameterSetName:
      - -g -n --vnet-name --subnet -l --connection-name --private-connection-resource-id
        --group-id --manual-request
      User-Agent:
      - AZURECLI/2.16.0 azsdk-python-azure-mgmt-network/17.0.0 Python/3.7.8 (Windows-10-10.0.19041-SP0)
    method: GET
    uri: https://management.azure.com/subscriptions/00000000-0000-0000-0000-000000000000/providers/Microsoft.Network/locations/westus/operations/3a5ff30c-90fc-4dba-9d79-279790245912?api-version=2020-07-01
  response:
    body:
      string: "{\r\n  \"status\": \"Succeeded\"\r\n}"
    headers:
      cache-control:
      - no-cache
      content-length:
      - '29'
      content-type:
      - application/json; charset=utf-8
      date:
      - Wed, 16 Dec 2020 09:20:55 GMT
      expires:
      - '-1'
      pragma:
      - no-cache
      server:
      - Microsoft-HTTPAPI/2.0
      - Microsoft-HTTPAPI/2.0
      strict-transport-security:
      - max-age=31536000; includeSubDomains
      transfer-encoding:
      - chunked
      vary:
      - Accept-Encoding
      x-content-type-options:
      - nosniff
      x-ms-arm-service-request-id:
      - a329c63f-b846-4576-9f05-cd584b3540bd
    status:
      code: 200
      message: OK
- request:
    body: null
    headers:
      Accept:
      - '*/*'
      Accept-Encoding:
      - gzip, deflate
      CommandName:
      - network private-endpoint create
      Connection:
      - keep-alive
      ParameterSetName:
      - -g -n --vnet-name --subnet -l --connection-name --private-connection-resource-id
        --group-id --manual-request
      User-Agent:
      - AZURECLI/2.16.0 azsdk-python-azure-mgmt-network/17.0.0 Python/3.7.8 (Windows-10-10.0.19041-SP0)
    method: GET
    uri: https://management.azure.com/subscriptions/00000000-0000-0000-0000-000000000000/resourceGroups/clitest.rg000001/providers/Microsoft.Network/privateEndpoints/cli-pe-000007?api-version=2020-07-01
  response:
    body:
      string: "{\r\n  \"name\": \"cli-pe-000007\",\r\n  \"id\": \"/subscriptions/00000000-0000-0000-0000-000000000000/resourceGroups/clitest.rg000001/providers/Microsoft.Network/privateEndpoints/cli-pe-000007\",\r\n
        \ \"etag\": \"W/\\\"c5f8e986-8d5f-440a-aed0-e0a952bbe611\\\"\",\r\n  \"type\":
        \"Microsoft.Network/privateEndpoints\",\r\n  \"location\": \"westus\",\r\n
        \ \"properties\": {\r\n    \"provisioningState\": \"Succeeded\",\r\n    \"resourceGuid\":
        \"3ab58420-5f4d-4599-a5aa-848113146731\",\r\n    \"privateLinkServiceConnections\":
        [],\r\n    \"manualPrivateLinkServiceConnections\": [\r\n      {\r\n        \"name\":
        \"cli-pec-000010\",\r\n        \"id\": \"/subscriptions/00000000-0000-0000-0000-000000000000/resourceGroups/clitest.rg000001/providers/Microsoft.Network/privateEndpoints/cli-pe-000007/manualPrivateLinkServiceConnections/cli-pec-000010\",\r\n
        \       \"etag\": \"W/\\\"c5f8e986-8d5f-440a-aed0-e0a952bbe611\\\"\",\r\n
        \       \"properties\": {\r\n          \"provisioningState\": \"Succeeded\",\r\n
        \         \"privateLinkServiceId\": \"/subscriptions/00000000-0000-0000-0000-000000000000/resourceGroups/clitest.rg000001/providers/Microsoft.DBforMySQL/servers/azuredbclitest000002\",\r\n
        \         \"groupIds\": [\r\n            \"mysqlServer\"\r\n          ],\r\n
        \         \"privateLinkServiceConnectionState\": {\r\n            \"status\":
        \"Pending\",\r\n            \"description\": \"\",\r\n            \"actionsRequired\":
        \"None\"\r\n          }\r\n        },\r\n        \"type\": \"Microsoft.Network/privateEndpoints/manualPrivateLinkServiceConnections\"\r\n
        \     }\r\n    ],\r\n    \"subnet\": {\r\n      \"id\": \"/subscriptions/00000000-0000-0000-0000-000000000000/resourceGroups/clitest.rg000001/providers/Microsoft.Network/virtualNetworks/cli-vnet-000003/subnets/cli-subnet-000004\"\r\n
        \   },\r\n    \"networkInterfaces\": [\r\n      {\r\n        \"id\": \"/subscriptions/00000000-0000-0000-0000-000000000000/resourceGroups/clitest.rg000001/providers/Microsoft.Network/networkInterfaces/cli-pe-000007.nic.f35bac43-b688-4e35-a87a-d5d63a9f6588\"\r\n
        \     }\r\n    ],\r\n    \"customDnsConfigs\": []\r\n  }\r\n}"
    headers:
      cache-control:
      - no-cache
      content-length:
      - '2366'
      content-type:
      - application/json; charset=utf-8
      date:
      - Wed, 16 Dec 2020 09:20:56 GMT
      etag:
      - W/"c5f8e986-8d5f-440a-aed0-e0a952bbe611"
      expires:
      - '-1'
      pragma:
      - no-cache
      server:
      - Microsoft-HTTPAPI/2.0
      - Microsoft-HTTPAPI/2.0
      strict-transport-security:
      - max-age=31536000; includeSubDomains
      transfer-encoding:
      - chunked
      vary:
      - Accept-Encoding
      x-content-type-options:
      - nosniff
      x-ms-arm-service-request-id:
      - d87d1883-b85d-424d-a604-ab5995d8b5c6
    status:
      code: 200
      message: OK
- request:
    body: null
    headers:
      Accept:
      - application/json
      Accept-Encoding:
      - gzip, deflate
      CommandName:
      - mysql server show
      Connection:
      - keep-alive
      ParameterSetName:
      - -g -n
      User-Agent:
      - python/3.7.8 (Windows-10-10.0.19041-SP0) msrest/0.6.18 msrest_azure/0.6.3
        azure-mgmt-rdbms/2017-12-01 Azure-SDK-For-Python AZURECLI/2.16.0
      accept-language:
      - en-US
    method: GET
    uri: https://management.azure.com/subscriptions/00000000-0000-0000-0000-000000000000/resourceGroups/clitest.rg000001/providers/Microsoft.DBForMySQL/servers/azuredbclitest000002?api-version=2017-12-01
  response:
    body:
      string: '{"sku":{"name":"GP_Gen5_2","tier":"GeneralPurpose","family":"Gen5","capacity":2},"properties":{"administratorLogin":"cloudsa","storageProfile":{"storageMB":51200,"backupRetentionDays":7,"geoRedundantBackup":"Disabled","storageAutogrow":"Enabled"},"version":"5.7","sslEnforcement":"Enabled","minimalTlsVersion":"TLSEnforcementDisabled","userVisibleState":"Ready","fullyQualifiedDomainName":"azuredbclitest000002.mysql.database.azure.com","earliestRestoreDate":"2020-12-16T09:26:03.727+00:00","replicationRole":"None","masterServerId":"","replicaCapacity":5,"byokEnforcement":"Disabled","privateEndpointConnections":[{"id":"/subscriptions/00000000-0000-0000-0000-000000000000/resourceGroups/clitest.rg000001/providers/Microsoft.DBforMySQL/servers/azuredbclitest000002/privateEndpointConnections/cli-pe-000007-42f7e286-ee23-4187-a624-2d83a451bc17","properties":{"privateEndpoint":{"id":"/subscriptions/00000000-0000-0000-0000-000000000000/resourceGroups/clitest.rg000001/providers/Microsoft.Network/privateEndpoints/cli-pe-000007"},"privateLinkServiceConnectionState":{"status":"Pending","description":"","actionsRequired":"None"},"provisioningState":"Ready"}}],"infrastructureEncryption":"Disabled","publicNetworkAccess":"Enabled"},"location":"westus","id":"/subscriptions/00000000-0000-0000-0000-000000000000/resourceGroups/clitest.rg000001/providers/Microsoft.DBforMySQL/servers/azuredbclitest000002","name":"azuredbclitest000002","type":"Microsoft.DBforMySQL/servers"}'
    headers:
      cache-control:
      - no-cache
      content-length:
      - '1839'
      content-type:
      - application/json; charset=utf-8
      date:
      - Wed, 16 Dec 2020 09:20:59 GMT
      expires:
      - '-1'
      pragma:
      - no-cache
      server:
      - Microsoft-HTTPAPI/2.0
      strict-transport-security:
      - max-age=31536000; includeSubDomains
      transfer-encoding:
      - chunked
      vary:
      - Accept-Encoding
      x-content-type-options:
      - nosniff
    status:
      code: 200
      message: OK
- request:
    body: null
    headers:
      Accept:
      - '*/*'
      Accept-Encoding:
      - gzip, deflate
      CommandName:
      - network private-endpoint-connection show
      Connection:
      - keep-alive
      ParameterSetName:
      - --resource-name -g --name --type
      User-Agent:
      - python/3.7.8 (Windows-10-10.0.19041-SP0) AZURECLI/2.16.0
    method: GET
    uri: https://management.azure.com/subscriptions/00000000-0000-0000-0000-000000000000/resourceGroups/clitest.rg000001/providers/Microsoft.DBforMySQL/servers/azuredbclitest000002/privateEndpointConnections/cli-pe-000007-42f7e286-ee23-4187-a624-2d83a451bc17?api-version=2018-06-01
  response:
    body:
      string: '{"properties":{"privateEndpoint":{"id":"/subscriptions/00000000-0000-0000-0000-000000000000/resourceGroups/clitest.rg000001/providers/Microsoft.Network/privateEndpoints/cli-pe-000007"},"privateLinkServiceConnectionState":{"status":"Pending","description":"","actionsRequired":"None"},"provisioningState":"Ready"},"id":"/subscriptions/00000000-0000-0000-0000-000000000000/resourceGroups/clitest.rg000001/providers/Microsoft.DBforMySQL/servers/azuredbclitest000002/privateEndpointConnections/cli-pe-000007-42f7e286-ee23-4187-a624-2d83a451bc17","name":"cli-pe-000007-42f7e286-ee23-4187-a624-2d83a451bc17","type":"Microsoft.DBforMySQL/servers/privateEndpointConnections"}'
    headers:
      cache-control:
      - no-cache
      content-length:
      - '861'
      content-type:
      - application/json; charset=utf-8
      date:
      - Wed, 16 Dec 2020 09:21:01 GMT
      expires:
      - '-1'
      pragma:
      - no-cache
      server:
      - Microsoft-HTTPAPI/2.0
      strict-transport-security:
      - max-age=31536000; includeSubDomains
      transfer-encoding:
      - chunked
      vary:
      - Accept-Encoding
      x-content-type-options:
      - nosniff
    status:
      code: 200
      message: OK
- request:
    body: null
    headers:
      Accept:
      - '*/*'
      Accept-Encoding:
      - gzip, deflate
      CommandName:
      - network private-endpoint-connection reject
      Connection:
      - keep-alive
      ParameterSetName:
      - --resource-name -g --name --description --type
      User-Agent:
      - python/3.7.8 (Windows-10-10.0.19041-SP0) AZURECLI/2.16.0
    method: GET
    uri: https://management.azure.com/subscriptions/00000000-0000-0000-0000-000000000000/resourceGroups/clitest.rg000001/providers/Microsoft.DBforMySQL/servers/azuredbclitest000002/privateEndpointConnections/cli-pe-000007-42f7e286-ee23-4187-a624-2d83a451bc17?api-version=2018-06-01
  response:
    body:
      string: '{"properties":{"privateEndpoint":{"id":"/subscriptions/00000000-0000-0000-0000-000000000000/resourceGroups/clitest.rg000001/providers/Microsoft.Network/privateEndpoints/cli-pe-000007"},"privateLinkServiceConnectionState":{"status":"Pending","description":"","actionsRequired":"None"},"provisioningState":"Ready"},"id":"/subscriptions/00000000-0000-0000-0000-000000000000/resourceGroups/clitest.rg000001/providers/Microsoft.DBforMySQL/servers/azuredbclitest000002/privateEndpointConnections/cli-pe-000007-42f7e286-ee23-4187-a624-2d83a451bc17","name":"cli-pe-000007-42f7e286-ee23-4187-a624-2d83a451bc17","type":"Microsoft.DBforMySQL/servers/privateEndpointConnections"}'
    headers:
      cache-control:
      - no-cache
      content-length:
      - '861'
      content-type:
      - application/json; charset=utf-8
      date:
      - Wed, 16 Dec 2020 09:21:04 GMT
      expires:
      - '-1'
      pragma:
      - no-cache
      server:
      - Microsoft-HTTPAPI/2.0
      strict-transport-security:
      - max-age=31536000; includeSubDomains
      transfer-encoding:
      - chunked
      vary:
      - Accept-Encoding
      x-content-type-options:
      - nosniff
    status:
      code: 200
      message: OK
- request:
    body: '{"properties": {"privateEndpoint": {"id": "/subscriptions/00000000-0000-0000-0000-000000000000/resourceGroups/clitest.rg000001/providers/Microsoft.Network/privateEndpoints/cli-pe-000007"},
      "privateLinkServiceConnectionState": {"status": "Rejected", "description": "You
      are rejected!", "actionsRequired": "None"}, "provisioningState": "Ready"}, "id":
      "/subscriptions/00000000-0000-0000-0000-000000000000/resourceGroups/clitest.rg000001/providers/Microsoft.DBforMySQL/servers/azuredbclitest000002/privateEndpointConnections/cli-pe-000007-42f7e286-ee23-4187-a624-2d83a451bc17",
      "name": "cli-pe-000007-42f7e286-ee23-4187-a624-2d83a451bc17", "type": "Microsoft.DBforMySQL/servers/privateEndpointConnections"}'
    headers:
      Accept:
      - '*/*'
      Accept-Encoding:
      - gzip, deflate
      CommandName:
      - network private-endpoint-connection reject
      Connection:
      - keep-alive
      Content-Length:
      - '897'
      Content-Type:
      - application/json
      ParameterSetName:
      - --resource-name -g --name --description --type
      User-Agent:
      - python/3.7.8 (Windows-10-10.0.19041-SP0) AZURECLI/2.16.0
    method: PUT
    uri: https://management.azure.com/subscriptions/00000000-0000-0000-0000-000000000000/resourceGroups/clitest.rg000001/providers/Microsoft.DBforMySQL/servers/azuredbclitest000002/privateEndpointConnections/cli-pe-000007-42f7e286-ee23-4187-a624-2d83a451bc17?api-version=2018-06-01
  response:
    body:
      string: '{"operation":"RejectElasticServerPrivateEndpointConnection","startTime":"2020-12-16T09:21:07.143Z"}'
    headers:
      azure-asyncoperation:
      - https://management.azure.com/subscriptions/00000000-0000-0000-0000-000000000000/resourceGroups/clitest.rg000001/providers/Microsoft.DBforMySQL/locations/westus/privateEndpointConnectionAzureAsyncOperation/01643741-40b5-4544-8972-a2b99892d5a7?api-version=2018-06-01
      cache-control:
      - no-cache
      content-length:
      - '98'
      content-type:
      - application/json; charset=utf-8
      date:
      - Wed, 16 Dec 2020 09:21:07 GMT
      expires:
      - '-1'
      location:
      - https://management.azure.com/subscriptions/00000000-0000-0000-0000-000000000000/resourceGroups/clitest.rg000001/providers/Microsoft.DBforMySQL/locations/westus/privateEndpointConnectionOperationResults/01643741-40b5-4544-8972-a2b99892d5a7?api-version=2018-06-01
      pragma:
      - no-cache
      server:
      - Microsoft-HTTPAPI/2.0
      strict-transport-security:
      - max-age=31536000; includeSubDomains
      x-content-type-options:
      - nosniff
      x-ms-ratelimit-remaining-subscription-writes:
      - '1188'
    status:
      code: 202
      message: Accepted
- request:
    body: null
    headers:
      Accept:
      - '*/*'
      Accept-Encoding:
      - gzip, deflate
      CommandName:
      - network private-endpoint-connection reject
      Connection:
      - keep-alive
      ParameterSetName:
      - --resource-name -g --name --description --type
      User-Agent:
      - python/3.7.8 (Windows-10-10.0.19041-SP0) AZURECLI/2.16.0
    method: GET
    uri: https://management.azure.com/subscriptions/00000000-0000-0000-0000-000000000000/resourceGroups/clitest.rg000001/providers/Microsoft.DBforMySQL/servers/azuredbclitest000002/privateEndpointConnections/cli-pe-000007-42f7e286-ee23-4187-a624-2d83a451bc17?api-version=2018-06-01
  response:
    body:
      string: '{"properties":{"privateEndpoint":{"id":"/subscriptions/00000000-0000-0000-0000-000000000000/resourceGroups/clitest.rg000001/providers/Microsoft.Network/privateEndpoints/cli-pe-000007"},"privateLinkServiceConnectionState":{"status":"Rejected","description":"You
        are rejected!","actionsRequired":"None"},"provisioningState":"Ready"},"id":"/subscriptions/00000000-0000-0000-0000-000000000000/resourceGroups/clitest.rg000001/providers/Microsoft.DBforMySQL/servers/azuredbclitest000002/privateEndpointConnections/cli-pe-000007-42f7e286-ee23-4187-a624-2d83a451bc17","name":"cli-pe-000007-42f7e286-ee23-4187-a624-2d83a451bc17","type":"Microsoft.DBforMySQL/servers/privateEndpointConnections"}'
    headers:
      cache-control:
      - no-cache
      content-length:
      - '879'
      content-type:
      - application/json; charset=utf-8
      date:
      - Wed, 16 Dec 2020 09:21:20 GMT
      expires:
      - '-1'
      pragma:
      - no-cache
      server:
      - Microsoft-HTTPAPI/2.0
      strict-transport-security:
      - max-age=31536000; includeSubDomains
      transfer-encoding:
      - chunked
      vary:
      - Accept-Encoding
      x-content-type-options:
      - nosniff
    status:
      code: 200
      message: OK
- request:
    body: null
    headers:
      Accept:
      - '*/*'
      Accept-Encoding:
      - gzip, deflate
      CommandName:
      - network private-endpoint-connection approve
      Connection:
      - keep-alive
      ParameterSetName:
      - --resource-name -g --name --description --type
      User-Agent:
      - python/3.7.8 (Windows-10-10.0.19041-SP0) AZURECLI/2.16.0
    method: GET
    uri: https://management.azure.com/subscriptions/00000000-0000-0000-0000-000000000000/resourceGroups/clitest.rg000001/providers/Microsoft.DBforMySQL/servers/azuredbclitest000002/privateEndpointConnections/cli-pe-000007-42f7e286-ee23-4187-a624-2d83a451bc17?api-version=2018-06-01
  response:
    body:
      string: '{"properties":{"privateEndpoint":{"id":"/subscriptions/00000000-0000-0000-0000-000000000000/resourceGroups/clitest.rg000001/providers/Microsoft.Network/privateEndpoints/cli-pe-000007"},"privateLinkServiceConnectionState":{"status":"Rejected","description":"You
        are rejected!","actionsRequired":"None"},"provisioningState":"Ready"},"id":"/subscriptions/00000000-0000-0000-0000-000000000000/resourceGroups/clitest.rg000001/providers/Microsoft.DBforMySQL/servers/azuredbclitest000002/privateEndpointConnections/cli-pe-000007-42f7e286-ee23-4187-a624-2d83a451bc17","name":"cli-pe-000007-42f7e286-ee23-4187-a624-2d83a451bc17","type":"Microsoft.DBforMySQL/servers/privateEndpointConnections"}'
    headers:
      cache-control:
      - no-cache
      content-length:
      - '879'
      content-type:
      - application/json; charset=utf-8
      date:
      - Wed, 16 Dec 2020 09:21:23 GMT
      expires:
      - '-1'
      pragma:
      - no-cache
      server:
      - Microsoft-HTTPAPI/2.0
      strict-transport-security:
      - max-age=31536000; includeSubDomains
      transfer-encoding:
      - chunked
      vary:
      - Accept-Encoding
      x-content-type-options:
      - nosniff
    status:
      code: 200
      message: OK
- request:
    body: '{"properties": {"privateEndpoint": {"id": "/subscriptions/00000000-0000-0000-0000-000000000000/resourceGroups/clitest.rg000001/providers/Microsoft.Network/privateEndpoints/cli-pe-000007"},
      "privateLinkServiceConnectionState": {"status": "Approved", "description": "You
      are approved!", "actionsRequired": "None"}, "provisioningState": "Ready"}, "id":
      "/subscriptions/00000000-0000-0000-0000-000000000000/resourceGroups/clitest.rg000001/providers/Microsoft.DBforMySQL/servers/azuredbclitest000002/privateEndpointConnections/cli-pe-000007-42f7e286-ee23-4187-a624-2d83a451bc17",
      "name": "cli-pe-000007-42f7e286-ee23-4187-a624-2d83a451bc17", "type": "Microsoft.DBforMySQL/servers/privateEndpointConnections"}'
    headers:
      Accept:
      - '*/*'
      Accept-Encoding:
      - gzip, deflate
      CommandName:
      - network private-endpoint-connection approve
      Connection:
      - keep-alive
      Content-Length:
      - '897'
      Content-Type:
      - application/json
      ParameterSetName:
      - --resource-name -g --name --description --type
      User-Agent:
      - python/3.7.8 (Windows-10-10.0.19041-SP0) AZURECLI/2.16.0
    method: PUT
    uri: https://management.azure.com/subscriptions/00000000-0000-0000-0000-000000000000/resourceGroups/clitest.rg000001/providers/Microsoft.DBforMySQL/servers/azuredbclitest000002/privateEndpointConnections/cli-pe-000007-42f7e286-ee23-4187-a624-2d83a451bc17?api-version=2018-06-01
  response:
    body:
      string: '{"error":{"code":"PrivateEndpointConnectionStatusNotPending","message":"Private
        Endpoint Connection Status is not Pending"}}'
    headers:
      cache-control:
      - no-cache
      content-length:
      - '124'
      content-type:
      - application/json; charset=utf-8
      date:
      - Wed, 16 Dec 2020 09:21:25 GMT
      expires:
      - '-1'
      pragma:
      - no-cache
      server:
      - Microsoft-HTTPAPI/2.0
      strict-transport-security:
      - max-age=31536000; includeSubDomains
      x-content-type-options:
      - nosniff
      x-ms-ratelimit-remaining-subscription-writes:
      - '1188'
    status:
      code: 400
      message: Bad Request
- request:
    body: null
    headers:
      Accept:
      - '*/*'
      Accept-Encoding:
      - gzip, deflate
      CommandName:
      - network private-endpoint-connection list
      Connection:
      - keep-alive
      ParameterSetName:
      - --name -g --type
      User-Agent:
      - python/3.7.8 (Windows-10-10.0.19041-SP0) AZURECLI/2.16.0
    method: GET
    uri: https://management.azure.com/subscriptions/00000000-0000-0000-0000-000000000000/resourceGroups/clitest.rg000001/providers/Microsoft.DBforMySQL/servers/azuredbclitest000002?api-version=2017-12-01-preview
  response:
    body:
      string: '{"sku":{"name":"GP_Gen5_2","tier":"GeneralPurpose","family":"Gen5","capacity":2},"properties":{"administratorLogin":"cloudsa","storageProfile":{"storageMB":51200,"backupRetentionDays":7,"geoRedundantBackup":"Disabled","storageAutogrow":"Enabled"},"version":"5.7","sslEnforcement":"Enabled","minimalTlsVersion":"TLSEnforcementDisabled","userVisibleState":"Ready","fullyQualifiedDomainName":"azuredbclitest000002.mysql.database.azure.com","earliestRestoreDate":"2020-12-16T09:26:03.727+00:00","replicationRole":"None","masterServerId":"","replicaCapacity":5,"byokEnforcement":"Disabled","privateEndpointConnections":[{"id":"/subscriptions/00000000-0000-0000-0000-000000000000/resourceGroups/clitest.rg000001/providers/Microsoft.DBforMySQL/servers/azuredbclitest000002/privateEndpointConnections/cli-pe-000007-42f7e286-ee23-4187-a624-2d83a451bc17","properties":{"privateEndpoint":{"id":"/subscriptions/00000000-0000-0000-0000-000000000000/resourceGroups/clitest.rg000001/providers/Microsoft.Network/privateEndpoints/cli-pe-000007"},"privateLinkServiceConnectionState":{"status":"Rejected","description":"You
        are rejected!","actionsRequired":"None"},"provisioningState":"Ready"}}],"infrastructureEncryption":"Disabled","publicNetworkAccess":"Enabled"},"location":"westus","id":"/subscriptions/00000000-0000-0000-0000-000000000000/resourceGroups/clitest.rg000001/providers/Microsoft.DBforMySQL/servers/azuredbclitest000002","name":"azuredbclitest000002","type":"Microsoft.DBforMySQL/servers"}'
    headers:
      cache-control:
      - no-cache
      content-length:
      - '1857'
      content-type:
      - application/json; charset=utf-8
      date:
      - Wed, 16 Dec 2020 09:21:28 GMT
      expires:
      - '-1'
      pragma:
      - no-cache
      server:
      - Microsoft-HTTPAPI/2.0
      strict-transport-security:
      - max-age=31536000; includeSubDomains
      transfer-encoding:
      - chunked
      vary:
      - Accept-Encoding
      x-content-type-options:
      - nosniff
    status:
      code: 200
      message: OK
- request:
    body: null
    headers:
      Accept:
      - '*/*'
      Accept-Encoding:
      - gzip, deflate
      CommandName:
      - network private-endpoint-connection delete
      Connection:
      - keep-alive
      Content-Length:
      - '0'
      ParameterSetName:
      - --id -y
      User-Agent:
      - python/3.7.8 (Windows-10-10.0.19041-SP0) AZURECLI/2.16.0
    method: DELETE
    uri: https://management.azure.com/subscriptions/00000000-0000-0000-0000-000000000000/resourceGroups/clitest.rg000001/providers/Microsoft.DBforMySQL/servers/azuredbclitest000002/privateEndpointConnections/cli-pe-000007-42f7e286-ee23-4187-a624-2d83a451bc17?api-version=2018-06-01
  response:
    body:
      string: '{"operation":"DropElasticServerPrivateEndpointConnection","startTime":"2020-12-16T09:21:31.837Z"}'
    headers:
      azure-asyncoperation:
      - https://management.azure.com/subscriptions/00000000-0000-0000-0000-000000000000/resourceGroups/clitest.rg000001/providers/Microsoft.DBforMySQL/locations/westus/privateEndpointConnectionAzureAsyncOperation/af83d847-b539-4250-962b-590c37316a13?api-version=2018-06-01
      cache-control:
      - no-cache
      content-length:
      - '95'
      content-type:
      - application/json; charset=utf-8
      date:
      - Wed, 16 Dec 2020 09:21:32 GMT
      expires:
      - '-1'
      location:
      - https://management.azure.com/subscriptions/00000000-0000-0000-0000-000000000000/resourceGroups/clitest.rg000001/providers/Microsoft.DBforMySQL/locations/westus/privateEndpointConnectionOperationResults/af83d847-b539-4250-962b-590c37316a13?api-version=2018-06-01
      pragma:
      - no-cache
      server:
      - Microsoft-HTTPAPI/2.0
      strict-transport-security:
      - max-age=31536000; includeSubDomains
      x-content-type-options:
      - nosniff
      x-ms-ratelimit-remaining-subscription-deletes:
      - '14995'
    status:
      code: 202
      message: Accepted
version: 1
