interactions:
- request:
    body: '{"location": "centraluseuap"}'
    headers:
      Accept:
      - application/json
      Accept-Encoding:
      - gzip, deflate
      CommandName:
      - disk-access create
      Connection:
      - keep-alive
      Content-Length:
      - '29'
      Content-Type:
      - application/json
      ParameterSetName:
      - -g -l -n
      User-Agent:
      - AZURECLI/2.30.0 azsdk-python-azure-mgmt-compute/23.1.0 Python/3.8.3 (Windows-10-10.0.18362-SP0)
    method: PUT
    uri: https://management.azure.com/subscriptions/00000000-0000-0000-0000-000000000000/resourceGroups/test_disk_access_private_endpoint_000001/providers/Microsoft.Compute/diskAccesses/disk_access_name?api-version=2020-05-01
  response:
    body:
      string: "{\r\n  \"name\": \"disk_access_name\",\r\n  \"type\": \"Microsoft.Compute/diskAccesses\",\r\n
        \ \"location\": \"centraluseuap\"\r\n}"
    headers:
      azure-asyncoperation:
      - https://management.azure.com/subscriptions/00000000-0000-0000-0000-000000000000/providers/Microsoft.Compute/locations/centraluseuap/DiskOperations/ecd2d28b-4da3-4d9b-905d-fc21aa928b4c?p=157f1a74-df5f-47b0-a815-476d8af3dce4&api-version=2020-05-01
      cache-control:
      - no-cache
      content-length:
      - '111'
      content-type:
      - application/json; charset=utf-8
      date:
      - Wed, 03 Nov 2021 09:12:42 GMT
      expires:
      - '-1'
      location:
      - https://management.azure.com/subscriptions/00000000-0000-0000-0000-000000000000/providers/Microsoft.Compute/locations/centraluseuap/DiskOperations/ecd2d28b-4da3-4d9b-905d-fc21aa928b4c?p=157f1a74-df5f-47b0-a815-476d8af3dce4&monitor=true&api-version=2020-05-01
      pragma:
      - no-cache
      server:
      - Microsoft-HTTPAPI/2.0
      - Microsoft-HTTPAPI/2.0
      strict-transport-security:
      - max-age=31536000; includeSubDomains
      x-content-type-options:
      - nosniff
      x-ms-ratelimit-remaining-subscription-writes:
      - '1194'
    status:
      code: 202
      message: Accepted
- request:
    body: null
    headers:
      Accept:
      - '*/*'
      Accept-Encoding:
      - gzip, deflate
      CommandName:
      - disk-access create
      Connection:
      - keep-alive
      ParameterSetName:
      - -g -l -n
      User-Agent:
      - AZURECLI/2.30.0 azsdk-python-azure-mgmt-compute/23.1.0 Python/3.8.3 (Windows-10-10.0.18362-SP0)
    method: GET
    uri: https://management.azure.com/subscriptions/00000000-0000-0000-0000-000000000000/providers/Microsoft.Compute/locations/centraluseuap/DiskOperations/ecd2d28b-4da3-4d9b-905d-fc21aa928b4c?p=157f1a74-df5f-47b0-a815-476d8af3dce4&api-version=2020-05-01
  response:
    body:
      string: "{\r\n  \"startTime\": \"2021-11-03T09:12:43.2434168+00:00\",\r\n  \"endTime\":
        \"2021-11-03T09:12:43.8997225+00:00\",\r\n  \"status\": \"Succeeded\",\r\n
        \ \"properties\": {\r\n    \"output\": {\"name\":\"disk_access_name\",\"id\":\"/subscriptions/00000000-0000-0000-0000-000000000000/resourceGroups/test_disk_access_private_endpoint_000001/providers/Microsoft.Compute/diskAccesses/disk_access_name\",\"type\":\"Microsoft.Compute/diskAccesses\",\"location\":\"centraluseuap\",\"properties\":{\"provisioningState\":\"Succeeded\",\"timeCreated\":\"2021-11-03T09:12:43.2434168+00:00\"}}\r\n
        \ },\r\n  \"name\": \"ecd2d28b-4da3-4d9b-905d-fc21aa928b4c\"\r\n}"
    headers:
      cache-control:
      - no-cache
      content-length:
      - '624'
      content-type:
      - application/json; charset=utf-8
      date:
      - Wed, 03 Nov 2021 09:13:12 GMT
      expires:
      - '-1'
      pragma:
      - no-cache
      server:
      - Microsoft-HTTPAPI/2.0
      - Microsoft-HTTPAPI/2.0
      strict-transport-security:
      - max-age=31536000; includeSubDomains
      transfer-encoding:
      - chunked
      vary:
      - Accept-Encoding
      x-content-type-options:
      - nosniff
      x-ms-ratelimit-remaining-resource:
      - Microsoft.Compute/GetOperation3Min;49998,Microsoft.Compute/GetOperation30Min;399998
    status:
      code: 200
      message: OK
- request:
    body: null
    headers:
      Accept:
      - '*/*'
      Accept-Encoding:
      - gzip, deflate
      CommandName:
      - disk-access create
      Connection:
      - keep-alive
      ParameterSetName:
      - -g -l -n
      User-Agent:
      - AZURECLI/2.30.0 azsdk-python-azure-mgmt-compute/23.1.0 Python/3.8.3 (Windows-10-10.0.18362-SP0)
    method: GET
    uri: https://management.azure.com/subscriptions/00000000-0000-0000-0000-000000000000/resourceGroups/test_disk_access_private_endpoint_000001/providers/Microsoft.Compute/diskAccesses/disk_access_name?api-version=2020-05-01
  response:
    body:
      string: "{\r\n  \"name\": \"disk_access_name\",\r\n  \"id\": \"/subscriptions/00000000-0000-0000-0000-000000000000/resourceGroups/test_disk_access_private_endpoint_000001/providers/Microsoft.Compute/diskAccesses/disk_access_name\",\r\n
        \ \"type\": \"Microsoft.Compute/diskAccesses\",\r\n  \"location\": \"centraluseuap\",\r\n
        \ \"properties\": {\r\n    \"provisioningState\": \"Succeeded\",\r\n    \"timeCreated\":
        \"2021-11-03T09:12:43.2434168+00:00\"\r\n  }\r\n}"
    headers:
      cache-control:
      - no-cache
      content-length:
      - '444'
      content-type:
      - application/json; charset=utf-8
      date:
      - Wed, 03 Nov 2021 09:13:13 GMT
      expires:
      - '-1'
      pragma:
      - no-cache
      server:
      - Microsoft-HTTPAPI/2.0
      - Microsoft-HTTPAPI/2.0
      strict-transport-security:
      - max-age=31536000; includeSubDomains
      transfer-encoding:
      - chunked
      vary:
      - Accept-Encoding
      x-content-type-options:
      - nosniff
    status:
      code: 200
      message: OK
- request:
    body: null
    headers:
      Accept:
      - '*/*'
      Accept-Encoding:
      - gzip, deflate
      CommandName:
      - network private-link-resource list
      Connection:
      - keep-alive
      ParameterSetName:
      - -g -n --type
      User-Agent:
      - python/3.8.3 (Windows-10-10.0.18362-SP0) AZURECLI/2.30.0
    method: GET
    uri: https://management.azure.com/subscriptions/00000000-0000-0000-0000-000000000000/resourceGroups/test_disk_access_private_endpoint_000001/providers/Microsoft.Compute/diskAccesses/disk_access_name/privateLinkResources?api-version=2020-09-30
  response:
    body:
      string: "{\r\n  \"value\": [\r\n    {\r\n      \"name\": \"disks\",\r\n      \"id\":
        \"/subscriptions/00000000-0000-0000-0000-000000000000/resourceGroups/test_disk_access_private_endpoint_000001/providers/Microsoft.Compute/diskAccesses/disk_access_name/privateLinkResources/disks\",\r\n
        \     \"type\": \"Microsoft.Compute/diskAccesses/privateLinkResources\",\r\n
        \     \"properties\": {\r\n        \"groupId\": \"disks\",\r\n        \"requiredMembers\":
        [\r\n          \"diskAccess_1\"\r\n        ],\r\n        \"requiredZoneNames\":
        [\r\n          \"privatelink.blob.core.windows.net\"\r\n        ]\r\n      }\r\n
        \   }\r\n  ]\r\n}"
    headers:
      cache-control:
      - no-cache
      content-length:
      - '594'
      content-type:
      - application/json; charset=utf-8
      date:
      - Wed, 03 Nov 2021 09:13:17 GMT
      expires:
      - '-1'
      pragma:
      - no-cache
      server:
      - Microsoft-HTTPAPI/2.0
      - Microsoft-HTTPAPI/2.0
      strict-transport-security:
      - max-age=31536000; includeSubDomains
      transfer-encoding:
      - chunked
      vary:
      - Accept-Encoding
      x-content-type-options:
      - nosniff
    status:
      code: 200
      message: OK
- request:
    body: null
    headers:
      Accept:
      - application/json
      Accept-Encoding:
      - gzip, deflate
      CommandName:
      - network vnet create
      Connection:
      - keep-alive
      ParameterSetName:
      - -g -n --subnet-name
      User-Agent:
      - AZURECLI/2.30.0 azsdk-python-azure-mgmt-resource/19.0.0 Python/3.8.3 (Windows-10-10.0.18362-SP0)
    method: GET
    uri: https://management.azure.com/subscriptions/00000000-0000-0000-0000-000000000000/resourcegroups/test_disk_access_private_endpoint_000001?api-version=2021-04-01
  response:
    body:
      string: '{"id":"/subscriptions/00000000-0000-0000-0000-000000000000/resourceGroups/test_disk_access_private_endpoint_000001","name":"test_disk_access_private_endpoint_000001","type":"Microsoft.Resources/resourceGroups","location":"westus","tags":{"product":"azurecli","cause":"automation","date":"2021-11-03T09:12:33Z"},"properties":{"provisioningState":"Succeeded"}}'
    headers:
      cache-control:
      - no-cache
      content-length:
      - '428'
      content-type:
      - application/json; charset=utf-8
      date:
      - Wed, 03 Nov 2021 09:13:18 GMT
      expires:
      - '-1'
      pragma:
      - no-cache
      strict-transport-security:
      - max-age=31536000; includeSubDomains
      vary:
      - Accept-Encoding
      x-content-type-options:
      - nosniff
    status:
      code: 200
      message: OK
- request:
    body: '{"location": "westus", "tags": {}, "properties": {"addressSpace": {"addressPrefixes":
      ["10.0.0.0/16"]}, "dhcpOptions": {}, "subnets": [{"name": "private_endpoint_subnet",
      "properties": {"addressPrefix": "10.0.0.0/24", "privateEndpointNetworkPolicies":
      "Enabled", "privateLinkServiceNetworkPolicies": "Enabled"}}]}}'
    headers:
      Accept:
      - application/json
      Accept-Encoding:
      - gzip, deflate
      CommandName:
      - network vnet create
      Connection:
      - keep-alive
      Content-Length:
      - '314'
      Content-Type:
      - application/json
      ParameterSetName:
      - -g -n --subnet-name
      User-Agent:
      - AZURECLI/2.30.0 azsdk-python-azure-mgmt-network/19.2.0 Python/3.8.3 (Windows-10-10.0.18362-SP0)
    method: PUT
    uri: https://management.azure.com/subscriptions/00000000-0000-0000-0000-000000000000/resourceGroups/test_disk_access_private_endpoint_000001/providers/Microsoft.Network/virtualNetworks/private_endpoint_vnet?api-version=2021-05-01
  response:
    body:
      string: "{\r\n  \"name\": \"private_endpoint_vnet\",\r\n  \"id\": \"/subscriptions/00000000-0000-0000-0000-000000000000/resourceGroups/test_disk_access_private_endpoint_000001/providers/Microsoft.Network/virtualNetworks/private_endpoint_vnet\",\r\n
        \ \"etag\": \"W/\\\"445fe5ba-4ec8-4766-95cc-f301b63c1326\\\"\",\r\n  \"type\":
        \"Microsoft.Network/virtualNetworks\",\r\n  \"location\": \"westus\",\r\n
        \ \"tags\": {},\r\n  \"properties\": {\r\n    \"provisioningState\": \"Updating\",\r\n
        \   \"resourceGuid\": \"66be31ca-b897-4d4b-a65e-cbf00f7d8766\",\r\n    \"addressSpace\":
        {\r\n      \"addressPrefixes\": [\r\n        \"10.0.0.0/16\"\r\n      ]\r\n
        \   },\r\n    \"dhcpOptions\": {\r\n      \"dnsServers\": []\r\n    },\r\n
        \   \"subnets\": [\r\n      {\r\n        \"name\": \"private_endpoint_subnet\",\r\n
        \       \"id\": \"/subscriptions/00000000-0000-0000-0000-000000000000/resourceGroups/test_disk_access_private_endpoint_000001/providers/Microsoft.Network/virtualNetworks/private_endpoint_vnet/subnets/private_endpoint_subnet\",\r\n
        \       \"etag\": \"W/\\\"445fe5ba-4ec8-4766-95cc-f301b63c1326\\\"\",\r\n
        \       \"properties\": {\r\n          \"provisioningState\": \"Updating\",\r\n
        \         \"addressPrefix\": \"10.0.0.0/24\",\r\n          \"delegations\":
        [],\r\n          \"privateEndpointNetworkPolicies\": \"Enabled\",\r\n          \"privateLinkServiceNetworkPolicies\":
        \"Enabled\"\r\n        },\r\n        \"type\": \"Microsoft.Network/virtualNetworks/subnets\"\r\n
        \     }\r\n    ],\r\n    \"virtualNetworkPeerings\": [],\r\n    \"enableDdosProtection\":
        false\r\n  }\r\n}"
    headers:
      azure-asyncnotification:
      - Enabled
      azure-asyncoperation:
      - https://management.azure.com/subscriptions/00000000-0000-0000-0000-000000000000/providers/Microsoft.Network/locations/westus/operations/d70e8068-90a5-4610-800d-d085e4e941af?api-version=2021-05-01
      cache-control:
      - no-cache
      content-length:
      - '1483'
      content-type:
      - application/json; charset=utf-8
      date:
      - Wed, 03 Nov 2021 09:13:23 GMT
      expires:
      - '-1'
      pragma:
      - no-cache
      server:
      - Microsoft-HTTPAPI/2.0
      - Microsoft-HTTPAPI/2.0
      strict-transport-security:
      - max-age=31536000; includeSubDomains
      x-content-type-options:
      - nosniff
      x-ms-arm-service-request-id:
      - f82161d5-4c44-47d7-89d1-7e920f83c1b0
      x-ms-ratelimit-remaining-subscription-writes:
      - '1190'
    status:
      code: 201
      message: Created
- request:
    body: null
    headers:
      Accept:
      - '*/*'
      Accept-Encoding:
      - gzip, deflate
      CommandName:
      - network vnet create
      Connection:
      - keep-alive
      ParameterSetName:
      - -g -n --subnet-name
      User-Agent:
      - AZURECLI/2.30.0 azsdk-python-azure-mgmt-network/19.2.0 Python/3.8.3 (Windows-10-10.0.18362-SP0)
    method: GET
    uri: https://management.azure.com/subscriptions/00000000-0000-0000-0000-000000000000/providers/Microsoft.Network/locations/westus/operations/d70e8068-90a5-4610-800d-d085e4e941af?api-version=2021-05-01
  response:
    body:
      string: "{\r\n  \"status\": \"Succeeded\"\r\n}"
    headers:
      cache-control:
      - no-cache
      content-length:
      - '29'
      content-type:
      - application/json; charset=utf-8
      date:
      - Wed, 03 Nov 2021 09:13:27 GMT
      expires:
      - '-1'
      pragma:
      - no-cache
      server:
      - Microsoft-HTTPAPI/2.0
      - Microsoft-HTTPAPI/2.0
      strict-transport-security:
      - max-age=31536000; includeSubDomains
      transfer-encoding:
      - chunked
      vary:
      - Accept-Encoding
      x-content-type-options:
      - nosniff
      x-ms-arm-service-request-id:
      - b8c75857-5647-44c9-9ac8-edc568866f27
    status:
      code: 200
      message: OK
- request:
    body: null
    headers:
      Accept:
      - '*/*'
      Accept-Encoding:
      - gzip, deflate
      CommandName:
      - network vnet create
      Connection:
      - keep-alive
      ParameterSetName:
      - -g -n --subnet-name
      User-Agent:
      - AZURECLI/2.30.0 azsdk-python-azure-mgmt-network/19.2.0 Python/3.8.3 (Windows-10-10.0.18362-SP0)
    method: GET
    uri: https://management.azure.com/subscriptions/00000000-0000-0000-0000-000000000000/resourceGroups/test_disk_access_private_endpoint_000001/providers/Microsoft.Network/virtualNetworks/private_endpoint_vnet?api-version=2021-05-01
  response:
    body:
      string: "{\r\n  \"name\": \"private_endpoint_vnet\",\r\n  \"id\": \"/subscriptions/00000000-0000-0000-0000-000000000000/resourceGroups/test_disk_access_private_endpoint_000001/providers/Microsoft.Network/virtualNetworks/private_endpoint_vnet\",\r\n
        \ \"etag\": \"W/\\\"65d417c1-6a68-44ff-9e29-a84da1d74247\\\"\",\r\n  \"type\":
        \"Microsoft.Network/virtualNetworks\",\r\n  \"location\": \"westus\",\r\n
        \ \"tags\": {},\r\n  \"properties\": {\r\n    \"provisioningState\": \"Succeeded\",\r\n
        \   \"resourceGuid\": \"66be31ca-b897-4d4b-a65e-cbf00f7d8766\",\r\n    \"addressSpace\":
        {\r\n      \"addressPrefixes\": [\r\n        \"10.0.0.0/16\"\r\n      ]\r\n
        \   },\r\n    \"dhcpOptions\": {\r\n      \"dnsServers\": []\r\n    },\r\n
        \   \"subnets\": [\r\n      {\r\n        \"name\": \"private_endpoint_subnet\",\r\n
        \       \"id\": \"/subscriptions/00000000-0000-0000-0000-000000000000/resourceGroups/test_disk_access_private_endpoint_000001/providers/Microsoft.Network/virtualNetworks/private_endpoint_vnet/subnets/private_endpoint_subnet\",\r\n
        \       \"etag\": \"W/\\\"65d417c1-6a68-44ff-9e29-a84da1d74247\\\"\",\r\n
        \       \"properties\": {\r\n          \"provisioningState\": \"Succeeded\",\r\n
        \         \"addressPrefix\": \"10.0.0.0/24\",\r\n          \"delegations\":
        [],\r\n          \"privateEndpointNetworkPolicies\": \"Enabled\",\r\n          \"privateLinkServiceNetworkPolicies\":
        \"Enabled\"\r\n        },\r\n        \"type\": \"Microsoft.Network/virtualNetworks/subnets\"\r\n
        \     }\r\n    ],\r\n    \"virtualNetworkPeerings\": [],\r\n    \"enableDdosProtection\":
        false\r\n  }\r\n}"
    headers:
      cache-control:
      - no-cache
      content-length:
      - '1485'
      content-type:
      - application/json; charset=utf-8
      date:
      - Wed, 03 Nov 2021 09:13:27 GMT
      etag:
      - W/"65d417c1-6a68-44ff-9e29-a84da1d74247"
      expires:
      - '-1'
      pragma:
      - no-cache
      server:
      - Microsoft-HTTPAPI/2.0
      - Microsoft-HTTPAPI/2.0
      strict-transport-security:
      - max-age=31536000; includeSubDomains
      transfer-encoding:
      - chunked
      vary:
      - Accept-Encoding
      x-content-type-options:
      - nosniff
      x-ms-arm-service-request-id:
      - 5eabbec1-65a1-4233-b064-170459342df8
    status:
      code: 200
      message: OK
- request:
    body: null
    headers:
      Accept:
      - application/json
      Accept-Encoding:
      - gzip, deflate
      CommandName:
      - network vnet subnet update
      Connection:
      - keep-alive
      ParameterSetName:
      - -g -n --vnet-name --disable-private-endpoint-network-policies
      User-Agent:
      - AZURECLI/2.30.0 azsdk-python-azure-mgmt-network/19.2.0 Python/3.8.3 (Windows-10-10.0.18362-SP0)
    method: GET
    uri: https://management.azure.com/subscriptions/00000000-0000-0000-0000-000000000000/resourceGroups/test_disk_access_private_endpoint_000001/providers/Microsoft.Network/virtualNetworks/private_endpoint_vnet/subnets/private_endpoint_subnet?api-version=2021-05-01
  response:
    body:
      string: "{\r\n  \"name\": \"private_endpoint_subnet\",\r\n  \"id\": \"/subscriptions/00000000-0000-0000-0000-000000000000/resourceGroups/test_disk_access_private_endpoint_000001/providers/Microsoft.Network/virtualNetworks/private_endpoint_vnet/subnets/private_endpoint_subnet\",\r\n
        \ \"etag\": \"W/\\\"65d417c1-6a68-44ff-9e29-a84da1d74247\\\"\",\r\n  \"properties\":
        {\r\n    \"provisioningState\": \"Succeeded\",\r\n    \"addressPrefix\": \"10.0.0.0/24\",\r\n
        \   \"delegations\": [],\r\n    \"privateEndpointNetworkPolicies\": \"Enabled\",\r\n
        \   \"privateLinkServiceNetworkPolicies\": \"Enabled\"\r\n  },\r\n  \"type\":
        \"Microsoft.Network/virtualNetworks/subnets\"\r\n}"
    headers:
      cache-control:
      - no-cache
      content-length:
      - '634'
      content-type:
      - application/json; charset=utf-8
      date:
      - Wed, 03 Nov 2021 09:13:29 GMT
      etag:
      - W/"65d417c1-6a68-44ff-9e29-a84da1d74247"
      expires:
      - '-1'
      pragma:
      - no-cache
      server:
      - Microsoft-HTTPAPI/2.0
      - Microsoft-HTTPAPI/2.0
      strict-transport-security:
      - max-age=31536000; includeSubDomains
      transfer-encoding:
      - chunked
      vary:
      - Accept-Encoding
      x-content-type-options:
      - nosniff
      x-ms-arm-service-request-id:
      - c00d26e4-8829-4cb4-8282-e3b0de6e9f54
    status:
      code: 200
      message: OK
- request:
    body: '{"id": "/subscriptions/00000000-0000-0000-0000-000000000000/resourceGroups/test_disk_access_private_endpoint_000001/providers/Microsoft.Network/virtualNetworks/private_endpoint_vnet/subnets/private_endpoint_subnet",
      "name": "private_endpoint_subnet", "type": "Microsoft.Network/virtualNetworks/subnets",
      "properties": {"addressPrefix": "10.0.0.0/24", "delegations": [], "privateEndpointNetworkPolicies":
      "Disabled", "privateLinkServiceNetworkPolicies": "Enabled"}}'
    headers:
      Accept:
      - application/json
      Accept-Encoding:
      - gzip, deflate
      CommandName:
      - network vnet subnet update
      Connection:
      - keep-alive
      Content-Length:
      - '499'
      Content-Type:
      - application/json
      ParameterSetName:
      - -g -n --vnet-name --disable-private-endpoint-network-policies
      User-Agent:
      - AZURECLI/2.30.0 azsdk-python-azure-mgmt-network/19.2.0 Python/3.8.3 (Windows-10-10.0.18362-SP0)
    method: PUT
    uri: https://management.azure.com/subscriptions/00000000-0000-0000-0000-000000000000/resourceGroups/test_disk_access_private_endpoint_000001/providers/Microsoft.Network/virtualNetworks/private_endpoint_vnet/subnets/private_endpoint_subnet?api-version=2021-05-01
  response:
    body:
      string: "{\r\n  \"name\": \"private_endpoint_subnet\",\r\n  \"id\": \"/subscriptions/00000000-0000-0000-0000-000000000000/resourceGroups/test_disk_access_private_endpoint_000001/providers/Microsoft.Network/virtualNetworks/private_endpoint_vnet/subnets/private_endpoint_subnet\",\r\n
        \ \"etag\": \"W/\\\"dc6770de-a730-4fa1-bd82-71a01a19d63d\\\"\",\r\n  \"properties\":
        {\r\n    \"provisioningState\": \"Updating\",\r\n    \"addressPrefix\": \"10.0.0.0/24\",\r\n
        \   \"delegations\": [],\r\n    \"privateEndpointNetworkPolicies\": \"Disabled\",\r\n
        \   \"privateLinkServiceNetworkPolicies\": \"Enabled\"\r\n  },\r\n  \"type\":
        \"Microsoft.Network/virtualNetworks/subnets\"\r\n}"
    headers:
      azure-asyncoperation:
      - https://management.azure.com/subscriptions/00000000-0000-0000-0000-000000000000/providers/Microsoft.Network/locations/westus/operations/c46a4923-81c0-44e6-971b-21f13c894d55?api-version=2021-05-01
      cache-control:
      - no-cache
      content-length:
      - '634'
      content-type:
      - application/json; charset=utf-8
      date:
      - Wed, 03 Nov 2021 09:13:34 GMT
      expires:
      - '-1'
      pragma:
      - no-cache
      server:
      - Microsoft-HTTPAPI/2.0
      - Microsoft-HTTPAPI/2.0
      strict-transport-security:
      - max-age=31536000; includeSubDomains
      transfer-encoding:
      - chunked
      vary:
      - Accept-Encoding
      x-content-type-options:
      - nosniff
      x-ms-arm-service-request-id:
      - 578e5f82-91b2-468a-945a-b9bc4d9539a6
      x-ms-ratelimit-remaining-subscription-writes:
      - '1190'
    status:
      code: 200
      message: OK
- request:
    body: null
    headers:
      Accept:
      - '*/*'
      Accept-Encoding:
      - gzip, deflate
      CommandName:
      - network vnet subnet update
      Connection:
      - keep-alive
      ParameterSetName:
      - -g -n --vnet-name --disable-private-endpoint-network-policies
      User-Agent:
      - AZURECLI/2.30.0 azsdk-python-azure-mgmt-network/19.2.0 Python/3.8.3 (Windows-10-10.0.18362-SP0)
    method: GET
    uri: https://management.azure.com/subscriptions/00000000-0000-0000-0000-000000000000/providers/Microsoft.Network/locations/westus/operations/c46a4923-81c0-44e6-971b-21f13c894d55?api-version=2021-05-01
  response:
    body:
      string: "{\r\n  \"status\": \"Succeeded\"\r\n}"
    headers:
      cache-control:
      - no-cache
      content-length:
      - '29'
      content-type:
      - application/json; charset=utf-8
      date:
      - Wed, 03 Nov 2021 09:13:37 GMT
      expires:
      - '-1'
      pragma:
      - no-cache
      server:
      - Microsoft-HTTPAPI/2.0
      - Microsoft-HTTPAPI/2.0
      strict-transport-security:
      - max-age=31536000; includeSubDomains
      transfer-encoding:
      - chunked
      vary:
      - Accept-Encoding
      x-content-type-options:
      - nosniff
      x-ms-arm-service-request-id:
      - 7ef96ee2-5d97-47f3-9ab7-b80c79d47fcc
    status:
      code: 200
      message: OK
- request:
    body: null
    headers:
      Accept:
      - '*/*'
      Accept-Encoding:
      - gzip, deflate
      CommandName:
      - network vnet subnet update
      Connection:
      - keep-alive
      ParameterSetName:
      - -g -n --vnet-name --disable-private-endpoint-network-policies
      User-Agent:
      - AZURECLI/2.30.0 azsdk-python-azure-mgmt-network/19.2.0 Python/3.8.3 (Windows-10-10.0.18362-SP0)
    method: GET
    uri: https://management.azure.com/subscriptions/00000000-0000-0000-0000-000000000000/resourceGroups/test_disk_access_private_endpoint_000001/providers/Microsoft.Network/virtualNetworks/private_endpoint_vnet/subnets/private_endpoint_subnet?api-version=2021-05-01
  response:
    body:
      string: "{\r\n  \"name\": \"private_endpoint_subnet\",\r\n  \"id\": \"/subscriptions/00000000-0000-0000-0000-000000000000/resourceGroups/test_disk_access_private_endpoint_000001/providers/Microsoft.Network/virtualNetworks/private_endpoint_vnet/subnets/private_endpoint_subnet\",\r\n
        \ \"etag\": \"W/\\\"a5004116-735e-463e-ae8a-9b9f2c3a358a\\\"\",\r\n  \"properties\":
        {\r\n    \"provisioningState\": \"Succeeded\",\r\n    \"addressPrefix\": \"10.0.0.0/24\",\r\n
        \   \"delegations\": [],\r\n    \"privateEndpointNetworkPolicies\": \"Disabled\",\r\n
        \   \"privateLinkServiceNetworkPolicies\": \"Enabled\"\r\n  },\r\n  \"type\":
        \"Microsoft.Network/virtualNetworks/subnets\"\r\n}"
    headers:
      cache-control:
      - no-cache
      content-length:
      - '635'
      content-type:
      - application/json; charset=utf-8
      date:
      - Wed, 03 Nov 2021 09:13:37 GMT
      etag:
      - W/"a5004116-735e-463e-ae8a-9b9f2c3a358a"
      expires:
      - '-1'
      pragma:
      - no-cache
      server:
      - Microsoft-HTTPAPI/2.0
      - Microsoft-HTTPAPI/2.0
      strict-transport-security:
      - max-age=31536000; includeSubDomains
      transfer-encoding:
      - chunked
      vary:
      - Accept-Encoding
      x-content-type-options:
      - nosniff
      x-ms-arm-service-request-id:
      - 3e2fddd6-c436-49fe-8856-9024e9e67988
    status:
      code: 200
      message: OK
- request:
    body: null
    headers:
      Accept:
      - application/json
      Accept-Encoding:
      - gzip, deflate
      CommandName:
      - network private-endpoint create
      Connection:
      - keep-alive
      ParameterSetName:
      - -g -n --vnet-name --subnet --private-connection-resource-id --group-ids --connection-name
      User-Agent:
      - AZURECLI/2.30.0 azsdk-python-azure-mgmt-resource/19.0.0 Python/3.8.3 (Windows-10-10.0.18362-SP0)
    method: GET
    uri: https://management.azure.com/subscriptions/00000000-0000-0000-0000-000000000000/resourcegroups/test_disk_access_private_endpoint_000001?api-version=2021-04-01
  response:
    body:
      string: '{"id":"/subscriptions/00000000-0000-0000-0000-000000000000/resourceGroups/test_disk_access_private_endpoint_000001","name":"test_disk_access_private_endpoint_000001","type":"Microsoft.Resources/resourceGroups","location":"westus","tags":{"product":"azurecli","cause":"automation","date":"2021-11-03T09:12:33Z"},"properties":{"provisioningState":"Succeeded"}}'
    headers:
      cache-control:
      - no-cache
      content-length:
      - '428'
      content-type:
      - application/json; charset=utf-8
      date:
      - Wed, 03 Nov 2021 09:13:39 GMT
      expires:
      - '-1'
      pragma:
      - no-cache
      strict-transport-security:
      - max-age=31536000; includeSubDomains
      vary:
      - Accept-Encoding
      x-content-type-options:
      - nosniff
    status:
      code: 200
      message: OK
- request:
    body: '{"location": "westus", "properties": {"subnet": {"id": "/subscriptions/00000000-0000-0000-0000-000000000000/resourceGroups/test_disk_access_private_endpoint_000001/providers/Microsoft.Network/virtualNetworks/private_endpoint_vnet/subnets/private_endpoint_subnet",
      "properties": {"privateEndpointNetworkPolicies": "Enabled", "privateLinkServiceNetworkPolicies":
      "Enabled"}}, "privateLinkServiceConnections": [{"name": "private_connection_name",
      "properties": {"privateLinkServiceId": "/subscriptions/00000000-0000-0000-0000-000000000000/resourceGroups/test_disk_access_private_endpoint_000001/providers/Microsoft.Compute/diskAccesses/disk_access_name",
      "groupIds": ["disks"]}}]}}'
    headers:
      Accept:
      - application/json
      Accept-Encoding:
      - gzip, deflate
      CommandName:
      - network private-endpoint create
      Connection:
      - keep-alive
      Content-Length:
      - '748'
      Content-Type:
      - application/json
      ParameterSetName:
      - -g -n --vnet-name --subnet --private-connection-resource-id --group-ids --connection-name
      User-Agent:
      - AZURECLI/2.30.0 azsdk-python-azure-mgmt-network/19.2.0 Python/3.8.3 (Windows-10-10.0.18362-SP0)
    method: PUT
    uri: https://management.azure.com/subscriptions/00000000-0000-0000-0000-000000000000/resourceGroups/test_disk_access_private_endpoint_000001/providers/Microsoft.Network/privateEndpoints/private_endpoint_name?api-version=2021-05-01
  response:
    body:
      string: "{\r\n  \"name\": \"private_endpoint_name\",\r\n  \"id\": \"/subscriptions/00000000-0000-0000-0000-000000000000/resourceGroups/test_disk_access_private_endpoint_000001/providers/Microsoft.Network/privateEndpoints/private_endpoint_name\",\r\n
        \ \"etag\": \"W/\\\"99662022-665e-4528-b3c3-3aa33dadab33\\\"\",\r\n  \"type\":
        \"Microsoft.Network/privateEndpoints\",\r\n  \"location\": \"westus\",\r\n
        \ \"properties\": {\r\n    \"provisioningState\": \"Updating\",\r\n    \"resourceGuid\":
        \"64688ca4-02fa-4c5f-a714-3bd476578b8a\",\r\n    \"privateLinkServiceConnections\":
        [\r\n      {\r\n        \"name\": \"private_connection_name\",\r\n        \"id\":
        \"/subscriptions/00000000-0000-0000-0000-000000000000/resourceGroups/test_disk_access_private_endpoint_000001/providers/Microsoft.Network/privateEndpoints/private_endpoint_name/privateLinkServiceConnections/private_connection_name\",\r\n
        \       \"etag\": \"W/\\\"99662022-665e-4528-b3c3-3aa33dadab33\\\"\",\r\n
        \       \"properties\": {\r\n          \"provisioningState\": \"Succeeded\",\r\n
        \         \"privateLinkServiceId\": \"/subscriptions/00000000-0000-0000-0000-000000000000/resourceGroups/test_disk_access_private_endpoint_000001/providers/Microsoft.Compute/diskAccesses/disk_access_name\",\r\n
        \         \"groupIds\": [\r\n            \"disks\"\r\n          ],\r\n          \"privateLinkServiceConnectionState\":
        {\r\n            \"status\": \"Approved\",\r\n            \"description\":
        \"Auto Approved\",\r\n            \"actionsRequired\": \"None\"\r\n          }\r\n
        \       },\r\n        \"type\": \"Microsoft.Network/privateEndpoints/privateLinkServiceConnections\"\r\n
        \     }\r\n    ],\r\n    \"manualPrivateLinkServiceConnections\": [],\r\n
        \   \"customNetworkInterfaceName\": \"\",\r\n    \"subnet\": {\r\n      \"id\":
        \"/subscriptions/00000000-0000-0000-0000-000000000000/resourceGroups/test_disk_access_private_endpoint_000001/providers/Microsoft.Network/virtualNetworks/private_endpoint_vnet/subnets/private_endpoint_subnet\"\r\n
        \   },\r\n    \"ipConfigurations\": [],\r\n    \"networkInterfaces\": [\r\n
        \     {\r\n        \"id\": \"/subscriptions/00000000-0000-0000-0000-000000000000/resourceGroups/test_disk_access_private_endpoint_000001/providers/Microsoft.Network/networkInterfaces/private_endpoint_name.nic.64db0493-5ad2-46c0-8537-0551ea22ea23\"\r\n
        \     }\r\n    ],\r\n    \"customDnsConfigs\": []\r\n  }\r\n}"
    headers:
      azure-asyncnotification:
      - Enabled
      azure-asyncoperation:
      - https://management.azure.com/subscriptions/00000000-0000-0000-0000-000000000000/providers/Microsoft.Network/locations/westus/operations/54d4cb4a-01de-4f99-a197-d8d905835f39?api-version=2021-05-01
      cache-control:
      - no-cache
      content-length:
      - '2366'
      content-type:
      - application/json; charset=utf-8
      date:
      - Wed, 03 Nov 2021 09:13:45 GMT
      expires:
      - '-1'
      pragma:
      - no-cache
      server:
      - Microsoft-HTTPAPI/2.0
      - Microsoft-HTTPAPI/2.0
      strict-transport-security:
      - max-age=31536000; includeSubDomains
      x-content-type-options:
      - nosniff
      x-ms-arm-service-request-id:
      - f17d15fe-aea6-4822-97a5-4b0ea8a99ab2
      x-ms-ratelimit-remaining-subscription-writes:
      - '1189'
    status:
      code: 201
      message: Created
- request:
    body: null
    headers:
      Accept:
      - '*/*'
      Accept-Encoding:
      - gzip, deflate
      CommandName:
      - network private-endpoint create
      Connection:
      - keep-alive
      ParameterSetName:
      - -g -n --vnet-name --subnet --private-connection-resource-id --group-ids --connection-name
      User-Agent:
      - AZURECLI/2.30.0 azsdk-python-azure-mgmt-network/19.2.0 Python/3.8.3 (Windows-10-10.0.18362-SP0)
    method: GET
    uri: https://management.azure.com/subscriptions/00000000-0000-0000-0000-000000000000/providers/Microsoft.Network/locations/westus/operations/54d4cb4a-01de-4f99-a197-d8d905835f39?api-version=2021-05-01
  response:
    body:
      string: "{\r\n  \"status\": \"InProgress\"\r\n}"
    headers:
      cache-control:
      - no-cache
      content-length:
      - '30'
      content-type:
      - application/json; charset=utf-8
      date:
      - Wed, 03 Nov 2021 09:13:55 GMT
      expires:
      - '-1'
      pragma:
      - no-cache
      server:
      - Microsoft-HTTPAPI/2.0
      - Microsoft-HTTPAPI/2.0
      strict-transport-security:
      - max-age=31536000; includeSubDomains
      transfer-encoding:
      - chunked
      vary:
      - Accept-Encoding
      x-content-type-options:
      - nosniff
      x-ms-arm-service-request-id:
      - 5d9e3655-6cc9-480f-b73b-907efe0965c0
    status:
      code: 200
      message: OK
- request:
    body: null
    headers:
      Accept:
      - '*/*'
      Accept-Encoding:
      - gzip, deflate
      CommandName:
      - network private-endpoint create
      Connection:
      - keep-alive
      ParameterSetName:
      - -g -n --vnet-name --subnet --private-connection-resource-id --group-ids --connection-name
      User-Agent:
      - AZURECLI/2.30.0 azsdk-python-azure-mgmt-network/19.2.0 Python/3.8.3 (Windows-10-10.0.18362-SP0)
    method: GET
    uri: https://management.azure.com/subscriptions/00000000-0000-0000-0000-000000000000/providers/Microsoft.Network/locations/westus/operations/54d4cb4a-01de-4f99-a197-d8d905835f39?api-version=2021-05-01
  response:
    body:
      string: "{\r\n  \"status\": \"InProgress\"\r\n}"
    headers:
      cache-control:
      - no-cache
      content-length:
      - '30'
      content-type:
      - application/json; charset=utf-8
      date:
      - Wed, 03 Nov 2021 09:14:06 GMT
      expires:
      - '-1'
      pragma:
      - no-cache
      server:
      - Microsoft-HTTPAPI/2.0
      - Microsoft-HTTPAPI/2.0
      strict-transport-security:
      - max-age=31536000; includeSubDomains
      transfer-encoding:
      - chunked
      vary:
      - Accept-Encoding
      x-content-type-options:
      - nosniff
      x-ms-arm-service-request-id:
      - 73c8e115-9639-48ac-8ed4-291e3b83199b
    status:
      code: 200
      message: OK
- request:
    body: null
    headers:
      Accept:
      - '*/*'
      Accept-Encoding:
      - gzip, deflate
      CommandName:
      - network private-endpoint create
      Connection:
      - keep-alive
      ParameterSetName:
      - -g -n --vnet-name --subnet --private-connection-resource-id --group-ids --connection-name
      User-Agent:
      - AZURECLI/2.30.0 azsdk-python-azure-mgmt-network/19.2.0 Python/3.8.3 (Windows-10-10.0.18362-SP0)
    method: GET
    uri: https://management.azure.com/subscriptions/00000000-0000-0000-0000-000000000000/providers/Microsoft.Network/locations/westus/operations/54d4cb4a-01de-4f99-a197-d8d905835f39?api-version=2021-05-01
  response:
    body:
      string: "{\r\n  \"status\": \"Succeeded\"\r\n}"
    headers:
      cache-control:
      - no-cache
      content-length:
      - '29'
      content-type:
      - application/json; charset=utf-8
      date:
      - Wed, 03 Nov 2021 09:14:27 GMT
      expires:
      - '-1'
      pragma:
      - no-cache
      server:
      - Microsoft-HTTPAPI/2.0
      - Microsoft-HTTPAPI/2.0
      strict-transport-security:
      - max-age=31536000; includeSubDomains
      transfer-encoding:
      - chunked
      vary:
      - Accept-Encoding
      x-content-type-options:
      - nosniff
      x-ms-arm-service-request-id:
      - 160a7736-9f2f-4fec-a1b9-73d215082150
    status:
      code: 200
      message: OK
- request:
    body: null
    headers:
      Accept:
      - '*/*'
      Accept-Encoding:
      - gzip, deflate
      CommandName:
      - network private-endpoint create
      Connection:
      - keep-alive
      ParameterSetName:
      - -g -n --vnet-name --subnet --private-connection-resource-id --group-ids --connection-name
      User-Agent:
      - AZURECLI/2.30.0 azsdk-python-azure-mgmt-network/19.2.0 Python/3.8.3 (Windows-10-10.0.18362-SP0)
    method: GET
    uri: https://management.azure.com/subscriptions/00000000-0000-0000-0000-000000000000/resourceGroups/test_disk_access_private_endpoint_000001/providers/Microsoft.Network/privateEndpoints/private_endpoint_name?api-version=2021-05-01
  response:
    body:
      string: "{\r\n  \"name\": \"private_endpoint_name\",\r\n  \"id\": \"/subscriptions/00000000-0000-0000-0000-000000000000/resourceGroups/test_disk_access_private_endpoint_000001/providers/Microsoft.Network/privateEndpoints/private_endpoint_name\",\r\n
        \ \"etag\": \"W/\\\"a34ce9a7-8be9-4269-b477-f5d3a62a867e\\\"\",\r\n  \"type\":
        \"Microsoft.Network/privateEndpoints\",\r\n  \"location\": \"westus\",\r\n
        \ \"properties\": {\r\n    \"provisioningState\": \"Succeeded\",\r\n    \"resourceGuid\":
        \"64688ca4-02fa-4c5f-a714-3bd476578b8a\",\r\n    \"privateLinkServiceConnections\":
        [\r\n      {\r\n        \"name\": \"private_connection_name\",\r\n        \"id\":
        \"/subscriptions/00000000-0000-0000-0000-000000000000/resourceGroups/test_disk_access_private_endpoint_000001/providers/Microsoft.Network/privateEndpoints/private_endpoint_name/privateLinkServiceConnections/private_connection_name\",\r\n
        \       \"etag\": \"W/\\\"a34ce9a7-8be9-4269-b477-f5d3a62a867e\\\"\",\r\n
        \       \"properties\": {\r\n          \"provisioningState\": \"Succeeded\",\r\n
        \         \"privateLinkServiceId\": \"/subscriptions/00000000-0000-0000-0000-000000000000/resourceGroups/test_disk_access_private_endpoint_000001/providers/Microsoft.Compute/diskAccesses/disk_access_name\",\r\n
        \         \"groupIds\": [\r\n            \"disks\"\r\n          ],\r\n          \"privateLinkServiceConnectionState\":
        {\r\n            \"status\": \"Approved\",\r\n            \"description\":
        \"Auto-Approved\",\r\n            \"actionsRequired\": \"None\"\r\n          }\r\n
        \       },\r\n        \"type\": \"Microsoft.Network/privateEndpoints/privateLinkServiceConnections\"\r\n
        \     }\r\n    ],\r\n    \"manualPrivateLinkServiceConnections\": [],\r\n
        \   \"customNetworkInterfaceName\": \"\",\r\n    \"subnet\": {\r\n      \"id\":
        \"/subscriptions/00000000-0000-0000-0000-000000000000/resourceGroups/test_disk_access_private_endpoint_000001/providers/Microsoft.Network/virtualNetworks/private_endpoint_vnet/subnets/private_endpoint_subnet\"\r\n
        \   },\r\n    \"ipConfigurations\": [],\r\n    \"networkInterfaces\": [\r\n
        \     {\r\n        \"id\": \"/subscriptions/00000000-0000-0000-0000-000000000000/resourceGroups/test_disk_access_private_endpoint_000001/providers/Microsoft.Network/networkInterfaces/private_endpoint_name.nic.64db0493-5ad2-46c0-8537-0551ea22ea23\"\r\n
        \     }\r\n    ],\r\n    \"customDnsConfigs\": [\r\n      {\r\n        \"fqdn\":
        \"md-impexp-gj515mmbr3b1.z25.blob.storage.azure.net\",\r\n        \"ipAddresses\":
        [\r\n          \"10.0.0.4\"\r\n        ]\r\n      }\r\n    ]\r\n  }\r\n}"
    headers:
      cache-control:
      - no-cache
      content-length:
      - '2520'
      content-type:
      - application/json; charset=utf-8
      date:
      - Wed, 03 Nov 2021 09:14:27 GMT
      etag:
      - W/"a34ce9a7-8be9-4269-b477-f5d3a62a867e"
      expires:
      - '-1'
      pragma:
      - no-cache
      server:
      - Microsoft-HTTPAPI/2.0
      - Microsoft-HTTPAPI/2.0
      strict-transport-security:
      - max-age=31536000; includeSubDomains
      transfer-encoding:
      - chunked
      vary:
      - Accept-Encoding
      x-content-type-options:
      - nosniff
      x-ms-arm-service-request-id:
      - 20669aa6-772b-4a6f-aed0-69e3ef65b1aa
    status:
      code: 200
      message: OK
- request:
    body: null
    headers:
      Accept:
      - '*/*'
      Accept-Encoding:
      - gzip, deflate
      CommandName:
      - network private-endpoint-connection list
      Connection:
      - keep-alive
      ParameterSetName:
      - -g -n --type
      User-Agent:
      - python/3.8.3 (Windows-10-10.0.18362-SP0) AZURECLI/2.30.0
    method: GET
    uri: https://management.azure.com/subscriptions/00000000-0000-0000-0000-000000000000/resourceGroups/test_disk_access_private_endpoint_000001/providers/Microsoft.Compute/diskAccesses/disk_access_name/privateEndpointConnections?api-version=2020-09-30
  response:
    body:
      string: "{\r\n  \"value\": [\r\n    {\r\n      \"name\": \"disk_access_name.e41d4f79-9b05-4acb-8c72-436ff4ed47bd\",\r\n
        \     \"id\": \"/subscriptions/00000000-0000-0000-0000-000000000000/resourceGroups/test_disk_access_private_endpoint_000001/providers/Microsoft.Compute/diskAccesses/disk_access_name/privateEndpointConnections/disk_access_name.e41d4f79-9b05-4acb-8c72-436ff4ed47bd\",\r\n
        \     \"type\": \"Microsoft.Compute/diskAccesses/PrivateEndpointConnections\",\r\n
        \     \"properties\": {\r\n        \"provisioningState\": \"Succeeded\",\r\n
        \       \"privateEndpoint\": {\r\n          \"id\": \"/subscriptions/00000000-0000-0000-0000-000000000000/resourceGroups/test_disk_access_private_endpoint_000001/providers/Microsoft.Network/privateEndpoints/private_endpoint_name\"\r\n
        \       },\r\n        \"privateLinkServiceConnectionState\": {\r\n          \"actionsRequired\":
        \"None\",\r\n          \"description\": \"Auto-Approved\",\r\n          \"status\":
        \"Approved\"\r\n        }\r\n      }\r\n    }\r\n  ]\r\n}"
    headers:
      cache-control:
      - no-cache
      content-length:
      - '1001'
      content-type:
      - application/json; charset=utf-8
      date:
      - Wed, 03 Nov 2021 09:14:30 GMT
      expires:
      - '-1'
      pragma:
      - no-cache
      server:
      - Microsoft-HTTPAPI/2.0
      - Microsoft-HTTPAPI/2.0
      strict-transport-security:
      - max-age=31536000; includeSubDomains
      transfer-encoding:
      - chunked
      vary:
      - Accept-Encoding
      x-content-type-options:
      - nosniff
    status:
      code: 200
      message: OK
version: 1
