interactions:
- request:
    body: null
    headers:
      Accept:
      - application/json
      Accept-Encoding:
      - gzip, deflate
      CommandName:
      - network route-filter create
      Connection:
      - keep-alive
      ParameterSetName:
      - -g -n --tags
      User-Agent:
      - python/3.7.4 (Windows-10-10.0.18362-SP0) msrest/0.6.10 msrest_azure/0.6.2
        azure-mgmt-resource/4.0.0 Azure-SDK-For-Python AZURECLI/2.0.75
      accept-language:
      - en-US
    method: GET
    uri: https://management.azure.com/subscriptions/00000000-0000-0000-0000-000000000000/resourcegroups/cli_test_network_route_filter000001?api-version=2019-07-01
  response:
    body:
<<<<<<< HEAD
      string: '{"id":"/subscriptions/00000000-0000-0000-0000-000000000000/resourceGroups/cli_test_network_route_filter000001","name":"cli_test_network_route_filter000001","type":"Microsoft.Resources/resourceGroups","location":"westus","tags":{"product":"azurecli","cause":"automation","date":"2019-10-21T12:17:24Z"},"properties":{"provisioningState":"Succeeded"}}'
=======
      string: '{"id":"/subscriptions/00000000-0000-0000-0000-000000000000/resourceGroups/cli_test_network_route_filter000001","name":"cli_test_network_route_filter000001","type":"Microsoft.Resources/resourceGroups","location":"westus","tags":{"product":"azurecli","cause":"automation","date":"2019-10-21T12:45:27Z"},"properties":{"provisioningState":"Succeeded"}}'
>>>>>>> bump to 2019-09-01 for network
    headers:
      cache-control:
      - no-cache
      content-length:
      - '428'
      content-type:
      - application/json; charset=utf-8
      date:
<<<<<<< HEAD
      - Mon, 21 Oct 2019 12:17:30 GMT
=======
      - Mon, 21 Oct 2019 12:45:31 GMT
>>>>>>> bump to 2019-09-01 for network
      expires:
      - '-1'
      pragma:
      - no-cache
      strict-transport-security:
      - max-age=31536000; includeSubDomains
      vary:
      - Accept-Encoding
      x-content-type-options:
      - nosniff
    status:
      code: 200
      message: OK
- request:
    body: '{"location": "westus", "tags": {"foo": "doo"}}'
    headers:
      Accept:
      - application/json
      Accept-Encoding:
      - gzip, deflate
      CommandName:
      - network route-filter create
      Connection:
      - keep-alive
      Content-Length:
      - '46'
      Content-Type:
      - application/json; charset=utf-8
      ParameterSetName:
      - -g -n --tags
      User-Agent:
      - python/3.7.4 (Windows-10-10.0.18362-SP0) msrest/0.6.10 msrest_azure/0.6.2
        azure-mgmt-network/6.0.0 Azure-SDK-For-Python AZURECLI/2.0.75
      accept-language:
      - en-US
    method: PUT
    uri: https://management.azure.com/subscriptions/00000000-0000-0000-0000-000000000000/resourceGroups/cli_test_network_route_filter000001/providers/Microsoft.Network/routeFilters/filter1?api-version=2019-09-01
  response:
    body:
      string: "{\r\n  \"name\": \"filter1\",\r\n  \"id\": \"/subscriptions/00000000-0000-0000-0000-000000000000/resourceGroups/cli_test_network_route_filter000001/providers/Microsoft.Network/routeFilters/filter1\",\r\n
<<<<<<< HEAD
        \ \"etag\": \"W/\\\"f4820be3-33d5-4ed4-a774-8846edd54460\\\"\",\r\n  \"type\":
=======
        \ \"etag\": \"W/\\\"5adf3ec8-c2de-4025-82d4-58addd94afdd\\\"\",\r\n  \"type\":
>>>>>>> bump to 2019-09-01 for network
        \"Microsoft.Network/routeFilters\",\r\n  \"location\": \"westus\",\r\n  \"tags\":
        {\r\n    \"foo\": \"doo\"\r\n  },\r\n  \"properties\": {\r\n    \"provisioningState\":
        \"Updating\",\r\n    \"rules\": []\r\n  }\r\n}"
    headers:
      azure-asyncoperation:
<<<<<<< HEAD
      - https://management.azure.com/subscriptions/00000000-0000-0000-0000-000000000000/providers/Microsoft.Network/locations/westus/operations/782037d5-37b9-4f0f-badd-bfc2708ac2b2?api-version=2019-08-01
=======
      - https://management.azure.com/subscriptions/00000000-0000-0000-0000-000000000000/providers/Microsoft.Network/locations/westus/operations/79fd0dde-1e28-479f-be2e-fa9e50272aa1?api-version=2019-09-01
>>>>>>> bump to 2019-09-01 for network
      cache-control:
      - no-cache
      content-length:
      - '473'
      content-type:
      - application/json; charset=utf-8
      date:
<<<<<<< HEAD
      - Mon, 21 Oct 2019 12:17:33 GMT
=======
      - Mon, 21 Oct 2019 12:45:35 GMT
>>>>>>> bump to 2019-09-01 for network
      expires:
      - '-1'
      pragma:
      - no-cache
      server:
      - Microsoft-HTTPAPI/2.0
      - Microsoft-HTTPAPI/2.0
      strict-transport-security:
      - max-age=31536000; includeSubDomains
      x-content-type-options:
      - nosniff
      x-ms-arm-service-request-id:
<<<<<<< HEAD
      - 7c5e7781-e6af-483f-bcfb-09450458661f
      x-ms-ratelimit-remaining-subscription-writes:
      - '1197'
=======
      - 59eb01bf-95d7-4a54-be3d-734ae066d01e
      x-ms-ratelimit-remaining-subscription-writes:
      - '1190'
>>>>>>> bump to 2019-09-01 for network
    status:
      code: 201
      message: Created
- request:
    body: null
    headers:
      Accept:
      - application/json
      Accept-Encoding:
      - gzip, deflate
      CommandName:
      - network route-filter create
      Connection:
      - keep-alive
      ParameterSetName:
      - -g -n --tags
      User-Agent:
      - python/3.7.4 (Windows-10-10.0.18362-SP0) msrest/0.6.10 msrest_azure/0.6.2
        azure-mgmt-network/6.0.0 Azure-SDK-For-Python AZURECLI/2.0.75
    method: GET
<<<<<<< HEAD
    uri: https://management.azure.com/subscriptions/00000000-0000-0000-0000-000000000000/providers/Microsoft.Network/locations/westus/operations/782037d5-37b9-4f0f-badd-bfc2708ac2b2?api-version=2019-08-01
=======
    uri: https://management.azure.com/subscriptions/00000000-0000-0000-0000-000000000000/providers/Microsoft.Network/locations/westus/operations/79fd0dde-1e28-479f-be2e-fa9e50272aa1?api-version=2019-09-01
>>>>>>> bump to 2019-09-01 for network
  response:
    body:
      string: "{\r\n  \"status\": \"Succeeded\"\r\n}"
    headers:
      cache-control:
      - no-cache
      content-length:
      - '29'
      content-type:
      - application/json; charset=utf-8
      date:
<<<<<<< HEAD
      - Mon, 21 Oct 2019 12:17:46 GMT
=======
      - Mon, 21 Oct 2019 12:45:45 GMT
>>>>>>> bump to 2019-09-01 for network
      expires:
      - '-1'
      pragma:
      - no-cache
      server:
      - Microsoft-HTTPAPI/2.0
      - Microsoft-HTTPAPI/2.0
      strict-transport-security:
      - max-age=31536000; includeSubDomains
      transfer-encoding:
      - chunked
      vary:
      - Accept-Encoding
      x-content-type-options:
      - nosniff
      x-ms-arm-service-request-id:
<<<<<<< HEAD
      - e49ee339-6cac-4791-952d-9ffa8fd13566
=======
      - 9772577c-b78f-4037-a59e-0e0e27167294
>>>>>>> bump to 2019-09-01 for network
    status:
      code: 200
      message: OK
- request:
    body: null
    headers:
      Accept:
      - application/json
      Accept-Encoding:
      - gzip, deflate
      CommandName:
      - network route-filter create
      Connection:
      - keep-alive
      ParameterSetName:
      - -g -n --tags
      User-Agent:
      - python/3.7.4 (Windows-10-10.0.18362-SP0) msrest/0.6.10 msrest_azure/0.6.2
        azure-mgmt-network/6.0.0 Azure-SDK-For-Python AZURECLI/2.0.75
    method: GET
    uri: https://management.azure.com/subscriptions/00000000-0000-0000-0000-000000000000/resourceGroups/cli_test_network_route_filter000001/providers/Microsoft.Network/routeFilters/filter1?api-version=2019-09-01
  response:
    body:
      string: "{\r\n  \"name\": \"filter1\",\r\n  \"id\": \"/subscriptions/00000000-0000-0000-0000-000000000000/resourceGroups/cli_test_network_route_filter000001/providers/Microsoft.Network/routeFilters/filter1\",\r\n
<<<<<<< HEAD
        \ \"etag\": \"W/\\\"2f86ce06-41a4-45cf-9580-b31567fb4ee5\\\"\",\r\n  \"type\":
=======
        \ \"etag\": \"W/\\\"f869b197-ae58-4f10-8547-97825297c21c\\\"\",\r\n  \"type\":
>>>>>>> bump to 2019-09-01 for network
        \"Microsoft.Network/routeFilters\",\r\n  \"location\": \"westus\",\r\n  \"tags\":
        {\r\n    \"foo\": \"doo\"\r\n  },\r\n  \"properties\": {\r\n    \"provisioningState\":
        \"Succeeded\",\r\n    \"rules\": []\r\n  }\r\n}"
    headers:
      cache-control:
      - no-cache
      content-length:
      - '474'
      content-type:
      - application/json; charset=utf-8
      date:
<<<<<<< HEAD
      - Mon, 21 Oct 2019 12:17:46 GMT
      etag:
      - W/"2f86ce06-41a4-45cf-9580-b31567fb4ee5"
=======
      - Mon, 21 Oct 2019 12:45:45 GMT
      etag:
      - W/"f869b197-ae58-4f10-8547-97825297c21c"
>>>>>>> bump to 2019-09-01 for network
      expires:
      - '-1'
      pragma:
      - no-cache
      server:
      - Microsoft-HTTPAPI/2.0
      - Microsoft-HTTPAPI/2.0
      strict-transport-security:
      - max-age=31536000; includeSubDomains
      transfer-encoding:
      - chunked
      vary:
      - Accept-Encoding
      x-content-type-options:
      - nosniff
      x-ms-arm-service-request-id:
<<<<<<< HEAD
      - 823ba7bc-7946-4f20-a8f3-acb3c963cc90
=======
      - d7df3bbb-b053-459d-931f-13f87b030080
>>>>>>> bump to 2019-09-01 for network
    status:
      code: 200
      message: OK
- request:
    body: null
    headers:
      Accept:
      - application/json
      Accept-Encoding:
      - gzip, deflate
      CommandName:
      - network route-filter update
      Connection:
      - keep-alive
      ParameterSetName:
      - -g -n
      User-Agent:
      - python/3.7.4 (Windows-10-10.0.18362-SP0) msrest/0.6.10 msrest_azure/0.6.2
        azure-mgmt-network/6.0.0 Azure-SDK-For-Python AZURECLI/2.0.75
      accept-language:
      - en-US
    method: GET
    uri: https://management.azure.com/subscriptions/00000000-0000-0000-0000-000000000000/resourceGroups/cli_test_network_route_filter000001/providers/Microsoft.Network/routeFilters/filter1?api-version=2019-09-01
  response:
    body:
      string: "{\r\n  \"name\": \"filter1\",\r\n  \"id\": \"/subscriptions/00000000-0000-0000-0000-000000000000/resourceGroups/cli_test_network_route_filter000001/providers/Microsoft.Network/routeFilters/filter1\",\r\n
<<<<<<< HEAD
        \ \"etag\": \"W/\\\"2f86ce06-41a4-45cf-9580-b31567fb4ee5\\\"\",\r\n  \"type\":
=======
        \ \"etag\": \"W/\\\"f869b197-ae58-4f10-8547-97825297c21c\\\"\",\r\n  \"type\":
>>>>>>> bump to 2019-09-01 for network
        \"Microsoft.Network/routeFilters\",\r\n  \"location\": \"westus\",\r\n  \"tags\":
        {\r\n    \"foo\": \"doo\"\r\n  },\r\n  \"properties\": {\r\n    \"provisioningState\":
        \"Succeeded\",\r\n    \"rules\": []\r\n  }\r\n}"
    headers:
      cache-control:
      - no-cache
      content-length:
      - '474'
      content-type:
      - application/json; charset=utf-8
      date:
<<<<<<< HEAD
      - Mon, 21 Oct 2019 12:17:49 GMT
      etag:
      - W/"2f86ce06-41a4-45cf-9580-b31567fb4ee5"
=======
      - Mon, 21 Oct 2019 12:45:48 GMT
      etag:
      - W/"f869b197-ae58-4f10-8547-97825297c21c"
>>>>>>> bump to 2019-09-01 for network
      expires:
      - '-1'
      pragma:
      - no-cache
      server:
      - Microsoft-HTTPAPI/2.0
      - Microsoft-HTTPAPI/2.0
      strict-transport-security:
      - max-age=31536000; includeSubDomains
      transfer-encoding:
      - chunked
      vary:
      - Accept-Encoding
      x-content-type-options:
      - nosniff
      x-ms-arm-service-request-id:
<<<<<<< HEAD
      - c20dda29-e018-44d8-a4af-3dbf7cafe44d
=======
      - d054e0be-dd51-41a3-9ff4-0230b35886b4
>>>>>>> bump to 2019-09-01 for network
    status:
      code: 200
      message: OK
- request:
    body: 'b''{"id": "/subscriptions/00000000-0000-0000-0000-000000000000/resourceGroups/cli_test_network_route_filter000001/providers/Microsoft.Network/routeFilters/filter1",
      "location": "westus", "tags": {"foo": "doo"}, "properties": {"rules": []}}'''
    headers:
      Accept:
      - application/json
      Accept-Encoding:
      - gzip, deflate
      CommandName:
      - network route-filter update
      Connection:
      - keep-alive
      Content-Length:
      - '276'
      Content-Type:
      - application/json; charset=utf-8
      ParameterSetName:
      - -g -n
      User-Agent:
      - python/3.7.4 (Windows-10-10.0.18362-SP0) msrest/0.6.10 msrest_azure/0.6.2
        azure-mgmt-network/6.0.0 Azure-SDK-For-Python AZURECLI/2.0.75
      accept-language:
      - en-US
    method: PUT
    uri: https://management.azure.com/subscriptions/00000000-0000-0000-0000-000000000000/resourceGroups/cli_test_network_route_filter000001/providers/Microsoft.Network/routeFilters/filter1?api-version=2019-09-01
  response:
    body:
      string: "{\r\n  \"name\": \"filter1\",\r\n  \"id\": \"/subscriptions/00000000-0000-0000-0000-000000000000/resourceGroups/cli_test_network_route_filter000001/providers/Microsoft.Network/routeFilters/filter1\",\r\n
<<<<<<< HEAD
        \ \"etag\": \"W/\\\"1275a66d-0a6f-4a02-b89a-cc3be6b77b68\\\"\",\r\n  \"type\":
=======
        \ \"etag\": \"W/\\\"2c7e2cac-fb6f-4b6f-afb7-1e3370e59bc0\\\"\",\r\n  \"type\":
>>>>>>> bump to 2019-09-01 for network
        \"Microsoft.Network/routeFilters\",\r\n  \"location\": \"westus\",\r\n  \"tags\":
        {\r\n    \"foo\": \"doo\"\r\n  },\r\n  \"properties\": {\r\n    \"provisioningState\":
        \"Succeeded\",\r\n    \"rules\": []\r\n  }\r\n}"
    headers:
      azure-asyncoperation:
<<<<<<< HEAD
      - https://management.azure.com/subscriptions/00000000-0000-0000-0000-000000000000/providers/Microsoft.Network/locations/westus/operations/92f9f8ed-087b-4f41-8ea1-fc9e582be3b8?api-version=2019-08-01
=======
      - https://management.azure.com/subscriptions/00000000-0000-0000-0000-000000000000/providers/Microsoft.Network/locations/westus/operations/e0334a4c-c5bc-444b-ad2e-204f77c82357?api-version=2019-09-01
>>>>>>> bump to 2019-09-01 for network
      cache-control:
      - no-cache
      content-length:
      - '474'
      content-type:
      - application/json; charset=utf-8
      date:
<<<<<<< HEAD
      - Mon, 21 Oct 2019 12:17:50 GMT
=======
      - Mon, 21 Oct 2019 12:45:49 GMT
>>>>>>> bump to 2019-09-01 for network
      expires:
      - '-1'
      pragma:
      - no-cache
      server:
      - Microsoft-HTTPAPI/2.0
      - Microsoft-HTTPAPI/2.0
      strict-transport-security:
      - max-age=31536000; includeSubDomains
      transfer-encoding:
      - chunked
      vary:
      - Accept-Encoding
      x-content-type-options:
      - nosniff
      x-ms-arm-service-request-id:
<<<<<<< HEAD
      - 79de3266-c6b5-415f-92f0-bb8dd9dcf908
      x-ms-ratelimit-remaining-subscription-writes:
      - '1175'
=======
      - bbb114c4-5d3f-4985-8658-6e963d9f5163
      x-ms-ratelimit-remaining-subscription-writes:
      - '1194'
>>>>>>> bump to 2019-09-01 for network
    status:
      code: 200
      message: OK
- request:
    body: null
    headers:
      Accept:
      - application/json
      Accept-Encoding:
      - gzip, deflate
      CommandName:
      - network route-filter update
      Connection:
      - keep-alive
      ParameterSetName:
      - -g -n
      User-Agent:
      - python/3.7.4 (Windows-10-10.0.18362-SP0) msrest/0.6.10 msrest_azure/0.6.2
        azure-mgmt-network/6.0.0 Azure-SDK-For-Python AZURECLI/2.0.75
    method: GET
<<<<<<< HEAD
    uri: https://management.azure.com/subscriptions/00000000-0000-0000-0000-000000000000/providers/Microsoft.Network/locations/westus/operations/92f9f8ed-087b-4f41-8ea1-fc9e582be3b8?api-version=2019-08-01
=======
    uri: https://management.azure.com/subscriptions/00000000-0000-0000-0000-000000000000/providers/Microsoft.Network/locations/westus/operations/e0334a4c-c5bc-444b-ad2e-204f77c82357?api-version=2019-09-01
>>>>>>> bump to 2019-09-01 for network
  response:
    body:
      string: "{\r\n  \"status\": \"Succeeded\"\r\n}"
    headers:
      cache-control:
      - no-cache
      content-length:
      - '29'
      content-type:
      - application/json; charset=utf-8
      date:
<<<<<<< HEAD
      - Mon, 21 Oct 2019 12:18:22 GMT
=======
      - Mon, 21 Oct 2019 12:46:20 GMT
>>>>>>> bump to 2019-09-01 for network
      expires:
      - '-1'
      pragma:
      - no-cache
      server:
      - Microsoft-HTTPAPI/2.0
      - Microsoft-HTTPAPI/2.0
      strict-transport-security:
      - max-age=31536000; includeSubDomains
      transfer-encoding:
      - chunked
      vary:
      - Accept-Encoding
      x-content-type-options:
      - nosniff
      x-ms-arm-service-request-id:
<<<<<<< HEAD
      - cdee4933-3611-4495-a8fc-0c6ae3d74d8e
=======
      - ffb6c66c-af22-495e-a0dd-8c729c929ca1
>>>>>>> bump to 2019-09-01 for network
    status:
      code: 200
      message: OK
- request:
    body: null
    headers:
      Accept:
      - application/json
      Accept-Encoding:
      - gzip, deflate
      CommandName:
      - network route-filter update
      Connection:
      - keep-alive
      ParameterSetName:
      - -g -n
      User-Agent:
      - python/3.7.4 (Windows-10-10.0.18362-SP0) msrest/0.6.10 msrest_azure/0.6.2
        azure-mgmt-network/6.0.0 Azure-SDK-For-Python AZURECLI/2.0.75
    method: GET
    uri: https://management.azure.com/subscriptions/00000000-0000-0000-0000-000000000000/resourceGroups/cli_test_network_route_filter000001/providers/Microsoft.Network/routeFilters/filter1?api-version=2019-09-01
  response:
    body:
      string: "{\r\n  \"name\": \"filter1\",\r\n  \"id\": \"/subscriptions/00000000-0000-0000-0000-000000000000/resourceGroups/cli_test_network_route_filter000001/providers/Microsoft.Network/routeFilters/filter1\",\r\n
<<<<<<< HEAD
        \ \"etag\": \"W/\\\"1275a66d-0a6f-4a02-b89a-cc3be6b77b68\\\"\",\r\n  \"type\":
=======
        \ \"etag\": \"W/\\\"2c7e2cac-fb6f-4b6f-afb7-1e3370e59bc0\\\"\",\r\n  \"type\":
>>>>>>> bump to 2019-09-01 for network
        \"Microsoft.Network/routeFilters\",\r\n  \"location\": \"westus\",\r\n  \"tags\":
        {\r\n    \"foo\": \"doo\"\r\n  },\r\n  \"properties\": {\r\n    \"provisioningState\":
        \"Succeeded\",\r\n    \"rules\": []\r\n  }\r\n}"
    headers:
      cache-control:
      - no-cache
      content-length:
      - '474'
      content-type:
      - application/json; charset=utf-8
      date:
<<<<<<< HEAD
      - Mon, 21 Oct 2019 12:18:23 GMT
      etag:
      - W/"1275a66d-0a6f-4a02-b89a-cc3be6b77b68"
=======
      - Mon, 21 Oct 2019 12:46:20 GMT
      etag:
      - W/"2c7e2cac-fb6f-4b6f-afb7-1e3370e59bc0"
>>>>>>> bump to 2019-09-01 for network
      expires:
      - '-1'
      pragma:
      - no-cache
      server:
      - Microsoft-HTTPAPI/2.0
      - Microsoft-HTTPAPI/2.0
      strict-transport-security:
      - max-age=31536000; includeSubDomains
      transfer-encoding:
      - chunked
      vary:
      - Accept-Encoding
      x-content-type-options:
      - nosniff
      x-ms-arm-service-request-id:
<<<<<<< HEAD
      - 4e045b47-4a6e-4b00-a02e-7c0023324072
=======
      - ddd76901-766e-499d-ba7a-a41a448f04cc
>>>>>>> bump to 2019-09-01 for network
    status:
      code: 200
      message: OK
- request:
    body: null
    headers:
      Accept:
      - application/json
      Accept-Encoding:
      - gzip, deflate
      CommandName:
      - network route-filter show
      Connection:
      - keep-alive
      ParameterSetName:
      - -g -n
      User-Agent:
      - python/3.7.4 (Windows-10-10.0.18362-SP0) msrest/0.6.10 msrest_azure/0.6.2
        azure-mgmt-network/6.0.0 Azure-SDK-For-Python AZURECLI/2.0.75
      accept-language:
      - en-US
    method: GET
    uri: https://management.azure.com/subscriptions/00000000-0000-0000-0000-000000000000/resourceGroups/cli_test_network_route_filter000001/providers/Microsoft.Network/routeFilters/filter1?api-version=2019-09-01
  response:
    body:
      string: "{\r\n  \"name\": \"filter1\",\r\n  \"id\": \"/subscriptions/00000000-0000-0000-0000-000000000000/resourceGroups/cli_test_network_route_filter000001/providers/Microsoft.Network/routeFilters/filter1\",\r\n
<<<<<<< HEAD
        \ \"etag\": \"W/\\\"1275a66d-0a6f-4a02-b89a-cc3be6b77b68\\\"\",\r\n  \"type\":
=======
        \ \"etag\": \"W/\\\"2c7e2cac-fb6f-4b6f-afb7-1e3370e59bc0\\\"\",\r\n  \"type\":
>>>>>>> bump to 2019-09-01 for network
        \"Microsoft.Network/routeFilters\",\r\n  \"location\": \"westus\",\r\n  \"tags\":
        {\r\n    \"foo\": \"doo\"\r\n  },\r\n  \"properties\": {\r\n    \"provisioningState\":
        \"Succeeded\",\r\n    \"rules\": []\r\n  }\r\n}"
    headers:
      cache-control:
      - no-cache
      content-length:
      - '474'
      content-type:
      - application/json; charset=utf-8
      date:
<<<<<<< HEAD
      - Mon, 21 Oct 2019 12:18:25 GMT
      etag:
      - W/"1275a66d-0a6f-4a02-b89a-cc3be6b77b68"
=======
      - Mon, 21 Oct 2019 12:46:22 GMT
      etag:
      - W/"2c7e2cac-fb6f-4b6f-afb7-1e3370e59bc0"
>>>>>>> bump to 2019-09-01 for network
      expires:
      - '-1'
      pragma:
      - no-cache
      server:
      - Microsoft-HTTPAPI/2.0
      - Microsoft-HTTPAPI/2.0
      strict-transport-security:
      - max-age=31536000; includeSubDomains
      transfer-encoding:
      - chunked
      vary:
      - Accept-Encoding
      x-content-type-options:
      - nosniff
      x-ms-arm-service-request-id:
<<<<<<< HEAD
      - 77483e6b-5fa9-49e4-a882-ea4abc70a4c3
=======
      - 018d5b05-9b4b-4311-8317-84eb7243aa54
>>>>>>> bump to 2019-09-01 for network
    status:
      code: 200
      message: OK
- request:
    body: null
    headers:
      Accept:
      - application/json
      Accept-Encoding:
      - gzip, deflate
      CommandName:
      - network route-filter list
      Connection:
      - keep-alive
      ParameterSetName:
      - -g
      User-Agent:
      - python/3.7.4 (Windows-10-10.0.18362-SP0) msrest/0.6.10 msrest_azure/0.6.2
        azure-mgmt-network/6.0.0 Azure-SDK-For-Python AZURECLI/2.0.75
      accept-language:
      - en-US
    method: GET
    uri: https://management.azure.com/subscriptions/00000000-0000-0000-0000-000000000000/resourceGroups/cli_test_network_route_filter000001/providers/Microsoft.Network/routeFilters?api-version=2019-09-01
  response:
    body:
      string: "{\r\n  \"value\": [\r\n    {\r\n      \"name\": \"filter1\",\r\n      \"id\":
        \"/subscriptions/00000000-0000-0000-0000-000000000000/resourceGroups/cli_test_network_route_filter000001/providers/Microsoft.Network/routeFilters/filter1\",\r\n
<<<<<<< HEAD
        \     \"etag\": \"W/\\\"1275a66d-0a6f-4a02-b89a-cc3be6b77b68\\\"\",\r\n      \"type\":
=======
        \     \"etag\": \"W/\\\"2c7e2cac-fb6f-4b6f-afb7-1e3370e59bc0\\\"\",\r\n      \"type\":
>>>>>>> bump to 2019-09-01 for network
        \"Microsoft.Network/routeFilters\",\r\n      \"location\": \"westus\",\r\n
        \     \"tags\": {\r\n        \"foo\": \"doo\"\r\n      },\r\n      \"properties\":
        {\r\n        \"provisioningState\": \"Succeeded\",\r\n        \"rules\": []\r\n
        \     }\r\n    }\r\n  ]\r\n}"
    headers:
      cache-control:
      - no-cache
      content-length:
      - '555'
      content-type:
      - application/json; charset=utf-8
      date:
<<<<<<< HEAD
      - Mon, 21 Oct 2019 12:18:27 GMT
=======
      - Mon, 21 Oct 2019 12:46:23 GMT
>>>>>>> bump to 2019-09-01 for network
      expires:
      - '-1'
      pragma:
      - no-cache
      server:
      - Microsoft-HTTPAPI/2.0
      - Microsoft-HTTPAPI/2.0
      strict-transport-security:
      - max-age=31536000; includeSubDomains
      transfer-encoding:
      - chunked
      vary:
      - Accept-Encoding
      x-content-type-options:
      - nosniff
      x-ms-arm-service-request-id:
<<<<<<< HEAD
      - ef8e1abf-b0d5-4fbe-be78-56d225f42771
=======
      - b49fe007-845c-4fce-b939-ded1b835c0ce
>>>>>>> bump to 2019-09-01 for network
    status:
      code: 200
      message: OK
- request:
    body: null
    headers:
      Accept:
      - application/json
      Accept-Encoding:
      - gzip, deflate
      CommandName:
      - network route-filter rule create
      Connection:
      - keep-alive
      ParameterSetName:
      - -g --filter-name -n --communities --access
      User-Agent:
      - python/3.7.4 (Windows-10-10.0.18362-SP0) msrest/0.6.10 msrest_azure/0.6.2
        azure-mgmt-resource/4.0.0 Azure-SDK-For-Python AZURECLI/2.0.75
      accept-language:
      - en-US
    method: GET
    uri: https://management.azure.com/subscriptions/00000000-0000-0000-0000-000000000000/resourcegroups/cli_test_network_route_filter000001?api-version=2019-07-01
  response:
    body:
<<<<<<< HEAD
      string: '{"id":"/subscriptions/00000000-0000-0000-0000-000000000000/resourceGroups/cli_test_network_route_filter000001","name":"cli_test_network_route_filter000001","type":"Microsoft.Resources/resourceGroups","location":"westus","tags":{"product":"azurecli","cause":"automation","date":"2019-10-21T12:17:24Z"},"properties":{"provisioningState":"Succeeded"}}'
=======
      string: '{"id":"/subscriptions/00000000-0000-0000-0000-000000000000/resourceGroups/cli_test_network_route_filter000001","name":"cli_test_network_route_filter000001","type":"Microsoft.Resources/resourceGroups","location":"westus","tags":{"product":"azurecli","cause":"automation","date":"2019-10-21T12:45:27Z"},"properties":{"provisioningState":"Succeeded"}}'
>>>>>>> bump to 2019-09-01 for network
    headers:
      cache-control:
      - no-cache
      content-length:
      - '428'
      content-type:
      - application/json; charset=utf-8
      date:
<<<<<<< HEAD
      - Mon, 21 Oct 2019 12:18:28 GMT
=======
      - Mon, 21 Oct 2019 12:46:23 GMT
>>>>>>> bump to 2019-09-01 for network
      expires:
      - '-1'
      pragma:
      - no-cache
      strict-transport-security:
      - max-age=31536000; includeSubDomains
      vary:
      - Accept-Encoding
      x-content-type-options:
      - nosniff
    status:
      code: 200
      message: OK
- request:
    body: '{"properties": {"access": "Allow", "routeFilterRuleType": "Community",
      "communities": ["12076:5040", "12076:5030"]}, "location": "westus"}'
    headers:
      Accept:
      - application/json
      Accept-Encoding:
      - gzip, deflate
      CommandName:
      - network route-filter rule create
      Connection:
      - keep-alive
      Content-Length:
      - '138'
      Content-Type:
      - application/json; charset=utf-8
      ParameterSetName:
      - -g --filter-name -n --communities --access
      User-Agent:
      - python/3.7.4 (Windows-10-10.0.18362-SP0) msrest/0.6.10 msrest_azure/0.6.2
        azure-mgmt-network/6.0.0 Azure-SDK-For-Python AZURECLI/2.0.75
      accept-language:
      - en-US
    method: PUT
    uri: https://management.azure.com/subscriptions/00000000-0000-0000-0000-000000000000/resourceGroups/cli_test_network_route_filter000001/providers/Microsoft.Network/routeFilters/filter1/routeFilterRules/rule1?api-version=2019-09-01
  response:
    body:
      string: "{\r\n  \"name\": \"rule1\",\r\n  \"id\": \"/subscriptions/00000000-0000-0000-0000-000000000000/resourceGroups/cli_test_network_route_filter000001/providers/Microsoft.Network/routeFilters/filter1/routeFilterRules/rule1\",\r\n
<<<<<<< HEAD
        \ \"etag\": \"W/\\\"d744c027-aa24-427b-9686-93993a8c8ee6\\\"\",\r\n  \"properties\":
=======
        \ \"etag\": \"W/\\\"a64c38b4-597b-4654-89f6-3f9b88712381\\\"\",\r\n  \"properties\":
>>>>>>> bump to 2019-09-01 for network
        {\r\n    \"provisioningState\": \"Updating\",\r\n    \"access\": \"Allow\",\r\n
        \   \"routeFilterRuleType\": \"Community\",\r\n    \"communities\": [\r\n
        \     \"12076:5040\",\r\n      \"12076:5030\"\r\n    ]\r\n  },\r\n  \"type\":
        \"Microsoft.Network/routeFilters/routeFilterRules\"\r\n}"
    headers:
      azure-asyncoperation:
<<<<<<< HEAD
      - https://management.azure.com/subscriptions/00000000-0000-0000-0000-000000000000/providers/Microsoft.Network/locations/westus/operations/17324c44-8eae-42cf-b421-40361293db02?api-version=2019-08-01
=======
      - https://management.azure.com/subscriptions/00000000-0000-0000-0000-000000000000/providers/Microsoft.Network/locations/westus/operations/6d3d5faa-fa64-4553-a5d6-1fb5e8e15ed9?api-version=2019-09-01
>>>>>>> bump to 2019-09-01 for network
      cache-control:
      - no-cache
      content-length:
      - '567'
      content-type:
      - application/json; charset=utf-8
      date:
<<<<<<< HEAD
      - Mon, 21 Oct 2019 12:18:30 GMT
=======
      - Mon, 21 Oct 2019 12:46:24 GMT
>>>>>>> bump to 2019-09-01 for network
      expires:
      - '-1'
      pragma:
      - no-cache
      server:
      - Microsoft-HTTPAPI/2.0
      - Microsoft-HTTPAPI/2.0
      strict-transport-security:
      - max-age=31536000; includeSubDomains
      x-content-type-options:
      - nosniff
      x-ms-arm-service-request-id:
<<<<<<< HEAD
      - 47e5c45c-4705-45db-83ce-b9f74af4ac15
      x-ms-ratelimit-remaining-subscription-writes:
      - '1172'
=======
      - 5f4ff2f1-636f-4f78-a36a-5cdb651f3975
      x-ms-ratelimit-remaining-subscription-writes:
      - '1193'
>>>>>>> bump to 2019-09-01 for network
    status:
      code: 201
      message: Created
- request:
    body: null
    headers:
      Accept:
      - application/json
      Accept-Encoding:
      - gzip, deflate
      CommandName:
      - network route-filter rule create
      Connection:
      - keep-alive
      ParameterSetName:
      - -g --filter-name -n --communities --access
      User-Agent:
      - python/3.7.4 (Windows-10-10.0.18362-SP0) msrest/0.6.10 msrest_azure/0.6.2
        azure-mgmt-network/6.0.0 Azure-SDK-For-Python AZURECLI/2.0.75
    method: GET
<<<<<<< HEAD
    uri: https://management.azure.com/subscriptions/00000000-0000-0000-0000-000000000000/providers/Microsoft.Network/locations/westus/operations/17324c44-8eae-42cf-b421-40361293db02?api-version=2019-08-01
=======
    uri: https://management.azure.com/subscriptions/00000000-0000-0000-0000-000000000000/providers/Microsoft.Network/locations/westus/operations/6d3d5faa-fa64-4553-a5d6-1fb5e8e15ed9?api-version=2019-09-01
>>>>>>> bump to 2019-09-01 for network
  response:
    body:
      string: "{\r\n  \"status\": \"Succeeded\"\r\n}"
    headers:
      cache-control:
      - no-cache
      content-length:
      - '29'
      content-type:
      - application/json; charset=utf-8
      date:
<<<<<<< HEAD
      - Mon, 21 Oct 2019 12:18:42 GMT
=======
      - Mon, 21 Oct 2019 12:46:36 GMT
>>>>>>> bump to 2019-09-01 for network
      expires:
      - '-1'
      pragma:
      - no-cache
      server:
      - Microsoft-HTTPAPI/2.0
      - Microsoft-HTTPAPI/2.0
      strict-transport-security:
      - max-age=31536000; includeSubDomains
      transfer-encoding:
      - chunked
      vary:
      - Accept-Encoding
      x-content-type-options:
      - nosniff
      x-ms-arm-service-request-id:
<<<<<<< HEAD
      - f527bcc2-1d60-4b71-b27a-ddea4e06dc3a
=======
      - 745fb016-365f-4fe3-8a73-ca0a6eb22ba5
>>>>>>> bump to 2019-09-01 for network
    status:
      code: 200
      message: OK
- request:
    body: null
    headers:
      Accept:
      - application/json
      Accept-Encoding:
      - gzip, deflate
      CommandName:
      - network route-filter rule create
      Connection:
      - keep-alive
      ParameterSetName:
      - -g --filter-name -n --communities --access
      User-Agent:
      - python/3.7.4 (Windows-10-10.0.18362-SP0) msrest/0.6.10 msrest_azure/0.6.2
        azure-mgmt-network/6.0.0 Azure-SDK-For-Python AZURECLI/2.0.75
    method: GET
    uri: https://management.azure.com/subscriptions/00000000-0000-0000-0000-000000000000/resourceGroups/cli_test_network_route_filter000001/providers/Microsoft.Network/routeFilters/filter1/routeFilterRules/rule1?api-version=2019-09-01
  response:
    body:
      string: "{\r\n  \"name\": \"rule1\",\r\n  \"id\": \"/subscriptions/00000000-0000-0000-0000-000000000000/resourceGroups/cli_test_network_route_filter000001/providers/Microsoft.Network/routeFilters/filter1/routeFilterRules/rule1\",\r\n
<<<<<<< HEAD
        \ \"etag\": \"W/\\\"70833c9d-64b5-43d8-863a-8cd10691d7c0\\\"\",\r\n  \"properties\":
=======
        \ \"etag\": \"W/\\\"9cd01018-5faf-4f88-a01c-1bcd007070dd\\\"\",\r\n  \"properties\":
>>>>>>> bump to 2019-09-01 for network
        {\r\n    \"provisioningState\": \"Succeeded\",\r\n    \"access\": \"Allow\",\r\n
        \   \"routeFilterRuleType\": \"Community\",\r\n    \"communities\": [\r\n
        \     \"12076:5040\",\r\n      \"12076:5030\"\r\n    ]\r\n  },\r\n  \"type\":
        \"Microsoft.Network/routeFilters/routeFilterRules\"\r\n}"
    headers:
      cache-control:
      - no-cache
      content-length:
      - '568'
      content-type:
      - application/json; charset=utf-8
      date:
<<<<<<< HEAD
      - Mon, 21 Oct 2019 12:18:43 GMT
      etag:
      - W/"70833c9d-64b5-43d8-863a-8cd10691d7c0"
=======
      - Mon, 21 Oct 2019 12:46:36 GMT
      etag:
      - W/"9cd01018-5faf-4f88-a01c-1bcd007070dd"
>>>>>>> bump to 2019-09-01 for network
      expires:
      - '-1'
      pragma:
      - no-cache
      server:
      - Microsoft-HTTPAPI/2.0
      - Microsoft-HTTPAPI/2.0
      strict-transport-security:
      - max-age=31536000; includeSubDomains
      transfer-encoding:
      - chunked
      vary:
      - Accept-Encoding
      x-content-type-options:
      - nosniff
      x-ms-arm-service-request-id:
<<<<<<< HEAD
      - 1b239341-1de3-4c11-bf83-19c2ac742e1d
=======
      - daebafdd-eefc-43e9-a957-76edf6ca6285
>>>>>>> bump to 2019-09-01 for network
    status:
      code: 200
      message: OK
- request:
    body: null
    headers:
      Accept:
      - application/json
      Accept-Encoding:
      - gzip, deflate
      CommandName:
      - network route-filter rule update
      Connection:
      - keep-alive
      ParameterSetName:
      - -g --filter-name -n --set
      User-Agent:
      - python/3.7.4 (Windows-10-10.0.18362-SP0) msrest/0.6.10 msrest_azure/0.6.2
        azure-mgmt-network/6.0.0 Azure-SDK-For-Python AZURECLI/2.0.75
      accept-language:
      - en-US
    method: GET
    uri: https://management.azure.com/subscriptions/00000000-0000-0000-0000-000000000000/resourceGroups/cli_test_network_route_filter000001/providers/Microsoft.Network/routeFilters/filter1/routeFilterRules/rule1?api-version=2019-09-01
  response:
    body:
      string: "{\r\n  \"name\": \"rule1\",\r\n  \"id\": \"/subscriptions/00000000-0000-0000-0000-000000000000/resourceGroups/cli_test_network_route_filter000001/providers/Microsoft.Network/routeFilters/filter1/routeFilterRules/rule1\",\r\n
<<<<<<< HEAD
        \ \"etag\": \"W/\\\"70833c9d-64b5-43d8-863a-8cd10691d7c0\\\"\",\r\n  \"properties\":
=======
        \ \"etag\": \"W/\\\"9cd01018-5faf-4f88-a01c-1bcd007070dd\\\"\",\r\n  \"properties\":
>>>>>>> bump to 2019-09-01 for network
        {\r\n    \"provisioningState\": \"Succeeded\",\r\n    \"access\": \"Allow\",\r\n
        \   \"routeFilterRuleType\": \"Community\",\r\n    \"communities\": [\r\n
        \     \"12076:5040\",\r\n      \"12076:5030\"\r\n    ]\r\n  },\r\n  \"type\":
        \"Microsoft.Network/routeFilters/routeFilterRules\"\r\n}"
    headers:
      cache-control:
      - no-cache
      content-length:
      - '568'
      content-type:
      - application/json; charset=utf-8
      date:
<<<<<<< HEAD
      - Mon, 21 Oct 2019 12:18:45 GMT
      etag:
      - W/"70833c9d-64b5-43d8-863a-8cd10691d7c0"
=======
      - Mon, 21 Oct 2019 12:46:37 GMT
      etag:
      - W/"9cd01018-5faf-4f88-a01c-1bcd007070dd"
>>>>>>> bump to 2019-09-01 for network
      expires:
      - '-1'
      pragma:
      - no-cache
      server:
      - Microsoft-HTTPAPI/2.0
      - Microsoft-HTTPAPI/2.0
      strict-transport-security:
      - max-age=31536000; includeSubDomains
      transfer-encoding:
      - chunked
      vary:
      - Accept-Encoding
      x-content-type-options:
      - nosniff
      x-ms-arm-service-request-id:
<<<<<<< HEAD
      - 67b5e74c-5b56-4af5-bb4d-81cd1e06417e
=======
      - 55a839c4-3ea9-43a6-8142-664ac89ab51f
>>>>>>> bump to 2019-09-01 for network
    status:
      code: 200
      message: OK
- request:
    body: 'b''{"id": "/subscriptions/00000000-0000-0000-0000-000000000000/resourceGroups/cli_test_network_route_filter000001/providers/Microsoft.Network/routeFilters/filter1/routeFilterRules/rule1",
      "properties": {"access": "Deny", "routeFilterRuleType": "Community", "communities":
      ["12076:5040", "12076:5030"]}, "name": "rule1"}'''
    headers:
      Accept:
      - application/json
      Accept-Encoding:
      - gzip, deflate
      CommandName:
      - network route-filter rule update
      Connection:
      - keep-alive
      Content-Length:
      - '356'
      Content-Type:
      - application/json; charset=utf-8
      ParameterSetName:
      - -g --filter-name -n --set
      User-Agent:
      - python/3.7.4 (Windows-10-10.0.18362-SP0) msrest/0.6.10 msrest_azure/0.6.2
        azure-mgmt-network/6.0.0 Azure-SDK-For-Python AZURECLI/2.0.75
      accept-language:
      - en-US
    method: PUT
    uri: https://management.azure.com/subscriptions/00000000-0000-0000-0000-000000000000/resourceGroups/cli_test_network_route_filter000001/providers/Microsoft.Network/routeFilters/filter1/routeFilterRules/rule1?api-version=2019-09-01
  response:
    body:
      string: "{\r\n  \"name\": \"rule1\",\r\n  \"id\": \"/subscriptions/00000000-0000-0000-0000-000000000000/resourceGroups/cli_test_network_route_filter000001/providers/Microsoft.Network/routeFilters/filter1/routeFilterRules/rule1\",\r\n
<<<<<<< HEAD
        \ \"etag\": \"W/\\\"950ee82b-2e83-4e9a-bd49-cb90246efacb\\\"\",\r\n  \"properties\":
=======
        \ \"etag\": \"W/\\\"6aea2607-d739-490a-b133-ed84d4df3f85\\\"\",\r\n  \"properties\":
>>>>>>> bump to 2019-09-01 for network
        {\r\n    \"provisioningState\": \"Updating\",\r\n    \"access\": \"Deny\",\r\n
        \   \"routeFilterRuleType\": \"Community\",\r\n    \"communities\": [\r\n
        \     \"12076:5040\",\r\n      \"12076:5030\"\r\n    ]\r\n  },\r\n  \"type\":
        \"Microsoft.Network/routeFilters/routeFilterRules\"\r\n}"
    headers:
      azure-asyncoperation:
<<<<<<< HEAD
      - https://management.azure.com/subscriptions/00000000-0000-0000-0000-000000000000/providers/Microsoft.Network/locations/westus/operations/0a2468fb-a334-4f64-b79f-81b66f739433?api-version=2019-08-01
=======
      - https://management.azure.com/subscriptions/00000000-0000-0000-0000-000000000000/providers/Microsoft.Network/locations/westus/operations/9ba533d0-4cc9-492b-b835-a75430d20c38?api-version=2019-09-01
>>>>>>> bump to 2019-09-01 for network
      cache-control:
      - no-cache
      content-length:
      - '566'
      content-type:
      - application/json; charset=utf-8
      date:
<<<<<<< HEAD
      - Mon, 21 Oct 2019 12:18:47 GMT
=======
      - Mon, 21 Oct 2019 12:46:38 GMT
>>>>>>> bump to 2019-09-01 for network
      expires:
      - '-1'
      pragma:
      - no-cache
      server:
      - Microsoft-HTTPAPI/2.0
      - Microsoft-HTTPAPI/2.0
      strict-transport-security:
      - max-age=31536000; includeSubDomains
      transfer-encoding:
      - chunked
      vary:
      - Accept-Encoding
      x-content-type-options:
      - nosniff
      x-ms-arm-service-request-id:
<<<<<<< HEAD
      - 0bd98990-f99d-494e-b7d5-e81f7e6da050
      x-ms-ratelimit-remaining-subscription-writes:
      - '1188'
=======
      - ca0758f3-d8bc-4e24-983a-b6c92decb6df
      x-ms-ratelimit-remaining-subscription-writes:
      - '1173'
>>>>>>> bump to 2019-09-01 for network
    status:
      code: 200
      message: OK
- request:
    body: null
    headers:
      Accept:
      - application/json
      Accept-Encoding:
      - gzip, deflate
      CommandName:
      - network route-filter rule update
      Connection:
      - keep-alive
      ParameterSetName:
      - -g --filter-name -n --set
      User-Agent:
      - python/3.7.4 (Windows-10-10.0.18362-SP0) msrest/0.6.10 msrest_azure/0.6.2
        azure-mgmt-network/6.0.0 Azure-SDK-For-Python AZURECLI/2.0.75
    method: GET
<<<<<<< HEAD
    uri: https://management.azure.com/subscriptions/00000000-0000-0000-0000-000000000000/providers/Microsoft.Network/locations/westus/operations/0a2468fb-a334-4f64-b79f-81b66f739433?api-version=2019-08-01
=======
    uri: https://management.azure.com/subscriptions/00000000-0000-0000-0000-000000000000/providers/Microsoft.Network/locations/westus/operations/9ba533d0-4cc9-492b-b835-a75430d20c38?api-version=2019-09-01
>>>>>>> bump to 2019-09-01 for network
  response:
    body:
      string: "{\r\n  \"status\": \"Succeeded\"\r\n}"
    headers:
      cache-control:
      - no-cache
      content-length:
      - '29'
      content-type:
      - application/json; charset=utf-8
      date:
<<<<<<< HEAD
      - Mon, 21 Oct 2019 12:18:59 GMT
=======
      - Mon, 21 Oct 2019 12:46:50 GMT
>>>>>>> bump to 2019-09-01 for network
      expires:
      - '-1'
      pragma:
      - no-cache
      server:
      - Microsoft-HTTPAPI/2.0
      - Microsoft-HTTPAPI/2.0
      strict-transport-security:
      - max-age=31536000; includeSubDomains
      transfer-encoding:
      - chunked
      vary:
      - Accept-Encoding
      x-content-type-options:
      - nosniff
      x-ms-arm-service-request-id:
<<<<<<< HEAD
      - 639f1ece-39b9-4119-acf4-83d385ad2749
=======
      - d146bfca-adc3-4ad2-9a9c-aad17ed6ad1b
>>>>>>> bump to 2019-09-01 for network
    status:
      code: 200
      message: OK
- request:
    body: null
    headers:
      Accept:
      - application/json
      Accept-Encoding:
      - gzip, deflate
      CommandName:
      - network route-filter rule update
      Connection:
      - keep-alive
      ParameterSetName:
      - -g --filter-name -n --set
      User-Agent:
      - python/3.7.4 (Windows-10-10.0.18362-SP0) msrest/0.6.10 msrest_azure/0.6.2
        azure-mgmt-network/6.0.0 Azure-SDK-For-Python AZURECLI/2.0.75
    method: GET
    uri: https://management.azure.com/subscriptions/00000000-0000-0000-0000-000000000000/resourceGroups/cli_test_network_route_filter000001/providers/Microsoft.Network/routeFilters/filter1/routeFilterRules/rule1?api-version=2019-09-01
  response:
    body:
      string: "{\r\n  \"name\": \"rule1\",\r\n  \"id\": \"/subscriptions/00000000-0000-0000-0000-000000000000/resourceGroups/cli_test_network_route_filter000001/providers/Microsoft.Network/routeFilters/filter1/routeFilterRules/rule1\",\r\n
<<<<<<< HEAD
        \ \"etag\": \"W/\\\"1be1c388-2e19-433f-82f7-15100685aead\\\"\",\r\n  \"properties\":
=======
        \ \"etag\": \"W/\\\"6582f53e-0b75-4f07-acba-dc8b828a748a\\\"\",\r\n  \"properties\":
>>>>>>> bump to 2019-09-01 for network
        {\r\n    \"provisioningState\": \"Succeeded\",\r\n    \"access\": \"Deny\",\r\n
        \   \"routeFilterRuleType\": \"Community\",\r\n    \"communities\": [\r\n
        \     \"12076:5040\",\r\n      \"12076:5030\"\r\n    ]\r\n  },\r\n  \"type\":
        \"Microsoft.Network/routeFilters/routeFilterRules\"\r\n}"
    headers:
      cache-control:
      - no-cache
      content-length:
      - '567'
      content-type:
      - application/json; charset=utf-8
      date:
<<<<<<< HEAD
      - Mon, 21 Oct 2019 12:18:59 GMT
      etag:
      - W/"1be1c388-2e19-433f-82f7-15100685aead"
=======
      - Mon, 21 Oct 2019 12:46:50 GMT
      etag:
      - W/"6582f53e-0b75-4f07-acba-dc8b828a748a"
>>>>>>> bump to 2019-09-01 for network
      expires:
      - '-1'
      pragma:
      - no-cache
      server:
      - Microsoft-HTTPAPI/2.0
      - Microsoft-HTTPAPI/2.0
      strict-transport-security:
      - max-age=31536000; includeSubDomains
      transfer-encoding:
      - chunked
      vary:
      - Accept-Encoding
      x-content-type-options:
      - nosniff
      x-ms-arm-service-request-id:
<<<<<<< HEAD
      - c2035ae0-0501-4243-9ddb-bd7834c909f0
=======
      - 60ff7d7f-288b-4760-8af6-5d8d0d9fd9a1
>>>>>>> bump to 2019-09-01 for network
    status:
      code: 200
      message: OK
- request:
    body: null
    headers:
      Accept:
      - application/json
      Accept-Encoding:
      - gzip, deflate
      CommandName:
      - network route-filter rule show
      Connection:
      - keep-alive
      ParameterSetName:
      - -g --filter-name -n
      User-Agent:
      - python/3.7.4 (Windows-10-10.0.18362-SP0) msrest/0.6.10 msrest_azure/0.6.2
        azure-mgmt-network/6.0.0 Azure-SDK-For-Python AZURECLI/2.0.75
      accept-language:
      - en-US
    method: GET
    uri: https://management.azure.com/subscriptions/00000000-0000-0000-0000-000000000000/resourceGroups/cli_test_network_route_filter000001/providers/Microsoft.Network/routeFilters/filter1/routeFilterRules/rule1?api-version=2019-09-01
  response:
    body:
      string: "{\r\n  \"name\": \"rule1\",\r\n  \"id\": \"/subscriptions/00000000-0000-0000-0000-000000000000/resourceGroups/cli_test_network_route_filter000001/providers/Microsoft.Network/routeFilters/filter1/routeFilterRules/rule1\",\r\n
<<<<<<< HEAD
        \ \"etag\": \"W/\\\"1be1c388-2e19-433f-82f7-15100685aead\\\"\",\r\n  \"properties\":
=======
        \ \"etag\": \"W/\\\"6582f53e-0b75-4f07-acba-dc8b828a748a\\\"\",\r\n  \"properties\":
>>>>>>> bump to 2019-09-01 for network
        {\r\n    \"provisioningState\": \"Succeeded\",\r\n    \"access\": \"Deny\",\r\n
        \   \"routeFilterRuleType\": \"Community\",\r\n    \"communities\": [\r\n
        \     \"12076:5040\",\r\n      \"12076:5030\"\r\n    ]\r\n  },\r\n  \"type\":
        \"Microsoft.Network/routeFilters/routeFilterRules\"\r\n}"
    headers:
      cache-control:
      - no-cache
      content-length:
      - '567'
      content-type:
      - application/json; charset=utf-8
      date:
<<<<<<< HEAD
      - Mon, 21 Oct 2019 12:19:02 GMT
      etag:
      - W/"1be1c388-2e19-433f-82f7-15100685aead"
=======
      - Mon, 21 Oct 2019 12:46:51 GMT
      etag:
      - W/"6582f53e-0b75-4f07-acba-dc8b828a748a"
>>>>>>> bump to 2019-09-01 for network
      expires:
      - '-1'
      pragma:
      - no-cache
      server:
      - Microsoft-HTTPAPI/2.0
      - Microsoft-HTTPAPI/2.0
      strict-transport-security:
      - max-age=31536000; includeSubDomains
      transfer-encoding:
      - chunked
      vary:
      - Accept-Encoding
      x-content-type-options:
      - nosniff
      x-ms-arm-service-request-id:
<<<<<<< HEAD
      - 31a08fd3-8df7-4650-a818-c9c88093428c
=======
      - 455e5100-4c18-4441-8d0c-2b64fe83bbe9
>>>>>>> bump to 2019-09-01 for network
    status:
      code: 200
      message: OK
- request:
    body: null
    headers:
      Accept:
      - application/json
      Accept-Encoding:
      - gzip, deflate
      CommandName:
      - network route-filter rule list
      Connection:
      - keep-alive
      ParameterSetName:
      - -g --filter-name
      User-Agent:
      - python/3.7.4 (Windows-10-10.0.18362-SP0) msrest/0.6.10 msrest_azure/0.6.2
        azure-mgmt-network/6.0.0 Azure-SDK-For-Python AZURECLI/2.0.75
      accept-language:
      - en-US
    method: GET
    uri: https://management.azure.com/subscriptions/00000000-0000-0000-0000-000000000000/resourceGroups/cli_test_network_route_filter000001/providers/Microsoft.Network/routeFilters/filter1/routeFilterRules?api-version=2019-09-01
  response:
    body:
      string: "{\r\n  \"value\": [\r\n    {\r\n      \"name\": \"rule1\",\r\n      \"id\":
        \"/subscriptions/00000000-0000-0000-0000-000000000000/resourceGroups/cli_test_network_route_filter000001/providers/Microsoft.Network/routeFilters/filter1/routeFilterRules/rule1\",\r\n
<<<<<<< HEAD
        \     \"etag\": \"W/\\\"1be1c388-2e19-433f-82f7-15100685aead\\\"\",\r\n      \"properties\":
=======
        \     \"etag\": \"W/\\\"6582f53e-0b75-4f07-acba-dc8b828a748a\\\"\",\r\n      \"properties\":
>>>>>>> bump to 2019-09-01 for network
        {\r\n        \"provisioningState\": \"Succeeded\",\r\n        \"access\":
        \"Deny\",\r\n        \"routeFilterRuleType\": \"Community\",\r\n        \"communities\":
        [\r\n          \"12076:5040\",\r\n          \"12076:5030\"\r\n        ]\r\n
        \     },\r\n      \"type\": \"Microsoft.Network/routeFilters/routeFilterRules\"\r\n
        \   }\r\n  ]\r\n}"
    headers:
      cache-control:
      - no-cache
      content-length:
      - '652'
      content-type:
      - application/json; charset=utf-8
      date:
<<<<<<< HEAD
      - Mon, 21 Oct 2019 12:19:03 GMT
=======
      - Mon, 21 Oct 2019 12:46:52 GMT
>>>>>>> bump to 2019-09-01 for network
      expires:
      - '-1'
      pragma:
      - no-cache
      server:
      - Microsoft-HTTPAPI/2.0
      - Microsoft-HTTPAPI/2.0
      strict-transport-security:
      - max-age=31536000; includeSubDomains
      transfer-encoding:
      - chunked
      vary:
      - Accept-Encoding
      x-content-type-options:
      - nosniff
      x-ms-arm-service-request-id:
<<<<<<< HEAD
      - f070628d-2b31-43d5-8937-821f9e626887
=======
      - fcb51ad4-0079-4bf0-b97c-1c4a90be122a
>>>>>>> bump to 2019-09-01 for network
    status:
      code: 200
      message: OK
- request:
    body: null
    headers:
      Accept:
      - application/json
      Accept-Encoding:
      - gzip, deflate
      CommandName:
      - network route-filter rule delete
      Connection:
      - keep-alive
      Content-Length:
      - '0'
      ParameterSetName:
      - -g --filter-name -n
      User-Agent:
      - python/3.7.4 (Windows-10-10.0.18362-SP0) msrest/0.6.10 msrest_azure/0.6.2
        azure-mgmt-network/6.0.0 Azure-SDK-For-Python AZURECLI/2.0.75
      accept-language:
      - en-US
    method: DELETE
    uri: https://management.azure.com/subscriptions/00000000-0000-0000-0000-000000000000/resourceGroups/cli_test_network_route_filter000001/providers/Microsoft.Network/routeFilters/filter1/routeFilterRules/rule1?api-version=2019-09-01
  response:
    body:
      string: ''
    headers:
      azure-asyncoperation:
<<<<<<< HEAD
      - https://management.azure.com/subscriptions/00000000-0000-0000-0000-000000000000/providers/Microsoft.Network/locations/westus/operations/786e1f18-f8f8-4dd7-abf0-5e136d2f4d32?api-version=2019-08-01
=======
      - https://management.azure.com/subscriptions/00000000-0000-0000-0000-000000000000/providers/Microsoft.Network/locations/westus/operations/c0ab608e-8229-44a2-8cee-e709a2e01b92?api-version=2019-09-01
>>>>>>> bump to 2019-09-01 for network
      cache-control:
      - no-cache
      content-length:
      - '0'
      date:
<<<<<<< HEAD
      - Mon, 21 Oct 2019 12:19:06 GMT
      expires:
      - '-1'
      location:
      - https://management.azure.com/subscriptions/00000000-0000-0000-0000-000000000000/providers/Microsoft.Network/locations/westus/operationResults/786e1f18-f8f8-4dd7-abf0-5e136d2f4d32?api-version=2019-08-01
=======
      - Mon, 21 Oct 2019 12:46:53 GMT
      expires:
      - '-1'
      location:
      - https://management.azure.com/subscriptions/00000000-0000-0000-0000-000000000000/providers/Microsoft.Network/locations/westus/operationResults/c0ab608e-8229-44a2-8cee-e709a2e01b92?api-version=2019-09-01
>>>>>>> bump to 2019-09-01 for network
      pragma:
      - no-cache
      server:
      - Microsoft-HTTPAPI/2.0
      - Microsoft-HTTPAPI/2.0
      strict-transport-security:
      - max-age=31536000; includeSubDomains
      x-content-type-options:
      - nosniff
      x-ms-arm-service-request-id:
<<<<<<< HEAD
      - a3506932-ca13-4cc7-8b5e-2faf74dcdced
      x-ms-ratelimit-remaining-subscription-deletes:
      - '14994'
=======
      - 4ff617f5-c88f-471d-96dd-5c6f8380223a
      x-ms-ratelimit-remaining-subscription-deletes:
      - '14996'
>>>>>>> bump to 2019-09-01 for network
    status:
      code: 202
      message: Accepted
- request:
    body: null
    headers:
      Accept:
      - application/json
      Accept-Encoding:
      - gzip, deflate
      CommandName:
      - network route-filter rule delete
      Connection:
      - keep-alive
      ParameterSetName:
      - -g --filter-name -n
      User-Agent:
      - python/3.7.4 (Windows-10-10.0.18362-SP0) msrest/0.6.10 msrest_azure/0.6.2
        azure-mgmt-network/6.0.0 Azure-SDK-For-Python AZURECLI/2.0.75
    method: GET
<<<<<<< HEAD
    uri: https://management.azure.com/subscriptions/00000000-0000-0000-0000-000000000000/providers/Microsoft.Network/locations/westus/operations/786e1f18-f8f8-4dd7-abf0-5e136d2f4d32?api-version=2019-08-01
=======
    uri: https://management.azure.com/subscriptions/00000000-0000-0000-0000-000000000000/providers/Microsoft.Network/locations/westus/operations/c0ab608e-8229-44a2-8cee-e709a2e01b92?api-version=2019-09-01
>>>>>>> bump to 2019-09-01 for network
  response:
    body:
      string: "{\r\n  \"status\": \"Succeeded\"\r\n}"
    headers:
      cache-control:
      - no-cache
      content-length:
      - '29'
      content-type:
      - application/json; charset=utf-8
      date:
<<<<<<< HEAD
      - Mon, 21 Oct 2019 12:19:17 GMT
=======
      - Mon, 21 Oct 2019 12:47:04 GMT
>>>>>>> bump to 2019-09-01 for network
      expires:
      - '-1'
      pragma:
      - no-cache
      server:
      - Microsoft-HTTPAPI/2.0
      - Microsoft-HTTPAPI/2.0
      strict-transport-security:
      - max-age=31536000; includeSubDomains
      transfer-encoding:
      - chunked
      vary:
      - Accept-Encoding
      x-content-type-options:
      - nosniff
      x-ms-arm-service-request-id:
<<<<<<< HEAD
      - 47a3c870-1412-4189-b978-36aca062034e
=======
      - b86cfc94-090e-4578-b288-f8bfa29e989f
>>>>>>> bump to 2019-09-01 for network
    status:
      code: 200
      message: OK
- request:
    body: null
    headers:
      Accept:
      - application/json
      Accept-Encoding:
      - gzip, deflate
      CommandName:
      - network route-filter delete
      Connection:
      - keep-alive
      Content-Length:
      - '0'
      ParameterSetName:
      - -g -n
      User-Agent:
      - python/3.7.4 (Windows-10-10.0.18362-SP0) msrest/0.6.10 msrest_azure/0.6.2
        azure-mgmt-network/6.0.0 Azure-SDK-For-Python AZURECLI/2.0.75
      accept-language:
      - en-US
    method: DELETE
    uri: https://management.azure.com/subscriptions/00000000-0000-0000-0000-000000000000/resourceGroups/cli_test_network_route_filter000001/providers/Microsoft.Network/routeFilters/filter1?api-version=2019-09-01
  response:
    body:
      string: ''
    headers:
      azure-asyncoperation:
<<<<<<< HEAD
      - https://management.azure.com/subscriptions/00000000-0000-0000-0000-000000000000/providers/Microsoft.Network/locations/westus/operations/63604828-9fb1-425b-beb1-3f1e047f945b?api-version=2019-08-01
=======
      - https://management.azure.com/subscriptions/00000000-0000-0000-0000-000000000000/providers/Microsoft.Network/locations/westus/operations/9da62e78-bdfb-437c-a41e-f6f5ceddea42?api-version=2019-09-01
>>>>>>> bump to 2019-09-01 for network
      cache-control:
      - no-cache
      content-length:
      - '0'
      date:
<<<<<<< HEAD
      - Mon, 21 Oct 2019 12:19:21 GMT
      expires:
      - '-1'
      location:
      - https://management.azure.com/subscriptions/00000000-0000-0000-0000-000000000000/providers/Microsoft.Network/locations/westus/operationResults/63604828-9fb1-425b-beb1-3f1e047f945b?api-version=2019-08-01
=======
      - Mon, 21 Oct 2019 12:47:06 GMT
      expires:
      - '-1'
      location:
      - https://management.azure.com/subscriptions/00000000-0000-0000-0000-000000000000/providers/Microsoft.Network/locations/westus/operationResults/9da62e78-bdfb-437c-a41e-f6f5ceddea42?api-version=2019-09-01
>>>>>>> bump to 2019-09-01 for network
      pragma:
      - no-cache
      server:
      - Microsoft-HTTPAPI/2.0
      - Microsoft-HTTPAPI/2.0
      strict-transport-security:
      - max-age=31536000; includeSubDomains
      x-content-type-options:
      - nosniff
      x-ms-arm-service-request-id:
<<<<<<< HEAD
      - e55b19bd-65d2-4473-840f-830da09c2173
      x-ms-ratelimit-remaining-subscription-deletes:
      - '14993'
=======
      - f52eecdf-e9d5-4597-aa17-8e6219a8eb24
      x-ms-ratelimit-remaining-subscription-deletes:
      - '14988'
>>>>>>> bump to 2019-09-01 for network
    status:
      code: 202
      message: Accepted
- request:
    body: null
    headers:
      Accept:
      - application/json
      Accept-Encoding:
      - gzip, deflate
      CommandName:
      - network route-filter delete
      Connection:
      - keep-alive
      ParameterSetName:
      - -g -n
      User-Agent:
      - python/3.7.4 (Windows-10-10.0.18362-SP0) msrest/0.6.10 msrest_azure/0.6.2
        azure-mgmt-network/6.0.0 Azure-SDK-For-Python AZURECLI/2.0.75
    method: GET
<<<<<<< HEAD
    uri: https://management.azure.com/subscriptions/00000000-0000-0000-0000-000000000000/providers/Microsoft.Network/locations/westus/operations/63604828-9fb1-425b-beb1-3f1e047f945b?api-version=2019-08-01
=======
    uri: https://management.azure.com/subscriptions/00000000-0000-0000-0000-000000000000/providers/Microsoft.Network/locations/westus/operations/9da62e78-bdfb-437c-a41e-f6f5ceddea42?api-version=2019-09-01
>>>>>>> bump to 2019-09-01 for network
  response:
    body:
      string: "{\r\n  \"status\": \"Succeeded\"\r\n}"
    headers:
      cache-control:
      - no-cache
      content-length:
      - '29'
      content-type:
      - application/json; charset=utf-8
      date:
<<<<<<< HEAD
      - Mon, 21 Oct 2019 12:19:33 GMT
=======
      - Mon, 21 Oct 2019 12:47:17 GMT
>>>>>>> bump to 2019-09-01 for network
      expires:
      - '-1'
      pragma:
      - no-cache
      server:
      - Microsoft-HTTPAPI/2.0
      - Microsoft-HTTPAPI/2.0
      strict-transport-security:
      - max-age=31536000; includeSubDomains
      transfer-encoding:
      - chunked
      vary:
      - Accept-Encoding
      x-content-type-options:
      - nosniff
      x-ms-arm-service-request-id:
<<<<<<< HEAD
      - 30a668cc-4acb-45be-8feb-31dc557080a8
=======
      - 95e4db7a-96ac-4862-8dc6-8990ab83a09c
>>>>>>> bump to 2019-09-01 for network
    status:
      code: 200
      message: OK
version: 1
