interactions:
- request:
    body: null
    headers:
      Accept:
      - application/json
      Accept-Encoding:
      - gzip, deflate
      CommandName:
      - network vnet list-endpoint-services
      Connection:
      - keep-alive
      ParameterSetName:
      - -l
      User-Agent:
      - AZURECLI/2.40.0 (AAZ) azsdk-python-core/1.24.0 Python/3.8.10 (Windows-10-10.0.19044-SP0)
    method: GET
    uri: https://management.azure.com/subscriptions/00000000-0000-0000-0000-000000000000/providers/Microsoft.Network/locations/westus/virtualNetworkAvailableEndpointServices?api-version=2022-01-01
  response:
    body:
      string: "{\r\n  \"value\": [\r\n    {\r\n      \"name\": \"Microsoft.Storage\",\r\n
        \     \"id\": \"/subscriptions/00000000-0000-0000-0000-000000000000/providers/Microsoft.Network/virtualNetworkEndpointServices/Microsoft.Storage\",\r\n
        \     \"type\": \"Microsoft.Network/virtualNetworkEndpointServices\"\r\n    },\r\n
        \   {\r\n      \"name\": \"Microsoft.Sql\",\r\n      \"id\": \"/subscriptions/00000000-0000-0000-0000-000000000000/providers/Microsoft.Network/virtualNetworkEndpointServices/Microsoft.Sql\",\r\n
        \     \"type\": \"Microsoft.Network/virtualNetworkEndpointServices\"\r\n    },\r\n
        \   {\r\n      \"name\": \"Microsoft.AzureActiveDirectory\",\r\n      \"id\":
        \"/subscriptions/00000000-0000-0000-0000-000000000000/providers/Microsoft.Network/virtualNetworkEndpointServices/Microsoft.AzureActiveDirectory\",\r\n
        \     \"type\": \"Microsoft.Network/virtualNetworkEndpointServices\"\r\n    },\r\n
        \   {\r\n      \"name\": \"Microsoft.AzureCosmosDB\",\r\n      \"id\": \"/subscriptions/00000000-0000-0000-0000-000000000000/providers/Microsoft.Network/virtualNetworkEndpointServices/Microsoft.AzureCosmosDB\",\r\n
        \     \"type\": \"Microsoft.Network/virtualNetworkEndpointServices\"\r\n    },\r\n
        \   {\r\n      \"name\": \"Microsoft.Web\",\r\n      \"id\": \"/subscriptions/00000000-0000-0000-0000-000000000000/providers/Microsoft.Network/virtualNetworkEndpointServices/Microsoft.Web\",\r\n
        \     \"type\": \"Microsoft.Network/virtualNetworkEndpointServices\"\r\n    },\r\n
        \   {\r\n      \"name\": \"Microsoft.KeyVault\",\r\n      \"id\": \"/subscriptions/00000000-0000-0000-0000-000000000000/providers/Microsoft.Network/virtualNetworkEndpointServices/Microsoft.KeyVault\",\r\n
        \     \"type\": \"Microsoft.Network/virtualNetworkEndpointServices\"\r\n    },\r\n
        \   {\r\n      \"name\": \"Microsoft.EventHub\",\r\n      \"id\": \"/subscriptions/00000000-0000-0000-0000-000000000000/providers/Microsoft.Network/virtualNetworkEndpointServices/Microsoft.EventHub\",\r\n
        \     \"type\": \"Microsoft.Network/virtualNetworkEndpointServices\"\r\n    },\r\n
        \   {\r\n      \"name\": \"Microsoft.ServiceBus\",\r\n      \"id\": \"/subscriptions/00000000-0000-0000-0000-000000000000/providers/Microsoft.Network/virtualNetworkEndpointServices/Microsoft.ServiceBus\",\r\n
        \     \"type\": \"Microsoft.Network/virtualNetworkEndpointServices\"\r\n    },\r\n
        \   {\r\n      \"name\": \"Microsoft.ContainerRegistry\",\r\n      \"id\":
        \"/subscriptions/00000000-0000-0000-0000-000000000000/providers/Microsoft.Network/virtualNetworkEndpointServices/Microsoft.ContainerRegistry\",\r\n
        \     \"type\": \"Microsoft.Network/virtualNetworkEndpointServices\"\r\n    },\r\n
        \   {\r\n      \"name\": \"Microsoft.CognitiveServices\",\r\n      \"id\":
        \"/subscriptions/00000000-0000-0000-0000-000000000000/providers/Microsoft.Network/virtualNetworkEndpointServices/Microsoft.CognitiveServices\",\r\n
        \     \"type\": \"Microsoft.Network/virtualNetworkEndpointServices\"\r\n    },\r\n
        \   {\r\n      \"name\": \"Microsoft.CosmosDBManagedInstance\",\r\n      \"id\":
        \"/subscriptions/00000000-0000-0000-0000-000000000000/providers/Microsoft.Network/virtualNetworkEndpointServices/Microsoft.CosmosDBManagedInstance\",\r\n
        \     \"type\": \"Microsoft.Network/virtualNetworkEndpointServices\"\r\n    }\r\n
        \ ]\r\n}"
    headers:
      cache-control:
      - no-cache
      content-length:
      - '3008'
      content-type:
      - application/json; charset=utf-8
      date:
      - Mon, 19 Sep 2022 05:40:49 GMT
      expires:
      - '-1'
      pragma:
      - no-cache
      server:
      - Microsoft-HTTPAPI/2.0
      - Microsoft-HTTPAPI/2.0
      strict-transport-security:
      - max-age=31536000; includeSubDomains
      transfer-encoding:
      - chunked
      vary:
      - Accept-Encoding
      x-content-type-options:
      - nosniff
      x-ms-arm-service-request-id:
      - d03326e8-b2f3-408b-8286-c2c322215899
    status:
      code: 200
      message: OK
- request:
    body: null
    headers:
      Accept:
      - application/json
      Accept-Encoding:
      - gzip, deflate
      CommandName:
      - network vnet create
      Connection:
      - keep-alive
      ParameterSetName:
      - -g -n
      User-Agent:
      - AZURECLI/2.40.0 azsdk-python-azure-mgmt-resource/21.1.0b1 Python/3.8.10 (Windows-10-10.0.19044-SP0)
    method: GET
    uri: https://management.azure.com/subscriptions/00000000-0000-0000-0000-000000000000/resourcegroups/cli_subnet_endpoint_service_test000001?api-version=2021-04-01
  response:
    body:
      string: '{"id":"/subscriptions/00000000-0000-0000-0000-000000000000/resourceGroups/cli_subnet_endpoint_service_test000001","name":"cli_subnet_endpoint_service_test000001","type":"Microsoft.Resources/resourceGroups","location":"westus","tags":{"product":"azurecli","cause":"automation","date":"2022-09-19T05:40:42Z"},"properties":{"provisioningState":"Succeeded"}}'
    headers:
      cache-control:
      - no-cache
      content-length:
      - '354'
      content-type:
      - application/json; charset=utf-8
      date:
      - Mon, 19 Sep 2022 05:40:54 GMT
      expires:
      - '-1'
      pragma:
      - no-cache
      strict-transport-security:
      - max-age=31536000; includeSubDomains
      x-content-type-options:
      - nosniff
    status:
      code: 200
      message: OK
- request:
    body: '{"location": "westus", "tags": {}, "properties": {"addressSpace": {"addressPrefixes":
      ["10.0.0.0/16"]}, "dhcpOptions": {}}}'
    headers:
      Accept:
      - application/json
      Accept-Encoding:
      - gzip, deflate
      CommandName:
      - network vnet create
      Connection:
      - keep-alive
      Content-Length:
      - '123'
      Content-Type:
      - application/json
      ParameterSetName:
      - -g -n
      User-Agent:
      - AZURECLI/2.40.0 azsdk-python-azure-mgmt-network/21.0.1 Python/3.8.10 (Windows-10-10.0.19044-SP0)
    method: PUT
    uri: https://management.azure.com/subscriptions/00000000-0000-0000-0000-000000000000/resourceGroups/cli_subnet_endpoint_service_test000001/providers/Microsoft.Network/virtualNetworks/vnet1?api-version=2022-01-01
  response:
    body:
      string: "{\r\n  \"name\": \"vnet1\",\r\n  \"id\": \"/subscriptions/00000000-0000-0000-0000-000000000000/resourceGroups/cli_subnet_endpoint_service_test000001/providers/Microsoft.Network/virtualNetworks/vnet1\",\r\n
        \ \"etag\": \"W/\\\"0ead4631-795d-4def-bb87-05ad7b1ee15f\\\"\",\r\n  \"type\":
        \"Microsoft.Network/virtualNetworks\",\r\n  \"location\": \"westus\",\r\n
        \ \"tags\": {},\r\n  \"properties\": {\r\n    \"provisioningState\": \"Updating\",\r\n
        \   \"resourceGuid\": \"8d50be07-7e7d-48c2-bf26-d4ce297b9f61\",\r\n    \"addressSpace\":
        {\r\n      \"addressPrefixes\": [\r\n        \"10.0.0.0/16\"\r\n      ]\r\n
        \   },\r\n    \"dhcpOptions\": {\r\n      \"dnsServers\": []\r\n    },\r\n
        \   \"subnets\": [],\r\n    \"virtualNetworkPeerings\": [],\r\n    \"enableDdosProtection\":
        false\r\n  }\r\n}"
    headers:
      azure-asyncnotification:
      - Enabled
      azure-asyncoperation:
      - https://management.azure.com/subscriptions/00000000-0000-0000-0000-000000000000/providers/Microsoft.Network/locations/westus/operations/f6d97f47-54ae-4bfa-94e5-8f17614d497b?api-version=2022-01-01
      cache-control:
      - no-cache
      content-length:
      - '695'
      content-type:
      - application/json; charset=utf-8
      date:
      - Mon, 19 Sep 2022 05:40:58 GMT
      expires:
      - '-1'
      pragma:
      - no-cache
      server:
      - Microsoft-HTTPAPI/2.0
      - Microsoft-HTTPAPI/2.0
      strict-transport-security:
      - max-age=31536000; includeSubDomains
      x-content-type-options:
      - nosniff
      x-ms-arm-service-request-id:
      - d4a65f2f-5378-4414-8f2d-2ce0e83833c8
      x-ms-ratelimit-remaining-subscription-writes:
      - '1199'
    status:
      code: 201
      message: Created
- request:
    body: null
    headers:
      Accept:
      - '*/*'
      Accept-Encoding:
      - gzip, deflate
      CommandName:
      - network vnet create
      Connection:
      - keep-alive
      ParameterSetName:
      - -g -n
      User-Agent:
      - AZURECLI/2.40.0 azsdk-python-azure-mgmt-network/21.0.1 Python/3.8.10 (Windows-10-10.0.19044-SP0)
    method: GET
    uri: https://management.azure.com/subscriptions/00000000-0000-0000-0000-000000000000/providers/Microsoft.Network/locations/westus/operations/f6d97f47-54ae-4bfa-94e5-8f17614d497b?api-version=2022-01-01
  response:
    body:
      string: "{\r\n  \"status\": \"Succeeded\"\r\n}"
    headers:
      cache-control:
      - no-cache
      content-length:
      - '29'
      content-type:
      - application/json; charset=utf-8
      date:
      - Mon, 19 Sep 2022 05:41:01 GMT
      expires:
      - '-1'
      pragma:
      - no-cache
      server:
      - Microsoft-HTTPAPI/2.0
      - Microsoft-HTTPAPI/2.0
      strict-transport-security:
      - max-age=31536000; includeSubDomains
      transfer-encoding:
      - chunked
      vary:
      - Accept-Encoding
      x-content-type-options:
      - nosniff
      x-ms-arm-service-request-id:
      - 295e9efc-70d4-4e22-80d1-5d8b17cd95e4
    status:
      code: 200
      message: OK
- request:
    body: null
    headers:
      Accept:
      - '*/*'
      Accept-Encoding:
      - gzip, deflate
      CommandName:
      - network vnet create
      Connection:
      - keep-alive
      ParameterSetName:
      - -g -n
      User-Agent:
      - AZURECLI/2.40.0 azsdk-python-azure-mgmt-network/21.0.1 Python/3.8.10 (Windows-10-10.0.19044-SP0)
    method: GET
    uri: https://management.azure.com/subscriptions/00000000-0000-0000-0000-000000000000/resourceGroups/cli_subnet_endpoint_service_test000001/providers/Microsoft.Network/virtualNetworks/vnet1?api-version=2022-01-01
  response:
    body:
      string: "{\r\n  \"name\": \"vnet1\",\r\n  \"id\": \"/subscriptions/00000000-0000-0000-0000-000000000000/resourceGroups/cli_subnet_endpoint_service_test000001/providers/Microsoft.Network/virtualNetworks/vnet1\",\r\n
        \ \"etag\": \"W/\\\"9f53d24d-3a11-43c1-a5a8-1604749bac7f\\\"\",\r\n  \"type\":
        \"Microsoft.Network/virtualNetworks\",\r\n  \"location\": \"westus\",\r\n
        \ \"tags\": {},\r\n  \"properties\": {\r\n    \"provisioningState\": \"Succeeded\",\r\n
        \   \"resourceGuid\": \"8d50be07-7e7d-48c2-bf26-d4ce297b9f61\",\r\n    \"addressSpace\":
        {\r\n      \"addressPrefixes\": [\r\n        \"10.0.0.0/16\"\r\n      ]\r\n
        \   },\r\n    \"dhcpOptions\": {\r\n      \"dnsServers\": []\r\n    },\r\n
        \   \"subnets\": [],\r\n    \"virtualNetworkPeerings\": [],\r\n    \"enableDdosProtection\":
        false\r\n  }\r\n}"
    headers:
      cache-control:
      - no-cache
      content-length:
      - '696'
      content-type:
      - application/json; charset=utf-8
      date:
      - Mon, 19 Sep 2022 05:41:02 GMT
      etag:
      - W/"9f53d24d-3a11-43c1-a5a8-1604749bac7f"
      expires:
      - '-1'
      pragma:
      - no-cache
      server:
      - Microsoft-HTTPAPI/2.0
      - Microsoft-HTTPAPI/2.0
      strict-transport-security:
      - max-age=31536000; includeSubDomains
      transfer-encoding:
      - chunked
      vary:
      - Accept-Encoding
      x-content-type-options:
      - nosniff
      x-ms-arm-service-request-id:
      - d9765225-3da3-4c30-b735-524660a1fac2
    status:
      code: 200
      message: OK
- request:
    body: null
    headers:
      Accept:
      - application/json
      Accept-Encoding:
      - gzip, deflate
      CommandName:
      - network vnet subnet create
      Connection:
      - keep-alive
      ParameterSetName:
      - -g --vnet-name -n --address-prefix --service-endpoints
      User-Agent:
      - AZURECLI/2.40.0 azsdk-python-azure-mgmt-network/21.0.1 Python/3.8.10 (Windows-10-10.0.19044-SP0)
    method: GET
    uri: https://management.azure.com/subscriptions/00000000-0000-0000-0000-000000000000/resourceGroups/cli_subnet_endpoint_service_test000001/providers/Microsoft.Network/virtualNetworks/vnet1?api-version=2022-01-01
  response:
    body:
      string: "{\r\n  \"name\": \"vnet1\",\r\n  \"id\": \"/subscriptions/00000000-0000-0000-0000-000000000000/resourceGroups/cli_subnet_endpoint_service_test000001/providers/Microsoft.Network/virtualNetworks/vnet1\",\r\n
        \ \"etag\": \"W/\\\"9f53d24d-3a11-43c1-a5a8-1604749bac7f\\\"\",\r\n  \"type\":
        \"Microsoft.Network/virtualNetworks\",\r\n  \"location\": \"westus\",\r\n
        \ \"tags\": {},\r\n  \"properties\": {\r\n    \"provisioningState\": \"Succeeded\",\r\n
        \   \"resourceGuid\": \"8d50be07-7e7d-48c2-bf26-d4ce297b9f61\",\r\n    \"addressSpace\":
        {\r\n      \"addressPrefixes\": [\r\n        \"10.0.0.0/16\"\r\n      ]\r\n
        \   },\r\n    \"dhcpOptions\": {\r\n      \"dnsServers\": []\r\n    },\r\n
        \   \"subnets\": [],\r\n    \"virtualNetworkPeerings\": [],\r\n    \"enableDdosProtection\":
        false\r\n  }\r\n}"
    headers:
      cache-control:
      - no-cache
      content-length:
      - '696'
      content-type:
      - application/json; charset=utf-8
      date:
      - Mon, 19 Sep 2022 05:41:03 GMT
      etag:
      - W/"9f53d24d-3a11-43c1-a5a8-1604749bac7f"
      expires:
      - '-1'
      pragma:
      - no-cache
      server:
      - Microsoft-HTTPAPI/2.0
      - Microsoft-HTTPAPI/2.0
      strict-transport-security:
      - max-age=31536000; includeSubDomains
      transfer-encoding:
      - chunked
      vary:
      - Accept-Encoding
      x-content-type-options:
      - nosniff
      x-ms-arm-service-request-id:
      - 7e95835f-8267-4c8f-be2a-3c57a469faf2
    status:
      code: 200
      message: OK
- request:
    body: '{"id": "/subscriptions/00000000-0000-0000-0000-000000000000/resourceGroups/cli_subnet_endpoint_service_test000001/providers/Microsoft.Network/virtualNetworks/vnet1",
      "location": "westus", "tags": {}, "properties": {"addressSpace": {"addressPrefixes":
      ["10.0.0.0/16"]}, "dhcpOptions": {"dnsServers": []}, "subnets": [{"name": "subnet1",
      "properties": {"addressPrefix": "10.0.1.0/24", "serviceEndpoints": [{"service":
      "Microsoft.Storage"}], "privateEndpointNetworkPolicies": "Disabled", "privateLinkServiceNetworkPolicies":
      "Enabled"}}], "virtualNetworkPeerings": [], "enableDdosProtection": false}}'
    headers:
      Accept:
      - application/json
      Accept-Encoding:
      - gzip, deflate
      CommandName:
      - network vnet subnet create
      Connection:
      - keep-alive
      Content-Length:
      - '597'
      Content-Type:
      - application/json
      ParameterSetName:
      - -g --vnet-name -n --address-prefix --service-endpoints
      User-Agent:
      - AZURECLI/2.40.0 azsdk-python-azure-mgmt-network/21.0.1 Python/3.8.10 (Windows-10-10.0.19044-SP0)
    method: PUT
    uri: https://management.azure.com/subscriptions/00000000-0000-0000-0000-000000000000/resourceGroups/cli_subnet_endpoint_service_test000001/providers/Microsoft.Network/virtualNetworks/vnet1?api-version=2022-01-01
  response:
    body:
      string: "{\r\n  \"name\": \"vnet1\",\r\n  \"id\": \"/subscriptions/00000000-0000-0000-0000-000000000000/resourceGroups/cli_subnet_endpoint_service_test000001/providers/Microsoft.Network/virtualNetworks/vnet1\",\r\n
        \ \"etag\": \"W/\\\"21c983ff-c51b-4c6d-98a5-7a07eb85cf00\\\"\",\r\n  \"type\":
        \"Microsoft.Network/virtualNetworks\",\r\n  \"location\": \"westus\",\r\n
        \ \"tags\": {},\r\n  \"properties\": {\r\n    \"provisioningState\": \"Updating\",\r\n
        \   \"resourceGuid\": \"8d50be07-7e7d-48c2-bf26-d4ce297b9f61\",\r\n    \"addressSpace\":
        {\r\n      \"addressPrefixes\": [\r\n        \"10.0.0.0/16\"\r\n      ]\r\n
        \   },\r\n    \"dhcpOptions\": {\r\n      \"dnsServers\": []\r\n    },\r\n
        \   \"subnets\": [\r\n      {\r\n        \"name\": \"subnet1\",\r\n        \"id\":
        \"/subscriptions/00000000-0000-0000-0000-000000000000/resourceGroups/cli_subnet_endpoint_service_test000001/providers/Microsoft.Network/virtualNetworks/vnet1/subnets/subnet1\",\r\n
        \       \"etag\": \"W/\\\"21c983ff-c51b-4c6d-98a5-7a07eb85cf00\\\"\",\r\n
        \       \"properties\": {\r\n          \"provisioningState\": \"Updating\",\r\n
        \         \"addressPrefix\": \"10.0.1.0/24\",\r\n          \"serviceEndpoints\":
        [\r\n            {\r\n              \"provisioningState\": \"Updating\",\r\n
        \             \"service\": \"Microsoft.Storage\",\r\n              \"locations\":
        [\r\n                \"*\"\r\n              ]\r\n            }\r\n          ],\r\n
        \         \"delegations\": [],\r\n          \"privateEndpointNetworkPolicies\":
        \"Disabled\",\r\n          \"privateLinkServiceNetworkPolicies\": \"Enabled\"\r\n
        \       },\r\n        \"type\": \"Microsoft.Network/virtualNetworks/subnets\"\r\n
        \     }\r\n    ],\r\n    \"virtualNetworkPeerings\": [],\r\n    \"enableDdosProtection\":
        false\r\n  }\r\n}"
    headers:
      azure-asyncnotification:
      - Enabled
      azure-asyncoperation:
      - https://management.azure.com/subscriptions/00000000-0000-0000-0000-000000000000/providers/Microsoft.Network/locations/westus/operations/547a4844-0acd-4417-9f5f-128d88e9bc0c?api-version=2022-01-01
      cache-control:
      - no-cache
      content-length:
      - '1570'
      content-type:
      - application/json; charset=utf-8
      date:
      - Mon, 19 Sep 2022 05:41:05 GMT
      expires:
      - '-1'
      pragma:
      - no-cache
      server:
      - Microsoft-HTTPAPI/2.0
      - Microsoft-HTTPAPI/2.0
      strict-transport-security:
      - max-age=31536000; includeSubDomains
      transfer-encoding:
      - chunked
      vary:
      - Accept-Encoding
      x-content-type-options:
      - nosniff
      x-ms-arm-service-request-id:
      - 9b647f62-4215-4b3f-8f6e-92dbda9c0be0
      x-ms-ratelimit-remaining-subscription-writes:
      - '1199'
    status:
      code: 200
      message: OK
- request:
    body: null
    headers:
      Accept:
      - '*/*'
      Accept-Encoding:
      - gzip, deflate
      CommandName:
      - network vnet subnet create
      Connection:
      - keep-alive
      ParameterSetName:
      - -g --vnet-name -n --address-prefix --service-endpoints
      User-Agent:
      - AZURECLI/2.40.0 azsdk-python-azure-mgmt-network/21.0.1 Python/3.8.10 (Windows-10-10.0.19044-SP0)
    method: GET
    uri: https://management.azure.com/subscriptions/00000000-0000-0000-0000-000000000000/providers/Microsoft.Network/locations/westus/operations/547a4844-0acd-4417-9f5f-128d88e9bc0c?api-version=2022-01-01
  response:
    body:
      string: "{\r\n  \"status\": \"Succeeded\"\r\n}"
    headers:
      cache-control:
      - no-cache
      content-length:
      - '29'
      content-type:
      - application/json; charset=utf-8
      date:
      - Mon, 19 Sep 2022 05:41:09 GMT
      expires:
      - '-1'
      pragma:
      - no-cache
      server:
      - Microsoft-HTTPAPI/2.0
      - Microsoft-HTTPAPI/2.0
      strict-transport-security:
      - max-age=31536000; includeSubDomains
      transfer-encoding:
      - chunked
      vary:
      - Accept-Encoding
      x-content-type-options:
      - nosniff
      x-ms-arm-service-request-id:
      - c7ea5cc1-1dbb-412c-8ea4-8ffca446497e
    status:
      code: 200
      message: OK
- request:
    body: null
    headers:
      Accept:
      - '*/*'
      Accept-Encoding:
      - gzip, deflate
      CommandName:
      - network vnet subnet create
      Connection:
      - keep-alive
      ParameterSetName:
      - -g --vnet-name -n --address-prefix --service-endpoints
      User-Agent:
      - AZURECLI/2.40.0 azsdk-python-azure-mgmt-network/21.0.1 Python/3.8.10 (Windows-10-10.0.19044-SP0)
    method: GET
    uri: https://management.azure.com/subscriptions/00000000-0000-0000-0000-000000000000/resourceGroups/cli_subnet_endpoint_service_test000001/providers/Microsoft.Network/virtualNetworks/vnet1?api-version=2022-01-01
  response:
    body:
      string: "{\r\n  \"name\": \"vnet1\",\r\n  \"id\": \"/subscriptions/00000000-0000-0000-0000-000000000000/resourceGroups/cli_subnet_endpoint_service_test000001/providers/Microsoft.Network/virtualNetworks/vnet1\",\r\n
        \ \"etag\": \"W/\\\"b79ea259-06f2-4cfa-979e-a73a61fa1557\\\"\",\r\n  \"type\":
        \"Microsoft.Network/virtualNetworks\",\r\n  \"location\": \"westus\",\r\n
        \ \"tags\": {},\r\n  \"properties\": {\r\n    \"provisioningState\": \"Succeeded\",\r\n
        \   \"resourceGuid\": \"8d50be07-7e7d-48c2-bf26-d4ce297b9f61\",\r\n    \"addressSpace\":
        {\r\n      \"addressPrefixes\": [\r\n        \"10.0.0.0/16\"\r\n      ]\r\n
        \   },\r\n    \"dhcpOptions\": {\r\n      \"dnsServers\": []\r\n    },\r\n
        \   \"subnets\": [\r\n      {\r\n        \"name\": \"subnet1\",\r\n        \"id\":
        \"/subscriptions/00000000-0000-0000-0000-000000000000/resourceGroups/cli_subnet_endpoint_service_test000001/providers/Microsoft.Network/virtualNetworks/vnet1/subnets/subnet1\",\r\n
        \       \"etag\": \"W/\\\"b79ea259-06f2-4cfa-979e-a73a61fa1557\\\"\",\r\n
        \       \"properties\": {\r\n          \"provisioningState\": \"Succeeded\",\r\n
        \         \"addressPrefix\": \"10.0.1.0/24\",\r\n          \"serviceEndpoints\":
        [\r\n            {\r\n              \"provisioningState\": \"Succeeded\",\r\n
        \             \"service\": \"Microsoft.Storage\",\r\n              \"locations\":
        [\r\n                \"*\"\r\n              ]\r\n            }\r\n          ],\r\n
        \         \"delegations\": [],\r\n          \"privateEndpointNetworkPolicies\":
        \"Disabled\",\r\n          \"privateLinkServiceNetworkPolicies\": \"Enabled\"\r\n
        \       },\r\n        \"type\": \"Microsoft.Network/virtualNetworks/subnets\"\r\n
        \     }\r\n    ],\r\n    \"virtualNetworkPeerings\": [],\r\n    \"enableDdosProtection\":
        false\r\n  }\r\n}"
    headers:
      cache-control:
      - no-cache
      content-length:
      - '1573'
      content-type:
      - application/json; charset=utf-8
      date:
      - Mon, 19 Sep 2022 05:41:09 GMT
      etag:
      - W/"b79ea259-06f2-4cfa-979e-a73a61fa1557"
      expires:
      - '-1'
      pragma:
      - no-cache
      server:
      - Microsoft-HTTPAPI/2.0
      - Microsoft-HTTPAPI/2.0
      strict-transport-security:
      - max-age=31536000; includeSubDomains
      transfer-encoding:
      - chunked
      vary:
      - Accept-Encoding
      x-content-type-options:
      - nosniff
      x-ms-arm-service-request-id:
      - 44fd3444-c40e-4de2-9cbd-aa6447b72f31
    status:
      code: 200
      message: OK
- request:
    body: null
    headers:
      Accept:
      - application/json
      Accept-Encoding:
      - gzip, deflate
      CommandName:
      - network vnet subnet update
      Connection:
      - keep-alive
      ParameterSetName:
      - -g --vnet-name -n --service-endpoints
      User-Agent:
      - AZURECLI/2.40.0 azsdk-python-azure-mgmt-network/21.0.1 Python/3.8.10 (Windows-10-10.0.19044-SP0)
    method: GET
    uri: https://management.azure.com/subscriptions/00000000-0000-0000-0000-000000000000/resourceGroups/cli_subnet_endpoint_service_test000001/providers/Microsoft.Network/virtualNetworks/vnet1/subnets/subnet1?api-version=2022-01-01
  response:
    body:
      string: "{\r\n  \"name\": \"subnet1\",\r\n  \"id\": \"/subscriptions/00000000-0000-0000-0000-000000000000/resourceGroups/cli_subnet_endpoint_service_test000001/providers/Microsoft.Network/virtualNetworks/vnet1/subnets/subnet1\",\r\n
        \ \"etag\": \"W/\\\"b79ea259-06f2-4cfa-979e-a73a61fa1557\\\"\",\r\n  \"properties\":
        {\r\n    \"provisioningState\": \"Succeeded\",\r\n    \"addressPrefix\": \"10.0.1.0/24\",\r\n
        \   \"serviceEndpoints\": [\r\n      {\r\n        \"provisioningState\": \"Succeeded\",\r\n
        \       \"service\": \"Microsoft.Storage\",\r\n        \"locations\": [\r\n
        \         \"*\"\r\n        ]\r\n      }\r\n    ],\r\n    \"delegations\":
        [],\r\n    \"privateEndpointNetworkPolicies\": \"Disabled\",\r\n    \"privateLinkServiceNetworkPolicies\":
        \"Enabled\"\r\n  },\r\n  \"type\": \"Microsoft.Network/virtualNetworks/subnets\"\r\n}"
    headers:
      cache-control:
      - no-cache
      content-length:
      - '737'
      content-type:
      - application/json; charset=utf-8
      date:
      - Mon, 19 Sep 2022 05:41:10 GMT
      etag:
      - W/"b79ea259-06f2-4cfa-979e-a73a61fa1557"
      expires:
      - '-1'
      pragma:
      - no-cache
      server:
      - Microsoft-HTTPAPI/2.0
      - Microsoft-HTTPAPI/2.0
      strict-transport-security:
      - max-age=31536000; includeSubDomains
      transfer-encoding:
      - chunked
      vary:
      - Accept-Encoding
      x-content-type-options:
      - nosniff
      x-ms-arm-service-request-id:
      - 31c2d767-f5b4-441e-8470-fe39d2936154
    status:
      code: 200
      message: OK
- request:
    body: '{"id": "/subscriptions/00000000-0000-0000-0000-000000000000/resourceGroups/cli_subnet_endpoint_service_test000001/providers/Microsoft.Network/virtualNetworks/vnet1/subnets/subnet1",
      "name": "subnet1", "type": "Microsoft.Network/virtualNetworks/subnets", "properties":
      {"addressPrefix": "10.0.1.0/24", "delegations": [], "privateEndpointNetworkPolicies":
      "Disabled", "privateLinkServiceNetworkPolicies": "Enabled"}}'
    headers:
      Accept:
      - application/json
      Accept-Encoding:
      - gzip, deflate
      CommandName:
      - network vnet subnet update
      Connection:
      - keep-alive
      Content-Length:
      - '414'
      Content-Type:
      - application/json
      ParameterSetName:
      - -g --vnet-name -n --service-endpoints
      User-Agent:
      - AZURECLI/2.40.0 azsdk-python-azure-mgmt-network/21.0.1 Python/3.8.10 (Windows-10-10.0.19044-SP0)
    method: PUT
    uri: https://management.azure.com/subscriptions/00000000-0000-0000-0000-000000000000/resourceGroups/cli_subnet_endpoint_service_test000001/providers/Microsoft.Network/virtualNetworks/vnet1/subnets/subnet1?api-version=2022-01-01
  response:
    body:
      string: "{\r\n  \"name\": \"subnet1\",\r\n  \"id\": \"/subscriptions/00000000-0000-0000-0000-000000000000/resourceGroups/cli_subnet_endpoint_service_test000001/providers/Microsoft.Network/virtualNetworks/vnet1/subnets/subnet1\",\r\n
        \ \"etag\": \"W/\\\"309657e6-8d90-4da1-a29e-59014ca79901\\\"\",\r\n  \"properties\":
        {\r\n    \"provisioningState\": \"Updating\",\r\n    \"addressPrefix\": \"10.0.1.0/24\",\r\n
        \   \"delegations\": [],\r\n    \"privateEndpointNetworkPolicies\": \"Disabled\",\r\n
        \   \"privateLinkServiceNetworkPolicies\": \"Enabled\"\r\n  },\r\n  \"type\":
        \"Microsoft.Network/virtualNetworks/subnets\"\r\n}"
    headers:
      azure-asyncoperation:
      - https://management.azure.com/subscriptions/00000000-0000-0000-0000-000000000000/providers/Microsoft.Network/locations/westus/operations/11329697-56dc-4bc1-aca9-47aa645c5f8b?api-version=2022-01-01
      cache-control:
      - no-cache
      content-length:
      - '549'
      content-type:
      - application/json; charset=utf-8
      date:
      - Mon, 19 Sep 2022 05:41:11 GMT
      expires:
      - '-1'
      pragma:
      - no-cache
      server:
      - Microsoft-HTTPAPI/2.0
      - Microsoft-HTTPAPI/2.0
      strict-transport-security:
      - max-age=31536000; includeSubDomains
      transfer-encoding:
      - chunked
      vary:
      - Accept-Encoding
      x-content-type-options:
      - nosniff
      x-ms-arm-service-request-id:
      - 0ab69a01-d905-45a4-ba99-47db4fce314e
      x-ms-ratelimit-remaining-subscription-writes:
      - '1199'
    status:
      code: 200
      message: OK
- request:
    body: null
    headers:
      Accept:
      - '*/*'
      Accept-Encoding:
      - gzip, deflate
      CommandName:
      - network vnet subnet update
      Connection:
      - keep-alive
      ParameterSetName:
      - -g --vnet-name -n --service-endpoints
      User-Agent:
      - AZURECLI/2.40.0 azsdk-python-azure-mgmt-network/21.0.1 Python/3.8.10 (Windows-10-10.0.19044-SP0)
    method: GET
    uri: https://management.azure.com/subscriptions/00000000-0000-0000-0000-000000000000/providers/Microsoft.Network/locations/westus/operations/11329697-56dc-4bc1-aca9-47aa645c5f8b?api-version=2022-01-01
  response:
    body:
      string: "{\r\n  \"status\": \"Succeeded\"\r\n}"
    headers:
      cache-control:
      - no-cache
      content-length:
      - '29'
      content-type:
      - application/json; charset=utf-8
      date:
      - Mon, 19 Sep 2022 05:41:15 GMT
      expires:
      - '-1'
      pragma:
      - no-cache
      server:
      - Microsoft-HTTPAPI/2.0
      - Microsoft-HTTPAPI/2.0
      strict-transport-security:
      - max-age=31536000; includeSubDomains
      transfer-encoding:
      - chunked
      vary:
      - Accept-Encoding
      x-content-type-options:
      - nosniff
      x-ms-arm-service-request-id:
      - b9ed9eed-aa69-4072-8419-660fbafc8546
    status:
      code: 200
      message: OK
- request:
    body: null
    headers:
      Accept:
      - '*/*'
      Accept-Encoding:
      - gzip, deflate
      CommandName:
      - network vnet subnet update
      Connection:
      - keep-alive
      ParameterSetName:
      - -g --vnet-name -n --service-endpoints
      User-Agent:
      - AZURECLI/2.40.0 azsdk-python-azure-mgmt-network/21.0.1 Python/3.8.10 (Windows-10-10.0.19044-SP0)
    method: GET
    uri: https://management.azure.com/subscriptions/00000000-0000-0000-0000-000000000000/resourceGroups/cli_subnet_endpoint_service_test000001/providers/Microsoft.Network/virtualNetworks/vnet1/subnets/subnet1?api-version=2022-01-01
  response:
    body:
      string: "{\r\n  \"name\": \"subnet1\",\r\n  \"id\": \"/subscriptions/00000000-0000-0000-0000-000000000000/resourceGroups/cli_subnet_endpoint_service_test000001/providers/Microsoft.Network/virtualNetworks/vnet1/subnets/subnet1\",\r\n
        \ \"etag\": \"W/\\\"2f267a3a-04a7-4565-b25d-1b47905e86ef\\\"\",\r\n  \"properties\":
        {\r\n    \"provisioningState\": \"Succeeded\",\r\n    \"addressPrefix\": \"10.0.1.0/24\",\r\n
        \   \"delegations\": [],\r\n    \"privateEndpointNetworkPolicies\": \"Disabled\",\r\n
        \   \"privateLinkServiceNetworkPolicies\": \"Enabled\"\r\n  },\r\n  \"type\":
        \"Microsoft.Network/virtualNetworks/subnets\"\r\n}"
    headers:
      cache-control:
      - no-cache
      content-length:
      - '550'
      content-type:
      - application/json; charset=utf-8
      date:
      - Mon, 19 Sep 2022 05:41:15 GMT
      etag:
      - W/"2f267a3a-04a7-4565-b25d-1b47905e86ef"
      expires:
      - '-1'
      pragma:
      - no-cache
      server:
      - Microsoft-HTTPAPI/2.0
      - Microsoft-HTTPAPI/2.0
      strict-transport-security:
      - max-age=31536000; includeSubDomains
      transfer-encoding:
      - chunked
      vary:
      - Accept-Encoding
      x-content-type-options:
      - nosniff
      x-ms-arm-service-request-id:
      - c1bbdfc3-f479-4d38-ae9e-3678685b1ed3
    status:
      code: 200
      message: OK
version: 1
