interactions:
- request:
    body: null
    headers:
      Accept:
      - application/json
      Accept-Encoding:
      - gzip, deflate
      CommandName:
      - network application-gateway waf-policy create
      Connection:
      - keep-alive
      ParameterSetName:
      - -g -n
      User-Agent:
      - python/3.7.4 (Darwin-19.0.0-x86_64-i386-64bit) msrest/0.6.10 msrest_azure/0.6.2
        azure-mgmt-resource/4.0.0 Azure-SDK-For-Python AZURECLI/2.0.76
      accept-language:
      - en-US
    method: GET
    uri: https://management.azure.com/subscriptions/00000000-0000-0000-0000-000000000000/resourcegroups/cli_test_app_gateway_waf_policy_managed_rules_exclusion000001?api-version=2019-07-01
  response:
    body:
      string: '{"id":"/subscriptions/00000000-0000-0000-0000-000000000000/resourceGroups/cli_test_app_gateway_waf_policy_managed_rules_exclusion000001","name":"cli_test_app_gateway_waf_policy_managed_rules_exclusion000001","type":"Microsoft.Resources/resourceGroups","location":"westus","tags":{"product":"azurecli","cause":"automation","date":"2019-11-16T15:25:00Z"},"properties":{"provisioningState":"Succeeded"}}'
    headers:
      cache-control:
      - no-cache
      content-length:
      - '428'
      content-type:
      - application/json; charset=utf-8
      date:
      - Sat, 16 Nov 2019 15:25:06 GMT
      expires:
      - '-1'
      pragma:
      - no-cache
      strict-transport-security:
      - max-age=31536000; includeSubDomains
      vary:
      - Accept-Encoding
      x-content-type-options:
      - nosniff
    status:
      code: 200
      message: OK
- request:
    body: '{"location": "westus", "properties": {"managedRules": {"managedRuleSets":
      [{"ruleSetType": "OWASP", "ruleSetVersion": "3.0"}]}}}'
    headers:
      Accept:
      - application/json
      Accept-Encoding:
      - gzip, deflate
      CommandName:
      - network application-gateway waf-policy create
      Connection:
      - keep-alive
      Content-Length:
      - '128'
      Content-Type:
      - application/json; charset=utf-8
      ParameterSetName:
      - -g -n
      User-Agent:
      - python/3.7.4 (Darwin-19.0.0-x86_64-i386-64bit) msrest/0.6.10 msrest_azure/0.6.2
        azure-mgmt-network/7.0.0 Azure-SDK-For-Python AZURECLI/2.0.76
      accept-language:
      - en-US
    method: PUT
    uri: https://management.azure.com/subscriptions/00000000-0000-0000-0000-000000000000/resourceGroups/cli_test_app_gateway_waf_policy_managed_rules_exclusion000001/providers/Microsoft.Network/ApplicationGatewayWebApplicationFirewallPolicies/agp1?api-version=2019-09-01
  response:
    body:
      string: "{\r\n  \"name\": \"agp1\",\r\n  \"id\": \"/subscriptions/00000000-0000-0000-0000-000000000000/resourceGroups/cli_test_app_gateway_waf_policy_managed_rules_exclusion000001/providers/Microsoft.Network/ApplicationGatewayWebApplicationFirewallPolicies/agp1\",\r\n
        \ \"etag\": \"W/\\\"3c67100e-afd5-4904-927c-850d0dce282c\\\"\",\r\n  \"type\":
        \"Microsoft.Network/ApplicationGatewayWebApplicationFirewallPolicies\",\r\n
        \ \"location\": \"westus\",\r\n  \"properties\": {\r\n    \"provisioningState\":
        \"Updating\",\r\n    \"customRules\": [],\r\n    \"policySettings\": {\r\n
        \     \"requestBodyCheck\": true,\r\n      \"maxRequestBodySizeInKb\": 128,\r\n
        \     \"fileUploadLimitInMb\": 100,\r\n      \"state\": \"Disabled\",\r\n
        \     \"mode\": \"Detection\"\r\n    },\r\n    \"managedRules\": {\r\n      \"managedRuleSets\":
        [\r\n        {\r\n          \"ruleSetType\": \"OWASP\",\r\n          \"ruleSetVersion\":
        \"3.0\",\r\n          \"ruleGroupOverrides\": []\r\n        }\r\n      ],\r\n
        \     \"exclusions\": []\r\n    }\r\n  }\r\n}"
    headers:
      azure-asyncoperation:
      - https://management.azure.com/subscriptions/00000000-0000-0000-0000-000000000000/providers/Microsoft.Network/locations/westus/operations/0ff71d06-f4b9-422d-86cc-9f4c486218f2?api-version=2019-09-01
      cache-control:
      - no-cache
      content-length:
      - '924'
      content-type:
      - application/json; charset=utf-8
      date:
      - Sat, 16 Nov 2019 15:25:10 GMT
      expires:
      - '-1'
      pragma:
      - no-cache
      server:
      - Microsoft-HTTPAPI/2.0
      - Microsoft-HTTPAPI/2.0
      strict-transport-security:
      - max-age=31536000; includeSubDomains
      x-content-type-options:
      - nosniff
      x-ms-arm-service-request-id:
      - a8645930-5efc-4563-85e6-69c25951bcad
      x-ms-ratelimit-remaining-subscription-writes:
      - '1197'
    status:
      code: 201
      message: Created
- request:
    body: null
    headers:
      Accept:
      - application/json
      Accept-Encoding:
      - gzip, deflate
      CommandName:
      - network application-gateway waf-policy managed-rules exclusion add
      Connection:
      - keep-alive
      ParameterSetName:
      - -g --policy-name --match-variable --selector-match-operator --selector
      User-Agent:
      - python/3.7.4 (Darwin-19.0.0-x86_64-i386-64bit) msrest/0.6.10 msrest_azure/0.6.2
        azure-mgmt-network/7.0.0 Azure-SDK-For-Python AZURECLI/2.0.76
      accept-language:
      - en-US
    method: GET
    uri: https://management.azure.com/subscriptions/00000000-0000-0000-0000-000000000000/resourceGroups/cli_test_app_gateway_waf_policy_managed_rules_exclusion000001/providers/Microsoft.Network/ApplicationGatewayWebApplicationFirewallPolicies/agp1?api-version=2019-09-01
  response:
    body:
      string: "{\r\n  \"name\": \"agp1\",\r\n  \"id\": \"/subscriptions/00000000-0000-0000-0000-000000000000/resourceGroups/cli_test_app_gateway_waf_policy_managed_rules_exclusion000001/providers/Microsoft.Network/ApplicationGatewayWebApplicationFirewallPolicies/agp1\",\r\n
        \ \"etag\": \"W/\\\"9f82130e-189f-4fb6-8e27-9250b6f28fdb\\\"\",\r\n  \"type\":
        \"Microsoft.Network/ApplicationGatewayWebApplicationFirewallPolicies\",\r\n
        \ \"location\": \"westus\",\r\n  \"properties\": {\r\n    \"provisioningState\":
        \"Succeeded\",\r\n    \"customRules\": [],\r\n    \"policySettings\": {\r\n
        \     \"requestBodyCheck\": true,\r\n      \"maxRequestBodySizeInKb\": 128,\r\n
        \     \"fileUploadLimitInMb\": 100,\r\n      \"state\": \"Disabled\",\r\n
        \     \"mode\": \"Detection\"\r\n    },\r\n    \"managedRules\": {\r\n      \"managedRuleSets\":
        [\r\n        {\r\n          \"ruleSetType\": \"OWASP\",\r\n          \"ruleSetVersion\":
        \"3.0\",\r\n          \"ruleGroupOverrides\": []\r\n        }\r\n      ],\r\n
        \     \"exclusions\": []\r\n    }\r\n  }\r\n}"
    headers:
      cache-control:
      - no-cache
      content-length:
      - '925'
      content-type:
      - application/json; charset=utf-8
      date:
      - Sat, 16 Nov 2019 15:25:15 GMT
      etag:
      - W/"9f82130e-189f-4fb6-8e27-9250b6f28fdb"
      expires:
      - '-1'
      pragma:
      - no-cache
      server:
      - Microsoft-HTTPAPI/2.0
      - Microsoft-HTTPAPI/2.0
      strict-transport-security:
      - max-age=31536000; includeSubDomains
      transfer-encoding:
      - chunked
      vary:
      - Accept-Encoding
      x-content-type-options:
      - nosniff
      x-ms-arm-service-request-id:
      - 03f567bd-9c62-43d3-8b7a-36a5d95bc88e
    status:
      code: 200
      message: OK
- request:
    body: 'b''{"id": "/subscriptions/00000000-0000-0000-0000-000000000000/resourceGroups/cli_test_app_gateway_waf_policy_managed_rules_exclusion000001/providers/Microsoft.Network/ApplicationGatewayWebApplicationFirewallPolicies/agp1",
      "location": "westus", "properties": {"policySettings": {"state": "Disabled",
      "mode": "Detection", "requestBodyCheck": true, "maxRequestBodySizeInKb": 128,
      "fileUploadLimitInMb": 100}, "customRules": [], "managedRules": {"exclusions":
      [{"matchVariable": "RequestHeaderNames", "selectorMatchOperator": "StartsWith",
      "selector": "Bing"}], "managedRuleSets": [{"ruleSetType": "OWASP", "ruleSetVersion":
      "3.0", "ruleGroupOverrides": []}]}}}'''
    headers:
      Accept:
      - application/json
      Accept-Encoding:
      - gzip, deflate
      CommandName:
      - network application-gateway waf-policy managed-rules exclusion add
      Connection:
      - keep-alive
      Content-Length:
      - '670'
      Content-Type:
      - application/json; charset=utf-8
      ParameterSetName:
      - -g --policy-name --match-variable --selector-match-operator --selector
      User-Agent:
      - python/3.7.4 (Darwin-19.0.0-x86_64-i386-64bit) msrest/0.6.10 msrest_azure/0.6.2
        azure-mgmt-network/7.0.0 Azure-SDK-For-Python AZURECLI/2.0.76
      accept-language:
      - en-US
    method: PUT
    uri: https://management.azure.com/subscriptions/00000000-0000-0000-0000-000000000000/resourceGroups/cli_test_app_gateway_waf_policy_managed_rules_exclusion000001/providers/Microsoft.Network/ApplicationGatewayWebApplicationFirewallPolicies/agp1?api-version=2019-09-01
  response:
    body:
      string: "{\r\n  \"name\": \"agp1\",\r\n  \"id\": \"/subscriptions/00000000-0000-0000-0000-000000000000/resourceGroups/cli_test_app_gateway_waf_policy_managed_rules_exclusion000001/providers/Microsoft.Network/ApplicationGatewayWebApplicationFirewallPolicies/agp1\",\r\n
        \ \"etag\": \"W/\\\"c1fc1017-a653-4e81-95da-4f7571559701\\\"\",\r\n  \"type\":
        \"Microsoft.Network/ApplicationGatewayWebApplicationFirewallPolicies\",\r\n
        \ \"location\": \"westus\",\r\n  \"properties\": {\r\n    \"provisioningState\":
        \"Updating\",\r\n    \"customRules\": [],\r\n    \"policySettings\": {\r\n
        \     \"requestBodyCheck\": true,\r\n      \"maxRequestBodySizeInKb\": 128,\r\n
        \     \"fileUploadLimitInMb\": 100,\r\n      \"state\": \"Disabled\",\r\n
        \     \"mode\": \"Detection\"\r\n    },\r\n    \"managedRules\": {\r\n      \"managedRuleSets\":
        [\r\n        {\r\n          \"ruleSetType\": \"OWASP\",\r\n          \"ruleSetVersion\":
        \"3.0\",\r\n          \"ruleGroupOverrides\": []\r\n        }\r\n      ],\r\n
        \     \"exclusions\": [\r\n        {\r\n          \"matchVariable\": \"RequestHeaderNames\",\r\n
        \         \"selectorMatchOperator\": \"StartsWith\",\r\n          \"selector\":
        \"Bing\"\r\n        }\r\n      ]\r\n    }\r\n  }\r\n}"
    headers:
      azure-asyncoperation:
      - https://management.azure.com/subscriptions/00000000-0000-0000-0000-000000000000/providers/Microsoft.Network/locations/westus/operations/35235dc0-56ca-4f6b-b343-9476548ce566?api-version=2019-09-01
      cache-control:
      - no-cache
      content-length:
      - '1084'
      content-type:
      - application/json; charset=utf-8
      date:
      - Sat, 16 Nov 2019 15:25:16 GMT
      expires:
      - '-1'
      pragma:
      - no-cache
      server:
      - Microsoft-HTTPAPI/2.0
      - Microsoft-HTTPAPI/2.0
      strict-transport-security:
      - max-age=31536000; includeSubDomains
      transfer-encoding:
      - chunked
      vary:
      - Accept-Encoding
      x-content-type-options:
      - nosniff
      x-ms-arm-service-request-id:
      - 35d1e789-d1d3-4597-8692-ae2b805cefed
      x-ms-ratelimit-remaining-subscription-writes:
      - '1196'
    status:
      code: 200
      message: OK
- request:
    body: null
    headers:
      Accept:
      - application/json
      Accept-Encoding:
      - gzip, deflate
      CommandName:
      - network application-gateway waf-policy managed-rules exclusion list
      Connection:
      - keep-alive
      ParameterSetName:
      - -g --policy-name
      User-Agent:
      - python/3.7.4 (Darwin-19.0.0-x86_64-i386-64bit) msrest/0.6.10 msrest_azure/0.6.2
        azure-mgmt-network/7.0.0 Azure-SDK-For-Python AZURECLI/2.0.76
      accept-language:
      - en-US
    method: GET
    uri: https://management.azure.com/subscriptions/00000000-0000-0000-0000-000000000000/resourceGroups/cli_test_app_gateway_waf_policy_managed_rules_exclusion000001/providers/Microsoft.Network/ApplicationGatewayWebApplicationFirewallPolicies/agp1?api-version=2019-09-01
  response:
    body:
      string: "{\r\n  \"name\": \"agp1\",\r\n  \"id\": \"/subscriptions/00000000-0000-0000-0000-000000000000/resourceGroups/cli_test_app_gateway_waf_policy_managed_rules_exclusion000001/providers/Microsoft.Network/ApplicationGatewayWebApplicationFirewallPolicies/agp1\",\r\n
        \ \"etag\": \"W/\\\"0e5ae25c-25d7-4675-a9eb-d5a9595006fe\\\"\",\r\n  \"type\":
        \"Microsoft.Network/ApplicationGatewayWebApplicationFirewallPolicies\",\r\n
        \ \"location\": \"westus\",\r\n  \"properties\": {\r\n    \"provisioningState\":
        \"Succeeded\",\r\n    \"customRules\": [],\r\n    \"policySettings\": {\r\n
        \     \"requestBodyCheck\": true,\r\n      \"maxRequestBodySizeInKb\": 128,\r\n
        \     \"fileUploadLimitInMb\": 100,\r\n      \"state\": \"Disabled\",\r\n
        \     \"mode\": \"Detection\"\r\n    },\r\n    \"managedRules\": {\r\n      \"managedRuleSets\":
        [\r\n        {\r\n          \"ruleSetType\": \"OWASP\",\r\n          \"ruleSetVersion\":
        \"3.0\",\r\n          \"ruleGroupOverrides\": []\r\n        }\r\n      ],\r\n
        \     \"exclusions\": [\r\n        {\r\n          \"matchVariable\": \"RequestHeaderNames\",\r\n
        \         \"selectorMatchOperator\": \"StartsWith\",\r\n          \"selector\":
        \"Bing\"\r\n        }\r\n      ]\r\n    }\r\n  }\r\n}"
    headers:
      cache-control:
      - no-cache
      content-length:
      - '1085'
      content-type:
      - application/json; charset=utf-8
      date:
      - Sat, 16 Nov 2019 15:25:22 GMT
      etag:
      - W/"0e5ae25c-25d7-4675-a9eb-d5a9595006fe"
      expires:
      - '-1'
      pragma:
      - no-cache
      server:
      - Microsoft-HTTPAPI/2.0
      - Microsoft-HTTPAPI/2.0
      strict-transport-security:
      - max-age=31536000; includeSubDomains
      transfer-encoding:
      - chunked
      vary:
      - Accept-Encoding
      x-content-type-options:
      - nosniff
      x-ms-arm-service-request-id:
      - 721f9ce4-d3b4-49ce-9fe2-541ececf3a59
    status:
      code: 200
      message: OK
- request:
    body: null
    headers:
      Accept:
      - application/json
      Accept-Encoding:
      - gzip, deflate
      CommandName:
      - network application-gateway waf-policy managed-rules exclusion add
      Connection:
      - keep-alive
      ParameterSetName:
      - -g --policy-name --match-variable --selector-match-operator --selector
      User-Agent:
      - python/3.7.4 (Darwin-19.0.0-x86_64-i386-64bit) msrest/0.6.10 msrest_azure/0.6.2
        azure-mgmt-network/7.0.0 Azure-SDK-For-Python AZURECLI/2.0.76
      accept-language:
      - en-US
    method: GET
    uri: https://management.azure.com/subscriptions/00000000-0000-0000-0000-000000000000/resourceGroups/cli_test_app_gateway_waf_policy_managed_rules_exclusion000001/providers/Microsoft.Network/ApplicationGatewayWebApplicationFirewallPolicies/agp1?api-version=2019-09-01
  response:
    body:
      string: "{\r\n  \"name\": \"agp1\",\r\n  \"id\": \"/subscriptions/00000000-0000-0000-0000-000000000000/resourceGroups/cli_test_app_gateway_waf_policy_managed_rules_exclusion000001/providers/Microsoft.Network/ApplicationGatewayWebApplicationFirewallPolicies/agp1\",\r\n
        \ \"etag\": \"W/\\\"0e5ae25c-25d7-4675-a9eb-d5a9595006fe\\\"\",\r\n  \"type\":
        \"Microsoft.Network/ApplicationGatewayWebApplicationFirewallPolicies\",\r\n
        \ \"location\": \"westus\",\r\n  \"properties\": {\r\n    \"provisioningState\":
        \"Succeeded\",\r\n    \"customRules\": [],\r\n    \"policySettings\": {\r\n
        \     \"requestBodyCheck\": true,\r\n      \"maxRequestBodySizeInKb\": 128,\r\n
        \     \"fileUploadLimitInMb\": 100,\r\n      \"state\": \"Disabled\",\r\n
        \     \"mode\": \"Detection\"\r\n    },\r\n    \"managedRules\": {\r\n      \"managedRuleSets\":
        [\r\n        {\r\n          \"ruleSetType\": \"OWASP\",\r\n          \"ruleSetVersion\":
        \"3.0\",\r\n          \"ruleGroupOverrides\": []\r\n        }\r\n      ],\r\n
        \     \"exclusions\": [\r\n        {\r\n          \"matchVariable\": \"RequestHeaderNames\",\r\n
        \         \"selectorMatchOperator\": \"StartsWith\",\r\n          \"selector\":
        \"Bing\"\r\n        }\r\n      ]\r\n    }\r\n  }\r\n}"
    headers:
      cache-control:
      - no-cache
      content-length:
      - '1085'
      content-type:
      - application/json; charset=utf-8
      date:
      - Sat, 16 Nov 2019 15:25:23 GMT
      etag:
      - W/"0e5ae25c-25d7-4675-a9eb-d5a9595006fe"
      expires:
      - '-1'
      pragma:
      - no-cache
      server:
      - Microsoft-HTTPAPI/2.0
      - Microsoft-HTTPAPI/2.0
      strict-transport-security:
      - max-age=31536000; includeSubDomains
      transfer-encoding:
      - chunked
      vary:
      - Accept-Encoding
      x-content-type-options:
      - nosniff
      x-ms-arm-service-request-id:
      - a5d2cfc9-c237-4522-9450-da09653fa26f
    status:
      code: 200
      message: OK
- request:
    body: 'b''{"id": "/subscriptions/00000000-0000-0000-0000-000000000000/resourceGroups/cli_test_app_gateway_waf_policy_managed_rules_exclusion000001/providers/Microsoft.Network/ApplicationGatewayWebApplicationFirewallPolicies/agp1",
      "location": "westus", "properties": {"policySettings": {"state": "Disabled",
      "mode": "Detection", "requestBodyCheck": true, "maxRequestBodySizeInKb": 128,
      "fileUploadLimitInMb": 100}, "customRules": [], "managedRules": {"exclusions":
      [{"matchVariable": "RequestHeaderNames", "selectorMatchOperator": "StartsWith",
      "selector": "Bing"}, {"matchVariable": "RequestHeaderNames", "selectorMatchOperator":
      "Contains", "selector": "Azure"}], "managedRuleSets": [{"ruleSetType": "OWASP",
      "ruleSetVersion": "3.0", "ruleGroupOverrides": []}]}}}'''
    headers:
      Accept:
      - application/json
      Accept-Encoding:
      - gzip, deflate
      CommandName:
      - network application-gateway waf-policy managed-rules exclusion add
      Connection:
      - keep-alive
      Content-Length:
      - '769'
      Content-Type:
      - application/json; charset=utf-8
      ParameterSetName:
      - -g --policy-name --match-variable --selector-match-operator --selector
      User-Agent:
      - python/3.7.4 (Darwin-19.0.0-x86_64-i386-64bit) msrest/0.6.10 msrest_azure/0.6.2
        azure-mgmt-network/7.0.0 Azure-SDK-For-Python AZURECLI/2.0.76
      accept-language:
      - en-US
    method: PUT
    uri: https://management.azure.com/subscriptions/00000000-0000-0000-0000-000000000000/resourceGroups/cli_test_app_gateway_waf_policy_managed_rules_exclusion000001/providers/Microsoft.Network/ApplicationGatewayWebApplicationFirewallPolicies/agp1?api-version=2019-09-01
  response:
    body:
      string: "{\r\n  \"name\": \"agp1\",\r\n  \"id\": \"/subscriptions/00000000-0000-0000-0000-000000000000/resourceGroups/cli_test_app_gateway_waf_policy_managed_rules_exclusion000001/providers/Microsoft.Network/ApplicationGatewayWebApplicationFirewallPolicies/agp1\",\r\n
        \ \"etag\": \"W/\\\"5f9d6e58-f02e-4bbc-a3d5-c3e4b5631d4d\\\"\",\r\n  \"type\":
        \"Microsoft.Network/ApplicationGatewayWebApplicationFirewallPolicies\",\r\n
        \ \"location\": \"westus\",\r\n  \"properties\": {\r\n    \"provisioningState\":
        \"Updating\",\r\n    \"customRules\": [],\r\n    \"policySettings\": {\r\n
        \     \"requestBodyCheck\": true,\r\n      \"maxRequestBodySizeInKb\": 128,\r\n
        \     \"fileUploadLimitInMb\": 100,\r\n      \"state\": \"Disabled\",\r\n
        \     \"mode\": \"Detection\"\r\n    },\r\n    \"managedRules\": {\r\n      \"managedRuleSets\":
        [\r\n        {\r\n          \"ruleSetType\": \"OWASP\",\r\n          \"ruleSetVersion\":
        \"3.0\",\r\n          \"ruleGroupOverrides\": []\r\n        }\r\n      ],\r\n
        \     \"exclusions\": [\r\n        {\r\n          \"matchVariable\": \"RequestHeaderNames\",\r\n
        \         \"selectorMatchOperator\": \"StartsWith\",\r\n          \"selector\":
        \"Bing\"\r\n        },\r\n        {\r\n          \"matchVariable\": \"RequestHeaderNames\",\r\n
        \         \"selectorMatchOperator\": \"Contains\",\r\n          \"selector\":
        \"Azure\"\r\n        }\r\n      ]\r\n    }\r\n  }\r\n}"
    headers:
      azure-asyncoperation:
      - https://management.azure.com/subscriptions/00000000-0000-0000-0000-000000000000/providers/Microsoft.Network/locations/westus/operations/dea0ee6e-b048-4da1-a768-87c2e7e0552b?api-version=2019-09-01
      cache-control:
      - no-cache
      content-length:
      - '1236'
      content-type:
      - application/json; charset=utf-8
      date:
      - Sat, 16 Nov 2019 15:25:23 GMT
      expires:
      - '-1'
      pragma:
      - no-cache
      server:
      - Microsoft-HTTPAPI/2.0
      - Microsoft-HTTPAPI/2.0
      strict-transport-security:
      - max-age=31536000; includeSubDomains
      transfer-encoding:
      - chunked
      vary:
      - Accept-Encoding
      x-content-type-options:
      - nosniff
      x-ms-arm-service-request-id:
      - 65073ca6-5e58-4757-a1ee-3c46082b5e69
      x-ms-ratelimit-remaining-subscription-writes:
      - '1195'
    status:
      code: 200
      message: OK
- request:
    body: null
    headers:
      Accept:
      - application/json
      Accept-Encoding:
      - gzip, deflate
      CommandName:
      - network application-gateway waf-policy managed-rules exclusion list
      Connection:
      - keep-alive
      ParameterSetName:
      - -g --policy-name
      User-Agent:
      - python/3.7.4 (Darwin-19.0.0-x86_64-i386-64bit) msrest/0.6.10 msrest_azure/0.6.2
        azure-mgmt-network/7.0.0 Azure-SDK-For-Python AZURECLI/2.0.76
      accept-language:
      - en-US
    method: GET
    uri: https://management.azure.com/subscriptions/00000000-0000-0000-0000-000000000000/resourceGroups/cli_test_app_gateway_waf_policy_managed_rules_exclusion000001/providers/Microsoft.Network/ApplicationGatewayWebApplicationFirewallPolicies/agp1?api-version=2019-09-01
  response:
    body:
      string: "{\r\n  \"name\": \"agp1\",\r\n  \"id\": \"/subscriptions/00000000-0000-0000-0000-000000000000/resourceGroups/cli_test_app_gateway_waf_policy_managed_rules_exclusion000001/providers/Microsoft.Network/ApplicationGatewayWebApplicationFirewallPolicies/agp1\",\r\n
        \ \"etag\": \"W/\\\"b0c86ecf-bf12-4b93-b060-25cb8ae642d6\\\"\",\r\n  \"type\":
        \"Microsoft.Network/ApplicationGatewayWebApplicationFirewallPolicies\",\r\n
        \ \"location\": \"westus\",\r\n  \"properties\": {\r\n    \"provisioningState\":
        \"Succeeded\",\r\n    \"customRules\": [],\r\n    \"policySettings\": {\r\n
        \     \"requestBodyCheck\": true,\r\n      \"maxRequestBodySizeInKb\": 128,\r\n
        \     \"fileUploadLimitInMb\": 100,\r\n      \"state\": \"Disabled\",\r\n
        \     \"mode\": \"Detection\"\r\n    },\r\n    \"managedRules\": {\r\n      \"managedRuleSets\":
        [\r\n        {\r\n          \"ruleSetType\": \"OWASP\",\r\n          \"ruleSetVersion\":
        \"3.0\",\r\n          \"ruleGroupOverrides\": []\r\n        }\r\n      ],\r\n
        \     \"exclusions\": [\r\n        {\r\n          \"matchVariable\": \"RequestHeaderNames\",\r\n
        \         \"selectorMatchOperator\": \"StartsWith\",\r\n          \"selector\":
        \"Bing\"\r\n        },\r\n        {\r\n          \"matchVariable\": \"RequestHeaderNames\",\r\n
        \         \"selectorMatchOperator\": \"Contains\",\r\n          \"selector\":
        \"Azure\"\r\n        }\r\n      ]\r\n    }\r\n  }\r\n}"
    headers:
      cache-control:
      - no-cache
      content-length:
      - '1237'
      content-type:
      - application/json; charset=utf-8
      date:
      - Sat, 16 Nov 2019 15:25:28 GMT
      etag:
      - W/"b0c86ecf-bf12-4b93-b060-25cb8ae642d6"
      expires:
      - '-1'
      pragma:
      - no-cache
      server:
      - Microsoft-HTTPAPI/2.0
      - Microsoft-HTTPAPI/2.0
      strict-transport-security:
      - max-age=31536000; includeSubDomains
      transfer-encoding:
      - chunked
      vary:
      - Accept-Encoding
      x-content-type-options:
      - nosniff
      x-ms-arm-service-request-id:
      - 3b929131-70ad-481b-86d3-9043eb947fd5
    status:
      code: 200
      message: OK
- request:
    body: null
    headers:
      Accept:
      - application/json
      Accept-Encoding:
      - gzip, deflate
      CommandName:
      - network application-gateway waf-policy managed-rules exclusion remove
      Connection:
      - keep-alive
      ParameterSetName:
      - -g --policy-name
      User-Agent:
      - python/3.7.4 (Darwin-19.0.0-x86_64-i386-64bit) msrest/0.6.10 msrest_azure/0.6.2
        azure-mgmt-network/7.0.0 Azure-SDK-For-Python AZURECLI/2.0.76
      accept-language:
      - en-US
    method: GET
    uri: https://management.azure.com/subscriptions/00000000-0000-0000-0000-000000000000/resourceGroups/cli_test_app_gateway_waf_policy_managed_rules_exclusion000001/providers/Microsoft.Network/ApplicationGatewayWebApplicationFirewallPolicies/agp1?api-version=2019-09-01
  response:
    body:
      string: "{\r\n  \"name\": \"agp1\",\r\n  \"id\": \"/subscriptions/00000000-0000-0000-0000-000000000000/resourceGroups/cli_test_app_gateway_waf_policy_managed_rules_exclusion000001/providers/Microsoft.Network/ApplicationGatewayWebApplicationFirewallPolicies/agp1\",\r\n
        \ \"etag\": \"W/\\\"b0c86ecf-bf12-4b93-b060-25cb8ae642d6\\\"\",\r\n  \"type\":
        \"Microsoft.Network/ApplicationGatewayWebApplicationFirewallPolicies\",\r\n
        \ \"location\": \"westus\",\r\n  \"properties\": {\r\n    \"provisioningState\":
        \"Succeeded\",\r\n    \"customRules\": [],\r\n    \"policySettings\": {\r\n
        \     \"requestBodyCheck\": true,\r\n      \"maxRequestBodySizeInKb\": 128,\r\n
        \     \"fileUploadLimitInMb\": 100,\r\n      \"state\": \"Disabled\",\r\n
        \     \"mode\": \"Detection\"\r\n    },\r\n    \"managedRules\": {\r\n      \"managedRuleSets\":
        [\r\n        {\r\n          \"ruleSetType\": \"OWASP\",\r\n          \"ruleSetVersion\":
        \"3.0\",\r\n          \"ruleGroupOverrides\": []\r\n        }\r\n      ],\r\n
        \     \"exclusions\": [\r\n        {\r\n          \"matchVariable\": \"RequestHeaderNames\",\r\n
        \         \"selectorMatchOperator\": \"StartsWith\",\r\n          \"selector\":
        \"Bing\"\r\n        },\r\n        {\r\n          \"matchVariable\": \"RequestHeaderNames\",\r\n
        \         \"selectorMatchOperator\": \"Contains\",\r\n          \"selector\":
        \"Azure\"\r\n        }\r\n      ]\r\n    }\r\n  }\r\n}"
    headers:
      cache-control:
      - no-cache
      content-length:
      - '1237'
      content-type:
      - application/json; charset=utf-8
      date:
      - Sat, 16 Nov 2019 15:25:31 GMT
      etag:
      - W/"b0c86ecf-bf12-4b93-b060-25cb8ae642d6"
      expires:
      - '-1'
      pragma:
      - no-cache
      server:
      - Microsoft-HTTPAPI/2.0
      - Microsoft-HTTPAPI/2.0
      strict-transport-security:
      - max-age=31536000; includeSubDomains
      transfer-encoding:
      - chunked
      vary:
      - Accept-Encoding
      x-content-type-options:
      - nosniff
      x-ms-arm-service-request-id:
      - fac34e4b-0ae9-4506-b4dd-835901edcc7d
    status:
      code: 200
      message: OK
- request:
    body: 'b''{"id": "/subscriptions/00000000-0000-0000-0000-000000000000/resourceGroups/cli_test_app_gateway_waf_policy_managed_rules_exclusion000001/providers/Microsoft.Network/ApplicationGatewayWebApplicationFirewallPolicies/agp1",
      "location": "westus", "properties": {"policySettings": {"state": "Disabled",
      "mode": "Detection", "requestBodyCheck": true, "maxRequestBodySizeInKb": 128,
      "fileUploadLimitInMb": 100}, "customRules": [], "managedRules": {"exclusions":
      [], "managedRuleSets": [{"ruleSetType": "OWASP", "ruleSetVersion": "3.0", "ruleGroupOverrides":
      []}]}}}'''
    headers:
      Accept:
      - application/json
      Accept-Encoding:
      - gzip, deflate
      CommandName:
      - network application-gateway waf-policy managed-rules exclusion remove
      Connection:
      - keep-alive
      Content-Length:
      - '572'
      Content-Type:
      - application/json; charset=utf-8
      ParameterSetName:
      - -g --policy-name
      User-Agent:
      - python/3.7.4 (Darwin-19.0.0-x86_64-i386-64bit) msrest/0.6.10 msrest_azure/0.6.2
        azure-mgmt-network/7.0.0 Azure-SDK-For-Python AZURECLI/2.0.76
      accept-language:
      - en-US
    method: PUT
    uri: https://management.azure.com/subscriptions/00000000-0000-0000-0000-000000000000/resourceGroups/cli_test_app_gateway_waf_policy_managed_rules_exclusion000001/providers/Microsoft.Network/ApplicationGatewayWebApplicationFirewallPolicies/agp1?api-version=2019-09-01
  response:
    body:
      string: "{\r\n  \"name\": \"agp1\",\r\n  \"id\": \"/subscriptions/00000000-0000-0000-0000-000000000000/resourceGroups/cli_test_app_gateway_waf_policy_managed_rules_exclusion000001/providers/Microsoft.Network/ApplicationGatewayWebApplicationFirewallPolicies/agp1\",\r\n
        \ \"etag\": \"W/\\\"fc14b24c-21c4-4fa7-8696-f07c978b0333\\\"\",\r\n  \"type\":
        \"Microsoft.Network/ApplicationGatewayWebApplicationFirewallPolicies\",\r\n
        \ \"location\": \"westus\",\r\n  \"properties\": {\r\n    \"provisioningState\":
        \"Updating\",\r\n    \"customRules\": [],\r\n    \"policySettings\": {\r\n
        \     \"requestBodyCheck\": true,\r\n      \"maxRequestBodySizeInKb\": 128,\r\n
        \     \"fileUploadLimitInMb\": 100,\r\n      \"state\": \"Disabled\",\r\n
        \     \"mode\": \"Detection\"\r\n    },\r\n    \"managedRules\": {\r\n      \"managedRuleSets\":
        [\r\n        {\r\n          \"ruleSetType\": \"OWASP\",\r\n          \"ruleSetVersion\":
        \"3.0\",\r\n          \"ruleGroupOverrides\": []\r\n        }\r\n      ],\r\n
        \     \"exclusions\": []\r\n    }\r\n  }\r\n}"
    headers:
      azure-asyncoperation:
      - https://management.azure.com/subscriptions/00000000-0000-0000-0000-000000000000/providers/Microsoft.Network/locations/westus/operations/a721a682-d217-4630-b50e-6ad5fd3a0d53?api-version=2019-09-01
      cache-control:
      - no-cache
      content-length:
      - '924'
      content-type:
      - application/json; charset=utf-8
      date:
      - Sat, 16 Nov 2019 15:25:32 GMT
      expires:
      - '-1'
      pragma:
      - no-cache
      server:
      - Microsoft-HTTPAPI/2.0
      - Microsoft-HTTPAPI/2.0
      strict-transport-security:
      - max-age=31536000; includeSubDomains
      transfer-encoding:
      - chunked
      vary:
      - Accept-Encoding
      x-content-type-options:
      - nosniff
      x-ms-arm-service-request-id:
      - 5c49f88c-bf69-4df7-b1a0-ddd8fda4d8cb
      x-ms-ratelimit-remaining-subscription-writes:
      - '1195'
    status:
      code: 200
      message: OK
- request:
    body: null
    headers:
      Accept:
      - application/json
      Accept-Encoding:
      - gzip, deflate
      CommandName:
      - network application-gateway waf-policy managed-rules exclusion list
      Connection:
      - keep-alive
      ParameterSetName:
      - -g --policy-name
      User-Agent:
      - python/3.7.4 (Darwin-19.0.0-x86_64-i386-64bit) msrest/0.6.10 msrest_azure/0.6.2
        azure-mgmt-network/7.0.0 Azure-SDK-For-Python AZURECLI/2.0.76
      accept-language:
      - en-US
    method: GET
    uri: https://management.azure.com/subscriptions/00000000-0000-0000-0000-000000000000/resourceGroups/cli_test_app_gateway_waf_policy_managed_rules_exclusion000001/providers/Microsoft.Network/ApplicationGatewayWebApplicationFirewallPolicies/agp1?api-version=2019-09-01
  response:
    body:
      string: "{\r\n  \"name\": \"agp1\",\r\n  \"id\": \"/subscriptions/00000000-0000-0000-0000-000000000000/resourceGroups/cli_test_app_gateway_waf_policy_managed_rules_exclusion000001/providers/Microsoft.Network/ApplicationGatewayWebApplicationFirewallPolicies/agp1\",\r\n
        \ \"etag\": \"W/\\\"62b82c26-dc92-4143-bd42-73c255166027\\\"\",\r\n  \"type\":
        \"Microsoft.Network/ApplicationGatewayWebApplicationFirewallPolicies\",\r\n
        \ \"location\": \"westus\",\r\n  \"properties\": {\r\n    \"provisioningState\":
        \"Succeeded\",\r\n    \"customRules\": [],\r\n    \"policySettings\": {\r\n
        \     \"requestBodyCheck\": true,\r\n      \"maxRequestBodySizeInKb\": 128,\r\n
        \     \"fileUploadLimitInMb\": 100,\r\n      \"state\": \"Disabled\",\r\n
        \     \"mode\": \"Detection\"\r\n    },\r\n    \"managedRules\": {\r\n      \"managedRuleSets\":
        [\r\n        {\r\n          \"ruleSetType\": \"OWASP\",\r\n          \"ruleSetVersion\":
        \"3.0\",\r\n          \"ruleGroupOverrides\": []\r\n        }\r\n      ],\r\n
        \     \"exclusions\": []\r\n    }\r\n  }\r\n}"
    headers:
      cache-control:
      - no-cache
      content-length:
      - '925'
      content-type:
      - application/json; charset=utf-8
      date:
      - Sat, 16 Nov 2019 15:25:36 GMT
      etag:
      - W/"62b82c26-dc92-4143-bd42-73c255166027"
      expires:
      - '-1'
      pragma:
      - no-cache
      server:
      - Microsoft-HTTPAPI/2.0
      - Microsoft-HTTPAPI/2.0
      strict-transport-security:
      - max-age=31536000; includeSubDomains
      transfer-encoding:
      - chunked
      vary:
      - Accept-Encoding
      x-content-type-options:
      - nosniff
      x-ms-arm-service-request-id:
      - 526ff6e2-88b1-4bcb-b429-5e4e9e1883a1
    status:
      code: 200
      message: OK
version: 1
