interactions:
- request:
    body: null
    headers:
      Accept:
      - application/json
      Accept-Encoding:
      - gzip, deflate
      CommandName:
      - network route-table create
      Connection:
      - keep-alive
      ParameterSetName:
      - -n -g --tags
      User-Agent:
      - python/3.7.4 (Windows-10-10.0.18362-SP0) msrest/0.6.9 msrest_azure/0.6.3 azure-mgmt-resource/9.0.0
        Azure-SDK-For-Python AZURECLI/2.5.1
      accept-language:
      - en-US
    method: GET
    uri: https://management.azure.com/subscriptions/00000000-0000-0000-0000-000000000000/resourcegroups/cli_test_route_table000001?api-version=2019-07-01
  response:
    body:
      string: '{"id":"/subscriptions/00000000-0000-0000-0000-000000000000/resourceGroups/cli_test_route_table000001","name":"cli_test_route_table000001","type":"Microsoft.Resources/resourceGroups","location":"westus","tags":{"product":"azurecli","cause":"automation","date":"2020-05-15T17:45:29Z","StorageType":"Standard_LRS","type":"test"},"properties":{"provisioningState":"Succeeded"}}'
    headers:
      cache-control:
      - no-cache
      content-length:
      - '471'
      content-type:
      - application/json; charset=utf-8
      date:
      - Fri, 15 May 2020 17:45:33 GMT
      expires:
      - '-1'
      pragma:
      - no-cache
      strict-transport-security:
      - max-age=31536000; includeSubDomains
      vary:
      - Accept-Encoding
      x-content-type-options:
      - nosniff
    status:
      code: 200
      message: OK
- request:
    body: '{"location": "westus", "tags": {"foo": "doo"}}'
    headers:
      Accept:
      - application/json
      Accept-Encoding:
      - gzip, deflate
      CommandName:
      - network route-table create
      Connection:
      - keep-alive
      Content-Length:
      - '46'
      Content-Type:
      - application/json; charset=utf-8
      ParameterSetName:
      - -n -g --tags
      User-Agent:
      - python/3.7.4 (Windows-10-10.0.18362-SP0) msrest/0.6.9 msrest_azure/0.6.3 azure-mgmt-network/10.2.0
        Azure-SDK-For-Python AZURECLI/2.5.1
      accept-language:
      - en-US
    method: PUT
    uri: https://management.azure.com/subscriptions/00000000-0000-0000-0000-000000000000/resourceGroups/cli_test_route_table000001/providers/Microsoft.Network/routeTables/cli-test-route-table?api-version=2020-04-01
  response:
    body:
      string: "{\r\n  \"name\": \"cli-test-route-table\",\r\n  \"id\": \"/subscriptions/00000000-0000-0000-0000-000000000000/resourceGroups/cli_test_route_table000001/providers/Microsoft.Network/routeTables/cli-test-route-table\",\r\n
        \ \"etag\": \"W/\\\"2541e46f-c82f-4808-9862-8e0a484a12ae\\\"\",\r\n  \"type\":
        \"Microsoft.Network/routeTables\",\r\n  \"location\": \"westus\",\r\n  \"tags\":
        {\r\n    \"foo\": \"doo\"\r\n  },\r\n  \"properties\": {\r\n    \"provisioningState\":
        \"Updating\",\r\n    \"resourceGuid\": \"39260c81-b665-41cb-94e3-e108dea5d8d7\",\r\n
        \   \"disableBgpRoutePropagation\": false,\r\n    \"routes\": []\r\n  }\r\n}"
    headers:
      azure-asyncnotification:
      - Enabled
      azure-asyncoperation:
      - https://management.azure.com/subscriptions/00000000-0000-0000-0000-000000000000/providers/Microsoft.Network/locations/westus/operations/1f597b5c-5845-4099-888f-949345666f23?api-version=2020-04-01
      cache-control:
      - no-cache
      content-length:
      - '601'
      content-type:
      - application/json; charset=utf-8
      date:
      - Fri, 15 May 2020 17:45:39 GMT
      expires:
      - '-1'
      pragma:
      - no-cache
      server:
      - Microsoft-HTTPAPI/2.0
      - Microsoft-HTTPAPI/2.0
      strict-transport-security:
      - max-age=31536000; includeSubDomains
      x-content-type-options:
      - nosniff
      x-ms-arm-service-request-id:
      - 971ef6b3-6ff5-4953-8aa0-59a4c63df4ae
      x-ms-ratelimit-remaining-subscription-writes:
      - '1191'
    status:
      code: 201
      message: Created
- request:
    body: null
    headers:
      Accept:
      - application/json
      Accept-Encoding:
      - gzip, deflate
      CommandName:
      - network route-table create
      Connection:
      - keep-alive
      ParameterSetName:
      - -n -g --tags
      User-Agent:
      - python/3.7.4 (Windows-10-10.0.18362-SP0) msrest/0.6.9 msrest_azure/0.6.3 azure-mgmt-network/10.2.0
        Azure-SDK-For-Python AZURECLI/2.5.1
    method: GET
    uri: https://management.azure.com/subscriptions/00000000-0000-0000-0000-000000000000/providers/Microsoft.Network/locations/westus/operations/1f597b5c-5845-4099-888f-949345666f23?api-version=2020-04-01
  response:
    body:
      string: "{\r\n  \"status\": \"Succeeded\"\r\n}"
    headers:
      cache-control:
      - no-cache
      content-length:
      - '29'
      content-type:
      - application/json; charset=utf-8
      date:
      - Fri, 15 May 2020 17:45:50 GMT
      expires:
      - '-1'
      pragma:
      - no-cache
      server:
      - Microsoft-HTTPAPI/2.0
      - Microsoft-HTTPAPI/2.0
      strict-transport-security:
      - max-age=31536000; includeSubDomains
      transfer-encoding:
      - chunked
      vary:
      - Accept-Encoding
      x-content-type-options:
      - nosniff
      x-ms-arm-service-request-id:
      - e33c30c3-4fd4-4a88-b40d-d4be0d0ee842
    status:
      code: 200
      message: OK
- request:
    body: null
    headers:
      Accept:
      - application/json
      Accept-Encoding:
      - gzip, deflate
      CommandName:
      - network route-table create
      Connection:
      - keep-alive
      ParameterSetName:
      - -n -g --tags
      User-Agent:
      - python/3.7.4 (Windows-10-10.0.18362-SP0) msrest/0.6.9 msrest_azure/0.6.3 azure-mgmt-network/10.2.0
        Azure-SDK-For-Python AZURECLI/2.5.1
    method: GET
    uri: https://management.azure.com/subscriptions/00000000-0000-0000-0000-000000000000/resourceGroups/cli_test_route_table000001/providers/Microsoft.Network/routeTables/cli-test-route-table?api-version=2020-04-01
  response:
    body:
      string: "{\r\n  \"name\": \"cli-test-route-table\",\r\n  \"id\": \"/subscriptions/00000000-0000-0000-0000-000000000000/resourceGroups/cli_test_route_table000001/providers/Microsoft.Network/routeTables/cli-test-route-table\",\r\n
        \ \"etag\": \"W/\\\"cd4ae908-9395-4e08-ac29-62721b136505\\\"\",\r\n  \"type\":
        \"Microsoft.Network/routeTables\",\r\n  \"location\": \"westus\",\r\n  \"tags\":
        {\r\n    \"foo\": \"doo\"\r\n  },\r\n  \"properties\": {\r\n    \"provisioningState\":
        \"Succeeded\",\r\n    \"resourceGuid\": \"39260c81-b665-41cb-94e3-e108dea5d8d7\",\r\n
        \   \"disableBgpRoutePropagation\": false,\r\n    \"routes\": []\r\n  }\r\n}"
    headers:
      cache-control:
      - no-cache
      content-length:
      - '602'
      content-type:
      - application/json; charset=utf-8
      date:
      - Fri, 15 May 2020 17:45:51 GMT
      etag:
      - W/"cd4ae908-9395-4e08-ac29-62721b136505"
      expires:
      - '-1'
      pragma:
      - no-cache
      server:
      - Microsoft-HTTPAPI/2.0
      - Microsoft-HTTPAPI/2.0
      strict-transport-security:
      - max-age=31536000; includeSubDomains
      transfer-encoding:
      - chunked
      vary:
      - Accept-Encoding
      x-content-type-options:
      - nosniff
      x-ms-arm-service-request-id:
      - 04f7a8a3-a4ba-4956-9f9e-853deeeae6fb
    status:
      code: 200
      message: OK
- request:
    body: null
    headers:
      Accept:
      - application/json
      Accept-Encoding:
      - gzip, deflate
      CommandName:
      - network route-table update
      Connection:
      - keep-alive
      ParameterSetName:
      - -n -g --tags --disable-bgp-route-propagation
      User-Agent:
      - python/3.7.4 (Windows-10-10.0.18362-SP0) msrest/0.6.9 msrest_azure/0.6.3 azure-mgmt-network/10.2.0
        Azure-SDK-For-Python AZURECLI/2.5.1
      accept-language:
      - en-US
    method: GET
    uri: https://management.azure.com/subscriptions/00000000-0000-0000-0000-000000000000/resourceGroups/cli_test_route_table000001/providers/Microsoft.Network/routeTables/cli-test-route-table?api-version=2020-04-01
  response:
    body:
      string: "{\r\n  \"name\": \"cli-test-route-table\",\r\n  \"id\": \"/subscriptions/00000000-0000-0000-0000-000000000000/resourceGroups/cli_test_route_table000001/providers/Microsoft.Network/routeTables/cli-test-route-table\",\r\n
        \ \"etag\": \"W/\\\"cd4ae908-9395-4e08-ac29-62721b136505\\\"\",\r\n  \"type\":
        \"Microsoft.Network/routeTables\",\r\n  \"location\": \"westus\",\r\n  \"tags\":
        {\r\n    \"foo\": \"doo\"\r\n  },\r\n  \"properties\": {\r\n    \"provisioningState\":
        \"Succeeded\",\r\n    \"resourceGuid\": \"39260c81-b665-41cb-94e3-e108dea5d8d7\",\r\n
        \   \"disableBgpRoutePropagation\": false,\r\n    \"routes\": []\r\n  }\r\n}"
    headers:
      cache-control:
      - no-cache
      content-length:
      - '602'
      content-type:
      - application/json; charset=utf-8
      date:
      - Fri, 15 May 2020 17:45:52 GMT
      etag:
      - W/"cd4ae908-9395-4e08-ac29-62721b136505"
      expires:
      - '-1'
      pragma:
      - no-cache
      server:
      - Microsoft-HTTPAPI/2.0
      - Microsoft-HTTPAPI/2.0
      strict-transport-security:
      - max-age=31536000; includeSubDomains
      transfer-encoding:
      - chunked
      vary:
      - Accept-Encoding
      x-content-type-options:
      - nosniff
      x-ms-arm-service-request-id:
      - 3899a6a9-6f56-4dcc-8ed3-7ac7d96d0ac0
    status:
      code: 200
      message: OK
- request:
    body: 'b''{"id": "/subscriptions/00000000-0000-0000-0000-000000000000/resourceGroups/cli_test_route_table000001/providers/Microsoft.Network/routeTables/cli-test-route-table",
      "location": "westus", "tags": {"foo": "boo"}, "properties": {"routes": [], "disableBgpRoutePropagation":
      true}}'''
    headers:
      Accept:
      - application/json
      Accept-Encoding:
      - gzip, deflate
      CommandName:
      - network route-table update
      Connection:
      - keep-alive
      Content-Length:
      - '325'
      Content-Type:
      - application/json; charset=utf-8
      ParameterSetName:
      - -n -g --tags --disable-bgp-route-propagation
      User-Agent:
      - python/3.7.4 (Windows-10-10.0.18362-SP0) msrest/0.6.9 msrest_azure/0.6.3 azure-mgmt-network/10.2.0
        Azure-SDK-For-Python AZURECLI/2.5.1
      accept-language:
      - en-US
    method: PUT
    uri: https://management.azure.com/subscriptions/00000000-0000-0000-0000-000000000000/resourceGroups/cli_test_route_table000001/providers/Microsoft.Network/routeTables/cli-test-route-table?api-version=2020-04-01
  response:
    body:
      string: "{\r\n  \"name\": \"cli-test-route-table\",\r\n  \"id\": \"/subscriptions/00000000-0000-0000-0000-000000000000/resourceGroups/cli_test_route_table000001/providers/Microsoft.Network/routeTables/cli-test-route-table\",\r\n
        \ \"etag\": \"W/\\\"6de9f931-0b95-4f8a-bdb8-75ad3bff7a2f\\\"\",\r\n  \"type\":
        \"Microsoft.Network/routeTables\",\r\n  \"location\": \"westus\",\r\n  \"tags\":
        {\r\n    \"foo\": \"boo\"\r\n  },\r\n  \"properties\": {\r\n    \"provisioningState\":
        \"Updating\",\r\n    \"resourceGuid\": \"39260c81-b665-41cb-94e3-e108dea5d8d7\",\r\n
        \   \"disableBgpRoutePropagation\": true,\r\n    \"routes\": []\r\n  }\r\n}"
    headers:
      azure-asyncnotification:
      - Enabled
      azure-asyncoperation:
      - https://management.azure.com/subscriptions/00000000-0000-0000-0000-000000000000/providers/Microsoft.Network/locations/westus/operations/5b4b8eb5-f52c-4fcb-846d-de26cdd23353?api-version=2020-04-01
      cache-control:
      - no-cache
      content-length:
      - '600'
      content-type:
      - application/json; charset=utf-8
      date:
      - Fri, 15 May 2020 17:45:57 GMT
      expires:
      - '-1'
      pragma:
      - no-cache
      server:
      - Microsoft-HTTPAPI/2.0
      - Microsoft-HTTPAPI/2.0
      strict-transport-security:
      - max-age=31536000; includeSubDomains
      transfer-encoding:
      - chunked
      vary:
      - Accept-Encoding
      x-content-type-options:
      - nosniff
      x-ms-arm-service-request-id:
      - 2c24d521-8740-4a25-9bc4-0b3371b0c2e0
      x-ms-ratelimit-remaining-subscription-writes:
      - '1194'
    status:
      code: 200
      message: OK
- request:
    body: null
    headers:
      Accept:
      - application/json
      Accept-Encoding:
      - gzip, deflate
      CommandName:
      - network route-table update
      Connection:
      - keep-alive
      ParameterSetName:
      - -n -g --tags --disable-bgp-route-propagation
      User-Agent:
      - python/3.7.4 (Windows-10-10.0.18362-SP0) msrest/0.6.9 msrest_azure/0.6.3 azure-mgmt-network/10.2.0
        Azure-SDK-For-Python AZURECLI/2.5.1
    method: GET
    uri: https://management.azure.com/subscriptions/00000000-0000-0000-0000-000000000000/providers/Microsoft.Network/locations/westus/operations/5b4b8eb5-f52c-4fcb-846d-de26cdd23353?api-version=2020-04-01
  response:
    body:
      string: "{\r\n  \"status\": \"Succeeded\"\r\n}"
    headers:
      cache-control:
      - no-cache
      content-length:
      - '29'
      content-type:
      - application/json; charset=utf-8
      date:
      - Fri, 15 May 2020 17:46:08 GMT
      expires:
      - '-1'
      pragma:
      - no-cache
      server:
      - Microsoft-HTTPAPI/2.0
      - Microsoft-HTTPAPI/2.0
      strict-transport-security:
      - max-age=31536000; includeSubDomains
      transfer-encoding:
      - chunked
      vary:
      - Accept-Encoding
      x-content-type-options:
      - nosniff
      x-ms-arm-service-request-id:
      - 8e5b590b-697a-44a7-9945-bf995f4da499
    status:
      code: 200
      message: OK
- request:
    body: null
    headers:
      Accept:
      - application/json
      Accept-Encoding:
      - gzip, deflate
      CommandName:
      - network route-table update
      Connection:
      - keep-alive
      ParameterSetName:
      - -n -g --tags --disable-bgp-route-propagation
      User-Agent:
      - python/3.7.4 (Windows-10-10.0.18362-SP0) msrest/0.6.9 msrest_azure/0.6.3 azure-mgmt-network/10.2.0
        Azure-SDK-For-Python AZURECLI/2.5.1
    method: GET
    uri: https://management.azure.com/subscriptions/00000000-0000-0000-0000-000000000000/resourceGroups/cli_test_route_table000001/providers/Microsoft.Network/routeTables/cli-test-route-table?api-version=2020-04-01
  response:
    body:
      string: "{\r\n  \"name\": \"cli-test-route-table\",\r\n  \"id\": \"/subscriptions/00000000-0000-0000-0000-000000000000/resourceGroups/cli_test_route_table000001/providers/Microsoft.Network/routeTables/cli-test-route-table\",\r\n
        \ \"etag\": \"W/\\\"eb5b6582-bc66-4796-8b27-a24ce02a74b8\\\"\",\r\n  \"type\":
        \"Microsoft.Network/routeTables\",\r\n  \"location\": \"westus\",\r\n  \"tags\":
        {\r\n    \"foo\": \"boo\"\r\n  },\r\n  \"properties\": {\r\n    \"provisioningState\":
        \"Succeeded\",\r\n    \"resourceGuid\": \"39260c81-b665-41cb-94e3-e108dea5d8d7\",\r\n
        \   \"disableBgpRoutePropagation\": true,\r\n    \"routes\": []\r\n  }\r\n}"
    headers:
      cache-control:
      - no-cache
      content-length:
      - '601'
      content-type:
      - application/json; charset=utf-8
      date:
      - Fri, 15 May 2020 17:46:08 GMT
      etag:
      - W/"eb5b6582-bc66-4796-8b27-a24ce02a74b8"
      expires:
      - '-1'
      pragma:
      - no-cache
      server:
      - Microsoft-HTTPAPI/2.0
      - Microsoft-HTTPAPI/2.0
      strict-transport-security:
      - max-age=31536000; includeSubDomains
      transfer-encoding:
      - chunked
      vary:
      - Accept-Encoding
      x-content-type-options:
      - nosniff
      x-ms-arm-service-request-id:
      - 807b6bb9-57c5-4536-807f-c1f97734fffc
    status:
      code: 200
      message: OK
- request:
    body: '{"properties": {"addressPrefix": "10.0.5.0/24", "nextHopType": "None"},
      "name": "my-route"}'
    headers:
      Accept:
      - application/json
      Accept-Encoding:
      - gzip, deflate
      CommandName:
      - network route-table route create
      Connection:
      - keep-alive
      Content-Length:
      - '91'
      Content-Type:
      - application/json; charset=utf-8
      ParameterSetName:
      - --address-prefix -n -g --next-hop-type --route-table-name
      User-Agent:
      - python/3.7.4 (Windows-10-10.0.18362-SP0) msrest/0.6.9 msrest_azure/0.6.3 azure-mgmt-network/10.2.0
        Azure-SDK-For-Python AZURECLI/2.5.1
      accept-language:
      - en-US
    method: PUT
    uri: https://management.azure.com/subscriptions/00000000-0000-0000-0000-000000000000/resourceGroups/cli_test_route_table000001/providers/Microsoft.Network/routeTables/cli-test-route-table/routes/my-route?api-version=2020-04-01
  response:
    body:
      string: "{\r\n  \"name\": \"my-route\",\r\n  \"id\": \"/subscriptions/00000000-0000-0000-0000-000000000000/resourceGroups/cli_test_route_table000001/providers/Microsoft.Network/routeTables/cli-test-route-table/routes/my-route\",\r\n
        \ \"etag\": \"W/\\\"8bbed31e-d7b5-477f-8c51-c2d72065d9fb\\\"\",\r\n  \"properties\":
        {\r\n    \"provisioningState\": \"Updating\",\r\n    \"addressPrefix\": \"10.0.5.0/24\",\r\n
        \   \"nextHopType\": \"None\",\r\n    \"hasBgpOverride\": false\r\n  },\r\n
        \ \"type\": \"Microsoft.Network/routeTables/routes\"\r\n}"
    headers:
      azure-asyncoperation:
      - https://management.azure.com/subscriptions/00000000-0000-0000-0000-000000000000/providers/Microsoft.Network/locations/westus/operations/6e54fe6d-4420-4cc7-be9c-ab04429044fb?api-version=2020-04-01
      cache-control:
      - no-cache
      content-length:
      - '523'
      content-type:
      - application/json; charset=utf-8
      date:
      - Fri, 15 May 2020 17:46:09 GMT
      expires:
      - '-1'
      pragma:
      - no-cache
      server:
      - Microsoft-HTTPAPI/2.0
      - Microsoft-HTTPAPI/2.0
      strict-transport-security:
      - max-age=31536000; includeSubDomains
      x-content-type-options:
      - nosniff
      x-ms-arm-service-request-id:
      - e8b894ab-48d7-4c58-8604-eb9fc82230da
      x-ms-ratelimit-remaining-subscription-writes:
      - '1197'
    status:
      code: 201
      message: Created
- request:
    body: null
    headers:
      Accept:
      - application/json
      Accept-Encoding:
      - gzip, deflate
      CommandName:
      - network route-table route create
      Connection:
      - keep-alive
      ParameterSetName:
      - --address-prefix -n -g --next-hop-type --route-table-name
      User-Agent:
      - python/3.7.4 (Windows-10-10.0.18362-SP0) msrest/0.6.9 msrest_azure/0.6.3 azure-mgmt-network/10.2.0
        Azure-SDK-For-Python AZURECLI/2.5.1
    method: GET
    uri: https://management.azure.com/subscriptions/00000000-0000-0000-0000-000000000000/providers/Microsoft.Network/locations/westus/operations/6e54fe6d-4420-4cc7-be9c-ab04429044fb?api-version=2020-04-01
  response:
    body:
      string: "{\r\n  \"status\": \"Succeeded\"\r\n}"
    headers:
      cache-control:
      - no-cache
      content-length:
      - '29'
      content-type:
      - application/json; charset=utf-8
      date:
      - Fri, 15 May 2020 17:46:20 GMT
      expires:
      - '-1'
      pragma:
      - no-cache
      server:
      - Microsoft-HTTPAPI/2.0
      - Microsoft-HTTPAPI/2.0
      strict-transport-security:
      - max-age=31536000; includeSubDomains
      transfer-encoding:
      - chunked
      vary:
      - Accept-Encoding
      x-content-type-options:
      - nosniff
      x-ms-arm-service-request-id:
      - f54fa7f6-a1e7-48b3-823e-319f51e3961c
    status:
      code: 200
      message: OK
- request:
    body: null
    headers:
      Accept:
      - application/json
      Accept-Encoding:
      - gzip, deflate
      CommandName:
      - network route-table route create
      Connection:
      - keep-alive
      ParameterSetName:
      - --address-prefix -n -g --next-hop-type --route-table-name
      User-Agent:
      - python/3.7.4 (Windows-10-10.0.18362-SP0) msrest/0.6.9 msrest_azure/0.6.3 azure-mgmt-network/10.2.0
        Azure-SDK-For-Python AZURECLI/2.5.1
    method: GET
    uri: https://management.azure.com/subscriptions/00000000-0000-0000-0000-000000000000/resourceGroups/cli_test_route_table000001/providers/Microsoft.Network/routeTables/cli-test-route-table/routes/my-route?api-version=2020-04-01
  response:
    body:
      string: "{\r\n  \"name\": \"my-route\",\r\n  \"id\": \"/subscriptions/00000000-0000-0000-0000-000000000000/resourceGroups/cli_test_route_table000001/providers/Microsoft.Network/routeTables/cli-test-route-table/routes/my-route\",\r\n
        \ \"etag\": \"W/\\\"c275780b-623c-4e9f-a440-345dbc062bce\\\"\",\r\n  \"properties\":
        {\r\n    \"provisioningState\": \"Succeeded\",\r\n    \"addressPrefix\": \"10.0.5.0/24\",\r\n
        \   \"nextHopType\": \"None\",\r\n    \"hasBgpOverride\": false\r\n  },\r\n
        \ \"type\": \"Microsoft.Network/routeTables/routes\"\r\n}"
    headers:
      cache-control:
      - no-cache
      content-length:
      - '524'
      content-type:
      - application/json; charset=utf-8
      date:
      - Fri, 15 May 2020 17:46:20 GMT
      etag:
      - W/"c275780b-623c-4e9f-a440-345dbc062bce"
      expires:
      - '-1'
      pragma:
      - no-cache
      server:
      - Microsoft-HTTPAPI/2.0
      - Microsoft-HTTPAPI/2.0
      strict-transport-security:
      - max-age=31536000; includeSubDomains
      transfer-encoding:
      - chunked
      vary:
      - Accept-Encoding
      x-content-type-options:
      - nosniff
      x-ms-arm-service-request-id:
      - aa4730f7-02ec-4135-ad65-a0a9bebc1484
    status:
      code: 200
      message: OK
- request:
    body: null
    headers:
      Accept:
      - application/json
      Accept-Encoding:
      - gzip, deflate
      CommandName:
      - network route-table list
      Connection:
      - keep-alive
      User-Agent:
      - python/3.7.4 (Windows-10-10.0.18362-SP0) msrest/0.6.9 msrest_azure/0.6.3 azure-mgmt-network/10.2.0
        Azure-SDK-For-Python AZURECLI/2.5.1
      accept-language:
      - en-US
    method: GET
    uri: https://management.azure.com/subscriptions/00000000-0000-0000-0000-000000000000/providers/Microsoft.Network/routeTables?api-version=2020-04-01
  response:
    body:
      string: "{\r\n  \"value\": [\r\n    {\r\n      \"name\": \"cli-test-route-table\",\r\n
        \     \"id\": \"/subscriptions/00000000-0000-0000-0000-000000000000/resourceGroups/cli_test_route_table000001/providers/Microsoft.Network/routeTables/cli-test-route-table\",\r\n
        \     \"etag\": \"W/\\\"c275780b-623c-4e9f-a440-345dbc062bce\\\"\",\r\n      \"type\":
        \"Microsoft.Network/routeTables\",\r\n      \"location\": \"westus\",\r\n
        \     \"tags\": {\r\n        \"foo\": \"boo\"\r\n      },\r\n      \"properties\":
        {\r\n        \"provisioningState\": \"Succeeded\",\r\n        \"resourceGuid\":
        \"39260c81-b665-41cb-94e3-e108dea5d8d7\",\r\n        \"disableBgpRoutePropagation\":
        true,\r\n        \"routes\": [\r\n          {\r\n            \"name\": \"my-route\",\r\n
        \           \"id\": \"/subscriptions/00000000-0000-0000-0000-000000000000/resourceGroups/cli_test_route_table000001/providers/Microsoft.Network/routeTables/cli-test-route-table/routes/my-route\",\r\n
        \           \"etag\": \"W/\\\"c275780b-623c-4e9f-a440-345dbc062bce\\\"\",\r\n
        \           \"properties\": {\r\n              \"provisioningState\": \"Succeeded\",\r\n
        \             \"addressPrefix\": \"10.0.5.0/24\",\r\n              \"nextHopType\":
        \"None\",\r\n              \"hasBgpOverride\": false\r\n            },\r\n
        \           \"type\": \"Microsoft.Network/routeTables/routes\"\r\n          }\r\n
        \       ]\r\n      }\r\n    }\r\n  ]\r\n}"
    headers:
      cache-control:
      - no-cache
      content-length:
      - '1346'
      content-type:
      - application/json; charset=utf-8
      date:
      - Fri, 15 May 2020 17:46:21 GMT
      expires:
      - '-1'
      pragma:
      - no-cache
      server:
      - Microsoft-HTTPAPI/2.0
      - Microsoft-HTTPAPI/2.0
      strict-transport-security:
      - max-age=31536000; includeSubDomains
      transfer-encoding:
      - chunked
      vary:
      - Accept-Encoding
      x-content-type-options:
      - nosniff
      x-ms-arm-service-request-id:
      - 77a0012f-8604-4f8a-9345-e8a07f6a6bc6
    status:
      code: 200
      message: OK
- request:
    body: null
    headers:
      Accept:
      - application/json
      Accept-Encoding:
      - gzip, deflate
      CommandName:
      - network route-table list
      Connection:
      - keep-alive
      ParameterSetName:
      - --resource-group
      User-Agent:
      - python/3.7.4 (Windows-10-10.0.18362-SP0) msrest/0.6.9 msrest_azure/0.6.3 azure-mgmt-network/10.2.0
        Azure-SDK-For-Python AZURECLI/2.5.1
      accept-language:
      - en-US
    method: GET
    uri: https://management.azure.com/subscriptions/00000000-0000-0000-0000-000000000000/resourceGroups/cli_test_route_table000001/providers/Microsoft.Network/routeTables?api-version=2020-04-01
  response:
    body:
      string: "{\r\n  \"value\": [\r\n    {\r\n      \"name\": \"cli-test-route-table\",\r\n
        \     \"id\": \"/subscriptions/00000000-0000-0000-0000-000000000000/resourceGroups/cli_test_route_table000001/providers/Microsoft.Network/routeTables/cli-test-route-table\",\r\n
        \     \"etag\": \"W/\\\"c275780b-623c-4e9f-a440-345dbc062bce\\\"\",\r\n      \"type\":
        \"Microsoft.Network/routeTables\",\r\n      \"location\": \"westus\",\r\n
        \     \"tags\": {\r\n        \"foo\": \"boo\"\r\n      },\r\n      \"properties\":
        {\r\n        \"provisioningState\": \"Succeeded\",\r\n        \"resourceGuid\":
        \"39260c81-b665-41cb-94e3-e108dea5d8d7\",\r\n        \"disableBgpRoutePropagation\":
        true,\r\n        \"routes\": [\r\n          {\r\n            \"name\": \"my-route\",\r\n
        \           \"id\": \"/subscriptions/00000000-0000-0000-0000-000000000000/resourceGroups/cli_test_route_table000001/providers/Microsoft.Network/routeTables/cli-test-route-table/routes/my-route\",\r\n
        \           \"etag\": \"W/\\\"c275780b-623c-4e9f-a440-345dbc062bce\\\"\",\r\n
        \           \"properties\": {\r\n              \"provisioningState\": \"Succeeded\",\r\n
        \             \"addressPrefix\": \"10.0.5.0/24\",\r\n              \"nextHopType\":
        \"None\",\r\n              \"hasBgpOverride\": false\r\n            },\r\n
        \           \"type\": \"Microsoft.Network/routeTables/routes\"\r\n          }\r\n
        \       ]\r\n      }\r\n    }\r\n  ]\r\n}"
    headers:
      cache-control:
      - no-cache
      content-length:
      - '1346'
      content-type:
      - application/json; charset=utf-8
      date:
      - Fri, 15 May 2020 17:46:21 GMT
      expires:
      - '-1'
      pragma:
      - no-cache
      server:
      - Microsoft-HTTPAPI/2.0
      - Microsoft-HTTPAPI/2.0
      strict-transport-security:
      - max-age=31536000; includeSubDomains
      transfer-encoding:
      - chunked
      vary:
      - Accept-Encoding
      x-content-type-options:
      - nosniff
      x-ms-arm-service-request-id:
      - 0676e7f6-395c-4267-95c3-45ebb101a229
    status:
      code: 200
      message: OK
- request:
    body: null
    headers:
      Accept:
      - application/json
      Accept-Encoding:
      - gzip, deflate
      CommandName:
      - network route-table show
      Connection:
      - keep-alive
      ParameterSetName:
      - --resource-group --name
      User-Agent:
      - python/3.7.4 (Windows-10-10.0.18362-SP0) msrest/0.6.9 msrest_azure/0.6.3 azure-mgmt-network/10.2.0
        Azure-SDK-For-Python AZURECLI/2.5.1
      accept-language:
      - en-US
    method: GET
    uri: https://management.azure.com/subscriptions/00000000-0000-0000-0000-000000000000/resourceGroups/cli_test_route_table000001/providers/Microsoft.Network/routeTables/cli-test-route-table?api-version=2020-04-01
  response:
    body:
      string: "{\r\n  \"name\": \"cli-test-route-table\",\r\n  \"id\": \"/subscriptions/00000000-0000-0000-0000-000000000000/resourceGroups/cli_test_route_table000001/providers/Microsoft.Network/routeTables/cli-test-route-table\",\r\n
        \ \"etag\": \"W/\\\"c275780b-623c-4e9f-a440-345dbc062bce\\\"\",\r\n  \"type\":
        \"Microsoft.Network/routeTables\",\r\n  \"location\": \"westus\",\r\n  \"tags\":
        {\r\n    \"foo\": \"boo\"\r\n  },\r\n  \"properties\": {\r\n    \"provisioningState\":
        \"Succeeded\",\r\n    \"resourceGuid\": \"39260c81-b665-41cb-94e3-e108dea5d8d7\",\r\n
        \   \"disableBgpRoutePropagation\": true,\r\n    \"routes\": [\r\n      {\r\n
        \       \"name\": \"my-route\",\r\n        \"id\": \"/subscriptions/00000000-0000-0000-0000-000000000000/resourceGroups/cli_test_route_table000001/providers/Microsoft.Network/routeTables/cli-test-route-table/routes/my-route\",\r\n
        \       \"etag\": \"W/\\\"c275780b-623c-4e9f-a440-345dbc062bce\\\"\",\r\n
        \       \"properties\": {\r\n          \"provisioningState\": \"Succeeded\",\r\n
        \         \"addressPrefix\": \"10.0.5.0/24\",\r\n          \"nextHopType\":
        \"None\",\r\n          \"hasBgpOverride\": false\r\n        },\r\n        \"type\":
        \"Microsoft.Network/routeTables/routes\"\r\n      }\r\n    ]\r\n  }\r\n}"
    headers:
      cache-control:
      - no-cache
      content-length:
      - '1205'
      content-type:
      - application/json; charset=utf-8
      date:
      - Fri, 15 May 2020 17:46:23 GMT
      etag:
      - W/"c275780b-623c-4e9f-a440-345dbc062bce"
      expires:
      - '-1'
      pragma:
      - no-cache
      server:
      - Microsoft-HTTPAPI/2.0
      - Microsoft-HTTPAPI/2.0
      strict-transport-security:
      - max-age=31536000; includeSubDomains
      transfer-encoding:
      - chunked
      vary:
      - Accept-Encoding
      x-content-type-options:
      - nosniff
      x-ms-arm-service-request-id:
      - f22c6b41-4307-4f07-94fd-69221f33eb2c
    status:
      code: 200
      message: OK
- request:
    body: null
    headers:
      Accept:
      - application/json
      Accept-Encoding:
      - gzip, deflate
      CommandName:
      - network route-table route list
      Connection:
      - keep-alive
      ParameterSetName:
      - --resource-group --route-table-name
      User-Agent:
      - python/3.7.4 (Windows-10-10.0.18362-SP0) msrest/0.6.9 msrest_azure/0.6.3 azure-mgmt-network/10.2.0
        Azure-SDK-For-Python AZURECLI/2.5.1
      accept-language:
      - en-US
    method: GET
    uri: https://management.azure.com/subscriptions/00000000-0000-0000-0000-000000000000/resourceGroups/cli_test_route_table000001/providers/Microsoft.Network/routeTables/cli-test-route-table/routes?api-version=2020-04-01
  response:
    body:
      string: "{\r\n  \"value\": [\r\n    {\r\n      \"name\": \"my-route\",\r\n      \"id\":
        \"/subscriptions/00000000-0000-0000-0000-000000000000/resourceGroups/cli_test_route_table000001/providers/Microsoft.Network/routeTables/cli-test-route-table/routes/my-route\",\r\n
        \     \"etag\": \"W/\\\"c275780b-623c-4e9f-a440-345dbc062bce\\\"\",\r\n      \"properties\":
        {\r\n        \"provisioningState\": \"Succeeded\",\r\n        \"addressPrefix\":
        \"10.0.5.0/24\",\r\n        \"nextHopType\": \"None\",\r\n        \"hasBgpOverride\":
        false\r\n      },\r\n      \"type\": \"Microsoft.Network/routeTables/routes\"\r\n
        \   }\r\n  ]\r\n}"
    headers:
      cache-control:
      - no-cache
      content-length:
      - '597'
      content-type:
      - application/json; charset=utf-8
      date:
      - Fri, 15 May 2020 17:46:24 GMT
      expires:
      - '-1'
      pragma:
      - no-cache
      server:
      - Microsoft-HTTPAPI/2.0
      - Microsoft-HTTPAPI/2.0
      strict-transport-security:
      - max-age=31536000; includeSubDomains
      transfer-encoding:
      - chunked
      vary:
      - Accept-Encoding
      x-content-type-options:
      - nosniff
      x-ms-arm-service-request-id:
      - 5b9d11f1-8d2f-4177-ad1b-f1284c911eb1
    status:
      code: 200
      message: OK
- request:
    body: null
    headers:
      Accept:
      - application/json
      Accept-Encoding:
      - gzip, deflate
      CommandName:
      - network route-table route show
      Connection:
      - keep-alive
      ParameterSetName:
      - --resource-group --route-table-name --name
      User-Agent:
      - python/3.7.4 (Windows-10-10.0.18362-SP0) msrest/0.6.9 msrest_azure/0.6.3 azure-mgmt-network/10.2.0
        Azure-SDK-For-Python AZURECLI/2.5.1
      accept-language:
      - en-US
    method: GET
    uri: https://management.azure.com/subscriptions/00000000-0000-0000-0000-000000000000/resourceGroups/cli_test_route_table000001/providers/Microsoft.Network/routeTables/cli-test-route-table/routes/my-route?api-version=2020-04-01
  response:
    body:
      string: "{\r\n  \"name\": \"my-route\",\r\n  \"id\": \"/subscriptions/00000000-0000-0000-0000-000000000000/resourceGroups/cli_test_route_table000001/providers/Microsoft.Network/routeTables/cli-test-route-table/routes/my-route\",\r\n
        \ \"etag\": \"W/\\\"c275780b-623c-4e9f-a440-345dbc062bce\\\"\",\r\n  \"properties\":
        {\r\n    \"provisioningState\": \"Succeeded\",\r\n    \"addressPrefix\": \"10.0.5.0/24\",\r\n
        \   \"nextHopType\": \"None\",\r\n    \"hasBgpOverride\": false\r\n  },\r\n
        \ \"type\": \"Microsoft.Network/routeTables/routes\"\r\n}"
    headers:
      cache-control:
      - no-cache
      content-length:
      - '524'
      content-type:
      - application/json; charset=utf-8
      date:
      - Fri, 15 May 2020 17:46:25 GMT
      etag:
      - W/"c275780b-623c-4e9f-a440-345dbc062bce"
      expires:
      - '-1'
      pragma:
      - no-cache
      server:
      - Microsoft-HTTPAPI/2.0
      - Microsoft-HTTPAPI/2.0
      strict-transport-security:
      - max-age=31536000; includeSubDomains
      transfer-encoding:
      - chunked
      vary:
      - Accept-Encoding
      x-content-type-options:
      - nosniff
      x-ms-arm-service-request-id:
      - 44356096-2e3d-4b67-8fcb-f74538124ae9
    status:
      code: 200
      message: OK
- request:
    body: null
    headers:
      Accept:
      - application/json
      Accept-Encoding:
      - gzip, deflate
      CommandName:
      - network route-table route delete
      Connection:
      - keep-alive
      Content-Length:
      - '0'
      ParameterSetName:
      - --resource-group --route-table-name --name
      User-Agent:
      - python/3.7.4 (Windows-10-10.0.18362-SP0) msrest/0.6.9 msrest_azure/0.6.3 azure-mgmt-network/10.2.0
        Azure-SDK-For-Python AZURECLI/2.5.1
      accept-language:
      - en-US
    method: DELETE
    uri: https://management.azure.com/subscriptions/00000000-0000-0000-0000-000000000000/resourceGroups/cli_test_route_table000001/providers/Microsoft.Network/routeTables/cli-test-route-table/routes/my-route?api-version=2020-04-01
  response:
    body:
      string: ''
    headers:
      azure-asyncoperation:
      - https://management.azure.com/subscriptions/00000000-0000-0000-0000-000000000000/providers/Microsoft.Network/locations/westus/operations/d6962ae8-2b2c-4e2a-b6c4-a1a03416efe4?api-version=2020-04-01
      cache-control:
      - no-cache
      content-length:
      - '0'
      date:
      - Fri, 15 May 2020 17:46:26 GMT
      expires:
      - '-1'
      location:
      - https://management.azure.com/subscriptions/00000000-0000-0000-0000-000000000000/providers/Microsoft.Network/locations/westus/operationResults/d6962ae8-2b2c-4e2a-b6c4-a1a03416efe4?api-version=2020-04-01
      pragma:
      - no-cache
      server:
      - Microsoft-HTTPAPI/2.0
      - Microsoft-HTTPAPI/2.0
      strict-transport-security:
      - max-age=31536000; includeSubDomains
      x-content-type-options:
      - nosniff
      x-ms-arm-service-request-id:
      - e571921f-1fe7-486e-b9f9-f3d3763ffd3d
      x-ms-ratelimit-remaining-subscription-deletes:
      - '14999'
    status:
      code: 202
      message: Accepted
- request:
    body: null
    headers:
      Accept:
      - application/json
      Accept-Encoding:
      - gzip, deflate
      CommandName:
      - network route-table route delete
      Connection:
      - keep-alive
      ParameterSetName:
      - --resource-group --route-table-name --name
      User-Agent:
      - python/3.7.4 (Windows-10-10.0.18362-SP0) msrest/0.6.9 msrest_azure/0.6.3 azure-mgmt-network/10.2.0
        Azure-SDK-For-Python AZURECLI/2.5.1
    method: GET
    uri: https://management.azure.com/subscriptions/00000000-0000-0000-0000-000000000000/providers/Microsoft.Network/locations/westus/operations/d6962ae8-2b2c-4e2a-b6c4-a1a03416efe4?api-version=2020-04-01
  response:
    body:
      string: "{\r\n  \"status\": \"Succeeded\"\r\n}"
    headers:
      cache-control:
      - no-cache
      content-length:
      - '29'
      content-type:
      - application/json; charset=utf-8
      date:
      - Fri, 15 May 2020 17:46:37 GMT
      expires:
      - '-1'
      pragma:
      - no-cache
      server:
      - Microsoft-HTTPAPI/2.0
      - Microsoft-HTTPAPI/2.0
      strict-transport-security:
      - max-age=31536000; includeSubDomains
      transfer-encoding:
      - chunked
      vary:
      - Accept-Encoding
      x-content-type-options:
      - nosniff
      x-ms-arm-service-request-id:
      - 06ea3c25-ca03-430f-80c6-7b5468a9026c
    status:
      code: 200
      message: OK
- request:
    body: null
    headers:
      Accept:
      - application/json
      Accept-Encoding:
      - gzip, deflate
      CommandName:
      - network route-table route list
      Connection:
      - keep-alive
      ParameterSetName:
      - --resource-group --route-table-name
      User-Agent:
      - python/3.7.4 (Windows-10-10.0.18362-SP0) msrest/0.6.9 msrest_azure/0.6.3 azure-mgmt-network/10.2.0
        Azure-SDK-For-Python AZURECLI/2.5.1
      accept-language:
      - en-US
    method: GET
    uri: https://management.azure.com/subscriptions/00000000-0000-0000-0000-000000000000/resourceGroups/cli_test_route_table000001/providers/Microsoft.Network/routeTables/cli-test-route-table/routes?api-version=2020-04-01
  response:
    body:
      string: "{\r\n  \"value\": []\r\n}"
    headers:
      cache-control:
      - no-cache
      content-length:
      - '19'
      content-type:
      - application/json; charset=utf-8
      date:
      - Fri, 15 May 2020 17:46:38 GMT
      expires:
      - '-1'
      pragma:
      - no-cache
      server:
      - Microsoft-HTTPAPI/2.0
      - Microsoft-HTTPAPI/2.0
      strict-transport-security:
      - max-age=31536000; includeSubDomains
      transfer-encoding:
      - chunked
      vary:
      - Accept-Encoding
      x-content-type-options:
      - nosniff
      x-ms-arm-service-request-id:
      - aa68b121-f7b4-40a1-9ba1-8be03e727529
    status:
      code: 200
      message: OK
- request:
    body: null
    headers:
      Accept:
      - application/json
      Accept-Encoding:
      - gzip, deflate
      CommandName:
      - network route-table delete
      Connection:
      - keep-alive
      Content-Length:
      - '0'
      ParameterSetName:
      - --resource-group --name
      User-Agent:
      - python/3.7.4 (Windows-10-10.0.18362-SP0) msrest/0.6.9 msrest_azure/0.6.3 azure-mgmt-network/10.2.0
        Azure-SDK-For-Python AZURECLI/2.5.1
      accept-language:
      - en-US
    method: DELETE
    uri: https://management.azure.com/subscriptions/00000000-0000-0000-0000-000000000000/resourceGroups/cli_test_route_table000001/providers/Microsoft.Network/routeTables/cli-test-route-table?api-version=2020-04-01
  response:
    body:
      string: ''
    headers:
      azure-asyncnotification:
      - Enabled
      azure-asyncoperation:
      - https://management.azure.com/subscriptions/00000000-0000-0000-0000-000000000000/providers/Microsoft.Network/locations/westus/operations/4c8e48fc-5506-4d48-ae45-464e4bee82c5?api-version=2020-04-01
      cache-control:
      - no-cache
      content-length:
      - '0'
      date:
      - Fri, 15 May 2020 17:46:40 GMT
      expires:
      - '-1'
      location:
      - https://management.azure.com/subscriptions/00000000-0000-0000-0000-000000000000/providers/Microsoft.Network/locations/westus/operationResults/4c8e48fc-5506-4d48-ae45-464e4bee82c5?api-version=2020-04-01
      pragma:
      - no-cache
      server:
      - Microsoft-HTTPAPI/2.0
      - Microsoft-HTTPAPI/2.0
      strict-transport-security:
      - max-age=31536000; includeSubDomains
      x-content-type-options:
      - nosniff
      x-ms-arm-service-request-id:
      - a739f23a-970d-4e54-961f-c6cd321ec20d
      x-ms-ratelimit-remaining-subscription-deletes:
      - '14998'
    status:
      code: 202
      message: Accepted
- request:
    body: null
    headers:
      Accept:
      - application/json
      Accept-Encoding:
      - gzip, deflate
      CommandName:
      - network route-table delete
      Connection:
      - keep-alive
      ParameterSetName:
      - --resource-group --name
      User-Agent:
      - python/3.7.4 (Windows-10-10.0.18362-SP0) msrest/0.6.9 msrest_azure/0.6.3 azure-mgmt-network/10.2.0
        Azure-SDK-For-Python AZURECLI/2.5.1
    method: GET
    uri: https://management.azure.com/subscriptions/00000000-0000-0000-0000-000000000000/providers/Microsoft.Network/locations/westus/operations/4c8e48fc-5506-4d48-ae45-464e4bee82c5?api-version=2020-04-01
  response:
    body:
      string: "{\r\n  \"status\": \"Succeeded\"\r\n}"
    headers:
      cache-control:
      - no-cache
      content-length:
      - '29'
      content-type:
      - application/json; charset=utf-8
      date:
      - Fri, 15 May 2020 17:46:51 GMT
      expires:
      - '-1'
      pragma:
      - no-cache
      server:
      - Microsoft-HTTPAPI/2.0
      - Microsoft-HTTPAPI/2.0
      strict-transport-security:
      - max-age=31536000; includeSubDomains
      transfer-encoding:
      - chunked
      vary:
      - Accept-Encoding
      x-content-type-options:
      - nosniff
      x-ms-arm-service-request-id:
      - 36d11fea-4138-41c1-9cbe-8272cec84ab4
    status:
      code: 200
      message: OK
- request:
    body: null
    headers:
      Accept:
      - application/json
      Accept-Encoding:
      - gzip, deflate
      CommandName:
      - network route-table list
      Connection:
      - keep-alive
      ParameterSetName:
      - --resource-group
      User-Agent:
      - python/3.7.4 (Windows-10-10.0.18362-SP0) msrest/0.6.9 msrest_azure/0.6.3 azure-mgmt-network/10.2.0
        Azure-SDK-For-Python AZURECLI/2.5.1
      accept-language:
      - en-US
    method: GET
    uri: https://management.azure.com/subscriptions/00000000-0000-0000-0000-000000000000/resourceGroups/cli_test_route_table000001/providers/Microsoft.Network/routeTables?api-version=2020-04-01
  response:
    body:
      string: '{"value":[]}'
    headers:
      cache-control:
      - no-cache
      content-length:
      - '12'
      content-type:
      - application/json; charset=utf-8
      date:
      - Fri, 15 May 2020 17:46:52 GMT
      expires:
      - '-1'
      pragma:
      - no-cache
      strict-transport-security:
      - max-age=31536000; includeSubDomains
      vary:
      - Accept-Encoding
      x-content-type-options:
      - nosniff
    status:
      code: 200
      message: OK
version: 1
