interactions:
- request:
    body: null
    headers:
      Accept:
      - application/json
      Accept-Encoding:
      - gzip, deflate
      CommandName:
      - cosmosdb create
      Connection:
      - keep-alive
      ParameterSetName:
      - -n -g --enable-public-network
      User-Agent:
      - python/3.7.4 (Windows-10-10.0.19041-SP0) msrest/0.6.21 msrest_azure/0.6.3
        azure-mgmt-resource/12.0.0 Azure-SDK-For-Python AZURECLI/2.19.1
      accept-language:
      - en-US
    method: GET
    uri: https://management.azure.com/subscriptions/00000000-0000-0000-0000-000000000000/resourcegroups/cli_test_cosmosdb_pe000001?api-version=2020-10-01
  response:
    body:
      string: '{"id":"/subscriptions/00000000-0000-0000-0000-000000000000/resourceGroups/cli_test_cosmosdb_pe000001","name":"cli_test_cosmosdb_pe000001","type":"Microsoft.Resources/resourceGroups","location":"westus","tags":{"product":"azurecli","cause":"automation","date":"2021-02-25T02:39:47Z"},"properties":{"provisioningState":"Succeeded"}}'
    headers:
      cache-control:
      - no-cache
      content-length:
      - '428'
      content-type:
      - application/json; charset=utf-8
      date:
      - Thu, 25 Feb 2021 02:39:49 GMT
      expires:
      - '-1'
      pragma:
      - no-cache
      strict-transport-security:
      - max-age=31536000; includeSubDomains
      vary:
      - Accept-Encoding
      x-content-type-options:
      - nosniff
    status:
      code: 200
      message: OK
- request:
    body: '{"location": "westus", "kind": "GlobalDocumentDB", "properties": {"locations":
      [{"locationName": "westus", "failoverPriority": 0, "isZoneRedundant": false}],
      "databaseAccountOfferType": "Standard", "publicNetworkAccess": "Disabled", "apiProperties":
      {}}}'
    headers:
      Accept:
      - application/json
      Accept-Encoding:
      - gzip, deflate
      CommandName:
      - cosmosdb create
      Connection:
      - keep-alive
      Content-Length:
      - '254'
      Content-Type:
      - application/json; charset=utf-8
      ParameterSetName:
      - -n -g --enable-public-network
      User-Agent:
      - python/3.7.4 (Windows-10-10.0.19041-SP0) msrest/0.6.21 msrest_azure/0.6.3
        azure-mgmt-cosmosdb/3.0.0 Azure-SDK-For-Python AZURECLI/2.19.1
      accept-language:
      - en-US
    method: PUT
    uri: https://management.azure.com/subscriptions/00000000-0000-0000-0000-000000000000/resourceGroups/cli_test_cosmosdb_pe000001/providers/Microsoft.DocumentDB/databaseAccounts/cli-test-cosmosdb-pe-000002?api-version=2021-01-15
  response:
    body:
      string: '{"id":"/subscriptions/00000000-0000-0000-0000-000000000000/resourceGroups/cli_test_cosmosdb_pe000001/providers/Microsoft.DocumentDB/databaseAccounts/cli-test-cosmosdb-pe-000002","name":"cli-test-cosmosdb-pe-000002","location":"West
        US","type":"Microsoft.DocumentDB/databaseAccounts","kind":"GlobalDocumentDB","tags":{},"systemData":{"createdAt":"2021-02-25T02:39:56.4483334Z"},"properties":{"provisioningState":"Creating","publicNetworkAccess":"Disabled","enableAutomaticFailover":false,"enableMultipleWriteLocations":false,"enablePartitionKeyMonitor":false,"isVirtualNetworkFilterEnabled":false,"virtualNetworkRules":[],"EnabledApiTypes":"Sql","disableKeyBasedMetadataWriteAccess":false,"enableFreeTier":false,"enableAnalyticalStorage":false,"instanceId":"15992aa6-d374-4aea-9a80-2f8ed6fea334","createMode":"Default","databaseAccountOfferType":"Standard","networkAclBypass":"None","consistencyPolicy":{"defaultConsistencyLevel":"Session","maxIntervalInSeconds":5,"maxStalenessPrefix":100},"configurationOverrides":{},"writeLocations":[{"id":"cli-test-cosmosdb-pe-000002-westus","locationName":"West
        US","provisioningState":"Creating","failoverPriority":0,"isZoneRedundant":false}],"readLocations":[{"id":"cli-test-cosmosdb-pe-000002-westus","locationName":"West
        US","provisioningState":"Creating","failoverPriority":0,"isZoneRedundant":false}],"locations":[{"id":"cli-test-cosmosdb-pe-000002-westus","locationName":"West
        US","provisioningState":"Creating","failoverPriority":0,"isZoneRedundant":false}],"failoverPolicies":[{"id":"cli-test-cosmosdb-pe-000002-westus","locationName":"West
        US","failoverPriority":0}],"cors":[],"capabilities":[],"ipRules":[],"backupPolicy":{"type":"Periodic","periodicModeProperties":{"backupIntervalInMinutes":240,"backupRetentionIntervalInHours":8,"backupStorageRedundancy":1}},"networkAclBypassResourceIds":[]},"identity":{"type":"None"}}'
    headers:
      azure-asyncoperation:
      - https://management.azure.com/subscriptions/00000000-0000-0000-0000-000000000000/providers/Microsoft.DocumentDB/locations/westus/operationsStatus/d8c3f9cc-b6e4-493e-b55d-d790f0b42b9d?api-version=2021-01-15
      cache-control:
      - no-store, no-cache
      content-length:
      - '1927'
      content-type:
      - application/json
      date:
      - Thu, 25 Feb 2021 02:39:58 GMT
      location:
      - https://management.azure.com/subscriptions/00000000-0000-0000-0000-000000000000/resourceGroups/cli_test_cosmosdb_pe000001/providers/Microsoft.DocumentDB/databaseAccounts/cli-test-cosmosdb-pe-000002/operationResults/d8c3f9cc-b6e4-493e-b55d-d790f0b42b9d?api-version=2021-01-15
      pragma:
      - no-cache
      server:
      - Microsoft-HTTPAPI/2.0
      strict-transport-security:
      - max-age=31536000; includeSubDomains
      transfer-encoding:
      - chunked
      vary:
      - Accept-Encoding
      x-content-type-options:
      - nosniff
      x-ms-gatewayversion:
      - version=2.11.0
      x-ms-ratelimit-remaining-subscription-writes:
      - '1198'
    status:
      code: 200
      message: Ok
- request:
    body: null
    headers:
      Accept:
      - application/json
      Accept-Encoding:
      - gzip, deflate
      CommandName:
      - cosmosdb create
      Connection:
      - keep-alive
      ParameterSetName:
      - -n -g --enable-public-network
      User-Agent:
      - python/3.7.4 (Windows-10-10.0.19041-SP0) msrest/0.6.21 msrest_azure/0.6.3
        azure-mgmt-cosmosdb/3.0.0 Azure-SDK-For-Python AZURECLI/2.19.1
    method: GET
    uri: https://management.azure.com/subscriptions/00000000-0000-0000-0000-000000000000/providers/Microsoft.DocumentDB/locations/westus/operationsStatus/d8c3f9cc-b6e4-493e-b55d-d790f0b42b9d?api-version=2021-01-15
  response:
    body:
      string: '{"status":"Dequeued"}'
    headers:
      cache-control:
      - no-store, no-cache
      content-length:
      - '21'
      content-type:
      - application/json
      date:
      - Thu, 25 Feb 2021 02:40:28 GMT
      pragma:
      - no-cache
      server:
      - Microsoft-HTTPAPI/2.0
      strict-transport-security:
      - max-age=31536000; includeSubDomains
      transfer-encoding:
      - chunked
      vary:
      - Accept-Encoding
      x-content-type-options:
      - nosniff
      x-ms-gatewayversion:
      - version=2.11.0
    status:
      code: 200
      message: Ok
- request:
    body: null
    headers:
      Accept:
      - application/json
      Accept-Encoding:
      - gzip, deflate
      CommandName:
      - cosmosdb create
      Connection:
      - keep-alive
      ParameterSetName:
      - -n -g --enable-public-network
      User-Agent:
      - python/3.7.4 (Windows-10-10.0.19041-SP0) msrest/0.6.21 msrest_azure/0.6.3
        azure-mgmt-cosmosdb/3.0.0 Azure-SDK-For-Python AZURECLI/2.19.1
    method: GET
    uri: https://management.azure.com/subscriptions/00000000-0000-0000-0000-000000000000/providers/Microsoft.DocumentDB/locations/westus/operationsStatus/d8c3f9cc-b6e4-493e-b55d-d790f0b42b9d?api-version=2021-01-15
  response:
    body:
      string: '{"status":"Succeeded"}'
    headers:
      cache-control:
      - no-store, no-cache
      content-length:
      - '22'
      content-type:
      - application/json
      date:
      - Thu, 25 Feb 2021 02:40:59 GMT
      pragma:
      - no-cache
      server:
      - Microsoft-HTTPAPI/2.0
      strict-transport-security:
      - max-age=31536000; includeSubDomains
      transfer-encoding:
      - chunked
      vary:
      - Accept-Encoding
      x-content-type-options:
      - nosniff
      x-ms-gatewayversion:
      - version=2.11.0
    status:
      code: 200
      message: Ok
- request:
    body: null
    headers:
      Accept:
      - application/json
      Accept-Encoding:
      - gzip, deflate
      CommandName:
      - cosmosdb create
      Connection:
      - keep-alive
      ParameterSetName:
      - -n -g --enable-public-network
      User-Agent:
      - python/3.7.4 (Windows-10-10.0.19041-SP0) msrest/0.6.21 msrest_azure/0.6.3
        azure-mgmt-cosmosdb/3.0.0 Azure-SDK-For-Python AZURECLI/2.19.1
    method: GET
    uri: https://management.azure.com/subscriptions/00000000-0000-0000-0000-000000000000/resourceGroups/cli_test_cosmosdb_pe000001/providers/Microsoft.DocumentDB/databaseAccounts/cli-test-cosmosdb-pe-000002?api-version=2021-01-15
  response:
    body:
      string: '{"id":"/subscriptions/00000000-0000-0000-0000-000000000000/resourceGroups/cli_test_cosmosdb_pe000001/providers/Microsoft.DocumentDB/databaseAccounts/cli-test-cosmosdb-pe-000002","name":"cli-test-cosmosdb-pe-000002","location":"West
        US","type":"Microsoft.DocumentDB/databaseAccounts","kind":"GlobalDocumentDB","tags":{},"systemData":{"createdAt":"2021-02-25T02:40:28.6425116Z"},"properties":{"provisioningState":"Succeeded","documentEndpoint":"https://cli-test-cosmosdb-pe-000002.documents.azure.com:443/","publicNetworkAccess":"Disabled","enableAutomaticFailover":false,"enableMultipleWriteLocations":false,"enablePartitionKeyMonitor":false,"isVirtualNetworkFilterEnabled":false,"virtualNetworkRules":[],"EnabledApiTypes":"Sql","disableKeyBasedMetadataWriteAccess":false,"enableFreeTier":false,"enableAnalyticalStorage":false,"instanceId":"15992aa6-d374-4aea-9a80-2f8ed6fea334","createMode":"Default","databaseAccountOfferType":"Standard","networkAclBypass":"None","consistencyPolicy":{"defaultConsistencyLevel":"Session","maxIntervalInSeconds":5,"maxStalenessPrefix":100},"configurationOverrides":{},"writeLocations":[{"id":"cli-test-cosmosdb-pe-000002-westus","locationName":"West
        US","documentEndpoint":"https://cli-test-cosmosdb-pe-000002-westus.documents.azure.com:443/","provisioningState":"Succeeded","failoverPriority":0,"isZoneRedundant":false}],"readLocations":[{"id":"cli-test-cosmosdb-pe-000002-westus","locationName":"West
        US","documentEndpoint":"https://cli-test-cosmosdb-pe-000002-westus.documents.azure.com:443/","provisioningState":"Succeeded","failoverPriority":0,"isZoneRedundant":false}],"locations":[{"id":"cli-test-cosmosdb-pe-000002-westus","locationName":"West
        US","documentEndpoint":"https://cli-test-cosmosdb-pe-000002-westus.documents.azure.com:443/","provisioningState":"Succeeded","failoverPriority":0,"isZoneRedundant":false}],"failoverPolicies":[{"id":"cli-test-cosmosdb-pe-000002-westus","locationName":"West
        US","failoverPriority":0}],"cors":[],"capabilities":[],"ipRules":[],"backupPolicy":{"type":"Periodic","periodicModeProperties":{"backupIntervalInMinutes":240,"backupRetentionIntervalInHours":8,"backupStorageRedundancy":1}},"networkAclBypassResourceIds":[]},"identity":{"type":"None"}}'
    headers:
      cache-control:
      - no-store, no-cache
      content-length:
      - '2284'
      content-type:
      - application/json
      date:
      - Thu, 25 Feb 2021 02:40:59 GMT
      pragma:
      - no-cache
      server:
      - Microsoft-HTTPAPI/2.0
      strict-transport-security:
      - max-age=31536000; includeSubDomains
      transfer-encoding:
      - chunked
      vary:
      - Accept-Encoding
      x-content-type-options:
      - nosniff
      x-ms-gatewayversion:
      - version=2.11.0
    status:
      code: 200
      message: Ok
- request:
    body: null
    headers:
      Accept:
      - application/json
      Accept-Encoding:
      - gzip, deflate
      CommandName:
      - cosmosdb create
      Connection:
      - keep-alive
      ParameterSetName:
      - -n -g --enable-public-network
      User-Agent:
      - python/3.7.4 (Windows-10-10.0.19041-SP0) msrest/0.6.21 msrest_azure/0.6.3
        azure-mgmt-cosmosdb/3.0.0 Azure-SDK-For-Python AZURECLI/2.19.1
      accept-language:
      - en-US
    method: GET
    uri: https://management.azure.com/subscriptions/00000000-0000-0000-0000-000000000000/resourceGroups/cli_test_cosmosdb_pe000001/providers/Microsoft.DocumentDB/databaseAccounts/cli-test-cosmosdb-pe-000002?api-version=2021-01-15
  response:
    body:
      string: '{"id":"/subscriptions/00000000-0000-0000-0000-000000000000/resourceGroups/cli_test_cosmosdb_pe000001/providers/Microsoft.DocumentDB/databaseAccounts/cli-test-cosmosdb-pe-000002","name":"cli-test-cosmosdb-pe-000002","location":"West
        US","type":"Microsoft.DocumentDB/databaseAccounts","kind":"GlobalDocumentDB","tags":{},"systemData":{"createdAt":"2021-02-25T02:40:28.6425116Z"},"properties":{"provisioningState":"Succeeded","documentEndpoint":"https://cli-test-cosmosdb-pe-000002.documents.azure.com:443/","publicNetworkAccess":"Disabled","enableAutomaticFailover":false,"enableMultipleWriteLocations":false,"enablePartitionKeyMonitor":false,"isVirtualNetworkFilterEnabled":false,"virtualNetworkRules":[],"EnabledApiTypes":"Sql","disableKeyBasedMetadataWriteAccess":false,"enableFreeTier":false,"enableAnalyticalStorage":false,"instanceId":"15992aa6-d374-4aea-9a80-2f8ed6fea334","createMode":"Default","databaseAccountOfferType":"Standard","networkAclBypass":"None","consistencyPolicy":{"defaultConsistencyLevel":"Session","maxIntervalInSeconds":5,"maxStalenessPrefix":100},"configurationOverrides":{},"writeLocations":[{"id":"cli-test-cosmosdb-pe-000002-westus","locationName":"West
        US","documentEndpoint":"https://cli-test-cosmosdb-pe-000002-westus.documents.azure.com:443/","provisioningState":"Succeeded","failoverPriority":0,"isZoneRedundant":false}],"readLocations":[{"id":"cli-test-cosmosdb-pe-000002-westus","locationName":"West
        US","documentEndpoint":"https://cli-test-cosmosdb-pe-000002-westus.documents.azure.com:443/","provisioningState":"Succeeded","failoverPriority":0,"isZoneRedundant":false}],"locations":[{"id":"cli-test-cosmosdb-pe-000002-westus","locationName":"West
        US","documentEndpoint":"https://cli-test-cosmosdb-pe-000002-westus.documents.azure.com:443/","provisioningState":"Succeeded","failoverPriority":0,"isZoneRedundant":false}],"failoverPolicies":[{"id":"cli-test-cosmosdb-pe-000002-westus","locationName":"West
        US","failoverPriority":0}],"cors":[],"capabilities":[],"ipRules":[],"backupPolicy":{"type":"Periodic","periodicModeProperties":{"backupIntervalInMinutes":240,"backupRetentionIntervalInHours":8,"backupStorageRedundancy":1}},"networkAclBypassResourceIds":[]},"identity":{"type":"None"}}'
    headers:
      cache-control:
      - no-store, no-cache
      content-length:
      - '2284'
      content-type:
      - application/json
      date:
      - Thu, 25 Feb 2021 02:40:59 GMT
      pragma:
      - no-cache
      server:
      - Microsoft-HTTPAPI/2.0
      strict-transport-security:
      - max-age=31536000; includeSubDomains
      transfer-encoding:
      - chunked
      vary:
      - Accept-Encoding
      x-content-type-options:
      - nosniff
      x-ms-gatewayversion:
      - version=2.11.0
    status:
      code: 200
      message: Ok
- request:
    body: '{"location": "eastus", "tags": {}, "properties": {"addressSpace": {"addressPrefixes":
      ["10.0.0.0/16"]}, "dhcpOptions": {}, "subnets": [{"name": "cli-subnet-000004",
      "properties": {"addressPrefix": "10.0.0.0/24"}}]}}'
    headers:
      Accept:
      - application/json
      Accept-Encoding:
      - gzip, deflate
      CommandName:
      - network vnet create
      Connection:
      - keep-alive
      Content-Length:
      - '222'
      Content-Type:
      - application/json
      ParameterSetName:
      - -n -g -l --subnet-name
      User-Agent:
      - AZURECLI/2.19.1 azsdk-python-azure-mgmt-network/17.1.0 Python/3.7.4 (Windows-10-10.0.19041-SP0)
    method: PUT
    uri: https://management.azure.com/subscriptions/00000000-0000-0000-0000-000000000000/resourceGroups/cli_test_cosmosdb_pe000001/providers/Microsoft.Network/virtualNetworks/cli-vnet-000003?api-version=2020-08-01
  response:
    body:
      string: "{\r\n  \"name\": \"cli-vnet-000003\",\r\n  \"id\": \"/subscriptions/00000000-0000-0000-0000-000000000000/resourceGroups/cli_test_cosmosdb_pe000001/providers/Microsoft.Network/virtualNetworks/cli-vnet-000003\",\r\n
        \ \"etag\": \"W/\\\"220341b3-c48c-4ac2-92ec-74491c8d8fd4\\\"\",\r\n  \"type\":
        \"Microsoft.Network/virtualNetworks\",\r\n  \"location\": \"eastus\",\r\n
        \ \"tags\": {},\r\n  \"properties\": {\r\n    \"provisioningState\": \"Updating\",\r\n
        \   \"resourceGuid\": \"d548d768-3e60-4131-aaba-02fbf6ab6925\",\r\n    \"addressSpace\":
        {\r\n      \"addressPrefixes\": [\r\n        \"10.0.0.0/16\"\r\n      ]\r\n
        \   },\r\n    \"dhcpOptions\": {\r\n      \"dnsServers\": []\r\n    },\r\n
        \   \"subnets\": [\r\n      {\r\n        \"name\": \"cli-subnet-000004\",\r\n
        \       \"id\": \"/subscriptions/00000000-0000-0000-0000-000000000000/resourceGroups/cli_test_cosmosdb_pe000001/providers/Microsoft.Network/virtualNetworks/cli-vnet-000003/subnets/cli-subnet-000004\",\r\n
        \       \"etag\": \"W/\\\"220341b3-c48c-4ac2-92ec-74491c8d8fd4\\\"\",\r\n
        \       \"properties\": {\r\n          \"provisioningState\": \"Updating\",\r\n
        \         \"addressPrefix\": \"10.0.0.0/24\",\r\n          \"delegations\":
        [],\r\n          \"privateEndpointNetworkPolicies\": \"Enabled\",\r\n          \"privateLinkServiceNetworkPolicies\":
        \"Enabled\"\r\n        },\r\n        \"type\": \"Microsoft.Network/virtualNetworks/subnets\"\r\n
        \     }\r\n    ],\r\n    \"virtualNetworkPeerings\": [],\r\n    \"enableDdosProtection\":
        false\r\n  }\r\n}"
    headers:
      azure-asyncnotification:
      - Enabled
      azure-asyncoperation:
      - https://management.azure.com/subscriptions/00000000-0000-0000-0000-000000000000/providers/Microsoft.Network/locations/eastus/operations/69f98a17-a313-4356-b000-c35e6d7d41e5?api-version=2020-08-01
      cache-control:
      - no-cache
      content-length:
      - '1494'
      content-type:
      - application/json; charset=utf-8
      date:
      - Thu, 25 Feb 2021 02:41:06 GMT
      expires:
      - '-1'
      pragma:
      - no-cache
      server:
      - Microsoft-HTTPAPI/2.0
      - Microsoft-HTTPAPI/2.0
      strict-transport-security:
      - max-age=31536000; includeSubDomains
      x-content-type-options:
      - nosniff
      x-ms-arm-service-request-id:
      - 7714ca6a-3bc9-4920-9cd0-d7927a96d673
      x-ms-ratelimit-remaining-subscription-writes:
      - '1197'
    status:
      code: 201
      message: Created
- request:
    body: null
    headers:
      Accept:
      - '*/*'
      Accept-Encoding:
      - gzip, deflate
      CommandName:
      - network vnet create
      Connection:
      - keep-alive
      ParameterSetName:
      - -n -g -l --subnet-name
      User-Agent:
      - AZURECLI/2.19.1 azsdk-python-azure-mgmt-network/17.1.0 Python/3.7.4 (Windows-10-10.0.19041-SP0)
    method: GET
    uri: https://management.azure.com/subscriptions/00000000-0000-0000-0000-000000000000/providers/Microsoft.Network/locations/eastus/operations/69f98a17-a313-4356-b000-c35e6d7d41e5?api-version=2020-08-01
  response:
    body:
      string: "{\r\n  \"status\": \"Succeeded\"\r\n}"
    headers:
      cache-control:
      - no-cache
      content-length:
      - '29'
      content-type:
      - application/json; charset=utf-8
      date:
      - Thu, 25 Feb 2021 02:41:09 GMT
      expires:
      - '-1'
      pragma:
      - no-cache
      server:
      - Microsoft-HTTPAPI/2.0
      - Microsoft-HTTPAPI/2.0
      strict-transport-security:
      - max-age=31536000; includeSubDomains
      transfer-encoding:
      - chunked
      vary:
      - Accept-Encoding
      x-content-type-options:
      - nosniff
      x-ms-arm-service-request-id:
      - 79339258-2fd6-4bac-8c60-4a8d13b98f90
    status:
      code: 200
      message: OK
- request:
    body: null
    headers:
      Accept:
      - '*/*'
      Accept-Encoding:
      - gzip, deflate
      CommandName:
      - network vnet create
      Connection:
      - keep-alive
      ParameterSetName:
      - -n -g -l --subnet-name
      User-Agent:
      - AZURECLI/2.19.1 azsdk-python-azure-mgmt-network/17.1.0 Python/3.7.4 (Windows-10-10.0.19041-SP0)
    method: GET
    uri: https://management.azure.com/subscriptions/00000000-0000-0000-0000-000000000000/resourceGroups/cli_test_cosmosdb_pe000001/providers/Microsoft.Network/virtualNetworks/cli-vnet-000003?api-version=2020-08-01
  response:
    body:
      string: "{\r\n  \"name\": \"cli-vnet-000003\",\r\n  \"id\": \"/subscriptions/00000000-0000-0000-0000-000000000000/resourceGroups/cli_test_cosmosdb_pe000001/providers/Microsoft.Network/virtualNetworks/cli-vnet-000003\",\r\n
        \ \"etag\": \"W/\\\"09f040b7-ac7c-4600-aca0-ff0351569e5b\\\"\",\r\n  \"type\":
        \"Microsoft.Network/virtualNetworks\",\r\n  \"location\": \"eastus\",\r\n
        \ \"tags\": {},\r\n  \"properties\": {\r\n    \"provisioningState\": \"Succeeded\",\r\n
        \   \"resourceGuid\": \"d548d768-3e60-4131-aaba-02fbf6ab6925\",\r\n    \"addressSpace\":
        {\r\n      \"addressPrefixes\": [\r\n        \"10.0.0.0/16\"\r\n      ]\r\n
        \   },\r\n    \"dhcpOptions\": {\r\n      \"dnsServers\": []\r\n    },\r\n
        \   \"subnets\": [\r\n      {\r\n        \"name\": \"cli-subnet-000004\",\r\n
        \       \"id\": \"/subscriptions/00000000-0000-0000-0000-000000000000/resourceGroups/cli_test_cosmosdb_pe000001/providers/Microsoft.Network/virtualNetworks/cli-vnet-000003/subnets/cli-subnet-000004\",\r\n
        \       \"etag\": \"W/\\\"09f040b7-ac7c-4600-aca0-ff0351569e5b\\\"\",\r\n
        \       \"properties\": {\r\n          \"provisioningState\": \"Succeeded\",\r\n
        \         \"addressPrefix\": \"10.0.0.0/24\",\r\n          \"delegations\":
        [],\r\n          \"privateEndpointNetworkPolicies\": \"Enabled\",\r\n          \"privateLinkServiceNetworkPolicies\":
        \"Enabled\"\r\n        },\r\n        \"type\": \"Microsoft.Network/virtualNetworks/subnets\"\r\n
        \     }\r\n    ],\r\n    \"virtualNetworkPeerings\": [],\r\n    \"enableDdosProtection\":
        false\r\n  }\r\n}"
    headers:
      cache-control:
      - no-cache
      content-length:
      - '1496'
      content-type:
      - application/json; charset=utf-8
      date:
      - Thu, 25 Feb 2021 02:41:10 GMT
      etag:
      - W/"09f040b7-ac7c-4600-aca0-ff0351569e5b"
      expires:
      - '-1'
      pragma:
      - no-cache
      server:
      - Microsoft-HTTPAPI/2.0
      - Microsoft-HTTPAPI/2.0
      strict-transport-security:
      - max-age=31536000; includeSubDomains
      transfer-encoding:
      - chunked
      vary:
      - Accept-Encoding
      x-content-type-options:
      - nosniff
      x-ms-arm-service-request-id:
      - f12524b9-5350-46ae-b4ad-4ec26ea0bc45
    status:
      code: 200
      message: OK
- request:
    body: null
    headers:
      Accept:
      - application/json
      Accept-Encoding:
      - gzip, deflate
      CommandName:
      - network vnet subnet update
      Connection:
      - keep-alive
      ParameterSetName:
      - -n --vnet-name -g --disable-private-endpoint-network-policies
      User-Agent:
      - AZURECLI/2.19.1 azsdk-python-azure-mgmt-network/17.1.0 Python/3.7.4 (Windows-10-10.0.19041-SP0)
    method: GET
    uri: https://management.azure.com/subscriptions/00000000-0000-0000-0000-000000000000/resourceGroups/cli_test_cosmosdb_pe000001/providers/Microsoft.Network/virtualNetworks/cli-vnet-000003/subnets/cli-subnet-000004?api-version=2020-08-01
  response:
    body:
      string: "{\r\n  \"name\": \"cli-subnet-000004\",\r\n  \"id\": \"/subscriptions/00000000-0000-0000-0000-000000000000/resourceGroups/cli_test_cosmosdb_pe000001/providers/Microsoft.Network/virtualNetworks/cli-vnet-000003/subnets/cli-subnet-000004\",\r\n
        \ \"etag\": \"W/\\\"09f040b7-ac7c-4600-aca0-ff0351569e5b\\\"\",\r\n  \"properties\":
        {\r\n    \"provisioningState\": \"Succeeded\",\r\n    \"addressPrefix\": \"10.0.0.0/24\",\r\n
        \   \"delegations\": [],\r\n    \"privateEndpointNetworkPolicies\": \"Enabled\",\r\n
        \   \"privateLinkServiceNetworkPolicies\": \"Enabled\"\r\n  },\r\n  \"type\":
        \"Microsoft.Network/virtualNetworks/subnets\"\r\n}"
    headers:
      cache-control:
      - no-cache
      content-length:
      - '639'
      content-type:
      - application/json; charset=utf-8
      date:
      - Thu, 25 Feb 2021 02:41:15 GMT
      etag:
      - W/"09f040b7-ac7c-4600-aca0-ff0351569e5b"
      expires:
      - '-1'
      pragma:
      - no-cache
      server:
      - Microsoft-HTTPAPI/2.0
      - Microsoft-HTTPAPI/2.0
      strict-transport-security:
      - max-age=31536000; includeSubDomains
      transfer-encoding:
      - chunked
      vary:
      - Accept-Encoding
      x-content-type-options:
      - nosniff
      x-ms-arm-service-request-id:
      - 90446e51-cede-42b0-8922-96032a689744
    status:
      code: 200
      message: OK
- request:
    body: '{"id": "/subscriptions/00000000-0000-0000-0000-000000000000/resourceGroups/cli_test_cosmosdb_pe000001/providers/Microsoft.Network/virtualNetworks/cli-vnet-000003/subnets/cli-subnet-000004",
      "name": "cli-subnet-000004", "properties": {"addressPrefix": "10.0.0.0/24",
      "delegations": [], "privateEndpointNetworkPolicies": "Disabled", "privateLinkServiceNetworkPolicies":
      "Enabled"}}'
    headers:
      Accept:
      - application/json
      Accept-Encoding:
      - gzip, deflate
      CommandName:
      - network vnet subnet update
      Connection:
      - keep-alive
      Content-Length:
      - '451'
      Content-Type:
      - application/json
      ParameterSetName:
      - -n --vnet-name -g --disable-private-endpoint-network-policies
      User-Agent:
      - AZURECLI/2.19.1 azsdk-python-azure-mgmt-network/17.1.0 Python/3.7.4 (Windows-10-10.0.19041-SP0)
    method: PUT
    uri: https://management.azure.com/subscriptions/00000000-0000-0000-0000-000000000000/resourceGroups/cli_test_cosmosdb_pe000001/providers/Microsoft.Network/virtualNetworks/cli-vnet-000003/subnets/cli-subnet-000004?api-version=2020-08-01
  response:
    body:
      string: "{\r\n  \"name\": \"cli-subnet-000004\",\r\n  \"id\": \"/subscriptions/00000000-0000-0000-0000-000000000000/resourceGroups/cli_test_cosmosdb_pe000001/providers/Microsoft.Network/virtualNetworks/cli-vnet-000003/subnets/cli-subnet-000004\",\r\n
        \ \"etag\": \"W/\\\"91b98da9-81c2-4142-abe0-38e15c751b2e\\\"\",\r\n  \"properties\":
        {\r\n    \"provisioningState\": \"Updating\",\r\n    \"addressPrefix\": \"10.0.0.0/24\",\r\n
        \   \"delegations\": [],\r\n    \"privateEndpointNetworkPolicies\": \"Disabled\",\r\n
        \   \"privateLinkServiceNetworkPolicies\": \"Enabled\"\r\n  },\r\n  \"type\":
        \"Microsoft.Network/virtualNetworks/subnets\"\r\n}"
    headers:
      azure-asyncoperation:
      - https://management.azure.com/subscriptions/00000000-0000-0000-0000-000000000000/providers/Microsoft.Network/locations/eastus/operations/0c513bea-0e06-45f4-a7cb-346b3fedaff8?api-version=2020-08-01
      cache-control:
      - no-cache
      content-length:
      - '639'
      content-type:
      - application/json; charset=utf-8
      date:
      - Thu, 25 Feb 2021 02:41:16 GMT
      expires:
      - '-1'
      pragma:
      - no-cache
      server:
      - Microsoft-HTTPAPI/2.0
      - Microsoft-HTTPAPI/2.0
      strict-transport-security:
      - max-age=31536000; includeSubDomains
      transfer-encoding:
      - chunked
      vary:
      - Accept-Encoding
      x-content-type-options:
      - nosniff
      x-ms-arm-service-request-id:
      - cb78a8be-f42f-4788-9086-0ac19d7c0a53
      x-ms-ratelimit-remaining-subscription-writes:
      - '1198'
    status:
      code: 200
      message: OK
- request:
    body: null
    headers:
      Accept:
      - '*/*'
      Accept-Encoding:
      - gzip, deflate
      CommandName:
      - network vnet subnet update
      Connection:
      - keep-alive
      ParameterSetName:
      - -n --vnet-name -g --disable-private-endpoint-network-policies
      User-Agent:
      - AZURECLI/2.19.1 azsdk-python-azure-mgmt-network/17.1.0 Python/3.7.4 (Windows-10-10.0.19041-SP0)
    method: GET
    uri: https://management.azure.com/subscriptions/00000000-0000-0000-0000-000000000000/providers/Microsoft.Network/locations/eastus/operations/0c513bea-0e06-45f4-a7cb-346b3fedaff8?api-version=2020-08-01
  response:
    body:
      string: "{\r\n  \"status\": \"Succeeded\"\r\n}"
    headers:
      cache-control:
      - no-cache
      content-length:
      - '29'
      content-type:
      - application/json; charset=utf-8
      date:
      - Thu, 25 Feb 2021 02:41:19 GMT
      expires:
      - '-1'
      pragma:
      - no-cache
      server:
      - Microsoft-HTTPAPI/2.0
      - Microsoft-HTTPAPI/2.0
      strict-transport-security:
      - max-age=31536000; includeSubDomains
      transfer-encoding:
      - chunked
      vary:
      - Accept-Encoding
      x-content-type-options:
      - nosniff
      x-ms-arm-service-request-id:
      - 3795ab23-9d26-4f89-91e2-523ec42e827d
    status:
      code: 200
      message: OK
- request:
    body: null
    headers:
      Accept:
      - '*/*'
      Accept-Encoding:
      - gzip, deflate
      CommandName:
      - network vnet subnet update
      Connection:
      - keep-alive
      ParameterSetName:
      - -n --vnet-name -g --disable-private-endpoint-network-policies
      User-Agent:
      - AZURECLI/2.19.1 azsdk-python-azure-mgmt-network/17.1.0 Python/3.7.4 (Windows-10-10.0.19041-SP0)
    method: GET
    uri: https://management.azure.com/subscriptions/00000000-0000-0000-0000-000000000000/resourceGroups/cli_test_cosmosdb_pe000001/providers/Microsoft.Network/virtualNetworks/cli-vnet-000003/subnets/cli-subnet-000004?api-version=2020-08-01
  response:
    body:
      string: "{\r\n  \"name\": \"cli-subnet-000004\",\r\n  \"id\": \"/subscriptions/00000000-0000-0000-0000-000000000000/resourceGroups/cli_test_cosmosdb_pe000001/providers/Microsoft.Network/virtualNetworks/cli-vnet-000003/subnets/cli-subnet-000004\",\r\n
        \ \"etag\": \"W/\\\"6e38047a-cef4-4878-85e5-86949fb71b8b\\\"\",\r\n  \"properties\":
        {\r\n    \"provisioningState\": \"Succeeded\",\r\n    \"addressPrefix\": \"10.0.0.0/24\",\r\n
        \   \"delegations\": [],\r\n    \"privateEndpointNetworkPolicies\": \"Disabled\",\r\n
        \   \"privateLinkServiceNetworkPolicies\": \"Enabled\"\r\n  },\r\n  \"type\":
        \"Microsoft.Network/virtualNetworks/subnets\"\r\n}"
    headers:
      cache-control:
      - no-cache
      content-length:
      - '640'
      content-type:
      - application/json; charset=utf-8
      date:
      - Thu, 25 Feb 2021 02:41:19 GMT
      etag:
      - W/"6e38047a-cef4-4878-85e5-86949fb71b8b"
      expires:
      - '-1'
      pragma:
      - no-cache
      server:
      - Microsoft-HTTPAPI/2.0
      - Microsoft-HTTPAPI/2.0
      strict-transport-security:
      - max-age=31536000; includeSubDomains
      transfer-encoding:
      - chunked
      vary:
      - Accept-Encoding
      x-content-type-options:
      - nosniff
      x-ms-arm-service-request-id:
      - c8095331-45d4-4fb5-8d20-c8a3b13a63cd
    status:
      code: 200
      message: OK
- request:
    body: '{"location": "eastus", "properties": {"subnet": {"id": "/subscriptions/00000000-0000-0000-0000-000000000000/resourceGroups/cli_test_cosmosdb_pe000001/providers/Microsoft.Network/virtualNetworks/cli-vnet-000003/subnets/cli-subnet-000004"},
      "privateLinkServiceConnections": [{"name": "cli-pec-000006", "properties": {"privateLinkServiceId":
      "/subscriptions/00000000-0000-0000-0000-000000000000/resourceGroups/cli_test_cosmosdb_pe000001/providers/Microsoft.DocumentDB/databaseAccounts/cli-test-cosmosdb-pe-000002",
      "groupIds": ["Sql"]}}]}}'
    headers:
      Accept:
      - application/json
      Accept-Encoding:
      - gzip, deflate
      CommandName:
      - network private-endpoint create
      Connection:
      - keep-alive
      Content-Length:
      - '661'
      Content-Type:
      - application/json
      ParameterSetName:
      - -g -n --vnet-name --subnet -l --connection-name --private-connection-resource-id
        --group-id
      User-Agent:
      - AZURECLI/2.19.1 azsdk-python-azure-mgmt-network/17.1.0 Python/3.7.4 (Windows-10-10.0.19041-SP0)
    method: PUT
    uri: https://management.azure.com/subscriptions/00000000-0000-0000-0000-000000000000/resourceGroups/cli_test_cosmosdb_pe000001/providers/Microsoft.Network/privateEndpoints/cli-pe-000005?api-version=2020-08-01
  response:
    body:
      string: "{\r\n  \"name\": \"cli-pe-000005\",\r\n  \"id\": \"/subscriptions/00000000-0000-0000-0000-000000000000/resourceGroups/cli_test_cosmosdb_pe000001/providers/Microsoft.Network/privateEndpoints/cli-pe-000005\",\r\n
        \ \"etag\": \"W/\\\"e13ac944-065a-4b66-82bd-7fefa4032070\\\"\",\r\n  \"type\":
        \"Microsoft.Network/privateEndpoints\",\r\n  \"location\": \"eastus\",\r\n
        \ \"properties\": {\r\n    \"provisioningState\": \"Updating\",\r\n    \"resourceGuid\":
        \"934d9d83-6c00-4b08-a535-1dc21a273806\",\r\n    \"privateLinkServiceConnections\":
        [\r\n      {\r\n        \"name\": \"cli-pec-000006\",\r\n        \"id\": \"/subscriptions/00000000-0000-0000-0000-000000000000/resourceGroups/cli_test_cosmosdb_pe000001/providers/Microsoft.Network/privateEndpoints/cli-pe-000005/privateLinkServiceConnections/cli-pec-000006\",\r\n
        \       \"etag\": \"W/\\\"e13ac944-065a-4b66-82bd-7fefa4032070\\\"\",\r\n
        \       \"properties\": {\r\n          \"provisioningState\": \"Succeeded\",\r\n
        \         \"privateLinkServiceId\": \"/subscriptions/00000000-0000-0000-0000-000000000000/resourceGroups/cli_test_cosmosdb_pe000001/providers/Microsoft.DocumentDB/databaseAccounts/cli-test-cosmosdb-pe-000002\",\r\n
        \         \"groupIds\": [\r\n            \"Sql\"\r\n          ],\r\n          \"privateLinkServiceConnectionState\":
        {\r\n            \"status\": \"Approved\",\r\n            \"description\":
        \"\",\r\n            \"actionsRequired\": \"None\"\r\n          }\r\n        },\r\n
        \       \"type\": \"Microsoft.Network/privateEndpoints/privateLinkServiceConnections\"\r\n
        \     }\r\n    ],\r\n    \"manualPrivateLinkServiceConnections\": [],\r\n
        \   \"subnet\": {\r\n      \"id\": \"/subscriptions/00000000-0000-0000-0000-000000000000/resourceGroups/cli_test_cosmosdb_pe000001/providers/Microsoft.Network/virtualNetworks/cli-vnet-000003/subnets/cli-subnet-000004\"\r\n
        \   },\r\n    \"networkInterfaces\": [\r\n      {\r\n        \"id\": \"/subscriptions/00000000-0000-0000-0000-000000000000/resourceGroups/cli_test_cosmosdb_pe000001/providers/Microsoft.Network/networkInterfaces/cli-pe-000005.nic.1f36b9c7-1f14-4a28-b8f7-9879511d39f1\"\r\n
        \     }\r\n    ],\r\n    \"customDnsConfigs\": []\r\n  }\r\n}"
    headers:
      azure-asyncnotification:
      - Enabled
      azure-asyncoperation:
      - https://management.azure.com/subscriptions/00000000-0000-0000-0000-000000000000/providers/Microsoft.Network/locations/eastus/operations/83230fd9-fda7-4da4-9c31-ad7468e872d7?api-version=2020-08-01
      cache-control:
      - no-cache
      content-length:
      - '2320'
      content-type:
      - application/json; charset=utf-8
      date:
      - Thu, 25 Feb 2021 02:42:24 GMT
      expires:
      - '-1'
      pragma:
      - no-cache
      server:
      - Microsoft-HTTPAPI/2.0
      - Microsoft-HTTPAPI/2.0
      strict-transport-security:
      - max-age=31536000; includeSubDomains
      x-content-type-options:
      - nosniff
      x-ms-arm-service-request-id:
      - 42c13684-1a8e-4fe5-9593-27c3b82e45d3
      x-ms-ratelimit-remaining-subscription-writes:
      - '1199'
    status:
      code: 201
      message: Created
- request:
    body: null
    headers:
      Accept:
      - '*/*'
      Accept-Encoding:
      - gzip, deflate
      CommandName:
      - network private-endpoint create
      Connection:
      - keep-alive
      ParameterSetName:
      - -g -n --vnet-name --subnet -l --connection-name --private-connection-resource-id
        --group-id
      User-Agent:
      - AZURECLI/2.19.1 azsdk-python-azure-mgmt-network/17.1.0 Python/3.7.4 (Windows-10-10.0.19041-SP0)
    method: GET
    uri: https://management.azure.com/subscriptions/00000000-0000-0000-0000-000000000000/providers/Microsoft.Network/locations/eastus/operations/83230fd9-fda7-4da4-9c31-ad7468e872d7?api-version=2020-08-01
  response:
    body:
      string: "{\r\n  \"status\": \"InProgress\"\r\n}"
    headers:
      cache-control:
      - no-cache
      content-length:
      - '30'
      content-type:
      - application/json; charset=utf-8
      date:
      - Thu, 25 Feb 2021 02:42:35 GMT
      expires:
      - '-1'
      pragma:
      - no-cache
      server:
      - Microsoft-HTTPAPI/2.0
      - Microsoft-HTTPAPI/2.0
      strict-transport-security:
      - max-age=31536000; includeSubDomains
      transfer-encoding:
      - chunked
      vary:
      - Accept-Encoding
      x-content-type-options:
      - nosniff
      x-ms-arm-service-request-id:
      - 38ffddc0-b782-49c3-80e6-93c76876c72f
    status:
      code: 200
      message: OK
- request:
    body: null
    headers:
      Accept:
      - '*/*'
      Accept-Encoding:
      - gzip, deflate
      CommandName:
      - network private-endpoint create
      Connection:
      - keep-alive
      ParameterSetName:
      - -g -n --vnet-name --subnet -l --connection-name --private-connection-resource-id
        --group-id
      User-Agent:
      - AZURECLI/2.19.1 azsdk-python-azure-mgmt-network/17.1.0 Python/3.7.4 (Windows-10-10.0.19041-SP0)
    method: GET
    uri: https://management.azure.com/subscriptions/00000000-0000-0000-0000-000000000000/providers/Microsoft.Network/locations/eastus/operations/83230fd9-fda7-4da4-9c31-ad7468e872d7?api-version=2020-08-01
  response:
    body:
      string: "{\r\n  \"status\": \"InProgress\"\r\n}"
    headers:
      cache-control:
      - no-cache
      content-length:
      - '30'
      content-type:
      - application/json; charset=utf-8
      date:
      - Thu, 25 Feb 2021 02:42:45 GMT
      expires:
      - '-1'
      pragma:
      - no-cache
      server:
      - Microsoft-HTTPAPI/2.0
      - Microsoft-HTTPAPI/2.0
      strict-transport-security:
      - max-age=31536000; includeSubDomains
      transfer-encoding:
      - chunked
      vary:
      - Accept-Encoding
      x-content-type-options:
      - nosniff
      x-ms-arm-service-request-id:
      - 82e01d1c-cee8-4b66-8b01-caac50c572aa
    status:
      code: 200
      message: OK
- request:
    body: null
    headers:
      Accept:
      - '*/*'
      Accept-Encoding:
      - gzip, deflate
      CommandName:
      - network private-endpoint create
      Connection:
      - keep-alive
      ParameterSetName:
      - -g -n --vnet-name --subnet -l --connection-name --private-connection-resource-id
        --group-id
      User-Agent:
      - AZURECLI/2.19.1 azsdk-python-azure-mgmt-network/17.1.0 Python/3.7.4 (Windows-10-10.0.19041-SP0)
    method: GET
    uri: https://management.azure.com/subscriptions/00000000-0000-0000-0000-000000000000/providers/Microsoft.Network/locations/eastus/operations/83230fd9-fda7-4da4-9c31-ad7468e872d7?api-version=2020-08-01
  response:
    body:
      string: "{\r\n  \"status\": \"InProgress\"\r\n}"
    headers:
      cache-control:
      - no-cache
      content-length:
      - '30'
      content-type:
      - application/json; charset=utf-8
      date:
      - Thu, 25 Feb 2021 02:43:06 GMT
      expires:
      - '-1'
      pragma:
      - no-cache
      server:
      - Microsoft-HTTPAPI/2.0
      - Microsoft-HTTPAPI/2.0
      strict-transport-security:
      - max-age=31536000; includeSubDomains
      transfer-encoding:
      - chunked
      vary:
      - Accept-Encoding
      x-content-type-options:
      - nosniff
      x-ms-arm-service-request-id:
      - f8e31710-d532-48da-9781-5fbbcbbe3c22
    status:
      code: 200
      message: OK
- request:
    body: null
    headers:
      Accept:
      - '*/*'
      Accept-Encoding:
      - gzip, deflate
      CommandName:
      - network private-endpoint create
      Connection:
      - keep-alive
      ParameterSetName:
      - -g -n --vnet-name --subnet -l --connection-name --private-connection-resource-id
        --group-id
      User-Agent:
      - AZURECLI/2.19.1 azsdk-python-azure-mgmt-network/17.1.0 Python/3.7.4 (Windows-10-10.0.19041-SP0)
    method: GET
    uri: https://management.azure.com/subscriptions/00000000-0000-0000-0000-000000000000/providers/Microsoft.Network/locations/eastus/operations/83230fd9-fda7-4da4-9c31-ad7468e872d7?api-version=2020-08-01
  response:
    body:
      string: "{\r\n  \"status\": \"InProgress\"\r\n}"
    headers:
      cache-control:
      - no-cache
      content-length:
      - '30'
      content-type:
      - application/json; charset=utf-8
      date:
      - Thu, 25 Feb 2021 02:43:26 GMT
      expires:
      - '-1'
      pragma:
      - no-cache
      server:
      - Microsoft-HTTPAPI/2.0
      - Microsoft-HTTPAPI/2.0
      strict-transport-security:
      - max-age=31536000; includeSubDomains
      transfer-encoding:
      - chunked
      vary:
      - Accept-Encoding
      x-content-type-options:
      - nosniff
      x-ms-arm-service-request-id:
      - aec03bd8-99c5-4243-808b-0f39b5b9da00
    status:
      code: 200
      message: OK
- request:
    body: null
    headers:
      Accept:
      - '*/*'
      Accept-Encoding:
      - gzip, deflate
      CommandName:
      - network private-endpoint create
      Connection:
      - keep-alive
      ParameterSetName:
      - -g -n --vnet-name --subnet -l --connection-name --private-connection-resource-id
        --group-id
      User-Agent:
      - AZURECLI/2.19.1 azsdk-python-azure-mgmt-network/17.1.0 Python/3.7.4 (Windows-10-10.0.19041-SP0)
    method: GET
    uri: https://management.azure.com/subscriptions/00000000-0000-0000-0000-000000000000/providers/Microsoft.Network/locations/eastus/operations/83230fd9-fda7-4da4-9c31-ad7468e872d7?api-version=2020-08-01
  response:
    body:
      string: "{\r\n  \"status\": \"InProgress\"\r\n}"
    headers:
      cache-control:
      - no-cache
      content-length:
      - '30'
      content-type:
      - application/json; charset=utf-8
      date:
      - Thu, 25 Feb 2021 02:44:07 GMT
      expires:
      - '-1'
      pragma:
      - no-cache
      server:
      - Microsoft-HTTPAPI/2.0
      - Microsoft-HTTPAPI/2.0
      strict-transport-security:
      - max-age=31536000; includeSubDomains
      transfer-encoding:
      - chunked
      vary:
      - Accept-Encoding
      x-content-type-options:
      - nosniff
      x-ms-arm-service-request-id:
      - d15ab315-0763-4897-b953-c4648af4ba37
    status:
      code: 200
      message: OK
- request:
    body: null
    headers:
      Accept:
      - '*/*'
      Accept-Encoding:
      - gzip, deflate
      CommandName:
      - network private-endpoint create
      Connection:
      - keep-alive
      ParameterSetName:
      - -g -n --vnet-name --subnet -l --connection-name --private-connection-resource-id
        --group-id
      User-Agent:
      - AZURECLI/2.19.1 azsdk-python-azure-mgmt-network/17.1.0 Python/3.7.4 (Windows-10-10.0.19041-SP0)
    method: GET
    uri: https://management.azure.com/subscriptions/00000000-0000-0000-0000-000000000000/providers/Microsoft.Network/locations/eastus/operations/83230fd9-fda7-4da4-9c31-ad7468e872d7?api-version=2020-08-01
  response:
    body:
      string: "{\r\n  \"status\": \"InProgress\"\r\n}"
    headers:
      cache-control:
      - no-cache
      content-length:
      - '30'
      content-type:
      - application/json; charset=utf-8
      date:
      - Thu, 25 Feb 2021 02:44:47 GMT
      expires:
      - '-1'
      pragma:
      - no-cache
      server:
      - Microsoft-HTTPAPI/2.0
      - Microsoft-HTTPAPI/2.0
      strict-transport-security:
      - max-age=31536000; includeSubDomains
      transfer-encoding:
      - chunked
      vary:
      - Accept-Encoding
      x-content-type-options:
      - nosniff
      x-ms-arm-service-request-id:
      - eb50bf50-9f8c-467a-b23c-91ab50c4627e
    status:
      code: 200
      message: OK
- request:
    body: null
    headers:
      Accept:
      - '*/*'
      Accept-Encoding:
      - gzip, deflate
      CommandName:
      - network private-endpoint create
      Connection:
      - keep-alive
      ParameterSetName:
      - -g -n --vnet-name --subnet -l --connection-name --private-connection-resource-id
        --group-id
      User-Agent:
      - AZURECLI/2.19.1 azsdk-python-azure-mgmt-network/17.1.0 Python/3.7.4 (Windows-10-10.0.19041-SP0)
    method: GET
    uri: https://management.azure.com/subscriptions/00000000-0000-0000-0000-000000000000/providers/Microsoft.Network/locations/eastus/operations/83230fd9-fda7-4da4-9c31-ad7468e872d7?api-version=2020-08-01
  response:
    body:
      string: "{\r\n  \"status\": \"InProgress\"\r\n}"
    headers:
      cache-control:
      - no-cache
      content-length:
      - '30'
      content-type:
      - application/json; charset=utf-8
      date:
      - Thu, 25 Feb 2021 02:46:07 GMT
      expires:
      - '-1'
      pragma:
      - no-cache
      server:
      - Microsoft-HTTPAPI/2.0
      - Microsoft-HTTPAPI/2.0
      strict-transport-security:
      - max-age=31536000; includeSubDomains
      transfer-encoding:
      - chunked
      vary:
      - Accept-Encoding
      x-content-type-options:
      - nosniff
      x-ms-arm-service-request-id:
      - 6f90e5e3-7c8e-4a26-b18b-b61bf7ca002c
    status:
      code: 200
      message: OK
- request:
    body: null
    headers:
      Accept:
      - '*/*'
      Accept-Encoding:
      - gzip, deflate
      CommandName:
      - network private-endpoint create
      Connection:
      - keep-alive
      ParameterSetName:
      - -g -n --vnet-name --subnet -l --connection-name --private-connection-resource-id
        --group-id
      User-Agent:
      - AZURECLI/2.19.1 azsdk-python-azure-mgmt-network/17.1.0 Python/3.7.4 (Windows-10-10.0.19041-SP0)
    method: GET
    uri: https://management.azure.com/subscriptions/00000000-0000-0000-0000-000000000000/providers/Microsoft.Network/locations/eastus/operations/83230fd9-fda7-4da4-9c31-ad7468e872d7?api-version=2020-08-01
  response:
    body:
      string: "{\r\n  \"status\": \"InProgress\"\r\n}"
    headers:
      cache-control:
      - no-cache
      content-length:
      - '30'
      content-type:
      - application/json; charset=utf-8
      date:
      - Thu, 25 Feb 2021 02:48:48 GMT
      expires:
      - '-1'
      pragma:
      - no-cache
      server:
      - Microsoft-HTTPAPI/2.0
      - Microsoft-HTTPAPI/2.0
      strict-transport-security:
      - max-age=31536000; includeSubDomains
      transfer-encoding:
      - chunked
      vary:
      - Accept-Encoding
      x-content-type-options:
      - nosniff
      x-ms-arm-service-request-id:
      - 0e756ac6-ad2a-4892-9332-bfb31dfcb6ff
    status:
      code: 200
      message: OK
- request:
    body: null
    headers:
      Accept:
      - '*/*'
      Accept-Encoding:
      - gzip, deflate
      CommandName:
      - network private-endpoint create
      Connection:
      - keep-alive
      ParameterSetName:
      - -g -n --vnet-name --subnet -l --connection-name --private-connection-resource-id
        --group-id
      User-Agent:
      - AZURECLI/2.19.1 azsdk-python-azure-mgmt-network/17.1.0 Python/3.7.4 (Windows-10-10.0.19041-SP0)
    method: GET
    uri: https://management.azure.com/subscriptions/00000000-0000-0000-0000-000000000000/providers/Microsoft.Network/locations/eastus/operations/83230fd9-fda7-4da4-9c31-ad7468e872d7?api-version=2020-08-01
  response:
    body:
      string: "{\r\n  \"status\": \"Succeeded\"\r\n}"
    headers:
      cache-control:
      - no-cache
      content-length:
      - '29'
      content-type:
      - application/json; charset=utf-8
      date:
      - Thu, 25 Feb 2021 02:50:29 GMT
      expires:
      - '-1'
      pragma:
      - no-cache
      server:
      - Microsoft-HTTPAPI/2.0
      - Microsoft-HTTPAPI/2.0
      strict-transport-security:
      - max-age=31536000; includeSubDomains
      transfer-encoding:
      - chunked
      vary:
      - Accept-Encoding
      x-content-type-options:
      - nosniff
      x-ms-arm-service-request-id:
      - d00b721d-a261-41da-ae16-00e9e632715c
    status:
      code: 200
      message: OK
- request:
    body: null
    headers:
      Accept:
      - '*/*'
      Accept-Encoding:
      - gzip, deflate
      CommandName:
      - network private-endpoint create
      Connection:
      - keep-alive
      ParameterSetName:
      - -g -n --vnet-name --subnet -l --connection-name --private-connection-resource-id
        --group-id
      User-Agent:
      - AZURECLI/2.19.1 azsdk-python-azure-mgmt-network/17.1.0 Python/3.7.4 (Windows-10-10.0.19041-SP0)
    method: GET
    uri: https://management.azure.com/subscriptions/00000000-0000-0000-0000-000000000000/resourceGroups/cli_test_cosmosdb_pe000001/providers/Microsoft.Network/privateEndpoints/cli-pe-000005?api-version=2020-08-01
  response:
    body:
      string: "{\r\n  \"name\": \"cli-pe-000005\",\r\n  \"id\": \"/subscriptions/00000000-0000-0000-0000-000000000000/resourceGroups/cli_test_cosmosdb_pe000001/providers/Microsoft.Network/privateEndpoints/cli-pe-000005\",\r\n
        \ \"etag\": \"W/\\\"06495240-c968-458d-b979-9edd824d04f0\\\"\",\r\n  \"type\":
        \"Microsoft.Network/privateEndpoints\",\r\n  \"location\": \"eastus\",\r\n
        \ \"properties\": {\r\n    \"provisioningState\": \"Succeeded\",\r\n    \"resourceGuid\":
        \"934d9d83-6c00-4b08-a535-1dc21a273806\",\r\n    \"privateLinkServiceConnections\":
        [\r\n      {\r\n        \"name\": \"cli-pec-000006\",\r\n        \"id\": \"/subscriptions/00000000-0000-0000-0000-000000000000/resourceGroups/cli_test_cosmosdb_pe000001/providers/Microsoft.Network/privateEndpoints/cli-pe-000005/privateLinkServiceConnections/cli-pec-000006\",\r\n
        \       \"etag\": \"W/\\\"06495240-c968-458d-b979-9edd824d04f0\\\"\",\r\n
        \       \"properties\": {\r\n          \"provisioningState\": \"Succeeded\",\r\n
        \         \"privateLinkServiceId\": \"/subscriptions/00000000-0000-0000-0000-000000000000/resourceGroups/cli_test_cosmosdb_pe000001/providers/Microsoft.DocumentDB/databaseAccounts/cli-test-cosmosdb-pe-000002\",\r\n
        \         \"groupIds\": [\r\n            \"Sql\"\r\n          ],\r\n          \"privateLinkServiceConnectionState\":
        {\r\n            \"status\": \"Approved\",\r\n            \"description\":
        \"\",\r\n            \"actionsRequired\": \"None\"\r\n          }\r\n        },\r\n
        \       \"type\": \"Microsoft.Network/privateEndpoints/privateLinkServiceConnections\"\r\n
        \     }\r\n    ],\r\n    \"manualPrivateLinkServiceConnections\": [],\r\n
        \   \"subnet\": {\r\n      \"id\": \"/subscriptions/00000000-0000-0000-0000-000000000000/resourceGroups/cli_test_cosmosdb_pe000001/providers/Microsoft.Network/virtualNetworks/cli-vnet-000003/subnets/cli-subnet-000004\"\r\n
        \   },\r\n    \"networkInterfaces\": [\r\n      {\r\n        \"id\": \"/subscriptions/00000000-0000-0000-0000-000000000000/resourceGroups/cli_test_cosmosdb_pe000001/providers/Microsoft.Network/networkInterfaces/cli-pe-000005.nic.1f36b9c7-1f14-4a28-b8f7-9879511d39f1\"\r\n
        \     }\r\n    ],\r\n    \"customDnsConfigs\": [\r\n      {\r\n        \"fqdn\":
        \"cli-test-cosmosdb-pe-000002.documents.azure.com\",\r\n        \"ipAddresses\":
        [\r\n          \"10.0.0.4\"\r\n        ]\r\n      },\r\n      {\r\n        \"fqdn\":
        \"cli-test-cosmosdb-pe-000002-westus.documents.azure.com\",\r\n        \"ipAddresses\":
        [\r\n          \"10.0.0.5\"\r\n        ]\r\n      }\r\n    ]\r\n  }\r\n}"
    headers:
      cache-control:
      - no-cache
      content-length:
      - '2627'
      content-type:
      - application/json; charset=utf-8
      date:
      - Thu, 25 Feb 2021 02:50:29 GMT
      etag:
      - W/"06495240-c968-458d-b979-9edd824d04f0"
      expires:
      - '-1'
      pragma:
      - no-cache
      server:
      - Microsoft-HTTPAPI/2.0
      - Microsoft-HTTPAPI/2.0
      strict-transport-security:
      - max-age=31536000; includeSubDomains
      transfer-encoding:
      - chunked
      vary:
      - Accept-Encoding
      x-content-type-options:
      - nosniff
      x-ms-arm-service-request-id:
      - f13a2c47-6cc1-4fd8-b742-91c04322ecfc
    status:
      code: 200
      message: OK
- request:
    body: null
    headers:
      Accept:
      - '*/*'
      Accept-Encoding:
      - gzip, deflate
      CommandName:
      - network private-endpoint-connection show
      Connection:
      - keep-alive
      ParameterSetName:
      - --id
      User-Agent:
      - python/3.7.4 (Windows-10-10.0.19041-SP0) AZURECLI/2.19.1
    method: GET
    uri: https://management.azure.com/subscriptions/00000000-0000-0000-0000-000000000000/resourceGroups/cli_test_cosmosdb_pe000001/providers/Microsoft.DocumentDB/databaseAccounts/cli-test-cosmosdb-pe-000002/privateEndpointConnections/cli-pe-000005?api-version=2019-08-01-preview
  response:
    body:
      string: '{"name":"cli-pe-000005","type":"Microsoft.DocumentDB/databaseAccounts/privateEndpointConnections","id":"/subscriptions/00000000-0000-0000-0000-000000000000/resourceGroups/cli_test_cosmosdb_pe000001/providers/Microsoft.DocumentDB/databaseAccounts/cli-test-cosmosdb-pe-000002/privateEndpointConnections/cli-pe-000005","properties":{"provisioningState":"Succeeded","groupId":"Sql","privateEndpoint":{"id":"/subscriptions/00000000-0000-0000-0000-000000000000/resourceGroups/cli_test_cosmosdb_pe000001/providers/Microsoft.Network/privateEndpoints/cli-pe-000005"},"privateLinkServiceConnectionState":{"status":"Approved","actionsRequired":"None"}}}'
    headers:
      cache-control:
      - no-store, no-cache
      content-length:
      - '774'
      content-type:
      - application/json
      date:
      - Thu, 25 Feb 2021 02:50:30 GMT
      pragma:
      - no-cache
      server:
      - Microsoft-HTTPAPI/2.0
      strict-transport-security:
      - max-age=31536000; includeSubDomains
      transfer-encoding:
      - chunked
      vary:
      - Accept-Encoding
      x-content-type-options:
      - nosniff
      x-ms-gatewayversion:
      - version=2.11.0
    status:
      code: 200
      message: Ok
- request:
    body: null
    headers:
      Accept:
      - '*/*'
      Accept-Encoding:
      - gzip, deflate
      CommandName:
      - network private-endpoint-connection show
      Connection:
      - keep-alive
      ParameterSetName:
      - --resource-name --name --resource-group --type
      User-Agent:
      - python/3.7.4 (Windows-10-10.0.19041-SP0) AZURECLI/2.19.1
    method: GET
    uri: https://management.azure.com/subscriptions/00000000-0000-0000-0000-000000000000/resourceGroups/cli_test_cosmosdb_pe000001/providers/Microsoft.DocumentDB/databaseAccounts/cli-test-cosmosdb-pe-000002/privateEndpointConnections/cli-pe-000005?api-version=2019-08-01-preview
  response:
    body:
      string: '{"name":"cli-pe-000005","type":"Microsoft.DocumentDB/databaseAccounts/privateEndpointConnections","id":"/subscriptions/00000000-0000-0000-0000-000000000000/resourceGroups/cli_test_cosmosdb_pe000001/providers/Microsoft.DocumentDB/databaseAccounts/cli-test-cosmosdb-pe-000002/privateEndpointConnections/cli-pe-000005","properties":{"provisioningState":"Succeeded","groupId":"Sql","privateEndpoint":{"id":"/subscriptions/00000000-0000-0000-0000-000000000000/resourceGroups/cli_test_cosmosdb_pe000001/providers/Microsoft.Network/privateEndpoints/cli-pe-000005"},"privateLinkServiceConnectionState":{"status":"Approved","actionsRequired":"None"}}}'
    headers:
      cache-control:
      - no-store, no-cache
      content-length:
      - '774'
      content-type:
      - application/json
      date:
      - Thu, 25 Feb 2021 02:50:31 GMT
      pragma:
      - no-cache
      server:
      - Microsoft-HTTPAPI/2.0
      strict-transport-security:
      - max-age=31536000; includeSubDomains
      transfer-encoding:
      - chunked
      vary:
      - Accept-Encoding
      x-content-type-options:
      - nosniff
      x-ms-gatewayversion:
      - version=2.11.0
    status:
      code: 200
      message: Ok
- request:
    body: null
    headers:
      Accept:
      - '*/*'
      Accept-Encoding:
      - gzip, deflate
      CommandName:
      - network private-endpoint-connection show
      Connection:
      - keep-alive
      ParameterSetName:
      - --resource-name -n -g --type
      User-Agent:
      - python/3.7.4 (Windows-10-10.0.19041-SP0) AZURECLI/2.19.1
    method: GET
    uri: https://management.azure.com/subscriptions/00000000-0000-0000-0000-000000000000/resourceGroups/cli_test_cosmosdb_pe000001/providers/Microsoft.DocumentDB/databaseAccounts/cli-test-cosmosdb-pe-000002/privateEndpointConnections/cli-pe-000005?api-version=2019-08-01-preview
  response:
    body:
      string: '{"name":"cli-pe-000005","type":"Microsoft.DocumentDB/databaseAccounts/privateEndpointConnections","id":"/subscriptions/00000000-0000-0000-0000-000000000000/resourceGroups/cli_test_cosmosdb_pe000001/providers/Microsoft.DocumentDB/databaseAccounts/cli-test-cosmosdb-pe-000002/privateEndpointConnections/cli-pe-000005","properties":{"provisioningState":"Succeeded","groupId":"Sql","privateEndpoint":{"id":"/subscriptions/00000000-0000-0000-0000-000000000000/resourceGroups/cli_test_cosmosdb_pe000001/providers/Microsoft.Network/privateEndpoints/cli-pe-000005"},"privateLinkServiceConnectionState":{"status":"Approved","actionsRequired":"None"}}}'
    headers:
      cache-control:
      - no-store, no-cache
      content-length:
      - '774'
      content-type:
      - application/json
      date:
      - Thu, 25 Feb 2021 02:50:32 GMT
      pragma:
      - no-cache
      server:
      - Microsoft-HTTPAPI/2.0
      strict-transport-security:
      - max-age=31536000; includeSubDomains
      transfer-encoding:
      - chunked
      vary:
      - Accept-Encoding
      x-content-type-options:
      - nosniff
      x-ms-gatewayversion:
      - version=2.11.0
    status:
      code: 200
      message: Ok
- request:
    body: null
    headers:
      Accept:
      - '*/*'
      Accept-Encoding:
      - gzip, deflate
      CommandName:
      - network private-endpoint-connection approve
      Connection:
      - keep-alive
      ParameterSetName:
      - --resource-name --resource-group --name --type --description
      User-Agent:
      - python/3.7.4 (Windows-10-10.0.19041-SP0) AZURECLI/2.19.1
    method: GET
    uri: https://management.azure.com/subscriptions/00000000-0000-0000-0000-000000000000/resourceGroups/cli_test_cosmosdb_pe000001/providers/Microsoft.DocumentDB/databaseAccounts/cli-test-cosmosdb-pe-000002/privateEndpointConnections/cli-pe-000005?api-version=2019-08-01-preview
  response:
    body:
      string: '{"name":"cli-pe-000005","type":"Microsoft.DocumentDB/databaseAccounts/privateEndpointConnections","id":"/subscriptions/00000000-0000-0000-0000-000000000000/resourceGroups/cli_test_cosmosdb_pe000001/providers/Microsoft.DocumentDB/databaseAccounts/cli-test-cosmosdb-pe-000002/privateEndpointConnections/cli-pe-000005","properties":{"provisioningState":"Succeeded","groupId":"Sql","privateEndpoint":{"id":"/subscriptions/00000000-0000-0000-0000-000000000000/resourceGroups/cli_test_cosmosdb_pe000001/providers/Microsoft.Network/privateEndpoints/cli-pe-000005"},"privateLinkServiceConnectionState":{"status":"Approved","actionsRequired":"None"}}}'
    headers:
      cache-control:
      - no-store, no-cache
      content-length:
      - '774'
      content-type:
      - application/json
      date:
      - Thu, 25 Feb 2021 02:50:33 GMT
      pragma:
      - no-cache
      server:
      - Microsoft-HTTPAPI/2.0
      strict-transport-security:
      - max-age=31536000; includeSubDomains
      transfer-encoding:
      - chunked
      vary:
      - Accept-Encoding
      x-content-type-options:
      - nosniff
      x-ms-gatewayversion:
      - version=2.11.0
    status:
      code: 200
      message: Ok
- request:
    body: '{"name": "cli-pe-000005", "type": "Microsoft.DocumentDB/databaseAccounts/privateEndpointConnections",
      "id": "/subscriptions/00000000-0000-0000-0000-000000000000/resourceGroups/cli_test_cosmosdb_pe000001/providers/Microsoft.DocumentDB/databaseAccounts/cli-test-cosmosdb-pe-000002/privateEndpointConnections/cli-pe-000005",
      "properties": {"provisioningState": "Succeeded", "groupId": "Sql", "privateEndpoint":
      {"id": "/subscriptions/00000000-0000-0000-0000-000000000000/resourceGroups/cli_test_cosmosdb_pe000001/providers/Microsoft.Network/privateEndpoints/cli-pe-000005"},
      "privateLinkServiceConnectionState": {"status": "Approved", "actionsRequired":
      "None", "description": "You are approved!"}}}'
    headers:
      Accept:
      - '*/*'
      Accept-Encoding:
      - gzip, deflate
      CommandName:
      - network private-endpoint-connection approve
      Connection:
      - keep-alive
      Content-Length:
      - '828'
      Content-Type:
      - application/json
      ParameterSetName:
      - --resource-name --resource-group --name --type --description
      User-Agent:
      - python/3.7.4 (Windows-10-10.0.19041-SP0) AZURECLI/2.19.1
    method: PUT
    uri: https://management.azure.com/subscriptions/00000000-0000-0000-0000-000000000000/resourceGroups/cli_test_cosmosdb_pe000001/providers/Microsoft.DocumentDB/databaseAccounts/cli-test-cosmosdb-pe-000002/privateEndpointConnections/cli-pe-000005?api-version=2019-08-01-preview
  response:
    body:
      string: '{"status":"Enqueued"}'
    headers:
      azure-asyncoperation:
      - https://management.azure.com/subscriptions/00000000-0000-0000-0000-000000000000/providers/Microsoft.DocumentDB/locations/westus/operationsStatus/b83cd88e-b565-4c4e-b477-d1dc8cb1a6a3?api-version=2019-08-01-preview
      cache-control:
      - no-store, no-cache
      content-length:
      - '21'
      content-type:
      - application/json
      date:
      - Thu, 25 Feb 2021 02:50:33 GMT
      location:
      - https://management.azure.com/subscriptions/00000000-0000-0000-0000-000000000000/resourceGroups/cli_test_cosmosdb_pe000001/providers/Microsoft.DocumentDB/databaseAccounts/cli-test-cosmosdb-pe-000002/privateEndpointConnections/cli-pe-000005/operationResults/b83cd88e-b565-4c4e-b477-d1dc8cb1a6a3?api-version=2019-08-01-preview
      pragma:
      - no-cache
      server:
      - Microsoft-HTTPAPI/2.0
      strict-transport-security:
      - max-age=31536000; includeSubDomains
      x-content-type-options:
      - nosniff
      x-ms-gatewayversion:
      - version=2.11.0
      x-ms-ratelimit-remaining-subscription-writes:
      - '1198'
    status:
      code: 202
      message: Accepted
- request:
    body: null
    headers:
      Accept:
      - '*/*'
      Accept-Encoding:
      - gzip, deflate
      CommandName:
      - network private-endpoint-connection approve
      Connection:
      - keep-alive
      ParameterSetName:
      - --resource-name --resource-group --name --type --description
      User-Agent:
      - python/3.7.4 (Windows-10-10.0.19041-SP0) AZURECLI/2.19.1
    method: GET
    uri: https://management.azure.com/subscriptions/00000000-0000-0000-0000-000000000000/resourceGroups/cli_test_cosmosdb_pe000001/providers/Microsoft.DocumentDB/databaseAccounts/cli-test-cosmosdb-pe-000002/privateEndpointConnections/cli-pe-000005?api-version=2019-08-01-preview
  response:
    body:
      string: '{"name":"cli-pe-000005","type":"Microsoft.DocumentDB/databaseAccounts/privateEndpointConnections","id":"/subscriptions/00000000-0000-0000-0000-000000000000/resourceGroups/cli_test_cosmosdb_pe000001/providers/Microsoft.DocumentDB/databaseAccounts/cli-test-cosmosdb-pe-000002/privateEndpointConnections/cli-pe-000005","properties":{"provisioningState":"Succeeded","groupId":"Sql","privateEndpoint":{"id":"/subscriptions/00000000-0000-0000-0000-000000000000/resourceGroups/cli_test_cosmosdb_pe000001/providers/Microsoft.Network/privateEndpoints/cli-pe-000005"},"privateLinkServiceConnectionState":{"status":"Approved","actionsRequired":"None"}}}'
    headers:
      cache-control:
      - no-store, no-cache
      content-length:
      - '774'
      content-type:
      - application/json
      date:
      - Thu, 25 Feb 2021 02:50:45 GMT
      pragma:
      - no-cache
      server:
      - Microsoft-HTTPAPI/2.0
      strict-transport-security:
      - max-age=31536000; includeSubDomains
      transfer-encoding:
      - chunked
      vary:
      - Accept-Encoding
      x-content-type-options:
      - nosniff
      x-ms-gatewayversion:
      - version=2.11.0
    status:
      code: 200
      message: Ok
- request:
    body: null
    headers:
      Accept:
      - '*/*'
      Accept-Encoding:
      - gzip, deflate
      CommandName:
      - network private-endpoint-connection reject
      Connection:
      - keep-alive
      ParameterSetName:
      - --id --description
      User-Agent:
      - python/3.7.4 (Windows-10-10.0.19041-SP0) AZURECLI/2.19.1
    method: GET
    uri: https://management.azure.com/subscriptions/00000000-0000-0000-0000-000000000000/resourceGroups/cli_test_cosmosdb_pe000001/providers/Microsoft.DocumentDB/databaseAccounts/cli-test-cosmosdb-pe-000002/privateEndpointConnections/cli-pe-000005?api-version=2019-08-01-preview
  response:
    body:
      string: '{"name":"cli-pe-000005","type":"Microsoft.DocumentDB/databaseAccounts/privateEndpointConnections","id":"/subscriptions/00000000-0000-0000-0000-000000000000/resourceGroups/cli_test_cosmosdb_pe000001/providers/Microsoft.DocumentDB/databaseAccounts/cli-test-cosmosdb-pe-000002/privateEndpointConnections/cli-pe-000005","properties":{"provisioningState":"Succeeded","groupId":"Sql","privateEndpoint":{"id":"/subscriptions/00000000-0000-0000-0000-000000000000/resourceGroups/cli_test_cosmosdb_pe000001/providers/Microsoft.Network/privateEndpoints/cli-pe-000005"},"privateLinkServiceConnectionState":{"status":"Approved","actionsRequired":"None"}}}'
    headers:
      cache-control:
      - no-store, no-cache
      content-length:
      - '774'
      content-type:
      - application/json
      date:
      - Thu, 25 Feb 2021 02:50:45 GMT
      pragma:
      - no-cache
      server:
      - Microsoft-HTTPAPI/2.0
      strict-transport-security:
      - max-age=31536000; includeSubDomains
      transfer-encoding:
      - chunked
      vary:
      - Accept-Encoding
      x-content-type-options:
      - nosniff
      x-ms-gatewayversion:
      - version=2.11.0
    status:
      code: 200
      message: Ok
- request:
    body: '{"name": "cli-pe-000005", "type": "Microsoft.DocumentDB/databaseAccounts/privateEndpointConnections",
      "id": "/subscriptions/00000000-0000-0000-0000-000000000000/resourceGroups/cli_test_cosmosdb_pe000001/providers/Microsoft.DocumentDB/databaseAccounts/cli-test-cosmosdb-pe-000002/privateEndpointConnections/cli-pe-000005",
      "properties": {"provisioningState": "Succeeded", "groupId": "Sql", "privateEndpoint":
      {"id": "/subscriptions/00000000-0000-0000-0000-000000000000/resourceGroups/cli_test_cosmosdb_pe000001/providers/Microsoft.Network/privateEndpoints/cli-pe-000005"},
      "privateLinkServiceConnectionState": {"status": "Rejected", "actionsRequired":
      "None", "description": "You are rejected!"}}}'
    headers:
      Accept:
      - '*/*'
      Accept-Encoding:
      - gzip, deflate
      CommandName:
      - network private-endpoint-connection reject
      Connection:
      - keep-alive
      Content-Length:
      - '828'
      Content-Type:
      - application/json
      ParameterSetName:
      - --id --description
      User-Agent:
      - python/3.7.4 (Windows-10-10.0.19041-SP0) AZURECLI/2.19.1
    method: PUT
    uri: https://management.azure.com/subscriptions/00000000-0000-0000-0000-000000000000/resourceGroups/cli_test_cosmosdb_pe000001/providers/Microsoft.DocumentDB/databaseAccounts/cli-test-cosmosdb-pe-000002/privateEndpointConnections/cli-pe-000005?api-version=2019-08-01-preview
  response:
    body:
      string: '{"status":"Enqueued"}'
    headers:
      azure-asyncoperation:
      - https://management.azure.com/subscriptions/00000000-0000-0000-0000-000000000000/providers/Microsoft.DocumentDB/locations/westus/operationsStatus/cd0f3b1b-be96-4c0c-8efc-14eb77d07b3e?api-version=2019-08-01-preview
      cache-control:
      - no-store, no-cache
      content-length:
      - '21'
      content-type:
      - application/json
      date:
      - Thu, 25 Feb 2021 02:50:46 GMT
      location:
      - https://management.azure.com/subscriptions/00000000-0000-0000-0000-000000000000/resourceGroups/cli_test_cosmosdb_pe000001/providers/Microsoft.DocumentDB/databaseAccounts/cli-test-cosmosdb-pe-000002/privateEndpointConnections/cli-pe-000005/operationResults/cd0f3b1b-be96-4c0c-8efc-14eb77d07b3e?api-version=2019-08-01-preview
      pragma:
      - no-cache
      server:
      - Microsoft-HTTPAPI/2.0
      strict-transport-security:
      - max-age=31536000; includeSubDomains
      x-content-type-options:
      - nosniff
      x-ms-gatewayversion:
      - version=2.11.0
      x-ms-ratelimit-remaining-subscription-writes:
      - '1198'
    status:
      code: 202
      message: Accepted
- request:
    body: null
    headers:
      Accept:
      - '*/*'
      Accept-Encoding:
      - gzip, deflate
      CommandName:
      - network private-endpoint-connection reject
      Connection:
      - keep-alive
      ParameterSetName:
      - --id --description
      User-Agent:
      - python/3.7.4 (Windows-10-10.0.19041-SP0) AZURECLI/2.19.1
    method: GET
    uri: https://management.azure.com/subscriptions/00000000-0000-0000-0000-000000000000/resourceGroups/cli_test_cosmosdb_pe000001/providers/Microsoft.DocumentDB/databaseAccounts/cli-test-cosmosdb-pe-000002/privateEndpointConnections/cli-pe-000005?api-version=2019-08-01-preview
  response:
    body:
      string: '{"name":"cli-pe-000005","type":"Microsoft.DocumentDB/databaseAccounts/privateEndpointConnections","id":"/subscriptions/00000000-0000-0000-0000-000000000000/resourceGroups/cli_test_cosmosdb_pe000001/providers/Microsoft.DocumentDB/databaseAccounts/cli-test-cosmosdb-pe-000002/privateEndpointConnections/cli-pe-000005","properties":{"provisioningState":"Succeeded","groupId":"Sql","privateEndpoint":{"id":"/subscriptions/00000000-0000-0000-0000-000000000000/resourceGroups/cli_test_cosmosdb_pe000001/providers/Microsoft.Network/privateEndpoints/cli-pe-000005"},"privateLinkServiceConnectionState":{"status":"Approved","actionsRequired":"None"}}}'
    headers:
      cache-control:
      - no-store, no-cache
      content-length:
      - '774'
      content-type:
      - application/json
      date:
      - Thu, 25 Feb 2021 02:50:57 GMT
      pragma:
      - no-cache
      server:
      - Microsoft-HTTPAPI/2.0
      strict-transport-security:
      - max-age=31536000; includeSubDomains
      transfer-encoding:
      - chunked
      vary:
      - Accept-Encoding
      x-content-type-options:
      - nosniff
      x-ms-gatewayversion:
      - version=2.11.0
    status:
      code: 200
      message: Ok
- request:
    body: null
    headers:
      Accept:
      - '*/*'
      Accept-Encoding:
      - gzip, deflate
      CommandName:
      - network private-endpoint-connection reject
      Connection:
      - keep-alive
      ParameterSetName:
      - --id --description
      User-Agent:
      - python/3.7.4 (Windows-10-10.0.19041-SP0) AZURECLI/2.19.1
    method: GET
    uri: https://management.azure.com/subscriptions/00000000-0000-0000-0000-000000000000/resourceGroups/cli_test_cosmosdb_pe000001/providers/Microsoft.DocumentDB/databaseAccounts/cli-test-cosmosdb-pe-000002/privateEndpointConnections/cli-pe-000005?api-version=2019-08-01-preview
  response:
    body:
      string: '{"name":"cli-pe-000005","type":"Microsoft.DocumentDB/databaseAccounts/privateEndpointConnections","id":"/subscriptions/00000000-0000-0000-0000-000000000000/resourceGroups/cli_test_cosmosdb_pe000001/providers/Microsoft.DocumentDB/databaseAccounts/cli-test-cosmosdb-pe-000002/privateEndpointConnections/cli-pe-000005","properties":{"provisioningState":"Succeeded","groupId":"Sql","privateEndpoint":{"id":"/subscriptions/00000000-0000-0000-0000-000000000000/resourceGroups/cli_test_cosmosdb_pe000001/providers/Microsoft.Network/privateEndpoints/cli-pe-000005"},"privateLinkServiceConnectionState":{"status":"Approved","actionsRequired":"None"}}}'
    headers:
      cache-control:
      - no-store, no-cache
      content-length:
      - '774'
      content-type:
      - application/json
      date:
      - Thu, 25 Feb 2021 02:51:07 GMT
      pragma:
      - no-cache
      server:
      - Microsoft-HTTPAPI/2.0
      strict-transport-security:
      - max-age=31536000; includeSubDomains
      transfer-encoding:
      - chunked
      vary:
      - Accept-Encoding
      x-content-type-options:
      - nosniff
      x-ms-gatewayversion:
      - version=2.11.0
    status:
      code: 200
      message: Ok
- request:
    body: null
    headers:
      Accept:
      - '*/*'
      Accept-Encoding:
      - gzip, deflate
      CommandName:
      - network private-endpoint-connection reject
      Connection:
      - keep-alive
      ParameterSetName:
      - --id --description
      User-Agent:
      - python/3.7.4 (Windows-10-10.0.19041-SP0) AZURECLI/2.19.1
    method: GET
    uri: https://management.azure.com/subscriptions/00000000-0000-0000-0000-000000000000/resourceGroups/cli_test_cosmosdb_pe000001/providers/Microsoft.DocumentDB/databaseAccounts/cli-test-cosmosdb-pe-000002/privateEndpointConnections/cli-pe-000005?api-version=2019-08-01-preview
  response:
    body:
      string: '{"name":"cli-pe-000005","type":"Microsoft.DocumentDB/databaseAccounts/privateEndpointConnections","id":"/subscriptions/00000000-0000-0000-0000-000000000000/resourceGroups/cli_test_cosmosdb_pe000001/providers/Microsoft.DocumentDB/databaseAccounts/cli-test-cosmosdb-pe-000002/privateEndpointConnections/cli-pe-000005","properties":{"provisioningState":"Succeeded","groupId":"Sql","privateEndpoint":{"id":"/subscriptions/00000000-0000-0000-0000-000000000000/resourceGroups/cli_test_cosmosdb_pe000001/providers/Microsoft.Network/privateEndpoints/cli-pe-000005"},"privateLinkServiceConnectionState":{"status":"Approved","description":"You
        are approved!","actionsRequired":"None"}}}'
    headers:
      cache-control:
      - no-store, no-cache
      content-length:
      - '808'
      content-type:
      - application/json
      date:
      - Thu, 25 Feb 2021 02:51:18 GMT
      pragma:
      - no-cache
      server:
      - Microsoft-HTTPAPI/2.0
      strict-transport-security:
      - max-age=31536000; includeSubDomains
      transfer-encoding:
      - chunked
      vary:
      - Accept-Encoding
      x-content-type-options:
      - nosniff
      x-ms-gatewayversion:
      - version=2.11.0
    status:
      code: 200
      message: Ok
- request:
    body: null
    headers:
      Accept:
      - '*/*'
      Accept-Encoding:
      - gzip, deflate
      CommandName:
      - network private-endpoint-connection reject
      Connection:
      - keep-alive
      ParameterSetName:
      - --id --description
      User-Agent:
      - python/3.7.4 (Windows-10-10.0.19041-SP0) AZURECLI/2.19.1
    method: GET
    uri: https://management.azure.com/subscriptions/00000000-0000-0000-0000-000000000000/resourceGroups/cli_test_cosmosdb_pe000001/providers/Microsoft.DocumentDB/databaseAccounts/cli-test-cosmosdb-pe-000002/privateEndpointConnections/cli-pe-000005?api-version=2019-08-01-preview
  response:
    body:
      string: '{"name":"cli-pe-000005","type":"Microsoft.DocumentDB/databaseAccounts/privateEndpointConnections","id":"/subscriptions/00000000-0000-0000-0000-000000000000/resourceGroups/cli_test_cosmosdb_pe000001/providers/Microsoft.DocumentDB/databaseAccounts/cli-test-cosmosdb-pe-000002/privateEndpointConnections/cli-pe-000005","properties":{"provisioningState":"Succeeded","groupId":"Sql","privateEndpoint":{"id":"/subscriptions/00000000-0000-0000-0000-000000000000/resourceGroups/cli_test_cosmosdb_pe000001/providers/Microsoft.Network/privateEndpoints/cli-pe-000005"},"privateLinkServiceConnectionState":{"status":"Approved","description":"You
        are approved!","actionsRequired":"None"}}}'
    headers:
      cache-control:
      - no-store, no-cache
      content-length:
      - '808'
      content-type:
      - application/json
      date:
      - Thu, 25 Feb 2021 02:51:29 GMT
      pragma:
      - no-cache
      server:
      - Microsoft-HTTPAPI/2.0
      strict-transport-security:
      - max-age=31536000; includeSubDomains
      transfer-encoding:
      - chunked
      vary:
      - Accept-Encoding
      x-content-type-options:
      - nosniff
      x-ms-gatewayversion:
      - version=2.11.0
    status:
      code: 200
      message: Ok
- request:
    body: null
    headers:
      Accept:
      - '*/*'
      Accept-Encoding:
      - gzip, deflate
      CommandName:
      - network private-endpoint-connection reject
      Connection:
      - keep-alive
      ParameterSetName:
      - --id --description
      User-Agent:
      - python/3.7.4 (Windows-10-10.0.19041-SP0) AZURECLI/2.19.1
    method: GET
    uri: https://management.azure.com/subscriptions/00000000-0000-0000-0000-000000000000/resourceGroups/cli_test_cosmosdb_pe000001/providers/Microsoft.DocumentDB/databaseAccounts/cli-test-cosmosdb-pe-000002/privateEndpointConnections/cli-pe-000005?api-version=2019-08-01-preview
  response:
    body:
      string: '{"name":"cli-pe-000005","type":"Microsoft.DocumentDB/databaseAccounts/privateEndpointConnections","id":"/subscriptions/00000000-0000-0000-0000-000000000000/resourceGroups/cli_test_cosmosdb_pe000001/providers/Microsoft.DocumentDB/databaseAccounts/cli-test-cosmosdb-pe-000002/privateEndpointConnections/cli-pe-000005","properties":{"provisioningState":"Succeeded","groupId":"Sql","privateEndpoint":{"id":"/subscriptions/00000000-0000-0000-0000-000000000000/resourceGroups/cli_test_cosmosdb_pe000001/providers/Microsoft.Network/privateEndpoints/cli-pe-000005"},"privateLinkServiceConnectionState":{"status":"Approved","description":"You
        are approved!","actionsRequired":"None"}}}'
    headers:
      cache-control:
      - no-store, no-cache
      content-length:
      - '808'
      content-type:
      - application/json
      date:
      - Thu, 25 Feb 2021 02:51:40 GMT
      pragma:
      - no-cache
      server:
      - Microsoft-HTTPAPI/2.0
      strict-transport-security:
      - max-age=31536000; includeSubDomains
      transfer-encoding:
      - chunked
      vary:
      - Accept-Encoding
      x-content-type-options:
      - nosniff
      x-ms-gatewayversion:
      - version=2.11.0
    status:
      code: 200
      message: Ok
- request:
    body: null
    headers:
      Accept:
      - '*/*'
      Accept-Encoding:
      - gzip, deflate
      CommandName:
      - network private-endpoint-connection reject
      Connection:
      - keep-alive
      ParameterSetName:
      - --id --description
      User-Agent:
      - python/3.7.4 (Windows-10-10.0.19041-SP0) AZURECLI/2.19.1
    method: GET
    uri: https://management.azure.com/subscriptions/00000000-0000-0000-0000-000000000000/resourceGroups/cli_test_cosmosdb_pe000001/providers/Microsoft.DocumentDB/databaseAccounts/cli-test-cosmosdb-pe-000002/privateEndpointConnections/cli-pe-000005?api-version=2019-08-01-preview
  response:
    body:
      string: '{"name":"cli-pe-000005","type":"Microsoft.DocumentDB/databaseAccounts/privateEndpointConnections","id":"/subscriptions/00000000-0000-0000-0000-000000000000/resourceGroups/cli_test_cosmosdb_pe000001/providers/Microsoft.DocumentDB/databaseAccounts/cli-test-cosmosdb-pe-000002/privateEndpointConnections/cli-pe-000005","properties":{"provisioningState":"Succeeded","groupId":"Sql","privateEndpoint":{"id":"/subscriptions/00000000-0000-0000-0000-000000000000/resourceGroups/cli_test_cosmosdb_pe000001/providers/Microsoft.Network/privateEndpoints/cli-pe-000005"},"privateLinkServiceConnectionState":{"status":"Approved","description":"You
        are approved!","actionsRequired":"None"}}}'
    headers:
      cache-control:
      - no-store, no-cache
      content-length:
      - '808'
      content-type:
      - application/json
      date:
      - Thu, 25 Feb 2021 02:51:50 GMT
      pragma:
      - no-cache
      server:
      - Microsoft-HTTPAPI/2.0
      strict-transport-security:
      - max-age=31536000; includeSubDomains
      transfer-encoding:
      - chunked
      vary:
      - Accept-Encoding
      x-content-type-options:
      - nosniff
      x-ms-gatewayversion:
      - version=2.11.0
    status:
      code: 200
      message: Ok
- request:
    body: null
    headers:
      Accept:
      - '*/*'
      Accept-Encoding:
      - gzip, deflate
      CommandName:
      - network private-endpoint-connection reject
      Connection:
      - keep-alive
      ParameterSetName:
      - --id --description
      User-Agent:
      - python/3.7.4 (Windows-10-10.0.19041-SP0) AZURECLI/2.19.1
    method: GET
    uri: https://management.azure.com/subscriptions/00000000-0000-0000-0000-000000000000/resourceGroups/cli_test_cosmosdb_pe000001/providers/Microsoft.DocumentDB/databaseAccounts/cli-test-cosmosdb-pe-000002/privateEndpointConnections/cli-pe-000005?api-version=2019-08-01-preview
  response:
    body:
      string: '{"name":"cli-pe-000005","type":"Microsoft.DocumentDB/databaseAccounts/privateEndpointConnections","id":"/subscriptions/00000000-0000-0000-0000-000000000000/resourceGroups/cli_test_cosmosdb_pe000001/providers/Microsoft.DocumentDB/databaseAccounts/cli-test-cosmosdb-pe-000002/privateEndpointConnections/cli-pe-000005","properties":{"provisioningState":"Succeeded","groupId":"Sql","privateEndpoint":{"id":"/subscriptions/00000000-0000-0000-0000-000000000000/resourceGroups/cli_test_cosmosdb_pe000001/providers/Microsoft.Network/privateEndpoints/cli-pe-000005"},"privateLinkServiceConnectionState":{"status":"Approved","description":"You
        are approved!","actionsRequired":"None"}}}'
    headers:
      cache-control:
      - no-store, no-cache
      content-length:
      - '808'
      content-type:
      - application/json
      date:
      - Thu, 25 Feb 2021 02:52:00 GMT
      pragma:
      - no-cache
      server:
      - Microsoft-HTTPAPI/2.0
      strict-transport-security:
      - max-age=31536000; includeSubDomains
      transfer-encoding:
      - chunked
      vary:
      - Accept-Encoding
      x-content-type-options:
      - nosniff
      x-ms-gatewayversion:
      - version=2.11.0
    status:
      code: 200
      message: Ok
- request:
    body: null
    headers:
      Accept:
      - '*/*'
      Accept-Encoding:
      - gzip, deflate
      CommandName:
      - network private-endpoint-connection reject
      Connection:
      - keep-alive
      ParameterSetName:
      - --id --description
      User-Agent:
      - python/3.7.4 (Windows-10-10.0.19041-SP0) AZURECLI/2.19.1
    method: GET
    uri: https://management.azure.com/subscriptions/00000000-0000-0000-0000-000000000000/resourceGroups/cli_test_cosmosdb_pe000001/providers/Microsoft.DocumentDB/databaseAccounts/cli-test-cosmosdb-pe-000002/privateEndpointConnections/cli-pe-000005?api-version=2019-08-01-preview
  response:
    body:
      string: '{"name":"cli-pe-000005","type":"Microsoft.DocumentDB/databaseAccounts/privateEndpointConnections","id":"/subscriptions/00000000-0000-0000-0000-000000000000/resourceGroups/cli_test_cosmosdb_pe000001/providers/Microsoft.DocumentDB/databaseAccounts/cli-test-cosmosdb-pe-000002/privateEndpointConnections/cli-pe-000005","properties":{"provisioningState":"Succeeded","groupId":"Sql","privateEndpoint":{"id":"/subscriptions/00000000-0000-0000-0000-000000000000/resourceGroups/cli_test_cosmosdb_pe000001/providers/Microsoft.Network/privateEndpoints/cli-pe-000005"},"privateLinkServiceConnectionState":{"status":"Rejected","description":"You
        are rejected!","actionsRequired":"None"}}}'
    headers:
      cache-control:
      - no-store, no-cache
      content-length:
      - '808'
      content-type:
      - application/json
      date:
      - Thu, 25 Feb 2021 02:52:13 GMT
      pragma:
      - no-cache
      server:
      - Microsoft-HTTPAPI/2.0
      strict-transport-security:
      - max-age=31536000; includeSubDomains
      transfer-encoding:
      - chunked
      vary:
      - Accept-Encoding
      x-content-type-options:
      - nosniff
      x-ms-gatewayversion:
      - version=2.11.0
    status:
      code: 200
      message: Ok
- request:
    body: null
    headers:
      Accept:
      - '*/*'
      Accept-Encoding:
      - gzip, deflate
      CommandName:
      - network private-endpoint-connection list
      Connection:
      - keep-alive
      ParameterSetName:
      - --name --resource-group --type
      User-Agent:
      - python/3.7.4 (Windows-10-10.0.19041-SP0) AZURECLI/2.19.1
    method: GET
    uri: https://management.azure.com/subscriptions/00000000-0000-0000-0000-000000000000/resourceGroups/cli_test_cosmosdb_pe000001/providers/Microsoft.DocumentDB/databaseAccounts/cli-test-cosmosdb-pe-000002?api-version=2020-03-01
  response:
    body:
      string: '{"id":"/subscriptions/00000000-0000-0000-0000-000000000000/resourceGroups/cli_test_cosmosdb_pe000001/providers/Microsoft.DocumentDB/databaseAccounts/cli-test-cosmosdb-pe-000002","name":"cli-test-cosmosdb-pe-000002","location":"West
        US","type":"Microsoft.DocumentDB/databaseAccounts","kind":"GlobalDocumentDB","tags":{},"systemData":{"createdAt":"2021-02-25T02:40:28.6425116Z"},"properties":{"provisioningState":"Succeeded","documentEndpoint":"https://cli-test-cosmosdb-pe-000002.documents.azure.com:443/","publicNetworkAccess":"Disabled","enableAutomaticFailover":false,"enableMultipleWriteLocations":false,"enablePartitionKeyMonitor":false,"isVirtualNetworkFilterEnabled":false,"virtualNetworkRules":[],"privateEndpointConnections":[{"id":"/subscriptions/00000000-0000-0000-0000-000000000000/resourceGroups/cli_test_cosmosdb_pe000001/providers/Microsoft.DocumentDB/databaseAccounts/cli-test-cosmosdb-pe-000002/privateEndpointConnections/cli-pe-000005","properties":{"privateEndpoint":{"id":"/subscriptions/00000000-0000-0000-0000-000000000000/resourceGroups/cli_test_cosmosdb_pe000001/providers/Microsoft.Network/privateEndpoints/cli-pe-000005"},"privateLinkServiceConnectionState":{"status":"Rejected","description":"You
        are rejected!","actionsRequired":"None"}}}],"EnabledApiTypes":"Sql","disableKeyBasedMetadataWriteAccess":false,"enableFreeTier":false,"enableAnalyticalStorage":false,"instanceId":"15992aa6-d374-4aea-9a80-2f8ed6fea334","createMode":"Default","databaseAccountOfferType":"Standard","ipRangeFilter":"","consistencyPolicy":{"defaultConsistencyLevel":"Session","maxIntervalInSeconds":5,"maxStalenessPrefix":100},"configurationOverrides":{},"writeLocations":[{"id":"cli-test-cosmosdb-pe-000002-westus","locationName":"West
        US","documentEndpoint":"https://cli-test-cosmosdb-pe-000002-westus.documents.azure.com:443/","provisioningState":"Succeeded","failoverPriority":0,"isZoneRedundant":false}],"readLocations":[{"id":"cli-test-cosmosdb-pe-000002-westus","locationName":"West
        US","documentEndpoint":"https://cli-test-cosmosdb-pe-000002-westus.documents.azure.com:443/","provisioningState":"Succeeded","failoverPriority":0,"isZoneRedundant":false}],"locations":[{"id":"cli-test-cosmosdb-pe-000002-westus","locationName":"West
        US","documentEndpoint":"https://cli-test-cosmosdb-pe-000002-westus.documents.azure.com:443/","provisioningState":"Succeeded","failoverPriority":0,"isZoneRedundant":false}],"failoverPolicies":[{"id":"cli-test-cosmosdb-pe-000002-westus","locationName":"West
        US","failoverPriority":0}],"cors":[],"capabilities":[],"backupPolicy":{"type":"Periodic","periodicModeProperties":{"backupIntervalInMinutes":240,"backupRetentionIntervalInHours":8,"backupStorageRedundancy":1}}}}'
    headers:
      cache-control:
      - no-store, no-cache
      content-length:
      - '2888'
      content-type:
      - application/json
      date:
      - Thu, 25 Feb 2021 02:52:13 GMT
      pragma:
      - no-cache
      server:
      - Microsoft-HTTPAPI/2.0
      strict-transport-security:
      - max-age=31536000; includeSubDomains
      transfer-encoding:
      - chunked
      vary:
      - Accept-Encoding
      x-content-type-options:
      - nosniff
      x-ms-gatewayversion:
      - version=2.11.0
    status:
      code: 200
      message: Ok
- request:
    body: null
    headers:
      Accept:
      - '*/*'
      Accept-Encoding:
      - gzip, deflate
      CommandName:
      - network private-endpoint-connection delete
      Connection:
      - keep-alive
      Content-Length:
      - '0'
      ParameterSetName:
      - --id -y
      User-Agent:
      - python/3.7.4 (Windows-10-10.0.19041-SP0) AZURECLI/2.19.1
    method: DELETE
    uri: https://management.azure.com/subscriptions/00000000-0000-0000-0000-000000000000/resourceGroups/cli_test_cosmosdb_pe000001/providers/Microsoft.DocumentDB/databaseAccounts/cli-test-cosmosdb-pe-000002/privateEndpointConnections/cli-pe-000005?api-version=2019-08-01-preview
  response:
    body:
      string: '{"status":"Enqueued"}'
    headers:
      azure-asyncoperation:
      - https://management.azure.com/subscriptions/00000000-0000-0000-0000-000000000000/providers/Microsoft.DocumentDB/locations/westus/operationsStatus/cfb0cd60-ac76-4427-b046-0b27d2e2412f?api-version=2019-08-01-preview
      cache-control:
      - no-store, no-cache
      content-length:
      - '21'
      content-type:
      - application/json
      date:
      - Thu, 25 Feb 2021 02:52:15 GMT
      location:
      - https://management.azure.com/subscriptions/00000000-0000-0000-0000-000000000000/resourceGroups/cli_test_cosmosdb_pe000001/providers/Microsoft.DocumentDB/databaseAccounts/cli-test-cosmosdb-pe-000002/privateEndpointConnections/cli-pe-000005/operationResults/cfb0cd60-ac76-4427-b046-0b27d2e2412f?api-version=2019-08-01-preview
      pragma:
      - no-cache
      server:
      - Microsoft-HTTPAPI/2.0
      strict-transport-security:
      - max-age=31536000; includeSubDomains
      x-content-type-options:
      - nosniff
      x-ms-gatewayversion:
      - version=2.11.0
      x-ms-ratelimit-remaining-subscription-deletes:
      - '14998'
    status:
      code: 202
      message: Accepted
version: 1
