interactions:
- request:
    body: '{"location": "centraluseuap", "tags": {}, "properties": {"addressSpace":
      {"addressPrefixes": ["10.0.0.0/24"]}, "dhcpOptions": {}, "subnets": [{"name":
      "RouteServerSubnet", "properties": {"addressPrefix": "10.0.0.0/24", "privateEndpointNetworkPolicies":
      "Enabled", "privateLinkServiceNetworkPolicies": "Enabled"}}]}}'
    headers:
      Accept:
      - application/json
      Accept-Encoding:
      - gzip, deflate
      CommandName:
      - network vnet create
      Connection:
      - keep-alive
      Content-Length:
      - '315'
      Content-Type:
      - application/json
      ParameterSetName:
      - -g -n --location --subnet-name --address-prefix
      User-Agent:
      - AZURECLI/2.25.0 azsdk-python-azure-mgmt-network/19.0.0 Python/3.8.10 (Windows-10-10.0.19043-SP0)
    method: PUT
    uri: https://management.azure.com/subscriptions/00000000-0000-0000-0000-000000000000/resourceGroups/cli_test_virtual_hub_router000001/providers/Microsoft.Network/virtualNetworks/vnet2?api-version=2021-02-01
  response:
    body:
      string: "{\r\n  \"name\": \"vnet2\",\r\n  \"id\": \"/subscriptions/00000000-0000-0000-0000-000000000000/resourceGroups/cli_test_virtual_hub_router000001/providers/Microsoft.Network/virtualNetworks/vnet2\",\r\n
        \ \"etag\": \"W/\\\"9b4faac7-0a84-488d-b104-5b1d94e92197\\\"\",\r\n  \"type\":
        \"Microsoft.Network/virtualNetworks\",\r\n  \"location\": \"centraluseuap\",\r\n
        \ \"tags\": {},\r\n  \"properties\": {\r\n    \"provisioningState\": \"Updating\",\r\n
        \   \"resourceGuid\": \"e902590f-90ba-4839-b9b2-6ff81a3469c0\",\r\n    \"addressSpace\":
        {\r\n      \"addressPrefixes\": [\r\n        \"10.0.0.0/24\"\r\n      ]\r\n
        \   },\r\n    \"dhcpOptions\": {\r\n      \"dnsServers\": []\r\n    },\r\n
        \   \"subnets\": [\r\n      {\r\n        \"name\": \"RouteServerSubnet\",\r\n
        \       \"id\": \"/subscriptions/00000000-0000-0000-0000-000000000000/resourceGroups/cli_test_virtual_hub_router000001/providers/Microsoft.Network/virtualNetworks/vnet2/subnets/RouteServerSubnet\",\r\n
        \       \"etag\": \"W/\\\"9b4faac7-0a84-488d-b104-5b1d94e92197\\\"\",\r\n
        \       \"properties\": {\r\n          \"provisioningState\": \"Updating\",\r\n
        \         \"addressPrefix\": \"10.0.0.0/24\",\r\n          \"delegations\":
        [],\r\n          \"privateEndpointNetworkPolicies\": \"Enabled\",\r\n          \"privateLinkServiceNetworkPolicies\":
        \"Enabled\"\r\n        },\r\n        \"type\": \"Microsoft.Network/virtualNetworks/subnets\"\r\n
        \     }\r\n    ],\r\n    \"virtualNetworkPeerings\": [],\r\n    \"enableDdosProtection\":
        false\r\n  }\r\n}"
    headers:
      azure-asyncnotification:
      - Enabled
      azure-asyncoperation:
      - https://management.azure.com/subscriptions/00000000-0000-0000-0000-000000000000/providers/Microsoft.Network/locations/centraluseuap/operations/0d819f34-c2d7-4270-becc-dcc1bc94cb5f?api-version=2021-02-01
      cache-control:
      - no-cache
      content-length:
      - '1430'
      content-type:
      - application/json; charset=utf-8
      date:
      - Wed, 30 Jun 2021 01:35:38 GMT
      expires:
      - '-1'
      pragma:
      - no-cache
      server:
      - Microsoft-HTTPAPI/2.0
      - Microsoft-HTTPAPI/2.0
      strict-transport-security:
      - max-age=31536000; includeSubDomains
      x-content-type-options:
      - nosniff
      x-ms-arm-service-request-id:
      - e83c4f29-9fde-4e91-9767-52e2dcfd2b36
      x-ms-ratelimit-remaining-subscription-writes:
      - '1199'
    status:
      code: 201
      message: Created
- request:
    body: null
    headers:
      Accept:
      - '*/*'
      Accept-Encoding:
      - gzip, deflate
      CommandName:
      - network vnet create
      Connection:
      - keep-alive
      ParameterSetName:
      - -g -n --location --subnet-name --address-prefix
      User-Agent:
      - AZURECLI/2.25.0 azsdk-python-azure-mgmt-network/19.0.0 Python/3.8.10 (Windows-10-10.0.19043-SP0)
    method: GET
    uri: https://management.azure.com/subscriptions/00000000-0000-0000-0000-000000000000/providers/Microsoft.Network/locations/centraluseuap/operations/0d819f34-c2d7-4270-becc-dcc1bc94cb5f?api-version=2021-02-01
  response:
    body:
      string: "{\r\n  \"status\": \"Succeeded\"\r\n}"
    headers:
      cache-control:
      - no-cache
      content-length:
      - '29'
      content-type:
      - application/json; charset=utf-8
      date:
      - Wed, 30 Jun 2021 01:35:41 GMT
      expires:
      - '-1'
      pragma:
      - no-cache
      server:
      - Microsoft-HTTPAPI/2.0
      - Microsoft-HTTPAPI/2.0
      strict-transport-security:
      - max-age=31536000; includeSubDomains
      transfer-encoding:
      - chunked
      vary:
      - Accept-Encoding
      x-content-type-options:
      - nosniff
      x-ms-arm-service-request-id:
      - ecb58c10-d4d2-4214-bcd5-b29c8161d180
    status:
      code: 200
      message: OK
- request:
    body: null
    headers:
      Accept:
      - '*/*'
      Accept-Encoding:
      - gzip, deflate
      CommandName:
      - network vnet create
      Connection:
      - keep-alive
      ParameterSetName:
      - -g -n --location --subnet-name --address-prefix
      User-Agent:
      - AZURECLI/2.25.0 azsdk-python-azure-mgmt-network/19.0.0 Python/3.8.10 (Windows-10-10.0.19043-SP0)
    method: GET
    uri: https://management.azure.com/subscriptions/00000000-0000-0000-0000-000000000000/resourceGroups/cli_test_virtual_hub_router000001/providers/Microsoft.Network/virtualNetworks/vnet2?api-version=2021-02-01
  response:
    body:
      string: "{\r\n  \"name\": \"vnet2\",\r\n  \"id\": \"/subscriptions/00000000-0000-0000-0000-000000000000/resourceGroups/cli_test_virtual_hub_router000001/providers/Microsoft.Network/virtualNetworks/vnet2\",\r\n
        \ \"etag\": \"W/\\\"f17beaf0-408c-4610-95ef-02902cc5a27b\\\"\",\r\n  \"type\":
        \"Microsoft.Network/virtualNetworks\",\r\n  \"location\": \"centraluseuap\",\r\n
        \ \"tags\": {},\r\n  \"properties\": {\r\n    \"provisioningState\": \"Succeeded\",\r\n
        \   \"resourceGuid\": \"e902590f-90ba-4839-b9b2-6ff81a3469c0\",\r\n    \"addressSpace\":
        {\r\n      \"addressPrefixes\": [\r\n        \"10.0.0.0/24\"\r\n      ]\r\n
        \   },\r\n    \"dhcpOptions\": {\r\n      \"dnsServers\": []\r\n    },\r\n
        \   \"subnets\": [\r\n      {\r\n        \"name\": \"RouteServerSubnet\",\r\n
        \       \"id\": \"/subscriptions/00000000-0000-0000-0000-000000000000/resourceGroups/cli_test_virtual_hub_router000001/providers/Microsoft.Network/virtualNetworks/vnet2/subnets/RouteServerSubnet\",\r\n
        \       \"etag\": \"W/\\\"f17beaf0-408c-4610-95ef-02902cc5a27b\\\"\",\r\n
        \       \"properties\": {\r\n          \"provisioningState\": \"Succeeded\",\r\n
        \         \"addressPrefix\": \"10.0.0.0/24\",\r\n          \"delegations\":
        [],\r\n          \"privateEndpointNetworkPolicies\": \"Enabled\",\r\n          \"privateLinkServiceNetworkPolicies\":
        \"Enabled\"\r\n        },\r\n        \"type\": \"Microsoft.Network/virtualNetworks/subnets\"\r\n
        \     }\r\n    ],\r\n    \"virtualNetworkPeerings\": [],\r\n    \"enableDdosProtection\":
        false\r\n  }\r\n}"
    headers:
      cache-control:
      - no-cache
      content-length:
      - '1432'
      content-type:
      - application/json; charset=utf-8
      date:
      - Wed, 30 Jun 2021 01:35:42 GMT
      etag:
      - W/"f17beaf0-408c-4610-95ef-02902cc5a27b"
      expires:
      - '-1'
      pragma:
      - no-cache
      server:
      - Microsoft-HTTPAPI/2.0
      - Microsoft-HTTPAPI/2.0
      strict-transport-security:
      - max-age=31536000; includeSubDomains
      transfer-encoding:
      - chunked
      vary:
      - Accept-Encoding
      x-content-type-options:
      - nosniff
      x-ms-arm-service-request-id:
      - 4e26844c-9460-41df-a9b0-d289fa8da6aa
    status:
      code: 200
      message: OK
- request:
    body: null
    headers:
      Accept:
      - application/json
      Accept-Encoding:
      - gzip, deflate
      CommandName:
      - network vnet subnet update
      Connection:
      - keep-alive
      ParameterSetName:
      - -g --vnet-name -n --remove
      User-Agent:
      - AZURECLI/2.25.0 azsdk-python-azure-mgmt-network/19.0.0 Python/3.8.10 (Windows-10-10.0.19043-SP0)
    method: GET
    uri: https://management.azure.com/subscriptions/00000000-0000-0000-0000-000000000000/resourceGroups/cli_test_virtual_hub_router000001/providers/Microsoft.Network/virtualNetworks/vnet2/subnets/RouteServerSubnet?api-version=2021-02-01
  response:
    body:
      string: "{\r\n  \"name\": \"RouteServerSubnet\",\r\n  \"id\": \"/subscriptions/00000000-0000-0000-0000-000000000000/resourceGroups/cli_test_virtual_hub_router000001/providers/Microsoft.Network/virtualNetworks/vnet2/subnets/RouteServerSubnet\",\r\n
        \ \"etag\": \"W/\\\"f17beaf0-408c-4610-95ef-02902cc5a27b\\\"\",\r\n  \"properties\":
        {\r\n    \"provisioningState\": \"Succeeded\",\r\n    \"addressPrefix\": \"10.0.0.0/24\",\r\n
        \   \"delegations\": [],\r\n    \"privateEndpointNetworkPolicies\": \"Enabled\",\r\n
        \   \"privateLinkServiceNetworkPolicies\": \"Enabled\"\r\n  },\r\n  \"type\":
        \"Microsoft.Network/virtualNetworks/subnets\"\r\n}"
    headers:
      cache-control:
      - no-cache
      content-length:
      - '606'
      content-type:
      - application/json; charset=utf-8
      date:
      - Wed, 30 Jun 2021 01:35:43 GMT
      etag:
      - W/"f17beaf0-408c-4610-95ef-02902cc5a27b"
      expires:
      - '-1'
      pragma:
      - no-cache
      server:
      - Microsoft-HTTPAPI/2.0
      - Microsoft-HTTPAPI/2.0
      strict-transport-security:
      - max-age=31536000; includeSubDomains
      transfer-encoding:
      - chunked
      vary:
      - Accept-Encoding
      x-content-type-options:
      - nosniff
      x-ms-arm-service-request-id:
      - e888b51e-777a-45d6-b317-8eeb604ffcbf
    status:
      code: 200
      message: OK
- request:
    body: '{"id": "/subscriptions/00000000-0000-0000-0000-000000000000/resourceGroups/cli_test_virtual_hub_router000001/providers/Microsoft.Network/virtualNetworks/vnet2/subnets/RouteServerSubnet",
      "name": "RouteServerSubnet", "type": "Microsoft.Network/virtualNetworks/subnets",
      "properties": {"addressPrefix": "10.0.0.0/24", "delegations": [], "privateEndpointNetworkPolicies":
      "Enabled", "privateLinkServiceNetworkPolicies": "Enabled"}}'
    headers:
      Accept:
      - application/json
      Accept-Encoding:
      - gzip, deflate
      CommandName:
      - network vnet subnet update
      Connection:
      - keep-alive
      Content-Length:
      - '470'
      Content-Type:
      - application/json
      ParameterSetName:
      - -g --vnet-name -n --remove
      User-Agent:
      - AZURECLI/2.25.0 azsdk-python-azure-mgmt-network/19.0.0 Python/3.8.10 (Windows-10-10.0.19043-SP0)
    method: PUT
    uri: https://management.azure.com/subscriptions/00000000-0000-0000-0000-000000000000/resourceGroups/cli_test_virtual_hub_router000001/providers/Microsoft.Network/virtualNetworks/vnet2/subnets/RouteServerSubnet?api-version=2021-02-01
  response:
    body:
      string: "{\r\n  \"name\": \"RouteServerSubnet\",\r\n  \"id\": \"/subscriptions/00000000-0000-0000-0000-000000000000/resourceGroups/cli_test_virtual_hub_router000001/providers/Microsoft.Network/virtualNetworks/vnet2/subnets/RouteServerSubnet\",\r\n
        \ \"etag\": \"W/\\\"51c10b4a-01eb-485e-9766-1ff72c65d82b\\\"\",\r\n  \"properties\":
        {\r\n    \"provisioningState\": \"Succeeded\",\r\n    \"addressPrefix\": \"10.0.0.0/24\",\r\n
        \   \"delegations\": [],\r\n    \"privateEndpointNetworkPolicies\": \"Enabled\",\r\n
        \   \"privateLinkServiceNetworkPolicies\": \"Enabled\"\r\n  },\r\n  \"type\":
        \"Microsoft.Network/virtualNetworks/subnets\"\r\n}"
    headers:
      azure-asyncoperation:
      - https://management.azure.com/subscriptions/00000000-0000-0000-0000-000000000000/providers/Microsoft.Network/locations/centraluseuap/operations/1e4f27a2-bc1a-45b0-9ed7-fda7d6462cc2?api-version=2021-02-01
      cache-control:
      - no-cache
      content-length:
      - '606'
      content-type:
      - application/json; charset=utf-8
      date:
      - Wed, 30 Jun 2021 01:35:44 GMT
      expires:
      - '-1'
      pragma:
      - no-cache
      server:
      - Microsoft-HTTPAPI/2.0
      - Microsoft-HTTPAPI/2.0
      strict-transport-security:
      - max-age=31536000; includeSubDomains
      transfer-encoding:
      - chunked
      vary:
      - Accept-Encoding
      x-content-type-options:
      - nosniff
      x-ms-arm-service-request-id:
      - 16989060-2122-4eb7-9bd7-309f6d7a3e3b
      x-ms-ratelimit-remaining-subscription-writes:
      - '1199'
    status:
      code: 200
      message: OK
- request:
    body: null
    headers:
      Accept:
      - '*/*'
      Accept-Encoding:
      - gzip, deflate
      CommandName:
      - network vnet subnet update
      Connection:
      - keep-alive
      ParameterSetName:
      - -g --vnet-name -n --remove
      User-Agent:
      - AZURECLI/2.25.0 azsdk-python-azure-mgmt-network/19.0.0 Python/3.8.10 (Windows-10-10.0.19043-SP0)
    method: GET
    uri: https://management.azure.com/subscriptions/00000000-0000-0000-0000-000000000000/providers/Microsoft.Network/locations/centraluseuap/operations/1e4f27a2-bc1a-45b0-9ed7-fda7d6462cc2?api-version=2021-02-01
  response:
    body:
      string: "{\r\n  \"status\": \"Succeeded\"\r\n}"
    headers:
      cache-control:
      - no-cache
      content-length:
      - '29'
      content-type:
      - application/json; charset=utf-8
      date:
      - Wed, 30 Jun 2021 01:36:14 GMT
      expires:
      - '-1'
      pragma:
      - no-cache
      server:
      - Microsoft-HTTPAPI/2.0
      - Microsoft-HTTPAPI/2.0
      strict-transport-security:
      - max-age=31536000; includeSubDomains
      transfer-encoding:
      - chunked
      vary:
      - Accept-Encoding
      x-content-type-options:
      - nosniff
      x-ms-arm-service-request-id:
      - 2af3d75f-2484-4415-8c03-18ff31e41847
    status:
      code: 200
      message: OK
- request:
    body: null
    headers:
      Accept:
      - '*/*'
      Accept-Encoding:
      - gzip, deflate
      CommandName:
      - network vnet subnet update
      Connection:
      - keep-alive
      ParameterSetName:
      - -g --vnet-name -n --remove
      User-Agent:
      - AZURECLI/2.25.0 azsdk-python-azure-mgmt-network/19.0.0 Python/3.8.10 (Windows-10-10.0.19043-SP0)
    method: GET
    uri: https://management.azure.com/subscriptions/00000000-0000-0000-0000-000000000000/resourceGroups/cli_test_virtual_hub_router000001/providers/Microsoft.Network/virtualNetworks/vnet2/subnets/RouteServerSubnet?api-version=2021-02-01
  response:
    body:
      string: "{\r\n  \"name\": \"RouteServerSubnet\",\r\n  \"id\": \"/subscriptions/00000000-0000-0000-0000-000000000000/resourceGroups/cli_test_virtual_hub_router000001/providers/Microsoft.Network/virtualNetworks/vnet2/subnets/RouteServerSubnet\",\r\n
        \ \"etag\": \"W/\\\"51c10b4a-01eb-485e-9766-1ff72c65d82b\\\"\",\r\n  \"properties\":
        {\r\n    \"provisioningState\": \"Succeeded\",\r\n    \"addressPrefix\": \"10.0.0.0/24\",\r\n
        \   \"delegations\": [],\r\n    \"privateEndpointNetworkPolicies\": \"Enabled\",\r\n
        \   \"privateLinkServiceNetworkPolicies\": \"Enabled\"\r\n  },\r\n  \"type\":
        \"Microsoft.Network/virtualNetworks/subnets\"\r\n}"
    headers:
      cache-control:
      - no-cache
      content-length:
      - '606'
      content-type:
      - application/json; charset=utf-8
      date:
      - Wed, 30 Jun 2021 01:36:14 GMT
      etag:
      - W/"51c10b4a-01eb-485e-9766-1ff72c65d82b"
      expires:
      - '-1'
      pragma:
      - no-cache
      server:
      - Microsoft-HTTPAPI/2.0
      - Microsoft-HTTPAPI/2.0
      strict-transport-security:
      - max-age=31536000; includeSubDomains
      transfer-encoding:
      - chunked
      vary:
      - Accept-Encoding
      x-content-type-options:
      - nosniff
      x-ms-arm-service-request-id:
      - 8eca6660-abd7-45c7-8c0d-8b90a90c96ca
    status:
      code: 200
      message: OK
- request:
    body: null
    headers:
      Accept:
      - application/json
      Accept-Encoding:
      - gzip, deflate
      CommandName:
      - network vnet show
      Connection:
      - keep-alive
      ParameterSetName:
      - -g -n
      User-Agent:
      - AZURECLI/2.25.0 azsdk-python-azure-mgmt-network/19.0.0 Python/3.8.10 (Windows-10-10.0.19043-SP0)
    method: GET
    uri: https://management.azure.com/subscriptions/00000000-0000-0000-0000-000000000000/resourceGroups/cli_test_virtual_hub_router000001/providers/Microsoft.Network/virtualNetworks/vnet2?api-version=2021-02-01
  response:
    body:
      string: "{\r\n  \"name\": \"vnet2\",\r\n  \"id\": \"/subscriptions/00000000-0000-0000-0000-000000000000/resourceGroups/cli_test_virtual_hub_router000001/providers/Microsoft.Network/virtualNetworks/vnet2\",\r\n
        \ \"etag\": \"W/\\\"51c10b4a-01eb-485e-9766-1ff72c65d82b\\\"\",\r\n  \"type\":
        \"Microsoft.Network/virtualNetworks\",\r\n  \"location\": \"centraluseuap\",\r\n
        \ \"tags\": {},\r\n  \"properties\": {\r\n    \"provisioningState\": \"Succeeded\",\r\n
        \   \"resourceGuid\": \"e902590f-90ba-4839-b9b2-6ff81a3469c0\",\r\n    \"addressSpace\":
        {\r\n      \"addressPrefixes\": [\r\n        \"10.0.0.0/24\"\r\n      ]\r\n
        \   },\r\n    \"dhcpOptions\": {\r\n      \"dnsServers\": []\r\n    },\r\n
        \   \"subnets\": [\r\n      {\r\n        \"name\": \"RouteServerSubnet\",\r\n
        \       \"id\": \"/subscriptions/00000000-0000-0000-0000-000000000000/resourceGroups/cli_test_virtual_hub_router000001/providers/Microsoft.Network/virtualNetworks/vnet2/subnets/RouteServerSubnet\",\r\n
        \       \"etag\": \"W/\\\"51c10b4a-01eb-485e-9766-1ff72c65d82b\\\"\",\r\n
        \       \"properties\": {\r\n          \"provisioningState\": \"Succeeded\",\r\n
        \         \"addressPrefix\": \"10.0.0.0/24\",\r\n          \"delegations\":
        [],\r\n          \"privateEndpointNetworkPolicies\": \"Enabled\",\r\n          \"privateLinkServiceNetworkPolicies\":
        \"Enabled\"\r\n        },\r\n        \"type\": \"Microsoft.Network/virtualNetworks/subnets\"\r\n
        \     }\r\n    ],\r\n    \"virtualNetworkPeerings\": [],\r\n    \"enableDdosProtection\":
        false\r\n  }\r\n}"
    headers:
      cache-control:
      - no-cache
      content-length:
      - '1432'
      content-type:
      - application/json; charset=utf-8
      date:
      - Wed, 30 Jun 2021 01:36:16 GMT
      etag:
      - W/"51c10b4a-01eb-485e-9766-1ff72c65d82b"
      expires:
      - '-1'
      pragma:
      - no-cache
      server:
      - Microsoft-HTTPAPI/2.0
      - Microsoft-HTTPAPI/2.0
      strict-transport-security:
      - max-age=31536000; includeSubDomains
      transfer-encoding:
      - chunked
      vary:
      - Accept-Encoding
      x-content-type-options:
      - nosniff
      x-ms-arm-service-request-id:
      - ddb4275d-1f98-414b-9c3c-05d588de344a
    status:
      code: 200
      message: OK
- request:
    body: null
    headers:
      Accept:
      - application/json
      Accept-Encoding:
      - gzip, deflate
      CommandName:
      - network public-ip create
      Connection:
      - keep-alive
      ParameterSetName:
      - -g -n
      User-Agent:
      - AZURECLI/2.25.0 azsdk-python-azure-mgmt-resource/18.0.0 Python/3.8.10 (Windows-10-10.0.19043-SP0)
    method: GET
    uri: https://management.azure.com/subscriptions/00000000-0000-0000-0000-000000000000/resourcegroups/cli_test_virtual_hub_router000001?api-version=2020-10-01
  response:
    body:
      string: '{"id":"/subscriptions/00000000-0000-0000-0000-000000000000/resourceGroups/cli_test_virtual_hub_router000001","name":"cli_test_virtual_hub_router000001","type":"Microsoft.Resources/resourceGroups","location":"centraluseuap","tags":{"product":"azurecli","cause":"automation","date":"2021-06-30T01:35:18Z"},"properties":{"provisioningState":"Succeeded"}}'
    headers:
      cache-control:
      - no-cache
      content-length:
      - '435'
      content-type:
      - application/json; charset=utf-8
      date:
      - Wed, 30 Jun 2021 01:36:16 GMT
      expires:
      - '-1'
      pragma:
      - no-cache
      strict-transport-security:
      - max-age=31536000; includeSubDomains
      vary:
      - Accept-Encoding
      x-content-type-options:
      - nosniff
    status:
      code: 200
      message: OK
- request:
    body: '{"location": "centraluseuap", "properties": {"publicIPAllocationMethod":
      "Dynamic", "publicIPAddressVersion": "IPv4", "idleTimeoutInMinutes": 4}}'
    headers:
      Accept:
      - application/json
      Accept-Encoding:
      - gzip, deflate
      CommandName:
      - network public-ip create
      Connection:
      - keep-alive
      Content-Length:
      - '145'
      Content-Type:
      - application/json
      ParameterSetName:
      - -g -n
      User-Agent:
      - AZURECLI/2.25.0 azsdk-python-azure-mgmt-network/19.0.0 Python/3.8.10 (Windows-10-10.0.19043-SP0)
    method: PUT
    uri: https://management.azure.com/subscriptions/00000000-0000-0000-0000-000000000000/resourceGroups/cli_test_virtual_hub_router000001/providers/Microsoft.Network/publicIPAddresses/vhrip1?api-version=2021-02-01
  response:
    body:
      string: "{\r\n  \"name\": \"vhrip1\",\r\n  \"id\": \"/subscriptions/00000000-0000-0000-0000-000000000000/resourceGroups/cli_test_virtual_hub_router000001/providers/Microsoft.Network/publicIPAddresses/vhrip1\",\r\n
        \ \"etag\": \"W/\\\"34e5a7b6-9df5-4c40-ad34-e1e3d1a2e9b1\\\"\",\r\n  \"location\":
        \"centraluseuap\",\r\n  \"properties\": {\r\n    \"provisioningState\": \"Updating\",\r\n
        \   \"resourceGuid\": \"3a7bc49e-2d58-42db-8836-eedb8cb61253\",\r\n    \"publicIPAddressVersion\":
        \"IPv4\",\r\n    \"publicIPAllocationMethod\": \"Dynamic\",\r\n    \"idleTimeoutInMinutes\":
        4,\r\n    \"ipTags\": []\r\n  },\r\n  \"type\": \"Microsoft.Network/publicIPAddresses\",\r\n
        \ \"sku\": {\r\n    \"name\": \"Basic\",\r\n    \"tier\": \"Regional\"\r\n
        \ }\r\n}"
    headers:
      azure-asyncnotification:
      - Enabled
      azure-asyncoperation:
      - https://management.azure.com/subscriptions/00000000-0000-0000-0000-000000000000/providers/Microsoft.Network/locations/centraluseuap/operations/635a1e38-752c-4073-a067-086720c65136?api-version=2021-02-01
      cache-control:
      - no-cache
      content-length:
      - '692'
      content-type:
      - application/json; charset=utf-8
      date:
      - Wed, 30 Jun 2021 01:36:20 GMT
      expires:
      - '-1'
      pragma:
      - no-cache
      server:
      - Microsoft-HTTPAPI/2.0
      - Microsoft-HTTPAPI/2.0
      strict-transport-security:
      - max-age=31536000; includeSubDomains
      x-content-type-options:
      - nosniff
      x-ms-arm-service-request-id:
      - 71350464-b480-4285-a3d0-1165438be912
      x-ms-ratelimit-remaining-subscription-writes:
      - '1198'
    status:
      code: 201
      message: Created
- request:
    body: null
    headers:
      Accept:
      - '*/*'
      Accept-Encoding:
      - gzip, deflate
      CommandName:
      - network public-ip create
      Connection:
      - keep-alive
      ParameterSetName:
      - -g -n
      User-Agent:
      - AZURECLI/2.25.0 azsdk-python-azure-mgmt-network/19.0.0 Python/3.8.10 (Windows-10-10.0.19043-SP0)
    method: GET
    uri: https://management.azure.com/subscriptions/00000000-0000-0000-0000-000000000000/providers/Microsoft.Network/locations/centraluseuap/operations/635a1e38-752c-4073-a067-086720c65136?api-version=2021-02-01
  response:
    body:
      string: "{\r\n  \"status\": \"Succeeded\"\r\n}"
    headers:
      cache-control:
      - no-cache
      content-length:
      - '29'
      content-type:
      - application/json; charset=utf-8
      date:
      - Wed, 30 Jun 2021 01:36:21 GMT
      expires:
      - '-1'
      pragma:
      - no-cache
      server:
      - Microsoft-HTTPAPI/2.0
      - Microsoft-HTTPAPI/2.0
      strict-transport-security:
      - max-age=31536000; includeSubDomains
      transfer-encoding:
      - chunked
      vary:
      - Accept-Encoding
      x-content-type-options:
      - nosniff
      x-ms-arm-service-request-id:
      - 43cd714f-5433-42fe-ace0-aaa2b3df5cd8
    status:
      code: 200
      message: OK
- request:
    body: null
    headers:
      Accept:
      - '*/*'
      Accept-Encoding:
      - gzip, deflate
      CommandName:
      - network public-ip create
      Connection:
      - keep-alive
      ParameterSetName:
      - -g -n
      User-Agent:
      - AZURECLI/2.25.0 azsdk-python-azure-mgmt-network/19.0.0 Python/3.8.10 (Windows-10-10.0.19043-SP0)
    method: GET
    uri: https://management.azure.com/subscriptions/00000000-0000-0000-0000-000000000000/resourceGroups/cli_test_virtual_hub_router000001/providers/Microsoft.Network/publicIPAddresses/vhrip1?api-version=2021-02-01
  response:
    body:
      string: "{\r\n  \"name\": \"vhrip1\",\r\n  \"id\": \"/subscriptions/00000000-0000-0000-0000-000000000000/resourceGroups/cli_test_virtual_hub_router000001/providers/Microsoft.Network/publicIPAddresses/vhrip1\",\r\n
        \ \"etag\": \"W/\\\"23a62c9b-bce0-481b-87fe-2dc69eab8441\\\"\",\r\n  \"location\":
        \"centraluseuap\",\r\n  \"properties\": {\r\n    \"provisioningState\": \"Succeeded\",\r\n
        \   \"resourceGuid\": \"3a7bc49e-2d58-42db-8836-eedb8cb61253\",\r\n    \"publicIPAddressVersion\":
        \"IPv4\",\r\n    \"publicIPAllocationMethod\": \"Dynamic\",\r\n    \"idleTimeoutInMinutes\":
        4,\r\n    \"ipTags\": []\r\n  },\r\n  \"type\": \"Microsoft.Network/publicIPAddresses\",\r\n
        \ \"sku\": {\r\n    \"name\": \"Basic\",\r\n    \"tier\": \"Regional\"\r\n
        \ }\r\n}"
    headers:
      cache-control:
      - no-cache
      content-length:
      - '693'
      content-type:
      - application/json; charset=utf-8
      date:
      - Wed, 30 Jun 2021 01:36:22 GMT
      etag:
      - W/"23a62c9b-bce0-481b-87fe-2dc69eab8441"
      expires:
      - '-1'
      pragma:
      - no-cache
      server:
      - Microsoft-HTTPAPI/2.0
      - Microsoft-HTTPAPI/2.0
      strict-transport-security:
      - max-age=31536000; includeSubDomains
      transfer-encoding:
      - chunked
      vary:
      - Accept-Encoding
      x-content-type-options:
      - nosniff
      x-ms-arm-service-request-id:
      - 1883e091-3b6a-496f-8dd8-7d7a19bf609c
    status:
      code: 200
      message: OK
- request:
    body: null
    headers:
      Accept:
      - application/json
      Accept-Encoding:
      - gzip, deflate
      CommandName:
      - network routeserver create
      Connection:
      - keep-alive
      ParameterSetName:
      - -g -l -n --hosted-subnet --public-ip-address
      User-Agent:
      - AZURECLI/2.25.0 azsdk-python-azure-mgmt-network/19.0.0 Python/3.8.10 (Windows-10-10.0.19043-SP0)
    method: GET
    uri: https://management.azure.com/subscriptions/00000000-0000-0000-0000-000000000000/resourceGroups/cli_test_virtual_hub_router000001/providers/Microsoft.Network/virtualHubs/vrouter2?api-version=2021-02-01
  response:
    body:
      string: '{"error":{"code":"ResourceNotFound","message":"The Resource ''Microsoft.Network/virtualHubs/vrouter2''
        under resource group ''cli_test_virtual_hub_router000001'' was not found.
        For more details please go to https://aka.ms/ARMResourceNotFoundFix"}}'
    headers:
      cache-control:
      - no-cache
      content-length:
      - '285'
      content-type:
      - application/json; charset=utf-8
      date:
      - Wed, 30 Jun 2021 01:36:22 GMT
      expires:
      - '-1'
      pragma:
      - no-cache
      strict-transport-security:
      - max-age=31536000; includeSubDomains
      x-content-type-options:
      - nosniff
      x-ms-failure-cause:
      - gateway
    status:
      code: 404
      message: Not Found
- request:
    body: '{"location": "centraluseuap", "properties": {"sku": "Standard"}}'
    headers:
      Accept:
      - application/json
      Accept-Encoding:
      - gzip, deflate
      CommandName:
      - network routeserver create
      Connection:
      - keep-alive
      Content-Length:
      - '64'
      Content-Type:
      - application/json
      ParameterSetName:
      - -g -l -n --hosted-subnet --public-ip-address
      User-Agent:
      - AZURECLI/2.25.0 azsdk-python-azure-mgmt-network/19.0.0 Python/3.8.10 (Windows-10-10.0.19043-SP0)
    method: PUT
    uri: https://management.azure.com/subscriptions/00000000-0000-0000-0000-000000000000/resourceGroups/cli_test_virtual_hub_router000001/providers/Microsoft.Network/virtualHubs/vrouter2?api-version=2021-02-01
  response:
    body:
      string: "{\r\n  \"name\": \"vrouter2\",\r\n  \"id\": \"/subscriptions/00000000-0000-0000-0000-000000000000/resourceGroups/cli_test_virtual_hub_router000001/providers/Microsoft.Network/virtualHubs/vrouter2\",\r\n
        \ \"etag\": \"W/\\\"2f353685-2249-4aba-ab13-91bc5c8d0279\\\"\",\r\n  \"type\":
        \"Microsoft.Network/virtualHubs\",\r\n  \"location\": \"centraluseuap\",\r\n
        \ \"properties\": {\r\n    \"provisioningState\": \"Succeeded\",\r\n    \"virtualHubRouteTableV2s\":
        [],\r\n    \"virtualRouterAsn\": 0,\r\n    \"virtualRouterIps\": [],\r\n    \"routeTable\":
        {\r\n      \"routes\": []\r\n    },\r\n    \"sku\": \"Standard\",\r\n    \"routingState\":
        \"None\",\r\n    \"allowBranchToBranchTraffic\": false,\r\n    \"preferredRoutingGateway\":
        \"ExpressRoute\"\r\n  }\r\n}"
    headers:
      azure-asyncnotification:
      - Enabled
      azure-asyncoperation:
      - https://management.azure.com/subscriptions/00000000-0000-0000-0000-000000000000/providers/Microsoft.Network/locations/centraluseuap/operations/961069dd-fa37-4a13-aab9-63ef47b4906d?api-version=2021-02-01
      cache-control:
      - no-cache
      content-length:
      - '711'
      content-type:
      - application/json; charset=utf-8
      date:
      - Wed, 30 Jun 2021 01:36:26 GMT
      expires:
      - '-1'
      pragma:
      - no-cache
      server:
      - Microsoft-HTTPAPI/2.0
      - Microsoft-HTTPAPI/2.0
      strict-transport-security:
      - max-age=31536000; includeSubDomains
      x-content-type-options:
      - nosniff
      x-ms-arm-service-request-id:
      - 6bcd4bc0-c897-456e-b92a-59ab4ef26c74
      x-ms-ratelimit-remaining-subscription-writes:
      - '1197'
    status:
      code: 201
      message: Created
- request:
    body: null
    headers:
      Accept:
      - '*/*'
      Accept-Encoding:
      - gzip, deflate
      CommandName:
      - network routeserver create
      Connection:
      - keep-alive
      ParameterSetName:
      - -g -l -n --hosted-subnet --public-ip-address
      User-Agent:
      - AZURECLI/2.25.0 azsdk-python-azure-mgmt-network/19.0.0 Python/3.8.10 (Windows-10-10.0.19043-SP0)
    method: GET
    uri: https://management.azure.com/subscriptions/00000000-0000-0000-0000-000000000000/providers/Microsoft.Network/locations/centraluseuap/operations/961069dd-fa37-4a13-aab9-63ef47b4906d?api-version=2021-02-01
  response:
    body:
      string: "{\r\n  \"status\": \"Succeeded\"\r\n}"
    headers:
      cache-control:
      - no-cache
      content-length:
      - '29'
      content-type:
      - application/json; charset=utf-8
      date:
      - Wed, 30 Jun 2021 01:36:57 GMT
      expires:
      - '-1'
      pragma:
      - no-cache
      server:
      - Microsoft-HTTPAPI/2.0
      - Microsoft-HTTPAPI/2.0
      strict-transport-security:
      - max-age=31536000; includeSubDomains
      transfer-encoding:
      - chunked
      vary:
      - Accept-Encoding
      x-content-type-options:
      - nosniff
      x-ms-arm-service-request-id:
      - 3aef06a4-6b80-40b5-8253-ca9d41036e98
    status:
      code: 200
      message: OK
- request:
    body: null
    headers:
      Accept:
      - '*/*'
      Accept-Encoding:
      - gzip, deflate
      CommandName:
      - network routeserver create
      Connection:
      - keep-alive
      ParameterSetName:
      - -g -l -n --hosted-subnet --public-ip-address
      User-Agent:
      - AZURECLI/2.25.0 azsdk-python-azure-mgmt-network/19.0.0 Python/3.8.10 (Windows-10-10.0.19043-SP0)
    method: GET
    uri: https://management.azure.com/subscriptions/00000000-0000-0000-0000-000000000000/resourceGroups/cli_test_virtual_hub_router000001/providers/Microsoft.Network/virtualHubs/vrouter2?api-version=2021-02-01
  response:
    body:
      string: "{\r\n  \"name\": \"vrouter2\",\r\n  \"id\": \"/subscriptions/00000000-0000-0000-0000-000000000000/resourceGroups/cli_test_virtual_hub_router000001/providers/Microsoft.Network/virtualHubs/vrouter2\",\r\n
        \ \"etag\": \"W/\\\"2f353685-2249-4aba-ab13-91bc5c8d0279\\\"\",\r\n  \"type\":
        \"Microsoft.Network/virtualHubs\",\r\n  \"location\": \"centraluseuap\",\r\n
        \ \"properties\": {\r\n    \"provisioningState\": \"Succeeded\",\r\n    \"virtualHubRouteTableV2s\":
        [],\r\n    \"virtualRouterAsn\": 0,\r\n    \"virtualRouterIps\": [],\r\n    \"routeTable\":
        {\r\n      \"routes\": []\r\n    },\r\n    \"sku\": \"Standard\",\r\n    \"routingState\":
        \"None\",\r\n    \"allowBranchToBranchTraffic\": false,\r\n    \"preferredRoutingGateway\":
        \"ExpressRoute\"\r\n  }\r\n}"
    headers:
      cache-control:
      - no-cache
      content-length:
      - '711'
      content-type:
      - application/json; charset=utf-8
      date:
      - Wed, 30 Jun 2021 01:36:57 GMT
      expires:
      - '-1'
      pragma:
      - no-cache
      server:
      - Microsoft-HTTPAPI/2.0
      - Microsoft-HTTPAPI/2.0
      strict-transport-security:
      - max-age=31536000; includeSubDomains
      transfer-encoding:
      - chunked
      vary:
      - Accept-Encoding
      x-content-type-options:
      - nosniff
      x-ms-arm-service-request-id:
      - bf696bcc-1165-45c3-91e8-91a1b775957d
    status:
      code: 200
      message: OK
- request:
    body: '{"properties": {"subnet": {"id": "/subscriptions/00000000-0000-0000-0000-000000000000/resourceGroups/cli_test_virtual_hub_router000001/providers/Microsoft.Network/virtualNetworks/vnet2/subnets/RouteServerSubnet"},
      "publicIPAddress": {"id": "/subscriptions/00000000-0000-0000-0000-000000000000/resourceGroups/cli_test_virtual_hub_router000001/providers/Microsoft.Network/publicIPAddresses/vhrip1"}}}'
    headers:
      Accept:
      - application/json
      Accept-Encoding:
      - gzip, deflate
      CommandName:
      - network routeserver create
      Connection:
      - keep-alive
      Content-Length:
      - '482'
      Content-Type:
      - application/json
      ParameterSetName:
      - -g -l -n --hosted-subnet --public-ip-address
      User-Agent:
      - AZURECLI/2.25.0 azsdk-python-azure-mgmt-network/19.0.0 Python/3.8.10 (Windows-10-10.0.19043-SP0)
    method: PUT
    uri: https://management.azure.com/subscriptions/00000000-0000-0000-0000-000000000000/resourceGroups/cli_test_virtual_hub_router000001/providers/Microsoft.Network/virtualHubs/vrouter2/ipConfigurations/ipconfig1?api-version=2021-02-01
  response:
    body:
      string: "{\r\n  \"name\": \"ipconfig1\",\r\n  \"id\": \"/subscriptions/00000000-0000-0000-0000-000000000000/resourceGroups/cli_test_virtual_hub_router000001/providers/Microsoft.Network/virtualHubs/vrouter2/ipConfigurations/ipconfig1\",\r\n
        \ \"etag\": \"W/\\\"e966f31c-5e7e-4f33-bdd4-197f4be269e1\\\"\",\r\n  \"type\":
        \"Microsoft.Network/virtualHubs/ipConfigurations\",\r\n  \"properties\": {\r\n
        \   \"provisioningState\": \"Updating\",\r\n    \"privateIPAllocationMethod\":
        \"Dynamic\",\r\n    \"publicIPAddress\": {\r\n      \"id\": \"/subscriptions/00000000-0000-0000-0000-000000000000/resourceGroups/cli_test_virtual_hub_router000001/providers/Microsoft.Network/publicIPAddresses/vhrip1\"\r\n
        \   },\r\n    \"subnet\": {\r\n      \"id\": \"/subscriptions/00000000-0000-0000-0000-000000000000/resourceGroups/cli_test_virtual_hub_router000001/providers/Microsoft.Network/virtualNetworks/vnet2/subnets/RouteServerSubnet\"\r\n
        \   }\r\n  }\r\n}"
    headers:
      azure-asyncoperation:
      - https://management.azure.com/subscriptions/00000000-0000-0000-0000-000000000000/providers/Microsoft.Network/locations/centraluseuap/operations/af762729-b6ac-4210-8e84-f637fd58f6a1?api-version=2021-02-01
      cache-control:
      - no-cache
      content-length:
      - '987'
      content-type:
      - application/json; charset=utf-8
      date:
      - Wed, 30 Jun 2021 01:36:58 GMT
      expires:
      - '-1'
      pragma:
      - no-cache
      server:
      - Microsoft-HTTPAPI/2.0
      - Microsoft-HTTPAPI/2.0
      strict-transport-security:
      - max-age=31536000; includeSubDomains
      x-content-type-options:
      - nosniff
      x-ms-arm-service-request-id:
      - 328c4ed6-0d1a-421a-aca9-54059d766526
      x-ms-ratelimit-remaining-subscription-writes:
      - '1198'
    status:
      code: 201
      message: Created
- request:
    body: null
    headers:
      Accept:
      - '*/*'
      Accept-Encoding:
      - gzip, deflate
      CommandName:
      - network routeserver create
      Connection:
      - keep-alive
      ParameterSetName:
      - -g -l -n --hosted-subnet --public-ip-address
      User-Agent:
      - AZURECLI/2.25.0 azsdk-python-azure-mgmt-network/19.0.0 Python/3.8.10 (Windows-10-10.0.19043-SP0)
    method: GET
    uri: https://management.azure.com/subscriptions/00000000-0000-0000-0000-000000000000/providers/Microsoft.Network/locations/centraluseuap/operations/af762729-b6ac-4210-8e84-f637fd58f6a1?api-version=2021-02-01
  response:
    body:
      string: "{\r\n  \"status\": \"InProgress\"\r\n}"
    headers:
      cache-control:
      - no-cache
      content-length:
      - '30'
      content-type:
      - application/json; charset=utf-8
      date:
      - Wed, 30 Jun 2021 01:37:09 GMT
      expires:
      - '-1'
      pragma:
      - no-cache
      server:
      - Microsoft-HTTPAPI/2.0
      - Microsoft-HTTPAPI/2.0
      strict-transport-security:
      - max-age=31536000; includeSubDomains
      transfer-encoding:
      - chunked
      vary:
      - Accept-Encoding
      x-content-type-options:
      - nosniff
      x-ms-arm-service-request-id:
      - 287308c3-def1-4b58-a28c-a960b4b1d2ee
    status:
      code: 200
      message: OK
- request:
    body: null
    headers:
      Accept:
      - '*/*'
      Accept-Encoding:
      - gzip, deflate
      CommandName:
      - network routeserver create
      Connection:
      - keep-alive
      ParameterSetName:
      - -g -l -n --hosted-subnet --public-ip-address
      User-Agent:
      - AZURECLI/2.25.0 azsdk-python-azure-mgmt-network/19.0.0 Python/3.8.10 (Windows-10-10.0.19043-SP0)
    method: GET
    uri: https://management.azure.com/subscriptions/00000000-0000-0000-0000-000000000000/providers/Microsoft.Network/locations/centraluseuap/operations/af762729-b6ac-4210-8e84-f637fd58f6a1?api-version=2021-02-01
  response:
    body:
      string: "{\r\n  \"status\": \"InProgress\"\r\n}"
    headers:
      cache-control:
      - no-cache
      content-length:
      - '30'
      content-type:
      - application/json; charset=utf-8
      date:
      - Wed, 30 Jun 2021 01:37:20 GMT
      expires:
      - '-1'
      pragma:
      - no-cache
      server:
      - Microsoft-HTTPAPI/2.0
      - Microsoft-HTTPAPI/2.0
      strict-transport-security:
      - max-age=31536000; includeSubDomains
      transfer-encoding:
      - chunked
      vary:
      - Accept-Encoding
      x-content-type-options:
      - nosniff
      x-ms-arm-service-request-id:
      - 1c534bef-df98-48f2-b0c0-d36b1c9283d8
    status:
      code: 200
      message: OK
- request:
    body: null
    headers:
      Accept:
      - '*/*'
      Accept-Encoding:
      - gzip, deflate
      CommandName:
      - network routeserver create
      Connection:
      - keep-alive
      ParameterSetName:
      - -g -l -n --hosted-subnet --public-ip-address
      User-Agent:
      - AZURECLI/2.25.0 azsdk-python-azure-mgmt-network/19.0.0 Python/3.8.10 (Windows-10-10.0.19043-SP0)
    method: GET
    uri: https://management.azure.com/subscriptions/00000000-0000-0000-0000-000000000000/providers/Microsoft.Network/locations/centraluseuap/operations/af762729-b6ac-4210-8e84-f637fd58f6a1?api-version=2021-02-01
  response:
    body:
      string: "{\r\n  \"status\": \"InProgress\"\r\n}"
    headers:
      cache-control:
      - no-cache
      content-length:
      - '30'
      content-type:
      - application/json; charset=utf-8
      date:
      - Wed, 30 Jun 2021 01:37:40 GMT
      expires:
      - '-1'
      pragma:
      - no-cache
      server:
      - Microsoft-HTTPAPI/2.0
      - Microsoft-HTTPAPI/2.0
      strict-transport-security:
      - max-age=31536000; includeSubDomains
      transfer-encoding:
      - chunked
      vary:
      - Accept-Encoding
      x-content-type-options:
      - nosniff
      x-ms-arm-service-request-id:
      - fbeaa542-3b28-4e81-86de-2aefb99e5117
    status:
      code: 200
      message: OK
- request:
    body: null
    headers:
      Accept:
      - '*/*'
      Accept-Encoding:
      - gzip, deflate
      CommandName:
      - network routeserver create
      Connection:
      - keep-alive
      ParameterSetName:
      - -g -l -n --hosted-subnet --public-ip-address
      User-Agent:
      - AZURECLI/2.25.0 azsdk-python-azure-mgmt-network/19.0.0 Python/3.8.10 (Windows-10-10.0.19043-SP0)
    method: GET
    uri: https://management.azure.com/subscriptions/00000000-0000-0000-0000-000000000000/providers/Microsoft.Network/locations/centraluseuap/operations/af762729-b6ac-4210-8e84-f637fd58f6a1?api-version=2021-02-01
  response:
    body:
      string: "{\r\n  \"status\": \"InProgress\"\r\n}"
    headers:
      cache-control:
      - no-cache
      content-length:
      - '30'
      content-type:
      - application/json; charset=utf-8
      date:
      - Wed, 30 Jun 2021 01:38:20 GMT
      expires:
      - '-1'
      pragma:
      - no-cache
      server:
      - Microsoft-HTTPAPI/2.0
      - Microsoft-HTTPAPI/2.0
      strict-transport-security:
      - max-age=31536000; includeSubDomains
      transfer-encoding:
      - chunked
      vary:
      - Accept-Encoding
      x-content-type-options:
      - nosniff
      x-ms-arm-service-request-id:
      - 5ef2ae96-307a-4694-b454-72e0effdff90
    status:
      code: 200
      message: OK
- request:
    body: null
    headers:
      Accept:
      - '*/*'
      Accept-Encoding:
      - gzip, deflate
      CommandName:
      - network routeserver create
      Connection:
      - keep-alive
      ParameterSetName:
      - -g -l -n --hosted-subnet --public-ip-address
      User-Agent:
      - AZURECLI/2.25.0 azsdk-python-azure-mgmt-network/19.0.0 Python/3.8.10 (Windows-10-10.0.19043-SP0)
    method: GET
    uri: https://management.azure.com/subscriptions/00000000-0000-0000-0000-000000000000/providers/Microsoft.Network/locations/centraluseuap/operations/af762729-b6ac-4210-8e84-f637fd58f6a1?api-version=2021-02-01
  response:
    body:
      string: "{\r\n  \"status\": \"InProgress\"\r\n}"
    headers:
      cache-control:
      - no-cache
      content-length:
      - '30'
      content-type:
      - application/json; charset=utf-8
      date:
      - Wed, 30 Jun 2021 01:39:41 GMT
      expires:
      - '-1'
      pragma:
      - no-cache
      server:
      - Microsoft-HTTPAPI/2.0
      - Microsoft-HTTPAPI/2.0
      strict-transport-security:
      - max-age=31536000; includeSubDomains
      transfer-encoding:
      - chunked
      vary:
      - Accept-Encoding
      x-content-type-options:
      - nosniff
      x-ms-arm-service-request-id:
      - cb3acaa1-4ad7-41d5-9f63-2419123acd99
    status:
      code: 200
      message: OK
- request:
    body: null
    headers:
      Accept:
      - '*/*'
      Accept-Encoding:
      - gzip, deflate
      CommandName:
      - network routeserver create
      Connection:
      - keep-alive
      ParameterSetName:
      - -g -l -n --hosted-subnet --public-ip-address
      User-Agent:
      - AZURECLI/2.25.0 azsdk-python-azure-mgmt-network/19.0.0 Python/3.8.10 (Windows-10-10.0.19043-SP0)
    method: GET
    uri: https://management.azure.com/subscriptions/00000000-0000-0000-0000-000000000000/providers/Microsoft.Network/locations/centraluseuap/operations/af762729-b6ac-4210-8e84-f637fd58f6a1?api-version=2021-02-01
  response:
    body:
      string: "{\r\n  \"status\": \"InProgress\"\r\n}"
    headers:
      cache-control:
      - no-cache
      content-length:
      - '30'
      content-type:
      - application/json; charset=utf-8
      date:
      - Wed, 30 Jun 2021 01:42:22 GMT
      expires:
      - '-1'
      pragma:
      - no-cache
      server:
      - Microsoft-HTTPAPI/2.0
      - Microsoft-HTTPAPI/2.0
      strict-transport-security:
      - max-age=31536000; includeSubDomains
      transfer-encoding:
      - chunked
      vary:
      - Accept-Encoding
      x-content-type-options:
      - nosniff
      x-ms-arm-service-request-id:
      - 6ebb9961-b275-46b4-92e6-d8e11fe21d8c
    status:
      code: 200
      message: OK
- request:
    body: null
    headers:
      Accept:
      - '*/*'
      Accept-Encoding:
      - gzip, deflate
      CommandName:
      - network routeserver create
      Connection:
      - keep-alive
      ParameterSetName:
      - -g -l -n --hosted-subnet --public-ip-address
      User-Agent:
      - AZURECLI/2.25.0 azsdk-python-azure-mgmt-network/19.0.0 Python/3.8.10 (Windows-10-10.0.19043-SP0)
    method: GET
    uri: https://management.azure.com/subscriptions/00000000-0000-0000-0000-000000000000/providers/Microsoft.Network/locations/centraluseuap/operations/af762729-b6ac-4210-8e84-f637fd58f6a1?api-version=2021-02-01
  response:
    body:
      string: "{\r\n  \"status\": \"InProgress\"\r\n}"
    headers:
      cache-control:
      - no-cache
      content-length:
      - '30'
      content-type:
      - application/json; charset=utf-8
      date:
      - Wed, 30 Jun 2021 01:44:04 GMT
      expires:
      - '-1'
      pragma:
      - no-cache
      server:
      - Microsoft-HTTPAPI/2.0
      - Microsoft-HTTPAPI/2.0
      strict-transport-security:
      - max-age=31536000; includeSubDomains
      transfer-encoding:
      - chunked
      vary:
      - Accept-Encoding
      x-content-type-options:
      - nosniff
      x-ms-arm-service-request-id:
      - 602fa9fb-4fb1-4b2d-a52d-5a3dd94a2a5c
    status:
      code: 200
      message: OK
- request:
    body: null
    headers:
      Accept:
      - '*/*'
      Accept-Encoding:
      - gzip, deflate
      CommandName:
      - network routeserver create
      Connection:
      - keep-alive
      ParameterSetName:
      - -g -l -n --hosted-subnet --public-ip-address
      User-Agent:
      - AZURECLI/2.25.0 azsdk-python-azure-mgmt-network/19.0.0 Python/3.8.10 (Windows-10-10.0.19043-SP0)
    method: GET
    uri: https://management.azure.com/subscriptions/00000000-0000-0000-0000-000000000000/providers/Microsoft.Network/locations/centraluseuap/operations/af762729-b6ac-4210-8e84-f637fd58f6a1?api-version=2021-02-01
  response:
    body:
      string: "{\r\n  \"status\": \"InProgress\"\r\n}"
    headers:
      cache-control:
      - no-cache
      content-length:
      - '30'
      content-type:
      - application/json; charset=utf-8
      date:
      - Wed, 30 Jun 2021 01:45:44 GMT
      expires:
      - '-1'
      pragma:
      - no-cache
      server:
      - Microsoft-HTTPAPI/2.0
      - Microsoft-HTTPAPI/2.0
      strict-transport-security:
      - max-age=31536000; includeSubDomains
      transfer-encoding:
      - chunked
      vary:
      - Accept-Encoding
      x-content-type-options:
      - nosniff
      x-ms-arm-service-request-id:
      - 3063b122-269d-4a12-ac36-7fe158db36a8
    status:
      code: 200
      message: OK
- request:
    body: null
    headers:
      Accept:
      - '*/*'
      Accept-Encoding:
      - gzip, deflate
      CommandName:
      - network routeserver create
      Connection:
      - keep-alive
      ParameterSetName:
      - -g -l -n --hosted-subnet --public-ip-address
      User-Agent:
      - AZURECLI/2.25.0 azsdk-python-azure-mgmt-network/19.0.0 Python/3.8.10 (Windows-10-10.0.19043-SP0)
    method: GET
    uri: https://management.azure.com/subscriptions/00000000-0000-0000-0000-000000000000/providers/Microsoft.Network/locations/centraluseuap/operations/af762729-b6ac-4210-8e84-f637fd58f6a1?api-version=2021-02-01
  response:
    body:
      string: "{\r\n  \"status\": \"InProgress\"\r\n}"
    headers:
      cache-control:
      - no-cache
      content-length:
      - '30'
      content-type:
      - application/json; charset=utf-8
      date:
      - Wed, 30 Jun 2021 01:47:26 GMT
      expires:
      - '-1'
      pragma:
      - no-cache
      server:
      - Microsoft-HTTPAPI/2.0
      - Microsoft-HTTPAPI/2.0
      strict-transport-security:
      - max-age=31536000; includeSubDomains
      transfer-encoding:
      - chunked
      vary:
      - Accept-Encoding
      x-content-type-options:
      - nosniff
      x-ms-arm-service-request-id:
      - 072ca8a6-8d29-4e9a-83ad-c64e58d7bd86
    status:
      code: 200
      message: OK
- request:
    body: null
    headers:
      Accept:
      - '*/*'
      Accept-Encoding:
      - gzip, deflate
      CommandName:
      - network routeserver create
      Connection:
      - keep-alive
      ParameterSetName:
      - -g -l -n --hosted-subnet --public-ip-address
      User-Agent:
      - AZURECLI/2.25.0 azsdk-python-azure-mgmt-network/19.0.0 Python/3.8.10 (Windows-10-10.0.19043-SP0)
    method: GET
    uri: https://management.azure.com/subscriptions/00000000-0000-0000-0000-000000000000/providers/Microsoft.Network/locations/centraluseuap/operations/af762729-b6ac-4210-8e84-f637fd58f6a1?api-version=2021-02-01
  response:
    body:
      string: "{\r\n  \"status\": \"InProgress\"\r\n}"
    headers:
      cache-control:
      - no-cache
      content-length:
      - '30'
      content-type:
      - application/json; charset=utf-8
      date:
      - Wed, 30 Jun 2021 01:49:07 GMT
      expires:
      - '-1'
      pragma:
      - no-cache
      server:
      - Microsoft-HTTPAPI/2.0
      - Microsoft-HTTPAPI/2.0
      strict-transport-security:
      - max-age=31536000; includeSubDomains
      transfer-encoding:
      - chunked
      vary:
      - Accept-Encoding
      x-content-type-options:
      - nosniff
      x-ms-arm-service-request-id:
      - 4007fc13-637a-4cd6-b230-1ce4717b67ae
    status:
      code: 200
      message: OK
- request:
    body: null
    headers:
      Accept:
      - '*/*'
      Accept-Encoding:
      - gzip, deflate
      CommandName:
      - network routeserver create
      Connection:
      - keep-alive
      ParameterSetName:
      - -g -l -n --hosted-subnet --public-ip-address
      User-Agent:
      - AZURECLI/2.25.0 azsdk-python-azure-mgmt-network/19.0.0 Python/3.8.10 (Windows-10-10.0.19043-SP0)
    method: GET
    uri: https://management.azure.com/subscriptions/00000000-0000-0000-0000-000000000000/providers/Microsoft.Network/locations/centraluseuap/operations/af762729-b6ac-4210-8e84-f637fd58f6a1?api-version=2021-02-01
  response:
    body:
      string: "{\r\n  \"status\": \"InProgress\"\r\n}"
    headers:
      cache-control:
      - no-cache
      content-length:
      - '30'
      content-type:
      - application/json; charset=utf-8
      date:
      - Wed, 30 Jun 2021 01:50:48 GMT
      expires:
      - '-1'
      pragma:
      - no-cache
      server:
      - Microsoft-HTTPAPI/2.0
      - Microsoft-HTTPAPI/2.0
      strict-transport-security:
      - max-age=31536000; includeSubDomains
      transfer-encoding:
      - chunked
      vary:
      - Accept-Encoding
      x-content-type-options:
      - nosniff
      x-ms-arm-service-request-id:
      - c724c02e-fb15-45f4-8e35-a8b21a2e0d61
    status:
      code: 200
      message: OK
- request:
    body: null
    headers:
      Accept:
      - '*/*'
      Accept-Encoding:
      - gzip, deflate
      CommandName:
      - network routeserver create
      Connection:
      - keep-alive
      ParameterSetName:
      - -g -l -n --hosted-subnet --public-ip-address
      User-Agent:
      - AZURECLI/2.25.0 azsdk-python-azure-mgmt-network/19.0.0 Python/3.8.10 (Windows-10-10.0.19043-SP0)
    method: GET
    uri: https://management.azure.com/subscriptions/00000000-0000-0000-0000-000000000000/providers/Microsoft.Network/locations/centraluseuap/operations/af762729-b6ac-4210-8e84-f637fd58f6a1?api-version=2021-02-01
  response:
    body:
      string: "{\r\n  \"status\": \"InProgress\"\r\n}"
    headers:
      cache-control:
      - no-cache
      content-length:
      - '30'
      content-type:
      - application/json; charset=utf-8
      date:
      - Wed, 30 Jun 2021 01:52:29 GMT
      expires:
      - '-1'
      pragma:
      - no-cache
      server:
      - Microsoft-HTTPAPI/2.0
      - Microsoft-HTTPAPI/2.0
      strict-transport-security:
      - max-age=31536000; includeSubDomains
      transfer-encoding:
      - chunked
      vary:
      - Accept-Encoding
      x-content-type-options:
      - nosniff
      x-ms-arm-service-request-id:
      - d17eef1d-847b-4c40-b953-62755a0104b9
    status:
      code: 200
      message: OK
- request:
    body: null
    headers:
      Accept:
      - '*/*'
      Accept-Encoding:
      - gzip, deflate
      CommandName:
      - network routeserver create
      Connection:
      - keep-alive
      ParameterSetName:
      - -g -l -n --hosted-subnet --public-ip-address
      User-Agent:
      - AZURECLI/2.25.0 azsdk-python-azure-mgmt-network/19.0.0 Python/3.8.10 (Windows-10-10.0.19043-SP0)
    method: GET
    uri: https://management.azure.com/subscriptions/00000000-0000-0000-0000-000000000000/providers/Microsoft.Network/locations/centraluseuap/operations/af762729-b6ac-4210-8e84-f637fd58f6a1?api-version=2021-02-01
  response:
    body:
      string: "{\r\n  \"status\": \"Succeeded\"\r\n}"
    headers:
      cache-control:
      - no-cache
      content-length:
      - '29'
      content-type:
      - application/json; charset=utf-8
      date:
      - Wed, 30 Jun 2021 01:54:09 GMT
      expires:
      - '-1'
      pragma:
      - no-cache
      server:
      - Microsoft-HTTPAPI/2.0
      - Microsoft-HTTPAPI/2.0
      strict-transport-security:
      - max-age=31536000; includeSubDomains
      transfer-encoding:
      - chunked
      vary:
      - Accept-Encoding
      x-content-type-options:
      - nosniff
      x-ms-arm-service-request-id:
      - 57effe5a-10eb-40ec-89ae-e72a7a031c73
    status:
      code: 200
      message: OK
- request:
    body: null
    headers:
      Accept:
      - '*/*'
      Accept-Encoding:
      - gzip, deflate
      CommandName:
      - network routeserver create
      Connection:
      - keep-alive
      ParameterSetName:
      - -g -l -n --hosted-subnet --public-ip-address
      User-Agent:
      - AZURECLI/2.25.0 azsdk-python-azure-mgmt-network/19.0.0 Python/3.8.10 (Windows-10-10.0.19043-SP0)
    method: GET
    uri: https://management.azure.com/subscriptions/00000000-0000-0000-0000-000000000000/resourceGroups/cli_test_virtual_hub_router000001/providers/Microsoft.Network/virtualHubs/vrouter2/ipConfigurations/ipconfig1?api-version=2021-02-01
  response:
    body:
      string: "{\r\n  \"name\": \"ipconfig1\",\r\n  \"id\": \"/subscriptions/00000000-0000-0000-0000-000000000000/resourceGroups/cli_test_virtual_hub_router000001/providers/Microsoft.Network/virtualHubs/vrouter2/ipConfigurations/ipconfig1\",\r\n
        \ \"etag\": \"W/\\\"c622350b-64f8-41c1-9f84-19775a42753c\\\"\",\r\n  \"type\":
        \"Microsoft.Network/virtualHubs/ipConfigurations\",\r\n  \"properties\": {\r\n
        \   \"provisioningState\": \"Succeeded\",\r\n    \"privateIPAllocationMethod\":
        \"Dynamic\",\r\n    \"publicIPAddress\": {\r\n      \"id\": \"/subscriptions/00000000-0000-0000-0000-000000000000/resourceGroups/cli_test_virtual_hub_router000001/providers/Microsoft.Network/publicIPAddresses/vhrip1\"\r\n
        \   },\r\n    \"subnet\": {\r\n      \"id\": \"/subscriptions/00000000-0000-0000-0000-000000000000/resourceGroups/cli_test_virtual_hub_router000001/providers/Microsoft.Network/virtualNetworks/vnet2/subnets/RouteServerSubnet\"\r\n
        \   }\r\n  }\r\n}"
    headers:
      cache-control:
      - no-cache
      content-length:
      - '988'
      content-type:
      - application/json; charset=utf-8
      date:
      - Wed, 30 Jun 2021 01:54:09 GMT
      etag:
      - W/"c622350b-64f8-41c1-9f84-19775a42753c"
      expires:
      - '-1'
      pragma:
      - no-cache
      server:
      - Microsoft-HTTPAPI/2.0
      - Microsoft-HTTPAPI/2.0
      strict-transport-security:
      - max-age=31536000; includeSubDomains
      transfer-encoding:
      - chunked
      vary:
      - Accept-Encoding
      x-content-type-options:
      - nosniff
      x-ms-arm-service-request-id:
      - 27036a52-f1e7-4ecf-9cb0-75414e661b1c
    status:
      code: 200
      message: OK
- request:
    body: null
    headers:
      Accept:
      - application/json
      Accept-Encoding:
      - gzip, deflate
      CommandName:
      - network routeserver create
      Connection:
      - keep-alive
      ParameterSetName:
      - -g -l -n --hosted-subnet --public-ip-address
      User-Agent:
      - AZURECLI/2.25.0 azsdk-python-azure-mgmt-network/19.0.0 Python/3.8.10 (Windows-10-10.0.19043-SP0)
    method: GET
    uri: https://management.azure.com/subscriptions/00000000-0000-0000-0000-000000000000/resourceGroups/cli_test_virtual_hub_router000001/providers/Microsoft.Network/virtualHubs/vrouter2?api-version=2021-02-01
  response:
    body:
      string: "{\r\n  \"name\": \"vrouter2\",\r\n  \"id\": \"/subscriptions/00000000-0000-0000-0000-000000000000/resourceGroups/cli_test_virtual_hub_router000001/providers/Microsoft.Network/virtualHubs/vrouter2\",\r\n
        \ \"etag\": \"W/\\\"c622350b-64f8-41c1-9f84-19775a42753c\\\"\",\r\n  \"type\":
        \"Microsoft.Network/virtualHubs\",\r\n  \"location\": \"centraluseuap\",\r\n
        \ \"properties\": {\r\n    \"provisioningState\": \"Succeeded\",\r\n    \"virtualHubRouteTableV2s\":
        [],\r\n    \"virtualRouterAsn\": 65515,\r\n    \"virtualRouterIps\": [\r\n
        \     \"10.0.0.4\",\r\n      \"10.0.0.5\"\r\n    ],\r\n    \"routeTable\":
        {\r\n      \"routes\": []\r\n    },\r\n    \"sku\": \"Standard\",\r\n    \"routingState\":
        \"Provisioned\",\r\n    \"allowBranchToBranchTraffic\": false,\r\n    \"preferredRoutingGateway\":
        \"ExpressRoute\"\r\n  }\r\n}"
    headers:
      cache-control:
      - no-cache
      content-length:
      - '765'
      content-type:
      - application/json; charset=utf-8
      date:
      - Wed, 30 Jun 2021 01:54:11 GMT
      expires:
      - '-1'
      pragma:
      - no-cache
      server:
      - Microsoft-HTTPAPI/2.0
      - Microsoft-HTTPAPI/2.0
      strict-transport-security:
      - max-age=31536000; includeSubDomains
      transfer-encoding:
      - chunked
      vary:
      - Accept-Encoding
      x-content-type-options:
      - nosniff
      x-ms-arm-service-request-id:
      - a020d6fe-b6e9-42ae-bdf9-19b42660f5eb
    status:
      code: 200
      message: OK
- request:
    body: null
    headers:
      Accept:
      - application/json
      Accept-Encoding:
      - gzip, deflate
      CommandName:
      - network routeserver update
      Connection:
      - keep-alive
      ParameterSetName:
      - -g --name --allow-b2b-traffic
      User-Agent:
      - AZURECLI/2.25.0 azsdk-python-azure-mgmt-network/19.0.0 Python/3.8.10 (Windows-10-10.0.19043-SP0)
    method: GET
    uri: https://management.azure.com/subscriptions/00000000-0000-0000-0000-000000000000/resourceGroups/cli_test_virtual_hub_router000001/providers/Microsoft.Network/virtualHubs/vrouter2?api-version=2021-02-01
  response:
    body:
      string: "{\r\n  \"name\": \"vrouter2\",\r\n  \"id\": \"/subscriptions/00000000-0000-0000-0000-000000000000/resourceGroups/cli_test_virtual_hub_router000001/providers/Microsoft.Network/virtualHubs/vrouter2\",\r\n
        \ \"etag\": \"W/\\\"c622350b-64f8-41c1-9f84-19775a42753c\\\"\",\r\n  \"type\":
        \"Microsoft.Network/virtualHubs\",\r\n  \"location\": \"centraluseuap\",\r\n
        \ \"properties\": {\r\n    \"provisioningState\": \"Succeeded\",\r\n    \"virtualHubRouteTableV2s\":
        [],\r\n    \"virtualRouterAsn\": 65515,\r\n    \"virtualRouterIps\": [\r\n
        \     \"10.0.0.4\",\r\n      \"10.0.0.5\"\r\n    ],\r\n    \"routeTable\":
        {\r\n      \"routes\": []\r\n    },\r\n    \"sku\": \"Standard\",\r\n    \"routingState\":
        \"Provisioned\",\r\n    \"allowBranchToBranchTraffic\": false,\r\n    \"preferredRoutingGateway\":
        \"ExpressRoute\"\r\n  }\r\n}"
    headers:
      cache-control:
      - no-cache
      content-length:
      - '765'
      content-type:
      - application/json; charset=utf-8
      date:
      - Wed, 30 Jun 2021 01:54:12 GMT
      expires:
      - '-1'
      pragma:
      - no-cache
      server:
      - Microsoft-HTTPAPI/2.0
      - Microsoft-HTTPAPI/2.0
      strict-transport-security:
      - max-age=31536000; includeSubDomains
      transfer-encoding:
      - chunked
      vary:
      - Accept-Encoding
      x-content-type-options:
      - nosniff
      x-ms-arm-service-request-id:
      - 56e78257-b374-4efb-98ac-eee5a838457e
    status:
      code: 200
      message: OK
- request:
    body: '{"id": "/subscriptions/00000000-0000-0000-0000-000000000000/resourceGroups/cli_test_virtual_hub_router000001/providers/Microsoft.Network/virtualHubs/vrouter2",
      "location": "centraluseuap", "properties": {"routeTable": {"routes": []}, "virtualHubRouteTableV2s":
      [], "sku": "Standard", "virtualRouterAsn": 65515, "virtualRouterIps": ["10.0.0.4",
      "10.0.0.5"], "allowBranchToBranchTraffic": true, "preferredRoutingGateway":
      "ExpressRoute"}}'
    headers:
      Accept:
      - application/json
      Accept-Encoding:
      - gzip, deflate
      CommandName:
      - network routeserver update
      Connection:
      - keep-alive
      Content-Length:
      - '478'
      Content-Type:
      - application/json
      ParameterSetName:
      - -g --name --allow-b2b-traffic
      User-Agent:
      - AZURECLI/2.25.0 azsdk-python-azure-mgmt-network/19.0.0 Python/3.8.10 (Windows-10-10.0.19043-SP0)
    method: PUT
    uri: https://management.azure.com/subscriptions/00000000-0000-0000-0000-000000000000/resourceGroups/cli_test_virtual_hub_router000001/providers/Microsoft.Network/virtualHubs/vrouter2?api-version=2021-02-01
  response:
    body:
      string: "{\r\n  \"name\": \"vrouter2\",\r\n  \"id\": \"/subscriptions/00000000-0000-0000-0000-000000000000/resourceGroups/cli_test_virtual_hub_router000001/providers/Microsoft.Network/virtualHubs/vrouter2\",\r\n
        \ \"etag\": \"W/\\\"e796c419-09cd-43ae-8473-6889ca333408\\\"\",\r\n  \"type\":
        \"Microsoft.Network/virtualHubs\",\r\n  \"location\": \"centraluseuap\",\r\n
        \ \"properties\": {\r\n    \"provisioningState\": \"Updating\",\r\n    \"virtualHubRouteTableV2s\":
        [],\r\n    \"virtualRouterAsn\": 65515,\r\n    \"virtualRouterIps\": [\r\n
        \     \"10.0.0.4\",\r\n      \"10.0.0.5\"\r\n    ],\r\n    \"routeTable\":
        {\r\n      \"routes\": []\r\n    },\r\n    \"sku\": \"Standard\",\r\n    \"routingState\":
        \"Provisioned\",\r\n    \"allowBranchToBranchTraffic\": true,\r\n    \"preferredRoutingGateway\":
        \"ExpressRoute\"\r\n  }\r\n}"
    headers:
      azure-asyncoperation:
      - https://management.azure.com/subscriptions/00000000-0000-0000-0000-000000000000/providers/Microsoft.Network/locations/centraluseuap/operations/76eb8d51-7471-4377-9bd0-261b13c3af71?api-version=2021-02-01
      cache-control:
      - no-cache
      content-length:
      - '763'
      content-type:
      - application/json; charset=utf-8
      date:
      - Wed, 30 Jun 2021 01:54:13 GMT
      expires:
      - '-1'
      pragma:
      - no-cache
      server:
      - Microsoft-HTTPAPI/2.0
      - Microsoft-HTTPAPI/2.0
      strict-transport-security:
      - max-age=31536000; includeSubDomains
      transfer-encoding:
      - chunked
      vary:
      - Accept-Encoding
      x-content-type-options:
      - nosniff
      x-ms-arm-service-request-id:
      - 8d19dbd7-5075-409c-b0b5-ab1de976f680
      x-ms-ratelimit-remaining-subscription-writes:
      - '1199'
    status:
      code: 200
      message: OK
- request:
    body: null
    headers:
      Accept:
      - '*/*'
      Accept-Encoding:
      - gzip, deflate
      CommandName:
      - network routeserver update
      Connection:
      - keep-alive
      ParameterSetName:
      - -g --name --allow-b2b-traffic
      User-Agent:
      - AZURECLI/2.25.0 azsdk-python-azure-mgmt-network/19.0.0 Python/3.8.10 (Windows-10-10.0.19043-SP0)
    method: GET
    uri: https://management.azure.com/subscriptions/00000000-0000-0000-0000-000000000000/providers/Microsoft.Network/locations/centraluseuap/operations/76eb8d51-7471-4377-9bd0-261b13c3af71?api-version=2021-02-01
  response:
    body:
      string: "{\r\n  \"status\": \"InProgress\"\r\n}"
    headers:
      cache-control:
      - no-cache
      content-length:
      - '30'
      content-type:
      - application/json; charset=utf-8
      date:
      - Wed, 30 Jun 2021 01:54:24 GMT
      expires:
      - '-1'
      pragma:
      - no-cache
      server:
      - Microsoft-HTTPAPI/2.0
      - Microsoft-HTTPAPI/2.0
      strict-transport-security:
      - max-age=31536000; includeSubDomains
      transfer-encoding:
      - chunked
      vary:
      - Accept-Encoding
      x-content-type-options:
      - nosniff
      x-ms-arm-service-request-id:
      - c1e2a837-37b5-41c9-ad60-5ca86b159f46
    status:
      code: 200
      message: OK
- request:
    body: null
    headers:
      Accept:
      - '*/*'
      Accept-Encoding:
      - gzip, deflate
      CommandName:
      - network routeserver update
      Connection:
      - keep-alive
      ParameterSetName:
      - -g --name --allow-b2b-traffic
      User-Agent:
      - AZURECLI/2.25.0 azsdk-python-azure-mgmt-network/19.0.0 Python/3.8.10 (Windows-10-10.0.19043-SP0)
    method: GET
    uri: https://management.azure.com/subscriptions/00000000-0000-0000-0000-000000000000/providers/Microsoft.Network/locations/centraluseuap/operations/76eb8d51-7471-4377-9bd0-261b13c3af71?api-version=2021-02-01
  response:
    body:
      string: "{\r\n  \"status\": \"InProgress\"\r\n}"
    headers:
      cache-control:
      - no-cache
      content-length:
      - '30'
      content-type:
      - application/json; charset=utf-8
      date:
      - Wed, 30 Jun 2021 01:54:34 GMT
      expires:
      - '-1'
      pragma:
      - no-cache
      server:
      - Microsoft-HTTPAPI/2.0
      - Microsoft-HTTPAPI/2.0
      strict-transport-security:
      - max-age=31536000; includeSubDomains
      transfer-encoding:
      - chunked
      vary:
      - Accept-Encoding
      x-content-type-options:
      - nosniff
      x-ms-arm-service-request-id:
      - 410aa318-4e91-44d6-a750-5192f5f66197
    status:
      code: 200
      message: OK
- request:
    body: null
    headers:
      Accept:
      - '*/*'
      Accept-Encoding:
      - gzip, deflate
      CommandName:
      - network routeserver update
      Connection:
      - keep-alive
      ParameterSetName:
      - -g --name --allow-b2b-traffic
      User-Agent:
      - AZURECLI/2.25.0 azsdk-python-azure-mgmt-network/19.0.0 Python/3.8.10 (Windows-10-10.0.19043-SP0)
    method: GET
    uri: https://management.azure.com/subscriptions/00000000-0000-0000-0000-000000000000/providers/Microsoft.Network/locations/centraluseuap/operations/76eb8d51-7471-4377-9bd0-261b13c3af71?api-version=2021-02-01
  response:
    body:
      string: "{\r\n  \"status\": \"InProgress\"\r\n}"
    headers:
      cache-control:
      - no-cache
      content-length:
      - '30'
      content-type:
      - application/json; charset=utf-8
      date:
      - Wed, 30 Jun 2021 01:54:55 GMT
      expires:
      - '-1'
      pragma:
      - no-cache
      server:
      - Microsoft-HTTPAPI/2.0
      - Microsoft-HTTPAPI/2.0
      strict-transport-security:
      - max-age=31536000; includeSubDomains
      transfer-encoding:
      - chunked
      vary:
      - Accept-Encoding
      x-content-type-options:
      - nosniff
      x-ms-arm-service-request-id:
      - 43f6a245-dd58-43a2-818b-3ca012d9955e
    status:
      code: 200
      message: OK
- request:
    body: null
    headers:
      Accept:
      - '*/*'
      Accept-Encoding:
      - gzip, deflate
      CommandName:
      - network routeserver update
      Connection:
      - keep-alive
      ParameterSetName:
      - -g --name --allow-b2b-traffic
      User-Agent:
      - AZURECLI/2.25.0 azsdk-python-azure-mgmt-network/19.0.0 Python/3.8.10 (Windows-10-10.0.19043-SP0)
    method: GET
    uri: https://management.azure.com/subscriptions/00000000-0000-0000-0000-000000000000/providers/Microsoft.Network/locations/centraluseuap/operations/76eb8d51-7471-4377-9bd0-261b13c3af71?api-version=2021-02-01
  response:
    body:
      string: "{\r\n  \"status\": \"InProgress\"\r\n}"
    headers:
      cache-control:
      - no-cache
      content-length:
      - '30'
      content-type:
      - application/json; charset=utf-8
      date:
      - Wed, 30 Jun 2021 01:55:36 GMT
      expires:
      - '-1'
      pragma:
      - no-cache
      server:
      - Microsoft-HTTPAPI/2.0
      - Microsoft-HTTPAPI/2.0
      strict-transport-security:
      - max-age=31536000; includeSubDomains
      transfer-encoding:
      - chunked
      vary:
      - Accept-Encoding
      x-content-type-options:
      - nosniff
      x-ms-arm-service-request-id:
      - 99e4c4c4-61bf-4433-91c2-763a44192ca7
    status:
      code: 200
      message: OK
- request:
    body: null
    headers:
      Accept:
      - '*/*'
      Accept-Encoding:
      - gzip, deflate
      CommandName:
      - network routeserver update
      Connection:
      - keep-alive
      ParameterSetName:
      - -g --name --allow-b2b-traffic
      User-Agent:
      - AZURECLI/2.25.0 azsdk-python-azure-mgmt-network/19.0.0 Python/3.8.10 (Windows-10-10.0.19043-SP0)
    method: GET
    uri: https://management.azure.com/subscriptions/00000000-0000-0000-0000-000000000000/providers/Microsoft.Network/locations/centraluseuap/operations/76eb8d51-7471-4377-9bd0-261b13c3af71?api-version=2021-02-01
  response:
    body:
      string: "{\r\n  \"status\": \"Succeeded\"\r\n}"
    headers:
      cache-control:
      - no-cache
      content-length:
      - '29'
      content-type:
      - application/json; charset=utf-8
      date:
      - Wed, 30 Jun 2021 01:56:56 GMT
      expires:
      - '-1'
      pragma:
      - no-cache
      server:
      - Microsoft-HTTPAPI/2.0
      - Microsoft-HTTPAPI/2.0
      strict-transport-security:
      - max-age=31536000; includeSubDomains
      transfer-encoding:
      - chunked
      vary:
      - Accept-Encoding
      x-content-type-options:
      - nosniff
      x-ms-arm-service-request-id:
      - b07e03df-a6f6-45e2-b714-a9617dcf99a9
    status:
      code: 200
      message: OK
- request:
    body: null
    headers:
      Accept:
      - '*/*'
      Accept-Encoding:
      - gzip, deflate
      CommandName:
      - network routeserver update
      Connection:
      - keep-alive
      ParameterSetName:
      - -g --name --allow-b2b-traffic
      User-Agent:
      - AZURECLI/2.25.0 azsdk-python-azure-mgmt-network/19.0.0 Python/3.8.10 (Windows-10-10.0.19043-SP0)
    method: GET
    uri: https://management.azure.com/subscriptions/00000000-0000-0000-0000-000000000000/resourceGroups/cli_test_virtual_hub_router000001/providers/Microsoft.Network/virtualHubs/vrouter2?api-version=2021-02-01
  response:
    body:
      string: "{\r\n  \"name\": \"vrouter2\",\r\n  \"id\": \"/subscriptions/00000000-0000-0000-0000-000000000000/resourceGroups/cli_test_virtual_hub_router000001/providers/Microsoft.Network/virtualHubs/vrouter2\",\r\n
        \ \"etag\": \"W/\\\"2de451dc-722b-4d4f-8bfc-d9f2dbc7fd43\\\"\",\r\n  \"type\":
        \"Microsoft.Network/virtualHubs\",\r\n  \"location\": \"centraluseuap\",\r\n
        \ \"properties\": {\r\n    \"provisioningState\": \"Succeeded\",\r\n    \"virtualHubRouteTableV2s\":
        [],\r\n    \"virtualRouterAsn\": 65515,\r\n    \"virtualRouterIps\": [\r\n
        \     \"10.0.0.4\",\r\n      \"10.0.0.5\"\r\n    ],\r\n    \"routeTable\":
        {\r\n      \"routes\": []\r\n    },\r\n    \"sku\": \"Standard\",\r\n    \"routingState\":
        \"Provisioned\",\r\n    \"allowBranchToBranchTraffic\": true,\r\n    \"preferredRoutingGateway\":
        \"ExpressRoute\"\r\n  }\r\n}"
    headers:
      cache-control:
      - no-cache
      content-length:
      - '764'
      content-type:
      - application/json; charset=utf-8
      date:
      - Wed, 30 Jun 2021 01:56:57 GMT
      expires:
      - '-1'
      pragma:
      - no-cache
      server:
      - Microsoft-HTTPAPI/2.0
      - Microsoft-HTTPAPI/2.0
      strict-transport-security:
      - max-age=31536000; includeSubDomains
      transfer-encoding:
      - chunked
      vary:
      - Accept-Encoding
      x-content-type-options:
      - nosniff
      x-ms-arm-service-request-id:
      - 90f7cdd3-4bb8-4061-bcba-6be10f7d8d97
    status:
      code: 200
      message: OK
- request:
    body: null
    headers:
      Accept:
      - application/json
      Accept-Encoding:
      - gzip, deflate
      CommandName:
      - network routeserver list
      Connection:
      - keep-alive
      ParameterSetName:
      - -g
      User-Agent:
      - AZURECLI/2.25.0 azsdk-python-azure-mgmt-network/19.0.0 Python/3.8.10 (Windows-10-10.0.19043-SP0)
    method: GET
    uri: https://management.azure.com/subscriptions/00000000-0000-0000-0000-000000000000/resourceGroups/cli_test_virtual_hub_router000001/providers/Microsoft.Network/virtualHubs?api-version=2021-02-01
  response:
    body:
      string: "{\r\n  \"value\": [\r\n    {\r\n      \"name\": \"vrouter2\",\r\n      \"id\":
        \"/subscriptions/00000000-0000-0000-0000-000000000000/resourceGroups/cli_test_virtual_hub_router000001/providers/Microsoft.Network/virtualHubs/vrouter2\",\r\n
        \     \"etag\": \"W/\\\"2de451dc-722b-4d4f-8bfc-d9f2dbc7fd43\\\"\",\r\n      \"type\":
        \"Microsoft.Network/virtualHubs\",\r\n      \"location\": \"centraluseuap\",\r\n
        \     \"properties\": {\r\n        \"provisioningState\": \"Succeeded\",\r\n
        \       \"virtualHubRouteTableV2s\": [],\r\n        \"virtualRouterAsn\":
        65515,\r\n        \"virtualRouterIps\": [\r\n          \"10.0.0.4\",\r\n          \"10.0.0.5\"\r\n
        \       ],\r\n        \"routeTable\": {\r\n          \"routes\": []\r\n        },\r\n
        \       \"sku\": \"Standard\",\r\n        \"routingState\": \"Provisioned\",\r\n
        \       \"allowBranchToBranchTraffic\": true,\r\n        \"preferredRoutingGateway\":
        \"ExpressRoute\"\r\n      }\r\n    }\r\n  ]\r\n}"
    headers:
      cache-control:
      - no-cache
      content-length:
      - '881'
      content-type:
      - application/json; charset=utf-8
      date:
      - Wed, 30 Jun 2021 01:56:58 GMT
      expires:
      - '-1'
      pragma:
      - no-cache
      server:
      - Microsoft-HTTPAPI/2.0
      - Microsoft-HTTPAPI/2.0
      strict-transport-security:
      - max-age=31536000; includeSubDomains
      transfer-encoding:
      - chunked
      vary:
      - Accept-Encoding
      x-content-type-options:
      - nosniff
      x-ms-arm-service-request-id:
      - 5c61c8df-b5c1-43df-acaf-a3725b8c4ef1
    status:
      code: 200
      message: OK
- request:
    body: null
    headers:
      Accept:
      - application/json
      Accept-Encoding:
      - gzip, deflate
      CommandName:
      - network routeserver show
      Connection:
      - keep-alive
      ParameterSetName:
      - -g -n
      User-Agent:
      - AZURECLI/2.25.0 azsdk-python-azure-mgmt-network/19.0.0 Python/3.8.10 (Windows-10-10.0.19043-SP0)
    method: GET
    uri: https://management.azure.com/subscriptions/00000000-0000-0000-0000-000000000000/resourceGroups/cli_test_virtual_hub_router000001/providers/Microsoft.Network/virtualHubs/vrouter2?api-version=2021-02-01
  response:
    body:
      string: "{\r\n  \"name\": \"vrouter2\",\r\n  \"id\": \"/subscriptions/00000000-0000-0000-0000-000000000000/resourceGroups/cli_test_virtual_hub_router000001/providers/Microsoft.Network/virtualHubs/vrouter2\",\r\n
        \ \"etag\": \"W/\\\"2de451dc-722b-4d4f-8bfc-d9f2dbc7fd43\\\"\",\r\n  \"type\":
        \"Microsoft.Network/virtualHubs\",\r\n  \"location\": \"centraluseuap\",\r\n
        \ \"properties\": {\r\n    \"provisioningState\": \"Succeeded\",\r\n    \"virtualHubRouteTableV2s\":
        [],\r\n    \"virtualRouterAsn\": 65515,\r\n    \"virtualRouterIps\": [\r\n
        \     \"10.0.0.4\",\r\n      \"10.0.0.5\"\r\n    ],\r\n    \"routeTable\":
        {\r\n      \"routes\": []\r\n    },\r\n    \"sku\": \"Standard\",\r\n    \"routingState\":
        \"Provisioned\",\r\n    \"allowBranchToBranchTraffic\": true,\r\n    \"preferredRoutingGateway\":
        \"ExpressRoute\"\r\n  }\r\n}"
    headers:
      cache-control:
      - no-cache
      content-length:
      - '764'
      content-type:
      - application/json; charset=utf-8
      date:
      - Wed, 30 Jun 2021 01:57:00 GMT
      expires:
      - '-1'
      pragma:
      - no-cache
      server:
      - Microsoft-HTTPAPI/2.0
      - Microsoft-HTTPAPI/2.0
      strict-transport-security:
      - max-age=31536000; includeSubDomains
      transfer-encoding:
      - chunked
      vary:
      - Accept-Encoding
      x-content-type-options:
      - nosniff
      x-ms-arm-service-request-id:
      - 0e7386e8-cb9b-41dd-a60c-ef2c07eb0230
    status:
      code: 200
      message: OK
- request:
    body: '{"name": "peer1", "properties": {"peerAsn": 11000, "peerIp": "10.0.0.120"}}'
    headers:
      Accept:
      - application/json
      Accept-Encoding:
      - gzip, deflate
      CommandName:
      - network routeserver peering create
      Connection:
      - keep-alive
      Content-Length:
      - '75'
      Content-Type:
      - application/json
      ParameterSetName:
      - -g --routeserver -n --peer-asn --peer-ip
      User-Agent:
      - AZURECLI/2.25.0 azsdk-python-azure-mgmt-network/19.0.0 Python/3.8.10 (Windows-10-10.0.19043-SP0)
    method: PUT
    uri: https://management.azure.com/subscriptions/00000000-0000-0000-0000-000000000000/resourceGroups/cli_test_virtual_hub_router000001/providers/Microsoft.Network/virtualHubs/vrouter2/bgpConnections/peer1?api-version=2021-02-01
  response:
    body:
      string: "{\r\n  \"name\": \"peer1\",\r\n  \"id\": \"/subscriptions/00000000-0000-0000-0000-000000000000/resourceGroups/cli_test_virtual_hub_router000001/providers/Microsoft.Network/virtualHubs/vrouter2/bgpConnections/peer1\",\r\n
        \ \"etag\": \"W/\\\"afb34255-7f9c-426f-9015-fdcba37a6e44\\\"\",\r\n  \"type\":
        \"Microsoft.Network/virtualHubs/bgpConnections\",\r\n  \"properties\": {\r\n
        \   \"provisioningState\": \"Updating\",\r\n    \"peerIp\": \"10.0.0.120\",\r\n
        \   \"peerAsn\": 11000\r\n  }\r\n}"
    headers:
      azure-asyncoperation:
      - https://management.azure.com/subscriptions/00000000-0000-0000-0000-000000000000/providers/Microsoft.Network/locations/centraluseuap/operations/cde67aa8-7196-48ec-8c1d-8ce85738a52d?api-version=2021-02-01
      cache-control:
      - no-cache
      content-length:
      - '478'
      content-type:
      - application/json; charset=utf-8
      date:
      - Wed, 30 Jun 2021 01:57:01 GMT
      expires:
      - '-1'
      pragma:
      - no-cache
      server:
      - Microsoft-HTTPAPI/2.0
      - Microsoft-HTTPAPI/2.0
      strict-transport-security:
      - max-age=31536000; includeSubDomains
      x-content-type-options:
      - nosniff
      x-ms-arm-service-request-id:
      - c8fea283-4589-455e-95b3-9818d1ada5d8
      x-ms-ratelimit-remaining-subscription-writes:
      - '1198'
    status:
      code: 201
      message: Created
- request:
    body: null
    headers:
      Accept:
      - '*/*'
      Accept-Encoding:
      - gzip, deflate
      CommandName:
      - network routeserver peering create
      Connection:
      - keep-alive
      ParameterSetName:
      - -g --routeserver -n --peer-asn --peer-ip
      User-Agent:
      - AZURECLI/2.25.0 azsdk-python-azure-mgmt-network/19.0.0 Python/3.8.10 (Windows-10-10.0.19043-SP0)
    method: GET
    uri: https://management.azure.com/subscriptions/00000000-0000-0000-0000-000000000000/providers/Microsoft.Network/locations/centraluseuap/operations/cde67aa8-7196-48ec-8c1d-8ce85738a52d?api-version=2021-02-01
  response:
    body:
      string: "{\r\n  \"status\": \"InProgress\"\r\n}"
    headers:
      cache-control:
      - no-cache
      content-length:
      - '30'
      content-type:
      - application/json; charset=utf-8
      date:
      - Wed, 30 Jun 2021 01:57:11 GMT
      expires:
      - '-1'
      pragma:
      - no-cache
      server:
      - Microsoft-HTTPAPI/2.0
      - Microsoft-HTTPAPI/2.0
      strict-transport-security:
      - max-age=31536000; includeSubDomains
      transfer-encoding:
      - chunked
      vary:
      - Accept-Encoding
      x-content-type-options:
      - nosniff
      x-ms-arm-service-request-id:
      - e8cbc104-181b-4acf-904b-4d0892e7f210
    status:
      code: 200
      message: OK
- request:
    body: null
    headers:
      Accept:
      - '*/*'
      Accept-Encoding:
      - gzip, deflate
      CommandName:
      - network routeserver peering create
      Connection:
      - keep-alive
      ParameterSetName:
      - -g --routeserver -n --peer-asn --peer-ip
      User-Agent:
      - AZURECLI/2.25.0 azsdk-python-azure-mgmt-network/19.0.0 Python/3.8.10 (Windows-10-10.0.19043-SP0)
    method: GET
    uri: https://management.azure.com/subscriptions/00000000-0000-0000-0000-000000000000/providers/Microsoft.Network/locations/centraluseuap/operations/cde67aa8-7196-48ec-8c1d-8ce85738a52d?api-version=2021-02-01
  response:
    body:
      string: "{\r\n  \"status\": \"InProgress\"\r\n}"
    headers:
      cache-control:
      - no-cache
      content-length:
      - '30'
      content-type:
      - application/json; charset=utf-8
      date:
      - Wed, 30 Jun 2021 01:57:23 GMT
      expires:
      - '-1'
      pragma:
      - no-cache
      server:
      - Microsoft-HTTPAPI/2.0
      - Microsoft-HTTPAPI/2.0
      strict-transport-security:
      - max-age=31536000; includeSubDomains
      transfer-encoding:
      - chunked
      vary:
      - Accept-Encoding
      x-content-type-options:
      - nosniff
      x-ms-arm-service-request-id:
      - 6a90a17f-2b18-4a25-9623-adf35c62545e
    status:
      code: 200
      message: OK
- request:
    body: null
    headers:
      Accept:
      - '*/*'
      Accept-Encoding:
      - gzip, deflate
      CommandName:
      - network routeserver peering create
      Connection:
      - keep-alive
      ParameterSetName:
      - -g --routeserver -n --peer-asn --peer-ip
      User-Agent:
      - AZURECLI/2.25.0 azsdk-python-azure-mgmt-network/19.0.0 Python/3.8.10 (Windows-10-10.0.19043-SP0)
    method: GET
    uri: https://management.azure.com/subscriptions/00000000-0000-0000-0000-000000000000/providers/Microsoft.Network/locations/centraluseuap/operations/cde67aa8-7196-48ec-8c1d-8ce85738a52d?api-version=2021-02-01
  response:
    body:
      string: "{\r\n  \"status\": \"InProgress\"\r\n}"
    headers:
      cache-control:
      - no-cache
      content-length:
      - '30'
      content-type:
      - application/json; charset=utf-8
      date:
      - Wed, 30 Jun 2021 01:57:43 GMT
      expires:
      - '-1'
      pragma:
      - no-cache
      server:
      - Microsoft-HTTPAPI/2.0
      - Microsoft-HTTPAPI/2.0
      strict-transport-security:
      - max-age=31536000; includeSubDomains
      transfer-encoding:
      - chunked
      vary:
      - Accept-Encoding
      x-content-type-options:
      - nosniff
      x-ms-arm-service-request-id:
      - c183499f-cebe-4684-ad3f-7e1acc008ac7
    status:
      code: 200
      message: OK
- request:
    body: null
    headers:
      Accept:
      - '*/*'
      Accept-Encoding:
      - gzip, deflate
      CommandName:
      - network routeserver peering create
      Connection:
      - keep-alive
      ParameterSetName:
      - -g --routeserver -n --peer-asn --peer-ip
      User-Agent:
      - AZURECLI/2.25.0 azsdk-python-azure-mgmt-network/19.0.0 Python/3.8.10 (Windows-10-10.0.19043-SP0)
    method: GET
    uri: https://management.azure.com/subscriptions/00000000-0000-0000-0000-000000000000/providers/Microsoft.Network/locations/centraluseuap/operations/cde67aa8-7196-48ec-8c1d-8ce85738a52d?api-version=2021-02-01
  response:
    body:
      string: "{\r\n  \"status\": \"Succeeded\"\r\n}"
    headers:
      cache-control:
      - no-cache
      content-length:
      - '29'
      content-type:
      - application/json; charset=utf-8
      date:
      - Wed, 30 Jun 2021 01:58:23 GMT
      expires:
      - '-1'
      pragma:
      - no-cache
      server:
      - Microsoft-HTTPAPI/2.0
      - Microsoft-HTTPAPI/2.0
      strict-transport-security:
      - max-age=31536000; includeSubDomains
      transfer-encoding:
      - chunked
      vary:
      - Accept-Encoding
      x-content-type-options:
      - nosniff
      x-ms-arm-service-request-id:
      - 96554999-7b1d-4cfc-bd64-b64be064feb9
    status:
      code: 200
      message: OK
- request:
    body: null
    headers:
      Accept:
      - '*/*'
      Accept-Encoding:
      - gzip, deflate
      CommandName:
      - network routeserver peering create
      Connection:
      - keep-alive
      ParameterSetName:
      - -g --routeserver -n --peer-asn --peer-ip
      User-Agent:
      - AZURECLI/2.25.0 azsdk-python-azure-mgmt-network/19.0.0 Python/3.8.10 (Windows-10-10.0.19043-SP0)
    method: GET
    uri: https://management.azure.com/subscriptions/00000000-0000-0000-0000-000000000000/resourceGroups/cli_test_virtual_hub_router000001/providers/Microsoft.Network/virtualHubs/vrouter2/bgpConnections/peer1?api-version=2021-02-01
  response:
    body:
      string: "{\r\n  \"name\": \"peer1\",\r\n  \"id\": \"/subscriptions/00000000-0000-0000-0000-000000000000/resourceGroups/cli_test_virtual_hub_router000001/providers/Microsoft.Network/virtualHubs/vrouter2/bgpConnections/peer1\",\r\n
        \ \"etag\": \"W/\\\"165dc3a6-36d1-4b4f-b7ec-2b6f1341c0ea\\\"\",\r\n  \"type\":
        \"Microsoft.Network/virtualHubs/bgpConnections\",\r\n  \"properties\": {\r\n
        \   \"provisioningState\": \"Succeeded\",\r\n    \"peerIp\": \"10.0.0.120\",\r\n
        \   \"peerAsn\": 11000\r\n  }\r\n}"
    headers:
      cache-control:
      - no-cache
      content-length:
      - '479'
      content-type:
      - application/json; charset=utf-8
      date:
      - Wed, 30 Jun 2021 01:58:24 GMT
      etag:
      - W/"165dc3a6-36d1-4b4f-b7ec-2b6f1341c0ea"
      expires:
      - '-1'
      pragma:
      - no-cache
      server:
      - Microsoft-HTTPAPI/2.0
      - Microsoft-HTTPAPI/2.0
      strict-transport-security:
      - max-age=31536000; includeSubDomains
      transfer-encoding:
      - chunked
      vary:
      - Accept-Encoding
      x-content-type-options:
      - nosniff
      x-ms-arm-service-request-id:
      - 2f7cc33a-d153-419c-929f-c5a36140c7e2
    status:
      code: 200
      message: OK
- request:
    body: null
    headers:
      Accept:
      - application/json
      Accept-Encoding:
      - gzip, deflate
      CommandName:
      - network routeserver peering list
      Connection:
      - keep-alive
      ParameterSetName:
      - -g --routeserver
      User-Agent:
      - AZURECLI/2.25.0 azsdk-python-azure-mgmt-network/19.0.0 Python/3.8.10 (Windows-10-10.0.19043-SP0)
    method: GET
    uri: https://management.azure.com/subscriptions/00000000-0000-0000-0000-000000000000/resourceGroups/cli_test_virtual_hub_router000001/providers/Microsoft.Network/virtualHubs/vrouter2/bgpConnections?api-version=2021-02-01
  response:
    body:
      string: "{\r\n  \"value\": [\r\n    {\r\n      \"name\": \"peer1\",\r\n      \"id\":
        \"/subscriptions/00000000-0000-0000-0000-000000000000/resourceGroups/cli_test_virtual_hub_router000001/providers/Microsoft.Network/virtualHubs/vrouter2/bgpConnections/peer1\",\r\n
        \     \"etag\": \"W/\\\"165dc3a6-36d1-4b4f-b7ec-2b6f1341c0ea\\\"\",\r\n      \"type\":
        \"Microsoft.Network/virtualHubs/bgpConnections\",\r\n      \"properties\":
        {\r\n        \"provisioningState\": \"Succeeded\",\r\n        \"peerIp\":
        \"10.0.0.120\",\r\n        \"peerAsn\": 11000\r\n      }\r\n    }\r\n  ]\r\n}"
    headers:
      cache-control:
      - no-cache
      content-length:
      - '548'
      content-type:
      - application/json; charset=utf-8
      date:
      - Wed, 30 Jun 2021 01:58:26 GMT
      expires:
      - '-1'
      pragma:
      - no-cache
      server:
      - Microsoft-HTTPAPI/2.0
      - Microsoft-HTTPAPI/2.0
      strict-transport-security:
      - max-age=31536000; includeSubDomains
      transfer-encoding:
      - chunked
      vary:
      - Accept-Encoding
      x-content-type-options:
      - nosniff
      x-ms-arm-service-request-id:
      - fe7e1c4d-496f-4389-8e28-cb3d34ec57e0
    status:
      code: 200
      message: OK
- request:
    body: null
    headers:
      Accept:
      - application/json
      Accept-Encoding:
      - gzip, deflate
      CommandName:
      - network routeserver peering show
      Connection:
      - keep-alive
      ParameterSetName:
      - -g --routeserver -n
      User-Agent:
      - AZURECLI/2.25.0 azsdk-python-azure-mgmt-network/19.0.0 Python/3.8.10 (Windows-10-10.0.19043-SP0)
    method: GET
    uri: https://management.azure.com/subscriptions/00000000-0000-0000-0000-000000000000/resourceGroups/cli_test_virtual_hub_router000001/providers/Microsoft.Network/virtualHubs/vrouter2/bgpConnections/peer1?api-version=2021-02-01
  response:
    body:
      string: "{\r\n  \"name\": \"peer1\",\r\n  \"id\": \"/subscriptions/00000000-0000-0000-0000-000000000000/resourceGroups/cli_test_virtual_hub_router000001/providers/Microsoft.Network/virtualHubs/vrouter2/bgpConnections/peer1\",\r\n
        \ \"etag\": \"W/\\\"165dc3a6-36d1-4b4f-b7ec-2b6f1341c0ea\\\"\",\r\n  \"type\":
        \"Microsoft.Network/virtualHubs/bgpConnections\",\r\n  \"properties\": {\r\n
        \   \"provisioningState\": \"Succeeded\",\r\n    \"peerIp\": \"10.0.0.120\",\r\n
        \   \"peerAsn\": 11000\r\n  }\r\n}"
    headers:
      cache-control:
      - no-cache
      content-length:
      - '479'
      content-type:
      - application/json; charset=utf-8
      date:
      - Wed, 30 Jun 2021 01:58:27 GMT
      etag:
      - W/"165dc3a6-36d1-4b4f-b7ec-2b6f1341c0ea"
      expires:
      - '-1'
      pragma:
      - no-cache
      server:
      - Microsoft-HTTPAPI/2.0
      - Microsoft-HTTPAPI/2.0
      strict-transport-security:
      - max-age=31536000; includeSubDomains
      transfer-encoding:
      - chunked
      vary:
      - Accept-Encoding
      x-content-type-options:
      - nosniff
      x-ms-arm-service-request-id:
      - ffcd437a-a379-4bc3-bb1e-8bf7bdc0a110
    status:
      code: 200
      message: OK
- request:
    body: null
    headers:
      Accept:
      - application/json
      Accept-Encoding:
      - gzip, deflate
      CommandName:
      - network routeserver peering list-advertised-routes
      Connection:
      - keep-alive
      Content-Length:
      - '0'
      ParameterSetName:
      - -g --routeserver -n
      User-Agent:
      - AZURECLI/2.25.0 azsdk-python-azure-mgmt-network/19.0.0 Python/3.8.10 (Windows-10-10.0.19043-SP0)
    method: POST
    uri: https://management.azure.com/subscriptions/00000000-0000-0000-0000-000000000000/resourceGroups/cli_test_virtual_hub_router000001/providers/Microsoft.Network/virtualHubs/vrouter2/bgpConnections/peer1/advertisedRoutes?api-version=2021-02-01
  response:
    body:
      string: 'null'
    headers:
      cache-control:
      - no-cache
      content-length:
      - '4'
      content-type:
      - application/json; charset=utf-8
      date:
      - Wed, 30 Jun 2021 01:58:29 GMT
      expires:
      - '-1'
      location:
      - https://management.azure.com/subscriptions/00000000-0000-0000-0000-000000000000/providers/Microsoft.Network/locations/centraluseuap/operationResults/bc3d167b-ae2d-494b-a8d5-948e345ddf7c?api-version=2021-02-01
      pragma:
      - no-cache
      server:
      - Microsoft-HTTPAPI/2.0
      - Microsoft-HTTPAPI/2.0
      strict-transport-security:
      - max-age=31536000; includeSubDomains
      x-content-type-options:
      - nosniff
      x-ms-arm-service-request-id:
      - e8214031-946f-4443-b6f2-68d975b7aaa2
      x-ms-ratelimit-remaining-subscription-writes:
      - '1199'
    status:
      code: 202
      message: Accepted
- request:
    body: null
    headers:
      Accept:
      - '*/*'
      Accept-Encoding:
      - gzip, deflate
      CommandName:
      - network routeserver peering list-advertised-routes
      Connection:
      - keep-alive
      ParameterSetName:
      - -g --routeserver -n
      User-Agent:
      - AZURECLI/2.25.0 azsdk-python-azure-mgmt-network/19.0.0 Python/3.8.10 (Windows-10-10.0.19043-SP0)
    method: GET
    uri: https://management.azure.com/subscriptions/00000000-0000-0000-0000-000000000000/providers/Microsoft.Network/locations/centraluseuap/operationResults/bc3d167b-ae2d-494b-a8d5-948e345ddf7c?api-version=2021-02-01
  response:
    body:
      string: "{\r\n  \"RouteServiceRole_IN_0\": [],\r\n  \"RouteServiceRole_IN_1\":
        []\r\n}"
    headers:
      cache-control:
      - no-cache
      content-length:
      - '67'
      content-type:
      - application/json; charset=utf-8
      date:
      - Wed, 30 Jun 2021 01:58:39 GMT
      expires:
      - '-1'
      location:
      - https://management.azure.com/subscriptions/00000000-0000-0000-0000-000000000000/providers/Microsoft.Network/locations/centraluseuap/operationResults/bc3d167b-ae2d-494b-a8d5-948e345ddf7c?api-version=2021-02-01
      pragma:
      - no-cache
      server:
      - Microsoft-HTTPAPI/2.0
      - Microsoft-HTTPAPI/2.0
      strict-transport-security:
      - max-age=31536000; includeSubDomains
      transfer-encoding:
      - chunked
      vary:
      - Accept-Encoding
      x-content-type-options:
      - nosniff
      x-ms-arm-service-request-id:
      - e8214031-946f-4443-b6f2-68d975b7aaa2
    status:
      code: 200
      message: OK
- request:
    body: null
    headers:
      Accept:
      - application/json
      Accept-Encoding:
      - gzip, deflate
      CommandName:
      - network routeserver peering list-learned-routes
      Connection:
      - keep-alive
      Content-Length:
      - '0'
      ParameterSetName:
      - -g --routeserver -n
      User-Agent:
      - AZURECLI/2.25.0 azsdk-python-azure-mgmt-network/19.0.0 Python/3.8.10 (Windows-10-10.0.19043-SP0)
    method: POST
    uri: https://management.azure.com/subscriptions/00000000-0000-0000-0000-000000000000/resourceGroups/cli_test_virtual_hub_router000001/providers/Microsoft.Network/virtualHubs/vrouter2/bgpConnections/peer1/learnedRoutes?api-version=2021-02-01
  response:
    body:
      string: 'null'
    headers:
      cache-control:
      - no-cache
      content-length:
      - '4'
      content-type:
      - application/json; charset=utf-8
      date:
      - Wed, 30 Jun 2021 01:58:41 GMT
      expires:
      - '-1'
      location:
      - https://management.azure.com/subscriptions/00000000-0000-0000-0000-000000000000/providers/Microsoft.Network/locations/centraluseuap/operationResults/b210ad31-1c89-48d8-a1e1-36f69efc11d9?api-version=2021-02-01
      pragma:
      - no-cache
      server:
      - Microsoft-HTTPAPI/2.0
      - Microsoft-HTTPAPI/2.0
      strict-transport-security:
      - max-age=31536000; includeSubDomains
      x-content-type-options:
      - nosniff
      x-ms-arm-service-request-id:
      - 354ae96f-3b9a-46da-aa15-93319d78ee6b
      x-ms-ratelimit-remaining-subscription-writes:
      - '1199'
    status:
      code: 202
      message: Accepted
- request:
    body: null
    headers:
      Accept:
      - '*/*'
      Accept-Encoding:
      - gzip, deflate
      CommandName:
      - network routeserver peering list-learned-routes
      Connection:
      - keep-alive
      ParameterSetName:
      - -g --routeserver -n
      User-Agent:
      - AZURECLI/2.25.0 azsdk-python-azure-mgmt-network/19.0.0 Python/3.8.10 (Windows-10-10.0.19043-SP0)
    method: GET
    uri: https://management.azure.com/subscriptions/00000000-0000-0000-0000-000000000000/providers/Microsoft.Network/locations/centraluseuap/operationResults/b210ad31-1c89-48d8-a1e1-36f69efc11d9?api-version=2021-02-01
  response:
    body:
      string: "{\r\n  \"RouteServiceRole_IN_0\": [],\r\n  \"RouteServiceRole_IN_1\":
        []\r\n}"
    headers:
      cache-control:
      - no-cache
      content-length:
      - '67'
      content-type:
      - application/json; charset=utf-8
      date:
      - Wed, 30 Jun 2021 01:58:51 GMT
      expires:
      - '-1'
      location:
      - https://management.azure.com/subscriptions/00000000-0000-0000-0000-000000000000/providers/Microsoft.Network/locations/centraluseuap/operationResults/b210ad31-1c89-48d8-a1e1-36f69efc11d9?api-version=2021-02-01
      pragma:
      - no-cache
      server:
      - Microsoft-HTTPAPI/2.0
      - Microsoft-HTTPAPI/2.0
      strict-transport-security:
      - max-age=31536000; includeSubDomains
      transfer-encoding:
      - chunked
      vary:
      - Accept-Encoding
      x-content-type-options:
      - nosniff
      x-ms-arm-service-request-id:
      - 354ae96f-3b9a-46da-aa15-93319d78ee6b
    status:
      code: 200
      message: OK
- request:
    body: null
    headers:
      Accept:
      - application/json
      Accept-Encoding:
      - gzip, deflate
      CommandName:
      - network routeserver peering delete
      Connection:
      - keep-alive
      Content-Length:
      - '0'
      ParameterSetName:
      - -g --routeserver -n -y
      User-Agent:
      - AZURECLI/2.25.0 azsdk-python-azure-mgmt-network/19.0.0 Python/3.8.10 (Windows-10-10.0.19043-SP0)
    method: DELETE
    uri: https://management.azure.com/subscriptions/00000000-0000-0000-0000-000000000000/resourceGroups/cli_test_virtual_hub_router000001/providers/Microsoft.Network/virtualHubs/vrouter2/bgpConnections/peer1?api-version=2021-02-01
  response:
    body:
      string: ''
    headers:
      azure-asyncoperation:
      - https://management.azure.com/subscriptions/00000000-0000-0000-0000-000000000000/providers/Microsoft.Network/locations/centraluseuap/operations/4699825a-3cc0-42f9-ba2e-2b4b726ae663?api-version=2021-02-01
      cache-control:
      - no-cache
      content-length:
      - '0'
      date:
      - Wed, 30 Jun 2021 01:58:54 GMT
      expires:
      - '-1'
      location:
      - https://management.azure.com/subscriptions/00000000-0000-0000-0000-000000000000/providers/Microsoft.Network/locations/centraluseuap/operationResults/4699825a-3cc0-42f9-ba2e-2b4b726ae663?api-version=2021-02-01
      pragma:
      - no-cache
      server:
      - Microsoft-HTTPAPI/2.0
      - Microsoft-HTTPAPI/2.0
      strict-transport-security:
      - max-age=31536000; includeSubDomains
      x-content-type-options:
      - nosniff
      x-ms-arm-service-request-id:
      - d1ac48ed-5c66-4ade-b53e-f79fd85f86fe
      x-ms-ratelimit-remaining-subscription-deletes:
      - '14999'
    status:
      code: 202
      message: Accepted
- request:
    body: null
    headers:
      Accept:
      - '*/*'
      Accept-Encoding:
      - gzip, deflate
      CommandName:
      - network routeserver peering delete
      Connection:
      - keep-alive
      ParameterSetName:
      - -g --routeserver -n -y
      User-Agent:
      - AZURECLI/2.25.0 azsdk-python-azure-mgmt-network/19.0.0 Python/3.8.10 (Windows-10-10.0.19043-SP0)
    method: GET
    uri: https://management.azure.com/subscriptions/00000000-0000-0000-0000-000000000000/providers/Microsoft.Network/locations/centraluseuap/operations/4699825a-3cc0-42f9-ba2e-2b4b726ae663?api-version=2021-02-01
  response:
    body:
      string: "{\r\n  \"status\": \"InProgress\"\r\n}"
    headers:
      cache-control:
      - no-cache
      content-length:
      - '30'
      content-type:
      - application/json; charset=utf-8
      date:
      - Wed, 30 Jun 2021 01:59:05 GMT
      expires:
      - '-1'
      pragma:
      - no-cache
      server:
      - Microsoft-HTTPAPI/2.0
      - Microsoft-HTTPAPI/2.0
      strict-transport-security:
      - max-age=31536000; includeSubDomains
      transfer-encoding:
      - chunked
      vary:
      - Accept-Encoding
      x-content-type-options:
      - nosniff
      x-ms-arm-service-request-id:
      - afc14f7c-b5af-4e73-acd8-ae6f1ccc8b56
    status:
      code: 200
      message: OK
- request:
    body: null
    headers:
      Accept:
      - '*/*'
      Accept-Encoding:
      - gzip, deflate
      CommandName:
      - network routeserver peering delete
      Connection:
      - keep-alive
      ParameterSetName:
      - -g --routeserver -n -y
      User-Agent:
      - AZURECLI/2.25.0 azsdk-python-azure-mgmt-network/19.0.0 Python/3.8.10 (Windows-10-10.0.19043-SP0)
    method: GET
    uri: https://management.azure.com/subscriptions/00000000-0000-0000-0000-000000000000/providers/Microsoft.Network/locations/centraluseuap/operations/4699825a-3cc0-42f9-ba2e-2b4b726ae663?api-version=2021-02-01
  response:
    body:
      string: "{\r\n  \"status\": \"InProgress\"\r\n}"
    headers:
      cache-control:
      - no-cache
      content-length:
      - '30'
      content-type:
      - application/json; charset=utf-8
      date:
      - Wed, 30 Jun 2021 01:59:15 GMT
      expires:
      - '-1'
      pragma:
      - no-cache
      server:
      - Microsoft-HTTPAPI/2.0
      - Microsoft-HTTPAPI/2.0
      strict-transport-security:
      - max-age=31536000; includeSubDomains
      transfer-encoding:
      - chunked
      vary:
      - Accept-Encoding
      x-content-type-options:
      - nosniff
      x-ms-arm-service-request-id:
      - 9710e6af-b61c-412f-b7c9-029b5034725a
    status:
      code: 200
      message: OK
- request:
    body: null
    headers:
      Accept:
      - '*/*'
      Accept-Encoding:
      - gzip, deflate
      CommandName:
      - network routeserver peering delete
      Connection:
      - keep-alive
      ParameterSetName:
      - -g --routeserver -n -y
      User-Agent:
      - AZURECLI/2.25.0 azsdk-python-azure-mgmt-network/19.0.0 Python/3.8.10 (Windows-10-10.0.19043-SP0)
    method: GET
    uri: https://management.azure.com/subscriptions/00000000-0000-0000-0000-000000000000/providers/Microsoft.Network/locations/centraluseuap/operations/4699825a-3cc0-42f9-ba2e-2b4b726ae663?api-version=2021-02-01
  response:
    body:
      string: "{\r\n  \"status\": \"InProgress\"\r\n}"
    headers:
      cache-control:
      - no-cache
      content-length:
      - '30'
      content-type:
      - application/json; charset=utf-8
      date:
      - Wed, 30 Jun 2021 01:59:35 GMT
      expires:
      - '-1'
      pragma:
      - no-cache
      server:
      - Microsoft-HTTPAPI/2.0
      - Microsoft-HTTPAPI/2.0
      strict-transport-security:
      - max-age=31536000; includeSubDomains
      transfer-encoding:
      - chunked
      vary:
      - Accept-Encoding
      x-content-type-options:
      - nosniff
      x-ms-arm-service-request-id:
      - 6d41635b-2e03-4c62-a6b7-92bf3825986a
    status:
      code: 200
      message: OK
- request:
    body: null
    headers:
      Accept:
      - '*/*'
      Accept-Encoding:
      - gzip, deflate
      CommandName:
      - network routeserver peering delete
      Connection:
      - keep-alive
      ParameterSetName:
      - -g --routeserver -n -y
      User-Agent:
      - AZURECLI/2.25.0 azsdk-python-azure-mgmt-network/19.0.0 Python/3.8.10 (Windows-10-10.0.19043-SP0)
    method: GET
    uri: https://management.azure.com/subscriptions/00000000-0000-0000-0000-000000000000/providers/Microsoft.Network/locations/centraluseuap/operations/4699825a-3cc0-42f9-ba2e-2b4b726ae663?api-version=2021-02-01
  response:
    body:
      string: "{\r\n  \"status\": \"Succeeded\"\r\n}"
    headers:
      cache-control:
      - no-cache
      content-length:
      - '29'
      content-type:
      - application/json; charset=utf-8
      date:
      - Wed, 30 Jun 2021 02:00:16 GMT
      expires:
      - '-1'
      pragma:
      - no-cache
      server:
      - Microsoft-HTTPAPI/2.0
      - Microsoft-HTTPAPI/2.0
      strict-transport-security:
      - max-age=31536000; includeSubDomains
      transfer-encoding:
      - chunked
      vary:
      - Accept-Encoding
      x-content-type-options:
      - nosniff
      x-ms-arm-service-request-id:
      - 811a36c7-b062-4ab9-a368-6033494ce103
    status:
      code: 200
      message: OK
- request:
    body: null
    headers:
      Accept:
      - application/json
      Accept-Encoding:
      - gzip, deflate
      CommandName:
      - network routeserver delete
      Connection:
      - keep-alive
      ParameterSetName:
      - -g -n -y
      User-Agent:
      - AZURECLI/2.25.0 azsdk-python-azure-mgmt-network/19.0.0 Python/3.8.10 (Windows-10-10.0.19043-SP0)
    method: GET
    uri: https://management.azure.com/subscriptions/00000000-0000-0000-0000-000000000000/resourceGroups/cli_test_virtual_hub_router000001/providers/Microsoft.Network/virtualHubs/vrouter2/ipConfigurations?api-version=2021-02-01
  response:
    body:
      string: "{\r\n  \"value\": [\r\n    {\r\n      \"name\": \"ipconfig1\",\r\n
        \     \"id\": \"/subscriptions/00000000-0000-0000-0000-000000000000/resourceGroups/cli_test_virtual_hub_router000001/providers/Microsoft.Network/virtualHubs/vrouter2/ipConfigurations/ipconfig1\",\r\n
        \     \"etag\": \"W/\\\"6abe7a4e-fb79-4a20-8c95-28a5b2831d72\\\"\",\r\n      \"type\":
        \"Microsoft.Network/virtualHubs/ipConfigurations\",\r\n      \"properties\":
        {\r\n        \"provisioningState\": \"Succeeded\",\r\n        \"privateIPAllocationMethod\":
        \"Dynamic\",\r\n        \"publicIPAddress\": {\r\n          \"id\": \"/subscriptions/00000000-0000-0000-0000-000000000000/resourceGroups/cli_test_virtual_hub_router000001/providers/Microsoft.Network/publicIPAddresses/vhrip1\"\r\n
        \       },\r\n        \"subnet\": {\r\n          \"id\": \"/subscriptions/00000000-0000-0000-0000-000000000000/resourceGroups/cli_test_virtual_hub_router000001/providers/Microsoft.Network/virtualNetworks/vnet2/subnets/RouteServerSubnet\"\r\n
        \       }\r\n      }\r\n    }\r\n  ]\r\n}"
    headers:
      cache-control:
      - no-cache
      content-length:
      - '1077'
      content-type:
      - application/json; charset=utf-8
      date:
      - Wed, 30 Jun 2021 02:00:17 GMT
      expires:
      - '-1'
      pragma:
      - no-cache
      server:
      - Microsoft-HTTPAPI/2.0
      - Microsoft-HTTPAPI/2.0
      strict-transport-security:
      - max-age=31536000; includeSubDomains
      transfer-encoding:
      - chunked
      vary:
      - Accept-Encoding
      x-content-type-options:
      - nosniff
      x-ms-arm-service-request-id:
      - d807a8a6-028c-44c6-b892-db851890a241
    status:
      code: 200
      message: OK
- request:
    body: null
    headers:
      Accept:
      - application/json
      Accept-Encoding:
      - gzip, deflate
      CommandName:
      - network routeserver delete
      Connection:
      - keep-alive
      Content-Length:
      - '0'
      ParameterSetName:
      - -g -n -y
      User-Agent:
      - AZURECLI/2.25.0 azsdk-python-azure-mgmt-network/19.0.0 Python/3.8.10 (Windows-10-10.0.19043-SP0)
    method: DELETE
    uri: https://management.azure.com/subscriptions/00000000-0000-0000-0000-000000000000/resourceGroups/cli_test_virtual_hub_router000001/providers/Microsoft.Network/virtualHubs/vrouter2/ipConfigurations/ipconfig1?api-version=2021-02-01
  response:
    body:
      string: ''
    headers:
      azure-asyncoperation:
      - https://management.azure.com/subscriptions/00000000-0000-0000-0000-000000000000/providers/Microsoft.Network/locations/centraluseuap/operations/514a0e0f-9299-4eee-a0d7-9771eeb36ff6?api-version=2021-02-01
      cache-control:
      - no-cache
      content-length:
      - '0'
      date:
      - Wed, 30 Jun 2021 02:00:18 GMT
      expires:
      - '-1'
      location:
      - https://management.azure.com/subscriptions/00000000-0000-0000-0000-000000000000/providers/Microsoft.Network/locations/centraluseuap/operationResults/514a0e0f-9299-4eee-a0d7-9771eeb36ff6?api-version=2021-02-01
      pragma:
      - no-cache
      server:
      - Microsoft-HTTPAPI/2.0
      - Microsoft-HTTPAPI/2.0
      strict-transport-security:
      - max-age=31536000; includeSubDomains
      x-content-type-options:
      - nosniff
      x-ms-arm-service-request-id:
      - 531b821e-a55d-45ef-8bac-f498987ef2a2
      x-ms-ratelimit-remaining-subscription-deletes:
      - '14999'
    status:
      code: 202
      message: Accepted
- request:
    body: null
    headers:
      Accept:
      - '*/*'
      Accept-Encoding:
      - gzip, deflate
      CommandName:
      - network routeserver delete
      Connection:
      - keep-alive
      ParameterSetName:
      - -g -n -y
      User-Agent:
      - AZURECLI/2.25.0 azsdk-python-azure-mgmt-network/19.0.0 Python/3.8.10 (Windows-10-10.0.19043-SP0)
    method: GET
    uri: https://management.azure.com/subscriptions/00000000-0000-0000-0000-000000000000/providers/Microsoft.Network/locations/centraluseuap/operations/514a0e0f-9299-4eee-a0d7-9771eeb36ff6?api-version=2021-02-01
  response:
    body:
      string: "{\r\n  \"status\": \"InProgress\"\r\n}"
    headers:
      cache-control:
      - no-cache
      content-length:
      - '30'
      content-type:
      - application/json; charset=utf-8
      date:
      - Wed, 30 Jun 2021 02:00:28 GMT
      expires:
      - '-1'
      pragma:
      - no-cache
      server:
      - Microsoft-HTTPAPI/2.0
      - Microsoft-HTTPAPI/2.0
      strict-transport-security:
      - max-age=31536000; includeSubDomains
      transfer-encoding:
      - chunked
      vary:
      - Accept-Encoding
      x-content-type-options:
      - nosniff
      x-ms-arm-service-request-id:
      - f01d8fb8-0aa9-43e3-be97-98cceb1cc78d
    status:
      code: 200
      message: OK
- request:
    body: null
    headers:
      Accept:
      - '*/*'
      Accept-Encoding:
      - gzip, deflate
      CommandName:
      - network routeserver delete
      Connection:
      - keep-alive
      ParameterSetName:
      - -g -n -y
      User-Agent:
      - AZURECLI/2.25.0 azsdk-python-azure-mgmt-network/19.0.0 Python/3.8.10 (Windows-10-10.0.19043-SP0)
    method: GET
    uri: https://management.azure.com/subscriptions/00000000-0000-0000-0000-000000000000/providers/Microsoft.Network/locations/centraluseuap/operations/514a0e0f-9299-4eee-a0d7-9771eeb36ff6?api-version=2021-02-01
  response:
    body:
      string: "{\r\n  \"status\": \"InProgress\"\r\n}"
    headers:
      cache-control:
      - no-cache
      content-length:
      - '30'
      content-type:
      - application/json; charset=utf-8
      date:
      - Wed, 30 Jun 2021 02:00:39 GMT
      expires:
      - '-1'
      pragma:
      - no-cache
      server:
      - Microsoft-HTTPAPI/2.0
      - Microsoft-HTTPAPI/2.0
      strict-transport-security:
      - max-age=31536000; includeSubDomains
      transfer-encoding:
      - chunked
      vary:
      - Accept-Encoding
      x-content-type-options:
      - nosniff
      x-ms-arm-service-request-id:
      - f5c64cbd-3e1d-4167-8ce1-42ada8154413
    status:
      code: 200
      message: OK
- request:
    body: null
    headers:
      Accept:
      - '*/*'
      Accept-Encoding:
      - gzip, deflate
      CommandName:
      - network routeserver delete
      Connection:
      - keep-alive
      ParameterSetName:
      - -g -n -y
      User-Agent:
      - AZURECLI/2.25.0 azsdk-python-azure-mgmt-network/19.0.0 Python/3.8.10 (Windows-10-10.0.19043-SP0)
    method: GET
    uri: https://management.azure.com/subscriptions/00000000-0000-0000-0000-000000000000/providers/Microsoft.Network/locations/centraluseuap/operations/514a0e0f-9299-4eee-a0d7-9771eeb36ff6?api-version=2021-02-01
  response:
    body:
      string: "{\r\n  \"status\": \"InProgress\"\r\n}"
    headers:
      cache-control:
      - no-cache
      content-length:
      - '30'
      content-type:
      - application/json; charset=utf-8
      date:
      - Wed, 30 Jun 2021 02:01:00 GMT
      expires:
      - '-1'
      pragma:
      - no-cache
      server:
      - Microsoft-HTTPAPI/2.0
      - Microsoft-HTTPAPI/2.0
      strict-transport-security:
      - max-age=31536000; includeSubDomains
      transfer-encoding:
      - chunked
      vary:
      - Accept-Encoding
      x-content-type-options:
      - nosniff
      x-ms-arm-service-request-id:
      - 8f48e7b5-1365-4f8d-9627-a5d950e8f52c
    status:
      code: 200
      message: OK
- request:
    body: null
    headers:
      Accept:
      - '*/*'
      Accept-Encoding:
      - gzip, deflate
      CommandName:
      - network routeserver delete
      Connection:
      - keep-alive
      ParameterSetName:
      - -g -n -y
      User-Agent:
      - AZURECLI/2.25.0 azsdk-python-azure-mgmt-network/19.0.0 Python/3.8.10 (Windows-10-10.0.19043-SP0)
    method: GET
    uri: https://management.azure.com/subscriptions/00000000-0000-0000-0000-000000000000/providers/Microsoft.Network/locations/centraluseuap/operations/514a0e0f-9299-4eee-a0d7-9771eeb36ff6?api-version=2021-02-01
  response:
    body:
      string: "{\r\n  \"status\": \"InProgress\"\r\n}"
    headers:
      cache-control:
      - no-cache
      content-length:
      - '30'
      content-type:
      - application/json; charset=utf-8
      date:
      - Wed, 30 Jun 2021 02:01:40 GMT
      expires:
      - '-1'
      pragma:
      - no-cache
      server:
      - Microsoft-HTTPAPI/2.0
      - Microsoft-HTTPAPI/2.0
      strict-transport-security:
      - max-age=31536000; includeSubDomains
      transfer-encoding:
      - chunked
      vary:
      - Accept-Encoding
      x-content-type-options:
      - nosniff
      x-ms-arm-service-request-id:
      - d9e8096d-58df-4733-a522-6d12d35230a3
    status:
      code: 200
      message: OK
- request:
    body: null
    headers:
      Accept:
      - '*/*'
      Accept-Encoding:
      - gzip, deflate
      CommandName:
      - network routeserver delete
      Connection:
      - keep-alive
      ParameterSetName:
      - -g -n -y
      User-Agent:
      - AZURECLI/2.25.0 azsdk-python-azure-mgmt-network/19.0.0 Python/3.8.10 (Windows-10-10.0.19043-SP0)
    method: GET
    uri: https://management.azure.com/subscriptions/00000000-0000-0000-0000-000000000000/providers/Microsoft.Network/locations/centraluseuap/operations/514a0e0f-9299-4eee-a0d7-9771eeb36ff6?api-version=2021-02-01
  response:
    body:
      string: "{\r\n  \"status\": \"InProgress\"\r\n}"
    headers:
      cache-control:
      - no-cache
      content-length:
      - '30'
      content-type:
      - application/json; charset=utf-8
      date:
      - Wed, 30 Jun 2021 02:03:01 GMT
      expires:
      - '-1'
      pragma:
      - no-cache
      server:
      - Microsoft-HTTPAPI/2.0
      - Microsoft-HTTPAPI/2.0
      strict-transport-security:
      - max-age=31536000; includeSubDomains
      transfer-encoding:
      - chunked
      vary:
      - Accept-Encoding
      x-content-type-options:
      - nosniff
      x-ms-arm-service-request-id:
      - 0ae824b1-41c3-4290-a534-7e1da71e5da3
    status:
      code: 200
      message: OK
- request:
    body: null
    headers:
      Accept:
      - '*/*'
      Accept-Encoding:
      - gzip, deflate
      CommandName:
      - network routeserver delete
      Connection:
      - keep-alive
      ParameterSetName:
      - -g -n -y
      User-Agent:
      - AZURECLI/2.25.0 azsdk-python-azure-mgmt-network/19.0.0 Python/3.8.10 (Windows-10-10.0.19043-SP0)
    method: GET
    uri: https://management.azure.com/subscriptions/00000000-0000-0000-0000-000000000000/providers/Microsoft.Network/locations/centraluseuap/operations/514a0e0f-9299-4eee-a0d7-9771eeb36ff6?api-version=2021-02-01
  response:
    body:
      string: "{\r\n  \"status\": \"Succeeded\"\r\n}"
    headers:
      cache-control:
      - no-cache
      content-length:
      - '29'
      content-type:
      - application/json; charset=utf-8
      date:
      - Wed, 30 Jun 2021 02:05:43 GMT
      expires:
      - '-1'
      pragma:
      - no-cache
      server:
      - Microsoft-HTTPAPI/2.0
      - Microsoft-HTTPAPI/2.0
      strict-transport-security:
      - max-age=31536000; includeSubDomains
      transfer-encoding:
      - chunked
      vary:
      - Accept-Encoding
      x-content-type-options:
      - nosniff
      x-ms-arm-service-request-id:
      - 96d970fc-8ed8-4ef8-a01a-6193423b0188
    status:
      code: 200
      message: OK
- request:
    body: null
    headers:
      Accept:
      - application/json
      Accept-Encoding:
      - gzip, deflate
      CommandName:
      - network routeserver delete
      Connection:
      - keep-alive
      Content-Length:
      - '0'
      ParameterSetName:
      - -g -n -y
      User-Agent:
      - AZURECLI/2.25.0 azsdk-python-azure-mgmt-network/19.0.0 Python/3.8.10 (Windows-10-10.0.19043-SP0)
    method: DELETE
    uri: https://management.azure.com/subscriptions/00000000-0000-0000-0000-000000000000/resourceGroups/cli_test_virtual_hub_router000001/providers/Microsoft.Network/virtualHubs/vrouter2?api-version=2021-02-01
  response:
    body:
      string: ''
    headers:
      azure-asyncnotification:
      - Enabled
      azure-asyncoperation:
      - https://management.azure.com/subscriptions/00000000-0000-0000-0000-000000000000/providers/Microsoft.Network/locations/centraluseuap/operations/4da8515d-91d7-49b4-8076-b6793cf98e34?api-version=2021-02-01
      cache-control:
      - no-cache
      content-length:
      - '0'
      date:
      - Wed, 30 Jun 2021 02:05:45 GMT
      expires:
      - '-1'
      location:
      - https://management.azure.com/subscriptions/00000000-0000-0000-0000-000000000000/providers/Microsoft.Network/locations/centraluseuap/operationResults/4da8515d-91d7-49b4-8076-b6793cf98e34?api-version=2021-02-01
      pragma:
      - no-cache
      server:
      - Microsoft-HTTPAPI/2.0
      - Microsoft-HTTPAPI/2.0
      strict-transport-security:
      - max-age=31536000; includeSubDomains
      x-content-type-options:
      - nosniff
      x-ms-arm-service-request-id:
      - 118db14d-576a-47d3-b141-598094be398e
      x-ms-ratelimit-remaining-subscription-deletes:
      - '14999'
    status:
      code: 202
      message: Accepted
- request:
    body: null
    headers:
      Accept:
      - '*/*'
      Accept-Encoding:
      - gzip, deflate
      CommandName:
      - network routeserver delete
      Connection:
      - keep-alive
      ParameterSetName:
      - -g -n -y
      User-Agent:
      - AZURECLI/2.25.0 azsdk-python-azure-mgmt-network/19.0.0 Python/3.8.10 (Windows-10-10.0.19043-SP0)
    method: GET
    uri: https://management.azure.com/subscriptions/00000000-0000-0000-0000-000000000000/providers/Microsoft.Network/locations/centraluseuap/operations/4da8515d-91d7-49b4-8076-b6793cf98e34?api-version=2021-02-01
  response:
    body:
      string: "{\r\n  \"status\": \"Succeeded\"\r\n}"
    headers:
      cache-control:
      - no-cache
      content-length:
      - '29'
      content-type:
      - application/json; charset=utf-8
      date:
      - Wed, 30 Jun 2021 02:05:56 GMT
      expires:
      - '-1'
      pragma:
      - no-cache
      server:
      - Microsoft-HTTPAPI/2.0
      - Microsoft-HTTPAPI/2.0
      strict-transport-security:
      - max-age=31536000; includeSubDomains
      transfer-encoding:
      - chunked
      vary:
      - Accept-Encoding
      x-content-type-options:
      - nosniff
      x-ms-arm-service-request-id:
      - 8dc92d7a-afde-4041-a6d2-388bca6ab4b5
    status:
      code: 200
      message: OK
version: 1
