interactions:
- request:
    body: '{"location": "centralus", "tags": {}, "properties": {"addressSpace": {"addressPrefixes":
      ["10.0.0.0/16"]}, "dhcpOptions": {}, "subnets": [{"name": "subnet1", "properties":
      {"addressPrefix": "10.0.0.0/24", "privateEndpointNetworkPolicies": "Enabled",
      "privateLinkServiceNetworkPolicies": "Enabled"}}]}}'
    headers:
      Accept:
      - application/json
      Accept-Encoding:
      - gzip, deflate
      CommandName:
      - network vnet create
      Connection:
      - keep-alive
      Content-Length:
      - '301'
      Content-Type:
      - application/json
      ParameterSetName:
      - -g -n --subnet-name -l
      User-Agent:
      - AZURECLI/2.23.0 azsdk-python-azure-mgmt-network/18.0.0 Python/3.7.3 (Windows-10-10.0.19041-SP0)
    method: PUT
    uri: https://management.azure.com/subscriptions/00000000-0000-0000-0000-000000000000/resourceGroups/cli_test_network_private_endpoints000001/providers/Microsoft.Network/virtualNetworks/vnet1?api-version=2021-02-01
  response:
    body:
      string: "{\r\n  \"name\": \"vnet1\",\r\n  \"id\": \"/subscriptions/00000000-0000-0000-0000-000000000000/resourceGroups/cli_test_network_private_endpoints000001/providers/Microsoft.Network/virtualNetworks/vnet1\",\r\n
        \ \"etag\": \"W/\\\"1d60feac-28ad-4eff-9809-25836550acc7\\\"\",\r\n  \"type\":
        \"Microsoft.Network/virtualNetworks\",\r\n  \"location\": \"centralus\",\r\n
        \ \"tags\": {},\r\n  \"properties\": {\r\n    \"provisioningState\": \"Updating\",\r\n
        \   \"resourceGuid\": \"f8056aaa-ff3e-47ab-9a28-3e4ede171b1e\",\r\n    \"addressSpace\":
        {\r\n      \"addressPrefixes\": [\r\n        \"10.0.0.0/16\"\r\n      ]\r\n
        \   },\r\n    \"dhcpOptions\": {\r\n      \"dnsServers\": []\r\n    },\r\n
        \   \"subnets\": [\r\n      {\r\n        \"name\": \"subnet1\",\r\n        \"id\":
        \"/subscriptions/00000000-0000-0000-0000-000000000000/resourceGroups/cli_test_network_private_endpoints000001/providers/Microsoft.Network/virtualNetworks/vnet1/subnets/subnet1\",\r\n
        \       \"etag\": \"W/\\\"1d60feac-28ad-4eff-9809-25836550acc7\\\"\",\r\n
        \       \"properties\": {\r\n          \"provisioningState\": \"Updating\",\r\n
        \         \"addressPrefix\": \"10.0.0.0/24\",\r\n          \"delegations\":
        [],\r\n          \"privateEndpointNetworkPolicies\": \"Enabled\",\r\n          \"privateLinkServiceNetworkPolicies\":
        \"Enabled\"\r\n        },\r\n        \"type\": \"Microsoft.Network/virtualNetworks/subnets\"\r\n
        \     }\r\n    ],\r\n    \"virtualNetworkPeerings\": [],\r\n    \"enableDdosProtection\":
        false\r\n  }\r\n}"
    headers:
      azure-asyncnotification:
      - Enabled
      azure-asyncoperation:
      - https://management.azure.com/subscriptions/00000000-0000-0000-0000-000000000000/providers/Microsoft.Network/locations/centralus/operations/b6064a39-ec54-4155-a1c4-476df0502999?api-version=2021-02-01
      cache-control:
      - no-cache
      content-length:
      - '1406'
      content-type:
      - application/json; charset=utf-8
      date:
      - Fri, 14 May 2021 05:36:58 GMT
      expires:
      - '-1'
      pragma:
      - no-cache
      server:
      - Microsoft-HTTPAPI/2.0
      - Microsoft-HTTPAPI/2.0
      strict-transport-security:
      - max-age=31536000; includeSubDomains
      x-content-type-options:
      - nosniff
      x-ms-arm-service-request-id:
      - df4a1b02-e367-4e16-ba2a-982aa5dd7585
      x-ms-ratelimit-remaining-subscription-writes:
      - '1199'
    status:
      code: 201
      message: Created
- request:
    body: null
    headers:
      Accept:
      - '*/*'
      Accept-Encoding:
      - gzip, deflate
      CommandName:
      - network vnet create
      Connection:
      - keep-alive
      ParameterSetName:
      - -g -n --subnet-name -l
      User-Agent:
      - AZURECLI/2.23.0 azsdk-python-azure-mgmt-network/18.0.0 Python/3.7.3 (Windows-10-10.0.19041-SP0)
    method: GET
    uri: https://management.azure.com/subscriptions/00000000-0000-0000-0000-000000000000/providers/Microsoft.Network/locations/centralus/operations/b6064a39-ec54-4155-a1c4-476df0502999?api-version=2021-02-01
  response:
    body:
      string: "{\r\n  \"status\": \"Succeeded\"\r\n}"
    headers:
      cache-control:
      - no-cache
      content-length:
      - '29'
      content-type:
      - application/json; charset=utf-8
      date:
      - Fri, 14 May 2021 05:37:02 GMT
      expires:
      - '-1'
      pragma:
      - no-cache
      server:
      - Microsoft-HTTPAPI/2.0
      - Microsoft-HTTPAPI/2.0
      strict-transport-security:
      - max-age=31536000; includeSubDomains
      transfer-encoding:
      - chunked
      vary:
      - Accept-Encoding
      x-content-type-options:
      - nosniff
      x-ms-arm-service-request-id:
      - 68c1b236-1316-4af1-8d3b-36134ca23a75
    status:
      code: 200
      message: OK
- request:
    body: null
    headers:
      Accept:
      - '*/*'
      Accept-Encoding:
      - gzip, deflate
      CommandName:
      - network vnet create
      Connection:
      - keep-alive
      ParameterSetName:
      - -g -n --subnet-name -l
      User-Agent:
      - AZURECLI/2.23.0 azsdk-python-azure-mgmt-network/18.0.0 Python/3.7.3 (Windows-10-10.0.19041-SP0)
    method: GET
    uri: https://management.azure.com/subscriptions/00000000-0000-0000-0000-000000000000/resourceGroups/cli_test_network_private_endpoints000001/providers/Microsoft.Network/virtualNetworks/vnet1?api-version=2021-02-01
  response:
    body:
      string: "{\r\n  \"name\": \"vnet1\",\r\n  \"id\": \"/subscriptions/00000000-0000-0000-0000-000000000000/resourceGroups/cli_test_network_private_endpoints000001/providers/Microsoft.Network/virtualNetworks/vnet1\",\r\n
        \ \"etag\": \"W/\\\"16de56f3-8e97-41be-a4eb-fa8da207b701\\\"\",\r\n  \"type\":
        \"Microsoft.Network/virtualNetworks\",\r\n  \"location\": \"centralus\",\r\n
        \ \"tags\": {},\r\n  \"properties\": {\r\n    \"provisioningState\": \"Succeeded\",\r\n
        \   \"resourceGuid\": \"f8056aaa-ff3e-47ab-9a28-3e4ede171b1e\",\r\n    \"addressSpace\":
        {\r\n      \"addressPrefixes\": [\r\n        \"10.0.0.0/16\"\r\n      ]\r\n
        \   },\r\n    \"dhcpOptions\": {\r\n      \"dnsServers\": []\r\n    },\r\n
        \   \"subnets\": [\r\n      {\r\n        \"name\": \"subnet1\",\r\n        \"id\":
        \"/subscriptions/00000000-0000-0000-0000-000000000000/resourceGroups/cli_test_network_private_endpoints000001/providers/Microsoft.Network/virtualNetworks/vnet1/subnets/subnet1\",\r\n
        \       \"etag\": \"W/\\\"16de56f3-8e97-41be-a4eb-fa8da207b701\\\"\",\r\n
        \       \"properties\": {\r\n          \"provisioningState\": \"Succeeded\",\r\n
        \         \"addressPrefix\": \"10.0.0.0/24\",\r\n          \"delegations\":
        [],\r\n          \"privateEndpointNetworkPolicies\": \"Enabled\",\r\n          \"privateLinkServiceNetworkPolicies\":
        \"Enabled\"\r\n        },\r\n        \"type\": \"Microsoft.Network/virtualNetworks/subnets\"\r\n
        \     }\r\n    ],\r\n    \"virtualNetworkPeerings\": [],\r\n    \"enableDdosProtection\":
        false\r\n  }\r\n}"
    headers:
      cache-control:
      - no-cache
      content-length:
      - '1408'
      content-type:
      - application/json; charset=utf-8
      date:
      - Fri, 14 May 2021 05:37:02 GMT
      etag:
      - W/"16de56f3-8e97-41be-a4eb-fa8da207b701"
      expires:
      - '-1'
      pragma:
      - no-cache
      server:
      - Microsoft-HTTPAPI/2.0
      - Microsoft-HTTPAPI/2.0
      strict-transport-security:
      - max-age=31536000; includeSubDomains
      transfer-encoding:
      - chunked
      vary:
      - Accept-Encoding
      x-content-type-options:
      - nosniff
      x-ms-arm-service-request-id:
      - 83dfa768-e697-41d4-846f-0c8c88bc4e50
    status:
      code: 200
      message: OK
- request:
    body: null
    headers:
      Accept:
      - application/json
      Accept-Encoding:
      - gzip, deflate
      CommandName:
      - network lb create
      Connection:
      - keep-alive
      ParameterSetName:
      - -g -l -n --public-ip-address --sku
      User-Agent:
      - AZURECLI/2.23.0 azsdk-python-azure-mgmt-resource/16.1.0 Python/3.7.3 (Windows-10-10.0.19041-SP0)
    method: GET
    uri: https://management.azure.com/subscriptions/00000000-0000-0000-0000-000000000000/resources?$filter=resourceGroup%20eq%20%27cli_test_network_private_endpoints000001%27%20and%20name%20eq%20%27pubip1%27%20and%20resourceType%20eq%20%27Microsoft.Network%2FpublicIPAddresses%27&api-version=2020-10-01
  response:
    body:
      string: '{"value":[]}'
    headers:
      cache-control:
      - no-cache
      content-length:
      - '12'
      content-type:
      - application/json; charset=utf-8
      date:
      - Fri, 14 May 2021 05:37:02 GMT
      expires:
      - '-1'
      pragma:
      - no-cache
      strict-transport-security:
      - max-age=31536000; includeSubDomains
      vary:
      - Accept-Encoding
      x-content-type-options:
      - nosniff
    status:
      code: 200
      message: OK
- request:
    body: '{"properties": {"template": {"$schema": "https://schema.management.azure.com/schemas/2015-01-01/deploymentTemplate.json#",
      "contentVersion": "1.0.0.0", "parameters": {}, "variables": {}, "resources":
      [{"apiVersion": "2021-02-01", "type": "Microsoft.Network/publicIPAddresses",
      "name": "pubip1", "location": "centralus", "tags": {}, "dependsOn": [], "properties":
      {"publicIPAllocationMethod": "Static"}, "sku": {"name": "Standard"}}, {"type":
      "Microsoft.Network/loadBalancers", "name": "lb1", "location": "centralus", "tags":
      {}, "apiVersion": "2021-02-01", "dependsOn": ["Microsoft.Network/publicIpAddresses/pubip1"],
      "properties": {"backendAddressPools": [{"name": "lb1bepool"}], "frontendIPConfigurations":
      [{"name": "LoadBalancerFrontEnd", "properties": {"publicIPAddress": {"id": "/subscriptions/00000000-0000-0000-0000-000000000000/resourceGroups/cli_test_network_private_endpoints000001/providers/Microsoft.Network/publicIPAddresses/pubip1"},
      "privateIPAddressVersion": "IPv4"}}]}, "sku": {"name": "Standard"}}], "outputs":
      {"loadBalancer": {"type": "object", "value": "[reference(''lb1'')]"}}}, "parameters":
      {}, "mode": "incremental"}}'
    headers:
      Accept:
      - application/json
      Accept-Encoding:
      - gzip, deflate
      CommandName:
      - network lb create
      Connection:
      - keep-alive
      Content-Length:
      - '1176'
      Content-Type:
      - application/json
      ParameterSetName:
      - -g -l -n --public-ip-address --sku
      User-Agent:
      - AZURECLI/2.23.0 azsdk-python-azure-mgmt-resource/16.1.0 Python/3.7.3 (Windows-10-10.0.19041-SP0)
    method: PUT
    uri: https://management.azure.com/subscriptions/00000000-0000-0000-0000-000000000000/resourcegroups/cli_test_network_private_endpoints000001/providers/Microsoft.Resources/deployments/mock-deployment?api-version=2020-10-01
  response:
    body:
      string: '{"id":"/subscriptions/00000000-0000-0000-0000-000000000000/resourceGroups/cli_test_network_private_endpoints000001/providers/Microsoft.Resources/deployments/lb_deploy_Gzpe44T1N5QroxbImTOpxYA8yaPmouru","name":"lb_deploy_Gzpe44T1N5QroxbImTOpxYA8yaPmouru","type":"Microsoft.Resources/deployments","properties":{"templateHash":"13686559241238565634","parameters":{},"mode":"Incremental","provisioningState":"Accepted","timestamp":"2021-05-14T05:37:07.2176218Z","duration":"PT2.1033322S","correlationId":"3c77026b-708f-4a77-9389-710dad25b081","providers":[{"namespace":"Microsoft.Network","resourceTypes":[{"resourceType":"publicIPAddresses","locations":["centralus"]},{"resourceType":"loadBalancers","locations":["centralus"]}]}],"dependencies":[{"dependsOn":[{"id":"/subscriptions/00000000-0000-0000-0000-000000000000/resourceGroups/cli_test_network_private_endpoints000001/providers/Microsoft.Network/publicIPAddresses/pubip1","resourceType":"Microsoft.Network/publicIPAddresses","resourceName":"pubip1"}],"id":"/subscriptions/00000000-0000-0000-0000-000000000000/resourceGroups/cli_test_network_private_endpoints000001/providers/Microsoft.Network/loadBalancers/lb1","resourceType":"Microsoft.Network/loadBalancers","resourceName":"lb1"}]}}'
    headers:
      azure-asyncoperation:
      - https://management.azure.com/subscriptions/00000000-0000-0000-0000-000000000000/resourcegroups/cli_test_network_private_endpoints000001/providers/Microsoft.Resources/deployments/lb_deploy_Gzpe44T1N5QroxbImTOpxYA8yaPmouru/operationStatuses/08585806362603633292?api-version=2020-10-01
      cache-control:
      - no-cache
      content-length:
      - '1343'
      content-type:
      - application/json; charset=utf-8
      date:
      - Fri, 14 May 2021 05:37:07 GMT
      expires:
      - '-1'
      pragma:
      - no-cache
      strict-transport-security:
      - max-age=31536000; includeSubDomains
      x-content-type-options:
      - nosniff
      x-ms-ratelimit-remaining-subscription-writes:
      - '1196'
    status:
      code: 201
      message: Created
- request:
    body: null
    headers:
      Accept:
      - '*/*'
      Accept-Encoding:
      - gzip, deflate
      CommandName:
      - network lb create
      Connection:
      - keep-alive
      ParameterSetName:
      - -g -l -n --public-ip-address --sku
      User-Agent:
      - AZURECLI/2.23.0 azsdk-python-azure-mgmt-resource/16.1.0 Python/3.7.3 (Windows-10-10.0.19041-SP0)
    method: GET
    uri: https://management.azure.com/subscriptions/00000000-0000-0000-0000-000000000000/resourcegroups/cli_test_network_private_endpoints000001/providers/Microsoft.Resources/deployments/mock-deployment/operationStatuses/08585806362603633292?api-version=2020-10-01
  response:
    body:
      string: '{"status":"Succeeded"}'
    headers:
      cache-control:
      - no-cache
      content-length:
      - '22'
      content-type:
      - application/json; charset=utf-8
      date:
      - Fri, 14 May 2021 05:37:38 GMT
      expires:
      - '-1'
      pragma:
      - no-cache
      strict-transport-security:
      - max-age=31536000; includeSubDomains
      vary:
      - Accept-Encoding
      x-content-type-options:
      - nosniff
    status:
      code: 200
      message: OK
- request:
    body: null
    headers:
      Accept:
      - '*/*'
      Accept-Encoding:
      - gzip, deflate
      CommandName:
      - network lb create
      Connection:
      - keep-alive
      ParameterSetName:
      - -g -l -n --public-ip-address --sku
      User-Agent:
      - AZURECLI/2.23.0 azsdk-python-azure-mgmt-resource/16.1.0 Python/3.7.3 (Windows-10-10.0.19041-SP0)
    method: GET
    uri: https://management.azure.com/subscriptions/00000000-0000-0000-0000-000000000000/resourcegroups/cli_test_network_private_endpoints000001/providers/Microsoft.Resources/deployments/mock-deployment?api-version=2020-10-01
  response:
    body:
      string: '{"id":"/subscriptions/00000000-0000-0000-0000-000000000000/resourceGroups/cli_test_network_private_endpoints000001/providers/Microsoft.Resources/deployments/lb_deploy_Gzpe44T1N5QroxbImTOpxYA8yaPmouru","name":"lb_deploy_Gzpe44T1N5QroxbImTOpxYA8yaPmouru","type":"Microsoft.Resources/deployments","properties":{"templateHash":"13686559241238565634","parameters":{},"mode":"Incremental","provisioningState":"Succeeded","timestamp":"2021-05-14T05:37:21.0362685Z","duration":"PT15.9219789S","correlationId":"3c77026b-708f-4a77-9389-710dad25b081","providers":[{"namespace":"Microsoft.Network","resourceTypes":[{"resourceType":"publicIPAddresses","locations":["centralus"]},{"resourceType":"loadBalancers","locations":["centralus"]}]}],"dependencies":[{"dependsOn":[{"id":"/subscriptions/00000000-0000-0000-0000-000000000000/resourceGroups/cli_test_network_private_endpoints000001/providers/Microsoft.Network/publicIPAddresses/pubip1","resourceType":"Microsoft.Network/publicIPAddresses","resourceName":"pubip1"}],"id":"/subscriptions/00000000-0000-0000-0000-000000000000/resourceGroups/cli_test_network_private_endpoints000001/providers/Microsoft.Network/loadBalancers/lb1","resourceType":"Microsoft.Network/loadBalancers","resourceName":"lb1"}],"outputs":{"loadBalancer":{"type":"Object","value":{"provisioningState":"Succeeded","resourceGuid":"69c11758-d72d-457d-9dc1-1968cecda500","frontendIPConfigurations":[{"name":"LoadBalancerFrontEnd","id":"/subscriptions/00000000-0000-0000-0000-000000000000/resourceGroups/cli_test_network_private_endpoints000001/providers/Microsoft.Network/loadBalancers/lb1/frontendIPConfigurations/LoadBalancerFrontEnd","etag":"W/\"36b3eedd-f246-44f3-815e-9ffc4e107a47\"","type":"Microsoft.Network/loadBalancers/frontendIPConfigurations","properties":{"provisioningState":"Succeeded","privateIPAllocationMethod":"Dynamic","publicIPAddress":{"id":"/subscriptions/00000000-0000-0000-0000-000000000000/resourceGroups/cli_test_network_private_endpoints000001/providers/Microsoft.Network/publicIPAddresses/pubip1"},"privateIPAddressVersion":"IPv4"}}],"backendAddressPools":[{"name":"lb1bepool","id":"/subscriptions/00000000-0000-0000-0000-000000000000/resourceGroups/cli_test_network_private_endpoints000001/providers/Microsoft.Network/loadBalancers/lb1/backendAddressPools/lb1bepool","etag":"W/\"36b3eedd-f246-44f3-815e-9ffc4e107a47\"","properties":{"provisioningState":"Succeeded","loadBalancerBackendAddresses":[]},"type":"Microsoft.Network/loadBalancers/backendAddressPools"}],"loadBalancingRules":[],"probes":[],"inboundNatRules":[],"outboundRules":[],"inboundNatPools":[]}}},"outputResources":[{"id":"/subscriptions/00000000-0000-0000-0000-000000000000/resourceGroups/cli_test_network_private_endpoints000001/providers/Microsoft.Network/loadBalancers/lb1"},{"id":"/subscriptions/00000000-0000-0000-0000-000000000000/resourceGroups/cli_test_network_private_endpoints000001/providers/Microsoft.Network/publicIPAddresses/pubip1"}]}}'
    headers:
      cache-control:
      - no-cache
      content-length:
      - '3233'
      content-type:
      - application/json; charset=utf-8
      date:
      - Fri, 14 May 2021 05:37:39 GMT
      expires:
      - '-1'
      pragma:
      - no-cache
      strict-transport-security:
      - max-age=31536000; includeSubDomains
      vary:
      - Accept-Encoding
      x-content-type-options:
      - nosniff
    status:
      code: 200
      message: OK
- request:
    body: null
    headers:
      Accept:
      - application/json
      Accept-Encoding:
      - gzip, deflate
      CommandName:
      - network vnet subnet update
      Connection:
      - keep-alive
      ParameterSetName:
      - -g -n --vnet-name --disable-private-link-service-network-policies
      User-Agent:
      - AZURECLI/2.23.0 azsdk-python-azure-mgmt-network/18.0.0 Python/3.7.3 (Windows-10-10.0.19041-SP0)
    method: GET
    uri: https://management.azure.com/subscriptions/00000000-0000-0000-0000-000000000000/resourceGroups/cli_test_network_private_endpoints000001/providers/Microsoft.Network/virtualNetworks/vnet1/subnets/subnet1?api-version=2021-02-01
  response:
    body:
      string: "{\r\n  \"name\": \"subnet1\",\r\n  \"id\": \"/subscriptions/00000000-0000-0000-0000-000000000000/resourceGroups/cli_test_network_private_endpoints000001/providers/Microsoft.Network/virtualNetworks/vnet1/subnets/subnet1\",\r\n
        \ \"etag\": \"W/\\\"16de56f3-8e97-41be-a4eb-fa8da207b701\\\"\",\r\n  \"properties\":
        {\r\n    \"provisioningState\": \"Succeeded\",\r\n    \"addressPrefix\": \"10.0.0.0/24\",\r\n
        \   \"delegations\": [],\r\n    \"privateEndpointNetworkPolicies\": \"Enabled\",\r\n
        \   \"privateLinkServiceNetworkPolicies\": \"Enabled\"\r\n  },\r\n  \"type\":
        \"Microsoft.Network/virtualNetworks/subnets\"\r\n}"
    headers:
      cache-control:
      - no-cache
      content-length:
      - '586'
      content-type:
      - application/json; charset=utf-8
      date:
      - Fri, 14 May 2021 05:37:40 GMT
      etag:
      - W/"16de56f3-8e97-41be-a4eb-fa8da207b701"
      expires:
      - '-1'
      pragma:
      - no-cache
      server:
      - Microsoft-HTTPAPI/2.0
      - Microsoft-HTTPAPI/2.0
      strict-transport-security:
      - max-age=31536000; includeSubDomains
      transfer-encoding:
      - chunked
      vary:
      - Accept-Encoding
      x-content-type-options:
      - nosniff
      x-ms-arm-service-request-id:
      - 2fd3011f-ac82-44b5-a6e9-a07a01239b14
    status:
      code: 200
      message: OK
- request:
    body: '{"id": "/subscriptions/00000000-0000-0000-0000-000000000000/resourceGroups/cli_test_network_private_endpoints000001/providers/Microsoft.Network/virtualNetworks/vnet1/subnets/subnet1",
      "name": "subnet1", "type": "Microsoft.Network/virtualNetworks/subnets", "properties":
      {"addressPrefix": "10.0.0.0/24", "delegations": [], "privateEndpointNetworkPolicies":
      "Enabled", "privateLinkServiceNetworkPolicies": "Disabled"}}'
    headers:
      Accept:
      - application/json
      Accept-Encoding:
      - gzip, deflate
      CommandName:
      - network vnet subnet update
      Connection:
      - keep-alive
      Content-Length:
      - '451'
      Content-Type:
      - application/json
      ParameterSetName:
      - -g -n --vnet-name --disable-private-link-service-network-policies
      User-Agent:
      - AZURECLI/2.23.0 azsdk-python-azure-mgmt-network/18.0.0 Python/3.7.3 (Windows-10-10.0.19041-SP0)
    method: PUT
    uri: https://management.azure.com/subscriptions/00000000-0000-0000-0000-000000000000/resourceGroups/cli_test_network_private_endpoints000001/providers/Microsoft.Network/virtualNetworks/vnet1/subnets/subnet1?api-version=2021-02-01
  response:
    body:
      string: "{\r\n  \"name\": \"subnet1\",\r\n  \"id\": \"/subscriptions/00000000-0000-0000-0000-000000000000/resourceGroups/cli_test_network_private_endpoints000001/providers/Microsoft.Network/virtualNetworks/vnet1/subnets/subnet1\",\r\n
        \ \"etag\": \"W/\\\"00fd5883-8aee-4295-b511-9a67f59b7e26\\\"\",\r\n  \"properties\":
        {\r\n    \"provisioningState\": \"Updating\",\r\n    \"addressPrefix\": \"10.0.0.0/24\",\r\n
        \   \"delegations\": [],\r\n    \"privateEndpointNetworkPolicies\": \"Enabled\",\r\n
        \   \"privateLinkServiceNetworkPolicies\": \"Disabled\"\r\n  },\r\n  \"type\":
        \"Microsoft.Network/virtualNetworks/subnets\"\r\n}"
    headers:
      azure-asyncoperation:
      - https://management.azure.com/subscriptions/00000000-0000-0000-0000-000000000000/providers/Microsoft.Network/locations/centralus/operations/bdb5e6e9-3f4e-439a-ab4c-f9438576aadf?api-version=2021-02-01
      cache-control:
      - no-cache
      content-length:
      - '586'
      content-type:
      - application/json; charset=utf-8
      date:
      - Fri, 14 May 2021 05:37:41 GMT
      expires:
      - '-1'
      pragma:
      - no-cache
      server:
      - Microsoft-HTTPAPI/2.0
      - Microsoft-HTTPAPI/2.0
      strict-transport-security:
      - max-age=31536000; includeSubDomains
      transfer-encoding:
      - chunked
      vary:
      - Accept-Encoding
      x-content-type-options:
      - nosniff
      x-ms-arm-service-request-id:
      - 8b4ed1b7-9468-4290-9ddb-d160b2f6d3da
      x-ms-ratelimit-remaining-subscription-writes:
      - '1197'
    status:
      code: 200
      message: OK
- request:
    body: null
    headers:
      Accept:
      - '*/*'
      Accept-Encoding:
      - gzip, deflate
      CommandName:
      - network vnet subnet update
      Connection:
      - keep-alive
      ParameterSetName:
      - -g -n --vnet-name --disable-private-link-service-network-policies
      User-Agent:
      - AZURECLI/2.23.0 azsdk-python-azure-mgmt-network/18.0.0 Python/3.7.3 (Windows-10-10.0.19041-SP0)
    method: GET
    uri: https://management.azure.com/subscriptions/00000000-0000-0000-0000-000000000000/providers/Microsoft.Network/locations/centralus/operations/bdb5e6e9-3f4e-439a-ab4c-f9438576aadf?api-version=2021-02-01
  response:
    body:
      string: "{\r\n  \"status\": \"Succeeded\"\r\n}"
    headers:
      cache-control:
      - no-cache
      content-length:
      - '29'
      content-type:
      - application/json; charset=utf-8
      date:
      - Fri, 14 May 2021 05:37:44 GMT
      expires:
      - '-1'
      pragma:
      - no-cache
      server:
      - Microsoft-HTTPAPI/2.0
      - Microsoft-HTTPAPI/2.0
      strict-transport-security:
      - max-age=31536000; includeSubDomains
      transfer-encoding:
      - chunked
      vary:
      - Accept-Encoding
      x-content-type-options:
      - nosniff
      x-ms-arm-service-request-id:
      - 35c72abc-ee08-49bb-a107-e23ea3ca8145
    status:
      code: 200
      message: OK
- request:
    body: null
    headers:
      Accept:
      - '*/*'
      Accept-Encoding:
      - gzip, deflate
      CommandName:
      - network vnet subnet update
      Connection:
      - keep-alive
      ParameterSetName:
      - -g -n --vnet-name --disable-private-link-service-network-policies
      User-Agent:
      - AZURECLI/2.23.0 azsdk-python-azure-mgmt-network/18.0.0 Python/3.7.3 (Windows-10-10.0.19041-SP0)
    method: GET
    uri: https://management.azure.com/subscriptions/00000000-0000-0000-0000-000000000000/resourceGroups/cli_test_network_private_endpoints000001/providers/Microsoft.Network/virtualNetworks/vnet1/subnets/subnet1?api-version=2021-02-01
  response:
    body:
      string: "{\r\n  \"name\": \"subnet1\",\r\n  \"id\": \"/subscriptions/00000000-0000-0000-0000-000000000000/resourceGroups/cli_test_network_private_endpoints000001/providers/Microsoft.Network/virtualNetworks/vnet1/subnets/subnet1\",\r\n
        \ \"etag\": \"W/\\\"c598e794-0c4e-4d94-9c2f-d63d2895013c\\\"\",\r\n  \"properties\":
        {\r\n    \"provisioningState\": \"Succeeded\",\r\n    \"addressPrefix\": \"10.0.0.0/24\",\r\n
        \   \"delegations\": [],\r\n    \"privateEndpointNetworkPolicies\": \"Enabled\",\r\n
        \   \"privateLinkServiceNetworkPolicies\": \"Disabled\"\r\n  },\r\n  \"type\":
        \"Microsoft.Network/virtualNetworks/subnets\"\r\n}"
    headers:
      cache-control:
      - no-cache
      content-length:
      - '587'
      content-type:
      - application/json; charset=utf-8
      date:
      - Fri, 14 May 2021 05:37:44 GMT
      etag:
      - W/"c598e794-0c4e-4d94-9c2f-d63d2895013c"
      expires:
      - '-1'
      pragma:
      - no-cache
      server:
      - Microsoft-HTTPAPI/2.0
      - Microsoft-HTTPAPI/2.0
      strict-transport-security:
      - max-age=31536000; includeSubDomains
      transfer-encoding:
      - chunked
      vary:
      - Accept-Encoding
      x-content-type-options:
      - nosniff
      x-ms-arm-service-request-id:
      - d4c26b9d-6c27-4423-bdf7-0b93fd4938ab
    status:
      code: 200
      message: OK
- request:
    body: null
    headers:
      Accept:
      - application/json
      Accept-Encoding:
      - gzip, deflate
      CommandName:
      - network vnet subnet create
      Connection:
      - keep-alive
      ParameterSetName:
      - -g -n --vnet-name --address-prefixes
      User-Agent:
      - AZURECLI/2.23.0 azsdk-python-azure-mgmt-network/18.0.0 Python/3.7.3 (Windows-10-10.0.19041-SP0)
    method: GET
    uri: https://management.azure.com/subscriptions/00000000-0000-0000-0000-000000000000/resourceGroups/cli_test_network_private_endpoints000001/providers/Microsoft.Network/virtualNetworks/vnet1?api-version=2021-02-01
  response:
    body:
      string: "{\r\n  \"name\": \"vnet1\",\r\n  \"id\": \"/subscriptions/00000000-0000-0000-0000-000000000000/resourceGroups/cli_test_network_private_endpoints000001/providers/Microsoft.Network/virtualNetworks/vnet1\",\r\n
        \ \"etag\": \"W/\\\"c598e794-0c4e-4d94-9c2f-d63d2895013c\\\"\",\r\n  \"type\":
        \"Microsoft.Network/virtualNetworks\",\r\n  \"location\": \"centralus\",\r\n
        \ \"tags\": {},\r\n  \"properties\": {\r\n    \"provisioningState\": \"Succeeded\",\r\n
        \   \"resourceGuid\": \"f8056aaa-ff3e-47ab-9a28-3e4ede171b1e\",\r\n    \"addressSpace\":
        {\r\n      \"addressPrefixes\": [\r\n        \"10.0.0.0/16\"\r\n      ]\r\n
        \   },\r\n    \"dhcpOptions\": {\r\n      \"dnsServers\": []\r\n    },\r\n
        \   \"subnets\": [\r\n      {\r\n        \"name\": \"subnet1\",\r\n        \"id\":
        \"/subscriptions/00000000-0000-0000-0000-000000000000/resourceGroups/cli_test_network_private_endpoints000001/providers/Microsoft.Network/virtualNetworks/vnet1/subnets/subnet1\",\r\n
        \       \"etag\": \"W/\\\"c598e794-0c4e-4d94-9c2f-d63d2895013c\\\"\",\r\n
        \       \"properties\": {\r\n          \"provisioningState\": \"Succeeded\",\r\n
        \         \"addressPrefix\": \"10.0.0.0/24\",\r\n          \"delegations\":
        [],\r\n          \"privateEndpointNetworkPolicies\": \"Enabled\",\r\n          \"privateLinkServiceNetworkPolicies\":
        \"Disabled\"\r\n        },\r\n        \"type\": \"Microsoft.Network/virtualNetworks/subnets\"\r\n
        \     }\r\n    ],\r\n    \"virtualNetworkPeerings\": [],\r\n    \"enableDdosProtection\":
        false\r\n  }\r\n}"
    headers:
      cache-control:
      - no-cache
      content-length:
      - '1409'
      content-type:
      - application/json; charset=utf-8
      date:
      - Fri, 14 May 2021 05:37:45 GMT
      etag:
      - W/"c598e794-0c4e-4d94-9c2f-d63d2895013c"
      expires:
      - '-1'
      pragma:
      - no-cache
      server:
      - Microsoft-HTTPAPI/2.0
      - Microsoft-HTTPAPI/2.0
      strict-transport-security:
      - max-age=31536000; includeSubDomains
      transfer-encoding:
      - chunked
      vary:
      - Accept-Encoding
      x-content-type-options:
      - nosniff
      x-ms-arm-service-request-id:
      - add6acca-0589-4d3b-a9b5-2b010835d63f
    status:
      code: 200
      message: OK
- request:
    body: '{"id": "/subscriptions/00000000-0000-0000-0000-000000000000/resourceGroups/cli_test_network_private_endpoints000001/providers/Microsoft.Network/virtualNetworks/vnet1",
      "location": "centralus", "tags": {}, "properties": {"addressSpace": {"addressPrefixes":
      ["10.0.0.0/16"]}, "dhcpOptions": {"dnsServers": []}, "subnets": [{"id": "/subscriptions/00000000-0000-0000-0000-000000000000/resourceGroups/cli_test_network_private_endpoints000001/providers/Microsoft.Network/virtualNetworks/vnet1/subnets/subnet1",
      "name": "subnet1", "type": "Microsoft.Network/virtualNetworks/subnets", "properties":
      {"addressPrefix": "10.0.0.0/24", "delegations": [], "privateEndpointNetworkPolicies":
      "Enabled", "privateLinkServiceNetworkPolicies": "Disabled"}}, {"name": "subnet2",
      "properties": {"addressPrefix": "10.0.2.0/24", "privateEndpointNetworkPolicies":
      "Enabled", "privateLinkServiceNetworkPolicies": "Enabled"}}], "virtualNetworkPeerings":
      [], "enableDdosProtection": false}}'
    headers:
      Accept:
      - application/json
      Accept-Encoding:
      - gzip, deflate
      CommandName:
      - network vnet subnet create
      Connection:
      - keep-alive
      Content-Length:
      - '1033'
      Content-Type:
      - application/json
      ParameterSetName:
      - -g -n --vnet-name --address-prefixes
      User-Agent:
      - AZURECLI/2.23.0 azsdk-python-azure-mgmt-network/18.0.0 Python/3.7.3 (Windows-10-10.0.19041-SP0)
    method: PUT
    uri: https://management.azure.com/subscriptions/00000000-0000-0000-0000-000000000000/resourceGroups/cli_test_network_private_endpoints000001/providers/Microsoft.Network/virtualNetworks/vnet1?api-version=2021-02-01
  response:
    body:
      string: "{\r\n  \"name\": \"vnet1\",\r\n  \"id\": \"/subscriptions/00000000-0000-0000-0000-000000000000/resourceGroups/cli_test_network_private_endpoints000001/providers/Microsoft.Network/virtualNetworks/vnet1\",\r\n
        \ \"etag\": \"W/\\\"d2fc06ff-d827-4b46-88be-b0c99382889f\\\"\",\r\n  \"type\":
        \"Microsoft.Network/virtualNetworks\",\r\n  \"location\": \"centralus\",\r\n
        \ \"tags\": {},\r\n  \"properties\": {\r\n    \"provisioningState\": \"Updating\",\r\n
        \   \"resourceGuid\": \"f8056aaa-ff3e-47ab-9a28-3e4ede171b1e\",\r\n    \"addressSpace\":
        {\r\n      \"addressPrefixes\": [\r\n        \"10.0.0.0/16\"\r\n      ]\r\n
        \   },\r\n    \"dhcpOptions\": {\r\n      \"dnsServers\": []\r\n    },\r\n
        \   \"subnets\": [\r\n      {\r\n        \"name\": \"subnet1\",\r\n        \"id\":
        \"/subscriptions/00000000-0000-0000-0000-000000000000/resourceGroups/cli_test_network_private_endpoints000001/providers/Microsoft.Network/virtualNetworks/vnet1/subnets/subnet1\",\r\n
        \       \"etag\": \"W/\\\"d2fc06ff-d827-4b46-88be-b0c99382889f\\\"\",\r\n
        \       \"properties\": {\r\n          \"provisioningState\": \"Updating\",\r\n
        \         \"addressPrefix\": \"10.0.0.0/24\",\r\n          \"delegations\":
        [],\r\n          \"privateEndpointNetworkPolicies\": \"Enabled\",\r\n          \"privateLinkServiceNetworkPolicies\":
        \"Disabled\"\r\n        },\r\n        \"type\": \"Microsoft.Network/virtualNetworks/subnets\"\r\n
        \     },\r\n      {\r\n        \"name\": \"subnet2\",\r\n        \"id\": \"/subscriptions/00000000-0000-0000-0000-000000000000/resourceGroups/cli_test_network_private_endpoints000001/providers/Microsoft.Network/virtualNetworks/vnet1/subnets/subnet2\",\r\n
        \       \"etag\": \"W/\\\"d2fc06ff-d827-4b46-88be-b0c99382889f\\\"\",\r\n
        \       \"properties\": {\r\n          \"provisioningState\": \"Updating\",\r\n
        \         \"addressPrefix\": \"10.0.2.0/24\",\r\n          \"delegations\":
        [],\r\n          \"privateEndpointNetworkPolicies\": \"Enabled\",\r\n          \"privateLinkServiceNetworkPolicies\":
        \"Enabled\"\r\n        },\r\n        \"type\": \"Microsoft.Network/virtualNetworks/subnets\"\r\n
        \     }\r\n    ],\r\n    \"virtualNetworkPeerings\": [],\r\n    \"enableDdosProtection\":
        false\r\n  }\r\n}"
    headers:
      azure-asyncoperation:
      - https://management.azure.com/subscriptions/00000000-0000-0000-0000-000000000000/providers/Microsoft.Network/locations/centralus/operations/c29e9768-dfdd-4ab6-bf44-7b3c5a0a6024?api-version=2021-02-01
      cache-control:
      - no-cache
      content-length:
      - '2073'
      content-type:
      - application/json; charset=utf-8
      date:
      - Fri, 14 May 2021 05:37:46 GMT
      expires:
      - '-1'
      pragma:
      - no-cache
      server:
      - Microsoft-HTTPAPI/2.0
      - Microsoft-HTTPAPI/2.0
      strict-transport-security:
      - max-age=31536000; includeSubDomains
      transfer-encoding:
      - chunked
      vary:
      - Accept-Encoding
      x-content-type-options:
      - nosniff
      x-ms-arm-service-request-id:
      - 840e8a57-b3ae-4498-88bc-7bdeb40c7949
      x-ms-ratelimit-remaining-subscription-writes:
      - '1198'
    status:
      code: 200
      message: OK
- request:
    body: null
    headers:
      Accept:
      - '*/*'
      Accept-Encoding:
      - gzip, deflate
      CommandName:
      - network vnet subnet create
      Connection:
      - keep-alive
      ParameterSetName:
      - -g -n --vnet-name --address-prefixes
      User-Agent:
      - AZURECLI/2.23.0 azsdk-python-azure-mgmt-network/18.0.0 Python/3.7.3 (Windows-10-10.0.19041-SP0)
    method: GET
    uri: https://management.azure.com/subscriptions/00000000-0000-0000-0000-000000000000/providers/Microsoft.Network/locations/centralus/operations/c29e9768-dfdd-4ab6-bf44-7b3c5a0a6024?api-version=2021-02-01
  response:
    body:
      string: "{\r\n  \"status\": \"Succeeded\"\r\n}"
    headers:
      cache-control:
      - no-cache
      content-length:
      - '29'
      content-type:
      - application/json; charset=utf-8
      date:
      - Fri, 14 May 2021 05:37:49 GMT
      expires:
      - '-1'
      pragma:
      - no-cache
      server:
      - Microsoft-HTTPAPI/2.0
      - Microsoft-HTTPAPI/2.0
      strict-transport-security:
      - max-age=31536000; includeSubDomains
      transfer-encoding:
      - chunked
      vary:
      - Accept-Encoding
      x-content-type-options:
      - nosniff
      x-ms-arm-service-request-id:
      - f467f3bc-26d5-4576-9de1-4426449fcdcc
    status:
      code: 200
      message: OK
- request:
    body: null
    headers:
      Accept:
      - '*/*'
      Accept-Encoding:
      - gzip, deflate
      CommandName:
      - network vnet subnet create
      Connection:
      - keep-alive
      ParameterSetName:
      - -g -n --vnet-name --address-prefixes
      User-Agent:
      - AZURECLI/2.23.0 azsdk-python-azure-mgmt-network/18.0.0 Python/3.7.3 (Windows-10-10.0.19041-SP0)
    method: GET
    uri: https://management.azure.com/subscriptions/00000000-0000-0000-0000-000000000000/resourceGroups/cli_test_network_private_endpoints000001/providers/Microsoft.Network/virtualNetworks/vnet1?api-version=2021-02-01
  response:
    body:
      string: "{\r\n  \"name\": \"vnet1\",\r\n  \"id\": \"/subscriptions/00000000-0000-0000-0000-000000000000/resourceGroups/cli_test_network_private_endpoints000001/providers/Microsoft.Network/virtualNetworks/vnet1\",\r\n
        \ \"etag\": \"W/\\\"04c0f559-3a88-4f7c-a632-e64aa625992b\\\"\",\r\n  \"type\":
        \"Microsoft.Network/virtualNetworks\",\r\n  \"location\": \"centralus\",\r\n
        \ \"tags\": {},\r\n  \"properties\": {\r\n    \"provisioningState\": \"Succeeded\",\r\n
        \   \"resourceGuid\": \"f8056aaa-ff3e-47ab-9a28-3e4ede171b1e\",\r\n    \"addressSpace\":
        {\r\n      \"addressPrefixes\": [\r\n        \"10.0.0.0/16\"\r\n      ]\r\n
        \   },\r\n    \"dhcpOptions\": {\r\n      \"dnsServers\": []\r\n    },\r\n
        \   \"subnets\": [\r\n      {\r\n        \"name\": \"subnet1\",\r\n        \"id\":
        \"/subscriptions/00000000-0000-0000-0000-000000000000/resourceGroups/cli_test_network_private_endpoints000001/providers/Microsoft.Network/virtualNetworks/vnet1/subnets/subnet1\",\r\n
        \       \"etag\": \"W/\\\"04c0f559-3a88-4f7c-a632-e64aa625992b\\\"\",\r\n
        \       \"properties\": {\r\n          \"provisioningState\": \"Succeeded\",\r\n
        \         \"addressPrefix\": \"10.0.0.0/24\",\r\n          \"delegations\":
        [],\r\n          \"privateEndpointNetworkPolicies\": \"Enabled\",\r\n          \"privateLinkServiceNetworkPolicies\":
        \"Disabled\"\r\n        },\r\n        \"type\": \"Microsoft.Network/virtualNetworks/subnets\"\r\n
        \     },\r\n      {\r\n        \"name\": \"subnet2\",\r\n        \"id\": \"/subscriptions/00000000-0000-0000-0000-000000000000/resourceGroups/cli_test_network_private_endpoints000001/providers/Microsoft.Network/virtualNetworks/vnet1/subnets/subnet2\",\r\n
        \       \"etag\": \"W/\\\"04c0f559-3a88-4f7c-a632-e64aa625992b\\\"\",\r\n
        \       \"properties\": {\r\n          \"provisioningState\": \"Succeeded\",\r\n
        \         \"addressPrefix\": \"10.0.2.0/24\",\r\n          \"delegations\":
        [],\r\n          \"privateEndpointNetworkPolicies\": \"Enabled\",\r\n          \"privateLinkServiceNetworkPolicies\":
        \"Enabled\"\r\n        },\r\n        \"type\": \"Microsoft.Network/virtualNetworks/subnets\"\r\n
        \     }\r\n    ],\r\n    \"virtualNetworkPeerings\": [],\r\n    \"enableDdosProtection\":
        false\r\n  }\r\n}"
    headers:
      cache-control:
      - no-cache
      content-length:
      - '2076'
      content-type:
      - application/json; charset=utf-8
      date:
      - Fri, 14 May 2021 05:37:50 GMT
      etag:
      - W/"04c0f559-3a88-4f7c-a632-e64aa625992b"
      expires:
      - '-1'
      pragma:
      - no-cache
      server:
      - Microsoft-HTTPAPI/2.0
      - Microsoft-HTTPAPI/2.0
      strict-transport-security:
      - max-age=31536000; includeSubDomains
      transfer-encoding:
      - chunked
      vary:
      - Accept-Encoding
      x-content-type-options:
      - nosniff
      x-ms-arm-service-request-id:
      - b7a523d2-4a27-4ad1-bb08-76bd82069f7b
    status:
      code: 200
      message: OK
- request:
    body: null
    headers:
      Accept:
      - application/json
      Accept-Encoding:
      - gzip, deflate
      CommandName:
      - network vnet subnet update
      Connection:
      - keep-alive
      ParameterSetName:
      - -g -n --vnet-name --disable-private-endpoint-network-policies
      User-Agent:
      - AZURECLI/2.23.0 azsdk-python-azure-mgmt-network/18.0.0 Python/3.7.3 (Windows-10-10.0.19041-SP0)
    method: GET
    uri: https://management.azure.com/subscriptions/00000000-0000-0000-0000-000000000000/resourceGroups/cli_test_network_private_endpoints000001/providers/Microsoft.Network/virtualNetworks/vnet1/subnets/subnet2?api-version=2021-02-01
  response:
    body:
      string: "{\r\n  \"name\": \"subnet2\",\r\n  \"id\": \"/subscriptions/00000000-0000-0000-0000-000000000000/resourceGroups/cli_test_network_private_endpoints000001/providers/Microsoft.Network/virtualNetworks/vnet1/subnets/subnet2\",\r\n
        \ \"etag\": \"W/\\\"04c0f559-3a88-4f7c-a632-e64aa625992b\\\"\",\r\n  \"properties\":
        {\r\n    \"provisioningState\": \"Succeeded\",\r\n    \"addressPrefix\": \"10.0.2.0/24\",\r\n
        \   \"delegations\": [],\r\n    \"privateEndpointNetworkPolicies\": \"Enabled\",\r\n
        \   \"privateLinkServiceNetworkPolicies\": \"Enabled\"\r\n  },\r\n  \"type\":
        \"Microsoft.Network/virtualNetworks/subnets\"\r\n}"
    headers:
      cache-control:
      - no-cache
      content-length:
      - '586'
      content-type:
      - application/json; charset=utf-8
      date:
      - Fri, 14 May 2021 05:37:50 GMT
      etag:
      - W/"04c0f559-3a88-4f7c-a632-e64aa625992b"
      expires:
      - '-1'
      pragma:
      - no-cache
      server:
      - Microsoft-HTTPAPI/2.0
      - Microsoft-HTTPAPI/2.0
      strict-transport-security:
      - max-age=31536000; includeSubDomains
      transfer-encoding:
      - chunked
      vary:
      - Accept-Encoding
      x-content-type-options:
      - nosniff
      x-ms-arm-service-request-id:
      - fcb12ff3-8478-4dd8-aa09-fdf69de96ecf
    status:
      code: 200
      message: OK
- request:
    body: '{"id": "/subscriptions/00000000-0000-0000-0000-000000000000/resourceGroups/cli_test_network_private_endpoints000001/providers/Microsoft.Network/virtualNetworks/vnet1/subnets/subnet2",
      "name": "subnet2", "type": "Microsoft.Network/virtualNetworks/subnets", "properties":
      {"addressPrefix": "10.0.2.0/24", "delegations": [], "privateEndpointNetworkPolicies":
      "Disabled", "privateLinkServiceNetworkPolicies": "Enabled"}}'
    headers:
      Accept:
      - application/json
      Accept-Encoding:
      - gzip, deflate
      CommandName:
      - network vnet subnet update
      Connection:
      - keep-alive
      Content-Length:
      - '451'
      Content-Type:
      - application/json
      ParameterSetName:
      - -g -n --vnet-name --disable-private-endpoint-network-policies
      User-Agent:
      - AZURECLI/2.23.0 azsdk-python-azure-mgmt-network/18.0.0 Python/3.7.3 (Windows-10-10.0.19041-SP0)
    method: PUT
    uri: https://management.azure.com/subscriptions/00000000-0000-0000-0000-000000000000/resourceGroups/cli_test_network_private_endpoints000001/providers/Microsoft.Network/virtualNetworks/vnet1/subnets/subnet2?api-version=2021-02-01
  response:
    body:
      string: "{\r\n  \"name\": \"subnet2\",\r\n  \"id\": \"/subscriptions/00000000-0000-0000-0000-000000000000/resourceGroups/cli_test_network_private_endpoints000001/providers/Microsoft.Network/virtualNetworks/vnet1/subnets/subnet2\",\r\n
        \ \"etag\": \"W/\\\"5e57498e-075f-4478-8768-c52a8e54ad6f\\\"\",\r\n  \"properties\":
        {\r\n    \"provisioningState\": \"Updating\",\r\n    \"addressPrefix\": \"10.0.2.0/24\",\r\n
        \   \"delegations\": [],\r\n    \"privateEndpointNetworkPolicies\": \"Disabled\",\r\n
        \   \"privateLinkServiceNetworkPolicies\": \"Enabled\"\r\n  },\r\n  \"type\":
        \"Microsoft.Network/virtualNetworks/subnets\"\r\n}"
    headers:
      azure-asyncoperation:
      - https://management.azure.com/subscriptions/00000000-0000-0000-0000-000000000000/providers/Microsoft.Network/locations/centralus/operations/7406a6d8-dd7b-43c3-88ef-e3a72237df1c?api-version=2021-02-01
      cache-control:
      - no-cache
      content-length:
      - '586'
      content-type:
      - application/json; charset=utf-8
      date:
      - Fri, 14 May 2021 05:37:50 GMT
      expires:
      - '-1'
      pragma:
      - no-cache
      server:
      - Microsoft-HTTPAPI/2.0
      - Microsoft-HTTPAPI/2.0
      strict-transport-security:
      - max-age=31536000; includeSubDomains
      transfer-encoding:
      - chunked
      vary:
      - Accept-Encoding
      x-content-type-options:
      - nosniff
      x-ms-arm-service-request-id:
      - 89dca079-a767-4799-95ca-85b67a60b608
      x-ms-ratelimit-remaining-subscription-writes:
      - '1196'
    status:
      code: 200
      message: OK
- request:
    body: null
    headers:
      Accept:
      - '*/*'
      Accept-Encoding:
      - gzip, deflate
      CommandName:
      - network vnet subnet update
      Connection:
      - keep-alive
      ParameterSetName:
      - -g -n --vnet-name --disable-private-endpoint-network-policies
      User-Agent:
      - AZURECLI/2.23.0 azsdk-python-azure-mgmt-network/18.0.0 Python/3.7.3 (Windows-10-10.0.19041-SP0)
    method: GET
    uri: https://management.azure.com/subscriptions/00000000-0000-0000-0000-000000000000/providers/Microsoft.Network/locations/centralus/operations/7406a6d8-dd7b-43c3-88ef-e3a72237df1c?api-version=2021-02-01
  response:
    body:
      string: "{\r\n  \"status\": \"Succeeded\"\r\n}"
    headers:
      cache-control:
      - no-cache
      content-length:
      - '29'
      content-type:
      - application/json; charset=utf-8
      date:
      - Fri, 14 May 2021 05:37:54 GMT
      expires:
      - '-1'
      pragma:
      - no-cache
      server:
      - Microsoft-HTTPAPI/2.0
      - Microsoft-HTTPAPI/2.0
      strict-transport-security:
      - max-age=31536000; includeSubDomains
      transfer-encoding:
      - chunked
      vary:
      - Accept-Encoding
      x-content-type-options:
      - nosniff
      x-ms-arm-service-request-id:
      - 81f853fb-bb11-4f55-bf47-c8592b9b9b3d
    status:
      code: 200
      message: OK
- request:
    body: null
    headers:
      Accept:
      - '*/*'
      Accept-Encoding:
      - gzip, deflate
      CommandName:
      - network vnet subnet update
      Connection:
      - keep-alive
      ParameterSetName:
      - -g -n --vnet-name --disable-private-endpoint-network-policies
      User-Agent:
      - AZURECLI/2.23.0 azsdk-python-azure-mgmt-network/18.0.0 Python/3.7.3 (Windows-10-10.0.19041-SP0)
    method: GET
    uri: https://management.azure.com/subscriptions/00000000-0000-0000-0000-000000000000/resourceGroups/cli_test_network_private_endpoints000001/providers/Microsoft.Network/virtualNetworks/vnet1/subnets/subnet2?api-version=2021-02-01
  response:
    body:
      string: "{\r\n  \"name\": \"subnet2\",\r\n  \"id\": \"/subscriptions/00000000-0000-0000-0000-000000000000/resourceGroups/cli_test_network_private_endpoints000001/providers/Microsoft.Network/virtualNetworks/vnet1/subnets/subnet2\",\r\n
        \ \"etag\": \"W/\\\"dd238536-4390-46aa-bc1b-e02476e73e70\\\"\",\r\n  \"properties\":
        {\r\n    \"provisioningState\": \"Succeeded\",\r\n    \"addressPrefix\": \"10.0.2.0/24\",\r\n
        \   \"delegations\": [],\r\n    \"privateEndpointNetworkPolicies\": \"Disabled\",\r\n
        \   \"privateLinkServiceNetworkPolicies\": \"Enabled\"\r\n  },\r\n  \"type\":
        \"Microsoft.Network/virtualNetworks/subnets\"\r\n}"
    headers:
      cache-control:
      - no-cache
      content-length:
      - '587'
      content-type:
      - application/json; charset=utf-8
      date:
      - Fri, 14 May 2021 05:37:54 GMT
      etag:
      - W/"dd238536-4390-46aa-bc1b-e02476e73e70"
      expires:
      - '-1'
      pragma:
      - no-cache
      server:
      - Microsoft-HTTPAPI/2.0
      - Microsoft-HTTPAPI/2.0
      strict-transport-security:
      - max-age=31536000; includeSubDomains
      transfer-encoding:
      - chunked
      vary:
      - Accept-Encoding
      x-content-type-options:
      - nosniff
      x-ms-arm-service-request-id:
      - e40de628-7691-4b0b-9080-56f759159807
    status:
      code: 200
      message: OK
- request:
    body: '{"location": "centralus", "properties": {"loadBalancerFrontendIpConfigurations":
      [{"id": "/subscriptions/00000000-0000-0000-0000-000000000000/resourceGroups/cli_test_network_private_endpoints000001/providers/Microsoft.Network/loadBalancers/lb1/frontendIpConfigurations/LoadBalancerFrontEnd"}],
      "ipConfigurations": [{"name": "lks1_ipconfig_0", "properties": {"subnet": {"id":
      "/subscriptions/00000000-0000-0000-0000-000000000000/resourceGroups/cli_test_network_private_endpoints000001/providers/Microsoft.Network/virtualNetworks/vnet1/subnets/subnet1",
      "properties": {"privateEndpointNetworkPolicies": "Enabled", "privateLinkServiceNetworkPolicies":
      "Enabled"}}, "privateIPAddressVersion": "IPv4"}}]}}'
    headers:
      Accept:
      - application/json
      Accept-Encoding:
      - gzip, deflate
      CommandName:
      - network private-link-service create
      Connection:
      - keep-alive
      Content-Length:
      - '770'
      Content-Type:
      - application/json
      ParameterSetName:
      - -g -n --vnet-name --subnet --lb-name --lb-frontend-ip-configs -l
      User-Agent:
      - AZURECLI/2.23.0 azsdk-python-azure-mgmt-network/18.0.0 Python/3.7.3 (Windows-10-10.0.19041-SP0)
    method: PUT
    uri: https://management.azure.com/subscriptions/00000000-0000-0000-0000-000000000000/resourceGroups/cli_test_network_private_endpoints000001/providers/Microsoft.Network/privateLinkServices/lks1?api-version=2021-02-01
  response:
    body:
      string: "{\r\n  \"name\": \"lks1\",\r\n  \"id\": \"/subscriptions/00000000-0000-0000-0000-000000000000/resourceGroups/cli_test_network_private_endpoints000001/providers/Microsoft.Network/privateLinkServices/lks1\",\r\n
        \ \"etag\": \"W/\\\"a7a95ab0-34c5-41de-9b3c-cbfc38511123\\\"\",\r\n  \"type\":
        \"Microsoft.Network/privateLinkServices\",\r\n  \"location\": \"centralus\",\r\n
        \ \"properties\": {\r\n    \"provisioningState\": \"Updating\",\r\n    \"resourceGuid\":
        \"809058d7-18da-4025-aed7-d4a4c1965555\",\r\n    \"fqdns\": [],\r\n    \"alias\":
        \"lks1.b1314441-7e73-40da-b984-9830886cd724.centralus.azure.privatelinkservice\",\r\n
        \   \"enableProxyProtocol\": false,\r\n    \"loadBalancerFrontendIpConfigurations\":
        [\r\n      {\r\n        \"id\": \"/subscriptions/00000000-0000-0000-0000-000000000000/resourceGroups/cli_test_network_private_endpoints000001/providers/Microsoft.Network/loadBalancers/lb1/frontendIPConfigurations/LoadBalancerFrontEnd\"\r\n
        \     }\r\n    ],\r\n    \"ipConfigurations\": [\r\n      {\r\n        \"name\":
        \"lks1_ipconfig_0\",\r\n        \"id\": \"/subscriptions/00000000-0000-0000-0000-000000000000/resourceGroups/cli_test_network_private_endpoints000001/providers/Microsoft.Network/privateLinkServices/lks1/ipConfigurations/lks1_ipconfig_0\",\r\n
        \       \"etag\": \"W/\\\"a7a95ab0-34c5-41de-9b3c-cbfc38511123\\\"\",\r\n
        \       \"type\": \"Microsoft.Network/privateLinkServices/ipConfigurations\",\r\n
        \       \"properties\": {\r\n          \"provisioningState\": \"Succeeded\",\r\n
        \         \"privateIPAllocationMethod\": \"Dynamic\",\r\n          \"subnet\":
        {\r\n            \"id\": \"/subscriptions/00000000-0000-0000-0000-000000000000/resourceGroups/cli_test_network_private_endpoints000001/providers/Microsoft.Network/virtualNetworks/vnet1/subnets/subnet1\"\r\n
        \         },\r\n          \"primary\": true,\r\n          \"privateIPAddressVersion\":
        \"IPv4\"\r\n        }\r\n      }\r\n    ],\r\n    \"privateEndpointConnections\":
        [],\r\n    \"networkInterfaces\": [\r\n      {\r\n        \"id\": \"/subscriptions/00000000-0000-0000-0000-000000000000/resourceGroups/cli_test_network_private_endpoints000001/providers/Microsoft.Network/networkInterfaces/lks1.nic.042daf30-1a85-4735-b2cf-1e3ae1cabeb9\"\r\n
        \     }\r\n    ]\r\n  }\r\n}"
    headers:
      azure-asyncnotification:
      - Enabled
      azure-asyncoperation:
      - https://management.azure.com/subscriptions/00000000-0000-0000-0000-000000000000/providers/Microsoft.Network/locations/centralus/operations/5f73f46f-d7f7-4dd8-b0f1-be1fe28ab9f1?api-version=2021-02-01
      cache-control:
      - no-cache
      content-length:
      - '2253'
      content-type:
      - application/json; charset=utf-8
      date:
      - Fri, 14 May 2021 05:38:02 GMT
      expires:
      - '-1'
      pragma:
      - no-cache
      server:
      - Microsoft-HTTPAPI/2.0
      - Microsoft-HTTPAPI/2.0
      strict-transport-security:
      - max-age=31536000; includeSubDomains
      x-content-type-options:
      - nosniff
      x-ms-arm-service-request-id:
      - 1084dfeb-9203-493c-a368-4525ad17dd05
      x-ms-ratelimit-remaining-subscription-writes:
      - '1197'
    status:
      code: 201
      message: Created
- request:
    body: null
    headers:
      Accept:
      - '*/*'
      Accept-Encoding:
      - gzip, deflate
      CommandName:
      - network private-link-service create
      Connection:
      - keep-alive
      ParameterSetName:
      - -g -n --vnet-name --subnet --lb-name --lb-frontend-ip-configs -l
      User-Agent:
      - AZURECLI/2.23.0 azsdk-python-azure-mgmt-network/18.0.0 Python/3.7.3 (Windows-10-10.0.19041-SP0)
    method: GET
    uri: https://management.azure.com/subscriptions/00000000-0000-0000-0000-000000000000/providers/Microsoft.Network/locations/centralus/operations/5f73f46f-d7f7-4dd8-b0f1-be1fe28ab9f1?api-version=2021-02-01
  response:
    body:
      string: "{\r\n  \"status\": \"Succeeded\"\r\n}"
    headers:
      cache-control:
      - no-cache
      content-length:
      - '29'
      content-type:
      - application/json; charset=utf-8
      date:
      - Fri, 14 May 2021 05:38:13 GMT
      expires:
      - '-1'
      pragma:
      - no-cache
      server:
      - Microsoft-HTTPAPI/2.0
      - Microsoft-HTTPAPI/2.0
      strict-transport-security:
      - max-age=31536000; includeSubDomains
      transfer-encoding:
      - chunked
      vary:
      - Accept-Encoding
      x-content-type-options:
      - nosniff
      x-ms-arm-service-request-id:
      - c9d65925-53a2-454b-8078-4c1b45961ee0
    status:
      code: 200
      message: OK
- request:
    body: null
    headers:
      Accept:
      - '*/*'
      Accept-Encoding:
      - gzip, deflate
      CommandName:
      - network private-link-service create
      Connection:
      - keep-alive
      ParameterSetName:
      - -g -n --vnet-name --subnet --lb-name --lb-frontend-ip-configs -l
      User-Agent:
      - AZURECLI/2.23.0 azsdk-python-azure-mgmt-network/18.0.0 Python/3.7.3 (Windows-10-10.0.19041-SP0)
    method: GET
    uri: https://management.azure.com/subscriptions/00000000-0000-0000-0000-000000000000/resourceGroups/cli_test_network_private_endpoints000001/providers/Microsoft.Network/privateLinkServices/lks1?api-version=2021-02-01
  response:
    body:
      string: "{\r\n  \"name\": \"lks1\",\r\n  \"id\": \"/subscriptions/00000000-0000-0000-0000-000000000000/resourceGroups/cli_test_network_private_endpoints000001/providers/Microsoft.Network/privateLinkServices/lks1\",\r\n
        \ \"etag\": \"W/\\\"200a3bf7-458f-4f68-9002-55a9f2df2054\\\"\",\r\n  \"type\":
        \"Microsoft.Network/privateLinkServices\",\r\n  \"location\": \"centralus\",\r\n
        \ \"properties\": {\r\n    \"provisioningState\": \"Succeeded\",\r\n    \"resourceGuid\":
        \"809058d7-18da-4025-aed7-d4a4c1965555\",\r\n    \"fqdns\": [],\r\n    \"alias\":
        \"lks1.b1314441-7e73-40da-b984-9830886cd724.centralus.azure.privatelinkservice\",\r\n
        \   \"enableProxyProtocol\": false,\r\n    \"loadBalancerFrontendIpConfigurations\":
        [\r\n      {\r\n        \"id\": \"/subscriptions/00000000-0000-0000-0000-000000000000/resourceGroups/cli_test_network_private_endpoints000001/providers/Microsoft.Network/loadBalancers/lb1/frontendIPConfigurations/LoadBalancerFrontEnd\"\r\n
        \     }\r\n    ],\r\n    \"ipConfigurations\": [\r\n      {\r\n        \"name\":
        \"lks1_ipconfig_0\",\r\n        \"id\": \"/subscriptions/00000000-0000-0000-0000-000000000000/resourceGroups/cli_test_network_private_endpoints000001/providers/Microsoft.Network/privateLinkServices/lks1/ipConfigurations/lks1_ipconfig_0\",\r\n
        \       \"etag\": \"W/\\\"200a3bf7-458f-4f68-9002-55a9f2df2054\\\"\",\r\n
        \       \"type\": \"Microsoft.Network/privateLinkServices/ipConfigurations\",\r\n
        \       \"properties\": {\r\n          \"provisioningState\": \"Succeeded\",\r\n
        \         \"privateIPAllocationMethod\": \"Dynamic\",\r\n          \"subnet\":
        {\r\n            \"id\": \"/subscriptions/00000000-0000-0000-0000-000000000000/resourceGroups/cli_test_network_private_endpoints000001/providers/Microsoft.Network/virtualNetworks/vnet1/subnets/subnet1\"\r\n
        \         },\r\n          \"primary\": true,\r\n          \"privateIPAddressVersion\":
        \"IPv4\"\r\n        }\r\n      }\r\n    ],\r\n    \"privateEndpointConnections\":
        [],\r\n    \"networkInterfaces\": [\r\n      {\r\n        \"id\": \"/subscriptions/00000000-0000-0000-0000-000000000000/resourceGroups/cli_test_network_private_endpoints000001/providers/Microsoft.Network/networkInterfaces/lks1.nic.042daf30-1a85-4735-b2cf-1e3ae1cabeb9\"\r\n
        \     }\r\n    ]\r\n  }\r\n}"
    headers:
      cache-control:
      - no-cache
      content-length:
      - '2254'
      content-type:
      - application/json; charset=utf-8
      date:
      - Fri, 14 May 2021 05:38:13 GMT
      etag:
      - W/"200a3bf7-458f-4f68-9002-55a9f2df2054"
      expires:
      - '-1'
      pragma:
      - no-cache
      server:
      - Microsoft-HTTPAPI/2.0
      - Microsoft-HTTPAPI/2.0
      strict-transport-security:
      - max-age=31536000; includeSubDomains
      transfer-encoding:
      - chunked
      vary:
      - Accept-Encoding
      x-content-type-options:
      - nosniff
      x-ms-arm-service-request-id:
      - 089d7827-da34-4754-9cd0-e67e0e50bebb
    status:
      code: 200
      message: OK
- request:
    body: null
    headers:
      Accept:
      - application/json
      Accept-Encoding:
      - gzip, deflate
      CommandName:
      - network private-endpoint list-types
      Connection:
      - keep-alive
      ParameterSetName:
      - -l
      User-Agent:
      - AZURECLI/2.23.0 azsdk-python-azure-mgmt-network/18.0.0 Python/3.7.3 (Windows-10-10.0.19041-SP0)
    method: GET
    uri: https://management.azure.com/subscriptions/00000000-0000-0000-0000-000000000000/providers/Microsoft.Network/locations/centralus/availablePrivateEndpointTypes?api-version=2021-02-01
  response:
    body:
      string: "{\r\n  \"value\": [\r\n    {\r\n      \"name\": \"Microsoft.DocumentDB.databaseAccounts\",\r\n
        \     \"id\": \"/subscriptions/00000000-0000-0000-0000-000000000000/providers/Microsoft.Network/AvailablePrivateEndpointTypes/Microsoft.DocumentDB.databaseAccounts\",\r\n
        \     \"type\": \"Microsoft.Network/AvailablePrivateEndpointTypes\",\r\n      \"resourceName\":
        \"Microsoft.DocumentDB/databaseAccounts\",\r\n      \"displayName\": \"Microsoft.AzureCosmosDB/databaseAccounts\",\r\n
        \     \"apiVersion\": \"2016-03-31\"\r\n    },\r\n    {\r\n      \"name\":
        \"Microsoft.Sql.servers\",\r\n      \"id\": \"/subscriptions/00000000-0000-0000-0000-000000000000/providers/Microsoft.Network/AvailablePrivateEndpointTypes/Microsoft.Sql.servers\",\r\n
        \     \"type\": \"Microsoft.Network/AvailablePrivateEndpointTypes\",\r\n      \"resourceName\":
        \"Microsoft.Sql/servers\",\r\n      \"displayName\": \"Microsoft.Sql/servers\",\r\n
        \     \"apiVersion\": \"2018-06-01-preview\"\r\n    },\r\n    {\r\n      \"name\":
        \"Microsoft.Network.privateLinkServices\",\r\n      \"id\": \"/subscriptions/00000000-0000-0000-0000-000000000000/providers/Microsoft.Network/AvailablePrivateEndpointTypes/Microsoft.Network.privateLinkServices\",\r\n
        \     \"type\": \"Microsoft.Network/AvailablePrivateEndpointTypes\",\r\n      \"resourceName\":
        \"Microsoft.Network/privateLinkServices\",\r\n      \"displayName\": \"Microsoft.Network/privateLinkServices\",\r\n
        \     \"apiVersion\": \"2018-08-01\"\r\n    },\r\n    {\r\n      \"name\":
        \"Microsoft.Web.sites\",\r\n      \"id\": \"/subscriptions/00000000-0000-0000-0000-000000000000/providers/Microsoft.Network/AvailablePrivateEndpointTypes/Microsoft.Web.sites\",\r\n
        \     \"type\": \"Microsoft.Network/AvailablePrivateEndpointTypes\",\r\n      \"resourceName\":
        \"Microsoft.Web/sites\",\r\n      \"displayName\": \"Microsoft.Web/sites\",\r\n
        \     \"apiVersion\": \"2018-11-01\"\r\n    },\r\n    {\r\n      \"name\":
        \"Microsoft.Web.hostingEnvironments\",\r\n      \"id\": \"/subscriptions/00000000-0000-0000-0000-000000000000/providers/Microsoft.Network/AvailablePrivateEndpointTypes/Microsoft.Web.hostingEnvironments\",\r\n
        \     \"type\": \"Microsoft.Network/AvailablePrivateEndpointTypes\",\r\n      \"resourceName\":
        \"Microsoft.Web/hostingEnvironments\",\r\n      \"displayName\": \"Microsoft.Web/hostingEnvironments\",\r\n
        \     \"apiVersion\": \"2019-01-01\"\r\n    },\r\n    {\r\n      \"name\":
        \"Microsoft.Storage.storageAccounts\",\r\n      \"id\": \"/subscriptions/00000000-0000-0000-0000-000000000000/providers/Microsoft.Network/AvailablePrivateEndpointTypes/Microsoft.Storage.storageAccounts\",\r\n
        \     \"type\": \"Microsoft.Network/AvailablePrivateEndpointTypes\",\r\n      \"resourceName\":
        \"Microsoft.Storage/storageAccounts\",\r\n      \"displayName\": \"Microsoft.Storage/storageAccounts\",\r\n
        \     \"apiVersion\": \"2019-04-01\"\r\n    },\r\n    {\r\n      \"name\":
        \"Microsoft.DBforPostgreSQL.servers\",\r\n      \"id\": \"/subscriptions/00000000-0000-0000-0000-000000000000/providers/Microsoft.Network/AvailablePrivateEndpointTypes/Microsoft.DBforPostgreSQL.servers\",\r\n
        \     \"type\": \"Microsoft.Network/AvailablePrivateEndpointTypes\",\r\n      \"resourceName\":
        \"Microsoft.DBforPostgreSQL/servers\",\r\n      \"displayName\": \"Microsoft.DBforPostgreSQL/servers\",\r\n
        \     \"apiVersion\": \"2018-06-01\"\r\n    },\r\n    {\r\n      \"name\":
        \"Microsoft.DBforMySQL.servers\",\r\n      \"id\": \"/subscriptions/00000000-0000-0000-0000-000000000000/providers/Microsoft.Network/AvailablePrivateEndpointTypes/Microsoft.DBforMySQL.servers\",\r\n
        \     \"type\": \"Microsoft.Network/AvailablePrivateEndpointTypes\",\r\n      \"resourceName\":
        \"Microsoft.DBforMySQL/servers\",\r\n      \"displayName\": \"Microsoft.DBforMySQL/servers\",\r\n
        \     \"apiVersion\": \"2018-06-01\"\r\n    },\r\n    {\r\n      \"name\":
        \"Microsoft.DBforMariaDB.servers\",\r\n      \"id\": \"/subscriptions/00000000-0000-0000-0000-000000000000/providers/Microsoft.Network/AvailablePrivateEndpointTypes/Microsoft.DBforMariaDB.servers\",\r\n
        \     \"type\": \"Microsoft.Network/AvailablePrivateEndpointTypes\",\r\n      \"resourceName\":
        \"Microsoft.DBforMariaDB/servers\",\r\n      \"displayName\": \"Microsoft.DBforMariaDB/servers\",\r\n
        \     \"apiVersion\": \"2018-06-01\"\r\n    },\r\n    {\r\n      \"name\":
        \"Microsoft.KeyVault.vaults\",\r\n      \"id\": \"/subscriptions/00000000-0000-0000-0000-000000000000/providers/Microsoft.Network/AvailablePrivateEndpointTypes/Microsoft.KeyVault.vaults\",\r\n
        \     \"type\": \"Microsoft.Network/AvailablePrivateEndpointTypes\",\r\n      \"resourceName\":
        \"Microsoft.KeyVault/vaults\",\r\n      \"displayName\": \"Microsoft.KeyVault/vaults\",\r\n
        \     \"apiVersion\": \"2018-02-14\"\r\n    },\r\n    {\r\n      \"name\":
        \"Microsoft.Synapse.workspaces\",\r\n      \"id\": \"/subscriptions/00000000-0000-0000-0000-000000000000/providers/Microsoft.Network/AvailablePrivateEndpointTypes/Microsoft.Synapse.workspaces\",\r\n
        \     \"type\": \"Microsoft.Network/AvailablePrivateEndpointTypes\",\r\n      \"resourceName\":
        \"Microsoft.Synapse/workspaces\",\r\n      \"displayName\": \"Microsoft.Synapse/workspaces\",\r\n
        \     \"apiVersion\": \"2019-06-01-preview\"\r\n    },\r\n    {\r\n      \"name\":
        \"Microsoft.AppConfiguration.configurationStores\",\r\n      \"id\": \"/subscriptions/00000000-0000-0000-0000-000000000000/providers/Microsoft.Network/AvailablePrivateEndpointTypes/Microsoft.AppConfiguration.configurationStores\",\r\n
        \     \"type\": \"Microsoft.Network/AvailablePrivateEndpointTypes\",\r\n      \"resourceName\":
        \"Microsoft.AppConfiguration/configurationStores\",\r\n      \"displayName\":
        \"Microsoft.AppConfiguration/configurationStores\",\r\n      \"apiVersion\":
        \"2019-11-01-preview\"\r\n    },\r\n    {\r\n      \"name\": \"Microsoft.Search.searchServices\",\r\n
        \     \"id\": \"/subscriptions/00000000-0000-0000-0000-000000000000/providers/Microsoft.Network/AvailablePrivateEndpointTypes/Microsoft.Search.searchServices\",\r\n
        \     \"type\": \"Microsoft.Network/AvailablePrivateEndpointTypes\",\r\n      \"resourceName\":
        \"Microsoft.Search/searchServices\",\r\n      \"displayName\": \"Microsoft.Search/searchServices\",\r\n
        \     \"apiVersion\": \"2019-10-01-preview\"\r\n    },\r\n    {\r\n      \"name\":
        \"Microsoft.ContainerService.managedClusters\",\r\n      \"id\": \"/subscriptions/00000000-0000-0000-0000-000000000000/providers/Microsoft.Network/AvailablePrivateEndpointTypes/Microsoft.ContainerService.managedClusters\",\r\n
        \     \"type\": \"Microsoft.Network/AvailablePrivateEndpointTypes\",\r\n      \"resourceName\":
        \"Microsoft.ContainerService/managedClusters\",\r\n      \"displayName\":
        \"Microsoft.ContainerService/managedClusters\",\r\n      \"apiVersion\": \"2019-04-01\"\r\n
        \   },\r\n    {\r\n      \"name\": \"Microsoft.Attestation.attestationProviders\",\r\n
        \     \"id\": \"/subscriptions/00000000-0000-0000-0000-000000000000/providers/Microsoft.Network/AvailablePrivateEndpointTypes/Microsoft.Attestation.attestationProviders\",\r\n
        \     \"type\": \"Microsoft.Network/AvailablePrivateEndpointTypes\",\r\n      \"resourceName\":
        \"Microsoft.Attestation/attestationProviders\",\r\n      \"displayName\":
        \"Microsoft.Attestation/attestationProviders\",\r\n      \"apiVersion\": \"2018-09-01-preview\"\r\n
        \   },\r\n    {\r\n      \"name\": \"Microsoft.Devices.IotHubs\",\r\n      \"id\":
        \"/subscriptions/00000000-0000-0000-0000-000000000000/providers/Microsoft.Network/AvailablePrivateEndpointTypes/Microsoft.Devices.IotHubs\",\r\n
        \     \"type\": \"Microsoft.Network/AvailablePrivateEndpointTypes\",\r\n      \"resourceName\":
        \"Microsoft.Devices/IotHubs\",\r\n      \"displayName\": \"Microsoft.Devices/IotHubs\",\r\n
        \     \"apiVersion\": \"2020-03-01\"\r\n    },\r\n    {\r\n      \"name\":
        \"Microsoft.Cache.Redis\",\r\n      \"id\": \"/subscriptions/00000000-0000-0000-0000-000000000000/providers/Microsoft.Network/AvailablePrivateEndpointTypes/Microsoft.Cache.Redis\",\r\n
        \     \"type\": \"Microsoft.Network/AvailablePrivateEndpointTypes\",\r\n      \"resourceName\":
        \"Microsoft.Cache/Redis\",\r\n      \"displayName\": \"Microsoft.Cache/Redis\",\r\n
        \     \"apiVersion\": \"2019-07-01\"\r\n    },\r\n    {\r\n      \"name\":
        \"Microsoft.OperationalInsights.Workspaces\",\r\n      \"id\": \"/subscriptions/00000000-0000-0000-0000-000000000000/providers/Microsoft.Network/AvailablePrivateEndpointTypes/Microsoft.OperationalInsights.Workspaces\",\r\n
        \     \"type\": \"Microsoft.Network/AvailablePrivateEndpointTypes\",\r\n      \"resourceName\":
        \"Microsoft.OperationalInsights/Workspaces\",\r\n      \"displayName\": \"Microsoft.OperationalInsights/Workspaces\",\r\n
        \     \"apiVersion\": \"2015-11-01-preview\"\r\n    },\r\n    {\r\n      \"name\":
        \"Microsoft.SignalRService.SignalR\",\r\n      \"id\": \"/subscriptions/00000000-0000-0000-0000-000000000000/providers/Microsoft.Network/AvailablePrivateEndpointTypes/Microsoft.SignalRService.SignalR\",\r\n
        \     \"type\": \"Microsoft.Network/AvailablePrivateEndpointTypes\",\r\n      \"resourceName\":
        \"Microsoft.SignalRService/SignalR\",\r\n      \"displayName\": \"Microsoft.SignalRService/SignalR\",\r\n
        \     \"apiVersion\": \"2018-10-01\"\r\n    },\r\n    {\r\n      \"name\":
        \"Microsoft.MachineLearningServices.workspaces\",\r\n      \"id\": \"/subscriptions/00000000-0000-0000-0000-000000000000/providers/Microsoft.Network/AvailablePrivateEndpointTypes/Microsoft.MachineLearningServices.workspaces\",\r\n
        \     \"type\": \"Microsoft.Network/AvailablePrivateEndpointTypes\",\r\n      \"resourceName\":
        \"Microsoft.MachineLearningServices/workspaces\",\r\n      \"displayName\":
        \"Microsoft.MachineLearningServices/workspaces\",\r\n      \"apiVersion\":
        \"2020-01-01\"\r\n    },\r\n    {\r\n      \"name\": \"Microsoft.Batch.batchAccounts\",\r\n
        \     \"id\": \"/subscriptions/00000000-0000-0000-0000-000000000000/providers/Microsoft.Network/AvailablePrivateEndpointTypes/Microsoft.Batch.batchAccounts\",\r\n
        \     \"type\": \"Microsoft.Network/AvailablePrivateEndpointTypes\",\r\n      \"resourceName\":
        \"Microsoft.Batch/batchAccounts\",\r\n      \"displayName\": \"Microsoft.Batch/batchAccounts\",\r\n
        \     \"apiVersion\": \"2020-03-01-preview\"\r\n    },\r\n    {\r\n      \"name\":
        \"Microsoft.Insights.components\",\r\n      \"id\": \"/subscriptions/00000000-0000-0000-0000-000000000000/providers/Microsoft.Network/AvailablePrivateEndpointTypes/Microsoft.Insights.components\",\r\n
        \     \"type\": \"Microsoft.Network/AvailablePrivateEndpointTypes\",\r\n      \"resourceName\":
        \"Microsoft.Insights/components\",\r\n      \"displayName\": \"Microsoft.Insights/components\",\r\n
        \     \"apiVersion\": \"2018-05-01-preview\"\r\n    },\r\n    {\r\n      \"name\":
        \"Microsoft.ContainerRegistry.registries\",\r\n      \"id\": \"/subscriptions/00000000-0000-0000-0000-000000000000/providers/Microsoft.Network/AvailablePrivateEndpointTypes/Microsoft.ContainerRegistry.registries\",\r\n
        \     \"type\": \"Microsoft.Network/AvailablePrivateEndpointTypes\",\r\n      \"resourceName\":
        \"Microsoft.ContainerRegistry/registries\",\r\n      \"displayName\": \"Microsoft.ContainerRegistry/registries\",\r\n
        \     \"apiVersion\": \"2019-12-01-preview\"\r\n    },\r\n    {\r\n      \"name\":
        \"Microsoft.Automation.automationPrivateLinkServices\",\r\n      \"id\": \"/subscriptions/00000000-0000-0000-0000-000000000000/providers/Microsoft.Network/AvailablePrivateEndpointTypes/Microsoft.Automation.automationPrivateLinkServices\",\r\n
        \     \"type\": \"Microsoft.Network/AvailablePrivateEndpointTypes\",\r\n      \"resourceName\":
        \"Microsoft.Automation/automationPrivateLinkServices\",\r\n      \"displayName\":
        \"Microsoft.Automation/automationPrivateLinkServices\",\r\n      \"apiVersion\":
        \"2020-01-13-preview\"\r\n    },\r\n    {\r\n      \"name\": \"Microsoft.RecoveryServices.vaults\",\r\n
        \     \"id\": \"/subscriptions/00000000-0000-0000-0000-000000000000/providers/Microsoft.Network/AvailablePrivateEndpointTypes/Microsoft.RecoveryServices.vaults\",\r\n
        \     \"type\": \"Microsoft.Network/AvailablePrivateEndpointTypes\",\r\n      \"resourceName\":
        \"Microsoft.RecoveryServices/vaults\",\r\n      \"displayName\": \"Microsoft.RecoveryServices/vaults\",\r\n
        \     \"apiVersion\": \"2020-02-02-preview\"\r\n    },\r\n    {\r\n      \"name\":
        \"Microsoft.EventGrid.topics\",\r\n      \"id\": \"/subscriptions/00000000-0000-0000-0000-000000000000/providers/Microsoft.Network/AvailablePrivateEndpointTypes/Microsoft.EventGrid.topics\",\r\n
        \     \"type\": \"Microsoft.Network/AvailablePrivateEndpointTypes\",\r\n      \"resourceName\":
        \"Microsoft.EventGrid/topics\",\r\n      \"displayName\": \"Microsoft.EventGrid/topics\",\r\n
        \     \"apiVersion\": \"2020-04-01-preview\"\r\n    },\r\n    {\r\n      \"name\":
        \"Microsoft.EventGrid.domains\",\r\n      \"id\": \"/subscriptions/00000000-0000-0000-0000-000000000000/providers/Microsoft.Network/AvailablePrivateEndpointTypes/Microsoft.EventGrid.domains\",\r\n
        \     \"type\": \"Microsoft.Network/AvailablePrivateEndpointTypes\",\r\n      \"resourceName\":
        \"Microsoft.EventGrid/domains\",\r\n      \"displayName\": \"Microsoft.EventGrid/domains\",\r\n
        \     \"apiVersion\": \"2020-04-01-preview\"\r\n    },\r\n    {\r\n      \"name\":
        \"Microsoft.EventHub.namespaces\",\r\n      \"id\": \"/subscriptions/00000000-0000-0000-0000-000000000000/providers/Microsoft.Network/AvailablePrivateEndpointTypes/Microsoft.EventHub.namespaces\",\r\n
        \     \"type\": \"Microsoft.Network/AvailablePrivateEndpointTypes\",\r\n      \"resourceName\":
        \"Microsoft.EventHub/namespaces\",\r\n      \"displayName\": \"Microsoft.EventHub/namespaces\",\r\n
        \     \"apiVersion\": \"2018-01-01-preview\"\r\n    },\r\n    {\r\n      \"name\":
        \"Microsoft.ServiceBus.namespaces\",\r\n      \"id\": \"/subscriptions/00000000-0000-0000-0000-000000000000/providers/Microsoft.Network/AvailablePrivateEndpointTypes/Microsoft.ServiceBus.namespaces\",\r\n
        \     \"type\": \"Microsoft.Network/AvailablePrivateEndpointTypes\",\r\n      \"resourceName\":
        \"Microsoft.ServiceBus/namespaces\",\r\n      \"displayName\": \"Microsoft.ServiceBus/namespaces\",\r\n
        \     \"apiVersion\": \"2018-01-01-preview\"\r\n    },\r\n    {\r\n      \"name\":
        \"Microsoft.Relay.namespaces\",\r\n      \"id\": \"/subscriptions/00000000-0000-0000-0000-000000000000/providers/Microsoft.Network/AvailablePrivateEndpointTypes/Microsoft.Relay.namespaces\",\r\n
        \     \"type\": \"Microsoft.Network/AvailablePrivateEndpointTypes\",\r\n      \"resourceName\":
        \"Microsoft.Relay/namespaces\",\r\n      \"displayName\": \"Microsoft.Relay/namespaces\",\r\n
        \     \"apiVersion\": \"2018-01-01-preview\"\r\n    },\r\n    {\r\n      \"name\":
        \"Microsoft.StorageSync.storageSyncServices\",\r\n      \"id\": \"/subscriptions/00000000-0000-0000-0000-000000000000/providers/Microsoft.Network/AvailablePrivateEndpointTypes/Microsoft.StorageSync.storageSyncServices\",\r\n
        \     \"type\": \"Microsoft.Network/AvailablePrivateEndpointTypes\",\r\n      \"resourceName\":
        \"Microsoft.StorageSync/storageSyncServices\",\r\n      \"displayName\": \"Microsoft.StorageSync/storageSyncServices\",\r\n
        \     \"apiVersion\": \"2020-03-01\"\r\n    },\r\n    {\r\n      \"name\":
        \"Microsoft.StorageSyncDev.storageSyncServices\",\r\n      \"id\": \"/subscriptions/00000000-0000-0000-0000-000000000000/providers/Microsoft.Network/AvailablePrivateEndpointTypes/Microsoft.StorageSyncDev.storageSyncServices\",\r\n
        \     \"type\": \"Microsoft.Network/AvailablePrivateEndpointTypes\",\r\n      \"resourceName\":
        \"Microsoft.StorageSyncDev/storageSyncServices\",\r\n      \"displayName\":
        \"Microsoft.StorageSyncDev/storageSyncServices\",\r\n      \"apiVersion\":
        \"2020-03-01\"\r\n    },\r\n    {\r\n      \"name\": \"Microsoft.StorageSyncInt.storageSyncServices\",\r\n
        \     \"id\": \"/subscriptions/00000000-0000-0000-0000-000000000000/providers/Microsoft.Network/AvailablePrivateEndpointTypes/Microsoft.StorageSyncInt.storageSyncServices\",\r\n
        \     \"type\": \"Microsoft.Network/AvailablePrivateEndpointTypes\",\r\n      \"resourceName\":
        \"Microsoft.StorageSyncInt/storageSyncServices\",\r\n      \"displayName\":
        \"Microsoft.StorageSyncInt/storageSyncServices\",\r\n      \"apiVersion\":
        \"2020-03-01\"\r\n    },\r\n    {\r\n      \"name\": \"Microsoft.Notebooks.notebookProxy\",\r\n
        \     \"id\": \"/subscriptions/00000000-0000-0000-0000-000000000000/providers/Microsoft.Network/AvailablePrivateEndpointTypes/Microsoft.Notebooks.notebookProxy\",\r\n
        \     \"type\": \"Microsoft.Network/AvailablePrivateEndpointTypes\",\r\n      \"resourceName\":
        \"Microsoft.Notebooks/notebookProxy\",\r\n      \"displayName\": \"Microsoft.Notebooks/notebookProxy\",\r\n
        \     \"apiVersion\": \"2019-10-11-preview\"\r\n    },\r\n    {\r\n      \"name\":
        \"Microsoft.HealthcareApis.services\",\r\n      \"id\": \"/subscriptions/00000000-0000-0000-0000-000000000000/providers/Microsoft.Network/AvailablePrivateEndpointTypes/Microsoft.HealthcareApis.services\",\r\n
        \     \"type\": \"Microsoft.Network/AvailablePrivateEndpointTypes\",\r\n      \"resourceName\":
        \"Microsoft.HealthcareApis/services\",\r\n      \"displayName\": \"Microsoft.HealthcareApis/services\",\r\n
        \     \"apiVersion\": \"2020-03-30\"\r\n    },\r\n    {\r\n      \"name\":
        \"Microsoft.Automation.automationAccounts\",\r\n      \"id\": \"/subscriptions/00000000-0000-0000-0000-000000000000/providers/Microsoft.Network/AvailablePrivateEndpointTypes/Microsoft.Automation.automationAccounts\",\r\n
        \     \"type\": \"Microsoft.Network/AvailablePrivateEndpointTypes\",\r\n      \"resourceName\":
        \"Microsoft.Automation/automationAccounts\",\r\n      \"displayName\": \"Microsoft.Automation/automationAccounts\",\r\n
        \     \"apiVersion\": \"2020-01-13-preview\"\r\n    },\r\n    {\r\n      \"name\":
        \"Microsoft.Insights.privateLinkScopes\",\r\n      \"id\": \"/subscriptions/00000000-0000-0000-0000-000000000000/providers/Microsoft.Network/AvailablePrivateEndpointTypes/Microsoft.Insights.privateLinkScopes\",\r\n
        \     \"type\": \"Microsoft.Network/AvailablePrivateEndpointTypes\",\r\n      \"resourceName\":
        \"Microsoft.Insights/privateLinkScopes\",\r\n      \"displayName\": \"Microsoft.Insights/privateLinkScopes\",\r\n
        \     \"apiVersion\": \"2019-10-17-preview\"\r\n    },\r\n    {\r\n      \"name\":
        \"Microsoft.CognitiveServices.accounts\",\r\n      \"id\": \"/subscriptions/00000000-0000-0000-0000-000000000000/providers/Microsoft.Network/AvailablePrivateEndpointTypes/Microsoft.CognitiveServices.accounts\",\r\n
        \     \"type\": \"Microsoft.Network/AvailablePrivateEndpointTypes\",\r\n      \"resourceName\":
        \"Microsoft.CognitiveServices/accounts\",\r\n      \"displayName\": \"Microsoft.CognitiveServices/accounts\",\r\n
        \     \"apiVersion\": \"2017-04-18\"\r\n    },\r\n    {\r\n      \"name\":
        \"Microsoft.Compute.diskAccesses\",\r\n      \"id\": \"/subscriptions/00000000-0000-0000-0000-000000000000/providers/Microsoft.Network/AvailablePrivateEndpointTypes/Microsoft.Compute.diskAccesses\",\r\n
        \     \"type\": \"Microsoft.Network/AvailablePrivateEndpointTypes\",\r\n      \"resourceName\":
        \"Microsoft.Compute/diskAccesses\",\r\n      \"displayName\": \"Microsoft.Compute/diskAccesses\",\r\n
        \     \"apiVersion\": \"2020-05-01\"\r\n    },\r\n    {\r\n      \"name\":
        \"Microsoft.Network.applicationgateways\",\r\n      \"id\": \"/subscriptions/00000000-0000-0000-0000-000000000000/providers/Microsoft.Network/AvailablePrivateEndpointTypes/Microsoft.Network.applicationgateways\",\r\n
        \     \"type\": \"Microsoft.Network/AvailablePrivateEndpointTypes\",\r\n      \"resourceName\":
        \"Microsoft.Network/applicationgateways\",\r\n      \"displayName\": \"Microsoft.Network/applicationgateways\",\r\n
        \     \"apiVersion\": \"2020-03-01\"\r\n    },\r\n    {\r\n      \"name\":
        \"Microsoft.Media.mediaservices\",\r\n      \"id\": \"/subscriptions/00000000-0000-0000-0000-000000000000/providers/Microsoft.Network/AvailablePrivateEndpointTypes/Microsoft.Media.mediaservices\",\r\n
        \     \"type\": \"Microsoft.Network/AvailablePrivateEndpointTypes\",\r\n      \"resourceName\":
        \"Microsoft.Media/mediaservices\",\r\n      \"displayName\": \"Microsoft.Media/mediaservices\",\r\n
        \     \"apiVersion\": \"2020-05-01\"\r\n    },\r\n    {\r\n      \"name\":
        \"Microsoft.Databricks.workspaces\",\r\n      \"id\": \"/subscriptions/00000000-0000-0000-0000-000000000000/providers/Microsoft.Network/AvailablePrivateEndpointTypes/Microsoft.Databricks.workspaces\",\r\n
        \     \"type\": \"Microsoft.Network/AvailablePrivateEndpointTypes\",\r\n      \"resourceName\":
        \"Microsoft.Databricks/workspaces\",\r\n      \"displayName\": \"Microsoft.Databricks/workspaces\",\r\n
        \     \"apiVersion\": \"2018-04-01\"\r\n    },\r\n    {\r\n      \"name\":
        \"Microsoft.SQL.managedInstances\",\r\n      \"id\": \"/subscriptions/00000000-0000-0000-0000-000000000000/providers/Microsoft.Network/AvailablePrivateEndpointTypes/Microsoft.SQL.managedInstances\",\r\n
        \     \"type\": \"Microsoft.Network/AvailablePrivateEndpointTypes\",\r\n      \"resourceName\":
        \"Microsoft.SQL/managedInstances\",\r\n      \"displayName\": \"Microsoft.Sql/managedInstances\",\r\n
        \     \"apiVersion\": \"2019-06-01-preview\"\r\n    },\r\n    {\r\n      \"name\":
        \"Microsoft.aadiam.privateLinkForAzureAD\",\r\n      \"id\": \"/subscriptions/00000000-0000-0000-0000-000000000000/providers/Microsoft.Network/AvailablePrivateEndpointTypes/Microsoft.aadiam.privateLinkForAzureAD\",\r\n
        \     \"type\": \"Microsoft.Network/AvailablePrivateEndpointTypes\",\r\n      \"resourceName\":
        \"Microsoft.aadiam/privateLinkForAzureAD\",\r\n      \"displayName\": \"Microsoft.aadiam/privateLinkForAzureAD\",\r\n
        \     \"apiVersion\": \"2020-03-01\"\r\n    },\r\n    {\r\n      \"name\":
        \"Microsoft.DevSpaces.privateLinks\",\r\n      \"id\": \"/subscriptions/00000000-0000-0000-0000-000000000000/providers/Microsoft.Network/AvailablePrivateEndpointTypes/Microsoft.DevSpaces.privateLinks\",\r\n
        \     \"type\": \"Microsoft.Network/AvailablePrivateEndpointTypes\",\r\n      \"resourceName\":
        \"Microsoft.DevSpaces/privateLinks\",\r\n      \"displayName\": \"Microsoft.DevSpaces/privateLinks\",\r\n
        \     \"apiVersion\": \"2020-05-01\"\r\n    },\r\n    {\r\n      \"name\":
        \"Microsoft.Migrate.assessmentProjects\",\r\n      \"id\": \"/subscriptions/00000000-0000-0000-0000-000000000000/providers/Microsoft.Network/AvailablePrivateEndpointTypes/Microsoft.Migrate.assessmentProjects\",\r\n
        \     \"type\": \"Microsoft.Network/AvailablePrivateEndpointTypes\",\r\n      \"resourceName\":
        \"Microsoft.Migrate/assessmentProjects\",\r\n      \"displayName\": \"Microsoft.Migrate/assessmentProjects\",\r\n
        \     \"apiVersion\": \"2020-05-01-preview\"\r\n    },\r\n    {\r\n      \"name\":
        \"Microsoft.Migrate.migrateProjects\",\r\n      \"id\": \"/subscriptions/00000000-0000-0000-0000-000000000000/providers/Microsoft.Network/AvailablePrivateEndpointTypes/Microsoft.Migrate.migrateProjects\",\r\n
        \     \"type\": \"Microsoft.Network/AvailablePrivateEndpointTypes\",\r\n      \"resourceName\":
        \"Microsoft.Migrate/migrateProjects\",\r\n      \"displayName\": \"Microsoft.Migrate/migrateProjects\",\r\n
        \     \"apiVersion\": \"2020-06-01-preview\"\r\n    },\r\n    {\r\n      \"name\":
        \"Microsoft.OffAzure.vmwaresites\",\r\n      \"id\": \"/subscriptions/00000000-0000-0000-0000-000000000000/providers/Microsoft.Network/AvailablePrivateEndpointTypes/Microsoft.OffAzure.vmwaresites\",\r\n
        \     \"type\": \"Microsoft.Network/AvailablePrivateEndpointTypes\",\r\n      \"resourceName\":
        \"Microsoft.OffAzure/vmwaresites\",\r\n      \"displayName\": \"Microsoft.OffAzure/vmwaresites\",\r\n
        \     \"apiVersion\": \"2020-05-01-preview\"\r\n    },\r\n    {\r\n      \"name\":
        \"Microsoft.OffAzure.hypervsites\",\r\n      \"id\": \"/subscriptions/00000000-0000-0000-0000-000000000000/providers/Microsoft.Network/AvailablePrivateEndpointTypes/Microsoft.OffAzure.hypervsites\",\r\n
        \     \"type\": \"Microsoft.Network/AvailablePrivateEndpointTypes\",\r\n      \"resourceName\":
        \"Microsoft.OffAzure/hypervsites\",\r\n      \"displayName\": \"Microsoft.OffAzure/hypervsites\",\r\n
        \     \"apiVersion\": \"2020-05-01-preview\"\r\n    },\r\n    {\r\n      \"name\":
        \"Microsoft.OffAzure.serversites\",\r\n      \"id\": \"/subscriptions/00000000-0000-0000-0000-000000000000/providers/Microsoft.Network/AvailablePrivateEndpointTypes/Microsoft.OffAzure.serversites\",\r\n
        \     \"type\": \"Microsoft.Network/AvailablePrivateEndpointTypes\",\r\n      \"resourceName\":
        \"Microsoft.OffAzure/serversites\",\r\n      \"displayName\": \"Microsoft.OffAzure/serversites\",\r\n
        \     \"apiVersion\": \"2020-05-01-preview\"\r\n    },\r\n    {\r\n      \"name\":
        \"Microsoft.OffAzure.importsites\",\r\n      \"id\": \"/subscriptions/00000000-0000-0000-0000-000000000000/providers/Microsoft.Network/AvailablePrivateEndpointTypes/Microsoft.OffAzure.importsites\",\r\n
        \     \"type\": \"Microsoft.Network/AvailablePrivateEndpointTypes\",\r\n      \"resourceName\":
        \"Microsoft.OffAzure/importsites\",\r\n      \"displayName\": \"Microsoft.OffAzure/importsites\",\r\n
        \     \"apiVersion\": \"2020-01-01-preview\"\r\n    },\r\n    {\r\n      \"name\":
        \"Microsoft.MixedReality.spatialAnchorsAccounts\",\r\n      \"id\": \"/subscriptions/00000000-0000-0000-0000-000000000000/providers/Microsoft.Network/AvailablePrivateEndpointTypes/Microsoft.MixedReality.spatialAnchorsAccounts\",\r\n
        \     \"type\": \"Microsoft.Network/AvailablePrivateEndpointTypes\",\r\n      \"resourceName\":
        \"Microsoft.MixedReality/spatialAnchorsAccounts\",\r\n      \"displayName\":
        \"Microsoft.MixedReality/spatialAnchorsAccounts\",\r\n      \"apiVersion\":
        \"2019-12-02-preview\"\r\n    },\r\n    {\r\n      \"name\": \"Microsoft.DataFactory.factories\",\r\n
        \     \"id\": \"/subscriptions/00000000-0000-0000-0000-000000000000/providers/Microsoft.Network/AvailablePrivateEndpointTypes/Microsoft.DataFactory.factories\",\r\n
        \     \"type\": \"Microsoft.Network/AvailablePrivateEndpointTypes\",\r\n      \"resourceName\":
        \"Microsoft.DataFactory/factories\",\r\n      \"displayName\": \"Microsoft.DataFactory/factories\",\r\n
        \     \"apiVersion\": \"2018-06-01\"\r\n    },\r\n    {\r\n      \"name\":
        \"Microsoft.Authorization.resourceManagementPrivateLinks\",\r\n      \"id\":
        \"/subscriptions/00000000-0000-0000-0000-000000000000/providers/Microsoft.Network/AvailablePrivateEndpointTypes/Microsoft.Authorization.resourceManagementPrivateLinks\",\r\n
        \     \"type\": \"Microsoft.Network/AvailablePrivateEndpointTypes\",\r\n      \"resourceName\":
        \"Microsoft.Authorization/resourceManagementPrivateLinks\",\r\n      \"displayName\":
        \"Microsoft.Authorization/resourceManagementPrivateLinks\",\r\n      \"apiVersion\":
        \"2020-05-01\"\r\n    },\r\n    {\r\n      \"name\": \"Microsoft.ProjectBabylon.accounts\",\r\n
        \     \"id\": \"/subscriptions/00000000-0000-0000-0000-000000000000/providers/Microsoft.Network/AvailablePrivateEndpointTypes/Microsoft.ProjectBabylon.accounts\",\r\n
        \     \"type\": \"Microsoft.Network/AvailablePrivateEndpointTypes\",\r\n      \"resourceName\":
        \"Microsoft.ProjectBabylon/accounts\",\r\n      \"displayName\": \"Microsoft.ProjectBabylon/accounts\",\r\n
        \     \"apiVersion\": \"2019-10-01-preview\"\r\n    },\r\n    {\r\n      \"name\":
        \"Microsoft.Devices.ProvisioningServices\",\r\n      \"id\": \"/subscriptions/00000000-0000-0000-0000-000000000000/providers/Microsoft.Network/AvailablePrivateEndpointTypes/Microsoft.Devices.ProvisioningServices\",\r\n
        \     \"type\": \"Microsoft.Network/AvailablePrivateEndpointTypes\",\r\n      \"resourceName\":
        \"Microsoft.Devices/ProvisioningServices\",\r\n      \"displayName\": \"Microsoft.Devices/ProvisioningServices\",\r\n
        \     \"apiVersion\": \"2020-03-01\"\r\n    },\r\n    {\r\n      \"name\":
        \"Microsoft.Synapse.privateLinkHubs\",\r\n      \"id\": \"/subscriptions/00000000-0000-0000-0000-000000000000/providers/Microsoft.Network/AvailablePrivateEndpointTypes/Microsoft.Synapse.privateLinkHubs\",\r\n
        \     \"type\": \"Microsoft.Network/AvailablePrivateEndpointTypes\",\r\n      \"resourceName\":
        \"Microsoft.Synapse/privateLinkHubs\",\r\n      \"displayName\": \"Microsoft.Synapse/privateLinkHubs\",\r\n
        \     \"apiVersion\": \"2019-06-01-preview\"\r\n    },\r\n    {\r\n      \"name\":
        \"Microsoft.PowerBI.privateLinkServicesForPowerBI\",\r\n      \"id\": \"/subscriptions/00000000-0000-0000-0000-000000000000/providers/Microsoft.Network/AvailablePrivateEndpointTypes/Microsoft.PowerBI.privateLinkServicesForPowerBI\",\r\n
        \     \"type\": \"Microsoft.Network/AvailablePrivateEndpointTypes\",\r\n      \"resourceName\":
        \"Microsoft.PowerBI/privateLinkServicesForPowerBI\",\r\n      \"displayName\":
        \"Microsoft.PowerBI/privateLinkServicesForPowerBI\",\r\n      \"apiVersion\":
        \"2020-06-01\"\r\n    },\r\n    {\r\n      \"name\": \"Microsoft.Cache.redisEnterprise\",\r\n
        \     \"id\": \"/subscriptions/00000000-0000-0000-0000-000000000000/providers/Microsoft.Network/AvailablePrivateEndpointTypes/Microsoft.Cache.redisEnterprise\",\r\n
        \     \"type\": \"Microsoft.Network/AvailablePrivateEndpointTypes\",\r\n      \"resourceName\":
        \"Microsoft.Cache/redisEnterprise\",\r\n      \"displayName\": \"Microsoft.Cache/redisEnterprise\",\r\n
        \     \"apiVersion\": \"2020-04-01-preview\"\r\n    },\r\n    {\r\n      \"name\":
        \"Microsoft.HybridCompute.privateLinkScopes\",\r\n      \"id\": \"/subscriptions/00000000-0000-0000-0000-000000000000/providers/Microsoft.Network/AvailablePrivateEndpointTypes/Microsoft.HybridCompute.privateLinkScopes\",\r\n
        \     \"type\": \"Microsoft.Network/AvailablePrivateEndpointTypes\",\r\n      \"resourceName\":
        \"Microsoft.HybridCompute/privateLinkScopes\",\r\n      \"displayName\": \"Microsoft.HybridCompute/privateLinkScopes\",\r\n
        \     \"apiVersion\": \"2020-08-15-preview\"\r\n    },\r\n    {\r\n      \"name\":
        \"Microsoft.OffAzure.mastersites\",\r\n      \"id\": \"/subscriptions/00000000-0000-0000-0000-000000000000/providers/Microsoft.Network/AvailablePrivateEndpointTypes/Microsoft.OffAzure.mastersites\",\r\n
        \     \"type\": \"Microsoft.Network/AvailablePrivateEndpointTypes\",\r\n      \"resourceName\":
        \"Microsoft.OffAzure/mastersites\",\r\n      \"displayName\": \"Microsoft.OffAzure/mastersites\",\r\n
        \     \"apiVersion\": \"2020-07-07\"\r\n    },\r\n    {\r\n      \"name\":
        \"Microsoft.TimeSeriesInsights.environments\",\r\n      \"id\": \"/subscriptions/00000000-0000-0000-0000-000000000000/providers/Microsoft.Network/AvailablePrivateEndpointTypes/Microsoft.TimeSeriesInsights.environments\",\r\n
        \     \"type\": \"Microsoft.Network/AvailablePrivateEndpointTypes\",\r\n      \"resourceName\":
        \"Microsoft.TimeSeriesInsights/environments\",\r\n      \"displayName\": \"Microsoft.TimeSeriesInsights/environments\",\r\n
        \     \"apiVersion\": \"2021-03-31-preview\"\r\n    },\r\n    {\r\n      \"name\":
        \"Microsoft.DigitalTwins.digitalTwinsInstances\",\r\n      \"id\": \"/subscriptions/00000000-0000-0000-0000-000000000000/providers/Microsoft.Network/AvailablePrivateEndpointTypes/Microsoft.DigitalTwins.digitalTwinsInstances\",\r\n
        \     \"type\": \"Microsoft.Network/AvailablePrivateEndpointTypes\",\r\n      \"resourceName\":
        \"Microsoft.DigitalTwins/digitalTwinsInstances\",\r\n      \"displayName\":
        \"Microsoft.DigitalTwins/digitalTwinsInstances\",\r\n      \"apiVersion\":
        \"2020-12-01\"\r\n    },\r\n    {\r\n      \"name\": \"Microsoft.Keyvault.managedHSMs\",\r\n
        \     \"id\": \"/subscriptions/00000000-0000-0000-0000-000000000000/providers/Microsoft.Network/AvailablePrivateEndpointTypes/Microsoft.Keyvault.managedHSMs\",\r\n
        \     \"type\": \"Microsoft.Network/AvailablePrivateEndpointTypes\",\r\n      \"resourceName\":
        \"Microsoft.Keyvault/managedHSMs\",\r\n      \"displayName\": \"Microsoft.Keyvault/managedHSMs\",\r\n
        \     \"apiVersion\": \"2021-04-01-preview\"\r\n    },\r\n    {\r\n      \"name\":
        \"Microsoft.PowerPlatform.enterprisePolicies\",\r\n      \"id\": \"/subscriptions/00000000-0000-0000-0000-000000000000/providers/Microsoft.Network/AvailablePrivateEndpointTypes/Microsoft.PowerPlatform.enterprisePolicies\",\r\n
        \     \"type\": \"Microsoft.Network/AvailablePrivateEndpointTypes\",\r\n      \"resourceName\":
        \"Microsoft.PowerPlatform/enterprisePolicies\",\r\n      \"displayName\":
        \"Microsoft.PowerPlatform/enterprisePolicies\",\r\n      \"apiVersion\": \"2020-10-30-preview\"\r\n
        \   },\r\n    {\r\n      \"name\": \"Microsoft.Kusto.clusters\",\r\n      \"id\":
        \"/subscriptions/00000000-0000-0000-0000-000000000000/providers/Microsoft.Network/AvailablePrivateEndpointTypes/Microsoft.Kusto.clusters\",\r\n
        \     \"type\": \"Microsoft.Network/AvailablePrivateEndpointTypes\",\r\n      \"resourceName\":
        \"Microsoft.Kusto/clusters\",\r\n      \"displayName\": \"Microsoft.Kusto/clusters\",\r\n
        \     \"apiVersion\": \"2021-01-01\"\r\n    },\r\n    {\r\n      \"name\":
        \"Microsoft.Purview.accounts\",\r\n      \"id\": \"/subscriptions/00000000-0000-0000-0000-000000000000/providers/Microsoft.Network/AvailablePrivateEndpointTypes/Microsoft.Purview.accounts\",\r\n
        \     \"type\": \"Microsoft.Network/AvailablePrivateEndpointTypes\",\r\n      \"resourceName\":
        \"Microsoft.Purview/accounts\",\r\n      \"displayName\": \"Microsoft.Purview/accounts\",\r\n
        \     \"apiVersion\": \"2020-12-01-preview\"\r\n    },\r\n    {\r\n      \"name\":
        \"Microsoft.Web.staticSites\",\r\n      \"id\": \"/subscriptions/00000000-0000-0000-0000-000000000000/providers/Microsoft.Network/AvailablePrivateEndpointTypes/Microsoft.Web.staticSites\",\r\n
        \     \"type\": \"Microsoft.Network/AvailablePrivateEndpointTypes\",\r\n      \"resourceName\":
        \"Microsoft.Web/staticSites\",\r\n      \"displayName\": \"Microsoft.Web/staticSites\",\r\n
        \     \"apiVersion\": \"2020-06-01\"\r\n    },\r\n    {\r\n      \"name\":
        \"Microsoft.AutonomousSystems.workspaces\",\r\n      \"id\": \"/subscriptions/00000000-0000-0000-0000-000000000000/providers/Microsoft.Network/AvailablePrivateEndpointTypes/Microsoft.AutonomousSystems.workspaces\",\r\n
        \     \"type\": \"Microsoft.Network/AvailablePrivateEndpointTypes\",\r\n      \"resourceName\":
        \"Microsoft.AutonomousSystems/workspaces\",\r\n      \"displayName\": \"Microsoft.AutonomousSystems/workspaces\",\r\n
        \     \"apiVersion\": \"2020-05-01-preview\"\r\n    },\r\n    {\r\n      \"name\":
        \"Microsoft.SignalRService.webPubSub\",\r\n      \"id\": \"/subscriptions/00000000-0000-0000-0000-000000000000/providers/Microsoft.Network/AvailablePrivateEndpointTypes/Microsoft.SignalRService.webPubSub\",\r\n
        \     \"type\": \"Microsoft.Network/AvailablePrivateEndpointTypes\",\r\n      \"resourceName\":
        \"Microsoft.SignalRService/webPubSub\",\r\n      \"displayName\": \"Microsoft.SignalRService/webPubSub\",\r\n
        \     \"apiVersion\": \"2020-05-01\"\r\n    },\r\n    {\r\n      \"name\":
        \"Microsoft.DeviceUpdate.accounts\",\r\n      \"id\": \"/subscriptions/00000000-0000-0000-0000-000000000000/providers/Microsoft.Network/AvailablePrivateEndpointTypes/Microsoft.DeviceUpdate.accounts\",\r\n
        \     \"type\": \"Microsoft.Network/AvailablePrivateEndpointTypes\",\r\n      \"resourceName\":
        \"Microsoft.DeviceUpdate/accounts\",\r\n      \"displayName\": \"Microsoft.DeviceUpdate/accounts\",\r\n
        \     \"apiVersion\": \"2020-03-01-preview\"\r\n    },\r\n    {\r\n      \"name\":
        \"Microsoft.DBforPostgreSQL.serverGroupsv2\",\r\n      \"id\": \"/subscriptions/00000000-0000-0000-0000-000000000000/providers/Microsoft.Network/AvailablePrivateEndpointTypes/Microsoft.DBforPostgreSQL.serverGroupsv2\",\r\n
        \     \"type\": \"Microsoft.Network/AvailablePrivateEndpointTypes\",\r\n      \"resourceName\":
        \"Microsoft.DBforPostgreSQL/serverGroupsv2\",\r\n      \"displayName\": \"Microsoft.DBforPostgreSQL/serverGroupsv2\",\r\n
        \     \"apiVersion\": \"2020-10-05-privatepreview\"\r\n    },\r\n    {\r\n
        \     \"name\": \"Microsoft.HealthcareApis.workspaces\",\r\n      \"id\":
        \"/subscriptions/00000000-0000-0000-0000-000000000000/providers/Microsoft.Network/AvailablePrivateEndpointTypes/Microsoft.HealthcareApis.workspaces\",\r\n
        \     \"type\": \"Microsoft.Network/AvailablePrivateEndpointTypes\",\r\n      \"resourceName\":
        \"Microsoft.HealthcareApis/workspaces\",\r\n      \"displayName\": \"Microsoft.HealthcareApis/workspaces\",\r\n
        \     \"apiVersion\": \"2021-03-31-preview\"\r\n    },\r\n    {\r\n      \"name\":
        \"Microsoft.ApiManagement.service\",\r\n      \"id\": \"/subscriptions/00000000-0000-0000-0000-000000000000/providers/Microsoft.Network/AvailablePrivateEndpointTypes/Microsoft.ApiManagement.service\",\r\n
        \     \"type\": \"Microsoft.Network/AvailablePrivateEndpointTypes\",\r\n      \"resourceName\":
        \"Microsoft.ApiManagement/service\",\r\n      \"displayName\": \"Microsoft.ApiManagement/service\",\r\n
        \     \"apiVersion\": \"2021-01-01-preview\"\r\n    }\r\n  ]\r\n}"
    headers:
      cache-control:
      - no-cache
      content-length:
      - '33632'
      content-type:
      - application/json; charset=utf-8
      date:
      - Fri, 14 May 2021 05:38:14 GMT
      expires:
      - '-1'
      pragma:
      - no-cache
      server:
      - Microsoft-HTTPAPI/2.0
      - Microsoft-HTTPAPI/2.0
      strict-transport-security:
      - max-age=31536000; includeSubDomains
      transfer-encoding:
      - chunked
      vary:
      - Accept-Encoding
      x-content-type-options:
      - nosniff
      x-ms-arm-service-request-id:
      - 04e4eba5-f72f-45bf-8a55-40d57cd92e9a
    status:
      code: 200
      message: OK
- request:
    body: '{"location": "centralus", "properties": {"subnet": {"id": "/subscriptions/00000000-0000-0000-0000-000000000000/resourceGroups/cli_test_network_private_endpoints000001/providers/Microsoft.Network/virtualNetworks/vnet1/subnets/subnet2",
      "properties": {"privateEndpointNetworkPolicies": "Enabled", "privateLinkServiceNetworkPolicies":
      "Enabled"}}, "privateLinkServiceConnections": [{"name": "tttt", "properties":
      {"privateLinkServiceId": "/subscriptions/00000000-0000-0000-0000-000000000000/resourceGroups/cli_test_network_private_endpoints000001/providers/Microsoft.Network/privateLinkServices/lks1"}}]}}'
    headers:
      Accept:
      - application/json
      Accept-Encoding:
      - gzip, deflate
      CommandName:
      - network private-endpoint create
      Connection:
      - keep-alive
      Content-Length:
      - '672'
      Content-Type:
      - application/json
      ParameterSetName:
      - -g -n --vnet-name --subnet --private-connection-resource-id --connection-name
        -l
      User-Agent:
      - AZURECLI/2.23.0 azsdk-python-azure-mgmt-network/18.0.0 Python/3.7.3 (Windows-10-10.0.19041-SP0)
    method: PUT
    uri: https://management.azure.com/subscriptions/00000000-0000-0000-0000-000000000000/resourceGroups/cli_test_network_private_endpoints000001/providers/Microsoft.Network/privateEndpoints/pe1?api-version=2021-02-01
  response:
    body:
      string: "{\r\n  \"name\": \"pe1\",\r\n  \"id\": \"/subscriptions/00000000-0000-0000-0000-000000000000/resourceGroups/cli_test_network_private_endpoints000001/providers/Microsoft.Network/privateEndpoints/pe1\",\r\n
        \ \"etag\": \"W/\\\"ff182f62-d748-4750-8925-04d86680140c\\\"\",\r\n  \"type\":
        \"Microsoft.Network/privateEndpoints\",\r\n  \"location\": \"centralus\",\r\n
        \ \"properties\": {\r\n    \"provisioningState\": \"Updating\",\r\n    \"resourceGuid\":
        \"3b569ff8-b206-48b0-a0c1-f51627f2f155\",\r\n    \"privateLinkServiceConnections\":
        [\r\n      {\r\n        \"name\": \"tttt\",\r\n        \"id\": \"/subscriptions/00000000-0000-0000-0000-000000000000/resourceGroups/cli_test_network_private_endpoints000001/providers/Microsoft.Network/privateEndpoints/pe1/privateLinkServiceConnections/tttt\",\r\n
        \       \"etag\": \"W/\\\"ff182f62-d748-4750-8925-04d86680140c\\\"\",\r\n
        \       \"properties\": {\r\n          \"provisioningState\": \"Succeeded\",\r\n
        \         \"privateLinkServiceId\": \"/subscriptions/00000000-0000-0000-0000-000000000000/resourceGroups/cli_test_network_private_endpoints000001/providers/Microsoft.Network/privateLinkServices/lks1\",\r\n
        \         \"privateLinkServiceConnectionState\": {\r\n            \"status\":
        \"Approved\",\r\n            \"description\": \"\",\r\n            \"actionsRequired\":
        \"None\"\r\n          }\r\n        },\r\n        \"type\": \"Microsoft.Network/privateEndpoints/privateLinkServiceConnections\"\r\n
        \     }\r\n    ],\r\n    \"manualPrivateLinkServiceConnections\": [],\r\n
        \   \"subnet\": {\r\n      \"id\": \"/subscriptions/00000000-0000-0000-0000-000000000000/resourceGroups/cli_test_network_private_endpoints000001/providers/Microsoft.Network/virtualNetworks/vnet1/subnets/subnet2\"\r\n
        \   },\r\n    \"networkInterfaces\": [\r\n      {\r\n        \"id\": \"/subscriptions/00000000-0000-0000-0000-000000000000/resourceGroups/cli_test_network_private_endpoints000001/providers/Microsoft.Network/networkInterfaces/pe1.nic.19970118-00e2-435c-8fcf-63165cb3195c\"\r\n
        \     }\r\n    ],\r\n    \"customDnsConfigs\": []\r\n  }\r\n}"
    headers:
      azure-asyncnotification:
      - Enabled
      azure-asyncoperation:
      - https://management.azure.com/subscriptions/00000000-0000-0000-0000-000000000000/providers/Microsoft.Network/locations/centralus/operations/ba4939d3-e07e-4575-9612-21b27145c93b?api-version=2021-02-01
      cache-control:
      - no-cache
      content-length:
      - '2081'
      content-type:
      - application/json; charset=utf-8
      date:
      - Fri, 14 May 2021 05:38:21 GMT
      expires:
      - '-1'
      pragma:
      - no-cache
      server:
      - Microsoft-HTTPAPI/2.0
      - Microsoft-HTTPAPI/2.0
      strict-transport-security:
      - max-age=31536000; includeSubDomains
      x-content-type-options:
      - nosniff
      x-ms-arm-service-request-id:
      - 15266e4e-888d-4376-b60f-e48efc546491
      x-ms-ratelimit-remaining-subscription-writes:
      - '1198'
    status:
      code: 201
      message: Created
- request:
    body: null
    headers:
      Accept:
      - '*/*'
      Accept-Encoding:
      - gzip, deflate
      CommandName:
      - network private-endpoint create
      Connection:
      - keep-alive
      ParameterSetName:
      - -g -n --vnet-name --subnet --private-connection-resource-id --connection-name
        -l
      User-Agent:
      - AZURECLI/2.23.0 azsdk-python-azure-mgmt-network/18.0.0 Python/3.7.3 (Windows-10-10.0.19041-SP0)
    method: GET
    uri: https://management.azure.com/subscriptions/00000000-0000-0000-0000-000000000000/providers/Microsoft.Network/locations/centralus/operations/ba4939d3-e07e-4575-9612-21b27145c93b?api-version=2021-02-01
  response:
    body:
      string: "{\r\n  \"status\": \"Succeeded\"\r\n}"
    headers:
      cache-control:
      - no-cache
      content-length:
      - '29'
      content-type:
      - application/json; charset=utf-8
      date:
      - Fri, 14 May 2021 05:38:31 GMT
      expires:
      - '-1'
      pragma:
      - no-cache
      server:
      - Microsoft-HTTPAPI/2.0
      - Microsoft-HTTPAPI/2.0
      strict-transport-security:
      - max-age=31536000; includeSubDomains
      transfer-encoding:
      - chunked
      vary:
      - Accept-Encoding
      x-content-type-options:
      - nosniff
      x-ms-arm-service-request-id:
      - cb656e6d-4728-4bf4-98f4-9f29734909a9
    status:
      code: 200
      message: OK
- request:
    body: null
    headers:
      Accept:
      - '*/*'
      Accept-Encoding:
      - gzip, deflate
      CommandName:
      - network private-endpoint create
      Connection:
      - keep-alive
      ParameterSetName:
      - -g -n --vnet-name --subnet --private-connection-resource-id --connection-name
        -l
      User-Agent:
      - AZURECLI/2.23.0 azsdk-python-azure-mgmt-network/18.0.0 Python/3.7.3 (Windows-10-10.0.19041-SP0)
    method: GET
    uri: https://management.azure.com/subscriptions/00000000-0000-0000-0000-000000000000/resourceGroups/cli_test_network_private_endpoints000001/providers/Microsoft.Network/privateEndpoints/pe1?api-version=2021-02-01
  response:
    body:
      string: "{\r\n  \"name\": \"pe1\",\r\n  \"id\": \"/subscriptions/00000000-0000-0000-0000-000000000000/resourceGroups/cli_test_network_private_endpoints000001/providers/Microsoft.Network/privateEndpoints/pe1\",\r\n
        \ \"etag\": \"W/\\\"f8657a27-3d56-4bdd-b053-0f759c487765\\\"\",\r\n  \"type\":
        \"Microsoft.Network/privateEndpoints\",\r\n  \"location\": \"centralus\",\r\n
        \ \"properties\": {\r\n    \"provisioningState\": \"Succeeded\",\r\n    \"resourceGuid\":
        \"3b569ff8-b206-48b0-a0c1-f51627f2f155\",\r\n    \"privateLinkServiceConnections\":
        [\r\n      {\r\n        \"name\": \"tttt\",\r\n        \"id\": \"/subscriptions/00000000-0000-0000-0000-000000000000/resourceGroups/cli_test_network_private_endpoints000001/providers/Microsoft.Network/privateEndpoints/pe1/privateLinkServiceConnections/tttt\",\r\n
        \       \"etag\": \"W/\\\"f8657a27-3d56-4bdd-b053-0f759c487765\\\"\",\r\n
        \       \"properties\": {\r\n          \"provisioningState\": \"Succeeded\",\r\n
        \         \"privateLinkServiceId\": \"/subscriptions/00000000-0000-0000-0000-000000000000/resourceGroups/cli_test_network_private_endpoints000001/providers/Microsoft.Network/privateLinkServices/lks1\",\r\n
        \         \"privateLinkServiceConnectionState\": {\r\n            \"status\":
        \"Approved\",\r\n            \"description\": \"\",\r\n            \"actionsRequired\":
        \"None\"\r\n          }\r\n        },\r\n        \"type\": \"Microsoft.Network/privateEndpoints/privateLinkServiceConnections\"\r\n
        \     }\r\n    ],\r\n    \"manualPrivateLinkServiceConnections\": [],\r\n
        \   \"subnet\": {\r\n      \"id\": \"/subscriptions/00000000-0000-0000-0000-000000000000/resourceGroups/cli_test_network_private_endpoints000001/providers/Microsoft.Network/virtualNetworks/vnet1/subnets/subnet2\"\r\n
        \   },\r\n    \"networkInterfaces\": [\r\n      {\r\n        \"id\": \"/subscriptions/00000000-0000-0000-0000-000000000000/resourceGroups/cli_test_network_private_endpoints000001/providers/Microsoft.Network/networkInterfaces/pe1.nic.19970118-00e2-435c-8fcf-63165cb3195c\"\r\n
        \     }\r\n    ],\r\n    \"customDnsConfigs\": []\r\n  }\r\n}"
    headers:
      cache-control:
      - no-cache
      content-length:
      - '2082'
      content-type:
      - application/json; charset=utf-8
      date:
      - Fri, 14 May 2021 05:38:32 GMT
      etag:
      - W/"f8657a27-3d56-4bdd-b053-0f759c487765"
      expires:
      - '-1'
      pragma:
      - no-cache
      server:
      - Microsoft-HTTPAPI/2.0
      - Microsoft-HTTPAPI/2.0
      strict-transport-security:
      - max-age=31536000; includeSubDomains
      transfer-encoding:
      - chunked
      vary:
      - Accept-Encoding
      x-content-type-options:
      - nosniff
      x-ms-arm-service-request-id:
      - 60ab2fb9-1274-48cf-89b5-4686b1541c02
    status:
      code: 200
      message: OK
- request:
    body: null
    headers:
      Accept:
      - application/json
      Accept-Encoding:
      - gzip, deflate
      CommandName:
      - network private-endpoint list
      Connection:
      - keep-alive
      User-Agent:
      - AZURECLI/2.23.0 azsdk-python-azure-mgmt-network/18.0.0 Python/3.7.3 (Windows-10-10.0.19041-SP0)
    method: GET
    uri: https://management.azure.com/subscriptions/00000000-0000-0000-0000-000000000000/providers/Microsoft.Network/privateEndpoints?api-version=2021-02-01
  response:
    body:
      string: '{"value":[{"name":"pe1","id":"/subscriptions/00000000-0000-0000-0000-000000000000/resourceGroups/cli_test_network_private_endpoints000001/providers/Microsoft.Network/privateEndpoints/pe1","etag":"W/\"f8657a27-3d56-4bdd-b053-0f759c487765\"","type":"Microsoft.Network/privateEndpoints","location":"centralus","properties":{"provisioningState":"Succeeded","resourceGuid":"3b569ff8-b206-48b0-a0c1-f51627f2f155","privateLinkServiceConnections":[{"name":"tttt","id":"/subscriptions/00000000-0000-0000-0000-000000000000/resourceGroups/cli_test_network_private_endpoints000001/providers/Microsoft.Network/privateEndpoints/pe1/privateLinkServiceConnections/tttt","etag":"W/\"f8657a27-3d56-4bdd-b053-0f759c487765\"","properties":{"provisioningState":"Succeeded","privateLinkServiceId":"/subscriptions/00000000-0000-0000-0000-000000000000/resourceGroups/cli_test_network_private_endpoints000001/providers/Microsoft.Network/privateLinkServices/lks1","privateLinkServiceConnectionState":{"status":"Approved","description":"","actionsRequired":"None"}},"type":"Microsoft.Network/privateEndpoints/privateLinkServiceConnections"}],"manualPrivateLinkServiceConnections":[],"subnet":{"id":"/subscriptions/00000000-0000-0000-0000-000000000000/resourceGroups/cli_test_network_private_endpoints000001/providers/Microsoft.Network/virtualNetworks/vnet1/subnets/subnet2"},"networkInterfaces":[{"id":"/subscriptions/00000000-0000-0000-0000-000000000000/resourceGroups/cli_test_network_private_endpoints000001/providers/Microsoft.Network/networkInterfaces/pe1.nic.19970118-00e2-435c-8fcf-63165cb3195c"}],"customDnsConfigs":[]}},{"name":"cli-pe-i3v5spahcyfaoy4mx","id":"/subscriptions/00000000-0000-0000-0000-000000000000/resourceGroups/fanqiu_cli_test_network_private_endpointsknwa3tkc3rn5v6f5ubvw7gifk32m2cfrw2/providers/Microsoft.Network/privateEndpoints/cli-pe-i3v5spahcyfaoy4mx","etag":"W/\"d6876032-0a21-45a2-8e67-de7d7f91963f\"","type":"Microsoft.Network/privateEndpoints","location":"centraluseuap","properties":{"provisioningState":"Succeeded","resourceGuid":"e148c515-4d63-44a5-a946-b45a39805961","privateLinkServiceConnections":[{"name":"cli-pec-t52czx2ni2342mbq","id":"/subscriptions/00000000-0000-0000-0000-000000000000/resourceGroups/fanqiu_cli_test_network_private_endpointsknwa3tkc3rn5v6f5ubvw7gifk32m2cfrw2/providers/Microsoft.Network/privateEndpoints/cli-pe-i3v5spahcyfaoy4mx/privateLinkServiceConnections/cli-pec-t52czx2ni2342mbq","etag":"W/\"d6876032-0a21-45a2-8e67-de7d7f91963f\"","properties":{"provisioningState":"Succeeded","privateLinkServiceId":"/subscriptions/00000000-0000-0000-0000-000000000000/resourceGroups/fanqiu_cli_test_network_private_endpointsknwa3tkc3rn5v6f5ubvw7gifk32m2cfrw2/providers/Microsoft.Storage/storageAccounts/saplrlwhfbutkm442vshuaqc","groupIds":["blob"],"privateLinkServiceConnectionState":{"status":"Approved","description":"Auto-Approved","actionsRequired":"None"}},"type":"Microsoft.Network/privateEndpoints/privateLinkServiceConnections"}],"manualPrivateLinkServiceConnections":[],"subnet":{"id":"/subscriptions/00000000-0000-0000-0000-000000000000/resourceGroups/fanqiu_cli_test_network_private_endpointsknwa3tkc3rn5v6f5ubvw7gifk32m2cfrw2/providers/Microsoft.Network/virtualNetworks/cli-vnet-4xgrhg2d744t4ea/subnets/cli-subnet-5zgi4at3qasrp"},"networkInterfaces":[{"id":"/subscriptions/00000000-0000-0000-0000-000000000000/resourceGroups/fanqiu_cli_test_network_private_endpointsknwa3tkc3rn5v6f5ubvw7gifk32m2cfrw2/providers/Microsoft.Network/networkInterfaces/cli-pe-i3v5spahcyfaoy4mx.nic.644ffdf7-61dc-4136-a42f-66e808c3e447"}],"customDnsConfigs":[{"fqdn":"saplrlwhfbutkm442vshuaqc.blob.core.windows.net","ipAddresses":["10.0.0.4"]}]}}]}'
    headers:
      cache-control:
      - no-cache
      content-length:
      - '3842'
      content-type:
      - application/json; charset=utf-8
      date:
      - Fri, 14 May 2021 05:38:33 GMT
      expires:
      - '-1'
      pragma:
      - no-cache
      strict-transport-security:
      - max-age=31536000; includeSubDomains
      vary:
      - Accept-Encoding
      x-content-type-options:
      - nosniff
      x-ms-original-request-ids:
      - fc20b829-1675-468f-aeb6-e325b464261c
      - ce233bd0-6b59-4ea4-b366-57c9ee0079a4
    status:
      code: 200
      message: OK
- request:
    body: null
    headers:
      Accept:
      - application/json
      Accept-Encoding:
      - gzip, deflate
      CommandName:
      - network private-endpoint list
      Connection:
      - keep-alive
      ParameterSetName:
      - -g
      User-Agent:
      - AZURECLI/2.23.0 azsdk-python-azure-mgmt-network/18.0.0 Python/3.7.3 (Windows-10-10.0.19041-SP0)
    method: GET
    uri: https://management.azure.com/subscriptions/00000000-0000-0000-0000-000000000000/resourceGroups/cli_test_network_private_endpoints000001/providers/Microsoft.Network/privateEndpoints?api-version=2021-02-01
  response:
    body:
      string: "{\r\n  \"value\": [\r\n    {\r\n      \"name\": \"pe1\",\r\n      \"id\":
        \"/subscriptions/00000000-0000-0000-0000-000000000000/resourceGroups/cli_test_network_private_endpoints000001/providers/Microsoft.Network/privateEndpoints/pe1\",\r\n
        \     \"etag\": \"W/\\\"f8657a27-3d56-4bdd-b053-0f759c487765\\\"\",\r\n      \"type\":
        \"Microsoft.Network/privateEndpoints\",\r\n      \"location\": \"centralus\",\r\n
        \     \"properties\": {\r\n        \"provisioningState\": \"Succeeded\",\r\n
        \       \"resourceGuid\": \"3b569ff8-b206-48b0-a0c1-f51627f2f155\",\r\n        \"privateLinkServiceConnections\":
        [\r\n          {\r\n            \"name\": \"tttt\",\r\n            \"id\":
        \"/subscriptions/00000000-0000-0000-0000-000000000000/resourceGroups/cli_test_network_private_endpoints000001/providers/Microsoft.Network/privateEndpoints/pe1/privateLinkServiceConnections/tttt\",\r\n
        \           \"etag\": \"W/\\\"f8657a27-3d56-4bdd-b053-0f759c487765\\\"\",\r\n
        \           \"properties\": {\r\n              \"provisioningState\": \"Succeeded\",\r\n
        \             \"privateLinkServiceId\": \"/subscriptions/00000000-0000-0000-0000-000000000000/resourceGroups/cli_test_network_private_endpoints000001/providers/Microsoft.Network/privateLinkServices/lks1\",\r\n
        \             \"privateLinkServiceConnectionState\": {\r\n                \"status\":
        \"Approved\",\r\n                \"description\": \"\",\r\n                \"actionsRequired\":
        \"None\"\r\n              }\r\n            },\r\n            \"type\": \"Microsoft.Network/privateEndpoints/privateLinkServiceConnections\"\r\n
        \         }\r\n        ],\r\n        \"manualPrivateLinkServiceConnections\":
        [],\r\n        \"subnet\": {\r\n          \"id\": \"/subscriptions/00000000-0000-0000-0000-000000000000/resourceGroups/cli_test_network_private_endpoints000001/providers/Microsoft.Network/virtualNetworks/vnet1/subnets/subnet2\"\r\n
        \       },\r\n        \"networkInterfaces\": [\r\n          {\r\n            \"id\":
        \"/subscriptions/00000000-0000-0000-0000-000000000000/resourceGroups/cli_test_network_private_endpoints000001/providers/Microsoft.Network/networkInterfaces/pe1.nic.19970118-00e2-435c-8fcf-63165cb3195c\"\r\n
        \         }\r\n        ],\r\n        \"customDnsConfigs\": []\r\n      }\r\n
        \   }\r\n  ]\r\n}"
    headers:
      cache-control:
      - no-cache
      content-length:
      - '2259'
      content-type:
      - application/json; charset=utf-8
      date:
      - Fri, 14 May 2021 05:38:34 GMT
      expires:
      - '-1'
      pragma:
      - no-cache
      server:
      - Microsoft-HTTPAPI/2.0
      - Microsoft-HTTPAPI/2.0
      strict-transport-security:
      - max-age=31536000; includeSubDomains
      transfer-encoding:
      - chunked
      vary:
      - Accept-Encoding
      x-content-type-options:
      - nosniff
      x-ms-arm-service-request-id:
      - ab56638c-c141-457b-9680-428ec19d4d92
    status:
      code: 200
      message: OK
- request:
    body: null
    headers:
      Accept:
      - application/json
      Accept-Encoding:
      - gzip, deflate
      CommandName:
      - network private-link-service show
      Connection:
      - keep-alive
      ParameterSetName:
      - -g -n
      User-Agent:
      - AZURECLI/2.23.0 azsdk-python-azure-mgmt-network/18.0.0 Python/3.7.3 (Windows-10-10.0.19041-SP0)
    method: GET
    uri: https://management.azure.com/subscriptions/00000000-0000-0000-0000-000000000000/resourceGroups/cli_test_network_private_endpoints000001/providers/Microsoft.Network/privateLinkServices/lks1?api-version=2021-02-01
  response:
    body:
      string: "{\r\n  \"name\": \"lks1\",\r\n  \"id\": \"/subscriptions/00000000-0000-0000-0000-000000000000/resourceGroups/cli_test_network_private_endpoints000001/providers/Microsoft.Network/privateLinkServices/lks1\",\r\n
        \ \"etag\": \"W/\\\"e0f58147-23db-451a-ae22-34c0cacd3a26\\\"\",\r\n  \"type\":
        \"Microsoft.Network/privateLinkServices\",\r\n  \"location\": \"centralus\",\r\n
        \ \"properties\": {\r\n    \"provisioningState\": \"Succeeded\",\r\n    \"resourceGuid\":
        \"809058d7-18da-4025-aed7-d4a4c1965555\",\r\n    \"fqdns\": [],\r\n    \"alias\":
        \"lks1.b1314441-7e73-40da-b984-9830886cd724.centralus.azure.privatelinkservice\",\r\n
        \   \"enableProxyProtocol\": false,\r\n    \"loadBalancerFrontendIpConfigurations\":
        [\r\n      {\r\n        \"id\": \"/subscriptions/00000000-0000-0000-0000-000000000000/resourceGroups/cli_test_network_private_endpoints000001/providers/Microsoft.Network/loadBalancers/lb1/frontendIPConfigurations/LoadBalancerFrontEnd\"\r\n
        \     }\r\n    ],\r\n    \"ipConfigurations\": [\r\n      {\r\n        \"name\":
        \"lks1_ipconfig_0\",\r\n        \"id\": \"/subscriptions/00000000-0000-0000-0000-000000000000/resourceGroups/cli_test_network_private_endpoints000001/providers/Microsoft.Network/privateLinkServices/lks1/ipConfigurations/lks1_ipconfig_0\",\r\n
        \       \"etag\": \"W/\\\"e0f58147-23db-451a-ae22-34c0cacd3a26\\\"\",\r\n
        \       \"type\": \"Microsoft.Network/privateLinkServices/ipConfigurations\",\r\n
        \       \"properties\": {\r\n          \"provisioningState\": \"Succeeded\",\r\n
        \         \"privateIPAllocationMethod\": \"Dynamic\",\r\n          \"subnet\":
        {\r\n            \"id\": \"/subscriptions/00000000-0000-0000-0000-000000000000/resourceGroups/cli_test_network_private_endpoints000001/providers/Microsoft.Network/virtualNetworks/vnet1/subnets/subnet1\"\r\n
        \         },\r\n          \"primary\": true,\r\n          \"privateIPAddressVersion\":
        \"IPv4\"\r\n        }\r\n      }\r\n    ],\r\n    \"privateEndpointConnections\":
        [\r\n      {\r\n        \"name\": \"pe1.3b569ff8-b206-48b0-a0c1-f51627f2f155\",\r\n
        \       \"id\": \"/subscriptions/00000000-0000-0000-0000-000000000000/resourceGroups/cli_test_network_private_endpoints000001/providers/Microsoft.Network/privateLinkServices/lks1/privateEndpointConnections/pe1.3b569ff8-b206-48b0-a0c1-f51627f2f155\",\r\n
        \       \"etag\": \"W/\\\"e0f58147-23db-451a-ae22-34c0cacd3a26\\\"\",\r\n
        \       \"properties\": {\r\n          \"provisioningState\": \"Succeeded\",\r\n
        \         \"privateEndpoint\": {\r\n            \"id\": \"/subscriptions/00000000-0000-0000-0000-000000000000/resourceGroups/cli_test_network_private_endpoints000001/providers/Microsoft.Network/privateEndpoints/pe1\"\r\n
        \         },\r\n          \"privateLinkServiceConnectionState\": {\r\n            \"status\":
        \"Approved\",\r\n            \"description\": \"\",\r\n            \"actionsRequired\":
        \"None\"\r\n          },\r\n          \"linkIdentifier\": \"520157735\"\r\n
        \       },\r\n        \"type\": \"Microsoft.Network/privateLinkServices/privateEndpointConnections\"\r\n
        \     }\r\n    ],\r\n    \"networkInterfaces\": [\r\n      {\r\n        \"id\":
        \"/subscriptions/00000000-0000-0000-0000-000000000000/resourceGroups/cli_test_network_private_endpoints000001/providers/Microsoft.Network/networkInterfaces/lks1.nic.042daf30-1a85-4735-b2cf-1e3ae1cabeb9\"\r\n
        \     }\r\n    ]\r\n  }\r\n}"
    headers:
      cache-control:
      - no-cache
      content-length:
      - '3320'
      content-type:
      - application/json; charset=utf-8
      date:
      - Fri, 14 May 2021 05:38:35 GMT
      etag:
      - W/"e0f58147-23db-451a-ae22-34c0cacd3a26"
      expires:
      - '-1'
      pragma:
      - no-cache
      server:
      - Microsoft-HTTPAPI/2.0
      - Microsoft-HTTPAPI/2.0
      strict-transport-security:
      - max-age=31536000; includeSubDomains
      transfer-encoding:
      - chunked
      vary:
      - Accept-Encoding
      x-content-type-options:
      - nosniff
      x-ms-arm-service-request-id:
      - 17d42897-c186-4c76-852d-12355609d550
    status:
      code: 200
      message: OK
- request:
    body: '{"properties": {"privateLinkServiceConnectionState": {"status": "Rejected",
      "actionsRequired": "need action"}}}'
    headers:
      Accept:
      - application/json
      Accept-Encoding:
      - gzip, deflate
      CommandName:
      - network private-link-service connection update
      Connection:
      - keep-alive
      Content-Length:
      - '111'
      Content-Type:
      - application/json
      ParameterSetName:
      - -g -n --service-name --connection-status --action-required
      User-Agent:
      - AZURECLI/2.23.0 azsdk-python-azure-mgmt-network/18.0.0 Python/3.7.3 (Windows-10-10.0.19041-SP0)
    method: PUT
    uri: https://management.azure.com/subscriptions/00000000-0000-0000-0000-000000000000/resourceGroups/cli_test_network_private_endpoints000001/providers/Microsoft.Network/privateLinkServices/lks1/privateEndpointConnections/pe1.3b569ff8-b206-48b0-a0c1-f51627f2f155?api-version=2021-02-01
  response:
    body:
      string: "{\r\n  \"name\": \"pe1.3b569ff8-b206-48b0-a0c1-f51627f2f155\",\r\n
        \ \"id\": \"/subscriptions/00000000-0000-0000-0000-000000000000/resourceGroups/cli_test_network_private_endpoints000001/providers/Microsoft.Network/privateLinkServices/lks1/privateEndpointConnections/pe1.3b569ff8-b206-48b0-a0c1-f51627f2f155\",\r\n
        \ \"etag\": \"W/\\\"cf31308c-08a2-40ec-98a4-cc0dda44eca9\\\"\",\r\n  \"properties\":
        {\r\n    \"provisioningState\": \"Updating\",\r\n    \"privateEndpoint\":
        {\r\n      \"id\": \"/subscriptions/00000000-0000-0000-0000-000000000000/resourceGroups/cli_test_network_private_endpoints000001/providers/Microsoft.Network/privateEndpoints/pe1\"\r\n
        \   },\r\n    \"privateLinkServiceConnectionState\": {\r\n      \"status\":
        \"Rejected\",\r\n      \"description\": \"\",\r\n      \"actionsRequired\":
        \"need action\"\r\n    },\r\n    \"linkIdentifier\": \"520157735\"\r\n  },\r\n
        \ \"type\": \"Microsoft.Network/privateLinkServices/privateEndpointConnections\"\r\n}"
    headers:
      azure-asyncoperation:
      - https://management.azure.com/subscriptions/00000000-0000-0000-0000-000000000000/providers/Microsoft.Network/locations/centralus/operations/225d8a35-ce45-4ad8-aedf-41a6438b812d?api-version=2021-02-01
      cache-control:
      - no-cache
      content-length:
      - '956'
      content-type:
      - application/json; charset=utf-8
      date:
      - Fri, 14 May 2021 05:38:34 GMT
      expires:
      - '-1'
      pragma:
      - no-cache
      server:
      - Microsoft-HTTPAPI/2.0
      - Microsoft-HTTPAPI/2.0
      strict-transport-security:
      - max-age=31536000; includeSubDomains
      transfer-encoding:
      - chunked
      vary:
      - Accept-Encoding
      x-content-type-options:
      - nosniff
      x-ms-arm-service-request-id:
      - 73be8b07-cd21-4dbd-a437-8bf1f9d63444
      x-ms-ratelimit-remaining-subscription-writes:
      - '1198'
    status:
      code: 200
      message: OK
- request:
    body: null
    headers:
      Accept:
      - application/json
      Accept-Encoding:
      - gzip, deflate
      CommandName:
      - network private-endpoint show
      Connection:
      - keep-alive
      ParameterSetName:
      - -g -n
      User-Agent:
      - AZURECLI/2.23.0 azsdk-python-azure-mgmt-network/18.0.0 Python/3.7.3 (Windows-10-10.0.19041-SP0)
    method: GET
    uri: https://management.azure.com/subscriptions/00000000-0000-0000-0000-000000000000/resourceGroups/cli_test_network_private_endpoints000001/providers/Microsoft.Network/privateEndpoints/pe1?api-version=2021-02-01
  response:
    body:
      string: "{\r\n  \"name\": \"pe1\",\r\n  \"id\": \"/subscriptions/00000000-0000-0000-0000-000000000000/resourceGroups/cli_test_network_private_endpoints000001/providers/Microsoft.Network/privateEndpoints/pe1\",\r\n
        \ \"etag\": \"W/\\\"993dad5c-ef33-4e62-b028-78a8be4cb5ca\\\"\",\r\n  \"type\":
        \"Microsoft.Network/privateEndpoints\",\r\n  \"location\": \"centralus\",\r\n
        \ \"properties\": {\r\n    \"provisioningState\": \"Succeeded\",\r\n    \"resourceGuid\":
        \"3b569ff8-b206-48b0-a0c1-f51627f2f155\",\r\n    \"privateLinkServiceConnections\":
        [\r\n      {\r\n        \"name\": \"tttt\",\r\n        \"id\": \"/subscriptions/00000000-0000-0000-0000-000000000000/resourceGroups/cli_test_network_private_endpoints000001/providers/Microsoft.Network/privateEndpoints/pe1/privateLinkServiceConnections/tttt\",\r\n
        \       \"etag\": \"W/\\\"993dad5c-ef33-4e62-b028-78a8be4cb5ca\\\"\",\r\n
        \       \"properties\": {\r\n          \"provisioningState\": \"Succeeded\",\r\n
        \         \"privateLinkServiceId\": \"/subscriptions/00000000-0000-0000-0000-000000000000/resourceGroups/cli_test_network_private_endpoints000001/providers/Microsoft.Network/privateLinkServices/lks1\",\r\n
        \         \"privateLinkServiceConnectionState\": {\r\n            \"status\":
        \"Rejected\",\r\n            \"description\": \"\",\r\n            \"actionsRequired\":
        \"need action\"\r\n          }\r\n        },\r\n        \"type\": \"Microsoft.Network/privateEndpoints/privateLinkServiceConnections\"\r\n
        \     }\r\n    ],\r\n    \"manualPrivateLinkServiceConnections\": [],\r\n
        \   \"subnet\": {\r\n      \"id\": \"/subscriptions/00000000-0000-0000-0000-000000000000/resourceGroups/cli_test_network_private_endpoints000001/providers/Microsoft.Network/virtualNetworks/vnet1/subnets/subnet2\"\r\n
        \   },\r\n    \"networkInterfaces\": [\r\n      {\r\n        \"id\": \"/subscriptions/00000000-0000-0000-0000-000000000000/resourceGroups/cli_test_network_private_endpoints000001/providers/Microsoft.Network/networkInterfaces/pe1.nic.19970118-00e2-435c-8fcf-63165cb3195c\"\r\n
        \     }\r\n    ],\r\n    \"customDnsConfigs\": []\r\n  }\r\n}"
    headers:
      cache-control:
      - no-cache
      content-length:
      - '2089'
      content-type:
      - application/json; charset=utf-8
      date:
      - Fri, 14 May 2021 05:38:35 GMT
      etag:
      - W/"993dad5c-ef33-4e62-b028-78a8be4cb5ca"
      expires:
      - '-1'
      pragma:
      - no-cache
      server:
      - Microsoft-HTTPAPI/2.0
      - Microsoft-HTTPAPI/2.0
      strict-transport-security:
      - max-age=31536000; includeSubDomains
      transfer-encoding:
      - chunked
      vary:
      - Accept-Encoding
      x-content-type-options:
      - nosniff
      x-ms-arm-service-request-id:
      - 413d0a40-ee48-4f67-92de-0db2f698225b
    status:
      code: 200
      message: OK
- request:
    body: null
    headers:
      Accept:
      - application/json
      Accept-Encoding:
      - gzip, deflate
      CommandName:
      - network private-link-service connection delete
      Connection:
      - keep-alive
      Content-Length:
      - '0'
      ParameterSetName:
      - -g -n --service-name
      User-Agent:
      - AZURECLI/2.23.0 azsdk-python-azure-mgmt-network/18.0.0 Python/3.7.3 (Windows-10-10.0.19041-SP0)
    method: DELETE
    uri: https://management.azure.com/subscriptions/00000000-0000-0000-0000-000000000000/resourceGroups/cli_test_network_private_endpoints000001/providers/Microsoft.Network/privateLinkServices/lks1/privateEndpointConnections/pe1.3b569ff8-b206-48b0-a0c1-f51627f2f155?api-version=2021-02-01
  response:
    body:
      string: ''
    headers:
      azure-asyncoperation:
      - https://management.azure.com/subscriptions/00000000-0000-0000-0000-000000000000/providers/Microsoft.Network/locations/centralus/operations/77daa8d6-5e08-48b1-b1cf-041709945dda?api-version=2021-02-01
      cache-control:
      - no-cache
      content-length:
      - '0'
      date:
      - Fri, 14 May 2021 05:38:36 GMT
      expires:
      - '-1'
      location:
      - https://management.azure.com/subscriptions/00000000-0000-0000-0000-000000000000/providers/Microsoft.Network/locations/centralus/operationResults/77daa8d6-5e08-48b1-b1cf-041709945dda?api-version=2021-02-01
      pragma:
      - no-cache
      server:
      - Microsoft-HTTPAPI/2.0
      - Microsoft-HTTPAPI/2.0
      strict-transport-security:
      - max-age=31536000; includeSubDomains
      x-content-type-options:
      - nosniff
      x-ms-arm-service-request-id:
      - c423e7da-fa7f-4529-acf3-416e87b7c8b9
      x-ms-ratelimit-remaining-subscription-deletes:
      - '14998'
    status:
      code: 202
      message: Accepted
- request:
    body: null
    headers:
      Accept:
      - '*/*'
      Accept-Encoding:
      - gzip, deflate
      CommandName:
      - network private-link-service connection delete
      Connection:
      - keep-alive
      ParameterSetName:
      - -g -n --service-name
      User-Agent:
      - AZURECLI/2.23.0 azsdk-python-azure-mgmt-network/18.0.0 Python/3.7.3 (Windows-10-10.0.19041-SP0)
    method: GET
    uri: https://management.azure.com/subscriptions/00000000-0000-0000-0000-000000000000/providers/Microsoft.Network/locations/centralus/operations/77daa8d6-5e08-48b1-b1cf-041709945dda?api-version=2021-02-01
  response:
    body:
      string: "{\r\n  \"status\": \"Succeeded\"\r\n}"
    headers:
      cache-control:
      - no-cache
      content-length:
      - '29'
      content-type:
      - application/json; charset=utf-8
      date:
      - Fri, 14 May 2021 05:38:47 GMT
      expires:
      - '-1'
      pragma:
      - no-cache
      server:
      - Microsoft-HTTPAPI/2.0
      - Microsoft-HTTPAPI/2.0
      strict-transport-security:
      - max-age=31536000; includeSubDomains
      transfer-encoding:
      - chunked
      vary:
      - Accept-Encoding
      x-content-type-options:
      - nosniff
      x-ms-arm-service-request-id:
      - 55dcbcba-e39c-4556-9cdf-df68ee760b2a
    status:
      code: 200
      message: OK
- request:
    body: null
    headers:
      Accept:
      - application/json
      Accept-Encoding:
      - gzip, deflate
      CommandName:
      - network private-link-service show
      Connection:
      - keep-alive
      ParameterSetName:
      - -g -n
      User-Agent:
      - AZURECLI/2.23.0 azsdk-python-azure-mgmt-network/18.0.0 Python/3.7.3 (Windows-10-10.0.19041-SP0)
    method: GET
    uri: https://management.azure.com/subscriptions/00000000-0000-0000-0000-000000000000/resourceGroups/cli_test_network_private_endpoints000001/providers/Microsoft.Network/privateLinkServices/lks1?api-version=2021-02-01
  response:
    body:
      string: "{\r\n  \"name\": \"lks1\",\r\n  \"id\": \"/subscriptions/00000000-0000-0000-0000-000000000000/resourceGroups/cli_test_network_private_endpoints000001/providers/Microsoft.Network/privateLinkServices/lks1\",\r\n
        \ \"etag\": \"W/\\\"9150fdbd-2f12-496e-a925-df6373b0b133\\\"\",\r\n  \"type\":
        \"Microsoft.Network/privateLinkServices\",\r\n  \"location\": \"centralus\",\r\n
        \ \"properties\": {\r\n    \"provisioningState\": \"Succeeded\",\r\n    \"resourceGuid\":
        \"809058d7-18da-4025-aed7-d4a4c1965555\",\r\n    \"fqdns\": [],\r\n    \"alias\":
        \"lks1.b1314441-7e73-40da-b984-9830886cd724.centralus.azure.privatelinkservice\",\r\n
        \   \"enableProxyProtocol\": false,\r\n    \"loadBalancerFrontendIpConfigurations\":
        [\r\n      {\r\n        \"id\": \"/subscriptions/00000000-0000-0000-0000-000000000000/resourceGroups/cli_test_network_private_endpoints000001/providers/Microsoft.Network/loadBalancers/lb1/frontendIPConfigurations/LoadBalancerFrontEnd\"\r\n
        \     }\r\n    ],\r\n    \"ipConfigurations\": [\r\n      {\r\n        \"name\":
        \"lks1_ipconfig_0\",\r\n        \"id\": \"/subscriptions/00000000-0000-0000-0000-000000000000/resourceGroups/cli_test_network_private_endpoints000001/providers/Microsoft.Network/privateLinkServices/lks1/ipConfigurations/lks1_ipconfig_0\",\r\n
        \       \"etag\": \"W/\\\"9150fdbd-2f12-496e-a925-df6373b0b133\\\"\",\r\n
        \       \"type\": \"Microsoft.Network/privateLinkServices/ipConfigurations\",\r\n
        \       \"properties\": {\r\n          \"provisioningState\": \"Succeeded\",\r\n
        \         \"privateIPAllocationMethod\": \"Dynamic\",\r\n          \"subnet\":
        {\r\n            \"id\": \"/subscriptions/00000000-0000-0000-0000-000000000000/resourceGroups/cli_test_network_private_endpoints000001/providers/Microsoft.Network/virtualNetworks/vnet1/subnets/subnet1\"\r\n
        \         },\r\n          \"primary\": true,\r\n          \"privateIPAddressVersion\":
        \"IPv4\"\r\n        }\r\n      }\r\n    ],\r\n    \"privateEndpointConnections\":
        [],\r\n    \"networkInterfaces\": [\r\n      {\r\n        \"id\": \"/subscriptions/00000000-0000-0000-0000-000000000000/resourceGroups/cli_test_network_private_endpoints000001/providers/Microsoft.Network/networkInterfaces/lks1.nic.042daf30-1a85-4735-b2cf-1e3ae1cabeb9\"\r\n
        \     }\r\n    ]\r\n  }\r\n}"
    headers:
      cache-control:
      - no-cache
      content-length:
      - '2254'
      content-type:
      - application/json; charset=utf-8
      date:
      - Fri, 14 May 2021 05:38:48 GMT
      etag:
      - W/"9150fdbd-2f12-496e-a925-df6373b0b133"
      expires:
      - '-1'
      pragma:
      - no-cache
      server:
      - Microsoft-HTTPAPI/2.0
      - Microsoft-HTTPAPI/2.0
      strict-transport-security:
      - max-age=31536000; includeSubDomains
      transfer-encoding:
      - chunked
      vary:
      - Accept-Encoding
      x-content-type-options:
      - nosniff
      x-ms-arm-service-request-id:
      - 769dd1fe-7fc4-4b11-a9e3-b8ea9b953361
    status:
      code: 200
      message: OK
- request:
    body: null
    headers:
      Accept:
      - application/json
      Accept-Encoding:
      - gzip, deflate
      CommandName:
      - network private-endpoint delete
      Connection:
      - keep-alive
      Content-Length:
      - '0'
      ParameterSetName:
      - -g -n
      User-Agent:
      - AZURECLI/2.23.0 azsdk-python-azure-mgmt-network/18.0.0 Python/3.7.3 (Windows-10-10.0.19041-SP0)
    method: DELETE
    uri: https://management.azure.com/subscriptions/00000000-0000-0000-0000-000000000000/resourceGroups/cli_test_network_private_endpoints000001/providers/Microsoft.Network/privateEndpoints/pe1?api-version=2021-02-01
  response:
    body:
      string: ''
    headers:
      azure-asyncnotification:
      - Enabled
      azure-asyncoperation:
      - https://management.azure.com/subscriptions/00000000-0000-0000-0000-000000000000/providers/Microsoft.Network/locations/centralus/operations/8dd7bb0f-e41b-400d-8a05-e51d69ad2fad?api-version=2021-02-01
      cache-control:
      - no-cache
      content-length:
      - '0'
      date:
      - Fri, 14 May 2021 05:38:49 GMT
      expires:
      - '-1'
      location:
      - https://management.azure.com/subscriptions/00000000-0000-0000-0000-000000000000/providers/Microsoft.Network/locations/centralus/operationResults/8dd7bb0f-e41b-400d-8a05-e51d69ad2fad?api-version=2021-02-01
      pragma:
      - no-cache
      server:
      - Microsoft-HTTPAPI/2.0
      - Microsoft-HTTPAPI/2.0
      strict-transport-security:
      - max-age=31536000; includeSubDomains
      x-content-type-options:
      - nosniff
      x-ms-arm-service-request-id:
      - 35d818b2-a2b1-4b10-b191-ea7793d14e75
      x-ms-ratelimit-remaining-subscription-deletes:
      - '14997'
    status:
      code: 202
      message: Accepted
- request:
    body: null
    headers:
      Accept:
      - '*/*'
      Accept-Encoding:
      - gzip, deflate
      CommandName:
      - network private-endpoint delete
      Connection:
      - keep-alive
      ParameterSetName:
      - -g -n
      User-Agent:
      - AZURECLI/2.23.0 azsdk-python-azure-mgmt-network/18.0.0 Python/3.7.3 (Windows-10-10.0.19041-SP0)
    method: GET
    uri: https://management.azure.com/subscriptions/00000000-0000-0000-0000-000000000000/providers/Microsoft.Network/locations/centralus/operations/8dd7bb0f-e41b-400d-8a05-e51d69ad2fad?api-version=2021-02-01
  response:
    body:
      string: "{\r\n  \"status\": \"Succeeded\"\r\n}"
    headers:
      cache-control:
      - no-cache
      content-length:
      - '29'
      content-type:
      - application/json; charset=utf-8
      date:
      - Fri, 14 May 2021 05:38:59 GMT
      expires:
      - '-1'
      pragma:
      - no-cache
      server:
      - Microsoft-HTTPAPI/2.0
      - Microsoft-HTTPAPI/2.0
      strict-transport-security:
      - max-age=31536000; includeSubDomains
      transfer-encoding:
      - chunked
      vary:
      - Accept-Encoding
      x-content-type-options:
      - nosniff
      x-ms-arm-service-request-id:
      - 14aa40a9-659b-4e1e-a92d-7852155be524
    status:
      code: 200
      message: OK
version: 1
