interactions:
- request:
    body: '{"location": "global", "properties": {"zoneType": "Public"}}'
    headers:
      Accept:
      - application/json
      Accept-Encoding:
      - gzip, deflate
      CommandName:
      - network dns zone import
      Connection:
      - keep-alive
      Content-Length:
      - '60'
      Content-Type:
      - application/json; charset=utf-8
      ParameterSetName:
      - -n -g --file-name
      User-Agent:
      - python/3.7.8 (Windows-10-10.0.19041-SP0) msrest/0.6.18 msrest_azure/0.6.3
        azure-mgmt-dns/2.1.0 Azure-SDK-For-Python AZURECLI/2.16.0
      accept-language:
      - en-US
    method: PUT
    uri: https://management.azure.com/subscriptions/00000000-0000-0000-0000-000000000000/resourceGroups/cli_dns_zone3_import000001/providers/Microsoft.Network/dnsZones/zone3.com?api-version=2018-05-01
  response:
    body:
      string: '{"id":"\/subscriptions\/00000000-0000-0000-0000-000000000000\/resourceGroups\/cli_dns_zone3_import000001\/providers\/Microsoft.Network\/dnszones\/zone3.com","name":"zone3.com","type":"Microsoft.Network\/dnszones","etag":"00000002-0000-0000-23c3-26506cd3d601","location":"global","tags":{},"properties":{"maxNumberOfRecordSets":10000,"maxNumberOfRecordsPerRecordSet":null,"nameServers":["ns1-03.azure-dns.com.","ns2-03.azure-dns.net.","ns3-03.azure-dns.org.","ns4-03.azure-dns.info."],"numberOfRecordSets":2,"zoneType":"Public"}}'
    headers:
      cache-control:
      - private
      content-length:
      - '577'
      content-type:
      - application/json; charset=utf-8
      date:
      - Wed, 16 Dec 2020 05:28:42 GMT
      etag:
      - 00000002-0000-0000-23c3-26506cd3d601
      server:
      - Microsoft-IIS/10.0
      strict-transport-security:
      - max-age=31536000; includeSubDomains
      x-content-type-options:
      - nosniff
      x-ms-ratelimit-remaining-subscription-resource-requests:
      - '11999'
      x-powered-by:
      - ASP.NET
    status:
      code: 201
      message: Created
- request:
    body: null
    headers:
      Accept:
      - application/json
      Accept-Encoding:
      - gzip, deflate
      CommandName:
      - network dns zone import
      Connection:
      - keep-alive
      ParameterSetName:
      - -n -g --file-name
      User-Agent:
      - python/3.7.8 (Windows-10-10.0.19041-SP0) msrest/0.6.18 msrest_azure/0.6.3
        azure-mgmt-dns/2.1.0 Azure-SDK-For-Python AZURECLI/2.16.0
      accept-language:
      - en-US
    method: GET
    uri: https://management.azure.com/subscriptions/00000000-0000-0000-0000-000000000000/resourceGroups/cli_dns_zone3_import000001/providers/Microsoft.Network/dnsZones/zone3.com/SOA/@?api-version=2018-05-01
  response:
    body:
      string: '{"id":"\/subscriptions\/00000000-0000-0000-0000-000000000000\/resourceGroups\/cli_dns_zone3_import000001\/providers\/Microsoft.Network\/dnszones\/zone3.com\/SOA\/@","name":"@","type":"Microsoft.Network\/dnszones\/SOA","etag":"1fab21c0-f11e-41a1-8c33-c9b5cfddbcff","properties":{"fqdn":"zone3.com.","TTL":3600,"SOARecord":{"email":"azuredns-hostmaster.microsoft.com","expireTime":2419200,"host":"ns1-03.azure-dns.com.","minimumTTL":300,"refreshTime":3600,"retryTime":300,"serialNumber":1},"targetResource":{},"provisioningState":"Succeeded"}}'
    headers:
      cache-control:
      - private
      content-length:
      - '590'
      content-type:
      - application/json; charset=utf-8
      date:
      - Wed, 16 Dec 2020 05:28:43 GMT
      etag:
      - 1fab21c0-f11e-41a1-8c33-c9b5cfddbcff
      server:
      - Microsoft-IIS/10.0
      strict-transport-security:
      - max-age=31536000; includeSubDomains
      transfer-encoding:
      - chunked
      vary:
      - Accept-Encoding
      x-content-type-options:
      - nosniff
      x-ms-ratelimit-remaining-subscription-resource-requests:
      - '499'
      x-powered-by:
      - ASP.NET
    status:
      code: 200
      message: OK
- request:
    body: '{"properties": {"TTL": 86400, "SOARecord": {"host": "ns1-03.azure-dns.com.",
      "email": "hostmaster.zone3.com.", "serialNumber": 2003080800, "refreshTime":
      43200, "retryTime": 900, "expireTime": 1814400, "minimumTTL": 10800}}}'
    headers:
      Accept:
      - application/json
      Accept-Encoding:
      - gzip, deflate
      CommandName:
      - network dns zone import
      Connection:
      - keep-alive
      Content-Length:
      - '224'
      Content-Type:
      - application/json; charset=utf-8
      ParameterSetName:
      - -n -g --file-name
      User-Agent:
      - python/3.7.8 (Windows-10-10.0.19041-SP0) msrest/0.6.18 msrest_azure/0.6.3
        azure-mgmt-dns/2.1.0 Azure-SDK-For-Python AZURECLI/2.16.0
      accept-language:
      - en-US
    method: PUT
    uri: https://management.azure.com/subscriptions/00000000-0000-0000-0000-000000000000/resourceGroups/cli_dns_zone3_import000001/providers/Microsoft.Network/dnsZones/zone3.com/SOA/@?api-version=2018-05-01
  response:
    body:
      string: '{"id":"\/subscriptions\/00000000-0000-0000-0000-000000000000\/resourceGroups\/cli_dns_zone3_import000001\/providers\/Microsoft.Network\/dnszones\/zone3.com\/SOA\/@","name":"@","type":"Microsoft.Network\/dnszones\/SOA","etag":"610edf4e-39eb-4cfd-8a35-3b4ed41e1589","properties":{"fqdn":"zone3.com.","TTL":86400,"SOARecord":{"email":"hostmaster.zone3.com.","expireTime":1814400,"host":"ns1-03.azure-dns.com.","minimumTTL":10800,"refreshTime":43200,"retryTime":900,"serialNumber":2003080800},"targetResource":{},"provisioningState":"Succeeded"}}'
    headers:
      cache-control:
      - private
      content-length:
      - '591'
      content-type:
      - application/json; charset=utf-8
      date:
      - Wed, 16 Dec 2020 05:28:44 GMT
      etag:
      - 610edf4e-39eb-4cfd-8a35-3b4ed41e1589
      server:
      - Microsoft-IIS/10.0
      strict-transport-security:
      - max-age=31536000; includeSubDomains
      transfer-encoding:
      - chunked
      vary:
      - Accept-Encoding
      x-content-type-options:
      - nosniff
      x-ms-ratelimit-remaining-subscription-resource-requests:
      - '11999'
      x-powered-by:
      - ASP.NET
    status:
      code: 200
      message: OK
- request:
    body: null
    headers:
      Accept:
      - application/json
      Accept-Encoding:
      - gzip, deflate
      CommandName:
      - network dns zone import
      Connection:
      - keep-alive
      ParameterSetName:
      - -n -g --file-name
      User-Agent:
      - python/3.7.8 (Windows-10-10.0.19041-SP0) msrest/0.6.18 msrest_azure/0.6.3
        azure-mgmt-dns/2.1.0 Azure-SDK-For-Python AZURECLI/2.16.0
      accept-language:
      - en-US
    method: GET
    uri: https://management.azure.com/subscriptions/00000000-0000-0000-0000-000000000000/resourceGroups/cli_dns_zone3_import000001/providers/Microsoft.Network/dnsZones/zone3.com/NS/@?api-version=2018-05-01
  response:
    body:
      string: '{"id":"\/subscriptions\/00000000-0000-0000-0000-000000000000\/resourceGroups\/cli_dns_zone3_import000001\/providers\/Microsoft.Network\/dnszones\/zone3.com\/NS\/@","name":"@","type":"Microsoft.Network\/dnszones\/NS","etag":"0967f9b5-b6a5-46fe-878e-2b21ed03504e","properties":{"fqdn":"zone3.com.","TTL":172800,"NSRecords":[{"nsdname":"ns1-03.azure-dns.com."},{"nsdname":"ns2-03.azure-dns.net."},{"nsdname":"ns3-03.azure-dns.org."},{"nsdname":"ns4-03.azure-dns.info."}],"targetResource":{},"provisioningState":"Succeeded"}}'
    headers:
      cache-control:
      - private
      content-length:
      - '570'
      content-type:
      - application/json; charset=utf-8
      date:
      - Wed, 16 Dec 2020 05:28:45 GMT
      etag:
      - 0967f9b5-b6a5-46fe-878e-2b21ed03504e
      server:
      - Microsoft-IIS/10.0
      strict-transport-security:
      - max-age=31536000; includeSubDomains
      transfer-encoding:
      - chunked
      vary:
      - Accept-Encoding
      x-content-type-options:
      - nosniff
      x-ms-ratelimit-remaining-subscription-resource-requests:
      - '499'
      x-powered-by:
      - ASP.NET
    status:
      code: 200
      message: OK
- request:
    body: '{"etag": "0967f9b5-b6a5-46fe-878e-2b21ed03504e", "properties": {"TTL":
      86400, "targetResource": {}, "NSRecords": [{"nsdname": "ns1-03.azure-dns.com."},
      {"nsdname": "ns2-03.azure-dns.net."}, {"nsdname": "ns3-03.azure-dns.org."},
      {"nsdname": "ns4-03.azure-dns.info."}]}}'
    headers:
      Accept:
      - application/json
      Accept-Encoding:
      - gzip, deflate
      CommandName:
      - network dns zone import
      Connection:
      - keep-alive
      Content-Length:
      - '268'
      Content-Type:
      - application/json; charset=utf-8
      ParameterSetName:
      - -n -g --file-name
      User-Agent:
      - python/3.7.8 (Windows-10-10.0.19041-SP0) msrest/0.6.18 msrest_azure/0.6.3
        azure-mgmt-dns/2.1.0 Azure-SDK-For-Python AZURECLI/2.16.0
      accept-language:
      - en-US
    method: PUT
    uri: https://management.azure.com/subscriptions/00000000-0000-0000-0000-000000000000/resourceGroups/cli_dns_zone3_import000001/providers/Microsoft.Network/dnsZones/zone3.com/NS/@?api-version=2018-05-01
  response:
    body:
      string: '{"id":"\/subscriptions\/00000000-0000-0000-0000-000000000000\/resourceGroups\/cli_dns_zone3_import000001\/providers\/Microsoft.Network\/dnszones\/zone3.com\/NS\/@","name":"@","type":"Microsoft.Network\/dnszones\/NS","etag":"dd898a10-181b-4601-a1c3-60bd80b5bd1c","properties":{"fqdn":"zone3.com.","TTL":86400,"NSRecords":[{"nsdname":"ns1-03.azure-dns.com."},{"nsdname":"ns2-03.azure-dns.net."},{"nsdname":"ns3-03.azure-dns.org."},{"nsdname":"ns4-03.azure-dns.info."}],"targetResource":{},"provisioningState":"Succeeded"}}'
    headers:
      cache-control:
      - private
      content-length:
      - '569'
      content-type:
      - application/json; charset=utf-8
      date:
      - Wed, 16 Dec 2020 05:28:47 GMT
      etag:
      - dd898a10-181b-4601-a1c3-60bd80b5bd1c
      server:
      - Microsoft-IIS/10.0
      strict-transport-security:
      - max-age=31536000; includeSubDomains
      transfer-encoding:
      - chunked
      vary:
      - Accept-Encoding
      x-content-type-options:
      - nosniff
      x-ms-ratelimit-remaining-subscription-resource-requests:
      - '11998'
      x-powered-by:
      - ASP.NET
    status:
      code: 200
      message: OK
- request:
    body: '{"properties": {"TTL": 3600, "ARecords": [{"ipv4Address": "1.2.3.4"}]}}'
    headers:
      Accept:
      - application/json
      Accept-Encoding:
      - gzip, deflate
      CommandName:
      - network dns zone import
      Connection:
      - keep-alive
      Content-Length:
      - '71'
      Content-Type:
      - application/json; charset=utf-8
      ParameterSetName:
      - -n -g --file-name
      User-Agent:
      - python/3.7.8 (Windows-10-10.0.19041-SP0) msrest/0.6.18 msrest_azure/0.6.3
        azure-mgmt-dns/2.1.0 Azure-SDK-For-Python AZURECLI/2.16.0
      accept-language:
      - en-US
    method: PUT
    uri: https://management.azure.com/subscriptions/00000000-0000-0000-0000-000000000000/resourceGroups/cli_dns_zone3_import000001/providers/Microsoft.Network/dnsZones/zone3.com/A/test-a?api-version=2018-05-01
  response:
    body:
      string: '{"id":"\/subscriptions\/00000000-0000-0000-0000-000000000000\/resourceGroups\/cli_dns_zone3_import000001\/providers\/Microsoft.Network\/dnszones\/zone3.com\/A\/test-a","name":"test-a","type":"Microsoft.Network\/dnszones\/A","etag":"edf059a6-252d-4751-863f-13ffbe058103","properties":{"fqdn":"test-a.zone3.com.","TTL":3600,"ARecords":[{"ipv4Address":"1.2.3.4"}],"targetResource":{},"provisioningState":"Succeeded"}}'
    headers:
      cache-control:
      - private
      content-length:
      - '463'
      content-type:
      - application/json; charset=utf-8
      date:
      - Wed, 16 Dec 2020 05:28:48 GMT
      etag:
      - edf059a6-252d-4751-863f-13ffbe058103
      server:
      - Microsoft-IIS/10.0
      strict-transport-security:
      - max-age=31536000; includeSubDomains
      x-content-type-options:
      - nosniff
      x-ms-ratelimit-remaining-subscription-resource-requests:
      - '11999'
      x-powered-by:
      - ASP.NET
    status:
      code: 201
      message: Created
- request:
    body: '{"properties": {"TTL": 3600, "AAAARecords": [{"ipv6Address": "2001:cafe:130::100"}]}}'
    headers:
      Accept:
      - application/json
      Accept-Encoding:
      - gzip, deflate
      CommandName:
      - network dns zone import
      Connection:
      - keep-alive
      Content-Length:
      - '85'
      Content-Type:
      - application/json; charset=utf-8
      ParameterSetName:
      - -n -g --file-name
      User-Agent:
      - python/3.7.8 (Windows-10-10.0.19041-SP0) msrest/0.6.18 msrest_azure/0.6.3
        azure-mgmt-dns/2.1.0 Azure-SDK-For-Python AZURECLI/2.16.0
      accept-language:
      - en-US
    method: PUT
    uri: https://management.azure.com/subscriptions/00000000-0000-0000-0000-000000000000/resourceGroups/cli_dns_zone3_import000001/providers/Microsoft.Network/dnsZones/zone3.com/AAAA/test-aaaa?api-version=2018-05-01
  response:
    body:
      string: '{"id":"\/subscriptions\/00000000-0000-0000-0000-000000000000\/resourceGroups\/cli_dns_zone3_import000001\/providers\/Microsoft.Network\/dnszones\/zone3.com\/AAAA\/test-aaaa","name":"test-aaaa","type":"Microsoft.Network\/dnszones\/AAAA","etag":"ebc1b376-608f-46de-a4c1-016d0a460598","properties":{"fqdn":"test-aaaa.zone3.com.","TTL":3600,"AAAARecords":[{"ipv6Address":"2001:cafe:130::100"}],"targetResource":{},"provisioningState":"Succeeded"}}'
    headers:
      cache-control:
      - private
      content-length:
      - '492'
      content-type:
      - application/json; charset=utf-8
      date:
      - Wed, 16 Dec 2020 05:28:49 GMT
      etag:
      - ebc1b376-608f-46de-a4c1-016d0a460598
      server:
      - Microsoft-IIS/10.0
      strict-transport-security:
      - max-age=31536000; includeSubDomains
      x-content-type-options:
      - nosniff
      x-ms-ratelimit-remaining-subscription-resource-requests:
      - '11999'
      x-powered-by:
      - ASP.NET
    status:
      code: 201
      message: Created
- request:
    body: '{"properties": {"TTL": 3600, "CNAMERecord": {"cname": "target.com."}}}'
    headers:
      Accept:
      - application/json
      Accept-Encoding:
      - gzip, deflate
      CommandName:
      - network dns zone import
      Connection:
      - keep-alive
      Content-Length:
      - '70'
      Content-Type:
      - application/json; charset=utf-8
      ParameterSetName:
      - -n -g --file-name
      User-Agent:
      - python/3.7.8 (Windows-10-10.0.19041-SP0) msrest/0.6.18 msrest_azure/0.6.3
        azure-mgmt-dns/2.1.0 Azure-SDK-For-Python AZURECLI/2.16.0
      accept-language:
      - en-US
    method: PUT
    uri: https://management.azure.com/subscriptions/00000000-0000-0000-0000-000000000000/resourceGroups/cli_dns_zone3_import000001/providers/Microsoft.Network/dnsZones/zone3.com/CNAME/test-cname?api-version=2018-05-01
  response:
    body:
      string: '{"id":"\/subscriptions\/00000000-0000-0000-0000-000000000000\/resourceGroups\/cli_dns_zone3_import000001\/providers\/Microsoft.Network\/dnszones\/zone3.com\/CNAME\/test-cname","name":"test-cname","type":"Microsoft.Network\/dnszones\/CNAME","etag":"e2e88e48-223c-4f20-921c-9193fba693e0","properties":{"fqdn":"test-cname.zone3.com.","TTL":3600,"CNAMERecord":{"cname":"target.com."},"targetResource":{},"provisioningState":"Succeeded"}}'
    headers:
      cache-control:
      - private
      content-length:
      - '482'
      content-type:
      - application/json; charset=utf-8
      date:
      - Wed, 16 Dec 2020 05:28:51 GMT
      etag:
      - e2e88e48-223c-4f20-921c-9193fba693e0
      server:
      - Microsoft-IIS/10.0
      strict-transport-security:
      - max-age=31536000; includeSubDomains
      x-content-type-options:
      - nosniff
      x-ms-ratelimit-remaining-subscription-resource-requests:
      - '11999'
      x-powered-by:
      - ASP.NET
    status:
      code: 201
      message: Created
- request:
    body: '{"properties": {"TTL": 3600, "CNAMERecord": {"cname": "target.org.zone3.com."}}}'
    headers:
      Accept:
      - application/json
      Accept-Encoding:
      - gzip, deflate
      CommandName:
      - network dns zone import
      Connection:
      - keep-alive
      Content-Length:
      - '80'
      Content-Type:
      - application/json; charset=utf-8
      ParameterSetName:
      - -n -g --file-name
      User-Agent:
      - python/3.7.8 (Windows-10-10.0.19041-SP0) msrest/0.6.18 msrest_azure/0.6.3
        azure-mgmt-dns/2.1.0 Azure-SDK-For-Python AZURECLI/2.16.0
      accept-language:
      - en-US
    method: PUT
    uri: https://management.azure.com/subscriptions/00000000-0000-0000-0000-000000000000/resourceGroups/cli_dns_zone3_import000001/providers/Microsoft.Network/dnsZones/zone3.com/CNAME/test-cname2?api-version=2018-05-01
  response:
    body:
      string: '{"id":"\/subscriptions\/00000000-0000-0000-0000-000000000000\/resourceGroups\/cli_dns_zone3_import000001\/providers\/Microsoft.Network\/dnszones\/zone3.com\/CNAME\/test-cname2","name":"test-cname2","type":"Microsoft.Network\/dnszones\/CNAME","etag":"26a37cb3-3948-41f7-95bb-68b99674fa3e","properties":{"fqdn":"test-cname2.zone3.com.","TTL":3600,"CNAMERecord":{"cname":"target.org.zone3.com."},"targetResource":{},"provisioningState":"Succeeded"}}'
    headers:
      cache-control:
      - private
      content-length:
      - '495'
      content-type:
      - application/json; charset=utf-8
      date:
      - Wed, 16 Dec 2020 05:28:53 GMT
      etag:
      - 26a37cb3-3948-41f7-95bb-68b99674fa3e
      server:
      - Microsoft-IIS/10.0
      strict-transport-security:
      - max-age=31536000; includeSubDomains
      x-content-type-options:
      - nosniff
      x-ms-ratelimit-remaining-subscription-resource-requests:
      - '11997'
      x-powered-by:
      - ASP.NET
    status:
      code: 201
      message: Created
- request:
    body: '{"properties": {"TTL": 3600, "MXRecords": [{"preference": 10, "exchange":
      "mail.com."}]}}'
    headers:
      Accept:
      - application/json
      Accept-Encoding:
      - gzip, deflate
      CommandName:
      - network dns zone import
      Connection:
      - keep-alive
      Content-Length:
      - '89'
      Content-Type:
      - application/json; charset=utf-8
      ParameterSetName:
      - -n -g --file-name
      User-Agent:
      - python/3.7.8 (Windows-10-10.0.19041-SP0) msrest/0.6.18 msrest_azure/0.6.3
        azure-mgmt-dns/2.1.0 Azure-SDK-For-Python AZURECLI/2.16.0
      accept-language:
      - en-US
    method: PUT
    uri: https://management.azure.com/subscriptions/00000000-0000-0000-0000-000000000000/resourceGroups/cli_dns_zone3_import000001/providers/Microsoft.Network/dnsZones/zone3.com/MX/test-mx?api-version=2018-05-01
  response:
    body:
      string: '{"id":"\/subscriptions\/00000000-0000-0000-0000-000000000000\/resourceGroups\/cli_dns_zone3_import000001\/providers\/Microsoft.Network\/dnszones\/zone3.com\/MX\/test-mx","name":"test-mx","type":"Microsoft.Network\/dnszones\/MX","etag":"eb6abef6-ed6b-4d65-99c6-30541b165120","properties":{"fqdn":"test-mx.zone3.com.","TTL":3600,"MXRecords":[{"exchange":"mail.com.","preference":10}],"targetResource":{},"provisioningState":"Succeeded"}}'
    headers:
      cache-control:
      - private
      content-length:
      - '484'
      content-type:
      - application/json; charset=utf-8
      date:
      - Wed, 16 Dec 2020 05:28:54 GMT
      etag:
      - eb6abef6-ed6b-4d65-99c6-30541b165120
      server:
      - Microsoft-IIS/10.0
      strict-transport-security:
      - max-age=31536000; includeSubDomains
      x-content-type-options:
      - nosniff
      x-ms-ratelimit-remaining-subscription-resource-requests:
      - '11999'
      x-powered-by:
      - ASP.NET
    status:
      code: 201
      message: Created
- request:
    body: '{"properties": {"TTL": 3600, "NSRecords": [{"nsdname": "ns1.com."}]}}'
    headers:
      Accept:
      - application/json
      Accept-Encoding:
      - gzip, deflate
      CommandName:
      - network dns zone import
      Connection:
      - keep-alive
      Content-Length:
      - '69'
      Content-Type:
      - application/json; charset=utf-8
      ParameterSetName:
      - -n -g --file-name
      User-Agent:
      - python/3.7.8 (Windows-10-10.0.19041-SP0) msrest/0.6.18 msrest_azure/0.6.3
        azure-mgmt-dns/2.1.0 Azure-SDK-For-Python AZURECLI/2.16.0
      accept-language:
      - en-US
    method: PUT
    uri: https://management.azure.com/subscriptions/00000000-0000-0000-0000-000000000000/resourceGroups/cli_dns_zone3_import000001/providers/Microsoft.Network/dnsZones/zone3.com/NS/test-ns?api-version=2018-05-01
  response:
    body:
      string: '{"id":"\/subscriptions\/00000000-0000-0000-0000-000000000000\/resourceGroups\/cli_dns_zone3_import000001\/providers\/Microsoft.Network\/dnszones\/zone3.com\/NS\/test-ns","name":"test-ns","type":"Microsoft.Network\/dnszones\/NS","etag":"ec4a3d62-8de1-47ec-a39a-a35c2eb0bb50","properties":{"fqdn":"test-ns.zone3.com.","TTL":3600,"NSRecords":[{"nsdname":"ns1.com."}],"targetResource":{},"provisioningState":"Succeeded"}}'
    headers:
      cache-control:
      - private
      content-length:
      - '466'
      content-type:
      - application/json; charset=utf-8
      date:
      - Wed, 16 Dec 2020 05:28:56 GMT
      etag:
      - ec4a3d62-8de1-47ec-a39a-a35c2eb0bb50
      server:
      - Microsoft-IIS/10.0
      strict-transport-security:
      - max-age=31536000; includeSubDomains
      x-content-type-options:
      - nosniff
      x-ms-ratelimit-remaining-subscription-resource-requests:
      - '11999'
      x-powered-by:
      - ASP.NET
    status:
      code: 201
      message: Created
- request:
    body: '{"properties": {"TTL": 3600, "SRVRecords": [{"priority": 1, "weight": 2,
      "port": 3, "target": "target.com."}]}}'
    headers:
      Accept:
      - application/json
      Accept-Encoding:
      - gzip, deflate
      CommandName:
      - network dns zone import
      Connection:
      - keep-alive
      Content-Length:
      - '111'
      Content-Type:
      - application/json; charset=utf-8
      ParameterSetName:
      - -n -g --file-name
      User-Agent:
      - python/3.7.8 (Windows-10-10.0.19041-SP0) msrest/0.6.18 msrest_azure/0.6.3
        azure-mgmt-dns/2.1.0 Azure-SDK-For-Python AZURECLI/2.16.0
      accept-language:
      - en-US
    method: PUT
    uri: https://management.azure.com/subscriptions/00000000-0000-0000-0000-000000000000/resourceGroups/cli_dns_zone3_import000001/providers/Microsoft.Network/dnsZones/zone3.com/SRV/_sip._tcp.test-srv?api-version=2018-05-01
  response:
    body:
      string: '{"id":"\/subscriptions\/00000000-0000-0000-0000-000000000000\/resourceGroups\/cli_dns_zone3_import000001\/providers\/Microsoft.Network\/dnszones\/zone3.com\/SRV\/_sip._tcp.test-srv","name":"_sip._tcp.test-srv","type":"Microsoft.Network\/dnszones\/SRV","etag":"f05d09c5-63d3-4e30-80ac-06691d3414ae","properties":{"fqdn":"_sip._tcp.test-srv.zone3.com.","TTL":3600,"SRVRecords":[{"port":3,"priority":1,"target":"target.com.","weight":2}],"targetResource":{},"provisioningState":"Succeeded"}}'
    headers:
      cache-control:
      - private
      content-length:
      - '537'
      content-type:
      - application/json; charset=utf-8
      date:
      - Wed, 16 Dec 2020 05:28:57 GMT
      etag:
      - f05d09c5-63d3-4e30-80ac-06691d3414ae
      server:
      - Microsoft-IIS/10.0
      strict-transport-security:
      - max-age=31536000; includeSubDomains
      x-content-type-options:
      - nosniff
      x-ms-ratelimit-remaining-subscription-resource-requests:
      - '11999'
      x-powered-by:
      - ASP.NET
    status:
      code: 201
      message: Created
- request:
    body: '{"properties": {"TTL": 3600, "TXTRecords": [{"value": ["string 1"]}]}}'
    headers:
      Accept:
      - application/json
      Accept-Encoding:
      - gzip, deflate
      CommandName:
      - network dns zone import
      Connection:
      - keep-alive
      Content-Length:
      - '70'
      Content-Type:
      - application/json; charset=utf-8
      ParameterSetName:
      - -n -g --file-name
      User-Agent:
      - python/3.7.8 (Windows-10-10.0.19041-SP0) msrest/0.6.18 msrest_azure/0.6.3
        azure-mgmt-dns/2.1.0 Azure-SDK-For-Python AZURECLI/2.16.0
      accept-language:
      - en-US
    method: PUT
    uri: https://management.azure.com/subscriptions/00000000-0000-0000-0000-000000000000/resourceGroups/cli_dns_zone3_import000001/providers/Microsoft.Network/dnsZones/zone3.com/TXT/test-txt?api-version=2018-05-01
  response:
    body:
      string: '{"id":"\/subscriptions\/00000000-0000-0000-0000-000000000000\/resourceGroups\/cli_dns_zone3_import000001\/providers\/Microsoft.Network\/dnszones\/zone3.com\/TXT\/test-txt","name":"test-txt","type":"Microsoft.Network\/dnszones\/TXT","etag":"8c9ceeda-4aef-42c7-949c-9be55b877550","properties":{"fqdn":"test-txt.zone3.com.","TTL":3600,"TXTRecords":[{"value":["string
        1"]}],"targetResource":{},"provisioningState":"Succeeded"}}'
    headers:
      cache-control:
      - private
      content-length:
      - '472'
      content-type:
      - application/json; charset=utf-8
      date:
      - Wed, 16 Dec 2020 05:28:58 GMT
      etag:
      - 8c9ceeda-4aef-42c7-949c-9be55b877550
      server:
      - Microsoft-IIS/10.0
      strict-transport-security:
      - max-age=31536000; includeSubDomains
      x-content-type-options:
      - nosniff
      x-ms-ratelimit-remaining-subscription-resource-requests:
      - '11999'
      x-powered-by:
      - ASP.NET
    status:
      code: 201
      message: Created
- request:
    body: '{"properties": {"TTL": 3600, "ARecords": [{"ipv4Address": "12.1.2.3"},
      {"ipv4Address": "12.2.3.4"}, {"ipv4Address": "12.3.4.5"}, {"ipv4Address": "12.4.5.6"}]}}'
    headers:
      Accept:
      - application/json
      Accept-Encoding:
      - gzip, deflate
      CommandName:
      - network dns zone import
      Connection:
      - keep-alive
      Content-Length:
      - '159'
      Content-Type:
      - application/json; charset=utf-8
      ParameterSetName:
      - -n -g --file-name
      User-Agent:
      - python/3.7.8 (Windows-10-10.0.19041-SP0) msrest/0.6.18 msrest_azure/0.6.3
        azure-mgmt-dns/2.1.0 Azure-SDK-For-Python AZURECLI/2.16.0
      accept-language:
      - en-US
    method: PUT
    uri: https://management.azure.com/subscriptions/00000000-0000-0000-0000-000000000000/resourceGroups/cli_dns_zone3_import000001/providers/Microsoft.Network/dnsZones/zone3.com/A/d1?api-version=2018-05-01
  response:
    body:
      string: '{"id":"\/subscriptions\/00000000-0000-0000-0000-000000000000\/resourceGroups\/cli_dns_zone3_import000001\/providers\/Microsoft.Network\/dnszones\/zone3.com\/A\/d1","name":"d1","type":"Microsoft.Network\/dnszones\/A","etag":"aa3fb67c-72fd-49e0-b3f0-7d1d7999b4b6","properties":{"fqdn":"d1.zone3.com.","TTL":3600,"ARecords":[{"ipv4Address":"12.1.2.3"},{"ipv4Address":"12.2.3.4"},{"ipv4Address":"12.3.4.5"},{"ipv4Address":"12.4.5.6"}],"targetResource":{},"provisioningState":"Succeeded"}}'
    headers:
      cache-control:
      - private
      content-length:
      - '533'
      content-type:
      - application/json; charset=utf-8
      date:
      - Wed, 16 Dec 2020 05:29:00 GMT
      etag:
      - aa3fb67c-72fd-49e0-b3f0-7d1d7999b4b6
      server:
      - Microsoft-IIS/10.0
      strict-transport-security:
      - max-age=31536000; includeSubDomains
      x-content-type-options:
      - nosniff
      x-ms-ratelimit-remaining-subscription-resource-requests:
      - '11998'
      x-powered-by:
      - ASP.NET
    status:
      code: 201
      message: Created
- request:
    body: '{"properties": {"TTL": 3600, "NSRecords": [{"nsdname": "hood.com."}]}}'
    headers:
      Accept:
      - application/json
      Accept-Encoding:
      - gzip, deflate
      CommandName:
      - network dns zone import
      Connection:
      - keep-alive
      Content-Length:
      - '70'
      Content-Type:
      - application/json; charset=utf-8
      ParameterSetName:
      - -n -g --file-name
      User-Agent:
      - python/3.7.8 (Windows-10-10.0.19041-SP0) msrest/0.6.18 msrest_azure/0.6.3
        azure-mgmt-dns/2.1.0 Azure-SDK-For-Python AZURECLI/2.16.0
      accept-language:
      - en-US
    method: PUT
    uri: https://management.azure.com/subscriptions/00000000-0000-0000-0000-000000000000/resourceGroups/cli_dns_zone3_import000001/providers/Microsoft.Network/dnsZones/zone3.com/NS/d1?api-version=2018-05-01
  response:
    body:
      string: '{"id":"\/subscriptions\/00000000-0000-0000-0000-000000000000\/resourceGroups\/cli_dns_zone3_import000001\/providers\/Microsoft.Network\/dnszones\/zone3.com\/NS\/d1","name":"d1","type":"Microsoft.Network\/dnszones\/NS","etag":"91d97c25-c85a-4368-a0de-e411c110368e","properties":{"fqdn":"d1.zone3.com.","TTL":3600,"NSRecords":[{"nsdname":"hood.com."}],"targetResource":{},"provisioningState":"Succeeded"}}'
    headers:
      cache-control:
      - private
      content-length:
      - '452'
      content-type:
      - application/json; charset=utf-8
      date:
      - Wed, 16 Dec 2020 05:29:01 GMT
      etag:
      - 91d97c25-c85a-4368-a0de-e411c110368e
      server:
      - Microsoft-IIS/10.0
      strict-transport-security:
      - max-age=31536000; includeSubDomains
      x-content-type-options:
      - nosniff
      x-ms-ratelimit-remaining-subscription-resource-requests:
      - '11999'
      x-powered-by:
      - ASP.NET
    status:
      code: 201
      message: Created
- request:
    body: '{"properties": {"TTL": 3600, "TXTRecords": [{"value": ["fishfishfish"]}]}}'
    headers:
      Accept:
      - application/json
      Accept-Encoding:
      - gzip, deflate
      CommandName:
      - network dns zone import
      Connection:
      - keep-alive
      Content-Length:
      - '74'
      Content-Type:
      - application/json; charset=utf-8
      ParameterSetName:
      - -n -g --file-name
      User-Agent:
      - python/3.7.8 (Windows-10-10.0.19041-SP0) msrest/0.6.18 msrest_azure/0.6.3
        azure-mgmt-dns/2.1.0 Azure-SDK-For-Python AZURECLI/2.16.0
      accept-language:
      - en-US
    method: PUT
    uri: https://management.azure.com/subscriptions/00000000-0000-0000-0000-000000000000/resourceGroups/cli_dns_zone3_import000001/providers/Microsoft.Network/dnsZones/zone3.com/TXT/d1?api-version=2018-05-01
  response:
    body:
      string: '{"id":"\/subscriptions\/00000000-0000-0000-0000-000000000000\/resourceGroups\/cli_dns_zone3_import000001\/providers\/Microsoft.Network\/dnszones\/zone3.com\/TXT\/d1","name":"d1","type":"Microsoft.Network\/dnszones\/TXT","etag":"9fd6a565-d0a6-4f1d-ae17-efc4bea55cc4","properties":{"fqdn":"d1.zone3.com.","TTL":3600,"TXTRecords":[{"value":["fishfishfish"]}],"targetResource":{},"provisioningState":"Succeeded"}}'
    headers:
      cache-control:
      - private
      content-length:
      - '458'
      content-type:
      - application/json; charset=utf-8
      date:
      - Wed, 16 Dec 2020 05:29:03 GMT
      etag:
      - 9fd6a565-d0a6-4f1d-ae17-efc4bea55cc4
      server:
      - Microsoft-IIS/10.0
      strict-transport-security:
      - max-age=31536000; includeSubDomains
      x-content-type-options:
      - nosniff
      x-ms-ratelimit-remaining-subscription-resource-requests:
      - '11999'
      x-powered-by:
      - ASP.NET
    status:
      code: 201
      message: Created
- request:
    body: '{"properties": {"TTL": 3600, "ARecords": [{"ipv4Address": "11.1.2.3"},
      {"ipv4Address": "11.2.3.3"}]}}'
    headers:
      Accept:
      - application/json
      Accept-Encoding:
      - gzip, deflate
      CommandName:
      - network dns zone import
      Connection:
      - keep-alive
      Content-Length:
      - '101'
      Content-Type:
      - application/json; charset=utf-8
      ParameterSetName:
      - -n -g --file-name
      User-Agent:
      - python/3.7.8 (Windows-10-10.0.19041-SP0) msrest/0.6.18 msrest_azure/0.6.3
        azure-mgmt-dns/2.1.0 Azure-SDK-For-Python AZURECLI/2.16.0
      accept-language:
      - en-US
    method: PUT
    uri: https://management.azure.com/subscriptions/00000000-0000-0000-0000-000000000000/resourceGroups/cli_dns_zone3_import000001/providers/Microsoft.Network/dnsZones/zone3.com/A/f1?api-version=2018-05-01
  response:
    body:
      string: '{"id":"\/subscriptions\/00000000-0000-0000-0000-000000000000\/resourceGroups\/cli_dns_zone3_import000001\/providers\/Microsoft.Network\/dnszones\/zone3.com\/A\/f1","name":"f1","type":"Microsoft.Network\/dnszones\/A","etag":"c33f34a7-9c1a-4fc1-8aea-b5a59a44afb6","properties":{"fqdn":"f1.zone3.com.","TTL":3600,"ARecords":[{"ipv4Address":"11.1.2.3"},{"ipv4Address":"11.2.3.3"}],"targetResource":{},"provisioningState":"Succeeded"}}'
    headers:
      cache-control:
      - private
      content-length:
      - '479'
      content-type:
      - application/json; charset=utf-8
      date:
      - Wed, 16 Dec 2020 05:29:04 GMT
      etag:
      - c33f34a7-9c1a-4fc1-8aea-b5a59a44afb6
      server:
      - Microsoft-IIS/10.0
      strict-transport-security:
      - max-age=31536000; includeSubDomains
      x-content-type-options:
      - nosniff
      x-ms-ratelimit-remaining-subscription-resource-requests:
      - '11998'
      x-powered-by:
      - ASP.NET
    status:
      code: 201
      message: Created
- request:
    body: '{"properties": {"TTL": 3600, "ARecords": [{"ipv4Address": "11.2.3.4"},
      {"ipv4Address": "11.5.6.7"}]}}'
    headers:
      Accept:
      - application/json
      Accept-Encoding:
      - gzip, deflate
      CommandName:
      - network dns zone import
      Connection:
      - keep-alive
      Content-Length:
      - '101'
      Content-Type:
      - application/json; charset=utf-8
      ParameterSetName:
      - -n -g --file-name
      User-Agent:
      - python/3.7.8 (Windows-10-10.0.19041-SP0) msrest/0.6.18 msrest_azure/0.6.3
        azure-mgmt-dns/2.1.0 Azure-SDK-For-Python AZURECLI/2.16.0
      accept-language:
      - en-US
    method: PUT
    uri: https://management.azure.com/subscriptions/00000000-0000-0000-0000-000000000000/resourceGroups/cli_dns_zone3_import000001/providers/Microsoft.Network/dnsZones/zone3.com/A/f2?api-version=2018-05-01
  response:
    body:
      string: '{"id":"\/subscriptions\/00000000-0000-0000-0000-000000000000\/resourceGroups\/cli_dns_zone3_import000001\/providers\/Microsoft.Network\/dnszones\/zone3.com\/A\/f2","name":"f2","type":"Microsoft.Network\/dnszones\/A","etag":"8205109e-dabd-4d3a-9c5b-52c56f87de36","properties":{"fqdn":"f2.zone3.com.","TTL":3600,"ARecords":[{"ipv4Address":"11.2.3.4"},{"ipv4Address":"11.5.6.7"}],"targetResource":{},"provisioningState":"Succeeded"}}'
    headers:
      cache-control:
      - private
      content-length:
      - '479'
      content-type:
      - application/json; charset=utf-8
      date:
      - Wed, 16 Dec 2020 05:29:06 GMT
      etag:
      - 8205109e-dabd-4d3a-9c5b-52c56f87de36
      server:
      - Microsoft-IIS/10.0
      strict-transport-security:
      - max-age=31536000; includeSubDomains
      x-content-type-options:
      - nosniff
      x-ms-ratelimit-remaining-subscription-resource-requests:
      - '11999'
      x-powered-by:
      - ASP.NET
    status:
      code: 201
      message: Created
- request:
    body: '{"properties": {"TTL": 3600, "SRVRecords": [{"priority": 10, "weight":
      20, "port": 30, "target": "foo.com."}]}}'
    headers:
      Accept:
      - application/json
      Accept-Encoding:
      - gzip, deflate
      CommandName:
      - network dns zone import
      Connection:
      - keep-alive
      Content-Length:
      - '111'
      Content-Type:
      - application/json; charset=utf-8
      ParameterSetName:
      - -n -g --file-name
      User-Agent:
      - python/3.7.8 (Windows-10-10.0.19041-SP0) msrest/0.6.18 msrest_azure/0.6.3
        azure-mgmt-dns/2.1.0 Azure-SDK-For-Python AZURECLI/2.16.0
      accept-language:
      - en-US
    method: PUT
    uri: https://management.azure.com/subscriptions/00000000-0000-0000-0000-000000000000/resourceGroups/cli_dns_zone3_import000001/providers/Microsoft.Network/dnsZones/zone3.com/SRV/_sip._tcp?api-version=2018-05-01
  response:
    body:
      string: '{"id":"\/subscriptions\/00000000-0000-0000-0000-000000000000\/resourceGroups\/cli_dns_zone3_import000001\/providers\/Microsoft.Network\/dnszones\/zone3.com\/SRV\/_sip._tcp","name":"_sip._tcp","type":"Microsoft.Network\/dnszones\/SRV","etag":"14fafb3f-01a4-4542-b0c1-16156a0b92ce","properties":{"fqdn":"_sip._tcp.zone3.com.","TTL":3600,"SRVRecords":[{"port":30,"priority":10,"target":"foo.com.","weight":20}],"targetResource":{},"provisioningState":"Succeeded"}}'
    headers:
      cache-control:
      - private
      content-length:
      - '510'
      content-type:
      - application/json; charset=utf-8
      date:
      - Wed, 16 Dec 2020 05:29:06 GMT
      etag:
      - 14fafb3f-01a4-4542-b0c1-16156a0b92ce
      server:
      - Microsoft-IIS/10.0
      strict-transport-security:
      - max-age=31536000; includeSubDomains
      x-content-type-options:
      - nosniff
      x-ms-ratelimit-remaining-subscription-resource-requests:
      - '11999'
      x-powered-by:
      - ASP.NET
    status:
      code: 201
      message: Created
- request:
    body: '{"properties": {"TTL": 3600, "MXRecords": [{"preference": 100, "exchange":
      "mail.test.com."}]}}'
    headers:
      Accept:
      - application/json
      Accept-Encoding:
      - gzip, deflate
      CommandName:
      - network dns zone import
      Connection:
      - keep-alive
      Content-Length:
      - '95'
      Content-Type:
      - application/json; charset=utf-8
      ParameterSetName:
      - -n -g --file-name
      User-Agent:
      - python/3.7.8 (Windows-10-10.0.19041-SP0) msrest/0.6.18 msrest_azure/0.6.3
        azure-mgmt-dns/2.1.0 Azure-SDK-For-Python AZURECLI/2.16.0
      accept-language:
      - en-US
    method: PUT
    uri: https://management.azure.com/subscriptions/00000000-0000-0000-0000-000000000000/resourceGroups/cli_dns_zone3_import000001/providers/Microsoft.Network/dnsZones/zone3.com/MX/mail?api-version=2018-05-01
  response:
    body:
      string: '{"id":"\/subscriptions\/00000000-0000-0000-0000-000000000000\/resourceGroups\/cli_dns_zone3_import000001\/providers\/Microsoft.Network\/dnszones\/zone3.com\/MX\/mail","name":"mail","type":"Microsoft.Network\/dnszones\/MX","etag":"4a7fcf51-6ba1-4996-99b6-ac5d70fc131d","properties":{"fqdn":"mail.zone3.com.","TTL":3600,"MXRecords":[{"exchange":"mail.test.com.","preference":100}],"targetResource":{},"provisioningState":"Succeeded"}}'
    headers:
      cache-control:
      - private
      content-length:
      - '481'
      content-type:
      - application/json; charset=utf-8
      date:
      - Wed, 16 Dec 2020 05:29:08 GMT
      etag:
      - 4a7fcf51-6ba1-4996-99b6-ac5d70fc131d
      server:
      - Microsoft-IIS/10.0
      strict-transport-security:
      - max-age=31536000; includeSubDomains
      x-content-type-options:
      - nosniff
      x-ms-ratelimit-remaining-subscription-resource-requests:
      - '11998'
      x-powered-by:
      - ASP.NET
    status:
      code: 201
      message: Created
- request:
    body: '{"properties": {"TTL": 3600, "ARecords": [{"ipv4Address": "1.2.3.4"}, {"ipv4Address":
      "2.3.4.5"}]}}'
    headers:
      Accept:
      - application/json
      Accept-Encoding:
      - gzip, deflate
      CommandName:
      - network dns zone import
      Connection:
      - keep-alive
      Content-Length:
      - '99'
      Content-Type:
      - application/json; charset=utf-8
      ParameterSetName:
      - -n -g --file-name
      User-Agent:
      - python/3.7.8 (Windows-10-10.0.19041-SP0) msrest/0.6.18 msrest_azure/0.6.3
        azure-mgmt-dns/2.1.0 Azure-SDK-For-Python AZURECLI/2.16.0
      accept-language:
      - en-US
    method: PUT
    uri: https://management.azure.com/subscriptions/00000000-0000-0000-0000-000000000000/resourceGroups/cli_dns_zone3_import000001/providers/Microsoft.Network/dnsZones/zone3.com/A/noclass?api-version=2018-05-01
  response:
    body:
      string: '{"id":"\/subscriptions\/00000000-0000-0000-0000-000000000000\/resourceGroups\/cli_dns_zone3_import000001\/providers\/Microsoft.Network\/dnszones\/zone3.com\/A\/noclass","name":"noclass","type":"Microsoft.Network\/dnszones\/A","etag":"4caa1c81-aaa0-4a2b-9db1-560fa013287b","properties":{"fqdn":"noclass.zone3.com.","TTL":3600,"ARecords":[{"ipv4Address":"1.2.3.4"},{"ipv4Address":"2.3.4.5"}],"targetResource":{},"provisioningState":"Succeeded"}}'
    headers:
      cache-control:
      - private
      content-length:
      - '492'
      content-type:
      - application/json; charset=utf-8
      date:
      - Wed, 16 Dec 2020 05:29:09 GMT
      etag:
      - 4caa1c81-aaa0-4a2b-9db1-560fa013287b
      server:
      - Microsoft-IIS/10.0
      strict-transport-security:
      - max-age=31536000; includeSubDomains
      x-content-type-options:
      - nosniff
      x-ms-ratelimit-remaining-subscription-resource-requests:
      - '11999'
      x-powered-by:
      - ASP.NET
    status:
      code: 201
      message: Created
- request:
    body: '{"properties": {"TTL": 3600, "TXTRecords": [{"value": ["string 1 only"]}]}}'
    headers:
      Accept:
      - application/json
      Accept-Encoding:
      - gzip, deflate
      CommandName:
      - network dns zone import
      Connection:
      - keep-alive
      Content-Length:
      - '75'
      Content-Type:
      - application/json; charset=utf-8
      ParameterSetName:
      - -n -g --file-name
      User-Agent:
      - python/3.7.8 (Windows-10-10.0.19041-SP0) msrest/0.6.18 msrest_azure/0.6.3
        azure-mgmt-dns/2.1.0 Azure-SDK-For-Python AZURECLI/2.16.0
      accept-language:
      - en-US
    method: PUT
    uri: https://management.azure.com/subscriptions/00000000-0000-0000-0000-000000000000/resourceGroups/cli_dns_zone3_import000001/providers/Microsoft.Network/dnsZones/zone3.com/TXT/txt1?api-version=2018-05-01
  response:
    body:
      string: '{"id":"\/subscriptions\/00000000-0000-0000-0000-000000000000\/resourceGroups\/cli_dns_zone3_import000001\/providers\/Microsoft.Network\/dnszones\/zone3.com\/TXT\/txt1","name":"txt1","type":"Microsoft.Network\/dnszones\/TXT","etag":"524f32e5-e767-41b7-a2e7-145853e20398","properties":{"fqdn":"txt1.zone3.com.","TTL":3600,"TXTRecords":[{"value":["string
        1 only"]}],"targetResource":{},"provisioningState":"Succeeded"}}'
    headers:
      cache-control:
      - private
      content-length:
      - '465'
      content-type:
      - application/json; charset=utf-8
      date:
      - Wed, 16 Dec 2020 05:29:11 GMT
      etag:
      - 524f32e5-e767-41b7-a2e7-145853e20398
      server:
      - Microsoft-IIS/10.0
      strict-transport-security:
      - max-age=31536000; includeSubDomains
      x-content-type-options:
      - nosniff
      x-ms-ratelimit-remaining-subscription-resource-requests:
      - '11998'
      x-powered-by:
      - ASP.NET
    status:
      code: 201
      message: Created
- request:
    body: '{"properties": {"TTL": 3600, "TXTRecords": [{"value": ["string1string2"]}]}}'
    headers:
      Accept:
      - application/json
      Accept-Encoding:
      - gzip, deflate
      CommandName:
      - network dns zone import
      Connection:
      - keep-alive
      Content-Length:
      - '76'
      Content-Type:
      - application/json; charset=utf-8
      ParameterSetName:
      - -n -g --file-name
      User-Agent:
      - python/3.7.8 (Windows-10-10.0.19041-SP0) msrest/0.6.18 msrest_azure/0.6.3
        azure-mgmt-dns/2.1.0 Azure-SDK-For-Python AZURECLI/2.16.0
      accept-language:
      - en-US
    method: PUT
    uri: https://management.azure.com/subscriptions/00000000-0000-0000-0000-000000000000/resourceGroups/cli_dns_zone3_import000001/providers/Microsoft.Network/dnsZones/zone3.com/TXT/txt2?api-version=2018-05-01
  response:
    body:
      string: '{"id":"\/subscriptions\/00000000-0000-0000-0000-000000000000\/resourceGroups\/cli_dns_zone3_import000001\/providers\/Microsoft.Network\/dnszones\/zone3.com\/TXT\/txt2","name":"txt2","type":"Microsoft.Network\/dnszones\/TXT","etag":"71310f6a-64da-4d7d-b0b7-e0bb22c0c9a6","properties":{"fqdn":"txt2.zone3.com.","TTL":3600,"TXTRecords":[{"value":["string1string2"]}],"targetResource":{},"provisioningState":"Succeeded"}}'
    headers:
      cache-control:
      - private
      content-length:
      - '466'
      content-type:
      - application/json; charset=utf-8
      date:
      - Wed, 16 Dec 2020 05:29:13 GMT
      etag:
      - 71310f6a-64da-4d7d-b0b7-e0bb22c0c9a6
      server:
      - Microsoft-IIS/10.0
      strict-transport-security:
      - max-age=31536000; includeSubDomains
      x-content-type-options:
      - nosniff
      x-ms-ratelimit-remaining-subscription-resource-requests:
      - '11998'
      x-powered-by:
      - ASP.NET
    status:
      code: 201
      message: Created
- request:
    body: '{"properties": {"TTL": 3600, "TXTRecords": [{"value": ["this is a very
      long string with lots of text, in fact is has 74 charactersthis is a very long
      string with lots of text, in fact is has 74 charactersthis is a very long string
      with lots of text, in fact is has 74 charactersthis is a very long string with
      l", "ots of text, in fact is has 74 characters"]}, {"value": ["string;string;string"]}]}}'
    headers:
      Accept:
      - application/json
      Accept-Encoding:
      - gzip, deflate
      CommandName:
      - network dns zone import
      Connection:
      - keep-alive
      Content-Length:
      - '399'
      Content-Type:
      - application/json; charset=utf-8
      ParameterSetName:
      - -n -g --file-name
      User-Agent:
      - python/3.7.8 (Windows-10-10.0.19041-SP0) msrest/0.6.18 msrest_azure/0.6.3
        azure-mgmt-dns/2.1.0 Azure-SDK-For-Python AZURECLI/2.16.0
      accept-language:
      - en-US
    method: PUT
    uri: https://management.azure.com/subscriptions/00000000-0000-0000-0000-000000000000/resourceGroups/cli_dns_zone3_import000001/providers/Microsoft.Network/dnsZones/zone3.com/TXT/txt3?api-version=2018-05-01
  response:
    body:
      string: '{"id":"\/subscriptions\/00000000-0000-0000-0000-000000000000\/resourceGroups\/cli_dns_zone3_import000001\/providers\/Microsoft.Network\/dnszones\/zone3.com\/TXT\/txt3","name":"txt3","type":"Microsoft.Network\/dnszones\/TXT","etag":"d0587366-f993-406c-ba11-bac43334c3ad","properties":{"fqdn":"txt3.zone3.com.","TTL":3600,"TXTRecords":[{"value":["this
        is a very long string with lots of text, in fact is has 74 charactersthis
        is a very long string with lots of text, in fact is has 74 charactersthis
        is a very long string with lots of text, in fact is has 74 charactersthis
        is a very long string with l","ots of text, in fact is has 74 characters"]},{"value":["string;string;string"]}],"targetResource":{},"provisioningState":"Succeeded"}}'
    headers:
      cache-control:
      - private
      content-length:
      - '786'
      content-type:
      - application/json; charset=utf-8
      date:
      - Wed, 16 Dec 2020 05:29:14 GMT
      etag:
      - d0587366-f993-406c-ba11-bac43334c3ad
      server:
      - Microsoft-IIS/10.0
      strict-transport-security:
      - max-age=31536000; includeSubDomains
      x-content-type-options:
      - nosniff
      x-ms-ratelimit-remaining-subscription-resource-requests:
      - '11998'
      x-powered-by:
      - ASP.NET
    status:
      code: 201
      message: Created
- request:
    body: null
    headers:
      Accept:
      - application/json
      Accept-Encoding:
      - gzip, deflate
      CommandName:
      - network dns record-set list
      Connection:
      - keep-alive
      ParameterSetName:
      - -g -z
      User-Agent:
      - python/3.7.8 (Windows-10-10.0.19041-SP0) msrest/0.6.18 msrest_azure/0.6.3
        azure-mgmt-dns/2.1.0 Azure-SDK-For-Python AZURECLI/2.16.0
      accept-language:
      - en-US
    method: GET
    uri: https://management.azure.com/subscriptions/00000000-0000-0000-0000-000000000000/resourceGroups/cli_dns_zone3_import000001/providers/Microsoft.Network/dnsZones/zone3.com/recordsets?api-version=2018-05-01
  response:
    body:
      string: '{"value":[{"id":"\/subscriptions\/00000000-0000-0000-0000-000000000000\/resourceGroups\/cli_dns_zone3_import000001\/providers\/Microsoft.Network\/dnszones\/zone3.com\/NS\/@","name":"@","type":"Microsoft.Network\/dnszones\/NS","etag":"dd898a10-181b-4601-a1c3-60bd80b5bd1c","properties":{"fqdn":"zone3.com.","TTL":86400,"NSRecords":[{"nsdname":"ns1-03.azure-dns.com."},{"nsdname":"ns2-03.azure-dns.net."},{"nsdname":"ns3-03.azure-dns.org."},{"nsdname":"ns4-03.azure-dns.info."}],"targetResource":{},"provisioningState":"Succeeded"}},{"id":"\/subscriptions\/00000000-0000-0000-0000-000000000000\/resourceGroups\/cli_dns_zone3_import000001\/providers\/Microsoft.Network\/dnszones\/zone3.com\/SOA\/@","name":"@","type":"Microsoft.Network\/dnszones\/SOA","etag":"610edf4e-39eb-4cfd-8a35-3b4ed41e1589","properties":{"fqdn":"zone3.com.","TTL":86400,"SOARecord":{"email":"hostmaster.zone3.com.","expireTime":1814400,"host":"ns1-03.azure-dns.com.","minimumTTL":10800,"refreshTime":43200,"retryTime":900,"serialNumber":2003080800},"targetResource":{},"provisioningState":"Succeeded"}},{"id":"\/subscriptions\/00000000-0000-0000-0000-000000000000\/resourceGroups\/cli_dns_zone3_import000001\/providers\/Microsoft.Network\/dnszones\/zone3.com\/SRV\/_sip._tcp","name":"_sip._tcp","type":"Microsoft.Network\/dnszones\/SRV","etag":"14fafb3f-01a4-4542-b0c1-16156a0b92ce","properties":{"fqdn":"_sip._tcp.zone3.com.","TTL":3600,"SRVRecords":[{"port":30,"priority":10,"target":"foo.com.","weight":20}],"targetResource":{},"provisioningState":"Succeeded"}},{"id":"\/subscriptions\/00000000-0000-0000-0000-000000000000\/resourceGroups\/cli_dns_zone3_import000001\/providers\/Microsoft.Network\/dnszones\/zone3.com\/A\/d1","name":"d1","type":"Microsoft.Network\/dnszones\/A","etag":"aa3fb67c-72fd-49e0-b3f0-7d1d7999b4b6","properties":{"fqdn":"d1.zone3.com.","TTL":3600,"ARecords":[{"ipv4Address":"12.1.2.3"},{"ipv4Address":"12.2.3.4"},{"ipv4Address":"12.3.4.5"},{"ipv4Address":"12.4.5.6"}],"targetResource":{},"provisioningState":"Succeeded"}},{"id":"\/subscriptions\/00000000-0000-0000-0000-000000000000\/resourceGroups\/cli_dns_zone3_import000001\/providers\/Microsoft.Network\/dnszones\/zone3.com\/NS\/d1","name":"d1","type":"Microsoft.Network\/dnszones\/NS","etag":"91d97c25-c85a-4368-a0de-e411c110368e","properties":{"fqdn":"d1.zone3.com.","TTL":3600,"NSRecords":[{"nsdname":"hood.com."}],"targetResource":{},"provisioningState":"Succeeded"}},{"id":"\/subscriptions\/00000000-0000-0000-0000-000000000000\/resourceGroups\/cli_dns_zone3_import000001\/providers\/Microsoft.Network\/dnszones\/zone3.com\/TXT\/d1","name":"d1","type":"Microsoft.Network\/dnszones\/TXT","etag":"9fd6a565-d0a6-4f1d-ae17-efc4bea55cc4","properties":{"fqdn":"d1.zone3.com.","TTL":3600,"TXTRecords":[{"value":["fishfishfish"]}],"targetResource":{},"provisioningState":"Succeeded"}},{"id":"\/subscriptions\/00000000-0000-0000-0000-000000000000\/resourceGroups\/cli_dns_zone3_import000001\/providers\/Microsoft.Network\/dnszones\/zone3.com\/A\/f1","name":"f1","type":"Microsoft.Network\/dnszones\/A","etag":"c33f34a7-9c1a-4fc1-8aea-b5a59a44afb6","properties":{"fqdn":"f1.zone3.com.","TTL":3600,"ARecords":[{"ipv4Address":"11.1.2.3"},{"ipv4Address":"11.2.3.3"}],"targetResource":{},"provisioningState":"Succeeded"}},{"id":"\/subscriptions\/00000000-0000-0000-0000-000000000000\/resourceGroups\/cli_dns_zone3_import000001\/providers\/Microsoft.Network\/dnszones\/zone3.com\/A\/f2","name":"f2","type":"Microsoft.Network\/dnszones\/A","etag":"8205109e-dabd-4d3a-9c5b-52c56f87de36","properties":{"fqdn":"f2.zone3.com.","TTL":3600,"ARecords":[{"ipv4Address":"11.2.3.4"},{"ipv4Address":"11.5.6.7"}],"targetResource":{},"provisioningState":"Succeeded"}},{"id":"\/subscriptions\/00000000-0000-0000-0000-000000000000\/resourceGroups\/cli_dns_zone3_import000001\/providers\/Microsoft.Network\/dnszones\/zone3.com\/MX\/mail","name":"mail","type":"Microsoft.Network\/dnszones\/MX","etag":"4a7fcf51-6ba1-4996-99b6-ac5d70fc131d","properties":{"fqdn":"mail.zone3.com.","TTL":3600,"MXRecords":[{"exchange":"mail.test.com.","preference":100}],"targetResource":{},"provisioningState":"Succeeded"}},{"id":"\/subscriptions\/00000000-0000-0000-0000-000000000000\/resourceGroups\/cli_dns_zone3_import000001\/providers\/Microsoft.Network\/dnszones\/zone3.com\/A\/noclass","name":"noclass","type":"Microsoft.Network\/dnszones\/A","etag":"4caa1c81-aaa0-4a2b-9db1-560fa013287b","properties":{"fqdn":"noclass.zone3.com.","TTL":3600,"ARecords":[{"ipv4Address":"1.2.3.4"},{"ipv4Address":"2.3.4.5"}],"targetResource":{},"provisioningState":"Succeeded"}},{"id":"\/subscriptions\/00000000-0000-0000-0000-000000000000\/resourceGroups\/cli_dns_zone3_import000001\/providers\/Microsoft.Network\/dnszones\/zone3.com\/A\/test-a","name":"test-a","type":"Microsoft.Network\/dnszones\/A","etag":"edf059a6-252d-4751-863f-13ffbe058103","properties":{"fqdn":"test-a.zone3.com.","TTL":3600,"ARecords":[{"ipv4Address":"1.2.3.4"}],"targetResource":{},"provisioningState":"Succeeded"}},{"id":"\/subscriptions\/00000000-0000-0000-0000-000000000000\/resourceGroups\/cli_dns_zone3_import000001\/providers\/Microsoft.Network\/dnszones\/zone3.com\/AAAA\/test-aaaa","name":"test-aaaa","type":"Microsoft.Network\/dnszones\/AAAA","etag":"ebc1b376-608f-46de-a4c1-016d0a460598","properties":{"fqdn":"test-aaaa.zone3.com.","TTL":3600,"AAAARecords":[{"ipv6Address":"2001:cafe:130::100"}],"targetResource":{},"provisioningState":"Succeeded"}},{"id":"\/subscriptions\/00000000-0000-0000-0000-000000000000\/resourceGroups\/cli_dns_zone3_import000001\/providers\/Microsoft.Network\/dnszones\/zone3.com\/CNAME\/test-cname","name":"test-cname","type":"Microsoft.Network\/dnszones\/CNAME","etag":"e2e88e48-223c-4f20-921c-9193fba693e0","properties":{"fqdn":"test-cname.zone3.com.","TTL":3600,"CNAMERecord":{"cname":"target.com."},"targetResource":{},"provisioningState":"Succeeded"}},{"id":"\/subscriptions\/00000000-0000-0000-0000-000000000000\/resourceGroups\/cli_dns_zone3_import000001\/providers\/Microsoft.Network\/dnszones\/zone3.com\/CNAME\/test-cname2","name":"test-cname2","type":"Microsoft.Network\/dnszones\/CNAME","etag":"26a37cb3-3948-41f7-95bb-68b99674fa3e","properties":{"fqdn":"test-cname2.zone3.com.","TTL":3600,"CNAMERecord":{"cname":"target.org.zone3.com."},"targetResource":{},"provisioningState":"Succeeded"}},{"id":"\/subscriptions\/00000000-0000-0000-0000-000000000000\/resourceGroups\/cli_dns_zone3_import000001\/providers\/Microsoft.Network\/dnszones\/zone3.com\/MX\/test-mx","name":"test-mx","type":"Microsoft.Network\/dnszones\/MX","etag":"eb6abef6-ed6b-4d65-99c6-30541b165120","properties":{"fqdn":"test-mx.zone3.com.","TTL":3600,"MXRecords":[{"exchange":"mail.com.","preference":10}],"targetResource":{},"provisioningState":"Succeeded"}},{"id":"\/subscriptions\/00000000-0000-0000-0000-000000000000\/resourceGroups\/cli_dns_zone3_import000001\/providers\/Microsoft.Network\/dnszones\/zone3.com\/NS\/test-ns","name":"test-ns","type":"Microsoft.Network\/dnszones\/NS","etag":"ec4a3d62-8de1-47ec-a39a-a35c2eb0bb50","properties":{"fqdn":"test-ns.zone3.com.","TTL":3600,"NSRecords":[{"nsdname":"ns1.com."}],"targetResource":{},"provisioningState":"Succeeded"}},{"id":"\/subscriptions\/00000000-0000-0000-0000-000000000000\/resourceGroups\/cli_dns_zone3_import000001\/providers\/Microsoft.Network\/dnszones\/zone3.com\/SRV\/_sip._tcp.test-srv","name":"_sip._tcp.test-srv","type":"Microsoft.Network\/dnszones\/SRV","etag":"f05d09c5-63d3-4e30-80ac-06691d3414ae","properties":{"fqdn":"_sip._tcp.test-srv.zone3.com.","TTL":3600,"SRVRecords":[{"port":3,"priority":1,"target":"target.com.","weight":2}],"targetResource":{},"provisioningState":"Succeeded"}},{"id":"\/subscriptions\/00000000-0000-0000-0000-000000000000\/resourceGroups\/cli_dns_zone3_import000001\/providers\/Microsoft.Network\/dnszones\/zone3.com\/TXT\/test-txt","name":"test-txt","type":"Microsoft.Network\/dnszones\/TXT","etag":"8c9ceeda-4aef-42c7-949c-9be55b877550","properties":{"fqdn":"test-txt.zone3.com.","TTL":3600,"TXTRecords":[{"value":["string
        1"]}],"targetResource":{},"provisioningState":"Succeeded"}},{"id":"\/subscriptions\/00000000-0000-0000-0000-000000000000\/resourceGroups\/cli_dns_zone3_import000001\/providers\/Microsoft.Network\/dnszones\/zone3.com\/TXT\/txt1","name":"txt1","type":"Microsoft.Network\/dnszones\/TXT","etag":"524f32e5-e767-41b7-a2e7-145853e20398","properties":{"fqdn":"txt1.zone3.com.","TTL":3600,"TXTRecords":[{"value":["string
        1 only"]}],"targetResource":{},"provisioningState":"Succeeded"}},{"id":"\/subscriptions\/00000000-0000-0000-0000-000000000000\/resourceGroups\/cli_dns_zone3_import000001\/providers\/Microsoft.Network\/dnszones\/zone3.com\/TXT\/txt2","name":"txt2","type":"Microsoft.Network\/dnszones\/TXT","etag":"71310f6a-64da-4d7d-b0b7-e0bb22c0c9a6","properties":{"fqdn":"txt2.zone3.com.","TTL":3600,"TXTRecords":[{"value":["string1string2"]}],"targetResource":{},"provisioningState":"Succeeded"}},{"id":"\/subscriptions\/00000000-0000-0000-0000-000000000000\/resourceGroups\/cli_dns_zone3_import000001\/providers\/Microsoft.Network\/dnszones\/zone3.com\/TXT\/txt3","name":"txt3","type":"Microsoft.Network\/dnszones\/TXT","etag":"d0587366-f993-406c-ba11-bac43334c3ad","properties":{"fqdn":"txt3.zone3.com.","TTL":3600,"TXTRecords":[{"value":["this
        is a very long string with lots of text, in fact is has 74 charactersthis
        is a very long string with lots of text, in fact is has 74 charactersthis
        is a very long string with lots of text, in fact is has 74 charactersthis
        is a very long string with l","ots of text, in fact is has 74 characters"]},{"value":["string;string;string"]}],"targetResource":{},"provisioningState":"Succeeded"}}]}'
    headers:
      cache-control:
      - private
      content-length:
      - '10684'
      content-type:
      - application/json; charset=utf-8
      date:
      - Wed, 16 Dec 2020 05:29:15 GMT
      server:
      - Microsoft-IIS/10.0
      strict-transport-security:
      - max-age=31536000; includeSubDomains
      transfer-encoding:
      - chunked
      vary:
      - Accept-Encoding
      x-content-type-options:
      - nosniff
      x-ms-ratelimit-remaining-subscription-resource-entities-read:
      - '59979'
      x-ms-ratelimit-remaining-subscription-resource-requests:
      - '499'
      x-powered-by:
      - ASP.NET
    status:
      code: 200
      message: OK
- request:
    body: null
    headers:
      Accept:
      - application/json
      Accept-Encoding:
      - gzip, deflate
      CommandName:
      - network dns zone export
      Connection:
      - keep-alive
      ParameterSetName:
      - -g -n --file-name
      User-Agent:
      - python/3.7.8 (Windows-10-10.0.19041-SP0) msrest/0.6.18 msrest_azure/0.6.3
        azure-mgmt-dns/2.1.0 Azure-SDK-For-Python AZURECLI/2.16.0
      accept-language:
      - en-US
    method: GET
    uri: https://management.azure.com/subscriptions/00000000-0000-0000-0000-000000000000/resourceGroups/cli_dns_zone3_import000001/providers/Microsoft.Network/dnsZones/zone3.com/recordsets?api-version=2018-05-01
  response:
    body:
      string: '{"value":[{"id":"\/subscriptions\/00000000-0000-0000-0000-000000000000\/resourceGroups\/cli_dns_zone3_import000001\/providers\/Microsoft.Network\/dnszones\/zone3.com\/NS\/@","name":"@","type":"Microsoft.Network\/dnszones\/NS","etag":"dd898a10-181b-4601-a1c3-60bd80b5bd1c","properties":{"fqdn":"zone3.com.","TTL":86400,"NSRecords":[{"nsdname":"ns1-03.azure-dns.com."},{"nsdname":"ns2-03.azure-dns.net."},{"nsdname":"ns3-03.azure-dns.org."},{"nsdname":"ns4-03.azure-dns.info."}],"targetResource":{},"provisioningState":"Succeeded"}},{"id":"\/subscriptions\/00000000-0000-0000-0000-000000000000\/resourceGroups\/cli_dns_zone3_import000001\/providers\/Microsoft.Network\/dnszones\/zone3.com\/SOA\/@","name":"@","type":"Microsoft.Network\/dnszones\/SOA","etag":"610edf4e-39eb-4cfd-8a35-3b4ed41e1589","properties":{"fqdn":"zone3.com.","TTL":86400,"SOARecord":{"email":"hostmaster.zone3.com.","expireTime":1814400,"host":"ns1-03.azure-dns.com.","minimumTTL":10800,"refreshTime":43200,"retryTime":900,"serialNumber":2003080800},"targetResource":{},"provisioningState":"Succeeded"}},{"id":"\/subscriptions\/00000000-0000-0000-0000-000000000000\/resourceGroups\/cli_dns_zone3_import000001\/providers\/Microsoft.Network\/dnszones\/zone3.com\/SRV\/_sip._tcp","name":"_sip._tcp","type":"Microsoft.Network\/dnszones\/SRV","etag":"14fafb3f-01a4-4542-b0c1-16156a0b92ce","properties":{"fqdn":"_sip._tcp.zone3.com.","TTL":3600,"SRVRecords":[{"port":30,"priority":10,"target":"foo.com.","weight":20}],"targetResource":{},"provisioningState":"Succeeded"}},{"id":"\/subscriptions\/00000000-0000-0000-0000-000000000000\/resourceGroups\/cli_dns_zone3_import000001\/providers\/Microsoft.Network\/dnszones\/zone3.com\/A\/d1","name":"d1","type":"Microsoft.Network\/dnszones\/A","etag":"aa3fb67c-72fd-49e0-b3f0-7d1d7999b4b6","properties":{"fqdn":"d1.zone3.com.","TTL":3600,"ARecords":[{"ipv4Address":"12.1.2.3"},{"ipv4Address":"12.2.3.4"},{"ipv4Address":"12.3.4.5"},{"ipv4Address":"12.4.5.6"}],"targetResource":{},"provisioningState":"Succeeded"}},{"id":"\/subscriptions\/00000000-0000-0000-0000-000000000000\/resourceGroups\/cli_dns_zone3_import000001\/providers\/Microsoft.Network\/dnszones\/zone3.com\/NS\/d1","name":"d1","type":"Microsoft.Network\/dnszones\/NS","etag":"91d97c25-c85a-4368-a0de-e411c110368e","properties":{"fqdn":"d1.zone3.com.","TTL":3600,"NSRecords":[{"nsdname":"hood.com."}],"targetResource":{},"provisioningState":"Succeeded"}},{"id":"\/subscriptions\/00000000-0000-0000-0000-000000000000\/resourceGroups\/cli_dns_zone3_import000001\/providers\/Microsoft.Network\/dnszones\/zone3.com\/TXT\/d1","name":"d1","type":"Microsoft.Network\/dnszones\/TXT","etag":"9fd6a565-d0a6-4f1d-ae17-efc4bea55cc4","properties":{"fqdn":"d1.zone3.com.","TTL":3600,"TXTRecords":[{"value":["fishfishfish"]}],"targetResource":{},"provisioningState":"Succeeded"}},{"id":"\/subscriptions\/00000000-0000-0000-0000-000000000000\/resourceGroups\/cli_dns_zone3_import000001\/providers\/Microsoft.Network\/dnszones\/zone3.com\/A\/f1","name":"f1","type":"Microsoft.Network\/dnszones\/A","etag":"c33f34a7-9c1a-4fc1-8aea-b5a59a44afb6","properties":{"fqdn":"f1.zone3.com.","TTL":3600,"ARecords":[{"ipv4Address":"11.1.2.3"},{"ipv4Address":"11.2.3.3"}],"targetResource":{},"provisioningState":"Succeeded"}},{"id":"\/subscriptions\/00000000-0000-0000-0000-000000000000\/resourceGroups\/cli_dns_zone3_import000001\/providers\/Microsoft.Network\/dnszones\/zone3.com\/A\/f2","name":"f2","type":"Microsoft.Network\/dnszones\/A","etag":"8205109e-dabd-4d3a-9c5b-52c56f87de36","properties":{"fqdn":"f2.zone3.com.","TTL":3600,"ARecords":[{"ipv4Address":"11.2.3.4"},{"ipv4Address":"11.5.6.7"}],"targetResource":{},"provisioningState":"Succeeded"}},{"id":"\/subscriptions\/00000000-0000-0000-0000-000000000000\/resourceGroups\/cli_dns_zone3_import000001\/providers\/Microsoft.Network\/dnszones\/zone3.com\/MX\/mail","name":"mail","type":"Microsoft.Network\/dnszones\/MX","etag":"4a7fcf51-6ba1-4996-99b6-ac5d70fc131d","properties":{"fqdn":"mail.zone3.com.","TTL":3600,"MXRecords":[{"exchange":"mail.test.com.","preference":100}],"targetResource":{},"provisioningState":"Succeeded"}},{"id":"\/subscriptions\/00000000-0000-0000-0000-000000000000\/resourceGroups\/cli_dns_zone3_import000001\/providers\/Microsoft.Network\/dnszones\/zone3.com\/A\/noclass","name":"noclass","type":"Microsoft.Network\/dnszones\/A","etag":"4caa1c81-aaa0-4a2b-9db1-560fa013287b","properties":{"fqdn":"noclass.zone3.com.","TTL":3600,"ARecords":[{"ipv4Address":"1.2.3.4"},{"ipv4Address":"2.3.4.5"}],"targetResource":{},"provisioningState":"Succeeded"}},{"id":"\/subscriptions\/00000000-0000-0000-0000-000000000000\/resourceGroups\/cli_dns_zone3_import000001\/providers\/Microsoft.Network\/dnszones\/zone3.com\/A\/test-a","name":"test-a","type":"Microsoft.Network\/dnszones\/A","etag":"edf059a6-252d-4751-863f-13ffbe058103","properties":{"fqdn":"test-a.zone3.com.","TTL":3600,"ARecords":[{"ipv4Address":"1.2.3.4"}],"targetResource":{},"provisioningState":"Succeeded"}},{"id":"\/subscriptions\/00000000-0000-0000-0000-000000000000\/resourceGroups\/cli_dns_zone3_import000001\/providers\/Microsoft.Network\/dnszones\/zone3.com\/AAAA\/test-aaaa","name":"test-aaaa","type":"Microsoft.Network\/dnszones\/AAAA","etag":"ebc1b376-608f-46de-a4c1-016d0a460598","properties":{"fqdn":"test-aaaa.zone3.com.","TTL":3600,"AAAARecords":[{"ipv6Address":"2001:cafe:130::100"}],"targetResource":{},"provisioningState":"Succeeded"}},{"id":"\/subscriptions\/00000000-0000-0000-0000-000000000000\/resourceGroups\/cli_dns_zone3_import000001\/providers\/Microsoft.Network\/dnszones\/zone3.com\/CNAME\/test-cname","name":"test-cname","type":"Microsoft.Network\/dnszones\/CNAME","etag":"e2e88e48-223c-4f20-921c-9193fba693e0","properties":{"fqdn":"test-cname.zone3.com.","TTL":3600,"CNAMERecord":{"cname":"target.com."},"targetResource":{},"provisioningState":"Succeeded"}},{"id":"\/subscriptions\/00000000-0000-0000-0000-000000000000\/resourceGroups\/cli_dns_zone3_import000001\/providers\/Microsoft.Network\/dnszones\/zone3.com\/CNAME\/test-cname2","name":"test-cname2","type":"Microsoft.Network\/dnszones\/CNAME","etag":"26a37cb3-3948-41f7-95bb-68b99674fa3e","properties":{"fqdn":"test-cname2.zone3.com.","TTL":3600,"CNAMERecord":{"cname":"target.org.zone3.com."},"targetResource":{},"provisioningState":"Succeeded"}},{"id":"\/subscriptions\/00000000-0000-0000-0000-000000000000\/resourceGroups\/cli_dns_zone3_import000001\/providers\/Microsoft.Network\/dnszones\/zone3.com\/MX\/test-mx","name":"test-mx","type":"Microsoft.Network\/dnszones\/MX","etag":"eb6abef6-ed6b-4d65-99c6-30541b165120","properties":{"fqdn":"test-mx.zone3.com.","TTL":3600,"MXRecords":[{"exchange":"mail.com.","preference":10}],"targetResource":{},"provisioningState":"Succeeded"}},{"id":"\/subscriptions\/00000000-0000-0000-0000-000000000000\/resourceGroups\/cli_dns_zone3_import000001\/providers\/Microsoft.Network\/dnszones\/zone3.com\/NS\/test-ns","name":"test-ns","type":"Microsoft.Network\/dnszones\/NS","etag":"ec4a3d62-8de1-47ec-a39a-a35c2eb0bb50","properties":{"fqdn":"test-ns.zone3.com.","TTL":3600,"NSRecords":[{"nsdname":"ns1.com."}],"targetResource":{},"provisioningState":"Succeeded"}},{"id":"\/subscriptions\/00000000-0000-0000-0000-000000000000\/resourceGroups\/cli_dns_zone3_import000001\/providers\/Microsoft.Network\/dnszones\/zone3.com\/SRV\/_sip._tcp.test-srv","name":"_sip._tcp.test-srv","type":"Microsoft.Network\/dnszones\/SRV","etag":"f05d09c5-63d3-4e30-80ac-06691d3414ae","properties":{"fqdn":"_sip._tcp.test-srv.zone3.com.","TTL":3600,"SRVRecords":[{"port":3,"priority":1,"target":"target.com.","weight":2}],"targetResource":{},"provisioningState":"Succeeded"}},{"id":"\/subscriptions\/00000000-0000-0000-0000-000000000000\/resourceGroups\/cli_dns_zone3_import000001\/providers\/Microsoft.Network\/dnszones\/zone3.com\/TXT\/test-txt","name":"test-txt","type":"Microsoft.Network\/dnszones\/TXT","etag":"8c9ceeda-4aef-42c7-949c-9be55b877550","properties":{"fqdn":"test-txt.zone3.com.","TTL":3600,"TXTRecords":[{"value":["string
        1"]}],"targetResource":{},"provisioningState":"Succeeded"}},{"id":"\/subscriptions\/00000000-0000-0000-0000-000000000000\/resourceGroups\/cli_dns_zone3_import000001\/providers\/Microsoft.Network\/dnszones\/zone3.com\/TXT\/txt1","name":"txt1","type":"Microsoft.Network\/dnszones\/TXT","etag":"524f32e5-e767-41b7-a2e7-145853e20398","properties":{"fqdn":"txt1.zone3.com.","TTL":3600,"TXTRecords":[{"value":["string
        1 only"]}],"targetResource":{},"provisioningState":"Succeeded"}},{"id":"\/subscriptions\/00000000-0000-0000-0000-000000000000\/resourceGroups\/cli_dns_zone3_import000001\/providers\/Microsoft.Network\/dnszones\/zone3.com\/TXT\/txt2","name":"txt2","type":"Microsoft.Network\/dnszones\/TXT","etag":"71310f6a-64da-4d7d-b0b7-e0bb22c0c9a6","properties":{"fqdn":"txt2.zone3.com.","TTL":3600,"TXTRecords":[{"value":["string1string2"]}],"targetResource":{},"provisioningState":"Succeeded"}},{"id":"\/subscriptions\/00000000-0000-0000-0000-000000000000\/resourceGroups\/cli_dns_zone3_import000001\/providers\/Microsoft.Network\/dnszones\/zone3.com\/TXT\/txt3","name":"txt3","type":"Microsoft.Network\/dnszones\/TXT","etag":"d0587366-f993-406c-ba11-bac43334c3ad","properties":{"fqdn":"txt3.zone3.com.","TTL":3600,"TXTRecords":[{"value":["this
        is a very long string with lots of text, in fact is has 74 charactersthis
        is a very long string with lots of text, in fact is has 74 charactersthis
        is a very long string with lots of text, in fact is has 74 charactersthis
        is a very long string with l","ots of text, in fact is has 74 characters"]},{"value":["string;string;string"]}],"targetResource":{},"provisioningState":"Succeeded"}}]}'
    headers:
      cache-control:
      - private
      content-length:
      - '10684'
      content-type:
      - application/json; charset=utf-8
      date:
      - Wed, 16 Dec 2020 05:29:16 GMT
      server:
      - Microsoft-IIS/10.0
      strict-transport-security:
      - max-age=31536000; includeSubDomains
      transfer-encoding:
      - chunked
      vary:
      - Accept-Encoding
      x-content-type-options:
      - nosniff
      x-ms-ratelimit-remaining-subscription-resource-entities-read:
      - '59979'
      x-ms-ratelimit-remaining-subscription-resource-requests:
      - '499'
      x-powered-by:
      - ASP.NET
    status:
      code: 200
      message: OK
- request:
    body: null
    headers:
      Accept:
      - application/json
      Accept-Encoding:
      - gzip, deflate
      CommandName:
      - network dns zone delete
      Connection:
      - keep-alive
      Content-Length:
      - '0'
      ParameterSetName:
      - -g -n -y
      User-Agent:
      - python/3.7.8 (Windows-10-10.0.19041-SP0) msrest/0.6.18 msrest_azure/0.6.3
        azure-mgmt-dns/2.1.0 Azure-SDK-For-Python AZURECLI/2.16.0
      accept-language:
      - en-US
    method: DELETE
    uri: https://management.azure.com/subscriptions/00000000-0000-0000-0000-000000000000/resourceGroups/cli_dns_zone3_import000001/providers/Microsoft.Network/dnsZones/zone3.com?api-version=2018-05-01
  response:
    body:
      string: ''
    headers:
      azure-asyncoperation:
      - https://management.azure.com:443/subscriptions/00000000-0000-0000-0000-000000000000/resourceGroups/cli_dns_zone3_import000001/providers/Microsoft.Network/dnsOperationStatuses/delzone637436933602869071e71a3e2e?api-version=2018-05-01
      cache-control:
      - private
      content-length:
      - '0'
      date:
      - Wed, 16 Dec 2020 05:29:20 GMT
      location:
      - https://management.azure.com/subscriptions/00000000-0000-0000-0000-000000000000/resourceGroups/cli_dns_zone3_import000001/providers/Microsoft.Network/dnsOperationResults/delzone637436933602869071e71a3e2e?api-version=2018-05-01
      server:
      - Microsoft-IIS/10.0
      strict-transport-security:
      - max-age=31536000; includeSubDomains
      x-content-type-options:
      - nosniff
      x-ms-ratelimit-remaining-subscription-resource-requests:
      - '11999'
      x-powered-by:
      - ASP.NET
    status:
      code: 202
      message: Accepted
- request:
    body: null
    headers:
      Accept:
      - application/json
      Accept-Encoding:
      - gzip, deflate
      CommandName:
      - network dns zone delete
      Connection:
      - keep-alive
      ParameterSetName:
      - -g -n -y
      User-Agent:
      - python/3.7.8 (Windows-10-10.0.19041-SP0) msrest/0.6.18 msrest_azure/0.6.3
        azure-mgmt-dns/2.1.0 Azure-SDK-For-Python AZURECLI/2.16.0
    method: GET
    uri: https://management.azure.com/subscriptions/00000000-0000-0000-0000-000000000000/resourceGroups/cli_dns_zone3_import000001/providers/Microsoft.Network/dnsOperationStatuses/delzone637436933602869071e71a3e2e?api-version=2018-05-01
  response:
    body:
      string: '{"status":"Succeeded"}'
    headers:
      cache-control:
      - private
      content-length:
      - '22'
      content-type:
      - application/json; charset=utf-8
      date:
      - Wed, 16 Dec 2020 05:29:24 GMT
      server:
      - Microsoft-IIS/10.0
      strict-transport-security:
      - max-age=31536000; includeSubDomains
      transfer-encoding:
      - chunked
      vary:
      - Accept-Encoding
      x-content-type-options:
      - nosniff
      x-ms-ratelimit-remaining-subscription-resource-requests:
      - '499'
      x-powered-by:
      - ASP.NET
    status:
      code: 200
      message: OK
- request:
    body: '{"location": "global", "properties": {"zoneType": "Public"}}'
    headers:
      Accept:
      - application/json
      Accept-Encoding:
      - gzip, deflate
      CommandName:
      - network dns zone import
      Connection:
      - keep-alive
      Content-Length:
      - '60'
      Content-Type:
      - application/json; charset=utf-8
      ParameterSetName:
      - -n -g --file-name
      User-Agent:
      - python/3.7.8 (Windows-10-10.0.19041-SP0) msrest/0.6.18 msrest_azure/0.6.3
        azure-mgmt-dns/2.1.0 Azure-SDK-For-Python AZURECLI/2.16.0
      accept-language:
      - en-US
    method: PUT
    uri: https://management.azure.com/subscriptions/00000000-0000-0000-0000-000000000000/resourceGroups/cli_dns_zone3_import000001/providers/Microsoft.Network/dnsZones/zone3.com?api-version=2018-05-01
  response:
    body:
      string: '{"id":"\/subscriptions\/00000000-0000-0000-0000-000000000000\/resourceGroups\/cli_dns_zone3_import000001\/providers\/Microsoft.Network\/dnszones\/zone3.com","name":"zone3.com","type":"Microsoft.Network\/dnszones","etag":"00000002-0000-0000-7940-d26b6cd3d601","location":"global","tags":{},"properties":{"maxNumberOfRecordSets":10000,"maxNumberOfRecordsPerRecordSet":null,"nameServers":["ns1-03.azure-dns.com.","ns2-03.azure-dns.net.","ns3-03.azure-dns.org.","ns4-03.azure-dns.info."],"numberOfRecordSets":2,"zoneType":"Public"}}'
    headers:
      cache-control:
      - private
      content-length:
      - '577'
      content-type:
      - application/json; charset=utf-8
      date:
      - Wed, 16 Dec 2020 05:29:27 GMT
      etag:
      - 00000002-0000-0000-7940-d26b6cd3d601
      server:
      - Microsoft-IIS/10.0
      strict-transport-security:
      - max-age=31536000; includeSubDomains
      x-content-type-options:
      - nosniff
      x-ms-ratelimit-remaining-subscription-resource-requests:
      - '11999'
      x-powered-by:
      - ASP.NET
    status:
      code: 201
      message: Created
- request:
    body: null
    headers:
      Accept:
      - application/json
      Accept-Encoding:
      - gzip, deflate
      CommandName:
      - network dns zone import
      Connection:
      - keep-alive
      ParameterSetName:
      - -n -g --file-name
      User-Agent:
      - python/3.7.8 (Windows-10-10.0.19041-SP0) msrest/0.6.18 msrest_azure/0.6.3
        azure-mgmt-dns/2.1.0 Azure-SDK-For-Python AZURECLI/2.16.0
      accept-language:
      - en-US
    method: GET
    uri: https://management.azure.com/subscriptions/00000000-0000-0000-0000-000000000000/resourceGroups/cli_dns_zone3_import000001/providers/Microsoft.Network/dnsZones/zone3.com/SOA/@?api-version=2018-05-01
  response:
    body:
      string: '{"id":"\/subscriptions\/00000000-0000-0000-0000-000000000000\/resourceGroups\/cli_dns_zone3_import000001\/providers\/Microsoft.Network\/dnszones\/zone3.com\/SOA\/@","name":"@","type":"Microsoft.Network\/dnszones\/SOA","etag":"a2c29f62-2c14-4846-9482-f79045ee3a8b","properties":{"fqdn":"zone3.com.","TTL":3600,"SOARecord":{"email":"azuredns-hostmaster.microsoft.com","expireTime":2419200,"host":"ns1-03.azure-dns.com.","minimumTTL":300,"refreshTime":3600,"retryTime":300,"serialNumber":1},"targetResource":{},"provisioningState":"Succeeded"}}'
    headers:
      cache-control:
      - private
      content-length:
      - '590'
      content-type:
      - application/json; charset=utf-8
      date:
      - Wed, 16 Dec 2020 05:29:28 GMT
      etag:
      - a2c29f62-2c14-4846-9482-f79045ee3a8b
      server:
      - Microsoft-IIS/10.0
      strict-transport-security:
      - max-age=31536000; includeSubDomains
      transfer-encoding:
      - chunked
      vary:
      - Accept-Encoding
      x-content-type-options:
      - nosniff
      x-ms-ratelimit-remaining-subscription-resource-requests:
      - '499'
      x-powered-by:
      - ASP.NET
    status:
      code: 200
      message: OK
- request:
    body: '{"properties": {"TTL": 86400, "SOARecord": {"host": "ns1-03.azure-dns.com.",
      "email": "hostmaster.zone3.com.", "serialNumber": 2003080800, "refreshTime":
      43200, "retryTime": 900, "expireTime": 1814400, "minimumTTL": 10800}}}'
    headers:
      Accept:
      - application/json
      Accept-Encoding:
      - gzip, deflate
      CommandName:
      - network dns zone import
      Connection:
      - keep-alive
      Content-Length:
      - '224'
      Content-Type:
      - application/json; charset=utf-8
      ParameterSetName:
      - -n -g --file-name
      User-Agent:
      - python/3.7.8 (Windows-10-10.0.19041-SP0) msrest/0.6.18 msrest_azure/0.6.3
        azure-mgmt-dns/2.1.0 Azure-SDK-For-Python AZURECLI/2.16.0
      accept-language:
      - en-US
    method: PUT
    uri: https://management.azure.com/subscriptions/00000000-0000-0000-0000-000000000000/resourceGroups/cli_dns_zone3_import000001/providers/Microsoft.Network/dnsZones/zone3.com/SOA/@?api-version=2018-05-01
  response:
    body:
      string: '{"id":"\/subscriptions\/00000000-0000-0000-0000-000000000000\/resourceGroups\/cli_dns_zone3_import000001\/providers\/Microsoft.Network\/dnszones\/zone3.com\/SOA\/@","name":"@","type":"Microsoft.Network\/dnszones\/SOA","etag":"9a005a87-8127-4cf4-9d9c-aa155e947ed2","properties":{"fqdn":"zone3.com.","TTL":86400,"SOARecord":{"email":"hostmaster.zone3.com.","expireTime":1814400,"host":"ns1-03.azure-dns.com.","minimumTTL":10800,"refreshTime":43200,"retryTime":900,"serialNumber":2003080800},"targetResource":{},"provisioningState":"Succeeded"}}'
    headers:
      cache-control:
      - private
      content-length:
      - '591'
      content-type:
      - application/json; charset=utf-8
      date:
      - Wed, 16 Dec 2020 05:29:30 GMT
      etag:
      - 9a005a87-8127-4cf4-9d9c-aa155e947ed2
      server:
      - Microsoft-IIS/10.0
      strict-transport-security:
      - max-age=31536000; includeSubDomains
      transfer-encoding:
      - chunked
      vary:
      - Accept-Encoding
      x-content-type-options:
      - nosniff
      x-ms-ratelimit-remaining-subscription-resource-requests:
      - '11999'
      x-powered-by:
      - ASP.NET
    status:
      code: 200
      message: OK
- request:
    body: null
    headers:
      Accept:
      - application/json
      Accept-Encoding:
      - gzip, deflate
      CommandName:
      - network dns zone import
      Connection:
      - keep-alive
      ParameterSetName:
      - -n -g --file-name
      User-Agent:
      - python/3.7.8 (Windows-10-10.0.19041-SP0) msrest/0.6.18 msrest_azure/0.6.3
        azure-mgmt-dns/2.1.0 Azure-SDK-For-Python AZURECLI/2.16.0
      accept-language:
      - en-US
    method: GET
    uri: https://management.azure.com/subscriptions/00000000-0000-0000-0000-000000000000/resourceGroups/cli_dns_zone3_import000001/providers/Microsoft.Network/dnsZones/zone3.com/NS/@?api-version=2018-05-01
  response:
    body:
      string: '{"id":"\/subscriptions\/00000000-0000-0000-0000-000000000000\/resourceGroups\/cli_dns_zone3_import000001\/providers\/Microsoft.Network\/dnszones\/zone3.com\/NS\/@","name":"@","type":"Microsoft.Network\/dnszones\/NS","etag":"bdd0860c-83eb-470d-ac73-fd279b9c97e6","properties":{"fqdn":"zone3.com.","TTL":172800,"NSRecords":[{"nsdname":"ns1-03.azure-dns.com."},{"nsdname":"ns2-03.azure-dns.net."},{"nsdname":"ns3-03.azure-dns.org."},{"nsdname":"ns4-03.azure-dns.info."}],"targetResource":{},"provisioningState":"Succeeded"}}'
    headers:
      cache-control:
      - private
      content-length:
      - '570'
      content-type:
      - application/json; charset=utf-8
      date:
      - Wed, 16 Dec 2020 05:29:30 GMT
      etag:
      - bdd0860c-83eb-470d-ac73-fd279b9c97e6
      server:
      - Microsoft-IIS/10.0
      strict-transport-security:
      - max-age=31536000; includeSubDomains
      transfer-encoding:
      - chunked
      vary:
      - Accept-Encoding
      x-content-type-options:
      - nosniff
      x-ms-ratelimit-remaining-subscription-resource-requests:
      - '499'
      x-powered-by:
      - ASP.NET
    status:
      code: 200
      message: OK
- request:
    body: '{"etag": "bdd0860c-83eb-470d-ac73-fd279b9c97e6", "properties": {"TTL":
      86400, "targetResource": {}, "NSRecords": [{"nsdname": "ns1-03.azure-dns.com."},
      {"nsdname": "ns2-03.azure-dns.net."}, {"nsdname": "ns3-03.azure-dns.org."},
      {"nsdname": "ns4-03.azure-dns.info."}]}}'
    headers:
      Accept:
      - application/json
      Accept-Encoding:
      - gzip, deflate
      CommandName:
      - network dns zone import
      Connection:
      - keep-alive
      Content-Length:
      - '268'
      Content-Type:
      - application/json; charset=utf-8
      ParameterSetName:
      - -n -g --file-name
      User-Agent:
      - python/3.7.8 (Windows-10-10.0.19041-SP0) msrest/0.6.18 msrest_azure/0.6.3
        azure-mgmt-dns/2.1.0 Azure-SDK-For-Python AZURECLI/2.16.0
      accept-language:
      - en-US
    method: PUT
    uri: https://management.azure.com/subscriptions/00000000-0000-0000-0000-000000000000/resourceGroups/cli_dns_zone3_import000001/providers/Microsoft.Network/dnsZones/zone3.com/NS/@?api-version=2018-05-01
  response:
    body:
      string: '{"id":"\/subscriptions\/00000000-0000-0000-0000-000000000000\/resourceGroups\/cli_dns_zone3_import000001\/providers\/Microsoft.Network\/dnszones\/zone3.com\/NS\/@","name":"@","type":"Microsoft.Network\/dnszones\/NS","etag":"52fca803-bc93-42ac-a7b4-fe9cf7380b00","properties":{"fqdn":"zone3.com.","TTL":86400,"NSRecords":[{"nsdname":"ns1-03.azure-dns.com."},{"nsdname":"ns2-03.azure-dns.net."},{"nsdname":"ns3-03.azure-dns.org."},{"nsdname":"ns4-03.azure-dns.info."}],"targetResource":{},"provisioningState":"Succeeded"}}'
    headers:
      cache-control:
      - private
      content-length:
      - '569'
      content-type:
      - application/json; charset=utf-8
      date:
      - Wed, 16 Dec 2020 05:29:32 GMT
      etag:
      - 52fca803-bc93-42ac-a7b4-fe9cf7380b00
      server:
      - Microsoft-IIS/10.0
      strict-transport-security:
      - max-age=31536000; includeSubDomains
      transfer-encoding:
      - chunked
      vary:
      - Accept-Encoding
      x-content-type-options:
      - nosniff
      x-ms-ratelimit-remaining-subscription-resource-requests:
      - '11998'
      x-powered-by:
      - ASP.NET
    status:
      code: 200
      message: OK
- request:
    body: '{"properties": {"TTL": 3600, "SRVRecords": [{"priority": 10, "weight":
      20, "port": 30, "target": "foo.com."}]}}'
    headers:
      Accept:
      - application/json
      Accept-Encoding:
      - gzip, deflate
      CommandName:
      - network dns zone import
      Connection:
      - keep-alive
      Content-Length:
      - '111'
      Content-Type:
      - application/json; charset=utf-8
      ParameterSetName:
      - -n -g --file-name
      User-Agent:
      - python/3.7.8 (Windows-10-10.0.19041-SP0) msrest/0.6.18 msrest_azure/0.6.3
        azure-mgmt-dns/2.1.0 Azure-SDK-For-Python AZURECLI/2.16.0
      accept-language:
      - en-US
    method: PUT
    uri: https://management.azure.com/subscriptions/00000000-0000-0000-0000-000000000000/resourceGroups/cli_dns_zone3_import000001/providers/Microsoft.Network/dnsZones/zone3.com/SRV/_sip._tcp?api-version=2018-05-01
  response:
    body:
      string: '{"id":"\/subscriptions\/00000000-0000-0000-0000-000000000000\/resourceGroups\/cli_dns_zone3_import000001\/providers\/Microsoft.Network\/dnszones\/zone3.com\/SRV\/_sip._tcp","name":"_sip._tcp","type":"Microsoft.Network\/dnszones\/SRV","etag":"d7ee027b-5d03-486a-bd03-b313c4fe649d","properties":{"fqdn":"_sip._tcp.zone3.com.","TTL":3600,"SRVRecords":[{"port":30,"priority":10,"target":"foo.com.","weight":20}],"targetResource":{},"provisioningState":"Succeeded"}}'
    headers:
      cache-control:
      - private
      content-length:
      - '510'
      content-type:
      - application/json; charset=utf-8
      date:
      - Wed, 16 Dec 2020 05:29:33 GMT
      etag:
      - d7ee027b-5d03-486a-bd03-b313c4fe649d
      server:
      - Microsoft-IIS/10.0
      strict-transport-security:
      - max-age=31536000; includeSubDomains
      x-content-type-options:
      - nosniff
      x-ms-ratelimit-remaining-subscription-resource-requests:
      - '11997'
      x-powered-by:
      - ASP.NET
    status:
      code: 201
      message: Created
- request:
    body: '{"properties": {"TTL": 3600, "ARecords": [{"ipv4Address": "12.1.2.3"},
      {"ipv4Address": "12.2.3.4"}, {"ipv4Address": "12.3.4.5"}, {"ipv4Address": "12.4.5.6"}]}}'
    headers:
      Accept:
      - application/json
      Accept-Encoding:
      - gzip, deflate
      CommandName:
      - network dns zone import
      Connection:
      - keep-alive
      Content-Length:
      - '159'
      Content-Type:
      - application/json; charset=utf-8
      ParameterSetName:
      - -n -g --file-name
      User-Agent:
      - python/3.7.8 (Windows-10-10.0.19041-SP0) msrest/0.6.18 msrest_azure/0.6.3
        azure-mgmt-dns/2.1.0 Azure-SDK-For-Python AZURECLI/2.16.0
      accept-language:
      - en-US
    method: PUT
    uri: https://management.azure.com/subscriptions/00000000-0000-0000-0000-000000000000/resourceGroups/cli_dns_zone3_import000001/providers/Microsoft.Network/dnsZones/zone3.com/A/d1?api-version=2018-05-01
  response:
    body:
      string: '{"id":"\/subscriptions\/00000000-0000-0000-0000-000000000000\/resourceGroups\/cli_dns_zone3_import000001\/providers\/Microsoft.Network\/dnszones\/zone3.com\/A\/d1","name":"d1","type":"Microsoft.Network\/dnszones\/A","etag":"929e5d56-4538-497c-a8de-83dc56d26c72","properties":{"fqdn":"d1.zone3.com.","TTL":3600,"ARecords":[{"ipv4Address":"12.1.2.3"},{"ipv4Address":"12.2.3.4"},{"ipv4Address":"12.3.4.5"},{"ipv4Address":"12.4.5.6"}],"targetResource":{},"provisioningState":"Succeeded"}}'
    headers:
      cache-control:
      - private
      content-length:
      - '533'
      content-type:
      - application/json; charset=utf-8
      date:
      - Wed, 16 Dec 2020 05:29:34 GMT
      etag:
      - 929e5d56-4538-497c-a8de-83dc56d26c72
      server:
      - Microsoft-IIS/10.0
      strict-transport-security:
      - max-age=31536000; includeSubDomains
      x-content-type-options:
      - nosniff
      x-ms-ratelimit-remaining-subscription-resource-requests:
      - '11997'
      x-powered-by:
      - ASP.NET
    status:
      code: 201
      message: Created
- request:
    body: '{"properties": {"TTL": 3600, "NSRecords": [{"nsdname": "hood.com."}]}}'
    headers:
      Accept:
      - application/json
      Accept-Encoding:
      - gzip, deflate
      CommandName:
      - network dns zone import
      Connection:
      - keep-alive
      Content-Length:
      - '70'
      Content-Type:
      - application/json; charset=utf-8
      ParameterSetName:
      - -n -g --file-name
      User-Agent:
      - python/3.7.8 (Windows-10-10.0.19041-SP0) msrest/0.6.18 msrest_azure/0.6.3
        azure-mgmt-dns/2.1.0 Azure-SDK-For-Python AZURECLI/2.16.0
      accept-language:
      - en-US
    method: PUT
    uri: https://management.azure.com/subscriptions/00000000-0000-0000-0000-000000000000/resourceGroups/cli_dns_zone3_import000001/providers/Microsoft.Network/dnsZones/zone3.com/NS/d1?api-version=2018-05-01
  response:
    body:
      string: '{"id":"\/subscriptions\/00000000-0000-0000-0000-000000000000\/resourceGroups\/cli_dns_zone3_import000001\/providers\/Microsoft.Network\/dnszones\/zone3.com\/NS\/d1","name":"d1","type":"Microsoft.Network\/dnszones\/NS","etag":"ba1728af-5445-4411-b707-7434caa5e201","properties":{"fqdn":"d1.zone3.com.","TTL":3600,"NSRecords":[{"nsdname":"hood.com."}],"targetResource":{},"provisioningState":"Succeeded"}}'
    headers:
      cache-control:
      - private
      content-length:
      - '452'
      content-type:
      - application/json; charset=utf-8
      date:
      - Wed, 16 Dec 2020 05:29:36 GMT
      etag:
      - ba1728af-5445-4411-b707-7434caa5e201
      server:
      - Microsoft-IIS/10.0
      strict-transport-security:
      - max-age=31536000; includeSubDomains
      x-content-type-options:
      - nosniff
      x-ms-ratelimit-remaining-subscription-resource-requests:
      - '11999'
      x-powered-by:
      - ASP.NET
    status:
      code: 201
      message: Created
- request:
    body: '{"properties": {"TTL": 3600, "TXTRecords": [{"value": ["fishfishfish"]}]}}'
    headers:
      Accept:
      - application/json
      Accept-Encoding:
      - gzip, deflate
      CommandName:
      - network dns zone import
      Connection:
      - keep-alive
      Content-Length:
      - '74'
      Content-Type:
      - application/json; charset=utf-8
      ParameterSetName:
      - -n -g --file-name
      User-Agent:
      - python/3.7.8 (Windows-10-10.0.19041-SP0) msrest/0.6.18 msrest_azure/0.6.3
        azure-mgmt-dns/2.1.0 Azure-SDK-For-Python AZURECLI/2.16.0
      accept-language:
      - en-US
    method: PUT
    uri: https://management.azure.com/subscriptions/00000000-0000-0000-0000-000000000000/resourceGroups/cli_dns_zone3_import000001/providers/Microsoft.Network/dnsZones/zone3.com/TXT/d1?api-version=2018-05-01
  response:
    body:
      string: '{"id":"\/subscriptions\/00000000-0000-0000-0000-000000000000\/resourceGroups\/cli_dns_zone3_import000001\/providers\/Microsoft.Network\/dnszones\/zone3.com\/TXT\/d1","name":"d1","type":"Microsoft.Network\/dnszones\/TXT","etag":"1ed83b0c-350c-481a-8601-0e2dfa6cfb3e","properties":{"fqdn":"d1.zone3.com.","TTL":3600,"TXTRecords":[{"value":["fishfishfish"]}],"targetResource":{},"provisioningState":"Succeeded"}}'
    headers:
      cache-control:
      - private
      content-length:
      - '458'
      content-type:
      - application/json; charset=utf-8
      date:
      - Wed, 16 Dec 2020 05:29:38 GMT
      etag:
      - 1ed83b0c-350c-481a-8601-0e2dfa6cfb3e
      server:
      - Microsoft-IIS/10.0
      strict-transport-security:
      - max-age=31536000; includeSubDomains
      x-content-type-options:
      - nosniff
      x-ms-ratelimit-remaining-subscription-resource-requests:
      - '11997'
      x-powered-by:
      - ASP.NET
    status:
      code: 201
      message: Created
- request:
    body: '{"properties": {"TTL": 3600, "ARecords": [{"ipv4Address": "11.1.2.3"},
      {"ipv4Address": "11.2.3.3"}]}}'
    headers:
      Accept:
      - application/json
      Accept-Encoding:
      - gzip, deflate
      CommandName:
      - network dns zone import
      Connection:
      - keep-alive
      Content-Length:
      - '101'
      Content-Type:
      - application/json; charset=utf-8
      ParameterSetName:
      - -n -g --file-name
      User-Agent:
      - python/3.7.8 (Windows-10-10.0.19041-SP0) msrest/0.6.18 msrest_azure/0.6.3
        azure-mgmt-dns/2.1.0 Azure-SDK-For-Python AZURECLI/2.16.0
      accept-language:
      - en-US
    method: PUT
    uri: https://management.azure.com/subscriptions/00000000-0000-0000-0000-000000000000/resourceGroups/cli_dns_zone3_import000001/providers/Microsoft.Network/dnsZones/zone3.com/A/f1?api-version=2018-05-01
  response:
    body:
      string: '{"id":"\/subscriptions\/00000000-0000-0000-0000-000000000000\/resourceGroups\/cli_dns_zone3_import000001\/providers\/Microsoft.Network\/dnszones\/zone3.com\/A\/f1","name":"f1","type":"Microsoft.Network\/dnszones\/A","etag":"71ea762a-ae29-49a6-9b76-06b46fec82f8","properties":{"fqdn":"f1.zone3.com.","TTL":3600,"ARecords":[{"ipv4Address":"11.1.2.3"},{"ipv4Address":"11.2.3.3"}],"targetResource":{},"provisioningState":"Succeeded"}}'
    headers:
      cache-control:
      - private
      content-length:
      - '479'
      content-type:
      - application/json; charset=utf-8
      date:
      - Wed, 16 Dec 2020 05:29:39 GMT
      etag:
      - 71ea762a-ae29-49a6-9b76-06b46fec82f8
      server:
      - Microsoft-IIS/10.0
      strict-transport-security:
      - max-age=31536000; includeSubDomains
      x-content-type-options:
      - nosniff
      x-ms-ratelimit-remaining-subscription-resource-requests:
      - '11996'
      x-powered-by:
      - ASP.NET
    status:
      code: 201
      message: Created
- request:
    body: '{"properties": {"TTL": 3600, "ARecords": [{"ipv4Address": "11.2.3.4"},
      {"ipv4Address": "11.5.6.7"}]}}'
    headers:
      Accept:
      - application/json
      Accept-Encoding:
      - gzip, deflate
      CommandName:
      - network dns zone import
      Connection:
      - keep-alive
      Content-Length:
      - '101'
      Content-Type:
      - application/json; charset=utf-8
      ParameterSetName:
      - -n -g --file-name
      User-Agent:
      - python/3.7.8 (Windows-10-10.0.19041-SP0) msrest/0.6.18 msrest_azure/0.6.3
        azure-mgmt-dns/2.1.0 Azure-SDK-For-Python AZURECLI/2.16.0
      accept-language:
      - en-US
    method: PUT
    uri: https://management.azure.com/subscriptions/00000000-0000-0000-0000-000000000000/resourceGroups/cli_dns_zone3_import000001/providers/Microsoft.Network/dnsZones/zone3.com/A/f2?api-version=2018-05-01
  response:
    body:
      string: '{"id":"\/subscriptions\/00000000-0000-0000-0000-000000000000\/resourceGroups\/cli_dns_zone3_import000001\/providers\/Microsoft.Network\/dnszones\/zone3.com\/A\/f2","name":"f2","type":"Microsoft.Network\/dnszones\/A","etag":"83ddd261-615b-4501-950c-769e97d7b7f3","properties":{"fqdn":"f2.zone3.com.","TTL":3600,"ARecords":[{"ipv4Address":"11.2.3.4"},{"ipv4Address":"11.5.6.7"}],"targetResource":{},"provisioningState":"Succeeded"}}'
    headers:
      cache-control:
      - private
      content-length:
      - '479'
      content-type:
      - application/json; charset=utf-8
      date:
      - Wed, 16 Dec 2020 05:29:40 GMT
      etag:
      - 83ddd261-615b-4501-950c-769e97d7b7f3
      server:
      - Microsoft-IIS/10.0
      strict-transport-security:
      - max-age=31536000; includeSubDomains
      x-content-type-options:
      - nosniff
      x-ms-ratelimit-remaining-subscription-resource-requests:
      - '11996'
      x-powered-by:
      - ASP.NET
    status:
      code: 201
      message: Created
- request:
    body: '{"properties": {"TTL": 3600, "MXRecords": [{"preference": 100, "exchange":
      "mail.test.com."}]}}'
    headers:
      Accept:
      - application/json
      Accept-Encoding:
      - gzip, deflate
      CommandName:
      - network dns zone import
      Connection:
      - keep-alive
      Content-Length:
      - '95'
      Content-Type:
      - application/json; charset=utf-8
      ParameterSetName:
      - -n -g --file-name
      User-Agent:
      - python/3.7.8 (Windows-10-10.0.19041-SP0) msrest/0.6.18 msrest_azure/0.6.3
        azure-mgmt-dns/2.1.0 Azure-SDK-For-Python AZURECLI/2.16.0
      accept-language:
      - en-US
    method: PUT
    uri: https://management.azure.com/subscriptions/00000000-0000-0000-0000-000000000000/resourceGroups/cli_dns_zone3_import000001/providers/Microsoft.Network/dnsZones/zone3.com/MX/mail?api-version=2018-05-01
  response:
    body:
      string: '{"id":"\/subscriptions\/00000000-0000-0000-0000-000000000000\/resourceGroups\/cli_dns_zone3_import000001\/providers\/Microsoft.Network\/dnszones\/zone3.com\/MX\/mail","name":"mail","type":"Microsoft.Network\/dnszones\/MX","etag":"a63e3f49-e4b1-4c49-a942-c1c9dab47299","properties":{"fqdn":"mail.zone3.com.","TTL":3600,"MXRecords":[{"exchange":"mail.test.com.","preference":100}],"targetResource":{},"provisioningState":"Succeeded"}}'
    headers:
      cache-control:
      - private
      content-length:
      - '481'
      content-type:
      - application/json; charset=utf-8
      date:
      - Wed, 16 Dec 2020 05:29:43 GMT
      etag:
      - a63e3f49-e4b1-4c49-a942-c1c9dab47299
      server:
      - Microsoft-IIS/10.0
      strict-transport-security:
      - max-age=31536000; includeSubDomains
      x-content-type-options:
      - nosniff
      x-ms-ratelimit-remaining-subscription-resource-requests:
      - '11997'
      x-powered-by:
      - ASP.NET
    status:
      code: 201
      message: Created
- request:
    body: '{"properties": {"TTL": 3600, "ARecords": [{"ipv4Address": "1.2.3.4"}, {"ipv4Address":
      "2.3.4.5"}]}}'
    headers:
      Accept:
      - application/json
      Accept-Encoding:
      - gzip, deflate
      CommandName:
      - network dns zone import
      Connection:
      - keep-alive
      Content-Length:
      - '99'
      Content-Type:
      - application/json; charset=utf-8
      ParameterSetName:
      - -n -g --file-name
      User-Agent:
      - python/3.7.8 (Windows-10-10.0.19041-SP0) msrest/0.6.18 msrest_azure/0.6.3
        azure-mgmt-dns/2.1.0 Azure-SDK-For-Python AZURECLI/2.16.0
      accept-language:
      - en-US
    method: PUT
    uri: https://management.azure.com/subscriptions/00000000-0000-0000-0000-000000000000/resourceGroups/cli_dns_zone3_import000001/providers/Microsoft.Network/dnsZones/zone3.com/A/noclass?api-version=2018-05-01
  response:
    body:
      string: '{"id":"\/subscriptions\/00000000-0000-0000-0000-000000000000\/resourceGroups\/cli_dns_zone3_import000001\/providers\/Microsoft.Network\/dnszones\/zone3.com\/A\/noclass","name":"noclass","type":"Microsoft.Network\/dnszones\/A","etag":"7bbd786c-f0a1-41b8-a243-cf566c1d6a2f","properties":{"fqdn":"noclass.zone3.com.","TTL":3600,"ARecords":[{"ipv4Address":"1.2.3.4"},{"ipv4Address":"2.3.4.5"}],"targetResource":{},"provisioningState":"Succeeded"}}'
    headers:
      cache-control:
      - private
      content-length:
      - '492'
      content-type:
      - application/json; charset=utf-8
      date:
      - Wed, 16 Dec 2020 05:29:44 GMT
      etag:
      - 7bbd786c-f0a1-41b8-a243-cf566c1d6a2f
      server:
      - Microsoft-IIS/10.0
      strict-transport-security:
      - max-age=31536000; includeSubDomains
      x-content-type-options:
      - nosniff
      x-ms-ratelimit-remaining-subscription-resource-requests:
      - '11995'
      x-powered-by:
      - ASP.NET
    status:
      code: 201
      message: Created
- request:
    body: '{"properties": {"TTL": 3600, "ARecords": [{"ipv4Address": "1.2.3.4"}]}}'
    headers:
      Accept:
      - application/json
      Accept-Encoding:
      - gzip, deflate
      CommandName:
      - network dns zone import
      Connection:
      - keep-alive
      Content-Length:
      - '71'
      Content-Type:
      - application/json; charset=utf-8
      ParameterSetName:
      - -n -g --file-name
      User-Agent:
      - python/3.7.8 (Windows-10-10.0.19041-SP0) msrest/0.6.18 msrest_azure/0.6.3
        azure-mgmt-dns/2.1.0 Azure-SDK-For-Python AZURECLI/2.16.0
      accept-language:
      - en-US
    method: PUT
    uri: https://management.azure.com/subscriptions/00000000-0000-0000-0000-000000000000/resourceGroups/cli_dns_zone3_import000001/providers/Microsoft.Network/dnsZones/zone3.com/A/test-a?api-version=2018-05-01
  response:
    body:
      string: '{"id":"\/subscriptions\/00000000-0000-0000-0000-000000000000\/resourceGroups\/cli_dns_zone3_import000001\/providers\/Microsoft.Network\/dnszones\/zone3.com\/A\/test-a","name":"test-a","type":"Microsoft.Network\/dnszones\/A","etag":"ea44b146-354e-45a5-8602-1eac06a743cf","properties":{"fqdn":"test-a.zone3.com.","TTL":3600,"ARecords":[{"ipv4Address":"1.2.3.4"}],"targetResource":{},"provisioningState":"Succeeded"}}'
    headers:
      cache-control:
      - private
      content-length:
      - '463'
      content-type:
      - application/json; charset=utf-8
      date:
      - Wed, 16 Dec 2020 05:29:46 GMT
      etag:
      - ea44b146-354e-45a5-8602-1eac06a743cf
      server:
      - Microsoft-IIS/10.0
      strict-transport-security:
      - max-age=31536000; includeSubDomains
      x-content-type-options:
      - nosniff
      x-ms-ratelimit-remaining-subscription-resource-requests:
      - '11996'
      x-powered-by:
      - ASP.NET
    status:
      code: 201
      message: Created
- request:
    body: '{"properties": {"TTL": 3600, "AAAARecords": [{"ipv6Address": "2001:cafe:130::100"}]}}'
    headers:
      Accept:
      - application/json
      Accept-Encoding:
      - gzip, deflate
      CommandName:
      - network dns zone import
      Connection:
      - keep-alive
      Content-Length:
      - '85'
      Content-Type:
      - application/json; charset=utf-8
      ParameterSetName:
      - -n -g --file-name
      User-Agent:
      - python/3.7.8 (Windows-10-10.0.19041-SP0) msrest/0.6.18 msrest_azure/0.6.3
        azure-mgmt-dns/2.1.0 Azure-SDK-For-Python AZURECLI/2.16.0
      accept-language:
      - en-US
    method: PUT
    uri: https://management.azure.com/subscriptions/00000000-0000-0000-0000-000000000000/resourceGroups/cli_dns_zone3_import000001/providers/Microsoft.Network/dnsZones/zone3.com/AAAA/test-aaaa?api-version=2018-05-01
  response:
    body:
      string: '{"id":"\/subscriptions\/00000000-0000-0000-0000-000000000000\/resourceGroups\/cli_dns_zone3_import000001\/providers\/Microsoft.Network\/dnszones\/zone3.com\/AAAA\/test-aaaa","name":"test-aaaa","type":"Microsoft.Network\/dnszones\/AAAA","etag":"b479292f-2c6b-4a53-bdbc-0f68dc536f3b","properties":{"fqdn":"test-aaaa.zone3.com.","TTL":3600,"AAAARecords":[{"ipv6Address":"2001:cafe:130::100"}],"targetResource":{},"provisioningState":"Succeeded"}}'
    headers:
      cache-control:
      - private
      content-length:
      - '492'
      content-type:
      - application/json; charset=utf-8
      date:
      - Wed, 16 Dec 2020 05:29:47 GMT
      etag:
      - b479292f-2c6b-4a53-bdbc-0f68dc536f3b
      server:
      - Microsoft-IIS/10.0
      strict-transport-security:
      - max-age=31536000; includeSubDomains
      x-content-type-options:
      - nosniff
      x-ms-ratelimit-remaining-subscription-resource-requests:
      - '11999'
      x-powered-by:
      - ASP.NET
    status:
      code: 201
      message: Created
- request:
    body: '{"properties": {"TTL": 3600, "CNAMERecord": {"cname": "target.com."}}}'
    headers:
      Accept:
      - application/json
      Accept-Encoding:
      - gzip, deflate
      CommandName:
      - network dns zone import
      Connection:
      - keep-alive
      Content-Length:
      - '70'
      Content-Type:
      - application/json; charset=utf-8
      ParameterSetName:
      - -n -g --file-name
      User-Agent:
      - python/3.7.8 (Windows-10-10.0.19041-SP0) msrest/0.6.18 msrest_azure/0.6.3
        azure-mgmt-dns/2.1.0 Azure-SDK-For-Python AZURECLI/2.16.0
      accept-language:
      - en-US
    method: PUT
    uri: https://management.azure.com/subscriptions/00000000-0000-0000-0000-000000000000/resourceGroups/cli_dns_zone3_import000001/providers/Microsoft.Network/dnsZones/zone3.com/CNAME/test-cname?api-version=2018-05-01
  response:
    body:
      string: '{"id":"\/subscriptions\/00000000-0000-0000-0000-000000000000\/resourceGroups\/cli_dns_zone3_import000001\/providers\/Microsoft.Network\/dnszones\/zone3.com\/CNAME\/test-cname","name":"test-cname","type":"Microsoft.Network\/dnszones\/CNAME","etag":"4e65d11e-8a1b-47d8-8dd7-c4fe4e334452","properties":{"fqdn":"test-cname.zone3.com.","TTL":3600,"CNAMERecord":{"cname":"target.com."},"targetResource":{},"provisioningState":"Succeeded"}}'
    headers:
      cache-control:
      - private
      content-length:
      - '482'
      content-type:
      - application/json; charset=utf-8
      date:
      - Wed, 16 Dec 2020 05:29:49 GMT
      etag:
      - 4e65d11e-8a1b-47d8-8dd7-c4fe4e334452
      server:
      - Microsoft-IIS/10.0
      strict-transport-security:
      - max-age=31536000; includeSubDomains
      x-content-type-options:
      - nosniff
      x-ms-ratelimit-remaining-subscription-resource-requests:
      - '11996'
      x-powered-by:
      - ASP.NET
    status:
      code: 201
      message: Created
- request:
    body: '{"properties": {"TTL": 3600, "CNAMERecord": {"cname": "target.org.zone3.com."}}}'
    headers:
      Accept:
      - application/json
      Accept-Encoding:
      - gzip, deflate
      CommandName:
      - network dns zone import
      Connection:
      - keep-alive
      Content-Length:
      - '80'
      Content-Type:
      - application/json; charset=utf-8
      ParameterSetName:
      - -n -g --file-name
      User-Agent:
      - python/3.7.8 (Windows-10-10.0.19041-SP0) msrest/0.6.18 msrest_azure/0.6.3
        azure-mgmt-dns/2.1.0 Azure-SDK-For-Python AZURECLI/2.16.0
      accept-language:
      - en-US
    method: PUT
    uri: https://management.azure.com/subscriptions/00000000-0000-0000-0000-000000000000/resourceGroups/cli_dns_zone3_import000001/providers/Microsoft.Network/dnsZones/zone3.com/CNAME/test-cname2?api-version=2018-05-01
  response:
    body:
      string: '{"id":"\/subscriptions\/00000000-0000-0000-0000-000000000000\/resourceGroups\/cli_dns_zone3_import000001\/providers\/Microsoft.Network\/dnszones\/zone3.com\/CNAME\/test-cname2","name":"test-cname2","type":"Microsoft.Network\/dnszones\/CNAME","etag":"cbde7f6c-acf8-4633-ad83-a45dbc7c3577","properties":{"fqdn":"test-cname2.zone3.com.","TTL":3600,"CNAMERecord":{"cname":"target.org.zone3.com."},"targetResource":{},"provisioningState":"Succeeded"}}'
    headers:
      cache-control:
      - private
      content-length:
      - '495'
      content-type:
      - application/json; charset=utf-8
      date:
      - Wed, 16 Dec 2020 05:29:50 GMT
      etag:
      - cbde7f6c-acf8-4633-ad83-a45dbc7c3577
      server:
      - Microsoft-IIS/10.0
      strict-transport-security:
      - max-age=31536000; includeSubDomains
      x-content-type-options:
      - nosniff
      x-ms-ratelimit-remaining-subscription-resource-requests:
      - '11999'
      x-powered-by:
      - ASP.NET
    status:
      code: 201
      message: Created
- request:
    body: '{"properties": {"TTL": 3600, "MXRecords": [{"preference": 10, "exchange":
      "mail.com."}]}}'
    headers:
      Accept:
      - application/json
      Accept-Encoding:
      - gzip, deflate
      CommandName:
      - network dns zone import
      Connection:
      - keep-alive
      Content-Length:
      - '89'
      Content-Type:
      - application/json; charset=utf-8
      ParameterSetName:
      - -n -g --file-name
      User-Agent:
      - python/3.7.8 (Windows-10-10.0.19041-SP0) msrest/0.6.18 msrest_azure/0.6.3
        azure-mgmt-dns/2.1.0 Azure-SDK-For-Python AZURECLI/2.16.0
      accept-language:
      - en-US
    method: PUT
    uri: https://management.azure.com/subscriptions/00000000-0000-0000-0000-000000000000/resourceGroups/cli_dns_zone3_import000001/providers/Microsoft.Network/dnsZones/zone3.com/MX/test-mx?api-version=2018-05-01
  response:
    body:
      string: '{"id":"\/subscriptions\/00000000-0000-0000-0000-000000000000\/resourceGroups\/cli_dns_zone3_import000001\/providers\/Microsoft.Network\/dnszones\/zone3.com\/MX\/test-mx","name":"test-mx","type":"Microsoft.Network\/dnszones\/MX","etag":"5912d2c4-fe55-4de7-a303-43c1cc88416a","properties":{"fqdn":"test-mx.zone3.com.","TTL":3600,"MXRecords":[{"exchange":"mail.com.","preference":10}],"targetResource":{},"provisioningState":"Succeeded"}}'
    headers:
      cache-control:
      - private
      content-length:
      - '484'
      content-type:
      - application/json; charset=utf-8
      date:
      - Wed, 16 Dec 2020 05:29:52 GMT
      etag:
      - 5912d2c4-fe55-4de7-a303-43c1cc88416a
      server:
      - Microsoft-IIS/10.0
      strict-transport-security:
      - max-age=31536000; includeSubDomains
      x-content-type-options:
      - nosniff
      x-ms-ratelimit-remaining-subscription-resource-requests:
      - '11999'
      x-powered-by:
      - ASP.NET
    status:
      code: 201
      message: Created
- request:
    body: '{"properties": {"TTL": 3600, "NSRecords": [{"nsdname": "ns1.com."}]}}'
    headers:
      Accept:
      - application/json
      Accept-Encoding:
      - gzip, deflate
      CommandName:
      - network dns zone import
      Connection:
      - keep-alive
      Content-Length:
      - '69'
      Content-Type:
      - application/json; charset=utf-8
      ParameterSetName:
      - -n -g --file-name
      User-Agent:
      - python/3.7.8 (Windows-10-10.0.19041-SP0) msrest/0.6.18 msrest_azure/0.6.3
        azure-mgmt-dns/2.1.0 Azure-SDK-For-Python AZURECLI/2.16.0
      accept-language:
      - en-US
    method: PUT
    uri: https://management.azure.com/subscriptions/00000000-0000-0000-0000-000000000000/resourceGroups/cli_dns_zone3_import000001/providers/Microsoft.Network/dnsZones/zone3.com/NS/test-ns?api-version=2018-05-01
  response:
    body:
      string: '{"id":"\/subscriptions\/00000000-0000-0000-0000-000000000000\/resourceGroups\/cli_dns_zone3_import000001\/providers\/Microsoft.Network\/dnszones\/zone3.com\/NS\/test-ns","name":"test-ns","type":"Microsoft.Network\/dnszones\/NS","etag":"5ca9c0b3-51dc-4c82-92bd-68c8e23b1019","properties":{"fqdn":"test-ns.zone3.com.","TTL":3600,"NSRecords":[{"nsdname":"ns1.com."}],"targetResource":{},"provisioningState":"Succeeded"}}'
    headers:
      cache-control:
      - private
      content-length:
      - '466'
      content-type:
      - application/json; charset=utf-8
      date:
      - Wed, 16 Dec 2020 05:29:53 GMT
      etag:
      - 5ca9c0b3-51dc-4c82-92bd-68c8e23b1019
      server:
      - Microsoft-IIS/10.0
      strict-transport-security:
      - max-age=31536000; includeSubDomains
      x-content-type-options:
      - nosniff
      x-ms-ratelimit-remaining-subscription-resource-requests:
      - '11996'
      x-powered-by:
      - ASP.NET
    status:
      code: 201
      message: Created
- request:
    body: '{"properties": {"TTL": 3600, "SRVRecords": [{"priority": 1, "weight": 2,
      "port": 3, "target": "target.com."}]}}'
    headers:
      Accept:
      - application/json
      Accept-Encoding:
      - gzip, deflate
      CommandName:
      - network dns zone import
      Connection:
      - keep-alive
      Content-Length:
      - '111'
      Content-Type:
      - application/json; charset=utf-8
      ParameterSetName:
      - -n -g --file-name
      User-Agent:
      - python/3.7.8 (Windows-10-10.0.19041-SP0) msrest/0.6.18 msrest_azure/0.6.3
        azure-mgmt-dns/2.1.0 Azure-SDK-For-Python AZURECLI/2.16.0
      accept-language:
      - en-US
    method: PUT
    uri: https://management.azure.com/subscriptions/00000000-0000-0000-0000-000000000000/resourceGroups/cli_dns_zone3_import000001/providers/Microsoft.Network/dnsZones/zone3.com/SRV/_sip._tcp.test-srv?api-version=2018-05-01
  response:
    body:
      string: '{"id":"\/subscriptions\/00000000-0000-0000-0000-000000000000\/resourceGroups\/cli_dns_zone3_import000001\/providers\/Microsoft.Network\/dnszones\/zone3.com\/SRV\/_sip._tcp.test-srv","name":"_sip._tcp.test-srv","type":"Microsoft.Network\/dnszones\/SRV","etag":"2c431baa-86db-4890-81ef-298238ca5be5","properties":{"fqdn":"_sip._tcp.test-srv.zone3.com.","TTL":3600,"SRVRecords":[{"port":3,"priority":1,"target":"target.com.","weight":2}],"targetResource":{},"provisioningState":"Succeeded"}}'
    headers:
      cache-control:
      - private
      content-length:
      - '537'
      content-type:
      - application/json; charset=utf-8
      date:
      - Wed, 16 Dec 2020 05:29:54 GMT
      etag:
      - 2c431baa-86db-4890-81ef-298238ca5be5
      server:
      - Microsoft-IIS/10.0
      strict-transport-security:
      - max-age=31536000; includeSubDomains
      x-content-type-options:
      - nosniff
      x-ms-ratelimit-remaining-subscription-resource-requests:
      - '11999'
      x-powered-by:
      - ASP.NET
    status:
      code: 201
      message: Created
- request:
    body: '{"properties": {"TTL": 3600, "TXTRecords": [{"value": ["string 1"]}]}}'
    headers:
      Accept:
      - application/json
      Accept-Encoding:
      - gzip, deflate
      CommandName:
      - network dns zone import
      Connection:
      - keep-alive
      Content-Length:
      - '70'
      Content-Type:
      - application/json; charset=utf-8
      ParameterSetName:
      - -n -g --file-name
      User-Agent:
      - python/3.7.8 (Windows-10-10.0.19041-SP0) msrest/0.6.18 msrest_azure/0.6.3
        azure-mgmt-dns/2.1.0 Azure-SDK-For-Python AZURECLI/2.16.0
      accept-language:
      - en-US
    method: PUT
    uri: https://management.azure.com/subscriptions/00000000-0000-0000-0000-000000000000/resourceGroups/cli_dns_zone3_import000001/providers/Microsoft.Network/dnsZones/zone3.com/TXT/test-txt?api-version=2018-05-01
  response:
    body:
      string: '{"id":"\/subscriptions\/00000000-0000-0000-0000-000000000000\/resourceGroups\/cli_dns_zone3_import000001\/providers\/Microsoft.Network\/dnszones\/zone3.com\/TXT\/test-txt","name":"test-txt","type":"Microsoft.Network\/dnszones\/TXT","etag":"86e5e9e0-0748-407f-bcba-ee4517679b4c","properties":{"fqdn":"test-txt.zone3.com.","TTL":3600,"TXTRecords":[{"value":["string
        1"]}],"targetResource":{},"provisioningState":"Succeeded"}}'
    headers:
      cache-control:
      - private
      content-length:
      - '472'
      content-type:
      - application/json; charset=utf-8
      date:
      - Wed, 16 Dec 2020 05:29:56 GMT
      etag:
      - 86e5e9e0-0748-407f-bcba-ee4517679b4c
      server:
      - Microsoft-IIS/10.0
      strict-transport-security:
      - max-age=31536000; includeSubDomains
      x-content-type-options:
      - nosniff
      x-ms-ratelimit-remaining-subscription-resource-requests:
      - '11996'
      x-powered-by:
      - ASP.NET
    status:
      code: 201
      message: Created
- request:
    body: '{"properties": {"TTL": 3600, "TXTRecords": [{"value": ["string 1 only"]}]}}'
    headers:
      Accept:
      - application/json
      Accept-Encoding:
      - gzip, deflate
      CommandName:
      - network dns zone import
      Connection:
      - keep-alive
      Content-Length:
      - '75'
      Content-Type:
      - application/json; charset=utf-8
      ParameterSetName:
      - -n -g --file-name
      User-Agent:
      - python/3.7.8 (Windows-10-10.0.19041-SP0) msrest/0.6.18 msrest_azure/0.6.3
        azure-mgmt-dns/2.1.0 Azure-SDK-For-Python AZURECLI/2.16.0
      accept-language:
      - en-US
    method: PUT
    uri: https://management.azure.com/subscriptions/00000000-0000-0000-0000-000000000000/resourceGroups/cli_dns_zone3_import000001/providers/Microsoft.Network/dnsZones/zone3.com/TXT/txt1?api-version=2018-05-01
  response:
    body:
      string: '{"id":"\/subscriptions\/00000000-0000-0000-0000-000000000000\/resourceGroups\/cli_dns_zone3_import000001\/providers\/Microsoft.Network\/dnszones\/zone3.com\/TXT\/txt1","name":"txt1","type":"Microsoft.Network\/dnszones\/TXT","etag":"e3318452-fa54-4665-aab2-ad03a9bb4b58","properties":{"fqdn":"txt1.zone3.com.","TTL":3600,"TXTRecords":[{"value":["string
        1 only"]}],"targetResource":{},"provisioningState":"Succeeded"}}'
    headers:
      cache-control:
      - private
      content-length:
      - '465'
      content-type:
      - application/json; charset=utf-8
      date:
      - Wed, 16 Dec 2020 05:29:57 GMT
      etag:
      - e3318452-fa54-4665-aab2-ad03a9bb4b58
      server:
      - Microsoft-IIS/10.0
      strict-transport-security:
      - max-age=31536000; includeSubDomains
      x-content-type-options:
      - nosniff
      x-ms-ratelimit-remaining-subscription-resource-requests:
      - '11998'
      x-powered-by:
      - ASP.NET
    status:
      code: 201
      message: Created
- request:
    body: '{"properties": {"TTL": 3600, "TXTRecords": [{"value": ["string1string2"]}]}}'
    headers:
      Accept:
      - application/json
      Accept-Encoding:
      - gzip, deflate
      CommandName:
      - network dns zone import
      Connection:
      - keep-alive
      Content-Length:
      - '76'
      Content-Type:
      - application/json; charset=utf-8
      ParameterSetName:
      - -n -g --file-name
      User-Agent:
      - python/3.7.8 (Windows-10-10.0.19041-SP0) msrest/0.6.18 msrest_azure/0.6.3
        azure-mgmt-dns/2.1.0 Azure-SDK-For-Python AZURECLI/2.16.0
      accept-language:
      - en-US
    method: PUT
    uri: https://management.azure.com/subscriptions/00000000-0000-0000-0000-000000000000/resourceGroups/cli_dns_zone3_import000001/providers/Microsoft.Network/dnsZones/zone3.com/TXT/txt2?api-version=2018-05-01
  response:
    body:
      string: '{"id":"\/subscriptions\/00000000-0000-0000-0000-000000000000\/resourceGroups\/cli_dns_zone3_import000001\/providers\/Microsoft.Network\/dnszones\/zone3.com\/TXT\/txt2","name":"txt2","type":"Microsoft.Network\/dnszones\/TXT","etag":"444711c7-4f01-4393-992d-97e080268478","properties":{"fqdn":"txt2.zone3.com.","TTL":3600,"TXTRecords":[{"value":["string1string2"]}],"targetResource":{},"provisioningState":"Succeeded"}}'
    headers:
      cache-control:
      - private
      content-length:
      - '466'
      content-type:
      - application/json; charset=utf-8
      date:
      - Wed, 16 Dec 2020 05:29:59 GMT
      etag:
      - 444711c7-4f01-4393-992d-97e080268478
      server:
      - Microsoft-IIS/10.0
      strict-transport-security:
      - max-age=31536000; includeSubDomains
      x-content-type-options:
      - nosniff
      x-ms-ratelimit-remaining-subscription-resource-requests:
      - '11996'
      x-powered-by:
      - ASP.NET
    status:
      code: 201
      message: Created
- request:
    body: '{"properties": {"TTL": 3600, "TXTRecords": [{"value": ["this is a very
      long string with lots of text, in fact is has 74 charactersthis is a very long
      string with lots of text, in fact is has 74 charactersthis is a very long string
      with lots of text, in fact is has 74 charactersthis is a very long string with
      l", "ots of text, in fact is has 74 characters"]}, {"value": ["string;string;string"]}]}}'
    headers:
      Accept:
      - application/json
      Accept-Encoding:
      - gzip, deflate
      CommandName:
      - network dns zone import
      Connection:
      - keep-alive
      Content-Length:
      - '399'
      Content-Type:
      - application/json; charset=utf-8
      ParameterSetName:
      - -n -g --file-name
      User-Agent:
      - python/3.7.8 (Windows-10-10.0.19041-SP0) msrest/0.6.18 msrest_azure/0.6.3
        azure-mgmt-dns/2.1.0 Azure-SDK-For-Python AZURECLI/2.16.0
      accept-language:
      - en-US
    method: PUT
    uri: https://management.azure.com/subscriptions/00000000-0000-0000-0000-000000000000/resourceGroups/cli_dns_zone3_import000001/providers/Microsoft.Network/dnsZones/zone3.com/TXT/txt3?api-version=2018-05-01
  response:
    body:
      string: '{"id":"\/subscriptions\/00000000-0000-0000-0000-000000000000\/resourceGroups\/cli_dns_zone3_import000001\/providers\/Microsoft.Network\/dnszones\/zone3.com\/TXT\/txt3","name":"txt3","type":"Microsoft.Network\/dnszones\/TXT","etag":"81d464dd-0ce6-460b-8613-08f4d5b42572","properties":{"fqdn":"txt3.zone3.com.","TTL":3600,"TXTRecords":[{"value":["this
        is a very long string with lots of text, in fact is has 74 charactersthis
        is a very long string with lots of text, in fact is has 74 charactersthis
        is a very long string with lots of text, in fact is has 74 charactersthis
        is a very long string with l","ots of text, in fact is has 74 characters"]},{"value":["string;string;string"]}],"targetResource":{},"provisioningState":"Succeeded"}}'
    headers:
      cache-control:
      - private
      content-length:
      - '786'
      content-type:
      - application/json; charset=utf-8
      date:
      - Wed, 16 Dec 2020 05:30:01 GMT
      etag:
      - 81d464dd-0ce6-460b-8613-08f4d5b42572
      server:
      - Microsoft-IIS/10.0
      strict-transport-security:
      - max-age=31536000; includeSubDomains
      x-content-type-options:
      - nosniff
      x-ms-ratelimit-remaining-subscription-resource-requests:
      - '11997'
      x-powered-by:
      - ASP.NET
    status:
      code: 201
      message: Created
- request:
    body: null
    headers:
      Accept:
      - application/json
      Accept-Encoding:
      - gzip, deflate
      CommandName:
      - network dns record-set list
      Connection:
      - keep-alive
      ParameterSetName:
      - -g -z
      User-Agent:
      - python/3.7.8 (Windows-10-10.0.19041-SP0) msrest/0.6.18 msrest_azure/0.6.3
        azure-mgmt-dns/2.1.0 Azure-SDK-For-Python AZURECLI/2.16.0
      accept-language:
      - en-US
    method: GET
    uri: https://management.azure.com/subscriptions/00000000-0000-0000-0000-000000000000/resourceGroups/cli_dns_zone3_import000001/providers/Microsoft.Network/dnsZones/zone3.com/recordsets?api-version=2018-05-01
  response:
    body:
      string: '{"value":[{"id":"\/subscriptions\/00000000-0000-0000-0000-000000000000\/resourceGroups\/cli_dns_zone3_import000001\/providers\/Microsoft.Network\/dnszones\/zone3.com\/NS\/@","name":"@","type":"Microsoft.Network\/dnszones\/NS","etag":"52fca803-bc93-42ac-a7b4-fe9cf7380b00","properties":{"fqdn":"zone3.com.","TTL":86400,"NSRecords":[{"nsdname":"ns1-03.azure-dns.com."},{"nsdname":"ns2-03.azure-dns.net."},{"nsdname":"ns3-03.azure-dns.org."},{"nsdname":"ns4-03.azure-dns.info."}],"targetResource":{},"provisioningState":"Succeeded"}},{"id":"\/subscriptions\/00000000-0000-0000-0000-000000000000\/resourceGroups\/cli_dns_zone3_import000001\/providers\/Microsoft.Network\/dnszones\/zone3.com\/SOA\/@","name":"@","type":"Microsoft.Network\/dnszones\/SOA","etag":"9a005a87-8127-4cf4-9d9c-aa155e947ed2","properties":{"fqdn":"zone3.com.","TTL":86400,"SOARecord":{"email":"hostmaster.zone3.com.","expireTime":1814400,"host":"ns1-03.azure-dns.com.","minimumTTL":10800,"refreshTime":43200,"retryTime":900,"serialNumber":2003080800},"targetResource":{},"provisioningState":"Succeeded"}},{"id":"\/subscriptions\/00000000-0000-0000-0000-000000000000\/resourceGroups\/cli_dns_zone3_import000001\/providers\/Microsoft.Network\/dnszones\/zone3.com\/SRV\/_sip._tcp","name":"_sip._tcp","type":"Microsoft.Network\/dnszones\/SRV","etag":"d7ee027b-5d03-486a-bd03-b313c4fe649d","properties":{"fqdn":"_sip._tcp.zone3.com.","TTL":3600,"SRVRecords":[{"port":30,"priority":10,"target":"foo.com.","weight":20}],"targetResource":{},"provisioningState":"Succeeded"}},{"id":"\/subscriptions\/00000000-0000-0000-0000-000000000000\/resourceGroups\/cli_dns_zone3_import000001\/providers\/Microsoft.Network\/dnszones\/zone3.com\/A\/d1","name":"d1","type":"Microsoft.Network\/dnszones\/A","etag":"929e5d56-4538-497c-a8de-83dc56d26c72","properties":{"fqdn":"d1.zone3.com.","TTL":3600,"ARecords":[{"ipv4Address":"12.1.2.3"},{"ipv4Address":"12.2.3.4"},{"ipv4Address":"12.3.4.5"},{"ipv4Address":"12.4.5.6"}],"targetResource":{},"provisioningState":"Succeeded"}},{"id":"\/subscriptions\/00000000-0000-0000-0000-000000000000\/resourceGroups\/cli_dns_zone3_import000001\/providers\/Microsoft.Network\/dnszones\/zone3.com\/NS\/d1","name":"d1","type":"Microsoft.Network\/dnszones\/NS","etag":"ba1728af-5445-4411-b707-7434caa5e201","properties":{"fqdn":"d1.zone3.com.","TTL":3600,"NSRecords":[{"nsdname":"hood.com."}],"targetResource":{},"provisioningState":"Succeeded"}},{"id":"\/subscriptions\/00000000-0000-0000-0000-000000000000\/resourceGroups\/cli_dns_zone3_import000001\/providers\/Microsoft.Network\/dnszones\/zone3.com\/TXT\/d1","name":"d1","type":"Microsoft.Network\/dnszones\/TXT","etag":"1ed83b0c-350c-481a-8601-0e2dfa6cfb3e","properties":{"fqdn":"d1.zone3.com.","TTL":3600,"TXTRecords":[{"value":["fishfishfish"]}],"targetResource":{},"provisioningState":"Succeeded"}},{"id":"\/subscriptions\/00000000-0000-0000-0000-000000000000\/resourceGroups\/cli_dns_zone3_import000001\/providers\/Microsoft.Network\/dnszones\/zone3.com\/A\/f1","name":"f1","type":"Microsoft.Network\/dnszones\/A","etag":"71ea762a-ae29-49a6-9b76-06b46fec82f8","properties":{"fqdn":"f1.zone3.com.","TTL":3600,"ARecords":[{"ipv4Address":"11.1.2.3"},{"ipv4Address":"11.2.3.3"}],"targetResource":{},"provisioningState":"Succeeded"}},{"id":"\/subscriptions\/00000000-0000-0000-0000-000000000000\/resourceGroups\/cli_dns_zone3_import000001\/providers\/Microsoft.Network\/dnszones\/zone3.com\/A\/f2","name":"f2","type":"Microsoft.Network\/dnszones\/A","etag":"83ddd261-615b-4501-950c-769e97d7b7f3","properties":{"fqdn":"f2.zone3.com.","TTL":3600,"ARecords":[{"ipv4Address":"11.2.3.4"},{"ipv4Address":"11.5.6.7"}],"targetResource":{},"provisioningState":"Succeeded"}},{"id":"\/subscriptions\/00000000-0000-0000-0000-000000000000\/resourceGroups\/cli_dns_zone3_import000001\/providers\/Microsoft.Network\/dnszones\/zone3.com\/MX\/mail","name":"mail","type":"Microsoft.Network\/dnszones\/MX","etag":"a63e3f49-e4b1-4c49-a942-c1c9dab47299","properties":{"fqdn":"mail.zone3.com.","TTL":3600,"MXRecords":[{"exchange":"mail.test.com.","preference":100}],"targetResource":{},"provisioningState":"Succeeded"}},{"id":"\/subscriptions\/00000000-0000-0000-0000-000000000000\/resourceGroups\/cli_dns_zone3_import000001\/providers\/Microsoft.Network\/dnszones\/zone3.com\/A\/noclass","name":"noclass","type":"Microsoft.Network\/dnszones\/A","etag":"7bbd786c-f0a1-41b8-a243-cf566c1d6a2f","properties":{"fqdn":"noclass.zone3.com.","TTL":3600,"ARecords":[{"ipv4Address":"1.2.3.4"},{"ipv4Address":"2.3.4.5"}],"targetResource":{},"provisioningState":"Succeeded"}},{"id":"\/subscriptions\/00000000-0000-0000-0000-000000000000\/resourceGroups\/cli_dns_zone3_import000001\/providers\/Microsoft.Network\/dnszones\/zone3.com\/A\/test-a","name":"test-a","type":"Microsoft.Network\/dnszones\/A","etag":"ea44b146-354e-45a5-8602-1eac06a743cf","properties":{"fqdn":"test-a.zone3.com.","TTL":3600,"ARecords":[{"ipv4Address":"1.2.3.4"}],"targetResource":{},"provisioningState":"Succeeded"}},{"id":"\/subscriptions\/00000000-0000-0000-0000-000000000000\/resourceGroups\/cli_dns_zone3_import000001\/providers\/Microsoft.Network\/dnszones\/zone3.com\/AAAA\/test-aaaa","name":"test-aaaa","type":"Microsoft.Network\/dnszones\/AAAA","etag":"b479292f-2c6b-4a53-bdbc-0f68dc536f3b","properties":{"fqdn":"test-aaaa.zone3.com.","TTL":3600,"AAAARecords":[{"ipv6Address":"2001:cafe:130::100"}],"targetResource":{},"provisioningState":"Succeeded"}},{"id":"\/subscriptions\/00000000-0000-0000-0000-000000000000\/resourceGroups\/cli_dns_zone3_import000001\/providers\/Microsoft.Network\/dnszones\/zone3.com\/CNAME\/test-cname","name":"test-cname","type":"Microsoft.Network\/dnszones\/CNAME","etag":"4e65d11e-8a1b-47d8-8dd7-c4fe4e334452","properties":{"fqdn":"test-cname.zone3.com.","TTL":3600,"CNAMERecord":{"cname":"target.com."},"targetResource":{},"provisioningState":"Succeeded"}},{"id":"\/subscriptions\/00000000-0000-0000-0000-000000000000\/resourceGroups\/cli_dns_zone3_import000001\/providers\/Microsoft.Network\/dnszones\/zone3.com\/CNAME\/test-cname2","name":"test-cname2","type":"Microsoft.Network\/dnszones\/CNAME","etag":"cbde7f6c-acf8-4633-ad83-a45dbc7c3577","properties":{"fqdn":"test-cname2.zone3.com.","TTL":3600,"CNAMERecord":{"cname":"target.org.zone3.com."},"targetResource":{},"provisioningState":"Succeeded"}},{"id":"\/subscriptions\/00000000-0000-0000-0000-000000000000\/resourceGroups\/cli_dns_zone3_import000001\/providers\/Microsoft.Network\/dnszones\/zone3.com\/MX\/test-mx","name":"test-mx","type":"Microsoft.Network\/dnszones\/MX","etag":"5912d2c4-fe55-4de7-a303-43c1cc88416a","properties":{"fqdn":"test-mx.zone3.com.","TTL":3600,"MXRecords":[{"exchange":"mail.com.","preference":10}],"targetResource":{},"provisioningState":"Succeeded"}},{"id":"\/subscriptions\/00000000-0000-0000-0000-000000000000\/resourceGroups\/cli_dns_zone3_import000001\/providers\/Microsoft.Network\/dnszones\/zone3.com\/NS\/test-ns","name":"test-ns","type":"Microsoft.Network\/dnszones\/NS","etag":"5ca9c0b3-51dc-4c82-92bd-68c8e23b1019","properties":{"fqdn":"test-ns.zone3.com.","TTL":3600,"NSRecords":[{"nsdname":"ns1.com."}],"targetResource":{},"provisioningState":"Succeeded"}},{"id":"\/subscriptions\/00000000-0000-0000-0000-000000000000\/resourceGroups\/cli_dns_zone3_import000001\/providers\/Microsoft.Network\/dnszones\/zone3.com\/SRV\/_sip._tcp.test-srv","name":"_sip._tcp.test-srv","type":"Microsoft.Network\/dnszones\/SRV","etag":"2c431baa-86db-4890-81ef-298238ca5be5","properties":{"fqdn":"_sip._tcp.test-srv.zone3.com.","TTL":3600,"SRVRecords":[{"port":3,"priority":1,"target":"target.com.","weight":2}],"targetResource":{},"provisioningState":"Succeeded"}},{"id":"\/subscriptions\/00000000-0000-0000-0000-000000000000\/resourceGroups\/cli_dns_zone3_import000001\/providers\/Microsoft.Network\/dnszones\/zone3.com\/TXT\/test-txt","name":"test-txt","type":"Microsoft.Network\/dnszones\/TXT","etag":"86e5e9e0-0748-407f-bcba-ee4517679b4c","properties":{"fqdn":"test-txt.zone3.com.","TTL":3600,"TXTRecords":[{"value":["string
        1"]}],"targetResource":{},"provisioningState":"Succeeded"}},{"id":"\/subscriptions\/00000000-0000-0000-0000-000000000000\/resourceGroups\/cli_dns_zone3_import000001\/providers\/Microsoft.Network\/dnszones\/zone3.com\/TXT\/txt1","name":"txt1","type":"Microsoft.Network\/dnszones\/TXT","etag":"e3318452-fa54-4665-aab2-ad03a9bb4b58","properties":{"fqdn":"txt1.zone3.com.","TTL":3600,"TXTRecords":[{"value":["string
        1 only"]}],"targetResource":{},"provisioningState":"Succeeded"}},{"id":"\/subscriptions\/00000000-0000-0000-0000-000000000000\/resourceGroups\/cli_dns_zone3_import000001\/providers\/Microsoft.Network\/dnszones\/zone3.com\/TXT\/txt2","name":"txt2","type":"Microsoft.Network\/dnszones\/TXT","etag":"444711c7-4f01-4393-992d-97e080268478","properties":{"fqdn":"txt2.zone3.com.","TTL":3600,"TXTRecords":[{"value":["string1string2"]}],"targetResource":{},"provisioningState":"Succeeded"}},{"id":"\/subscriptions\/00000000-0000-0000-0000-000000000000\/resourceGroups\/cli_dns_zone3_import000001\/providers\/Microsoft.Network\/dnszones\/zone3.com\/TXT\/txt3","name":"txt3","type":"Microsoft.Network\/dnszones\/TXT","etag":"81d464dd-0ce6-460b-8613-08f4d5b42572","properties":{"fqdn":"txt3.zone3.com.","TTL":3600,"TXTRecords":[{"value":["this
        is a very long string with lots of text, in fact is has 74 charactersthis
        is a very long string with lots of text, in fact is has 74 charactersthis
        is a very long string with lots of text, in fact is has 74 charactersthis
        is a very long string with l","ots of text, in fact is has 74 characters"]},{"value":["string;string;string"]}],"targetResource":{},"provisioningState":"Succeeded"}}]}'
    headers:
      cache-control:
      - private
      content-length:
      - '10684'
      content-type:
      - application/json; charset=utf-8
      date:
      - Wed, 16 Dec 2020 05:30:02 GMT
      server:
      - Microsoft-IIS/10.0
      strict-transport-security:
      - max-age=31536000; includeSubDomains
      transfer-encoding:
      - chunked
      vary:
      - Accept-Encoding
      x-content-type-options:
      - nosniff
      x-ms-ratelimit-remaining-subscription-resource-entities-read:
      - '59958'
      x-ms-ratelimit-remaining-subscription-resource-requests:
      - '498'
      x-powered-by:
      - ASP.NET
    status:
      code: 200
      message: OK
version: 1
