interactions:
- request:
    body: null
    headers:
      Accept:
      - application/json
      Accept-Encoding:
      - gzip, deflate
      CommandName:
      - network public-ip create
      Connection:
      - keep-alive
      ParameterSetName:
      - -g -n --sku
      User-Agent:
      - python/3.7.8 (Windows-10-10.0.19041-SP0) msrest/0.6.18 msrest_azure/0.6.3
        azure-mgmt-resource/10.2.0 Azure-SDK-For-Python AZURECLI/2.15.1
      accept-language:
      - en-US
    method: GET
    uri: https://management.azure.com/subscriptions/00000000-0000-0000-0000-000000000000/resourcegroups/test_network_appgw_creation_with_public_and_private_ip000001?api-version=2020-06-01
  response:
    body:
      string: '{"id":"/subscriptions/00000000-0000-0000-0000-000000000000/resourceGroups/test_network_appgw_creation_with_public_and_private_ip000001","name":"test_network_appgw_creation_with_public_and_private_ip000001","type":"Microsoft.Resources/resourceGroups","location":"westus","tags":{"product":"azurecli","cause":"automation","date":"2020-11-30T16:20:55Z"},"properties":{"provisioningState":"Succeeded"}}'
    headers:
      cache-control:
      - no-cache
      content-length:
      - '428'
      content-type:
      - application/json; charset=utf-8
      date:
      - Mon, 30 Nov 2020 16:20:58 GMT
      expires:
      - '-1'
      pragma:
      - no-cache
      strict-transport-security:
      - max-age=31536000; includeSubDomains
      vary:
      - Accept-Encoding
      x-content-type-options:
      - nosniff
    status:
      code: 200
      message: OK
- request:
    body: '{"location": "westus", "sku": {"name": "Standard"}, "properties": {"publicIPAllocationMethod":
      "Static", "publicIPAddressVersion": "IPv4", "idleTimeoutInMinutes": 4}}'
    headers:
      Accept:
      - application/json
      Accept-Encoding:
      - gzip, deflate
      CommandName:
      - network public-ip create
      Connection:
      - keep-alive
      Content-Length:
      - '166'
      Content-Type:
      - application/json; charset=utf-8
      ParameterSetName:
      - -g -n --sku
      User-Agent:
      - python/3.7.8 (Windows-10-10.0.19041-SP0) msrest/0.6.18 msrest_azure/0.6.3
        azure-mgmt-network/13.0.0 Azure-SDK-For-Python AZURECLI/2.15.1
      accept-language:
      - en-US
    method: PUT
    uri: https://management.azure.com/subscriptions/00000000-0000-0000-0000-000000000000/resourceGroups/test_network_appgw_creation_with_public_and_private_ip000001/providers/Microsoft.Network/publicIPAddresses/publicIP?api-version=2020-07-01
  response:
    body:
      string: "{\r\n  \"name\": \"publicIP\",\r\n  \"id\": \"/subscriptions/00000000-0000-0000-0000-000000000000/resourceGroups/test_network_appgw_creation_with_public_and_private_ip000001/providers/Microsoft.Network/publicIPAddresses/publicIP\",\r\n
        \ \"etag\": \"W/\\\"c418e185-989f-466d-a97c-5dc821768e56\\\"\",\r\n  \"location\":
        \"westus\",\r\n  \"properties\": {\r\n    \"provisioningState\": \"Updating\",\r\n
        \   \"resourceGuid\": \"d69d91c5-d208-46a4-9a2d-e933245e8c33\",\r\n    \"publicIPAddressVersion\":
        \"IPv4\",\r\n    \"publicIPAllocationMethod\": \"Static\",\r\n    \"idleTimeoutInMinutes\":
        4,\r\n    \"ipTags\": []\r\n  },\r\n  \"type\": \"Microsoft.Network/publicIPAddresses\",\r\n
        \ \"sku\": {\r\n    \"name\": \"Standard\",\r\n    \"tier\": \"Regional\"\r\n
        \ }\r\n}"
    headers:
      azure-asyncnotification:
      - Enabled
      azure-asyncoperation:
      - https://management.azure.com/subscriptions/00000000-0000-0000-0000-000000000000/providers/Microsoft.Network/locations/westus/operations/0c633f9f-c87a-4ee3-b20e-bc15a45b32f1?api-version=2020-07-01
      cache-control:
      - no-cache
      content-length:
      - '691'
      content-type:
      - application/json; charset=utf-8
      date:
      - Mon, 30 Nov 2020 16:21:05 GMT
      expires:
      - '-1'
      pragma:
      - no-cache
      server:
      - Microsoft-HTTPAPI/2.0
      - Microsoft-HTTPAPI/2.0
      strict-transport-security:
      - max-age=31536000; includeSubDomains
      x-content-type-options:
      - nosniff
      x-ms-arm-service-request-id:
      - cacb3959-1fba-4d52-978b-5e9ee3b757f9
      x-ms-ratelimit-remaining-subscription-writes:
      - '1195'
    status:
      code: 201
      message: Created
- request:
    body: null
    headers:
      Accept:
      - application/json
      Accept-Encoding:
      - gzip, deflate
      CommandName:
      - network public-ip create
      Connection:
      - keep-alive
      ParameterSetName:
      - -g -n --sku
      User-Agent:
      - python/3.7.8 (Windows-10-10.0.19041-SP0) msrest/0.6.18 msrest_azure/0.6.3
        azure-mgmt-network/13.0.0 Azure-SDK-For-Python AZURECLI/2.15.1
    method: GET
    uri: https://management.azure.com/subscriptions/00000000-0000-0000-0000-000000000000/providers/Microsoft.Network/locations/westus/operations/0c633f9f-c87a-4ee3-b20e-bc15a45b32f1?api-version=2020-07-01
  response:
    body:
      string: "{\r\n  \"status\": \"Succeeded\"\r\n}"
    headers:
      cache-control:
      - no-cache
      content-length:
      - '29'
      content-type:
      - application/json; charset=utf-8
      date:
      - Mon, 30 Nov 2020 16:21:06 GMT
      expires:
      - '-1'
      pragma:
      - no-cache
      server:
      - Microsoft-HTTPAPI/2.0
      - Microsoft-HTTPAPI/2.0
      strict-transport-security:
      - max-age=31536000; includeSubDomains
      transfer-encoding:
      - chunked
      vary:
      - Accept-Encoding
      x-content-type-options:
      - nosniff
      x-ms-arm-service-request-id:
      - 9abe33eb-4d99-424c-baf1-759886bcaf38
    status:
      code: 200
      message: OK
- request:
    body: null
    headers:
      Accept:
      - application/json
      Accept-Encoding:
      - gzip, deflate
      CommandName:
      - network public-ip create
      Connection:
      - keep-alive
      ParameterSetName:
      - -g -n --sku
      User-Agent:
      - python/3.7.8 (Windows-10-10.0.19041-SP0) msrest/0.6.18 msrest_azure/0.6.3
        azure-mgmt-network/13.0.0 Azure-SDK-For-Python AZURECLI/2.15.1
    method: GET
    uri: https://management.azure.com/subscriptions/00000000-0000-0000-0000-000000000000/resourceGroups/test_network_appgw_creation_with_public_and_private_ip000001/providers/Microsoft.Network/publicIPAddresses/publicIP?api-version=2020-07-01
  response:
    body:
      string: "{\r\n  \"name\": \"publicIP\",\r\n  \"id\": \"/subscriptions/00000000-0000-0000-0000-000000000000/resourceGroups/test_network_appgw_creation_with_public_and_private_ip000001/providers/Microsoft.Network/publicIPAddresses/publicIP\",\r\n
        \ \"etag\": \"W/\\\"bf0a0c8e-7f51-46b5-bf40-26a1652a0091\\\"\",\r\n  \"location\":
        \"westus\",\r\n  \"properties\": {\r\n    \"provisioningState\": \"Succeeded\",\r\n
        \   \"resourceGuid\": \"d69d91c5-d208-46a4-9a2d-e933245e8c33\",\r\n    \"ipAddress\":
        \"20.189.181.70\",\r\n    \"publicIPAddressVersion\": \"IPv4\",\r\n    \"publicIPAllocationMethod\":
        \"Static\",\r\n    \"idleTimeoutInMinutes\": 4,\r\n    \"ipTags\": []\r\n
        \ },\r\n  \"type\": \"Microsoft.Network/publicIPAddresses\",\r\n  \"sku\":
        {\r\n    \"name\": \"Standard\",\r\n    \"tier\": \"Regional\"\r\n  }\r\n}"
    headers:
      cache-control:
      - no-cache
      content-length:
      - '727'
      content-type:
      - application/json; charset=utf-8
      date:
      - Mon, 30 Nov 2020 16:21:07 GMT
      etag:
      - W/"bf0a0c8e-7f51-46b5-bf40-26a1652a0091"
      expires:
      - '-1'
      pragma:
      - no-cache
      server:
      - Microsoft-HTTPAPI/2.0
      - Microsoft-HTTPAPI/2.0
      strict-transport-security:
      - max-age=31536000; includeSubDomains
      transfer-encoding:
      - chunked
      vary:
      - Accept-Encoding
      x-content-type-options:
      - nosniff
      x-ms-arm-service-request-id:
      - 301eb655-49da-4ac9-a44d-83f2fc280845
    status:
      code: 200
      message: OK
- request:
    body: null
    headers:
      Accept:
      - application/json
      Accept-Encoding:
      - gzip, deflate
      CommandName:
      - network application-gateway create
      Connection:
      - keep-alive
      ParameterSetName:
      - -g -n --sku --enable-private-link --private-ip-address --public-ip-address
      User-Agent:
      - python/3.7.8 (Windows-10-10.0.19041-SP0) msrest/0.6.18 msrest_azure/0.6.3
        azure-mgmt-resource/10.2.0 Azure-SDK-For-Python AZURECLI/2.15.1
      accept-language:
      - en-US
    method: GET
    uri: https://management.azure.com/subscriptions/00000000-0000-0000-0000-000000000000/resourcegroups/test_network_appgw_creation_with_public_and_private_ip000001?api-version=2020-06-01
  response:
    body:
      string: '{"id":"/subscriptions/00000000-0000-0000-0000-000000000000/resourceGroups/test_network_appgw_creation_with_public_and_private_ip000001","name":"test_network_appgw_creation_with_public_and_private_ip000001","type":"Microsoft.Resources/resourceGroups","location":"westus","tags":{"product":"azurecli","cause":"automation","date":"2020-11-30T16:20:55Z"},"properties":{"provisioningState":"Succeeded"}}'
    headers:
      cache-control:
      - no-cache
      content-length:
      - '428'
      content-type:
      - application/json; charset=utf-8
      date:
      - Mon, 30 Nov 2020 16:21:08 GMT
      expires:
      - '-1'
      pragma:
      - no-cache
      strict-transport-security:
      - max-age=31536000; includeSubDomains
      vary:
      - Accept-Encoding
      x-content-type-options:
      - nosniff
    status:
      code: 200
      message: OK
- request:
    body: null
    headers:
      Accept:
      - application/json
      Accept-Encoding:
      - gzip, deflate
      CommandName:
      - network application-gateway create
      Connection:
      - keep-alive
      ParameterSetName:
      - -g -n --sku --enable-private-link --private-ip-address --public-ip-address
      User-Agent:
      - python/3.7.8 (Windows-10-10.0.19041-SP0) msrest/0.6.18 msrest_azure/0.6.3
        azure-mgmt-resource/10.2.0 Azure-SDK-For-Python AZURECLI/2.15.1
      accept-language:
      - en-US
    method: GET
    uri: https://management.azure.com/subscriptions/00000000-0000-0000-0000-000000000000/resources?$filter=resourceGroup%20eq%20%27test_network_appgw_creation_with_public_and_private_ip000001%27%20and%20name%20eq%20%27None%27%20and%20resourceType%20eq%20%27Microsoft.Network%2FvirtualNetworks%27&api-version=2020-06-01
  response:
    body:
      string: '{"value":[]}'
    headers:
      cache-control:
      - no-cache
      content-length:
      - '12'
      content-type:
      - application/json; charset=utf-8
      date:
      - Mon, 30 Nov 2020 16:21:09 GMT
      expires:
      - '-1'
      pragma:
      - no-cache
      strict-transport-security:
      - max-age=31536000; includeSubDomains
      vary:
      - Accept-Encoding
      x-content-type-options:
      - nosniff
    status:
      code: 200
      message: OK
- request:
    body: null
    headers:
      Accept:
      - application/json
      Accept-Encoding:
      - gzip, deflate
      CommandName:
      - network application-gateway create
      Connection:
      - keep-alive
      ParameterSetName:
      - -g -n --sku --enable-private-link --private-ip-address --public-ip-address
      User-Agent:
      - python/3.7.8 (Windows-10-10.0.19041-SP0) msrest/0.6.18 msrest_azure/0.6.3
        azure-mgmt-resource/10.2.0 Azure-SDK-For-Python AZURECLI/2.15.1
      accept-language:
      - en-US
    method: GET
    uri: https://management.azure.com/subscriptions/00000000-0000-0000-0000-000000000000/resources?$filter=resourceGroup%20eq%20%27test_network_appgw_creation_with_public_and_private_ip000001%27%20and%20name%20eq%20%27publicIP%27%20and%20resourceType%20eq%20%27Microsoft.Network%2FpublicIPAddresses%27&api-version=2020-06-01
  response:
    body:
      string: '{"value":[{"id":"/subscriptions/00000000-0000-0000-0000-000000000000/resourceGroups/test_network_appgw_creation_with_public_and_private_ip000001/providers/Microsoft.Network/publicIPAddresses/publicIP","name":"publicIP","type":"Microsoft.Network/publicIPAddresses","sku":{"name":"Standard"},"location":"westus"}]}'
    headers:
      cache-control:
      - no-cache
      content-length:
      - '327'
      content-type:
      - application/json; charset=utf-8
      date:
      - Mon, 30 Nov 2020 16:21:09 GMT
      expires:
      - '-1'
      pragma:
      - no-cache
      strict-transport-security:
      - max-age=31536000; includeSubDomains
      vary:
      - Accept-Encoding
      x-content-type-options:
      - nosniff
    status:
      code: 200
      message: OK
- request:
    body: '{"properties": {"template": {"$schema": "https://schema.management.azure.com/schemas/2015-01-01/deploymentTemplate.json#",
      "contentVersion": "1.0.0.0", "parameters": {}, "variables": {"appGwID": "[resourceId(''Microsoft.Network/applicationGateways'',
      ''applicationGateway'')]"}, "resources": [{"name": "applicationGatewayVnet",
      "type": "Microsoft.Network/virtualNetworks", "location": "westus", "apiVersion":
      "2015-06-15", "dependsOn": [], "tags": {}, "properties": {"addressSpace": {"addressPrefixes":
      ["10.0.0.0/16"]}, "subnets": [{"name": "default", "properties": {"addressPrefix":
      "10.0.0.0/24"}}, {"name": "PrivateLinkDefaultSubnet", "properties": {"addressPrefix":
      "10.0.1.0/24", "privateLinkServiceNetworkPolicies": "Disabled"}}]}}, {"type":
      "Microsoft.Network/applicationGateways", "name": "applicationGateway", "location":
      "westus", "tags": {}, "apiVersion": "2020-07-01", "dependsOn": ["Microsoft.Network/virtualNetworks/applicationGatewayVnet"],
      "properties": {"backendAddressPools": [{"name": "appGatewayBackendPool"}], "backendHttpSettingsCollection":
      [{"name": "appGatewayBackendHttpSettings", "properties": {"Port": 80, "Protocol":
      "Http", "CookieBasedAffinity": "disabled", "connectionDraining": {"enabled":
      false, "drainTimeoutInSec": 1}}}], "frontendIPConfigurations": [{"name": "appGatewayPrivateFrontendIP",
      "properties": {"privateIPAllocationMethod": "Static", "privateIPAddress": "10.0.0.17",
      "subnet": {"id": "/subscriptions/00000000-0000-0000-0000-000000000000/resourceGroups/test_network_appgw_creation_with_public_and_private_ip000001/providers/Microsoft.Network/virtualNetworks/applicationGatewayVnet/subnets/default"}}},
      {"name": "appGatewayFrontendIP", "properties": {"publicIPAddress": {"id": "/subscriptions/00000000-0000-0000-0000-000000000000/resourceGroups/test_network_appgw_creation_with_public_and_private_ip000001/providers/Microsoft.Network/publicIPAddresses/publicIP"}}}],
      "frontendPorts": [{"name": "appGatewayFrontendPort", "properties": {"Port":
      80}}], "gatewayIPConfigurations": [{"name": "appGatewayFrontendIP", "properties":
      {"subnet": {"id": "/subscriptions/00000000-0000-0000-0000-000000000000/resourceGroups/test_network_appgw_creation_with_public_and_private_ip000001/providers/Microsoft.Network/virtualNetworks/applicationGatewayVnet/subnets/default"}}}],
      "httpListeners": [{"name": "appGatewayHttpListener", "properties": {"FrontendIpConfiguration":
      {"Id": "[concat(variables(''appGwID''), ''/frontendIPConfigurations/appGatewayFrontendIP'')]"},
      "FrontendPort": {"Id": "[concat(variables(''appGwID''), ''/frontendPorts/appGatewayFrontendPort'')]"},
      "Protocol": "http", "SslCertificate": null}}], "sku": {"name": "Standard_v2",
      "tier": "Standard_v2", "capacity": 2}, "requestRoutingRules": [{"Name": "rule1",
      "properties": {"RuleType": "Basic", "httpListener": {"id": "[concat(variables(''appGwID''),
      ''/httpListeners/appGatewayHttpListener'')]"}, "backendAddressPool": {"id":
      "[concat(variables(''appGwID''), ''/backendAddressPools/appGatewayBackendPool'')]"},
      "backendHttpSettings": {"id": "[concat(variables(''appGwID''), ''/backendHttpSettingsCollection/appGatewayBackendHttpSettings'')]"}}}],
      "privateLinkConfigurations": [{"name": "PrivateLinkDefaultConfiguration", "properties":
      {"ipConfigurations": [{"name": "PrivateLinkDefaultIPConfiguration", "properties":
      {"privateIPAddress": null, "privateIPAllocationMethod": "Dynamic", "primary":
      null, "subnet": {"id": "/subscriptions/00000000-0000-0000-0000-000000000000/resourceGroups/test_network_appgw_creation_with_public_and_private_ip000001/providers/Microsoft.Network/virtualNetworks/applicationGatewayVnet/subnets/PrivateLinkDefaultSubnet"}}}]}}]},
      "zones": null}], "outputs": {"applicationGateway": {"type": "object", "value":
      "[reference(''applicationGateway'')]"}}}, "parameters": {}, "mode": "Incremental"}}'
    headers:
      Accept:
      - application/json
      Accept-Encoding:
      - gzip, deflate
      CommandName:
      - network application-gateway create
      Connection:
      - keep-alive
      Content-Length:
      - '3855'
      Content-Type:
      - application/json; charset=utf-8
      ParameterSetName:
      - -g -n --sku --enable-private-link --private-ip-address --public-ip-address
      User-Agent:
      - python/3.7.8 (Windows-10-10.0.19041-SP0) msrest/0.6.18 msrest_azure/0.6.3
        azure-mgmt-resource/10.2.0 Azure-SDK-For-Python AZURECLI/2.15.1
      accept-language:
      - en-US
    method: PUT
    uri: https://management.azure.com/subscriptions/00000000-0000-0000-0000-000000000000/resourcegroups/test_network_appgw_creation_with_public_and_private_ip000001/providers/Microsoft.Resources/deployments/mock-deployment?api-version=2020-06-01
  response:
    body:
      string: '{"id":"/subscriptions/00000000-0000-0000-0000-000000000000/resourceGroups/test_network_appgw_creation_with_public_and_private_ip000001/providers/Microsoft.Resources/deployments/ag_deploy_q3ZKHu0B5zwGP1DcC0itiSPkS48msO3n","name":"ag_deploy_q3ZKHu0B5zwGP1DcC0itiSPkS48msO3n","type":"Microsoft.Resources/deployments","properties":{"templateHash":"13248159599873761595","parameters":{},"mode":"Incremental","provisioningState":"Accepted","timestamp":"2020-11-30T16:21:13.3399035Z","duration":"PT1.1085615S","correlationId":"321b3f15-8f49-4a1b-8832-be1897a2176a","providers":[{"namespace":"Microsoft.Network","resourceTypes":[{"resourceType":"virtualNetworks","locations":["westus"]},{"resourceType":"applicationGateways","locations":["westus"]}]}],"dependencies":[{"dependsOn":[{"id":"/subscriptions/00000000-0000-0000-0000-000000000000/resourceGroups/test_network_appgw_creation_with_public_and_private_ip000001/providers/Microsoft.Network/virtualNetworks/applicationGatewayVnet","resourceType":"Microsoft.Network/virtualNetworks","resourceName":"applicationGatewayVnet"}],"id":"/subscriptions/00000000-0000-0000-0000-000000000000/resourceGroups/test_network_appgw_creation_with_public_and_private_ip000001/providers/Microsoft.Network/applicationGateways/applicationGateway","resourceType":"Microsoft.Network/applicationGateways","resourceName":"applicationGateway"}]}}'
    headers:
      azure-asyncoperation:
      - https://management.azure.com/subscriptions/00000000-0000-0000-0000-000000000000/resourcegroups/test_network_appgw_creation_with_public_and_private_ip000001/providers/Microsoft.Resources/deployments/ag_deploy_q3ZKHu0B5zwGP1DcC0itiSPkS48msO3n/operationStatuses/08585948536132462807?api-version=2020-06-01
      cache-control:
      - no-cache
      content-length:
      - '1411'
      content-type:
      - application/json; charset=utf-8
      date:
      - Mon, 30 Nov 2020 16:21:13 GMT
      expires:
      - '-1'
      pragma:
      - no-cache
      strict-transport-security:
      - max-age=31536000; includeSubDomains
      x-content-type-options:
      - nosniff
      x-ms-ratelimit-remaining-subscription-writes:
      - '1192'
    status:
      code: 201
      message: Created
- request:
    body: null
    headers:
      Accept:
      - application/json
      Accept-Encoding:
      - gzip, deflate
      CommandName:
      - network application-gateway create
      Connection:
      - keep-alive
      ParameterSetName:
      - -g -n --sku --enable-private-link --private-ip-address --public-ip-address
      User-Agent:
      - python/3.7.8 (Windows-10-10.0.19041-SP0) msrest/0.6.18 msrest_azure/0.6.3
        azure-mgmt-resource/10.2.0 Azure-SDK-For-Python AZURECLI/2.15.1
    method: GET
    uri: https://management.azure.com/subscriptions/00000000-0000-0000-0000-000000000000/resourcegroups/test_network_appgw_creation_with_public_and_private_ip000001/providers/Microsoft.Resources/deployments/mock-deployment/operationStatuses/08585948536132462807?api-version=2020-06-01
  response:
    body:
      string: '{"status":"Running"}'
    headers:
      cache-control:
      - no-cache
      content-length:
      - '20'
      content-type:
      - application/json; charset=utf-8
      date:
      - Mon, 30 Nov 2020 16:21:44 GMT
      expires:
      - '-1'
      pragma:
      - no-cache
      strict-transport-security:
      - max-age=31536000; includeSubDomains
      vary:
      - Accept-Encoding
      x-content-type-options:
      - nosniff
    status:
      code: 200
      message: OK
- request:
    body: null
    headers:
      Accept:
      - application/json
      Accept-Encoding:
      - gzip, deflate
      CommandName:
      - network application-gateway create
      Connection:
      - keep-alive
      ParameterSetName:
      - -g -n --sku --enable-private-link --private-ip-address --public-ip-address
      User-Agent:
      - python/3.7.8 (Windows-10-10.0.19041-SP0) msrest/0.6.18 msrest_azure/0.6.3
        azure-mgmt-resource/10.2.0 Azure-SDK-For-Python AZURECLI/2.15.1
    method: GET
    uri: https://management.azure.com/subscriptions/00000000-0000-0000-0000-000000000000/resourcegroups/test_network_appgw_creation_with_public_and_private_ip000001/providers/Microsoft.Resources/deployments/mock-deployment/operationStatuses/08585948536132462807?api-version=2020-06-01
  response:
    body:
      string: '{"status":"Running"}'
    headers:
      cache-control:
      - no-cache
      content-length:
      - '20'
      content-type:
      - application/json; charset=utf-8
      date:
      - Mon, 30 Nov 2020 16:22:15 GMT
      expires:
      - '-1'
      pragma:
      - no-cache
      strict-transport-security:
      - max-age=31536000; includeSubDomains
      vary:
      - Accept-Encoding
      x-content-type-options:
      - nosniff
    status:
      code: 200
      message: OK
- request:
    body: null
    headers:
      Accept:
      - application/json
      Accept-Encoding:
      - gzip, deflate
      CommandName:
      - network application-gateway create
      Connection:
      - keep-alive
      ParameterSetName:
      - -g -n --sku --enable-private-link --private-ip-address --public-ip-address
      User-Agent:
      - python/3.7.8 (Windows-10-10.0.19041-SP0) msrest/0.6.18 msrest_azure/0.6.3
        azure-mgmt-resource/10.2.0 Azure-SDK-For-Python AZURECLI/2.15.1
    method: GET
    uri: https://management.azure.com/subscriptions/00000000-0000-0000-0000-000000000000/resourcegroups/test_network_appgw_creation_with_public_and_private_ip000001/providers/Microsoft.Resources/deployments/mock-deployment/operationStatuses/08585948536132462807?api-version=2020-06-01
  response:
    body:
      string: '{"status":"Running"}'
    headers:
      cache-control:
      - no-cache
      content-length:
      - '20'
      content-type:
      - application/json; charset=utf-8
      date:
      - Mon, 30 Nov 2020 16:22:45 GMT
      expires:
      - '-1'
      pragma:
      - no-cache
      strict-transport-security:
      - max-age=31536000; includeSubDomains
      vary:
      - Accept-Encoding
      x-content-type-options:
      - nosniff
    status:
      code: 200
      message: OK
- request:
    body: null
    headers:
      Accept:
      - application/json
      Accept-Encoding:
      - gzip, deflate
      CommandName:
      - network application-gateway create
      Connection:
      - keep-alive
      ParameterSetName:
      - -g -n --sku --enable-private-link --private-ip-address --public-ip-address
      User-Agent:
      - python/3.7.8 (Windows-10-10.0.19041-SP0) msrest/0.6.18 msrest_azure/0.6.3
        azure-mgmt-resource/10.2.0 Azure-SDK-For-Python AZURECLI/2.15.1
    method: GET
    uri: https://management.azure.com/subscriptions/00000000-0000-0000-0000-000000000000/resourcegroups/test_network_appgw_creation_with_public_and_private_ip000001/providers/Microsoft.Resources/deployments/mock-deployment/operationStatuses/08585948536132462807?api-version=2020-06-01
  response:
    body:
      string: '{"status":"Running"}'
    headers:
      cache-control:
      - no-cache
      content-length:
      - '20'
      content-type:
      - application/json; charset=utf-8
      date:
      - Mon, 30 Nov 2020 16:23:15 GMT
      expires:
      - '-1'
      pragma:
      - no-cache
      strict-transport-security:
      - max-age=31536000; includeSubDomains
      vary:
      - Accept-Encoding
      x-content-type-options:
      - nosniff
    status:
      code: 200
      message: OK
- request:
    body: null
    headers:
      Accept:
      - application/json
      Accept-Encoding:
      - gzip, deflate
      CommandName:
      - network application-gateway create
      Connection:
      - keep-alive
      ParameterSetName:
      - -g -n --sku --enable-private-link --private-ip-address --public-ip-address
      User-Agent:
      - python/3.7.8 (Windows-10-10.0.19041-SP0) msrest/0.6.18 msrest_azure/0.6.3
        azure-mgmt-resource/10.2.0 Azure-SDK-For-Python AZURECLI/2.15.1
    method: GET
    uri: https://management.azure.com/subscriptions/00000000-0000-0000-0000-000000000000/resourcegroups/test_network_appgw_creation_with_public_and_private_ip000001/providers/Microsoft.Resources/deployments/mock-deployment/operationStatuses/08585948536132462807?api-version=2020-06-01
  response:
    body:
      string: '{"status":"Running"}'
    headers:
      cache-control:
      - no-cache
      content-length:
      - '20'
      content-type:
      - application/json; charset=utf-8
      date:
      - Mon, 30 Nov 2020 16:23:47 GMT
      expires:
      - '-1'
      pragma:
      - no-cache
      strict-transport-security:
      - max-age=31536000; includeSubDomains
      vary:
      - Accept-Encoding
      x-content-type-options:
      - nosniff
    status:
      code: 200
      message: OK
- request:
    body: null
    headers:
      Accept:
      - application/json
      Accept-Encoding:
      - gzip, deflate
      CommandName:
      - network application-gateway create
      Connection:
      - keep-alive
      ParameterSetName:
      - -g -n --sku --enable-private-link --private-ip-address --public-ip-address
      User-Agent:
      - python/3.7.8 (Windows-10-10.0.19041-SP0) msrest/0.6.18 msrest_azure/0.6.3
        azure-mgmt-resource/10.2.0 Azure-SDK-For-Python AZURECLI/2.15.1
    method: GET
    uri: https://management.azure.com/subscriptions/00000000-0000-0000-0000-000000000000/resourcegroups/test_network_appgw_creation_with_public_and_private_ip000001/providers/Microsoft.Resources/deployments/mock-deployment/operationStatuses/08585948536132462807?api-version=2020-06-01
  response:
    body:
      string: '{"status":"Running"}'
    headers:
      cache-control:
      - no-cache
      content-length:
      - '20'
      content-type:
      - application/json; charset=utf-8
      date:
      - Mon, 30 Nov 2020 16:24:18 GMT
      expires:
      - '-1'
      pragma:
      - no-cache
      strict-transport-security:
      - max-age=31536000; includeSubDomains
      vary:
      - Accept-Encoding
      x-content-type-options:
      - nosniff
    status:
      code: 200
      message: OK
- request:
    body: null
    headers:
      Accept:
      - application/json
      Accept-Encoding:
      - gzip, deflate
      CommandName:
      - network application-gateway create
      Connection:
      - keep-alive
      ParameterSetName:
      - -g -n --sku --enable-private-link --private-ip-address --public-ip-address
      User-Agent:
      - python/3.7.8 (Windows-10-10.0.19041-SP0) msrest/0.6.18 msrest_azure/0.6.3
        azure-mgmt-resource/10.2.0 Azure-SDK-For-Python AZURECLI/2.15.1
    method: GET
    uri: https://management.azure.com/subscriptions/00000000-0000-0000-0000-000000000000/resourcegroups/test_network_appgw_creation_with_public_and_private_ip000001/providers/Microsoft.Resources/deployments/mock-deployment/operationStatuses/08585948536132462807?api-version=2020-06-01
  response:
    body:
      string: '{"status":"Running"}'
    headers:
      cache-control:
      - no-cache
      content-length:
      - '20'
      content-type:
      - application/json; charset=utf-8
      date:
      - Mon, 30 Nov 2020 16:24:48 GMT
      expires:
      - '-1'
      pragma:
      - no-cache
      strict-transport-security:
      - max-age=31536000; includeSubDomains
      vary:
      - Accept-Encoding
      x-content-type-options:
      - nosniff
    status:
      code: 200
      message: OK
- request:
    body: null
    headers:
      Accept:
      - application/json
      Accept-Encoding:
      - gzip, deflate
      CommandName:
      - network application-gateway create
      Connection:
      - keep-alive
      ParameterSetName:
      - -g -n --sku --enable-private-link --private-ip-address --public-ip-address
      User-Agent:
      - python/3.7.8 (Windows-10-10.0.19041-SP0) msrest/0.6.18 msrest_azure/0.6.3
        azure-mgmt-resource/10.2.0 Azure-SDK-For-Python AZURECLI/2.15.1
    method: GET
    uri: https://management.azure.com/subscriptions/00000000-0000-0000-0000-000000000000/resourcegroups/test_network_appgw_creation_with_public_and_private_ip000001/providers/Microsoft.Resources/deployments/mock-deployment/operationStatuses/08585948536132462807?api-version=2020-06-01
  response:
    body:
      string: '{"status":"Running"}'
    headers:
      cache-control:
      - no-cache
      content-length:
      - '20'
      content-type:
      - application/json; charset=utf-8
      date:
      - Mon, 30 Nov 2020 16:25:18 GMT
      expires:
      - '-1'
      pragma:
      - no-cache
      strict-transport-security:
      - max-age=31536000; includeSubDomains
      vary:
      - Accept-Encoding
      x-content-type-options:
      - nosniff
    status:
      code: 200
      message: OK
- request:
    body: null
    headers:
      Accept:
      - application/json
      Accept-Encoding:
      - gzip, deflate
      CommandName:
      - network application-gateway create
      Connection:
      - keep-alive
      ParameterSetName:
      - -g -n --sku --enable-private-link --private-ip-address --public-ip-address
      User-Agent:
      - python/3.7.8 (Windows-10-10.0.19041-SP0) msrest/0.6.18 msrest_azure/0.6.3
        azure-mgmt-resource/10.2.0 Azure-SDK-For-Python AZURECLI/2.15.1
    method: GET
    uri: https://management.azure.com/subscriptions/00000000-0000-0000-0000-000000000000/resourcegroups/test_network_appgw_creation_with_public_and_private_ip000001/providers/Microsoft.Resources/deployments/mock-deployment/operationStatuses/08585948536132462807?api-version=2020-06-01
  response:
    body:
      string: '{"status":"Running"}'
    headers:
      cache-control:
      - no-cache
      content-length:
      - '20'
      content-type:
      - application/json; charset=utf-8
      date:
      - Mon, 30 Nov 2020 16:25:49 GMT
      expires:
      - '-1'
      pragma:
      - no-cache
      strict-transport-security:
      - max-age=31536000; includeSubDomains
      vary:
      - Accept-Encoding
      x-content-type-options:
      - nosniff
    status:
      code: 200
      message: OK
- request:
    body: null
    headers:
      Accept:
      - application/json
      Accept-Encoding:
      - gzip, deflate
      CommandName:
      - network application-gateway create
      Connection:
      - keep-alive
      ParameterSetName:
      - -g -n --sku --enable-private-link --private-ip-address --public-ip-address
      User-Agent:
      - python/3.7.8 (Windows-10-10.0.19041-SP0) msrest/0.6.18 msrest_azure/0.6.3
        azure-mgmt-resource/10.2.0 Azure-SDK-For-Python AZURECLI/2.15.1
    method: GET
    uri: https://management.azure.com/subscriptions/00000000-0000-0000-0000-000000000000/resourcegroups/test_network_appgw_creation_with_public_and_private_ip000001/providers/Microsoft.Resources/deployments/mock-deployment/operationStatuses/08585948536132462807?api-version=2020-06-01
  response:
    body:
      string: '{"status":"Succeeded"}'
    headers:
      cache-control:
      - no-cache
      content-length:
      - '22'
      content-type:
      - application/json; charset=utf-8
      date:
      - Mon, 30 Nov 2020 16:26:19 GMT
      expires:
      - '-1'
      pragma:
      - no-cache
      strict-transport-security:
      - max-age=31536000; includeSubDomains
      vary:
      - Accept-Encoding
      x-content-type-options:
      - nosniff
    status:
      code: 200
      message: OK
- request:
    body: null
    headers:
      Accept:
      - application/json
      Accept-Encoding:
      - gzip, deflate
      CommandName:
      - network application-gateway create
      Connection:
      - keep-alive
      ParameterSetName:
      - -g -n --sku --enable-private-link --private-ip-address --public-ip-address
      User-Agent:
      - python/3.7.8 (Windows-10-10.0.19041-SP0) msrest/0.6.18 msrest_azure/0.6.3
        azure-mgmt-resource/10.2.0 Azure-SDK-For-Python AZURECLI/2.15.1
    method: GET
    uri: https://management.azure.com/subscriptions/00000000-0000-0000-0000-000000000000/resourcegroups/test_network_appgw_creation_with_public_and_private_ip000001/providers/Microsoft.Resources/deployments/mock-deployment?api-version=2020-06-01
  response:
    body:
      string: '{"id":"/subscriptions/00000000-0000-0000-0000-000000000000/resourceGroups/test_network_appgw_creation_with_public_and_private_ip000001/providers/Microsoft.Resources/deployments/ag_deploy_q3ZKHu0B5zwGP1DcC0itiSPkS48msO3n","name":"ag_deploy_q3ZKHu0B5zwGP1DcC0itiSPkS48msO3n","type":"Microsoft.Resources/deployments","properties":{"templateHash":"13248159599873761595","parameters":{},"mode":"Incremental","provisioningState":"Succeeded","timestamp":"2020-11-30T16:26:17.073Z","duration":"PT5M4.841658S","correlationId":"321b3f15-8f49-4a1b-8832-be1897a2176a","providers":[{"namespace":"Microsoft.Network","resourceTypes":[{"resourceType":"virtualNetworks","locations":["westus"]},{"resourceType":"applicationGateways","locations":["westus"]}]}],"dependencies":[{"dependsOn":[{"id":"/subscriptions/00000000-0000-0000-0000-000000000000/resourceGroups/test_network_appgw_creation_with_public_and_private_ip000001/providers/Microsoft.Network/virtualNetworks/applicationGatewayVnet","resourceType":"Microsoft.Network/virtualNetworks","resourceName":"applicationGatewayVnet"}],"id":"/subscriptions/00000000-0000-0000-0000-000000000000/resourceGroups/test_network_appgw_creation_with_public_and_private_ip000001/providers/Microsoft.Network/applicationGateways/applicationGateway","resourceType":"Microsoft.Network/applicationGateways","resourceName":"applicationGateway"}],"outputs":{"applicationGateway":{"type":"Object","value":{"provisioningState":"Succeeded","resourceGuid":"ec12737d-e2c7-4c35-b99b-2624168c522b","sku":{"name":"Standard_v2","tier":"Standard_v2","capacity":2},"operationalState":"Running","gatewayIPConfigurations":[{"name":"appGatewayFrontendIP","id":"/subscriptions/00000000-0000-0000-0000-000000000000/resourceGroups/test_network_appgw_creation_with_public_and_private_ip000001/providers/Microsoft.Network/applicationGateways/applicationGateway/gatewayIPConfigurations/appGatewayFrontendIP","etag":"W/\"f06b9310-78d2-44de-981b-af40624ae9fd\"","properties":{"provisioningState":"Succeeded","subnet":{"id":"/subscriptions/00000000-0000-0000-0000-000000000000/resourceGroups/test_network_appgw_creation_with_public_and_private_ip000001/providers/Microsoft.Network/virtualNetworks/applicationGatewayVnet/subnets/default"}},"type":"Microsoft.Network/applicationGateways/gatewayIPConfigurations"}],"sslCertificates":[],"trustedRootCertificates":[],"trustedClientCertificates":[],"sslProfiles":[],"frontendIPConfigurations":[{"name":"appGatewayPrivateFrontendIP","id":"/subscriptions/00000000-0000-0000-0000-000000000000/resourceGroups/test_network_appgw_creation_with_public_and_private_ip000001/providers/Microsoft.Network/applicationGateways/applicationGateway/frontendIPConfigurations/appGatewayPrivateFrontendIP","etag":"W/\"f06b9310-78d2-44de-981b-af40624ae9fd\"","type":"Microsoft.Network/applicationGateways/frontendIPConfigurations","properties":{"provisioningState":"Succeeded","privateIPAddress":"10.0.0.17","privateIPAllocationMethod":"Static","subnet":{"id":"/subscriptions/00000000-0000-0000-0000-000000000000/resourceGroups/test_network_appgw_creation_with_public_and_private_ip000001/providers/Microsoft.Network/virtualNetworks/applicationGatewayVnet/subnets/default"}}},{"name":"appGatewayFrontendIP","id":"/subscriptions/00000000-0000-0000-0000-000000000000/resourceGroups/test_network_appgw_creation_with_public_and_private_ip000001/providers/Microsoft.Network/applicationGateways/applicationGateway/frontendIPConfigurations/appGatewayFrontendIP","etag":"W/\"f06b9310-78d2-44de-981b-af40624ae9fd\"","type":"Microsoft.Network/applicationGateways/frontendIPConfigurations","properties":{"provisioningState":"Succeeded","privateIPAllocationMethod":"Dynamic","publicIPAddress":{"id":"/subscriptions/00000000-0000-0000-0000-000000000000/resourceGroups/test_network_appgw_creation_with_public_and_private_ip000001/providers/Microsoft.Network/publicIPAddresses/publicIP"},"httpListeners":[{"id":"/subscriptions/00000000-0000-0000-0000-000000000000/resourceGroups/test_network_appgw_creation_with_public_and_private_ip000001/providers/Microsoft.Network/applicationGateways/applicationGateway/httpListeners/appGatewayHttpListener"}]}}],"frontendPorts":[{"name":"appGatewayFrontendPort","id":"/subscriptions/00000000-0000-0000-0000-000000000000/resourceGroups/test_network_appgw_creation_with_public_and_private_ip000001/providers/Microsoft.Network/applicationGateways/applicationGateway/frontendPorts/appGatewayFrontendPort","etag":"W/\"f06b9310-78d2-44de-981b-af40624ae9fd\"","properties":{"provisioningState":"Succeeded","port":80,"httpListeners":[{"id":"/subscriptions/00000000-0000-0000-0000-000000000000/resourceGroups/test_network_appgw_creation_with_public_and_private_ip000001/providers/Microsoft.Network/applicationGateways/applicationGateway/httpListeners/appGatewayHttpListener"}]},"type":"Microsoft.Network/applicationGateways/frontendPorts"}],"backendAddressPools":[{"name":"appGatewayBackendPool","id":"/subscriptions/00000000-0000-0000-0000-000000000000/resourceGroups/test_network_appgw_creation_with_public_and_private_ip000001/providers/Microsoft.Network/applicationGateways/applicationGateway/backendAddressPools/appGatewayBackendPool","etag":"W/\"f06b9310-78d2-44de-981b-af40624ae9fd\"","properties":{"provisioningState":"Succeeded","backendAddresses":[],"requestRoutingRules":[{"id":"/subscriptions/00000000-0000-0000-0000-000000000000/resourceGroups/test_network_appgw_creation_with_public_and_private_ip000001/providers/Microsoft.Network/applicationGateways/applicationGateway/requestRoutingRules/rule1"}]},"type":"Microsoft.Network/applicationGateways/backendAddressPools"}],"loadDistributionPolicies":[],"backendHttpSettingsCollection":[{"name":"appGatewayBackendHttpSettings","id":"/subscriptions/00000000-0000-0000-0000-000000000000/resourceGroups/test_network_appgw_creation_with_public_and_private_ip000001/providers/Microsoft.Network/applicationGateways/applicationGateway/backendHttpSettingsCollection/appGatewayBackendHttpSettings","etag":"W/\"f06b9310-78d2-44de-981b-af40624ae9fd\"","properties":{"provisioningState":"Succeeded","port":80,"protocol":"Http","cookieBasedAffinity":"Disabled","connectionDraining":{"enabled":false,"drainTimeoutInSec":1},"pickHostNameFromBackendAddress":false,"requestTimeout":30,"requestRoutingRules":[{"id":"/subscriptions/00000000-0000-0000-0000-000000000000/resourceGroups/test_network_appgw_creation_with_public_and_private_ip000001/providers/Microsoft.Network/applicationGateways/applicationGateway/requestRoutingRules/rule1"}]},"type":"Microsoft.Network/applicationGateways/backendHttpSettingsCollection"}],"httpListeners":[{"name":"appGatewayHttpListener","id":"/subscriptions/00000000-0000-0000-0000-000000000000/resourceGroups/test_network_appgw_creation_with_public_and_private_ip000001/providers/Microsoft.Network/applicationGateways/applicationGateway/httpListeners/appGatewayHttpListener","etag":"W/\"f06b9310-78d2-44de-981b-af40624ae9fd\"","properties":{"provisioningState":"Succeeded","frontendIPConfiguration":{"id":"/subscriptions/00000000-0000-0000-0000-000000000000/resourceGroups/test_network_appgw_creation_with_public_and_private_ip000001/providers/Microsoft.Network/applicationGateways/applicationGateway/frontendIPConfigurations/appGatewayFrontendIP"},"frontendPort":{"id":"/subscriptions/00000000-0000-0000-0000-000000000000/resourceGroups/test_network_appgw_creation_with_public_and_private_ip000001/providers/Microsoft.Network/applicationGateways/applicationGateway/frontendPorts/appGatewayFrontendPort"},"protocol":"Http","hostNames":[],"requireServerNameIndication":false,"requestRoutingRules":[{"id":"/subscriptions/00000000-0000-0000-0000-000000000000/resourceGroups/test_network_appgw_creation_with_public_and_private_ip000001/providers/Microsoft.Network/applicationGateways/applicationGateway/requestRoutingRules/rule1"}]},"type":"Microsoft.Network/applicationGateways/httpListeners"}],"urlPathMaps":[],"requestRoutingRules":[{"name":"rule1","id":"/subscriptions/00000000-0000-0000-0000-000000000000/resourceGroups/test_network_appgw_creation_with_public_and_private_ip000001/providers/Microsoft.Network/applicationGateways/applicationGateway/requestRoutingRules/rule1","etag":"W/\"f06b9310-78d2-44de-981b-af40624ae9fd\"","properties":{"provisioningState":"Succeeded","ruleType":"Basic","httpListener":{"id":"/subscriptions/00000000-0000-0000-0000-000000000000/resourceGroups/test_network_appgw_creation_with_public_and_private_ip000001/providers/Microsoft.Network/applicationGateways/applicationGateway/httpListeners/appGatewayHttpListener"},"backendAddressPool":{"id":"/subscriptions/00000000-0000-0000-0000-000000000000/resourceGroups/test_network_appgw_creation_with_public_and_private_ip000001/providers/Microsoft.Network/applicationGateways/applicationGateway/backendAddressPools/appGatewayBackendPool"},"backendHttpSettings":{"id":"/subscriptions/00000000-0000-0000-0000-000000000000/resourceGroups/test_network_appgw_creation_with_public_and_private_ip000001/providers/Microsoft.Network/applicationGateways/applicationGateway/backendHttpSettingsCollection/appGatewayBackendHttpSettings"}},"type":"Microsoft.Network/applicationGateways/requestRoutingRules"}],"probes":[],"rewriteRuleSets":[],"redirectConfigurations":[],"privateLinkConfigurations":[{"name":"PrivateLinkDefaultConfiguration","id":"/subscriptions/00000000-0000-0000-0000-000000000000/resourceGroups/test_network_appgw_creation_with_public_and_private_ip000001/providers/Microsoft.Network/applicationGateways/applicationGateway/privateLinkConfigurations/PrivateLinkDefaultConfiguration","etag":"W/\"f06b9310-78d2-44de-981b-af40624ae9fd\"","type":"Microsoft.Network/applicationGateways/privateLinkConfigurations","properties":{"provisioningState":"Succeeded","ipConfigurations":[{"name":"PrivateLinkDefaultIPConfiguration","id":"/subscriptions/00000000-0000-0000-0000-000000000000/resourceGroups/test_network_appgw_creation_with_public_and_private_ip000001/providers/Microsoft.Network/applicationGateways/applicationGateway/privateLinkConfigurations/PrivateLinkDefaultConfiguration/ipConfigurations/PrivateLinkDefaultIPConfiguration","etag":"W/\"f06b9310-78d2-44de-981b-af40624ae9fd\"","type":"Microsoft.Network/applicationGateways/privateLinkConfigurations/ipConfigurations","properties":{"provisioningState":"Succeeded","privateIPAllocationMethod":"Dynamic","subnet":{"id":"/subscriptions/00000000-0000-0000-0000-000000000000/resourceGroups/test_network_appgw_creation_with_public_and_private_ip000001/providers/Microsoft.Network/virtualNetworks/applicationGatewayVnet/subnets/PrivateLinkDefaultSubnet"}}}]}}],"privateEndpointConnections":[]}}},"outputResources":[{"id":"/subscriptions/00000000-0000-0000-0000-000000000000/resourceGroups/test_network_appgw_creation_with_public_and_private_ip000001/providers/Microsoft.Network/applicationGateways/applicationGateway"},{"id":"/subscriptions/00000000-0000-0000-0000-000000000000/resourceGroups/test_network_appgw_creation_with_public_and_private_ip000001/providers/Microsoft.Network/virtualNetworks/applicationGatewayVnet"}]}}'
    headers:
      cache-control:
      - no-cache
      content-length:
      - '11494'
      content-type:
      - application/json; charset=utf-8
      date:
      - Mon, 30 Nov 2020 16:26:20 GMT
      expires:
      - '-1'
      pragma:
      - no-cache
      strict-transport-security:
      - max-age=31536000; includeSubDomains
      vary:
      - Accept-Encoding
      x-content-type-options:
      - nosniff
    status:
      code: 200
      message: OK
- request:
    body: null
    headers:
      Accept:
      - application/json
      Accept-Encoding:
      - gzip, deflate
      CommandName:
      - network application-gateway show
      Connection:
      - keep-alive
      ParameterSetName:
      - -g -n
      User-Agent:
      - python/3.7.8 (Windows-10-10.0.19041-SP0) msrest/0.6.18 msrest_azure/0.6.3
        azure-mgmt-network/13.0.0 Azure-SDK-For-Python AZURECLI/2.15.1
      accept-language:
      - en-US
    method: GET
    uri: https://management.azure.com/subscriptions/00000000-0000-0000-0000-000000000000/resourceGroups/test_network_appgw_creation_with_public_and_private_ip000001/providers/Microsoft.Network/applicationGateways/applicationGateway?api-version=2020-07-01
  response:
    body:
      string: "{\r\n  \"name\": \"applicationGateway\",\r\n  \"id\": \"/subscriptions/00000000-0000-0000-0000-000000000000/resourceGroups/test_network_appgw_creation_with_public_and_private_ip000001/providers/Microsoft.Network/applicationGateways/applicationGateway\",\r\n
        \ \"etag\": \"W/\\\"f06b9310-78d2-44de-981b-af40624ae9fd\\\"\",\r\n  \"type\":
        \"Microsoft.Network/applicationGateways\",\r\n  \"location\": \"westus\",\r\n
        \ \"tags\": {},\r\n  \"properties\": {\r\n    \"provisioningState\": \"Succeeded\",\r\n
        \   \"resourceGuid\": \"ec12737d-e2c7-4c35-b99b-2624168c522b\",\r\n    \"sku\":
        {\r\n      \"name\": \"Standard_v2\",\r\n      \"tier\": \"Standard_v2\",\r\n
        \     \"capacity\": 2\r\n    },\r\n    \"operationalState\": \"Running\",\r\n
        \   \"gatewayIPConfigurations\": [\r\n      {\r\n        \"name\": \"appGatewayFrontendIP\",\r\n
        \       \"id\": \"/subscriptions/00000000-0000-0000-0000-000000000000/resourceGroups/test_network_appgw_creation_with_public_and_private_ip000001/providers/Microsoft.Network/applicationGateways/applicationGateway/gatewayIPConfigurations/appGatewayFrontendIP\",\r\n
        \       \"etag\": \"W/\\\"f06b9310-78d2-44de-981b-af40624ae9fd\\\"\",\r\n
        \       \"properties\": {\r\n          \"provisioningState\": \"Succeeded\",\r\n
        \         \"subnet\": {\r\n            \"id\": \"/subscriptions/00000000-0000-0000-0000-000000000000/resourceGroups/test_network_appgw_creation_with_public_and_private_ip000001/providers/Microsoft.Network/virtualNetworks/applicationGatewayVnet/subnets/default\"\r\n
        \         }\r\n        },\r\n        \"type\": \"Microsoft.Network/applicationGateways/gatewayIPConfigurations\"\r\n
        \     }\r\n    ],\r\n    \"sslCertificates\": [],\r\n    \"trustedRootCertificates\":
        [],\r\n    \"trustedClientCertificates\": [],\r\n    \"sslProfiles\": [],\r\n
        \   \"frontendIPConfigurations\": [\r\n      {\r\n        \"name\": \"appGatewayPrivateFrontendIP\",\r\n
        \       \"id\": \"/subscriptions/00000000-0000-0000-0000-000000000000/resourceGroups/test_network_appgw_creation_with_public_and_private_ip000001/providers/Microsoft.Network/applicationGateways/applicationGateway/frontendIPConfigurations/appGatewayPrivateFrontendIP\",\r\n
        \       \"etag\": \"W/\\\"f06b9310-78d2-44de-981b-af40624ae9fd\\\"\",\r\n
        \       \"type\": \"Microsoft.Network/applicationGateways/frontendIPConfigurations\",\r\n
        \       \"properties\": {\r\n          \"provisioningState\": \"Succeeded\",\r\n
        \         \"privateIPAddress\": \"10.0.0.17\",\r\n          \"privateIPAllocationMethod\":
        \"Static\",\r\n          \"subnet\": {\r\n            \"id\": \"/subscriptions/00000000-0000-0000-0000-000000000000/resourceGroups/test_network_appgw_creation_with_public_and_private_ip000001/providers/Microsoft.Network/virtualNetworks/applicationGatewayVnet/subnets/default\"\r\n
        \         }\r\n        }\r\n      },\r\n      {\r\n        \"name\": \"appGatewayFrontendIP\",\r\n
        \       \"id\": \"/subscriptions/00000000-0000-0000-0000-000000000000/resourceGroups/test_network_appgw_creation_with_public_and_private_ip000001/providers/Microsoft.Network/applicationGateways/applicationGateway/frontendIPConfigurations/appGatewayFrontendIP\",\r\n
        \       \"etag\": \"W/\\\"f06b9310-78d2-44de-981b-af40624ae9fd\\\"\",\r\n
        \       \"type\": \"Microsoft.Network/applicationGateways/frontendIPConfigurations\",\r\n
        \       \"properties\": {\r\n          \"provisioningState\": \"Succeeded\",\r\n
        \         \"privateIPAllocationMethod\": \"Dynamic\",\r\n          \"publicIPAddress\":
        {\r\n            \"id\": \"/subscriptions/00000000-0000-0000-0000-000000000000/resourceGroups/test_network_appgw_creation_with_public_and_private_ip000001/providers/Microsoft.Network/publicIPAddresses/publicIP\"\r\n
        \         },\r\n          \"httpListeners\": [\r\n            {\r\n              \"id\":
        \"/subscriptions/00000000-0000-0000-0000-000000000000/resourceGroups/test_network_appgw_creation_with_public_and_private_ip000001/providers/Microsoft.Network/applicationGateways/applicationGateway/httpListeners/appGatewayHttpListener\"\r\n
        \           }\r\n          ]\r\n        }\r\n      }\r\n    ],\r\n    \"frontendPorts\":
        [\r\n      {\r\n        \"name\": \"appGatewayFrontendPort\",\r\n        \"id\":
        \"/subscriptions/00000000-0000-0000-0000-000000000000/resourceGroups/test_network_appgw_creation_with_public_and_private_ip000001/providers/Microsoft.Network/applicationGateways/applicationGateway/frontendPorts/appGatewayFrontendPort\",\r\n
        \       \"etag\": \"W/\\\"f06b9310-78d2-44de-981b-af40624ae9fd\\\"\",\r\n
        \       \"properties\": {\r\n          \"provisioningState\": \"Succeeded\",\r\n
        \         \"port\": 80,\r\n          \"httpListeners\": [\r\n            {\r\n
        \             \"id\": \"/subscriptions/00000000-0000-0000-0000-000000000000/resourceGroups/test_network_appgw_creation_with_public_and_private_ip000001/providers/Microsoft.Network/applicationGateways/applicationGateway/httpListeners/appGatewayHttpListener\"\r\n
        \           }\r\n          ]\r\n        },\r\n        \"type\": \"Microsoft.Network/applicationGateways/frontendPorts\"\r\n
        \     }\r\n    ],\r\n    \"backendAddressPools\": [\r\n      {\r\n        \"name\":
        \"appGatewayBackendPool\",\r\n        \"id\": \"/subscriptions/00000000-0000-0000-0000-000000000000/resourceGroups/test_network_appgw_creation_with_public_and_private_ip000001/providers/Microsoft.Network/applicationGateways/applicationGateway/backendAddressPools/appGatewayBackendPool\",\r\n
        \       \"etag\": \"W/\\\"f06b9310-78d2-44de-981b-af40624ae9fd\\\"\",\r\n
        \       \"properties\": {\r\n          \"provisioningState\": \"Succeeded\",\r\n
        \         \"backendAddresses\": [],\r\n          \"requestRoutingRules\":
        [\r\n            {\r\n              \"id\": \"/subscriptions/00000000-0000-0000-0000-000000000000/resourceGroups/test_network_appgw_creation_with_public_and_private_ip000001/providers/Microsoft.Network/applicationGateways/applicationGateway/requestRoutingRules/rule1\"\r\n
        \           }\r\n          ]\r\n        },\r\n        \"type\": \"Microsoft.Network/applicationGateways/backendAddressPools\"\r\n
        \     }\r\n    ],\r\n    \"loadDistributionPolicies\": [],\r\n    \"backendHttpSettingsCollection\":
        [\r\n      {\r\n        \"name\": \"appGatewayBackendHttpSettings\",\r\n        \"id\":
        \"/subscriptions/00000000-0000-0000-0000-000000000000/resourceGroups/test_network_appgw_creation_with_public_and_private_ip000001/providers/Microsoft.Network/applicationGateways/applicationGateway/backendHttpSettingsCollection/appGatewayBackendHttpSettings\",\r\n
        \       \"etag\": \"W/\\\"f06b9310-78d2-44de-981b-af40624ae9fd\\\"\",\r\n
        \       \"properties\": {\r\n          \"provisioningState\": \"Succeeded\",\r\n
        \         \"port\": 80,\r\n          \"protocol\": \"Http\",\r\n          \"cookieBasedAffinity\":
        \"Disabled\",\r\n          \"connectionDraining\": {\r\n            \"enabled\":
        false,\r\n            \"drainTimeoutInSec\": 1\r\n          },\r\n          \"pickHostNameFromBackendAddress\":
        false,\r\n          \"requestTimeout\": 30,\r\n          \"requestRoutingRules\":
        [\r\n            {\r\n              \"id\": \"/subscriptions/00000000-0000-0000-0000-000000000000/resourceGroups/test_network_appgw_creation_with_public_and_private_ip000001/providers/Microsoft.Network/applicationGateways/applicationGateway/requestRoutingRules/rule1\"\r\n
        \           }\r\n          ]\r\n        },\r\n        \"type\": \"Microsoft.Network/applicationGateways/backendHttpSettingsCollection\"\r\n
        \     }\r\n    ],\r\n    \"httpListeners\": [\r\n      {\r\n        \"name\":
        \"appGatewayHttpListener\",\r\n        \"id\": \"/subscriptions/00000000-0000-0000-0000-000000000000/resourceGroups/test_network_appgw_creation_with_public_and_private_ip000001/providers/Microsoft.Network/applicationGateways/applicationGateway/httpListeners/appGatewayHttpListener\",\r\n
        \       \"etag\": \"W/\\\"f06b9310-78d2-44de-981b-af40624ae9fd\\\"\",\r\n
        \       \"properties\": {\r\n          \"provisioningState\": \"Succeeded\",\r\n
        \         \"frontendIPConfiguration\": {\r\n            \"id\": \"/subscriptions/00000000-0000-0000-0000-000000000000/resourceGroups/test_network_appgw_creation_with_public_and_private_ip000001/providers/Microsoft.Network/applicationGateways/applicationGateway/frontendIPConfigurations/appGatewayFrontendIP\"\r\n
        \         },\r\n          \"frontendPort\": {\r\n            \"id\": \"/subscriptions/00000000-0000-0000-0000-000000000000/resourceGroups/test_network_appgw_creation_with_public_and_private_ip000001/providers/Microsoft.Network/applicationGateways/applicationGateway/frontendPorts/appGatewayFrontendPort\"\r\n
        \         },\r\n          \"protocol\": \"Http\",\r\n          \"hostNames\":
        [],\r\n          \"requireServerNameIndication\": false,\r\n          \"requestRoutingRules\":
        [\r\n            {\r\n              \"id\": \"/subscriptions/00000000-0000-0000-0000-000000000000/resourceGroups/test_network_appgw_creation_with_public_and_private_ip000001/providers/Microsoft.Network/applicationGateways/applicationGateway/requestRoutingRules/rule1\"\r\n
        \           }\r\n          ]\r\n        },\r\n        \"type\": \"Microsoft.Network/applicationGateways/httpListeners\"\r\n
        \     }\r\n    ],\r\n    \"urlPathMaps\": [],\r\n    \"requestRoutingRules\":
        [\r\n      {\r\n        \"name\": \"rule1\",\r\n        \"id\": \"/subscriptions/00000000-0000-0000-0000-000000000000/resourceGroups/test_network_appgw_creation_with_public_and_private_ip000001/providers/Microsoft.Network/applicationGateways/applicationGateway/requestRoutingRules/rule1\",\r\n
        \       \"etag\": \"W/\\\"f06b9310-78d2-44de-981b-af40624ae9fd\\\"\",\r\n
        \       \"properties\": {\r\n          \"provisioningState\": \"Succeeded\",\r\n
        \         \"ruleType\": \"Basic\",\r\n          \"httpListener\": {\r\n            \"id\":
        \"/subscriptions/00000000-0000-0000-0000-000000000000/resourceGroups/test_network_appgw_creation_with_public_and_private_ip000001/providers/Microsoft.Network/applicationGateways/applicationGateway/httpListeners/appGatewayHttpListener\"\r\n
        \         },\r\n          \"backendAddressPool\": {\r\n            \"id\":
        \"/subscriptions/00000000-0000-0000-0000-000000000000/resourceGroups/test_network_appgw_creation_with_public_and_private_ip000001/providers/Microsoft.Network/applicationGateways/applicationGateway/backendAddressPools/appGatewayBackendPool\"\r\n
        \         },\r\n          \"backendHttpSettings\": {\r\n            \"id\":
        \"/subscriptions/00000000-0000-0000-0000-000000000000/resourceGroups/test_network_appgw_creation_with_public_and_private_ip000001/providers/Microsoft.Network/applicationGateways/applicationGateway/backendHttpSettingsCollection/appGatewayBackendHttpSettings\"\r\n
        \         }\r\n        },\r\n        \"type\": \"Microsoft.Network/applicationGateways/requestRoutingRules\"\r\n
        \     }\r\n    ],\r\n    \"probes\": [],\r\n    \"rewriteRuleSets\": [],\r\n
        \   \"redirectConfigurations\": [],\r\n    \"privateLinkConfigurations\":
        [\r\n      {\r\n        \"name\": \"PrivateLinkDefaultConfiguration\",\r\n
        \       \"id\": \"/subscriptions/00000000-0000-0000-0000-000000000000/resourceGroups/test_network_appgw_creation_with_public_and_private_ip000001/providers/Microsoft.Network/applicationGateways/applicationGateway/privateLinkConfigurations/PrivateLinkDefaultConfiguration\",\r\n
        \       \"etag\": \"W/\\\"f06b9310-78d2-44de-981b-af40624ae9fd\\\"\",\r\n
        \       \"type\": \"Microsoft.Network/applicationGateways/privateLinkConfigurations\",\r\n
        \       \"properties\": {\r\n          \"provisioningState\": \"Succeeded\",\r\n
        \         \"ipConfigurations\": [\r\n            {\r\n              \"name\":
        \"PrivateLinkDefaultIPConfiguration\",\r\n              \"id\": \"/subscriptions/00000000-0000-0000-0000-000000000000/resourceGroups/test_network_appgw_creation_with_public_and_private_ip000001/providers/Microsoft.Network/applicationGateways/applicationGateway/privateLinkConfigurations/PrivateLinkDefaultConfiguration/ipConfigurations/PrivateLinkDefaultIPConfiguration\",\r\n
        \             \"etag\": \"W/\\\"f06b9310-78d2-44de-981b-af40624ae9fd\\\"\",\r\n
        \             \"type\": \"Microsoft.Network/applicationGateways/privateLinkConfigurations/ipConfigurations\",\r\n
        \             \"properties\": {\r\n                \"provisioningState\":
        \"Succeeded\",\r\n                \"privateIPAllocationMethod\": \"Dynamic\",\r\n
        \               \"subnet\": {\r\n                  \"id\": \"/subscriptions/00000000-0000-0000-0000-000000000000/resourceGroups/test_network_appgw_creation_with_public_and_private_ip000001/providers/Microsoft.Network/virtualNetworks/applicationGatewayVnet/subnets/PrivateLinkDefaultSubnet\"\r\n
        \               }\r\n              }\r\n            }\r\n          ]\r\n        }\r\n
        \     }\r\n    ],\r\n    \"privateEndpointConnections\": []\r\n  }\r\n}"
    headers:
      cache-control:
      - no-cache
      content-length:
      - '12235'
      content-type:
      - application/json; charset=utf-8
      date:
      - Mon, 30 Nov 2020 16:26:22 GMT
      etag:
      - W/"f06b9310-78d2-44de-981b-af40624ae9fd"
      expires:
      - '-1'
      pragma:
      - no-cache
      server:
      - Microsoft-HTTPAPI/2.0
      - Microsoft-HTTPAPI/2.0
      strict-transport-security:
      - max-age=31536000; includeSubDomains
      transfer-encoding:
      - chunked
      vary:
      - Accept-Encoding
      x-content-type-options:
      - nosniff
      x-ms-arm-service-request-id:
      - 300af204-ae42-42a8-ab77-328ae5b70bf4
    status:
      code: 200
      message: OK
- request:
    body: null
    headers:
      Accept:
      - application/json
      Accept-Encoding:
      - gzip, deflate
      CommandName:
      - network application-gateway delete
      Connection:
      - keep-alive
      Content-Length:
      - '0'
      ParameterSetName:
      - -g -n
      User-Agent:
      - python/3.7.8 (Windows-10-10.0.19041-SP0) msrest/0.6.18 msrest_azure/0.6.3
        azure-mgmt-network/13.0.0 Azure-SDK-For-Python AZURECLI/2.15.1
      accept-language:
      - en-US
    method: DELETE
    uri: https://management.azure.com/subscriptions/00000000-0000-0000-0000-000000000000/resourceGroups/test_network_appgw_creation_with_public_and_private_ip000001/providers/Microsoft.Network/applicationGateways/applicationGateway?api-version=2020-07-01
  response:
    body:
      string: ''
    headers:
      azure-asyncnotification:
      - Enabled
      azure-asyncoperation:
      - https://management.azure.com/subscriptions/00000000-0000-0000-0000-000000000000/providers/Microsoft.Network/locations/westus/operations/4a824b11-fa78-4ecb-9c3d-85bcb7d9fae4?api-version=2020-07-01
      cache-control:
      - no-cache
      content-length:
      - '0'
      date:
      - Mon, 30 Nov 2020 16:26:23 GMT
      expires:
      - '-1'
      location:
      - https://management.azure.com/subscriptions/00000000-0000-0000-0000-000000000000/providers/Microsoft.Network/locations/westus/operationResults/4a824b11-fa78-4ecb-9c3d-85bcb7d9fae4?api-version=2020-07-01
      pragma:
      - no-cache
      server:
      - Microsoft-HTTPAPI/2.0
      - Microsoft-HTTPAPI/2.0
      strict-transport-security:
      - max-age=31536000; includeSubDomains
      x-content-type-options:
      - nosniff
      x-ms-arm-service-request-id:
      - e3c50ace-0293-4975-a0b2-9c3a470c593c
      x-ms-ratelimit-remaining-subscription-deletes:
      - '14998'
    status:
      code: 202
      message: Accepted
- request:
    body: null
    headers:
      Accept:
      - application/json
      Accept-Encoding:
      - gzip, deflate
      CommandName:
      - network application-gateway delete
      Connection:
      - keep-alive
      ParameterSetName:
      - -g -n
      User-Agent:
      - python/3.7.8 (Windows-10-10.0.19041-SP0) msrest/0.6.18 msrest_azure/0.6.3
        azure-mgmt-network/13.0.0 Azure-SDK-For-Python AZURECLI/2.15.1
    method: GET
    uri: https://management.azure.com/subscriptions/00000000-0000-0000-0000-000000000000/providers/Microsoft.Network/locations/westus/operations/4a824b11-fa78-4ecb-9c3d-85bcb7d9fae4?api-version=2020-07-01
  response:
    body:
      string: "{\r\n  \"status\": \"InProgress\"\r\n}"
    headers:
      cache-control:
      - no-cache
      content-length:
      - '30'
      content-type:
      - application/json; charset=utf-8
      date:
      - Mon, 30 Nov 2020 16:26:34 GMT
      expires:
      - '-1'
      pragma:
      - no-cache
      server:
      - Microsoft-HTTPAPI/2.0
      - Microsoft-HTTPAPI/2.0
      strict-transport-security:
      - max-age=31536000; includeSubDomains
      transfer-encoding:
      - chunked
      vary:
      - Accept-Encoding
      x-content-type-options:
      - nosniff
      x-ms-arm-service-request-id:
      - 75b4b8ef-3f97-4b45-880a-5f1e26973c5b
    status:
      code: 200
      message: OK
- request:
    body: null
    headers:
      Accept:
      - application/json
      Accept-Encoding:
      - gzip, deflate
      CommandName:
      - network application-gateway delete
      Connection:
      - keep-alive
      ParameterSetName:
      - -g -n
      User-Agent:
      - python/3.7.8 (Windows-10-10.0.19041-SP0) msrest/0.6.18 msrest_azure/0.6.3
        azure-mgmt-network/13.0.0 Azure-SDK-For-Python AZURECLI/2.15.1
    method: GET
    uri: https://management.azure.com/subscriptions/00000000-0000-0000-0000-000000000000/providers/Microsoft.Network/locations/westus/operations/4a824b11-fa78-4ecb-9c3d-85bcb7d9fae4?api-version=2020-07-01
  response:
    body:
      string: "{\r\n  \"status\": \"InProgress\"\r\n}"
    headers:
      cache-control:
      - no-cache
      content-length:
      - '30'
      content-type:
      - application/json; charset=utf-8
      date:
      - Mon, 30 Nov 2020 16:26:44 GMT
      expires:
      - '-1'
      pragma:
      - no-cache
      server:
      - Microsoft-HTTPAPI/2.0
      - Microsoft-HTTPAPI/2.0
      strict-transport-security:
      - max-age=31536000; includeSubDomains
      transfer-encoding:
      - chunked
      vary:
      - Accept-Encoding
      x-content-type-options:
      - nosniff
      x-ms-arm-service-request-id:
      - 945d3362-0f38-4e2a-9762-7caf4e53f841
    status:
      code: 200
      message: OK
- request:
    body: null
    headers:
      Accept:
      - application/json
      Accept-Encoding:
      - gzip, deflate
      CommandName:
      - network application-gateway delete
      Connection:
      - keep-alive
      ParameterSetName:
      - -g -n
      User-Agent:
      - python/3.7.8 (Windows-10-10.0.19041-SP0) msrest/0.6.18 msrest_azure/0.6.3
        azure-mgmt-network/13.0.0 Azure-SDK-For-Python AZURECLI/2.15.1
    method: GET
    uri: https://management.azure.com/subscriptions/00000000-0000-0000-0000-000000000000/providers/Microsoft.Network/locations/westus/operations/4a824b11-fa78-4ecb-9c3d-85bcb7d9fae4?api-version=2020-07-01
  response:
    body:
      string: "{\r\n  \"status\": \"InProgress\"\r\n}"
    headers:
      cache-control:
      - no-cache
      content-length:
      - '30'
      content-type:
      - application/json; charset=utf-8
      date:
      - Mon, 30 Nov 2020 16:27:06 GMT
      expires:
      - '-1'
      pragma:
      - no-cache
      server:
      - Microsoft-HTTPAPI/2.0
      - Microsoft-HTTPAPI/2.0
      strict-transport-security:
      - max-age=31536000; includeSubDomains
      transfer-encoding:
      - chunked
      vary:
      - Accept-Encoding
      x-content-type-options:
      - nosniff
      x-ms-arm-service-request-id:
      - 5f9ca386-2e3b-4dac-9978-a0ecff6b3c95
    status:
      code: 200
      message: OK
- request:
    body: null
    headers:
      Accept:
      - application/json
      Accept-Encoding:
      - gzip, deflate
      CommandName:
      - network application-gateway delete
      Connection:
      - keep-alive
      ParameterSetName:
      - -g -n
      User-Agent:
      - python/3.7.8 (Windows-10-10.0.19041-SP0) msrest/0.6.18 msrest_azure/0.6.3
        azure-mgmt-network/13.0.0 Azure-SDK-For-Python AZURECLI/2.15.1
    method: GET
    uri: https://management.azure.com/subscriptions/00000000-0000-0000-0000-000000000000/providers/Microsoft.Network/locations/westus/operations/4a824b11-fa78-4ecb-9c3d-85bcb7d9fae4?api-version=2020-07-01
  response:
    body:
      string: "{\r\n  \"status\": \"InProgress\"\r\n}"
    headers:
      cache-control:
      - no-cache
      content-length:
      - '30'
      content-type:
      - application/json; charset=utf-8
      date:
      - Mon, 30 Nov 2020 16:27:26 GMT
      expires:
      - '-1'
      pragma:
      - no-cache
      server:
      - Microsoft-HTTPAPI/2.0
      - Microsoft-HTTPAPI/2.0
      strict-transport-security:
      - max-age=31536000; includeSubDomains
      transfer-encoding:
      - chunked
      vary:
      - Accept-Encoding
      x-content-type-options:
      - nosniff
      x-ms-arm-service-request-id:
      - a327d794-7587-43c9-90bb-c8f14e7db7b6
    status:
      code: 200
      message: OK
- request:
    body: null
    headers:
      Accept:
      - application/json
      Accept-Encoding:
      - gzip, deflate
      CommandName:
      - network application-gateway delete
      Connection:
      - keep-alive
      ParameterSetName:
      - -g -n
      User-Agent:
      - python/3.7.8 (Windows-10-10.0.19041-SP0) msrest/0.6.18 msrest_azure/0.6.3
        azure-mgmt-network/13.0.0 Azure-SDK-For-Python AZURECLI/2.15.1
    method: GET
    uri: https://management.azure.com/subscriptions/00000000-0000-0000-0000-000000000000/providers/Microsoft.Network/locations/westus/operations/4a824b11-fa78-4ecb-9c3d-85bcb7d9fae4?api-version=2020-07-01
  response:
    body:
      string: "{\r\n  \"status\": \"InProgress\"\r\n}"
    headers:
      cache-control:
      - no-cache
      content-length:
      - '30'
      content-type:
      - application/json; charset=utf-8
      date:
      - Mon, 30 Nov 2020 16:28:06 GMT
      expires:
      - '-1'
      pragma:
      - no-cache
      server:
      - Microsoft-HTTPAPI/2.0
      - Microsoft-HTTPAPI/2.0
      strict-transport-security:
      - max-age=31536000; includeSubDomains
      transfer-encoding:
      - chunked
      vary:
      - Accept-Encoding
      x-content-type-options:
      - nosniff
      x-ms-arm-service-request-id:
      - 7b71e2ef-a06b-4eb2-ab14-f06edd91890b
    status:
      code: 200
      message: OK
- request:
    body: null
    headers:
      Accept:
      - application/json
      Accept-Encoding:
      - gzip, deflate
      CommandName:
      - network application-gateway delete
      Connection:
      - keep-alive
      ParameterSetName:
      - -g -n
      User-Agent:
      - python/3.7.8 (Windows-10-10.0.19041-SP0) msrest/0.6.18 msrest_azure/0.6.3
        azure-mgmt-network/13.0.0 Azure-SDK-For-Python AZURECLI/2.15.1
    method: GET
    uri: https://management.azure.com/subscriptions/00000000-0000-0000-0000-000000000000/providers/Microsoft.Network/locations/westus/operations/4a824b11-fa78-4ecb-9c3d-85bcb7d9fae4?api-version=2020-07-01
  response:
    body:
      string: "{\r\n  \"status\": \"InProgress\"\r\n}"
    headers:
      cache-control:
      - no-cache
      content-length:
      - '30'
      content-type:
      - application/json; charset=utf-8
      date:
      - Mon, 30 Nov 2020 16:28:46 GMT
      expires:
      - '-1'
      pragma:
      - no-cache
      server:
      - Microsoft-HTTPAPI/2.0
      - Microsoft-HTTPAPI/2.0
      strict-transport-security:
      - max-age=31536000; includeSubDomains
      transfer-encoding:
      - chunked
      vary:
      - Accept-Encoding
      x-content-type-options:
      - nosniff
      x-ms-arm-service-request-id:
      - 12dcbcdd-9093-4d81-ab76-f4992ac22a8e
    status:
      code: 200
      message: OK
- request:
    body: null
    headers:
      Accept:
      - application/json
      Accept-Encoding:
      - gzip, deflate
      CommandName:
      - network application-gateway delete
      Connection:
      - keep-alive
      ParameterSetName:
      - -g -n
      User-Agent:
      - python/3.7.8 (Windows-10-10.0.19041-SP0) msrest/0.6.18 msrest_azure/0.6.3
        azure-mgmt-network/13.0.0 Azure-SDK-For-Python AZURECLI/2.15.1
    method: GET
    uri: https://management.azure.com/subscriptions/00000000-0000-0000-0000-000000000000/providers/Microsoft.Network/locations/westus/operations/4a824b11-fa78-4ecb-9c3d-85bcb7d9fae4?api-version=2020-07-01
  response:
    body:
      string: "{\r\n  \"status\": \"InProgress\"\r\n}"
    headers:
      cache-control:
      - no-cache
      content-length:
      - '30'
      content-type:
      - application/json; charset=utf-8
      date:
      - Mon, 30 Nov 2020 16:30:08 GMT
      expires:
      - '-1'
      pragma:
      - no-cache
      server:
      - Microsoft-HTTPAPI/2.0
      - Microsoft-HTTPAPI/2.0
      strict-transport-security:
      - max-age=31536000; includeSubDomains
      transfer-encoding:
      - chunked
      vary:
      - Accept-Encoding
      x-content-type-options:
      - nosniff
      x-ms-arm-service-request-id:
      - 90c72d1f-2014-4b08-8e01-ef449c17e259
    status:
      code: 200
      message: OK
- request:
    body: null
    headers:
      Accept:
      - application/json
      Accept-Encoding:
      - gzip, deflate
      CommandName:
      - network application-gateway delete
      Connection:
      - keep-alive
      ParameterSetName:
      - -g -n
      User-Agent:
      - python/3.7.8 (Windows-10-10.0.19041-SP0) msrest/0.6.18 msrest_azure/0.6.3
        azure-mgmt-network/13.0.0 Azure-SDK-For-Python AZURECLI/2.15.1
    method: GET
    uri: https://management.azure.com/subscriptions/00000000-0000-0000-0000-000000000000/providers/Microsoft.Network/locations/westus/operations/4a824b11-fa78-4ecb-9c3d-85bcb7d9fae4?api-version=2020-07-01
  response:
    body:
      string: "{\r\n  \"status\": \"Succeeded\"\r\n}"
    headers:
      cache-control:
      - no-cache
      content-length:
      - '29'
      content-type:
      - application/json; charset=utf-8
      date:
      - Mon, 30 Nov 2020 16:32:49 GMT
      expires:
      - '-1'
      pragma:
      - no-cache
      server:
      - Microsoft-HTTPAPI/2.0
      - Microsoft-HTTPAPI/2.0
      strict-transport-security:
      - max-age=31536000; includeSubDomains
      transfer-encoding:
      - chunked
      vary:
      - Accept-Encoding
      x-content-type-options:
      - nosniff
      x-ms-arm-service-request-id:
      - 6dfadc80-9323-4a75-893f-7770f903bd77
    status:
      code: 200
      message: OK
version: 1
