interactions:
- request:
    body: null
    headers:
      Accept:
      - application/json
      Accept-Encoding:
      - gzip, deflate
      Connection:
      - keep-alive
      User-Agent:
      - python/3.7.4 (Windows-10-10.0.18362-SP0) msrest/0.6.9 msrest_azure/0.6.3 azure-graphrbac/0.60.0
        Azure-SDK-For-Python
      accept-language:
      - en-US
    method: GET
    uri: https://graph.windows.net/00000000-0000-0000-0000-000000000000/me?api-version=1.6
  response:
    body:
      string: '{"odata.metadata":"https://graph.windows.net/00000000-0000-0000-0000-000000000000/$metadata#directoryObjects/@Element","odata.type":"Microsoft.DirectoryServices.User","objectType":"User","objectId":"9a0f0a3f-b307-4ae3-bb6a-27a65244de7e","deletionTimestamp":null,"accountEnabled":true,"ageGroup":null,"assignedLicenses":[],"assignedPlans":[],"city":null,"companyName":null,"consentProvidedForMinor":null,"country":null,"createdDateTime":"2019-07-10T06:39:27Z","creationType":"Invitation","department":null,"dirSyncEnabled":null,"displayName":"Fan
        Qiu","employeeId":null,"facsimileTelephoneNumber":null,"givenName":null,"immutableId":null,"isCompromised":null,"jobTitle":null,"lastDirSyncTime":null,"legalAgeGroupClassification":null,"mail":"fanqiu@microsoft.com","mailNickname":"fanqiu_microsoft.com#EXT#","mobile":null,"onPremisesDistinguishedName":null,"onPremisesSecurityIdentifier":null,"otherMails":["fanqiu@microsoft.com"],"passwordPolicies":null,"passwordProfile":null,"physicalDeliveryOfficeName":null,"postalCode":null,"preferredLanguage":null,"provisionedPlans":[],"provisioningErrors":[],"proxyAddresses":["SMTP:fanqiu@microsoft.com"],"refreshTokensValidFromDateTime":"2019-07-10T06:39:26Z","showInAddressList":false,"signInNames":[],"sipProxyAddress":null,"state":null,"streetAddress":null,"surname":null,"telephoneNumber":null,"thumbnailPhoto@odata.mediaEditLink":"directoryObjects/9a0f0a3f-b307-4ae3-bb6a-27a65244de7e/Microsoft.DirectoryServices.User/thumbnailPhoto","usageLocation":null,"userIdentities":[],"userPrincipalName":"fanqiu_microsoft.com#EXT#@AzureSDKTeam.onmicrosoft.com","userState":"Accepted","userStateChangedOn":"2019-07-10T06:40:50Z","userType":"Guest"}'
    headers:
      access-control-allow-origin:
      - '*'
      cache-control:
      - no-cache
      content-length:
      - '1684'
      content-type:
      - application/json; odata=minimalmetadata; streaming=true; charset=utf-8
      dataserviceversion:
      - 3.0;
      date:
      - Tue, 19 May 2020 06:50:30 GMT
      duration:
      - '2323547'
      expires:
      - '-1'
      ocp-aad-diagnostics-server-name:
      - SwBUCowTEsPTcJ62gkCrDvsdk0U6a4VCWeDnVJdDDII=
      ocp-aad-session-key:
      - EQpot2VkNyu5tvTOr4dbPHmFdYmGaehxILNuJ6995hRhaDfmpKx_gOciGK7AY0Vi3cPugdiPnd7nBl-UjxTjwzM-Sb4eA9rjLQGuxEPHT8Wo2qjGke6QXn7VbhgqR06VcMLGM7dorn6bWLIYyk3ozX5W5XW2RNAEbotZ-LGPe9w.1SPWu1inzSI23B0GVnsrYKpx9R2iiDgRJyP2Lo6cIEI
      pragma:
      - no-cache
      request-id:
      - 0e888066-f707-42c7-aa9a-eb6435ab9ddb
      strict-transport-security:
      - max-age=31536000; includeSubDomains
      x-aspnet-version:
      - 4.0.30319
      x-ms-dirapi-data-contract-version:
      - '1.6'
      x-powered-by:
      - ASP.NET
    status:
      code: 200
      message: OK
- request:
    body: '{"location": "centraluseuap", "properties": {"tenantId": "54826b22-38d6-4fb2-bad9-b7b93a3e9c5a",
      "sku": {"family": "A", "name": "premium"}, "accessPolicies": [{"tenantId": "54826b22-38d6-4fb2-bad9-b7b93a3e9c5a",
      "objectId": "9a0f0a3f-b307-4ae3-bb6a-27a65244de7e", "permissions": {"keys":
      ["get", "create", "delete", "list", "update", "import", "backup", "restore",
      "recover"], "secrets": ["get", "list", "set", "delete", "backup", "restore",
      "recover"], "certificates": ["get", "list", "delete", "create", "import", "update",
      "managecontacts", "getissuers", "listissuers", "setissuers", "deleteissuers",
      "manageissuers", "recover"], "storage": ["get", "list", "delete", "set", "update",
      "regeneratekey", "setsas", "listsas", "getsas", "deletesas"]}}], "enableSoftDelete":
      true, "softDeleteRetentionInDays": 90, "networkAcls": {"bypass": "AzureServices",
      "defaultAction": "Allow", "ipRules": [], "virtualNetworkRules": []}}}'
    headers:
      Accept:
      - application/json
      Accept-Encoding:
      - gzip, deflate
      CommandName:
      - keyvault create
      Connection:
      - keep-alive
      Content-Length:
      - '923'
      Content-Type:
      - application/json; charset=utf-8
      ParameterSetName:
      - -g -n -l --sku --enable-soft-delete
      User-Agent:
      - python/3.7.4 (Windows-10-10.0.18362-SP0) msrest/0.6.9 msrest_azure/0.6.3 azure-mgmt-keyvault/2.2.0
        Azure-SDK-For-Python AZURECLI/2.5.1
      accept-language:
      - en-US
    method: PUT
    uri: https://management.azure.com/subscriptions/00000000-0000-0000-0000-000000000000/resourceGroups/cli_test_keyvault_pe000001/providers/Microsoft.KeyVault/vaults/cli-test-kv-pe-000002?api-version=2019-09-01
  response:
    body:
      string: '{"id":"/subscriptions/00000000-0000-0000-0000-000000000000/resourceGroups/cli_test_keyvault_pe000001/providers/Microsoft.KeyVault/vaults/cli-test-kv-pe-000002","name":"cli-test-kv-pe-000002","type":"Microsoft.KeyVault/vaults","location":"centraluseuap","tags":{},"properties":{"sku":{"family":"A","name":"premium"},"tenantId":"54826b22-38d6-4fb2-bad9-b7b93a3e9c5a","accessPolicies":[{"tenantId":"54826b22-38d6-4fb2-bad9-b7b93a3e9c5a","objectId":"9a0f0a3f-b307-4ae3-bb6a-27a65244de7e","permissions":{"keys":["get","create","delete","list","update","import","backup","restore","recover"],"secrets":["get","list","set","delete","backup","restore","recover"],"certificates":["get","list","delete","create","import","update","managecontacts","getissuers","listissuers","setissuers","deleteissuers","manageissuers","recover"],"storage":["get","list","delete","set","update","regeneratekey","setsas","listsas","getsas","deletesas"]}}],"enabledForDeployment":false,"enableSoftDelete":true,"softDeleteRetentionInDays":90,"vaultUri":"https://cli-test-kv-pe-000002.vault.azure.net","provisioningState":"RegisteringDns"}}'
    headers:
      cache-control:
      - no-cache
      content-length:
      - '1167'
      content-type:
      - application/json; charset=utf-8
      date:
      - Tue, 19 May 2020 06:50:38 GMT
      expires:
      - '-1'
      pragma:
      - no-cache
      server:
      - Microsoft-IIS/10.0
      strict-transport-security:
      - max-age=31536000; includeSubDomains
      transfer-encoding:
      - chunked
      vary:
      - Accept-Encoding
      x-aspnet-version:
      - 4.0.30319
      x-content-type-options:
      - nosniff
      x-ms-keyvault-service-version:
      - 1.1.0.280
      x-ms-ratelimit-remaining-subscription-writes:
      - '1185'
      x-powered-by:
      - ASP.NET
    status:
      code: 200
      message: OK
- request:
    body: null
    headers:
      Accept:
      - application/json
      Accept-Encoding:
      - gzip, deflate
      CommandName:
      - keyvault create
      Connection:
      - keep-alive
      ParameterSetName:
      - -g -n -l --sku --enable-soft-delete
      User-Agent:
      - python/3.7.4 (Windows-10-10.0.18362-SP0) msrest/0.6.9 msrest_azure/0.6.3 azure-mgmt-keyvault/2.2.0
        Azure-SDK-For-Python AZURECLI/2.5.1
    method: GET
    uri: https://management.azure.com/subscriptions/00000000-0000-0000-0000-000000000000/resourceGroups/cli_test_keyvault_pe000001/providers/Microsoft.KeyVault/vaults/cli-test-kv-pe-000002?api-version=2019-09-01
  response:
    body:
      string: '{"id":"/subscriptions/00000000-0000-0000-0000-000000000000/resourceGroups/cli_test_keyvault_pe000001/providers/Microsoft.KeyVault/vaults/cli-test-kv-pe-000002","name":"cli-test-kv-pe-000002","type":"Microsoft.KeyVault/vaults","location":"centraluseuap","tags":{},"properties":{"sku":{"family":"A","name":"premium"},"tenantId":"54826b22-38d6-4fb2-bad9-b7b93a3e9c5a","accessPolicies":[{"tenantId":"54826b22-38d6-4fb2-bad9-b7b93a3e9c5a","objectId":"9a0f0a3f-b307-4ae3-bb6a-27a65244de7e","permissions":{"keys":["get","create","delete","list","update","import","backup","restore","recover"],"secrets":["get","list","set","delete","backup","restore","recover"],"certificates":["get","list","delete","create","import","update","managecontacts","getissuers","listissuers","setissuers","deleteissuers","manageissuers","recover"],"storage":["get","list","delete","set","update","regeneratekey","setsas","listsas","getsas","deletesas"]}}],"enabledForDeployment":false,"enableSoftDelete":true,"softDeleteRetentionInDays":90,"vaultUri":"https://cli-test-kv-pe-000002.vault.azure.net/","provisioningState":"Succeeded"}}'
    headers:
      cache-control:
      - no-cache
      content-length:
      - '1163'
      content-type:
      - application/json; charset=utf-8
      date:
      - Tue, 19 May 2020 06:51:09 GMT
      expires:
      - '-1'
      pragma:
      - no-cache
      server:
      - Microsoft-IIS/10.0
      strict-transport-security:
      - max-age=31536000; includeSubDomains
      transfer-encoding:
      - chunked
      vary:
      - Accept-Encoding
      x-aspnet-version:
      - 4.0.30319
      x-content-type-options:
      - nosniff
      x-ms-keyvault-service-version:
      - 1.1.0.280
      x-powered-by:
      - ASP.NET
    status:
      code: 200
      message: OK
- request:
    body: '{"location": "centraluseuap", "tags": {}, "properties": {"addressSpace":
      {"addressPrefixes": ["10.0.0.0/16"]}, "dhcpOptions": {}, "subnets": [{"properties":
      {"addressPrefix": "10.0.0.0/24"}, "name": "cli-subnet-000004"}]}}'
    headers:
      Accept:
      - application/json
      Accept-Encoding:
      - gzip, deflate
      CommandName:
      - network vnet create
      Connection:
      - keep-alive
      Content-Length:
      - '229'
      Content-Type:
      - application/json; charset=utf-8
      ParameterSetName:
      - -n -g -l --subnet-name
      User-Agent:
      - python/3.7.4 (Windows-10-10.0.18362-SP0) msrest/0.6.9 msrest_azure/0.6.3 azure-mgmt-network/10.2.0
        Azure-SDK-For-Python AZURECLI/2.5.1
      accept-language:
      - en-US
    method: PUT
    uri: https://management.azure.com/subscriptions/00000000-0000-0000-0000-000000000000/resourceGroups/cli_test_keyvault_pe000001/providers/Microsoft.Network/virtualNetworks/cli-vnet-000003?api-version=2020-04-01
  response:
    body:
      string: "{\r\n  \"name\": \"cli-vnet-000003\",\r\n  \"id\": \"/subscriptions/00000000-0000-0000-0000-000000000000/resourceGroups/cli_test_keyvault_pe000001/providers/Microsoft.Network/virtualNetworks/cli-vnet-000003\",\r\n
        \ \"etag\": \"W/\\\"49a3e086-d19f-441c-92e0-1a9a6fcc698b\\\"\",\r\n  \"type\":
        \"Microsoft.Network/virtualNetworks\",\r\n  \"location\": \"centraluseuap\",\r\n
        \ \"tags\": {},\r\n  \"properties\": {\r\n    \"provisioningState\": \"Updating\",\r\n
        \   \"resourceGuid\": \"aa809dc5-dda9-435b-9ab1-1654009c3c55\",\r\n    \"addressSpace\":
        {\r\n      \"addressPrefixes\": [\r\n        \"10.0.0.0/16\"\r\n      ]\r\n
        \   },\r\n    \"dhcpOptions\": {\r\n      \"dnsServers\": []\r\n    },\r\n
        \   \"subnets\": [\r\n      {\r\n        \"name\": \"cli-subnet-000004\",\r\n
        \       \"id\": \"/subscriptions/00000000-0000-0000-0000-000000000000/resourceGroups/cli_test_keyvault_pe000001/providers/Microsoft.Network/virtualNetworks/cli-vnet-000003/subnets/cli-subnet-000004\",\r\n
        \       \"etag\": \"W/\\\"49a3e086-d19f-441c-92e0-1a9a6fcc698b\\\"\",\r\n
        \       \"properties\": {\r\n          \"provisioningState\": \"Updating\",\r\n
        \         \"addressPrefix\": \"10.0.0.0/24\",\r\n          \"delegations\":
        [],\r\n          \"privateEndpointNetworkPolicies\": \"Enabled\",\r\n          \"privateLinkServiceNetworkPolicies\":
        \"Enabled\"\r\n        },\r\n        \"type\": \"Microsoft.Network/virtualNetworks/subnets\"\r\n
        \     }\r\n    ],\r\n    \"virtualNetworkPeerings\": [],\r\n    \"enableDdosProtection\":
        false,\r\n    \"enableVmProtection\": false\r\n  }\r\n}"
    headers:
      azure-asyncnotification:
      - Enabled
      azure-asyncoperation:
      - https://management.azure.com/subscriptions/00000000-0000-0000-0000-000000000000/providers/Microsoft.Network/locations/centraluseuap/operations/aea081f6-acda-4534-b7e9-404a779bb86c?api-version=2020-04-01
      cache-control:
      - no-cache
      content-length:
      - '1535'
      content-type:
      - application/json; charset=utf-8
      date:
      - Tue, 19 May 2020 06:51:14 GMT
      expires:
      - '-1'
      pragma:
      - no-cache
      server:
      - Microsoft-HTTPAPI/2.0
      - Microsoft-HTTPAPI/2.0
      strict-transport-security:
      - max-age=31536000; includeSubDomains
      x-content-type-options:
      - nosniff
      x-ms-arm-service-request-id:
      - d6950fc7-8f15-4e9f-b8ea-fa5f0d785ab5
      x-ms-ratelimit-remaining-subscription-writes:
      - '1181'
    status:
      code: 201
      message: Created
- request:
    body: null
    headers:
      Accept:
      - application/json
      Accept-Encoding:
      - gzip, deflate
      CommandName:
      - network vnet create
      Connection:
      - keep-alive
      ParameterSetName:
      - -n -g -l --subnet-name
      User-Agent:
      - python/3.7.4 (Windows-10-10.0.18362-SP0) msrest/0.6.9 msrest_azure/0.6.3 azure-mgmt-network/10.2.0
        Azure-SDK-For-Python AZURECLI/2.5.1
    method: GET
    uri: https://management.azure.com/subscriptions/00000000-0000-0000-0000-000000000000/providers/Microsoft.Network/locations/centraluseuap/operations/aea081f6-acda-4534-b7e9-404a779bb86c?api-version=2020-04-01
  response:
    body:
      string: "{\r\n  \"status\": \"Succeeded\"\r\n}"
    headers:
      cache-control:
      - no-cache
      content-length:
      - '29'
      content-type:
      - application/json; charset=utf-8
      date:
      - Tue, 19 May 2020 06:51:18 GMT
      expires:
      - '-1'
      pragma:
      - no-cache
      server:
      - Microsoft-HTTPAPI/2.0
      - Microsoft-HTTPAPI/2.0
      strict-transport-security:
      - max-age=31536000; includeSubDomains
      transfer-encoding:
      - chunked
      vary:
      - Accept-Encoding
      x-content-type-options:
      - nosniff
      x-ms-arm-service-request-id:
      - 3902969c-f023-4954-9804-7f96d0c9a87d
    status:
      code: 200
      message: OK
- request:
    body: null
    headers:
      Accept:
      - application/json
      Accept-Encoding:
      - gzip, deflate
      CommandName:
      - network vnet create
      Connection:
      - keep-alive
      ParameterSetName:
      - -n -g -l --subnet-name
      User-Agent:
      - python/3.7.4 (Windows-10-10.0.18362-SP0) msrest/0.6.9 msrest_azure/0.6.3 azure-mgmt-network/10.2.0
        Azure-SDK-For-Python AZURECLI/2.5.1
    method: GET
    uri: https://management.azure.com/subscriptions/00000000-0000-0000-0000-000000000000/resourceGroups/cli_test_keyvault_pe000001/providers/Microsoft.Network/virtualNetworks/cli-vnet-000003?api-version=2020-04-01
  response:
    body:
      string: "{\r\n  \"name\": \"cli-vnet-000003\",\r\n  \"id\": \"/subscriptions/00000000-0000-0000-0000-000000000000/resourceGroups/cli_test_keyvault_pe000001/providers/Microsoft.Network/virtualNetworks/cli-vnet-000003\",\r\n
        \ \"etag\": \"W/\\\"1e3f7e36-da26-4eef-b3fa-df11048224a4\\\"\",\r\n  \"type\":
        \"Microsoft.Network/virtualNetworks\",\r\n  \"location\": \"centraluseuap\",\r\n
        \ \"tags\": {},\r\n  \"properties\": {\r\n    \"provisioningState\": \"Succeeded\",\r\n
        \   \"resourceGuid\": \"aa809dc5-dda9-435b-9ab1-1654009c3c55\",\r\n    \"addressSpace\":
        {\r\n      \"addressPrefixes\": [\r\n        \"10.0.0.0/16\"\r\n      ]\r\n
        \   },\r\n    \"dhcpOptions\": {\r\n      \"dnsServers\": []\r\n    },\r\n
        \   \"subnets\": [\r\n      {\r\n        \"name\": \"cli-subnet-000004\",\r\n
        \       \"id\": \"/subscriptions/00000000-0000-0000-0000-000000000000/resourceGroups/cli_test_keyvault_pe000001/providers/Microsoft.Network/virtualNetworks/cli-vnet-000003/subnets/cli-subnet-000004\",\r\n
        \       \"etag\": \"W/\\\"1e3f7e36-da26-4eef-b3fa-df11048224a4\\\"\",\r\n
        \       \"properties\": {\r\n          \"provisioningState\": \"Succeeded\",\r\n
        \         \"addressPrefix\": \"10.0.0.0/24\",\r\n          \"delegations\":
        [],\r\n          \"privateEndpointNetworkPolicies\": \"Enabled\",\r\n          \"privateLinkServiceNetworkPolicies\":
        \"Enabled\"\r\n        },\r\n        \"type\": \"Microsoft.Network/virtualNetworks/subnets\"\r\n
        \     }\r\n    ],\r\n    \"virtualNetworkPeerings\": [],\r\n    \"enableDdosProtection\":
        false,\r\n    \"enableVmProtection\": false\r\n  }\r\n}"
    headers:
      cache-control:
      - no-cache
      content-length:
      - '1537'
      content-type:
      - application/json; charset=utf-8
      date:
      - Tue, 19 May 2020 06:51:19 GMT
      etag:
      - W/"1e3f7e36-da26-4eef-b3fa-df11048224a4"
      expires:
      - '-1'
      pragma:
      - no-cache
      server:
      - Microsoft-HTTPAPI/2.0
      - Microsoft-HTTPAPI/2.0
      strict-transport-security:
      - max-age=31536000; includeSubDomains
      transfer-encoding:
      - chunked
      vary:
      - Accept-Encoding
      x-content-type-options:
      - nosniff
      x-ms-arm-service-request-id:
      - 90aa6bfd-a48a-4828-8a43-7ca48b23900b
    status:
      code: 200
      message: OK
- request:
    body: null
    headers:
      Accept:
      - application/json
      Accept-Encoding:
      - gzip, deflate
      CommandName:
      - network vnet subnet update
      Connection:
      - keep-alive
      ParameterSetName:
      - -n --vnet-name -g --disable-private-endpoint-network-policies
      User-Agent:
      - python/3.7.4 (Windows-10-10.0.18362-SP0) msrest/0.6.9 msrest_azure/0.6.3 azure-mgmt-network/10.2.0
        Azure-SDK-For-Python AZURECLI/2.5.1
      accept-language:
      - en-US
    method: GET
    uri: https://management.azure.com/subscriptions/00000000-0000-0000-0000-000000000000/resourceGroups/cli_test_keyvault_pe000001/providers/Microsoft.Network/virtualNetworks/cli-vnet-000003/subnets/cli-subnet-000004?api-version=2020-04-01
  response:
    body:
      string: "{\r\n  \"name\": \"cli-subnet-000004\",\r\n  \"id\": \"/subscriptions/00000000-0000-0000-0000-000000000000/resourceGroups/cli_test_keyvault_pe000001/providers/Microsoft.Network/virtualNetworks/cli-vnet-000003/subnets/cli-subnet-000004\",\r\n
        \ \"etag\": \"W/\\\"1e3f7e36-da26-4eef-b3fa-df11048224a4\\\"\",\r\n  \"properties\":
        {\r\n    \"provisioningState\": \"Succeeded\",\r\n    \"addressPrefix\": \"10.0.0.0/24\",\r\n
        \   \"delegations\": [],\r\n    \"privateEndpointNetworkPolicies\": \"Enabled\",\r\n
        \   \"privateLinkServiceNetworkPolicies\": \"Enabled\"\r\n  },\r\n  \"type\":
        \"Microsoft.Network/virtualNetworks/subnets\"\r\n}"
    headers:
      cache-control:
      - no-cache
      content-length:
      - '639'
      content-type:
      - application/json; charset=utf-8
      date:
      - Tue, 19 May 2020 06:51:20 GMT
      etag:
      - W/"1e3f7e36-da26-4eef-b3fa-df11048224a4"
      expires:
      - '-1'
      pragma:
      - no-cache
      server:
      - Microsoft-HTTPAPI/2.0
      - Microsoft-HTTPAPI/2.0
      strict-transport-security:
      - max-age=31536000; includeSubDomains
      transfer-encoding:
      - chunked
      vary:
      - Accept-Encoding
      x-content-type-options:
      - nosniff
      x-ms-arm-service-request-id:
      - 8c858705-4e05-453f-84f0-8f7e0827f1f6
    status:
      code: 200
      message: OK
- request:
    body: 'b''{"id": "/subscriptions/00000000-0000-0000-0000-000000000000/resourceGroups/cli_test_keyvault_pe000001/providers/Microsoft.Network/virtualNetworks/cli-vnet-000003/subnets/cli-subnet-000004",
      "properties": {"addressPrefix": "10.0.0.0/24", "delegations": [], "privateEndpointNetworkPolicies":
      "Disabled", "privateLinkServiceNetworkPolicies": "Enabled"}, "name": "cli-subnet-000004"}'''
    headers:
      Accept:
      - application/json
      Accept-Encoding:
      - gzip, deflate
      CommandName:
      - network vnet subnet update
      Connection:
      - keep-alive
      Content-Length:
      - '451'
      Content-Type:
      - application/json; charset=utf-8
      ParameterSetName:
      - -n --vnet-name -g --disable-private-endpoint-network-policies
      User-Agent:
      - python/3.7.4 (Windows-10-10.0.18362-SP0) msrest/0.6.9 msrest_azure/0.6.3 azure-mgmt-network/10.2.0
        Azure-SDK-For-Python AZURECLI/2.5.1
      accept-language:
      - en-US
    method: PUT
    uri: https://management.azure.com/subscriptions/00000000-0000-0000-0000-000000000000/resourceGroups/cli_test_keyvault_pe000001/providers/Microsoft.Network/virtualNetworks/cli-vnet-000003/subnets/cli-subnet-000004?api-version=2020-04-01
  response:
    body:
      string: "{\r\n  \"name\": \"cli-subnet-000004\",\r\n  \"id\": \"/subscriptions/00000000-0000-0000-0000-000000000000/resourceGroups/cli_test_keyvault_pe000001/providers/Microsoft.Network/virtualNetworks/cli-vnet-000003/subnets/cli-subnet-000004\",\r\n
        \ \"etag\": \"W/\\\"1cecc21a-4e1c-4dae-a84e-237b9055a18d\\\"\",\r\n  \"properties\":
        {\r\n    \"provisioningState\": \"Updating\",\r\n    \"addressPrefix\": \"10.0.0.0/24\",\r\n
        \   \"delegations\": [],\r\n    \"privateEndpointNetworkPolicies\": \"Disabled\",\r\n
        \   \"privateLinkServiceNetworkPolicies\": \"Enabled\"\r\n  },\r\n  \"type\":
        \"Microsoft.Network/virtualNetworks/subnets\"\r\n}"
    headers:
      azure-asyncoperation:
      - https://management.azure.com/subscriptions/00000000-0000-0000-0000-000000000000/providers/Microsoft.Network/locations/centraluseuap/operations/441d6ab7-00c6-4ce2-b334-05cfa0046a54?api-version=2020-04-01
      cache-control:
      - no-cache
      content-length:
      - '639'
      content-type:
      - application/json; charset=utf-8
      date:
      - Tue, 19 May 2020 06:51:20 GMT
      expires:
      - '-1'
      pragma:
      - no-cache
      server:
      - Microsoft-HTTPAPI/2.0
      - Microsoft-HTTPAPI/2.0
      strict-transport-security:
      - max-age=31536000; includeSubDomains
      transfer-encoding:
      - chunked
      vary:
      - Accept-Encoding
      x-content-type-options:
      - nosniff
      x-ms-arm-service-request-id:
      - 5582c75e-fc33-415a-937e-ca7eb60d4971
      x-ms-ratelimit-remaining-subscription-writes:
      - '1186'
    status:
      code: 200
      message: OK
- request:
    body: null
    headers:
      Accept:
      - application/json
      Accept-Encoding:
      - gzip, deflate
      CommandName:
      - network vnet subnet update
      Connection:
      - keep-alive
      ParameterSetName:
      - -n --vnet-name -g --disable-private-endpoint-network-policies
      User-Agent:
      - python/3.7.4 (Windows-10-10.0.18362-SP0) msrest/0.6.9 msrest_azure/0.6.3 azure-mgmt-network/10.2.0
        Azure-SDK-For-Python AZURECLI/2.5.1
    method: GET
    uri: https://management.azure.com/subscriptions/00000000-0000-0000-0000-000000000000/providers/Microsoft.Network/locations/centraluseuap/operations/441d6ab7-00c6-4ce2-b334-05cfa0046a54?api-version=2020-04-01
  response:
    body:
      string: "{\r\n  \"status\": \"Succeeded\"\r\n}"
    headers:
      cache-control:
      - no-cache
      content-length:
      - '29'
      content-type:
      - application/json; charset=utf-8
      date:
      - Tue, 19 May 2020 06:51:25 GMT
      expires:
      - '-1'
      pragma:
      - no-cache
      server:
      - Microsoft-HTTPAPI/2.0
      - Microsoft-HTTPAPI/2.0
      strict-transport-security:
      - max-age=31536000; includeSubDomains
      transfer-encoding:
      - chunked
      vary:
      - Accept-Encoding
      x-content-type-options:
      - nosniff
      x-ms-arm-service-request-id:
      - 3b057e8d-6910-4d32-b468-80cf7f338e6f
    status:
      code: 200
      message: OK
- request:
    body: null
    headers:
      Accept:
      - application/json
      Accept-Encoding:
      - gzip, deflate
      CommandName:
      - network vnet subnet update
      Connection:
      - keep-alive
      ParameterSetName:
      - -n --vnet-name -g --disable-private-endpoint-network-policies
      User-Agent:
      - python/3.7.4 (Windows-10-10.0.18362-SP0) msrest/0.6.9 msrest_azure/0.6.3 azure-mgmt-network/10.2.0
        Azure-SDK-For-Python AZURECLI/2.5.1
    method: GET
    uri: https://management.azure.com/subscriptions/00000000-0000-0000-0000-000000000000/resourceGroups/cli_test_keyvault_pe000001/providers/Microsoft.Network/virtualNetworks/cli-vnet-000003/subnets/cli-subnet-000004?api-version=2020-04-01
  response:
    body:
      string: "{\r\n  \"name\": \"cli-subnet-000004\",\r\n  \"id\": \"/subscriptions/00000000-0000-0000-0000-000000000000/resourceGroups/cli_test_keyvault_pe000001/providers/Microsoft.Network/virtualNetworks/cli-vnet-000003/subnets/cli-subnet-000004\",\r\n
        \ \"etag\": \"W/\\\"28580f36-cc90-4e09-80fb-c550fa69a1ad\\\"\",\r\n  \"properties\":
        {\r\n    \"provisioningState\": \"Succeeded\",\r\n    \"addressPrefix\": \"10.0.0.0/24\",\r\n
        \   \"delegations\": [],\r\n    \"privateEndpointNetworkPolicies\": \"Disabled\",\r\n
        \   \"privateLinkServiceNetworkPolicies\": \"Enabled\"\r\n  },\r\n  \"type\":
        \"Microsoft.Network/virtualNetworks/subnets\"\r\n}"
    headers:
      cache-control:
      - no-cache
      content-length:
      - '640'
      content-type:
      - application/json; charset=utf-8
      date:
      - Tue, 19 May 2020 06:51:25 GMT
      etag:
      - W/"28580f36-cc90-4e09-80fb-c550fa69a1ad"
      expires:
      - '-1'
      pragma:
      - no-cache
      server:
      - Microsoft-HTTPAPI/2.0
      - Microsoft-HTTPAPI/2.0
      strict-transport-security:
      - max-age=31536000; includeSubDomains
      transfer-encoding:
      - chunked
      vary:
      - Accept-Encoding
      x-content-type-options:
      - nosniff
      x-ms-arm-service-request-id:
      - 29d340cd-7701-4b32-952f-bfe6ec4c2144
    status:
      code: 200
      message: OK
- request:
    body: 'b''{"location": "centraluseuap", "properties": {"subnet": {"id": "/subscriptions/00000000-0000-0000-0000-000000000000/resourceGroups/cli_test_keyvault_pe000001/providers/Microsoft.Network/virtualNetworks/cli-vnet-000003/subnets/cli-subnet-000004"},
      "privateLinkServiceConnections": [{"properties": {"privateLinkServiceId": "/subscriptions/00000000-0000-0000-0000-000000000000/resourceGroups/cli_test_keyvault_pe000001/providers/Microsoft.KeyVault/vaults/cli-test-kv-pe-000002",
      "groupIds": ["vault"]}, "name": "cli-pec-000006"}]}}'''
    headers:
      Accept:
      - application/json
      Accept-Encoding:
      - gzip, deflate
      CommandName:
      - network private-endpoint create
      Connection:
      - keep-alive
      Content-Length:
      - '654'
      Content-Type:
      - application/json; charset=utf-8
      ParameterSetName:
      - -g -n --vnet-name --subnet -l --connection-name --private-connection-resource-id
        --group-ids
      User-Agent:
      - python/3.7.4 (Windows-10-10.0.18362-SP0) msrest/0.6.9 msrest_azure/0.6.3 azure-mgmt-network/10.2.0
        Azure-SDK-For-Python AZURECLI/2.5.1
      accept-language:
      - en-US
    method: PUT
    uri: https://management.azure.com/subscriptions/00000000-0000-0000-0000-000000000000/resourceGroups/cli_test_keyvault_pe000001/providers/Microsoft.Network/privateEndpoints/cli-pe-000005?api-version=2020-04-01
  response:
    body:
      string: "{\r\n  \"name\": \"cli-pe-000005\",\r\n  \"id\": \"/subscriptions/00000000-0000-0000-0000-000000000000/resourceGroups/cli_test_keyvault_pe000001/providers/Microsoft.Network/privateEndpoints/cli-pe-000005\",\r\n
        \ \"etag\": \"W/\\\"8bc9846e-9ed6-49c4-8138-6c9072cb3a7d\\\"\",\r\n  \"type\":
        \"Microsoft.Network/privateEndpoints\",\r\n  \"location\": \"centraluseuap\",\r\n
        \ \"properties\": {\r\n    \"provisioningState\": \"Updating\",\r\n    \"resourceGuid\":
        \"824077dc-5e16-47a5-b562-05d23f0c0a33\",\r\n    \"privateLinkServiceConnections\":
        [\r\n      {\r\n        \"name\": \"cli-pec-000006\",\r\n        \"id\": \"/subscriptions/00000000-0000-0000-0000-000000000000/resourceGroups/cli_test_keyvault_pe000001/providers/Microsoft.Network/privateEndpoints/cli-pe-000005/privateLinkServiceConnections/cli-pec-000006\",\r\n
        \       \"etag\": \"W/\\\"8bc9846e-9ed6-49c4-8138-6c9072cb3a7d\\\"\",\r\n
        \       \"properties\": {\r\n          \"provisioningState\": \"Succeeded\",\r\n
        \         \"privateLinkServiceId\": \"/subscriptions/00000000-0000-0000-0000-000000000000/resourceGroups/cli_test_keyvault_pe000001/providers/Microsoft.KeyVault/vaults/cli-test-kv-pe-000002\",\r\n
        \         \"groupIds\": [\r\n            \"vault\"\r\n          ],\r\n          \"privateLinkServiceConnectionState\":
        {\r\n            \"status\": \"Approved\",\r\n            \"description\":
        \"\",\r\n            \"actionsRequired\": \"None\"\r\n          }\r\n        },\r\n
        \       \"type\": \"Microsoft.Network/privateEndpoints/privateLinkServiceConnections\"\r\n
        \     }\r\n    ],\r\n    \"manualPrivateLinkServiceConnections\": [],\r\n
        \   \"subnet\": {\r\n      \"id\": \"/subscriptions/00000000-0000-0000-0000-000000000000/resourceGroups/cli_test_keyvault_pe000001/providers/Microsoft.Network/virtualNetworks/cli-vnet-000003/subnets/cli-subnet-000004\"\r\n
        \   },\r\n    \"networkInterfaces\": [\r\n      {\r\n        \"id\": \"/subscriptions/00000000-0000-0000-0000-000000000000/resourceGroups/cli_test_keyvault_pe000001/providers/Microsoft.Network/networkInterfaces/cli-pe-000005.nic.f690a5a8-5020-4274-af66-4b14925e697d\"\r\n
        \     }\r\n    ],\r\n    \"customDnsConfigs\": []\r\n  }\r\n}"
    headers:
      azure-asyncnotification:
      - Enabled
      azure-asyncoperation:
      - https://management.azure.com/subscriptions/00000000-0000-0000-0000-000000000000/providers/Microsoft.Network/locations/centraluseuap/operations/aed28af9-f223-4c11-918e-29ed7416d68c?api-version=2020-04-01
      cache-control:
      - no-cache
      content-length:
      - '2313'
      content-type:
      - application/json; charset=utf-8
      date:
      - Tue, 19 May 2020 06:51:32 GMT
      expires:
      - '-1'
      pragma:
      - no-cache
      server:
      - Microsoft-HTTPAPI/2.0
      - Microsoft-HTTPAPI/2.0
      strict-transport-security:
      - max-age=31536000; includeSubDomains
      x-content-type-options:
      - nosniff
      x-ms-arm-service-request-id:
      - 08a9283c-e44a-499c-90e7-3e5942cc2712
      x-ms-ratelimit-remaining-subscription-writes:
      - '1185'
    status:
      code: 201
      message: Created
- request:
    body: null
    headers:
      Accept:
      - application/json
      Accept-Encoding:
      - gzip, deflate
      CommandName:
      - network private-endpoint create
      Connection:
      - keep-alive
      ParameterSetName:
      - -g -n --vnet-name --subnet -l --connection-name --private-connection-resource-id
        --group-ids
      User-Agent:
      - python/3.7.4 (Windows-10-10.0.18362-SP0) msrest/0.6.9 msrest_azure/0.6.3 azure-mgmt-network/10.2.0
        Azure-SDK-For-Python AZURECLI/2.5.1
    method: GET
    uri: https://management.azure.com/subscriptions/00000000-0000-0000-0000-000000000000/providers/Microsoft.Network/locations/centraluseuap/operations/aed28af9-f223-4c11-918e-29ed7416d68c?api-version=2020-04-01
  response:
    body:
      string: "{\r\n  \"status\": \"Succeeded\"\r\n}"
    headers:
      cache-control:
      - no-cache
      content-length:
      - '29'
      content-type:
      - application/json; charset=utf-8
      date:
      - Tue, 19 May 2020 06:51:43 GMT
      expires:
      - '-1'
      pragma:
      - no-cache
      server:
      - Microsoft-HTTPAPI/2.0
      - Microsoft-HTTPAPI/2.0
      strict-transport-security:
      - max-age=31536000; includeSubDomains
      transfer-encoding:
      - chunked
      vary:
      - Accept-Encoding
      x-content-type-options:
      - nosniff
      x-ms-arm-service-request-id:
      - 1746b491-35de-42cd-afbf-e4ead306587c
    status:
      code: 200
      message: OK
- request:
    body: null
    headers:
      Accept:
      - application/json
      Accept-Encoding:
      - gzip, deflate
      CommandName:
      - network private-endpoint create
      Connection:
      - keep-alive
      ParameterSetName:
      - -g -n --vnet-name --subnet -l --connection-name --private-connection-resource-id
        --group-ids
      User-Agent:
      - python/3.7.4 (Windows-10-10.0.18362-SP0) msrest/0.6.9 msrest_azure/0.6.3 azure-mgmt-network/10.2.0
        Azure-SDK-For-Python AZURECLI/2.5.1
    method: GET
    uri: https://management.azure.com/subscriptions/00000000-0000-0000-0000-000000000000/resourceGroups/cli_test_keyvault_pe000001/providers/Microsoft.Network/privateEndpoints/cli-pe-000005?api-version=2020-04-01
  response:
    body:
      string: "{\r\n  \"name\": \"cli-pe-000005\",\r\n  \"id\": \"/subscriptions/00000000-0000-0000-0000-000000000000/resourceGroups/cli_test_keyvault_pe000001/providers/Microsoft.Network/privateEndpoints/cli-pe-000005\",\r\n
        \ \"etag\": \"W/\\\"d4ab93b8-ab5b-4e1d-8d41-f244b7e2bf89\\\"\",\r\n  \"type\":
        \"Microsoft.Network/privateEndpoints\",\r\n  \"location\": \"centraluseuap\",\r\n
        \ \"properties\": {\r\n    \"provisioningState\": \"Succeeded\",\r\n    \"resourceGuid\":
        \"824077dc-5e16-47a5-b562-05d23f0c0a33\",\r\n    \"privateLinkServiceConnections\":
        [\r\n      {\r\n        \"name\": \"cli-pec-000006\",\r\n        \"id\": \"/subscriptions/00000000-0000-0000-0000-000000000000/resourceGroups/cli_test_keyvault_pe000001/providers/Microsoft.Network/privateEndpoints/cli-pe-000005/privateLinkServiceConnections/cli-pec-000006\",\r\n
        \       \"etag\": \"W/\\\"d4ab93b8-ab5b-4e1d-8d41-f244b7e2bf89\\\"\",\r\n
        \       \"properties\": {\r\n          \"provisioningState\": \"Succeeded\",\r\n
        \         \"privateLinkServiceId\": \"/subscriptions/00000000-0000-0000-0000-000000000000/resourceGroups/cli_test_keyvault_pe000001/providers/Microsoft.KeyVault/vaults/cli-test-kv-pe-000002\",\r\n
        \         \"groupIds\": [\r\n            \"vault\"\r\n          ],\r\n          \"privateLinkServiceConnectionState\":
        {\r\n            \"status\": \"Approved\",\r\n            \"description\":
        \"\",\r\n            \"actionsRequired\": \"None\"\r\n          }\r\n        },\r\n
        \       \"type\": \"Microsoft.Network/privateEndpoints/privateLinkServiceConnections\"\r\n
        \     }\r\n    ],\r\n    \"manualPrivateLinkServiceConnections\": [],\r\n
        \   \"subnet\": {\r\n      \"id\": \"/subscriptions/00000000-0000-0000-0000-000000000000/resourceGroups/cli_test_keyvault_pe000001/providers/Microsoft.Network/virtualNetworks/cli-vnet-000003/subnets/cli-subnet-000004\"\r\n
        \   },\r\n    \"networkInterfaces\": [\r\n      {\r\n        \"id\": \"/subscriptions/00000000-0000-0000-0000-000000000000/resourceGroups/cli_test_keyvault_pe000001/providers/Microsoft.Network/networkInterfaces/cli-pe-000005.nic.f690a5a8-5020-4274-af66-4b14925e697d\"\r\n
        \     }\r\n    ],\r\n    \"customDnsConfigs\": [\r\n      {\r\n        \"fqdn\":
        \"cli-test-kv-pe-000002.vault.azure.net\",\r\n        \"ipAddresses\": [\r\n
        \         \"10.0.0.4\"\r\n        ]\r\n      }\r\n    ]\r\n  }\r\n}"
    headers:
      cache-control:
      - no-cache
      content-length:
      - '2458'
      content-type:
      - application/json; charset=utf-8
      date:
      - Tue, 19 May 2020 06:51:43 GMT
      etag:
      - W/"d4ab93b8-ab5b-4e1d-8d41-f244b7e2bf89"
      expires:
      - '-1'
      pragma:
      - no-cache
      server:
      - Microsoft-HTTPAPI/2.0
      - Microsoft-HTTPAPI/2.0
      strict-transport-security:
      - max-age=31536000; includeSubDomains
      transfer-encoding:
      - chunked
      vary:
      - Accept-Encoding
      x-content-type-options:
      - nosniff
      x-ms-arm-service-request-id:
      - 0d07ea60-e364-406d-aed8-1ecd55e1c46d
    status:
      code: 200
      message: OK
- request:
    body: null
    headers:
      Accept:
      - application/json
      Accept-Encoding:
      - gzip, deflate
      CommandName:
      - keyvault show
      Connection:
      - keep-alive
      ParameterSetName:
      - -n
      User-Agent:
      - python/3.7.4 (Windows-10-10.0.18362-SP0) msrest/0.6.9 msrest_azure/0.6.3 azure-mgmt-keyvault/2.2.0
        Azure-SDK-For-Python AZURECLI/2.5.1
      accept-language:
      - en-US
    method: GET
    uri: https://management.azure.com/subscriptions/00000000-0000-0000-0000-000000000000/resources?$filter=resourceType%20eq%20%27Microsoft.KeyVault%2Fvaults%27&api-version=2015-11-01
  response:
    body:
      string: '{"value":[{"id":"/subscriptions/00000000-0000-0000-0000-000000000000/resourceGroups/azps-test-group/providers/Microsoft.KeyVault/vaults/azps-test-kv2","name":"azps-test-kv2","type":"Microsoft.KeyVault/vaults","location":"eastus","tags":{}},{"id":"/subscriptions/00000000-0000-0000-0000-000000000000/resourceGroups/azps-test-group/providers/Microsoft.KeyVault/vaults/azps-test-kv4","name":"azps-test-kv4","type":"Microsoft.KeyVault/vaults","location":"southcentralus","tags":{}},{"id":"/subscriptions/00000000-0000-0000-0000-000000000000/resourceGroups/bim-rg/providers/Microsoft.KeyVault/vaults/bim-kv5","name":"bim-kv5","type":"Microsoft.KeyVault/vaults","location":"eastus2euap","tags":{}},{"id":"/subscriptions/00000000-0000-0000-0000-000000000000/resourceGroups/bim-rg/providers/Microsoft.KeyVault/vaults/bim-kv8","name":"bim-kv8","type":"Microsoft.KeyVault/vaults","location":"centraluseuap","tags":{}},{"id":"/subscriptions/00000000-0000-0000-0000-000000000000/resourceGroups/bim-rg/providers/Microsoft.KeyVault/vaults/bim-kv-666","name":"bim-kv-666","type":"Microsoft.KeyVault/vaults","location":"centraluseuap","tags":{}},{"id":"/subscriptions/00000000-0000-0000-0000-000000000000/resourceGroups/bim-rg/providers/Microsoft.KeyVault/vaults/bim-sd-test1","name":"bim-sd-test1","type":"Microsoft.KeyVault/vaults","location":"eastus2euap","tags":{}},{"id":"/subscriptions/00000000-0000-0000-0000-000000000000/resourceGroups/bim-rg/providers/Microsoft.KeyVault/vaults/bim-sd-test2","name":"bim-sd-test2","type":"Microsoft.KeyVault/vaults","location":"eastus2euap","tags":{}},{"id":"/subscriptions/00000000-0000-0000-0000-000000000000/resourceGroups/bim-rg/providers/Microsoft.KeyVault/vaults/bim-sd-test3","name":"bim-sd-test3","type":"Microsoft.KeyVault/vaults","location":"eastus2euap","tags":{}},{"id":"/subscriptions/00000000-0000-0000-0000-000000000000/resourceGroups/bim-rg/providers/Microsoft.KeyVault/vaults/bim-sd-test4","name":"bim-sd-test4","type":"Microsoft.KeyVault/vaults","location":"eastus2euap","tags":{}},{"id":"/subscriptions/00000000-0000-0000-0000-000000000000/resourceGroups/bim-rg/providers/Microsoft.KeyVault/vaults/bimkv0506","name":"bimkv0506","type":"Microsoft.KeyVault/vaults","location":"eastus2euap","tags":{}},{"id":"/subscriptions/00000000-0000-0000-0000-000000000000/resourceGroups/bim-rg/providers/Microsoft.KeyVault/vaults/bimkv05062","name":"bimkv05062","type":"Microsoft.KeyVault/vaults","location":"eastus2euap","tags":{}},{"id":"/subscriptions/00000000-0000-0000-0000-000000000000/resourceGroups/bim-rg/providers/Microsoft.KeyVault/vaults/bimkv0519","name":"bimkv0519","type":"Microsoft.KeyVault/vaults","location":"westus","tags":{}},{"id":"/subscriptions/00000000-0000-0000-0000-000000000000/resourceGroups/bim-rg/providers/Microsoft.KeyVault/vaults/bimkv0519-3","name":"bimkv0519-3","type":"Microsoft.KeyVault/vaults","location":"westus","tags":{}},{"id":"/subscriptions/00000000-0000-0000-0000-000000000000/resourceGroups/bim-rg/providers/Microsoft.KeyVault/vaults/bimkv20200418","name":"bimkv20200418","type":"Microsoft.KeyVault/vaults","location":"eastus2euap","tags":{}},{"id":"/subscriptions/00000000-0000-0000-0000-000000000000/resourceGroups/bim-rg/providers/Microsoft.KeyVault/vaults/bimkvissue1","name":"bimkvissue1","type":"Microsoft.KeyVault/vaults","location":"eastus2euap","tags":{}},{"id":"/subscriptions/00000000-0000-0000-0000-000000000000/resourceGroups/bim-rg/providers/Microsoft.KeyVault/vaults/bimkvissue12","name":"bimkvissue12","type":"Microsoft.KeyVault/vaults","location":"eastus","tags":{}},{"id":"/subscriptions/00000000-0000-0000-0000-000000000000/resourceGroups/bim-rg/providers/Microsoft.KeyVault/vaults/bimkvissue13","name":"bimkvissue13","type":"Microsoft.KeyVault/vaults","location":"eastus","tags":{}},{"id":"/subscriptions/00000000-0000-0000-0000-000000000000/resourceGroups/bim-rg/providers/Microsoft.KeyVault/vaults/bimkvissue2","name":"bimkvissue2","type":"Microsoft.KeyVault/vaults","location":"eastus","tags":{}},{"id":"/subscriptions/00000000-0000-0000-0000-000000000000/resourceGroups/bim-rg/providers/Microsoft.KeyVault/vaults/bimkvissue3","name":"bimkvissue3","type":"Microsoft.KeyVault/vaults","location":"eastus","tags":{}},{"id":"/subscriptions/00000000-0000-0000-0000-000000000000/resourceGroups/bim-rg/providers/Microsoft.KeyVault/vaults/bimkvissue4","name":"bimkvissue4","type":"Microsoft.KeyVault/vaults","location":"eastus","tags":{}},{"id":"/subscriptions/00000000-0000-0000-0000-000000000000/resourceGroups/bim-rg/providers/Microsoft.KeyVault/vaults/bimkvissue5","name":"bimkvissue5","type":"Microsoft.KeyVault/vaults","location":"eastus","tags":{}},{"id":"/subscriptions/00000000-0000-0000-0000-000000000000/resourceGroups/bim-rg/providers/Microsoft.KeyVault/vaults/bimkvissue6","name":"bimkvissue6","type":"Microsoft.KeyVault/vaults","location":"eastus","tags":{}},{"id":"/subscriptions/00000000-0000-0000-0000-000000000000/resourceGroups/bim-rg/providers/Microsoft.KeyVault/vaults/bimkvissue7","name":"bimkvissue7","type":"Microsoft.KeyVault/vaults","location":"eastus","tags":{}},{"id":"/subscriptions/00000000-0000-0000-0000-000000000000/resourceGroups/bim-rg/providers/Microsoft.KeyVault/vaults/bimkvissue8","name":"bimkvissue8","type":"Microsoft.KeyVault/vaults","location":"eastus","tags":{}},{"id":"/subscriptions/00000000-0000-0000-0000-000000000000/resourceGroups/bim-rg/providers/Microsoft.KeyVault/vaults/bimkvrbac1","name":"bimkvrbac1","type":"Microsoft.KeyVault/vaults","location":"eastus","tags":{}},{"id":"/subscriptions/00000000-0000-0000-0000-000000000000/resourceGroups/bim-rg/providers/Microsoft.KeyVault/vaults/bimkvsd1","name":"bimkvsd1","type":"Microsoft.KeyVault/vaults","location":"eastus2euap","tags":{}},{"id":"/subscriptions/00000000-0000-0000-0000-000000000000/resourceGroups/bim-rg/providers/Microsoft.KeyVault/vaults/bimkvsd2","name":"bimkvsd2","type":"Microsoft.KeyVault/vaults","location":"eastus2euap","tags":{}},{"id":"/subscriptions/00000000-0000-0000-0000-000000000000/resourceGroups/bim-rg/providers/Microsoft.KeyVault/vaults/bimkvsd3","name":"bimkvsd3","type":"Microsoft.KeyVault/vaults","location":"eastus2euap","tags":{}},{"id":"/subscriptions/00000000-0000-0000-0000-000000000000/resourceGroups/bim-rg/providers/Microsoft.KeyVault/vaults/bimkvsd5","name":"bimkvsd5","type":"Microsoft.KeyVault/vaults","location":"eastus2euap","tags":{}},{"id":"/subscriptions/00000000-0000-0000-0000-000000000000/resourceGroups/bim-rg/providers/Microsoft.KeyVault/vaults/bimkvsd6","name":"bimkvsd6","type":"Microsoft.KeyVault/vaults","location":"eastus2euap","tags":{}},{"id":"/subscriptions/00000000-0000-0000-0000-000000000000/resourceGroups/bim-rg/providers/Microsoft.KeyVault/vaults/bimkvTest","name":"bimkvTest","type":"Microsoft.KeyVault/vaults","location":"northcentralus","tags":{}},{"id":"/subscriptions/00000000-0000-0000-0000-000000000000/resourceGroups/bim-rg/providers/Microsoft.KeyVault/vaults/bimkvtest20200513","name":"bimkvtest20200513","type":"Microsoft.KeyVault/vaults","location":"westus","tags":{}},{"id":"/subscriptions/00000000-0000-0000-0000-000000000000/resourceGroups/bim-rg/providers/Microsoft.KeyVault/vaults/bimtrack2test","name":"bimtrack2test","type":"Microsoft.KeyVault/vaults","location":"eastus2euap","tags":{}},{"id":"/subscriptions/00000000-0000-0000-0000-000000000000/resourceGroups/bim-rg/providers/Microsoft.KeyVault/vaults/bimtrack2test2","name":"bimtrack2test2","type":"Microsoft.KeyVault/vaults","location":"eastus2euap","tags":{}},{"id":"/subscriptions/00000000-0000-0000-0000-000000000000/resourceGroups/bim_pl_test_rg/providers/Microsoft.KeyVault/vaults/bimkv-nr-test","name":"bimkv-nr-test","type":"Microsoft.KeyVault/vaults","location":"eastus","tags":{}},{"id":"/subscriptions/00000000-0000-0000-0000-000000000000/resourceGroups/bim_pl_test_rg/providers/Microsoft.KeyVault/vaults/bimkv-nr-test2","name":"bimkv-nr-test2","type":"Microsoft.KeyVault/vaults","location":"eastus","tags":{}},{"id":"/subscriptions/00000000-0000-0000-0000-000000000000/resourceGroups/bim_pl_test_rg/providers/Microsoft.KeyVault/vaults/bimkv-nr-test3","name":"bimkv-nr-test3","type":"Microsoft.KeyVault/vaults","location":"eastus","tags":{}},{"id":"/subscriptions/00000000-0000-0000-0000-000000000000/resourceGroups/bim_pl_test_rg/providers/Microsoft.KeyVault/vaults/bimplkv","name":"bimplkv","type":"Microsoft.KeyVault/vaults","location":"eastus","tags":{}},{"id":"/subscriptions/00000000-0000-0000-0000-000000000000/resourceGroups/cli_test_keyvault_pe000001/providers/Microsoft.KeyVault/vaults/cli-test-kv-pe-000002","name":"cli-test-kv-pe-000002","type":"Microsoft.KeyVault/vaults","location":"centraluseuap","tags":{}},{"id":"/subscriptions/00000000-0000-0000-0000-000000000000/resourceGroups/cli_test_keyvault_plrvnmrfm4ryosanpuymhm7kslfuxwkrjs2qcxzigxoeshajpbkrbjazl/providers/Microsoft.KeyVault/vaults/cli-test-kv-plr-nizzxn7q","name":"cli-test-kv-plr-nizzxn7q","type":"Microsoft.KeyVault/vaults","location":"centraluseuap","tags":{}},{"id":"/subscriptions/00000000-0000-0000-0000-000000000000/resourceGroups/feng-cli-rg/providers/Microsoft.KeyVault/vaults/fengws1keyvault5d9d94ec6","name":"fengws1keyvault5d9d94ec6","type":"Microsoft.KeyVault/vaults","location":"eastasia","tags":{}},{"id":"/subscriptions/00000000-0000-0000-0000-000000000000/resourceGroups/feng-cli-rg/providers/Microsoft.KeyVault/vaults/fengwskeyvault7b56d2ee87","name":"fengwskeyvault7b56d2ee87","type":"Microsoft.KeyVault/vaults","location":"westus2","tags":{}},{"id":"/subscriptions/00000000-0000-0000-0000-000000000000/resourceGroups/fytest/providers/Microsoft.KeyVault/vaults/vault1569","name":"vault1569","type":"Microsoft.KeyVault/vaults","location":"centraluseuap","tags":{}},{"id":"/subscriptions/00000000-0000-0000-0000-000000000000/resourceGroups/jlrg1/providers/Microsoft.KeyVault/vaults/jlkv0227","name":"jlkv0227","type":"Microsoft.KeyVault/vaults","location":"southeastasia","tags":{}},{"id":"/subscriptions/00000000-0000-0000-0000-000000000000/resourceGroups/jlrg1/providers/Microsoft.KeyVault/vaults/jlkv0309","name":"jlkv0309","type":"Microsoft.KeyVault/vaults","location":"southeastasia","tags":{}},{"id":"/subscriptions/00000000-0000-0000-0000-000000000000/resourceGroups/yeming/providers/Microsoft.KeyVault/vaults/azps-test-kv1","name":"azps-test-kv1","type":"Microsoft.KeyVault/vaults","location":"eastus","tags":{}},{"id":"/subscriptions/00000000-0000-0000-0000-000000000000/resourceGroups/yeming/providers/Microsoft.KeyVault/vaults/yeming","name":"yeming","type":"Microsoft.KeyVault/vaults","location":"eastasia","tags":{}},{"id":"/subscriptions/00000000-0000-0000-0000-000000000000/resourceGroups/zhoxing-test/providers/Microsoft.KeyVault/vaults/zhoxingtest9393","name":"zhoxingtest9393","type":"Microsoft.KeyVault/vaults","location":"westus","tags":{"hidden-DevTestLabs-LabUId":"6e279161-d008-42b7-90a1-6801fc4bc4ca","CreatedBy":"DevTestLabs"}},{"id":"/subscriptions/00000000-0000-0000-0000-000000000000/resourceGroups/zhoxing-test/providers/Microsoft.KeyVault/vaults/zhoxingtest9ac53638","name":"zhoxingtest9ac53638","type":"Microsoft.KeyVault/vaults","location":"westus","tags":{"hidden-DevTestLabs-LabUId":"6e279161-d008-42b7-90a1-6801fc4bc4ca","CreatedBy":"DevTestLabs"}},{"id":"/subscriptions/00000000-0000-0000-0000-000000000000/resourceGroups/zuh/providers/Microsoft.KeyVault/vaults/zuhkeyvault","name":"zuhkeyvault","type":"Microsoft.KeyVault/vaults","location":"eastus2euap","tags":{}}]}'
    headers:
      cache-control:
      - no-cache
      content-length:
      - '11501'
      content-type:
      - application/json; charset=utf-8
      date:
      - Tue, 19 May 2020 06:51:44 GMT
      expires:
      - '-1'
      pragma:
      - no-cache
      strict-transport-security:
      - max-age=31536000; includeSubDomains
      vary:
      - Accept-Encoding
      x-content-type-options:
      - nosniff
    status:
      code: 200
      message: OK
- request:
    body: null
    headers:
      Accept:
      - application/json
      Accept-Encoding:
      - gzip, deflate
      CommandName:
      - keyvault show
      Connection:
      - keep-alive
      ParameterSetName:
      - -n
      User-Agent:
      - python/3.7.4 (Windows-10-10.0.18362-SP0) msrest/0.6.9 msrest_azure/0.6.3 azure-mgmt-keyvault/2.2.0
        Azure-SDK-For-Python AZURECLI/2.5.1
      accept-language:
      - en-US
    method: GET
    uri: https://management.azure.com/subscriptions/00000000-0000-0000-0000-000000000000/resourceGroups/cli_test_keyvault_pe000001/providers/Microsoft.KeyVault/vaults/cli-test-kv-pe-000002?api-version=2019-09-01
  response:
    body:
      string: '{"id":"/subscriptions/00000000-0000-0000-0000-000000000000/resourceGroups/cli_test_keyvault_pe000001/providers/Microsoft.KeyVault/vaults/cli-test-kv-pe-000002","name":"cli-test-kv-pe-000002","type":"Microsoft.KeyVault/vaults","location":"centraluseuap","tags":{},"properties":{"sku":{"family":"A","name":"premium"},"tenantId":"54826b22-38d6-4fb2-bad9-b7b93a3e9c5a","privateEndpointConnections":[{"id":"/subscriptions/00000000-0000-0000-0000-000000000000/resourceGroups/cli_test_keyvault_pe000001/providers/Microsoft.KeyVault/vaults/cli-test-kv-pe-000002/privateEndpointConnections/cli-pec-000006","properties":{"provisioningState":"Succeeded","privateEndpoint":{"id":"/subscriptions/00000000-0000-0000-0000-000000000000/resourceGroups/cli_test_keyvault_pe000001/providers/Microsoft.Network/privateEndpoints/cli-pe-000005"},"privateLinkServiceConnectionState":{"status":"Approved","actionsRequired":"None"}}}],"accessPolicies":[{"tenantId":"54826b22-38d6-4fb2-bad9-b7b93a3e9c5a","objectId":"9a0f0a3f-b307-4ae3-bb6a-27a65244de7e","permissions":{"keys":["get","create","delete","list","update","import","backup","restore","recover"],"secrets":["get","list","set","delete","backup","restore","recover"],"certificates":["get","list","delete","create","import","update","managecontacts","getissuers","listissuers","setissuers","deleteissuers","manageissuers","recover"],"storage":["get","list","delete","set","update","regeneratekey","setsas","listsas","getsas","deletesas"]}}],"enabledForDeployment":false,"enableSoftDelete":true,"softDeleteRetentionInDays":90,"vaultUri":"https://cli-test-kv-pe-000002.vault.azure.net/","provisioningState":"Succeeded"}}'
    headers:
      cache-control:
      - no-cache
      content-length:
      - '1829'
      content-type:
      - application/json; charset=utf-8
      date:
      - Tue, 19 May 2020 06:51:45 GMT
      expires:
      - '-1'
      pragma:
      - no-cache
      server:
      - Microsoft-IIS/10.0
      strict-transport-security:
      - max-age=31536000; includeSubDomains
      transfer-encoding:
      - chunked
      vary:
      - Accept-Encoding
      x-aspnet-version:
      - 4.0.30319
      x-content-type-options:
      - nosniff
      x-ms-keyvault-service-version:
      - 1.1.0.280
      x-powered-by:
      - ASP.NET
    status:
      code: 200
      message: OK
- request:
    body: null
    headers:
      Accept:
      - '*/*'
      Accept-Encoding:
      - gzip, deflate
      CommandName:
      - network private-endpoint-connection show
      Connection:
      - keep-alive
      ParameterSetName:
      - --id
      User-Agent:
      - AZURECLI/2.5.1
    method: GET
    uri: https://management.azure.com/subscriptions/00000000-0000-0000-0000-000000000000/resourceGroups/cli_test_keyvault_pe000001/providers/Microsoft.Keyvault/vaults/cli-test-kv-pe-000002/privateEndpointConnections/cli-pec-000006?api-version=2019-09-01
  response:
    body:
      string: '{"id":"/subscriptions/00000000-0000-0000-0000-000000000000/resourceGroups/cli_test_keyvault_pe000001/providers/Microsoft.KeyVault/vaults/cli-test-kv-pe-000002/privateEndpointConnections/cli-pec-000006","name":"cli-pec-000006","type":"Microsoft.KeyVault/vaults/privateEndpointConnections","location":"centraluseuap","properties":{"provisioningState":"Succeeded","privateEndpoint":{"id":"/subscriptions/00000000-0000-0000-0000-000000000000/resourceGroups/cli_test_keyvault_pe000001/providers/Microsoft.Network/privateEndpoints/cli-pe-000005"},"privateLinkServiceConnectionState":{"status":"Approved","actionsRequired":"None"}}}'
    headers:
      cache-control:
      - no-cache
      content-length:
      - '757'
      content-type:
      - application/json; charset=utf-8
      date:
      - Tue, 19 May 2020 06:51:47 GMT
      expires:
      - '-1'
      pragma:
      - no-cache
      server:
      - Microsoft-IIS/10.0
      strict-transport-security:
      - max-age=31536000; includeSubDomains
      transfer-encoding:
      - chunked
      vary:
      - Accept-Encoding
      x-aspnet-version:
      - 4.0.30319
      x-content-type-options:
      - nosniff
      x-ms-keyvault-service-version:
      - 1.1.0.280
      x-powered-by:
      - ASP.NET
    status:
      code: 200
      message: OK
- request:
    body: null
    headers:
      Accept:
      - '*/*'
      Accept-Encoding:
      - gzip, deflate
      CommandName:
      - network private-endpoint-connection show
      Connection:
      - keep-alive
      ParameterSetName:
      - --resource-name -g --name --type
      User-Agent:
      - AZURECLI/2.5.1
    method: GET
    uri: https://management.azure.com/subscriptions/00000000-0000-0000-0000-000000000000/resourceGroups/cli_test_keyvault_pe000001/providers/Microsoft.Keyvault/vaults/cli-test-kv-pe-000002/privateEndpointConnections/cli-pec-000006?api-version=2019-09-01
  response:
    body:
      string: '{"id":"/subscriptions/00000000-0000-0000-0000-000000000000/resourceGroups/cli_test_keyvault_pe000001/providers/Microsoft.KeyVault/vaults/cli-test-kv-pe-000002/privateEndpointConnections/cli-pec-000006","name":"cli-pec-000006","type":"Microsoft.KeyVault/vaults/privateEndpointConnections","location":"centraluseuap","properties":{"provisioningState":"Succeeded","privateEndpoint":{"id":"/subscriptions/00000000-0000-0000-0000-000000000000/resourceGroups/cli_test_keyvault_pe000001/providers/Microsoft.Network/privateEndpoints/cli-pe-000005"},"privateLinkServiceConnectionState":{"status":"Approved","actionsRequired":"None"}}}'
    headers:
      cache-control:
      - no-cache
      content-length:
      - '757'
      content-type:
      - application/json; charset=utf-8
      date:
      - Tue, 19 May 2020 06:51:49 GMT
      expires:
      - '-1'
      pragma:
      - no-cache
      server:
      - Microsoft-IIS/10.0
      strict-transport-security:
      - max-age=31536000; includeSubDomains
      transfer-encoding:
      - chunked
      vary:
      - Accept-Encoding
      x-aspnet-version:
      - 4.0.30319
      x-content-type-options:
      - nosniff
      x-ms-keyvault-service-version:
      - 1.1.0.280
      x-powered-by:
      - ASP.NET
    status:
      code: 200
      message: OK
- request:
    body: null
    headers:
      Accept:
      - '*/*'
      Accept-Encoding:
      - gzip, deflate
      CommandName:
      - network private-endpoint-connection show
      Connection:
      - keep-alive
      ParameterSetName:
      - --resource-name -g -n --type
      User-Agent:
      - AZURECLI/2.5.1
    method: GET
    uri: https://management.azure.com/subscriptions/00000000-0000-0000-0000-000000000000/resourceGroups/cli_test_keyvault_pe000001/providers/Microsoft.Keyvault/vaults/cli-test-kv-pe-000002/privateEndpointConnections/cli-pec-000006?api-version=2019-09-01
  response:
    body:
      string: '{"id":"/subscriptions/00000000-0000-0000-0000-000000000000/resourceGroups/cli_test_keyvault_pe000001/providers/Microsoft.KeyVault/vaults/cli-test-kv-pe-000002/privateEndpointConnections/cli-pec-000006","name":"cli-pec-000006","type":"Microsoft.KeyVault/vaults/privateEndpointConnections","location":"centraluseuap","properties":{"provisioningState":"Succeeded","privateEndpoint":{"id":"/subscriptions/00000000-0000-0000-0000-000000000000/resourceGroups/cli_test_keyvault_pe000001/providers/Microsoft.Network/privateEndpoints/cli-pe-000005"},"privateLinkServiceConnectionState":{"status":"Approved","actionsRequired":"None"}}}'
    headers:
      cache-control:
      - no-cache
      content-length:
      - '757'
      content-type:
      - application/json; charset=utf-8
      date:
      - Tue, 19 May 2020 06:51:51 GMT
      expires:
      - '-1'
      pragma:
      - no-cache
      server:
      - Microsoft-IIS/10.0
      strict-transport-security:
      - max-age=31536000; includeSubDomains
      transfer-encoding:
      - chunked
      vary:
      - Accept-Encoding
      x-aspnet-version:
      - 4.0.30319
      x-content-type-options:
      - nosniff
      x-ms-keyvault-service-version:
      - 1.1.0.280
      x-powered-by:
      - ASP.NET
    status:
      code: 200
      message: OK
- request:
    body: null
    headers:
      Accept:
      - application/json
      Accept-Encoding:
      - gzip, deflate
      CommandName:
      - keyvault set-policy
      Connection:
      - keep-alive
      ParameterSetName:
      - -g -n --object-id --certificate-permissions
      User-Agent:
      - python/3.7.4 (Windows-10-10.0.18362-SP0) msrest/0.6.9 msrest_azure/0.6.3 azure-mgmt-keyvault/2.2.0
        Azure-SDK-For-Python AZURECLI/2.5.1
      accept-language:
      - en-US
    method: GET
    uri: https://management.azure.com/subscriptions/00000000-0000-0000-0000-000000000000/resourceGroups/cli_test_keyvault_pe000001/providers/Microsoft.KeyVault/vaults/cli-test-kv-pe-000002?api-version=2019-09-01
  response:
    body:
      string: '{"id":"/subscriptions/00000000-0000-0000-0000-000000000000/resourceGroups/cli_test_keyvault_pe000001/providers/Microsoft.KeyVault/vaults/cli-test-kv-pe-000002","name":"cli-test-kv-pe-000002","type":"Microsoft.KeyVault/vaults","location":"centraluseuap","tags":{},"properties":{"sku":{"family":"A","name":"premium"},"tenantId":"54826b22-38d6-4fb2-bad9-b7b93a3e9c5a","privateEndpointConnections":[{"id":"/subscriptions/00000000-0000-0000-0000-000000000000/resourceGroups/cli_test_keyvault_pe000001/providers/Microsoft.KeyVault/vaults/cli-test-kv-pe-000002/privateEndpointConnections/cli-pec-000006","properties":{"provisioningState":"Succeeded","privateEndpoint":{"id":"/subscriptions/00000000-0000-0000-0000-000000000000/resourceGroups/cli_test_keyvault_pe000001/providers/Microsoft.Network/privateEndpoints/cli-pe-000005"},"privateLinkServiceConnectionState":{"status":"Approved","actionsRequired":"None"}}}],"accessPolicies":[{"tenantId":"54826b22-38d6-4fb2-bad9-b7b93a3e9c5a","objectId":"9a0f0a3f-b307-4ae3-bb6a-27a65244de7e","permissions":{"keys":["get","create","delete","list","update","import","backup","restore","recover"],"secrets":["get","list","set","delete","backup","restore","recover"],"certificates":["get","list","delete","create","import","update","managecontacts","getissuers","listissuers","setissuers","deleteissuers","manageissuers","recover"],"storage":["get","list","delete","set","update","regeneratekey","setsas","listsas","getsas","deletesas"]}}],"enabledForDeployment":false,"enableSoftDelete":true,"softDeleteRetentionInDays":90,"vaultUri":"https://cli-test-kv-pe-000002.vault.azure.net/","provisioningState":"Succeeded"}}'
    headers:
      cache-control:
      - no-cache
      content-length:
      - '1829'
      content-type:
      - application/json; charset=utf-8
      date:
      - Tue, 19 May 2020 06:51:53 GMT
      expires:
      - '-1'
      pragma:
      - no-cache
      server:
      - Microsoft-IIS/10.0
      strict-transport-security:
      - max-age=31536000; includeSubDomains
      transfer-encoding:
      - chunked
      vary:
      - Accept-Encoding
      x-aspnet-version:
      - 4.0.30319
      x-content-type-options:
      - nosniff
      x-ms-keyvault-service-version:
      - 1.1.0.280
      x-powered-by:
      - ASP.NET
    status:
      code: 200
      message: OK
- request:
    body: '{"location": "centraluseuap", "tags": {}, "properties": {"tenantId": "54826b22-38d6-4fb2-bad9-b7b93a3e9c5a",
      "sku": {"family": "A", "name": "premium"}, "accessPolicies": [{"tenantId": "54826b22-38d6-4fb2-bad9-b7b93a3e9c5a",
      "objectId": "9a0f0a3f-b307-4ae3-bb6a-27a65244de7e", "permissions": {"keys":
      ["get", "create", "delete", "list", "update", "import", "backup", "restore",
      "recover"], "secrets": ["get", "list", "set", "delete", "backup", "restore",
      "recover"], "certificates": ["get", "list"], "storage": ["get", "list", "delete",
      "set", "update", "regeneratekey", "setsas", "listsas", "getsas", "deletesas"]}}],
      "vaultUri": "https://cli-test-kv-pe-000002.vault.azure.net/", "enabledForDeployment":
      false, "enableSoftDelete": true, "softDeleteRetentionInDays": 90}}'
    headers:
      Accept:
      - application/json
      Accept-Encoding:
      - gzip, deflate
      CommandName:
      - keyvault set-policy
      Connection:
      - keep-alive
      Content-Length:
      - '773'
      Content-Type:
      - application/json; charset=utf-8
      ParameterSetName:
      - -g -n --object-id --certificate-permissions
      User-Agent:
      - python/3.7.4 (Windows-10-10.0.18362-SP0) msrest/0.6.9 msrest_azure/0.6.3 azure-mgmt-keyvault/2.2.0
        Azure-SDK-For-Python AZURECLI/2.5.1
      accept-language:
      - en-US
    method: PUT
    uri: https://management.azure.com/subscriptions/00000000-0000-0000-0000-000000000000/resourceGroups/cli_test_keyvault_pe000001/providers/Microsoft.KeyVault/vaults/cli-test-kv-pe-000002?api-version=2019-09-01
  response:
    body:
      string: '{"id":"/subscriptions/00000000-0000-0000-0000-000000000000/resourceGroups/cli_test_keyvault_pe000001/providers/Microsoft.KeyVault/vaults/cli-test-kv-pe-000002","name":"cli-test-kv-pe-000002","type":"Microsoft.KeyVault/vaults","location":"centraluseuap","tags":{},"properties":{"sku":{"family":"A","name":"premium"},"tenantId":"54826b22-38d6-4fb2-bad9-b7b93a3e9c5a","privateEndpointConnections":[{"id":"/subscriptions/00000000-0000-0000-0000-000000000000/resourceGroups/cli_test_keyvault_pe000001/providers/Microsoft.KeyVault/vaults/cli-test-kv-pe-000002/privateEndpointConnections/cli-pec-000006","properties":{"provisioningState":"Succeeded","privateEndpoint":{"id":"/subscriptions/00000000-0000-0000-0000-000000000000/resourceGroups/cli_test_keyvault_pe000001/providers/Microsoft.Network/privateEndpoints/cli-pe-000005"},"privateLinkServiceConnectionState":{"status":"Approved","actionsRequired":"None"}}}],"accessPolicies":[{"tenantId":"54826b22-38d6-4fb2-bad9-b7b93a3e9c5a","objectId":"9a0f0a3f-b307-4ae3-bb6a-27a65244de7e","permissions":{"keys":["get","create","delete","list","update","import","backup","restore","recover"],"secrets":["get","list","set","delete","backup","restore","recover"],"certificates":["get","list"],"storage":["get","list","delete","set","update","regeneratekey","setsas","listsas","getsas","deletesas"]}}],"enabledForDeployment":false,"enableSoftDelete":true,"softDeleteRetentionInDays":90,"vaultUri":"https://cli-test-kv-pe-000002.vault.azure.net/","provisioningState":"Succeeded"}}'
    headers:
      cache-control:
      - no-cache
      content-length:
      - '1694'
      content-type:
      - application/json; charset=utf-8
      date:
      - Tue, 19 May 2020 06:51:54 GMT
      expires:
      - '-1'
      pragma:
      - no-cache
      server:
      - Microsoft-IIS/10.0
      strict-transport-security:
      - max-age=31536000; includeSubDomains
      transfer-encoding:
      - chunked
      vary:
      - Accept-Encoding
      x-aspnet-version:
      - 4.0.30319
      x-content-type-options:
      - nosniff
      x-ms-keyvault-service-version:
      - 1.1.0.280
      x-ms-ratelimit-remaining-subscription-writes:
      - '1184'
      x-powered-by:
      - ASP.NET
    status:
      code: 200
      message: OK
- request:
    body: null
    headers:
      Accept:
      - '*/*'
      Accept-Encoding:
      - gzip, deflate
      CommandName:
      - network private-endpoint-connection reject
      Connection:
      - keep-alive
      ParameterSetName:
      - --id --description
      User-Agent:
      - AZURECLI/2.5.1
    method: GET
    uri: https://management.azure.com/subscriptions/00000000-0000-0000-0000-000000000000/resourceGroups/cli_test_keyvault_pe000001/providers/Microsoft.Keyvault/vaults/cli-test-kv-pe-000002/privateEndpointConnections/cli-pec-000006?api-version=2019-09-01
  response:
    body:
      string: '{"id":"/subscriptions/00000000-0000-0000-0000-000000000000/resourceGroups/cli_test_keyvault_pe000001/providers/Microsoft.KeyVault/vaults/cli-test-kv-pe-000002/privateEndpointConnections/cli-pec-000006","name":"cli-pec-000006","type":"Microsoft.KeyVault/vaults/privateEndpointConnections","location":"centraluseuap","properties":{"provisioningState":"Succeeded","privateEndpoint":{"id":"/subscriptions/00000000-0000-0000-0000-000000000000/resourceGroups/cli_test_keyvault_pe000001/providers/Microsoft.Network/privateEndpoints/cli-pe-000005"},"privateLinkServiceConnectionState":{"status":"Approved","actionsRequired":"None"}}}'
    headers:
      cache-control:
      - no-cache
      content-length:
      - '757'
      content-type:
      - application/json; charset=utf-8
      date:
      - Tue, 19 May 2020 06:51:55 GMT
      expires:
      - '-1'
      pragma:
      - no-cache
      server:
      - Microsoft-IIS/10.0
      strict-transport-security:
      - max-age=31536000; includeSubDomains
      transfer-encoding:
      - chunked
      vary:
      - Accept-Encoding
      x-aspnet-version:
      - 4.0.30319
      x-content-type-options:
      - nosniff
      x-ms-keyvault-service-version:
      - 1.1.0.280
      x-powered-by:
      - ASP.NET
    status:
      code: 200
      message: OK
- request:
    body: 'b''{"id": "/subscriptions/00000000-0000-0000-0000-000000000000/resourceGroups/cli_test_keyvault_pe000001/providers/Microsoft.KeyVault/vaults/cli-test-kv-pe-000002/privateEndpointConnections/cli-pec-000006",
      "name": "cli-pec-000006", "type": "Microsoft.KeyVault/vaults/privateEndpointConnections",
      "location": "centraluseuap", "properties": {"provisioningState": "Succeeded",
      "privateEndpoint": {"id": "/subscriptions/00000000-0000-0000-0000-000000000000/resourceGroups/cli_test_keyvault_pe000001/providers/Microsoft.Network/privateEndpoints/cli-pe-000005"},
      "privateLinkServiceConnectionState": {"status": "Rejected", "actionsRequired":
      "None", "description": "You are rejected!"}}}'''
    headers:
      Accept:
      - '*/*'
      Accept-Encoding:
      - gzip, deflate
      CommandName:
      - network private-endpoint-connection reject
      Connection:
      - keep-alive
      Content-Length:
      - '811'
      Content-Type:
      - application/json
      ParameterSetName:
      - --id --description
      User-Agent:
      - AZURECLI/2.5.1
    method: PUT
    uri: https://management.azure.com/subscriptions/00000000-0000-0000-0000-000000000000/resourceGroups/cli_test_keyvault_pe000001/providers/Microsoft.Keyvault/vaults/cli-test-kv-pe-000002/privateEndpointConnections/cli-pec-000006?api-version=2019-09-01
  response:
    body:
      string: '{"id":"/subscriptions/00000000-0000-0000-0000-000000000000/resourceGroups/cli_test_keyvault_pe000001/providers/Microsoft.KeyVault/vaults/cli-test-kv-pe-000002/privateEndpointConnections/cli-pec-000006","name":"cli-pec-000006","type":"Microsoft.KeyVault/vaults/privateEndpointConnections","location":"centraluseuap","etag":"55695ac73bc74f3a8522fc8d78adbc5c","properties":{"provisioningState":"Updating","privateEndpoint":{"id":"/subscriptions/00000000-0000-0000-0000-000000000000/resourceGroups/cli_test_keyvault_pe000001/providers/Microsoft.Network/privateEndpoints/cli-pe-000005"},"privateLinkServiceConnectionState":{"status":"Rejected","description":"You
        are rejected!","actionsRequired":"None"}}}'
    headers:
      azure-asyncoperation:
      - https://management.azure.com/subscriptions/00000000-0000-0000-0000-000000000000/resourceGroups/cli_test_keyvault_pe000001/providers/Microsoft.KeyVault/vaults/cli-test-kv-pe-000002/privateEndpointConnections/cli-pec-000006?api-version=2019-09-01&kv-operation=eyJjb2RlIjoicHJpdmF0ZUVuZHBvaW50Q29ubmVjdGlvbnMvcmVqZWN0Iiwic3QiOiIyMDIwLTA1LTE5VDA2OjUxOjU2LjQ2MjE2MzhaIiwiZXRhZyI6IjU1Njk1YWM3M2JjNzRmM2E4NTIyZmM4ZDc4YWRiYzVjIn0
      cache-control:
      - no-cache
      content-length:
      - '832'
      content-type:
      - application/json; charset=utf-8
      date:
      - Tue, 19 May 2020 06:51:57 GMT
      expires:
      - '-1'
      pragma:
      - no-cache
      server:
      - Microsoft-IIS/10.0
      strict-transport-security:
      - max-age=31536000; includeSubDomains
      transfer-encoding:
      - chunked
      vary:
      - Accept-Encoding
      x-aspnet-version:
      - 4.0.30319
      x-content-type-options:
      - nosniff
      x-ms-keyvault-service-version:
      - 1.1.0.280
      x-ms-ratelimit-remaining-subscription-writes:
      - '1186'
      x-powered-by:
      - ASP.NET
    status:
      code: 200
      message: OK
- request:
    body: null
    headers:
      Accept:
      - '*/*'
      Accept-Encoding:
      - gzip, deflate
      CommandName:
      - network private-endpoint-connection reject
      Connection:
      - keep-alive
      ParameterSetName:
      - --id --description
      User-Agent:
      - AZURECLI/2.5.1
    method: GET
    uri: https://management.azure.com/subscriptions/00000000-0000-0000-0000-000000000000/resourceGroups/cli_test_keyvault_pe000001/providers/Microsoft.Keyvault/vaults/cli-test-kv-pe-000002/privateEndpointConnections/cli-pec-000006?api-version=2019-09-01
  response:
    body:
      string: '{"id":"/subscriptions/00000000-0000-0000-0000-000000000000/resourceGroups/cli_test_keyvault_pe000001/providers/Microsoft.KeyVault/vaults/cli-test-kv-pe-000002/privateEndpointConnections/cli-pec-000006","name":"cli-pec-000006","type":"Microsoft.KeyVault/vaults/privateEndpointConnections","location":"centraluseuap","etag":"e5452f351c48465dbcb87b19391d3910","properties":{"provisioningState":"Succeeded","privateEndpoint":{"id":"/subscriptions/00000000-0000-0000-0000-000000000000/resourceGroups/cli_test_keyvault_pe000001/providers/Microsoft.Network/privateEndpoints/cli-pe-000005"},"privateLinkServiceConnectionState":{"status":"Rejected","description":"You
        are rejected!","actionsRequired":"None"}}}'
    headers:
      cache-control:
      - no-cache
      content-length:
      - '833'
      content-type:
      - application/json; charset=utf-8
      date:
      - Tue, 19 May 2020 06:52:08 GMT
      expires:
      - '-1'
      pragma:
      - no-cache
      server:
      - Microsoft-IIS/10.0
      strict-transport-security:
      - max-age=31536000; includeSubDomains
      transfer-encoding:
      - chunked
      vary:
      - Accept-Encoding
      x-aspnet-version:
      - 4.0.30319
      x-content-type-options:
      - nosniff
      x-ms-keyvault-service-version:
      - 1.1.0.280
      x-powered-by:
      - ASP.NET
    status:
      code: 200
      message: OK
- request:
    body: null
    headers:
      Accept:
      - '*/*'
      Accept-Encoding:
      - gzip, deflate
      CommandName:
      - network private-endpoint-connection show
      Connection:
      - keep-alive
      ParameterSetName:
      - --id
      User-Agent:
      - AZURECLI/2.5.1
    method: GET
    uri: https://management.azure.com/subscriptions/00000000-0000-0000-0000-000000000000/resourceGroups/cli_test_keyvault_pe000001/providers/Microsoft.Keyvault/vaults/cli-test-kv-pe-000002/privateEndpointConnections/cli-pec-000006?api-version=2019-09-01
  response:
    body:
      string: '{"id":"/subscriptions/00000000-0000-0000-0000-000000000000/resourceGroups/cli_test_keyvault_pe000001/providers/Microsoft.KeyVault/vaults/cli-test-kv-pe-000002/privateEndpointConnections/cli-pec-000006","name":"cli-pec-000006","type":"Microsoft.KeyVault/vaults/privateEndpointConnections","location":"centraluseuap","etag":"e5452f351c48465dbcb87b19391d3910","properties":{"provisioningState":"Succeeded","privateEndpoint":{"id":"/subscriptions/00000000-0000-0000-0000-000000000000/resourceGroups/cli_test_keyvault_pe000001/providers/Microsoft.Network/privateEndpoints/cli-pe-000005"},"privateLinkServiceConnectionState":{"status":"Rejected","description":"You
        are rejected!","actionsRequired":"None"}}}'
    headers:
      cache-control:
      - no-cache
      content-length:
      - '833'
      content-type:
      - application/json; charset=utf-8
      date:
      - Tue, 19 May 2020 06:52:09 GMT
      expires:
      - '-1'
      pragma:
      - no-cache
      server:
      - Microsoft-IIS/10.0
      strict-transport-security:
      - max-age=31536000; includeSubDomains
      transfer-encoding:
      - chunked
      vary:
      - Accept-Encoding
      x-aspnet-version:
      - 4.0.30319
      x-content-type-options:
      - nosniff
      x-ms-keyvault-service-version:
      - 1.1.0.280
      x-powered-by:
      - ASP.NET
    status:
      code: 200
      message: OK
- request:
    body: null
    headers:
      Accept:
      - '*/*'
      Accept-Encoding:
      - gzip, deflate
      CommandName:
      - network private-endpoint-connection approve
      Connection:
      - keep-alive
      ParameterSetName:
      - --resource-name --name -g --type --description
      User-Agent:
      - AZURECLI/2.5.1
    method: GET
    uri: https://management.azure.com/subscriptions/00000000-0000-0000-0000-000000000000/resourceGroups/cli_test_keyvault_pe000001/providers/Microsoft.Keyvault/vaults/cli-test-kv-pe-000002/privateEndpointConnections/cli-pec-000006?api-version=2019-09-01
  response:
    body:
      string: '{"id":"/subscriptions/00000000-0000-0000-0000-000000000000/resourceGroups/cli_test_keyvault_pe000001/providers/Microsoft.KeyVault/vaults/cli-test-kv-pe-000002/privateEndpointConnections/cli-pec-000006","name":"cli-pec-000006","type":"Microsoft.KeyVault/vaults/privateEndpointConnections","location":"centraluseuap","etag":"e5452f351c48465dbcb87b19391d3910","properties":{"provisioningState":"Succeeded","privateEndpoint":{"id":"/subscriptions/00000000-0000-0000-0000-000000000000/resourceGroups/cli_test_keyvault_pe000001/providers/Microsoft.Network/privateEndpoints/cli-pe-000005"},"privateLinkServiceConnectionState":{"status":"Rejected","description":"You
        are rejected!","actionsRequired":"None"}}}'
    headers:
      cache-control:
      - no-cache
      content-length:
      - '833'
      content-type:
      - application/json; charset=utf-8
      date:
      - Tue, 19 May 2020 06:52:10 GMT
      expires:
      - '-1'
      pragma:
      - no-cache
      server:
      - Microsoft-IIS/10.0
      strict-transport-security:
      - max-age=31536000; includeSubDomains
      transfer-encoding:
      - chunked
      vary:
      - Accept-Encoding
      x-aspnet-version:
      - 4.0.30319
      x-content-type-options:
      - nosniff
      x-ms-keyvault-service-version:
      - 1.1.0.280
      x-powered-by:
      - ASP.NET
    status:
      code: 200
      message: OK
- request:
    body: 'b''{"id": "/subscriptions/00000000-0000-0000-0000-000000000000/resourceGroups/cli_test_keyvault_pe000001/providers/Microsoft.KeyVault/vaults/cli-test-kv-pe-000002/privateEndpointConnections/cli-pec-000006",
      "name": "cli-pec-000006", "type": "Microsoft.KeyVault/vaults/privateEndpointConnections",
      "location": "centraluseuap", "etag": "e5452f351c48465dbcb87b19391d3910", "properties":
      {"provisioningState": "Succeeded", "privateEndpoint": {"id": "/subscriptions/00000000-0000-0000-0000-000000000000/resourceGroups/cli_test_keyvault_pe000001/providers/Microsoft.Network/privateEndpoints/cli-pe-000005"},
      "privateLinkServiceConnectionState": {"status": "Approved", "description": "You
      are approved!", "actionsRequired": "None"}}}'''
    headers:
      Accept:
      - '*/*'
      Accept-Encoding:
      - gzip, deflate
      CommandName:
      - network private-endpoint-connection approve
      Connection:
      - keep-alive
      Content-Length:
      - '855'
      Content-Type:
      - application/json
      ParameterSetName:
      - --resource-name --name -g --type --description
      User-Agent:
      - AZURECLI/2.5.1
    method: PUT
    uri: https://management.azure.com/subscriptions/00000000-0000-0000-0000-000000000000/resourceGroups/cli_test_keyvault_pe000001/providers/Microsoft.Keyvault/vaults/cli-test-kv-pe-000002/privateEndpointConnections/cli-pec-000006?api-version=2019-09-01
  response:
    body:
      string: '{"id":"/subscriptions/00000000-0000-0000-0000-000000000000/resourceGroups/cli_test_keyvault_pe000001/providers/Microsoft.KeyVault/vaults/cli-test-kv-pe-000002/privateEndpointConnections/cli-pec-000006","name":"cli-pec-000006","type":"Microsoft.KeyVault/vaults/privateEndpointConnections","location":"centraluseuap","etag":"264a581a96694e6d9444e38de66eaa72","properties":{"provisioningState":"Updating","privateEndpoint":{"id":"/subscriptions/00000000-0000-0000-0000-000000000000/resourceGroups/cli_test_keyvault_pe000001/providers/Microsoft.Network/privateEndpoints/cli-pe-000005"},"privateLinkServiceConnectionState":{"status":"Approved","description":"You
        are approved!","actionsRequired":"None"}}}'
    headers:
      azure-asyncoperation:
      - https://management.azure.com/subscriptions/00000000-0000-0000-0000-000000000000/resourceGroups/cli_test_keyvault_pe000001/providers/Microsoft.KeyVault/vaults/cli-test-kv-pe-000002/privateEndpointConnections/cli-pec-000006?api-version=2019-09-01&kv-operation=eyJjb2RlIjoicHJpdmF0ZUVuZHBvaW50Q29ubmVjdGlvbnMvYXBwcm92ZSIsInN0IjoiMjAyMC0wNS0xOVQwNjo1MjoxMy44MDI0NjU0WiIsImV0YWciOiIyNjRhNTgxYTk2Njk0ZTZkOTQ0NGUzOGRlNjZlYWE3MiJ9
      cache-control:
      - no-cache
      content-length:
      - '832'
      content-type:
      - application/json; charset=utf-8
      date:
      - Tue, 19 May 2020 06:52:14 GMT
      expires:
      - '-1'
      pragma:
      - no-cache
      server:
      - Microsoft-IIS/10.0
      strict-transport-security:
      - max-age=31536000; includeSubDomains
      transfer-encoding:
      - chunked
      vary:
      - Accept-Encoding
      x-aspnet-version:
      - 4.0.30319
      x-content-type-options:
      - nosniff
      x-ms-keyvault-service-version:
      - 1.1.0.280
      x-ms-ratelimit-remaining-subscription-writes:
      - '1184'
      x-powered-by:
      - ASP.NET
    status:
      code: 200
      message: OK
- request:
    body: null
    headers:
      Accept:
      - '*/*'
      Accept-Encoding:
      - gzip, deflate
      CommandName:
      - network private-endpoint-connection approve
      Connection:
      - keep-alive
      ParameterSetName:
      - --resource-name --name -g --type --description
      User-Agent:
      - AZURECLI/2.5.1
    method: GET
    uri: https://management.azure.com/subscriptions/00000000-0000-0000-0000-000000000000/resourceGroups/cli_test_keyvault_pe000001/providers/Microsoft.Keyvault/vaults/cli-test-kv-pe-000002/privateEndpointConnections/cli-pec-000006?api-version=2019-09-01
  response:
    body:
      string: '{"id":"/subscriptions/00000000-0000-0000-0000-000000000000/resourceGroups/cli_test_keyvault_pe000001/providers/Microsoft.KeyVault/vaults/cli-test-kv-pe-000002/privateEndpointConnections/cli-pec-000006","name":"cli-pec-000006","type":"Microsoft.KeyVault/vaults/privateEndpointConnections","location":"centraluseuap","etag":"a8f930966fca498ba6079b342678e303","properties":{"provisioningState":"Succeeded","privateEndpoint":{"id":"/subscriptions/00000000-0000-0000-0000-000000000000/resourceGroups/cli_test_keyvault_pe000001/providers/Microsoft.Network/privateEndpoints/cli-pe-000005"},"privateLinkServiceConnectionState":{"status":"Approved","description":"You
        are approved!","actionsRequired":"None"}}}'
    headers:
      cache-control:
      - no-cache
      content-length:
      - '833'
      content-type:
      - application/json; charset=utf-8
      date:
      - Tue, 19 May 2020 06:52:26 GMT
      expires:
      - '-1'
      pragma:
      - no-cache
      server:
      - Microsoft-IIS/10.0
      strict-transport-security:
      - max-age=31536000; includeSubDomains
      transfer-encoding:
      - chunked
      vary:
      - Accept-Encoding
      x-aspnet-version:
      - 4.0.30319
      x-content-type-options:
      - nosniff
      x-ms-keyvault-service-version:
      - 1.1.0.280
      x-powered-by:
      - ASP.NET
    status:
      code: 200
      message: OK
- request:
    body: null
    headers:
      Accept:
      - '*/*'
      Accept-Encoding:
      - gzip, deflate
      CommandName:
      - network private-endpoint-connection show
      Connection:
      - keep-alive
      ParameterSetName:
      - --id
      User-Agent:
      - AZURECLI/2.5.1
    method: GET
    uri: https://management.azure.com/subscriptions/00000000-0000-0000-0000-000000000000/resourceGroups/cli_test_keyvault_pe000001/providers/Microsoft.Keyvault/vaults/cli-test-kv-pe-000002/privateEndpointConnections/cli-pec-000006?api-version=2019-09-01
  response:
    body:
      string: '{"id":"/subscriptions/00000000-0000-0000-0000-000000000000/resourceGroups/cli_test_keyvault_pe000001/providers/Microsoft.KeyVault/vaults/cli-test-kv-pe-000002/privateEndpointConnections/cli-pec-000006","name":"cli-pec-000006","type":"Microsoft.KeyVault/vaults/privateEndpointConnections","location":"centraluseuap","etag":"a8f930966fca498ba6079b342678e303","properties":{"provisioningState":"Succeeded","privateEndpoint":{"id":"/subscriptions/00000000-0000-0000-0000-000000000000/resourceGroups/cli_test_keyvault_pe000001/providers/Microsoft.Network/privateEndpoints/cli-pe-000005"},"privateLinkServiceConnectionState":{"status":"Approved","description":"You
        are approved!","actionsRequired":"None"}}}'
    headers:
      cache-control:
      - no-cache
      content-length:
      - '833'
      content-type:
      - application/json; charset=utf-8
      date:
      - Tue, 19 May 2020 06:52:27 GMT
      expires:
      - '-1'
      pragma:
      - no-cache
      server:
      - Microsoft-IIS/10.0
      strict-transport-security:
      - max-age=31536000; includeSubDomains
      transfer-encoding:
      - chunked
      vary:
      - Accept-Encoding
      x-aspnet-version:
      - 4.0.30319
      x-content-type-options:
      - nosniff
      x-ms-keyvault-service-version:
      - 1.1.0.280
      x-powered-by:
      - ASP.NET
    status:
      code: 200
      message: OK
- request:
    body: null
    headers:
      Accept:
      - '*/*'
      Accept-Encoding:
      - gzip, deflate
      CommandName:
      - network private-endpoint-connection list
      Connection:
      - keep-alive
      ParameterSetName:
      - --id
      User-Agent:
      - AZURECLI/2.5.1
    method: GET
    uri: https://management.azure.com/subscriptions/00000000-0000-0000-0000-000000000000/resourceGroups/cli_test_keyvault_pe000001/providers/Microsoft.Keyvault/vaults/cli-test-kv-pe-000002?api-version=2019-09-01
  response:
    body:
      string: '{"id":"/subscriptions/00000000-0000-0000-0000-000000000000/resourceGroups/cli_test_keyvault_pe000001/providers/Microsoft.KeyVault/vaults/cli-test-kv-pe-000002","name":"cli-test-kv-pe-000002","type":"Microsoft.KeyVault/vaults","location":"centraluseuap","tags":{},"properties":{"sku":{"family":"A","name":"premium"},"tenantId":"54826b22-38d6-4fb2-bad9-b7b93a3e9c5a","privateEndpointConnections":[{"id":"/subscriptions/00000000-0000-0000-0000-000000000000/resourceGroups/cli_test_keyvault_pe000001/providers/Microsoft.KeyVault/vaults/cli-test-kv-pe-000002/privateEndpointConnections/cli-pec-000006","etag":"a8f930966fca498ba6079b342678e303","properties":{"provisioningState":"Succeeded","privateEndpoint":{"id":"/subscriptions/00000000-0000-0000-0000-000000000000/resourceGroups/cli_test_keyvault_pe000001/providers/Microsoft.Network/privateEndpoints/cli-pe-000005"},"privateLinkServiceConnectionState":{"status":"Approved","description":"You
        are approved!","actionsRequired":"None"}}}],"accessPolicies":[{"tenantId":"54826b22-38d6-4fb2-bad9-b7b93a3e9c5a","objectId":"9a0f0a3f-b307-4ae3-bb6a-27a65244de7e","permissions":{"keys":["get","create","delete","list","update","import","backup","restore","recover"],"secrets":["get","list","set","delete","backup","restore","recover"],"certificates":["get","list"],"storage":["get","list","delete","set","update","regeneratekey","setsas","listsas","getsas","deletesas"]}}],"enabledForDeployment":false,"enableSoftDelete":true,"softDeleteRetentionInDays":90,"vaultUri":"https://cli-test-kv-pe-000002.vault.azure.net/","provisioningState":"Succeeded"}}'
    headers:
      cache-control:
      - no-cache
      content-length:
      - '1770'
      content-type:
      - application/json; charset=utf-8
      date:
      - Tue, 19 May 2020 06:52:28 GMT
      expires:
      - '-1'
      pragma:
      - no-cache
      server:
      - Microsoft-IIS/10.0
      strict-transport-security:
      - max-age=31536000; includeSubDomains
      transfer-encoding:
      - chunked
      vary:
      - Accept-Encoding
      x-aspnet-version:
      - 4.0.30319
      x-content-type-options:
      - nosniff
      x-ms-keyvault-service-version:
      - 1.1.0.280
      x-powered-by:
      - ASP.NET
    status:
      code: 200
      message: OK
- request:
    body: null
    headers:
      Accept:
      - '*/*'
      Accept-Encoding:
      - gzip, deflate
      CommandName:
      - network private-endpoint-connection delete
      Connection:
      - keep-alive
      Content-Length:
      - '0'
      ParameterSetName:
      - --id -y
      User-Agent:
      - AZURECLI/2.5.1
    method: DELETE
    uri: https://management.azure.com/subscriptions/00000000-0000-0000-0000-000000000000/resourceGroups/cli_test_keyvault_pe000001/providers/Microsoft.Keyvault/vaults/cli-test-kv-pe-000002/privateEndpointConnections/cli-pec-000006?api-version=2019-09-01
  response:
    body:
      string: ''
    headers:
      cache-control:
      - no-cache
      content-length:
      - '0'
      date:
      - Tue, 19 May 2020 06:52:31 GMT
      expires:
      - '-1'
      location:
      - https://management.azure.com/subscriptions/00000000-0000-0000-0000-000000000000/resourceGroups/cli_test_keyvault_pe000001/providers/Microsoft.KeyVault/vaults/cli-test-kv-pe-000002/privateEndpointConnections/cli-pec-000006?api-version=2019-09-01&kv-operation=eyJjb2RlIjoicHJpdmF0ZUVuZHBvaW50Q29ubmVjdGlvbnMvZGVsZXRlIiwic3QiOiIyMDIwLTA1LTE5VDA2OjUyOjMwLjQwNjYzMzFaIiwiZXRhZyI6IjgzZGI0YjIxZDlhZTQ4MWM4ZmZmMTZlMGIzOTY1OWMzIn0
      pragma:
      - no-cache
      server:
      - Microsoft-IIS/10.0
      strict-transport-security:
      - max-age=31536000; includeSubDomains
      x-aspnet-version:
      - 4.0.30319
      x-content-type-options:
      - nosniff
      x-ms-keyvault-service-version:
      - 1.1.0.280
      x-ms-ratelimit-remaining-subscription-deletes:
      - '14997'
      x-powered-by:
      - ASP.NET
    status:
      code: 202
      message: Accepted
version: 1
