interactions:
- request:
    body: "{\"properties\": {\"parameters\": {\"name\": {\"value\": \"cli-test-azs-000002\"},
      \"location\": {\"value\": \"eastus\"}}, \"mode\": \"Incremental\", template:{\r\n
      \   \"$schema\": \"http://schema.management.azure.com/schemas/2014-04-01-preview/deploymentTemplate.json#\",\r\n
      \   \"contentVersion\": \"1.0.0.0\",\r\n    \"parameters\": {\r\n        \"name\":
      {\r\n            \"type\": \"string\"\r\n        },\r\n        \"location\":
      {\r\n            \"type\": \"string\"\r\n        }\r\n    },\r\n    \"resources\":
      [\r\n        {\r\n            \"apiVersion\": \"2020-08-01\",\r\n            \"name\":
      \"[parameters('name')]\",\r\n            \"location\": \"[parameters('location')]\",\r\n
      \           \"type\": \"Microsoft.Search/searchServices\",\r\n            \"properties\":
      {\r\n                \"replicaCount\": 1,\r\n                \"partitionCount\":
      1,\r\n                \"publicNetworkAccess\": \"disabled\"\r\n            },\r\n
      \           \"sku\": {\r\n                \"name\": \"basic\"\r\n            }\r\n
      \       }\r\n    ]\r\n}}}"
    headers:
      Accept:
      - application/json
      Accept-Encoding:
      - gzip, deflate
      CommandName:
      - deployment group create
      Connection:
      - keep-alive
      Content-Length:
      - '928'
      Content-Type:
      - application/json
      ParameterSetName:
      - --name -g --template-file --parameters --parameters
      User-Agent:
      - AZURECLI/2.29.0 azsdk-python-azure-mgmt-resource/19.0.0 Python/3.8.3 (Windows-10-10.0.18362-SP0)
    method: POST
    uri: https://management.azure.com/subscriptions/00000000-0000-0000-0000-000000000000/resourcegroups/test_search_service_private_endpoint_000001/providers/Microsoft.Resources/deployments/mock-deployment/validate?api-version=2021-04-01
  response:
    body:
      string: '{"id":"/subscriptions/00000000-0000-0000-0000-000000000000/resourceGroups/test_search_service_private_endpoint_000001/providers/Microsoft.Resources/deployments/cli-test-azs-plr-000003","name":"cli-test-azs-plr-000003","type":"Microsoft.Resources/deployments","properties":{"templateHash":"1518347000103681276","parameters":{"name":{"type":"String","value":"cli-test-azs-000002"},"location":{"type":"String","value":"eastus"}},"mode":"Incremental","provisioningState":"Succeeded","timestamp":"2021-10-11T14:28:59.1633974Z","duration":"PT0S","correlationId":"f08e8682-3c30-4362-a624-b1631b400825","providers":[{"namespace":"Microsoft.Search","resourceTypes":[{"resourceType":"searchServices","locations":["eastus"]}]}],"dependencies":[],"validatedResources":[{"id":"/subscriptions/00000000-0000-0000-0000-000000000000/resourceGroups/test_search_service_private_endpoint_000001/providers/Microsoft.Search/searchServices/cli-test-azs-000002"}]}}'
    headers:
      cache-control:
      - no-cache
      content-length:
      - '1017'
      content-type:
      - application/json; charset=utf-8
      date:
      - Mon, 11 Oct 2021 14:29:01 GMT
      expires:
      - '-1'
      pragma:
      - no-cache
      strict-transport-security:
      - max-age=31536000; includeSubDomains
      transfer-encoding:
      - chunked
      vary:
      - Accept-Encoding
      x-content-type-options:
      - nosniff
      x-ms-ratelimit-remaining-subscription-writes:
      - '1198'
    status:
      code: 200
      message: OK
- request:
    body: "{\"properties\": {\"parameters\": {\"name\": {\"value\": \"cli-test-azs-000002\"},
      \"location\": {\"value\": \"eastus\"}}, \"mode\": \"Incremental\", template:{\r\n
      \   \"$schema\": \"http://schema.management.azure.com/schemas/2014-04-01-preview/deploymentTemplate.json#\",\r\n
      \   \"contentVersion\": \"1.0.0.0\",\r\n    \"parameters\": {\r\n        \"name\":
      {\r\n            \"type\": \"string\"\r\n        },\r\n        \"location\":
      {\r\n            \"type\": \"string\"\r\n        }\r\n    },\r\n    \"resources\":
      [\r\n        {\r\n            \"apiVersion\": \"2020-08-01\",\r\n            \"name\":
      \"[parameters('name')]\",\r\n            \"location\": \"[parameters('location')]\",\r\n
      \           \"type\": \"Microsoft.Search/searchServices\",\r\n            \"properties\":
      {\r\n                \"replicaCount\": 1,\r\n                \"partitionCount\":
      1,\r\n                \"publicNetworkAccess\": \"disabled\"\r\n            },\r\n
      \           \"sku\": {\r\n                \"name\": \"basic\"\r\n            }\r\n
      \       }\r\n    ]\r\n}}}"
    headers:
      Accept:
      - application/json
      Accept-Encoding:
      - gzip, deflate
      CommandName:
      - deployment group create
      Connection:
      - keep-alive
      Content-Length:
      - '928'
      Content-Type:
      - application/json
      ParameterSetName:
      - --name -g --template-file --parameters --parameters
      User-Agent:
      - AZURECLI/2.29.0 azsdk-python-azure-mgmt-resource/19.0.0 Python/3.8.3 (Windows-10-10.0.18362-SP0)
    method: PUT
    uri: https://management.azure.com/subscriptions/00000000-0000-0000-0000-000000000000/resourcegroups/test_search_service_private_endpoint_000001/providers/Microsoft.Resources/deployments/mock-deployment?api-version=2021-04-01
  response:
    body:
      string: '{"id":"/subscriptions/00000000-0000-0000-0000-000000000000/resourceGroups/test_search_service_private_endpoint_000001/providers/Microsoft.Resources/deployments/cli-test-azs-plr-000003","name":"cli-test-azs-plr-000003","type":"Microsoft.Resources/deployments","properties":{"templateHash":"1518347000103681276","parameters":{"name":{"type":"String","value":"cli-test-azs-000002"},"location":{"type":"String","value":"eastus"}},"mode":"Incremental","provisioningState":"Accepted","timestamp":"2021-10-11T14:29:08.4598743Z","duration":"PT4.2697978S","correlationId":"c01904e3-d270-4211-827d-15103d861af1","providers":[{"namespace":"Microsoft.Search","resourceTypes":[{"resourceType":"searchServices","locations":["eastus"]}]}],"dependencies":[]}}'
    headers:
      azure-asyncoperation:
      - https://management.azure.com/subscriptions/00000000-0000-0000-0000-000000000000/resourcegroups/test_search_service_private_endpoint_000001/providers/Microsoft.Resources/deployments/cli-test-azs-plr-000003/operationStatuses/08585676443412875441?api-version=2021-04-01
      cache-control:
      - no-cache
      content-length:
      - '782'
      content-type:
      - application/json; charset=utf-8
      date:
      - Mon, 11 Oct 2021 14:29:09 GMT
      expires:
      - '-1'
      pragma:
      - no-cache
      strict-transport-security:
      - max-age=31536000; includeSubDomains
      x-content-type-options:
      - nosniff
      x-ms-ratelimit-remaining-subscription-writes:
      - '1190'
    status:
      code: 201
      message: Created
- request:
    body: null
    headers:
      Accept:
      - '*/*'
      Accept-Encoding:
      - gzip, deflate
      CommandName:
      - deployment group create
      Connection:
      - keep-alive
      ParameterSetName:
      - --name -g --template-file --parameters --parameters
      User-Agent:
      - AZURECLI/2.29.0 azsdk-python-azure-mgmt-resource/19.0.0 Python/3.8.3 (Windows-10-10.0.18362-SP0)
    method: GET
    uri: https://management.azure.com/subscriptions/00000000-0000-0000-0000-000000000000/resourcegroups/test_search_service_private_endpoint_000001/providers/Microsoft.Resources/deployments/mock-deployment/operationStatuses/08585676443412875441?api-version=2021-04-01
  response:
    body:
      string: '{"status":"Running"}'
    headers:
      cache-control:
      - no-cache
      content-length:
      - '20'
      content-type:
      - application/json; charset=utf-8
      date:
      - Mon, 11 Oct 2021 14:29:40 GMT
      expires:
      - '-1'
      pragma:
      - no-cache
      strict-transport-security:
      - max-age=31536000; includeSubDomains
      vary:
      - Accept-Encoding
      x-content-type-options:
      - nosniff
    status:
      code: 200
      message: OK
- request:
    body: null
    headers:
      Accept:
      - '*/*'
      Accept-Encoding:
      - gzip, deflate
      CommandName:
      - deployment group create
      Connection:
      - keep-alive
      ParameterSetName:
      - --name -g --template-file --parameters --parameters
      User-Agent:
      - AZURECLI/2.29.0 azsdk-python-azure-mgmt-resource/19.0.0 Python/3.8.3 (Windows-10-10.0.18362-SP0)
    method: GET
    uri: https://management.azure.com/subscriptions/00000000-0000-0000-0000-000000000000/resourcegroups/test_search_service_private_endpoint_000001/providers/Microsoft.Resources/deployments/mock-deployment/operationStatuses/08585676443412875441?api-version=2021-04-01
  response:
    body:
      string: '{"status":"Running"}'
    headers:
      cache-control:
      - no-cache
      content-length:
      - '20'
      content-type:
      - application/json; charset=utf-8
      date:
      - Mon, 11 Oct 2021 14:30:12 GMT
      expires:
      - '-1'
      pragma:
      - no-cache
      strict-transport-security:
      - max-age=31536000; includeSubDomains
      vary:
      - Accept-Encoding
      x-content-type-options:
      - nosniff
    status:
      code: 200
      message: OK
- request:
    body: null
    headers:
      Accept:
      - '*/*'
      Accept-Encoding:
      - gzip, deflate
      CommandName:
      - deployment group create
      Connection:
      - keep-alive
      ParameterSetName:
      - --name -g --template-file --parameters --parameters
      User-Agent:
      - AZURECLI/2.29.0 azsdk-python-azure-mgmt-resource/19.0.0 Python/3.8.3 (Windows-10-10.0.18362-SP0)
    method: GET
    uri: https://management.azure.com/subscriptions/00000000-0000-0000-0000-000000000000/resourcegroups/test_search_service_private_endpoint_000001/providers/Microsoft.Resources/deployments/mock-deployment/operationStatuses/08585676443412875441?api-version=2021-04-01
  response:
    body:
      string: '{"status":"Running"}'
    headers:
      cache-control:
      - no-cache
      content-length:
      - '20'
      content-type:
      - application/json; charset=utf-8
      date:
      - Mon, 11 Oct 2021 14:30:43 GMT
      expires:
      - '-1'
      pragma:
      - no-cache
      strict-transport-security:
      - max-age=31536000; includeSubDomains
      vary:
      - Accept-Encoding
      x-content-type-options:
      - nosniff
    status:
      code: 200
      message: OK
- request:
    body: null
    headers:
      Accept:
      - '*/*'
      Accept-Encoding:
      - gzip, deflate
      CommandName:
      - deployment group create
      Connection:
      - keep-alive
      ParameterSetName:
      - --name -g --template-file --parameters --parameters
      User-Agent:
      - AZURECLI/2.29.0 azsdk-python-azure-mgmt-resource/19.0.0 Python/3.8.3 (Windows-10-10.0.18362-SP0)
    method: GET
    uri: https://management.azure.com/subscriptions/00000000-0000-0000-0000-000000000000/resourcegroups/test_search_service_private_endpoint_000001/providers/Microsoft.Resources/deployments/mock-deployment/operationStatuses/08585676443412875441?api-version=2021-04-01
  response:
    body:
      string: '{"status":"Running"}'
    headers:
      cache-control:
      - no-cache
      content-length:
      - '20'
      content-type:
      - application/json; charset=utf-8
      date:
      - Mon, 11 Oct 2021 14:31:15 GMT
      expires:
      - '-1'
      pragma:
      - no-cache
      strict-transport-security:
      - max-age=31536000; includeSubDomains
      vary:
      - Accept-Encoding
      x-content-type-options:
      - nosniff
    status:
      code: 200
      message: OK
- request:
    body: null
    headers:
      Accept:
      - '*/*'
      Accept-Encoding:
      - gzip, deflate
      CommandName:
      - deployment group create
      Connection:
      - keep-alive
      ParameterSetName:
      - --name -g --template-file --parameters --parameters
      User-Agent:
      - AZURECLI/2.29.0 azsdk-python-azure-mgmt-resource/19.0.0 Python/3.8.3 (Windows-10-10.0.18362-SP0)
    method: GET
    uri: https://management.azure.com/subscriptions/00000000-0000-0000-0000-000000000000/resourcegroups/test_search_service_private_endpoint_000001/providers/Microsoft.Resources/deployments/mock-deployment/operationStatuses/08585676443412875441?api-version=2021-04-01
  response:
    body:
      string: '{"status":"Running"}'
    headers:
      cache-control:
      - no-cache
      content-length:
      - '20'
      content-type:
      - application/json; charset=utf-8
      date:
      - Mon, 11 Oct 2021 14:31:45 GMT
      expires:
      - '-1'
      pragma:
      - no-cache
      strict-transport-security:
      - max-age=31536000; includeSubDomains
      vary:
      - Accept-Encoding
      x-content-type-options:
      - nosniff
    status:
      code: 200
      message: OK
- request:
    body: null
    headers:
      Accept:
      - '*/*'
      Accept-Encoding:
      - gzip, deflate
      CommandName:
      - deployment group create
      Connection:
      - keep-alive
      ParameterSetName:
      - --name -g --template-file --parameters --parameters
      User-Agent:
      - AZURECLI/2.29.0 azsdk-python-azure-mgmt-resource/19.0.0 Python/3.8.3 (Windows-10-10.0.18362-SP0)
    method: GET
    uri: https://management.azure.com/subscriptions/00000000-0000-0000-0000-000000000000/resourcegroups/test_search_service_private_endpoint_000001/providers/Microsoft.Resources/deployments/mock-deployment/operationStatuses/08585676443412875441?api-version=2021-04-01
  response:
    body:
      string: '{"status":"Running"}'
    headers:
      cache-control:
      - no-cache
      content-length:
      - '20'
      content-type:
      - application/json; charset=utf-8
      date:
      - Mon, 11 Oct 2021 14:32:16 GMT
      expires:
      - '-1'
      pragma:
      - no-cache
      strict-transport-security:
      - max-age=31536000; includeSubDomains
      vary:
      - Accept-Encoding
      x-content-type-options:
      - nosniff
    status:
      code: 200
      message: OK
- request:
    body: null
    headers:
      Accept:
      - '*/*'
      Accept-Encoding:
      - gzip, deflate
      CommandName:
      - deployment group create
      Connection:
      - keep-alive
      ParameterSetName:
      - --name -g --template-file --parameters --parameters
      User-Agent:
      - AZURECLI/2.29.0 azsdk-python-azure-mgmt-resource/19.0.0 Python/3.8.3 (Windows-10-10.0.18362-SP0)
    method: GET
    uri: https://management.azure.com/subscriptions/00000000-0000-0000-0000-000000000000/resourcegroups/test_search_service_private_endpoint_000001/providers/Microsoft.Resources/deployments/mock-deployment/operationStatuses/08585676443412875441?api-version=2021-04-01
  response:
    body:
      string: '{"status":"Running"}'
    headers:
      cache-control:
      - no-cache
      content-length:
      - '20'
      content-type:
      - application/json; charset=utf-8
      date:
      - Mon, 11 Oct 2021 14:32:47 GMT
      expires:
      - '-1'
      pragma:
      - no-cache
      strict-transport-security:
      - max-age=31536000; includeSubDomains
      vary:
      - Accept-Encoding
      x-content-type-options:
      - nosniff
    status:
      code: 200
      message: OK
- request:
    body: null
    headers:
      Accept:
      - '*/*'
      Accept-Encoding:
      - gzip, deflate
      CommandName:
      - deployment group create
      Connection:
      - keep-alive
      ParameterSetName:
      - --name -g --template-file --parameters --parameters
      User-Agent:
      - AZURECLI/2.29.0 azsdk-python-azure-mgmt-resource/19.0.0 Python/3.8.3 (Windows-10-10.0.18362-SP0)
    method: GET
    uri: https://management.azure.com/subscriptions/00000000-0000-0000-0000-000000000000/resourcegroups/test_search_service_private_endpoint_000001/providers/Microsoft.Resources/deployments/mock-deployment/operationStatuses/08585676443412875441?api-version=2021-04-01
  response:
    body:
      string: '{"status":"Running"}'
    headers:
      cache-control:
      - no-cache
      content-length:
      - '20'
      content-type:
      - application/json; charset=utf-8
      date:
      - Mon, 11 Oct 2021 14:33:19 GMT
      expires:
      - '-1'
      pragma:
      - no-cache
      strict-transport-security:
      - max-age=31536000; includeSubDomains
      vary:
      - Accept-Encoding
      x-content-type-options:
      - nosniff
    status:
      code: 200
      message: OK
- request:
    body: null
    headers:
      Accept:
      - '*/*'
      Accept-Encoding:
      - gzip, deflate
      CommandName:
      - deployment group create
      Connection:
      - keep-alive
      ParameterSetName:
      - --name -g --template-file --parameters --parameters
      User-Agent:
      - AZURECLI/2.29.0 azsdk-python-azure-mgmt-resource/19.0.0 Python/3.8.3 (Windows-10-10.0.18362-SP0)
    method: GET
    uri: https://management.azure.com/subscriptions/00000000-0000-0000-0000-000000000000/resourcegroups/test_search_service_private_endpoint_000001/providers/Microsoft.Resources/deployments/mock-deployment/operationStatuses/08585676443412875441?api-version=2021-04-01
  response:
    body:
      string: '{"status":"Running"}'
    headers:
      cache-control:
      - no-cache
      content-length:
      - '20'
      content-type:
      - application/json; charset=utf-8
      date:
      - Mon, 11 Oct 2021 14:33:49 GMT
      expires:
      - '-1'
      pragma:
      - no-cache
      strict-transport-security:
      - max-age=31536000; includeSubDomains
      vary:
      - Accept-Encoding
      x-content-type-options:
      - nosniff
    status:
      code: 200
      message: OK
- request:
    body: null
    headers:
      Accept:
      - '*/*'
      Accept-Encoding:
      - gzip, deflate
      CommandName:
      - deployment group create
      Connection:
      - keep-alive
      ParameterSetName:
      - --name -g --template-file --parameters --parameters
      User-Agent:
      - AZURECLI/2.29.0 azsdk-python-azure-mgmt-resource/19.0.0 Python/3.8.3 (Windows-10-10.0.18362-SP0)
    method: GET
    uri: https://management.azure.com/subscriptions/00000000-0000-0000-0000-000000000000/resourcegroups/test_search_service_private_endpoint_000001/providers/Microsoft.Resources/deployments/mock-deployment/operationStatuses/08585676443412875441?api-version=2021-04-01
  response:
    body:
      string: '{"status":"Running"}'
    headers:
      cache-control:
      - no-cache
      content-length:
      - '20'
      content-type:
      - application/json; charset=utf-8
      date:
      - Mon, 11 Oct 2021 14:34:20 GMT
      expires:
      - '-1'
      pragma:
      - no-cache
      strict-transport-security:
      - max-age=31536000; includeSubDomains
      vary:
      - Accept-Encoding
      x-content-type-options:
      - nosniff
    status:
      code: 200
      message: OK
- request:
    body: null
    headers:
      Accept:
      - '*/*'
      Accept-Encoding:
      - gzip, deflate
      CommandName:
      - deployment group create
      Connection:
      - keep-alive
      ParameterSetName:
      - --name -g --template-file --parameters --parameters
      User-Agent:
      - AZURECLI/2.29.0 azsdk-python-azure-mgmt-resource/19.0.0 Python/3.8.3 (Windows-10-10.0.18362-SP0)
    method: GET
    uri: https://management.azure.com/subscriptions/00000000-0000-0000-0000-000000000000/resourcegroups/test_search_service_private_endpoint_000001/providers/Microsoft.Resources/deployments/mock-deployment/operationStatuses/08585676443412875441?api-version=2021-04-01
  response:
    body:
      string: '{"status":"Running"}'
    headers:
      cache-control:
      - no-cache
      content-length:
      - '20'
      content-type:
      - application/json; charset=utf-8
      date:
      - Mon, 11 Oct 2021 14:34:51 GMT
      expires:
      - '-1'
      pragma:
      - no-cache
      strict-transport-security:
      - max-age=31536000; includeSubDomains
      vary:
      - Accept-Encoding
      x-content-type-options:
      - nosniff
    status:
      code: 200
      message: OK
- request:
    body: null
    headers:
      Accept:
      - '*/*'
      Accept-Encoding:
      - gzip, deflate
      CommandName:
      - deployment group create
      Connection:
      - keep-alive
      ParameterSetName:
      - --name -g --template-file --parameters --parameters
      User-Agent:
      - AZURECLI/2.29.0 azsdk-python-azure-mgmt-resource/19.0.0 Python/3.8.3 (Windows-10-10.0.18362-SP0)
    method: GET
    uri: https://management.azure.com/subscriptions/00000000-0000-0000-0000-000000000000/resourcegroups/test_search_service_private_endpoint_000001/providers/Microsoft.Resources/deployments/mock-deployment/operationStatuses/08585676443412875441?api-version=2021-04-01
  response:
    body:
      string: '{"status":"Running"}'
    headers:
      cache-control:
      - no-cache
      content-length:
      - '20'
      content-type:
      - application/json; charset=utf-8
      date:
      - Mon, 11 Oct 2021 14:35:22 GMT
      expires:
      - '-1'
      pragma:
      - no-cache
      strict-transport-security:
      - max-age=31536000; includeSubDomains
      vary:
      - Accept-Encoding
      x-content-type-options:
      - nosniff
    status:
      code: 200
      message: OK
- request:
    body: null
    headers:
      Accept:
      - '*/*'
      Accept-Encoding:
      - gzip, deflate
      CommandName:
      - deployment group create
      Connection:
      - keep-alive
      ParameterSetName:
      - --name -g --template-file --parameters --parameters
      User-Agent:
      - AZURECLI/2.29.0 azsdk-python-azure-mgmt-resource/19.0.0 Python/3.8.3 (Windows-10-10.0.18362-SP0)
    method: GET
    uri: https://management.azure.com/subscriptions/00000000-0000-0000-0000-000000000000/resourcegroups/test_search_service_private_endpoint_000001/providers/Microsoft.Resources/deployments/mock-deployment/operationStatuses/08585676443412875441?api-version=2021-04-01
  response:
    body:
      string: '{"status":"Running"}'
    headers:
      cache-control:
      - no-cache
      content-length:
      - '20'
      content-type:
      - application/json; charset=utf-8
      date:
      - Mon, 11 Oct 2021 14:35:53 GMT
      expires:
      - '-1'
      pragma:
      - no-cache
      strict-transport-security:
      - max-age=31536000; includeSubDomains
      vary:
      - Accept-Encoding
      x-content-type-options:
      - nosniff
    status:
      code: 200
      message: OK
- request:
    body: null
    headers:
      Accept:
      - '*/*'
      Accept-Encoding:
      - gzip, deflate
      CommandName:
      - deployment group create
      Connection:
      - keep-alive
      ParameterSetName:
      - --name -g --template-file --parameters --parameters
      User-Agent:
      - AZURECLI/2.29.0 azsdk-python-azure-mgmt-resource/19.0.0 Python/3.8.3 (Windows-10-10.0.18362-SP0)
    method: GET
    uri: https://management.azure.com/subscriptions/00000000-0000-0000-0000-000000000000/resourcegroups/test_search_service_private_endpoint_000001/providers/Microsoft.Resources/deployments/mock-deployment/operationStatuses/08585676443412875441?api-version=2021-04-01
  response:
    body:
      string: '{"status":"Running"}'
    headers:
      cache-control:
      - no-cache
      content-length:
      - '20'
      content-type:
      - application/json; charset=utf-8
      date:
      - Mon, 11 Oct 2021 14:36:24 GMT
      expires:
      - '-1'
      pragma:
      - no-cache
      strict-transport-security:
      - max-age=31536000; includeSubDomains
      vary:
      - Accept-Encoding
      x-content-type-options:
      - nosniff
    status:
      code: 200
      message: OK
- request:
    body: null
    headers:
      Accept:
      - '*/*'
      Accept-Encoding:
      - gzip, deflate
      CommandName:
      - deployment group create
      Connection:
      - keep-alive
      ParameterSetName:
      - --name -g --template-file --parameters --parameters
      User-Agent:
      - AZURECLI/2.29.0 azsdk-python-azure-mgmt-resource/19.0.0 Python/3.8.3 (Windows-10-10.0.18362-SP0)
    method: GET
    uri: https://management.azure.com/subscriptions/00000000-0000-0000-0000-000000000000/resourcegroups/test_search_service_private_endpoint_000001/providers/Microsoft.Resources/deployments/mock-deployment/operationStatuses/08585676443412875441?api-version=2021-04-01
  response:
    body:
      string: '{"status":"Running"}'
    headers:
      cache-control:
      - no-cache
      content-length:
      - '20'
      content-type:
      - application/json; charset=utf-8
      date:
      - Mon, 11 Oct 2021 14:36:56 GMT
      expires:
      - '-1'
      pragma:
      - no-cache
      strict-transport-security:
      - max-age=31536000; includeSubDomains
      vary:
      - Accept-Encoding
      x-content-type-options:
      - nosniff
    status:
      code: 200
      message: OK
- request:
    body: null
    headers:
      Accept:
      - '*/*'
      Accept-Encoding:
      - gzip, deflate
      CommandName:
      - deployment group create
      Connection:
      - keep-alive
      ParameterSetName:
      - --name -g --template-file --parameters --parameters
      User-Agent:
      - AZURECLI/2.29.0 azsdk-python-azure-mgmt-resource/19.0.0 Python/3.8.3 (Windows-10-10.0.18362-SP0)
    method: GET
    uri: https://management.azure.com/subscriptions/00000000-0000-0000-0000-000000000000/resourcegroups/test_search_service_private_endpoint_000001/providers/Microsoft.Resources/deployments/mock-deployment/operationStatuses/08585676443412875441?api-version=2021-04-01
  response:
    body:
      string: '{"status":"Running"}'
    headers:
      cache-control:
      - no-cache
      content-length:
      - '20'
      content-type:
      - application/json; charset=utf-8
      date:
      - Mon, 11 Oct 2021 14:37:26 GMT
      expires:
      - '-1'
      pragma:
      - no-cache
      strict-transport-security:
      - max-age=31536000; includeSubDomains
      vary:
      - Accept-Encoding
      x-content-type-options:
      - nosniff
    status:
      code: 200
      message: OK
- request:
    body: null
    headers:
      Accept:
      - '*/*'
      Accept-Encoding:
      - gzip, deflate
      CommandName:
      - deployment group create
      Connection:
      - keep-alive
      ParameterSetName:
      - --name -g --template-file --parameters --parameters
      User-Agent:
      - AZURECLI/2.29.0 azsdk-python-azure-mgmt-resource/19.0.0 Python/3.8.3 (Windows-10-10.0.18362-SP0)
    method: GET
    uri: https://management.azure.com/subscriptions/00000000-0000-0000-0000-000000000000/resourcegroups/test_search_service_private_endpoint_000001/providers/Microsoft.Resources/deployments/mock-deployment/operationStatuses/08585676443412875441?api-version=2021-04-01
  response:
    body:
      string: '{"status":"Running"}'
    headers:
      cache-control:
      - no-cache
      content-length:
      - '20'
      content-type:
      - application/json; charset=utf-8
      date:
      - Mon, 11 Oct 2021 14:37:57 GMT
      expires:
      - '-1'
      pragma:
      - no-cache
      strict-transport-security:
      - max-age=31536000; includeSubDomains
      vary:
      - Accept-Encoding
      x-content-type-options:
      - nosniff
    status:
      code: 200
      message: OK
- request:
    body: null
    headers:
      Accept:
      - '*/*'
      Accept-Encoding:
      - gzip, deflate
      CommandName:
      - deployment group create
      Connection:
      - keep-alive
      ParameterSetName:
      - --name -g --template-file --parameters --parameters
      User-Agent:
      - AZURECLI/2.29.0 azsdk-python-azure-mgmt-resource/19.0.0 Python/3.8.3 (Windows-10-10.0.18362-SP0)
    method: GET
    uri: https://management.azure.com/subscriptions/00000000-0000-0000-0000-000000000000/resourcegroups/test_search_service_private_endpoint_000001/providers/Microsoft.Resources/deployments/mock-deployment/operationStatuses/08585676443412875441?api-version=2021-04-01
  response:
    body:
      string: '{"status":"Succeeded"}'
    headers:
      cache-control:
      - no-cache
      content-length:
      - '22'
      content-type:
      - application/json; charset=utf-8
      date:
      - Mon, 11 Oct 2021 14:38:29 GMT
      expires:
      - '-1'
      pragma:
      - no-cache
      strict-transport-security:
      - max-age=31536000; includeSubDomains
      vary:
      - Accept-Encoding
      x-content-type-options:
      - nosniff
    status:
      code: 200
      message: OK
- request:
    body: null
    headers:
      Accept:
      - '*/*'
      Accept-Encoding:
      - gzip, deflate
      CommandName:
      - deployment group create
      Connection:
      - keep-alive
      ParameterSetName:
      - --name -g --template-file --parameters --parameters
      User-Agent:
      - AZURECLI/2.29.0 azsdk-python-azure-mgmt-resource/19.0.0 Python/3.8.3 (Windows-10-10.0.18362-SP0)
    method: GET
    uri: https://management.azure.com/subscriptions/00000000-0000-0000-0000-000000000000/resourcegroups/test_search_service_private_endpoint_000001/providers/Microsoft.Resources/deployments/mock-deployment?api-version=2021-04-01
  response:
    body:
      string: '{"id":"/subscriptions/00000000-0000-0000-0000-000000000000/resourceGroups/test_search_service_private_endpoint_000001/providers/Microsoft.Resources/deployments/cli-test-azs-plr-000003","name":"cli-test-azs-plr-000003","type":"Microsoft.Resources/deployments","properties":{"templateHash":"1518347000103681276","parameters":{"name":{"type":"String","value":"cli-test-azs-000002"},"location":{"type":"String","value":"eastus"}},"mode":"Incremental","provisioningState":"Succeeded","timestamp":"2021-10-11T14:38:22.5939118Z","duration":"PT9M18.4038353S","correlationId":"c01904e3-d270-4211-827d-15103d861af1","providers":[{"namespace":"Microsoft.Search","resourceTypes":[{"resourceType":"searchServices","locations":["eastus"]}]}],"dependencies":[],"outputResources":[{"id":"/subscriptions/00000000-0000-0000-0000-000000000000/resourceGroups/test_search_service_private_endpoint_000001/providers/Microsoft.Search/searchServices/cli-test-azs-000002"}]}}'
    headers:
      cache-control:
      - no-cache
      content-length:
      - '1025'
      content-type:
      - application/json; charset=utf-8
      date:
      - Mon, 11 Oct 2021 14:38:30 GMT
      expires:
      - '-1'
      pragma:
      - no-cache
      strict-transport-security:
      - max-age=31536000; includeSubDomains
      vary:
      - Accept-Encoding
      x-content-type-options:
      - nosniff
    status:
      code: 200
      message: OK
- request:
    body: null
    headers:
      Accept:
      - '*/*'
      Accept-Encoding:
      - gzip, deflate
      CommandName:
      - network private-link-resource list
      Connection:
      - keep-alive
      ParameterSetName:
      - --name --resource-group --type
      User-Agent:
      - python/3.8.3 (Windows-10-10.0.18362-SP0) AZURECLI/2.29.0
    method: GET
    uri: https://management.azure.com/subscriptions/00000000-0000-0000-0000-000000000000/resourceGroups/test_search_service_private_endpoint_000001/providers/Microsoft.Search/searchServices/cli-test-azs-000002/privateLinkResources?api-version=2020-08-01
  response:
    body:
      string: '{"value":[{"id":"/subscriptions/00000000-0000-0000-0000-000000000000/resourceGroups/test_search_service_private_endpoint_000001/providers/Microsoft.Search/searchServices/cli-test-azs-000002/privateLinkResources/searchService","name":"searchService","type":"Microsoft.Search/searchServices/privateLinkResources","properties":{"groupId":"searchService","requiredMembers":["searchService"],"requiredZoneNames":["privatelink.search.windows.net"],"shareablePrivateLinkResourceTypes":[{"name":"blob","properties":{"type":"Microsoft.Storage/storageAccounts","groupId":"blob","description":"Azure
        Cognitive Search indexers can connect to blobs in Azure Storage for reading
        data (data source), for writing intermediate results of indexer execution
        (annotation cache, preview) or for storing any knowledge store projections
        (preview)"}},{"name":"table","properties":{"type":"Microsoft.Storage/storageAccounts","groupId":"table","description":"Azure
        Cognitive Search indexers can connect to tables in Azure Storage for reading
        data (data source), for writing book-keeping information about intermediate
        results of indexer execution (annotation cache, preview) or for storing any
        knowledge store projections (preview)"}},{"name":"dfs","properties":{"type":"Microsoft.Storage/storageAccounts","groupId":"dfs","description":"Azure
        Cognitive Search indexers can connect to Azure Data Lake Storage Gen2 for
        reading data (data source)."}},{"name":"file","properties":{"type":"Microsoft.Storage/storageAccounts","groupId":"file","description":"Azure
        Cognitive Search indexers can connect to files in Azure Storage for reading
        data (data source)."}},{"name":"Sql","properties":{"type":"Microsoft.DocumentDB/databaseAccounts","groupId":"Sql","description":"Azure
        Cognitive Search indexers can connect to CosmosDB using the SQL head for reading
        data (data source)."}},{"name":"plr","properties":{"type":"Microsoft.Sql/servers","groupId":"sqlServer","description":"Azure
        Cognitive Search indexers can connect to AzureSQL databases in a SQL server
        for reading data (data source)."}},{"name":"vault","properties":{"type":"Microsoft.KeyVault/vaults","groupId":"vault","description":"Azure
        Cognitive Search can access keys in Azure Key Vault to encrypt search index
        and synonym map data"}}]}}]}'
    headers:
      cache-control:
      - no-cache
      content-length:
      - '2305'
      content-type:
      - application/json; charset=utf-8
      date:
      - Mon, 11 Oct 2021 14:38:33 GMT
      elapsed-time:
      - '65'
      expires:
      - '-1'
      pragma:
      - no-cache
      request-id:
      - ec5834eb-a501-497a-a145-0388af2f27b5
      strict-transport-security:
      - max-age=31536000; includeSubDomains
      transfer-encoding:
      - chunked
      vary:
      - Accept-Encoding,Accept-Encoding
      x-content-type-options:
      - nosniff
    status:
      code: 200
      message: OK
- request:
    body: null
    headers:
      Accept:
      - application/json
      Accept-Encoding:
      - gzip, deflate
      CommandName:
      - network vnet create
      Connection:
      - keep-alive
      ParameterSetName:
      - -n -g --subnet-name
      User-Agent:
      - AZURECLI/2.29.0 azsdk-python-azure-mgmt-resource/19.0.0 Python/3.8.3 (Windows-10-10.0.18362-SP0)
    method: GET
    uri: https://management.azure.com/subscriptions/00000000-0000-0000-0000-000000000000/resourcegroups/test_search_service_private_endpoint_000001?api-version=2021-04-01
  response:
    body:
      string: '{"id":"/subscriptions/00000000-0000-0000-0000-000000000000/resourceGroups/test_search_service_private_endpoint_000001","name":"test_search_service_private_endpoint_000001","type":"Microsoft.Resources/resourceGroups","location":"eastus","tags":{"product":"azurecli","cause":"automation","date":"2021-10-11T14:28:50Z"},"properties":{"provisioningState":"Succeeded"}}'
    headers:
      cache-control:
      - no-cache
      content-length:
      - '428'
      content-type:
      - application/json; charset=utf-8
      date:
      - Mon, 11 Oct 2021 14:38:34 GMT
      expires:
      - '-1'
      pragma:
      - no-cache
      strict-transport-security:
      - max-age=31536000; includeSubDomains
      vary:
      - Accept-Encoding
      x-content-type-options:
      - nosniff
    status:
      code: 200
      message: OK
- request:
    body: '{"location": "eastus", "tags": {}, "properties": {"addressSpace": {"addressPrefixes":
      ["10.0.0.0/16"]}, "dhcpOptions": {}, "subnets": [{"name": "cli-subnet-000005",
      "properties": {"addressPrefix": "10.0.0.0/24", "privateEndpointNetworkPolicies":
      "Enabled", "privateLinkServiceNetworkPolicies": "Enabled"}}]}}'
    headers:
      Accept:
      - application/json
      Accept-Encoding:
      - gzip, deflate
      CommandName:
      - network vnet create
      Connection:
      - keep-alive
      Content-Length:
      - '315'
      Content-Type:
      - application/json
      ParameterSetName:
      - -n -g --subnet-name
      User-Agent:
      - AZURECLI/2.29.0 azsdk-python-azure-mgmt-network/19.1.0 Python/3.8.3 (Windows-10-10.0.18362-SP0)
    method: PUT
    uri: https://management.azure.com/subscriptions/00000000-0000-0000-0000-000000000000/resourceGroups/test_search_service_private_endpoint_000001/providers/Microsoft.Network/virtualNetworks/cli-vnet-000004?api-version=2021-03-01
  response:
    body:
      string: "{\r\n  \"name\": \"cli-vnet-000004\",\r\n  \"id\": \"/subscriptions/00000000-0000-0000-0000-000000000000/resourceGroups/test_search_service_private_endpoint_000001/providers/Microsoft.Network/virtualNetworks/cli-vnet-000004\",\r\n
        \ \"etag\": \"W/\\\"d5b9caa0-1ea6-4360-8a66-0a5fddd3723e\\\"\",\r\n  \"type\":
        \"Microsoft.Network/virtualNetworks\",\r\n  \"location\": \"eastus\",\r\n
        \ \"tags\": {},\r\n  \"properties\": {\r\n    \"provisioningState\": \"Updating\",\r\n
        \   \"resourceGuid\": \"969fb599-1f3a-4584-9589-10947cdb118c\",\r\n    \"addressSpace\":
        {\r\n      \"addressPrefixes\": [\r\n        \"10.0.0.0/16\"\r\n      ]\r\n
        \   },\r\n    \"dhcpOptions\": {\r\n      \"dnsServers\": []\r\n    },\r\n
        \   \"subnets\": [\r\n      {\r\n        \"name\": \"cli-subnet-000005\",\r\n
        \       \"id\": \"/subscriptions/00000000-0000-0000-0000-000000000000/resourceGroups/test_search_service_private_endpoint_000001/providers/Microsoft.Network/virtualNetworks/cli-vnet-000004/subnets/cli-subnet-000005\",\r\n
        \       \"etag\": \"W/\\\"d5b9caa0-1ea6-4360-8a66-0a5fddd3723e\\\"\",\r\n
        \       \"properties\": {\r\n          \"provisioningState\": \"Updating\",\r\n
        \         \"addressPrefix\": \"10.0.0.0/24\",\r\n          \"delegations\":
        [],\r\n          \"privateEndpointNetworkPolicies\": \"Enabled\",\r\n          \"privateLinkServiceNetworkPolicies\":
        \"Enabled\"\r\n        },\r\n        \"type\": \"Microsoft.Network/virtualNetworks/subnets\"\r\n
        \     }\r\n    ],\r\n    \"virtualNetworkPeerings\": [],\r\n    \"enableDdosProtection\":
        false\r\n  }\r\n}"
    headers:
      azure-asyncnotification:
      - Enabled
      azure-asyncoperation:
      - https://management.azure.com/subscriptions/00000000-0000-0000-0000-000000000000/providers/Microsoft.Network/locations/eastus/operations/0035fcc9-2091-42aa-8b7e-81bc8664b8f9?api-version=2021-03-01
      cache-control:
      - no-cache
      content-length:
      - '1494'
      content-type:
      - application/json; charset=utf-8
      date:
      - Mon, 11 Oct 2021 14:38:41 GMT
      expires:
      - '-1'
      pragma:
      - no-cache
      server:
      - Microsoft-HTTPAPI/2.0
      - Microsoft-HTTPAPI/2.0
      strict-transport-security:
      - max-age=31536000; includeSubDomains
      x-content-type-options:
      - nosniff
      x-ms-arm-service-request-id:
      - 7082a86c-2660-4fc2-8531-3684a61aaaf4
      x-ms-ratelimit-remaining-subscription-writes:
      - '1193'
    status:
      code: 201
      message: Created
- request:
    body: null
    headers:
      Accept:
      - '*/*'
      Accept-Encoding:
      - gzip, deflate
      CommandName:
      - network vnet create
      Connection:
      - keep-alive
      ParameterSetName:
      - -n -g --subnet-name
      User-Agent:
      - AZURECLI/2.29.0 azsdk-python-azure-mgmt-network/19.1.0 Python/3.8.3 (Windows-10-10.0.18362-SP0)
    method: GET
    uri: https://management.azure.com/subscriptions/00000000-0000-0000-0000-000000000000/providers/Microsoft.Network/locations/eastus/operations/0035fcc9-2091-42aa-8b7e-81bc8664b8f9?api-version=2021-03-01
  response:
    body:
      string: "{\r\n  \"status\": \"Succeeded\"\r\n}"
    headers:
      cache-control:
      - no-cache
      content-length:
      - '29'
      content-type:
      - application/json; charset=utf-8
      date:
      - Mon, 11 Oct 2021 14:38:45 GMT
      expires:
      - '-1'
      pragma:
      - no-cache
      server:
      - Microsoft-HTTPAPI/2.0
      - Microsoft-HTTPAPI/2.0
      strict-transport-security:
      - max-age=31536000; includeSubDomains
      transfer-encoding:
      - chunked
      vary:
      - Accept-Encoding
      x-content-type-options:
      - nosniff
      x-ms-arm-service-request-id:
      - 4f6df872-16d0-416b-9483-edd85442d5c7
    status:
      code: 200
      message: OK
- request:
    body: null
    headers:
      Accept:
      - '*/*'
      Accept-Encoding:
      - gzip, deflate
      CommandName:
      - network vnet create
      Connection:
      - keep-alive
      ParameterSetName:
      - -n -g --subnet-name
      User-Agent:
      - AZURECLI/2.29.0 azsdk-python-azure-mgmt-network/19.1.0 Python/3.8.3 (Windows-10-10.0.18362-SP0)
    method: GET
    uri: https://management.azure.com/subscriptions/00000000-0000-0000-0000-000000000000/resourceGroups/test_search_service_private_endpoint_000001/providers/Microsoft.Network/virtualNetworks/cli-vnet-000004?api-version=2021-03-01
  response:
    body:
      string: "{\r\n  \"name\": \"cli-vnet-000004\",\r\n  \"id\": \"/subscriptions/00000000-0000-0000-0000-000000000000/resourceGroups/test_search_service_private_endpoint_000001/providers/Microsoft.Network/virtualNetworks/cli-vnet-000004\",\r\n
        \ \"etag\": \"W/\\\"2cf0643e-2ca4-4b51-b6c8-ea69dae1e090\\\"\",\r\n  \"type\":
        \"Microsoft.Network/virtualNetworks\",\r\n  \"location\": \"eastus\",\r\n
        \ \"tags\": {},\r\n  \"properties\": {\r\n    \"provisioningState\": \"Succeeded\",\r\n
        \   \"resourceGuid\": \"969fb599-1f3a-4584-9589-10947cdb118c\",\r\n    \"addressSpace\":
        {\r\n      \"addressPrefixes\": [\r\n        \"10.0.0.0/16\"\r\n      ]\r\n
        \   },\r\n    \"dhcpOptions\": {\r\n      \"dnsServers\": []\r\n    },\r\n
        \   \"subnets\": [\r\n      {\r\n        \"name\": \"cli-subnet-000005\",\r\n
        \       \"id\": \"/subscriptions/00000000-0000-0000-0000-000000000000/resourceGroups/test_search_service_private_endpoint_000001/providers/Microsoft.Network/virtualNetworks/cli-vnet-000004/subnets/cli-subnet-000005\",\r\n
        \       \"etag\": \"W/\\\"2cf0643e-2ca4-4b51-b6c8-ea69dae1e090\\\"\",\r\n
        \       \"properties\": {\r\n          \"provisioningState\": \"Succeeded\",\r\n
        \         \"addressPrefix\": \"10.0.0.0/24\",\r\n          \"delegations\":
        [],\r\n          \"privateEndpointNetworkPolicies\": \"Enabled\",\r\n          \"privateLinkServiceNetworkPolicies\":
        \"Enabled\"\r\n        },\r\n        \"type\": \"Microsoft.Network/virtualNetworks/subnets\"\r\n
        \     }\r\n    ],\r\n    \"virtualNetworkPeerings\": [],\r\n    \"enableDdosProtection\":
        false\r\n  }\r\n}"
    headers:
      cache-control:
      - no-cache
      content-length:
      - '1496'
      content-type:
      - application/json; charset=utf-8
      date:
      - Mon, 11 Oct 2021 14:38:45 GMT
      etag:
      - W/"2cf0643e-2ca4-4b51-b6c8-ea69dae1e090"
      expires:
      - '-1'
      pragma:
      - no-cache
      server:
      - Microsoft-HTTPAPI/2.0
      - Microsoft-HTTPAPI/2.0
      strict-transport-security:
      - max-age=31536000; includeSubDomains
      transfer-encoding:
      - chunked
      vary:
      - Accept-Encoding
      x-content-type-options:
      - nosniff
      x-ms-arm-service-request-id:
      - 78b63303-d4b0-40dc-828b-ad75a64ce7ee
    status:
      code: 200
      message: OK
- request:
    body: null
    headers:
      Accept:
      - application/json
      Accept-Encoding:
      - gzip, deflate
      CommandName:
      - network vnet subnet update
      Connection:
      - keep-alive
      ParameterSetName:
      - -n --vnet-name -g --disable-private-endpoint-network-policies
      User-Agent:
      - AZURECLI/2.29.0 azsdk-python-azure-mgmt-network/19.1.0 Python/3.8.3 (Windows-10-10.0.18362-SP0)
    method: GET
    uri: https://management.azure.com/subscriptions/00000000-0000-0000-0000-000000000000/resourceGroups/test_search_service_private_endpoint_000001/providers/Microsoft.Network/virtualNetworks/cli-vnet-000004/subnets/cli-subnet-000005?api-version=2021-03-01
  response:
    body:
      string: "{\r\n  \"name\": \"cli-subnet-000005\",\r\n  \"id\": \"/subscriptions/00000000-0000-0000-0000-000000000000/resourceGroups/test_search_service_private_endpoint_000001/providers/Microsoft.Network/virtualNetworks/cli-vnet-000004/subnets/cli-subnet-000005\",\r\n
        \ \"etag\": \"W/\\\"2cf0643e-2ca4-4b51-b6c8-ea69dae1e090\\\"\",\r\n  \"properties\":
        {\r\n    \"provisioningState\": \"Succeeded\",\r\n    \"addressPrefix\": \"10.0.0.0/24\",\r\n
        \   \"delegations\": [],\r\n    \"privateEndpointNetworkPolicies\": \"Enabled\",\r\n
        \   \"privateLinkServiceNetworkPolicies\": \"Enabled\"\r\n  },\r\n  \"type\":
        \"Microsoft.Network/virtualNetworks/subnets\"\r\n}"
    headers:
      cache-control:
      - no-cache
      content-length:
      - '639'
      content-type:
      - application/json; charset=utf-8
      date:
      - Mon, 11 Oct 2021 14:38:48 GMT
      etag:
      - W/"2cf0643e-2ca4-4b51-b6c8-ea69dae1e090"
      expires:
      - '-1'
      pragma:
      - no-cache
      server:
      - Microsoft-HTTPAPI/2.0
      - Microsoft-HTTPAPI/2.0
      strict-transport-security:
      - max-age=31536000; includeSubDomains
      transfer-encoding:
      - chunked
      vary:
      - Accept-Encoding
      x-content-type-options:
      - nosniff
      x-ms-arm-service-request-id:
      - 5366c984-0a89-496f-8bd7-47c08fff79a4
    status:
      code: 200
      message: OK
- request:
    body: '{"id": "/subscriptions/00000000-0000-0000-0000-000000000000/resourceGroups/test_search_service_private_endpoint_000001/providers/Microsoft.Network/virtualNetworks/cli-vnet-000004/subnets/cli-subnet-000005",
      "name": "cli-subnet-000005", "type": "Microsoft.Network/virtualNetworks/subnets",
      "properties": {"addressPrefix": "10.0.0.0/24", "delegations": [], "privateEndpointNetworkPolicies":
      "Disabled", "privateLinkServiceNetworkPolicies": "Enabled"}}'
    headers:
      Accept:
      - application/json
      Accept-Encoding:
      - gzip, deflate
      CommandName:
      - network vnet subnet update
      Connection:
      - keep-alive
      Content-Length:
      - '504'
      Content-Type:
      - application/json
      ParameterSetName:
      - -n --vnet-name -g --disable-private-endpoint-network-policies
      User-Agent:
      - AZURECLI/2.29.0 azsdk-python-azure-mgmt-network/19.1.0 Python/3.8.3 (Windows-10-10.0.18362-SP0)
    method: PUT
    uri: https://management.azure.com/subscriptions/00000000-0000-0000-0000-000000000000/resourceGroups/test_search_service_private_endpoint_000001/providers/Microsoft.Network/virtualNetworks/cli-vnet-000004/subnets/cli-subnet-000005?api-version=2021-03-01
  response:
    body:
      string: "{\r\n  \"name\": \"cli-subnet-000005\",\r\n  \"id\": \"/subscriptions/00000000-0000-0000-0000-000000000000/resourceGroups/test_search_service_private_endpoint_000001/providers/Microsoft.Network/virtualNetworks/cli-vnet-000004/subnets/cli-subnet-000005\",\r\n
        \ \"etag\": \"W/\\\"c76667b7-34a9-4875-977a-3052709e7ba9\\\"\",\r\n  \"properties\":
        {\r\n    \"provisioningState\": \"Updating\",\r\n    \"addressPrefix\": \"10.0.0.0/24\",\r\n
        \   \"delegations\": [],\r\n    \"privateEndpointNetworkPolicies\": \"Disabled\",\r\n
        \   \"privateLinkServiceNetworkPolicies\": \"Enabled\"\r\n  },\r\n  \"type\":
        \"Microsoft.Network/virtualNetworks/subnets\"\r\n}"
    headers:
      azure-asyncoperation:
      - https://management.azure.com/subscriptions/00000000-0000-0000-0000-000000000000/providers/Microsoft.Network/locations/eastus/operations/f8fe86fd-2ca0-4ad7-a1ce-bd2a449b89e5?api-version=2021-03-01
      cache-control:
      - no-cache
      content-length:
      - '639'
      content-type:
      - application/json; charset=utf-8
      date:
      - Mon, 11 Oct 2021 14:38:49 GMT
      expires:
      - '-1'
      pragma:
      - no-cache
      server:
      - Microsoft-HTTPAPI/2.0
      - Microsoft-HTTPAPI/2.0
      strict-transport-security:
      - max-age=31536000; includeSubDomains
      transfer-encoding:
      - chunked
      vary:
      - Accept-Encoding
      x-content-type-options:
      - nosniff
      x-ms-arm-service-request-id:
      - 31fb5589-874e-494d-b0a9-c14920ed0f63
      x-ms-ratelimit-remaining-subscription-writes:
      - '1189'
    status:
      code: 200
      message: OK
- request:
    body: null
    headers:
      Accept:
      - '*/*'
      Accept-Encoding:
      - gzip, deflate
      CommandName:
      - network vnet subnet update
      Connection:
      - keep-alive
      ParameterSetName:
      - -n --vnet-name -g --disable-private-endpoint-network-policies
      User-Agent:
      - AZURECLI/2.29.0 azsdk-python-azure-mgmt-network/19.1.0 Python/3.8.3 (Windows-10-10.0.18362-SP0)
    method: GET
    uri: https://management.azure.com/subscriptions/00000000-0000-0000-0000-000000000000/providers/Microsoft.Network/locations/eastus/operations/f8fe86fd-2ca0-4ad7-a1ce-bd2a449b89e5?api-version=2021-03-01
  response:
    body:
      string: "{\r\n  \"status\": \"Succeeded\"\r\n}"
    headers:
      cache-control:
      - no-cache
      content-length:
      - '29'
      content-type:
      - application/json; charset=utf-8
      date:
      - Mon, 11 Oct 2021 14:38:54 GMT
      expires:
      - '-1'
      pragma:
      - no-cache
      server:
      - Microsoft-HTTPAPI/2.0
      - Microsoft-HTTPAPI/2.0
      strict-transport-security:
      - max-age=31536000; includeSubDomains
      transfer-encoding:
      - chunked
      vary:
      - Accept-Encoding
      x-content-type-options:
      - nosniff
      x-ms-arm-service-request-id:
      - c8cc8e9a-af58-4ca3-8401-8714b8827af5
    status:
      code: 200
      message: OK
- request:
    body: null
    headers:
      Accept:
      - '*/*'
      Accept-Encoding:
      - gzip, deflate
      CommandName:
      - network vnet subnet update
      Connection:
      - keep-alive
      ParameterSetName:
      - -n --vnet-name -g --disable-private-endpoint-network-policies
      User-Agent:
      - AZURECLI/2.29.0 azsdk-python-azure-mgmt-network/19.1.0 Python/3.8.3 (Windows-10-10.0.18362-SP0)
    method: GET
    uri: https://management.azure.com/subscriptions/00000000-0000-0000-0000-000000000000/resourceGroups/test_search_service_private_endpoint_000001/providers/Microsoft.Network/virtualNetworks/cli-vnet-000004/subnets/cli-subnet-000005?api-version=2021-03-01
  response:
    body:
      string: "{\r\n  \"name\": \"cli-subnet-000005\",\r\n  \"id\": \"/subscriptions/00000000-0000-0000-0000-000000000000/resourceGroups/test_search_service_private_endpoint_000001/providers/Microsoft.Network/virtualNetworks/cli-vnet-000004/subnets/cli-subnet-000005\",\r\n
        \ \"etag\": \"W/\\\"8079224d-962a-41b6-a0b0-ca1b9e43c0a4\\\"\",\r\n  \"properties\":
        {\r\n    \"provisioningState\": \"Succeeded\",\r\n    \"addressPrefix\": \"10.0.0.0/24\",\r\n
        \   \"delegations\": [],\r\n    \"privateEndpointNetworkPolicies\": \"Disabled\",\r\n
        \   \"privateLinkServiceNetworkPolicies\": \"Enabled\"\r\n  },\r\n  \"type\":
        \"Microsoft.Network/virtualNetworks/subnets\"\r\n}"
    headers:
      cache-control:
      - no-cache
      content-length:
      - '640'
      content-type:
      - application/json; charset=utf-8
      date:
      - Mon, 11 Oct 2021 14:38:54 GMT
      etag:
      - W/"8079224d-962a-41b6-a0b0-ca1b9e43c0a4"
      expires:
      - '-1'
      pragma:
      - no-cache
      server:
      - Microsoft-HTTPAPI/2.0
      - Microsoft-HTTPAPI/2.0
      strict-transport-security:
      - max-age=31536000; includeSubDomains
      transfer-encoding:
      - chunked
      vary:
      - Accept-Encoding
      x-content-type-options:
      - nosniff
      x-ms-arm-service-request-id:
      - 5c3c2284-b708-4f54-870f-dbed8e5aef99
    status:
      code: 200
      message: OK
- request:
    body: null
    headers:
      Accept:
      - application/json
      Accept-Encoding:
      - gzip, deflate
      CommandName:
      - network private-endpoint create
      Connection:
      - keep-alive
      ParameterSetName:
      - -g -n --vnet-name --subnet --connection-name --private-connection-resource-id
        --group-id --manual-request
      User-Agent:
      - AZURECLI/2.29.0 azsdk-python-azure-mgmt-resource/19.0.0 Python/3.8.3 (Windows-10-10.0.18362-SP0)
    method: GET
    uri: https://management.azure.com/subscriptions/00000000-0000-0000-0000-000000000000/resourcegroups/test_search_service_private_endpoint_000001?api-version=2021-04-01
  response:
    body:
      string: '{"id":"/subscriptions/00000000-0000-0000-0000-000000000000/resourceGroups/test_search_service_private_endpoint_000001","name":"test_search_service_private_endpoint_000001","type":"Microsoft.Resources/resourceGroups","location":"eastus","tags":{"product":"azurecli","cause":"automation","date":"2021-10-11T14:28:50Z"},"properties":{"provisioningState":"Succeeded"}}'
    headers:
      cache-control:
      - no-cache
      content-length:
      - '428'
      content-type:
      - application/json; charset=utf-8
      date:
      - Mon, 11 Oct 2021 14:38:57 GMT
      expires:
      - '-1'
      pragma:
      - no-cache
      strict-transport-security:
      - max-age=31536000; includeSubDomains
      vary:
      - Accept-Encoding
      x-content-type-options:
      - nosniff
    status:
      code: 200
      message: OK
- request:
    body: '{"location": "eastus", "properties": {"subnet": {"id": "/subscriptions/00000000-0000-0000-0000-000000000000/resourceGroups/test_search_service_private_endpoint_000001/providers/Microsoft.Network/virtualNetworks/cli-vnet-000004/subnets/cli-subnet-000005",
      "properties": {"privateEndpointNetworkPolicies": "Enabled", "privateLinkServiceNetworkPolicies":
      "Enabled"}}, "manualPrivateLinkServiceConnections": [{"name": "cli-pec-000007",
      "properties": {"privateLinkServiceId": "/subscriptions/00000000-0000-0000-0000-000000000000/resourceGroups/test_search_service_private_endpoint_000001/providers/Microsoft.Search/searchServices/cli-test-azs-000002",
      "groupIds": ["searchService"]}}]}}'
    headers:
      Accept:
      - application/json
      Accept-Encoding:
      - gzip, deflate
      CommandName:
      - network private-endpoint create
      Connection:
      - keep-alive
      Content-Length:
      - '776'
      Content-Type:
      - application/json
      ParameterSetName:
      - -g -n --vnet-name --subnet --connection-name --private-connection-resource-id
        --group-id --manual-request
      User-Agent:
      - AZURECLI/2.29.0 azsdk-python-azure-mgmt-network/19.1.0 Python/3.8.3 (Windows-10-10.0.18362-SP0)
    method: PUT
    uri: https://management.azure.com/subscriptions/00000000-0000-0000-0000-000000000000/resourceGroups/test_search_service_private_endpoint_000001/providers/Microsoft.Network/privateEndpoints/cli-pe-000006?api-version=2021-03-01
  response:
    body:
      string: "{\r\n  \"name\": \"cli-pe-000006\",\r\n  \"id\": \"/subscriptions/00000000-0000-0000-0000-000000000000/resourceGroups/test_search_service_private_endpoint_000001/providers/Microsoft.Network/privateEndpoints/cli-pe-000006\",\r\n
        \ \"etag\": \"W/\\\"5310bcd7-0de2-450e-9f76-2fe977fa3c8f\\\"\",\r\n  \"type\":
        \"Microsoft.Network/privateEndpoints\",\r\n  \"location\": \"eastus\",\r\n
        \ \"properties\": {\r\n    \"provisioningState\": \"Updating\",\r\n    \"resourceGuid\":
        \"159dff37-b5bc-4439-8797-e738200e532d\",\r\n    \"privateLinkServiceConnections\":
        [],\r\n    \"manualPrivateLinkServiceConnections\": [\r\n      {\r\n        \"name\":
        \"cli-pec-000007\",\r\n        \"id\": \"/subscriptions/00000000-0000-0000-0000-000000000000/resourceGroups/test_search_service_private_endpoint_000001/providers/Microsoft.Network/privateEndpoints/cli-pe-000006/manualPrivateLinkServiceConnections/cli-pec-000007\",\r\n
        \       \"etag\": \"W/\\\"5310bcd7-0de2-450e-9f76-2fe977fa3c8f\\\"\",\r\n
        \       \"properties\": {\r\n          \"provisioningState\": \"Succeeded\",\r\n
        \         \"privateLinkServiceId\": \"/subscriptions/00000000-0000-0000-0000-000000000000/resourceGroups/test_search_service_private_endpoint_000001/providers/Microsoft.Search/searchServices/cli-test-azs-000002\",\r\n
        \         \"groupIds\": [\r\n            \"searchService\"\r\n          ],\r\n
        \         \"privateLinkServiceConnectionState\": {\r\n            \"status\":
        \"Pending\",\r\n            \"description\": \"Awaiting Approval\",\r\n            \"actionsRequired\":
        \"None\"\r\n          }\r\n        },\r\n        \"type\": \"Microsoft.Network/privateEndpoints/manualPrivateLinkServiceConnections\"\r\n
        \     }\r\n    ],\r\n    \"subnet\": {\r\n      \"id\": \"/subscriptions/00000000-0000-0000-0000-000000000000/resourceGroups/test_search_service_private_endpoint_000001/providers/Microsoft.Network/virtualNetworks/cli-vnet-000004/subnets/cli-subnet-000005\"\r\n
        \   },\r\n    \"ipConfigurations\": [],\r\n    \"networkInterfaces\": [\r\n
        \     {\r\n        \"id\": \"/subscriptions/00000000-0000-0000-0000-000000000000/resourceGroups/test_search_service_private_endpoint_000001/providers/Microsoft.Network/networkInterfaces/cli-pe-000006.nic.c7f4baaa-eb97-4bcd-a8fe-24bc2c9c22cf\"\r\n
        \     }\r\n    ],\r\n    \"customDnsConfigs\": []\r\n  }\r\n}"
    headers:
      azure-asyncnotification:
      - Enabled
      azure-asyncoperation:
      - https://management.azure.com/subscriptions/00000000-0000-0000-0000-000000000000/providers/Microsoft.Network/locations/eastus/operations/ab2a8353-7f7e-4b79-b0e9-5b33955d58d7?api-version=2021-03-01
      cache-control:
      - no-cache
      content-length:
      - '2377'
      content-type:
      - application/json; charset=utf-8
      date:
      - Mon, 11 Oct 2021 14:39:06 GMT
      expires:
      - '-1'
      pragma:
      - no-cache
      server:
      - Microsoft-HTTPAPI/2.0
      - Microsoft-HTTPAPI/2.0
      strict-transport-security:
      - max-age=31536000; includeSubDomains
      x-content-type-options:
      - nosniff
      x-ms-arm-service-request-id:
      - 777186bf-9b47-4c2e-b634-039a15053559
      x-ms-ratelimit-remaining-subscription-writes:
      - '1194'
    status:
      code: 201
      message: Created
- request:
    body: null
    headers:
      Accept:
      - '*/*'
      Accept-Encoding:
      - gzip, deflate
      CommandName:
      - network private-endpoint create
      Connection:
      - keep-alive
      ParameterSetName:
      - -g -n --vnet-name --subnet --connection-name --private-connection-resource-id
        --group-id --manual-request
      User-Agent:
      - AZURECLI/2.29.0 azsdk-python-azure-mgmt-network/19.1.0 Python/3.8.3 (Windows-10-10.0.18362-SP0)
    method: GET
    uri: https://management.azure.com/subscriptions/00000000-0000-0000-0000-000000000000/providers/Microsoft.Network/locations/eastus/operations/ab2a8353-7f7e-4b79-b0e9-5b33955d58d7?api-version=2021-03-01
  response:
    body:
      string: "{\r\n  \"status\": \"InProgress\"\r\n}"
    headers:
      cache-control:
      - no-cache
      content-length:
      - '30'
      content-type:
      - application/json; charset=utf-8
      date:
      - Mon, 11 Oct 2021 14:39:17 GMT
      expires:
      - '-1'
      pragma:
      - no-cache
      server:
      - Microsoft-HTTPAPI/2.0
      - Microsoft-HTTPAPI/2.0
      strict-transport-security:
      - max-age=31536000; includeSubDomains
      transfer-encoding:
      - chunked
      vary:
      - Accept-Encoding
      x-content-type-options:
      - nosniff
      x-ms-arm-service-request-id:
      - 15912938-76ca-4efc-941f-c52b09ef9670
    status:
      code: 200
      message: OK
- request:
    body: null
    headers:
      Accept:
      - '*/*'
      Accept-Encoding:
      - gzip, deflate
      CommandName:
      - network private-endpoint create
      Connection:
      - keep-alive
      ParameterSetName:
      - -g -n --vnet-name --subnet --connection-name --private-connection-resource-id
        --group-id --manual-request
      User-Agent:
      - AZURECLI/2.29.0 azsdk-python-azure-mgmt-network/19.1.0 Python/3.8.3 (Windows-10-10.0.18362-SP0)
    method: GET
    uri: https://management.azure.com/subscriptions/00000000-0000-0000-0000-000000000000/providers/Microsoft.Network/locations/eastus/operations/ab2a8353-7f7e-4b79-b0e9-5b33955d58d7?api-version=2021-03-01
  response:
    body:
      string: "{\r\n  \"status\": \"Succeeded\"\r\n}"
    headers:
      cache-control:
      - no-cache
      content-length:
      - '29'
      content-type:
      - application/json; charset=utf-8
      date:
      - Mon, 11 Oct 2021 14:39:27 GMT
      expires:
      - '-1'
      pragma:
      - no-cache
      server:
      - Microsoft-HTTPAPI/2.0
      - Microsoft-HTTPAPI/2.0
      strict-transport-security:
      - max-age=31536000; includeSubDomains
      transfer-encoding:
      - chunked
      vary:
      - Accept-Encoding
      x-content-type-options:
      - nosniff
      x-ms-arm-service-request-id:
      - 447317ea-a4b7-4cba-90a8-9232b464c83a
    status:
      code: 200
      message: OK
- request:
    body: null
    headers:
      Accept:
      - '*/*'
      Accept-Encoding:
      - gzip, deflate
      CommandName:
      - network private-endpoint create
      Connection:
      - keep-alive
      ParameterSetName:
      - -g -n --vnet-name --subnet --connection-name --private-connection-resource-id
        --group-id --manual-request
      User-Agent:
      - AZURECLI/2.29.0 azsdk-python-azure-mgmt-network/19.1.0 Python/3.8.3 (Windows-10-10.0.18362-SP0)
    method: GET
    uri: https://management.azure.com/subscriptions/00000000-0000-0000-0000-000000000000/resourceGroups/test_search_service_private_endpoint_000001/providers/Microsoft.Network/privateEndpoints/cli-pe-000006?api-version=2021-03-01
  response:
    body:
      string: "{\r\n  \"name\": \"cli-pe-000006\",\r\n  \"id\": \"/subscriptions/00000000-0000-0000-0000-000000000000/resourceGroups/test_search_service_private_endpoint_000001/providers/Microsoft.Network/privateEndpoints/cli-pe-000006\",\r\n
        \ \"etag\": \"W/\\\"01662a5c-372c-4203-b56c-80c72e15603b\\\"\",\r\n  \"type\":
        \"Microsoft.Network/privateEndpoints\",\r\n  \"location\": \"eastus\",\r\n
        \ \"properties\": {\r\n    \"provisioningState\": \"Succeeded\",\r\n    \"resourceGuid\":
        \"159dff37-b5bc-4439-8797-e738200e532d\",\r\n    \"privateLinkServiceConnections\":
        [],\r\n    \"manualPrivateLinkServiceConnections\": [\r\n      {\r\n        \"name\":
        \"cli-pec-000007\",\r\n        \"id\": \"/subscriptions/00000000-0000-0000-0000-000000000000/resourceGroups/test_search_service_private_endpoint_000001/providers/Microsoft.Network/privateEndpoints/cli-pe-000006/manualPrivateLinkServiceConnections/cli-pec-000007\",\r\n
        \       \"etag\": \"W/\\\"01662a5c-372c-4203-b56c-80c72e15603b\\\"\",\r\n
        \       \"properties\": {\r\n          \"provisioningState\": \"Succeeded\",\r\n
        \         \"privateLinkServiceId\": \"/subscriptions/00000000-0000-0000-0000-000000000000/resourceGroups/test_search_service_private_endpoint_000001/providers/Microsoft.Search/searchServices/cli-test-azs-000002\",\r\n
        \         \"groupIds\": [\r\n            \"searchService\"\r\n          ],\r\n
        \         \"privateLinkServiceConnectionState\": {\r\n            \"status\":
        \"Pending\",\r\n            \"description\": \"\",\r\n            \"actionsRequired\":
        \"None\"\r\n          }\r\n        },\r\n        \"type\": \"Microsoft.Network/privateEndpoints/manualPrivateLinkServiceConnections\"\r\n
        \     }\r\n    ],\r\n    \"subnet\": {\r\n      \"id\": \"/subscriptions/00000000-0000-0000-0000-000000000000/resourceGroups/test_search_service_private_endpoint_000001/providers/Microsoft.Network/virtualNetworks/cli-vnet-000004/subnets/cli-subnet-000005\"\r\n
        \   },\r\n    \"ipConfigurations\": [],\r\n    \"networkInterfaces\": [\r\n
        \     {\r\n        \"id\": \"/subscriptions/00000000-0000-0000-0000-000000000000/resourceGroups/test_search_service_private_endpoint_000001/providers/Microsoft.Network/networkInterfaces/cli-pe-000006.nic.c7f4baaa-eb97-4bcd-a8fe-24bc2c9c22cf\"\r\n
        \     }\r\n    ],\r\n    \"customDnsConfigs\": []\r\n  }\r\n}"
    headers:
      cache-control:
      - no-cache
      content-length:
      - '2361'
      content-type:
      - application/json; charset=utf-8
      date:
      - Mon, 11 Oct 2021 14:39:28 GMT
      etag:
      - W/"01662a5c-372c-4203-b56c-80c72e15603b"
      expires:
      - '-1'
      pragma:
      - no-cache
      server:
      - Microsoft-HTTPAPI/2.0
      - Microsoft-HTTPAPI/2.0
      strict-transport-security:
      - max-age=31536000; includeSubDomains
      transfer-encoding:
      - chunked
      vary:
      - Accept-Encoding
      x-content-type-options:
      - nosniff
      x-ms-arm-service-request-id:
      - e51bcf93-2521-40e2-896d-ad66ff80ba3b
    status:
      code: 200
      message: OK
- request:
    body: null
    headers:
      Accept:
      - '*/*'
      Accept-Encoding:
      - gzip, deflate
      CommandName:
      - network private-endpoint-connection list
      Connection:
      - keep-alive
      ParameterSetName:
      - --name --resource-group --type
      User-Agent:
      - python/3.8.3 (Windows-10-10.0.18362-SP0) AZURECLI/2.29.0
    method: GET
    uri: https://management.azure.com/subscriptions/00000000-0000-0000-0000-000000000000/resourceGroups/test_search_service_private_endpoint_000001/providers/Microsoft.Search/searchServices/cli-test-azs-000002/privateEndpointConnections?api-version=2020-08-01
  response:
    body:
      string: '{"value":[{"id":"/subscriptions/00000000-0000-0000-0000-000000000000/resourceGroups/test_search_service_private_endpoint_000001/providers/Microsoft.Search/searchServices/cli-test-azs-000002/privateEndpointConnections/cli-pe-000006.159dff37-b5bc-4439-8797-e738200e532d","name":"cli-pe-000006.159dff37-b5bc-4439-8797-e738200e532d","type":"Microsoft.Search/searchServices/privateEndpointConnections","properties":{"privateEndpoint":{"id":"/subscriptions/00000000-0000-0000-0000-000000000000/resourceGroups/test_search_service_private_endpoint_000001/providers/Microsoft.Network/privateEndpoints/cli-pe-000006"},"privateLinkServiceConnectionState":{"status":"Pending","description":null,"actionsRequired":"None"},"provisioningState":"Succeeded","groupId":"searchService"}}],"nextLink":null}'
    headers:
      cache-control:
      - no-cache
      content-length:
      - '888'
      content-type:
      - application/json; charset=utf-8
      date:
      - Mon, 11 Oct 2021 14:39:32 GMT
      elapsed-time:
      - '62'
      expires:
      - '-1'
      pragma:
      - no-cache
      request-id:
      - b28c1d25-b7b0-4f60-ae99-63faea5e671f
      strict-transport-security:
      - max-age=31536000; includeSubDomains
      transfer-encoding:
      - chunked
      vary:
      - Accept-Encoding,Accept-Encoding
      x-content-type-options:
      - nosniff
    status:
      code: 200
      message: OK
- request:
    body: null
    headers:
      Accept:
      - '*/*'
      Accept-Encoding:
      - gzip, deflate
      CommandName:
      - network private-endpoint-connection show
      Connection:
      - keep-alive
      ParameterSetName:
      - --id
      User-Agent:
      - python/3.8.3 (Windows-10-10.0.18362-SP0) AZURECLI/2.29.0
    method: GET
    uri: https://management.azure.com/subscriptions/00000000-0000-0000-0000-000000000000/resourceGroups/test_search_service_private_endpoint_000001/providers/Microsoft.Search/searchServices/cli-test-azs-000002/privateEndpointConnections/cli-pe-000006.159dff37-b5bc-4439-8797-e738200e532d?api-version=2020-08-01
  response:
    body:
      string: '{"id":"/subscriptions/00000000-0000-0000-0000-000000000000/resourceGroups/test_search_service_private_endpoint_000001/providers/Microsoft.Search/searchServices/cli-test-azs-000002/privateEndpointConnections/cli-pe-000006.159dff37-b5bc-4439-8797-e738200e532d","name":"cli-pe-000006.159dff37-b5bc-4439-8797-e738200e532d","type":"Microsoft.Search/searchServices/privateEndpointConnections","properties":{"privateEndpoint":{"id":"/subscriptions/00000000-0000-0000-0000-000000000000/resourceGroups/test_search_service_private_endpoint_000001/providers/Microsoft.Network/privateEndpoints/cli-pe-000006"},"privateLinkServiceConnectionState":{"status":"Pending","description":null,"actionsRequired":"None"},"provisioningState":"Succeeded","groupId":"searchService"}}'
    headers:
      cache-control:
      - no-cache
      content-length:
      - '860'
      content-type:
      - application/json; charset=utf-8
      date:
      - Mon, 11 Oct 2021 14:39:35 GMT
      elapsed-time:
      - '94'
      expires:
      - '-1'
      pragma:
      - no-cache
      request-id:
      - 95ee5b40-ef94-4bdd-9937-9b0e89ff6b5a
      strict-transport-security:
      - max-age=31536000; includeSubDomains
      transfer-encoding:
      - chunked
      vary:
      - Accept-Encoding,Accept-Encoding
      x-content-type-options:
      - nosniff
    status:
      code: 200
      message: OK
- request:
    body: null
    headers:
      Accept:
      - '*/*'
      Accept-Encoding:
      - gzip, deflate
      CommandName:
      - network private-endpoint-connection show
      Connection:
      - keep-alive
      ParameterSetName:
      - --resource-name --name --resource-group --type
      User-Agent:
      - python/3.8.3 (Windows-10-10.0.18362-SP0) AZURECLI/2.29.0
    method: GET
    uri: https://management.azure.com/subscriptions/00000000-0000-0000-0000-000000000000/resourceGroups/test_search_service_private_endpoint_000001/providers/Microsoft.Search/searchServices/cli-test-azs-000002/privateEndpointConnections/cli-pe-000006.159dff37-b5bc-4439-8797-e738200e532d?api-version=2020-08-01
  response:
    body:
      string: '{"id":"/subscriptions/00000000-0000-0000-0000-000000000000/resourceGroups/test_search_service_private_endpoint_000001/providers/Microsoft.Search/searchServices/cli-test-azs-000002/privateEndpointConnections/cli-pe-000006.159dff37-b5bc-4439-8797-e738200e532d","name":"cli-pe-000006.159dff37-b5bc-4439-8797-e738200e532d","type":"Microsoft.Search/searchServices/privateEndpointConnections","properties":{"privateEndpoint":{"id":"/subscriptions/00000000-0000-0000-0000-000000000000/resourceGroups/test_search_service_private_endpoint_000001/providers/Microsoft.Network/privateEndpoints/cli-pe-000006"},"privateLinkServiceConnectionState":{"status":"Pending","description":null,"actionsRequired":"None"},"provisioningState":"Succeeded","groupId":"searchService"}}'
    headers:
      cache-control:
      - no-cache
      content-length:
      - '860'
      content-type:
      - application/json; charset=utf-8
      date:
      - Mon, 11 Oct 2021 14:39:38 GMT
      elapsed-time:
      - '64'
      expires:
      - '-1'
      pragma:
      - no-cache
      request-id:
      - f894ab81-ed80-43d2-baa2-e62c446385f8
      strict-transport-security:
      - max-age=31536000; includeSubDomains
      transfer-encoding:
      - chunked
      vary:
      - Accept-Encoding,Accept-Encoding
      x-content-type-options:
      - nosniff
    status:
      code: 200
      message: OK
- request:
    body: null
    headers:
      Accept:
      - '*/*'
      Accept-Encoding:
      - gzip, deflate
      CommandName:
      - network private-endpoint-connection approve
      Connection:
      - keep-alive
      ParameterSetName:
      - --resource-name --resource-group --name --type --description
      User-Agent:
      - python/3.8.3 (Windows-10-10.0.18362-SP0) AZURECLI/2.29.0
    method: GET
    uri: https://management.azure.com/subscriptions/00000000-0000-0000-0000-000000000000/resourceGroups/test_search_service_private_endpoint_000001/providers/Microsoft.Search/searchServices/cli-test-azs-000002/privateEndpointConnections/cli-pe-000006.159dff37-b5bc-4439-8797-e738200e532d?api-version=2020-08-01
  response:
    body:
      string: '{"id":"/subscriptions/00000000-0000-0000-0000-000000000000/resourceGroups/test_search_service_private_endpoint_000001/providers/Microsoft.Search/searchServices/cli-test-azs-000002/privateEndpointConnections/cli-pe-000006.159dff37-b5bc-4439-8797-e738200e532d","name":"cli-pe-000006.159dff37-b5bc-4439-8797-e738200e532d","type":"Microsoft.Search/searchServices/privateEndpointConnections","properties":{"privateEndpoint":{"id":"/subscriptions/00000000-0000-0000-0000-000000000000/resourceGroups/test_search_service_private_endpoint_000001/providers/Microsoft.Network/privateEndpoints/cli-pe-000006"},"privateLinkServiceConnectionState":{"status":"Pending","description":null,"actionsRequired":"None"},"provisioningState":"Succeeded","groupId":"searchService"}}'
    headers:
      cache-control:
      - no-cache
      content-length:
      - '860'
      content-type:
      - application/json; charset=utf-8
      date:
      - Mon, 11 Oct 2021 14:39:41 GMT
      elapsed-time:
      - '177'
      expires:
      - '-1'
      pragma:
      - no-cache
      request-id:
      - 45a14372-3b85-4287-99d3-4e5b3704a186
      strict-transport-security:
      - max-age=31536000; includeSubDomains
      transfer-encoding:
      - chunked
      vary:
      - Accept-Encoding,Accept-Encoding
      x-content-type-options:
      - nosniff
    status:
      code: 200
      message: OK
- request:
    body: '{"id": "/subscriptions/00000000-0000-0000-0000-000000000000/resourceGroups/test_search_service_private_endpoint_000001/providers/Microsoft.Search/searchServices/cli-test-azs-000002/privateEndpointConnections/cli-pe-000006.159dff37-b5bc-4439-8797-e738200e532d",
      "name": "cli-pe-000006.159dff37-b5bc-4439-8797-e738200e532d", "type": "Microsoft.Search/searchServices/privateEndpointConnections",
      "properties": {"privateEndpoint": {"id": "/subscriptions/00000000-0000-0000-0000-000000000000/resourceGroups/test_search_service_private_endpoint_000001/providers/Microsoft.Network/privateEndpoints/cli-pe-000006"},
      "privateLinkServiceConnectionState": {"status": "Approved", "description": "Approved.",
      "actionsRequired": "None"}, "provisioningState": "Succeeded", "groupId": "searchService"}}'
    headers:
      Accept:
      - '*/*'
      Accept-Encoding:
      - gzip, deflate
      CommandName:
      - network private-endpoint-connection approve
      Connection:
      - keep-alive
      Content-Length:
      - '888'
      Content-Type:
      - application/json
      ParameterSetName:
      - --resource-name --resource-group --name --type --description
      User-Agent:
      - python/3.8.3 (Windows-10-10.0.18362-SP0) AZURECLI/2.29.0
    method: PUT
    uri: https://management.azure.com/subscriptions/00000000-0000-0000-0000-000000000000/resourceGroups/test_search_service_private_endpoint_000001/providers/Microsoft.Search/searchServices/cli-test-azs-000002/privateEndpointConnections/cli-pe-000006.159dff37-b5bc-4439-8797-e738200e532d?api-version=2020-08-01
  response:
    body:
      string: '{"id":"/subscriptions/00000000-0000-0000-0000-000000000000/resourceGroups/test_search_service_private_endpoint_000001/providers/Microsoft.Search/searchServices/cli-test-azs-000002/privateEndpointConnections/cli-pe-000006.159dff37-b5bc-4439-8797-e738200e532d","name":"cli-pe-000006.159dff37-b5bc-4439-8797-e738200e532d","type":"Microsoft.Search/searchServices/privateEndpointConnections","properties":{"privateEndpoint":{"id":"/subscriptions/00000000-0000-0000-0000-000000000000/resourceGroups/test_search_service_private_endpoint_000001/providers/Microsoft.Network/privateEndpoints/cli-pe-000006"},"privateLinkServiceConnectionState":{"status":"Approved","description":"Approved.","actionsRequired":"None"},"provisioningState":"Succeeded","groupId":"searchService"}}'
    headers:
      cache-control:
      - no-cache
      content-length:
      - '868'
      content-type:
      - application/json; charset=utf-8
      date:
      - Mon, 11 Oct 2021 14:39:44 GMT
      elapsed-time:
      - '796'
      expires:
      - '-1'
      pragma:
      - no-cache
      request-id:
      - 53dc8fa1-eb7f-4394-ba6c-e5e3fc21f563
      strict-transport-security:
      - max-age=31536000; includeSubDomains
      transfer-encoding:
      - chunked
      vary:
      - Accept-Encoding,Accept-Encoding
      x-content-type-options:
      - nosniff
      x-ms-ratelimit-remaining-subscription-writes:
      - '1190'
    status:
      code: 200
      message: OK
- request:
    body: null
    headers:
      Accept:
      - '*/*'
      Accept-Encoding:
      - gzip, deflate
      CommandName:
      - network private-endpoint-connection approve
      Connection:
      - keep-alive
      ParameterSetName:
      - --resource-name --resource-group --name --type --description
      User-Agent:
      - python/3.8.3 (Windows-10-10.0.18362-SP0) AZURECLI/2.29.0
    method: GET
    uri: https://management.azure.com/subscriptions/00000000-0000-0000-0000-000000000000/resourceGroups/test_search_service_private_endpoint_000001/providers/Microsoft.Search/searchServices/cli-test-azs-000002/privateEndpointConnections/cli-pe-000006.159dff37-b5bc-4439-8797-e738200e532d?api-version=2020-08-01
  response:
    body:
      string: '{"id":"/subscriptions/00000000-0000-0000-0000-000000000000/resourceGroups/test_search_service_private_endpoint_000001/providers/Microsoft.Search/searchServices/cli-test-azs-000002/privateEndpointConnections/cli-pe-000006.159dff37-b5bc-4439-8797-e738200e532d","name":"cli-pe-000006.159dff37-b5bc-4439-8797-e738200e532d","type":"Microsoft.Search/searchServices/privateEndpointConnections","properties":{"privateEndpoint":{"id":"/subscriptions/00000000-0000-0000-0000-000000000000/resourceGroups/test_search_service_private_endpoint_000001/providers/Microsoft.Network/privateEndpoints/cli-pe-000006"},"privateLinkServiceConnectionState":{"status":"Approved","description":"Approved.","actionsRequired":"None"},"provisioningState":"Succeeded","groupId":"searchService"}}'
    headers:
      cache-control:
      - no-cache
      content-length:
      - '868'
      content-type:
      - application/json; charset=utf-8
      date:
      - Mon, 11 Oct 2021 14:39:57 GMT
      elapsed-time:
      - '61'
      expires:
      - '-1'
      pragma:
      - no-cache
      request-id:
      - 97e99e94-0c6a-4b9c-9b2c-51b5c0c25bc7
      strict-transport-security:
      - max-age=31536000; includeSubDomains
      transfer-encoding:
      - chunked
      vary:
      - Accept-Encoding,Accept-Encoding
      x-content-type-options:
      - nosniff
    status:
      code: 200
      message: OK
- request:
    body: null
    headers:
      Accept:
      - '*/*'
      Accept-Encoding:
      - gzip, deflate
      CommandName:
      - network private-endpoint-connection reject
      Connection:
      - keep-alive
      ParameterSetName:
      - --id --description
      User-Agent:
      - python/3.8.3 (Windows-10-10.0.18362-SP0) AZURECLI/2.29.0
    method: GET
    uri: https://management.azure.com/subscriptions/00000000-0000-0000-0000-000000000000/resourceGroups/test_search_service_private_endpoint_000001/providers/Microsoft.Search/searchServices/cli-test-azs-000002/privateEndpointConnections/cli-pe-000006.159dff37-b5bc-4439-8797-e738200e532d?api-version=2020-08-01
  response:
    body:
      string: '{"id":"/subscriptions/00000000-0000-0000-0000-000000000000/resourceGroups/test_search_service_private_endpoint_000001/providers/Microsoft.Search/searchServices/cli-test-azs-000002/privateEndpointConnections/cli-pe-000006.159dff37-b5bc-4439-8797-e738200e532d","name":"cli-pe-000006.159dff37-b5bc-4439-8797-e738200e532d","type":"Microsoft.Search/searchServices/privateEndpointConnections","properties":{"privateEndpoint":{"id":"/subscriptions/00000000-0000-0000-0000-000000000000/resourceGroups/test_search_service_private_endpoint_000001/providers/Microsoft.Network/privateEndpoints/cli-pe-000006"},"privateLinkServiceConnectionState":{"status":"Approved","description":"Approved.","actionsRequired":"None"},"provisioningState":"Succeeded","groupId":"searchService"}}'
    headers:
      cache-control:
      - no-cache
      content-length:
      - '868'
      content-type:
      - application/json; charset=utf-8
      date:
      - Mon, 11 Oct 2021 14:40:00 GMT
      elapsed-time:
      - '89'
      expires:
      - '-1'
      pragma:
      - no-cache
      request-id:
      - 4bd1c0bc-f74a-4461-be63-4788030bc861
      strict-transport-security:
      - max-age=31536000; includeSubDomains
      transfer-encoding:
      - chunked
      vary:
      - Accept-Encoding,Accept-Encoding
      x-content-type-options:
      - nosniff
    status:
      code: 200
      message: OK
- request:
    body: '{"id": "/subscriptions/00000000-0000-0000-0000-000000000000/resourceGroups/test_search_service_private_endpoint_000001/providers/Microsoft.Search/searchServices/cli-test-azs-000002/privateEndpointConnections/cli-pe-000006.159dff37-b5bc-4439-8797-e738200e532d",
      "name": "cli-pe-000006.159dff37-b5bc-4439-8797-e738200e532d", "type": "Microsoft.Search/searchServices/privateEndpointConnections",
      "properties": {"privateEndpoint": {"id": "/subscriptions/00000000-0000-0000-0000-000000000000/resourceGroups/test_search_service_private_endpoint_000001/providers/Microsoft.Network/privateEndpoints/cli-pe-000006"},
      "privateLinkServiceConnectionState": {"status": "Rejected", "description": "Rejected.",
      "actionsRequired": "None"}, "provisioningState": "Succeeded", "groupId": "searchService"}}'
    headers:
      Accept:
      - '*/*'
      Accept-Encoding:
      - gzip, deflate
      CommandName:
      - network private-endpoint-connection reject
      Connection:
      - keep-alive
      Content-Length:
      - '888'
      Content-Type:
      - application/json
      ParameterSetName:
      - --id --description
      User-Agent:
      - python/3.8.3 (Windows-10-10.0.18362-SP0) AZURECLI/2.29.0
    method: PUT
    uri: https://management.azure.com/subscriptions/00000000-0000-0000-0000-000000000000/resourceGroups/test_search_service_private_endpoint_000001/providers/Microsoft.Search/searchServices/cli-test-azs-000002/privateEndpointConnections/cli-pe-000006.159dff37-b5bc-4439-8797-e738200e532d?api-version=2020-08-01
  response:
    body:
      string: '{"id":"/subscriptions/00000000-0000-0000-0000-000000000000/resourceGroups/test_search_service_private_endpoint_000001/providers/Microsoft.Search/searchServices/cli-test-azs-000002/privateEndpointConnections/cli-pe-000006.159dff37-b5bc-4439-8797-e738200e532d","name":"cli-pe-000006.159dff37-b5bc-4439-8797-e738200e532d","type":"Microsoft.Search/searchServices/privateEndpointConnections","properties":{"privateEndpoint":{"id":"/subscriptions/00000000-0000-0000-0000-000000000000/resourceGroups/test_search_service_private_endpoint_000001/providers/Microsoft.Network/privateEndpoints/cli-pe-000006"},"privateLinkServiceConnectionState":{"status":"Rejected","description":"Rejected.","actionsRequired":"None"},"provisioningState":"Succeeded","groupId":"searchService"}}'
    headers:
      cache-control:
      - no-cache
      content-length:
      - '868'
      content-type:
      - application/json; charset=utf-8
      date:
      - Mon, 11 Oct 2021 14:40:04 GMT
      elapsed-time:
      - '846'
      expires:
      - '-1'
      pragma:
      - no-cache
      request-id:
      - f00c47c7-1c7c-4c27-aa8e-aeb9af2e026b
      strict-transport-security:
      - max-age=31536000; includeSubDomains
      transfer-encoding:
      - chunked
      vary:
      - Accept-Encoding,Accept-Encoding
      x-content-type-options:
      - nosniff
      x-ms-ratelimit-remaining-subscription-writes:
      - '1192'
    status:
      code: 200
      message: OK
- request:
    body: null
    headers:
      Accept:
      - '*/*'
      Accept-Encoding:
      - gzip, deflate
      CommandName:
      - network private-endpoint-connection reject
      Connection:
      - keep-alive
      ParameterSetName:
      - --id --description
      User-Agent:
      - python/3.8.3 (Windows-10-10.0.18362-SP0) AZURECLI/2.29.0
    method: GET
    uri: https://management.azure.com/subscriptions/00000000-0000-0000-0000-000000000000/resourceGroups/test_search_service_private_endpoint_000001/providers/Microsoft.Search/searchServices/cli-test-azs-000002/privateEndpointConnections/cli-pe-000006.159dff37-b5bc-4439-8797-e738200e532d?api-version=2020-08-01
  response:
    body:
      string: '{"id":"/subscriptions/00000000-0000-0000-0000-000000000000/resourceGroups/test_search_service_private_endpoint_000001/providers/Microsoft.Search/searchServices/cli-test-azs-000002/privateEndpointConnections/cli-pe-000006.159dff37-b5bc-4439-8797-e738200e532d","name":"cli-pe-000006.159dff37-b5bc-4439-8797-e738200e532d","type":"Microsoft.Search/searchServices/privateEndpointConnections","properties":{"privateEndpoint":{"id":"/subscriptions/00000000-0000-0000-0000-000000000000/resourceGroups/test_search_service_private_endpoint_000001/providers/Microsoft.Network/privateEndpoints/cli-pe-000006"},"privateLinkServiceConnectionState":{"status":"Rejected","description":"Rejected.","actionsRequired":"None"},"provisioningState":"Succeeded","groupId":"searchService"}}'
    headers:
      cache-control:
      - no-cache
      content-length:
      - '868'
      content-type:
      - application/json; charset=utf-8
      date:
      - Mon, 11 Oct 2021 14:40:17 GMT
      elapsed-time:
      - '110'
      expires:
      - '-1'
      pragma:
      - no-cache
      request-id:
      - 985706d4-d884-42e1-9472-5cfd0d1b0129
      strict-transport-security:
      - max-age=31536000; includeSubDomains
      transfer-encoding:
      - chunked
      vary:
      - Accept-Encoding,Accept-Encoding
      x-content-type-options:
      - nosniff
    status:
      code: 200
      message: OK
- request:
    body: null
    headers:
      Accept:
      - '*/*'
      Accept-Encoding:
      - gzip, deflate
      CommandName:
      - network private-endpoint-connection approve
      Connection:
      - keep-alive
      ParameterSetName:
      - --resource-name --resource-group --name --type --description
      User-Agent:
      - python/3.8.3 (Windows-10-10.0.18362-SP0) AZURECLI/2.29.0
    method: GET
    uri: https://management.azure.com/subscriptions/00000000-0000-0000-0000-000000000000/resourceGroups/test_search_service_private_endpoint_000001/providers/Microsoft.Search/searchServices/cli-test-azs-000002/privateEndpointConnections/cli-pe-000006.159dff37-b5bc-4439-8797-e738200e532d?api-version=2020-08-01
  response:
    body:
      string: '{"id":"/subscriptions/00000000-0000-0000-0000-000000000000/resourceGroups/test_search_service_private_endpoint_000001/providers/Microsoft.Search/searchServices/cli-test-azs-000002/privateEndpointConnections/cli-pe-000006.159dff37-b5bc-4439-8797-e738200e532d","name":"cli-pe-000006.159dff37-b5bc-4439-8797-e738200e532d","type":"Microsoft.Search/searchServices/privateEndpointConnections","properties":{"privateEndpoint":{"id":"/subscriptions/00000000-0000-0000-0000-000000000000/resourceGroups/test_search_service_private_endpoint_000001/providers/Microsoft.Network/privateEndpoints/cli-pe-000006"},"privateLinkServiceConnectionState":{"status":"Rejected","description":"Rejected.","actionsRequired":"None"},"provisioningState":"Succeeded","groupId":"searchService"}}'
    headers:
      cache-control:
      - no-cache
      content-length:
      - '868'
      content-type:
      - application/json; charset=utf-8
      date:
      - Mon, 11 Oct 2021 14:40:20 GMT
      elapsed-time:
      - '66'
      expires:
      - '-1'
      pragma:
      - no-cache
      request-id:
      - da2ba166-4827-4d7d-8ad6-8e8a0643295b
      strict-transport-security:
      - max-age=31536000; includeSubDomains
      transfer-encoding:
      - chunked
      vary:
      - Accept-Encoding,Accept-Encoding
      x-content-type-options:
      - nosniff
    status:
      code: 200
      message: OK
- request:
    body: '{"id": "/subscriptions/00000000-0000-0000-0000-000000000000/resourceGroups/test_search_service_private_endpoint_000001/providers/Microsoft.Search/searchServices/cli-test-azs-000002/privateEndpointConnections/cli-pe-000006.159dff37-b5bc-4439-8797-e738200e532d",
      "name": "cli-pe-000006.159dff37-b5bc-4439-8797-e738200e532d", "type": "Microsoft.Search/searchServices/privateEndpointConnections",
      "properties": {"privateEndpoint": {"id": "/subscriptions/00000000-0000-0000-0000-000000000000/resourceGroups/test_search_service_private_endpoint_000001/providers/Microsoft.Network/privateEndpoints/cli-pe-000006"},
      "privateLinkServiceConnectionState": {"status": "Approved", "description": "Approved.",
      "actionsRequired": "None"}, "provisioningState": "Succeeded", "groupId": "searchService"}}'
    headers:
      Accept:
      - '*/*'
      Accept-Encoding:
      - gzip, deflate
      CommandName:
      - network private-endpoint-connection approve
      Connection:
      - keep-alive
      Content-Length:
      - '888'
      Content-Type:
      - application/json
      ParameterSetName:
      - --resource-name --resource-group --name --type --description
      User-Agent:
      - python/3.8.3 (Windows-10-10.0.18362-SP0) AZURECLI/2.29.0
    method: PUT
    uri: https://management.azure.com/subscriptions/00000000-0000-0000-0000-000000000000/resourceGroups/test_search_service_private_endpoint_000001/providers/Microsoft.Search/searchServices/cli-test-azs-000002/privateEndpointConnections/cli-pe-000006.159dff37-b5bc-4439-8797-e738200e532d?api-version=2020-08-01
  response:
    body:
      string: '{"error":{"code":"OperationNotAllowed","message":"Could not update
        Private Endpoint connection status from ''Rejected'' to ''Approved'': cli-pe-000006.
        RequestId: fb7e1ee4-dedc-4df9-ac8c-9f05d3bfebd3","target":null,"details":null}}'
    headers:
      cache-control:
      - no-cache
      content-language:
      - en
      content-length:
      - '238'
      content-type:
      - application/json; charset=utf-8
      date:
      - Mon, 11 Oct 2021 14:40:22 GMT
      elapsed-time:
      - '64'
      expires:
      - '-1'
      pragma:
      - no-cache
      request-id:
      - fb7e1ee4-dedc-4df9-ac8c-9f05d3bfebd3
      strict-transport-security:
      - max-age=31536000; includeSubDomains
      x-content-type-options:
      - nosniff
      x-ms-ratelimit-remaining-subscription-writes:
      - '1193'
    status:
      code: 400
      message: Bad Request
- request:
    body: null
    headers:
      Accept:
      - '*/*'
      Accept-Encoding:
      - gzip, deflate
      CommandName:
      - network private-endpoint-connection list
      Connection:
      - keep-alive
      ParameterSetName:
      - --name --resource-group --type
      User-Agent:
      - python/3.8.3 (Windows-10-10.0.18362-SP0) AZURECLI/2.29.0
    method: GET
    uri: https://management.azure.com/subscriptions/00000000-0000-0000-0000-000000000000/resourceGroups/test_search_service_private_endpoint_000001/providers/Microsoft.Search/searchServices/cli-test-azs-000002/privateEndpointConnections?api-version=2020-08-01
  response:
    body:
      string: '{"value":[{"id":"/subscriptions/00000000-0000-0000-0000-000000000000/resourceGroups/test_search_service_private_endpoint_000001/providers/Microsoft.Search/searchServices/cli-test-azs-000002/privateEndpointConnections/cli-pe-000006.159dff37-b5bc-4439-8797-e738200e532d","name":"cli-pe-000006.159dff37-b5bc-4439-8797-e738200e532d","type":"Microsoft.Search/searchServices/privateEndpointConnections","properties":{"privateEndpoint":{"id":"/subscriptions/00000000-0000-0000-0000-000000000000/resourceGroups/test_search_service_private_endpoint_000001/providers/Microsoft.Network/privateEndpoints/cli-pe-000006"},"privateLinkServiceConnectionState":{"status":"Rejected","description":"Rejected.","actionsRequired":"None"},"provisioningState":"Succeeded","groupId":"searchService"}}],"nextLink":null}'
    headers:
      cache-control:
      - no-cache
      content-length:
      - '896'
      content-type:
      - application/json; charset=utf-8
      date:
      - Mon, 11 Oct 2021 14:40:25 GMT
      elapsed-time:
      - '66'
      expires:
      - '-1'
      pragma:
      - no-cache
      request-id:
      - 7f83f8d8-697a-400f-b48c-9c682f62cecc
      strict-transport-security:
      - max-age=31536000; includeSubDomains
      transfer-encoding:
      - chunked
      vary:
      - Accept-Encoding,Accept-Encoding
      x-content-type-options:
      - nosniff
    status:
      code: 200
      message: OK
- request:
    body: null
    headers:
      Accept:
      - '*/*'
      Accept-Encoding:
      - gzip, deflate
      CommandName:
      - network private-endpoint-connection delete
      Connection:
      - keep-alive
      Content-Length:
      - '0'
      ParameterSetName:
      - --id -y
      User-Agent:
      - python/3.8.3 (Windows-10-10.0.18362-SP0) AZURECLI/2.29.0
    method: DELETE
    uri: https://management.azure.com/subscriptions/00000000-0000-0000-0000-000000000000/resourceGroups/test_search_service_private_endpoint_000001/providers/Microsoft.Search/searchServices/cli-test-azs-000002/privateEndpointConnections/cli-pe-000006.159dff37-b5bc-4439-8797-e738200e532d?api-version=2020-08-01
  response:
    body:
      string: '{"id":"/subscriptions/00000000-0000-0000-0000-000000000000/resourceGroups/test_search_service_private_endpoint_000001/providers/Microsoft.Search/searchServices/cli-test-azs-000002/privateEndpointConnections/cli-pe-000006.159dff37-b5bc-4439-8797-e738200e532d","name":"cli-pe-000006.159dff37-b5bc-4439-8797-e738200e532d","type":"Microsoft.Search/searchServices/privateEndpointConnections","properties":{"privateEndpoint":{"id":"/subscriptions/00000000-0000-0000-0000-000000000000/resourceGroups/test_search_service_private_endpoint_000001/providers/Microsoft.Network/privateEndpoints/cli-pe-000006"},"privateLinkServiceConnectionState":{"status":"Disconnected","description":"Remove
        request from customer.","actionsRequired":"None"},"provisioningState":"Succeeded","groupId":"searchService"}}'
    headers:
      cache-control:
      - no-cache
      content-length:
      - '892'
      content-type:
      - application/json; charset=utf-8
      date:
      - Mon, 11 Oct 2021 14:40:28 GMT
      elapsed-time:
      - '512'
      expires:
      - '-1'
      pragma:
      - no-cache
      request-id:
      - 4456864c-5316-4b9f-80b4-d2e94c1413eb
      strict-transport-security:
      - max-age=31536000; includeSubDomains
      transfer-encoding:
      - chunked
      vary:
      - Accept-Encoding,Accept-Encoding
      x-content-type-options:
      - nosniff
      x-ms-ratelimit-remaining-subscription-deletes:
      - '14996'
    status:
      code: 200
      message: OK
version: 1
