interactions:
- request:
    body: null
    headers:
      Accept:
      - application/json
      Accept-Encoding:
      - gzip, deflate
      CommandName:
      - network vnet create
      Connection:
      - keep-alive
      ParameterSetName:
      - -g -n --address-prefix
      User-Agent:
      - python/3.8.8 (Windows-10-10.0.19041-SP0) msrest/0.6.21 msrest_azure/0.6.3
        azure-mgmt-resource/12.0.0 Azure-SDK-For-Python AZURECLI/2.21.0
      accept-language:
      - en-US
    method: GET
    uri: https://management.azure.com/subscriptions/00000000-0000-0000-0000-000000000000/resourcegroups/cli_test_vpn_connection_ipsec000001?api-version=2020-10-01
  response:
    body:
      string: '{"id":"/subscriptions/00000000-0000-0000-0000-000000000000/resourceGroups/cli_test_vpn_connection_ipsec000001","name":"cli_test_vpn_connection_ipsec000001","type":"Microsoft.Resources/resourceGroups","location":"westus","tags":{"product":"azurecli","cause":"automation","date":"2021-03-31T05:53:47Z"},"properties":{"provisioningState":"Succeeded"}}'
    headers:
      cache-control:
      - no-cache
      content-length:
      - '428'
      content-type:
      - application/json; charset=utf-8
      date:
      - Wed, 31 Mar 2021 05:53:51 GMT
      expires:
      - '-1'
      pragma:
      - no-cache
      strict-transport-security:
      - max-age=31536000; includeSubDomains
      vary:
      - Accept-Encoding
      x-content-type-options:
      - nosniff
    status:
      code: 200
      message: OK
- request:
    body: '{"location": "westus", "tags": {}, "properties": {"addressSpace": {"addressPrefixes":
      ["10.11.0.0/16", "10.12.0.0/16"]}, "dhcpOptions": {}}}'
    headers:
      Accept:
      - application/json
      Accept-Encoding:
      - gzip, deflate
      CommandName:
      - network vnet create
      Connection:
      - keep-alive
      Content-Length:
      - '140'
      Content-Type:
      - application/json
      ParameterSetName:
      - -g -n --address-prefix
      User-Agent:
      - AZURECLI/2.21.0 azsdk-python-azure-mgmt-network/18.0.0 Python/3.8.8 (Windows-10-10.0.19041-SP0)
    method: PUT
    uri: https://management.azure.com/subscriptions/00000000-0000-0000-0000-000000000000/resourceGroups/cli_test_vpn_connection_ipsec000001/providers/Microsoft.Network/virtualNetworks/vnet1?api-version=2020-11-01
  response:
    body:
      string: "{\r\n  \"name\": \"vnet1\",\r\n  \"id\": \"/subscriptions/00000000-0000-0000-0000-000000000000/resourceGroups/cli_test_vpn_connection_ipsec000001/providers/Microsoft.Network/virtualNetworks/vnet1\",\r\n
        \ \"etag\": \"W/\\\"8bd14ecf-ecdb-4c98-8ecd-540e5cca0d91\\\"\",\r\n  \"type\":
        \"Microsoft.Network/virtualNetworks\",\r\n  \"location\": \"westus\",\r\n
        \ \"tags\": {},\r\n  \"properties\": {\r\n    \"provisioningState\": \"Updating\",\r\n
        \   \"resourceGuid\": \"8ebdcfbe-832b-46ba-a256-e8b16251cbc3\",\r\n    \"addressSpace\":
        {\r\n      \"addressPrefixes\": [\r\n        \"10.11.0.0/16\",\r\n        \"10.12.0.0/16\"\r\n
        \     ]\r\n    },\r\n    \"dhcpOptions\": {\r\n      \"dnsServers\": []\r\n
        \   },\r\n    \"subnets\": [],\r\n    \"virtualNetworkPeerings\": [],\r\n
        \   \"enableDdosProtection\": false\r\n  }\r\n}"
    headers:
      azure-asyncnotification:
      - Enabled
      azure-asyncoperation:
      - https://management.azure.com/subscriptions/00000000-0000-0000-0000-000000000000/providers/Microsoft.Network/locations/westus/operations/bcd8ce9d-a841-477d-ba0c-3bc6f10e5c70?api-version=2020-11-01
      cache-control:
      - no-cache
      content-length:
      - '758'
      content-type:
      - application/json; charset=utf-8
      date:
      - Wed, 31 Mar 2021 05:53:57 GMT
      expires:
      - '-1'
      pragma:
      - no-cache
      server:
      - Microsoft-HTTPAPI/2.0
      - Microsoft-HTTPAPI/2.0
      strict-transport-security:
      - max-age=31536000; includeSubDomains
      x-content-type-options:
      - nosniff
      x-ms-arm-service-request-id:
      - 0b3f92ad-2b4b-42b9-bc73-f13e2085b783
      x-ms-ratelimit-remaining-subscription-writes:
      - '1199'
    status:
      code: 201
      message: Created
- request:
    body: null
    headers:
      Accept:
      - '*/*'
      Accept-Encoding:
      - gzip, deflate
      CommandName:
      - network vnet create
      Connection:
      - keep-alive
      ParameterSetName:
      - -g -n --address-prefix
      User-Agent:
      - AZURECLI/2.21.0 azsdk-python-azure-mgmt-network/18.0.0 Python/3.8.8 (Windows-10-10.0.19041-SP0)
    method: GET
    uri: https://management.azure.com/subscriptions/00000000-0000-0000-0000-000000000000/providers/Microsoft.Network/locations/westus/operations/bcd8ce9d-a841-477d-ba0c-3bc6f10e5c70?api-version=2020-11-01
  response:
    body:
      string: "{\r\n  \"status\": \"Succeeded\"\r\n}"
    headers:
      cache-control:
      - no-cache
      content-length:
      - '29'
      content-type:
      - application/json; charset=utf-8
      date:
      - Wed, 31 Mar 2021 05:54:00 GMT
      expires:
      - '-1'
      pragma:
      - no-cache
      server:
      - Microsoft-HTTPAPI/2.0
      - Microsoft-HTTPAPI/2.0
      strict-transport-security:
      - max-age=31536000; includeSubDomains
      transfer-encoding:
      - chunked
      vary:
      - Accept-Encoding
      x-content-type-options:
      - nosniff
      x-ms-arm-service-request-id:
      - 17e1b5e7-d2c4-4dae-9f1f-d7fab1cc5727
    status:
      code: 200
      message: OK
- request:
    body: null
    headers:
      Accept:
      - '*/*'
      Accept-Encoding:
      - gzip, deflate
      CommandName:
      - network vnet create
      Connection:
      - keep-alive
      ParameterSetName:
      - -g -n --address-prefix
      User-Agent:
      - AZURECLI/2.21.0 azsdk-python-azure-mgmt-network/18.0.0 Python/3.8.8 (Windows-10-10.0.19041-SP0)
    method: GET
    uri: https://management.azure.com/subscriptions/00000000-0000-0000-0000-000000000000/resourceGroups/cli_test_vpn_connection_ipsec000001/providers/Microsoft.Network/virtualNetworks/vnet1?api-version=2020-11-01
  response:
    body:
      string: "{\r\n  \"name\": \"vnet1\",\r\n  \"id\": \"/subscriptions/00000000-0000-0000-0000-000000000000/resourceGroups/cli_test_vpn_connection_ipsec000001/providers/Microsoft.Network/virtualNetworks/vnet1\",\r\n
        \ \"etag\": \"W/\\\"a214c8c2-907e-4288-b4a5-eac2fb7dafc3\\\"\",\r\n  \"type\":
        \"Microsoft.Network/virtualNetworks\",\r\n  \"location\": \"westus\",\r\n
        \ \"tags\": {},\r\n  \"properties\": {\r\n    \"provisioningState\": \"Succeeded\",\r\n
        \   \"resourceGuid\": \"8ebdcfbe-832b-46ba-a256-e8b16251cbc3\",\r\n    \"addressSpace\":
        {\r\n      \"addressPrefixes\": [\r\n        \"10.11.0.0/16\",\r\n        \"10.12.0.0/16\"\r\n
        \     ]\r\n    },\r\n    \"dhcpOptions\": {\r\n      \"dnsServers\": []\r\n
        \   },\r\n    \"subnets\": [],\r\n    \"virtualNetworkPeerings\": [],\r\n
        \   \"enableDdosProtection\": false\r\n  }\r\n}"
    headers:
      cache-control:
      - no-cache
      content-length:
      - '759'
      content-type:
      - application/json; charset=utf-8
      date:
      - Wed, 31 Mar 2021 05:54:01 GMT
      etag:
      - W/"a214c8c2-907e-4288-b4a5-eac2fb7dafc3"
      expires:
      - '-1'
      pragma:
      - no-cache
      server:
      - Microsoft-HTTPAPI/2.0
      - Microsoft-HTTPAPI/2.0
      strict-transport-security:
      - max-age=31536000; includeSubDomains
      transfer-encoding:
      - chunked
      vary:
      - Accept-Encoding
      x-content-type-options:
      - nosniff
      x-ms-arm-service-request-id:
      - c51229c2-b35a-4a3b-b3de-bb6c09db0cc9
    status:
      code: 200
      message: OK
- request:
    body: null
    headers:
      Accept:
      - application/json
      Accept-Encoding:
      - gzip, deflate
      CommandName:
      - network vnet subnet create
      Connection:
      - keep-alive
      ParameterSetName:
      - -g --vnet-name -n --address-prefix
      User-Agent:
      - AZURECLI/2.21.0 azsdk-python-azure-mgmt-network/18.0.0 Python/3.8.8 (Windows-10-10.0.19041-SP0)
    method: GET
    uri: https://management.azure.com/subscriptions/00000000-0000-0000-0000-000000000000/resourceGroups/cli_test_vpn_connection_ipsec000001/providers/Microsoft.Network/virtualNetworks/vnet1?api-version=2020-11-01
  response:
    body:
      string: "{\r\n  \"name\": \"vnet1\",\r\n  \"id\": \"/subscriptions/00000000-0000-0000-0000-000000000000/resourceGroups/cli_test_vpn_connection_ipsec000001/providers/Microsoft.Network/virtualNetworks/vnet1\",\r\n
        \ \"etag\": \"W/\\\"a214c8c2-907e-4288-b4a5-eac2fb7dafc3\\\"\",\r\n  \"type\":
        \"Microsoft.Network/virtualNetworks\",\r\n  \"location\": \"westus\",\r\n
        \ \"tags\": {},\r\n  \"properties\": {\r\n    \"provisioningState\": \"Succeeded\",\r\n
        \   \"resourceGuid\": \"8ebdcfbe-832b-46ba-a256-e8b16251cbc3\",\r\n    \"addressSpace\":
        {\r\n      \"addressPrefixes\": [\r\n        \"10.11.0.0/16\",\r\n        \"10.12.0.0/16\"\r\n
        \     ]\r\n    },\r\n    \"dhcpOptions\": {\r\n      \"dnsServers\": []\r\n
        \   },\r\n    \"subnets\": [],\r\n    \"virtualNetworkPeerings\": [],\r\n
        \   \"enableDdosProtection\": false\r\n  }\r\n}"
    headers:
      cache-control:
      - no-cache
      content-length:
      - '759'
      content-type:
      - application/json; charset=utf-8
      date:
      - Wed, 31 Mar 2021 05:54:01 GMT
      etag:
      - W/"a214c8c2-907e-4288-b4a5-eac2fb7dafc3"
      expires:
      - '-1'
      pragma:
      - no-cache
      server:
      - Microsoft-HTTPAPI/2.0
      - Microsoft-HTTPAPI/2.0
      strict-transport-security:
      - max-age=31536000; includeSubDomains
      transfer-encoding:
      - chunked
      vary:
      - Accept-Encoding
      x-content-type-options:
      - nosniff
      x-ms-arm-service-request-id:
      - 3fd407ef-1b02-481a-b157-30a83730c478
    status:
      code: 200
      message: OK
- request:
    body: '{"id": "/subscriptions/00000000-0000-0000-0000-000000000000/resourceGroups/cli_test_vpn_connection_ipsec000001/providers/Microsoft.Network/virtualNetworks/vnet1",
      "location": "westus", "tags": {}, "properties": {"addressSpace": {"addressPrefixes":
      ["10.11.0.0/16", "10.12.0.0/16"]}, "dhcpOptions": {"dnsServers": []}, "subnets":
      [{"name": "FrontEnd", "properties": {"addressPrefix": "10.11.0.0/24"}}], "virtualNetworkPeerings":
      [], "enableDdosProtection": false}}'
    headers:
      Accept:
      - application/json
      Accept-Encoding:
      - gzip, deflate
      CommandName:
      - network vnet subnet create
      Connection:
      - keep-alive
      Content-Length:
      - '503'
      Content-Type:
      - application/json
      ParameterSetName:
      - -g --vnet-name -n --address-prefix
      User-Agent:
      - AZURECLI/2.21.0 azsdk-python-azure-mgmt-network/18.0.0 Python/3.8.8 (Windows-10-10.0.19041-SP0)
    method: PUT
    uri: https://management.azure.com/subscriptions/00000000-0000-0000-0000-000000000000/resourceGroups/cli_test_vpn_connection_ipsec000001/providers/Microsoft.Network/virtualNetworks/vnet1?api-version=2020-11-01
  response:
    body:
      string: "{\r\n  \"name\": \"vnet1\",\r\n  \"id\": \"/subscriptions/00000000-0000-0000-0000-000000000000/resourceGroups/cli_test_vpn_connection_ipsec000001/providers/Microsoft.Network/virtualNetworks/vnet1\",\r\n
        \ \"etag\": \"W/\\\"4ef2cc96-5638-42d6-ab69-fb8a54c1ec4b\\\"\",\r\n  \"type\":
        \"Microsoft.Network/virtualNetworks\",\r\n  \"location\": \"westus\",\r\n
        \ \"tags\": {},\r\n  \"properties\": {\r\n    \"provisioningState\": \"Updating\",\r\n
        \   \"resourceGuid\": \"8ebdcfbe-832b-46ba-a256-e8b16251cbc3\",\r\n    \"addressSpace\":
        {\r\n      \"addressPrefixes\": [\r\n        \"10.11.0.0/16\",\r\n        \"10.12.0.0/16\"\r\n
        \     ]\r\n    },\r\n    \"dhcpOptions\": {\r\n      \"dnsServers\": []\r\n
        \   },\r\n    \"subnets\": [\r\n      {\r\n        \"name\": \"FrontEnd\",\r\n
        \       \"id\": \"/subscriptions/00000000-0000-0000-0000-000000000000/resourceGroups/cli_test_vpn_connection_ipsec000001/providers/Microsoft.Network/virtualNetworks/vnet1/subnets/FrontEnd\",\r\n
        \       \"etag\": \"W/\\\"4ef2cc96-5638-42d6-ab69-fb8a54c1ec4b\\\"\",\r\n
        \       \"properties\": {\r\n          \"provisioningState\": \"Updating\",\r\n
        \         \"addressPrefix\": \"10.11.0.0/24\",\r\n          \"delegations\":
        [],\r\n          \"privateEndpointNetworkPolicies\": \"Enabled\",\r\n          \"privateLinkServiceNetworkPolicies\":
        \"Enabled\"\r\n        },\r\n        \"type\": \"Microsoft.Network/virtualNetworks/subnets\"\r\n
        \     }\r\n    ],\r\n    \"virtualNetworkPeerings\": [],\r\n    \"enableDdosProtection\":
        false\r\n  }\r\n}"
    headers:
      azure-asyncoperation:
      - https://management.azure.com/subscriptions/00000000-0000-0000-0000-000000000000/providers/Microsoft.Network/locations/westus/operations/8f5693d1-1674-46c5-92fc-d6322431a26c?api-version=2020-11-01
      cache-control:
      - no-cache
      content-length:
      - '1432'
      content-type:
      - application/json; charset=utf-8
      date:
      - Wed, 31 Mar 2021 05:54:02 GMT
      expires:
      - '-1'
      pragma:
      - no-cache
      server:
      - Microsoft-HTTPAPI/2.0
      - Microsoft-HTTPAPI/2.0
      strict-transport-security:
      - max-age=31536000; includeSubDomains
      transfer-encoding:
      - chunked
      vary:
      - Accept-Encoding
      x-content-type-options:
      - nosniff
      x-ms-arm-service-request-id:
      - c4c38634-10fd-4814-ac44-a237c8846d25
      x-ms-ratelimit-remaining-subscription-writes:
      - '1199'
    status:
      code: 200
      message: OK
- request:
    body: null
    headers:
      Accept:
      - '*/*'
      Accept-Encoding:
      - gzip, deflate
      CommandName:
      - network vnet subnet create
      Connection:
      - keep-alive
      ParameterSetName:
      - -g --vnet-name -n --address-prefix
      User-Agent:
      - AZURECLI/2.21.0 azsdk-python-azure-mgmt-network/18.0.0 Python/3.8.8 (Windows-10-10.0.19041-SP0)
    method: GET
    uri: https://management.azure.com/subscriptions/00000000-0000-0000-0000-000000000000/providers/Microsoft.Network/locations/westus/operations/8f5693d1-1674-46c5-92fc-d6322431a26c?api-version=2020-11-01
  response:
    body:
      string: "{\r\n  \"status\": \"Succeeded\"\r\n}"
    headers:
      cache-control:
      - no-cache
      content-length:
      - '29'
      content-type:
      - application/json; charset=utf-8
      date:
      - Wed, 31 Mar 2021 05:54:06 GMT
      expires:
      - '-1'
      pragma:
      - no-cache
      server:
      - Microsoft-HTTPAPI/2.0
      - Microsoft-HTTPAPI/2.0
      strict-transport-security:
      - max-age=31536000; includeSubDomains
      transfer-encoding:
      - chunked
      vary:
      - Accept-Encoding
      x-content-type-options:
      - nosniff
      x-ms-arm-service-request-id:
      - 9507a78f-3f47-4a89-bc36-187ebc69ad7a
    status:
      code: 200
      message: OK
- request:
    body: null
    headers:
      Accept:
      - '*/*'
      Accept-Encoding:
      - gzip, deflate
      CommandName:
      - network vnet subnet create
      Connection:
      - keep-alive
      ParameterSetName:
      - -g --vnet-name -n --address-prefix
      User-Agent:
      - AZURECLI/2.21.0 azsdk-python-azure-mgmt-network/18.0.0 Python/3.8.8 (Windows-10-10.0.19041-SP0)
    method: GET
    uri: https://management.azure.com/subscriptions/00000000-0000-0000-0000-000000000000/resourceGroups/cli_test_vpn_connection_ipsec000001/providers/Microsoft.Network/virtualNetworks/vnet1?api-version=2020-11-01
  response:
    body:
      string: "{\r\n  \"name\": \"vnet1\",\r\n  \"id\": \"/subscriptions/00000000-0000-0000-0000-000000000000/resourceGroups/cli_test_vpn_connection_ipsec000001/providers/Microsoft.Network/virtualNetworks/vnet1\",\r\n
        \ \"etag\": \"W/\\\"c5e9475c-6a40-407d-aecd-27786fd5980e\\\"\",\r\n  \"type\":
        \"Microsoft.Network/virtualNetworks\",\r\n  \"location\": \"westus\",\r\n
        \ \"tags\": {},\r\n  \"properties\": {\r\n    \"provisioningState\": \"Succeeded\",\r\n
        \   \"resourceGuid\": \"8ebdcfbe-832b-46ba-a256-e8b16251cbc3\",\r\n    \"addressSpace\":
        {\r\n      \"addressPrefixes\": [\r\n        \"10.11.0.0/16\",\r\n        \"10.12.0.0/16\"\r\n
        \     ]\r\n    },\r\n    \"dhcpOptions\": {\r\n      \"dnsServers\": []\r\n
        \   },\r\n    \"subnets\": [\r\n      {\r\n        \"name\": \"FrontEnd\",\r\n
        \       \"id\": \"/subscriptions/00000000-0000-0000-0000-000000000000/resourceGroups/cli_test_vpn_connection_ipsec000001/providers/Microsoft.Network/virtualNetworks/vnet1/subnets/FrontEnd\",\r\n
        \       \"etag\": \"W/\\\"c5e9475c-6a40-407d-aecd-27786fd5980e\\\"\",\r\n
        \       \"properties\": {\r\n          \"provisioningState\": \"Succeeded\",\r\n
        \         \"addressPrefix\": \"10.11.0.0/24\",\r\n          \"delegations\":
        [],\r\n          \"privateEndpointNetworkPolicies\": \"Enabled\",\r\n          \"privateLinkServiceNetworkPolicies\":
        \"Enabled\"\r\n        },\r\n        \"type\": \"Microsoft.Network/virtualNetworks/subnets\"\r\n
        \     }\r\n    ],\r\n    \"virtualNetworkPeerings\": [],\r\n    \"enableDdosProtection\":
        false\r\n  }\r\n}"
    headers:
      cache-control:
      - no-cache
      content-length:
      - '1434'
      content-type:
      - application/json; charset=utf-8
      date:
      - Wed, 31 Mar 2021 05:54:06 GMT
      etag:
      - W/"c5e9475c-6a40-407d-aecd-27786fd5980e"
      expires:
      - '-1'
      pragma:
      - no-cache
      server:
      - Microsoft-HTTPAPI/2.0
      - Microsoft-HTTPAPI/2.0
      strict-transport-security:
      - max-age=31536000; includeSubDomains
      transfer-encoding:
      - chunked
      vary:
      - Accept-Encoding
      x-content-type-options:
      - nosniff
      x-ms-arm-service-request-id:
      - b70bf60e-b282-48a0-97a7-288795b14f7e
    status:
      code: 200
      message: OK
- request:
    body: null
    headers:
      Accept:
      - application/json
      Accept-Encoding:
      - gzip, deflate
      CommandName:
      - network vnet subnet create
      Connection:
      - keep-alive
      ParameterSetName:
      - -g --vnet-name -n --address-prefix
      User-Agent:
      - AZURECLI/2.21.0 azsdk-python-azure-mgmt-network/18.0.0 Python/3.8.8 (Windows-10-10.0.19041-SP0)
    method: GET
    uri: https://management.azure.com/subscriptions/00000000-0000-0000-0000-000000000000/resourceGroups/cli_test_vpn_connection_ipsec000001/providers/Microsoft.Network/virtualNetworks/vnet1?api-version=2020-11-01
  response:
    body:
      string: "{\r\n  \"name\": \"vnet1\",\r\n  \"id\": \"/subscriptions/00000000-0000-0000-0000-000000000000/resourceGroups/cli_test_vpn_connection_ipsec000001/providers/Microsoft.Network/virtualNetworks/vnet1\",\r\n
        \ \"etag\": \"W/\\\"c5e9475c-6a40-407d-aecd-27786fd5980e\\\"\",\r\n  \"type\":
        \"Microsoft.Network/virtualNetworks\",\r\n  \"location\": \"westus\",\r\n
        \ \"tags\": {},\r\n  \"properties\": {\r\n    \"provisioningState\": \"Succeeded\",\r\n
        \   \"resourceGuid\": \"8ebdcfbe-832b-46ba-a256-e8b16251cbc3\",\r\n    \"addressSpace\":
        {\r\n      \"addressPrefixes\": [\r\n        \"10.11.0.0/16\",\r\n        \"10.12.0.0/16\"\r\n
        \     ]\r\n    },\r\n    \"dhcpOptions\": {\r\n      \"dnsServers\": []\r\n
        \   },\r\n    \"subnets\": [\r\n      {\r\n        \"name\": \"FrontEnd\",\r\n
        \       \"id\": \"/subscriptions/00000000-0000-0000-0000-000000000000/resourceGroups/cli_test_vpn_connection_ipsec000001/providers/Microsoft.Network/virtualNetworks/vnet1/subnets/FrontEnd\",\r\n
        \       \"etag\": \"W/\\\"c5e9475c-6a40-407d-aecd-27786fd5980e\\\"\",\r\n
        \       \"properties\": {\r\n          \"provisioningState\": \"Succeeded\",\r\n
        \         \"addressPrefix\": \"10.11.0.0/24\",\r\n          \"delegations\":
        [],\r\n          \"privateEndpointNetworkPolicies\": \"Enabled\",\r\n          \"privateLinkServiceNetworkPolicies\":
        \"Enabled\"\r\n        },\r\n        \"type\": \"Microsoft.Network/virtualNetworks/subnets\"\r\n
        \     }\r\n    ],\r\n    \"virtualNetworkPeerings\": [],\r\n    \"enableDdosProtection\":
        false\r\n  }\r\n}"
    headers:
      cache-control:
      - no-cache
      content-length:
      - '1434'
      content-type:
      - application/json; charset=utf-8
      date:
      - Wed, 31 Mar 2021 05:54:07 GMT
      etag:
      - W/"c5e9475c-6a40-407d-aecd-27786fd5980e"
      expires:
      - '-1'
      pragma:
      - no-cache
      server:
      - Microsoft-HTTPAPI/2.0
      - Microsoft-HTTPAPI/2.0
      strict-transport-security:
      - max-age=31536000; includeSubDomains
      transfer-encoding:
      - chunked
      vary:
      - Accept-Encoding
      x-content-type-options:
      - nosniff
      x-ms-arm-service-request-id:
      - 6dd50c55-5c9f-4850-a524-f6d860c87cf7
    status:
      code: 200
      message: OK
- request:
    body: '{"id": "/subscriptions/00000000-0000-0000-0000-000000000000/resourceGroups/cli_test_vpn_connection_ipsec000001/providers/Microsoft.Network/virtualNetworks/vnet1",
      "location": "westus", "tags": {}, "properties": {"addressSpace": {"addressPrefixes":
      ["10.11.0.0/16", "10.12.0.0/16"]}, "dhcpOptions": {"dnsServers": []}, "subnets":
      [{"id": "/subscriptions/00000000-0000-0000-0000-000000000000/resourceGroups/cli_test_vpn_connection_ipsec000001/providers/Microsoft.Network/virtualNetworks/vnet1/subnets/FrontEnd",
      "name": "FrontEnd", "properties": {"addressPrefix": "10.11.0.0/24", "delegations":
      [], "privateEndpointNetworkPolicies": "Enabled", "privateLinkServiceNetworkPolicies":
      "Enabled"}}, {"name": "BackEnd", "properties": {"addressPrefix": "10.12.0.0/24"}}],
      "virtualNetworkPeerings": [], "enableDdosProtection": false}}'
    headers:
      Accept:
      - application/json
      Accept-Encoding:
      - gzip, deflate
      CommandName:
      - network vnet subnet create
      Connection:
      - keep-alive
      Content-Length:
      - '904'
      Content-Type:
      - application/json
      ParameterSetName:
      - -g --vnet-name -n --address-prefix
      User-Agent:
      - AZURECLI/2.21.0 azsdk-python-azure-mgmt-network/18.0.0 Python/3.8.8 (Windows-10-10.0.19041-SP0)
    method: PUT
    uri: https://management.azure.com/subscriptions/00000000-0000-0000-0000-000000000000/resourceGroups/cli_test_vpn_connection_ipsec000001/providers/Microsoft.Network/virtualNetworks/vnet1?api-version=2020-11-01
  response:
    body:
      string: "{\r\n  \"name\": \"vnet1\",\r\n  \"id\": \"/subscriptions/00000000-0000-0000-0000-000000000000/resourceGroups/cli_test_vpn_connection_ipsec000001/providers/Microsoft.Network/virtualNetworks/vnet1\",\r\n
        \ \"etag\": \"W/\\\"0e72a3d3-1dfa-4db4-91c8-cece527e3a21\\\"\",\r\n  \"type\":
        \"Microsoft.Network/virtualNetworks\",\r\n  \"location\": \"westus\",\r\n
        \ \"tags\": {},\r\n  \"properties\": {\r\n    \"provisioningState\": \"Updating\",\r\n
        \   \"resourceGuid\": \"8ebdcfbe-832b-46ba-a256-e8b16251cbc3\",\r\n    \"addressSpace\":
        {\r\n      \"addressPrefixes\": [\r\n        \"10.11.0.0/16\",\r\n        \"10.12.0.0/16\"\r\n
        \     ]\r\n    },\r\n    \"dhcpOptions\": {\r\n      \"dnsServers\": []\r\n
        \   },\r\n    \"subnets\": [\r\n      {\r\n        \"name\": \"FrontEnd\",\r\n
        \       \"id\": \"/subscriptions/00000000-0000-0000-0000-000000000000/resourceGroups/cli_test_vpn_connection_ipsec000001/providers/Microsoft.Network/virtualNetworks/vnet1/subnets/FrontEnd\",\r\n
        \       \"etag\": \"W/\\\"0e72a3d3-1dfa-4db4-91c8-cece527e3a21\\\"\",\r\n
        \       \"properties\": {\r\n          \"provisioningState\": \"Updating\",\r\n
        \         \"addressPrefix\": \"10.11.0.0/24\",\r\n          \"delegations\":
        [],\r\n          \"privateEndpointNetworkPolicies\": \"Enabled\",\r\n          \"privateLinkServiceNetworkPolicies\":
        \"Enabled\"\r\n        },\r\n        \"type\": \"Microsoft.Network/virtualNetworks/subnets\"\r\n
        \     },\r\n      {\r\n        \"name\": \"BackEnd\",\r\n        \"id\": \"/subscriptions/00000000-0000-0000-0000-000000000000/resourceGroups/cli_test_vpn_connection_ipsec000001/providers/Microsoft.Network/virtualNetworks/vnet1/subnets/BackEnd\",\r\n
        \       \"etag\": \"W/\\\"0e72a3d3-1dfa-4db4-91c8-cece527e3a21\\\"\",\r\n
        \       \"properties\": {\r\n          \"provisioningState\": \"Updating\",\r\n
        \         \"addressPrefix\": \"10.12.0.0/24\",\r\n          \"delegations\":
        [],\r\n          \"privateEndpointNetworkPolicies\": \"Enabled\",\r\n          \"privateLinkServiceNetworkPolicies\":
        \"Enabled\"\r\n        },\r\n        \"type\": \"Microsoft.Network/virtualNetworks/subnets\"\r\n
        \     }\r\n    ],\r\n    \"virtualNetworkPeerings\": [],\r\n    \"enableDdosProtection\":
        false\r\n  }\r\n}"
    headers:
      azure-asyncoperation:
      - https://management.azure.com/subscriptions/00000000-0000-0000-0000-000000000000/providers/Microsoft.Network/locations/westus/operations/c92406b3-42cb-4e76-b4a9-62ac0290ba20?api-version=2020-11-01
      cache-control:
      - no-cache
      content-length:
      - '2099'
      content-type:
      - application/json; charset=utf-8
      date:
      - Wed, 31 Mar 2021 05:54:08 GMT
      expires:
      - '-1'
      pragma:
      - no-cache
      server:
      - Microsoft-HTTPAPI/2.0
      - Microsoft-HTTPAPI/2.0
      strict-transport-security:
      - max-age=31536000; includeSubDomains
      transfer-encoding:
      - chunked
      vary:
      - Accept-Encoding
      x-content-type-options:
      - nosniff
      x-ms-arm-service-request-id:
      - eb030d3d-25ee-4ebc-a545-e116b9cb29cb
      x-ms-ratelimit-remaining-subscription-writes:
      - '1199'
    status:
      code: 200
      message: OK
- request:
    body: null
    headers:
      Accept:
      - '*/*'
      Accept-Encoding:
      - gzip, deflate
      CommandName:
      - network vnet subnet create
      Connection:
      - keep-alive
      ParameterSetName:
      - -g --vnet-name -n --address-prefix
      User-Agent:
      - AZURECLI/2.21.0 azsdk-python-azure-mgmt-network/18.0.0 Python/3.8.8 (Windows-10-10.0.19041-SP0)
    method: GET
    uri: https://management.azure.com/subscriptions/00000000-0000-0000-0000-000000000000/providers/Microsoft.Network/locations/westus/operations/c92406b3-42cb-4e76-b4a9-62ac0290ba20?api-version=2020-11-01
  response:
    body:
      string: "{\r\n  \"status\": \"Succeeded\"\r\n}"
    headers:
      cache-control:
      - no-cache
      content-length:
      - '29'
      content-type:
      - application/json; charset=utf-8
      date:
      - Wed, 31 Mar 2021 05:54:11 GMT
      expires:
      - '-1'
      pragma:
      - no-cache
      server:
      - Microsoft-HTTPAPI/2.0
      - Microsoft-HTTPAPI/2.0
      strict-transport-security:
      - max-age=31536000; includeSubDomains
      transfer-encoding:
      - chunked
      vary:
      - Accept-Encoding
      x-content-type-options:
      - nosniff
      x-ms-arm-service-request-id:
      - 8c813632-b6ad-4b78-b43d-0c0fc430de5a
    status:
      code: 200
      message: OK
- request:
    body: null
    headers:
      Accept:
      - '*/*'
      Accept-Encoding:
      - gzip, deflate
      CommandName:
      - network vnet subnet create
      Connection:
      - keep-alive
      ParameterSetName:
      - -g --vnet-name -n --address-prefix
      User-Agent:
      - AZURECLI/2.21.0 azsdk-python-azure-mgmt-network/18.0.0 Python/3.8.8 (Windows-10-10.0.19041-SP0)
    method: GET
    uri: https://management.azure.com/subscriptions/00000000-0000-0000-0000-000000000000/resourceGroups/cli_test_vpn_connection_ipsec000001/providers/Microsoft.Network/virtualNetworks/vnet1?api-version=2020-11-01
  response:
    body:
      string: "{\r\n  \"name\": \"vnet1\",\r\n  \"id\": \"/subscriptions/00000000-0000-0000-0000-000000000000/resourceGroups/cli_test_vpn_connection_ipsec000001/providers/Microsoft.Network/virtualNetworks/vnet1\",\r\n
        \ \"etag\": \"W/\\\"54c17ddc-846e-439f-90e6-ef166865ccf2\\\"\",\r\n  \"type\":
        \"Microsoft.Network/virtualNetworks\",\r\n  \"location\": \"westus\",\r\n
        \ \"tags\": {},\r\n  \"properties\": {\r\n    \"provisioningState\": \"Succeeded\",\r\n
        \   \"resourceGuid\": \"8ebdcfbe-832b-46ba-a256-e8b16251cbc3\",\r\n    \"addressSpace\":
        {\r\n      \"addressPrefixes\": [\r\n        \"10.11.0.0/16\",\r\n        \"10.12.0.0/16\"\r\n
        \     ]\r\n    },\r\n    \"dhcpOptions\": {\r\n      \"dnsServers\": []\r\n
        \   },\r\n    \"subnets\": [\r\n      {\r\n        \"name\": \"FrontEnd\",\r\n
        \       \"id\": \"/subscriptions/00000000-0000-0000-0000-000000000000/resourceGroups/cli_test_vpn_connection_ipsec000001/providers/Microsoft.Network/virtualNetworks/vnet1/subnets/FrontEnd\",\r\n
        \       \"etag\": \"W/\\\"54c17ddc-846e-439f-90e6-ef166865ccf2\\\"\",\r\n
        \       \"properties\": {\r\n          \"provisioningState\": \"Succeeded\",\r\n
        \         \"addressPrefix\": \"10.11.0.0/24\",\r\n          \"delegations\":
        [],\r\n          \"privateEndpointNetworkPolicies\": \"Enabled\",\r\n          \"privateLinkServiceNetworkPolicies\":
        \"Enabled\"\r\n        },\r\n        \"type\": \"Microsoft.Network/virtualNetworks/subnets\"\r\n
        \     },\r\n      {\r\n        \"name\": \"BackEnd\",\r\n        \"id\": \"/subscriptions/00000000-0000-0000-0000-000000000000/resourceGroups/cli_test_vpn_connection_ipsec000001/providers/Microsoft.Network/virtualNetworks/vnet1/subnets/BackEnd\",\r\n
        \       \"etag\": \"W/\\\"54c17ddc-846e-439f-90e6-ef166865ccf2\\\"\",\r\n
        \       \"properties\": {\r\n          \"provisioningState\": \"Succeeded\",\r\n
        \         \"addressPrefix\": \"10.12.0.0/24\",\r\n          \"delegations\":
        [],\r\n          \"privateEndpointNetworkPolicies\": \"Enabled\",\r\n          \"privateLinkServiceNetworkPolicies\":
        \"Enabled\"\r\n        },\r\n        \"type\": \"Microsoft.Network/virtualNetworks/subnets\"\r\n
        \     }\r\n    ],\r\n    \"virtualNetworkPeerings\": [],\r\n    \"enableDdosProtection\":
        false\r\n  }\r\n}"
    headers:
      cache-control:
      - no-cache
      content-length:
      - '2102'
      content-type:
      - application/json; charset=utf-8
      date:
      - Wed, 31 Mar 2021 05:54:12 GMT
      etag:
      - W/"54c17ddc-846e-439f-90e6-ef166865ccf2"
      expires:
      - '-1'
      pragma:
      - no-cache
      server:
      - Microsoft-HTTPAPI/2.0
      - Microsoft-HTTPAPI/2.0
      strict-transport-security:
      - max-age=31536000; includeSubDomains
      transfer-encoding:
      - chunked
      vary:
      - Accept-Encoding
      x-content-type-options:
      - nosniff
      x-ms-arm-service-request-id:
      - 7692066d-8a4d-4cdd-8689-d0985e5d3520
    status:
      code: 200
      message: OK
- request:
    body: null
    headers:
      Accept:
      - application/json
      Accept-Encoding:
      - gzip, deflate
      CommandName:
      - network vnet subnet create
      Connection:
      - keep-alive
      ParameterSetName:
      - -g --vnet-name -n --address-prefix
      User-Agent:
      - AZURECLI/2.21.0 azsdk-python-azure-mgmt-network/18.0.0 Python/3.8.8 (Windows-10-10.0.19041-SP0)
    method: GET
    uri: https://management.azure.com/subscriptions/00000000-0000-0000-0000-000000000000/resourceGroups/cli_test_vpn_connection_ipsec000001/providers/Microsoft.Network/virtualNetworks/vnet1?api-version=2020-11-01
  response:
    body:
      string: "{\r\n  \"name\": \"vnet1\",\r\n  \"id\": \"/subscriptions/00000000-0000-0000-0000-000000000000/resourceGroups/cli_test_vpn_connection_ipsec000001/providers/Microsoft.Network/virtualNetworks/vnet1\",\r\n
        \ \"etag\": \"W/\\\"54c17ddc-846e-439f-90e6-ef166865ccf2\\\"\",\r\n  \"type\":
        \"Microsoft.Network/virtualNetworks\",\r\n  \"location\": \"westus\",\r\n
        \ \"tags\": {},\r\n  \"properties\": {\r\n    \"provisioningState\": \"Succeeded\",\r\n
        \   \"resourceGuid\": \"8ebdcfbe-832b-46ba-a256-e8b16251cbc3\",\r\n    \"addressSpace\":
        {\r\n      \"addressPrefixes\": [\r\n        \"10.11.0.0/16\",\r\n        \"10.12.0.0/16\"\r\n
        \     ]\r\n    },\r\n    \"dhcpOptions\": {\r\n      \"dnsServers\": []\r\n
        \   },\r\n    \"subnets\": [\r\n      {\r\n        \"name\": \"FrontEnd\",\r\n
        \       \"id\": \"/subscriptions/00000000-0000-0000-0000-000000000000/resourceGroups/cli_test_vpn_connection_ipsec000001/providers/Microsoft.Network/virtualNetworks/vnet1/subnets/FrontEnd\",\r\n
        \       \"etag\": \"W/\\\"54c17ddc-846e-439f-90e6-ef166865ccf2\\\"\",\r\n
        \       \"properties\": {\r\n          \"provisioningState\": \"Succeeded\",\r\n
        \         \"addressPrefix\": \"10.11.0.0/24\",\r\n          \"delegations\":
        [],\r\n          \"privateEndpointNetworkPolicies\": \"Enabled\",\r\n          \"privateLinkServiceNetworkPolicies\":
        \"Enabled\"\r\n        },\r\n        \"type\": \"Microsoft.Network/virtualNetworks/subnets\"\r\n
        \     },\r\n      {\r\n        \"name\": \"BackEnd\",\r\n        \"id\": \"/subscriptions/00000000-0000-0000-0000-000000000000/resourceGroups/cli_test_vpn_connection_ipsec000001/providers/Microsoft.Network/virtualNetworks/vnet1/subnets/BackEnd\",\r\n
        \       \"etag\": \"W/\\\"54c17ddc-846e-439f-90e6-ef166865ccf2\\\"\",\r\n
        \       \"properties\": {\r\n          \"provisioningState\": \"Succeeded\",\r\n
        \         \"addressPrefix\": \"10.12.0.0/24\",\r\n          \"delegations\":
        [],\r\n          \"privateEndpointNetworkPolicies\": \"Enabled\",\r\n          \"privateLinkServiceNetworkPolicies\":
        \"Enabled\"\r\n        },\r\n        \"type\": \"Microsoft.Network/virtualNetworks/subnets\"\r\n
        \     }\r\n    ],\r\n    \"virtualNetworkPeerings\": [],\r\n    \"enableDdosProtection\":
        false\r\n  }\r\n}"
    headers:
      cache-control:
      - no-cache
      content-length:
      - '2102'
      content-type:
      - application/json; charset=utf-8
      date:
      - Wed, 31 Mar 2021 05:54:13 GMT
      etag:
      - W/"54c17ddc-846e-439f-90e6-ef166865ccf2"
      expires:
      - '-1'
      pragma:
      - no-cache
      server:
      - Microsoft-HTTPAPI/2.0
      - Microsoft-HTTPAPI/2.0
      strict-transport-security:
      - max-age=31536000; includeSubDomains
      transfer-encoding:
      - chunked
      vary:
      - Accept-Encoding
      x-content-type-options:
      - nosniff
      x-ms-arm-service-request-id:
      - c5da8cc2-fd99-43a0-b6e6-4099e0ee40af
    status:
      code: 200
      message: OK
- request:
    body: '{"id": "/subscriptions/00000000-0000-0000-0000-000000000000/resourceGroups/cli_test_vpn_connection_ipsec000001/providers/Microsoft.Network/virtualNetworks/vnet1",
      "location": "westus", "tags": {}, "properties": {"addressSpace": {"addressPrefixes":
      ["10.11.0.0/16", "10.12.0.0/16"]}, "dhcpOptions": {"dnsServers": []}, "subnets":
      [{"id": "/subscriptions/00000000-0000-0000-0000-000000000000/resourceGroups/cli_test_vpn_connection_ipsec000001/providers/Microsoft.Network/virtualNetworks/vnet1/subnets/FrontEnd",
      "name": "FrontEnd", "properties": {"addressPrefix": "10.11.0.0/24", "delegations":
      [], "privateEndpointNetworkPolicies": "Enabled", "privateLinkServiceNetworkPolicies":
      "Enabled"}}, {"id": "/subscriptions/00000000-0000-0000-0000-000000000000/resourceGroups/cli_test_vpn_connection_ipsec000001/providers/Microsoft.Network/virtualNetworks/vnet1/subnets/BackEnd",
      "name": "BackEnd", "properties": {"addressPrefix": "10.12.0.0/24", "delegations":
      [], "privateEndpointNetworkPolicies": "Enabled", "privateLinkServiceNetworkPolicies":
      "Enabled"}}, {"name": "GatewaySubnet", "properties": {"addressPrefix": "10.12.255.0/27"}}],
      "virtualNetworkPeerings": [], "enableDdosProtection": false}}'
    headers:
      Accept:
      - application/json
      Accept-Encoding:
      - gzip, deflate
      CommandName:
      - network vnet subnet create
      Connection:
      - keep-alive
      Content-Length:
      - '1312'
      Content-Type:
      - application/json
      ParameterSetName:
      - -g --vnet-name -n --address-prefix
      User-Agent:
      - AZURECLI/2.21.0 azsdk-python-azure-mgmt-network/18.0.0 Python/3.8.8 (Windows-10-10.0.19041-SP0)
    method: PUT
    uri: https://management.azure.com/subscriptions/00000000-0000-0000-0000-000000000000/resourceGroups/cli_test_vpn_connection_ipsec000001/providers/Microsoft.Network/virtualNetworks/vnet1?api-version=2020-11-01
  response:
    body:
      string: "{\r\n  \"name\": \"vnet1\",\r\n  \"id\": \"/subscriptions/00000000-0000-0000-0000-000000000000/resourceGroups/cli_test_vpn_connection_ipsec000001/providers/Microsoft.Network/virtualNetworks/vnet1\",\r\n
        \ \"etag\": \"W/\\\"88eb48dc-bc6f-448d-bf22-b21b7ec0a0c6\\\"\",\r\n  \"type\":
        \"Microsoft.Network/virtualNetworks\",\r\n  \"location\": \"westus\",\r\n
        \ \"tags\": {},\r\n  \"properties\": {\r\n    \"provisioningState\": \"Updating\",\r\n
        \   \"resourceGuid\": \"8ebdcfbe-832b-46ba-a256-e8b16251cbc3\",\r\n    \"addressSpace\":
        {\r\n      \"addressPrefixes\": [\r\n        \"10.11.0.0/16\",\r\n        \"10.12.0.0/16\"\r\n
        \     ]\r\n    },\r\n    \"dhcpOptions\": {\r\n      \"dnsServers\": []\r\n
        \   },\r\n    \"subnets\": [\r\n      {\r\n        \"name\": \"FrontEnd\",\r\n
        \       \"id\": \"/subscriptions/00000000-0000-0000-0000-000000000000/resourceGroups/cli_test_vpn_connection_ipsec000001/providers/Microsoft.Network/virtualNetworks/vnet1/subnets/FrontEnd\",\r\n
        \       \"etag\": \"W/\\\"88eb48dc-bc6f-448d-bf22-b21b7ec0a0c6\\\"\",\r\n
        \       \"properties\": {\r\n          \"provisioningState\": \"Updating\",\r\n
        \         \"addressPrefix\": \"10.11.0.0/24\",\r\n          \"delegations\":
        [],\r\n          \"privateEndpointNetworkPolicies\": \"Enabled\",\r\n          \"privateLinkServiceNetworkPolicies\":
        \"Enabled\"\r\n        },\r\n        \"type\": \"Microsoft.Network/virtualNetworks/subnets\"\r\n
        \     },\r\n      {\r\n        \"name\": \"BackEnd\",\r\n        \"id\": \"/subscriptions/00000000-0000-0000-0000-000000000000/resourceGroups/cli_test_vpn_connection_ipsec000001/providers/Microsoft.Network/virtualNetworks/vnet1/subnets/BackEnd\",\r\n
        \       \"etag\": \"W/\\\"88eb48dc-bc6f-448d-bf22-b21b7ec0a0c6\\\"\",\r\n
        \       \"properties\": {\r\n          \"provisioningState\": \"Updating\",\r\n
        \         \"addressPrefix\": \"10.12.0.0/24\",\r\n          \"delegations\":
        [],\r\n          \"privateEndpointNetworkPolicies\": \"Enabled\",\r\n          \"privateLinkServiceNetworkPolicies\":
        \"Enabled\"\r\n        },\r\n        \"type\": \"Microsoft.Network/virtualNetworks/subnets\"\r\n
        \     },\r\n      {\r\n        \"name\": \"GatewaySubnet\",\r\n        \"id\":
        \"/subscriptions/00000000-0000-0000-0000-000000000000/resourceGroups/cli_test_vpn_connection_ipsec000001/providers/Microsoft.Network/virtualNetworks/vnet1/subnets/GatewaySubnet\",\r\n
        \       \"etag\": \"W/\\\"88eb48dc-bc6f-448d-bf22-b21b7ec0a0c6\\\"\",\r\n
        \       \"properties\": {\r\n          \"provisioningState\": \"Updating\",\r\n
        \         \"addressPrefix\": \"10.12.255.0/27\",\r\n          \"delegations\":
        [],\r\n          \"privateEndpointNetworkPolicies\": \"Enabled\",\r\n          \"privateLinkServiceNetworkPolicies\":
        \"Enabled\"\r\n        },\r\n        \"type\": \"Microsoft.Network/virtualNetworks/subnets\"\r\n
        \     }\r\n    ],\r\n    \"virtualNetworkPeerings\": [],\r\n    \"enableDdosProtection\":
        false\r\n  }\r\n}"
    headers:
      azure-asyncoperation:
      - https://management.azure.com/subscriptions/00000000-0000-0000-0000-000000000000/providers/Microsoft.Network/locations/westus/operations/bc586090-e5cf-418b-ac42-f44042817f60?api-version=2020-11-01
      cache-control:
      - no-cache
      content-length:
      - '2780'
      content-type:
      - application/json; charset=utf-8
      date:
      - Wed, 31 Mar 2021 05:54:14 GMT
      expires:
      - '-1'
      pragma:
      - no-cache
      server:
      - Microsoft-HTTPAPI/2.0
      - Microsoft-HTTPAPI/2.0
      strict-transport-security:
      - max-age=31536000; includeSubDomains
      transfer-encoding:
      - chunked
      vary:
      - Accept-Encoding
      x-content-type-options:
      - nosniff
      x-ms-arm-service-request-id:
      - 857b9493-d9db-4d3b-a53a-cba0c7f1f447
      x-ms-ratelimit-remaining-subscription-writes:
      - '1199'
    status:
      code: 200
      message: OK
- request:
    body: null
    headers:
      Accept:
      - '*/*'
      Accept-Encoding:
      - gzip, deflate
      CommandName:
      - network vnet subnet create
      Connection:
      - keep-alive
      ParameterSetName:
      - -g --vnet-name -n --address-prefix
      User-Agent:
      - AZURECLI/2.21.0 azsdk-python-azure-mgmt-network/18.0.0 Python/3.8.8 (Windows-10-10.0.19041-SP0)
    method: GET
    uri: https://management.azure.com/subscriptions/00000000-0000-0000-0000-000000000000/providers/Microsoft.Network/locations/westus/operations/bc586090-e5cf-418b-ac42-f44042817f60?api-version=2020-11-01
  response:
    body:
      string: "{\r\n  \"status\": \"Succeeded\"\r\n}"
    headers:
      cache-control:
      - no-cache
      content-length:
      - '29'
      content-type:
      - application/json; charset=utf-8
      date:
      - Wed, 31 Mar 2021 05:54:17 GMT
      expires:
      - '-1'
      pragma:
      - no-cache
      server:
      - Microsoft-HTTPAPI/2.0
      - Microsoft-HTTPAPI/2.0
      strict-transport-security:
      - max-age=31536000; includeSubDomains
      transfer-encoding:
      - chunked
      vary:
      - Accept-Encoding
      x-content-type-options:
      - nosniff
      x-ms-arm-service-request-id:
      - d55209ad-81be-4830-965d-32a6dd46e0fa
    status:
      code: 200
      message: OK
- request:
    body: null
    headers:
      Accept:
      - '*/*'
      Accept-Encoding:
      - gzip, deflate
      CommandName:
      - network vnet subnet create
      Connection:
      - keep-alive
      ParameterSetName:
      - -g --vnet-name -n --address-prefix
      User-Agent:
      - AZURECLI/2.21.0 azsdk-python-azure-mgmt-network/18.0.0 Python/3.8.8 (Windows-10-10.0.19041-SP0)
    method: GET
    uri: https://management.azure.com/subscriptions/00000000-0000-0000-0000-000000000000/resourceGroups/cli_test_vpn_connection_ipsec000001/providers/Microsoft.Network/virtualNetworks/vnet1?api-version=2020-11-01
  response:
    body:
      string: "{\r\n  \"name\": \"vnet1\",\r\n  \"id\": \"/subscriptions/00000000-0000-0000-0000-000000000000/resourceGroups/cli_test_vpn_connection_ipsec000001/providers/Microsoft.Network/virtualNetworks/vnet1\",\r\n
        \ \"etag\": \"W/\\\"30e57953-84d8-4eec-8491-d905f71fbb8e\\\"\",\r\n  \"type\":
        \"Microsoft.Network/virtualNetworks\",\r\n  \"location\": \"westus\",\r\n
        \ \"tags\": {},\r\n  \"properties\": {\r\n    \"provisioningState\": \"Succeeded\",\r\n
        \   \"resourceGuid\": \"8ebdcfbe-832b-46ba-a256-e8b16251cbc3\",\r\n    \"addressSpace\":
        {\r\n      \"addressPrefixes\": [\r\n        \"10.11.0.0/16\",\r\n        \"10.12.0.0/16\"\r\n
        \     ]\r\n    },\r\n    \"dhcpOptions\": {\r\n      \"dnsServers\": []\r\n
        \   },\r\n    \"subnets\": [\r\n      {\r\n        \"name\": \"FrontEnd\",\r\n
        \       \"id\": \"/subscriptions/00000000-0000-0000-0000-000000000000/resourceGroups/cli_test_vpn_connection_ipsec000001/providers/Microsoft.Network/virtualNetworks/vnet1/subnets/FrontEnd\",\r\n
        \       \"etag\": \"W/\\\"30e57953-84d8-4eec-8491-d905f71fbb8e\\\"\",\r\n
        \       \"properties\": {\r\n          \"provisioningState\": \"Succeeded\",\r\n
        \         \"addressPrefix\": \"10.11.0.0/24\",\r\n          \"delegations\":
        [],\r\n          \"privateEndpointNetworkPolicies\": \"Enabled\",\r\n          \"privateLinkServiceNetworkPolicies\":
        \"Enabled\"\r\n        },\r\n        \"type\": \"Microsoft.Network/virtualNetworks/subnets\"\r\n
        \     },\r\n      {\r\n        \"name\": \"BackEnd\",\r\n        \"id\": \"/subscriptions/00000000-0000-0000-0000-000000000000/resourceGroups/cli_test_vpn_connection_ipsec000001/providers/Microsoft.Network/virtualNetworks/vnet1/subnets/BackEnd\",\r\n
        \       \"etag\": \"W/\\\"30e57953-84d8-4eec-8491-d905f71fbb8e\\\"\",\r\n
        \       \"properties\": {\r\n          \"provisioningState\": \"Succeeded\",\r\n
        \         \"addressPrefix\": \"10.12.0.0/24\",\r\n          \"delegations\":
        [],\r\n          \"privateEndpointNetworkPolicies\": \"Enabled\",\r\n          \"privateLinkServiceNetworkPolicies\":
        \"Enabled\"\r\n        },\r\n        \"type\": \"Microsoft.Network/virtualNetworks/subnets\"\r\n
        \     },\r\n      {\r\n        \"name\": \"GatewaySubnet\",\r\n        \"id\":
        \"/subscriptions/00000000-0000-0000-0000-000000000000/resourceGroups/cli_test_vpn_connection_ipsec000001/providers/Microsoft.Network/virtualNetworks/vnet1/subnets/GatewaySubnet\",\r\n
        \       \"etag\": \"W/\\\"30e57953-84d8-4eec-8491-d905f71fbb8e\\\"\",\r\n
        \       \"properties\": {\r\n          \"provisioningState\": \"Succeeded\",\r\n
        \         \"addressPrefix\": \"10.12.255.0/27\",\r\n          \"delegations\":
        [],\r\n          \"privateEndpointNetworkPolicies\": \"Enabled\",\r\n          \"privateLinkServiceNetworkPolicies\":
        \"Enabled\"\r\n        },\r\n        \"type\": \"Microsoft.Network/virtualNetworks/subnets\"\r\n
        \     }\r\n    ],\r\n    \"virtualNetworkPeerings\": [],\r\n    \"enableDdosProtection\":
        false\r\n  }\r\n}"
    headers:
      cache-control:
      - no-cache
      content-length:
      - '2784'
      content-type:
      - application/json; charset=utf-8
      date:
      - Wed, 31 Mar 2021 05:54:18 GMT
      etag:
      - W/"30e57953-84d8-4eec-8491-d905f71fbb8e"
      expires:
      - '-1'
      pragma:
      - no-cache
      server:
      - Microsoft-HTTPAPI/2.0
      - Microsoft-HTTPAPI/2.0
      strict-transport-security:
      - max-age=31536000; includeSubDomains
      transfer-encoding:
      - chunked
      vary:
      - Accept-Encoding
      x-content-type-options:
      - nosniff
      x-ms-arm-service-request-id:
      - 68afabe6-3e55-476f-9f00-dcf07efc2c85
    status:
      code: 200
      message: OK
- request:
    body: null
    headers:
      Accept:
      - application/json
      Accept-Encoding:
      - gzip, deflate
      CommandName:
      - network public-ip create
      Connection:
      - keep-alive
      ParameterSetName:
      - -g -n
      User-Agent:
      - python/3.8.8 (Windows-10-10.0.19041-SP0) msrest/0.6.21 msrest_azure/0.6.3
        azure-mgmt-resource/12.0.0 Azure-SDK-For-Python AZURECLI/2.21.0
      accept-language:
      - en-US
    method: GET
    uri: https://management.azure.com/subscriptions/00000000-0000-0000-0000-000000000000/resourcegroups/cli_test_vpn_connection_ipsec000001?api-version=2020-10-01
  response:
    body:
      string: '{"id":"/subscriptions/00000000-0000-0000-0000-000000000000/resourceGroups/cli_test_vpn_connection_ipsec000001","name":"cli_test_vpn_connection_ipsec000001","type":"Microsoft.Resources/resourceGroups","location":"westus","tags":{"product":"azurecli","cause":"automation","date":"2021-03-31T05:53:47Z"},"properties":{"provisioningState":"Succeeded"}}'
    headers:
      cache-control:
      - no-cache
      content-length:
      - '428'
      content-type:
      - application/json; charset=utf-8
      date:
      - Wed, 31 Mar 2021 05:54:19 GMT
      expires:
      - '-1'
      pragma:
      - no-cache
      strict-transport-security:
      - max-age=31536000; includeSubDomains
      vary:
      - Accept-Encoding
      x-content-type-options:
      - nosniff
    status:
      code: 200
      message: OK
- request:
    body: '{"location": "westus", "properties": {"publicIPAllocationMethod": "Dynamic",
      "publicIPAddressVersion": "IPv4", "idleTimeoutInMinutes": 4}}'
    headers:
      Accept:
      - application/json
      Accept-Encoding:
      - gzip, deflate
      CommandName:
      - network public-ip create
      Connection:
      - keep-alive
      Content-Length:
      - '138'
      Content-Type:
      - application/json
      ParameterSetName:
      - -g -n
      User-Agent:
      - AZURECLI/2.21.0 azsdk-python-azure-mgmt-network/18.0.0 Python/3.8.8 (Windows-10-10.0.19041-SP0)
    method: PUT
    uri: https://management.azure.com/subscriptions/00000000-0000-0000-0000-000000000000/resourceGroups/cli_test_vpn_connection_ipsec000001/providers/Microsoft.Network/publicIPAddresses/pip1?api-version=2020-11-01
  response:
    body:
      string: "{\r\n  \"name\": \"pip1\",\r\n  \"id\": \"/subscriptions/00000000-0000-0000-0000-000000000000/resourceGroups/cli_test_vpn_connection_ipsec000001/providers/Microsoft.Network/publicIPAddresses/pip1\",\r\n
        \ \"etag\": \"W/\\\"86624f06-141a-42e9-9617-201da7edec46\\\"\",\r\n  \"location\":
        \"westus\",\r\n  \"properties\": {\r\n    \"provisioningState\": \"Updating\",\r\n
        \   \"resourceGuid\": \"4f4ae4ee-802e-4e09-8fe3-e7761db1a7b4\",\r\n    \"publicIPAddressVersion\":
        \"IPv4\",\r\n    \"publicIPAllocationMethod\": \"Dynamic\",\r\n    \"idleTimeoutInMinutes\":
        4,\r\n    \"ipTags\": []\r\n  },\r\n  \"type\": \"Microsoft.Network/publicIPAddresses\",\r\n
        \ \"sku\": {\r\n    \"name\": \"Basic\",\r\n    \"tier\": \"Regional\"\r\n
        \ }\r\n}"
    headers:
      azure-asyncnotification:
      - Enabled
      azure-asyncoperation:
      - https://management.azure.com/subscriptions/00000000-0000-0000-0000-000000000000/providers/Microsoft.Network/locations/westus/operations/a43c91fa-7d78-4c8e-b720-fa566db6f752?api-version=2020-11-01
      cache-control:
      - no-cache
      content-length:
      - '681'
      content-type:
      - application/json; charset=utf-8
      date:
      - Wed, 31 Mar 2021 05:54:25 GMT
      expires:
      - '-1'
      pragma:
      - no-cache
      server:
      - Microsoft-HTTPAPI/2.0
      - Microsoft-HTTPAPI/2.0
      strict-transport-security:
      - max-age=31536000; includeSubDomains
      x-content-type-options:
      - nosniff
      x-ms-arm-service-request-id:
      - 2e7c360b-3ca0-46bc-a0f1-89aec724b987
      x-ms-ratelimit-remaining-subscription-writes:
      - '1199'
    status:
      code: 201
      message: Created
- request:
    body: null
    headers:
      Accept:
      - '*/*'
      Accept-Encoding:
      - gzip, deflate
      CommandName:
      - network public-ip create
      Connection:
      - keep-alive
      ParameterSetName:
      - -g -n
      User-Agent:
      - AZURECLI/2.21.0 azsdk-python-azure-mgmt-network/18.0.0 Python/3.8.8 (Windows-10-10.0.19041-SP0)
    method: GET
    uri: https://management.azure.com/subscriptions/00000000-0000-0000-0000-000000000000/providers/Microsoft.Network/locations/westus/operations/a43c91fa-7d78-4c8e-b720-fa566db6f752?api-version=2020-11-01
  response:
    body:
      string: "{\r\n  \"status\": \"Succeeded\"\r\n}"
    headers:
      cache-control:
      - no-cache
      content-length:
      - '29'
      content-type:
      - application/json; charset=utf-8
      date:
      - Wed, 31 Mar 2021 05:54:26 GMT
      expires:
      - '-1'
      pragma:
      - no-cache
      server:
      - Microsoft-HTTPAPI/2.0
      - Microsoft-HTTPAPI/2.0
      strict-transport-security:
      - max-age=31536000; includeSubDomains
      transfer-encoding:
      - chunked
      vary:
      - Accept-Encoding
      x-content-type-options:
      - nosniff
      x-ms-arm-service-request-id:
      - 945e97ef-e8bb-4f49-baa5-1f7c885fe72e
    status:
      code: 200
      message: OK
- request:
    body: null
    headers:
      Accept:
      - '*/*'
      Accept-Encoding:
      - gzip, deflate
      CommandName:
      - network public-ip create
      Connection:
      - keep-alive
      ParameterSetName:
      - -g -n
      User-Agent:
      - AZURECLI/2.21.0 azsdk-python-azure-mgmt-network/18.0.0 Python/3.8.8 (Windows-10-10.0.19041-SP0)
    method: GET
    uri: https://management.azure.com/subscriptions/00000000-0000-0000-0000-000000000000/resourceGroups/cli_test_vpn_connection_ipsec000001/providers/Microsoft.Network/publicIPAddresses/pip1?api-version=2020-11-01
  response:
    body:
      string: "{\r\n  \"name\": \"pip1\",\r\n  \"id\": \"/subscriptions/00000000-0000-0000-0000-000000000000/resourceGroups/cli_test_vpn_connection_ipsec000001/providers/Microsoft.Network/publicIPAddresses/pip1\",\r\n
        \ \"etag\": \"W/\\\"8610e1d0-735b-40ea-b6e5-9d08d8a547c2\\\"\",\r\n  \"location\":
        \"westus\",\r\n  \"properties\": {\r\n    \"provisioningState\": \"Succeeded\",\r\n
        \   \"resourceGuid\": \"4f4ae4ee-802e-4e09-8fe3-e7761db1a7b4\",\r\n    \"publicIPAddressVersion\":
        \"IPv4\",\r\n    \"publicIPAllocationMethod\": \"Dynamic\",\r\n    \"idleTimeoutInMinutes\":
        4,\r\n    \"ipTags\": []\r\n  },\r\n  \"type\": \"Microsoft.Network/publicIPAddresses\",\r\n
        \ \"sku\": {\r\n    \"name\": \"Basic\",\r\n    \"tier\": \"Regional\"\r\n
        \ }\r\n}"
    headers:
      cache-control:
      - no-cache
      content-length:
      - '682'
      content-type:
      - application/json; charset=utf-8
      date:
      - Wed, 31 Mar 2021 05:54:27 GMT
      etag:
      - W/"8610e1d0-735b-40ea-b6e5-9d08d8a547c2"
      expires:
      - '-1'
      pragma:
      - no-cache
      server:
      - Microsoft-HTTPAPI/2.0
      - Microsoft-HTTPAPI/2.0
      strict-transport-security:
      - max-age=31536000; includeSubDomains
      transfer-encoding:
      - chunked
      vary:
      - Accept-Encoding
      x-content-type-options:
      - nosniff
      x-ms-arm-service-request-id:
      - bda67c8f-211e-4bd5-9146-0c647b48234e
    status:
      code: 200
      message: OK
- request:
    body: null
    headers:
      Accept:
      - application/json
      Accept-Encoding:
      - gzip, deflate
      CommandName:
      - network vnet-gateway create
      Connection:
      - keep-alive
      ParameterSetName:
      - -g -n --public-ip-address --vnet --sku
      User-Agent:
      - python/3.8.8 (Windows-10-10.0.19041-SP0) msrest/0.6.21 msrest_azure/0.6.3
        azure-mgmt-resource/12.0.0 Azure-SDK-For-Python AZURECLI/2.21.0
      accept-language:
      - en-US
    method: GET
    uri: https://management.azure.com/subscriptions/00000000-0000-0000-0000-000000000000/resourcegroups/cli_test_vpn_connection_ipsec000001?api-version=2020-10-01
  response:
    body:
      string: '{"id":"/subscriptions/00000000-0000-0000-0000-000000000000/resourceGroups/cli_test_vpn_connection_ipsec000001","name":"cli_test_vpn_connection_ipsec000001","type":"Microsoft.Resources/resourceGroups","location":"westus","tags":{"product":"azurecli","cause":"automation","date":"2021-03-31T05:53:47Z"},"properties":{"provisioningState":"Succeeded"}}'
    headers:
      cache-control:
      - no-cache
      content-length:
      - '428'
      content-type:
      - application/json; charset=utf-8
      date:
      - Wed, 31 Mar 2021 05:54:27 GMT
      expires:
      - '-1'
      pragma:
      - no-cache
      strict-transport-security:
      - max-age=31536000; includeSubDomains
      vary:
      - Accept-Encoding
      x-content-type-options:
      - nosniff
    status:
      code: 200
      message: OK
- request:
    body: '{"location": "westus", "properties": {"ipConfigurations": [{"name": "vnetGatewayConfig0",
      "properties": {"privateIPAllocationMethod": "Dynamic", "subnet": {"id": "/subscriptions/00000000-0000-0000-0000-000000000000/resourceGroups/cli_test_vpn_connection_ipsec000001/providers/Microsoft.Network/virtualNetworks/vnet1/subnets/GatewaySubnet"},
      "publicIPAddress": {"id": "/subscriptions/00000000-0000-0000-0000-000000000000/resourceGroups/cli_test_vpn_connection_ipsec000001/providers/Microsoft.Network/publicIPAddresses/pip1"}}}],
      "gatewayType": "Vpn", "vpnType": "RouteBased", "activeActive": false, "sku":
      {"name": "Standard", "tier": "Standard"}}}'
    headers:
      Accept:
      - application/json
      Accept-Encoding:
      - gzip, deflate
      CommandName:
      - network vnet-gateway create
      Connection:
      - keep-alive
      Content-Length:
      - '727'
      Content-Type:
      - application/json
      ParameterSetName:
      - -g -n --public-ip-address --vnet --sku
      User-Agent:
      - AZURECLI/2.21.0 azsdk-python-azure-mgmt-network/18.0.0 Python/3.8.8 (Windows-10-10.0.19041-SP0)
    method: PUT
    uri: https://management.azure.com/subscriptions/00000000-0000-0000-0000-000000000000/resourceGroups/cli_test_vpn_connection_ipsec000001/providers/Microsoft.Network/virtualNetworkGateways/gw1?api-version=2020-11-01
  response:
    body:
      string: "{\r\n  \"name\": \"gw1\",\r\n  \"id\": \"/subscriptions/00000000-0000-0000-0000-000000000000/resourceGroups/cli_test_vpn_connection_ipsec000001/providers/Microsoft.Network/virtualNetworkGateways/gw1\",\r\n
        \ \"etag\": \"W/\\\"16e4c62b-5461-4087-8775-8feb0a3721fc\\\"\",\r\n  \"type\":
        \"Microsoft.Network/virtualNetworkGateways\",\r\n  \"location\": \"westus\",\r\n
        \ \"properties\": {\r\n    \"provisioningState\": \"Updating\",\r\n    \"resourceGuid\":
        \"7ed0059f-5fa5-4c6c-bbff-d877ae7b7195\",\r\n    \"packetCaptureDiagnosticState\":
        \"None\",\r\n    \"enablePrivateIpAddress\": false,\r\n    \"ipConfigurations\":
        [\r\n      {\r\n        \"name\": \"vnetGatewayConfig0\",\r\n        \"id\":
        \"/subscriptions/00000000-0000-0000-0000-000000000000/resourceGroups/cli_test_vpn_connection_ipsec000001/providers/Microsoft.Network/virtualNetworkGateways/gw1/ipConfigurations/vnetGatewayConfig0\",\r\n
        \       \"etag\": \"W/\\\"16e4c62b-5461-4087-8775-8feb0a3721fc\\\"\",\r\n
        \       \"type\": \"Microsoft.Network/virtualNetworkGateways/ipConfigurations\",\r\n
        \       \"properties\": {\r\n          \"provisioningState\": \"Updating\",\r\n
        \         \"privateIPAllocationMethod\": \"Dynamic\",\r\n          \"publicIPAddress\":
        {\r\n            \"id\": \"/subscriptions/00000000-0000-0000-0000-000000000000/resourceGroups/cli_test_vpn_connection_ipsec000001/providers/Microsoft.Network/publicIPAddresses/pip1\"\r\n
        \         },\r\n          \"subnet\": {\r\n            \"id\": \"/subscriptions/00000000-0000-0000-0000-000000000000/resourceGroups/cli_test_vpn_connection_ipsec000001/providers/Microsoft.Network/virtualNetworks/vnet1/subnets/GatewaySubnet\"\r\n
        \         }\r\n        }\r\n      }\r\n    ],\r\n    \"natRules\": [],\r\n
        \   \"enableBgpRouteTranslationForNat\": false,\r\n    \"sku\": {\r\n      \"name\":
        \"Standard\",\r\n      \"tier\": \"Standard\",\r\n      \"capacity\": 2\r\n
        \   },\r\n    \"gatewayType\": \"Vpn\",\r\n    \"vpnType\": \"RouteBased\",\r\n
        \   \"enableBgp\": false,\r\n    \"activeActive\": false,\r\n    \"vpnClientConfiguration\":
        {\r\n      \"vpnClientProtocols\": [\r\n        \"OpenVPN\",\r\n        \"IkeV2\"\r\n
        \     ],\r\n      \"vpnAuthenticationTypes\": [],\r\n      \"vpnClientRootCertificates\":
        [],\r\n      \"vpnClientRevokedCertificates\": [],\r\n      \"radiusServers\":
        [],\r\n      \"vpnClientIpsecPolicies\": []\r\n    },\r\n    \"bgpSettings\":
        {\r\n      \"asn\": 0,\r\n      \"peerWeight\": 0,\r\n      \"bgpPeeringAddresses\":
        [\r\n        {\r\n          \"ipconfigurationId\": \"/subscriptions/00000000-0000-0000-0000-000000000000/resourceGroups/cli_test_vpn_connection_ipsec000001/providers/Microsoft.Network/virtualNetworkGateways/gw1/ipConfigurations/vnetGatewayConfig0\",\r\n
        \         \"defaultBgpIpAddresses\": [],\r\n          \"customBgpIpAddresses\":
        []\r\n        }\r\n      ]\r\n    },\r\n    \"vpnGatewayGeneration\": \"Generation1\"\r\n
        \ }\r\n}"
    headers:
      azure-asyncnotification:
      - Enabled
      azure-asyncoperation:
      - https://management.azure.com/subscriptions/00000000-0000-0000-0000-000000000000/providers/Microsoft.Network/locations/westus/operations/b791fd33-6aee-422e-a134-14081ee123b1?api-version=2020-11-01
      cache-control:
      - no-cache
      content-length:
      - '2826'
      content-type:
      - application/json; charset=utf-8
      date:
      - Wed, 31 Mar 2021 05:54:33 GMT
      expires:
      - '-1'
      pragma:
      - no-cache
      server:
      - Microsoft-HTTPAPI/2.0
      - Microsoft-HTTPAPI/2.0
      strict-transport-security:
      - max-age=31536000; includeSubDomains
      x-content-type-options:
      - nosniff
      x-ms-arm-service-request-id:
      - df2b661f-adc1-40aa-8bb3-11fe1af0a32b
      x-ms-ratelimit-remaining-subscription-writes:
      - '1199'
    status:
      code: 201
      message: Created
- request:
    body: null
    headers:
      Accept:
      - '*/*'
      Accept-Encoding:
      - gzip, deflate
      CommandName:
      - network vnet-gateway create
      Connection:
      - keep-alive
      ParameterSetName:
      - -g -n --public-ip-address --vnet --sku
      User-Agent:
      - AZURECLI/2.21.0 azsdk-python-azure-mgmt-network/18.0.0 Python/3.8.8 (Windows-10-10.0.19041-SP0)
    method: GET
    uri: https://management.azure.com/subscriptions/00000000-0000-0000-0000-000000000000/providers/Microsoft.Network/locations/westus/operations/b791fd33-6aee-422e-a134-14081ee123b1?api-version=2020-11-01
  response:
    body:
      string: "{\r\n  \"status\": \"InProgress\"\r\n}"
    headers:
      cache-control:
      - no-cache
      content-length:
      - '30'
      content-type:
      - application/json; charset=utf-8
      date:
      - Wed, 31 Mar 2021 05:54:44 GMT
      expires:
      - '-1'
      pragma:
      - no-cache
      server:
      - Microsoft-HTTPAPI/2.0
      - Microsoft-HTTPAPI/2.0
      strict-transport-security:
      - max-age=31536000; includeSubDomains
      transfer-encoding:
      - chunked
      vary:
      - Accept-Encoding
      x-content-type-options:
      - nosniff
      x-ms-arm-service-request-id:
      - 759977de-fb6a-4e26-8ee1-6ceae88522a4
    status:
      code: 200
      message: OK
- request:
    body: null
    headers:
      Accept:
      - '*/*'
      Accept-Encoding:
      - gzip, deflate
      CommandName:
      - network vnet-gateway create
      Connection:
      - keep-alive
      ParameterSetName:
      - -g -n --public-ip-address --vnet --sku
      User-Agent:
      - AZURECLI/2.21.0 azsdk-python-azure-mgmt-network/18.0.0 Python/3.8.8 (Windows-10-10.0.19041-SP0)
    method: GET
    uri: https://management.azure.com/subscriptions/00000000-0000-0000-0000-000000000000/providers/Microsoft.Network/locations/westus/operations/b791fd33-6aee-422e-a134-14081ee123b1?api-version=2020-11-01
  response:
    body:
      string: "{\r\n  \"status\": \"InProgress\"\r\n}"
    headers:
      cache-control:
      - no-cache
      content-length:
      - '30'
      content-type:
      - application/json; charset=utf-8
      date:
      - Wed, 31 Mar 2021 05:54:54 GMT
      expires:
      - '-1'
      pragma:
      - no-cache
      server:
      - Microsoft-HTTPAPI/2.0
      - Microsoft-HTTPAPI/2.0
      strict-transport-security:
      - max-age=31536000; includeSubDomains
      transfer-encoding:
      - chunked
      vary:
      - Accept-Encoding
      x-content-type-options:
      - nosniff
      x-ms-arm-service-request-id:
      - 4250c066-d7c8-403d-acac-19b9143a7100
    status:
      code: 200
      message: OK
- request:
    body: null
    headers:
      Accept:
      - '*/*'
      Accept-Encoding:
      - gzip, deflate
      CommandName:
      - network vnet-gateway create
      Connection:
      - keep-alive
      ParameterSetName:
      - -g -n --public-ip-address --vnet --sku
      User-Agent:
      - AZURECLI/2.21.0 azsdk-python-azure-mgmt-network/18.0.0 Python/3.8.8 (Windows-10-10.0.19041-SP0)
    method: GET
    uri: https://management.azure.com/subscriptions/00000000-0000-0000-0000-000000000000/providers/Microsoft.Network/locations/westus/operations/b791fd33-6aee-422e-a134-14081ee123b1?api-version=2020-11-01
  response:
    body:
      string: "{\r\n  \"status\": \"InProgress\"\r\n}"
    headers:
      cache-control:
      - no-cache
      content-length:
      - '30'
      content-type:
      - application/json; charset=utf-8
      date:
      - Wed, 31 Mar 2021 05:55:14 GMT
      expires:
      - '-1'
      pragma:
      - no-cache
      server:
      - Microsoft-HTTPAPI/2.0
      - Microsoft-HTTPAPI/2.0
      strict-transport-security:
      - max-age=31536000; includeSubDomains
      transfer-encoding:
      - chunked
      vary:
      - Accept-Encoding
      x-content-type-options:
      - nosniff
      x-ms-arm-service-request-id:
      - ee43f1bd-a124-4250-9f0f-0e35b9cb232e
    status:
      code: 200
      message: OK
- request:
    body: null
    headers:
      Accept:
      - '*/*'
      Accept-Encoding:
      - gzip, deflate
      CommandName:
      - network vnet-gateway create
      Connection:
      - keep-alive
      ParameterSetName:
      - -g -n --public-ip-address --vnet --sku
      User-Agent:
      - AZURECLI/2.21.0 azsdk-python-azure-mgmt-network/18.0.0 Python/3.8.8 (Windows-10-10.0.19041-SP0)
    method: GET
    uri: https://management.azure.com/subscriptions/00000000-0000-0000-0000-000000000000/providers/Microsoft.Network/locations/westus/operations/b791fd33-6aee-422e-a134-14081ee123b1?api-version=2020-11-01
  response:
    body:
      string: "{\r\n  \"status\": \"InProgress\"\r\n}"
    headers:
      cache-control:
      - no-cache
      content-length:
      - '30'
      content-type:
      - application/json; charset=utf-8
      date:
      - Wed, 31 Mar 2021 05:55:35 GMT
      expires:
      - '-1'
      pragma:
      - no-cache
      server:
      - Microsoft-HTTPAPI/2.0
      - Microsoft-HTTPAPI/2.0
      strict-transport-security:
      - max-age=31536000; includeSubDomains
      transfer-encoding:
      - chunked
      vary:
      - Accept-Encoding
      x-content-type-options:
      - nosniff
      x-ms-arm-service-request-id:
      - ff5958de-da66-4db0-a41b-bca6f874c835
    status:
      code: 200
      message: OK
- request:
    body: null
    headers:
      Accept:
      - '*/*'
      Accept-Encoding:
      - gzip, deflate
      CommandName:
      - network vnet-gateway create
      Connection:
      - keep-alive
      ParameterSetName:
      - -g -n --public-ip-address --vnet --sku
      User-Agent:
      - AZURECLI/2.21.0 azsdk-python-azure-mgmt-network/18.0.0 Python/3.8.8 (Windows-10-10.0.19041-SP0)
    method: GET
    uri: https://management.azure.com/subscriptions/00000000-0000-0000-0000-000000000000/providers/Microsoft.Network/locations/westus/operations/b791fd33-6aee-422e-a134-14081ee123b1?api-version=2020-11-01
  response:
    body:
      string: "{\r\n  \"status\": \"InProgress\"\r\n}"
    headers:
      cache-control:
      - no-cache
      content-length:
      - '30'
      content-type:
      - application/json; charset=utf-8
      date:
      - Wed, 31 Mar 2021 05:56:15 GMT
      expires:
      - '-1'
      pragma:
      - no-cache
      server:
      - Microsoft-HTTPAPI/2.0
      - Microsoft-HTTPAPI/2.0
      strict-transport-security:
      - max-age=31536000; includeSubDomains
      transfer-encoding:
      - chunked
      vary:
      - Accept-Encoding
      x-content-type-options:
      - nosniff
      x-ms-arm-service-request-id:
      - 93b5e8c9-fa53-479a-b121-95ee35afe0c5
    status:
      code: 200
      message: OK
- request:
    body: null
    headers:
      Accept:
      - '*/*'
      Accept-Encoding:
      - gzip, deflate
      CommandName:
      - network vnet-gateway create
      Connection:
      - keep-alive
      ParameterSetName:
      - -g -n --public-ip-address --vnet --sku
      User-Agent:
      - AZURECLI/2.21.0 azsdk-python-azure-mgmt-network/18.0.0 Python/3.8.8 (Windows-10-10.0.19041-SP0)
    method: GET
    uri: https://management.azure.com/subscriptions/00000000-0000-0000-0000-000000000000/providers/Microsoft.Network/locations/westus/operations/b791fd33-6aee-422e-a134-14081ee123b1?api-version=2020-11-01
  response:
    body:
      string: "{\r\n  \"status\": \"InProgress\"\r\n}"
    headers:
      cache-control:
      - no-cache
      content-length:
      - '30'
      content-type:
      - application/json; charset=utf-8
      date:
      - Wed, 31 Mar 2021 05:56:55 GMT
      expires:
      - '-1'
      pragma:
      - no-cache
      server:
      - Microsoft-HTTPAPI/2.0
      - Microsoft-HTTPAPI/2.0
      strict-transport-security:
      - max-age=31536000; includeSubDomains
      transfer-encoding:
      - chunked
      vary:
      - Accept-Encoding
      x-content-type-options:
      - nosniff
      x-ms-arm-service-request-id:
      - 630080d2-98e3-4c70-862c-c6456affba5c
    status:
      code: 200
      message: OK
- request:
    body: null
    headers:
      Accept:
      - '*/*'
      Accept-Encoding:
      - gzip, deflate
      CommandName:
      - network vnet-gateway create
      Connection:
      - keep-alive
      ParameterSetName:
      - -g -n --public-ip-address --vnet --sku
      User-Agent:
      - AZURECLI/2.21.0 azsdk-python-azure-mgmt-network/18.0.0 Python/3.8.8 (Windows-10-10.0.19041-SP0)
    method: GET
    uri: https://management.azure.com/subscriptions/00000000-0000-0000-0000-000000000000/providers/Microsoft.Network/locations/westus/operations/b791fd33-6aee-422e-a134-14081ee123b1?api-version=2020-11-01
  response:
    body:
      string: "{\r\n  \"status\": \"InProgress\"\r\n}"
    headers:
      cache-control:
      - no-cache
      content-length:
      - '30'
      content-type:
      - application/json; charset=utf-8
      date:
      - Wed, 31 Mar 2021 05:58:16 GMT
      expires:
      - '-1'
      pragma:
      - no-cache
      server:
      - Microsoft-HTTPAPI/2.0
      - Microsoft-HTTPAPI/2.0
      strict-transport-security:
      - max-age=31536000; includeSubDomains
      transfer-encoding:
      - chunked
      vary:
      - Accept-Encoding
      x-content-type-options:
      - nosniff
      x-ms-arm-service-request-id:
      - e3aae456-0aa8-4c69-8a2f-afdbe3cb30e8
    status:
      code: 200
      message: OK
- request:
    body: null
    headers:
      Accept:
      - '*/*'
      Accept-Encoding:
      - gzip, deflate
      CommandName:
      - network vnet-gateway create
      Connection:
      - keep-alive
      ParameterSetName:
      - -g -n --public-ip-address --vnet --sku
      User-Agent:
      - AZURECLI/2.21.0 azsdk-python-azure-mgmt-network/18.0.0 Python/3.8.8 (Windows-10-10.0.19041-SP0)
    method: GET
    uri: https://management.azure.com/subscriptions/00000000-0000-0000-0000-000000000000/providers/Microsoft.Network/locations/westus/operations/b791fd33-6aee-422e-a134-14081ee123b1?api-version=2020-11-01
  response:
    body:
      string: "{\r\n  \"status\": \"InProgress\"\r\n}"
    headers:
      cache-control:
      - no-cache
      content-length:
      - '30'
      content-type:
      - application/json; charset=utf-8
      date:
      - Wed, 31 Mar 2021 06:00:56 GMT
      expires:
      - '-1'
      pragma:
      - no-cache
      server:
      - Microsoft-HTTPAPI/2.0
      - Microsoft-HTTPAPI/2.0
      strict-transport-security:
      - max-age=31536000; includeSubDomains
      transfer-encoding:
      - chunked
      vary:
      - Accept-Encoding
      x-content-type-options:
      - nosniff
      x-ms-arm-service-request-id:
      - 78282152-f1df-4a78-8a0f-1c21040b28bf
    status:
      code: 200
      message: OK
- request:
    body: null
    headers:
      Accept:
      - '*/*'
      Accept-Encoding:
      - gzip, deflate
      CommandName:
      - network vnet-gateway create
      Connection:
      - keep-alive
      ParameterSetName:
      - -g -n --public-ip-address --vnet --sku
      User-Agent:
      - AZURECLI/2.21.0 azsdk-python-azure-mgmt-network/18.0.0 Python/3.8.8 (Windows-10-10.0.19041-SP0)
    method: GET
    uri: https://management.azure.com/subscriptions/00000000-0000-0000-0000-000000000000/providers/Microsoft.Network/locations/westus/operations/b791fd33-6aee-422e-a134-14081ee123b1?api-version=2020-11-01
  response:
    body:
      string: "{\r\n  \"status\": \"InProgress\"\r\n}"
    headers:
      cache-control:
      - no-cache
      content-length:
      - '30'
      content-type:
      - application/json; charset=utf-8
      date:
      - Wed, 31 Mar 2021 06:02:37 GMT
      expires:
      - '-1'
      pragma:
      - no-cache
      server:
      - Microsoft-HTTPAPI/2.0
      - Microsoft-HTTPAPI/2.0
      strict-transport-security:
      - max-age=31536000; includeSubDomains
      transfer-encoding:
      - chunked
      vary:
      - Accept-Encoding
      x-content-type-options:
      - nosniff
      x-ms-arm-service-request-id:
      - 8693e67d-5243-49ea-bb38-c406074da96b
    status:
      code: 200
      message: OK
- request:
    body: null
    headers:
      Accept:
      - '*/*'
      Accept-Encoding:
      - gzip, deflate
      CommandName:
      - network vnet-gateway create
      Connection:
      - keep-alive
      ParameterSetName:
      - -g -n --public-ip-address --vnet --sku
      User-Agent:
      - AZURECLI/2.21.0 azsdk-python-azure-mgmt-network/18.0.0 Python/3.8.8 (Windows-10-10.0.19041-SP0)
    method: GET
    uri: https://management.azure.com/subscriptions/00000000-0000-0000-0000-000000000000/providers/Microsoft.Network/locations/westus/operations/b791fd33-6aee-422e-a134-14081ee123b1?api-version=2020-11-01
  response:
    body:
      string: "{\r\n  \"status\": \"InProgress\"\r\n}"
    headers:
      cache-control:
      - no-cache
      content-length:
      - '30'
      content-type:
      - application/json; charset=utf-8
      date:
      - Wed, 31 Mar 2021 06:04:17 GMT
      expires:
      - '-1'
      pragma:
      - no-cache
      server:
      - Microsoft-HTTPAPI/2.0
      - Microsoft-HTTPAPI/2.0
      strict-transport-security:
      - max-age=31536000; includeSubDomains
      transfer-encoding:
      - chunked
      vary:
      - Accept-Encoding
      x-content-type-options:
      - nosniff
      x-ms-arm-service-request-id:
      - 79658102-21f4-4710-95a9-17c05e5bb49a
    status:
      code: 200
      message: OK
- request:
    body: null
    headers:
      Accept:
      - '*/*'
      Accept-Encoding:
      - gzip, deflate
      CommandName:
      - network vnet-gateway create
      Connection:
      - keep-alive
      ParameterSetName:
      - -g -n --public-ip-address --vnet --sku
      User-Agent:
      - AZURECLI/2.21.0 azsdk-python-azure-mgmt-network/18.0.0 Python/3.8.8 (Windows-10-10.0.19041-SP0)
    method: GET
    uri: https://management.azure.com/subscriptions/00000000-0000-0000-0000-000000000000/providers/Microsoft.Network/locations/westus/operations/b791fd33-6aee-422e-a134-14081ee123b1?api-version=2020-11-01
  response:
    body:
      string: "{\r\n  \"status\": \"InProgress\"\r\n}"
    headers:
      cache-control:
      - no-cache
      content-length:
      - '30'
      content-type:
      - application/json; charset=utf-8
      date:
      - Wed, 31 Mar 2021 06:05:57 GMT
      expires:
      - '-1'
      pragma:
      - no-cache
      server:
      - Microsoft-HTTPAPI/2.0
      - Microsoft-HTTPAPI/2.0
      strict-transport-security:
      - max-age=31536000; includeSubDomains
      transfer-encoding:
      - chunked
      vary:
      - Accept-Encoding
      x-content-type-options:
      - nosniff
      x-ms-arm-service-request-id:
      - a901ffc9-c7f5-4067-935a-8a8b9c99de1d
    status:
      code: 200
      message: OK
- request:
    body: null
    headers:
      Accept:
      - '*/*'
      Accept-Encoding:
      - gzip, deflate
      CommandName:
      - network vnet-gateway create
      Connection:
      - keep-alive
      ParameterSetName:
      - -g -n --public-ip-address --vnet --sku
      User-Agent:
      - AZURECLI/2.21.0 azsdk-python-azure-mgmt-network/18.0.0 Python/3.8.8 (Windows-10-10.0.19041-SP0)
    method: GET
    uri: https://management.azure.com/subscriptions/00000000-0000-0000-0000-000000000000/providers/Microsoft.Network/locations/westus/operations/b791fd33-6aee-422e-a134-14081ee123b1?api-version=2020-11-01
  response:
    body:
      string: "{\r\n  \"status\": \"InProgress\"\r\n}"
    headers:
      cache-control:
      - no-cache
      content-length:
      - '30'
      content-type:
      - application/json; charset=utf-8
      date:
      - Wed, 31 Mar 2021 06:07:37 GMT
      expires:
      - '-1'
      pragma:
      - no-cache
      server:
      - Microsoft-HTTPAPI/2.0
      - Microsoft-HTTPAPI/2.0
      strict-transport-security:
      - max-age=31536000; includeSubDomains
      transfer-encoding:
      - chunked
      vary:
      - Accept-Encoding
      x-content-type-options:
      - nosniff
      x-ms-arm-service-request-id:
      - a34f2811-3524-432e-b79f-d5695019f71a
    status:
      code: 200
      message: OK
- request:
    body: null
    headers:
      Accept:
      - '*/*'
      Accept-Encoding:
      - gzip, deflate
      CommandName:
      - network vnet-gateway create
      Connection:
      - keep-alive
      ParameterSetName:
      - -g -n --public-ip-address --vnet --sku
      User-Agent:
      - AZURECLI/2.21.0 azsdk-python-azure-mgmt-network/18.0.0 Python/3.8.8 (Windows-10-10.0.19041-SP0)
    method: GET
    uri: https://management.azure.com/subscriptions/00000000-0000-0000-0000-000000000000/providers/Microsoft.Network/locations/westus/operations/b791fd33-6aee-422e-a134-14081ee123b1?api-version=2020-11-01
  response:
    body:
      string: "{\r\n  \"status\": \"InProgress\"\r\n}"
    headers:
      cache-control:
      - no-cache
      content-length:
      - '30'
      content-type:
      - application/json; charset=utf-8
      date:
      - Wed, 31 Mar 2021 06:09:17 GMT
      expires:
      - '-1'
      pragma:
      - no-cache
      server:
      - Microsoft-HTTPAPI/2.0
      - Microsoft-HTTPAPI/2.0
      strict-transport-security:
      - max-age=31536000; includeSubDomains
      transfer-encoding:
      - chunked
      vary:
      - Accept-Encoding
      x-content-type-options:
      - nosniff
      x-ms-arm-service-request-id:
      - 2eeb4f0c-c87d-491a-94b9-579a39b19c8a
    status:
      code: 200
      message: OK
- request:
    body: null
    headers:
      Accept:
      - '*/*'
      Accept-Encoding:
      - gzip, deflate
      CommandName:
      - network vnet-gateway create
      Connection:
      - keep-alive
      ParameterSetName:
      - -g -n --public-ip-address --vnet --sku
      User-Agent:
      - AZURECLI/2.21.0 azsdk-python-azure-mgmt-network/18.0.0 Python/3.8.8 (Windows-10-10.0.19041-SP0)
    method: GET
    uri: https://management.azure.com/subscriptions/00000000-0000-0000-0000-000000000000/providers/Microsoft.Network/locations/westus/operations/b791fd33-6aee-422e-a134-14081ee123b1?api-version=2020-11-01
  response:
    body:
      string: "{\r\n  \"status\": \"InProgress\"\r\n}"
    headers:
      cache-control:
      - no-cache
      content-length:
      - '30'
      content-type:
      - application/json; charset=utf-8
      date:
      - Wed, 31 Mar 2021 06:10:59 GMT
      expires:
      - '-1'
      pragma:
      - no-cache
      server:
      - Microsoft-HTTPAPI/2.0
      - Microsoft-HTTPAPI/2.0
      strict-transport-security:
      - max-age=31536000; includeSubDomains
      transfer-encoding:
      - chunked
      vary:
      - Accept-Encoding
      x-content-type-options:
      - nosniff
      x-ms-arm-service-request-id:
      - ad661acd-fdee-4832-8ead-26d405ea978c
    status:
      code: 200
      message: OK
- request:
    body: null
    headers:
      Accept:
      - '*/*'
      Accept-Encoding:
      - gzip, deflate
      CommandName:
      - network vnet-gateway create
      Connection:
      - keep-alive
      ParameterSetName:
      - -g -n --public-ip-address --vnet --sku
      User-Agent:
      - AZURECLI/2.21.0 azsdk-python-azure-mgmt-network/18.0.0 Python/3.8.8 (Windows-10-10.0.19041-SP0)
    method: GET
    uri: https://management.azure.com/subscriptions/00000000-0000-0000-0000-000000000000/providers/Microsoft.Network/locations/westus/operations/b791fd33-6aee-422e-a134-14081ee123b1?api-version=2020-11-01
  response:
    body:
      string: "{\r\n  \"status\": \"InProgress\"\r\n}"
    headers:
      cache-control:
      - no-cache
      content-length:
      - '30'
      content-type:
      - application/json; charset=utf-8
      date:
      - Wed, 31 Mar 2021 06:12:39 GMT
      expires:
      - '-1'
      pragma:
      - no-cache
      server:
      - Microsoft-HTTPAPI/2.0
      - Microsoft-HTTPAPI/2.0
      strict-transport-security:
      - max-age=31536000; includeSubDomains
      transfer-encoding:
      - chunked
      vary:
      - Accept-Encoding
      x-content-type-options:
      - nosniff
      x-ms-arm-service-request-id:
      - a95dce62-b819-4d41-971e-317fb3c47069
    status:
      code: 200
      message: OK
- request:
    body: null
    headers:
      Accept:
      - '*/*'
      Accept-Encoding:
      - gzip, deflate
      CommandName:
      - network vnet-gateway create
      Connection:
      - keep-alive
      ParameterSetName:
      - -g -n --public-ip-address --vnet --sku
      User-Agent:
      - AZURECLI/2.21.0 azsdk-python-azure-mgmt-network/18.0.0 Python/3.8.8 (Windows-10-10.0.19041-SP0)
    method: GET
    uri: https://management.azure.com/subscriptions/00000000-0000-0000-0000-000000000000/providers/Microsoft.Network/locations/westus/operations/b791fd33-6aee-422e-a134-14081ee123b1?api-version=2020-11-01
  response:
    body:
      string: "{\r\n  \"status\": \"InProgress\"\r\n}"
    headers:
      cache-control:
      - no-cache
      content-length:
      - '30'
      content-type:
      - application/json; charset=utf-8
      date:
      - Wed, 31 Mar 2021 06:14:19 GMT
      expires:
      - '-1'
      pragma:
      - no-cache
      server:
      - Microsoft-HTTPAPI/2.0
      - Microsoft-HTTPAPI/2.0
      strict-transport-security:
      - max-age=31536000; includeSubDomains
      transfer-encoding:
      - chunked
      vary:
      - Accept-Encoding
      x-content-type-options:
      - nosniff
      x-ms-arm-service-request-id:
      - 1f37a142-6f8b-4a57-99a6-6e90e0c7c25d
    status:
      code: 200
      message: OK
- request:
    body: null
    headers:
      Accept:
      - '*/*'
      Accept-Encoding:
      - gzip, deflate
      CommandName:
      - network vnet-gateway create
      Connection:
      - keep-alive
      ParameterSetName:
      - -g -n --public-ip-address --vnet --sku
      User-Agent:
      - AZURECLI/2.21.0 azsdk-python-azure-mgmt-network/18.0.0 Python/3.8.8 (Windows-10-10.0.19041-SP0)
    method: GET
    uri: https://management.azure.com/subscriptions/00000000-0000-0000-0000-000000000000/providers/Microsoft.Network/locations/westus/operations/b791fd33-6aee-422e-a134-14081ee123b1?api-version=2020-11-01
  response:
    body:
      string: "{\r\n  \"status\": \"InProgress\"\r\n}"
    headers:
      cache-control:
      - no-cache
      content-length:
      - '30'
      content-type:
      - application/json; charset=utf-8
      date:
      - Wed, 31 Mar 2021 06:16:00 GMT
      expires:
      - '-1'
      pragma:
      - no-cache
      server:
      - Microsoft-HTTPAPI/2.0
      - Microsoft-HTTPAPI/2.0
      strict-transport-security:
      - max-age=31536000; includeSubDomains
      transfer-encoding:
      - chunked
      vary:
      - Accept-Encoding
      x-content-type-options:
      - nosniff
      x-ms-arm-service-request-id:
      - 9d33f494-ed95-4c0d-a314-e5451c3525ef
    status:
      code: 200
      message: OK
- request:
    body: null
    headers:
      Accept:
      - '*/*'
      Accept-Encoding:
      - gzip, deflate
      CommandName:
      - network vnet-gateway create
      Connection:
      - keep-alive
      ParameterSetName:
      - -g -n --public-ip-address --vnet --sku
      User-Agent:
      - AZURECLI/2.21.0 azsdk-python-azure-mgmt-network/18.0.0 Python/3.8.8 (Windows-10-10.0.19041-SP0)
    method: GET
    uri: https://management.azure.com/subscriptions/00000000-0000-0000-0000-000000000000/providers/Microsoft.Network/locations/westus/operations/b791fd33-6aee-422e-a134-14081ee123b1?api-version=2020-11-01
  response:
    body:
      string: "{\r\n  \"status\": \"InProgress\"\r\n}"
    headers:
      cache-control:
      - no-cache
      content-length:
      - '30'
      content-type:
      - application/json; charset=utf-8
      date:
      - Wed, 31 Mar 2021 06:17:40 GMT
      expires:
      - '-1'
      pragma:
      - no-cache
      server:
      - Microsoft-HTTPAPI/2.0
      - Microsoft-HTTPAPI/2.0
      strict-transport-security:
      - max-age=31536000; includeSubDomains
      transfer-encoding:
      - chunked
      vary:
      - Accept-Encoding
      x-content-type-options:
      - nosniff
      x-ms-arm-service-request-id:
      - c5096aaa-f792-4f05-adaf-a8131191fb8e
    status:
      code: 200
      message: OK
- request:
    body: null
    headers:
      Accept:
      - '*/*'
      Accept-Encoding:
      - gzip, deflate
      CommandName:
      - network vnet-gateway create
      Connection:
      - keep-alive
      ParameterSetName:
      - -g -n --public-ip-address --vnet --sku
      User-Agent:
      - AZURECLI/2.21.0 azsdk-python-azure-mgmt-network/18.0.0 Python/3.8.8 (Windows-10-10.0.19041-SP0)
    method: GET
    uri: https://management.azure.com/subscriptions/00000000-0000-0000-0000-000000000000/providers/Microsoft.Network/locations/westus/operations/b791fd33-6aee-422e-a134-14081ee123b1?api-version=2020-11-01
  response:
    body:
      string: "{\r\n  \"status\": \"InProgress\"\r\n}"
    headers:
      cache-control:
      - no-cache
      content-length:
      - '30'
      content-type:
      - application/json; charset=utf-8
      date:
      - Wed, 31 Mar 2021 06:19:21 GMT
      expires:
      - '-1'
      pragma:
      - no-cache
      server:
      - Microsoft-HTTPAPI/2.0
      - Microsoft-HTTPAPI/2.0
      strict-transport-security:
      - max-age=31536000; includeSubDomains
      transfer-encoding:
      - chunked
      vary:
      - Accept-Encoding
      x-content-type-options:
      - nosniff
      x-ms-arm-service-request-id:
      - ce0d4e17-47f5-463a-afe8-98e55a75f35c
    status:
      code: 200
      message: OK
- request:
    body: null
    headers:
      Accept:
      - '*/*'
      Accept-Encoding:
      - gzip, deflate
      CommandName:
      - network vnet-gateway create
      Connection:
      - keep-alive
      ParameterSetName:
      - -g -n --public-ip-address --vnet --sku
      User-Agent:
      - AZURECLI/2.21.0 azsdk-python-azure-mgmt-network/18.0.0 Python/3.8.8 (Windows-10-10.0.19041-SP0)
    method: GET
    uri: https://management.azure.com/subscriptions/00000000-0000-0000-0000-000000000000/providers/Microsoft.Network/locations/westus/operations/b791fd33-6aee-422e-a134-14081ee123b1?api-version=2020-11-01
  response:
    body:
      string: "{\r\n  \"status\": \"InProgress\"\r\n}"
    headers:
      cache-control:
      - no-cache
      content-length:
      - '30'
      content-type:
      - application/json; charset=utf-8
      date:
      - Wed, 31 Mar 2021 06:21:01 GMT
      expires:
      - '-1'
      pragma:
      - no-cache
      server:
      - Microsoft-HTTPAPI/2.0
      - Microsoft-HTTPAPI/2.0
      strict-transport-security:
      - max-age=31536000; includeSubDomains
      transfer-encoding:
      - chunked
      vary:
      - Accept-Encoding
      x-content-type-options:
      - nosniff
      x-ms-arm-service-request-id:
      - 8e75d465-7331-4ed7-ae8e-38431e29ecbf
    status:
      code: 200
      message: OK
- request:
    body: null
    headers:
      Accept:
      - '*/*'
      Accept-Encoding:
      - gzip, deflate
      CommandName:
      - network vnet-gateway create
      Connection:
      - keep-alive
      ParameterSetName:
      - -g -n --public-ip-address --vnet --sku
      User-Agent:
      - AZURECLI/2.21.0 azsdk-python-azure-mgmt-network/18.0.0 Python/3.8.8 (Windows-10-10.0.19041-SP0)
    method: GET
    uri: https://management.azure.com/subscriptions/00000000-0000-0000-0000-000000000000/providers/Microsoft.Network/locations/westus/operations/b791fd33-6aee-422e-a134-14081ee123b1?api-version=2020-11-01
  response:
    body:
      string: "{\r\n  \"status\": \"InProgress\"\r\n}"
    headers:
      cache-control:
      - no-cache
      content-length:
      - '30'
      content-type:
      - application/json; charset=utf-8
      date:
      - Wed, 31 Mar 2021 06:22:41 GMT
      expires:
      - '-1'
      pragma:
      - no-cache
      server:
      - Microsoft-HTTPAPI/2.0
      - Microsoft-HTTPAPI/2.0
      strict-transport-security:
      - max-age=31536000; includeSubDomains
      transfer-encoding:
      - chunked
      vary:
      - Accept-Encoding
      x-content-type-options:
      - nosniff
      x-ms-arm-service-request-id:
      - fdfa44f5-b97b-4134-b172-03b37e404b56
    status:
      code: 200
      message: OK
- request:
    body: null
    headers:
      Accept:
      - '*/*'
      Accept-Encoding:
      - gzip, deflate
      CommandName:
      - network vnet-gateway create
      Connection:
      - keep-alive
      ParameterSetName:
      - -g -n --public-ip-address --vnet --sku
      User-Agent:
      - AZURECLI/2.21.0 azsdk-python-azure-mgmt-network/18.0.0 Python/3.8.8 (Windows-10-10.0.19041-SP0)
    method: GET
    uri: https://management.azure.com/subscriptions/00000000-0000-0000-0000-000000000000/providers/Microsoft.Network/locations/westus/operations/b791fd33-6aee-422e-a134-14081ee123b1?api-version=2020-11-01
  response:
    body:
      string: "{\r\n  \"status\": \"InProgress\"\r\n}"
    headers:
      cache-control:
      - no-cache
      content-length:
      - '30'
      content-type:
      - application/json; charset=utf-8
      date:
      - Wed, 31 Mar 2021 06:24:21 GMT
      expires:
      - '-1'
      pragma:
      - no-cache
      server:
      - Microsoft-HTTPAPI/2.0
      - Microsoft-HTTPAPI/2.0
      strict-transport-security:
      - max-age=31536000; includeSubDomains
      transfer-encoding:
      - chunked
      vary:
      - Accept-Encoding
      x-content-type-options:
      - nosniff
      x-ms-arm-service-request-id:
      - fd6236a0-5e97-4944-8c54-b60496fd195f
    status:
      code: 200
      message: OK
- request:
    body: null
    headers:
      Accept:
      - '*/*'
      Accept-Encoding:
      - gzip, deflate
      CommandName:
      - network vnet-gateway create
      Connection:
      - keep-alive
      ParameterSetName:
      - -g -n --public-ip-address --vnet --sku
      User-Agent:
      - AZURECLI/2.21.0 azsdk-python-azure-mgmt-network/18.0.0 Python/3.8.8 (Windows-10-10.0.19041-SP0)
    method: GET
    uri: https://management.azure.com/subscriptions/00000000-0000-0000-0000-000000000000/providers/Microsoft.Network/locations/westus/operations/b791fd33-6aee-422e-a134-14081ee123b1?api-version=2020-11-01
  response:
    body:
      string: "{\r\n  \"status\": \"InProgress\"\r\n}"
    headers:
      cache-control:
      - no-cache
      content-length:
      - '30'
      content-type:
      - application/json; charset=utf-8
      date:
      - Wed, 31 Mar 2021 06:26:02 GMT
      expires:
      - '-1'
      pragma:
      - no-cache
      server:
      - Microsoft-HTTPAPI/2.0
      - Microsoft-HTTPAPI/2.0
      strict-transport-security:
      - max-age=31536000; includeSubDomains
      transfer-encoding:
      - chunked
      vary:
      - Accept-Encoding
      x-content-type-options:
      - nosniff
      x-ms-arm-service-request-id:
      - b81563fe-f0d8-4fac-99af-94e444e658d4
    status:
      code: 200
      message: OK
- request:
    body: null
    headers:
      Accept:
      - '*/*'
      Accept-Encoding:
      - gzip, deflate
      CommandName:
      - network vnet-gateway create
      Connection:
      - keep-alive
      ParameterSetName:
      - -g -n --public-ip-address --vnet --sku
      User-Agent:
      - AZURECLI/2.21.0 azsdk-python-azure-mgmt-network/18.0.0 Python/3.8.8 (Windows-10-10.0.19041-SP0)
    method: GET
    uri: https://management.azure.com/subscriptions/00000000-0000-0000-0000-000000000000/providers/Microsoft.Network/locations/westus/operations/b791fd33-6aee-422e-a134-14081ee123b1?api-version=2020-11-01
  response:
    body:
      string: "{\r\n  \"status\": \"InProgress\"\r\n}"
    headers:
      cache-control:
      - no-cache
      content-length:
      - '30'
      content-type:
      - application/json; charset=utf-8
      date:
      - Wed, 31 Mar 2021 06:27:42 GMT
      expires:
      - '-1'
      pragma:
      - no-cache
      server:
      - Microsoft-HTTPAPI/2.0
      - Microsoft-HTTPAPI/2.0
      strict-transport-security:
      - max-age=31536000; includeSubDomains
      transfer-encoding:
      - chunked
      vary:
      - Accept-Encoding
      x-content-type-options:
      - nosniff
      x-ms-arm-service-request-id:
      - 16984063-f9a4-4c41-8cda-4c484ab2a42a
    status:
      code: 200
      message: OK
- request:
    body: null
    headers:
      Accept:
      - '*/*'
      Accept-Encoding:
      - gzip, deflate
      CommandName:
      - network vnet-gateway create
      Connection:
      - keep-alive
      ParameterSetName:
      - -g -n --public-ip-address --vnet --sku
      User-Agent:
      - AZURECLI/2.21.0 azsdk-python-azure-mgmt-network/18.0.0 Python/3.8.8 (Windows-10-10.0.19041-SP0)
    method: GET
    uri: https://management.azure.com/subscriptions/00000000-0000-0000-0000-000000000000/providers/Microsoft.Network/locations/westus/operations/b791fd33-6aee-422e-a134-14081ee123b1?api-version=2020-11-01
  response:
    body:
      string: "{\r\n  \"status\": \"Succeeded\"\r\n}"
    headers:
      cache-control:
      - no-cache
      content-length:
      - '29'
      content-type:
      - application/json; charset=utf-8
      date:
      - Wed, 31 Mar 2021 06:29:23 GMT
      expires:
      - '-1'
      pragma:
      - no-cache
      server:
      - Microsoft-HTTPAPI/2.0
      - Microsoft-HTTPAPI/2.0
      strict-transport-security:
      - max-age=31536000; includeSubDomains
      transfer-encoding:
      - chunked
      vary:
      - Accept-Encoding
      x-content-type-options:
      - nosniff
      x-ms-arm-service-request-id:
      - cf17a981-8ffe-4dd8-8f76-bec9bd35e7c6
    status:
      code: 200
      message: OK
- request:
    body: null
    headers:
      Accept:
      - '*/*'
      Accept-Encoding:
      - gzip, deflate
      CommandName:
      - network vnet-gateway create
      Connection:
      - keep-alive
      ParameterSetName:
      - -g -n --public-ip-address --vnet --sku
      User-Agent:
      - AZURECLI/2.21.0 azsdk-python-azure-mgmt-network/18.0.0 Python/3.8.8 (Windows-10-10.0.19041-SP0)
    method: GET
    uri: https://management.azure.com/subscriptions/00000000-0000-0000-0000-000000000000/resourceGroups/cli_test_vpn_connection_ipsec000001/providers/Microsoft.Network/virtualNetworkGateways/gw1?api-version=2020-11-01
  response:
    body:
      string: "{\r\n  \"name\": \"gw1\",\r\n  \"id\": \"/subscriptions/00000000-0000-0000-0000-000000000000/resourceGroups/cli_test_vpn_connection_ipsec000001/providers/Microsoft.Network/virtualNetworkGateways/gw1\",\r\n
        \ \"etag\": \"W/\\\"bdbdc804-d6d9-4e30-92f8-b850a8401d44\\\"\",\r\n  \"type\":
        \"Microsoft.Network/virtualNetworkGateways\",\r\n  \"location\": \"westus\",\r\n
        \ \"properties\": {\r\n    \"provisioningState\": \"Succeeded\",\r\n    \"resourceGuid\":
        \"7ed0059f-5fa5-4c6c-bbff-d877ae7b7195\",\r\n    \"packetCaptureDiagnosticState\":
        \"None\",\r\n    \"enablePrivateIpAddress\": false,\r\n    \"ipConfigurations\":
        [\r\n      {\r\n        \"name\": \"vnetGatewayConfig0\",\r\n        \"id\":
        \"/subscriptions/00000000-0000-0000-0000-000000000000/resourceGroups/cli_test_vpn_connection_ipsec000001/providers/Microsoft.Network/virtualNetworkGateways/gw1/ipConfigurations/vnetGatewayConfig0\",\r\n
        \       \"etag\": \"W/\\\"bdbdc804-d6d9-4e30-92f8-b850a8401d44\\\"\",\r\n
        \       \"type\": \"Microsoft.Network/virtualNetworkGateways/ipConfigurations\",\r\n
        \       \"properties\": {\r\n          \"provisioningState\": \"Succeeded\",\r\n
        \         \"privateIPAllocationMethod\": \"Dynamic\",\r\n          \"publicIPAddress\":
        {\r\n            \"id\": \"/subscriptions/00000000-0000-0000-0000-000000000000/resourceGroups/cli_test_vpn_connection_ipsec000001/providers/Microsoft.Network/publicIPAddresses/pip1\"\r\n
        \         },\r\n          \"subnet\": {\r\n            \"id\": \"/subscriptions/00000000-0000-0000-0000-000000000000/resourceGroups/cli_test_vpn_connection_ipsec000001/providers/Microsoft.Network/virtualNetworks/vnet1/subnets/GatewaySubnet\"\r\n
        \         }\r\n        }\r\n      }\r\n    ],\r\n    \"natRules\": [],\r\n
        \   \"enableBgpRouteTranslationForNat\": false,\r\n    \"sku\": {\r\n      \"name\":
        \"Standard\",\r\n      \"tier\": \"Standard\",\r\n      \"capacity\": 2\r\n
        \   },\r\n    \"gatewayType\": \"Vpn\",\r\n    \"vpnType\": \"RouteBased\",\r\n
        \   \"enableBgp\": false,\r\n    \"activeActive\": false,\r\n    \"bgpSettings\":
        {\r\n      \"asn\": 65515,\r\n      \"bgpPeeringAddress\": \"10.12.255.30\",\r\n
        \     \"peerWeight\": 0,\r\n      \"bgpPeeringAddresses\": [\r\n        {\r\n
        \         \"ipconfigurationId\": \"/subscriptions/00000000-0000-0000-0000-000000000000/resourceGroups/cli_test_vpn_connection_ipsec000001/providers/Microsoft.Network/virtualNetworkGateways/gw1/ipConfigurations/vnetGatewayConfig0\",\r\n
        \         \"defaultBgpIpAddresses\": [\r\n            \"10.12.255.30\"\r\n
        \         ],\r\n          \"customBgpIpAddresses\": [],\r\n          \"tunnelIpAddresses\":
        [\r\n            \"40.83.138.248\"\r\n          ]\r\n        }\r\n      ]\r\n
        \   },\r\n    \"vpnGatewayGeneration\": \"Generation1\"\r\n  }\r\n}"
    headers:
      cache-control:
      - no-cache
      content-length:
      - '2690'
      content-type:
      - application/json; charset=utf-8
      date:
      - Wed, 31 Mar 2021 06:29:23 GMT
      expires:
      - '-1'
      pragma:
      - no-cache
      server:
      - Microsoft-HTTPAPI/2.0
      - Microsoft-HTTPAPI/2.0
      strict-transport-security:
      - max-age=31536000; includeSubDomains
      transfer-encoding:
      - chunked
      vary:
      - Accept-Encoding
      x-content-type-options:
      - nosniff
      x-ms-arm-service-request-id:
      - 8582b43b-b1cf-41fa-8a1b-47c2a1abb256
    status:
      code: 200
      message: OK
- request:
    body: null
    headers:
      Accept:
      - application/json
      Accept-Encoding:
      - gzip, deflate
      CommandName:
      - network local-gateway create
      Connection:
      - keep-alive
      ParameterSetName:
      - -g -n --gateway-ip-address --local-address-prefixes
      User-Agent:
      - python/3.8.8 (Windows-10-10.0.19041-SP0) msrest/0.6.21 msrest_azure/0.6.3
        azure-mgmt-resource/12.0.0 Azure-SDK-For-Python AZURECLI/2.21.0
      accept-language:
      - en-US
    method: GET
    uri: https://management.azure.com/subscriptions/00000000-0000-0000-0000-000000000000/resourcegroups/cli_test_vpn_connection_ipsec000001?api-version=2020-10-01
  response:
    body:
      string: '{"id":"/subscriptions/00000000-0000-0000-0000-000000000000/resourceGroups/cli_test_vpn_connection_ipsec000001","name":"cli_test_vpn_connection_ipsec000001","type":"Microsoft.Resources/resourceGroups","location":"westus","tags":{"product":"azurecli","cause":"automation","date":"2021-03-31T05:53:47Z"},"properties":{"provisioningState":"Succeeded"}}'
    headers:
      cache-control:
      - no-cache
      content-length:
      - '428'
      content-type:
      - application/json; charset=utf-8
      date:
      - Wed, 31 Mar 2021 06:29:23 GMT
      expires:
      - '-1'
      pragma:
      - no-cache
      strict-transport-security:
      - max-age=31536000; includeSubDomains
      vary:
      - Accept-Encoding
      x-content-type-options:
      - nosniff
    status:
      code: 200
      message: OK
- request:
    body: '{"location": "westus", "properties": {"localNetworkAddressSpace": {"addressPrefixes":
      ["10.61.0.0/16", "10.62.0.0/16"]}, "gatewayIpAddress": "131.107.72.22"}}'
    headers:
      Accept:
      - application/json
      Accept-Encoding:
      - gzip, deflate
      CommandName:
      - network local-gateway create
      Connection:
      - keep-alive
      Content-Length:
      - '158'
      Content-Type:
      - application/json
      ParameterSetName:
      - -g -n --gateway-ip-address --local-address-prefixes
      User-Agent:
      - AZURECLI/2.21.0 azsdk-python-azure-mgmt-network/18.0.0 Python/3.8.8 (Windows-10-10.0.19041-SP0)
    method: PUT
    uri: https://management.azure.com/subscriptions/00000000-0000-0000-0000-000000000000/resourceGroups/cli_test_vpn_connection_ipsec000001/providers/Microsoft.Network/localNetworkGateways/lgw1?api-version=2020-11-01
  response:
    body:
      string: "{\r\n  \"name\": \"lgw1\",\r\n  \"id\": \"/subscriptions/00000000-0000-0000-0000-000000000000/resourceGroups/cli_test_vpn_connection_ipsec000001/providers/Microsoft.Network/localNetworkGateways/lgw1\",\r\n
        \ \"etag\": \"W/\\\"62e41bb1-42bd-45fe-b18f-ada20b9e817f\\\"\",\r\n  \"type\":
        \"Microsoft.Network/localNetworkGateways\",\r\n  \"location\": \"westus\",\r\n
        \ \"properties\": {\r\n    \"provisioningState\": \"Updating\",\r\n    \"resourceGuid\":
        \"6743633c-8877-49e4-83d5-291d7dc2d8c0\",\r\n    \"localNetworkAddressSpace\":
        {\r\n      \"addressPrefixes\": [\r\n        \"10.61.0.0/16\",\r\n        \"10.62.0.0/16\"\r\n
        \     ]\r\n    },\r\n    \"gatewayIpAddress\": \"131.107.72.22\"\r\n  }\r\n}"
    headers:
      azure-asyncnotification:
      - Enabled
      azure-asyncoperation:
      - https://management.azure.com/subscriptions/00000000-0000-0000-0000-000000000000/providers/Microsoft.Network/locations/westus/operations/1de6bf74-f9bf-412d-a74e-ffcfaebfa345?api-version=2020-11-01
      cache-control:
      - no-cache
      content-length:
      - '660'
      content-type:
      - application/json; charset=utf-8
      date:
      - Wed, 31 Mar 2021 06:29:30 GMT
      expires:
      - '-1'
      pragma:
      - no-cache
      server:
      - Microsoft-HTTPAPI/2.0
      - Microsoft-HTTPAPI/2.0
      strict-transport-security:
      - max-age=31536000; includeSubDomains
      x-content-type-options:
      - nosniff
      x-ms-arm-service-request-id:
      - 2064c22b-99bf-43f1-a3ea-c588bd31163c
      x-ms-ratelimit-remaining-subscription-writes:
      - '1198'
    status:
      code: 201
      message: Created
- request:
    body: null
    headers:
      Accept:
      - '*/*'
      Accept-Encoding:
      - gzip, deflate
      CommandName:
      - network local-gateway create
      Connection:
      - keep-alive
      ParameterSetName:
      - -g -n --gateway-ip-address --local-address-prefixes
      User-Agent:
      - AZURECLI/2.21.0 azsdk-python-azure-mgmt-network/18.0.0 Python/3.8.8 (Windows-10-10.0.19041-SP0)
    method: GET
    uri: https://management.azure.com/subscriptions/00000000-0000-0000-0000-000000000000/providers/Microsoft.Network/locations/westus/operations/1de6bf74-f9bf-412d-a74e-ffcfaebfa345?api-version=2020-11-01
  response:
    body:
      string: "{\r\n  \"status\": \"Succeeded\"\r\n}"
    headers:
      cache-control:
      - no-cache
      content-length:
      - '29'
      content-type:
      - application/json; charset=utf-8
      date:
      - Wed, 31 Mar 2021 06:29:40 GMT
      expires:
      - '-1'
      pragma:
      - no-cache
      server:
      - Microsoft-HTTPAPI/2.0
      - Microsoft-HTTPAPI/2.0
      strict-transport-security:
      - max-age=31536000; includeSubDomains
      transfer-encoding:
      - chunked
      vary:
      - Accept-Encoding
      x-content-type-options:
      - nosniff
      x-ms-arm-service-request-id:
      - 6d43f94b-45d9-455d-9d4c-fd4966cf79c0
    status:
      code: 200
      message: OK
- request:
    body: null
    headers:
      Accept:
      - '*/*'
      Accept-Encoding:
      - gzip, deflate
      CommandName:
      - network local-gateway create
      Connection:
      - keep-alive
      ParameterSetName:
      - -g -n --gateway-ip-address --local-address-prefixes
      User-Agent:
      - AZURECLI/2.21.0 azsdk-python-azure-mgmt-network/18.0.0 Python/3.8.8 (Windows-10-10.0.19041-SP0)
    method: GET
    uri: https://management.azure.com/subscriptions/00000000-0000-0000-0000-000000000000/resourceGroups/cli_test_vpn_connection_ipsec000001/providers/Microsoft.Network/localNetworkGateways/lgw1?api-version=2020-11-01
  response:
    body:
      string: "{\r\n  \"name\": \"lgw1\",\r\n  \"id\": \"/subscriptions/00000000-0000-0000-0000-000000000000/resourceGroups/cli_test_vpn_connection_ipsec000001/providers/Microsoft.Network/localNetworkGateways/lgw1\",\r\n
        \ \"etag\": \"W/\\\"96516afb-d837-45c5-a85a-bb0bb900e71c\\\"\",\r\n  \"type\":
        \"Microsoft.Network/localNetworkGateways\",\r\n  \"location\": \"westus\",\r\n
        \ \"properties\": {\r\n    \"provisioningState\": \"Succeeded\",\r\n    \"resourceGuid\":
        \"6743633c-8877-49e4-83d5-291d7dc2d8c0\",\r\n    \"localNetworkAddressSpace\":
        {\r\n      \"addressPrefixes\": [\r\n        \"10.61.0.0/16\",\r\n        \"10.62.0.0/16\"\r\n
        \     ]\r\n    },\r\n    \"gatewayIpAddress\": \"131.107.72.22\"\r\n  }\r\n}"
    headers:
      cache-control:
      - no-cache
      content-length:
      - '661'
      content-type:
      - application/json; charset=utf-8
      date:
      - Wed, 31 Mar 2021 06:29:40 GMT
      etag:
      - W/"96516afb-d837-45c5-a85a-bb0bb900e71c"
      expires:
      - '-1'
      pragma:
      - no-cache
      server:
      - Microsoft-HTTPAPI/2.0
      - Microsoft-HTTPAPI/2.0
      strict-transport-security:
      - max-age=31536000; includeSubDomains
      transfer-encoding:
      - chunked
      vary:
      - Accept-Encoding
      x-content-type-options:
      - nosniff
      x-ms-arm-service-request-id:
      - 218653d1-988b-4b0c-ac59-dece1fa3cdca
    status:
      code: 200
      message: OK
- request:
    body: null
    headers:
      Accept:
      - application/json
      Accept-Encoding:
      - gzip, deflate
      CommandName:
      - network vpn-connection create
      Connection:
      - keep-alive
      ParameterSetName:
      - -g -n --vnet-gateway1 --local-gateway2 --shared-key
      User-Agent:
      - python/3.8.8 (Windows-10-10.0.19041-SP0) msrest/0.6.21 msrest_azure/0.6.3
        azure-mgmt-resource/12.0.0 Azure-SDK-For-Python AZURECLI/2.21.0
      accept-language:
      - en-US
    method: GET
    uri: https://management.azure.com/subscriptions/00000000-0000-0000-0000-000000000000/resourcegroups/cli_test_vpn_connection_ipsec000001?api-version=2020-10-01
  response:
    body:
      string: '{"id":"/subscriptions/00000000-0000-0000-0000-000000000000/resourceGroups/cli_test_vpn_connection_ipsec000001","name":"cli_test_vpn_connection_ipsec000001","type":"Microsoft.Resources/resourceGroups","location":"westus","tags":{"product":"azurecli","cause":"automation","date":"2021-03-31T05:53:47Z"},"properties":{"provisioningState":"Succeeded"}}'
    headers:
      cache-control:
      - no-cache
      content-length:
      - '428'
      content-type:
      - application/json; charset=utf-8
      date:
      - Wed, 31 Mar 2021 06:29:41 GMT
      expires:
      - '-1'
      pragma:
      - no-cache
      strict-transport-security:
      - max-age=31536000; includeSubDomains
      vary:
      - Accept-Encoding
      x-content-type-options:
      - nosniff
    status:
      code: 200
      message: OK
- request:
    body: '{"properties": {"template": {"$schema": "https://schema.management.azure.com/schemas/2015-01-01/deploymentTemplate.json#",
      "contentVersion": "1.0.0.0", "parameters": {"sharedKey": {"type": "securestring",
      "metadata": {"description": "Secure sharedKey"}}}, "variables": {}, "resources":
      [{"type": "Microsoft.Network/connections", "name": "conn1", "location": "westus",
      "tags": {}, "apiVersion": "2015-06-15", "dependsOn": [], "properties": {"virtualNetworkGateway1":
      {"id": "/subscriptions/00000000-0000-0000-0000-000000000000/resourceGroups/cli_test_vpn_connection_ipsec000001/providers/Microsoft.Network/virtualNetworkGateways/gw1"},
      "enableBgp": false, "connectionType": "IPSec", "routingWeight": 10, "usePolicyBasedTrafficSelectors":
      false, "expressRouteGatewayBypass": null, "localNetworkGateway2": {"id": "/subscriptions/00000000-0000-0000-0000-000000000000/resourceGroups/cli_test_vpn_connection_ipsec000001/providers/Microsoft.Network/localNetworkGateways/lgw1"},
      "sharedKey": "[parameters(''sharedKey'')]"}}], "outputs": {"resource": {"type":
      "object", "value": "[reference(''conn1'')]"}}}, "parameters": {"sharedKey":
      {"value": "AzureA1b2C3"}}, "mode": "Incremental"}}'
    headers:
      Accept:
      - application/json
      Accept-Encoding:
      - gzip, deflate
      CommandName:
      - network vpn-connection create
      Connection:
      - keep-alive
      Content-Length:
      - '1253'
      Content-Type:
      - application/json; charset=utf-8
      ParameterSetName:
      - -g -n --vnet-gateway1 --local-gateway2 --shared-key
      User-Agent:
      - python/3.8.8 (Windows-10-10.0.19041-SP0) msrest/0.6.21 msrest_azure/0.6.3
        azure-mgmt-resource/12.0.0 Azure-SDK-For-Python AZURECLI/2.21.0
      accept-language:
      - en-US
    method: PUT
    uri: https://management.azure.com/subscriptions/00000000-0000-0000-0000-000000000000/resourcegroups/cli_test_vpn_connection_ipsec000001/providers/Microsoft.Resources/deployments/mock-deployment?api-version=2020-10-01
  response:
    body:
      string: '{"id":"/subscriptions/00000000-0000-0000-0000-000000000000/resourceGroups/cli_test_vpn_connection_ipsec000001/providers/Microsoft.Resources/deployments/vpn_connection_deploy_UQ4qbcSclysjxZXjMqhVfb41Q7MoJdbH","name":"vpn_connection_deploy_UQ4qbcSclysjxZXjMqhVfb41Q7MoJdbH","type":"Microsoft.Resources/deployments","properties":{"templateHash":"16619308338402589928","parameters":{"sharedKey":{"type":"SecureString"}},"mode":"Incremental","provisioningState":"Accepted","timestamp":"2021-03-31T06:29:47.0931677Z","duration":"PT2.1704775S","correlationId":"f0e30d58-a9d3-4cbe-bf90-fc4ddb2a36f2","providers":[{"namespace":"Microsoft.Network","resourceTypes":[{"resourceType":"connections","locations":["westus"]}]}],"dependencies":[]}}'
    headers:
      azure-asyncoperation:
      - https://management.azure.com/subscriptions/00000000-0000-0000-0000-000000000000/resourcegroups/cli_test_vpn_connection_ipsec000001/providers/Microsoft.Resources/deployments/vpn_connection_deploy_UQ4qbcSclysjxZXjMqhVfb41Q7MoJdbH/operationStatuses/08585844347005549219?api-version=2020-10-01
      cache-control:
      - no-cache
      content-length:
      - '771'
      content-type:
      - application/json; charset=utf-8
      date:
      - Wed, 31 Mar 2021 06:29:48 GMT
      expires:
      - '-1'
      pragma:
      - no-cache
      strict-transport-security:
      - max-age=31536000; includeSubDomains
      x-content-type-options:
      - nosniff
      x-ms-ratelimit-remaining-subscription-writes:
      - '1199'
    status:
      code: 201
      message: Created
- request:
    body: null
    headers:
      Accept:
      - application/json
      Accept-Encoding:
      - gzip, deflate
      CommandName:
      - network vpn-connection create
      Connection:
      - keep-alive
      ParameterSetName:
      - -g -n --vnet-gateway1 --local-gateway2 --shared-key
      User-Agent:
      - python/3.8.8 (Windows-10-10.0.19041-SP0) msrest/0.6.21 msrest_azure/0.6.3
        azure-mgmt-resource/12.0.0 Azure-SDK-For-Python AZURECLI/2.21.0
    method: GET
    uri: https://management.azure.com/subscriptions/00000000-0000-0000-0000-000000000000/resourcegroups/cli_test_vpn_connection_ipsec000001/providers/Microsoft.Resources/deployments/mock-deployment/operationStatuses/08585844347005549219?api-version=2020-10-01
  response:
    body:
      string: '{"status":"Running"}'
    headers:
      cache-control:
      - no-cache
      content-length:
      - '20'
      content-type:
      - application/json; charset=utf-8
      date:
      - Wed, 31 Mar 2021 06:30:19 GMT
      expires:
      - '-1'
      pragma:
      - no-cache
      strict-transport-security:
      - max-age=31536000; includeSubDomains
      vary:
      - Accept-Encoding
      x-content-type-options:
      - nosniff
    status:
      code: 200
      message: OK
- request:
    body: null
    headers:
      Accept:
      - application/json
      Accept-Encoding:
      - gzip, deflate
      CommandName:
      - network vpn-connection create
      Connection:
      - keep-alive
      ParameterSetName:
      - -g -n --vnet-gateway1 --local-gateway2 --shared-key
      User-Agent:
      - python/3.8.8 (Windows-10-10.0.19041-SP0) msrest/0.6.21 msrest_azure/0.6.3
        azure-mgmt-resource/12.0.0 Azure-SDK-For-Python AZURECLI/2.21.0
    method: GET
    uri: https://management.azure.com/subscriptions/00000000-0000-0000-0000-000000000000/resourcegroups/cli_test_vpn_connection_ipsec000001/providers/Microsoft.Resources/deployments/mock-deployment/operationStatuses/08585844347005549219?api-version=2020-10-01
  response:
    body:
      string: '{"status":"Succeeded"}'
    headers:
      cache-control:
      - no-cache
      content-length:
      - '22'
      content-type:
      - application/json; charset=utf-8
      date:
      - Wed, 31 Mar 2021 06:30:49 GMT
      expires:
      - '-1'
      pragma:
      - no-cache
      strict-transport-security:
      - max-age=31536000; includeSubDomains
      vary:
      - Accept-Encoding
      x-content-type-options:
      - nosniff
    status:
      code: 200
      message: OK
- request:
    body: null
    headers:
      Accept:
      - application/json
      Accept-Encoding:
      - gzip, deflate
      CommandName:
      - network vpn-connection create
      Connection:
      - keep-alive
      ParameterSetName:
      - -g -n --vnet-gateway1 --local-gateway2 --shared-key
      User-Agent:
      - python/3.8.8 (Windows-10-10.0.19041-SP0) msrest/0.6.21 msrest_azure/0.6.3
        azure-mgmt-resource/12.0.0 Azure-SDK-For-Python AZURECLI/2.21.0
    method: GET
    uri: https://management.azure.com/subscriptions/00000000-0000-0000-0000-000000000000/resourcegroups/cli_test_vpn_connection_ipsec000001/providers/Microsoft.Resources/deployments/mock-deployment?api-version=2020-10-01
  response:
    body:
      string: '{"id":"/subscriptions/00000000-0000-0000-0000-000000000000/resourceGroups/cli_test_vpn_connection_ipsec000001/providers/Microsoft.Resources/deployments/vpn_connection_deploy_UQ4qbcSclysjxZXjMqhVfb41Q7MoJdbH","name":"vpn_connection_deploy_UQ4qbcSclysjxZXjMqhVfb41Q7MoJdbH","type":"Microsoft.Resources/deployments","properties":{"templateHash":"16619308338402589928","parameters":{"sharedKey":{"type":"SecureString"}},"mode":"Incremental","provisioningState":"Succeeded","timestamp":"2021-03-31T06:30:29.0388956Z","duration":"PT44.1162054S","correlationId":"f0e30d58-a9d3-4cbe-bf90-fc4ddb2a36f2","providers":[{"namespace":"Microsoft.Network","resourceTypes":[{"resourceType":"connections","locations":["westus"]}]}],"dependencies":[],"outputs":{"resource":{"type":"Object","value":{"provisioningState":"Succeeded","resourceGuid":"475f7fa7-34cd-4a96-97d1-69a3efc7e1ce","virtualNetworkGateway1":{"id":"/subscriptions/00000000-0000-0000-0000-000000000000/resourceGroups/cli_test_vpn_connection_ipsec000001/providers/Microsoft.Network/virtualNetworkGateways/gw1"},"localNetworkGateway2":{"id":"/subscriptions/00000000-0000-0000-0000-000000000000/resourceGroups/cli_test_vpn_connection_ipsec000001/providers/Microsoft.Network/localNetworkGateways/lgw1"},"connectionType":"IPsec","connectionProtocol":"IKEv2","routingWeight":10,"sharedKey":"AzureA1b2C3","enableBgp":false,"useLocalAzureIpAddress":false,"trafficSelectorPolicies":[],"connectionStatus":"Unknown","ingressBytesTransferred":0,"egressBytesTransferred":0,"dpdTimeoutSeconds":0,"connectionMode":"Default"}}},"outputResources":[{"id":"/subscriptions/00000000-0000-0000-0000-000000000000/resourceGroups/cli_test_vpn_connection_ipsec000001/providers/Microsoft.Network/connections/conn1"}]}}'
    headers:
      cache-control:
      - no-cache
      content-length:
      - '1899'
      content-type:
      - application/json; charset=utf-8
      date:
      - Wed, 31 Mar 2021 06:30:49 GMT
      expires:
      - '-1'
      pragma:
      - no-cache
      strict-transport-security:
      - max-age=31536000; includeSubDomains
      vary:
      - Accept-Encoding
      x-content-type-options:
      - nosniff
    status:
      code: 200
      message: OK
- request:
    body: null
    headers:
      Accept:
      - application/json
      Accept-Encoding:
      - gzip, deflate
      CommandName:
      - network vpn-connection list
      Connection:
      - keep-alive
      ParameterSetName:
      - -g
      User-Agent:
      - AZURECLI/2.21.0 azsdk-python-azure-mgmt-network/18.0.0 Python/3.8.8 (Windows-10-10.0.19041-SP0)
    method: GET
    uri: https://management.azure.com/subscriptions/00000000-0000-0000-0000-000000000000/resourceGroups/cli_test_vpn_connection_ipsec000001/providers/Microsoft.Network/connections?api-version=2020-11-01
  response:
    body:
      string: "{\r\n  \"value\": [\r\n    {\r\n      \"name\": \"conn1\",\r\n      \"id\":
        \"/subscriptions/00000000-0000-0000-0000-000000000000/resourceGroups/cli_test_vpn_connection_ipsec000001/providers/Microsoft.Network/connections/conn1\",\r\n
        \     \"etag\": \"W/\\\"6ea2a8e2-4ee1-4e74-910d-5937c63187cd\\\"\",\r\n      \"type\":
        \"Microsoft.Network/connections\",\r\n      \"location\": \"westus\",\r\n
        \     \"tags\": {},\r\n      \"properties\": {\r\n        \"provisioningState\":
        \"Succeeded\",\r\n        \"resourceGuid\": \"475f7fa7-34cd-4a96-97d1-69a3efc7e1ce\",\r\n
        \       \"packetCaptureDiagnosticState\": \"None\",\r\n        \"virtualNetworkGateway1\":
        {\r\n          \"id\": \"/subscriptions/00000000-0000-0000-0000-000000000000/resourceGroups/cli_test_vpn_connection_ipsec000001/providers/Microsoft.Network/virtualNetworkGateways/gw1\"\r\n
        \       },\r\n        \"localNetworkGateway2\": {\r\n          \"id\": \"/subscriptions/00000000-0000-0000-0000-000000000000/resourceGroups/cli_test_vpn_connection_ipsec000001/providers/Microsoft.Network/localNetworkGateways/lgw1\"\r\n
        \       },\r\n        \"connectionType\": \"IPsec\",\r\n        \"connectionProtocol\":
        \"IKEv2\",\r\n        \"routingWeight\": 10,\r\n        \"enableBgp\": false,\r\n
        \       \"useLocalAzureIpAddress\": false,\r\n        \"usePolicyBasedTrafficSelectors\":
        false,\r\n        \"ipsecPolicies\": [],\r\n        \"trafficSelectorPolicies\":
        [],\r\n        \"ingressBytesTransferred\": 0,\r\n        \"egressBytesTransferred\":
        0,\r\n        \"expressRouteGatewayBypass\": false,\r\n        \"dpdTimeoutSeconds\":
        0,\r\n        \"connectionMode\": \"Default\"\r\n      }\r\n    }\r\n  ]\r\n}"
    headers:
      cache-control:
      - no-cache
      content-length:
      - '1630'
      content-type:
      - application/json; charset=utf-8
      date:
      - Wed, 31 Mar 2021 06:30:51 GMT
      expires:
      - '-1'
      pragma:
      - no-cache
      server:
      - Microsoft-HTTPAPI/2.0
      - Microsoft-HTTPAPI/2.0
      strict-transport-security:
      - max-age=31536000; includeSubDomains
      transfer-encoding:
      - chunked
      vary:
      - Accept-Encoding
      x-content-type-options:
      - nosniff
      x-ms-arm-service-request-id:
      - b2cc4d85-f902-45d4-8b9f-dfc89db3bbaf
    status:
      code: 200
      message: OK
- request:
    body: null
    headers:
      Accept:
      - application/json
      Accept-Encoding:
      - gzip, deflate
      CommandName:
      - network vpn-connection list
      Connection:
      - keep-alive
      ParameterSetName:
      - -g --vnet-gateway-name
      User-Agent:
      - AZURECLI/2.21.0 azsdk-python-azure-mgmt-network/18.0.0 Python/3.8.8 (Windows-10-10.0.19041-SP0)
    method: GET
    uri: https://management.azure.com/subscriptions/00000000-0000-0000-0000-000000000000/resourceGroups/cli_test_vpn_connection_ipsec000001/providers/Microsoft.Network/virtualNetworkGateways/gw1/connections?api-version=2020-11-01
  response:
    body:
      string: "{\r\n  \"value\": [\r\n    {\r\n      \"name\": \"conn1\",\r\n      \"id\":
        \"/subscriptions/00000000-0000-0000-0000-000000000000/resourceGroups/cli_test_vpn_connection_ipsec000001/providers/Microsoft.Network/connections/conn1\",\r\n
        \     \"etag\": \"W/\\\"6ea2a8e2-4ee1-4e74-910d-5937c63187cd\\\"\",\r\n      \"type\":
        \"Microsoft.Network/connections\",\r\n      \"location\": \"westus\",\r\n
        \     \"tags\": {},\r\n      \"properties\": {\r\n        \"provisioningState\":
        \"Succeeded\",\r\n        \"resourceGuid\": \"475f7fa7-34cd-4a96-97d1-69a3efc7e1ce\",\r\n
        \       \"packetCaptureDiagnosticState\": \"None\",\r\n        \"virtualNetworkGateway1\":
        {\r\n          \"id\": \"/subscriptions/00000000-0000-0000-0000-000000000000/resourceGroups/cli_test_vpn_connection_ipsec000001/providers/Microsoft.Network/virtualNetworkGateways/gw1\"\r\n
        \       },\r\n        \"localNetworkGateway2\": {\r\n          \"id\": \"/subscriptions/00000000-0000-0000-0000-000000000000/resourceGroups/cli_test_vpn_connection_ipsec000001/providers/Microsoft.Network/localNetworkGateways/lgw1\"\r\n
        \       },\r\n        \"connectionType\": \"IPsec\",\r\n        \"connectionProtocol\":
        \"IKEv2\",\r\n        \"routingWeight\": 10,\r\n        \"enableBgp\": false,\r\n
        \       \"useLocalAzureIpAddress\": false,\r\n        \"usePolicyBasedTrafficSelectors\":
        false,\r\n        \"ipsecPolicies\": [],\r\n        \"trafficSelectorPolicies\":
        [],\r\n        \"ingressBytesTransferred\": 0,\r\n        \"egressBytesTransferred\":
        0,\r\n        \"expressRouteGatewayBypass\": false,\r\n        \"dpdTimeoutSeconds\":
        0,\r\n        \"connectionMode\": \"Default\"\r\n      }\r\n    }\r\n  ]\r\n}"
    headers:
      cache-control:
      - no-cache
      content-length:
      - '1630'
      content-type:
      - application/json; charset=utf-8
      date:
      - Wed, 31 Mar 2021 06:30:52 GMT
      expires:
      - '-1'
      pragma:
      - no-cache
      server:
      - Microsoft-HTTPAPI/2.0
      - Microsoft-HTTPAPI/2.0
      strict-transport-security:
      - max-age=31536000; includeSubDomains
      transfer-encoding:
      - chunked
      vary:
      - Accept-Encoding
      x-content-type-options:
      - nosniff
      x-ms-arm-service-request-id:
      - 0133fa7d-9a8f-40eb-a841-e9e99b07f88f
    status:
      code: 200
      message: OK
- request:
    body: null
    headers:
      Accept:
      - application/json
      Accept-Encoding:
      - gzip, deflate
      CommandName:
      - network vpn-connection ipsec-policy add
      Connection:
      - keep-alive
      ParameterSetName:
      - -g --connection-name --ike-encryption --ike-integrity --dh-group --ipsec-encryption
        --ipsec-integrity --pfs-group --sa-lifetime --sa-max-size
      User-Agent:
      - AZURECLI/2.21.0 azsdk-python-azure-mgmt-network/18.0.0 Python/3.8.8 (Windows-10-10.0.19041-SP0)
    method: GET
    uri: https://management.azure.com/subscriptions/00000000-0000-0000-0000-000000000000/resourceGroups/cli_test_vpn_connection_ipsec000001/providers/Microsoft.Network/connections/conn1?api-version=2020-11-01
  response:
    body:
      string: "{\r\n  \"name\": \"conn1\",\r\n  \"id\": \"/subscriptions/00000000-0000-0000-0000-000000000000/resourceGroups/cli_test_vpn_connection_ipsec000001/providers/Microsoft.Network/connections/conn1\",\r\n
        \ \"etag\": \"W/\\\"6ea2a8e2-4ee1-4e74-910d-5937c63187cd\\\"\",\r\n  \"type\":
        \"Microsoft.Network/connections\",\r\n  \"location\": \"westus\",\r\n  \"tags\":
        {},\r\n  \"properties\": {\r\n    \"provisioningState\": \"Succeeded\",\r\n
        \   \"resourceGuid\": \"475f7fa7-34cd-4a96-97d1-69a3efc7e1ce\",\r\n    \"packetCaptureDiagnosticState\":
        \"None\",\r\n    \"virtualNetworkGateway1\": {\r\n      \"id\": \"/subscriptions/00000000-0000-0000-0000-000000000000/resourceGroups/cli_test_vpn_connection_ipsec000001/providers/Microsoft.Network/virtualNetworkGateways/gw1\"\r\n
        \   },\r\n    \"localNetworkGateway2\": {\r\n      \"id\": \"/subscriptions/00000000-0000-0000-0000-000000000000/resourceGroups/cli_test_vpn_connection_ipsec000001/providers/Microsoft.Network/localNetworkGateways/lgw1\"\r\n
        \   },\r\n    \"connectionType\": \"IPsec\",\r\n    \"connectionProtocol\":
        \"IKEv2\",\r\n    \"routingWeight\": 10,\r\n    \"sharedKey\": \"AzureA1b2C3\",\r\n
        \   \"enableBgp\": false,\r\n    \"useLocalAzureIpAddress\": false,\r\n    \"usePolicyBasedTrafficSelectors\":
        false,\r\n    \"ipsecPolicies\": [],\r\n    \"trafficSelectorPolicies\": [],\r\n
        \   \"connectionStatus\": \"Unknown\",\r\n    \"ingressBytesTransferred\":
        0,\r\n    \"egressBytesTransferred\": 0,\r\n    \"expressRouteGatewayBypass\":
        false,\r\n    \"dpdTimeoutSeconds\": 0,\r\n    \"connectionMode\": \"Default\"\r\n
        \ }\r\n}"
    headers:
      cache-control:
      - no-cache
      content-length:
      - '1546'
      content-type:
      - application/json; charset=utf-8
      date:
      - Wed, 31 Mar 2021 06:30:53 GMT
      expires:
      - '-1'
      pragma:
      - no-cache
      server:
      - Microsoft-HTTPAPI/2.0
      - Microsoft-HTTPAPI/2.0
      strict-transport-security:
      - max-age=31536000; includeSubDomains
      transfer-encoding:
      - chunked
      vary:
      - Accept-Encoding
      x-content-type-options:
      - nosniff
      x-ms-arm-service-request-id:
      - 2c2b0828-e68a-49d1-926c-86d2794dac7d
    status:
      code: 200
      message: OK
- request:
    body: '{"id": "/subscriptions/00000000-0000-0000-0000-000000000000/resourceGroups/cli_test_vpn_connection_ipsec000001/providers/Microsoft.Network/connections/conn1",
      "location": "westus", "tags": {}, "properties": {"virtualNetworkGateway1": {"id":
      "/subscriptions/00000000-0000-0000-0000-000000000000/resourceGroups/cli_test_vpn_connection_ipsec000001/providers/Microsoft.Network/virtualNetworkGateways/gw1"},
      "localNetworkGateway2": {"id": "/subscriptions/00000000-0000-0000-0000-000000000000/resourceGroups/cli_test_vpn_connection_ipsec000001/providers/Microsoft.Network/localNetworkGateways/lgw1"},
      "connectionType": "IPsec", "connectionProtocol": "IKEv2", "routingWeight": 10,
      "dpdTimeoutSeconds": 0, "connectionMode": "Default", "sharedKey": "AzureA1b2C3",
      "enableBgp": false, "useLocalAzureIpAddress": false, "usePolicyBasedTrafficSelectors":
      false, "ipsecPolicies": [{"saLifeTimeSeconds": 7200, "saDataSizeKilobytes":
      2048, "ipsecEncryption": "GCMAES256", "ipsecIntegrity": "GCMAES256", "ikeEncryption":
      "AES256", "ikeIntegrity": "SHA384", "dhGroup": "DHGroup24", "pfsGroup": "PFS24"}],
      "trafficSelectorPolicies": [], "expressRouteGatewayBypass": false}}'
    headers:
      Accept:
      - application/json
      Accept-Encoding:
      - gzip, deflate
      CommandName:
      - network vpn-connection ipsec-policy add
      Connection:
      - keep-alive
      Content-Length:
      - '1274'
      Content-Type:
      - application/json
      ParameterSetName:
      - -g --connection-name --ike-encryption --ike-integrity --dh-group --ipsec-encryption
        --ipsec-integrity --pfs-group --sa-lifetime --sa-max-size
      User-Agent:
      - AZURECLI/2.21.0 azsdk-python-azure-mgmt-network/18.0.0 Python/3.8.8 (Windows-10-10.0.19041-SP0)
    method: PUT
    uri: https://management.azure.com/subscriptions/00000000-0000-0000-0000-000000000000/resourceGroups/cli_test_vpn_connection_ipsec000001/providers/Microsoft.Network/connections/conn1?api-version=2020-11-01
  response:
    body:
      string: "{\r\n  \"name\": \"conn1\",\r\n  \"id\": \"/subscriptions/00000000-0000-0000-0000-000000000000/resourceGroups/cli_test_vpn_connection_ipsec000001/providers/Microsoft.Network/connections/conn1\",\r\n
        \ \"etag\": \"W/\\\"a3a42f6f-3ca6-4e8d-9857-b42c16f1ff62\\\"\",\r\n  \"type\":
        \"Microsoft.Network/connections\",\r\n  \"location\": \"westus\",\r\n  \"tags\":
        {},\r\n  \"properties\": {\r\n    \"provisioningState\": \"Updating\",\r\n
        \   \"resourceGuid\": \"475f7fa7-34cd-4a96-97d1-69a3efc7e1ce\",\r\n    \"packetCaptureDiagnosticState\":
        \"None\",\r\n    \"virtualNetworkGateway1\": {\r\n      \"id\": \"/subscriptions/00000000-0000-0000-0000-000000000000/resourceGroups/cli_test_vpn_connection_ipsec000001/providers/Microsoft.Network/virtualNetworkGateways/gw1\"\r\n
        \   },\r\n    \"localNetworkGateway2\": {\r\n      \"id\": \"/subscriptions/00000000-0000-0000-0000-000000000000/resourceGroups/cli_test_vpn_connection_ipsec000001/providers/Microsoft.Network/localNetworkGateways/lgw1\"\r\n
        \   },\r\n    \"connectionType\": \"IPsec\",\r\n    \"connectionProtocol\":
        \"IKEv2\",\r\n    \"routingWeight\": 10,\r\n    \"sharedKey\": \"AzureA1b2C3\",\r\n
        \   \"enableBgp\": false,\r\n    \"useLocalAzureIpAddress\": false,\r\n    \"usePolicyBasedTrafficSelectors\":
        false,\r\n    \"ipsecPolicies\": [\r\n      {\r\n        \"saLifeTimeSeconds\":
        7200,\r\n        \"saDataSizeKilobytes\": 2048,\r\n        \"ipsecEncryption\":
        \"GCMAES256\",\r\n        \"ipsecIntegrity\": \"GCMAES256\",\r\n        \"ikeEncryption\":
        \"AES256\",\r\n        \"ikeIntegrity\": \"SHA384\",\r\n        \"dhGroup\":
        \"DHGroup24\",\r\n        \"pfsGroup\": \"PFS24\"\r\n      }\r\n    ],\r\n
        \   \"trafficSelectorPolicies\": [],\r\n    \"ingressBytesTransferred\": 0,\r\n
        \   \"egressBytesTransferred\": 0,\r\n    \"expressRouteGatewayBypass\": false,\r\n
        \   \"dpdTimeoutSeconds\": 0,\r\n    \"connectionMode\": \"Default\"\r\n  }\r\n}"
    headers:
      azure-asyncoperation:
      - https://management.azure.com/subscriptions/00000000-0000-0000-0000-000000000000/providers/Microsoft.Network/locations/westus/operations/38d671d9-b061-46bc-909e-41ec71553cee?api-version=2020-11-01
      cache-control:
      - no-cache
      content-length:
      - '1821'
      content-type:
      - application/json; charset=utf-8
      date:
      - Wed, 31 Mar 2021 06:30:56 GMT
      expires:
      - '-1'
      pragma:
      - no-cache
      server:
      - Microsoft-HTTPAPI/2.0
      - Microsoft-HTTPAPI/2.0
      strict-transport-security:
      - max-age=31536000; includeSubDomains
      transfer-encoding:
      - chunked
      vary:
      - Accept-Encoding
      x-content-type-options:
      - nosniff
      x-ms-arm-service-request-id:
      - 5b9e46a0-458a-423d-88f3-80d62e076756
      x-ms-ratelimit-remaining-subscription-writes:
      - '1199'
    status:
      code: 200
      message: OK
- request:
    body: null
    headers:
      Accept:
      - '*/*'
      Accept-Encoding:
      - gzip, deflate
      CommandName:
      - network vpn-connection ipsec-policy add
      Connection:
      - keep-alive
      ParameterSetName:
      - -g --connection-name --ike-encryption --ike-integrity --dh-group --ipsec-encryption
        --ipsec-integrity --pfs-group --sa-lifetime --sa-max-size
      User-Agent:
      - AZURECLI/2.21.0 azsdk-python-azure-mgmt-network/18.0.0 Python/3.8.8 (Windows-10-10.0.19041-SP0)
    method: GET
    uri: https://management.azure.com/subscriptions/00000000-0000-0000-0000-000000000000/providers/Microsoft.Network/locations/westus/operations/38d671d9-b061-46bc-909e-41ec71553cee?api-version=2020-11-01
  response:
    body:
      string: "{\r\n  \"status\": \"InProgress\"\r\n}"
    headers:
      cache-control:
      - no-cache
      content-length:
      - '30'
      content-type:
      - application/json; charset=utf-8
      date:
      - Wed, 31 Mar 2021 06:31:06 GMT
      expires:
      - '-1'
      pragma:
      - no-cache
      server:
      - Microsoft-HTTPAPI/2.0
      - Microsoft-HTTPAPI/2.0
      strict-transport-security:
      - max-age=31536000; includeSubDomains
      transfer-encoding:
      - chunked
      vary:
      - Accept-Encoding
      x-content-type-options:
      - nosniff
      x-ms-arm-service-request-id:
      - a598aaed-6a7d-40ec-8c6a-cd4941a6e79b
    status:
      code: 200
      message: OK
- request:
    body: null
    headers:
      Accept:
      - '*/*'
      Accept-Encoding:
      - gzip, deflate
      CommandName:
      - network vpn-connection ipsec-policy add
      Connection:
      - keep-alive
      ParameterSetName:
      - -g --connection-name --ike-encryption --ike-integrity --dh-group --ipsec-encryption
        --ipsec-integrity --pfs-group --sa-lifetime --sa-max-size
      User-Agent:
      - AZURECLI/2.21.0 azsdk-python-azure-mgmt-network/18.0.0 Python/3.8.8 (Windows-10-10.0.19041-SP0)
    method: GET
    uri: https://management.azure.com/subscriptions/00000000-0000-0000-0000-000000000000/providers/Microsoft.Network/locations/westus/operations/38d671d9-b061-46bc-909e-41ec71553cee?api-version=2020-11-01
  response:
    body:
      string: "{\r\n  \"status\": \"InProgress\"\r\n}"
    headers:
      cache-control:
      - no-cache
      content-length:
      - '30'
      content-type:
      - application/json; charset=utf-8
      date:
      - Wed, 31 Mar 2021 06:31:26 GMT
      expires:
      - '-1'
      pragma:
      - no-cache
      server:
      - Microsoft-HTTPAPI/2.0
      - Microsoft-HTTPAPI/2.0
      strict-transport-security:
      - max-age=31536000; includeSubDomains
      transfer-encoding:
      - chunked
      vary:
      - Accept-Encoding
      x-content-type-options:
      - nosniff
      x-ms-arm-service-request-id:
      - 0ba71147-1d94-4a85-8caa-7401d7f513bb
    status:
      code: 200
      message: OK
- request:
    body: null
    headers:
      Accept:
      - '*/*'
      Accept-Encoding:
      - gzip, deflate
      CommandName:
      - network vpn-connection ipsec-policy add
      Connection:
      - keep-alive
      ParameterSetName:
      - -g --connection-name --ike-encryption --ike-integrity --dh-group --ipsec-encryption
        --ipsec-integrity --pfs-group --sa-lifetime --sa-max-size
      User-Agent:
      - AZURECLI/2.21.0 azsdk-python-azure-mgmt-network/18.0.0 Python/3.8.8 (Windows-10-10.0.19041-SP0)
    method: GET
    uri: https://management.azure.com/subscriptions/00000000-0000-0000-0000-000000000000/providers/Microsoft.Network/locations/westus/operations/38d671d9-b061-46bc-909e-41ec71553cee?api-version=2020-11-01
  response:
    body:
      string: "{\r\n  \"status\": \"InProgress\"\r\n}"
    headers:
      cache-control:
      - no-cache
      content-length:
      - '30'
      content-type:
      - application/json; charset=utf-8
      date:
      - Wed, 31 Mar 2021 06:32:06 GMT
      expires:
      - '-1'
      pragma:
      - no-cache
      server:
      - Microsoft-HTTPAPI/2.0
      - Microsoft-HTTPAPI/2.0
      strict-transport-security:
      - max-age=31536000; includeSubDomains
      transfer-encoding:
      - chunked
      vary:
      - Accept-Encoding
      x-content-type-options:
      - nosniff
      x-ms-arm-service-request-id:
      - b451e8bf-bdd3-4192-94bc-04c95a519ca6
    status:
      code: 200
      message: OK
- request:
    body: null
    headers:
      Accept:
      - '*/*'
      Accept-Encoding:
      - gzip, deflate
      CommandName:
      - network vpn-connection ipsec-policy add
      Connection:
      - keep-alive
      ParameterSetName:
      - -g --connection-name --ike-encryption --ike-integrity --dh-group --ipsec-encryption
        --ipsec-integrity --pfs-group --sa-lifetime --sa-max-size
      User-Agent:
      - AZURECLI/2.21.0 azsdk-python-azure-mgmt-network/18.0.0 Python/3.8.8 (Windows-10-10.0.19041-SP0)
    method: GET
    uri: https://management.azure.com/subscriptions/00000000-0000-0000-0000-000000000000/providers/Microsoft.Network/locations/westus/operations/38d671d9-b061-46bc-909e-41ec71553cee?api-version=2020-11-01
  response:
    body:
      string: "{\r\n  \"status\": \"Succeeded\"\r\n}"
    headers:
      cache-control:
      - no-cache
      content-length:
      - '29'
      content-type:
      - application/json; charset=utf-8
      date:
      - Wed, 31 Mar 2021 06:33:27 GMT
      expires:
      - '-1'
      pragma:
      - no-cache
      server:
      - Microsoft-HTTPAPI/2.0
      - Microsoft-HTTPAPI/2.0
      strict-transport-security:
      - max-age=31536000; includeSubDomains
      transfer-encoding:
      - chunked
      vary:
      - Accept-Encoding
      x-content-type-options:
      - nosniff
      x-ms-arm-service-request-id:
      - d3d3a7d9-e246-4ba9-958e-61a8836aa9a3
    status:
      code: 200
      message: OK
- request:
    body: null
    headers:
      Accept:
      - '*/*'
      Accept-Encoding:
      - gzip, deflate
      CommandName:
      - network vpn-connection ipsec-policy add
      Connection:
      - keep-alive
      ParameterSetName:
      - -g --connection-name --ike-encryption --ike-integrity --dh-group --ipsec-encryption
        --ipsec-integrity --pfs-group --sa-lifetime --sa-max-size
      User-Agent:
      - AZURECLI/2.21.0 azsdk-python-azure-mgmt-network/18.0.0 Python/3.8.8 (Windows-10-10.0.19041-SP0)
    method: GET
    uri: https://management.azure.com/subscriptions/00000000-0000-0000-0000-000000000000/resourceGroups/cli_test_vpn_connection_ipsec000001/providers/Microsoft.Network/connections/conn1?api-version=2020-11-01
  response:
    body:
      string: "{\r\n  \"name\": \"conn1\",\r\n  \"id\": \"/subscriptions/00000000-0000-0000-0000-000000000000/resourceGroups/cli_test_vpn_connection_ipsec000001/providers/Microsoft.Network/connections/conn1\",\r\n
        \ \"etag\": \"W/\\\"791d0bb9-6602-41c3-b466-e3c79468db55\\\"\",\r\n  \"type\":
        \"Microsoft.Network/connections\",\r\n  \"location\": \"westus\",\r\n  \"tags\":
        {},\r\n  \"properties\": {\r\n    \"provisioningState\": \"Succeeded\",\r\n
        \   \"resourceGuid\": \"475f7fa7-34cd-4a96-97d1-69a3efc7e1ce\",\r\n    \"packetCaptureDiagnosticState\":
        \"None\",\r\n    \"virtualNetworkGateway1\": {\r\n      \"id\": \"/subscriptions/00000000-0000-0000-0000-000000000000/resourceGroups/cli_test_vpn_connection_ipsec000001/providers/Microsoft.Network/virtualNetworkGateways/gw1\"\r\n
        \   },\r\n    \"localNetworkGateway2\": {\r\n      \"id\": \"/subscriptions/00000000-0000-0000-0000-000000000000/resourceGroups/cli_test_vpn_connection_ipsec000001/providers/Microsoft.Network/localNetworkGateways/lgw1\"\r\n
        \   },\r\n    \"connectionType\": \"IPsec\",\r\n    \"connectionProtocol\":
        \"IKEv2\",\r\n    \"routingWeight\": 10,\r\n    \"sharedKey\": \"AzureA1b2C3\",\r\n
        \   \"enableBgp\": false,\r\n    \"useLocalAzureIpAddress\": false,\r\n    \"usePolicyBasedTrafficSelectors\":
        false,\r\n    \"ipsecPolicies\": [\r\n      {\r\n        \"saLifeTimeSeconds\":
        7200,\r\n        \"saDataSizeKilobytes\": 2048,\r\n        \"ipsecEncryption\":
        \"GCMAES256\",\r\n        \"ipsecIntegrity\": \"GCMAES256\",\r\n        \"ikeEncryption\":
        \"AES256\",\r\n        \"ikeIntegrity\": \"SHA384\",\r\n        \"dhGroup\":
        \"DHGroup24\",\r\n        \"pfsGroup\": \"PFS24\"\r\n      }\r\n    ],\r\n
        \   \"trafficSelectorPolicies\": [],\r\n    \"connectionStatus\": \"Unknown\",\r\n
        \   \"ingressBytesTransferred\": 0,\r\n    \"egressBytesTransferred\": 0,\r\n
        \   \"expressRouteGatewayBypass\": false,\r\n    \"dpdTimeoutSeconds\": 0,\r\n
        \   \"connectionMode\": \"Default\"\r\n  }\r\n}"
    headers:
      cache-control:
      - no-cache
      content-length:
      - '1858'
      content-type:
      - application/json; charset=utf-8
      date:
      - Wed, 31 Mar 2021 06:33:27 GMT
      expires:
      - '-1'
      pragma:
      - no-cache
      server:
      - Microsoft-HTTPAPI/2.0
      - Microsoft-HTTPAPI/2.0
      strict-transport-security:
      - max-age=31536000; includeSubDomains
      transfer-encoding:
      - chunked
      vary:
      - Accept-Encoding
      x-content-type-options:
      - nosniff
      x-ms-arm-service-request-id:
      - 7d661448-a52e-4a82-8179-abebee8c9424
    status:
      code: 200
      message: OK
- request:
    body: null
    headers:
      Accept:
      - application/json
      Accept-Encoding:
      - gzip, deflate
      CommandName:
      - network vpn-connection ipsec-policy list
      Connection:
      - keep-alive
      ParameterSetName:
      - -g --connection-name
      User-Agent:
      - AZURECLI/2.21.0 azsdk-python-azure-mgmt-network/18.0.0 Python/3.8.8 (Windows-10-10.0.19041-SP0)
    method: GET
    uri: https://management.azure.com/subscriptions/00000000-0000-0000-0000-000000000000/resourceGroups/cli_test_vpn_connection_ipsec000001/providers/Microsoft.Network/connections/conn1?api-version=2020-11-01
  response:
    body:
      string: "{\r\n  \"name\": \"conn1\",\r\n  \"id\": \"/subscriptions/00000000-0000-0000-0000-000000000000/resourceGroups/cli_test_vpn_connection_ipsec000001/providers/Microsoft.Network/connections/conn1\",\r\n
        \ \"etag\": \"W/\\\"791d0bb9-6602-41c3-b466-e3c79468db55\\\"\",\r\n  \"type\":
        \"Microsoft.Network/connections\",\r\n  \"location\": \"westus\",\r\n  \"tags\":
        {},\r\n  \"properties\": {\r\n    \"provisioningState\": \"Succeeded\",\r\n
        \   \"resourceGuid\": \"475f7fa7-34cd-4a96-97d1-69a3efc7e1ce\",\r\n    \"packetCaptureDiagnosticState\":
        \"None\",\r\n    \"virtualNetworkGateway1\": {\r\n      \"id\": \"/subscriptions/00000000-0000-0000-0000-000000000000/resourceGroups/cli_test_vpn_connection_ipsec000001/providers/Microsoft.Network/virtualNetworkGateways/gw1\"\r\n
        \   },\r\n    \"localNetworkGateway2\": {\r\n      \"id\": \"/subscriptions/00000000-0000-0000-0000-000000000000/resourceGroups/cli_test_vpn_connection_ipsec000001/providers/Microsoft.Network/localNetworkGateways/lgw1\"\r\n
        \   },\r\n    \"connectionType\": \"IPsec\",\r\n    \"connectionProtocol\":
        \"IKEv2\",\r\n    \"routingWeight\": 10,\r\n    \"sharedKey\": \"AzureA1b2C3\",\r\n
        \   \"enableBgp\": false,\r\n    \"useLocalAzureIpAddress\": false,\r\n    \"usePolicyBasedTrafficSelectors\":
        false,\r\n    \"ipsecPolicies\": [\r\n      {\r\n        \"saLifeTimeSeconds\":
        7200,\r\n        \"saDataSizeKilobytes\": 2048,\r\n        \"ipsecEncryption\":
        \"GCMAES256\",\r\n        \"ipsecIntegrity\": \"GCMAES256\",\r\n        \"ikeEncryption\":
        \"AES256\",\r\n        \"ikeIntegrity\": \"SHA384\",\r\n        \"dhGroup\":
        \"DHGroup24\",\r\n        \"pfsGroup\": \"PFS24\"\r\n      }\r\n    ],\r\n
        \   \"trafficSelectorPolicies\": [],\r\n    \"connectionStatus\": \"Unknown\",\r\n
        \   \"ingressBytesTransferred\": 0,\r\n    \"egressBytesTransferred\": 0,\r\n
        \   \"expressRouteGatewayBypass\": false,\r\n    \"dpdTimeoutSeconds\": 0,\r\n
        \   \"connectionMode\": \"Default\"\r\n  }\r\n}"
    headers:
      cache-control:
      - no-cache
      content-length:
      - '1858'
      content-type:
      - application/json; charset=utf-8
      date:
      - Wed, 31 Mar 2021 06:33:29 GMT
      expires:
      - '-1'
      pragma:
      - no-cache
      server:
      - Microsoft-HTTPAPI/2.0
      - Microsoft-HTTPAPI/2.0
      strict-transport-security:
      - max-age=31536000; includeSubDomains
      transfer-encoding:
      - chunked
      vary:
      - Accept-Encoding
      x-content-type-options:
      - nosniff
      x-ms-arm-service-request-id:
      - 9248bcb8-f55b-4d0a-bb53-e8ba66813956
    status:
      code: 200
      message: OK
- request:
    body: null
    headers:
      Accept:
      - application/json
      Accept-Encoding:
      - gzip, deflate
      CommandName:
      - network vpn-connection ipsec-policy clear
      Connection:
      - keep-alive
      ParameterSetName:
      - -g --connection-name
      User-Agent:
      - AZURECLI/2.21.0 azsdk-python-azure-mgmt-network/18.0.0 Python/3.8.8 (Windows-10-10.0.19041-SP0)
    method: GET
    uri: https://management.azure.com/subscriptions/00000000-0000-0000-0000-000000000000/resourceGroups/cli_test_vpn_connection_ipsec000001/providers/Microsoft.Network/connections/conn1?api-version=2020-11-01
  response:
    body:
      string: "{\r\n  \"name\": \"conn1\",\r\n  \"id\": \"/subscriptions/00000000-0000-0000-0000-000000000000/resourceGroups/cli_test_vpn_connection_ipsec000001/providers/Microsoft.Network/connections/conn1\",\r\n
        \ \"etag\": \"W/\\\"791d0bb9-6602-41c3-b466-e3c79468db55\\\"\",\r\n  \"type\":
        \"Microsoft.Network/connections\",\r\n  \"location\": \"westus\",\r\n  \"tags\":
        {},\r\n  \"properties\": {\r\n    \"provisioningState\": \"Succeeded\",\r\n
        \   \"resourceGuid\": \"475f7fa7-34cd-4a96-97d1-69a3efc7e1ce\",\r\n    \"packetCaptureDiagnosticState\":
        \"None\",\r\n    \"virtualNetworkGateway1\": {\r\n      \"id\": \"/subscriptions/00000000-0000-0000-0000-000000000000/resourceGroups/cli_test_vpn_connection_ipsec000001/providers/Microsoft.Network/virtualNetworkGateways/gw1\"\r\n
        \   },\r\n    \"localNetworkGateway2\": {\r\n      \"id\": \"/subscriptions/00000000-0000-0000-0000-000000000000/resourceGroups/cli_test_vpn_connection_ipsec000001/providers/Microsoft.Network/localNetworkGateways/lgw1\"\r\n
        \   },\r\n    \"connectionType\": \"IPsec\",\r\n    \"connectionProtocol\":
        \"IKEv2\",\r\n    \"routingWeight\": 10,\r\n    \"sharedKey\": \"AzureA1b2C3\",\r\n
        \   \"enableBgp\": false,\r\n    \"useLocalAzureIpAddress\": false,\r\n    \"usePolicyBasedTrafficSelectors\":
        false,\r\n    \"ipsecPolicies\": [\r\n      {\r\n        \"saLifeTimeSeconds\":
        7200,\r\n        \"saDataSizeKilobytes\": 2048,\r\n        \"ipsecEncryption\":
        \"GCMAES256\",\r\n        \"ipsecIntegrity\": \"GCMAES256\",\r\n        \"ikeEncryption\":
        \"AES256\",\r\n        \"ikeIntegrity\": \"SHA384\",\r\n        \"dhGroup\":
        \"DHGroup24\",\r\n        \"pfsGroup\": \"PFS24\"\r\n      }\r\n    ],\r\n
        \   \"trafficSelectorPolicies\": [],\r\n    \"connectionStatus\": \"Unknown\",\r\n
        \   \"ingressBytesTransferred\": 0,\r\n    \"egressBytesTransferred\": 0,\r\n
        \   \"expressRouteGatewayBypass\": false,\r\n    \"dpdTimeoutSeconds\": 0,\r\n
        \   \"connectionMode\": \"Default\"\r\n  }\r\n}"
    headers:
      cache-control:
      - no-cache
      content-length:
      - '1858'
      content-type:
      - application/json; charset=utf-8
      date:
      - Wed, 31 Mar 2021 06:33:30 GMT
      expires:
      - '-1'
      pragma:
      - no-cache
      server:
      - Microsoft-HTTPAPI/2.0
      - Microsoft-HTTPAPI/2.0
      strict-transport-security:
      - max-age=31536000; includeSubDomains
      transfer-encoding:
      - chunked
      vary:
      - Accept-Encoding
      x-content-type-options:
      - nosniff
      x-ms-arm-service-request-id:
      - a8c2bec5-0b9e-45a6-8bc7-85d46b296cfb
    status:
      code: 200
      message: OK
- request:
    body: '{"id": "/subscriptions/00000000-0000-0000-0000-000000000000/resourceGroups/cli_test_vpn_connection_ipsec000001/providers/Microsoft.Network/connections/conn1",
      "location": "westus", "tags": {}, "properties": {"virtualNetworkGateway1": {"id":
      "/subscriptions/00000000-0000-0000-0000-000000000000/resourceGroups/cli_test_vpn_connection_ipsec000001/providers/Microsoft.Network/virtualNetworkGateways/gw1"},
      "localNetworkGateway2": {"id": "/subscriptions/00000000-0000-0000-0000-000000000000/resourceGroups/cli_test_vpn_connection_ipsec000001/providers/Microsoft.Network/localNetworkGateways/lgw1"},
      "connectionType": "IPsec", "connectionProtocol": "IKEv2", "routingWeight": 10,
      "dpdTimeoutSeconds": 0, "connectionMode": "Default", "sharedKey": "AzureA1b2C3",
      "enableBgp": false, "useLocalAzureIpAddress": false, "usePolicyBasedTrafficSelectors":
      false, "trafficSelectorPolicies": [], "expressRouteGatewayBypass": false}}'
    headers:
      Accept:
      - application/json
      Accept-Encoding:
      - gzip, deflate
      CommandName:
      - network vpn-connection ipsec-policy clear
      Connection:
      - keep-alive
      Content-Length:
      - '1036'
      Content-Type:
      - application/json
      ParameterSetName:
      - -g --connection-name
      User-Agent:
      - AZURECLI/2.21.0 azsdk-python-azure-mgmt-network/18.0.0 Python/3.8.8 (Windows-10-10.0.19041-SP0)
    method: PUT
    uri: https://management.azure.com/subscriptions/00000000-0000-0000-0000-000000000000/resourceGroups/cli_test_vpn_connection_ipsec000001/providers/Microsoft.Network/connections/conn1?api-version=2020-11-01
  response:
    body:
      string: "{\r\n  \"name\": \"conn1\",\r\n  \"id\": \"/subscriptions/00000000-0000-0000-0000-000000000000/resourceGroups/cli_test_vpn_connection_ipsec000001/providers/Microsoft.Network/connections/conn1\",\r\n
        \ \"etag\": \"W/\\\"0f2968fc-6500-4576-921b-9e0083d4084b\\\"\",\r\n  \"type\":
        \"Microsoft.Network/connections\",\r\n  \"location\": \"westus\",\r\n  \"tags\":
        {},\r\n  \"properties\": {\r\n    \"provisioningState\": \"Updating\",\r\n
        \   \"resourceGuid\": \"475f7fa7-34cd-4a96-97d1-69a3efc7e1ce\",\r\n    \"packetCaptureDiagnosticState\":
        \"None\",\r\n    \"virtualNetworkGateway1\": {\r\n      \"id\": \"/subscriptions/00000000-0000-0000-0000-000000000000/resourceGroups/cli_test_vpn_connection_ipsec000001/providers/Microsoft.Network/virtualNetworkGateways/gw1\"\r\n
        \   },\r\n    \"localNetworkGateway2\": {\r\n      \"id\": \"/subscriptions/00000000-0000-0000-0000-000000000000/resourceGroups/cli_test_vpn_connection_ipsec000001/providers/Microsoft.Network/localNetworkGateways/lgw1\"\r\n
        \   },\r\n    \"connectionType\": \"IPsec\",\r\n    \"connectionProtocol\":
        \"IKEv2\",\r\n    \"routingWeight\": 10,\r\n    \"sharedKey\": \"AzureA1b2C3\",\r\n
        \   \"enableBgp\": false,\r\n    \"useLocalAzureIpAddress\": false,\r\n    \"usePolicyBasedTrafficSelectors\":
        false,\r\n    \"ipsecPolicies\": [],\r\n    \"trafficSelectorPolicies\": [],\r\n
        \   \"ingressBytesTransferred\": 0,\r\n    \"egressBytesTransferred\": 0,\r\n
        \   \"expressRouteGatewayBypass\": false,\r\n    \"dpdTimeoutSeconds\": 0,\r\n
        \   \"connectionMode\": \"Default\"\r\n  }\r\n}"
    headers:
      azure-asyncoperation:
      - https://management.azure.com/subscriptions/00000000-0000-0000-0000-000000000000/providers/Microsoft.Network/locations/westus/operations/ce1c69dd-2c4d-4f59-95b2-03c0158c7d96?api-version=2020-11-01
      cache-control:
      - no-cache
      content-length:
      - '1509'
      content-type:
      - application/json; charset=utf-8
      date:
      - Wed, 31 Mar 2021 06:33:33 GMT
      expires:
      - '-1'
      pragma:
      - no-cache
      server:
      - Microsoft-HTTPAPI/2.0
      - Microsoft-HTTPAPI/2.0
      strict-transport-security:
      - max-age=31536000; includeSubDomains
      transfer-encoding:
      - chunked
      vary:
      - Accept-Encoding
      x-content-type-options:
      - nosniff
      x-ms-arm-service-request-id:
      - 13dc005f-0b64-4777-b6a3-04f88a8e21ee
      x-ms-ratelimit-remaining-subscription-writes:
      - '1198'
    status:
      code: 200
      message: OK
- request:
    body: null
    headers:
      Accept:
      - '*/*'
      Accept-Encoding:
      - gzip, deflate
      CommandName:
      - network vpn-connection ipsec-policy clear
      Connection:
      - keep-alive
      ParameterSetName:
      - -g --connection-name
      User-Agent:
      - AZURECLI/2.21.0 azsdk-python-azure-mgmt-network/18.0.0 Python/3.8.8 (Windows-10-10.0.19041-SP0)
    method: GET
    uri: https://management.azure.com/subscriptions/00000000-0000-0000-0000-000000000000/providers/Microsoft.Network/locations/westus/operations/ce1c69dd-2c4d-4f59-95b2-03c0158c7d96?api-version=2020-11-01
  response:
    body:
      string: "{\r\n  \"status\": \"InProgress\"\r\n}"
    headers:
      cache-control:
      - no-cache
      content-length:
      - '30'
      content-type:
      - application/json; charset=utf-8
      date:
      - Wed, 31 Mar 2021 06:33:43 GMT
      expires:
      - '-1'
      pragma:
      - no-cache
      server:
      - Microsoft-HTTPAPI/2.0
      - Microsoft-HTTPAPI/2.0
      strict-transport-security:
      - max-age=31536000; includeSubDomains
      transfer-encoding:
      - chunked
      vary:
      - Accept-Encoding
      x-content-type-options:
      - nosniff
      x-ms-arm-service-request-id:
      - 76009ac1-3776-4922-aa50-259690635f1d
    status:
      code: 200
      message: OK
- request:
    body: null
    headers:
      Accept:
      - '*/*'
      Accept-Encoding:
      - gzip, deflate
      CommandName:
      - network vpn-connection ipsec-policy clear
      Connection:
      - keep-alive
      ParameterSetName:
      - -g --connection-name
      User-Agent:
      - AZURECLI/2.21.0 azsdk-python-azure-mgmt-network/18.0.0 Python/3.8.8 (Windows-10-10.0.19041-SP0)
    method: GET
    uri: https://management.azure.com/subscriptions/00000000-0000-0000-0000-000000000000/providers/Microsoft.Network/locations/westus/operations/ce1c69dd-2c4d-4f59-95b2-03c0158c7d96?api-version=2020-11-01
  response:
    body:
      string: "{\r\n  \"status\": \"Succeeded\"\r\n}"
    headers:
      cache-control:
      - no-cache
      content-length:
      - '29'
      content-type:
      - application/json; charset=utf-8
      date:
      - Wed, 31 Mar 2021 06:34:03 GMT
      expires:
      - '-1'
      pragma:
      - no-cache
      server:
      - Microsoft-HTTPAPI/2.0
      - Microsoft-HTTPAPI/2.0
      strict-transport-security:
      - max-age=31536000; includeSubDomains
      transfer-encoding:
      - chunked
      vary:
      - Accept-Encoding
      x-content-type-options:
      - nosniff
      x-ms-arm-service-request-id:
      - ee13087e-78c5-4e43-98d5-69997a2b8e7f
    status:
      code: 200
      message: OK
- request:
    body: null
    headers:
      Accept:
      - '*/*'
      Accept-Encoding:
      - gzip, deflate
      CommandName:
      - network vpn-connection ipsec-policy clear
      Connection:
      - keep-alive
      ParameterSetName:
      - -g --connection-name
      User-Agent:
      - AZURECLI/2.21.0 azsdk-python-azure-mgmt-network/18.0.0 Python/3.8.8 (Windows-10-10.0.19041-SP0)
    method: GET
    uri: https://management.azure.com/subscriptions/00000000-0000-0000-0000-000000000000/resourceGroups/cli_test_vpn_connection_ipsec000001/providers/Microsoft.Network/connections/conn1?api-version=2020-11-01
  response:
    body:
      string: "{\r\n  \"name\": \"conn1\",\r\n  \"id\": \"/subscriptions/00000000-0000-0000-0000-000000000000/resourceGroups/cli_test_vpn_connection_ipsec000001/providers/Microsoft.Network/connections/conn1\",\r\n
        \ \"etag\": \"W/\\\"c06c42d1-de39-4970-8676-9bd107f6e067\\\"\",\r\n  \"type\":
        \"Microsoft.Network/connections\",\r\n  \"location\": \"westus\",\r\n  \"tags\":
        {},\r\n  \"properties\": {\r\n    \"provisioningState\": \"Succeeded\",\r\n
        \   \"resourceGuid\": \"475f7fa7-34cd-4a96-97d1-69a3efc7e1ce\",\r\n    \"packetCaptureDiagnosticState\":
        \"None\",\r\n    \"virtualNetworkGateway1\": {\r\n      \"id\": \"/subscriptions/00000000-0000-0000-0000-000000000000/resourceGroups/cli_test_vpn_connection_ipsec000001/providers/Microsoft.Network/virtualNetworkGateways/gw1\"\r\n
        \   },\r\n    \"localNetworkGateway2\": {\r\n      \"id\": \"/subscriptions/00000000-0000-0000-0000-000000000000/resourceGroups/cli_test_vpn_connection_ipsec000001/providers/Microsoft.Network/localNetworkGateways/lgw1\"\r\n
        \   },\r\n    \"connectionType\": \"IPsec\",\r\n    \"connectionProtocol\":
        \"IKEv2\",\r\n    \"routingWeight\": 10,\r\n    \"sharedKey\": \"AzureA1b2C3\",\r\n
        \   \"enableBgp\": false,\r\n    \"useLocalAzureIpAddress\": false,\r\n    \"usePolicyBasedTrafficSelectors\":
        false,\r\n    \"ipsecPolicies\": [],\r\n    \"trafficSelectorPolicies\": [],\r\n
        \   \"connectionStatus\": \"NotConnected\",\r\n    \"ingressBytesTransferred\":
        0,\r\n    \"egressBytesTransferred\": 0,\r\n    \"expressRouteGatewayBypass\":
        false,\r\n    \"dpdTimeoutSeconds\": 0,\r\n    \"connectionMode\": \"Default\"\r\n
        \ }\r\n}"
    headers:
      cache-control:
      - no-cache
      content-length:
      - '1551'
      content-type:
      - application/json; charset=utf-8
      date:
      - Wed, 31 Mar 2021 06:34:04 GMT
      expires:
      - '-1'
      pragma:
      - no-cache
      server:
      - Microsoft-HTTPAPI/2.0
      - Microsoft-HTTPAPI/2.0
      strict-transport-security:
      - max-age=31536000; includeSubDomains
      transfer-encoding:
      - chunked
      vary:
      - Accept-Encoding
      x-content-type-options:
      - nosniff
      x-ms-arm-service-request-id:
      - 181c72b0-252a-48e9-829b-7dcd23221256
    status:
      code: 200
      message: OK
- request:
    body: null
    headers:
      Accept:
      - application/json
      Accept-Encoding:
      - gzip, deflate
      CommandName:
      - network vpn-connection ipsec-policy list
      Connection:
      - keep-alive
      ParameterSetName:
      - -g --connection-name
      User-Agent:
      - AZURECLI/2.21.0 azsdk-python-azure-mgmt-network/18.0.0 Python/3.8.8 (Windows-10-10.0.19041-SP0)
    method: GET
    uri: https://management.azure.com/subscriptions/00000000-0000-0000-0000-000000000000/resourceGroups/cli_test_vpn_connection_ipsec000001/providers/Microsoft.Network/connections/conn1?api-version=2020-11-01
  response:
    body:
      string: "{\r\n  \"name\": \"conn1\",\r\n  \"id\": \"/subscriptions/00000000-0000-0000-0000-000000000000/resourceGroups/cli_test_vpn_connection_ipsec000001/providers/Microsoft.Network/connections/conn1\",\r\n
        \ \"etag\": \"W/\\\"c06c42d1-de39-4970-8676-9bd107f6e067\\\"\",\r\n  \"type\":
        \"Microsoft.Network/connections\",\r\n  \"location\": \"westus\",\r\n  \"tags\":
        {},\r\n  \"properties\": {\r\n    \"provisioningState\": \"Succeeded\",\r\n
        \   \"resourceGuid\": \"475f7fa7-34cd-4a96-97d1-69a3efc7e1ce\",\r\n    \"packetCaptureDiagnosticState\":
        \"None\",\r\n    \"virtualNetworkGateway1\": {\r\n      \"id\": \"/subscriptions/00000000-0000-0000-0000-000000000000/resourceGroups/cli_test_vpn_connection_ipsec000001/providers/Microsoft.Network/virtualNetworkGateways/gw1\"\r\n
        \   },\r\n    \"localNetworkGateway2\": {\r\n      \"id\": \"/subscriptions/00000000-0000-0000-0000-000000000000/resourceGroups/cli_test_vpn_connection_ipsec000001/providers/Microsoft.Network/localNetworkGateways/lgw1\"\r\n
        \   },\r\n    \"connectionType\": \"IPsec\",\r\n    \"connectionProtocol\":
        \"IKEv2\",\r\n    \"routingWeight\": 10,\r\n    \"sharedKey\": \"AzureA1b2C3\",\r\n
        \   \"enableBgp\": false,\r\n    \"useLocalAzureIpAddress\": false,\r\n    \"usePolicyBasedTrafficSelectors\":
        false,\r\n    \"ipsecPolicies\": [],\r\n    \"trafficSelectorPolicies\": [],\r\n
        \   \"connectionStatus\": \"NotConnected\",\r\n    \"ingressBytesTransferred\":
        0,\r\n    \"egressBytesTransferred\": 0,\r\n    \"expressRouteGatewayBypass\":
        false,\r\n    \"dpdTimeoutSeconds\": 0,\r\n    \"connectionMode\": \"Default\"\r\n
        \ }\r\n}"
    headers:
      cache-control:
      - no-cache
      content-length:
      - '1551'
      content-type:
      - application/json; charset=utf-8
      date:
      - Wed, 31 Mar 2021 06:34:06 GMT
      expires:
      - '-1'
      pragma:
      - no-cache
      server:
      - Microsoft-HTTPAPI/2.0
      - Microsoft-HTTPAPI/2.0
      strict-transport-security:
      - max-age=31536000; includeSubDomains
      transfer-encoding:
      - chunked
      vary:
      - Accept-Encoding
      x-content-type-options:
      - nosniff
      x-ms-arm-service-request-id:
      - cf314dd4-3b0f-4160-942f-6c29affc821a
    status:
      code: 200
      message: OK
version: 1
