interactions:
- request:
    body: null
    headers:
      Accept:
      - application/json
      Accept-Encoding:
      - gzip, deflate
      CommandName:
      - network public-ip create
      Connection:
      - keep-alive
      ParameterSetName:
      - -g -n --dns-name --allocation-method
      User-Agent:
      - AZURECLI/2.37.0 azsdk-python-azure-mgmt-resource/21.1.0b1 Python/3.9.5 (Windows-10-10.0.19044-SP0)
    method: GET
    uri: https://management.azure.com/subscriptions/00000000-0000-0000-0000-000000000000/resourcegroups/cli_test_public_ip000001?api-version=2021-04-01
  response:
    body:
      string: '{"id":"/subscriptions/00000000-0000-0000-0000-000000000000/resourceGroups/cli_test_public_ip000001","name":"cli_test_public_ip000001","type":"Microsoft.Resources/resourceGroups","location":"westus","tags":{"product":"azurecli","cause":"automation","date":"2022-05-27T05:26:24Z"},"properties":{"provisioningState":"Succeeded"}}'
    headers:
      cache-control:
      - no-cache
      content-length:
      - '326'
      content-type:
      - application/json; charset=utf-8
      date:
      - Fri, 27 May 2022 05:26:29 GMT
      expires:
      - '-1'
      pragma:
      - no-cache
      strict-transport-security:
      - max-age=31536000; includeSubDomains
      vary:
      - Accept-Encoding
      x-content-type-options:
      - nosniff
    status:
      code: 200
      message: OK
- request:
    body: '{"location": "westus", "properties": {"publicIPAllocationMethod": "Static",
      "publicIPAddressVersion": "IPv4", "dnsSettings": {"domainNameLabel": "woot1"},
      "idleTimeoutInMinutes": 4}}'
    headers:
      Accept:
      - application/json
      Accept-Encoding:
      - gzip, deflate
      CommandName:
      - network public-ip create
      Connection:
      - keep-alive
      Content-Length:
      - '182'
      Content-Type:
      - application/json
      ParameterSetName:
      - -g -n --dns-name --allocation-method
      User-Agent:
      - AZURECLI/2.37.0 azsdk-python-azure-mgmt-network/20.0.0 Python/3.9.5 (Windows-10-10.0.19044-SP0)
    method: PUT
    uri: https://management.azure.com/subscriptions/00000000-0000-0000-0000-000000000000/resourceGroups/cli_test_public_ip000001/providers/Microsoft.Network/publicIPAddresses/pubipdns?api-version=2021-08-01
  response:
    body:
      string: "{\r\n  \"name\": \"pubipdns\",\r\n  \"id\": \"/subscriptions/00000000-0000-0000-0000-000000000000/resourceGroups/cli_test_public_ip000001/providers/Microsoft.Network/publicIPAddresses/pubipdns\",\r\n
        \ \"etag\": \"W/\\\"1b63b8bf-32e3-410d-ad1f-77c795f73238\\\"\",\r\n  \"location\":
        \"westus\",\r\n  \"properties\": {\r\n    \"provisioningState\": \"Updating\",\r\n
        \   \"resourceGuid\": \"04c37a73-e3d0-41d9-9bfe-8a14faa7bbd7\",\r\n    \"publicIPAddressVersion\":
        \"IPv4\",\r\n    \"publicIPAllocationMethod\": \"Static\",\r\n    \"idleTimeoutInMinutes\":
        4,\r\n    \"dnsSettings\": {\r\n      \"domainNameLabel\": \"woot1\",\r\n
        \     \"fqdn\": \"woot1.westus.cloudapp.azure.com\"\r\n    },\r\n    \"ipTags\":
        []\r\n  },\r\n  \"type\": \"Microsoft.Network/publicIPAddresses\",\r\n  \"sku\":
        {\r\n    \"name\": \"Basic\",\r\n    \"tier\": \"Regional\"\r\n  }\r\n}"
    headers:
      azure-asyncnotification:
      - Enabled
      azure-asyncoperation:
      - https://management.azure.com/subscriptions/00000000-0000-0000-0000-000000000000/providers/Microsoft.Network/locations/westus/operations/96b54e05-6b0c-4193-9094-c1b6d7b382f0?api-version=2021-08-01
      cache-control:
      - no-cache
      content-length:
      - '751'
      content-type:
      - application/json; charset=utf-8
      date:
      - Fri, 27 May 2022 05:26:35 GMT
      expires:
      - '-1'
      pragma:
      - no-cache
      server:
      - Microsoft-HTTPAPI/2.0
      - Microsoft-HTTPAPI/2.0
      strict-transport-security:
      - max-age=31536000; includeSubDomains
      x-content-type-options:
      - nosniff
      x-ms-arm-service-request-id:
      - 645119f6-6c42-4db0-931f-4ac1eddb6cd5
      x-ms-ratelimit-remaining-subscription-writes:
      - '1197'
    status:
      code: 201
      message: Created
- request:
    body: null
    headers:
      Accept:
      - '*/*'
      Accept-Encoding:
      - gzip, deflate
      CommandName:
      - network public-ip create
      Connection:
      - keep-alive
      ParameterSetName:
      - -g -n --dns-name --allocation-method
      User-Agent:
      - AZURECLI/2.37.0 azsdk-python-azure-mgmt-network/20.0.0 Python/3.9.5 (Windows-10-10.0.19044-SP0)
    method: GET
    uri: https://management.azure.com/subscriptions/00000000-0000-0000-0000-000000000000/providers/Microsoft.Network/locations/westus/operations/96b54e05-6b0c-4193-9094-c1b6d7b382f0?api-version=2021-08-01
  response:
    body:
      string: "{\r\n  \"status\": \"Succeeded\"\r\n}"
    headers:
      cache-control:
      - no-cache
      content-length:
      - '29'
      content-type:
      - application/json; charset=utf-8
      date:
      - Fri, 27 May 2022 05:26:37 GMT
      expires:
      - '-1'
      pragma:
      - no-cache
      server:
      - Microsoft-HTTPAPI/2.0
      - Microsoft-HTTPAPI/2.0
      strict-transport-security:
      - max-age=31536000; includeSubDomains
      transfer-encoding:
      - chunked
      vary:
      - Accept-Encoding
      x-content-type-options:
      - nosniff
      x-ms-arm-service-request-id:
      - 197c7853-a642-46c9-a9fc-9ac8ae600705
    status:
      code: 200
      message: OK
- request:
    body: null
    headers:
      Accept:
      - '*/*'
      Accept-Encoding:
      - gzip, deflate
      CommandName:
      - network public-ip create
      Connection:
      - keep-alive
      ParameterSetName:
      - -g -n --dns-name --allocation-method
      User-Agent:
      - AZURECLI/2.37.0 azsdk-python-azure-mgmt-network/20.0.0 Python/3.9.5 (Windows-10-10.0.19044-SP0)
    method: GET
    uri: https://management.azure.com/subscriptions/00000000-0000-0000-0000-000000000000/resourceGroups/cli_test_public_ip000001/providers/Microsoft.Network/publicIPAddresses/pubipdns?api-version=2021-08-01
  response:
    body:
      string: "{\r\n  \"name\": \"pubipdns\",\r\n  \"id\": \"/subscriptions/00000000-0000-0000-0000-000000000000/resourceGroups/cli_test_public_ip000001/providers/Microsoft.Network/publicIPAddresses/pubipdns\",\r\n
        \ \"etag\": \"W/\\\"cb9bc57c-2306-4bdf-8778-e83a973f17fd\\\"\",\r\n  \"location\":
        \"westus\",\r\n  \"properties\": {\r\n    \"provisioningState\": \"Succeeded\",\r\n
        \   \"resourceGuid\": \"04c37a73-e3d0-41d9-9bfe-8a14faa7bbd7\",\r\n    \"ipAddress\":
        \"20.245.152.44\",\r\n    \"publicIPAddressVersion\": \"IPv4\",\r\n    \"publicIPAllocationMethod\":
        \"Static\",\r\n    \"idleTimeoutInMinutes\": 4,\r\n    \"dnsSettings\": {\r\n
        \     \"domainNameLabel\": \"woot1\",\r\n      \"fqdn\": \"woot1.westus.cloudapp.azure.com\"\r\n
        \   },\r\n    \"ipTags\": []\r\n  },\r\n  \"type\": \"Microsoft.Network/publicIPAddresses\",\r\n
        \ \"sku\": {\r\n    \"name\": \"Basic\",\r\n    \"tier\": \"Regional\"\r\n
        \ }\r\n}"
    headers:
      cache-control:
      - no-cache
      content-length:
      - '787'
      content-type:
      - application/json; charset=utf-8
      date:
      - Fri, 27 May 2022 05:26:37 GMT
      etag:
      - W/"cb9bc57c-2306-4bdf-8778-e83a973f17fd"
      expires:
      - '-1'
      pragma:
      - no-cache
      server:
      - Microsoft-HTTPAPI/2.0
      - Microsoft-HTTPAPI/2.0
      strict-transport-security:
      - max-age=31536000; includeSubDomains
      transfer-encoding:
      - chunked
      vary:
      - Accept-Encoding
      x-content-type-options:
      - nosniff
      x-ms-arm-service-request-id:
      - 312615df-142c-4cf9-b9e5-beda9ed9864e
    status:
      code: 200
      message: OK
- request:
    body: null
    headers:
      Accept:
      - application/json
      Accept-Encoding:
      - gzip, deflate
      CommandName:
      - network public-ip create
      Connection:
      - keep-alive
      ParameterSetName:
      - -g -n
      User-Agent:
      - AZURECLI/2.37.0 azsdk-python-azure-mgmt-resource/21.1.0b1 Python/3.9.5 (Windows-10-10.0.19044-SP0)
    method: GET
    uri: https://management.azure.com/subscriptions/00000000-0000-0000-0000-000000000000/resourcegroups/cli_test_public_ip000001?api-version=2021-04-01
  response:
    body:
      string: '{"id":"/subscriptions/00000000-0000-0000-0000-000000000000/resourceGroups/cli_test_public_ip000001","name":"cli_test_public_ip000001","type":"Microsoft.Resources/resourceGroups","location":"westus","tags":{"product":"azurecli","cause":"automation","date":"2022-05-27T05:26:24Z"},"properties":{"provisioningState":"Succeeded"}}'
    headers:
      cache-control:
      - no-cache
      content-length:
      - '326'
      content-type:
      - application/json; charset=utf-8
      date:
      - Fri, 27 May 2022 05:26:37 GMT
      expires:
      - '-1'
      pragma:
      - no-cache
      strict-transport-security:
      - max-age=31536000; includeSubDomains
      vary:
      - Accept-Encoding
      x-content-type-options:
      - nosniff
    status:
      code: 200
      message: OK
- request:
    body: '{"location": "westus", "properties": {"publicIPAllocationMethod": "Dynamic",
      "publicIPAddressVersion": "IPv4", "idleTimeoutInMinutes": 4}}'
    headers:
      Accept:
      - application/json
      Accept-Encoding:
      - gzip, deflate
      CommandName:
      - network public-ip create
      Connection:
      - keep-alive
      Content-Length:
      - '138'
      Content-Type:
      - application/json
      ParameterSetName:
      - -g -n
      User-Agent:
      - AZURECLI/2.37.0 azsdk-python-azure-mgmt-network/20.0.0 Python/3.9.5 (Windows-10-10.0.19044-SP0)
    method: PUT
    uri: https://management.azure.com/subscriptions/00000000-0000-0000-0000-000000000000/resourceGroups/cli_test_public_ip000001/providers/Microsoft.Network/publicIPAddresses/pubipnodns?api-version=2021-08-01
  response:
    body:
      string: "{\r\n  \"name\": \"pubipnodns\",\r\n  \"id\": \"/subscriptions/00000000-0000-0000-0000-000000000000/resourceGroups/cli_test_public_ip000001/providers/Microsoft.Network/publicIPAddresses/pubipnodns\",\r\n
        \ \"etag\": \"W/\\\"b10a75ab-f7a3-4116-b869-e922854f0100\\\"\",\r\n  \"location\":
        \"westus\",\r\n  \"properties\": {\r\n    \"provisioningState\": \"Updating\",\r\n
        \   \"resourceGuid\": \"7ef4c4f5-b406-41f4-bb40-c32add3f122d\",\r\n    \"publicIPAddressVersion\":
        \"IPv4\",\r\n    \"publicIPAllocationMethod\": \"Dynamic\",\r\n    \"idleTimeoutInMinutes\":
        4,\r\n    \"ipTags\": []\r\n  },\r\n  \"type\": \"Microsoft.Network/publicIPAddresses\",\r\n
        \ \"sku\": {\r\n    \"name\": \"Basic\",\r\n    \"tier\": \"Regional\"\r\n
        \ }\r\n}"
    headers:
      azure-asyncnotification:
      - Enabled
      azure-asyncoperation:
      - https://management.azure.com/subscriptions/00000000-0000-0000-0000-000000000000/providers/Microsoft.Network/locations/westus/operations/d6bfe8c8-23a5-44f2-a1cb-ad534ca51829?api-version=2021-08-01
      cache-control:
      - no-cache
      content-length:
      - '642'
      content-type:
      - application/json; charset=utf-8
      date:
      - Fri, 27 May 2022 05:26:40 GMT
      expires:
      - '-1'
      pragma:
      - no-cache
      server:
      - Microsoft-HTTPAPI/2.0
      - Microsoft-HTTPAPI/2.0
      strict-transport-security:
      - max-age=31536000; includeSubDomains
      x-content-type-options:
      - nosniff
      x-ms-arm-service-request-id:
      - 62773394-fdb1-473e-93c5-2b2b7439c9b5
      x-ms-ratelimit-remaining-subscription-writes:
      - '1196'
    status:
      code: 201
      message: Created
- request:
    body: null
    headers:
      Accept:
      - '*/*'
      Accept-Encoding:
      - gzip, deflate
      CommandName:
      - network public-ip create
      Connection:
      - keep-alive
      ParameterSetName:
      - -g -n
      User-Agent:
      - AZURECLI/2.37.0 azsdk-python-azure-mgmt-network/20.0.0 Python/3.9.5 (Windows-10-10.0.19044-SP0)
    method: GET
    uri: https://management.azure.com/subscriptions/00000000-0000-0000-0000-000000000000/providers/Microsoft.Network/locations/westus/operations/d6bfe8c8-23a5-44f2-a1cb-ad534ca51829?api-version=2021-08-01
  response:
    body:
      string: "{\r\n  \"status\": \"Succeeded\"\r\n}"
    headers:
      cache-control:
      - no-cache
      content-length:
      - '29'
      content-type:
      - application/json; charset=utf-8
      date:
      - Fri, 27 May 2022 05:26:41 GMT
      expires:
      - '-1'
      pragma:
      - no-cache
      server:
      - Microsoft-HTTPAPI/2.0
      - Microsoft-HTTPAPI/2.0
      strict-transport-security:
      - max-age=31536000; includeSubDomains
      transfer-encoding:
      - chunked
      vary:
      - Accept-Encoding
      x-content-type-options:
      - nosniff
      x-ms-arm-service-request-id:
      - 5bab589d-415b-4c2c-a74f-53df396ce2bf
    status:
      code: 200
      message: OK
- request:
    body: null
    headers:
      Accept:
      - '*/*'
      Accept-Encoding:
      - gzip, deflate
      CommandName:
      - network public-ip create
      Connection:
      - keep-alive
      ParameterSetName:
      - -g -n
      User-Agent:
      - AZURECLI/2.37.0 azsdk-python-azure-mgmt-network/20.0.0 Python/3.9.5 (Windows-10-10.0.19044-SP0)
    method: GET
    uri: https://management.azure.com/subscriptions/00000000-0000-0000-0000-000000000000/resourceGroups/cli_test_public_ip000001/providers/Microsoft.Network/publicIPAddresses/pubipnodns?api-version=2021-08-01
  response:
    body:
      string: "{\r\n  \"name\": \"pubipnodns\",\r\n  \"id\": \"/subscriptions/00000000-0000-0000-0000-000000000000/resourceGroups/cli_test_public_ip000001/providers/Microsoft.Network/publicIPAddresses/pubipnodns\",\r\n
        \ \"etag\": \"W/\\\"74b3dbe5-1e3d-4b74-8a2f-e07568c58e8a\\\"\",\r\n  \"location\":
        \"westus\",\r\n  \"properties\": {\r\n    \"provisioningState\": \"Succeeded\",\r\n
        \   \"resourceGuid\": \"7ef4c4f5-b406-41f4-bb40-c32add3f122d\",\r\n    \"publicIPAddressVersion\":
        \"IPv4\",\r\n    \"publicIPAllocationMethod\": \"Dynamic\",\r\n    \"idleTimeoutInMinutes\":
        4,\r\n    \"ipTags\": []\r\n  },\r\n  \"type\": \"Microsoft.Network/publicIPAddresses\",\r\n
        \ \"sku\": {\r\n    \"name\": \"Basic\",\r\n    \"tier\": \"Regional\"\r\n
        \ }\r\n}"
    headers:
      cache-control:
      - no-cache
      content-length:
      - '643'
      content-type:
      - application/json; charset=utf-8
      date:
      - Fri, 27 May 2022 05:26:42 GMT
      etag:
      - W/"74b3dbe5-1e3d-4b74-8a2f-e07568c58e8a"
      expires:
      - '-1'
      pragma:
      - no-cache
      server:
      - Microsoft-HTTPAPI/2.0
      - Microsoft-HTTPAPI/2.0
      strict-transport-security:
      - max-age=31536000; includeSubDomains
      transfer-encoding:
      - chunked
      vary:
      - Accept-Encoding
      x-content-type-options:
      - nosniff
      x-ms-arm-service-request-id:
      - d13a0f76-bca8-49ba-823c-8b2a12ffa791
    status:
      code: 200
      message: OK
- request:
    body: null
    headers:
      Accept:
      - application/json
      Accept-Encoding:
      - gzip, deflate
      CommandName:
      - network public-ip update
      Connection:
      - keep-alive
      ParameterSetName:
      - -g -n --allocation-method --dns-name --idle-timeout --tags
      User-Agent:
      - AZURECLI/2.37.0 azsdk-python-azure-mgmt-network/20.0.0 Python/3.9.5 (Windows-10-10.0.19044-SP0)
    method: GET
    uri: https://management.azure.com/subscriptions/00000000-0000-0000-0000-000000000000/resourceGroups/cli_test_public_ip000001/providers/Microsoft.Network/publicIPAddresses/pubipnodns?api-version=2021-08-01
  response:
    body:
      string: "{\r\n  \"name\": \"pubipnodns\",\r\n  \"id\": \"/subscriptions/00000000-0000-0000-0000-000000000000/resourceGroups/cli_test_public_ip000001/providers/Microsoft.Network/publicIPAddresses/pubipnodns\",\r\n
        \ \"etag\": \"W/\\\"74b3dbe5-1e3d-4b74-8a2f-e07568c58e8a\\\"\",\r\n  \"location\":
        \"westus\",\r\n  \"properties\": {\r\n    \"provisioningState\": \"Succeeded\",\r\n
        \   \"resourceGuid\": \"7ef4c4f5-b406-41f4-bb40-c32add3f122d\",\r\n    \"publicIPAddressVersion\":
        \"IPv4\",\r\n    \"publicIPAllocationMethod\": \"Dynamic\",\r\n    \"idleTimeoutInMinutes\":
        4,\r\n    \"ipTags\": []\r\n  },\r\n  \"type\": \"Microsoft.Network/publicIPAddresses\",\r\n
        \ \"sku\": {\r\n    \"name\": \"Basic\",\r\n    \"tier\": \"Regional\"\r\n
        \ }\r\n}"
    headers:
      cache-control:
      - no-cache
      content-length:
      - '643'
      content-type:
      - application/json; charset=utf-8
      date:
      - Fri, 27 May 2022 05:26:42 GMT
      etag:
      - W/"74b3dbe5-1e3d-4b74-8a2f-e07568c58e8a"
      expires:
      - '-1'
      pragma:
      - no-cache
      server:
      - Microsoft-HTTPAPI/2.0
      - Microsoft-HTTPAPI/2.0
      strict-transport-security:
      - max-age=31536000; includeSubDomains
      transfer-encoding:
      - chunked
      vary:
      - Accept-Encoding
      x-content-type-options:
      - nosniff
      x-ms-arm-service-request-id:
      - 9cc67c0e-8e23-44ff-bfff-d01328b28699
    status:
      code: 200
      message: OK
- request:
    body: '{"id": "/subscriptions/00000000-0000-0000-0000-000000000000/resourceGroups/cli_test_public_ip000001/providers/Microsoft.Network/publicIPAddresses/pubipnodns",
      "location": "westus", "tags": {"foo": "doo"}, "sku": {"name": "Basic", "tier":
      "Regional"}, "properties": {"publicIPAllocationMethod": "Static", "publicIPAddressVersion":
      "IPv4", "dnsSettings": {"domainNameLabel": "wowza2"}, "ipTags": [], "idleTimeoutInMinutes":
      10}}'
    headers:
      Accept:
      - application/json
      Accept-Encoding:
      - gzip, deflate
      CommandName:
      - network public-ip update
      Connection:
      - keep-alive
      Content-Length:
      - '426'
      Content-Type:
      - application/json
      ParameterSetName:
      - -g -n --allocation-method --dns-name --idle-timeout --tags
      User-Agent:
      - AZURECLI/2.37.0 azsdk-python-azure-mgmt-network/20.0.0 Python/3.9.5 (Windows-10-10.0.19044-SP0)
    method: PUT
    uri: https://management.azure.com/subscriptions/00000000-0000-0000-0000-000000000000/resourceGroups/cli_test_public_ip000001/providers/Microsoft.Network/publicIPAddresses/pubipnodns?api-version=2021-08-01
  response:
    body:
      string: "{\r\n  \"name\": \"pubipnodns\",\r\n  \"id\": \"/subscriptions/00000000-0000-0000-0000-000000000000/resourceGroups/cli_test_public_ip000001/providers/Microsoft.Network/publicIPAddresses/pubipnodns\",\r\n
        \ \"etag\": \"W/\\\"c0fc3d71-702a-4e42-b321-f35fc9990990\\\"\",\r\n  \"location\":
        \"westus\",\r\n  \"tags\": {\r\n    \"foo\": \"doo\"\r\n  },\r\n  \"properties\":
        {\r\n    \"provisioningState\": \"Updating\",\r\n    \"resourceGuid\": \"7ef4c4f5-b406-41f4-bb40-c32add3f122d\",\r\n
        \   \"publicIPAddressVersion\": \"IPv4\",\r\n    \"publicIPAllocationMethod\":
        \"Static\",\r\n    \"idleTimeoutInMinutes\": 10,\r\n    \"dnsSettings\": {\r\n
        \     \"domainNameLabel\": \"wowza2\",\r\n      \"fqdn\": \"wowza2.westus.cloudapp.azure.com\"\r\n
        \   },\r\n    \"ipTags\": []\r\n  },\r\n  \"type\": \"Microsoft.Network/publicIPAddresses\",\r\n
        \ \"sku\": {\r\n    \"name\": \"Basic\",\r\n    \"tier\": \"Regional\"\r\n
        \ }\r\n}"
    headers:
      azure-asyncnotification:
      - Enabled
      azure-asyncoperation:
      - https://management.azure.com/subscriptions/00000000-0000-0000-0000-000000000000/providers/Microsoft.Network/locations/westus/operations/c101a9b6-72ae-4702-9f20-27b6cdce0783?api-version=2021-08-01
      cache-control:
      - no-cache
      content-length:
      - '795'
      content-type:
      - application/json; charset=utf-8
      date:
      - Fri, 27 May 2022 05:26:45 GMT
      expires:
      - '-1'
      pragma:
      - no-cache
      server:
      - Microsoft-HTTPAPI/2.0
      - Microsoft-HTTPAPI/2.0
      strict-transport-security:
      - max-age=31536000; includeSubDomains
      transfer-encoding:
      - chunked
      vary:
      - Accept-Encoding
      x-content-type-options:
      - nosniff
      x-ms-arm-service-request-id:
      - 8f5d3a08-3932-4e14-9033-b0799714e61f
      x-ms-ratelimit-remaining-subscription-writes:
      - '1197'
    status:
      code: 200
      message: OK
- request:
    body: null
    headers:
      Accept:
      - '*/*'
      Accept-Encoding:
      - gzip, deflate
      CommandName:
      - network public-ip update
      Connection:
      - keep-alive
      ParameterSetName:
      - -g -n --allocation-method --dns-name --idle-timeout --tags
      User-Agent:
      - AZURECLI/2.37.0 azsdk-python-azure-mgmt-network/20.0.0 Python/3.9.5 (Windows-10-10.0.19044-SP0)
    method: GET
    uri: https://management.azure.com/subscriptions/00000000-0000-0000-0000-000000000000/providers/Microsoft.Network/locations/westus/operations/c101a9b6-72ae-4702-9f20-27b6cdce0783?api-version=2021-08-01
  response:
    body:
      string: "{\r\n  \"status\": \"Succeeded\"\r\n}"
    headers:
      cache-control:
      - no-cache
      content-length:
      - '29'
      content-type:
      - application/json; charset=utf-8
      date:
      - Fri, 27 May 2022 05:26:46 GMT
      expires:
      - '-1'
      pragma:
      - no-cache
      server:
      - Microsoft-HTTPAPI/2.0
      - Microsoft-HTTPAPI/2.0
      strict-transport-security:
      - max-age=31536000; includeSubDomains
      transfer-encoding:
      - chunked
      vary:
      - Accept-Encoding
      x-content-type-options:
      - nosniff
      x-ms-arm-service-request-id:
      - a63fedf3-3fb9-4898-9432-cabbaae50f28
    status:
      code: 200
      message: OK
- request:
    body: null
    headers:
      Accept:
      - '*/*'
      Accept-Encoding:
      - gzip, deflate
      CommandName:
      - network public-ip update
      Connection:
      - keep-alive
      ParameterSetName:
      - -g -n --allocation-method --dns-name --idle-timeout --tags
      User-Agent:
      - AZURECLI/2.37.0 azsdk-python-azure-mgmt-network/20.0.0 Python/3.9.5 (Windows-10-10.0.19044-SP0)
    method: GET
    uri: https://management.azure.com/subscriptions/00000000-0000-0000-0000-000000000000/resourceGroups/cli_test_public_ip000001/providers/Microsoft.Network/publicIPAddresses/pubipnodns?api-version=2021-08-01
  response:
    body:
      string: "{\r\n  \"name\": \"pubipnodns\",\r\n  \"id\": \"/subscriptions/00000000-0000-0000-0000-000000000000/resourceGroups/cli_test_public_ip000001/providers/Microsoft.Network/publicIPAddresses/pubipnodns\",\r\n
        \ \"etag\": \"W/\\\"b9ea5583-4a7d-40f5-9ca8-68251e1b437b\\\"\",\r\n  \"location\":
        \"westus\",\r\n  \"tags\": {\r\n    \"foo\": \"doo\"\r\n  },\r\n  \"properties\":
        {\r\n    \"provisioningState\": \"Succeeded\",\r\n    \"resourceGuid\": \"7ef4c4f5-b406-41f4-bb40-c32add3f122d\",\r\n
        \   \"ipAddress\": \"20.245.152.38\",\r\n    \"publicIPAddressVersion\": \"IPv4\",\r\n
        \   \"publicIPAllocationMethod\": \"Static\",\r\n    \"idleTimeoutInMinutes\":
        10,\r\n    \"dnsSettings\": {\r\n      \"domainNameLabel\": \"wowza2\",\r\n
        \     \"fqdn\": \"wowza2.westus.cloudapp.azure.com\"\r\n    },\r\n    \"ipTags\":
        []\r\n  },\r\n  \"type\": \"Microsoft.Network/publicIPAddresses\",\r\n  \"sku\":
        {\r\n    \"name\": \"Basic\",\r\n    \"tier\": \"Regional\"\r\n  }\r\n}"
    headers:
      cache-control:
      - no-cache
      content-length:
      - '831'
      content-type:
      - application/json; charset=utf-8
      date:
      - Fri, 27 May 2022 05:26:46 GMT
      etag:
      - W/"b9ea5583-4a7d-40f5-9ca8-68251e1b437b"
      expires:
      - '-1'
      pragma:
      - no-cache
      server:
      - Microsoft-HTTPAPI/2.0
      - Microsoft-HTTPAPI/2.0
      strict-transport-security:
      - max-age=31536000; includeSubDomains
      transfer-encoding:
      - chunked
      vary:
      - Accept-Encoding
      x-content-type-options:
      - nosniff
      x-ms-arm-service-request-id:
      - 2ea0711e-b9d8-4f4d-b2be-1e47984002a5
    status:
      code: 200
      message: OK
- request:
    body: null
    headers:
      Accept:
      - application/json
      Accept-Encoding:
      - gzip, deflate
      CommandName:
      - network public-ip list
      Connection:
      - keep-alive
      ParameterSetName:
      - -g
      User-Agent:
      - AZURECLI/2.37.0 azsdk-python-azure-mgmt-network/20.0.0 Python/3.9.5 (Windows-10-10.0.19044-SP0)
    method: GET
    uri: https://management.azure.com/subscriptions/00000000-0000-0000-0000-000000000000/resourceGroups/cli_test_public_ip000001/providers/Microsoft.Network/publicIPAddresses?api-version=2021-08-01
  response:
    body:
      string: "{\r\n  \"value\": [\r\n    {\r\n      \"name\": \"pubipdns\",\r\n      \"id\":
        \"/subscriptions/00000000-0000-0000-0000-000000000000/resourceGroups/cli_test_public_ip000001/providers/Microsoft.Network/publicIPAddresses/pubipdns\",\r\n
        \     \"etag\": \"W/\\\"cb9bc57c-2306-4bdf-8778-e83a973f17fd\\\"\",\r\n      \"location\":
        \"westus\",\r\n      \"properties\": {\r\n        \"provisioningState\": \"Succeeded\",\r\n
        \       \"resourceGuid\": \"04c37a73-e3d0-41d9-9bfe-8a14faa7bbd7\",\r\n        \"ipAddress\":
        \"20.245.152.44\",\r\n        \"publicIPAddressVersion\": \"IPv4\",\r\n        \"publicIPAllocationMethod\":
        \"Static\",\r\n        \"idleTimeoutInMinutes\": 4,\r\n        \"dnsSettings\":
        {\r\n          \"domainNameLabel\": \"woot1\",\r\n          \"fqdn\": \"woot1.westus.cloudapp.azure.com\"\r\n
        \       },\r\n        \"ipTags\": []\r\n      },\r\n      \"type\": \"Microsoft.Network/publicIPAddresses\",\r\n
        \     \"sku\": {\r\n        \"name\": \"Basic\",\r\n        \"tier\": \"Regional\"\r\n
        \     }\r\n    },\r\n    {\r\n      \"name\": \"pubipnodns\",\r\n      \"id\":
        \"/subscriptions/00000000-0000-0000-0000-000000000000/resourceGroups/cli_test_public_ip000001/providers/Microsoft.Network/publicIPAddresses/pubipnodns\",\r\n
        \     \"etag\": \"W/\\\"b9ea5583-4a7d-40f5-9ca8-68251e1b437b\\\"\",\r\n      \"location\":
        \"westus\",\r\n      \"tags\": {\r\n        \"foo\": \"doo\"\r\n      },\r\n
        \     \"properties\": {\r\n        \"provisioningState\": \"Succeeded\",\r\n
        \       \"resourceGuid\": \"7ef4c4f5-b406-41f4-bb40-c32add3f122d\",\r\n        \"ipAddress\":
        \"20.245.152.38\",\r\n        \"publicIPAddressVersion\": \"IPv4\",\r\n        \"publicIPAllocationMethod\":
        \"Static\",\r\n        \"idleTimeoutInMinutes\": 10,\r\n        \"dnsSettings\":
        {\r\n          \"domainNameLabel\": \"wowza2\",\r\n          \"fqdn\": \"wowza2.westus.cloudapp.azure.com\"\r\n
        \       },\r\n        \"ipTags\": []\r\n      },\r\n      \"type\": \"Microsoft.Network/publicIPAddresses\",\r\n
        \     \"sku\": {\r\n        \"name\": \"Basic\",\r\n        \"tier\": \"Regional\"\r\n
        \     }\r\n    }\r\n  ]\r\n}"
    headers:
      cache-control:
      - no-cache
      content-length:
      - '1850'
      content-type:
      - application/json; charset=utf-8
      date:
      - Fri, 27 May 2022 05:26:47 GMT
      expires:
      - '-1'
      pragma:
      - no-cache
      server:
      - Microsoft-HTTPAPI/2.0
      - Microsoft-HTTPAPI/2.0
      strict-transport-security:
      - max-age=31536000; includeSubDomains
      transfer-encoding:
      - chunked
      vary:
      - Accept-Encoding
      x-content-type-options:
      - nosniff
      x-ms-arm-service-request-id:
      - a56e55fa-fa99-46e0-bb9a-4d09acb58ff6
    status:
      code: 200
      message: OK
- request:
    body: null
    headers:
      Accept:
      - application/json
      Accept-Encoding:
      - gzip, deflate
      CommandName:
      - network public-ip show
      Connection:
      - keep-alive
      ParameterSetName:
      - -g -n
      User-Agent:
      - AZURECLI/2.37.0 azsdk-python-azure-mgmt-network/20.0.0 Python/3.9.5 (Windows-10-10.0.19044-SP0)
    method: GET
    uri: https://management.azure.com/subscriptions/00000000-0000-0000-0000-000000000000/resourceGroups/cli_test_public_ip000001/providers/Microsoft.Network/publicIPAddresses/pubipdns?api-version=2021-08-01
  response:
    body:
      string: "{\r\n  \"name\": \"pubipdns\",\r\n  \"id\": \"/subscriptions/00000000-0000-0000-0000-000000000000/resourceGroups/cli_test_public_ip000001/providers/Microsoft.Network/publicIPAddresses/pubipdns\",\r\n
        \ \"etag\": \"W/\\\"cb9bc57c-2306-4bdf-8778-e83a973f17fd\\\"\",\r\n  \"location\":
        \"westus\",\r\n  \"properties\": {\r\n    \"provisioningState\": \"Succeeded\",\r\n
        \   \"resourceGuid\": \"04c37a73-e3d0-41d9-9bfe-8a14faa7bbd7\",\r\n    \"ipAddress\":
        \"20.245.152.44\",\r\n    \"publicIPAddressVersion\": \"IPv4\",\r\n    \"publicIPAllocationMethod\":
        \"Static\",\r\n    \"idleTimeoutInMinutes\": 4,\r\n    \"dnsSettings\": {\r\n
        \     \"domainNameLabel\": \"woot1\",\r\n      \"fqdn\": \"woot1.westus.cloudapp.azure.com\"\r\n
        \   },\r\n    \"ipTags\": []\r\n  },\r\n  \"type\": \"Microsoft.Network/publicIPAddresses\",\r\n
        \ \"sku\": {\r\n    \"name\": \"Basic\",\r\n    \"tier\": \"Regional\"\r\n
        \ }\r\n}"
    headers:
      cache-control:
      - no-cache
      content-length:
      - '787'
      content-type:
      - application/json; charset=utf-8
      date:
      - Fri, 27 May 2022 05:26:48 GMT
      etag:
      - W/"cb9bc57c-2306-4bdf-8778-e83a973f17fd"
      expires:
      - '-1'
      pragma:
      - no-cache
      server:
      - Microsoft-HTTPAPI/2.0
      - Microsoft-HTTPAPI/2.0
      strict-transport-security:
      - max-age=31536000; includeSubDomains
      transfer-encoding:
      - chunked
      vary:
      - Accept-Encoding
      x-content-type-options:
      - nosniff
      x-ms-arm-service-request-id:
      - 17d8d09f-c338-4ed6-8a73-20cc609ead8b
    status:
      code: 200
      message: OK
- request:
    body: null
    headers:
      Accept:
      - application/json
      Accept-Encoding:
      - gzip, deflate
      CommandName:
      - network public-ip delete
      Connection:
      - keep-alive
      Content-Length:
      - '0'
      ParameterSetName:
      - -g -n
      User-Agent:
      - AZURECLI/2.37.0 azsdk-python-azure-mgmt-network/20.0.0 Python/3.9.5 (Windows-10-10.0.19044-SP0)
    method: DELETE
    uri: https://management.azure.com/subscriptions/00000000-0000-0000-0000-000000000000/resourceGroups/cli_test_public_ip000001/providers/Microsoft.Network/publicIPAddresses/pubipdns?api-version=2021-08-01
  response:
    body:
      string: ''
    headers:
      azure-asyncnotification:
      - Enabled
      azure-asyncoperation:
      - https://management.azure.com/subscriptions/00000000-0000-0000-0000-000000000000/providers/Microsoft.Network/locations/westus/operations/32a380eb-d83a-477e-ba7d-e7f3cb8cbab1?api-version=2021-08-01
      cache-control:
      - no-cache
      content-length:
      - '0'
      date:
      - Fri, 27 May 2022 05:26:51 GMT
      expires:
      - '-1'
      location:
      - https://management.azure.com/subscriptions/00000000-0000-0000-0000-000000000000/providers/Microsoft.Network/locations/westus/operationResults/32a380eb-d83a-477e-ba7d-e7f3cb8cbab1?api-version=2021-08-01
      pragma:
      - no-cache
      server:
      - Microsoft-HTTPAPI/2.0
      - Microsoft-HTTPAPI/2.0
      strict-transport-security:
      - max-age=31536000; includeSubDomains
      x-content-type-options:
      - nosniff
      x-ms-arm-service-request-id:
      - a96559fe-49e5-42b3-8bd0-335e79ad168e
      x-ms-ratelimit-remaining-subscription-deletes:
      - '14999'
    status:
      code: 202
      message: Accepted
- request:
    body: null
    headers:
      Accept:
      - '*/*'
      Accept-Encoding:
      - gzip, deflate
      CommandName:
      - network public-ip delete
      Connection:
      - keep-alive
      ParameterSetName:
      - -g -n
      User-Agent:
      - AZURECLI/2.37.0 azsdk-python-azure-mgmt-network/20.0.0 Python/3.9.5 (Windows-10-10.0.19044-SP0)
    method: GET
    uri: https://management.azure.com/subscriptions/00000000-0000-0000-0000-000000000000/providers/Microsoft.Network/locations/westus/operations/32a380eb-d83a-477e-ba7d-e7f3cb8cbab1?api-version=2021-08-01
  response:
    body:
      string: "{\r\n  \"status\": \"InProgress\"\r\n}"
    headers:
      cache-control:
      - no-cache
      content-length:
      - '30'
      content-type:
      - application/json; charset=utf-8
      date:
      - Fri, 27 May 2022 05:27:01 GMT
      expires:
      - '-1'
      pragma:
      - no-cache
      server:
      - Microsoft-HTTPAPI/2.0
      - Microsoft-HTTPAPI/2.0
      strict-transport-security:
      - max-age=31536000; includeSubDomains
      transfer-encoding:
      - chunked
      vary:
      - Accept-Encoding
      x-content-type-options:
      - nosniff
      x-ms-arm-service-request-id:
      - 43580793-0a8c-439e-bc8a-7fa70cedeb40
    status:
      code: 200
      message: OK
- request:
    body: null
    headers:
      Accept:
      - '*/*'
      Accept-Encoding:
      - gzip, deflate
      CommandName:
      - network public-ip delete
      Connection:
      - keep-alive
      ParameterSetName:
      - -g -n
      User-Agent:
      - AZURECLI/2.37.0 azsdk-python-azure-mgmt-network/20.0.0 Python/3.9.5 (Windows-10-10.0.19044-SP0)
    method: GET
    uri: https://management.azure.com/subscriptions/00000000-0000-0000-0000-000000000000/providers/Microsoft.Network/locations/westus/operations/32a380eb-d83a-477e-ba7d-e7f3cb8cbab1?api-version=2021-08-01
  response:
    body:
      string: "{\r\n  \"status\": \"Succeeded\"\r\n}"
    headers:
      cache-control:
      - no-cache
      content-length:
      - '29'
      content-type:
      - application/json; charset=utf-8
      date:
      - Fri, 27 May 2022 05:27:11 GMT
      expires:
      - '-1'
      pragma:
      - no-cache
      server:
      - Microsoft-HTTPAPI/2.0
      - Microsoft-HTTPAPI/2.0
      strict-transport-security:
      - max-age=31536000; includeSubDomains
      transfer-encoding:
      - chunked
      vary:
      - Accept-Encoding
      x-content-type-options:
      - nosniff
      x-ms-arm-service-request-id:
      - f99cf1d5-acf6-4d4d-872a-33d8e33f3bd0
    status:
      code: 200
      message: OK
- request:
    body: null
    headers:
      Accept:
      - '*/*'
      Accept-Encoding:
      - gzip, deflate
      CommandName:
      - network public-ip delete
      Connection:
      - keep-alive
      ParameterSetName:
      - -g -n
      User-Agent:
      - AZURECLI/2.37.0 azsdk-python-azure-mgmt-network/20.0.0 Python/3.9.5 (Windows-10-10.0.19044-SP0)
    method: GET
    uri: https://management.azure.com/subscriptions/00000000-0000-0000-0000-000000000000/providers/Microsoft.Network/locations/westus/operationResults/32a380eb-d83a-477e-ba7d-e7f3cb8cbab1?api-version=2021-08-01
  response:
    body:
      string: ''
    headers:
      azure-asyncnotification:
      - Enabled
      azure-asyncoperation:
      - https://management.azure.com/subscriptions/00000000-0000-0000-0000-000000000000/providers/Microsoft.Network/locations/westus/operations/32a380eb-d83a-477e-ba7d-e7f3cb8cbab1?api-version=2021-08-01
      cache-control:
      - no-cache
      content-type:
      - application/json; charset=utf-8
      date:
      - Fri, 27 May 2022 05:27:11 GMT
      expires:
      - '-1'
      location:
      - https://management.azure.com/subscriptions/00000000-0000-0000-0000-000000000000/providers/Microsoft.Network/locations/westus/operationResults/32a380eb-d83a-477e-ba7d-e7f3cb8cbab1?api-version=2021-08-01
      pragma:
      - no-cache
      server:
      - Microsoft-HTTPAPI/2.0
      - Microsoft-HTTPAPI/2.0
      strict-transport-security:
      - max-age=31536000; includeSubDomains
      x-content-type-options:
      - nosniff
      x-ms-arm-service-request-id:
      - a96559fe-49e5-42b3-8bd0-335e79ad168e
    status:
      code: 204
      message: No Content
- request:
    body: null
    headers:
      Accept:
      - application/json
      Accept-Encoding:
      - gzip, deflate
      CommandName:
      - network public-ip list
      Connection:
      - keep-alive
      ParameterSetName:
      - -g
      User-Agent:
      - AZURECLI/2.37.0 azsdk-python-azure-mgmt-network/20.0.0 Python/3.9.5 (Windows-10-10.0.19044-SP0)
    method: GET
    uri: https://management.azure.com/subscriptions/00000000-0000-0000-0000-000000000000/resourceGroups/cli_test_public_ip000001/providers/Microsoft.Network/publicIPAddresses?api-version=2021-08-01
  response:
    body:
      string: "{\r\n  \"value\": [\r\n    {\r\n      \"name\": \"pubipnodns\",\r\n
        \     \"id\": \"/subscriptions/00000000-0000-0000-0000-000000000000/resourceGroups/cli_test_public_ip000001/providers/Microsoft.Network/publicIPAddresses/pubipnodns\",\r\n
        \     \"etag\": \"W/\\\"b9ea5583-4a7d-40f5-9ca8-68251e1b437b\\\"\",\r\n      \"location\":
        \"westus\",\r\n      \"tags\": {\r\n        \"foo\": \"doo\"\r\n      },\r\n
        \     \"properties\": {\r\n        \"provisioningState\": \"Succeeded\",\r\n
        \       \"resourceGuid\": \"7ef4c4f5-b406-41f4-bb40-c32add3f122d\",\r\n        \"ipAddress\":
        \"20.245.152.38\",\r\n        \"publicIPAddressVersion\": \"IPv4\",\r\n        \"publicIPAllocationMethod\":
        \"Static\",\r\n        \"idleTimeoutInMinutes\": 10,\r\n        \"dnsSettings\":
        {\r\n          \"domainNameLabel\": \"wowza2\",\r\n          \"fqdn\": \"wowza2.westus.cloudapp.azure.com\"\r\n
        \       },\r\n        \"ipTags\": []\r\n      },\r\n      \"type\": \"Microsoft.Network/publicIPAddresses\",\r\n
        \     \"sku\": {\r\n        \"name\": \"Basic\",\r\n        \"tier\": \"Regional\"\r\n
        \     }\r\n    }\r\n  ]\r\n}"
    headers:
      cache-control:
      - no-cache
      content-length:
      - '964'
      content-type:
      - application/json; charset=utf-8
      date:
      - Fri, 27 May 2022 05:27:13 GMT
      expires:
      - '-1'
      pragma:
      - no-cache
      server:
      - Microsoft-HTTPAPI/2.0
      - Microsoft-HTTPAPI/2.0
      strict-transport-security:
      - max-age=31536000; includeSubDomains
      transfer-encoding:
      - chunked
      vary:
      - Accept-Encoding
      x-content-type-options:
      - nosniff
      x-ms-arm-service-request-id:
      - f32995e7-9d56-4a42-9c69-b590c1070010
    status:
      code: 200
      message: OK
version: 1
