interactions:
- request:
    body: "{\"properties\": {\"parameters\": {\"name\": {\"value\": \"cli-test-azs-000002\"},
      \"location\": {\"value\": \"eastus\"}}, \"mode\": \"Incremental\", template:{\r\n
      \   \"$schema\": \"http://schema.management.azure.com/schemas/2014-04-01-preview/deploymentTemplate.json#\",\r\n
      \   \"contentVersion\": \"1.0.0.0\",\r\n    \"parameters\": {\r\n        \"name\":
      {\r\n            \"type\": \"string\"\r\n        },\r\n        \"location\":
      {\r\n            \"type\": \"string\"\r\n        }\r\n    },\r\n    \"resources\":
      [\r\n        {\r\n            \"apiVersion\": \"2020-08-01\",\r\n            \"name\":
      \"[parameters('name')]\",\r\n            \"location\": \"[parameters('location')]\",\r\n
      \           \"type\": \"Microsoft.Search/searchServices\",\r\n            \"properties\":
      {\r\n                \"replicaCount\": 1,\r\n                \"partitionCount\":
      1,\r\n                \"publicNetworkAccess\": \"disabled\"\r\n            },\r\n
      \           \"sku\": {\r\n                \"name\": \"basic\"\r\n            }\r\n
      \       }\r\n    ]\r\n}}}"
    headers:
      Accept:
      - application/json
      Accept-Encoding:
      - gzip, deflate
      CommandName:
      - deployment group create
      Connection:
      - keep-alive
      Content-Length:
      - '923'
      Content-Type:
      - application/json
      ParameterSetName:
      - --name -g --template-file --parameters --parameters
      User-Agent:
      - AZURECLI/2.51.0 azsdk-python-azure-mgmt-resource/23.1.0b2 Python/3.9.5 (Windows-10-10.0.22621-SP0)
    method: POST
    uri: https://management.azure.com/subscriptions/00000000-0000-0000-0000-000000000000/resourcegroups/test_search_service_private_endpoint_000001/providers/Microsoft.Resources/deployments/mock-deployment/validate?api-version=2022-09-01
  response:
    body:
      string: '{"id":"/subscriptions/00000000-0000-0000-0000-000000000000/resourceGroups/test_search_service_private_endpoint_000001/providers/Microsoft.Resources/deployments/cli-test-azs-plr-000003","name":"cli-test-azs-plr-000003","type":"Microsoft.Resources/deployments","properties":{"templateHash":"1518347000103681276","parameters":{"name":{"type":"String","value":"cli-test-azs-000002"},"location":{"type":"String","value":"eastus"}},"mode":"Incremental","provisioningState":"Succeeded","timestamp":"0001-01-01T00:00:00Z","duration":"PT0S","correlationId":"262d0ed7-2156-455d-9336-c95283e6eafc","providers":[{"namespace":"Microsoft.Search","resourceTypes":[{"resourceType":"searchServices","locations":["eastus"]}]}],"dependencies":[],"validatedResources":[{"id":"/subscriptions/00000000-0000-0000-0000-000000000000/resourceGroups/test_search_service_private_endpoint_000001/providers/Microsoft.Search/searchServices/cli-test-azs-000002"}]}}'
    headers:
      cache-control:
      - no-cache
      content-length:
      - '933'
      content-type:
      - application/json; charset=utf-8
      date:
      - Thu, 07 Sep 2023 02:33:29 GMT
      expires:
      - '-1'
      pragma:
      - no-cache
      strict-transport-security:
      - max-age=31536000; includeSubDomains
      transfer-encoding:
      - chunked
      vary:
      - Accept-Encoding
      x-content-type-options:
      - nosniff
      x-ms-ratelimit-remaining-subscription-writes:
      - '1199'
    status:
      code: 200
      message: OK
- request:
    body: "{\"properties\": {\"parameters\": {\"name\": {\"value\": \"cli-test-azs-000002\"},
      \"location\": {\"value\": \"eastus\"}}, \"mode\": \"Incremental\", template:{\r\n
      \   \"$schema\": \"http://schema.management.azure.com/schemas/2014-04-01-preview/deploymentTemplate.json#\",\r\n
      \   \"contentVersion\": \"1.0.0.0\",\r\n    \"parameters\": {\r\n        \"name\":
      {\r\n            \"type\": \"string\"\r\n        },\r\n        \"location\":
      {\r\n            \"type\": \"string\"\r\n        }\r\n    },\r\n    \"resources\":
      [\r\n        {\r\n            \"apiVersion\": \"2020-08-01\",\r\n            \"name\":
      \"[parameters('name')]\",\r\n            \"location\": \"[parameters('location')]\",\r\n
      \           \"type\": \"Microsoft.Search/searchServices\",\r\n            \"properties\":
      {\r\n                \"replicaCount\": 1,\r\n                \"partitionCount\":
      1,\r\n                \"publicNetworkAccess\": \"disabled\"\r\n            },\r\n
      \           \"sku\": {\r\n                \"name\": \"basic\"\r\n            }\r\n
      \       }\r\n    ]\r\n}}}"
    headers:
      Accept:
      - application/json
      Accept-Encoding:
      - gzip, deflate
      CommandName:
      - deployment group create
      Connection:
      - keep-alive
      Content-Length:
      - '923'
      Content-Type:
      - application/json
      ParameterSetName:
      - --name -g --template-file --parameters --parameters
      User-Agent:
      - AZURECLI/2.51.0 azsdk-python-azure-mgmt-resource/23.1.0b2 Python/3.9.5 (Windows-10-10.0.22621-SP0)
    method: PUT
    uri: https://management.azure.com/subscriptions/00000000-0000-0000-0000-000000000000/resourcegroups/test_search_service_private_endpoint_000001/providers/Microsoft.Resources/deployments/mock-deployment?api-version=2022-09-01
  response:
    body:
      string: '{"id":"/subscriptions/00000000-0000-0000-0000-000000000000/resourceGroups/test_search_service_private_endpoint_000001/providers/Microsoft.Resources/deployments/cli-test-azs-plr-000003","name":"cli-test-azs-plr-000003","type":"Microsoft.Resources/deployments","properties":{"templateHash":"1518347000103681276","parameters":{"name":{"type":"String","value":"cli-test-azs-000002"},"location":{"type":"String","value":"eastus"}},"mode":"Incremental","provisioningState":"Accepted","timestamp":"2023-09-07T02:33:36.3706241Z","duration":"PT0.0004387S","correlationId":"2dc7e3fb-41e5-4d80-a65c-663fb3a9a009","providers":[{"namespace":"Microsoft.Search","resourceTypes":[{"resourceType":"searchServices","locations":["eastus"]}]}],"dependencies":[]}}'
    headers:
      azure-asyncoperation:
      - https://management.azure.com/subscriptions/00000000-0000-0000-0000-000000000000/resourcegroups/test_search_service_private_endpoint_000001/providers/Microsoft.Resources/deployments/cli-test-azs-plr-000003/operationStatuses/08585075528733448644?api-version=2022-09-01
      cache-control:
      - no-cache
      content-length:
      - '743'
      content-type:
      - application/json; charset=utf-8
      date:
      - Thu, 07 Sep 2023 02:33:37 GMT
      expires:
      - '-1'
      pragma:
      - no-cache
      strict-transport-security:
      - max-age=31536000; includeSubDomains
      x-content-type-options:
      - nosniff
      x-ms-ratelimit-remaining-subscription-writes:
      - '1199'
    status:
      code: 201
      message: Created
- request:
    body: null
    headers:
      Accept:
      - '*/*'
      Accept-Encoding:
      - gzip, deflate
      CommandName:
      - deployment group create
      Connection:
      - keep-alive
      ParameterSetName:
      - --name -g --template-file --parameters --parameters
      User-Agent:
      - AZURECLI/2.51.0 azsdk-python-azure-mgmt-resource/23.1.0b2 Python/3.9.5 (Windows-10-10.0.22621-SP0)
    method: GET
    uri: https://management.azure.com/subscriptions/00000000-0000-0000-0000-000000000000/resourcegroups/test_search_service_private_endpoint_000001/providers/Microsoft.Resources/deployments/mock-deployment/operationStatuses/08585075528733448644?api-version=2022-09-01
  response:
    body:
      string: '{"status":"Running"}'
    headers:
      cache-control:
      - no-cache
      content-length:
      - '20'
      content-type:
      - application/json; charset=utf-8
      date:
      - Thu, 07 Sep 2023 02:33:38 GMT
      expires:
      - '-1'
      pragma:
      - no-cache
      strict-transport-security:
      - max-age=31536000; includeSubDomains
      vary:
      - Accept-Encoding
      x-content-type-options:
      - nosniff
    status:
      code: 200
      message: OK
- request:
    body: null
    headers:
      Accept:
      - '*/*'
      Accept-Encoding:
      - gzip, deflate
      CommandName:
      - deployment group create
      Connection:
      - keep-alive
      ParameterSetName:
      - --name -g --template-file --parameters --parameters
      User-Agent:
      - AZURECLI/2.51.0 azsdk-python-azure-mgmt-resource/23.1.0b2 Python/3.9.5 (Windows-10-10.0.22621-SP0)
    method: GET
    uri: https://management.azure.com/subscriptions/00000000-0000-0000-0000-000000000000/resourcegroups/test_search_service_private_endpoint_000001/providers/Microsoft.Resources/deployments/mock-deployment/operationStatuses/08585075528733448644?api-version=2022-09-01
  response:
    body:
      string: '{"status":"Running"}'
    headers:
      cache-control:
      - no-cache
      content-length:
      - '20'
      content-type:
      - application/json; charset=utf-8
      date:
      - Thu, 07 Sep 2023 02:34:09 GMT
      expires:
      - '-1'
      pragma:
      - no-cache
      strict-transport-security:
      - max-age=31536000; includeSubDomains
      vary:
      - Accept-Encoding
      x-content-type-options:
      - nosniff
    status:
      code: 200
      message: OK
- request:
    body: null
    headers:
      Accept:
      - '*/*'
      Accept-Encoding:
      - gzip, deflate
      CommandName:
      - deployment group create
      Connection:
      - keep-alive
      ParameterSetName:
      - --name -g --template-file --parameters --parameters
      User-Agent:
      - AZURECLI/2.51.0 azsdk-python-azure-mgmt-resource/23.1.0b2 Python/3.9.5 (Windows-10-10.0.22621-SP0)
    method: GET
    uri: https://management.azure.com/subscriptions/00000000-0000-0000-0000-000000000000/resourcegroups/test_search_service_private_endpoint_000001/providers/Microsoft.Resources/deployments/mock-deployment/operationStatuses/08585075528733448644?api-version=2022-09-01
  response:
    body:
      string: '{"status":"Running"}'
    headers:
      cache-control:
      - no-cache
      content-length:
      - '20'
      content-type:
      - application/json; charset=utf-8
      date:
      - Thu, 07 Sep 2023 02:34:40 GMT
      expires:
      - '-1'
      pragma:
      - no-cache
      strict-transport-security:
      - max-age=31536000; includeSubDomains
      vary:
      - Accept-Encoding
      x-content-type-options:
      - nosniff
    status:
      code: 200
      message: OK
- request:
    body: null
    headers:
      Accept:
      - '*/*'
      Accept-Encoding:
      - gzip, deflate
      CommandName:
      - deployment group create
      Connection:
      - keep-alive
      ParameterSetName:
      - --name -g --template-file --parameters --parameters
      User-Agent:
      - AZURECLI/2.51.0 azsdk-python-azure-mgmt-resource/23.1.0b2 Python/3.9.5 (Windows-10-10.0.22621-SP0)
    method: GET
    uri: https://management.azure.com/subscriptions/00000000-0000-0000-0000-000000000000/resourcegroups/test_search_service_private_endpoint_000001/providers/Microsoft.Resources/deployments/mock-deployment/operationStatuses/08585075528733448644?api-version=2022-09-01
  response:
    body:
      string: '{"status":"Running"}'
    headers:
      cache-control:
      - no-cache
      content-length:
      - '20'
      content-type:
      - application/json; charset=utf-8
      date:
      - Thu, 07 Sep 2023 02:35:11 GMT
      expires:
      - '-1'
      pragma:
      - no-cache
      strict-transport-security:
      - max-age=31536000; includeSubDomains
      vary:
      - Accept-Encoding
      x-content-type-options:
      - nosniff
    status:
      code: 200
      message: OK
- request:
    body: null
    headers:
      Accept:
      - '*/*'
      Accept-Encoding:
      - gzip, deflate
      CommandName:
      - deployment group create
      Connection:
      - keep-alive
      ParameterSetName:
      - --name -g --template-file --parameters --parameters
      User-Agent:
      - AZURECLI/2.51.0 azsdk-python-azure-mgmt-resource/23.1.0b2 Python/3.9.5 (Windows-10-10.0.22621-SP0)
    method: GET
    uri: https://management.azure.com/subscriptions/00000000-0000-0000-0000-000000000000/resourcegroups/test_search_service_private_endpoint_000001/providers/Microsoft.Resources/deployments/mock-deployment/operationStatuses/08585075528733448644?api-version=2022-09-01
  response:
    body:
      string: '{"status":"Running"}'
    headers:
      cache-control:
      - no-cache
      content-length:
      - '20'
      content-type:
      - application/json; charset=utf-8
      date:
      - Thu, 07 Sep 2023 02:35:40 GMT
      expires:
      - '-1'
      pragma:
      - no-cache
      strict-transport-security:
      - max-age=31536000; includeSubDomains
      vary:
      - Accept-Encoding
      x-content-type-options:
      - nosniff
    status:
      code: 200
      message: OK
- request:
    body: null
    headers:
      Accept:
      - '*/*'
      Accept-Encoding:
      - gzip, deflate
      CommandName:
      - deployment group create
      Connection:
      - keep-alive
      ParameterSetName:
      - --name -g --template-file --parameters --parameters
      User-Agent:
      - AZURECLI/2.51.0 azsdk-python-azure-mgmt-resource/23.1.0b2 Python/3.9.5 (Windows-10-10.0.22621-SP0)
    method: GET
    uri: https://management.azure.com/subscriptions/00000000-0000-0000-0000-000000000000/resourcegroups/test_search_service_private_endpoint_000001/providers/Microsoft.Resources/deployments/mock-deployment/operationStatuses/08585075528733448644?api-version=2022-09-01
  response:
    body:
      string: '{"status":"Running"}'
    headers:
      cache-control:
      - no-cache
      content-length:
      - '20'
      content-type:
      - application/json; charset=utf-8
      date:
      - Thu, 07 Sep 2023 02:36:11 GMT
      expires:
      - '-1'
      pragma:
      - no-cache
      strict-transport-security:
      - max-age=31536000; includeSubDomains
      vary:
      - Accept-Encoding
      x-content-type-options:
      - nosniff
    status:
      code: 200
      message: OK
- request:
    body: null
    headers:
      Accept:
      - '*/*'
      Accept-Encoding:
      - gzip, deflate
      CommandName:
      - deployment group create
      Connection:
      - keep-alive
      ParameterSetName:
      - --name -g --template-file --parameters --parameters
      User-Agent:
      - AZURECLI/2.51.0 azsdk-python-azure-mgmt-resource/23.1.0b2 Python/3.9.5 (Windows-10-10.0.22621-SP0)
    method: GET
    uri: https://management.azure.com/subscriptions/00000000-0000-0000-0000-000000000000/resourcegroups/test_search_service_private_endpoint_000001/providers/Microsoft.Resources/deployments/mock-deployment/operationStatuses/08585075528733448644?api-version=2022-09-01
  response:
    body:
      string: '{"status":"Running"}'
    headers:
      cache-control:
      - no-cache
      content-length:
      - '20'
      content-type:
      - application/json; charset=utf-8
      date:
      - Thu, 07 Sep 2023 02:36:42 GMT
      expires:
      - '-1'
      pragma:
      - no-cache
      strict-transport-security:
      - max-age=31536000; includeSubDomains
      vary:
      - Accept-Encoding
      x-content-type-options:
      - nosniff
    status:
      code: 200
      message: OK
- request:
    body: null
    headers:
      Accept:
      - '*/*'
      Accept-Encoding:
      - gzip, deflate
      CommandName:
      - deployment group create
      Connection:
      - keep-alive
      ParameterSetName:
      - --name -g --template-file --parameters --parameters
      User-Agent:
      - AZURECLI/2.51.0 azsdk-python-azure-mgmt-resource/23.1.0b2 Python/3.9.5 (Windows-10-10.0.22621-SP0)
    method: GET
    uri: https://management.azure.com/subscriptions/00000000-0000-0000-0000-000000000000/resourcegroups/test_search_service_private_endpoint_000001/providers/Microsoft.Resources/deployments/mock-deployment/operationStatuses/08585075528733448644?api-version=2022-09-01
  response:
    body:
      string: '{"status":"Running"}'
    headers:
      cache-control:
      - no-cache
      content-length:
      - '20'
      content-type:
      - application/json; charset=utf-8
      date:
      - Thu, 07 Sep 2023 02:37:12 GMT
      expires:
      - '-1'
      pragma:
      - no-cache
      strict-transport-security:
      - max-age=31536000; includeSubDomains
      vary:
      - Accept-Encoding
      x-content-type-options:
      - nosniff
    status:
      code: 200
      message: OK
- request:
    body: null
    headers:
      Accept:
      - '*/*'
      Accept-Encoding:
      - gzip, deflate
      CommandName:
      - deployment group create
      Connection:
      - keep-alive
      ParameterSetName:
      - --name -g --template-file --parameters --parameters
      User-Agent:
      - AZURECLI/2.51.0 azsdk-python-azure-mgmt-resource/23.1.0b2 Python/3.9.5 (Windows-10-10.0.22621-SP0)
    method: GET
    uri: https://management.azure.com/subscriptions/00000000-0000-0000-0000-000000000000/resourcegroups/test_search_service_private_endpoint_000001/providers/Microsoft.Resources/deployments/mock-deployment/operationStatuses/08585075528733448644?api-version=2022-09-01
  response:
    body:
      string: '{"status":"Running"}'
    headers:
      cache-control:
      - no-cache
      content-length:
      - '20'
      content-type:
      - application/json; charset=utf-8
      date:
      - Thu, 07 Sep 2023 02:37:43 GMT
      expires:
      - '-1'
      pragma:
      - no-cache
      strict-transport-security:
      - max-age=31536000; includeSubDomains
      vary:
      - Accept-Encoding
      x-content-type-options:
      - nosniff
    status:
      code: 200
      message: OK
- request:
    body: null
    headers:
      Accept:
      - '*/*'
      Accept-Encoding:
      - gzip, deflate
      CommandName:
      - deployment group create
      Connection:
      - keep-alive
      ParameterSetName:
      - --name -g --template-file --parameters --parameters
      User-Agent:
      - AZURECLI/2.51.0 azsdk-python-azure-mgmt-resource/23.1.0b2 Python/3.9.5 (Windows-10-10.0.22621-SP0)
    method: GET
    uri: https://management.azure.com/subscriptions/00000000-0000-0000-0000-000000000000/resourcegroups/test_search_service_private_endpoint_000001/providers/Microsoft.Resources/deployments/mock-deployment/operationStatuses/08585075528733448644?api-version=2022-09-01
  response:
    body:
      string: '{"status":"Running"}'
    headers:
      cache-control:
      - no-cache
      content-length:
      - '20'
      content-type:
      - application/json; charset=utf-8
      date:
      - Thu, 07 Sep 2023 02:38:14 GMT
      expires:
      - '-1'
      pragma:
      - no-cache
      strict-transport-security:
      - max-age=31536000; includeSubDomains
      vary:
      - Accept-Encoding
      x-content-type-options:
      - nosniff
    status:
      code: 200
      message: OK
- request:
    body: null
    headers:
      Accept:
      - '*/*'
      Accept-Encoding:
      - gzip, deflate
      CommandName:
      - deployment group create
      Connection:
      - keep-alive
      ParameterSetName:
      - --name -g --template-file --parameters --parameters
      User-Agent:
      - AZURECLI/2.51.0 azsdk-python-azure-mgmt-resource/23.1.0b2 Python/3.9.5 (Windows-10-10.0.22621-SP0)
    method: GET
    uri: https://management.azure.com/subscriptions/00000000-0000-0000-0000-000000000000/resourcegroups/test_search_service_private_endpoint_000001/providers/Microsoft.Resources/deployments/mock-deployment/operationStatuses/08585075528733448644?api-version=2022-09-01
  response:
    body:
      string: '{"status":"Running"}'
    headers:
      cache-control:
      - no-cache
      content-length:
      - '20'
      content-type:
      - application/json; charset=utf-8
      date:
      - Thu, 07 Sep 2023 02:38:45 GMT
      expires:
      - '-1'
      pragma:
      - no-cache
      strict-transport-security:
      - max-age=31536000; includeSubDomains
      vary:
      - Accept-Encoding
      x-content-type-options:
      - nosniff
    status:
      code: 200
      message: OK
- request:
    body: null
    headers:
      Accept:
      - '*/*'
      Accept-Encoding:
      - gzip, deflate
      CommandName:
      - deployment group create
      Connection:
      - keep-alive
      ParameterSetName:
      - --name -g --template-file --parameters --parameters
      User-Agent:
      - AZURECLI/2.51.0 azsdk-python-azure-mgmt-resource/23.1.0b2 Python/3.9.5 (Windows-10-10.0.22621-SP0)
    method: GET
    uri: https://management.azure.com/subscriptions/00000000-0000-0000-0000-000000000000/resourcegroups/test_search_service_private_endpoint_000001/providers/Microsoft.Resources/deployments/mock-deployment/operationStatuses/08585075528733448644?api-version=2022-09-01
  response:
    body:
      string: '{"status":"Running"}'
    headers:
      cache-control:
      - no-cache
      content-length:
      - '20'
      content-type:
      - application/json; charset=utf-8
      date:
      - Thu, 07 Sep 2023 02:39:16 GMT
      expires:
      - '-1'
      pragma:
      - no-cache
      strict-transport-security:
      - max-age=31536000; includeSubDomains
      vary:
      - Accept-Encoding
      x-content-type-options:
      - nosniff
    status:
      code: 200
      message: OK
- request:
    body: null
    headers:
      Accept:
      - '*/*'
      Accept-Encoding:
      - gzip, deflate
      CommandName:
      - deployment group create
      Connection:
      - keep-alive
      ParameterSetName:
      - --name -g --template-file --parameters --parameters
      User-Agent:
      - AZURECLI/2.51.0 azsdk-python-azure-mgmt-resource/23.1.0b2 Python/3.9.5 (Windows-10-10.0.22621-SP0)
    method: GET
    uri: https://management.azure.com/subscriptions/00000000-0000-0000-0000-000000000000/resourcegroups/test_search_service_private_endpoint_000001/providers/Microsoft.Resources/deployments/mock-deployment/operationStatuses/08585075528733448644?api-version=2022-09-01
  response:
    body:
      string: '{"status":"Running"}'
    headers:
      cache-control:
      - no-cache
      content-length:
      - '20'
      content-type:
      - application/json; charset=utf-8
      date:
      - Thu, 07 Sep 2023 02:39:46 GMT
      expires:
      - '-1'
      pragma:
      - no-cache
      strict-transport-security:
      - max-age=31536000; includeSubDomains
      vary:
      - Accept-Encoding
      x-content-type-options:
      - nosniff
    status:
      code: 200
      message: OK
- request:
    body: null
    headers:
      Accept:
      - '*/*'
      Accept-Encoding:
      - gzip, deflate
      CommandName:
      - deployment group create
      Connection:
      - keep-alive
      ParameterSetName:
      - --name -g --template-file --parameters --parameters
      User-Agent:
      - AZURECLI/2.51.0 azsdk-python-azure-mgmt-resource/23.1.0b2 Python/3.9.5 (Windows-10-10.0.22621-SP0)
    method: GET
    uri: https://management.azure.com/subscriptions/00000000-0000-0000-0000-000000000000/resourcegroups/test_search_service_private_endpoint_000001/providers/Microsoft.Resources/deployments/mock-deployment/operationStatuses/08585075528733448644?api-version=2022-09-01
  response:
    body:
      string: '{"status":"Running"}'
    headers:
      cache-control:
      - no-cache
      content-length:
      - '20'
      content-type:
      - application/json; charset=utf-8
      date:
      - Thu, 07 Sep 2023 02:40:17 GMT
      expires:
      - '-1'
      pragma:
      - no-cache
      strict-transport-security:
      - max-age=31536000; includeSubDomains
      vary:
      - Accept-Encoding
      x-content-type-options:
      - nosniff
    status:
      code: 200
      message: OK
- request:
    body: null
    headers:
      Accept:
      - '*/*'
      Accept-Encoding:
      - gzip, deflate
      CommandName:
      - deployment group create
      Connection:
      - keep-alive
      ParameterSetName:
      - --name -g --template-file --parameters --parameters
      User-Agent:
      - AZURECLI/2.51.0 azsdk-python-azure-mgmt-resource/23.1.0b2 Python/3.9.5 (Windows-10-10.0.22621-SP0)
    method: GET
    uri: https://management.azure.com/subscriptions/00000000-0000-0000-0000-000000000000/resourcegroups/test_search_service_private_endpoint_000001/providers/Microsoft.Resources/deployments/mock-deployment/operationStatuses/08585075528733448644?api-version=2022-09-01
  response:
    body:
      string: '{"status":"Running"}'
    headers:
      cache-control:
      - no-cache
      content-length:
      - '20'
      content-type:
      - application/json; charset=utf-8
      date:
      - Thu, 07 Sep 2023 02:40:47 GMT
      expires:
      - '-1'
      pragma:
      - no-cache
      strict-transport-security:
      - max-age=31536000; includeSubDomains
      vary:
      - Accept-Encoding
      x-content-type-options:
      - nosniff
    status:
      code: 200
      message: OK
- request:
    body: null
    headers:
      Accept:
      - '*/*'
      Accept-Encoding:
      - gzip, deflate
      CommandName:
      - deployment group create
      Connection:
      - keep-alive
      ParameterSetName:
      - --name -g --template-file --parameters --parameters
      User-Agent:
      - AZURECLI/2.51.0 azsdk-python-azure-mgmt-resource/23.1.0b2 Python/3.9.5 (Windows-10-10.0.22621-SP0)
    method: GET
    uri: https://management.azure.com/subscriptions/00000000-0000-0000-0000-000000000000/resourcegroups/test_search_service_private_endpoint_000001/providers/Microsoft.Resources/deployments/mock-deployment/operationStatuses/08585075528733448644?api-version=2022-09-01
  response:
    body:
      string: '{"status":"Running"}'
    headers:
      cache-control:
      - no-cache
      content-length:
      - '20'
      content-type:
      - application/json; charset=utf-8
      date:
      - Thu, 07 Sep 2023 02:41:18 GMT
      expires:
      - '-1'
      pragma:
      - no-cache
      strict-transport-security:
      - max-age=31536000; includeSubDomains
      vary:
      - Accept-Encoding
      x-content-type-options:
      - nosniff
    status:
      code: 200
      message: OK
- request:
    body: null
    headers:
      Accept:
      - '*/*'
      Accept-Encoding:
      - gzip, deflate
      CommandName:
      - deployment group create
      Connection:
      - keep-alive
      ParameterSetName:
      - --name -g --template-file --parameters --parameters
      User-Agent:
      - AZURECLI/2.51.0 azsdk-python-azure-mgmt-resource/23.1.0b2 Python/3.9.5 (Windows-10-10.0.22621-SP0)
    method: GET
    uri: https://management.azure.com/subscriptions/00000000-0000-0000-0000-000000000000/resourcegroups/test_search_service_private_endpoint_000001/providers/Microsoft.Resources/deployments/mock-deployment/operationStatuses/08585075528733448644?api-version=2022-09-01
  response:
    body:
      string: '{"status":"Running"}'
    headers:
      cache-control:
      - no-cache
      content-length:
      - '20'
      content-type:
      - application/json; charset=utf-8
      date:
      - Thu, 07 Sep 2023 02:41:48 GMT
      expires:
      - '-1'
      pragma:
      - no-cache
      strict-transport-security:
      - max-age=31536000; includeSubDomains
      vary:
      - Accept-Encoding
      x-content-type-options:
      - nosniff
    status:
      code: 200
      message: OK
- request:
    body: null
    headers:
      Accept:
      - '*/*'
      Accept-Encoding:
      - gzip, deflate
      CommandName:
      - deployment group create
      Connection:
      - keep-alive
      ParameterSetName:
      - --name -g --template-file --parameters --parameters
      User-Agent:
      - AZURECLI/2.51.0 azsdk-python-azure-mgmt-resource/23.1.0b2 Python/3.9.5 (Windows-10-10.0.22621-SP0)
    method: GET
    uri: https://management.azure.com/subscriptions/00000000-0000-0000-0000-000000000000/resourcegroups/test_search_service_private_endpoint_000001/providers/Microsoft.Resources/deployments/mock-deployment/operationStatuses/08585075528733448644?api-version=2022-09-01
  response:
    body:
      string: '{"status":"Succeeded"}'
    headers:
      cache-control:
      - no-cache
      content-length:
      - '22'
      content-type:
      - application/json; charset=utf-8
      date:
      - Thu, 07 Sep 2023 02:42:19 GMT
      expires:
      - '-1'
      pragma:
      - no-cache
      strict-transport-security:
      - max-age=31536000; includeSubDomains
      vary:
      - Accept-Encoding
      x-content-type-options:
      - nosniff
    status:
      code: 200
      message: OK
- request:
    body: null
    headers:
      Accept:
      - '*/*'
      Accept-Encoding:
      - gzip, deflate
      CommandName:
      - deployment group create
      Connection:
      - keep-alive
      ParameterSetName:
      - --name -g --template-file --parameters --parameters
      User-Agent:
      - AZURECLI/2.51.0 azsdk-python-azure-mgmt-resource/23.1.0b2 Python/3.9.5 (Windows-10-10.0.22621-SP0)
    method: GET
    uri: https://management.azure.com/subscriptions/00000000-0000-0000-0000-000000000000/resourcegroups/test_search_service_private_endpoint_000001/providers/Microsoft.Resources/deployments/mock-deployment?api-version=2022-09-01
  response:
    body:
      string: '{"id":"/subscriptions/00000000-0000-0000-0000-000000000000/resourceGroups/test_search_service_private_endpoint_000001/providers/Microsoft.Resources/deployments/cli-test-azs-plr-000003","name":"cli-test-azs-plr-000003","type":"Microsoft.Resources/deployments","properties":{"templateHash":"1518347000103681276","parameters":{"name":{"type":"String","value":"cli-test-azs-000002"},"location":{"type":"String","value":"eastus"}},"mode":"Incremental","provisioningState":"Succeeded","timestamp":"2023-09-07T02:42:15.5825994Z","duration":"PT8M39.212414S","correlationId":"2dc7e3fb-41e5-4d80-a65c-663fb3a9a009","providers":[{"namespace":"Microsoft.Search","resourceTypes":[{"resourceType":"searchServices","locations":["eastus"]}]}],"dependencies":[],"outputResources":[{"id":"/subscriptions/00000000-0000-0000-0000-000000000000/resourceGroups/test_search_service_private_endpoint_000001/providers/Microsoft.Search/searchServices/cli-test-azs-000002"}]}}'
    headers:
      cache-control:
      - no-cache
      content-length:
      - '948'
      content-type:
      - application/json; charset=utf-8
      date:
      - Thu, 07 Sep 2023 02:42:19 GMT
      expires:
      - '-1'
      pragma:
      - no-cache
      strict-transport-security:
      - max-age=31536000; includeSubDomains
      vary:
      - Accept-Encoding
      x-content-type-options:
      - nosniff
    status:
      code: 200
      message: OK
- request:
    body: null
    headers:
      Accept:
      - '*/*'
      Accept-Encoding:
      - gzip, deflate
      CommandName:
      - network private-link-resource list
      Connection:
      - keep-alive
      ParameterSetName:
      - --name --resource-group --type
      User-Agent:
      - python/3.9.5 (Windows-10-10.0.22621-SP0) AZURECLI/2.51.0
    method: GET
    uri: https://management.azure.com/subscriptions/00000000-0000-0000-0000-000000000000/resourceGroups/test_search_service_private_endpoint_000001/providers/Microsoft.Search/searchServices/cli-test-azs-000002/privateLinkResources?api-version=2020-08-01
  response:
    body:
      string: '{"value":[{"id":"/subscriptions/00000000-0000-0000-0000-000000000000/resourceGroups/test_search_service_private_endpoint_000001/providers/Microsoft.Search/searchServices/cli-test-azs-000002/privateLinkResources/searchService","name":"searchService","type":"Microsoft.Search/searchServices/privateLinkResources","properties":{"groupId":"searchService","requiredMembers":["searchService"],"requiredZoneNames":["privatelink.search.windows.net"],"shareablePrivateLinkResourceTypes":[{"name":"blob","properties":{"type":"Microsoft.Storage/storageAccounts","groupId":"blob","description":"Azure
        Cognitive Search indexers can connect to blobs in Azure Storage for reading
        data (data source), for writing intermediate results of indexer execution
        (annotation cache, preview) or for storing any knowledge store projections
        (preview)"}},{"name":"table","properties":{"type":"Microsoft.Storage/storageAccounts","groupId":"table","description":"Azure
        Cognitive Search indexers can connect to tables in Azure Storage for reading
        data (data source), for writing book-keeping information about intermediate
        results of indexer execution (annotation cache, preview) or for storing any
        knowledge store projections (preview)"}},{"name":"dfs","properties":{"type":"Microsoft.Storage/storageAccounts","groupId":"dfs","description":"Azure
        Cognitive Search indexers can connect to Azure Data Lake Storage Gen2 for
        reading data (data source)."}},{"name":"file","properties":{"type":"Microsoft.Storage/storageAccounts","groupId":"file","description":"Azure
        Cognitive Search indexers can connect to files in Azure Storage for reading
        data (data source)."}},{"name":"Sql","properties":{"type":"Microsoft.DocumentDB/databaseAccounts","groupId":"Sql","description":"Azure
        Cognitive Search indexers can connect to CosmosDB using the SQL head for reading
        data (data source)."}},{"name":"plr","properties":{"type":"Microsoft.Sql/servers","groupId":"sqlServer","description":"Azure
        Cognitive Search indexers can connect to AzureSQL databases in a SQL server
        for reading data (data source)."}},{"name":"vault","properties":{"type":"Microsoft.KeyVault/vaults","groupId":"vault","description":"Azure
        Cognitive Search can access keys in Azure Key Vault to encrypt search index
        and synonym map data"}}]}}]}'
    headers:
      cache-control:
      - no-cache
      content-length:
      - '2268'
      content-type:
      - application/json; charset=utf-8
      date:
      - Thu, 07 Sep 2023 02:42:23 GMT
      elapsed-time:
      - '78'
      expires:
      - '-1'
      pragma:
      - no-cache
      request-id:
      - 9f8766a0-d770-45cf-b26c-0f674c6c5d48
      strict-transport-security:
      - max-age=31536000; includeSubDomains
      transfer-encoding:
      - chunked
      vary:
      - Accept-Encoding,Accept-Encoding
      x-content-type-options:
      - nosniff
    status:
      code: 200
      message: OK
- request:
    body: null
    headers:
      Accept:
      - application/json
      Accept-Encoding:
      - gzip, deflate
      CommandName:
      - network vnet create
      Connection:
      - keep-alive
      ParameterSetName:
      - -n -g --subnet-name
      User-Agent:
      - AZURECLI/2.51.0 azsdk-python-azure-mgmt-resource/23.1.0b2 Python/3.9.5 (Windows-10-10.0.22621-SP0)
    method: GET
    uri: https://management.azure.com/subscriptions/00000000-0000-0000-0000-000000000000/resourcegroups/test_search_service_private_endpoint_000001?api-version=2022-09-01
  response:
    body:
      string: '{"id":"/subscriptions/00000000-0000-0000-0000-000000000000/resourceGroups/test_search_service_private_endpoint_000001","name":"test_search_service_private_endpoint_000001","type":"Microsoft.Resources/resourceGroups","location":"eastus","tags":{"product":"azurecli","cause":"automation","test":"test_private_endpoint_connection_search","date":"2023-09-07T02:33:19Z","module":"network"},"properties":{"provisioningState":"Succeeded"}}'
    headers:
      cache-control:
      - no-cache
      content-length:
      - '432'
      content-type:
      - application/json; charset=utf-8
      date:
      - Thu, 07 Sep 2023 02:42:24 GMT
      expires:
      - '-1'
      pragma:
      - no-cache
      strict-transport-security:
      - max-age=31536000; includeSubDomains
      vary:
      - Accept-Encoding
      x-content-type-options:
      - nosniff
    status:
      code: 200
      message: OK
- request:
    body: '{"location": "eastus", "properties": {"addressSpace": {"addressPrefixes":
      ["10.0.0.0/16"]}, "enableDdosProtection": false, "enableVmProtection": false,
      "subnets": [{"name": "cli-subnet-000005", "properties": {"addressPrefix": "10.0.0.0/24"}}]}}'
    headers:
      Accept:
      - application/json
      Accept-Encoding:
      - gzip, deflate
      CommandName:
      - network vnet create
      Connection:
      - keep-alive
      Content-Length:
      - '244'
      Content-Type:
      - application/json
      ParameterSetName:
      - -n -g --subnet-name
      User-Agent:
      - AZURECLI/2.51.0 (AAZ) azsdk-python-core/1.26.0 Python/3.9.5 (Windows-10-10.0.22621-SP0)
    method: PUT
    uri: https://management.azure.com/subscriptions/00000000-0000-0000-0000-000000000000/resourceGroups/test_search_service_private_endpoint_000001/providers/Microsoft.Network/virtualNetworks/cli-vnet-000004?api-version=2022-01-01
  response:
    body:
      string: "{\r\n  \"name\": \"cli-vnet-000004\",\r\n  \"id\": \"/subscriptions/00000000-0000-0000-0000-000000000000/resourceGroups/test_search_service_private_endpoint_000001/providers/Microsoft.Network/virtualNetworks/cli-vnet-000004\",\r\n
        \ \"etag\": \"W/\\\"c82680fe-4db1-4772-bd6c-4db658222880\\\"\",\r\n  \"type\":
        \"Microsoft.Network/virtualNetworks\",\r\n  \"location\": \"eastus\",\r\n
        \ \"properties\": {\r\n    \"provisioningState\": \"Updating\",\r\n    \"resourceGuid\":
        \"a4e6f100-7b1e-481b-af49-5aa09cb8c978\",\r\n    \"addressSpace\": {\r\n      \"addressPrefixes\":
        [\r\n        \"10.0.0.0/16\"\r\n      ]\r\n    },\r\n    \"subnets\": [\r\n
        \     {\r\n        \"name\": \"cli-subnet-000005\",\r\n        \"id\": \"/subscriptions/00000000-0000-0000-0000-000000000000/resourceGroups/test_search_service_private_endpoint_000001/providers/Microsoft.Network/virtualNetworks/cli-vnet-000004/subnets/cli-subnet-000005\",\r\n
        \       \"etag\": \"W/\\\"c82680fe-4db1-4772-bd6c-4db658222880\\\"\",\r\n
        \       \"properties\": {\r\n          \"provisioningState\": \"Updating\",\r\n
        \         \"addressPrefix\": \"10.0.0.0/24\",\r\n          \"delegations\":
        [],\r\n          \"privateEndpointNetworkPolicies\": \"Disabled\",\r\n          \"privateLinkServiceNetworkPolicies\":
        \"Enabled\"\r\n        },\r\n        \"type\": \"Microsoft.Network/virtualNetworks/subnets\"\r\n
        \     }\r\n    ],\r\n    \"virtualNetworkPeerings\": [],\r\n    \"enableDdosProtection\":
        false\r\n  }\r\n}"
    headers:
      azure-asyncnotification:
      - Enabled
      azure-asyncoperation:
      - https://management.azure.com/subscriptions/00000000-0000-0000-0000-000000000000/providers/Microsoft.Network/locations/eastus/operations/862ed326-159c-49c5-8d54-17f097949a9c?api-version=2022-01-01
      cache-control:
      - no-cache
      content-length:
      - '1321'
      content-type:
      - application/json; charset=utf-8
      date:
      - Thu, 07 Sep 2023 02:42:30 GMT
      expires:
      - '-1'
      pragma:
      - no-cache
      server:
      - Microsoft-HTTPAPI/2.0
      - Microsoft-HTTPAPI/2.0
      strict-transport-security:
      - max-age=31536000; includeSubDomains
      x-content-type-options:
      - nosniff
      x-ms-arm-service-request-id:
      - 03f69068-cc4a-45d1-be08-581e196df17a
      x-ms-ratelimit-remaining-subscription-writes:
      - '1199'
    status:
      code: 201
      message: Created
- request:
    body: null
    headers:
      Accept:
      - '*/*'
      Accept-Encoding:
      - gzip, deflate
      CommandName:
      - network vnet create
      Connection:
      - keep-alive
      ParameterSetName:
      - -n -g --subnet-name
      User-Agent:
      - AZURECLI/2.51.0 (AAZ) azsdk-python-core/1.26.0 Python/3.9.5 (Windows-10-10.0.22621-SP0)
    method: GET
    uri: https://management.azure.com/subscriptions/00000000-0000-0000-0000-000000000000/providers/Microsoft.Network/locations/eastus/operations/862ed326-159c-49c5-8d54-17f097949a9c?api-version=2022-01-01
  response:
    body:
      string: "{\r\n  \"status\": \"InProgress\"\r\n}"
    headers:
      cache-control:
      - no-cache
      content-length:
      - '30'
      content-type:
      - application/json; charset=utf-8
      date:
      - Thu, 07 Sep 2023 02:42:31 GMT
      expires:
      - '-1'
      pragma:
      - no-cache
      server:
      - Microsoft-HTTPAPI/2.0
      - Microsoft-HTTPAPI/2.0
      strict-transport-security:
      - max-age=31536000; includeSubDomains
      transfer-encoding:
      - chunked
      vary:
      - Accept-Encoding
      x-content-type-options:
      - nosniff
      x-ms-arm-service-request-id:
      - a7f77127-2f07-475b-ba7f-1db1b45ca51e
    status:
      code: 200
      message: OK
- request:
    body: null
    headers:
      Accept:
      - '*/*'
      Accept-Encoding:
      - gzip, deflate
      CommandName:
      - network vnet create
      Connection:
      - keep-alive
      ParameterSetName:
      - -n -g --subnet-name
      User-Agent:
      - AZURECLI/2.51.0 (AAZ) azsdk-python-core/1.26.0 Python/3.9.5 (Windows-10-10.0.22621-SP0)
    method: GET
    uri: https://management.azure.com/subscriptions/00000000-0000-0000-0000-000000000000/providers/Microsoft.Network/locations/eastus/operations/862ed326-159c-49c5-8d54-17f097949a9c?api-version=2022-01-01
  response:
    body:
      string: "{\r\n  \"status\": \"Succeeded\"\r\n}"
    headers:
      cache-control:
      - no-cache
      content-length:
      - '29'
      content-type:
      - application/json; charset=utf-8
      date:
      - Thu, 07 Sep 2023 02:42:41 GMT
      expires:
      - '-1'
      pragma:
      - no-cache
      server:
      - Microsoft-HTTPAPI/2.0
      - Microsoft-HTTPAPI/2.0
      strict-transport-security:
      - max-age=31536000; includeSubDomains
      transfer-encoding:
      - chunked
      vary:
      - Accept-Encoding
      x-content-type-options:
      - nosniff
      x-ms-arm-service-request-id:
      - bf616134-1e47-4943-b884-593d4dbf89a8
    status:
      code: 200
      message: OK
- request:
    body: null
    headers:
      Accept:
      - '*/*'
      Accept-Encoding:
      - gzip, deflate
      CommandName:
      - network vnet create
      Connection:
      - keep-alive
      ParameterSetName:
      - -n -g --subnet-name
      User-Agent:
      - AZURECLI/2.51.0 (AAZ) azsdk-python-core/1.26.0 Python/3.9.5 (Windows-10-10.0.22621-SP0)
    method: GET
    uri: https://management.azure.com/subscriptions/00000000-0000-0000-0000-000000000000/resourceGroups/test_search_service_private_endpoint_000001/providers/Microsoft.Network/virtualNetworks/cli-vnet-000004?api-version=2022-01-01
  response:
    body:
      string: "{\r\n  \"name\": \"cli-vnet-000004\",\r\n  \"id\": \"/subscriptions/00000000-0000-0000-0000-000000000000/resourceGroups/test_search_service_private_endpoint_000001/providers/Microsoft.Network/virtualNetworks/cli-vnet-000004\",\r\n
        \ \"etag\": \"W/\\\"0f4f7ee7-87b0-413b-9f09-0549e9405288\\\"\",\r\n  \"type\":
        \"Microsoft.Network/virtualNetworks\",\r\n  \"location\": \"eastus\",\r\n
        \ \"properties\": {\r\n    \"provisioningState\": \"Succeeded\",\r\n    \"resourceGuid\":
        \"a4e6f100-7b1e-481b-af49-5aa09cb8c978\",\r\n    \"addressSpace\": {\r\n      \"addressPrefixes\":
        [\r\n        \"10.0.0.0/16\"\r\n      ]\r\n    },\r\n    \"subnets\": [\r\n
        \     {\r\n        \"name\": \"cli-subnet-000005\",\r\n        \"id\": \"/subscriptions/00000000-0000-0000-0000-000000000000/resourceGroups/test_search_service_private_endpoint_000001/providers/Microsoft.Network/virtualNetworks/cli-vnet-000004/subnets/cli-subnet-000005\",\r\n
        \       \"etag\": \"W/\\\"0f4f7ee7-87b0-413b-9f09-0549e9405288\\\"\",\r\n
        \       \"properties\": {\r\n          \"provisioningState\": \"Succeeded\",\r\n
        \         \"addressPrefix\": \"10.0.0.0/24\",\r\n          \"delegations\":
        [],\r\n          \"privateEndpointNetworkPolicies\": \"Disabled\",\r\n          \"privateLinkServiceNetworkPolicies\":
        \"Enabled\"\r\n        },\r\n        \"type\": \"Microsoft.Network/virtualNetworks/subnets\"\r\n
        \     }\r\n    ],\r\n    \"virtualNetworkPeerings\": [],\r\n    \"enableDdosProtection\":
        false\r\n  }\r\n}"
    headers:
      cache-control:
      - no-cache
      content-length:
      - '1323'
      content-type:
      - application/json; charset=utf-8
      date:
      - Thu, 07 Sep 2023 02:42:42 GMT
      etag:
      - W/"0f4f7ee7-87b0-413b-9f09-0549e9405288"
      expires:
      - '-1'
      pragma:
      - no-cache
      server:
      - Microsoft-HTTPAPI/2.0
      - Microsoft-HTTPAPI/2.0
      strict-transport-security:
      - max-age=31536000; includeSubDomains
      transfer-encoding:
      - chunked
      vary:
      - Accept-Encoding
      x-content-type-options:
      - nosniff
      x-ms-arm-service-request-id:
      - 6fbba01e-8c5f-42bc-b798-1323167c13e5
    status:
      code: 200
      message: OK
- request:
    body: null
    headers:
      Accept:
      - application/json
      Accept-Encoding:
      - gzip, deflate
      CommandName:
      - network vnet subnet update
      Connection:
      - keep-alive
      ParameterSetName:
      - -n --vnet-name -g --disable-private-endpoint-network-policies
      User-Agent:
      - AZURECLI/2.51.0 (AAZ) azsdk-python-core/1.26.0 Python/3.9.5 (Windows-10-10.0.22621-SP0)
    method: GET
    uri: https://management.azure.com/subscriptions/00000000-0000-0000-0000-000000000000/resourceGroups/test_search_service_private_endpoint_000001/providers/Microsoft.Network/virtualNetworks/cli-vnet-000004/subnets/cli-subnet-000005?api-version=2023-05-01
  response:
    body:
      string: '{"name":"cli-subnet-000005","id":"/subscriptions/00000000-0000-0000-0000-000000000000/resourceGroups/test_search_service_private_endpoint_000001/providers/Microsoft.Network/virtualNetworks/cli-vnet-000004/subnets/cli-subnet-000005","etag":"W/\"0f4f7ee7-87b0-413b-9f09-0549e9405288\"","properties":{"provisioningState":"Succeeded","addressPrefix":"10.0.0.0/24","delegations":[],"privateEndpointNetworkPolicies":"Disabled","privateLinkServiceNetworkPolicies":"Enabled"},"type":"Microsoft.Network/virtualNetworks/subnets"}'
    headers:
      cache-control:
      - no-cache
      content-length:
      - '519'
      content-type:
      - application/json; charset=utf-8
      date:
      - Thu, 07 Sep 2023 02:42:45 GMT
      etag:
      - W/"0f4f7ee7-87b0-413b-9f09-0549e9405288"
      expires:
      - '-1'
      pragma:
      - no-cache
      server:
      - Microsoft-HTTPAPI/2.0
      - Microsoft-HTTPAPI/2.0
      strict-transport-security:
      - max-age=31536000; includeSubDomains
      transfer-encoding:
      - chunked
      vary:
      - Accept-Encoding
      x-content-type-options:
      - nosniff
      x-ms-arm-service-request-id:
      - 6936d55f-dfa3-4337-8da5-bbfc64a344f9
    status:
      code: 200
      message: OK
- request:
    body: '{"id": "/subscriptions/00000000-0000-0000-0000-000000000000/resourceGroups/test_search_service_private_endpoint_000001/providers/Microsoft.Network/virtualNetworks/cli-vnet-000004/subnets/cli-subnet-000005",
      "name": "cli-subnet-000005", "properties": {"addressPrefix": "10.0.0.0/24",
      "delegations": [], "privateEndpointNetworkPolicies": "Disabled", "privateLinkServiceNetworkPolicies":
      "Enabled"}, "type": "Microsoft.Network/virtualNetworks/subnets"}'
    headers:
      Accept:
      - application/json
      Accept-Encoding:
      - gzip, deflate
      CommandName:
      - network vnet subnet update
      Connection:
      - keep-alive
      Content-Length:
      - '449'
      Content-Type:
      - application/json
      ParameterSetName:
      - -n --vnet-name -g --disable-private-endpoint-network-policies
      User-Agent:
      - AZURECLI/2.51.0 (AAZ) azsdk-python-core/1.26.0 Python/3.9.5 (Windows-10-10.0.22621-SP0)
    method: PUT
    uri: https://management.azure.com/subscriptions/00000000-0000-0000-0000-000000000000/resourceGroups/test_search_service_private_endpoint_000001/providers/Microsoft.Network/virtualNetworks/cli-vnet-000004/subnets/cli-subnet-000005?api-version=2023-05-01
  response:
    body:
      string: '{"name":"cli-subnet-000005","id":"/subscriptions/00000000-0000-0000-0000-000000000000/resourceGroups/test_search_service_private_endpoint_000001/providers/Microsoft.Network/virtualNetworks/cli-vnet-000004/subnets/cli-subnet-000005","etag":"W/\"ae6f1c35-7f14-42e9-b549-15b17c7de227\"","properties":{"provisioningState":"Succeeded","addressPrefix":"10.0.0.0/24","delegations":[],"privateEndpointNetworkPolicies":"Disabled","privateLinkServiceNetworkPolicies":"Enabled"},"type":"Microsoft.Network/virtualNetworks/subnets"}'
    headers:
      azure-asyncnotification:
      - Enabled
      azure-asyncoperation:
      - https://management.azure.com/subscriptions/00000000-0000-0000-0000-000000000000/providers/Microsoft.Network/locations/eastus/operations/b0585fe2-824d-49ad-af19-af7d03a9ce5f?api-version=2023-05-01
      cache-control:
      - no-cache
      content-length:
      - '519'
      content-type:
      - application/json; charset=utf-8
      date:
      - Thu, 07 Sep 2023 02:42:46 GMT
      expires:
      - '-1'
      pragma:
      - no-cache
      server:
      - Microsoft-HTTPAPI/2.0
      - Microsoft-HTTPAPI/2.0
      strict-transport-security:
      - max-age=31536000; includeSubDomains
      transfer-encoding:
      - chunked
      vary:
      - Accept-Encoding
      x-content-type-options:
      - nosniff
      x-ms-arm-service-request-id:
      - c45e0473-2548-4a21-9ad1-9032f771d38b
      x-ms-ratelimit-remaining-subscription-writes:
      - '1198'
    status:
      code: 200
      message: OK
- request:
    body: null
    headers:
      Accept:
      - '*/*'
      Accept-Encoding:
      - gzip, deflate
      CommandName:
      - network vnet subnet update
      Connection:
      - keep-alive
      ParameterSetName:
      - -n --vnet-name -g --disable-private-endpoint-network-policies
      User-Agent:
      - AZURECLI/2.51.0 (AAZ) azsdk-python-core/1.26.0 Python/3.9.5 (Windows-10-10.0.22621-SP0)
    method: GET
    uri: https://management.azure.com/subscriptions/00000000-0000-0000-0000-000000000000/providers/Microsoft.Network/locations/eastus/operations/b0585fe2-824d-49ad-af19-af7d03a9ce5f?api-version=2023-05-01
  response:
    body:
      string: '{"status":"Succeeded"}'
    headers:
      cache-control:
      - no-cache
      content-length:
      - '22'
      content-type:
      - application/json; charset=utf-8
      date:
      - Thu, 07 Sep 2023 02:42:46 GMT
      expires:
      - '-1'
      pragma:
      - no-cache
      server:
      - Microsoft-HTTPAPI/2.0
      - Microsoft-HTTPAPI/2.0
      strict-transport-security:
      - max-age=31536000; includeSubDomains
      transfer-encoding:
      - chunked
      vary:
      - Accept-Encoding
      x-content-type-options:
      - nosniff
      x-ms-arm-service-request-id:
      - fe91ff33-6f40-4221-971c-45515aac3086
    status:
      code: 200
      message: OK
- request:
    body: null
    headers:
      Accept:
      - '*/*'
      Accept-Encoding:
      - gzip, deflate
      CommandName:
      - network vnet subnet update
      Connection:
      - keep-alive
      ParameterSetName:
      - -n --vnet-name -g --disable-private-endpoint-network-policies
      User-Agent:
      - AZURECLI/2.51.0 (AAZ) azsdk-python-core/1.26.0 Python/3.9.5 (Windows-10-10.0.22621-SP0)
    method: GET
    uri: https://management.azure.com/subscriptions/00000000-0000-0000-0000-000000000000/resourceGroups/test_search_service_private_endpoint_000001/providers/Microsoft.Network/virtualNetworks/cli-vnet-000004/subnets/cli-subnet-000005?api-version=2023-05-01
  response:
    body:
      string: '{"name":"cli-subnet-000005","id":"/subscriptions/00000000-0000-0000-0000-000000000000/resourceGroups/test_search_service_private_endpoint_000001/providers/Microsoft.Network/virtualNetworks/cli-vnet-000004/subnets/cli-subnet-000005","etag":"W/\"ae6f1c35-7f14-42e9-b549-15b17c7de227\"","properties":{"provisioningState":"Succeeded","addressPrefix":"10.0.0.0/24","delegations":[],"privateEndpointNetworkPolicies":"Disabled","privateLinkServiceNetworkPolicies":"Enabled"},"type":"Microsoft.Network/virtualNetworks/subnets"}'
    headers:
      cache-control:
      - no-cache
      content-length:
      - '519'
      content-type:
      - application/json; charset=utf-8
      date:
      - Thu, 07 Sep 2023 02:42:47 GMT
      etag:
      - W/"ae6f1c35-7f14-42e9-b549-15b17c7de227"
      expires:
      - '-1'
      pragma:
      - no-cache
      server:
      - Microsoft-HTTPAPI/2.0
      - Microsoft-HTTPAPI/2.0
      strict-transport-security:
      - max-age=31536000; includeSubDomains
      transfer-encoding:
      - chunked
      vary:
      - Accept-Encoding
      x-content-type-options:
      - nosniff
      x-ms-arm-service-request-id:
      - e86ff017-4b25-4919-b8b2-86c5738c0966
    status:
      code: 200
      message: OK
- request:
    body: null
    headers:
      Accept:
      - application/json
      Accept-Encoding:
      - gzip, deflate
      CommandName:
      - network private-endpoint create
      Connection:
      - keep-alive
      ParameterSetName:
      - -g -n --vnet-name --subnet --connection-name --private-connection-resource-id
        --group-id --manual-request
      User-Agent:
      - AZURECLI/2.51.0 azsdk-python-azure-mgmt-resource/23.1.0b2 Python/3.9.5 (Windows-10-10.0.22621-SP0)
    method: GET
    uri: https://management.azure.com/subscriptions/00000000-0000-0000-0000-000000000000/resourcegroups/test_search_service_private_endpoint_000001?api-version=2022-09-01
  response:
    body:
      string: '{"id":"/subscriptions/00000000-0000-0000-0000-000000000000/resourceGroups/test_search_service_private_endpoint_000001","name":"test_search_service_private_endpoint_000001","type":"Microsoft.Resources/resourceGroups","location":"eastus","tags":{"product":"azurecli","cause":"automation","test":"test_private_endpoint_connection_search","date":"2023-09-07T02:33:19Z","module":"network"},"properties":{"provisioningState":"Succeeded"}}'
    headers:
      cache-control:
      - no-cache
      content-length:
      - '432'
      content-type:
      - application/json; charset=utf-8
      date:
      - Thu, 07 Sep 2023 02:42:47 GMT
      expires:
      - '-1'
      pragma:
      - no-cache
      strict-transport-security:
      - max-age=31536000; includeSubDomains
      vary:
      - Accept-Encoding
      x-content-type-options:
      - nosniff
    status:
      code: 200
      message: OK
- request:
    body: '{"location": "eastus", "properties": {"manualPrivateLinkServiceConnections":
      [{"name": "cli-pec-000007", "properties": {"groupIds": ["searchService"], "privateLinkServiceId":
      "/subscriptions/00000000-0000-0000-0000-000000000000/resourceGroups/test_search_service_private_endpoint_000001/providers/Microsoft.Search/searchServices/cli-test-azs-000002"}}],
      "subnet": {"id": "/subscriptions/00000000-0000-0000-0000-000000000000/resourceGroups/test_search_service_private_endpoint_000001/providers/Microsoft.Network/virtualNetworks/cli-vnet-000004/subnets/cli-subnet-000005"}}}'
    headers:
      Accept:
      - application/json
      Accept-Encoding:
      - gzip, deflate
      CommandName:
      - network private-endpoint create
      Connection:
      - keep-alive
      Content-Length:
      - '572'
      Content-Type:
      - application/json
      ParameterSetName:
      - -g -n --vnet-name --subnet --connection-name --private-connection-resource-id
        --group-id --manual-request
      User-Agent:
      - AZURECLI/2.51.0 (AAZ) azsdk-python-core/1.26.0 Python/3.9.5 (Windows-10-10.0.22621-SP0)
    method: PUT
    uri: https://management.azure.com/subscriptions/00000000-0000-0000-0000-000000000000/resourceGroups/test_search_service_private_endpoint_000001/providers/Microsoft.Network/privateEndpoints/cli-pe-000006?api-version=2022-01-01
  response:
    body:
      string: "{\r\n  \"name\": \"cli-pe-000006\",\r\n  \"id\": \"/subscriptions/00000000-0000-0000-0000-000000000000/resourceGroups/test_search_service_private_endpoint_000001/providers/Microsoft.Network/privateEndpoints/cli-pe-000006\",\r\n
        \ \"etag\": \"W/\\\"97b6fee8-6d11-45c2-b9d7-7777b5a36c00\\\"\",\r\n  \"type\":
        \"Microsoft.Network/privateEndpoints\",\r\n  \"location\": \"eastus\",\r\n
        \ \"properties\": {\r\n    \"provisioningState\": \"Updating\",\r\n    \"resourceGuid\":
        \"93a32756-149e-4d9b-a5b5-222f77fa4ed4\",\r\n    \"privateLinkServiceConnections\":
        [],\r\n    \"manualPrivateLinkServiceConnections\": [\r\n      {\r\n        \"name\":
        \"cli-pec-000007\",\r\n        \"id\": \"/subscriptions/00000000-0000-0000-0000-000000000000/resourceGroups/test_search_service_private_endpoint_000001/providers/Microsoft.Network/privateEndpoints/cli-pe-000006/manualPrivateLinkServiceConnections/cli-pec-000007\",\r\n
        \       \"etag\": \"W/\\\"97b6fee8-6d11-45c2-b9d7-7777b5a36c00\\\"\",\r\n
        \       \"properties\": {\r\n          \"provisioningState\": \"Succeeded\",\r\n
        \         \"privateLinkServiceId\": \"/subscriptions/00000000-0000-0000-0000-000000000000/resourceGroups/test_search_service_private_endpoint_000001/providers/Microsoft.Search/searchServices/cli-test-azs-000002\",\r\n
        \         \"groupIds\": [\r\n            \"searchService\"\r\n          ],\r\n
        \         \"privateLinkServiceConnectionState\": {\r\n            \"status\":
        \"Pending\",\r\n            \"description\": \"Awaiting Approval\",\r\n            \"actionsRequired\":
        \"None\"\r\n          }\r\n        },\r\n        \"type\": \"Microsoft.Network/privateEndpoints/manualPrivateLinkServiceConnections\"\r\n
        \     }\r\n    ],\r\n    \"customNetworkInterfaceName\": \"\",\r\n    \"subnet\":
        {\r\n      \"id\": \"/subscriptions/00000000-0000-0000-0000-000000000000/resourceGroups/test_search_service_private_endpoint_000001/providers/Microsoft.Network/virtualNetworks/cli-vnet-000004/subnets/cli-subnet-000005\"\r\n
        \   },\r\n    \"ipConfigurations\": [],\r\n    \"networkInterfaces\": [\r\n
        \     {\r\n        \"id\": \"/subscriptions/00000000-0000-0000-0000-000000000000/resourceGroups/test_search_service_private_endpoint_000001/providers/Microsoft.Network/networkInterfaces/cli-pe-000006.nic.22b61d52-9b4c-44ba-a605-2f2c674021f9\"\r\n
        \     }\r\n    ],\r\n    \"customDnsConfigs\": []\r\n  }\r\n}"
    headers:
      azure-asyncnotification:
      - Enabled
      azure-asyncoperation:
      - https://management.azure.com/subscriptions/00000000-0000-0000-0000-000000000000/providers/Microsoft.Network/locations/eastus/operations/8f1c2bb4-5472-44d5-9e5c-dabe3b3c5e2f?api-version=2022-01-01
      cache-control:
      - no-cache
      content-length:
      - '2171'
      content-type:
      - application/json; charset=utf-8
      date:
      - Thu, 07 Sep 2023 02:43:06 GMT
      expires:
      - '-1'
      pragma:
      - no-cache
      server:
      - Microsoft-HTTPAPI/2.0
      - Microsoft-HTTPAPI/2.0
      strict-transport-security:
      - max-age=31536000; includeSubDomains
      x-content-type-options:
      - nosniff
      x-ms-arm-service-request-id:
      - 26d4c037-e171-42df-8e97-61e4510d6fcd
      x-ms-ratelimit-remaining-subscription-writes:
      - '1199'
    status:
      code: 201
      message: Created
- request:
    body: null
    headers:
      Accept:
      - '*/*'
      Accept-Encoding:
      - gzip, deflate
      CommandName:
      - network private-endpoint create
      Connection:
      - keep-alive
      ParameterSetName:
      - -g -n --vnet-name --subnet --connection-name --private-connection-resource-id
        --group-id --manual-request
      User-Agent:
      - AZURECLI/2.51.0 (AAZ) azsdk-python-core/1.26.0 Python/3.9.5 (Windows-10-10.0.22621-SP0)
    method: GET
    uri: https://management.azure.com/subscriptions/00000000-0000-0000-0000-000000000000/providers/Microsoft.Network/locations/eastus/operations/8f1c2bb4-5472-44d5-9e5c-dabe3b3c5e2f?api-version=2022-01-01
  response:
    body:
      string: "{\r\n  \"status\": \"InProgress\"\r\n}"
    headers:
      cache-control:
      - no-cache
      content-length:
      - '30'
      content-type:
      - application/json; charset=utf-8
      date:
      - Thu, 07 Sep 2023 02:43:07 GMT
      expires:
      - '-1'
      pragma:
      - no-cache
      server:
      - Microsoft-HTTPAPI/2.0
      - Microsoft-HTTPAPI/2.0
      strict-transport-security:
      - max-age=31536000; includeSubDomains
      transfer-encoding:
      - chunked
      vary:
      - Accept-Encoding
      x-content-type-options:
      - nosniff
      x-ms-arm-service-request-id:
      - 661662c7-2cf1-4858-8781-689c27c3f54c
    status:
      code: 200
      message: OK
- request:
    body: null
    headers:
      Accept:
      - '*/*'
      Accept-Encoding:
      - gzip, deflate
      CommandName:
      - network private-endpoint create
      Connection:
      - keep-alive
      ParameterSetName:
      - -g -n --vnet-name --subnet --connection-name --private-connection-resource-id
        --group-id --manual-request
      User-Agent:
      - AZURECLI/2.51.0 (AAZ) azsdk-python-core/1.26.0 Python/3.9.5 (Windows-10-10.0.22621-SP0)
    method: GET
    uri: https://management.azure.com/subscriptions/00000000-0000-0000-0000-000000000000/providers/Microsoft.Network/locations/eastus/operations/8f1c2bb4-5472-44d5-9e5c-dabe3b3c5e2f?api-version=2022-01-01
  response:
    body:
      string: "{\r\n  \"status\": \"InProgress\"\r\n}"
    headers:
      cache-control:
      - no-cache
      content-length:
      - '30'
      content-type:
      - application/json; charset=utf-8
      date:
      - Thu, 07 Sep 2023 02:43:18 GMT
      expires:
      - '-1'
      pragma:
      - no-cache
      server:
      - Microsoft-HTTPAPI/2.0
      - Microsoft-HTTPAPI/2.0
      strict-transport-security:
      - max-age=31536000; includeSubDomains
      transfer-encoding:
      - chunked
      vary:
      - Accept-Encoding
      x-content-type-options:
      - nosniff
      x-ms-arm-service-request-id:
      - 9cf19fca-2be8-4a10-b5be-cc5ee243492f
    status:
      code: 200
      message: OK
- request:
    body: null
    headers:
      Accept:
      - '*/*'
      Accept-Encoding:
      - gzip, deflate
      CommandName:
      - network private-endpoint create
      Connection:
      - keep-alive
      ParameterSetName:
      - -g -n --vnet-name --subnet --connection-name --private-connection-resource-id
        --group-id --manual-request
      User-Agent:
      - AZURECLI/2.51.0 (AAZ) azsdk-python-core/1.26.0 Python/3.9.5 (Windows-10-10.0.22621-SP0)
    method: GET
    uri: https://management.azure.com/subscriptions/00000000-0000-0000-0000-000000000000/providers/Microsoft.Network/locations/eastus/operations/8f1c2bb4-5472-44d5-9e5c-dabe3b3c5e2f?api-version=2022-01-01
  response:
    body:
      string: "{\r\n  \"status\": \"Succeeded\"\r\n}"
    headers:
      cache-control:
      - no-cache
      content-length:
      - '29'
      content-type:
      - application/json; charset=utf-8
      date:
      - Thu, 07 Sep 2023 02:43:37 GMT
      expires:
      - '-1'
      pragma:
      - no-cache
      server:
      - Microsoft-HTTPAPI/2.0
      - Microsoft-HTTPAPI/2.0
      strict-transport-security:
      - max-age=31536000; includeSubDomains
      transfer-encoding:
      - chunked
      vary:
      - Accept-Encoding
      x-content-type-options:
      - nosniff
      x-ms-arm-service-request-id:
      - 59553068-51c3-426b-8189-6280ac5b83dc
    status:
      code: 200
      message: OK
- request:
    body: null
    headers:
      Accept:
      - '*/*'
      Accept-Encoding:
      - gzip, deflate
      CommandName:
      - network private-endpoint create
      Connection:
      - keep-alive
      ParameterSetName:
      - -g -n --vnet-name --subnet --connection-name --private-connection-resource-id
        --group-id --manual-request
      User-Agent:
      - AZURECLI/2.51.0 (AAZ) azsdk-python-core/1.26.0 Python/3.9.5 (Windows-10-10.0.22621-SP0)
    method: GET
    uri: https://management.azure.com/subscriptions/00000000-0000-0000-0000-000000000000/resourceGroups/test_search_service_private_endpoint_000001/providers/Microsoft.Network/privateEndpoints/cli-pe-000006?api-version=2022-01-01
  response:
    body:
      string: "{\r\n  \"name\": \"cli-pe-000006\",\r\n  \"id\": \"/subscriptions/00000000-0000-0000-0000-000000000000/resourceGroups/test_search_service_private_endpoint_000001/providers/Microsoft.Network/privateEndpoints/cli-pe-000006\",\r\n
        \ \"etag\": \"W/\\\"aab0829b-b9db-460f-ac6a-7690e28771a0\\\"\",\r\n  \"type\":
        \"Microsoft.Network/privateEndpoints\",\r\n  \"location\": \"eastus\",\r\n
        \ \"properties\": {\r\n    \"provisioningState\": \"Succeeded\",\r\n    \"resourceGuid\":
        \"93a32756-149e-4d9b-a5b5-222f77fa4ed4\",\r\n    \"privateLinkServiceConnections\":
        [],\r\n    \"manualPrivateLinkServiceConnections\": [\r\n      {\r\n        \"name\":
        \"cli-pec-000007\",\r\n        \"id\": \"/subscriptions/00000000-0000-0000-0000-000000000000/resourceGroups/test_search_service_private_endpoint_000001/providers/Microsoft.Network/privateEndpoints/cli-pe-000006/manualPrivateLinkServiceConnections/cli-pec-000007\",\r\n
        \       \"etag\": \"W/\\\"aab0829b-b9db-460f-ac6a-7690e28771a0\\\"\",\r\n
        \       \"properties\": {\r\n          \"provisioningState\": \"Succeeded\",\r\n
        \         \"privateLinkServiceId\": \"/subscriptions/00000000-0000-0000-0000-000000000000/resourceGroups/test_search_service_private_endpoint_000001/providers/Microsoft.Search/searchServices/cli-test-azs-000002\",\r\n
        \         \"groupIds\": [\r\n            \"searchService\"\r\n          ],\r\n
        \         \"privateLinkServiceConnectionState\": {\r\n            \"status\":
        \"Pending\",\r\n            \"description\": \"\",\r\n            \"actionsRequired\":
        \"None\"\r\n          }\r\n        },\r\n        \"type\": \"Microsoft.Network/privateEndpoints/manualPrivateLinkServiceConnections\"\r\n
        \     }\r\n    ],\r\n    \"customNetworkInterfaceName\": \"\",\r\n    \"subnet\":
        {\r\n      \"id\": \"/subscriptions/00000000-0000-0000-0000-000000000000/resourceGroups/test_search_service_private_endpoint_000001/providers/Microsoft.Network/virtualNetworks/cli-vnet-000004/subnets/cli-subnet-000005\"\r\n
        \   },\r\n    \"ipConfigurations\": [],\r\n    \"networkInterfaces\": [\r\n
        \     {\r\n        \"id\": \"/subscriptions/00000000-0000-0000-0000-000000000000/resourceGroups/test_search_service_private_endpoint_000001/providers/Microsoft.Network/networkInterfaces/cli-pe-000006.nic.22b61d52-9b4c-44ba-a605-2f2c674021f9\"\r\n
        \     }\r\n    ],\r\n    \"customDnsConfigs\": []\r\n  }\r\n}"
    headers:
      cache-control:
      - no-cache
      content-length:
      - '2155'
      content-type:
      - application/json; charset=utf-8
      date:
      - Thu, 07 Sep 2023 02:43:38 GMT
      etag:
      - W/"aab0829b-b9db-460f-ac6a-7690e28771a0"
      expires:
      - '-1'
      pragma:
      - no-cache
      server:
      - Microsoft-HTTPAPI/2.0
      - Microsoft-HTTPAPI/2.0
      strict-transport-security:
      - max-age=31536000; includeSubDomains
      transfer-encoding:
      - chunked
      vary:
      - Accept-Encoding
      x-content-type-options:
      - nosniff
      x-ms-arm-service-request-id:
      - 78f3fff9-8e35-4e8b-a53c-4679e95a9d8f
    status:
      code: 200
      message: OK
- request:
    body: null
    headers:
      Accept:
      - '*/*'
      Accept-Encoding:
      - gzip, deflate
      CommandName:
      - network private-endpoint-connection list
      Connection:
      - keep-alive
      ParameterSetName:
      - --name --resource-group --type
      User-Agent:
      - python/3.9.5 (Windows-10-10.0.22621-SP0) AZURECLI/2.51.0
    method: GET
    uri: https://management.azure.com/subscriptions/00000000-0000-0000-0000-000000000000/resourceGroups/test_search_service_private_endpoint_000001/providers/Microsoft.Search/searchServices/cli-test-azs-000002/privateEndpointConnections?api-version=2020-08-01
  response:
    body:
      string: '{"value":[{"id":"/subscriptions/00000000-0000-0000-0000-000000000000/resourceGroups/test_search_service_private_endpoint_000001/providers/Microsoft.Search/searchServices/cli-test-azs-000002/privateEndpointConnections/cli-pe-000006.93a32756-149e-4d9b-a5b5-222f77fa4ed4","name":"cli-pe-000006.93a32756-149e-4d9b-a5b5-222f77fa4ed4","type":"Microsoft.Search/searchServices/privateEndpointConnections","properties":{"privateEndpoint":{"id":"/subscriptions/00000000-0000-0000-0000-000000000000/resourceGroups/test_search_service_private_endpoint_000001/providers/Microsoft.Network/privateEndpoints/cli-pe-000006"},"privateLinkServiceConnectionState":{"status":"Pending","description":null,"actionsRequired":"None"},"provisioningState":"Succeeded","groupId":"searchService"}}],"nextLink":null}'
    headers:
      cache-control:
      - no-cache
      content-length:
      - '786'
      content-type:
      - application/json; charset=utf-8
      date:
      - Thu, 07 Sep 2023 02:43:41 GMT
      elapsed-time:
      - '184'
      expires:
      - '-1'
      pragma:
      - no-cache
      request-id:
      - 88a72bde-2196-4c54-be29-27591db2d676
      strict-transport-security:
      - max-age=31536000; includeSubDomains
      transfer-encoding:
      - chunked
      vary:
      - Accept-Encoding,Accept-Encoding
      x-content-type-options:
      - nosniff
    status:
      code: 200
      message: OK
- request:
    body: null
    headers:
      Accept:
      - '*/*'
      Accept-Encoding:
      - gzip, deflate
      CommandName:
      - network private-endpoint-connection show
      Connection:
      - keep-alive
      ParameterSetName:
      - --id
      User-Agent:
      - python/3.9.5 (Windows-10-10.0.22621-SP0) AZURECLI/2.51.0
    method: GET
    uri: https://management.azure.com/subscriptions/00000000-0000-0000-0000-000000000000/resourceGroups/test_search_service_private_endpoint_000001/providers/Microsoft.Search/searchServices/cli-test-azs-000002/privateEndpointConnections/cli-pe-000006.93a32756-149e-4d9b-a5b5-222f77fa4ed4?api-version=2020-08-01
  response:
    body:
      string: '{"id":"/subscriptions/00000000-0000-0000-0000-000000000000/resourceGroups/test_search_service_private_endpoint_000001/providers/Microsoft.Search/searchServices/cli-test-azs-000002/privateEndpointConnections/cli-pe-000006.93a32756-149e-4d9b-a5b5-222f77fa4ed4","name":"cli-pe-000006.93a32756-149e-4d9b-a5b5-222f77fa4ed4","type":"Microsoft.Search/searchServices/privateEndpointConnections","properties":{"privateEndpoint":{"id":"/subscriptions/00000000-0000-0000-0000-000000000000/resourceGroups/test_search_service_private_endpoint_000001/providers/Microsoft.Network/privateEndpoints/cli-pe-000006"},"privateLinkServiceConnectionState":{"status":"Pending","description":null,"actionsRequired":"None"},"provisioningState":"Succeeded","groupId":"searchService"}}'
    headers:
      cache-control:
      - no-cache
      content-length:
      - '758'
      content-type:
      - application/json; charset=utf-8
      date:
      - Thu, 07 Sep 2023 02:43:44 GMT
      elapsed-time:
      - '68'
      expires:
      - '-1'
      pragma:
      - no-cache
      request-id:
      - f9e03b11-ac45-4396-a4f2-0579aa3a9026
      strict-transport-security:
      - max-age=31536000; includeSubDomains
      transfer-encoding:
      - chunked
      vary:
      - Accept-Encoding,Accept-Encoding
      x-content-type-options:
      - nosniff
    status:
      code: 200
      message: OK
- request:
    body: null
    headers:
      Accept:
      - '*/*'
      Accept-Encoding:
      - gzip, deflate
      CommandName:
      - network private-endpoint-connection show
      Connection:
      - keep-alive
      ParameterSetName:
      - --resource-name --name --resource-group --type
      User-Agent:
      - python/3.9.5 (Windows-10-10.0.22621-SP0) AZURECLI/2.51.0
    method: GET
    uri: https://management.azure.com/subscriptions/00000000-0000-0000-0000-000000000000/resourceGroups/test_search_service_private_endpoint_000001/providers/Microsoft.Search/searchServices/cli-test-azs-000002/privateEndpointConnections/cli-pe-000006.93a32756-149e-4d9b-a5b5-222f77fa4ed4?api-version=2020-08-01
  response:
    body:
      string: '{"id":"/subscriptions/00000000-0000-0000-0000-000000000000/resourceGroups/test_search_service_private_endpoint_000001/providers/Microsoft.Search/searchServices/cli-test-azs-000002/privateEndpointConnections/cli-pe-000006.93a32756-149e-4d9b-a5b5-222f77fa4ed4","name":"cli-pe-000006.93a32756-149e-4d9b-a5b5-222f77fa4ed4","type":"Microsoft.Search/searchServices/privateEndpointConnections","properties":{"privateEndpoint":{"id":"/subscriptions/00000000-0000-0000-0000-000000000000/resourceGroups/test_search_service_private_endpoint_000001/providers/Microsoft.Network/privateEndpoints/cli-pe-000006"},"privateLinkServiceConnectionState":{"status":"Pending","description":null,"actionsRequired":"None"},"provisioningState":"Succeeded","groupId":"searchService"}}'
    headers:
      cache-control:
      - no-cache
      content-length:
      - '758'
      content-type:
      - application/json; charset=utf-8
      date:
      - Thu, 07 Sep 2023 02:43:46 GMT
      elapsed-time:
      - '55'
      expires:
      - '-1'
      pragma:
      - no-cache
      request-id:
      - 676b2cb8-c289-4f70-856f-628476348dac
      strict-transport-security:
      - max-age=31536000; includeSubDomains
      transfer-encoding:
      - chunked
      vary:
      - Accept-Encoding,Accept-Encoding
      x-content-type-options:
      - nosniff
    status:
      code: 200
      message: OK
- request:
    body: null
    headers:
      Accept:
      - '*/*'
      Accept-Encoding:
      - gzip, deflate
      CommandName:
      - network private-endpoint-connection approve
      Connection:
      - keep-alive
      ParameterSetName:
      - --resource-name --resource-group --name --type --description
      User-Agent:
      - python/3.9.5 (Windows-10-10.0.22621-SP0) AZURECLI/2.51.0
    method: GET
    uri: https://management.azure.com/subscriptions/00000000-0000-0000-0000-000000000000/resourceGroups/test_search_service_private_endpoint_000001/providers/Microsoft.Search/searchServices/cli-test-azs-000002/privateEndpointConnections/cli-pe-000006.93a32756-149e-4d9b-a5b5-222f77fa4ed4?api-version=2020-08-01
  response:
    body:
      string: '{"id":"/subscriptions/00000000-0000-0000-0000-000000000000/resourceGroups/test_search_service_private_endpoint_000001/providers/Microsoft.Search/searchServices/cli-test-azs-000002/privateEndpointConnections/cli-pe-000006.93a32756-149e-4d9b-a5b5-222f77fa4ed4","name":"cli-pe-000006.93a32756-149e-4d9b-a5b5-222f77fa4ed4","type":"Microsoft.Search/searchServices/privateEndpointConnections","properties":{"privateEndpoint":{"id":"/subscriptions/00000000-0000-0000-0000-000000000000/resourceGroups/test_search_service_private_endpoint_000001/providers/Microsoft.Network/privateEndpoints/cli-pe-000006"},"privateLinkServiceConnectionState":{"status":"Pending","description":null,"actionsRequired":"None"},"provisioningState":"Succeeded","groupId":"searchService"}}'
    headers:
      cache-control:
      - no-cache
      content-length:
      - '758'
      content-type:
      - application/json; charset=utf-8
      date:
      - Thu, 07 Sep 2023 02:43:48 GMT
      elapsed-time:
      - '66'
      expires:
      - '-1'
      pragma:
      - no-cache
      request-id:
      - ae7a51ee-a6e1-49cb-93bc-e014efd44e97
      strict-transport-security:
      - max-age=31536000; includeSubDomains
      transfer-encoding:
      - chunked
      vary:
      - Accept-Encoding,Accept-Encoding
      x-content-type-options:
      - nosniff
    status:
      code: 200
      message: OK
- request:
    body: '{"id": "/subscriptions/00000000-0000-0000-0000-000000000000/resourceGroups/test_search_service_private_endpoint_000001/providers/Microsoft.Search/searchServices/cli-test-azs-000002/privateEndpointConnections/cli-pe-000006.93a32756-149e-4d9b-a5b5-222f77fa4ed4",
      "name": "cli-pe-000006.93a32756-149e-4d9b-a5b5-222f77fa4ed4", "type": "Microsoft.Search/searchServices/privateEndpointConnections",
      "properties": {"privateEndpoint": {"id": "/subscriptions/00000000-0000-0000-0000-000000000000/resourceGroups/test_search_service_private_endpoint_000001/providers/Microsoft.Network/privateEndpoints/cli-pe-000006"},
      "privateLinkServiceConnectionState": {"status": "Approved", "description": "Approved.",
      "actionsRequired": "None"}, "provisioningState": "Succeeded", "groupId": "searchService"}}'
    headers:
      Accept:
      - '*/*'
      Accept-Encoding:
      - gzip, deflate
      CommandName:
      - network private-endpoint-connection approve
      Connection:
      - keep-alive
      Content-Length:
      - '786'
      Content-Type:
      - application/json
      ParameterSetName:
      - --resource-name --resource-group --name --type --description
      User-Agent:
      - python/3.9.5 (Windows-10-10.0.22621-SP0) AZURECLI/2.51.0
    method: PUT
    uri: https://management.azure.com/subscriptions/00000000-0000-0000-0000-000000000000/resourceGroups/test_search_service_private_endpoint_000001/providers/Microsoft.Search/searchServices/cli-test-azs-000002/privateEndpointConnections/cli-pe-000006.93a32756-149e-4d9b-a5b5-222f77fa4ed4?api-version=2020-08-01
  response:
    body:
      string: '{"id":"/subscriptions/00000000-0000-0000-0000-000000000000/resourceGroups/test_search_service_private_endpoint_000001/providers/Microsoft.Search/searchServices/cli-test-azs-000002/privateEndpointConnections/cli-pe-000006.93a32756-149e-4d9b-a5b5-222f77fa4ed4","name":"cli-pe-000006.93a32756-149e-4d9b-a5b5-222f77fa4ed4","type":"Microsoft.Search/searchServices/privateEndpointConnections","properties":{"privateEndpoint":{"id":"/subscriptions/00000000-0000-0000-0000-000000000000/resourceGroups/test_search_service_private_endpoint_000001/providers/Microsoft.Network/privateEndpoints/cli-pe-000006"},"privateLinkServiceConnectionState":{"status":"Approved","description":"Approved.","actionsRequired":"None"},"provisioningState":"Succeeded","groupId":"searchService"}}'
    headers:
      cache-control:
      - no-cache
      content-length:
      - '766'
      content-type:
      - application/json; charset=utf-8
      date:
      - Thu, 07 Sep 2023 02:43:51 GMT
      elapsed-time:
      - '703'
      expires:
      - '-1'
      pragma:
      - no-cache
      request-id:
      - c92c93a2-e706-4fc6-9cf0-30edb50e786e
      strict-transport-security:
      - max-age=31536000; includeSubDomains
      transfer-encoding:
      - chunked
      vary:
      - Accept-Encoding,Accept-Encoding
      x-content-type-options:
      - nosniff
      x-ms-ratelimit-remaining-subscription-writes:
      - '1199'
    status:
      code: 200
      message: OK
- request:
    body: null
    headers:
      Accept:
      - '*/*'
      Accept-Encoding:
      - gzip, deflate
      CommandName:
      - network private-endpoint-connection approve
      Connection:
      - keep-alive
      ParameterSetName:
      - --resource-name --resource-group --name --type --description
      User-Agent:
      - python/3.9.5 (Windows-10-10.0.22621-SP0) AZURECLI/2.51.0
    method: GET
    uri: https://management.azure.com/subscriptions/00000000-0000-0000-0000-000000000000/resourceGroups/test_search_service_private_endpoint_000001/providers/Microsoft.Search/searchServices/cli-test-azs-000002/privateEndpointConnections/cli-pe-000006.93a32756-149e-4d9b-a5b5-222f77fa4ed4?api-version=2020-08-01
  response:
    body:
      string: '{"id":"/subscriptions/00000000-0000-0000-0000-000000000000/resourceGroups/test_search_service_private_endpoint_000001/providers/Microsoft.Search/searchServices/cli-test-azs-000002/privateEndpointConnections/cli-pe-000006.93a32756-149e-4d9b-a5b5-222f77fa4ed4","name":"cli-pe-000006.93a32756-149e-4d9b-a5b5-222f77fa4ed4","type":"Microsoft.Search/searchServices/privateEndpointConnections","properties":{"privateEndpoint":{"id":"/subscriptions/00000000-0000-0000-0000-000000000000/resourceGroups/test_search_service_private_endpoint_000001/providers/Microsoft.Network/privateEndpoints/cli-pe-000006"},"privateLinkServiceConnectionState":{"status":"Approved","description":"Approved.","actionsRequired":"None"},"provisioningState":"Succeeded","groupId":"searchService"}}'
    headers:
      cache-control:
      - no-cache
      content-length:
      - '766'
      content-type:
      - application/json; charset=utf-8
      date:
      - Thu, 07 Sep 2023 02:44:04 GMT
      elapsed-time:
      - '63'
      expires:
      - '-1'
      pragma:
      - no-cache
      request-id:
      - 1a6f02ed-b666-447f-afdb-80fbcd7b9140
      strict-transport-security:
      - max-age=31536000; includeSubDomains
      transfer-encoding:
      - chunked
      vary:
      - Accept-Encoding,Accept-Encoding
      x-content-type-options:
      - nosniff
    status:
      code: 200
      message: OK
- request:
    body: null
    headers:
      Accept:
      - '*/*'
      Accept-Encoding:
      - gzip, deflate
      CommandName:
      - network private-endpoint-connection reject
      Connection:
      - keep-alive
      ParameterSetName:
      - --id --description
      User-Agent:
      - python/3.9.5 (Windows-10-10.0.22621-SP0) AZURECLI/2.51.0
    method: GET
    uri: https://management.azure.com/subscriptions/00000000-0000-0000-0000-000000000000/resourceGroups/test_search_service_private_endpoint_000001/providers/Microsoft.Search/searchServices/cli-test-azs-000002/privateEndpointConnections/cli-pe-000006.93a32756-149e-4d9b-a5b5-222f77fa4ed4?api-version=2020-08-01
  response:
    body:
      string: '{"id":"/subscriptions/00000000-0000-0000-0000-000000000000/resourceGroups/test_search_service_private_endpoint_000001/providers/Microsoft.Search/searchServices/cli-test-azs-000002/privateEndpointConnections/cli-pe-000006.93a32756-149e-4d9b-a5b5-222f77fa4ed4","name":"cli-pe-000006.93a32756-149e-4d9b-a5b5-222f77fa4ed4","type":"Microsoft.Search/searchServices/privateEndpointConnections","properties":{"privateEndpoint":{"id":"/subscriptions/00000000-0000-0000-0000-000000000000/resourceGroups/test_search_service_private_endpoint_000001/providers/Microsoft.Network/privateEndpoints/cli-pe-000006"},"privateLinkServiceConnectionState":{"status":"Approved","description":"Approved.","actionsRequired":"None"},"provisioningState":"Succeeded","groupId":"searchService"}}'
    headers:
      cache-control:
      - no-cache
      content-length:
      - '766'
      content-type:
      - application/json; charset=utf-8
      date:
      - Thu, 07 Sep 2023 02:44:06 GMT
      elapsed-time:
      - '79'
      expires:
      - '-1'
      pragma:
      - no-cache
      request-id:
      - 160346ed-c69e-4c62-8289-3ed9d735497c
      strict-transport-security:
      - max-age=31536000; includeSubDomains
      transfer-encoding:
      - chunked
      vary:
      - Accept-Encoding,Accept-Encoding
      x-content-type-options:
      - nosniff
    status:
      code: 200
      message: OK
- request:
    body: '{"id": "/subscriptions/00000000-0000-0000-0000-000000000000/resourceGroups/test_search_service_private_endpoint_000001/providers/Microsoft.Search/searchServices/cli-test-azs-000002/privateEndpointConnections/cli-pe-000006.93a32756-149e-4d9b-a5b5-222f77fa4ed4",
      "name": "cli-pe-000006.93a32756-149e-4d9b-a5b5-222f77fa4ed4", "type": "Microsoft.Search/searchServices/privateEndpointConnections",
      "properties": {"privateEndpoint": {"id": "/subscriptions/00000000-0000-0000-0000-000000000000/resourceGroups/test_search_service_private_endpoint_000001/providers/Microsoft.Network/privateEndpoints/cli-pe-000006"},
      "privateLinkServiceConnectionState": {"status": "Rejected", "description": "Rejected.",
      "actionsRequired": "None"}, "provisioningState": "Succeeded", "groupId": "searchService"}}'
    headers:
      Accept:
      - '*/*'
      Accept-Encoding:
      - gzip, deflate
      CommandName:
      - network private-endpoint-connection reject
      Connection:
      - keep-alive
      Content-Length:
      - '786'
      Content-Type:
      - application/json
      ParameterSetName:
      - --id --description
      User-Agent:
      - python/3.9.5 (Windows-10-10.0.22621-SP0) AZURECLI/2.51.0
    method: PUT
    uri: https://management.azure.com/subscriptions/00000000-0000-0000-0000-000000000000/resourceGroups/test_search_service_private_endpoint_000001/providers/Microsoft.Search/searchServices/cli-test-azs-000002/privateEndpointConnections/cli-pe-000006.93a32756-149e-4d9b-a5b5-222f77fa4ed4?api-version=2020-08-01
  response:
    body:
      string: '{"id":"/subscriptions/00000000-0000-0000-0000-000000000000/resourceGroups/test_search_service_private_endpoint_000001/providers/Microsoft.Search/searchServices/cli-test-azs-000002/privateEndpointConnections/cli-pe-000006.93a32756-149e-4d9b-a5b5-222f77fa4ed4","name":"cli-pe-000006.93a32756-149e-4d9b-a5b5-222f77fa4ed4","type":"Microsoft.Search/searchServices/privateEndpointConnections","properties":{"privateEndpoint":{"id":"/subscriptions/00000000-0000-0000-0000-000000000000/resourceGroups/test_search_service_private_endpoint_000001/providers/Microsoft.Network/privateEndpoints/cli-pe-000006"},"privateLinkServiceConnectionState":{"status":"Rejected","description":"Rejected.","actionsRequired":"None"},"provisioningState":"Succeeded","groupId":"searchService"}}'
    headers:
      cache-control:
      - no-cache
      content-length:
      - '766'
      content-type:
      - application/json; charset=utf-8
      date:
      - Thu, 07 Sep 2023 02:44:08 GMT
      elapsed-time:
      - '888'
      expires:
      - '-1'
      pragma:
      - no-cache
      request-id:
      - 4329a215-0b3e-4af7-9faa-c60103375234
      strict-transport-security:
      - max-age=31536000; includeSubDomains
      transfer-encoding:
      - chunked
      vary:
      - Accept-Encoding,Accept-Encoding
      x-content-type-options:
      - nosniff
      x-ms-ratelimit-remaining-subscription-writes:
      - '1199'
    status:
      code: 200
      message: OK
- request:
    body: null
    headers:
      Accept:
      - '*/*'
      Accept-Encoding:
      - gzip, deflate
      CommandName:
      - network private-endpoint-connection reject
      Connection:
      - keep-alive
      ParameterSetName:
      - --id --description
      User-Agent:
      - python/3.9.5 (Windows-10-10.0.22621-SP0) AZURECLI/2.51.0
    method: GET
    uri: https://management.azure.com/subscriptions/00000000-0000-0000-0000-000000000000/resourceGroups/test_search_service_private_endpoint_000001/providers/Microsoft.Search/searchServices/cli-test-azs-000002/privateEndpointConnections/cli-pe-000006.93a32756-149e-4d9b-a5b5-222f77fa4ed4?api-version=2020-08-01
  response:
    body:
      string: '{"id":"/subscriptions/00000000-0000-0000-0000-000000000000/resourceGroups/test_search_service_private_endpoint_000001/providers/Microsoft.Search/searchServices/cli-test-azs-000002/privateEndpointConnections/cli-pe-000006.93a32756-149e-4d9b-a5b5-222f77fa4ed4","name":"cli-pe-000006.93a32756-149e-4d9b-a5b5-222f77fa4ed4","type":"Microsoft.Search/searchServices/privateEndpointConnections","properties":{"privateEndpoint":{"id":"/subscriptions/00000000-0000-0000-0000-000000000000/resourceGroups/test_search_service_private_endpoint_000001/providers/Microsoft.Network/privateEndpoints/cli-pe-000006"},"privateLinkServiceConnectionState":{"status":"Rejected","description":"Rejected.","actionsRequired":"None"},"provisioningState":"Succeeded","groupId":"searchService"}}'
    headers:
      cache-control:
      - no-cache
      content-length:
      - '766'
      content-type:
      - application/json; charset=utf-8
      date:
      - Thu, 07 Sep 2023 02:44:19 GMT
      elapsed-time:
      - '59'
      expires:
      - '-1'
      pragma:
      - no-cache
      request-id:
      - 51fb3687-6f5e-4a66-a325-0884b2199bcd
      strict-transport-security:
      - max-age=31536000; includeSubDomains
      transfer-encoding:
      - chunked
      vary:
      - Accept-Encoding,Accept-Encoding
      x-content-type-options:
      - nosniff
    status:
      code: 200
      message: OK
- request:
    body: null
    headers:
      Accept:
      - '*/*'
      Accept-Encoding:
      - gzip, deflate
      CommandName:
      - network private-endpoint-connection approve
      Connection:
      - keep-alive
      ParameterSetName:
      - --resource-name --resource-group --name --type --description
      User-Agent:
      - python/3.9.5 (Windows-10-10.0.22621-SP0) AZURECLI/2.51.0
    method: GET
    uri: https://management.azure.com/subscriptions/00000000-0000-0000-0000-000000000000/resourceGroups/test_search_service_private_endpoint_000001/providers/Microsoft.Search/searchServices/cli-test-azs-000002/privateEndpointConnections/cli-pe-000006.93a32756-149e-4d9b-a5b5-222f77fa4ed4?api-version=2020-08-01
  response:
    body:
      string: '{"id":"/subscriptions/00000000-0000-0000-0000-000000000000/resourceGroups/test_search_service_private_endpoint_000001/providers/Microsoft.Search/searchServices/cli-test-azs-000002/privateEndpointConnections/cli-pe-000006.93a32756-149e-4d9b-a5b5-222f77fa4ed4","name":"cli-pe-000006.93a32756-149e-4d9b-a5b5-222f77fa4ed4","type":"Microsoft.Search/searchServices/privateEndpointConnections","properties":{"privateEndpoint":{"id":"/subscriptions/00000000-0000-0000-0000-000000000000/resourceGroups/test_search_service_private_endpoint_000001/providers/Microsoft.Network/privateEndpoints/cli-pe-000006"},"privateLinkServiceConnectionState":{"status":"Rejected","description":"Rejected.","actionsRequired":"None"},"provisioningState":"Succeeded","groupId":"searchService"}}'
    headers:
      cache-control:
      - no-cache
      content-length:
      - '766'
      content-type:
      - application/json; charset=utf-8
      date:
      - Thu, 07 Sep 2023 02:44:22 GMT
      elapsed-time:
      - '75'
      expires:
      - '-1'
      pragma:
      - no-cache
      request-id:
      - ca37d025-5bdc-4e01-9ad9-18825becea02
      strict-transport-security:
      - max-age=31536000; includeSubDomains
      transfer-encoding:
      - chunked
      vary:
      - Accept-Encoding,Accept-Encoding
      x-content-type-options:
      - nosniff
    status:
      code: 200
      message: OK
- request:
    body: '{"id": "/subscriptions/00000000-0000-0000-0000-000000000000/resourceGroups/test_search_service_private_endpoint_000001/providers/Microsoft.Search/searchServices/cli-test-azs-000002/privateEndpointConnections/cli-pe-000006.93a32756-149e-4d9b-a5b5-222f77fa4ed4",
      "name": "cli-pe-000006.93a32756-149e-4d9b-a5b5-222f77fa4ed4", "type": "Microsoft.Search/searchServices/privateEndpointConnections",
      "properties": {"privateEndpoint": {"id": "/subscriptions/00000000-0000-0000-0000-000000000000/resourceGroups/test_search_service_private_endpoint_000001/providers/Microsoft.Network/privateEndpoints/cli-pe-000006"},
      "privateLinkServiceConnectionState": {"status": "Approved", "description": "Approved.",
      "actionsRequired": "None"}, "provisioningState": "Succeeded", "groupId": "searchService"}}'
    headers:
      Accept:
      - '*/*'
      Accept-Encoding:
      - gzip, deflate
      CommandName:
      - network private-endpoint-connection approve
      Connection:
      - keep-alive
      Content-Length:
      - '786'
      Content-Type:
      - application/json
      ParameterSetName:
      - --resource-name --resource-group --name --type --description
      User-Agent:
      - python/3.9.5 (Windows-10-10.0.22621-SP0) AZURECLI/2.51.0
    method: PUT
    uri: https://management.azure.com/subscriptions/00000000-0000-0000-0000-000000000000/resourceGroups/test_search_service_private_endpoint_000001/providers/Microsoft.Search/searchServices/cli-test-azs-000002/privateEndpointConnections/cli-pe-000006.93a32756-149e-4d9b-a5b5-222f77fa4ed4?api-version=2020-08-01
  response:
    body:
      string: '{"error":{"code":"OperationNotAllowed","message":"Could not update
        Private Endpoint connection status from ''Rejected'' to ''Approved'': cli-pe-000006.
        RequestId: 34403234-b3a0-479c-bbac-cfcf06876cdc","target":null,"details":null}}'
    headers:
      cache-control:
      - no-cache
      content-language:
      - en
      content-length:
      - '227'
      content-type:
      - application/json; charset=utf-8
      date:
      - Thu, 07 Sep 2023 02:44:24 GMT
      elapsed-time:
      - '66'
      expires:
      - '-1'
      pragma:
      - no-cache
      request-id:
      - aa784e92-25d6-4d4f-a8cb-ce1b9ba18e88
      strict-transport-security:
      - max-age=31536000; includeSubDomains
      x-content-type-options:
      - nosniff
      x-ms-ratelimit-remaining-subscription-writes:
      - '1198'
    status:
      code: 400
      message: Bad Request
- request:
    body: null
    headers:
      Accept:
      - '*/*'
      Accept-Encoding:
      - gzip, deflate
      CommandName:
      - network private-endpoint-connection list
      Connection:
      - keep-alive
      ParameterSetName:
      - --name --resource-group --type
      User-Agent:
      - python/3.9.5 (Windows-10-10.0.22621-SP0) AZURECLI/2.51.0
    method: GET
    uri: https://management.azure.com/subscriptions/00000000-0000-0000-0000-000000000000/resourceGroups/test_search_service_private_endpoint_000001/providers/Microsoft.Search/searchServices/cli-test-azs-000002/privateEndpointConnections?api-version=2020-08-01
  response:
    body:
      string: '{"value":[{"id":"/subscriptions/00000000-0000-0000-0000-000000000000/resourceGroups/test_search_service_private_endpoint_000001/providers/Microsoft.Search/searchServices/cli-test-azs-000002/privateEndpointConnections/cli-pe-000006.93a32756-149e-4d9b-a5b5-222f77fa4ed4","name":"cli-pe-000006.93a32756-149e-4d9b-a5b5-222f77fa4ed4","type":"Microsoft.Search/searchServices/privateEndpointConnections","properties":{"privateEndpoint":{"id":"/subscriptions/00000000-0000-0000-0000-000000000000/resourceGroups/test_search_service_private_endpoint_000001/providers/Microsoft.Network/privateEndpoints/cli-pe-000006"},"privateLinkServiceConnectionState":{"status":"Rejected","description":"Rejected.","actionsRequired":"None"},"provisioningState":"Succeeded","groupId":"searchService"}}],"nextLink":null}'
    headers:
      cache-control:
      - no-cache
      content-length:
      - '794'
      content-type:
      - application/json; charset=utf-8
      date:
      - Thu, 07 Sep 2023 02:44:27 GMT
      elapsed-time:
      - '78'
      expires:
      - '-1'
      pragma:
      - no-cache
      request-id:
      - 5a18f91b-4b0a-487d-ad72-445d8f738565
      strict-transport-security:
      - max-age=31536000; includeSubDomains
      transfer-encoding:
      - chunked
      vary:
      - Accept-Encoding,Accept-Encoding
      x-content-type-options:
      - nosniff
    status:
      code: 200
      message: OK
- request:
    body: null
    headers:
      Accept:
      - '*/*'
      Accept-Encoding:
      - gzip, deflate
      CommandName:
      - network private-endpoint-connection delete
      Connection:
      - keep-alive
      Content-Length:
      - '0'
      ParameterSetName:
      - --id -y
      User-Agent:
      - python/3.9.5 (Windows-10-10.0.22621-SP0) AZURECLI/2.51.0
    method: DELETE
    uri: https://management.azure.com/subscriptions/00000000-0000-0000-0000-000000000000/resourceGroups/test_search_service_private_endpoint_000001/providers/Microsoft.Search/searchServices/cli-test-azs-000002/privateEndpointConnections/cli-pe-000006.93a32756-149e-4d9b-a5b5-222f77fa4ed4?api-version=2020-08-01
  response:
    body:
      string: '{"id":"/subscriptions/00000000-0000-0000-0000-000000000000/resourceGroups/test_search_service_private_endpoint_000001/providers/Microsoft.Search/searchServices/cli-test-azs-000002/privateEndpointConnections/cli-pe-000006.93a32756-149e-4d9b-a5b5-222f77fa4ed4","name":"cli-pe-000006.93a32756-149e-4d9b-a5b5-222f77fa4ed4","type":"Microsoft.Search/searchServices/privateEndpointConnections","properties":{"privateEndpoint":{"id":"/subscriptions/00000000-0000-0000-0000-000000000000/resourceGroups/test_search_service_private_endpoint_000001/providers/Microsoft.Network/privateEndpoints/cli-pe-000006"},"privateLinkServiceConnectionState":{"status":"Disconnected","description":"Remove
        request from customer.","actionsRequired":"None"},"provisioningState":"Succeeded","groupId":"searchService"}}'
    headers:
      cache-control:
      - no-cache
      content-length:
      - '790'
      content-type:
      - application/json; charset=utf-8
      date:
      - Thu, 07 Sep 2023 02:44:32 GMT
      elapsed-time:
      - '1165'
      expires:
      - '-1'
      pragma:
      - no-cache
      request-id:
      - d8e48ba4-e62e-4643-8785-d2d3e0cf996d
      strict-transport-security:
      - max-age=31536000; includeSubDomains
      transfer-encoding:
      - chunked
      vary:
      - Accept-Encoding,Accept-Encoding
      x-content-type-options:
      - nosniff
      x-ms-ratelimit-remaining-subscription-deletes:
      - '14999'
    status:
      code: 200
      message: OK
version: 1
