interactions:
- request:
    body: null
    headers:
      Accept:
      - application/json
      Accept-Encoding:
      - gzip, deflate
      CommandName:
      - mariadb server create
      Connection:
      - keep-alive
      ParameterSetName:
      - -l -g -n -u -p --sku-name
      User-Agent:
      - AZURECLI/2.28.1 azsdk-python-azure-mgmt-resource/19.0.0 Python/3.8.3 (Windows-10-10.0.18362-SP0)
    method: HEAD
    uri: https://management.azure.com/subscriptions/00000000-0000-0000-0000-000000000000/resourcegroups/clitest.rg000001?api-version=2021-04-01
  response:
    body:
      string: ''
    headers:
      cache-control:
      - no-cache
      content-length:
      - '0'
      date:
      - Thu, 16 Sep 2021 04:42:23 GMT
      expires:
      - '-1'
      pragma:
      - no-cache
      strict-transport-security:
      - max-age=31536000; includeSubDomains
      x-content-type-options:
      - nosniff
    status:
      code: 204
      message: No Content
- request:
    body: '{"name": "azuredbclitest000002", "type": "Microsoft.DBforMariaDB"}'
    headers:
      Accept:
      - application/json
      Accept-Encoding:
      - gzip, deflate
      CommandName:
      - mariadb server create
      Connection:
      - keep-alive
      Content-Length:
      - '109'
      Content-Type:
      - application/json
      ParameterSetName:
      - -l -g -n -u -p --sku-name
      User-Agent:
      - AZURECLI/2.28.1 azsdk-python-mgmt-rdbms/9.1.0b1 Python/3.8.3 (Windows-10-10.0.18362-SP0)
    method: POST
    uri: https://management.azure.com/subscriptions/00000000-0000-0000-0000-000000000000/providers/Microsoft.DBForMariaDB/checkNameAvailability?api-version=2018-06-01
  response:
    body:
      string: '{"nameAvailable":true,"message":""}'
    headers:
      cache-control:
      - no-cache
      content-length:
      - '35'
      content-type:
      - application/json; charset=utf-8
      date:
      - Thu, 16 Sep 2021 04:42:26 GMT
      expires:
      - '-1'
      pragma:
      - no-cache
      server:
      - Microsoft-HTTPAPI/2.0
      strict-transport-security:
      - max-age=31536000; includeSubDomains
      transfer-encoding:
      - chunked
      vary:
      - Accept-Encoding
      x-content-type-options:
      - nosniff
      x-ms-ratelimit-remaining-subscription-writes:
      - '1199'
    status:
      code: 200
      message: OK
- request:
    body: '{"sku": {"name": "GP_Gen5_2"}, "properties": {"storageProfile": {"storageMB":
      51200, "storageAutogrow": "Enabled"}, "createMode": "Default", "administratorLogin":
      "cloudsa", "administratorLoginPassword": "SecretPassword123"}, "location": "westus"}'
    headers:
      Accept:
      - application/json
      Accept-Encoding:
      - gzip, deflate
      CommandName:
      - mariadb server create
      Connection:
      - keep-alive
      Content-Length:
      - '247'
      Content-Type:
      - application/json
      ParameterSetName:
      - -l -g -n -u -p --sku-name
      User-Agent:
      - AZURECLI/2.28.1 azsdk-python-mgmt-rdbms/9.1.0b1 Python/3.8.3 (Windows-10-10.0.18362-SP0)
    method: PUT
    uri: https://management.azure.com/subscriptions/00000000-0000-0000-0000-000000000000/resourceGroups/clitest.rg000001/providers/Microsoft.DBForMariaDB/servers/azuredbclitest000002?api-version=2018-06-01
  response:
    body:
      string: '{"operation":"UpsertElasticServer","startTime":"2021-09-16T04:42:31.06Z"}'
    headers:
      azure-asyncoperation:
      - https://management.azure.com/subscriptions/00000000-0000-0000-0000-000000000000/providers/Microsoft.DBforMariaDB/locations/westus/azureAsyncOperation/83a81a7e-aa83-42fd-9d77-6bd5bf2ffdac?api-version=2018-06-01
      cache-control:
      - no-cache
      content-length:
      - '73'
      content-type:
      - application/json; charset=utf-8
      date:
      - Thu, 16 Sep 2021 04:42:31 GMT
      expires:
      - '-1'
      location:
      - https://management.azure.com/subscriptions/00000000-0000-0000-0000-000000000000/providers/Microsoft.DBforMariaDB/locations/westus/operationResults/83a81a7e-aa83-42fd-9d77-6bd5bf2ffdac?api-version=2018-06-01
      pragma:
      - no-cache
      server:
      - Microsoft-HTTPAPI/2.0
      strict-transport-security:
      - max-age=31536000; includeSubDomains
      x-content-type-options:
      - nosniff
      x-ms-ratelimit-remaining-subscription-writes:
      - '1196'
    status:
      code: 202
      message: Accepted
- request:
    body: null
    headers:
      Accept:
      - '*/*'
      Accept-Encoding:
      - gzip, deflate
      CommandName:
      - mariadb server create
      Connection:
      - keep-alive
      ParameterSetName:
      - -l -g -n -u -p --sku-name
      User-Agent:
      - AZURECLI/2.28.1 azsdk-python-mgmt-rdbms/9.1.0b1 Python/3.8.3 (Windows-10-10.0.18362-SP0)
    method: GET
    uri: https://management.azure.com/subscriptions/00000000-0000-0000-0000-000000000000/providers/Microsoft.DBforMariaDB/locations/westus/azureAsyncOperation/83a81a7e-aa83-42fd-9d77-6bd5bf2ffdac?api-version=2018-06-01
  response:
    body:
      string: '{"name":"83a81a7e-aa83-42fd-9d77-6bd5bf2ffdac","status":"Succeeded","startTime":"2021-09-16T04:42:31.06Z"}'
    headers:
      cache-control:
      - no-cache
      content-length:
      - '106'
      content-type:
      - application/json; charset=utf-8
      date:
      - Thu, 16 Sep 2021 04:43:32 GMT
      expires:
      - '-1'
      pragma:
      - no-cache
      server:
      - Microsoft-HTTPAPI/2.0
      strict-transport-security:
      - max-age=31536000; includeSubDomains
      transfer-encoding:
      - chunked
      vary:
      - Accept-Encoding
      x-content-type-options:
      - nosniff
    status:
      code: 200
      message: OK
- request:
    body: null
    headers:
      Accept:
      - '*/*'
      Accept-Encoding:
      - gzip, deflate
      CommandName:
      - mariadb server create
      Connection:
      - keep-alive
      ParameterSetName:
      - -l -g -n -u -p --sku-name
      User-Agent:
      - AZURECLI/2.28.1 azsdk-python-mgmt-rdbms/9.1.0b1 Python/3.8.3 (Windows-10-10.0.18362-SP0)
    method: GET
    uri: https://management.azure.com/subscriptions/00000000-0000-0000-0000-000000000000/resourceGroups/clitest.rg000001/providers/Microsoft.DBForMariaDB/servers/azuredbclitest000002?api-version=2018-06-01
  response:
    body:
      string: '{"sku":{"name":"GP_Gen5_2","tier":"GeneralPurpose","family":"Gen5","capacity":2},"properties":{"administratorLogin":"cloudsa","storageProfile":{"storageMB":51200,"backupRetentionDays":7,"geoRedundantBackup":"Disabled","storageAutogrow":"Enabled"},"version":"10.2","sslEnforcement":"Enabled","minimalTlsVersion":"TLSEnforcementDisabled","userVisibleState":"Ready","fullyQualifiedDomainName":"azuredbclitest000002.mariadb.database.azure.com","earliestRestoreDate":"2021-09-16T04:52:31.34+00:00","replicationRole":"None","masterServerId":"","replicaCapacity":5,"byokEnforcement":"Disabled","infrastructureEncryption":"Disabled","privateEndpointConnections":[],"publicNetworkAccess":"Enabled"},"location":"westus","id":"/subscriptions/00000000-0000-0000-0000-000000000000/resourceGroups/clitest.rg000001/providers/Microsoft.DBforMariaDB/servers/azuredbclitest000002","name":"azuredbclitest000002","type":"Microsoft.DBforMariaDB/servers"}'
    headers:
      cache-control:
      - no-cache
      content-length:
      - '1121'
      content-type:
      - application/json; charset=utf-8
      date:
      - Thu, 16 Sep 2021 04:43:33 GMT
      expires:
      - '-1'
      pragma:
      - no-cache
      server:
      - Microsoft-HTTPAPI/2.0
      strict-transport-security:
      - max-age=31536000; includeSubDomains
      transfer-encoding:
      - chunked
      vary:
      - Accept-Encoding
      x-content-type-options:
      - nosniff
    status:
      code: 200
      message: OK
- request:
    body: null
    headers:
      Accept:
      - application/json
      Accept-Encoding:
      - gzip, deflate
      CommandName:
      - mariadb server create
      Connection:
      - keep-alive
      ParameterSetName:
      - -l -g -n -u -p --sku-name
      User-Agent:
      - AZURECLI/2.28.1 azsdk-python-mgmt-rdbms/9.1.0b1 Python/3.8.3 (Windows-10-10.0.18362-SP0)
    method: GET
    uri: https://management.azure.com/subscriptions/00000000-0000-0000-0000-000000000000/resourceGroups/clitest.rg000001/providers/Microsoft.DBForMariaDB/servers/azuredbclitest000002/databases/defaultdb?api-version=2018-06-01
  response:
    body:
      string: '{"error":{"code":"ResourceNotFound","message":"The requested resource
        of type ''Microsoft.DBforMariaDB/servers/databases'' with name ''defaultdb''
        was not found."}}'
    headers:
      cache-control:
      - no-cache
      content-length:
      - '160'
      content-type:
      - application/json; charset=utf-8
      date:
      - Thu, 16 Sep 2021 04:44:02 GMT
      expires:
      - '-1'
      pragma:
      - no-cache
      server:
      - Microsoft-HTTPAPI/2.0
      strict-transport-security:
      - max-age=31536000; includeSubDomains
      x-content-type-options:
      - nosniff
    status:
      code: 404
      message: Not Found
- request:
    body: '{"properties": {"charset": "utf8"}}'
    headers:
      Accept:
      - application/json
      Accept-Encoding:
      - gzip, deflate
      CommandName:
      - mariadb server create
      Connection:
      - keep-alive
      Content-Length:
      - '35'
      Content-Type:
      - application/json
      ParameterSetName:
      - -l -g -n -u -p --sku-name
      User-Agent:
      - AZURECLI/2.28.1 azsdk-python-mgmt-rdbms/9.1.0b1 Python/3.8.3 (Windows-10-10.0.18362-SP0)
    method: PUT
    uri: https://management.azure.com/subscriptions/00000000-0000-0000-0000-000000000000/resourceGroups/clitest.rg000001/providers/Microsoft.DBForMariaDB/servers/azuredbclitest000002/databases/defaultdb?api-version=2018-06-01
  response:
    body:
      string: '{"operation":"UpsertElasticServerDatabase","startTime":"2021-09-16T04:44:03.673Z"}'
    headers:
      azure-asyncoperation:
      - https://management.azure.com/subscriptions/00000000-0000-0000-0000-000000000000/providers/Microsoft.DBforMariaDB/locations/westus/azureAsyncOperation/745ddf28-ee91-4412-8d20-ba6841f7062c?api-version=2018-06-01
      cache-control:
      - no-cache
      content-length:
      - '82'
      content-type:
      - application/json; charset=utf-8
      date:
      - Thu, 16 Sep 2021 04:44:03 GMT
      expires:
      - '-1'
      location:
      - https://management.azure.com/subscriptions/00000000-0000-0000-0000-000000000000/providers/Microsoft.DBforMariaDB/locations/westus/operationResults/745ddf28-ee91-4412-8d20-ba6841f7062c?api-version=2018-06-01
      pragma:
      - no-cache
      server:
      - Microsoft-HTTPAPI/2.0
      strict-transport-security:
      - max-age=31536000; includeSubDomains
      x-content-type-options:
      - nosniff
      x-ms-ratelimit-remaining-subscription-writes:
      - '1195'
    status:
      code: 202
      message: Accepted
- request:
    body: null
    headers:
      Accept:
      - '*/*'
      Accept-Encoding:
      - gzip, deflate
      CommandName:
      - network private-link-resource list
      Connection:
      - keep-alive
      ParameterSetName:
      - -g --name --type
      User-Agent:
      - python/3.8.3 (Windows-10-10.0.18362-SP0) AZURECLI/2.28.1
    method: GET
    uri: https://management.azure.com/subscriptions/00000000-0000-0000-0000-000000000000/resourceGroups/clitest.rg000001/providers/Microsoft.DBforMariaDB/servers/azuredbclitest000002/privateLinkResources?api-version=2018-06-01
  response:
    body:
      string: '{"value":[{"properties":{"groupId":"mariadbServer","requiredMembers":["mariadbServer"],"requiredZoneNames":["privatelink.mariadb.database.azure.com"]},"id":"/subscriptions/00000000-0000-0000-0000-000000000000/resourceGroups/clitest.rg000001/providers/Microsoft.DBforMariaDB/servers/azuredbclitest000002/privateLinkResources/plr","name":"plr","type":"Microsoft.DBforMariaDB/servers/privateLinkResources"}]}'
    headers:
      cache-control:
      - no-cache
      content-length:
      - '507'
      content-type:
      - application/json; charset=utf-8
      date:
      - Thu, 16 Sep 2021 04:44:05 GMT
      expires:
      - '-1'
      pragma:
      - no-cache
      server:
      - Microsoft-HTTPAPI/2.0
      strict-transport-security:
      - max-age=31536000; includeSubDomains
      transfer-encoding:
      - chunked
      vary:
      - Accept-Encoding
      x-content-type-options:
      - nosniff
    status:
      code: 200
      message: OK
- request:
    body: '{"location": "westus", "tags": {}, "properties": {"addressSpace": {"addressPrefixes":
      ["10.0.0.0/16"]}, "dhcpOptions": {}, "subnets": [{"name": "cli-subnet-000004",
      "properties": {"addressPrefix": "10.0.0.0/24", "privateEndpointNetworkPolicies":
      "Enabled", "privateLinkServiceNetworkPolicies": "Enabled"}}]}}'
    headers:
      Accept:
      - application/json
      Accept-Encoding:
      - gzip, deflate
      CommandName:
      - network vnet create
      Connection:
      - keep-alive
      Content-Length:
      - '315'
      Content-Type:
      - application/json
      ParameterSetName:
      - -n -g -l --subnet-name
      User-Agent:
      - AZURECLI/2.28.1 azsdk-python-azure-mgmt-network/19.0.0 Python/3.8.3 (Windows-10-10.0.18362-SP0)
    method: PUT
    uri: https://management.azure.com/subscriptions/00000000-0000-0000-0000-000000000000/resourceGroups/clitest.rg000001/providers/Microsoft.Network/virtualNetworks/cli-vnet-000003?api-version=2021-03-01
  response:
    body:
      string: "{\r\n  \"name\": \"cli-vnet-000003\",\r\n  \"id\": \"/subscriptions/00000000-0000-0000-0000-000000000000/resourceGroups/clitest.rg000001/providers/Microsoft.Network/virtualNetworks/cli-vnet-000003\",\r\n
        \ \"etag\": \"W/\\\"9e4b9033-662a-4a6b-ae95-fb0fafb3db4b\\\"\",\r\n  \"type\":
        \"Microsoft.Network/virtualNetworks\",\r\n  \"location\": \"westus\",\r\n
        \ \"tags\": {},\r\n  \"properties\": {\r\n    \"provisioningState\": \"Updating\",\r\n
        \   \"resourceGuid\": \"f5bdc0da-7fea-463d-a84b-07dcb5e1e4f2\",\r\n    \"addressSpace\":
        {\r\n      \"addressPrefixes\": [\r\n        \"10.0.0.0/16\"\r\n      ]\r\n
        \   },\r\n    \"dhcpOptions\": {\r\n      \"dnsServers\": []\r\n    },\r\n
        \   \"subnets\": [\r\n      {\r\n        \"name\": \"cli-subnet-000004\",\r\n
        \       \"id\": \"/subscriptions/00000000-0000-0000-0000-000000000000/resourceGroups/clitest.rg000001/providers/Microsoft.Network/virtualNetworks/cli-vnet-000003/subnets/cli-subnet-000004\",\r\n
        \       \"etag\": \"W/\\\"9e4b9033-662a-4a6b-ae95-fb0fafb3db4b\\\"\",\r\n
        \       \"properties\": {\r\n          \"provisioningState\": \"Updating\",\r\n
        \         \"addressPrefix\": \"10.0.0.0/24\",\r\n          \"delegations\":
        [],\r\n          \"privateEndpointNetworkPolicies\": \"Enabled\",\r\n          \"privateLinkServiceNetworkPolicies\":
        \"Enabled\"\r\n        },\r\n        \"type\": \"Microsoft.Network/virtualNetworks/subnets\"\r\n
        \     }\r\n    ],\r\n    \"virtualNetworkPeerings\": [],\r\n    \"enableDdosProtection\":
        false\r\n  }\r\n}"
    headers:
      azure-asyncnotification:
      - Enabled
      azure-asyncoperation:
      - https://management.azure.com/subscriptions/00000000-0000-0000-0000-000000000000/providers/Microsoft.Network/locations/westus/operations/4683239d-1bee-4dfc-b73c-c8407d7a40be?api-version=2021-03-01
      cache-control:
      - no-cache
      content-length:
      - '1494'
      content-type:
      - application/json; charset=utf-8
      date:
      - Thu, 16 Sep 2021 04:44:14 GMT
      expires:
      - '-1'
      pragma:
      - no-cache
      server:
      - Microsoft-HTTPAPI/2.0
      - Microsoft-HTTPAPI/2.0
      strict-transport-security:
      - max-age=31536000; includeSubDomains
      x-content-type-options:
      - nosniff
      x-ms-arm-service-request-id:
      - e57f7d54-13ec-4d69-aebe-92e6db023055
      x-ms-ratelimit-remaining-subscription-writes:
      - '1198'
    status:
      code: 201
      message: Created
- request:
    body: null
    headers:
      Accept:
      - '*/*'
      Accept-Encoding:
      - gzip, deflate
      CommandName:
      - network vnet create
      Connection:
      - keep-alive
      ParameterSetName:
      - -n -g -l --subnet-name
      User-Agent:
      - AZURECLI/2.28.1 azsdk-python-azure-mgmt-network/19.0.0 Python/3.8.3 (Windows-10-10.0.18362-SP0)
    method: GET
    uri: https://management.azure.com/subscriptions/00000000-0000-0000-0000-000000000000/providers/Microsoft.Network/locations/westus/operations/4683239d-1bee-4dfc-b73c-c8407d7a40be?api-version=2021-03-01
  response:
    body:
      string: "{\r\n  \"status\": \"Succeeded\"\r\n}"
    headers:
      cache-control:
      - no-cache
      content-length:
      - '29'
      content-type:
      - application/json; charset=utf-8
      date:
      - Thu, 16 Sep 2021 04:44:17 GMT
      expires:
      - '-1'
      pragma:
      - no-cache
      server:
      - Microsoft-HTTPAPI/2.0
      - Microsoft-HTTPAPI/2.0
      strict-transport-security:
      - max-age=31536000; includeSubDomains
      transfer-encoding:
      - chunked
      vary:
      - Accept-Encoding
      x-content-type-options:
      - nosniff
      x-ms-arm-service-request-id:
      - 21396a06-952e-47cd-bea3-e15d574625d7
    status:
      code: 200
      message: OK
- request:
    body: null
    headers:
      Accept:
      - '*/*'
      Accept-Encoding:
      - gzip, deflate
      CommandName:
      - network vnet create
      Connection:
      - keep-alive
      ParameterSetName:
      - -n -g -l --subnet-name
      User-Agent:
      - AZURECLI/2.28.1 azsdk-python-azure-mgmt-network/19.0.0 Python/3.8.3 (Windows-10-10.0.18362-SP0)
    method: GET
    uri: https://management.azure.com/subscriptions/00000000-0000-0000-0000-000000000000/resourceGroups/clitest.rg000001/providers/Microsoft.Network/virtualNetworks/cli-vnet-000003?api-version=2021-03-01
  response:
    body:
      string: "{\r\n  \"name\": \"cli-vnet-000003\",\r\n  \"id\": \"/subscriptions/00000000-0000-0000-0000-000000000000/resourceGroups/clitest.rg000001/providers/Microsoft.Network/virtualNetworks/cli-vnet-000003\",\r\n
        \ \"etag\": \"W/\\\"3c7263f3-e915-4b75-8888-3cbe9a827bfc\\\"\",\r\n  \"type\":
        \"Microsoft.Network/virtualNetworks\",\r\n  \"location\": \"westus\",\r\n
        \ \"tags\": {},\r\n  \"properties\": {\r\n    \"provisioningState\": \"Succeeded\",\r\n
        \   \"resourceGuid\": \"f5bdc0da-7fea-463d-a84b-07dcb5e1e4f2\",\r\n    \"addressSpace\":
        {\r\n      \"addressPrefixes\": [\r\n        \"10.0.0.0/16\"\r\n      ]\r\n
        \   },\r\n    \"dhcpOptions\": {\r\n      \"dnsServers\": []\r\n    },\r\n
        \   \"subnets\": [\r\n      {\r\n        \"name\": \"cli-subnet-000004\",\r\n
        \       \"id\": \"/subscriptions/00000000-0000-0000-0000-000000000000/resourceGroups/clitest.rg000001/providers/Microsoft.Network/virtualNetworks/cli-vnet-000003/subnets/cli-subnet-000004\",\r\n
        \       \"etag\": \"W/\\\"3c7263f3-e915-4b75-8888-3cbe9a827bfc\\\"\",\r\n
        \       \"properties\": {\r\n          \"provisioningState\": \"Succeeded\",\r\n
        \         \"addressPrefix\": \"10.0.0.0/24\",\r\n          \"delegations\":
        [],\r\n          \"privateEndpointNetworkPolicies\": \"Enabled\",\r\n          \"privateLinkServiceNetworkPolicies\":
        \"Enabled\"\r\n        },\r\n        \"type\": \"Microsoft.Network/virtualNetworks/subnets\"\r\n
        \     }\r\n    ],\r\n    \"virtualNetworkPeerings\": [],\r\n    \"enableDdosProtection\":
        false\r\n  }\r\n}"
    headers:
      cache-control:
      - no-cache
      content-length:
      - '1496'
      content-type:
      - application/json; charset=utf-8
      date:
      - Thu, 16 Sep 2021 04:44:18 GMT
      etag:
      - W/"3c7263f3-e915-4b75-8888-3cbe9a827bfc"
      expires:
      - '-1'
      pragma:
      - no-cache
      server:
      - Microsoft-HTTPAPI/2.0
      - Microsoft-HTTPAPI/2.0
      strict-transport-security:
      - max-age=31536000; includeSubDomains
      transfer-encoding:
      - chunked
      vary:
      - Accept-Encoding
      x-content-type-options:
      - nosniff
      x-ms-arm-service-request-id:
      - 278c4aec-ce91-4e76-9b84-1eba6745b81b
    status:
      code: 200
      message: OK
- request:
    body: null
    headers:
      Accept:
      - '*/*'
      Accept-Encoding:
      - gzip, deflate
      CommandName:
      - mariadb server create
      Connection:
      - keep-alive
      ParameterSetName:
      - -l -g -n -u -p --sku-name
      User-Agent:
      - AZURECLI/2.28.1 azsdk-python-mgmt-rdbms/9.1.0b1 Python/3.8.3 (Windows-10-10.0.18362-SP0)
    method: GET
    uri: https://management.azure.com/subscriptions/00000000-0000-0000-0000-000000000000/providers/Microsoft.DBforMariaDB/locations/westus/azureAsyncOperation/745ddf28-ee91-4412-8d20-ba6841f7062c?api-version=2018-06-01
  response:
    body:
      string: '{"name":"745ddf28-ee91-4412-8d20-ba6841f7062c","status":"Succeeded","startTime":"2021-09-16T04:44:03.673Z"}'
    headers:
      cache-control:
      - no-cache
      content-length:
      - '107'
      content-type:
      - application/json; charset=utf-8
      date:
      - Thu, 16 Sep 2021 04:44:18 GMT
      expires:
      - '-1'
      pragma:
      - no-cache
      server:
      - Microsoft-HTTPAPI/2.0
      strict-transport-security:
      - max-age=31536000; includeSubDomains
      transfer-encoding:
      - chunked
      vary:
      - Accept-Encoding
      x-content-type-options:
      - nosniff
    status:
      code: 200
      message: OK
- request:
    body: null
    headers:
      Accept:
      - '*/*'
      Accept-Encoding:
      - gzip, deflate
      CommandName:
      - mariadb server create
      Connection:
      - keep-alive
      ParameterSetName:
      - -l -g -n -u -p --sku-name
      User-Agent:
      - AZURECLI/2.28.1 azsdk-python-mgmt-rdbms/9.1.0b1 Python/3.8.3 (Windows-10-10.0.18362-SP0)
    method: GET
    uri: https://management.azure.com/subscriptions/00000000-0000-0000-0000-000000000000/resourceGroups/clitest.rg000001/providers/Microsoft.DBForMariaDB/servers/azuredbclitest000002/databases/defaultdb?api-version=2018-06-01
  response:
    body:
      string: '{"properties":{"charset":"latin1","collation":"latin1_swedish_ci"},"id":"/subscriptions/00000000-0000-0000-0000-000000000000/resourceGroups/clitest.rg000001/providers/Microsoft.DBforMariaDB/servers/azuredbclitest000002/databases/defaultdb","name":"defaultdb","type":"Microsoft.DBforMariaDB/servers/databases"}'
    headers:
      cache-control:
      - no-cache
      content-length:
      - '411'
      content-type:
      - application/json; charset=utf-8
      date:
      - Thu, 16 Sep 2021 04:44:19 GMT
      expires:
      - '-1'
      pragma:
      - no-cache
      server:
      - Microsoft-HTTPAPI/2.0
      strict-transport-security:
      - max-age=31536000; includeSubDomains
      transfer-encoding:
      - chunked
      vary:
      - Accept-Encoding
      x-content-type-options:
      - nosniff
    status:
      code: 200
      message: OK
- request:
    body: null
    headers:
      Accept:
      - application/json
      Accept-Encoding:
      - gzip, deflate
      CommandName:
      - network vnet subnet update
      Connection:
      - keep-alive
      ParameterSetName:
      - -n --vnet-name -g --disable-private-endpoint-network-policies
      User-Agent:
      - AZURECLI/2.28.1 azsdk-python-azure-mgmt-network/19.0.0 Python/3.8.3 (Windows-10-10.0.18362-SP0)
    method: GET
    uri: https://management.azure.com/subscriptions/00000000-0000-0000-0000-000000000000/resourceGroups/clitest.rg000001/providers/Microsoft.Network/virtualNetworks/cli-vnet-000003/subnets/cli-subnet-000004?api-version=2021-03-01
  response:
    body:
      string: "{\r\n  \"name\": \"cli-subnet-000004\",\r\n  \"id\": \"/subscriptions/00000000-0000-0000-0000-000000000000/resourceGroups/clitest.rg000001/providers/Microsoft.Network/virtualNetworks/cli-vnet-000003/subnets/cli-subnet-000004\",\r\n
        \ \"etag\": \"W/\\\"3c7263f3-e915-4b75-8888-3cbe9a827bfc\\\"\",\r\n  \"properties\":
        {\r\n    \"provisioningState\": \"Succeeded\",\r\n    \"addressPrefix\": \"10.0.0.0/24\",\r\n
        \   \"delegations\": [],\r\n    \"privateEndpointNetworkPolicies\": \"Enabled\",\r\n
        \   \"privateLinkServiceNetworkPolicies\": \"Enabled\"\r\n  },\r\n  \"type\":
        \"Microsoft.Network/virtualNetworks/subnets\"\r\n}"
    headers:
      cache-control:
      - no-cache
      content-length:
      - '639'
      content-type:
      - application/json; charset=utf-8
      date:
      - Thu, 16 Sep 2021 04:44:20 GMT
      etag:
      - W/"3c7263f3-e915-4b75-8888-3cbe9a827bfc"
      expires:
      - '-1'
      pragma:
      - no-cache
      server:
      - Microsoft-HTTPAPI/2.0
      - Microsoft-HTTPAPI/2.0
      strict-transport-security:
      - max-age=31536000; includeSubDomains
      transfer-encoding:
      - chunked
      vary:
      - Accept-Encoding
      x-content-type-options:
      - nosniff
      x-ms-arm-service-request-id:
      - 70b2ea3d-672b-4987-b151-c2fcc1d67398
    status:
      code: 200
      message: OK
- request:
    body: '{"id": "/subscriptions/00000000-0000-0000-0000-000000000000/resourceGroups/clitest.rg000001/providers/Microsoft.Network/virtualNetworks/cli-vnet-000003/subnets/cli-subnet-000004",
      "name": "cli-subnet-000004", "type": "Microsoft.Network/virtualNetworks/subnets",
      "properties": {"addressPrefix": "10.0.0.0/24", "delegations": [], "privateEndpointNetworkPolicies":
      "Disabled", "privateLinkServiceNetworkPolicies": "Enabled"}}'
    headers:
      Accept:
      - application/json
      Accept-Encoding:
      - gzip, deflate
      CommandName:
      - network vnet subnet update
      Connection:
      - keep-alive
      Content-Length:
      - '504'
      Content-Type:
      - application/json
      ParameterSetName:
      - -n --vnet-name -g --disable-private-endpoint-network-policies
      User-Agent:
      - AZURECLI/2.28.1 azsdk-python-azure-mgmt-network/19.0.0 Python/3.8.3 (Windows-10-10.0.18362-SP0)
    method: PUT
    uri: https://management.azure.com/subscriptions/00000000-0000-0000-0000-000000000000/resourceGroups/clitest.rg000001/providers/Microsoft.Network/virtualNetworks/cli-vnet-000003/subnets/cli-subnet-000004?api-version=2021-03-01
  response:
    body:
      string: "{\r\n  \"name\": \"cli-subnet-000004\",\r\n  \"id\": \"/subscriptions/00000000-0000-0000-0000-000000000000/resourceGroups/clitest.rg000001/providers/Microsoft.Network/virtualNetworks/cli-vnet-000003/subnets/cli-subnet-000004\",\r\n
        \ \"etag\": \"W/\\\"1d6fa277-bca6-4ce8-9139-d8f72c2189b6\\\"\",\r\n  \"properties\":
        {\r\n    \"provisioningState\": \"Updating\",\r\n    \"addressPrefix\": \"10.0.0.0/24\",\r\n
        \   \"delegations\": [],\r\n    \"privateEndpointNetworkPolicies\": \"Disabled\",\r\n
        \   \"privateLinkServiceNetworkPolicies\": \"Enabled\"\r\n  },\r\n  \"type\":
        \"Microsoft.Network/virtualNetworks/subnets\"\r\n}"
    headers:
      azure-asyncoperation:
      - https://management.azure.com/subscriptions/00000000-0000-0000-0000-000000000000/providers/Microsoft.Network/locations/westus/operations/b33bcca1-cbb6-441a-9d0e-b8f4a1db1532?api-version=2021-03-01
      cache-control:
      - no-cache
      content-length:
      - '639'
      content-type:
      - application/json; charset=utf-8
      date:
      - Thu, 16 Sep 2021 04:44:23 GMT
      expires:
      - '-1'
      pragma:
      - no-cache
      server:
      - Microsoft-HTTPAPI/2.0
      - Microsoft-HTTPAPI/2.0
      strict-transport-security:
      - max-age=31536000; includeSubDomains
      transfer-encoding:
      - chunked
      vary:
      - Accept-Encoding
      x-content-type-options:
      - nosniff
      x-ms-arm-service-request-id:
      - c144a31b-f7d2-44b0-aef2-219b03412113
      x-ms-ratelimit-remaining-subscription-writes:
      - '1198'
    status:
      code: 200
      message: OK
- request:
    body: null
    headers:
      Accept:
      - '*/*'
      Accept-Encoding:
      - gzip, deflate
      CommandName:
      - network vnet subnet update
      Connection:
      - keep-alive
      ParameterSetName:
      - -n --vnet-name -g --disable-private-endpoint-network-policies
      User-Agent:
      - AZURECLI/2.28.1 azsdk-python-azure-mgmt-network/19.0.0 Python/3.8.3 (Windows-10-10.0.18362-SP0)
    method: GET
    uri: https://management.azure.com/subscriptions/00000000-0000-0000-0000-000000000000/providers/Microsoft.Network/locations/westus/operations/b33bcca1-cbb6-441a-9d0e-b8f4a1db1532?api-version=2021-03-01
  response:
    body:
      string: "{\r\n  \"status\": \"Succeeded\"\r\n}"
    headers:
      cache-control:
      - no-cache
      content-length:
      - '29'
      content-type:
      - application/json; charset=utf-8
      date:
      - Thu, 16 Sep 2021 04:44:27 GMT
      expires:
      - '-1'
      pragma:
      - no-cache
      server:
      - Microsoft-HTTPAPI/2.0
      - Microsoft-HTTPAPI/2.0
      strict-transport-security:
      - max-age=31536000; includeSubDomains
      transfer-encoding:
      - chunked
      vary:
      - Accept-Encoding
      x-content-type-options:
      - nosniff
      x-ms-arm-service-request-id:
      - afdbbfa7-d097-47dc-ba7e-9c077e8145db
    status:
      code: 200
      message: OK
- request:
    body: null
    headers:
      Accept:
      - '*/*'
      Accept-Encoding:
      - gzip, deflate
      CommandName:
      - network vnet subnet update
      Connection:
      - keep-alive
      ParameterSetName:
      - -n --vnet-name -g --disable-private-endpoint-network-policies
      User-Agent:
      - AZURECLI/2.28.1 azsdk-python-azure-mgmt-network/19.0.0 Python/3.8.3 (Windows-10-10.0.18362-SP0)
    method: GET
    uri: https://management.azure.com/subscriptions/00000000-0000-0000-0000-000000000000/resourceGroups/clitest.rg000001/providers/Microsoft.Network/virtualNetworks/cli-vnet-000003/subnets/cli-subnet-000004?api-version=2021-03-01
  response:
    body:
      string: "{\r\n  \"name\": \"cli-subnet-000004\",\r\n  \"id\": \"/subscriptions/00000000-0000-0000-0000-000000000000/resourceGroups/clitest.rg000001/providers/Microsoft.Network/virtualNetworks/cli-vnet-000003/subnets/cli-subnet-000004\",\r\n
        \ \"etag\": \"W/\\\"8676bec6-7264-4e3e-9a0d-be8a087c1cc1\\\"\",\r\n  \"properties\":
        {\r\n    \"provisioningState\": \"Succeeded\",\r\n    \"addressPrefix\": \"10.0.0.0/24\",\r\n
        \   \"delegations\": [],\r\n    \"privateEndpointNetworkPolicies\": \"Disabled\",\r\n
        \   \"privateLinkServiceNetworkPolicies\": \"Enabled\"\r\n  },\r\n  \"type\":
        \"Microsoft.Network/virtualNetworks/subnets\"\r\n}"
    headers:
      cache-control:
      - no-cache
      content-length:
      - '640'
      content-type:
      - application/json; charset=utf-8
      date:
      - Thu, 16 Sep 2021 04:44:27 GMT
      etag:
      - W/"8676bec6-7264-4e3e-9a0d-be8a087c1cc1"
      expires:
      - '-1'
      pragma:
      - no-cache
      server:
      - Microsoft-HTTPAPI/2.0
      - Microsoft-HTTPAPI/2.0
      strict-transport-security:
      - max-age=31536000; includeSubDomains
      transfer-encoding:
      - chunked
      vary:
      - Accept-Encoding
      x-content-type-options:
      - nosniff
      x-ms-arm-service-request-id:
      - 4fc000d4-3776-434e-8397-63d6cc774238
    status:
      code: 200
      message: OK
- request:
    body: null
    headers:
      Accept:
      - application/json
      Accept-Encoding:
      - gzip, deflate
      CommandName:
      - mariadb server show
      Connection:
      - keep-alive
      ParameterSetName:
      - -g -n
      User-Agent:
      - AZURECLI/2.28.1 azsdk-python-mgmt-rdbms/9.1.0b1 Python/3.8.3 (Windows-10-10.0.18362-SP0)
    method: GET
    uri: https://management.azure.com/subscriptions/00000000-0000-0000-0000-000000000000/resourceGroups/clitest.rg000001/providers/Microsoft.DBForMariaDB/servers/azuredbclitest000002?api-version=2018-06-01
  response:
    body:
      string: '{"sku":{"name":"GP_Gen5_2","tier":"GeneralPurpose","family":"Gen5","capacity":2},"properties":{"administratorLogin":"cloudsa","storageProfile":{"storageMB":51200,"backupRetentionDays":7,"geoRedundantBackup":"Disabled","storageAutogrow":"Enabled"},"version":"10.2","sslEnforcement":"Enabled","minimalTlsVersion":"TLSEnforcementDisabled","userVisibleState":"Ready","fullyQualifiedDomainName":"azuredbclitest000002.mariadb.database.azure.com","earliestRestoreDate":"2021-09-16T04:52:31.34+00:00","replicationRole":"None","masterServerId":"","replicaCapacity":5,"byokEnforcement":"Disabled","infrastructureEncryption":"Disabled","privateEndpointConnections":[],"publicNetworkAccess":"Enabled"},"location":"westus","id":"/subscriptions/00000000-0000-0000-0000-000000000000/resourceGroups/clitest.rg000001/providers/Microsoft.DBforMariaDB/servers/azuredbclitest000002","name":"azuredbclitest000002","type":"Microsoft.DBforMariaDB/servers"}'
    headers:
      cache-control:
      - no-cache
      content-length:
      - '1121'
      content-type:
      - application/json; charset=utf-8
      date:
      - Thu, 16 Sep 2021 04:44:29 GMT
      expires:
      - '-1'
      pragma:
      - no-cache
      server:
      - Microsoft-HTTPAPI/2.0
      strict-transport-security:
      - max-age=31536000; includeSubDomains
      transfer-encoding:
      - chunked
      vary:
      - Accept-Encoding
      x-content-type-options:
      - nosniff
    status:
      code: 200
      message: OK
- request:
    body: null
    headers:
      Accept:
      - '*/*'
      Accept-Encoding:
      - gzip, deflate
      CommandName:
      - network private-link-resource list
      Connection:
      - keep-alive
      ParameterSetName:
      - -g -n --type
      User-Agent:
      - python/3.8.3 (Windows-10-10.0.18362-SP0) AZURECLI/2.28.1
    method: GET
    uri: https://management.azure.com/subscriptions/00000000-0000-0000-0000-000000000000/resourceGroups/clitest.rg000001/providers/Microsoft.DBforMariaDB/servers/azuredbclitest000002/privateLinkResources?api-version=2018-06-01
  response:
    body:
      string: '{"value":[{"properties":{"groupId":"mariadbServer","requiredMembers":["mariadbServer"],"requiredZoneNames":["privatelink.mariadb.database.azure.com"]},"id":"/subscriptions/00000000-0000-0000-0000-000000000000/resourceGroups/clitest.rg000001/providers/Microsoft.DBforMariaDB/servers/azuredbclitest000002/privateLinkResources/plr","name":"plr","type":"Microsoft.DBforMariaDB/servers/privateLinkResources"}]}'
    headers:
      cache-control:
      - no-cache
      content-length:
      - '507'
      content-type:
      - application/json; charset=utf-8
      date:
      - Thu, 16 Sep 2021 04:44:31 GMT
      expires:
      - '-1'
      pragma:
      - no-cache
      server:
      - Microsoft-HTTPAPI/2.0
      strict-transport-security:
      - max-age=31536000; includeSubDomains
      transfer-encoding:
      - chunked
      vary:
      - Accept-Encoding
      x-content-type-options:
      - nosniff
    status:
      code: 200
      message: OK
- request:
    body: '{"location": "westus", "properties": {"subnet": {"id": "/subscriptions/00000000-0000-0000-0000-000000000000/resourceGroups/clitest.rg000001/providers/Microsoft.Network/virtualNetworks/cli-vnet-000003/subnets/cli-subnet-000004",
      "properties": {"privateEndpointNetworkPolicies": "Enabled", "privateLinkServiceNetworkPolicies":
      "Enabled"}}, "privateLinkServiceConnections": [{"name": "cli-pec-000008", "properties":
      {"privateLinkServiceId": "/subscriptions/00000000-0000-0000-0000-000000000000/resourceGroups/clitest.rg000001/providers/Microsoft.DBforMariaDB/servers/azuredbclitest000002",
      "groupIds": ["mariadbServer"]}}]}}'
    headers:
      Accept:
      - application/json
      Accept-Encoding:
      - gzip, deflate
      CommandName:
      - network private-endpoint create
      Connection:
      - keep-alive
      Content-Length:
      - '808'
      Content-Type:
      - application/json
      ParameterSetName:
      - -g -n --vnet-name --subnet -l --connection-name --private-connection-resource-id
        --group-id
      User-Agent:
      - AZURECLI/2.28.1 azsdk-python-azure-mgmt-network/19.0.0 Python/3.8.3 (Windows-10-10.0.18362-SP0)
    method: PUT
    uri: https://management.azure.com/subscriptions/00000000-0000-0000-0000-000000000000/resourceGroups/clitest.rg000001/providers/Microsoft.Network/privateEndpoints/cli-pe-000005?api-version=2021-03-01
  response:
    body:
      string: "{\r\n  \"name\": \"cli-pe-000005\",\r\n  \"id\": \"/subscriptions/00000000-0000-0000-0000-000000000000/resourceGroups/clitest.rg000001/providers/Microsoft.Network/privateEndpoints/cli-pe-000005\",\r\n
        \ \"etag\": \"W/\\\"8c944b3d-9ca2-4e54-86ff-e0d6745f659b\\\"\",\r\n  \"type\":
        \"Microsoft.Network/privateEndpoints\",\r\n  \"location\": \"westus\",\r\n
        \ \"properties\": {\r\n    \"provisioningState\": \"Updating\",\r\n    \"resourceGuid\":
        \"cb9c23c3-f590-40f7-9898-deab0a27bec6\",\r\n    \"privateLinkServiceConnections\":
        [\r\n      {\r\n        \"name\": \"cli-pec-000008\",\r\n        \"id\": \"/subscriptions/00000000-0000-0000-0000-000000000000/resourceGroups/clitest.rg000001/providers/Microsoft.Network/privateEndpoints/cli-pe-000005/privateLinkServiceConnections/cli-pec-000008\",\r\n
        \       \"etag\": \"W/\\\"8c944b3d-9ca2-4e54-86ff-e0d6745f659b\\\"\",\r\n
        \       \"properties\": {\r\n          \"provisioningState\": \"Succeeded\",\r\n
        \         \"privateLinkServiceId\": \"/subscriptions/00000000-0000-0000-0000-000000000000/resourceGroups/clitest.rg000001/providers/Microsoft.DBforMariaDB/servers/azuredbclitest000002\",\r\n
        \         \"groupIds\": [\r\n            \"mariadbServer\"\r\n          ],\r\n
        \         \"privateLinkServiceConnectionState\": {\r\n            \"status\":
        \"Approved\",\r\n            \"description\": \"\",\r\n            \"actionsRequired\":
        \"None\"\r\n          }\r\n        },\r\n        \"type\": \"Microsoft.Network/privateEndpoints/privateLinkServiceConnections\"\r\n
        \     }\r\n    ],\r\n    \"manualPrivateLinkServiceConnections\": [],\r\n
        \   \"subnet\": {\r\n      \"id\": \"/subscriptions/00000000-0000-0000-0000-000000000000/resourceGroups/clitest.rg000001/providers/Microsoft.Network/virtualNetworks/cli-vnet-000003/subnets/cli-subnet-000004\"\r\n
        \   },\r\n    \"ipConfigurations\": [],\r\n    \"networkInterfaces\": [\r\n
        \     {\r\n        \"id\": \"/subscriptions/00000000-0000-0000-0000-000000000000/resourceGroups/clitest.rg000001/providers/Microsoft.Network/networkInterfaces/cli-pe-000005.nic.07d66c71-27e2-4afd-9396-147eb2ecfdb8\"\r\n
        \     }\r\n    ],\r\n    \"customDnsConfigs\": []\r\n  }\r\n}"
    headers:
      azure-asyncnotification:
      - Enabled
      azure-asyncoperation:
      - https://management.azure.com/subscriptions/00000000-0000-0000-0000-000000000000/providers/Microsoft.Network/locations/westus/operations/e0ec93cd-5b0e-4e74-a789-72e119b6433c?api-version=2021-03-01
      cache-control:
      - no-cache
      content-length:
      - '2387'
      content-type:
      - application/json; charset=utf-8
      date:
      - Thu, 16 Sep 2021 04:44:38 GMT
      expires:
      - '-1'
      pragma:
      - no-cache
      server:
      - Microsoft-HTTPAPI/2.0
      - Microsoft-HTTPAPI/2.0
      strict-transport-security:
      - max-age=31536000; includeSubDomains
      x-content-type-options:
      - nosniff
      x-ms-arm-service-request-id:
      - 58eb265e-850d-4ead-b148-25da506574ed
      x-ms-ratelimit-remaining-subscription-writes:
      - '1194'
    status:
      code: 201
      message: Created
- request:
    body: null
    headers:
      Accept:
      - '*/*'
      Accept-Encoding:
      - gzip, deflate
      CommandName:
      - network private-endpoint create
      Connection:
      - keep-alive
      ParameterSetName:
      - -g -n --vnet-name --subnet -l --connection-name --private-connection-resource-id
        --group-id
      User-Agent:
      - AZURECLI/2.28.1 azsdk-python-azure-mgmt-network/19.0.0 Python/3.8.3 (Windows-10-10.0.18362-SP0)
    method: GET
    uri: https://management.azure.com/subscriptions/00000000-0000-0000-0000-000000000000/providers/Microsoft.Network/locations/westus/operations/e0ec93cd-5b0e-4e74-a789-72e119b6433c?api-version=2021-03-01
  response:
    body:
      string: "{\r\n  \"status\": \"InProgress\"\r\n}"
    headers:
      cache-control:
      - no-cache
      content-length:
      - '30'
      content-type:
      - application/json; charset=utf-8
      date:
      - Thu, 16 Sep 2021 04:44:48 GMT
      expires:
      - '-1'
      pragma:
      - no-cache
      server:
      - Microsoft-HTTPAPI/2.0
      - Microsoft-HTTPAPI/2.0
      strict-transport-security:
      - max-age=31536000; includeSubDomains
      transfer-encoding:
      - chunked
      vary:
      - Accept-Encoding
      x-content-type-options:
      - nosniff
      x-ms-arm-service-request-id:
      - 7365cad3-59a7-4e8a-8bcc-b5c8af9aea10
    status:
      code: 200
      message: OK
- request:
    body: null
    headers:
      Accept:
      - '*/*'
      Accept-Encoding:
      - gzip, deflate
      CommandName:
      - network private-endpoint create
      Connection:
      - keep-alive
      ParameterSetName:
      - -g -n --vnet-name --subnet -l --connection-name --private-connection-resource-id
        --group-id
      User-Agent:
      - AZURECLI/2.28.1 azsdk-python-azure-mgmt-network/19.0.0 Python/3.8.3 (Windows-10-10.0.18362-SP0)
    method: GET
    uri: https://management.azure.com/subscriptions/00000000-0000-0000-0000-000000000000/providers/Microsoft.Network/locations/westus/operations/e0ec93cd-5b0e-4e74-a789-72e119b6433c?api-version=2021-03-01
  response:
    body:
      string: "{\r\n  \"status\": \"InProgress\"\r\n}"
    headers:
      cache-control:
      - no-cache
      content-length:
      - '30'
      content-type:
      - application/json; charset=utf-8
      date:
      - Thu, 16 Sep 2021 04:44:58 GMT
      expires:
      - '-1'
      pragma:
      - no-cache
      server:
      - Microsoft-HTTPAPI/2.0
      - Microsoft-HTTPAPI/2.0
      strict-transport-security:
      - max-age=31536000; includeSubDomains
      transfer-encoding:
      - chunked
      vary:
      - Accept-Encoding
      x-content-type-options:
      - nosniff
      x-ms-arm-service-request-id:
      - f3cd3b48-a6df-4018-8ccb-1334853cdaa2
    status:
      code: 200
      message: OK
- request:
    body: null
    headers:
      Accept:
      - '*/*'
      Accept-Encoding:
      - gzip, deflate
      CommandName:
      - network private-endpoint create
      Connection:
      - keep-alive
      ParameterSetName:
      - -g -n --vnet-name --subnet -l --connection-name --private-connection-resource-id
        --group-id
      User-Agent:
      - AZURECLI/2.28.1 azsdk-python-azure-mgmt-network/19.0.0 Python/3.8.3 (Windows-10-10.0.18362-SP0)
    method: GET
    uri: https://management.azure.com/subscriptions/00000000-0000-0000-0000-000000000000/providers/Microsoft.Network/locations/westus/operations/e0ec93cd-5b0e-4e74-a789-72e119b6433c?api-version=2021-03-01
  response:
    body:
      string: "{\r\n  \"status\": \"Succeeded\"\r\n}"
    headers:
      cache-control:
      - no-cache
      content-length:
      - '29'
      content-type:
      - application/json; charset=utf-8
      date:
      - Thu, 16 Sep 2021 04:45:20 GMT
      expires:
      - '-1'
      pragma:
      - no-cache
      server:
      - Microsoft-HTTPAPI/2.0
      - Microsoft-HTTPAPI/2.0
      strict-transport-security:
      - max-age=31536000; includeSubDomains
      transfer-encoding:
      - chunked
      vary:
      - Accept-Encoding
      x-content-type-options:
      - nosniff
      x-ms-arm-service-request-id:
      - b34fd857-98a5-4d0d-b308-004638b62168
    status:
      code: 200
      message: OK
- request:
    body: null
    headers:
      Accept:
      - '*/*'
      Accept-Encoding:
      - gzip, deflate
      CommandName:
      - network private-endpoint create
      Connection:
      - keep-alive
      ParameterSetName:
      - -g -n --vnet-name --subnet -l --connection-name --private-connection-resource-id
        --group-id
      User-Agent:
      - AZURECLI/2.28.1 azsdk-python-azure-mgmt-network/19.0.0 Python/3.8.3 (Windows-10-10.0.18362-SP0)
    method: GET
    uri: https://management.azure.com/subscriptions/00000000-0000-0000-0000-000000000000/resourceGroups/clitest.rg000001/providers/Microsoft.Network/privateEndpoints/cli-pe-000005?api-version=2021-03-01
  response:
    body:
      string: "{\r\n  \"name\": \"cli-pe-000005\",\r\n  \"id\": \"/subscriptions/00000000-0000-0000-0000-000000000000/resourceGroups/clitest.rg000001/providers/Microsoft.Network/privateEndpoints/cli-pe-000005\",\r\n
        \ \"etag\": \"W/\\\"aea69f3b-0463-42c7-a3fe-b29be49c3aaf\\\"\",\r\n  \"type\":
        \"Microsoft.Network/privateEndpoints\",\r\n  \"location\": \"westus\",\r\n
        \ \"properties\": {\r\n    \"provisioningState\": \"Succeeded\",\r\n    \"resourceGuid\":
        \"cb9c23c3-f590-40f7-9898-deab0a27bec6\",\r\n    \"privateLinkServiceConnections\":
        [\r\n      {\r\n        \"name\": \"cli-pec-000008\",\r\n        \"id\": \"/subscriptions/00000000-0000-0000-0000-000000000000/resourceGroups/clitest.rg000001/providers/Microsoft.Network/privateEndpoints/cli-pe-000005/privateLinkServiceConnections/cli-pec-000008\",\r\n
        \       \"etag\": \"W/\\\"aea69f3b-0463-42c7-a3fe-b29be49c3aaf\\\"\",\r\n
        \       \"properties\": {\r\n          \"provisioningState\": \"Succeeded\",\r\n
        \         \"privateLinkServiceId\": \"/subscriptions/00000000-0000-0000-0000-000000000000/resourceGroups/clitest.rg000001/providers/Microsoft.DBforMariaDB/servers/azuredbclitest000002\",\r\n
        \         \"groupIds\": [\r\n            \"mariadbServer\"\r\n          ],\r\n
        \         \"privateLinkServiceConnectionState\": {\r\n            \"status\":
        \"Approved\",\r\n            \"description\": \"Auto-approved\",\r\n            \"actionsRequired\":
        \"None\"\r\n          }\r\n        },\r\n        \"type\": \"Microsoft.Network/privateEndpoints/privateLinkServiceConnections\"\r\n
        \     }\r\n    ],\r\n    \"manualPrivateLinkServiceConnections\": [],\r\n
        \   \"subnet\": {\r\n      \"id\": \"/subscriptions/00000000-0000-0000-0000-000000000000/resourceGroups/clitest.rg000001/providers/Microsoft.Network/virtualNetworks/cli-vnet-000003/subnets/cli-subnet-000004\"\r\n
        \   },\r\n    \"ipConfigurations\": [],\r\n    \"networkInterfaces\": [\r\n
        \     {\r\n        \"id\": \"/subscriptions/00000000-0000-0000-0000-000000000000/resourceGroups/clitest.rg000001/providers/Microsoft.Network/networkInterfaces/cli-pe-000005.nic.07d66c71-27e2-4afd-9396-147eb2ecfdb8\"\r\n
        \     }\r\n    ],\r\n    \"customDnsConfigs\": [\r\n      {\r\n        \"fqdn\":
        \"azuredbclitest000002.mariadb.database.azure.com\",\r\n        \"ipAddresses\":
        [\r\n          \"10.0.0.4\"\r\n        ]\r\n      }\r\n    ]\r\n  }\r\n}"
    headers:
      cache-control:
      - no-cache
      content-length:
      - '2595'
      content-type:
      - application/json; charset=utf-8
      date:
      - Thu, 16 Sep 2021 04:45:20 GMT
      etag:
      - W/"aea69f3b-0463-42c7-a3fe-b29be49c3aaf"
      expires:
      - '-1'
      pragma:
      - no-cache
      server:
      - Microsoft-HTTPAPI/2.0
      - Microsoft-HTTPAPI/2.0
      strict-transport-security:
      - max-age=31536000; includeSubDomains
      transfer-encoding:
      - chunked
      vary:
      - Accept-Encoding
      x-content-type-options:
      - nosniff
      x-ms-arm-service-request-id:
      - 41990b1f-a6ec-4382-8309-b98cd0dc41c2
    status:
      code: 200
      message: OK
- request:
    body: null
    headers:
      Accept:
      - application/json
      Accept-Encoding:
      - gzip, deflate
      CommandName:
      - mariadb server show
      Connection:
      - keep-alive
      ParameterSetName:
      - -g -n
      User-Agent:
      - AZURECLI/2.28.1 azsdk-python-mgmt-rdbms/9.1.0b1 Python/3.8.3 (Windows-10-10.0.18362-SP0)
    method: GET
    uri: https://management.azure.com/subscriptions/00000000-0000-0000-0000-000000000000/resourceGroups/clitest.rg000001/providers/Microsoft.DBForMariaDB/servers/azuredbclitest000002?api-version=2018-06-01
  response:
    body:
      string: '{"sku":{"name":"GP_Gen5_2","tier":"GeneralPurpose","family":"Gen5","capacity":2},"properties":{"administratorLogin":"cloudsa","storageProfile":{"storageMB":51200,"backupRetentionDays":7,"geoRedundantBackup":"Disabled","storageAutogrow":"Enabled"},"version":"10.2","sslEnforcement":"Enabled","minimalTlsVersion":"TLSEnforcementDisabled","userVisibleState":"Ready","fullyQualifiedDomainName":"azuredbclitest000002.mariadb.database.azure.com","earliestRestoreDate":"2021-09-16T04:52:31.34+00:00","replicationRole":"None","masterServerId":"","replicaCapacity":5,"byokEnforcement":"Disabled","infrastructureEncryption":"Disabled","privateEndpointConnections":[{"id":"/subscriptions/00000000-0000-0000-0000-000000000000/resourceGroups/clitest.rg000001/providers/Microsoft.DBforMariaDB/servers/azuredbclitest000002/privateEndpointConnections/cli-pe-000005-9a3f6728-834f-420d-9af5-9310df5736fb","properties":{"privateEndpoint":{"id":"/subscriptions/00000000-0000-0000-0000-000000000000/resourceGroups/clitest.rg000001/providers/Microsoft.Network/privateEndpoints/cli-pe-000005"},"privateLinkServiceConnectionState":{"status":"Approved","description":"Auto-approved","actionsRequired":"None"},"provisioningState":"Ready"}}],"publicNetworkAccess":"Enabled"},"location":"westus","id":"/subscriptions/00000000-0000-0000-0000-000000000000/resourceGroups/clitest.rg000001/providers/Microsoft.DBforMariaDB/servers/azuredbclitest000002","name":"azuredbclitest000002","type":"Microsoft.DBforMariaDB/servers"}'
    headers:
      cache-control:
      - no-cache
      content-length:
      - '1862'
      content-type:
      - application/json; charset=utf-8
      date:
      - Thu, 16 Sep 2021 04:45:22 GMT
      expires:
      - '-1'
      pragma:
      - no-cache
      server:
      - Microsoft-HTTPAPI/2.0
      strict-transport-security:
      - max-age=31536000; includeSubDomains
      transfer-encoding:
      - chunked
      vary:
      - Accept-Encoding
      x-content-type-options:
      - nosniff
    status:
      code: 200
      message: OK
- request:
    body: null
    headers:
      Accept:
      - '*/*'
      Accept-Encoding:
      - gzip, deflate
      CommandName:
      - network private-endpoint-connection show
      Connection:
      - keep-alive
      ParameterSetName:
      - --resource-name -g --name --type
      User-Agent:
      - python/3.8.3 (Windows-10-10.0.18362-SP0) AZURECLI/2.28.1
    method: GET
    uri: https://management.azure.com/subscriptions/00000000-0000-0000-0000-000000000000/resourceGroups/clitest.rg000001/providers/Microsoft.DBforMariaDB/servers/azuredbclitest000002/privateEndpointConnections/cli-pe-000005-9a3f6728-834f-420d-9af5-9310df5736fb?api-version=2018-06-01
  response:
    body:
      string: '{"properties":{"privateEndpoint":{"id":"/subscriptions/00000000-0000-0000-0000-000000000000/resourceGroups/clitest.rg000001/providers/Microsoft.Network/privateEndpoints/cli-pe-000005"},"privateLinkServiceConnectionState":{"status":"Approved","description":"Auto-approved","actionsRequired":"None"},"provisioningState":"Ready"},"id":"/subscriptions/00000000-0000-0000-0000-000000000000/resourceGroups/clitest.rg000001/providers/Microsoft.DBforMariaDB/servers/azuredbclitest000002/privateEndpointConnections/cli-pe-000005-9a3f6728-834f-420d-9af5-9310df5736fb","name":"cli-pe-000005-9a3f6728-834f-420d-9af5-9310df5736fb","type":"Microsoft.DBforMariaDB/servers/privateEndpointConnections"}'
    headers:
      cache-control:
      - no-cache
      content-length:
      - '879'
      content-type:
      - application/json; charset=utf-8
      date:
      - Thu, 16 Sep 2021 04:45:24 GMT
      expires:
      - '-1'
      pragma:
      - no-cache
      server:
      - Microsoft-HTTPAPI/2.0
      strict-transport-security:
      - max-age=31536000; includeSubDomains
      transfer-encoding:
      - chunked
      vary:
      - Accept-Encoding
      x-content-type-options:
      - nosniff
    status:
      code: 200
      message: OK
- request:
    body: null
    headers:
      Accept:
      - '*/*'
      Accept-Encoding:
      - gzip, deflate
      CommandName:
      - network private-endpoint-connection approve
      Connection:
      - keep-alive
      ParameterSetName:
      - --resource-name -g --name --description --type
      User-Agent:
      - python/3.8.3 (Windows-10-10.0.18362-SP0) AZURECLI/2.28.1
    method: GET
    uri: https://management.azure.com/subscriptions/00000000-0000-0000-0000-000000000000/resourceGroups/clitest.rg000001/providers/Microsoft.DBforMariaDB/servers/azuredbclitest000002/privateEndpointConnections/cli-pe-000005-9a3f6728-834f-420d-9af5-9310df5736fb?api-version=2018-06-01
  response:
    body:
      string: '{"properties":{"privateEndpoint":{"id":"/subscriptions/00000000-0000-0000-0000-000000000000/resourceGroups/clitest.rg000001/providers/Microsoft.Network/privateEndpoints/cli-pe-000005"},"privateLinkServiceConnectionState":{"status":"Approved","description":"Auto-approved","actionsRequired":"None"},"provisioningState":"Ready"},"id":"/subscriptions/00000000-0000-0000-0000-000000000000/resourceGroups/clitest.rg000001/providers/Microsoft.DBforMariaDB/servers/azuredbclitest000002/privateEndpointConnections/cli-pe-000005-9a3f6728-834f-420d-9af5-9310df5736fb","name":"cli-pe-000005-9a3f6728-834f-420d-9af5-9310df5736fb","type":"Microsoft.DBforMariaDB/servers/privateEndpointConnections"}'
    headers:
      cache-control:
      - no-cache
      content-length:
      - '879'
      content-type:
      - application/json; charset=utf-8
      date:
      - Thu, 16 Sep 2021 04:45:26 GMT
      expires:
      - '-1'
      pragma:
      - no-cache
      server:
      - Microsoft-HTTPAPI/2.0
      strict-transport-security:
      - max-age=31536000; includeSubDomains
      transfer-encoding:
      - chunked
      vary:
      - Accept-Encoding
      x-content-type-options:
      - nosniff
    status:
      code: 200
      message: OK
- request:
    body: '{"properties": {"privateEndpoint": {"id": "/subscriptions/00000000-0000-0000-0000-000000000000/resourceGroups/clitest.rg000001/providers/Microsoft.Network/privateEndpoints/cli-pe-000005"},
      "privateLinkServiceConnectionState": {"status": "Approved", "description": "You
      are approved!", "actionsRequired": "None"}, "provisioningState": "Ready"}, "id":
      "/subscriptions/00000000-0000-0000-0000-000000000000/resourceGroups/clitest.rg000001/providers/Microsoft.DBforMariaDB/servers/azuredbclitest000002/privateEndpointConnections/cli-pe-000005-9a3f6728-834f-420d-9af5-9310df5736fb",
      "name": "cli-pe-000005-9a3f6728-834f-420d-9af5-9310df5736fb", "type": "Microsoft.DBforMariaDB/servers/privateEndpointConnections"}'
    headers:
      Accept:
      - '*/*'
      Accept-Encoding:
      - gzip, deflate
      CommandName:
      - network private-endpoint-connection approve
      Connection:
      - keep-alive
      Content-Length:
      - '901'
      Content-Type:
      - application/json
      ParameterSetName:
      - --resource-name -g --name --description --type
      User-Agent:
      - python/3.8.3 (Windows-10-10.0.18362-SP0) AZURECLI/2.28.1
    method: PUT
    uri: https://management.azure.com/subscriptions/00000000-0000-0000-0000-000000000000/resourceGroups/clitest.rg000001/providers/Microsoft.DBforMariaDB/servers/azuredbclitest000002/privateEndpointConnections/cli-pe-000005-9a3f6728-834f-420d-9af5-9310df5736fb?api-version=2018-06-01
  response:
    body:
      string: '{"error":{"code":"PrivateEndpointConnectionStatusNotPending","message":"Private
        Endpoint Connection Status is not Pending"}}'
    headers:
      cache-control:
      - no-cache
      content-length:
      - '124'
      content-type:
      - application/json; charset=utf-8
      date:
      - Thu, 16 Sep 2021 04:45:29 GMT
      expires:
      - '-1'
      pragma:
      - no-cache
      server:
      - Microsoft-HTTPAPI/2.0
      strict-transport-security:
      - max-age=31536000; includeSubDomains
      x-content-type-options:
      - nosniff
      x-ms-ratelimit-remaining-subscription-writes:
      - '1197'
    status:
      code: 400
      message: Bad Request
- request:
    body: null
    headers:
      Accept:
      - '*/*'
      Accept-Encoding:
      - gzip, deflate
      CommandName:
      - network private-endpoint-connection reject
      Connection:
      - keep-alive
      ParameterSetName:
      - --resource-name -g --name --description --type
      User-Agent:
      - python/3.8.3 (Windows-10-10.0.18362-SP0) AZURECLI/2.28.1
    method: GET
    uri: https://management.azure.com/subscriptions/00000000-0000-0000-0000-000000000000/resourceGroups/clitest.rg000001/providers/Microsoft.DBforMariaDB/servers/azuredbclitest000002/privateEndpointConnections/cli-pe-000005-9a3f6728-834f-420d-9af5-9310df5736fb?api-version=2018-06-01
  response:
    body:
      string: '{"properties":{"privateEndpoint":{"id":"/subscriptions/00000000-0000-0000-0000-000000000000/resourceGroups/clitest.rg000001/providers/Microsoft.Network/privateEndpoints/cli-pe-000005"},"privateLinkServiceConnectionState":{"status":"Approved","description":"Auto-approved","actionsRequired":"None"},"provisioningState":"Ready"},"id":"/subscriptions/00000000-0000-0000-0000-000000000000/resourceGroups/clitest.rg000001/providers/Microsoft.DBforMariaDB/servers/azuredbclitest000002/privateEndpointConnections/cli-pe-000005-9a3f6728-834f-420d-9af5-9310df5736fb","name":"cli-pe-000005-9a3f6728-834f-420d-9af5-9310df5736fb","type":"Microsoft.DBforMariaDB/servers/privateEndpointConnections"}'
    headers:
      cache-control:
      - no-cache
      content-length:
      - '879'
      content-type:
      - application/json; charset=utf-8
      date:
      - Thu, 16 Sep 2021 04:45:32 GMT
      expires:
      - '-1'
      pragma:
      - no-cache
      server:
      - Microsoft-HTTPAPI/2.0
      strict-transport-security:
      - max-age=31536000; includeSubDomains
      transfer-encoding:
      - chunked
      vary:
      - Accept-Encoding
      x-content-type-options:
      - nosniff
    status:
      code: 200
      message: OK
- request:
    body: '{"properties": {"privateEndpoint": {"id": "/subscriptions/00000000-0000-0000-0000-000000000000/resourceGroups/clitest.rg000001/providers/Microsoft.Network/privateEndpoints/cli-pe-000005"},
      "privateLinkServiceConnectionState": {"status": "Rejected", "description": "You
      are rejected!", "actionsRequired": "None"}, "provisioningState": "Ready"}, "id":
      "/subscriptions/00000000-0000-0000-0000-000000000000/resourceGroups/clitest.rg000001/providers/Microsoft.DBforMariaDB/servers/azuredbclitest000002/privateEndpointConnections/cli-pe-000005-9a3f6728-834f-420d-9af5-9310df5736fb",
      "name": "cli-pe-000005-9a3f6728-834f-420d-9af5-9310df5736fb", "type": "Microsoft.DBforMariaDB/servers/privateEndpointConnections"}'
    headers:
      Accept:
      - '*/*'
      Accept-Encoding:
      - gzip, deflate
      CommandName:
      - network private-endpoint-connection reject
      Connection:
      - keep-alive
      Content-Length:
      - '901'
      Content-Type:
      - application/json
      ParameterSetName:
      - --resource-name -g --name --description --type
      User-Agent:
      - python/3.8.3 (Windows-10-10.0.18362-SP0) AZURECLI/2.28.1
    method: PUT
    uri: https://management.azure.com/subscriptions/00000000-0000-0000-0000-000000000000/resourceGroups/clitest.rg000001/providers/Microsoft.DBforMariaDB/servers/azuredbclitest000002/privateEndpointConnections/cli-pe-000005-9a3f6728-834f-420d-9af5-9310df5736fb?api-version=2018-06-01
  response:
    body:
      string: '{"error":{"code":"PrivateEndpointConnectionStatusNotPending","message":"Private
        Endpoint Connection Status is not Pending"}}'
    headers:
      cache-control:
      - no-cache
      content-length:
      - '124'
      content-type:
      - application/json; charset=utf-8
      date:
      - Thu, 16 Sep 2021 04:45:34 GMT
      expires:
      - '-1'
      pragma:
      - no-cache
      server:
      - Microsoft-HTTPAPI/2.0
      strict-transport-security:
      - max-age=31536000; includeSubDomains
      x-content-type-options:
      - nosniff
      x-ms-ratelimit-remaining-subscription-writes:
      - '1197'
    status:
      code: 400
      message: Bad Request
- request:
    body: null
    headers:
      Accept:
      - '*/*'
      Accept-Encoding:
      - gzip, deflate
      CommandName:
      - network private-endpoint-connection delete
      Connection:
      - keep-alive
      Content-Length:
      - '0'
      ParameterSetName:
      - --id -y
      User-Agent:
      - python/3.8.3 (Windows-10-10.0.18362-SP0) AZURECLI/2.28.1
    method: DELETE
    uri: https://management.azure.com/subscriptions/00000000-0000-0000-0000-000000000000/resourceGroups/clitest.rg000001/providers/Microsoft.DBforMariaDB/servers/azuredbclitest000002/privateEndpointConnections/cli-pe-000005-9a3f6728-834f-420d-9af5-9310df5736fb?api-version=2018-06-01
  response:
    body:
      string: '{"operation":"DropElasticServerPrivateEndpointConnection","startTime":"2021-09-16T04:45:36.55Z"}'
    headers:
      azure-asyncoperation:
      - https://management.azure.com/subscriptions/00000000-0000-0000-0000-000000000000/resourceGroups/clitest.rg000001/providers/Microsoft.DBforMariaDB/locations/westus/privateEndpointConnectionAzureAsyncOperation/99d3a76f-c3e6-4b25-88dd-5bcdab68192a?api-version=2018-06-01
      cache-control:
      - no-cache
      content-length:
      - '96'
      content-type:
      - application/json; charset=utf-8
      date:
      - Thu, 16 Sep 2021 04:45:37 GMT
      expires:
      - '-1'
      location:
      - https://management.azure.com/subscriptions/00000000-0000-0000-0000-000000000000/resourceGroups/clitest.rg000001/providers/Microsoft.DBforMariaDB/locations/westus/privateEndpointConnectionOperationResults/99d3a76f-c3e6-4b25-88dd-5bcdab68192a?api-version=2018-06-01
      pragma:
      - no-cache
      server:
      - Microsoft-HTTPAPI/2.0
      strict-transport-security:
      - max-age=31536000; includeSubDomains
      x-content-type-options:
      - nosniff
      x-ms-ratelimit-remaining-subscription-deletes:
      - '14998'
    status:
      code: 202
      message: Accepted
- request:
    body: '{"location": "westus", "properties": {"subnet": {"id": "/subscriptions/00000000-0000-0000-0000-000000000000/resourceGroups/clitest.rg000001/providers/Microsoft.Network/virtualNetworks/cli-vnet-000003/subnets/cli-subnet-000004",
      "properties": {"privateEndpointNetworkPolicies": "Enabled", "privateLinkServiceNetworkPolicies":
      "Enabled"}}, "manualPrivateLinkServiceConnections": [{"name": "cli-pec-000009",
      "properties": {"privateLinkServiceId": "/subscriptions/00000000-0000-0000-0000-000000000000/resourceGroups/clitest.rg000001/providers/Microsoft.DBforMariaDB/servers/azuredbclitest000002",
      "groupIds": ["mariadbServer"]}}]}}'
    headers:
      Accept:
      - application/json
      Accept-Encoding:
      - gzip, deflate
      CommandName:
      - network private-endpoint create
      Connection:
      - keep-alive
      Content-Length:
      - '814'
      Content-Type:
      - application/json
      ParameterSetName:
      - -g -n --vnet-name --subnet -l --connection-name --private-connection-resource-id
        --group-id --manual-request
      User-Agent:
      - AZURECLI/2.28.1 azsdk-python-azure-mgmt-network/19.0.0 Python/3.8.3 (Windows-10-10.0.18362-SP0)
    method: PUT
    uri: https://management.azure.com/subscriptions/00000000-0000-0000-0000-000000000000/resourceGroups/clitest.rg000001/providers/Microsoft.Network/privateEndpoints/cli-pe-000006?api-version=2021-03-01
  response:
    body:
      string: "{\r\n  \"name\": \"cli-pe-000006\",\r\n  \"id\": \"/subscriptions/00000000-0000-0000-0000-000000000000/resourceGroups/clitest.rg000001/providers/Microsoft.Network/privateEndpoints/cli-pe-000006\",\r\n
        \ \"etag\": \"W/\\\"fc9c503b-2956-451e-b9a0-8964a29e13de\\\"\",\r\n  \"type\":
        \"Microsoft.Network/privateEndpoints\",\r\n  \"location\": \"westus\",\r\n
        \ \"properties\": {\r\n    \"provisioningState\": \"Updating\",\r\n    \"resourceGuid\":
        \"508343c2-d5b0-4b5d-b0ac-c05ca326a3da\",\r\n    \"privateLinkServiceConnections\":
        [],\r\n    \"manualPrivateLinkServiceConnections\": [\r\n      {\r\n        \"name\":
        \"cli-pec-000009\",\r\n        \"id\": \"/subscriptions/00000000-0000-0000-0000-000000000000/resourceGroups/clitest.rg000001/providers/Microsoft.Network/privateEndpoints/cli-pe-000006/manualPrivateLinkServiceConnections/cli-pec-000009\",\r\n
        \       \"etag\": \"W/\\\"fc9c503b-2956-451e-b9a0-8964a29e13de\\\"\",\r\n
        \       \"properties\": {\r\n          \"provisioningState\": \"Succeeded\",\r\n
        \         \"privateLinkServiceId\": \"/subscriptions/00000000-0000-0000-0000-000000000000/resourceGroups/clitest.rg000001/providers/Microsoft.DBforMariaDB/servers/azuredbclitest000002\",\r\n
        \         \"groupIds\": [\r\n            \"mariadbServer\"\r\n          ],\r\n
        \         \"privateLinkServiceConnectionState\": {\r\n            \"status\":
        \"Pending\",\r\n            \"description\": \"Awaiting Approval\",\r\n            \"actionsRequired\":
        \"None\"\r\n          }\r\n        },\r\n        \"type\": \"Microsoft.Network/privateEndpoints/manualPrivateLinkServiceConnections\"\r\n
        \     }\r\n    ],\r\n    \"subnet\": {\r\n      \"id\": \"/subscriptions/00000000-0000-0000-0000-000000000000/resourceGroups/clitest.rg000001/providers/Microsoft.Network/virtualNetworks/cli-vnet-000003/subnets/cli-subnet-000004\"\r\n
        \   },\r\n    \"ipConfigurations\": [],\r\n    \"networkInterfaces\": [\r\n
        \     {\r\n        \"id\": \"/subscriptions/00000000-0000-0000-0000-000000000000/resourceGroups/clitest.rg000001/providers/Microsoft.Network/networkInterfaces/cli-pe-000006.nic.cd6ab282-1941-4c80-af2a-398ac4830f19\"\r\n
        \     }\r\n    ],\r\n    \"customDnsConfigs\": []\r\n  }\r\n}"
    headers:
      azure-asyncnotification:
      - Enabled
      azure-asyncoperation:
      - https://management.azure.com/subscriptions/00000000-0000-0000-0000-000000000000/providers/Microsoft.Network/locations/westus/operations/7b4b28a4-c173-4607-8702-d1b1106b4923?api-version=2021-03-01
      cache-control:
      - no-cache
      content-length:
      - '2415'
      content-type:
      - application/json; charset=utf-8
      date:
      - Thu, 16 Sep 2021 04:45:46 GMT
      expires:
      - '-1'
      pragma:
      - no-cache
      server:
      - Microsoft-HTTPAPI/2.0
      - Microsoft-HTTPAPI/2.0
      strict-transport-security:
      - max-age=31536000; includeSubDomains
      x-content-type-options:
      - nosniff
      x-ms-arm-service-request-id:
      - 3026e08f-2d96-4ac7-83a0-55a350c1d197
      x-ms-ratelimit-remaining-subscription-writes:
      - '1196'
    status:
      code: 201
      message: Created
- request:
    body: null
    headers:
      Accept:
      - '*/*'
      Accept-Encoding:
      - gzip, deflate
      CommandName:
      - network private-endpoint create
      Connection:
      - keep-alive
      ParameterSetName:
      - -g -n --vnet-name --subnet -l --connection-name --private-connection-resource-id
        --group-id --manual-request
      User-Agent:
      - AZURECLI/2.28.1 azsdk-python-azure-mgmt-network/19.0.0 Python/3.8.3 (Windows-10-10.0.18362-SP0)
    method: GET
    uri: https://management.azure.com/subscriptions/00000000-0000-0000-0000-000000000000/providers/Microsoft.Network/locations/westus/operations/7b4b28a4-c173-4607-8702-d1b1106b4923?api-version=2021-03-01
  response:
    body:
      string: "{\r\n  \"status\": \"InProgress\"\r\n}"
    headers:
      cache-control:
      - no-cache
      content-length:
      - '30'
      content-type:
      - application/json; charset=utf-8
      date:
      - Thu, 16 Sep 2021 04:45:57 GMT
      expires:
      - '-1'
      pragma:
      - no-cache
      server:
      - Microsoft-HTTPAPI/2.0
      - Microsoft-HTTPAPI/2.0
      strict-transport-security:
      - max-age=31536000; includeSubDomains
      transfer-encoding:
      - chunked
      vary:
      - Accept-Encoding
      x-content-type-options:
      - nosniff
      x-ms-arm-service-request-id:
      - afd9e41f-1084-46a2-8457-b60743606064
    status:
      code: 200
      message: OK
- request:
    body: null
    headers:
      Accept:
      - '*/*'
      Accept-Encoding:
      - gzip, deflate
      CommandName:
      - network private-endpoint create
      Connection:
      - keep-alive
      ParameterSetName:
      - -g -n --vnet-name --subnet -l --connection-name --private-connection-resource-id
        --group-id --manual-request
      User-Agent:
      - AZURECLI/2.28.1 azsdk-python-azure-mgmt-network/19.0.0 Python/3.8.3 (Windows-10-10.0.18362-SP0)
    method: GET
    uri: https://management.azure.com/subscriptions/00000000-0000-0000-0000-000000000000/providers/Microsoft.Network/locations/westus/operations/7b4b28a4-c173-4607-8702-d1b1106b4923?api-version=2021-03-01
  response:
    body:
      string: "{\r\n  \"status\": \"Succeeded\"\r\n}"
    headers:
      cache-control:
      - no-cache
      content-length:
      - '29'
      content-type:
      - application/json; charset=utf-8
      date:
      - Thu, 16 Sep 2021 04:46:07 GMT
      expires:
      - '-1'
      pragma:
      - no-cache
      server:
      - Microsoft-HTTPAPI/2.0
      - Microsoft-HTTPAPI/2.0
      strict-transport-security:
      - max-age=31536000; includeSubDomains
      transfer-encoding:
      - chunked
      vary:
      - Accept-Encoding
      x-content-type-options:
      - nosniff
      x-ms-arm-service-request-id:
      - 8178230a-a472-4976-8eaf-014cc98e154d
    status:
      code: 200
      message: OK
- request:
    body: null
    headers:
      Accept:
      - '*/*'
      Accept-Encoding:
      - gzip, deflate
      CommandName:
      - network private-endpoint create
      Connection:
      - keep-alive
      ParameterSetName:
      - -g -n --vnet-name --subnet -l --connection-name --private-connection-resource-id
        --group-id --manual-request
      User-Agent:
      - AZURECLI/2.28.1 azsdk-python-azure-mgmt-network/19.0.0 Python/3.8.3 (Windows-10-10.0.18362-SP0)
    method: GET
    uri: https://management.azure.com/subscriptions/00000000-0000-0000-0000-000000000000/resourceGroups/clitest.rg000001/providers/Microsoft.Network/privateEndpoints/cli-pe-000006?api-version=2021-03-01
  response:
    body:
      string: "{\r\n  \"name\": \"cli-pe-000006\",\r\n  \"id\": \"/subscriptions/00000000-0000-0000-0000-000000000000/resourceGroups/clitest.rg000001/providers/Microsoft.Network/privateEndpoints/cli-pe-000006\",\r\n
        \ \"etag\": \"W/\\\"401e1e6d-dffa-450e-8ade-feca4de028ea\\\"\",\r\n  \"type\":
        \"Microsoft.Network/privateEndpoints\",\r\n  \"location\": \"westus\",\r\n
        \ \"properties\": {\r\n    \"provisioningState\": \"Succeeded\",\r\n    \"resourceGuid\":
        \"508343c2-d5b0-4b5d-b0ac-c05ca326a3da\",\r\n    \"privateLinkServiceConnections\":
        [],\r\n    \"manualPrivateLinkServiceConnections\": [\r\n      {\r\n        \"name\":
        \"cli-pec-000009\",\r\n        \"id\": \"/subscriptions/00000000-0000-0000-0000-000000000000/resourceGroups/clitest.rg000001/providers/Microsoft.Network/privateEndpoints/cli-pe-000006/manualPrivateLinkServiceConnections/cli-pec-000009\",\r\n
        \       \"etag\": \"W/\\\"401e1e6d-dffa-450e-8ade-feca4de028ea\\\"\",\r\n
        \       \"properties\": {\r\n          \"provisioningState\": \"Succeeded\",\r\n
        \         \"privateLinkServiceId\": \"/subscriptions/00000000-0000-0000-0000-000000000000/resourceGroups/clitest.rg000001/providers/Microsoft.DBforMariaDB/servers/azuredbclitest000002\",\r\n
        \         \"groupIds\": [\r\n            \"mariadbServer\"\r\n          ],\r\n
        \         \"privateLinkServiceConnectionState\": {\r\n            \"status\":
        \"Pending\",\r\n            \"description\": \"\",\r\n            \"actionsRequired\":
        \"None\"\r\n          }\r\n        },\r\n        \"type\": \"Microsoft.Network/privateEndpoints/manualPrivateLinkServiceConnections\"\r\n
        \     }\r\n    ],\r\n    \"subnet\": {\r\n      \"id\": \"/subscriptions/00000000-0000-0000-0000-000000000000/resourceGroups/clitest.rg000001/providers/Microsoft.Network/virtualNetworks/cli-vnet-000003/subnets/cli-subnet-000004\"\r\n
        \   },\r\n    \"ipConfigurations\": [],\r\n    \"networkInterfaces\": [\r\n
        \     {\r\n        \"id\": \"/subscriptions/00000000-0000-0000-0000-000000000000/resourceGroups/clitest.rg000001/providers/Microsoft.Network/networkInterfaces/cli-pe-000006.nic.cd6ab282-1941-4c80-af2a-398ac4830f19\"\r\n
        \     }\r\n    ],\r\n    \"customDnsConfigs\": []\r\n  }\r\n}"
    headers:
      cache-control:
      - no-cache
      content-length:
      - '2399'
      content-type:
      - application/json; charset=utf-8
      date:
      - Thu, 16 Sep 2021 04:46:07 GMT
      etag:
      - W/"401e1e6d-dffa-450e-8ade-feca4de028ea"
      expires:
      - '-1'
      pragma:
      - no-cache
      server:
      - Microsoft-HTTPAPI/2.0
      - Microsoft-HTTPAPI/2.0
      strict-transport-security:
      - max-age=31536000; includeSubDomains
      transfer-encoding:
      - chunked
      vary:
      - Accept-Encoding
      x-content-type-options:
      - nosniff
      x-ms-arm-service-request-id:
      - 859427e9-7e47-45c5-94a0-5f47e63b7942
    status:
      code: 200
      message: OK
- request:
    body: null
    headers:
      Accept:
      - application/json
      Accept-Encoding:
      - gzip, deflate
      CommandName:
      - mariadb server show
      Connection:
      - keep-alive
      ParameterSetName:
      - -g -n
      User-Agent:
      - AZURECLI/2.28.1 azsdk-python-mgmt-rdbms/9.1.0b1 Python/3.8.3 (Windows-10-10.0.18362-SP0)
    method: GET
    uri: https://management.azure.com/subscriptions/00000000-0000-0000-0000-000000000000/resourceGroups/clitest.rg000001/providers/Microsoft.DBForMariaDB/servers/azuredbclitest000002?api-version=2018-06-01
  response:
    body:
      string: '{"sku":{"name":"GP_Gen5_2","tier":"GeneralPurpose","family":"Gen5","capacity":2},"properties":{"administratorLogin":"cloudsa","storageProfile":{"storageMB":51200,"backupRetentionDays":7,"geoRedundantBackup":"Disabled","storageAutogrow":"Enabled"},"version":"10.2","sslEnforcement":"Enabled","minimalTlsVersion":"TLSEnforcementDisabled","userVisibleState":"Ready","fullyQualifiedDomainName":"azuredbclitest000002.mariadb.database.azure.com","earliestRestoreDate":"2021-09-16T04:52:31.34+00:00","replicationRole":"None","masterServerId":"","replicaCapacity":5,"byokEnforcement":"Disabled","infrastructureEncryption":"Disabled","privateEndpointConnections":[{"id":"/subscriptions/00000000-0000-0000-0000-000000000000/resourceGroups/clitest.rg000001/providers/Microsoft.DBforMariaDB/servers/azuredbclitest000002/privateEndpointConnections/cli-pe-000006-0a63b6a8-cf8d-4069-b2c5-18801c88fce0","properties":{"privateEndpoint":{"id":"/subscriptions/00000000-0000-0000-0000-000000000000/resourceGroups/clitest.rg000001/providers/Microsoft.Network/privateEndpoints/cli-pe-000006"},"privateLinkServiceConnectionState":{"status":"Pending","description":"","actionsRequired":"None"},"provisioningState":"Ready"}}],"publicNetworkAccess":"Enabled"},"location":"westus","id":"/subscriptions/00000000-0000-0000-0000-000000000000/resourceGroups/clitest.rg000001/providers/Microsoft.DBforMariaDB/servers/azuredbclitest000002","name":"azuredbclitest000002","type":"Microsoft.DBforMariaDB/servers"}'
    headers:
      cache-control:
      - no-cache
      content-length:
      - '1848'
      content-type:
      - application/json; charset=utf-8
      date:
      - Thu, 16 Sep 2021 04:46:10 GMT
      expires:
      - '-1'
      pragma:
      - no-cache
      server:
      - Microsoft-HTTPAPI/2.0
      strict-transport-security:
      - max-age=31536000; includeSubDomains
      transfer-encoding:
      - chunked
      vary:
      - Accept-Encoding
      x-content-type-options:
      - nosniff
    status:
      code: 200
      message: OK
- request:
    body: null
    headers:
      Accept:
      - '*/*'
      Accept-Encoding:
      - gzip, deflate
      CommandName:
      - network private-endpoint-connection show
      Connection:
      - keep-alive
      ParameterSetName:
      - --resource-name -g --name --type
      User-Agent:
      - python/3.8.3 (Windows-10-10.0.18362-SP0) AZURECLI/2.28.1
    method: GET
    uri: https://management.azure.com/subscriptions/00000000-0000-0000-0000-000000000000/resourceGroups/clitest.rg000001/providers/Microsoft.DBforMariaDB/servers/azuredbclitest000002/privateEndpointConnections/cli-pe-000006-0a63b6a8-cf8d-4069-b2c5-18801c88fce0?api-version=2018-06-01
  response:
    body:
      string: '{"properties":{"privateEndpoint":{"id":"/subscriptions/00000000-0000-0000-0000-000000000000/resourceGroups/clitest.rg000001/providers/Microsoft.Network/privateEndpoints/cli-pe-000006"},"privateLinkServiceConnectionState":{"status":"Pending","description":"","actionsRequired":"None"},"provisioningState":"Ready"},"id":"/subscriptions/00000000-0000-0000-0000-000000000000/resourceGroups/clitest.rg000001/providers/Microsoft.DBforMariaDB/servers/azuredbclitest000002/privateEndpointConnections/cli-pe-000006-0a63b6a8-cf8d-4069-b2c5-18801c88fce0","name":"cli-pe-000006-0a63b6a8-cf8d-4069-b2c5-18801c88fce0","type":"Microsoft.DBforMariaDB/servers/privateEndpointConnections"}'
    headers:
      cache-control:
      - no-cache
      content-length:
      - '865'
      content-type:
      - application/json; charset=utf-8
      date:
      - Thu, 16 Sep 2021 04:46:12 GMT
      expires:
      - '-1'
      pragma:
      - no-cache
      server:
      - Microsoft-HTTPAPI/2.0
      strict-transport-security:
      - max-age=31536000; includeSubDomains
      transfer-encoding:
      - chunked
      vary:
      - Accept-Encoding
      x-content-type-options:
      - nosniff
    status:
      code: 200
      message: OK
- request:
    body: null
    headers:
      Accept:
      - '*/*'
      Accept-Encoding:
      - gzip, deflate
      CommandName:
      - network private-endpoint-connection approve
      Connection:
      - keep-alive
      ParameterSetName:
      - --resource-name -g --name --description --type
      User-Agent:
      - python/3.8.3 (Windows-10-10.0.18362-SP0) AZURECLI/2.28.1
    method: GET
    uri: https://management.azure.com/subscriptions/00000000-0000-0000-0000-000000000000/resourceGroups/clitest.rg000001/providers/Microsoft.DBforMariaDB/servers/azuredbclitest000002/privateEndpointConnections/cli-pe-000006-0a63b6a8-cf8d-4069-b2c5-18801c88fce0?api-version=2018-06-01
  response:
    body:
      string: '{"properties":{"privateEndpoint":{"id":"/subscriptions/00000000-0000-0000-0000-000000000000/resourceGroups/clitest.rg000001/providers/Microsoft.Network/privateEndpoints/cli-pe-000006"},"privateLinkServiceConnectionState":{"status":"Pending","description":"","actionsRequired":"None"},"provisioningState":"Ready"},"id":"/subscriptions/00000000-0000-0000-0000-000000000000/resourceGroups/clitest.rg000001/providers/Microsoft.DBforMariaDB/servers/azuredbclitest000002/privateEndpointConnections/cli-pe-000006-0a63b6a8-cf8d-4069-b2c5-18801c88fce0","name":"cli-pe-000006-0a63b6a8-cf8d-4069-b2c5-18801c88fce0","type":"Microsoft.DBforMariaDB/servers/privateEndpointConnections"}'
    headers:
      cache-control:
      - no-cache
      content-length:
      - '865'
      content-type:
      - application/json; charset=utf-8
      date:
      - Thu, 16 Sep 2021 04:46:14 GMT
      expires:
      - '-1'
      pragma:
      - no-cache
      server:
      - Microsoft-HTTPAPI/2.0
      strict-transport-security:
      - max-age=31536000; includeSubDomains
      transfer-encoding:
      - chunked
      vary:
      - Accept-Encoding
      x-content-type-options:
      - nosniff
    status:
      code: 200
      message: OK
- request:
    body: '{"properties": {"privateEndpoint": {"id": "/subscriptions/00000000-0000-0000-0000-000000000000/resourceGroups/clitest.rg000001/providers/Microsoft.Network/privateEndpoints/cli-pe-000006"},
      "privateLinkServiceConnectionState": {"status": "Approved", "description": "You
      are approved!", "actionsRequired": "None"}, "provisioningState": "Ready"}, "id":
      "/subscriptions/00000000-0000-0000-0000-000000000000/resourceGroups/clitest.rg000001/providers/Microsoft.DBforMariaDB/servers/azuredbclitest000002/privateEndpointConnections/cli-pe-000006-0a63b6a8-cf8d-4069-b2c5-18801c88fce0",
      "name": "cli-pe-000006-0a63b6a8-cf8d-4069-b2c5-18801c88fce0", "type": "Microsoft.DBforMariaDB/servers/privateEndpointConnections"}'
    headers:
      Accept:
      - '*/*'
      Accept-Encoding:
      - gzip, deflate
      CommandName:
      - network private-endpoint-connection approve
      Connection:
      - keep-alive
      Content-Length:
      - '901'
      Content-Type:
      - application/json
      ParameterSetName:
      - --resource-name -g --name --description --type
      User-Agent:
      - python/3.8.3 (Windows-10-10.0.18362-SP0) AZURECLI/2.28.1
    method: PUT
    uri: https://management.azure.com/subscriptions/00000000-0000-0000-0000-000000000000/resourceGroups/clitest.rg000001/providers/Microsoft.DBforMariaDB/servers/azuredbclitest000002/privateEndpointConnections/cli-pe-000006-0a63b6a8-cf8d-4069-b2c5-18801c88fce0?api-version=2018-06-01
  response:
    body:
      string: '{"operation":"ApproveElasticServerPrivateEndpointConnection","startTime":"2021-09-16T04:46:16.563Z"}'
    headers:
      azure-asyncoperation:
      - https://management.azure.com/subscriptions/00000000-0000-0000-0000-000000000000/resourceGroups/clitest.rg000001/providers/Microsoft.DBforMariaDB/locations/westus/privateEndpointConnectionAzureAsyncOperation/29f3cc9d-c0f7-43d6-aced-c2447427e466?api-version=2018-06-01
      cache-control:
      - no-cache
      content-length:
      - '100'
      content-type:
      - application/json; charset=utf-8
      date:
      - Thu, 16 Sep 2021 04:46:17 GMT
      expires:
      - '-1'
      location:
      - https://management.azure.com/subscriptions/00000000-0000-0000-0000-000000000000/resourceGroups/clitest.rg000001/providers/Microsoft.DBforMariaDB/locations/westus/privateEndpointConnectionOperationResults/29f3cc9d-c0f7-43d6-aced-c2447427e466?api-version=2018-06-01
      pragma:
      - no-cache
      server:
      - Microsoft-HTTPAPI/2.0
      strict-transport-security:
      - max-age=31536000; includeSubDomains
      x-content-type-options:
      - nosniff
      x-ms-ratelimit-remaining-subscription-writes:
      - '1197'
    status:
      code: 202
      message: Accepted
- request:
    body: null
    headers:
      Accept:
      - '*/*'
      Accept-Encoding:
      - gzip, deflate
      CommandName:
      - network private-endpoint-connection approve
      Connection:
      - keep-alive
      ParameterSetName:
      - --resource-name -g --name --description --type
      User-Agent:
      - python/3.8.3 (Windows-10-10.0.18362-SP0) AZURECLI/2.28.1
    method: GET
    uri: https://management.azure.com/subscriptions/00000000-0000-0000-0000-000000000000/resourceGroups/clitest.rg000001/providers/Microsoft.DBforMariaDB/servers/azuredbclitest000002/privateEndpointConnections/cli-pe-000006-0a63b6a8-cf8d-4069-b2c5-18801c88fce0?api-version=2018-06-01
  response:
    body:
      string: '{"properties":{"privateEndpoint":{"id":"/subscriptions/00000000-0000-0000-0000-000000000000/resourceGroups/clitest.rg000001/providers/Microsoft.Network/privateEndpoints/cli-pe-000006"},"privateLinkServiceConnectionState":{"status":"Approved","description":"You
        are approved!","actionsRequired":"None"},"provisioningState":"Approving"},"id":"/subscriptions/00000000-0000-0000-0000-000000000000/resourceGroups/clitest.rg000001/providers/Microsoft.DBforMariaDB/servers/azuredbclitest000002/privateEndpointConnections/cli-pe-000006-0a63b6a8-cf8d-4069-b2c5-18801c88fce0","name":"cli-pe-000006-0a63b6a8-cf8d-4069-b2c5-18801c88fce0","type":"Microsoft.DBforMariaDB/servers/privateEndpointConnections"}'
    headers:
      cache-control:
      - no-cache
      content-length:
      - '887'
      content-type:
      - application/json; charset=utf-8
      date:
      - Thu, 16 Sep 2021 04:46:29 GMT
      expires:
      - '-1'
      pragma:
      - no-cache
      server:
      - Microsoft-HTTPAPI/2.0
      strict-transport-security:
      - max-age=31536000; includeSubDomains
      transfer-encoding:
      - chunked
      vary:
      - Accept-Encoding
      x-content-type-options:
      - nosniff
    status:
      code: 200
      message: OK
- request:
    body: null
    headers:
      Accept:
      - '*/*'
      Accept-Encoding:
      - gzip, deflate
      CommandName:
      - network private-endpoint-connection approve
      Connection:
      - keep-alive
      ParameterSetName:
      - --resource-name -g --name --description --type
      User-Agent:
      - python/3.8.3 (Windows-10-10.0.18362-SP0) AZURECLI/2.28.1
    method: GET
    uri: https://management.azure.com/subscriptions/00000000-0000-0000-0000-000000000000/resourceGroups/clitest.rg000001/providers/Microsoft.DBforMariaDB/servers/azuredbclitest000002/privateEndpointConnections/cli-pe-000006-0a63b6a8-cf8d-4069-b2c5-18801c88fce0?api-version=2018-06-01
  response:
    body:
      string: '{"properties":{"privateEndpoint":{"id":"/subscriptions/00000000-0000-0000-0000-000000000000/resourceGroups/clitest.rg000001/providers/Microsoft.Network/privateEndpoints/cli-pe-000006"},"privateLinkServiceConnectionState":{"status":"Approved","description":"You
        are approved!","actionsRequired":"None"},"provisioningState":"Ready"},"id":"/subscriptions/00000000-0000-0000-0000-000000000000/resourceGroups/clitest.rg000001/providers/Microsoft.DBforMariaDB/servers/azuredbclitest000002/privateEndpointConnections/cli-pe-000006-0a63b6a8-cf8d-4069-b2c5-18801c88fce0","name":"cli-pe-000006-0a63b6a8-cf8d-4069-b2c5-18801c88fce0","type":"Microsoft.DBforMariaDB/servers/privateEndpointConnections"}'
    headers:
      cache-control:
      - no-cache
      content-length:
      - '883'
      content-type:
      - application/json; charset=utf-8
      date:
      - Thu, 16 Sep 2021 04:46:41 GMT
      expires:
      - '-1'
      pragma:
      - no-cache
      server:
      - Microsoft-HTTPAPI/2.0
      strict-transport-security:
      - max-age=31536000; includeSubDomains
      transfer-encoding:
      - chunked
      vary:
      - Accept-Encoding
      x-content-type-options:
      - nosniff
    status:
      code: 200
      message: OK
- request:
    body: null
    headers:
      Accept:
      - '*/*'
      Accept-Encoding:
      - gzip, deflate
      CommandName:
      - network private-endpoint-connection reject
      Connection:
      - keep-alive
      ParameterSetName:
      - --resource-name -g --name --description --type
      User-Agent:
      - python/3.8.3 (Windows-10-10.0.18362-SP0) AZURECLI/2.28.1
    method: GET
    uri: https://management.azure.com/subscriptions/00000000-0000-0000-0000-000000000000/resourceGroups/clitest.rg000001/providers/Microsoft.DBforMariaDB/servers/azuredbclitest000002/privateEndpointConnections/cli-pe-000006-0a63b6a8-cf8d-4069-b2c5-18801c88fce0?api-version=2018-06-01
  response:
    body:
      string: '{"properties":{"privateEndpoint":{"id":"/subscriptions/00000000-0000-0000-0000-000000000000/resourceGroups/clitest.rg000001/providers/Microsoft.Network/privateEndpoints/cli-pe-000006"},"privateLinkServiceConnectionState":{"status":"Approved","description":"You
        are approved!","actionsRequired":"None"},"provisioningState":"Ready"},"id":"/subscriptions/00000000-0000-0000-0000-000000000000/resourceGroups/clitest.rg000001/providers/Microsoft.DBforMariaDB/servers/azuredbclitest000002/privateEndpointConnections/cli-pe-000006-0a63b6a8-cf8d-4069-b2c5-18801c88fce0","name":"cli-pe-000006-0a63b6a8-cf8d-4069-b2c5-18801c88fce0","type":"Microsoft.DBforMariaDB/servers/privateEndpointConnections"}'
    headers:
      cache-control:
      - no-cache
      content-length:
      - '883'
      content-type:
      - application/json; charset=utf-8
      date:
      - Thu, 16 Sep 2021 04:46:43 GMT
      expires:
      - '-1'
      pragma:
      - no-cache
      server:
      - Microsoft-HTTPAPI/2.0
      strict-transport-security:
      - max-age=31536000; includeSubDomains
      transfer-encoding:
      - chunked
      vary:
      - Accept-Encoding
      x-content-type-options:
      - nosniff
    status:
      code: 200
      message: OK
- request:
    body: '{"properties": {"privateEndpoint": {"id": "/subscriptions/00000000-0000-0000-0000-000000000000/resourceGroups/clitest.rg000001/providers/Microsoft.Network/privateEndpoints/cli-pe-000006"},
      "privateLinkServiceConnectionState": {"status": "Rejected", "description": "You
      are rejected!", "actionsRequired": "None"}, "provisioningState": "Ready"}, "id":
      "/subscriptions/00000000-0000-0000-0000-000000000000/resourceGroups/clitest.rg000001/providers/Microsoft.DBforMariaDB/servers/azuredbclitest000002/privateEndpointConnections/cli-pe-000006-0a63b6a8-cf8d-4069-b2c5-18801c88fce0",
      "name": "cli-pe-000006-0a63b6a8-cf8d-4069-b2c5-18801c88fce0", "type": "Microsoft.DBforMariaDB/servers/privateEndpointConnections"}'
    headers:
      Accept:
      - '*/*'
      Accept-Encoding:
      - gzip, deflate
      CommandName:
      - network private-endpoint-connection reject
      Connection:
      - keep-alive
      Content-Length:
      - '901'
      Content-Type:
      - application/json
      ParameterSetName:
      - --resource-name -g --name --description --type
      User-Agent:
      - python/3.8.3 (Windows-10-10.0.18362-SP0) AZURECLI/2.28.1
    method: PUT
    uri: https://management.azure.com/subscriptions/00000000-0000-0000-0000-000000000000/resourceGroups/clitest.rg000001/providers/Microsoft.DBforMariaDB/servers/azuredbclitest000002/privateEndpointConnections/cli-pe-000006-0a63b6a8-cf8d-4069-b2c5-18801c88fce0?api-version=2018-06-01
  response:
    body:
      string: '{"error":{"code":"PrivateEndpointConnectionStatusNotPending","message":"Private
        Endpoint Connection Status is not Pending"}}'
    headers:
      cache-control:
      - no-cache
      content-length:
      - '124'
      content-type:
      - application/json; charset=utf-8
      date:
      - Thu, 16 Sep 2021 04:46:46 GMT
      expires:
      - '-1'
      pragma:
      - no-cache
      server:
      - Microsoft-HTTPAPI/2.0
      strict-transport-security:
      - max-age=31536000; includeSubDomains
      x-content-type-options:
      - nosniff
      x-ms-ratelimit-remaining-subscription-writes:
      - '1195'
    status:
      code: 400
      message: Bad Request
- request:
    body: null
    headers:
      Accept:
      - '*/*'
      Accept-Encoding:
      - gzip, deflate
      CommandName:
      - network private-endpoint-connection delete
      Connection:
      - keep-alive
      Content-Length:
      - '0'
      ParameterSetName:
      - --id -y
      User-Agent:
      - python/3.8.3 (Windows-10-10.0.18362-SP0) AZURECLI/2.28.1
    method: DELETE
    uri: https://management.azure.com/subscriptions/00000000-0000-0000-0000-000000000000/resourceGroups/clitest.rg000001/providers/Microsoft.DBforMariaDB/servers/azuredbclitest000002/privateEndpointConnections/cli-pe-000006-0a63b6a8-cf8d-4069-b2c5-18801c88fce0?api-version=2018-06-01
  response:
    body:
      string: '{"operation":"DropElasticServerPrivateEndpointConnection","startTime":"2021-09-16T04:46:49.613Z"}'
    headers:
      azure-asyncoperation:
      - https://management.azure.com/subscriptions/00000000-0000-0000-0000-000000000000/resourceGroups/clitest.rg000001/providers/Microsoft.DBforMariaDB/locations/westus/privateEndpointConnectionAzureAsyncOperation/6e9b2c5f-0085-4c5c-8ba1-910ff0744b14?api-version=2018-06-01
      cache-control:
      - no-cache
      content-length:
      - '97'
      content-type:
      - application/json; charset=utf-8
      date:
      - Thu, 16 Sep 2021 04:46:50 GMT
      expires:
      - '-1'
      location:
      - https://management.azure.com/subscriptions/00000000-0000-0000-0000-000000000000/resourceGroups/clitest.rg000001/providers/Microsoft.DBforMariaDB/locations/westus/privateEndpointConnectionOperationResults/6e9b2c5f-0085-4c5c-8ba1-910ff0744b14?api-version=2018-06-01
      pragma:
      - no-cache
      server:
      - Microsoft-HTTPAPI/2.0
      strict-transport-security:
      - max-age=31536000; includeSubDomains
      x-content-type-options:
      - nosniff
      x-ms-ratelimit-remaining-subscription-deletes:
      - '14998'
    status:
      code: 202
      message: Accepted
- request:
    body: '{"location": "westus", "properties": {"subnet": {"id": "/subscriptions/00000000-0000-0000-0000-000000000000/resourceGroups/clitest.rg000001/providers/Microsoft.Network/virtualNetworks/cli-vnet-000003/subnets/cli-subnet-000004",
      "properties": {"privateEndpointNetworkPolicies": "Enabled", "privateLinkServiceNetworkPolicies":
      "Enabled"}}, "manualPrivateLinkServiceConnections": [{"name": "cli-pec-000010",
      "properties": {"privateLinkServiceId": "/subscriptions/00000000-0000-0000-0000-000000000000/resourceGroups/clitest.rg000001/providers/Microsoft.DBforMariaDB/servers/azuredbclitest000002",
      "groupIds": ["mariadbServer"]}}]}}'
    headers:
      Accept:
      - application/json
      Accept-Encoding:
      - gzip, deflate
      CommandName:
      - network private-endpoint create
      Connection:
      - keep-alive
      Content-Length:
      - '814'
      Content-Type:
      - application/json
      ParameterSetName:
      - -g -n --vnet-name --subnet -l --connection-name --private-connection-resource-id
        --group-id --manual-request
      User-Agent:
      - AZURECLI/2.28.1 azsdk-python-azure-mgmt-network/19.0.0 Python/3.8.3 (Windows-10-10.0.18362-SP0)
    method: PUT
    uri: https://management.azure.com/subscriptions/00000000-0000-0000-0000-000000000000/resourceGroups/clitest.rg000001/providers/Microsoft.Network/privateEndpoints/cli-pe-000007?api-version=2021-03-01
  response:
    body:
      string: "{\r\n  \"name\": \"cli-pe-000007\",\r\n  \"id\": \"/subscriptions/00000000-0000-0000-0000-000000000000/resourceGroups/clitest.rg000001/providers/Microsoft.Network/privateEndpoints/cli-pe-000007\",\r\n
        \ \"etag\": \"W/\\\"5a38f21d-a660-46dc-ad39-9d2aad3176e6\\\"\",\r\n  \"type\":
        \"Microsoft.Network/privateEndpoints\",\r\n  \"location\": \"westus\",\r\n
        \ \"properties\": {\r\n    \"provisioningState\": \"Updating\",\r\n    \"resourceGuid\":
        \"d0828a7d-24da-4e84-b0bd-1cf1572980b7\",\r\n    \"privateLinkServiceConnections\":
        [],\r\n    \"manualPrivateLinkServiceConnections\": [\r\n      {\r\n        \"name\":
        \"cli-pec-000010\",\r\n        \"id\": \"/subscriptions/00000000-0000-0000-0000-000000000000/resourceGroups/clitest.rg000001/providers/Microsoft.Network/privateEndpoints/cli-pe-000007/manualPrivateLinkServiceConnections/cli-pec-000010\",\r\n
        \       \"etag\": \"W/\\\"5a38f21d-a660-46dc-ad39-9d2aad3176e6\\\"\",\r\n
        \       \"properties\": {\r\n          \"provisioningState\": \"Succeeded\",\r\n
        \         \"privateLinkServiceId\": \"/subscriptions/00000000-0000-0000-0000-000000000000/resourceGroups/clitest.rg000001/providers/Microsoft.DBforMariaDB/servers/azuredbclitest000002\",\r\n
        \         \"groupIds\": [\r\n            \"mariadbServer\"\r\n          ],\r\n
        \         \"privateLinkServiceConnectionState\": {\r\n            \"status\":
        \"Pending\",\r\n            \"description\": \"Awaiting Approval\",\r\n            \"actionsRequired\":
        \"None\"\r\n          }\r\n        },\r\n        \"type\": \"Microsoft.Network/privateEndpoints/manualPrivateLinkServiceConnections\"\r\n
        \     }\r\n    ],\r\n    \"subnet\": {\r\n      \"id\": \"/subscriptions/00000000-0000-0000-0000-000000000000/resourceGroups/clitest.rg000001/providers/Microsoft.Network/virtualNetworks/cli-vnet-000003/subnets/cli-subnet-000004\"\r\n
        \   },\r\n    \"ipConfigurations\": [],\r\n    \"networkInterfaces\": [\r\n
        \     {\r\n        \"id\": \"/subscriptions/00000000-0000-0000-0000-000000000000/resourceGroups/clitest.rg000001/providers/Microsoft.Network/networkInterfaces/cli-pe-000007.nic.1027cce2-f86c-48e0-8f14-6dcbb329ba18\"\r\n
        \     }\r\n    ],\r\n    \"customDnsConfigs\": []\r\n  }\r\n}"
    headers:
      azure-asyncnotification:
      - Enabled
      azure-asyncoperation:
      - https://management.azure.com/subscriptions/00000000-0000-0000-0000-000000000000/providers/Microsoft.Network/locations/westus/operations/8b93955c-98ef-48ad-a0b4-09cabf412592?api-version=2021-03-01
      cache-control:
      - no-cache
      content-length:
      - '2415'
      content-type:
      - application/json; charset=utf-8
      date:
      - Thu, 16 Sep 2021 04:46:59 GMT
      expires:
      - '-1'
      pragma:
      - no-cache
      server:
      - Microsoft-HTTPAPI/2.0
      - Microsoft-HTTPAPI/2.0
      strict-transport-security:
      - max-age=31536000; includeSubDomains
      x-content-type-options:
      - nosniff
      x-ms-arm-service-request-id:
      - 0f2058da-c6c3-43d2-822c-6326d1355382
      x-ms-ratelimit-remaining-subscription-writes:
      - '1195'
    status:
      code: 201
      message: Created
- request:
    body: null
    headers:
      Accept:
      - '*/*'
      Accept-Encoding:
      - gzip, deflate
      CommandName:
      - network private-endpoint create
      Connection:
      - keep-alive
      ParameterSetName:
      - -g -n --vnet-name --subnet -l --connection-name --private-connection-resource-id
        --group-id --manual-request
      User-Agent:
      - AZURECLI/2.28.1 azsdk-python-azure-mgmt-network/19.0.0 Python/3.8.3 (Windows-10-10.0.18362-SP0)
    method: GET
    uri: https://management.azure.com/subscriptions/00000000-0000-0000-0000-000000000000/providers/Microsoft.Network/locations/westus/operations/8b93955c-98ef-48ad-a0b4-09cabf412592?api-version=2021-03-01
  response:
    body:
      string: "{\r\n  \"status\": \"InProgress\"\r\n}"
    headers:
      cache-control:
      - no-cache
      content-length:
      - '30'
      content-type:
      - application/json; charset=utf-8
      date:
      - Thu, 16 Sep 2021 04:47:10 GMT
      expires:
      - '-1'
      pragma:
      - no-cache
      server:
      - Microsoft-HTTPAPI/2.0
      - Microsoft-HTTPAPI/2.0
      strict-transport-security:
      - max-age=31536000; includeSubDomains
      transfer-encoding:
      - chunked
      vary:
      - Accept-Encoding
      x-content-type-options:
      - nosniff
      x-ms-arm-service-request-id:
      - 7ad7c8fe-b6e6-4fb6-a292-db28b60717ea
    status:
      code: 200
      message: OK
- request:
    body: null
    headers:
      Accept:
      - '*/*'
      Accept-Encoding:
      - gzip, deflate
      CommandName:
      - network private-endpoint create
      Connection:
      - keep-alive
      ParameterSetName:
      - -g -n --vnet-name --subnet -l --connection-name --private-connection-resource-id
        --group-id --manual-request
      User-Agent:
      - AZURECLI/2.28.1 azsdk-python-azure-mgmt-network/19.0.0 Python/3.8.3 (Windows-10-10.0.18362-SP0)
    method: GET
    uri: https://management.azure.com/subscriptions/00000000-0000-0000-0000-000000000000/providers/Microsoft.Network/locations/westus/operations/8b93955c-98ef-48ad-a0b4-09cabf412592?api-version=2021-03-01
  response:
    body:
      string: "{\r\n  \"status\": \"Succeeded\"\r\n}"
    headers:
      cache-control:
      - no-cache
      content-length:
      - '29'
      content-type:
      - application/json; charset=utf-8
      date:
      - Thu, 16 Sep 2021 04:47:20 GMT
      expires:
      - '-1'
      pragma:
      - no-cache
      server:
      - Microsoft-HTTPAPI/2.0
      - Microsoft-HTTPAPI/2.0
      strict-transport-security:
      - max-age=31536000; includeSubDomains
      transfer-encoding:
      - chunked
      vary:
      - Accept-Encoding
      x-content-type-options:
      - nosniff
      x-ms-arm-service-request-id:
      - c5559154-8a90-45fb-8b9a-665fe90ef0c4
    status:
      code: 200
      message: OK
- request:
    body: null
    headers:
      Accept:
      - '*/*'
      Accept-Encoding:
      - gzip, deflate
      CommandName:
      - network private-endpoint create
      Connection:
      - keep-alive
      ParameterSetName:
      - -g -n --vnet-name --subnet -l --connection-name --private-connection-resource-id
        --group-id --manual-request
      User-Agent:
      - AZURECLI/2.28.1 azsdk-python-azure-mgmt-network/19.0.0 Python/3.8.3 (Windows-10-10.0.18362-SP0)
    method: GET
    uri: https://management.azure.com/subscriptions/00000000-0000-0000-0000-000000000000/resourceGroups/clitest.rg000001/providers/Microsoft.Network/privateEndpoints/cli-pe-000007?api-version=2021-03-01
  response:
    body:
      string: "{\r\n  \"name\": \"cli-pe-000007\",\r\n  \"id\": \"/subscriptions/00000000-0000-0000-0000-000000000000/resourceGroups/clitest.rg000001/providers/Microsoft.Network/privateEndpoints/cli-pe-000007\",\r\n
        \ \"etag\": \"W/\\\"56a9ac54-175f-4805-8973-15ba7689bf73\\\"\",\r\n  \"type\":
        \"Microsoft.Network/privateEndpoints\",\r\n  \"location\": \"westus\",\r\n
        \ \"properties\": {\r\n    \"provisioningState\": \"Succeeded\",\r\n    \"resourceGuid\":
        \"d0828a7d-24da-4e84-b0bd-1cf1572980b7\",\r\n    \"privateLinkServiceConnections\":
        [],\r\n    \"manualPrivateLinkServiceConnections\": [\r\n      {\r\n        \"name\":
        \"cli-pec-000010\",\r\n        \"id\": \"/subscriptions/00000000-0000-0000-0000-000000000000/resourceGroups/clitest.rg000001/providers/Microsoft.Network/privateEndpoints/cli-pe-000007/manualPrivateLinkServiceConnections/cli-pec-000010\",\r\n
        \       \"etag\": \"W/\\\"56a9ac54-175f-4805-8973-15ba7689bf73\\\"\",\r\n
        \       \"properties\": {\r\n          \"provisioningState\": \"Succeeded\",\r\n
        \         \"privateLinkServiceId\": \"/subscriptions/00000000-0000-0000-0000-000000000000/resourceGroups/clitest.rg000001/providers/Microsoft.DBforMariaDB/servers/azuredbclitest000002\",\r\n
        \         \"groupIds\": [\r\n            \"mariadbServer\"\r\n          ],\r\n
        \         \"privateLinkServiceConnectionState\": {\r\n            \"status\":
        \"Pending\",\r\n            \"description\": \"\",\r\n            \"actionsRequired\":
        \"None\"\r\n          }\r\n        },\r\n        \"type\": \"Microsoft.Network/privateEndpoints/manualPrivateLinkServiceConnections\"\r\n
        \     }\r\n    ],\r\n    \"subnet\": {\r\n      \"id\": \"/subscriptions/00000000-0000-0000-0000-000000000000/resourceGroups/clitest.rg000001/providers/Microsoft.Network/virtualNetworks/cli-vnet-000003/subnets/cli-subnet-000004\"\r\n
        \   },\r\n    \"ipConfigurations\": [],\r\n    \"networkInterfaces\": [\r\n
        \     {\r\n        \"id\": \"/subscriptions/00000000-0000-0000-0000-000000000000/resourceGroups/clitest.rg000001/providers/Microsoft.Network/networkInterfaces/cli-pe-000007.nic.1027cce2-f86c-48e0-8f14-6dcbb329ba18\"\r\n
        \     }\r\n    ],\r\n    \"customDnsConfigs\": []\r\n  }\r\n}"
    headers:
      cache-control:
      - no-cache
      content-length:
      - '2399'
      content-type:
      - application/json; charset=utf-8
      date:
      - Thu, 16 Sep 2021 04:47:20 GMT
      etag:
      - W/"56a9ac54-175f-4805-8973-15ba7689bf73"
      expires:
      - '-1'
      pragma:
      - no-cache
      server:
      - Microsoft-HTTPAPI/2.0
      - Microsoft-HTTPAPI/2.0
      strict-transport-security:
      - max-age=31536000; includeSubDomains
      transfer-encoding:
      - chunked
      vary:
      - Accept-Encoding
      x-content-type-options:
      - nosniff
      x-ms-arm-service-request-id:
      - 67fa0487-f765-46b4-bfe4-f8c78371690c
    status:
      code: 200
      message: OK
- request:
    body: null
    headers:
      Accept:
      - application/json
      Accept-Encoding:
      - gzip, deflate
      CommandName:
      - mariadb server show
      Connection:
      - keep-alive
      ParameterSetName:
      - -g -n
      User-Agent:
      - AZURECLI/2.28.1 azsdk-python-mgmt-rdbms/9.1.0b1 Python/3.8.3 (Windows-10-10.0.18362-SP0)
    method: GET
    uri: https://management.azure.com/subscriptions/00000000-0000-0000-0000-000000000000/resourceGroups/clitest.rg000001/providers/Microsoft.DBForMariaDB/servers/azuredbclitest000002?api-version=2018-06-01
  response:
    body:
      string: '{"sku":{"name":"GP_Gen5_2","tier":"GeneralPurpose","family":"Gen5","capacity":2},"properties":{"administratorLogin":"cloudsa","storageProfile":{"storageMB":51200,"backupRetentionDays":7,"geoRedundantBackup":"Disabled","storageAutogrow":"Enabled"},"version":"10.2","sslEnforcement":"Enabled","minimalTlsVersion":"TLSEnforcementDisabled","userVisibleState":"Ready","fullyQualifiedDomainName":"azuredbclitest000002.mariadb.database.azure.com","earliestRestoreDate":"2021-09-16T04:52:31.34+00:00","replicationRole":"None","masterServerId":"","replicaCapacity":5,"byokEnforcement":"Disabled","infrastructureEncryption":"Disabled","privateEndpointConnections":[{"id":"/subscriptions/00000000-0000-0000-0000-000000000000/resourceGroups/clitest.rg000001/providers/Microsoft.DBforMariaDB/servers/azuredbclitest000002/privateEndpointConnections/cli-pe-000007-7f5d4ba0-164a-4ab1-b5ca-890e65e084ee","properties":{"privateEndpoint":{"id":"/subscriptions/00000000-0000-0000-0000-000000000000/resourceGroups/clitest.rg000001/providers/Microsoft.Network/privateEndpoints/cli-pe-000007"},"privateLinkServiceConnectionState":{"status":"Pending","description":"","actionsRequired":"None"},"provisioningState":"Ready"}}],"publicNetworkAccess":"Enabled"},"location":"westus","id":"/subscriptions/00000000-0000-0000-0000-000000000000/resourceGroups/clitest.rg000001/providers/Microsoft.DBforMariaDB/servers/azuredbclitest000002","name":"azuredbclitest000002","type":"Microsoft.DBforMariaDB/servers"}'
    headers:
      cache-control:
      - no-cache
      content-length:
      - '1848'
      content-type:
      - application/json; charset=utf-8
      date:
      - Thu, 16 Sep 2021 04:47:24 GMT
      expires:
      - '-1'
      pragma:
      - no-cache
      server:
      - Microsoft-HTTPAPI/2.0
      strict-transport-security:
      - max-age=31536000; includeSubDomains
      transfer-encoding:
      - chunked
      vary:
      - Accept-Encoding
      x-content-type-options:
      - nosniff
    status:
      code: 200
      message: OK
- request:
    body: null
    headers:
      Accept:
      - '*/*'
      Accept-Encoding:
      - gzip, deflate
      CommandName:
      - network private-endpoint-connection show
      Connection:
      - keep-alive
      ParameterSetName:
      - --resource-name -g --name --type
      User-Agent:
      - python/3.8.3 (Windows-10-10.0.18362-SP0) AZURECLI/2.28.1
    method: GET
    uri: https://management.azure.com/subscriptions/00000000-0000-0000-0000-000000000000/resourceGroups/clitest.rg000001/providers/Microsoft.DBforMariaDB/servers/azuredbclitest000002/privateEndpointConnections/cli-pe-000007-7f5d4ba0-164a-4ab1-b5ca-890e65e084ee?api-version=2018-06-01
  response:
    body:
      string: '{"properties":{"privateEndpoint":{"id":"/subscriptions/00000000-0000-0000-0000-000000000000/resourceGroups/clitest.rg000001/providers/Microsoft.Network/privateEndpoints/cli-pe-000007"},"privateLinkServiceConnectionState":{"status":"Pending","description":"","actionsRequired":"None"},"provisioningState":"Ready"},"id":"/subscriptions/00000000-0000-0000-0000-000000000000/resourceGroups/clitest.rg000001/providers/Microsoft.DBforMariaDB/servers/azuredbclitest000002/privateEndpointConnections/cli-pe-000007-7f5d4ba0-164a-4ab1-b5ca-890e65e084ee","name":"cli-pe-000007-7f5d4ba0-164a-4ab1-b5ca-890e65e084ee","type":"Microsoft.DBforMariaDB/servers/privateEndpointConnections"}'
    headers:
      cache-control:
      - no-cache
      content-length:
      - '865'
      content-type:
      - application/json; charset=utf-8
      date:
      - Thu, 16 Sep 2021 04:47:26 GMT
      expires:
      - '-1'
      pragma:
      - no-cache
      server:
      - Microsoft-HTTPAPI/2.0
      strict-transport-security:
      - max-age=31536000; includeSubDomains
      transfer-encoding:
      - chunked
      vary:
      - Accept-Encoding
      x-content-type-options:
      - nosniff
    status:
      code: 200
      message: OK
- request:
    body: null
    headers:
      Accept:
      - '*/*'
      Accept-Encoding:
      - gzip, deflate
      CommandName:
      - network private-endpoint-connection reject
      Connection:
      - keep-alive
      ParameterSetName:
      - --resource-name -g --name --description --type
      User-Agent:
      - python/3.8.3 (Windows-10-10.0.18362-SP0) AZURECLI/2.28.1
    method: GET
    uri: https://management.azure.com/subscriptions/00000000-0000-0000-0000-000000000000/resourceGroups/clitest.rg000001/providers/Microsoft.DBforMariaDB/servers/azuredbclitest000002/privateEndpointConnections/cli-pe-000007-7f5d4ba0-164a-4ab1-b5ca-890e65e084ee?api-version=2018-06-01
  response:
    body:
      string: '{"properties":{"privateEndpoint":{"id":"/subscriptions/00000000-0000-0000-0000-000000000000/resourceGroups/clitest.rg000001/providers/Microsoft.Network/privateEndpoints/cli-pe-000007"},"privateLinkServiceConnectionState":{"status":"Pending","description":"","actionsRequired":"None"},"provisioningState":"Ready"},"id":"/subscriptions/00000000-0000-0000-0000-000000000000/resourceGroups/clitest.rg000001/providers/Microsoft.DBforMariaDB/servers/azuredbclitest000002/privateEndpointConnections/cli-pe-000007-7f5d4ba0-164a-4ab1-b5ca-890e65e084ee","name":"cli-pe-000007-7f5d4ba0-164a-4ab1-b5ca-890e65e084ee","type":"Microsoft.DBforMariaDB/servers/privateEndpointConnections"}'
    headers:
      cache-control:
      - no-cache
      content-length:
      - '865'
      content-type:
      - application/json; charset=utf-8
      date:
      - Thu, 16 Sep 2021 04:47:27 GMT
      expires:
      - '-1'
      pragma:
      - no-cache
      server:
      - Microsoft-HTTPAPI/2.0
      strict-transport-security:
      - max-age=31536000; includeSubDomains
      transfer-encoding:
      - chunked
      vary:
      - Accept-Encoding
      x-content-type-options:
      - nosniff
    status:
      code: 200
      message: OK
- request:
    body: '{"properties": {"privateEndpoint": {"id": "/subscriptions/00000000-0000-0000-0000-000000000000/resourceGroups/clitest.rg000001/providers/Microsoft.Network/privateEndpoints/cli-pe-000007"},
      "privateLinkServiceConnectionState": {"status": "Rejected", "description": "You
      are rejected!", "actionsRequired": "None"}, "provisioningState": "Ready"}, "id":
      "/subscriptions/00000000-0000-0000-0000-000000000000/resourceGroups/clitest.rg000001/providers/Microsoft.DBforMariaDB/servers/azuredbclitest000002/privateEndpointConnections/cli-pe-000007-7f5d4ba0-164a-4ab1-b5ca-890e65e084ee",
      "name": "cli-pe-000007-7f5d4ba0-164a-4ab1-b5ca-890e65e084ee", "type": "Microsoft.DBforMariaDB/servers/privateEndpointConnections"}'
    headers:
      Accept:
      - '*/*'
      Accept-Encoding:
      - gzip, deflate
      CommandName:
      - network private-endpoint-connection reject
      Connection:
      - keep-alive
      Content-Length:
      - '901'
      Content-Type:
      - application/json
      ParameterSetName:
      - --resource-name -g --name --description --type
      User-Agent:
      - python/3.8.3 (Windows-10-10.0.18362-SP0) AZURECLI/2.28.1
    method: PUT
    uri: https://management.azure.com/subscriptions/00000000-0000-0000-0000-000000000000/resourceGroups/clitest.rg000001/providers/Microsoft.DBforMariaDB/servers/azuredbclitest000002/privateEndpointConnections/cli-pe-000007-7f5d4ba0-164a-4ab1-b5ca-890e65e084ee?api-version=2018-06-01
  response:
    body:
      string: '{"operation":"RejectElasticServerPrivateEndpointConnection","startTime":"2021-09-16T04:47:29.957Z"}'
    headers:
      azure-asyncoperation:
      - https://management.azure.com/subscriptions/00000000-0000-0000-0000-000000000000/resourceGroups/clitest.rg000001/providers/Microsoft.DBforMariaDB/locations/westus/privateEndpointConnectionAzureAsyncOperation/caff5cff-4f16-4734-b11f-ee478e697534?api-version=2018-06-01
      cache-control:
      - no-cache
      content-length:
      - '99'
      content-type:
      - application/json; charset=utf-8
      date:
      - Thu, 16 Sep 2021 04:47:30 GMT
      expires:
      - '-1'
      location:
      - https://management.azure.com/subscriptions/00000000-0000-0000-0000-000000000000/resourceGroups/clitest.rg000001/providers/Microsoft.DBforMariaDB/locations/westus/privateEndpointConnectionOperationResults/caff5cff-4f16-4734-b11f-ee478e697534?api-version=2018-06-01
      pragma:
      - no-cache
      server:
      - Microsoft-HTTPAPI/2.0
      strict-transport-security:
      - max-age=31536000; includeSubDomains
      x-content-type-options:
      - nosniff
      x-ms-ratelimit-remaining-subscription-writes:
      - '1197'
    status:
      code: 202
      message: Accepted
- request:
    body: null
    headers:
      Accept:
      - '*/*'
      Accept-Encoding:
      - gzip, deflate
      CommandName:
      - network private-endpoint-connection reject
      Connection:
      - keep-alive
      ParameterSetName:
      - --resource-name -g --name --description --type
      User-Agent:
      - python/3.8.3 (Windows-10-10.0.18362-SP0) AZURECLI/2.28.1
    method: GET
    uri: https://management.azure.com/subscriptions/00000000-0000-0000-0000-000000000000/resourceGroups/clitest.rg000001/providers/Microsoft.DBforMariaDB/servers/azuredbclitest000002/privateEndpointConnections/cli-pe-000007-7f5d4ba0-164a-4ab1-b5ca-890e65e084ee?api-version=2018-06-01
  response:
    body:
      string: '{"properties":{"privateEndpoint":{"id":"/subscriptions/00000000-0000-0000-0000-000000000000/resourceGroups/clitest.rg000001/providers/Microsoft.Network/privateEndpoints/cli-pe-000007"},"privateLinkServiceConnectionState":{"status":"Rejected","description":"You
        are rejected!","actionsRequired":"None"},"provisioningState":"Ready"},"id":"/subscriptions/00000000-0000-0000-0000-000000000000/resourceGroups/clitest.rg000001/providers/Microsoft.DBforMariaDB/servers/azuredbclitest000002/privateEndpointConnections/cli-pe-000007-7f5d4ba0-164a-4ab1-b5ca-890e65e084ee","name":"cli-pe-000007-7f5d4ba0-164a-4ab1-b5ca-890e65e084ee","type":"Microsoft.DBforMariaDB/servers/privateEndpointConnections"}'
    headers:
      cache-control:
      - no-cache
      content-length:
      - '883'
      content-type:
      - application/json; charset=utf-8
      date:
      - Thu, 16 Sep 2021 04:47:42 GMT
      expires:
      - '-1'
      pragma:
      - no-cache
      server:
      - Microsoft-HTTPAPI/2.0
      strict-transport-security:
      - max-age=31536000; includeSubDomains
      transfer-encoding:
      - chunked
      vary:
      - Accept-Encoding
      x-content-type-options:
      - nosniff
    status:
      code: 200
      message: OK
- request:
    body: null
    headers:
      Accept:
      - '*/*'
      Accept-Encoding:
      - gzip, deflate
      CommandName:
      - network private-endpoint-connection approve
      Connection:
      - keep-alive
      ParameterSetName:
      - --resource-name -g --name --description --type
      User-Agent:
      - python/3.8.3 (Windows-10-10.0.18362-SP0) AZURECLI/2.28.1
    method: GET
    uri: https://management.azure.com/subscriptions/00000000-0000-0000-0000-000000000000/resourceGroups/clitest.rg000001/providers/Microsoft.DBforMariaDB/servers/azuredbclitest000002/privateEndpointConnections/cli-pe-000007-7f5d4ba0-164a-4ab1-b5ca-890e65e084ee?api-version=2018-06-01
  response:
    body:
      string: '{"properties":{"privateEndpoint":{"id":"/subscriptions/00000000-0000-0000-0000-000000000000/resourceGroups/clitest.rg000001/providers/Microsoft.Network/privateEndpoints/cli-pe-000007"},"privateLinkServiceConnectionState":{"status":"Rejected","description":"You
        are rejected!","actionsRequired":"None"},"provisioningState":"Ready"},"id":"/subscriptions/00000000-0000-0000-0000-000000000000/resourceGroups/clitest.rg000001/providers/Microsoft.DBforMariaDB/servers/azuredbclitest000002/privateEndpointConnections/cli-pe-000007-7f5d4ba0-164a-4ab1-b5ca-890e65e084ee","name":"cli-pe-000007-7f5d4ba0-164a-4ab1-b5ca-890e65e084ee","type":"Microsoft.DBforMariaDB/servers/privateEndpointConnections"}'
    headers:
      cache-control:
      - no-cache
      content-length:
      - '883'
      content-type:
      - application/json; charset=utf-8
      date:
      - Thu, 16 Sep 2021 04:47:44 GMT
      expires:
      - '-1'
      pragma:
      - no-cache
      server:
      - Microsoft-HTTPAPI/2.0
      strict-transport-security:
      - max-age=31536000; includeSubDomains
      transfer-encoding:
      - chunked
      vary:
      - Accept-Encoding
      x-content-type-options:
      - nosniff
    status:
      code: 200
      message: OK
- request:
    body: '{"properties": {"privateEndpoint": {"id": "/subscriptions/00000000-0000-0000-0000-000000000000/resourceGroups/clitest.rg000001/providers/Microsoft.Network/privateEndpoints/cli-pe-000007"},
      "privateLinkServiceConnectionState": {"status": "Approved", "description": "You
      are approved!", "actionsRequired": "None"}, "provisioningState": "Ready"}, "id":
      "/subscriptions/00000000-0000-0000-0000-000000000000/resourceGroups/clitest.rg000001/providers/Microsoft.DBforMariaDB/servers/azuredbclitest000002/privateEndpointConnections/cli-pe-000007-7f5d4ba0-164a-4ab1-b5ca-890e65e084ee",
      "name": "cli-pe-000007-7f5d4ba0-164a-4ab1-b5ca-890e65e084ee", "type": "Microsoft.DBforMariaDB/servers/privateEndpointConnections"}'
    headers:
      Accept:
      - '*/*'
      Accept-Encoding:
      - gzip, deflate
      CommandName:
      - network private-endpoint-connection approve
      Connection:
      - keep-alive
      Content-Length:
      - '901'
      Content-Type:
      - application/json
      ParameterSetName:
      - --resource-name -g --name --description --type
      User-Agent:
      - python/3.8.3 (Windows-10-10.0.18362-SP0) AZURECLI/2.28.1
    method: PUT
    uri: https://management.azure.com/subscriptions/00000000-0000-0000-0000-000000000000/resourceGroups/clitest.rg000001/providers/Microsoft.DBforMariaDB/servers/azuredbclitest000002/privateEndpointConnections/cli-pe-000007-7f5d4ba0-164a-4ab1-b5ca-890e65e084ee?api-version=2018-06-01
  response:
    body:
      string: '{"error":{"code":"PrivateEndpointConnectionStatusNotPending","message":"Private
        Endpoint Connection Status is not Pending"}}'
    headers:
      cache-control:
      - no-cache
      content-length:
      - '124'
      content-type:
      - application/json; charset=utf-8
      date:
      - Thu, 16 Sep 2021 04:47:46 GMT
      expires:
      - '-1'
      pragma:
      - no-cache
      server:
      - Microsoft-HTTPAPI/2.0
      strict-transport-security:
      - max-age=31536000; includeSubDomains
      x-content-type-options:
      - nosniff
      x-ms-ratelimit-remaining-subscription-writes:
      - '1196'
    status:
      code: 400
      message: Bad Request
- request:
    body: null
    headers:
      Accept:
      - '*/*'
      Accept-Encoding:
      - gzip, deflate
      CommandName:
      - network private-endpoint-connection list
      Connection:
      - keep-alive
      ParameterSetName:
      - --name -g --type
      User-Agent:
      - python/3.8.3 (Windows-10-10.0.18362-SP0) AZURECLI/2.28.1
    method: GET
    uri: https://management.azure.com/subscriptions/00000000-0000-0000-0000-000000000000/resourceGroups/clitest.rg000001/providers/Microsoft.DBforMariaDB/servers/azuredbclitest000002?api-version=2018-06-01
  response:
    body:
      string: '{"sku":{"name":"GP_Gen5_2","tier":"GeneralPurpose","family":"Gen5","capacity":2},"properties":{"administratorLogin":"cloudsa","storageProfile":{"storageMB":51200,"backupRetentionDays":7,"geoRedundantBackup":"Disabled","storageAutogrow":"Enabled"},"version":"10.2","sslEnforcement":"Enabled","minimalTlsVersion":"TLSEnforcementDisabled","userVisibleState":"Ready","fullyQualifiedDomainName":"azuredbclitest000002.mariadb.database.azure.com","earliestRestoreDate":"2021-09-16T04:52:31.34+00:00","replicationRole":"None","masterServerId":"","replicaCapacity":5,"byokEnforcement":"Disabled","infrastructureEncryption":"Disabled","privateEndpointConnections":[{"id":"/subscriptions/00000000-0000-0000-0000-000000000000/resourceGroups/clitest.rg000001/providers/Microsoft.DBforMariaDB/servers/azuredbclitest000002/privateEndpointConnections/cli-pe-000007-7f5d4ba0-164a-4ab1-b5ca-890e65e084ee","properties":{"privateEndpoint":{"id":"/subscriptions/00000000-0000-0000-0000-000000000000/resourceGroups/clitest.rg000001/providers/Microsoft.Network/privateEndpoints/cli-pe-000007"},"privateLinkServiceConnectionState":{"status":"Rejected","description":"You
        are rejected!","actionsRequired":"None"},"provisioningState":"Ready"}}],"publicNetworkAccess":"Enabled"},"location":"westus","id":"/subscriptions/00000000-0000-0000-0000-000000000000/resourceGroups/clitest.rg000001/providers/Microsoft.DBforMariaDB/servers/azuredbclitest000002","name":"azuredbclitest000002","type":"Microsoft.DBforMariaDB/servers"}'
    headers:
      cache-control:
      - no-cache
      content-length:
      - '1866'
      content-type:
      - application/json; charset=utf-8
      date:
      - Thu, 16 Sep 2021 04:47:48 GMT
      expires:
      - '-1'
      pragma:
      - no-cache
      server:
      - Microsoft-HTTPAPI/2.0
      strict-transport-security:
      - max-age=31536000; includeSubDomains
      transfer-encoding:
      - chunked
      vary:
      - Accept-Encoding
      x-content-type-options:
      - nosniff
    status:
      code: 200
      message: OK
- request:
    body: null
    headers:
      Accept:
      - '*/*'
      Accept-Encoding:
      - gzip, deflate
      CommandName:
      - network private-endpoint-connection delete
      Connection:
      - keep-alive
      Content-Length:
      - '0'
      ParameterSetName:
      - --id -y
      User-Agent:
      - python/3.8.3 (Windows-10-10.0.18362-SP0) AZURECLI/2.28.1
    method: DELETE
    uri: https://management.azure.com/subscriptions/00000000-0000-0000-0000-000000000000/resourceGroups/clitest.rg000001/providers/Microsoft.DBforMariaDB/servers/azuredbclitest000002/privateEndpointConnections/cli-pe-000007-7f5d4ba0-164a-4ab1-b5ca-890e65e084ee?api-version=2018-06-01
  response:
    body:
      string: '{"operation":"DropElasticServerPrivateEndpointConnection","startTime":"2021-09-16T04:47:51.207Z"}'
    headers:
      azure-asyncoperation:
      - https://management.azure.com/subscriptions/00000000-0000-0000-0000-000000000000/resourceGroups/clitest.rg000001/providers/Microsoft.DBforMariaDB/locations/westus/privateEndpointConnectionAzureAsyncOperation/9db02c57-10df-430e-96b2-8a2fc37fb46a?api-version=2018-06-01
      cache-control:
      - no-cache
      content-length:
      - '97'
      content-type:
      - application/json; charset=utf-8
      date:
      - Thu, 16 Sep 2021 04:47:52 GMT
      expires:
      - '-1'
      location:
      - https://management.azure.com/subscriptions/00000000-0000-0000-0000-000000000000/resourceGroups/clitest.rg000001/providers/Microsoft.DBforMariaDB/locations/westus/privateEndpointConnectionOperationResults/9db02c57-10df-430e-96b2-8a2fc37fb46a?api-version=2018-06-01
      pragma:
      - no-cache
      server:
      - Microsoft-HTTPAPI/2.0
      strict-transport-security:
      - max-age=31536000; includeSubDomains
      x-content-type-options:
      - nosniff
      x-ms-ratelimit-remaining-subscription-deletes:
      - '14999'
    status:
      code: 202
      message: Accepted
version: 1
