interactions:
- request:
    body: '{"location": "centraluseuap", "sku": {"family": "B", "name": "Standard_B1"},
      "properties": {"tenantId": "54826b22-38d6-4fb2-bad9-b7b93a3e9c5a", "initialAdminObjectIds":
      ["3707fb2f-ac10-4591-a04f-8b0d786ea37d"], "enableSoftDelete": true, "softDeleteRetentionInDays":
      90, "networkAcls": {"bypass": "AzureServices", "defaultAction": "Allow"}}}'
    headers:
      Accept:
      - application/json
      Accept-Encoding:
      - gzip, deflate
      CommandName:
      - keyvault create
      Connection:
      - keep-alive
      Content-Length:
      - '340'
      Content-Type:
      - application/json
      ParameterSetName:
      - --hsm-name -g -l --administrators
      User-Agent:
      - AZURECLI/2.36.0 azsdk-python-azure-mgmt-keyvault/9.3.0 Python/3.8.10 (Windows-10-10.0.19044-SP0)
    method: PUT
    uri: https://management.azure.com/subscriptions/00000000-0000-0000-0000-000000000000/resourceGroups/cli_test_hsm_pe000001/providers/Microsoft.KeyVault/managedHSMs/cli-test-hsm-pe-000002?api-version=2021-04-01-preview
  response:
    body:
      string: '{"sku":{"family":"B","name":"Standard_B1"},"id":"/subscriptions/00000000-0000-0000-0000-000000000000/resourceGroups/cli_test_hsm_pe000001/providers/Microsoft.KeyVault/managedHSMs/cli-test-hsm-pe-000002","name":"cli-test-hsm-pe-000002","type":"Microsoft.KeyVault/managedHSMs","location":"centraluseuap","tags":{},"systemData":{"createdBy":"ethanyang@microsoft.com","createdByType":"User","createdAt":"2022-05-12T16:23:29.424Z","lastModifiedBy":"ethanyang@microsoft.com","lastModifiedByType":"User","lastModifiedAt":"2022-05-12T16:23:29.424Z"},"properties":{"tenantId":"54826b22-38d6-4fb2-bad9-b7b93a3e9c5a","hsmUri":"https://cli-test-hsm-pe-000002.managedhsm.azure.net","initialAdminObjectIds":["3707fb2f-ac10-4591-a04f-8b0d786ea37d"],"enableSoftDelete":true,"softDeleteRetentionInDays":90,"enablePurgeProtection":false,"provisioningState":"Provisioning","networkAcls":{"bypass":"AzureServices","defaultAction":"Allow","ipRules":[],"virtualNetworkRules":[]},"publicNetworkAccess":"Enabled","regions":[]}}'
    headers:
      cache-control:
      - no-cache
      content-length:
      - '1003'
      content-type:
      - application/json; charset=utf-8
      date:
      - Thu, 12 May 2022 16:23:33 GMT
      expires:
      - '-1'
      pragma:
      - no-cache
      server:
      - Microsoft-IIS/10.0
      strict-transport-security:
      - max-age=31536000; includeSubDomains
      transfer-encoding:
      - chunked
      vary:
      - Accept-Encoding
      x-aspnet-version:
      - 4.0.30319
      x-content-type-options:
      - nosniff
      x-ms-keyvault-service-version:
      - 1.5.354.8
      x-ms-ratelimit-remaining-subscription-writes:
      - '1192'
      x-powered-by:
      - ASP.NET
    status:
      code: 200
      message: OK
- request:
    body: null
    headers:
      Accept:
      - '*/*'
      Accept-Encoding:
      - gzip, deflate
      CommandName:
      - keyvault create
      Connection:
      - keep-alive
      ParameterSetName:
      - --hsm-name -g -l --administrators
      User-Agent:
      - AZURECLI/2.36.0 azsdk-python-azure-mgmt-keyvault/9.3.0 Python/3.8.10 (Windows-10-10.0.19044-SP0)
    method: GET
    uri: https://management.azure.com/subscriptions/00000000-0000-0000-0000-000000000000/resourceGroups/cli_test_hsm_pe000001/providers/Microsoft.KeyVault/managedHSMs/cli-test-hsm-pe-000002?api-version=2021-04-01-preview
  response:
    body:
      string: '{"sku":{"family":"B","name":"Standard_B1"},"id":"/subscriptions/00000000-0000-0000-0000-000000000000/resourceGroups/cli_test_hsm_pe000001/providers/Microsoft.KeyVault/managedHSMs/cli-test-hsm-pe-000002","name":"cli-test-hsm-pe-000002","type":"Microsoft.KeyVault/managedHSMs","location":"centraluseuap","tags":{},"systemData":{"createdBy":"ethanyang@microsoft.com","createdByType":"User","createdAt":"2022-05-12T16:23:29.424Z","lastModifiedBy":"ethanyang@microsoft.com","lastModifiedByType":"User","lastModifiedAt":"2022-05-12T16:23:29.424Z"},"properties":{"tenantId":"54826b22-38d6-4fb2-bad9-b7b93a3e9c5a","hsmUri":"https://cli-test-hsm-pe-000002.managedhsm.azure.net/","initialAdminObjectIds":["3707fb2f-ac10-4591-a04f-8b0d786ea37d"],"enableSoftDelete":true,"softDeleteRetentionInDays":90,"enablePurgeProtection":false,"provisioningState":"Provisioning","statusMessage":"Resource
        creation in progress. Allocating hardware...","networkAcls":{"bypass":"AzureServices","defaultAction":"Allow","ipRules":[],"virtualNetworkRules":[]},"publicNetworkAccess":"Enabled","regions":[],"securityDomainProperties":{"activationStatus":"Unknown","activationStatusMessage":"An
        unknown error has occurred. Please contact Microsoft Support."}}}'
    headers:
      cache-control:
      - no-cache
      content-length:
      - '1227'
      content-type:
      - application/json; charset=utf-8
      date:
      - Thu, 12 May 2022 16:24:03 GMT
      expires:
      - '-1'
      pragma:
      - no-cache
      server:
      - Microsoft-IIS/10.0
      strict-transport-security:
      - max-age=31536000; includeSubDomains
      transfer-encoding:
      - chunked
      vary:
      - Accept-Encoding
      x-aspnet-version:
      - 4.0.30319
      x-content-type-options:
      - nosniff
      x-ms-keyvault-service-version:
      - 1.5.354.8
      x-powered-by:
      - ASP.NET
    status:
      code: 200
      message: OK
- request:
    body: null
    headers:
      Accept:
      - '*/*'
      Accept-Encoding:
      - gzip, deflate
      CommandName:
      - keyvault create
      Connection:
      - keep-alive
      ParameterSetName:
      - --hsm-name -g -l --administrators
      User-Agent:
      - AZURECLI/2.36.0 azsdk-python-azure-mgmt-keyvault/9.3.0 Python/3.8.10 (Windows-10-10.0.19044-SP0)
    method: GET
    uri: https://management.azure.com/subscriptions/00000000-0000-0000-0000-000000000000/resourceGroups/cli_test_hsm_pe000001/providers/Microsoft.KeyVault/managedHSMs/cli-test-hsm-pe-000002?api-version=2021-04-01-preview
  response:
    body:
      string: '{"sku":{"family":"B","name":"Standard_B1"},"id":"/subscriptions/00000000-0000-0000-0000-000000000000/resourceGroups/cli_test_hsm_pe000001/providers/Microsoft.KeyVault/managedHSMs/cli-test-hsm-pe-000002","name":"cli-test-hsm-pe-000002","type":"Microsoft.KeyVault/managedHSMs","location":"centraluseuap","tags":{},"systemData":{"createdBy":"ethanyang@microsoft.com","createdByType":"User","createdAt":"2022-05-12T16:23:29.424Z","lastModifiedBy":"ethanyang@microsoft.com","lastModifiedByType":"User","lastModifiedAt":"2022-05-12T16:23:29.424Z"},"properties":{"tenantId":"54826b22-38d6-4fb2-bad9-b7b93a3e9c5a","hsmUri":"https://cli-test-hsm-pe-000002.managedhsm.azure.net/","initialAdminObjectIds":["3707fb2f-ac10-4591-a04f-8b0d786ea37d"],"enableSoftDelete":true,"softDeleteRetentionInDays":90,"enablePurgeProtection":false,"provisioningState":"Provisioning","statusMessage":"Resource
        creation in progress. Allocating hardware...","networkAcls":{"bypass":"AzureServices","defaultAction":"Allow","ipRules":[],"virtualNetworkRules":[]},"publicNetworkAccess":"Enabled","regions":[],"securityDomainProperties":{"activationStatus":"Unknown","activationStatusMessage":"An
        unknown error has occurred. Please contact Microsoft Support."}}}'
    headers:
      cache-control:
      - no-cache
      content-length:
      - '1227'
      content-type:
      - application/json; charset=utf-8
      date:
      - Thu, 12 May 2022 16:24:34 GMT
      expires:
      - '-1'
      pragma:
      - no-cache
      server:
      - Microsoft-IIS/10.0
      strict-transport-security:
      - max-age=31536000; includeSubDomains
      transfer-encoding:
      - chunked
      vary:
      - Accept-Encoding
      x-aspnet-version:
      - 4.0.30319
      x-content-type-options:
      - nosniff
      x-ms-keyvault-service-version:
      - 1.5.354.8
      x-powered-by:
      - ASP.NET
    status:
      code: 200
      message: OK
- request:
    body: null
    headers:
      Accept:
      - '*/*'
      Accept-Encoding:
      - gzip, deflate
      CommandName:
      - keyvault create
      Connection:
      - keep-alive
      ParameterSetName:
      - --hsm-name -g -l --administrators
      User-Agent:
      - AZURECLI/2.36.0 azsdk-python-azure-mgmt-keyvault/9.3.0 Python/3.8.10 (Windows-10-10.0.19044-SP0)
    method: GET
    uri: https://management.azure.com/subscriptions/00000000-0000-0000-0000-000000000000/resourceGroups/cli_test_hsm_pe000001/providers/Microsoft.KeyVault/managedHSMs/cli-test-hsm-pe-000002?api-version=2021-04-01-preview
  response:
    body:
      string: '{"sku":{"family":"B","name":"Standard_B1"},"id":"/subscriptions/00000000-0000-0000-0000-000000000000/resourceGroups/cli_test_hsm_pe000001/providers/Microsoft.KeyVault/managedHSMs/cli-test-hsm-pe-000002","name":"cli-test-hsm-pe-000002","type":"Microsoft.KeyVault/managedHSMs","location":"centraluseuap","tags":{},"systemData":{"createdBy":"ethanyang@microsoft.com","createdByType":"User","createdAt":"2022-05-12T16:23:29.424Z","lastModifiedBy":"ethanyang@microsoft.com","lastModifiedByType":"User","lastModifiedAt":"2022-05-12T16:23:29.424Z"},"properties":{"tenantId":"54826b22-38d6-4fb2-bad9-b7b93a3e9c5a","hsmUri":"https://cli-test-hsm-pe-000002.managedhsm.azure.net/","initialAdminObjectIds":["3707fb2f-ac10-4591-a04f-8b0d786ea37d"],"enableSoftDelete":true,"softDeleteRetentionInDays":90,"enablePurgeProtection":false,"provisioningState":"Provisioning","statusMessage":"Resource
        creation in progress. Starting service...","networkAcls":{"bypass":"AzureServices","defaultAction":"Allow","ipRules":[],"virtualNetworkRules":[]},"publicNetworkAccess":"Enabled","regions":[],"securityDomainProperties":{"activationStatus":"Unknown","activationStatusMessage":"An
        unknown error has occurred. Please contact Microsoft Support."}}}'
    headers:
      cache-control:
      - no-cache
      content-length:
      - '1224'
      content-type:
      - application/json; charset=utf-8
      date:
      - Thu, 12 May 2022 16:25:05 GMT
      expires:
      - '-1'
      pragma:
      - no-cache
      server:
      - Microsoft-IIS/10.0
      strict-transport-security:
      - max-age=31536000; includeSubDomains
      transfer-encoding:
      - chunked
      vary:
      - Accept-Encoding
      x-aspnet-version:
      - 4.0.30319
      x-content-type-options:
      - nosniff
      x-ms-keyvault-service-version:
      - 1.5.354.8
      x-powered-by:
      - ASP.NET
    status:
      code: 200
      message: OK
- request:
    body: null
    headers:
      Accept:
      - '*/*'
      Accept-Encoding:
      - gzip, deflate
      CommandName:
      - keyvault create
      Connection:
      - keep-alive
      ParameterSetName:
      - --hsm-name -g -l --administrators
      User-Agent:
      - AZURECLI/2.36.0 azsdk-python-azure-mgmt-keyvault/9.3.0 Python/3.8.10 (Windows-10-10.0.19044-SP0)
    method: GET
    uri: https://management.azure.com/subscriptions/00000000-0000-0000-0000-000000000000/resourceGroups/cli_test_hsm_pe000001/providers/Microsoft.KeyVault/managedHSMs/cli-test-hsm-pe-000002?api-version=2021-04-01-preview
  response:
    body:
      string: '{"sku":{"family":"B","name":"Standard_B1"},"id":"/subscriptions/00000000-0000-0000-0000-000000000000/resourceGroups/cli_test_hsm_pe000001/providers/Microsoft.KeyVault/managedHSMs/cli-test-hsm-pe-000002","name":"cli-test-hsm-pe-000002","type":"Microsoft.KeyVault/managedHSMs","location":"centraluseuap","tags":{},"systemData":{"createdBy":"ethanyang@microsoft.com","createdByType":"User","createdAt":"2022-05-12T16:23:29.424Z","lastModifiedBy":"ethanyang@microsoft.com","lastModifiedByType":"User","lastModifiedAt":"2022-05-12T16:23:29.424Z"},"properties":{"tenantId":"54826b22-38d6-4fb2-bad9-b7b93a3e9c5a","hsmUri":"https://cli-test-hsm-pe-000002.managedhsm.azure.net/","initialAdminObjectIds":["3707fb2f-ac10-4591-a04f-8b0d786ea37d"],"enableSoftDelete":true,"softDeleteRetentionInDays":90,"enablePurgeProtection":false,"provisioningState":"Provisioning","statusMessage":"Resource
        creation in progress. Starting service...","networkAcls":{"bypass":"AzureServices","defaultAction":"Allow","ipRules":[],"virtualNetworkRules":[]},"publicNetworkAccess":"Enabled","regions":[],"securityDomainProperties":{"activationStatus":"Unknown","activationStatusMessage":"An
        unknown error has occurred. Please contact Microsoft Support."}}}'
    headers:
      cache-control:
      - no-cache
      content-length:
      - '1224'
      content-type:
      - application/json; charset=utf-8
      date:
      - Thu, 12 May 2022 16:25:35 GMT
      expires:
      - '-1'
      pragma:
      - no-cache
      server:
      - Microsoft-IIS/10.0
      strict-transport-security:
      - max-age=31536000; includeSubDomains
      transfer-encoding:
      - chunked
      vary:
      - Accept-Encoding
      x-aspnet-version:
      - 4.0.30319
      x-content-type-options:
      - nosniff
      x-ms-keyvault-service-version:
      - 1.5.354.8
      x-powered-by:
      - ASP.NET
    status:
      code: 200
      message: OK
- request:
    body: null
    headers:
      Accept:
      - '*/*'
      Accept-Encoding:
      - gzip, deflate
      CommandName:
      - keyvault create
      Connection:
      - keep-alive
      ParameterSetName:
      - --hsm-name -g -l --administrators
      User-Agent:
      - AZURECLI/2.36.0 azsdk-python-azure-mgmt-keyvault/9.3.0 Python/3.8.10 (Windows-10-10.0.19044-SP0)
    method: GET
    uri: https://management.azure.com/subscriptions/00000000-0000-0000-0000-000000000000/resourceGroups/cli_test_hsm_pe000001/providers/Microsoft.KeyVault/managedHSMs/cli-test-hsm-pe-000002?api-version=2021-04-01-preview
  response:
    body:
      string: '{"sku":{"family":"B","name":"Standard_B1"},"id":"/subscriptions/00000000-0000-0000-0000-000000000000/resourceGroups/cli_test_hsm_pe000001/providers/Microsoft.KeyVault/managedHSMs/cli-test-hsm-pe-000002","name":"cli-test-hsm-pe-000002","type":"Microsoft.KeyVault/managedHSMs","location":"centraluseuap","tags":{},"systemData":{"createdBy":"ethanyang@microsoft.com","createdByType":"User","createdAt":"2022-05-12T16:23:29.424Z","lastModifiedBy":"ethanyang@microsoft.com","lastModifiedByType":"User","lastModifiedAt":"2022-05-12T16:23:29.424Z"},"properties":{"tenantId":"54826b22-38d6-4fb2-bad9-b7b93a3e9c5a","hsmUri":"https://cli-test-hsm-pe-000002.managedhsm.azure.net/","initialAdminObjectIds":["3707fb2f-ac10-4591-a04f-8b0d786ea37d"],"enableSoftDelete":true,"softDeleteRetentionInDays":90,"enablePurgeProtection":false,"provisioningState":"Provisioning","statusMessage":"Resource
        creation in progress. Starting service...","networkAcls":{"bypass":"AzureServices","defaultAction":"Allow","ipRules":[],"virtualNetworkRules":[]},"publicNetworkAccess":"Enabled","regions":[],"securityDomainProperties":{"activationStatus":"Unknown","activationStatusMessage":"An
        unknown error has occurred. Please contact Microsoft Support."}}}'
    headers:
      cache-control:
      - no-cache
      content-length:
      - '1224'
      content-type:
      - application/json; charset=utf-8
      date:
      - Thu, 12 May 2022 16:26:07 GMT
      expires:
      - '-1'
      pragma:
      - no-cache
      server:
      - Microsoft-IIS/10.0
      strict-transport-security:
      - max-age=31536000; includeSubDomains
      transfer-encoding:
      - chunked
      vary:
      - Accept-Encoding
      x-aspnet-version:
      - 4.0.30319
      x-content-type-options:
      - nosniff
      x-ms-keyvault-service-version:
      - 1.5.354.8
      x-powered-by:
      - ASP.NET
    status:
      code: 200
      message: OK
- request:
    body: null
    headers:
      Accept:
      - '*/*'
      Accept-Encoding:
      - gzip, deflate
      CommandName:
      - keyvault create
      Connection:
      - keep-alive
      ParameterSetName:
      - --hsm-name -g -l --administrators
      User-Agent:
      - AZURECLI/2.36.0 azsdk-python-azure-mgmt-keyvault/9.3.0 Python/3.8.10 (Windows-10-10.0.19044-SP0)
    method: GET
    uri: https://management.azure.com/subscriptions/00000000-0000-0000-0000-000000000000/resourceGroups/cli_test_hsm_pe000001/providers/Microsoft.KeyVault/managedHSMs/cli-test-hsm-pe-000002?api-version=2021-04-01-preview
  response:
    body:
      string: '{"sku":{"family":"B","name":"Standard_B1"},"id":"/subscriptions/00000000-0000-0000-0000-000000000000/resourceGroups/cli_test_hsm_pe000001/providers/Microsoft.KeyVault/managedHSMs/cli-test-hsm-pe-000002","name":"cli-test-hsm-pe-000002","type":"Microsoft.KeyVault/managedHSMs","location":"centraluseuap","tags":{},"systemData":{"createdBy":"ethanyang@microsoft.com","createdByType":"User","createdAt":"2022-05-12T16:23:29.424Z","lastModifiedBy":"ethanyang@microsoft.com","lastModifiedByType":"User","lastModifiedAt":"2022-05-12T16:23:29.424Z"},"properties":{"tenantId":"54826b22-38d6-4fb2-bad9-b7b93a3e9c5a","hsmUri":"https://cli-test-hsm-pe-000002.managedhsm.azure.net/","initialAdminObjectIds":["3707fb2f-ac10-4591-a04f-8b0d786ea37d"],"enableSoftDelete":true,"softDeleteRetentionInDays":90,"enablePurgeProtection":false,"provisioningState":"Provisioning","statusMessage":"Resource
        creation in progress. Starting service...","networkAcls":{"bypass":"AzureServices","defaultAction":"Allow","ipRules":[],"virtualNetworkRules":[]},"publicNetworkAccess":"Enabled","regions":[],"securityDomainProperties":{"activationStatus":"NotActivated","activationStatusMessage":"Your
        HSM has been provisioned, but cannot be used for cryptographic operations
        until it is activated. To activate the HSM, download the security domain."}}}'
    headers:
      cache-control:
      - no-cache
      content-length:
      - '1317'
      content-type:
      - application/json; charset=utf-8
      date:
      - Thu, 12 May 2022 16:26:37 GMT
      expires:
      - '-1'
      pragma:
      - no-cache
      server:
      - Microsoft-IIS/10.0
      strict-transport-security:
      - max-age=31536000; includeSubDomains
      transfer-encoding:
      - chunked
      vary:
      - Accept-Encoding
      x-aspnet-version:
      - 4.0.30319
      x-content-type-options:
      - nosniff
      x-ms-keyvault-service-version:
      - 1.5.354.8
      x-powered-by:
      - ASP.NET
    status:
      code: 200
      message: OK
- request:
    body: null
    headers:
      Accept:
      - '*/*'
      Accept-Encoding:
      - gzip, deflate
      CommandName:
      - keyvault create
      Connection:
      - keep-alive
      ParameterSetName:
      - --hsm-name -g -l --administrators
      User-Agent:
      - AZURECLI/2.36.0 azsdk-python-azure-mgmt-keyvault/9.3.0 Python/3.8.10 (Windows-10-10.0.19044-SP0)
    method: GET
    uri: https://management.azure.com/subscriptions/00000000-0000-0000-0000-000000000000/resourceGroups/cli_test_hsm_pe000001/providers/Microsoft.KeyVault/managedHSMs/cli-test-hsm-pe-000002?api-version=2021-04-01-preview
  response:
    body:
      string: '{"sku":{"family":"B","name":"Standard_B1"},"id":"/subscriptions/00000000-0000-0000-0000-000000000000/resourceGroups/cli_test_hsm_pe000001/providers/Microsoft.KeyVault/managedHSMs/cli-test-hsm-pe-000002","name":"cli-test-hsm-pe-000002","type":"Microsoft.KeyVault/managedHSMs","location":"centraluseuap","tags":{},"systemData":{"createdBy":"ethanyang@microsoft.com","createdByType":"User","createdAt":"2022-05-12T16:23:29.424Z","lastModifiedBy":"ethanyang@microsoft.com","lastModifiedByType":"User","lastModifiedAt":"2022-05-12T16:23:29.424Z"},"properties":{"tenantId":"54826b22-38d6-4fb2-bad9-b7b93a3e9c5a","hsmUri":"https://cli-test-hsm-pe-000002.managedhsm.azure.net/","initialAdminObjectIds":["3707fb2f-ac10-4591-a04f-8b0d786ea37d"],"enableSoftDelete":true,"softDeleteRetentionInDays":90,"enablePurgeProtection":false,"provisioningState":"Provisioning","statusMessage":"Resource
        creation in progress. Starting service...","networkAcls":{"bypass":"AzureServices","defaultAction":"Allow","ipRules":[],"virtualNetworkRules":[]},"publicNetworkAccess":"Enabled","regions":[],"securityDomainProperties":{"activationStatus":"NotActivated","activationStatusMessage":"Your
        HSM has been provisioned, but cannot be used for cryptographic operations
        until it is activated. To activate the HSM, download the security domain."}}}'
    headers:
      cache-control:
      - no-cache
      content-length:
      - '1317'
      content-type:
      - application/json; charset=utf-8
      date:
      - Thu, 12 May 2022 16:27:08 GMT
      expires:
      - '-1'
      pragma:
      - no-cache
      server:
      - Microsoft-IIS/10.0
      strict-transport-security:
      - max-age=31536000; includeSubDomains
      transfer-encoding:
      - chunked
      vary:
      - Accept-Encoding
      x-aspnet-version:
      - 4.0.30319
      x-content-type-options:
      - nosniff
      x-ms-keyvault-service-version:
      - 1.5.354.8
      x-powered-by:
      - ASP.NET
    status:
      code: 200
      message: OK
- request:
    body: null
    headers:
      Accept:
      - '*/*'
      Accept-Encoding:
      - gzip, deflate
      CommandName:
      - keyvault create
      Connection:
      - keep-alive
      ParameterSetName:
      - --hsm-name -g -l --administrators
      User-Agent:
      - AZURECLI/2.36.0 azsdk-python-azure-mgmt-keyvault/9.3.0 Python/3.8.10 (Windows-10-10.0.19044-SP0)
    method: GET
    uri: https://management.azure.com/subscriptions/00000000-0000-0000-0000-000000000000/resourceGroups/cli_test_hsm_pe000001/providers/Microsoft.KeyVault/managedHSMs/cli-test-hsm-pe-000002?api-version=2021-04-01-preview
  response:
    body:
      string: '{"sku":{"family":"B","name":"Standard_B1"},"id":"/subscriptions/00000000-0000-0000-0000-000000000000/resourceGroups/cli_test_hsm_pe000001/providers/Microsoft.KeyVault/managedHSMs/cli-test-hsm-pe-000002","name":"cli-test-hsm-pe-000002","type":"Microsoft.KeyVault/managedHSMs","location":"centraluseuap","tags":{},"systemData":{"createdBy":"ethanyang@microsoft.com","createdByType":"User","createdAt":"2022-05-12T16:23:29.424Z","lastModifiedBy":"ethanyang@microsoft.com","lastModifiedByType":"User","lastModifiedAt":"2022-05-12T16:23:29.424Z"},"properties":{"tenantId":"54826b22-38d6-4fb2-bad9-b7b93a3e9c5a","hsmUri":"https://cli-test-hsm-pe-000002.managedhsm.azure.net/","initialAdminObjectIds":["3707fb2f-ac10-4591-a04f-8b0d786ea37d"],"enableSoftDelete":true,"softDeleteRetentionInDays":90,"enablePurgeProtection":false,"provisioningState":"Provisioning","statusMessage":"Resource
        creation in progress. Starting service...","networkAcls":{"bypass":"AzureServices","defaultAction":"Allow","ipRules":[],"virtualNetworkRules":[]},"publicNetworkAccess":"Enabled","regions":[],"securityDomainProperties":{"activationStatus":"NotActivated","activationStatusMessage":"Your
        HSM has been provisioned, but cannot be used for cryptographic operations
        until it is activated. To activate the HSM, download the security domain."}}}'
    headers:
      cache-control:
      - no-cache
      content-length:
      - '1317'
      content-type:
      - application/json; charset=utf-8
      date:
      - Thu, 12 May 2022 16:27:39 GMT
      expires:
      - '-1'
      pragma:
      - no-cache
      server:
      - Microsoft-IIS/10.0
      strict-transport-security:
      - max-age=31536000; includeSubDomains
      transfer-encoding:
      - chunked
      vary:
      - Accept-Encoding
      x-aspnet-version:
      - 4.0.30319
      x-content-type-options:
      - nosniff
      x-ms-keyvault-service-version:
      - 1.5.354.8
      x-powered-by:
      - ASP.NET
    status:
      code: 200
      message: OK
- request:
    body: null
    headers:
      Accept:
      - '*/*'
      Accept-Encoding:
      - gzip, deflate
      CommandName:
      - keyvault create
      Connection:
      - keep-alive
      ParameterSetName:
      - --hsm-name -g -l --administrators
      User-Agent:
      - AZURECLI/2.36.0 azsdk-python-azure-mgmt-keyvault/9.3.0 Python/3.8.10 (Windows-10-10.0.19044-SP0)
    method: GET
    uri: https://management.azure.com/subscriptions/00000000-0000-0000-0000-000000000000/resourceGroups/cli_test_hsm_pe000001/providers/Microsoft.KeyVault/managedHSMs/cli-test-hsm-pe-000002?api-version=2021-04-01-preview
  response:
    body:
      string: '{"sku":{"family":"B","name":"Standard_B1"},"id":"/subscriptions/00000000-0000-0000-0000-000000000000/resourceGroups/cli_test_hsm_pe000001/providers/Microsoft.KeyVault/managedHSMs/cli-test-hsm-pe-000002","name":"cli-test-hsm-pe-000002","type":"Microsoft.KeyVault/managedHSMs","location":"centraluseuap","tags":{},"systemData":{"createdBy":"ethanyang@microsoft.com","createdByType":"User","createdAt":"2022-05-12T16:23:29.424Z","lastModifiedBy":"ethanyang@microsoft.com","lastModifiedByType":"User","lastModifiedAt":"2022-05-12T16:23:29.424Z"},"properties":{"tenantId":"54826b22-38d6-4fb2-bad9-b7b93a3e9c5a","hsmUri":"https://cli-test-hsm-pe-000002.managedhsm.azure.net/","initialAdminObjectIds":["3707fb2f-ac10-4591-a04f-8b0d786ea37d"],"enableSoftDelete":true,"softDeleteRetentionInDays":90,"enablePurgeProtection":false,"provisioningState":"Provisioning","statusMessage":"Resource
        creation in progress. Starting service...","networkAcls":{"bypass":"AzureServices","defaultAction":"Allow","ipRules":[],"virtualNetworkRules":[]},"publicNetworkAccess":"Enabled","regions":[],"securityDomainProperties":{"activationStatus":"NotActivated","activationStatusMessage":"Your
        HSM has been provisioned, but cannot be used for cryptographic operations
        until it is activated. To activate the HSM, download the security domain."}}}'
    headers:
      cache-control:
      - no-cache
      content-length:
      - '1317'
      content-type:
      - application/json; charset=utf-8
      date:
      - Thu, 12 May 2022 16:28:09 GMT
      expires:
      - '-1'
      pragma:
      - no-cache
      server:
      - Microsoft-IIS/10.0
      strict-transport-security:
      - max-age=31536000; includeSubDomains
      transfer-encoding:
      - chunked
      vary:
      - Accept-Encoding
      x-aspnet-version:
      - 4.0.30319
      x-content-type-options:
      - nosniff
      x-ms-keyvault-service-version:
      - 1.5.354.8
      x-powered-by:
      - ASP.NET
    status:
      code: 200
      message: OK
- request:
    body: null
    headers:
      Accept:
      - '*/*'
      Accept-Encoding:
      - gzip, deflate
      CommandName:
      - keyvault create
      Connection:
      - keep-alive
      ParameterSetName:
      - --hsm-name -g -l --administrators
      User-Agent:
      - AZURECLI/2.36.0 azsdk-python-azure-mgmt-keyvault/9.3.0 Python/3.8.10 (Windows-10-10.0.19044-SP0)
    method: GET
    uri: https://management.azure.com/subscriptions/00000000-0000-0000-0000-000000000000/resourceGroups/cli_test_hsm_pe000001/providers/Microsoft.KeyVault/managedHSMs/cli-test-hsm-pe-000002?api-version=2021-04-01-preview
  response:
    body:
      string: '{"sku":{"family":"B","name":"Standard_B1"},"id":"/subscriptions/00000000-0000-0000-0000-000000000000/resourceGroups/cli_test_hsm_pe000001/providers/Microsoft.KeyVault/managedHSMs/cli-test-hsm-pe-000002","name":"cli-test-hsm-pe-000002","type":"Microsoft.KeyVault/managedHSMs","location":"centraluseuap","tags":{},"systemData":{"createdBy":"ethanyang@microsoft.com","createdByType":"User","createdAt":"2022-05-12T16:23:29.424Z","lastModifiedBy":"ethanyang@microsoft.com","lastModifiedByType":"User","lastModifiedAt":"2022-05-12T16:23:29.424Z"},"properties":{"tenantId":"54826b22-38d6-4fb2-bad9-b7b93a3e9c5a","hsmUri":"https://cli-test-hsm-pe-000002.managedhsm.azure.net/","initialAdminObjectIds":["3707fb2f-ac10-4591-a04f-8b0d786ea37d"],"enableSoftDelete":true,"softDeleteRetentionInDays":90,"enablePurgeProtection":false,"provisioningState":"Provisioning","statusMessage":"Resource
        creation in progress. Starting service...","networkAcls":{"bypass":"AzureServices","defaultAction":"Allow","ipRules":[],"virtualNetworkRules":[]},"publicNetworkAccess":"Enabled","regions":[],"securityDomainProperties":{"activationStatus":"NotActivated","activationStatusMessage":"Your
        HSM has been provisioned, but cannot be used for cryptographic operations
        until it is activated. To activate the HSM, download the security domain."}}}'
    headers:
      cache-control:
      - no-cache
      content-length:
      - '1317'
      content-type:
      - application/json; charset=utf-8
      date:
      - Thu, 12 May 2022 16:28:40 GMT
      expires:
      - '-1'
      pragma:
      - no-cache
      server:
      - Microsoft-IIS/10.0
      strict-transport-security:
      - max-age=31536000; includeSubDomains
      transfer-encoding:
      - chunked
      vary:
      - Accept-Encoding
      x-aspnet-version:
      - 4.0.30319
      x-content-type-options:
      - nosniff
      x-ms-keyvault-service-version:
      - 1.5.354.8
      x-powered-by:
      - ASP.NET
    status:
      code: 200
      message: OK
- request:
    body: null
    headers:
      Accept:
      - '*/*'
      Accept-Encoding:
      - gzip, deflate
      CommandName:
      - keyvault create
      Connection:
      - keep-alive
      ParameterSetName:
      - --hsm-name -g -l --administrators
      User-Agent:
      - AZURECLI/2.36.0 azsdk-python-azure-mgmt-keyvault/9.3.0 Python/3.8.10 (Windows-10-10.0.19044-SP0)
    method: GET
    uri: https://management.azure.com/subscriptions/00000000-0000-0000-0000-000000000000/resourceGroups/cli_test_hsm_pe000001/providers/Microsoft.KeyVault/managedHSMs/cli-test-hsm-pe-000002?api-version=2021-04-01-preview
  response:
    body:
      string: '{"sku":{"family":"B","name":"Standard_B1"},"id":"/subscriptions/00000000-0000-0000-0000-000000000000/resourceGroups/cli_test_hsm_pe000001/providers/Microsoft.KeyVault/managedHSMs/cli-test-hsm-pe-000002","name":"cli-test-hsm-pe-000002","type":"Microsoft.KeyVault/managedHSMs","location":"centraluseuap","tags":{},"systemData":{"createdBy":"ethanyang@microsoft.com","createdByType":"User","createdAt":"2022-05-12T16:23:29.424Z","lastModifiedBy":"ethanyang@microsoft.com","lastModifiedByType":"User","lastModifiedAt":"2022-05-12T16:23:29.424Z"},"properties":{"tenantId":"54826b22-38d6-4fb2-bad9-b7b93a3e9c5a","hsmUri":"https://cli-test-hsm-pe-000002.managedhsm.azure.net/","initialAdminObjectIds":["3707fb2f-ac10-4591-a04f-8b0d786ea37d"],"enableSoftDelete":true,"softDeleteRetentionInDays":90,"enablePurgeProtection":false,"provisioningState":"Provisioning","statusMessage":"Resource
        creation in progress. Starting service...","networkAcls":{"bypass":"AzureServices","defaultAction":"Allow","ipRules":[],"virtualNetworkRules":[]},"publicNetworkAccess":"Enabled","regions":[],"securityDomainProperties":{"activationStatus":"NotActivated","activationStatusMessage":"Your
        HSM has been provisioned, but cannot be used for cryptographic operations
        until it is activated. To activate the HSM, download the security domain."}}}'
    headers:
      cache-control:
      - no-cache
      content-length:
      - '1317'
      content-type:
      - application/json; charset=utf-8
      date:
      - Thu, 12 May 2022 16:29:10 GMT
      expires:
      - '-1'
      pragma:
      - no-cache
      server:
      - Microsoft-IIS/10.0
      strict-transport-security:
      - max-age=31536000; includeSubDomains
      transfer-encoding:
      - chunked
      vary:
      - Accept-Encoding
      x-aspnet-version:
      - 4.0.30319
      x-content-type-options:
      - nosniff
      x-ms-keyvault-service-version:
      - 1.5.354.8
      x-powered-by:
      - ASP.NET
    status:
      code: 200
      message: OK
- request:
    body: null
    headers:
      Accept:
      - '*/*'
      Accept-Encoding:
      - gzip, deflate
      CommandName:
      - keyvault create
      Connection:
      - keep-alive
      ParameterSetName:
      - --hsm-name -g -l --administrators
      User-Agent:
      - AZURECLI/2.36.0 azsdk-python-azure-mgmt-keyvault/9.3.0 Python/3.8.10 (Windows-10-10.0.19044-SP0)
    method: GET
    uri: https://management.azure.com/subscriptions/00000000-0000-0000-0000-000000000000/resourceGroups/cli_test_hsm_pe000001/providers/Microsoft.KeyVault/managedHSMs/cli-test-hsm-pe-000002?api-version=2021-04-01-preview
  response:
    body:
      string: '{"sku":{"family":"B","name":"Standard_B1"},"id":"/subscriptions/00000000-0000-0000-0000-000000000000/resourceGroups/cli_test_hsm_pe000001/providers/Microsoft.KeyVault/managedHSMs/cli-test-hsm-pe-000002","name":"cli-test-hsm-pe-000002","type":"Microsoft.KeyVault/managedHSMs","location":"centraluseuap","tags":{},"systemData":{"createdBy":"ethanyang@microsoft.com","createdByType":"User","createdAt":"2022-05-12T16:23:29.424Z","lastModifiedBy":"ethanyang@microsoft.com","lastModifiedByType":"User","lastModifiedAt":"2022-05-12T16:23:29.424Z"},"properties":{"tenantId":"54826b22-38d6-4fb2-bad9-b7b93a3e9c5a","hsmUri":"https://cli-test-hsm-pe-000002.managedhsm.azure.net/","initialAdminObjectIds":["3707fb2f-ac10-4591-a04f-8b0d786ea37d"],"enableSoftDelete":true,"softDeleteRetentionInDays":90,"enablePurgeProtection":false,"provisioningState":"Provisioning","statusMessage":"Resource
        creation in progress. Starting service...","networkAcls":{"bypass":"AzureServices","defaultAction":"Allow","ipRules":[],"virtualNetworkRules":[]},"publicNetworkAccess":"Enabled","regions":[],"securityDomainProperties":{"activationStatus":"NotActivated","activationStatusMessage":"Your
        HSM has been provisioned, but cannot be used for cryptographic operations
        until it is activated. To activate the HSM, download the security domain."}}}'
    headers:
      cache-control:
      - no-cache
      content-length:
      - '1317'
      content-type:
      - application/json; charset=utf-8
      date:
      - Thu, 12 May 2022 16:29:42 GMT
      expires:
      - '-1'
      pragma:
      - no-cache
      server:
      - Microsoft-IIS/10.0
      strict-transport-security:
      - max-age=31536000; includeSubDomains
      transfer-encoding:
      - chunked
      vary:
      - Accept-Encoding
      x-aspnet-version:
      - 4.0.30319
      x-content-type-options:
      - nosniff
      x-ms-keyvault-service-version:
      - 1.5.354.8
      x-powered-by:
      - ASP.NET
    status:
      code: 200
      message: OK
- request:
    body: null
    headers:
      Accept:
      - '*/*'
      Accept-Encoding:
      - gzip, deflate
      CommandName:
      - keyvault create
      Connection:
      - keep-alive
      ParameterSetName:
      - --hsm-name -g -l --administrators
      User-Agent:
      - AZURECLI/2.36.0 azsdk-python-azure-mgmt-keyvault/9.3.0 Python/3.8.10 (Windows-10-10.0.19044-SP0)
    method: GET
    uri: https://management.azure.com/subscriptions/00000000-0000-0000-0000-000000000000/resourceGroups/cli_test_hsm_pe000001/providers/Microsoft.KeyVault/managedHSMs/cli-test-hsm-pe-000002?api-version=2021-04-01-preview
  response:
    body:
      string: '{"sku":{"family":"B","name":"Standard_B1"},"id":"/subscriptions/00000000-0000-0000-0000-000000000000/resourceGroups/cli_test_hsm_pe000001/providers/Microsoft.KeyVault/managedHSMs/cli-test-hsm-pe-000002","name":"cli-test-hsm-pe-000002","type":"Microsoft.KeyVault/managedHSMs","location":"centraluseuap","tags":{},"systemData":{"createdBy":"ethanyang@microsoft.com","createdByType":"User","createdAt":"2022-05-12T16:23:29.424Z","lastModifiedBy":"ethanyang@microsoft.com","lastModifiedByType":"User","lastModifiedAt":"2022-05-12T16:23:29.424Z"},"properties":{"tenantId":"54826b22-38d6-4fb2-bad9-b7b93a3e9c5a","hsmUri":"https://cli-test-hsm-pe-000002.managedhsm.azure.net/","initialAdminObjectIds":["3707fb2f-ac10-4591-a04f-8b0d786ea37d"],"enableSoftDelete":true,"softDeleteRetentionInDays":90,"enablePurgeProtection":false,"provisioningState":"Provisioning","statusMessage":"Resource
        creation in progress. Starting service...","networkAcls":{"bypass":"AzureServices","defaultAction":"Allow","ipRules":[],"virtualNetworkRules":[]},"publicNetworkAccess":"Enabled","regions":[],"securityDomainProperties":{"activationStatus":"NotActivated","activationStatusMessage":"Your
        HSM has been provisioned, but cannot be used for cryptographic operations
        until it is activated. To activate the HSM, download the security domain."}}}'
    headers:
      cache-control:
      - no-cache
      content-length:
      - '1317'
      content-type:
      - application/json; charset=utf-8
      date:
      - Thu, 12 May 2022 16:30:14 GMT
      expires:
      - '-1'
      pragma:
      - no-cache
      server:
      - Microsoft-IIS/10.0
      strict-transport-security:
      - max-age=31536000; includeSubDomains
      transfer-encoding:
      - chunked
      vary:
      - Accept-Encoding
      x-aspnet-version:
      - 4.0.30319
      x-content-type-options:
      - nosniff
      x-ms-keyvault-service-version:
      - 1.5.354.8
      x-powered-by:
      - ASP.NET
    status:
      code: 200
      message: OK
- request:
    body: null
    headers:
      Accept:
      - '*/*'
      Accept-Encoding:
      - gzip, deflate
      CommandName:
      - keyvault create
      Connection:
      - keep-alive
      ParameterSetName:
      - --hsm-name -g -l --administrators
      User-Agent:
      - AZURECLI/2.36.0 azsdk-python-azure-mgmt-keyvault/9.3.0 Python/3.8.10 (Windows-10-10.0.19044-SP0)
    method: GET
    uri: https://management.azure.com/subscriptions/00000000-0000-0000-0000-000000000000/resourceGroups/cli_test_hsm_pe000001/providers/Microsoft.KeyVault/managedHSMs/cli-test-hsm-pe-000002?api-version=2021-04-01-preview
  response:
    body:
      string: '{"sku":{"family":"B","name":"Standard_B1"},"id":"/subscriptions/00000000-0000-0000-0000-000000000000/resourceGroups/cli_test_hsm_pe000001/providers/Microsoft.KeyVault/managedHSMs/cli-test-hsm-pe-000002","name":"cli-test-hsm-pe-000002","type":"Microsoft.KeyVault/managedHSMs","location":"centraluseuap","tags":{},"systemData":{"createdBy":"ethanyang@microsoft.com","createdByType":"User","createdAt":"2022-05-12T16:23:29.424Z","lastModifiedBy":"ethanyang@microsoft.com","lastModifiedByType":"User","lastModifiedAt":"2022-05-12T16:23:29.424Z"},"properties":{"tenantId":"54826b22-38d6-4fb2-bad9-b7b93a3e9c5a","hsmUri":"https://cli-test-hsm-pe-000002.managedhsm.azure.net/","initialAdminObjectIds":["3707fb2f-ac10-4591-a04f-8b0d786ea37d"],"enableSoftDelete":true,"softDeleteRetentionInDays":90,"enablePurgeProtection":false,"provisioningState":"Succeeded","statusMessage":"Resource
        creation in progress. Starting service...","networkAcls":{"bypass":"AzureServices","defaultAction":"Allow","ipRules":[],"virtualNetworkRules":[]},"publicNetworkAccess":"Enabled","regions":[],"securityDomainProperties":{"activationStatus":"NotActivated","activationStatusMessage":"Your
        HSM has been provisioned, but cannot be used for cryptographic operations
        until it is activated. To activate the HSM, download the security domain."}}}'
    headers:
      cache-control:
      - no-cache
      content-length:
      - '1314'
      content-type:
      - application/json; charset=utf-8
      date:
      - Thu, 12 May 2022 16:30:44 GMT
      expires:
      - '-1'
      pragma:
      - no-cache
      server:
      - Microsoft-IIS/10.0
      strict-transport-security:
      - max-age=31536000; includeSubDomains
      transfer-encoding:
      - chunked
      vary:
      - Accept-Encoding
      x-aspnet-version:
      - 4.0.30319
      x-content-type-options:
      - nosniff
      x-ms-keyvault-service-version:
      - 1.5.354.8
      x-powered-by:
      - ASP.NET
    status:
      code: 200
      message: OK
- request:
    body: '{"location": "centraluseuap", "tags": {}, "properties": {"addressSpace":
      {"addressPrefixes": ["10.0.0.0/16"]}, "dhcpOptions": {}, "subnets": [{"name":
      "cli-subnet-000004", "properties": {"addressPrefix": "10.0.0.0/24", "privateEndpointNetworkPolicies":
      "Enabled", "privateLinkServiceNetworkPolicies": "Enabled"}}]}}'
    headers:
      Accept:
      - application/json
      Accept-Encoding:
      - gzip, deflate
      CommandName:
      - network vnet create
      Connection:
      - keep-alive
      Content-Length:
      - '315'
      Content-Type:
      - application/json
      ParameterSetName:
      - -n -g -l --subnet-name
      User-Agent:
      - AZURECLI/2.36.0 azsdk-python-azure-mgmt-network/20.0.0 Python/3.8.10 (Windows-10-10.0.19044-SP0)
    method: PUT
    uri: https://management.azure.com/subscriptions/00000000-0000-0000-0000-000000000000/resourceGroups/cli_test_hsm_pe000001/providers/Microsoft.Network/virtualNetworks/cli-vnet-000003?api-version=2021-08-01
  response:
    body:
      string: "{\r\n  \"name\": \"cli-vnet-000003\",\r\n  \"id\": \"/subscriptions/00000000-0000-0000-0000-000000000000/resourceGroups/cli_test_hsm_pe000001/providers/Microsoft.Network/virtualNetworks/cli-vnet-000003\",\r\n
        \ \"etag\": \"W/\\\"8230bf1a-8e3f-4ec1-96b2-5449d7a7a034\\\"\",\r\n  \"type\":
        \"Microsoft.Network/virtualNetworks\",\r\n  \"location\": \"centraluseuap\",\r\n
        \ \"tags\": {},\r\n  \"properties\": {\r\n    \"provisioningState\": \"Updating\",\r\n
        \   \"resourceGuid\": \"75d8368d-cf7c-4ac0-9e13-e79705ab3e95\",\r\n    \"addressSpace\":
        {\r\n      \"addressPrefixes\": [\r\n        \"10.0.0.0/16\"\r\n      ]\r\n
        \   },\r\n    \"dhcpOptions\": {\r\n      \"dnsServers\": []\r\n    },\r\n
        \   \"subnets\": [\r\n      {\r\n        \"name\": \"cli-subnet-000004\",\r\n
        \       \"id\": \"/subscriptions/00000000-0000-0000-0000-000000000000/resourceGroups/cli_test_hsm_pe000001/providers/Microsoft.Network/virtualNetworks/cli-vnet-000003/subnets/cli-subnet-000004\",\r\n
        \       \"etag\": \"W/\\\"8230bf1a-8e3f-4ec1-96b2-5449d7a7a034\\\"\",\r\n
        \       \"properties\": {\r\n          \"provisioningState\": \"Updating\",\r\n
        \         \"addressPrefix\": \"10.0.0.0/24\",\r\n          \"delegations\":
        [],\r\n          \"privateEndpointNetworkPolicies\": \"Enabled\",\r\n          \"privateLinkServiceNetworkPolicies\":
        \"Enabled\"\r\n        },\r\n        \"type\": \"Microsoft.Network/virtualNetworks/subnets\"\r\n
        \     }\r\n    ],\r\n    \"virtualNetworkPeerings\": [],\r\n    \"enableDdosProtection\":
        false\r\n  }\r\n}"
    headers:
      azure-asyncnotification:
      - Enabled
      azure-asyncoperation:
      - https://management.azure.com/subscriptions/00000000-0000-0000-0000-000000000000/providers/Microsoft.Network/locations/centraluseuap/operations/df4acc42-6236-4d59-bcf9-dbbb4faf8a02?api-version=2021-08-01
      cache-control:
      - no-cache
      content-length:
      - '1352'
      content-type:
      - application/json; charset=utf-8
      date:
      - Thu, 12 May 2022 16:30:52 GMT
      expires:
      - '-1'
      pragma:
      - no-cache
      server:
      - Microsoft-HTTPAPI/2.0
      - Microsoft-HTTPAPI/2.0
      strict-transport-security:
      - max-age=31536000; includeSubDomains
      x-content-type-options:
      - nosniff
      x-ms-arm-service-request-id:
      - 99f7b77f-36b2-4a8b-b7ba-604371d304b6
      x-ms-ratelimit-remaining-subscription-writes:
      - '1192'
    status:
      code: 201
      message: Created
- request:
    body: null
    headers:
      Accept:
      - '*/*'
      Accept-Encoding:
      - gzip, deflate
      CommandName:
      - network vnet create
      Connection:
      - keep-alive
      ParameterSetName:
      - -n -g -l --subnet-name
      User-Agent:
      - AZURECLI/2.36.0 azsdk-python-azure-mgmt-network/20.0.0 Python/3.8.10 (Windows-10-10.0.19044-SP0)
    method: GET
    uri: https://management.azure.com/subscriptions/00000000-0000-0000-0000-000000000000/providers/Microsoft.Network/locations/centraluseuap/operations/df4acc42-6236-4d59-bcf9-dbbb4faf8a02?api-version=2021-08-01
  response:
    body:
      string: "{\r\n  \"status\": \"InProgress\"\r\n}"
    headers:
      cache-control:
      - no-cache
      content-length:
      - '30'
      content-type:
      - application/json; charset=utf-8
      date:
      - Thu, 12 May 2022 16:30:56 GMT
      expires:
      - '-1'
      pragma:
      - no-cache
      server:
      - Microsoft-HTTPAPI/2.0
      - Microsoft-HTTPAPI/2.0
      strict-transport-security:
      - max-age=31536000; includeSubDomains
      transfer-encoding:
      - chunked
      vary:
      - Accept-Encoding
      x-content-type-options:
      - nosniff
      x-ms-arm-service-request-id:
      - 6df2589f-0a1d-4f1b-975a-a5ba17842c3c
    status:
      code: 200
      message: OK
- request:
    body: null
    headers:
      Accept:
      - '*/*'
      Accept-Encoding:
      - gzip, deflate
      CommandName:
      - network vnet create
      Connection:
      - keep-alive
      ParameterSetName:
      - -n -g -l --subnet-name
      User-Agent:
      - AZURECLI/2.36.0 azsdk-python-azure-mgmt-network/20.0.0 Python/3.8.10 (Windows-10-10.0.19044-SP0)
    method: GET
    uri: https://management.azure.com/subscriptions/00000000-0000-0000-0000-000000000000/providers/Microsoft.Network/locations/centraluseuap/operations/df4acc42-6236-4d59-bcf9-dbbb4faf8a02?api-version=2021-08-01
  response:
    body:
      string: "{\r\n  \"status\": \"Succeeded\"\r\n}"
    headers:
      cache-control:
      - no-cache
      content-length:
      - '29'
      content-type:
      - application/json; charset=utf-8
      date:
      - Thu, 12 May 2022 16:31:06 GMT
      expires:
      - '-1'
      pragma:
      - no-cache
      server:
      - Microsoft-HTTPAPI/2.0
      - Microsoft-HTTPAPI/2.0
      strict-transport-security:
      - max-age=31536000; includeSubDomains
      transfer-encoding:
      - chunked
      vary:
      - Accept-Encoding
      x-content-type-options:
      - nosniff
      x-ms-arm-service-request-id:
      - 236c4909-0018-4684-9952-ff7d3a0508e5
    status:
      code: 200
      message: OK
- request:
    body: null
    headers:
      Accept:
      - '*/*'
      Accept-Encoding:
      - gzip, deflate
      CommandName:
      - network vnet create
      Connection:
      - keep-alive
      ParameterSetName:
      - -n -g -l --subnet-name
      User-Agent:
      - AZURECLI/2.36.0 azsdk-python-azure-mgmt-network/20.0.0 Python/3.8.10 (Windows-10-10.0.19044-SP0)
    method: GET
    uri: https://management.azure.com/subscriptions/00000000-0000-0000-0000-000000000000/resourceGroups/cli_test_hsm_pe000001/providers/Microsoft.Network/virtualNetworks/cli-vnet-000003?api-version=2021-08-01
  response:
    body:
      string: "{\r\n  \"name\": \"cli-vnet-000003\",\r\n  \"id\": \"/subscriptions/00000000-0000-0000-0000-000000000000/resourceGroups/cli_test_hsm_pe000001/providers/Microsoft.Network/virtualNetworks/cli-vnet-000003\",\r\n
        \ \"etag\": \"W/\\\"dc5577b4-c563-4d7c-91ef-ab37775ceba3\\\"\",\r\n  \"type\":
        \"Microsoft.Network/virtualNetworks\",\r\n  \"location\": \"centraluseuap\",\r\n
        \ \"tags\": {},\r\n  \"properties\": {\r\n    \"provisioningState\": \"Succeeded\",\r\n
        \   \"resourceGuid\": \"75d8368d-cf7c-4ac0-9e13-e79705ab3e95\",\r\n    \"addressSpace\":
        {\r\n      \"addressPrefixes\": [\r\n        \"10.0.0.0/16\"\r\n      ]\r\n
        \   },\r\n    \"dhcpOptions\": {\r\n      \"dnsServers\": []\r\n    },\r\n
        \   \"subnets\": [\r\n      {\r\n        \"name\": \"cli-subnet-000004\",\r\n
        \       \"id\": \"/subscriptions/00000000-0000-0000-0000-000000000000/resourceGroups/cli_test_hsm_pe000001/providers/Microsoft.Network/virtualNetworks/cli-vnet-000003/subnets/cli-subnet-000004\",\r\n
        \       \"etag\": \"W/\\\"dc5577b4-c563-4d7c-91ef-ab37775ceba3\\\"\",\r\n
        \       \"properties\": {\r\n          \"provisioningState\": \"Succeeded\",\r\n
        \         \"addressPrefix\": \"10.0.0.0/24\",\r\n          \"delegations\":
        [],\r\n          \"privateEndpointNetworkPolicies\": \"Enabled\",\r\n          \"privateLinkServiceNetworkPolicies\":
        \"Enabled\"\r\n        },\r\n        \"type\": \"Microsoft.Network/virtualNetworks/subnets\"\r\n
        \     }\r\n    ],\r\n    \"virtualNetworkPeerings\": [],\r\n    \"enableDdosProtection\":
        false\r\n  }\r\n}"
    headers:
      cache-control:
      - no-cache
      content-length:
      - '1354'
      content-type:
      - application/json; charset=utf-8
      date:
      - Thu, 12 May 2022 16:31:07 GMT
      etag:
      - W/"dc5577b4-c563-4d7c-91ef-ab37775ceba3"
      expires:
      - '-1'
      pragma:
      - no-cache
      server:
      - Microsoft-HTTPAPI/2.0
      - Microsoft-HTTPAPI/2.0
      strict-transport-security:
      - max-age=31536000; includeSubDomains
      transfer-encoding:
      - chunked
      vary:
      - Accept-Encoding
      x-content-type-options:
      - nosniff
      x-ms-arm-service-request-id:
      - f8cfb5f4-6caa-4d9e-b3e7-6a9fcc990ca6
    status:
      code: 200
      message: OK
- request:
    body: null
    headers:
      Accept:
      - application/json
      Accept-Encoding:
      - gzip, deflate
      CommandName:
      - network vnet subnet update
      Connection:
      - keep-alive
      ParameterSetName:
      - -n --vnet-name -g --disable-private-endpoint-network-policies
      User-Agent:
      - AZURECLI/2.36.0 azsdk-python-azure-mgmt-network/20.0.0 Python/3.8.10 (Windows-10-10.0.19044-SP0)
    method: GET
    uri: https://management.azure.com/subscriptions/00000000-0000-0000-0000-000000000000/resourceGroups/cli_test_hsm_pe000001/providers/Microsoft.Network/virtualNetworks/cli-vnet-000003/subnets/cli-subnet-000004?api-version=2021-08-01
  response:
    body:
      string: "{\r\n  \"name\": \"cli-subnet-000004\",\r\n  \"id\": \"/subscriptions/00000000-0000-0000-0000-000000000000/resourceGroups/cli_test_hsm_pe000001/providers/Microsoft.Network/virtualNetworks/cli-vnet-000003/subnets/cli-subnet-000004\",\r\n
        \ \"etag\": \"W/\\\"dc5577b4-c563-4d7c-91ef-ab37775ceba3\\\"\",\r\n  \"properties\":
        {\r\n    \"provisioningState\": \"Succeeded\",\r\n    \"addressPrefix\": \"10.0.0.0/24\",\r\n
        \   \"delegations\": [],\r\n    \"privateEndpointNetworkPolicies\": \"Enabled\",\r\n
        \   \"privateLinkServiceNetworkPolicies\": \"Enabled\"\r\n  },\r\n  \"type\":
        \"Microsoft.Network/virtualNetworks/subnets\"\r\n}"
    headers:
      cache-control:
      - no-cache
      content-length:
      - '562'
      content-type:
      - application/json; charset=utf-8
      date:
      - Thu, 12 May 2022 16:31:09 GMT
      etag:
      - W/"dc5577b4-c563-4d7c-91ef-ab37775ceba3"
      expires:
      - '-1'
      pragma:
      - no-cache
      server:
      - Microsoft-HTTPAPI/2.0
      - Microsoft-HTTPAPI/2.0
      strict-transport-security:
      - max-age=31536000; includeSubDomains
      transfer-encoding:
      - chunked
      vary:
      - Accept-Encoding
      x-content-type-options:
      - nosniff
      x-ms-arm-service-request-id:
      - 94dba08f-97f1-41ed-a810-bb264e577774
    status:
      code: 200
      message: OK
- request:
    body: '{"id": "/subscriptions/00000000-0000-0000-0000-000000000000/resourceGroups/cli_test_hsm_pe000001/providers/Microsoft.Network/virtualNetworks/cli-vnet-000003/subnets/cli-subnet-000004",
      "name": "cli-subnet-000004", "type": "Microsoft.Network/virtualNetworks/subnets",
      "properties": {"addressPrefix": "10.0.0.0/24", "delegations": [], "privateEndpointNetworkPolicies":
      "Disabled", "privateLinkServiceNetworkPolicies": "Enabled"}}'
    headers:
      Accept:
      - application/json
      Accept-Encoding:
      - gzip, deflate
      CommandName:
      - network vnet subnet update
      Connection:
      - keep-alive
      Content-Length:
      - '427'
      Content-Type:
      - application/json
      ParameterSetName:
      - -n --vnet-name -g --disable-private-endpoint-network-policies
      User-Agent:
      - AZURECLI/2.36.0 azsdk-python-azure-mgmt-network/20.0.0 Python/3.8.10 (Windows-10-10.0.19044-SP0)
    method: PUT
    uri: https://management.azure.com/subscriptions/00000000-0000-0000-0000-000000000000/resourceGroups/cli_test_hsm_pe000001/providers/Microsoft.Network/virtualNetworks/cli-vnet-000003/subnets/cli-subnet-000004?api-version=2021-08-01
  response:
    body:
      string: "{\r\n  \"name\": \"cli-subnet-000004\",\r\n  \"id\": \"/subscriptions/00000000-0000-0000-0000-000000000000/resourceGroups/cli_test_hsm_pe000001/providers/Microsoft.Network/virtualNetworks/cli-vnet-000003/subnets/cli-subnet-000004\",\r\n
        \ \"etag\": \"W/\\\"f04878f6-bb6e-4bd5-8b67-ace43ea6726a\\\"\",\r\n  \"properties\":
        {\r\n    \"provisioningState\": \"Updating\",\r\n    \"addressPrefix\": \"10.0.0.0/24\",\r\n
        \   \"delegations\": [],\r\n    \"privateEndpointNetworkPolicies\": \"Disabled\",\r\n
        \   \"privateLinkServiceNetworkPolicies\": \"Enabled\"\r\n  },\r\n  \"type\":
        \"Microsoft.Network/virtualNetworks/subnets\"\r\n}"
    headers:
      azure-asyncoperation:
      - https://management.azure.com/subscriptions/00000000-0000-0000-0000-000000000000/providers/Microsoft.Network/locations/centraluseuap/operations/195ca717-241b-4376-8c07-b6bc1122d693?api-version=2021-08-01
      cache-control:
      - no-cache
      content-length:
      - '562'
      content-type:
      - application/json; charset=utf-8
      date:
      - Thu, 12 May 2022 16:31:10 GMT
      expires:
      - '-1'
      pragma:
      - no-cache
      server:
      - Microsoft-HTTPAPI/2.0
      - Microsoft-HTTPAPI/2.0
      strict-transport-security:
      - max-age=31536000; includeSubDomains
      transfer-encoding:
      - chunked
      vary:
      - Accept-Encoding
      x-content-type-options:
      - nosniff
      x-ms-arm-service-request-id:
      - a60110b5-f798-4ba1-bfaf-83b3bef0f969
      x-ms-ratelimit-remaining-subscription-writes:
      - '1195'
    status:
      code: 200
      message: OK
- request:
    body: null
    headers:
      Accept:
      - '*/*'
      Accept-Encoding:
      - gzip, deflate
      CommandName:
      - network vnet subnet update
      Connection:
      - keep-alive
      ParameterSetName:
      - -n --vnet-name -g --disable-private-endpoint-network-policies
      User-Agent:
      - AZURECLI/2.36.0 azsdk-python-azure-mgmt-network/20.0.0 Python/3.8.10 (Windows-10-10.0.19044-SP0)
    method: GET
    uri: https://management.azure.com/subscriptions/00000000-0000-0000-0000-000000000000/providers/Microsoft.Network/locations/centraluseuap/operations/195ca717-241b-4376-8c07-b6bc1122d693?api-version=2021-08-01
  response:
    body:
      string: "{\r\n  \"status\": \"Succeeded\"\r\n}"
    headers:
      cache-control:
      - no-cache
      content-length:
      - '29'
      content-type:
      - application/json; charset=utf-8
      date:
      - Thu, 12 May 2022 16:31:14 GMT
      expires:
      - '-1'
      pragma:
      - no-cache
      server:
      - Microsoft-HTTPAPI/2.0
      - Microsoft-HTTPAPI/2.0
      strict-transport-security:
      - max-age=31536000; includeSubDomains
      transfer-encoding:
      - chunked
      vary:
      - Accept-Encoding
      x-content-type-options:
      - nosniff
      x-ms-arm-service-request-id:
      - 809bb52d-d932-496a-8c2b-6b1e6bf221b7
    status:
      code: 200
      message: OK
- request:
    body: null
    headers:
      Accept:
      - '*/*'
      Accept-Encoding:
      - gzip, deflate
      CommandName:
      - network vnet subnet update
      Connection:
      - keep-alive
      ParameterSetName:
      - -n --vnet-name -g --disable-private-endpoint-network-policies
      User-Agent:
      - AZURECLI/2.36.0 azsdk-python-azure-mgmt-network/20.0.0 Python/3.8.10 (Windows-10-10.0.19044-SP0)
    method: GET
    uri: https://management.azure.com/subscriptions/00000000-0000-0000-0000-000000000000/resourceGroups/cli_test_hsm_pe000001/providers/Microsoft.Network/virtualNetworks/cli-vnet-000003/subnets/cli-subnet-000004?api-version=2021-08-01
  response:
    body:
      string: "{\r\n  \"name\": \"cli-subnet-000004\",\r\n  \"id\": \"/subscriptions/00000000-0000-0000-0000-000000000000/resourceGroups/cli_test_hsm_pe000001/providers/Microsoft.Network/virtualNetworks/cli-vnet-000003/subnets/cli-subnet-000004\",\r\n
        \ \"etag\": \"W/\\\"ee6fc63e-b6b9-4b1d-9af0-3fc8f2eaac55\\\"\",\r\n  \"properties\":
        {\r\n    \"provisioningState\": \"Succeeded\",\r\n    \"addressPrefix\": \"10.0.0.0/24\",\r\n
        \   \"delegations\": [],\r\n    \"privateEndpointNetworkPolicies\": \"Disabled\",\r\n
        \   \"privateLinkServiceNetworkPolicies\": \"Enabled\"\r\n  },\r\n  \"type\":
        \"Microsoft.Network/virtualNetworks/subnets\"\r\n}"
    headers:
      cache-control:
      - no-cache
      content-length:
      - '563'
      content-type:
      - application/json; charset=utf-8
      date:
      - Thu, 12 May 2022 16:31:14 GMT
      etag:
      - W/"ee6fc63e-b6b9-4b1d-9af0-3fc8f2eaac55"
      expires:
      - '-1'
      pragma:
      - no-cache
      server:
      - Microsoft-HTTPAPI/2.0
      - Microsoft-HTTPAPI/2.0
      strict-transport-security:
      - max-age=31536000; includeSubDomains
      transfer-encoding:
      - chunked
      vary:
      - Accept-Encoding
      x-content-type-options:
      - nosniff
      x-ms-arm-service-request-id:
      - b5df062f-9063-4c69-88fa-580e22355d22
    status:
      code: 200
      message: OK
- request:
    body: '{"location": "centraluseuap", "properties": {"subnet": {"id": "/subscriptions/00000000-0000-0000-0000-000000000000/resourceGroups/cli_test_hsm_pe000001/providers/Microsoft.Network/virtualNetworks/cli-vnet-000003/subnets/cli-subnet-000004",
      "properties": {"privateEndpointNetworkPolicies": "Enabled", "privateLinkServiceNetworkPolicies":
      "Enabled"}}, "privateLinkServiceConnections": [{"name": "cli-pec-000006", "properties":
      {"privateLinkServiceId": "/subscriptions/00000000-0000-0000-0000-000000000000/resourceGroups/cli_test_hsm_pe000001/providers/Microsoft.KeyVault/managedHSMs/cli-test-hsm-pe-000002",
      "groupIds": ["managedhsm"]}}]}}'
    headers:
      Accept:
      - application/json
      Accept-Encoding:
      - gzip, deflate
      CommandName:
      - network private-endpoint create
      Connection:
      - keep-alive
      Content-Length:
      - '637'
      Content-Type:
      - application/json
      ParameterSetName:
      - -g -n --vnet-name --subnet -l --connection-name --private-connection-resource-id
        --group-id
      User-Agent:
      - AZURECLI/2.36.0 azsdk-python-azure-mgmt-network/20.0.0 Python/3.8.10 (Windows-10-10.0.19044-SP0)
    method: PUT
    uri: https://management.azure.com/subscriptions/00000000-0000-0000-0000-000000000000/resourceGroups/cli_test_hsm_pe000001/providers/Microsoft.Network/privateEndpoints/cli-pe-000005?api-version=2021-08-01
  response:
    body:
      string: "{\r\n  \"name\": \"cli-pe-000005\",\r\n  \"id\": \"/subscriptions/00000000-0000-0000-0000-000000000000/resourceGroups/cli_test_hsm_pe000001/providers/Microsoft.Network/privateEndpoints/cli-pe-000005\",\r\n
        \ \"etag\": \"W/\\\"745b138b-d4c9-45c1-b027-342b3b244742\\\"\",\r\n  \"type\":
        \"Microsoft.Network/privateEndpoints\",\r\n  \"location\": \"centraluseuap\",\r\n
        \ \"properties\": {\r\n    \"provisioningState\": \"Updating\",\r\n    \"resourceGuid\":
        \"9ba95873-7765-4b89-8d19-bb126b323b15\",\r\n    \"privateLinkServiceConnections\":
        [\r\n      {\r\n        \"name\": \"cli-pec-000006\",\r\n        \"id\": \"/subscriptions/00000000-0000-0000-0000-000000000000/resourceGroups/cli_test_hsm_pe000001/providers/Microsoft.Network/privateEndpoints/cli-pe-000005/privateLinkServiceConnections/cli-pec-000006\",\r\n
        \       \"etag\": \"W/\\\"745b138b-d4c9-45c1-b027-342b3b244742\\\"\",\r\n
        \       \"properties\": {\r\n          \"provisioningState\": \"Succeeded\",\r\n
        \         \"privateLinkServiceId\": \"/subscriptions/00000000-0000-0000-0000-000000000000/resourceGroups/cli_test_hsm_pe000001/providers/Microsoft.KeyVault/managedHSMs/cli-test-hsm-pe-000002\",\r\n
        \         \"groupIds\": [\r\n            \"managedhsm\"\r\n          ],\r\n
        \         \"privateLinkServiceConnectionState\": {\r\n            \"status\":
        \"Approved\",\r\n            \"description\": \"Auto Approved\",\r\n            \"actionsRequired\":
        \"None\"\r\n          }\r\n        },\r\n        \"type\": \"Microsoft.Network/privateEndpoints/privateLinkServiceConnections\"\r\n
        \     }\r\n    ],\r\n    \"manualPrivateLinkServiceConnections\": [],\r\n
        \   \"customNetworkInterfaceName\": \"\",\r\n    \"subnet\": {\r\n      \"id\":
        \"/subscriptions/00000000-0000-0000-0000-000000000000/resourceGroups/cli_test_hsm_pe000001/providers/Microsoft.Network/virtualNetworks/cli-vnet-000003/subnets/cli-subnet-000004\"\r\n
        \   },\r\n    \"ipConfigurations\": [],\r\n    \"networkInterfaces\": [\r\n
        \     {\r\n        \"id\": \"/subscriptions/00000000-0000-0000-0000-000000000000/resourceGroups/cli_test_hsm_pe000001/providers/Microsoft.Network/networkInterfaces/cli-pe-000005.nic.9a518644-e118-4b2c-bec9-bf87ed8a279a\"\r\n
        \     }\r\n    ],\r\n    \"customDnsConfigs\": []\r\n  }\r\n}"
    headers:
      azure-asyncnotification:
      - Enabled
      azure-asyncoperation:
      - https://management.azure.com/subscriptions/00000000-0000-0000-0000-000000000000/providers/Microsoft.Network/locations/centraluseuap/operations/c5434d85-3460-4163-a08d-199733a4f459?api-version=2021-08-01
      cache-control:
      - no-cache
      content-length:
      - '2052'
      content-type:
      - application/json; charset=utf-8
      date:
      - Thu, 12 May 2022 16:31:20 GMT
      expires:
      - '-1'
      pragma:
      - no-cache
      server:
      - Microsoft-HTTPAPI/2.0
      - Microsoft-HTTPAPI/2.0
      strict-transport-security:
      - max-age=31536000; includeSubDomains
      x-content-type-options:
      - nosniff
      x-ms-arm-service-request-id:
      - 9511f049-c68d-47c0-9589-c6e23c604d0d
      x-ms-ratelimit-remaining-subscription-writes:
      - '1195'
    status:
      code: 201
      message: Created
- request:
    body: null
    headers:
      Accept:
      - '*/*'
      Accept-Encoding:
      - gzip, deflate
      CommandName:
      - network private-endpoint create
      Connection:
      - keep-alive
      ParameterSetName:
      - -g -n --vnet-name --subnet -l --connection-name --private-connection-resource-id
        --group-id
      User-Agent:
      - AZURECLI/2.36.0 azsdk-python-azure-mgmt-network/20.0.0 Python/3.8.10 (Windows-10-10.0.19044-SP0)
    method: GET
    uri: https://management.azure.com/subscriptions/00000000-0000-0000-0000-000000000000/providers/Microsoft.Network/locations/centraluseuap/operations/c5434d85-3460-4163-a08d-199733a4f459?api-version=2021-08-01
  response:
    body:
      string: "{\r\n  \"status\": \"InProgress\"\r\n}"
    headers:
      cache-control:
      - no-cache
      content-length:
      - '30'
      content-type:
      - application/json; charset=utf-8
      date:
      - Thu, 12 May 2022 16:31:30 GMT
      expires:
      - '-1'
      pragma:
      - no-cache
      server:
      - Microsoft-HTTPAPI/2.0
      - Microsoft-HTTPAPI/2.0
      strict-transport-security:
      - max-age=31536000; includeSubDomains
      transfer-encoding:
      - chunked
      vary:
      - Accept-Encoding
      x-content-type-options:
      - nosniff
      x-ms-arm-service-request-id:
      - 6fd83de2-5c51-480c-86cc-8fdf350d0cbf
    status:
      code: 200
      message: OK
- request:
    body: null
    headers:
      Accept:
      - '*/*'
      Accept-Encoding:
      - gzip, deflate
      CommandName:
      - network private-endpoint create
      Connection:
      - keep-alive
      ParameterSetName:
      - -g -n --vnet-name --subnet -l --connection-name --private-connection-resource-id
        --group-id
      User-Agent:
      - AZURECLI/2.36.0 azsdk-python-azure-mgmt-network/20.0.0 Python/3.8.10 (Windows-10-10.0.19044-SP0)
    method: GET
    uri: https://management.azure.com/subscriptions/00000000-0000-0000-0000-000000000000/providers/Microsoft.Network/locations/centraluseuap/operations/c5434d85-3460-4163-a08d-199733a4f459?api-version=2021-08-01
  response:
    body:
      string: "{\r\n  \"status\": \"InProgress\"\r\n}"
    headers:
      cache-control:
      - no-cache
      content-length:
      - '30'
      content-type:
      - application/json; charset=utf-8
      date:
      - Thu, 12 May 2022 16:31:41 GMT
      expires:
      - '-1'
      pragma:
      - no-cache
      server:
      - Microsoft-HTTPAPI/2.0
      - Microsoft-HTTPAPI/2.0
      strict-transport-security:
      - max-age=31536000; includeSubDomains
      transfer-encoding:
      - chunked
      vary:
      - Accept-Encoding
      x-content-type-options:
      - nosniff
      x-ms-arm-service-request-id:
      - e074cf3a-9bf7-457a-ad02-0e98c35356a6
    status:
      code: 200
      message: OK
- request:
    body: null
    headers:
      Accept:
      - '*/*'
      Accept-Encoding:
      - gzip, deflate
      CommandName:
      - network private-endpoint create
      Connection:
      - keep-alive
      ParameterSetName:
      - -g -n --vnet-name --subnet -l --connection-name --private-connection-resource-id
        --group-id
      User-Agent:
      - AZURECLI/2.36.0 azsdk-python-azure-mgmt-network/20.0.0 Python/3.8.10 (Windows-10-10.0.19044-SP0)
    method: GET
    uri: https://management.azure.com/subscriptions/00000000-0000-0000-0000-000000000000/providers/Microsoft.Network/locations/centraluseuap/operations/c5434d85-3460-4163-a08d-199733a4f459?api-version=2021-08-01
  response:
    body:
      string: "{\r\n  \"status\": \"InProgress\"\r\n}"
    headers:
      cache-control:
      - no-cache
      content-length:
      - '30'
      content-type:
      - application/json; charset=utf-8
      date:
      - Thu, 12 May 2022 16:32:02 GMT
      expires:
      - '-1'
      pragma:
      - no-cache
      server:
      - Microsoft-HTTPAPI/2.0
      - Microsoft-HTTPAPI/2.0
      strict-transport-security:
      - max-age=31536000; includeSubDomains
      transfer-encoding:
      - chunked
      vary:
      - Accept-Encoding
      x-content-type-options:
      - nosniff
      x-ms-arm-service-request-id:
      - 1e8c83c4-b357-44b7-afc0-8ebd5a9d63e0
    status:
      code: 200
      message: OK
- request:
    body: null
    headers:
      Accept:
      - '*/*'
      Accept-Encoding:
      - gzip, deflate
      CommandName:
      - network private-endpoint create
      Connection:
      - keep-alive
      ParameterSetName:
      - -g -n --vnet-name --subnet -l --connection-name --private-connection-resource-id
        --group-id
      User-Agent:
      - AZURECLI/2.36.0 azsdk-python-azure-mgmt-network/20.0.0 Python/3.8.10 (Windows-10-10.0.19044-SP0)
    method: GET
    uri: https://management.azure.com/subscriptions/00000000-0000-0000-0000-000000000000/providers/Microsoft.Network/locations/centraluseuap/operations/c5434d85-3460-4163-a08d-199733a4f459?api-version=2021-08-01
  response:
    body:
      string: "{\r\n  \"status\": \"InProgress\"\r\n}"
    headers:
      cache-control:
      - no-cache
      content-length:
      - '30'
      content-type:
      - application/json; charset=utf-8
      date:
      - Thu, 12 May 2022 16:32:23 GMT
      expires:
      - '-1'
      pragma:
      - no-cache
      server:
      - Microsoft-HTTPAPI/2.0
      - Microsoft-HTTPAPI/2.0
      strict-transport-security:
      - max-age=31536000; includeSubDomains
      transfer-encoding:
      - chunked
      vary:
      - Accept-Encoding
      x-content-type-options:
      - nosniff
      x-ms-arm-service-request-id:
      - 314a9c10-6cae-4ec3-9e0c-4a0e17fe1719
    status:
      code: 200
      message: OK
- request:
    body: null
    headers:
      Accept:
      - '*/*'
      Accept-Encoding:
      - gzip, deflate
      CommandName:
      - network private-endpoint create
      Connection:
      - keep-alive
      ParameterSetName:
      - -g -n --vnet-name --subnet -l --connection-name --private-connection-resource-id
        --group-id
      User-Agent:
      - AZURECLI/2.36.0 azsdk-python-azure-mgmt-network/20.0.0 Python/3.8.10 (Windows-10-10.0.19044-SP0)
    method: GET
    uri: https://management.azure.com/subscriptions/00000000-0000-0000-0000-000000000000/providers/Microsoft.Network/locations/centraluseuap/operations/c5434d85-3460-4163-a08d-199733a4f459?api-version=2021-08-01
  response:
    body:
      string: "{\r\n  \"status\": \"InProgress\"\r\n}"
    headers:
      cache-control:
      - no-cache
      content-length:
      - '30'
      content-type:
      - application/json; charset=utf-8
      date:
      - Thu, 12 May 2022 16:33:03 GMT
      expires:
      - '-1'
      pragma:
      - no-cache
      server:
      - Microsoft-HTTPAPI/2.0
      - Microsoft-HTTPAPI/2.0
      strict-transport-security:
      - max-age=31536000; includeSubDomains
      transfer-encoding:
      - chunked
      vary:
      - Accept-Encoding
      x-content-type-options:
      - nosniff
      x-ms-arm-service-request-id:
      - cf31f114-ff5a-4b0e-b2f0-5faccfd6a425
    status:
      code: 200
      message: OK
- request:
    body: null
    headers:
      Accept:
      - '*/*'
      Accept-Encoding:
      - gzip, deflate
      CommandName:
      - network private-endpoint create
      Connection:
      - keep-alive
      ParameterSetName:
      - -g -n --vnet-name --subnet -l --connection-name --private-connection-resource-id
        --group-id
      User-Agent:
      - AZURECLI/2.36.0 azsdk-python-azure-mgmt-network/20.0.0 Python/3.8.10 (Windows-10-10.0.19044-SP0)
    method: GET
    uri: https://management.azure.com/subscriptions/00000000-0000-0000-0000-000000000000/providers/Microsoft.Network/locations/centraluseuap/operations/c5434d85-3460-4163-a08d-199733a4f459?api-version=2021-08-01
  response:
    body:
      string: "{\r\n  \"status\": \"InProgress\"\r\n}"
    headers:
      cache-control:
      - no-cache
      content-length:
      - '30'
      content-type:
      - application/json; charset=utf-8
      date:
      - Thu, 12 May 2022 16:33:43 GMT
      expires:
      - '-1'
      pragma:
      - no-cache
      server:
      - Microsoft-HTTPAPI/2.0
      - Microsoft-HTTPAPI/2.0
      strict-transport-security:
      - max-age=31536000; includeSubDomains
      transfer-encoding:
      - chunked
      vary:
      - Accept-Encoding
      x-content-type-options:
      - nosniff
      x-ms-arm-service-request-id:
      - 5228fd22-002b-40c7-8282-22cdad8a02f9
    status:
      code: 200
      message: OK
- request:
    body: null
    headers:
      Accept:
      - '*/*'
      Accept-Encoding:
      - gzip, deflate
      CommandName:
      - network private-endpoint create
      Connection:
      - keep-alive
      ParameterSetName:
      - -g -n --vnet-name --subnet -l --connection-name --private-connection-resource-id
        --group-id
      User-Agent:
      - AZURECLI/2.36.0 azsdk-python-azure-mgmt-network/20.0.0 Python/3.8.10 (Windows-10-10.0.19044-SP0)
    method: GET
    uri: https://management.azure.com/subscriptions/00000000-0000-0000-0000-000000000000/providers/Microsoft.Network/locations/centraluseuap/operations/c5434d85-3460-4163-a08d-199733a4f459?api-version=2021-08-01
  response:
    body:
      string: "{\r\n  \"status\": \"InProgress\"\r\n}"
    headers:
      cache-control:
      - no-cache
      content-length:
      - '30'
      content-type:
      - application/json; charset=utf-8
      date:
      - Thu, 12 May 2022 16:35:05 GMT
      expires:
      - '-1'
      pragma:
      - no-cache
      server:
      - Microsoft-HTTPAPI/2.0
      - Microsoft-HTTPAPI/2.0
      strict-transport-security:
      - max-age=31536000; includeSubDomains
      transfer-encoding:
      - chunked
      vary:
      - Accept-Encoding
      x-content-type-options:
      - nosniff
      x-ms-arm-service-request-id:
      - 300e54d1-e1ea-4818-afd4-27955d8f64fb
    status:
      code: 200
      message: OK
- request:
    body: null
    headers:
      Accept:
      - '*/*'
      Accept-Encoding:
      - gzip, deflate
      CommandName:
      - network private-endpoint create
      Connection:
      - keep-alive
      ParameterSetName:
      - -g -n --vnet-name --subnet -l --connection-name --private-connection-resource-id
        --group-id
      User-Agent:
      - AZURECLI/2.36.0 azsdk-python-azure-mgmt-network/20.0.0 Python/3.8.10 (Windows-10-10.0.19044-SP0)
    method: GET
    uri: https://management.azure.com/subscriptions/00000000-0000-0000-0000-000000000000/providers/Microsoft.Network/locations/centraluseuap/operations/c5434d85-3460-4163-a08d-199733a4f459?api-version=2021-08-01
  response:
    body:
      string: "{\r\n  \"status\": \"Succeeded\"\r\n}"
    headers:
      cache-control:
      - no-cache
      content-length:
      - '29'
      content-type:
      - application/json; charset=utf-8
      date:
      - Thu, 12 May 2022 16:37:47 GMT
      expires:
      - '-1'
      pragma:
      - no-cache
      server:
      - Microsoft-HTTPAPI/2.0
      - Microsoft-HTTPAPI/2.0
      strict-transport-security:
      - max-age=31536000; includeSubDomains
      transfer-encoding:
      - chunked
      vary:
      - Accept-Encoding
      x-content-type-options:
      - nosniff
      x-ms-arm-service-request-id:
      - 6f3f2979-87b3-45a5-beae-949695b24de7
    status:
      code: 200
      message: OK
- request:
    body: null
    headers:
      Accept:
      - '*/*'
      Accept-Encoding:
      - gzip, deflate
      CommandName:
      - network private-endpoint create
      Connection:
      - keep-alive
      ParameterSetName:
      - -g -n --vnet-name --subnet -l --connection-name --private-connection-resource-id
        --group-id
      User-Agent:
      - AZURECLI/2.36.0 azsdk-python-azure-mgmt-network/20.0.0 Python/3.8.10 (Windows-10-10.0.19044-SP0)
    method: GET
    uri: https://management.azure.com/subscriptions/00000000-0000-0000-0000-000000000000/resourceGroups/cli_test_hsm_pe000001/providers/Microsoft.Network/privateEndpoints/cli-pe-000005?api-version=2021-08-01
  response:
    body:
      string: "{\r\n  \"name\": \"cli-pe-000005\",\r\n  \"id\": \"/subscriptions/00000000-0000-0000-0000-000000000000/resourceGroups/cli_test_hsm_pe000001/providers/Microsoft.Network/privateEndpoints/cli-pe-000005\",\r\n
        \ \"etag\": \"W/\\\"8350035b-2765-45c1-99db-abb80b6da54c\\\"\",\r\n  \"type\":
        \"Microsoft.Network/privateEndpoints\",\r\n  \"location\": \"centraluseuap\",\r\n
        \ \"properties\": {\r\n    \"provisioningState\": \"Succeeded\",\r\n    \"resourceGuid\":
        \"9ba95873-7765-4b89-8d19-bb126b323b15\",\r\n    \"privateLinkServiceConnections\":
        [\r\n      {\r\n        \"name\": \"cli-pec-000006\",\r\n        \"id\": \"/subscriptions/00000000-0000-0000-0000-000000000000/resourceGroups/cli_test_hsm_pe000001/providers/Microsoft.Network/privateEndpoints/cli-pe-000005/privateLinkServiceConnections/cli-pec-000006\",\r\n
        \       \"etag\": \"W/\\\"8350035b-2765-45c1-99db-abb80b6da54c\\\"\",\r\n
        \       \"properties\": {\r\n          \"provisioningState\": \"Succeeded\",\r\n
        \         \"privateLinkServiceId\": \"/subscriptions/00000000-0000-0000-0000-000000000000/resourceGroups/cli_test_hsm_pe000001/providers/Microsoft.KeyVault/managedHSMs/cli-test-hsm-pe-000002\",\r\n
        \         \"groupIds\": [\r\n            \"managedhsm\"\r\n          ],\r\n
        \         \"privateLinkServiceConnectionState\": {\r\n            \"status\":
        \"Approved\",\r\n            \"description\": \"\",\r\n            \"actionsRequired\":
        \"None\"\r\n          }\r\n        },\r\n        \"type\": \"Microsoft.Network/privateEndpoints/privateLinkServiceConnections\"\r\n
        \     }\r\n    ],\r\n    \"manualPrivateLinkServiceConnections\": [],\r\n
        \   \"customNetworkInterfaceName\": \"\",\r\n    \"subnet\": {\r\n      \"id\":
        \"/subscriptions/00000000-0000-0000-0000-000000000000/resourceGroups/cli_test_hsm_pe000001/providers/Microsoft.Network/virtualNetworks/cli-vnet-000003/subnets/cli-subnet-000004\"\r\n
        \   },\r\n    \"ipConfigurations\": [],\r\n    \"networkInterfaces\": [\r\n
        \     {\r\n        \"id\": \"/subscriptions/00000000-0000-0000-0000-000000000000/resourceGroups/cli_test_hsm_pe000001/providers/Microsoft.Network/networkInterfaces/cli-pe-000005.nic.9a518644-e118-4b2c-bec9-bf87ed8a279a\"\r\n
        \     }\r\n    ],\r\n    \"customDnsConfigs\": [\r\n      {\r\n        \"fqdn\":
        \"cli-test-hsm-pe-000002.managedhsm.azure.net\",\r\n        \"ipAddresses\":
        [\r\n          \"10.0.0.4\"\r\n        ]\r\n      }\r\n    ]\r\n  }\r\n}"
    headers:
      cache-control:
      - no-cache
      content-length:
      - '2187'
      content-type:
      - application/json; charset=utf-8
      date:
      - Thu, 12 May 2022 16:37:48 GMT
      etag:
      - W/"8350035b-2765-45c1-99db-abb80b6da54c"
      expires:
      - '-1'
      pragma:
      - no-cache
      server:
      - Microsoft-HTTPAPI/2.0
      - Microsoft-HTTPAPI/2.0
      strict-transport-security:
      - max-age=31536000; includeSubDomains
      transfer-encoding:
      - chunked
      vary:
      - Accept-Encoding
      x-content-type-options:
      - nosniff
      x-ms-arm-service-request-id:
      - 33932ab4-427b-4486-b87b-b58a24c45d81
    status:
      code: 200
      message: OK
- request:
    body: null
    headers:
      Accept:
      - application/json
      Accept-Encoding:
      - gzip, deflate
      CommandName:
      - keyvault show
      Connection:
      - keep-alive
      ParameterSetName:
      - --hsm-name
      User-Agent:
      - AZURECLI/2.36.0 azsdk-python-azure-mgmt-keyvault/9.3.0 Python/3.8.10 (Windows-10-10.0.19044-SP0)
    method: GET
    uri: https://management.azure.com/subscriptions/00000000-0000-0000-0000-000000000000/providers/Microsoft.KeyVault/managedHSMs?api-version=2021-04-01-preview
  response:
    body:
      string: '{"value":[{"sku":{"family":"B","name":"Standard_B1"},"id":"/subscriptions/00000000-0000-0000-0000-000000000000/resourceGroups/cli_test_hsm_petiazvfb2dyvkbsxl4mtqpxjyppbsdqb7cqdgijjot4nxdhp7nm5raryvkzzb/providers/Microsoft.KeyVault/managedHSMs/cli-test-hsm-pe-pcssbjuz","name":"cli-test-hsm-pe-pcssbjuz","type":"Microsoft.KeyVault/managedHSMs","location":"centraluseuap","tags":{},"systemData":{"createdBy":"azureclitest@azuresdkteam.onmicrosoft.com","createdByType":"User","createdAt":"2021-12-09T20:30:16.963Z","lastModifiedBy":"azureclitest@azuresdkteam.onmicrosoft.com","lastModifiedByType":"User","lastModifiedAt":"2021-12-09T20:30:16.963Z"},"properties":{"tenantId":"54826b22-38d6-4fb2-bad9-b7b93a3e9c5a","hsmUri":"https://cli-test-hsm-pe-pcssbjuz.managedhsm.azure.net/","initialAdminObjectIds":["3707fb2f-ac10-4591-a04f-8b0d786ea37d"],"enableSoftDelete":true,"softDeleteRetentionInDays":90,"enablePurgeProtection":false,"provisioningState":"PartiallyDeleted","statusMessage":"Resource
        creation in progress. Allocating hardware...","networkAcls":{"bypass":"AzureServices","defaultAction":"Allow","ipRules":[],"virtualNetworkRules":[]},"publicNetworkAccess":"Enabled","purgeDateTimeUtc":"2022-03-10T03:13:48Z","regions":[]}},{"sku":{"family":"B","name":"Standard_B1"},"id":"/subscriptions/00000000-0000-0000-0000-000000000000/resourceGroups/cli_test_hsm_pe000001/providers/Microsoft.KeyVault/managedHSMs/cli-test-hsm-pe-000002","name":"cli-test-hsm-pe-000002","type":"Microsoft.KeyVault/managedHSMs","location":"centraluseuap","tags":{},"systemData":{"createdBy":"ethanyang@microsoft.com","createdByType":"User","createdAt":"2022-05-12T16:23:29.424Z","lastModifiedBy":"ethanyang@microsoft.com","lastModifiedByType":"User","lastModifiedAt":"2022-05-12T16:23:29.424Z"},"properties":{"tenantId":"54826b22-38d6-4fb2-bad9-b7b93a3e9c5a","hsmUri":"https://cli-test-hsm-pe-000002.managedhsm.azure.net/","initialAdminObjectIds":["3707fb2f-ac10-4591-a04f-8b0d786ea37d"],"enableSoftDelete":true,"softDeleteRetentionInDays":90,"enablePurgeProtection":false,"provisioningState":"Provisioning","statusMessage":"Resource
        creation in progress. Starting service...","networkAcls":{"bypass":"AzureServices","defaultAction":"Allow","ipRules":[],"virtualNetworkRules":[]},"privateEndpointConnections":[{"id":"/subscriptions/00000000-0000-0000-0000-000000000000/resourceGroups/cli_test_hsm_pe000001/providers/Microsoft.KeyVault/managedHSMs/cli-test-hsm-pe-000002/privateEndpointConnections/cli-pec-000006","properties":{"provisioningState":"Succeeded","privateEndpoint":{"id":"/subscriptions/00000000-0000-0000-0000-000000000000/resourceGroups/cli_test_hsm_pe000001/providers/Microsoft.Network/privateEndpoints/cli-pe-000005"},"privateLinkServiceConnectionState":{"status":"Approved","actionsRequired":"None"}}}],"publicNetworkAccess":"Enabled","regions":[],"securityDomainProperties":{"activationStatus":"NotActivated","activationStatusMessage":"Your
        HSM has been provisioned, but cannot be used for cryptographic operations
        until it is activated. To activate the HSM, download the security domain."}}},{"sku":{"family":"B","name":"Standard_B1"},"id":"/subscriptions/00000000-0000-0000-0000-000000000000/resourceGroups/cli_test_hsm_plr_rgfnluab4sxdbooilzqfusfpv4pt6pz76dmqxnio2r3h4mj4jl45imzr7d/providers/Microsoft.KeyVault/managedHSMs/cli-test-hsm-plr-k5n2spz","name":"cli-test-hsm-plr-k5n2spz","type":"Microsoft.KeyVault/managedHSMs","location":"centraluseuap","tags":{},"systemData":{"createdBy":"azureclitest@azuresdkteam.onmicrosoft.com","createdByType":"User","createdAt":"2021-11-25T17:55:42.308Z","lastModifiedBy":"azureclitest@azuresdkteam.onmicrosoft.com","lastModifiedByType":"User","lastModifiedAt":"2021-11-25T17:55:42.308Z"},"properties":{"tenantId":"54826b22-38d6-4fb2-bad9-b7b93a3e9c5a","hsmUri":"https://cli-test-hsm-plr-k5n2spz.managedhsm.azure.net/","initialAdminObjectIds":["3707fb2f-ac10-4591-a04f-8b0d786ea37d"],"enableSoftDelete":true,"softDeleteRetentionInDays":90,"enablePurgeProtection":false,"provisioningState":"PartiallyDeleted","statusMessage":"Resource
        creation in progress. Allocating hardware...","networkAcls":{"bypass":"AzureServices","defaultAction":"Allow","ipRules":[],"virtualNetworkRules":[]},"publicNetworkAccess":"Enabled","purgeDateTimeUtc":"2022-02-23T19:51:35Z","regions":[]}},{"sku":{"family":"B","name":"Standard_B1"},"id":"/subscriptions/00000000-0000-0000-0000-000000000000/resourceGroups/cli_test_hsm_plr_rglhmuj6vjieylvbuehrrrsi73ajczvzobq4wkb7uvu2brhglvqld3iiyq/providers/Microsoft.KeyVault/managedHSMs/cli-test-hsm-plr-63tbwbj","name":"cli-test-hsm-plr-63tbwbj","type":"Microsoft.KeyVault/managedHSMs","location":"centraluseuap","tags":{},"systemData":{"createdBy":"azureclitest@azuresdkteam.onmicrosoft.com","createdByType":"User","createdAt":"2021-12-09T20:33:29.364Z","lastModifiedBy":"azureclitest@azuresdkteam.onmicrosoft.com","lastModifiedByType":"User","lastModifiedAt":"2021-12-09T20:33:29.364Z"},"properties":{"tenantId":"54826b22-38d6-4fb2-bad9-b7b93a3e9c5a","hsmUri":"https://cli-test-hsm-plr-63tbwbj.managedhsm.azure.net/","initialAdminObjectIds":["3707fb2f-ac10-4591-a04f-8b0d786ea37d"],"enableSoftDelete":true,"softDeleteRetentionInDays":90,"enablePurgeProtection":false,"provisioningState":"PartiallyDeleted","statusMessage":"Resource
        creation in progress. Allocating hardware...","networkAcls":{"bypass":"AzureServices","defaultAction":"Allow","ipRules":[],"virtualNetworkRules":[]},"publicNetworkAccess":"Enabled","purgeDateTimeUtc":"2022-03-09T23:32:27Z","regions":[]}},{"sku":{"family":"B","name":"Standard_B1"},"id":"/subscriptions/00000000-0000-0000-0000-000000000000/resourceGroups/yishitest/providers/Microsoft.KeyVault/managedHSMs/ystesthsm","name":"ystesthsm","type":"Microsoft.KeyVault/managedHSMs","location":"eastus","tags":{},"systemData":{"createdBy":"7c9058f4-aba9-42bc-b8cc-af6eb1ff60ce","createdByType":"Application","createdAt":"2021-09-22T07:44:33.507Z","lastModifiedBy":"7c9058f4-aba9-42bc-b8cc-af6eb1ff60ce","lastModifiedByType":"Application","lastModifiedAt":"2021-09-22T07:44:33.507Z"},"properties":{"tenantId":"54826b22-38d6-4fb2-bad9-b7b93a3e9c5a","hsmUri":"https://ystesthsm.managedhsm.azure.net/","initialAdminObjectIds":["3707fb2f-ac10-4591-a04f-8b0d786ea37d"],"enableSoftDelete":true,"softDeleteRetentionInDays":90,"enablePurgeProtection":false,"provisioningState":"Succeeded","statusMessage":"The
        Managed HSM is provisioned and ready to use.","networkAcls":{"bypass":"AzureServices","defaultAction":"Allow","ipRules":[],"virtualNetworkRules":[]},"publicNetworkAccess":"Enabled","regions":[],"securityDomainProperties":{"activationStatus":"Active","activationStatusMessage":"Your
        HSM has been activated and can be used for cryptographic operations."}}}]}'
    headers:
      cache-control:
      - no-cache
      content-length:
      - '6736'
      content-type:
      - application/json; charset=utf-8
      date:
      - Thu, 12 May 2022 16:37:51 GMT
      expires:
      - '-1'
      pragma:
      - no-cache
      strict-transport-security:
      - max-age=31536000; includeSubDomains
      vary:
      - Accept-Encoding
      x-content-type-options:
      - nosniff
      x-ms-original-request-ids:
      - 8a878941-d90b-4e47-b57a-a81fda15f39c
      - d021949c-8d39-4aec-b6be-380dab8753e5
    status:
      code: 200
      message: OK
- request:
    body: null
    headers:
      Accept:
      - application/json
      Accept-Encoding:
      - gzip, deflate
      CommandName:
      - keyvault show
      Connection:
      - keep-alive
      ParameterSetName:
      - --hsm-name
      User-Agent:
      - AZURECLI/2.36.0 azsdk-python-azure-mgmt-keyvault/9.3.0 Python/3.8.10 (Windows-10-10.0.19044-SP0)
    method: GET
    uri: https://management.azure.com/subscriptions/00000000-0000-0000-0000-000000000000/resourceGroups/cli_test_hsm_pe000001/providers/Microsoft.KeyVault/managedHSMs/cli-test-hsm-pe-000002?api-version=2021-04-01-preview
  response:
    body:
      string: '{"sku":{"family":"B","name":"Standard_B1"},"id":"/subscriptions/00000000-0000-0000-0000-000000000000/resourceGroups/cli_test_hsm_pe000001/providers/Microsoft.KeyVault/managedHSMs/cli-test-hsm-pe-000002","name":"cli-test-hsm-pe-000002","type":"Microsoft.KeyVault/managedHSMs","location":"centraluseuap","tags":{},"systemData":{"createdBy":"ethanyang@microsoft.com","createdByType":"User","createdAt":"2022-05-12T16:23:29.424Z","lastModifiedBy":"ethanyang@microsoft.com","lastModifiedByType":"User","lastModifiedAt":"2022-05-12T16:23:29.424Z"},"properties":{"tenantId":"54826b22-38d6-4fb2-bad9-b7b93a3e9c5a","hsmUri":"https://cli-test-hsm-pe-000002.managedhsm.azure.net/","initialAdminObjectIds":["3707fb2f-ac10-4591-a04f-8b0d786ea37d"],"enableSoftDelete":true,"softDeleteRetentionInDays":90,"enablePurgeProtection":false,"provisioningState":"Succeeded","statusMessage":"Resource
        creation in progress. Starting service...","networkAcls":{"bypass":"AzureServices","defaultAction":"Allow","ipRules":[],"virtualNetworkRules":[]},"privateEndpointConnections":[{"id":"/subscriptions/00000000-0000-0000-0000-000000000000/resourceGroups/cli_test_hsm_pe000001/providers/Microsoft.KeyVault/managedHSMs/cli-test-hsm-pe-000002/privateEndpointConnections/cli-pec-000006","properties":{"provisioningState":"Succeeded","privateEndpoint":{"id":"/subscriptions/00000000-0000-0000-0000-000000000000/resourceGroups/cli_test_hsm_pe000001/providers/Microsoft.Network/privateEndpoints/cli-pe-000005"},"privateLinkServiceConnectionState":{"status":"Approved","actionsRequired":"None"}}}],"publicNetworkAccess":"Enabled","regions":[],"securityDomainProperties":{"activationStatus":"NotActivated","activationStatusMessage":"Your
        HSM has been provisioned, but cannot be used for cryptographic operations
        until it is activated. To activate the HSM, download the security domain."}}}'
    headers:
      cache-control:
      - no-cache
      content-length:
      - '1854'
      content-type:
      - application/json; charset=utf-8
      date:
      - Thu, 12 May 2022 16:37:54 GMT
      expires:
      - '-1'
      pragma:
      - no-cache
      server:
      - Microsoft-IIS/10.0
      strict-transport-security:
      - max-age=31536000; includeSubDomains
      transfer-encoding:
      - chunked
      vary:
      - Accept-Encoding
      x-aspnet-version:
      - 4.0.30319
      x-content-type-options:
      - nosniff
      x-ms-keyvault-service-version:
      - 1.5.354.8
      x-powered-by:
      - ASP.NET
    status:
      code: 200
      message: OK
- request:
    body: null
    headers:
      Accept:
      - '*/*'
      Accept-Encoding:
      - gzip, deflate
      CommandName:
      - network private-endpoint-connection show
      Connection:
      - keep-alive
      ParameterSetName:
      - --id
      User-Agent:
      - python/3.8.10 (Windows-10-10.0.19044-SP0) AZURECLI/2.36.0
    method: GET
    uri: https://management.azure.com/subscriptions/00000000-0000-0000-0000-000000000000/resourceGroups/cli_test_hsm_pe000001/providers/Microsoft.KeyVault/managedHSMs/cli-test-hsm-pe-000002/privateEndpointConnections/cli-pec-000006?api-version=2021-04-01-preview
  response:
    body:
      string: '{"id":"/subscriptions/00000000-0000-0000-0000-000000000000/resourceGroups/cli_test_hsm_pe000001/providers/Microsoft.KeyVault/managedHSMs/cli-test-hsm-pe-000002/privateEndpointConnections/cli-pec-000006","name":"cli-pec-000006","type":"Microsoft.KeyVault/vaults/privateEndpointConnections","location":"centraluseuap","properties":{"provisioningState":"Succeeded","privateEndpoint":{"id":"/subscriptions/00000000-0000-0000-0000-000000000000/resourceGroups/cli_test_hsm_pe000001/providers/Microsoft.Network/privateEndpoints/cli-pe-000005"},"privateLinkServiceConnectionState":{"status":"Approved","actionsRequired":"None"}}}'
    headers:
      cache-control:
      - no-cache
      content-length:
      - '621'
      content-type:
      - application/json; charset=utf-8
      date:
      - Thu, 12 May 2022 16:37:57 GMT
      expires:
      - '-1'
      pragma:
      - no-cache
      server:
      - Microsoft-IIS/10.0
      strict-transport-security:
      - max-age=31536000; includeSubDomains
      transfer-encoding:
      - chunked
      vary:
      - Accept-Encoding
      x-aspnet-version:
      - 4.0.30319
      x-content-type-options:
      - nosniff
      x-ms-keyvault-service-version:
      - 1.5.354.8
      x-powered-by:
      - ASP.NET
    status:
      code: 200
      message: OK
- request:
    body: null
    headers:
      Accept:
      - '*/*'
      Accept-Encoding:
      - gzip, deflate
      CommandName:
      - network private-endpoint-connection show
      Connection:
      - keep-alive
      ParameterSetName:
      - --resource-name -g --name --type
      User-Agent:
      - python/3.8.10 (Windows-10-10.0.19044-SP0) AZURECLI/2.36.0
    method: GET
    uri: https://management.azure.com/subscriptions/00000000-0000-0000-0000-000000000000/resourceGroups/cli_test_hsm_pe000001/providers/Microsoft.KeyVault/managedHSMs/cli-test-hsm-pe-000002/privateEndpointConnections/cli-pec-000006?api-version=2021-04-01-preview
  response:
    body:
      string: '{"id":"/subscriptions/00000000-0000-0000-0000-000000000000/resourceGroups/cli_test_hsm_pe000001/providers/Microsoft.KeyVault/managedHSMs/cli-test-hsm-pe-000002/privateEndpointConnections/cli-pec-000006","name":"cli-pec-000006","type":"Microsoft.KeyVault/vaults/privateEndpointConnections","location":"centraluseuap","properties":{"provisioningState":"Succeeded","privateEndpoint":{"id":"/subscriptions/00000000-0000-0000-0000-000000000000/resourceGroups/cli_test_hsm_pe000001/providers/Microsoft.Network/privateEndpoints/cli-pe-000005"},"privateLinkServiceConnectionState":{"status":"Approved","actionsRequired":"None"}}}'
    headers:
      cache-control:
      - no-cache
      content-length:
      - '621'
      content-type:
      - application/json; charset=utf-8
      date:
      - Thu, 12 May 2022 16:38:00 GMT
      expires:
      - '-1'
      pragma:
      - no-cache
      server:
      - Microsoft-IIS/10.0
      strict-transport-security:
      - max-age=31536000; includeSubDomains
      transfer-encoding:
      - chunked
      vary:
      - Accept-Encoding
      x-aspnet-version:
      - 4.0.30319
      x-content-type-options:
      - nosniff
      x-ms-keyvault-service-version:
      - 1.5.354.8
      x-powered-by:
      - ASP.NET
    status:
      code: 200
      message: OK
- request:
    body: null
    headers:
      Accept:
      - '*/*'
      Accept-Encoding:
      - gzip, deflate
      CommandName:
      - network private-endpoint-connection approve
      Connection:
      - keep-alive
      ParameterSetName:
      - --resource-name --name -g --type --description
      User-Agent:
      - python/3.8.10 (Windows-10-10.0.19044-SP0) AZURECLI/2.36.0
    method: GET
    uri: https://management.azure.com/subscriptions/00000000-0000-0000-0000-000000000000/resourceGroups/cli_test_hsm_pe000001/providers/Microsoft.KeyVault/managedHSMs/cli-test-hsm-pe-000002/privateEndpointConnections/cli-pec-000006?api-version=2021-04-01-preview
  response:
    body:
      string: '{"id":"/subscriptions/00000000-0000-0000-0000-000000000000/resourceGroups/cli_test_hsm_pe000001/providers/Microsoft.KeyVault/managedHSMs/cli-test-hsm-pe-000002/privateEndpointConnections/cli-pec-000006","name":"cli-pec-000006","type":"Microsoft.KeyVault/vaults/privateEndpointConnections","location":"centraluseuap","properties":{"provisioningState":"Succeeded","privateEndpoint":{"id":"/subscriptions/00000000-0000-0000-0000-000000000000/resourceGroups/cli_test_hsm_pe000001/providers/Microsoft.Network/privateEndpoints/cli-pe-000005"},"privateLinkServiceConnectionState":{"status":"Approved","actionsRequired":"None"}}}'
    headers:
      cache-control:
      - no-cache
      content-length:
      - '621'
      content-type:
      - application/json; charset=utf-8
      date:
      - Thu, 12 May 2022 16:38:02 GMT
      expires:
      - '-1'
      pragma:
      - no-cache
      server:
      - Microsoft-IIS/10.0
      strict-transport-security:
      - max-age=31536000; includeSubDomains
      transfer-encoding:
      - chunked
      vary:
      - Accept-Encoding
      x-aspnet-version:
      - 4.0.30319
      x-content-type-options:
      - nosniff
      x-ms-keyvault-service-version:
      - 1.5.354.8
      x-powered-by:
      - ASP.NET
    status:
      code: 200
      message: OK
- request:
    body: '{"id": "/subscriptions/00000000-0000-0000-0000-000000000000/resourceGroups/cli_test_hsm_pe000001/providers/Microsoft.KeyVault/managedHSMs/cli-test-hsm-pe-000002/privateEndpointConnections/cli-pec-000006",
      "name": "cli-pec-000006", "type": "Microsoft.KeyVault/vaults/privateEndpointConnections",
      "location": "centraluseuap", "properties": {"provisioningState": "Succeeded",
      "privateEndpoint": {"id": "/subscriptions/00000000-0000-0000-0000-000000000000/resourceGroups/cli_test_hsm_pe000001/providers/Microsoft.Network/privateEndpoints/cli-pe-000005"},
      "privateLinkServiceConnectionState": {"status": "Approved", "actionsRequired":
      "None", "description": "You are approved!"}}}'
    headers:
      Accept:
      - '*/*'
      Accept-Encoding:
      - gzip, deflate
      CommandName:
      - network private-endpoint-connection approve
      Connection:
      - keep-alive
      Content-Length:
      - '675'
      Content-Type:
      - application/json
      ParameterSetName:
      - --resource-name --name -g --type --description
      User-Agent:
      - python/3.8.10 (Windows-10-10.0.19044-SP0) AZURECLI/2.36.0
    method: PUT
    uri: https://management.azure.com/subscriptions/00000000-0000-0000-0000-000000000000/resourceGroups/cli_test_hsm_pe000001/providers/Microsoft.KeyVault/managedHSMs/cli-test-hsm-pe-000002/privateEndpointConnections/cli-pec-000006?api-version=2021-04-01-preview
  response:
    body:
      string: '{"id":"/subscriptions/00000000-0000-0000-0000-000000000000/resourceGroups/cli_test_hsm_pe000001/providers/Microsoft.KeyVault/managedHSMs/cli-test-hsm-pe-000002/privateEndpointConnections/cli-pec-000006","name":"cli-pec-000006","type":"Microsoft.KeyVault/vaults/privateEndpointConnections","location":"centraluseuap","etag":"88b47b73fe244145bc07146aff0bd0eb","properties":{"provisioningState":"Updating","privateEndpoint":{"id":"/subscriptions/00000000-0000-0000-0000-000000000000/resourceGroups/cli_test_hsm_pe000001/providers/Microsoft.Network/privateEndpoints/cli-pe-000005"},"privateLinkServiceConnectionState":{"status":"Approved","description":"You
        are approved!","actionsRequired":"None"}}}'
    headers:
      azure-asyncoperation:
      - https://management.azure.com/subscriptions/00000000-0000-0000-0000-000000000000/resourceGroups/cli_test_hsm_pe000001/providers/Microsoft.KeyVault/managedHSMs/cli-test-hsm-pe-000002/privateEndpointConnections/cli-pec-000006?api-version=2021-04-01-preview&kv-operation=eyJjb2RlIjoicHJpdmF0ZUVuZHBvaW50Q29ubmVjdGlvbnMvYXBwcm92ZSIsInN0IjoiMjAyMi0wNS0xMlQxNjozODowNi40NDkxOTQ0WiIsImV0YWciOiI4OGI0N2I3M2ZlMjQ0MTQ1YmMwNzE0NmFmZjBiZDBlYiJ9
      cache-control:
      - no-cache
      content-length:
      - '696'
      content-type:
      - application/json; charset=utf-8
      date:
      - Thu, 12 May 2022 16:38:05 GMT
      expires:
      - '-1'
      pragma:
      - no-cache
      server:
      - Microsoft-IIS/10.0
      strict-transport-security:
      - max-age=31536000; includeSubDomains
      transfer-encoding:
      - chunked
      vary:
      - Accept-Encoding
      x-aspnet-version:
      - 4.0.30319
      x-content-type-options:
      - nosniff
      x-ms-keyvault-service-version:
      - 1.5.354.8
      x-ms-ratelimit-remaining-subscription-writes:
      - '1195'
      x-powered-by:
      - ASP.NET
    status:
      code: 200
      message: OK
- request:
    body: null
    headers:
      Accept:
      - '*/*'
      Accept-Encoding:
      - gzip, deflate
      CommandName:
      - network private-endpoint-connection approve
      Connection:
      - keep-alive
      ParameterSetName:
      - --resource-name --name -g --type --description
      User-Agent:
      - python/3.8.10 (Windows-10-10.0.19044-SP0) AZURECLI/2.36.0
    method: GET
    uri: https://management.azure.com/subscriptions/00000000-0000-0000-0000-000000000000/resourceGroups/cli_test_hsm_pe000001/providers/Microsoft.KeyVault/managedHSMs/cli-test-hsm-pe-000002/privateEndpointConnections/cli-pec-000006?api-version=2021-04-01-preview
  response:
    body:
      string: '{"id":"/subscriptions/00000000-0000-0000-0000-000000000000/resourceGroups/cli_test_hsm_pe000001/providers/Microsoft.KeyVault/managedHSMs/cli-test-hsm-pe-000002/privateEndpointConnections/cli-pec-000006","name":"cli-pec-000006","type":"Microsoft.KeyVault/vaults/privateEndpointConnections","location":"centraluseuap","etag":"88b47b73fe244145bc07146aff0bd0eb","properties":{"provisioningState":"Updating","privateEndpoint":{"id":"/subscriptions/00000000-0000-0000-0000-000000000000/resourceGroups/cli_test_hsm_pe000001/providers/Microsoft.Network/privateEndpoints/cli-pe-000005"},"privateLinkServiceConnectionState":{"status":"Approved","description":"You
        are approved!","actionsRequired":"None"}}}'
    headers:
      cache-control:
      - no-cache
      content-length:
      - '696'
      content-type:
      - application/json; charset=utf-8
      date:
      - Thu, 12 May 2022 16:38:17 GMT
      expires:
      - '-1'
      pragma:
      - no-cache
      server:
      - Microsoft-IIS/10.0
      strict-transport-security:
      - max-age=31536000; includeSubDomains
      transfer-encoding:
      - chunked
      vary:
      - Accept-Encoding
      x-aspnet-version:
      - 4.0.30319
      x-content-type-options:
      - nosniff
      x-ms-keyvault-service-version:
      - 1.5.354.8
      x-powered-by:
      - ASP.NET
    status:
      code: 200
      message: OK
- request:
    body: null
    headers:
      Accept:
      - '*/*'
      Accept-Encoding:
      - gzip, deflate
      CommandName:
      - network private-endpoint-connection approve
      Connection:
      - keep-alive
      ParameterSetName:
      - --resource-name --name -g --type --description
      User-Agent:
      - python/3.8.10 (Windows-10-10.0.19044-SP0) AZURECLI/2.36.0
    method: GET
    uri: https://management.azure.com/subscriptions/00000000-0000-0000-0000-000000000000/resourceGroups/cli_test_hsm_pe000001/providers/Microsoft.KeyVault/managedHSMs/cli-test-hsm-pe-000002/privateEndpointConnections/cli-pec-000006?api-version=2021-04-01-preview
  response:
    body:
      string: '{"id":"/subscriptions/00000000-0000-0000-0000-000000000000/resourceGroups/cli_test_hsm_pe000001/providers/Microsoft.KeyVault/managedHSMs/cli-test-hsm-pe-000002/privateEndpointConnections/cli-pec-000006","name":"cli-pec-000006","type":"Microsoft.KeyVault/vaults/privateEndpointConnections","location":"centraluseuap","etag":"88b47b73fe244145bc07146aff0bd0eb","properties":{"provisioningState":"Updating","privateEndpoint":{"id":"/subscriptions/00000000-0000-0000-0000-000000000000/resourceGroups/cli_test_hsm_pe000001/providers/Microsoft.Network/privateEndpoints/cli-pe-000005"},"privateLinkServiceConnectionState":{"status":"Approved","description":"You
        are approved!","actionsRequired":"None"}}}'
    headers:
      cache-control:
      - no-cache
      content-length:
      - '696'
      content-type:
      - application/json; charset=utf-8
      date:
      - Thu, 12 May 2022 16:38:30 GMT
      expires:
      - '-1'
      pragma:
      - no-cache
      server:
      - Microsoft-IIS/10.0
      strict-transport-security:
      - max-age=31536000; includeSubDomains
      transfer-encoding:
      - chunked
      vary:
      - Accept-Encoding
      x-aspnet-version:
      - 4.0.30319
      x-content-type-options:
      - nosniff
      x-ms-keyvault-service-version:
      - 1.5.354.8
      x-powered-by:
      - ASP.NET
    status:
      code: 200
      message: OK
- request:
    body: null
    headers:
      Accept:
      - '*/*'
      Accept-Encoding:
      - gzip, deflate
      CommandName:
      - network private-endpoint-connection approve
      Connection:
      - keep-alive
      ParameterSetName:
      - --resource-name --name -g --type --description
      User-Agent:
      - python/3.8.10 (Windows-10-10.0.19044-SP0) AZURECLI/2.36.0
    method: GET
    uri: https://management.azure.com/subscriptions/00000000-0000-0000-0000-000000000000/resourceGroups/cli_test_hsm_pe000001/providers/Microsoft.KeyVault/managedHSMs/cli-test-hsm-pe-000002/privateEndpointConnections/cli-pec-000006?api-version=2021-04-01-preview
  response:
    body:
      string: '{"id":"/subscriptions/00000000-0000-0000-0000-000000000000/resourceGroups/cli_test_hsm_pe000001/providers/Microsoft.KeyVault/managedHSMs/cli-test-hsm-pe-000002/privateEndpointConnections/cli-pec-000006","name":"cli-pec-000006","type":"Microsoft.KeyVault/vaults/privateEndpointConnections","location":"centraluseuap","etag":"88b47b73fe244145bc07146aff0bd0eb","properties":{"provisioningState":"Updating","privateEndpoint":{"id":"/subscriptions/00000000-0000-0000-0000-000000000000/resourceGroups/cli_test_hsm_pe000001/providers/Microsoft.Network/privateEndpoints/cli-pe-000005"},"privateLinkServiceConnectionState":{"status":"Approved","description":"You
        are approved!","actionsRequired":"None"}}}'
    headers:
      cache-control:
      - no-cache
      content-length:
      - '696'
      content-type:
      - application/json; charset=utf-8
      date:
      - Thu, 12 May 2022 16:38:43 GMT
      expires:
      - '-1'
      pragma:
      - no-cache
      server:
      - Microsoft-IIS/10.0
      strict-transport-security:
      - max-age=31536000; includeSubDomains
      transfer-encoding:
      - chunked
      vary:
      - Accept-Encoding
      x-aspnet-version:
      - 4.0.30319
      x-content-type-options:
      - nosniff
      x-ms-keyvault-service-version:
      - 1.5.354.8
      x-powered-by:
      - ASP.NET
    status:
      code: 200
      message: OK
- request:
    body: null
    headers:
      Accept:
      - '*/*'
      Accept-Encoding:
      - gzip, deflate
      CommandName:
      - network private-endpoint-connection approve
      Connection:
      - keep-alive
      ParameterSetName:
      - --resource-name --name -g --type --description
      User-Agent:
      - python/3.8.10 (Windows-10-10.0.19044-SP0) AZURECLI/2.36.0
    method: GET
    uri: https://management.azure.com/subscriptions/00000000-0000-0000-0000-000000000000/resourceGroups/cli_test_hsm_pe000001/providers/Microsoft.KeyVault/managedHSMs/cli-test-hsm-pe-000002/privateEndpointConnections/cli-pec-000006?api-version=2021-04-01-preview
  response:
    body:
      string: '{"id":"/subscriptions/00000000-0000-0000-0000-000000000000/resourceGroups/cli_test_hsm_pe000001/providers/Microsoft.KeyVault/managedHSMs/cli-test-hsm-pe-000002/privateEndpointConnections/cli-pec-000006","name":"cli-pec-000006","type":"Microsoft.KeyVault/vaults/privateEndpointConnections","location":"centraluseuap","etag":"63479d302ce2421894092ff26102a9c7","properties":{"provisioningState":"Succeeded","privateEndpoint":{"id":"/subscriptions/00000000-0000-0000-0000-000000000000/resourceGroups/cli_test_hsm_pe000001/providers/Microsoft.Network/privateEndpoints/cli-pe-000005"},"privateLinkServiceConnectionState":{"status":"Approved","description":"You
        are approved!","actionsRequired":"None"}}}'
    headers:
      cache-control:
      - no-cache
      content-length:
      - '697'
      content-type:
      - application/json; charset=utf-8
      date:
      - Thu, 12 May 2022 16:38:55 GMT
      expires:
      - '-1'
      pragma:
      - no-cache
      server:
      - Microsoft-IIS/10.0
      strict-transport-security:
      - max-age=31536000; includeSubDomains
      transfer-encoding:
      - chunked
      vary:
      - Accept-Encoding
      x-aspnet-version:
      - 4.0.30319
      x-content-type-options:
      - nosniff
      x-ms-keyvault-service-version:
      - 1.5.354.8
      x-powered-by:
      - ASP.NET
    status:
      code: 200
      message: OK
- request:
    body: null
    headers:
      Accept:
      - '*/*'
      Accept-Encoding:
      - gzip, deflate
      CommandName:
      - network private-endpoint-connection show
      Connection:
      - keep-alive
      ParameterSetName:
      - --id
      User-Agent:
      - python/3.8.10 (Windows-10-10.0.19044-SP0) AZURECLI/2.36.0
    method: GET
    uri: https://management.azure.com/subscriptions/00000000-0000-0000-0000-000000000000/resourceGroups/cli_test_hsm_pe000001/providers/Microsoft.KeyVault/managedHSMs/cli-test-hsm-pe-000002/privateEndpointConnections/cli-pec-000006?api-version=2021-04-01-preview
  response:
    body:
      string: '{"id":"/subscriptions/00000000-0000-0000-0000-000000000000/resourceGroups/cli_test_hsm_pe000001/providers/Microsoft.KeyVault/managedHSMs/cli-test-hsm-pe-000002/privateEndpointConnections/cli-pec-000006","name":"cli-pec-000006","type":"Microsoft.KeyVault/vaults/privateEndpointConnections","location":"centraluseuap","etag":"63479d302ce2421894092ff26102a9c7","properties":{"provisioningState":"Succeeded","privateEndpoint":{"id":"/subscriptions/00000000-0000-0000-0000-000000000000/resourceGroups/cli_test_hsm_pe000001/providers/Microsoft.Network/privateEndpoints/cli-pe-000005"},"privateLinkServiceConnectionState":{"status":"Approved","description":"You
        are approved!","actionsRequired":"None"}}}'
    headers:
      cache-control:
      - no-cache
      content-length:
      - '697'
      content-type:
      - application/json; charset=utf-8
      date:
      - Thu, 12 May 2022 16:39:01 GMT
      expires:
      - '-1'
      pragma:
      - no-cache
      server:
      - Microsoft-IIS/10.0
      strict-transport-security:
      - max-age=31536000; includeSubDomains
      x-aspnet-version:
      - 4.0.30319
      x-content-type-options:
      - nosniff
      x-ms-keyvault-service-version:
      - 1.5.354.8
      x-powered-by:
      - ASP.NET
    status:
      code: 200
      message: OK
- request:
    body: null
    headers:
      Accept:
      - '*/*'
      Accept-Encoding:
      - gzip, deflate
      CommandName:
      - network private-endpoint-connection reject
      Connection:
      - keep-alive
      ParameterSetName:
      - --id --description
      User-Agent:
      - python/3.8.10 (Windows-10-10.0.19044-SP0) AZURECLI/2.36.0
    method: GET
    uri: https://management.azure.com/subscriptions/00000000-0000-0000-0000-000000000000/resourceGroups/cli_test_hsm_pe000001/providers/Microsoft.KeyVault/managedHSMs/cli-test-hsm-pe-000002/privateEndpointConnections/cli-pec-000006?api-version=2021-04-01-preview
  response:
    body:
      string: '{"id":"/subscriptions/00000000-0000-0000-0000-000000000000/resourceGroups/cli_test_hsm_pe000001/providers/Microsoft.KeyVault/managedHSMs/cli-test-hsm-pe-000002/privateEndpointConnections/cli-pec-000006","name":"cli-pec-000006","type":"Microsoft.KeyVault/vaults/privateEndpointConnections","location":"centraluseuap","etag":"63479d302ce2421894092ff26102a9c7","properties":{"provisioningState":"Succeeded","privateEndpoint":{"id":"/subscriptions/00000000-0000-0000-0000-000000000000/resourceGroups/cli_test_hsm_pe000001/providers/Microsoft.Network/privateEndpoints/cli-pe-000005"},"privateLinkServiceConnectionState":{"status":"Approved","description":"You
        are approved!","actionsRequired":"None"}}}'
    headers:
      cache-control:
      - no-cache
      content-length:
      - '697'
      content-type:
      - application/json; charset=utf-8
      date:
      - Thu, 12 May 2022 16:39:02 GMT
      expires:
      - '-1'
      pragma:
      - no-cache
      server:
      - Microsoft-IIS/10.0
      strict-transport-security:
      - max-age=31536000; includeSubDomains
      transfer-encoding:
      - chunked
      vary:
      - Accept-Encoding
      x-aspnet-version:
      - 4.0.30319
      x-content-type-options:
      - nosniff
      x-ms-keyvault-service-version:
      - 1.5.354.8
      x-powered-by:
      - ASP.NET
    status:
      code: 200
      message: OK
- request:
    body: '{"id": "/subscriptions/00000000-0000-0000-0000-000000000000/resourceGroups/cli_test_hsm_pe000001/providers/Microsoft.KeyVault/managedHSMs/cli-test-hsm-pe-000002/privateEndpointConnections/cli-pec-000006",
      "name": "cli-pec-000006", "type": "Microsoft.KeyVault/vaults/privateEndpointConnections",
      "location": "centraluseuap", "etag": "63479d302ce2421894092ff26102a9c7", "properties":
      {"provisioningState": "Succeeded", "privateEndpoint": {"id": "/subscriptions/00000000-0000-0000-0000-000000000000/resourceGroups/cli_test_hsm_pe000001/providers/Microsoft.Network/privateEndpoints/cli-pe-000005"},
      "privateLinkServiceConnectionState": {"status": "Rejected", "description": "You
      are rejected!", "actionsRequired": "None"}}}'
    headers:
      Accept:
      - '*/*'
      Accept-Encoding:
      - gzip, deflate
      CommandName:
      - network private-endpoint-connection reject
      Connection:
      - keep-alive
      Content-Length:
      - '719'
      Content-Type:
      - application/json
      ParameterSetName:
      - --id --description
      User-Agent:
      - python/3.8.10 (Windows-10-10.0.19044-SP0) AZURECLI/2.36.0
    method: PUT
    uri: https://management.azure.com/subscriptions/00000000-0000-0000-0000-000000000000/resourceGroups/cli_test_hsm_pe000001/providers/Microsoft.KeyVault/managedHSMs/cli-test-hsm-pe-000002/privateEndpointConnections/cli-pec-000006?api-version=2021-04-01-preview
  response:
    body:
      string: '{"id":"/subscriptions/00000000-0000-0000-0000-000000000000/resourceGroups/cli_test_hsm_pe000001/providers/Microsoft.KeyVault/managedHSMs/cli-test-hsm-pe-000002/privateEndpointConnections/cli-pec-000006","name":"cli-pec-000006","type":"Microsoft.KeyVault/vaults/privateEndpointConnections","location":"centraluseuap","etag":"3813ea81c01b4d08a0abb4b19c45ba5b","properties":{"provisioningState":"Updating","privateEndpoint":{"id":"/subscriptions/00000000-0000-0000-0000-000000000000/resourceGroups/cli_test_hsm_pe000001/providers/Microsoft.Network/privateEndpoints/cli-pe-000005"},"privateLinkServiceConnectionState":{"status":"Rejected","description":"You
        are rejected!","actionsRequired":"None"}}}'
    headers:
      azure-asyncoperation:
      - https://management.azure.com/subscriptions/00000000-0000-0000-0000-000000000000/resourceGroups/cli_test_hsm_pe000001/providers/Microsoft.KeyVault/managedHSMs/cli-test-hsm-pe-000002/privateEndpointConnections/cli-pec-000006?api-version=2021-04-01-preview&kv-operation=eyJjb2RlIjoicHJpdmF0ZUVuZHBvaW50Q29ubmVjdGlvbnMvcmVqZWN0Iiwic3QiOiIyMDIyLTA1LTEyVDE2OjM5OjA2LjE5NzA3NDZaIiwiZXRhZyI6IjM4MTNlYTgxYzAxYjRkMDhhMGFiYjRiMTljNDViYTViIn0
      cache-control:
      - no-cache
      content-length:
      - '696'
      content-type:
      - application/json; charset=utf-8
      date:
      - Thu, 12 May 2022 16:39:06 GMT
      expires:
      - '-1'
      pragma:
      - no-cache
      server:
      - Microsoft-IIS/10.0
      strict-transport-security:
      - max-age=31536000; includeSubDomains
      transfer-encoding:
      - chunked
      vary:
      - Accept-Encoding
      x-aspnet-version:
      - 4.0.30319
      x-content-type-options:
      - nosniff
      x-ms-keyvault-service-version:
      - 1.5.354.8
      x-ms-ratelimit-remaining-subscription-writes:
      - '1193'
      x-powered-by:
      - ASP.NET
    status:
      code: 200
      message: OK
- request:
    body: null
    headers:
      Accept:
      - '*/*'
      Accept-Encoding:
      - gzip, deflate
      CommandName:
      - network private-endpoint-connection reject
      Connection:
      - keep-alive
      ParameterSetName:
      - --id --description
      User-Agent:
      - python/3.8.10 (Windows-10-10.0.19044-SP0) AZURECLI/2.36.0
    method: GET
    uri: https://management.azure.com/subscriptions/00000000-0000-0000-0000-000000000000/resourceGroups/cli_test_hsm_pe000001/providers/Microsoft.KeyVault/managedHSMs/cli-test-hsm-pe-000002/privateEndpointConnections/cli-pec-000006?api-version=2021-04-01-preview
  response:
    body:
      string: '{"id":"/subscriptions/00000000-0000-0000-0000-000000000000/resourceGroups/cli_test_hsm_pe000001/providers/Microsoft.KeyVault/managedHSMs/cli-test-hsm-pe-000002/privateEndpointConnections/cli-pec-000006","name":"cli-pec-000006","type":"Microsoft.KeyVault/vaults/privateEndpointConnections","location":"centraluseuap","etag":"3813ea81c01b4d08a0abb4b19c45ba5b","properties":{"provisioningState":"Updating","privateEndpoint":{"id":"/subscriptions/00000000-0000-0000-0000-000000000000/resourceGroups/cli_test_hsm_pe000001/providers/Microsoft.Network/privateEndpoints/cli-pe-000005"},"privateLinkServiceConnectionState":{"status":"Rejected","description":"You
        are rejected!","actionsRequired":"None"}}}'
    headers:
      cache-control:
      - no-cache
      content-length:
      - '696'
      content-type:
      - application/json; charset=utf-8
      date:
      - Thu, 12 May 2022 16:39:19 GMT
      expires:
      - '-1'
      pragma:
      - no-cache
      server:
      - Microsoft-IIS/10.0
      strict-transport-security:
      - max-age=31536000; includeSubDomains
      transfer-encoding:
      - chunked
      vary:
      - Accept-Encoding
      x-aspnet-version:
      - 4.0.30319
      x-content-type-options:
      - nosniff
      x-ms-keyvault-service-version:
      - 1.5.354.8
      x-powered-by:
      - ASP.NET
    status:
      code: 200
      message: OK
- request:
    body: null
    headers:
      Accept:
      - '*/*'
      Accept-Encoding:
      - gzip, deflate
      CommandName:
      - network private-endpoint-connection reject
      Connection:
      - keep-alive
      ParameterSetName:
      - --id --description
      User-Agent:
      - python/3.8.10 (Windows-10-10.0.19044-SP0) AZURECLI/2.36.0
    method: GET
    uri: https://management.azure.com/subscriptions/00000000-0000-0000-0000-000000000000/resourceGroups/cli_test_hsm_pe000001/providers/Microsoft.KeyVault/managedHSMs/cli-test-hsm-pe-000002/privateEndpointConnections/cli-pec-000006?api-version=2021-04-01-preview
  response:
    body:
      string: '{"id":"/subscriptions/00000000-0000-0000-0000-000000000000/resourceGroups/cli_test_hsm_pe000001/providers/Microsoft.KeyVault/managedHSMs/cli-test-hsm-pe-000002/privateEndpointConnections/cli-pec-000006","name":"cli-pec-000006","type":"Microsoft.KeyVault/vaults/privateEndpointConnections","location":"centraluseuap","etag":"3813ea81c01b4d08a0abb4b19c45ba5b","properties":{"provisioningState":"Updating","privateEndpoint":{"id":"/subscriptions/00000000-0000-0000-0000-000000000000/resourceGroups/cli_test_hsm_pe000001/providers/Microsoft.Network/privateEndpoints/cli-pe-000005"},"privateLinkServiceConnectionState":{"status":"Rejected","description":"You
        are rejected!","actionsRequired":"None"}}}'
    headers:
      cache-control:
      - no-cache
      content-length:
      - '696'
      content-type:
      - application/json; charset=utf-8
      date:
      - Thu, 12 May 2022 16:39:31 GMT
      expires:
      - '-1'
      pragma:
      - no-cache
      server:
      - Microsoft-IIS/10.0
      strict-transport-security:
      - max-age=31536000; includeSubDomains
      transfer-encoding:
      - chunked
      vary:
      - Accept-Encoding
      x-aspnet-version:
      - 4.0.30319
      x-content-type-options:
      - nosniff
      x-ms-keyvault-service-version:
      - 1.5.354.8
      x-powered-by:
      - ASP.NET
    status:
      code: 200
      message: OK
- request:
    body: null
    headers:
      Accept:
      - '*/*'
      Accept-Encoding:
      - gzip, deflate
      CommandName:
      - network private-endpoint-connection reject
      Connection:
      - keep-alive
      ParameterSetName:
      - --id --description
      User-Agent:
      - python/3.8.10 (Windows-10-10.0.19044-SP0) AZURECLI/2.36.0
    method: GET
    uri: https://management.azure.com/subscriptions/00000000-0000-0000-0000-000000000000/resourceGroups/cli_test_hsm_pe000001/providers/Microsoft.KeyVault/managedHSMs/cli-test-hsm-pe-000002/privateEndpointConnections/cli-pec-000006?api-version=2021-04-01-preview
  response:
    body:
      string: '{"id":"/subscriptions/00000000-0000-0000-0000-000000000000/resourceGroups/cli_test_hsm_pe000001/providers/Microsoft.KeyVault/managedHSMs/cli-test-hsm-pe-000002/privateEndpointConnections/cli-pec-000006","name":"cli-pec-000006","type":"Microsoft.KeyVault/vaults/privateEndpointConnections","location":"centraluseuap","etag":"0a4f42e800f640fc84cfbfc5e35fb102","properties":{"provisioningState":"Succeeded","privateEndpoint":{"id":"/subscriptions/00000000-0000-0000-0000-000000000000/resourceGroups/cli_test_hsm_pe000001/providers/Microsoft.Network/privateEndpoints/cli-pe-000005"},"privateLinkServiceConnectionState":{"status":"Rejected","description":"You
        are rejected!","actionsRequired":"None"}}}'
    headers:
      cache-control:
      - no-cache
      content-length:
      - '697'
      content-type:
      - application/json; charset=utf-8
      date:
      - Thu, 12 May 2022 16:39:43 GMT
      expires:
      - '-1'
      pragma:
      - no-cache
      server:
      - Microsoft-IIS/10.0
      strict-transport-security:
      - max-age=31536000; includeSubDomains
      transfer-encoding:
      - chunked
      vary:
      - Accept-Encoding
      x-aspnet-version:
      - 4.0.30319
      x-content-type-options:
      - nosniff
      x-ms-keyvault-service-version:
      - 1.5.354.8
      x-powered-by:
      - ASP.NET
    status:
      code: 200
      message: OK
- request:
    body: null
    headers:
      Accept:
      - '*/*'
      Accept-Encoding:
      - gzip, deflate
      CommandName:
      - network private-endpoint-connection show
      Connection:
      - keep-alive
      ParameterSetName:
      - --id
      User-Agent:
      - python/3.8.10 (Windows-10-10.0.19044-SP0) AZURECLI/2.36.0
    method: GET
    uri: https://management.azure.com/subscriptions/00000000-0000-0000-0000-000000000000/resourceGroups/cli_test_hsm_pe000001/providers/Microsoft.KeyVault/managedHSMs/cli-test-hsm-pe-000002/privateEndpointConnections/cli-pec-000006?api-version=2021-04-01-preview
  response:
    body:
      string: '{"id":"/subscriptions/00000000-0000-0000-0000-000000000000/resourceGroups/cli_test_hsm_pe000001/providers/Microsoft.KeyVault/managedHSMs/cli-test-hsm-pe-000002/privateEndpointConnections/cli-pec-000006","name":"cli-pec-000006","type":"Microsoft.KeyVault/vaults/privateEndpointConnections","location":"centraluseuap","etag":"0a4f42e800f640fc84cfbfc5e35fb102","properties":{"provisioningState":"Succeeded","privateEndpoint":{"id":"/subscriptions/00000000-0000-0000-0000-000000000000/resourceGroups/cli_test_hsm_pe000001/providers/Microsoft.Network/privateEndpoints/cli-pe-000005"},"privateLinkServiceConnectionState":{"status":"Rejected","description":"You
        are rejected!","actionsRequired":"None"}}}'
    headers:
      cache-control:
      - no-cache
      content-length:
      - '697'
      content-type:
      - application/json; charset=utf-8
      date:
      - Thu, 12 May 2022 16:39:46 GMT
      expires:
      - '-1'
      pragma:
      - no-cache
      server:
      - Microsoft-IIS/10.0
      strict-transport-security:
      - max-age=31536000; includeSubDomains
      transfer-encoding:
      - chunked
      vary:
      - Accept-Encoding
      x-aspnet-version:
      - 4.0.30319
      x-content-type-options:
      - nosniff
      x-ms-keyvault-service-version:
      - 1.5.354.8
      x-powered-by:
      - ASP.NET
    status:
      code: 200
      message: OK
- request:
    body: null
    headers:
      Accept:
      - '*/*'
      Accept-Encoding:
      - gzip, deflate
      CommandName:
      - network private-endpoint-connection list
      Connection:
      - keep-alive
      ParameterSetName:
      - --id
      User-Agent:
      - python/3.8.10 (Windows-10-10.0.19044-SP0) AZURECLI/2.36.0
    method: GET
    uri: https://management.azure.com/subscriptions/00000000-0000-0000-0000-000000000000/resourceGroups/cli_test_hsm_pe000001/providers/Microsoft.KeyVault/managedHSMs/cli-test-hsm-pe-000002/privateEndpointConnections?api-version=2021-04-01-preview
  response:
    body:
      string: '{"value":[{"id":"/subscriptions/00000000-0000-0000-0000-000000000000/resourceGroups/cli_test_hsm_pe000001/providers/Microsoft.KeyVault/managedHSMs/cli-test-hsm-pe-000002/privateEndpointConnections/cli-pec-000006","etag":"0a4f42e800f640fc84cfbfc5e35fb102","properties":{"provisioningState":"Succeeded","privateEndpoint":{"id":"/subscriptions/00000000-0000-0000-0000-000000000000/resourceGroups/cli_test_hsm_pe000001/providers/Microsoft.Network/privateEndpoints/cli-pe-000005"},"privateLinkServiceConnectionState":{"status":"Rejected","description":"You
        are rejected!","actionsRequired":"None"}}}]}'
    headers:
      cache-control:
      - no-cache
      content-length:
      - '596'
      content-type:
      - application/json; charset=utf-8
      date:
      - Thu, 12 May 2022 16:39:49 GMT
      expires:
      - '-1'
      pragma:
      - no-cache
      server:
      - Microsoft-IIS/10.0
      strict-transport-security:
      - max-age=31536000; includeSubDomains
      transfer-encoding:
      - chunked
      vary:
      - Accept-Encoding
      x-aspnet-version:
      - 4.0.30319
      x-content-type-options:
      - nosniff
      x-ms-keyvault-service-version:
      - 1.5.354.8
      x-powered-by:
      - ASP.NET
    status:
      code: 200
      message: OK
- request:
    body: null
    headers:
      Accept:
      - '*/*'
      Accept-Encoding:
      - gzip, deflate
      CommandName:
      - network private-endpoint-connection delete
      Connection:
      - keep-alive
      Content-Length:
      - '0'
      ParameterSetName:
      - --id -y
      User-Agent:
      - python/3.8.10 (Windows-10-10.0.19044-SP0) AZURECLI/2.36.0
    method: DELETE
    uri: https://management.azure.com/subscriptions/00000000-0000-0000-0000-000000000000/resourceGroups/cli_test_hsm_pe000001/providers/Microsoft.KeyVault/managedHSMs/cli-test-hsm-pe-000002/privateEndpointConnections/cli-pec-000006?api-version=2021-04-01-preview
  response:
    body:
      string: ''
    headers:
      cache-control:
      - no-cache
      content-length:
      - '0'
      date:
      - Thu, 12 May 2022 16:39:52 GMT
      expires:
      - '-1'
      location:
      - https://management.azure.com/subscriptions/00000000-0000-0000-0000-000000000000/resourceGroups/cli_test_hsm_pe000001/providers/Microsoft.KeyVault/managedHSMs/cli-test-hsm-pe-000002/privateEndpointConnections/cli-pec-000006?api-version=2021-04-01-preview&kv-operation=eyJjb2RlIjoicHJpdmF0ZUVuZHBvaW50Q29ubmVjdGlvbnMvZGVsZXRlIiwic3QiOiIyMDIyLTA1LTEyVDE2OjM5OjUyLjg0MjI0NTlaIiwiZXRhZyI6ImJhOGRlNzAyOGU1NjQwOWRhMWZhM2YyMWM5NDZiYzJiIn0
      pragma:
      - no-cache
      server:
      - Microsoft-IIS/10.0
      strict-transport-security:
      - max-age=31536000; includeSubDomains
      x-aspnet-version:
      - 4.0.30319
      x-content-type-options:
      - nosniff
      x-ms-keyvault-service-version:
      - 1.5.354.8
      x-ms-ratelimit-remaining-subscription-deletes:
      - '14995'
      x-powered-by:
      - ASP.NET
    status:
      code: 202
      message: Accepted
- request:
    body: null
    headers:
      Accept:
      - application/json
      Accept-Encoding:
      - gzip, deflate
      CommandName:
      - network private-endpoint delete
      Connection:
      - keep-alive
      Content-Length:
      - '0'
      ParameterSetName:
      - -g -n
      User-Agent:
      - AZURECLI/2.36.0 azsdk-python-azure-mgmt-network/20.0.0 Python/3.8.10 (Windows-10-10.0.19044-SP0)
    method: DELETE
    uri: https://management.azure.com/subscriptions/00000000-0000-0000-0000-000000000000/resourceGroups/cli_test_hsm_pe000001/providers/Microsoft.Network/privateEndpoints/cli-pe-000005?api-version=2021-08-01
  response:
    body:
      string: ''
    headers:
      azure-asyncnotification:
      - Enabled
      azure-asyncoperation:
      - https://management.azure.com/subscriptions/00000000-0000-0000-0000-000000000000/providers/Microsoft.Network/locations/centraluseuap/operations/c62491bf-0e3d-4711-810f-e7660a389a66?api-version=2021-08-01
      cache-control:
      - no-cache
      content-length:
      - '0'
      date:
      - Thu, 12 May 2022 16:39:54 GMT
      expires:
      - '-1'
      location:
      - https://management.azure.com/subscriptions/00000000-0000-0000-0000-000000000000/providers/Microsoft.Network/locations/centraluseuap/operationResults/c62491bf-0e3d-4711-810f-e7660a389a66?api-version=2021-08-01
      pragma:
      - no-cache
      server:
      - Microsoft-HTTPAPI/2.0
      - Microsoft-HTTPAPI/2.0
      strict-transport-security:
      - max-age=31536000; includeSubDomains
      x-content-type-options:
      - nosniff
      x-ms-arm-service-request-id:
      - 54f2c36a-e99d-431b-9701-61654cf275ef
      x-ms-ratelimit-remaining-subscription-deletes:
      - '14997'
    status:
      code: 202
      message: Accepted
- request:
    body: null
    headers:
      Accept:
      - '*/*'
      Accept-Encoding:
      - gzip, deflate
      CommandName:
      - network private-endpoint delete
      Connection:
      - keep-alive
      ParameterSetName:
      - -g -n
      User-Agent:
      - AZURECLI/2.36.0 azsdk-python-azure-mgmt-network/20.0.0 Python/3.8.10 (Windows-10-10.0.19044-SP0)
    method: GET
    uri: https://management.azure.com/subscriptions/00000000-0000-0000-0000-000000000000/providers/Microsoft.Network/locations/centraluseuap/operations/c62491bf-0e3d-4711-810f-e7660a389a66?api-version=2021-08-01
  response:
    body:
      string: "{\r\n  \"status\": \"InProgress\"\r\n}"
    headers:
      cache-control:
      - no-cache
      content-length:
      - '30'
      content-type:
      - application/json; charset=utf-8
      date:
      - Thu, 12 May 2022 16:40:04 GMT
      expires:
      - '-1'
      pragma:
      - no-cache
      server:
      - Microsoft-HTTPAPI/2.0
      - Microsoft-HTTPAPI/2.0
      strict-transport-security:
      - max-age=31536000; includeSubDomains
      transfer-encoding:
      - chunked
      vary:
      - Accept-Encoding
      x-content-type-options:
      - nosniff
      x-ms-arm-service-request-id:
      - ada08bec-c2c2-4d84-8036-5d6fabee9a7c
    status:
      code: 200
      message: OK
- request:
    body: null
    headers:
      Accept:
      - '*/*'
      Accept-Encoding:
      - gzip, deflate
      CommandName:
      - network private-endpoint delete
      Connection:
      - keep-alive
      ParameterSetName:
      - -g -n
      User-Agent:
      - AZURECLI/2.36.0 azsdk-python-azure-mgmt-network/20.0.0 Python/3.8.10 (Windows-10-10.0.19044-SP0)
    method: GET
    uri: https://management.azure.com/subscriptions/00000000-0000-0000-0000-000000000000/providers/Microsoft.Network/locations/centraluseuap/operations/c62491bf-0e3d-4711-810f-e7660a389a66?api-version=2021-08-01
  response:
    body:
      string: "{\r\n  \"status\": \"Succeeded\"\r\n}"
    headers:
      cache-control:
      - no-cache
      content-length:
      - '29'
      content-type:
      - application/json; charset=utf-8
      date:
      - Thu, 12 May 2022 16:40:15 GMT
      expires:
      - '-1'
      pragma:
      - no-cache
      server:
      - Microsoft-HTTPAPI/2.0
      - Microsoft-HTTPAPI/2.0
      strict-transport-security:
      - max-age=31536000; includeSubDomains
      transfer-encoding:
      - chunked
      vary:
      - Accept-Encoding
      x-content-type-options:
      - nosniff
      x-ms-arm-service-request-id:
      - 4a8d57e2-382e-425e-b551-3040fa3d9664
    status:
      code: 200
      message: OK
- request:
    body: null
    headers:
      Accept:
      - application/json
      Accept-Encoding:
      - gzip, deflate
      CommandName:
      - keyvault delete
      Connection:
      - keep-alive
      Content-Length:
      - '0'
      ParameterSetName:
      - --hsm-name -g
      User-Agent:
      - AZURECLI/2.36.0 azsdk-python-azure-mgmt-keyvault/9.3.0 Python/3.8.10 (Windows-10-10.0.19044-SP0)
    method: DELETE
    uri: https://management.azure.com/subscriptions/00000000-0000-0000-0000-000000000000/resourceGroups/cli_test_hsm_pe000001/providers/Microsoft.KeyVault/managedHSMs/cli-test-hsm-pe-000002?api-version=2021-04-01-preview
  response:
    body:
      string: ''
    headers:
      cache-control:
      - no-cache
      content-length:
      - '0'
      date:
      - Thu, 12 May 2022 16:40:17 GMT
      expires:
      - '-1'
      location:
      - https://management.azure.com/subscriptions/00000000-0000-0000-0000-000000000000/providers/Microsoft.KeyVault/locations/centraluseuap/managedHsmOperationResults/556359f1-fd54-420d-a638-a403d9054900?api-version=2021-04-01-preview
      pragma:
      - no-cache
      server:
      - Microsoft-IIS/10.0
      strict-transport-security:
      - max-age=31536000; includeSubDomains
      x-aspnet-version:
      - 4.0.30319
      x-content-type-options:
      - nosniff
      x-ms-keyvault-service-version:
      - 1.5.354.8
      x-ms-ratelimit-remaining-subscription-deletes:
      - '14994'
      x-powered-by:
      - ASP.NET
    status:
      code: 202
      message: Accepted
- request:
    body: null
    headers:
      Accept:
      - '*/*'
      Accept-Encoding:
      - gzip, deflate
      CommandName:
      - keyvault delete
      Connection:
      - keep-alive
      ParameterSetName:
      - --hsm-name -g
      User-Agent:
      - AZURECLI/2.36.0 azsdk-python-azure-mgmt-keyvault/9.3.0 Python/3.8.10 (Windows-10-10.0.19044-SP0)
    method: GET
    uri: https://management.azure.com/subscriptions/00000000-0000-0000-0000-000000000000/providers/Microsoft.KeyVault/locations/centraluseuap/managedHsmOperationResults/556359f1-fd54-420d-a638-a403d9054900?api-version=2021-04-01-preview
  response:
    body:
      string: ''
    headers:
      cache-control:
      - no-cache
      content-length:
      - '0'
      date:
      - Thu, 12 May 2022 16:40:49 GMT
      expires:
      - '-1'
      pragma:
      - no-cache
      server:
      - Microsoft-IIS/10.0
      strict-transport-security:
      - max-age=31536000; includeSubDomains
      x-aspnet-version:
      - 4.0.30319
      x-content-type-options:
      - nosniff
      x-ms-keyvault-service-version:
      - 1.5.354.8
      x-powered-by:
      - ASP.NET
    status:
      code: 200
      message: OK
- request:
    body: null
    headers:
      Accept:
      - application/json
      Accept-Encoding:
      - gzip, deflate
      CommandName:
      - keyvault purge
      Connection:
      - keep-alive
      ParameterSetName:
      - --hsm-name -l
      User-Agent:
      - AZURECLI/2.36.0 azsdk-python-azure-mgmt-keyvault/9.3.0 Python/3.8.10 (Windows-10-10.0.19044-SP0)
    method: GET
    uri: https://management.azure.com/subscriptions/00000000-0000-0000-0000-000000000000/providers/Microsoft.KeyVault/locations/centraluseuap/deletedManagedHSMs/cli-test-hsm-pe-000002?api-version=2021-04-01-preview
  response:
    body:
      string: '{"id":"/subscriptions/00000000-0000-0000-0000-000000000000/providers/Microsoft.KeyVault/locations/centraluseuap/deletedManagedHSMs/cli-test-hsm-pe-000002","name":"cli-test-hsm-pe-000002","type":"Microsoft.Keyvault/deletedManagedHSMs","properties":{"mhsmId":"/subscriptions/00000000-0000-0000-0000-000000000000/resourceGroups/cli_test_hsm_pe000001/providers/Microsoft.KeyVault/managedHSMs/cli-test-hsm-pe-000002","location":"centraluseuap","deletionDate":"2022-05-12T16:40:18Z","scheduledPurgeDate":"2022-08-10T16:40:18Z","purgeProtectionEnabled":false,"tags":{}}}'
    headers:
      cache-control:
      - no-cache
      content-length:
      - '563'
      content-type:
      - application/json; charset=utf-8
      date:
      - Thu, 12 May 2022 16:40:51 GMT
      expires:
      - '-1'
      pragma:
      - no-cache
      server:
      - Microsoft-IIS/10.0
      strict-transport-security:
      - max-age=31536000; includeSubDomains
      transfer-encoding:
      - chunked
      vary:
      - Accept-Encoding
      x-aspnet-version:
      - 4.0.30319
      x-content-type-options:
      - nosniff
      x-ms-keyvault-service-version:
      - 1.5.354.8
      x-powered-by:
      - ASP.NET
    status:
      code: 200
      message: OK
- request:
    body: null
    headers:
      Accept:
      - application/json
      Accept-Encoding:
      - gzip, deflate
      CommandName:
      - keyvault purge
      Connection:
      - keep-alive
      Content-Length:
      - '0'
      ParameterSetName:
      - --hsm-name -l
      User-Agent:
      - AZURECLI/2.36.0 azsdk-python-azure-mgmt-keyvault/9.3.0 Python/3.8.10 (Windows-10-10.0.19044-SP0)
    method: POST
    uri: https://management.azure.com/subscriptions/00000000-0000-0000-0000-000000000000/providers/Microsoft.KeyVault/locations/centraluseuap/deletedManagedHSMs/cli-test-hsm-pe-000002/purge?api-version=2021-04-01-preview
  response:
    body:
      string: ''
    headers:
      cache-control:
      - no-cache
      content-length:
      - '0'
      date:
      - Thu, 12 May 2022 16:40:56 GMT
      expires:
      - '-1'
      location:
      - https://management.azure.com/subscriptions/00000000-0000-0000-0000-000000000000/providers/Microsoft.KeyVault/locations/centraluseuap/managedHsmOperationResults/8b01389b-8b10-4118-9c9b-74d79ff6b119?api-version=2021-04-01-preview
      pragma:
      - no-cache
      server:
      - Microsoft-IIS/10.0
      strict-transport-security:
      - max-age=31536000; includeSubDomains
      x-aspnet-version:
      - 4.0.30319
      x-content-type-options:
      - nosniff
      x-ms-keyvault-service-version:
      - 1.5.354.8
      x-ms-ratelimit-remaining-subscription-writes:
      - '1199'
      x-powered-by:
      - ASP.NET
    status:
      code: 202
      message: Accepted
- request:
    body: null
    headers:
      Accept:
      - '*/*'
      Accept-Encoding:
      - gzip, deflate
      CommandName:
      - keyvault purge
      Connection:
      - keep-alive
      ParameterSetName:
      - --hsm-name -l
      User-Agent:
      - AZURECLI/2.36.0 azsdk-python-azure-mgmt-keyvault/9.3.0 Python/3.8.10 (Windows-10-10.0.19044-SP0)
    method: GET
    uri: https://management.azure.com/subscriptions/00000000-0000-0000-0000-000000000000/providers/Microsoft.KeyVault/locations/centraluseuap/managedHsmOperationResults/8b01389b-8b10-4118-9c9b-74d79ff6b119?api-version=2021-04-01-preview
  response:
    body:
      string: ''
    headers:
      cache-control:
      - no-cache
      content-length:
      - '0'
      date:
      - Thu, 12 May 2022 16:41:26 GMT
      expires:
      - '-1'
      location:
      - https://management.azure.com/subscriptions/00000000-0000-0000-0000-000000000000/providers/Microsoft.KeyVault/locations/centraluseuap/managedHsmOperationResults/8b01389b-8b10-4118-9c9b-74d79ff6b119?api-version=2021-04-01-preview
      pragma:
      - no-cache
      server:
      - Microsoft-IIS/10.0
      strict-transport-security:
      - max-age=31536000; includeSubDomains
      x-aspnet-version:
      - 4.0.30319
      x-content-type-options:
      - nosniff
      x-ms-keyvault-service-version:
      - 1.5.354.8
      x-powered-by:
      - ASP.NET
    status:
      code: 202
      message: Accepted
- request:
    body: null
    headers:
      Accept:
      - '*/*'
      Accept-Encoding:
      - gzip, deflate
      CommandName:
      - keyvault purge
      Connection:
      - keep-alive
      ParameterSetName:
      - --hsm-name -l
      User-Agent:
      - AZURECLI/2.36.0 azsdk-python-azure-mgmt-keyvault/9.3.0 Python/3.8.10 (Windows-10-10.0.19044-SP0)
    method: GET
    uri: https://management.azure.com/subscriptions/00000000-0000-0000-0000-000000000000/providers/Microsoft.KeyVault/locations/centraluseuap/managedHsmOperationResults/8b01389b-8b10-4118-9c9b-74d79ff6b119?api-version=2021-04-01-preview
  response:
    body:
      string: ''
    headers:
      cache-control:
      - no-cache
      content-length:
      - '0'
      date:
      - Thu, 12 May 2022 16:41:57 GMT
      expires:
      - '-1'
      location:
      - https://management.azure.com/subscriptions/00000000-0000-0000-0000-000000000000/providers/Microsoft.KeyVault/locations/centraluseuap/managedHsmOperationResults/8b01389b-8b10-4118-9c9b-74d79ff6b119?api-version=2021-04-01-preview
      pragma:
      - no-cache
      server:
      - Microsoft-IIS/10.0
      strict-transport-security:
      - max-age=31536000; includeSubDomains
      x-aspnet-version:
      - 4.0.30319
      x-content-type-options:
      - nosniff
      x-ms-keyvault-service-version:
      - 1.5.354.8
      x-powered-by:
      - ASP.NET
    status:
      code: 202
      message: Accepted
- request:
    body: null
    headers:
      Accept:
      - '*/*'
      Accept-Encoding:
      - gzip, deflate
      CommandName:
      - keyvault purge
      Connection:
      - keep-alive
      ParameterSetName:
      - --hsm-name -l
      User-Agent:
      - AZURECLI/2.36.0 azsdk-python-azure-mgmt-keyvault/9.3.0 Python/3.8.10 (Windows-10-10.0.19044-SP0)
    method: GET
    uri: https://management.azure.com/subscriptions/00000000-0000-0000-0000-000000000000/providers/Microsoft.KeyVault/locations/centraluseuap/managedHsmOperationResults/8b01389b-8b10-4118-9c9b-74d79ff6b119?api-version=2021-04-01-preview
  response:
    body:
      string: ''
    headers:
      cache-control:
      - no-cache
      content-length:
      - '0'
      date:
      - Thu, 12 May 2022 16:42:28 GMT
      expires:
      - '-1'
      location:
      - https://management.azure.com/subscriptions/00000000-0000-0000-0000-000000000000/providers/Microsoft.KeyVault/locations/centraluseuap/managedHsmOperationResults/8b01389b-8b10-4118-9c9b-74d79ff6b119?api-version=2021-04-01-preview
      pragma:
      - no-cache
      server:
      - Microsoft-IIS/10.0
      strict-transport-security:
      - max-age=31536000; includeSubDomains
      x-aspnet-version:
      - 4.0.30319
      x-content-type-options:
      - nosniff
      x-ms-keyvault-service-version:
      - 1.5.354.8
      x-powered-by:
      - ASP.NET
    status:
      code: 202
      message: Accepted
- request:
    body: null
    headers:
      Accept:
      - '*/*'
      Accept-Encoding:
      - gzip, deflate
      CommandName:
      - keyvault purge
      Connection:
      - keep-alive
      ParameterSetName:
      - --hsm-name -l
      User-Agent:
      - AZURECLI/2.36.0 azsdk-python-azure-mgmt-keyvault/9.3.0 Python/3.8.10 (Windows-10-10.0.19044-SP0)
    method: GET
    uri: https://management.azure.com/subscriptions/00000000-0000-0000-0000-000000000000/providers/Microsoft.KeyVault/locations/centraluseuap/managedHsmOperationResults/8b01389b-8b10-4118-9c9b-74d79ff6b119?api-version=2021-04-01-preview
  response:
    body:
      string: ''
    headers:
      cache-control:
      - no-cache
      content-length:
      - '0'
      date:
      - Thu, 12 May 2022 16:42:59 GMT
      expires:
      - '-1'
      location:
      - https://management.azure.com/subscriptions/00000000-0000-0000-0000-000000000000/providers/Microsoft.KeyVault/locations/centraluseuap/managedHsmOperationResults/8b01389b-8b10-4118-9c9b-74d79ff6b119?api-version=2021-04-01-preview
      pragma:
      - no-cache
      server:
      - Microsoft-IIS/10.0
      strict-transport-security:
      - max-age=31536000; includeSubDomains
      x-aspnet-version:
      - 4.0.30319
      x-content-type-options:
      - nosniff
      x-ms-keyvault-service-version:
      - 1.5.354.8
      x-powered-by:
      - ASP.NET
    status:
      code: 202
      message: Accepted
- request:
    body: null
    headers:
      Accept:
      - '*/*'
      Accept-Encoding:
      - gzip, deflate
      CommandName:
      - keyvault purge
      Connection:
      - keep-alive
      ParameterSetName:
      - --hsm-name -l
      User-Agent:
      - AZURECLI/2.36.0 azsdk-python-azure-mgmt-keyvault/9.3.0 Python/3.8.10 (Windows-10-10.0.19044-SP0)
    method: GET
    uri: https://management.azure.com/subscriptions/00000000-0000-0000-0000-000000000000/providers/Microsoft.KeyVault/locations/centraluseuap/managedHsmOperationResults/8b01389b-8b10-4118-9c9b-74d79ff6b119?api-version=2021-04-01-preview
  response:
    body:
      string: ''
    headers:
      cache-control:
      - no-cache
      content-length:
      - '0'
      date:
      - Thu, 12 May 2022 16:43:29 GMT
      expires:
      - '-1'
      location:
      - https://management.azure.com/subscriptions/00000000-0000-0000-0000-000000000000/providers/Microsoft.KeyVault/locations/centraluseuap/managedHsmOperationResults/8b01389b-8b10-4118-9c9b-74d79ff6b119?api-version=2021-04-01-preview
      pragma:
      - no-cache
      server:
      - Microsoft-IIS/10.0
      strict-transport-security:
      - max-age=31536000; includeSubDomains
      x-aspnet-version:
      - 4.0.30319
      x-content-type-options:
      - nosniff
      x-ms-keyvault-service-version:
      - 1.5.354.8
      x-powered-by:
      - ASP.NET
    status:
      code: 202
      message: Accepted
- request:
    body: null
    headers:
      Accept:
      - '*/*'
      Accept-Encoding:
      - gzip, deflate
      CommandName:
      - keyvault purge
      Connection:
      - keep-alive
      ParameterSetName:
      - --hsm-name -l
      User-Agent:
      - AZURECLI/2.36.0 azsdk-python-azure-mgmt-keyvault/9.3.0 Python/3.8.10 (Windows-10-10.0.19044-SP0)
    method: GET
    uri: https://management.azure.com/subscriptions/00000000-0000-0000-0000-000000000000/providers/Microsoft.KeyVault/locations/centraluseuap/managedHsmOperationResults/8b01389b-8b10-4118-9c9b-74d79ff6b119?api-version=2021-04-01-preview
  response:
    body:
      string: ''
    headers:
      cache-control:
      - no-cache
      content-length:
      - '0'
      date:
      - Thu, 12 May 2022 16:44:00 GMT
      expires:
      - '-1'
      location:
      - https://management.azure.com/subscriptions/00000000-0000-0000-0000-000000000000/providers/Microsoft.KeyVault/locations/centraluseuap/managedHsmOperationResults/8b01389b-8b10-4118-9c9b-74d79ff6b119?api-version=2021-04-01-preview
      pragma:
      - no-cache
      server:
      - Microsoft-IIS/10.0
      strict-transport-security:
      - max-age=31536000; includeSubDomains
      x-aspnet-version:
      - 4.0.30319
      x-content-type-options:
      - nosniff
      x-ms-keyvault-service-version:
      - 1.5.354.8
      x-powered-by:
      - ASP.NET
    status:
      code: 202
      message: Accepted
- request:
    body: null
    headers:
      Accept:
      - '*/*'
      Accept-Encoding:
      - gzip, deflate
      CommandName:
      - keyvault purge
      Connection:
      - keep-alive
      ParameterSetName:
      - --hsm-name -l
      User-Agent:
      - AZURECLI/2.36.0 azsdk-python-azure-mgmt-keyvault/9.3.0 Python/3.8.10 (Windows-10-10.0.19044-SP0)
    method: GET
    uri: https://management.azure.com/subscriptions/00000000-0000-0000-0000-000000000000/providers/Microsoft.KeyVault/locations/centraluseuap/managedHsmOperationResults/8b01389b-8b10-4118-9c9b-74d79ff6b119?api-version=2021-04-01-preview
  response:
    body:
      string: ''
    headers:
      cache-control:
      - no-cache
      content-length:
      - '0'
      date:
      - Thu, 12 May 2022 16:44:32 GMT
      expires:
      - '-1'
      pragma:
      - no-cache
      server:
      - Microsoft-IIS/10.0
      strict-transport-security:
      - max-age=31536000; includeSubDomains
      x-aspnet-version:
      - 4.0.30319
      x-content-type-options:
      - nosniff
      x-ms-keyvault-service-version:
      - 1.5.354.8
      x-powered-by:
      - ASP.NET
    status:
      code: 200
      message: OK
version: 1
