interactions:
- request:
    body: null
    headers:
      Accept:
      - application/json
      Accept-Encoding:
      - gzip, deflate
      CommandName:
      - network vnet create
      Connection:
      - keep-alive
      ParameterSetName:
      - -g -n --subnet-name
      User-Agent:
      - python/3.7.8 (Windows-10-10.0.19041-SP0) msrest/0.6.18 msrest_azure/0.6.3
        azure-mgmt-resource/10.2.0 Azure-SDK-For-Python AZURECLI/2.15.1
      accept-language:
      - en-US
    method: GET
    uri: https://management.azure.com/subscriptions/00000000-0000-0000-0000-000000000000/resourcegroups/cli_test_lb_address_pool_addresses000001?api-version=2020-06-01
  response:
    body:
      string: '{"id":"/subscriptions/00000000-0000-0000-0000-000000000000/resourceGroups/cli_test_lb_address_pool_addresses000001","name":"cli_test_lb_address_pool_addresses000001","type":"Microsoft.Resources/resourceGroups","location":"westus","tags":{"product":"azurecli","cause":"automation","date":"2020-11-30T16:33:22Z"},"properties":{"provisioningState":"Succeeded"}}'
    headers:
      cache-control:
      - no-cache
      content-length:
      - '428'
      content-type:
      - application/json; charset=utf-8
      date:
      - Mon, 30 Nov 2020 16:33:26 GMT
      expires:
      - '-1'
      pragma:
      - no-cache
      strict-transport-security:
      - max-age=31536000; includeSubDomains
      vary:
      - Accept-Encoding
      x-content-type-options:
      - nosniff
    status:
      code: 200
      message: OK
- request:
    body: '{"location": "westus", "tags": {}, "properties": {"addressSpace": {"addressPrefixes":
      ["10.0.0.0/16"]}, "dhcpOptions": {}, "subnets": [{"properties": {"addressPrefix":
      "10.0.0.0/24"}, "name": "subnet1"}]}}'
    headers:
      Accept:
      - application/json
      Accept-Encoding:
      - gzip, deflate
      CommandName:
      - network vnet create
      Connection:
      - keep-alive
      Content-Length:
      - '205'
      Content-Type:
      - application/json; charset=utf-8
      ParameterSetName:
      - -g -n --subnet-name
      User-Agent:
      - python/3.7.8 (Windows-10-10.0.19041-SP0) msrest/0.6.18 msrest_azure/0.6.3
        azure-mgmt-network/13.0.0 Azure-SDK-For-Python AZURECLI/2.15.1
      accept-language:
      - en-US
    method: PUT
    uri: https://management.azure.com/subscriptions/00000000-0000-0000-0000-000000000000/resourceGroups/cli_test_lb_address_pool_addresses000001/providers/Microsoft.Network/virtualNetworks/clitestvnet?api-version=2020-07-01
  response:
    body:
      string: "{\r\n  \"name\": \"clitestvnet\",\r\n  \"id\": \"/subscriptions/00000000-0000-0000-0000-000000000000/resourceGroups/cli_test_lb_address_pool_addresses000001/providers/Microsoft.Network/virtualNetworks/clitestvnet\",\r\n
        \ \"etag\": \"W/\\\"81fb3e5a-cf4a-4424-8181-8bcd34d7e750\\\"\",\r\n  \"type\":
        \"Microsoft.Network/virtualNetworks\",\r\n  \"location\": \"westus\",\r\n
        \ \"tags\": {},\r\n  \"properties\": {\r\n    \"provisioningState\": \"Updating\",\r\n
        \   \"resourceGuid\": \"9df6eb4e-feed-4828-98d3-e03c2737e429\",\r\n    \"addressSpace\":
        {\r\n      \"addressPrefixes\": [\r\n        \"10.0.0.0/16\"\r\n      ]\r\n
        \   },\r\n    \"dhcpOptions\": {\r\n      \"dnsServers\": []\r\n    },\r\n
        \   \"subnets\": [\r\n      {\r\n        \"name\": \"subnet1\",\r\n        \"id\":
        \"/subscriptions/00000000-0000-0000-0000-000000000000/resourceGroups/cli_test_lb_address_pool_addresses000001/providers/Microsoft.Network/virtualNetworks/clitestvnet/subnets/subnet1\",\r\n
        \       \"etag\": \"W/\\\"81fb3e5a-cf4a-4424-8181-8bcd34d7e750\\\"\",\r\n
        \       \"properties\": {\r\n          \"provisioningState\": \"Updating\",\r\n
        \         \"addressPrefix\": \"10.0.0.0/24\",\r\n          \"delegations\":
        [],\r\n          \"privateEndpointNetworkPolicies\": \"Enabled\",\r\n          \"privateLinkServiceNetworkPolicies\":
        \"Enabled\"\r\n        },\r\n        \"type\": \"Microsoft.Network/virtualNetworks/subnets\"\r\n
        \     }\r\n    ],\r\n    \"virtualNetworkPeerings\": [],\r\n    \"enableDdosProtection\":
        false,\r\n    \"enableVmProtection\": false\r\n  }\r\n}"
    headers:
      azure-asyncnotification:
      - Enabled
      azure-asyncoperation:
      - https://management.azure.com/subscriptions/00000000-0000-0000-0000-000000000000/providers/Microsoft.Network/locations/westus/operations/2bbbfeee-53b5-41a4-951a-1de105a430f5?api-version=2020-07-01
      cache-control:
      - no-cache
      content-length:
      - '1455'
      content-type:
      - application/json; charset=utf-8
      date:
      - Mon, 30 Nov 2020 16:33:31 GMT
      expires:
      - '-1'
      pragma:
      - no-cache
      server:
      - Microsoft-HTTPAPI/2.0
      - Microsoft-HTTPAPI/2.0
      strict-transport-security:
      - max-age=31536000; includeSubDomains
      x-content-type-options:
      - nosniff
      x-ms-arm-service-request-id:
      - 83a47d8b-8a39-478c-9c46-de1577b1ef27
      x-ms-ratelimit-remaining-subscription-writes:
      - '1184'
    status:
      code: 201
      message: Created
- request:
    body: null
    headers:
      Accept:
      - application/json
      Accept-Encoding:
      - gzip, deflate
      CommandName:
      - network vnet create
      Connection:
      - keep-alive
      ParameterSetName:
      - -g -n --subnet-name
      User-Agent:
      - python/3.7.8 (Windows-10-10.0.19041-SP0) msrest/0.6.18 msrest_azure/0.6.3
        azure-mgmt-network/13.0.0 Azure-SDK-For-Python AZURECLI/2.15.1
    method: GET
    uri: https://management.azure.com/subscriptions/00000000-0000-0000-0000-000000000000/providers/Microsoft.Network/locations/westus/operations/2bbbfeee-53b5-41a4-951a-1de105a430f5?api-version=2020-07-01
  response:
    body:
      string: "{\r\n  \"status\": \"Succeeded\"\r\n}"
    headers:
      cache-control:
      - no-cache
      content-length:
      - '29'
      content-type:
      - application/json; charset=utf-8
      date:
      - Mon, 30 Nov 2020 16:33:36 GMT
      expires:
      - '-1'
      pragma:
      - no-cache
      server:
      - Microsoft-HTTPAPI/2.0
      - Microsoft-HTTPAPI/2.0
      strict-transport-security:
      - max-age=31536000; includeSubDomains
      transfer-encoding:
      - chunked
      vary:
      - Accept-Encoding
      x-content-type-options:
      - nosniff
      x-ms-arm-service-request-id:
      - 97ff8eb1-dc93-418b-b25a-2f78f76952b2
    status:
      code: 200
      message: OK
- request:
    body: null
    headers:
      Accept:
      - application/json
      Accept-Encoding:
      - gzip, deflate
      CommandName:
      - network vnet create
      Connection:
      - keep-alive
      ParameterSetName:
      - -g -n --subnet-name
      User-Agent:
      - python/3.7.8 (Windows-10-10.0.19041-SP0) msrest/0.6.18 msrest_azure/0.6.3
        azure-mgmt-network/13.0.0 Azure-SDK-For-Python AZURECLI/2.15.1
    method: GET
    uri: https://management.azure.com/subscriptions/00000000-0000-0000-0000-000000000000/resourceGroups/cli_test_lb_address_pool_addresses000001/providers/Microsoft.Network/virtualNetworks/clitestvnet?api-version=2020-07-01
  response:
    body:
      string: "{\r\n  \"name\": \"clitestvnet\",\r\n  \"id\": \"/subscriptions/00000000-0000-0000-0000-000000000000/resourceGroups/cli_test_lb_address_pool_addresses000001/providers/Microsoft.Network/virtualNetworks/clitestvnet\",\r\n
        \ \"etag\": \"W/\\\"25e87fa1-16e9-4870-8b28-1fbd9ff8ad2a\\\"\",\r\n  \"type\":
        \"Microsoft.Network/virtualNetworks\",\r\n  \"location\": \"westus\",\r\n
        \ \"tags\": {},\r\n  \"properties\": {\r\n    \"provisioningState\": \"Succeeded\",\r\n
        \   \"resourceGuid\": \"9df6eb4e-feed-4828-98d3-e03c2737e429\",\r\n    \"addressSpace\":
        {\r\n      \"addressPrefixes\": [\r\n        \"10.0.0.0/16\"\r\n      ]\r\n
        \   },\r\n    \"dhcpOptions\": {\r\n      \"dnsServers\": []\r\n    },\r\n
        \   \"subnets\": [\r\n      {\r\n        \"name\": \"subnet1\",\r\n        \"id\":
        \"/subscriptions/00000000-0000-0000-0000-000000000000/resourceGroups/cli_test_lb_address_pool_addresses000001/providers/Microsoft.Network/virtualNetworks/clitestvnet/subnets/subnet1\",\r\n
        \       \"etag\": \"W/\\\"25e87fa1-16e9-4870-8b28-1fbd9ff8ad2a\\\"\",\r\n
        \       \"properties\": {\r\n          \"provisioningState\": \"Succeeded\",\r\n
        \         \"addressPrefix\": \"10.0.0.0/24\",\r\n          \"delegations\":
        [],\r\n          \"privateEndpointNetworkPolicies\": \"Enabled\",\r\n          \"privateLinkServiceNetworkPolicies\":
        \"Enabled\"\r\n        },\r\n        \"type\": \"Microsoft.Network/virtualNetworks/subnets\"\r\n
        \     }\r\n    ],\r\n    \"virtualNetworkPeerings\": [],\r\n    \"enableDdosProtection\":
        false,\r\n    \"enableVmProtection\": false\r\n  }\r\n}"
    headers:
      cache-control:
      - no-cache
      content-length:
      - '1457'
      content-type:
      - application/json; charset=utf-8
      date:
      - Mon, 30 Nov 2020 16:33:36 GMT
      etag:
      - W/"25e87fa1-16e9-4870-8b28-1fbd9ff8ad2a"
      expires:
      - '-1'
      pragma:
      - no-cache
      server:
      - Microsoft-HTTPAPI/2.0
      - Microsoft-HTTPAPI/2.0
      strict-transport-security:
      - max-age=31536000; includeSubDomains
      transfer-encoding:
      - chunked
      vary:
      - Accept-Encoding
      x-content-type-options:
      - nosniff
      x-ms-arm-service-request-id:
      - aba56643-270e-4814-a910-200237f3b288
    status:
      code: 200
      message: OK
- request:
    body: null
    headers:
      Accept:
      - application/json
      Accept-Encoding:
      - gzip, deflate
      CommandName:
      - network nic create
      Connection:
      - keep-alive
      ParameterSetName:
      - -g -n --subnet --vnet-name
      User-Agent:
      - python/3.7.8 (Windows-10-10.0.19041-SP0) msrest/0.6.18 msrest_azure/0.6.3
        azure-mgmt-resource/10.2.0 Azure-SDK-For-Python AZURECLI/2.15.1
      accept-language:
      - en-US
    method: GET
    uri: https://management.azure.com/subscriptions/00000000-0000-0000-0000-000000000000/resourcegroups/cli_test_lb_address_pool_addresses000001?api-version=2020-06-01
  response:
    body:
      string: '{"id":"/subscriptions/00000000-0000-0000-0000-000000000000/resourceGroups/cli_test_lb_address_pool_addresses000001","name":"cli_test_lb_address_pool_addresses000001","type":"Microsoft.Resources/resourceGroups","location":"westus","tags":{"product":"azurecli","cause":"automation","date":"2020-11-30T16:33:22Z"},"properties":{"provisioningState":"Succeeded"}}'
    headers:
      cache-control:
      - no-cache
      content-length:
      - '428'
      content-type:
      - application/json; charset=utf-8
      date:
      - Mon, 30 Nov 2020 16:33:38 GMT
      expires:
      - '-1'
      pragma:
      - no-cache
      strict-transport-security:
      - max-age=31536000; includeSubDomains
      vary:
      - Accept-Encoding
      x-content-type-options:
      - nosniff
    status:
      code: 200
      message: OK
- request:
    body: '{"location": "westus", "properties": {"ipConfigurations": [{"properties":
      {"privateIPAllocationMethod": "Dynamic", "privateIPAddressVersion": "IPv4",
      "subnet": {"id": "/subscriptions/00000000-0000-0000-0000-000000000000/resourceGroups/cli_test_lb_address_pool_addresses000001/providers/Microsoft.Network/virtualNetworks/clitestvnet/subnets/subnet1"}},
      "name": "ipconfig1"}], "dnsSettings": {"dnsServers": []}, "enableIPForwarding":
      false}}'
    headers:
      Accept:
      - application/json
      Accept-Encoding:
      - gzip, deflate
      CommandName:
      - network nic create
      Connection:
      - keep-alive
      Content-Length:
      - '474'
      Content-Type:
      - application/json; charset=utf-8
      ParameterSetName:
      - -g -n --subnet --vnet-name
      User-Agent:
      - python/3.7.8 (Windows-10-10.0.19041-SP0) msrest/0.6.18 msrest_azure/0.6.3
        azure-mgmt-network/13.0.0 Azure-SDK-For-Python AZURECLI/2.15.1
      accept-language:
      - en-US
    method: PUT
    uri: https://management.azure.com/subscriptions/00000000-0000-0000-0000-000000000000/resourceGroups/cli_test_lb_address_pool_addresses000001/providers/Microsoft.Network/networkInterfaces/clitestnic?api-version=2020-07-01
  response:
    body:
      string: "{\r\n  \"name\": \"clitestnic\",\r\n  \"id\": \"/subscriptions/00000000-0000-0000-0000-000000000000/resourceGroups/cli_test_lb_address_pool_addresses000001/providers/Microsoft.Network/networkInterfaces/clitestnic\",\r\n
        \ \"etag\": \"W/\\\"f2e5a7c3-b3a0-45cd-9b0b-afb0acab2ca3\\\"\",\r\n  \"location\":
        \"westus\",\r\n  \"properties\": {\r\n    \"provisioningState\": \"Succeeded\",\r\n
        \   \"resourceGuid\": \"6621bb4e-75f4-4c99-af42-d5c593c3cc98\",\r\n    \"ipConfigurations\":
        [\r\n      {\r\n        \"name\": \"ipconfig1\",\r\n        \"id\": \"/subscriptions/00000000-0000-0000-0000-000000000000/resourceGroups/cli_test_lb_address_pool_addresses000001/providers/Microsoft.Network/networkInterfaces/clitestnic/ipConfigurations/ipconfig1\",\r\n
        \       \"etag\": \"W/\\\"f2e5a7c3-b3a0-45cd-9b0b-afb0acab2ca3\\\"\",\r\n
        \       \"type\": \"Microsoft.Network/networkInterfaces/ipConfigurations\",\r\n
        \       \"properties\": {\r\n          \"provisioningState\": \"Succeeded\",\r\n
        \         \"privateIPAddress\": \"10.0.0.4\",\r\n          \"privateIPAllocationMethod\":
        \"Dynamic\",\r\n          \"subnet\": {\r\n            \"id\": \"/subscriptions/00000000-0000-0000-0000-000000000000/resourceGroups/cli_test_lb_address_pool_addresses000001/providers/Microsoft.Network/virtualNetworks/clitestvnet/subnets/subnet1\"\r\n
        \         },\r\n          \"primary\": true,\r\n          \"privateIPAddressVersion\":
        \"IPv4\"\r\n        }\r\n      }\r\n    ],\r\n    \"dnsSettings\": {\r\n      \"dnsServers\":
        [],\r\n      \"appliedDnsServers\": [],\r\n      \"internalDomainNameSuffix\":
        \"j1v5nhpn5yuerggt2a4con5efb.dx.internal.cloudapp.net\"\r\n    },\r\n    \"enableAcceleratedNetworking\":
        false,\r\n    \"enableIPForwarding\": false,\r\n    \"hostedWorkloads\": [],\r\n
        \   \"tapConfigurations\": [],\r\n    \"nicType\": \"Standard\"\r\n  },\r\n
        \ \"type\": \"Microsoft.Network/networkInterfaces\"\r\n}"
    headers:
      azure-asyncnotification:
      - Enabled
      azure-asyncoperation:
      - https://management.azure.com/subscriptions/00000000-0000-0000-0000-000000000000/providers/Microsoft.Network/locations/westus/operations/98b9698f-227e-4553-9958-d11df55f1d52?api-version=2020-07-01
      cache-control:
      - no-cache
      content-length:
      - '1820'
      content-type:
      - application/json; charset=utf-8
      date:
      - Mon, 30 Nov 2020 16:33:41 GMT
      expires:
      - '-1'
      pragma:
      - no-cache
      server:
      - Microsoft-HTTPAPI/2.0
      - Microsoft-HTTPAPI/2.0
      strict-transport-security:
      - max-age=31536000; includeSubDomains
      x-content-type-options:
      - nosniff
      x-ms-arm-service-request-id:
      - 7ee14f26-26cb-44f6-a3e9-0451858766b7
      x-ms-ratelimit-remaining-subscription-writes:
      - '1184'
    status:
      code: 201
      message: Created
- request:
    body: null
    headers:
      Accept:
      - application/json
      Accept-Encoding:
      - gzip, deflate
      CommandName:
      - network nic create
      Connection:
      - keep-alive
      ParameterSetName:
      - -g -n --subnet --vnet-name
      User-Agent:
      - python/3.7.8 (Windows-10-10.0.19041-SP0) msrest/0.6.18 msrest_azure/0.6.3
        azure-mgmt-network/13.0.0 Azure-SDK-For-Python AZURECLI/2.15.1
    method: GET
    uri: https://management.azure.com/subscriptions/00000000-0000-0000-0000-000000000000/providers/Microsoft.Network/locations/westus/operations/98b9698f-227e-4553-9958-d11df55f1d52?api-version=2020-07-01
  response:
    body:
      string: "{\r\n  \"status\": \"Succeeded\"\r\n}"
    headers:
      cache-control:
      - no-cache
      content-length:
      - '29'
      content-type:
      - application/json; charset=utf-8
      date:
      - Mon, 30 Nov 2020 16:34:13 GMT
      expires:
      - '-1'
      pragma:
      - no-cache
      server:
      - Microsoft-HTTPAPI/2.0
      - Microsoft-HTTPAPI/2.0
      strict-transport-security:
      - max-age=31536000; includeSubDomains
      transfer-encoding:
      - chunked
      vary:
      - Accept-Encoding
      x-content-type-options:
      - nosniff
      x-ms-arm-service-request-id:
      - bfbfcafa-e263-4f8e-8480-5bacff132c3e
    status:
      code: 200
      message: OK
- request:
    body: null
    headers:
      Accept:
      - application/json
      Accept-Encoding:
      - gzip, deflate
      CommandName:
      - network nic create
      Connection:
      - keep-alive
      ParameterSetName:
      - -g -n --subnet --vnet-name
      User-Agent:
      - python/3.7.8 (Windows-10-10.0.19041-SP0) msrest/0.6.18 msrest_azure/0.6.3
        azure-mgmt-network/13.0.0 Azure-SDK-For-Python AZURECLI/2.15.1
    method: GET
    uri: https://management.azure.com/subscriptions/00000000-0000-0000-0000-000000000000/resourceGroups/cli_test_lb_address_pool_addresses000001/providers/Microsoft.Network/networkInterfaces/clitestnic?api-version=2020-07-01
  response:
    body:
      string: "{\r\n  \"name\": \"clitestnic\",\r\n  \"id\": \"/subscriptions/00000000-0000-0000-0000-000000000000/resourceGroups/cli_test_lb_address_pool_addresses000001/providers/Microsoft.Network/networkInterfaces/clitestnic\",\r\n
        \ \"etag\": \"W/\\\"f2e5a7c3-b3a0-45cd-9b0b-afb0acab2ca3\\\"\",\r\n  \"location\":
        \"westus\",\r\n  \"properties\": {\r\n    \"provisioningState\": \"Succeeded\",\r\n
        \   \"resourceGuid\": \"6621bb4e-75f4-4c99-af42-d5c593c3cc98\",\r\n    \"ipConfigurations\":
        [\r\n      {\r\n        \"name\": \"ipconfig1\",\r\n        \"id\": \"/subscriptions/00000000-0000-0000-0000-000000000000/resourceGroups/cli_test_lb_address_pool_addresses000001/providers/Microsoft.Network/networkInterfaces/clitestnic/ipConfigurations/ipconfig1\",\r\n
        \       \"etag\": \"W/\\\"f2e5a7c3-b3a0-45cd-9b0b-afb0acab2ca3\\\"\",\r\n
        \       \"type\": \"Microsoft.Network/networkInterfaces/ipConfigurations\",\r\n
        \       \"properties\": {\r\n          \"provisioningState\": \"Succeeded\",\r\n
        \         \"privateIPAddress\": \"10.0.0.4\",\r\n          \"privateIPAllocationMethod\":
        \"Dynamic\",\r\n          \"subnet\": {\r\n            \"id\": \"/subscriptions/00000000-0000-0000-0000-000000000000/resourceGroups/cli_test_lb_address_pool_addresses000001/providers/Microsoft.Network/virtualNetworks/clitestvnet/subnets/subnet1\"\r\n
        \         },\r\n          \"primary\": true,\r\n          \"privateIPAddressVersion\":
        \"IPv4\"\r\n        }\r\n      }\r\n    ],\r\n    \"dnsSettings\": {\r\n      \"dnsServers\":
        [],\r\n      \"appliedDnsServers\": [],\r\n      \"internalDomainNameSuffix\":
        \"j1v5nhpn5yuerggt2a4con5efb.dx.internal.cloudapp.net\"\r\n    },\r\n    \"enableAcceleratedNetworking\":
        false,\r\n    \"enableIPForwarding\": false,\r\n    \"hostedWorkloads\": [],\r\n
        \   \"tapConfigurations\": [],\r\n    \"nicType\": \"Standard\"\r\n  },\r\n
        \ \"type\": \"Microsoft.Network/networkInterfaces\"\r\n}"
    headers:
      cache-control:
      - no-cache
      content-length:
      - '1820'
      content-type:
      - application/json; charset=utf-8
      date:
      - Mon, 30 Nov 2020 16:34:13 GMT
      etag:
      - W/"f2e5a7c3-b3a0-45cd-9b0b-afb0acab2ca3"
      expires:
      - '-1'
      pragma:
      - no-cache
      server:
      - Microsoft-HTTPAPI/2.0
      - Microsoft-HTTPAPI/2.0
      strict-transport-security:
      - max-age=31536000; includeSubDomains
      transfer-encoding:
      - chunked
      vary:
      - Accept-Encoding
      x-content-type-options:
      - nosniff
      x-ms-arm-service-request-id:
      - d462d668-b2f4-4763-a245-6b7e64282625
    status:
      code: 200
      message: OK
- request:
    body: null
    headers:
      Accept:
      - application/json
      Accept-Encoding:
      - gzip, deflate
      CommandName:
      - network lb create
      Connection:
      - keep-alive
      ParameterSetName:
      - -g -n --sku
      User-Agent:
      - python/3.7.8 (Windows-10-10.0.19041-SP0) msrest/0.6.18 msrest_azure/0.6.3
        azure-mgmt-resource/10.2.0 Azure-SDK-For-Python AZURECLI/2.15.1
      accept-language:
      - en-US
    method: GET
    uri: https://management.azure.com/subscriptions/00000000-0000-0000-0000-000000000000/resourcegroups/cli_test_lb_address_pool_addresses000001?api-version=2020-06-01
  response:
    body:
      string: '{"id":"/subscriptions/00000000-0000-0000-0000-000000000000/resourceGroups/cli_test_lb_address_pool_addresses000001","name":"cli_test_lb_address_pool_addresses000001","type":"Microsoft.Resources/resourceGroups","location":"westus","tags":{"product":"azurecli","cause":"automation","date":"2020-11-30T16:33:22Z"},"properties":{"provisioningState":"Succeeded"}}'
    headers:
      cache-control:
      - no-cache
      content-length:
      - '428'
      content-type:
      - application/json; charset=utf-8
      date:
      - Mon, 30 Nov 2020 16:34:14 GMT
      expires:
      - '-1'
      pragma:
      - no-cache
      strict-transport-security:
      - max-age=31536000; includeSubDomains
      vary:
      - Accept-Encoding
      x-content-type-options:
      - nosniff
    status:
      code: 200
      message: OK
- request:
    body: null
    headers:
      Accept:
      - application/json
      Accept-Encoding:
      - gzip, deflate
      CommandName:
      - network lb create
      Connection:
      - keep-alive
      ParameterSetName:
      - -g -n --sku
      User-Agent:
      - python/3.7.8 (Windows-10-10.0.19041-SP0) msrest/0.6.18 msrest_azure/0.6.3
        azure-mgmt-resource/10.2.0 Azure-SDK-For-Python AZURECLI/2.15.1
      accept-language:
      - en-US
    method: GET
    uri: https://management.azure.com/subscriptions/00000000-0000-0000-0000-000000000000/resources?$filter=resourceGroup%20eq%20%27cli_test_lb_address_pool_addresses000001%27%20and%20name%20eq%20%27None%27%20and%20resourceType%20eq%20%27Microsoft.Network%2FpublicIPAddresses%27&api-version=2020-06-01
  response:
    body:
      string: '{"value":[]}'
    headers:
      cache-control:
      - no-cache
      content-length:
      - '12'
      content-type:
      - application/json; charset=utf-8
      date:
      - Mon, 30 Nov 2020 16:34:16 GMT
      expires:
      - '-1'
      pragma:
      - no-cache
      strict-transport-security:
      - max-age=31536000; includeSubDomains
      vary:
      - Accept-Encoding
      x-content-type-options:
      - nosniff
    status:
      code: 200
      message: OK
- request:
    body: '{"properties": {"template": {"$schema": "https://schema.management.azure.com/schemas/2015-01-01/deploymentTemplate.json#",
      "contentVersion": "1.0.0.0", "parameters": {}, "variables": {}, "resources":
      [{"apiVersion": "2020-07-01", "type": "Microsoft.Network/publicIPAddresses",
      "name": "PublicIPlb1", "location": "westus", "tags": {}, "dependsOn": [], "properties":
      {"publicIPAllocationMethod": "Static"}, "sku": {"name": "Standard"}}, {"type":
      "Microsoft.Network/loadBalancers", "name": "lb1", "location": "westus", "tags":
      {}, "apiVersion": "2020-07-01", "dependsOn": ["Microsoft.Network/publicIpAddresses/PublicIPlb1"],
      "properties": {"backendAddressPools": [{"name": "lb1bepool"}], "frontendIPConfigurations":
      [{"name": "LoadBalancerFrontEnd", "properties": {"publicIPAddress": {"id": "/subscriptions/00000000-0000-0000-0000-000000000000/resourceGroups/cli_test_lb_address_pool_addresses000001/providers/Microsoft.Network/publicIPAddresses/PublicIPlb1"},
      "privateIPAddressVersion": "IPv4"}}]}, "sku": {"name": "Standard"}}], "outputs":
      {"loadBalancer": {"type": "object", "value": "[reference(''lb1'')]"}}}, "parameters":
      {}, "mode": "Incremental"}}'
    headers:
      Accept:
      - application/json
      Accept-Encoding:
      - gzip, deflate
      CommandName:
      - network lb create
      Connection:
      - keep-alive
      Content-Length:
      - '1185'
      Content-Type:
      - application/json; charset=utf-8
      ParameterSetName:
      - -g -n --sku
      User-Agent:
      - python/3.7.8 (Windows-10-10.0.19041-SP0) msrest/0.6.18 msrest_azure/0.6.3
        azure-mgmt-resource/10.2.0 Azure-SDK-For-Python AZURECLI/2.15.1
      accept-language:
      - en-US
    method: PUT
    uri: https://management.azure.com/subscriptions/00000000-0000-0000-0000-000000000000/resourcegroups/cli_test_lb_address_pool_addresses000001/providers/Microsoft.Resources/deployments/mock-deployment?api-version=2020-06-01
  response:
    body:
      string: '{"id":"/subscriptions/00000000-0000-0000-0000-000000000000/resourceGroups/cli_test_lb_address_pool_addresses000001/providers/Microsoft.Resources/deployments/lb_deploy_m2Kly4tkw5ZHOaTM7zAO8tcVJBZfrpc2","name":"lb_deploy_m2Kly4tkw5ZHOaTM7zAO8tcVJBZfrpc2","type":"Microsoft.Resources/deployments","properties":{"templateHash":"10183097911843625876","parameters":{},"mode":"Incremental","provisioningState":"Accepted","timestamp":"2020-11-30T16:34:21.2184806Z","duration":"PT2.5156711S","correlationId":"771cc75e-6b23-49a4-8bc2-bd7823cbf976","providers":[{"namespace":"Microsoft.Network","resourceTypes":[{"resourceType":"publicIPAddresses","locations":["westus"]},{"resourceType":"loadBalancers","locations":["westus"]}]}],"dependencies":[{"dependsOn":[{"id":"/subscriptions/00000000-0000-0000-0000-000000000000/resourceGroups/cli_test_lb_address_pool_addresses000001/providers/Microsoft.Network/publicIPAddresses/PublicIPlb1","resourceType":"Microsoft.Network/publicIPAddresses","resourceName":"PublicIPlb1"}],"id":"/subscriptions/00000000-0000-0000-0000-000000000000/resourceGroups/cli_test_lb_address_pool_addresses000001/providers/Microsoft.Network/loadBalancers/lb1","resourceType":"Microsoft.Network/loadBalancers","resourceName":"lb1"}]}}'
    headers:
      azure-asyncoperation:
      - https://management.azure.com/subscriptions/00000000-0000-0000-0000-000000000000/resourcegroups/cli_test_lb_address_pool_addresses000001/providers/Microsoft.Resources/deployments/lb_deploy_m2Kly4tkw5ZHOaTM7zAO8tcVJBZfrpc2/operationStatuses/08585948528267748167?api-version=2020-06-01
      cache-control:
      - no-cache
      content-length:
      - '1347'
      content-type:
      - application/json; charset=utf-8
      date:
      - Mon, 30 Nov 2020 16:34:22 GMT
      expires:
      - '-1'
      pragma:
      - no-cache
      strict-transport-security:
      - max-age=31536000; includeSubDomains
      x-content-type-options:
      - nosniff
      x-ms-ratelimit-remaining-subscription-writes:
      - '1188'
    status:
      code: 201
      message: Created
- request:
    body: null
    headers:
      Accept:
      - application/json
      Accept-Encoding:
      - gzip, deflate
      CommandName:
      - network lb create
      Connection:
      - keep-alive
      ParameterSetName:
      - -g -n --sku
      User-Agent:
      - python/3.7.8 (Windows-10-10.0.19041-SP0) msrest/0.6.18 msrest_azure/0.6.3
        azure-mgmt-resource/10.2.0 Azure-SDK-For-Python AZURECLI/2.15.1
    method: GET
    uri: https://management.azure.com/subscriptions/00000000-0000-0000-0000-000000000000/resourcegroups/cli_test_lb_address_pool_addresses000001/providers/Microsoft.Resources/deployments/mock-deployment/operationStatuses/08585948528267748167?api-version=2020-06-01
  response:
    body:
      string: '{"status":"Running"}'
    headers:
      cache-control:
      - no-cache
      content-length:
      - '20'
      content-type:
      - application/json; charset=utf-8
      date:
      - Mon, 30 Nov 2020 16:34:53 GMT
      expires:
      - '-1'
      pragma:
      - no-cache
      strict-transport-security:
      - max-age=31536000; includeSubDomains
      vary:
      - Accept-Encoding
      x-content-type-options:
      - nosniff
    status:
      code: 200
      message: OK
- request:
    body: null
    headers:
      Accept:
      - application/json
      Accept-Encoding:
      - gzip, deflate
      CommandName:
      - network lb create
      Connection:
      - keep-alive
      ParameterSetName:
      - -g -n --sku
      User-Agent:
      - python/3.7.8 (Windows-10-10.0.19041-SP0) msrest/0.6.18 msrest_azure/0.6.3
        azure-mgmt-resource/10.2.0 Azure-SDK-For-Python AZURECLI/2.15.1
    method: GET
    uri: https://management.azure.com/subscriptions/00000000-0000-0000-0000-000000000000/resourcegroups/cli_test_lb_address_pool_addresses000001/providers/Microsoft.Resources/deployments/mock-deployment/operationStatuses/08585948528267748167?api-version=2020-06-01
  response:
    body:
      string: '{"status":"Succeeded"}'
    headers:
      cache-control:
      - no-cache
      content-length:
      - '22'
      content-type:
      - application/json; charset=utf-8
      date:
      - Mon, 30 Nov 2020 16:35:23 GMT
      expires:
      - '-1'
      pragma:
      - no-cache
      strict-transport-security:
      - max-age=31536000; includeSubDomains
      vary:
      - Accept-Encoding
      x-content-type-options:
      - nosniff
    status:
      code: 200
      message: OK
- request:
    body: null
    headers:
      Accept:
      - application/json
      Accept-Encoding:
      - gzip, deflate
      CommandName:
      - network lb create
      Connection:
      - keep-alive
      ParameterSetName:
      - -g -n --sku
      User-Agent:
      - python/3.7.8 (Windows-10-10.0.19041-SP0) msrest/0.6.18 msrest_azure/0.6.3
        azure-mgmt-resource/10.2.0 Azure-SDK-For-Python AZURECLI/2.15.1
    method: GET
    uri: https://management.azure.com/subscriptions/00000000-0000-0000-0000-000000000000/resourcegroups/cli_test_lb_address_pool_addresses000001/providers/Microsoft.Resources/deployments/mock-deployment?api-version=2020-06-01
  response:
    body:
      string: '{"id":"/subscriptions/00000000-0000-0000-0000-000000000000/resourceGroups/cli_test_lb_address_pool_addresses000001/providers/Microsoft.Resources/deployments/lb_deploy_m2Kly4tkw5ZHOaTM7zAO8tcVJBZfrpc2","name":"lb_deploy_m2Kly4tkw5ZHOaTM7zAO8tcVJBZfrpc2","type":"Microsoft.Resources/deployments","properties":{"templateHash":"10183097911843625876","parameters":{},"mode":"Incremental","provisioningState":"Succeeded","timestamp":"2020-11-30T16:34:55.2292537Z","duration":"PT36.5264442S","correlationId":"771cc75e-6b23-49a4-8bc2-bd7823cbf976","providers":[{"namespace":"Microsoft.Network","resourceTypes":[{"resourceType":"publicIPAddresses","locations":["westus"]},{"resourceType":"loadBalancers","locations":["westus"]}]}],"dependencies":[{"dependsOn":[{"id":"/subscriptions/00000000-0000-0000-0000-000000000000/resourceGroups/cli_test_lb_address_pool_addresses000001/providers/Microsoft.Network/publicIPAddresses/PublicIPlb1","resourceType":"Microsoft.Network/publicIPAddresses","resourceName":"PublicIPlb1"}],"id":"/subscriptions/00000000-0000-0000-0000-000000000000/resourceGroups/cli_test_lb_address_pool_addresses000001/providers/Microsoft.Network/loadBalancers/lb1","resourceType":"Microsoft.Network/loadBalancers","resourceName":"lb1"}],"outputs":{"loadBalancer":{"type":"Object","value":{"provisioningState":"Succeeded","resourceGuid":"930654d8-153c-40d4-abf5-682fdd4fbfd1","frontendIPConfigurations":[{"name":"LoadBalancerFrontEnd","id":"/subscriptions/00000000-0000-0000-0000-000000000000/resourceGroups/cli_test_lb_address_pool_addresses000001/providers/Microsoft.Network/loadBalancers/lb1/frontendIPConfigurations/LoadBalancerFrontEnd","etag":"W/\"1eb35d3c-94dc-4979-84b5-8ef83c9fac60\"","type":"Microsoft.Network/loadBalancers/frontendIPConfigurations","properties":{"provisioningState":"Succeeded","privateIPAllocationMethod":"Dynamic","publicIPAddress":{"id":"/subscriptions/00000000-0000-0000-0000-000000000000/resourceGroups/cli_test_lb_address_pool_addresses000001/providers/Microsoft.Network/publicIPAddresses/PublicIPlb1"},"privateIPAddressVersion":"IPv4"}}],"backendAddressPools":[{"name":"lb1bepool","id":"/subscriptions/00000000-0000-0000-0000-000000000000/resourceGroups/cli_test_lb_address_pool_addresses000001/providers/Microsoft.Network/loadBalancers/lb1/backendAddressPools/lb1bepool","etag":"W/\"1eb35d3c-94dc-4979-84b5-8ef83c9fac60\"","properties":{"provisioningState":"Succeeded","loadBalancerBackendAddresses":[]},"type":"Microsoft.Network/loadBalancers/backendAddressPools"}],"loadBalancingRules":[],"probes":[],"inboundNatRules":[],"outboundRules":[],"inboundNatPools":[]}}},"outputResources":[{"id":"/subscriptions/00000000-0000-0000-0000-000000000000/resourceGroups/cli_test_lb_address_pool_addresses000001/providers/Microsoft.Network/loadBalancers/lb1"},{"id":"/subscriptions/00000000-0000-0000-0000-000000000000/resourceGroups/cli_test_lb_address_pool_addresses000001/providers/Microsoft.Network/publicIPAddresses/PublicIPlb1"}]}}'
    headers:
      cache-control:
      - no-cache
      content-length:
      - '3247'
      content-type:
      - application/json; charset=utf-8
      date:
      - Mon, 30 Nov 2020 16:35:24 GMT
      expires:
      - '-1'
      pragma:
      - no-cache
      strict-transport-security:
      - max-age=31536000; includeSubDomains
      vary:
      - Accept-Encoding
      x-content-type-options:
      - nosniff
    status:
      code: 200
      message: OK
- request:
    body: null
    headers:
      Accept:
      - application/json
      Accept-Encoding:
      - gzip, deflate
      CommandName:
      - network lb address-pool create
      Connection:
      - keep-alive
      ParameterSetName:
      - -g --lb-name -n --vnet --backend-address
      User-Agent:
      - python/3.7.8 (Windows-10-10.0.19041-SP0) msrest/0.6.18 msrest_azure/0.6.3
        azure-mgmt-network/13.0.0 Azure-SDK-For-Python AZURECLI/2.15.1
      accept-language:
      - en-US
    method: GET
    uri: https://management.azure.com/subscriptions/00000000-0000-0000-0000-000000000000/resourceGroups/cli_test_lb_address_pool_addresses000001/providers/Microsoft.Network/loadBalancers/lb1?api-version=2020-07-01
  response:
    body:
      string: "{\r\n  \"name\": \"lb1\",\r\n  \"id\": \"/subscriptions/00000000-0000-0000-0000-000000000000/resourceGroups/cli_test_lb_address_pool_addresses000001/providers/Microsoft.Network/loadBalancers/lb1\",\r\n
        \ \"etag\": \"W/\\\"1eb35d3c-94dc-4979-84b5-8ef83c9fac60\\\"\",\r\n  \"type\":
        \"Microsoft.Network/loadBalancers\",\r\n  \"location\": \"westus\",\r\n  \"tags\":
        {},\r\n  \"properties\": {\r\n    \"provisioningState\": \"Succeeded\",\r\n
        \   \"resourceGuid\": \"930654d8-153c-40d4-abf5-682fdd4fbfd1\",\r\n    \"frontendIPConfigurations\":
        [\r\n      {\r\n        \"name\": \"LoadBalancerFrontEnd\",\r\n        \"id\":
        \"/subscriptions/00000000-0000-0000-0000-000000000000/resourceGroups/cli_test_lb_address_pool_addresses000001/providers/Microsoft.Network/loadBalancers/lb1/frontendIPConfigurations/LoadBalancerFrontEnd\",\r\n
        \       \"etag\": \"W/\\\"1eb35d3c-94dc-4979-84b5-8ef83c9fac60\\\"\",\r\n
        \       \"type\": \"Microsoft.Network/loadBalancers/frontendIPConfigurations\",\r\n
        \       \"properties\": {\r\n          \"provisioningState\": \"Succeeded\",\r\n
        \         \"privateIPAllocationMethod\": \"Dynamic\",\r\n          \"publicIPAddress\":
        {\r\n            \"id\": \"/subscriptions/00000000-0000-0000-0000-000000000000/resourceGroups/cli_test_lb_address_pool_addresses000001/providers/Microsoft.Network/publicIPAddresses/PublicIPlb1\"\r\n
        \         },\r\n          \"privateIPAddressVersion\": \"IPv4\"\r\n        }\r\n
        \     }\r\n    ],\r\n    \"backendAddressPools\": [\r\n      {\r\n        \"name\":
        \"lb1bepool\",\r\n        \"id\": \"/subscriptions/00000000-0000-0000-0000-000000000000/resourceGroups/cli_test_lb_address_pool_addresses000001/providers/Microsoft.Network/loadBalancers/lb1/backendAddressPools/lb1bepool\",\r\n
        \       \"etag\": \"W/\\\"1eb35d3c-94dc-4979-84b5-8ef83c9fac60\\\"\",\r\n
        \       \"properties\": {\r\n          \"provisioningState\": \"Succeeded\",\r\n
        \         \"loadBalancerBackendAddresses\": []\r\n        },\r\n        \"type\":
        \"Microsoft.Network/loadBalancers/backendAddressPools\"\r\n      }\r\n    ],\r\n
        \   \"loadBalancingRules\": [],\r\n    \"probes\": [],\r\n    \"inboundNatRules\":
        [],\r\n    \"outboundRules\": [],\r\n    \"inboundNatPools\": []\r\n  },\r\n
        \ \"sku\": {\r\n    \"name\": \"Standard\",\r\n    \"tier\": \"Regional\"\r\n
        \ }\r\n}"
    headers:
      cache-control:
      - no-cache
      content-length:
      - '2213'
      content-type:
      - application/json; charset=utf-8
      date:
      - Mon, 30 Nov 2020 16:35:27 GMT
      etag:
      - W/"1eb35d3c-94dc-4979-84b5-8ef83c9fac60"
      expires:
      - '-1'
      pragma:
      - no-cache
      server:
      - Microsoft-HTTPAPI/2.0
      - Microsoft-HTTPAPI/2.0
      strict-transport-security:
      - max-age=31536000; includeSubDomains
      transfer-encoding:
      - chunked
      vary:
      - Accept-Encoding
      x-content-type-options:
      - nosniff
      x-ms-arm-service-request-id:
      - bd9a02e9-43f0-4ef7-ada0-97709766172f
    status:
      code: 200
      message: OK
- request:
    body: null
    headers:
      Accept:
      - application/json
      Accept-Encoding:
      - gzip, deflate
      CommandName:
      - network lb address-pool create
      Connection:
      - keep-alive
      ParameterSetName:
      - -g --lb-name -n --backend-address
      User-Agent:
      - python/3.7.8 (Windows-10-10.0.19041-SP0) msrest/0.6.18 msrest_azure/0.6.3
        azure-mgmt-network/13.0.0 Azure-SDK-For-Python AZURECLI/2.15.1
      accept-language:
      - en-US
    method: GET
    uri: https://management.azure.com/subscriptions/00000000-0000-0000-0000-000000000000/resourceGroups/cli_test_lb_address_pool_addresses000001/providers/Microsoft.Network/loadBalancers/lb1?api-version=2020-07-01
  response:
    body:
      string: "{\r\n  \"name\": \"lb1\",\r\n  \"id\": \"/subscriptions/00000000-0000-0000-0000-000000000000/resourceGroups/cli_test_lb_address_pool_addresses000001/providers/Microsoft.Network/loadBalancers/lb1\",\r\n
        \ \"etag\": \"W/\\\"1eb35d3c-94dc-4979-84b5-8ef83c9fac60\\\"\",\r\n  \"type\":
        \"Microsoft.Network/loadBalancers\",\r\n  \"location\": \"westus\",\r\n  \"tags\":
        {},\r\n  \"properties\": {\r\n    \"provisioningState\": \"Succeeded\",\r\n
        \   \"resourceGuid\": \"930654d8-153c-40d4-abf5-682fdd4fbfd1\",\r\n    \"frontendIPConfigurations\":
        [\r\n      {\r\n        \"name\": \"LoadBalancerFrontEnd\",\r\n        \"id\":
        \"/subscriptions/00000000-0000-0000-0000-000000000000/resourceGroups/cli_test_lb_address_pool_addresses000001/providers/Microsoft.Network/loadBalancers/lb1/frontendIPConfigurations/LoadBalancerFrontEnd\",\r\n
        \       \"etag\": \"W/\\\"1eb35d3c-94dc-4979-84b5-8ef83c9fac60\\\"\",\r\n
        \       \"type\": \"Microsoft.Network/loadBalancers/frontendIPConfigurations\",\r\n
        \       \"properties\": {\r\n          \"provisioningState\": \"Succeeded\",\r\n
        \         \"privateIPAllocationMethod\": \"Dynamic\",\r\n          \"publicIPAddress\":
        {\r\n            \"id\": \"/subscriptions/00000000-0000-0000-0000-000000000000/resourceGroups/cli_test_lb_address_pool_addresses000001/providers/Microsoft.Network/publicIPAddresses/PublicIPlb1\"\r\n
        \         },\r\n          \"privateIPAddressVersion\": \"IPv4\"\r\n        }\r\n
        \     }\r\n    ],\r\n    \"backendAddressPools\": [\r\n      {\r\n        \"name\":
        \"lb1bepool\",\r\n        \"id\": \"/subscriptions/00000000-0000-0000-0000-000000000000/resourceGroups/cli_test_lb_address_pool_addresses000001/providers/Microsoft.Network/loadBalancers/lb1/backendAddressPools/lb1bepool\",\r\n
        \       \"etag\": \"W/\\\"1eb35d3c-94dc-4979-84b5-8ef83c9fac60\\\"\",\r\n
        \       \"properties\": {\r\n          \"provisioningState\": \"Succeeded\",\r\n
        \         \"loadBalancerBackendAddresses\": []\r\n        },\r\n        \"type\":
        \"Microsoft.Network/loadBalancers/backendAddressPools\"\r\n      }\r\n    ],\r\n
        \   \"loadBalancingRules\": [],\r\n    \"probes\": [],\r\n    \"inboundNatRules\":
        [],\r\n    \"outboundRules\": [],\r\n    \"inboundNatPools\": []\r\n  },\r\n
        \ \"sku\": {\r\n    \"name\": \"Standard\",\r\n    \"tier\": \"Regional\"\r\n
        \ }\r\n}"
    headers:
      cache-control:
      - no-cache
      content-length:
      - '2213'
      content-type:
      - application/json; charset=utf-8
      date:
      - Mon, 30 Nov 2020 16:35:29 GMT
      etag:
      - W/"1eb35d3c-94dc-4979-84b5-8ef83c9fac60"
      expires:
      - '-1'
      pragma:
      - no-cache
      server:
      - Microsoft-HTTPAPI/2.0
      - Microsoft-HTTPAPI/2.0
      strict-transport-security:
      - max-age=31536000; includeSubDomains
      transfer-encoding:
      - chunked
      vary:
      - Accept-Encoding
      x-content-type-options:
      - nosniff
      x-ms-arm-service-request-id:
      - 02249f85-f75c-4a90-957d-f815d87a2d45
    status:
      code: 200
      message: OK
- request:
    body: null
    headers:
      Accept:
      - application/json
      Accept-Encoding:
      - gzip, deflate
      CommandName:
      - network lb address-pool create
      Connection:
      - keep-alive
      ParameterSetName:
      - -g --lb-name -n --vnet --backend-address
      User-Agent:
      - python/3.7.8 (Windows-10-10.0.19041-SP0) msrest/0.6.18 msrest_azure/0.6.3
        azure-mgmt-network/13.0.0 Azure-SDK-For-Python AZURECLI/2.15.1
      accept-language:
      - en-US
    method: GET
    uri: https://management.azure.com/subscriptions/00000000-0000-0000-0000-000000000000/resourceGroups/cli_test_lb_address_pool_addresses000001/providers/Microsoft.Network/loadBalancers/lb1?api-version=2020-07-01
  response:
    body:
      string: "{\r\n  \"name\": \"lb1\",\r\n  \"id\": \"/subscriptions/00000000-0000-0000-0000-000000000000/resourceGroups/cli_test_lb_address_pool_addresses000001/providers/Microsoft.Network/loadBalancers/lb1\",\r\n
        \ \"etag\": \"W/\\\"1eb35d3c-94dc-4979-84b5-8ef83c9fac60\\\"\",\r\n  \"type\":
        \"Microsoft.Network/loadBalancers\",\r\n  \"location\": \"westus\",\r\n  \"tags\":
        {},\r\n  \"properties\": {\r\n    \"provisioningState\": \"Succeeded\",\r\n
        \   \"resourceGuid\": \"930654d8-153c-40d4-abf5-682fdd4fbfd1\",\r\n    \"frontendIPConfigurations\":
        [\r\n      {\r\n        \"name\": \"LoadBalancerFrontEnd\",\r\n        \"id\":
        \"/subscriptions/00000000-0000-0000-0000-000000000000/resourceGroups/cli_test_lb_address_pool_addresses000001/providers/Microsoft.Network/loadBalancers/lb1/frontendIPConfigurations/LoadBalancerFrontEnd\",\r\n
        \       \"etag\": \"W/\\\"1eb35d3c-94dc-4979-84b5-8ef83c9fac60\\\"\",\r\n
        \       \"type\": \"Microsoft.Network/loadBalancers/frontendIPConfigurations\",\r\n
        \       \"properties\": {\r\n          \"provisioningState\": \"Succeeded\",\r\n
        \         \"privateIPAllocationMethod\": \"Dynamic\",\r\n          \"publicIPAddress\":
        {\r\n            \"id\": \"/subscriptions/00000000-0000-0000-0000-000000000000/resourceGroups/cli_test_lb_address_pool_addresses000001/providers/Microsoft.Network/publicIPAddresses/PublicIPlb1\"\r\n
        \         },\r\n          \"privateIPAddressVersion\": \"IPv4\"\r\n        }\r\n
        \     }\r\n    ],\r\n    \"backendAddressPools\": [\r\n      {\r\n        \"name\":
        \"lb1bepool\",\r\n        \"id\": \"/subscriptions/00000000-0000-0000-0000-000000000000/resourceGroups/cli_test_lb_address_pool_addresses000001/providers/Microsoft.Network/loadBalancers/lb1/backendAddressPools/lb1bepool\",\r\n
        \       \"etag\": \"W/\\\"1eb35d3c-94dc-4979-84b5-8ef83c9fac60\\\"\",\r\n
        \       \"properties\": {\r\n          \"provisioningState\": \"Succeeded\",\r\n
        \         \"loadBalancerBackendAddresses\": []\r\n        },\r\n        \"type\":
        \"Microsoft.Network/loadBalancers/backendAddressPools\"\r\n      }\r\n    ],\r\n
        \   \"loadBalancingRules\": [],\r\n    \"probes\": [],\r\n    \"inboundNatRules\":
        [],\r\n    \"outboundRules\": [],\r\n    \"inboundNatPools\": []\r\n  },\r\n
        \ \"sku\": {\r\n    \"name\": \"Standard\",\r\n    \"tier\": \"Regional\"\r\n
        \ }\r\n}"
    headers:
      cache-control:
      - no-cache
      content-length:
      - '2213'
      content-type:
      - application/json; charset=utf-8
      date:
      - Mon, 30 Nov 2020 16:35:30 GMT
      etag:
      - W/"1eb35d3c-94dc-4979-84b5-8ef83c9fac60"
      expires:
      - '-1'
      pragma:
      - no-cache
      server:
      - Microsoft-HTTPAPI/2.0
      - Microsoft-HTTPAPI/2.0
      strict-transport-security:
      - max-age=31536000; includeSubDomains
      transfer-encoding:
      - chunked
      vary:
      - Accept-Encoding
      x-content-type-options:
      - nosniff
      x-ms-arm-service-request-id:
      - a44bdee1-9b6b-43e8-8a77-a40eb7e4f2ad
    status:
      code: 200
      message: OK
- request:
    body: null
    headers:
      Accept:
      - application/json
      Accept-Encoding:
      - gzip, deflate
      CommandName:
      - network lb address-pool create
      Connection:
      - keep-alive
      ParameterSetName:
      - -g --lb-name -n --vnet --backend-address --backend-address --backend-address
      User-Agent:
      - python/3.7.8 (Windows-10-10.0.19041-SP0) msrest/0.6.18 msrest_azure/0.6.3
        azure-mgmt-network/13.0.0 Azure-SDK-For-Python AZURECLI/2.15.1
      accept-language:
      - en-US
    method: GET
    uri: https://management.azure.com/subscriptions/00000000-0000-0000-0000-000000000000/resourceGroups/cli_test_lb_address_pool_addresses000001/providers/Microsoft.Network/loadBalancers/lb1?api-version=2020-07-01
  response:
    body:
      string: "{\r\n  \"name\": \"lb1\",\r\n  \"id\": \"/subscriptions/00000000-0000-0000-0000-000000000000/resourceGroups/cli_test_lb_address_pool_addresses000001/providers/Microsoft.Network/loadBalancers/lb1\",\r\n
        \ \"etag\": \"W/\\\"1eb35d3c-94dc-4979-84b5-8ef83c9fac60\\\"\",\r\n  \"type\":
        \"Microsoft.Network/loadBalancers\",\r\n  \"location\": \"westus\",\r\n  \"tags\":
        {},\r\n  \"properties\": {\r\n    \"provisioningState\": \"Succeeded\",\r\n
        \   \"resourceGuid\": \"930654d8-153c-40d4-abf5-682fdd4fbfd1\",\r\n    \"frontendIPConfigurations\":
        [\r\n      {\r\n        \"name\": \"LoadBalancerFrontEnd\",\r\n        \"id\":
        \"/subscriptions/00000000-0000-0000-0000-000000000000/resourceGroups/cli_test_lb_address_pool_addresses000001/providers/Microsoft.Network/loadBalancers/lb1/frontendIPConfigurations/LoadBalancerFrontEnd\",\r\n
        \       \"etag\": \"W/\\\"1eb35d3c-94dc-4979-84b5-8ef83c9fac60\\\"\",\r\n
        \       \"type\": \"Microsoft.Network/loadBalancers/frontendIPConfigurations\",\r\n
        \       \"properties\": {\r\n          \"provisioningState\": \"Succeeded\",\r\n
        \         \"privateIPAllocationMethod\": \"Dynamic\",\r\n          \"publicIPAddress\":
        {\r\n            \"id\": \"/subscriptions/00000000-0000-0000-0000-000000000000/resourceGroups/cli_test_lb_address_pool_addresses000001/providers/Microsoft.Network/publicIPAddresses/PublicIPlb1\"\r\n
        \         },\r\n          \"privateIPAddressVersion\": \"IPv4\"\r\n        }\r\n
        \     }\r\n    ],\r\n    \"backendAddressPools\": [\r\n      {\r\n        \"name\":
        \"lb1bepool\",\r\n        \"id\": \"/subscriptions/00000000-0000-0000-0000-000000000000/resourceGroups/cli_test_lb_address_pool_addresses000001/providers/Microsoft.Network/loadBalancers/lb1/backendAddressPools/lb1bepool\",\r\n
        \       \"etag\": \"W/\\\"1eb35d3c-94dc-4979-84b5-8ef83c9fac60\\\"\",\r\n
        \       \"properties\": {\r\n          \"provisioningState\": \"Succeeded\",\r\n
        \         \"loadBalancerBackendAddresses\": []\r\n        },\r\n        \"type\":
        \"Microsoft.Network/loadBalancers/backendAddressPools\"\r\n      }\r\n    ],\r\n
        \   \"loadBalancingRules\": [],\r\n    \"probes\": [],\r\n    \"inboundNatRules\":
        [],\r\n    \"outboundRules\": [],\r\n    \"inboundNatPools\": []\r\n  },\r\n
        \ \"sku\": {\r\n    \"name\": \"Standard\",\r\n    \"tier\": \"Regional\"\r\n
        \ }\r\n}"
    headers:
      cache-control:
      - no-cache
      content-length:
      - '2213'
      content-type:
      - application/json; charset=utf-8
      date:
      - Mon, 30 Nov 2020 16:35:32 GMT
      etag:
      - W/"1eb35d3c-94dc-4979-84b5-8ef83c9fac60"
      expires:
      - '-1'
      pragma:
      - no-cache
      server:
      - Microsoft-HTTPAPI/2.0
      - Microsoft-HTTPAPI/2.0
      strict-transport-security:
      - max-age=31536000; includeSubDomains
      transfer-encoding:
      - chunked
      vary:
      - Accept-Encoding
      x-content-type-options:
      - nosniff
      x-ms-arm-service-request-id:
      - 18a0c12a-bd8f-4857-8867-df230d92888a
    status:
      code: 200
      message: OK
- request:
    body: '{"properties": {"loadBalancerBackendAddresses": [{"properties": {"virtualNetwork":
      {"id": "/subscriptions/00000000-0000-0000-0000-000000000000/resourceGroups/cli_test_lb_address_pool_addresses000001/providers/Microsoft.Network/virtualNetworks/clitestvnet",
      "properties": {"enableDdosProtection": false, "enableVmProtection": false}},
      "ipAddress": "10.0.0.1"}, "name": "addr1"}, {"properties": {"virtualNetwork":
      {"id": "/subscriptions/00000000-0000-0000-0000-000000000000/resourceGroups/cli_test_lb_address_pool_addresses000001/providers/Microsoft.Network/virtualNetworks/clitestvnet",
      "properties": {"enableDdosProtection": false, "enableVmProtection": false}},
      "ipAddress": "10.0.0.2"}, "name": "addr2"}, {"properties": {"virtualNetwork":
      {"id": "/subscriptions/00000000-0000-0000-0000-000000000000/resourceGroups/cli_test_lb_address_pool_addresses000001/providers/Microsoft.Network/virtualNetworks/clitestvnet",
      "properties": {"enableDdosProtection": false, "enableVmProtection": false}},
      "ipAddress": "10.0.0.3"}, "name": "addr3"}]}, "name": "bap1"}'
    headers:
      Accept:
      - application/json
      Accept-Encoding:
      - gzip, deflate
      CommandName:
      - network lb address-pool create
      Connection:
      - keep-alive
      Content-Length:
      - '1158'
      Content-Type:
      - application/json; charset=utf-8
      ParameterSetName:
      - -g --lb-name -n --vnet --backend-address --backend-address --backend-address
      User-Agent:
      - python/3.7.8 (Windows-10-10.0.19041-SP0) msrest/0.6.18 msrest_azure/0.6.3
        azure-mgmt-network/13.0.0 Azure-SDK-For-Python AZURECLI/2.15.1
      accept-language:
      - en-US
    method: PUT
    uri: https://management.azure.com/subscriptions/00000000-0000-0000-0000-000000000000/resourceGroups/cli_test_lb_address_pool_addresses000001/providers/Microsoft.Network/loadBalancers/lb1/backendAddressPools/bap1?api-version=2020-07-01
  response:
    body:
      string: "{\r\n  \"name\": \"bap1\",\r\n  \"id\": \"/subscriptions/00000000-0000-0000-0000-000000000000/resourceGroups/cli_test_lb_address_pool_addresses000001/providers/Microsoft.Network/loadBalancers/lb1/backendAddressPools/bap1\",\r\n
        \ \"etag\": \"W/\\\"160d91f2-e9b2-4554-be58-bf3de03e6c2f\\\"\",\r\n  \"properties\":
        {\r\n    \"provisioningState\": \"Updating\",\r\n    \"loadBalancerBackendAddresses\":
        [\r\n      {\r\n        \"name\": \"addr1\",\r\n        \"id\": \"/subscriptions/00000000-0000-0000-0000-000000000000/resourceGroups/cli_test_lb_address_pool_addresses000001/providers/Microsoft.Network/loadBalancers/lb1/backendAddressPools/bap1/loadBalancerBackendAddresses/addr1\",\r\n
        \       \"etag\": \"W/\\\"160d91f2-e9b2-4554-be58-bf3de03e6c2f\\\"\",\r\n
        \       \"properties\": {\r\n          \"provisioningState\": \"Updating\",\r\n
        \         \"ipAddress\": \"10.0.0.1\",\r\n          \"virtualNetwork\": {\r\n
        \           \"id\": \"/subscriptions/00000000-0000-0000-0000-000000000000/resourceGroups/cli_test_lb_address_pool_addresses000001/providers/Microsoft.Network/virtualNetworks/clitestvnet\"\r\n
        \         }\r\n        },\r\n        \"type\": \"Microsoft.Network/loadBalancers/backendAddressPools/loadBalancerBackendAddresses\"\r\n
        \     },\r\n      {\r\n        \"name\": \"addr2\",\r\n        \"id\": \"/subscriptions/00000000-0000-0000-0000-000000000000/resourceGroups/cli_test_lb_address_pool_addresses000001/providers/Microsoft.Network/loadBalancers/lb1/backendAddressPools/bap1/loadBalancerBackendAddresses/addr2\",\r\n
        \       \"etag\": \"W/\\\"160d91f2-e9b2-4554-be58-bf3de03e6c2f\\\"\",\r\n
        \       \"properties\": {\r\n          \"provisioningState\": \"Updating\",\r\n
        \         \"ipAddress\": \"10.0.0.2\",\r\n          \"virtualNetwork\": {\r\n
        \           \"id\": \"/subscriptions/00000000-0000-0000-0000-000000000000/resourceGroups/cli_test_lb_address_pool_addresses000001/providers/Microsoft.Network/virtualNetworks/clitestvnet\"\r\n
        \         }\r\n        },\r\n        \"type\": \"Microsoft.Network/loadBalancers/backendAddressPools/loadBalancerBackendAddresses\"\r\n
        \     },\r\n      {\r\n        \"name\": \"addr3\",\r\n        \"id\": \"/subscriptions/00000000-0000-0000-0000-000000000000/resourceGroups/cli_test_lb_address_pool_addresses000001/providers/Microsoft.Network/loadBalancers/lb1/backendAddressPools/bap1/loadBalancerBackendAddresses/addr3\",\r\n
        \       \"etag\": \"W/\\\"160d91f2-e9b2-4554-be58-bf3de03e6c2f\\\"\",\r\n
        \       \"properties\": {\r\n          \"provisioningState\": \"Updating\",\r\n
        \         \"ipAddress\": \"10.0.0.3\",\r\n          \"virtualNetwork\": {\r\n
        \           \"id\": \"/subscriptions/00000000-0000-0000-0000-000000000000/resourceGroups/cli_test_lb_address_pool_addresses000001/providers/Microsoft.Network/virtualNetworks/clitestvnet\"\r\n
        \         }\r\n        },\r\n        \"type\": \"Microsoft.Network/loadBalancers/backendAddressPools/loadBalancerBackendAddresses\"\r\n
        \     }\r\n    ]\r\n  },\r\n  \"type\": \"Microsoft.Network/loadBalancers/backendAddressPools\"\r\n}"
    headers:
      azure-asyncoperation:
      - https://management.azure.com/subscriptions/00000000-0000-0000-0000-000000000000/providers/Microsoft.Network/locations/westus/operations/4aad59e8-b9b4-462c-a156-2ccebee8f618?api-version=2020-07-01
      cache-control:
      - no-cache
      content-length:
      - '3047'
      content-type:
      - application/json; charset=utf-8
      date:
      - Mon, 30 Nov 2020 16:35:33 GMT
      expires:
      - '-1'
      pragma:
      - no-cache
      server:
      - Microsoft-HTTPAPI/2.0
      - Microsoft-HTTPAPI/2.0
      strict-transport-security:
      - max-age=31536000; includeSubDomains
      x-content-type-options:
      - nosniff
      x-ms-arm-service-request-id:
      - 3476dd21-8bf3-4336-8e0f-04bb034d280c
      x-ms-ratelimit-remaining-subscription-writes:
      - '1185'
    status:
      code: 201
      message: Created
- request:
    body: null
    headers:
      Accept:
      - application/json
      Accept-Encoding:
      - gzip, deflate
      CommandName:
      - network lb address-pool create
      Connection:
      - keep-alive
      ParameterSetName:
      - -g --lb-name -n --vnet --backend-address --backend-address --backend-address
      User-Agent:
      - python/3.7.8 (Windows-10-10.0.19041-SP0) msrest/0.6.18 msrest_azure/0.6.3
        azure-mgmt-network/13.0.0 Azure-SDK-For-Python AZURECLI/2.15.1
    method: GET
    uri: https://management.azure.com/subscriptions/00000000-0000-0000-0000-000000000000/providers/Microsoft.Network/locations/westus/operations/4aad59e8-b9b4-462c-a156-2ccebee8f618?api-version=2020-07-01
  response:
    body:
      string: "{\r\n  \"status\": \"Succeeded\"\r\n}"
    headers:
      cache-control:
      - no-cache
      content-length:
      - '29'
      content-type:
      - application/json; charset=utf-8
      date:
      - Mon, 30 Nov 2020 16:35:45 GMT
      expires:
      - '-1'
      pragma:
      - no-cache
      server:
      - Microsoft-HTTPAPI/2.0
      - Microsoft-HTTPAPI/2.0
      strict-transport-security:
      - max-age=31536000; includeSubDomains
      transfer-encoding:
      - chunked
      vary:
      - Accept-Encoding
      x-content-type-options:
      - nosniff
      x-ms-arm-service-request-id:
      - 47018a73-d71b-4d18-ace2-1e649e5800cb
    status:
      code: 200
      message: OK
- request:
    body: null
    headers:
      Accept:
      - application/json
      Accept-Encoding:
      - gzip, deflate
      CommandName:
      - network lb address-pool create
      Connection:
      - keep-alive
      ParameterSetName:
      - -g --lb-name -n --vnet --backend-address --backend-address --backend-address
      User-Agent:
      - python/3.7.8 (Windows-10-10.0.19041-SP0) msrest/0.6.18 msrest_azure/0.6.3
        azure-mgmt-network/13.0.0 Azure-SDK-For-Python AZURECLI/2.15.1
    method: GET
    uri: https://management.azure.com/subscriptions/00000000-0000-0000-0000-000000000000/resourceGroups/cli_test_lb_address_pool_addresses000001/providers/Microsoft.Network/loadBalancers/lb1/backendAddressPools/bap1?api-version=2020-07-01
  response:
    body:
      string: "{\r\n  \"name\": \"bap1\",\r\n  \"id\": \"/subscriptions/00000000-0000-0000-0000-000000000000/resourceGroups/cli_test_lb_address_pool_addresses000001/providers/Microsoft.Network/loadBalancers/lb1/backendAddressPools/bap1\",\r\n
        \ \"etag\": \"W/\\\"1e87519a-71b3-400f-b3f1-0b201f4f5862\\\"\",\r\n  \"properties\":
        {\r\n    \"provisioningState\": \"Succeeded\",\r\n    \"loadBalancerBackendAddresses\":
        [\r\n      {\r\n        \"name\": \"addr1\",\r\n        \"id\": \"/subscriptions/00000000-0000-0000-0000-000000000000/resourceGroups/cli_test_lb_address_pool_addresses000001/providers/Microsoft.Network/loadBalancers/lb1/backendAddressPools/bap1/loadBalancerBackendAddresses/addr1\",\r\n
        \       \"etag\": \"W/\\\"1e87519a-71b3-400f-b3f1-0b201f4f5862\\\"\",\r\n
        \       \"properties\": {\r\n          \"provisioningState\": \"Succeeded\",\r\n
        \         \"ipAddress\": \"10.0.0.1\",\r\n          \"virtualNetwork\": {\r\n
        \           \"id\": \"/subscriptions/00000000-0000-0000-0000-000000000000/resourceGroups/cli_test_lb_address_pool_addresses000001/providers/Microsoft.Network/virtualNetworks/clitestvnet\"\r\n
        \         }\r\n        },\r\n        \"type\": \"Microsoft.Network/loadBalancers/backendAddressPools/loadBalancerBackendAddresses\"\r\n
        \     },\r\n      {\r\n        \"name\": \"addr2\",\r\n        \"id\": \"/subscriptions/00000000-0000-0000-0000-000000000000/resourceGroups/cli_test_lb_address_pool_addresses000001/providers/Microsoft.Network/loadBalancers/lb1/backendAddressPools/bap1/loadBalancerBackendAddresses/addr2\",\r\n
        \       \"etag\": \"W/\\\"1e87519a-71b3-400f-b3f1-0b201f4f5862\\\"\",\r\n
        \       \"properties\": {\r\n          \"provisioningState\": \"Succeeded\",\r\n
        \         \"ipAddress\": \"10.0.0.2\",\r\n          \"virtualNetwork\": {\r\n
        \           \"id\": \"/subscriptions/00000000-0000-0000-0000-000000000000/resourceGroups/cli_test_lb_address_pool_addresses000001/providers/Microsoft.Network/virtualNetworks/clitestvnet\"\r\n
        \         }\r\n        },\r\n        \"type\": \"Microsoft.Network/loadBalancers/backendAddressPools/loadBalancerBackendAddresses\"\r\n
        \     },\r\n      {\r\n        \"name\": \"addr3\",\r\n        \"id\": \"/subscriptions/00000000-0000-0000-0000-000000000000/resourceGroups/cli_test_lb_address_pool_addresses000001/providers/Microsoft.Network/loadBalancers/lb1/backendAddressPools/bap1/loadBalancerBackendAddresses/addr3\",\r\n
        \       \"etag\": \"W/\\\"1e87519a-71b3-400f-b3f1-0b201f4f5862\\\"\",\r\n
        \       \"properties\": {\r\n          \"provisioningState\": \"Succeeded\",\r\n
        \         \"ipAddress\": \"10.0.0.3\",\r\n          \"virtualNetwork\": {\r\n
        \           \"id\": \"/subscriptions/00000000-0000-0000-0000-000000000000/resourceGroups/cli_test_lb_address_pool_addresses000001/providers/Microsoft.Network/virtualNetworks/clitestvnet\"\r\n
        \         }\r\n        },\r\n        \"type\": \"Microsoft.Network/loadBalancers/backendAddressPools/loadBalancerBackendAddresses\"\r\n
        \     }\r\n    ]\r\n  },\r\n  \"type\": \"Microsoft.Network/loadBalancers/backendAddressPools\"\r\n}"
    headers:
      cache-control:
      - no-cache
      content-length:
      - '3051'
      content-type:
      - application/json; charset=utf-8
      date:
      - Mon, 30 Nov 2020 16:35:45 GMT
      etag:
      - W/"1e87519a-71b3-400f-b3f1-0b201f4f5862"
      expires:
      - '-1'
      pragma:
      - no-cache
      server:
      - Microsoft-HTTPAPI/2.0
      - Microsoft-HTTPAPI/2.0
      strict-transport-security:
      - max-age=31536000; includeSubDomains
      transfer-encoding:
      - chunked
      vary:
      - Accept-Encoding
      x-content-type-options:
      - nosniff
      x-ms-arm-service-request-id:
      - 5b2cee01-1ed4-403f-ac04-afc9b443752a
    status:
      code: 200
      message: OK
- request:
    body: null
    headers:
      Accept:
      - application/json
      Accept-Encoding:
      - gzip, deflate
      CommandName:
      - network lb address-pool address add
      Connection:
      - keep-alive
      ParameterSetName:
      - -g --lb-name --pool-name --name --vnet --ip-address
      User-Agent:
      - python/3.7.8 (Windows-10-10.0.19041-SP0) msrest/0.6.18 msrest_azure/0.6.3
        azure-mgmt-network/13.0.0 Azure-SDK-For-Python AZURECLI/2.15.1
      accept-language:
      - en-US
    method: GET
    uri: https://management.azure.com/subscriptions/00000000-0000-0000-0000-000000000000/resourceGroups/cli_test_lb_address_pool_addresses000001/providers/Microsoft.Network/loadBalancers/lb1/backendAddressPools/bap1?api-version=2020-07-01
  response:
    body:
      string: "{\r\n  \"name\": \"bap1\",\r\n  \"id\": \"/subscriptions/00000000-0000-0000-0000-000000000000/resourceGroups/cli_test_lb_address_pool_addresses000001/providers/Microsoft.Network/loadBalancers/lb1/backendAddressPools/bap1\",\r\n
        \ \"etag\": \"W/\\\"1e87519a-71b3-400f-b3f1-0b201f4f5862\\\"\",\r\n  \"properties\":
        {\r\n    \"provisioningState\": \"Succeeded\",\r\n    \"loadBalancerBackendAddresses\":
        [\r\n      {\r\n        \"name\": \"addr1\",\r\n        \"id\": \"/subscriptions/00000000-0000-0000-0000-000000000000/resourceGroups/cli_test_lb_address_pool_addresses000001/providers/Microsoft.Network/loadBalancers/lb1/backendAddressPools/bap1/loadBalancerBackendAddresses/addr1\",\r\n
        \       \"etag\": \"W/\\\"1e87519a-71b3-400f-b3f1-0b201f4f5862\\\"\",\r\n
        \       \"properties\": {\r\n          \"provisioningState\": \"Succeeded\",\r\n
        \         \"ipAddress\": \"10.0.0.1\",\r\n          \"virtualNetwork\": {\r\n
        \           \"id\": \"/subscriptions/00000000-0000-0000-0000-000000000000/resourceGroups/cli_test_lb_address_pool_addresses000001/providers/Microsoft.Network/virtualNetworks/clitestvnet\"\r\n
        \         }\r\n        },\r\n        \"type\": \"Microsoft.Network/loadBalancers/backendAddressPools/loadBalancerBackendAddresses\"\r\n
        \     },\r\n      {\r\n        \"name\": \"addr2\",\r\n        \"id\": \"/subscriptions/00000000-0000-0000-0000-000000000000/resourceGroups/cli_test_lb_address_pool_addresses000001/providers/Microsoft.Network/loadBalancers/lb1/backendAddressPools/bap1/loadBalancerBackendAddresses/addr2\",\r\n
        \       \"etag\": \"W/\\\"1e87519a-71b3-400f-b3f1-0b201f4f5862\\\"\",\r\n
        \       \"properties\": {\r\n          \"provisioningState\": \"Succeeded\",\r\n
        \         \"ipAddress\": \"10.0.0.2\",\r\n          \"virtualNetwork\": {\r\n
        \           \"id\": \"/subscriptions/00000000-0000-0000-0000-000000000000/resourceGroups/cli_test_lb_address_pool_addresses000001/providers/Microsoft.Network/virtualNetworks/clitestvnet\"\r\n
        \         }\r\n        },\r\n        \"type\": \"Microsoft.Network/loadBalancers/backendAddressPools/loadBalancerBackendAddresses\"\r\n
        \     },\r\n      {\r\n        \"name\": \"addr3\",\r\n        \"id\": \"/subscriptions/00000000-0000-0000-0000-000000000000/resourceGroups/cli_test_lb_address_pool_addresses000001/providers/Microsoft.Network/loadBalancers/lb1/backendAddressPools/bap1/loadBalancerBackendAddresses/addr3\",\r\n
        \       \"etag\": \"W/\\\"1e87519a-71b3-400f-b3f1-0b201f4f5862\\\"\",\r\n
        \       \"properties\": {\r\n          \"provisioningState\": \"Succeeded\",\r\n
        \         \"ipAddress\": \"10.0.0.3\",\r\n          \"virtualNetwork\": {\r\n
        \           \"id\": \"/subscriptions/00000000-0000-0000-0000-000000000000/resourceGroups/cli_test_lb_address_pool_addresses000001/providers/Microsoft.Network/virtualNetworks/clitestvnet\"\r\n
        \         }\r\n        },\r\n        \"type\": \"Microsoft.Network/loadBalancers/backendAddressPools/loadBalancerBackendAddresses\"\r\n
        \     }\r\n    ]\r\n  },\r\n  \"type\": \"Microsoft.Network/loadBalancers/backendAddressPools\"\r\n}"
    headers:
      cache-control:
      - no-cache
      content-length:
      - '3051'
      content-type:
      - application/json; charset=utf-8
      date:
      - Mon, 30 Nov 2020 16:35:48 GMT
      etag:
      - W/"1e87519a-71b3-400f-b3f1-0b201f4f5862"
      expires:
      - '-1'
      pragma:
      - no-cache
      server:
      - Microsoft-HTTPAPI/2.0
      - Microsoft-HTTPAPI/2.0
      strict-transport-security:
      - max-age=31536000; includeSubDomains
      transfer-encoding:
      - chunked
      vary:
      - Accept-Encoding
      x-content-type-options:
      - nosniff
      x-ms-arm-service-request-id:
      - fa6e8598-2544-4dea-b99e-1a71845d8bf2
    status:
      code: 200
      message: OK
- request:
    body: '{"id": "/subscriptions/00000000-0000-0000-0000-000000000000/resourceGroups/cli_test_lb_address_pool_addresses000001/providers/Microsoft.Network/loadBalancers/lb1/backendAddressPools/bap1",
      "properties": {"loadBalancerBackendAddresses": [{"properties": {"virtualNetwork":
      {"id": "/subscriptions/00000000-0000-0000-0000-000000000000/resourceGroups/cli_test_lb_address_pool_addresses000001/providers/Microsoft.Network/virtualNetworks/clitestvnet"},
      "ipAddress": "10.0.0.1"}, "name": "addr1"}, {"properties": {"virtualNetwork":
      {"id": "/subscriptions/00000000-0000-0000-0000-000000000000/resourceGroups/cli_test_lb_address_pool_addresses000001/providers/Microsoft.Network/virtualNetworks/clitestvnet"},
      "ipAddress": "10.0.0.2"}, "name": "addr2"}, {"properties": {"virtualNetwork":
      {"id": "/subscriptions/00000000-0000-0000-0000-000000000000/resourceGroups/cli_test_lb_address_pool_addresses000001/providers/Microsoft.Network/virtualNetworks/clitestvnet"},
      "ipAddress": "10.0.0.3"}, "name": "addr3"}, {"properties": {"virtualNetwork":
      {"id": "/subscriptions/00000000-0000-0000-0000-000000000000/resourceGroups/cli_test_lb_address_pool_addresses000001/providers/Microsoft.Network/virtualNetworks/clitestvnet",
      "properties": {"enableDdosProtection": false, "enableVmProtection": false}},
      "ipAddress": "10.0.0.6"}, "name": "addr6"}]}, "name": "bap1"}'
    headers:
      Accept:
      - application/json
      Accept-Encoding:
      - gzip, deflate
      CommandName:
      - network lb address-pool address add
      Connection:
      - keep-alive
      Content-Length:
      - '1517'
      Content-Type:
      - application/json; charset=utf-8
      ParameterSetName:
      - -g --lb-name --pool-name --name --vnet --ip-address
      User-Agent:
      - python/3.7.8 (Windows-10-10.0.19041-SP0) msrest/0.6.18 msrest_azure/0.6.3
        azure-mgmt-network/13.0.0 Azure-SDK-For-Python AZURECLI/2.15.1
      accept-language:
      - en-US
    method: PUT
    uri: https://management.azure.com/subscriptions/00000000-0000-0000-0000-000000000000/resourceGroups/cli_test_lb_address_pool_addresses000001/providers/Microsoft.Network/loadBalancers/lb1/backendAddressPools/bap1?api-version=2020-07-01
  response:
    body:
      string: "{\r\n  \"name\": \"bap1\",\r\n  \"id\": \"/subscriptions/00000000-0000-0000-0000-000000000000/resourceGroups/cli_test_lb_address_pool_addresses000001/providers/Microsoft.Network/loadBalancers/lb1/backendAddressPools/bap1\",\r\n
        \ \"etag\": \"W/\\\"3f0eca9b-cd06-40d2-8500-72e3725eb55c\\\"\",\r\n  \"properties\":
        {\r\n    \"provisioningState\": \"Updating\",\r\n    \"loadBalancerBackendAddresses\":
        [\r\n      {\r\n        \"name\": \"addr1\",\r\n        \"id\": \"/subscriptions/00000000-0000-0000-0000-000000000000/resourceGroups/cli_test_lb_address_pool_addresses000001/providers/Microsoft.Network/loadBalancers/lb1/backendAddressPools/bap1/loadBalancerBackendAddresses/addr1\",\r\n
        \       \"etag\": \"W/\\\"3f0eca9b-cd06-40d2-8500-72e3725eb55c\\\"\",\r\n
        \       \"properties\": {\r\n          \"provisioningState\": \"Updating\",\r\n
        \         \"ipAddress\": \"10.0.0.1\",\r\n          \"virtualNetwork\": {\r\n
        \           \"id\": \"/subscriptions/00000000-0000-0000-0000-000000000000/resourceGroups/cli_test_lb_address_pool_addresses000001/providers/Microsoft.Network/virtualNetworks/clitestvnet\"\r\n
        \         }\r\n        },\r\n        \"type\": \"Microsoft.Network/loadBalancers/backendAddressPools/loadBalancerBackendAddresses\"\r\n
        \     },\r\n      {\r\n        \"name\": \"addr2\",\r\n        \"id\": \"/subscriptions/00000000-0000-0000-0000-000000000000/resourceGroups/cli_test_lb_address_pool_addresses000001/providers/Microsoft.Network/loadBalancers/lb1/backendAddressPools/bap1/loadBalancerBackendAddresses/addr2\",\r\n
        \       \"etag\": \"W/\\\"3f0eca9b-cd06-40d2-8500-72e3725eb55c\\\"\",\r\n
        \       \"properties\": {\r\n          \"provisioningState\": \"Updating\",\r\n
        \         \"ipAddress\": \"10.0.0.2\",\r\n          \"virtualNetwork\": {\r\n
        \           \"id\": \"/subscriptions/00000000-0000-0000-0000-000000000000/resourceGroups/cli_test_lb_address_pool_addresses000001/providers/Microsoft.Network/virtualNetworks/clitestvnet\"\r\n
        \         }\r\n        },\r\n        \"type\": \"Microsoft.Network/loadBalancers/backendAddressPools/loadBalancerBackendAddresses\"\r\n
        \     },\r\n      {\r\n        \"name\": \"addr3\",\r\n        \"id\": \"/subscriptions/00000000-0000-0000-0000-000000000000/resourceGroups/cli_test_lb_address_pool_addresses000001/providers/Microsoft.Network/loadBalancers/lb1/backendAddressPools/bap1/loadBalancerBackendAddresses/addr3\",\r\n
        \       \"etag\": \"W/\\\"3f0eca9b-cd06-40d2-8500-72e3725eb55c\\\"\",\r\n
        \       \"properties\": {\r\n          \"provisioningState\": \"Updating\",\r\n
        \         \"ipAddress\": \"10.0.0.3\",\r\n          \"virtualNetwork\": {\r\n
        \           \"id\": \"/subscriptions/00000000-0000-0000-0000-000000000000/resourceGroups/cli_test_lb_address_pool_addresses000001/providers/Microsoft.Network/virtualNetworks/clitestvnet\"\r\n
        \         }\r\n        },\r\n        \"type\": \"Microsoft.Network/loadBalancers/backendAddressPools/loadBalancerBackendAddresses\"\r\n
        \     },\r\n      {\r\n        \"name\": \"addr6\",\r\n        \"id\": \"/subscriptions/00000000-0000-0000-0000-000000000000/resourceGroups/cli_test_lb_address_pool_addresses000001/providers/Microsoft.Network/loadBalancers/lb1/backendAddressPools/bap1/loadBalancerBackendAddresses/addr6\",\r\n
        \       \"etag\": \"W/\\\"3f0eca9b-cd06-40d2-8500-72e3725eb55c\\\"\",\r\n
        \       \"properties\": {\r\n          \"provisioningState\": \"Updating\",\r\n
        \         \"ipAddress\": \"10.0.0.6\",\r\n          \"virtualNetwork\": {\r\n
        \           \"id\": \"/subscriptions/00000000-0000-0000-0000-000000000000/resourceGroups/cli_test_lb_address_pool_addresses000001/providers/Microsoft.Network/virtualNetworks/clitestvnet\"\r\n
        \         }\r\n        },\r\n        \"type\": \"Microsoft.Network/loadBalancers/backendAddressPools/loadBalancerBackendAddresses\"\r\n
        \     }\r\n    ]\r\n  },\r\n  \"type\": \"Microsoft.Network/loadBalancers/backendAddressPools\"\r\n}"
    headers:
      azure-asyncoperation:
      - https://management.azure.com/subscriptions/00000000-0000-0000-0000-000000000000/providers/Microsoft.Network/locations/westus/operations/9161ea4c-a298-47f4-a20a-0b0e96fd19aa?api-version=2020-07-01
      cache-control:
      - no-cache
      content-length:
      - '3903'
      content-type:
      - application/json; charset=utf-8
      date:
      - Mon, 30 Nov 2020 16:35:48 GMT
      expires:
      - '-1'
      pragma:
      - no-cache
      server:
      - Microsoft-HTTPAPI/2.0
      - Microsoft-HTTPAPI/2.0
      strict-transport-security:
      - max-age=31536000; includeSubDomains
      transfer-encoding:
      - chunked
      vary:
      - Accept-Encoding
      x-content-type-options:
      - nosniff
      x-ms-arm-service-request-id:
      - f2a29b9c-34df-49d4-9afd-e5e79244e777
      x-ms-ratelimit-remaining-subscription-writes:
      - '1182'
    status:
      code: 200
      message: OK
- request:
    body: null
    headers:
      Accept:
      - application/json
      Accept-Encoding:
      - gzip, deflate
      CommandName:
      - network lb address-pool address add
      Connection:
      - keep-alive
      ParameterSetName:
      - -g --lb-name --pool-name --name --vnet --ip-address
      User-Agent:
      - python/3.7.8 (Windows-10-10.0.19041-SP0) msrest/0.6.18 msrest_azure/0.6.3
        azure-mgmt-network/13.0.0 Azure-SDK-For-Python AZURECLI/2.15.1
    method: GET
    uri: https://management.azure.com/subscriptions/00000000-0000-0000-0000-000000000000/providers/Microsoft.Network/locations/westus/operations/9161ea4c-a298-47f4-a20a-0b0e96fd19aa?api-version=2020-07-01
  response:
    body:
      string: "{\r\n  \"status\": \"Succeeded\"\r\n}"
    headers:
      cache-control:
      - no-cache
      content-length:
      - '29'
      content-type:
      - application/json; charset=utf-8
      date:
      - Mon, 30 Nov 2020 16:35:59 GMT
      expires:
      - '-1'
      pragma:
      - no-cache
      server:
      - Microsoft-HTTPAPI/2.0
      - Microsoft-HTTPAPI/2.0
      strict-transport-security:
      - max-age=31536000; includeSubDomains
      transfer-encoding:
      - chunked
      vary:
      - Accept-Encoding
      x-content-type-options:
      - nosniff
      x-ms-arm-service-request-id:
      - 3fee949f-f6e3-4435-b96d-d2af9eef9fd2
    status:
      code: 200
      message: OK
- request:
    body: null
    headers:
      Accept:
      - application/json
      Accept-Encoding:
      - gzip, deflate
      CommandName:
      - network lb address-pool address add
      Connection:
      - keep-alive
      ParameterSetName:
      - -g --lb-name --pool-name --name --vnet --ip-address
      User-Agent:
      - python/3.7.8 (Windows-10-10.0.19041-SP0) msrest/0.6.18 msrest_azure/0.6.3
        azure-mgmt-network/13.0.0 Azure-SDK-For-Python AZURECLI/2.15.1
    method: GET
    uri: https://management.azure.com/subscriptions/00000000-0000-0000-0000-000000000000/resourceGroups/cli_test_lb_address_pool_addresses000001/providers/Microsoft.Network/loadBalancers/lb1/backendAddressPools/bap1?api-version=2020-07-01
  response:
    body:
      string: "{\r\n  \"name\": \"bap1\",\r\n  \"id\": \"/subscriptions/00000000-0000-0000-0000-000000000000/resourceGroups/cli_test_lb_address_pool_addresses000001/providers/Microsoft.Network/loadBalancers/lb1/backendAddressPools/bap1\",\r\n
        \ \"etag\": \"W/\\\"302fc685-c258-4b75-9dfe-df9b83e0e57c\\\"\",\r\n  \"properties\":
        {\r\n    \"provisioningState\": \"Succeeded\",\r\n    \"loadBalancerBackendAddresses\":
        [\r\n      {\r\n        \"name\": \"addr1\",\r\n        \"id\": \"/subscriptions/00000000-0000-0000-0000-000000000000/resourceGroups/cli_test_lb_address_pool_addresses000001/providers/Microsoft.Network/loadBalancers/lb1/backendAddressPools/bap1/loadBalancerBackendAddresses/addr1\",\r\n
        \       \"etag\": \"W/\\\"302fc685-c258-4b75-9dfe-df9b83e0e57c\\\"\",\r\n
        \       \"properties\": {\r\n          \"provisioningState\": \"Succeeded\",\r\n
        \         \"ipAddress\": \"10.0.0.1\",\r\n          \"virtualNetwork\": {\r\n
        \           \"id\": \"/subscriptions/00000000-0000-0000-0000-000000000000/resourceGroups/cli_test_lb_address_pool_addresses000001/providers/Microsoft.Network/virtualNetworks/clitestvnet\"\r\n
        \         }\r\n        },\r\n        \"type\": \"Microsoft.Network/loadBalancers/backendAddressPools/loadBalancerBackendAddresses\"\r\n
        \     },\r\n      {\r\n        \"name\": \"addr2\",\r\n        \"id\": \"/subscriptions/00000000-0000-0000-0000-000000000000/resourceGroups/cli_test_lb_address_pool_addresses000001/providers/Microsoft.Network/loadBalancers/lb1/backendAddressPools/bap1/loadBalancerBackendAddresses/addr2\",\r\n
        \       \"etag\": \"W/\\\"302fc685-c258-4b75-9dfe-df9b83e0e57c\\\"\",\r\n
        \       \"properties\": {\r\n          \"provisioningState\": \"Succeeded\",\r\n
        \         \"ipAddress\": \"10.0.0.2\",\r\n          \"virtualNetwork\": {\r\n
        \           \"id\": \"/subscriptions/00000000-0000-0000-0000-000000000000/resourceGroups/cli_test_lb_address_pool_addresses000001/providers/Microsoft.Network/virtualNetworks/clitestvnet\"\r\n
        \         }\r\n        },\r\n        \"type\": \"Microsoft.Network/loadBalancers/backendAddressPools/loadBalancerBackendAddresses\"\r\n
        \     },\r\n      {\r\n        \"name\": \"addr3\",\r\n        \"id\": \"/subscriptions/00000000-0000-0000-0000-000000000000/resourceGroups/cli_test_lb_address_pool_addresses000001/providers/Microsoft.Network/loadBalancers/lb1/backendAddressPools/bap1/loadBalancerBackendAddresses/addr3\",\r\n
        \       \"etag\": \"W/\\\"302fc685-c258-4b75-9dfe-df9b83e0e57c\\\"\",\r\n
        \       \"properties\": {\r\n          \"provisioningState\": \"Succeeded\",\r\n
        \         \"ipAddress\": \"10.0.0.3\",\r\n          \"virtualNetwork\": {\r\n
        \           \"id\": \"/subscriptions/00000000-0000-0000-0000-000000000000/resourceGroups/cli_test_lb_address_pool_addresses000001/providers/Microsoft.Network/virtualNetworks/clitestvnet\"\r\n
        \         }\r\n        },\r\n        \"type\": \"Microsoft.Network/loadBalancers/backendAddressPools/loadBalancerBackendAddresses\"\r\n
        \     },\r\n      {\r\n        \"name\": \"addr6\",\r\n        \"id\": \"/subscriptions/00000000-0000-0000-0000-000000000000/resourceGroups/cli_test_lb_address_pool_addresses000001/providers/Microsoft.Network/loadBalancers/lb1/backendAddressPools/bap1/loadBalancerBackendAddresses/addr6\",\r\n
        \       \"etag\": \"W/\\\"302fc685-c258-4b75-9dfe-df9b83e0e57c\\\"\",\r\n
        \       \"properties\": {\r\n          \"provisioningState\": \"Succeeded\",\r\n
        \         \"ipAddress\": \"10.0.0.6\",\r\n          \"virtualNetwork\": {\r\n
        \           \"id\": \"/subscriptions/00000000-0000-0000-0000-000000000000/resourceGroups/cli_test_lb_address_pool_addresses000001/providers/Microsoft.Network/virtualNetworks/clitestvnet\"\r\n
        \         }\r\n        },\r\n        \"type\": \"Microsoft.Network/loadBalancers/backendAddressPools/loadBalancerBackendAddresses\"\r\n
        \     }\r\n    ]\r\n  },\r\n  \"type\": \"Microsoft.Network/loadBalancers/backendAddressPools\"\r\n}"
    headers:
      cache-control:
      - no-cache
      content-length:
      - '3908'
      content-type:
      - application/json; charset=utf-8
      date:
      - Mon, 30 Nov 2020 16:36:00 GMT
      etag:
      - W/"302fc685-c258-4b75-9dfe-df9b83e0e57c"
      expires:
      - '-1'
      pragma:
      - no-cache
      server:
      - Microsoft-HTTPAPI/2.0
      - Microsoft-HTTPAPI/2.0
      strict-transport-security:
      - max-age=31536000; includeSubDomains
      transfer-encoding:
      - chunked
      vary:
      - Accept-Encoding
      x-content-type-options:
      - nosniff
      x-ms-arm-service-request-id:
      - 43a55b46-ddb2-44ad-9b8b-cd1bb8f4da33
    status:
      code: 200
      message: OK
- request:
    body: null
    headers:
      Accept:
      - application/json
      Accept-Encoding:
      - gzip, deflate
      CommandName:
      - network lb address-pool address remove
      Connection:
      - keep-alive
      ParameterSetName:
      - -g --lb-name --pool-name --name
      User-Agent:
      - python/3.7.8 (Windows-10-10.0.19041-SP0) msrest/0.6.18 msrest_azure/0.6.3
        azure-mgmt-network/13.0.0 Azure-SDK-For-Python AZURECLI/2.15.1
      accept-language:
      - en-US
    method: GET
    uri: https://management.azure.com/subscriptions/00000000-0000-0000-0000-000000000000/resourceGroups/cli_test_lb_address_pool_addresses000001/providers/Microsoft.Network/loadBalancers/lb1/backendAddressPools/bap1?api-version=2020-07-01
  response:
    body:
      string: "{\r\n  \"name\": \"bap1\",\r\n  \"id\": \"/subscriptions/00000000-0000-0000-0000-000000000000/resourceGroups/cli_test_lb_address_pool_addresses000001/providers/Microsoft.Network/loadBalancers/lb1/backendAddressPools/bap1\",\r\n
        \ \"etag\": \"W/\\\"302fc685-c258-4b75-9dfe-df9b83e0e57c\\\"\",\r\n  \"properties\":
        {\r\n    \"provisioningState\": \"Succeeded\",\r\n    \"loadBalancerBackendAddresses\":
        [\r\n      {\r\n        \"name\": \"addr1\",\r\n        \"id\": \"/subscriptions/00000000-0000-0000-0000-000000000000/resourceGroups/cli_test_lb_address_pool_addresses000001/providers/Microsoft.Network/loadBalancers/lb1/backendAddressPools/bap1/loadBalancerBackendAddresses/addr1\",\r\n
        \       \"etag\": \"W/\\\"302fc685-c258-4b75-9dfe-df9b83e0e57c\\\"\",\r\n
        \       \"properties\": {\r\n          \"provisioningState\": \"Succeeded\",\r\n
        \         \"ipAddress\": \"10.0.0.1\",\r\n          \"virtualNetwork\": {\r\n
        \           \"id\": \"/subscriptions/00000000-0000-0000-0000-000000000000/resourceGroups/cli_test_lb_address_pool_addresses000001/providers/Microsoft.Network/virtualNetworks/clitestvnet\"\r\n
        \         }\r\n        },\r\n        \"type\": \"Microsoft.Network/loadBalancers/backendAddressPools/loadBalancerBackendAddresses\"\r\n
        \     },\r\n      {\r\n        \"name\": \"addr2\",\r\n        \"id\": \"/subscriptions/00000000-0000-0000-0000-000000000000/resourceGroups/cli_test_lb_address_pool_addresses000001/providers/Microsoft.Network/loadBalancers/lb1/backendAddressPools/bap1/loadBalancerBackendAddresses/addr2\",\r\n
        \       \"etag\": \"W/\\\"302fc685-c258-4b75-9dfe-df9b83e0e57c\\\"\",\r\n
        \       \"properties\": {\r\n          \"provisioningState\": \"Succeeded\",\r\n
        \         \"ipAddress\": \"10.0.0.2\",\r\n          \"virtualNetwork\": {\r\n
        \           \"id\": \"/subscriptions/00000000-0000-0000-0000-000000000000/resourceGroups/cli_test_lb_address_pool_addresses000001/providers/Microsoft.Network/virtualNetworks/clitestvnet\"\r\n
        \         }\r\n        },\r\n        \"type\": \"Microsoft.Network/loadBalancers/backendAddressPools/loadBalancerBackendAddresses\"\r\n
        \     },\r\n      {\r\n        \"name\": \"addr3\",\r\n        \"id\": \"/subscriptions/00000000-0000-0000-0000-000000000000/resourceGroups/cli_test_lb_address_pool_addresses000001/providers/Microsoft.Network/loadBalancers/lb1/backendAddressPools/bap1/loadBalancerBackendAddresses/addr3\",\r\n
        \       \"etag\": \"W/\\\"302fc685-c258-4b75-9dfe-df9b83e0e57c\\\"\",\r\n
        \       \"properties\": {\r\n          \"provisioningState\": \"Succeeded\",\r\n
        \         \"ipAddress\": \"10.0.0.3\",\r\n          \"virtualNetwork\": {\r\n
        \           \"id\": \"/subscriptions/00000000-0000-0000-0000-000000000000/resourceGroups/cli_test_lb_address_pool_addresses000001/providers/Microsoft.Network/virtualNetworks/clitestvnet\"\r\n
        \         }\r\n        },\r\n        \"type\": \"Microsoft.Network/loadBalancers/backendAddressPools/loadBalancerBackendAddresses\"\r\n
        \     },\r\n      {\r\n        \"name\": \"addr6\",\r\n        \"id\": \"/subscriptions/00000000-0000-0000-0000-000000000000/resourceGroups/cli_test_lb_address_pool_addresses000001/providers/Microsoft.Network/loadBalancers/lb1/backendAddressPools/bap1/loadBalancerBackendAddresses/addr6\",\r\n
        \       \"etag\": \"W/\\\"302fc685-c258-4b75-9dfe-df9b83e0e57c\\\"\",\r\n
        \       \"properties\": {\r\n          \"provisioningState\": \"Succeeded\",\r\n
        \         \"ipAddress\": \"10.0.0.6\",\r\n          \"virtualNetwork\": {\r\n
        \           \"id\": \"/subscriptions/00000000-0000-0000-0000-000000000000/resourceGroups/cli_test_lb_address_pool_addresses000001/providers/Microsoft.Network/virtualNetworks/clitestvnet\"\r\n
        \         }\r\n        },\r\n        \"type\": \"Microsoft.Network/loadBalancers/backendAddressPools/loadBalancerBackendAddresses\"\r\n
        \     }\r\n    ]\r\n  },\r\n  \"type\": \"Microsoft.Network/loadBalancers/backendAddressPools\"\r\n}"
    headers:
      cache-control:
      - no-cache
      content-length:
      - '3908'
      content-type:
      - application/json; charset=utf-8
      date:
      - Mon, 30 Nov 2020 16:36:03 GMT
      etag:
      - W/"302fc685-c258-4b75-9dfe-df9b83e0e57c"
      expires:
      - '-1'
      pragma:
      - no-cache
      server:
      - Microsoft-HTTPAPI/2.0
      - Microsoft-HTTPAPI/2.0
      strict-transport-security:
      - max-age=31536000; includeSubDomains
      transfer-encoding:
      - chunked
      vary:
      - Accept-Encoding
      x-content-type-options:
      - nosniff
      x-ms-arm-service-request-id:
      - c3742a1b-8a65-470c-9ae2-af37ba868f55
    status:
      code: 200
      message: OK
- request:
    body: '{"id": "/subscriptions/00000000-0000-0000-0000-000000000000/resourceGroups/cli_test_lb_address_pool_addresses000001/providers/Microsoft.Network/loadBalancers/lb1/backendAddressPools/bap1",
      "properties": {"loadBalancerBackendAddresses": [{"properties": {"virtualNetwork":
      {"id": "/subscriptions/00000000-0000-0000-0000-000000000000/resourceGroups/cli_test_lb_address_pool_addresses000001/providers/Microsoft.Network/virtualNetworks/clitestvnet"},
      "ipAddress": "10.0.0.1"}, "name": "addr1"}, {"properties": {"virtualNetwork":
      {"id": "/subscriptions/00000000-0000-0000-0000-000000000000/resourceGroups/cli_test_lb_address_pool_addresses000001/providers/Microsoft.Network/virtualNetworks/clitestvnet"},
      "ipAddress": "10.0.0.3"}, "name": "addr3"}, {"properties": {"virtualNetwork":
      {"id": "/subscriptions/00000000-0000-0000-0000-000000000000/resourceGroups/cli_test_lb_address_pool_addresses000001/providers/Microsoft.Network/virtualNetworks/clitestvnet"},
      "ipAddress": "10.0.0.6"}, "name": "addr6"}]}, "name": "bap1"}'
    headers:
      Accept:
      - application/json
      Accept-Encoding:
      - gzip, deflate
      CommandName:
      - network lb address-pool address remove
      Connection:
      - keep-alive
      Content-Length:
      - '1153'
      Content-Type:
      - application/json; charset=utf-8
      ParameterSetName:
      - -g --lb-name --pool-name --name
      User-Agent:
      - python/3.7.8 (Windows-10-10.0.19041-SP0) msrest/0.6.18 msrest_azure/0.6.3
        azure-mgmt-network/13.0.0 Azure-SDK-For-Python AZURECLI/2.15.1
      accept-language:
      - en-US
    method: PUT
    uri: https://management.azure.com/subscriptions/00000000-0000-0000-0000-000000000000/resourceGroups/cli_test_lb_address_pool_addresses000001/providers/Microsoft.Network/loadBalancers/lb1/backendAddressPools/bap1?api-version=2020-07-01
  response:
    body:
      string: "{\r\n  \"name\": \"bap1\",\r\n  \"id\": \"/subscriptions/00000000-0000-0000-0000-000000000000/resourceGroups/cli_test_lb_address_pool_addresses000001/providers/Microsoft.Network/loadBalancers/lb1/backendAddressPools/bap1\",\r\n
        \ \"etag\": \"W/\\\"d25ea94a-05fb-470c-9cf7-2cce5941a331\\\"\",\r\n  \"properties\":
        {\r\n    \"provisioningState\": \"Updating\",\r\n    \"loadBalancerBackendAddresses\":
        [\r\n      {\r\n        \"name\": \"addr1\",\r\n        \"id\": \"/subscriptions/00000000-0000-0000-0000-000000000000/resourceGroups/cli_test_lb_address_pool_addresses000001/providers/Microsoft.Network/loadBalancers/lb1/backendAddressPools/bap1/loadBalancerBackendAddresses/addr1\",\r\n
        \       \"etag\": \"W/\\\"d25ea94a-05fb-470c-9cf7-2cce5941a331\\\"\",\r\n
        \       \"properties\": {\r\n          \"provisioningState\": \"Updating\",\r\n
        \         \"ipAddress\": \"10.0.0.1\",\r\n          \"virtualNetwork\": {\r\n
        \           \"id\": \"/subscriptions/00000000-0000-0000-0000-000000000000/resourceGroups/cli_test_lb_address_pool_addresses000001/providers/Microsoft.Network/virtualNetworks/clitestvnet\"\r\n
        \         }\r\n        },\r\n        \"type\": \"Microsoft.Network/loadBalancers/backendAddressPools/loadBalancerBackendAddresses\"\r\n
        \     },\r\n      {\r\n        \"name\": \"addr3\",\r\n        \"id\": \"/subscriptions/00000000-0000-0000-0000-000000000000/resourceGroups/cli_test_lb_address_pool_addresses000001/providers/Microsoft.Network/loadBalancers/lb1/backendAddressPools/bap1/loadBalancerBackendAddresses/addr3\",\r\n
        \       \"etag\": \"W/\\\"d25ea94a-05fb-470c-9cf7-2cce5941a331\\\"\",\r\n
        \       \"properties\": {\r\n          \"provisioningState\": \"Updating\",\r\n
        \         \"ipAddress\": \"10.0.0.3\",\r\n          \"virtualNetwork\": {\r\n
        \           \"id\": \"/subscriptions/00000000-0000-0000-0000-000000000000/resourceGroups/cli_test_lb_address_pool_addresses000001/providers/Microsoft.Network/virtualNetworks/clitestvnet\"\r\n
        \         }\r\n        },\r\n        \"type\": \"Microsoft.Network/loadBalancers/backendAddressPools/loadBalancerBackendAddresses\"\r\n
        \     },\r\n      {\r\n        \"name\": \"addr6\",\r\n        \"id\": \"/subscriptions/00000000-0000-0000-0000-000000000000/resourceGroups/cli_test_lb_address_pool_addresses000001/providers/Microsoft.Network/loadBalancers/lb1/backendAddressPools/bap1/loadBalancerBackendAddresses/addr6\",\r\n
        \       \"etag\": \"W/\\\"d25ea94a-05fb-470c-9cf7-2cce5941a331\\\"\",\r\n
        \       \"properties\": {\r\n          \"provisioningState\": \"Updating\",\r\n
        \         \"ipAddress\": \"10.0.0.6\",\r\n          \"virtualNetwork\": {\r\n
        \           \"id\": \"/subscriptions/00000000-0000-0000-0000-000000000000/resourceGroups/cli_test_lb_address_pool_addresses000001/providers/Microsoft.Network/virtualNetworks/clitestvnet\"\r\n
        \         }\r\n        },\r\n        \"type\": \"Microsoft.Network/loadBalancers/backendAddressPools/loadBalancerBackendAddresses\"\r\n
        \     }\r\n    ]\r\n  },\r\n  \"type\": \"Microsoft.Network/loadBalancers/backendAddressPools\"\r\n}"
    headers:
      azure-asyncoperation:
      - https://management.azure.com/subscriptions/00000000-0000-0000-0000-000000000000/providers/Microsoft.Network/locations/westus/operations/74135e8c-551d-44e9-a544-8fec27c763f7?api-version=2020-07-01
      cache-control:
      - no-cache
      content-length:
      - '3047'
      content-type:
      - application/json; charset=utf-8
      date:
      - Mon, 30 Nov 2020 16:36:04 GMT
      expires:
      - '-1'
      pragma:
      - no-cache
      server:
      - Microsoft-HTTPAPI/2.0
      - Microsoft-HTTPAPI/2.0
      strict-transport-security:
      - max-age=31536000; includeSubDomains
      transfer-encoding:
      - chunked
      vary:
      - Accept-Encoding
      x-content-type-options:
      - nosniff
      x-ms-arm-service-request-id:
      - a42fa41b-e0b5-4aec-9d77-92967a4144c1
      x-ms-ratelimit-remaining-subscription-writes:
      - '1188'
    status:
      code: 200
      message: OK
- request:
    body: null
    headers:
      Accept:
      - application/json
      Accept-Encoding:
      - gzip, deflate
      CommandName:
      - network lb address-pool address remove
      Connection:
      - keep-alive
      ParameterSetName:
      - -g --lb-name --pool-name --name
      User-Agent:
      - python/3.7.8 (Windows-10-10.0.19041-SP0) msrest/0.6.18 msrest_azure/0.6.3
        azure-mgmt-network/13.0.0 Azure-SDK-For-Python AZURECLI/2.15.1
    method: GET
    uri: https://management.azure.com/subscriptions/00000000-0000-0000-0000-000000000000/providers/Microsoft.Network/locations/westus/operations/74135e8c-551d-44e9-a544-8fec27c763f7?api-version=2020-07-01
  response:
    body:
      string: "{\r\n  \"status\": \"Succeeded\"\r\n}"
    headers:
      cache-control:
      - no-cache
      content-length:
      - '29'
      content-type:
      - application/json; charset=utf-8
      date:
      - Mon, 30 Nov 2020 16:36:15 GMT
      expires:
      - '-1'
      pragma:
      - no-cache
      server:
      - Microsoft-HTTPAPI/2.0
      - Microsoft-HTTPAPI/2.0
      strict-transport-security:
      - max-age=31536000; includeSubDomains
      transfer-encoding:
      - chunked
      vary:
      - Accept-Encoding
      x-content-type-options:
      - nosniff
      x-ms-arm-service-request-id:
      - ea93404e-9c95-4174-8e88-4c14a6fb0a3a
    status:
      code: 200
      message: OK
- request:
    body: null
    headers:
      Accept:
      - application/json
      Accept-Encoding:
      - gzip, deflate
      CommandName:
      - network lb address-pool address remove
      Connection:
      - keep-alive
      ParameterSetName:
      - -g --lb-name --pool-name --name
      User-Agent:
      - python/3.7.8 (Windows-10-10.0.19041-SP0) msrest/0.6.18 msrest_azure/0.6.3
        azure-mgmt-network/13.0.0 Azure-SDK-For-Python AZURECLI/2.15.1
    method: GET
    uri: https://management.azure.com/subscriptions/00000000-0000-0000-0000-000000000000/resourceGroups/cli_test_lb_address_pool_addresses000001/providers/Microsoft.Network/loadBalancers/lb1/backendAddressPools/bap1?api-version=2020-07-01
  response:
    body:
      string: "{\r\n  \"name\": \"bap1\",\r\n  \"id\": \"/subscriptions/00000000-0000-0000-0000-000000000000/resourceGroups/cli_test_lb_address_pool_addresses000001/providers/Microsoft.Network/loadBalancers/lb1/backendAddressPools/bap1\",\r\n
        \ \"etag\": \"W/\\\"924f8d11-d2a9-4f4c-ad16-3f791bfd9645\\\"\",\r\n  \"properties\":
        {\r\n    \"provisioningState\": \"Succeeded\",\r\n    \"loadBalancerBackendAddresses\":
        [\r\n      {\r\n        \"name\": \"addr1\",\r\n        \"id\": \"/subscriptions/00000000-0000-0000-0000-000000000000/resourceGroups/cli_test_lb_address_pool_addresses000001/providers/Microsoft.Network/loadBalancers/lb1/backendAddressPools/bap1/loadBalancerBackendAddresses/addr1\",\r\n
        \       \"etag\": \"W/\\\"924f8d11-d2a9-4f4c-ad16-3f791bfd9645\\\"\",\r\n
        \       \"properties\": {\r\n          \"provisioningState\": \"Succeeded\",\r\n
        \         \"ipAddress\": \"10.0.0.1\",\r\n          \"virtualNetwork\": {\r\n
        \           \"id\": \"/subscriptions/00000000-0000-0000-0000-000000000000/resourceGroups/cli_test_lb_address_pool_addresses000001/providers/Microsoft.Network/virtualNetworks/clitestvnet\"\r\n
        \         }\r\n        },\r\n        \"type\": \"Microsoft.Network/loadBalancers/backendAddressPools/loadBalancerBackendAddresses\"\r\n
        \     },\r\n      {\r\n        \"name\": \"addr3\",\r\n        \"id\": \"/subscriptions/00000000-0000-0000-0000-000000000000/resourceGroups/cli_test_lb_address_pool_addresses000001/providers/Microsoft.Network/loadBalancers/lb1/backendAddressPools/bap1/loadBalancerBackendAddresses/addr3\",\r\n
        \       \"etag\": \"W/\\\"924f8d11-d2a9-4f4c-ad16-3f791bfd9645\\\"\",\r\n
        \       \"properties\": {\r\n          \"provisioningState\": \"Succeeded\",\r\n
        \         \"ipAddress\": \"10.0.0.3\",\r\n          \"virtualNetwork\": {\r\n
        \           \"id\": \"/subscriptions/00000000-0000-0000-0000-000000000000/resourceGroups/cli_test_lb_address_pool_addresses000001/providers/Microsoft.Network/virtualNetworks/clitestvnet\"\r\n
        \         }\r\n        },\r\n        \"type\": \"Microsoft.Network/loadBalancers/backendAddressPools/loadBalancerBackendAddresses\"\r\n
        \     },\r\n      {\r\n        \"name\": \"addr6\",\r\n        \"id\": \"/subscriptions/00000000-0000-0000-0000-000000000000/resourceGroups/cli_test_lb_address_pool_addresses000001/providers/Microsoft.Network/loadBalancers/lb1/backendAddressPools/bap1/loadBalancerBackendAddresses/addr6\",\r\n
        \       \"etag\": \"W/\\\"924f8d11-d2a9-4f4c-ad16-3f791bfd9645\\\"\",\r\n
        \       \"properties\": {\r\n          \"provisioningState\": \"Succeeded\",\r\n
        \         \"ipAddress\": \"10.0.0.6\",\r\n          \"virtualNetwork\": {\r\n
        \           \"id\": \"/subscriptions/00000000-0000-0000-0000-000000000000/resourceGroups/cli_test_lb_address_pool_addresses000001/providers/Microsoft.Network/virtualNetworks/clitestvnet\"\r\n
        \         }\r\n        },\r\n        \"type\": \"Microsoft.Network/loadBalancers/backendAddressPools/loadBalancerBackendAddresses\"\r\n
        \     }\r\n    ]\r\n  },\r\n  \"type\": \"Microsoft.Network/loadBalancers/backendAddressPools\"\r\n}"
    headers:
      cache-control:
      - no-cache
      content-length:
      - '3051'
      content-type:
      - application/json; charset=utf-8
      date:
      - Mon, 30 Nov 2020 16:36:16 GMT
      etag:
      - W/"924f8d11-d2a9-4f4c-ad16-3f791bfd9645"
      expires:
      - '-1'
      pragma:
      - no-cache
      server:
      - Microsoft-HTTPAPI/2.0
      - Microsoft-HTTPAPI/2.0
      strict-transport-security:
      - max-age=31536000; includeSubDomains
      transfer-encoding:
      - chunked
      vary:
      - Accept-Encoding
      x-content-type-options:
      - nosniff
      x-ms-arm-service-request-id:
      - b222f52b-0d27-47b3-b20b-ef35e9f8bc11
    status:
      code: 200
      message: OK
- request:
    body: null
    headers:
      Accept:
      - application/json
      Accept-Encoding:
      - gzip, deflate
      CommandName:
      - network lb address-pool address list
      Connection:
      - keep-alive
      ParameterSetName:
      - -g --lb-name --pool-name
      User-Agent:
      - python/3.7.8 (Windows-10-10.0.19041-SP0) msrest/0.6.18 msrest_azure/0.6.3
        azure-mgmt-network/13.0.0 Azure-SDK-For-Python AZURECLI/2.15.1
      accept-language:
      - en-US
    method: GET
    uri: https://management.azure.com/subscriptions/00000000-0000-0000-0000-000000000000/resourceGroups/cli_test_lb_address_pool_addresses000001/providers/Microsoft.Network/loadBalancers/lb1/backendAddressPools/bap1?api-version=2020-07-01
  response:
    body:
      string: "{\r\n  \"name\": \"bap1\",\r\n  \"id\": \"/subscriptions/00000000-0000-0000-0000-000000000000/resourceGroups/cli_test_lb_address_pool_addresses000001/providers/Microsoft.Network/loadBalancers/lb1/backendAddressPools/bap1\",\r\n
        \ \"etag\": \"W/\\\"924f8d11-d2a9-4f4c-ad16-3f791bfd9645\\\"\",\r\n  \"properties\":
        {\r\n    \"provisioningState\": \"Succeeded\",\r\n    \"loadBalancerBackendAddresses\":
        [\r\n      {\r\n        \"name\": \"addr1\",\r\n        \"id\": \"/subscriptions/00000000-0000-0000-0000-000000000000/resourceGroups/cli_test_lb_address_pool_addresses000001/providers/Microsoft.Network/loadBalancers/lb1/backendAddressPools/bap1/loadBalancerBackendAddresses/addr1\",\r\n
        \       \"etag\": \"W/\\\"924f8d11-d2a9-4f4c-ad16-3f791bfd9645\\\"\",\r\n
        \       \"properties\": {\r\n          \"provisioningState\": \"Succeeded\",\r\n
        \         \"ipAddress\": \"10.0.0.1\",\r\n          \"virtualNetwork\": {\r\n
        \           \"id\": \"/subscriptions/00000000-0000-0000-0000-000000000000/resourceGroups/cli_test_lb_address_pool_addresses000001/providers/Microsoft.Network/virtualNetworks/clitestvnet\"\r\n
        \         }\r\n        },\r\n        \"type\": \"Microsoft.Network/loadBalancers/backendAddressPools/loadBalancerBackendAddresses\"\r\n
        \     },\r\n      {\r\n        \"name\": \"addr3\",\r\n        \"id\": \"/subscriptions/00000000-0000-0000-0000-000000000000/resourceGroups/cli_test_lb_address_pool_addresses000001/providers/Microsoft.Network/loadBalancers/lb1/backendAddressPools/bap1/loadBalancerBackendAddresses/addr3\",\r\n
        \       \"etag\": \"W/\\\"924f8d11-d2a9-4f4c-ad16-3f791bfd9645\\\"\",\r\n
        \       \"properties\": {\r\n          \"provisioningState\": \"Succeeded\",\r\n
        \         \"ipAddress\": \"10.0.0.3\",\r\n          \"virtualNetwork\": {\r\n
        \           \"id\": \"/subscriptions/00000000-0000-0000-0000-000000000000/resourceGroups/cli_test_lb_address_pool_addresses000001/providers/Microsoft.Network/virtualNetworks/clitestvnet\"\r\n
        \         }\r\n        },\r\n        \"type\": \"Microsoft.Network/loadBalancers/backendAddressPools/loadBalancerBackendAddresses\"\r\n
        \     },\r\n      {\r\n        \"name\": \"addr6\",\r\n        \"id\": \"/subscriptions/00000000-0000-0000-0000-000000000000/resourceGroups/cli_test_lb_address_pool_addresses000001/providers/Microsoft.Network/loadBalancers/lb1/backendAddressPools/bap1/loadBalancerBackendAddresses/addr6\",\r\n
        \       \"etag\": \"W/\\\"924f8d11-d2a9-4f4c-ad16-3f791bfd9645\\\"\",\r\n
        \       \"properties\": {\r\n          \"provisioningState\": \"Succeeded\",\r\n
        \         \"ipAddress\": \"10.0.0.6\",\r\n          \"virtualNetwork\": {\r\n
        \           \"id\": \"/subscriptions/00000000-0000-0000-0000-000000000000/resourceGroups/cli_test_lb_address_pool_addresses000001/providers/Microsoft.Network/virtualNetworks/clitestvnet\"\r\n
        \         }\r\n        },\r\n        \"type\": \"Microsoft.Network/loadBalancers/backendAddressPools/loadBalancerBackendAddresses\"\r\n
        \     }\r\n    ]\r\n  },\r\n  \"type\": \"Microsoft.Network/loadBalancers/backendAddressPools\"\r\n}"
    headers:
      cache-control:
      - no-cache
      content-length:
      - '3051'
      content-type:
      - application/json; charset=utf-8
      date:
      - Mon, 30 Nov 2020 16:36:18 GMT
      etag:
      - W/"924f8d11-d2a9-4f4c-ad16-3f791bfd9645"
      expires:
      - '-1'
      pragma:
      - no-cache
      server:
      - Microsoft-HTTPAPI/2.0
      - Microsoft-HTTPAPI/2.0
      strict-transport-security:
      - max-age=31536000; includeSubDomains
      transfer-encoding:
      - chunked
      vary:
      - Accept-Encoding
      x-content-type-options:
      - nosniff
      x-ms-arm-service-request-id:
      - 0cbbe6e7-276a-4340-9b24-8c8143d5f31b
    status:
      code: 200
      message: OK
- request:
    body: null
    headers:
      Accept:
      - application/json
      Accept-Encoding:
      - gzip, deflate
      CommandName:
      - network lb address-pool list
      Connection:
      - keep-alive
      ParameterSetName:
      - -g --lb-name
      User-Agent:
      - python/3.7.8 (Windows-10-10.0.19041-SP0) msrest/0.6.18 msrest_azure/0.6.3
        azure-mgmt-network/13.0.0 Azure-SDK-For-Python AZURECLI/2.15.1
      accept-language:
      - en-US
    method: GET
    uri: https://management.azure.com/subscriptions/00000000-0000-0000-0000-000000000000/resourceGroups/cli_test_lb_address_pool_addresses000001/providers/Microsoft.Network/loadBalancers/lb1/backendAddressPools?api-version=2020-07-01
  response:
    body:
      string: "{\r\n  \"value\": [\r\n    {\r\n      \"name\": \"lb1bepool\",\r\n
        \     \"id\": \"/subscriptions/00000000-0000-0000-0000-000000000000/resourceGroups/cli_test_lb_address_pool_addresses000001/providers/Microsoft.Network/loadBalancers/lb1/backendAddressPools/lb1bepool\",\r\n
        \     \"etag\": \"W/\\\"924f8d11-d2a9-4f4c-ad16-3f791bfd9645\\\"\",\r\n      \"properties\":
        {\r\n        \"provisioningState\": \"Succeeded\",\r\n        \"loadBalancerBackendAddresses\":
        []\r\n      },\r\n      \"type\": \"Microsoft.Network/loadBalancers/backendAddressPools\"\r\n
        \   },\r\n    {\r\n      \"name\": \"bap1\",\r\n      \"id\": \"/subscriptions/00000000-0000-0000-0000-000000000000/resourceGroups/cli_test_lb_address_pool_addresses000001/providers/Microsoft.Network/loadBalancers/lb1/backendAddressPools/bap1\",\r\n
        \     \"etag\": \"W/\\\"924f8d11-d2a9-4f4c-ad16-3f791bfd9645\\\"\",\r\n      \"properties\":
        {\r\n        \"provisioningState\": \"Succeeded\",\r\n        \"loadBalancerBackendAddresses\":
        [\r\n          {\r\n            \"name\": \"addr1\",\r\n            \"id\":
        \"/subscriptions/00000000-0000-0000-0000-000000000000/resourceGroups/cli_test_lb_address_pool_addresses000001/providers/Microsoft.Network/loadBalancers/lb1/backendAddressPools/bap1/loadBalancerBackendAddresses/addr1\",\r\n
        \           \"etag\": \"W/\\\"924f8d11-d2a9-4f4c-ad16-3f791bfd9645\\\"\",\r\n
        \           \"properties\": {\r\n              \"provisioningState\": \"Succeeded\",\r\n
        \             \"ipAddress\": \"10.0.0.1\",\r\n              \"virtualNetwork\":
        {\r\n                \"id\": \"/subscriptions/00000000-0000-0000-0000-000000000000/resourceGroups/cli_test_lb_address_pool_addresses000001/providers/Microsoft.Network/virtualNetworks/clitestvnet\"\r\n
        \             }\r\n            },\r\n            \"type\": \"Microsoft.Network/loadBalancers/backendAddressPools/loadBalancerBackendAddresses\"\r\n
        \         },\r\n          {\r\n            \"name\": \"addr3\",\r\n            \"id\":
        \"/subscriptions/00000000-0000-0000-0000-000000000000/resourceGroups/cli_test_lb_address_pool_addresses000001/providers/Microsoft.Network/loadBalancers/lb1/backendAddressPools/bap1/loadBalancerBackendAddresses/addr3\",\r\n
        \           \"etag\": \"W/\\\"924f8d11-d2a9-4f4c-ad16-3f791bfd9645\\\"\",\r\n
        \           \"properties\": {\r\n              \"provisioningState\": \"Succeeded\",\r\n
        \             \"ipAddress\": \"10.0.0.3\",\r\n              \"virtualNetwork\":
        {\r\n                \"id\": \"/subscriptions/00000000-0000-0000-0000-000000000000/resourceGroups/cli_test_lb_address_pool_addresses000001/providers/Microsoft.Network/virtualNetworks/clitestvnet\"\r\n
        \             }\r\n            },\r\n            \"type\": \"Microsoft.Network/loadBalancers/backendAddressPools/loadBalancerBackendAddresses\"\r\n
        \         },\r\n          {\r\n            \"name\": \"addr6\",\r\n            \"id\":
        \"/subscriptions/00000000-0000-0000-0000-000000000000/resourceGroups/cli_test_lb_address_pool_addresses000001/providers/Microsoft.Network/loadBalancers/lb1/backendAddressPools/bap1/loadBalancerBackendAddresses/addr6\",\r\n
        \           \"etag\": \"W/\\\"924f8d11-d2a9-4f4c-ad16-3f791bfd9645\\\"\",\r\n
        \           \"properties\": {\r\n              \"provisioningState\": \"Succeeded\",\r\n
        \             \"ipAddress\": \"10.0.0.6\",\r\n              \"virtualNetwork\":
        {\r\n                \"id\": \"/subscriptions/00000000-0000-0000-0000-000000000000/resourceGroups/cli_test_lb_address_pool_addresses000001/providers/Microsoft.Network/virtualNetworks/clitestvnet\"\r\n
        \             }\r\n            },\r\n            \"type\": \"Microsoft.Network/loadBalancers/backendAddressPools/loadBalancerBackendAddresses\"\r\n
        \         }\r\n        ]\r\n      },\r\n      \"type\": \"Microsoft.Network/loadBalancers/backendAddressPools\"\r\n
        \   }\r\n  ]\r\n}"
    headers:
      cache-control:
      - no-cache
      content-length:
      - '3804'
      content-type:
      - application/json; charset=utf-8
      date:
      - Mon, 30 Nov 2020 16:36:20 GMT
      expires:
      - '-1'
      pragma:
      - no-cache
      server:
      - Microsoft-HTTPAPI/2.0
      - Microsoft-HTTPAPI/2.0
      strict-transport-security:
      - max-age=31536000; includeSubDomains
      transfer-encoding:
      - chunked
      vary:
      - Accept-Encoding
      x-content-type-options:
      - nosniff
      x-ms-arm-service-request-id:
      - 559d3aa7-b1fd-4412-a569-330790a4e936
    status:
      code: 200
      message: OK
- request:
    body: null
    headers:
      Accept:
      - application/json
      Accept-Encoding:
      - gzip, deflate
      CommandName:
      - network lb address-pool show
      Connection:
      - keep-alive
      ParameterSetName:
      - -g --lb-name -n
      User-Agent:
      - python/3.7.8 (Windows-10-10.0.19041-SP0) msrest/0.6.18 msrest_azure/0.6.3
        azure-mgmt-network/13.0.0 Azure-SDK-For-Python AZURECLI/2.15.1
      accept-language:
      - en-US
    method: GET
    uri: https://management.azure.com/subscriptions/00000000-0000-0000-0000-000000000000/resourceGroups/cli_test_lb_address_pool_addresses000001/providers/Microsoft.Network/loadBalancers/lb1/backendAddressPools/bap1?api-version=2020-07-01
  response:
    body:
      string: "{\r\n  \"name\": \"bap1\",\r\n  \"id\": \"/subscriptions/00000000-0000-0000-0000-000000000000/resourceGroups/cli_test_lb_address_pool_addresses000001/providers/Microsoft.Network/loadBalancers/lb1/backendAddressPools/bap1\",\r\n
        \ \"etag\": \"W/\\\"924f8d11-d2a9-4f4c-ad16-3f791bfd9645\\\"\",\r\n  \"properties\":
        {\r\n    \"provisioningState\": \"Succeeded\",\r\n    \"loadBalancerBackendAddresses\":
        [\r\n      {\r\n        \"name\": \"addr1\",\r\n        \"id\": \"/subscriptions/00000000-0000-0000-0000-000000000000/resourceGroups/cli_test_lb_address_pool_addresses000001/providers/Microsoft.Network/loadBalancers/lb1/backendAddressPools/bap1/loadBalancerBackendAddresses/addr1\",\r\n
        \       \"etag\": \"W/\\\"924f8d11-d2a9-4f4c-ad16-3f791bfd9645\\\"\",\r\n
        \       \"properties\": {\r\n          \"provisioningState\": \"Succeeded\",\r\n
        \         \"ipAddress\": \"10.0.0.1\",\r\n          \"virtualNetwork\": {\r\n
        \           \"id\": \"/subscriptions/00000000-0000-0000-0000-000000000000/resourceGroups/cli_test_lb_address_pool_addresses000001/providers/Microsoft.Network/virtualNetworks/clitestvnet\"\r\n
        \         }\r\n        },\r\n        \"type\": \"Microsoft.Network/loadBalancers/backendAddressPools/loadBalancerBackendAddresses\"\r\n
        \     },\r\n      {\r\n        \"name\": \"addr3\",\r\n        \"id\": \"/subscriptions/00000000-0000-0000-0000-000000000000/resourceGroups/cli_test_lb_address_pool_addresses000001/providers/Microsoft.Network/loadBalancers/lb1/backendAddressPools/bap1/loadBalancerBackendAddresses/addr3\",\r\n
        \       \"etag\": \"W/\\\"924f8d11-d2a9-4f4c-ad16-3f791bfd9645\\\"\",\r\n
        \       \"properties\": {\r\n          \"provisioningState\": \"Succeeded\",\r\n
        \         \"ipAddress\": \"10.0.0.3\",\r\n          \"virtualNetwork\": {\r\n
        \           \"id\": \"/subscriptions/00000000-0000-0000-0000-000000000000/resourceGroups/cli_test_lb_address_pool_addresses000001/providers/Microsoft.Network/virtualNetworks/clitestvnet\"\r\n
        \         }\r\n        },\r\n        \"type\": \"Microsoft.Network/loadBalancers/backendAddressPools/loadBalancerBackendAddresses\"\r\n
        \     },\r\n      {\r\n        \"name\": \"addr6\",\r\n        \"id\": \"/subscriptions/00000000-0000-0000-0000-000000000000/resourceGroups/cli_test_lb_address_pool_addresses000001/providers/Microsoft.Network/loadBalancers/lb1/backendAddressPools/bap1/loadBalancerBackendAddresses/addr6\",\r\n
        \       \"etag\": \"W/\\\"924f8d11-d2a9-4f4c-ad16-3f791bfd9645\\\"\",\r\n
        \       \"properties\": {\r\n          \"provisioningState\": \"Succeeded\",\r\n
        \         \"ipAddress\": \"10.0.0.6\",\r\n          \"virtualNetwork\": {\r\n
        \           \"id\": \"/subscriptions/00000000-0000-0000-0000-000000000000/resourceGroups/cli_test_lb_address_pool_addresses000001/providers/Microsoft.Network/virtualNetworks/clitestvnet\"\r\n
        \         }\r\n        },\r\n        \"type\": \"Microsoft.Network/loadBalancers/backendAddressPools/loadBalancerBackendAddresses\"\r\n
        \     }\r\n    ]\r\n  },\r\n  \"type\": \"Microsoft.Network/loadBalancers/backendAddressPools\"\r\n}"
    headers:
      cache-control:
      - no-cache
      content-length:
      - '3051'
      content-type:
      - application/json; charset=utf-8
      date:
      - Mon, 30 Nov 2020 16:36:21 GMT
      etag:
      - W/"924f8d11-d2a9-4f4c-ad16-3f791bfd9645"
      expires:
      - '-1'
      pragma:
      - no-cache
      server:
      - Microsoft-HTTPAPI/2.0
      - Microsoft-HTTPAPI/2.0
      strict-transport-security:
      - max-age=31536000; includeSubDomains
      transfer-encoding:
      - chunked
      vary:
      - Accept-Encoding
      x-content-type-options:
      - nosniff
      x-ms-arm-service-request-id:
      - 24b32a39-6aee-4669-ad00-f25e229a9be2
    status:
      code: 200
      message: OK
- request:
    body: null
    headers:
      Accept:
      - application/json
      Accept-Encoding:
      - gzip, deflate
      CommandName:
      - network lb address-pool delete
      Connection:
      - keep-alive
      ParameterSetName:
      - -g --lb-name -n
      User-Agent:
      - python/3.7.8 (Windows-10-10.0.19041-SP0) msrest/0.6.18 msrest_azure/0.6.3
        azure-mgmt-network/13.0.0 Azure-SDK-For-Python AZURECLI/2.15.1
      accept-language:
      - en-US
    method: GET
    uri: https://management.azure.com/subscriptions/00000000-0000-0000-0000-000000000000/resourceGroups/cli_test_lb_address_pool_addresses000001/providers/Microsoft.Network/loadBalancers/lb1?api-version=2020-07-01
  response:
    body:
      string: "{\r\n  \"name\": \"lb1\",\r\n  \"id\": \"/subscriptions/00000000-0000-0000-0000-000000000000/resourceGroups/cli_test_lb_address_pool_addresses000001/providers/Microsoft.Network/loadBalancers/lb1\",\r\n
        \ \"etag\": \"W/\\\"924f8d11-d2a9-4f4c-ad16-3f791bfd9645\\\"\",\r\n  \"type\":
        \"Microsoft.Network/loadBalancers\",\r\n  \"location\": \"westus\",\r\n  \"tags\":
        {},\r\n  \"properties\": {\r\n    \"provisioningState\": \"Succeeded\",\r\n
        \   \"resourceGuid\": \"930654d8-153c-40d4-abf5-682fdd4fbfd1\",\r\n    \"frontendIPConfigurations\":
        [\r\n      {\r\n        \"name\": \"LoadBalancerFrontEnd\",\r\n        \"id\":
        \"/subscriptions/00000000-0000-0000-0000-000000000000/resourceGroups/cli_test_lb_address_pool_addresses000001/providers/Microsoft.Network/loadBalancers/lb1/frontendIPConfigurations/LoadBalancerFrontEnd\",\r\n
        \       \"etag\": \"W/\\\"924f8d11-d2a9-4f4c-ad16-3f791bfd9645\\\"\",\r\n
        \       \"type\": \"Microsoft.Network/loadBalancers/frontendIPConfigurations\",\r\n
        \       \"properties\": {\r\n          \"provisioningState\": \"Succeeded\",\r\n
        \         \"privateIPAllocationMethod\": \"Dynamic\",\r\n          \"publicIPAddress\":
        {\r\n            \"id\": \"/subscriptions/00000000-0000-0000-0000-000000000000/resourceGroups/cli_test_lb_address_pool_addresses000001/providers/Microsoft.Network/publicIPAddresses/PublicIPlb1\"\r\n
        \         },\r\n          \"privateIPAddressVersion\": \"IPv4\"\r\n        }\r\n
        \     }\r\n    ],\r\n    \"backendAddressPools\": [\r\n      {\r\n        \"name\":
        \"lb1bepool\",\r\n        \"id\": \"/subscriptions/00000000-0000-0000-0000-000000000000/resourceGroups/cli_test_lb_address_pool_addresses000001/providers/Microsoft.Network/loadBalancers/lb1/backendAddressPools/lb1bepool\",\r\n
        \       \"etag\": \"W/\\\"924f8d11-d2a9-4f4c-ad16-3f791bfd9645\\\"\",\r\n
        \       \"properties\": {\r\n          \"provisioningState\": \"Succeeded\",\r\n
        \         \"loadBalancerBackendAddresses\": []\r\n        },\r\n        \"type\":
        \"Microsoft.Network/loadBalancers/backendAddressPools\"\r\n      },\r\n      {\r\n
        \       \"name\": \"bap1\",\r\n        \"id\": \"/subscriptions/00000000-0000-0000-0000-000000000000/resourceGroups/cli_test_lb_address_pool_addresses000001/providers/Microsoft.Network/loadBalancers/lb1/backendAddressPools/bap1\",\r\n
        \       \"etag\": \"W/\\\"924f8d11-d2a9-4f4c-ad16-3f791bfd9645\\\"\",\r\n
        \       \"properties\": {\r\n          \"provisioningState\": \"Succeeded\",\r\n
        \         \"loadBalancerBackendAddresses\": [\r\n            {\r\n              \"name\":
        \"addr1\",\r\n              \"id\": \"/subscriptions/00000000-0000-0000-0000-000000000000/resourceGroups/cli_test_lb_address_pool_addresses000001/providers/Microsoft.Network/loadBalancers/lb1/backendAddressPools/bap1/loadBalancerBackendAddresses/addr1\",\r\n
        \             \"etag\": \"W/\\\"924f8d11-d2a9-4f4c-ad16-3f791bfd9645\\\"\",\r\n
        \             \"properties\": {\r\n                \"provisioningState\":
        \"Succeeded\",\r\n                \"ipAddress\": \"10.0.0.1\",\r\n                \"virtualNetwork\":
        {\r\n                  \"id\": \"/subscriptions/00000000-0000-0000-0000-000000000000/resourceGroups/cli_test_lb_address_pool_addresses000001/providers/Microsoft.Network/virtualNetworks/clitestvnet\"\r\n
        \               }\r\n              },\r\n              \"type\": \"Microsoft.Network/loadBalancers/backendAddressPools/loadBalancerBackendAddresses\"\r\n
        \           },\r\n            {\r\n              \"name\": \"addr3\",\r\n
        \             \"id\": \"/subscriptions/00000000-0000-0000-0000-000000000000/resourceGroups/cli_test_lb_address_pool_addresses000001/providers/Microsoft.Network/loadBalancers/lb1/backendAddressPools/bap1/loadBalancerBackendAddresses/addr3\",\r\n
        \             \"etag\": \"W/\\\"924f8d11-d2a9-4f4c-ad16-3f791bfd9645\\\"\",\r\n
        \             \"properties\": {\r\n                \"provisioningState\":
        \"Succeeded\",\r\n                \"ipAddress\": \"10.0.0.3\",\r\n                \"virtualNetwork\":
        {\r\n                  \"id\": \"/subscriptions/00000000-0000-0000-0000-000000000000/resourceGroups/cli_test_lb_address_pool_addresses000001/providers/Microsoft.Network/virtualNetworks/clitestvnet\"\r\n
        \               }\r\n              },\r\n              \"type\": \"Microsoft.Network/loadBalancers/backendAddressPools/loadBalancerBackendAddresses\"\r\n
        \           },\r\n            {\r\n              \"name\": \"addr6\",\r\n
        \             \"id\": \"/subscriptions/00000000-0000-0000-0000-000000000000/resourceGroups/cli_test_lb_address_pool_addresses000001/providers/Microsoft.Network/loadBalancers/lb1/backendAddressPools/bap1/loadBalancerBackendAddresses/addr6\",\r\n
        \             \"etag\": \"W/\\\"924f8d11-d2a9-4f4c-ad16-3f791bfd9645\\\"\",\r\n
        \             \"properties\": {\r\n                \"provisioningState\":
        \"Succeeded\",\r\n                \"ipAddress\": \"10.0.0.6\",\r\n                \"virtualNetwork\":
        {\r\n                  \"id\": \"/subscriptions/00000000-0000-0000-0000-000000000000/resourceGroups/cli_test_lb_address_pool_addresses000001/providers/Microsoft.Network/virtualNetworks/clitestvnet\"\r\n
        \               }\r\n              },\r\n              \"type\": \"Microsoft.Network/loadBalancers/backendAddressPools/loadBalancerBackendAddresses\"\r\n
        \           }\r\n          ]\r\n        },\r\n        \"type\": \"Microsoft.Network/loadBalancers/backendAddressPools\"\r\n
        \     }\r\n    ],\r\n    \"loadBalancingRules\": [],\r\n    \"probes\": [],\r\n
        \   \"inboundNatRules\": [],\r\n    \"outboundRules\": [],\r\n    \"inboundNatPools\":
        []\r\n  },\r\n  \"sku\": {\r\n    \"name\": \"Standard\",\r\n    \"tier\":
        \"Regional\"\r\n  }\r\n}"
    headers:
      cache-control:
      - no-cache
      content-length:
      - '5567'
      content-type:
      - application/json; charset=utf-8
      date:
      - Mon, 30 Nov 2020 16:36:23 GMT
      etag:
      - W/"924f8d11-d2a9-4f4c-ad16-3f791bfd9645"
      expires:
      - '-1'
      pragma:
      - no-cache
      server:
      - Microsoft-HTTPAPI/2.0
      - Microsoft-HTTPAPI/2.0
      strict-transport-security:
      - max-age=31536000; includeSubDomains
      transfer-encoding:
      - chunked
      vary:
      - Accept-Encoding
      x-content-type-options:
      - nosniff
      x-ms-arm-service-request-id:
      - edc44e1d-c90b-4999-90ae-0be85b418ecc
    status:
      code: 200
      message: OK
- request:
    body: null
    headers:
      Accept:
      - application/json
      Accept-Encoding:
      - gzip, deflate
      CommandName:
      - network lb address-pool delete
      Connection:
      - keep-alive
      Content-Length:
      - '0'
      ParameterSetName:
      - -g --lb-name -n
      User-Agent:
      - python/3.7.8 (Windows-10-10.0.19041-SP0) msrest/0.6.18 msrest_azure/0.6.3
        azure-mgmt-network/13.0.0 Azure-SDK-For-Python AZURECLI/2.15.1
      accept-language:
      - en-US
    method: DELETE
    uri: https://management.azure.com/subscriptions/00000000-0000-0000-0000-000000000000/resourceGroups/cli_test_lb_address_pool_addresses000001/providers/Microsoft.Network/loadBalancers/lb1/backendAddressPools/bap1?api-version=2020-07-01
  response:
    body:
      string: ''
    headers:
      azure-asyncoperation:
      - https://management.azure.com/subscriptions/00000000-0000-0000-0000-000000000000/providers/Microsoft.Network/locations/westus/operations/4b9ddfac-6c0d-448e-93bf-305b1af5adff?api-version=2020-07-01
      cache-control:
      - no-cache
      content-length:
      - '0'
      date:
      - Mon, 30 Nov 2020 16:36:24 GMT
      expires:
      - '-1'
      location:
      - https://management.azure.com/subscriptions/00000000-0000-0000-0000-000000000000/providers/Microsoft.Network/locations/westus/operationResults/4b9ddfac-6c0d-448e-93bf-305b1af5adff?api-version=2020-07-01
      pragma:
      - no-cache
      server:
      - Microsoft-HTTPAPI/2.0
      - Microsoft-HTTPAPI/2.0
      strict-transport-security:
      - max-age=31536000; includeSubDomains
      x-content-type-options:
      - nosniff
      x-ms-arm-service-request-id:
      - 4ded98e8-c9cb-48b3-9957-eb3a4858e31e
      x-ms-ratelimit-remaining-subscription-deletes:
      - '14995'
    status:
      code: 202
      message: Accepted
- request:
    body: null
    headers:
      Accept:
      - application/json
      Accept-Encoding:
      - gzip, deflate
      CommandName:
      - network lb address-pool delete
      Connection:
      - keep-alive
      ParameterSetName:
      - -g --lb-name -n
      User-Agent:
      - python/3.7.8 (Windows-10-10.0.19041-SP0) msrest/0.6.18 msrest_azure/0.6.3
        azure-mgmt-network/13.0.0 Azure-SDK-For-Python AZURECLI/2.15.1
    method: GET
    uri: https://management.azure.com/subscriptions/00000000-0000-0000-0000-000000000000/providers/Microsoft.Network/locations/westus/operations/4b9ddfac-6c0d-448e-93bf-305b1af5adff?api-version=2020-07-01
  response:
    body:
      string: "{\r\n  \"status\": \"Succeeded\"\r\n}"
    headers:
      cache-control:
      - no-cache
      content-length:
      - '29'
      content-type:
      - application/json; charset=utf-8
      date:
      - Mon, 30 Nov 2020 16:36:36 GMT
      expires:
      - '-1'
      pragma:
      - no-cache
      server:
      - Microsoft-HTTPAPI/2.0
      - Microsoft-HTTPAPI/2.0
      strict-transport-security:
      - max-age=31536000; includeSubDomains
      transfer-encoding:
      - chunked
      vary:
      - Accept-Encoding
      x-content-type-options:
      - nosniff
      x-ms-arm-service-request-id:
      - cf50f2c5-dfa0-47eb-8d57-a4afe98fdd3d
    status:
      code: 200
      message: OK
- request:
    body: null
    headers:
      Accept:
      - application/json
      Accept-Encoding:
      - gzip, deflate
      CommandName:
      - network lb address-pool list
      Connection:
      - keep-alive
      ParameterSetName:
      - -g --lb-name
      User-Agent:
      - python/3.7.8 (Windows-10-10.0.19041-SP0) msrest/0.6.18 msrest_azure/0.6.3
        azure-mgmt-network/13.0.0 Azure-SDK-For-Python AZURECLI/2.15.1
      accept-language:
      - en-US
    method: GET
    uri: https://management.azure.com/subscriptions/00000000-0000-0000-0000-000000000000/resourceGroups/cli_test_lb_address_pool_addresses000001/providers/Microsoft.Network/loadBalancers/lb1/backendAddressPools?api-version=2020-07-01
  response:
    body:
      string: "{\r\n  \"value\": [\r\n    {\r\n      \"name\": \"lb1bepool\",\r\n
        \     \"id\": \"/subscriptions/00000000-0000-0000-0000-000000000000/resourceGroups/cli_test_lb_address_pool_addresses000001/providers/Microsoft.Network/loadBalancers/lb1/backendAddressPools/lb1bepool\",\r\n
        \     \"etag\": \"W/\\\"b25fca91-f2ae-43bf-a593-5994ac08b41c\\\"\",\r\n      \"properties\":
        {\r\n        \"provisioningState\": \"Succeeded\",\r\n        \"loadBalancerBackendAddresses\":
        []\r\n      },\r\n      \"type\": \"Microsoft.Network/loadBalancers/backendAddressPools\"\r\n
        \   }\r\n  ]\r\n}"
    headers:
      cache-control:
      - no-cache
      content-length:
      - '550'
      content-type:
      - application/json; charset=utf-8
      date:
      - Mon, 30 Nov 2020 16:36:37 GMT
      expires:
      - '-1'
      pragma:
      - no-cache
      server:
      - Microsoft-HTTPAPI/2.0
      - Microsoft-HTTPAPI/2.0
      strict-transport-security:
      - max-age=31536000; includeSubDomains
      transfer-encoding:
      - chunked
      vary:
      - Accept-Encoding
      x-content-type-options:
      - nosniff
      x-ms-arm-service-request-id:
      - 8f134225-af59-494d-98e9-18da478c76e8
    status:
      code: 200
      message: OK
- request:
    body: null
    headers:
      Accept:
      - application/json
      Accept-Encoding:
      - gzip, deflate
      CommandName:
      - network lb address-pool create
      Connection:
      - keep-alive
      ParameterSetName:
      - -g --lb-name -n --vnet --backend-addresses-config-file
      User-Agent:
      - python/3.7.8 (Windows-10-10.0.19041-SP0) msrest/0.6.18 msrest_azure/0.6.3
        azure-mgmt-network/13.0.0 Azure-SDK-For-Python AZURECLI/2.15.1
      accept-language:
      - en-US
    method: GET
    uri: https://management.azure.com/subscriptions/00000000-0000-0000-0000-000000000000/resourceGroups/cli_test_lb_address_pool_addresses000001/providers/Microsoft.Network/loadBalancers/lb1?api-version=2020-07-01
  response:
    body:
      string: "{\r\n  \"name\": \"lb1\",\r\n  \"id\": \"/subscriptions/00000000-0000-0000-0000-000000000000/resourceGroups/cli_test_lb_address_pool_addresses000001/providers/Microsoft.Network/loadBalancers/lb1\",\r\n
        \ \"etag\": \"W/\\\"b25fca91-f2ae-43bf-a593-5994ac08b41c\\\"\",\r\n  \"type\":
        \"Microsoft.Network/loadBalancers\",\r\n  \"location\": \"westus\",\r\n  \"tags\":
        {},\r\n  \"properties\": {\r\n    \"provisioningState\": \"Succeeded\",\r\n
        \   \"resourceGuid\": \"930654d8-153c-40d4-abf5-682fdd4fbfd1\",\r\n    \"frontendIPConfigurations\":
        [\r\n      {\r\n        \"name\": \"LoadBalancerFrontEnd\",\r\n        \"id\":
        \"/subscriptions/00000000-0000-0000-0000-000000000000/resourceGroups/cli_test_lb_address_pool_addresses000001/providers/Microsoft.Network/loadBalancers/lb1/frontendIPConfigurations/LoadBalancerFrontEnd\",\r\n
        \       \"etag\": \"W/\\\"b25fca91-f2ae-43bf-a593-5994ac08b41c\\\"\",\r\n
        \       \"type\": \"Microsoft.Network/loadBalancers/frontendIPConfigurations\",\r\n
        \       \"properties\": {\r\n          \"provisioningState\": \"Succeeded\",\r\n
        \         \"privateIPAllocationMethod\": \"Dynamic\",\r\n          \"publicIPAddress\":
        {\r\n            \"id\": \"/subscriptions/00000000-0000-0000-0000-000000000000/resourceGroups/cli_test_lb_address_pool_addresses000001/providers/Microsoft.Network/publicIPAddresses/PublicIPlb1\"\r\n
        \         },\r\n          \"privateIPAddressVersion\": \"IPv4\"\r\n        }\r\n
        \     }\r\n    ],\r\n    \"backendAddressPools\": [\r\n      {\r\n        \"name\":
        \"lb1bepool\",\r\n        \"id\": \"/subscriptions/00000000-0000-0000-0000-000000000000/resourceGroups/cli_test_lb_address_pool_addresses000001/providers/Microsoft.Network/loadBalancers/lb1/backendAddressPools/lb1bepool\",\r\n
        \       \"etag\": \"W/\\\"b25fca91-f2ae-43bf-a593-5994ac08b41c\\\"\",\r\n
        \       \"properties\": {\r\n          \"provisioningState\": \"Succeeded\",\r\n
        \         \"loadBalancerBackendAddresses\": []\r\n        },\r\n        \"type\":
        \"Microsoft.Network/loadBalancers/backendAddressPools\"\r\n      }\r\n    ],\r\n
        \   \"loadBalancingRules\": [],\r\n    \"probes\": [],\r\n    \"inboundNatRules\":
        [],\r\n    \"outboundRules\": [],\r\n    \"inboundNatPools\": []\r\n  },\r\n
        \ \"sku\": {\r\n    \"name\": \"Standard\",\r\n    \"tier\": \"Regional\"\r\n
        \ }\r\n}"
    headers:
      cache-control:
      - no-cache
      content-length:
      - '2213'
      content-type:
      - application/json; charset=utf-8
      date:
      - Mon, 30 Nov 2020 16:36:39 GMT
      etag:
      - W/"b25fca91-f2ae-43bf-a593-5994ac08b41c"
      expires:
      - '-1'
      pragma:
      - no-cache
      server:
      - Microsoft-HTTPAPI/2.0
      - Microsoft-HTTPAPI/2.0
      strict-transport-security:
      - max-age=31536000; includeSubDomains
      transfer-encoding:
      - chunked
      vary:
      - Accept-Encoding
      x-content-type-options:
      - nosniff
      x-ms-arm-service-request-id:
      - e9468bde-9b78-4461-b8b2-ecf9feb39e05
    status:
      code: 200
      message: OK
- request:
    body: '{"properties": {"loadBalancerBackendAddresses": [{"properties": {"virtualNetwork":
      {"id": "/subscriptions/00000000-0000-0000-0000-000000000000/resourceGroups/cli_test_lb_address_pool_addresses000001/providers/Microsoft.Network/virtualNetworks/clitestvnet",
      "properties": {"enableDdosProtection": false, "enableVmProtection": false}},
      "ipAddress": "10.0.0.4"}, "name": "address1"}, {"properties": {"virtualNetwork":
      {"id": "/subscriptions/00000000-0000-0000-0000-000000000000/resourceGroups/cli_test_lb_address_pool_addresses000001/providers/Microsoft.Network/virtualNetworks/clitestvnet",
      "properties": {"enableDdosProtection": false, "enableVmProtection": false}},
      "ipAddress": "10.0.0.5"}, "name": "address2"}]}, "name": "bap1"}'
    headers:
      Accept:
      - application/json
      Accept-Encoding:
      - gzip, deflate
      CommandName:
      - network lb address-pool create
      Connection:
      - keep-alive
      Content-Length:
      - '800'
      Content-Type:
      - application/json; charset=utf-8
      ParameterSetName:
      - -g --lb-name -n --vnet --backend-addresses-config-file
      User-Agent:
      - python/3.7.8 (Windows-10-10.0.19041-SP0) msrest/0.6.18 msrest_azure/0.6.3
        azure-mgmt-network/13.0.0 Azure-SDK-For-Python AZURECLI/2.15.1
      accept-language:
      - en-US
    method: PUT
    uri: https://management.azure.com/subscriptions/00000000-0000-0000-0000-000000000000/resourceGroups/cli_test_lb_address_pool_addresses000001/providers/Microsoft.Network/loadBalancers/lb1/backendAddressPools/bap1?api-version=2020-07-01
  response:
    body:
      string: "{\r\n  \"name\": \"bap1\",\r\n  \"id\": \"/subscriptions/00000000-0000-0000-0000-000000000000/resourceGroups/cli_test_lb_address_pool_addresses000001/providers/Microsoft.Network/loadBalancers/lb1/backendAddressPools/bap1\",\r\n
        \ \"etag\": \"W/\\\"f4ea5f68-d441-48f4-8a37-e4ebba30af25\\\"\",\r\n  \"properties\":
        {\r\n    \"provisioningState\": \"Updating\",\r\n    \"loadBalancerBackendAddresses\":
        [\r\n      {\r\n        \"name\": \"address1\",\r\n        \"id\": \"/subscriptions/00000000-0000-0000-0000-000000000000/resourceGroups/cli_test_lb_address_pool_addresses000001/providers/Microsoft.Network/loadBalancers/lb1/backendAddressPools/bap1/loadBalancerBackendAddresses/address1\",\r\n
        \       \"etag\": \"W/\\\"f4ea5f68-d441-48f4-8a37-e4ebba30af25\\\"\",\r\n
        \       \"properties\": {\r\n          \"provisioningState\": \"Updating\",\r\n
        \         \"ipAddress\": \"10.0.0.4\",\r\n          \"virtualNetwork\": {\r\n
        \           \"id\": \"/subscriptions/00000000-0000-0000-0000-000000000000/resourceGroups/cli_test_lb_address_pool_addresses000001/providers/Microsoft.Network/virtualNetworks/clitestvnet\"\r\n
        \         }\r\n        },\r\n        \"type\": \"Microsoft.Network/loadBalancers/backendAddressPools/loadBalancerBackendAddresses\"\r\n
        \     },\r\n      {\r\n        \"name\": \"address2\",\r\n        \"id\":
        \"/subscriptions/00000000-0000-0000-0000-000000000000/resourceGroups/cli_test_lb_address_pool_addresses000001/providers/Microsoft.Network/loadBalancers/lb1/backendAddressPools/bap1/loadBalancerBackendAddresses/address2\",\r\n
        \       \"etag\": \"W/\\\"f4ea5f68-d441-48f4-8a37-e4ebba30af25\\\"\",\r\n
        \       \"properties\": {\r\n          \"provisioningState\": \"Updating\",\r\n
        \         \"ipAddress\": \"10.0.0.5\",\r\n          \"virtualNetwork\": {\r\n
        \           \"id\": \"/subscriptions/00000000-0000-0000-0000-000000000000/resourceGroups/cli_test_lb_address_pool_addresses000001/providers/Microsoft.Network/virtualNetworks/clitestvnet\"\r\n
        \         }\r\n        },\r\n        \"type\": \"Microsoft.Network/loadBalancers/backendAddressPools/loadBalancerBackendAddresses\"\r\n
        \     }\r\n    ]\r\n  },\r\n  \"type\": \"Microsoft.Network/loadBalancers/backendAddressPools\"\r\n}"
    headers:
      azure-asyncoperation:
      - https://management.azure.com/subscriptions/00000000-0000-0000-0000-000000000000/providers/Microsoft.Network/locations/westus/operations/2c742238-6540-4c24-9e41-beef4c84a9ac?api-version=2020-07-01
      cache-control:
      - no-cache
      content-length:
      - '2203'
      content-type:
      - application/json; charset=utf-8
      date:
      - Mon, 30 Nov 2020 16:36:40 GMT
      expires:
      - '-1'
      pragma:
      - no-cache
      server:
      - Microsoft-HTTPAPI/2.0
      - Microsoft-HTTPAPI/2.0
      strict-transport-security:
      - max-age=31536000; includeSubDomains
      x-content-type-options:
      - nosniff
      x-ms-arm-service-request-id:
      - d9a42f6b-aca0-4370-8ee9-8c423a7b1bfa
      x-ms-ratelimit-remaining-subscription-writes:
      - '1187'
    status:
      code: 201
      message: Created
- request:
    body: null
    headers:
      Accept:
      - application/json
      Accept-Encoding:
      - gzip, deflate
      CommandName:
      - network lb address-pool create
      Connection:
      - keep-alive
      ParameterSetName:
      - -g --lb-name -n --vnet --backend-addresses-config-file
      User-Agent:
      - python/3.7.8 (Windows-10-10.0.19041-SP0) msrest/0.6.18 msrest_azure/0.6.3
        azure-mgmt-network/13.0.0 Azure-SDK-For-Python AZURECLI/2.15.1
    method: GET
    uri: https://management.azure.com/subscriptions/00000000-0000-0000-0000-000000000000/providers/Microsoft.Network/locations/westus/operations/2c742238-6540-4c24-9e41-beef4c84a9ac?api-version=2020-07-01
  response:
    body:
      string: "{\r\n  \"status\": \"Succeeded\"\r\n}"
    headers:
      cache-control:
      - no-cache
      content-length:
      - '29'
      content-type:
      - application/json; charset=utf-8
      date:
      - Mon, 30 Nov 2020 16:36:52 GMT
      expires:
      - '-1'
      pragma:
      - no-cache
      server:
      - Microsoft-HTTPAPI/2.0
      - Microsoft-HTTPAPI/2.0
      strict-transport-security:
      - max-age=31536000; includeSubDomains
      transfer-encoding:
      - chunked
      vary:
      - Accept-Encoding
      x-content-type-options:
      - nosniff
      x-ms-arm-service-request-id:
      - 96160e1e-38b7-4e06-af1c-efbd3f6ee39a
    status:
      code: 200
      message: OK
- request:
    body: null
    headers:
      Accept:
      - application/json
      Accept-Encoding:
      - gzip, deflate
      CommandName:
      - network lb address-pool create
      Connection:
      - keep-alive
      ParameterSetName:
      - -g --lb-name -n --vnet --backend-addresses-config-file
      User-Agent:
      - python/3.7.8 (Windows-10-10.0.19041-SP0) msrest/0.6.18 msrest_azure/0.6.3
        azure-mgmt-network/13.0.0 Azure-SDK-For-Python AZURECLI/2.15.1
    method: GET
    uri: https://management.azure.com/subscriptions/00000000-0000-0000-0000-000000000000/resourceGroups/cli_test_lb_address_pool_addresses000001/providers/Microsoft.Network/loadBalancers/lb1/backendAddressPools/bap1?api-version=2020-07-01
  response:
    body:
      string: "{\r\n  \"name\": \"bap1\",\r\n  \"id\": \"/subscriptions/00000000-0000-0000-0000-000000000000/resourceGroups/cli_test_lb_address_pool_addresses000001/providers/Microsoft.Network/loadBalancers/lb1/backendAddressPools/bap1\",\r\n
        \ \"etag\": \"W/\\\"e174a5ee-8893-4713-912a-c6a0a354b99d\\\"\",\r\n  \"properties\":
        {\r\n    \"provisioningState\": \"Succeeded\",\r\n    \"loadBalancerBackendAddresses\":
        [\r\n      {\r\n        \"name\": \"address1\",\r\n        \"id\": \"/subscriptions/00000000-0000-0000-0000-000000000000/resourceGroups/cli_test_lb_address_pool_addresses000001/providers/Microsoft.Network/loadBalancers/lb1/backendAddressPools/bap1/loadBalancerBackendAddresses/address1\",\r\n
        \       \"etag\": \"W/\\\"e174a5ee-8893-4713-912a-c6a0a354b99d\\\"\",\r\n
        \       \"properties\": {\r\n          \"provisioningState\": \"Succeeded\",\r\n
        \         \"ipAddress\": \"10.0.0.4\",\r\n          \"virtualNetwork\": {\r\n
        \           \"id\": \"/subscriptions/00000000-0000-0000-0000-000000000000/resourceGroups/cli_test_lb_address_pool_addresses000001/providers/Microsoft.Network/virtualNetworks/clitestvnet\"\r\n
        \         }\r\n        },\r\n        \"type\": \"Microsoft.Network/loadBalancers/backendAddressPools/loadBalancerBackendAddresses\"\r\n
        \     },\r\n      {\r\n        \"name\": \"address2\",\r\n        \"id\":
        \"/subscriptions/00000000-0000-0000-0000-000000000000/resourceGroups/cli_test_lb_address_pool_addresses000001/providers/Microsoft.Network/loadBalancers/lb1/backendAddressPools/bap1/loadBalancerBackendAddresses/address2\",\r\n
        \       \"etag\": \"W/\\\"e174a5ee-8893-4713-912a-c6a0a354b99d\\\"\",\r\n
        \       \"properties\": {\r\n          \"provisioningState\": \"Succeeded\",\r\n
        \         \"ipAddress\": \"10.0.0.5\",\r\n          \"virtualNetwork\": {\r\n
        \           \"id\": \"/subscriptions/00000000-0000-0000-0000-000000000000/resourceGroups/cli_test_lb_address_pool_addresses000001/providers/Microsoft.Network/virtualNetworks/clitestvnet\"\r\n
        \         }\r\n        },\r\n        \"type\": \"Microsoft.Network/loadBalancers/backendAddressPools/loadBalancerBackendAddresses\"\r\n
        \     }\r\n    ]\r\n  },\r\n  \"type\": \"Microsoft.Network/loadBalancers/backendAddressPools\"\r\n}"
    headers:
      cache-control:
      - no-cache
      content-length:
      - '2206'
      content-type:
      - application/json; charset=utf-8
      date:
      - Mon, 30 Nov 2020 16:36:53 GMT
      etag:
      - W/"e174a5ee-8893-4713-912a-c6a0a354b99d"
      expires:
      - '-1'
      pragma:
      - no-cache
      server:
      - Microsoft-HTTPAPI/2.0
      - Microsoft-HTTPAPI/2.0
      strict-transport-security:
      - max-age=31536000; includeSubDomains
      transfer-encoding:
      - chunked
      vary:
      - Accept-Encoding
      x-content-type-options:
      - nosniff
      x-ms-arm-service-request-id:
      - aa9fa458-2785-4e02-b6c6-1ddbc6ea2504
    status:
      code: 200
      message: OK
- request:
    body: null
    headers:
      Accept:
      - application/json
      Accept-Encoding:
      - gzip, deflate
      CommandName:
      - network lb address-pool address list
      Connection:
      - keep-alive
      ParameterSetName:
      - -g --lb-name --pool-name
      User-Agent:
      - python/3.7.8 (Windows-10-10.0.19041-SP0) msrest/0.6.18 msrest_azure/0.6.3
        azure-mgmt-network/13.0.0 Azure-SDK-For-Python AZURECLI/2.15.1
      accept-language:
      - en-US
    method: GET
    uri: https://management.azure.com/subscriptions/00000000-0000-0000-0000-000000000000/resourceGroups/cli_test_lb_address_pool_addresses000001/providers/Microsoft.Network/loadBalancers/lb1/backendAddressPools/bap1?api-version=2020-07-01
  response:
    body:
      string: "{\r\n  \"name\": \"bap1\",\r\n  \"id\": \"/subscriptions/00000000-0000-0000-0000-000000000000/resourceGroups/cli_test_lb_address_pool_addresses000001/providers/Microsoft.Network/loadBalancers/lb1/backendAddressPools/bap1\",\r\n
        \ \"etag\": \"W/\\\"e174a5ee-8893-4713-912a-c6a0a354b99d\\\"\",\r\n  \"properties\":
        {\r\n    \"provisioningState\": \"Succeeded\",\r\n    \"loadBalancerBackendAddresses\":
        [\r\n      {\r\n        \"name\": \"address1\",\r\n        \"id\": \"/subscriptions/00000000-0000-0000-0000-000000000000/resourceGroups/cli_test_lb_address_pool_addresses000001/providers/Microsoft.Network/loadBalancers/lb1/backendAddressPools/bap1/loadBalancerBackendAddresses/address1\",\r\n
        \       \"etag\": \"W/\\\"e174a5ee-8893-4713-912a-c6a0a354b99d\\\"\",\r\n
        \       \"properties\": {\r\n          \"provisioningState\": \"Succeeded\",\r\n
        \         \"ipAddress\": \"10.0.0.4\",\r\n          \"virtualNetwork\": {\r\n
        \           \"id\": \"/subscriptions/00000000-0000-0000-0000-000000000000/resourceGroups/cli_test_lb_address_pool_addresses000001/providers/Microsoft.Network/virtualNetworks/clitestvnet\"\r\n
        \         }\r\n        },\r\n        \"type\": \"Microsoft.Network/loadBalancers/backendAddressPools/loadBalancerBackendAddresses\"\r\n
        \     },\r\n      {\r\n        \"name\": \"address2\",\r\n        \"id\":
        \"/subscriptions/00000000-0000-0000-0000-000000000000/resourceGroups/cli_test_lb_address_pool_addresses000001/providers/Microsoft.Network/loadBalancers/lb1/backendAddressPools/bap1/loadBalancerBackendAddresses/address2\",\r\n
        \       \"etag\": \"W/\\\"e174a5ee-8893-4713-912a-c6a0a354b99d\\\"\",\r\n
        \       \"properties\": {\r\n          \"provisioningState\": \"Succeeded\",\r\n
        \         \"ipAddress\": \"10.0.0.5\",\r\n          \"virtualNetwork\": {\r\n
        \           \"id\": \"/subscriptions/00000000-0000-0000-0000-000000000000/resourceGroups/cli_test_lb_address_pool_addresses000001/providers/Microsoft.Network/virtualNetworks/clitestvnet\"\r\n
        \         }\r\n        },\r\n        \"type\": \"Microsoft.Network/loadBalancers/backendAddressPools/loadBalancerBackendAddresses\"\r\n
        \     }\r\n    ]\r\n  },\r\n  \"type\": \"Microsoft.Network/loadBalancers/backendAddressPools\"\r\n}"
    headers:
      cache-control:
      - no-cache
      content-length:
      - '2206'
      content-type:
      - application/json; charset=utf-8
      date:
      - Mon, 30 Nov 2020 16:36:55 GMT
      etag:
      - W/"e174a5ee-8893-4713-912a-c6a0a354b99d"
      expires:
      - '-1'
      pragma:
      - no-cache
      server:
      - Microsoft-HTTPAPI/2.0
      - Microsoft-HTTPAPI/2.0
      strict-transport-security:
      - max-age=31536000; includeSubDomains
      transfer-encoding:
      - chunked
      vary:
      - Accept-Encoding
      x-content-type-options:
      - nosniff
      x-ms-arm-service-request-id:
      - 9ada25ba-9b01-4885-9c3f-a722b18b952f
    status:
      code: 200
      message: OK
- request:
    body: null
    headers:
      Accept:
      - application/json
      Accept-Encoding:
      - gzip, deflate
      CommandName:
      - network lb address-pool delete
      Connection:
      - keep-alive
      ParameterSetName:
      - -g --lb-name -n
      User-Agent:
      - python/3.7.8 (Windows-10-10.0.19041-SP0) msrest/0.6.18 msrest_azure/0.6.3
        azure-mgmt-network/13.0.0 Azure-SDK-For-Python AZURECLI/2.15.1
      accept-language:
      - en-US
    method: GET
    uri: https://management.azure.com/subscriptions/00000000-0000-0000-0000-000000000000/resourceGroups/cli_test_lb_address_pool_addresses000001/providers/Microsoft.Network/loadBalancers/lb1?api-version=2020-07-01
  response:
    body:
      string: "{\r\n  \"name\": \"lb1\",\r\n  \"id\": \"/subscriptions/00000000-0000-0000-0000-000000000000/resourceGroups/cli_test_lb_address_pool_addresses000001/providers/Microsoft.Network/loadBalancers/lb1\",\r\n
        \ \"etag\": \"W/\\\"e174a5ee-8893-4713-912a-c6a0a354b99d\\\"\",\r\n  \"type\":
        \"Microsoft.Network/loadBalancers\",\r\n  \"location\": \"westus\",\r\n  \"tags\":
        {},\r\n  \"properties\": {\r\n    \"provisioningState\": \"Succeeded\",\r\n
        \   \"resourceGuid\": \"930654d8-153c-40d4-abf5-682fdd4fbfd1\",\r\n    \"frontendIPConfigurations\":
        [\r\n      {\r\n        \"name\": \"LoadBalancerFrontEnd\",\r\n        \"id\":
        \"/subscriptions/00000000-0000-0000-0000-000000000000/resourceGroups/cli_test_lb_address_pool_addresses000001/providers/Microsoft.Network/loadBalancers/lb1/frontendIPConfigurations/LoadBalancerFrontEnd\",\r\n
        \       \"etag\": \"W/\\\"e174a5ee-8893-4713-912a-c6a0a354b99d\\\"\",\r\n
        \       \"type\": \"Microsoft.Network/loadBalancers/frontendIPConfigurations\",\r\n
        \       \"properties\": {\r\n          \"provisioningState\": \"Succeeded\",\r\n
        \         \"privateIPAllocationMethod\": \"Dynamic\",\r\n          \"publicIPAddress\":
        {\r\n            \"id\": \"/subscriptions/00000000-0000-0000-0000-000000000000/resourceGroups/cli_test_lb_address_pool_addresses000001/providers/Microsoft.Network/publicIPAddresses/PublicIPlb1\"\r\n
        \         },\r\n          \"privateIPAddressVersion\": \"IPv4\"\r\n        }\r\n
        \     }\r\n    ],\r\n    \"backendAddressPools\": [\r\n      {\r\n        \"name\":
        \"lb1bepool\",\r\n        \"id\": \"/subscriptions/00000000-0000-0000-0000-000000000000/resourceGroups/cli_test_lb_address_pool_addresses000001/providers/Microsoft.Network/loadBalancers/lb1/backendAddressPools/lb1bepool\",\r\n
        \       \"etag\": \"W/\\\"e174a5ee-8893-4713-912a-c6a0a354b99d\\\"\",\r\n
        \       \"properties\": {\r\n          \"provisioningState\": \"Succeeded\",\r\n
        \         \"loadBalancerBackendAddresses\": []\r\n        },\r\n        \"type\":
        \"Microsoft.Network/loadBalancers/backendAddressPools\"\r\n      },\r\n      {\r\n
        \       \"name\": \"bap1\",\r\n        \"id\": \"/subscriptions/00000000-0000-0000-0000-000000000000/resourceGroups/cli_test_lb_address_pool_addresses000001/providers/Microsoft.Network/loadBalancers/lb1/backendAddressPools/bap1\",\r\n
        \       \"etag\": \"W/\\\"e174a5ee-8893-4713-912a-c6a0a354b99d\\\"\",\r\n
        \       \"properties\": {\r\n          \"provisioningState\": \"Succeeded\",\r\n
        \         \"loadBalancerBackendAddresses\": [\r\n            {\r\n              \"name\":
        \"address1\",\r\n              \"id\": \"/subscriptions/00000000-0000-0000-0000-000000000000/resourceGroups/cli_test_lb_address_pool_addresses000001/providers/Microsoft.Network/loadBalancers/lb1/backendAddressPools/bap1/loadBalancerBackendAddresses/address1\",\r\n
        \             \"etag\": \"W/\\\"e174a5ee-8893-4713-912a-c6a0a354b99d\\\"\",\r\n
        \             \"properties\": {\r\n                \"provisioningState\":
        \"Succeeded\",\r\n                \"ipAddress\": \"10.0.0.4\",\r\n                \"virtualNetwork\":
        {\r\n                  \"id\": \"/subscriptions/00000000-0000-0000-0000-000000000000/resourceGroups/cli_test_lb_address_pool_addresses000001/providers/Microsoft.Network/virtualNetworks/clitestvnet\"\r\n
        \               }\r\n              },\r\n              \"type\": \"Microsoft.Network/loadBalancers/backendAddressPools/loadBalancerBackendAddresses\"\r\n
        \           },\r\n            {\r\n              \"name\": \"address2\",\r\n
        \             \"id\": \"/subscriptions/00000000-0000-0000-0000-000000000000/resourceGroups/cli_test_lb_address_pool_addresses000001/providers/Microsoft.Network/loadBalancers/lb1/backendAddressPools/bap1/loadBalancerBackendAddresses/address2\",\r\n
        \             \"etag\": \"W/\\\"e174a5ee-8893-4713-912a-c6a0a354b99d\\\"\",\r\n
        \             \"properties\": {\r\n                \"provisioningState\":
        \"Succeeded\",\r\n                \"ipAddress\": \"10.0.0.5\",\r\n                \"virtualNetwork\":
        {\r\n                  \"id\": \"/subscriptions/00000000-0000-0000-0000-000000000000/resourceGroups/cli_test_lb_address_pool_addresses000001/providers/Microsoft.Network/virtualNetworks/clitestvnet\"\r\n
        \               }\r\n              },\r\n              \"type\": \"Microsoft.Network/loadBalancers/backendAddressPools/loadBalancerBackendAddresses\"\r\n
        \           }\r\n          ]\r\n        },\r\n        \"type\": \"Microsoft.Network/loadBalancers/backendAddressPools\"\r\n
        \     }\r\n    ],\r\n    \"loadBalancingRules\": [],\r\n    \"probes\": [],\r\n
        \   \"inboundNatRules\": [],\r\n    \"outboundRules\": [],\r\n    \"inboundNatPools\":
        []\r\n  },\r\n  \"sku\": {\r\n    \"name\": \"Standard\",\r\n    \"tier\":
        \"Regional\"\r\n  }\r\n}"
    headers:
      cache-control:
      - no-cache
      content-length:
      - '4644'
      content-type:
      - application/json; charset=utf-8
      date:
      - Mon, 30 Nov 2020 16:36:57 GMT
      etag:
      - W/"e174a5ee-8893-4713-912a-c6a0a354b99d"
      expires:
      - '-1'
      pragma:
      - no-cache
      server:
      - Microsoft-HTTPAPI/2.0
      - Microsoft-HTTPAPI/2.0
      strict-transport-security:
      - max-age=31536000; includeSubDomains
      transfer-encoding:
      - chunked
      vary:
      - Accept-Encoding
      x-content-type-options:
      - nosniff
      x-ms-arm-service-request-id:
      - 64afac99-c5a3-447b-9b90-9e34867fe3c9
    status:
      code: 200
      message: OK
- request:
    body: null
    headers:
      Accept:
      - application/json
      Accept-Encoding:
      - gzip, deflate
      CommandName:
      - network lb address-pool delete
      Connection:
      - keep-alive
      Content-Length:
      - '0'
      ParameterSetName:
      - -g --lb-name -n
      User-Agent:
      - python/3.7.8 (Windows-10-10.0.19041-SP0) msrest/0.6.18 msrest_azure/0.6.3
        azure-mgmt-network/13.0.0 Azure-SDK-For-Python AZURECLI/2.15.1
      accept-language:
      - en-US
    method: DELETE
    uri: https://management.azure.com/subscriptions/00000000-0000-0000-0000-000000000000/resourceGroups/cli_test_lb_address_pool_addresses000001/providers/Microsoft.Network/loadBalancers/lb1/backendAddressPools/bap1?api-version=2020-07-01
  response:
    body:
      string: ''
    headers:
      azure-asyncoperation:
      - https://management.azure.com/subscriptions/00000000-0000-0000-0000-000000000000/providers/Microsoft.Network/locations/westus/operations/db309e35-b1a0-4c08-8442-a0a8cf6daaa4?api-version=2020-07-01
      cache-control:
      - no-cache
      content-length:
      - '0'
      date:
      - Mon, 30 Nov 2020 16:36:57 GMT
      expires:
      - '-1'
      location:
      - https://management.azure.com/subscriptions/00000000-0000-0000-0000-000000000000/providers/Microsoft.Network/locations/westus/operationResults/db309e35-b1a0-4c08-8442-a0a8cf6daaa4?api-version=2020-07-01
      pragma:
      - no-cache
      server:
      - Microsoft-HTTPAPI/2.0
      - Microsoft-HTTPAPI/2.0
      strict-transport-security:
      - max-age=31536000; includeSubDomains
      x-content-type-options:
      - nosniff
      x-ms-arm-service-request-id:
      - 45675ee6-eb38-47d4-bf2b-3bef9f70dcd9
      x-ms-ratelimit-remaining-subscription-deletes:
      - '14998'
    status:
      code: 202
      message: Accepted
- request:
    body: null
    headers:
      Accept:
      - application/json
      Accept-Encoding:
      - gzip, deflate
      CommandName:
      - network lb address-pool delete
      Connection:
      - keep-alive
      ParameterSetName:
      - -g --lb-name -n
      User-Agent:
      - python/3.7.8 (Windows-10-10.0.19041-SP0) msrest/0.6.18 msrest_azure/0.6.3
        azure-mgmt-network/13.0.0 Azure-SDK-For-Python AZURECLI/2.15.1
    method: GET
    uri: https://management.azure.com/subscriptions/00000000-0000-0000-0000-000000000000/providers/Microsoft.Network/locations/westus/operations/db309e35-b1a0-4c08-8442-a0a8cf6daaa4?api-version=2020-07-01
  response:
    body:
      string: "{\r\n  \"status\": \"Succeeded\"\r\n}"
    headers:
      cache-control:
      - no-cache
      content-length:
      - '29'
      content-type:
      - application/json; charset=utf-8
      date:
      - Mon, 30 Nov 2020 16:37:09 GMT
      expires:
      - '-1'
      pragma:
      - no-cache
      server:
      - Microsoft-HTTPAPI/2.0
      - Microsoft-HTTPAPI/2.0
      strict-transport-security:
      - max-age=31536000; includeSubDomains
      transfer-encoding:
      - chunked
      vary:
      - Accept-Encoding
      x-content-type-options:
      - nosniff
      x-ms-arm-service-request-id:
      - 55fc60bd-af56-4fe2-9a73-b0cdf33dc36c
    status:
      code: 200
      message: OK
- request:
    body: null
    headers:
      Accept:
      - application/json
      Accept-Encoding:
      - gzip, deflate
      CommandName:
      - network lb address-pool list
      Connection:
      - keep-alive
      ParameterSetName:
      - -g --lb-name
      User-Agent:
      - python/3.7.8 (Windows-10-10.0.19041-SP0) msrest/0.6.18 msrest_azure/0.6.3
        azure-mgmt-network/13.0.0 Azure-SDK-For-Python AZURECLI/2.15.1
      accept-language:
      - en-US
    method: GET
    uri: https://management.azure.com/subscriptions/00000000-0000-0000-0000-000000000000/resourceGroups/cli_test_lb_address_pool_addresses000001/providers/Microsoft.Network/loadBalancers/lb1/backendAddressPools?api-version=2020-07-01
  response:
    body:
      string: "{\r\n  \"value\": [\r\n    {\r\n      \"name\": \"lb1bepool\",\r\n
        \     \"id\": \"/subscriptions/00000000-0000-0000-0000-000000000000/resourceGroups/cli_test_lb_address_pool_addresses000001/providers/Microsoft.Network/loadBalancers/lb1/backendAddressPools/lb1bepool\",\r\n
        \     \"etag\": \"W/\\\"6a51a196-ce31-4728-9d2e-9dbd052050e4\\\"\",\r\n      \"properties\":
        {\r\n        \"provisioningState\": \"Succeeded\",\r\n        \"loadBalancerBackendAddresses\":
        []\r\n      },\r\n      \"type\": \"Microsoft.Network/loadBalancers/backendAddressPools\"\r\n
        \   }\r\n  ]\r\n}"
    headers:
      cache-control:
      - no-cache
      content-length:
      - '550'
      content-type:
      - application/json; charset=utf-8
      date:
      - Mon, 30 Nov 2020 16:37:11 GMT
      expires:
      - '-1'
      pragma:
      - no-cache
      server:
      - Microsoft-HTTPAPI/2.0
      - Microsoft-HTTPAPI/2.0
      strict-transport-security:
      - max-age=31536000; includeSubDomains
      transfer-encoding:
      - chunked
      vary:
      - Accept-Encoding
      x-content-type-options:
      - nosniff
      x-ms-arm-service-request-id:
      - 9808b3a5-85c4-4c24-aa4e-a32fcd00f00f
    status:
      code: 200
      message: OK
- request:
    body: null
    headers:
      Accept:
      - application/json
      Accept-Encoding:
      - gzip, deflate
      CommandName:
      - network lb address-pool create
      Connection:
      - keep-alive
      ParameterSetName:
      - -g --lb-name -n --vnet
      User-Agent:
      - python/3.7.8 (Windows-10-10.0.19041-SP0) msrest/0.6.18 msrest_azure/0.6.3
        azure-mgmt-network/13.0.0 Azure-SDK-For-Python AZURECLI/2.15.1
      accept-language:
      - en-US
    method: GET
    uri: https://management.azure.com/subscriptions/00000000-0000-0000-0000-000000000000/resourceGroups/cli_test_lb_address_pool_addresses000001/providers/Microsoft.Network/loadBalancers/lb1?api-version=2020-07-01
  response:
    body:
      string: "{\r\n  \"name\": \"lb1\",\r\n  \"id\": \"/subscriptions/00000000-0000-0000-0000-000000000000/resourceGroups/cli_test_lb_address_pool_addresses000001/providers/Microsoft.Network/loadBalancers/lb1\",\r\n
        \ \"etag\": \"W/\\\"6a51a196-ce31-4728-9d2e-9dbd052050e4\\\"\",\r\n  \"type\":
        \"Microsoft.Network/loadBalancers\",\r\n  \"location\": \"westus\",\r\n  \"tags\":
        {},\r\n  \"properties\": {\r\n    \"provisioningState\": \"Succeeded\",\r\n
        \   \"resourceGuid\": \"930654d8-153c-40d4-abf5-682fdd4fbfd1\",\r\n    \"frontendIPConfigurations\":
        [\r\n      {\r\n        \"name\": \"LoadBalancerFrontEnd\",\r\n        \"id\":
        \"/subscriptions/00000000-0000-0000-0000-000000000000/resourceGroups/cli_test_lb_address_pool_addresses000001/providers/Microsoft.Network/loadBalancers/lb1/frontendIPConfigurations/LoadBalancerFrontEnd\",\r\n
        \       \"etag\": \"W/\\\"6a51a196-ce31-4728-9d2e-9dbd052050e4\\\"\",\r\n
        \       \"type\": \"Microsoft.Network/loadBalancers/frontendIPConfigurations\",\r\n
        \       \"properties\": {\r\n          \"provisioningState\": \"Succeeded\",\r\n
        \         \"privateIPAllocationMethod\": \"Dynamic\",\r\n          \"publicIPAddress\":
        {\r\n            \"id\": \"/subscriptions/00000000-0000-0000-0000-000000000000/resourceGroups/cli_test_lb_address_pool_addresses000001/providers/Microsoft.Network/publicIPAddresses/PublicIPlb1\"\r\n
        \         },\r\n          \"privateIPAddressVersion\": \"IPv4\"\r\n        }\r\n
        \     }\r\n    ],\r\n    \"backendAddressPools\": [\r\n      {\r\n        \"name\":
        \"lb1bepool\",\r\n        \"id\": \"/subscriptions/00000000-0000-0000-0000-000000000000/resourceGroups/cli_test_lb_address_pool_addresses000001/providers/Microsoft.Network/loadBalancers/lb1/backendAddressPools/lb1bepool\",\r\n
        \       \"etag\": \"W/\\\"6a51a196-ce31-4728-9d2e-9dbd052050e4\\\"\",\r\n
        \       \"properties\": {\r\n          \"provisioningState\": \"Succeeded\",\r\n
        \         \"loadBalancerBackendAddresses\": []\r\n        },\r\n        \"type\":
        \"Microsoft.Network/loadBalancers/backendAddressPools\"\r\n      }\r\n    ],\r\n
        \   \"loadBalancingRules\": [],\r\n    \"probes\": [],\r\n    \"inboundNatRules\":
        [],\r\n    \"outboundRules\": [],\r\n    \"inboundNatPools\": []\r\n  },\r\n
        \ \"sku\": {\r\n    \"name\": \"Standard\",\r\n    \"tier\": \"Regional\"\r\n
        \ }\r\n}"
    headers:
      cache-control:
      - no-cache
      content-length:
      - '2213'
      content-type:
      - application/json; charset=utf-8
      date:
      - Mon, 30 Nov 2020 16:37:12 GMT
      etag:
      - W/"6a51a196-ce31-4728-9d2e-9dbd052050e4"
      expires:
      - '-1'
      pragma:
      - no-cache
      server:
      - Microsoft-HTTPAPI/2.0
      - Microsoft-HTTPAPI/2.0
      strict-transport-security:
      - max-age=31536000; includeSubDomains
      transfer-encoding:
      - chunked
      vary:
      - Accept-Encoding
      x-content-type-options:
      - nosniff
      x-ms-arm-service-request-id:
      - 88e4ae5f-13af-44e1-936b-a88db3829ed6
    status:
      code: 200
      message: OK
- request:
    body: '{"name": "bap1"}'
    headers:
      Accept:
      - application/json
      Accept-Encoding:
      - gzip, deflate
      CommandName:
      - network lb address-pool create
      Connection:
      - keep-alive
      Content-Length:
      - '16'
      Content-Type:
      - application/json; charset=utf-8
      ParameterSetName:
      - -g --lb-name -n --vnet
      User-Agent:
      - python/3.7.8 (Windows-10-10.0.19041-SP0) msrest/0.6.18 msrest_azure/0.6.3
        azure-mgmt-network/13.0.0 Azure-SDK-For-Python AZURECLI/2.15.1
      accept-language:
      - en-US
    method: PUT
    uri: https://management.azure.com/subscriptions/00000000-0000-0000-0000-000000000000/resourceGroups/cli_test_lb_address_pool_addresses000001/providers/Microsoft.Network/loadBalancers/lb1/backendAddressPools/bap1?api-version=2020-07-01
  response:
    body:
      string: "{\r\n  \"name\": \"bap1\",\r\n  \"id\": \"/subscriptions/00000000-0000-0000-0000-000000000000/resourceGroups/cli_test_lb_address_pool_addresses000001/providers/Microsoft.Network/loadBalancers/lb1/backendAddressPools/bap1\",\r\n
        \ \"etag\": \"W/\\\"57e5ecfd-3db9-483c-bed0-41e15bc003ba\\\"\",\r\n  \"properties\":
        {\r\n    \"provisioningState\": \"Updating\",\r\n    \"loadBalancerBackendAddresses\":
        []\r\n  },\r\n  \"type\": \"Microsoft.Network/loadBalancers/backendAddressPools\"\r\n}"
    headers:
      azure-asyncoperation:
      - https://management.azure.com/subscriptions/00000000-0000-0000-0000-000000000000/providers/Microsoft.Network/locations/westus/operations/39acd1a7-ff1a-441d-a832-dcee11a271a8?api-version=2020-07-01
      cache-control:
      - no-cache
      content-length:
      - '474'
      content-type:
      - application/json; charset=utf-8
      date:
      - Mon, 30 Nov 2020 16:37:13 GMT
      expires:
      - '-1'
      pragma:
      - no-cache
      server:
      - Microsoft-HTTPAPI/2.0
      - Microsoft-HTTPAPI/2.0
      strict-transport-security:
      - max-age=31536000; includeSubDomains
      x-content-type-options:
      - nosniff
      x-ms-arm-service-request-id:
      - f88c703a-1c44-4bad-ab09-c5e8bcd2d74d
      x-ms-ratelimit-remaining-subscription-writes:
      - '1185'
    status:
      code: 201
      message: Created
- request:
    body: null
    headers:
      Accept:
      - application/json
      Accept-Encoding:
      - gzip, deflate
      CommandName:
      - network lb address-pool create
      Connection:
      - keep-alive
      ParameterSetName:
      - -g --lb-name -n --vnet
      User-Agent:
      - python/3.7.8 (Windows-10-10.0.19041-SP0) msrest/0.6.18 msrest_azure/0.6.3
        azure-mgmt-network/13.0.0 Azure-SDK-For-Python AZURECLI/2.15.1
    method: GET
    uri: https://management.azure.com/subscriptions/00000000-0000-0000-0000-000000000000/providers/Microsoft.Network/locations/westus/operations/39acd1a7-ff1a-441d-a832-dcee11a271a8?api-version=2020-07-01
  response:
    body:
      string: "{\r\n  \"status\": \"Succeeded\"\r\n}"
    headers:
      cache-control:
      - no-cache
      content-length:
      - '29'
      content-type:
      - application/json; charset=utf-8
      date:
      - Mon, 30 Nov 2020 16:37:26 GMT
      expires:
      - '-1'
      pragma:
      - no-cache
      server:
      - Microsoft-HTTPAPI/2.0
      - Microsoft-HTTPAPI/2.0
      strict-transport-security:
      - max-age=31536000; includeSubDomains
      transfer-encoding:
      - chunked
      vary:
      - Accept-Encoding
      x-content-type-options:
      - nosniff
      x-ms-arm-service-request-id:
      - aac05415-5206-4e77-af2f-35d4222fa84f
    status:
      code: 200
      message: OK
- request:
    body: null
    headers:
      Accept:
      - application/json
      Accept-Encoding:
      - gzip, deflate
      CommandName:
      - network lb address-pool create
      Connection:
      - keep-alive
      ParameterSetName:
      - -g --lb-name -n --vnet
      User-Agent:
      - python/3.7.8 (Windows-10-10.0.19041-SP0) msrest/0.6.18 msrest_azure/0.6.3
        azure-mgmt-network/13.0.0 Azure-SDK-For-Python AZURECLI/2.15.1
    method: GET
    uri: https://management.azure.com/subscriptions/00000000-0000-0000-0000-000000000000/resourceGroups/cli_test_lb_address_pool_addresses000001/providers/Microsoft.Network/loadBalancers/lb1/backendAddressPools/bap1?api-version=2020-07-01
  response:
    body:
      string: "{\r\n  \"name\": \"bap1\",\r\n  \"id\": \"/subscriptions/00000000-0000-0000-0000-000000000000/resourceGroups/cli_test_lb_address_pool_addresses000001/providers/Microsoft.Network/loadBalancers/lb1/backendAddressPools/bap1\",\r\n
        \ \"etag\": \"W/\\\"8277656c-f83d-490d-b58c-81260a4e51e7\\\"\",\r\n  \"properties\":
        {\r\n    \"provisioningState\": \"Succeeded\",\r\n    \"loadBalancerBackendAddresses\":
        []\r\n  },\r\n  \"type\": \"Microsoft.Network/loadBalancers/backendAddressPools\"\r\n}"
    headers:
      cache-control:
      - no-cache
      content-length:
      - '475'
      content-type:
      - application/json; charset=utf-8
      date:
      - Mon, 30 Nov 2020 16:37:26 GMT
      etag:
      - W/"8277656c-f83d-490d-b58c-81260a4e51e7"
      expires:
      - '-1'
      pragma:
      - no-cache
      server:
      - Microsoft-HTTPAPI/2.0
      - Microsoft-HTTPAPI/2.0
      strict-transport-security:
      - max-age=31536000; includeSubDomains
      transfer-encoding:
      - chunked
      vary:
      - Accept-Encoding
      x-content-type-options:
      - nosniff
      x-ms-arm-service-request-id:
      - 99bd38e0-1e78-4acf-935a-0e1780869cc0
    status:
      code: 200
      message: OK
- request:
    body: null
    headers:
      Accept:
      - application/json
      Accept-Encoding:
      - gzip, deflate
      CommandName:
      - network lb address-pool address add
      Connection:
      - keep-alive
      ParameterSetName:
      - -g --lb-name --pool-name --name --vnet --ip-address
      User-Agent:
      - python/3.7.8 (Windows-10-10.0.19041-SP0) msrest/0.6.18 msrest_azure/0.6.3
        azure-mgmt-network/13.0.0 Azure-SDK-For-Python AZURECLI/2.15.1
      accept-language:
      - en-US
    method: GET
    uri: https://management.azure.com/subscriptions/00000000-0000-0000-0000-000000000000/resourceGroups/cli_test_lb_address_pool_addresses000001/providers/Microsoft.Network/loadBalancers/lb1/backendAddressPools/bap1?api-version=2020-07-01
  response:
    body:
      string: "{\r\n  \"name\": \"bap1\",\r\n  \"id\": \"/subscriptions/00000000-0000-0000-0000-000000000000/resourceGroups/cli_test_lb_address_pool_addresses000001/providers/Microsoft.Network/loadBalancers/lb1/backendAddressPools/bap1\",\r\n
        \ \"etag\": \"W/\\\"8277656c-f83d-490d-b58c-81260a4e51e7\\\"\",\r\n  \"properties\":
        {\r\n    \"provisioningState\": \"Succeeded\",\r\n    \"loadBalancerBackendAddresses\":
        []\r\n  },\r\n  \"type\": \"Microsoft.Network/loadBalancers/backendAddressPools\"\r\n}"
    headers:
      cache-control:
      - no-cache
      content-length:
      - '475'
      content-type:
      - application/json; charset=utf-8
      date:
      - Mon, 30 Nov 2020 16:37:28 GMT
      etag:
      - W/"8277656c-f83d-490d-b58c-81260a4e51e7"
      expires:
      - '-1'
      pragma:
      - no-cache
      server:
      - Microsoft-HTTPAPI/2.0
      - Microsoft-HTTPAPI/2.0
      strict-transport-security:
      - max-age=31536000; includeSubDomains
      transfer-encoding:
      - chunked
      vary:
      - Accept-Encoding
      x-content-type-options:
      - nosniff
      x-ms-arm-service-request-id:
      - eab32e86-f740-4b3b-9b65-f5f94e2843fa
    status:
      code: 200
      message: OK
- request:
    body: '{"id": "/subscriptions/00000000-0000-0000-0000-000000000000/resourceGroups/cli_test_lb_address_pool_addresses000001/providers/Microsoft.Network/loadBalancers/lb1/backendAddressPools/bap1",
      "properties": {"loadBalancerBackendAddresses": [{"properties": {"virtualNetwork":
      {"id": "/subscriptions/00000000-0000-0000-0000-000000000000/resourceGroups/cli_test_lb_address_pool_addresses000001/providers/Microsoft.Network/virtualNetworks/clitestvnet",
      "properties": {"enableDdosProtection": false, "enableVmProtection": false}},
      "ipAddress": "10.0.0.6"}, "name": "addr6"}]}, "name": "bap1"}'
    headers:
      Accept:
      - application/json
      Accept-Encoding:
      - gzip, deflate
      CommandName:
      - network lb address-pool address add
      Connection:
      - keep-alive
      Content-Length:
      - '653'
      Content-Type:
      - application/json; charset=utf-8
      ParameterSetName:
      - -g --lb-name --pool-name --name --vnet --ip-address
      User-Agent:
      - python/3.7.8 (Windows-10-10.0.19041-SP0) msrest/0.6.18 msrest_azure/0.6.3
        azure-mgmt-network/13.0.0 Azure-SDK-For-Python AZURECLI/2.15.1
      accept-language:
      - en-US
    method: PUT
    uri: https://management.azure.com/subscriptions/00000000-0000-0000-0000-000000000000/resourceGroups/cli_test_lb_address_pool_addresses000001/providers/Microsoft.Network/loadBalancers/lb1/backendAddressPools/bap1?api-version=2020-07-01
  response:
    body:
      string: "{\r\n  \"name\": \"bap1\",\r\n  \"id\": \"/subscriptions/00000000-0000-0000-0000-000000000000/resourceGroups/cli_test_lb_address_pool_addresses000001/providers/Microsoft.Network/loadBalancers/lb1/backendAddressPools/bap1\",\r\n
        \ \"etag\": \"W/\\\"b552a73d-00d4-4311-bbbf-9b9cadb0ed41\\\"\",\r\n  \"properties\":
        {\r\n    \"provisioningState\": \"Updating\",\r\n    \"loadBalancerBackendAddresses\":
        [\r\n      {\r\n        \"name\": \"addr6\",\r\n        \"id\": \"/subscriptions/00000000-0000-0000-0000-000000000000/resourceGroups/cli_test_lb_address_pool_addresses000001/providers/Microsoft.Network/loadBalancers/lb1/backendAddressPools/bap1/loadBalancerBackendAddresses/addr6\",\r\n
        \       \"etag\": \"W/\\\"b552a73d-00d4-4311-bbbf-9b9cadb0ed41\\\"\",\r\n
        \       \"properties\": {\r\n          \"provisioningState\": \"Updating\",\r\n
        \         \"ipAddress\": \"10.0.0.6\",\r\n          \"virtualNetwork\": {\r\n
        \           \"id\": \"/subscriptions/00000000-0000-0000-0000-000000000000/resourceGroups/cli_test_lb_address_pool_addresses000001/providers/Microsoft.Network/virtualNetworks/clitestvnet\"\r\n
        \         }\r\n        },\r\n        \"type\": \"Microsoft.Network/loadBalancers/backendAddressPools/loadBalancerBackendAddresses\"\r\n
        \     }\r\n    ]\r\n  },\r\n  \"type\": \"Microsoft.Network/loadBalancers/backendAddressPools\"\r\n}"
    headers:
      azure-asyncoperation:
      - https://management.azure.com/subscriptions/00000000-0000-0000-0000-000000000000/providers/Microsoft.Network/locations/westus/operations/d79cb85c-cdba-4c2a-902c-5d0ff31101d1?api-version=2020-07-01
      cache-control:
      - no-cache
      content-length:
      - '1335'
      content-type:
      - application/json; charset=utf-8
      date:
      - Mon, 30 Nov 2020 16:37:29 GMT
      expires:
      - '-1'
      pragma:
      - no-cache
      server:
      - Microsoft-HTTPAPI/2.0
      - Microsoft-HTTPAPI/2.0
      strict-transport-security:
      - max-age=31536000; includeSubDomains
      transfer-encoding:
      - chunked
      vary:
      - Accept-Encoding
      x-content-type-options:
      - nosniff
      x-ms-arm-service-request-id:
      - 931d27f6-874f-4a1a-8b54-e2274c30c775
      x-ms-ratelimit-remaining-subscription-writes:
      - '1184'
    status:
      code: 200
      message: OK
- request:
    body: null
    headers:
      Accept:
      - application/json
      Accept-Encoding:
      - gzip, deflate
      CommandName:
      - network lb address-pool address add
      Connection:
      - keep-alive
      ParameterSetName:
      - -g --lb-name --pool-name --name --vnet --ip-address
      User-Agent:
      - python/3.7.8 (Windows-10-10.0.19041-SP0) msrest/0.6.18 msrest_azure/0.6.3
        azure-mgmt-network/13.0.0 Azure-SDK-For-Python AZURECLI/2.15.1
    method: GET
    uri: https://management.azure.com/subscriptions/00000000-0000-0000-0000-000000000000/providers/Microsoft.Network/locations/westus/operations/d79cb85c-cdba-4c2a-902c-5d0ff31101d1?api-version=2020-07-01
  response:
    body:
      string: "{\r\n  \"status\": \"Succeeded\"\r\n}"
    headers:
      cache-control:
      - no-cache
      content-length:
      - '29'
      content-type:
      - application/json; charset=utf-8
      date:
      - Mon, 30 Nov 2020 16:37:41 GMT
      expires:
      - '-1'
      pragma:
      - no-cache
      server:
      - Microsoft-HTTPAPI/2.0
      - Microsoft-HTTPAPI/2.0
      strict-transport-security:
      - max-age=31536000; includeSubDomains
      transfer-encoding:
      - chunked
      vary:
      - Accept-Encoding
      x-content-type-options:
      - nosniff
      x-ms-arm-service-request-id:
      - 2d68102c-512a-4d21-9480-8829181f04f2
    status:
      code: 200
      message: OK
- request:
    body: null
    headers:
      Accept:
      - application/json
      Accept-Encoding:
      - gzip, deflate
      CommandName:
      - network lb address-pool address add
      Connection:
      - keep-alive
      ParameterSetName:
      - -g --lb-name --pool-name --name --vnet --ip-address
      User-Agent:
      - python/3.7.8 (Windows-10-10.0.19041-SP0) msrest/0.6.18 msrest_azure/0.6.3
        azure-mgmt-network/13.0.0 Azure-SDK-For-Python AZURECLI/2.15.1
    method: GET
    uri: https://management.azure.com/subscriptions/00000000-0000-0000-0000-000000000000/resourceGroups/cli_test_lb_address_pool_addresses000001/providers/Microsoft.Network/loadBalancers/lb1/backendAddressPools/bap1?api-version=2020-07-01
  response:
    body:
      string: "{\r\n  \"name\": \"bap1\",\r\n  \"id\": \"/subscriptions/00000000-0000-0000-0000-000000000000/resourceGroups/cli_test_lb_address_pool_addresses000001/providers/Microsoft.Network/loadBalancers/lb1/backendAddressPools/bap1\",\r\n
        \ \"etag\": \"W/\\\"243795cb-2564-420b-9466-75a0189797cb\\\"\",\r\n  \"properties\":
        {\r\n    \"provisioningState\": \"Succeeded\",\r\n    \"loadBalancerBackendAddresses\":
        [\r\n      {\r\n        \"name\": \"addr6\",\r\n        \"id\": \"/subscriptions/00000000-0000-0000-0000-000000000000/resourceGroups/cli_test_lb_address_pool_addresses000001/providers/Microsoft.Network/loadBalancers/lb1/backendAddressPools/bap1/loadBalancerBackendAddresses/addr6\",\r\n
        \       \"etag\": \"W/\\\"243795cb-2564-420b-9466-75a0189797cb\\\"\",\r\n
        \       \"properties\": {\r\n          \"provisioningState\": \"Succeeded\",\r\n
        \         \"ipAddress\": \"10.0.0.6\",\r\n          \"virtualNetwork\": {\r\n
        \           \"id\": \"/subscriptions/00000000-0000-0000-0000-000000000000/resourceGroups/cli_test_lb_address_pool_addresses000001/providers/Microsoft.Network/virtualNetworks/clitestvnet\"\r\n
        \         }\r\n        },\r\n        \"type\": \"Microsoft.Network/loadBalancers/backendAddressPools/loadBalancerBackendAddresses\"\r\n
        \     }\r\n    ]\r\n  },\r\n  \"type\": \"Microsoft.Network/loadBalancers/backendAddressPools\"\r\n}"
    headers:
      cache-control:
      - no-cache
      content-length:
      - '1337'
      content-type:
      - application/json; charset=utf-8
      date:
      - Mon, 30 Nov 2020 16:37:41 GMT
      etag:
      - W/"243795cb-2564-420b-9466-75a0189797cb"
      expires:
      - '-1'
      pragma:
      - no-cache
      server:
      - Microsoft-HTTPAPI/2.0
      - Microsoft-HTTPAPI/2.0
      strict-transport-security:
      - max-age=31536000; includeSubDomains
      transfer-encoding:
      - chunked
      vary:
      - Accept-Encoding
      x-content-type-options:
      - nosniff
      x-ms-arm-service-request-id:
      - 6de80f24-35b8-4898-91c1-654245933ded
    status:
      code: 200
      message: OK
- request:
    body: null
    headers:
      Accept:
      - application/json
      Accept-Encoding:
      - gzip, deflate
      CommandName:
      - network lb address-pool address list
      Connection:
      - keep-alive
      ParameterSetName:
      - -g --lb-name --pool-name
      User-Agent:
      - python/3.7.8 (Windows-10-10.0.19041-SP0) msrest/0.6.18 msrest_azure/0.6.3
        azure-mgmt-network/13.0.0 Azure-SDK-For-Python AZURECLI/2.15.1
      accept-language:
      - en-US
    method: GET
    uri: https://management.azure.com/subscriptions/00000000-0000-0000-0000-000000000000/resourceGroups/cli_test_lb_address_pool_addresses000001/providers/Microsoft.Network/loadBalancers/lb1/backendAddressPools/bap1?api-version=2020-07-01
  response:
    body:
      string: "{\r\n  \"name\": \"bap1\",\r\n  \"id\": \"/subscriptions/00000000-0000-0000-0000-000000000000/resourceGroups/cli_test_lb_address_pool_addresses000001/providers/Microsoft.Network/loadBalancers/lb1/backendAddressPools/bap1\",\r\n
        \ \"etag\": \"W/\\\"243795cb-2564-420b-9466-75a0189797cb\\\"\",\r\n  \"properties\":
        {\r\n    \"provisioningState\": \"Succeeded\",\r\n    \"loadBalancerBackendAddresses\":
        [\r\n      {\r\n        \"name\": \"addr6\",\r\n        \"id\": \"/subscriptions/00000000-0000-0000-0000-000000000000/resourceGroups/cli_test_lb_address_pool_addresses000001/providers/Microsoft.Network/loadBalancers/lb1/backendAddressPools/bap1/loadBalancerBackendAddresses/addr6\",\r\n
        \       \"etag\": \"W/\\\"243795cb-2564-420b-9466-75a0189797cb\\\"\",\r\n
        \       \"properties\": {\r\n          \"provisioningState\": \"Succeeded\",\r\n
        \         \"ipAddress\": \"10.0.0.6\",\r\n          \"virtualNetwork\": {\r\n
        \           \"id\": \"/subscriptions/00000000-0000-0000-0000-000000000000/resourceGroups/cli_test_lb_address_pool_addresses000001/providers/Microsoft.Network/virtualNetworks/clitestvnet\"\r\n
        \         }\r\n        },\r\n        \"type\": \"Microsoft.Network/loadBalancers/backendAddressPools/loadBalancerBackendAddresses\"\r\n
        \     }\r\n    ]\r\n  },\r\n  \"type\": \"Microsoft.Network/loadBalancers/backendAddressPools\"\r\n}"
    headers:
      cache-control:
      - no-cache
      content-length:
      - '1337'
      content-type:
      - application/json; charset=utf-8
      date:
      - Mon, 30 Nov 2020 16:37:43 GMT
      etag:
      - W/"243795cb-2564-420b-9466-75a0189797cb"
      expires:
      - '-1'
      pragma:
      - no-cache
      server:
      - Microsoft-HTTPAPI/2.0
      - Microsoft-HTTPAPI/2.0
      strict-transport-security:
      - max-age=31536000; includeSubDomains
      transfer-encoding:
      - chunked
      vary:
      - Accept-Encoding
      x-content-type-options:
      - nosniff
      x-ms-arm-service-request-id:
      - 98a6c352-46c9-4d69-90d0-e9c670301b53
    status:
      code: 200
      message: OK
version: 1
