interactions:
- request:
    body: null
    headers:
      Accept:
      - application/json
      Accept-Encoding:
      - gzip, deflate
      CommandName:
      - network express-route create
      Connection:
      - keep-alive
      ParameterSetName:
      - -g -n --allow-global-reach --bandwidth --peering-location --provider --sku-tier
      User-Agent:
      - python/3.7.4 (Windows-10-10.0.19041-SP0) msrest/0.6.21 msrest_azure/0.6.3
        azure-mgmt-resource/12.0.0 Azure-SDK-For-Python AZURECLI/2.19.1
      accept-language:
      - en-US
    method: GET
    uri: https://management.azure.com/subscriptions/00000000-0000-0000-0000-000000000000/resourcegroups/cli_test_express_route_global_reach000001?api-version=2020-10-01
  response:
    body:
      string: '{"id":"/subscriptions/00000000-0000-0000-0000-000000000000/resourceGroups/cli_test_express_route_global_reach000001","name":"cli_test_express_route_global_reach000001","type":"Microsoft.Resources/resourceGroups","location":"westus","tags":{"product":"azurecli","cause":"automation","date":"2021-02-24T15:23:13Z"},"properties":{"provisioningState":"Succeeded"}}'
    headers:
      cache-control:
      - no-cache
      content-length:
      - '428'
      content-type:
      - application/json; charset=utf-8
      date:
      - Wed, 24 Feb 2021 15:23:16 GMT
      expires:
      - '-1'
      pragma:
      - no-cache
      strict-transport-security:
      - max-age=31536000; includeSubDomains
      vary:
      - Accept-Encoding
      x-content-type-options:
      - nosniff
    status:
      code: 200
      message: OK
- request:
    body: '{"location": "westus", "sku": {"name": "Premium_MeteredData", "tier": "Premium",
      "family": "MeteredData"}, "properties": {"serviceProviderProperties": {"serviceProviderName":
      "Microsoft ER Test", "peeringLocation": "Area51", "bandwidthInMbps": 50}}}'
    headers:
      Accept:
      - application/json
      Accept-Encoding:
      - gzip, deflate
      CommandName:
      - network express-route create
      Connection:
      - keep-alive
      Content-Length:
      - '249'
      Content-Type:
      - application/json
      ParameterSetName:
      - -g -n --allow-global-reach --bandwidth --peering-location --provider --sku-tier
      User-Agent:
      - AZURECLI/2.19.1 azsdk-python-azure-mgmt-network/18.0.0 Python/3.7.4 (Windows-10-10.0.19041-SP0)
    method: PUT
    uri: https://management.azure.com/subscriptions/00000000-0000-0000-0000-000000000000/resourceGroups/cli_test_express_route_global_reach000001/providers/Microsoft.Network/expressRouteCircuits/er1?api-version=2020-11-01
  response:
    body:
      string: "{\r\n  \"name\": \"er1\",\r\n  \"id\": \"/subscriptions/00000000-0000-0000-0000-000000000000/resourceGroups/cli_test_express_route_global_reach000001/providers/Microsoft.Network/expressRouteCircuits/er1\",\r\n
        \ \"etag\": \"W/\\\"c2c31c4f-d796-4de2-a595-35e067043e9e\\\"\",\r\n  \"type\":
        \"Microsoft.Network/expressRouteCircuits\",\r\n  \"location\": \"westus\",\r\n
        \ \"properties\": {\r\n    \"provisioningState\": \"Updating\",\r\n    \"resourceGuid\":
        \"f28a80de-2eb1-4588-9202-d25dee2f7587\",\r\n    \"peerings\": [],\r\n    \"authorizations\":
        [],\r\n    \"serviceProviderProperties\": {\r\n      \"serviceProviderName\":
        \"Microsoft ER Test\",\r\n      \"peeringLocation\": \"Area51\",\r\n      \"bandwidthInMbps\":
        50\r\n    },\r\n    \"circuitProvisioningState\": \"Disabled\",\r\n    \"allowClassicOperations\":
        false,\r\n    \"serviceKey\": \"00000000-0000-0000-0000-000000000000\",\r\n
        \   \"serviceProviderProvisioningState\": \"NotProvisioned\",\r\n    \"allowGlobalReach\":
        false,\r\n    \"globalReachEnabled\": false\r\n  },\r\n  \"sku\": {\r\n    \"name\":
        \"Premium_MeteredData\",\r\n    \"tier\": \"Premium\",\r\n    \"family\":
        \"MeteredData\"\r\n  }\r\n}"
    headers:
      azure-asyncnotification:
      - Enabled
      azure-asyncoperation:
      - https://management.azure.com/subscriptions/00000000-0000-0000-0000-000000000000/providers/Microsoft.Network/locations/westus/operations/02755d28-cc2b-4cbd-b5a1-657b750cec26?api-version=2020-11-01
      cache-control:
      - no-cache
      content-length:
      - '1069'
      content-type:
      - application/json; charset=utf-8
      date:
      - Wed, 24 Feb 2021 15:23:22 GMT
      expires:
      - '-1'
      pragma:
      - no-cache
      server:
      - Microsoft-HTTPAPI/2.0
      - Microsoft-HTTPAPI/2.0
      strict-transport-security:
      - max-age=31536000; includeSubDomains
      x-content-type-options:
      - nosniff
      x-ms-arm-service-request-id:
      - c7348ed6-20e0-4d6f-913c-24a8f4cbe29d
      x-ms-ratelimit-remaining-subscription-writes:
      - '1193'
    status:
      code: 201
      message: Created
- request:
    body: null
    headers:
      Accept:
      - '*/*'
      Accept-Encoding:
      - gzip, deflate
      CommandName:
      - network express-route create
      Connection:
      - keep-alive
      ParameterSetName:
      - -g -n --allow-global-reach --bandwidth --peering-location --provider --sku-tier
      User-Agent:
      - AZURECLI/2.19.1 azsdk-python-azure-mgmt-network/18.0.0 Python/3.7.4 (Windows-10-10.0.19041-SP0)
    method: GET
    uri: https://management.azure.com/subscriptions/00000000-0000-0000-0000-000000000000/providers/Microsoft.Network/locations/westus/operations/02755d28-cc2b-4cbd-b5a1-657b750cec26?api-version=2020-11-01
  response:
    body:
      string: "{\r\n  \"status\": \"InProgress\"\r\n}"
    headers:
      cache-control:
      - no-cache
      content-length:
      - '30'
      content-type:
      - application/json; charset=utf-8
      date:
      - Wed, 24 Feb 2021 15:23:33 GMT
      expires:
      - '-1'
      pragma:
      - no-cache
      server:
      - Microsoft-HTTPAPI/2.0
      - Microsoft-HTTPAPI/2.0
      strict-transport-security:
      - max-age=31536000; includeSubDomains
      transfer-encoding:
      - chunked
      vary:
      - Accept-Encoding
      x-content-type-options:
      - nosniff
      x-ms-arm-service-request-id:
      - 7ea8641e-b211-4708-b7f2-16d7cf484534
    status:
      code: 200
      message: OK
- request:
    body: null
    headers:
      Accept:
      - '*/*'
      Accept-Encoding:
      - gzip, deflate
      CommandName:
      - network express-route create
      Connection:
      - keep-alive
      ParameterSetName:
      - -g -n --allow-global-reach --bandwidth --peering-location --provider --sku-tier
      User-Agent:
      - AZURECLI/2.19.1 azsdk-python-azure-mgmt-network/18.0.0 Python/3.7.4 (Windows-10-10.0.19041-SP0)
    method: GET
    uri: https://management.azure.com/subscriptions/00000000-0000-0000-0000-000000000000/providers/Microsoft.Network/locations/westus/operations/02755d28-cc2b-4cbd-b5a1-657b750cec26?api-version=2020-11-01
  response:
    body:
      string: "{\r\n  \"status\": \"Succeeded\"\r\n}"
    headers:
      cache-control:
      - no-cache
      content-length:
      - '29'
      content-type:
      - application/json; charset=utf-8
      date:
      - Wed, 24 Feb 2021 15:23:43 GMT
      expires:
      - '-1'
      pragma:
      - no-cache
      server:
      - Microsoft-HTTPAPI/2.0
      - Microsoft-HTTPAPI/2.0
      strict-transport-security:
      - max-age=31536000; includeSubDomains
      transfer-encoding:
      - chunked
      vary:
      - Accept-Encoding
      x-content-type-options:
      - nosniff
      x-ms-arm-service-request-id:
      - 7d7fb515-45e2-4a0d-a8c5-762606d07b07
    status:
      code: 200
      message: OK
- request:
    body: null
    headers:
      Accept:
      - '*/*'
      Accept-Encoding:
      - gzip, deflate
      CommandName:
      - network express-route create
      Connection:
      - keep-alive
      ParameterSetName:
      - -g -n --allow-global-reach --bandwidth --peering-location --provider --sku-tier
      User-Agent:
      - AZURECLI/2.19.1 azsdk-python-azure-mgmt-network/18.0.0 Python/3.7.4 (Windows-10-10.0.19041-SP0)
    method: GET
    uri: https://management.azure.com/subscriptions/00000000-0000-0000-0000-000000000000/resourceGroups/cli_test_express_route_global_reach000001/providers/Microsoft.Network/expressRouteCircuits/er1?api-version=2020-11-01
  response:
    body:
      string: "{\r\n  \"name\": \"er1\",\r\n  \"id\": \"/subscriptions/00000000-0000-0000-0000-000000000000/resourceGroups/cli_test_express_route_global_reach000001/providers/Microsoft.Network/expressRouteCircuits/er1\",\r\n
        \ \"etag\": \"W/\\\"c00a5bae-8f2c-416d-880e-a6ad3b9ccd84\\\"\",\r\n  \"type\":
        \"Microsoft.Network/expressRouteCircuits\",\r\n  \"location\": \"westus\",\r\n
        \ \"properties\": {\r\n    \"provisioningState\": \"Succeeded\",\r\n    \"resourceGuid\":
        \"f28a80de-2eb1-4588-9202-d25dee2f7587\",\r\n    \"peerings\": [],\r\n    \"authorizations\":
        [],\r\n    \"serviceProviderProperties\": {\r\n      \"serviceProviderName\":
        \"Microsoft ER Test\",\r\n      \"peeringLocation\": \"Area51\",\r\n      \"bandwidthInMbps\":
        50\r\n    },\r\n    \"circuitProvisioningState\": \"Enabled\",\r\n    \"allowClassicOperations\":
        false,\r\n    \"gatewayManagerEtag\": \"\",\r\n    \"serviceKey\": \"629d8466-611c-43fd-b46d-8228596cf447\",\r\n
        \   \"serviceProviderProvisioningState\": \"NotProvisioned\",\r\n    \"allowGlobalReach\":
        false,\r\n    \"globalReachEnabled\": false,\r\n    \"stag\": 2\r\n  },\r\n
        \ \"sku\": {\r\n    \"name\": \"Premium_MeteredData\",\r\n    \"tier\": \"Premium\",\r\n
        \   \"family\": \"MeteredData\"\r\n  }\r\n}"
    headers:
      cache-control:
      - no-cache
      content-length:
      - '1116'
      content-type:
      - application/json; charset=utf-8
      date:
      - Wed, 24 Feb 2021 15:23:43 GMT
      expires:
      - '-1'
      pragma:
      - no-cache
      server:
      - Microsoft-HTTPAPI/2.0
      - Microsoft-HTTPAPI/2.0
      strict-transport-security:
      - max-age=31536000; includeSubDomains
      transfer-encoding:
      - chunked
      vary:
      - Accept-Encoding
      x-content-type-options:
      - nosniff
      x-ms-arm-service-request-id:
      - 1b8fb049-5ded-4adb-9194-3e3d4cefb7a4
    status:
      code: 200
      message: OK
- request:
    body: '{"properties": {"peeringType": "AzurePrivatePeering", "peerASN": 10001,
      "primaryPeerAddressPrefix": "102.0.0.0/30", "secondaryPeerAddressPrefix": "103.0.0.0/30",
      "vlanId": 101}}'
    headers:
      Accept:
      - application/json
      Accept-Encoding:
      - gzip, deflate
      CommandName:
      - network express-route peering create
      Connection:
      - keep-alive
      Content-Length:
      - '177'
      Content-Type:
      - application/json
      ParameterSetName:
      - -g --circuit-name --peering-type --peer-asn --vlan-id --primary-peer-subnet
        --secondary-peer-subnet
      User-Agent:
      - AZURECLI/2.19.1 azsdk-python-azure-mgmt-network/18.0.0 Python/3.7.4 (Windows-10-10.0.19041-SP0)
    method: PUT
    uri: https://management.azure.com/subscriptions/00000000-0000-0000-0000-000000000000/resourceGroups/cli_test_express_route_global_reach000001/providers/Microsoft.Network/expressRouteCircuits/er1/peerings/AzurePrivatePeering?api-version=2020-11-01
  response:
    body:
      string: "{\r\n  \"name\": \"AzurePrivatePeering\",\r\n  \"id\": \"/subscriptions/00000000-0000-0000-0000-000000000000/resourceGroups/cli_test_express_route_global_reach000001/providers/Microsoft.Network/expressRouteCircuits/er1/peerings/AzurePrivatePeering\",\r\n
        \ \"etag\": \"W/\\\"17bab84e-a4ea-4b4d-a164-dd0a501993ad\\\"\",\r\n  \"properties\":
        {\r\n    \"provisioningState\": \"Updating\",\r\n    \"peeringType\": \"AzurePrivatePeering\",\r\n
        \   \"azureASN\": 0,\r\n    \"peerASN\": 10001,\r\n    \"primaryPeerAddressPrefix\":
        \"102.0.0.0/30\",\r\n    \"secondaryPeerAddressPrefix\": \"103.0.0.0/30\",\r\n
        \   \"state\": \"Enabled\",\r\n    \"vlanId\": 101,\r\n    \"lastModifiedBy\":
        \"\",\r\n    \"connections\": [],\r\n    \"peeredConnections\": []\r\n  },\r\n
        \ \"type\": \"Microsoft.Network/expressRouteCircuits/peerings\"\r\n}"
    headers:
      azure-asyncoperation:
      - https://management.azure.com/subscriptions/00000000-0000-0000-0000-000000000000/providers/Microsoft.Network/locations/westus/operations/de0b417d-002f-4a14-8c3b-9d043ddaea72?api-version=2020-11-01
      cache-control:
      - no-cache
      content-length:
      - '767'
      content-type:
      - application/json; charset=utf-8
      date:
      - Wed, 24 Feb 2021 15:23:45 GMT
      expires:
      - '-1'
      pragma:
      - no-cache
      server:
      - Microsoft-HTTPAPI/2.0
      - Microsoft-HTTPAPI/2.0
      strict-transport-security:
      - max-age=31536000; includeSubDomains
      x-content-type-options:
      - nosniff
      x-ms-arm-service-request-id:
      - 5c82d2f5-757c-4f3b-87f6-87959e271c8d
      x-ms-ratelimit-remaining-subscription-writes:
      - '1199'
    status:
      code: 201
      message: Created
- request:
    body: null
    headers:
      Accept:
      - '*/*'
      Accept-Encoding:
      - gzip, deflate
      CommandName:
      - network express-route peering create
      Connection:
      - keep-alive
      ParameterSetName:
      - -g --circuit-name --peering-type --peer-asn --vlan-id --primary-peer-subnet
        --secondary-peer-subnet
      User-Agent:
      - AZURECLI/2.19.1 azsdk-python-azure-mgmt-network/18.0.0 Python/3.7.4 (Windows-10-10.0.19041-SP0)
    method: GET
    uri: https://management.azure.com/subscriptions/00000000-0000-0000-0000-000000000000/providers/Microsoft.Network/locations/westus/operations/de0b417d-002f-4a14-8c3b-9d043ddaea72?api-version=2020-11-01
  response:
    body:
      string: "{\r\n  \"status\": \"Succeeded\"\r\n}"
    headers:
      cache-control:
      - no-cache
      content-length:
      - '29'
      content-type:
      - application/json; charset=utf-8
      date:
      - Wed, 24 Feb 2021 15:23:55 GMT
      expires:
      - '-1'
      pragma:
      - no-cache
      server:
      - Microsoft-HTTPAPI/2.0
      - Microsoft-HTTPAPI/2.0
      strict-transport-security:
      - max-age=31536000; includeSubDomains
      transfer-encoding:
      - chunked
      vary:
      - Accept-Encoding
      x-content-type-options:
      - nosniff
      x-ms-arm-service-request-id:
      - 9b9e4155-ba81-4dac-980b-e33af970768a
    status:
      code: 200
      message: OK
- request:
    body: null
    headers:
      Accept:
      - '*/*'
      Accept-Encoding:
      - gzip, deflate
      CommandName:
      - network express-route peering create
      Connection:
      - keep-alive
      ParameterSetName:
      - -g --circuit-name --peering-type --peer-asn --vlan-id --primary-peer-subnet
        --secondary-peer-subnet
      User-Agent:
      - AZURECLI/2.19.1 azsdk-python-azure-mgmt-network/18.0.0 Python/3.7.4 (Windows-10-10.0.19041-SP0)
    method: GET
    uri: https://management.azure.com/subscriptions/00000000-0000-0000-0000-000000000000/resourceGroups/cli_test_express_route_global_reach000001/providers/Microsoft.Network/expressRouteCircuits/er1/peerings/AzurePrivatePeering?api-version=2020-11-01
  response:
    body:
      string: "{\r\n  \"name\": \"AzurePrivatePeering\",\r\n  \"id\": \"/subscriptions/00000000-0000-0000-0000-000000000000/resourceGroups/cli_test_express_route_global_reach000001/providers/Microsoft.Network/expressRouteCircuits/er1/peerings/AzurePrivatePeering\",\r\n
        \ \"etag\": \"W/\\\"a12487ad-fd2f-46e0-a667-346310815795\\\"\",\r\n  \"properties\":
        {\r\n    \"provisioningState\": \"Succeeded\",\r\n    \"peeringType\": \"AzurePrivatePeering\",\r\n
        \   \"azureASN\": 12076,\r\n    \"peerASN\": 10001,\r\n    \"primaryPeerAddressPrefix\":
        \"102.0.0.0/30\",\r\n    \"secondaryPeerAddressPrefix\": \"103.0.0.0/30\",\r\n
        \   \"primaryAzurePort\": \"\",\r\n    \"secondaryAzurePort\": \"\",\r\n    \"state\":
        \"Enabled\",\r\n    \"vlanId\": 101,\r\n    \"gatewayManagerEtag\": \"\",\r\n
        \   \"lastModifiedBy\": \"Customer\",\r\n    \"connections\": [],\r\n    \"peeredConnections\":
        []\r\n  },\r\n  \"type\": \"Microsoft.Network/expressRouteCircuits/peerings\"\r\n}"
    headers:
      cache-control:
      - no-cache
      content-length:
      - '871'
      content-type:
      - application/json; charset=utf-8
      date:
      - Wed, 24 Feb 2021 15:23:56 GMT
      expires:
      - '-1'
      pragma:
      - no-cache
      server:
      - Microsoft-HTTPAPI/2.0
      - Microsoft-HTTPAPI/2.0
      strict-transport-security:
      - max-age=31536000; includeSubDomains
      transfer-encoding:
      - chunked
      vary:
      - Accept-Encoding
      x-content-type-options:
      - nosniff
      x-ms-arm-service-request-id:
      - 217041dc-c806-48e6-93f5-7a55909ceafd
    status:
      code: 200
      message: OK
- request:
    body: null
    headers:
      Accept:
      - application/json
      Accept-Encoding:
      - gzip, deflate
      CommandName:
      - network express-route create
      Connection:
      - keep-alive
      ParameterSetName:
      - -g -n --allow-global-reach --bandwidth --peering-location --provider --sku-tier
      User-Agent:
      - python/3.7.4 (Windows-10-10.0.19041-SP0) msrest/0.6.21 msrest_azure/0.6.3
        azure-mgmt-resource/12.0.0 Azure-SDK-For-Python AZURECLI/2.19.1
      accept-language:
      - en-US
    method: GET
    uri: https://management.azure.com/subscriptions/00000000-0000-0000-0000-000000000000/resourcegroups/cli_test_express_route_global_reach000001?api-version=2020-10-01
  response:
    body:
      string: '{"id":"/subscriptions/00000000-0000-0000-0000-000000000000/resourceGroups/cli_test_express_route_global_reach000001","name":"cli_test_express_route_global_reach000001","type":"Microsoft.Resources/resourceGroups","location":"westus","tags":{"product":"azurecli","cause":"automation","date":"2021-02-24T15:23:13Z"},"properties":{"provisioningState":"Succeeded"}}'
    headers:
      cache-control:
      - no-cache
      content-length:
      - '428'
      content-type:
      - application/json; charset=utf-8
      date:
      - Wed, 24 Feb 2021 15:23:57 GMT
      expires:
      - '-1'
      pragma:
      - no-cache
      strict-transport-security:
      - max-age=31536000; includeSubDomains
      vary:
      - Accept-Encoding
      x-content-type-options:
      - nosniff
    status:
      code: 200
      message: OK
- request:
    body: '{"location": "westus", "sku": {"name": "Premium_MeteredData", "tier": "Premium",
      "family": "MeteredData"}, "properties": {"serviceProviderProperties": {"serviceProviderName":
      "Test Provider NW", "peeringLocation": "Denver Test", "bandwidthInMbps": 50}}}'
    headers:
      Accept:
      - application/json
      Accept-Encoding:
      - gzip, deflate
      CommandName:
      - network express-route create
      Connection:
      - keep-alive
      Content-Length:
      - '253'
      Content-Type:
      - application/json
      ParameterSetName:
      - -g -n --allow-global-reach --bandwidth --peering-location --provider --sku-tier
      User-Agent:
      - AZURECLI/2.19.1 azsdk-python-azure-mgmt-network/18.0.0 Python/3.7.4 (Windows-10-10.0.19041-SP0)
    method: PUT
    uri: https://management.azure.com/subscriptions/00000000-0000-0000-0000-000000000000/resourceGroups/cli_test_express_route_global_reach000001/providers/Microsoft.Network/expressRouteCircuits/er2?api-version=2020-11-01
  response:
    body:
      string: "{\r\n  \"name\": \"er2\",\r\n  \"id\": \"/subscriptions/00000000-0000-0000-0000-000000000000/resourceGroups/cli_test_express_route_global_reach000001/providers/Microsoft.Network/expressRouteCircuits/er2\",\r\n
        \ \"etag\": \"W/\\\"a3c804c2-1c1f-493c-a189-08eee01cfb15\\\"\",\r\n  \"type\":
        \"Microsoft.Network/expressRouteCircuits\",\r\n  \"location\": \"westus\",\r\n
        \ \"properties\": {\r\n    \"provisioningState\": \"Updating\",\r\n    \"resourceGuid\":
        \"82a598a6-71c4-4d4d-933c-1891f17c5d0d\",\r\n    \"peerings\": [],\r\n    \"authorizations\":
        [],\r\n    \"serviceProviderProperties\": {\r\n      \"serviceProviderName\":
        \"Test Provider NW\",\r\n      \"peeringLocation\": \"Denver Test\",\r\n      \"bandwidthInMbps\":
        50\r\n    },\r\n    \"circuitProvisioningState\": \"Disabled\",\r\n    \"allowClassicOperations\":
        false,\r\n    \"serviceKey\": \"00000000-0000-0000-0000-000000000000\",\r\n
        \   \"serviceProviderProvisioningState\": \"NotProvisioned\",\r\n    \"allowGlobalReach\":
        false,\r\n    \"globalReachEnabled\": false\r\n  },\r\n  \"sku\": {\r\n    \"name\":
        \"Premium_MeteredData\",\r\n    \"tier\": \"Premium\",\r\n    \"family\":
        \"MeteredData\"\r\n  }\r\n}"
    headers:
      azure-asyncnotification:
      - Enabled
      azure-asyncoperation:
      - https://management.azure.com/subscriptions/00000000-0000-0000-0000-000000000000/providers/Microsoft.Network/locations/westus/operations/1076d7ba-55f5-4293-a847-fd3fbd149967?api-version=2020-11-01
      cache-control:
      - no-cache
      content-length:
      - '1073'
      content-type:
      - application/json; charset=utf-8
      date:
      - Wed, 24 Feb 2021 15:24:03 GMT
      expires:
      - '-1'
      pragma:
      - no-cache
      server:
      - Microsoft-HTTPAPI/2.0
      - Microsoft-HTTPAPI/2.0
      strict-transport-security:
      - max-age=31536000; includeSubDomains
      x-content-type-options:
      - nosniff
      x-ms-arm-service-request-id:
      - 4d2226eb-4c13-4531-8afe-aded842e9470
      x-ms-ratelimit-remaining-subscription-writes:
      - '1196'
    status:
      code: 201
      message: Created
- request:
    body: null
    headers:
      Accept:
      - '*/*'
      Accept-Encoding:
      - gzip, deflate
      CommandName:
      - network express-route create
      Connection:
      - keep-alive
      ParameterSetName:
      - -g -n --allow-global-reach --bandwidth --peering-location --provider --sku-tier
      User-Agent:
      - AZURECLI/2.19.1 azsdk-python-azure-mgmt-network/18.0.0 Python/3.7.4 (Windows-10-10.0.19041-SP0)
    method: GET
    uri: https://management.azure.com/subscriptions/00000000-0000-0000-0000-000000000000/providers/Microsoft.Network/locations/westus/operations/1076d7ba-55f5-4293-a847-fd3fbd149967?api-version=2020-11-01
  response:
    body:
      string: "{\r\n  \"status\": \"Succeeded\"\r\n}"
    headers:
      cache-control:
      - no-cache
      content-length:
      - '29'
      content-type:
      - application/json; charset=utf-8
      date:
      - Wed, 24 Feb 2021 15:24:13 GMT
      expires:
      - '-1'
      pragma:
      - no-cache
      server:
      - Microsoft-HTTPAPI/2.0
      - Microsoft-HTTPAPI/2.0
      strict-transport-security:
      - max-age=31536000; includeSubDomains
      transfer-encoding:
      - chunked
      vary:
      - Accept-Encoding
      x-content-type-options:
      - nosniff
      x-ms-arm-service-request-id:
      - 5f80b31c-97b0-428c-aba0-5a6cd0942b18
    status:
      code: 200
      message: OK
- request:
    body: null
    headers:
      Accept:
      - '*/*'
      Accept-Encoding:
      - gzip, deflate
      CommandName:
      - network express-route create
      Connection:
      - keep-alive
      ParameterSetName:
      - -g -n --allow-global-reach --bandwidth --peering-location --provider --sku-tier
      User-Agent:
      - AZURECLI/2.19.1 azsdk-python-azure-mgmt-network/18.0.0 Python/3.7.4 (Windows-10-10.0.19041-SP0)
    method: GET
    uri: https://management.azure.com/subscriptions/00000000-0000-0000-0000-000000000000/resourceGroups/cli_test_express_route_global_reach000001/providers/Microsoft.Network/expressRouteCircuits/er2?api-version=2020-11-01
  response:
    body:
      string: "{\r\n  \"name\": \"er2\",\r\n  \"id\": \"/subscriptions/00000000-0000-0000-0000-000000000000/resourceGroups/cli_test_express_route_global_reach000001/providers/Microsoft.Network/expressRouteCircuits/er2\",\r\n
        \ \"etag\": \"W/\\\"250765b3-ca06-4439-a0bc-c6ac1e02fcbf\\\"\",\r\n  \"type\":
        \"Microsoft.Network/expressRouteCircuits\",\r\n  \"location\": \"westus\",\r\n
        \ \"properties\": {\r\n    \"provisioningState\": \"Succeeded\",\r\n    \"resourceGuid\":
        \"82a598a6-71c4-4d4d-933c-1891f17c5d0d\",\r\n    \"peerings\": [],\r\n    \"authorizations\":
        [],\r\n    \"serviceProviderProperties\": {\r\n      \"serviceProviderName\":
        \"Test Provider NW\",\r\n      \"peeringLocation\": \"Denver Test\",\r\n      \"bandwidthInMbps\":
        50\r\n    },\r\n    \"circuitProvisioningState\": \"Enabled\",\r\n    \"allowClassicOperations\":
        false,\r\n    \"gatewayManagerEtag\": \"\",\r\n    \"serviceKey\": \"9396ea4e-17b4-4da6-9547-15fe9e916ccc\",\r\n
        \   \"serviceProviderProvisioningState\": \"NotProvisioned\",\r\n    \"allowGlobalReach\":
        false,\r\n    \"globalReachEnabled\": false,\r\n    \"stag\": 2\r\n  },\r\n
        \ \"sku\": {\r\n    \"name\": \"Premium_MeteredData\",\r\n    \"tier\": \"Premium\",\r\n
        \   \"family\": \"MeteredData\"\r\n  }\r\n}"
    headers:
      cache-control:
      - no-cache
      content-length:
      - '1120'
      content-type:
      - application/json; charset=utf-8
      date:
      - Wed, 24 Feb 2021 15:24:13 GMT
      expires:
      - '-1'
      pragma:
      - no-cache
      server:
      - Microsoft-HTTPAPI/2.0
      - Microsoft-HTTPAPI/2.0
      strict-transport-security:
      - max-age=31536000; includeSubDomains
      transfer-encoding:
      - chunked
      vary:
      - Accept-Encoding
      x-content-type-options:
      - nosniff
      x-ms-arm-service-request-id:
      - 79b407bd-f6d8-4b3e-99d2-b7ce14671028
    status:
      code: 200
      message: OK
- request:
    body: '{"properties": {"peeringType": "AzurePrivatePeering", "peerASN": 10002,
      "primaryPeerAddressPrefix": "104.0.0.0/30", "secondaryPeerAddressPrefix": "105.0.0.0/30",
      "vlanId": 102}}'
    headers:
      Accept:
      - application/json
      Accept-Encoding:
      - gzip, deflate
      CommandName:
      - network express-route peering create
      Connection:
      - keep-alive
      Content-Length:
      - '177'
      Content-Type:
      - application/json
      ParameterSetName:
      - -g --circuit-name --peering-type --peer-asn --vlan-id --primary-peer-subnet
        --secondary-peer-subnet
      User-Agent:
      - AZURECLI/2.19.1 azsdk-python-azure-mgmt-network/18.0.0 Python/3.7.4 (Windows-10-10.0.19041-SP0)
    method: PUT
    uri: https://management.azure.com/subscriptions/00000000-0000-0000-0000-000000000000/resourceGroups/cli_test_express_route_global_reach000001/providers/Microsoft.Network/expressRouteCircuits/er2/peerings/AzurePrivatePeering?api-version=2020-11-01
  response:
    body:
      string: "{\r\n  \"name\": \"AzurePrivatePeering\",\r\n  \"id\": \"/subscriptions/00000000-0000-0000-0000-000000000000/resourceGroups/cli_test_express_route_global_reach000001/providers/Microsoft.Network/expressRouteCircuits/er2/peerings/AzurePrivatePeering\",\r\n
        \ \"etag\": \"W/\\\"ab3331bf-69a8-4e93-8ee2-c7d39d2a0457\\\"\",\r\n  \"properties\":
        {\r\n    \"provisioningState\": \"Updating\",\r\n    \"peeringType\": \"AzurePrivatePeering\",\r\n
        \   \"azureASN\": 0,\r\n    \"peerASN\": 10002,\r\n    \"primaryPeerAddressPrefix\":
        \"104.0.0.0/30\",\r\n    \"secondaryPeerAddressPrefix\": \"105.0.0.0/30\",\r\n
        \   \"state\": \"Enabled\",\r\n    \"vlanId\": 102,\r\n    \"lastModifiedBy\":
        \"\",\r\n    \"connections\": [],\r\n    \"peeredConnections\": []\r\n  },\r\n
        \ \"type\": \"Microsoft.Network/expressRouteCircuits/peerings\"\r\n}"
    headers:
      azure-asyncoperation:
      - https://management.azure.com/subscriptions/00000000-0000-0000-0000-000000000000/providers/Microsoft.Network/locations/westus/operations/3f7ad653-0b27-4628-a3f1-6fa791c2cbd4?api-version=2020-11-01
      cache-control:
      - no-cache
      content-length:
      - '767'
      content-type:
      - application/json; charset=utf-8
      date:
      - Wed, 24 Feb 2021 15:24:16 GMT
      expires:
      - '-1'
      pragma:
      - no-cache
      server:
      - Microsoft-HTTPAPI/2.0
      - Microsoft-HTTPAPI/2.0
      strict-transport-security:
      - max-age=31536000; includeSubDomains
      x-content-type-options:
      - nosniff
      x-ms-arm-service-request-id:
      - ab82d105-ac47-46be-ba7a-a7488c49282e
      x-ms-ratelimit-remaining-subscription-writes:
      - '1198'
    status:
      code: 201
      message: Created
- request:
    body: null
    headers:
      Accept:
      - '*/*'
      Accept-Encoding:
      - gzip, deflate
      CommandName:
      - network express-route peering create
      Connection:
      - keep-alive
      ParameterSetName:
      - -g --circuit-name --peering-type --peer-asn --vlan-id --primary-peer-subnet
        --secondary-peer-subnet
      User-Agent:
      - AZURECLI/2.19.1 azsdk-python-azure-mgmt-network/18.0.0 Python/3.7.4 (Windows-10-10.0.19041-SP0)
    method: GET
    uri: https://management.azure.com/subscriptions/00000000-0000-0000-0000-000000000000/providers/Microsoft.Network/locations/westus/operations/3f7ad653-0b27-4628-a3f1-6fa791c2cbd4?api-version=2020-11-01
  response:
    body:
      string: "{\r\n  \"status\": \"Succeeded\"\r\n}"
    headers:
      cache-control:
      - no-cache
      content-length:
      - '29'
      content-type:
      - application/json; charset=utf-8
      date:
      - Wed, 24 Feb 2021 15:24:26 GMT
      expires:
      - '-1'
      pragma:
      - no-cache
      server:
      - Microsoft-HTTPAPI/2.0
      - Microsoft-HTTPAPI/2.0
      strict-transport-security:
      - max-age=31536000; includeSubDomains
      transfer-encoding:
      - chunked
      vary:
      - Accept-Encoding
      x-content-type-options:
      - nosniff
      x-ms-arm-service-request-id:
      - c08d5c8d-ea08-4a94-be4c-a51138b3a42b
    status:
      code: 200
      message: OK
- request:
    body: null
    headers:
      Accept:
      - '*/*'
      Accept-Encoding:
      - gzip, deflate
      CommandName:
      - network express-route peering create
      Connection:
      - keep-alive
      ParameterSetName:
      - -g --circuit-name --peering-type --peer-asn --vlan-id --primary-peer-subnet
        --secondary-peer-subnet
      User-Agent:
      - AZURECLI/2.19.1 azsdk-python-azure-mgmt-network/18.0.0 Python/3.7.4 (Windows-10-10.0.19041-SP0)
    method: GET
    uri: https://management.azure.com/subscriptions/00000000-0000-0000-0000-000000000000/resourceGroups/cli_test_express_route_global_reach000001/providers/Microsoft.Network/expressRouteCircuits/er2/peerings/AzurePrivatePeering?api-version=2020-11-01
  response:
    body:
      string: "{\r\n  \"name\": \"AzurePrivatePeering\",\r\n  \"id\": \"/subscriptions/00000000-0000-0000-0000-000000000000/resourceGroups/cli_test_express_route_global_reach000001/providers/Microsoft.Network/expressRouteCircuits/er2/peerings/AzurePrivatePeering\",\r\n
        \ \"etag\": \"W/\\\"b4c234b2-41df-4970-8f68-b2a4551bc732\\\"\",\r\n  \"properties\":
        {\r\n    \"provisioningState\": \"Succeeded\",\r\n    \"peeringType\": \"AzurePrivatePeering\",\r\n
        \   \"azureASN\": 12076,\r\n    \"peerASN\": 10002,\r\n    \"primaryPeerAddressPrefix\":
        \"104.0.0.0/30\",\r\n    \"secondaryPeerAddressPrefix\": \"105.0.0.0/30\",\r\n
        \   \"primaryAzurePort\": \"OC-TEST-06GMR-CIS-1-PRI-A\",\r\n    \"secondaryAzurePort\":
        \"OC-TEST-06GMR-CIS-2-SEC-A\",\r\n    \"state\": \"Enabled\",\r\n    \"vlanId\":
        102,\r\n    \"gatewayManagerEtag\": \"\",\r\n    \"lastModifiedBy\": \"Customer\",\r\n
        \   \"connections\": [],\r\n    \"peeredConnections\": []\r\n  },\r\n  \"type\":
        \"Microsoft.Network/expressRouteCircuits/peerings\"\r\n}"
    headers:
      cache-control:
      - no-cache
      content-length:
      - '921'
      content-type:
      - application/json; charset=utf-8
      date:
      - Wed, 24 Feb 2021 15:24:26 GMT
      expires:
      - '-1'
      pragma:
      - no-cache
      server:
      - Microsoft-HTTPAPI/2.0
      - Microsoft-HTTPAPI/2.0
      strict-transport-security:
      - max-age=31536000; includeSubDomains
      transfer-encoding:
      - chunked
      vary:
      - Accept-Encoding
      x-content-type-options:
      - nosniff
      x-ms-arm-service-request-id:
      - 208913ba-9e39-4943-b50d-8a1ccaa24616
    status:
      code: 200
      message: OK
- request:
    body: '{"properties": {"expressRouteCircuitPeering": {"id": "/subscriptions/00000000-0000-0000-0000-000000000000/resourceGroups/cli_test_express_route_global_reach000001/providers/Microsoft.Network/expressRouteCircuits/er1/peerings/AzurePrivatePeering"},
      "peerExpressRouteCircuitPeering": {"id": "/subscriptions/00000000-0000-0000-0000-000000000000/resourceGroups/cli_test_express_route_global_reach000001/providers/Microsoft.Network/expressRouteCircuits/er2/peerings/AzurePrivatePeering"},
      "addressPrefix": "104.0.0.0/29"}}'
    headers:
      Accept:
      - application/json
      Accept-Encoding:
      - gzip, deflate
      CommandName:
      - network express-route peering connection create
      Connection:
      - keep-alive
      Content-Length:
      - '585'
      Content-Type:
      - application/json
      ParameterSetName:
      - -g --circuit-name --peering-name -n --peer-circuit --address-prefix
      User-Agent:
      - AZURECLI/2.19.1 azsdk-python-azure-mgmt-network/18.0.0 Python/3.7.4 (Windows-10-10.0.19041-SP0)
    method: PUT
    uri: https://management.azure.com/subscriptions/00000000-0000-0000-0000-000000000000/resourceGroups/cli_test_express_route_global_reach000001/providers/Microsoft.Network/expressRouteCircuits/er1/peerings/AzurePrivatePeering/connections/conn12?api-version=2020-11-01
  response:
    body:
      string: "{\r\n  \"name\": \"conn12\",\r\n  \"id\": \"/subscriptions/00000000-0000-0000-0000-000000000000/resourceGroups/cli_test_express_route_global_reach000001/providers/Microsoft.Network/expressRouteCircuits/er1/peerings/AzurePrivatePeering/connections/conn12\",\r\n
        \ \"etag\": \"W/\\\"40abcdc7-1960-4e1a-a53f-7584f12da711\\\"\",\r\n  \"properties\":
        {\r\n    \"provisioningState\": \"Updating\",\r\n    \"expressRouteCircuitPeering\":
        {\r\n      \"id\": \"/subscriptions/00000000-0000-0000-0000-000000000000/resourceGroups/cli_test_express_route_global_reach000001/providers/Microsoft.Network/expressRouteCircuits/er1/peerings/AzurePrivatePeering\"\r\n
        \   },\r\n    \"peerExpressRouteCircuitPeering\": {\r\n      \"id\": \"/subscriptions/00000000-0000-0000-0000-000000000000/resourceGroups/cli_test_express_route_global_reach000001/providers/Microsoft.Network/expressRouteCircuits/er2/peerings/AzurePrivatePeering\"\r\n
        \   },\r\n    \"addressPrefix\": \"104.0.0.0/29\",\r\n    \"circuitConnectionStatus\":
        \"Disconnected\"\r\n  },\r\n  \"type\": \"Microsoft.Network/expressRouteCircuits/peerings/connections\"\r\n}"
    headers:
      azure-asyncoperation:
      - https://management.azure.com/subscriptions/00000000-0000-0000-0000-000000000000/providers/Microsoft.Network/locations/westus/operations/c6471fb3-447c-47e3-88be-ba27e2e7b223?api-version=2020-11-01
      cache-control:
      - no-cache
      content-length:
      - '1133'
      content-type:
      - application/json; charset=utf-8
      date:
      - Wed, 24 Feb 2021 15:24:28 GMT
      expires:
      - '-1'
      pragma:
      - no-cache
      server:
      - Microsoft-HTTPAPI/2.0
      - Microsoft-HTTPAPI/2.0
      strict-transport-security:
      - max-age=31536000; includeSubDomains
      x-content-type-options:
      - nosniff
      x-ms-arm-service-request-id:
      - e5e18a7f-904f-4d9a-a527-0942551f01ce
      x-ms-ratelimit-remaining-subscription-writes:
      - '1192'
    status:
      code: 201
      message: Created
- request:
    body: null
    headers:
      Accept:
      - '*/*'
      Accept-Encoding:
      - gzip, deflate
      CommandName:
      - network express-route peering connection create
      Connection:
      - keep-alive
      ParameterSetName:
      - -g --circuit-name --peering-name -n --peer-circuit --address-prefix
      User-Agent:
      - AZURECLI/2.19.1 azsdk-python-azure-mgmt-network/18.0.0 Python/3.7.4 (Windows-10-10.0.19041-SP0)
    method: GET
    uri: https://management.azure.com/subscriptions/00000000-0000-0000-0000-000000000000/providers/Microsoft.Network/locations/westus/operations/c6471fb3-447c-47e3-88be-ba27e2e7b223?api-version=2020-11-01
  response:
    body:
      string: "{\r\n  \"status\": \"Failed\",\r\n  \"error\": {\r\n    \"code\": \"InitiatingCircuitNotProvisioned\",\r\n
        \   \"message\": \"Put Global Reach Connection Initiating Circuit Subscription
        = 0b1f6471-1bf0-4dda-aec3-cb9272f09590, ServiceKey = 629d8466-611c-43fd-b46d-8228596cf447
        is Not Provisioned. Current Status NotProvisioned\",\r\n    \"details\": []\r\n
        \ }\r\n}"
    headers:
      cache-control:
      - no-cache
      content-length:
      - '332'
      content-type:
      - application/json; charset=utf-8
      date:
      - Wed, 24 Feb 2021 15:24:38 GMT
      expires:
      - '-1'
      pragma:
      - no-cache
      server:
      - Microsoft-HTTPAPI/2.0
      - Microsoft-HTTPAPI/2.0
      strict-transport-security:
      - max-age=31536000; includeSubDomains
      transfer-encoding:
      - chunked
      vary:
      - Accept-Encoding
      x-content-type-options:
      - nosniff
      x-ms-arm-service-request-id:
      - 8b2a4273-55c3-413a-9c23-2c9fff609643
    status:
      code: 200
      message: OK
- request:
    body: null
    headers:
      Accept:
      - application/json
      Accept-Encoding:
      - gzip, deflate
      CommandName:
      - network express-route peering connection show
      Connection:
      - keep-alive
      ParameterSetName:
      - -g --circuit-name --peering-name -n
      User-Agent:
      - AZURECLI/2.19.1 azsdk-python-azure-mgmt-network/18.0.0 Python/3.7.4 (Windows-10-10.0.19041-SP0)
    method: GET
    uri: https://management.azure.com/subscriptions/00000000-0000-0000-0000-000000000000/resourceGroups/cli_test_express_route_global_reach000001/providers/Microsoft.Network/expressRouteCircuits/er1/peerings/AzurePrivatePeering/connections/conn12?api-version=2020-11-01
  response:
    body:
      string: "{\r\n  \"name\": \"conn12\",\r\n  \"id\": \"/subscriptions/00000000-0000-0000-0000-000000000000/resourceGroups/cli_test_express_route_global_reach000001/providers/Microsoft.Network/expressRouteCircuits/er1/peerings/AzurePrivatePeering/connections/conn12\",\r\n
        \ \"etag\": \"W/\\\"b8381148-2b29-4244-bd77-2daa1f04493f\\\"\",\r\n  \"properties\":
        {\r\n    \"provisioningState\": \"Failed\",\r\n    \"expressRouteCircuitPeering\":
        {\r\n      \"id\": \"/subscriptions/00000000-0000-0000-0000-000000000000/resourceGroups/cli_test_express_route_global_reach000001/providers/Microsoft.Network/expressRouteCircuits/er1/peerings/AzurePrivatePeering\"\r\n
        \   },\r\n    \"peerExpressRouteCircuitPeering\": {\r\n      \"id\": \"/subscriptions/00000000-0000-0000-0000-000000000000/resourceGroups/cli_test_express_route_global_reach000001/providers/Microsoft.Network/expressRouteCircuits/er2/peerings/AzurePrivatePeering\"\r\n
        \   },\r\n    \"addressPrefix\": \"104.0.0.0/29\",\r\n    \"circuitConnectionStatus\":
        \"Connected\"\r\n  },\r\n  \"type\": \"Microsoft.Network/expressRouteCircuits/peerings/connections\"\r\n}"
    headers:
      cache-control:
      - no-cache
      content-length:
      - '1128'
      content-type:
      - application/json; charset=utf-8
      date:
      - Wed, 24 Feb 2021 15:24:39 GMT
      etag:
      - W/"b8381148-2b29-4244-bd77-2daa1f04493f"
      expires:
      - '-1'
      pragma:
      - no-cache
      server:
      - Microsoft-HTTPAPI/2.0
      - Microsoft-HTTPAPI/2.0
      strict-transport-security:
      - max-age=31536000; includeSubDomains
      transfer-encoding:
      - chunked
      vary:
      - Accept-Encoding
      x-content-type-options:
      - nosniff
      x-ms-arm-service-request-id:
      - 4f90424e-27b8-4c16-86a7-e92127cc4380
    status:
      code: 200
      message: OK
- request:
    body: null
    headers:
      Accept:
      - application/json
      Accept-Encoding:
      - gzip, deflate
      CommandName:
      - network express-route peering connection delete
      Connection:
      - keep-alive
      Content-Length:
      - '0'
      ParameterSetName:
      - -g --circuit-name --peering-name -n
      User-Agent:
      - AZURECLI/2.19.1 azsdk-python-azure-mgmt-network/18.0.0 Python/3.7.4 (Windows-10-10.0.19041-SP0)
    method: DELETE
    uri: https://management.azure.com/subscriptions/00000000-0000-0000-0000-000000000000/resourceGroups/cli_test_express_route_global_reach000001/providers/Microsoft.Network/expressRouteCircuits/er1/peerings/AzurePrivatePeering/connections/conn12?api-version=2020-11-01
  response:
    body:
      string: ''
    headers:
      azure-asyncoperation:
      - https://management.azure.com/subscriptions/00000000-0000-0000-0000-000000000000/providers/Microsoft.Network/locations/westus/operations/501857c0-f973-43d8-bdf6-b9bee253a445?api-version=2020-11-01
      cache-control:
      - no-cache
      content-length:
      - '0'
      date:
      - Wed, 24 Feb 2021 15:24:41 GMT
      expires:
      - '-1'
      location:
      - https://management.azure.com/subscriptions/00000000-0000-0000-0000-000000000000/providers/Microsoft.Network/locations/westus/operationResults/501857c0-f973-43d8-bdf6-b9bee253a445?api-version=2020-11-01
      pragma:
      - no-cache
      server:
      - Microsoft-HTTPAPI/2.0
      - Microsoft-HTTPAPI/2.0
      strict-transport-security:
      - max-age=31536000; includeSubDomains
      x-content-type-options:
      - nosniff
      x-ms-arm-service-request-id:
      - b2b9400f-fd92-479a-88ab-c21b523cddbb
      x-ms-ratelimit-remaining-subscription-deletes:
      - '14999'
    status:
      code: 202
      message: Accepted
- request:
    body: null
    headers:
      Accept:
      - '*/*'
      Accept-Encoding:
      - gzip, deflate
      CommandName:
      - network express-route peering connection delete
      Connection:
      - keep-alive
      ParameterSetName:
      - -g --circuit-name --peering-name -n
      User-Agent:
      - AZURECLI/2.19.1 azsdk-python-azure-mgmt-network/18.0.0 Python/3.7.4 (Windows-10-10.0.19041-SP0)
    method: GET
    uri: https://management.azure.com/subscriptions/00000000-0000-0000-0000-000000000000/providers/Microsoft.Network/locations/westus/operations/501857c0-f973-43d8-bdf6-b9bee253a445?api-version=2020-11-01
  response:
    body:
      string: "{\r\n  \"status\": \"Succeeded\"\r\n}"
    headers:
      cache-control:
      - no-cache
      content-length:
      - '29'
      content-type:
      - application/json; charset=utf-8
      date:
      - Wed, 24 Feb 2021 15:24:51 GMT
      expires:
      - '-1'
      pragma:
      - no-cache
      server:
      - Microsoft-HTTPAPI/2.0
      - Microsoft-HTTPAPI/2.0
      strict-transport-security:
      - max-age=31536000; includeSubDomains
      transfer-encoding:
      - chunked
      vary:
      - Accept-Encoding
      x-content-type-options:
      - nosniff
      x-ms-arm-service-request-id:
      - 8353807d-e69a-4966-a6a8-26f8748b610e
    status:
      code: 200
      message: OK
version: 1
