interactions:
- request:
    body: null
    headers:
      Accept:
      - application/json
      Accept-Encoding:
      - gzip, deflate
      CommandName:
      - keyvault secret set
      Connection:
      - keep-alive
      Content-Length:
      - '0'
      Content-Type:
      - application/json
      ParameterSetName:
      - --name --vault-name --value
      User-Agent:
      - AZURECLI/2.69.0 azsdk-python-core/1.31.0 Python/3.12.9 (Windows-10-10.0.19045-SP0)
    method: PUT
    uri: https://test-er-port-kv000002.vault.azure.net/secrets/CAK?api-version=7.4
  response:
    body:
      string: '{"error": {"code": "Unauthorized", "message": "AKV10000: Request is
        missing a Bearer or PoP token."}, "encodedContent": "UmF3IGJ5dGVzIG9mIGEgUERGIGNvbnRlbnQgcmVwbGFjZWQgYnkgRXhwcmVzc1JvdXRlUG9ydExPQUNvbnRlbnRSZXBsYWNlcg=="}'
    headers:
      cache-control:
      - no-cache
      content-length:
      - '223'
      content-type:
      - application/json; charset=utf-8
      date:
      - Sat, 22 Feb 2025 05:00:34 GMT
      expires:
      - '-1'
      pragma:
      - no-cache
      strict-transport-security:
      - max-age=31536000;includeSubDomains
      www-authenticate:
      - Bearer authorization="https://login.microsoftonline.com/54826b22-38d6-4fb2-bad9-b7b93a3e9c5a",
        resource="https://vault.azure.net"
      x-content-type-options:
      - nosniff
      x-ms-keyvault-network-info:
      - conn_type=Ipv4;addr=167.220.255.90;act_addr_fam=InterNetwork;
      x-ms-keyvault-region:
      - eastus
      x-ms-keyvault-service-version:
      - 1.9.2103.1
    status:
      code: 401
      message: Unauthorized
- request:
    body: '{"value": "b4355b9ccaf727d2ba7744ee991ce00e", "tags": {"file-encoding":
      "utf-8"}}'
    headers:
      Accept:
      - application/json
      Accept-Encoding:
      - gzip, deflate
      CommandName:
      - keyvault secret set
      Connection:
      - keep-alive
      Content-Length:
      - '81'
      Content-Type:
      - application/json
      ParameterSetName:
      - --name --vault-name --value
      User-Agent:
      - AZURECLI/2.69.0 azsdk-python-core/1.31.0 Python/3.12.9 (Windows-10-10.0.19045-SP0)
    method: PUT
    uri: https://test-er-port-kv000002.vault.azure.net/secrets/CAK?api-version=7.4
  response:
    body:
      string: '{"value": "b4355b9ccaf727d2ba7744ee991ce00e", "id": "https://test-er-port-kv000002.vault.azure.net/secrets/CAK/43722c3b026145c0aef5f64491b1b345",
        "attributes": {"enabled": true, "created": 1740200438, "updated": 1740200438,
        "recoveryLevel": "CustomizedRecoverable+Purgeable", "recoverableDays": 7},
        "tags": {"file-encoding": "utf-8"}, "encodedContent": "UmF3IGJ5dGVzIG9mIGEgUERGIGNvbnRlbnQgcmVwbGFjZWQgYnkgRXhwcmVzc1JvdXRlUG9ydExPQUNvbnRlbnRSZXBsYWNlcg=="}'
    headers:
      cache-control:
      - no-cache
      content-length:
      - '456'
      content-type:
      - application/json; charset=utf-8
      date:
      - Sat, 22 Feb 2025 05:00:37 GMT
      expires:
      - '-1'
      pragma:
      - no-cache
      strict-transport-security:
      - max-age=31536000;includeSubDomains
      x-content-type-options:
      - nosniff
      x-ms-keyvault-network-info:
      - conn_type=Ipv4;addr=167.220.255.90;act_addr_fam=InterNetwork;
      x-ms-keyvault-rbac-assignment-id:
      - 7a1e3f127762415084ce8841f2631b25
      x-ms-keyvault-region:
      - eastus
      x-ms-keyvault-service-version:
      - 1.9.2103.1
    status:
      code: 200
      message: OK
- request:
    body: '{"value": "93e9ce8469eff0536784fc4ad253b5a6", "tags": {"file-encoding":
      "utf-8"}}'
    headers:
      Accept:
      - application/json
      Accept-Encoding:
      - gzip, deflate
      CommandName:
      - keyvault secret set
      Connection:
      - keep-alive
      Content-Length:
      - '81'
      Content-Type:
      - application/json
      ParameterSetName:
      - --name --vault-name --value
      User-Agent:
      - AZURECLI/2.69.0 azsdk-python-core/1.31.0 Python/3.12.9 (Windows-10-10.0.19045-SP0)
    method: PUT
    uri: https://test-er-port-kv000002.vault.azure.net/secrets/CKN?api-version=7.4
  response:
    body:
      string: '{"value": "93e9ce8469eff0536784fc4ad253b5a6", "id": "https://test-er-port-kv000002.vault.azure.net/secrets/CKN/c35e6bb8732d4b77b4644cd5a36910c3",
        "attributes": {"enabled": true, "created": 1740200440, "updated": 1740200440,
        "recoveryLevel": "CustomizedRecoverable+Purgeable", "recoverableDays": 7},
        "tags": {"file-encoding": "utf-8"}, "encodedContent": "UmF3IGJ5dGVzIG9mIGEgUERGIGNvbnRlbnQgcmVwbGFjZWQgYnkgRXhwcmVzc1JvdXRlUG9ydExPQUNvbnRlbnRSZXBsYWNlcg=="}'
    headers:
      cache-control:
      - no-cache
      content-length:
      - '456'
      content-type:
      - application/json; charset=utf-8
      date:
      - Sat, 22 Feb 2025 05:00:40 GMT
      expires:
      - '-1'
      pragma:
      - no-cache
      strict-transport-security:
      - max-age=31536000;includeSubDomains
      x-content-type-options:
      - nosniff
      x-ms-keyvault-network-info:
      - conn_type=Ipv4;addr=167.220.255.90;act_addr_fam=InterNetwork;
      x-ms-keyvault-rbac-assignment-id:
      - 7a1e3f127762415084ce8841f2631b25
      x-ms-keyvault-region:
      - eastus
      x-ms-keyvault-service-version:
      - 1.9.2103.1
    status:
      code: 200
      message: OK
- request:
    body: null
    headers:
      Accept:
      - application/json
      Accept-Encoding:
      - gzip, deflate
      CommandName:
      - identity create
      Connection:
      - keep-alive
      ParameterSetName:
      - -g -n
      User-Agent:
      - AZURECLI/2.69.0 azsdk-python-core/1.31.0 Python/3.12.9 (Windows-10-10.0.19045-SP0)
    method: GET
    uri: https://management.azure.com/subscriptions/00000000-0000-0000-0000-000000000000/resourcegroups/cli_test_express_route_port000001?api-version=2022-09-01
  response:
    body:
      string: '{"id": "/subscriptions/00000000-0000-0000-0000-000000000000/resourceGroups/cli_test_express_route_port000001",
        "name": "cli_test_express_route_port000001", "type": "Microsoft.Resources/resourceGroups",
        "location": "eastus", "tags": {"product": "azurecli", "cause": "automation",
        "test": "test_network_express_route_port", "date": "2025-02-22T04:59:55Z",
        "module": "network", "Creator": "zhiyihuang@microsoft.com", "DateCreated":
        "2025-02-22T05:00:00Z"}, "properties": {"provisioningState": "Succeeded"},
        "encodedContent": "UmF3IGJ5dGVzIG9mIGEgUERGIGNvbnRlbnQgcmVwbGFjZWQgYnkgRXhwcmVzc1JvdXRlUG9ydExPQUNvbnRlbnRSZXBsYWNlcg=="}'
    headers:
      cache-control:
      - no-cache
      content-length:
      - '625'
      content-type:
      - application/json; charset=utf-8
      date:
      - Sat, 22 Feb 2025 05:00:41 GMT
      expires:
      - '-1'
      pragma:
      - no-cache
      strict-transport-security:
      - max-age=31536000; includeSubDomains
      x-content-type-options:
      - nosniff
      x-ms-ratelimit-remaining-subscription-global-reads:
      - '3748'
    status:
      code: 200
      message: OK
- request:
    body: '{"location": "eastus"}'
    headers:
      Accept:
      - application/json
      Accept-Encoding:
      - gzip, deflate
      CommandName:
      - identity create
      Connection:
      - keep-alive
      Content-Length:
      - '22'
      Content-Type:
      - application/json
      ParameterSetName:
      - -g -n
      User-Agent:
      - AZURECLI/2.69.0 azsdk-python-core/1.31.0 Python/3.12.9 (Windows-10-10.0.19045-SP0)
    method: PUT
    uri: https://management.azure.com/subscriptions/00000000-0000-0000-0000-000000000000/resourceGroups/cli_test_express_route_port000001/providers/Microsoft.ManagedIdentity/userAssignedIdentities/expressRouteTest?api-version=2023-01-31
  response:
    body:
      string: '{"location": "eastus", "tags": {}, "id": "/subscriptions/00000000-0000-0000-0000-000000000000/resourcegroups/cli_test_express_route_port000001/providers/Microsoft.ManagedIdentity/userAssignedIdentities/expressRouteTest",
        "name": "expressRouteTest", "type": "Microsoft.ManagedIdentity/userAssignedIdentities",
        "properties": {"tenantId": "54826b22-38d6-4fb2-bad9-b7b93a3e9c5a", "principalId":
        "b4b78447-bac8-4a54-9c0a-3950f6794eba", "clientId": "9ef64e25-1646-4ec0-a563-f17f00ce8a59"},
        "encodedContent": "UmF3IGJ5dGVzIG9mIGEgUERGIGNvbnRlbnQgcmVwbGFjZWQgYnkgRXhwcmVzc1JvdXRlUG9ydExPQUNvbnRlbnRSZXBsYWNlcg=="}'
    headers:
      cache-control:
      - no-cache
      content-length:
      - '605'
      content-type:
      - application/json; charset=utf-8
      date:
      - Sat, 22 Feb 2025 05:00:44 GMT
      expires:
      - '-1'
      location:
      - /subscriptions/00000000-0000-0000-0000-000000000000/resourcegroups/cli_test_express_route_port000001/providers/Microsoft.ManagedIdentity/userAssignedIdentities/expressRouteTest
      pragma:
      - no-cache
      strict-transport-security:
      - max-age=31536000; includeSubDomains
      x-content-type-options:
      - nosniff
      x-ms-operation-identifier:
      - tenantId=54826b22-38d6-4fb2-bad9-b7b93a3e9c5a,objectId=a7250e3a-0e5e-48e2-9a34-45f1f5e1a91e/eastus2euap/3e70ce5d-6f1b-4854-a319-1e563fb356a7
      x-ms-ratelimit-remaining-subscription-global-writes:
      - '2999'
      x-ms-ratelimit-remaining-subscription-writes:
      - '199'
    status:
      code: 201
      message: Created
- request:
    body: null
    headers:
      Accept:
      - application/json
      Accept-Encoding:
      - gzip, deflate
      CommandName:
      - keyvault set-policy
      Connection:
      - keep-alive
      ParameterSetName:
      - -n -g --secret-permissions --object-id
      User-Agent:
      - AZURECLI/2.69.0 azsdk-python-core/1.31.0 Python/3.12.9 (Windows-10-10.0.19045-SP0)
    method: GET
    uri: https://management.azure.com/subscriptions/00000000-0000-0000-0000-000000000000/resourceGroups/cli_test_express_route_port000001/providers/Microsoft.KeyVault/vaults/test-er-port-kv000002?api-version=2023-02-01
  response:
    body:
      string: '{"id": "/subscriptions/00000000-0000-0000-0000-000000000000/resourceGroups/cli_test_express_route_port000001/providers/Microsoft.KeyVault/vaults/test-er-port-kv000002",
        "name": "test-er-port-kv000002", "type": "Microsoft.KeyVault/vaults", "location":
        "eastus", "tags": {}, "systemData": {"createdBy": "zhiyihuang@microsoft.com",
        "createdByType": "User", "createdAt": "2025-02-22T05:00:00.085Z", "lastModifiedBy":
        "zhiyihuang@microsoft.com", "lastModifiedByType": "User", "lastModifiedAt":
        "2025-02-22T05:00:00.085Z"}, "properties": {"sku": {"family": "A", "name":
        "standard"}, "tenantId": "54826b22-38d6-4fb2-bad9-b7b93a3e9c5a", "accessPolicies":
        [], "enabledForDeployment": false, "enableSoftDelete": true, "softDeleteRetentionInDays":
        7, "enableRbacAuthorization": true, "vaultUri": "https://test-er-port-kv000002.vault.azure.net/",
        "provisioningState": "Succeeded", "publicNetworkAccess": "Enabled"}, "encodedContent":
        "UmF3IGJ5dGVzIG9mIGEgUERGIGNvbnRlbnQgcmVwbGFjZWQgYnkgRXhwcmVzc1JvdXRlUG9ydExPQUNvbnRlbnRSZXBsYWNlcg=="}'
    headers:
      cache-control:
      - no-cache
      content-length:
      - '1025'
      content-type:
      - application/json; charset=utf-8
      date:
      - Sat, 22 Feb 2025 05:00:46 GMT
      expires:
      - '-1'
      pragma:
      - no-cache
      server:
      - Microsoft-IIS/10.0
      strict-transport-security:
      - max-age=31536000; includeSubDomains
      x-aspnet-version:
      - 4.0.30319
      x-content-type-options:
      - nosniff
      x-ms-keyvault-service-version:
      - 1.5.1491.0
      x-ms-ratelimit-remaining-subscription-global-reads:
      - '3749'
    status:
      code: 200
      message: OK
version: 1
