interactions:
- request:
    body: null
    headers:
      Accept:
      - application/json
      Accept-Encoding:
      - gzip, deflate
      CommandName:
      - network public-ip create
      Connection:
      - keep-alive
      ParameterSetName:
      - -g -n --sku
      User-Agent:
      - AZURECLI/2.30.0 azsdk-python-azure-mgmt-resource/19.0.0 Python/3.8.3 (Windows-10-10.0.18362-SP0)
    method: GET
    uri: https://management.azure.com/subscriptions/00000000-0000-0000-0000-000000000000/resourcegroups/test_network_appgw_creation_with_public_and_private_ip000001?api-version=2021-04-01
  response:
    body:
      string: '{"id":"/subscriptions/00000000-0000-0000-0000-000000000000/resourceGroups/test_network_appgw_creation_with_public_and_private_ip000001","name":"test_network_appgw_creation_with_public_and_private_ip000001","type":"Microsoft.Resources/resourceGroups","location":"westus","tags":{"product":"azurecli","cause":"automation","date":"2021-11-03T04:29:42Z"},"properties":{"provisioningState":"Succeeded"}}'
    headers:
      cache-control:
      - no-cache
      content-length:
      - '428'
      content-type:
      - application/json; charset=utf-8
      date:
      - Wed, 03 Nov 2021 04:29:46 GMT
      expires:
      - '-1'
      pragma:
      - no-cache
      strict-transport-security:
      - max-age=31536000; includeSubDomains
      vary:
      - Accept-Encoding
      x-content-type-options:
      - nosniff
    status:
      code: 200
      message: OK
- request:
    body: '{"location": "westus", "sku": {"name": "Standard"}, "properties": {"publicIPAllocationMethod":
      "Static", "publicIPAddressVersion": "IPv4", "idleTimeoutInMinutes": 4}}'
    headers:
      Accept:
      - application/json
      Accept-Encoding:
      - gzip, deflate
      CommandName:
      - network public-ip create
      Connection:
      - keep-alive
      Content-Length:
      - '166'
      Content-Type:
      - application/json
      ParameterSetName:
      - -g -n --sku
      User-Agent:
      - AZURECLI/2.30.0 azsdk-python-azure-mgmt-network/19.2.0 Python/3.8.3 (Windows-10-10.0.18362-SP0)
    method: PUT
    uri: https://management.azure.com/subscriptions/00000000-0000-0000-0000-000000000000/resourceGroups/test_network_appgw_creation_with_public_and_private_ip000001/providers/Microsoft.Network/publicIPAddresses/publicIP?api-version=2021-05-01
  response:
    body:
      string: "{\r\n  \"name\": \"publicIP\",\r\n  \"id\": \"/subscriptions/00000000-0000-0000-0000-000000000000/resourceGroups/test_network_appgw_creation_with_public_and_private_ip000001/providers/Microsoft.Network/publicIPAddresses/publicIP\",\r\n
        \ \"etag\": \"W/\\\"fdcbcda0-fe6f-426a-816a-05bae065b09d\\\"\",\r\n  \"location\":
        \"westus\",\r\n  \"properties\": {\r\n    \"provisioningState\": \"Updating\",\r\n
        \   \"resourceGuid\": \"1dcbec63-e89b-4eb0-8cc8-7a94399b82b0\",\r\n    \"publicIPAddressVersion\":
        \"IPv4\",\r\n    \"publicIPAllocationMethod\": \"Static\",\r\n    \"idleTimeoutInMinutes\":
        4,\r\n    \"ipTags\": []\r\n  },\r\n  \"type\": \"Microsoft.Network/publicIPAddresses\",\r\n
        \ \"sku\": {\r\n    \"name\": \"Standard\",\r\n    \"tier\": \"Regional\"\r\n
        \ }\r\n}"
    headers:
      azure-asyncnotification:
      - Enabled
      azure-asyncoperation:
      - https://management.azure.com/subscriptions/00000000-0000-0000-0000-000000000000/providers/Microsoft.Network/locations/westus/operations/7aad15d3-3038-41ea-b39d-a509b7a7877f?api-version=2021-05-01
      cache-control:
      - no-cache
      content-length:
      - '691'
      content-type:
      - application/json; charset=utf-8
      date:
      - Wed, 03 Nov 2021 04:29:52 GMT
      expires:
      - '-1'
      pragma:
      - no-cache
      server:
      - Microsoft-HTTPAPI/2.0
      - Microsoft-HTTPAPI/2.0
      strict-transport-security:
      - max-age=31536000; includeSubDomains
      x-content-type-options:
      - nosniff
      x-ms-arm-service-request-id:
      - e3115a9b-cefb-4a81-9e5f-68aeb13b50d2
      x-ms-ratelimit-remaining-subscription-writes:
      - '1197'
    status:
      code: 201
      message: Created
- request:
    body: null
    headers:
      Accept:
      - '*/*'
      Accept-Encoding:
      - gzip, deflate
      CommandName:
      - network public-ip create
      Connection:
      - keep-alive
      ParameterSetName:
      - -g -n --sku
      User-Agent:
      - AZURECLI/2.30.0 azsdk-python-azure-mgmt-network/19.2.0 Python/3.8.3 (Windows-10-10.0.18362-SP0)
    method: GET
    uri: https://management.azure.com/subscriptions/00000000-0000-0000-0000-000000000000/providers/Microsoft.Network/locations/westus/operations/7aad15d3-3038-41ea-b39d-a509b7a7877f?api-version=2021-05-01
  response:
    body:
      string: "{\r\n  \"status\": \"Succeeded\"\r\n}"
    headers:
      cache-control:
      - no-cache
      content-length:
      - '29'
      content-type:
      - application/json; charset=utf-8
      date:
      - Wed, 03 Nov 2021 04:29:53 GMT
      expires:
      - '-1'
      pragma:
      - no-cache
      server:
      - Microsoft-HTTPAPI/2.0
      - Microsoft-HTTPAPI/2.0
      strict-transport-security:
      - max-age=31536000; includeSubDomains
      transfer-encoding:
      - chunked
      vary:
      - Accept-Encoding
      x-content-type-options:
      - nosniff
      x-ms-arm-service-request-id:
      - 1a87b97c-703c-40f1-90cb-cb3e417f4ceb
    status:
      code: 200
      message: OK
- request:
    body: null
    headers:
      Accept:
      - '*/*'
      Accept-Encoding:
      - gzip, deflate
      CommandName:
      - network public-ip create
      Connection:
      - keep-alive
      ParameterSetName:
      - -g -n --sku
      User-Agent:
      - AZURECLI/2.30.0 azsdk-python-azure-mgmt-network/19.2.0 Python/3.8.3 (Windows-10-10.0.18362-SP0)
    method: GET
    uri: https://management.azure.com/subscriptions/00000000-0000-0000-0000-000000000000/resourceGroups/test_network_appgw_creation_with_public_and_private_ip000001/providers/Microsoft.Network/publicIPAddresses/publicIP?api-version=2021-05-01
  response:
    body:
      string: "{\r\n  \"name\": \"publicIP\",\r\n  \"id\": \"/subscriptions/00000000-0000-0000-0000-000000000000/resourceGroups/test_network_appgw_creation_with_public_and_private_ip000001/providers/Microsoft.Network/publicIPAddresses/publicIP\",\r\n
        \ \"etag\": \"W/\\\"aca99aa0-9254-4539-bab3-1327197da6ba\\\"\",\r\n  \"location\":
        \"westus\",\r\n  \"properties\": {\r\n    \"provisioningState\": \"Succeeded\",\r\n
        \   \"resourceGuid\": \"1dcbec63-e89b-4eb0-8cc8-7a94399b82b0\",\r\n    \"ipAddress\":
        \"104.40.3.110\",\r\n    \"publicIPAddressVersion\": \"IPv4\",\r\n    \"publicIPAllocationMethod\":
        \"Static\",\r\n    \"idleTimeoutInMinutes\": 4,\r\n    \"ipTags\": []\r\n
        \ },\r\n  \"type\": \"Microsoft.Network/publicIPAddresses\",\r\n  \"sku\":
        {\r\n    \"name\": \"Standard\",\r\n    \"tier\": \"Regional\"\r\n  }\r\n}"
    headers:
      cache-control:
      - no-cache
      content-length:
      - '726'
      content-type:
      - application/json; charset=utf-8
      date:
      - Wed, 03 Nov 2021 04:29:53 GMT
      etag:
      - W/"aca99aa0-9254-4539-bab3-1327197da6ba"
      expires:
      - '-1'
      pragma:
      - no-cache
      server:
      - Microsoft-HTTPAPI/2.0
      - Microsoft-HTTPAPI/2.0
      strict-transport-security:
      - max-age=31536000; includeSubDomains
      transfer-encoding:
      - chunked
      vary:
      - Accept-Encoding
      x-content-type-options:
      - nosniff
      x-ms-arm-service-request-id:
      - a417c43f-0850-461b-9784-1bec9a3a40cb
    status:
      code: 200
      message: OK
- request:
    body: null
    headers:
      Accept:
      - application/json
      Accept-Encoding:
      - gzip, deflate
      CommandName:
      - network application-gateway create
      Connection:
      - keep-alive
      ParameterSetName:
      - -g -n --sku --enable-private-link --private-ip-address --public-ip-address
      User-Agent:
      - AZURECLI/2.30.0 azsdk-python-azure-mgmt-resource/19.0.0 Python/3.8.3 (Windows-10-10.0.18362-SP0)
    method: GET
    uri: https://management.azure.com/subscriptions/00000000-0000-0000-0000-000000000000/resourcegroups/test_network_appgw_creation_with_public_and_private_ip000001?api-version=2021-04-01
  response:
    body:
      string: '{"id":"/subscriptions/00000000-0000-0000-0000-000000000000/resourceGroups/test_network_appgw_creation_with_public_and_private_ip000001","name":"test_network_appgw_creation_with_public_and_private_ip000001","type":"Microsoft.Resources/resourceGroups","location":"westus","tags":{"product":"azurecli","cause":"automation","date":"2021-11-03T04:29:42Z"},"properties":{"provisioningState":"Succeeded"}}'
    headers:
      cache-control:
      - no-cache
      content-length:
      - '428'
      content-type:
      - application/json; charset=utf-8
      date:
      - Wed, 03 Nov 2021 04:29:56 GMT
      expires:
      - '-1'
      pragma:
      - no-cache
      strict-transport-security:
      - max-age=31536000; includeSubDomains
      vary:
      - Accept-Encoding
      x-content-type-options:
      - nosniff
    status:
      code: 200
      message: OK
- request:
    body: null
    headers:
      Accept:
      - application/json
      Accept-Encoding:
      - gzip, deflate
      CommandName:
      - network application-gateway create
      Connection:
      - keep-alive
      ParameterSetName:
      - -g -n --sku --enable-private-link --private-ip-address --public-ip-address
      User-Agent:
      - AZURECLI/2.30.0 azsdk-python-azure-mgmt-resource/19.0.0 Python/3.8.3 (Windows-10-10.0.18362-SP0)
    method: GET
    uri: https://management.azure.com/subscriptions/00000000-0000-0000-0000-000000000000/resources?$filter=resourceGroup%20eq%20%27test_network_appgw_creation_with_public_and_private_ip000001%27%20and%20name%20eq%20%27None%27%20and%20resourceType%20eq%20%27Microsoft.Network%2FvirtualNetworks%27&api-version=2021-04-01
  response:
    body:
      string: '{"value":[]}'
    headers:
      cache-control:
      - no-cache
      content-length:
      - '12'
      content-type:
      - application/json; charset=utf-8
      date:
      - Wed, 03 Nov 2021 04:29:57 GMT
      expires:
      - '-1'
      pragma:
      - no-cache
      strict-transport-security:
      - max-age=31536000; includeSubDomains
      vary:
      - Accept-Encoding
      x-content-type-options:
      - nosniff
    status:
      code: 200
      message: OK
- request:
    body: null
    headers:
      Accept:
      - application/json
      Accept-Encoding:
      - gzip, deflate
      CommandName:
      - network application-gateway create
      Connection:
      - keep-alive
      ParameterSetName:
      - -g -n --sku --enable-private-link --private-ip-address --public-ip-address
      User-Agent:
      - AZURECLI/2.30.0 azsdk-python-azure-mgmt-resource/19.0.0 Python/3.8.3 (Windows-10-10.0.18362-SP0)
    method: GET
    uri: https://management.azure.com/subscriptions/00000000-0000-0000-0000-000000000000/resources?$filter=resourceGroup%20eq%20%27test_network_appgw_creation_with_public_and_private_ip000001%27%20and%20name%20eq%20%27publicIP%27%20and%20resourceType%20eq%20%27Microsoft.Network%2FpublicIPAddresses%27&api-version=2021-04-01
  response:
    body:
      string: '{"value":[{"id":"/subscriptions/00000000-0000-0000-0000-000000000000/resourceGroups/test_network_appgw_creation_with_public_and_private_ip000001/providers/Microsoft.Network/publicIPAddresses/publicIP","name":"publicIP","type":"Microsoft.Network/publicIPAddresses","sku":{"name":"Standard"},"location":"westus"}]}'
    headers:
      cache-control:
      - no-cache
      content-length:
      - '327'
      content-type:
      - application/json; charset=utf-8
      date:
      - Wed, 03 Nov 2021 04:29:58 GMT
      expires:
      - '-1'
      pragma:
      - no-cache
      strict-transport-security:
      - max-age=31536000; includeSubDomains
      vary:
      - Accept-Encoding
      x-content-type-options:
      - nosniff
    status:
      code: 200
      message: OK
- request:
    body: '{"properties": {"template": {"$schema": "https://schema.management.azure.com/schemas/2015-01-01/deploymentTemplate.json#",
      "contentVersion": "1.0.0.0", "parameters": {}, "variables": {"appGwID": "[resourceId(''Microsoft.Network/applicationGateways'',
      ''applicationGateway'')]"}, "resources": [{"name": "applicationGatewayVnet",
      "type": "Microsoft.Network/virtualNetworks", "location": "westus", "apiVersion":
      "2015-06-15", "dependsOn": [], "tags": {}, "properties": {"addressSpace": {"addressPrefixes":
      ["10.0.0.0/16"]}, "subnets": [{"name": "default", "properties": {"addressPrefix":
      "10.0.0.0/24"}}, {"name": "PrivateLinkDefaultSubnet", "properties": {"addressPrefix":
      "10.0.1.0/24", "privateLinkServiceNetworkPolicies": "Disabled"}}]}}, {"type":
      "Microsoft.Network/applicationGateways", "name": "applicationGateway", "location":
      "westus", "tags": {}, "apiVersion": "2021-05-01", "dependsOn": ["Microsoft.Network/virtualNetworks/applicationGatewayVnet"],
      "properties": {"backendAddressPools": [{"name": "appGatewayBackendPool"}], "backendHttpSettingsCollection":
      [{"name": "appGatewayBackendHttpSettings", "properties": {"Port": 80, "Protocol":
      "Http", "CookieBasedAffinity": "disabled", "connectionDraining": {"enabled":
      false, "drainTimeoutInSec": 1}}}], "frontendIPConfigurations": [{"name": "appGatewayPrivateFrontendIP",
      "properties": {"privateIPAllocationMethod": "Static", "privateIPAddress": "10.0.0.17",
      "subnet": {"id": "/subscriptions/00000000-0000-0000-0000-000000000000/resourceGroups/test_network_appgw_creation_with_public_and_private_ip000001/providers/Microsoft.Network/virtualNetworks/applicationGatewayVnet/subnets/default"}}},
      {"name": "appGatewayFrontendIP", "properties": {"publicIPAddress": {"id": "/subscriptions/00000000-0000-0000-0000-000000000000/resourceGroups/test_network_appgw_creation_with_public_and_private_ip000001/providers/Microsoft.Network/publicIPAddresses/publicIP"}}}],
      "frontendPorts": [{"name": "appGatewayFrontendPort", "properties": {"Port":
      80}}], "gatewayIPConfigurations": [{"name": "appGatewayFrontendIP", "properties":
      {"subnet": {"id": "/subscriptions/00000000-0000-0000-0000-000000000000/resourceGroups/test_network_appgw_creation_with_public_and_private_ip000001/providers/Microsoft.Network/virtualNetworks/applicationGatewayVnet/subnets/default"}}}],
      "httpListeners": [{"name": "appGatewayHttpListener", "properties": {"FrontendIpConfiguration":
      {"Id": "[concat(variables(''appGwID''), ''/frontendIPConfigurations/appGatewayFrontendIP'')]"},
      "FrontendPort": {"Id": "[concat(variables(''appGwID''), ''/frontendPorts/appGatewayFrontendPort'')]"},
      "Protocol": "http", "SslCertificate": null}}], "sku": {"name": "Standard_v2",
      "tier": "Standard_v2", "capacity": 2}, "requestRoutingRules": [{"Name": "rule1",
      "properties": {"RuleType": "Basic", "httpListener": {"id": "[concat(variables(''appGwID''),
      ''/httpListeners/appGatewayHttpListener'')]"}, "backendAddressPool": {"id":
      "[concat(variables(''appGwID''), ''/backendAddressPools/appGatewayBackendPool'')]"},
      "backendHttpSettings": {"id": "[concat(variables(''appGwID''), ''/backendHttpSettingsCollection/appGatewayBackendHttpSettings'')]"}}}],
      "privateLinkConfigurations": [{"name": "PrivateLinkDefaultConfiguration", "properties":
      {"ipConfigurations": [{"name": "PrivateLinkDefaultIPConfiguration", "properties":
      {"privateIPAddress": null, "privateIPAllocationMethod": "Dynamic", "primary":
      null, "subnet": {"id": "/subscriptions/00000000-0000-0000-0000-000000000000/resourceGroups/test_network_appgw_creation_with_public_and_private_ip000001/providers/Microsoft.Network/virtualNetworks/applicationGatewayVnet/subnets/PrivateLinkDefaultSubnet"}}}]}}]},
      "zones": null}], "outputs": {"applicationGateway": {"type": "object", "value":
      "[reference(''applicationGateway'')]"}}}, "parameters": {}, "mode": "incremental"}}'
    headers:
      Accept:
      - application/json
      Accept-Encoding:
      - gzip, deflate
      CommandName:
      - network application-gateway create
      Connection:
      - keep-alive
      Content-Length:
      - '3855'
      Content-Type:
      - application/json
      ParameterSetName:
      - -g -n --sku --enable-private-link --private-ip-address --public-ip-address
      User-Agent:
      - AZURECLI/2.30.0 azsdk-python-azure-mgmt-resource/19.0.0 Python/3.8.3 (Windows-10-10.0.18362-SP0)
    method: PUT
    uri: https://management.azure.com/subscriptions/00000000-0000-0000-0000-000000000000/resourcegroups/test_network_appgw_creation_with_public_and_private_ip000001/providers/Microsoft.Resources/deployments/mock-deployment?api-version=2021-04-01
  response:
    body:
      string: '{"id":"/subscriptions/00000000-0000-0000-0000-000000000000/resourceGroups/test_network_appgw_creation_with_public_and_private_ip000001/providers/Microsoft.Resources/deployments/ag_deploy_fZdruaKiAH5gxKiYdKOvve2LDdHtV01g","name":"ag_deploy_fZdruaKiAH5gxKiYdKOvve2LDdHtV01g","type":"Microsoft.Resources/deployments","properties":{"templateHash":"8792824603625598204","parameters":{},"mode":"Incremental","provisioningState":"Accepted","timestamp":"2021-11-03T04:30:05.9473861Z","duration":"PT2.974949S","correlationId":"fc13fbeb-21ad-4b5b-b092-1938113a01c8","providers":[{"namespace":"Microsoft.Network","resourceTypes":[{"resourceType":"virtualNetworks","locations":["westus"]},{"resourceType":"applicationGateways","locations":["westus"]}]}],"dependencies":[{"dependsOn":[{"id":"/subscriptions/00000000-0000-0000-0000-000000000000/resourceGroups/test_network_appgw_creation_with_public_and_private_ip000001/providers/Microsoft.Network/virtualNetworks/applicationGatewayVnet","resourceType":"Microsoft.Network/virtualNetworks","resourceName":"applicationGatewayVnet"}],"id":"/subscriptions/00000000-0000-0000-0000-000000000000/resourceGroups/test_network_appgw_creation_with_public_and_private_ip000001/providers/Microsoft.Network/applicationGateways/applicationGateway","resourceType":"Microsoft.Network/applicationGateways","resourceName":"applicationGateway"}]}}'
    headers:
      azure-asyncoperation:
      - https://management.azure.com/subscriptions/00000000-0000-0000-0000-000000000000/resourcegroups/test_network_appgw_creation_with_public_and_private_ip000001/providers/Microsoft.Resources/deployments/ag_deploy_fZdruaKiAH5gxKiYdKOvve2LDdHtV01g/operationStatuses/08585656930825052162?api-version=2021-04-01
      cache-control:
      - no-cache
      content-length:
      - '1409'
      content-type:
      - application/json; charset=utf-8
      date:
      - Wed, 03 Nov 2021 04:30:07 GMT
      expires:
      - '-1'
      pragma:
      - no-cache
      strict-transport-security:
      - max-age=31536000; includeSubDomains
      x-content-type-options:
      - nosniff
      x-ms-ratelimit-remaining-subscription-writes:
      - '1197'
    status:
      code: 201
      message: Created
- request:
    body: null
    headers:
      Accept:
      - '*/*'
      Accept-Encoding:
      - gzip, deflate
      CommandName:
      - network application-gateway create
      Connection:
      - keep-alive
      ParameterSetName:
      - -g -n --sku --enable-private-link --private-ip-address --public-ip-address
      User-Agent:
      - AZURECLI/2.30.0 azsdk-python-azure-mgmt-resource/19.0.0 Python/3.8.3 (Windows-10-10.0.18362-SP0)
    method: GET
    uri: https://management.azure.com/subscriptions/00000000-0000-0000-0000-000000000000/resourcegroups/test_network_appgw_creation_with_public_and_private_ip000001/providers/Microsoft.Resources/deployments/mock-deployment/operationStatuses/08585656930825052162?api-version=2021-04-01
  response:
    body:
      string: '{"status":"Running"}'
    headers:
      cache-control:
      - no-cache
      content-length:
      - '20'
      content-type:
      - application/json; charset=utf-8
      date:
      - Wed, 03 Nov 2021 04:30:37 GMT
      expires:
      - '-1'
      pragma:
      - no-cache
      strict-transport-security:
      - max-age=31536000; includeSubDomains
      vary:
      - Accept-Encoding
      x-content-type-options:
      - nosniff
    status:
      code: 200
      message: OK
- request:
    body: null
    headers:
      Accept:
      - '*/*'
      Accept-Encoding:
      - gzip, deflate
      CommandName:
      - network application-gateway create
      Connection:
      - keep-alive
      ParameterSetName:
      - -g -n --sku --enable-private-link --private-ip-address --public-ip-address
      User-Agent:
      - AZURECLI/2.30.0 azsdk-python-azure-mgmt-resource/19.0.0 Python/3.8.3 (Windows-10-10.0.18362-SP0)
    method: GET
    uri: https://management.azure.com/subscriptions/00000000-0000-0000-0000-000000000000/resourcegroups/test_network_appgw_creation_with_public_and_private_ip000001/providers/Microsoft.Resources/deployments/mock-deployment/operationStatuses/08585656930825052162?api-version=2021-04-01
  response:
    body:
      string: '{"status":"Running"}'
    headers:
      cache-control:
      - no-cache
      content-length:
      - '20'
      content-type:
      - application/json; charset=utf-8
      date:
      - Wed, 03 Nov 2021 04:31:07 GMT
      expires:
      - '-1'
      pragma:
      - no-cache
      strict-transport-security:
      - max-age=31536000; includeSubDomains
      vary:
      - Accept-Encoding
      x-content-type-options:
      - nosniff
    status:
      code: 200
      message: OK
- request:
    body: null
    headers:
      Accept:
      - '*/*'
      Accept-Encoding:
      - gzip, deflate
      CommandName:
      - network application-gateway create
      Connection:
      - keep-alive
      ParameterSetName:
      - -g -n --sku --enable-private-link --private-ip-address --public-ip-address
      User-Agent:
      - AZURECLI/2.30.0 azsdk-python-azure-mgmt-resource/19.0.0 Python/3.8.3 (Windows-10-10.0.18362-SP0)
    method: GET
    uri: https://management.azure.com/subscriptions/00000000-0000-0000-0000-000000000000/resourcegroups/test_network_appgw_creation_with_public_and_private_ip000001/providers/Microsoft.Resources/deployments/mock-deployment/operationStatuses/08585656930825052162?api-version=2021-04-01
  response:
    body:
      string: '{"status":"Running"}'
    headers:
      cache-control:
      - no-cache
      content-length:
      - '20'
      content-type:
      - application/json; charset=utf-8
      date:
      - Wed, 03 Nov 2021 04:31:38 GMT
      expires:
      - '-1'
      pragma:
      - no-cache
      strict-transport-security:
      - max-age=31536000; includeSubDomains
      vary:
      - Accept-Encoding
      x-content-type-options:
      - nosniff
    status:
      code: 200
      message: OK
- request:
    body: null
    headers:
      Accept:
      - '*/*'
      Accept-Encoding:
      - gzip, deflate
      CommandName:
      - network application-gateway create
      Connection:
      - keep-alive
      ParameterSetName:
      - -g -n --sku --enable-private-link --private-ip-address --public-ip-address
      User-Agent:
      - AZURECLI/2.30.0 azsdk-python-azure-mgmt-resource/19.0.0 Python/3.8.3 (Windows-10-10.0.18362-SP0)
    method: GET
    uri: https://management.azure.com/subscriptions/00000000-0000-0000-0000-000000000000/resourcegroups/test_network_appgw_creation_with_public_and_private_ip000001/providers/Microsoft.Resources/deployments/mock-deployment/operationStatuses/08585656930825052162?api-version=2021-04-01
  response:
    body:
      string: '{"status":"Running"}'
    headers:
      cache-control:
      - no-cache
      content-length:
      - '20'
      content-type:
      - application/json; charset=utf-8
      date:
      - Wed, 03 Nov 2021 04:32:09 GMT
      expires:
      - '-1'
      pragma:
      - no-cache
      strict-transport-security:
      - max-age=31536000; includeSubDomains
      vary:
      - Accept-Encoding
      x-content-type-options:
      - nosniff
    status:
      code: 200
      message: OK
- request:
    body: null
    headers:
      Accept:
      - '*/*'
      Accept-Encoding:
      - gzip, deflate
      CommandName:
      - network application-gateway create
      Connection:
      - keep-alive
      ParameterSetName:
      - -g -n --sku --enable-private-link --private-ip-address --public-ip-address
      User-Agent:
      - AZURECLI/2.30.0 azsdk-python-azure-mgmt-resource/19.0.0 Python/3.8.3 (Windows-10-10.0.18362-SP0)
    method: GET
    uri: https://management.azure.com/subscriptions/00000000-0000-0000-0000-000000000000/resourcegroups/test_network_appgw_creation_with_public_and_private_ip000001/providers/Microsoft.Resources/deployments/mock-deployment/operationStatuses/08585656930825052162?api-version=2021-04-01
  response:
    body:
      string: '{"status":"Running"}'
    headers:
      cache-control:
      - no-cache
      content-length:
      - '20'
      content-type:
      - application/json; charset=utf-8
      date:
      - Wed, 03 Nov 2021 04:32:39 GMT
      expires:
      - '-1'
      pragma:
      - no-cache
      strict-transport-security:
      - max-age=31536000; includeSubDomains
      vary:
      - Accept-Encoding
      x-content-type-options:
      - nosniff
    status:
      code: 200
      message: OK
- request:
    body: null
    headers:
      Accept:
      - '*/*'
      Accept-Encoding:
      - gzip, deflate
      CommandName:
      - network application-gateway create
      Connection:
      - keep-alive
      ParameterSetName:
      - -g -n --sku --enable-private-link --private-ip-address --public-ip-address
      User-Agent:
      - AZURECLI/2.30.0 azsdk-python-azure-mgmt-resource/19.0.0 Python/3.8.3 (Windows-10-10.0.18362-SP0)
    method: GET
    uri: https://management.azure.com/subscriptions/00000000-0000-0000-0000-000000000000/resourcegroups/test_network_appgw_creation_with_public_and_private_ip000001/providers/Microsoft.Resources/deployments/mock-deployment/operationStatuses/08585656930825052162?api-version=2021-04-01
  response:
    body:
      string: '{"status":"Running"}'
    headers:
      cache-control:
      - no-cache
      content-length:
      - '20'
      content-type:
      - application/json; charset=utf-8
      date:
      - Wed, 03 Nov 2021 04:33:10 GMT
      expires:
      - '-1'
      pragma:
      - no-cache
      strict-transport-security:
      - max-age=31536000; includeSubDomains
      vary:
      - Accept-Encoding
      x-content-type-options:
      - nosniff
    status:
      code: 200
      message: OK
- request:
    body: null
    headers:
      Accept:
      - '*/*'
      Accept-Encoding:
      - gzip, deflate
      CommandName:
      - network application-gateway create
      Connection:
      - keep-alive
      ParameterSetName:
      - -g -n --sku --enable-private-link --private-ip-address --public-ip-address
      User-Agent:
      - AZURECLI/2.30.0 azsdk-python-azure-mgmt-resource/19.0.0 Python/3.8.3 (Windows-10-10.0.18362-SP0)
    method: GET
    uri: https://management.azure.com/subscriptions/00000000-0000-0000-0000-000000000000/resourcegroups/test_network_appgw_creation_with_public_and_private_ip000001/providers/Microsoft.Resources/deployments/mock-deployment/operationStatuses/08585656930825052162?api-version=2021-04-01
  response:
    body:
      string: '{"status":"Running"}'
    headers:
      cache-control:
      - no-cache
      content-length:
      - '20'
      content-type:
      - application/json; charset=utf-8
      date:
      - Wed, 03 Nov 2021 04:33:40 GMT
      expires:
      - '-1'
      pragma:
      - no-cache
      strict-transport-security:
      - max-age=31536000; includeSubDomains
      vary:
      - Accept-Encoding
      x-content-type-options:
      - nosniff
    status:
      code: 200
      message: OK
- request:
    body: null
    headers:
      Accept:
      - '*/*'
      Accept-Encoding:
      - gzip, deflate
      CommandName:
      - network application-gateway create
      Connection:
      - keep-alive
      ParameterSetName:
      - -g -n --sku --enable-private-link --private-ip-address --public-ip-address
      User-Agent:
      - AZURECLI/2.30.0 azsdk-python-azure-mgmt-resource/19.0.0 Python/3.8.3 (Windows-10-10.0.18362-SP0)
    method: GET
    uri: https://management.azure.com/subscriptions/00000000-0000-0000-0000-000000000000/resourcegroups/test_network_appgw_creation_with_public_and_private_ip000001/providers/Microsoft.Resources/deployments/mock-deployment/operationStatuses/08585656930825052162?api-version=2021-04-01
  response:
    body:
      string: '{"status":"Succeeded"}'
    headers:
      cache-control:
      - no-cache
      content-length:
      - '22'
      content-type:
      - application/json; charset=utf-8
      date:
      - Wed, 03 Nov 2021 04:34:11 GMT
      expires:
      - '-1'
      pragma:
      - no-cache
      strict-transport-security:
      - max-age=31536000; includeSubDomains
      vary:
      - Accept-Encoding
      x-content-type-options:
      - nosniff
    status:
      code: 200
      message: OK
- request:
    body: null
    headers:
      Accept:
      - '*/*'
      Accept-Encoding:
      - gzip, deflate
      CommandName:
      - network application-gateway create
      Connection:
      - keep-alive
      ParameterSetName:
      - -g -n --sku --enable-private-link --private-ip-address --public-ip-address
      User-Agent:
      - AZURECLI/2.30.0 azsdk-python-azure-mgmt-resource/19.0.0 Python/3.8.3 (Windows-10-10.0.18362-SP0)
    method: GET
    uri: https://management.azure.com/subscriptions/00000000-0000-0000-0000-000000000000/resourcegroups/test_network_appgw_creation_with_public_and_private_ip000001/providers/Microsoft.Resources/deployments/mock-deployment?api-version=2021-04-01
  response:
    body:
      string: '{"id":"/subscriptions/00000000-0000-0000-0000-000000000000/resourceGroups/test_network_appgw_creation_with_public_and_private_ip000001/providers/Microsoft.Resources/deployments/ag_deploy_fZdruaKiAH5gxKiYdKOvve2LDdHtV01g","name":"ag_deploy_fZdruaKiAH5gxKiYdKOvve2LDdHtV01g","type":"Microsoft.Resources/deployments","properties":{"templateHash":"8792824603625598204","parameters":{},"mode":"Incremental","provisioningState":"Succeeded","timestamp":"2021-11-03T04:33:56.6369736Z","duration":"PT3M53.6645365S","correlationId":"fc13fbeb-21ad-4b5b-b092-1938113a01c8","providers":[{"namespace":"Microsoft.Network","resourceTypes":[{"resourceType":"virtualNetworks","locations":["westus"]},{"resourceType":"applicationGateways","locations":["westus"]}]}],"dependencies":[{"dependsOn":[{"id":"/subscriptions/00000000-0000-0000-0000-000000000000/resourceGroups/test_network_appgw_creation_with_public_and_private_ip000001/providers/Microsoft.Network/virtualNetworks/applicationGatewayVnet","resourceType":"Microsoft.Network/virtualNetworks","resourceName":"applicationGatewayVnet"}],"id":"/subscriptions/00000000-0000-0000-0000-000000000000/resourceGroups/test_network_appgw_creation_with_public_and_private_ip000001/providers/Microsoft.Network/applicationGateways/applicationGateway","resourceType":"Microsoft.Network/applicationGateways","resourceName":"applicationGateway"}],"outputs":{"applicationGateway":{"type":"Object","value":{"provisioningState":"Succeeded","resourceGuid":"42e7f512-fc6d-4498-a8d0-4a1c26d79bb3","sku":{"name":"Standard_v2","tier":"Standard_v2","capacity":2},"operationalState":"Running","gatewayIPConfigurations":[{"name":"appGatewayFrontendIP","id":"/subscriptions/00000000-0000-0000-0000-000000000000/resourceGroups/test_network_appgw_creation_with_public_and_private_ip000001/providers/Microsoft.Network/applicationGateways/applicationGateway/gatewayIPConfigurations/appGatewayFrontendIP","etag":"W/\"2a0d1ca2-30fc-45a4-a7a4-2e82e1bc287f\"","properties":{"provisioningState":"Succeeded","subnet":{"id":"/subscriptions/00000000-0000-0000-0000-000000000000/resourceGroups/test_network_appgw_creation_with_public_and_private_ip000001/providers/Microsoft.Network/virtualNetworks/applicationGatewayVnet/subnets/default"}},"type":"Microsoft.Network/applicationGateways/gatewayIPConfigurations"}],"sslCertificates":[],"trustedRootCertificates":[],"trustedClientCertificates":[],"sslProfiles":[],"frontendIPConfigurations":[{"name":"appGatewayPrivateFrontendIP","id":"/subscriptions/00000000-0000-0000-0000-000000000000/resourceGroups/test_network_appgw_creation_with_public_and_private_ip000001/providers/Microsoft.Network/applicationGateways/applicationGateway/frontendIPConfigurations/appGatewayPrivateFrontendIP","etag":"W/\"2a0d1ca2-30fc-45a4-a7a4-2e82e1bc287f\"","type":"Microsoft.Network/applicationGateways/frontendIPConfigurations","properties":{"provisioningState":"Succeeded","privateIPAddress":"10.0.0.17","privateIPAllocationMethod":"Static","subnet":{"id":"/subscriptions/00000000-0000-0000-0000-000000000000/resourceGroups/test_network_appgw_creation_with_public_and_private_ip000001/providers/Microsoft.Network/virtualNetworks/applicationGatewayVnet/subnets/default"}}},{"name":"appGatewayFrontendIP","id":"/subscriptions/00000000-0000-0000-0000-000000000000/resourceGroups/test_network_appgw_creation_with_public_and_private_ip000001/providers/Microsoft.Network/applicationGateways/applicationGateway/frontendIPConfigurations/appGatewayFrontendIP","etag":"W/\"2a0d1ca2-30fc-45a4-a7a4-2e82e1bc287f\"","type":"Microsoft.Network/applicationGateways/frontendIPConfigurations","properties":{"provisioningState":"Succeeded","privateIPAllocationMethod":"Dynamic","publicIPAddress":{"id":"/subscriptions/00000000-0000-0000-0000-000000000000/resourceGroups/test_network_appgw_creation_with_public_and_private_ip000001/providers/Microsoft.Network/publicIPAddresses/publicIP"},"httpListeners":[{"id":"/subscriptions/00000000-0000-0000-0000-000000000000/resourceGroups/test_network_appgw_creation_with_public_and_private_ip000001/providers/Microsoft.Network/applicationGateways/applicationGateway/httpListeners/appGatewayHttpListener"}]}}],"frontendPorts":[{"name":"appGatewayFrontendPort","id":"/subscriptions/00000000-0000-0000-0000-000000000000/resourceGroups/test_network_appgw_creation_with_public_and_private_ip000001/providers/Microsoft.Network/applicationGateways/applicationGateway/frontendPorts/appGatewayFrontendPort","etag":"W/\"2a0d1ca2-30fc-45a4-a7a4-2e82e1bc287f\"","properties":{"provisioningState":"Succeeded","port":80,"httpListeners":[{"id":"/subscriptions/00000000-0000-0000-0000-000000000000/resourceGroups/test_network_appgw_creation_with_public_and_private_ip000001/providers/Microsoft.Network/applicationGateways/applicationGateway/httpListeners/appGatewayHttpListener"}]},"type":"Microsoft.Network/applicationGateways/frontendPorts"}],"backendAddressPools":[{"name":"appGatewayBackendPool","id":"/subscriptions/00000000-0000-0000-0000-000000000000/resourceGroups/test_network_appgw_creation_with_public_and_private_ip000001/providers/Microsoft.Network/applicationGateways/applicationGateway/backendAddressPools/appGatewayBackendPool","etag":"W/\"2a0d1ca2-30fc-45a4-a7a4-2e82e1bc287f\"","properties":{"provisioningState":"Succeeded","backendAddresses":[],"requestRoutingRules":[{"id":"/subscriptions/00000000-0000-0000-0000-000000000000/resourceGroups/test_network_appgw_creation_with_public_and_private_ip000001/providers/Microsoft.Network/applicationGateways/applicationGateway/requestRoutingRules/rule1"}]},"type":"Microsoft.Network/applicationGateways/backendAddressPools"}],"loadDistributionPolicies":[],"backendHttpSettingsCollection":[{"name":"appGatewayBackendHttpSettings","id":"/subscriptions/00000000-0000-0000-0000-000000000000/resourceGroups/test_network_appgw_creation_with_public_and_private_ip000001/providers/Microsoft.Network/applicationGateways/applicationGateway/backendHttpSettingsCollection/appGatewayBackendHttpSettings","etag":"W/\"2a0d1ca2-30fc-45a4-a7a4-2e82e1bc287f\"","properties":{"provisioningState":"Succeeded","port":80,"protocol":"Http","cookieBasedAffinity":"Disabled","connectionDraining":{"enabled":false,"drainTimeoutInSec":1},"pickHostNameFromBackendAddress":false,"requestTimeout":30,"requestRoutingRules":[{"id":"/subscriptions/00000000-0000-0000-0000-000000000000/resourceGroups/test_network_appgw_creation_with_public_and_private_ip000001/providers/Microsoft.Network/applicationGateways/applicationGateway/requestRoutingRules/rule1"}]},"type":"Microsoft.Network/applicationGateways/backendHttpSettingsCollection"}],"httpListeners":[{"name":"appGatewayHttpListener","id":"/subscriptions/00000000-0000-0000-0000-000000000000/resourceGroups/test_network_appgw_creation_with_public_and_private_ip000001/providers/Microsoft.Network/applicationGateways/applicationGateway/httpListeners/appGatewayHttpListener","etag":"W/\"2a0d1ca2-30fc-45a4-a7a4-2e82e1bc287f\"","properties":{"provisioningState":"Succeeded","frontendIPConfiguration":{"id":"/subscriptions/00000000-0000-0000-0000-000000000000/resourceGroups/test_network_appgw_creation_with_public_and_private_ip000001/providers/Microsoft.Network/applicationGateways/applicationGateway/frontendIPConfigurations/appGatewayFrontendIP"},"frontendPort":{"id":"/subscriptions/00000000-0000-0000-0000-000000000000/resourceGroups/test_network_appgw_creation_with_public_and_private_ip000001/providers/Microsoft.Network/applicationGateways/applicationGateway/frontendPorts/appGatewayFrontendPort"},"protocol":"Http","hostNames":[],"requireServerNameIndication":false,"requestRoutingRules":[{"id":"/subscriptions/00000000-0000-0000-0000-000000000000/resourceGroups/test_network_appgw_creation_with_public_and_private_ip000001/providers/Microsoft.Network/applicationGateways/applicationGateway/requestRoutingRules/rule1"}]},"type":"Microsoft.Network/applicationGateways/httpListeners"}],"urlPathMaps":[],"requestRoutingRules":[{"name":"rule1","id":"/subscriptions/00000000-0000-0000-0000-000000000000/resourceGroups/test_network_appgw_creation_with_public_and_private_ip000001/providers/Microsoft.Network/applicationGateways/applicationGateway/requestRoutingRules/rule1","etag":"W/\"2a0d1ca2-30fc-45a4-a7a4-2e82e1bc287f\"","properties":{"provisioningState":"Succeeded","ruleType":"Basic","httpListener":{"id":"/subscriptions/00000000-0000-0000-0000-000000000000/resourceGroups/test_network_appgw_creation_with_public_and_private_ip000001/providers/Microsoft.Network/applicationGateways/applicationGateway/httpListeners/appGatewayHttpListener"},"backendAddressPool":{"id":"/subscriptions/00000000-0000-0000-0000-000000000000/resourceGroups/test_network_appgw_creation_with_public_and_private_ip000001/providers/Microsoft.Network/applicationGateways/applicationGateway/backendAddressPools/appGatewayBackendPool"},"backendHttpSettings":{"id":"/subscriptions/00000000-0000-0000-0000-000000000000/resourceGroups/test_network_appgw_creation_with_public_and_private_ip000001/providers/Microsoft.Network/applicationGateways/applicationGateway/backendHttpSettingsCollection/appGatewayBackendHttpSettings"}},"type":"Microsoft.Network/applicationGateways/requestRoutingRules"}],"probes":[],"rewriteRuleSets":[],"redirectConfigurations":[],"privateLinkConfigurations":[{"name":"PrivateLinkDefaultConfiguration","id":"/subscriptions/00000000-0000-0000-0000-000000000000/resourceGroups/test_network_appgw_creation_with_public_and_private_ip000001/providers/Microsoft.Network/applicationGateways/applicationGateway/privateLinkConfigurations/PrivateLinkDefaultConfiguration","etag":"W/\"2a0d1ca2-30fc-45a4-a7a4-2e82e1bc287f\"","type":"Microsoft.Network/applicationGateways/privateLinkConfigurations","properties":{"provisioningState":"Succeeded","ipConfigurations":[{"name":"PrivateLinkDefaultIPConfiguration","id":"/subscriptions/00000000-0000-0000-0000-000000000000/resourceGroups/test_network_appgw_creation_with_public_and_private_ip000001/providers/Microsoft.Network/applicationGateways/applicationGateway/privateLinkConfigurations/PrivateLinkDefaultConfiguration/ipConfigurations/PrivateLinkDefaultIPConfiguration","etag":"W/\"2a0d1ca2-30fc-45a4-a7a4-2e82e1bc287f\"","type":"Microsoft.Network/applicationGateways/privateLinkConfigurations/ipConfigurations","properties":{"provisioningState":"Succeeded","privateIPAllocationMethod":"Dynamic","subnet":{"id":"/subscriptions/00000000-0000-0000-0000-000000000000/resourceGroups/test_network_appgw_creation_with_public_and_private_ip000001/providers/Microsoft.Network/virtualNetworks/applicationGatewayVnet/subnets/PrivateLinkDefaultSubnet"}}}]}}],"privateEndpointConnections":[]}}},"outputResources":[{"id":"/subscriptions/00000000-0000-0000-0000-000000000000/resourceGroups/test_network_appgw_creation_with_public_and_private_ip000001/providers/Microsoft.Network/applicationGateways/applicationGateway"},{"id":"/subscriptions/00000000-0000-0000-0000-000000000000/resourceGroups/test_network_appgw_creation_with_public_and_private_ip000001/providers/Microsoft.Network/virtualNetworks/applicationGatewayVnet"}]}}'
    headers:
      cache-control:
      - no-cache
      content-length:
      - '11499'
      content-type:
      - application/json; charset=utf-8
      date:
      - Wed, 03 Nov 2021 04:34:11 GMT
      expires:
      - '-1'
      pragma:
      - no-cache
      strict-transport-security:
      - max-age=31536000; includeSubDomains
      vary:
      - Accept-Encoding
      x-content-type-options:
      - nosniff
    status:
      code: 200
      message: OK
- request:
    body: null
    headers:
      Accept:
      - application/json
      Accept-Encoding:
      - gzip, deflate
      CommandName:
      - network application-gateway show
      Connection:
      - keep-alive
      ParameterSetName:
      - -g -n
      User-Agent:
      - AZURECLI/2.30.0 azsdk-python-azure-mgmt-network/19.2.0 Python/3.8.3 (Windows-10-10.0.18362-SP0)
    method: GET
    uri: https://management.azure.com/subscriptions/00000000-0000-0000-0000-000000000000/resourceGroups/test_network_appgw_creation_with_public_and_private_ip000001/providers/Microsoft.Network/applicationGateways/applicationGateway?api-version=2021-05-01
  response:
    body:
      string: "{\r\n  \"name\": \"applicationGateway\",\r\n  \"id\": \"/subscriptions/00000000-0000-0000-0000-000000000000/resourceGroups/test_network_appgw_creation_with_public_and_private_ip000001/providers/Microsoft.Network/applicationGateways/applicationGateway\",\r\n
        \ \"etag\": \"W/\\\"2a0d1ca2-30fc-45a4-a7a4-2e82e1bc287f\\\"\",\r\n  \"type\":
        \"Microsoft.Network/applicationGateways\",\r\n  \"location\": \"westus\",\r\n
        \ \"tags\": {},\r\n  \"properties\": {\r\n    \"provisioningState\": \"Succeeded\",\r\n
        \   \"resourceGuid\": \"42e7f512-fc6d-4498-a8d0-4a1c26d79bb3\",\r\n    \"sku\":
        {\r\n      \"name\": \"Standard_v2\",\r\n      \"tier\": \"Standard_v2\",\r\n
        \     \"capacity\": 2\r\n    },\r\n    \"operationalState\": \"Running\",\r\n
        \   \"gatewayIPConfigurations\": [\r\n      {\r\n        \"name\": \"appGatewayFrontendIP\",\r\n
        \       \"id\": \"/subscriptions/00000000-0000-0000-0000-000000000000/resourceGroups/test_network_appgw_creation_with_public_and_private_ip000001/providers/Microsoft.Network/applicationGateways/applicationGateway/gatewayIPConfigurations/appGatewayFrontendIP\",\r\n
        \       \"etag\": \"W/\\\"2a0d1ca2-30fc-45a4-a7a4-2e82e1bc287f\\\"\",\r\n
        \       \"properties\": {\r\n          \"provisioningState\": \"Succeeded\",\r\n
        \         \"subnet\": {\r\n            \"id\": \"/subscriptions/00000000-0000-0000-0000-000000000000/resourceGroups/test_network_appgw_creation_with_public_and_private_ip000001/providers/Microsoft.Network/virtualNetworks/applicationGatewayVnet/subnets/default\"\r\n
        \         }\r\n        },\r\n        \"type\": \"Microsoft.Network/applicationGateways/gatewayIPConfigurations\"\r\n
        \     }\r\n    ],\r\n    \"sslCertificates\": [],\r\n    \"trustedRootCertificates\":
        [],\r\n    \"trustedClientCertificates\": [],\r\n    \"sslProfiles\": [],\r\n
        \   \"frontendIPConfigurations\": [\r\n      {\r\n        \"name\": \"appGatewayPrivateFrontendIP\",\r\n
        \       \"id\": \"/subscriptions/00000000-0000-0000-0000-000000000000/resourceGroups/test_network_appgw_creation_with_public_and_private_ip000001/providers/Microsoft.Network/applicationGateways/applicationGateway/frontendIPConfigurations/appGatewayPrivateFrontendIP\",\r\n
        \       \"etag\": \"W/\\\"2a0d1ca2-30fc-45a4-a7a4-2e82e1bc287f\\\"\",\r\n
        \       \"type\": \"Microsoft.Network/applicationGateways/frontendIPConfigurations\",\r\n
        \       \"properties\": {\r\n          \"provisioningState\": \"Succeeded\",\r\n
        \         \"privateIPAddress\": \"10.0.0.17\",\r\n          \"privateIPAllocationMethod\":
        \"Static\",\r\n          \"subnet\": {\r\n            \"id\": \"/subscriptions/00000000-0000-0000-0000-000000000000/resourceGroups/test_network_appgw_creation_with_public_and_private_ip000001/providers/Microsoft.Network/virtualNetworks/applicationGatewayVnet/subnets/default\"\r\n
        \         }\r\n        }\r\n      },\r\n      {\r\n        \"name\": \"appGatewayFrontendIP\",\r\n
        \       \"id\": \"/subscriptions/00000000-0000-0000-0000-000000000000/resourceGroups/test_network_appgw_creation_with_public_and_private_ip000001/providers/Microsoft.Network/applicationGateways/applicationGateway/frontendIPConfigurations/appGatewayFrontendIP\",\r\n
        \       \"etag\": \"W/\\\"2a0d1ca2-30fc-45a4-a7a4-2e82e1bc287f\\\"\",\r\n
        \       \"type\": \"Microsoft.Network/applicationGateways/frontendIPConfigurations\",\r\n
        \       \"properties\": {\r\n          \"provisioningState\": \"Succeeded\",\r\n
        \         \"privateIPAllocationMethod\": \"Dynamic\",\r\n          \"publicIPAddress\":
        {\r\n            \"id\": \"/subscriptions/00000000-0000-0000-0000-000000000000/resourceGroups/test_network_appgw_creation_with_public_and_private_ip000001/providers/Microsoft.Network/publicIPAddresses/publicIP\"\r\n
        \         },\r\n          \"httpListeners\": [\r\n            {\r\n              \"id\":
        \"/subscriptions/00000000-0000-0000-0000-000000000000/resourceGroups/test_network_appgw_creation_with_public_and_private_ip000001/providers/Microsoft.Network/applicationGateways/applicationGateway/httpListeners/appGatewayHttpListener\"\r\n
        \           }\r\n          ]\r\n        }\r\n      }\r\n    ],\r\n    \"frontendPorts\":
        [\r\n      {\r\n        \"name\": \"appGatewayFrontendPort\",\r\n        \"id\":
        \"/subscriptions/00000000-0000-0000-0000-000000000000/resourceGroups/test_network_appgw_creation_with_public_and_private_ip000001/providers/Microsoft.Network/applicationGateways/applicationGateway/frontendPorts/appGatewayFrontendPort\",\r\n
        \       \"etag\": \"W/\\\"2a0d1ca2-30fc-45a4-a7a4-2e82e1bc287f\\\"\",\r\n
        \       \"properties\": {\r\n          \"provisioningState\": \"Succeeded\",\r\n
        \         \"port\": 80,\r\n          \"httpListeners\": [\r\n            {\r\n
        \             \"id\": \"/subscriptions/00000000-0000-0000-0000-000000000000/resourceGroups/test_network_appgw_creation_with_public_and_private_ip000001/providers/Microsoft.Network/applicationGateways/applicationGateway/httpListeners/appGatewayHttpListener\"\r\n
        \           }\r\n          ]\r\n        },\r\n        \"type\": \"Microsoft.Network/applicationGateways/frontendPorts\"\r\n
        \     }\r\n    ],\r\n    \"backendAddressPools\": [\r\n      {\r\n        \"name\":
        \"appGatewayBackendPool\",\r\n        \"id\": \"/subscriptions/00000000-0000-0000-0000-000000000000/resourceGroups/test_network_appgw_creation_with_public_and_private_ip000001/providers/Microsoft.Network/applicationGateways/applicationGateway/backendAddressPools/appGatewayBackendPool\",\r\n
        \       \"etag\": \"W/\\\"2a0d1ca2-30fc-45a4-a7a4-2e82e1bc287f\\\"\",\r\n
        \       \"properties\": {\r\n          \"provisioningState\": \"Succeeded\",\r\n
        \         \"backendAddresses\": [],\r\n          \"requestRoutingRules\":
        [\r\n            {\r\n              \"id\": \"/subscriptions/00000000-0000-0000-0000-000000000000/resourceGroups/test_network_appgw_creation_with_public_and_private_ip000001/providers/Microsoft.Network/applicationGateways/applicationGateway/requestRoutingRules/rule1\"\r\n
        \           }\r\n          ]\r\n        },\r\n        \"type\": \"Microsoft.Network/applicationGateways/backendAddressPools\"\r\n
        \     }\r\n    ],\r\n    \"loadDistributionPolicies\": [],\r\n    \"backendHttpSettingsCollection\":
        [\r\n      {\r\n        \"name\": \"appGatewayBackendHttpSettings\",\r\n        \"id\":
        \"/subscriptions/00000000-0000-0000-0000-000000000000/resourceGroups/test_network_appgw_creation_with_public_and_private_ip000001/providers/Microsoft.Network/applicationGateways/applicationGateway/backendHttpSettingsCollection/appGatewayBackendHttpSettings\",\r\n
        \       \"etag\": \"W/\\\"2a0d1ca2-30fc-45a4-a7a4-2e82e1bc287f\\\"\",\r\n
        \       \"properties\": {\r\n          \"provisioningState\": \"Succeeded\",\r\n
        \         \"port\": 80,\r\n          \"protocol\": \"Http\",\r\n          \"cookieBasedAffinity\":
        \"Disabled\",\r\n          \"connectionDraining\": {\r\n            \"enabled\":
        false,\r\n            \"drainTimeoutInSec\": 1\r\n          },\r\n          \"pickHostNameFromBackendAddress\":
        false,\r\n          \"requestTimeout\": 30,\r\n          \"requestRoutingRules\":
        [\r\n            {\r\n              \"id\": \"/subscriptions/00000000-0000-0000-0000-000000000000/resourceGroups/test_network_appgw_creation_with_public_and_private_ip000001/providers/Microsoft.Network/applicationGateways/applicationGateway/requestRoutingRules/rule1\"\r\n
        \           }\r\n          ]\r\n        },\r\n        \"type\": \"Microsoft.Network/applicationGateways/backendHttpSettingsCollection\"\r\n
        \     }\r\n    ],\r\n    \"httpListeners\": [\r\n      {\r\n        \"name\":
        \"appGatewayHttpListener\",\r\n        \"id\": \"/subscriptions/00000000-0000-0000-0000-000000000000/resourceGroups/test_network_appgw_creation_with_public_and_private_ip000001/providers/Microsoft.Network/applicationGateways/applicationGateway/httpListeners/appGatewayHttpListener\",\r\n
        \       \"etag\": \"W/\\\"2a0d1ca2-30fc-45a4-a7a4-2e82e1bc287f\\\"\",\r\n
        \       \"properties\": {\r\n          \"provisioningState\": \"Succeeded\",\r\n
        \         \"frontendIPConfiguration\": {\r\n            \"id\": \"/subscriptions/00000000-0000-0000-0000-000000000000/resourceGroups/test_network_appgw_creation_with_public_and_private_ip000001/providers/Microsoft.Network/applicationGateways/applicationGateway/frontendIPConfigurations/appGatewayFrontendIP\"\r\n
        \         },\r\n          \"frontendPort\": {\r\n            \"id\": \"/subscriptions/00000000-0000-0000-0000-000000000000/resourceGroups/test_network_appgw_creation_with_public_and_private_ip000001/providers/Microsoft.Network/applicationGateways/applicationGateway/frontendPorts/appGatewayFrontendPort\"\r\n
        \         },\r\n          \"protocol\": \"Http\",\r\n          \"hostNames\":
        [],\r\n          \"requireServerNameIndication\": false,\r\n          \"requestRoutingRules\":
        [\r\n            {\r\n              \"id\": \"/subscriptions/00000000-0000-0000-0000-000000000000/resourceGroups/test_network_appgw_creation_with_public_and_private_ip000001/providers/Microsoft.Network/applicationGateways/applicationGateway/requestRoutingRules/rule1\"\r\n
        \           }\r\n          ]\r\n        },\r\n        \"type\": \"Microsoft.Network/applicationGateways/httpListeners\"\r\n
        \     }\r\n    ],\r\n    \"urlPathMaps\": [],\r\n    \"requestRoutingRules\":
        [\r\n      {\r\n        \"name\": \"rule1\",\r\n        \"id\": \"/subscriptions/00000000-0000-0000-0000-000000000000/resourceGroups/test_network_appgw_creation_with_public_and_private_ip000001/providers/Microsoft.Network/applicationGateways/applicationGateway/requestRoutingRules/rule1\",\r\n
        \       \"etag\": \"W/\\\"2a0d1ca2-30fc-45a4-a7a4-2e82e1bc287f\\\"\",\r\n
        \       \"properties\": {\r\n          \"provisioningState\": \"Succeeded\",\r\n
        \         \"ruleType\": \"Basic\",\r\n          \"httpListener\": {\r\n            \"id\":
        \"/subscriptions/00000000-0000-0000-0000-000000000000/resourceGroups/test_network_appgw_creation_with_public_and_private_ip000001/providers/Microsoft.Network/applicationGateways/applicationGateway/httpListeners/appGatewayHttpListener\"\r\n
        \         },\r\n          \"backendAddressPool\": {\r\n            \"id\":
        \"/subscriptions/00000000-0000-0000-0000-000000000000/resourceGroups/test_network_appgw_creation_with_public_and_private_ip000001/providers/Microsoft.Network/applicationGateways/applicationGateway/backendAddressPools/appGatewayBackendPool\"\r\n
        \         },\r\n          \"backendHttpSettings\": {\r\n            \"id\":
        \"/subscriptions/00000000-0000-0000-0000-000000000000/resourceGroups/test_network_appgw_creation_with_public_and_private_ip000001/providers/Microsoft.Network/applicationGateways/applicationGateway/backendHttpSettingsCollection/appGatewayBackendHttpSettings\"\r\n
        \         }\r\n        },\r\n        \"type\": \"Microsoft.Network/applicationGateways/requestRoutingRules\"\r\n
        \     }\r\n    ],\r\n    \"probes\": [],\r\n    \"rewriteRuleSets\": [],\r\n
        \   \"redirectConfigurations\": [],\r\n    \"privateLinkConfigurations\":
        [\r\n      {\r\n        \"name\": \"PrivateLinkDefaultConfiguration\",\r\n
        \       \"id\": \"/subscriptions/00000000-0000-0000-0000-000000000000/resourceGroups/test_network_appgw_creation_with_public_and_private_ip000001/providers/Microsoft.Network/applicationGateways/applicationGateway/privateLinkConfigurations/PrivateLinkDefaultConfiguration\",\r\n
        \       \"etag\": \"W/\\\"2a0d1ca2-30fc-45a4-a7a4-2e82e1bc287f\\\"\",\r\n
        \       \"type\": \"Microsoft.Network/applicationGateways/privateLinkConfigurations\",\r\n
        \       \"properties\": {\r\n          \"provisioningState\": \"Succeeded\",\r\n
        \         \"ipConfigurations\": [\r\n            {\r\n              \"name\":
        \"PrivateLinkDefaultIPConfiguration\",\r\n              \"id\": \"/subscriptions/00000000-0000-0000-0000-000000000000/resourceGroups/test_network_appgw_creation_with_public_and_private_ip000001/providers/Microsoft.Network/applicationGateways/applicationGateway/privateLinkConfigurations/PrivateLinkDefaultConfiguration/ipConfigurations/PrivateLinkDefaultIPConfiguration\",\r\n
        \             \"etag\": \"W/\\\"2a0d1ca2-30fc-45a4-a7a4-2e82e1bc287f\\\"\",\r\n
        \             \"type\": \"Microsoft.Network/applicationGateways/privateLinkConfigurations/ipConfigurations\",\r\n
        \             \"properties\": {\r\n                \"provisioningState\":
        \"Succeeded\",\r\n                \"privateIPAllocationMethod\": \"Dynamic\",\r\n
        \               \"subnet\": {\r\n                  \"id\": \"/subscriptions/00000000-0000-0000-0000-000000000000/resourceGroups/test_network_appgw_creation_with_public_and_private_ip000001/providers/Microsoft.Network/virtualNetworks/applicationGatewayVnet/subnets/PrivateLinkDefaultSubnet\"\r\n
        \               }\r\n              }\r\n            }\r\n          ]\r\n        }\r\n
        \     }\r\n    ],\r\n    \"privateEndpointConnections\": []\r\n  }\r\n}"
    headers:
      cache-control:
      - no-cache
      content-length:
      - '12235'
      content-type:
      - application/json; charset=utf-8
      date:
      - Wed, 03 Nov 2021 04:34:13 GMT
      etag:
      - W/"2a0d1ca2-30fc-45a4-a7a4-2e82e1bc287f"
      expires:
      - '-1'
      pragma:
      - no-cache
      server:
      - Microsoft-HTTPAPI/2.0
      - Microsoft-HTTPAPI/2.0
      strict-transport-security:
      - max-age=31536000; includeSubDomains
      transfer-encoding:
      - chunked
      vary:
      - Accept-Encoding
      x-content-type-options:
      - nosniff
      x-ms-arm-service-request-id:
      - e9f57335-b313-4947-99f7-ce272e7008ba
    status:
      code: 200
      message: OK
- request:
    body: null
    headers:
      Accept:
      - application/json
      Accept-Encoding:
      - gzip, deflate
      CommandName:
      - network application-gateway delete
      Connection:
      - keep-alive
      Content-Length:
      - '0'
      ParameterSetName:
      - -g -n
      User-Agent:
      - AZURECLI/2.30.0 azsdk-python-azure-mgmt-network/19.2.0 Python/3.8.3 (Windows-10-10.0.18362-SP0)
    method: DELETE
    uri: https://management.azure.com/subscriptions/00000000-0000-0000-0000-000000000000/resourceGroups/test_network_appgw_creation_with_public_and_private_ip000001/providers/Microsoft.Network/applicationGateways/applicationGateway?api-version=2021-05-01
  response:
    body:
      string: ''
    headers:
      azure-asyncnotification:
      - Enabled
      azure-asyncoperation:
      - https://management.azure.com/subscriptions/00000000-0000-0000-0000-000000000000/providers/Microsoft.Network/locations/westus/operations/6cf88b84-8893-481d-9d7b-0f14e55f60f9?api-version=2021-05-01
      cache-control:
      - no-cache
      content-length:
      - '0'
      date:
      - Wed, 03 Nov 2021 04:34:16 GMT
      expires:
      - '-1'
      location:
      - https://management.azure.com/subscriptions/00000000-0000-0000-0000-000000000000/providers/Microsoft.Network/locations/westus/operationResults/6cf88b84-8893-481d-9d7b-0f14e55f60f9?api-version=2021-05-01
      pragma:
      - no-cache
      server:
      - Microsoft-HTTPAPI/2.0
      - Microsoft-HTTPAPI/2.0
      strict-transport-security:
      - max-age=31536000; includeSubDomains
      x-content-type-options:
      - nosniff
      x-ms-arm-service-request-id:
      - 640f0dcb-3946-4751-9403-9ea80ae0233d
      x-ms-ratelimit-remaining-subscription-deletes:
      - '14998'
    status:
      code: 202
      message: Accepted
- request:
    body: null
    headers:
      Accept:
      - '*/*'
      Accept-Encoding:
      - gzip, deflate
      CommandName:
      - network application-gateway delete
      Connection:
      - keep-alive
      ParameterSetName:
      - -g -n
      User-Agent:
      - AZURECLI/2.30.0 azsdk-python-azure-mgmt-network/19.2.0 Python/3.8.3 (Windows-10-10.0.18362-SP0)
    method: GET
    uri: https://management.azure.com/subscriptions/00000000-0000-0000-0000-000000000000/providers/Microsoft.Network/locations/westus/operations/6cf88b84-8893-481d-9d7b-0f14e55f60f9?api-version=2021-05-01
  response:
    body:
      string: "{\r\n  \"status\": \"InProgress\"\r\n}"
    headers:
      cache-control:
      - no-cache
      content-length:
      - '30'
      content-type:
      - application/json; charset=utf-8
      date:
      - Wed, 03 Nov 2021 04:34:27 GMT
      expires:
      - '-1'
      pragma:
      - no-cache
      server:
      - Microsoft-HTTPAPI/2.0
      - Microsoft-HTTPAPI/2.0
      strict-transport-security:
      - max-age=31536000; includeSubDomains
      transfer-encoding:
      - chunked
      vary:
      - Accept-Encoding
      x-content-type-options:
      - nosniff
      x-ms-arm-service-request-id:
      - 2edbf026-a092-4665-bac7-7b2d13185ab7
    status:
      code: 200
      message: OK
- request:
    body: null
    headers:
      Accept:
      - '*/*'
      Accept-Encoding:
      - gzip, deflate
      CommandName:
      - network application-gateway delete
      Connection:
      - keep-alive
      ParameterSetName:
      - -g -n
      User-Agent:
      - AZURECLI/2.30.0 azsdk-python-azure-mgmt-network/19.2.0 Python/3.8.3 (Windows-10-10.0.18362-SP0)
    method: GET
    uri: https://management.azure.com/subscriptions/00000000-0000-0000-0000-000000000000/providers/Microsoft.Network/locations/westus/operations/6cf88b84-8893-481d-9d7b-0f14e55f60f9?api-version=2021-05-01
  response:
    body:
      string: "{\r\n  \"status\": \"InProgress\"\r\n}"
    headers:
      cache-control:
      - no-cache
      content-length:
      - '30'
      content-type:
      - application/json; charset=utf-8
      date:
      - Wed, 03 Nov 2021 04:34:37 GMT
      expires:
      - '-1'
      pragma:
      - no-cache
      server:
      - Microsoft-HTTPAPI/2.0
      - Microsoft-HTTPAPI/2.0
      strict-transport-security:
      - max-age=31536000; includeSubDomains
      transfer-encoding:
      - chunked
      vary:
      - Accept-Encoding
      x-content-type-options:
      - nosniff
      x-ms-arm-service-request-id:
      - efe2c527-45be-452c-a704-7a5ced8bd510
    status:
      code: 200
      message: OK
- request:
    body: null
    headers:
      Accept:
      - '*/*'
      Accept-Encoding:
      - gzip, deflate
      CommandName:
      - network application-gateway delete
      Connection:
      - keep-alive
      ParameterSetName:
      - -g -n
      User-Agent:
      - AZURECLI/2.30.0 azsdk-python-azure-mgmt-network/19.2.0 Python/3.8.3 (Windows-10-10.0.18362-SP0)
    method: GET
    uri: https://management.azure.com/subscriptions/00000000-0000-0000-0000-000000000000/providers/Microsoft.Network/locations/westus/operations/6cf88b84-8893-481d-9d7b-0f14e55f60f9?api-version=2021-05-01
  response:
    body:
      string: "{\r\n  \"status\": \"InProgress\"\r\n}"
    headers:
      cache-control:
      - no-cache
      content-length:
      - '30'
      content-type:
      - application/json; charset=utf-8
      date:
      - Wed, 03 Nov 2021 04:34:57 GMT
      expires:
      - '-1'
      pragma:
      - no-cache
      server:
      - Microsoft-HTTPAPI/2.0
      - Microsoft-HTTPAPI/2.0
      strict-transport-security:
      - max-age=31536000; includeSubDomains
      transfer-encoding:
      - chunked
      vary:
      - Accept-Encoding
      x-content-type-options:
      - nosniff
      x-ms-arm-service-request-id:
      - 1678fc03-06d9-4c1e-a83a-97793b7d1830
    status:
      code: 200
      message: OK
- request:
    body: null
    headers:
      Accept:
      - '*/*'
      Accept-Encoding:
      - gzip, deflate
      CommandName:
      - network application-gateway delete
      Connection:
      - keep-alive
      ParameterSetName:
      - -g -n
      User-Agent:
      - AZURECLI/2.30.0 azsdk-python-azure-mgmt-network/19.2.0 Python/3.8.3 (Windows-10-10.0.18362-SP0)
    method: GET
    uri: https://management.azure.com/subscriptions/00000000-0000-0000-0000-000000000000/providers/Microsoft.Network/locations/westus/operations/6cf88b84-8893-481d-9d7b-0f14e55f60f9?api-version=2021-05-01
  response:
    body:
      string: "{\r\n  \"status\": \"InProgress\"\r\n}"
    headers:
      cache-control:
      - no-cache
      content-length:
      - '30'
      content-type:
      - application/json; charset=utf-8
      date:
      - Wed, 03 Nov 2021 04:35:17 GMT
      expires:
      - '-1'
      pragma:
      - no-cache
      server:
      - Microsoft-HTTPAPI/2.0
      - Microsoft-HTTPAPI/2.0
      strict-transport-security:
      - max-age=31536000; includeSubDomains
      transfer-encoding:
      - chunked
      vary:
      - Accept-Encoding
      x-content-type-options:
      - nosniff
      x-ms-arm-service-request-id:
      - 13103f8e-20fe-4ca3-8599-4d7e52945d6c
    status:
      code: 200
      message: OK
- request:
    body: null
    headers:
      Accept:
      - '*/*'
      Accept-Encoding:
      - gzip, deflate
      CommandName:
      - network application-gateway delete
      Connection:
      - keep-alive
      ParameterSetName:
      - -g -n
      User-Agent:
      - AZURECLI/2.30.0 azsdk-python-azure-mgmt-network/19.2.0 Python/3.8.3 (Windows-10-10.0.18362-SP0)
    method: GET
    uri: https://management.azure.com/subscriptions/00000000-0000-0000-0000-000000000000/providers/Microsoft.Network/locations/westus/operations/6cf88b84-8893-481d-9d7b-0f14e55f60f9?api-version=2021-05-01
  response:
    body:
      string: "{\r\n  \"status\": \"InProgress\"\r\n}"
    headers:
      cache-control:
      - no-cache
      content-length:
      - '30'
      content-type:
      - application/json; charset=utf-8
      date:
      - Wed, 03 Nov 2021 04:35:59 GMT
      expires:
      - '-1'
      pragma:
      - no-cache
      server:
      - Microsoft-HTTPAPI/2.0
      - Microsoft-HTTPAPI/2.0
      strict-transport-security:
      - max-age=31536000; includeSubDomains
      transfer-encoding:
      - chunked
      vary:
      - Accept-Encoding
      x-content-type-options:
      - nosniff
      x-ms-arm-service-request-id:
      - e1cd8e5b-aaa4-4b28-8279-6cff0cd0a2f3
    status:
      code: 200
      message: OK
- request:
    body: null
    headers:
      Accept:
      - '*/*'
      Accept-Encoding:
      - gzip, deflate
      CommandName:
      - network application-gateway delete
      Connection:
      - keep-alive
      ParameterSetName:
      - -g -n
      User-Agent:
      - AZURECLI/2.30.0 azsdk-python-azure-mgmt-network/19.2.0 Python/3.8.3 (Windows-10-10.0.18362-SP0)
    method: GET
    uri: https://management.azure.com/subscriptions/00000000-0000-0000-0000-000000000000/providers/Microsoft.Network/locations/westus/operations/6cf88b84-8893-481d-9d7b-0f14e55f60f9?api-version=2021-05-01
  response:
    body:
      string: "{\r\n  \"status\": \"InProgress\"\r\n}"
    headers:
      cache-control:
      - no-cache
      content-length:
      - '30'
      content-type:
      - application/json; charset=utf-8
      date:
      - Wed, 03 Nov 2021 04:36:39 GMT
      expires:
      - '-1'
      pragma:
      - no-cache
      server:
      - Microsoft-HTTPAPI/2.0
      - Microsoft-HTTPAPI/2.0
      strict-transport-security:
      - max-age=31536000; includeSubDomains
      transfer-encoding:
      - chunked
      vary:
      - Accept-Encoding
      x-content-type-options:
      - nosniff
      x-ms-arm-service-request-id:
      - 666fa6c7-acb4-4d4d-9bee-1b9b9645d6bd
    status:
      code: 200
      message: OK
- request:
    body: null
    headers:
      Accept:
      - '*/*'
      Accept-Encoding:
      - gzip, deflate
      CommandName:
      - network application-gateway delete
      Connection:
      - keep-alive
      ParameterSetName:
      - -g -n
      User-Agent:
      - AZURECLI/2.30.0 azsdk-python-azure-mgmt-network/19.2.0 Python/3.8.3 (Windows-10-10.0.18362-SP0)
    method: GET
    uri: https://management.azure.com/subscriptions/00000000-0000-0000-0000-000000000000/providers/Microsoft.Network/locations/westus/operations/6cf88b84-8893-481d-9d7b-0f14e55f60f9?api-version=2021-05-01
  response:
    body:
      string: "{\r\n  \"status\": \"InProgress\"\r\n}"
    headers:
      cache-control:
      - no-cache
      content-length:
      - '30'
      content-type:
      - application/json; charset=utf-8
      date:
      - Wed, 03 Nov 2021 04:38:01 GMT
      expires:
      - '-1'
      pragma:
      - no-cache
      server:
      - Microsoft-HTTPAPI/2.0
      - Microsoft-HTTPAPI/2.0
      strict-transport-security:
      - max-age=31536000; includeSubDomains
      transfer-encoding:
      - chunked
      vary:
      - Accept-Encoding
      x-content-type-options:
      - nosniff
      x-ms-arm-service-request-id:
      - f9391569-07b0-4bc3-ab48-1d1c5b3583f0
    status:
      code: 200
      message: OK
- request:
    body: null
    headers:
      Accept:
      - '*/*'
      Accept-Encoding:
      - gzip, deflate
      CommandName:
      - network application-gateway delete
      Connection:
      - keep-alive
      ParameterSetName:
      - -g -n
      User-Agent:
      - AZURECLI/2.30.0 azsdk-python-azure-mgmt-network/19.2.0 Python/3.8.3 (Windows-10-10.0.18362-SP0)
    method: GET
    uri: https://management.azure.com/subscriptions/00000000-0000-0000-0000-000000000000/providers/Microsoft.Network/locations/westus/operations/6cf88b84-8893-481d-9d7b-0f14e55f60f9?api-version=2021-05-01
  response:
    body:
      string: "{\r\n  \"status\": \"Succeeded\"\r\n}"
    headers:
      cache-control:
      - no-cache
      content-length:
      - '29'
      content-type:
      - application/json; charset=utf-8
      date:
      - Wed, 03 Nov 2021 04:40:41 GMT
      expires:
      - '-1'
      pragma:
      - no-cache
      server:
      - Microsoft-HTTPAPI/2.0
      - Microsoft-HTTPAPI/2.0
      strict-transport-security:
      - max-age=31536000; includeSubDomains
      transfer-encoding:
      - chunked
      vary:
      - Accept-Encoding
      x-content-type-options:
      - nosniff
      x-ms-arm-service-request-id:
      - e1937dd7-d57d-415a-880f-afe0b6079e31
    status:
      code: 200
      message: OK
version: 1
