interactions:
- request:
    body: null
    headers:
      Accept:
      - application/json
      Accept-Encoding:
      - gzip, deflate
      CommandName:
      - network vnet subnet list-available-delegations
      Connection:
      - keep-alive
      ParameterSetName:
      - -l
      User-Agent:
      - AZURECLI/2.59.0 azsdk-python-core/1.28.0 Python/3.9.5 (Windows-10-10.0.22631-SP0)
    method: GET
    uri: https://management.azure.com/subscriptions/00000000-0000-0000-0000-000000000000/providers/Microsoft.Network/locations/westcentralus/availableDelegations?api-version=2022-01-01
  response:
    body:
      string: "{\r\n  \"value\": [\r\n    {\r\n      \"name\": \"Microsoft.Web.serverFarms\",\r\n
        \     \"id\": \"/subscriptions/00000000-0000-0000-0000-000000000000/providers/Microsoft.Network/availableDelegations/Microsoft.Web.serverFarms\",\r\n
        \     \"type\": \"Microsoft.Network/availableDelegations\",\r\n      \"serviceName\":
        \"Microsoft.Web/serverFarms\",\r\n      \"actions\": [\r\n        \"Microsoft.Network/virtualNetworks/subnets/action\"\r\n
        \     ]\r\n    },\r\n    {\r\n      \"name\": \"Microsoft.ContainerInstance.containerGroups\",\r\n
        \     \"id\": \"/subscriptions/00000000-0000-0000-0000-000000000000/providers/Microsoft.Network/availableDelegations/Microsoft.ContainerInstance.containerGroups\",\r\n
        \     \"type\": \"Microsoft.Network/availableDelegations\",\r\n      \"serviceName\":
        \"Microsoft.ContainerInstance/containerGroups\",\r\n      \"actions\": [\r\n
        \       \"Microsoft.Network/virtualNetworks/subnets/action\"\r\n      ]\r\n
        \   },\r\n    {\r\n      \"name\": \"Microsoft.Netapp.volumes\",\r\n      \"id\":
        \"/subscriptions/00000000-0000-0000-0000-000000000000/providers/Microsoft.Network/availableDelegations/Microsoft.Netapp.volumes\",\r\n
        \     \"type\": \"Microsoft.Network/availableDelegations\",\r\n      \"serviceName\":
        \"Microsoft.Netapp/volumes\",\r\n      \"actions\": [\r\n        \"Microsoft.Network/networkinterfaces/*\",\r\n
        \       \"Microsoft.Network/virtualNetworks/subnets/join/action\"\r\n      ]\r\n
        \   },\r\n    {\r\n      \"name\": \"Microsoft.HardwareSecurityModules.dedicatedHSMs\",\r\n
        \     \"id\": \"/subscriptions/00000000-0000-0000-0000-000000000000/providers/Microsoft.Network/availableDelegations/Microsoft.HardwareSecurityModules.dedicatedHSMs\",\r\n
        \     \"type\": \"Microsoft.Network/availableDelegations\",\r\n      \"serviceName\":
        \"Microsoft.HardwareSecurityModules/dedicatedHSMs\",\r\n      \"actions\":
        [\r\n        \"Microsoft.Network/networkinterfaces/*\",\r\n        \"Microsoft.Network/virtualNetworks/subnets/join/action\"\r\n
        \     ]\r\n    },\r\n    {\r\n      \"name\": \"Microsoft.ServiceFabricMesh.networks\",\r\n
        \     \"id\": \"/subscriptions/00000000-0000-0000-0000-000000000000/providers/Microsoft.Network/availableDelegations/Microsoft.ServiceFabricMesh.networks\",\r\n
        \     \"type\": \"Microsoft.Network/availableDelegations\",\r\n      \"serviceName\":
        \"Microsoft.ServiceFabricMesh/networks\",\r\n      \"actions\": [\r\n        \"Microsoft.Network/virtualNetworks/subnets/action\"\r\n
        \     ]\r\n    },\r\n    {\r\n      \"name\": \"Microsoft.Logic.integrationServiceEnvironments\",\r\n
        \     \"id\": \"/subscriptions/00000000-0000-0000-0000-000000000000/providers/Microsoft.Network/availableDelegations/Microsoft.Logic.integrationServiceEnvironments\",\r\n
        \     \"type\": \"Microsoft.Network/availableDelegations\",\r\n      \"serviceName\":
        \"Microsoft.Logic/integrationServiceEnvironments\",\r\n      \"actions\":
        [\r\n        \"Microsoft.Network/virtualNetworks/subnets/action\"\r\n      ]\r\n
        \   },\r\n    {\r\n      \"name\": \"Microsoft.Batch.batchAccounts\",\r\n
        \     \"id\": \"/subscriptions/00000000-0000-0000-0000-000000000000/providers/Microsoft.Network/availableDelegations/Microsoft.Batch.batchAccounts\",\r\n
        \     \"type\": \"Microsoft.Network/availableDelegations\",\r\n      \"serviceName\":
        \"Microsoft.Batch/batchAccounts\",\r\n      \"actions\": [\r\n        \"Microsoft.Network/virtualNetworks/subnets/action\"\r\n
        \     ]\r\n    },\r\n    {\r\n      \"name\": \"Microsoft.Sql.managedInstances\",\r\n
        \     \"id\": \"/subscriptions/00000000-0000-0000-0000-000000000000/providers/Microsoft.Network/availableDelegations/Microsoft.Sql.managedInstances\",\r\n
        \     \"type\": \"Microsoft.Network/availableDelegations\",\r\n      \"serviceName\":
        \"Microsoft.Sql/managedInstances\",\r\n      \"actions\": [\r\n        \"Microsoft.Network/virtualNetworks/subnets/join/action\",\r\n
        \       \"Microsoft.Network/virtualNetworks/subnets/prepareNetworkPolicies/action\",\r\n
        \       \"Microsoft.Network/virtualNetworks/subnets/unprepareNetworkPolicies/action\"\r\n
        \     ]\r\n    },\r\n    {\r\n      \"name\": \"Microsoft.Web.hostingEnvironments\",\r\n
        \     \"id\": \"/subscriptions/00000000-0000-0000-0000-000000000000/providers/Microsoft.Network/availableDelegations/Microsoft.Web.hostingEnvironments\",\r\n
        \     \"type\": \"Microsoft.Network/availableDelegations\",\r\n      \"serviceName\":
        \"Microsoft.Web/hostingEnvironments\",\r\n      \"actions\": [\r\n        \"Microsoft.Network/virtualNetworks/subnets/action\"\r\n
        \     ]\r\n    },\r\n    {\r\n      \"name\": \"Microsoft.BareMetal.CrayServers\",\r\n
        \     \"id\": \"/subscriptions/00000000-0000-0000-0000-000000000000/providers/Microsoft.Network/availableDelegations/Microsoft.BareMetal.CrayServers\",\r\n
        \     \"type\": \"Microsoft.Network/availableDelegations\",\r\n      \"serviceName\":
        \"Microsoft.BareMetal/CrayServers\",\r\n      \"actions\": [\r\n        \"Microsoft.Network/networkinterfaces/*\",\r\n
        \       \"Microsoft.Network/virtualNetworks/subnets/join/action\"\r\n      ]\r\n
        \   },\r\n    {\r\n      \"name\": \"Microsoft.Databricks.workspaces\",\r\n
        \     \"id\": \"/subscriptions/00000000-0000-0000-0000-000000000000/providers/Microsoft.Network/availableDelegations/Microsoft.Databricks.workspaces\",\r\n
        \     \"type\": \"Microsoft.Network/availableDelegations\",\r\n      \"serviceName\":
        \"Microsoft.Databricks/workspaces\",\r\n      \"actions\": [\r\n        \"Microsoft.Network/virtualNetworks/subnets/join/action\",\r\n
        \       \"Microsoft.Network/virtualNetworks/subnets/prepareNetworkPolicies/action\",\r\n
        \       \"Microsoft.Network/virtualNetworks/subnets/unprepareNetworkPolicies/action\"\r\n
        \     ]\r\n    },\r\n    {\r\n      \"name\": \"Microsoft.BareMetal.AzureHostedService\",\r\n
        \     \"id\": \"/subscriptions/00000000-0000-0000-0000-000000000000/providers/Microsoft.Network/availableDelegations/Microsoft.BareMetal.AzureHostedService\",\r\n
        \     \"type\": \"Microsoft.Network/availableDelegations\",\r\n      \"serviceName\":
        \"Microsoft.BareMetal/AzureHostedService\",\r\n      \"actions\": [\r\n        \"Microsoft.Network/networkinterfaces/*\",\r\n
        \       \"Microsoft.Network/virtualNetworks/subnets/join/action\"\r\n      ]\r\n
        \   },\r\n    {\r\n      \"name\": \"Microsoft.BareMetal.AzureVMware\",\r\n
        \     \"id\": \"/subscriptions/00000000-0000-0000-0000-000000000000/providers/Microsoft.Network/availableDelegations/Microsoft.BareMetal.AzureVMware\",\r\n
        \     \"type\": \"Microsoft.Network/availableDelegations\",\r\n      \"serviceName\":
        \"Microsoft.BareMetal/AzureVMware\",\r\n      \"actions\": [\r\n        \"Microsoft.Network/networkinterfaces/*\",\r\n
        \       \"Microsoft.Network/virtualNetworks/subnets/join/action\"\r\n      ]\r\n
        \   },\r\n    {\r\n      \"name\": \"Microsoft.StreamAnalytics.streamingJobs\",\r\n
        \     \"id\": \"/subscriptions/00000000-0000-0000-0000-000000000000/providers/Microsoft.Network/availableDelegations/Microsoft.StreamAnalytics.streamingJobs\",\r\n
        \     \"type\": \"Microsoft.Network/availableDelegations\",\r\n      \"serviceName\":
        \"Microsoft.StreamAnalytics/streamingJobs\",\r\n      \"actions\": [\r\n        \"Microsoft.Network/virtualNetworks/subnets/join/action\"\r\n
        \     ]\r\n    },\r\n    {\r\n      \"name\": \"Microsoft.DBforPostgreSQL.serversv2\",\r\n
        \     \"id\": \"/subscriptions/00000000-0000-0000-0000-000000000000/providers/Microsoft.Network/availableDelegations/Microsoft.DBforPostgreSQL.serversv2\",\r\n
        \     \"type\": \"Microsoft.Network/availableDelegations\",\r\n      \"serviceName\":
        \"Microsoft.DBforPostgreSQL/serversv2\",\r\n      \"actions\": [\r\n        \"Microsoft.Network/virtualNetworks/subnets/join/action\"\r\n
        \     ]\r\n    },\r\n    {\r\n      \"name\": \"Microsoft.AzureCosmosDB.clusters\",\r\n
        \     \"id\": \"/subscriptions/00000000-0000-0000-0000-000000000000/providers/Microsoft.Network/availableDelegations/Microsoft.AzureCosmosDB.clusters\",\r\n
        \     \"type\": \"Microsoft.Network/availableDelegations\",\r\n      \"serviceName\":
        \"Microsoft.AzureCosmosDB/clusters\",\r\n      \"actions\": [\r\n        \"Microsoft.Network/virtualNetworks/subnets/join/action\"\r\n
        \     ]\r\n    },\r\n    {\r\n      \"name\": \"Microsoft.MachineLearningServices.workspaces\",\r\n
        \     \"id\": \"/subscriptions/00000000-0000-0000-0000-000000000000/providers/Microsoft.Network/availableDelegations/Microsoft.MachineLearningServices.workspaces\",\r\n
        \     \"type\": \"Microsoft.Network/availableDelegations\",\r\n      \"serviceName\":
        \"Microsoft.MachineLearningServices/workspaces\",\r\n      \"actions\": [\r\n
        \       \"Microsoft.Network/virtualNetworks/subnets/join/action\"\r\n      ]\r\n
        \   },\r\n    {\r\n      \"name\": \"Microsoft.DBforPostgreSQL.singleServers\",\r\n
        \     \"id\": \"/subscriptions/00000000-0000-0000-0000-000000000000/providers/Microsoft.Network/availableDelegations/Microsoft.DBforPostgreSQL.singleServers\",\r\n
        \     \"type\": \"Microsoft.Network/availableDelegations\",\r\n      \"serviceName\":
        \"Microsoft.DBforPostgreSQL/singleServers\",\r\n      \"actions\": [\r\n        \"Microsoft.Network/virtualNetworks/subnets/join/action\"\r\n
        \     ]\r\n    },\r\n    {\r\n      \"name\": \"Microsoft.DBforPostgreSQL.flexibleServers\",\r\n
        \     \"id\": \"/subscriptions/00000000-0000-0000-0000-000000000000/providers/Microsoft.Network/availableDelegations/Microsoft.DBforPostgreSQL.flexibleServers\",\r\n
        \     \"type\": \"Microsoft.Network/availableDelegations\",\r\n      \"serviceName\":
        \"Microsoft.DBforPostgreSQL/flexibleServers\",\r\n      \"actions\": [\r\n
        \       \"Microsoft.Network/virtualNetworks/subnets/join/action\"\r\n      ]\r\n
        \   },\r\n    {\r\n      \"name\": \"Microsoft.DBforMySQL.serversv2\",\r\n
        \     \"id\": \"/subscriptions/00000000-0000-0000-0000-000000000000/providers/Microsoft.Network/availableDelegations/Microsoft.DBforMySQL.serversv2\",\r\n
        \     \"type\": \"Microsoft.Network/availableDelegations\",\r\n      \"serviceName\":
        \"Microsoft.DBforMySQL/serversv2\",\r\n      \"actions\": [\r\n        \"Microsoft.Network/virtualNetworks/subnets/join/action\"\r\n
        \     ]\r\n    },\r\n    {\r\n      \"name\": \"Microsoft.DBforMySQL.flexibleServers\",\r\n
        \     \"id\": \"/subscriptions/00000000-0000-0000-0000-000000000000/providers/Microsoft.Network/availableDelegations/Microsoft.DBforMySQL.flexibleServers\",\r\n
        \     \"type\": \"Microsoft.Network/availableDelegations\",\r\n      \"serviceName\":
        \"Microsoft.DBforMySQL/flexibleServers\",\r\n      \"actions\": [\r\n        \"Microsoft.Network/virtualNetworks/subnets/join/action\"\r\n
        \     ]\r\n    },\r\n    {\r\n      \"name\": \"Microsoft.DBforMySQL.servers\",\r\n
        \     \"id\": \"/subscriptions/00000000-0000-0000-0000-000000000000/providers/Microsoft.Network/availableDelegations/Microsoft.DBforMySQL.servers\",\r\n
        \     \"type\": \"Microsoft.Network/availableDelegations\",\r\n      \"serviceName\":
        \"Microsoft.DBforMySQL/servers\",\r\n      \"actions\": [\r\n        \"Microsoft.Network/virtualNetworks/subnets/join/action\"\r\n
        \     ]\r\n    },\r\n    {\r\n      \"name\": \"Microsoft.ApiManagement.service\",\r\n
        \     \"id\": \"/subscriptions/00000000-0000-0000-0000-000000000000/providers/Microsoft.Network/availableDelegations/Microsoft.ApiManagement.service\",\r\n
        \     \"type\": \"Microsoft.Network/availableDelegations\",\r\n      \"serviceName\":
        \"Microsoft.ApiManagement/service\",\r\n      \"actions\": [\r\n        \"Microsoft.Network/virtualNetworks/subnets/join/action\",\r\n
        \       \"Microsoft.Network/virtualNetworks/subnets/prepareNetworkPolicies/action\"\r\n
        \     ]\r\n    },\r\n    {\r\n      \"name\": \"Microsoft.Synapse.workspaces\",\r\n
        \     \"id\": \"/subscriptions/00000000-0000-0000-0000-000000000000/providers/Microsoft.Network/availableDelegations/Microsoft.Synapse.workspaces\",\r\n
        \     \"type\": \"Microsoft.Network/availableDelegations\",\r\n      \"serviceName\":
        \"Microsoft.Synapse/workspaces\",\r\n      \"actions\": [\r\n        \"Microsoft.Network/virtualNetworks/subnets/join/action\"\r\n
        \     ]\r\n    },\r\n    {\r\n      \"name\": \"Microsoft.PowerPlatform.vnetaccesslinks\",\r\n
        \     \"id\": \"/subscriptions/00000000-0000-0000-0000-000000000000/providers/Microsoft.Network/availableDelegations/Microsoft.PowerPlatform.vnetaccesslinks\",\r\n
        \     \"type\": \"Microsoft.Network/availableDelegations\",\r\n      \"serviceName\":
        \"Microsoft.PowerPlatform/vnetaccesslinks\",\r\n      \"actions\": [\r\n        \"Microsoft.Network/virtualNetworks/subnets/join/action\"\r\n
        \     ]\r\n    },\r\n    {\r\n      \"name\": \"Microsoft.Network.dnsResolvers\",\r\n
        \     \"id\": \"/subscriptions/00000000-0000-0000-0000-000000000000/providers/Microsoft.Network/availableDelegations/Microsoft.Network.dnsResolvers\",\r\n
        \     \"type\": \"Microsoft.Network/availableDelegations\",\r\n      \"serviceName\":
        \"Microsoft.Network/dnsResolvers\",\r\n      \"actions\": [\r\n        \"Microsoft.Network/virtualNetworks/subnets/join/action\"\r\n
        \     ]\r\n    },\r\n    {\r\n      \"name\": \"Microsoft.Kusto.clusters\",\r\n
        \     \"id\": \"/subscriptions/00000000-0000-0000-0000-000000000000/providers/Microsoft.Network/availableDelegations/Microsoft.Kusto.clusters\",\r\n
        \     \"type\": \"Microsoft.Network/availableDelegations\",\r\n      \"serviceName\":
        \"Microsoft.Kusto/clusters\",\r\n      \"actions\": [\r\n        \"Microsoft.Network/virtualNetworks/subnets/join/action\",\r\n
        \       \"Microsoft.Network/virtualNetworks/subnets/prepareNetworkPolicies/action\",\r\n
        \       \"Microsoft.Network/virtualNetworks/subnets/unprepareNetworkPolicies/action\"\r\n
        \     ]\r\n    },\r\n    {\r\n      \"name\": \"Microsoft.DelegatedNetwork.controller\",\r\n
        \     \"id\": \"/subscriptions/00000000-0000-0000-0000-000000000000/providers/Microsoft.Network/availableDelegations/Microsoft.DelegatedNetwork.controller\",\r\n
        \     \"type\": \"Microsoft.Network/availableDelegations\",\r\n      \"serviceName\":
        \"Microsoft.DelegatedNetwork/controller\",\r\n      \"actions\": [\r\n        \"Microsoft.Network/virtualNetworks/subnets/join/action\"\r\n
        \     ]\r\n    },\r\n    {\r\n      \"name\": \"Microsoft.ContainerService.managedClusters\",\r\n
        \     \"id\": \"/subscriptions/00000000-0000-0000-0000-000000000000/providers/Microsoft.Network/availableDelegations/Microsoft.ContainerService.managedClusters\",\r\n
        \     \"type\": \"Microsoft.Network/availableDelegations\",\r\n      \"serviceName\":
        \"Microsoft.ContainerService/managedClusters\",\r\n      \"actions\": [\r\n
        \       \"Microsoft.Network/virtualNetworks/subnets/join/action\"\r\n      ]\r\n
        \   },\r\n    {\r\n      \"name\": \"Microsoft.PowerPlatform.enterprisePolicies\",\r\n
        \     \"id\": \"/subscriptions/00000000-0000-0000-0000-000000000000/providers/Microsoft.Network/availableDelegations/Microsoft.PowerPlatform.enterprisePolicies\",\r\n
        \     \"type\": \"Microsoft.Network/availableDelegations\",\r\n      \"serviceName\":
        \"Microsoft.PowerPlatform/enterprisePolicies\",\r\n      \"actions\": [\r\n
        \       \"Microsoft.Network/virtualNetworks/subnets/join/action\"\r\n      ]\r\n
        \   },\r\n    {\r\n      \"name\": \"Microsoft.StoragePool.diskPools\",\r\n
        \     \"id\": \"/subscriptions/00000000-0000-0000-0000-000000000000/providers/Microsoft.Network/availableDelegations/Microsoft.StoragePool.diskPools\",\r\n
        \     \"type\": \"Microsoft.Network/availableDelegations\",\r\n      \"serviceName\":
        \"Microsoft.StoragePool/diskPools\",\r\n      \"actions\": [\r\n        \"Microsoft.Network/virtualNetworks/read\"\r\n
        \     ]\r\n    },\r\n    {\r\n      \"name\": \"Microsoft.DocumentDB.cassandraClusters\",\r\n
        \     \"id\": \"/subscriptions/00000000-0000-0000-0000-000000000000/providers/Microsoft.Network/availableDelegations/Microsoft.DocumentDB.cassandraClusters\",\r\n
        \     \"type\": \"Microsoft.Network/availableDelegations\",\r\n      \"serviceName\":
        \"Microsoft.DocumentDB/cassandraClusters\",\r\n      \"actions\": [\r\n        \"Microsoft.Network/virtualNetworks/subnets/join/action\"\r\n
        \     ]\r\n    },\r\n    {\r\n      \"name\": \"Microsoft.Apollo.npu\",\r\n
        \     \"id\": \"/subscriptions/00000000-0000-0000-0000-000000000000/providers/Microsoft.Network/availableDelegations/Microsoft.Apollo.npu\",\r\n
        \     \"type\": \"Microsoft.Network/availableDelegations\",\r\n      \"serviceName\":
        \"Microsoft.Apollo/npu\",\r\n      \"actions\": [\r\n        \"Microsoft.Network/networkinterfaces/*\",\r\n
        \       \"Microsoft.Network/virtualNetworks/subnets/join/action\"\r\n      ]\r\n
        \   },\r\n    {\r\n      \"name\": \"Microsoft.AVS.PrivateClouds\",\r\n      \"id\":
        \"/subscriptions/00000000-0000-0000-0000-000000000000/providers/Microsoft.Network/availableDelegations/Microsoft.AVS.PrivateClouds\",\r\n
        \     \"type\": \"Microsoft.Network/availableDelegations\",\r\n      \"serviceName\":
        \"Microsoft.AVS/PrivateClouds\",\r\n      \"actions\": [\r\n        \"Microsoft.Network/networkinterfaces/*\"\r\n
        \     ]\r\n    },\r\n    {\r\n      \"name\": \"Microsoft.Orbital.orbitalGateways\",\r\n
        \     \"id\": \"/subscriptions/00000000-0000-0000-0000-000000000000/providers/Microsoft.Network/availableDelegations/Microsoft.Orbital.orbitalGateways\",\r\n
        \     \"type\": \"Microsoft.Network/availableDelegations\",\r\n      \"serviceName\":
        \"Microsoft.Orbital/orbitalGateways\",\r\n      \"actions\": [\r\n        \"Microsoft.Network/publicIPAddresses/join/action\",\r\n
        \       \"Microsoft.Network/virtualNetworks/subnets/join/action\",\r\n        \"Microsoft.Network/virtualNetworks/read\",\r\n
        \       \"Microsoft.Network/publicIPAddresses/read\"\r\n      ]\r\n    },\r\n
        \   {\r\n      \"name\": \"Microsoft.Singularity.accounts.networks\",\r\n
        \     \"id\": \"/subscriptions/00000000-0000-0000-0000-000000000000/providers/Microsoft.Network/availableDelegations/Microsoft.Singularity.accounts.networks\",\r\n
        \     \"type\": \"Microsoft.Network/availableDelegations\",\r\n      \"serviceName\":
        \"Microsoft.Singularity/accounts/networks\",\r\n      \"actions\": [\r\n        \"Microsoft.Network/networkinterfaces/*\",\r\n
        \       \"Microsoft.Network/virtualNetworks/subnets/join/action\"\r\n      ]\r\n
        \   },\r\n    {\r\n      \"name\": \"Microsoft.Singularity.accounts.npu\",\r\n
        \     \"id\": \"/subscriptions/00000000-0000-0000-0000-000000000000/providers/Microsoft.Network/availableDelegations/Microsoft.Singularity.accounts.npu\",\r\n
        \     \"type\": \"Microsoft.Network/availableDelegations\",\r\n      \"serviceName\":
        \"Microsoft.Singularity/accounts/npu\",\r\n      \"actions\": [\r\n        \"Microsoft.Network/networkinterfaces/*\",\r\n
        \       \"Microsoft.Network/virtualNetworks/subnets/join/action\"\r\n      ]\r\n
        \   },\r\n    {\r\n      \"name\": \"Microsoft.LabServices.labplans\",\r\n
        \     \"id\": \"/subscriptions/00000000-0000-0000-0000-000000000000/providers/Microsoft.Network/availableDelegations/Microsoft.LabServices.labplans\",\r\n
        \     \"type\": \"Microsoft.Network/availableDelegations\",\r\n      \"serviceName\":
        \"Microsoft.LabServices/labplans\",\r\n      \"actions\": [\r\n        \"Microsoft.Network/virtualNetworks/subnets/join/action\"\r\n
        \     ]\r\n    },\r\n    {\r\n      \"name\": \"Microsoft.Fidalgo.networkSettings\",\r\n
        \     \"id\": \"/subscriptions/00000000-0000-0000-0000-000000000000/providers/Microsoft.Network/availableDelegations/Microsoft.Fidalgo.networkSettings\",\r\n
        \     \"type\": \"Microsoft.Network/availableDelegations\",\r\n      \"serviceName\":
        \"Microsoft.Fidalgo/networkSettings\",\r\n      \"actions\": [\r\n        \"Microsoft.Network/virtualNetworks/subnets/join/action\"\r\n
        \     ]\r\n    },\r\n    {\r\n      \"name\": \"Microsoft.DevCenter.networkConnection\",\r\n
        \     \"id\": \"/subscriptions/00000000-0000-0000-0000-000000000000/providers/Microsoft.Network/availableDelegations/Microsoft.DevCenter.networkConnection\",\r\n
        \     \"type\": \"Microsoft.Network/availableDelegations\",\r\n      \"serviceName\":
        \"Microsoft.DevCenter/networkConnection\",\r\n      \"actions\": [\r\n        \"Microsoft.Network/virtualNetworks/subnets/join/action\"\r\n
        \     ]\r\n    },\r\n    {\r\n      \"name\": \"NGINX.NGINXPLUS.nginxDeployments\",\r\n
        \     \"id\": \"/subscriptions/00000000-0000-0000-0000-000000000000/providers/Microsoft.Network/availableDelegations/NGINX.NGINXPLUS.nginxDeployments\",\r\n
        \     \"type\": \"Microsoft.Network/availableDelegations\",\r\n      \"serviceName\":
        \"NGINX.NGINXPLUS/nginxDeployments\",\r\n      \"actions\": [\r\n        \"Microsoft.Network/virtualNetworks/subnets/join/action\"\r\n
        \     ]\r\n    },\r\n    {\r\n      \"name\": \"Microsoft.DevOpsInfrastructure.pools\",\r\n
        \     \"id\": \"/subscriptions/00000000-0000-0000-0000-000000000000/providers/Microsoft.Network/availableDelegations/Microsoft.DevOpsInfrastructure.pools\",\r\n
        \     \"type\": \"Microsoft.Network/availableDelegations\",\r\n      \"serviceName\":
        \"Microsoft.DevOpsInfrastructure/pools\",\r\n      \"actions\": [\r\n        \"Microsoft.Network/virtualNetworks/subnets/join/action\"\r\n
        \     ]\r\n    },\r\n    {\r\n      \"name\": \"Microsoft.CloudTest.pools\",\r\n
        \     \"id\": \"/subscriptions/00000000-0000-0000-0000-000000000000/providers/Microsoft.Network/availableDelegations/Microsoft.CloudTest.pools\",\r\n
        \     \"type\": \"Microsoft.Network/availableDelegations\",\r\n      \"serviceName\":
        \"Microsoft.CloudTest/pools\",\r\n      \"actions\": [\r\n        \"Microsoft.Network/virtualNetworks/subnets/join/action\"\r\n
        \     ]\r\n    },\r\n    {\r\n      \"name\": \"Microsoft.CloudTest.hostedpools\",\r\n
        \     \"id\": \"/subscriptions/00000000-0000-0000-0000-000000000000/providers/Microsoft.Network/availableDelegations/Microsoft.CloudTest.hostedpools\",\r\n
        \     \"type\": \"Microsoft.Network/availableDelegations\",\r\n      \"serviceName\":
        \"Microsoft.CloudTest/hostedpools\",\r\n      \"actions\": [\r\n        \"Microsoft.Network/virtualNetworks/subnets/join/action\"\r\n
        \     ]\r\n    },\r\n    {\r\n      \"name\": \"Microsoft.CloudTest.images\",\r\n
        \     \"id\": \"/subscriptions/00000000-0000-0000-0000-000000000000/providers/Microsoft.Network/availableDelegations/Microsoft.CloudTest.images\",\r\n
        \     \"type\": \"Microsoft.Network/availableDelegations\",\r\n      \"serviceName\":
        \"Microsoft.CloudTest/images\",\r\n      \"actions\": [\r\n        \"Microsoft.Network/virtualNetworks/subnets/join/action\"\r\n
        \     ]\r\n    },\r\n    {\r\n      \"name\": \"PaloAltoNetworks.Cloudngfw.firewalls\",\r\n
        \     \"id\": \"/subscriptions/00000000-0000-0000-0000-000000000000/providers/Microsoft.Network/availableDelegations/PaloAltoNetworks.Cloudngfw.firewalls\",\r\n
        \     \"type\": \"Microsoft.Network/availableDelegations\",\r\n      \"serviceName\":
        \"PaloAltoNetworks.Cloudngfw/firewalls\",\r\n      \"actions\": [\r\n        \"Microsoft.Network/virtualNetworks/subnets/join/action\"\r\n
        \     ]\r\n    },\r\n    {\r\n      \"name\": \"Qumulo.Storage.fileSystems\",\r\n
        \     \"id\": \"/subscriptions/00000000-0000-0000-0000-000000000000/providers/Microsoft.Network/availableDelegations/Qumulo.Storage.fileSystems\",\r\n
        \     \"type\": \"Microsoft.Network/availableDelegations\",\r\n      \"serviceName\":
        \"Qumulo.Storage/fileSystems\",\r\n      \"actions\": [\r\n        \"Microsoft.Network/virtualNetworks/subnets/join/action\"\r\n
        \     ]\r\n    },\r\n    {\r\n      \"name\": \"Microsoft.App.testClients\",\r\n
        \     \"id\": \"/subscriptions/00000000-0000-0000-0000-000000000000/providers/Microsoft.Network/availableDelegations/Microsoft.App.testClients\",\r\n
        \     \"type\": \"Microsoft.Network/availableDelegations\",\r\n      \"serviceName\":
        \"Microsoft.App/testClients\",\r\n      \"actions\": [\r\n        \"Microsoft.Network/virtualNetworks/subnets/join/action\"\r\n
        \     ]\r\n    },\r\n    {\r\n      \"name\": \"Microsoft.App.environments\",\r\n
        \     \"id\": \"/subscriptions/00000000-0000-0000-0000-000000000000/providers/Microsoft.Network/availableDelegations/Microsoft.App.environments\",\r\n
        \     \"type\": \"Microsoft.Network/availableDelegations\",\r\n      \"serviceName\":
        \"Microsoft.App/environments\",\r\n      \"actions\": [\r\n        \"Microsoft.Network/virtualNetworks/subnets/join/action\"\r\n
        \     ]\r\n    },\r\n    {\r\n      \"name\": \"Microsoft.ServiceNetworking.trafficControllers\",\r\n
        \     \"id\": \"/subscriptions/00000000-0000-0000-0000-000000000000/providers/Microsoft.Network/availableDelegations/Microsoft.ServiceNetworking.trafficControllers\",\r\n
        \     \"type\": \"Microsoft.Network/availableDelegations\",\r\n      \"serviceName\":
        \"Microsoft.ServiceNetworking/trafficControllers\",\r\n      \"actions\":
        [\r\n        \"Microsoft.Network/virtualNetworks/subnets/join/action\"\r\n
        \     ]\r\n    },\r\n    {\r\n      \"name\": \"GitHub.Network.networkSettings\",\r\n
        \     \"id\": \"/subscriptions/00000000-0000-0000-0000-000000000000/providers/Microsoft.Network/availableDelegations/GitHub.Network.networkSettings\",\r\n
        \     \"type\": \"Microsoft.Network/availableDelegations\",\r\n      \"serviceName\":
        \"GitHub.Network/networkSettings\",\r\n      \"actions\": [\r\n        \"Microsoft.Network/virtualNetworks/subnets/join/action\"\r\n
        \     ]\r\n    },\r\n    {\r\n      \"name\": \"Microsoft.Network.networkWatchers\",\r\n
        \     \"id\": \"/subscriptions/00000000-0000-0000-0000-000000000000/providers/Microsoft.Network/availableDelegations/Microsoft.Network.networkWatchers\",\r\n
        \     \"type\": \"Microsoft.Network/availableDelegations\",\r\n      \"serviceName\":
        \"Microsoft.Network/networkWatchers\",\r\n      \"actions\": [\r\n        \"Microsoft.Network/virtualNetworks/subnets/join/action\"\r\n
        \     ]\r\n    },\r\n    {\r\n      \"name\": \"Dell.Storage.fileSystems\",\r\n
        \     \"id\": \"/subscriptions/00000000-0000-0000-0000-000000000000/providers/Microsoft.Network/availableDelegations/Dell.Storage.fileSystems\",\r\n
        \     \"type\": \"Microsoft.Network/availableDelegations\",\r\n      \"serviceName\":
        \"Dell.Storage/fileSystems\",\r\n      \"actions\": [\r\n        \"Microsoft.Network/virtualNetworks/subnets/join/action\"\r\n
        \     ]\r\n    },\r\n    {\r\n      \"name\": \"Microsoft.Netapp.scaleVolumes\",\r\n
        \     \"id\": \"/subscriptions/00000000-0000-0000-0000-000000000000/providers/Microsoft.Network/availableDelegations/Microsoft.Netapp.scaleVolumes\",\r\n
        \     \"type\": \"Microsoft.Network/availableDelegations\",\r\n      \"serviceName\":
        \"Microsoft.Netapp/scaleVolumes\",\r\n      \"actions\": [\r\n        \"Microsoft.Network/virtualNetworks/subnets/join/action\"\r\n
        \     ]\r\n    },\r\n    {\r\n      \"name\": \"Oracle.Database.networkAttachments\",\r\n
        \     \"id\": \"/subscriptions/00000000-0000-0000-0000-000000000000/providers/Microsoft.Network/availableDelegations/Oracle.Database.networkAttachments\",\r\n
        \     \"type\": \"Microsoft.Network/availableDelegations\",\r\n      \"serviceName\":
        \"Oracle.Database/networkAttachments\",\r\n      \"actions\": [\r\n        \"Microsoft.Network/networkinterfaces/*\",\r\n
        \       \"Microsoft.Network/virtualNetworks/subnets/join/action\"\r\n      ]\r\n
        \   },\r\n    {\r\n      \"name\": \"PureStorage.Block.storagePools\",\r\n
        \     \"id\": \"/subscriptions/00000000-0000-0000-0000-000000000000/providers/Microsoft.Network/availableDelegations/PureStorage.Block.storagePools\",\r\n
        \     \"type\": \"Microsoft.Network/availableDelegations\",\r\n      \"serviceName\":
        \"PureStorage.Block/storagePools\",\r\n      \"actions\": [\r\n        \"Microsoft.Network/virtualNetworks/subnets/join/action\"\r\n
        \     ]\r\n    },\r\n    {\r\n      \"name\": \"Informatica.DataManagement.organizations\",\r\n
        \     \"id\": \"/subscriptions/00000000-0000-0000-0000-000000000000/providers/Microsoft.Network/availableDelegations/Informatica.DataManagement.organizations\",\r\n
        \     \"type\": \"Microsoft.Network/availableDelegations\",\r\n      \"serviceName\":
        \"Informatica.DataManagement/organizations\",\r\n      \"actions\": [\r\n
        \       \"Microsoft.Network/virtualNetworks/subnets/join/action\"\r\n      ]\r\n
        \   },\r\n    {\r\n      \"name\": \"Microsoft.AzureCommunicationsGateway.networkSettings\",\r\n
        \     \"id\": \"/subscriptions/00000000-0000-0000-0000-000000000000/providers/Microsoft.Network/availableDelegations/Microsoft.AzureCommunicationsGateway.networkSettings\",\r\n
        \     \"type\": \"Microsoft.Network/availableDelegations\",\r\n      \"serviceName\":
        \"Microsoft.AzureCommunicationsGateway/networkSettings\",\r\n      \"actions\":
        [\r\n        \"Microsoft.Network/virtualNetworks/subnets/join/action\"\r\n
        \     ]\r\n    },\r\n    {\r\n      \"name\": \"Microsoft.PowerAutomate.hostedRpa\",\r\n
        \     \"id\": \"/subscriptions/00000000-0000-0000-0000-000000000000/providers/Microsoft.Network/availableDelegations/Microsoft.PowerAutomate.hostedRpa\",\r\n
        \     \"type\": \"Microsoft.Network/availableDelegations\",\r\n      \"serviceName\":
        \"Microsoft.PowerAutomate/hostedRpa\",\r\n      \"actions\": [\r\n        \"Microsoft.Network/virtualNetworks/subnets/join/action\"\r\n
        \     ]\r\n    },\r\n    {\r\n      \"name\": \"Microsoft.MachineLearningServices.workspaceComputes\",\r\n
        \     \"id\": \"/subscriptions/00000000-0000-0000-0000-000000000000/providers/Microsoft.Network/availableDelegations/Microsoft.MachineLearningServices.workspaceComputes\",\r\n
        \     \"type\": \"Microsoft.Network/availableDelegations\",\r\n      \"serviceName\":
        \"Microsoft.MachineLearningServices/workspaceComputes\",\r\n      \"actions\":
        [\r\n        \"Microsoft.Network/virtualNetworks/subnets/join/action\"\r\n
        \     ]\r\n    }\r\n  ]\r\n}"
    headers:
      cache-control:
      - no-cache
      content-length:
      - '26993'
      content-type:
      - application/json; charset=utf-8
      date:
      - Tue, 02 Apr 2024 17:09:40 GMT
      expires:
      - '-1'
      pragma:
      - no-cache
      strict-transport-security:
      - max-age=31536000; includeSubDomains
      x-cache:
      - CONFIG_NOCACHE
      x-content-type-options:
      - nosniff
      x-ms-arm-service-request-id:
      - 3192770c-5bb0-47fa-b996-c208223b1c76
      x-msedge-ref:
      - 'Ref A: 169D8CD48B3049879DBEF27AD13913B4 Ref B: MAA201060513029 Ref C: 2024-04-02T17:09:39Z'
    status:
      code: 200
      message: ''
- request:
    body: null
    headers:
      Accept:
      - application/json
      Accept-Encoding:
      - gzip, deflate
      CommandName:
      - network vnet subnet list-available-delegations
      Connection:
      - keep-alive
      ParameterSetName:
      - -g
      User-Agent:
      - AZURECLI/2.59.0 azsdk-python-core/1.28.0 Python/3.9.5 (Windows-10-10.0.22631-SP0)
    method: GET
    uri: https://management.azure.com/subscriptions/00000000-0000-0000-0000-000000000000/resourcegroups/cli_subnet_delegation000001?api-version=2022-09-01
  response:
    body:
      string: '{"id":"/subscriptions/00000000-0000-0000-0000-000000000000/resourceGroups/cli_subnet_delegation000001","name":"cli_subnet_delegation000001","type":"Microsoft.Resources/resourceGroups","location":"westus","tags":{"product":"azurecli","cause":"automation","test":"test_network_subnet_delegation","date":"2024-04-02T17:09:35Z","module":"network","Creator":"v-taoxuzeng@microsoft.com","DateCreated":"2024-04-02T17:09:39Z"},"properties":{"provisioningState":"Succeeded"}}'
    headers:
      cache-control:
      - no-cache
      content-length:
      - '466'
      content-type:
      - application/json; charset=utf-8
      date:
      - Tue, 02 Apr 2024 17:09:41 GMT
      expires:
      - '-1'
      pragma:
      - no-cache
      strict-transport-security:
      - max-age=31536000; includeSubDomains
      x-cache:
      - CONFIG_NOCACHE
      x-content-type-options:
      - nosniff
      x-msedge-ref:
      - 'Ref A: 54590DBF9E9F4228950631E57677B855 Ref B: MAA201060515037 Ref C: 2024-04-02T17:09:41Z'
    status:
      code: 200
      message: OK
- request:
    body: null
    headers:
      Accept:
      - application/json
      Accept-Encoding:
      - gzip, deflate
      CommandName:
      - network vnet subnet list-available-delegations
      Connection:
      - keep-alive
      ParameterSetName:
      - -g
      User-Agent:
      - AZURECLI/2.59.0 azsdk-python-core/1.28.0 Python/3.9.5 (Windows-10-10.0.22631-SP0)
    method: GET
    uri: https://management.azure.com/subscriptions/00000000-0000-0000-0000-000000000000/resourceGroups/cli_subnet_delegation000001/providers/Microsoft.Network/locations/westus/availableDelegations?api-version=2022-01-01
  response:
    body:
      string: "{\r\n  \"value\": [\r\n    {\r\n      \"name\": \"Microsoft.Web.serverFarms\",\r\n
        \     \"id\": \"/subscriptions/00000000-0000-0000-0000-000000000000/resourceGroup/cli_subnet_delegation000001/providers/Microsoft.Network/availableDelegations/Microsoft.Web.serverFarms\",\r\n
        \     \"type\": \"Microsoft.Network/availableDelegations\",\r\n      \"serviceName\":
        \"Microsoft.Web/serverFarms\",\r\n      \"actions\": [\r\n        \"Microsoft.Network/virtualNetworks/subnets/action\"\r\n
        \     ]\r\n    },\r\n    {\r\n      \"name\": \"Microsoft.ContainerInstance.containerGroups\",\r\n
        \     \"id\": \"/subscriptions/00000000-0000-0000-0000-000000000000/resourceGroup/cli_subnet_delegation000001/providers/Microsoft.Network/availableDelegations/Microsoft.ContainerInstance.containerGroups\",\r\n
        \     \"type\": \"Microsoft.Network/availableDelegations\",\r\n      \"serviceName\":
        \"Microsoft.ContainerInstance/containerGroups\",\r\n      \"actions\": [\r\n
        \       \"Microsoft.Network/virtualNetworks/subnets/action\"\r\n      ]\r\n
        \   },\r\n    {\r\n      \"name\": \"Microsoft.Netapp.volumes\",\r\n      \"id\":
        \"/subscriptions/00000000-0000-0000-0000-000000000000/resourceGroup/cli_subnet_delegation000001/providers/Microsoft.Network/availableDelegations/Microsoft.Netapp.volumes\",\r\n
        \     \"type\": \"Microsoft.Network/availableDelegations\",\r\n      \"serviceName\":
        \"Microsoft.Netapp/volumes\",\r\n      \"actions\": [\r\n        \"Microsoft.Network/networkinterfaces/*\",\r\n
        \       \"Microsoft.Network/virtualNetworks/subnets/join/action\"\r\n      ]\r\n
        \   },\r\n    {\r\n      \"name\": \"Microsoft.HardwareSecurityModules.dedicatedHSMs\",\r\n
        \     \"id\": \"/subscriptions/00000000-0000-0000-0000-000000000000/resourceGroup/cli_subnet_delegation000001/providers/Microsoft.Network/availableDelegations/Microsoft.HardwareSecurityModules.dedicatedHSMs\",\r\n
        \     \"type\": \"Microsoft.Network/availableDelegations\",\r\n      \"serviceName\":
        \"Microsoft.HardwareSecurityModules/dedicatedHSMs\",\r\n      \"actions\":
        [\r\n        \"Microsoft.Network/networkinterfaces/*\",\r\n        \"Microsoft.Network/virtualNetworks/subnets/join/action\"\r\n
        \     ]\r\n    },\r\n    {\r\n      \"name\": \"Microsoft.ServiceFabricMesh.networks\",\r\n
        \     \"id\": \"/subscriptions/00000000-0000-0000-0000-000000000000/resourceGroup/cli_subnet_delegation000001/providers/Microsoft.Network/availableDelegations/Microsoft.ServiceFabricMesh.networks\",\r\n
        \     \"type\": \"Microsoft.Network/availableDelegations\",\r\n      \"serviceName\":
        \"Microsoft.ServiceFabricMesh/networks\",\r\n      \"actions\": [\r\n        \"Microsoft.Network/virtualNetworks/subnets/action\"\r\n
        \     ]\r\n    },\r\n    {\r\n      \"name\": \"Microsoft.Logic.integrationServiceEnvironments\",\r\n
        \     \"id\": \"/subscriptions/00000000-0000-0000-0000-000000000000/resourceGroup/cli_subnet_delegation000001/providers/Microsoft.Network/availableDelegations/Microsoft.Logic.integrationServiceEnvironments\",\r\n
        \     \"type\": \"Microsoft.Network/availableDelegations\",\r\n      \"serviceName\":
        \"Microsoft.Logic/integrationServiceEnvironments\",\r\n      \"actions\":
        [\r\n        \"Microsoft.Network/virtualNetworks/subnets/action\"\r\n      ]\r\n
        \   },\r\n    {\r\n      \"name\": \"Microsoft.Batch.batchAccounts\",\r\n
        \     \"id\": \"/subscriptions/00000000-0000-0000-0000-000000000000/resourceGroup/cli_subnet_delegation000001/providers/Microsoft.Network/availableDelegations/Microsoft.Batch.batchAccounts\",\r\n
        \     \"type\": \"Microsoft.Network/availableDelegations\",\r\n      \"serviceName\":
        \"Microsoft.Batch/batchAccounts\",\r\n      \"actions\": [\r\n        \"Microsoft.Network/virtualNetworks/subnets/action\"\r\n
        \     ]\r\n    },\r\n    {\r\n      \"name\": \"Microsoft.Sql.managedInstances\",\r\n
        \     \"id\": \"/subscriptions/00000000-0000-0000-0000-000000000000/resourceGroup/cli_subnet_delegation000001/providers/Microsoft.Network/availableDelegations/Microsoft.Sql.managedInstances\",\r\n
        \     \"type\": \"Microsoft.Network/availableDelegations\",\r\n      \"serviceName\":
        \"Microsoft.Sql/managedInstances\",\r\n      \"actions\": [\r\n        \"Microsoft.Network/virtualNetworks/subnets/join/action\",\r\n
        \       \"Microsoft.Network/virtualNetworks/subnets/prepareNetworkPolicies/action\",\r\n
        \       \"Microsoft.Network/virtualNetworks/subnets/unprepareNetworkPolicies/action\"\r\n
        \     ]\r\n    },\r\n    {\r\n      \"name\": \"Microsoft.Web.hostingEnvironments\",\r\n
        \     \"id\": \"/subscriptions/00000000-0000-0000-0000-000000000000/resourceGroup/cli_subnet_delegation000001/providers/Microsoft.Network/availableDelegations/Microsoft.Web.hostingEnvironments\",\r\n
        \     \"type\": \"Microsoft.Network/availableDelegations\",\r\n      \"serviceName\":
        \"Microsoft.Web/hostingEnvironments\",\r\n      \"actions\": [\r\n        \"Microsoft.Network/virtualNetworks/subnets/action\"\r\n
        \     ]\r\n    },\r\n    {\r\n      \"name\": \"Microsoft.BareMetal.CrayServers\",\r\n
        \     \"id\": \"/subscriptions/00000000-0000-0000-0000-000000000000/resourceGroup/cli_subnet_delegation000001/providers/Microsoft.Network/availableDelegations/Microsoft.BareMetal.CrayServers\",\r\n
        \     \"type\": \"Microsoft.Network/availableDelegations\",\r\n      \"serviceName\":
        \"Microsoft.BareMetal/CrayServers\",\r\n      \"actions\": [\r\n        \"Microsoft.Network/networkinterfaces/*\",\r\n
        \       \"Microsoft.Network/virtualNetworks/subnets/join/action\"\r\n      ]\r\n
        \   },\r\n    {\r\n      \"name\": \"Microsoft.Databricks.workspaces\",\r\n
        \     \"id\": \"/subscriptions/00000000-0000-0000-0000-000000000000/resourceGroup/cli_subnet_delegation000001/providers/Microsoft.Network/availableDelegations/Microsoft.Databricks.workspaces\",\r\n
        \     \"type\": \"Microsoft.Network/availableDelegations\",\r\n      \"serviceName\":
        \"Microsoft.Databricks/workspaces\",\r\n      \"actions\": [\r\n        \"Microsoft.Network/virtualNetworks/subnets/join/action\",\r\n
        \       \"Microsoft.Network/virtualNetworks/subnets/prepareNetworkPolicies/action\",\r\n
        \       \"Microsoft.Network/virtualNetworks/subnets/unprepareNetworkPolicies/action\"\r\n
        \     ]\r\n    },\r\n    {\r\n      \"name\": \"Microsoft.BareMetal.AzureHostedService\",\r\n
        \     \"id\": \"/subscriptions/00000000-0000-0000-0000-000000000000/resourceGroup/cli_subnet_delegation000001/providers/Microsoft.Network/availableDelegations/Microsoft.BareMetal.AzureHostedService\",\r\n
        \     \"type\": \"Microsoft.Network/availableDelegations\",\r\n      \"serviceName\":
        \"Microsoft.BareMetal/AzureHostedService\",\r\n      \"actions\": [\r\n        \"Microsoft.Network/networkinterfaces/*\",\r\n
        \       \"Microsoft.Network/virtualNetworks/subnets/join/action\"\r\n      ]\r\n
        \   },\r\n    {\r\n      \"name\": \"Microsoft.BareMetal.AzureVMware\",\r\n
        \     \"id\": \"/subscriptions/00000000-0000-0000-0000-000000000000/resourceGroup/cli_subnet_delegation000001/providers/Microsoft.Network/availableDelegations/Microsoft.BareMetal.AzureVMware\",\r\n
        \     \"type\": \"Microsoft.Network/availableDelegations\",\r\n      \"serviceName\":
        \"Microsoft.BareMetal/AzureVMware\",\r\n      \"actions\": [\r\n        \"Microsoft.Network/networkinterfaces/*\",\r\n
        \       \"Microsoft.Network/virtualNetworks/subnets/join/action\"\r\n      ]\r\n
        \   },\r\n    {\r\n      \"name\": \"Microsoft.StreamAnalytics.streamingJobs\",\r\n
        \     \"id\": \"/subscriptions/00000000-0000-0000-0000-000000000000/resourceGroup/cli_subnet_delegation000001/providers/Microsoft.Network/availableDelegations/Microsoft.StreamAnalytics.streamingJobs\",\r\n
        \     \"type\": \"Microsoft.Network/availableDelegations\",\r\n      \"serviceName\":
        \"Microsoft.StreamAnalytics/streamingJobs\",\r\n      \"actions\": [\r\n        \"Microsoft.Network/virtualNetworks/subnets/join/action\"\r\n
        \     ]\r\n    },\r\n    {\r\n      \"name\": \"Microsoft.DBforPostgreSQL.serversv2\",\r\n
        \     \"id\": \"/subscriptions/00000000-0000-0000-0000-000000000000/resourceGroup/cli_subnet_delegation000001/providers/Microsoft.Network/availableDelegations/Microsoft.DBforPostgreSQL.serversv2\",\r\n
        \     \"type\": \"Microsoft.Network/availableDelegations\",\r\n      \"serviceName\":
        \"Microsoft.DBforPostgreSQL/serversv2\",\r\n      \"actions\": [\r\n        \"Microsoft.Network/virtualNetworks/subnets/join/action\"\r\n
        \     ]\r\n    },\r\n    {\r\n      \"name\": \"Microsoft.AzureCosmosDB.clusters\",\r\n
        \     \"id\": \"/subscriptions/00000000-0000-0000-0000-000000000000/resourceGroup/cli_subnet_delegation000001/providers/Microsoft.Network/availableDelegations/Microsoft.AzureCosmosDB.clusters\",\r\n
        \     \"type\": \"Microsoft.Network/availableDelegations\",\r\n      \"serviceName\":
        \"Microsoft.AzureCosmosDB/clusters\",\r\n      \"actions\": [\r\n        \"Microsoft.Network/virtualNetworks/subnets/join/action\"\r\n
        \     ]\r\n    },\r\n    {\r\n      \"name\": \"Microsoft.MachineLearningServices.workspaces\",\r\n
        \     \"id\": \"/subscriptions/00000000-0000-0000-0000-000000000000/resourceGroup/cli_subnet_delegation000001/providers/Microsoft.Network/availableDelegations/Microsoft.MachineLearningServices.workspaces\",\r\n
        \     \"type\": \"Microsoft.Network/availableDelegations\",\r\n      \"serviceName\":
        \"Microsoft.MachineLearningServices/workspaces\",\r\n      \"actions\": [\r\n
        \       \"Microsoft.Network/virtualNetworks/subnets/join/action\"\r\n      ]\r\n
        \   },\r\n    {\r\n      \"name\": \"Microsoft.DBforPostgreSQL.singleServers\",\r\n
        \     \"id\": \"/subscriptions/00000000-0000-0000-0000-000000000000/resourceGroup/cli_subnet_delegation000001/providers/Microsoft.Network/availableDelegations/Microsoft.DBforPostgreSQL.singleServers\",\r\n
        \     \"type\": \"Microsoft.Network/availableDelegations\",\r\n      \"serviceName\":
        \"Microsoft.DBforPostgreSQL/singleServers\",\r\n      \"actions\": [\r\n        \"Microsoft.Network/virtualNetworks/subnets/join/action\"\r\n
        \     ]\r\n    },\r\n    {\r\n      \"name\": \"Microsoft.DBforPostgreSQL.flexibleServers\",\r\n
        \     \"id\": \"/subscriptions/00000000-0000-0000-0000-000000000000/resourceGroup/cli_subnet_delegation000001/providers/Microsoft.Network/availableDelegations/Microsoft.DBforPostgreSQL.flexibleServers\",\r\n
        \     \"type\": \"Microsoft.Network/availableDelegations\",\r\n      \"serviceName\":
        \"Microsoft.DBforPostgreSQL/flexibleServers\",\r\n      \"actions\": [\r\n
        \       \"Microsoft.Network/virtualNetworks/subnets/join/action\"\r\n      ]\r\n
        \   },\r\n    {\r\n      \"name\": \"Microsoft.DBforMySQL.serversv2\",\r\n
        \     \"id\": \"/subscriptions/00000000-0000-0000-0000-000000000000/resourceGroup/cli_subnet_delegation000001/providers/Microsoft.Network/availableDelegations/Microsoft.DBforMySQL.serversv2\",\r\n
        \     \"type\": \"Microsoft.Network/availableDelegations\",\r\n      \"serviceName\":
        \"Microsoft.DBforMySQL/serversv2\",\r\n      \"actions\": [\r\n        \"Microsoft.Network/virtualNetworks/subnets/join/action\"\r\n
        \     ]\r\n    },\r\n    {\r\n      \"name\": \"Microsoft.DBforMySQL.flexibleServers\",\r\n
        \     \"id\": \"/subscriptions/00000000-0000-0000-0000-000000000000/resourceGroup/cli_subnet_delegation000001/providers/Microsoft.Network/availableDelegations/Microsoft.DBforMySQL.flexibleServers\",\r\n
        \     \"type\": \"Microsoft.Network/availableDelegations\",\r\n      \"serviceName\":
        \"Microsoft.DBforMySQL/flexibleServers\",\r\n      \"actions\": [\r\n        \"Microsoft.Network/virtualNetworks/subnets/join/action\"\r\n
        \     ]\r\n    },\r\n    {\r\n      \"name\": \"Microsoft.DBforMySQL.servers\",\r\n
        \     \"id\": \"/subscriptions/00000000-0000-0000-0000-000000000000/resourceGroup/cli_subnet_delegation000001/providers/Microsoft.Network/availableDelegations/Microsoft.DBforMySQL.servers\",\r\n
        \     \"type\": \"Microsoft.Network/availableDelegations\",\r\n      \"serviceName\":
        \"Microsoft.DBforMySQL/servers\",\r\n      \"actions\": [\r\n        \"Microsoft.Network/virtualNetworks/subnets/join/action\"\r\n
        \     ]\r\n    },\r\n    {\r\n      \"name\": \"Microsoft.ApiManagement.service\",\r\n
        \     \"id\": \"/subscriptions/00000000-0000-0000-0000-000000000000/resourceGroup/cli_subnet_delegation000001/providers/Microsoft.Network/availableDelegations/Microsoft.ApiManagement.service\",\r\n
        \     \"type\": \"Microsoft.Network/availableDelegations\",\r\n      \"serviceName\":
        \"Microsoft.ApiManagement/service\",\r\n      \"actions\": [\r\n        \"Microsoft.Network/virtualNetworks/subnets/join/action\",\r\n
        \       \"Microsoft.Network/virtualNetworks/subnets/prepareNetworkPolicies/action\"\r\n
        \     ]\r\n    },\r\n    {\r\n      \"name\": \"Microsoft.Synapse.workspaces\",\r\n
        \     \"id\": \"/subscriptions/00000000-0000-0000-0000-000000000000/resourceGroup/cli_subnet_delegation000001/providers/Microsoft.Network/availableDelegations/Microsoft.Synapse.workspaces\",\r\n
        \     \"type\": \"Microsoft.Network/availableDelegations\",\r\n      \"serviceName\":
        \"Microsoft.Synapse/workspaces\",\r\n      \"actions\": [\r\n        \"Microsoft.Network/virtualNetworks/subnets/join/action\"\r\n
        \     ]\r\n    },\r\n    {\r\n      \"name\": \"Microsoft.PowerPlatform.vnetaccesslinks\",\r\n
        \     \"id\": \"/subscriptions/00000000-0000-0000-0000-000000000000/resourceGroup/cli_subnet_delegation000001/providers/Microsoft.Network/availableDelegations/Microsoft.PowerPlatform.vnetaccesslinks\",\r\n
        \     \"type\": \"Microsoft.Network/availableDelegations\",\r\n      \"serviceName\":
        \"Microsoft.PowerPlatform/vnetaccesslinks\",\r\n      \"actions\": [\r\n        \"Microsoft.Network/virtualNetworks/subnets/join/action\"\r\n
        \     ]\r\n    },\r\n    {\r\n      \"name\": \"Microsoft.Network.dnsResolvers\",\r\n
        \     \"id\": \"/subscriptions/00000000-0000-0000-0000-000000000000/resourceGroup/cli_subnet_delegation000001/providers/Microsoft.Network/availableDelegations/Microsoft.Network.dnsResolvers\",\r\n
        \     \"type\": \"Microsoft.Network/availableDelegations\",\r\n      \"serviceName\":
        \"Microsoft.Network/dnsResolvers\",\r\n      \"actions\": [\r\n        \"Microsoft.Network/virtualNetworks/subnets/join/action\"\r\n
        \     ]\r\n    },\r\n    {\r\n      \"name\": \"Microsoft.Kusto.clusters\",\r\n
        \     \"id\": \"/subscriptions/00000000-0000-0000-0000-000000000000/resourceGroup/cli_subnet_delegation000001/providers/Microsoft.Network/availableDelegations/Microsoft.Kusto.clusters\",\r\n
        \     \"type\": \"Microsoft.Network/availableDelegations\",\r\n      \"serviceName\":
        \"Microsoft.Kusto/clusters\",\r\n      \"actions\": [\r\n        \"Microsoft.Network/virtualNetworks/subnets/join/action\",\r\n
        \       \"Microsoft.Network/virtualNetworks/subnets/prepareNetworkPolicies/action\",\r\n
        \       \"Microsoft.Network/virtualNetworks/subnets/unprepareNetworkPolicies/action\"\r\n
        \     ]\r\n    },\r\n    {\r\n      \"name\": \"Microsoft.DelegatedNetwork.controller\",\r\n
        \     \"id\": \"/subscriptions/00000000-0000-0000-0000-000000000000/resourceGroup/cli_subnet_delegation000001/providers/Microsoft.Network/availableDelegations/Microsoft.DelegatedNetwork.controller\",\r\n
        \     \"type\": \"Microsoft.Network/availableDelegations\",\r\n      \"serviceName\":
        \"Microsoft.DelegatedNetwork/controller\",\r\n      \"actions\": [\r\n        \"Microsoft.Network/virtualNetworks/subnets/join/action\"\r\n
        \     ]\r\n    },\r\n    {\r\n      \"name\": \"Microsoft.ContainerService.managedClusters\",\r\n
        \     \"id\": \"/subscriptions/00000000-0000-0000-0000-000000000000/resourceGroup/cli_subnet_delegation000001/providers/Microsoft.Network/availableDelegations/Microsoft.ContainerService.managedClusters\",\r\n
        \     \"type\": \"Microsoft.Network/availableDelegations\",\r\n      \"serviceName\":
        \"Microsoft.ContainerService/managedClusters\",\r\n      \"actions\": [\r\n
        \       \"Microsoft.Network/virtualNetworks/subnets/join/action\"\r\n      ]\r\n
        \   },\r\n    {\r\n      \"name\": \"Microsoft.PowerPlatform.enterprisePolicies\",\r\n
        \     \"id\": \"/subscriptions/00000000-0000-0000-0000-000000000000/resourceGroup/cli_subnet_delegation000001/providers/Microsoft.Network/availableDelegations/Microsoft.PowerPlatform.enterprisePolicies\",\r\n
        \     \"type\": \"Microsoft.Network/availableDelegations\",\r\n      \"serviceName\":
        \"Microsoft.PowerPlatform/enterprisePolicies\",\r\n      \"actions\": [\r\n
        \       \"Microsoft.Network/virtualNetworks/subnets/join/action\"\r\n      ]\r\n
        \   },\r\n    {\r\n      \"name\": \"Microsoft.StoragePool.diskPools\",\r\n
        \     \"id\": \"/subscriptions/00000000-0000-0000-0000-000000000000/resourceGroup/cli_subnet_delegation000001/providers/Microsoft.Network/availableDelegations/Microsoft.StoragePool.diskPools\",\r\n
        \     \"type\": \"Microsoft.Network/availableDelegations\",\r\n      \"serviceName\":
        \"Microsoft.StoragePool/diskPools\",\r\n      \"actions\": [\r\n        \"Microsoft.Network/virtualNetworks/read\"\r\n
        \     ]\r\n    },\r\n    {\r\n      \"name\": \"Microsoft.DocumentDB.cassandraClusters\",\r\n
        \     \"id\": \"/subscriptions/00000000-0000-0000-0000-000000000000/resourceGroup/cli_subnet_delegation000001/providers/Microsoft.Network/availableDelegations/Microsoft.DocumentDB.cassandraClusters\",\r\n
        \     \"type\": \"Microsoft.Network/availableDelegations\",\r\n      \"serviceName\":
        \"Microsoft.DocumentDB/cassandraClusters\",\r\n      \"actions\": [\r\n        \"Microsoft.Network/virtualNetworks/subnets/join/action\"\r\n
        \     ]\r\n    },\r\n    {\r\n      \"name\": \"Microsoft.Apollo.npu\",\r\n
        \     \"id\": \"/subscriptions/00000000-0000-0000-0000-000000000000/resourceGroup/cli_subnet_delegation000001/providers/Microsoft.Network/availableDelegations/Microsoft.Apollo.npu\",\r\n
        \     \"type\": \"Microsoft.Network/availableDelegations\",\r\n      \"serviceName\":
        \"Microsoft.Apollo/npu\",\r\n      \"actions\": [\r\n        \"Microsoft.Network/networkinterfaces/*\",\r\n
        \       \"Microsoft.Network/virtualNetworks/subnets/join/action\"\r\n      ]\r\n
        \   },\r\n    {\r\n      \"name\": \"Microsoft.AVS.PrivateClouds\",\r\n      \"id\":
        \"/subscriptions/00000000-0000-0000-0000-000000000000/resourceGroup/cli_subnet_delegation000001/providers/Microsoft.Network/availableDelegations/Microsoft.AVS.PrivateClouds\",\r\n
        \     \"type\": \"Microsoft.Network/availableDelegations\",\r\n      \"serviceName\":
        \"Microsoft.AVS/PrivateClouds\",\r\n      \"actions\": [\r\n        \"Microsoft.Network/networkinterfaces/*\"\r\n
        \     ]\r\n    },\r\n    {\r\n      \"name\": \"Microsoft.Orbital.orbitalGateways\",\r\n
        \     \"id\": \"/subscriptions/00000000-0000-0000-0000-000000000000/resourceGroup/cli_subnet_delegation000001/providers/Microsoft.Network/availableDelegations/Microsoft.Orbital.orbitalGateways\",\r\n
        \     \"type\": \"Microsoft.Network/availableDelegations\",\r\n      \"serviceName\":
        \"Microsoft.Orbital/orbitalGateways\",\r\n      \"actions\": [\r\n        \"Microsoft.Network/publicIPAddresses/join/action\",\r\n
        \       \"Microsoft.Network/virtualNetworks/subnets/join/action\",\r\n        \"Microsoft.Network/virtualNetworks/read\",\r\n
        \       \"Microsoft.Network/publicIPAddresses/read\"\r\n      ]\r\n    },\r\n
        \   {\r\n      \"name\": \"Microsoft.Singularity.accounts.networks\",\r\n
        \     \"id\": \"/subscriptions/00000000-0000-0000-0000-000000000000/resourceGroup/cli_subnet_delegation000001/providers/Microsoft.Network/availableDelegations/Microsoft.Singularity.accounts.networks\",\r\n
        \     \"type\": \"Microsoft.Network/availableDelegations\",\r\n      \"serviceName\":
        \"Microsoft.Singularity/accounts/networks\",\r\n      \"actions\": [\r\n        \"Microsoft.Network/networkinterfaces/*\",\r\n
        \       \"Microsoft.Network/virtualNetworks/subnets/join/action\"\r\n      ]\r\n
        \   },\r\n    {\r\n      \"name\": \"Microsoft.Singularity.accounts.npu\",\r\n
        \     \"id\": \"/subscriptions/00000000-0000-0000-0000-000000000000/resourceGroup/cli_subnet_delegation000001/providers/Microsoft.Network/availableDelegations/Microsoft.Singularity.accounts.npu\",\r\n
        \     \"type\": \"Microsoft.Network/availableDelegations\",\r\n      \"serviceName\":
        \"Microsoft.Singularity/accounts/npu\",\r\n      \"actions\": [\r\n        \"Microsoft.Network/networkinterfaces/*\",\r\n
        \       \"Microsoft.Network/virtualNetworks/subnets/join/action\"\r\n      ]\r\n
        \   },\r\n    {\r\n      \"name\": \"Microsoft.LabServices.labplans\",\r\n
        \     \"id\": \"/subscriptions/00000000-0000-0000-0000-000000000000/resourceGroup/cli_subnet_delegation000001/providers/Microsoft.Network/availableDelegations/Microsoft.LabServices.labplans\",\r\n
        \     \"type\": \"Microsoft.Network/availableDelegations\",\r\n      \"serviceName\":
        \"Microsoft.LabServices/labplans\",\r\n      \"actions\": [\r\n        \"Microsoft.Network/virtualNetworks/subnets/join/action\"\r\n
        \     ]\r\n    },\r\n    {\r\n      \"name\": \"Microsoft.Fidalgo.networkSettings\",\r\n
        \     \"id\": \"/subscriptions/00000000-0000-0000-0000-000000000000/resourceGroup/cli_subnet_delegation000001/providers/Microsoft.Network/availableDelegations/Microsoft.Fidalgo.networkSettings\",\r\n
        \     \"type\": \"Microsoft.Network/availableDelegations\",\r\n      \"serviceName\":
        \"Microsoft.Fidalgo/networkSettings\",\r\n      \"actions\": [\r\n        \"Microsoft.Network/virtualNetworks/subnets/join/action\"\r\n
        \     ]\r\n    },\r\n    {\r\n      \"name\": \"Microsoft.DevCenter.networkConnection\",\r\n
        \     \"id\": \"/subscriptions/00000000-0000-0000-0000-000000000000/resourceGroup/cli_subnet_delegation000001/providers/Microsoft.Network/availableDelegations/Microsoft.DevCenter.networkConnection\",\r\n
        \     \"type\": \"Microsoft.Network/availableDelegations\",\r\n      \"serviceName\":
        \"Microsoft.DevCenter/networkConnection\",\r\n      \"actions\": [\r\n        \"Microsoft.Network/virtualNetworks/subnets/join/action\"\r\n
        \     ]\r\n    },\r\n    {\r\n      \"name\": \"NGINX.NGINXPLUS.nginxDeployments\",\r\n
        \     \"id\": \"/subscriptions/00000000-0000-0000-0000-000000000000/resourceGroup/cli_subnet_delegation000001/providers/Microsoft.Network/availableDelegations/NGINX.NGINXPLUS.nginxDeployments\",\r\n
        \     \"type\": \"Microsoft.Network/availableDelegations\",\r\n      \"serviceName\":
        \"NGINX.NGINXPLUS/nginxDeployments\",\r\n      \"actions\": [\r\n        \"Microsoft.Network/virtualNetworks/subnets/join/action\"\r\n
        \     ]\r\n    },\r\n    {\r\n      \"name\": \"Microsoft.DevOpsInfrastructure.pools\",\r\n
        \     \"id\": \"/subscriptions/00000000-0000-0000-0000-000000000000/resourceGroup/cli_subnet_delegation000001/providers/Microsoft.Network/availableDelegations/Microsoft.DevOpsInfrastructure.pools\",\r\n
        \     \"type\": \"Microsoft.Network/availableDelegations\",\r\n      \"serviceName\":
        \"Microsoft.DevOpsInfrastructure/pools\",\r\n      \"actions\": [\r\n        \"Microsoft.Network/virtualNetworks/subnets/join/action\"\r\n
        \     ]\r\n    },\r\n    {\r\n      \"name\": \"Microsoft.CloudTest.pools\",\r\n
        \     \"id\": \"/subscriptions/00000000-0000-0000-0000-000000000000/resourceGroup/cli_subnet_delegation000001/providers/Microsoft.Network/availableDelegations/Microsoft.CloudTest.pools\",\r\n
        \     \"type\": \"Microsoft.Network/availableDelegations\",\r\n      \"serviceName\":
        \"Microsoft.CloudTest/pools\",\r\n      \"actions\": [\r\n        \"Microsoft.Network/virtualNetworks/subnets/join/action\"\r\n
        \     ]\r\n    },\r\n    {\r\n      \"name\": \"Microsoft.CloudTest.hostedpools\",\r\n
        \     \"id\": \"/subscriptions/00000000-0000-0000-0000-000000000000/resourceGroup/cli_subnet_delegation000001/providers/Microsoft.Network/availableDelegations/Microsoft.CloudTest.hostedpools\",\r\n
        \     \"type\": \"Microsoft.Network/availableDelegations\",\r\n      \"serviceName\":
        \"Microsoft.CloudTest/hostedpools\",\r\n      \"actions\": [\r\n        \"Microsoft.Network/virtualNetworks/subnets/join/action\"\r\n
        \     ]\r\n    },\r\n    {\r\n      \"name\": \"Microsoft.CloudTest.images\",\r\n
        \     \"id\": \"/subscriptions/00000000-0000-0000-0000-000000000000/resourceGroup/cli_subnet_delegation000001/providers/Microsoft.Network/availableDelegations/Microsoft.CloudTest.images\",\r\n
        \     \"type\": \"Microsoft.Network/availableDelegations\",\r\n      \"serviceName\":
        \"Microsoft.CloudTest/images\",\r\n      \"actions\": [\r\n        \"Microsoft.Network/virtualNetworks/subnets/join/action\"\r\n
        \     ]\r\n    },\r\n    {\r\n      \"name\": \"PaloAltoNetworks.Cloudngfw.firewalls\",\r\n
        \     \"id\": \"/subscriptions/00000000-0000-0000-0000-000000000000/resourceGroup/cli_subnet_delegation000001/providers/Microsoft.Network/availableDelegations/PaloAltoNetworks.Cloudngfw.firewalls\",\r\n
        \     \"type\": \"Microsoft.Network/availableDelegations\",\r\n      \"serviceName\":
        \"PaloAltoNetworks.Cloudngfw/firewalls\",\r\n      \"actions\": [\r\n        \"Microsoft.Network/virtualNetworks/subnets/join/action\"\r\n
        \     ]\r\n    },\r\n    {\r\n      \"name\": \"Qumulo.Storage.fileSystems\",\r\n
        \     \"id\": \"/subscriptions/00000000-0000-0000-0000-000000000000/resourceGroup/cli_subnet_delegation000001/providers/Microsoft.Network/availableDelegations/Qumulo.Storage.fileSystems\",\r\n
        \     \"type\": \"Microsoft.Network/availableDelegations\",\r\n      \"serviceName\":
        \"Qumulo.Storage/fileSystems\",\r\n      \"actions\": [\r\n        \"Microsoft.Network/virtualNetworks/subnets/join/action\"\r\n
        \     ]\r\n    },\r\n    {\r\n      \"name\": \"Microsoft.App.testClients\",\r\n
        \     \"id\": \"/subscriptions/00000000-0000-0000-0000-000000000000/resourceGroup/cli_subnet_delegation000001/providers/Microsoft.Network/availableDelegations/Microsoft.App.testClients\",\r\n
        \     \"type\": \"Microsoft.Network/availableDelegations\",\r\n      \"serviceName\":
        \"Microsoft.App/testClients\",\r\n      \"actions\": [\r\n        \"Microsoft.Network/virtualNetworks/subnets/join/action\"\r\n
        \     ]\r\n    },\r\n    {\r\n      \"name\": \"Microsoft.App.environments\",\r\n
        \     \"id\": \"/subscriptions/00000000-0000-0000-0000-000000000000/resourceGroup/cli_subnet_delegation000001/providers/Microsoft.Network/availableDelegations/Microsoft.App.environments\",\r\n
        \     \"type\": \"Microsoft.Network/availableDelegations\",\r\n      \"serviceName\":
        \"Microsoft.App/environments\",\r\n      \"actions\": [\r\n        \"Microsoft.Network/virtualNetworks/subnets/join/action\"\r\n
        \     ]\r\n    },\r\n    {\r\n      \"name\": \"Microsoft.ServiceNetworking.trafficControllers\",\r\n
        \     \"id\": \"/subscriptions/00000000-0000-0000-0000-000000000000/resourceGroup/cli_subnet_delegation000001/providers/Microsoft.Network/availableDelegations/Microsoft.ServiceNetworking.trafficControllers\",\r\n
        \     \"type\": \"Microsoft.Network/availableDelegations\",\r\n      \"serviceName\":
        \"Microsoft.ServiceNetworking/trafficControllers\",\r\n      \"actions\":
        [\r\n        \"Microsoft.Network/virtualNetworks/subnets/join/action\"\r\n
        \     ]\r\n    },\r\n    {\r\n      \"name\": \"GitHub.Network.networkSettings\",\r\n
        \     \"id\": \"/subscriptions/00000000-0000-0000-0000-000000000000/resourceGroup/cli_subnet_delegation000001/providers/Microsoft.Network/availableDelegations/GitHub.Network.networkSettings\",\r\n
        \     \"type\": \"Microsoft.Network/availableDelegations\",\r\n      \"serviceName\":
        \"GitHub.Network/networkSettings\",\r\n      \"actions\": [\r\n        \"Microsoft.Network/virtualNetworks/subnets/join/action\"\r\n
        \     ]\r\n    },\r\n    {\r\n      \"name\": \"Microsoft.Network.networkWatchers\",\r\n
        \     \"id\": \"/subscriptions/00000000-0000-0000-0000-000000000000/resourceGroup/cli_subnet_delegation000001/providers/Microsoft.Network/availableDelegations/Microsoft.Network.networkWatchers\",\r\n
        \     \"type\": \"Microsoft.Network/availableDelegations\",\r\n      \"serviceName\":
        \"Microsoft.Network/networkWatchers\",\r\n      \"actions\": [\r\n        \"Microsoft.Network/virtualNetworks/subnets/join/action\"\r\n
        \     ]\r\n    },\r\n    {\r\n      \"name\": \"Dell.Storage.fileSystems\",\r\n
        \     \"id\": \"/subscriptions/00000000-0000-0000-0000-000000000000/resourceGroup/cli_subnet_delegation000001/providers/Microsoft.Network/availableDelegations/Dell.Storage.fileSystems\",\r\n
        \     \"type\": \"Microsoft.Network/availableDelegations\",\r\n      \"serviceName\":
        \"Dell.Storage/fileSystems\",\r\n      \"actions\": [\r\n        \"Microsoft.Network/virtualNetworks/subnets/join/action\"\r\n
        \     ]\r\n    },\r\n    {\r\n      \"name\": \"Microsoft.Netapp.scaleVolumes\",\r\n
        \     \"id\": \"/subscriptions/00000000-0000-0000-0000-000000000000/resourceGroup/cli_subnet_delegation000001/providers/Microsoft.Network/availableDelegations/Microsoft.Netapp.scaleVolumes\",\r\n
        \     \"type\": \"Microsoft.Network/availableDelegations\",\r\n      \"serviceName\":
        \"Microsoft.Netapp/scaleVolumes\",\r\n      \"actions\": [\r\n        \"Microsoft.Network/virtualNetworks/subnets/join/action\"\r\n
        \     ]\r\n    },\r\n    {\r\n      \"name\": \"Oracle.Database.networkAttachments\",\r\n
        \     \"id\": \"/subscriptions/00000000-0000-0000-0000-000000000000/resourceGroup/cli_subnet_delegation000001/providers/Microsoft.Network/availableDelegations/Oracle.Database.networkAttachments\",\r\n
        \     \"type\": \"Microsoft.Network/availableDelegations\",\r\n      \"serviceName\":
        \"Oracle.Database/networkAttachments\",\r\n      \"actions\": [\r\n        \"Microsoft.Network/networkinterfaces/*\",\r\n
        \       \"Microsoft.Network/virtualNetworks/subnets/join/action\"\r\n      ]\r\n
        \   },\r\n    {\r\n      \"name\": \"PureStorage.Block.storagePools\",\r\n
        \     \"id\": \"/subscriptions/00000000-0000-0000-0000-000000000000/resourceGroup/cli_subnet_delegation000001/providers/Microsoft.Network/availableDelegations/PureStorage.Block.storagePools\",\r\n
        \     \"type\": \"Microsoft.Network/availableDelegations\",\r\n      \"serviceName\":
        \"PureStorage.Block/storagePools\",\r\n      \"actions\": [\r\n        \"Microsoft.Network/virtualNetworks/subnets/join/action\"\r\n
        \     ]\r\n    },\r\n    {\r\n      \"name\": \"Informatica.DataManagement.organizations\",\r\n
        \     \"id\": \"/subscriptions/00000000-0000-0000-0000-000000000000/resourceGroup/cli_subnet_delegation000001/providers/Microsoft.Network/availableDelegations/Informatica.DataManagement.organizations\",\r\n
        \     \"type\": \"Microsoft.Network/availableDelegations\",\r\n      \"serviceName\":
        \"Informatica.DataManagement/organizations\",\r\n      \"actions\": [\r\n
        \       \"Microsoft.Network/virtualNetworks/subnets/join/action\"\r\n      ]\r\n
        \   },\r\n    {\r\n      \"name\": \"Microsoft.AzureCommunicationsGateway.networkSettings\",\r\n
        \     \"id\": \"/subscriptions/00000000-0000-0000-0000-000000000000/resourceGroup/cli_subnet_delegation000001/providers/Microsoft.Network/availableDelegations/Microsoft.AzureCommunicationsGateway.networkSettings\",\r\n
        \     \"type\": \"Microsoft.Network/availableDelegations\",\r\n      \"serviceName\":
        \"Microsoft.AzureCommunicationsGateway/networkSettings\",\r\n      \"actions\":
        [\r\n        \"Microsoft.Network/virtualNetworks/subnets/join/action\"\r\n
        \     ]\r\n    },\r\n    {\r\n      \"name\": \"Microsoft.PowerAutomate.hostedRpa\",\r\n
        \     \"id\": \"/subscriptions/00000000-0000-0000-0000-000000000000/resourceGroup/cli_subnet_delegation000001/providers/Microsoft.Network/availableDelegations/Microsoft.PowerAutomate.hostedRpa\",\r\n
        \     \"type\": \"Microsoft.Network/availableDelegations\",\r\n      \"serviceName\":
        \"Microsoft.PowerAutomate/hostedRpa\",\r\n      \"actions\": [\r\n        \"Microsoft.Network/virtualNetworks/subnets/join/action\"\r\n
        \     ]\r\n    },\r\n    {\r\n      \"name\": \"Microsoft.MachineLearningServices.workspaceComputes\",\r\n
        \     \"id\": \"/subscriptions/00000000-0000-0000-0000-000000000000/resourceGroup/cli_subnet_delegation000001/providers/Microsoft.Network/availableDelegations/Microsoft.MachineLearningServices.workspaceComputes\",\r\n
        \     \"type\": \"Microsoft.Network/availableDelegations\",\r\n      \"serviceName\":
        \"Microsoft.MachineLearningServices/workspaceComputes\",\r\n      \"actions\":
        [\r\n        \"Microsoft.Network/virtualNetworks/subnets/join/action\"\r\n
        \     ]\r\n    }\r\n  ]\r\n}"
    headers:
      cache-control:
      - no-cache
      content-length:
      - '29513'
      content-type:
      - application/json; charset=utf-8
      date:
      - Tue, 02 Apr 2024 17:09:42 GMT
      expires:
      - '-1'
      pragma:
      - no-cache
      strict-transport-security:
      - max-age=31536000; includeSubDomains
      x-cache:
      - CONFIG_NOCACHE
      x-content-type-options:
      - nosniff
      x-ms-arm-service-request-id:
      - e75f5185-99b3-4784-b389-d2883e8fd96e
      x-msedge-ref:
      - 'Ref A: 9426997A1A2A445FA0C7FB6DE7C34235 Ref B: MAA201060515035 Ref C: 2024-04-02T17:09:42Z'
    status:
      code: 200
      message: OK
- request:
    body: '{"location": "westcentralus", "properties": {"addressSpace": {"addressPrefixes":
      ["10.0.0.0/16"]}, "enableDdosProtection": false, "enableVmProtection": false}}'
    headers:
      Accept:
      - application/json
      Accept-Encoding:
      - gzip, deflate
      CommandName:
      - network vnet create
      Connection:
      - keep-alive
      Content-Length:
      - '159'
      Content-Type:
      - application/json
      ParameterSetName:
      - -g -n -l
      User-Agent:
      - AZURECLI/2.59.0 azsdk-python-core/1.28.0 Python/3.9.5 (Windows-10-10.0.22631-SP0)
    method: PUT
    uri: https://management.azure.com/subscriptions/00000000-0000-0000-0000-000000000000/resourceGroups/cli_subnet_delegation000001/providers/Microsoft.Network/virtualNetworks/vnet1?api-version=2022-01-01
  response:
    body:
      string: "{\r\n  \"name\": \"vnet1\",\r\n  \"id\": \"/subscriptions/00000000-0000-0000-0000-000000000000/resourceGroups/cli_subnet_delegation000001/providers/Microsoft.Network/virtualNetworks/vnet1\",\r\n
        \ \"etag\": \"W/\\\"168a4bc4-cf1f-4073-baab-ccea0bf3b3c2\\\"\",\r\n  \"type\":
        \"Microsoft.Network/virtualNetworks\",\r\n  \"location\": \"westcentralus\",\r\n
        \ \"properties\": {\r\n    \"provisioningState\": \"Updating\",\r\n    \"resourceGuid\":
        \"02885277-b716-45cd-aa9a-3e2337c2a05f\",\r\n    \"addressSpace\": {\r\n      \"addressPrefixes\":
        [\r\n        \"10.0.0.0/16\"\r\n      ]\r\n    },\r\n    \"subnets\": [],\r\n
        \   \"virtualNetworkPeerings\": [],\r\n    \"enableDdosProtection\": false\r\n
        \ }\r\n}"
    headers:
      azure-asyncnotification:
      - Enabled
      azure-asyncoperation:
      - https://management.azure.com/subscriptions/00000000-0000-0000-0000-000000000000/providers/Microsoft.Network/locations/westcentralus/operations/f38e5c2c-1147-40b6-b770-381ede28c20d?api-version=2022-01-01&t=638476745852985897&c=MIIHADCCBeigAwIBAgITfARk1TE_ZglsTRafPwAABGTVMTANBgkqhkiG9w0BAQsFADBEMRMwEQYKCZImiZPyLGQBGRYDR0JMMRMwEQYKCZImiZPyLGQBGRYDQU1FMRgwFgYDVQQDEw9BTUUgSW5mcmEgQ0EgMDUwHhcNMjQwMTMwMTUwODE5WhcNMjUwMTI0MTUwODE5WjBAMT4wPAYDVQQDEzVhc3luY29wZXJhdGlvbnNpZ25pbmdjZXJ0aWZpY2F0ZS5tYW5hZ2VtZW50LmF6dXJlLmNvbTCCASIwDQYJKoZIhvcNAQEBBQADggEPADCCAQoCggEBAK902W8oGHqHsYxfQcAXt6Ljumrh6DLgGihvCAJqh_U0j8R4Jupt1lXUnhMY-cA7JAT9q7SEoTZskdrko1uzzlaykxYQUacRB8irTYwbgK6DCIqWuOd2G-W2g3eWAyxRb-Dffjnsz-vBsjd1fyP0MvIXDSDMzp2oK65BSxTbBiStV3YxtKZ3eONvKga4d77iEw0zAZHIFkt0PSHzHO7kk-b_trhadwDxPYnjrQOGmouEj7HuNoC8H7-vKZvgbeplfrHtJO9vq0TOUUqIGlT236cbPe62XQNJRim_aa3chEFUmacjUnjEZtgJjup_tDQ0iV_Oe0ZqRBBGzpjoK23Wch0CAwEAAaOCA-0wggPpMCcGCSsGAQQBgjcVCgQaMBgwCgYIKwYBBQUHAwEwCgYIKwYBBQUHAwIwPQYJKwYBBAGCNxUHBDAwLgYmKwYBBAGCNxUIhpDjDYTVtHiE8Ys-hZvdFs6dEoFggvX2K4Py0SACAWQCAQowggHLBggrBgEFBQcBAQSCAb0wggG5MGMGCCsGAQUFBzAChldodHRwOi8vY3JsLm1pY3Jvc29mdC5jb20vcGtpaW5mcmEvQ2VydHMvQ08xUEtJSU5UQ0EwMS5BTUUuR0JMX0FNRSUyMEluZnJhJTIwQ0ElMjAwNS5jcnQwUwYIKwYBBQUHMAKGR2h0dHA6Ly9jcmwxLmFtZS5nYmwvYWlhL0NPMVBLSUlOVENBMDEuQU1FLkdCTF9BTUUlMjBJbmZyYSUyMENBJTIwMDUuY3J0MFMGCCsGAQUFBzAChkdodHRwOi8vY3JsMi5hbWUuZ2JsL2FpYS9DTzFQS0lJTlRDQTAxLkFNRS5HQkxfQU1FJTIwSW5mcmElMjBDQSUyMDA1LmNydDBTBggrBgEFBQcwAoZHaHR0cDovL2NybDMuYW1lLmdibC9haWEvQ08xUEtJSU5UQ0EwMS5BTUUuR0JMX0FNRSUyMEluZnJhJTIwQ0ElMjAwNS5jcnQwUwYIKwYBBQUHMAKGR2h0dHA6Ly9jcmw0LmFtZS5nYmwvYWlhL0NPMVBLSUlOVENBMDEuQU1FLkdCTF9BTUUlMjBJbmZyYSUyMENBJTIwMDUuY3J0MB0GA1UdDgQWBBSnxeoeDA6bR-Af5MXqnvahGPcbyTAOBgNVHQ8BAf8EBAMCBaAwggEmBgNVHR8EggEdMIIBGTCCARWgggERoIIBDYY_aHR0cDovL2NybC5taWNyb3NvZnQuY29tL3BraWluZnJhL0NSTC9BTUUlMjBJbmZyYSUyMENBJTIwMDUuY3JshjFodHRwOi8vY3JsMS5hbWUuZ2JsL2NybC9BTUUlMjBJbmZyYSUyMENBJTIwMDUuY3JshjFodHRwOi8vY3JsMi5hbWUuZ2JsL2NybC9BTUUlMjBJbmZyYSUyMENBJTIwMDUuY3JshjFodHRwOi8vY3JsMy5hbWUuZ2JsL2NybC9BTUUlMjBJbmZyYSUyMENBJTIwMDUuY3JshjFodHRwOi8vY3JsNC5hbWUuZ2JsL2NybC9BTUUlMjBJbmZyYSUyMENBJTIwMDUuY3JsMBcGA1UdIAQQMA4wDAYKKwYBBAGCN3sBATAfBgNVHSMEGDAWgBR61hmFKHlscXYeYPjzS--iBUIWHTAdBgNVHSUEFjAUBggrBgEFBQcDAQYIKwYBBQUHAwIwDQYJKoZIhvcNAQELBQADggEBAGj6QqaLOPa3RZUHMPeeSymifn86nh52yaIojZbdHUiE_o0iWzV-2ZRZOxE2IgkOrAeMYXIUhMoqV7XxTwfpi6zGwrzIeuTWMbNjgzbIZGIMJCbUyNbvEkGqxvBpcwzATT8KQYU2-J2iL5slKYZIACN6THLJn5BI6dAecS1X4PJ5vNAgI8qlsYmnafZSCIrWLUQQUsZeLUaxy3t-hozvyfVe-B-nktPdgNv3-iCsI0AtlvezwfFcJXQHQeNByXg5oxXPIe02On7O1u8swvMta16Va5_kDzD80TS3LYzVk2nzUVxEqPaGhpA-vs_ttjm7hDhYk80OIsQ_YZd286sA58Q&s=OBTfnfR8Omh7Mq89od5usq8t4yc4Za78v6Ts1I0BvQK9VEY-qNBMQgFy_SRaO1kvDIyvDEch1YoeDbzrO6l7L3DMBaMXwSO2WatOxYkZug2JcJn-vB87UutvPjXAyrRyRTYDPUgF0uwEbyHL1bFUFlQVKyNUV-6B3xGRY3BUo0dytd0XF2kiQCGCHrgfT6DuKg89HpIJBwdJsHcAY_gbKuNGwYPXzHzt3aeKIIcICyTRuTf8vlanMSFCGTqSb4b3bOrc4WMdM5ncyHatnmaxOQWbDq1Z-Qaka_FPpivfYsgIF6ERoyKKCCWewhxktzuG3xxd1IjuyRvfctI9j2KLzA&h=g24OVubE01dQ6WkYmLF4nfwVBQRPOUlxEgbexlVYrZc
      cache-control:
      - no-cache
      content-length:
      - '622'
      content-type:
      - application/json; charset=utf-8
      date:
      - Tue, 02 Apr 2024 17:09:45 GMT
      expires:
      - '-1'
      pragma:
      - no-cache
      strict-transport-security:
      - max-age=31536000; includeSubDomains
      x-cache:
      - CONFIG_NOCACHE
      x-content-type-options:
      - nosniff
      x-ms-arm-service-request-id:
      - b69b4ad3-9716-40d6-bb73-caeab4888f07
      x-ms-ratelimit-remaining-subscription-writes:
      - '1197'
      x-msedge-ref:
      - 'Ref A: 952B9CC963E04141ABBF2B026682C75B Ref B: MAA201060515045 Ref C: 2024-04-02T17:09:43Z'
    status:
      code: 201
      message: ''
- request:
    body: null
    headers:
      Accept:
      - '*/*'
      Accept-Encoding:
      - gzip, deflate
      CommandName:
      - network vnet create
      Connection:
      - keep-alive
      ParameterSetName:
      - -g -n -l
      User-Agent:
      - AZURECLI/2.59.0 azsdk-python-core/1.28.0 Python/3.9.5 (Windows-10-10.0.22631-SP0)
    method: GET
    uri: https://management.azure.com/subscriptions/00000000-0000-0000-0000-000000000000/providers/Microsoft.Network/locations/westcentralus/operations/f38e5c2c-1147-40b6-b770-381ede28c20d?api-version=2022-01-01&t=638476745852985897&c=MIIHADCCBeigAwIBAgITfARk1TE_ZglsTRafPwAABGTVMTANBgkqhkiG9w0BAQsFADBEMRMwEQYKCZImiZPyLGQBGRYDR0JMMRMwEQYKCZImiZPyLGQBGRYDQU1FMRgwFgYDVQQDEw9BTUUgSW5mcmEgQ0EgMDUwHhcNMjQwMTMwMTUwODE5WhcNMjUwMTI0MTUwODE5WjBAMT4wPAYDVQQDEzVhc3luY29wZXJhdGlvbnNpZ25pbmdjZXJ0aWZpY2F0ZS5tYW5hZ2VtZW50LmF6dXJlLmNvbTCCASIwDQYJKoZIhvcNAQEBBQADggEPADCCAQoCggEBAK902W8oGHqHsYxfQcAXt6Ljumrh6DLgGihvCAJqh_U0j8R4Jupt1lXUnhMY-cA7JAT9q7SEoTZskdrko1uzzlaykxYQUacRB8irTYwbgK6DCIqWuOd2G-W2g3eWAyxRb-Dffjnsz-vBsjd1fyP0MvIXDSDMzp2oK65BSxTbBiStV3YxtKZ3eONvKga4d77iEw0zAZHIFkt0PSHzHO7kk-b_trhadwDxPYnjrQOGmouEj7HuNoC8H7-vKZvgbeplfrHtJO9vq0TOUUqIGlT236cbPe62XQNJRim_aa3chEFUmacjUnjEZtgJjup_tDQ0iV_Oe0ZqRBBGzpjoK23Wch0CAwEAAaOCA-0wggPpMCcGCSsGAQQBgjcVCgQaMBgwCgYIKwYBBQUHAwEwCgYIKwYBBQUHAwIwPQYJKwYBBAGCNxUHBDAwLgYmKwYBBAGCNxUIhpDjDYTVtHiE8Ys-hZvdFs6dEoFggvX2K4Py0SACAWQCAQowggHLBggrBgEFBQcBAQSCAb0wggG5MGMGCCsGAQUFBzAChldodHRwOi8vY3JsLm1pY3Jvc29mdC5jb20vcGtpaW5mcmEvQ2VydHMvQ08xUEtJSU5UQ0EwMS5BTUUuR0JMX0FNRSUyMEluZnJhJTIwQ0ElMjAwNS5jcnQwUwYIKwYBBQUHMAKGR2h0dHA6Ly9jcmwxLmFtZS5nYmwvYWlhL0NPMVBLSUlOVENBMDEuQU1FLkdCTF9BTUUlMjBJbmZyYSUyMENBJTIwMDUuY3J0MFMGCCsGAQUFBzAChkdodHRwOi8vY3JsMi5hbWUuZ2JsL2FpYS9DTzFQS0lJTlRDQTAxLkFNRS5HQkxfQU1FJTIwSW5mcmElMjBDQSUyMDA1LmNydDBTBggrBgEFBQcwAoZHaHR0cDovL2NybDMuYW1lLmdibC9haWEvQ08xUEtJSU5UQ0EwMS5BTUUuR0JMX0FNRSUyMEluZnJhJTIwQ0ElMjAwNS5jcnQwUwYIKwYBBQUHMAKGR2h0dHA6Ly9jcmw0LmFtZS5nYmwvYWlhL0NPMVBLSUlOVENBMDEuQU1FLkdCTF9BTUUlMjBJbmZyYSUyMENBJTIwMDUuY3J0MB0GA1UdDgQWBBSnxeoeDA6bR-Af5MXqnvahGPcbyTAOBgNVHQ8BAf8EBAMCBaAwggEmBgNVHR8EggEdMIIBGTCCARWgggERoIIBDYY_aHR0cDovL2NybC5taWNyb3NvZnQuY29tL3BraWluZnJhL0NSTC9BTUUlMjBJbmZyYSUyMENBJTIwMDUuY3JshjFodHRwOi8vY3JsMS5hbWUuZ2JsL2NybC9BTUUlMjBJbmZyYSUyMENBJTIwMDUuY3JshjFodHRwOi8vY3JsMi5hbWUuZ2JsL2NybC9BTUUlMjBJbmZyYSUyMENBJTIwMDUuY3JshjFodHRwOi8vY3JsMy5hbWUuZ2JsL2NybC9BTUUlMjBJbmZyYSUyMENBJTIwMDUuY3JshjFodHRwOi8vY3JsNC5hbWUuZ2JsL2NybC9BTUUlMjBJbmZyYSUyMENBJTIwMDUuY3JsMBcGA1UdIAQQMA4wDAYKKwYBBAGCN3sBATAfBgNVHSMEGDAWgBR61hmFKHlscXYeYPjzS--iBUIWHTAdBgNVHSUEFjAUBggrBgEFBQcDAQYIKwYBBQUHAwIwDQYJKoZIhvcNAQELBQADggEBAGj6QqaLOPa3RZUHMPeeSymifn86nh52yaIojZbdHUiE_o0iWzV-2ZRZOxE2IgkOrAeMYXIUhMoqV7XxTwfpi6zGwrzIeuTWMbNjgzbIZGIMJCbUyNbvEkGqxvBpcwzATT8KQYU2-J2iL5slKYZIACN6THLJn5BI6dAecS1X4PJ5vNAgI8qlsYmnafZSCIrWLUQQUsZeLUaxy3t-hozvyfVe-B-nktPdgNv3-iCsI0AtlvezwfFcJXQHQeNByXg5oxXPIe02On7O1u8swvMta16Va5_kDzD80TS3LYzVk2nzUVxEqPaGhpA-vs_ttjm7hDhYk80OIsQ_YZd286sA58Q&s=OBTfnfR8Omh7Mq89od5usq8t4yc4Za78v6Ts1I0BvQK9VEY-qNBMQgFy_SRaO1kvDIyvDEch1YoeDbzrO6l7L3DMBaMXwSO2WatOxYkZug2JcJn-vB87UutvPjXAyrRyRTYDPUgF0uwEbyHL1bFUFlQVKyNUV-6B3xGRY3BUo0dytd0XF2kiQCGCHrgfT6DuKg89HpIJBwdJsHcAY_gbKuNGwYPXzHzt3aeKIIcICyTRuTf8vlanMSFCGTqSb4b3bOrc4WMdM5ncyHatnmaxOQWbDq1Z-Qaka_FPpivfYsgIF6ERoyKKCCWewhxktzuG3xxd1IjuyRvfctI9j2KLzA&h=g24OVubE01dQ6WkYmLF4nfwVBQRPOUlxEgbexlVYrZc
  response:
    body:
      string: "{\r\n  \"status\": \"InProgress\"\r\n}"
    headers:
      cache-control:
      - no-cache
      content-length:
      - '30'
      content-type:
      - application/json; charset=utf-8
      date:
      - Tue, 02 Apr 2024 17:09:46 GMT
      expires:
      - '-1'
      pragma:
      - no-cache
      strict-transport-security:
      - max-age=31536000; includeSubDomains
      x-cache:
      - CONFIG_NOCACHE
      x-content-type-options:
      - nosniff
      x-ms-arm-service-request-id:
      - 925f7bc1-b89e-4952-a524-9aa6954f444b
      x-msedge-ref:
      - 'Ref A: 5AE5FDE803C14957A743A3FCA581D9EB Ref B: MAA201060515045 Ref C: 2024-04-02T17:09:45Z'
    status:
      code: 200
      message: ''
- request:
    body: null
    headers:
      Accept:
      - '*/*'
      Accept-Encoding:
      - gzip, deflate
      CommandName:
      - network vnet create
      Connection:
      - keep-alive
      ParameterSetName:
      - -g -n -l
      User-Agent:
      - AZURECLI/2.59.0 azsdk-python-core/1.28.0 Python/3.9.5 (Windows-10-10.0.22631-SP0)
    method: GET
    uri: https://management.azure.com/subscriptions/00000000-0000-0000-0000-000000000000/providers/Microsoft.Network/locations/westcentralus/operations/f38e5c2c-1147-40b6-b770-381ede28c20d?api-version=2022-01-01&t=638476745852985897&c=MIIHADCCBeigAwIBAgITfARk1TE_ZglsTRafPwAABGTVMTANBgkqhkiG9w0BAQsFADBEMRMwEQYKCZImiZPyLGQBGRYDR0JMMRMwEQYKCZImiZPyLGQBGRYDQU1FMRgwFgYDVQQDEw9BTUUgSW5mcmEgQ0EgMDUwHhcNMjQwMTMwMTUwODE5WhcNMjUwMTI0MTUwODE5WjBAMT4wPAYDVQQDEzVhc3luY29wZXJhdGlvbnNpZ25pbmdjZXJ0aWZpY2F0ZS5tYW5hZ2VtZW50LmF6dXJlLmNvbTCCASIwDQYJKoZIhvcNAQEBBQADggEPADCCAQoCggEBAK902W8oGHqHsYxfQcAXt6Ljumrh6DLgGihvCAJqh_U0j8R4Jupt1lXUnhMY-cA7JAT9q7SEoTZskdrko1uzzlaykxYQUacRB8irTYwbgK6DCIqWuOd2G-W2g3eWAyxRb-Dffjnsz-vBsjd1fyP0MvIXDSDMzp2oK65BSxTbBiStV3YxtKZ3eONvKga4d77iEw0zAZHIFkt0PSHzHO7kk-b_trhadwDxPYnjrQOGmouEj7HuNoC8H7-vKZvgbeplfrHtJO9vq0TOUUqIGlT236cbPe62XQNJRim_aa3chEFUmacjUnjEZtgJjup_tDQ0iV_Oe0ZqRBBGzpjoK23Wch0CAwEAAaOCA-0wggPpMCcGCSsGAQQBgjcVCgQaMBgwCgYIKwYBBQUHAwEwCgYIKwYBBQUHAwIwPQYJKwYBBAGCNxUHBDAwLgYmKwYBBAGCNxUIhpDjDYTVtHiE8Ys-hZvdFs6dEoFggvX2K4Py0SACAWQCAQowggHLBggrBgEFBQcBAQSCAb0wggG5MGMGCCsGAQUFBzAChldodHRwOi8vY3JsLm1pY3Jvc29mdC5jb20vcGtpaW5mcmEvQ2VydHMvQ08xUEtJSU5UQ0EwMS5BTUUuR0JMX0FNRSUyMEluZnJhJTIwQ0ElMjAwNS5jcnQwUwYIKwYBBQUHMAKGR2h0dHA6Ly9jcmwxLmFtZS5nYmwvYWlhL0NPMVBLSUlOVENBMDEuQU1FLkdCTF9BTUUlMjBJbmZyYSUyMENBJTIwMDUuY3J0MFMGCCsGAQUFBzAChkdodHRwOi8vY3JsMi5hbWUuZ2JsL2FpYS9DTzFQS0lJTlRDQTAxLkFNRS5HQkxfQU1FJTIwSW5mcmElMjBDQSUyMDA1LmNydDBTBggrBgEFBQcwAoZHaHR0cDovL2NybDMuYW1lLmdibC9haWEvQ08xUEtJSU5UQ0EwMS5BTUUuR0JMX0FNRSUyMEluZnJhJTIwQ0ElMjAwNS5jcnQwUwYIKwYBBQUHMAKGR2h0dHA6Ly9jcmw0LmFtZS5nYmwvYWlhL0NPMVBLSUlOVENBMDEuQU1FLkdCTF9BTUUlMjBJbmZyYSUyMENBJTIwMDUuY3J0MB0GA1UdDgQWBBSnxeoeDA6bR-Af5MXqnvahGPcbyTAOBgNVHQ8BAf8EBAMCBaAwggEmBgNVHR8EggEdMIIBGTCCARWgggERoIIBDYY_aHR0cDovL2NybC5taWNyb3NvZnQuY29tL3BraWluZnJhL0NSTC9BTUUlMjBJbmZyYSUyMENBJTIwMDUuY3JshjFodHRwOi8vY3JsMS5hbWUuZ2JsL2NybC9BTUUlMjBJbmZyYSUyMENBJTIwMDUuY3JshjFodHRwOi8vY3JsMi5hbWUuZ2JsL2NybC9BTUUlMjBJbmZyYSUyMENBJTIwMDUuY3JshjFodHRwOi8vY3JsMy5hbWUuZ2JsL2NybC9BTUUlMjBJbmZyYSUyMENBJTIwMDUuY3JshjFodHRwOi8vY3JsNC5hbWUuZ2JsL2NybC9BTUUlMjBJbmZyYSUyMENBJTIwMDUuY3JsMBcGA1UdIAQQMA4wDAYKKwYBBAGCN3sBATAfBgNVHSMEGDAWgBR61hmFKHlscXYeYPjzS--iBUIWHTAdBgNVHSUEFjAUBggrBgEFBQcDAQYIKwYBBQUHAwIwDQYJKoZIhvcNAQELBQADggEBAGj6QqaLOPa3RZUHMPeeSymifn86nh52yaIojZbdHUiE_o0iWzV-2ZRZOxE2IgkOrAeMYXIUhMoqV7XxTwfpi6zGwrzIeuTWMbNjgzbIZGIMJCbUyNbvEkGqxvBpcwzATT8KQYU2-J2iL5slKYZIACN6THLJn5BI6dAecS1X4PJ5vNAgI8qlsYmnafZSCIrWLUQQUsZeLUaxy3t-hozvyfVe-B-nktPdgNv3-iCsI0AtlvezwfFcJXQHQeNByXg5oxXPIe02On7O1u8swvMta16Va5_kDzD80TS3LYzVk2nzUVxEqPaGhpA-vs_ttjm7hDhYk80OIsQ_YZd286sA58Q&s=OBTfnfR8Omh7Mq89od5usq8t4yc4Za78v6Ts1I0BvQK9VEY-qNBMQgFy_SRaO1kvDIyvDEch1YoeDbzrO6l7L3DMBaMXwSO2WatOxYkZug2JcJn-vB87UutvPjXAyrRyRTYDPUgF0uwEbyHL1bFUFlQVKyNUV-6B3xGRY3BUo0dytd0XF2kiQCGCHrgfT6DuKg89HpIJBwdJsHcAY_gbKuNGwYPXzHzt3aeKIIcICyTRuTf8vlanMSFCGTqSb4b3bOrc4WMdM5ncyHatnmaxOQWbDq1Z-Qaka_FPpivfYsgIF6ERoyKKCCWewhxktzuG3xxd1IjuyRvfctI9j2KLzA&h=g24OVubE01dQ6WkYmLF4nfwVBQRPOUlxEgbexlVYrZc
  response:
    body:
      string: "{\r\n  \"status\": \"Succeeded\"\r\n}"
    headers:
      cache-control:
      - no-cache
      content-length:
      - '29'
      content-type:
      - application/json; charset=utf-8
      date:
      - Tue, 02 Apr 2024 17:09:57 GMT
      expires:
      - '-1'
      pragma:
      - no-cache
      strict-transport-security:
      - max-age=31536000; includeSubDomains
      x-cache:
      - CONFIG_NOCACHE
      x-content-type-options:
      - nosniff
      x-ms-arm-service-request-id:
      - dbdb3214-26c1-4b72-809a-5aa9d6dca741
      x-msedge-ref:
      - 'Ref A: 7B72F09FD17043DE8CA1157A5C18A39E Ref B: MAA201060515045 Ref C: 2024-04-02T17:09:56Z'
    status:
      code: 200
      message: ''
- request:
    body: null
    headers:
      Accept:
      - '*/*'
      Accept-Encoding:
      - gzip, deflate
      CommandName:
      - network vnet create
      Connection:
      - keep-alive
      ParameterSetName:
      - -g -n -l
      User-Agent:
      - AZURECLI/2.59.0 azsdk-python-core/1.28.0 Python/3.9.5 (Windows-10-10.0.22631-SP0)
    method: GET
    uri: https://management.azure.com/subscriptions/00000000-0000-0000-0000-000000000000/resourceGroups/cli_subnet_delegation000001/providers/Microsoft.Network/virtualNetworks/vnet1?api-version=2022-01-01
  response:
    body:
      string: "{\r\n  \"name\": \"vnet1\",\r\n  \"id\": \"/subscriptions/00000000-0000-0000-0000-000000000000/resourceGroups/cli_subnet_delegation000001/providers/Microsoft.Network/virtualNetworks/vnet1\",\r\n
        \ \"etag\": \"W/\\\"2c2b6222-f025-4859-9f5a-8f43b65cb528\\\"\",\r\n  \"type\":
        \"Microsoft.Network/virtualNetworks\",\r\n  \"location\": \"westcentralus\",\r\n
        \ \"properties\": {\r\n    \"provisioningState\": \"Succeeded\",\r\n    \"resourceGuid\":
        \"02885277-b716-45cd-aa9a-3e2337c2a05f\",\r\n    \"addressSpace\": {\r\n      \"addressPrefixes\":
        [\r\n        \"10.0.0.0/16\"\r\n      ]\r\n    },\r\n    \"subnets\": [],\r\n
        \   \"virtualNetworkPeerings\": [],\r\n    \"enableDdosProtection\": false\r\n
        \ }\r\n}"
    headers:
      cache-control:
      - no-cache
      content-length:
      - '623'
      content-type:
      - application/json; charset=utf-8
      date:
      - Tue, 02 Apr 2024 17:09:58 GMT
      etag:
      - W/"2c2b6222-f025-4859-9f5a-8f43b65cb528"
      expires:
      - '-1'
      pragma:
      - no-cache
      strict-transport-security:
      - max-age=31536000; includeSubDomains
      x-cache:
      - CONFIG_NOCACHE
      x-content-type-options:
      - nosniff
      x-ms-arm-service-request-id:
      - 7d97d970-a94d-4354-9d1f-c587fd1dd492
      x-msedge-ref:
      - 'Ref A: 759F9FD626904CE5BC92D9FD0BF7623D Ref B: MAA201060515045 Ref C: 2024-04-02T17:09:57Z'
    status:
      code: 200
      message: ''
- request:
    body: '{"name": "subnet1", "properties": {"addressPrefix": "10.0.0.0/24", "delegations":
      [{"name": "0", "properties": {"serviceName": "Microsoft.Web/serverFarms"}}],
      "privateEndpointNetworkPolicies": "Disabled", "privateLinkServiceNetworkPolicies":
      "Enabled"}}'
    headers:
      Accept:
      - application/json
      Accept-Encoding:
      - gzip, deflate
      CommandName:
      - network vnet subnet create
      Connection:
      - keep-alive
      Content-Length:
      - '253'
      Content-Type:
      - application/json
      ParameterSetName:
      - -g --vnet-name -n --address-prefix --delegations
      User-Agent:
      - AZURECLI/2.59.0 azsdk-python-core/1.28.0 Python/3.9.5 (Windows-10-10.0.22631-SP0)
    method: PUT
    uri: https://management.azure.com/subscriptions/00000000-0000-0000-0000-000000000000/resourceGroups/cli_subnet_delegation000001/providers/Microsoft.Network/virtualNetworks/vnet1/subnets/subnet1?api-version=2023-11-01
  response:
    body:
      string: '{"name":"subnet1","id":"/subscriptions/00000000-0000-0000-0000-000000000000/resourceGroups/cli_subnet_delegation000001/providers/Microsoft.Network/virtualNetworks/vnet1/subnets/subnet1","etag":"W/\"aa928ace-ac81-4d56-99ac-b19ba6f9cc74\"","properties":{"provisioningState":"Updating","addressPrefix":"10.0.0.0/24","delegations":[{"name":"0","id":"/subscriptions/00000000-0000-0000-0000-000000000000/resourceGroups/cli_subnet_delegation000001/providers/Microsoft.Network/virtualNetworks/vnet1/subnets/subnet1/delegations/0","etag":"W/\"aa928ace-ac81-4d56-99ac-b19ba6f9cc74\"","properties":{"provisioningState":"Succeeded","serviceName":"Microsoft.Web/serverFarms","actions":["Microsoft.Network/virtualNetworks/subnets/action"]},"type":"Microsoft.Network/virtualNetworks/subnets/delegations"}],"privateEndpointNetworkPolicies":"Disabled","privateLinkServiceNetworkPolicies":"Enabled"},"type":"Microsoft.Network/virtualNetworks/subnets"}'
    headers:
      azure-asyncnotification:
      - Enabled
      azure-asyncoperation:
      - https://management.azure.com/subscriptions/00000000-0000-0000-0000-000000000000/providers/Microsoft.Network/locations/westcentralus/operations/78f7b54c-0714-4184-b7f1-514a46bab559?api-version=2023-11-01&t=638476746004871713&c=MIIHADCCBeigAwIBAgITfARk1TE_ZglsTRafPwAABGTVMTANBgkqhkiG9w0BAQsFADBEMRMwEQYKCZImiZPyLGQBGRYDR0JMMRMwEQYKCZImiZPyLGQBGRYDQU1FMRgwFgYDVQQDEw9BTUUgSW5mcmEgQ0EgMDUwHhcNMjQwMTMwMTUwODE5WhcNMjUwMTI0MTUwODE5WjBAMT4wPAYDVQQDEzVhc3luY29wZXJhdGlvbnNpZ25pbmdjZXJ0aWZpY2F0ZS5tYW5hZ2VtZW50LmF6dXJlLmNvbTCCASIwDQYJKoZIhvcNAQEBBQADggEPADCCAQoCggEBAK902W8oGHqHsYxfQcAXt6Ljumrh6DLgGihvCAJqh_U0j8R4Jupt1lXUnhMY-cA7JAT9q7SEoTZskdrko1uzzlaykxYQUacRB8irTYwbgK6DCIqWuOd2G-W2g3eWAyxRb-Dffjnsz-vBsjd1fyP0MvIXDSDMzp2oK65BSxTbBiStV3YxtKZ3eONvKga4d77iEw0zAZHIFkt0PSHzHO7kk-b_trhadwDxPYnjrQOGmouEj7HuNoC8H7-vKZvgbeplfrHtJO9vq0TOUUqIGlT236cbPe62XQNJRim_aa3chEFUmacjUnjEZtgJjup_tDQ0iV_Oe0ZqRBBGzpjoK23Wch0CAwEAAaOCA-0wggPpMCcGCSsGAQQBgjcVCgQaMBgwCgYIKwYBBQUHAwEwCgYIKwYBBQUHAwIwPQYJKwYBBAGCNxUHBDAwLgYmKwYBBAGCNxUIhpDjDYTVtHiE8Ys-hZvdFs6dEoFggvX2K4Py0SACAWQCAQowggHLBggrBgEFBQcBAQSCAb0wggG5MGMGCCsGAQUFBzAChldodHRwOi8vY3JsLm1pY3Jvc29mdC5jb20vcGtpaW5mcmEvQ2VydHMvQ08xUEtJSU5UQ0EwMS5BTUUuR0JMX0FNRSUyMEluZnJhJTIwQ0ElMjAwNS5jcnQwUwYIKwYBBQUHMAKGR2h0dHA6Ly9jcmwxLmFtZS5nYmwvYWlhL0NPMVBLSUlOVENBMDEuQU1FLkdCTF9BTUUlMjBJbmZyYSUyMENBJTIwMDUuY3J0MFMGCCsGAQUFBzAChkdodHRwOi8vY3JsMi5hbWUuZ2JsL2FpYS9DTzFQS0lJTlRDQTAxLkFNRS5HQkxfQU1FJTIwSW5mcmElMjBDQSUyMDA1LmNydDBTBggrBgEFBQcwAoZHaHR0cDovL2NybDMuYW1lLmdibC9haWEvQ08xUEtJSU5UQ0EwMS5BTUUuR0JMX0FNRSUyMEluZnJhJTIwQ0ElMjAwNS5jcnQwUwYIKwYBBQUHMAKGR2h0dHA6Ly9jcmw0LmFtZS5nYmwvYWlhL0NPMVBLSUlOVENBMDEuQU1FLkdCTF9BTUUlMjBJbmZyYSUyMENBJTIwMDUuY3J0MB0GA1UdDgQWBBSnxeoeDA6bR-Af5MXqnvahGPcbyTAOBgNVHQ8BAf8EBAMCBaAwggEmBgNVHR8EggEdMIIBGTCCARWgggERoIIBDYY_aHR0cDovL2NybC5taWNyb3NvZnQuY29tL3BraWluZnJhL0NSTC9BTUUlMjBJbmZyYSUyMENBJTIwMDUuY3JshjFodHRwOi8vY3JsMS5hbWUuZ2JsL2NybC9BTUUlMjBJbmZyYSUyMENBJTIwMDUuY3JshjFodHRwOi8vY3JsMi5hbWUuZ2JsL2NybC9BTUUlMjBJbmZyYSUyMENBJTIwMDUuY3JshjFodHRwOi8vY3JsMy5hbWUuZ2JsL2NybC9BTUUlMjBJbmZyYSUyMENBJTIwMDUuY3JshjFodHRwOi8vY3JsNC5hbWUuZ2JsL2NybC9BTUUlMjBJbmZyYSUyMENBJTIwMDUuY3JsMBcGA1UdIAQQMA4wDAYKKwYBBAGCN3sBATAfBgNVHSMEGDAWgBR61hmFKHlscXYeYPjzS--iBUIWHTAdBgNVHSUEFjAUBggrBgEFBQcDAQYIKwYBBQUHAwIwDQYJKoZIhvcNAQELBQADggEBAGj6QqaLOPa3RZUHMPeeSymifn86nh52yaIojZbdHUiE_o0iWzV-2ZRZOxE2IgkOrAeMYXIUhMoqV7XxTwfpi6zGwrzIeuTWMbNjgzbIZGIMJCbUyNbvEkGqxvBpcwzATT8KQYU2-J2iL5slKYZIACN6THLJn5BI6dAecS1X4PJ5vNAgI8qlsYmnafZSCIrWLUQQUsZeLUaxy3t-hozvyfVe-B-nktPdgNv3-iCsI0AtlvezwfFcJXQHQeNByXg5oxXPIe02On7O1u8swvMta16Va5_kDzD80TS3LYzVk2nzUVxEqPaGhpA-vs_ttjm7hDhYk80OIsQ_YZd286sA58Q&s=jdEuJzkqjoOL7oeHu2zu3tEDaZy9rr9GzjSz5Tsbq4dRg1EPHDK-SNF6FnqzrshmqD38Nk_VHhecEZzGS7G-L3P6Cxv_ItHBUfpBX5hydKEDHL8OxW_hfBl_7vQeVuUmyh1CPk9jAOqfU_AbdCU4SSnDLaeexBK49zY5WZNGu3RS4bp7vXR463wQ4rbAyC27qBiQ2Ddsvk-98qLQVDEm14Yr-gMtFE_R0cSE_wBBMs2FMawk6ticdJs2OYWyNl8896tCygYMFbmhaKEamGA9b8Ud_QpPFQCv_J92KJYmg6mO3-UWN60y1mlTE1Mq-5JcEG3T9qWDIVk1aj6zQrf80A&h=NV477ALivYYwXRJBQ4rau7p2werSsyXSDTqENLK3f7I
      cache-control:
      - no-cache
      content-length:
      - '933'
      content-type:
      - application/json; charset=utf-8
      date:
      - Tue, 02 Apr 2024 17:10:00 GMT
      expires:
      - '-1'
      pragma:
      - no-cache
      strict-transport-security:
      - max-age=31536000; includeSubDomains
      x-cache:
      - CONFIG_NOCACHE
      x-content-type-options:
      - nosniff
      x-ms-arm-service-request-id:
      - 359ce2b1-fcd5-4954-b871-b14ab837b4e4
      x-ms-ratelimit-remaining-subscription-writes:
      - '1197'
      x-msedge-ref:
      - 'Ref A: 2C83C1A9996340BF965792AFD70A9375 Ref B: MAA201060514053 Ref C: 2024-04-02T17:09:59Z'
    status:
      code: 201
      message: ''
- request:
    body: null
    headers:
      Accept:
      - '*/*'
      Accept-Encoding:
      - gzip, deflate
      CommandName:
      - network vnet subnet create
      Connection:
      - keep-alive
      ParameterSetName:
      - -g --vnet-name -n --address-prefix --delegations
      User-Agent:
      - AZURECLI/2.59.0 azsdk-python-core/1.28.0 Python/3.9.5 (Windows-10-10.0.22631-SP0)
    method: GET
    uri: https://management.azure.com/subscriptions/00000000-0000-0000-0000-000000000000/providers/Microsoft.Network/locations/westcentralus/operations/78f7b54c-0714-4184-b7f1-514a46bab559?api-version=2023-11-01&t=638476746004871713&c=MIIHADCCBeigAwIBAgITfARk1TE_ZglsTRafPwAABGTVMTANBgkqhkiG9w0BAQsFADBEMRMwEQYKCZImiZPyLGQBGRYDR0JMMRMwEQYKCZImiZPyLGQBGRYDQU1FMRgwFgYDVQQDEw9BTUUgSW5mcmEgQ0EgMDUwHhcNMjQwMTMwMTUwODE5WhcNMjUwMTI0MTUwODE5WjBAMT4wPAYDVQQDEzVhc3luY29wZXJhdGlvbnNpZ25pbmdjZXJ0aWZpY2F0ZS5tYW5hZ2VtZW50LmF6dXJlLmNvbTCCASIwDQYJKoZIhvcNAQEBBQADggEPADCCAQoCggEBAK902W8oGHqHsYxfQcAXt6Ljumrh6DLgGihvCAJqh_U0j8R4Jupt1lXUnhMY-cA7JAT9q7SEoTZskdrko1uzzlaykxYQUacRB8irTYwbgK6DCIqWuOd2G-W2g3eWAyxRb-Dffjnsz-vBsjd1fyP0MvIXDSDMzp2oK65BSxTbBiStV3YxtKZ3eONvKga4d77iEw0zAZHIFkt0PSHzHO7kk-b_trhadwDxPYnjrQOGmouEj7HuNoC8H7-vKZvgbeplfrHtJO9vq0TOUUqIGlT236cbPe62XQNJRim_aa3chEFUmacjUnjEZtgJjup_tDQ0iV_Oe0ZqRBBGzpjoK23Wch0CAwEAAaOCA-0wggPpMCcGCSsGAQQBgjcVCgQaMBgwCgYIKwYBBQUHAwEwCgYIKwYBBQUHAwIwPQYJKwYBBAGCNxUHBDAwLgYmKwYBBAGCNxUIhpDjDYTVtHiE8Ys-hZvdFs6dEoFggvX2K4Py0SACAWQCAQowggHLBggrBgEFBQcBAQSCAb0wggG5MGMGCCsGAQUFBzAChldodHRwOi8vY3JsLm1pY3Jvc29mdC5jb20vcGtpaW5mcmEvQ2VydHMvQ08xUEtJSU5UQ0EwMS5BTUUuR0JMX0FNRSUyMEluZnJhJTIwQ0ElMjAwNS5jcnQwUwYIKwYBBQUHMAKGR2h0dHA6Ly9jcmwxLmFtZS5nYmwvYWlhL0NPMVBLSUlOVENBMDEuQU1FLkdCTF9BTUUlMjBJbmZyYSUyMENBJTIwMDUuY3J0MFMGCCsGAQUFBzAChkdodHRwOi8vY3JsMi5hbWUuZ2JsL2FpYS9DTzFQS0lJTlRDQTAxLkFNRS5HQkxfQU1FJTIwSW5mcmElMjBDQSUyMDA1LmNydDBTBggrBgEFBQcwAoZHaHR0cDovL2NybDMuYW1lLmdibC9haWEvQ08xUEtJSU5UQ0EwMS5BTUUuR0JMX0FNRSUyMEluZnJhJTIwQ0ElMjAwNS5jcnQwUwYIKwYBBQUHMAKGR2h0dHA6Ly9jcmw0LmFtZS5nYmwvYWlhL0NPMVBLSUlOVENBMDEuQU1FLkdCTF9BTUUlMjBJbmZyYSUyMENBJTIwMDUuY3J0MB0GA1UdDgQWBBSnxeoeDA6bR-Af5MXqnvahGPcbyTAOBgNVHQ8BAf8EBAMCBaAwggEmBgNVHR8EggEdMIIBGTCCARWgggERoIIBDYY_aHR0cDovL2NybC5taWNyb3NvZnQuY29tL3BraWluZnJhL0NSTC9BTUUlMjBJbmZyYSUyMENBJTIwMDUuY3JshjFodHRwOi8vY3JsMS5hbWUuZ2JsL2NybC9BTUUlMjBJbmZyYSUyMENBJTIwMDUuY3JshjFodHRwOi8vY3JsMi5hbWUuZ2JsL2NybC9BTUUlMjBJbmZyYSUyMENBJTIwMDUuY3JshjFodHRwOi8vY3JsMy5hbWUuZ2JsL2NybC9BTUUlMjBJbmZyYSUyMENBJTIwMDUuY3JshjFodHRwOi8vY3JsNC5hbWUuZ2JsL2NybC9BTUUlMjBJbmZyYSUyMENBJTIwMDUuY3JsMBcGA1UdIAQQMA4wDAYKKwYBBAGCN3sBATAfBgNVHSMEGDAWgBR61hmFKHlscXYeYPjzS--iBUIWHTAdBgNVHSUEFjAUBggrBgEFBQcDAQYIKwYBBQUHAwIwDQYJKoZIhvcNAQELBQADggEBAGj6QqaLOPa3RZUHMPeeSymifn86nh52yaIojZbdHUiE_o0iWzV-2ZRZOxE2IgkOrAeMYXIUhMoqV7XxTwfpi6zGwrzIeuTWMbNjgzbIZGIMJCbUyNbvEkGqxvBpcwzATT8KQYU2-J2iL5slKYZIACN6THLJn5BI6dAecS1X4PJ5vNAgI8qlsYmnafZSCIrWLUQQUsZeLUaxy3t-hozvyfVe-B-nktPdgNv3-iCsI0AtlvezwfFcJXQHQeNByXg5oxXPIe02On7O1u8swvMta16Va5_kDzD80TS3LYzVk2nzUVxEqPaGhpA-vs_ttjm7hDhYk80OIsQ_YZd286sA58Q&s=jdEuJzkqjoOL7oeHu2zu3tEDaZy9rr9GzjSz5Tsbq4dRg1EPHDK-SNF6FnqzrshmqD38Nk_VHhecEZzGS7G-L3P6Cxv_ItHBUfpBX5hydKEDHL8OxW_hfBl_7vQeVuUmyh1CPk9jAOqfU_AbdCU4SSnDLaeexBK49zY5WZNGu3RS4bp7vXR463wQ4rbAyC27qBiQ2Ddsvk-98qLQVDEm14Yr-gMtFE_R0cSE_wBBMs2FMawk6ticdJs2OYWyNl8896tCygYMFbmhaKEamGA9b8Ud_QpPFQCv_J92KJYmg6mO3-UWN60y1mlTE1Mq-5JcEG3T9qWDIVk1aj6zQrf80A&h=NV477ALivYYwXRJBQ4rau7p2werSsyXSDTqENLK3f7I
  response:
    body:
      string: '{"status":"Succeeded"}'
    headers:
      cache-control:
      - no-cache
      content-length:
      - '22'
      content-type:
      - application/json; charset=utf-8
      date:
      - Tue, 02 Apr 2024 17:10:00 GMT
      expires:
      - '-1'
      pragma:
      - no-cache
      strict-transport-security:
      - max-age=31536000; includeSubDomains
      x-cache:
      - CONFIG_NOCACHE
      x-content-type-options:
      - nosniff
      x-ms-arm-service-request-id:
      - 395e41fa-61e5-4e5b-a2c5-899131546af5
      x-msedge-ref:
      - 'Ref A: 9303B2D77D2B45C39E037C6EEC6DAE28 Ref B: MAA201060514053 Ref C: 2024-04-02T17:10:00Z'
    status:
      code: 200
      message: ''
- request:
    body: null
    headers:
      Accept:
      - '*/*'
      Accept-Encoding:
      - gzip, deflate
      CommandName:
      - network vnet subnet create
      Connection:
      - keep-alive
      ParameterSetName:
      - -g --vnet-name -n --address-prefix --delegations
      User-Agent:
      - AZURECLI/2.59.0 azsdk-python-core/1.28.0 Python/3.9.5 (Windows-10-10.0.22631-SP0)
    method: GET
    uri: https://management.azure.com/subscriptions/00000000-0000-0000-0000-000000000000/resourceGroups/cli_subnet_delegation000001/providers/Microsoft.Network/virtualNetworks/vnet1/subnets/subnet1?api-version=2023-11-01
  response:
    body:
      string: '{"name":"subnet1","id":"/subscriptions/00000000-0000-0000-0000-000000000000/resourceGroups/cli_subnet_delegation000001/providers/Microsoft.Network/virtualNetworks/vnet1/subnets/subnet1","etag":"W/\"0dca876d-05cb-42ab-b777-053057e7fd03\"","properties":{"provisioningState":"Succeeded","addressPrefix":"10.0.0.0/24","delegations":[{"name":"0","id":"/subscriptions/00000000-0000-0000-0000-000000000000/resourceGroups/cli_subnet_delegation000001/providers/Microsoft.Network/virtualNetworks/vnet1/subnets/subnet1/delegations/0","etag":"W/\"0dca876d-05cb-42ab-b777-053057e7fd03\"","properties":{"provisioningState":"Succeeded","serviceName":"Microsoft.Web/serverFarms","actions":["Microsoft.Network/virtualNetworks/subnets/action"]},"type":"Microsoft.Network/virtualNetworks/subnets/delegations"}],"privateEndpointNetworkPolicies":"Disabled","privateLinkServiceNetworkPolicies":"Enabled"},"type":"Microsoft.Network/virtualNetworks/subnets"}'
    headers:
      cache-control:
      - no-cache
      content-length:
      - '934'
      content-type:
      - application/json; charset=utf-8
      date:
      - Tue, 02 Apr 2024 17:10:01 GMT
      etag:
      - W/"0dca876d-05cb-42ab-b777-053057e7fd03"
      expires:
      - '-1'
      pragma:
      - no-cache
      strict-transport-security:
      - max-age=31536000; includeSubDomains
      x-cache:
      - CONFIG_NOCACHE
      x-content-type-options:
      - nosniff
      x-ms-arm-service-request-id:
      - 8979594c-18d0-43bf-ac0d-29dca235532b
      x-msedge-ref:
      - 'Ref A: B26873C7C5774E4FBD12D91A7F08EF2D Ref B: MAA201060514053 Ref C: 2024-04-02T17:10:01Z'
    status:
      code: 200
      message: ''
- request:
    body: null
    headers:
      Accept:
      - application/json
      Accept-Encoding:
      - gzip, deflate
      CommandName:
      - network vnet subnet update
      Connection:
      - keep-alive
      ParameterSetName:
      - -g --vnet-name -n --delegations
      User-Agent:
      - AZURECLI/2.59.0 azsdk-python-core/1.28.0 Python/3.9.5 (Windows-10-10.0.22631-SP0)
    method: GET
    uri: https://management.azure.com/subscriptions/00000000-0000-0000-0000-000000000000/resourceGroups/cli_subnet_delegation000001/providers/Microsoft.Network/virtualNetworks/vnet1/subnets/subnet1?api-version=2023-11-01
  response:
    body:
      string: '{"name":"subnet1","id":"/subscriptions/00000000-0000-0000-0000-000000000000/resourceGroups/cli_subnet_delegation000001/providers/Microsoft.Network/virtualNetworks/vnet1/subnets/subnet1","etag":"W/\"0dca876d-05cb-42ab-b777-053057e7fd03\"","properties":{"provisioningState":"Succeeded","addressPrefix":"10.0.0.0/24","delegations":[{"name":"0","id":"/subscriptions/00000000-0000-0000-0000-000000000000/resourceGroups/cli_subnet_delegation000001/providers/Microsoft.Network/virtualNetworks/vnet1/subnets/subnet1/delegations/0","etag":"W/\"0dca876d-05cb-42ab-b777-053057e7fd03\"","properties":{"provisioningState":"Succeeded","serviceName":"Microsoft.Web/serverFarms","actions":["Microsoft.Network/virtualNetworks/subnets/action"]},"type":"Microsoft.Network/virtualNetworks/subnets/delegations"}],"privateEndpointNetworkPolicies":"Disabled","privateLinkServiceNetworkPolicies":"Enabled"},"type":"Microsoft.Network/virtualNetworks/subnets"}'
    headers:
      cache-control:
      - no-cache
      content-length:
      - '934'
      content-type:
      - application/json; charset=utf-8
      date:
      - Tue, 02 Apr 2024 17:10:03 GMT
      etag:
      - W/"0dca876d-05cb-42ab-b777-053057e7fd03"
      expires:
      - '-1'
      pragma:
      - no-cache
      strict-transport-security:
      - max-age=31536000; includeSubDomains
      x-cache:
      - CONFIG_NOCACHE
      x-content-type-options:
      - nosniff
      x-ms-arm-service-request-id:
      - 69f23bf3-3182-4e9d-a36b-a43ecd90bf95
      x-msedge-ref:
      - 'Ref A: 85166D24B3C642CE92627A4F4C842C78 Ref B: MAA201060513039 Ref C: 2024-04-02T17:10:03Z'
    status:
      code: 200
      message: ''
- request:
    body: '{"id": "/subscriptions/00000000-0000-0000-0000-000000000000/resourceGroups/cli_subnet_delegation000001/providers/Microsoft.Network/virtualNetworks/vnet1/subnets/subnet1",
      "name": "subnet1", "properties": {"addressPrefix": "10.0.0.0/24", "delegations":
      [{"name": "0", "properties": {"serviceName": "Microsoft.Sql/managedInstances"}}],
      "privateEndpointNetworkPolicies": "Disabled", "privateLinkServiceNetworkPolicies":
      "Enabled"}, "type": "Microsoft.Network/virtualNetworks/subnets"}'
    headers:
      Accept:
      - application/json
      Accept-Encoding:
      - gzip, deflate
      CommandName:
      - network vnet subnet update
      Connection:
      - keep-alive
      Content-Length:
      - '481'
      Content-Type:
      - application/json
      ParameterSetName:
      - -g --vnet-name -n --delegations
      User-Agent:
      - AZURECLI/2.59.0 azsdk-python-core/1.28.0 Python/3.9.5 (Windows-10-10.0.22631-SP0)
    method: PUT
    uri: https://management.azure.com/subscriptions/00000000-0000-0000-0000-000000000000/resourceGroups/cli_subnet_delegation000001/providers/Microsoft.Network/virtualNetworks/vnet1/subnets/subnet1?api-version=2023-11-01
  response:
    body:
      string: '{"name":"subnet1","id":"/subscriptions/00000000-0000-0000-0000-000000000000/resourceGroups/cli_subnet_delegation000001/providers/Microsoft.Network/virtualNetworks/vnet1/subnets/subnet1","etag":"W/\"e0314361-f8b6-4ae5-b468-7be88362c151\"","properties":{"provisioningState":"Updating","addressPrefix":"10.0.0.0/24","delegations":[{"name":"0","id":"/subscriptions/00000000-0000-0000-0000-000000000000/resourceGroups/cli_subnet_delegation000001/providers/Microsoft.Network/virtualNetworks/vnet1/subnets/subnet1/delegations/0","etag":"W/\"e0314361-f8b6-4ae5-b468-7be88362c151\"","properties":{"provisioningState":"Succeeded","serviceName":"Microsoft.Sql/managedInstances","actions":["Microsoft.Network/virtualNetworks/subnets/join/action","Microsoft.Network/virtualNetworks/subnets/prepareNetworkPolicies/action","Microsoft.Network/virtualNetworks/subnets/unprepareNetworkPolicies/action"]},"type":"Microsoft.Network/virtualNetworks/subnets/delegations"}],"privateEndpointNetworkPolicies":"Disabled","privateLinkServiceNetworkPolicies":"Enabled"},"type":"Microsoft.Network/virtualNetworks/subnets"}'
    headers:
      azure-asyncnotification:
      - Enabled
      azure-asyncoperation:
      - https://management.azure.com/subscriptions/00000000-0000-0000-0000-000000000000/providers/Microsoft.Network/locations/westcentralus/operations/98dcb109-6793-4d98-bb6b-e642a4ce8f8c?api-version=2023-11-01&t=638476746052604191&c=MIIHADCCBeigAwIBAgITfARk1TE_ZglsTRafPwAABGTVMTANBgkqhkiG9w0BAQsFADBEMRMwEQYKCZImiZPyLGQBGRYDR0JMMRMwEQYKCZImiZPyLGQBGRYDQU1FMRgwFgYDVQQDEw9BTUUgSW5mcmEgQ0EgMDUwHhcNMjQwMTMwMTUwODE5WhcNMjUwMTI0MTUwODE5WjBAMT4wPAYDVQQDEzVhc3luY29wZXJhdGlvbnNpZ25pbmdjZXJ0aWZpY2F0ZS5tYW5hZ2VtZW50LmF6dXJlLmNvbTCCASIwDQYJKoZIhvcNAQEBBQADggEPADCCAQoCggEBAK902W8oGHqHsYxfQcAXt6Ljumrh6DLgGihvCAJqh_U0j8R4Jupt1lXUnhMY-cA7JAT9q7SEoTZskdrko1uzzlaykxYQUacRB8irTYwbgK6DCIqWuOd2G-W2g3eWAyxRb-Dffjnsz-vBsjd1fyP0MvIXDSDMzp2oK65BSxTbBiStV3YxtKZ3eONvKga4d77iEw0zAZHIFkt0PSHzHO7kk-b_trhadwDxPYnjrQOGmouEj7HuNoC8H7-vKZvgbeplfrHtJO9vq0TOUUqIGlT236cbPe62XQNJRim_aa3chEFUmacjUnjEZtgJjup_tDQ0iV_Oe0ZqRBBGzpjoK23Wch0CAwEAAaOCA-0wggPpMCcGCSsGAQQBgjcVCgQaMBgwCgYIKwYBBQUHAwEwCgYIKwYBBQUHAwIwPQYJKwYBBAGCNxUHBDAwLgYmKwYBBAGCNxUIhpDjDYTVtHiE8Ys-hZvdFs6dEoFggvX2K4Py0SACAWQCAQowggHLBggrBgEFBQcBAQSCAb0wggG5MGMGCCsGAQUFBzAChldodHRwOi8vY3JsLm1pY3Jvc29mdC5jb20vcGtpaW5mcmEvQ2VydHMvQ08xUEtJSU5UQ0EwMS5BTUUuR0JMX0FNRSUyMEluZnJhJTIwQ0ElMjAwNS5jcnQwUwYIKwYBBQUHMAKGR2h0dHA6Ly9jcmwxLmFtZS5nYmwvYWlhL0NPMVBLSUlOVENBMDEuQU1FLkdCTF9BTUUlMjBJbmZyYSUyMENBJTIwMDUuY3J0MFMGCCsGAQUFBzAChkdodHRwOi8vY3JsMi5hbWUuZ2JsL2FpYS9DTzFQS0lJTlRDQTAxLkFNRS5HQkxfQU1FJTIwSW5mcmElMjBDQSUyMDA1LmNydDBTBggrBgEFBQcwAoZHaHR0cDovL2NybDMuYW1lLmdibC9haWEvQ08xUEtJSU5UQ0EwMS5BTUUuR0JMX0FNRSUyMEluZnJhJTIwQ0ElMjAwNS5jcnQwUwYIKwYBBQUHMAKGR2h0dHA6Ly9jcmw0LmFtZS5nYmwvYWlhL0NPMVBLSUlOVENBMDEuQU1FLkdCTF9BTUUlMjBJbmZyYSUyMENBJTIwMDUuY3J0MB0GA1UdDgQWBBSnxeoeDA6bR-Af5MXqnvahGPcbyTAOBgNVHQ8BAf8EBAMCBaAwggEmBgNVHR8EggEdMIIBGTCCARWgggERoIIBDYY_aHR0cDovL2NybC5taWNyb3NvZnQuY29tL3BraWluZnJhL0NSTC9BTUUlMjBJbmZyYSUyMENBJTIwMDUuY3JshjFodHRwOi8vY3JsMS5hbWUuZ2JsL2NybC9BTUUlMjBJbmZyYSUyMENBJTIwMDUuY3JshjFodHRwOi8vY3JsMi5hbWUuZ2JsL2NybC9BTUUlMjBJbmZyYSUyMENBJTIwMDUuY3JshjFodHRwOi8vY3JsMy5hbWUuZ2JsL2NybC9BTUUlMjBJbmZyYSUyMENBJTIwMDUuY3JshjFodHRwOi8vY3JsNC5hbWUuZ2JsL2NybC9BTUUlMjBJbmZyYSUyMENBJTIwMDUuY3JsMBcGA1UdIAQQMA4wDAYKKwYBBAGCN3sBATAfBgNVHSMEGDAWgBR61hmFKHlscXYeYPjzS--iBUIWHTAdBgNVHSUEFjAUBggrBgEFBQcDAQYIKwYBBQUHAwIwDQYJKoZIhvcNAQELBQADggEBAGj6QqaLOPa3RZUHMPeeSymifn86nh52yaIojZbdHUiE_o0iWzV-2ZRZOxE2IgkOrAeMYXIUhMoqV7XxTwfpi6zGwrzIeuTWMbNjgzbIZGIMJCbUyNbvEkGqxvBpcwzATT8KQYU2-J2iL5slKYZIACN6THLJn5BI6dAecS1X4PJ5vNAgI8qlsYmnafZSCIrWLUQQUsZeLUaxy3t-hozvyfVe-B-nktPdgNv3-iCsI0AtlvezwfFcJXQHQeNByXg5oxXPIe02On7O1u8swvMta16Va5_kDzD80TS3LYzVk2nzUVxEqPaGhpA-vs_ttjm7hDhYk80OIsQ_YZd286sA58Q&s=QzzFFEoCUYFuO1bCUb_q1-QCgcWT76pxFqPyN77zCZVRwyciZP7YNxaHqKOTd7z1YSSe9RGs3HMbj-RPPlGqZyudiWFNVgHbVYVWTO9676UWhf1mNYL_Aq67x47IhYIbZR4xTKGQWru--IR-ofXdrLtpK4UfRMof5jgC2jH9iQaXlaiN2fFmBaw_xIcX1CUDAwuJesMuRnh19zgu3CvVqrYKZBeY69z4TXioyFTC5k3DLYbE2XdMiUcVbp0gvztBxKS0vx1Bwbgh2puwIcpqyNagpoikTgF0GjcU89f6EtezYSmE-aHMAHBCe9uicFV5_cRNEOa2RKani3utkw9ftw&h=Vei5mHtqYsQbbYcMCeAi7EwMmTSmYBVATFA3C1-bLYc
      cache-control:
      - no-cache
      content-length:
      - '1093'
      content-type:
      - application/json; charset=utf-8
      date:
      - Tue, 02 Apr 2024 17:10:04 GMT
      expires:
      - '-1'
      pragma:
      - no-cache
      strict-transport-security:
      - max-age=31536000; includeSubDomains
      x-cache:
      - CONFIG_NOCACHE
      x-content-type-options:
      - nosniff
      x-ms-arm-service-request-id:
      - 39aac955-b407-40ae-958e-206685085780
      x-ms-ratelimit-remaining-subscription-writes:
      - '1193'
      x-msedge-ref:
      - 'Ref A: FCD326A0F7FB47D2B2D2506030434D6A Ref B: MAA201060513039 Ref C: 2024-04-02T17:10:04Z'
    status:
      code: 200
      message: ''
- request:
    body: null
    headers:
      Accept:
      - '*/*'
      Accept-Encoding:
      - gzip, deflate
      CommandName:
      - network vnet subnet update
      Connection:
      - keep-alive
      ParameterSetName:
      - -g --vnet-name -n --delegations
      User-Agent:
      - AZURECLI/2.59.0 azsdk-python-core/1.28.0 Python/3.9.5 (Windows-10-10.0.22631-SP0)
    method: GET
    uri: https://management.azure.com/subscriptions/00000000-0000-0000-0000-000000000000/providers/Microsoft.Network/locations/westcentralus/operations/98dcb109-6793-4d98-bb6b-e642a4ce8f8c?api-version=2023-11-01&t=638476746052604191&c=MIIHADCCBeigAwIBAgITfARk1TE_ZglsTRafPwAABGTVMTANBgkqhkiG9w0BAQsFADBEMRMwEQYKCZImiZPyLGQBGRYDR0JMMRMwEQYKCZImiZPyLGQBGRYDQU1FMRgwFgYDVQQDEw9BTUUgSW5mcmEgQ0EgMDUwHhcNMjQwMTMwMTUwODE5WhcNMjUwMTI0MTUwODE5WjBAMT4wPAYDVQQDEzVhc3luY29wZXJhdGlvbnNpZ25pbmdjZXJ0aWZpY2F0ZS5tYW5hZ2VtZW50LmF6dXJlLmNvbTCCASIwDQYJKoZIhvcNAQEBBQADggEPADCCAQoCggEBAK902W8oGHqHsYxfQcAXt6Ljumrh6DLgGihvCAJqh_U0j8R4Jupt1lXUnhMY-cA7JAT9q7SEoTZskdrko1uzzlaykxYQUacRB8irTYwbgK6DCIqWuOd2G-W2g3eWAyxRb-Dffjnsz-vBsjd1fyP0MvIXDSDMzp2oK65BSxTbBiStV3YxtKZ3eONvKga4d77iEw0zAZHIFkt0PSHzHO7kk-b_trhadwDxPYnjrQOGmouEj7HuNoC8H7-vKZvgbeplfrHtJO9vq0TOUUqIGlT236cbPe62XQNJRim_aa3chEFUmacjUnjEZtgJjup_tDQ0iV_Oe0ZqRBBGzpjoK23Wch0CAwEAAaOCA-0wggPpMCcGCSsGAQQBgjcVCgQaMBgwCgYIKwYBBQUHAwEwCgYIKwYBBQUHAwIwPQYJKwYBBAGCNxUHBDAwLgYmKwYBBAGCNxUIhpDjDYTVtHiE8Ys-hZvdFs6dEoFggvX2K4Py0SACAWQCAQowggHLBggrBgEFBQcBAQSCAb0wggG5MGMGCCsGAQUFBzAChldodHRwOi8vY3JsLm1pY3Jvc29mdC5jb20vcGtpaW5mcmEvQ2VydHMvQ08xUEtJSU5UQ0EwMS5BTUUuR0JMX0FNRSUyMEluZnJhJTIwQ0ElMjAwNS5jcnQwUwYIKwYBBQUHMAKGR2h0dHA6Ly9jcmwxLmFtZS5nYmwvYWlhL0NPMVBLSUlOVENBMDEuQU1FLkdCTF9BTUUlMjBJbmZyYSUyMENBJTIwMDUuY3J0MFMGCCsGAQUFBzAChkdodHRwOi8vY3JsMi5hbWUuZ2JsL2FpYS9DTzFQS0lJTlRDQTAxLkFNRS5HQkxfQU1FJTIwSW5mcmElMjBDQSUyMDA1LmNydDBTBggrBgEFBQcwAoZHaHR0cDovL2NybDMuYW1lLmdibC9haWEvQ08xUEtJSU5UQ0EwMS5BTUUuR0JMX0FNRSUyMEluZnJhJTIwQ0ElMjAwNS5jcnQwUwYIKwYBBQUHMAKGR2h0dHA6Ly9jcmw0LmFtZS5nYmwvYWlhL0NPMVBLSUlOVENBMDEuQU1FLkdCTF9BTUUlMjBJbmZyYSUyMENBJTIwMDUuY3J0MB0GA1UdDgQWBBSnxeoeDA6bR-Af5MXqnvahGPcbyTAOBgNVHQ8BAf8EBAMCBaAwggEmBgNVHR8EggEdMIIBGTCCARWgggERoIIBDYY_aHR0cDovL2NybC5taWNyb3NvZnQuY29tL3BraWluZnJhL0NSTC9BTUUlMjBJbmZyYSUyMENBJTIwMDUuY3JshjFodHRwOi8vY3JsMS5hbWUuZ2JsL2NybC9BTUUlMjBJbmZyYSUyMENBJTIwMDUuY3JshjFodHRwOi8vY3JsMi5hbWUuZ2JsL2NybC9BTUUlMjBJbmZyYSUyMENBJTIwMDUuY3JshjFodHRwOi8vY3JsMy5hbWUuZ2JsL2NybC9BTUUlMjBJbmZyYSUyMENBJTIwMDUuY3JshjFodHRwOi8vY3JsNC5hbWUuZ2JsL2NybC9BTUUlMjBJbmZyYSUyMENBJTIwMDUuY3JsMBcGA1UdIAQQMA4wDAYKKwYBBAGCN3sBATAfBgNVHSMEGDAWgBR61hmFKHlscXYeYPjzS--iBUIWHTAdBgNVHSUEFjAUBggrBgEFBQcDAQYIKwYBBQUHAwIwDQYJKoZIhvcNAQELBQADggEBAGj6QqaLOPa3RZUHMPeeSymifn86nh52yaIojZbdHUiE_o0iWzV-2ZRZOxE2IgkOrAeMYXIUhMoqV7XxTwfpi6zGwrzIeuTWMbNjgzbIZGIMJCbUyNbvEkGqxvBpcwzATT8KQYU2-J2iL5slKYZIACN6THLJn5BI6dAecS1X4PJ5vNAgI8qlsYmnafZSCIrWLUQQUsZeLUaxy3t-hozvyfVe-B-nktPdgNv3-iCsI0AtlvezwfFcJXQHQeNByXg5oxXPIe02On7O1u8swvMta16Va5_kDzD80TS3LYzVk2nzUVxEqPaGhpA-vs_ttjm7hDhYk80OIsQ_YZd286sA58Q&s=QzzFFEoCUYFuO1bCUb_q1-QCgcWT76pxFqPyN77zCZVRwyciZP7YNxaHqKOTd7z1YSSe9RGs3HMbj-RPPlGqZyudiWFNVgHbVYVWTO9676UWhf1mNYL_Aq67x47IhYIbZR4xTKGQWru--IR-ofXdrLtpK4UfRMof5jgC2jH9iQaXlaiN2fFmBaw_xIcX1CUDAwuJesMuRnh19zgu3CvVqrYKZBeY69z4TXioyFTC5k3DLYbE2XdMiUcVbp0gvztBxKS0vx1Bwbgh2puwIcpqyNagpoikTgF0GjcU89f6EtezYSmE-aHMAHBCe9uicFV5_cRNEOa2RKani3utkw9ftw&h=Vei5mHtqYsQbbYcMCeAi7EwMmTSmYBVATFA3C1-bLYc
  response:
    body:
      string: '{"status":"Succeeded"}'
    headers:
      cache-control:
      - no-cache
      content-length:
      - '22'
      content-type:
      - application/json; charset=utf-8
      date:
      - Tue, 02 Apr 2024 17:10:05 GMT
      expires:
      - '-1'
      pragma:
      - no-cache
      strict-transport-security:
      - max-age=31536000; includeSubDomains
      x-cache:
      - CONFIG_NOCACHE
      x-content-type-options:
      - nosniff
      x-ms-arm-service-request-id:
      - 435b7e1a-2fcb-43aa-a097-7fd77bb60db5
      x-msedge-ref:
      - 'Ref A: B21A1A87EE3144D398A410A570061500 Ref B: MAA201060513039 Ref C: 2024-04-02T17:10:05Z'
    status:
      code: 200
      message: ''
- request:
    body: null
    headers:
      Accept:
      - '*/*'
      Accept-Encoding:
      - gzip, deflate
      CommandName:
      - network vnet subnet update
      Connection:
      - keep-alive
      ParameterSetName:
      - -g --vnet-name -n --delegations
      User-Agent:
      - AZURECLI/2.59.0 azsdk-python-core/1.28.0 Python/3.9.5 (Windows-10-10.0.22631-SP0)
    method: GET
    uri: https://management.azure.com/subscriptions/00000000-0000-0000-0000-000000000000/resourceGroups/cli_subnet_delegation000001/providers/Microsoft.Network/virtualNetworks/vnet1/subnets/subnet1?api-version=2023-11-01
  response:
    body:
      string: '{"name":"subnet1","id":"/subscriptions/00000000-0000-0000-0000-000000000000/resourceGroups/cli_subnet_delegation000001/providers/Microsoft.Network/virtualNetworks/vnet1/subnets/subnet1","etag":"W/\"57f5aac0-f1b9-42d0-af3b-9764412a1fa8\"","properties":{"provisioningState":"Succeeded","addressPrefix":"10.0.0.0/24","delegations":[{"name":"0","id":"/subscriptions/00000000-0000-0000-0000-000000000000/resourceGroups/cli_subnet_delegation000001/providers/Microsoft.Network/virtualNetworks/vnet1/subnets/subnet1/delegations/0","etag":"W/\"57f5aac0-f1b9-42d0-af3b-9764412a1fa8\"","properties":{"provisioningState":"Succeeded","serviceName":"Microsoft.Sql/managedInstances","actions":["Microsoft.Network/virtualNetworks/subnets/join/action","Microsoft.Network/virtualNetworks/subnets/prepareNetworkPolicies/action","Microsoft.Network/virtualNetworks/subnets/unprepareNetworkPolicies/action"]},"type":"Microsoft.Network/virtualNetworks/subnets/delegations"}],"privateEndpointNetworkPolicies":"Disabled","privateLinkServiceNetworkPolicies":"Enabled"},"type":"Microsoft.Network/virtualNetworks/subnets"}'
    headers:
      cache-control:
      - no-cache
      content-length:
      - '1094'
      content-type:
      - application/json; charset=utf-8
      date:
      - Tue, 02 Apr 2024 17:10:06 GMT
      etag:
      - W/"57f5aac0-f1b9-42d0-af3b-9764412a1fa8"
      expires:
      - '-1'
      pragma:
      - no-cache
      strict-transport-security:
      - max-age=31536000; includeSubDomains
      x-cache:
      - CONFIG_NOCACHE
      x-content-type-options:
      - nosniff
      x-ms-arm-service-request-id:
      - f6825385-114a-4fd3-be8b-928b767d4abb
      x-msedge-ref:
      - 'Ref A: 6096D144CA6E419587ABC441E447B187 Ref B: MAA201060513039 Ref C: 2024-04-02T17:10:06Z'
    status:
      code: 200
      message: ''
version: 1
