interactions:
- request:
    body: null
    headers:
      Accept:
      - application/json
      Accept-Encoding:
      - gzip, deflate
      CommandName:
      - network application-gateway waf-policy create
      Connection:
      - keep-alive
      ParameterSetName:
      - -g -n
      User-Agent:
      - AZURECLI/2.29.0 azsdk-python-azure-mgmt-resource/19.0.0 Python/3.8.3 (Windows-10-10.0.18362-SP0)
    method: GET
    uri: https://management.azure.com/subscriptions/00000000-0000-0000-0000-000000000000/resourcegroups/cli_test_app_gateway_waf_policy_managed_rules_000001?api-version=2021-04-01
  response:
    body:
      string: '{"id":"/subscriptions/00000000-0000-0000-0000-000000000000/resourceGroups/cli_test_app_gateway_waf_policy_managed_rules_000001","name":"cli_test_app_gateway_waf_policy_managed_rules_000001","type":"Microsoft.Resources/resourceGroups","location":"westus","tags":{"product":"azurecli","cause":"automation","date":"2021-10-11T10:15:14Z"},"properties":{"provisioningState":"Succeeded"}}'
    headers:
      cache-control:
      - no-cache
      content-length:
      - '428'
      content-type:
      - application/json; charset=utf-8
      date:
      - Mon, 11 Oct 2021 10:15:17 GMT
      expires:
      - '-1'
      pragma:
      - no-cache
      strict-transport-security:
      - max-age=31536000; includeSubDomains
      vary:
      - Accept-Encoding
      x-content-type-options:
      - nosniff
    status:
      code: 200
      message: OK
- request:
    body: '{"location": "westus", "properties": {"managedRules": {"managedRuleSets":
      [{"ruleSetType": "OWASP", "ruleSetVersion": "3.0"}]}}}'
    headers:
      Accept:
      - application/json
      Accept-Encoding:
      - gzip, deflate
      CommandName:
      - network application-gateway waf-policy create
      Connection:
      - keep-alive
      Content-Length:
      - '128'
      Content-Type:
      - application/json
      ParameterSetName:
      - -g -n
      User-Agent:
      - AZURECLI/2.29.0 azsdk-python-azure-mgmt-network/19.1.0 Python/3.8.3 (Windows-10-10.0.18362-SP0)
    method: PUT
    uri: https://management.azure.com/subscriptions/00000000-0000-0000-0000-000000000000/resourceGroups/cli_test_app_gateway_waf_policy_managed_rules_000001/providers/Microsoft.Network/ApplicationGatewayWebApplicationFirewallPolicies/agp1?api-version=2021-03-01
  response:
    body:
      string: "{\r\n  \"name\": \"agp1\",\r\n  \"id\": \"/subscriptions/00000000-0000-0000-0000-000000000000/resourceGroups/cli_test_app_gateway_waf_policy_managed_rules_000001/providers/Microsoft.Network/ApplicationGatewayWebApplicationFirewallPolicies/agp1\",\r\n
        \ \"etag\": \"W/\\\"17642319-1c21-4eef-bdfc-09f39633af4c\\\"\",\r\n  \"type\":
        \"Microsoft.Network/ApplicationGatewayWebApplicationFirewallPolicies\",\r\n
        \ \"location\": \"westus\",\r\n  \"properties\": {\r\n    \"provisioningState\":
        \"Updating\",\r\n    \"customRules\": [],\r\n    \"policySettings\": {\r\n
        \     \"requestBodyCheck\": true,\r\n      \"maxRequestBodySizeInKb\": 128,\r\n
        \     \"fileUploadLimitInMb\": 100,\r\n      \"state\": \"Disabled\",\r\n
        \     \"mode\": \"Detection\"\r\n    },\r\n    \"managedRules\": {\r\n      \"managedRuleSets\":
        [\r\n        {\r\n          \"ruleSetType\": \"OWASP\",\r\n          \"ruleSetVersion\":
        \"3.0\",\r\n          \"ruleGroupOverrides\": []\r\n        }\r\n      ],\r\n
        \     \"exclusions\": []\r\n    }\r\n  }\r\n}"
    headers:
      azure-asyncnotification:
      - Enabled
      azure-asyncoperation:
      - https://management.azure.com/subscriptions/00000000-0000-0000-0000-000000000000/providers/Microsoft.Network/locations/westus/operations/2cd74b10-2d6e-4bf1-8b8a-ec12c058ae8d?api-version=2021-03-01
      cache-control:
      - no-cache
      content-length:
      - '924'
      content-type:
      - application/json; charset=utf-8
      date:
      - Mon, 11 Oct 2021 10:15:22 GMT
      expires:
      - '-1'
      pragma:
      - no-cache
      server:
      - Microsoft-HTTPAPI/2.0
      - Microsoft-HTTPAPI/2.0
      strict-transport-security:
      - max-age=31536000; includeSubDomains
      x-content-type-options:
      - nosniff
      x-ms-arm-service-request-id:
      - b0f59bc2-6687-4c79-a595-1c77d9caaee7
      x-ms-ratelimit-remaining-subscription-writes:
      - '1194'
    status:
      code: 201
      message: Created
- request:
    body: null
    headers:
      Accept:
      - application/json
      Accept-Encoding:
      - gzip, deflate
      CommandName:
      - network application-gateway waf-policy managed-rule rule-set add
      Connection:
      - keep-alive
      ParameterSetName:
      - -g --policy-name --type --version --group-name --rules
      User-Agent:
      - AZURECLI/2.29.0 azsdk-python-azure-mgmt-network/19.1.0 Python/3.8.3 (Windows-10-10.0.18362-SP0)
    method: GET
    uri: https://management.azure.com/subscriptions/00000000-0000-0000-0000-000000000000/resourceGroups/cli_test_app_gateway_waf_policy_managed_rules_000001/providers/Microsoft.Network/ApplicationGatewayWebApplicationFirewallPolicies/agp1?api-version=2021-03-01
  response:
    body:
      string: "{\r\n  \"name\": \"agp1\",\r\n  \"id\": \"/subscriptions/00000000-0000-0000-0000-000000000000/resourceGroups/cli_test_app_gateway_waf_policy_managed_rules_000001/providers/Microsoft.Network/ApplicationGatewayWebApplicationFirewallPolicies/agp1\",\r\n
        \ \"etag\": \"W/\\\"3c9e1300-b424-4cc6-a60b-58aafd1f3331\\\"\",\r\n  \"type\":
        \"Microsoft.Network/ApplicationGatewayWebApplicationFirewallPolicies\",\r\n
        \ \"location\": \"westus\",\r\n  \"properties\": {\r\n    \"provisioningState\":
        \"Succeeded\",\r\n    \"customRules\": [],\r\n    \"policySettings\": {\r\n
        \     \"requestBodyCheck\": true,\r\n      \"maxRequestBodySizeInKb\": 128,\r\n
        \     \"fileUploadLimitInMb\": 100,\r\n      \"state\": \"Disabled\",\r\n
        \     \"mode\": \"Detection\"\r\n    },\r\n    \"managedRules\": {\r\n      \"managedRuleSets\":
        [\r\n        {\r\n          \"ruleSetType\": \"OWASP\",\r\n          \"ruleSetVersion\":
        \"3.0\",\r\n          \"ruleGroupOverrides\": []\r\n        }\r\n      ],\r\n
        \     \"exclusions\": []\r\n    }\r\n  }\r\n}"
    headers:
      cache-control:
      - no-cache
      content-length:
      - '925'
      content-type:
      - application/json; charset=utf-8
      date:
      - Mon, 11 Oct 2021 10:15:23 GMT
      etag:
      - W/"3c9e1300-b424-4cc6-a60b-58aafd1f3331"
      expires:
      - '-1'
      pragma:
      - no-cache
      server:
      - Microsoft-HTTPAPI/2.0
      - Microsoft-HTTPAPI/2.0
      strict-transport-security:
      - max-age=31536000; includeSubDomains
      transfer-encoding:
      - chunked
      vary:
      - Accept-Encoding
      x-content-type-options:
      - nosniff
      x-ms-arm-service-request-id:
      - a8adc6bd-0a5d-4602-b612-8d70c2588f0a
    status:
      code: 200
      message: OK
- request:
    body: '{"id": "/subscriptions/00000000-0000-0000-0000-000000000000/resourceGroups/cli_test_app_gateway_waf_policy_managed_rules_000001/providers/Microsoft.Network/ApplicationGatewayWebApplicationFirewallPolicies/agp1",
      "location": "westus", "properties": {"policySettings": {"state": "Disabled",
      "mode": "Detection", "requestBodyCheck": true, "maxRequestBodySizeInKb": 128,
      "fileUploadLimitInMb": 100}, "customRules": [], "managedRules": {"exclusions":
      [], "managedRuleSets": [{"ruleSetType": "OWASP", "ruleSetVersion": "3.0", "ruleGroupOverrides":
      [{"ruleGroupName": "REQUEST-921-PROTOCOL-ATTACK", "rules": [{"ruleId": "921100"},
      {"ruleId": "921110"}]}]}]}}}'
    headers:
      Accept:
      - application/json
      Accept-Encoding:
      - gzip, deflate
      CommandName:
      - network application-gateway waf-policy managed-rule rule-set add
      Connection:
      - keep-alive
      Content-Length:
      - '675'
      Content-Type:
      - application/json
      ParameterSetName:
      - -g --policy-name --type --version --group-name --rules
      User-Agent:
      - AZURECLI/2.29.0 azsdk-python-azure-mgmt-network/19.1.0 Python/3.8.3 (Windows-10-10.0.18362-SP0)
    method: PUT
    uri: https://management.azure.com/subscriptions/00000000-0000-0000-0000-000000000000/resourceGroups/cli_test_app_gateway_waf_policy_managed_rules_000001/providers/Microsoft.Network/ApplicationGatewayWebApplicationFirewallPolicies/agp1?api-version=2021-03-01
  response:
    body:
      string: "{\r\n  \"name\": \"agp1\",\r\n  \"id\": \"/subscriptions/00000000-0000-0000-0000-000000000000/resourceGroups/cli_test_app_gateway_waf_policy_managed_rules_000001/providers/Microsoft.Network/ApplicationGatewayWebApplicationFirewallPolicies/agp1\",\r\n
        \ \"etag\": \"W/\\\"99a9f978-c74f-4e2d-9d42-de65ae65a968\\\"\",\r\n  \"type\":
        \"Microsoft.Network/ApplicationGatewayWebApplicationFirewallPolicies\",\r\n
        \ \"location\": \"westus\",\r\n  \"properties\": {\r\n    \"provisioningState\":
        \"Updating\",\r\n    \"customRules\": [],\r\n    \"policySettings\": {\r\n
        \     \"requestBodyCheck\": true,\r\n      \"maxRequestBodySizeInKb\": 128,\r\n
        \     \"fileUploadLimitInMb\": 100,\r\n      \"state\": \"Disabled\",\r\n
        \     \"mode\": \"Detection\"\r\n    },\r\n    \"managedRules\": {\r\n      \"managedRuleSets\":
        [\r\n        {\r\n          \"ruleSetType\": \"OWASP\",\r\n          \"ruleSetVersion\":
        \"3.0\",\r\n          \"ruleGroupOverrides\": [\r\n            {\r\n              \"ruleGroupName\":
        \"REQUEST-921-PROTOCOL-ATTACK\",\r\n              \"rules\": [\r\n                {\r\n
        \                 \"ruleId\": \"921100\",\r\n                  \"state\":
        \"Disabled\"\r\n                },\r\n                {\r\n                  \"ruleId\":
        \"921110\",\r\n                  \"state\": \"Disabled\"\r\n                }\r\n
        \             ]\r\n            }\r\n          ]\r\n        }\r\n      ],\r\n
        \     \"exclusions\": []\r\n    }\r\n  }\r\n}"
    headers:
      azure-asyncnotification:
      - Enabled
      azure-asyncoperation:
      - https://management.azure.com/subscriptions/00000000-0000-0000-0000-000000000000/providers/Microsoft.Network/locations/westus/operations/2196a145-3052-4ee7-bb69-1de6b7134e38?api-version=2021-03-01
      cache-control:
      - no-cache
      content-length:
      - '1305'
      content-type:
      - application/json; charset=utf-8
      date:
      - Mon, 11 Oct 2021 10:15:24 GMT
      expires:
      - '-1'
      pragma:
      - no-cache
      server:
      - Microsoft-HTTPAPI/2.0
      - Microsoft-HTTPAPI/2.0
      strict-transport-security:
      - max-age=31536000; includeSubDomains
      transfer-encoding:
      - chunked
      vary:
      - Accept-Encoding
      x-content-type-options:
      - nosniff
      x-ms-arm-service-request-id:
      - 2bd592ab-646d-4620-96f5-ae757ca2451a
      x-ms-ratelimit-remaining-subscription-writes:
      - '1193'
    status:
      code: 200
      message: OK
- request:
    body: null
    headers:
      Accept:
      - application/json
      Accept-Encoding:
      - gzip, deflate
      CommandName:
      - network application-gateway waf-policy show
      Connection:
      - keep-alive
      ParameterSetName:
      - -g -n
      User-Agent:
      - AZURECLI/2.29.0 azsdk-python-azure-mgmt-network/19.1.0 Python/3.8.3 (Windows-10-10.0.18362-SP0)
    method: GET
    uri: https://management.azure.com/subscriptions/00000000-0000-0000-0000-000000000000/resourceGroups/cli_test_app_gateway_waf_policy_managed_rules_000001/providers/Microsoft.Network/ApplicationGatewayWebApplicationFirewallPolicies/agp1?api-version=2021-03-01
  response:
    body:
      string: "{\r\n  \"name\": \"agp1\",\r\n  \"id\": \"/subscriptions/00000000-0000-0000-0000-000000000000/resourceGroups/cli_test_app_gateway_waf_policy_managed_rules_000001/providers/Microsoft.Network/ApplicationGatewayWebApplicationFirewallPolicies/agp1\",\r\n
        \ \"etag\": \"W/\\\"9e4318e0-d17f-45dc-9801-c52d32121a13\\\"\",\r\n  \"type\":
        \"Microsoft.Network/ApplicationGatewayWebApplicationFirewallPolicies\",\r\n
        \ \"location\": \"westus\",\r\n  \"properties\": {\r\n    \"provisioningState\":
        \"Succeeded\",\r\n    \"customRules\": [],\r\n    \"policySettings\": {\r\n
        \     \"requestBodyCheck\": true,\r\n      \"maxRequestBodySizeInKb\": 128,\r\n
        \     \"fileUploadLimitInMb\": 100,\r\n      \"state\": \"Disabled\",\r\n
        \     \"mode\": \"Detection\"\r\n    },\r\n    \"managedRules\": {\r\n      \"managedRuleSets\":
        [\r\n        {\r\n          \"ruleSetType\": \"OWASP\",\r\n          \"ruleSetVersion\":
        \"3.0\",\r\n          \"ruleGroupOverrides\": [\r\n            {\r\n              \"ruleGroupName\":
        \"REQUEST-921-PROTOCOL-ATTACK\",\r\n              \"rules\": [\r\n                {\r\n
        \                 \"ruleId\": \"921100\",\r\n                  \"state\":
        \"Disabled\"\r\n                },\r\n                {\r\n                  \"ruleId\":
        \"921110\",\r\n                  \"state\": \"Disabled\"\r\n                }\r\n
        \             ]\r\n            }\r\n          ]\r\n        }\r\n      ],\r\n
        \     \"exclusions\": []\r\n    }\r\n  }\r\n}"
    headers:
      cache-control:
      - no-cache
      content-length:
      - '1306'
      content-type:
      - application/json; charset=utf-8
      date:
      - Mon, 11 Oct 2021 10:15:24 GMT
      etag:
      - W/"9e4318e0-d17f-45dc-9801-c52d32121a13"
      expires:
      - '-1'
      pragma:
      - no-cache
      server:
      - Microsoft-HTTPAPI/2.0
      - Microsoft-HTTPAPI/2.0
      strict-transport-security:
      - max-age=31536000; includeSubDomains
      transfer-encoding:
      - chunked
      vary:
      - Accept-Encoding
      x-content-type-options:
      - nosniff
      x-ms-arm-service-request-id:
      - 883c4126-ce89-404b-b62b-38f8795d10be
    status:
      code: 200
      message: OK
- request:
    body: null
    headers:
      Accept:
      - application/json
      Accept-Encoding:
      - gzip, deflate
      CommandName:
      - network application-gateway waf-policy managed-rule rule-set add
      Connection:
      - keep-alive
      ParameterSetName:
      - -g --policy-name --type --version --group-name --rules
      User-Agent:
      - AZURECLI/2.29.0 azsdk-python-azure-mgmt-network/19.1.0 Python/3.8.3 (Windows-10-10.0.18362-SP0)
    method: GET
    uri: https://management.azure.com/subscriptions/00000000-0000-0000-0000-000000000000/resourceGroups/cli_test_app_gateway_waf_policy_managed_rules_000001/providers/Microsoft.Network/ApplicationGatewayWebApplicationFirewallPolicies/agp1?api-version=2021-03-01
  response:
    body:
      string: "{\r\n  \"name\": \"agp1\",\r\n  \"id\": \"/subscriptions/00000000-0000-0000-0000-000000000000/resourceGroups/cli_test_app_gateway_waf_policy_managed_rules_000001/providers/Microsoft.Network/ApplicationGatewayWebApplicationFirewallPolicies/agp1\",\r\n
        \ \"etag\": \"W/\\\"9e4318e0-d17f-45dc-9801-c52d32121a13\\\"\",\r\n  \"type\":
        \"Microsoft.Network/ApplicationGatewayWebApplicationFirewallPolicies\",\r\n
        \ \"location\": \"westus\",\r\n  \"properties\": {\r\n    \"provisioningState\":
        \"Succeeded\",\r\n    \"customRules\": [],\r\n    \"policySettings\": {\r\n
        \     \"requestBodyCheck\": true,\r\n      \"maxRequestBodySizeInKb\": 128,\r\n
        \     \"fileUploadLimitInMb\": 100,\r\n      \"state\": \"Disabled\",\r\n
        \     \"mode\": \"Detection\"\r\n    },\r\n    \"managedRules\": {\r\n      \"managedRuleSets\":
        [\r\n        {\r\n          \"ruleSetType\": \"OWASP\",\r\n          \"ruleSetVersion\":
        \"3.0\",\r\n          \"ruleGroupOverrides\": [\r\n            {\r\n              \"ruleGroupName\":
        \"REQUEST-921-PROTOCOL-ATTACK\",\r\n              \"rules\": [\r\n                {\r\n
        \                 \"ruleId\": \"921100\",\r\n                  \"state\":
        \"Disabled\"\r\n                },\r\n                {\r\n                  \"ruleId\":
        \"921110\",\r\n                  \"state\": \"Disabled\"\r\n                }\r\n
        \             ]\r\n            }\r\n          ]\r\n        }\r\n      ],\r\n
        \     \"exclusions\": []\r\n    }\r\n  }\r\n}"
    headers:
      cache-control:
      - no-cache
      content-length:
      - '1306'
      content-type:
      - application/json; charset=utf-8
      date:
      - Mon, 11 Oct 2021 10:15:26 GMT
      etag:
      - W/"9e4318e0-d17f-45dc-9801-c52d32121a13"
      expires:
      - '-1'
      pragma:
      - no-cache
      server:
      - Microsoft-HTTPAPI/2.0
      - Microsoft-HTTPAPI/2.0
      strict-transport-security:
      - max-age=31536000; includeSubDomains
      transfer-encoding:
      - chunked
      vary:
      - Accept-Encoding
      x-content-type-options:
      - nosniff
      x-ms-arm-service-request-id:
      - e4a0c9d7-726f-43e3-9442-a6a8bbab2418
    status:
      code: 200
      message: OK
- request:
    body: '{"id": "/subscriptions/00000000-0000-0000-0000-000000000000/resourceGroups/cli_test_app_gateway_waf_policy_managed_rules_000001/providers/Microsoft.Network/ApplicationGatewayWebApplicationFirewallPolicies/agp1",
      "location": "westus", "properties": {"policySettings": {"state": "Disabled",
      "mode": "Detection", "requestBodyCheck": true, "maxRequestBodySizeInKb": 128,
      "fileUploadLimitInMb": 100}, "customRules": [], "managedRules": {"exclusions":
      [], "managedRuleSets": [{"ruleSetType": "OWASP", "ruleSetVersion": "3.0", "ruleGroupOverrides":
      [{"ruleGroupName": "REQUEST-921-PROTOCOL-ATTACK", "rules": [{"ruleId": "921100",
      "state": "Disabled"}, {"ruleId": "921110", "state": "Disabled"}, {"ruleId":
      "921150"}]}]}]}}}'
    headers:
      Accept:
      - application/json
      Accept-Encoding:
      - gzip, deflate
      CommandName:
      - network application-gateway waf-policy managed-rule rule-set add
      Connection:
      - keep-alive
      Content-Length:
      - '739'
      Content-Type:
      - application/json
      ParameterSetName:
      - -g --policy-name --type --version --group-name --rules
      User-Agent:
      - AZURECLI/2.29.0 azsdk-python-azure-mgmt-network/19.1.0 Python/3.8.3 (Windows-10-10.0.18362-SP0)
    method: PUT
    uri: https://management.azure.com/subscriptions/00000000-0000-0000-0000-000000000000/resourceGroups/cli_test_app_gateway_waf_policy_managed_rules_000001/providers/Microsoft.Network/ApplicationGatewayWebApplicationFirewallPolicies/agp1?api-version=2021-03-01
  response:
    body:
      string: "{\r\n  \"name\": \"agp1\",\r\n  \"id\": \"/subscriptions/00000000-0000-0000-0000-000000000000/resourceGroups/cli_test_app_gateway_waf_policy_managed_rules_000001/providers/Microsoft.Network/ApplicationGatewayWebApplicationFirewallPolicies/agp1\",\r\n
        \ \"etag\": \"W/\\\"49422a2d-e969-41d9-9583-c8be5732b433\\\"\",\r\n  \"type\":
        \"Microsoft.Network/ApplicationGatewayWebApplicationFirewallPolicies\",\r\n
        \ \"location\": \"westus\",\r\n  \"properties\": {\r\n    \"provisioningState\":
        \"Updating\",\r\n    \"customRules\": [],\r\n    \"policySettings\": {\r\n
        \     \"requestBodyCheck\": true,\r\n      \"maxRequestBodySizeInKb\": 128,\r\n
        \     \"fileUploadLimitInMb\": 100,\r\n      \"state\": \"Disabled\",\r\n
        \     \"mode\": \"Detection\"\r\n    },\r\n    \"managedRules\": {\r\n      \"managedRuleSets\":
        [\r\n        {\r\n          \"ruleSetType\": \"OWASP\",\r\n          \"ruleSetVersion\":
        \"3.0\",\r\n          \"ruleGroupOverrides\": [\r\n            {\r\n              \"ruleGroupName\":
        \"REQUEST-921-PROTOCOL-ATTACK\",\r\n              \"rules\": [\r\n                {\r\n
        \                 \"ruleId\": \"921100\",\r\n                  \"state\":
        \"Disabled\"\r\n                },\r\n                {\r\n                  \"ruleId\":
        \"921110\",\r\n                  \"state\": \"Disabled\"\r\n                },\r\n
        \               {\r\n                  \"ruleId\": \"921150\",\r\n                  \"state\":
        \"Disabled\"\r\n                }\r\n              ]\r\n            }\r\n
        \         ]\r\n        }\r\n      ],\r\n      \"exclusions\": []\r\n    }\r\n
        \ }\r\n}"
    headers:
      azure-asyncnotification:
      - Enabled
      azure-asyncoperation:
      - https://management.azure.com/subscriptions/00000000-0000-0000-0000-000000000000/providers/Microsoft.Network/locations/westus/operations/f709fffd-3287-4870-a716-65b9e44ba9ce?api-version=2021-03-01
      cache-control:
      - no-cache
      content-length:
      - '1422'
      content-type:
      - application/json; charset=utf-8
      date:
      - Mon, 11 Oct 2021 10:15:27 GMT
      expires:
      - '-1'
      pragma:
      - no-cache
      server:
      - Microsoft-HTTPAPI/2.0
      - Microsoft-HTTPAPI/2.0
      strict-transport-security:
      - max-age=31536000; includeSubDomains
      transfer-encoding:
      - chunked
      vary:
      - Accept-Encoding
      x-content-type-options:
      - nosniff
      x-ms-arm-service-request-id:
      - fb97686a-115e-4e87-ad89-cce3deef0af7
      x-ms-ratelimit-remaining-subscription-writes:
      - '1195'
    status:
      code: 200
      message: OK
- request:
    body: null
    headers:
      Accept:
      - application/json
      Accept-Encoding:
      - gzip, deflate
      CommandName:
      - network application-gateway waf-policy managed-rule rule-set list
      Connection:
      - keep-alive
      ParameterSetName:
      - -g --policy-name
      User-Agent:
      - AZURECLI/2.29.0 azsdk-python-azure-mgmt-network/19.1.0 Python/3.8.3 (Windows-10-10.0.18362-SP0)
    method: GET
    uri: https://management.azure.com/subscriptions/00000000-0000-0000-0000-000000000000/resourceGroups/cli_test_app_gateway_waf_policy_managed_rules_000001/providers/Microsoft.Network/ApplicationGatewayWebApplicationFirewallPolicies/agp1?api-version=2021-03-01
  response:
    body:
      string: "{\r\n  \"name\": \"agp1\",\r\n  \"id\": \"/subscriptions/00000000-0000-0000-0000-000000000000/resourceGroups/cli_test_app_gateway_waf_policy_managed_rules_000001/providers/Microsoft.Network/ApplicationGatewayWebApplicationFirewallPolicies/agp1\",\r\n
        \ \"etag\": \"W/\\\"f599ff72-4b04-4ecd-914d-c08717009b53\\\"\",\r\n  \"type\":
        \"Microsoft.Network/ApplicationGatewayWebApplicationFirewallPolicies\",\r\n
        \ \"location\": \"westus\",\r\n  \"properties\": {\r\n    \"provisioningState\":
        \"Succeeded\",\r\n    \"customRules\": [],\r\n    \"policySettings\": {\r\n
        \     \"requestBodyCheck\": true,\r\n      \"maxRequestBodySizeInKb\": 128,\r\n
        \     \"fileUploadLimitInMb\": 100,\r\n      \"state\": \"Disabled\",\r\n
        \     \"mode\": \"Detection\"\r\n    },\r\n    \"managedRules\": {\r\n      \"managedRuleSets\":
        [\r\n        {\r\n          \"ruleSetType\": \"OWASP\",\r\n          \"ruleSetVersion\":
        \"3.0\",\r\n          \"ruleGroupOverrides\": [\r\n            {\r\n              \"ruleGroupName\":
        \"REQUEST-921-PROTOCOL-ATTACK\",\r\n              \"rules\": [\r\n                {\r\n
        \                 \"ruleId\": \"921100\",\r\n                  \"state\":
        \"Disabled\"\r\n                },\r\n                {\r\n                  \"ruleId\":
        \"921110\",\r\n                  \"state\": \"Disabled\"\r\n                },\r\n
        \               {\r\n                  \"ruleId\": \"921150\",\r\n                  \"state\":
        \"Disabled\"\r\n                }\r\n              ]\r\n            }\r\n
        \         ]\r\n        }\r\n      ],\r\n      \"exclusions\": []\r\n    }\r\n
        \ }\r\n}"
    headers:
      cache-control:
      - no-cache
      content-length:
      - '1423'
      content-type:
      - application/json; charset=utf-8
      date:
      - Mon, 11 Oct 2021 10:15:27 GMT
      etag:
      - W/"f599ff72-4b04-4ecd-914d-c08717009b53"
      expires:
      - '-1'
      pragma:
      - no-cache
      server:
      - Microsoft-HTTPAPI/2.0
      - Microsoft-HTTPAPI/2.0
      strict-transport-security:
      - max-age=31536000; includeSubDomains
      transfer-encoding:
      - chunked
      vary:
      - Accept-Encoding
      x-content-type-options:
      - nosniff
      x-ms-arm-service-request-id:
      - fc508426-69f7-4b3f-b4fd-a3a2ce52468b
    status:
      code: 200
      message: OK
- request:
    body: null
    headers:
      Accept:
      - application/json
      Accept-Encoding:
      - gzip, deflate
      CommandName:
      - network application-gateway waf-policy managed-rule rule-set add
      Connection:
      - keep-alive
      ParameterSetName:
      - -g --policy-name --type --version --group-name --rules
      User-Agent:
      - AZURECLI/2.29.0 azsdk-python-azure-mgmt-network/19.1.0 Python/3.8.3 (Windows-10-10.0.18362-SP0)
    method: GET
    uri: https://management.azure.com/subscriptions/00000000-0000-0000-0000-000000000000/resourceGroups/cli_test_app_gateway_waf_policy_managed_rules_000001/providers/Microsoft.Network/ApplicationGatewayWebApplicationFirewallPolicies/agp1?api-version=2021-03-01
  response:
    body:
      string: "{\r\n  \"name\": \"agp1\",\r\n  \"id\": \"/subscriptions/00000000-0000-0000-0000-000000000000/resourceGroups/cli_test_app_gateway_waf_policy_managed_rules_000001/providers/Microsoft.Network/ApplicationGatewayWebApplicationFirewallPolicies/agp1\",\r\n
        \ \"etag\": \"W/\\\"f599ff72-4b04-4ecd-914d-c08717009b53\\\"\",\r\n  \"type\":
        \"Microsoft.Network/ApplicationGatewayWebApplicationFirewallPolicies\",\r\n
        \ \"location\": \"westus\",\r\n  \"properties\": {\r\n    \"provisioningState\":
        \"Succeeded\",\r\n    \"customRules\": [],\r\n    \"policySettings\": {\r\n
        \     \"requestBodyCheck\": true,\r\n      \"maxRequestBodySizeInKb\": 128,\r\n
        \     \"fileUploadLimitInMb\": 100,\r\n      \"state\": \"Disabled\",\r\n
        \     \"mode\": \"Detection\"\r\n    },\r\n    \"managedRules\": {\r\n      \"managedRuleSets\":
        [\r\n        {\r\n          \"ruleSetType\": \"OWASP\",\r\n          \"ruleSetVersion\":
        \"3.0\",\r\n          \"ruleGroupOverrides\": [\r\n            {\r\n              \"ruleGroupName\":
        \"REQUEST-921-PROTOCOL-ATTACK\",\r\n              \"rules\": [\r\n                {\r\n
        \                 \"ruleId\": \"921100\",\r\n                  \"state\":
        \"Disabled\"\r\n                },\r\n                {\r\n                  \"ruleId\":
        \"921110\",\r\n                  \"state\": \"Disabled\"\r\n                },\r\n
        \               {\r\n                  \"ruleId\": \"921150\",\r\n                  \"state\":
        \"Disabled\"\r\n                }\r\n              ]\r\n            }\r\n
        \         ]\r\n        }\r\n      ],\r\n      \"exclusions\": []\r\n    }\r\n
        \ }\r\n}"
    headers:
      cache-control:
      - no-cache
      content-length:
      - '1423'
      content-type:
      - application/json; charset=utf-8
      date:
      - Mon, 11 Oct 2021 10:15:29 GMT
      etag:
      - W/"f599ff72-4b04-4ecd-914d-c08717009b53"
      expires:
      - '-1'
      pragma:
      - no-cache
      server:
      - Microsoft-HTTPAPI/2.0
      - Microsoft-HTTPAPI/2.0
      strict-transport-security:
      - max-age=31536000; includeSubDomains
      transfer-encoding:
      - chunked
      vary:
      - Accept-Encoding
      x-content-type-options:
      - nosniff
      x-ms-arm-service-request-id:
      - c655e66f-2046-4fad-96fb-0148d998c757
    status:
      code: 200
      message: OK
- request:
    body: '{"id": "/subscriptions/00000000-0000-0000-0000-000000000000/resourceGroups/cli_test_app_gateway_waf_policy_managed_rules_000001/providers/Microsoft.Network/ApplicationGatewayWebApplicationFirewallPolicies/agp1",
      "location": "westus", "properties": {"policySettings": {"state": "Disabled",
      "mode": "Detection", "requestBodyCheck": true, "maxRequestBodySizeInKb": 128,
      "fileUploadLimitInMb": 100}, "customRules": [], "managedRules": {"exclusions":
      [], "managedRuleSets": [{"ruleSetType": "OWASP", "ruleSetVersion": "3.0", "ruleGroupOverrides":
      [{"ruleGroupName": "REQUEST-921-PROTOCOL-ATTACK", "rules": [{"ruleId": "921100",
      "state": "Disabled"}, {"ruleId": "921110", "state": "Disabled"}, {"ruleId":
      "921150", "state": "Disabled"}]}, {"ruleGroupName": "REQUEST-913-SCANNER-DETECTION",
      "rules": [{"ruleId": "913100"}]}]}]}}}'
    headers:
      Accept:
      - application/json
      Accept-Encoding:
      - gzip, deflate
      CommandName:
      - network application-gateway waf-policy managed-rule rule-set add
      Connection:
      - keep-alive
      Content-Length:
      - '845'
      Content-Type:
      - application/json
      ParameterSetName:
      - -g --policy-name --type --version --group-name --rules
      User-Agent:
      - AZURECLI/2.29.0 azsdk-python-azure-mgmt-network/19.1.0 Python/3.8.3 (Windows-10-10.0.18362-SP0)
    method: PUT
    uri: https://management.azure.com/subscriptions/00000000-0000-0000-0000-000000000000/resourceGroups/cli_test_app_gateway_waf_policy_managed_rules_000001/providers/Microsoft.Network/ApplicationGatewayWebApplicationFirewallPolicies/agp1?api-version=2021-03-01
  response:
    body:
      string: "{\r\n  \"name\": \"agp1\",\r\n  \"id\": \"/subscriptions/00000000-0000-0000-0000-000000000000/resourceGroups/cli_test_app_gateway_waf_policy_managed_rules_000001/providers/Microsoft.Network/ApplicationGatewayWebApplicationFirewallPolicies/agp1\",\r\n
        \ \"etag\": \"W/\\\"60b234f1-d420-48a3-aa53-b6b3cbf43c06\\\"\",\r\n  \"type\":
        \"Microsoft.Network/ApplicationGatewayWebApplicationFirewallPolicies\",\r\n
        \ \"location\": \"westus\",\r\n  \"properties\": {\r\n    \"provisioningState\":
        \"Updating\",\r\n    \"customRules\": [],\r\n    \"policySettings\": {\r\n
        \     \"requestBodyCheck\": true,\r\n      \"maxRequestBodySizeInKb\": 128,\r\n
        \     \"fileUploadLimitInMb\": 100,\r\n      \"state\": \"Disabled\",\r\n
        \     \"mode\": \"Detection\"\r\n    },\r\n    \"managedRules\": {\r\n      \"managedRuleSets\":
        [\r\n        {\r\n          \"ruleSetType\": \"OWASP\",\r\n          \"ruleSetVersion\":
        \"3.0\",\r\n          \"ruleGroupOverrides\": [\r\n            {\r\n              \"ruleGroupName\":
        \"REQUEST-921-PROTOCOL-ATTACK\",\r\n              \"rules\": [\r\n                {\r\n
        \                 \"ruleId\": \"921100\",\r\n                  \"state\":
        \"Disabled\"\r\n                },\r\n                {\r\n                  \"ruleId\":
        \"921110\",\r\n                  \"state\": \"Disabled\"\r\n                },\r\n
        \               {\r\n                  \"ruleId\": \"921150\",\r\n                  \"state\":
        \"Disabled\"\r\n                }\r\n              ]\r\n            },\r\n
        \           {\r\n              \"ruleGroupName\": \"REQUEST-913-SCANNER-DETECTION\",\r\n
        \             \"rules\": [\r\n                {\r\n                  \"ruleId\":
        \"913100\",\r\n                  \"state\": \"Disabled\"\r\n                }\r\n
        \             ]\r\n            }\r\n          ]\r\n        }\r\n      ],\r\n
        \     \"exclusions\": []\r\n    }\r\n  }\r\n}"
    headers:
      azure-asyncnotification:
      - Enabled
      azure-asyncoperation:
      - https://management.azure.com/subscriptions/00000000-0000-0000-0000-000000000000/providers/Microsoft.Network/locations/westus/operations/2fed7638-1e36-43e4-aa00-e6021e97563a?api-version=2021-03-01
      cache-control:
      - no-cache
      content-length:
      - '1677'
      content-type:
      - application/json; charset=utf-8
      date:
      - Mon, 11 Oct 2021 10:15:29 GMT
      expires:
      - '-1'
      pragma:
      - no-cache
      server:
      - Microsoft-HTTPAPI/2.0
      - Microsoft-HTTPAPI/2.0
      strict-transport-security:
      - max-age=31536000; includeSubDomains
      transfer-encoding:
      - chunked
      vary:
      - Accept-Encoding
      x-content-type-options:
      - nosniff
      x-ms-arm-service-request-id:
      - bc6e3221-4453-48fb-9e0a-551ad8ee9191
      x-ms-ratelimit-remaining-subscription-writes:
      - '1194'
    status:
      code: 200
      message: OK
- request:
    body: null
    headers:
      Accept:
      - application/json
      Accept-Encoding:
      - gzip, deflate
      CommandName:
      - network application-gateway waf-policy managed-rule rule-set list
      Connection:
      - keep-alive
      ParameterSetName:
      - -g --policy-name
      User-Agent:
      - AZURECLI/2.29.0 azsdk-python-azure-mgmt-network/19.1.0 Python/3.8.3 (Windows-10-10.0.18362-SP0)
    method: GET
    uri: https://management.azure.com/subscriptions/00000000-0000-0000-0000-000000000000/resourceGroups/cli_test_app_gateway_waf_policy_managed_rules_000001/providers/Microsoft.Network/ApplicationGatewayWebApplicationFirewallPolicies/agp1?api-version=2021-03-01
  response:
    body:
      string: "{\r\n  \"name\": \"agp1\",\r\n  \"id\": \"/subscriptions/00000000-0000-0000-0000-000000000000/resourceGroups/cli_test_app_gateway_waf_policy_managed_rules_000001/providers/Microsoft.Network/ApplicationGatewayWebApplicationFirewallPolicies/agp1\",\r\n
        \ \"etag\": \"W/\\\"1a54fd01-f069-4bb0-a583-79c08817d5eb\\\"\",\r\n  \"type\":
        \"Microsoft.Network/ApplicationGatewayWebApplicationFirewallPolicies\",\r\n
        \ \"location\": \"westus\",\r\n  \"properties\": {\r\n    \"provisioningState\":
        \"Succeeded\",\r\n    \"customRules\": [],\r\n    \"policySettings\": {\r\n
        \     \"requestBodyCheck\": true,\r\n      \"maxRequestBodySizeInKb\": 128,\r\n
        \     \"fileUploadLimitInMb\": 100,\r\n      \"state\": \"Disabled\",\r\n
        \     \"mode\": \"Detection\"\r\n    },\r\n    \"managedRules\": {\r\n      \"managedRuleSets\":
        [\r\n        {\r\n          \"ruleSetType\": \"OWASP\",\r\n          \"ruleSetVersion\":
        \"3.0\",\r\n          \"ruleGroupOverrides\": [\r\n            {\r\n              \"ruleGroupName\":
        \"REQUEST-921-PROTOCOL-ATTACK\",\r\n              \"rules\": [\r\n                {\r\n
        \                 \"ruleId\": \"921100\",\r\n                  \"state\":
        \"Disabled\"\r\n                },\r\n                {\r\n                  \"ruleId\":
        \"921110\",\r\n                  \"state\": \"Disabled\"\r\n                },\r\n
        \               {\r\n                  \"ruleId\": \"921150\",\r\n                  \"state\":
        \"Disabled\"\r\n                }\r\n              ]\r\n            },\r\n
        \           {\r\n              \"ruleGroupName\": \"REQUEST-913-SCANNER-DETECTION\",\r\n
        \             \"rules\": [\r\n                {\r\n                  \"ruleId\":
        \"913100\",\r\n                  \"state\": \"Disabled\"\r\n                }\r\n
        \             ]\r\n            }\r\n          ]\r\n        }\r\n      ],\r\n
        \     \"exclusions\": []\r\n    }\r\n  }\r\n}"
    headers:
      cache-control:
      - no-cache
      content-length:
      - '1678'
      content-type:
      - application/json; charset=utf-8
      date:
      - Mon, 11 Oct 2021 10:15:30 GMT
      etag:
      - W/"1a54fd01-f069-4bb0-a583-79c08817d5eb"
      expires:
      - '-1'
      pragma:
      - no-cache
      server:
      - Microsoft-HTTPAPI/2.0
      - Microsoft-HTTPAPI/2.0
      strict-transport-security:
      - max-age=31536000; includeSubDomains
      transfer-encoding:
      - chunked
      vary:
      - Accept-Encoding
      x-content-type-options:
      - nosniff
      x-ms-arm-service-request-id:
      - dbaba40c-d35f-448d-a6f9-70a534425009
    status:
      code: 200
      message: OK
- request:
    body: null
    headers:
      Accept:
      - application/json
      Accept-Encoding:
      - gzip, deflate
      CommandName:
      - network application-gateway waf-policy managed-rule rule-set update
      Connection:
      - keep-alive
      ParameterSetName:
      - -g --policy-name --type --version --group-name --rules
      User-Agent:
      - AZURECLI/2.29.0 azsdk-python-azure-mgmt-network/19.1.0 Python/3.8.3 (Windows-10-10.0.18362-SP0)
    method: GET
    uri: https://management.azure.com/subscriptions/00000000-0000-0000-0000-000000000000/resourceGroups/cli_test_app_gateway_waf_policy_managed_rules_000001/providers/Microsoft.Network/ApplicationGatewayWebApplicationFirewallPolicies/agp1?api-version=2021-03-01
  response:
    body:
      string: "{\r\n  \"name\": \"agp1\",\r\n  \"id\": \"/subscriptions/00000000-0000-0000-0000-000000000000/resourceGroups/cli_test_app_gateway_waf_policy_managed_rules_000001/providers/Microsoft.Network/ApplicationGatewayWebApplicationFirewallPolicies/agp1\",\r\n
        \ \"etag\": \"W/\\\"1a54fd01-f069-4bb0-a583-79c08817d5eb\\\"\",\r\n  \"type\":
        \"Microsoft.Network/ApplicationGatewayWebApplicationFirewallPolicies\",\r\n
        \ \"location\": \"westus\",\r\n  \"properties\": {\r\n    \"provisioningState\":
        \"Succeeded\",\r\n    \"customRules\": [],\r\n    \"policySettings\": {\r\n
        \     \"requestBodyCheck\": true,\r\n      \"maxRequestBodySizeInKb\": 128,\r\n
        \     \"fileUploadLimitInMb\": 100,\r\n      \"state\": \"Disabled\",\r\n
        \     \"mode\": \"Detection\"\r\n    },\r\n    \"managedRules\": {\r\n      \"managedRuleSets\":
        [\r\n        {\r\n          \"ruleSetType\": \"OWASP\",\r\n          \"ruleSetVersion\":
        \"3.0\",\r\n          \"ruleGroupOverrides\": [\r\n            {\r\n              \"ruleGroupName\":
        \"REQUEST-921-PROTOCOL-ATTACK\",\r\n              \"rules\": [\r\n                {\r\n
        \                 \"ruleId\": \"921100\",\r\n                  \"state\":
        \"Disabled\"\r\n                },\r\n                {\r\n                  \"ruleId\":
        \"921110\",\r\n                  \"state\": \"Disabled\"\r\n                },\r\n
        \               {\r\n                  \"ruleId\": \"921150\",\r\n                  \"state\":
        \"Disabled\"\r\n                }\r\n              ]\r\n            },\r\n
        \           {\r\n              \"ruleGroupName\": \"REQUEST-913-SCANNER-DETECTION\",\r\n
        \             \"rules\": [\r\n                {\r\n                  \"ruleId\":
        \"913100\",\r\n                  \"state\": \"Disabled\"\r\n                }\r\n
        \             ]\r\n            }\r\n          ]\r\n        }\r\n      ],\r\n
        \     \"exclusions\": []\r\n    }\r\n  }\r\n}"
    headers:
      cache-control:
      - no-cache
      content-length:
      - '1678'
      content-type:
      - application/json; charset=utf-8
      date:
      - Mon, 11 Oct 2021 10:15:32 GMT
      etag:
      - W/"1a54fd01-f069-4bb0-a583-79c08817d5eb"
      expires:
      - '-1'
      pragma:
      - no-cache
      server:
      - Microsoft-HTTPAPI/2.0
      - Microsoft-HTTPAPI/2.0
      strict-transport-security:
      - max-age=31536000; includeSubDomains
      transfer-encoding:
      - chunked
      vary:
      - Accept-Encoding
      x-content-type-options:
      - nosniff
      x-ms-arm-service-request-id:
      - d5a1e48c-194b-46bf-8df1-a9c40416379b
    status:
      code: 200
      message: OK
- request:
    body: '{"id": "/subscriptions/00000000-0000-0000-0000-000000000000/resourceGroups/cli_test_app_gateway_waf_policy_managed_rules_000001/providers/Microsoft.Network/ApplicationGatewayWebApplicationFirewallPolicies/agp1",
      "location": "westus", "properties": {"policySettings": {"state": "Disabled",
      "mode": "Detection", "requestBodyCheck": true, "maxRequestBodySizeInKb": 128,
      "fileUploadLimitInMb": 100}, "customRules": [], "managedRules": {"exclusions":
      [], "managedRuleSets": [{"ruleSetType": "OWASP", "ruleSetVersion": "3.0", "ruleGroupOverrides":
      [{"ruleGroupName": "REQUEST-921-PROTOCOL-ATTACK", "rules": [{"ruleId": "921100"},
      {"ruleId": "921150"}]}, {"ruleGroupName": "REQUEST-913-SCANNER-DETECTION", "rules":
      [{"ruleId": "913100", "state": "Disabled"}]}]}]}}}'
    headers:
      Accept:
      - application/json
      Accept-Encoding:
      - gzip, deflate
      CommandName:
      - network application-gateway waf-policy managed-rule rule-set update
      Connection:
      - keep-alive
      Content-Length:
      - '781'
      Content-Type:
      - application/json
      ParameterSetName:
      - -g --policy-name --type --version --group-name --rules
      User-Agent:
      - AZURECLI/2.29.0 azsdk-python-azure-mgmt-network/19.1.0 Python/3.8.3 (Windows-10-10.0.18362-SP0)
    method: PUT
    uri: https://management.azure.com/subscriptions/00000000-0000-0000-0000-000000000000/resourceGroups/cli_test_app_gateway_waf_policy_managed_rules_000001/providers/Microsoft.Network/ApplicationGatewayWebApplicationFirewallPolicies/agp1?api-version=2021-03-01
  response:
    body:
      string: "{\r\n  \"name\": \"agp1\",\r\n  \"id\": \"/subscriptions/00000000-0000-0000-0000-000000000000/resourceGroups/cli_test_app_gateway_waf_policy_managed_rules_000001/providers/Microsoft.Network/ApplicationGatewayWebApplicationFirewallPolicies/agp1\",\r\n
        \ \"etag\": \"W/\\\"d781cc76-ad45-4846-b603-ef3cb3edcba8\\\"\",\r\n  \"type\":
        \"Microsoft.Network/ApplicationGatewayWebApplicationFirewallPolicies\",\r\n
        \ \"location\": \"westus\",\r\n  \"properties\": {\r\n    \"provisioningState\":
        \"Updating\",\r\n    \"customRules\": [],\r\n    \"policySettings\": {\r\n
        \     \"requestBodyCheck\": true,\r\n      \"maxRequestBodySizeInKb\": 128,\r\n
        \     \"fileUploadLimitInMb\": 100,\r\n      \"state\": \"Disabled\",\r\n
        \     \"mode\": \"Detection\"\r\n    },\r\n    \"managedRules\": {\r\n      \"managedRuleSets\":
        [\r\n        {\r\n          \"ruleSetType\": \"OWASP\",\r\n          \"ruleSetVersion\":
        \"3.0\",\r\n          \"ruleGroupOverrides\": [\r\n            {\r\n              \"ruleGroupName\":
        \"REQUEST-921-PROTOCOL-ATTACK\",\r\n              \"rules\": [\r\n                {\r\n
        \                 \"ruleId\": \"921100\",\r\n                  \"state\":
        \"Disabled\"\r\n                },\r\n                {\r\n                  \"ruleId\":
        \"921150\",\r\n                  \"state\": \"Disabled\"\r\n                }\r\n
        \             ]\r\n            },\r\n            {\r\n              \"ruleGroupName\":
        \"REQUEST-913-SCANNER-DETECTION\",\r\n              \"rules\": [\r\n                {\r\n
        \                 \"ruleId\": \"913100\",\r\n                  \"state\":
        \"Disabled\"\r\n                }\r\n              ]\r\n            }\r\n
        \         ]\r\n        }\r\n      ],\r\n      \"exclusions\": []\r\n    }\r\n
        \ }\r\n}"
    headers:
      azure-asyncnotification:
      - Enabled
      azure-asyncoperation:
      - https://management.azure.com/subscriptions/00000000-0000-0000-0000-000000000000/providers/Microsoft.Network/locations/westus/operations/f280efef-af3f-4948-94eb-1eec87344474?api-version=2021-03-01
      cache-control:
      - no-cache
      content-length:
      - '1560'
      content-type:
      - application/json; charset=utf-8
      date:
      - Mon, 11 Oct 2021 10:15:32 GMT
      expires:
      - '-1'
      pragma:
      - no-cache
      server:
      - Microsoft-HTTPAPI/2.0
      - Microsoft-HTTPAPI/2.0
      strict-transport-security:
      - max-age=31536000; includeSubDomains
      transfer-encoding:
      - chunked
      vary:
      - Accept-Encoding
      x-content-type-options:
      - nosniff
      x-ms-arm-service-request-id:
      - 3c6366bb-9a12-494a-96ea-ba85a2933575
      x-ms-ratelimit-remaining-subscription-writes:
      - '1193'
    status:
      code: 200
      message: OK
- request:
    body: null
    headers:
      Accept:
      - application/json
      Accept-Encoding:
      - gzip, deflate
      CommandName:
      - network application-gateway waf-policy managed-rule rule-set list
      Connection:
      - keep-alive
      ParameterSetName:
      - -g --policy-name
      User-Agent:
      - AZURECLI/2.29.0 azsdk-python-azure-mgmt-network/19.1.0 Python/3.8.3 (Windows-10-10.0.18362-SP0)
    method: GET
    uri: https://management.azure.com/subscriptions/00000000-0000-0000-0000-000000000000/resourceGroups/cli_test_app_gateway_waf_policy_managed_rules_000001/providers/Microsoft.Network/ApplicationGatewayWebApplicationFirewallPolicies/agp1?api-version=2021-03-01
  response:
    body:
      string: "{\r\n  \"name\": \"agp1\",\r\n  \"id\": \"/subscriptions/00000000-0000-0000-0000-000000000000/resourceGroups/cli_test_app_gateway_waf_policy_managed_rules_000001/providers/Microsoft.Network/ApplicationGatewayWebApplicationFirewallPolicies/agp1\",\r\n
        \ \"etag\": \"W/\\\"04093651-2db9-47ea-9999-844aa089b55a\\\"\",\r\n  \"type\":
        \"Microsoft.Network/ApplicationGatewayWebApplicationFirewallPolicies\",\r\n
        \ \"location\": \"westus\",\r\n  \"properties\": {\r\n    \"provisioningState\":
        \"Succeeded\",\r\n    \"customRules\": [],\r\n    \"policySettings\": {\r\n
        \     \"requestBodyCheck\": true,\r\n      \"maxRequestBodySizeInKb\": 128,\r\n
        \     \"fileUploadLimitInMb\": 100,\r\n      \"state\": \"Disabled\",\r\n
        \     \"mode\": \"Detection\"\r\n    },\r\n    \"managedRules\": {\r\n      \"managedRuleSets\":
        [\r\n        {\r\n          \"ruleSetType\": \"OWASP\",\r\n          \"ruleSetVersion\":
        \"3.0\",\r\n          \"ruleGroupOverrides\": [\r\n            {\r\n              \"ruleGroupName\":
        \"REQUEST-921-PROTOCOL-ATTACK\",\r\n              \"rules\": [\r\n                {\r\n
        \                 \"ruleId\": \"921100\",\r\n                  \"state\":
        \"Disabled\"\r\n                },\r\n                {\r\n                  \"ruleId\":
        \"921150\",\r\n                  \"state\": \"Disabled\"\r\n                }\r\n
        \             ]\r\n            },\r\n            {\r\n              \"ruleGroupName\":
        \"REQUEST-913-SCANNER-DETECTION\",\r\n              \"rules\": [\r\n                {\r\n
        \                 \"ruleId\": \"913100\",\r\n                  \"state\":
        \"Disabled\"\r\n                }\r\n              ]\r\n            }\r\n
        \         ]\r\n        }\r\n      ],\r\n      \"exclusions\": []\r\n    }\r\n
        \ }\r\n}"
    headers:
      cache-control:
      - no-cache
      content-length:
      - '1561'
      content-type:
      - application/json; charset=utf-8
      date:
      - Mon, 11 Oct 2021 10:15:33 GMT
      etag:
      - W/"04093651-2db9-47ea-9999-844aa089b55a"
      expires:
      - '-1'
      pragma:
      - no-cache
      server:
      - Microsoft-HTTPAPI/2.0
      - Microsoft-HTTPAPI/2.0
      strict-transport-security:
      - max-age=31536000; includeSubDomains
      transfer-encoding:
      - chunked
      vary:
      - Accept-Encoding
      x-content-type-options:
      - nosniff
      x-ms-arm-service-request-id:
      - ef549040-1b80-4d0f-aec4-bdc1c892ce27
    status:
      code: 200
      message: OK
- request:
    body: null
    headers:
      Accept:
      - application/json
      Accept-Encoding:
      - gzip, deflate
      CommandName:
      - network application-gateway waf-policy managed-rule rule-set remove
      Connection:
      - keep-alive
      ParameterSetName:
      - -g --policy-name --type --version --group-name
      User-Agent:
      - AZURECLI/2.29.0 azsdk-python-azure-mgmt-network/19.1.0 Python/3.8.3 (Windows-10-10.0.18362-SP0)
    method: GET
    uri: https://management.azure.com/subscriptions/00000000-0000-0000-0000-000000000000/resourceGroups/cli_test_app_gateway_waf_policy_managed_rules_000001/providers/Microsoft.Network/ApplicationGatewayWebApplicationFirewallPolicies/agp1?api-version=2021-03-01
  response:
    body:
      string: "{\r\n  \"name\": \"agp1\",\r\n  \"id\": \"/subscriptions/00000000-0000-0000-0000-000000000000/resourceGroups/cli_test_app_gateway_waf_policy_managed_rules_000001/providers/Microsoft.Network/ApplicationGatewayWebApplicationFirewallPolicies/agp1\",\r\n
        \ \"etag\": \"W/\\\"04093651-2db9-47ea-9999-844aa089b55a\\\"\",\r\n  \"type\":
        \"Microsoft.Network/ApplicationGatewayWebApplicationFirewallPolicies\",\r\n
        \ \"location\": \"westus\",\r\n  \"properties\": {\r\n    \"provisioningState\":
        \"Succeeded\",\r\n    \"customRules\": [],\r\n    \"policySettings\": {\r\n
        \     \"requestBodyCheck\": true,\r\n      \"maxRequestBodySizeInKb\": 128,\r\n
        \     \"fileUploadLimitInMb\": 100,\r\n      \"state\": \"Disabled\",\r\n
        \     \"mode\": \"Detection\"\r\n    },\r\n    \"managedRules\": {\r\n      \"managedRuleSets\":
        [\r\n        {\r\n          \"ruleSetType\": \"OWASP\",\r\n          \"ruleSetVersion\":
        \"3.0\",\r\n          \"ruleGroupOverrides\": [\r\n            {\r\n              \"ruleGroupName\":
        \"REQUEST-921-PROTOCOL-ATTACK\",\r\n              \"rules\": [\r\n                {\r\n
        \                 \"ruleId\": \"921100\",\r\n                  \"state\":
        \"Disabled\"\r\n                },\r\n                {\r\n                  \"ruleId\":
        \"921150\",\r\n                  \"state\": \"Disabled\"\r\n                }\r\n
        \             ]\r\n            },\r\n            {\r\n              \"ruleGroupName\":
        \"REQUEST-913-SCANNER-DETECTION\",\r\n              \"rules\": [\r\n                {\r\n
        \                 \"ruleId\": \"913100\",\r\n                  \"state\":
        \"Disabled\"\r\n                }\r\n              ]\r\n            }\r\n
        \         ]\r\n        }\r\n      ],\r\n      \"exclusions\": []\r\n    }\r\n
        \ }\r\n}"
    headers:
      cache-control:
      - no-cache
      content-length:
      - '1561'
      content-type:
      - application/json; charset=utf-8
      date:
      - Mon, 11 Oct 2021 10:15:35 GMT
      etag:
      - W/"04093651-2db9-47ea-9999-844aa089b55a"
      expires:
      - '-1'
      pragma:
      - no-cache
      server:
      - Microsoft-HTTPAPI/2.0
      - Microsoft-HTTPAPI/2.0
      strict-transport-security:
      - max-age=31536000; includeSubDomains
      transfer-encoding:
      - chunked
      vary:
      - Accept-Encoding
      x-content-type-options:
      - nosniff
      x-ms-arm-service-request-id:
      - f9858a8c-63f2-4e48-b680-495b771e01e3
    status:
      code: 200
      message: OK
- request:
    body: '{"id": "/subscriptions/00000000-0000-0000-0000-000000000000/resourceGroups/cli_test_app_gateway_waf_policy_managed_rules_000001/providers/Microsoft.Network/ApplicationGatewayWebApplicationFirewallPolicies/agp1",
      "location": "westus", "properties": {"policySettings": {"state": "Disabled",
      "mode": "Detection", "requestBodyCheck": true, "maxRequestBodySizeInKb": 128,
      "fileUploadLimitInMb": 100}, "customRules": [], "managedRules": {"exclusions":
      [], "managedRuleSets": [{"ruleSetType": "OWASP", "ruleSetVersion": "3.0", "ruleGroupOverrides":
      [{"ruleGroupName": "REQUEST-913-SCANNER-DETECTION", "rules": [{"ruleId": "913100",
      "state": "Disabled"}]}]}]}}}'
    headers:
      Accept:
      - application/json
      Accept-Encoding:
      - gzip, deflate
      CommandName:
      - network application-gateway waf-policy managed-rule rule-set remove
      Connection:
      - keep-alive
      Content-Length:
      - '676'
      Content-Type:
      - application/json
      ParameterSetName:
      - -g --policy-name --type --version --group-name
      User-Agent:
      - AZURECLI/2.29.0 azsdk-python-azure-mgmt-network/19.1.0 Python/3.8.3 (Windows-10-10.0.18362-SP0)
    method: PUT
    uri: https://management.azure.com/subscriptions/00000000-0000-0000-0000-000000000000/resourceGroups/cli_test_app_gateway_waf_policy_managed_rules_000001/providers/Microsoft.Network/ApplicationGatewayWebApplicationFirewallPolicies/agp1?api-version=2021-03-01
  response:
    body:
      string: "{\r\n  \"name\": \"agp1\",\r\n  \"id\": \"/subscriptions/00000000-0000-0000-0000-000000000000/resourceGroups/cli_test_app_gateway_waf_policy_managed_rules_000001/providers/Microsoft.Network/ApplicationGatewayWebApplicationFirewallPolicies/agp1\",\r\n
        \ \"etag\": \"W/\\\"1fb13c16-e8f0-4879-b15f-cbb54a9e81b3\\\"\",\r\n  \"type\":
        \"Microsoft.Network/ApplicationGatewayWebApplicationFirewallPolicies\",\r\n
        \ \"location\": \"westus\",\r\n  \"properties\": {\r\n    \"provisioningState\":
        \"Updating\",\r\n    \"customRules\": [],\r\n    \"policySettings\": {\r\n
        \     \"requestBodyCheck\": true,\r\n      \"maxRequestBodySizeInKb\": 128,\r\n
        \     \"fileUploadLimitInMb\": 100,\r\n      \"state\": \"Disabled\",\r\n
        \     \"mode\": \"Detection\"\r\n    },\r\n    \"managedRules\": {\r\n      \"managedRuleSets\":
        [\r\n        {\r\n          \"ruleSetType\": \"OWASP\",\r\n          \"ruleSetVersion\":
        \"3.0\",\r\n          \"ruleGroupOverrides\": [\r\n            {\r\n              \"ruleGroupName\":
        \"REQUEST-913-SCANNER-DETECTION\",\r\n              \"rules\": [\r\n                {\r\n
        \                 \"ruleId\": \"913100\",\r\n                  \"state\":
        \"Disabled\"\r\n                }\r\n              ]\r\n            }\r\n
        \         ]\r\n        }\r\n      ],\r\n      \"exclusions\": []\r\n    }\r\n
        \ }\r\n}"
    headers:
      azure-asyncnotification:
      - Enabled
      azure-asyncoperation:
      - https://management.azure.com/subscriptions/00000000-0000-0000-0000-000000000000/providers/Microsoft.Network/locations/westus/operations/da866f09-3f11-46f6-90c7-7ea9cf7a0a45?api-version=2021-03-01
      cache-control:
      - no-cache
      content-length:
      - '1190'
      content-type:
      - application/json; charset=utf-8
      date:
      - Mon, 11 Oct 2021 10:15:36 GMT
      expires:
      - '-1'
      pragma:
      - no-cache
      server:
      - Microsoft-HTTPAPI/2.0
      - Microsoft-HTTPAPI/2.0
      strict-transport-security:
      - max-age=31536000; includeSubDomains
      transfer-encoding:
      - chunked
      vary:
      - Accept-Encoding
      x-content-type-options:
      - nosniff
      x-ms-arm-service-request-id:
      - d141a6ee-653a-4ab5-8c6b-60cc273c93b4
      x-ms-ratelimit-remaining-subscription-writes:
      - '1196'
    status:
      code: 200
      message: OK
- request:
    body: null
    headers:
      Accept:
      - application/json
      Accept-Encoding:
      - gzip, deflate
      CommandName:
      - network application-gateway waf-policy managed-rule rule-set list
      Connection:
      - keep-alive
      ParameterSetName:
      - -g --policy-name
      User-Agent:
      - AZURECLI/2.29.0 azsdk-python-azure-mgmt-network/19.1.0 Python/3.8.3 (Windows-10-10.0.18362-SP0)
    method: GET
    uri: https://management.azure.com/subscriptions/00000000-0000-0000-0000-000000000000/resourceGroups/cli_test_app_gateway_waf_policy_managed_rules_000001/providers/Microsoft.Network/ApplicationGatewayWebApplicationFirewallPolicies/agp1?api-version=2021-03-01
  response:
    body:
      string: "{\r\n  \"name\": \"agp1\",\r\n  \"id\": \"/subscriptions/00000000-0000-0000-0000-000000000000/resourceGroups/cli_test_app_gateway_waf_policy_managed_rules_000001/providers/Microsoft.Network/ApplicationGatewayWebApplicationFirewallPolicies/agp1\",\r\n
        \ \"etag\": \"W/\\\"4e2974c0-b041-46bd-9732-d0670bf6b496\\\"\",\r\n  \"type\":
        \"Microsoft.Network/ApplicationGatewayWebApplicationFirewallPolicies\",\r\n
        \ \"location\": \"westus\",\r\n  \"properties\": {\r\n    \"provisioningState\":
        \"Succeeded\",\r\n    \"customRules\": [],\r\n    \"policySettings\": {\r\n
        \     \"requestBodyCheck\": true,\r\n      \"maxRequestBodySizeInKb\": 128,\r\n
        \     \"fileUploadLimitInMb\": 100,\r\n      \"state\": \"Disabled\",\r\n
        \     \"mode\": \"Detection\"\r\n    },\r\n    \"managedRules\": {\r\n      \"managedRuleSets\":
        [\r\n        {\r\n          \"ruleSetType\": \"OWASP\",\r\n          \"ruleSetVersion\":
        \"3.0\",\r\n          \"ruleGroupOverrides\": [\r\n            {\r\n              \"ruleGroupName\":
        \"REQUEST-913-SCANNER-DETECTION\",\r\n              \"rules\": [\r\n                {\r\n
        \                 \"ruleId\": \"913100\",\r\n                  \"state\":
        \"Disabled\"\r\n                }\r\n              ]\r\n            }\r\n
        \         ]\r\n        }\r\n      ],\r\n      \"exclusions\": []\r\n    }\r\n
        \ }\r\n}"
    headers:
      cache-control:
      - no-cache
      content-length:
      - '1191'
      content-type:
      - application/json; charset=utf-8
      date:
      - Mon, 11 Oct 2021 10:15:37 GMT
      etag:
      - W/"4e2974c0-b041-46bd-9732-d0670bf6b496"
      expires:
      - '-1'
      pragma:
      - no-cache
      server:
      - Microsoft-HTTPAPI/2.0
      - Microsoft-HTTPAPI/2.0
      strict-transport-security:
      - max-age=31536000; includeSubDomains
      transfer-encoding:
      - chunked
      vary:
      - Accept-Encoding
      x-content-type-options:
      - nosniff
      x-ms-arm-service-request-id:
      - 222db75e-bcbc-45cf-8224-1cc0f7a8ce37
    status:
      code: 200
      message: OK
- request:
    body: null
    headers:
      Accept:
      - application/json
      Accept-Encoding:
      - gzip, deflate
      CommandName:
      - network application-gateway waf-policy managed-rule rule-set update
      Connection:
      - keep-alive
      ParameterSetName:
      - -g --policy-name --type --version
      User-Agent:
      - AZURECLI/2.29.0 azsdk-python-azure-mgmt-network/19.1.0 Python/3.8.3 (Windows-10-10.0.18362-SP0)
    method: GET
    uri: https://management.azure.com/subscriptions/00000000-0000-0000-0000-000000000000/resourceGroups/cli_test_app_gateway_waf_policy_managed_rules_000001/providers/Microsoft.Network/ApplicationGatewayWebApplicationFirewallPolicies/agp1?api-version=2021-03-01
  response:
    body:
      string: "{\r\n  \"name\": \"agp1\",\r\n  \"id\": \"/subscriptions/00000000-0000-0000-0000-000000000000/resourceGroups/cli_test_app_gateway_waf_policy_managed_rules_000001/providers/Microsoft.Network/ApplicationGatewayWebApplicationFirewallPolicies/agp1\",\r\n
        \ \"etag\": \"W/\\\"4e2974c0-b041-46bd-9732-d0670bf6b496\\\"\",\r\n  \"type\":
        \"Microsoft.Network/ApplicationGatewayWebApplicationFirewallPolicies\",\r\n
        \ \"location\": \"westus\",\r\n  \"properties\": {\r\n    \"provisioningState\":
        \"Succeeded\",\r\n    \"customRules\": [],\r\n    \"policySettings\": {\r\n
        \     \"requestBodyCheck\": true,\r\n      \"maxRequestBodySizeInKb\": 128,\r\n
        \     \"fileUploadLimitInMb\": 100,\r\n      \"state\": \"Disabled\",\r\n
        \     \"mode\": \"Detection\"\r\n    },\r\n    \"managedRules\": {\r\n      \"managedRuleSets\":
        [\r\n        {\r\n          \"ruleSetType\": \"OWASP\",\r\n          \"ruleSetVersion\":
        \"3.0\",\r\n          \"ruleGroupOverrides\": [\r\n            {\r\n              \"ruleGroupName\":
        \"REQUEST-913-SCANNER-DETECTION\",\r\n              \"rules\": [\r\n                {\r\n
        \                 \"ruleId\": \"913100\",\r\n                  \"state\":
        \"Disabled\"\r\n                }\r\n              ]\r\n            }\r\n
        \         ]\r\n        }\r\n      ],\r\n      \"exclusions\": []\r\n    }\r\n
        \ }\r\n}"
    headers:
      cache-control:
      - no-cache
      content-length:
      - '1191'
      content-type:
      - application/json; charset=utf-8
      date:
      - Mon, 11 Oct 2021 10:15:37 GMT
      etag:
      - W/"4e2974c0-b041-46bd-9732-d0670bf6b496"
      expires:
      - '-1'
      pragma:
      - no-cache
      server:
      - Microsoft-HTTPAPI/2.0
      - Microsoft-HTTPAPI/2.0
      strict-transport-security:
      - max-age=31536000; includeSubDomains
      transfer-encoding:
      - chunked
      vary:
      - Accept-Encoding
      x-content-type-options:
      - nosniff
      x-ms-arm-service-request-id:
      - d922db60-c135-4839-a88d-399bd551ca3f
    status:
      code: 200
      message: OK
- request:
    body: '{"id": "/subscriptions/00000000-0000-0000-0000-000000000000/resourceGroups/cli_test_app_gateway_waf_policy_managed_rules_000001/providers/Microsoft.Network/ApplicationGatewayWebApplicationFirewallPolicies/agp1",
      "location": "westus", "properties": {"policySettings": {"state": "Disabled",
      "mode": "Detection", "requestBodyCheck": true, "maxRequestBodySizeInKb": 128,
      "fileUploadLimitInMb": 100}, "customRules": [], "managedRules": {"exclusions":
      [], "managedRuleSets": [{"ruleSetType": "OWASP", "ruleSetVersion": "3.1", "ruleGroupOverrides":
      []}]}}}'
    headers:
      Accept:
      - application/json
      Accept-Encoding:
      - gzip, deflate
      CommandName:
      - network application-gateway waf-policy managed-rule rule-set update
      Connection:
      - keep-alive
      Content-Length:
      - '572'
      Content-Type:
      - application/json
      ParameterSetName:
      - -g --policy-name --type --version
      User-Agent:
      - AZURECLI/2.29.0 azsdk-python-azure-mgmt-network/19.1.0 Python/3.8.3 (Windows-10-10.0.18362-SP0)
    method: PUT
    uri: https://management.azure.com/subscriptions/00000000-0000-0000-0000-000000000000/resourceGroups/cli_test_app_gateway_waf_policy_managed_rules_000001/providers/Microsoft.Network/ApplicationGatewayWebApplicationFirewallPolicies/agp1?api-version=2021-03-01
  response:
    body:
      string: "{\r\n  \"name\": \"agp1\",\r\n  \"id\": \"/subscriptions/00000000-0000-0000-0000-000000000000/resourceGroups/cli_test_app_gateway_waf_policy_managed_rules_000001/providers/Microsoft.Network/ApplicationGatewayWebApplicationFirewallPolicies/agp1\",\r\n
        \ \"etag\": \"W/\\\"15e14ce7-654a-4cb8-a8cd-0256f075f44b\\\"\",\r\n  \"type\":
        \"Microsoft.Network/ApplicationGatewayWebApplicationFirewallPolicies\",\r\n
        \ \"location\": \"westus\",\r\n  \"properties\": {\r\n    \"provisioningState\":
        \"Updating\",\r\n    \"customRules\": [],\r\n    \"policySettings\": {\r\n
        \     \"requestBodyCheck\": true,\r\n      \"maxRequestBodySizeInKb\": 128,\r\n
        \     \"fileUploadLimitInMb\": 100,\r\n      \"state\": \"Disabled\",\r\n
        \     \"mode\": \"Detection\"\r\n    },\r\n    \"managedRules\": {\r\n      \"managedRuleSets\":
        [\r\n        {\r\n          \"ruleSetType\": \"OWASP\",\r\n          \"ruleSetVersion\":
        \"3.1\",\r\n          \"ruleGroupOverrides\": []\r\n        }\r\n      ],\r\n
        \     \"exclusions\": []\r\n    }\r\n  }\r\n}"
    headers:
      azure-asyncnotification:
      - Enabled
      azure-asyncoperation:
      - https://management.azure.com/subscriptions/00000000-0000-0000-0000-000000000000/providers/Microsoft.Network/locations/westus/operations/8fa6423a-e92e-4e25-b331-7cd6916c2067?api-version=2021-03-01
      cache-control:
      - no-cache
      content-length:
      - '924'
      content-type:
      - application/json; charset=utf-8
      date:
      - Mon, 11 Oct 2021 10:15:38 GMT
      expires:
      - '-1'
      pragma:
      - no-cache
      server:
      - Microsoft-HTTPAPI/2.0
      - Microsoft-HTTPAPI/2.0
      strict-transport-security:
      - max-age=31536000; includeSubDomains
      transfer-encoding:
      - chunked
      vary:
      - Accept-Encoding
      x-content-type-options:
      - nosniff
      x-ms-arm-service-request-id:
      - 0b839b8c-f12a-4686-abf1-8f24ce7c5436
      x-ms-ratelimit-remaining-subscription-writes:
      - '1195'
    status:
      code: 200
      message: OK
- request:
    body: null
    headers:
      Accept:
      - application/json
      Accept-Encoding:
      - gzip, deflate
      CommandName:
      - network application-gateway waf-policy managed-rule rule-set list
      Connection:
      - keep-alive
      ParameterSetName:
      - -g --policy-name
      User-Agent:
      - AZURECLI/2.29.0 azsdk-python-azure-mgmt-network/19.1.0 Python/3.8.3 (Windows-10-10.0.18362-SP0)
    method: GET
    uri: https://management.azure.com/subscriptions/00000000-0000-0000-0000-000000000000/resourceGroups/cli_test_app_gateway_waf_policy_managed_rules_000001/providers/Microsoft.Network/ApplicationGatewayWebApplicationFirewallPolicies/agp1?api-version=2021-03-01
  response:
    body:
      string: "{\r\n  \"name\": \"agp1\",\r\n  \"id\": \"/subscriptions/00000000-0000-0000-0000-000000000000/resourceGroups/cli_test_app_gateway_waf_policy_managed_rules_000001/providers/Microsoft.Network/ApplicationGatewayWebApplicationFirewallPolicies/agp1\",\r\n
        \ \"etag\": \"W/\\\"3d346ce8-f7dc-4182-80aa-40096834aa2b\\\"\",\r\n  \"type\":
        \"Microsoft.Network/ApplicationGatewayWebApplicationFirewallPolicies\",\r\n
        \ \"location\": \"westus\",\r\n  \"properties\": {\r\n    \"provisioningState\":
        \"Succeeded\",\r\n    \"customRules\": [],\r\n    \"policySettings\": {\r\n
        \     \"requestBodyCheck\": true,\r\n      \"maxRequestBodySizeInKb\": 128,\r\n
        \     \"fileUploadLimitInMb\": 100,\r\n      \"state\": \"Disabled\",\r\n
        \     \"mode\": \"Detection\"\r\n    },\r\n    \"managedRules\": {\r\n      \"managedRuleSets\":
        [\r\n        {\r\n          \"ruleSetType\": \"OWASP\",\r\n          \"ruleSetVersion\":
        \"3.1\",\r\n          \"ruleGroupOverrides\": []\r\n        }\r\n      ],\r\n
        \     \"exclusions\": []\r\n    }\r\n  }\r\n}"
    headers:
      cache-control:
      - no-cache
      content-length:
      - '925'
      content-type:
      - application/json; charset=utf-8
      date:
      - Mon, 11 Oct 2021 10:15:39 GMT
      etag:
      - W/"3d346ce8-f7dc-4182-80aa-40096834aa2b"
      expires:
      - '-1'
      pragma:
      - no-cache
      server:
      - Microsoft-HTTPAPI/2.0
      - Microsoft-HTTPAPI/2.0
      strict-transport-security:
      - max-age=31536000; includeSubDomains
      transfer-encoding:
      - chunked
      vary:
      - Accept-Encoding
      x-content-type-options:
      - nosniff
      x-ms-arm-service-request-id:
      - 6af24f0a-13c5-46e9-b551-190c23a4940f
    status:
      code: 200
      message: OK
- request:
    body: null
    headers:
      Accept:
      - application/json
      Accept-Encoding:
      - gzip, deflate
      CommandName:
      - network application-gateway waf-policy managed-rule rule-set update
      Connection:
      - keep-alive
      ParameterSetName:
      - -g --policy-name --type --version --group-name --rules
      User-Agent:
      - AZURECLI/2.29.0 azsdk-python-azure-mgmt-network/19.1.0 Python/3.8.3 (Windows-10-10.0.18362-SP0)
    method: GET
    uri: https://management.azure.com/subscriptions/00000000-0000-0000-0000-000000000000/resourceGroups/cli_test_app_gateway_waf_policy_managed_rules_000001/providers/Microsoft.Network/ApplicationGatewayWebApplicationFirewallPolicies/agp1?api-version=2021-03-01
  response:
    body:
      string: "{\r\n  \"name\": \"agp1\",\r\n  \"id\": \"/subscriptions/00000000-0000-0000-0000-000000000000/resourceGroups/cli_test_app_gateway_waf_policy_managed_rules_000001/providers/Microsoft.Network/ApplicationGatewayWebApplicationFirewallPolicies/agp1\",\r\n
        \ \"etag\": \"W/\\\"3d346ce8-f7dc-4182-80aa-40096834aa2b\\\"\",\r\n  \"type\":
        \"Microsoft.Network/ApplicationGatewayWebApplicationFirewallPolicies\",\r\n
        \ \"location\": \"westus\",\r\n  \"properties\": {\r\n    \"provisioningState\":
        \"Succeeded\",\r\n    \"customRules\": [],\r\n    \"policySettings\": {\r\n
        \     \"requestBodyCheck\": true,\r\n      \"maxRequestBodySizeInKb\": 128,\r\n
        \     \"fileUploadLimitInMb\": 100,\r\n      \"state\": \"Disabled\",\r\n
        \     \"mode\": \"Detection\"\r\n    },\r\n    \"managedRules\": {\r\n      \"managedRuleSets\":
        [\r\n        {\r\n          \"ruleSetType\": \"OWASP\",\r\n          \"ruleSetVersion\":
        \"3.1\",\r\n          \"ruleGroupOverrides\": []\r\n        }\r\n      ],\r\n
        \     \"exclusions\": []\r\n    }\r\n  }\r\n}"
    headers:
      cache-control:
      - no-cache
      content-length:
      - '925'
      content-type:
      - application/json; charset=utf-8
      date:
      - Mon, 11 Oct 2021 10:15:40 GMT
      etag:
      - W/"3d346ce8-f7dc-4182-80aa-40096834aa2b"
      expires:
      - '-1'
      pragma:
      - no-cache
      server:
      - Microsoft-HTTPAPI/2.0
      - Microsoft-HTTPAPI/2.0
      strict-transport-security:
      - max-age=31536000; includeSubDomains
      transfer-encoding:
      - chunked
      vary:
      - Accept-Encoding
      x-content-type-options:
      - nosniff
      x-ms-arm-service-request-id:
      - 2c17cb73-0972-41ca-9138-9b89a5356229
    status:
      code: 200
      message: OK
- request:
    body: '{"id": "/subscriptions/00000000-0000-0000-0000-000000000000/resourceGroups/cli_test_app_gateway_waf_policy_managed_rules_000001/providers/Microsoft.Network/ApplicationGatewayWebApplicationFirewallPolicies/agp1",
      "location": "westus", "properties": {"policySettings": {"state": "Disabled",
      "mode": "Detection", "requestBodyCheck": true, "maxRequestBodySizeInKb": 128,
      "fileUploadLimitInMb": 100}, "customRules": [], "managedRules": {"exclusions":
      [], "managedRuleSets": [{"ruleSetType": "OWASP", "ruleSetVersion": "3.1", "ruleGroupOverrides":
      [{"ruleGroupName": "REQUEST-911-METHOD-ENFORCEMENT", "rules": [{"ruleId": "911100"}]}]}]}}}'
    headers:
      Accept:
      - application/json
      Accept-Encoding:
      - gzip, deflate
      CommandName:
      - network application-gateway waf-policy managed-rule rule-set update
      Connection:
      - keep-alive
      Content-Length:
      - '656'
      Content-Type:
      - application/json
      ParameterSetName:
      - -g --policy-name --type --version --group-name --rules
      User-Agent:
      - AZURECLI/2.29.0 azsdk-python-azure-mgmt-network/19.1.0 Python/3.8.3 (Windows-10-10.0.18362-SP0)
    method: PUT
    uri: https://management.azure.com/subscriptions/00000000-0000-0000-0000-000000000000/resourceGroups/cli_test_app_gateway_waf_policy_managed_rules_000001/providers/Microsoft.Network/ApplicationGatewayWebApplicationFirewallPolicies/agp1?api-version=2021-03-01
  response:
    body:
      string: "{\r\n  \"name\": \"agp1\",\r\n  \"id\": \"/subscriptions/00000000-0000-0000-0000-000000000000/resourceGroups/cli_test_app_gateway_waf_policy_managed_rules_000001/providers/Microsoft.Network/ApplicationGatewayWebApplicationFirewallPolicies/agp1\",\r\n
        \ \"etag\": \"W/\\\"aea4c13f-d40d-488c-81f3-a7f95bece8fb\\\"\",\r\n  \"type\":
        \"Microsoft.Network/ApplicationGatewayWebApplicationFirewallPolicies\",\r\n
        \ \"location\": \"westus\",\r\n  \"properties\": {\r\n    \"provisioningState\":
        \"Updating\",\r\n    \"customRules\": [],\r\n    \"policySettings\": {\r\n
        \     \"requestBodyCheck\": true,\r\n      \"maxRequestBodySizeInKb\": 128,\r\n
        \     \"fileUploadLimitInMb\": 100,\r\n      \"state\": \"Disabled\",\r\n
        \     \"mode\": \"Detection\"\r\n    },\r\n    \"managedRules\": {\r\n      \"managedRuleSets\":
        [\r\n        {\r\n          \"ruleSetType\": \"OWASP\",\r\n          \"ruleSetVersion\":
        \"3.1\",\r\n          \"ruleGroupOverrides\": [\r\n            {\r\n              \"ruleGroupName\":
        \"REQUEST-911-METHOD-ENFORCEMENT\",\r\n              \"rules\": [\r\n                {\r\n
        \                 \"ruleId\": \"911100\",\r\n                  \"state\":
        \"Disabled\"\r\n                }\r\n              ]\r\n            }\r\n
        \         ]\r\n        }\r\n      ],\r\n      \"exclusions\": []\r\n    }\r\n
        \ }\r\n}"
    headers:
      azure-asyncnotification:
      - Enabled
      azure-asyncoperation:
      - https://management.azure.com/subscriptions/00000000-0000-0000-0000-000000000000/providers/Microsoft.Network/locations/westus/operations/7101d63b-24ba-4507-95e8-bcd3d8e020d3?api-version=2021-03-01
      cache-control:
      - no-cache
      content-length:
      - '1191'
      content-type:
      - application/json; charset=utf-8
      date:
      - Mon, 11 Oct 2021 10:15:41 GMT
      expires:
      - '-1'
      pragma:
      - no-cache
      server:
      - Microsoft-HTTPAPI/2.0
      - Microsoft-HTTPAPI/2.0
      strict-transport-security:
      - max-age=31536000; includeSubDomains
      transfer-encoding:
      - chunked
      vary:
      - Accept-Encoding
      x-content-type-options:
      - nosniff
      x-ms-arm-service-request-id:
      - 750b455a-c062-43e9-9a3d-998f1df31a64
      x-ms-ratelimit-remaining-subscription-writes:
      - '1193'
    status:
      code: 200
      message: OK
- request:
    body: null
    headers:
      Accept:
      - application/json
      Accept-Encoding:
      - gzip, deflate
      CommandName:
      - network application-gateway waf-policy managed-rule rule-set list
      Connection:
      - keep-alive
      ParameterSetName:
      - -g --policy-name
      User-Agent:
      - AZURECLI/2.29.0 azsdk-python-azure-mgmt-network/19.1.0 Python/3.8.3 (Windows-10-10.0.18362-SP0)
    method: GET
    uri: https://management.azure.com/subscriptions/00000000-0000-0000-0000-000000000000/resourceGroups/cli_test_app_gateway_waf_policy_managed_rules_000001/providers/Microsoft.Network/ApplicationGatewayWebApplicationFirewallPolicies/agp1?api-version=2021-03-01
  response:
    body:
      string: "{\r\n  \"name\": \"agp1\",\r\n  \"id\": \"/subscriptions/00000000-0000-0000-0000-000000000000/resourceGroups/cli_test_app_gateway_waf_policy_managed_rules_000001/providers/Microsoft.Network/ApplicationGatewayWebApplicationFirewallPolicies/agp1\",\r\n
        \ \"etag\": \"W/\\\"4cd1e815-2536-478a-9f42-83cebb3219f5\\\"\",\r\n  \"type\":
        \"Microsoft.Network/ApplicationGatewayWebApplicationFirewallPolicies\",\r\n
        \ \"location\": \"westus\",\r\n  \"properties\": {\r\n    \"provisioningState\":
        \"Succeeded\",\r\n    \"customRules\": [],\r\n    \"policySettings\": {\r\n
        \     \"requestBodyCheck\": true,\r\n      \"maxRequestBodySizeInKb\": 128,\r\n
        \     \"fileUploadLimitInMb\": 100,\r\n      \"state\": \"Disabled\",\r\n
        \     \"mode\": \"Detection\"\r\n    },\r\n    \"managedRules\": {\r\n      \"managedRuleSets\":
        [\r\n        {\r\n          \"ruleSetType\": \"OWASP\",\r\n          \"ruleSetVersion\":
        \"3.1\",\r\n          \"ruleGroupOverrides\": [\r\n            {\r\n              \"ruleGroupName\":
        \"REQUEST-911-METHOD-ENFORCEMENT\",\r\n              \"rules\": [\r\n                {\r\n
        \                 \"ruleId\": \"911100\",\r\n                  \"state\":
        \"Disabled\"\r\n                }\r\n              ]\r\n            }\r\n
        \         ]\r\n        }\r\n      ],\r\n      \"exclusions\": []\r\n    }\r\n
        \ }\r\n}"
    headers:
      cache-control:
      - no-cache
      content-length:
      - '1192'
      content-type:
      - application/json; charset=utf-8
      date:
      - Mon, 11 Oct 2021 10:15:42 GMT
      etag:
      - W/"4cd1e815-2536-478a-9f42-83cebb3219f5"
      expires:
      - '-1'
      pragma:
      - no-cache
      server:
      - Microsoft-HTTPAPI/2.0
      - Microsoft-HTTPAPI/2.0
      strict-transport-security:
      - max-age=31536000; includeSubDomains
      transfer-encoding:
      - chunked
      vary:
      - Accept-Encoding
      x-content-type-options:
      - nosniff
      x-ms-arm-service-request-id:
      - bc5b145b-a7c7-42cc-9ca8-9d2f9a04a74e
    status:
      code: 200
      message: OK
version: 1
