interactions:
- request:
    body: null
    headers:
      Accept:
      - application/json
      Accept-Encoding:
      - gzip, deflate
      CommandName:
      - network public-ip create
      Connection:
      - keep-alive
      ParameterSetName:
      - -g -n
      User-Agent:
      - python/3.7.3 (Windows-10-10.0.19041-SP0) msrest/0.6.21 msrest_azure/0.6.3
        azure-mgmt-resource/12.1.0 Azure-SDK-For-Python AZURECLI/2.23.0
      accept-language:
      - en-US
    method: GET
    uri: https://management.azure.com/subscriptions/00000000-0000-0000-0000-000000000000/resourcegroups/clitest.rg000001?api-version=2021-04-01
  response:
    body:
      string: '{"id":"/subscriptions/00000000-0000-0000-0000-000000000000/resourceGroups/clitest.rg000001","name":"clitest.rg000001","type":"Microsoft.Resources/resourceGroups","location":"westus","tags":{"product":"azurecli","cause":"automation","date":"2021-05-12T05:57:31Z"},"properties":{"provisioningState":"Succeeded"}}'
    headers:
      cache-control:
      - no-cache
      content-length:
      - '428'
      content-type:
      - application/json; charset=utf-8
      date:
      - Wed, 12 May 2021 05:57:34 GMT
      expires:
      - '-1'
      pragma:
      - no-cache
      strict-transport-security:
      - max-age=31536000; includeSubDomains
      vary:
      - Accept-Encoding
      x-content-type-options:
      - nosniff
    status:
      code: 200
      message: OK
- request:
    body: '{"location": "westus", "properties": {"publicIPAllocationMethod": "Dynamic",
      "publicIPAddressVersion": "IPv4", "idleTimeoutInMinutes": 4}}'
    headers:
      Accept:
      - application/json
      Accept-Encoding:
      - gzip, deflate
      CommandName:
      - network public-ip create
      Connection:
      - keep-alive
      Content-Length:
      - '138'
      Content-Type:
      - application/json
      ParameterSetName:
      - -g -n
      User-Agent:
      - AZURECLI/2.23.0 azsdk-python-azure-mgmt-network/18.0.0 Python/3.7.3 (Windows-10-10.0.19041-SP0)
    method: PUT
    uri: https://management.azure.com/subscriptions/00000000-0000-0000-0000-000000000000/resourceGroups/clitest.rg000001/providers/Microsoft.Network/publicIPAddresses/ip?api-version=2021-02-01
  response:
    body:
      string: "{\r\n  \"name\": \"ip\",\r\n  \"id\": \"/subscriptions/00000000-0000-0000-0000-000000000000/resourceGroups/clitest.rg000001/providers/Microsoft.Network/publicIPAddresses/ip\",\r\n
        \ \"etag\": \"W/\\\"11629418-0f64-44bd-96a2-078cbaa45a8c\\\"\",\r\n  \"location\":
        \"westus\",\r\n  \"properties\": {\r\n    \"provisioningState\": \"Updating\",\r\n
        \   \"resourceGuid\": \"6302fb6f-d8c4-4179-ab50-56643b411072\",\r\n    \"publicIPAddressVersion\":
        \"IPv4\",\r\n    \"publicIPAllocationMethod\": \"Dynamic\",\r\n    \"idleTimeoutInMinutes\":
        4,\r\n    \"ipTags\": []\r\n  },\r\n  \"type\": \"Microsoft.Network/publicIPAddresses\",\r\n
        \ \"sku\": {\r\n    \"name\": \"Basic\",\r\n    \"tier\": \"Regional\"\r\n
        \ }\r\n}"
    headers:
      azure-asyncnotification:
      - Enabled
      azure-asyncoperation:
      - https://management.azure.com/subscriptions/00000000-0000-0000-0000-000000000000/providers/Microsoft.Network/locations/westus/operations/7892ac31-3c85-4e15-ac8d-193194963fb6?api-version=2021-02-01
      cache-control:
      - no-cache
      content-length:
      - '677'
      content-type:
      - application/json; charset=utf-8
      date:
      - Wed, 12 May 2021 05:57:41 GMT
      expires:
      - '-1'
      pragma:
      - no-cache
      server:
      - Microsoft-HTTPAPI/2.0
      - Microsoft-HTTPAPI/2.0
      strict-transport-security:
      - max-age=31536000; includeSubDomains
      x-content-type-options:
      - nosniff
      x-ms-arm-service-request-id:
      - a8e5b2c9-aba1-4182-8474-22fdd3c2119f
      x-ms-ratelimit-remaining-subscription-writes:
      - '1199'
    status:
      code: 201
      message: Created
- request:
    body: null
    headers:
      Accept:
      - '*/*'
      Accept-Encoding:
      - gzip, deflate
      CommandName:
      - network public-ip create
      Connection:
      - keep-alive
      ParameterSetName:
      - -g -n
      User-Agent:
      - AZURECLI/2.23.0 azsdk-python-azure-mgmt-network/18.0.0 Python/3.7.3 (Windows-10-10.0.19041-SP0)
    method: GET
    uri: https://management.azure.com/subscriptions/00000000-0000-0000-0000-000000000000/providers/Microsoft.Network/locations/westus/operations/7892ac31-3c85-4e15-ac8d-193194963fb6?api-version=2021-02-01
  response:
    body:
      string: "{\r\n  \"status\": \"Succeeded\"\r\n}"
    headers:
      cache-control:
      - no-cache
      content-length:
      - '29'
      content-type:
      - application/json; charset=utf-8
      date:
      - Wed, 12 May 2021 05:57:42 GMT
      expires:
      - '-1'
      pragma:
      - no-cache
      server:
      - Microsoft-HTTPAPI/2.0
      - Microsoft-HTTPAPI/2.0
      strict-transport-security:
      - max-age=31536000; includeSubDomains
      transfer-encoding:
      - chunked
      vary:
      - Accept-Encoding
      x-content-type-options:
      - nosniff
      x-ms-arm-service-request-id:
      - 536795ad-f482-4702-9685-4298ea52d576
    status:
      code: 200
      message: OK
- request:
    body: null
    headers:
      Accept:
      - '*/*'
      Accept-Encoding:
      - gzip, deflate
      CommandName:
      - network public-ip create
      Connection:
      - keep-alive
      ParameterSetName:
      - -g -n
      User-Agent:
      - AZURECLI/2.23.0 azsdk-python-azure-mgmt-network/18.0.0 Python/3.7.3 (Windows-10-10.0.19041-SP0)
    method: GET
    uri: https://management.azure.com/subscriptions/00000000-0000-0000-0000-000000000000/resourceGroups/clitest.rg000001/providers/Microsoft.Network/publicIPAddresses/ip?api-version=2021-02-01
  response:
    body:
      string: "{\r\n  \"name\": \"ip\",\r\n  \"id\": \"/subscriptions/00000000-0000-0000-0000-000000000000/resourceGroups/clitest.rg000001/providers/Microsoft.Network/publicIPAddresses/ip\",\r\n
        \ \"etag\": \"W/\\\"b6968c79-1a0b-4817-a0b5-78d67335d48b\\\"\",\r\n  \"location\":
        \"westus\",\r\n  \"properties\": {\r\n    \"provisioningState\": \"Succeeded\",\r\n
        \   \"resourceGuid\": \"6302fb6f-d8c4-4179-ab50-56643b411072\",\r\n    \"publicIPAddressVersion\":
        \"IPv4\",\r\n    \"publicIPAllocationMethod\": \"Dynamic\",\r\n    \"idleTimeoutInMinutes\":
        4,\r\n    \"ipTags\": []\r\n  },\r\n  \"type\": \"Microsoft.Network/publicIPAddresses\",\r\n
        \ \"sku\": {\r\n    \"name\": \"Basic\",\r\n    \"tier\": \"Regional\"\r\n
        \ }\r\n}"
    headers:
      cache-control:
      - no-cache
      content-length:
      - '678'
      content-type:
      - application/json; charset=utf-8
      date:
      - Wed, 12 May 2021 05:57:42 GMT
      etag:
      - W/"b6968c79-1a0b-4817-a0b5-78d67335d48b"
      expires:
      - '-1'
      pragma:
      - no-cache
      server:
      - Microsoft-HTTPAPI/2.0
      - Microsoft-HTTPAPI/2.0
      strict-transport-security:
      - max-age=31536000; includeSubDomains
      transfer-encoding:
      - chunked
      vary:
      - Accept-Encoding
      x-content-type-options:
      - nosniff
      x-ms-arm-service-request-id:
      - dea87a32-914b-4c85-926e-3ef28a3b3bbf
    status:
      code: 200
      message: OK
- request:
    body: null
    headers:
      Accept:
      - application/json
      Accept-Encoding:
      - gzip, deflate
      CommandName:
      - network vnet create
      Connection:
      - keep-alive
      ParameterSetName:
      - -g -n --subnet-name
      User-Agent:
      - python/3.7.3 (Windows-10-10.0.19041-SP0) msrest/0.6.21 msrest_azure/0.6.3
        azure-mgmt-resource/12.1.0 Azure-SDK-For-Python AZURECLI/2.23.0
      accept-language:
      - en-US
    method: GET
    uri: https://management.azure.com/subscriptions/00000000-0000-0000-0000-000000000000/resourcegroups/clitest.rg000001?api-version=2021-04-01
  response:
    body:
      string: '{"id":"/subscriptions/00000000-0000-0000-0000-000000000000/resourceGroups/clitest.rg000001","name":"clitest.rg000001","type":"Microsoft.Resources/resourceGroups","location":"westus","tags":{"product":"azurecli","cause":"automation","date":"2021-05-12T05:57:31Z"},"properties":{"provisioningState":"Succeeded"}}'
    headers:
      cache-control:
      - no-cache
      content-length:
      - '428'
      content-type:
      - application/json; charset=utf-8
      date:
      - Wed, 12 May 2021 05:57:42 GMT
      expires:
      - '-1'
      pragma:
      - no-cache
      strict-transport-security:
      - max-age=31536000; includeSubDomains
      vary:
      - Accept-Encoding
      x-content-type-options:
      - nosniff
    status:
      code: 200
      message: OK
- request:
    body: '{"location": "westus", "tags": {}, "properties": {"addressSpace": {"addressPrefixes":
      ["10.0.0.0/16"]}, "dhcpOptions": {}, "subnets": [{"name": "GatewaySubnet", "properties":
      {"addressPrefix": "10.0.0.0/24", "privateEndpointNetworkPolicies": "Enabled",
      "privateLinkServiceNetworkPolicies": "Enabled"}}]}}'
    headers:
      Accept:
      - application/json
      Accept-Encoding:
      - gzip, deflate
      CommandName:
      - network vnet create
      Connection:
      - keep-alive
      Content-Length:
      - '304'
      Content-Type:
      - application/json
      ParameterSetName:
      - -g -n --subnet-name
      User-Agent:
      - AZURECLI/2.23.0 azsdk-python-azure-mgmt-network/18.0.0 Python/3.7.3 (Windows-10-10.0.19041-SP0)
    method: PUT
    uri: https://management.azure.com/subscriptions/00000000-0000-0000-0000-000000000000/resourceGroups/clitest.rg000001/providers/Microsoft.Network/virtualNetworks/vnet?api-version=2021-02-01
  response:
    body:
      string: "{\r\n  \"name\": \"vnet\",\r\n  \"id\": \"/subscriptions/00000000-0000-0000-0000-000000000000/resourceGroups/clitest.rg000001/providers/Microsoft.Network/virtualNetworks/vnet\",\r\n
        \ \"etag\": \"W/\\\"ba244ff9-7147-4628-8886-b1e580f56bf4\\\"\",\r\n  \"type\":
        \"Microsoft.Network/virtualNetworks\",\r\n  \"location\": \"westus\",\r\n
        \ \"tags\": {},\r\n  \"properties\": {\r\n    \"provisioningState\": \"Updating\",\r\n
        \   \"resourceGuid\": \"e6661077-0cba-4fc6-87c9-f92b94118cf4\",\r\n    \"addressSpace\":
        {\r\n      \"addressPrefixes\": [\r\n        \"10.0.0.0/16\"\r\n      ]\r\n
        \   },\r\n    \"dhcpOptions\": {\r\n      \"dnsServers\": []\r\n    },\r\n
        \   \"subnets\": [\r\n      {\r\n        \"name\": \"GatewaySubnet\",\r\n
        \       \"id\": \"/subscriptions/00000000-0000-0000-0000-000000000000/resourceGroups/clitest.rg000001/providers/Microsoft.Network/virtualNetworks/vnet/subnets/GatewaySubnet\",\r\n
        \       \"etag\": \"W/\\\"ba244ff9-7147-4628-8886-b1e580f56bf4\\\"\",\r\n
        \       \"properties\": {\r\n          \"provisioningState\": \"Updating\",\r\n
        \         \"addressPrefix\": \"10.0.0.0/24\",\r\n          \"delegations\":
        [],\r\n          \"privateEndpointNetworkPolicies\": \"Enabled\",\r\n          \"privateLinkServiceNetworkPolicies\":
        \"Enabled\"\r\n        },\r\n        \"type\": \"Microsoft.Network/virtualNetworks/subnets\"\r\n
        \     }\r\n    ],\r\n    \"virtualNetworkPeerings\": [],\r\n    \"enableDdosProtection\":
        false\r\n  }\r\n}"
    headers:
      azure-asyncnotification:
      - Enabled
      azure-asyncoperation:
      - https://management.azure.com/subscriptions/00000000-0000-0000-0000-000000000000/providers/Microsoft.Network/locations/westus/operations/9804dcc8-8317-4d61-a76d-1309b2b514a6?api-version=2021-02-01
      cache-control:
      - no-cache
      content-length:
      - '1412'
      content-type:
      - application/json; charset=utf-8
      date:
      - Wed, 12 May 2021 05:57:48 GMT
      expires:
      - '-1'
      pragma:
      - no-cache
      server:
      - Microsoft-HTTPAPI/2.0
      - Microsoft-HTTPAPI/2.0
      strict-transport-security:
      - max-age=31536000; includeSubDomains
      x-content-type-options:
      - nosniff
      x-ms-arm-service-request-id:
      - 7008d84c-fb4e-4c49-9035-c38036063d94
      x-ms-ratelimit-remaining-subscription-writes:
      - '1198'
    status:
      code: 201
      message: Created
- request:
    body: null
    headers:
      Accept:
      - '*/*'
      Accept-Encoding:
      - gzip, deflate
      CommandName:
      - network vnet create
      Connection:
      - keep-alive
      ParameterSetName:
      - -g -n --subnet-name
      User-Agent:
      - AZURECLI/2.23.0 azsdk-python-azure-mgmt-network/18.0.0 Python/3.7.3 (Windows-10-10.0.19041-SP0)
    method: GET
    uri: https://management.azure.com/subscriptions/00000000-0000-0000-0000-000000000000/providers/Microsoft.Network/locations/westus/operations/9804dcc8-8317-4d61-a76d-1309b2b514a6?api-version=2021-02-01
  response:
    body:
      string: "{\r\n  \"status\": \"Succeeded\"\r\n}"
    headers:
      cache-control:
      - no-cache
      content-length:
      - '29'
      content-type:
      - application/json; charset=utf-8
      date:
      - Wed, 12 May 2021 05:57:51 GMT
      expires:
      - '-1'
      pragma:
      - no-cache
      server:
      - Microsoft-HTTPAPI/2.0
      - Microsoft-HTTPAPI/2.0
      strict-transport-security:
      - max-age=31536000; includeSubDomains
      transfer-encoding:
      - chunked
      vary:
      - Accept-Encoding
      x-content-type-options:
      - nosniff
      x-ms-arm-service-request-id:
      - 053e8c9e-7bf5-4080-bf7a-b743aec4e25c
    status:
      code: 200
      message: OK
- request:
    body: null
    headers:
      Accept:
      - '*/*'
      Accept-Encoding:
      - gzip, deflate
      CommandName:
      - network vnet create
      Connection:
      - keep-alive
      ParameterSetName:
      - -g -n --subnet-name
      User-Agent:
      - AZURECLI/2.23.0 azsdk-python-azure-mgmt-network/18.0.0 Python/3.7.3 (Windows-10-10.0.19041-SP0)
    method: GET
    uri: https://management.azure.com/subscriptions/00000000-0000-0000-0000-000000000000/resourceGroups/clitest.rg000001/providers/Microsoft.Network/virtualNetworks/vnet?api-version=2021-02-01
  response:
    body:
      string: "{\r\n  \"name\": \"vnet\",\r\n  \"id\": \"/subscriptions/00000000-0000-0000-0000-000000000000/resourceGroups/clitest.rg000001/providers/Microsoft.Network/virtualNetworks/vnet\",\r\n
        \ \"etag\": \"W/\\\"c97dd443-dc90-4b57-ba6b-0160154675cc\\\"\",\r\n  \"type\":
        \"Microsoft.Network/virtualNetworks\",\r\n  \"location\": \"westus\",\r\n
        \ \"tags\": {},\r\n  \"properties\": {\r\n    \"provisioningState\": \"Succeeded\",\r\n
        \   \"resourceGuid\": \"e6661077-0cba-4fc6-87c9-f92b94118cf4\",\r\n    \"addressSpace\":
        {\r\n      \"addressPrefixes\": [\r\n        \"10.0.0.0/16\"\r\n      ]\r\n
        \   },\r\n    \"dhcpOptions\": {\r\n      \"dnsServers\": []\r\n    },\r\n
        \   \"subnets\": [\r\n      {\r\n        \"name\": \"GatewaySubnet\",\r\n
        \       \"id\": \"/subscriptions/00000000-0000-0000-0000-000000000000/resourceGroups/clitest.rg000001/providers/Microsoft.Network/virtualNetworks/vnet/subnets/GatewaySubnet\",\r\n
        \       \"etag\": \"W/\\\"c97dd443-dc90-4b57-ba6b-0160154675cc\\\"\",\r\n
        \       \"properties\": {\r\n          \"provisioningState\": \"Succeeded\",\r\n
        \         \"addressPrefix\": \"10.0.0.0/24\",\r\n          \"delegations\":
        [],\r\n          \"privateEndpointNetworkPolicies\": \"Enabled\",\r\n          \"privateLinkServiceNetworkPolicies\":
        \"Enabled\"\r\n        },\r\n        \"type\": \"Microsoft.Network/virtualNetworks/subnets\"\r\n
        \     }\r\n    ],\r\n    \"virtualNetworkPeerings\": [],\r\n    \"enableDdosProtection\":
        false\r\n  }\r\n}"
    headers:
      cache-control:
      - no-cache
      content-length:
      - '1414'
      content-type:
      - application/json; charset=utf-8
      date:
      - Wed, 12 May 2021 05:57:51 GMT
      etag:
      - W/"c97dd443-dc90-4b57-ba6b-0160154675cc"
      expires:
      - '-1'
      pragma:
      - no-cache
      server:
      - Microsoft-HTTPAPI/2.0
      - Microsoft-HTTPAPI/2.0
      strict-transport-security:
      - max-age=31536000; includeSubDomains
      transfer-encoding:
      - chunked
      vary:
      - Accept-Encoding
      x-content-type-options:
      - nosniff
      x-ms-arm-service-request-id:
      - a95aaabd-a2a1-44f7-a040-c02d32445832
    status:
      code: 200
      message: OK
- request:
    body: null
    headers:
      Accept:
      - application/json
      Accept-Encoding:
      - gzip, deflate
      CommandName:
      - network vnet-gateway create
      Connection:
      - keep-alive
      ParameterSetName:
      - -g -n --vnet --public-ip-address --sku
      User-Agent:
      - python/3.7.3 (Windows-10-10.0.19041-SP0) msrest/0.6.21 msrest_azure/0.6.3
        azure-mgmt-resource/12.1.0 Azure-SDK-For-Python AZURECLI/2.23.0
      accept-language:
      - en-US
    method: GET
    uri: https://management.azure.com/subscriptions/00000000-0000-0000-0000-000000000000/resourcegroups/clitest.rg000001?api-version=2021-04-01
  response:
    body:
      string: '{"id":"/subscriptions/00000000-0000-0000-0000-000000000000/resourceGroups/clitest.rg000001","name":"clitest.rg000001","type":"Microsoft.Resources/resourceGroups","location":"westus","tags":{"product":"azurecli","cause":"automation","date":"2021-05-12T05:57:31Z"},"properties":{"provisioningState":"Succeeded"}}'
    headers:
      cache-control:
      - no-cache
      content-length:
      - '428'
      content-type:
      - application/json; charset=utf-8
      date:
      - Wed, 12 May 2021 05:57:52 GMT
      expires:
      - '-1'
      pragma:
      - no-cache
      strict-transport-security:
      - max-age=31536000; includeSubDomains
      vary:
      - Accept-Encoding
      x-content-type-options:
      - nosniff
    status:
      code: 200
      message: OK
- request:
    body: '{"location": "westus", "properties": {"ipConfigurations": [{"name": "vnetGatewayConfig0",
      "properties": {"privateIPAllocationMethod": "Dynamic", "subnet": {"id": "/subscriptions/00000000-0000-0000-0000-000000000000/resourceGroups/clitest.rg000001/providers/Microsoft.Network/virtualNetworks/vnet/subnets/GatewaySubnet"},
      "publicIPAddress": {"id": "/subscriptions/00000000-0000-0000-0000-000000000000/resourceGroups/clitest.rg000001/providers/Microsoft.Network/publicIPAddresses/ip"}}}],
      "gatewayType": "Vpn", "vpnType": "RouteBased", "activeActive": false, "sku":
      {"name": "VpnGw2", "tier": "VpnGw2"}}}'
    headers:
      Accept:
      - application/json
      Accept-Encoding:
      - gzip, deflate
      CommandName:
      - network vnet-gateway create
      Connection:
      - keep-alive
      Content-Length:
      - '720'
      Content-Type:
      - application/json
      ParameterSetName:
      - -g -n --vnet --public-ip-address --sku
      User-Agent:
      - AZURECLI/2.23.0 azsdk-python-azure-mgmt-network/18.0.0 Python/3.7.3 (Windows-10-10.0.19041-SP0)
    method: PUT
    uri: https://management.azure.com/subscriptions/00000000-0000-0000-0000-000000000000/resourceGroups/clitest.rg000001/providers/Microsoft.Network/virtualNetworkGateways/vnet-gateway-name?api-version=2021-02-01
  response:
    body:
      string: "{\r\n  \"name\": \"vnet-gateway-name\",\r\n  \"id\": \"/subscriptions/00000000-0000-0000-0000-000000000000/resourceGroups/clitest.rg000001/providers/Microsoft.Network/virtualNetworkGateways/vnet-gateway-name\",\r\n
        \ \"etag\": \"W/\\\"c9d8733d-8326-44e2-9db8-7e209f8dc645\\\"\",\r\n  \"type\":
        \"Microsoft.Network/virtualNetworkGateways\",\r\n  \"location\": \"westus\",\r\n
        \ \"properties\": {\r\n    \"provisioningState\": \"Updating\",\r\n    \"resourceGuid\":
        \"9f21c2d7-34aa-4ce6-812c-fc9cbace4b37\",\r\n    \"packetCaptureDiagnosticState\":
        \"None\",\r\n    \"enablePrivateIpAddress\": false,\r\n    \"ipConfigurations\":
        [\r\n      {\r\n        \"name\": \"vnetGatewayConfig0\",\r\n        \"id\":
        \"/subscriptions/00000000-0000-0000-0000-000000000000/resourceGroups/clitest.rg000001/providers/Microsoft.Network/virtualNetworkGateways/vnet-gateway-name/ipConfigurations/vnetGatewayConfig0\",\r\n
        \       \"etag\": \"W/\\\"c9d8733d-8326-44e2-9db8-7e209f8dc645\\\"\",\r\n
        \       \"type\": \"Microsoft.Network/virtualNetworkGateways/ipConfigurations\",\r\n
        \       \"properties\": {\r\n          \"provisioningState\": \"Updating\",\r\n
        \         \"privateIPAllocationMethod\": \"Dynamic\",\r\n          \"publicIPAddress\":
        {\r\n            \"id\": \"/subscriptions/00000000-0000-0000-0000-000000000000/resourceGroups/clitest.rg000001/providers/Microsoft.Network/publicIPAddresses/ip\"\r\n
        \         },\r\n          \"subnet\": {\r\n            \"id\": \"/subscriptions/00000000-0000-0000-0000-000000000000/resourceGroups/clitest.rg000001/providers/Microsoft.Network/virtualNetworks/vnet/subnets/GatewaySubnet\"\r\n
        \         }\r\n        }\r\n      }\r\n    ],\r\n    \"natRules\": [],\r\n
        \   \"enableBgpRouteTranslationForNat\": false,\r\n    \"sku\": {\r\n      \"name\":
        \"VpnGw2\",\r\n      \"tier\": \"VpnGw2\",\r\n      \"capacity\": 2\r\n    },\r\n
        \   \"gatewayType\": \"Vpn\",\r\n    \"vpnType\": \"RouteBased\",\r\n    \"enableBgp\":
        false,\r\n    \"activeActive\": false,\r\n    \"vpnClientConfiguration\":
        {\r\n      \"vpnClientProtocols\": [\r\n        \"OpenVPN\",\r\n        \"IkeV2\"\r\n
        \     ],\r\n      \"vpnAuthenticationTypes\": [],\r\n      \"vpnClientRootCertificates\":
        [],\r\n      \"vpnClientRevokedCertificates\": [],\r\n      \"radiusServers\":
        [],\r\n      \"vpnClientIpsecPolicies\": []\r\n    },\r\n    \"bgpSettings\":
        {\r\n      \"asn\": 0,\r\n      \"peerWeight\": 0,\r\n      \"bgpPeeringAddresses\":
        [\r\n        {\r\n          \"ipconfigurationId\": \"/subscriptions/00000000-0000-0000-0000-000000000000/resourceGroups/clitest.rg000001/providers/Microsoft.Network/virtualNetworkGateways/vnet-gateway-name/ipConfigurations/vnetGatewayConfig0\",\r\n
        \         \"defaultBgpIpAddresses\": [],\r\n          \"customBgpIpAddresses\":
        []\r\n        }\r\n      ]\r\n    },\r\n    \"vpnGatewayGeneration\": \"Generation1\"\r\n
        \ }\r\n}"
    headers:
      azure-asyncnotification:
      - Enabled
      azure-asyncoperation:
      - https://management.azure.com/subscriptions/00000000-0000-0000-0000-000000000000/providers/Microsoft.Network/locations/westus/operations/caef5741-5fee-48a9-ba95-4bac349a4431?api-version=2021-02-01
      cache-control:
      - no-cache
      content-length:
      - '2875'
      content-type:
      - application/json; charset=utf-8
      date:
      - Wed, 12 May 2021 05:57:55 GMT
      expires:
      - '-1'
      pragma:
      - no-cache
      server:
      - Microsoft-HTTPAPI/2.0
      - Microsoft-HTTPAPI/2.0
      strict-transport-security:
      - max-age=31536000; includeSubDomains
      x-content-type-options:
      - nosniff
      x-ms-arm-service-request-id:
      - a7ec7a3a-bce5-4b1e-af8b-ecb914ab78b8
      x-ms-ratelimit-remaining-subscription-writes:
      - '1198'
    status:
      code: 201
      message: Created
- request:
    body: null
    headers:
      Accept:
      - '*/*'
      Accept-Encoding:
      - gzip, deflate
      CommandName:
      - network vnet-gateway create
      Connection:
      - keep-alive
      ParameterSetName:
      - -g -n --vnet --public-ip-address --sku
      User-Agent:
      - AZURECLI/2.23.0 azsdk-python-azure-mgmt-network/18.0.0 Python/3.7.3 (Windows-10-10.0.19041-SP0)
    method: GET
    uri: https://management.azure.com/subscriptions/00000000-0000-0000-0000-000000000000/providers/Microsoft.Network/locations/westus/operations/caef5741-5fee-48a9-ba95-4bac349a4431?api-version=2021-02-01
  response:
    body:
      string: "{\r\n  \"status\": \"InProgress\"\r\n}"
    headers:
      cache-control:
      - no-cache
      content-length:
      - '30'
      content-type:
      - application/json; charset=utf-8
      date:
      - Wed, 12 May 2021 05:58:05 GMT
      expires:
      - '-1'
      pragma:
      - no-cache
      server:
      - Microsoft-HTTPAPI/2.0
      - Microsoft-HTTPAPI/2.0
      strict-transport-security:
      - max-age=31536000; includeSubDomains
      transfer-encoding:
      - chunked
      vary:
      - Accept-Encoding
      x-content-type-options:
      - nosniff
      x-ms-arm-service-request-id:
      - dbea13ef-c3ed-4fa4-9f32-22fa9707b706
    status:
      code: 200
      message: OK
- request:
    body: null
    headers:
      Accept:
      - '*/*'
      Accept-Encoding:
      - gzip, deflate
      CommandName:
      - network vnet-gateway create
      Connection:
      - keep-alive
      ParameterSetName:
      - -g -n --vnet --public-ip-address --sku
      User-Agent:
      - AZURECLI/2.23.0 azsdk-python-azure-mgmt-network/18.0.0 Python/3.7.3 (Windows-10-10.0.19041-SP0)
    method: GET
    uri: https://management.azure.com/subscriptions/00000000-0000-0000-0000-000000000000/providers/Microsoft.Network/locations/westus/operations/caef5741-5fee-48a9-ba95-4bac349a4431?api-version=2021-02-01
  response:
    body:
      string: "{\r\n  \"status\": \"InProgress\"\r\n}"
    headers:
      cache-control:
      - no-cache
      content-length:
      - '30'
      content-type:
      - application/json; charset=utf-8
      date:
      - Wed, 12 May 2021 05:58:16 GMT
      expires:
      - '-1'
      pragma:
      - no-cache
      server:
      - Microsoft-HTTPAPI/2.0
      - Microsoft-HTTPAPI/2.0
      strict-transport-security:
      - max-age=31536000; includeSubDomains
      transfer-encoding:
      - chunked
      vary:
      - Accept-Encoding
      x-content-type-options:
      - nosniff
      x-ms-arm-service-request-id:
      - 697199ef-9749-4c5b-bc24-9a618a86bc50
    status:
      code: 200
      message: OK
- request:
    body: null
    headers:
      Accept:
      - '*/*'
      Accept-Encoding:
      - gzip, deflate
      CommandName:
      - network vnet-gateway create
      Connection:
      - keep-alive
      ParameterSetName:
      - -g -n --vnet --public-ip-address --sku
      User-Agent:
      - AZURECLI/2.23.0 azsdk-python-azure-mgmt-network/18.0.0 Python/3.7.3 (Windows-10-10.0.19041-SP0)
    method: GET
    uri: https://management.azure.com/subscriptions/00000000-0000-0000-0000-000000000000/providers/Microsoft.Network/locations/westus/operations/caef5741-5fee-48a9-ba95-4bac349a4431?api-version=2021-02-01
  response:
    body:
      string: "{\r\n  \"status\": \"InProgress\"\r\n}"
    headers:
      cache-control:
      - no-cache
      content-length:
      - '30'
      content-type:
      - application/json; charset=utf-8
      date:
      - Wed, 12 May 2021 05:58:36 GMT
      expires:
      - '-1'
      pragma:
      - no-cache
      server:
      - Microsoft-HTTPAPI/2.0
      - Microsoft-HTTPAPI/2.0
      strict-transport-security:
      - max-age=31536000; includeSubDomains
      transfer-encoding:
      - chunked
      vary:
      - Accept-Encoding
      x-content-type-options:
      - nosniff
      x-ms-arm-service-request-id:
      - 5b3100cc-c2c0-4435-87f9-89d6eea84467
    status:
      code: 200
      message: OK
- request:
    body: null
    headers:
      Accept:
      - '*/*'
      Accept-Encoding:
      - gzip, deflate
      CommandName:
      - network vnet-gateway create
      Connection:
      - keep-alive
      ParameterSetName:
      - -g -n --vnet --public-ip-address --sku
      User-Agent:
      - AZURECLI/2.23.0 azsdk-python-azure-mgmt-network/18.0.0 Python/3.7.3 (Windows-10-10.0.19041-SP0)
    method: GET
    uri: https://management.azure.com/subscriptions/00000000-0000-0000-0000-000000000000/providers/Microsoft.Network/locations/westus/operations/caef5741-5fee-48a9-ba95-4bac349a4431?api-version=2021-02-01
  response:
    body:
      string: "{\r\n  \"status\": \"InProgress\"\r\n}"
    headers:
      cache-control:
      - no-cache
      content-length:
      - '30'
      content-type:
      - application/json; charset=utf-8
      date:
      - Wed, 12 May 2021 05:58:57 GMT
      expires:
      - '-1'
      pragma:
      - no-cache
      server:
      - Microsoft-HTTPAPI/2.0
      - Microsoft-HTTPAPI/2.0
      strict-transport-security:
      - max-age=31536000; includeSubDomains
      transfer-encoding:
      - chunked
      vary:
      - Accept-Encoding
      x-content-type-options:
      - nosniff
      x-ms-arm-service-request-id:
      - 21020168-ee3e-47bc-bea7-051496bac6ba
    status:
      code: 200
      message: OK
- request:
    body: null
    headers:
      Accept:
      - '*/*'
      Accept-Encoding:
      - gzip, deflate
      CommandName:
      - network vnet-gateway create
      Connection:
      - keep-alive
      ParameterSetName:
      - -g -n --vnet --public-ip-address --sku
      User-Agent:
      - AZURECLI/2.23.0 azsdk-python-azure-mgmt-network/18.0.0 Python/3.7.3 (Windows-10-10.0.19041-SP0)
    method: GET
    uri: https://management.azure.com/subscriptions/00000000-0000-0000-0000-000000000000/providers/Microsoft.Network/locations/westus/operations/caef5741-5fee-48a9-ba95-4bac349a4431?api-version=2021-02-01
  response:
    body:
      string: "{\r\n  \"status\": \"InProgress\"\r\n}"
    headers:
      cache-control:
      - no-cache
      content-length:
      - '30'
      content-type:
      - application/json; charset=utf-8
      date:
      - Wed, 12 May 2021 05:59:37 GMT
      expires:
      - '-1'
      pragma:
      - no-cache
      server:
      - Microsoft-HTTPAPI/2.0
      - Microsoft-HTTPAPI/2.0
      strict-transport-security:
      - max-age=31536000; includeSubDomains
      transfer-encoding:
      - chunked
      vary:
      - Accept-Encoding
      x-content-type-options:
      - nosniff
      x-ms-arm-service-request-id:
      - 03939bf1-0109-4954-a87d-006724d041d8
    status:
      code: 200
      message: OK
- request:
    body: null
    headers:
      Accept:
      - '*/*'
      Accept-Encoding:
      - gzip, deflate
      CommandName:
      - network vnet-gateway create
      Connection:
      - keep-alive
      ParameterSetName:
      - -g -n --vnet --public-ip-address --sku
      User-Agent:
      - AZURECLI/2.23.0 azsdk-python-azure-mgmt-network/18.0.0 Python/3.7.3 (Windows-10-10.0.19041-SP0)
    method: GET
    uri: https://management.azure.com/subscriptions/00000000-0000-0000-0000-000000000000/providers/Microsoft.Network/locations/westus/operations/caef5741-5fee-48a9-ba95-4bac349a4431?api-version=2021-02-01
  response:
    body:
      string: "{\r\n  \"status\": \"InProgress\"\r\n}"
    headers:
      cache-control:
      - no-cache
      content-length:
      - '30'
      content-type:
      - application/json; charset=utf-8
      date:
      - Wed, 12 May 2021 06:00:17 GMT
      expires:
      - '-1'
      pragma:
      - no-cache
      server:
      - Microsoft-HTTPAPI/2.0
      - Microsoft-HTTPAPI/2.0
      strict-transport-security:
      - max-age=31536000; includeSubDomains
      transfer-encoding:
      - chunked
      vary:
      - Accept-Encoding
      x-content-type-options:
      - nosniff
      x-ms-arm-service-request-id:
      - ebb66aa8-d7c0-46a6-9f98-41021d7a52bf
    status:
      code: 200
      message: OK
- request:
    body: null
    headers:
      Accept:
      - '*/*'
      Accept-Encoding:
      - gzip, deflate
      CommandName:
      - network vnet-gateway create
      Connection:
      - keep-alive
      ParameterSetName:
      - -g -n --vnet --public-ip-address --sku
      User-Agent:
      - AZURECLI/2.23.0 azsdk-python-azure-mgmt-network/18.0.0 Python/3.7.3 (Windows-10-10.0.19041-SP0)
    method: GET
    uri: https://management.azure.com/subscriptions/00000000-0000-0000-0000-000000000000/providers/Microsoft.Network/locations/westus/operations/caef5741-5fee-48a9-ba95-4bac349a4431?api-version=2021-02-01
  response:
    body:
      string: "{\r\n  \"status\": \"InProgress\"\r\n}"
    headers:
      cache-control:
      - no-cache
      content-length:
      - '30'
      content-type:
      - application/json; charset=utf-8
      date:
      - Wed, 12 May 2021 06:01:37 GMT
      expires:
      - '-1'
      pragma:
      - no-cache
      server:
      - Microsoft-HTTPAPI/2.0
      - Microsoft-HTTPAPI/2.0
      strict-transport-security:
      - max-age=31536000; includeSubDomains
      transfer-encoding:
      - chunked
      vary:
      - Accept-Encoding
      x-content-type-options:
      - nosniff
      x-ms-arm-service-request-id:
      - ea57105d-8e37-4a84-a1ce-86859c03e245
    status:
      code: 200
      message: OK
- request:
    body: null
    headers:
      Accept:
      - '*/*'
      Accept-Encoding:
      - gzip, deflate
      CommandName:
      - network vnet-gateway create
      Connection:
      - keep-alive
      ParameterSetName:
      - -g -n --vnet --public-ip-address --sku
      User-Agent:
      - AZURECLI/2.23.0 azsdk-python-azure-mgmt-network/18.0.0 Python/3.7.3 (Windows-10-10.0.19041-SP0)
    method: GET
    uri: https://management.azure.com/subscriptions/00000000-0000-0000-0000-000000000000/providers/Microsoft.Network/locations/westus/operations/caef5741-5fee-48a9-ba95-4bac349a4431?api-version=2021-02-01
  response:
    body:
      string: "{\r\n  \"status\": \"InProgress\"\r\n}"
    headers:
      cache-control:
      - no-cache
      content-length:
      - '30'
      content-type:
      - application/json; charset=utf-8
      date:
      - Wed, 12 May 2021 06:04:18 GMT
      expires:
      - '-1'
      pragma:
      - no-cache
      server:
      - Microsoft-HTTPAPI/2.0
      - Microsoft-HTTPAPI/2.0
      strict-transport-security:
      - max-age=31536000; includeSubDomains
      transfer-encoding:
      - chunked
      vary:
      - Accept-Encoding
      x-content-type-options:
      - nosniff
      x-ms-arm-service-request-id:
      - 4aab46ec-dfd0-4bb3-9c17-b1fbc8fb973e
    status:
      code: 200
      message: OK
- request:
    body: null
    headers:
      Accept:
      - '*/*'
      Accept-Encoding:
      - gzip, deflate
      CommandName:
      - network vnet-gateway create
      Connection:
      - keep-alive
      ParameterSetName:
      - -g -n --vnet --public-ip-address --sku
      User-Agent:
      - AZURECLI/2.23.0 azsdk-python-azure-mgmt-network/18.0.0 Python/3.7.3 (Windows-10-10.0.19041-SP0)
    method: GET
    uri: https://management.azure.com/subscriptions/00000000-0000-0000-0000-000000000000/providers/Microsoft.Network/locations/westus/operations/caef5741-5fee-48a9-ba95-4bac349a4431?api-version=2021-02-01
  response:
    body:
      string: "{\r\n  \"status\": \"InProgress\"\r\n}"
    headers:
      cache-control:
      - no-cache
      content-length:
      - '30'
      content-type:
      - application/json; charset=utf-8
      date:
      - Wed, 12 May 2021 06:05:59 GMT
      expires:
      - '-1'
      pragma:
      - no-cache
      server:
      - Microsoft-HTTPAPI/2.0
      - Microsoft-HTTPAPI/2.0
      strict-transport-security:
      - max-age=31536000; includeSubDomains
      transfer-encoding:
      - chunked
      vary:
      - Accept-Encoding
      x-content-type-options:
      - nosniff
      x-ms-arm-service-request-id:
      - b1d75f22-63c6-49ba-87c4-fc72d5fd0d4f
    status:
      code: 200
      message: OK
- request:
    body: null
    headers:
      Accept:
      - '*/*'
      Accept-Encoding:
      - gzip, deflate
      CommandName:
      - network vnet-gateway create
      Connection:
      - keep-alive
      ParameterSetName:
      - -g -n --vnet --public-ip-address --sku
      User-Agent:
      - AZURECLI/2.23.0 azsdk-python-azure-mgmt-network/18.0.0 Python/3.7.3 (Windows-10-10.0.19041-SP0)
    method: GET
    uri: https://management.azure.com/subscriptions/00000000-0000-0000-0000-000000000000/providers/Microsoft.Network/locations/westus/operations/caef5741-5fee-48a9-ba95-4bac349a4431?api-version=2021-02-01
  response:
    body:
      string: "{\r\n  \"status\": \"InProgress\"\r\n}"
    headers:
      cache-control:
      - no-cache
      content-length:
      - '30'
      content-type:
      - application/json; charset=utf-8
      date:
      - Wed, 12 May 2021 06:07:39 GMT
      expires:
      - '-1'
      pragma:
      - no-cache
      server:
      - Microsoft-HTTPAPI/2.0
      - Microsoft-HTTPAPI/2.0
      strict-transport-security:
      - max-age=31536000; includeSubDomains
      transfer-encoding:
      - chunked
      vary:
      - Accept-Encoding
      x-content-type-options:
      - nosniff
      x-ms-arm-service-request-id:
      - c3456c02-0b0d-4fd9-a276-d6df22785b28
    status:
      code: 200
      message: OK
- request:
    body: null
    headers:
      Accept:
      - '*/*'
      Accept-Encoding:
      - gzip, deflate
      CommandName:
      - network vnet-gateway create
      Connection:
      - keep-alive
      ParameterSetName:
      - -g -n --vnet --public-ip-address --sku
      User-Agent:
      - AZURECLI/2.23.0 azsdk-python-azure-mgmt-network/18.0.0 Python/3.7.3 (Windows-10-10.0.19041-SP0)
    method: GET
    uri: https://management.azure.com/subscriptions/00000000-0000-0000-0000-000000000000/providers/Microsoft.Network/locations/westus/operations/caef5741-5fee-48a9-ba95-4bac349a4431?api-version=2021-02-01
  response:
    body:
      string: "{\r\n  \"status\": \"InProgress\"\r\n}"
    headers:
      cache-control:
      - no-cache
      content-length:
      - '30'
      content-type:
      - application/json; charset=utf-8
      date:
      - Wed, 12 May 2021 06:09:19 GMT
      expires:
      - '-1'
      pragma:
      - no-cache
      server:
      - Microsoft-HTTPAPI/2.0
      - Microsoft-HTTPAPI/2.0
      strict-transport-security:
      - max-age=31536000; includeSubDomains
      transfer-encoding:
      - chunked
      vary:
      - Accept-Encoding
      x-content-type-options:
      - nosniff
      x-ms-arm-service-request-id:
      - 56a9ec2d-e9c0-4ead-8f25-a420f8563545
    status:
      code: 200
      message: OK
- request:
    body: null
    headers:
      Accept:
      - '*/*'
      Accept-Encoding:
      - gzip, deflate
      CommandName:
      - network vnet-gateway create
      Connection:
      - keep-alive
      ParameterSetName:
      - -g -n --vnet --public-ip-address --sku
      User-Agent:
      - AZURECLI/2.23.0 azsdk-python-azure-mgmt-network/18.0.0 Python/3.7.3 (Windows-10-10.0.19041-SP0)
    method: GET
    uri: https://management.azure.com/subscriptions/00000000-0000-0000-0000-000000000000/providers/Microsoft.Network/locations/westus/operations/caef5741-5fee-48a9-ba95-4bac349a4431?api-version=2021-02-01
  response:
    body:
      string: "{\r\n  \"status\": \"InProgress\"\r\n}"
    headers:
      cache-control:
      - no-cache
      content-length:
      - '30'
      content-type:
      - application/json; charset=utf-8
      date:
      - Wed, 12 May 2021 06:11:00 GMT
      expires:
      - '-1'
      pragma:
      - no-cache
      server:
      - Microsoft-HTTPAPI/2.0
      - Microsoft-HTTPAPI/2.0
      strict-transport-security:
      - max-age=31536000; includeSubDomains
      transfer-encoding:
      - chunked
      vary:
      - Accept-Encoding
      x-content-type-options:
      - nosniff
      x-ms-arm-service-request-id:
      - 4b8c0b6f-5ee3-4d42-9c8c-68affb4fe270
    status:
      code: 200
      message: OK
- request:
    body: null
    headers:
      Accept:
      - '*/*'
      Accept-Encoding:
      - gzip, deflate
      CommandName:
      - network vnet-gateway create
      Connection:
      - keep-alive
      ParameterSetName:
      - -g -n --vnet --public-ip-address --sku
      User-Agent:
      - AZURECLI/2.23.0 azsdk-python-azure-mgmt-network/18.0.0 Python/3.7.3 (Windows-10-10.0.19041-SP0)
    method: GET
    uri: https://management.azure.com/subscriptions/00000000-0000-0000-0000-000000000000/providers/Microsoft.Network/locations/westus/operations/caef5741-5fee-48a9-ba95-4bac349a4431?api-version=2021-02-01
  response:
    body:
      string: "{\r\n  \"status\": \"InProgress\"\r\n}"
    headers:
      cache-control:
      - no-cache
      content-length:
      - '30'
      content-type:
      - application/json; charset=utf-8
      date:
      - Wed, 12 May 2021 06:12:40 GMT
      expires:
      - '-1'
      pragma:
      - no-cache
      server:
      - Microsoft-HTTPAPI/2.0
      - Microsoft-HTTPAPI/2.0
      strict-transport-security:
      - max-age=31536000; includeSubDomains
      transfer-encoding:
      - chunked
      vary:
      - Accept-Encoding
      x-content-type-options:
      - nosniff
      x-ms-arm-service-request-id:
      - 427bbe62-5fda-4f56-847f-a81052d09fa1
    status:
      code: 200
      message: OK
- request:
    body: null
    headers:
      Accept:
      - '*/*'
      Accept-Encoding:
      - gzip, deflate
      CommandName:
      - network vnet-gateway create
      Connection:
      - keep-alive
      ParameterSetName:
      - -g -n --vnet --public-ip-address --sku
      User-Agent:
      - AZURECLI/2.23.0 azsdk-python-azure-mgmt-network/18.0.0 Python/3.7.3 (Windows-10-10.0.19041-SP0)
    method: GET
    uri: https://management.azure.com/subscriptions/00000000-0000-0000-0000-000000000000/providers/Microsoft.Network/locations/westus/operations/caef5741-5fee-48a9-ba95-4bac349a4431?api-version=2021-02-01
  response:
    body:
      string: "{\r\n  \"status\": \"InProgress\"\r\n}"
    headers:
      cache-control:
      - no-cache
      content-length:
      - '30'
      content-type:
      - application/json; charset=utf-8
      date:
      - Wed, 12 May 2021 06:14:21 GMT
      expires:
      - '-1'
      pragma:
      - no-cache
      server:
      - Microsoft-HTTPAPI/2.0
      - Microsoft-HTTPAPI/2.0
      strict-transport-security:
      - max-age=31536000; includeSubDomains
      transfer-encoding:
      - chunked
      vary:
      - Accept-Encoding
      x-content-type-options:
      - nosniff
      x-ms-arm-service-request-id:
      - ca00945b-7bad-45ba-a977-b8bbf7cba29b
    status:
      code: 200
      message: OK
- request:
    body: null
    headers:
      Accept:
      - '*/*'
      Accept-Encoding:
      - gzip, deflate
      CommandName:
      - network vnet-gateway create
      Connection:
      - keep-alive
      ParameterSetName:
      - -g -n --vnet --public-ip-address --sku
      User-Agent:
      - AZURECLI/2.23.0 azsdk-python-azure-mgmt-network/18.0.0 Python/3.7.3 (Windows-10-10.0.19041-SP0)
    method: GET
    uri: https://management.azure.com/subscriptions/00000000-0000-0000-0000-000000000000/providers/Microsoft.Network/locations/westus/operations/caef5741-5fee-48a9-ba95-4bac349a4431?api-version=2021-02-01
  response:
    body:
      string: "{\r\n  \"status\": \"InProgress\"\r\n}"
    headers:
      cache-control:
      - no-cache
      content-length:
      - '30'
      content-type:
      - application/json; charset=utf-8
      date:
      - Wed, 12 May 2021 06:16:02 GMT
      expires:
      - '-1'
      pragma:
      - no-cache
      server:
      - Microsoft-HTTPAPI/2.0
      - Microsoft-HTTPAPI/2.0
      strict-transport-security:
      - max-age=31536000; includeSubDomains
      transfer-encoding:
      - chunked
      vary:
      - Accept-Encoding
      x-content-type-options:
      - nosniff
      x-ms-arm-service-request-id:
      - 597f7157-57ad-4ea8-a503-a767f4dd841d
    status:
      code: 200
      message: OK
- request:
    body: null
    headers:
      Accept:
      - '*/*'
      Accept-Encoding:
      - gzip, deflate
      CommandName:
      - network vnet-gateway create
      Connection:
      - keep-alive
      ParameterSetName:
      - -g -n --vnet --public-ip-address --sku
      User-Agent:
      - AZURECLI/2.23.0 azsdk-python-azure-mgmt-network/18.0.0 Python/3.7.3 (Windows-10-10.0.19041-SP0)
    method: GET
    uri: https://management.azure.com/subscriptions/00000000-0000-0000-0000-000000000000/providers/Microsoft.Network/locations/westus/operations/caef5741-5fee-48a9-ba95-4bac349a4431?api-version=2021-02-01
  response:
    body:
      string: "{\r\n  \"status\": \"Succeeded\"\r\n}"
    headers:
      cache-control:
      - no-cache
      content-length:
      - '29'
      content-type:
      - application/json; charset=utf-8
      date:
      - Wed, 12 May 2021 06:17:42 GMT
      expires:
      - '-1'
      pragma:
      - no-cache
      server:
      - Microsoft-HTTPAPI/2.0
      - Microsoft-HTTPAPI/2.0
      strict-transport-security:
      - max-age=31536000; includeSubDomains
      transfer-encoding:
      - chunked
      vary:
      - Accept-Encoding
      x-content-type-options:
      - nosniff
      x-ms-arm-service-request-id:
      - b8a21499-e357-4b1b-898a-317e9d0b4a0a
    status:
      code: 200
      message: OK
- request:
    body: null
    headers:
      Accept:
      - '*/*'
      Accept-Encoding:
      - gzip, deflate
      CommandName:
      - network vnet-gateway create
      Connection:
      - keep-alive
      ParameterSetName:
      - -g -n --vnet --public-ip-address --sku
      User-Agent:
      - AZURECLI/2.23.0 azsdk-python-azure-mgmt-network/18.0.0 Python/3.7.3 (Windows-10-10.0.19041-SP0)
    method: GET
    uri: https://management.azure.com/subscriptions/00000000-0000-0000-0000-000000000000/resourceGroups/clitest.rg000001/providers/Microsoft.Network/virtualNetworkGateways/vnet-gateway-name?api-version=2021-02-01
  response:
    body:
      string: "{\r\n  \"name\": \"vnet-gateway-name\",\r\n  \"id\": \"/subscriptions/00000000-0000-0000-0000-000000000000/resourceGroups/clitest.rg000001/providers/Microsoft.Network/virtualNetworkGateways/vnet-gateway-name\",\r\n
        \ \"etag\": \"W/\\\"aa719971-c403-4d9f-90a9-d6f02fade23e\\\"\",\r\n  \"type\":
        \"Microsoft.Network/virtualNetworkGateways\",\r\n  \"location\": \"westus\",\r\n
        \ \"properties\": {\r\n    \"provisioningState\": \"Succeeded\",\r\n    \"resourceGuid\":
        \"9f21c2d7-34aa-4ce6-812c-fc9cbace4b37\",\r\n    \"packetCaptureDiagnosticState\":
        \"None\",\r\n    \"enablePrivateIpAddress\": false,\r\n    \"ipConfigurations\":
        [\r\n      {\r\n        \"name\": \"vnetGatewayConfig0\",\r\n        \"id\":
        \"/subscriptions/00000000-0000-0000-0000-000000000000/resourceGroups/clitest.rg000001/providers/Microsoft.Network/virtualNetworkGateways/vnet-gateway-name/ipConfigurations/vnetGatewayConfig0\",\r\n
        \       \"etag\": \"W/\\\"aa719971-c403-4d9f-90a9-d6f02fade23e\\\"\",\r\n
        \       \"type\": \"Microsoft.Network/virtualNetworkGateways/ipConfigurations\",\r\n
        \       \"properties\": {\r\n          \"provisioningState\": \"Succeeded\",\r\n
        \         \"privateIPAllocationMethod\": \"Dynamic\",\r\n          \"publicIPAddress\":
        {\r\n            \"id\": \"/subscriptions/00000000-0000-0000-0000-000000000000/resourceGroups/clitest.rg000001/providers/Microsoft.Network/publicIPAddresses/ip\"\r\n
        \         },\r\n          \"subnet\": {\r\n            \"id\": \"/subscriptions/00000000-0000-0000-0000-000000000000/resourceGroups/clitest.rg000001/providers/Microsoft.Network/virtualNetworks/vnet/subnets/GatewaySubnet\"\r\n
        \         }\r\n        }\r\n      }\r\n    ],\r\n    \"natRules\": [],\r\n
        \   \"enableBgpRouteTranslationForNat\": false,\r\n    \"sku\": {\r\n      \"name\":
        \"VpnGw2\",\r\n      \"tier\": \"VpnGw2\",\r\n      \"capacity\": 2\r\n    },\r\n
        \   \"gatewayType\": \"Vpn\",\r\n    \"vpnType\": \"RouteBased\",\r\n    \"enableBgp\":
        false,\r\n    \"activeActive\": false,\r\n    \"bgpSettings\": {\r\n      \"asn\":
        65515,\r\n      \"bgpPeeringAddress\": \"10.0.0.254\",\r\n      \"peerWeight\":
        0,\r\n      \"bgpPeeringAddresses\": [\r\n        {\r\n          \"ipconfigurationId\":
        \"/subscriptions/00000000-0000-0000-0000-000000000000/resourceGroups/clitest.rg000001/providers/Microsoft.Network/virtualNetworkGateways/vnet-gateway-name/ipConfigurations/vnetGatewayConfig0\",\r\n
        \         \"defaultBgpIpAddresses\": [\r\n            \"10.0.0.254\"\r\n          ],\r\n
        \         \"customBgpIpAddresses\": [],\r\n          \"tunnelIpAddresses\":
        [\r\n            \"13.93.231.197\"\r\n          ]\r\n        }\r\n      ]\r\n
        \   },\r\n    \"vpnGatewayGeneration\": \"Generation1\"\r\n  }\r\n}"
    headers:
      cache-control:
      - no-cache
      content-length:
      - '2735'
      content-type:
      - application/json; charset=utf-8
      date:
      - Wed, 12 May 2021 06:17:42 GMT
      expires:
      - '-1'
      pragma:
      - no-cache
      server:
      - Microsoft-HTTPAPI/2.0
      - Microsoft-HTTPAPI/2.0
      strict-transport-security:
      - max-age=31536000; includeSubDomains
      transfer-encoding:
      - chunked
      vary:
      - Accept-Encoding
      x-content-type-options:
      - nosniff
      x-ms-arm-service-request-id:
      - 3fa3dc55-3517-4c54-a669-e03af34cd86b
    status:
      code: 200
      message: OK
- request:
    body: null
    headers:
      Accept:
      - application/json
      Accept-Encoding:
      - gzip, deflate
      CommandName:
      - network vnet-gateway nat-rule add
      Connection:
      - keep-alive
      ParameterSetName:
      - -g --gateway-name --name --internal-mappings --external-mappings
      User-Agent:
      - AZURECLI/2.23.0 azsdk-python-azure-mgmt-network/18.0.0 Python/3.7.3 (Windows-10-10.0.19041-SP0)
    method: GET
    uri: https://management.azure.com/subscriptions/00000000-0000-0000-0000-000000000000/resourceGroups/clitest.rg000001/providers/Microsoft.Network/virtualNetworkGateways/vnet-gateway-name?api-version=2021-02-01
  response:
    body:
      string: "{\r\n  \"name\": \"vnet-gateway-name\",\r\n  \"id\": \"/subscriptions/00000000-0000-0000-0000-000000000000/resourceGroups/clitest.rg000001/providers/Microsoft.Network/virtualNetworkGateways/vnet-gateway-name\",\r\n
        \ \"etag\": \"W/\\\"aa719971-c403-4d9f-90a9-d6f02fade23e\\\"\",\r\n  \"type\":
        \"Microsoft.Network/virtualNetworkGateways\",\r\n  \"location\": \"westus\",\r\n
        \ \"properties\": {\r\n    \"provisioningState\": \"Succeeded\",\r\n    \"resourceGuid\":
        \"9f21c2d7-34aa-4ce6-812c-fc9cbace4b37\",\r\n    \"packetCaptureDiagnosticState\":
        \"None\",\r\n    \"enablePrivateIpAddress\": false,\r\n    \"ipConfigurations\":
        [\r\n      {\r\n        \"name\": \"vnetGatewayConfig0\",\r\n        \"id\":
        \"/subscriptions/00000000-0000-0000-0000-000000000000/resourceGroups/clitest.rg000001/providers/Microsoft.Network/virtualNetworkGateways/vnet-gateway-name/ipConfigurations/vnetGatewayConfig0\",\r\n
        \       \"etag\": \"W/\\\"aa719971-c403-4d9f-90a9-d6f02fade23e\\\"\",\r\n
        \       \"type\": \"Microsoft.Network/virtualNetworkGateways/ipConfigurations\",\r\n
        \       \"properties\": {\r\n          \"provisioningState\": \"Succeeded\",\r\n
        \         \"privateIPAllocationMethod\": \"Dynamic\",\r\n          \"publicIPAddress\":
        {\r\n            \"id\": \"/subscriptions/00000000-0000-0000-0000-000000000000/resourceGroups/clitest.rg000001/providers/Microsoft.Network/publicIPAddresses/ip\"\r\n
        \         },\r\n          \"subnet\": {\r\n            \"id\": \"/subscriptions/00000000-0000-0000-0000-000000000000/resourceGroups/clitest.rg000001/providers/Microsoft.Network/virtualNetworks/vnet/subnets/GatewaySubnet\"\r\n
        \         }\r\n        }\r\n      }\r\n    ],\r\n    \"natRules\": [],\r\n
        \   \"enableBgpRouteTranslationForNat\": false,\r\n    \"sku\": {\r\n      \"name\":
        \"VpnGw2\",\r\n      \"tier\": \"VpnGw2\",\r\n      \"capacity\": 2\r\n    },\r\n
        \   \"gatewayType\": \"Vpn\",\r\n    \"vpnType\": \"RouteBased\",\r\n    \"enableBgp\":
        false,\r\n    \"activeActive\": false,\r\n    \"bgpSettings\": {\r\n      \"asn\":
        65515,\r\n      \"bgpPeeringAddress\": \"10.0.0.254\",\r\n      \"peerWeight\":
        0,\r\n      \"bgpPeeringAddresses\": [\r\n        {\r\n          \"ipconfigurationId\":
        \"/subscriptions/00000000-0000-0000-0000-000000000000/resourceGroups/clitest.rg000001/providers/Microsoft.Network/virtualNetworkGateways/vnet-gateway-name/ipConfigurations/vnetGatewayConfig0\",\r\n
        \         \"defaultBgpIpAddresses\": [\r\n            \"10.0.0.254\"\r\n          ],\r\n
        \         \"customBgpIpAddresses\": [],\r\n          \"tunnelIpAddresses\":
        [\r\n            \"13.93.231.197\"\r\n          ]\r\n        }\r\n      ]\r\n
        \   },\r\n    \"vpnGatewayGeneration\": \"Generation1\"\r\n  }\r\n}"
    headers:
      cache-control:
      - no-cache
      content-length:
      - '2735'
      content-type:
      - application/json; charset=utf-8
      date:
      - Wed, 12 May 2021 06:17:42 GMT
      expires:
      - '-1'
      pragma:
      - no-cache
      server:
      - Microsoft-HTTPAPI/2.0
      - Microsoft-HTTPAPI/2.0
      strict-transport-security:
      - max-age=31536000; includeSubDomains
      transfer-encoding:
      - chunked
      vary:
      - Accept-Encoding
      x-content-type-options:
      - nosniff
      x-ms-arm-service-request-id:
      - 5dc91eaf-aa50-4954-b08f-fbe962cb5db2
    status:
      code: 200
      message: OK
- request:
    body: '{"id": "/subscriptions/00000000-0000-0000-0000-000000000000/resourceGroups/clitest.rg000001/providers/Microsoft.Network/virtualNetworkGateways/vnet-gateway-name",
      "location": "westus", "properties": {"ipConfigurations": [{"id": "/subscriptions/00000000-0000-0000-0000-000000000000/resourceGroups/clitest.rg000001/providers/Microsoft.Network/virtualNetworkGateways/vnet-gateway-name/ipConfigurations/vnetGatewayConfig0",
      "name": "vnetGatewayConfig0", "properties": {"privateIPAllocationMethod": "Dynamic",
      "subnet": {"id": "/subscriptions/00000000-0000-0000-0000-000000000000/resourceGroups/clitest.rg000001/providers/Microsoft.Network/virtualNetworks/vnet/subnets/GatewaySubnet"},
      "publicIPAddress": {"id": "/subscriptions/00000000-0000-0000-0000-000000000000/resourceGroups/clitest.rg000001/providers/Microsoft.Network/publicIPAddresses/ip"}}}],
      "gatewayType": "Vpn", "vpnType": "RouteBased", "vpnGatewayGeneration": "Generation1",
      "enableBgp": false, "enablePrivateIpAddress": false, "activeActive": false,
      "sku": {"name": "VpnGw2", "tier": "VpnGw2"}, "bgpSettings": {"asn": 65515, "bgpPeeringAddress":
      "10.0.0.254", "peerWeight": 0, "bgpPeeringAddresses": [{"ipconfigurationId":
      "/subscriptions/00000000-0000-0000-0000-000000000000/resourceGroups/clitest.rg000001/providers/Microsoft.Network/virtualNetworkGateways/vnet-gateway-name/ipConfigurations/vnetGatewayConfig0",
      "customBgpIpAddresses": []}]}, "natRules": [{"name": "nat-rule-name", "properties":
      {"internalMappings": [{"addressSpace": "10.4.0.0/24"}], "externalMappings":
      [{"addressSpace": "192.168.21.0/24"}]}}], "enableBgpRouteTranslationForNat":
      false}}'
    headers:
      Accept:
      - application/json
      Accept-Encoding:
      - gzip, deflate
      CommandName:
      - network vnet-gateway nat-rule add
      Connection:
      - keep-alive
      Content-Length:
      - '1913'
      Content-Type:
      - application/json
      ParameterSetName:
      - -g --gateway-name --name --internal-mappings --external-mappings
      User-Agent:
      - AZURECLI/2.23.0 azsdk-python-azure-mgmt-network/18.0.0 Python/3.7.3 (Windows-10-10.0.19041-SP0)
    method: PUT
    uri: https://management.azure.com/subscriptions/00000000-0000-0000-0000-000000000000/resourceGroups/clitest.rg000001/providers/Microsoft.Network/virtualNetworkGateways/vnet-gateway-name?api-version=2021-02-01
  response:
    body:
      string: "{\r\n  \"name\": \"vnet-gateway-name\",\r\n  \"id\": \"/subscriptions/00000000-0000-0000-0000-000000000000/resourceGroups/clitest.rg000001/providers/Microsoft.Network/virtualNetworkGateways/vnet-gateway-name\",\r\n
        \ \"etag\": \"W/\\\"761c2a9d-d4f0-421a-aa22-efc53328e43a\\\"\",\r\n  \"type\":
        \"Microsoft.Network/virtualNetworkGateways\",\r\n  \"location\": \"westus\",\r\n
        \ \"properties\": {\r\n    \"provisioningState\": \"Updating\",\r\n    \"resourceGuid\":
        \"9f21c2d7-34aa-4ce6-812c-fc9cbace4b37\",\r\n    \"packetCaptureDiagnosticState\":
        \"None\",\r\n    \"enablePrivateIpAddress\": false,\r\n    \"ipConfigurations\":
        [\r\n      {\r\n        \"name\": \"vnetGatewayConfig0\",\r\n        \"id\":
        \"/subscriptions/00000000-0000-0000-0000-000000000000/resourceGroups/clitest.rg000001/providers/Microsoft.Network/virtualNetworkGateways/vnet-gateway-name/ipConfigurations/vnetGatewayConfig0\",\r\n
        \       \"etag\": \"W/\\\"761c2a9d-d4f0-421a-aa22-efc53328e43a\\\"\",\r\n
        \       \"type\": \"Microsoft.Network/virtualNetworkGateways/ipConfigurations\",\r\n
        \       \"properties\": {\r\n          \"provisioningState\": \"Updating\",\r\n
        \         \"privateIPAllocationMethod\": \"Dynamic\",\r\n          \"publicIPAddress\":
        {\r\n            \"id\": \"/subscriptions/00000000-0000-0000-0000-000000000000/resourceGroups/clitest.rg000001/providers/Microsoft.Network/publicIPAddresses/ip\"\r\n
        \         },\r\n          \"subnet\": {\r\n            \"id\": \"/subscriptions/00000000-0000-0000-0000-000000000000/resourceGroups/clitest.rg000001/providers/Microsoft.Network/virtualNetworks/vnet/subnets/GatewaySubnet\"\r\n
        \         }\r\n        }\r\n      }\r\n    ],\r\n    \"natRules\": [\r\n      {\r\n
        \       \"name\": \"nat-rule-name\",\r\n        \"id\": \"/subscriptions/00000000-0000-0000-0000-000000000000/resourceGroups/clitest.rg000001/providers/Microsoft.Network/virtualNetworkGateways/vnet-gateway-name/natRules/nat-rule-name\",\r\n
        \       \"etag\": \"W/\\\"761c2a9d-d4f0-421a-aa22-efc53328e43a\\\"\",\r\n
        \       \"properties\": {\r\n          \"provisioningState\": \"Updating\",\r\n
        \         \"type\": \"Static\",\r\n          \"mode\": \"EgressSnat\",\r\n
        \         \"internalMappings\": [\r\n            {\r\n              \"addressSpace\":
        \"10.4.0.0/24\"\r\n            }\r\n          ],\r\n          \"externalMappings\":
        [\r\n            {\r\n              \"addressSpace\": \"192.168.21.0/24\"\r\n
        \           }\r\n          ]\r\n        },\r\n        \"type\": \"Microsoft.Network/virtualNetworkGateways/natRules\"\r\n
        \     }\r\n    ],\r\n    \"enableBgpRouteTranslationForNat\": false,\r\n    \"sku\":
        {\r\n      \"name\": \"VpnGw2\",\r\n      \"tier\": \"VpnGw2\",\r\n      \"capacity\":
        2\r\n    },\r\n    \"gatewayType\": \"Vpn\",\r\n    \"vpnType\": \"RouteBased\",\r\n
        \   \"enableBgp\": false,\r\n    \"activeActive\": false,\r\n    \"vpnClientConfiguration\":
        {\r\n      \"vpnClientProtocols\": [\r\n        \"OpenVPN\",\r\n        \"IkeV2\"\r\n
        \     ],\r\n      \"vpnAuthenticationTypes\": [],\r\n      \"vpnClientRootCertificates\":
        [],\r\n      \"vpnClientRevokedCertificates\": [],\r\n      \"radiusServers\":
        [],\r\n      \"vpnClientIpsecPolicies\": []\r\n    },\r\n    \"bgpSettings\":
        {\r\n      \"asn\": 65515,\r\n      \"bgpPeeringAddress\": \"10.0.0.254\",\r\n
        \     \"peerWeight\": 0,\r\n      \"bgpPeeringAddresses\": [\r\n        {\r\n
        \         \"ipconfigurationId\": \"/subscriptions/00000000-0000-0000-0000-000000000000/resourceGroups/clitest.rg000001/providers/Microsoft.Network/virtualNetworkGateways/vnet-gateway-name/ipConfigurations/vnetGatewayConfig0\",\r\n
        \         \"defaultBgpIpAddresses\": [\r\n            \"10.0.0.254\"\r\n          ],\r\n
        \         \"customBgpIpAddresses\": [],\r\n          \"tunnelIpAddresses\":
        [\r\n            \"13.93.231.197\"\r\n          ]\r\n        }\r\n      ]\r\n
        \   },\r\n    \"vpnGatewayGeneration\": \"Generation1\"\r\n  }\r\n}"
    headers:
      azure-asyncoperation:
      - https://management.azure.com/subscriptions/00000000-0000-0000-0000-000000000000/providers/Microsoft.Network/locations/westus/operations/f62ac1cf-d9a8-4ddf-92a6-ae24b6141b62?api-version=2021-02-01
      cache-control:
      - no-cache
      content-length:
      - '3869'
      content-type:
      - application/json; charset=utf-8
      date:
      - Wed, 12 May 2021 06:17:46 GMT
      expires:
      - '-1'
      pragma:
      - no-cache
      server:
      - Microsoft-HTTPAPI/2.0
      - Microsoft-HTTPAPI/2.0
      strict-transport-security:
      - max-age=31536000; includeSubDomains
      transfer-encoding:
      - chunked
      vary:
      - Accept-Encoding
      x-content-type-options:
      - nosniff
      x-ms-arm-service-request-id:
      - 55df42db-4722-44ae-8553-aa5fc6783f8c
      x-ms-ratelimit-remaining-subscription-writes:
      - '1198'
    status:
      code: 200
      message: OK
- request:
    body: null
    headers:
      Accept:
      - '*/*'
      Accept-Encoding:
      - gzip, deflate
      CommandName:
      - network vnet-gateway nat-rule add
      Connection:
      - keep-alive
      ParameterSetName:
      - -g --gateway-name --name --internal-mappings --external-mappings
      User-Agent:
      - AZURECLI/2.23.0 azsdk-python-azure-mgmt-network/18.0.0 Python/3.7.3 (Windows-10-10.0.19041-SP0)
    method: GET
    uri: https://management.azure.com/subscriptions/00000000-0000-0000-0000-000000000000/providers/Microsoft.Network/locations/westus/operations/f62ac1cf-d9a8-4ddf-92a6-ae24b6141b62?api-version=2021-02-01
  response:
    body:
      string: "{\r\n  \"status\": \"InProgress\"\r\n}"
    headers:
      cache-control:
      - no-cache
      content-length:
      - '30'
      content-type:
      - application/json; charset=utf-8
      date:
      - Wed, 12 May 2021 06:17:57 GMT
      expires:
      - '-1'
      pragma:
      - no-cache
      server:
      - Microsoft-HTTPAPI/2.0
      - Microsoft-HTTPAPI/2.0
      strict-transport-security:
      - max-age=31536000; includeSubDomains
      transfer-encoding:
      - chunked
      vary:
      - Accept-Encoding
      x-content-type-options:
      - nosniff
      x-ms-arm-service-request-id:
      - a5cc9c24-75bc-4f43-801c-9564513f1b73
    status:
      code: 200
      message: OK
- request:
    body: null
    headers:
      Accept:
      - '*/*'
      Accept-Encoding:
      - gzip, deflate
      CommandName:
      - network vnet-gateway nat-rule add
      Connection:
      - keep-alive
      ParameterSetName:
      - -g --gateway-name --name --internal-mappings --external-mappings
      User-Agent:
      - AZURECLI/2.23.0 azsdk-python-azure-mgmt-network/18.0.0 Python/3.7.3 (Windows-10-10.0.19041-SP0)
    method: GET
    uri: https://management.azure.com/subscriptions/00000000-0000-0000-0000-000000000000/providers/Microsoft.Network/locations/westus/operations/f62ac1cf-d9a8-4ddf-92a6-ae24b6141b62?api-version=2021-02-01
  response:
    body:
      string: "{\r\n  \"status\": \"InProgress\"\r\n}"
    headers:
      cache-control:
      - no-cache
      content-length:
      - '30'
      content-type:
      - application/json; charset=utf-8
      date:
      - Wed, 12 May 2021 06:18:18 GMT
      expires:
      - '-1'
      pragma:
      - no-cache
      server:
      - Microsoft-HTTPAPI/2.0
      - Microsoft-HTTPAPI/2.0
      strict-transport-security:
      - max-age=31536000; includeSubDomains
      transfer-encoding:
      - chunked
      vary:
      - Accept-Encoding
      x-content-type-options:
      - nosniff
      x-ms-arm-service-request-id:
      - f4e0e89a-6f12-4629-8c4f-d1460eafd4a7
    status:
      code: 200
      message: OK
- request:
    body: null
    headers:
      Accept:
      - '*/*'
      Accept-Encoding:
      - gzip, deflate
      CommandName:
      - network vnet-gateway nat-rule add
      Connection:
      - keep-alive
      ParameterSetName:
      - -g --gateway-name --name --internal-mappings --external-mappings
      User-Agent:
      - AZURECLI/2.23.0 azsdk-python-azure-mgmt-network/18.0.0 Python/3.7.3 (Windows-10-10.0.19041-SP0)
    method: GET
    uri: https://management.azure.com/subscriptions/00000000-0000-0000-0000-000000000000/providers/Microsoft.Network/locations/westus/operations/f62ac1cf-d9a8-4ddf-92a6-ae24b6141b62?api-version=2021-02-01
  response:
    body:
      string: "{\r\n  \"status\": \"InProgress\"\r\n}"
    headers:
      cache-control:
      - no-cache
      content-length:
      - '30'
      content-type:
      - application/json; charset=utf-8
      date:
      - Wed, 12 May 2021 06:18:58 GMT
      expires:
      - '-1'
      pragma:
      - no-cache
      server:
      - Microsoft-HTTPAPI/2.0
      - Microsoft-HTTPAPI/2.0
      strict-transport-security:
      - max-age=31536000; includeSubDomains
      transfer-encoding:
      - chunked
      vary:
      - Accept-Encoding
      x-content-type-options:
      - nosniff
      x-ms-arm-service-request-id:
      - 8d7cc05a-0da0-4dcb-ad47-c43aa1223cb7
    status:
      code: 200
      message: OK
- request:
    body: null
    headers:
      Accept:
      - '*/*'
      Accept-Encoding:
      - gzip, deflate
      CommandName:
      - network vnet-gateway nat-rule add
      Connection:
      - keep-alive
      ParameterSetName:
      - -g --gateway-name --name --internal-mappings --external-mappings
      User-Agent:
      - AZURECLI/2.23.0 azsdk-python-azure-mgmt-network/18.0.0 Python/3.7.3 (Windows-10-10.0.19041-SP0)
    method: GET
    uri: https://management.azure.com/subscriptions/00000000-0000-0000-0000-000000000000/providers/Microsoft.Network/locations/westus/operations/f62ac1cf-d9a8-4ddf-92a6-ae24b6141b62?api-version=2021-02-01
  response:
    body:
      string: "{\r\n  \"status\": \"Succeeded\"\r\n}"
    headers:
      cache-control:
      - no-cache
      content-length:
      - '29'
      content-type:
      - application/json; charset=utf-8
      date:
      - Wed, 12 May 2021 06:20:18 GMT
      expires:
      - '-1'
      pragma:
      - no-cache
      server:
      - Microsoft-HTTPAPI/2.0
      - Microsoft-HTTPAPI/2.0
      strict-transport-security:
      - max-age=31536000; includeSubDomains
      transfer-encoding:
      - chunked
      vary:
      - Accept-Encoding
      x-content-type-options:
      - nosniff
      x-ms-arm-service-request-id:
      - 0f2a1a5c-5872-4719-9206-fbe818e6c0bb
    status:
      code: 200
      message: OK
- request:
    body: null
    headers:
      Accept:
      - '*/*'
      Accept-Encoding:
      - gzip, deflate
      CommandName:
      - network vnet-gateway nat-rule add
      Connection:
      - keep-alive
      ParameterSetName:
      - -g --gateway-name --name --internal-mappings --external-mappings
      User-Agent:
      - AZURECLI/2.23.0 azsdk-python-azure-mgmt-network/18.0.0 Python/3.7.3 (Windows-10-10.0.19041-SP0)
    method: GET
    uri: https://management.azure.com/subscriptions/00000000-0000-0000-0000-000000000000/resourceGroups/clitest.rg000001/providers/Microsoft.Network/virtualNetworkGateways/vnet-gateway-name?api-version=2021-02-01
  response:
    body:
      string: "{\r\n  \"name\": \"vnet-gateway-name\",\r\n  \"id\": \"/subscriptions/00000000-0000-0000-0000-000000000000/resourceGroups/clitest.rg000001/providers/Microsoft.Network/virtualNetworkGateways/vnet-gateway-name\",\r\n
        \ \"etag\": \"W/\\\"853ba52b-2c24-499a-b2d2-9392afdf21bc\\\"\",\r\n  \"type\":
        \"Microsoft.Network/virtualNetworkGateways\",\r\n  \"location\": \"westus\",\r\n
        \ \"properties\": {\r\n    \"provisioningState\": \"Succeeded\",\r\n    \"resourceGuid\":
        \"9f21c2d7-34aa-4ce6-812c-fc9cbace4b37\",\r\n    \"packetCaptureDiagnosticState\":
        \"None\",\r\n    \"enablePrivateIpAddress\": false,\r\n    \"ipConfigurations\":
        [\r\n      {\r\n        \"name\": \"vnetGatewayConfig0\",\r\n        \"id\":
        \"/subscriptions/00000000-0000-0000-0000-000000000000/resourceGroups/clitest.rg000001/providers/Microsoft.Network/virtualNetworkGateways/vnet-gateway-name/ipConfigurations/vnetGatewayConfig0\",\r\n
        \       \"etag\": \"W/\\\"853ba52b-2c24-499a-b2d2-9392afdf21bc\\\"\",\r\n
        \       \"type\": \"Microsoft.Network/virtualNetworkGateways/ipConfigurations\",\r\n
        \       \"properties\": {\r\n          \"provisioningState\": \"Succeeded\",\r\n
        \         \"privateIPAllocationMethod\": \"Dynamic\",\r\n          \"publicIPAddress\":
        {\r\n            \"id\": \"/subscriptions/00000000-0000-0000-0000-000000000000/resourceGroups/clitest.rg000001/providers/Microsoft.Network/publicIPAddresses/ip\"\r\n
        \         },\r\n          \"subnet\": {\r\n            \"id\": \"/subscriptions/00000000-0000-0000-0000-000000000000/resourceGroups/clitest.rg000001/providers/Microsoft.Network/virtualNetworks/vnet/subnets/GatewaySubnet\"\r\n
        \         }\r\n        }\r\n      }\r\n    ],\r\n    \"natRules\": [\r\n      {\r\n
        \       \"name\": \"nat-rule-name\",\r\n        \"id\": \"/subscriptions/00000000-0000-0000-0000-000000000000/resourceGroups/clitest.rg000001/providers/Microsoft.Network/virtualNetworkGateways/vnet-gateway-name/natRules/nat-rule-name\",\r\n
        \       \"etag\": \"W/\\\"853ba52b-2c24-499a-b2d2-9392afdf21bc\\\"\",\r\n
        \       \"properties\": {\r\n          \"provisioningState\": \"Succeeded\",\r\n
        \         \"type\": \"Static\",\r\n          \"mode\": \"EgressSnat\",\r\n
        \         \"internalMappings\": [\r\n            {\r\n              \"addressSpace\":
        \"10.4.0.0/24\"\r\n            }\r\n          ],\r\n          \"externalMappings\":
        [\r\n            {\r\n              \"addressSpace\": \"192.168.21.0/24\"\r\n
        \           }\r\n          ]\r\n        },\r\n        \"type\": \"Microsoft.Network/virtualNetworkGateways/natRules\"\r\n
        \     }\r\n    ],\r\n    \"enableBgpRouteTranslationForNat\": false,\r\n    \"sku\":
        {\r\n      \"name\": \"VpnGw2\",\r\n      \"tier\": \"VpnGw2\",\r\n      \"capacity\":
        2\r\n    },\r\n    \"gatewayType\": \"Vpn\",\r\n    \"vpnType\": \"RouteBased\",\r\n
        \   \"enableBgp\": false,\r\n    \"activeActive\": false,\r\n    \"bgpSettings\":
        {\r\n      \"asn\": 65515,\r\n      \"bgpPeeringAddress\": \"10.0.0.254\",\r\n
        \     \"peerWeight\": 0,\r\n      \"bgpPeeringAddresses\": [\r\n        {\r\n
        \         \"ipconfigurationId\": \"/subscriptions/00000000-0000-0000-0000-000000000000/resourceGroups/clitest.rg000001/providers/Microsoft.Network/virtualNetworkGateways/vnet-gateway-name/ipConfigurations/vnetGatewayConfig0\",\r\n
        \         \"defaultBgpIpAddresses\": [\r\n            \"10.0.0.254\"\r\n          ],\r\n
        \         \"customBgpIpAddresses\": [],\r\n          \"tunnelIpAddresses\":
        [\r\n            \"13.93.231.197\"\r\n          ]\r\n        }\r\n      ]\r\n
        \   },\r\n    \"vpnGatewayGeneration\": \"Generation1\"\r\n  }\r\n}"
    headers:
      cache-control:
      - no-cache
      content-length:
      - '3569'
      content-type:
      - application/json; charset=utf-8
      date:
      - Wed, 12 May 2021 06:20:18 GMT
      expires:
      - '-1'
      pragma:
      - no-cache
      server:
      - Microsoft-HTTPAPI/2.0
      - Microsoft-HTTPAPI/2.0
      strict-transport-security:
      - max-age=31536000; includeSubDomains
      transfer-encoding:
      - chunked
      vary:
      - Accept-Encoding
      x-content-type-options:
      - nosniff
      x-ms-arm-service-request-id:
      - 6210dcfc-0064-4e2e-842a-ca62d9c72a33
    status:
      code: 200
      message: OK
- request:
    body: null
    headers:
      Accept:
      - application/json
      Accept-Encoding:
      - gzip, deflate
      CommandName:
      - network vnet-gateway nat-rule add
      Connection:
      - keep-alive
      ParameterSetName:
      - -g --gateway-name --name --internal-mappings --external-mappings
      User-Agent:
      - AZURECLI/2.23.0 azsdk-python-azure-mgmt-network/18.0.0 Python/3.7.3 (Windows-10-10.0.19041-SP0)
    method: GET
    uri: https://management.azure.com/subscriptions/00000000-0000-0000-0000-000000000000/resourceGroups/clitest.rg000001/providers/Microsoft.Network/virtualNetworkGateways/vnet-gateway-name?api-version=2021-02-01
  response:
    body:
      string: "{\r\n  \"name\": \"vnet-gateway-name\",\r\n  \"id\": \"/subscriptions/00000000-0000-0000-0000-000000000000/resourceGroups/clitest.rg000001/providers/Microsoft.Network/virtualNetworkGateways/vnet-gateway-name\",\r\n
        \ \"etag\": \"W/\\\"853ba52b-2c24-499a-b2d2-9392afdf21bc\\\"\",\r\n  \"type\":
        \"Microsoft.Network/virtualNetworkGateways\",\r\n  \"location\": \"westus\",\r\n
        \ \"properties\": {\r\n    \"provisioningState\": \"Succeeded\",\r\n    \"resourceGuid\":
        \"9f21c2d7-34aa-4ce6-812c-fc9cbace4b37\",\r\n    \"packetCaptureDiagnosticState\":
        \"None\",\r\n    \"enablePrivateIpAddress\": false,\r\n    \"ipConfigurations\":
        [\r\n      {\r\n        \"name\": \"vnetGatewayConfig0\",\r\n        \"id\":
        \"/subscriptions/00000000-0000-0000-0000-000000000000/resourceGroups/clitest.rg000001/providers/Microsoft.Network/virtualNetworkGateways/vnet-gateway-name/ipConfigurations/vnetGatewayConfig0\",\r\n
        \       \"etag\": \"W/\\\"853ba52b-2c24-499a-b2d2-9392afdf21bc\\\"\",\r\n
        \       \"type\": \"Microsoft.Network/virtualNetworkGateways/ipConfigurations\",\r\n
        \       \"properties\": {\r\n          \"provisioningState\": \"Succeeded\",\r\n
        \         \"privateIPAllocationMethod\": \"Dynamic\",\r\n          \"publicIPAddress\":
        {\r\n            \"id\": \"/subscriptions/00000000-0000-0000-0000-000000000000/resourceGroups/clitest.rg000001/providers/Microsoft.Network/publicIPAddresses/ip\"\r\n
        \         },\r\n          \"subnet\": {\r\n            \"id\": \"/subscriptions/00000000-0000-0000-0000-000000000000/resourceGroups/clitest.rg000001/providers/Microsoft.Network/virtualNetworks/vnet/subnets/GatewaySubnet\"\r\n
        \         }\r\n        }\r\n      }\r\n    ],\r\n    \"natRules\": [\r\n      {\r\n
        \       \"name\": \"nat-rule-name\",\r\n        \"id\": \"/subscriptions/00000000-0000-0000-0000-000000000000/resourceGroups/clitest.rg000001/providers/Microsoft.Network/virtualNetworkGateways/vnet-gateway-name/natRules/nat-rule-name\",\r\n
        \       \"etag\": \"W/\\\"853ba52b-2c24-499a-b2d2-9392afdf21bc\\\"\",\r\n
        \       \"properties\": {\r\n          \"provisioningState\": \"Succeeded\",\r\n
        \         \"type\": \"Static\",\r\n          \"mode\": \"EgressSnat\",\r\n
        \         \"internalMappings\": [\r\n            {\r\n              \"addressSpace\":
        \"10.4.0.0/24\"\r\n            }\r\n          ],\r\n          \"externalMappings\":
        [\r\n            {\r\n              \"addressSpace\": \"192.168.21.0/24\"\r\n
        \           }\r\n          ]\r\n        },\r\n        \"type\": \"Microsoft.Network/virtualNetworkGateways/natRules\"\r\n
        \     }\r\n    ],\r\n    \"enableBgpRouteTranslationForNat\": false,\r\n    \"sku\":
        {\r\n      \"name\": \"VpnGw2\",\r\n      \"tier\": \"VpnGw2\",\r\n      \"capacity\":
        2\r\n    },\r\n    \"gatewayType\": \"Vpn\",\r\n    \"vpnType\": \"RouteBased\",\r\n
        \   \"enableBgp\": false,\r\n    \"activeActive\": false,\r\n    \"bgpSettings\":
        {\r\n      \"asn\": 65515,\r\n      \"bgpPeeringAddress\": \"10.0.0.254\",\r\n
        \     \"peerWeight\": 0,\r\n      \"bgpPeeringAddresses\": [\r\n        {\r\n
        \         \"ipconfigurationId\": \"/subscriptions/00000000-0000-0000-0000-000000000000/resourceGroups/clitest.rg000001/providers/Microsoft.Network/virtualNetworkGateways/vnet-gateway-name/ipConfigurations/vnetGatewayConfig0\",\r\n
        \         \"defaultBgpIpAddresses\": [\r\n            \"10.0.0.254\"\r\n          ],\r\n
        \         \"customBgpIpAddresses\": [],\r\n          \"tunnelIpAddresses\":
        [\r\n            \"13.93.231.197\"\r\n          ]\r\n        }\r\n      ]\r\n
        \   },\r\n    \"vpnGatewayGeneration\": \"Generation1\"\r\n  }\r\n}"
    headers:
      cache-control:
      - no-cache
      content-length:
      - '3569'
      content-type:
      - application/json; charset=utf-8
      date:
      - Wed, 12 May 2021 06:20:20 GMT
      expires:
      - '-1'
      pragma:
      - no-cache
      server:
      - Microsoft-HTTPAPI/2.0
      - Microsoft-HTTPAPI/2.0
      strict-transport-security:
      - max-age=31536000; includeSubDomains
      transfer-encoding:
      - chunked
      vary:
      - Accept-Encoding
      x-content-type-options:
      - nosniff
      x-ms-arm-service-request-id:
      - a7c4d17f-b35c-4557-bf51-f04a717f1f4d
    status:
      code: 200
      message: OK
- request:
    body: '{"id": "/subscriptions/00000000-0000-0000-0000-000000000000/resourceGroups/clitest.rg000001/providers/Microsoft.Network/virtualNetworkGateways/vnet-gateway-name",
      "location": "westus", "properties": {"ipConfigurations": [{"id": "/subscriptions/00000000-0000-0000-0000-000000000000/resourceGroups/clitest.rg000001/providers/Microsoft.Network/virtualNetworkGateways/vnet-gateway-name/ipConfigurations/vnetGatewayConfig0",
      "name": "vnetGatewayConfig0", "properties": {"privateIPAllocationMethod": "Dynamic",
      "subnet": {"id": "/subscriptions/00000000-0000-0000-0000-000000000000/resourceGroups/clitest.rg000001/providers/Microsoft.Network/virtualNetworks/vnet/subnets/GatewaySubnet"},
      "publicIPAddress": {"id": "/subscriptions/00000000-0000-0000-0000-000000000000/resourceGroups/clitest.rg000001/providers/Microsoft.Network/publicIPAddresses/ip"}}}],
      "gatewayType": "Vpn", "vpnType": "RouteBased", "vpnGatewayGeneration": "Generation1",
      "enableBgp": false, "enablePrivateIpAddress": false, "activeActive": false,
      "sku": {"name": "VpnGw2", "tier": "VpnGw2"}, "bgpSettings": {"asn": 65515, "bgpPeeringAddress":
      "10.0.0.254", "peerWeight": 0, "bgpPeeringAddresses": [{"ipconfigurationId":
      "/subscriptions/00000000-0000-0000-0000-000000000000/resourceGroups/clitest.rg000001/providers/Microsoft.Network/virtualNetworkGateways/vnet-gateway-name/ipConfigurations/vnetGatewayConfig0",
      "customBgpIpAddresses": []}]}, "natRules": [{"id": "/subscriptions/00000000-0000-0000-0000-000000000000/resourceGroups/clitest.rg000001/providers/Microsoft.Network/virtualNetworkGateways/vnet-gateway-name/natRules/nat-rule-name",
      "name": "nat-rule-name", "properties": {"type": "Static", "mode": "EgressSnat",
      "internalMappings": [{"addressSpace": "10.4.0.0/24"}], "externalMappings": [{"addressSpace":
      "192.168.21.0/24"}]}}, {"name": "nat-rule-name1", "properties": {"internalMappings":
      [{"addressSpace": "10.3.0.0/24"}], "externalMappings": [{"addressSpace": "192.168.22.0/24"}]}}],
      "enableBgpRouteTranslationForNat": false}}'
    headers:
      Accept:
      - application/json
      Accept-Encoding:
      - gzip, deflate
      CommandName:
      - network vnet-gateway nat-rule add
      Connection:
      - keep-alive
      Content-Length:
      - '2355'
      Content-Type:
      - application/json
      ParameterSetName:
      - -g --gateway-name --name --internal-mappings --external-mappings
      User-Agent:
      - AZURECLI/2.23.0 azsdk-python-azure-mgmt-network/18.0.0 Python/3.7.3 (Windows-10-10.0.19041-SP0)
    method: PUT
    uri: https://management.azure.com/subscriptions/00000000-0000-0000-0000-000000000000/resourceGroups/clitest.rg000001/providers/Microsoft.Network/virtualNetworkGateways/vnet-gateway-name?api-version=2021-02-01
  response:
    body:
      string: "{\r\n  \"name\": \"vnet-gateway-name\",\r\n  \"id\": \"/subscriptions/00000000-0000-0000-0000-000000000000/resourceGroups/clitest.rg000001/providers/Microsoft.Network/virtualNetworkGateways/vnet-gateway-name\",\r\n
        \ \"etag\": \"W/\\\"7c012d1d-d643-4e69-932f-62aa71e4b6c9\\\"\",\r\n  \"type\":
        \"Microsoft.Network/virtualNetworkGateways\",\r\n  \"location\": \"westus\",\r\n
        \ \"properties\": {\r\n    \"provisioningState\": \"Updating\",\r\n    \"resourceGuid\":
        \"9f21c2d7-34aa-4ce6-812c-fc9cbace4b37\",\r\n    \"packetCaptureDiagnosticState\":
        \"None\",\r\n    \"enablePrivateIpAddress\": false,\r\n    \"ipConfigurations\":
        [\r\n      {\r\n        \"name\": \"vnetGatewayConfig0\",\r\n        \"id\":
        \"/subscriptions/00000000-0000-0000-0000-000000000000/resourceGroups/clitest.rg000001/providers/Microsoft.Network/virtualNetworkGateways/vnet-gateway-name/ipConfigurations/vnetGatewayConfig0\",\r\n
        \       \"etag\": \"W/\\\"7c012d1d-d643-4e69-932f-62aa71e4b6c9\\\"\",\r\n
        \       \"type\": \"Microsoft.Network/virtualNetworkGateways/ipConfigurations\",\r\n
        \       \"properties\": {\r\n          \"provisioningState\": \"Updating\",\r\n
        \         \"privateIPAllocationMethod\": \"Dynamic\",\r\n          \"publicIPAddress\":
        {\r\n            \"id\": \"/subscriptions/00000000-0000-0000-0000-000000000000/resourceGroups/clitest.rg000001/providers/Microsoft.Network/publicIPAddresses/ip\"\r\n
        \         },\r\n          \"subnet\": {\r\n            \"id\": \"/subscriptions/00000000-0000-0000-0000-000000000000/resourceGroups/clitest.rg000001/providers/Microsoft.Network/virtualNetworks/vnet/subnets/GatewaySubnet\"\r\n
        \         }\r\n        }\r\n      }\r\n    ],\r\n    \"natRules\": [\r\n      {\r\n
        \       \"name\": \"nat-rule-name\",\r\n        \"id\": \"/subscriptions/00000000-0000-0000-0000-000000000000/resourceGroups/clitest.rg000001/providers/Microsoft.Network/virtualNetworkGateways/vnet-gateway-name/natRules/nat-rule-name\",\r\n
        \       \"etag\": \"W/\\\"7c012d1d-d643-4e69-932f-62aa71e4b6c9\\\"\",\r\n
        \       \"properties\": {\r\n          \"provisioningState\": \"Updating\",\r\n
        \         \"type\": \"Static\",\r\n          \"mode\": \"EgressSnat\",\r\n
        \         \"internalMappings\": [\r\n            {\r\n              \"addressSpace\":
        \"10.4.0.0/24\"\r\n            }\r\n          ],\r\n          \"externalMappings\":
        [\r\n            {\r\n              \"addressSpace\": \"192.168.21.0/24\"\r\n
        \           }\r\n          ]\r\n        },\r\n        \"type\": \"Microsoft.Network/virtualNetworkGateways/natRules\"\r\n
        \     },\r\n      {\r\n        \"name\": \"nat-rule-name1\",\r\n        \"id\":
        \"/subscriptions/00000000-0000-0000-0000-000000000000/resourceGroups/clitest.rg000001/providers/Microsoft.Network/virtualNetworkGateways/vnet-gateway-name/natRules/nat-rule-name1\",\r\n
        \       \"etag\": \"W/\\\"7c012d1d-d643-4e69-932f-62aa71e4b6c9\\\"\",\r\n
        \       \"properties\": {\r\n          \"provisioningState\": \"Updating\",\r\n
        \         \"type\": \"Static\",\r\n          \"mode\": \"EgressSnat\",\r\n
        \         \"internalMappings\": [\r\n            {\r\n              \"addressSpace\":
        \"10.3.0.0/24\"\r\n            }\r\n          ],\r\n          \"externalMappings\":
        [\r\n            {\r\n              \"addressSpace\": \"192.168.22.0/24\"\r\n
        \           }\r\n          ]\r\n        },\r\n        \"type\": \"Microsoft.Network/virtualNetworkGateways/natRules\"\r\n
        \     }\r\n    ],\r\n    \"enableBgpRouteTranslationForNat\": false,\r\n    \"sku\":
        {\r\n      \"name\": \"VpnGw2\",\r\n      \"tier\": \"VpnGw2\",\r\n      \"capacity\":
        2\r\n    },\r\n    \"gatewayType\": \"Vpn\",\r\n    \"vpnType\": \"RouteBased\",\r\n
        \   \"enableBgp\": false,\r\n    \"activeActive\": false,\r\n    \"vpnClientConfiguration\":
        {\r\n      \"vpnClientProtocols\": [\r\n        \"OpenVPN\",\r\n        \"IkeV2\"\r\n
        \     ],\r\n      \"vpnAuthenticationTypes\": [],\r\n      \"vpnClientRootCertificates\":
        [],\r\n      \"vpnClientRevokedCertificates\": [],\r\n      \"radiusServers\":
        [],\r\n      \"vpnClientIpsecPolicies\": []\r\n    },\r\n    \"bgpSettings\":
        {\r\n      \"asn\": 65515,\r\n      \"bgpPeeringAddress\": \"10.0.0.254\",\r\n
        \     \"peerWeight\": 0,\r\n      \"bgpPeeringAddresses\": [\r\n        {\r\n
        \         \"ipconfigurationId\": \"/subscriptions/00000000-0000-0000-0000-000000000000/resourceGroups/clitest.rg000001/providers/Microsoft.Network/virtualNetworkGateways/vnet-gateway-name/ipConfigurations/vnetGatewayConfig0\",\r\n
        \         \"defaultBgpIpAddresses\": [\r\n            \"10.0.0.254\"\r\n          ],\r\n
        \         \"customBgpIpAddresses\": [],\r\n          \"tunnelIpAddresses\":
        [\r\n            \"13.93.231.197\"\r\n          ]\r\n        }\r\n      ]\r\n
        \   },\r\n    \"vpnGatewayGeneration\": \"Generation1\"\r\n  }\r\n}"
    headers:
      azure-asyncoperation:
      - https://management.azure.com/subscriptions/00000000-0000-0000-0000-000000000000/providers/Microsoft.Network/locations/westus/operations/2d95b8f8-99b1-4088-b44a-f79ae2aaa533?api-version=2021-02-01
      cache-control:
      - no-cache
      content-length:
      - '4699'
      content-type:
      - application/json; charset=utf-8
      date:
      - Wed, 12 May 2021 06:20:23 GMT
      expires:
      - '-1'
      pragma:
      - no-cache
      server:
      - Microsoft-HTTPAPI/2.0
      - Microsoft-HTTPAPI/2.0
      strict-transport-security:
      - max-age=31536000; includeSubDomains
      transfer-encoding:
      - chunked
      vary:
      - Accept-Encoding
      x-content-type-options:
      - nosniff
      x-ms-arm-service-request-id:
      - 1b30eed8-1386-4ec8-b76b-05028cd958ba
      x-ms-ratelimit-remaining-subscription-writes:
      - '1199'
    status:
      code: 200
      message: OK
- request:
    body: null
    headers:
      Accept:
      - '*/*'
      Accept-Encoding:
      - gzip, deflate
      CommandName:
      - network vnet-gateway nat-rule add
      Connection:
      - keep-alive
      ParameterSetName:
      - -g --gateway-name --name --internal-mappings --external-mappings
      User-Agent:
      - AZURECLI/2.23.0 azsdk-python-azure-mgmt-network/18.0.0 Python/3.7.3 (Windows-10-10.0.19041-SP0)
    method: GET
    uri: https://management.azure.com/subscriptions/00000000-0000-0000-0000-000000000000/providers/Microsoft.Network/locations/westus/operations/2d95b8f8-99b1-4088-b44a-f79ae2aaa533?api-version=2021-02-01
  response:
    body:
      string: "{\r\n  \"status\": \"InProgress\"\r\n}"
    headers:
      cache-control:
      - no-cache
      content-length:
      - '30'
      content-type:
      - application/json; charset=utf-8
      date:
      - Wed, 12 May 2021 06:20:33 GMT
      expires:
      - '-1'
      pragma:
      - no-cache
      server:
      - Microsoft-HTTPAPI/2.0
      - Microsoft-HTTPAPI/2.0
      strict-transport-security:
      - max-age=31536000; includeSubDomains
      transfer-encoding:
      - chunked
      vary:
      - Accept-Encoding
      x-content-type-options:
      - nosniff
      x-ms-arm-service-request-id:
      - d3116208-906c-4353-a96f-3432bfa88cd4
    status:
      code: 200
      message: OK
- request:
    body: null
    headers:
      Accept:
      - '*/*'
      Accept-Encoding:
      - gzip, deflate
      CommandName:
      - network vnet-gateway nat-rule add
      Connection:
      - keep-alive
      ParameterSetName:
      - -g --gateway-name --name --internal-mappings --external-mappings
      User-Agent:
      - AZURECLI/2.23.0 azsdk-python-azure-mgmt-network/18.0.0 Python/3.7.3 (Windows-10-10.0.19041-SP0)
    method: GET
    uri: https://management.azure.com/subscriptions/00000000-0000-0000-0000-000000000000/providers/Microsoft.Network/locations/westus/operations/2d95b8f8-99b1-4088-b44a-f79ae2aaa533?api-version=2021-02-01
  response:
    body:
      string: "{\r\n  \"status\": \"InProgress\"\r\n}"
    headers:
      cache-control:
      - no-cache
      content-length:
      - '30'
      content-type:
      - application/json; charset=utf-8
      date:
      - Wed, 12 May 2021 06:20:53 GMT
      expires:
      - '-1'
      pragma:
      - no-cache
      server:
      - Microsoft-HTTPAPI/2.0
      - Microsoft-HTTPAPI/2.0
      strict-transport-security:
      - max-age=31536000; includeSubDomains
      transfer-encoding:
      - chunked
      vary:
      - Accept-Encoding
      x-content-type-options:
      - nosniff
      x-ms-arm-service-request-id:
      - 49a7f19c-60be-418e-9c01-f5e7cf2c6cea
    status:
      code: 200
      message: OK
- request:
    body: null
    headers:
      Accept:
      - '*/*'
      Accept-Encoding:
      - gzip, deflate
      CommandName:
      - network vnet-gateway nat-rule add
      Connection:
      - keep-alive
      ParameterSetName:
      - -g --gateway-name --name --internal-mappings --external-mappings
      User-Agent:
      - AZURECLI/2.23.0 azsdk-python-azure-mgmt-network/18.0.0 Python/3.7.3 (Windows-10-10.0.19041-SP0)
    method: GET
    uri: https://management.azure.com/subscriptions/00000000-0000-0000-0000-000000000000/providers/Microsoft.Network/locations/westus/operations/2d95b8f8-99b1-4088-b44a-f79ae2aaa533?api-version=2021-02-01
  response:
    body:
      string: "{\r\n  \"status\": \"InProgress\"\r\n}"
    headers:
      cache-control:
      - no-cache
      content-length:
      - '30'
      content-type:
      - application/json; charset=utf-8
      date:
      - Wed, 12 May 2021 06:21:35 GMT
      expires:
      - '-1'
      pragma:
      - no-cache
      server:
      - Microsoft-HTTPAPI/2.0
      - Microsoft-HTTPAPI/2.0
      strict-transport-security:
      - max-age=31536000; includeSubDomains
      transfer-encoding:
      - chunked
      vary:
      - Accept-Encoding
      x-content-type-options:
      - nosniff
      x-ms-arm-service-request-id:
      - 4e9d0ac6-551c-44bd-b568-812306c30307
    status:
      code: 200
      message: OK
- request:
    body: null
    headers:
      Accept:
      - '*/*'
      Accept-Encoding:
      - gzip, deflate
      CommandName:
      - network vnet-gateway nat-rule add
      Connection:
      - keep-alive
      ParameterSetName:
      - -g --gateway-name --name --internal-mappings --external-mappings
      User-Agent:
      - AZURECLI/2.23.0 azsdk-python-azure-mgmt-network/18.0.0 Python/3.7.3 (Windows-10-10.0.19041-SP0)
    method: GET
    uri: https://management.azure.com/subscriptions/00000000-0000-0000-0000-000000000000/providers/Microsoft.Network/locations/westus/operations/2d95b8f8-99b1-4088-b44a-f79ae2aaa533?api-version=2021-02-01
  response:
    body:
      string: "{\r\n  \"status\": \"Succeeded\"\r\n}"
    headers:
      cache-control:
      - no-cache
      content-length:
      - '29'
      content-type:
      - application/json; charset=utf-8
      date:
      - Wed, 12 May 2021 06:22:56 GMT
      expires:
      - '-1'
      pragma:
      - no-cache
      server:
      - Microsoft-HTTPAPI/2.0
      - Microsoft-HTTPAPI/2.0
      strict-transport-security:
      - max-age=31536000; includeSubDomains
      transfer-encoding:
      - chunked
      vary:
      - Accept-Encoding
      x-content-type-options:
      - nosniff
      x-ms-arm-service-request-id:
      - bd0f89b4-83b2-4ecf-ac95-917af860eff7
    status:
      code: 200
      message: OK
- request:
    body: null
    headers:
      Accept:
      - '*/*'
      Accept-Encoding:
      - gzip, deflate
      CommandName:
      - network vnet-gateway nat-rule add
      Connection:
      - keep-alive
      ParameterSetName:
      - -g --gateway-name --name --internal-mappings --external-mappings
      User-Agent:
      - AZURECLI/2.23.0 azsdk-python-azure-mgmt-network/18.0.0 Python/3.7.3 (Windows-10-10.0.19041-SP0)
    method: GET
    uri: https://management.azure.com/subscriptions/00000000-0000-0000-0000-000000000000/resourceGroups/clitest.rg000001/providers/Microsoft.Network/virtualNetworkGateways/vnet-gateway-name?api-version=2021-02-01
  response:
    body:
      string: "{\r\n  \"name\": \"vnet-gateway-name\",\r\n  \"id\": \"/subscriptions/00000000-0000-0000-0000-000000000000/resourceGroups/clitest.rg000001/providers/Microsoft.Network/virtualNetworkGateways/vnet-gateway-name\",\r\n
        \ \"etag\": \"W/\\\"ed66fb4c-b14a-42a9-bda0-699c9ae30ec1\\\"\",\r\n  \"type\":
        \"Microsoft.Network/virtualNetworkGateways\",\r\n  \"location\": \"westus\",\r\n
        \ \"properties\": {\r\n    \"provisioningState\": \"Succeeded\",\r\n    \"resourceGuid\":
        \"9f21c2d7-34aa-4ce6-812c-fc9cbace4b37\",\r\n    \"packetCaptureDiagnosticState\":
        \"None\",\r\n    \"enablePrivateIpAddress\": false,\r\n    \"ipConfigurations\":
        [\r\n      {\r\n        \"name\": \"vnetGatewayConfig0\",\r\n        \"id\":
        \"/subscriptions/00000000-0000-0000-0000-000000000000/resourceGroups/clitest.rg000001/providers/Microsoft.Network/virtualNetworkGateways/vnet-gateway-name/ipConfigurations/vnetGatewayConfig0\",\r\n
        \       \"etag\": \"W/\\\"ed66fb4c-b14a-42a9-bda0-699c9ae30ec1\\\"\",\r\n
        \       \"type\": \"Microsoft.Network/virtualNetworkGateways/ipConfigurations\",\r\n
        \       \"properties\": {\r\n          \"provisioningState\": \"Succeeded\",\r\n
        \         \"privateIPAllocationMethod\": \"Dynamic\",\r\n          \"publicIPAddress\":
        {\r\n            \"id\": \"/subscriptions/00000000-0000-0000-0000-000000000000/resourceGroups/clitest.rg000001/providers/Microsoft.Network/publicIPAddresses/ip\"\r\n
        \         },\r\n          \"subnet\": {\r\n            \"id\": \"/subscriptions/00000000-0000-0000-0000-000000000000/resourceGroups/clitest.rg000001/providers/Microsoft.Network/virtualNetworks/vnet/subnets/GatewaySubnet\"\r\n
        \         }\r\n        }\r\n      }\r\n    ],\r\n    \"natRules\": [\r\n      {\r\n
        \       \"name\": \"nat-rule-name\",\r\n        \"id\": \"/subscriptions/00000000-0000-0000-0000-000000000000/resourceGroups/clitest.rg000001/providers/Microsoft.Network/virtualNetworkGateways/vnet-gateway-name/natRules/nat-rule-name\",\r\n
        \       \"etag\": \"W/\\\"ed66fb4c-b14a-42a9-bda0-699c9ae30ec1\\\"\",\r\n
        \       \"properties\": {\r\n          \"provisioningState\": \"Succeeded\",\r\n
        \         \"type\": \"Static\",\r\n          \"mode\": \"EgressSnat\",\r\n
        \         \"internalMappings\": [\r\n            {\r\n              \"addressSpace\":
        \"10.4.0.0/24\"\r\n            }\r\n          ],\r\n          \"externalMappings\":
        [\r\n            {\r\n              \"addressSpace\": \"192.168.21.0/24\"\r\n
        \           }\r\n          ]\r\n        },\r\n        \"type\": \"Microsoft.Network/virtualNetworkGateways/natRules\"\r\n
        \     },\r\n      {\r\n        \"name\": \"nat-rule-name1\",\r\n        \"id\":
        \"/subscriptions/00000000-0000-0000-0000-000000000000/resourceGroups/clitest.rg000001/providers/Microsoft.Network/virtualNetworkGateways/vnet-gateway-name/natRules/nat-rule-name1\",\r\n
        \       \"etag\": \"W/\\\"ed66fb4c-b14a-42a9-bda0-699c9ae30ec1\\\"\",\r\n
        \       \"properties\": {\r\n          \"provisioningState\": \"Succeeded\",\r\n
        \         \"type\": \"Static\",\r\n          \"mode\": \"EgressSnat\",\r\n
        \         \"internalMappings\": [\r\n            {\r\n              \"addressSpace\":
        \"10.3.0.0/24\"\r\n            }\r\n          ],\r\n          \"externalMappings\":
        [\r\n            {\r\n              \"addressSpace\": \"192.168.22.0/24\"\r\n
        \           }\r\n          ]\r\n        },\r\n        \"type\": \"Microsoft.Network/virtualNetworkGateways/natRules\"\r\n
        \     }\r\n    ],\r\n    \"enableBgpRouteTranslationForNat\": false,\r\n    \"sku\":
        {\r\n      \"name\": \"VpnGw2\",\r\n      \"tier\": \"VpnGw2\",\r\n      \"capacity\":
        2\r\n    },\r\n    \"gatewayType\": \"Vpn\",\r\n    \"vpnType\": \"RouteBased\",\r\n
        \   \"enableBgp\": false,\r\n    \"activeActive\": false,\r\n    \"bgpSettings\":
        {\r\n      \"asn\": 65515,\r\n      \"bgpPeeringAddress\": \"10.0.0.254\",\r\n
        \     \"peerWeight\": 0,\r\n      \"bgpPeeringAddresses\": [\r\n        {\r\n
        \         \"ipconfigurationId\": \"/subscriptions/00000000-0000-0000-0000-000000000000/resourceGroups/clitest.rg000001/providers/Microsoft.Network/virtualNetworkGateways/vnet-gateway-name/ipConfigurations/vnetGatewayConfig0\",\r\n
        \         \"defaultBgpIpAddresses\": [\r\n            \"10.0.0.254\"\r\n          ],\r\n
        \         \"customBgpIpAddresses\": [],\r\n          \"tunnelIpAddresses\":
        [\r\n            \"13.93.231.197\"\r\n          ]\r\n        }\r\n      ]\r\n
        \   },\r\n    \"vpnGatewayGeneration\": \"Generation1\"\r\n  }\r\n}"
    headers:
      cache-control:
      - no-cache
      content-length:
      - '4400'
      content-type:
      - application/json; charset=utf-8
      date:
      - Wed, 12 May 2021 06:22:57 GMT
      expires:
      - '-1'
      pragma:
      - no-cache
      server:
      - Microsoft-HTTPAPI/2.0
      - Microsoft-HTTPAPI/2.0
      strict-transport-security:
      - max-age=31536000; includeSubDomains
      transfer-encoding:
      - chunked
      vary:
      - Accept-Encoding
      x-content-type-options:
      - nosniff
      x-ms-arm-service-request-id:
      - 6c1cc36b-6626-4b5a-a426-93c5823ec365
    status:
      code: 200
      message: OK
- request:
    body: null
    headers:
      Accept:
      - application/json
      Accept-Encoding:
      - gzip, deflate
      CommandName:
      - network vnet-gateway nat-rule list
      Connection:
      - keep-alive
      ParameterSetName:
      - -g --gateway-name
      User-Agent:
      - AZURECLI/2.23.0 azsdk-python-azure-mgmt-network/18.0.0 Python/3.7.3 (Windows-10-10.0.19041-SP0)
    method: GET
    uri: https://management.azure.com/subscriptions/00000000-0000-0000-0000-000000000000/resourceGroups/clitest.rg000001/providers/Microsoft.Network/virtualNetworkGateways/vnet-gateway-name?api-version=2021-02-01
  response:
    body:
      string: "{\r\n  \"name\": \"vnet-gateway-name\",\r\n  \"id\": \"/subscriptions/00000000-0000-0000-0000-000000000000/resourceGroups/clitest.rg000001/providers/Microsoft.Network/virtualNetworkGateways/vnet-gateway-name\",\r\n
        \ \"etag\": \"W/\\\"ed66fb4c-b14a-42a9-bda0-699c9ae30ec1\\\"\",\r\n  \"type\":
        \"Microsoft.Network/virtualNetworkGateways\",\r\n  \"location\": \"westus\",\r\n
        \ \"properties\": {\r\n    \"provisioningState\": \"Succeeded\",\r\n    \"resourceGuid\":
        \"9f21c2d7-34aa-4ce6-812c-fc9cbace4b37\",\r\n    \"packetCaptureDiagnosticState\":
        \"None\",\r\n    \"enablePrivateIpAddress\": false,\r\n    \"ipConfigurations\":
        [\r\n      {\r\n        \"name\": \"vnetGatewayConfig0\",\r\n        \"id\":
        \"/subscriptions/00000000-0000-0000-0000-000000000000/resourceGroups/clitest.rg000001/providers/Microsoft.Network/virtualNetworkGateways/vnet-gateway-name/ipConfigurations/vnetGatewayConfig0\",\r\n
        \       \"etag\": \"W/\\\"ed66fb4c-b14a-42a9-bda0-699c9ae30ec1\\\"\",\r\n
        \       \"type\": \"Microsoft.Network/virtualNetworkGateways/ipConfigurations\",\r\n
        \       \"properties\": {\r\n          \"provisioningState\": \"Succeeded\",\r\n
        \         \"privateIPAllocationMethod\": \"Dynamic\",\r\n          \"publicIPAddress\":
        {\r\n            \"id\": \"/subscriptions/00000000-0000-0000-0000-000000000000/resourceGroups/clitest.rg000001/providers/Microsoft.Network/publicIPAddresses/ip\"\r\n
        \         },\r\n          \"subnet\": {\r\n            \"id\": \"/subscriptions/00000000-0000-0000-0000-000000000000/resourceGroups/clitest.rg000001/providers/Microsoft.Network/virtualNetworks/vnet/subnets/GatewaySubnet\"\r\n
        \         }\r\n        }\r\n      }\r\n    ],\r\n    \"natRules\": [\r\n      {\r\n
        \       \"name\": \"nat-rule-name\",\r\n        \"id\": \"/subscriptions/00000000-0000-0000-0000-000000000000/resourceGroups/clitest.rg000001/providers/Microsoft.Network/virtualNetworkGateways/vnet-gateway-name/natRules/nat-rule-name\",\r\n
        \       \"etag\": \"W/\\\"ed66fb4c-b14a-42a9-bda0-699c9ae30ec1\\\"\",\r\n
        \       \"properties\": {\r\n          \"provisioningState\": \"Succeeded\",\r\n
        \         \"type\": \"Static\",\r\n          \"mode\": \"EgressSnat\",\r\n
        \         \"internalMappings\": [\r\n            {\r\n              \"addressSpace\":
        \"10.4.0.0/24\"\r\n            }\r\n          ],\r\n          \"externalMappings\":
        [\r\n            {\r\n              \"addressSpace\": \"192.168.21.0/24\"\r\n
        \           }\r\n          ]\r\n        },\r\n        \"type\": \"Microsoft.Network/virtualNetworkGateways/natRules\"\r\n
        \     },\r\n      {\r\n        \"name\": \"nat-rule-name1\",\r\n        \"id\":
        \"/subscriptions/00000000-0000-0000-0000-000000000000/resourceGroups/clitest.rg000001/providers/Microsoft.Network/virtualNetworkGateways/vnet-gateway-name/natRules/nat-rule-name1\",\r\n
        \       \"etag\": \"W/\\\"ed66fb4c-b14a-42a9-bda0-699c9ae30ec1\\\"\",\r\n
        \       \"properties\": {\r\n          \"provisioningState\": \"Succeeded\",\r\n
        \         \"type\": \"Static\",\r\n          \"mode\": \"EgressSnat\",\r\n
        \         \"internalMappings\": [\r\n            {\r\n              \"addressSpace\":
        \"10.3.0.0/24\"\r\n            }\r\n          ],\r\n          \"externalMappings\":
        [\r\n            {\r\n              \"addressSpace\": \"192.168.22.0/24\"\r\n
        \           }\r\n          ]\r\n        },\r\n        \"type\": \"Microsoft.Network/virtualNetworkGateways/natRules\"\r\n
        \     }\r\n    ],\r\n    \"enableBgpRouteTranslationForNat\": false,\r\n    \"sku\":
        {\r\n      \"name\": \"VpnGw2\",\r\n      \"tier\": \"VpnGw2\",\r\n      \"capacity\":
        2\r\n    },\r\n    \"gatewayType\": \"Vpn\",\r\n    \"vpnType\": \"RouteBased\",\r\n
        \   \"enableBgp\": false,\r\n    \"activeActive\": false,\r\n    \"bgpSettings\":
        {\r\n      \"asn\": 65515,\r\n      \"bgpPeeringAddress\": \"10.0.0.254\",\r\n
        \     \"peerWeight\": 0,\r\n      \"bgpPeeringAddresses\": [\r\n        {\r\n
        \         \"ipconfigurationId\": \"/subscriptions/00000000-0000-0000-0000-000000000000/resourceGroups/clitest.rg000001/providers/Microsoft.Network/virtualNetworkGateways/vnet-gateway-name/ipConfigurations/vnetGatewayConfig0\",\r\n
        \         \"defaultBgpIpAddresses\": [\r\n            \"10.0.0.254\"\r\n          ],\r\n
        \         \"customBgpIpAddresses\": [],\r\n          \"tunnelIpAddresses\":
        [\r\n            \"13.93.231.197\"\r\n          ]\r\n        }\r\n      ]\r\n
        \   },\r\n    \"vpnGatewayGeneration\": \"Generation1\"\r\n  }\r\n}"
    headers:
      cache-control:
      - no-cache
      content-length:
      - '4400'
      content-type:
      - application/json; charset=utf-8
      date:
      - Wed, 12 May 2021 06:22:57 GMT
      expires:
      - '-1'
      pragma:
      - no-cache
      server:
      - Microsoft-HTTPAPI/2.0
      - Microsoft-HTTPAPI/2.0
      strict-transport-security:
      - max-age=31536000; includeSubDomains
      transfer-encoding:
      - chunked
      vary:
      - Accept-Encoding
      x-content-type-options:
      - nosniff
      x-ms-arm-service-request-id:
      - 4aa964cc-8b14-48f7-ad96-df0709577965
    status:
      code: 200
      message: OK
- request:
    body: null
    headers:
      Accept:
      - application/json
      Accept-Encoding:
      - gzip, deflate
      CommandName:
      - network vnet-gateway nat-rule remove
      Connection:
      - keep-alive
      ParameterSetName:
      - -g --gateway-name --name
      User-Agent:
      - AZURECLI/2.23.0 azsdk-python-azure-mgmt-network/18.0.0 Python/3.7.3 (Windows-10-10.0.19041-SP0)
    method: GET
    uri: https://management.azure.com/subscriptions/00000000-0000-0000-0000-000000000000/resourceGroups/clitest.rg000001/providers/Microsoft.Network/virtualNetworkGateways/vnet-gateway-name?api-version=2021-02-01
  response:
    body:
      string: "{\r\n  \"name\": \"vnet-gateway-name\",\r\n  \"id\": \"/subscriptions/00000000-0000-0000-0000-000000000000/resourceGroups/clitest.rg000001/providers/Microsoft.Network/virtualNetworkGateways/vnet-gateway-name\",\r\n
        \ \"etag\": \"W/\\\"ed66fb4c-b14a-42a9-bda0-699c9ae30ec1\\\"\",\r\n  \"type\":
        \"Microsoft.Network/virtualNetworkGateways\",\r\n  \"location\": \"westus\",\r\n
        \ \"properties\": {\r\n    \"provisioningState\": \"Succeeded\",\r\n    \"resourceGuid\":
        \"9f21c2d7-34aa-4ce6-812c-fc9cbace4b37\",\r\n    \"packetCaptureDiagnosticState\":
        \"None\",\r\n    \"enablePrivateIpAddress\": false,\r\n    \"ipConfigurations\":
        [\r\n      {\r\n        \"name\": \"vnetGatewayConfig0\",\r\n        \"id\":
        \"/subscriptions/00000000-0000-0000-0000-000000000000/resourceGroups/clitest.rg000001/providers/Microsoft.Network/virtualNetworkGateways/vnet-gateway-name/ipConfigurations/vnetGatewayConfig0\",\r\n
        \       \"etag\": \"W/\\\"ed66fb4c-b14a-42a9-bda0-699c9ae30ec1\\\"\",\r\n
        \       \"type\": \"Microsoft.Network/virtualNetworkGateways/ipConfigurations\",\r\n
        \       \"properties\": {\r\n          \"provisioningState\": \"Succeeded\",\r\n
        \         \"privateIPAllocationMethod\": \"Dynamic\",\r\n          \"publicIPAddress\":
        {\r\n            \"id\": \"/subscriptions/00000000-0000-0000-0000-000000000000/resourceGroups/clitest.rg000001/providers/Microsoft.Network/publicIPAddresses/ip\"\r\n
        \         },\r\n          \"subnet\": {\r\n            \"id\": \"/subscriptions/00000000-0000-0000-0000-000000000000/resourceGroups/clitest.rg000001/providers/Microsoft.Network/virtualNetworks/vnet/subnets/GatewaySubnet\"\r\n
        \         }\r\n        }\r\n      }\r\n    ],\r\n    \"natRules\": [\r\n      {\r\n
        \       \"name\": \"nat-rule-name\",\r\n        \"id\": \"/subscriptions/00000000-0000-0000-0000-000000000000/resourceGroups/clitest.rg000001/providers/Microsoft.Network/virtualNetworkGateways/vnet-gateway-name/natRules/nat-rule-name\",\r\n
        \       \"etag\": \"W/\\\"ed66fb4c-b14a-42a9-bda0-699c9ae30ec1\\\"\",\r\n
        \       \"properties\": {\r\n          \"provisioningState\": \"Succeeded\",\r\n
        \         \"type\": \"Static\",\r\n          \"mode\": \"EgressSnat\",\r\n
        \         \"internalMappings\": [\r\n            {\r\n              \"addressSpace\":
        \"10.4.0.0/24\"\r\n            }\r\n          ],\r\n          \"externalMappings\":
        [\r\n            {\r\n              \"addressSpace\": \"192.168.21.0/24\"\r\n
        \           }\r\n          ]\r\n        },\r\n        \"type\": \"Microsoft.Network/virtualNetworkGateways/natRules\"\r\n
        \     },\r\n      {\r\n        \"name\": \"nat-rule-name1\",\r\n        \"id\":
        \"/subscriptions/00000000-0000-0000-0000-000000000000/resourceGroups/clitest.rg000001/providers/Microsoft.Network/virtualNetworkGateways/vnet-gateway-name/natRules/nat-rule-name1\",\r\n
        \       \"etag\": \"W/\\\"ed66fb4c-b14a-42a9-bda0-699c9ae30ec1\\\"\",\r\n
        \       \"properties\": {\r\n          \"provisioningState\": \"Succeeded\",\r\n
        \         \"type\": \"Static\",\r\n          \"mode\": \"EgressSnat\",\r\n
        \         \"internalMappings\": [\r\n            {\r\n              \"addressSpace\":
        \"10.3.0.0/24\"\r\n            }\r\n          ],\r\n          \"externalMappings\":
        [\r\n            {\r\n              \"addressSpace\": \"192.168.22.0/24\"\r\n
        \           }\r\n          ]\r\n        },\r\n        \"type\": \"Microsoft.Network/virtualNetworkGateways/natRules\"\r\n
        \     }\r\n    ],\r\n    \"enableBgpRouteTranslationForNat\": false,\r\n    \"sku\":
        {\r\n      \"name\": \"VpnGw2\",\r\n      \"tier\": \"VpnGw2\",\r\n      \"capacity\":
        2\r\n    },\r\n    \"gatewayType\": \"Vpn\",\r\n    \"vpnType\": \"RouteBased\",\r\n
        \   \"enableBgp\": false,\r\n    \"activeActive\": false,\r\n    \"bgpSettings\":
        {\r\n      \"asn\": 65515,\r\n      \"bgpPeeringAddress\": \"10.0.0.254\",\r\n
        \     \"peerWeight\": 0,\r\n      \"bgpPeeringAddresses\": [\r\n        {\r\n
        \         \"ipconfigurationId\": \"/subscriptions/00000000-0000-0000-0000-000000000000/resourceGroups/clitest.rg000001/providers/Microsoft.Network/virtualNetworkGateways/vnet-gateway-name/ipConfigurations/vnetGatewayConfig0\",\r\n
        \         \"defaultBgpIpAddresses\": [\r\n            \"10.0.0.254\"\r\n          ],\r\n
        \         \"customBgpIpAddresses\": [],\r\n          \"tunnelIpAddresses\":
        [\r\n            \"13.93.231.197\"\r\n          ]\r\n        }\r\n      ]\r\n
        \   },\r\n    \"vpnGatewayGeneration\": \"Generation1\"\r\n  }\r\n}"
    headers:
      cache-control:
      - no-cache
      content-length:
      - '4400'
      content-type:
      - application/json; charset=utf-8
      date:
      - Wed, 12 May 2021 06:22:57 GMT
      expires:
      - '-1'
      pragma:
      - no-cache
      server:
      - Microsoft-HTTPAPI/2.0
      - Microsoft-HTTPAPI/2.0
      strict-transport-security:
      - max-age=31536000; includeSubDomains
      transfer-encoding:
      - chunked
      vary:
      - Accept-Encoding
      x-content-type-options:
      - nosniff
      x-ms-arm-service-request-id:
      - ec41b271-bcf8-4d6f-8e06-a141c1450f37
    status:
      code: 200
      message: OK
- request:
    body: '{"id": "/subscriptions/00000000-0000-0000-0000-000000000000/resourceGroups/clitest.rg000001/providers/Microsoft.Network/virtualNetworkGateways/vnet-gateway-name",
      "location": "westus", "properties": {"ipConfigurations": [{"id": "/subscriptions/00000000-0000-0000-0000-000000000000/resourceGroups/clitest.rg000001/providers/Microsoft.Network/virtualNetworkGateways/vnet-gateway-name/ipConfigurations/vnetGatewayConfig0",
      "name": "vnetGatewayConfig0", "properties": {"privateIPAllocationMethod": "Dynamic",
      "subnet": {"id": "/subscriptions/00000000-0000-0000-0000-000000000000/resourceGroups/clitest.rg000001/providers/Microsoft.Network/virtualNetworks/vnet/subnets/GatewaySubnet"},
      "publicIPAddress": {"id": "/subscriptions/00000000-0000-0000-0000-000000000000/resourceGroups/clitest.rg000001/providers/Microsoft.Network/publicIPAddresses/ip"}}}],
      "gatewayType": "Vpn", "vpnType": "RouteBased", "vpnGatewayGeneration": "Generation1",
      "enableBgp": false, "enablePrivateIpAddress": false, "activeActive": false,
      "sku": {"name": "VpnGw2", "tier": "VpnGw2"}, "bgpSettings": {"asn": 65515, "bgpPeeringAddress":
      "10.0.0.254", "peerWeight": 0, "bgpPeeringAddresses": [{"ipconfigurationId":
      "/subscriptions/00000000-0000-0000-0000-000000000000/resourceGroups/clitest.rg000001/providers/Microsoft.Network/virtualNetworkGateways/vnet-gateway-name/ipConfigurations/vnetGatewayConfig0",
      "customBgpIpAddresses": []}]}, "natRules": [{"id": "/subscriptions/00000000-0000-0000-0000-000000000000/resourceGroups/clitest.rg000001/providers/Microsoft.Network/virtualNetworkGateways/vnet-gateway-name/natRules/nat-rule-name1",
      "name": "nat-rule-name1", "properties": {"type": "Static", "mode": "EgressSnat",
      "internalMappings": [{"addressSpace": "10.3.0.0/24"}], "externalMappings": [{"addressSpace":
      "192.168.22.0/24"}]}}], "enableBgpRouteTranslationForNat": false}}'
    headers:
      Accept:
      - application/json
      Accept-Encoding:
      - gzip, deflate
      CommandName:
      - network vnet-gateway nat-rule remove
      Connection:
      - keep-alive
      Content-Length:
      - '2199'
      Content-Type:
      - application/json
      ParameterSetName:
      - -g --gateway-name --name
      User-Agent:
      - AZURECLI/2.23.0 azsdk-python-azure-mgmt-network/18.0.0 Python/3.7.3 (Windows-10-10.0.19041-SP0)
    method: PUT
    uri: https://management.azure.com/subscriptions/00000000-0000-0000-0000-000000000000/resourceGroups/clitest.rg000001/providers/Microsoft.Network/virtualNetworkGateways/vnet-gateway-name?api-version=2021-02-01
  response:
    body:
      string: "{\r\n  \"name\": \"vnet-gateway-name\",\r\n  \"id\": \"/subscriptions/00000000-0000-0000-0000-000000000000/resourceGroups/clitest.rg000001/providers/Microsoft.Network/virtualNetworkGateways/vnet-gateway-name\",\r\n
        \ \"etag\": \"W/\\\"1ea2d69a-e52b-4be4-8f84-2bb2295fddd7\\\"\",\r\n  \"type\":
        \"Microsoft.Network/virtualNetworkGateways\",\r\n  \"location\": \"westus\",\r\n
        \ \"properties\": {\r\n    \"provisioningState\": \"Updating\",\r\n    \"resourceGuid\":
        \"9f21c2d7-34aa-4ce6-812c-fc9cbace4b37\",\r\n    \"packetCaptureDiagnosticState\":
        \"None\",\r\n    \"enablePrivateIpAddress\": false,\r\n    \"ipConfigurations\":
        [\r\n      {\r\n        \"name\": \"vnetGatewayConfig0\",\r\n        \"id\":
        \"/subscriptions/00000000-0000-0000-0000-000000000000/resourceGroups/clitest.rg000001/providers/Microsoft.Network/virtualNetworkGateways/vnet-gateway-name/ipConfigurations/vnetGatewayConfig0\",\r\n
        \       \"etag\": \"W/\\\"1ea2d69a-e52b-4be4-8f84-2bb2295fddd7\\\"\",\r\n
        \       \"type\": \"Microsoft.Network/virtualNetworkGateways/ipConfigurations\",\r\n
        \       \"properties\": {\r\n          \"provisioningState\": \"Updating\",\r\n
        \         \"privateIPAllocationMethod\": \"Dynamic\",\r\n          \"publicIPAddress\":
        {\r\n            \"id\": \"/subscriptions/00000000-0000-0000-0000-000000000000/resourceGroups/clitest.rg000001/providers/Microsoft.Network/publicIPAddresses/ip\"\r\n
        \         },\r\n          \"subnet\": {\r\n            \"id\": \"/subscriptions/00000000-0000-0000-0000-000000000000/resourceGroups/clitest.rg000001/providers/Microsoft.Network/virtualNetworks/vnet/subnets/GatewaySubnet\"\r\n
        \         }\r\n        }\r\n      }\r\n    ],\r\n    \"natRules\": [\r\n      {\r\n
        \       \"name\": \"nat-rule-name1\",\r\n        \"id\": \"/subscriptions/00000000-0000-0000-0000-000000000000/resourceGroups/clitest.rg000001/providers/Microsoft.Network/virtualNetworkGateways/vnet-gateway-name/natRules/nat-rule-name1\",\r\n
        \       \"etag\": \"W/\\\"1ea2d69a-e52b-4be4-8f84-2bb2295fddd7\\\"\",\r\n
        \       \"properties\": {\r\n          \"provisioningState\": \"Updating\",\r\n
        \         \"type\": \"Static\",\r\n          \"mode\": \"EgressSnat\",\r\n
        \         \"internalMappings\": [\r\n            {\r\n              \"addressSpace\":
        \"10.3.0.0/24\"\r\n            }\r\n          ],\r\n          \"externalMappings\":
        [\r\n            {\r\n              \"addressSpace\": \"192.168.22.0/24\"\r\n
        \           }\r\n          ]\r\n        },\r\n        \"type\": \"Microsoft.Network/virtualNetworkGateways/natRules\"\r\n
        \     }\r\n    ],\r\n    \"enableBgpRouteTranslationForNat\": false,\r\n    \"sku\":
        {\r\n      \"name\": \"VpnGw2\",\r\n      \"tier\": \"VpnGw2\",\r\n      \"capacity\":
        2\r\n    },\r\n    \"gatewayType\": \"Vpn\",\r\n    \"vpnType\": \"RouteBased\",\r\n
        \   \"enableBgp\": false,\r\n    \"activeActive\": false,\r\n    \"vpnClientConfiguration\":
        {\r\n      \"vpnClientProtocols\": [\r\n        \"OpenVPN\",\r\n        \"IkeV2\"\r\n
        \     ],\r\n      \"vpnAuthenticationTypes\": [],\r\n      \"vpnClientRootCertificates\":
        [],\r\n      \"vpnClientRevokedCertificates\": [],\r\n      \"radiusServers\":
        [],\r\n      \"vpnClientIpsecPolicies\": []\r\n    },\r\n    \"bgpSettings\":
        {\r\n      \"asn\": 65515,\r\n      \"bgpPeeringAddress\": \"10.0.0.254\",\r\n
        \     \"peerWeight\": 0,\r\n      \"bgpPeeringAddresses\": [\r\n        {\r\n
        \         \"ipconfigurationId\": \"/subscriptions/00000000-0000-0000-0000-000000000000/resourceGroups/clitest.rg000001/providers/Microsoft.Network/virtualNetworkGateways/vnet-gateway-name/ipConfigurations/vnetGatewayConfig0\",\r\n
        \         \"defaultBgpIpAddresses\": [\r\n            \"10.0.0.254\"\r\n          ],\r\n
        \         \"customBgpIpAddresses\": [],\r\n          \"tunnelIpAddresses\":
        [\r\n            \"13.93.231.197\"\r\n          ]\r\n        }\r\n      ]\r\n
        \   },\r\n    \"vpnGatewayGeneration\": \"Generation1\"\r\n  }\r\n}"
    headers:
      azure-asyncoperation:
      - https://management.azure.com/subscriptions/00000000-0000-0000-0000-000000000000/providers/Microsoft.Network/locations/westus/operations/a84f5e27-b4cd-4b24-aa4c-15e61eb20555?api-version=2021-02-01
      cache-control:
      - no-cache
      content-length:
      - '3871'
      content-type:
      - application/json; charset=utf-8
      date:
      - Wed, 12 May 2021 06:23:01 GMT
      expires:
      - '-1'
      pragma:
      - no-cache
      server:
      - Microsoft-HTTPAPI/2.0
      - Microsoft-HTTPAPI/2.0
      strict-transport-security:
      - max-age=31536000; includeSubDomains
      transfer-encoding:
      - chunked
      vary:
      - Accept-Encoding
      x-content-type-options:
      - nosniff
      x-ms-arm-service-request-id:
      - 69ddb335-5a7b-4673-b32b-18143c80a784
      x-ms-ratelimit-remaining-subscription-writes:
      - '1198'
    status:
      code: 200
      message: OK
- request:
    body: null
    headers:
      Accept:
      - '*/*'
      Accept-Encoding:
      - gzip, deflate
      CommandName:
      - network vnet-gateway nat-rule remove
      Connection:
      - keep-alive
      ParameterSetName:
      - -g --gateway-name --name
      User-Agent:
      - AZURECLI/2.23.0 azsdk-python-azure-mgmt-network/18.0.0 Python/3.7.3 (Windows-10-10.0.19041-SP0)
    method: GET
    uri: https://management.azure.com/subscriptions/00000000-0000-0000-0000-000000000000/providers/Microsoft.Network/locations/westus/operations/a84f5e27-b4cd-4b24-aa4c-15e61eb20555?api-version=2021-02-01
  response:
    body:
      string: "{\r\n  \"status\": \"InProgress\"\r\n}"
    headers:
      cache-control:
      - no-cache
      content-length:
      - '30'
      content-type:
      - application/json; charset=utf-8
      date:
      - Wed, 12 May 2021 06:23:11 GMT
      expires:
      - '-1'
      pragma:
      - no-cache
      server:
      - Microsoft-HTTPAPI/2.0
      - Microsoft-HTTPAPI/2.0
      strict-transport-security:
      - max-age=31536000; includeSubDomains
      transfer-encoding:
      - chunked
      vary:
      - Accept-Encoding
      x-content-type-options:
      - nosniff
      x-ms-arm-service-request-id:
      - 850ccafb-6a82-4a1a-ac5e-20f4392d6ca5
    status:
      code: 200
      message: OK
- request:
    body: null
    headers:
      Accept:
      - '*/*'
      Accept-Encoding:
      - gzip, deflate
      CommandName:
      - network vnet-gateway nat-rule remove
      Connection:
      - keep-alive
      ParameterSetName:
      - -g --gateway-name --name
      User-Agent:
      - AZURECLI/2.23.0 azsdk-python-azure-mgmt-network/18.0.0 Python/3.7.3 (Windows-10-10.0.19041-SP0)
    method: GET
    uri: https://management.azure.com/subscriptions/00000000-0000-0000-0000-000000000000/providers/Microsoft.Network/locations/westus/operations/a84f5e27-b4cd-4b24-aa4c-15e61eb20555?api-version=2021-02-01
  response:
    body:
      string: "{\r\n  \"status\": \"InProgress\"\r\n}"
    headers:
      cache-control:
      - no-cache
      content-length:
      - '30'
      content-type:
      - application/json; charset=utf-8
      date:
      - Wed, 12 May 2021 06:23:32 GMT
      expires:
      - '-1'
      pragma:
      - no-cache
      server:
      - Microsoft-HTTPAPI/2.0
      - Microsoft-HTTPAPI/2.0
      strict-transport-security:
      - max-age=31536000; includeSubDomains
      transfer-encoding:
      - chunked
      vary:
      - Accept-Encoding
      x-content-type-options:
      - nosniff
      x-ms-arm-service-request-id:
      - e69e80bf-f533-4093-9311-b54874e3183b
    status:
      code: 200
      message: OK
- request:
    body: null
    headers:
      Accept:
      - '*/*'
      Accept-Encoding:
      - gzip, deflate
      CommandName:
      - network vnet-gateway nat-rule remove
      Connection:
      - keep-alive
      ParameterSetName:
      - -g --gateway-name --name
      User-Agent:
      - AZURECLI/2.23.0 azsdk-python-azure-mgmt-network/18.0.0 Python/3.7.3 (Windows-10-10.0.19041-SP0)
    method: GET
    uri: https://management.azure.com/subscriptions/00000000-0000-0000-0000-000000000000/providers/Microsoft.Network/locations/westus/operations/a84f5e27-b4cd-4b24-aa4c-15e61eb20555?api-version=2021-02-01
  response:
    body:
      string: "{\r\n  \"status\": \"InProgress\"\r\n}"
    headers:
      cache-control:
      - no-cache
      content-length:
      - '30'
      content-type:
      - application/json; charset=utf-8
      date:
      - Wed, 12 May 2021 06:24:12 GMT
      expires:
      - '-1'
      pragma:
      - no-cache
      server:
      - Microsoft-HTTPAPI/2.0
      - Microsoft-HTTPAPI/2.0
      strict-transport-security:
      - max-age=31536000; includeSubDomains
      transfer-encoding:
      - chunked
      vary:
      - Accept-Encoding
      x-content-type-options:
      - nosniff
      x-ms-arm-service-request-id:
      - 38cc9d22-a00c-421f-999a-16e4745be8a9
    status:
      code: 200
      message: OK
- request:
    body: null
    headers:
      Accept:
      - '*/*'
      Accept-Encoding:
      - gzip, deflate
      CommandName:
      - network vnet-gateway nat-rule remove
      Connection:
      - keep-alive
      ParameterSetName:
      - -g --gateway-name --name
      User-Agent:
      - AZURECLI/2.23.0 azsdk-python-azure-mgmt-network/18.0.0 Python/3.7.3 (Windows-10-10.0.19041-SP0)
    method: GET
    uri: https://management.azure.com/subscriptions/00000000-0000-0000-0000-000000000000/providers/Microsoft.Network/locations/westus/operations/a84f5e27-b4cd-4b24-aa4c-15e61eb20555?api-version=2021-02-01
  response:
    body:
      string: "{\r\n  \"status\": \"Succeeded\"\r\n}"
    headers:
      cache-control:
      - no-cache
      content-length:
      - '29'
      content-type:
      - application/json; charset=utf-8
      date:
      - Wed, 12 May 2021 06:25:32 GMT
      expires:
      - '-1'
      pragma:
      - no-cache
      server:
      - Microsoft-HTTPAPI/2.0
      - Microsoft-HTTPAPI/2.0
      strict-transport-security:
      - max-age=31536000; includeSubDomains
      transfer-encoding:
      - chunked
      vary:
      - Accept-Encoding
      x-content-type-options:
      - nosniff
      x-ms-arm-service-request-id:
      - bacc44da-ce4e-4c87-9ddf-1846054c29ee
    status:
      code: 200
      message: OK
- request:
    body: null
    headers:
      Accept:
      - '*/*'
      Accept-Encoding:
      - gzip, deflate
      CommandName:
      - network vnet-gateway nat-rule remove
      Connection:
      - keep-alive
      ParameterSetName:
      - -g --gateway-name --name
      User-Agent:
      - AZURECLI/2.23.0 azsdk-python-azure-mgmt-network/18.0.0 Python/3.7.3 (Windows-10-10.0.19041-SP0)
    method: GET
    uri: https://management.azure.com/subscriptions/00000000-0000-0000-0000-000000000000/resourceGroups/clitest.rg000001/providers/Microsoft.Network/virtualNetworkGateways/vnet-gateway-name?api-version=2021-02-01
  response:
    body:
      string: "{\r\n  \"name\": \"vnet-gateway-name\",\r\n  \"id\": \"/subscriptions/00000000-0000-0000-0000-000000000000/resourceGroups/clitest.rg000001/providers/Microsoft.Network/virtualNetworkGateways/vnet-gateway-name\",\r\n
        \ \"etag\": \"W/\\\"6445f6c1-62f6-4155-86dc-79a48a9f100e\\\"\",\r\n  \"type\":
        \"Microsoft.Network/virtualNetworkGateways\",\r\n  \"location\": \"westus\",\r\n
        \ \"properties\": {\r\n    \"provisioningState\": \"Succeeded\",\r\n    \"resourceGuid\":
        \"9f21c2d7-34aa-4ce6-812c-fc9cbace4b37\",\r\n    \"packetCaptureDiagnosticState\":
        \"None\",\r\n    \"enablePrivateIpAddress\": false,\r\n    \"ipConfigurations\":
        [\r\n      {\r\n        \"name\": \"vnetGatewayConfig0\",\r\n        \"id\":
        \"/subscriptions/00000000-0000-0000-0000-000000000000/resourceGroups/clitest.rg000001/providers/Microsoft.Network/virtualNetworkGateways/vnet-gateway-name/ipConfigurations/vnetGatewayConfig0\",\r\n
        \       \"etag\": \"W/\\\"6445f6c1-62f6-4155-86dc-79a48a9f100e\\\"\",\r\n
        \       \"type\": \"Microsoft.Network/virtualNetworkGateways/ipConfigurations\",\r\n
        \       \"properties\": {\r\n          \"provisioningState\": \"Succeeded\",\r\n
        \         \"privateIPAllocationMethod\": \"Dynamic\",\r\n          \"publicIPAddress\":
        {\r\n            \"id\": \"/subscriptions/00000000-0000-0000-0000-000000000000/resourceGroups/clitest.rg000001/providers/Microsoft.Network/publicIPAddresses/ip\"\r\n
        \         },\r\n          \"subnet\": {\r\n            \"id\": \"/subscriptions/00000000-0000-0000-0000-000000000000/resourceGroups/clitest.rg000001/providers/Microsoft.Network/virtualNetworks/vnet/subnets/GatewaySubnet\"\r\n
        \         }\r\n        }\r\n      }\r\n    ],\r\n    \"natRules\": [\r\n      {\r\n
        \       \"name\": \"nat-rule-name1\",\r\n        \"id\": \"/subscriptions/00000000-0000-0000-0000-000000000000/resourceGroups/clitest.rg000001/providers/Microsoft.Network/virtualNetworkGateways/vnet-gateway-name/natRules/nat-rule-name1\",\r\n
        \       \"etag\": \"W/\\\"6445f6c1-62f6-4155-86dc-79a48a9f100e\\\"\",\r\n
        \       \"properties\": {\r\n          \"provisioningState\": \"Succeeded\",\r\n
        \         \"type\": \"Static\",\r\n          \"mode\": \"EgressSnat\",\r\n
        \         \"internalMappings\": [\r\n            {\r\n              \"addressSpace\":
        \"10.3.0.0/24\"\r\n            }\r\n          ],\r\n          \"externalMappings\":
        [\r\n            {\r\n              \"addressSpace\": \"192.168.22.0/24\"\r\n
        \           }\r\n          ]\r\n        },\r\n        \"type\": \"Microsoft.Network/virtualNetworkGateways/natRules\"\r\n
        \     }\r\n    ],\r\n    \"enableBgpRouteTranslationForNat\": false,\r\n    \"sku\":
        {\r\n      \"name\": \"VpnGw2\",\r\n      \"tier\": \"VpnGw2\",\r\n      \"capacity\":
        2\r\n    },\r\n    \"gatewayType\": \"Vpn\",\r\n    \"vpnType\": \"RouteBased\",\r\n
        \   \"enableBgp\": false,\r\n    \"activeActive\": false,\r\n    \"bgpSettings\":
        {\r\n      \"asn\": 65515,\r\n      \"bgpPeeringAddress\": \"10.0.0.254\",\r\n
        \     \"peerWeight\": 0,\r\n      \"bgpPeeringAddresses\": [\r\n        {\r\n
        \         \"ipconfigurationId\": \"/subscriptions/00000000-0000-0000-0000-000000000000/resourceGroups/clitest.rg000001/providers/Microsoft.Network/virtualNetworkGateways/vnet-gateway-name/ipConfigurations/vnetGatewayConfig0\",\r\n
        \         \"defaultBgpIpAddresses\": [\r\n            \"10.0.0.254\"\r\n          ],\r\n
        \         \"customBgpIpAddresses\": [],\r\n          \"tunnelIpAddresses\":
        [\r\n            \"13.93.231.197\"\r\n          ]\r\n        }\r\n      ]\r\n
        \   },\r\n    \"vpnGatewayGeneration\": \"Generation1\"\r\n  }\r\n}"
    headers:
      cache-control:
      - no-cache
      content-length:
      - '3571'
      content-type:
      - application/json; charset=utf-8
      date:
      - Wed, 12 May 2021 06:25:32 GMT
      expires:
      - '-1'
      pragma:
      - no-cache
      server:
      - Microsoft-HTTPAPI/2.0
      - Microsoft-HTTPAPI/2.0
      strict-transport-security:
      - max-age=31536000; includeSubDomains
      transfer-encoding:
      - chunked
      vary:
      - Accept-Encoding
      x-content-type-options:
      - nosniff
      x-ms-arm-service-request-id:
      - 1a1ef8bc-9be0-4a6e-b78d-ea75c4ec1ae6
    status:
      code: 200
      message: OK
version: 1
