interactions:
- request:
    body: null
    headers:
      Accept:
      - application/json
      Accept-Encoding:
      - gzip, deflate
      CommandName:
      - network lb create
      Connection:
      - keep-alive
      ParameterSetName:
      - -g -n --sku --public-ip-address
      User-Agent:
      - AZURECLI/2.27.0 azsdk-python-azure-mgmt-resource/18.0.0 Python/3.8.10 (Windows-10-10.0.19043-SP0)
    method: GET
    uri: https://management.azure.com/subscriptions/00000000-0000-0000-0000-000000000000/resourcegroups/test_network_lb_front_ip000001?api-version=2021-04-01
  response:
    body:
      string: '{"id":"/subscriptions/00000000-0000-0000-0000-000000000000/resourceGroups/test_network_lb_front_ip000001","name":"test_network_lb_front_ip000001","type":"Microsoft.Resources/resourceGroups","location":"eastus","tags":{"product":"azurecli","cause":"automation","date":"2021-08-09T05:54:39Z"},"properties":{"provisioningState":"Succeeded"}}'
    headers:
      cache-control:
      - no-cache
      content-length:
      - '428'
      content-type:
      - application/json; charset=utf-8
      date:
      - Mon, 09 Aug 2021 05:54:43 GMT
      expires:
      - '-1'
      pragma:
      - no-cache
      strict-transport-security:
      - max-age=31536000; includeSubDomains
      vary:
      - Accept-Encoding
      x-content-type-options:
      - nosniff
    status:
      code: 200
      message: OK
- request:
    body: null
    headers:
      Accept:
      - application/json
      Accept-Encoding:
      - gzip, deflate
      CommandName:
      - network lb create
      Connection:
      - keep-alive
      ParameterSetName:
      - -g -n --sku --public-ip-address
      User-Agent:
      - AZURECLI/2.27.0 azsdk-python-azure-mgmt-resource/18.0.0 Python/3.8.10 (Windows-10-10.0.19043-SP0)
    method: GET
    uri: https://management.azure.com/subscriptions/00000000-0000-0000-0000-000000000000/resources?$filter=resourceGroup%20eq%20%27test_network_lb_front_ip000001%27%20and%20name%20eq%20%27public-ip%27%20and%20resourceType%20eq%20%27Microsoft.Network%2FpublicIPAddresses%27&api-version=2021-04-01
  response:
    body:
      string: '{"value":[]}'
    headers:
      cache-control:
      - no-cache
      content-length:
      - '12'
      content-type:
      - application/json; charset=utf-8
      date:
      - Mon, 09 Aug 2021 05:54:45 GMT
      expires:
      - '-1'
      pragma:
      - no-cache
      strict-transport-security:
      - max-age=31536000; includeSubDomains
      vary:
      - Accept-Encoding
      x-content-type-options:
      - nosniff
    status:
      code: 200
      message: OK
- request:
    body: '{"properties": {"template": {"$schema": "https://schema.management.azure.com/schemas/2015-01-01/deploymentTemplate.json#",
      "contentVersion": "1.0.0.0", "parameters": {}, "variables": {}, "resources":
      [{"apiVersion": "2021-02-01", "type": "Microsoft.Network/publicIPAddresses",
      "name": "public-ip", "location": "eastus", "tags": {}, "dependsOn": [], "properties":
      {"publicIPAllocationMethod": "Static"}, "sku": {"name": "Standard"}}, {"type":
      "Microsoft.Network/loadBalancers", "name": "lb", "location": "eastus", "tags":
      {}, "apiVersion": "2021-02-01", "dependsOn": ["Microsoft.Network/publicIpAddresses/public-ip"],
      "properties": {"backendAddressPools": [{"name": "lbbepool"}], "frontendIPConfigurations":
      [{"name": "LoadBalancerFrontEnd", "properties": {"publicIPAddress": {"id": "/subscriptions/00000000-0000-0000-0000-000000000000/resourceGroups/test_network_lb_front_ip000001/providers/Microsoft.Network/publicIPAddresses/public-ip"},
      "privateIPAddressVersion": "IPv4"}}]}, "sku": {"name": "Standard"}}], "outputs":
      {"loadBalancer": {"type": "object", "value": "[reference(''lb'')]"}}}, "parameters":
      {}, "mode": "incremental"}}'
    headers:
      Accept:
      - application/json
      Accept-Encoding:
      - gzip, deflate
      CommandName:
      - network lb create
      Connection:
      - keep-alive
      Content-Length:
      - '1176'
      Content-Type:
      - application/json
      ParameterSetName:
      - -g -n --sku --public-ip-address
      User-Agent:
      - AZURECLI/2.27.0 azsdk-python-azure-mgmt-resource/18.0.0 Python/3.8.10 (Windows-10-10.0.19043-SP0)
    method: PUT
    uri: https://management.azure.com/subscriptions/00000000-0000-0000-0000-000000000000/resourcegroups/test_network_lb_front_ip000001/providers/Microsoft.Resources/deployments/mock-deployment?api-version=2021-04-01
  response:
    body:
      string: '{"id":"/subscriptions/00000000-0000-0000-0000-000000000000/resourceGroups/test_network_lb_front_ip000001/providers/Microsoft.Resources/deployments/lb_deploy_EzNxguQHU4rEkrHVA2IUrDPFaftKpujd","name":"lb_deploy_EzNxguQHU4rEkrHVA2IUrDPFaftKpujd","type":"Microsoft.Resources/deployments","properties":{"templateHash":"10923859952218440183","parameters":{},"mode":"Incremental","provisioningState":"Accepted","timestamp":"2021-08-09T05:54:50.5366514Z","duration":"PT2.7159247S","correlationId":"a58c590f-eaf0-432d-a279-13373089b539","providers":[{"namespace":"Microsoft.Network","resourceTypes":[{"resourceType":"publicIPAddresses","locations":["eastus"]},{"resourceType":"loadBalancers","locations":["eastus"]}]}],"dependencies":[{"dependsOn":[{"id":"/subscriptions/00000000-0000-0000-0000-000000000000/resourceGroups/test_network_lb_front_ip000001/providers/Microsoft.Network/publicIPAddresses/public-ip","resourceType":"Microsoft.Network/publicIPAddresses","resourceName":"public-ip"}],"id":"/subscriptions/00000000-0000-0000-0000-000000000000/resourceGroups/test_network_lb_front_ip000001/providers/Microsoft.Network/loadBalancers/lb","resourceType":"Microsoft.Network/loadBalancers","resourceName":"lb"}]}}'
    headers:
      azure-asyncoperation:
      - https://management.azure.com/subscriptions/00000000-0000-0000-0000-000000000000/resourcegroups/test_network_lb_front_ip000001/providers/Microsoft.Resources/deployments/lb_deploy_EzNxguQHU4rEkrHVA2IUrDPFaftKpujd/operationStatuses/08585731183976568939?api-version=2021-04-01
      cache-control:
      - no-cache
      content-length:
      - '1341'
      content-type:
      - application/json; charset=utf-8
      date:
      - Mon, 09 Aug 2021 05:54:52 GMT
      expires:
      - '-1'
      pragma:
      - no-cache
      strict-transport-security:
      - max-age=31536000; includeSubDomains
      x-content-type-options:
      - nosniff
      x-ms-ratelimit-remaining-subscription-writes:
      - '1199'
    status:
      code: 201
      message: Created
- request:
    body: null
    headers:
      Accept:
      - '*/*'
      Accept-Encoding:
      - gzip, deflate
      CommandName:
      - network lb create
      Connection:
      - keep-alive
      ParameterSetName:
      - -g -n --sku --public-ip-address
      User-Agent:
      - AZURECLI/2.27.0 azsdk-python-azure-mgmt-resource/18.0.0 Python/3.8.10 (Windows-10-10.0.19043-SP0)
    method: GET
    uri: https://management.azure.com/subscriptions/00000000-0000-0000-0000-000000000000/resourcegroups/test_network_lb_front_ip000001/providers/Microsoft.Resources/deployments/mock-deployment/operationStatuses/08585731183976568939?api-version=2021-04-01
  response:
    body:
      string: '{"status":"Succeeded"}'
    headers:
      cache-control:
      - no-cache
      content-length:
      - '22'
      content-type:
      - application/json; charset=utf-8
      date:
      - Mon, 09 Aug 2021 05:55:23 GMT
      expires:
      - '-1'
      pragma:
      - no-cache
      strict-transport-security:
      - max-age=31536000; includeSubDomains
      vary:
      - Accept-Encoding
      x-content-type-options:
      - nosniff
    status:
      code: 200
      message: OK
- request:
    body: null
    headers:
      Accept:
      - '*/*'
      Accept-Encoding:
      - gzip, deflate
      CommandName:
      - network lb create
      Connection:
      - keep-alive
      ParameterSetName:
      - -g -n --sku --public-ip-address
      User-Agent:
      - AZURECLI/2.27.0 azsdk-python-azure-mgmt-resource/18.0.0 Python/3.8.10 (Windows-10-10.0.19043-SP0)
    method: GET
    uri: https://management.azure.com/subscriptions/00000000-0000-0000-0000-000000000000/resourcegroups/test_network_lb_front_ip000001/providers/Microsoft.Resources/deployments/mock-deployment?api-version=2021-04-01
  response:
    body:
      string: '{"id":"/subscriptions/00000000-0000-0000-0000-000000000000/resourceGroups/test_network_lb_front_ip000001/providers/Microsoft.Resources/deployments/lb_deploy_EzNxguQHU4rEkrHVA2IUrDPFaftKpujd","name":"lb_deploy_EzNxguQHU4rEkrHVA2IUrDPFaftKpujd","type":"Microsoft.Resources/deployments","properties":{"templateHash":"10923859952218440183","parameters":{},"mode":"Incremental","provisioningState":"Succeeded","timestamp":"2021-08-09T05:55:08.2587635Z","duration":"PT20.4380368S","correlationId":"a58c590f-eaf0-432d-a279-13373089b539","providers":[{"namespace":"Microsoft.Network","resourceTypes":[{"resourceType":"publicIPAddresses","locations":["eastus"]},{"resourceType":"loadBalancers","locations":["eastus"]}]}],"dependencies":[{"dependsOn":[{"id":"/subscriptions/00000000-0000-0000-0000-000000000000/resourceGroups/test_network_lb_front_ip000001/providers/Microsoft.Network/publicIPAddresses/public-ip","resourceType":"Microsoft.Network/publicIPAddresses","resourceName":"public-ip"}],"id":"/subscriptions/00000000-0000-0000-0000-000000000000/resourceGroups/test_network_lb_front_ip000001/providers/Microsoft.Network/loadBalancers/lb","resourceType":"Microsoft.Network/loadBalancers","resourceName":"lb"}],"outputs":{"loadBalancer":{"type":"Object","value":{"provisioningState":"Succeeded","resourceGuid":"78eec9d5-272a-4c99-aee4-14a64e759564","frontendIPConfigurations":[{"name":"LoadBalancerFrontEnd","id":"/subscriptions/00000000-0000-0000-0000-000000000000/resourceGroups/test_network_lb_front_ip000001/providers/Microsoft.Network/loadBalancers/lb/frontendIPConfigurations/LoadBalancerFrontEnd","etag":"W/\"185e65b6-c250-48d9-a5f8-2f9ad9d28fbc\"","type":"Microsoft.Network/loadBalancers/frontendIPConfigurations","properties":{"provisioningState":"Succeeded","privateIPAllocationMethod":"Dynamic","publicIPAddress":{"id":"/subscriptions/00000000-0000-0000-0000-000000000000/resourceGroups/test_network_lb_front_ip000001/providers/Microsoft.Network/publicIPAddresses/public-ip"}}}],"backendAddressPools":[{"name":"lbbepool","id":"/subscriptions/00000000-0000-0000-0000-000000000000/resourceGroups/test_network_lb_front_ip000001/providers/Microsoft.Network/loadBalancers/lb/backendAddressPools/lbbepool","etag":"W/\"185e65b6-c250-48d9-a5f8-2f9ad9d28fbc\"","properties":{"provisioningState":"Succeeded","loadBalancerBackendAddresses":[]},"type":"Microsoft.Network/loadBalancers/backendAddressPools"}],"loadBalancingRules":[],"probes":[],"inboundNatRules":[],"outboundRules":[],"inboundNatPools":[]}}},"outputResources":[{"id":"/subscriptions/00000000-0000-0000-0000-000000000000/resourceGroups/test_network_lb_front_ip000001/providers/Microsoft.Network/loadBalancers/lb"},{"id":"/subscriptions/00000000-0000-0000-0000-000000000000/resourceGroups/test_network_lb_front_ip000001/providers/Microsoft.Network/publicIPAddresses/public-ip"}]}}'
    headers:
      cache-control:
      - no-cache
      content-length:
      - '3199'
      content-type:
      - application/json; charset=utf-8
      date:
      - Mon, 09 Aug 2021 05:55:23 GMT
      expires:
      - '-1'
      pragma:
      - no-cache
      strict-transport-security:
      - max-age=31536000; includeSubDomains
      vary:
      - Accept-Encoding
      x-content-type-options:
      - nosniff
    status:
      code: 200
      message: OK
- request:
    body: null
    headers:
      Accept:
      - application/json
      Accept-Encoding:
      - gzip, deflate
      CommandName:
      - network lb create
      Connection:
      - keep-alive
      ParameterSetName:
      - -g -n --sku --vnet-name --subnet
      User-Agent:
      - AZURECLI/2.27.0 azsdk-python-azure-mgmt-resource/18.0.0 Python/3.8.10 (Windows-10-10.0.19043-SP0)
    method: GET
    uri: https://management.azure.com/subscriptions/00000000-0000-0000-0000-000000000000/resourcegroups/test_network_lb_front_ip000001?api-version=2021-04-01
  response:
    body:
      string: '{"id":"/subscriptions/00000000-0000-0000-0000-000000000000/resourceGroups/test_network_lb_front_ip000001","name":"test_network_lb_front_ip000001","type":"Microsoft.Resources/resourceGroups","location":"eastus","tags":{"product":"azurecli","cause":"automation","date":"2021-08-09T05:54:39Z"},"properties":{"provisioningState":"Succeeded"}}'
    headers:
      cache-control:
      - no-cache
      content-length:
      - '428'
      content-type:
      - application/json; charset=utf-8
      date:
      - Mon, 09 Aug 2021 05:55:24 GMT
      expires:
      - '-1'
      pragma:
      - no-cache
      strict-transport-security:
      - max-age=31536000; includeSubDomains
      vary:
      - Accept-Encoding
      x-content-type-options:
      - nosniff
    status:
      code: 200
      message: OK
- request:
    body: null
    headers:
      Accept:
      - application/json
      Accept-Encoding:
      - gzip, deflate
      CommandName:
      - network lb create
      Connection:
      - keep-alive
      ParameterSetName:
      - -g -n --sku --vnet-name --subnet
      User-Agent:
      - AZURECLI/2.27.0 azsdk-python-azure-mgmt-resource/18.0.0 Python/3.8.10 (Windows-10-10.0.19043-SP0)
    method: GET
    uri: https://management.azure.com/subscriptions/00000000-0000-0000-0000-000000000000/resources?$filter=resourceGroup%20eq%20%27test_network_lb_front_ip000001%27%20and%20name%20eq%20%27vnet%27%20and%20resourceType%20eq%20%27Microsoft.Network%2FvirtualNetworks%27&api-version=2021-04-01
  response:
    body:
      string: '{"value":[]}'
    headers:
      cache-control:
      - no-cache
      content-length:
      - '12'
      content-type:
      - application/json; charset=utf-8
      date:
      - Mon, 09 Aug 2021 05:55:25 GMT
      expires:
      - '-1'
      pragma:
      - no-cache
      strict-transport-security:
      - max-age=31536000; includeSubDomains
      vary:
      - Accept-Encoding
      x-content-type-options:
      - nosniff
    status:
      code: 200
      message: OK
- request:
    body: '{"properties": {"template": {"$schema": "https://schema.management.azure.com/schemas/2015-01-01/deploymentTemplate.json#",
      "contentVersion": "1.0.0.0", "parameters": {}, "variables": {}, "resources":
      [{"name": "vnet", "type": "Microsoft.Network/virtualNetworks", "location": "eastus",
      "apiVersion": "2015-06-15", "dependsOn": [], "tags": {}, "properties": {"addressSpace":
      {"addressPrefixes": ["10.0.0.0/16"]}, "subnets": [{"name": "subnet", "properties":
      {"addressPrefix": "10.0.0.0/24"}}]}}, {"type": "Microsoft.Network/loadBalancers",
      "name": "lb1", "location": "eastus", "tags": {}, "apiVersion": "2021-02-01",
      "dependsOn": ["Microsoft.Network/virtualNetworks/vnet"], "properties": {"backendAddressPools":
      [{"name": "lb1bepool", "properties": {"tunnelInterfaces": [{"protocol": "VXLAN",
      "type": "Internal", "identifier": 900}]}}], "frontendIPConfigurations": [{"name":
      "LoadBalancerFrontEnd", "properties": {"privateIPAllocationMethod": "Dynamic",
      "privateIPAddress": null, "subnet": {"id": "/subscriptions/00000000-0000-0000-0000-000000000000/resourceGroups/test_network_lb_front_ip000001/providers/Microsoft.Network/virtualNetworks/vnet/subnets/subnet"},
      "privateIPAddressVersion": "IPv4"}}]}, "sku": {"name": "Gateway"}}], "outputs":
      {"loadBalancer": {"type": "object", "value": "[reference(''lb1'')]"}}}, "parameters":
      {}, "mode": "incremental"}}'
    headers:
      Accept:
      - application/json
      Accept-Encoding:
      - gzip, deflate
      CommandName:
      - network lb create
      Connection:
      - keep-alive
      Content-Length:
      - '1397'
      Content-Type:
      - application/json
      ParameterSetName:
      - -g -n --sku --vnet-name --subnet
      User-Agent:
      - AZURECLI/2.27.0 azsdk-python-azure-mgmt-resource/18.0.0 Python/3.8.10 (Windows-10-10.0.19043-SP0)
    method: PUT
    uri: https://management.azure.com/subscriptions/00000000-0000-0000-0000-000000000000/resourcegroups/test_network_lb_front_ip000001/providers/Microsoft.Resources/deployments/mock-deployment?api-version=2021-04-01
  response:
    body:
      string: '{"id":"/subscriptions/00000000-0000-0000-0000-000000000000/resourceGroups/test_network_lb_front_ip000001/providers/Microsoft.Resources/deployments/lb_deploy_scHOjaajC7C5FCHAVRM1HhKYtLWX4FZ1","name":"lb_deploy_scHOjaajC7C5FCHAVRM1HhKYtLWX4FZ1","type":"Microsoft.Resources/deployments","properties":{"templateHash":"11814594883456535213","parameters":{},"mode":"Incremental","provisioningState":"Accepted","timestamp":"2021-08-09T05:55:31.8464101Z","duration":"PT2.9545338S","correlationId":"700b55d4-f160-4253-9794-3bd899d8006f","providers":[{"namespace":"Microsoft.Network","resourceTypes":[{"resourceType":"virtualNetworks","locations":["eastus"]},{"resourceType":"loadBalancers","locations":["eastus"]}]}],"dependencies":[{"dependsOn":[{"id":"/subscriptions/00000000-0000-0000-0000-000000000000/resourceGroups/test_network_lb_front_ip000001/providers/Microsoft.Network/virtualNetworks/vnet","resourceType":"Microsoft.Network/virtualNetworks","resourceName":"vnet"}],"id":"/subscriptions/00000000-0000-0000-0000-000000000000/resourceGroups/test_network_lb_front_ip000001/providers/Microsoft.Network/loadBalancers/lb1","resourceType":"Microsoft.Network/loadBalancers","resourceName":"lb1"}]}}'
    headers:
      azure-asyncoperation:
      - https://management.azure.com/subscriptions/00000000-0000-0000-0000-000000000000/resourcegroups/test_network_lb_front_ip000001/providers/Microsoft.Resources/deployments/lb_deploy_scHOjaajC7C5FCHAVRM1HhKYtLWX4FZ1/operationStatuses/08585731183565857466?api-version=2021-04-01
      cache-control:
      - no-cache
      content-length:
      - '1327'
      content-type:
      - application/json; charset=utf-8
      date:
      - Mon, 09 Aug 2021 05:55:32 GMT
      expires:
      - '-1'
      pragma:
      - no-cache
      strict-transport-security:
      - max-age=31536000; includeSubDomains
      x-content-type-options:
      - nosniff
      x-ms-ratelimit-remaining-subscription-writes:
      - '1198'
    status:
      code: 201
      message: Created
- request:
    body: null
    headers:
      Accept:
      - '*/*'
      Accept-Encoding:
      - gzip, deflate
      CommandName:
      - network lb create
      Connection:
      - keep-alive
      ParameterSetName:
      - -g -n --sku --vnet-name --subnet
      User-Agent:
      - AZURECLI/2.27.0 azsdk-python-azure-mgmt-resource/18.0.0 Python/3.8.10 (Windows-10-10.0.19043-SP0)
    method: GET
    uri: https://management.azure.com/subscriptions/00000000-0000-0000-0000-000000000000/resourcegroups/test_network_lb_front_ip000001/providers/Microsoft.Resources/deployments/mock-deployment/operationStatuses/08585731183565857466?api-version=2021-04-01
  response:
    body:
      string: '{"status":"Succeeded"}'
    headers:
      cache-control:
      - no-cache
      content-length:
      - '22'
      content-type:
      - application/json; charset=utf-8
      date:
      - Mon, 09 Aug 2021 05:56:04 GMT
      expires:
      - '-1'
      pragma:
      - no-cache
      strict-transport-security:
      - max-age=31536000; includeSubDomains
      vary:
      - Accept-Encoding
      x-content-type-options:
      - nosniff
    status:
      code: 200
      message: OK
- request:
    body: null
    headers:
      Accept:
      - '*/*'
      Accept-Encoding:
      - gzip, deflate
      CommandName:
      - network lb create
      Connection:
      - keep-alive
      ParameterSetName:
      - -g -n --sku --vnet-name --subnet
      User-Agent:
      - AZURECLI/2.27.0 azsdk-python-azure-mgmt-resource/18.0.0 Python/3.8.10 (Windows-10-10.0.19043-SP0)
    method: GET
    uri: https://management.azure.com/subscriptions/00000000-0000-0000-0000-000000000000/resourcegroups/test_network_lb_front_ip000001/providers/Microsoft.Resources/deployments/mock-deployment?api-version=2021-04-01
  response:
    body:
      string: '{"id":"/subscriptions/00000000-0000-0000-0000-000000000000/resourceGroups/test_network_lb_front_ip000001/providers/Microsoft.Resources/deployments/lb_deploy_scHOjaajC7C5FCHAVRM1HhKYtLWX4FZ1","name":"lb_deploy_scHOjaajC7C5FCHAVRM1HhKYtLWX4FZ1","type":"Microsoft.Resources/deployments","properties":{"templateHash":"11814594883456535213","parameters":{},"mode":"Incremental","provisioningState":"Succeeded","timestamp":"2021-08-09T05:55:52.9360415Z","duration":"PT24.0441652S","correlationId":"700b55d4-f160-4253-9794-3bd899d8006f","providers":[{"namespace":"Microsoft.Network","resourceTypes":[{"resourceType":"virtualNetworks","locations":["eastus"]},{"resourceType":"loadBalancers","locations":["eastus"]}]}],"dependencies":[{"dependsOn":[{"id":"/subscriptions/00000000-0000-0000-0000-000000000000/resourceGroups/test_network_lb_front_ip000001/providers/Microsoft.Network/virtualNetworks/vnet","resourceType":"Microsoft.Network/virtualNetworks","resourceName":"vnet"}],"id":"/subscriptions/00000000-0000-0000-0000-000000000000/resourceGroups/test_network_lb_front_ip000001/providers/Microsoft.Network/loadBalancers/lb1","resourceType":"Microsoft.Network/loadBalancers","resourceName":"lb1"}],"outputs":{"loadBalancer":{"type":"Object","value":{"provisioningState":"Succeeded","resourceGuid":"e01256c4-26d0-47a3-b22b-4f5ca9b574e0","frontendIPConfigurations":[{"name":"LoadBalancerFrontEnd","id":"/subscriptions/00000000-0000-0000-0000-000000000000/resourceGroups/test_network_lb_front_ip000001/providers/Microsoft.Network/loadBalancers/lb1/frontendIPConfigurations/LoadBalancerFrontEnd","etag":"W/\"423f16d9-9d49-4231-8e89-23c0c7a96174\"","type":"Microsoft.Network/loadBalancers/frontendIPConfigurations","properties":{"provisioningState":"Succeeded","privateIPAddress":"10.0.0.4","privateIPAllocationMethod":"Dynamic","subnet":{"id":"/subscriptions/00000000-0000-0000-0000-000000000000/resourceGroups/test_network_lb_front_ip000001/providers/Microsoft.Network/virtualNetworks/vnet/subnets/subnet"},"privateIPAddressVersion":"IPv4"}}],"backendAddressPools":[{"name":"lb1bepool","id":"/subscriptions/00000000-0000-0000-0000-000000000000/resourceGroups/test_network_lb_front_ip000001/providers/Microsoft.Network/loadBalancers/lb1/backendAddressPools/lb1bepool","etag":"W/\"423f16d9-9d49-4231-8e89-23c0c7a96174\"","properties":{"provisioningState":"Succeeded","tunnelInterfaces":[{"port":10800,"identifier":900,"protocol":"VXLAN","type":"Internal"}]},"type":"Microsoft.Network/loadBalancers/backendAddressPools"}],"loadBalancingRules":[],"probes":[],"inboundNatRules":[],"outboundRules":[],"inboundNatPools":[]}}},"outputResources":[{"id":"/subscriptions/00000000-0000-0000-0000-000000000000/resourceGroups/test_network_lb_front_ip000001/providers/Microsoft.Network/loadBalancers/lb1"},{"id":"/subscriptions/00000000-0000-0000-0000-000000000000/resourceGroups/test_network_lb_front_ip000001/providers/Microsoft.Network/virtualNetworks/vnet"}]}}'
    headers:
      cache-control:
      - no-cache
      content-length:
      - '3301'
      content-type:
      - application/json; charset=utf-8
      date:
      - Mon, 09 Aug 2021 05:56:04 GMT
      expires:
      - '-1'
      pragma:
      - no-cache
      strict-transport-security:
      - max-age=31536000; includeSubDomains
      vary:
      - Accept-Encoding
      x-content-type-options:
      - nosniff
    status:
      code: 200
      message: OK
- request:
    body: null
    headers:
      Accept:
      - application/json
      Accept-Encoding:
      - gzip, deflate
      CommandName:
      - network public-ip create
      Connection:
      - keep-alive
      ParameterSetName:
      - -g -n --sku
      User-Agent:
      - AZURECLI/2.27.0 azsdk-python-azure-mgmt-resource/18.0.0 Python/3.8.10 (Windows-10-10.0.19043-SP0)
    method: GET
    uri: https://management.azure.com/subscriptions/00000000-0000-0000-0000-000000000000/resourcegroups/test_network_lb_front_ip000001?api-version=2021-04-01
  response:
    body:
      string: '{"id":"/subscriptions/00000000-0000-0000-0000-000000000000/resourceGroups/test_network_lb_front_ip000001","name":"test_network_lb_front_ip000001","type":"Microsoft.Resources/resourceGroups","location":"eastus","tags":{"product":"azurecli","cause":"automation","date":"2021-08-09T05:54:39Z"},"properties":{"provisioningState":"Succeeded"}}'
    headers:
      cache-control:
      - no-cache
      content-length:
      - '428'
      content-type:
      - application/json; charset=utf-8
      date:
      - Mon, 09 Aug 2021 05:56:04 GMT
      expires:
      - '-1'
      pragma:
      - no-cache
      strict-transport-security:
      - max-age=31536000; includeSubDomains
      vary:
      - Accept-Encoding
      x-content-type-options:
      - nosniff
    status:
      code: 200
      message: OK
- request:
    body: '{"location": "eastus", "sku": {"name": "Standard"}, "properties": {"publicIPAllocationMethod":
      "Static", "publicIPAddressVersion": "IPv4", "idleTimeoutInMinutes": 4}}'
    headers:
      Accept:
      - application/json
      Accept-Encoding:
      - gzip, deflate
      CommandName:
      - network public-ip create
      Connection:
      - keep-alive
      Content-Length:
      - '166'
      Content-Type:
      - application/json
      ParameterSetName:
      - -g -n --sku
      User-Agent:
      - AZURECLI/2.27.0 azsdk-python-azure-mgmt-network/19.0.0 Python/3.8.10 (Windows-10-10.0.19043-SP0)
    method: PUT
    uri: https://management.azure.com/subscriptions/00000000-0000-0000-0000-000000000000/resourceGroups/test_network_lb_front_ip000001/providers/Microsoft.Network/publicIPAddresses/public-ip1?api-version=2021-02-01
  response:
    body:
      string: "{\r\n  \"name\": \"public-ip1\",\r\n  \"id\": \"/subscriptions/00000000-0000-0000-0000-000000000000/resourceGroups/test_network_lb_front_ip000001/providers/Microsoft.Network/publicIPAddresses/public-ip1\",\r\n
        \ \"etag\": \"W/\\\"cf12a9f9-93aa-4f61-83f4-1c5dae5a7e83\\\"\",\r\n  \"location\":
        \"eastus\",\r\n  \"properties\": {\r\n    \"provisioningState\": \"Updating\",\r\n
        \   \"resourceGuid\": \"e053ba79-c5cc-4a64-8b15-e2133abdfe6a\",\r\n    \"publicIPAddressVersion\":
        \"IPv4\",\r\n    \"publicIPAllocationMethod\": \"Static\",\r\n    \"idleTimeoutInMinutes\":
        4,\r\n    \"ipTags\": []\r\n  },\r\n  \"type\": \"Microsoft.Network/publicIPAddresses\",\r\n
        \ \"sku\": {\r\n    \"name\": \"Standard\",\r\n    \"tier\": \"Regional\"\r\n
        \ }\r\n}"
    headers:
      azure-asyncnotification:
      - Enabled
      azure-asyncoperation:
      - https://management.azure.com/subscriptions/00000000-0000-0000-0000-000000000000/providers/Microsoft.Network/locations/eastus/operations/63abe521-3406-484f-9c46-9e3d8aff1eaa?api-version=2021-02-01
      cache-control:
      - no-cache
      content-length:
      - '695'
      content-type:
      - application/json; charset=utf-8
      date:
      - Mon, 09 Aug 2021 05:56:14 GMT
      expires:
      - '-1'
      pragma:
      - no-cache
      server:
      - Microsoft-HTTPAPI/2.0
      - Microsoft-HTTPAPI/2.0
      strict-transport-security:
      - max-age=31536000; includeSubDomains
      x-content-type-options:
      - nosniff
      x-ms-arm-service-request-id:
      - 409d4ada-4842-4495-ad6c-8ce09db9c534
      x-ms-ratelimit-remaining-subscription-writes:
      - '1199'
    status:
      code: 201
      message: Created
- request:
    body: null
    headers:
      Accept:
      - '*/*'
      Accept-Encoding:
      - gzip, deflate
      CommandName:
      - network public-ip create
      Connection:
      - keep-alive
      ParameterSetName:
      - -g -n --sku
      User-Agent:
      - AZURECLI/2.27.0 azsdk-python-azure-mgmt-network/19.0.0 Python/3.8.10 (Windows-10-10.0.19043-SP0)
    method: GET
    uri: https://management.azure.com/subscriptions/00000000-0000-0000-0000-000000000000/providers/Microsoft.Network/locations/eastus/operations/63abe521-3406-484f-9c46-9e3d8aff1eaa?api-version=2021-02-01
  response:
    body:
      string: "{\r\n  \"status\": \"Succeeded\"\r\n}"
    headers:
      cache-control:
      - no-cache
      content-length:
      - '29'
      content-type:
      - application/json; charset=utf-8
      date:
      - Mon, 09 Aug 2021 05:56:15 GMT
      expires:
      - '-1'
      pragma:
      - no-cache
      server:
      - Microsoft-HTTPAPI/2.0
      - Microsoft-HTTPAPI/2.0
      strict-transport-security:
      - max-age=31536000; includeSubDomains
      transfer-encoding:
      - chunked
      vary:
      - Accept-Encoding
      x-content-type-options:
      - nosniff
      x-ms-arm-service-request-id:
      - 71c4d70d-6618-4adc-8dca-96fcc8eefc9c
    status:
      code: 200
      message: OK
- request:
    body: null
    headers:
      Accept:
      - '*/*'
      Accept-Encoding:
      - gzip, deflate
      CommandName:
      - network public-ip create
      Connection:
      - keep-alive
      ParameterSetName:
      - -g -n --sku
      User-Agent:
      - AZURECLI/2.27.0 azsdk-python-azure-mgmt-network/19.0.0 Python/3.8.10 (Windows-10-10.0.19043-SP0)
    method: GET
    uri: https://management.azure.com/subscriptions/00000000-0000-0000-0000-000000000000/resourceGroups/test_network_lb_front_ip000001/providers/Microsoft.Network/publicIPAddresses/public-ip1?api-version=2021-02-01
  response:
    body:
      string: "{\r\n  \"name\": \"public-ip1\",\r\n  \"id\": \"/subscriptions/00000000-0000-0000-0000-000000000000/resourceGroups/test_network_lb_front_ip000001/providers/Microsoft.Network/publicIPAddresses/public-ip1\",\r\n
        \ \"etag\": \"W/\\\"1b023346-c0a2-4112-883e-67af1a754fb4\\\"\",\r\n  \"location\":
        \"eastus\",\r\n  \"properties\": {\r\n    \"provisioningState\": \"Succeeded\",\r\n
        \   \"resourceGuid\": \"e053ba79-c5cc-4a64-8b15-e2133abdfe6a\",\r\n    \"ipAddress\":
        \"20.185.45.35\",\r\n    \"publicIPAddressVersion\": \"IPv4\",\r\n    \"publicIPAllocationMethod\":
        \"Static\",\r\n    \"idleTimeoutInMinutes\": 4,\r\n    \"ipTags\": []\r\n
        \ },\r\n  \"type\": \"Microsoft.Network/publicIPAddresses\",\r\n  \"sku\":
        {\r\n    \"name\": \"Standard\",\r\n    \"tier\": \"Regional\"\r\n  }\r\n}"
    headers:
      cache-control:
      - no-cache
      content-length:
      - '730'
      content-type:
      - application/json; charset=utf-8
      date:
      - Mon, 09 Aug 2021 05:56:15 GMT
      etag:
      - W/"1b023346-c0a2-4112-883e-67af1a754fb4"
      expires:
      - '-1'
      pragma:
      - no-cache
      server:
      - Microsoft-HTTPAPI/2.0
      - Microsoft-HTTPAPI/2.0
      strict-transport-security:
      - max-age=31536000; includeSubDomains
      transfer-encoding:
      - chunked
      vary:
      - Accept-Encoding
      x-content-type-options:
      - nosniff
      x-ms-arm-service-request-id:
      - 96228d32-4db1-4bd6-8b85-eb9530cee210
    status:
      code: 200
      message: OK
- request:
    body: null
    headers:
      Accept:
      - application/json
      Accept-Encoding:
      - gzip, deflate
      CommandName:
      - network lb frontend-ip create
      Connection:
      - keep-alive
      ParameterSetName:
      - -g --lb-name -n --public-ip-address
      User-Agent:
      - AZURECLI/2.27.0 azsdk-python-azure-mgmt-network/19.0.0 Python/3.8.10 (Windows-10-10.0.19043-SP0)
    method: GET
    uri: https://management.azure.com/subscriptions/00000000-0000-0000-0000-000000000000/resourceGroups/test_network_lb_front_ip000001/providers/Microsoft.Network/loadBalancers/lb?api-version=2021-02-01
  response:
    body:
      string: "{\r\n  \"name\": \"lb\",\r\n  \"id\": \"/subscriptions/00000000-0000-0000-0000-000000000000/resourceGroups/test_network_lb_front_ip000001/providers/Microsoft.Network/loadBalancers/lb\",\r\n
        \ \"etag\": \"W/\\\"185e65b6-c250-48d9-a5f8-2f9ad9d28fbc\\\"\",\r\n  \"type\":
        \"Microsoft.Network/loadBalancers\",\r\n  \"location\": \"eastus\",\r\n  \"tags\":
        {},\r\n  \"properties\": {\r\n    \"provisioningState\": \"Succeeded\",\r\n
        \   \"resourceGuid\": \"78eec9d5-272a-4c99-aee4-14a64e759564\",\r\n    \"frontendIPConfigurations\":
        [\r\n      {\r\n        \"name\": \"LoadBalancerFrontEnd\",\r\n        \"id\":
        \"/subscriptions/00000000-0000-0000-0000-000000000000/resourceGroups/test_network_lb_front_ip000001/providers/Microsoft.Network/loadBalancers/lb/frontendIPConfigurations/LoadBalancerFrontEnd\",\r\n
        \       \"etag\": \"W/\\\"185e65b6-c250-48d9-a5f8-2f9ad9d28fbc\\\"\",\r\n
        \       \"type\": \"Microsoft.Network/loadBalancers/frontendIPConfigurations\",\r\n
        \       \"properties\": {\r\n          \"provisioningState\": \"Succeeded\",\r\n
        \         \"privateIPAllocationMethod\": \"Dynamic\",\r\n          \"publicIPAddress\":
        {\r\n            \"id\": \"/subscriptions/00000000-0000-0000-0000-000000000000/resourceGroups/test_network_lb_front_ip000001/providers/Microsoft.Network/publicIPAddresses/public-ip\"\r\n
        \         }\r\n        }\r\n      }\r\n    ],\r\n    \"backendAddressPools\":
        [\r\n      {\r\n        \"name\": \"lbbepool\",\r\n        \"id\": \"/subscriptions/00000000-0000-0000-0000-000000000000/resourceGroups/test_network_lb_front_ip000001/providers/Microsoft.Network/loadBalancers/lb/backendAddressPools/lbbepool\",\r\n
        \       \"etag\": \"W/\\\"185e65b6-c250-48d9-a5f8-2f9ad9d28fbc\\\"\",\r\n
        \       \"properties\": {\r\n          \"provisioningState\": \"Succeeded\",\r\n
        \         \"loadBalancerBackendAddresses\": []\r\n        },\r\n        \"type\":
        \"Microsoft.Network/loadBalancers/backendAddressPools\"\r\n      }\r\n    ],\r\n
        \   \"loadBalancingRules\": [],\r\n    \"probes\": [],\r\n    \"inboundNatRules\":
        [],\r\n    \"outboundRules\": [],\r\n    \"inboundNatPools\": []\r\n  },\r\n
        \ \"sku\": {\r\n    \"name\": \"Standard\",\r\n    \"tier\": \"Regional\"\r\n
        \ }\r\n}"
    headers:
      cache-control:
      - no-cache
      content-length:
      - '2159'
      content-type:
      - application/json; charset=utf-8
      date:
      - Mon, 09 Aug 2021 05:56:16 GMT
      etag:
      - W/"185e65b6-c250-48d9-a5f8-2f9ad9d28fbc"
      expires:
      - '-1'
      pragma:
      - no-cache
      server:
      - Microsoft-HTTPAPI/2.0
      - Microsoft-HTTPAPI/2.0
      strict-transport-security:
      - max-age=31536000; includeSubDomains
      transfer-encoding:
      - chunked
      vary:
      - Accept-Encoding
      x-content-type-options:
      - nosniff
      x-ms-arm-service-request-id:
      - cedd360b-c61d-4aaa-a3a7-fea7527f8d1b
    status:
      code: 200
      message: OK
- request:
    body: '{"id": "/subscriptions/00000000-0000-0000-0000-000000000000/resourceGroups/test_network_lb_front_ip000001/providers/Microsoft.Network/loadBalancers/lb",
      "location": "eastus", "tags": {}, "sku": {"name": "Standard", "tier": "Regional"},
      "properties": {"frontendIPConfigurations": [{"id": "/subscriptions/00000000-0000-0000-0000-000000000000/resourceGroups/test_network_lb_front_ip000001/providers/Microsoft.Network/loadBalancers/lb/frontendIPConfigurations/LoadBalancerFrontEnd",
      "name": "LoadBalancerFrontEnd", "properties": {"privateIPAllocationMethod":
      "Dynamic", "publicIPAddress": {"id": "/subscriptions/00000000-0000-0000-0000-000000000000/resourceGroups/test_network_lb_front_ip000001/providers/Microsoft.Network/publicIPAddresses/public-ip"}}},
      {"name": "load-balancer-frontend-end", "properties": {"privateIPAllocationMethod":
      "dynamic", "privateIPAddressVersion": "IPv4", "publicIPAddress": {"id": "/subscriptions/00000000-0000-0000-0000-000000000000/resourceGroups/test_network_lb_front_ip000001/providers/Microsoft.Network/publicIPAddresses/public-ip1"}}}],
      "backendAddressPools": [{"id": "/subscriptions/00000000-0000-0000-0000-000000000000/resourceGroups/test_network_lb_front_ip000001/providers/Microsoft.Network/loadBalancers/lb/backendAddressPools/lbbepool",
      "name": "lbbepool", "properties": {"loadBalancerBackendAddresses": []}}], "loadBalancingRules":
      [], "probes": [], "inboundNatRules": [], "inboundNatPools": [], "outboundRules":
      []}}'
    headers:
      Accept:
      - application/json
      Accept-Encoding:
      - gzip, deflate
      CommandName:
      - network lb frontend-ip create
      Connection:
      - keep-alive
      Content-Length:
      - '1681'
      Content-Type:
      - application/json
      ParameterSetName:
      - -g --lb-name -n --public-ip-address
      User-Agent:
      - AZURECLI/2.27.0 azsdk-python-azure-mgmt-network/19.0.0 Python/3.8.10 (Windows-10-10.0.19043-SP0)
    method: PUT
    uri: https://management.azure.com/subscriptions/00000000-0000-0000-0000-000000000000/resourceGroups/test_network_lb_front_ip000001/providers/Microsoft.Network/loadBalancers/lb?api-version=2021-02-01
  response:
    body:
      string: "{\r\n  \"name\": \"lb\",\r\n  \"id\": \"/subscriptions/00000000-0000-0000-0000-000000000000/resourceGroups/test_network_lb_front_ip000001/providers/Microsoft.Network/loadBalancers/lb\",\r\n
        \ \"etag\": \"W/\\\"95fd6786-0d3c-47ac-9f8b-e5ca0afe1785\\\"\",\r\n  \"type\":
        \"Microsoft.Network/loadBalancers\",\r\n  \"location\": \"eastus\",\r\n  \"tags\":
        {},\r\n  \"properties\": {\r\n    \"provisioningState\": \"Succeeded\",\r\n
        \   \"resourceGuid\": \"78eec9d5-272a-4c99-aee4-14a64e759564\",\r\n    \"frontendIPConfigurations\":
        [\r\n      {\r\n        \"name\": \"LoadBalancerFrontEnd\",\r\n        \"id\":
        \"/subscriptions/00000000-0000-0000-0000-000000000000/resourceGroups/test_network_lb_front_ip000001/providers/Microsoft.Network/loadBalancers/lb/frontendIPConfigurations/LoadBalancerFrontEnd\",\r\n
        \       \"etag\": \"W/\\\"95fd6786-0d3c-47ac-9f8b-e5ca0afe1785\\\"\",\r\n
        \       \"type\": \"Microsoft.Network/loadBalancers/frontendIPConfigurations\",\r\n
        \       \"properties\": {\r\n          \"provisioningState\": \"Succeeded\",\r\n
        \         \"privateIPAllocationMethod\": \"Dynamic\",\r\n          \"publicIPAddress\":
        {\r\n            \"id\": \"/subscriptions/00000000-0000-0000-0000-000000000000/resourceGroups/test_network_lb_front_ip000001/providers/Microsoft.Network/publicIPAddresses/public-ip\"\r\n
        \         }\r\n        }\r\n      },\r\n      {\r\n        \"name\": \"load-balancer-frontend-end\",\r\n
        \       \"id\": \"/subscriptions/00000000-0000-0000-0000-000000000000/resourceGroups/test_network_lb_front_ip000001/providers/Microsoft.Network/loadBalancers/lb/frontendIPConfigurations/load-balancer-frontend-end\",\r\n
        \       \"etag\": \"W/\\\"95fd6786-0d3c-47ac-9f8b-e5ca0afe1785\\\"\",\r\n
        \       \"type\": \"Microsoft.Network/loadBalancers/frontendIPConfigurations\",\r\n
        \       \"properties\": {\r\n          \"provisioningState\": \"Succeeded\",\r\n
        \         \"privateIPAllocationMethod\": \"Dynamic\",\r\n          \"publicIPAddress\":
        {\r\n            \"id\": \"/subscriptions/00000000-0000-0000-0000-000000000000/resourceGroups/test_network_lb_front_ip000001/providers/Microsoft.Network/publicIPAddresses/public-ip1\"\r\n
        \         }\r\n        }\r\n      }\r\n    ],\r\n    \"backendAddressPools\":
        [\r\n      {\r\n        \"name\": \"lbbepool\",\r\n        \"id\": \"/subscriptions/00000000-0000-0000-0000-000000000000/resourceGroups/test_network_lb_front_ip000001/providers/Microsoft.Network/loadBalancers/lb/backendAddressPools/lbbepool\",\r\n
        \       \"etag\": \"W/\\\"95fd6786-0d3c-47ac-9f8b-e5ca0afe1785\\\"\",\r\n
        \       \"properties\": {\r\n          \"provisioningState\": \"Succeeded\",\r\n
        \         \"loadBalancerBackendAddresses\": []\r\n        },\r\n        \"type\":
        \"Microsoft.Network/loadBalancers/backendAddressPools\"\r\n      }\r\n    ],\r\n
        \   \"loadBalancingRules\": [],\r\n    \"probes\": [],\r\n    \"inboundNatRules\":
        [],\r\n    \"outboundRules\": [],\r\n    \"inboundNatPools\": []\r\n  },\r\n
        \ \"sku\": {\r\n    \"name\": \"Standard\",\r\n    \"tier\": \"Regional\"\r\n
        \ }\r\n}"
    headers:
      azure-asyncnotification:
      - Enabled
      azure-asyncoperation:
      - https://management.azure.com/subscriptions/00000000-0000-0000-0000-000000000000/providers/Microsoft.Network/locations/eastus/operations/937dbfb3-fd69-4202-a9e5-f9091f5506e5?api-version=2021-02-01
      cache-control:
      - no-cache
      content-length:
      - '3021'
      content-type:
      - application/json; charset=utf-8
      date:
      - Mon, 09 Aug 2021 05:56:20 GMT
      expires:
      - '-1'
      pragma:
      - no-cache
      server:
      - Microsoft-HTTPAPI/2.0
      - Microsoft-HTTPAPI/2.0
      strict-transport-security:
      - max-age=31536000; includeSubDomains
      transfer-encoding:
      - chunked
      vary:
      - Accept-Encoding
      x-content-type-options:
      - nosniff
      x-ms-arm-service-request-id:
      - 090a9515-1659-4872-8f9c-304b93accaf3
      x-ms-ratelimit-remaining-subscription-writes:
      - '1198'
    status:
      code: 200
      message: OK
- request:
    body: null
    headers:
      Accept:
      - '*/*'
      Accept-Encoding:
      - gzip, deflate
      CommandName:
      - network lb frontend-ip create
      Connection:
      - keep-alive
      ParameterSetName:
      - -g --lb-name -n --public-ip-address
      User-Agent:
      - AZURECLI/2.27.0 azsdk-python-azure-mgmt-network/19.0.0 Python/3.8.10 (Windows-10-10.0.19043-SP0)
    method: GET
    uri: https://management.azure.com/subscriptions/00000000-0000-0000-0000-000000000000/providers/Microsoft.Network/locations/eastus/operations/937dbfb3-fd69-4202-a9e5-f9091f5506e5?api-version=2021-02-01
  response:
    body:
      string: "{\r\n  \"status\": \"Succeeded\"\r\n}"
    headers:
      cache-control:
      - no-cache
      content-length:
      - '29'
      content-type:
      - application/json; charset=utf-8
      date:
      - Mon, 09 Aug 2021 05:56:50 GMT
      expires:
      - '-1'
      pragma:
      - no-cache
      server:
      - Microsoft-HTTPAPI/2.0
      - Microsoft-HTTPAPI/2.0
      strict-transport-security:
      - max-age=31536000; includeSubDomains
      transfer-encoding:
      - chunked
      vary:
      - Accept-Encoding
      x-content-type-options:
      - nosniff
      x-ms-arm-service-request-id:
      - 44945aab-9a03-465c-8a17-a1a92358db2a
    status:
      code: 200
      message: OK
- request:
    body: null
    headers:
      Accept:
      - '*/*'
      Accept-Encoding:
      - gzip, deflate
      CommandName:
      - network lb frontend-ip create
      Connection:
      - keep-alive
      ParameterSetName:
      - -g --lb-name -n --public-ip-address
      User-Agent:
      - AZURECLI/2.27.0 azsdk-python-azure-mgmt-network/19.0.0 Python/3.8.10 (Windows-10-10.0.19043-SP0)
    method: GET
    uri: https://management.azure.com/subscriptions/00000000-0000-0000-0000-000000000000/resourceGroups/test_network_lb_front_ip000001/providers/Microsoft.Network/loadBalancers/lb?api-version=2021-02-01
  response:
    body:
      string: "{\r\n  \"name\": \"lb\",\r\n  \"id\": \"/subscriptions/00000000-0000-0000-0000-000000000000/resourceGroups/test_network_lb_front_ip000001/providers/Microsoft.Network/loadBalancers/lb\",\r\n
        \ \"etag\": \"W/\\\"95fd6786-0d3c-47ac-9f8b-e5ca0afe1785\\\"\",\r\n  \"type\":
        \"Microsoft.Network/loadBalancers\",\r\n  \"location\": \"eastus\",\r\n  \"tags\":
        {},\r\n  \"properties\": {\r\n    \"provisioningState\": \"Succeeded\",\r\n
        \   \"resourceGuid\": \"78eec9d5-272a-4c99-aee4-14a64e759564\",\r\n    \"frontendIPConfigurations\":
        [\r\n      {\r\n        \"name\": \"LoadBalancerFrontEnd\",\r\n        \"id\":
        \"/subscriptions/00000000-0000-0000-0000-000000000000/resourceGroups/test_network_lb_front_ip000001/providers/Microsoft.Network/loadBalancers/lb/frontendIPConfigurations/LoadBalancerFrontEnd\",\r\n
        \       \"etag\": \"W/\\\"95fd6786-0d3c-47ac-9f8b-e5ca0afe1785\\\"\",\r\n
        \       \"type\": \"Microsoft.Network/loadBalancers/frontendIPConfigurations\",\r\n
        \       \"properties\": {\r\n          \"provisioningState\": \"Succeeded\",\r\n
        \         \"privateIPAllocationMethod\": \"Dynamic\",\r\n          \"publicIPAddress\":
        {\r\n            \"id\": \"/subscriptions/00000000-0000-0000-0000-000000000000/resourceGroups/test_network_lb_front_ip000001/providers/Microsoft.Network/publicIPAddresses/public-ip\"\r\n
        \         }\r\n        }\r\n      },\r\n      {\r\n        \"name\": \"load-balancer-frontend-end\",\r\n
        \       \"id\": \"/subscriptions/00000000-0000-0000-0000-000000000000/resourceGroups/test_network_lb_front_ip000001/providers/Microsoft.Network/loadBalancers/lb/frontendIPConfigurations/load-balancer-frontend-end\",\r\n
        \       \"etag\": \"W/\\\"95fd6786-0d3c-47ac-9f8b-e5ca0afe1785\\\"\",\r\n
        \       \"type\": \"Microsoft.Network/loadBalancers/frontendIPConfigurations\",\r\n
        \       \"properties\": {\r\n          \"provisioningState\": \"Succeeded\",\r\n
        \         \"privateIPAllocationMethod\": \"Dynamic\",\r\n          \"publicIPAddress\":
        {\r\n            \"id\": \"/subscriptions/00000000-0000-0000-0000-000000000000/resourceGroups/test_network_lb_front_ip000001/providers/Microsoft.Network/publicIPAddresses/public-ip1\"\r\n
        \         }\r\n        }\r\n      }\r\n    ],\r\n    \"backendAddressPools\":
        [\r\n      {\r\n        \"name\": \"lbbepool\",\r\n        \"id\": \"/subscriptions/00000000-0000-0000-0000-000000000000/resourceGroups/test_network_lb_front_ip000001/providers/Microsoft.Network/loadBalancers/lb/backendAddressPools/lbbepool\",\r\n
        \       \"etag\": \"W/\\\"95fd6786-0d3c-47ac-9f8b-e5ca0afe1785\\\"\",\r\n
        \       \"properties\": {\r\n          \"provisioningState\": \"Succeeded\",\r\n
        \         \"loadBalancerBackendAddresses\": []\r\n        },\r\n        \"type\":
        \"Microsoft.Network/loadBalancers/backendAddressPools\"\r\n      }\r\n    ],\r\n
        \   \"loadBalancingRules\": [],\r\n    \"probes\": [],\r\n    \"inboundNatRules\":
        [],\r\n    \"outboundRules\": [],\r\n    \"inboundNatPools\": []\r\n  },\r\n
        \ \"sku\": {\r\n    \"name\": \"Standard\",\r\n    \"tier\": \"Regional\"\r\n
        \ }\r\n}"
    headers:
      cache-control:
      - no-cache
      content-length:
      - '3021'
      content-type:
      - application/json; charset=utf-8
      date:
      - Mon, 09 Aug 2021 05:56:50 GMT
      etag:
      - W/"95fd6786-0d3c-47ac-9f8b-e5ca0afe1785"
      expires:
      - '-1'
      pragma:
      - no-cache
      server:
      - Microsoft-HTTPAPI/2.0
      - Microsoft-HTTPAPI/2.0
      strict-transport-security:
      - max-age=31536000; includeSubDomains
      transfer-encoding:
      - chunked
      vary:
      - Accept-Encoding
      x-content-type-options:
      - nosniff
      x-ms-arm-service-request-id:
      - ca71900b-bc0e-4797-9111-8def353fb4ca
    status:
      code: 200
      message: OK
- request:
    body: null
    headers:
      Accept:
      - application/json
      Accept-Encoding:
      - gzip, deflate
      CommandName:
      - network lb frontend-ip create
      Connection:
      - keep-alive
      ParameterSetName:
      - -g --lb-name -n --vnet-name --subnet
      User-Agent:
      - AZURECLI/2.27.0 azsdk-python-azure-mgmt-network/19.0.0 Python/3.8.10 (Windows-10-10.0.19043-SP0)
    method: GET
    uri: https://management.azure.com/subscriptions/00000000-0000-0000-0000-000000000000/resourceGroups/test_network_lb_front_ip000001/providers/Microsoft.Network/loadBalancers/lb1?api-version=2021-02-01
  response:
    body:
      string: "{\r\n  \"name\": \"lb1\",\r\n  \"id\": \"/subscriptions/00000000-0000-0000-0000-000000000000/resourceGroups/test_network_lb_front_ip000001/providers/Microsoft.Network/loadBalancers/lb1\",\r\n
        \ \"etag\": \"W/\\\"423f16d9-9d49-4231-8e89-23c0c7a96174\\\"\",\r\n  \"type\":
        \"Microsoft.Network/loadBalancers\",\r\n  \"location\": \"eastus\",\r\n  \"tags\":
        {},\r\n  \"properties\": {\r\n    \"provisioningState\": \"Succeeded\",\r\n
        \   \"resourceGuid\": \"e01256c4-26d0-47a3-b22b-4f5ca9b574e0\",\r\n    \"frontendIPConfigurations\":
        [\r\n      {\r\n        \"name\": \"LoadBalancerFrontEnd\",\r\n        \"id\":
        \"/subscriptions/00000000-0000-0000-0000-000000000000/resourceGroups/test_network_lb_front_ip000001/providers/Microsoft.Network/loadBalancers/lb1/frontendIPConfigurations/LoadBalancerFrontEnd\",\r\n
        \       \"etag\": \"W/\\\"423f16d9-9d49-4231-8e89-23c0c7a96174\\\"\",\r\n
        \       \"type\": \"Microsoft.Network/loadBalancers/frontendIPConfigurations\",\r\n
        \       \"properties\": {\r\n          \"provisioningState\": \"Succeeded\",\r\n
        \         \"privateIPAddress\": \"10.0.0.4\",\r\n          \"privateIPAllocationMethod\":
        \"Dynamic\",\r\n          \"subnet\": {\r\n            \"id\": \"/subscriptions/00000000-0000-0000-0000-000000000000/resourceGroups/test_network_lb_front_ip000001/providers/Microsoft.Network/virtualNetworks/vnet/subnets/subnet\"\r\n
        \         },\r\n          \"privateIPAddressVersion\": \"IPv4\"\r\n        }\r\n
        \     }\r\n    ],\r\n    \"backendAddressPools\": [\r\n      {\r\n        \"name\":
        \"lb1bepool\",\r\n        \"id\": \"/subscriptions/00000000-0000-0000-0000-000000000000/resourceGroups/test_network_lb_front_ip000001/providers/Microsoft.Network/loadBalancers/lb1/backendAddressPools/lb1bepool\",\r\n
        \       \"etag\": \"W/\\\"423f16d9-9d49-4231-8e89-23c0c7a96174\\\"\",\r\n
        \       \"properties\": {\r\n          \"provisioningState\": \"Succeeded\",\r\n
        \         \"tunnelInterfaces\": [\r\n            {\r\n              \"port\":
        10800,\r\n              \"identifier\": 900,\r\n              \"protocol\":
        \"VXLAN\",\r\n              \"type\": \"Internal\"\r\n            }\r\n          ]\r\n
        \       },\r\n        \"type\": \"Microsoft.Network/loadBalancers/backendAddressPools\"\r\n
        \     }\r\n    ],\r\n    \"loadBalancingRules\": [],\r\n    \"probes\": [],\r\n
        \   \"inboundNatRules\": [],\r\n    \"outboundRules\": [],\r\n    \"inboundNatPools\":
        []\r\n  },\r\n  \"sku\": {\r\n    \"name\": \"Gateway\",\r\n    \"tier\":
        \"Regional\"\r\n  }\r\n}"
    headers:
      cache-control:
      - no-cache
      content-length:
      - '2416'
      content-type:
      - application/json; charset=utf-8
      date:
      - Mon, 09 Aug 2021 05:56:51 GMT
      etag:
      - W/"423f16d9-9d49-4231-8e89-23c0c7a96174"
      expires:
      - '-1'
      pragma:
      - no-cache
      server:
      - Microsoft-HTTPAPI/2.0
      - Microsoft-HTTPAPI/2.0
      strict-transport-security:
      - max-age=31536000; includeSubDomains
      transfer-encoding:
      - chunked
      vary:
      - Accept-Encoding
      x-content-type-options:
      - nosniff
      x-ms-arm-service-request-id:
      - cc3f648f-9a0a-4a7a-94c4-81ea70a7249a
    status:
      code: 200
      message: OK
- request:
    body: '{"id": "/subscriptions/00000000-0000-0000-0000-000000000000/resourceGroups/test_network_lb_front_ip000001/providers/Microsoft.Network/loadBalancers/lb1",
      "location": "eastus", "tags": {}, "sku": {"name": "Gateway", "tier": "Regional"},
      "properties": {"frontendIPConfigurations": [{"id": "/subscriptions/00000000-0000-0000-0000-000000000000/resourceGroups/test_network_lb_front_ip000001/providers/Microsoft.Network/loadBalancers/lb1/frontendIPConfigurations/LoadBalancerFrontEnd",
      "name": "LoadBalancerFrontEnd", "properties": {"privateIPAddress": "10.0.0.4",
      "privateIPAllocationMethod": "Dynamic", "privateIPAddressVersion": "IPv4", "subnet":
      {"id": "/subscriptions/00000000-0000-0000-0000-000000000000/resourceGroups/test_network_lb_front_ip000001/providers/Microsoft.Network/virtualNetworks/vnet/subnets/subnet"}}},
      {"name": "load-balancer-frontend-end", "properties": {"privateIPAllocationMethod":
      "dynamic", "privateIPAddressVersion": "IPv4", "subnet": {"id": "/subscriptions/00000000-0000-0000-0000-000000000000/resourceGroups/test_network_lb_front_ip000001/providers/Microsoft.Network/virtualNetworks/vnet/subnets/subnet",
      "properties": {"privateEndpointNetworkPolicies": "Enabled", "privateLinkServiceNetworkPolicies":
      "Enabled"}}}}], "backendAddressPools": [{"id": "/subscriptions/00000000-0000-0000-0000-000000000000/resourceGroups/test_network_lb_front_ip000001/providers/Microsoft.Network/loadBalancers/lb1/backendAddressPools/lb1bepool",
      "name": "lb1bepool", "properties": {"tunnelInterfaces": [{"port": 10800, "identifier":
      900, "protocol": "VXLAN", "type": "Internal"}]}}], "loadBalancingRules": [],
      "probes": [], "inboundNatRules": [], "inboundNatPools": [], "outboundRules":
      []}}'
    headers:
      Accept:
      - application/json
      Accept-Encoding:
      - gzip, deflate
      CommandName:
      - network lb frontend-ip create
      Connection:
      - keep-alive
      Content-Length:
      - '1921'
      Content-Type:
      - application/json
      ParameterSetName:
      - -g --lb-name -n --vnet-name --subnet
      User-Agent:
      - AZURECLI/2.27.0 azsdk-python-azure-mgmt-network/19.0.0 Python/3.8.10 (Windows-10-10.0.19043-SP0)
    method: PUT
    uri: https://management.azure.com/subscriptions/00000000-0000-0000-0000-000000000000/resourceGroups/test_network_lb_front_ip000001/providers/Microsoft.Network/loadBalancers/lb1?api-version=2021-02-01
  response:
    body:
      string: "{\r\n  \"name\": \"lb1\",\r\n  \"id\": \"/subscriptions/00000000-0000-0000-0000-000000000000/resourceGroups/test_network_lb_front_ip000001/providers/Microsoft.Network/loadBalancers/lb1\",\r\n
        \ \"etag\": \"W/\\\"ba7ba82a-1ee2-4f26-bf75-ecba3b85ff0a\\\"\",\r\n  \"type\":
        \"Microsoft.Network/loadBalancers\",\r\n  \"location\": \"eastus\",\r\n  \"tags\":
        {},\r\n  \"properties\": {\r\n    \"provisioningState\": \"Updating\",\r\n
        \   \"resourceGuid\": \"e01256c4-26d0-47a3-b22b-4f5ca9b574e0\",\r\n    \"frontendIPConfigurations\":
        [\r\n      {\r\n        \"name\": \"LoadBalancerFrontEnd\",\r\n        \"id\":
        \"/subscriptions/00000000-0000-0000-0000-000000000000/resourceGroups/test_network_lb_front_ip000001/providers/Microsoft.Network/loadBalancers/lb1/frontendIPConfigurations/LoadBalancerFrontEnd\",\r\n
        \       \"etag\": \"W/\\\"ba7ba82a-1ee2-4f26-bf75-ecba3b85ff0a\\\"\",\r\n
        \       \"type\": \"Microsoft.Network/loadBalancers/frontendIPConfigurations\",\r\n
        \       \"properties\": {\r\n          \"provisioningState\": \"Updating\",\r\n
        \         \"privateIPAddress\": \"10.0.0.4\",\r\n          \"privateIPAllocationMethod\":
        \"Dynamic\",\r\n          \"subnet\": {\r\n            \"id\": \"/subscriptions/00000000-0000-0000-0000-000000000000/resourceGroups/test_network_lb_front_ip000001/providers/Microsoft.Network/virtualNetworks/vnet/subnets/subnet\"\r\n
        \         },\r\n          \"privateIPAddressVersion\": \"IPv4\"\r\n        }\r\n
        \     },\r\n      {\r\n        \"name\": \"load-balancer-frontend-end\",\r\n
        \       \"id\": \"/subscriptions/00000000-0000-0000-0000-000000000000/resourceGroups/test_network_lb_front_ip000001/providers/Microsoft.Network/loadBalancers/lb1/frontendIPConfigurations/load-balancer-frontend-end\",\r\n
        \       \"etag\": \"W/\\\"ba7ba82a-1ee2-4f26-bf75-ecba3b85ff0a\\\"\",\r\n
        \       \"type\": \"Microsoft.Network/loadBalancers/frontendIPConfigurations\",\r\n
        \       \"properties\": {\r\n          \"provisioningState\": \"Updating\",\r\n
        \         \"privateIPAddress\": \"10.0.0.5\",\r\n          \"privateIPAllocationMethod\":
        \"Dynamic\",\r\n          \"subnet\": {\r\n            \"id\": \"/subscriptions/00000000-0000-0000-0000-000000000000/resourceGroups/test_network_lb_front_ip000001/providers/Microsoft.Network/virtualNetworks/vnet/subnets/subnet\"\r\n
        \         },\r\n          \"privateIPAddressVersion\": \"IPv4\"\r\n        }\r\n
        \     }\r\n    ],\r\n    \"backendAddressPools\": [\r\n      {\r\n        \"name\":
        \"lb1bepool\",\r\n        \"id\": \"/subscriptions/00000000-0000-0000-0000-000000000000/resourceGroups/test_network_lb_front_ip000001/providers/Microsoft.Network/loadBalancers/lb1/backendAddressPools/lb1bepool\",\r\n
        \       \"etag\": \"W/\\\"ba7ba82a-1ee2-4f26-bf75-ecba3b85ff0a\\\"\",\r\n
        \       \"properties\": {\r\n          \"provisioningState\": \"Updating\",\r\n
        \         \"tunnelInterfaces\": [\r\n            {\r\n              \"port\":
        10800,\r\n              \"identifier\": 900,\r\n              \"protocol\":
        \"VXLAN\",\r\n              \"type\": \"Internal\"\r\n            }\r\n          ]\r\n
        \       },\r\n        \"type\": \"Microsoft.Network/loadBalancers/backendAddressPools\"\r\n
        \     }\r\n    ],\r\n    \"loadBalancingRules\": [],\r\n    \"probes\": [],\r\n
        \   \"inboundNatRules\": [],\r\n    \"outboundRules\": [],\r\n    \"inboundNatPools\":
        []\r\n  },\r\n  \"sku\": {\r\n    \"name\": \"Gateway\",\r\n    \"tier\":
        \"Regional\"\r\n  }\r\n}"
    headers:
      azure-asyncnotification:
      - Enabled
      azure-asyncoperation:
      - https://management.azure.com/subscriptions/00000000-0000-0000-0000-000000000000/providers/Microsoft.Network/locations/eastus/operations/2b56cd98-25be-4fec-a733-6a53719ffdda?api-version=2021-02-01
      cache-control:
      - no-cache
      content-length:
      - '3362'
      content-type:
      - application/json; charset=utf-8
      date:
      - Mon, 09 Aug 2021 05:56:57 GMT
      expires:
      - '-1'
      pragma:
      - no-cache
      server:
      - Microsoft-HTTPAPI/2.0
      - Microsoft-HTTPAPI/2.0
      strict-transport-security:
      - max-age=31536000; includeSubDomains
      transfer-encoding:
      - chunked
      vary:
      - Accept-Encoding
      x-content-type-options:
      - nosniff
      x-ms-arm-service-request-id:
      - c60209cb-4329-46f7-8464-c605c3519a50
      x-ms-ratelimit-remaining-subscription-writes:
      - '1199'
    status:
      code: 200
      message: OK
- request:
    body: null
    headers:
      Accept:
      - '*/*'
      Accept-Encoding:
      - gzip, deflate
      CommandName:
      - network lb frontend-ip create
      Connection:
      - keep-alive
      ParameterSetName:
      - -g --lb-name -n --vnet-name --subnet
      User-Agent:
      - AZURECLI/2.27.0 azsdk-python-azure-mgmt-network/19.0.0 Python/3.8.10 (Windows-10-10.0.19043-SP0)
    method: GET
    uri: https://management.azure.com/subscriptions/00000000-0000-0000-0000-000000000000/providers/Microsoft.Network/locations/eastus/operations/2b56cd98-25be-4fec-a733-6a53719ffdda?api-version=2021-02-01
  response:
    body:
      string: "{\r\n  \"status\": \"Succeeded\"\r\n}"
    headers:
      cache-control:
      - no-cache
      content-length:
      - '29'
      content-type:
      - application/json; charset=utf-8
      date:
      - Mon, 09 Aug 2021 05:57:08 GMT
      expires:
      - '-1'
      pragma:
      - no-cache
      server:
      - Microsoft-HTTPAPI/2.0
      - Microsoft-HTTPAPI/2.0
      strict-transport-security:
      - max-age=31536000; includeSubDomains
      transfer-encoding:
      - chunked
      vary:
      - Accept-Encoding
      x-content-type-options:
      - nosniff
      x-ms-arm-service-request-id:
      - ee4d5984-c442-4124-b050-cafd900a2e12
    status:
      code: 200
      message: OK
- request:
    body: null
    headers:
      Accept:
      - '*/*'
      Accept-Encoding:
      - gzip, deflate
      CommandName:
      - network lb frontend-ip create
      Connection:
      - keep-alive
      ParameterSetName:
      - -g --lb-name -n --vnet-name --subnet
      User-Agent:
      - AZURECLI/2.27.0 azsdk-python-azure-mgmt-network/19.0.0 Python/3.8.10 (Windows-10-10.0.19043-SP0)
    method: GET
    uri: https://management.azure.com/subscriptions/00000000-0000-0000-0000-000000000000/resourceGroups/test_network_lb_front_ip000001/providers/Microsoft.Network/loadBalancers/lb1?api-version=2021-02-01
  response:
    body:
      string: "{\r\n  \"name\": \"lb1\",\r\n  \"id\": \"/subscriptions/00000000-0000-0000-0000-000000000000/resourceGroups/test_network_lb_front_ip000001/providers/Microsoft.Network/loadBalancers/lb1\",\r\n
        \ \"etag\": \"W/\\\"1bb4c4f4-d893-4e88-a882-2f512454014c\\\"\",\r\n  \"type\":
        \"Microsoft.Network/loadBalancers\",\r\n  \"location\": \"eastus\",\r\n  \"tags\":
        {},\r\n  \"properties\": {\r\n    \"provisioningState\": \"Succeeded\",\r\n
        \   \"resourceGuid\": \"e01256c4-26d0-47a3-b22b-4f5ca9b574e0\",\r\n    \"frontendIPConfigurations\":
        [\r\n      {\r\n        \"name\": \"LoadBalancerFrontEnd\",\r\n        \"id\":
        \"/subscriptions/00000000-0000-0000-0000-000000000000/resourceGroups/test_network_lb_front_ip000001/providers/Microsoft.Network/loadBalancers/lb1/frontendIPConfigurations/LoadBalancerFrontEnd\",\r\n
        \       \"etag\": \"W/\\\"1bb4c4f4-d893-4e88-a882-2f512454014c\\\"\",\r\n
        \       \"type\": \"Microsoft.Network/loadBalancers/frontendIPConfigurations\",\r\n
        \       \"properties\": {\r\n          \"provisioningState\": \"Succeeded\",\r\n
        \         \"privateIPAddress\": \"10.0.0.4\",\r\n          \"privateIPAllocationMethod\":
        \"Dynamic\",\r\n          \"subnet\": {\r\n            \"id\": \"/subscriptions/00000000-0000-0000-0000-000000000000/resourceGroups/test_network_lb_front_ip000001/providers/Microsoft.Network/virtualNetworks/vnet/subnets/subnet\"\r\n
        \         },\r\n          \"privateIPAddressVersion\": \"IPv4\"\r\n        }\r\n
        \     },\r\n      {\r\n        \"name\": \"load-balancer-frontend-end\",\r\n
        \       \"id\": \"/subscriptions/00000000-0000-0000-0000-000000000000/resourceGroups/test_network_lb_front_ip000001/providers/Microsoft.Network/loadBalancers/lb1/frontendIPConfigurations/load-balancer-frontend-end\",\r\n
        \       \"etag\": \"W/\\\"1bb4c4f4-d893-4e88-a882-2f512454014c\\\"\",\r\n
        \       \"type\": \"Microsoft.Network/loadBalancers/frontendIPConfigurations\",\r\n
        \       \"properties\": {\r\n          \"provisioningState\": \"Succeeded\",\r\n
        \         \"privateIPAddress\": \"10.0.0.5\",\r\n          \"privateIPAllocationMethod\":
        \"Dynamic\",\r\n          \"subnet\": {\r\n            \"id\": \"/subscriptions/00000000-0000-0000-0000-000000000000/resourceGroups/test_network_lb_front_ip000001/providers/Microsoft.Network/virtualNetworks/vnet/subnets/subnet\"\r\n
        \         },\r\n          \"privateIPAddressVersion\": \"IPv4\"\r\n        }\r\n
        \     }\r\n    ],\r\n    \"backendAddressPools\": [\r\n      {\r\n        \"name\":
        \"lb1bepool\",\r\n        \"id\": \"/subscriptions/00000000-0000-0000-0000-000000000000/resourceGroups/test_network_lb_front_ip000001/providers/Microsoft.Network/loadBalancers/lb1/backendAddressPools/lb1bepool\",\r\n
        \       \"etag\": \"W/\\\"1bb4c4f4-d893-4e88-a882-2f512454014c\\\"\",\r\n
        \       \"properties\": {\r\n          \"provisioningState\": \"Succeeded\",\r\n
        \         \"tunnelInterfaces\": [\r\n            {\r\n              \"port\":
        10800,\r\n              \"identifier\": 900,\r\n              \"protocol\":
        \"VXLAN\",\r\n              \"type\": \"Internal\"\r\n            }\r\n          ]\r\n
        \       },\r\n        \"type\": \"Microsoft.Network/loadBalancers/backendAddressPools\"\r\n
        \     }\r\n    ],\r\n    \"loadBalancingRules\": [],\r\n    \"probes\": [],\r\n
        \   \"inboundNatRules\": [],\r\n    \"outboundRules\": [],\r\n    \"inboundNatPools\":
        []\r\n  },\r\n  \"sku\": {\r\n    \"name\": \"Gateway\",\r\n    \"tier\":
        \"Regional\"\r\n  }\r\n}"
    headers:
      cache-control:
      - no-cache
      content-length:
      - '3366'
      content-type:
      - application/json; charset=utf-8
      date:
      - Mon, 09 Aug 2021 05:57:08 GMT
      etag:
      - W/"1bb4c4f4-d893-4e88-a882-2f512454014c"
      expires:
      - '-1'
      pragma:
      - no-cache
      server:
      - Microsoft-HTTPAPI/2.0
      - Microsoft-HTTPAPI/2.0
      strict-transport-security:
      - max-age=31536000; includeSubDomains
      transfer-encoding:
      - chunked
      vary:
      - Accept-Encoding
      x-content-type-options:
      - nosniff
      x-ms-arm-service-request-id:
      - bbf79b37-b13c-4d17-8591-a28ca4e08d29
    status:
      code: 200
      message: OK
- request:
    body: null
    headers:
      Accept:
      - application/json
      Accept-Encoding:
      - gzip, deflate
      CommandName:
      - network lb frontend-ip update
      Connection:
      - keep-alive
      ParameterSetName:
      - -g --lb-name -n --gateway-lb
      User-Agent:
      - AZURECLI/2.27.0 azsdk-python-azure-mgmt-network/19.0.0 Python/3.8.10 (Windows-10-10.0.19043-SP0)
    method: GET
    uri: https://management.azure.com/subscriptions/00000000-0000-0000-0000-000000000000/resourceGroups/test_network_lb_front_ip000001/providers/Microsoft.Network/loadBalancers/lb?api-version=2021-02-01
  response:
    body:
      string: "{\r\n  \"name\": \"lb\",\r\n  \"id\": \"/subscriptions/00000000-0000-0000-0000-000000000000/resourceGroups/test_network_lb_front_ip000001/providers/Microsoft.Network/loadBalancers/lb\",\r\n
        \ \"etag\": \"W/\\\"95fd6786-0d3c-47ac-9f8b-e5ca0afe1785\\\"\",\r\n  \"type\":
        \"Microsoft.Network/loadBalancers\",\r\n  \"location\": \"eastus\",\r\n  \"tags\":
        {},\r\n  \"properties\": {\r\n    \"provisioningState\": \"Succeeded\",\r\n
        \   \"resourceGuid\": \"78eec9d5-272a-4c99-aee4-14a64e759564\",\r\n    \"frontendIPConfigurations\":
        [\r\n      {\r\n        \"name\": \"LoadBalancerFrontEnd\",\r\n        \"id\":
        \"/subscriptions/00000000-0000-0000-0000-000000000000/resourceGroups/test_network_lb_front_ip000001/providers/Microsoft.Network/loadBalancers/lb/frontendIPConfigurations/LoadBalancerFrontEnd\",\r\n
        \       \"etag\": \"W/\\\"95fd6786-0d3c-47ac-9f8b-e5ca0afe1785\\\"\",\r\n
        \       \"type\": \"Microsoft.Network/loadBalancers/frontendIPConfigurations\",\r\n
        \       \"properties\": {\r\n          \"provisioningState\": \"Succeeded\",\r\n
        \         \"privateIPAllocationMethod\": \"Dynamic\",\r\n          \"publicIPAddress\":
        {\r\n            \"id\": \"/subscriptions/00000000-0000-0000-0000-000000000000/resourceGroups/test_network_lb_front_ip000001/providers/Microsoft.Network/publicIPAddresses/public-ip\"\r\n
        \         }\r\n        }\r\n      },\r\n      {\r\n        \"name\": \"load-balancer-frontend-end\",\r\n
        \       \"id\": \"/subscriptions/00000000-0000-0000-0000-000000000000/resourceGroups/test_network_lb_front_ip000001/providers/Microsoft.Network/loadBalancers/lb/frontendIPConfigurations/load-balancer-frontend-end\",\r\n
        \       \"etag\": \"W/\\\"95fd6786-0d3c-47ac-9f8b-e5ca0afe1785\\\"\",\r\n
        \       \"type\": \"Microsoft.Network/loadBalancers/frontendIPConfigurations\",\r\n
        \       \"properties\": {\r\n          \"provisioningState\": \"Succeeded\",\r\n
        \         \"privateIPAllocationMethod\": \"Dynamic\",\r\n          \"publicIPAddress\":
        {\r\n            \"id\": \"/subscriptions/00000000-0000-0000-0000-000000000000/resourceGroups/test_network_lb_front_ip000001/providers/Microsoft.Network/publicIPAddresses/public-ip1\"\r\n
        \         }\r\n        }\r\n      }\r\n    ],\r\n    \"backendAddressPools\":
        [\r\n      {\r\n        \"name\": \"lbbepool\",\r\n        \"id\": \"/subscriptions/00000000-0000-0000-0000-000000000000/resourceGroups/test_network_lb_front_ip000001/providers/Microsoft.Network/loadBalancers/lb/backendAddressPools/lbbepool\",\r\n
        \       \"etag\": \"W/\\\"95fd6786-0d3c-47ac-9f8b-e5ca0afe1785\\\"\",\r\n
        \       \"properties\": {\r\n          \"provisioningState\": \"Succeeded\",\r\n
        \         \"loadBalancerBackendAddresses\": []\r\n        },\r\n        \"type\":
        \"Microsoft.Network/loadBalancers/backendAddressPools\"\r\n      }\r\n    ],\r\n
        \   \"loadBalancingRules\": [],\r\n    \"probes\": [],\r\n    \"inboundNatRules\":
        [],\r\n    \"outboundRules\": [],\r\n    \"inboundNatPools\": []\r\n  },\r\n
        \ \"sku\": {\r\n    \"name\": \"Standard\",\r\n    \"tier\": \"Regional\"\r\n
        \ }\r\n}"
    headers:
      cache-control:
      - no-cache
      content-length:
      - '3021'
      content-type:
      - application/json; charset=utf-8
      date:
      - Mon, 09 Aug 2021 05:57:09 GMT
      etag:
      - W/"95fd6786-0d3c-47ac-9f8b-e5ca0afe1785"
      expires:
      - '-1'
      pragma:
      - no-cache
      server:
      - Microsoft-HTTPAPI/2.0
      - Microsoft-HTTPAPI/2.0
      strict-transport-security:
      - max-age=31536000; includeSubDomains
      transfer-encoding:
      - chunked
      vary:
      - Accept-Encoding
      x-content-type-options:
      - nosniff
      x-ms-arm-service-request-id:
      - 80e7b053-793c-46ee-a6bc-d5f2ea142405
    status:
      code: 200
      message: OK
- request:
    body: '{"id": "/subscriptions/00000000-0000-0000-0000-000000000000/resourceGroups/test_network_lb_front_ip000001/providers/Microsoft.Network/loadBalancers/lb",
      "location": "eastus", "tags": {}, "sku": {"name": "Standard", "tier": "Regional"},
      "properties": {"frontendIPConfigurations": [{"id": "/subscriptions/00000000-0000-0000-0000-000000000000/resourceGroups/test_network_lb_front_ip000001/providers/Microsoft.Network/loadBalancers/lb/frontendIPConfigurations/LoadBalancerFrontEnd",
      "name": "LoadBalancerFrontEnd", "properties": {"privateIPAllocationMethod":
      "Dynamic", "publicIPAddress": {"id": "/subscriptions/00000000-0000-0000-0000-000000000000/resourceGroups/test_network_lb_front_ip000001/providers/Microsoft.Network/publicIPAddresses/public-ip"}}},
      {"id": "/subscriptions/00000000-0000-0000-0000-000000000000/resourceGroups/test_network_lb_front_ip000001/providers/Microsoft.Network/loadBalancers/lb/frontendIPConfigurations/load-balancer-frontend-end",
      "name": "load-balancer-frontend-end", "properties": {"privateIPAllocationMethod":
      "dynamic", "publicIPAddress": {"id": "/subscriptions/00000000-0000-0000-0000-000000000000/resourceGroups/test_network_lb_front_ip000001/providers/Microsoft.Network/publicIPAddresses/public-ip1"},
      "gatewayLoadBalancer": {"id": "/subscriptions/00000000-0000-0000-0000-000000000000/resourceGroups/test_network_lb_front_ip000001/providers/Microsoft.Network/loadBalancers/lb1/frontendIPConfigurations/load-balancer-frontend-end"}}}],
      "backendAddressPools": [{"id": "/subscriptions/00000000-0000-0000-0000-000000000000/resourceGroups/test_network_lb_front_ip000001/providers/Microsoft.Network/loadBalancers/lb/backendAddressPools/lbbepool",
      "name": "lbbepool", "properties": {"loadBalancerBackendAddresses": []}}], "loadBalancingRules":
      [], "probes": [], "inboundNatRules": [], "inboundNatPools": [], "outboundRules":
      []}}'
    headers:
      Accept:
      - application/json
      Accept-Encoding:
      - gzip, deflate
      CommandName:
      - network lb frontend-ip update
      Connection:
      - keep-alive
      Content-Length:
      - '2170'
      Content-Type:
      - application/json
      ParameterSetName:
      - -g --lb-name -n --gateway-lb
      User-Agent:
      - AZURECLI/2.27.0 azsdk-python-azure-mgmt-network/19.0.0 Python/3.8.10 (Windows-10-10.0.19043-SP0)
    method: PUT
    uri: https://management.azure.com/subscriptions/00000000-0000-0000-0000-000000000000/resourceGroups/test_network_lb_front_ip000001/providers/Microsoft.Network/loadBalancers/lb?api-version=2021-02-01
  response:
    body:
      string: "{\r\n  \"name\": \"lb\",\r\n  \"id\": \"/subscriptions/00000000-0000-0000-0000-000000000000/resourceGroups/test_network_lb_front_ip000001/providers/Microsoft.Network/loadBalancers/lb\",\r\n
        \ \"etag\": \"W/\\\"f4018054-5a29-427c-82fc-48fd5a2e2a07\\\"\",\r\n  \"type\":
        \"Microsoft.Network/loadBalancers\",\r\n  \"location\": \"eastus\",\r\n  \"tags\":
        {},\r\n  \"properties\": {\r\n    \"provisioningState\": \"Succeeded\",\r\n
        \   \"resourceGuid\": \"78eec9d5-272a-4c99-aee4-14a64e759564\",\r\n    \"frontendIPConfigurations\":
        [\r\n      {\r\n        \"name\": \"LoadBalancerFrontEnd\",\r\n        \"id\":
        \"/subscriptions/00000000-0000-0000-0000-000000000000/resourceGroups/test_network_lb_front_ip000001/providers/Microsoft.Network/loadBalancers/lb/frontendIPConfigurations/LoadBalancerFrontEnd\",\r\n
        \       \"etag\": \"W/\\\"f4018054-5a29-427c-82fc-48fd5a2e2a07\\\"\",\r\n
        \       \"type\": \"Microsoft.Network/loadBalancers/frontendIPConfigurations\",\r\n
        \       \"properties\": {\r\n          \"provisioningState\": \"Succeeded\",\r\n
        \         \"privateIPAllocationMethod\": \"Dynamic\",\r\n          \"publicIPAddress\":
        {\r\n            \"id\": \"/subscriptions/00000000-0000-0000-0000-000000000000/resourceGroups/test_network_lb_front_ip000001/providers/Microsoft.Network/publicIPAddresses/public-ip\"\r\n
        \         }\r\n        }\r\n      },\r\n      {\r\n        \"name\": \"load-balancer-frontend-end\",\r\n
        \       \"id\": \"/subscriptions/00000000-0000-0000-0000-000000000000/resourceGroups/test_network_lb_front_ip000001/providers/Microsoft.Network/loadBalancers/lb/frontendIPConfigurations/load-balancer-frontend-end\",\r\n
        \       \"etag\": \"W/\\\"f4018054-5a29-427c-82fc-48fd5a2e2a07\\\"\",\r\n
        \       \"type\": \"Microsoft.Network/loadBalancers/frontendIPConfigurations\",\r\n
        \       \"properties\": {\r\n          \"provisioningState\": \"Succeeded\",\r\n
        \         \"privateIPAllocationMethod\": \"Dynamic\",\r\n          \"publicIPAddress\":
        {\r\n            \"id\": \"/subscriptions/00000000-0000-0000-0000-000000000000/resourceGroups/test_network_lb_front_ip000001/providers/Microsoft.Network/publicIPAddresses/public-ip1\"\r\n
        \         },\r\n          \"gatewayLoadBalancer\": {\r\n            \"id\":
        \"/subscriptions/00000000-0000-0000-0000-000000000000/resourceGroups/test_network_lb_front_ip000001/providers/Microsoft.Network/loadBalancers/lb1/frontendIPConfigurations/load-balancer-frontend-end\"\r\n
        \         }\r\n        }\r\n      }\r\n    ],\r\n    \"backendAddressPools\":
        [\r\n      {\r\n        \"name\": \"lbbepool\",\r\n        \"id\": \"/subscriptions/00000000-0000-0000-0000-000000000000/resourceGroups/test_network_lb_front_ip000001/providers/Microsoft.Network/loadBalancers/lb/backendAddressPools/lbbepool\",\r\n
        \       \"etag\": \"W/\\\"f4018054-5a29-427c-82fc-48fd5a2e2a07\\\"\",\r\n
        \       \"properties\": {\r\n          \"provisioningState\": \"Succeeded\",\r\n
        \         \"loadBalancerBackendAddresses\": []\r\n        },\r\n        \"type\":
        \"Microsoft.Network/loadBalancers/backendAddressPools\"\r\n      }\r\n    ],\r\n
        \   \"loadBalancingRules\": [],\r\n    \"probes\": [],\r\n    \"inboundNatRules\":
        [],\r\n    \"outboundRules\": [],\r\n    \"inboundNatPools\": []\r\n  },\r\n
        \ \"sku\": {\r\n    \"name\": \"Standard\",\r\n    \"tier\": \"Regional\"\r\n
        \ }\r\n}"
    headers:
      azure-asyncnotification:
      - Enabled
      azure-asyncoperation:
      - https://management.azure.com/subscriptions/00000000-0000-0000-0000-000000000000/providers/Microsoft.Network/locations/eastus/operations/8ec72dd1-966b-4f36-a7a0-b1ac858fbe5f?api-version=2021-02-01
      cache-control:
      - no-cache
      content-length:
      - '3333'
      content-type:
      - application/json; charset=utf-8
      date:
      - Mon, 09 Aug 2021 05:57:13 GMT
      expires:
      - '-1'
      pragma:
      - no-cache
      server:
      - Microsoft-HTTPAPI/2.0
      - Microsoft-HTTPAPI/2.0
      strict-transport-security:
      - max-age=31536000; includeSubDomains
      transfer-encoding:
      - chunked
      vary:
      - Accept-Encoding
      x-content-type-options:
      - nosniff
      x-ms-arm-service-request-id:
      - 88009c00-de39-4e98-ad0e-c58024785ecc
      x-ms-ratelimit-remaining-subscription-writes:
      - '1199'
    status:
      code: 200
      message: OK
- request:
    body: null
    headers:
      Accept:
      - '*/*'
      Accept-Encoding:
      - gzip, deflate
      CommandName:
      - network lb frontend-ip update
      Connection:
      - keep-alive
      ParameterSetName:
      - -g --lb-name -n --gateway-lb
      User-Agent:
      - AZURECLI/2.27.0 azsdk-python-azure-mgmt-network/19.0.0 Python/3.8.10 (Windows-10-10.0.19043-SP0)
    method: GET
    uri: https://management.azure.com/subscriptions/00000000-0000-0000-0000-000000000000/providers/Microsoft.Network/locations/eastus/operations/8ec72dd1-966b-4f36-a7a0-b1ac858fbe5f?api-version=2021-02-01
  response:
    body:
      string: "{\r\n  \"status\": \"Succeeded\"\r\n}"
    headers:
      cache-control:
      - no-cache
      content-length:
      - '29'
      content-type:
      - application/json; charset=utf-8
      date:
      - Mon, 09 Aug 2021 05:57:44 GMT
      expires:
      - '-1'
      pragma:
      - no-cache
      server:
      - Microsoft-HTTPAPI/2.0
      - Microsoft-HTTPAPI/2.0
      strict-transport-security:
      - max-age=31536000; includeSubDomains
      transfer-encoding:
      - chunked
      vary:
      - Accept-Encoding
      x-content-type-options:
      - nosniff
      x-ms-arm-service-request-id:
      - eaba3c60-ec5a-48b5-99a5-4be5df72048e
    status:
      code: 200
      message: OK
- request:
    body: null
    headers:
      Accept:
      - '*/*'
      Accept-Encoding:
      - gzip, deflate
      CommandName:
      - network lb frontend-ip update
      Connection:
      - keep-alive
      ParameterSetName:
      - -g --lb-name -n --gateway-lb
      User-Agent:
      - AZURECLI/2.27.0 azsdk-python-azure-mgmt-network/19.0.0 Python/3.8.10 (Windows-10-10.0.19043-SP0)
    method: GET
    uri: https://management.azure.com/subscriptions/00000000-0000-0000-0000-000000000000/resourceGroups/test_network_lb_front_ip000001/providers/Microsoft.Network/loadBalancers/lb?api-version=2021-02-01
  response:
    body:
      string: "{\r\n  \"name\": \"lb\",\r\n  \"id\": \"/subscriptions/00000000-0000-0000-0000-000000000000/resourceGroups/test_network_lb_front_ip000001/providers/Microsoft.Network/loadBalancers/lb\",\r\n
        \ \"etag\": \"W/\\\"f4018054-5a29-427c-82fc-48fd5a2e2a07\\\"\",\r\n  \"type\":
        \"Microsoft.Network/loadBalancers\",\r\n  \"location\": \"eastus\",\r\n  \"tags\":
        {},\r\n  \"properties\": {\r\n    \"provisioningState\": \"Succeeded\",\r\n
        \   \"resourceGuid\": \"78eec9d5-272a-4c99-aee4-14a64e759564\",\r\n    \"frontendIPConfigurations\":
        [\r\n      {\r\n        \"name\": \"LoadBalancerFrontEnd\",\r\n        \"id\":
        \"/subscriptions/00000000-0000-0000-0000-000000000000/resourceGroups/test_network_lb_front_ip000001/providers/Microsoft.Network/loadBalancers/lb/frontendIPConfigurations/LoadBalancerFrontEnd\",\r\n
        \       \"etag\": \"W/\\\"f4018054-5a29-427c-82fc-48fd5a2e2a07\\\"\",\r\n
        \       \"type\": \"Microsoft.Network/loadBalancers/frontendIPConfigurations\",\r\n
        \       \"properties\": {\r\n          \"provisioningState\": \"Succeeded\",\r\n
        \         \"privateIPAllocationMethod\": \"Dynamic\",\r\n          \"publicIPAddress\":
        {\r\n            \"id\": \"/subscriptions/00000000-0000-0000-0000-000000000000/resourceGroups/test_network_lb_front_ip000001/providers/Microsoft.Network/publicIPAddresses/public-ip\"\r\n
        \         }\r\n        }\r\n      },\r\n      {\r\n        \"name\": \"load-balancer-frontend-end\",\r\n
        \       \"id\": \"/subscriptions/00000000-0000-0000-0000-000000000000/resourceGroups/test_network_lb_front_ip000001/providers/Microsoft.Network/loadBalancers/lb/frontendIPConfigurations/load-balancer-frontend-end\",\r\n
        \       \"etag\": \"W/\\\"f4018054-5a29-427c-82fc-48fd5a2e2a07\\\"\",\r\n
        \       \"type\": \"Microsoft.Network/loadBalancers/frontendIPConfigurations\",\r\n
        \       \"properties\": {\r\n          \"provisioningState\": \"Succeeded\",\r\n
        \         \"privateIPAllocationMethod\": \"Dynamic\",\r\n          \"publicIPAddress\":
        {\r\n            \"id\": \"/subscriptions/00000000-0000-0000-0000-000000000000/resourceGroups/test_network_lb_front_ip000001/providers/Microsoft.Network/publicIPAddresses/public-ip1\"\r\n
        \         },\r\n          \"gatewayLoadBalancer\": {\r\n            \"id\":
        \"/subscriptions/00000000-0000-0000-0000-000000000000/resourceGroups/test_network_lb_front_ip000001/providers/Microsoft.Network/loadBalancers/lb1/frontendIPConfigurations/load-balancer-frontend-end\"\r\n
        \         }\r\n        }\r\n      }\r\n    ],\r\n    \"backendAddressPools\":
        [\r\n      {\r\n        \"name\": \"lbbepool\",\r\n        \"id\": \"/subscriptions/00000000-0000-0000-0000-000000000000/resourceGroups/test_network_lb_front_ip000001/providers/Microsoft.Network/loadBalancers/lb/backendAddressPools/lbbepool\",\r\n
        \       \"etag\": \"W/\\\"f4018054-5a29-427c-82fc-48fd5a2e2a07\\\"\",\r\n
        \       \"properties\": {\r\n          \"provisioningState\": \"Succeeded\",\r\n
        \         \"loadBalancerBackendAddresses\": []\r\n        },\r\n        \"type\":
        \"Microsoft.Network/loadBalancers/backendAddressPools\"\r\n      }\r\n    ],\r\n
        \   \"loadBalancingRules\": [],\r\n    \"probes\": [],\r\n    \"inboundNatRules\":
        [],\r\n    \"outboundRules\": [],\r\n    \"inboundNatPools\": []\r\n  },\r\n
        \ \"sku\": {\r\n    \"name\": \"Standard\",\r\n    \"tier\": \"Regional\"\r\n
        \ }\r\n}"
    headers:
      cache-control:
      - no-cache
      content-length:
      - '3333'
      content-type:
      - application/json; charset=utf-8
      date:
      - Mon, 09 Aug 2021 05:57:44 GMT
      etag:
      - W/"f4018054-5a29-427c-82fc-48fd5a2e2a07"
      expires:
      - '-1'
      pragma:
      - no-cache
      server:
      - Microsoft-HTTPAPI/2.0
      - Microsoft-HTTPAPI/2.0
      strict-transport-security:
      - max-age=31536000; includeSubDomains
      transfer-encoding:
      - chunked
      vary:
      - Accept-Encoding
      x-content-type-options:
      - nosniff
      x-ms-arm-service-request-id:
      - bbde0c64-c2bb-4c79-bb58-105180d587d7
    status:
      code: 200
      message: OK
- request:
    body: null
    headers:
      Accept:
      - application/json
      Accept-Encoding:
      - gzip, deflate
      CommandName:
      - network lb frontend-ip update
      Connection:
      - keep-alive
      ParameterSetName:
      - -g --lb-name -n --gateway-lb
      User-Agent:
      - AZURECLI/2.27.0 azsdk-python-azure-mgmt-network/19.0.0 Python/3.8.10 (Windows-10-10.0.19043-SP0)
    method: GET
    uri: https://management.azure.com/subscriptions/00000000-0000-0000-0000-000000000000/resourceGroups/test_network_lb_front_ip000001/providers/Microsoft.Network/loadBalancers/lb?api-version=2021-02-01
  response:
    body:
      string: "{\r\n  \"name\": \"lb\",\r\n  \"id\": \"/subscriptions/00000000-0000-0000-0000-000000000000/resourceGroups/test_network_lb_front_ip000001/providers/Microsoft.Network/loadBalancers/lb\",\r\n
        \ \"etag\": \"W/\\\"f4018054-5a29-427c-82fc-48fd5a2e2a07\\\"\",\r\n  \"type\":
        \"Microsoft.Network/loadBalancers\",\r\n  \"location\": \"eastus\",\r\n  \"tags\":
        {},\r\n  \"properties\": {\r\n    \"provisioningState\": \"Succeeded\",\r\n
        \   \"resourceGuid\": \"78eec9d5-272a-4c99-aee4-14a64e759564\",\r\n    \"frontendIPConfigurations\":
        [\r\n      {\r\n        \"name\": \"LoadBalancerFrontEnd\",\r\n        \"id\":
        \"/subscriptions/00000000-0000-0000-0000-000000000000/resourceGroups/test_network_lb_front_ip000001/providers/Microsoft.Network/loadBalancers/lb/frontendIPConfigurations/LoadBalancerFrontEnd\",\r\n
        \       \"etag\": \"W/\\\"f4018054-5a29-427c-82fc-48fd5a2e2a07\\\"\",\r\n
        \       \"type\": \"Microsoft.Network/loadBalancers/frontendIPConfigurations\",\r\n
        \       \"properties\": {\r\n          \"provisioningState\": \"Succeeded\",\r\n
        \         \"privateIPAllocationMethod\": \"Dynamic\",\r\n          \"publicIPAddress\":
        {\r\n            \"id\": \"/subscriptions/00000000-0000-0000-0000-000000000000/resourceGroups/test_network_lb_front_ip000001/providers/Microsoft.Network/publicIPAddresses/public-ip\"\r\n
        \         }\r\n        }\r\n      },\r\n      {\r\n        \"name\": \"load-balancer-frontend-end\",\r\n
        \       \"id\": \"/subscriptions/00000000-0000-0000-0000-000000000000/resourceGroups/test_network_lb_front_ip000001/providers/Microsoft.Network/loadBalancers/lb/frontendIPConfigurations/load-balancer-frontend-end\",\r\n
        \       \"etag\": \"W/\\\"f4018054-5a29-427c-82fc-48fd5a2e2a07\\\"\",\r\n
        \       \"type\": \"Microsoft.Network/loadBalancers/frontendIPConfigurations\",\r\n
        \       \"properties\": {\r\n          \"provisioningState\": \"Succeeded\",\r\n
        \         \"privateIPAllocationMethod\": \"Dynamic\",\r\n          \"publicIPAddress\":
        {\r\n            \"id\": \"/subscriptions/00000000-0000-0000-0000-000000000000/resourceGroups/test_network_lb_front_ip000001/providers/Microsoft.Network/publicIPAddresses/public-ip1\"\r\n
        \         },\r\n          \"gatewayLoadBalancer\": {\r\n            \"id\":
        \"/subscriptions/00000000-0000-0000-0000-000000000000/resourceGroups/test_network_lb_front_ip000001/providers/Microsoft.Network/loadBalancers/lb1/frontendIPConfigurations/load-balancer-frontend-end\"\r\n
        \         }\r\n        }\r\n      }\r\n    ],\r\n    \"backendAddressPools\":
        [\r\n      {\r\n        \"name\": \"lbbepool\",\r\n        \"id\": \"/subscriptions/00000000-0000-0000-0000-000000000000/resourceGroups/test_network_lb_front_ip000001/providers/Microsoft.Network/loadBalancers/lb/backendAddressPools/lbbepool\",\r\n
        \       \"etag\": \"W/\\\"f4018054-5a29-427c-82fc-48fd5a2e2a07\\\"\",\r\n
        \       \"properties\": {\r\n          \"provisioningState\": \"Succeeded\",\r\n
        \         \"loadBalancerBackendAddresses\": []\r\n        },\r\n        \"type\":
        \"Microsoft.Network/loadBalancers/backendAddressPools\"\r\n      }\r\n    ],\r\n
        \   \"loadBalancingRules\": [],\r\n    \"probes\": [],\r\n    \"inboundNatRules\":
        [],\r\n    \"outboundRules\": [],\r\n    \"inboundNatPools\": []\r\n  },\r\n
        \ \"sku\": {\r\n    \"name\": \"Standard\",\r\n    \"tier\": \"Regional\"\r\n
        \ }\r\n}"
    headers:
      cache-control:
      - no-cache
      content-length:
      - '3333'
      content-type:
      - application/json; charset=utf-8
      date:
      - Mon, 09 Aug 2021 05:57:45 GMT
      etag:
      - W/"f4018054-5a29-427c-82fc-48fd5a2e2a07"
      expires:
      - '-1'
      pragma:
      - no-cache
      server:
      - Microsoft-HTTPAPI/2.0
      - Microsoft-HTTPAPI/2.0
      strict-transport-security:
      - max-age=31536000; includeSubDomains
      transfer-encoding:
      - chunked
      vary:
      - Accept-Encoding
      x-content-type-options:
      - nosniff
      x-ms-arm-service-request-id:
      - 4d717269-389b-4ded-a868-9441bd650ff5
    status:
      code: 200
      message: OK
- request:
    body: '{"id": "/subscriptions/00000000-0000-0000-0000-000000000000/resourceGroups/test_network_lb_front_ip000001/providers/Microsoft.Network/loadBalancers/lb",
      "location": "eastus", "tags": {}, "sku": {"name": "Standard", "tier": "Regional"},
      "properties": {"frontendIPConfigurations": [{"id": "/subscriptions/00000000-0000-0000-0000-000000000000/resourceGroups/test_network_lb_front_ip000001/providers/Microsoft.Network/loadBalancers/lb/frontendIPConfigurations/LoadBalancerFrontEnd",
      "name": "LoadBalancerFrontEnd", "properties": {"privateIPAllocationMethod":
      "Dynamic", "publicIPAddress": {"id": "/subscriptions/00000000-0000-0000-0000-000000000000/resourceGroups/test_network_lb_front_ip000001/providers/Microsoft.Network/publicIPAddresses/public-ip"}}},
      {"id": "/subscriptions/00000000-0000-0000-0000-000000000000/resourceGroups/test_network_lb_front_ip000001/providers/Microsoft.Network/loadBalancers/lb/frontendIPConfigurations/load-balancer-frontend-end",
      "name": "load-balancer-frontend-end", "properties": {"privateIPAllocationMethod":
      "dynamic", "publicIPAddress": {"id": "/subscriptions/00000000-0000-0000-0000-000000000000/resourceGroups/test_network_lb_front_ip000001/providers/Microsoft.Network/publicIPAddresses/public-ip1"}}}],
      "backendAddressPools": [{"id": "/subscriptions/00000000-0000-0000-0000-000000000000/resourceGroups/test_network_lb_front_ip000001/providers/Microsoft.Network/loadBalancers/lb/backendAddressPools/lbbepool",
      "name": "lbbepool", "properties": {"loadBalancerBackendAddresses": []}}], "loadBalancingRules":
      [], "probes": [], "inboundNatRules": [], "inboundNatPools": [], "outboundRules":
      []}}'
    headers:
      Accept:
      - application/json
      Accept-Encoding:
      - gzip, deflate
      CommandName:
      - network lb frontend-ip update
      Connection:
      - keep-alive
      Content-Length:
      - '1895'
      Content-Type:
      - application/json
      ParameterSetName:
      - -g --lb-name -n --gateway-lb
      User-Agent:
      - AZURECLI/2.27.0 azsdk-python-azure-mgmt-network/19.0.0 Python/3.8.10 (Windows-10-10.0.19043-SP0)
    method: PUT
    uri: https://management.azure.com/subscriptions/00000000-0000-0000-0000-000000000000/resourceGroups/test_network_lb_front_ip000001/providers/Microsoft.Network/loadBalancers/lb?api-version=2021-02-01
  response:
    body:
      string: "{\r\n  \"name\": \"lb\",\r\n  \"id\": \"/subscriptions/00000000-0000-0000-0000-000000000000/resourceGroups/test_network_lb_front_ip000001/providers/Microsoft.Network/loadBalancers/lb\",\r\n
        \ \"etag\": \"W/\\\"50413362-f0d3-4136-ac0e-6e7d63a3afe1\\\"\",\r\n  \"type\":
        \"Microsoft.Network/loadBalancers\",\r\n  \"location\": \"eastus\",\r\n  \"tags\":
        {},\r\n  \"properties\": {\r\n    \"provisioningState\": \"Succeeded\",\r\n
        \   \"resourceGuid\": \"78eec9d5-272a-4c99-aee4-14a64e759564\",\r\n    \"frontendIPConfigurations\":
        [\r\n      {\r\n        \"name\": \"LoadBalancerFrontEnd\",\r\n        \"id\":
        \"/subscriptions/00000000-0000-0000-0000-000000000000/resourceGroups/test_network_lb_front_ip000001/providers/Microsoft.Network/loadBalancers/lb/frontendIPConfigurations/LoadBalancerFrontEnd\",\r\n
        \       \"etag\": \"W/\\\"50413362-f0d3-4136-ac0e-6e7d63a3afe1\\\"\",\r\n
        \       \"type\": \"Microsoft.Network/loadBalancers/frontendIPConfigurations\",\r\n
        \       \"properties\": {\r\n          \"provisioningState\": \"Succeeded\",\r\n
        \         \"privateIPAllocationMethod\": \"Dynamic\",\r\n          \"publicIPAddress\":
        {\r\n            \"id\": \"/subscriptions/00000000-0000-0000-0000-000000000000/resourceGroups/test_network_lb_front_ip000001/providers/Microsoft.Network/publicIPAddresses/public-ip\"\r\n
        \         }\r\n        }\r\n      },\r\n      {\r\n        \"name\": \"load-balancer-frontend-end\",\r\n
        \       \"id\": \"/subscriptions/00000000-0000-0000-0000-000000000000/resourceGroups/test_network_lb_front_ip000001/providers/Microsoft.Network/loadBalancers/lb/frontendIPConfigurations/load-balancer-frontend-end\",\r\n
        \       \"etag\": \"W/\\\"50413362-f0d3-4136-ac0e-6e7d63a3afe1\\\"\",\r\n
        \       \"type\": \"Microsoft.Network/loadBalancers/frontendIPConfigurations\",\r\n
        \       \"properties\": {\r\n          \"provisioningState\": \"Succeeded\",\r\n
        \         \"privateIPAllocationMethod\": \"Dynamic\",\r\n          \"publicIPAddress\":
        {\r\n            \"id\": \"/subscriptions/00000000-0000-0000-0000-000000000000/resourceGroups/test_network_lb_front_ip000001/providers/Microsoft.Network/publicIPAddresses/public-ip1\"\r\n
        \         }\r\n        }\r\n      }\r\n    ],\r\n    \"backendAddressPools\":
        [\r\n      {\r\n        \"name\": \"lbbepool\",\r\n        \"id\": \"/subscriptions/00000000-0000-0000-0000-000000000000/resourceGroups/test_network_lb_front_ip000001/providers/Microsoft.Network/loadBalancers/lb/backendAddressPools/lbbepool\",\r\n
        \       \"etag\": \"W/\\\"50413362-f0d3-4136-ac0e-6e7d63a3afe1\\\"\",\r\n
        \       \"properties\": {\r\n          \"provisioningState\": \"Succeeded\",\r\n
        \         \"loadBalancerBackendAddresses\": []\r\n        },\r\n        \"type\":
        \"Microsoft.Network/loadBalancers/backendAddressPools\"\r\n      }\r\n    ],\r\n
        \   \"loadBalancingRules\": [],\r\n    \"probes\": [],\r\n    \"inboundNatRules\":
        [],\r\n    \"outboundRules\": [],\r\n    \"inboundNatPools\": []\r\n  },\r\n
        \ \"sku\": {\r\n    \"name\": \"Standard\",\r\n    \"tier\": \"Regional\"\r\n
        \ }\r\n}"
    headers:
      azure-asyncnotification:
      - Enabled
      azure-asyncoperation:
      - https://management.azure.com/subscriptions/00000000-0000-0000-0000-000000000000/providers/Microsoft.Network/locations/eastus/operations/58446e34-8708-4bcf-8b66-b23385af9361?api-version=2021-02-01
      cache-control:
      - no-cache
      content-length:
      - '3021'
      content-type:
      - application/json; charset=utf-8
      date:
      - Mon, 09 Aug 2021 05:57:49 GMT
      expires:
      - '-1'
      pragma:
      - no-cache
      server:
      - Microsoft-HTTPAPI/2.0
      - Microsoft-HTTPAPI/2.0
      strict-transport-security:
      - max-age=31536000; includeSubDomains
      transfer-encoding:
      - chunked
      vary:
      - Accept-Encoding
      x-content-type-options:
      - nosniff
      x-ms-arm-service-request-id:
      - 5c05a1d5-7a96-4dd7-ab2a-44cc320700ea
      x-ms-ratelimit-remaining-subscription-writes:
      - '1197'
    status:
      code: 200
      message: OK
- request:
    body: null
    headers:
      Accept:
      - '*/*'
      Accept-Encoding:
      - gzip, deflate
      CommandName:
      - network lb frontend-ip update
      Connection:
      - keep-alive
      ParameterSetName:
      - -g --lb-name -n --gateway-lb
      User-Agent:
      - AZURECLI/2.27.0 azsdk-python-azure-mgmt-network/19.0.0 Python/3.8.10 (Windows-10-10.0.19043-SP0)
    method: GET
    uri: https://management.azure.com/subscriptions/00000000-0000-0000-0000-000000000000/providers/Microsoft.Network/locations/eastus/operations/58446e34-8708-4bcf-8b66-b23385af9361?api-version=2021-02-01
  response:
    body:
      string: "{\r\n  \"status\": \"Succeeded\"\r\n}"
    headers:
      cache-control:
      - no-cache
      content-length:
      - '29'
      content-type:
      - application/json; charset=utf-8
      date:
      - Mon, 09 Aug 2021 05:58:20 GMT
      expires:
      - '-1'
      pragma:
      - no-cache
      server:
      - Microsoft-HTTPAPI/2.0
      - Microsoft-HTTPAPI/2.0
      strict-transport-security:
      - max-age=31536000; includeSubDomains
      transfer-encoding:
      - chunked
      vary:
      - Accept-Encoding
      x-content-type-options:
      - nosniff
      x-ms-arm-service-request-id:
      - 1d676ee7-66fc-4381-8792-019b9ffb31be
    status:
      code: 200
      message: OK
- request:
    body: null
    headers:
      Accept:
      - '*/*'
      Accept-Encoding:
      - gzip, deflate
      CommandName:
      - network lb frontend-ip update
      Connection:
      - keep-alive
      ParameterSetName:
      - -g --lb-name -n --gateway-lb
      User-Agent:
      - AZURECLI/2.27.0 azsdk-python-azure-mgmt-network/19.0.0 Python/3.8.10 (Windows-10-10.0.19043-SP0)
    method: GET
    uri: https://management.azure.com/subscriptions/00000000-0000-0000-0000-000000000000/resourceGroups/test_network_lb_front_ip000001/providers/Microsoft.Network/loadBalancers/lb?api-version=2021-02-01
  response:
    body:
      string: "{\r\n  \"name\": \"lb\",\r\n  \"id\": \"/subscriptions/00000000-0000-0000-0000-000000000000/resourceGroups/test_network_lb_front_ip000001/providers/Microsoft.Network/loadBalancers/lb\",\r\n
        \ \"etag\": \"W/\\\"50413362-f0d3-4136-ac0e-6e7d63a3afe1\\\"\",\r\n  \"type\":
        \"Microsoft.Network/loadBalancers\",\r\n  \"location\": \"eastus\",\r\n  \"tags\":
        {},\r\n  \"properties\": {\r\n    \"provisioningState\": \"Succeeded\",\r\n
        \   \"resourceGuid\": \"78eec9d5-272a-4c99-aee4-14a64e759564\",\r\n    \"frontendIPConfigurations\":
        [\r\n      {\r\n        \"name\": \"LoadBalancerFrontEnd\",\r\n        \"id\":
        \"/subscriptions/00000000-0000-0000-0000-000000000000/resourceGroups/test_network_lb_front_ip000001/providers/Microsoft.Network/loadBalancers/lb/frontendIPConfigurations/LoadBalancerFrontEnd\",\r\n
        \       \"etag\": \"W/\\\"50413362-f0d3-4136-ac0e-6e7d63a3afe1\\\"\",\r\n
        \       \"type\": \"Microsoft.Network/loadBalancers/frontendIPConfigurations\",\r\n
        \       \"properties\": {\r\n          \"provisioningState\": \"Succeeded\",\r\n
        \         \"privateIPAllocationMethod\": \"Dynamic\",\r\n          \"publicIPAddress\":
        {\r\n            \"id\": \"/subscriptions/00000000-0000-0000-0000-000000000000/resourceGroups/test_network_lb_front_ip000001/providers/Microsoft.Network/publicIPAddresses/public-ip\"\r\n
        \         }\r\n        }\r\n      },\r\n      {\r\n        \"name\": \"load-balancer-frontend-end\",\r\n
        \       \"id\": \"/subscriptions/00000000-0000-0000-0000-000000000000/resourceGroups/test_network_lb_front_ip000001/providers/Microsoft.Network/loadBalancers/lb/frontendIPConfigurations/load-balancer-frontend-end\",\r\n
        \       \"etag\": \"W/\\\"50413362-f0d3-4136-ac0e-6e7d63a3afe1\\\"\",\r\n
        \       \"type\": \"Microsoft.Network/loadBalancers/frontendIPConfigurations\",\r\n
        \       \"properties\": {\r\n          \"provisioningState\": \"Succeeded\",\r\n
        \         \"privateIPAllocationMethod\": \"Dynamic\",\r\n          \"publicIPAddress\":
        {\r\n            \"id\": \"/subscriptions/00000000-0000-0000-0000-000000000000/resourceGroups/test_network_lb_front_ip000001/providers/Microsoft.Network/publicIPAddresses/public-ip1\"\r\n
        \         }\r\n        }\r\n      }\r\n    ],\r\n    \"backendAddressPools\":
        [\r\n      {\r\n        \"name\": \"lbbepool\",\r\n        \"id\": \"/subscriptions/00000000-0000-0000-0000-000000000000/resourceGroups/test_network_lb_front_ip000001/providers/Microsoft.Network/loadBalancers/lb/backendAddressPools/lbbepool\",\r\n
        \       \"etag\": \"W/\\\"50413362-f0d3-4136-ac0e-6e7d63a3afe1\\\"\",\r\n
        \       \"properties\": {\r\n          \"provisioningState\": \"Succeeded\",\r\n
        \         \"loadBalancerBackendAddresses\": []\r\n        },\r\n        \"type\":
        \"Microsoft.Network/loadBalancers/backendAddressPools\"\r\n      }\r\n    ],\r\n
        \   \"loadBalancingRules\": [],\r\n    \"probes\": [],\r\n    \"inboundNatRules\":
        [],\r\n    \"outboundRules\": [],\r\n    \"inboundNatPools\": []\r\n  },\r\n
        \ \"sku\": {\r\n    \"name\": \"Standard\",\r\n    \"tier\": \"Regional\"\r\n
        \ }\r\n}"
    headers:
      cache-control:
      - no-cache
      content-length:
      - '3021'
      content-type:
      - application/json; charset=utf-8
      date:
      - Mon, 09 Aug 2021 05:58:20 GMT
      etag:
      - W/"50413362-f0d3-4136-ac0e-6e7d63a3afe1"
      expires:
      - '-1'
      pragma:
      - no-cache
      server:
      - Microsoft-HTTPAPI/2.0
      - Microsoft-HTTPAPI/2.0
      strict-transport-security:
      - max-age=31536000; includeSubDomains
      transfer-encoding:
      - chunked
      vary:
      - Accept-Encoding
      x-content-type-options:
      - nosniff
      x-ms-arm-service-request-id:
      - 7b0921e8-851c-4a53-9714-6ce102c3d637
    status:
      code: 200
      message: OK
version: 1
