interactions:
- request:
    body: '{"location": "global", "properties": {"profileStatus": "Enabled", "trafficRoutingMethod":
      "Subnet", "dnsConfig": {"relativeName": "testtm000002", "ttl": 30}, "monitorConfig":
      {"protocol": "HTTP", "port": 80, "path": "/", "customHeaders": [{"name": "foo",
      "value": "bar"}], "expectedStatusCodeRanges": [{"min": 200, "max": 202}]}}}'
    headers:
      Accept:
      - application/json
      Accept-Encoding:
      - gzip, deflate
      CommandName:
      - network traffic-manager profile create
      Connection:
      - keep-alive
      Content-Length:
      - '338'
      Content-Type:
      - application/json; charset=utf-8
      ParameterSetName:
      - -n -g --routing-method --unique-dns-name --custom-headers --status-code-ranges
      User-Agent:
      - python/3.7.4 (Linux-4.15.0-112-generic-x86_64-with-debian-buster-sid) msrest/0.6.18
        msrest_azure/0.6.4 azure-mgmt-trafficmanager/0.51.0 Azure-SDK-For-Python AZURECLI/2.10.1
      accept-language:
      - en-US
    method: PUT
    uri: https://management.azure.com/subscriptions/00000000-0000-0000-0000-000000000000/resourceGroups/cli_test_traffic_manager_subnet000001/providers/Microsoft.Network/trafficmanagerprofiles/tm1?api-version=2018-04-01
  response:
    body:
      string: '{"id":"\/subscriptions\/00000000-0000-0000-0000-000000000000\/resourceGroups\/cli_test_traffic_manager_subnet000001\/providers\/Microsoft.Network\/trafficManagerProfiles\/tm1","name":"tm1","type":"Microsoft.Network\/trafficManagerProfiles","location":"global","properties":{"profileStatus":"Enabled","trafficRoutingMethod":"Subnet","dnsConfig":{"relativeName":"testtm000002","fqdn":"testtm000002.trafficmanager.net","ttl":30},"monitorConfig":{"profileMonitorStatus":"Inactive","protocol":"HTTP","port":80,"path":"\/","intervalInSeconds":30,"toleratedNumberOfFailures":3,"timeoutInSeconds":10,"customHeaders":[{"name":"foo","value":"bar"}],"expectedStatusCodeRanges":[{"min":200,"max":202}]},"endpoints":[],"trafficViewEnrollmentStatus":"Disabled"}}'
    headers:
      cache-control:
      - private
      content-length:
      - '802'
      content-type:
      - application/json; charset=utf-8
      date:
      - Thu, 20 Aug 2020 08:37:33 GMT
      server:
      - Microsoft-IIS/10.0
      strict-transport-security:
      - max-age=31536000; includeSubDomains
      x-aspnet-version:
      - 4.0.30319
      x-content-type-options:
      - nosniff
      x-ms-ratelimit-remaining-subscription-resource-requests:
      - '10799'
      x-powered-by:
      - ASP.NET
    status:
      code: 201
      message: Created
- request:
    body: null
    headers:
      Accept:
      - application/json
      Accept-Encoding:
      - gzip, deflate
      CommandName:
      - network public-ip create
      Connection:
      - keep-alive
      ParameterSetName:
      - -g -n --dns-name --query
      User-Agent:
      - python/3.7.4 (Linux-4.15.0-112-generic-x86_64-with-debian-buster-sid) msrest/0.6.18
        msrest_azure/0.6.4 azure-mgmt-resource/10.2.0 Azure-SDK-For-Python AZURECLI/2.10.1
      accept-language:
      - en-US
    method: GET
    uri: https://management.azure.com/subscriptions/00000000-0000-0000-0000-000000000000/resourcegroups/cli_test_traffic_manager_subnet000001?api-version=2020-06-01
  response:
    body:
      string: '{"id":"/subscriptions/00000000-0000-0000-0000-000000000000/resourceGroups/cli_test_traffic_manager_subnet000001","name":"cli_test_traffic_manager_subnet000001","type":"Microsoft.Resources/resourceGroups","location":"westus","tags":{"product":"azurecli","cause":"automation","date":"2020-08-20T08:37:24Z","StorageType":"Standard_LRS"},"properties":{"provisioningState":"Succeeded"}}'
    headers:
      cache-control:
      - no-cache
      content-length:
      - '457'
      content-type:
      - application/json; charset=utf-8
      date:
      - Thu, 20 Aug 2020 08:37:32 GMT
      expires:
      - '-1'
      pragma:
      - no-cache
      strict-transport-security:
      - max-age=31536000; includeSubDomains
      vary:
      - Accept-Encoding
      x-content-type-options:
      - nosniff
    status:
      code: 200
      message: OK
- request:
    body: '{"location": "westus", "properties": {"publicIPAllocationMethod": "Dynamic",
      "publicIPAddressVersion": "IPv4", "dnsSettings": {"domainNameLabel": "testpip000003"},
      "idleTimeoutInMinutes": 4}}'
    headers:
      Accept:
      - application/json
      Accept-Encoding:
      - gzip, deflate
      CommandName:
      - network public-ip create
      Connection:
      - keep-alive
      Content-Length:
      - '198'
      Content-Type:
      - application/json; charset=utf-8
      ParameterSetName:
      - -g -n --dns-name --query
      User-Agent:
      - python/3.7.4 (Linux-4.15.0-112-generic-x86_64-with-debian-buster-sid) msrest/0.6.18
        msrest_azure/0.6.4 azure-mgmt-network/11.0.0 Azure-SDK-For-Python AZURECLI/2.10.1
      accept-language:
      - en-US
    method: PUT
    uri: https://management.azure.com/subscriptions/00000000-0000-0000-0000-000000000000/resourceGroups/cli_test_traffic_manager_subnet000001/providers/Microsoft.Network/publicIPAddresses/ip1?api-version=2020-06-01
  response:
    body:
      string: "{\r\n  \"name\": \"ip1\",\r\n  \"id\": \"/subscriptions/00000000-0000-0000-0000-000000000000/resourceGroups/cli_test_traffic_manager_subnet000001/providers/Microsoft.Network/publicIPAddresses/ip1\"\
        ,\r\n  \"etag\": \"W/\\\"ddeb0b4b-16d1-45a0-b600-fcb24cf4e801\\\"\",\r\n \
        \ \"location\": \"westus\",\r\n  \"properties\": {\r\n    \"provisioningState\"\
        : \"Updating\",\r\n    \"resourceGuid\": \"84e6ead7-f864-4ac8-bf15-ce389d48745f\"\
        ,\r\n    \"publicIPAddressVersion\": \"IPv4\",\r\n    \"publicIPAllocationMethod\"\
        : \"Dynamic\",\r\n    \"idleTimeoutInMinutes\": 4,\r\n    \"dnsSettings\"\
        : {\r\n      \"domainNameLabel\": \"testpip000003\",\r\n      \"fqdn\": \"\
        testpip000003.westus.cloudapp.azure.com\"\r\n    },\r\n    \"ipTags\": []\r\
        \n  },\r\n  \"type\": \"Microsoft.Network/publicIPAddresses\",\r\n  \"sku\"\
        : {\r\n    \"name\": \"Basic\"\r\n  }\r\n}"
    headers:
      azure-asyncnotification:
      - Enabled
      azure-asyncoperation:
      - https://management.azure.com/subscriptions/00000000-0000-0000-0000-000000000000/providers/Microsoft.Network/locations/westus/operations/6d7ed978-28a4-4768-b1d8-7e5e3ee76d33?api-version=2020-06-01
      cache-control:
      - no-cache
      content-length:
      - '798'
      content-type:
      - application/json; charset=utf-8
      date:
      - Thu, 20 Aug 2020 08:37:40 GMT
      expires:
      - '-1'
      pragma:
      - no-cache
      server:
      - Microsoft-HTTPAPI/2.0
      - Microsoft-HTTPAPI/2.0
      strict-transport-security:
      - max-age=31536000; includeSubDomains
      x-content-type-options:
      - nosniff
      x-ms-arm-service-request-id:
      - 6578d629-c786-44e1-b9dc-6c5df4a707b0
      x-ms-ratelimit-remaining-subscription-writes:
      - '1189'
    status:
      code: 201
      message: Created
- request:
    body: null
    headers:
      Accept:
      - application/json
      Accept-Encoding:
      - gzip, deflate
      CommandName:
      - network public-ip create
      Connection:
      - keep-alive
      ParameterSetName:
      - -g -n --dns-name --query
      User-Agent:
      - python/3.7.4 (Linux-4.15.0-112-generic-x86_64-with-debian-buster-sid) msrest/0.6.18
        msrest_azure/0.6.4 azure-mgmt-network/11.0.0 Azure-SDK-For-Python AZURECLI/2.10.1
    method: GET
    uri: https://management.azure.com/subscriptions/00000000-0000-0000-0000-000000000000/providers/Microsoft.Network/locations/westus/operations/6d7ed978-28a4-4768-b1d8-7e5e3ee76d33?api-version=2020-06-01
  response:
    body:
      string: "{\r\n  \"status\": \"Succeeded\"\r\n}"
    headers:
      cache-control:
      - no-cache
      content-length:
      - '29'
      content-type:
      - application/json; charset=utf-8
      date:
      - Thu, 20 Aug 2020 08:37:41 GMT
      expires:
      - '-1'
      pragma:
      - no-cache
      server:
      - Microsoft-HTTPAPI/2.0
      - Microsoft-HTTPAPI/2.0
      strict-transport-security:
      - max-age=31536000; includeSubDomains
      transfer-encoding:
      - chunked
      vary:
      - Accept-Encoding
      x-content-type-options:
      - nosniff
      x-ms-arm-service-request-id:
      - df3eabc4-88bf-4857-b6c5-e0f965836770
    status:
      code: 200
      message: OK
- request:
    body: null
    headers:
      Accept:
      - application/json
      Accept-Encoding:
      - gzip, deflate
      CommandName:
      - network public-ip create
      Connection:
      - keep-alive
      ParameterSetName:
      - -g -n --dns-name --query
      User-Agent:
      - python/3.7.4 (Linux-4.15.0-112-generic-x86_64-with-debian-buster-sid) msrest/0.6.18
        msrest_azure/0.6.4 azure-mgmt-network/11.0.0 Azure-SDK-For-Python AZURECLI/2.10.1
    method: GET
    uri: https://management.azure.com/subscriptions/00000000-0000-0000-0000-000000000000/resourceGroups/cli_test_traffic_manager_subnet000001/providers/Microsoft.Network/publicIPAddresses/ip1?api-version=2020-06-01
  response:
    body:
      string: "{\r\n  \"name\": \"ip1\",\r\n  \"id\": \"/subscriptions/00000000-0000-0000-0000-000000000000/resourceGroups/cli_test_traffic_manager_subnet000001/providers/Microsoft.Network/publicIPAddresses/ip1\"\
        ,\r\n  \"etag\": \"W/\\\"427d2c49-2fd0-4508-a60d-9e65a38ca522\\\"\",\r\n \
        \ \"location\": \"westus\",\r\n  \"properties\": {\r\n    \"provisioningState\"\
        : \"Succeeded\",\r\n    \"resourceGuid\": \"84e6ead7-f864-4ac8-bf15-ce389d48745f\"\
        ,\r\n    \"publicIPAddressVersion\": \"IPv4\",\r\n    \"publicIPAllocationMethod\"\
        : \"Dynamic\",\r\n    \"idleTimeoutInMinutes\": 4,\r\n    \"dnsSettings\"\
        : {\r\n      \"domainNameLabel\": \"testpip000003\",\r\n      \"fqdn\": \"\
        testpip000003.westus.cloudapp.azure.com\"\r\n    },\r\n    \"ipTags\": []\r\
        \n  },\r\n  \"type\": \"Microsoft.Network/publicIPAddresses\",\r\n  \"sku\"\
        : {\r\n    \"name\": \"Basic\"\r\n  }\r\n}"
    headers:
      cache-control:
      - no-cache
      content-length:
      - '799'
      content-type:
      - application/json; charset=utf-8
      date:
      - Thu, 20 Aug 2020 08:37:42 GMT
      etag:
      - W/"427d2c49-2fd0-4508-a60d-9e65a38ca522"
      expires:
      - '-1'
      pragma:
      - no-cache
      server:
      - Microsoft-HTTPAPI/2.0
      - Microsoft-HTTPAPI/2.0
      strict-transport-security:
      - max-age=31536000; includeSubDomains
      transfer-encoding:
      - chunked
      vary:
      - Accept-Encoding
      x-content-type-options:
      - nosniff
      x-ms-arm-service-request-id:
      - 6a0f0923-3289-4af2-9754-ca3b3199ca08
    status:
      code: 200
      message: OK
- request:
    body: null
    headers:
      Accept:
      - application/json
      Accept-Encoding:
      - gzip, deflate
      CommandName:
      - network traffic-manager profile update
      Connection:
      - keep-alive
      ParameterSetName:
      - -n -g --status-code-ranges --custom-headers
      User-Agent:
      - python/3.7.4 (Linux-4.15.0-112-generic-x86_64-with-debian-buster-sid) msrest/0.6.18
        msrest_azure/0.6.4 azure-mgmt-trafficmanager/0.51.0 Azure-SDK-For-Python AZURECLI/2.10.1
      accept-language:
      - en-US
    method: GET
    uri: https://management.azure.com/subscriptions/00000000-0000-0000-0000-000000000000/resourceGroups/cli_test_traffic_manager_subnet000001/providers/Microsoft.Network/trafficmanagerprofiles/tm1?api-version=2018-04-01
  response:
    body:
      string: '{"id":"\/subscriptions\/00000000-0000-0000-0000-000000000000\/resourceGroups\/cli_test_traffic_manager_subnet000001\/providers\/Microsoft.Network\/trafficManagerProfiles\/tm1","name":"tm1","type":"Microsoft.Network\/trafficManagerProfiles","location":"global","tags":{},"properties":{"profileStatus":"Enabled","trafficRoutingMethod":"Subnet","dnsConfig":{"relativeName":"testtm000002","fqdn":"testtm000002.trafficmanager.net","ttl":30},"monitorConfig":{"profileMonitorStatus":"Inactive","protocol":"HTTP","port":80,"path":"\/","intervalInSeconds":30,"toleratedNumberOfFailures":3,"timeoutInSeconds":10,"customHeaders":[{"name":"foo","value":"bar"}],"expectedStatusCodeRanges":[{"min":200,"max":202}]},"endpoints":[],"trafficViewEnrollmentStatus":"Disabled"}}'
    headers:
      cache-control:
      - private
      content-length:
      - '812'
      content-type:
      - application/json; charset=utf-8
      date:
      - Thu, 20 Aug 2020 08:37:42 GMT
      server:
      - Microsoft-IIS/10.0
      strict-transport-security:
      - max-age=31536000; includeSubDomains
      transfer-encoding:
      - chunked
      vary:
      - Accept-Encoding
      x-aspnet-version:
      - 4.0.30319
      x-content-type-options:
      - nosniff
      x-ms-ratelimit-remaining-subscription-resource-requests:
      - '10799'
      x-powered-by:
      - ASP.NET
    status:
      code: 200
      message: OK
- request:
    body: '{"id": "/subscriptions/00000000-0000-0000-0000-000000000000/resourceGroups/cli_test_traffic_manager_subnet000001/providers/Microsoft.Network/trafficManagerProfiles/tm1",
      "name": "tm1", "type": "Microsoft.Network/trafficManagerProfiles", "tags": {},
      "location": "global", "properties": {"profileStatus": "Enabled", "trafficRoutingMethod":
      "Subnet", "dnsConfig": {"relativeName": "testtm000002", "ttl": 30}, "monitorConfig":
      {"profileMonitorStatus": "Inactive", "protocol": "HTTP", "port": 80, "path":
      "/", "intervalInSeconds": 30, "timeoutInSeconds": 10, "toleratedNumberOfFailures":
      3, "customHeaders": [{"name": "foo", "value": "doo"}, {"name": "test", "value":
      "best"}], "expectedStatusCodeRanges": [{"min": 200, "max": 204}]}, "endpoints":
      [], "trafficViewEnrollmentStatus": "Disabled"}}'
    headers:
      Accept:
      - application/json
      Accept-Encoding:
      - gzip, deflate
      CommandName:
      - network traffic-manager profile update
      Connection:
      - keep-alive
      Content-Length:
      - '836'
      Content-Type:
      - application/json; charset=utf-8
      ParameterSetName:
      - -n -g --status-code-ranges --custom-headers
      User-Agent:
      - python/3.7.4 (Linux-4.15.0-112-generic-x86_64-with-debian-buster-sid) msrest/0.6.18
        msrest_azure/0.6.4 azure-mgmt-trafficmanager/0.51.0 Azure-SDK-For-Python AZURECLI/2.10.1
      accept-language:
      - en-US
    method: PUT
    uri: https://management.azure.com/subscriptions/00000000-0000-0000-0000-000000000000/resourceGroups/cli_test_traffic_manager_subnet000001/providers/Microsoft.Network/trafficmanagerprofiles/tm1?api-version=2018-04-01
  response:
    body:
      string: '{"id":"\/subscriptions\/00000000-0000-0000-0000-000000000000\/resourceGroups\/cli_test_traffic_manager_subnet000001\/providers\/Microsoft.Network\/trafficManagerProfiles\/tm1","name":"tm1","type":"Microsoft.Network\/trafficManagerProfiles","location":"global","tags":{},"properties":{"profileStatus":"Enabled","trafficRoutingMethod":"Subnet","dnsConfig":{"relativeName":"testtm000002","fqdn":"testtm000002.trafficmanager.net","ttl":30},"monitorConfig":{"profileMonitorStatus":"Inactive","protocol":"HTTP","port":80,"path":"\/","intervalInSeconds":30,"toleratedNumberOfFailures":3,"timeoutInSeconds":10,"customHeaders":[{"name":"foo","value":"doo"},{"name":"test","value":"best"}],"expectedStatusCodeRanges":[{"min":200,"max":204}]},"endpoints":[],"trafficViewEnrollmentStatus":"Disabled"}}'
    headers:
      cache-control:
      - private
      content-length:
      - '843'
      content-type:
      - application/json; charset=utf-8
      date:
      - Thu, 20 Aug 2020 08:37:46 GMT
      server:
      - Microsoft-IIS/10.0
      strict-transport-security:
      - max-age=31536000; includeSubDomains
      transfer-encoding:
      - chunked
      vary:
      - Accept-Encoding
      x-aspnet-version:
      - 4.0.30319
      x-content-type-options:
      - nosniff
      x-ms-ratelimit-remaining-subscription-resource-requests:
      - '10799'
      x-powered-by:
      - ASP.NET
    status:
      code: 200
      message: OK
- request:
    body: null
    headers:
      Accept:
      - application/json
      Accept-Encoding:
      - gzip, deflate
      CommandName:
      - network traffic-manager endpoint create
      Connection:
      - keep-alive
      ParameterSetName:
      - -n --profile-name -g --type --target-resource-id --subnets --custom-headers
      User-Agent:
      - python/3.7.4 (Linux-4.15.0-112-generic-x86_64-with-debian-buster-sid) msrest/0.6.18
        msrest_azure/0.6.4 azure-mgmt-trafficmanager/0.51.0 Azure-SDK-For-Python AZURECLI/2.10.1
      accept-language:
      - en-US
    method: GET
    uri: https://management.azure.com/subscriptions/00000000-0000-0000-0000-000000000000/resourceGroups/cli_test_traffic_manager_subnet000001/providers/Microsoft.Network/trafficmanagerprofiles/tm1?api-version=2018-04-01
  response:
    body:
      string: '{"id":"\/subscriptions\/00000000-0000-0000-0000-000000000000\/resourceGroups\/cli_test_traffic_manager_subnet000001\/providers\/Microsoft.Network\/trafficManagerProfiles\/tm1","name":"tm1","type":"Microsoft.Network\/trafficManagerProfiles","location":"global","tags":{},"properties":{"profileStatus":"Enabled","trafficRoutingMethod":"Subnet","dnsConfig":{"relativeName":"testtm000002","fqdn":"testtm000002.trafficmanager.net","ttl":30},"monitorConfig":{"profileMonitorStatus":"Inactive","protocol":"HTTP","port":80,"path":"\/","intervalInSeconds":30,"toleratedNumberOfFailures":3,"timeoutInSeconds":10,"customHeaders":[{"name":"foo","value":"doo"},{"name":"test","value":"best"}],"expectedStatusCodeRanges":[{"min":200,"max":204}]},"endpoints":[],"trafficViewEnrollmentStatus":"Disabled"}}'
    headers:
      cache-control:
      - private
      content-length:
      - '843'
      content-type:
      - application/json; charset=utf-8
      date:
      - Thu, 20 Aug 2020 08:37:47 GMT
      server:
      - Microsoft-IIS/10.0
      strict-transport-security:
      - max-age=31536000; includeSubDomains
      transfer-encoding:
      - chunked
      vary:
      - Accept-Encoding
      x-aspnet-version:
      - 4.0.30319
      x-content-type-options:
      - nosniff
      x-ms-ratelimit-remaining-subscription-resource-requests:
      - '10799'
      x-powered-by:
      - ASP.NET
    status:
      code: 200
      message: OK
- request:
    body: '{"properties": {"targetResourceId": "/subscriptions/00000000-0000-0000-0000-000000000000/resourceGroups/cli_test_traffic_manager_subnet000001/providers/Microsoft.Network/publicIPAddresses/ip1",
      "subnets": [{"first": "10.0.0.0"}], "customHeaders": [{"name": "test", "value":
      "best"}]}}'
    headers:
      Accept:
      - application/json
      Accept-Encoding:
      - gzip, deflate
      CommandName:
      - network traffic-manager endpoint create
      Connection:
      - keep-alive
      Content-Length:
      - '322'
      Content-Type:
      - application/json; charset=utf-8
      ParameterSetName:
      - -n --profile-name -g --type --target-resource-id --subnets --custom-headers
      User-Agent:
      - python/3.7.4 (Linux-4.15.0-112-generic-x86_64-with-debian-buster-sid) msrest/0.6.18
        msrest_azure/0.6.4 azure-mgmt-trafficmanager/0.51.0 Azure-SDK-For-Python AZURECLI/2.10.1
      accept-language:
      - en-US
    method: PUT
    uri: https://management.azure.com/subscriptions/00000000-0000-0000-0000-000000000000/resourceGroups/cli_test_traffic_manager_subnet000001/providers/Microsoft.Network/trafficmanagerprofiles/tm1/azureEndpoints/ep1?api-version=2018-04-01
  response:
    body:
      string: '{"id":"\/subscriptions\/00000000-0000-0000-0000-000000000000\/resourceGroups\/cli_test_traffic_manager_subnet000001\/providers\/Microsoft.Network\/trafficManagerProfiles\/tm1\/azureEndpoints\/ep1","name":"ep1","type":"Microsoft.Network\/trafficManagerProfiles\/azureEndpoints","properties":{"endpointStatus":"Enabled","endpointMonitorStatus":"CheckingEndpoint","targetResourceId":"\/subscriptions\/00000000-0000-0000-0000-000000000000\/resourceGroups\/cli_test_traffic_manager_subnet000001\/providers\/Microsoft.Network\/publicIPAddresses\/ip1","target":"testpip000003.westus.cloudapp.azure.com","weight":1,"priority":1,"endpointLocation":"West
        US","customHeaders":[{"name":"test","value":"best"}],"subnets":[{"first":"10.0.0.0"}]}}'
    headers:
      cache-control:
      - private
      content-length:
      - '815'
      content-type:
      - application/json; charset=utf-8
      date:
      - Thu, 20 Aug 2020 08:37:48 GMT
      server:
      - Microsoft-IIS/10.0
      strict-transport-security:
      - max-age=31536000; includeSubDomains
      x-aspnet-version:
      - 4.0.30319
      x-content-type-options:
      - nosniff
      x-ms-ratelimit-remaining-subscription-writes:
      - '1189'
      x-powered-by:
      - ASP.NET
    status:
      code: 201
      message: Created
- request:
    body: null
    headers:
      Accept:
      - application/json
      Accept-Encoding:
      - gzip, deflate
      CommandName:
      - network traffic-manager endpoint update
      Connection:
      - keep-alive
      ParameterSetName:
      - -n --type --profile-name -g --subnets
      User-Agent:
      - python/3.7.4 (Linux-4.15.0-112-generic-x86_64-with-debian-buster-sid) msrest/0.6.18
        msrest_azure/0.6.4 azure-mgmt-trafficmanager/0.51.0 Azure-SDK-For-Python AZURECLI/2.10.1
      accept-language:
      - en-US
    method: GET
    uri: https://management.azure.com/subscriptions/00000000-0000-0000-0000-000000000000/resourceGroups/cli_test_traffic_manager_subnet000001/providers/Microsoft.Network/trafficmanagerprofiles/tm1/azureEndpoints/ep1?api-version=2018-04-01
  response:
    body:
      string: '{"id":"\/subscriptions\/00000000-0000-0000-0000-000000000000\/resourceGroups\/cli_test_traffic_manager_subnet000001\/providers\/Microsoft.Network\/trafficManagerProfiles\/tm1\/azureEndpoints\/ep1","name":"ep1","type":"Microsoft.Network\/trafficManagerProfiles\/azureEndpoints","properties":{"endpointStatus":"Enabled","endpointMonitorStatus":"CheckingEndpoint","targetResourceId":"\/subscriptions\/00000000-0000-0000-0000-000000000000\/resourceGroups\/cli_test_traffic_manager_subnet000001\/providers\/Microsoft.Network\/publicIPAddresses\/ip1","target":"testpip000003.westus.cloudapp.azure.com","weight":1,"priority":1,"endpointLocation":"West
        US","customHeaders":[{"name":"test","value":"best"}],"subnets":[{"first":"10.0.0.0"}]}}'
    headers:
      cache-control:
      - private
      content-length:
      - '815'
      content-type:
      - application/json; charset=utf-8
      date:
      - Thu, 20 Aug 2020 08:37:49 GMT
      server:
      - Microsoft-IIS/10.0
      strict-transport-security:
      - max-age=31536000; includeSubDomains
      transfer-encoding:
      - chunked
      vary:
      - Accept-Encoding
      x-aspnet-version:
      - 4.0.30319
      x-content-type-options:
      - nosniff
      x-powered-by:
      - ASP.NET
    status:
      code: 200
      message: OK
- request:
    body: '{"id": "/subscriptions/00000000-0000-0000-0000-000000000000/resourceGroups/cli_test_traffic_manager_subnet000001/providers/Microsoft.Network/trafficManagerProfiles/tm1/azureEndpoints/ep1",
      "name": "ep1", "type": "Microsoft.Network/trafficManagerProfiles/azureEndpoints",
      "properties": {"targetResourceId": "/subscriptions/00000000-0000-0000-0000-000000000000/resourceGroups/cli_test_traffic_manager_subnet000001/providers/Microsoft.Network/publicIPAddresses/ip1",
      "target": "testpip000003.westus.cloudapp.azure.com", "endpointStatus": "Enabled",
      "weight": 1, "priority": 1, "endpointLocation": "West US", "endpointMonitorStatus":
      "CheckingEndpoint", "subnets": [{"first": "10.0.0.0", "scope": 24}], "customHeaders":
      [{"name": "test", "value": "best"}]}}'
    headers:
      Accept:
      - application/json
      Accept-Encoding:
      - gzip, deflate
      CommandName:
      - network traffic-manager endpoint update
      Connection:
      - keep-alive
      Content-Length:
      - '836'
      Content-Type:
      - application/json; charset=utf-8
      ParameterSetName:
      - -n --type --profile-name -g --subnets
      User-Agent:
      - python/3.7.4 (Linux-4.15.0-112-generic-x86_64-with-debian-buster-sid) msrest/0.6.18
        msrest_azure/0.6.4 azure-mgmt-trafficmanager/0.51.0 Azure-SDK-For-Python AZURECLI/2.10.1
      accept-language:
      - en-US
    method: PUT
    uri: https://management.azure.com/subscriptions/00000000-0000-0000-0000-000000000000/resourceGroups/cli_test_traffic_manager_subnet000001/providers/Microsoft.Network/trafficmanagerprofiles/tm1/azureEndpoints/ep1?api-version=2018-04-01
  response:
    body:
      string: '{"id":"\/subscriptions\/00000000-0000-0000-0000-000000000000\/resourceGroups\/cli_test_traffic_manager_subnet000001\/providers\/Microsoft.Network\/trafficManagerProfiles\/tm1\/azureEndpoints\/ep1","name":"ep1","type":"Microsoft.Network\/trafficManagerProfiles\/azureEndpoints","properties":{"endpointStatus":"Enabled","endpointMonitorStatus":"CheckingEndpoint","targetResourceId":"\/subscriptions\/00000000-0000-0000-0000-000000000000\/resourceGroups\/cli_test_traffic_manager_subnet000001\/providers\/Microsoft.Network\/publicIPAddresses\/ip1","target":"testpip000003.westus.cloudapp.azure.com","weight":1,"priority":1,"endpointLocation":"West
        US","customHeaders":[{"name":"test","value":"best"}],"subnets":[{"first":"10.0.0.0","scope":24}]}}'
    headers:
      cache-control:
      - private
      content-length:
      - '826'
      content-type:
      - application/json; charset=utf-8
      date:
      - Thu, 20 Aug 2020 08:37:49 GMT
      server:
      - Microsoft-IIS/10.0
      strict-transport-security:
      - max-age=31536000; includeSubDomains
      x-aspnet-version:
      - 4.0.30319
      x-content-type-options:
      - nosniff
      x-ms-ratelimit-remaining-subscription-writes:
      - '1192'
      x-powered-by:
      - ASP.NET
    status:
      code: 201
      message: Created
- request:
    body: null
    headers:
      Accept:
      - application/json
      Accept-Encoding:
      - gzip, deflate
      CommandName:
      - network traffic-manager endpoint update
      Connection:
      - keep-alive
      ParameterSetName:
      - -n --type --profile-name -g --subnets
      User-Agent:
      - python/3.7.4 (Linux-4.15.0-112-generic-x86_64-with-debian-buster-sid) msrest/0.6.18
        msrest_azure/0.6.4 azure-mgmt-trafficmanager/0.51.0 Azure-SDK-For-Python AZURECLI/2.10.1
      accept-language:
      - en-US
    method: GET
    uri: https://management.azure.com/subscriptions/00000000-0000-0000-0000-000000000000/resourceGroups/cli_test_traffic_manager_subnet000001/providers/Microsoft.Network/trafficmanagerprofiles/tm1/azureEndpoints/ep1?api-version=2018-04-01
  response:
    body:
      string: '{"id":"\/subscriptions\/00000000-0000-0000-0000-000000000000\/resourceGroups\/cli_test_traffic_manager_subnet000001\/providers\/Microsoft.Network\/trafficManagerProfiles\/tm1\/azureEndpoints\/ep1","name":"ep1","type":"Microsoft.Network\/trafficManagerProfiles\/azureEndpoints","properties":{"endpointStatus":"Enabled","endpointMonitorStatus":"CheckingEndpoint","targetResourceId":"\/subscriptions\/00000000-0000-0000-0000-000000000000\/resourceGroups\/cli_test_traffic_manager_subnet000001\/providers\/Microsoft.Network\/publicIPAddresses\/ip1","target":"testpip000003.westus.cloudapp.azure.com","weight":1,"priority":1,"endpointLocation":"West
        US","customHeaders":[{"name":"test","value":"best"}],"subnets":[{"first":"10.0.0.0","scope":24}]}}'
    headers:
      cache-control:
      - private
      content-length:
      - '826'
      content-type:
      - application/json; charset=utf-8
      date:
      - Thu, 20 Aug 2020 08:37:51 GMT
      server:
      - Microsoft-IIS/10.0
      strict-transport-security:
      - max-age=31536000; includeSubDomains
      transfer-encoding:
      - chunked
      vary:
      - Accept-Encoding
      x-aspnet-version:
      - 4.0.30319
      x-content-type-options:
      - nosniff
      x-powered-by:
      - ASP.NET
    status:
      code: 200
      message: OK
- request:
    body: '{"id": "/subscriptions/00000000-0000-0000-0000-000000000000/resourceGroups/cli_test_traffic_manager_subnet000001/providers/Microsoft.Network/trafficManagerProfiles/tm1/azureEndpoints/ep1",
      "name": "ep1", "type": "Microsoft.Network/trafficManagerProfiles/azureEndpoints",
      "properties": {"targetResourceId": "/subscriptions/00000000-0000-0000-0000-000000000000/resourceGroups/cli_test_traffic_manager_subnet000001/providers/Microsoft.Network/publicIPAddresses/ip1",
      "target": "testpip000003.westus.cloudapp.azure.com", "endpointStatus": "Enabled",
      "weight": 1, "priority": 1, "endpointLocation": "West US", "endpointMonitorStatus":
      "CheckingEndpoint", "subnets": [{"first": "10.0.0.0", "last": "11.0.0.0"}],
      "customHeaders": [{"name": "test", "value": "best"}]}}'
    headers:
      Accept:
      - application/json
      Accept-Encoding:
      - gzip, deflate
      CommandName:
      - network traffic-manager endpoint update
      Connection:
      - keep-alive
      Content-Length:
      - '843'
      Content-Type:
      - application/json; charset=utf-8
      ParameterSetName:
      - -n --type --profile-name -g --subnets
      User-Agent:
      - python/3.7.4 (Linux-4.15.0-112-generic-x86_64-with-debian-buster-sid) msrest/0.6.18
        msrest_azure/0.6.4 azure-mgmt-trafficmanager/0.51.0 Azure-SDK-For-Python AZURECLI/2.10.1
      accept-language:
      - en-US
    method: PUT
    uri: https://management.azure.com/subscriptions/00000000-0000-0000-0000-000000000000/resourceGroups/cli_test_traffic_manager_subnet000001/providers/Microsoft.Network/trafficmanagerprofiles/tm1/azureEndpoints/ep1?api-version=2018-04-01
  response:
    body:
      string: '{"id":"\/subscriptions\/00000000-0000-0000-0000-000000000000\/resourceGroups\/cli_test_traffic_manager_subnet000001\/providers\/Microsoft.Network\/trafficManagerProfiles\/tm1\/azureEndpoints\/ep1","name":"ep1","type":"Microsoft.Network\/trafficManagerProfiles\/azureEndpoints","properties":{"endpointStatus":"Enabled","endpointMonitorStatus":"CheckingEndpoint","targetResourceId":"\/subscriptions\/00000000-0000-0000-0000-000000000000\/resourceGroups\/cli_test_traffic_manager_subnet000001\/providers\/Microsoft.Network\/publicIPAddresses\/ip1","target":"testpip000003.westus.cloudapp.azure.com","weight":1,"priority":1,"endpointLocation":"West
        US","customHeaders":[{"name":"test","value":"best"}],"subnets":[{"first":"10.0.0.0","last":"11.0.0.0"}]}}'
    headers:
      cache-control:
      - private
      content-length:
      - '833'
      content-type:
      - application/json; charset=utf-8
      date:
      - Thu, 20 Aug 2020 08:37:52 GMT
      server:
      - Microsoft-IIS/10.0
      strict-transport-security:
      - max-age=31536000; includeSubDomains
      x-aspnet-version:
      - 4.0.30319
      x-content-type-options:
      - nosniff
      x-ms-ratelimit-remaining-subscription-writes:
      - '1189'
      x-powered-by:
      - ASP.NET
    status:
      code: 201
      message: Created
version: 1
