interactions:
- request:
    body: null
    headers:
      Accept:
      - application/json
      Accept-Encoding:
      - gzip, deflate
      CommandName:
      - network application-gateway waf-policy create
      Connection:
      - keep-alive
      ParameterSetName:
      - -g -n
      User-Agent:
      - AZURECLI/2.49.0 azsdk-python-azure-mgmt-resource/22.0.0 Python/3.9.5 (Windows-10-10.0.22621-SP0)
    method: GET
    uri: https://management.azure.com/subscriptions/00000000-0000-0000-0000-000000000000/resourcegroups/cli_test_app_gateway_waf_policy_setting_000001?api-version=2022-09-01
  response:
    body:
      string: '{"id":"/subscriptions/00000000-0000-0000-0000-000000000000/resourceGroups/cli_test_app_gateway_waf_policy_setting_000001","name":"cli_test_app_gateway_waf_policy_setting_000001","type":"Microsoft.Resources/resourceGroups","location":"westus","tags":{"product":"azurecli","cause":"automation","test":"test_network_app_gateway_waf_policy_setting","date":"2023-06-01T09:59:14Z","module":"network"},"properties":{"provisioningState":"Succeeded"}}'
    headers:
      cache-control:
      - no-cache
      content-length:
      - '442'
      content-type:
      - application/json; charset=utf-8
      date:
      - Thu, 01 Jun 2023 09:59:17 GMT
      expires:
      - '-1'
      pragma:
      - no-cache
      strict-transport-security:
      - max-age=31536000; includeSubDomains
      vary:
      - Accept-Encoding
      x-content-type-options:
      - nosniff
    status:
      code: 200
      message: OK
- request:
    body: '{"location": "westus", "properties": {"managedRules": {"managedRuleSets":
      [{"ruleSetType": "OWASP", "ruleSetVersion": "3.0"}]}}}'
    headers:
      Accept:
      - application/json
      Accept-Encoding:
      - gzip, deflate
      CommandName:
      - network application-gateway waf-policy create
      Connection:
      - keep-alive
      Content-Length:
      - '128'
      Content-Type:
      - application/json
      ParameterSetName:
      - -g -n
      User-Agent:
      - AZURECLI/2.49.0 (AAZ) azsdk-python-core/1.26.0 Python/3.9.5 (Windows-10-10.0.22621-SP0)
    method: PUT
    uri: https://management.azure.com/subscriptions/00000000-0000-0000-0000-000000000000/resourceGroups/cli_test_app_gateway_waf_policy_setting_000001/providers/Microsoft.Network/ApplicationGatewayWebApplicationFirewallPolicies/agp1?api-version=2022-11-01
  response:
    body:
      string: '{"name":"agp1","id":"/subscriptions/00000000-0000-0000-0000-000000000000/resourceGroups/cli_test_app_gateway_waf_policy_setting_000001/providers/Microsoft.Network/ApplicationGatewayWebApplicationFirewallPolicies/agp1","etag":"W/\"ddc1ce64-f911-461c-ac73-8d6918d9858b\"","type":"Microsoft.Network/ApplicationGatewayWebApplicationFirewallPolicies","location":"westus","properties":{"provisioningState":"Updating","customRules":[],"policySettings":{"requestBodyCheck":true,"maxRequestBodySizeInKb":128,"fileUploadLimitInMb":100,"state":"Disabled","mode":"Detection","requestBodyInspectLimitInKB":128,"fileUploadEnforcement":true,"requestBodyEnforcement":true},"managedRules":{"managedRuleSets":[{"ruleSetType":"OWASP","ruleSetVersion":"3.0","ruleGroupOverrides":[]}],"exclusions":[]}}}'
    headers:
      azure-asyncnotification:
      - Enabled
      azure-asyncoperation:
      - https://management.azure.com/subscriptions/00000000-0000-0000-0000-000000000000/providers/Microsoft.Network/locations/westus/operations/6df12d23-9fd9-469b-9cb5-dc697b042e9e?api-version=2022-11-01
      cache-control:
      - no-cache
      content-length:
      - '782'
      content-type:
      - application/json; charset=utf-8
      date:
      - Thu, 01 Jun 2023 09:59:22 GMT
      expires:
      - '-1'
      pragma:
      - no-cache
      server:
      - Microsoft-HTTPAPI/2.0
      - Microsoft-HTTPAPI/2.0
      strict-transport-security:
      - max-age=31536000; includeSubDomains
      x-content-type-options:
      - nosniff
      x-ms-arm-service-request-id:
      - d2657b2e-5a7c-471d-9d92-52137bfb3656
      x-ms-ratelimit-remaining-subscription-writes:
      - '1199'
    status:
      code: 201
      message: Created
- request:
    body: null
    headers:
      Accept:
      - application/json
      Accept-Encoding:
      - gzip, deflate
      CommandName:
      - network application-gateway waf-policy managed-rule rule-set update
      Connection:
      - keep-alive
      ParameterSetName:
      - -g --policy-name --type --version --group-name --rule --rule
      User-Agent:
      - AZURECLI/2.49.0 (AAZ) azsdk-python-core/1.26.0 Python/3.9.5 (Windows-10-10.0.22621-SP0)
    method: GET
    uri: https://management.azure.com/subscriptions/00000000-0000-0000-0000-000000000000/resourceGroups/cli_test_app_gateway_waf_policy_setting_000001/providers/Microsoft.Network/ApplicationGatewayWebApplicationFirewallPolicies/agp1?api-version=2022-11-01
  response:
    body:
      string: '{"name":"agp1","id":"/subscriptions/00000000-0000-0000-0000-000000000000/resourceGroups/cli_test_app_gateway_waf_policy_setting_000001/providers/Microsoft.Network/ApplicationGatewayWebApplicationFirewallPolicies/agp1","etag":"W/\"d7f7646e-c4fb-4256-a3f5-59a4888c5c46\"","type":"Microsoft.Network/ApplicationGatewayWebApplicationFirewallPolicies","location":"westus","properties":{"provisioningState":"Succeeded","customRules":[],"policySettings":{"requestBodyCheck":true,"maxRequestBodySizeInKb":128,"fileUploadLimitInMb":100,"state":"Disabled","mode":"Detection","requestBodyInspectLimitInKB":128,"fileUploadEnforcement":true,"requestBodyEnforcement":true},"managedRules":{"managedRuleSets":[{"ruleSetType":"OWASP","ruleSetVersion":"3.0","ruleGroupOverrides":[]}],"exclusions":[]}}}'
    headers:
      cache-control:
      - no-cache
      content-length:
      - '783'
      content-type:
      - application/json; charset=utf-8
      date:
      - Thu, 01 Jun 2023 09:59:23 GMT
      etag:
      - W/"d7f7646e-c4fb-4256-a3f5-59a4888c5c46"
      expires:
      - '-1'
      pragma:
      - no-cache
      server:
      - Microsoft-HTTPAPI/2.0
      - Microsoft-HTTPAPI/2.0
      strict-transport-security:
      - max-age=31536000; includeSubDomains
      transfer-encoding:
      - chunked
      vary:
      - Accept-Encoding
      x-content-type-options:
      - nosniff
      x-ms-arm-service-request-id:
      - 6f198a03-94f3-47e6-83ae-30bd820f41bf
    status:
      code: 200
      message: OK
- request:
    body: '{"id": "/subscriptions/00000000-0000-0000-0000-000000000000/resourceGroups/cli_test_app_gateway_waf_policy_setting_000001/providers/Microsoft.Network/ApplicationGatewayWebApplicationFirewallPolicies/agp1",
      "location": "westus", "properties": {"customRules": [], "managedRules": {"exclusions":
      [], "managedRuleSets": [{"ruleGroupOverrides": [{"ruleGroupName": "REQUEST-931-APPLICATION-ATTACK-RFI",
      "rules": [{"action": "Log", "ruleId": "931120", "state": "Enabled"}, {"action":
      "AnomalyScoring", "ruleId": "931130", "state": "Disabled"}]}], "ruleSetType":
      "OWASP", "ruleSetVersion": "3.2"}]}, "policySettings": {"fileUploadEnforcement":
      true, "fileUploadLimitInMb": 100, "maxRequestBodySizeInKb": 128, "mode": "Detection",
      "requestBodyCheck": true, "requestBodyEnforcement": true, "requestBodyInspectLimitInKB":
      128, "state": "Disabled"}}}'
    headers:
      Accept:
      - application/json
      Accept-Encoding:
      - gzip, deflate
      CommandName:
      - network application-gateway waf-policy managed-rule rule-set update
      Connection:
      - keep-alive
      Content-Length:
      - '838'
      Content-Type:
      - application/json
      ParameterSetName:
      - -g --policy-name --type --version --group-name --rule --rule
      User-Agent:
      - AZURECLI/2.49.0 (AAZ) azsdk-python-core/1.26.0 Python/3.9.5 (Windows-10-10.0.22621-SP0)
    method: PUT
    uri: https://management.azure.com/subscriptions/00000000-0000-0000-0000-000000000000/resourceGroups/cli_test_app_gateway_waf_policy_setting_000001/providers/Microsoft.Network/ApplicationGatewayWebApplicationFirewallPolicies/agp1?api-version=2022-11-01
  response:
    body:
      string: '{"name":"agp1","id":"/subscriptions/00000000-0000-0000-0000-000000000000/resourceGroups/cli_test_app_gateway_waf_policy_setting_000001/providers/Microsoft.Network/ApplicationGatewayWebApplicationFirewallPolicies/agp1","etag":"W/\"bd6bc72e-0932-4247-aebb-9808f771aa49\"","type":"Microsoft.Network/ApplicationGatewayWebApplicationFirewallPolicies","location":"westus","properties":{"provisioningState":"Updating","customRules":[],"policySettings":{"requestBodyCheck":true,"maxRequestBodySizeInKb":128,"fileUploadLimitInMb":100,"state":"Disabled","mode":"Detection","requestBodyInspectLimitInKB":128,"fileUploadEnforcement":true,"requestBodyEnforcement":true},"managedRules":{"managedRuleSets":[{"ruleSetType":"OWASP","ruleSetVersion":"3.2","ruleGroupOverrides":[{"ruleGroupName":"REQUEST-931-APPLICATION-ATTACK-RFI","rules":[{"ruleId":"931120","state":"Enabled","action":"Log"},{"ruleId":"931130","state":"Disabled","action":"AnomalyScoring"}]}]}],"exclusions":[]}}}'
    headers:
      azure-asyncnotification:
      - Enabled
      azure-asyncoperation:
      - https://management.azure.com/subscriptions/00000000-0000-0000-0000-000000000000/providers/Microsoft.Network/locations/westus/operations/943debe6-546a-42af-afa5-e5b363b59218?api-version=2022-11-01
      cache-control:
      - no-cache
      content-length:
      - '964'
      content-type:
      - application/json; charset=utf-8
      date:
      - Thu, 01 Jun 2023 09:59:24 GMT
      expires:
      - '-1'
      pragma:
      - no-cache
      server:
      - Microsoft-HTTPAPI/2.0
      - Microsoft-HTTPAPI/2.0
      strict-transport-security:
      - max-age=31536000; includeSubDomains
      transfer-encoding:
      - chunked
      vary:
      - Accept-Encoding
      x-content-type-options:
      - nosniff
      x-ms-arm-service-request-id:
      - c4051973-c113-4224-b9f2-0ea936140b9c
      x-ms-ratelimit-remaining-subscription-writes:
      - '1199'
    status:
      code: 200
      message: OK
- request:
    body: null
    headers:
      Accept:
      - application/json
      Accept-Encoding:
      - gzip, deflate
      CommandName:
      - network application-gateway waf-policy policy-setting update
      Connection:
      - keep-alive
      ParameterSetName:
      - -g --policy-name --state --file-upload-limit-in-mb --mode
      User-Agent:
      - AZURECLI/2.49.0 (AAZ) azsdk-python-core/1.26.0 Python/3.9.5 (Windows-10-10.0.22621-SP0)
    method: GET
    uri: https://management.azure.com/subscriptions/00000000-0000-0000-0000-000000000000/resourceGroups/cli_test_app_gateway_waf_policy_setting_000001/providers/Microsoft.Network/ApplicationGatewayWebApplicationFirewallPolicies/agp1?api-version=2022-11-01
  response:
    body:
      string: '{"name":"agp1","id":"/subscriptions/00000000-0000-0000-0000-000000000000/resourceGroups/cli_test_app_gateway_waf_policy_setting_000001/providers/Microsoft.Network/ApplicationGatewayWebApplicationFirewallPolicies/agp1","etag":"W/\"93c43f27-e133-43ef-9fdf-697959f50c78\"","type":"Microsoft.Network/ApplicationGatewayWebApplicationFirewallPolicies","location":"westus","properties":{"provisioningState":"Succeeded","customRules":[],"policySettings":{"requestBodyCheck":true,"maxRequestBodySizeInKb":128,"fileUploadLimitInMb":100,"state":"Disabled","mode":"Detection","requestBodyInspectLimitInKB":128,"fileUploadEnforcement":true,"requestBodyEnforcement":true},"managedRules":{"managedRuleSets":[{"ruleSetType":"OWASP","ruleSetVersion":"3.2","ruleGroupOverrides":[{"ruleGroupName":"REQUEST-931-APPLICATION-ATTACK-RFI","rules":[{"ruleId":"931120","state":"Enabled","action":"Log"},{"ruleId":"931130","state":"Disabled","action":"AnomalyScoring"}]}]}],"exclusions":[]}}}'
    headers:
      cache-control:
      - no-cache
      content-length:
      - '965'
      content-type:
      - application/json; charset=utf-8
      date:
      - Thu, 01 Jun 2023 09:59:26 GMT
      etag:
      - W/"93c43f27-e133-43ef-9fdf-697959f50c78"
      expires:
      - '-1'
      pragma:
      - no-cache
      server:
      - Microsoft-HTTPAPI/2.0
      - Microsoft-HTTPAPI/2.0
      strict-transport-security:
      - max-age=31536000; includeSubDomains
      transfer-encoding:
      - chunked
      vary:
      - Accept-Encoding
      x-content-type-options:
      - nosniff
      x-ms-arm-service-request-id:
      - 2da29a78-98aa-4159-9d5a-99f98eadd521
    status:
      code: 200
      message: OK
- request:
    body: '{"id": "/subscriptions/00000000-0000-0000-0000-000000000000/resourceGroups/cli_test_app_gateway_waf_policy_setting_000001/providers/Microsoft.Network/ApplicationGatewayWebApplicationFirewallPolicies/agp1",
      "location": "westus", "properties": {"customRules": [], "managedRules": {"exclusions":
      [], "managedRuleSets": [{"ruleGroupOverrides": [{"ruleGroupName": "REQUEST-931-APPLICATION-ATTACK-RFI",
      "rules": [{"action": "Log", "ruleId": "931120", "state": "Enabled"}, {"action":
      "AnomalyScoring", "ruleId": "931130", "state": "Disabled"}]}], "ruleSetType":
      "OWASP", "ruleSetVersion": "3.2"}]}, "policySettings": {"fileUploadEnforcement":
      true, "fileUploadLimitInMb": 64, "maxRequestBodySizeInKb": 128, "mode": "Prevention",
      "requestBodyCheck": false, "requestBodyEnforcement": true, "requestBodyInspectLimitInKB":
      128, "state": "Enabled"}}}'
    headers:
      Accept:
      - application/json
      Accept-Encoding:
      - gzip, deflate
      CommandName:
      - network application-gateway waf-policy policy-setting update
      Connection:
      - keep-alive
      Content-Length:
      - '838'
      Content-Type:
      - application/json
      ParameterSetName:
      - -g --policy-name --state --file-upload-limit-in-mb --mode
      User-Agent:
      - AZURECLI/2.49.0 (AAZ) azsdk-python-core/1.26.0 Python/3.9.5 (Windows-10-10.0.22621-SP0)
    method: PUT
    uri: https://management.azure.com/subscriptions/00000000-0000-0000-0000-000000000000/resourceGroups/cli_test_app_gateway_waf_policy_setting_000001/providers/Microsoft.Network/ApplicationGatewayWebApplicationFirewallPolicies/agp1?api-version=2022-11-01
  response:
    body:
      string: '{"name":"agp1","id":"/subscriptions/00000000-0000-0000-0000-000000000000/resourceGroups/cli_test_app_gateway_waf_policy_setting_000001/providers/Microsoft.Network/ApplicationGatewayWebApplicationFirewallPolicies/agp1","etag":"W/\"558f9f30-cf57-4ccb-b26d-60a9725d4a74\"","type":"Microsoft.Network/ApplicationGatewayWebApplicationFirewallPolicies","location":"westus","properties":{"provisioningState":"Updating","customRules":[],"policySettings":{"requestBodyCheck":false,"maxRequestBodySizeInKb":128,"fileUploadLimitInMb":64,"state":"Enabled","mode":"Prevention","requestBodyInspectLimitInKB":128,"fileUploadEnforcement":true,"requestBodyEnforcement":true},"managedRules":{"managedRuleSets":[{"ruleSetType":"OWASP","ruleSetVersion":"3.2","ruleGroupOverrides":[{"ruleGroupName":"REQUEST-931-APPLICATION-ATTACK-RFI","rules":[{"ruleId":"931120","state":"Enabled","action":"Log"},{"ruleId":"931130","state":"Disabled","action":"AnomalyScoring"}]}]}],"exclusions":[]}}}'
    headers:
      azure-asyncnotification:
      - Enabled
      azure-asyncoperation:
      - https://management.azure.com/subscriptions/00000000-0000-0000-0000-000000000000/providers/Microsoft.Network/locations/westus/operations/a1ddea39-0d92-4b7b-a9c9-0eda09a0ed7c?api-version=2022-11-01
      cache-control:
      - no-cache
      content-length:
      - '964'
      content-type:
      - application/json; charset=utf-8
      date:
      - Thu, 01 Jun 2023 09:59:27 GMT
      expires:
      - '-1'
      pragma:
      - no-cache
      server:
      - Microsoft-HTTPAPI/2.0
      - Microsoft-HTTPAPI/2.0
      strict-transport-security:
      - max-age=31536000; includeSubDomains
      transfer-encoding:
      - chunked
      vary:
      - Accept-Encoding
      x-content-type-options:
      - nosniff
      x-ms-arm-service-request-id:
      - 7c6b15c7-95f8-46b8-916d-5f7dd8822b5e
      x-ms-ratelimit-remaining-subscription-writes:
      - '1199'
    status:
      code: 200
      message: OK
version: 1
