interactions:
- request:
    body: null
    headers:
      Accept:
      - application/json
      Accept-Encoding:
      - gzip, deflate
      CommandName:
      - network application-gateway waf-policy create
      Connection:
      - keep-alive
      ParameterSetName:
      - -g -n
      User-Agent:
      - AZURECLI/2.43.0 azsdk-python-azure-mgmt-resource/21.1.0b1 Python/3.8.10 (Windows-10-10.0.19045-SP0)
    method: GET
    uri: https://management.azure.com/subscriptions/00000000-0000-0000-0000-000000000000/resourcegroups/cli_test_app_gateway_waf_custom_rule_000001?api-version=2021-04-01
  response:
    body:
      string: '{"id":"/subscriptions/00000000-0000-0000-0000-000000000000/resourceGroups/cli_test_app_gateway_waf_custom_rule_000001","name":"cli_test_app_gateway_waf_custom_rule_000001","type":"Microsoft.Resources/resourceGroups","location":"westus","tags":{"product":"azurecli","cause":"automation","date":"2022-12-13T09:46:22Z"},"properties":{"provisioningState":"Succeeded"}}'
    headers:
      cache-control:
      - no-cache
      content-length:
      - '364'
      content-type:
      - application/json; charset=utf-8
      date:
      - Tue, 13 Dec 2022 09:46:27 GMT
      expires:
      - '-1'
      pragma:
      - no-cache
      strict-transport-security:
      - max-age=31536000; includeSubDomains
      vary:
      - Accept-Encoding
      x-content-type-options:
      - nosniff
    status:
      code: 200
      message: OK
- request:
    body: '{"location": "westus", "properties": {"managedRules": {"managedRuleSets":
      [{"ruleSetType": "OWASP", "ruleSetVersion": "3.0"}]}}}'
    headers:
      Accept:
      - application/json
      Accept-Encoding:
      - gzip, deflate
      CommandName:
      - network application-gateway waf-policy create
      Connection:
      - keep-alive
      Content-Length:
      - '128'
      Content-Type:
      - application/json
      ParameterSetName:
      - -g -n
      User-Agent:
      - AZURECLI/2.43.0 (AAZ) azsdk-python-core/1.24.0 Python/3.8.10 (Windows-10-10.0.19045-SP0)
    method: PUT
    uri: https://management.azure.com/subscriptions/00000000-0000-0000-0000-000000000000/resourceGroups/cli_test_app_gateway_waf_custom_rule_000001/providers/Microsoft.Network/ApplicationGatewayWebApplicationFirewallPolicies/agp1?api-version=2022-05-01
  response:
    body:
      string: "{\r\n  \"name\": \"agp1\",\r\n  \"id\": \"/subscriptions/00000000-0000-0000-0000-000000000000/resourceGroups/cli_test_app_gateway_waf_custom_rule_000001/providers/Microsoft.Network/ApplicationGatewayWebApplicationFirewallPolicies/agp1\",\r\n
        \ \"etag\": \"W/\\\"ffc7b372-1cca-4d5e-af88-252b57950659\\\"\",\r\n  \"type\":
        \"Microsoft.Network/ApplicationGatewayWebApplicationFirewallPolicies\",\r\n
        \ \"location\": \"westus\",\r\n  \"properties\": {\r\n    \"provisioningState\":
        \"Updating\",\r\n    \"customRules\": [],\r\n    \"policySettings\": {\r\n
        \     \"requestBodyCheck\": true,\r\n      \"maxRequestBodySizeInKb\": 128,\r\n
        \     \"fileUploadLimitInMb\": 100,\r\n      \"state\": \"Disabled\",\r\n
        \     \"mode\": \"Detection\"\r\n    },\r\n    \"managedRules\": {\r\n      \"managedRuleSets\":
        [\r\n        {\r\n          \"ruleSetType\": \"OWASP\",\r\n          \"ruleSetVersion\":
        \"3.0\",\r\n          \"ruleGroupOverrides\": []\r\n        }\r\n      ],\r\n
        \     \"exclusions\": []\r\n    }\r\n  }\r\n}"
    headers:
      azure-asyncnotification:
      - Enabled
      azure-asyncoperation:
      - https://management.azure.com/subscriptions/00000000-0000-0000-0000-000000000000/providers/Microsoft.Network/locations/westus/operations/9738aba8-f3d3-4481-8a34-6f42068ab0d8?api-version=2022-05-01
      cache-control:
      - no-cache
      content-length:
      - '892'
      content-type:
      - application/json; charset=utf-8
      date:
      - Tue, 13 Dec 2022 09:46:32 GMT
      expires:
      - '-1'
      pragma:
      - no-cache
      server:
      - Microsoft-HTTPAPI/2.0
      - Microsoft-HTTPAPI/2.0
      strict-transport-security:
      - max-age=31536000; includeSubDomains
      x-content-type-options:
      - nosniff
      x-ms-arm-service-request-id:
      - dd621c08-404c-4eec-a783-d5c133718f67
      x-ms-ratelimit-remaining-subscription-writes:
      - '1199'
    status:
      code: 201
      message: ''
- request:
    body: null
    headers:
      Accept:
      - application/json
      Accept-Encoding:
      - gzip, deflate
      CommandName:
      - network application-gateway waf-policy show
      Connection:
      - keep-alive
      ParameterSetName:
      - -g -n
      User-Agent:
      - AZURECLI/2.43.0 (AAZ) azsdk-python-core/1.24.0 Python/3.8.10 (Windows-10-10.0.19045-SP0)
    method: GET
    uri: https://management.azure.com/subscriptions/00000000-0000-0000-0000-000000000000/resourceGroups/cli_test_app_gateway_waf_custom_rule_000001/providers/Microsoft.Network/ApplicationGatewayWebApplicationFirewallPolicies/agp1?api-version=2022-05-01
  response:
    body:
      string: "{\r\n  \"name\": \"agp1\",\r\n  \"id\": \"/subscriptions/00000000-0000-0000-0000-000000000000/resourceGroups/cli_test_app_gateway_waf_custom_rule_000001/providers/Microsoft.Network/ApplicationGatewayWebApplicationFirewallPolicies/agp1\",\r\n
        \ \"etag\": \"W/\\\"c8882f05-b677-42d7-a017-78bc378231bc\\\"\",\r\n  \"type\":
        \"Microsoft.Network/ApplicationGatewayWebApplicationFirewallPolicies\",\r\n
        \ \"location\": \"westus\",\r\n  \"properties\": {\r\n    \"provisioningState\":
        \"Succeeded\",\r\n    \"customRules\": [],\r\n    \"policySettings\": {\r\n
        \     \"requestBodyCheck\": true,\r\n      \"maxRequestBodySizeInKb\": 128,\r\n
        \     \"fileUploadLimitInMb\": 100,\r\n      \"state\": \"Disabled\",\r\n
        \     \"mode\": \"Detection\"\r\n    },\r\n    \"managedRules\": {\r\n      \"managedRuleSets\":
        [\r\n        {\r\n          \"ruleSetType\": \"OWASP\",\r\n          \"ruleSetVersion\":
        \"3.0\",\r\n          \"ruleGroupOverrides\": []\r\n        }\r\n      ],\r\n
        \     \"exclusions\": []\r\n    }\r\n  }\r\n}"
    headers:
      cache-control:
      - no-cache
      content-length:
      - '893'
      content-type:
      - application/json; charset=utf-8
      date:
      - Tue, 13 Dec 2022 09:46:33 GMT
      etag:
      - W/"c8882f05-b677-42d7-a017-78bc378231bc"
      expires:
      - '-1'
      pragma:
      - no-cache
      server:
      - Microsoft-HTTPAPI/2.0
      - Microsoft-HTTPAPI/2.0
      strict-transport-security:
      - max-age=31536000; includeSubDomains
      transfer-encoding:
      - chunked
      vary:
      - Accept-Encoding
      x-content-type-options:
      - nosniff
      x-ms-arm-service-request-id:
      - 08be0867-ebf3-4480-bead-c83b1360a7e8
    status:
      code: 200
      message: ''
- request:
    body: null
    headers:
      Accept:
      - application/json
      Accept-Encoding:
      - gzip, deflate
      CommandName:
      - network application-gateway waf-policy custom-rule create
      Connection:
      - keep-alive
      ParameterSetName:
      - -g --policy-name -n --priority --action --rule-type
      User-Agent:
      - AZURECLI/2.43.0 (AAZ) azsdk-python-core/1.24.0 Python/3.8.10 (Windows-10-10.0.19045-SP0)
    method: GET
    uri: https://management.azure.com/subscriptions/00000000-0000-0000-0000-000000000000/resourceGroups/cli_test_app_gateway_waf_custom_rule_000001/providers/Microsoft.Network/ApplicationGatewayWebApplicationFirewallPolicies/agp1?api-version=2022-05-01
  response:
    body:
      string: "{\r\n  \"name\": \"agp1\",\r\n  \"id\": \"/subscriptions/00000000-0000-0000-0000-000000000000/resourceGroups/cli_test_app_gateway_waf_custom_rule_000001/providers/Microsoft.Network/ApplicationGatewayWebApplicationFirewallPolicies/agp1\",\r\n
        \ \"etag\": \"W/\\\"c8882f05-b677-42d7-a017-78bc378231bc\\\"\",\r\n  \"type\":
        \"Microsoft.Network/ApplicationGatewayWebApplicationFirewallPolicies\",\r\n
        \ \"location\": \"westus\",\r\n  \"properties\": {\r\n    \"provisioningState\":
        \"Succeeded\",\r\n    \"customRules\": [],\r\n    \"policySettings\": {\r\n
        \     \"requestBodyCheck\": true,\r\n      \"maxRequestBodySizeInKb\": 128,\r\n
        \     \"fileUploadLimitInMb\": 100,\r\n      \"state\": \"Disabled\",\r\n
        \     \"mode\": \"Detection\"\r\n    },\r\n    \"managedRules\": {\r\n      \"managedRuleSets\":
        [\r\n        {\r\n          \"ruleSetType\": \"OWASP\",\r\n          \"ruleSetVersion\":
        \"3.0\",\r\n          \"ruleGroupOverrides\": []\r\n        }\r\n      ],\r\n
        \     \"exclusions\": []\r\n    }\r\n  }\r\n}"
    headers:
      cache-control:
      - no-cache
      content-length:
      - '893'
      content-type:
      - application/json; charset=utf-8
      date:
      - Tue, 13 Dec 2022 09:46:35 GMT
      etag:
      - W/"c8882f05-b677-42d7-a017-78bc378231bc"
      expires:
      - '-1'
      pragma:
      - no-cache
      server:
      - Microsoft-HTTPAPI/2.0
      - Microsoft-HTTPAPI/2.0
      strict-transport-security:
      - max-age=31536000; includeSubDomains
      transfer-encoding:
      - chunked
      vary:
      - Accept-Encoding
      x-content-type-options:
      - nosniff
      x-ms-arm-service-request-id:
      - f7fa2188-2e35-47a5-8452-845e2673e0f4
    status:
      code: 200
      message: ''
- request:
    body: '{"id": "/subscriptions/00000000-0000-0000-0000-000000000000/resourceGroups/cli_test_app_gateway_waf_custom_rule_000001/providers/Microsoft.Network/ApplicationGatewayWebApplicationFirewallPolicies/agp1",
      "location": "westus", "properties": {"customRules": [{"action": "Log", "matchConditions":
      [], "name": "rule1", "priority": 50, "ruleType": "MatchRule"}], "managedRules":
      {"exclusions": [], "managedRuleSets": [{"ruleGroupOverrides": [], "ruleSetType":
      "OWASP", "ruleSetVersion": "3.0"}]}, "policySettings": {"fileUploadLimitInMb":
      100, "maxRequestBodySizeInKb": 128, "mode": "Detection", "requestBodyCheck":
      true, "state": "Disabled"}}}'
    headers:
      Accept:
      - application/json
      Accept-Encoding:
      - gzip, deflate
      CommandName:
      - network application-gateway waf-policy custom-rule create
      Connection:
      - keep-alive
      Content-Length:
      - '638'
      Content-Type:
      - application/json
      ParameterSetName:
      - -g --policy-name -n --priority --action --rule-type
      User-Agent:
      - AZURECLI/2.43.0 (AAZ) azsdk-python-core/1.24.0 Python/3.8.10 (Windows-10-10.0.19045-SP0)
    method: PUT
    uri: https://management.azure.com/subscriptions/00000000-0000-0000-0000-000000000000/resourceGroups/cli_test_app_gateway_waf_custom_rule_000001/providers/Microsoft.Network/ApplicationGatewayWebApplicationFirewallPolicies/agp1?api-version=2022-05-01
  response:
    body:
      string: "{\r\n  \"name\": \"agp1\",\r\n  \"id\": \"/subscriptions/00000000-0000-0000-0000-000000000000/resourceGroups/cli_test_app_gateway_waf_custom_rule_000001/providers/Microsoft.Network/ApplicationGatewayWebApplicationFirewallPolicies/agp1\",\r\n
        \ \"etag\": \"W/\\\"817920ff-4a43-4896-8370-1a4c389d9757\\\"\",\r\n  \"type\":
        \"Microsoft.Network/ApplicationGatewayWebApplicationFirewallPolicies\",\r\n
        \ \"location\": \"westus\",\r\n  \"properties\": {\r\n    \"provisioningState\":
        \"Updating\",\r\n    \"customRules\": [\r\n      {\r\n        \"name\": \"rule1\",\r\n
        \       \"priority\": 50,\r\n        \"ruleType\": \"MatchRule\",\r\n        \"action\":
        \"Log\",\r\n        \"matchConditions\": [],\r\n        \"skippedManagedRuleSets\":
        []\r\n      }\r\n    ],\r\n    \"policySettings\": {\r\n      \"requestBodyCheck\":
        true,\r\n      \"maxRequestBodySizeInKb\": 128,\r\n      \"fileUploadLimitInMb\":
        100,\r\n      \"state\": \"Disabled\",\r\n      \"mode\": \"Detection\"\r\n
        \   },\r\n    \"managedRules\": {\r\n      \"managedRuleSets\": [\r\n        {\r\n
        \         \"ruleSetType\": \"OWASP\",\r\n          \"ruleSetVersion\": \"3.0\",\r\n
        \         \"ruleGroupOverrides\": []\r\n        }\r\n      ],\r\n      \"exclusions\":
        []\r\n    }\r\n  }\r\n}"
    headers:
      azure-asyncnotification:
      - Enabled
      azure-asyncoperation:
      - https://management.azure.com/subscriptions/00000000-0000-0000-0000-000000000000/providers/Microsoft.Network/locations/westus/operations/231a886f-22cf-498b-8070-5569d10c1c23?api-version=2022-05-01
      cache-control:
      - no-cache
      content-length:
      - '1097'
      content-type:
      - application/json; charset=utf-8
      date:
      - Tue, 13 Dec 2022 09:46:36 GMT
      expires:
      - '-1'
      pragma:
      - no-cache
      server:
      - Microsoft-HTTPAPI/2.0
      - Microsoft-HTTPAPI/2.0
      strict-transport-security:
      - max-age=31536000; includeSubDomains
      transfer-encoding:
      - chunked
      vary:
      - Accept-Encoding
      x-content-type-options:
      - nosniff
      x-ms-arm-service-request-id:
      - 2c8d0564-30fb-4234-9480-2df73176c1be
      x-ms-ratelimit-remaining-subscription-writes:
      - '1199'
    status:
      code: 200
      message: ''
- request:
    body: null
    headers:
      Accept:
      - application/json
      Accept-Encoding:
      - gzip, deflate
      CommandName:
      - network application-gateway waf-policy show
      Connection:
      - keep-alive
      ParameterSetName:
      - -g -n
      User-Agent:
      - AZURECLI/2.43.0 (AAZ) azsdk-python-core/1.24.0 Python/3.8.10 (Windows-10-10.0.19045-SP0)
    method: GET
    uri: https://management.azure.com/subscriptions/00000000-0000-0000-0000-000000000000/resourceGroups/cli_test_app_gateway_waf_custom_rule_000001/providers/Microsoft.Network/ApplicationGatewayWebApplicationFirewallPolicies/agp1?api-version=2022-05-01
  response:
    body:
      string: "{\r\n  \"name\": \"agp1\",\r\n  \"id\": \"/subscriptions/00000000-0000-0000-0000-000000000000/resourceGroups/cli_test_app_gateway_waf_custom_rule_000001/providers/Microsoft.Network/ApplicationGatewayWebApplicationFirewallPolicies/agp1\",\r\n
        \ \"etag\": \"W/\\\"be49b35c-dad3-4bce-811b-6cf12c3e239c\\\"\",\r\n  \"type\":
        \"Microsoft.Network/ApplicationGatewayWebApplicationFirewallPolicies\",\r\n
        \ \"location\": \"westus\",\r\n  \"properties\": {\r\n    \"provisioningState\":
        \"Succeeded\",\r\n    \"customRules\": [\r\n      {\r\n        \"name\": \"rule1\",\r\n
        \       \"priority\": 50,\r\n        \"ruleType\": \"MatchRule\",\r\n        \"action\":
        \"Log\",\r\n        \"matchConditions\": [],\r\n        \"skippedManagedRuleSets\":
        []\r\n      }\r\n    ],\r\n    \"policySettings\": {\r\n      \"requestBodyCheck\":
        true,\r\n      \"maxRequestBodySizeInKb\": 128,\r\n      \"fileUploadLimitInMb\":
        100,\r\n      \"state\": \"Disabled\",\r\n      \"mode\": \"Detection\"\r\n
        \   },\r\n    \"managedRules\": {\r\n      \"managedRuleSets\": [\r\n        {\r\n
        \         \"ruleSetType\": \"OWASP\",\r\n          \"ruleSetVersion\": \"3.0\",\r\n
        \         \"ruleGroupOverrides\": []\r\n        }\r\n      ],\r\n      \"exclusions\":
        []\r\n    }\r\n  }\r\n}"
    headers:
      cache-control:
      - no-cache
      content-length:
      - '1098'
      content-type:
      - application/json; charset=utf-8
      date:
      - Tue, 13 Dec 2022 09:46:37 GMT
      etag:
      - W/"be49b35c-dad3-4bce-811b-6cf12c3e239c"
      expires:
      - '-1'
      pragma:
      - no-cache
      server:
      - Microsoft-HTTPAPI/2.0
      - Microsoft-HTTPAPI/2.0
      strict-transport-security:
      - max-age=31536000; includeSubDomains
      transfer-encoding:
      - chunked
      vary:
      - Accept-Encoding
      x-content-type-options:
      - nosniff
      x-ms-arm-service-request-id:
      - 64fab2cd-dee7-46fa-9ecb-7d759455faf5
    status:
      code: 200
      message: ''
- request:
    body: null
    headers:
      Accept:
      - application/json
      Accept-Encoding:
      - gzip, deflate
      CommandName:
      - network application-gateway waf-policy custom-rule show
      Connection:
      - keep-alive
      ParameterSetName:
      - -g --policy-name -n
      User-Agent:
      - AZURECLI/2.43.0 (AAZ) azsdk-python-core/1.24.0 Python/3.8.10 (Windows-10-10.0.19045-SP0)
    method: GET
    uri: https://management.azure.com/subscriptions/00000000-0000-0000-0000-000000000000/resourceGroups/cli_test_app_gateway_waf_custom_rule_000001/providers/Microsoft.Network/ApplicationGatewayWebApplicationFirewallPolicies/agp1?api-version=2022-05-01
  response:
    body:
      string: "{\r\n  \"name\": \"agp1\",\r\n  \"id\": \"/subscriptions/00000000-0000-0000-0000-000000000000/resourceGroups/cli_test_app_gateway_waf_custom_rule_000001/providers/Microsoft.Network/ApplicationGatewayWebApplicationFirewallPolicies/agp1\",\r\n
        \ \"etag\": \"W/\\\"be49b35c-dad3-4bce-811b-6cf12c3e239c\\\"\",\r\n  \"type\":
        \"Microsoft.Network/ApplicationGatewayWebApplicationFirewallPolicies\",\r\n
        \ \"location\": \"westus\",\r\n  \"properties\": {\r\n    \"provisioningState\":
        \"Succeeded\",\r\n    \"customRules\": [\r\n      {\r\n        \"name\": \"rule1\",\r\n
        \       \"priority\": 50,\r\n        \"ruleType\": \"MatchRule\",\r\n        \"action\":
        \"Log\",\r\n        \"matchConditions\": [],\r\n        \"skippedManagedRuleSets\":
        []\r\n      }\r\n    ],\r\n    \"policySettings\": {\r\n      \"requestBodyCheck\":
        true,\r\n      \"maxRequestBodySizeInKb\": 128,\r\n      \"fileUploadLimitInMb\":
        100,\r\n      \"state\": \"Disabled\",\r\n      \"mode\": \"Detection\"\r\n
        \   },\r\n    \"managedRules\": {\r\n      \"managedRuleSets\": [\r\n        {\r\n
        \         \"ruleSetType\": \"OWASP\",\r\n          \"ruleSetVersion\": \"3.0\",\r\n
        \         \"ruleGroupOverrides\": []\r\n        }\r\n      ],\r\n      \"exclusions\":
        []\r\n    }\r\n  }\r\n}"
    headers:
      cache-control:
      - no-cache
      content-length:
      - '1098'
      content-type:
      - application/json; charset=utf-8
      date:
      - Tue, 13 Dec 2022 09:46:38 GMT
      etag:
      - W/"be49b35c-dad3-4bce-811b-6cf12c3e239c"
      expires:
      - '-1'
      pragma:
      - no-cache
      server:
      - Microsoft-HTTPAPI/2.0
      - Microsoft-HTTPAPI/2.0
      strict-transport-security:
      - max-age=31536000; includeSubDomains
      transfer-encoding:
      - chunked
      vary:
      - Accept-Encoding
      x-content-type-options:
      - nosniff
      x-ms-arm-service-request-id:
      - 0a08c9d1-0656-4bfe-98cb-93fd3b35c9a0
    status:
      code: 200
      message: OK
- request:
    body: null
    headers:
      Accept:
      - application/json
      Accept-Encoding:
      - gzip, deflate
      CommandName:
      - network application-gateway waf-policy custom-rule match-condition add
      Connection:
      - keep-alive
      ParameterSetName:
      - -g --policy-name -n --match-variables --operator --values --transform
      User-Agent:
      - AZURECLI/2.43.0 (AAZ) azsdk-python-core/1.24.0 Python/3.8.10 (Windows-10-10.0.19045-SP0)
    method: GET
    uri: https://management.azure.com/subscriptions/00000000-0000-0000-0000-000000000000/resourceGroups/cli_test_app_gateway_waf_custom_rule_000001/providers/Microsoft.Network/ApplicationGatewayWebApplicationFirewallPolicies/agp1?api-version=2022-05-01
  response:
    body:
      string: "{\r\n  \"name\": \"agp1\",\r\n  \"id\": \"/subscriptions/00000000-0000-0000-0000-000000000000/resourceGroups/cli_test_app_gateway_waf_custom_rule_000001/providers/Microsoft.Network/ApplicationGatewayWebApplicationFirewallPolicies/agp1\",\r\n
        \ \"etag\": \"W/\\\"be49b35c-dad3-4bce-811b-6cf12c3e239c\\\"\",\r\n  \"type\":
        \"Microsoft.Network/ApplicationGatewayWebApplicationFirewallPolicies\",\r\n
        \ \"location\": \"westus\",\r\n  \"properties\": {\r\n    \"provisioningState\":
        \"Succeeded\",\r\n    \"customRules\": [\r\n      {\r\n        \"name\": \"rule1\",\r\n
        \       \"priority\": 50,\r\n        \"ruleType\": \"MatchRule\",\r\n        \"action\":
        \"Log\",\r\n        \"matchConditions\": [],\r\n        \"skippedManagedRuleSets\":
        []\r\n      }\r\n    ],\r\n    \"policySettings\": {\r\n      \"requestBodyCheck\":
        true,\r\n      \"maxRequestBodySizeInKb\": 128,\r\n      \"fileUploadLimitInMb\":
        100,\r\n      \"state\": \"Disabled\",\r\n      \"mode\": \"Detection\"\r\n
        \   },\r\n    \"managedRules\": {\r\n      \"managedRuleSets\": [\r\n        {\r\n
        \         \"ruleSetType\": \"OWASP\",\r\n          \"ruleSetVersion\": \"3.0\",\r\n
        \         \"ruleGroupOverrides\": []\r\n        }\r\n      ],\r\n      \"exclusions\":
        []\r\n    }\r\n  }\r\n}"
    headers:
      cache-control:
      - no-cache
      content-length:
      - '1098'
      content-type:
      - application/json; charset=utf-8
      date:
      - Tue, 13 Dec 2022 09:46:40 GMT
      etag:
      - W/"be49b35c-dad3-4bce-811b-6cf12c3e239c"
      expires:
      - '-1'
      pragma:
      - no-cache
      server:
      - Microsoft-HTTPAPI/2.0
      - Microsoft-HTTPAPI/2.0
      strict-transport-security:
      - max-age=31536000; includeSubDomains
      transfer-encoding:
      - chunked
      vary:
      - Accept-Encoding
      x-content-type-options:
      - nosniff
      x-ms-arm-service-request-id:
      - 0cef69f7-4970-4493-9195-e5a8387a465b
    status:
      code: 200
      message: OK
- request:
    body: '{"id": "/subscriptions/00000000-0000-0000-0000-000000000000/resourceGroups/cli_test_app_gateway_waf_custom_rule_000001/providers/Microsoft.Network/ApplicationGatewayWebApplicationFirewallPolicies/agp1",
      "location": "westus", "properties": {"customRules": [{"action": "Log", "matchConditions":
      [{"matchValues": ["foo", "boo"], "matchVariables": [{"selector": "value", "variableName":
      "RequestHeaders"}], "operator": "Contains", "transforms": ["Lowercase"]}], "name":
      "rule1", "priority": 50, "ruleType": "MatchRule"}], "managedRules": {"exclusions":
      [], "managedRuleSets": [{"ruleGroupOverrides": [], "ruleSetType": "OWASP", "ruleSetVersion":
      "3.0"}]}, "policySettings": {"fileUploadLimitInMb": 100, "maxRequestBodySizeInKb":
      128, "mode": "Detection", "requestBodyCheck": true, "state": "Disabled"}}}'
    headers:
      Accept:
      - application/json
      Accept-Encoding:
      - gzip, deflate
      CommandName:
      - network application-gateway waf-policy custom-rule match-condition add
      Connection:
      - keep-alive
      Content-Length:
      - '799'
      Content-Type:
      - application/json
      ParameterSetName:
      - -g --policy-name -n --match-variables --operator --values --transform
      User-Agent:
      - AZURECLI/2.43.0 (AAZ) azsdk-python-core/1.24.0 Python/3.8.10 (Windows-10-10.0.19045-SP0)
    method: PUT
    uri: https://management.azure.com/subscriptions/00000000-0000-0000-0000-000000000000/resourceGroups/cli_test_app_gateway_waf_custom_rule_000001/providers/Microsoft.Network/ApplicationGatewayWebApplicationFirewallPolicies/agp1?api-version=2022-05-01
  response:
    body:
      string: "{\r\n  \"name\": \"agp1\",\r\n  \"id\": \"/subscriptions/00000000-0000-0000-0000-000000000000/resourceGroups/cli_test_app_gateway_waf_custom_rule_000001/providers/Microsoft.Network/ApplicationGatewayWebApplicationFirewallPolicies/agp1\",\r\n
        \ \"etag\": \"W/\\\"bd4d071e-060d-48ad-b735-7f4aa46922f3\\\"\",\r\n  \"type\":
        \"Microsoft.Network/ApplicationGatewayWebApplicationFirewallPolicies\",\r\n
        \ \"location\": \"westus\",\r\n  \"properties\": {\r\n    \"provisioningState\":
        \"Updating\",\r\n    \"customRules\": [\r\n      {\r\n        \"name\": \"rule1\",\r\n
        \       \"priority\": 50,\r\n        \"ruleType\": \"MatchRule\",\r\n        \"action\":
        \"Log\",\r\n        \"matchConditions\": [\r\n          {\r\n            \"matchVariables\":
        [\r\n              {\r\n                \"variableName\": \"RequestHeaders\",\r\n
        \               \"selector\": \"value\"\r\n              }\r\n            ],\r\n
        \           \"operator\": \"Contains\",\r\n            \"negationConditon\":
        false,\r\n            \"matchValues\": [\r\n              \"foo\",\r\n              \"boo\"\r\n
        \           ],\r\n            \"transforms\": [\r\n              \"Lowercase\"\r\n
        \           ]\r\n          }\r\n        ],\r\n        \"skippedManagedRuleSets\":
        []\r\n      }\r\n    ],\r\n    \"policySettings\": {\r\n      \"requestBodyCheck\":
        true,\r\n      \"maxRequestBodySizeInKb\": 128,\r\n      \"fileUploadLimitInMb\":
        100,\r\n      \"state\": \"Disabled\",\r\n      \"mode\": \"Detection\"\r\n
        \   },\r\n    \"managedRules\": {\r\n      \"managedRuleSets\": [\r\n        {\r\n
        \         \"ruleSetType\": \"OWASP\",\r\n          \"ruleSetVersion\": \"3.0\",\r\n
        \         \"ruleGroupOverrides\": []\r\n        }\r\n      ],\r\n      \"exclusions\":
        []\r\n    }\r\n  }\r\n}"
    headers:
      azure-asyncnotification:
      - Enabled
      azure-asyncoperation:
      - https://management.azure.com/subscriptions/00000000-0000-0000-0000-000000000000/providers/Microsoft.Network/locations/westus/operations/748e8e24-dc24-4dec-9b86-7449b3e329d5?api-version=2022-05-01
      cache-control:
      - no-cache
      content-length:
      - '1541'
      content-type:
      - application/json; charset=utf-8
      date:
      - Tue, 13 Dec 2022 09:46:41 GMT
      expires:
      - '-1'
      pragma:
      - no-cache
      server:
      - Microsoft-HTTPAPI/2.0
      - Microsoft-HTTPAPI/2.0
      strict-transport-security:
      - max-age=31536000; includeSubDomains
      transfer-encoding:
      - chunked
      vary:
      - Accept-Encoding
      x-content-type-options:
      - nosniff
      x-ms-arm-service-request-id:
      - c4717be6-43d3-4840-abc5-8482b676084a
      x-ms-ratelimit-remaining-subscription-writes:
      - '1198'
    status:
      code: 200
      message: ''
- request:
    body: null
    headers:
      Accept:
      - application/json
      Accept-Encoding:
      - gzip, deflate
      CommandName:
      - network application-gateway waf-policy custom-rule show
      Connection:
      - keep-alive
      ParameterSetName:
      - -g --policy-name -n
      User-Agent:
      - AZURECLI/2.43.0 (AAZ) azsdk-python-core/1.24.0 Python/3.8.10 (Windows-10-10.0.19045-SP0)
    method: GET
    uri: https://management.azure.com/subscriptions/00000000-0000-0000-0000-000000000000/resourceGroups/cli_test_app_gateway_waf_custom_rule_000001/providers/Microsoft.Network/ApplicationGatewayWebApplicationFirewallPolicies/agp1?api-version=2022-05-01
  response:
    body:
      string: "{\r\n  \"name\": \"agp1\",\r\n  \"id\": \"/subscriptions/00000000-0000-0000-0000-000000000000/resourceGroups/cli_test_app_gateway_waf_custom_rule_000001/providers/Microsoft.Network/ApplicationGatewayWebApplicationFirewallPolicies/agp1\",\r\n
        \ \"etag\": \"W/\\\"f1677dc8-f3fd-4b44-8720-338019b22312\\\"\",\r\n  \"type\":
        \"Microsoft.Network/ApplicationGatewayWebApplicationFirewallPolicies\",\r\n
        \ \"location\": \"westus\",\r\n  \"properties\": {\r\n    \"provisioningState\":
        \"Succeeded\",\r\n    \"customRules\": [\r\n      {\r\n        \"name\": \"rule1\",\r\n
        \       \"priority\": 50,\r\n        \"ruleType\": \"MatchRule\",\r\n        \"action\":
        \"Log\",\r\n        \"matchConditions\": [\r\n          {\r\n            \"matchVariables\":
        [\r\n              {\r\n                \"variableName\": \"RequestHeaders\",\r\n
        \               \"selector\": \"value\"\r\n              }\r\n            ],\r\n
        \           \"operator\": \"Contains\",\r\n            \"negationConditon\":
        false,\r\n            \"matchValues\": [\r\n              \"foo\",\r\n              \"boo\"\r\n
        \           ],\r\n            \"transforms\": [\r\n              \"Lowercase\"\r\n
        \           ]\r\n          }\r\n        ],\r\n        \"skippedManagedRuleSets\":
        []\r\n      }\r\n    ],\r\n    \"policySettings\": {\r\n      \"requestBodyCheck\":
        true,\r\n      \"maxRequestBodySizeInKb\": 128,\r\n      \"fileUploadLimitInMb\":
        100,\r\n      \"state\": \"Disabled\",\r\n      \"mode\": \"Detection\"\r\n
        \   },\r\n    \"managedRules\": {\r\n      \"managedRuleSets\": [\r\n        {\r\n
        \         \"ruleSetType\": \"OWASP\",\r\n          \"ruleSetVersion\": \"3.0\",\r\n
        \         \"ruleGroupOverrides\": []\r\n        }\r\n      ],\r\n      \"exclusions\":
        []\r\n    }\r\n  }\r\n}"
    headers:
      cache-control:
      - no-cache
      content-length:
      - '1542'
      content-type:
      - application/json; charset=utf-8
      date:
      - Tue, 13 Dec 2022 09:46:42 GMT
      etag:
      - W/"f1677dc8-f3fd-4b44-8720-338019b22312"
      expires:
      - '-1'
      pragma:
      - no-cache
      server:
      - Microsoft-HTTPAPI/2.0
      - Microsoft-HTTPAPI/2.0
      strict-transport-security:
      - max-age=31536000; includeSubDomains
      transfer-encoding:
      - chunked
      vary:
      - Accept-Encoding
      x-content-type-options:
      - nosniff
      x-ms-arm-service-request-id:
      - bd6cf937-9588-4a96-b168-21397b3bf88b
    status:
      code: 200
      message: ''
- request:
    body: null
    headers:
      Accept:
      - application/json
      Accept-Encoding:
      - gzip, deflate
      CommandName:
      - network application-gateway waf-policy custom-rule update
      Connection:
      - keep-alive
      ParameterSetName:
      - -g --policy-name -n --priority
      User-Agent:
      - AZURECLI/2.43.0 (AAZ) azsdk-python-core/1.24.0 Python/3.8.10 (Windows-10-10.0.19045-SP0)
    method: GET
    uri: https://management.azure.com/subscriptions/00000000-0000-0000-0000-000000000000/resourceGroups/cli_test_app_gateway_waf_custom_rule_000001/providers/Microsoft.Network/ApplicationGatewayWebApplicationFirewallPolicies/agp1?api-version=2022-05-01
  response:
    body:
      string: "{\r\n  \"name\": \"agp1\",\r\n  \"id\": \"/subscriptions/00000000-0000-0000-0000-000000000000/resourceGroups/cli_test_app_gateway_waf_custom_rule_000001/providers/Microsoft.Network/ApplicationGatewayWebApplicationFirewallPolicies/agp1\",\r\n
        \ \"etag\": \"W/\\\"f1677dc8-f3fd-4b44-8720-338019b22312\\\"\",\r\n  \"type\":
        \"Microsoft.Network/ApplicationGatewayWebApplicationFirewallPolicies\",\r\n
        \ \"location\": \"westus\",\r\n  \"properties\": {\r\n    \"provisioningState\":
        \"Succeeded\",\r\n    \"customRules\": [\r\n      {\r\n        \"name\": \"rule1\",\r\n
        \       \"priority\": 50,\r\n        \"ruleType\": \"MatchRule\",\r\n        \"action\":
        \"Log\",\r\n        \"matchConditions\": [\r\n          {\r\n            \"matchVariables\":
        [\r\n              {\r\n                \"variableName\": \"RequestHeaders\",\r\n
        \               \"selector\": \"value\"\r\n              }\r\n            ],\r\n
        \           \"operator\": \"Contains\",\r\n            \"negationConditon\":
        false,\r\n            \"matchValues\": [\r\n              \"foo\",\r\n              \"boo\"\r\n
        \           ],\r\n            \"transforms\": [\r\n              \"Lowercase\"\r\n
        \           ]\r\n          }\r\n        ],\r\n        \"skippedManagedRuleSets\":
        []\r\n      }\r\n    ],\r\n    \"policySettings\": {\r\n      \"requestBodyCheck\":
        true,\r\n      \"maxRequestBodySizeInKb\": 128,\r\n      \"fileUploadLimitInMb\":
        100,\r\n      \"state\": \"Disabled\",\r\n      \"mode\": \"Detection\"\r\n
        \   },\r\n    \"managedRules\": {\r\n      \"managedRuleSets\": [\r\n        {\r\n
        \         \"ruleSetType\": \"OWASP\",\r\n          \"ruleSetVersion\": \"3.0\",\r\n
        \         \"ruleGroupOverrides\": []\r\n        }\r\n      ],\r\n      \"exclusions\":
        []\r\n    }\r\n  }\r\n}"
    headers:
      cache-control:
      - no-cache
      content-length:
      - '1542'
      content-type:
      - application/json; charset=utf-8
      date:
      - Tue, 13 Dec 2022 09:46:43 GMT
      etag:
      - W/"f1677dc8-f3fd-4b44-8720-338019b22312"
      expires:
      - '-1'
      pragma:
      - no-cache
      server:
      - Microsoft-HTTPAPI/2.0
      - Microsoft-HTTPAPI/2.0
      strict-transport-security:
      - max-age=31536000; includeSubDomains
      transfer-encoding:
      - chunked
      vary:
      - Accept-Encoding
      x-content-type-options:
      - nosniff
      x-ms-arm-service-request-id:
      - ba98de76-5cb3-4597-8b0f-fc8b4d216392
    status:
      code: 200
      message: OK
- request:
    body: '{"id": "/subscriptions/00000000-0000-0000-0000-000000000000/resourceGroups/cli_test_app_gateway_waf_custom_rule_000001/providers/Microsoft.Network/ApplicationGatewayWebApplicationFirewallPolicies/agp1",
      "location": "westus", "properties": {"customRules": [{"action": "Log", "matchConditions":
      [{"matchValues": ["foo", "boo"], "matchVariables": [{"selector": "value", "variableName":
      "RequestHeaders"}], "negationConditon": false, "operator": "Contains", "transforms":
      ["Lowercase"]}], "name": "rule1", "priority": 75, "ruleType": "MatchRule"}],
      "managedRules": {"exclusions": [], "managedRuleSets": [{"ruleGroupOverrides":
      [], "ruleSetType": "OWASP", "ruleSetVersion": "3.0"}]}, "policySettings": {"fileUploadLimitInMb":
      100, "maxRequestBodySizeInKb": 128, "mode": "Detection", "requestBodyCheck":
      true, "state": "Disabled"}}}'
    headers:
      Accept:
      - application/json
      Accept-Encoding:
      - gzip, deflate
      CommandName:
      - network application-gateway waf-policy custom-rule update
      Connection:
      - keep-alive
      Content-Length:
      - '826'
      Content-Type:
      - application/json
      ParameterSetName:
      - -g --policy-name -n --priority
      User-Agent:
      - AZURECLI/2.43.0 (AAZ) azsdk-python-core/1.24.0 Python/3.8.10 (Windows-10-10.0.19045-SP0)
    method: PUT
    uri: https://management.azure.com/subscriptions/00000000-0000-0000-0000-000000000000/resourceGroups/cli_test_app_gateway_waf_custom_rule_000001/providers/Microsoft.Network/ApplicationGatewayWebApplicationFirewallPolicies/agp1?api-version=2022-05-01
  response:
    body:
      string: "{\r\n  \"name\": \"agp1\",\r\n  \"id\": \"/subscriptions/00000000-0000-0000-0000-000000000000/resourceGroups/cli_test_app_gateway_waf_custom_rule_000001/providers/Microsoft.Network/ApplicationGatewayWebApplicationFirewallPolicies/agp1\",\r\n
        \ \"etag\": \"W/\\\"3b99a871-ef3d-41af-a69d-dade08472c04\\\"\",\r\n  \"type\":
        \"Microsoft.Network/ApplicationGatewayWebApplicationFirewallPolicies\",\r\n
        \ \"location\": \"westus\",\r\n  \"properties\": {\r\n    \"provisioningState\":
        \"Updating\",\r\n    \"customRules\": [\r\n      {\r\n        \"name\": \"rule1\",\r\n
        \       \"priority\": 75,\r\n        \"ruleType\": \"MatchRule\",\r\n        \"action\":
        \"Log\",\r\n        \"matchConditions\": [\r\n          {\r\n            \"matchVariables\":
        [\r\n              {\r\n                \"variableName\": \"RequestHeaders\",\r\n
        \               \"selector\": \"value\"\r\n              }\r\n            ],\r\n
        \           \"operator\": \"Contains\",\r\n            \"negationConditon\":
        false,\r\n            \"matchValues\": [\r\n              \"foo\",\r\n              \"boo\"\r\n
        \           ],\r\n            \"transforms\": [\r\n              \"Lowercase\"\r\n
        \           ]\r\n          }\r\n        ],\r\n        \"skippedManagedRuleSets\":
        []\r\n      }\r\n    ],\r\n    \"policySettings\": {\r\n      \"requestBodyCheck\":
        true,\r\n      \"maxRequestBodySizeInKb\": 128,\r\n      \"fileUploadLimitInMb\":
        100,\r\n      \"state\": \"Disabled\",\r\n      \"mode\": \"Detection\"\r\n
        \   },\r\n    \"managedRules\": {\r\n      \"managedRuleSets\": [\r\n        {\r\n
        \         \"ruleSetType\": \"OWASP\",\r\n          \"ruleSetVersion\": \"3.0\",\r\n
        \         \"ruleGroupOverrides\": []\r\n        }\r\n      ],\r\n      \"exclusions\":
        []\r\n    }\r\n  }\r\n}"
    headers:
      azure-asyncnotification:
      - Enabled
      azure-asyncoperation:
      - https://management.azure.com/subscriptions/00000000-0000-0000-0000-000000000000/providers/Microsoft.Network/locations/westus/operations/2d34a0b3-83b2-4547-aebf-3b511bc00b46?api-version=2022-05-01
      cache-control:
      - no-cache
      content-length:
      - '1541'
      content-type:
      - application/json; charset=utf-8
      date:
      - Tue, 13 Dec 2022 09:46:45 GMT
      expires:
      - '-1'
      pragma:
      - no-cache
      server:
      - Microsoft-HTTPAPI/2.0
      - Microsoft-HTTPAPI/2.0
      strict-transport-security:
      - max-age=31536000; includeSubDomains
      transfer-encoding:
      - chunked
      vary:
      - Accept-Encoding
      x-content-type-options:
      - nosniff
      x-ms-arm-service-request-id:
      - cd70596f-b6dc-4028-9c2c-649f5ea48efe
      x-ms-ratelimit-remaining-subscription-writes:
      - '1199'
    status:
      code: 200
      message: OK
- request:
    body: null
    headers:
      Accept:
      - application/json
      Accept-Encoding:
      - gzip, deflate
      CommandName:
      - network application-gateway waf-policy custom-rule match-condition add
      Connection:
      - keep-alive
      ParameterSetName:
      - -g --policy-name -n --match-variables --operator --values --transform
      User-Agent:
      - AZURECLI/2.43.0 (AAZ) azsdk-python-core/1.24.0 Python/3.8.10 (Windows-10-10.0.19045-SP0)
    method: GET
    uri: https://management.azure.com/subscriptions/00000000-0000-0000-0000-000000000000/resourceGroups/cli_test_app_gateway_waf_custom_rule_000001/providers/Microsoft.Network/ApplicationGatewayWebApplicationFirewallPolicies/agp1?api-version=2022-05-01
  response:
    body:
      string: "{\r\n  \"name\": \"agp1\",\r\n  \"id\": \"/subscriptions/00000000-0000-0000-0000-000000000000/resourceGroups/cli_test_app_gateway_waf_custom_rule_000001/providers/Microsoft.Network/ApplicationGatewayWebApplicationFirewallPolicies/agp1\",\r\n
        \ \"etag\": \"W/\\\"5fdae936-788e-433a-87ee-d8dfb3a5e92b\\\"\",\r\n  \"type\":
        \"Microsoft.Network/ApplicationGatewayWebApplicationFirewallPolicies\",\r\n
        \ \"location\": \"westus\",\r\n  \"properties\": {\r\n    \"provisioningState\":
        \"Succeeded\",\r\n    \"customRules\": [\r\n      {\r\n        \"name\": \"rule1\",\r\n
        \       \"priority\": 75,\r\n        \"ruleType\": \"MatchRule\",\r\n        \"action\":
        \"Log\",\r\n        \"matchConditions\": [\r\n          {\r\n            \"matchVariables\":
        [\r\n              {\r\n                \"variableName\": \"RequestHeaders\",\r\n
        \               \"selector\": \"value\"\r\n              }\r\n            ],\r\n
        \           \"operator\": \"Contains\",\r\n            \"negationConditon\":
        false,\r\n            \"matchValues\": [\r\n              \"foo\",\r\n              \"boo\"\r\n
        \           ],\r\n            \"transforms\": [\r\n              \"Lowercase\"\r\n
        \           ]\r\n          }\r\n        ],\r\n        \"skippedManagedRuleSets\":
        []\r\n      }\r\n    ],\r\n    \"policySettings\": {\r\n      \"requestBodyCheck\":
        true,\r\n      \"maxRequestBodySizeInKb\": 128,\r\n      \"fileUploadLimitInMb\":
        100,\r\n      \"state\": \"Disabled\",\r\n      \"mode\": \"Detection\"\r\n
        \   },\r\n    \"managedRules\": {\r\n      \"managedRuleSets\": [\r\n        {\r\n
        \         \"ruleSetType\": \"OWASP\",\r\n          \"ruleSetVersion\": \"3.0\",\r\n
        \         \"ruleGroupOverrides\": []\r\n        }\r\n      ],\r\n      \"exclusions\":
        []\r\n    }\r\n  }\r\n}"
    headers:
      cache-control:
      - no-cache
      content-length:
      - '1542'
      content-type:
      - application/json; charset=utf-8
      date:
      - Tue, 13 Dec 2022 09:46:46 GMT
      etag:
      - W/"5fdae936-788e-433a-87ee-d8dfb3a5e92b"
      expires:
      - '-1'
      pragma:
      - no-cache
      server:
      - Microsoft-HTTPAPI/2.0
      - Microsoft-HTTPAPI/2.0
      strict-transport-security:
      - max-age=31536000; includeSubDomains
      transfer-encoding:
      - chunked
      vary:
      - Accept-Encoding
      x-content-type-options:
      - nosniff
      x-ms-arm-service-request-id:
      - 284cb685-e82c-4732-856b-c8007e4cb1ca
    status:
      code: 200
      message: OK
- request:
    body: '{"id": "/subscriptions/00000000-0000-0000-0000-000000000000/resourceGroups/cli_test_app_gateway_waf_custom_rule_000001/providers/Microsoft.Network/ApplicationGatewayWebApplicationFirewallPolicies/agp1",
      "location": "westus", "properties": {"customRules": [{"action": "Log", "matchConditions":
      [{"matchValues": ["foo", "boo"], "matchVariables": [{"selector": "value", "variableName":
      "RequestHeaders"}], "negationConditon": false, "operator": "Contains", "transforms":
      ["Lowercase"]}, {"matchValues": ["remove", "this"], "matchVariables": [{"selector":
      "value", "variableName": "RequestHeaders"}], "operator": "Contains", "transforms":
      ["Lowercase"]}], "name": "rule1", "priority": 75, "ruleType": "MatchRule"}],
      "managedRules": {"exclusions": [], "managedRuleSets": [{"ruleGroupOverrides":
      [], "ruleSetType": "OWASP", "ruleSetVersion": "3.0"}]}, "policySettings": {"fileUploadLimitInMb":
      100, "maxRequestBodySizeInKb": 128, "mode": "Detection", "requestBodyCheck":
      true, "state": "Disabled"}}}'
    headers:
      Accept:
      - application/json
      Accept-Encoding:
      - gzip, deflate
      CommandName:
      - network application-gateway waf-policy custom-rule match-condition add
      Connection:
      - keep-alive
      Content-Length:
      - '993'
      Content-Type:
      - application/json
      ParameterSetName:
      - -g --policy-name -n --match-variables --operator --values --transform
      User-Agent:
      - AZURECLI/2.43.0 (AAZ) azsdk-python-core/1.24.0 Python/3.8.10 (Windows-10-10.0.19045-SP0)
    method: PUT
    uri: https://management.azure.com/subscriptions/00000000-0000-0000-0000-000000000000/resourceGroups/cli_test_app_gateway_waf_custom_rule_000001/providers/Microsoft.Network/ApplicationGatewayWebApplicationFirewallPolicies/agp1?api-version=2022-05-01
  response:
    body:
      string: "{\r\n  \"name\": \"agp1\",\r\n  \"id\": \"/subscriptions/00000000-0000-0000-0000-000000000000/resourceGroups/cli_test_app_gateway_waf_custom_rule_000001/providers/Microsoft.Network/ApplicationGatewayWebApplicationFirewallPolicies/agp1\",\r\n
        \ \"etag\": \"W/\\\"3223adb2-f7a1-4e62-93f2-bb037552c0bf\\\"\",\r\n  \"type\":
        \"Microsoft.Network/ApplicationGatewayWebApplicationFirewallPolicies\",\r\n
        \ \"location\": \"westus\",\r\n  \"properties\": {\r\n    \"provisioningState\":
        \"Updating\",\r\n    \"customRules\": [\r\n      {\r\n        \"name\": \"rule1\",\r\n
        \       \"priority\": 75,\r\n        \"ruleType\": \"MatchRule\",\r\n        \"action\":
        \"Log\",\r\n        \"matchConditions\": [\r\n          {\r\n            \"matchVariables\":
        [\r\n              {\r\n                \"variableName\": \"RequestHeaders\",\r\n
        \               \"selector\": \"value\"\r\n              }\r\n            ],\r\n
        \           \"operator\": \"Contains\",\r\n            \"negationConditon\":
        false,\r\n            \"matchValues\": [\r\n              \"foo\",\r\n              \"boo\"\r\n
        \           ],\r\n            \"transforms\": [\r\n              \"Lowercase\"\r\n
        \           ]\r\n          },\r\n          {\r\n            \"matchVariables\":
        [\r\n              {\r\n                \"variableName\": \"RequestHeaders\",\r\n
        \               \"selector\": \"value\"\r\n              }\r\n            ],\r\n
        \           \"operator\": \"Contains\",\r\n            \"negationConditon\":
        false,\r\n            \"matchValues\": [\r\n              \"remove\",\r\n
        \             \"this\"\r\n            ],\r\n            \"transforms\": [\r\n
        \             \"Lowercase\"\r\n            ]\r\n          }\r\n        ],\r\n
        \       \"skippedManagedRuleSets\": []\r\n      }\r\n    ],\r\n    \"policySettings\":
        {\r\n      \"requestBodyCheck\": true,\r\n      \"maxRequestBodySizeInKb\":
        128,\r\n      \"fileUploadLimitInMb\": 100,\r\n      \"state\": \"Disabled\",\r\n
        \     \"mode\": \"Detection\"\r\n    },\r\n    \"managedRules\": {\r\n      \"managedRuleSets\":
        [\r\n        {\r\n          \"ruleSetType\": \"OWASP\",\r\n          \"ruleSetVersion\":
        \"3.0\",\r\n          \"ruleGroupOverrides\": []\r\n        }\r\n      ],\r\n
        \     \"exclusions\": []\r\n    }\r\n  }\r\n}"
    headers:
      azure-asyncnotification:
      - Enabled
      azure-asyncoperation:
      - https://management.azure.com/subscriptions/00000000-0000-0000-0000-000000000000/providers/Microsoft.Network/locations/westus/operations/89060735-17d3-4beb-80aa-d0aeb768dd9c?api-version=2022-05-01
      cache-control:
      - no-cache
      content-length:
      - '1980'
      content-type:
      - application/json; charset=utf-8
      date:
      - Tue, 13 Dec 2022 09:46:47 GMT
      expires:
      - '-1'
      pragma:
      - no-cache
      server:
      - Microsoft-HTTPAPI/2.0
      - Microsoft-HTTPAPI/2.0
      strict-transport-security:
      - max-age=31536000; includeSubDomains
      transfer-encoding:
      - chunked
      vary:
      - Accept-Encoding
      x-content-type-options:
      - nosniff
      x-ms-arm-service-request-id:
      - a5f52b54-44c9-4496-ade9-136024a2297b
      x-ms-ratelimit-remaining-subscription-writes:
      - '1198'
    status:
      code: 200
      message: OK
- request:
    body: null
    headers:
      Accept:
      - application/json
      Accept-Encoding:
      - gzip, deflate
      CommandName:
      - network application-gateway waf-policy custom-rule show
      Connection:
      - keep-alive
      ParameterSetName:
      - -g --policy-name -n
      User-Agent:
      - AZURECLI/2.43.0 (AAZ) azsdk-python-core/1.24.0 Python/3.8.10 (Windows-10-10.0.19045-SP0)
    method: GET
    uri: https://management.azure.com/subscriptions/00000000-0000-0000-0000-000000000000/resourceGroups/cli_test_app_gateway_waf_custom_rule_000001/providers/Microsoft.Network/ApplicationGatewayWebApplicationFirewallPolicies/agp1?api-version=2022-05-01
  response:
    body:
      string: "{\r\n  \"name\": \"agp1\",\r\n  \"id\": \"/subscriptions/00000000-0000-0000-0000-000000000000/resourceGroups/cli_test_app_gateway_waf_custom_rule_000001/providers/Microsoft.Network/ApplicationGatewayWebApplicationFirewallPolicies/agp1\",\r\n
        \ \"etag\": \"W/\\\"381352b5-cf39-4c25-b1c1-08cb612c59ff\\\"\",\r\n  \"type\":
        \"Microsoft.Network/ApplicationGatewayWebApplicationFirewallPolicies\",\r\n
        \ \"location\": \"westus\",\r\n  \"properties\": {\r\n    \"provisioningState\":
        \"Succeeded\",\r\n    \"customRules\": [\r\n      {\r\n        \"name\": \"rule1\",\r\n
        \       \"priority\": 75,\r\n        \"ruleType\": \"MatchRule\",\r\n        \"action\":
        \"Log\",\r\n        \"matchConditions\": [\r\n          {\r\n            \"matchVariables\":
        [\r\n              {\r\n                \"variableName\": \"RequestHeaders\",\r\n
        \               \"selector\": \"value\"\r\n              }\r\n            ],\r\n
        \           \"operator\": \"Contains\",\r\n            \"negationConditon\":
        false,\r\n            \"matchValues\": [\r\n              \"foo\",\r\n              \"boo\"\r\n
        \           ],\r\n            \"transforms\": [\r\n              \"Lowercase\"\r\n
        \           ]\r\n          },\r\n          {\r\n            \"matchVariables\":
        [\r\n              {\r\n                \"variableName\": \"RequestHeaders\",\r\n
        \               \"selector\": \"value\"\r\n              }\r\n            ],\r\n
        \           \"operator\": \"Contains\",\r\n            \"negationConditon\":
        false,\r\n            \"matchValues\": [\r\n              \"remove\",\r\n
        \             \"this\"\r\n            ],\r\n            \"transforms\": [\r\n
        \             \"Lowercase\"\r\n            ]\r\n          }\r\n        ],\r\n
        \       \"skippedManagedRuleSets\": []\r\n      }\r\n    ],\r\n    \"policySettings\":
        {\r\n      \"requestBodyCheck\": true,\r\n      \"maxRequestBodySizeInKb\":
        128,\r\n      \"fileUploadLimitInMb\": 100,\r\n      \"state\": \"Disabled\",\r\n
        \     \"mode\": \"Detection\"\r\n    },\r\n    \"managedRules\": {\r\n      \"managedRuleSets\":
        [\r\n        {\r\n          \"ruleSetType\": \"OWASP\",\r\n          \"ruleSetVersion\":
        \"3.0\",\r\n          \"ruleGroupOverrides\": []\r\n        }\r\n      ],\r\n
        \     \"exclusions\": []\r\n    }\r\n  }\r\n}"
    headers:
      cache-control:
      - no-cache
      content-length:
      - '1981'
      content-type:
      - application/json; charset=utf-8
      date:
      - Tue, 13 Dec 2022 09:46:49 GMT
      etag:
      - W/"381352b5-cf39-4c25-b1c1-08cb612c59ff"
      expires:
      - '-1'
      pragma:
      - no-cache
      server:
      - Microsoft-HTTPAPI/2.0
      - Microsoft-HTTPAPI/2.0
      strict-transport-security:
      - max-age=31536000; includeSubDomains
      transfer-encoding:
      - chunked
      vary:
      - Accept-Encoding
      x-content-type-options:
      - nosniff
      x-ms-arm-service-request-id:
      - 75ca3bfd-b3dc-4094-b66b-3615a96c5848
    status:
      code: 200
      message: ''
- request:
    body: null
    headers:
      Accept:
      - application/json
      Accept-Encoding:
      - gzip, deflate
      CommandName:
      - network application-gateway waf-policy custom-rule match-condition list
      Connection:
      - keep-alive
      ParameterSetName:
      - -n -g --policy-name
      User-Agent:
      - AZURECLI/2.43.0 (AAZ) azsdk-python-core/1.24.0 Python/3.8.10 (Windows-10-10.0.19045-SP0)
    method: GET
    uri: https://management.azure.com/subscriptions/00000000-0000-0000-0000-000000000000/resourceGroups/cli_test_app_gateway_waf_custom_rule_000001/providers/Microsoft.Network/ApplicationGatewayWebApplicationFirewallPolicies/agp1?api-version=2022-05-01
  response:
    body:
      string: "{\r\n  \"name\": \"agp1\",\r\n  \"id\": \"/subscriptions/00000000-0000-0000-0000-000000000000/resourceGroups/cli_test_app_gateway_waf_custom_rule_000001/providers/Microsoft.Network/ApplicationGatewayWebApplicationFirewallPolicies/agp1\",\r\n
        \ \"etag\": \"W/\\\"381352b5-cf39-4c25-b1c1-08cb612c59ff\\\"\",\r\n  \"type\":
        \"Microsoft.Network/ApplicationGatewayWebApplicationFirewallPolicies\",\r\n
        \ \"location\": \"westus\",\r\n  \"properties\": {\r\n    \"provisioningState\":
        \"Succeeded\",\r\n    \"customRules\": [\r\n      {\r\n        \"name\": \"rule1\",\r\n
        \       \"priority\": 75,\r\n        \"ruleType\": \"MatchRule\",\r\n        \"action\":
        \"Log\",\r\n        \"matchConditions\": [\r\n          {\r\n            \"matchVariables\":
        [\r\n              {\r\n                \"variableName\": \"RequestHeaders\",\r\n
        \               \"selector\": \"value\"\r\n              }\r\n            ],\r\n
        \           \"operator\": \"Contains\",\r\n            \"negationConditon\":
        false,\r\n            \"matchValues\": [\r\n              \"foo\",\r\n              \"boo\"\r\n
        \           ],\r\n            \"transforms\": [\r\n              \"Lowercase\"\r\n
        \           ]\r\n          },\r\n          {\r\n            \"matchVariables\":
        [\r\n              {\r\n                \"variableName\": \"RequestHeaders\",\r\n
        \               \"selector\": \"value\"\r\n              }\r\n            ],\r\n
        \           \"operator\": \"Contains\",\r\n            \"negationConditon\":
        false,\r\n            \"matchValues\": [\r\n              \"remove\",\r\n
        \             \"this\"\r\n            ],\r\n            \"transforms\": [\r\n
        \             \"Lowercase\"\r\n            ]\r\n          }\r\n        ],\r\n
        \       \"skippedManagedRuleSets\": []\r\n      }\r\n    ],\r\n    \"policySettings\":
        {\r\n      \"requestBodyCheck\": true,\r\n      \"maxRequestBodySizeInKb\":
        128,\r\n      \"fileUploadLimitInMb\": 100,\r\n      \"state\": \"Disabled\",\r\n
        \     \"mode\": \"Detection\"\r\n    },\r\n    \"managedRules\": {\r\n      \"managedRuleSets\":
        [\r\n        {\r\n          \"ruleSetType\": \"OWASP\",\r\n          \"ruleSetVersion\":
        \"3.0\",\r\n          \"ruleGroupOverrides\": []\r\n        }\r\n      ],\r\n
        \     \"exclusions\": []\r\n    }\r\n  }\r\n}"
    headers:
      cache-control:
      - no-cache
      content-length:
      - '1981'
      content-type:
      - application/json; charset=utf-8
      date:
      - Tue, 13 Dec 2022 09:46:49 GMT
      etag:
      - W/"381352b5-cf39-4c25-b1c1-08cb612c59ff"
      expires:
      - '-1'
      pragma:
      - no-cache
      server:
      - Microsoft-HTTPAPI/2.0
      - Microsoft-HTTPAPI/2.0
      strict-transport-security:
      - max-age=31536000; includeSubDomains
      transfer-encoding:
      - chunked
      vary:
      - Accept-Encoding
      x-content-type-options:
      - nosniff
      x-ms-arm-service-request-id:
      - 006733d7-af9a-4103-8ae7-0a3ee956a243
    status:
      code: 200
      message: ''
- request:
    body: null
    headers:
      Accept:
      - application/json
      Accept-Encoding:
      - gzip, deflate
      CommandName:
      - network application-gateway waf-policy custom-rule match-condition remove
      Connection:
      - keep-alive
      ParameterSetName:
      - -g --policy-name -n --index
      User-Agent:
      - AZURECLI/2.43.0 (AAZ) azsdk-python-core/1.24.0 Python/3.8.10 (Windows-10-10.0.19045-SP0)
    method: GET
    uri: https://management.azure.com/subscriptions/00000000-0000-0000-0000-000000000000/resourceGroups/cli_test_app_gateway_waf_custom_rule_000001/providers/Microsoft.Network/ApplicationGatewayWebApplicationFirewallPolicies/agp1?api-version=2022-05-01
  response:
    body:
      string: "{\r\n  \"name\": \"agp1\",\r\n  \"id\": \"/subscriptions/00000000-0000-0000-0000-000000000000/resourceGroups/cli_test_app_gateway_waf_custom_rule_000001/providers/Microsoft.Network/ApplicationGatewayWebApplicationFirewallPolicies/agp1\",\r\n
        \ \"etag\": \"W/\\\"381352b5-cf39-4c25-b1c1-08cb612c59ff\\\"\",\r\n  \"type\":
        \"Microsoft.Network/ApplicationGatewayWebApplicationFirewallPolicies\",\r\n
        \ \"location\": \"westus\",\r\n  \"properties\": {\r\n    \"provisioningState\":
        \"Succeeded\",\r\n    \"customRules\": [\r\n      {\r\n        \"name\": \"rule1\",\r\n
        \       \"priority\": 75,\r\n        \"ruleType\": \"MatchRule\",\r\n        \"action\":
        \"Log\",\r\n        \"matchConditions\": [\r\n          {\r\n            \"matchVariables\":
        [\r\n              {\r\n                \"variableName\": \"RequestHeaders\",\r\n
        \               \"selector\": \"value\"\r\n              }\r\n            ],\r\n
        \           \"operator\": \"Contains\",\r\n            \"negationConditon\":
        false,\r\n            \"matchValues\": [\r\n              \"foo\",\r\n              \"boo\"\r\n
        \           ],\r\n            \"transforms\": [\r\n              \"Lowercase\"\r\n
        \           ]\r\n          },\r\n          {\r\n            \"matchVariables\":
        [\r\n              {\r\n                \"variableName\": \"RequestHeaders\",\r\n
        \               \"selector\": \"value\"\r\n              }\r\n            ],\r\n
        \           \"operator\": \"Contains\",\r\n            \"negationConditon\":
        false,\r\n            \"matchValues\": [\r\n              \"remove\",\r\n
        \             \"this\"\r\n            ],\r\n            \"transforms\": [\r\n
        \             \"Lowercase\"\r\n            ]\r\n          }\r\n        ],\r\n
        \       \"skippedManagedRuleSets\": []\r\n      }\r\n    ],\r\n    \"policySettings\":
        {\r\n      \"requestBodyCheck\": true,\r\n      \"maxRequestBodySizeInKb\":
        128,\r\n      \"fileUploadLimitInMb\": 100,\r\n      \"state\": \"Disabled\",\r\n
        \     \"mode\": \"Detection\"\r\n    },\r\n    \"managedRules\": {\r\n      \"managedRuleSets\":
        [\r\n        {\r\n          \"ruleSetType\": \"OWASP\",\r\n          \"ruleSetVersion\":
        \"3.0\",\r\n          \"ruleGroupOverrides\": []\r\n        }\r\n      ],\r\n
        \     \"exclusions\": []\r\n    }\r\n  }\r\n}"
    headers:
      cache-control:
      - no-cache
      content-length:
      - '1981'
      content-type:
      - application/json; charset=utf-8
      date:
      - Tue, 13 Dec 2022 09:46:50 GMT
      etag:
      - W/"381352b5-cf39-4c25-b1c1-08cb612c59ff"
      expires:
      - '-1'
      pragma:
      - no-cache
      server:
      - Microsoft-HTTPAPI/2.0
      - Microsoft-HTTPAPI/2.0
      strict-transport-security:
      - max-age=31536000; includeSubDomains
      transfer-encoding:
      - chunked
      vary:
      - Accept-Encoding
      x-content-type-options:
      - nosniff
      x-ms-arm-service-request-id:
      - 83577388-9fd7-47d9-8542-3cd92158501e
    status:
      code: 200
      message: ''
- request:
    body: '{"id": "/subscriptions/00000000-0000-0000-0000-000000000000/resourceGroups/cli_test_app_gateway_waf_custom_rule_000001/providers/Microsoft.Network/ApplicationGatewayWebApplicationFirewallPolicies/agp1",
      "location": "westus", "properties": {"customRules": [{"action": "Log", "matchConditions":
      [{"matchValues": ["remove", "this"], "matchVariables": [{"selector": "value",
      "variableName": "RequestHeaders"}], "negationConditon": false, "operator": "Contains",
      "transforms": ["Lowercase"]}], "name": "rule1", "priority": 75, "ruleType":
      "MatchRule"}], "managedRules": {"exclusions": [], "managedRuleSets": [{"ruleGroupOverrides":
      [], "ruleSetType": "OWASP", "ruleSetVersion": "3.0"}]}, "policySettings": {"fileUploadLimitInMb":
      100, "maxRequestBodySizeInKb": 128, "mode": "Detection", "requestBodyCheck":
      true, "state": "Disabled"}}}'
    headers:
      Accept:
      - application/json
      Accept-Encoding:
      - gzip, deflate
      CommandName:
      - network application-gateway waf-policy custom-rule match-condition remove
      Connection:
      - keep-alive
      Content-Length:
      - '830'
      Content-Type:
      - application/json
      ParameterSetName:
      - -g --policy-name -n --index
      User-Agent:
      - AZURECLI/2.43.0 (AAZ) azsdk-python-core/1.24.0 Python/3.8.10 (Windows-10-10.0.19045-SP0)
    method: PUT
    uri: https://management.azure.com/subscriptions/00000000-0000-0000-0000-000000000000/resourceGroups/cli_test_app_gateway_waf_custom_rule_000001/providers/Microsoft.Network/ApplicationGatewayWebApplicationFirewallPolicies/agp1?api-version=2022-05-01
  response:
    body:
      string: "{\r\n  \"name\": \"agp1\",\r\n  \"id\": \"/subscriptions/00000000-0000-0000-0000-000000000000/resourceGroups/cli_test_app_gateway_waf_custom_rule_000001/providers/Microsoft.Network/ApplicationGatewayWebApplicationFirewallPolicies/agp1\",\r\n
        \ \"etag\": \"W/\\\"40d0318c-77a2-4c57-bbf9-7538cde0ba65\\\"\",\r\n  \"type\":
        \"Microsoft.Network/ApplicationGatewayWebApplicationFirewallPolicies\",\r\n
        \ \"location\": \"westus\",\r\n  \"properties\": {\r\n    \"provisioningState\":
        \"Updating\",\r\n    \"customRules\": [\r\n      {\r\n        \"name\": \"rule1\",\r\n
        \       \"priority\": 75,\r\n        \"ruleType\": \"MatchRule\",\r\n        \"action\":
        \"Log\",\r\n        \"matchConditions\": [\r\n          {\r\n            \"matchVariables\":
        [\r\n              {\r\n                \"variableName\": \"RequestHeaders\",\r\n
        \               \"selector\": \"value\"\r\n              }\r\n            ],\r\n
        \           \"operator\": \"Contains\",\r\n            \"negationConditon\":
        false,\r\n            \"matchValues\": [\r\n              \"remove\",\r\n
        \             \"this\"\r\n            ],\r\n            \"transforms\": [\r\n
        \             \"Lowercase\"\r\n            ]\r\n          }\r\n        ],\r\n
        \       \"skippedManagedRuleSets\": []\r\n      }\r\n    ],\r\n    \"policySettings\":
        {\r\n      \"requestBodyCheck\": true,\r\n      \"maxRequestBodySizeInKb\":
        128,\r\n      \"fileUploadLimitInMb\": 100,\r\n      \"state\": \"Disabled\",\r\n
        \     \"mode\": \"Detection\"\r\n    },\r\n    \"managedRules\": {\r\n      \"managedRuleSets\":
        [\r\n        {\r\n          \"ruleSetType\": \"OWASP\",\r\n          \"ruleSetVersion\":
        \"3.0\",\r\n          \"ruleGroupOverrides\": []\r\n        }\r\n      ],\r\n
        \     \"exclusions\": []\r\n    }\r\n  }\r\n}"
    headers:
      azure-asyncnotification:
      - Enabled
      azure-asyncoperation:
      - https://management.azure.com/subscriptions/00000000-0000-0000-0000-000000000000/providers/Microsoft.Network/locations/westus/operations/d79910e7-2938-4a3a-a462-99d2407566ff?api-version=2022-05-01
      cache-control:
      - no-cache
      content-length:
      - '1545'
      content-type:
      - application/json; charset=utf-8
      date:
      - Tue, 13 Dec 2022 09:46:51 GMT
      expires:
      - '-1'
      pragma:
      - no-cache
      server:
      - Microsoft-HTTPAPI/2.0
      - Microsoft-HTTPAPI/2.0
      strict-transport-security:
      - max-age=31536000; includeSubDomains
      transfer-encoding:
      - chunked
      vary:
      - Accept-Encoding
      x-content-type-options:
      - nosniff
      x-ms-arm-service-request-id:
      - 88cdb345-fed3-40b5-b6f9-d25be269f9e2
      x-ms-ratelimit-remaining-subscription-writes:
      - '1199'
    status:
      code: 200
      message: ''
- request:
    body: null
    headers:
      Accept:
      - application/json
      Accept-Encoding:
      - gzip, deflate
      CommandName:
      - network application-gateway waf-policy custom-rule show
      Connection:
      - keep-alive
      ParameterSetName:
      - -g --policy-name -n
      User-Agent:
      - AZURECLI/2.43.0 (AAZ) azsdk-python-core/1.24.0 Python/3.8.10 (Windows-10-10.0.19045-SP0)
    method: GET
    uri: https://management.azure.com/subscriptions/00000000-0000-0000-0000-000000000000/resourceGroups/cli_test_app_gateway_waf_custom_rule_000001/providers/Microsoft.Network/ApplicationGatewayWebApplicationFirewallPolicies/agp1?api-version=2022-05-01
  response:
    body:
      string: "{\r\n  \"name\": \"agp1\",\r\n  \"id\": \"/subscriptions/00000000-0000-0000-0000-000000000000/resourceGroups/cli_test_app_gateway_waf_custom_rule_000001/providers/Microsoft.Network/ApplicationGatewayWebApplicationFirewallPolicies/agp1\",\r\n
        \ \"etag\": \"W/\\\"9bb398e8-3128-4b46-8d63-3d4023239afe\\\"\",\r\n  \"type\":
        \"Microsoft.Network/ApplicationGatewayWebApplicationFirewallPolicies\",\r\n
        \ \"location\": \"westus\",\r\n  \"properties\": {\r\n    \"provisioningState\":
        \"Succeeded\",\r\n    \"customRules\": [\r\n      {\r\n        \"name\": \"rule1\",\r\n
        \       \"priority\": 75,\r\n        \"ruleType\": \"MatchRule\",\r\n        \"action\":
        \"Log\",\r\n        \"matchConditions\": [\r\n          {\r\n            \"matchVariables\":
        [\r\n              {\r\n                \"variableName\": \"RequestHeaders\",\r\n
        \               \"selector\": \"value\"\r\n              }\r\n            ],\r\n
        \           \"operator\": \"Contains\",\r\n            \"negationConditon\":
        false,\r\n            \"matchValues\": [\r\n              \"remove\",\r\n
        \             \"this\"\r\n            ],\r\n            \"transforms\": [\r\n
        \             \"Lowercase\"\r\n            ]\r\n          }\r\n        ],\r\n
        \       \"skippedManagedRuleSets\": []\r\n      }\r\n    ],\r\n    \"policySettings\":
        {\r\n      \"requestBodyCheck\": true,\r\n      \"maxRequestBodySizeInKb\":
        128,\r\n      \"fileUploadLimitInMb\": 100,\r\n      \"state\": \"Disabled\",\r\n
        \     \"mode\": \"Detection\"\r\n    },\r\n    \"managedRules\": {\r\n      \"managedRuleSets\":
        [\r\n        {\r\n          \"ruleSetType\": \"OWASP\",\r\n          \"ruleSetVersion\":
        \"3.0\",\r\n          \"ruleGroupOverrides\": []\r\n        }\r\n      ],\r\n
        \     \"exclusions\": []\r\n    }\r\n  }\r\n}"
    headers:
      cache-control:
      - no-cache
      content-length:
      - '1546'
      content-type:
      - application/json; charset=utf-8
      date:
      - Tue, 13 Dec 2022 09:46:53 GMT
      etag:
      - W/"9bb398e8-3128-4b46-8d63-3d4023239afe"
      expires:
      - '-1'
      pragma:
      - no-cache
      server:
      - Microsoft-HTTPAPI/2.0
      - Microsoft-HTTPAPI/2.0
      strict-transport-security:
      - max-age=31536000; includeSubDomains
      transfer-encoding:
      - chunked
      vary:
      - Accept-Encoding
      x-content-type-options:
      - nosniff
      x-ms-arm-service-request-id:
      - dc5f0f87-d826-4901-bed3-49bfcd004be3
    status:
      code: 200
      message: ''
version: 1
