interactions:
- request:
    body: '{"location": "centraluseuap", "tags": {}, "properties": {"addressSpace":
      {"addressPrefixes": ["10.0.0.0/16"]}, "dhcpOptions": {}}}'
    headers:
      Accept:
      - application/json
      Accept-Encoding:
      - gzip, deflate
      CommandName:
      - network vnet create
      Connection:
      - keep-alive
      Content-Length:
      - '130'
      Content-Type:
      - application/json
      ParameterSetName:
      - --resource-group --location --name --address-prefix
      User-Agent:
      - AZURECLI/2.24.0 azsdk-python-azure-mgmt-network/19.0.0 Python/3.8.10 (Windows-10-10.0.19043-SP0)
    method: PUT
    uri: https://management.azure.com/subscriptions/00000000-0000-0000-0000-000000000000/resourceGroups/cli_test_event_grid_pec000002/providers/Microsoft.Network/virtualNetworks/cli000003?api-version=2021-02-01
  response:
    body:
      string: "{\r\n  \"name\": \"cli000003\",\r\n  \"id\": \"/subscriptions/00000000-0000-0000-0000-000000000000/resourceGroups/cli_test_event_grid_pec000002/providers/Microsoft.Network/virtualNetworks/cli000003\",\r\n
        \ \"etag\": \"W/\\\"044af8ef-37a4-4cd3-8f2b-3f38df5a52b7\\\"\",\r\n  \"type\":
        \"Microsoft.Network/virtualNetworks\",\r\n  \"location\": \"centraluseuap\",\r\n
        \ \"tags\": {},\r\n  \"properties\": {\r\n    \"provisioningState\": \"Updating\",\r\n
        \   \"resourceGuid\": \"d5975887-6cbc-470b-b580-7cb4dc601df8\",\r\n    \"addressSpace\":
        {\r\n      \"addressPrefixes\": [\r\n        \"10.0.0.0/16\"\r\n      ]\r\n
        \   },\r\n    \"dhcpOptions\": {\r\n      \"dnsServers\": []\r\n    },\r\n
        \   \"subnets\": [],\r\n    \"virtualNetworkPeerings\": [],\r\n    \"enableDdosProtection\":
        false\r\n  }\r\n}"
    headers:
      azure-asyncnotification:
      - Enabled
      azure-asyncoperation:
      - https://management.azure.com/subscriptions/00000000-0000-0000-0000-000000000000/providers/Microsoft.Network/locations/centraluseuap/operations/e77b892c-411c-4b8a-a2f3-fe742e1fb570?api-version=2021-02-01
      cache-control:
      - no-cache
      content-length:
      - '769'
      content-type:
      - application/json; charset=utf-8
      date:
      - Tue, 08 Jun 2021 03:02:22 GMT
      expires:
      - '-1'
      pragma:
      - no-cache
      server:
      - Microsoft-HTTPAPI/2.0
      - Microsoft-HTTPAPI/2.0
      strict-transport-security:
      - max-age=31536000; includeSubDomains
      x-content-type-options:
      - nosniff
      x-ms-arm-service-request-id:
      - 6d853cb4-8042-4f33-a075-fddf256bcf8c
      x-ms-ratelimit-remaining-subscription-writes:
      - '1196'
    status:
      code: 201
      message: Created
- request:
    body: null
    headers:
      Accept:
      - '*/*'
      Accept-Encoding:
      - gzip, deflate
      CommandName:
      - network vnet create
      Connection:
      - keep-alive
      ParameterSetName:
      - --resource-group --location --name --address-prefix
      User-Agent:
      - AZURECLI/2.24.0 azsdk-python-azure-mgmt-network/19.0.0 Python/3.8.10 (Windows-10-10.0.19043-SP0)
    method: GET
    uri: https://management.azure.com/subscriptions/00000000-0000-0000-0000-000000000000/providers/Microsoft.Network/locations/centraluseuap/operations/e77b892c-411c-4b8a-a2f3-fe742e1fb570?api-version=2021-02-01
  response:
    body:
      string: "{\r\n  \"status\": \"Succeeded\"\r\n}"
    headers:
      cache-control:
      - no-cache
      content-length:
      - '29'
      content-type:
      - application/json; charset=utf-8
      date:
      - Tue, 08 Jun 2021 03:02:26 GMT
      expires:
      - '-1'
      pragma:
      - no-cache
      server:
      - Microsoft-HTTPAPI/2.0
      - Microsoft-HTTPAPI/2.0
      strict-transport-security:
      - max-age=31536000; includeSubDomains
      transfer-encoding:
      - chunked
      vary:
      - Accept-Encoding
      x-content-type-options:
      - nosniff
      x-ms-arm-service-request-id:
      - 26690803-5517-44c0-a964-f3f3e0c72fa7
    status:
      code: 200
      message: OK
- request:
    body: null
    headers:
      Accept:
      - '*/*'
      Accept-Encoding:
      - gzip, deflate
      CommandName:
      - network vnet create
      Connection:
      - keep-alive
      ParameterSetName:
      - --resource-group --location --name --address-prefix
      User-Agent:
      - AZURECLI/2.24.0 azsdk-python-azure-mgmt-network/19.0.0 Python/3.8.10 (Windows-10-10.0.19043-SP0)
    method: GET
    uri: https://management.azure.com/subscriptions/00000000-0000-0000-0000-000000000000/resourceGroups/cli_test_event_grid_pec000002/providers/Microsoft.Network/virtualNetworks/cli000003?api-version=2021-02-01
  response:
    body:
      string: "{\r\n  \"name\": \"cli000003\",\r\n  \"id\": \"/subscriptions/00000000-0000-0000-0000-000000000000/resourceGroups/cli_test_event_grid_pec000002/providers/Microsoft.Network/virtualNetworks/cli000003\",\r\n
        \ \"etag\": \"W/\\\"ab48b4e0-b2c7-47ab-9d51-d475cd19f0c0\\\"\",\r\n  \"type\":
        \"Microsoft.Network/virtualNetworks\",\r\n  \"location\": \"centraluseuap\",\r\n
        \ \"tags\": {},\r\n  \"properties\": {\r\n    \"provisioningState\": \"Succeeded\",\r\n
        \   \"resourceGuid\": \"d5975887-6cbc-470b-b580-7cb4dc601df8\",\r\n    \"addressSpace\":
        {\r\n      \"addressPrefixes\": [\r\n        \"10.0.0.0/16\"\r\n      ]\r\n
        \   },\r\n    \"dhcpOptions\": {\r\n      \"dnsServers\": []\r\n    },\r\n
        \   \"subnets\": [],\r\n    \"virtualNetworkPeerings\": [],\r\n    \"enableDdosProtection\":
        false\r\n  }\r\n}"
    headers:
      cache-control:
      - no-cache
      content-length:
      - '770'
      content-type:
      - application/json; charset=utf-8
      date:
      - Tue, 08 Jun 2021 03:02:26 GMT
      etag:
      - W/"ab48b4e0-b2c7-47ab-9d51-d475cd19f0c0"
      expires:
      - '-1'
      pragma:
      - no-cache
      server:
      - Microsoft-HTTPAPI/2.0
      - Microsoft-HTTPAPI/2.0
      strict-transport-security:
      - max-age=31536000; includeSubDomains
      transfer-encoding:
      - chunked
      vary:
      - Accept-Encoding
      x-content-type-options:
      - nosniff
      x-ms-arm-service-request-id:
      - 28a20b31-b36e-447b-a9f2-435a20dd436c
    status:
      code: 200
      message: OK
- request:
    body: null
    headers:
      Accept:
      - application/json
      Accept-Encoding:
      - gzip, deflate
      CommandName:
      - network vnet subnet create
      Connection:
      - keep-alive
      ParameterSetName:
      - --resource-group --vnet-name --name --address-prefixes
      User-Agent:
      - AZURECLI/2.24.0 azsdk-python-azure-mgmt-network/19.0.0 Python/3.8.10 (Windows-10-10.0.19043-SP0)
    method: GET
    uri: https://management.azure.com/subscriptions/00000000-0000-0000-0000-000000000000/resourceGroups/cli_test_event_grid_pec000002/providers/Microsoft.Network/virtualNetworks/cli000003?api-version=2021-02-01
  response:
    body:
      string: "{\r\n  \"name\": \"cli000003\",\r\n  \"id\": \"/subscriptions/00000000-0000-0000-0000-000000000000/resourceGroups/cli_test_event_grid_pec000002/providers/Microsoft.Network/virtualNetworks/cli000003\",\r\n
        \ \"etag\": \"W/\\\"ab48b4e0-b2c7-47ab-9d51-d475cd19f0c0\\\"\",\r\n  \"type\":
        \"Microsoft.Network/virtualNetworks\",\r\n  \"location\": \"centraluseuap\",\r\n
        \ \"tags\": {},\r\n  \"properties\": {\r\n    \"provisioningState\": \"Succeeded\",\r\n
        \   \"resourceGuid\": \"d5975887-6cbc-470b-b580-7cb4dc601df8\",\r\n    \"addressSpace\":
        {\r\n      \"addressPrefixes\": [\r\n        \"10.0.0.0/16\"\r\n      ]\r\n
        \   },\r\n    \"dhcpOptions\": {\r\n      \"dnsServers\": []\r\n    },\r\n
        \   \"subnets\": [],\r\n    \"virtualNetworkPeerings\": [],\r\n    \"enableDdosProtection\":
        false\r\n  }\r\n}"
    headers:
      cache-control:
      - no-cache
      content-length:
      - '770'
      content-type:
      - application/json; charset=utf-8
      date:
      - Tue, 08 Jun 2021 03:02:27 GMT
      etag:
      - W/"ab48b4e0-b2c7-47ab-9d51-d475cd19f0c0"
      expires:
      - '-1'
      pragma:
      - no-cache
      server:
      - Microsoft-HTTPAPI/2.0
      - Microsoft-HTTPAPI/2.0
      strict-transport-security:
      - max-age=31536000; includeSubDomains
      transfer-encoding:
      - chunked
      vary:
      - Accept-Encoding
      x-content-type-options:
      - nosniff
      x-ms-arm-service-request-id:
      - 8a7e261e-07da-4793-b974-1b4101bd0237
    status:
      code: 200
      message: OK
- request:
    body: '{"id": "/subscriptions/00000000-0000-0000-0000-000000000000/resourceGroups/cli_test_event_grid_pec000002/providers/Microsoft.Network/virtualNetworks/cli000003",
      "location": "centraluseuap", "tags": {}, "properties": {"addressSpace": {"addressPrefixes":
      ["10.0.0.0/16"]}, "dhcpOptions": {"dnsServers": []}, "subnets": [{"name": "cli000004",
      "properties": {"addressPrefix": "10.0.0.0/24", "privateEndpointNetworkPolicies":
      "Enabled", "privateLinkServiceNetworkPolicies": "Enabled"}}], "virtualNetworkPeerings":
      [], "enableDdosProtection": false}}'
    headers:
      Accept:
      - application/json
      Accept-Encoding:
      - gzip, deflate
      CommandName:
      - network vnet subnet create
      Connection:
      - keep-alive
      Content-Length:
      - '612'
      Content-Type:
      - application/json
      ParameterSetName:
      - --resource-group --vnet-name --name --address-prefixes
      User-Agent:
      - AZURECLI/2.24.0 azsdk-python-azure-mgmt-network/19.0.0 Python/3.8.10 (Windows-10-10.0.19043-SP0)
    method: PUT
    uri: https://management.azure.com/subscriptions/00000000-0000-0000-0000-000000000000/resourceGroups/cli_test_event_grid_pec000002/providers/Microsoft.Network/virtualNetworks/cli000003?api-version=2021-02-01
  response:
    body:
      string: "{\r\n  \"name\": \"cli000003\",\r\n  \"id\": \"/subscriptions/00000000-0000-0000-0000-000000000000/resourceGroups/cli_test_event_grid_pec000002/providers/Microsoft.Network/virtualNetworks/cli000003\",\r\n
        \ \"etag\": \"W/\\\"f582fa79-0dee-4426-93e9-1bb157009f5e\\\"\",\r\n  \"type\":
        \"Microsoft.Network/virtualNetworks\",\r\n  \"location\": \"centraluseuap\",\r\n
        \ \"tags\": {},\r\n  \"properties\": {\r\n    \"provisioningState\": \"Updating\",\r\n
        \   \"resourceGuid\": \"d5975887-6cbc-470b-b580-7cb4dc601df8\",\r\n    \"addressSpace\":
        {\r\n      \"addressPrefixes\": [\r\n        \"10.0.0.0/16\"\r\n      ]\r\n
        \   },\r\n    \"dhcpOptions\": {\r\n      \"dnsServers\": []\r\n    },\r\n
        \   \"subnets\": [\r\n      {\r\n        \"name\": \"cli000004\",\r\n        \"id\":
        \"/subscriptions/00000000-0000-0000-0000-000000000000/resourceGroups/cli_test_event_grid_pec000002/providers/Microsoft.Network/virtualNetworks/cli000003/subnets/cli000004\",\r\n
        \       \"etag\": \"W/\\\"f582fa79-0dee-4426-93e9-1bb157009f5e\\\"\",\r\n
        \       \"properties\": {\r\n          \"provisioningState\": \"Updating\",\r\n
        \         \"addressPrefix\": \"10.0.0.0/24\",\r\n          \"delegations\":
        [],\r\n          \"privateEndpointNetworkPolicies\": \"Enabled\",\r\n          \"privateLinkServiceNetworkPolicies\":
        \"Enabled\"\r\n        },\r\n        \"type\": \"Microsoft.Network/virtualNetworks/subnets\"\r\n
        \     }\r\n    ],\r\n    \"virtualNetworkPeerings\": [],\r\n    \"enableDdosProtection\":
        false\r\n  }\r\n}"
    headers:
      azure-asyncoperation:
      - https://management.azure.com/subscriptions/00000000-0000-0000-0000-000000000000/providers/Microsoft.Network/locations/centraluseuap/operations/17cf417c-bd30-4adb-9eca-c4993b917319?api-version=2021-02-01
      cache-control:
      - no-cache
      content-length:
      - '1481'
      content-type:
      - application/json; charset=utf-8
      date:
      - Tue, 08 Jun 2021 03:02:28 GMT
      expires:
      - '-1'
      pragma:
      - no-cache
      server:
      - Microsoft-HTTPAPI/2.0
      - Microsoft-HTTPAPI/2.0
      strict-transport-security:
      - max-age=31536000; includeSubDomains
      transfer-encoding:
      - chunked
      vary:
      - Accept-Encoding
      x-content-type-options:
      - nosniff
      x-ms-arm-service-request-id:
      - 34d9253d-f8ee-442d-9985-f7093d71e3f9
      x-ms-ratelimit-remaining-subscription-writes:
      - '1199'
    status:
      code: 200
      message: OK
- request:
    body: null
    headers:
      Accept:
      - '*/*'
      Accept-Encoding:
      - gzip, deflate
      CommandName:
      - network vnet subnet create
      Connection:
      - keep-alive
      ParameterSetName:
      - --resource-group --vnet-name --name --address-prefixes
      User-Agent:
      - AZURECLI/2.24.0 azsdk-python-azure-mgmt-network/19.0.0 Python/3.8.10 (Windows-10-10.0.19043-SP0)
    method: GET
    uri: https://management.azure.com/subscriptions/00000000-0000-0000-0000-000000000000/providers/Microsoft.Network/locations/centraluseuap/operations/17cf417c-bd30-4adb-9eca-c4993b917319?api-version=2021-02-01
  response:
    body:
      string: "{\r\n  \"status\": \"Succeeded\"\r\n}"
    headers:
      cache-control:
      - no-cache
      content-length:
      - '29'
      content-type:
      - application/json; charset=utf-8
      date:
      - Tue, 08 Jun 2021 03:02:32 GMT
      expires:
      - '-1'
      pragma:
      - no-cache
      server:
      - Microsoft-HTTPAPI/2.0
      - Microsoft-HTTPAPI/2.0
      strict-transport-security:
      - max-age=31536000; includeSubDomains
      transfer-encoding:
      - chunked
      vary:
      - Accept-Encoding
      x-content-type-options:
      - nosniff
      x-ms-arm-service-request-id:
      - 90529ab5-c9ad-45dd-a8f5-0084c446de4b
    status:
      code: 200
      message: OK
- request:
    body: null
    headers:
      Accept:
      - '*/*'
      Accept-Encoding:
      - gzip, deflate
      CommandName:
      - network vnet subnet create
      Connection:
      - keep-alive
      ParameterSetName:
      - --resource-group --vnet-name --name --address-prefixes
      User-Agent:
      - AZURECLI/2.24.0 azsdk-python-azure-mgmt-network/19.0.0 Python/3.8.10 (Windows-10-10.0.19043-SP0)
    method: GET
    uri: https://management.azure.com/subscriptions/00000000-0000-0000-0000-000000000000/resourceGroups/cli_test_event_grid_pec000002/providers/Microsoft.Network/virtualNetworks/cli000003?api-version=2021-02-01
  response:
    body:
      string: "{\r\n  \"name\": \"cli000003\",\r\n  \"id\": \"/subscriptions/00000000-0000-0000-0000-000000000000/resourceGroups/cli_test_event_grid_pec000002/providers/Microsoft.Network/virtualNetworks/cli000003\",\r\n
        \ \"etag\": \"W/\\\"bd76c0db-5272-40b7-ba49-0b73ef4326a0\\\"\",\r\n  \"type\":
        \"Microsoft.Network/virtualNetworks\",\r\n  \"location\": \"centraluseuap\",\r\n
        \ \"tags\": {},\r\n  \"properties\": {\r\n    \"provisioningState\": \"Succeeded\",\r\n
        \   \"resourceGuid\": \"d5975887-6cbc-470b-b580-7cb4dc601df8\",\r\n    \"addressSpace\":
        {\r\n      \"addressPrefixes\": [\r\n        \"10.0.0.0/16\"\r\n      ]\r\n
        \   },\r\n    \"dhcpOptions\": {\r\n      \"dnsServers\": []\r\n    },\r\n
        \   \"subnets\": [\r\n      {\r\n        \"name\": \"cli000004\",\r\n        \"id\":
        \"/subscriptions/00000000-0000-0000-0000-000000000000/resourceGroups/cli_test_event_grid_pec000002/providers/Microsoft.Network/virtualNetworks/cli000003/subnets/cli000004\",\r\n
        \       \"etag\": \"W/\\\"bd76c0db-5272-40b7-ba49-0b73ef4326a0\\\"\",\r\n
        \       \"properties\": {\r\n          \"provisioningState\": \"Succeeded\",\r\n
        \         \"addressPrefix\": \"10.0.0.0/24\",\r\n          \"delegations\":
        [],\r\n          \"privateEndpointNetworkPolicies\": \"Enabled\",\r\n          \"privateLinkServiceNetworkPolicies\":
        \"Enabled\"\r\n        },\r\n        \"type\": \"Microsoft.Network/virtualNetworks/subnets\"\r\n
        \     }\r\n    ],\r\n    \"virtualNetworkPeerings\": [],\r\n    \"enableDdosProtection\":
        false\r\n  }\r\n}"
    headers:
      cache-control:
      - no-cache
      content-length:
      - '1483'
      content-type:
      - application/json; charset=utf-8
      date:
      - Tue, 08 Jun 2021 03:02:32 GMT
      etag:
      - W/"bd76c0db-5272-40b7-ba49-0b73ef4326a0"
      expires:
      - '-1'
      pragma:
      - no-cache
      server:
      - Microsoft-HTTPAPI/2.0
      - Microsoft-HTTPAPI/2.0
      strict-transport-security:
      - max-age=31536000; includeSubDomains
      transfer-encoding:
      - chunked
      vary:
      - Accept-Encoding
      x-content-type-options:
      - nosniff
      x-ms-arm-service-request-id:
      - e14b6417-a238-4870-81b9-0e797d8309da
    status:
      code: 200
      message: OK
- request:
    body: null
    headers:
      Accept:
      - application/json
      Accept-Encoding:
      - gzip, deflate
      CommandName:
      - network vnet subnet update
      Connection:
      - keep-alive
      ParameterSetName:
      - --resource-group --vnet-name --name --disable-private-endpoint-network-policies
      User-Agent:
      - AZURECLI/2.24.0 azsdk-python-azure-mgmt-network/19.0.0 Python/3.8.10 (Windows-10-10.0.19043-SP0)
    method: GET
    uri: https://management.azure.com/subscriptions/00000000-0000-0000-0000-000000000000/resourceGroups/cli_test_event_grid_pec000002/providers/Microsoft.Network/virtualNetworks/cli000003/subnets/cli000004?api-version=2021-02-01
  response:
    body:
      string: "{\r\n  \"name\": \"cli000004\",\r\n  \"id\": \"/subscriptions/00000000-0000-0000-0000-000000000000/resourceGroups/cli_test_event_grid_pec000002/providers/Microsoft.Network/virtualNetworks/cli000003/subnets/cli000004\",\r\n
        \ \"etag\": \"W/\\\"bd76c0db-5272-40b7-ba49-0b73ef4326a0\\\"\",\r\n  \"properties\":
        {\r\n    \"provisioningState\": \"Succeeded\",\r\n    \"addressPrefix\": \"10.0.0.0/24\",\r\n
        \   \"delegations\": [],\r\n    \"privateEndpointNetworkPolicies\": \"Enabled\",\r\n
        \   \"privateLinkServiceNetworkPolicies\": \"Enabled\"\r\n  },\r\n  \"type\":
        \"Microsoft.Network/virtualNetworks/subnets\"\r\n}"
    headers:
      cache-control:
      - no-cache
      content-length:
      - '627'
      content-type:
      - application/json; charset=utf-8
      date:
      - Tue, 08 Jun 2021 03:02:34 GMT
      etag:
      - W/"bd76c0db-5272-40b7-ba49-0b73ef4326a0"
      expires:
      - '-1'
      pragma:
      - no-cache
      server:
      - Microsoft-HTTPAPI/2.0
      - Microsoft-HTTPAPI/2.0
      strict-transport-security:
      - max-age=31536000; includeSubDomains
      transfer-encoding:
      - chunked
      vary:
      - Accept-Encoding
      x-content-type-options:
      - nosniff
      x-ms-arm-service-request-id:
      - a9225439-4205-4c08-8239-1025c2ad0ecc
    status:
      code: 200
      message: OK
- request:
    body: '{"id": "/subscriptions/00000000-0000-0000-0000-000000000000/resourceGroups/cli_test_event_grid_pec000002/providers/Microsoft.Network/virtualNetworks/cli000003/subnets/cli000004",
      "name": "cli000004", "type": "Microsoft.Network/virtualNetworks/subnets", "properties":
      {"addressPrefix": "10.0.0.0/24", "delegations": [], "privateEndpointNetworkPolicies":
      "Disabled", "privateLinkServiceNetworkPolicies": "Enabled"}}'
    headers:
      Accept:
      - application/json
      Accept-Encoding:
      - gzip, deflate
      CommandName:
      - network vnet subnet update
      Connection:
      - keep-alive
      Content-Length:
      - '492'
      Content-Type:
      - application/json
      ParameterSetName:
      - --resource-group --vnet-name --name --disable-private-endpoint-network-policies
      User-Agent:
      - AZURECLI/2.24.0 azsdk-python-azure-mgmt-network/19.0.0 Python/3.8.10 (Windows-10-10.0.19043-SP0)
    method: PUT
    uri: https://management.azure.com/subscriptions/00000000-0000-0000-0000-000000000000/resourceGroups/cli_test_event_grid_pec000002/providers/Microsoft.Network/virtualNetworks/cli000003/subnets/cli000004?api-version=2021-02-01
  response:
    body:
      string: "{\r\n  \"name\": \"cli000004\",\r\n  \"id\": \"/subscriptions/00000000-0000-0000-0000-000000000000/resourceGroups/cli_test_event_grid_pec000002/providers/Microsoft.Network/virtualNetworks/cli000003/subnets/cli000004\",\r\n
        \ \"etag\": \"W/\\\"56e776c9-560c-438f-a3f2-72bc0b5b60c5\\\"\",\r\n  \"properties\":
        {\r\n    \"provisioningState\": \"Updating\",\r\n    \"addressPrefix\": \"10.0.0.0/24\",\r\n
        \   \"delegations\": [],\r\n    \"privateEndpointNetworkPolicies\": \"Disabled\",\r\n
        \   \"privateLinkServiceNetworkPolicies\": \"Enabled\"\r\n  },\r\n  \"type\":
        \"Microsoft.Network/virtualNetworks/subnets\"\r\n}"
    headers:
      azure-asyncoperation:
      - https://management.azure.com/subscriptions/00000000-0000-0000-0000-000000000000/providers/Microsoft.Network/locations/centraluseuap/operations/efe7a5d4-6d2e-44e7-a552-fa19c8666027?api-version=2021-02-01
      cache-control:
      - no-cache
      content-length:
      - '627'
      content-type:
      - application/json; charset=utf-8
      date:
      - Tue, 08 Jun 2021 03:02:34 GMT
      expires:
      - '-1'
      pragma:
      - no-cache
      server:
      - Microsoft-HTTPAPI/2.0
      - Microsoft-HTTPAPI/2.0
      strict-transport-security:
      - max-age=31536000; includeSubDomains
      transfer-encoding:
      - chunked
      vary:
      - Accept-Encoding
      x-content-type-options:
      - nosniff
      x-ms-arm-service-request-id:
      - 9693f73b-f245-408f-bb1f-a9cc39ffbbc6
      x-ms-ratelimit-remaining-subscription-writes:
      - '1198'
    status:
      code: 200
      message: OK
- request:
    body: null
    headers:
      Accept:
      - '*/*'
      Accept-Encoding:
      - gzip, deflate
      CommandName:
      - network vnet subnet update
      Connection:
      - keep-alive
      ParameterSetName:
      - --resource-group --vnet-name --name --disable-private-endpoint-network-policies
      User-Agent:
      - AZURECLI/2.24.0 azsdk-python-azure-mgmt-network/19.0.0 Python/3.8.10 (Windows-10-10.0.19043-SP0)
    method: GET
    uri: https://management.azure.com/subscriptions/00000000-0000-0000-0000-000000000000/providers/Microsoft.Network/locations/centraluseuap/operations/efe7a5d4-6d2e-44e7-a552-fa19c8666027?api-version=2021-02-01
  response:
    body:
      string: "{\r\n  \"status\": \"Succeeded\"\r\n}"
    headers:
      cache-control:
      - no-cache
      content-length:
      - '29'
      content-type:
      - application/json; charset=utf-8
      date:
      - Tue, 08 Jun 2021 03:02:37 GMT
      expires:
      - '-1'
      pragma:
      - no-cache
      server:
      - Microsoft-HTTPAPI/2.0
      - Microsoft-HTTPAPI/2.0
      strict-transport-security:
      - max-age=31536000; includeSubDomains
      transfer-encoding:
      - chunked
      vary:
      - Accept-Encoding
      x-content-type-options:
      - nosniff
      x-ms-arm-service-request-id:
      - d0a596c3-44aa-4c19-a79f-fa92de266f45
    status:
      code: 200
      message: OK
- request:
    body: null
    headers:
      Accept:
      - '*/*'
      Accept-Encoding:
      - gzip, deflate
      CommandName:
      - network vnet subnet update
      Connection:
      - keep-alive
      ParameterSetName:
      - --resource-group --vnet-name --name --disable-private-endpoint-network-policies
      User-Agent:
      - AZURECLI/2.24.0 azsdk-python-azure-mgmt-network/19.0.0 Python/3.8.10 (Windows-10-10.0.19043-SP0)
    method: GET
    uri: https://management.azure.com/subscriptions/00000000-0000-0000-0000-000000000000/resourceGroups/cli_test_event_grid_pec000002/providers/Microsoft.Network/virtualNetworks/cli000003/subnets/cli000004?api-version=2021-02-01
  response:
    body:
      string: "{\r\n  \"name\": \"cli000004\",\r\n  \"id\": \"/subscriptions/00000000-0000-0000-0000-000000000000/resourceGroups/cli_test_event_grid_pec000002/providers/Microsoft.Network/virtualNetworks/cli000003/subnets/cli000004\",\r\n
        \ \"etag\": \"W/\\\"1cff55f8-54b9-4b01-b3f7-352d4e0f6af9\\\"\",\r\n  \"properties\":
        {\r\n    \"provisioningState\": \"Succeeded\",\r\n    \"addressPrefix\": \"10.0.0.0/24\",\r\n
        \   \"delegations\": [],\r\n    \"privateEndpointNetworkPolicies\": \"Disabled\",\r\n
        \   \"privateLinkServiceNetworkPolicies\": \"Enabled\"\r\n  },\r\n  \"type\":
        \"Microsoft.Network/virtualNetworks/subnets\"\r\n}"
    headers:
      cache-control:
      - no-cache
      content-length:
      - '628'
      content-type:
      - application/json; charset=utf-8
      date:
      - Tue, 08 Jun 2021 03:02:37 GMT
      etag:
      - W/"1cff55f8-54b9-4b01-b3f7-352d4e0f6af9"
      expires:
      - '-1'
      pragma:
      - no-cache
      server:
      - Microsoft-HTTPAPI/2.0
      - Microsoft-HTTPAPI/2.0
      strict-transport-security:
      - max-age=31536000; includeSubDomains
      transfer-encoding:
      - chunked
      vary:
      - Accept-Encoding
      x-content-type-options:
      - nosniff
      x-ms-arm-service-request-id:
      - 39ee8550-994d-43e0-8740-3db1c6af8969
    status:
      code: 200
      message: OK
- request:
    body: '{"location": "centraluseuap", "properties": {"inputSchema": "EventGridSchema",
      "publicNetworkAccess": "disabled"}, "sku": {"name": "Basic"}, "identity": {"type":
      "None"}}'
    headers:
      Accept:
      - application/json
      Accept-Encoding:
      - gzip, deflate
      CommandName:
      - eventgrid topic create
      Connection:
      - keep-alive
      Content-Length:
      - '170'
      Content-Type:
      - application/json; charset=utf-8
      ParameterSetName:
      - --name --resource-group --location --public-network-access
      User-Agent:
      - python/3.8.10 (Windows-10-10.0.19043-SP0) msrest/0.6.21 msrest_azure/0.6.3
        azure-mgmt-eventgrid/3.0.0rc6 Azure-SDK-For-Python AZURECLI/2.24.0
      accept-language:
      - en-US
    method: PUT
    uri: https://management.azure.com/subscriptions/00000000-0000-0000-0000-000000000000/resourceGroups/cli_test_event_grid_pec000001/providers/Microsoft.EventGrid/topics/cli000007?api-version=2020-04-01-preview
  response:
    body:
      string: '{"properties":{"provisioningState":"Creating","endpoint":null,"inputSchema":"EventGridSchema","publicNetworkAccess":"Disabled"},"sku":{"name":"Basic"},"identity":{"type":"None","principalId":null,"tenantId":null,"userAssignedIdentities":null},"location":"centraluseuap","tags":null,"id":"/subscriptions/00000000-0000-0000-0000-000000000000/resourceGroups/cli_test_event_grid_pec000001/providers/Microsoft.EventGrid/topics/cli000007","name":"cli000007","type":"Microsoft.EventGrid/topics"}'
    headers:
      azure-asyncoperation:
      - https://management.azure.com:443/subscriptions/00000000-0000-0000-0000-000000000000/providers/Microsoft.EventGrid/locations/centraluseuap/operationsStatus/7AA194D1-1E03-4075-9471-F6FFA9FF524E?api-version=2020-04-01-preview
      cache-control:
      - no-cache
      content-length:
      - '596'
      content-type:
      - application/json; charset=utf-8
      date:
      - Tue, 08 Jun 2021 03:02:47 GMT
      expires:
      - '-1'
      pragma:
      - no-cache
      server:
      - Microsoft-HTTPAPI/2.0
      strict-transport-security:
      - max-age=31536000; includeSubDomains
      x-content-type-options:
      - nosniff
      x-ms-ratelimit-remaining-subscription-writes:
      - '1197'
    status:
      code: 201
      message: Created
- request:
    body: null
    headers:
      Accept:
      - application/json
      Accept-Encoding:
      - gzip, deflate
      CommandName:
      - eventgrid topic create
      Connection:
      - keep-alive
      ParameterSetName:
      - --name --resource-group --location --public-network-access
      User-Agent:
      - python/3.8.10 (Windows-10-10.0.19043-SP0) msrest/0.6.21 msrest_azure/0.6.3
        azure-mgmt-eventgrid/3.0.0rc6 Azure-SDK-For-Python AZURECLI/2.24.0
    method: GET
    uri: https://management.azure.com/subscriptions/00000000-0000-0000-0000-000000000000/providers/Microsoft.EventGrid/locations/centraluseuap/operationsStatus/7AA194D1-1E03-4075-9471-F6FFA9FF524E?api-version=2020-04-01-preview
  response:
    body:
      string: '{"id":"https://management.azure.com/subscriptions/00000000-0000-0000-0000-000000000000/providers/Microsoft.EventGrid/locations/centraluseuap/operationsStatus/7AA194D1-1E03-4075-9471-F6FFA9FF524E?api-version=2020-04-01-preview","name":"7aa194d1-1e03-4075-9471-f6ffa9ff524e","status":"Succeeded"}'
    headers:
      cache-control:
      - no-cache
      content-length:
      - '294'
      content-type:
      - application/json; charset=utf-8
      date:
      - Tue, 08 Jun 2021 03:02:59 GMT
      expires:
      - '-1'
      pragma:
      - no-cache
      server:
      - Microsoft-HTTPAPI/2.0
      strict-transport-security:
      - max-age=31536000; includeSubDomains
      transfer-encoding:
      - chunked
      vary:
      - Accept-Encoding
      x-content-type-options:
      - nosniff
    status:
      code: 200
      message: OK
- request:
    body: null
    headers:
      Accept:
      - application/json
      Accept-Encoding:
      - gzip, deflate
      CommandName:
      - eventgrid topic create
      Connection:
      - keep-alive
      ParameterSetName:
      - --name --resource-group --location --public-network-access
      User-Agent:
      - python/3.8.10 (Windows-10-10.0.19043-SP0) msrest/0.6.21 msrest_azure/0.6.3
        azure-mgmt-eventgrid/3.0.0rc6 Azure-SDK-For-Python AZURECLI/2.24.0
    method: GET
    uri: https://management.azure.com/subscriptions/00000000-0000-0000-0000-000000000000/resourceGroups/cli_test_event_grid_pec000001/providers/Microsoft.EventGrid/topics/cli000007?api-version=2020-04-01-preview
  response:
    body:
      string: '{"properties":{"provisioningState":"Succeeded","endpoint":"https://cli000007.centraluseuap-1.eventgrid.azure.net/api/events","inputSchema":"EventGridSchema","metricResourceId":"7f67bccf-c181-4a39-9d68-068c9c36007b","publicNetworkAccess":"Disabled"},"sku":{"name":"Basic"},"identity":{"type":"None","principalId":null,"tenantId":null,"userAssignedIdentities":null},"location":"centraluseuap","tags":null,"id":"/subscriptions/00000000-0000-0000-0000-000000000000/resourceGroups/cli_test_event_grid_pec000001/providers/Microsoft.EventGrid/topics/cli000007","name":"cli000007","type":"Microsoft.EventGrid/topics"}'
    headers:
      cache-control:
      - no-cache
      content-length:
      - '748'
      content-type:
      - application/json; charset=utf-8
      date:
      - Tue, 08 Jun 2021 03:03:00 GMT
      expires:
      - '-1'
      pragma:
      - no-cache
      server:
      - Microsoft-HTTPAPI/2.0
      strict-transport-security:
      - max-age=31536000; includeSubDomains
      transfer-encoding:
      - chunked
      vary:
      - Accept-Encoding
      x-content-type-options:
      - nosniff
    status:
      code: 200
      message: OK
- request:
    body: '{"location": "centraluseuap", "properties": {"subnet": {"id": "/subscriptions/00000000-0000-0000-0000-000000000000/resourceGroups/cli_test_event_grid_pec000002/providers/Microsoft.Network/virtualNetworks/cli000003/subnets/cli000004",
      "properties": {"privateEndpointNetworkPolicies": "Enabled", "privateLinkServiceNetworkPolicies":
      "Enabled"}}, "privateLinkServiceConnections": [{"name": "cli000006", "properties":
      {"privateLinkServiceId": "/subscriptions/00000000-0000-0000-0000-000000000000/resourceGroups/cli_test_event_grid_pec000001/providers/Microsoft.EventGrid/topics/cli000007",
      "groupIds": ["topic"]}}]}}'
    headers:
      Accept:
      - application/json
      Accept-Encoding:
      - gzip, deflate
      CommandName:
      - network private-endpoint create
      Connection:
      - keep-alive
      Content-Length:
      - '768'
      Content-Type:
      - application/json
      ParameterSetName:
      - --resource-group --name --vnet-name --subnet --private-connection-resource-id
        --location --group-ids --connection-name
      User-Agent:
      - AZURECLI/2.24.0 azsdk-python-azure-mgmt-network/19.0.0 Python/3.8.10 (Windows-10-10.0.19043-SP0)
    method: PUT
    uri: https://management.azure.com/subscriptions/00000000-0000-0000-0000-000000000000/resourceGroups/cli_test_event_grid_pec000002/providers/Microsoft.Network/privateEndpoints/cli000005?api-version=2021-02-01
  response:
    body:
      string: "{\r\n  \"name\": \"cli000005\",\r\n  \"id\": \"/subscriptions/00000000-0000-0000-0000-000000000000/resourceGroups/cli_test_event_grid_pec000002/providers/Microsoft.Network/privateEndpoints/cli000005\",\r\n
        \ \"etag\": \"W/\\\"b9e97929-66f7-492a-9d21-c66c7cba029f\\\"\",\r\n  \"type\":
        \"Microsoft.Network/privateEndpoints\",\r\n  \"location\": \"centraluseuap\",\r\n
        \ \"properties\": {\r\n    \"provisioningState\": \"Updating\",\r\n    \"resourceGuid\":
        \"ea88a989-9b75-4d13-be94-336e65b2aa09\",\r\n    \"privateLinkServiceConnections\":
        [\r\n      {\r\n        \"name\": \"cli000006\",\r\n        \"id\": \"/subscriptions/00000000-0000-0000-0000-000000000000/resourceGroups/cli_test_event_grid_pec000002/providers/Microsoft.Network/privateEndpoints/cli000005/privateLinkServiceConnections/cli000006\",\r\n
        \       \"etag\": \"W/\\\"b9e97929-66f7-492a-9d21-c66c7cba029f\\\"\",\r\n
        \       \"properties\": {\r\n          \"provisioningState\": \"Succeeded\",\r\n
        \         \"privateLinkServiceId\": \"/subscriptions/00000000-0000-0000-0000-000000000000/resourceGroups/cli_test_event_grid_pec000001/providers/Microsoft.EventGrid/topics/cli000007\",\r\n
        \         \"groupIds\": [\r\n            \"topic\"\r\n          ],\r\n          \"privateLinkServiceConnectionState\":
        {\r\n            \"status\": \"Approved\",\r\n            \"description\":
        \"\",\r\n            \"actionsRequired\": \"None\"\r\n          }\r\n        },\r\n
        \       \"type\": \"Microsoft.Network/privateEndpoints/privateLinkServiceConnections\"\r\n
        \     }\r\n    ],\r\n    \"manualPrivateLinkServiceConnections\": [],\r\n
        \   \"subnet\": {\r\n      \"id\": \"/subscriptions/00000000-0000-0000-0000-000000000000/resourceGroups/cli_test_event_grid_pec000002/providers/Microsoft.Network/virtualNetworks/cli000003/subnets/cli000004\"\r\n
        \   },\r\n    \"networkInterfaces\": [\r\n      {\r\n        \"id\": \"/subscriptions/00000000-0000-0000-0000-000000000000/resourceGroups/cli_test_event_grid_pec000002/providers/Microsoft.Network/networkInterfaces/cli000005.nic.e0ba13d0-a706-4ee6-b5d2-6d5c38c71584\"\r\n
        \     }\r\n    ],\r\n    \"customDnsConfigs\": []\r\n  }\r\n}"
    headers:
      azure-asyncnotification:
      - Enabled
      azure-asyncoperation:
      - https://management.azure.com/subscriptions/00000000-0000-0000-0000-000000000000/providers/Microsoft.Network/locations/centraluseuap/operations/75fa4596-e343-44a3-bba2-393825c9de06?api-version=2021-02-01
      cache-control:
      - no-cache
      content-length:
      - '2298'
      content-type:
      - application/json; charset=utf-8
      date:
      - Tue, 08 Jun 2021 03:03:05 GMT
      expires:
      - '-1'
      pragma:
      - no-cache
      server:
      - Microsoft-HTTPAPI/2.0
      - Microsoft-HTTPAPI/2.0
      strict-transport-security:
      - max-age=31536000; includeSubDomains
      x-content-type-options:
      - nosniff
      x-ms-arm-service-request-id:
      - a6c971f2-bb6f-45f4-a764-98433a856289
      x-ms-ratelimit-remaining-subscription-writes:
      - '1195'
    status:
      code: 201
      message: Created
- request:
    body: null
    headers:
      Accept:
      - '*/*'
      Accept-Encoding:
      - gzip, deflate
      CommandName:
      - network private-endpoint create
      Connection:
      - keep-alive
      ParameterSetName:
      - --resource-group --name --vnet-name --subnet --private-connection-resource-id
        --location --group-ids --connection-name
      User-Agent:
      - AZURECLI/2.24.0 azsdk-python-azure-mgmt-network/19.0.0 Python/3.8.10 (Windows-10-10.0.19043-SP0)
    method: GET
    uri: https://management.azure.com/subscriptions/00000000-0000-0000-0000-000000000000/providers/Microsoft.Network/locations/centraluseuap/operations/75fa4596-e343-44a3-bba2-393825c9de06?api-version=2021-02-01
  response:
    body:
      string: "{\r\n  \"status\": \"InProgress\"\r\n}"
    headers:
      cache-control:
      - no-cache
      content-length:
      - '30'
      content-type:
      - application/json; charset=utf-8
      date:
      - Tue, 08 Jun 2021 03:03:17 GMT
      expires:
      - '-1'
      pragma:
      - no-cache
      server:
      - Microsoft-HTTPAPI/2.0
      - Microsoft-HTTPAPI/2.0
      strict-transport-security:
      - max-age=31536000; includeSubDomains
      transfer-encoding:
      - chunked
      vary:
      - Accept-Encoding
      x-content-type-options:
      - nosniff
      x-ms-arm-service-request-id:
      - e2532946-ea74-4cce-9bd6-31585f1b72d5
    status:
      code: 200
      message: OK
- request:
    body: null
    headers:
      Accept:
      - '*/*'
      Accept-Encoding:
      - gzip, deflate
      CommandName:
      - network private-endpoint create
      Connection:
      - keep-alive
      ParameterSetName:
      - --resource-group --name --vnet-name --subnet --private-connection-resource-id
        --location --group-ids --connection-name
      User-Agent:
      - AZURECLI/2.24.0 azsdk-python-azure-mgmt-network/19.0.0 Python/3.8.10 (Windows-10-10.0.19043-SP0)
    method: GET
    uri: https://management.azure.com/subscriptions/00000000-0000-0000-0000-000000000000/providers/Microsoft.Network/locations/centraluseuap/operations/75fa4596-e343-44a3-bba2-393825c9de06?api-version=2021-02-01
  response:
    body:
      string: "{\r\n  \"status\": \"InProgress\"\r\n}"
    headers:
      cache-control:
      - no-cache
      content-length:
      - '30'
      content-type:
      - application/json; charset=utf-8
      date:
      - Tue, 08 Jun 2021 03:03:27 GMT
      expires:
      - '-1'
      pragma:
      - no-cache
      server:
      - Microsoft-HTTPAPI/2.0
      - Microsoft-HTTPAPI/2.0
      strict-transport-security:
      - max-age=31536000; includeSubDomains
      transfer-encoding:
      - chunked
      vary:
      - Accept-Encoding
      x-content-type-options:
      - nosniff
      x-ms-arm-service-request-id:
      - 742642d1-9ea5-427e-90be-1b107960480f
    status:
      code: 200
      message: OK
- request:
    body: null
    headers:
      Accept:
      - '*/*'
      Accept-Encoding:
      - gzip, deflate
      CommandName:
      - network private-endpoint create
      Connection:
      - keep-alive
      ParameterSetName:
      - --resource-group --name --vnet-name --subnet --private-connection-resource-id
        --location --group-ids --connection-name
      User-Agent:
      - AZURECLI/2.24.0 azsdk-python-azure-mgmt-network/19.0.0 Python/3.8.10 (Windows-10-10.0.19043-SP0)
    method: GET
    uri: https://management.azure.com/subscriptions/00000000-0000-0000-0000-000000000000/providers/Microsoft.Network/locations/centraluseuap/operations/75fa4596-e343-44a3-bba2-393825c9de06?api-version=2021-02-01
  response:
    body:
      string: "{\r\n  \"status\": \"Succeeded\"\r\n}"
    headers:
      cache-control:
      - no-cache
      content-length:
      - '29'
      content-type:
      - application/json; charset=utf-8
      date:
      - Tue, 08 Jun 2021 03:03:47 GMT
      expires:
      - '-1'
      pragma:
      - no-cache
      server:
      - Microsoft-HTTPAPI/2.0
      - Microsoft-HTTPAPI/2.0
      strict-transport-security:
      - max-age=31536000; includeSubDomains
      transfer-encoding:
      - chunked
      vary:
      - Accept-Encoding
      x-content-type-options:
      - nosniff
      x-ms-arm-service-request-id:
      - 35e04368-930d-48c8-b524-e0e3f45f7b1d
    status:
      code: 200
      message: OK
- request:
    body: null
    headers:
      Accept:
      - '*/*'
      Accept-Encoding:
      - gzip, deflate
      CommandName:
      - network private-endpoint create
      Connection:
      - keep-alive
      ParameterSetName:
      - --resource-group --name --vnet-name --subnet --private-connection-resource-id
        --location --group-ids --connection-name
      User-Agent:
      - AZURECLI/2.24.0 azsdk-python-azure-mgmt-network/19.0.0 Python/3.8.10 (Windows-10-10.0.19043-SP0)
    method: GET
    uri: https://management.azure.com/subscriptions/00000000-0000-0000-0000-000000000000/resourceGroups/cli_test_event_grid_pec000002/providers/Microsoft.Network/privateEndpoints/cli000005?api-version=2021-02-01
  response:
    body:
      string: "{\r\n  \"name\": \"cli000005\",\r\n  \"id\": \"/subscriptions/00000000-0000-0000-0000-000000000000/resourceGroups/cli_test_event_grid_pec000002/providers/Microsoft.Network/privateEndpoints/cli000005\",\r\n
        \ \"etag\": \"W/\\\"732a257a-2e73-4ce1-bed5-be9154c811fc\\\"\",\r\n  \"type\":
        \"Microsoft.Network/privateEndpoints\",\r\n  \"location\": \"centraluseuap\",\r\n
        \ \"properties\": {\r\n    \"provisioningState\": \"Succeeded\",\r\n    \"resourceGuid\":
        \"ea88a989-9b75-4d13-be94-336e65b2aa09\",\r\n    \"privateLinkServiceConnections\":
        [\r\n      {\r\n        \"name\": \"cli000006\",\r\n        \"id\": \"/subscriptions/00000000-0000-0000-0000-000000000000/resourceGroups/cli_test_event_grid_pec000002/providers/Microsoft.Network/privateEndpoints/cli000005/privateLinkServiceConnections/cli000006\",\r\n
        \       \"etag\": \"W/\\\"732a257a-2e73-4ce1-bed5-be9154c811fc\\\"\",\r\n
        \       \"properties\": {\r\n          \"provisioningState\": \"Succeeded\",\r\n
        \         \"privateLinkServiceId\": \"/subscriptions/00000000-0000-0000-0000-000000000000/resourceGroups/cli_test_event_grid_pec000001/providers/Microsoft.EventGrid/topics/cli000007\",\r\n
        \         \"groupIds\": [\r\n            \"topic\"\r\n          ],\r\n          \"privateLinkServiceConnectionState\":
        {\r\n            \"status\": \"Approved\",\r\n            \"description\":
        \"Auto-approved\",\r\n            \"actionsRequired\": \"None\"\r\n          }\r\n
        \       },\r\n        \"type\": \"Microsoft.Network/privateEndpoints/privateLinkServiceConnections\"\r\n
        \     }\r\n    ],\r\n    \"manualPrivateLinkServiceConnections\": [],\r\n
        \   \"subnet\": {\r\n      \"id\": \"/subscriptions/00000000-0000-0000-0000-000000000000/resourceGroups/cli_test_event_grid_pec000002/providers/Microsoft.Network/virtualNetworks/cli000003/subnets/cli000004\"\r\n
        \   },\r\n    \"networkInterfaces\": [\r\n      {\r\n        \"id\": \"/subscriptions/00000000-0000-0000-0000-000000000000/resourceGroups/cli_test_event_grid_pec000002/providers/Microsoft.Network/networkInterfaces/cli000005.nic.e0ba13d0-a706-4ee6-b5d2-6d5c38c71584\"\r\n
        \     }\r\n    ],\r\n    \"customDnsConfigs\": [\r\n      {\r\n        \"fqdn\":
        \"cli000007.centraluseuap-1.eventgrid.azure.net\",\r\n        \"ipAddresses\":
        [\r\n          \"10.0.0.4\"\r\n        ]\r\n      }\r\n    ]\r\n  }\r\n}"
    headers:
      cache-control:
      - no-cache
      content-length:
      - '2492'
      content-type:
      - application/json; charset=utf-8
      date:
      - Tue, 08 Jun 2021 03:03:47 GMT
      etag:
      - W/"732a257a-2e73-4ce1-bed5-be9154c811fc"
      expires:
      - '-1'
      pragma:
      - no-cache
      server:
      - Microsoft-HTTPAPI/2.0
      - Microsoft-HTTPAPI/2.0
      strict-transport-security:
      - max-age=31536000; includeSubDomains
      transfer-encoding:
      - chunked
      vary:
      - Accept-Encoding
      x-content-type-options:
      - nosniff
      x-ms-arm-service-request-id:
      - d85c31a0-719b-4f50-a924-35ce68f40ae3
    status:
      code: 200
      message: OK
- request:
    body: null
    headers:
      Accept:
      - application/json
      Accept-Encoding:
      - gzip, deflate
      CommandName:
      - eventgrid topic show
      Connection:
      - keep-alive
      ParameterSetName:
      - --name --resource-group
      User-Agent:
      - python/3.8.10 (Windows-10-10.0.19043-SP0) msrest/0.6.21 msrest_azure/0.6.3
        azure-mgmt-eventgrid/3.0.0rc6 Azure-SDK-For-Python AZURECLI/2.24.0
      accept-language:
      - en-US
    method: GET
    uri: https://management.azure.com/subscriptions/00000000-0000-0000-0000-000000000000/resourceGroups/cli_test_event_grid_pec000001/providers/Microsoft.EventGrid/topics/cli000007?api-version=2020-04-01-preview
  response:
    body:
      string: '{"properties":{"privateEndpointConnections":[{"properties":{"privateEndpoint":{"id":"/subscriptions/00000000-0000-0000-0000-000000000000/resourceGroups/cli_test_event_grid_pec000002/providers/Microsoft.Network/privateEndpoints/cli000005"},"groupIds":["topic"],"privateLinkServiceConnectionState":{"status":"Approved","description":"Auto-approved","actionsRequired":"None"},"provisioningState":"Succeeded"},"id":"/subscriptions/00000000-0000-0000-0000-000000000000/resourceGroups/cli_test_event_grid_pec000001/providers/Microsoft.EventGrid/topics/cli000007/privateEndpointConnections/cli000005.ea88a989-9b75-4d13-be94-336e65b2aa09","name":"cli000005.ea88a989-9b75-4d13-be94-336e65b2aa09","type":"Microsoft.EventGrid/topics/privateEndpointConnections"}],"provisioningState":"Succeeded","endpoint":"https://cli000007.centraluseuap-1.eventgrid.azure.net/api/events","inputSchema":"EventGridSchema","metricResourceId":"7f67bccf-c181-4a39-9d68-068c9c36007b","publicNetworkAccess":"Disabled"},"sku":{"name":"Basic"},"identity":{"type":"None","principalId":null,"tenantId":null,"userAssignedIdentities":null},"location":"centraluseuap","tags":null,"id":"/subscriptions/00000000-0000-0000-0000-000000000000/resourceGroups/cli_test_event_grid_pec000001/providers/Microsoft.EventGrid/topics/cli000007","name":"cli000007","type":"Microsoft.EventGrid/topics"}'
    headers:
      cache-control:
      - no-cache
      content-length:
      - '1641'
      content-type:
      - application/json; charset=utf-8
      date:
      - Tue, 08 Jun 2021 03:03:49 GMT
      expires:
      - '-1'
      pragma:
      - no-cache
      server:
      - Microsoft-HTTPAPI/2.0
      strict-transport-security:
      - max-age=31536000; includeSubDomains
      transfer-encoding:
      - chunked
      vary:
      - Accept-Encoding
      x-content-type-options:
      - nosniff
    status:
      code: 200
      message: OK
- request:
    body: null
    headers:
      Accept:
      - '*/*'
      Accept-Encoding:
      - gzip, deflate
      CommandName:
      - network private-endpoint-connection list
      Connection:
      - keep-alive
      ParameterSetName:
      - --resource-group --name --type
      User-Agent:
      - python/3.8.10 (Windows-10-10.0.19043-SP0) AZURECLI/2.24.0
    method: GET
    uri: https://management.azure.com/subscriptions/00000000-0000-0000-0000-000000000000/resourceGroups/cli_test_event_grid_pec000001/providers/Microsoft.EventGrid/topics/cli000007/privateEndpointConnections?api-version=2020-04-01-preview
  response:
    body:
      string: '{"value":[{"properties":{"privateEndpoint":{"id":"/subscriptions/00000000-0000-0000-0000-000000000000/resourceGroups/cli_test_event_grid_pec000002/providers/Microsoft.Network/privateEndpoints/cli000005"},"groupIds":["topic"],"privateLinkServiceConnectionState":{"status":"Approved","description":"Auto-approved","actionsRequired":"None"},"provisioningState":"Succeeded"},"id":"/subscriptions/00000000-0000-0000-0000-000000000000/resourceGroups/cli_test_event_grid_pec000001/providers/Microsoft.EventGrid/topics/cli000007/privateEndpointConnections/cli000005.ea88a989-9b75-4d13-be94-336e65b2aa09","name":"cli000005.ea88a989-9b75-4d13-be94-336e65b2aa09","type":"Microsoft.EventGrid/topics/privateEndpointConnections"}]}'
    headers:
      cache-control:
      - no-cache
      content-length:
      - '873'
      content-type:
      - application/json; charset=utf-8
      date:
      - Tue, 08 Jun 2021 03:03:51 GMT
      expires:
      - '-1'
      pragma:
      - no-cache
      server:
      - Microsoft-HTTPAPI/2.0
      strict-transport-security:
      - max-age=31536000; includeSubDomains
      transfer-encoding:
      - chunked
      vary:
      - Accept-Encoding
      x-content-type-options:
      - nosniff
    status:
      code: 200
      message: OK
- request:
    body: null
    headers:
      Accept:
      - '*/*'
      Accept-Encoding:
      - gzip, deflate
      CommandName:
      - network private-endpoint-connection show
      Connection:
      - keep-alive
      ParameterSetName:
      - --resource-group --resource-name --name --type
      User-Agent:
      - python/3.8.10 (Windows-10-10.0.19043-SP0) AZURECLI/2.24.0
    method: GET
    uri: https://management.azure.com/subscriptions/00000000-0000-0000-0000-000000000000/resourceGroups/cli_test_event_grid_pec000001/providers/Microsoft.EventGrid/topics/cli000007/privateEndpointConnections/cli000005.ea88a989-9b75-4d13-be94-336e65b2aa09?api-version=2020-04-01-preview
  response:
    body:
      string: '{"properties":{"privateEndpoint":{"id":"/subscriptions/00000000-0000-0000-0000-000000000000/resourceGroups/cli_test_event_grid_pec000002/providers/Microsoft.Network/privateEndpoints/cli000005"},"groupIds":["topic"],"privateLinkServiceConnectionState":{"status":"Approved","description":"Auto-approved","actionsRequired":"None"},"provisioningState":"Succeeded"},"id":"/subscriptions/00000000-0000-0000-0000-000000000000/resourceGroups/cli_test_event_grid_pec000001/providers/Microsoft.EventGrid/topics/cli000007/privateEndpointConnections/cli000005.ea88a989-9b75-4d13-be94-336e65b2aa09","name":"cli000005.ea88a989-9b75-4d13-be94-336e65b2aa09","type":"Microsoft.EventGrid/topics/privateEndpointConnections"}'
    headers:
      cache-control:
      - no-cache
      content-length:
      - '861'
      content-type:
      - application/json; charset=utf-8
      date:
      - Tue, 08 Jun 2021 03:03:54 GMT
      expires:
      - '-1'
      pragma:
      - no-cache
      server:
      - Microsoft-HTTPAPI/2.0
      strict-transport-security:
      - max-age=31536000; includeSubDomains
      transfer-encoding:
      - chunked
      vary:
      - Accept-Encoding
      x-content-type-options:
      - nosniff
    status:
      code: 200
      message: OK
- request:
    body: null
    headers:
      Accept:
      - '*/*'
      Accept-Encoding:
      - gzip, deflate
      CommandName:
      - network private-endpoint-connection approve
      Connection:
      - keep-alive
      ParameterSetName:
      - --resource-group --resource-name --name --type --description
      User-Agent:
      - python/3.8.10 (Windows-10-10.0.19043-SP0) AZURECLI/2.24.0
    method: GET
    uri: https://management.azure.com/subscriptions/00000000-0000-0000-0000-000000000000/resourceGroups/cli_test_event_grid_pec000001/providers/Microsoft.EventGrid/topics/cli000007/privateEndpointConnections/cli000005.ea88a989-9b75-4d13-be94-336e65b2aa09?api-version=2020-04-01-preview
  response:
    body:
      string: '{"properties":{"privateEndpoint":{"id":"/subscriptions/00000000-0000-0000-0000-000000000000/resourceGroups/cli_test_event_grid_pec000002/providers/Microsoft.Network/privateEndpoints/cli000005"},"groupIds":["topic"],"privateLinkServiceConnectionState":{"status":"Approved","description":"Auto-approved","actionsRequired":"None"},"provisioningState":"Succeeded"},"id":"/subscriptions/00000000-0000-0000-0000-000000000000/resourceGroups/cli_test_event_grid_pec000001/providers/Microsoft.EventGrid/topics/cli000007/privateEndpointConnections/cli000005.ea88a989-9b75-4d13-be94-336e65b2aa09","name":"cli000005.ea88a989-9b75-4d13-be94-336e65b2aa09","type":"Microsoft.EventGrid/topics/privateEndpointConnections"}'
    headers:
      cache-control:
      - no-cache
      content-length:
      - '861'
      content-type:
      - application/json; charset=utf-8
      date:
      - Tue, 08 Jun 2021 03:03:55 GMT
      expires:
      - '-1'
      pragma:
      - no-cache
      server:
      - Microsoft-HTTPAPI/2.0
      strict-transport-security:
      - max-age=31536000; includeSubDomains
      transfer-encoding:
      - chunked
      vary:
      - Accept-Encoding
      x-content-type-options:
      - nosniff
    status:
      code: 200
      message: OK
- request:
    body: '{"properties": {"privateEndpoint": {"id": "/subscriptions/00000000-0000-0000-0000-000000000000/resourceGroups/cli_test_event_grid_pec000002/providers/Microsoft.Network/privateEndpoints/cli000005"},
      "groupIds": ["topic"], "privateLinkServiceConnectionState": {"status": "Approved",
      "description": "You are approved!", "actionsRequired": "None"}, "provisioningState":
      "Succeeded"}, "id": "/subscriptions/00000000-0000-0000-0000-000000000000/resourceGroups/cli_test_event_grid_pec000001/providers/Microsoft.EventGrid/topics/cli000007/privateEndpointConnections/cli000005.ea88a989-9b75-4d13-be94-336e65b2aa09",
      "name": "cli000005.ea88a989-9b75-4d13-be94-336e65b2aa09", "type": "Microsoft.EventGrid/topics/privateEndpointConnections"}'
    headers:
      Accept:
      - '*/*'
      Accept-Encoding:
      - gzip, deflate
      CommandName:
      - network private-endpoint-connection approve
      Connection:
      - keep-alive
      Content-Length:
      - '885'
      Content-Type:
      - application/json
      ParameterSetName:
      - --resource-group --resource-name --name --type --description
      User-Agent:
      - python/3.8.10 (Windows-10-10.0.19043-SP0) AZURECLI/2.24.0
    method: PUT
    uri: https://management.azure.com/subscriptions/00000000-0000-0000-0000-000000000000/resourceGroups/cli_test_event_grid_pec000001/providers/Microsoft.EventGrid/topics/cli000007/privateEndpointConnections/cli000005.ea88a989-9b75-4d13-be94-336e65b2aa09?api-version=2020-04-01-preview
  response:
    body:
      string: '{"properties":{"privateEndpoint":null,"groupIds":null,"privateLinkServiceConnectionState":{"status":"Approved","description":"You
        are approved!","actionsRequired":"None"},"provisioningState":"Updating"},"id":"/subscriptions/00000000-0000-0000-0000-000000000000/resourceGroups/cli_test_event_grid_pec000001/providers/Microsoft.EventGrid/topics/cli000007/privateEndpointConnections/cli000005.ea88a989-9b75-4d13-be94-336e65b2aa09","name":"cli000005.ea88a989-9b75-4d13-be94-336e65b2aa09","type":"Microsoft.EventGrid/topics/privateEndpointConnections"}'
    headers:
      azure-asyncoperation:
      - https://management.azure.com:443/subscriptions/00000000-0000-0000-0000-000000000000/providers/Microsoft.EventGrid/locations/centraluseuap/operationsStatus/7FC6D387-E4C6-4738-B960-B2151A1FB40E?api-version=2020-04-01-preview
      cache-control:
      - no-cache
      content-length:
      - '646'
      content-type:
      - application/json; charset=utf-8
      date:
      - Tue, 08 Jun 2021 03:03:57 GMT
      expires:
      - '-1'
      pragma:
      - no-cache
      server:
      - Microsoft-HTTPAPI/2.0
      strict-transport-security:
      - max-age=31536000; includeSubDomains
      x-content-type-options:
      - nosniff
      x-ms-ratelimit-remaining-subscription-writes:
      - '1198'
    status:
      code: 201
      message: Created
- request:
    body: null
    headers:
      Accept:
      - '*/*'
      Accept-Encoding:
      - gzip, deflate
      CommandName:
      - network private-endpoint-connection approve
      Connection:
      - keep-alive
      ParameterSetName:
      - --resource-group --resource-name --name --type --description
      User-Agent:
      - python/3.8.10 (Windows-10-10.0.19043-SP0) AZURECLI/2.24.0
    method: GET
    uri: https://management.azure.com/subscriptions/00000000-0000-0000-0000-000000000000/resourceGroups/cli_test_event_grid_pec000001/providers/Microsoft.EventGrid/topics/cli000007/privateEndpointConnections/cli000005.ea88a989-9b75-4d13-be94-336e65b2aa09?api-version=2020-04-01-preview
  response:
    body:
      string: '{"properties":{"privateEndpoint":{"id":"/subscriptions/00000000-0000-0000-0000-000000000000/resourceGroups/cli_test_event_grid_pec000002/providers/Microsoft.Network/privateEndpoints/cli000005"},"groupIds":["topic"],"privateLinkServiceConnectionState":{"status":"Approved","description":"You
        are approved!","actionsRequired":"None"},"provisioningState":"Succeeded"},"id":"/subscriptions/00000000-0000-0000-0000-000000000000/resourceGroups/cli_test_event_grid_pec000001/providers/Microsoft.EventGrid/topics/cli000007/privateEndpointConnections/cli000005.ea88a989-9b75-4d13-be94-336e65b2aa09","name":"cli000005.ea88a989-9b75-4d13-be94-336e65b2aa09","type":"Microsoft.EventGrid/topics/privateEndpointConnections"}'
    headers:
      cache-control:
      - no-cache
      content-length:
      - '865'
      content-type:
      - application/json; charset=utf-8
      date:
      - Tue, 08 Jun 2021 03:04:09 GMT
      expires:
      - '-1'
      pragma:
      - no-cache
      server:
      - Microsoft-HTTPAPI/2.0
      strict-transport-security:
      - max-age=31536000; includeSubDomains
      transfer-encoding:
      - chunked
      vary:
      - Accept-Encoding
      x-content-type-options:
      - nosniff
    status:
      code: 200
      message: OK
- request:
    body: null
    headers:
      Accept:
      - '*/*'
      Accept-Encoding:
      - gzip, deflate
      CommandName:
      - network private-endpoint-connection reject
      Connection:
      - keep-alive
      ParameterSetName:
      - --resource-group --resource-name --name --type --description
      User-Agent:
      - python/3.8.10 (Windows-10-10.0.19043-SP0) AZURECLI/2.24.0
    method: GET
    uri: https://management.azure.com/subscriptions/00000000-0000-0000-0000-000000000000/resourceGroups/cli_test_event_grid_pec000001/providers/Microsoft.EventGrid/topics/cli000007/privateEndpointConnections/cli000005.ea88a989-9b75-4d13-be94-336e65b2aa09?api-version=2020-04-01-preview
  response:
    body:
      string: '{"properties":{"privateEndpoint":{"id":"/subscriptions/00000000-0000-0000-0000-000000000000/resourceGroups/cli_test_event_grid_pec000002/providers/Microsoft.Network/privateEndpoints/cli000005"},"groupIds":["topic"],"privateLinkServiceConnectionState":{"status":"Approved","description":"You
        are approved!","actionsRequired":"None"},"provisioningState":"Succeeded"},"id":"/subscriptions/00000000-0000-0000-0000-000000000000/resourceGroups/cli_test_event_grid_pec000001/providers/Microsoft.EventGrid/topics/cli000007/privateEndpointConnections/cli000005.ea88a989-9b75-4d13-be94-336e65b2aa09","name":"cli000005.ea88a989-9b75-4d13-be94-336e65b2aa09","type":"Microsoft.EventGrid/topics/privateEndpointConnections"}'
    headers:
      cache-control:
      - no-cache
      content-length:
      - '865'
      content-type:
      - application/json; charset=utf-8
      date:
      - Tue, 08 Jun 2021 03:04:10 GMT
      expires:
      - '-1'
      pragma:
      - no-cache
      server:
      - Microsoft-HTTPAPI/2.0
      strict-transport-security:
      - max-age=31536000; includeSubDomains
      transfer-encoding:
      - chunked
      vary:
      - Accept-Encoding
      x-content-type-options:
      - nosniff
    status:
      code: 200
      message: OK
- request:
    body: '{"properties": {"privateEndpoint": {"id": "/subscriptions/00000000-0000-0000-0000-000000000000/resourceGroups/cli_test_event_grid_pec000002/providers/Microsoft.Network/privateEndpoints/cli000005"},
      "groupIds": ["topic"], "privateLinkServiceConnectionState": {"status": "Rejected",
      "description": "You are rejected!", "actionsRequired": "None"}, "provisioningState":
      "Succeeded"}, "id": "/subscriptions/00000000-0000-0000-0000-000000000000/resourceGroups/cli_test_event_grid_pec000001/providers/Microsoft.EventGrid/topics/cli000007/privateEndpointConnections/cli000005.ea88a989-9b75-4d13-be94-336e65b2aa09",
      "name": "cli000005.ea88a989-9b75-4d13-be94-336e65b2aa09", "type": "Microsoft.EventGrid/topics/privateEndpointConnections"}'
    headers:
      Accept:
      - '*/*'
      Accept-Encoding:
      - gzip, deflate
      CommandName:
      - network private-endpoint-connection reject
      Connection:
      - keep-alive
      Content-Length:
      - '885'
      Content-Type:
      - application/json
      ParameterSetName:
      - --resource-group --resource-name --name --type --description
      User-Agent:
      - python/3.8.10 (Windows-10-10.0.19043-SP0) AZURECLI/2.24.0
    method: PUT
    uri: https://management.azure.com/subscriptions/00000000-0000-0000-0000-000000000000/resourceGroups/cli_test_event_grid_pec000001/providers/Microsoft.EventGrid/topics/cli000007/privateEndpointConnections/cli000005.ea88a989-9b75-4d13-be94-336e65b2aa09?api-version=2020-04-01-preview
  response:
    body:
      string: '{"properties":{"privateEndpoint":null,"groupIds":null,"privateLinkServiceConnectionState":{"status":"Rejected","description":"You
        are rejected!","actionsRequired":"None"},"provisioningState":"Updating"},"id":"/subscriptions/00000000-0000-0000-0000-000000000000/resourceGroups/cli_test_event_grid_pec000001/providers/Microsoft.EventGrid/topics/cli000007/privateEndpointConnections/cli000005.ea88a989-9b75-4d13-be94-336e65b2aa09","name":"cli000005.ea88a989-9b75-4d13-be94-336e65b2aa09","type":"Microsoft.EventGrid/topics/privateEndpointConnections"}'
    headers:
      azure-asyncoperation:
      - https://management.azure.com:443/subscriptions/00000000-0000-0000-0000-000000000000/providers/Microsoft.EventGrid/locations/centraluseuap/operationsStatus/2A0C5363-8801-4E03-825C-1F401780695A?api-version=2020-04-01-preview
      cache-control:
      - no-cache
      content-length:
      - '646'
      content-type:
      - application/json; charset=utf-8
      date:
      - Tue, 08 Jun 2021 03:04:12 GMT
      expires:
      - '-1'
      pragma:
      - no-cache
      server:
      - Microsoft-HTTPAPI/2.0
      strict-transport-security:
      - max-age=31536000; includeSubDomains
      x-content-type-options:
      - nosniff
      x-ms-ratelimit-remaining-subscription-writes:
      - '1197'
    status:
      code: 201
      message: Created
- request:
    body: null
    headers:
      Accept:
      - '*/*'
      Accept-Encoding:
      - gzip, deflate
      CommandName:
      - network private-endpoint-connection reject
      Connection:
      - keep-alive
      ParameterSetName:
      - --resource-group --resource-name --name --type --description
      User-Agent:
      - python/3.8.10 (Windows-10-10.0.19043-SP0) AZURECLI/2.24.0
    method: GET
    uri: https://management.azure.com/subscriptions/00000000-0000-0000-0000-000000000000/resourceGroups/cli_test_event_grid_pec000001/providers/Microsoft.EventGrid/topics/cli000007/privateEndpointConnections/cli000005.ea88a989-9b75-4d13-be94-336e65b2aa09?api-version=2020-04-01-preview
  response:
    body:
      string: '{"properties":{"privateEndpoint":{"id":"/subscriptions/00000000-0000-0000-0000-000000000000/resourceGroups/cli_test_event_grid_pec000002/providers/Microsoft.Network/privateEndpoints/cli000005"},"groupIds":["topic"],"privateLinkServiceConnectionState":{"status":"Rejected","description":"You
        are rejected!","actionsRequired":"None"},"provisioningState":"Succeeded"},"id":"/subscriptions/00000000-0000-0000-0000-000000000000/resourceGroups/cli_test_event_grid_pec000001/providers/Microsoft.EventGrid/topics/cli000007/privateEndpointConnections/cli000005.ea88a989-9b75-4d13-be94-336e65b2aa09","name":"cli000005.ea88a989-9b75-4d13-be94-336e65b2aa09","type":"Microsoft.EventGrid/topics/privateEndpointConnections"}'
    headers:
      cache-control:
      - no-cache
      content-length:
      - '865'
      content-type:
      - application/json; charset=utf-8
      date:
      - Tue, 08 Jun 2021 03:04:23 GMT
      expires:
      - '-1'
      pragma:
      - no-cache
      server:
      - Microsoft-HTTPAPI/2.0
      strict-transport-security:
      - max-age=31536000; includeSubDomains
      transfer-encoding:
      - chunked
      vary:
      - Accept-Encoding
      x-content-type-options:
      - nosniff
    status:
      code: 200
      message: OK
- request:
    body: null
    headers:
      Accept:
      - '*/*'
      Accept-Encoding:
      - gzip, deflate
      CommandName:
      - network private-endpoint-connection delete
      Connection:
      - keep-alive
      Content-Length:
      - '0'
      ParameterSetName:
      - --resource-group --resource-name --name --type -y
      User-Agent:
      - python/3.8.10 (Windows-10-10.0.19043-SP0) AZURECLI/2.24.0
    method: DELETE
    uri: https://management.azure.com/subscriptions/00000000-0000-0000-0000-000000000000/resourceGroups/cli_test_event_grid_pec000001/providers/Microsoft.EventGrid/topics/cli000007/privateEndpointConnections/cli000005.ea88a989-9b75-4d13-be94-336e65b2aa09?api-version=2020-04-01-preview
  response:
    body:
      string: ''
    headers:
      azure-asyncoperation:
      - https://management.azure.com:443/subscriptions/00000000-0000-0000-0000-000000000000/providers/Microsoft.EventGrid/locations/centraluseuap/operationsStatus/9B306667-D0CA-49BC-BE5F-8EF7D8C3B779?api-version=2020-04-01-preview
      cache-control:
      - no-cache
      content-length:
      - '0'
      date:
      - Tue, 08 Jun 2021 03:04:26 GMT
      expires:
      - '-1'
      location:
      - https://management.azure.com/subscriptions/00000000-0000-0000-0000-000000000000/providers/Microsoft.EventGrid/locations/centraluseuap/operationResults/9B306667-D0CA-49BC-BE5F-8EF7D8C3B779?api-version=2020-04-01-preview
      pragma:
      - no-cache
      server:
      - Microsoft-HTTPAPI/2.0
      strict-transport-security:
      - max-age=31536000; includeSubDomains
      x-content-type-options:
      - nosniff
      x-ms-ratelimit-remaining-subscription-deletes:
      - '14999'
    status:
      code: 202
      message: Accepted
- request:
    body: null
    headers:
      Accept:
      - application/json
      Accept-Encoding:
      - gzip, deflate
      CommandName:
      - network private-endpoint delete
      Connection:
      - keep-alive
      Content-Length:
      - '0'
      ParameterSetName:
      - --resource-group --name
      User-Agent:
      - AZURECLI/2.24.0 azsdk-python-azure-mgmt-network/19.0.0 Python/3.8.10 (Windows-10-10.0.19043-SP0)
    method: DELETE
    uri: https://management.azure.com/subscriptions/00000000-0000-0000-0000-000000000000/resourceGroups/cli_test_event_grid_pec000002/providers/Microsoft.Network/privateEndpoints/cli000005?api-version=2021-02-01
  response:
    body:
      string: ''
    headers:
      azure-asyncnotification:
      - Enabled
      azure-asyncoperation:
      - https://management.azure.com/subscriptions/00000000-0000-0000-0000-000000000000/providers/Microsoft.Network/locations/centraluseuap/operations/d319a621-e48c-4d72-b61c-064647ab12cd?api-version=2021-02-01
      cache-control:
      - no-cache
      content-length:
      - '0'
      date:
      - Tue, 08 Jun 2021 03:04:36 GMT
      expires:
      - '-1'
      location:
      - https://management.azure.com/subscriptions/00000000-0000-0000-0000-000000000000/providers/Microsoft.Network/locations/centraluseuap/operationResults/d319a621-e48c-4d72-b61c-064647ab12cd?api-version=2021-02-01
      pragma:
      - no-cache
      server:
      - Microsoft-HTTPAPI/2.0
      - Microsoft-HTTPAPI/2.0
      strict-transport-security:
      - max-age=31536000; includeSubDomains
      x-content-type-options:
      - nosniff
      x-ms-arm-service-request-id:
      - 1cb858e8-e830-430d-b2e0-20e3b0800d02
      x-ms-ratelimit-remaining-subscription-deletes:
      - '14999'
    status:
      code: 202
      message: Accepted
- request:
    body: null
    headers:
      Accept:
      - '*/*'
      Accept-Encoding:
      - gzip, deflate
      CommandName:
      - network private-endpoint delete
      Connection:
      - keep-alive
      ParameterSetName:
      - --resource-group --name
      User-Agent:
      - AZURECLI/2.24.0 azsdk-python-azure-mgmt-network/19.0.0 Python/3.8.10 (Windows-10-10.0.19043-SP0)
    method: GET
    uri: https://management.azure.com/subscriptions/00000000-0000-0000-0000-000000000000/providers/Microsoft.Network/locations/centraluseuap/operations/d319a621-e48c-4d72-b61c-064647ab12cd?api-version=2021-02-01
  response:
    body:
      string: "{\r\n  \"status\": \"Succeeded\"\r\n}"
    headers:
      cache-control:
      - no-cache
      content-length:
      - '29'
      content-type:
      - application/json; charset=utf-8
      date:
      - Tue, 08 Jun 2021 03:04:47 GMT
      expires:
      - '-1'
      pragma:
      - no-cache
      server:
      - Microsoft-HTTPAPI/2.0
      - Microsoft-HTTPAPI/2.0
      strict-transport-security:
      - max-age=31536000; includeSubDomains
      transfer-encoding:
      - chunked
      vary:
      - Accept-Encoding
      x-content-type-options:
      - nosniff
      x-ms-arm-service-request-id:
      - 199692ff-129f-4db1-a029-fbbc73ba42a5
    status:
      code: 200
      message: OK
- request:
    body: null
    headers:
      Accept:
      - application/json
      Accept-Encoding:
      - gzip, deflate
      CommandName:
      - network vnet subnet delete
      Connection:
      - keep-alive
      Content-Length:
      - '0'
      ParameterSetName:
      - --resource-group --vnet-name --name
      User-Agent:
      - AZURECLI/2.24.0 azsdk-python-azure-mgmt-network/19.0.0 Python/3.8.10 (Windows-10-10.0.19043-SP0)
    method: DELETE
    uri: https://management.azure.com/subscriptions/00000000-0000-0000-0000-000000000000/resourceGroups/cli_test_event_grid_pec000002/providers/Microsoft.Network/virtualNetworks/cli000003/subnets/cli000004?api-version=2021-02-01
  response:
    body:
      string: ''
    headers:
      azure-asyncoperation:
      - https://management.azure.com/subscriptions/00000000-0000-0000-0000-000000000000/providers/Microsoft.Network/locations/centraluseuap/operations/3874fb8f-12d4-4fab-bd59-64ec5604636e?api-version=2021-02-01
      cache-control:
      - no-cache
      content-length:
      - '0'
      date:
      - Tue, 08 Jun 2021 03:04:49 GMT
      expires:
      - '-1'
      location:
      - https://management.azure.com/subscriptions/00000000-0000-0000-0000-000000000000/providers/Microsoft.Network/locations/centraluseuap/operationResults/3874fb8f-12d4-4fab-bd59-64ec5604636e?api-version=2021-02-01
      pragma:
      - no-cache
      server:
      - Microsoft-HTTPAPI/2.0
      - Microsoft-HTTPAPI/2.0
      strict-transport-security:
      - max-age=31536000; includeSubDomains
      x-content-type-options:
      - nosniff
      x-ms-arm-service-request-id:
      - 556e93be-3ecd-49cd-8f7e-26be4364221c
      x-ms-ratelimit-remaining-subscription-deletes:
      - '14998'
    status:
      code: 202
      message: Accepted
- request:
    body: null
    headers:
      Accept:
      - '*/*'
      Accept-Encoding:
      - gzip, deflate
      CommandName:
      - network vnet subnet delete
      Connection:
      - keep-alive
      ParameterSetName:
      - --resource-group --vnet-name --name
      User-Agent:
      - AZURECLI/2.24.0 azsdk-python-azure-mgmt-network/19.0.0 Python/3.8.10 (Windows-10-10.0.19043-SP0)
    method: GET
    uri: https://management.azure.com/subscriptions/00000000-0000-0000-0000-000000000000/providers/Microsoft.Network/locations/centraluseuap/operations/3874fb8f-12d4-4fab-bd59-64ec5604636e?api-version=2021-02-01
  response:
    body:
      string: "{\r\n  \"status\": \"Succeeded\"\r\n}"
    headers:
      cache-control:
      - no-cache
      content-length:
      - '29'
      content-type:
      - application/json; charset=utf-8
      date:
      - Tue, 08 Jun 2021 03:04:59 GMT
      expires:
      - '-1'
      pragma:
      - no-cache
      server:
      - Microsoft-HTTPAPI/2.0
      - Microsoft-HTTPAPI/2.0
      strict-transport-security:
      - max-age=31536000; includeSubDomains
      transfer-encoding:
      - chunked
      vary:
      - Accept-Encoding
      x-content-type-options:
      - nosniff
      x-ms-arm-service-request-id:
      - 3ef594a0-2503-4ac2-a5d6-d94891d8c317
    status:
      code: 200
      message: OK
- request:
    body: null
    headers:
      Accept:
      - application/json
      Accept-Encoding:
      - gzip, deflate
      CommandName:
      - network vnet delete
      Connection:
      - keep-alive
      Content-Length:
      - '0'
      ParameterSetName:
      - --resource-group --name
      User-Agent:
      - AZURECLI/2.24.0 azsdk-python-azure-mgmt-network/19.0.0 Python/3.8.10 (Windows-10-10.0.19043-SP0)
    method: DELETE
    uri: https://management.azure.com/subscriptions/00000000-0000-0000-0000-000000000000/resourceGroups/cli_test_event_grid_pec000002/providers/Microsoft.Network/virtualNetworks/cli000003?api-version=2021-02-01
  response:
    body:
      string: ''
    headers:
      azure-asyncnotification:
      - Enabled
      azure-asyncoperation:
      - https://management.azure.com/subscriptions/00000000-0000-0000-0000-000000000000/providers/Microsoft.Network/locations/centraluseuap/operations/562b253f-6f2b-44df-b011-dfb366636557?api-version=2021-02-01
      cache-control:
      - no-cache
      content-length:
      - '0'
      date:
      - Tue, 08 Jun 2021 03:05:02 GMT
      expires:
      - '-1'
      location:
      - https://management.azure.com/subscriptions/00000000-0000-0000-0000-000000000000/providers/Microsoft.Network/locations/centraluseuap/operationResults/562b253f-6f2b-44df-b011-dfb366636557?api-version=2021-02-01
      pragma:
      - no-cache
      server:
      - Microsoft-HTTPAPI/2.0
      - Microsoft-HTTPAPI/2.0
      strict-transport-security:
      - max-age=31536000; includeSubDomains
      x-content-type-options:
      - nosniff
      x-ms-arm-service-request-id:
      - 78a01484-d844-495d-9fd8-5b02d5391286
      x-ms-ratelimit-remaining-subscription-deletes:
      - '14997'
    status:
      code: 202
      message: Accepted
- request:
    body: null
    headers:
      Accept:
      - '*/*'
      Accept-Encoding:
      - gzip, deflate
      CommandName:
      - network vnet delete
      Connection:
      - keep-alive
      ParameterSetName:
      - --resource-group --name
      User-Agent:
      - AZURECLI/2.24.0 azsdk-python-azure-mgmt-network/19.0.0 Python/3.8.10 (Windows-10-10.0.19043-SP0)
    method: GET
    uri: https://management.azure.com/subscriptions/00000000-0000-0000-0000-000000000000/providers/Microsoft.Network/locations/centraluseuap/operations/562b253f-6f2b-44df-b011-dfb366636557?api-version=2021-02-01
  response:
    body:
      string: "{\r\n  \"status\": \"Succeeded\"\r\n}"
    headers:
      cache-control:
      - no-cache
      content-length:
      - '29'
      content-type:
      - application/json; charset=utf-8
      date:
      - Tue, 08 Jun 2021 03:05:13 GMT
      expires:
      - '-1'
      pragma:
      - no-cache
      server:
      - Microsoft-HTTPAPI/2.0
      - Microsoft-HTTPAPI/2.0
      strict-transport-security:
      - max-age=31536000; includeSubDomains
      transfer-encoding:
      - chunked
      vary:
      - Accept-Encoding
      x-content-type-options:
      - nosniff
      x-ms-arm-service-request-id:
      - 7c319456-31e0-4f6e-8bf5-a2ecfe4ccb09
    status:
      code: 200
      message: OK
- request:
    body: null
    headers:
      Accept:
      - application/json
      Accept-Encoding:
      - gzip, deflate
      CommandName:
      - eventgrid topic delete
      Connection:
      - keep-alive
      Content-Length:
      - '0'
      ParameterSetName:
      - --name --resource-group
      User-Agent:
      - python/3.8.10 (Windows-10-10.0.19043-SP0) msrest/0.6.21 msrest_azure/0.6.3
        azure-mgmt-eventgrid/3.0.0rc6 Azure-SDK-For-Python AZURECLI/2.24.0
      accept-language:
      - en-US
    method: DELETE
    uri: https://management.azure.com/subscriptions/00000000-0000-0000-0000-000000000000/resourceGroups/cli_test_event_grid_pec000001/providers/Microsoft.EventGrid/topics/cli000007?api-version=2020-04-01-preview
  response:
    body:
      string: ''
    headers:
      azure-asyncoperation:
      - https://management.azure.com:443/subscriptions/00000000-0000-0000-0000-000000000000/providers/Microsoft.EventGrid/locations/centraluseuap/operationsStatus/60F34D45-1AE9-4ADA-8C58-51289BEDAC22?api-version=2020-04-01-preview
      cache-control:
      - no-cache
      content-length:
      - '0'
      date:
      - Tue, 08 Jun 2021 03:05:16 GMT
      expires:
      - '-1'
      location:
      - https://management.azure.com/subscriptions/00000000-0000-0000-0000-000000000000/providers/Microsoft.EventGrid/locations/centraluseuap/operationResults/60F34D45-1AE9-4ADA-8C58-51289BEDAC22?api-version=2020-04-01-preview
      pragma:
      - no-cache
      server:
      - Microsoft-HTTPAPI/2.0
      strict-transport-security:
      - max-age=31536000; includeSubDomains
      x-content-type-options:
      - nosniff
      x-ms-ratelimit-remaining-subscription-deletes:
      - '14999'
    status:
      code: 202
      message: Accepted
- request:
    body: null
    headers:
      Accept:
      - application/json
      Accept-Encoding:
      - gzip, deflate
      CommandName:
      - eventgrid topic delete
      Connection:
      - keep-alive
      ParameterSetName:
      - --name --resource-group
      User-Agent:
      - python/3.8.10 (Windows-10-10.0.19043-SP0) msrest/0.6.21 msrest_azure/0.6.3
        azure-mgmt-eventgrid/3.0.0rc6 Azure-SDK-For-Python AZURECLI/2.24.0
    method: GET
    uri: https://management.azure.com/subscriptions/00000000-0000-0000-0000-000000000000/providers/Microsoft.EventGrid/locations/centraluseuap/operationsStatus/60F34D45-1AE9-4ADA-8C58-51289BEDAC22?api-version=2020-04-01-preview
  response:
    body:
      string: '{"id":"https://management.azure.com/subscriptions/00000000-0000-0000-0000-000000000000/providers/Microsoft.EventGrid/locations/centraluseuap/operationsStatus/60F34D45-1AE9-4ADA-8C58-51289BEDAC22?api-version=2020-04-01-preview","name":"60f34d45-1ae9-4ada-8c58-51289bedac22","status":"Succeeded"}'
    headers:
      cache-control:
      - no-cache
      content-length:
      - '294'
      content-type:
      - application/json; charset=utf-8
      date:
      - Tue, 08 Jun 2021 03:05:26 GMT
      expires:
      - '-1'
      pragma:
      - no-cache
      server:
      - Microsoft-HTTPAPI/2.0
      strict-transport-security:
      - max-age=31536000; includeSubDomains
      transfer-encoding:
      - chunked
      vary:
      - Accept-Encoding
      x-content-type-options:
      - nosniff
    status:
      code: 200
      message: OK
version: 1
