interactions:
- request:
    body: null
    headers:
      Accept:
      - application/json
      Accept-Encoding:
      - gzip, deflate
      CommandName:
      - network vnet create
      Connection:
      - keep-alive
      ParameterSetName:
      - -g -n --address-prefix
      User-Agent:
      - AZURECLI/2.45.0 azsdk-python-azure-mgmt-resource/22.0.0 Python/3.10.9 (Linux-5.15.0-1031-azure-x86_64-with-glibc2.31)
        VSTS_7b238909-6802-4b65-b90d-184bca47f458_build_220_0
    method: GET
    uri: https://management.azure.com/subscriptions/00000000-0000-0000-0000-000000000000/resourcegroups/cli_test_vpn_connection_ipsec000001?api-version=2022-09-01
  response:
    body:
      string: '{"id":"/subscriptions/00000000-0000-0000-0000-000000000000/resourceGroups/cli_test_vpn_connection_ipsec000001","name":"cli_test_vpn_connection_ipsec000001","type":"Microsoft.Resources/resourceGroups","location":"westus","tags":{"product":"azurecli","cause":"automation","date":"2023-02-07T21:12:14Z"},"properties":{"provisioningState":"Succeeded"}}'
    headers:
      cache-control:
      - no-cache
      content-length:
      - '348'
      content-type:
      - application/json; charset=utf-8
      date:
      - Tue, 07 Feb 2023 21:12:16 GMT
      expires:
      - '-1'
      pragma:
      - no-cache
      strict-transport-security:
      - max-age=31536000; includeSubDomains
      x-content-type-options:
      - nosniff
    status:
      code: 200
      message: OK
- request:
    body: '{"location": "westus", "properties": {"addressSpace": {"addressPrefixes":
      ["10.11.0.0/16", "10.12.0.0/16"]}, "enableDdosProtection": false, "enableVmProtection":
      false}}'
    headers:
      Accept:
      - application/json
      Accept-Encoding:
      - gzip, deflate
      CommandName:
      - network vnet create
      Connection:
      - keep-alive
      Content-Length:
      - '169'
      Content-Type:
      - application/json
      ParameterSetName:
      - -g -n --address-prefix
      User-Agent:
      - AZURECLI/2.45.0 (AAZ) azsdk-python-core/1.24.0 Python/3.10.9 (Linux-5.15.0-1031-azure-x86_64-with-glibc2.31)
        VSTS_7b238909-6802-4b65-b90d-184bca47f458_build_220_0
    method: PUT
    uri: https://management.azure.com/subscriptions/00000000-0000-0000-0000-000000000000/resourceGroups/cli_test_vpn_connection_ipsec000001/providers/Microsoft.Network/virtualNetworks/vnet1?api-version=2022-01-01
  response:
    body:
      string: "{\r\n  \"name\": \"vnet1\",\r\n  \"id\": \"/subscriptions/00000000-0000-0000-0000-000000000000/resourceGroups/cli_test_vpn_connection_ipsec000001/providers/Microsoft.Network/virtualNetworks/vnet1\",\r\n
        \ \"etag\": \"W/\\\"40f7c809-fb95-4146-82b9-3eedf08c1a61\\\"\",\r\n  \"type\":
        \"Microsoft.Network/virtualNetworks\",\r\n  \"location\": \"westus\",\r\n
        \ \"properties\": {\r\n    \"provisioningState\": \"Updating\",\r\n    \"resourceGuid\":
        \"8c85fba0-b4a0-4ce2-8e4f-82cf2a90d2d6\",\r\n    \"addressSpace\": {\r\n      \"addressPrefixes\":
        [\r\n        \"10.11.0.0/16\",\r\n        \"10.12.0.0/16\"\r\n      ]\r\n
        \   },\r\n    \"subnets\": [],\r\n    \"virtualNetworkPeerings\": [],\r\n
        \   \"enableDdosProtection\": false\r\n  }\r\n}"
    headers:
      azure-asyncnotification:
      - Enabled
      azure-asyncoperation:
      - https://management.azure.com/subscriptions/00000000-0000-0000-0000-000000000000/providers/Microsoft.Network/locations/westus/operations/727eb7d0-79e7-4017-b2ae-558edae6ec6a?api-version=2022-01-01
      cache-control:
      - no-cache
      content-length:
      - '649'
      content-type:
      - application/json; charset=utf-8
      date:
      - Tue, 07 Feb 2023 21:12:17 GMT
      expires:
      - '-1'
      pragma:
      - no-cache
      server:
      - Microsoft-HTTPAPI/2.0
      - Microsoft-HTTPAPI/2.0
      strict-transport-security:
      - max-age=31536000; includeSubDomains
      x-content-type-options:
      - nosniff
      x-ms-arm-service-request-id:
      - 8e233bdc-f47d-4f59-953d-1458a5227b1d
      x-ms-ratelimit-remaining-subscription-writes:
      - '1198'
    status:
      code: 201
      message: Created
- request:
    body: null
    headers:
      Accept:
      - '*/*'
      Accept-Encoding:
      - gzip, deflate
      CommandName:
      - network vnet create
      Connection:
      - keep-alive
      ParameterSetName:
      - -g -n --address-prefix
      User-Agent:
      - AZURECLI/2.45.0 (AAZ) azsdk-python-core/1.24.0 Python/3.10.9 (Linux-5.15.0-1031-azure-x86_64-with-glibc2.31)
        VSTS_7b238909-6802-4b65-b90d-184bca47f458_build_220_0
    method: GET
    uri: https://management.azure.com/subscriptions/00000000-0000-0000-0000-000000000000/providers/Microsoft.Network/locations/westus/operations/727eb7d0-79e7-4017-b2ae-558edae6ec6a?api-version=2022-01-01
  response:
    body:
      string: "{\r\n  \"status\": \"Succeeded\"\r\n}"
    headers:
      cache-control:
      - no-cache
      content-length:
      - '29'
      content-type:
      - application/json; charset=utf-8
      date:
      - Tue, 07 Feb 2023 21:12:21 GMT
      expires:
      - '-1'
      pragma:
      - no-cache
      server:
      - Microsoft-HTTPAPI/2.0
      - Microsoft-HTTPAPI/2.0
      strict-transport-security:
      - max-age=31536000; includeSubDomains
      transfer-encoding:
      - chunked
      vary:
      - Accept-Encoding
      x-content-type-options:
      - nosniff
      x-ms-arm-service-request-id:
      - c2d7fd4b-41d5-4615-9c47-511b906fe77e
    status:
      code: 200
      message: OK
- request:
    body: null
    headers:
      Accept:
      - '*/*'
      Accept-Encoding:
      - gzip, deflate
      CommandName:
      - network vnet create
      Connection:
      - keep-alive
      ParameterSetName:
      - -g -n --address-prefix
      User-Agent:
      - AZURECLI/2.45.0 (AAZ) azsdk-python-core/1.24.0 Python/3.10.9 (Linux-5.15.0-1031-azure-x86_64-with-glibc2.31)
        VSTS_7b238909-6802-4b65-b90d-184bca47f458_build_220_0
    method: GET
    uri: https://management.azure.com/subscriptions/00000000-0000-0000-0000-000000000000/resourceGroups/cli_test_vpn_connection_ipsec000001/providers/Microsoft.Network/virtualNetworks/vnet1?api-version=2022-01-01
  response:
    body:
      string: "{\r\n  \"name\": \"vnet1\",\r\n  \"id\": \"/subscriptions/00000000-0000-0000-0000-000000000000/resourceGroups/cli_test_vpn_connection_ipsec000001/providers/Microsoft.Network/virtualNetworks/vnet1\",\r\n
        \ \"etag\": \"W/\\\"ccf9eac3-7aea-479f-acda-8d974e00cefb\\\"\",\r\n  \"type\":
        \"Microsoft.Network/virtualNetworks\",\r\n  \"location\": \"westus\",\r\n
        \ \"properties\": {\r\n    \"provisioningState\": \"Succeeded\",\r\n    \"resourceGuid\":
        \"8c85fba0-b4a0-4ce2-8e4f-82cf2a90d2d6\",\r\n    \"addressSpace\": {\r\n      \"addressPrefixes\":
        [\r\n        \"10.11.0.0/16\",\r\n        \"10.12.0.0/16\"\r\n      ]\r\n
        \   },\r\n    \"subnets\": [],\r\n    \"virtualNetworkPeerings\": [],\r\n
        \   \"enableDdosProtection\": false\r\n  }\r\n}"
    headers:
      cache-control:
      - no-cache
      content-length:
      - '650'
      content-type:
      - application/json; charset=utf-8
      date:
      - Tue, 07 Feb 2023 21:12:21 GMT
      etag:
      - W/"ccf9eac3-7aea-479f-acda-8d974e00cefb"
      expires:
      - '-1'
      pragma:
      - no-cache
      server:
      - Microsoft-HTTPAPI/2.0
      - Microsoft-HTTPAPI/2.0
      strict-transport-security:
      - max-age=31536000; includeSubDomains
      transfer-encoding:
      - chunked
      vary:
      - Accept-Encoding
      x-content-type-options:
      - nosniff
      x-ms-arm-service-request-id:
      - d9f5e732-b37c-4af4-99da-4317a35d567d
    status:
      code: 200
      message: OK
- request:
    body: '{"name": "FrontEnd", "properties": {"addressPrefix": "10.11.0.0/24"}}'
    headers:
      Accept:
      - application/json
      Accept-Encoding:
      - gzip, deflate
      CommandName:
      - network vnet subnet create
      Connection:
      - keep-alive
      Content-Length:
      - '69'
      Content-Type:
      - application/json
      ParameterSetName:
      - -g --vnet-name -n --address-prefix
      User-Agent:
      - AZURECLI/2.45.0 (AAZ) azsdk-python-core/1.24.0 Python/3.10.9 (Linux-5.15.0-1031-azure-x86_64-with-glibc2.31)
        VSTS_7b238909-6802-4b65-b90d-184bca47f458_build_220_0
    method: PUT
    uri: https://management.azure.com/subscriptions/00000000-0000-0000-0000-000000000000/resourceGroups/cli_test_vpn_connection_ipsec000001/providers/Microsoft.Network/virtualNetworks/vnet1/subnets/FrontEnd?api-version=2022-01-01
  response:
    body:
      string: "{\r\n  \"name\": \"FrontEnd\",\r\n  \"id\": \"/subscriptions/00000000-0000-0000-0000-000000000000/resourceGroups/cli_test_vpn_connection_ipsec000001/providers/Microsoft.Network/virtualNetworks/vnet1/subnets/FrontEnd\",\r\n
        \ \"etag\": \"W/\\\"6cb7e21c-0826-4738-9569-8450aa6ec7e1\\\"\",\r\n  \"properties\":
        {\r\n    \"provisioningState\": \"Updating\",\r\n    \"addressPrefix\": \"10.11.0.0/24\",\r\n
        \   \"delegations\": [],\r\n    \"privateEndpointNetworkPolicies\": \"Disabled\",\r\n
        \   \"privateLinkServiceNetworkPolicies\": \"Enabled\"\r\n  },\r\n  \"type\":
        \"Microsoft.Network/virtualNetworks/subnets\"\r\n}"
    headers:
      azure-asyncnotification:
      - Enabled
      azure-asyncoperation:
      - https://management.azure.com/subscriptions/00000000-0000-0000-0000-000000000000/providers/Microsoft.Network/locations/westus/operations/64bc52a0-7790-42a7-90de-6015e6b23fa4?api-version=2022-01-01
      cache-control:
      - no-cache
      content-length:
      - '549'
      content-type:
      - application/json; charset=utf-8
      date:
      - Tue, 07 Feb 2023 21:12:22 GMT
      expires:
      - '-1'
      pragma:
      - no-cache
      server:
      - Microsoft-HTTPAPI/2.0
      - Microsoft-HTTPAPI/2.0
      strict-transport-security:
      - max-age=31536000; includeSubDomains
      x-content-type-options:
      - nosniff
      x-ms-arm-service-request-id:
      - e1a80641-f48a-4692-bd26-24848b53b4c6
      x-ms-ratelimit-remaining-subscription-writes:
      - '1196'
    status:
      code: 201
      message: Created
- request:
    body: null
    headers:
      Accept:
      - '*/*'
      Accept-Encoding:
      - gzip, deflate
      CommandName:
      - network vnet subnet create
      Connection:
      - keep-alive
      ParameterSetName:
      - -g --vnet-name -n --address-prefix
      User-Agent:
      - AZURECLI/2.45.0 (AAZ) azsdk-python-core/1.24.0 Python/3.10.9 (Linux-5.15.0-1031-azure-x86_64-with-glibc2.31)
        VSTS_7b238909-6802-4b65-b90d-184bca47f458_build_220_0
    method: GET
    uri: https://management.azure.com/subscriptions/00000000-0000-0000-0000-000000000000/providers/Microsoft.Network/locations/westus/operations/64bc52a0-7790-42a7-90de-6015e6b23fa4?api-version=2022-01-01
  response:
    body:
      string: "{\r\n  \"status\": \"Succeeded\"\r\n}"
    headers:
      cache-control:
      - no-cache
      content-length:
      - '29'
      content-type:
      - application/json; charset=utf-8
      date:
      - Tue, 07 Feb 2023 21:12:25 GMT
      expires:
      - '-1'
      pragma:
      - no-cache
      server:
      - Microsoft-HTTPAPI/2.0
      - Microsoft-HTTPAPI/2.0
      strict-transport-security:
      - max-age=31536000; includeSubDomains
      transfer-encoding:
      - chunked
      vary:
      - Accept-Encoding
      x-content-type-options:
      - nosniff
      x-ms-arm-service-request-id:
      - 21ddcd34-fed1-40fd-bb07-0ed72409f010
    status:
      code: 200
      message: OK
- request:
    body: null
    headers:
      Accept:
      - '*/*'
      Accept-Encoding:
      - gzip, deflate
      CommandName:
      - network vnet subnet create
      Connection:
      - keep-alive
      ParameterSetName:
      - -g --vnet-name -n --address-prefix
      User-Agent:
      - AZURECLI/2.45.0 (AAZ) azsdk-python-core/1.24.0 Python/3.10.9 (Linux-5.15.0-1031-azure-x86_64-with-glibc2.31)
        VSTS_7b238909-6802-4b65-b90d-184bca47f458_build_220_0
    method: GET
    uri: https://management.azure.com/subscriptions/00000000-0000-0000-0000-000000000000/resourceGroups/cli_test_vpn_connection_ipsec000001/providers/Microsoft.Network/virtualNetworks/vnet1/subnets/FrontEnd?api-version=2022-01-01
  response:
    body:
      string: "{\r\n  \"name\": \"FrontEnd\",\r\n  \"id\": \"/subscriptions/00000000-0000-0000-0000-000000000000/resourceGroups/cli_test_vpn_connection_ipsec000001/providers/Microsoft.Network/virtualNetworks/vnet1/subnets/FrontEnd\",\r\n
        \ \"etag\": \"W/\\\"1fe21302-9f0f-4af6-a109-16797734b908\\\"\",\r\n  \"properties\":
        {\r\n    \"provisioningState\": \"Succeeded\",\r\n    \"addressPrefix\": \"10.11.0.0/24\",\r\n
        \   \"delegations\": [],\r\n    \"privateEndpointNetworkPolicies\": \"Disabled\",\r\n
        \   \"privateLinkServiceNetworkPolicies\": \"Enabled\"\r\n  },\r\n  \"type\":
        \"Microsoft.Network/virtualNetworks/subnets\"\r\n}"
    headers:
      cache-control:
      - no-cache
      content-length:
      - '550'
      content-type:
      - application/json; charset=utf-8
      date:
      - Tue, 07 Feb 2023 21:12:26 GMT
      etag:
      - W/"1fe21302-9f0f-4af6-a109-16797734b908"
      expires:
      - '-1'
      pragma:
      - no-cache
      server:
      - Microsoft-HTTPAPI/2.0
      - Microsoft-HTTPAPI/2.0
      strict-transport-security:
      - max-age=31536000; includeSubDomains
      transfer-encoding:
      - chunked
      vary:
      - Accept-Encoding
      x-content-type-options:
      - nosniff
      x-ms-arm-service-request-id:
      - 5cdce82d-24de-4252-9cfd-7f6db4820b89
    status:
      code: 200
      message: OK
- request:
    body: '{"name": "BackEnd", "properties": {"addressPrefix": "10.12.0.0/24"}}'
    headers:
      Accept:
      - application/json
      Accept-Encoding:
      - gzip, deflate
      CommandName:
      - network vnet subnet create
      Connection:
      - keep-alive
      Content-Length:
      - '68'
      Content-Type:
      - application/json
      ParameterSetName:
      - -g --vnet-name -n --address-prefix
      User-Agent:
      - AZURECLI/2.45.0 (AAZ) azsdk-python-core/1.24.0 Python/3.10.9 (Linux-5.15.0-1031-azure-x86_64-with-glibc2.31)
        VSTS_7b238909-6802-4b65-b90d-184bca47f458_build_220_0
    method: PUT
    uri: https://management.azure.com/subscriptions/00000000-0000-0000-0000-000000000000/resourceGroups/cli_test_vpn_connection_ipsec000001/providers/Microsoft.Network/virtualNetworks/vnet1/subnets/BackEnd?api-version=2022-01-01
  response:
    body:
      string: "{\r\n  \"name\": \"BackEnd\",\r\n  \"id\": \"/subscriptions/00000000-0000-0000-0000-000000000000/resourceGroups/cli_test_vpn_connection_ipsec000001/providers/Microsoft.Network/virtualNetworks/vnet1/subnets/BackEnd\",\r\n
        \ \"etag\": \"W/\\\"53c39c34-01b2-45bc-b530-422d0e0752a8\\\"\",\r\n  \"properties\":
        {\r\n    \"provisioningState\": \"Updating\",\r\n    \"addressPrefix\": \"10.12.0.0/24\",\r\n
        \   \"delegations\": [],\r\n    \"privateEndpointNetworkPolicies\": \"Disabled\",\r\n
        \   \"privateLinkServiceNetworkPolicies\": \"Enabled\"\r\n  },\r\n  \"type\":
        \"Microsoft.Network/virtualNetworks/subnets\"\r\n}"
    headers:
      azure-asyncnotification:
      - Enabled
      azure-asyncoperation:
      - https://management.azure.com/subscriptions/00000000-0000-0000-0000-000000000000/providers/Microsoft.Network/locations/westus/operations/7ccc11fe-3b44-419d-b3cd-f946b9531803?api-version=2022-01-01
      cache-control:
      - no-cache
      content-length:
      - '547'
      content-type:
      - application/json; charset=utf-8
      date:
      - Tue, 07 Feb 2023 21:12:26 GMT
      expires:
      - '-1'
      pragma:
      - no-cache
      server:
      - Microsoft-HTTPAPI/2.0
      - Microsoft-HTTPAPI/2.0
      strict-transport-security:
      - max-age=31536000; includeSubDomains
      x-content-type-options:
      - nosniff
      x-ms-arm-service-request-id:
      - b47308d2-1c96-434b-93d8-fa363991b3d0
      x-ms-ratelimit-remaining-subscription-writes:
      - '1197'
    status:
      code: 201
      message: Created
- request:
    body: null
    headers:
      Accept:
      - '*/*'
      Accept-Encoding:
      - gzip, deflate
      CommandName:
      - network vnet subnet create
      Connection:
      - keep-alive
      ParameterSetName:
      - -g --vnet-name -n --address-prefix
      User-Agent:
      - AZURECLI/2.45.0 (AAZ) azsdk-python-core/1.24.0 Python/3.10.9 (Linux-5.15.0-1031-azure-x86_64-with-glibc2.31)
        VSTS_7b238909-6802-4b65-b90d-184bca47f458_build_220_0
    method: GET
    uri: https://management.azure.com/subscriptions/00000000-0000-0000-0000-000000000000/providers/Microsoft.Network/locations/westus/operations/7ccc11fe-3b44-419d-b3cd-f946b9531803?api-version=2022-01-01
  response:
    body:
      string: "{\r\n  \"status\": \"Succeeded\"\r\n}"
    headers:
      cache-control:
      - no-cache
      content-length:
      - '29'
      content-type:
      - application/json; charset=utf-8
      date:
      - Tue, 07 Feb 2023 21:12:29 GMT
      expires:
      - '-1'
      pragma:
      - no-cache
      server:
      - Microsoft-HTTPAPI/2.0
      - Microsoft-HTTPAPI/2.0
      strict-transport-security:
      - max-age=31536000; includeSubDomains
      transfer-encoding:
      - chunked
      vary:
      - Accept-Encoding
      x-content-type-options:
      - nosniff
      x-ms-arm-service-request-id:
      - 31b43af3-3aeb-465f-8af9-6d178b272721
    status:
      code: 200
      message: OK
- request:
    body: null
    headers:
      Accept:
      - '*/*'
      Accept-Encoding:
      - gzip, deflate
      CommandName:
      - network vnet subnet create
      Connection:
      - keep-alive
      ParameterSetName:
      - -g --vnet-name -n --address-prefix
      User-Agent:
      - AZURECLI/2.45.0 (AAZ) azsdk-python-core/1.24.0 Python/3.10.9 (Linux-5.15.0-1031-azure-x86_64-with-glibc2.31)
        VSTS_7b238909-6802-4b65-b90d-184bca47f458_build_220_0
    method: GET
    uri: https://management.azure.com/subscriptions/00000000-0000-0000-0000-000000000000/resourceGroups/cli_test_vpn_connection_ipsec000001/providers/Microsoft.Network/virtualNetworks/vnet1/subnets/BackEnd?api-version=2022-01-01
  response:
    body:
      string: "{\r\n  \"name\": \"BackEnd\",\r\n  \"id\": \"/subscriptions/00000000-0000-0000-0000-000000000000/resourceGroups/cli_test_vpn_connection_ipsec000001/providers/Microsoft.Network/virtualNetworks/vnet1/subnets/BackEnd\",\r\n
        \ \"etag\": \"W/\\\"6cb20354-6271-46a4-a7bb-2a118631882a\\\"\",\r\n  \"properties\":
        {\r\n    \"provisioningState\": \"Succeeded\",\r\n    \"addressPrefix\": \"10.12.0.0/24\",\r\n
        \   \"delegations\": [],\r\n    \"privateEndpointNetworkPolicies\": \"Disabled\",\r\n
        \   \"privateLinkServiceNetworkPolicies\": \"Enabled\"\r\n  },\r\n  \"type\":
        \"Microsoft.Network/virtualNetworks/subnets\"\r\n}"
    headers:
      cache-control:
      - no-cache
      content-length:
      - '548'
      content-type:
      - application/json; charset=utf-8
      date:
      - Tue, 07 Feb 2023 21:12:30 GMT
      etag:
      - W/"6cb20354-6271-46a4-a7bb-2a118631882a"
      expires:
      - '-1'
      pragma:
      - no-cache
      server:
      - Microsoft-HTTPAPI/2.0
      - Microsoft-HTTPAPI/2.0
      strict-transport-security:
      - max-age=31536000; includeSubDomains
      transfer-encoding:
      - chunked
      vary:
      - Accept-Encoding
      x-content-type-options:
      - nosniff
      x-ms-arm-service-request-id:
      - 44cd3c33-ca9a-44bf-a0cf-82fea83f48ef
    status:
      code: 200
      message: OK
- request:
    body: '{"name": "GatewaySubnet", "properties": {"addressPrefix": "10.12.255.0/27"}}'
    headers:
      Accept:
      - application/json
      Accept-Encoding:
      - gzip, deflate
      CommandName:
      - network vnet subnet create
      Connection:
      - keep-alive
      Content-Length:
      - '76'
      Content-Type:
      - application/json
      ParameterSetName:
      - -g --vnet-name -n --address-prefix
      User-Agent:
      - AZURECLI/2.45.0 (AAZ) azsdk-python-core/1.24.0 Python/3.10.9 (Linux-5.15.0-1031-azure-x86_64-with-glibc2.31)
        VSTS_7b238909-6802-4b65-b90d-184bca47f458_build_220_0
    method: PUT
    uri: https://management.azure.com/subscriptions/00000000-0000-0000-0000-000000000000/resourceGroups/cli_test_vpn_connection_ipsec000001/providers/Microsoft.Network/virtualNetworks/vnet1/subnets/GatewaySubnet?api-version=2022-01-01
  response:
    body:
      string: "{\r\n  \"name\": \"GatewaySubnet\",\r\n  \"id\": \"/subscriptions/00000000-0000-0000-0000-000000000000/resourceGroups/cli_test_vpn_connection_ipsec000001/providers/Microsoft.Network/virtualNetworks/vnet1/subnets/GatewaySubnet\",\r\n
        \ \"etag\": \"W/\\\"457f8fa2-d639-4815-aef5-9736bd67db07\\\"\",\r\n  \"properties\":
        {\r\n    \"provisioningState\": \"Updating\",\r\n    \"addressPrefix\": \"10.12.255.0/27\",\r\n
        \   \"delegations\": [],\r\n    \"privateEndpointNetworkPolicies\": \"Disabled\",\r\n
        \   \"privateLinkServiceNetworkPolicies\": \"Enabled\"\r\n  },\r\n  \"type\":
        \"Microsoft.Network/virtualNetworks/subnets\"\r\n}"
    headers:
      azure-asyncnotification:
      - Enabled
      azure-asyncoperation:
      - https://management.azure.com/subscriptions/00000000-0000-0000-0000-000000000000/providers/Microsoft.Network/locations/westus/operations/be953b76-1d13-4547-9a5f-1fd6a86e42ac?api-version=2022-01-01
      cache-control:
      - no-cache
      content-length:
      - '561'
      content-type:
      - application/json; charset=utf-8
      date:
      - Tue, 07 Feb 2023 21:12:31 GMT
      expires:
      - '-1'
      pragma:
      - no-cache
      server:
      - Microsoft-HTTPAPI/2.0
      - Microsoft-HTTPAPI/2.0
      strict-transport-security:
      - max-age=31536000; includeSubDomains
      x-content-type-options:
      - nosniff
      x-ms-arm-service-request-id:
      - 78e13218-439f-4692-9093-694774869781
      x-ms-ratelimit-remaining-subscription-writes:
      - '1199'
    status:
      code: 201
      message: Created
- request:
    body: null
    headers:
      Accept:
      - '*/*'
      Accept-Encoding:
      - gzip, deflate
      CommandName:
      - network vnet subnet create
      Connection:
      - keep-alive
      ParameterSetName:
      - -g --vnet-name -n --address-prefix
      User-Agent:
      - AZURECLI/2.45.0 (AAZ) azsdk-python-core/1.24.0 Python/3.10.9 (Linux-5.15.0-1031-azure-x86_64-with-glibc2.31)
        VSTS_7b238909-6802-4b65-b90d-184bca47f458_build_220_0
    method: GET
    uri: https://management.azure.com/subscriptions/00000000-0000-0000-0000-000000000000/providers/Microsoft.Network/locations/westus/operations/be953b76-1d13-4547-9a5f-1fd6a86e42ac?api-version=2022-01-01
  response:
    body:
      string: "{\r\n  \"status\": \"Succeeded\"\r\n}"
    headers:
      cache-control:
      - no-cache
      content-length:
      - '29'
      content-type:
      - application/json; charset=utf-8
      date:
      - Tue, 07 Feb 2023 21:12:34 GMT
      expires:
      - '-1'
      pragma:
      - no-cache
      server:
      - Microsoft-HTTPAPI/2.0
      - Microsoft-HTTPAPI/2.0
      strict-transport-security:
      - max-age=31536000; includeSubDomains
      transfer-encoding:
      - chunked
      vary:
      - Accept-Encoding
      x-content-type-options:
      - nosniff
      x-ms-arm-service-request-id:
      - cc8c02af-5bea-4e6d-8144-42eb9a19f221
    status:
      code: 200
      message: OK
- request:
    body: null
    headers:
      Accept:
      - '*/*'
      Accept-Encoding:
      - gzip, deflate
      CommandName:
      - network vnet subnet create
      Connection:
      - keep-alive
      ParameterSetName:
      - -g --vnet-name -n --address-prefix
      User-Agent:
      - AZURECLI/2.45.0 (AAZ) azsdk-python-core/1.24.0 Python/3.10.9 (Linux-5.15.0-1031-azure-x86_64-with-glibc2.31)
        VSTS_7b238909-6802-4b65-b90d-184bca47f458_build_220_0
    method: GET
    uri: https://management.azure.com/subscriptions/00000000-0000-0000-0000-000000000000/resourceGroups/cli_test_vpn_connection_ipsec000001/providers/Microsoft.Network/virtualNetworks/vnet1/subnets/GatewaySubnet?api-version=2022-01-01
  response:
    body:
      string: "{\r\n  \"name\": \"GatewaySubnet\",\r\n  \"id\": \"/subscriptions/00000000-0000-0000-0000-000000000000/resourceGroups/cli_test_vpn_connection_ipsec000001/providers/Microsoft.Network/virtualNetworks/vnet1/subnets/GatewaySubnet\",\r\n
        \ \"etag\": \"W/\\\"383a4554-3c33-49db-ad89-ac3137dee35c\\\"\",\r\n  \"properties\":
        {\r\n    \"provisioningState\": \"Succeeded\",\r\n    \"addressPrefix\": \"10.12.255.0/27\",\r\n
        \   \"delegations\": [],\r\n    \"privateEndpointNetworkPolicies\": \"Disabled\",\r\n
        \   \"privateLinkServiceNetworkPolicies\": \"Enabled\"\r\n  },\r\n  \"type\":
        \"Microsoft.Network/virtualNetworks/subnets\"\r\n}"
    headers:
      cache-control:
      - no-cache
      content-length:
      - '562'
      content-type:
      - application/json; charset=utf-8
      date:
      - Tue, 07 Feb 2023 21:12:34 GMT
      etag:
      - W/"383a4554-3c33-49db-ad89-ac3137dee35c"
      expires:
      - '-1'
      pragma:
      - no-cache
      server:
      - Microsoft-HTTPAPI/2.0
      - Microsoft-HTTPAPI/2.0
      strict-transport-security:
      - max-age=31536000; includeSubDomains
      transfer-encoding:
      - chunked
      vary:
      - Accept-Encoding
      x-content-type-options:
      - nosniff
      x-ms-arm-service-request-id:
      - 56d04a7d-e10f-4234-a36d-352d470ae70b
    status:
      code: 200
      message: OK
- request:
    body: null
    headers:
      Accept:
      - application/json
      Accept-Encoding:
      - gzip, deflate
      CommandName:
      - network public-ip create
      Connection:
      - keep-alive
      ParameterSetName:
      - -g -n
      User-Agent:
      - AZURECLI/2.45.0 azsdk-python-azure-mgmt-resource/22.0.0 Python/3.10.9 (Linux-5.15.0-1031-azure-x86_64-with-glibc2.31)
        VSTS_7b238909-6802-4b65-b90d-184bca47f458_build_220_0
    method: GET
    uri: https://management.azure.com/subscriptions/00000000-0000-0000-0000-000000000000/resourcegroups/cli_test_vpn_connection_ipsec000001?api-version=2022-09-01
  response:
    body:
      string: '{"id":"/subscriptions/00000000-0000-0000-0000-000000000000/resourceGroups/cli_test_vpn_connection_ipsec000001","name":"cli_test_vpn_connection_ipsec000001","type":"Microsoft.Resources/resourceGroups","location":"westus","tags":{"product":"azurecli","cause":"automation","date":"2023-02-07T21:12:14Z"},"properties":{"provisioningState":"Succeeded"}}'
    headers:
      cache-control:
      - no-cache
      content-length:
      - '348'
      content-type:
      - application/json; charset=utf-8
      date:
      - Tue, 07 Feb 2023 21:12:35 GMT
      expires:
      - '-1'
      pragma:
      - no-cache
      strict-transport-security:
      - max-age=31536000; includeSubDomains
      vary:
      - Accept-Encoding
      x-content-type-options:
      - nosniff
    status:
      code: 200
      message: OK
- request:
    body: '{"location": "westus", "properties": {"idleTimeoutInMinutes": 4, "publicIPAddressVersion":
      "IPv4", "publicIPAllocationMethod": "Dynamic"}}'
    headers:
      Accept:
      - application/json
      Accept-Encoding:
      - gzip, deflate
      CommandName:
      - network public-ip create
      Connection:
      - keep-alive
      Content-Length:
      - '138'
      Content-Type:
      - application/json
      ParameterSetName:
      - -g -n
      User-Agent:
      - AZURECLI/2.45.0 (AAZ) azsdk-python-core/1.24.0 Python/3.10.9 (Linux-5.15.0-1031-azure-x86_64-with-glibc2.31)
        VSTS_7b238909-6802-4b65-b90d-184bca47f458_build_220_0
    method: PUT
    uri: https://management.azure.com/subscriptions/00000000-0000-0000-0000-000000000000/resourceGroups/cli_test_vpn_connection_ipsec000001/providers/Microsoft.Network/publicIPAddresses/pip1?api-version=2022-05-01
  response:
    body:
      string: "{\r\n  \"name\": \"pip1\",\r\n  \"id\": \"/subscriptions/00000000-0000-0000-0000-000000000000/resourceGroups/cli_test_vpn_connection_ipsec000001/providers/Microsoft.Network/publicIPAddresses/pip1\",\r\n
        \ \"etag\": \"W/\\\"57fc0d69-f3c4-4f3f-8f77-33ee6893f1af\\\"\",\r\n  \"location\":
        \"westus\",\r\n  \"properties\": {\r\n    \"provisioningState\": \"Updating\",\r\n
        \   \"resourceGuid\": \"a9077faf-81b0-4ab6-84b4-c72f1c7885e9\",\r\n    \"publicIPAddressVersion\":
        \"IPv4\",\r\n    \"publicIPAllocationMethod\": \"Dynamic\",\r\n    \"idleTimeoutInMinutes\":
        4,\r\n    \"ipTags\": []\r\n  },\r\n  \"type\": \"Microsoft.Network/publicIPAddresses\",\r\n
        \ \"sku\": {\r\n    \"name\": \"Basic\",\r\n    \"tier\": \"Regional\"\r\n
        \ }\r\n}"
    headers:
      azure-asyncnotification:
      - Enabled
      azure-asyncoperation:
      - https://management.azure.com/subscriptions/00000000-0000-0000-0000-000000000000/providers/Microsoft.Network/locations/westus/operations/9061f68b-0d87-4586-8aec-5f0dfe3ccc29?api-version=2022-05-01
      cache-control:
      - no-cache
      content-length:
      - '641'
      content-type:
      - application/json; charset=utf-8
      date:
      - Tue, 07 Feb 2023 21:12:38 GMT
      expires:
      - '-1'
      pragma:
      - no-cache
      server:
      - Microsoft-HTTPAPI/2.0
      - Microsoft-HTTPAPI/2.0
      strict-transport-security:
      - max-age=31536000; includeSubDomains
      x-content-type-options:
      - nosniff
      x-ms-arm-service-request-id:
      - f344fe45-e1c3-4f1e-a782-4ce06234e712
      x-ms-ratelimit-remaining-subscription-writes:
      - '1199'
    status:
      code: 201
      message: Created
- request:
    body: null
    headers:
      Accept:
      - '*/*'
      Accept-Encoding:
      - gzip, deflate
      CommandName:
      - network public-ip create
      Connection:
      - keep-alive
      ParameterSetName:
      - -g -n
      User-Agent:
      - AZURECLI/2.45.0 (AAZ) azsdk-python-core/1.24.0 Python/3.10.9 (Linux-5.15.0-1031-azure-x86_64-with-glibc2.31)
        VSTS_7b238909-6802-4b65-b90d-184bca47f458_build_220_0
    method: GET
    uri: https://management.azure.com/subscriptions/00000000-0000-0000-0000-000000000000/providers/Microsoft.Network/locations/westus/operations/9061f68b-0d87-4586-8aec-5f0dfe3ccc29?api-version=2022-05-01
  response:
    body:
      string: "{\r\n  \"status\": \"Succeeded\"\r\n}"
    headers:
      cache-control:
      - no-cache
      content-length:
      - '29'
      content-type:
      - application/json; charset=utf-8
      date:
      - Tue, 07 Feb 2023 21:12:39 GMT
      expires:
      - '-1'
      pragma:
      - no-cache
      server:
      - Microsoft-HTTPAPI/2.0
      - Microsoft-HTTPAPI/2.0
      strict-transport-security:
      - max-age=31536000; includeSubDomains
      transfer-encoding:
      - chunked
      vary:
      - Accept-Encoding
      x-content-type-options:
      - nosniff
      x-ms-arm-service-request-id:
      - 5c44e15e-b401-4c75-a865-284b0e6d8b70
    status:
      code: 200
      message: OK
- request:
    body: null
    headers:
      Accept:
      - '*/*'
      Accept-Encoding:
      - gzip, deflate
      CommandName:
      - network public-ip create
      Connection:
      - keep-alive
      ParameterSetName:
      - -g -n
      User-Agent:
      - AZURECLI/2.45.0 (AAZ) azsdk-python-core/1.24.0 Python/3.10.9 (Linux-5.15.0-1031-azure-x86_64-with-glibc2.31)
        VSTS_7b238909-6802-4b65-b90d-184bca47f458_build_220_0
    method: GET
    uri: https://management.azure.com/subscriptions/00000000-0000-0000-0000-000000000000/resourceGroups/cli_test_vpn_connection_ipsec000001/providers/Microsoft.Network/publicIPAddresses/pip1?api-version=2022-05-01
  response:
    body:
      string: "{\r\n  \"name\": \"pip1\",\r\n  \"id\": \"/subscriptions/00000000-0000-0000-0000-000000000000/resourceGroups/cli_test_vpn_connection_ipsec000001/providers/Microsoft.Network/publicIPAddresses/pip1\",\r\n
        \ \"etag\": \"W/\\\"262d633b-4e98-4269-9695-46b1ce8c353b\\\"\",\r\n  \"location\":
        \"westus\",\r\n  \"properties\": {\r\n    \"provisioningState\": \"Succeeded\",\r\n
        \   \"resourceGuid\": \"a9077faf-81b0-4ab6-84b4-c72f1c7885e9\",\r\n    \"publicIPAddressVersion\":
        \"IPv4\",\r\n    \"publicIPAllocationMethod\": \"Dynamic\",\r\n    \"idleTimeoutInMinutes\":
        4,\r\n    \"ipTags\": []\r\n  },\r\n  \"type\": \"Microsoft.Network/publicIPAddresses\",\r\n
        \ \"sku\": {\r\n    \"name\": \"Basic\",\r\n    \"tier\": \"Regional\"\r\n
        \ }\r\n}"
    headers:
      cache-control:
      - no-cache
      content-length:
      - '642'
      content-type:
      - application/json; charset=utf-8
      date:
      - Tue, 07 Feb 2023 21:12:39 GMT
      etag:
      - W/"262d633b-4e98-4269-9695-46b1ce8c353b"
      expires:
      - '-1'
      pragma:
      - no-cache
      server:
      - Microsoft-HTTPAPI/2.0
      - Microsoft-HTTPAPI/2.0
      strict-transport-security:
      - max-age=31536000; includeSubDomains
      transfer-encoding:
      - chunked
      vary:
      - Accept-Encoding
      x-content-type-options:
      - nosniff
      x-ms-arm-service-request-id:
      - 7441c2ea-0c2d-426f-8b6a-fcfe100af947
    status:
      code: 200
      message: OK
- request:
    body: null
    headers:
      Accept:
      - application/json
      Accept-Encoding:
      - gzip, deflate
      CommandName:
      - network vnet-gateway create
      Connection:
      - keep-alive
      ParameterSetName:
      - -g -n --public-ip-address --vnet --sku
      User-Agent:
      - AZURECLI/2.45.0 azsdk-python-azure-mgmt-resource/22.0.0 Python/3.10.9 (Linux-5.15.0-1031-azure-x86_64-with-glibc2.31)
        VSTS_7b238909-6802-4b65-b90d-184bca47f458_build_220_0
    method: GET
    uri: https://management.azure.com/subscriptions/00000000-0000-0000-0000-000000000000/resourcegroups/cli_test_vpn_connection_ipsec000001?api-version=2022-09-01
  response:
    body:
      string: '{"id":"/subscriptions/00000000-0000-0000-0000-000000000000/resourceGroups/cli_test_vpn_connection_ipsec000001","name":"cli_test_vpn_connection_ipsec000001","type":"Microsoft.Resources/resourceGroups","location":"westus","tags":{"product":"azurecli","cause":"automation","date":"2023-02-07T21:12:14Z"},"properties":{"provisioningState":"Succeeded"}}'
    headers:
      cache-control:
      - no-cache
      content-length:
      - '348'
      content-type:
      - application/json; charset=utf-8
      date:
      - Tue, 07 Feb 2023 21:12:40 GMT
      expires:
      - '-1'
      pragma:
      - no-cache
      strict-transport-security:
      - max-age=31536000; includeSubDomains
      vary:
      - Accept-Encoding
      x-content-type-options:
      - nosniff
    status:
      code: 200
      message: OK
- request:
    body: '{"location": "westus", "properties": {"activeActive": false, "gatewayType":
      "Vpn", "ipConfigurations": [{"name": "vnetGatewayConfig0", "properties": {"privateIPAllocationMethod":
      "Dynamic", "publicIPAddress": {"id": "/subscriptions/00000000-0000-0000-0000-000000000000/resourceGroups/cli_test_vpn_connection_ipsec000001/providers/Microsoft.Network/publicIPAddresses/pip1"},
      "subnet": {"id": "/subscriptions/00000000-0000-0000-0000-000000000000/resourceGroups/cli_test_vpn_connection_ipsec000001/providers/Microsoft.Network/virtualNetworks/vnet1/subnets/GatewaySubnet"}}}],
      "sku": {"name": "Standard", "tier": "Standard"}, "vpnType": "RouteBased"}}'
    headers:
      Accept:
      - application/json
      Accept-Encoding:
      - gzip, deflate
      CommandName:
      - network vnet-gateway create
      Connection:
      - keep-alive
      Content-Length:
      - '647'
      Content-Type:
      - application/json
      ParameterSetName:
      - -g -n --public-ip-address --vnet --sku
      User-Agent:
      - AZURECLI/2.45.0 (AAZ) azsdk-python-core/1.24.0 Python/3.10.9 (Linux-5.15.0-1031-azure-x86_64-with-glibc2.31)
        VSTS_7b238909-6802-4b65-b90d-184bca47f458_build_220_0
    method: PUT
    uri: https://management.azure.com/subscriptions/00000000-0000-0000-0000-000000000000/resourceGroups/cli_test_vpn_connection_ipsec000001/providers/Microsoft.Network/virtualNetworkGateways/gw1?api-version=2022-01-01
  response:
    body:
      string: "{\r\n  \"name\": \"gw1\",\r\n  \"id\": \"/subscriptions/00000000-0000-0000-0000-000000000000/resourceGroups/cli_test_vpn_connection_ipsec000001/providers/Microsoft.Network/virtualNetworkGateways/gw1\",\r\n
        \ \"etag\": \"W/\\\"904e3082-3076-40c5-9062-376d38c1a863\\\"\",\r\n  \"type\":
        \"Microsoft.Network/virtualNetworkGateways\",\r\n  \"location\": \"westus\",\r\n
        \ \"properties\": {\r\n    \"provisioningState\": \"Updating\",\r\n    \"resourceGuid\":
        \"0bd65849-e308-4ddd-b3f0-4c906ab1d1e1\",\r\n    \"packetCaptureDiagnosticState\":
        \"None\",\r\n    \"enablePrivateIpAddress\": false,\r\n    \"isMigrateToCSES\":
        false,\r\n    \"ipConfigurations\": [\r\n      {\r\n        \"name\": \"vnetGatewayConfig0\",\r\n
        \       \"id\": \"/subscriptions/00000000-0000-0000-0000-000000000000/resourceGroups/cli_test_vpn_connection_ipsec000001/providers/Microsoft.Network/virtualNetworkGateways/gw1/ipConfigurations/vnetGatewayConfig0\",\r\n
        \       \"etag\": \"W/\\\"904e3082-3076-40c5-9062-376d38c1a863\\\"\",\r\n
        \       \"type\": \"Microsoft.Network/virtualNetworkGateways/ipConfigurations\",\r\n
        \       \"properties\": {\r\n          \"provisioningState\": \"Updating\",\r\n
        \         \"privateIPAllocationMethod\": \"Dynamic\",\r\n          \"publicIPAddress\":
        {\r\n            \"id\": \"/subscriptions/00000000-0000-0000-0000-000000000000/resourceGroups/cli_test_vpn_connection_ipsec000001/providers/Microsoft.Network/publicIPAddresses/pip1\"\r\n
        \         },\r\n          \"subnet\": {\r\n            \"id\": \"/subscriptions/00000000-0000-0000-0000-000000000000/resourceGroups/cli_test_vpn_connection_ipsec000001/providers/Microsoft.Network/virtualNetworks/vnet1/subnets/GatewaySubnet\"\r\n
        \         }\r\n        }\r\n      }\r\n    ],\r\n    \"natRules\": [],\r\n
        \   \"virtualNetworkGatewayPolicyGroups\": [],\r\n    \"enableBgpRouteTranslationForNat\":
        false,\r\n    \"disableIPSecReplayProtection\": false,\r\n    \"sku\": {\r\n
        \     \"name\": \"Standard\",\r\n      \"tier\": \"Standard\",\r\n      \"capacity\":
        2\r\n    },\r\n    \"gatewayType\": \"Vpn\",\r\n    \"vpnType\": \"RouteBased\",\r\n
        \   \"enableBgp\": false,\r\n    \"activeActive\": false,\r\n    \"vpnClientConfiguration\":
        {\r\n      \"vpnClientProtocols\": [\r\n        \"OpenVPN\",\r\n        \"IkeV2\"\r\n
        \     ],\r\n      \"vpnAuthenticationTypes\": [],\r\n      \"vpnClientRootCertificates\":
        [],\r\n      \"vpnClientRevokedCertificates\": [],\r\n      \"vngClientConnectionConfigurations\":
        [],\r\n      \"radiusServers\": [],\r\n      \"vpnClientIpsecPolicies\": []\r\n
        \   },\r\n    \"bgpSettings\": {\r\n      \"asn\": 0,\r\n      \"peerWeight\":
        0,\r\n      \"bgpPeeringAddresses\": [\r\n        {\r\n          \"ipconfigurationId\":
        \"/subscriptions/00000000-0000-0000-0000-000000000000/resourceGroups/cli_test_vpn_connection_ipsec000001/providers/Microsoft.Network/virtualNetworkGateways/gw1/ipConfigurations/vnetGatewayConfig0\",\r\n
        \         \"defaultBgpIpAddresses\": [],\r\n          \"customBgpIpAddresses\":
        []\r\n        }\r\n      ]\r\n    },\r\n    \"vpnGatewayGeneration\": \"Generation1\"\r\n
        \ }\r\n}"
    headers:
      azure-asyncnotification:
      - Enabled
      azure-asyncoperation:
      - https://management.azure.com/subscriptions/00000000-0000-0000-0000-000000000000/providers/Microsoft.Network/locations/westus/operations/0992192b-6531-4ee3-8aa2-be7a364b6876?api-version=2022-01-01
      cache-control:
      - no-cache
      content-length:
      - '2795'
      content-type:
      - application/json; charset=utf-8
      date:
      - Tue, 07 Feb 2023 21:12:43 GMT
      expires:
      - '-1'
      pragma:
      - no-cache
      server:
      - Microsoft-HTTPAPI/2.0
      - Microsoft-HTTPAPI/2.0
      strict-transport-security:
      - max-age=31536000; includeSubDomains
      x-content-type-options:
      - nosniff
      x-ms-arm-service-request-id:
      - 8e00170f-e110-4582-b764-e8c56a0b8f75
      x-ms-ratelimit-remaining-subscription-writes:
      - '1198'
    status:
      code: 201
      message: Created
- request:
    body: null
    headers:
      Accept:
      - '*/*'
      Accept-Encoding:
      - gzip, deflate
      CommandName:
      - network vnet-gateway create
      Connection:
      - keep-alive
      ParameterSetName:
      - -g -n --public-ip-address --vnet --sku
      User-Agent:
      - AZURECLI/2.45.0 (AAZ) azsdk-python-core/1.24.0 Python/3.10.9 (Linux-5.15.0-1031-azure-x86_64-with-glibc2.31)
        VSTS_7b238909-6802-4b65-b90d-184bca47f458_build_220_0
    method: GET
    uri: https://management.azure.com/subscriptions/00000000-0000-0000-0000-000000000000/providers/Microsoft.Network/locations/westus/operations/0992192b-6531-4ee3-8aa2-be7a364b6876?api-version=2022-01-01
  response:
    body:
      string: "{\r\n  \"status\": \"InProgress\"\r\n}"
    headers:
      cache-control:
      - no-cache
      content-length:
      - '30'
      content-type:
      - application/json; charset=utf-8
      date:
      - Tue, 07 Feb 2023 21:12:53 GMT
      expires:
      - '-1'
      pragma:
      - no-cache
      server:
      - Microsoft-HTTPAPI/2.0
      - Microsoft-HTTPAPI/2.0
      strict-transport-security:
      - max-age=31536000; includeSubDomains
      transfer-encoding:
      - chunked
      vary:
      - Accept-Encoding
      x-content-type-options:
      - nosniff
      x-ms-arm-service-request-id:
      - cbd4540f-1b09-439a-bc00-e54a621c2138
    status:
      code: 200
      message: OK
- request:
    body: null
    headers:
      Accept:
      - '*/*'
      Accept-Encoding:
      - gzip, deflate
      CommandName:
      - network vnet-gateway create
      Connection:
      - keep-alive
      ParameterSetName:
      - -g -n --public-ip-address --vnet --sku
      User-Agent:
      - AZURECLI/2.45.0 (AAZ) azsdk-python-core/1.24.0 Python/3.10.9 (Linux-5.15.0-1031-azure-x86_64-with-glibc2.31)
        VSTS_7b238909-6802-4b65-b90d-184bca47f458_build_220_0
    method: GET
    uri: https://management.azure.com/subscriptions/00000000-0000-0000-0000-000000000000/providers/Microsoft.Network/locations/westus/operations/0992192b-6531-4ee3-8aa2-be7a364b6876?api-version=2022-01-01
  response:
    body:
      string: "{\r\n  \"status\": \"InProgress\"\r\n}"
    headers:
      cache-control:
      - no-cache
      content-length:
      - '30'
      content-type:
      - application/json; charset=utf-8
      date:
      - Tue, 07 Feb 2023 21:13:03 GMT
      expires:
      - '-1'
      pragma:
      - no-cache
      server:
      - Microsoft-HTTPAPI/2.0
      - Microsoft-HTTPAPI/2.0
      strict-transport-security:
      - max-age=31536000; includeSubDomains
      transfer-encoding:
      - chunked
      vary:
      - Accept-Encoding
      x-content-type-options:
      - nosniff
      x-ms-arm-service-request-id:
      - c4d420b1-4ee7-4165-a456-6091d880e8b3
    status:
      code: 200
      message: OK
- request:
    body: null
    headers:
      Accept:
      - '*/*'
      Accept-Encoding:
      - gzip, deflate
      CommandName:
      - network vnet-gateway create
      Connection:
      - keep-alive
      ParameterSetName:
      - -g -n --public-ip-address --vnet --sku
      User-Agent:
      - AZURECLI/2.45.0 (AAZ) azsdk-python-core/1.24.0 Python/3.10.9 (Linux-5.15.0-1031-azure-x86_64-with-glibc2.31)
        VSTS_7b238909-6802-4b65-b90d-184bca47f458_build_220_0
    method: GET
    uri: https://management.azure.com/subscriptions/00000000-0000-0000-0000-000000000000/providers/Microsoft.Network/locations/westus/operations/0992192b-6531-4ee3-8aa2-be7a364b6876?api-version=2022-01-01
  response:
    body:
      string: "{\r\n  \"status\": \"InProgress\"\r\n}"
    headers:
      cache-control:
      - no-cache
      content-length:
      - '30'
      content-type:
      - application/json; charset=utf-8
      date:
      - Tue, 07 Feb 2023 21:13:23 GMT
      expires:
      - '-1'
      pragma:
      - no-cache
      server:
      - Microsoft-HTTPAPI/2.0
      - Microsoft-HTTPAPI/2.0
      strict-transport-security:
      - max-age=31536000; includeSubDomains
      transfer-encoding:
      - chunked
      vary:
      - Accept-Encoding
      x-content-type-options:
      - nosniff
      x-ms-arm-service-request-id:
      - 41c716aa-5f79-4650-a71b-0f8bd2f1662b
    status:
      code: 200
      message: OK
- request:
    body: null
    headers:
      Accept:
      - '*/*'
      Accept-Encoding:
      - gzip, deflate
      CommandName:
      - network vnet-gateway create
      Connection:
      - keep-alive
      ParameterSetName:
      - -g -n --public-ip-address --vnet --sku
      User-Agent:
      - AZURECLI/2.45.0 (AAZ) azsdk-python-core/1.24.0 Python/3.10.9 (Linux-5.15.0-1031-azure-x86_64-with-glibc2.31)
        VSTS_7b238909-6802-4b65-b90d-184bca47f458_build_220_0
    method: GET
    uri: https://management.azure.com/subscriptions/00000000-0000-0000-0000-000000000000/providers/Microsoft.Network/locations/westus/operations/0992192b-6531-4ee3-8aa2-be7a364b6876?api-version=2022-01-01
  response:
    body:
      string: "{\r\n  \"status\": \"InProgress\"\r\n}"
    headers:
      cache-control:
      - no-cache
      content-length:
      - '30'
      content-type:
      - application/json; charset=utf-8
      date:
      - Tue, 07 Feb 2023 21:13:43 GMT
      expires:
      - '-1'
      pragma:
      - no-cache
      server:
      - Microsoft-HTTPAPI/2.0
      - Microsoft-HTTPAPI/2.0
      strict-transport-security:
      - max-age=31536000; includeSubDomains
      transfer-encoding:
      - chunked
      vary:
      - Accept-Encoding
      x-content-type-options:
      - nosniff
      x-ms-arm-service-request-id:
      - 7b9e25ab-6c5d-4ed5-a0a5-831abf376093
    status:
      code: 200
      message: OK
- request:
    body: null
    headers:
      Accept:
      - '*/*'
      Accept-Encoding:
      - gzip, deflate
      CommandName:
      - network vnet-gateway create
      Connection:
      - keep-alive
      ParameterSetName:
      - -g -n --public-ip-address --vnet --sku
      User-Agent:
      - AZURECLI/2.45.0 (AAZ) azsdk-python-core/1.24.0 Python/3.10.9 (Linux-5.15.0-1031-azure-x86_64-with-glibc2.31)
        VSTS_7b238909-6802-4b65-b90d-184bca47f458_build_220_0
    method: GET
    uri: https://management.azure.com/subscriptions/00000000-0000-0000-0000-000000000000/providers/Microsoft.Network/locations/westus/operations/0992192b-6531-4ee3-8aa2-be7a364b6876?api-version=2022-01-01
  response:
    body:
      string: "{\r\n  \"status\": \"InProgress\"\r\n}"
    headers:
      cache-control:
      - no-cache
      content-length:
      - '30'
      content-type:
      - application/json; charset=utf-8
      date:
      - Tue, 07 Feb 2023 21:14:24 GMT
      expires:
      - '-1'
      pragma:
      - no-cache
      server:
      - Microsoft-HTTPAPI/2.0
      - Microsoft-HTTPAPI/2.0
      strict-transport-security:
      - max-age=31536000; includeSubDomains
      transfer-encoding:
      - chunked
      vary:
      - Accept-Encoding
      x-content-type-options:
      - nosniff
      x-ms-arm-service-request-id:
      - 7f60aebc-5739-4079-9cce-240e0b97da78
    status:
      code: 200
      message: OK
- request:
    body: null
    headers:
      Accept:
      - '*/*'
      Accept-Encoding:
      - gzip, deflate
      CommandName:
      - network vnet-gateway create
      Connection:
      - keep-alive
      ParameterSetName:
      - -g -n --public-ip-address --vnet --sku
      User-Agent:
      - AZURECLI/2.45.0 (AAZ) azsdk-python-core/1.24.0 Python/3.10.9 (Linux-5.15.0-1031-azure-x86_64-with-glibc2.31)
        VSTS_7b238909-6802-4b65-b90d-184bca47f458_build_220_0
    method: GET
    uri: https://management.azure.com/subscriptions/00000000-0000-0000-0000-000000000000/providers/Microsoft.Network/locations/westus/operations/0992192b-6531-4ee3-8aa2-be7a364b6876?api-version=2022-01-01
  response:
    body:
      string: "{\r\n  \"status\": \"InProgress\"\r\n}"
    headers:
      cache-control:
      - no-cache
      content-length:
      - '30'
      content-type:
      - application/json; charset=utf-8
      date:
      - Tue, 07 Feb 2023 21:15:03 GMT
      expires:
      - '-1'
      pragma:
      - no-cache
      server:
      - Microsoft-HTTPAPI/2.0
      - Microsoft-HTTPAPI/2.0
      strict-transport-security:
      - max-age=31536000; includeSubDomains
      transfer-encoding:
      - chunked
      vary:
      - Accept-Encoding
      x-content-type-options:
      - nosniff
      x-ms-arm-service-request-id:
      - 96080754-5fae-4c90-9789-66dfe6218342
    status:
      code: 200
      message: OK
- request:
    body: null
    headers:
      Accept:
      - '*/*'
      Accept-Encoding:
      - gzip, deflate
      CommandName:
      - network vnet-gateway create
      Connection:
      - keep-alive
      ParameterSetName:
      - -g -n --public-ip-address --vnet --sku
      User-Agent:
      - AZURECLI/2.45.0 (AAZ) azsdk-python-core/1.24.0 Python/3.10.9 (Linux-5.15.0-1031-azure-x86_64-with-glibc2.31)
        VSTS_7b238909-6802-4b65-b90d-184bca47f458_build_220_0
    method: GET
    uri: https://management.azure.com/subscriptions/00000000-0000-0000-0000-000000000000/providers/Microsoft.Network/locations/westus/operations/0992192b-6531-4ee3-8aa2-be7a364b6876?api-version=2022-01-01
  response:
    body:
      string: "{\r\n  \"status\": \"InProgress\"\r\n}"
    headers:
      cache-control:
      - no-cache
      content-length:
      - '30'
      content-type:
      - application/json; charset=utf-8
      date:
      - Tue, 07 Feb 2023 21:16:24 GMT
      expires:
      - '-1'
      pragma:
      - no-cache
      server:
      - Microsoft-HTTPAPI/2.0
      - Microsoft-HTTPAPI/2.0
      strict-transport-security:
      - max-age=31536000; includeSubDomains
      transfer-encoding:
      - chunked
      vary:
      - Accept-Encoding
      x-content-type-options:
      - nosniff
      x-ms-arm-service-request-id:
      - 9171b470-0048-4c55-97f4-61bf43f498a3
    status:
      code: 200
      message: OK
- request:
    body: null
    headers:
      Accept:
      - '*/*'
      Accept-Encoding:
      - gzip, deflate
      CommandName:
      - network vnet-gateway create
      Connection:
      - keep-alive
      ParameterSetName:
      - -g -n --public-ip-address --vnet --sku
      User-Agent:
      - AZURECLI/2.45.0 (AAZ) azsdk-python-core/1.24.0 Python/3.10.9 (Linux-5.15.0-1031-azure-x86_64-with-glibc2.31)
        VSTS_7b238909-6802-4b65-b90d-184bca47f458_build_220_0
    method: GET
    uri: https://management.azure.com/subscriptions/00000000-0000-0000-0000-000000000000/providers/Microsoft.Network/locations/westus/operations/0992192b-6531-4ee3-8aa2-be7a364b6876?api-version=2022-01-01
  response:
    body:
      string: "{\r\n  \"status\": \"InProgress\"\r\n}"
    headers:
      cache-control:
      - no-cache
      content-length:
      - '30'
      content-type:
      - application/json; charset=utf-8
      date:
      - Tue, 07 Feb 2023 21:19:04 GMT
      expires:
      - '-1'
      pragma:
      - no-cache
      server:
      - Microsoft-HTTPAPI/2.0
      - Microsoft-HTTPAPI/2.0
      strict-transport-security:
      - max-age=31536000; includeSubDomains
      transfer-encoding:
      - chunked
      vary:
      - Accept-Encoding
      x-content-type-options:
      - nosniff
      x-ms-arm-service-request-id:
      - 26fea571-505e-487d-b819-7303191dd518
    status:
      code: 200
      message: OK
- request:
    body: null
    headers:
      Accept:
      - '*/*'
      Accept-Encoding:
      - gzip, deflate
      CommandName:
      - network vnet-gateway create
      Connection:
      - keep-alive
      ParameterSetName:
      - -g -n --public-ip-address --vnet --sku
      User-Agent:
      - AZURECLI/2.45.0 (AAZ) azsdk-python-core/1.24.0 Python/3.10.9 (Linux-5.15.0-1031-azure-x86_64-with-glibc2.31)
        VSTS_7b238909-6802-4b65-b90d-184bca47f458_build_220_0
    method: GET
    uri: https://management.azure.com/subscriptions/00000000-0000-0000-0000-000000000000/providers/Microsoft.Network/locations/westus/operations/0992192b-6531-4ee3-8aa2-be7a364b6876?api-version=2022-01-01
  response:
    body:
      string: "{\r\n  \"status\": \"InProgress\"\r\n}"
    headers:
      cache-control:
      - no-cache
      content-length:
      - '30'
      content-type:
      - application/json; charset=utf-8
      date:
      - Tue, 07 Feb 2023 21:20:44 GMT
      expires:
      - '-1'
      pragma:
      - no-cache
      server:
      - Microsoft-HTTPAPI/2.0
      - Microsoft-HTTPAPI/2.0
      strict-transport-security:
      - max-age=31536000; includeSubDomains
      transfer-encoding:
      - chunked
      vary:
      - Accept-Encoding
      x-content-type-options:
      - nosniff
      x-ms-arm-service-request-id:
      - 7b9e689a-87a5-4c58-b3e6-b69694ce91ed
    status:
      code: 200
      message: OK
- request:
    body: null
    headers:
      Accept:
      - '*/*'
      Accept-Encoding:
      - gzip, deflate
      CommandName:
      - network vnet-gateway create
      Connection:
      - keep-alive
      ParameterSetName:
      - -g -n --public-ip-address --vnet --sku
      User-Agent:
      - AZURECLI/2.45.0 (AAZ) azsdk-python-core/1.24.0 Python/3.10.9 (Linux-5.15.0-1031-azure-x86_64-with-glibc2.31)
        VSTS_7b238909-6802-4b65-b90d-184bca47f458_build_220_0
    method: GET
    uri: https://management.azure.com/subscriptions/00000000-0000-0000-0000-000000000000/providers/Microsoft.Network/locations/westus/operations/0992192b-6531-4ee3-8aa2-be7a364b6876?api-version=2022-01-01
  response:
    body:
      string: "{\r\n  \"status\": \"InProgress\"\r\n}"
    headers:
      cache-control:
      - no-cache
      content-length:
      - '30'
      content-type:
      - application/json; charset=utf-8
      date:
      - Tue, 07 Feb 2023 21:22:25 GMT
      expires:
      - '-1'
      pragma:
      - no-cache
      server:
      - Microsoft-HTTPAPI/2.0
      - Microsoft-HTTPAPI/2.0
      strict-transport-security:
      - max-age=31536000; includeSubDomains
      transfer-encoding:
      - chunked
      vary:
      - Accept-Encoding
      x-content-type-options:
      - nosniff
      x-ms-arm-service-request-id:
      - da7c1ca0-19d3-4b20-965d-2960b424138a
    status:
      code: 200
      message: OK
- request:
    body: null
    headers:
      Accept:
      - '*/*'
      Accept-Encoding:
      - gzip, deflate
      CommandName:
      - network vnet-gateway create
      Connection:
      - keep-alive
      ParameterSetName:
      - -g -n --public-ip-address --vnet --sku
      User-Agent:
      - AZURECLI/2.45.0 (AAZ) azsdk-python-core/1.24.0 Python/3.10.9 (Linux-5.15.0-1031-azure-x86_64-with-glibc2.31)
        VSTS_7b238909-6802-4b65-b90d-184bca47f458_build_220_0
    method: GET
    uri: https://management.azure.com/subscriptions/00000000-0000-0000-0000-000000000000/providers/Microsoft.Network/locations/westus/operations/0992192b-6531-4ee3-8aa2-be7a364b6876?api-version=2022-01-01
  response:
    body:
      string: "{\r\n  \"status\": \"InProgress\"\r\n}"
    headers:
      cache-control:
      - no-cache
      content-length:
      - '30'
      content-type:
      - application/json; charset=utf-8
      date:
      - Tue, 07 Feb 2023 21:24:04 GMT
      expires:
      - '-1'
      pragma:
      - no-cache
      server:
      - Microsoft-HTTPAPI/2.0
      - Microsoft-HTTPAPI/2.0
      strict-transport-security:
      - max-age=31536000; includeSubDomains
      transfer-encoding:
      - chunked
      vary:
      - Accept-Encoding
      x-content-type-options:
      - nosniff
      x-ms-arm-service-request-id:
      - d044e952-0294-4dc9-b64e-29f33f8f25d4
    status:
      code: 200
      message: OK
- request:
    body: null
    headers:
      Accept:
      - '*/*'
      Accept-Encoding:
      - gzip, deflate
      CommandName:
      - network vnet-gateway create
      Connection:
      - keep-alive
      ParameterSetName:
      - -g -n --public-ip-address --vnet --sku
      User-Agent:
      - AZURECLI/2.45.0 (AAZ) azsdk-python-core/1.24.0 Python/3.10.9 (Linux-5.15.0-1031-azure-x86_64-with-glibc2.31)
        VSTS_7b238909-6802-4b65-b90d-184bca47f458_build_220_0
    method: GET
    uri: https://management.azure.com/subscriptions/00000000-0000-0000-0000-000000000000/providers/Microsoft.Network/locations/westus/operations/0992192b-6531-4ee3-8aa2-be7a364b6876?api-version=2022-01-01
  response:
    body:
      string: "{\r\n  \"status\": \"InProgress\"\r\n}"
    headers:
      cache-control:
      - no-cache
      content-length:
      - '30'
      content-type:
      - application/json; charset=utf-8
      date:
      - Tue, 07 Feb 2023 21:25:45 GMT
      expires:
      - '-1'
      pragma:
      - no-cache
      server:
      - Microsoft-HTTPAPI/2.0
      - Microsoft-HTTPAPI/2.0
      strict-transport-security:
      - max-age=31536000; includeSubDomains
      transfer-encoding:
      - chunked
      vary:
      - Accept-Encoding
      x-content-type-options:
      - nosniff
      x-ms-arm-service-request-id:
      - 15389a83-020c-4dd7-9632-b58a088270aa
    status:
      code: 200
      message: OK
- request:
    body: null
    headers:
      Accept:
      - '*/*'
      Accept-Encoding:
      - gzip, deflate
      CommandName:
      - network vnet-gateway create
      Connection:
      - keep-alive
      ParameterSetName:
      - -g -n --public-ip-address --vnet --sku
      User-Agent:
      - AZURECLI/2.45.0 (AAZ) azsdk-python-core/1.24.0 Python/3.10.9 (Linux-5.15.0-1031-azure-x86_64-with-glibc2.31)
        VSTS_7b238909-6802-4b65-b90d-184bca47f458_build_220_0
    method: GET
    uri: https://management.azure.com/subscriptions/00000000-0000-0000-0000-000000000000/providers/Microsoft.Network/locations/westus/operations/0992192b-6531-4ee3-8aa2-be7a364b6876?api-version=2022-01-01
  response:
    body:
      string: "{\r\n  \"status\": \"InProgress\"\r\n}"
    headers:
      cache-control:
      - no-cache
      content-length:
      - '30'
      content-type:
      - application/json; charset=utf-8
      date:
      - Tue, 07 Feb 2023 21:27:25 GMT
      expires:
      - '-1'
      pragma:
      - no-cache
      server:
      - Microsoft-HTTPAPI/2.0
      - Microsoft-HTTPAPI/2.0
      strict-transport-security:
      - max-age=31536000; includeSubDomains
      transfer-encoding:
      - chunked
      vary:
      - Accept-Encoding
      x-content-type-options:
      - nosniff
      x-ms-arm-service-request-id:
      - 43f3e0c9-df14-41ac-ad22-1391c219c494
    status:
      code: 200
      message: OK
- request:
    body: null
    headers:
      Accept:
      - '*/*'
      Accept-Encoding:
      - gzip, deflate
      CommandName:
      - network vnet-gateway create
      Connection:
      - keep-alive
      ParameterSetName:
      - -g -n --public-ip-address --vnet --sku
      User-Agent:
      - AZURECLI/2.45.0 (AAZ) azsdk-python-core/1.24.0 Python/3.10.9 (Linux-5.15.0-1031-azure-x86_64-with-glibc2.31)
        VSTS_7b238909-6802-4b65-b90d-184bca47f458_build_220_0
    method: GET
    uri: https://management.azure.com/subscriptions/00000000-0000-0000-0000-000000000000/providers/Microsoft.Network/locations/westus/operations/0992192b-6531-4ee3-8aa2-be7a364b6876?api-version=2022-01-01
  response:
    body:
      string: "{\r\n  \"status\": \"InProgress\"\r\n}"
    headers:
      cache-control:
      - no-cache
      content-length:
      - '30'
      content-type:
      - application/json; charset=utf-8
      date:
      - Tue, 07 Feb 2023 21:29:05 GMT
      expires:
      - '-1'
      pragma:
      - no-cache
      server:
      - Microsoft-HTTPAPI/2.0
      - Microsoft-HTTPAPI/2.0
      strict-transport-security:
      - max-age=31536000; includeSubDomains
      transfer-encoding:
      - chunked
      vary:
      - Accept-Encoding
      x-content-type-options:
      - nosniff
      x-ms-arm-service-request-id:
      - b3ab4e43-5211-4fc7-9520-f3a75e326f1f
    status:
      code: 200
      message: OK
- request:
    body: null
    headers:
      Accept:
      - '*/*'
      Accept-Encoding:
      - gzip, deflate
      CommandName:
      - network vnet-gateway create
      Connection:
      - keep-alive
      ParameterSetName:
      - -g -n --public-ip-address --vnet --sku
      User-Agent:
      - AZURECLI/2.45.0 (AAZ) azsdk-python-core/1.24.0 Python/3.10.9 (Linux-5.15.0-1031-azure-x86_64-with-glibc2.31)
        VSTS_7b238909-6802-4b65-b90d-184bca47f458_build_220_0
    method: GET
    uri: https://management.azure.com/subscriptions/00000000-0000-0000-0000-000000000000/providers/Microsoft.Network/locations/westus/operations/0992192b-6531-4ee3-8aa2-be7a364b6876?api-version=2022-01-01
  response:
    body:
      string: "{\r\n  \"status\": \"InProgress\"\r\n}"
    headers:
      cache-control:
      - no-cache
      content-length:
      - '30'
      content-type:
      - application/json; charset=utf-8
      date:
      - Tue, 07 Feb 2023 21:30:46 GMT
      expires:
      - '-1'
      pragma:
      - no-cache
      server:
      - Microsoft-HTTPAPI/2.0
      - Microsoft-HTTPAPI/2.0
      strict-transport-security:
      - max-age=31536000; includeSubDomains
      transfer-encoding:
      - chunked
      vary:
      - Accept-Encoding
      x-content-type-options:
      - nosniff
      x-ms-arm-service-request-id:
      - 515e6401-cadf-4b2c-871e-e16937e254c3
    status:
      code: 200
      message: OK
- request:
    body: null
    headers:
      Accept:
      - '*/*'
      Accept-Encoding:
      - gzip, deflate
      CommandName:
      - network vnet-gateway create
      Connection:
      - keep-alive
      ParameterSetName:
      - -g -n --public-ip-address --vnet --sku
      User-Agent:
      - AZURECLI/2.45.0 (AAZ) azsdk-python-core/1.24.0 Python/3.10.9 (Linux-5.15.0-1031-azure-x86_64-with-glibc2.31)
        VSTS_7b238909-6802-4b65-b90d-184bca47f458_build_220_0
    method: GET
    uri: https://management.azure.com/subscriptions/00000000-0000-0000-0000-000000000000/providers/Microsoft.Network/locations/westus/operations/0992192b-6531-4ee3-8aa2-be7a364b6876?api-version=2022-01-01
  response:
    body:
      string: "{\r\n  \"status\": \"InProgress\"\r\n}"
    headers:
      cache-control:
      - no-cache
      content-length:
      - '30'
      content-type:
      - application/json; charset=utf-8
      date:
      - Tue, 07 Feb 2023 21:32:26 GMT
      expires:
      - '-1'
      pragma:
      - no-cache
      server:
      - Microsoft-HTTPAPI/2.0
      - Microsoft-HTTPAPI/2.0
      strict-transport-security:
      - max-age=31536000; includeSubDomains
      transfer-encoding:
      - chunked
      vary:
      - Accept-Encoding
      x-content-type-options:
      - nosniff
      x-ms-arm-service-request-id:
      - 1e441b17-0539-4bb3-b7e7-e8cc535fea39
    status:
      code: 200
      message: OK
- request:
    body: null
    headers:
      Accept:
      - '*/*'
      Accept-Encoding:
      - gzip, deflate
      CommandName:
      - network vnet-gateway create
      Connection:
      - keep-alive
      ParameterSetName:
      - -g -n --public-ip-address --vnet --sku
      User-Agent:
      - AZURECLI/2.45.0 (AAZ) azsdk-python-core/1.24.0 Python/3.10.9 (Linux-5.15.0-1031-azure-x86_64-with-glibc2.31)
        VSTS_7b238909-6802-4b65-b90d-184bca47f458_build_220_0
    method: GET
    uri: https://management.azure.com/subscriptions/00000000-0000-0000-0000-000000000000/providers/Microsoft.Network/locations/westus/operations/0992192b-6531-4ee3-8aa2-be7a364b6876?api-version=2022-01-01
  response:
    body:
      string: "{\r\n  \"status\": \"InProgress\"\r\n}"
    headers:
      cache-control:
      - no-cache
      content-length:
      - '30'
      content-type:
      - application/json; charset=utf-8
      date:
      - Tue, 07 Feb 2023 21:34:06 GMT
      expires:
      - '-1'
      pragma:
      - no-cache
      server:
      - Microsoft-HTTPAPI/2.0
      - Microsoft-HTTPAPI/2.0
      strict-transport-security:
      - max-age=31536000; includeSubDomains
      transfer-encoding:
      - chunked
      vary:
      - Accept-Encoding
      x-content-type-options:
      - nosniff
      x-ms-arm-service-request-id:
      - 300b3e00-e1b0-4931-8e9a-e1379eac745f
    status:
      code: 200
      message: OK
- request:
    body: null
    headers:
      Accept:
      - '*/*'
      Accept-Encoding:
      - gzip, deflate
      CommandName:
      - network vnet-gateway create
      Connection:
      - keep-alive
      ParameterSetName:
      - -g -n --public-ip-address --vnet --sku
      User-Agent:
      - AZURECLI/2.45.0 (AAZ) azsdk-python-core/1.24.0 Python/3.10.9 (Linux-5.15.0-1031-azure-x86_64-with-glibc2.31)
        VSTS_7b238909-6802-4b65-b90d-184bca47f458_build_220_0
    method: GET
    uri: https://management.azure.com/subscriptions/00000000-0000-0000-0000-000000000000/providers/Microsoft.Network/locations/westus/operations/0992192b-6531-4ee3-8aa2-be7a364b6876?api-version=2022-01-01
  response:
    body:
      string: "{\r\n  \"status\": \"InProgress\"\r\n}"
    headers:
      cache-control:
      - no-cache
      content-length:
      - '30'
      content-type:
      - application/json; charset=utf-8
      date:
      - Tue, 07 Feb 2023 21:35:46 GMT
      expires:
      - '-1'
      pragma:
      - no-cache
      server:
      - Microsoft-HTTPAPI/2.0
      - Microsoft-HTTPAPI/2.0
      strict-transport-security:
      - max-age=31536000; includeSubDomains
      transfer-encoding:
      - chunked
      vary:
      - Accept-Encoding
      x-content-type-options:
      - nosniff
      x-ms-arm-service-request-id:
      - 487cfc04-4e92-482c-8be7-bf7cbc95d9e1
    status:
      code: 200
      message: OK
- request:
    body: null
    headers:
      Accept:
      - '*/*'
      Accept-Encoding:
      - gzip, deflate
      CommandName:
      - network vnet-gateway create
      Connection:
      - keep-alive
      ParameterSetName:
      - -g -n --public-ip-address --vnet --sku
      User-Agent:
      - AZURECLI/2.45.0 (AAZ) azsdk-python-core/1.24.0 Python/3.10.9 (Linux-5.15.0-1031-azure-x86_64-with-glibc2.31)
        VSTS_7b238909-6802-4b65-b90d-184bca47f458_build_220_0
    method: GET
    uri: https://management.azure.com/subscriptions/00000000-0000-0000-0000-000000000000/providers/Microsoft.Network/locations/westus/operations/0992192b-6531-4ee3-8aa2-be7a364b6876?api-version=2022-01-01
  response:
    body:
      string: "{\r\n  \"status\": \"InProgress\"\r\n}"
    headers:
      cache-control:
      - no-cache
      content-length:
      - '30'
      content-type:
      - application/json; charset=utf-8
      date:
      - Tue, 07 Feb 2023 21:37:27 GMT
      expires:
      - '-1'
      pragma:
      - no-cache
      server:
      - Microsoft-HTTPAPI/2.0
      - Microsoft-HTTPAPI/2.0
      strict-transport-security:
      - max-age=31536000; includeSubDomains
      transfer-encoding:
      - chunked
      vary:
      - Accept-Encoding
      x-content-type-options:
      - nosniff
      x-ms-arm-service-request-id:
      - 202b1fb0-1951-47ea-8eec-04836768d11c
    status:
      code: 200
      message: OK
- request:
    body: null
    headers:
      Accept:
      - '*/*'
      Accept-Encoding:
      - gzip, deflate
      CommandName:
      - network vnet-gateway create
      Connection:
      - keep-alive
      ParameterSetName:
      - -g -n --public-ip-address --vnet --sku
      User-Agent:
      - AZURECLI/2.45.0 (AAZ) azsdk-python-core/1.24.0 Python/3.10.9 (Linux-5.15.0-1031-azure-x86_64-with-glibc2.31)
        VSTS_7b238909-6802-4b65-b90d-184bca47f458_build_220_0
    method: GET
    uri: https://management.azure.com/subscriptions/00000000-0000-0000-0000-000000000000/providers/Microsoft.Network/locations/westus/operations/0992192b-6531-4ee3-8aa2-be7a364b6876?api-version=2022-01-01
  response:
    body:
      string: "{\r\n  \"status\": \"InProgress\"\r\n}"
    headers:
      cache-control:
      - no-cache
      content-length:
      - '30'
      content-type:
      - application/json; charset=utf-8
      date:
      - Tue, 07 Feb 2023 21:39:07 GMT
      expires:
      - '-1'
      pragma:
      - no-cache
      server:
      - Microsoft-HTTPAPI/2.0
      - Microsoft-HTTPAPI/2.0
      strict-transport-security:
      - max-age=31536000; includeSubDomains
      transfer-encoding:
      - chunked
      vary:
      - Accept-Encoding
      x-content-type-options:
      - nosniff
      x-ms-arm-service-request-id:
      - a7545c33-db8f-404b-bee9-f497714aa281
    status:
      code: 200
      message: OK
- request:
    body: null
    headers:
      Accept:
      - '*/*'
      Accept-Encoding:
      - gzip, deflate
      CommandName:
      - network vnet-gateway create
      Connection:
      - keep-alive
      ParameterSetName:
      - -g -n --public-ip-address --vnet --sku
      User-Agent:
      - AZURECLI/2.45.0 (AAZ) azsdk-python-core/1.24.0 Python/3.10.9 (Linux-5.15.0-1031-azure-x86_64-with-glibc2.31)
        VSTS_7b238909-6802-4b65-b90d-184bca47f458_build_220_0
    method: GET
    uri: https://management.azure.com/subscriptions/00000000-0000-0000-0000-000000000000/providers/Microsoft.Network/locations/westus/operations/0992192b-6531-4ee3-8aa2-be7a364b6876?api-version=2022-01-01
  response:
    body:
      string: "{\r\n  \"status\": \"InProgress\"\r\n}"
    headers:
      cache-control:
      - no-cache
      content-length:
      - '30'
      content-type:
      - application/json; charset=utf-8
      date:
      - Tue, 07 Feb 2023 21:40:47 GMT
      expires:
      - '-1'
      pragma:
      - no-cache
      server:
      - Microsoft-HTTPAPI/2.0
      - Microsoft-HTTPAPI/2.0
      strict-transport-security:
      - max-age=31536000; includeSubDomains
      transfer-encoding:
      - chunked
      vary:
      - Accept-Encoding
      x-content-type-options:
      - nosniff
      x-ms-arm-service-request-id:
      - 57599cdb-eaa9-4e41-ba2c-59dfc2f8667e
    status:
      code: 200
      message: OK
- request:
    body: null
    headers:
      Accept:
      - '*/*'
      Accept-Encoding:
      - gzip, deflate
      CommandName:
      - network vnet-gateway create
      Connection:
      - keep-alive
      ParameterSetName:
      - -g -n --public-ip-address --vnet --sku
      User-Agent:
      - AZURECLI/2.45.0 (AAZ) azsdk-python-core/1.24.0 Python/3.10.9 (Linux-5.15.0-1031-azure-x86_64-with-glibc2.31)
        VSTS_7b238909-6802-4b65-b90d-184bca47f458_build_220_0
    method: GET
    uri: https://management.azure.com/subscriptions/00000000-0000-0000-0000-000000000000/providers/Microsoft.Network/locations/westus/operations/0992192b-6531-4ee3-8aa2-be7a364b6876?api-version=2022-01-01
  response:
    body:
      string: "{\r\n  \"status\": \"Succeeded\"\r\n}"
    headers:
      cache-control:
      - no-cache
      content-length:
      - '29'
      content-type:
      - application/json; charset=utf-8
      date:
      - Tue, 07 Feb 2023 21:42:28 GMT
      expires:
      - '-1'
      pragma:
      - no-cache
      server:
      - Microsoft-HTTPAPI/2.0
      - Microsoft-HTTPAPI/2.0
      strict-transport-security:
      - max-age=31536000; includeSubDomains
      transfer-encoding:
      - chunked
      vary:
      - Accept-Encoding
      x-content-type-options:
      - nosniff
      x-ms-arm-service-request-id:
      - e1b4603e-6aae-42fa-bf09-11d9ac2362d7
    status:
      code: 200
      message: OK
- request:
    body: null
    headers:
      Accept:
      - '*/*'
      Accept-Encoding:
      - gzip, deflate
      CommandName:
      - network vnet-gateway create
      Connection:
      - keep-alive
      ParameterSetName:
      - -g -n --public-ip-address --vnet --sku
      User-Agent:
      - AZURECLI/2.45.0 (AAZ) azsdk-python-core/1.24.0 Python/3.10.9 (Linux-5.15.0-1031-azure-x86_64-with-glibc2.31)
        VSTS_7b238909-6802-4b65-b90d-184bca47f458_build_220_0
    method: GET
    uri: https://management.azure.com/subscriptions/00000000-0000-0000-0000-000000000000/resourceGroups/cli_test_vpn_connection_ipsec000001/providers/Microsoft.Network/virtualNetworkGateways/gw1?api-version=2022-01-01
  response:
    body:
      string: "{\r\n  \"name\": \"gw1\",\r\n  \"id\": \"/subscriptions/00000000-0000-0000-0000-000000000000/resourceGroups/cli_test_vpn_connection_ipsec000001/providers/Microsoft.Network/virtualNetworkGateways/gw1\",\r\n
        \ \"etag\": \"W/\\\"d936eacb-2b5a-4a94-bf1f-8ad5cd1ef5f9\\\"\",\r\n  \"type\":
        \"Microsoft.Network/virtualNetworkGateways\",\r\n  \"location\": \"westus\",\r\n
        \ \"properties\": {\r\n    \"provisioningState\": \"Succeeded\",\r\n    \"resourceGuid\":
        \"0bd65849-e308-4ddd-b3f0-4c906ab1d1e1\",\r\n    \"packetCaptureDiagnosticState\":
        \"None\",\r\n    \"enablePrivateIpAddress\": false,\r\n    \"isMigrateToCSES\":
        false,\r\n    \"ipConfigurations\": [\r\n      {\r\n        \"name\": \"vnetGatewayConfig0\",\r\n
        \       \"id\": \"/subscriptions/00000000-0000-0000-0000-000000000000/resourceGroups/cli_test_vpn_connection_ipsec000001/providers/Microsoft.Network/virtualNetworkGateways/gw1/ipConfigurations/vnetGatewayConfig0\",\r\n
        \       \"etag\": \"W/\\\"d936eacb-2b5a-4a94-bf1f-8ad5cd1ef5f9\\\"\",\r\n
        \       \"type\": \"Microsoft.Network/virtualNetworkGateways/ipConfigurations\",\r\n
        \       \"properties\": {\r\n          \"provisioningState\": \"Succeeded\",\r\n
        \         \"privateIPAllocationMethod\": \"Dynamic\",\r\n          \"publicIPAddress\":
        {\r\n            \"id\": \"/subscriptions/00000000-0000-0000-0000-000000000000/resourceGroups/cli_test_vpn_connection_ipsec000001/providers/Microsoft.Network/publicIPAddresses/pip1\"\r\n
        \         },\r\n          \"subnet\": {\r\n            \"id\": \"/subscriptions/00000000-0000-0000-0000-000000000000/resourceGroups/cli_test_vpn_connection_ipsec000001/providers/Microsoft.Network/virtualNetworks/vnet1/subnets/GatewaySubnet\"\r\n
        \         }\r\n        }\r\n      }\r\n    ],\r\n    \"natRules\": [],\r\n
        \   \"virtualNetworkGatewayPolicyGroups\": [],\r\n    \"enableBgpRouteTranslationForNat\":
        false,\r\n    \"disableIPSecReplayProtection\": false,\r\n    \"sku\": {\r\n
        \     \"name\": \"Standard\",\r\n      \"tier\": \"Standard\",\r\n      \"capacity\":
        2\r\n    },\r\n    \"gatewayType\": \"Vpn\",\r\n    \"vpnType\": \"RouteBased\",\r\n
        \   \"enableBgp\": false,\r\n    \"activeActive\": false,\r\n    \"bgpSettings\":
        {\r\n      \"asn\": 65515,\r\n      \"bgpPeeringAddress\": \"10.12.255.30\",\r\n
        \     \"peerWeight\": 0,\r\n      \"bgpPeeringAddresses\": [\r\n        {\r\n
        \         \"ipconfigurationId\": \"/subscriptions/00000000-0000-0000-0000-000000000000/resourceGroups/cli_test_vpn_connection_ipsec000001/providers/Microsoft.Network/virtualNetworkGateways/gw1/ipConfigurations/vnetGatewayConfig0\",\r\n
        \         \"defaultBgpIpAddresses\": [\r\n            \"10.12.255.30\"\r\n
        \         ],\r\n          \"customBgpIpAddresses\": [],\r\n          \"tunnelIpAddresses\":
        [\r\n            \"104.40.22.219\"\r\n          ]\r\n        }\r\n      ]\r\n
        \   },\r\n    \"vpnGatewayGeneration\": \"Generation1\"\r\n  }\r\n}"
    headers:
      cache-control:
      - no-cache
      content-length:
      - '2611'
      content-type:
      - application/json; charset=utf-8
      date:
      - Tue, 07 Feb 2023 21:42:28 GMT
      expires:
      - '-1'
      pragma:
      - no-cache
      server:
      - Microsoft-HTTPAPI/2.0
      - Microsoft-HTTPAPI/2.0
      strict-transport-security:
      - max-age=31536000; includeSubDomains
      transfer-encoding:
      - chunked
      vary:
      - Accept-Encoding
      x-content-type-options:
      - nosniff
      x-ms-arm-service-request-id:
      - c25756c7-e1e3-4148-904f-f7832ea76e6d
    status:
      code: 200
      message: OK
- request:
    body: null
    headers:
      Accept:
      - application/json
      Accept-Encoding:
      - gzip, deflate
      CommandName:
      - network local-gateway create
      Connection:
      - keep-alive
      ParameterSetName:
      - -g -n --gateway-ip-address --local-address-prefixes
      User-Agent:
      - AZURECLI/2.45.0 azsdk-python-azure-mgmt-resource/22.0.0 Python/3.10.9 (Linux-5.15.0-1031-azure-x86_64-with-glibc2.31)
        VSTS_7b238909-6802-4b65-b90d-184bca47f458_build_220_0
    method: GET
    uri: https://management.azure.com/subscriptions/00000000-0000-0000-0000-000000000000/resourcegroups/cli_test_vpn_connection_ipsec000001?api-version=2022-09-01
  response:
    body:
      string: '{"id":"/subscriptions/00000000-0000-0000-0000-000000000000/resourceGroups/cli_test_vpn_connection_ipsec000001","name":"cli_test_vpn_connection_ipsec000001","type":"Microsoft.Resources/resourceGroups","location":"westus","tags":{"product":"azurecli","cause":"automation","date":"2023-02-07T21:12:14Z"},"properties":{"provisioningState":"Succeeded"}}'
    headers:
      cache-control:
      - no-cache
      content-length:
      - '348'
      content-type:
      - application/json; charset=utf-8
      date:
      - Tue, 07 Feb 2023 21:42:28 GMT
      expires:
      - '-1'
      pragma:
      - no-cache
      strict-transport-security:
      - max-age=31536000; includeSubDomains
      vary:
      - Accept-Encoding
      x-content-type-options:
      - nosniff
    status:
      code: 200
      message: OK
- request:
    body: '{"location": "westus", "properties": {"gatewayIpAddress": "131.107.72.22",
      "localNetworkAddressSpace": {"addressPrefixes": ["10.61.0.0/16", "10.62.0.0/16"]}}}'
    headers:
      Accept:
      - application/json
      Accept-Encoding:
      - gzip, deflate
      CommandName:
      - network local-gateway create
      Connection:
      - keep-alive
      Content-Length:
      - '158'
      Content-Type:
      - application/json
      ParameterSetName:
      - -g -n --gateway-ip-address --local-address-prefixes
      User-Agent:
      - AZURECLI/2.45.0 (AAZ) azsdk-python-core/1.24.0 Python/3.10.9 (Linux-5.15.0-1031-azure-x86_64-with-glibc2.31)
        VSTS_7b238909-6802-4b65-b90d-184bca47f458_build_220_0
    method: PUT
    uri: https://management.azure.com/subscriptions/00000000-0000-0000-0000-000000000000/resourceGroups/cli_test_vpn_connection_ipsec000001/providers/Microsoft.Network/localNetworkGateways/lgw1?api-version=2021-08-01
  response:
    body:
      string: "{\r\n  \"name\": \"lgw1\",\r\n  \"id\": \"/subscriptions/00000000-0000-0000-0000-000000000000/resourceGroups/cli_test_vpn_connection_ipsec000001/providers/Microsoft.Network/localNetworkGateways/lgw1\",\r\n
        \ \"etag\": \"W/\\\"290eea04-1be8-4f7c-8b48-2aff14d7a42f\\\"\",\r\n  \"type\":
        \"Microsoft.Network/localNetworkGateways\",\r\n  \"location\": \"westus\",\r\n
        \ \"properties\": {\r\n    \"provisioningState\": \"Updating\",\r\n    \"resourceGuid\":
        \"235ce0bb-4241-4501-9f42-97000b46856b\",\r\n    \"localNetworkAddressSpace\":
        {\r\n      \"addressPrefixes\": [\r\n        \"10.61.0.0/16\",\r\n        \"10.62.0.0/16\"\r\n
        \     ]\r\n    },\r\n    \"gatewayIpAddress\": \"131.107.72.22\"\r\n  }\r\n}"
    headers:
      azure-asyncnotification:
      - Enabled
      azure-asyncoperation:
      - https://management.azure.com/subscriptions/00000000-0000-0000-0000-000000000000/providers/Microsoft.Network/locations/westus/operations/65289a03-4026-46ae-9817-d2144561405e?api-version=2021-08-01
      cache-control:
      - no-cache
      content-length:
      - '620'
      content-type:
      - application/json; charset=utf-8
      date:
      - Tue, 07 Feb 2023 21:42:31 GMT
      expires:
      - '-1'
      pragma:
      - no-cache
      server:
      - Microsoft-HTTPAPI/2.0
      - Microsoft-HTTPAPI/2.0
      strict-transport-security:
      - max-age=31536000; includeSubDomains
      x-content-type-options:
      - nosniff
      x-ms-arm-service-request-id:
      - 056c4af0-c716-4099-a5a0-7c2488b44cb8
      x-ms-ratelimit-remaining-subscription-writes:
      - '1199'
    status:
      code: 201
      message: Created
- request:
    body: null
    headers:
      Accept:
      - '*/*'
      Accept-Encoding:
      - gzip, deflate
      CommandName:
      - network local-gateway create
      Connection:
      - keep-alive
      ParameterSetName:
      - -g -n --gateway-ip-address --local-address-prefixes
      User-Agent:
      - AZURECLI/2.45.0 (AAZ) azsdk-python-core/1.24.0 Python/3.10.9 (Linux-5.15.0-1031-azure-x86_64-with-glibc2.31)
        VSTS_7b238909-6802-4b65-b90d-184bca47f458_build_220_0
    method: GET
    uri: https://management.azure.com/subscriptions/00000000-0000-0000-0000-000000000000/providers/Microsoft.Network/locations/westus/operations/65289a03-4026-46ae-9817-d2144561405e?api-version=2021-08-01
  response:
    body:
      string: "{\r\n  \"status\": \"Succeeded\"\r\n}"
    headers:
      cache-control:
      - no-cache
      content-length:
      - '29'
      content-type:
      - application/json; charset=utf-8
      date:
      - Tue, 07 Feb 2023 21:42:41 GMT
      expires:
      - '-1'
      pragma:
      - no-cache
      server:
      - Microsoft-HTTPAPI/2.0
      - Microsoft-HTTPAPI/2.0
      strict-transport-security:
      - max-age=31536000; includeSubDomains
      transfer-encoding:
      - chunked
      vary:
      - Accept-Encoding
      x-content-type-options:
      - nosniff
      x-ms-arm-service-request-id:
      - 7b928775-9601-4d88-97ce-117d73345aa1
    status:
      code: 200
      message: OK
- request:
    body: null
    headers:
      Accept:
      - '*/*'
      Accept-Encoding:
      - gzip, deflate
      CommandName:
      - network local-gateway create
      Connection:
      - keep-alive
      ParameterSetName:
      - -g -n --gateway-ip-address --local-address-prefixes
      User-Agent:
      - AZURECLI/2.45.0 (AAZ) azsdk-python-core/1.24.0 Python/3.10.9 (Linux-5.15.0-1031-azure-x86_64-with-glibc2.31)
        VSTS_7b238909-6802-4b65-b90d-184bca47f458_build_220_0
    method: GET
    uri: https://management.azure.com/subscriptions/00000000-0000-0000-0000-000000000000/resourceGroups/cli_test_vpn_connection_ipsec000001/providers/Microsoft.Network/localNetworkGateways/lgw1?api-version=2021-08-01
  response:
    body:
      string: "{\r\n  \"name\": \"lgw1\",\r\n  \"id\": \"/subscriptions/00000000-0000-0000-0000-000000000000/resourceGroups/cli_test_vpn_connection_ipsec000001/providers/Microsoft.Network/localNetworkGateways/lgw1\",\r\n
        \ \"etag\": \"W/\\\"98402f40-47a2-475f-90eb-4267e4af22e9\\\"\",\r\n  \"type\":
        \"Microsoft.Network/localNetworkGateways\",\r\n  \"location\": \"westus\",\r\n
        \ \"properties\": {\r\n    \"provisioningState\": \"Succeeded\",\r\n    \"resourceGuid\":
        \"235ce0bb-4241-4501-9f42-97000b46856b\",\r\n    \"localNetworkAddressSpace\":
        {\r\n      \"addressPrefixes\": [\r\n        \"10.61.0.0/16\",\r\n        \"10.62.0.0/16\"\r\n
        \     ]\r\n    },\r\n    \"gatewayIpAddress\": \"131.107.72.22\"\r\n  }\r\n}"
    headers:
      cache-control:
      - no-cache
      content-length:
      - '621'
      content-type:
      - application/json; charset=utf-8
      date:
      - Tue, 07 Feb 2023 21:42:47 GMT
      etag:
      - W/"98402f40-47a2-475f-90eb-4267e4af22e9"
      expires:
      - '-1'
      pragma:
      - no-cache
      server:
      - Microsoft-HTTPAPI/2.0
      - Microsoft-HTTPAPI/2.0
      strict-transport-security:
      - max-age=31536000; includeSubDomains
      transfer-encoding:
      - chunked
      vary:
      - Accept-Encoding
      x-content-type-options:
      - nosniff
      x-ms-arm-service-request-id:
      - e0121971-4fd2-408d-8e5c-85d8d368e4e6
    status:
      code: 200
      message: OK
- request:
    body: null
    headers:
      Accept:
      - application/json
      Accept-Encoding:
      - gzip, deflate
      CommandName:
      - network vpn-connection create
      Connection:
      - keep-alive
      ParameterSetName:
      - -g -n --vnet-gateway1 --local-gateway2 --shared-key
      User-Agent:
      - AZURECLI/2.45.0 azsdk-python-azure-mgmt-resource/22.0.0 Python/3.10.9 (Linux-5.15.0-1031-azure-x86_64-with-glibc2.31)
        VSTS_7b238909-6802-4b65-b90d-184bca47f458_build_220_0
    method: GET
    uri: https://management.azure.com/subscriptions/00000000-0000-0000-0000-000000000000/resourcegroups/cli_test_vpn_connection_ipsec000001?api-version=2022-09-01
  response:
    body:
      string: '{"id":"/subscriptions/00000000-0000-0000-0000-000000000000/resourceGroups/cli_test_vpn_connection_ipsec000001","name":"cli_test_vpn_connection_ipsec000001","type":"Microsoft.Resources/resourceGroups","location":"westus","tags":{"product":"azurecli","cause":"automation","date":"2023-02-07T21:12:14Z"},"properties":{"provisioningState":"Succeeded"}}'
    headers:
      cache-control:
      - no-cache
      content-length:
      - '348'
      content-type:
      - application/json; charset=utf-8
      date:
      - Tue, 07 Feb 2023 21:42:48 GMT
      expires:
      - '-1'
      pragma:
      - no-cache
      strict-transport-security:
      - max-age=31536000; includeSubDomains
      vary:
      - Accept-Encoding
      x-content-type-options:
      - nosniff
    status:
      code: 200
      message: OK
- request:
    body: '{"properties": {"template": {"$schema": "https://schema.management.azure.com/schemas/2015-01-01/deploymentTemplate.json#",
      "contentVersion": "1.0.0.0", "parameters": {"sharedKey": {"type": "securestring",
      "metadata": {"description": "Secure sharedKey"}}}, "variables": {}, "resources":
      [{"type": "Microsoft.Network/connections", "name": "conn1", "location": "westus",
      "tags": {}, "apiVersion": "2015-06-15", "dependsOn": [], "properties": {"virtualNetworkGateway1":
      {"id": "/subscriptions/00000000-0000-0000-0000-000000000000/resourceGroups/cli_test_vpn_connection_ipsec000001/providers/Microsoft.Network/virtualNetworkGateways/gw1"},
      "enableBgp": false, "connectionType": "IPSec", "routingWeight": 10, "usePolicyBasedTrafficSelectors":
      false, "expressRouteGatewayBypass": null, "localNetworkGateway2": {"id": "/subscriptions/00000000-0000-0000-0000-000000000000/resourceGroups/cli_test_vpn_connection_ipsec000001/providers/Microsoft.Network/localNetworkGateways/lgw1"},
      "sharedKey": "[parameters(''sharedKey'')]"}}], "outputs": {"resource": {"type":
      "object", "value": "[reference(''conn1'')]"}}}, "parameters": {"sharedKey":
      {"value": "AzureA1b2C3"}}, "mode": "incremental"}}'
    headers:
      Accept:
      - application/json
      Accept-Encoding:
      - gzip, deflate
      CommandName:
      - network vpn-connection create
      Connection:
      - keep-alive
      Content-Length:
      - '1173'
      Content-Type:
      - application/json
      ParameterSetName:
      - -g -n --vnet-gateway1 --local-gateway2 --shared-key
      User-Agent:
      - AZURECLI/2.45.0 azsdk-python-azure-mgmt-resource/22.0.0 Python/3.10.9 (Linux-5.15.0-1031-azure-x86_64-with-glibc2.31)
        VSTS_7b238909-6802-4b65-b90d-184bca47f458_build_220_0
    method: PUT
    uri: https://management.azure.com/subscriptions/00000000-0000-0000-0000-000000000000/resourcegroups/cli_test_vpn_connection_ipsec000001/providers/Microsoft.Resources/deployments/mock-deployment?api-version=2022-09-01
  response:
    body:
      string: '{"id":"/subscriptions/00000000-0000-0000-0000-000000000000/resourceGroups/cli_test_vpn_connection_ipsec000001/providers/Microsoft.Resources/deployments/vpn_connection_deploy_GiC58mCZm4RfhOKUS9PBz0kcwcvNm6yg","name":"vpn_connection_deploy_GiC58mCZm4RfhOKUS9PBz0kcwcvNm6yg","type":"Microsoft.Resources/deployments","properties":{"templateHash":"6244597959974206287","parameters":{"sharedKey":{"type":"SecureString"}},"mode":"Incremental","provisioningState":"Accepted","timestamp":"2023-02-07T21:42:50.6763534Z","duration":"PT0.0009424S","correlationId":"12768f22-944c-49d8-af2a-e4225fe0a958","providers":[{"namespace":"Microsoft.Network","resourceTypes":[{"resourceType":"connections","locations":["westus"]}]}],"dependencies":[]}}'
    headers:
      azure-asyncoperation:
      - https://management.azure.com/subscriptions/00000000-0000-0000-0000-000000000000/resourcegroups/cli_test_vpn_connection_ipsec000001/providers/Microsoft.Resources/deployments/vpn_connection_deploy_GiC58mCZm4RfhOKUS9PBz0kcwcvNm6yg/operationStatuses/08585258007158195467?api-version=2022-09-01
      cache-control:
      - no-cache
      content-length:
      - '730'
      content-type:
      - application/json; charset=utf-8
      date:
      - Tue, 07 Feb 2023 21:42:50 GMT
      expires:
      - '-1'
      pragma:
      - no-cache
      strict-transport-security:
      - max-age=31536000; includeSubDomains
      x-content-type-options:
      - nosniff
      x-ms-ratelimit-remaining-subscription-writes:
      - '1198'
    status:
      code: 201
      message: Created
- request:
    body: null
    headers:
      Accept:
      - '*/*'
      Accept-Encoding:
      - gzip, deflate
      CommandName:
      - network vpn-connection create
      Connection:
      - keep-alive
      ParameterSetName:
      - -g -n --vnet-gateway1 --local-gateway2 --shared-key
      User-Agent:
      - AZURECLI/2.45.0 azsdk-python-azure-mgmt-resource/22.0.0 Python/3.10.9 (Linux-5.15.0-1031-azure-x86_64-with-glibc2.31)
        VSTS_7b238909-6802-4b65-b90d-184bca47f458_build_220_0
    method: GET
    uri: https://management.azure.com/subscriptions/00000000-0000-0000-0000-000000000000/resourcegroups/cli_test_vpn_connection_ipsec000001/providers/Microsoft.Resources/deployments/mock-deployment/operationStatuses/08585258007158195467?api-version=2022-09-01
  response:
    body:
      string: '{"status":"Running"}'
    headers:
      cache-control:
      - no-cache
      content-length:
      - '20'
      content-type:
      - application/json; charset=utf-8
      date:
      - Tue, 07 Feb 2023 21:43:20 GMT
      expires:
      - '-1'
      pragma:
      - no-cache
      strict-transport-security:
      - max-age=31536000; includeSubDomains
      vary:
      - Accept-Encoding
      x-content-type-options:
      - nosniff
    status:
      code: 200
      message: OK
- request:
    body: null
    headers:
      Accept:
      - '*/*'
      Accept-Encoding:
      - gzip, deflate
      CommandName:
      - network vpn-connection create
      Connection:
      - keep-alive
      ParameterSetName:
      - -g -n --vnet-gateway1 --local-gateway2 --shared-key
      User-Agent:
      - AZURECLI/2.45.0 azsdk-python-azure-mgmt-resource/22.0.0 Python/3.10.9 (Linux-5.15.0-1031-azure-x86_64-with-glibc2.31)
        VSTS_7b238909-6802-4b65-b90d-184bca47f458_build_220_0
    method: GET
    uri: https://management.azure.com/subscriptions/00000000-0000-0000-0000-000000000000/resourcegroups/cli_test_vpn_connection_ipsec000001/providers/Microsoft.Resources/deployments/mock-deployment/operationStatuses/08585258007158195467?api-version=2022-09-01
  response:
    body:
      string: '{"status":"Succeeded"}'
    headers:
      cache-control:
      - no-cache
      content-length:
      - '22'
      content-type:
      - application/json; charset=utf-8
      date:
      - Tue, 07 Feb 2023 21:43:51 GMT
      expires:
      - '-1'
      pragma:
      - no-cache
      strict-transport-security:
      - max-age=31536000; includeSubDomains
      vary:
      - Accept-Encoding
      x-content-type-options:
      - nosniff
    status:
      code: 200
      message: OK
- request:
    body: null
    headers:
      Accept:
      - '*/*'
      Accept-Encoding:
      - gzip, deflate
      CommandName:
      - network vpn-connection create
      Connection:
      - keep-alive
      ParameterSetName:
      - -g -n --vnet-gateway1 --local-gateway2 --shared-key
      User-Agent:
      - AZURECLI/2.45.0 azsdk-python-azure-mgmt-resource/22.0.0 Python/3.10.9 (Linux-5.15.0-1031-azure-x86_64-with-glibc2.31)
        VSTS_7b238909-6802-4b65-b90d-184bca47f458_build_220_0
    method: GET
    uri: https://management.azure.com/subscriptions/00000000-0000-0000-0000-000000000000/resourcegroups/cli_test_vpn_connection_ipsec000001/providers/Microsoft.Resources/deployments/mock-deployment?api-version=2022-09-01
  response:
    body:
      string: '{"id":"/subscriptions/00000000-0000-0000-0000-000000000000/resourceGroups/cli_test_vpn_connection_ipsec000001/providers/Microsoft.Resources/deployments/vpn_connection_deploy_GiC58mCZm4RfhOKUS9PBz0kcwcvNm6yg","name":"vpn_connection_deploy_GiC58mCZm4RfhOKUS9PBz0kcwcvNm6yg","type":"Microsoft.Resources/deployments","properties":{"templateHash":"6244597959974206287","parameters":{"sharedKey":{"type":"SecureString"}},"mode":"Incremental","provisioningState":"Succeeded","timestamp":"2023-02-07T21:43:29.3281349Z","duration":"PT38.6527239S","correlationId":"12768f22-944c-49d8-af2a-e4225fe0a958","providers":[{"namespace":"Microsoft.Network","resourceTypes":[{"resourceType":"connections","locations":["westus"]}]}],"dependencies":[],"outputs":{"resource":{"type":"Object","value":{"provisioningState":"Succeeded","resourceGuid":"5404f42b-3811-4a6f-b7f5-f9f6845bb0b0","virtualNetworkGateway1":{"id":"/subscriptions/00000000-0000-0000-0000-000000000000/resourceGroups/cli_test_vpn_connection_ipsec000001/providers/Microsoft.Network/virtualNetworkGateways/gw1"},"localNetworkGateway2":{"id":"/subscriptions/00000000-0000-0000-0000-000000000000/resourceGroups/cli_test_vpn_connection_ipsec000001/providers/Microsoft.Network/localNetworkGateways/lgw1"},"connectionType":"IPsec","connectionProtocol":"IKEv2","routingWeight":10,"sharedKey":"AzureA1b2C3","enableBgp":false,"useLocalAzureIpAddress":false,"trafficSelectorPolicies":[],"connectionStatus":"Unknown","ingressBytesTransferred":0,"egressBytesTransferred":0,"dpdTimeoutSeconds":0,"connectionMode":"Default"}}},"outputResources":[{"id":"/subscriptions/00000000-0000-0000-0000-000000000000/resourceGroups/cli_test_vpn_connection_ipsec000001/providers/Microsoft.Network/connections/conn1"}]}}'
    headers:
      cache-control:
      - no-cache
      content-length:
      - '1738'
      content-type:
      - application/json; charset=utf-8
      date:
      - Tue, 07 Feb 2023 21:43:51 GMT
      expires:
      - '-1'
      pragma:
      - no-cache
      strict-transport-security:
      - max-age=31536000; includeSubDomains
      vary:
      - Accept-Encoding
      x-content-type-options:
      - nosniff
    status:
      code: 200
      message: OK
- request:
    body: null
    headers:
      Accept:
      - application/json
      Accept-Encoding:
      - gzip, deflate
      CommandName:
      - network vpn-connection list
      Connection:
      - keep-alive
      ParameterSetName:
      - -g
      User-Agent:
      - AZURECLI/2.45.0 azsdk-python-azure-mgmt-network/21.0.1 Python/3.10.9 (Linux-5.15.0-1031-azure-x86_64-with-glibc2.31)
        VSTS_7b238909-6802-4b65-b90d-184bca47f458_build_220_0
    method: GET
    uri: https://management.azure.com/subscriptions/00000000-0000-0000-0000-000000000000/resourceGroups/cli_test_vpn_connection_ipsec000001/providers/Microsoft.Network/connections?api-version=2022-01-01
  response:
    body:
      string: "{\r\n  \"value\": [\r\n    {\r\n      \"name\": \"conn1\",\r\n      \"id\":
        \"/subscriptions/00000000-0000-0000-0000-000000000000/resourceGroups/cli_test_vpn_connection_ipsec000001/providers/Microsoft.Network/connections/conn1\",\r\n
        \     \"etag\": \"W/\\\"b32979e7-160a-41d9-9711-5ed58b56001d\\\"\",\r\n      \"type\":
        \"Microsoft.Network/connections\",\r\n      \"location\": \"westus\",\r\n
        \     \"tags\": {},\r\n      \"properties\": {\r\n        \"provisioningState\":
        \"Succeeded\",\r\n        \"resourceGuid\": \"5404f42b-3811-4a6f-b7f5-f9f6845bb0b0\",\r\n
        \       \"packetCaptureDiagnosticState\": \"None\",\r\n        \"virtualNetworkGateway1\":
        {\r\n          \"id\": \"/subscriptions/00000000-0000-0000-0000-000000000000/resourceGroups/cli_test_vpn_connection_ipsec000001/providers/Microsoft.Network/virtualNetworkGateways/gw1\"\r\n
        \       },\r\n        \"localNetworkGateway2\": {\r\n          \"id\": \"/subscriptions/00000000-0000-0000-0000-000000000000/resourceGroups/cli_test_vpn_connection_ipsec000001/providers/Microsoft.Network/localNetworkGateways/lgw1\"\r\n
        \       },\r\n        \"connectionType\": \"IPsec\",\r\n        \"connectionProtocol\":
        \"IKEv2\",\r\n        \"routingWeight\": 10,\r\n        \"enableBgp\": false,\r\n
        \       \"useLocalAzureIpAddress\": false,\r\n        \"usePolicyBasedTrafficSelectors\":
        false,\r\n        \"ipsecPolicies\": [],\r\n        \"trafficSelectorPolicies\":
        [],\r\n        \"ingressBytesTransferred\": 0,\r\n        \"egressBytesTransferred\":
        0,\r\n        \"expressRouteGatewayBypass\": false,\r\n        \"dpdTimeoutSeconds\":
        0,\r\n        \"connectionMode\": \"Default\",\r\n        \"gatewayCustomBgpIpAddresses\":
        []\r\n      }\r\n    }\r\n  ]\r\n}"
    headers:
      cache-control:
      - no-cache
      content-length:
      - '1554'
      content-type:
      - application/json; charset=utf-8
      date:
      - Tue, 07 Feb 2023 21:43:52 GMT
      expires:
      - '-1'
      pragma:
      - no-cache
      server:
      - Microsoft-HTTPAPI/2.0
      - Microsoft-HTTPAPI/2.0
      strict-transport-security:
      - max-age=31536000; includeSubDomains
      transfer-encoding:
      - chunked
      vary:
      - Accept-Encoding
      x-content-type-options:
      - nosniff
      x-ms-arm-service-request-id:
      - b15b3f94-83bb-4251-8ba9-4c099ba638ef
    status:
      code: 200
      message: OK
- request:
    body: null
    headers:
      Accept:
      - application/json
      Accept-Encoding:
      - gzip, deflate
      CommandName:
      - network vpn-connection list
      Connection:
      - keep-alive
      ParameterSetName:
      - -g --vnet-gateway
      User-Agent:
      - AZURECLI/2.45.0 azsdk-python-azure-mgmt-network/21.0.1 Python/3.10.9 (Linux-5.15.0-1031-azure-x86_64-with-glibc2.31)
        VSTS_7b238909-6802-4b65-b90d-184bca47f458_build_220_0
    method: GET
    uri: https://management.azure.com/subscriptions/00000000-0000-0000-0000-000000000000/resourceGroups/cli_test_vpn_connection_ipsec000001/providers/Microsoft.Network/virtualNetworkGateways/gw1/connections?api-version=2022-01-01
  response:
    body:
      string: "{\r\n  \"value\": [\r\n    {\r\n      \"name\": \"conn1\",\r\n      \"id\":
        \"/subscriptions/00000000-0000-0000-0000-000000000000/resourceGroups/cli_test_vpn_connection_ipsec000001/providers/Microsoft.Network/connections/conn1\",\r\n
        \     \"etag\": \"W/\\\"b32979e7-160a-41d9-9711-5ed58b56001d\\\"\",\r\n      \"type\":
        \"Microsoft.Network/connections\",\r\n      \"location\": \"westus\",\r\n
        \     \"tags\": {},\r\n      \"properties\": {\r\n        \"provisioningState\":
        \"Succeeded\",\r\n        \"resourceGuid\": \"5404f42b-3811-4a6f-b7f5-f9f6845bb0b0\",\r\n
        \       \"packetCaptureDiagnosticState\": \"None\",\r\n        \"virtualNetworkGateway1\":
        {\r\n          \"id\": \"/subscriptions/00000000-0000-0000-0000-000000000000/resourceGroups/cli_test_vpn_connection_ipsec000001/providers/Microsoft.Network/virtualNetworkGateways/gw1\"\r\n
        \       },\r\n        \"localNetworkGateway2\": {\r\n          \"id\": \"/subscriptions/00000000-0000-0000-0000-000000000000/resourceGroups/cli_test_vpn_connection_ipsec000001/providers/Microsoft.Network/localNetworkGateways/lgw1\"\r\n
        \       },\r\n        \"connectionType\": \"IPsec\",\r\n        \"connectionProtocol\":
        \"IKEv2\",\r\n        \"routingWeight\": 10,\r\n        \"enableBgp\": false,\r\n
        \       \"useLocalAzureIpAddress\": false,\r\n        \"usePolicyBasedTrafficSelectors\":
        false,\r\n        \"ipsecPolicies\": [],\r\n        \"trafficSelectorPolicies\":
        [],\r\n        \"ingressBytesTransferred\": 0,\r\n        \"egressBytesTransferred\":
        0,\r\n        \"expressRouteGatewayBypass\": false,\r\n        \"dpdTimeoutSeconds\":
        0,\r\n        \"connectionMode\": \"Default\",\r\n        \"gatewayCustomBgpIpAddresses\":
        []\r\n      }\r\n    }\r\n  ]\r\n}"
    headers:
      cache-control:
      - no-cache
      content-length:
      - '1554'
      content-type:
      - application/json; charset=utf-8
      date:
      - Tue, 07 Feb 2023 21:43:54 GMT
      expires:
      - '-1'
      pragma:
      - no-cache
      server:
      - Microsoft-HTTPAPI/2.0
      - Microsoft-HTTPAPI/2.0
      strict-transport-security:
      - max-age=31536000; includeSubDomains
      x-content-type-options:
      - nosniff
      x-ms-arm-service-request-id:
      - 72a36465-29a8-4961-88ec-b8ee2154e2f6
    status:
      code: 200
      message: OK
- request:
    body: null
    headers:
      Accept:
      - application/json
      Accept-Encoding:
      - gzip, deflate
      CommandName:
      - network vpn-connection show
      Connection:
      - keep-alive
      ParameterSetName:
      - -g -n
      User-Agent:
      - AZURECLI/2.45.0 azsdk-python-azure-mgmt-network/21.0.1 Python/3.10.9 (Linux-5.15.0-1031-azure-x86_64-with-glibc2.31)
        VSTS_7b238909-6802-4b65-b90d-184bca47f458_build_220_0
    method: GET
    uri: https://management.azure.com/subscriptions/00000000-0000-0000-0000-000000000000/resourceGroups/cli_test_vpn_connection_ipsec000001/providers/Microsoft.Network/connections/conn1?api-version=2022-01-01
  response:
    body:
      string: "{\r\n  \"name\": \"conn1\",\r\n  \"id\": \"/subscriptions/00000000-0000-0000-0000-000000000000/resourceGroups/cli_test_vpn_connection_ipsec000001/providers/Microsoft.Network/connections/conn1\",\r\n
        \ \"etag\": \"W/\\\"b32979e7-160a-41d9-9711-5ed58b56001d\\\"\",\r\n  \"type\":
        \"Microsoft.Network/connections\",\r\n  \"location\": \"westus\",\r\n  \"tags\":
        {},\r\n  \"properties\": {\r\n    \"provisioningState\": \"Succeeded\",\r\n
        \   \"resourceGuid\": \"5404f42b-3811-4a6f-b7f5-f9f6845bb0b0\",\r\n    \"packetCaptureDiagnosticState\":
        \"None\",\r\n    \"virtualNetworkGateway1\": {\r\n      \"id\": \"/subscriptions/00000000-0000-0000-0000-000000000000/resourceGroups/cli_test_vpn_connection_ipsec000001/providers/Microsoft.Network/virtualNetworkGateways/gw1\"\r\n
        \   },\r\n    \"localNetworkGateway2\": {\r\n      \"id\": \"/subscriptions/00000000-0000-0000-0000-000000000000/resourceGroups/cli_test_vpn_connection_ipsec000001/providers/Microsoft.Network/localNetworkGateways/lgw1\"\r\n
        \   },\r\n    \"connectionType\": \"IPsec\",\r\n    \"connectionProtocol\":
        \"IKEv2\",\r\n    \"routingWeight\": 10,\r\n    \"sharedKey\": \"AzureA1b2C3\",\r\n
        \   \"enableBgp\": false,\r\n    \"useLocalAzureIpAddress\": false,\r\n    \"usePolicyBasedTrafficSelectors\":
        false,\r\n    \"ipsecPolicies\": [],\r\n    \"trafficSelectorPolicies\": [],\r\n
        \   \"connectionStatus\": \"Unknown\",\r\n    \"ingressBytesTransferred\":
        0,\r\n    \"egressBytesTransferred\": 0,\r\n    \"expressRouteGatewayBypass\":
        false,\r\n    \"dpdTimeoutSeconds\": 0,\r\n    \"connectionMode\": \"Default\",\r\n
        \   \"gatewayCustomBgpIpAddresses\": []\r\n  }\r\n}"
    headers:
      cache-control:
      - no-cache
      content-length:
      - '1466'
      content-type:
      - application/json; charset=utf-8
      date:
      - Tue, 07 Feb 2023 21:43:54 GMT
      expires:
      - '-1'
      pragma:
      - no-cache
      server:
      - Microsoft-HTTPAPI/2.0
      - Microsoft-HTTPAPI/2.0
      strict-transport-security:
      - max-age=31536000; includeSubDomains
      x-content-type-options:
      - nosniff
      x-ms-arm-service-request-id:
      - bb5233e5-5122-4d6e-b1b1-a5c28a494249
    status:
      code: 200
      message: OK
- request:
    body: '{"vendor": "Cisco", "deviceFamily": "Cisco-ISR(IOS)", "firmwareVersion":
      "Cisco-ISR-15.x--IKEv2+BGP"}'
    headers:
      Accept:
      - application/json
      Accept-Encoding:
      - gzip, deflate
      CommandName:
      - network vpn-connection show-device-config-script
      Connection:
      - keep-alive
      Content-Length:
      - '101'
      Content-Type:
      - application/json
      ParameterSetName:
      - -g -n --vendor --device-family --firmware-version
      User-Agent:
      - AZURECLI/2.45.0 azsdk-python-azure-mgmt-network/21.0.1 Python/3.10.9 (Linux-5.15.0-1031-azure-x86_64-with-glibc2.31)
        VSTS_7b238909-6802-4b65-b90d-184bca47f458_build_220_0
    method: POST
    uri: https://management.azure.com/subscriptions/00000000-0000-0000-0000-000000000000/resourceGroups/cli_test_vpn_connection_ipsec000001/providers/Microsoft.Network/connections/conn1/vpndeviceconfigurationscript?api-version=2022-01-01
  response:
    body:
      string: '"\r\n! Microsoft Corporation\r\n! --------------------------------------------------------------------------------------------------------------------------------------------\r\n!
        Generic configuration templates\r\n!\r\n! DISCLAIMER : THIS IS A SAMPLE CONFIGURATION
        SCRIPT OFFERED BY MICROSOFT FOR YOUR 3RD PARTY DEVICE. IF YOU NEED \r\n!\t\t\t   HANDS-ON
        SUPPORT OR FURTHER ASSISTANCE, PLEASE CONTACT YOUR VENDOR DIRECTLY.\r\n!\r\n!
        This configuration template shows all the VPN configuration parameters associated
        with your S2S VPN connection.\r\n! The script you need to copy onto your Cisco
        ISR SRX (IOS 15.2+) to setup a RouteBased IKEv2 VPN Tunnel to Azure (with
        BGP) is found below [#11]\r\n! --------------------------------------------------------------------------------------------------------------------------------------------\r\n\r\n!
        [1] Resource names\r\n!     CONNECTION NAME\t\t\t: This field is the name
        of your connection resource\r\n!     VIRTUAL NETWORK GATEWAY\t: The name of
        your Azure VPN gateway resource for the connection\r\n!     LOCAL NETWORK
        GATEWAY\t\t: The name of your local network gateway resource for the connection\r\n!!!!!!!!!!!!!!!!!!!!!!!!!!!!!!!!!!!!!!!!\r\n/Data/CONNECTION_NAME
        = conn1\r\n/Data/VNG_NAME        = 0afc0031-e631-4d7b-b1d8-99bc7b962928\r\n/Data/LNG_NAME        =
        lgw1\r\n\r\n! [2] Public IP address of the Azure VPN gateway\r\n!     Active-Standby
        VPN gateway (single public IP address)\r\n!!!!!!!!!!!!!!!!!!!!!!!!!!!!!!!!!!!!!!!!\r\n/Data/VNG_GATEWAYIP   =
        104.40.22.219\r\n!!!!!!!!!!!!!!!!!!!!!!!!!!!!!!!!!!!!!!!!\r\n!     Active-Active
        VPN gateway (A/A mode if more than one public IP is listed below)\r\n!!!!!!!!!!!!!!!!!!!!!!!!!!!!!!!!!!!!!!!!\r\n\r\n/Data/VNG_GATEWAYIPS/IpAddress/IP
        = 104.40.22.219\r\n\r\n! [3] Public IP address of the on-premises VPN device\r\n!!!!!!!!!!!!!!!!!!!!!!!!!!!!!!!!!!!!!!!!\r\n/Data/LNG_GATEWAYIP   =
        131.107.72.22\r\n\r\n\r\n! [4] VNet address prefixes: a list of all VNet address
        prefixes in different formats\r\n!!!!!!!!!!!!!!!!!!!!!!!!!!!!!!!!!!!!!!!!\r\n\r\n/Data/VnetSubnets/Subnet/SP_NetworkIpRange
        = 10.11.0.0\r\n  SP_NetworkSubnetMask   = 255.255.0.0\r\n  SP_NetworkWildcardBits
        = 0.0.255.255\r\n  SP_NetworkCIDR         = 10.11.0.0/16\r\n  SP_TunnelName          =
        SP_TunnelName\r\n/Data/VnetSubnets/Subnet/SP_NetworkIpRange = 10.12.0.0\r\n  SP_NetworkSubnetMask   =
        255.255.0.0\r\n  SP_NetworkWildcardBits = 0.0.255.255\r\n  SP_NetworkCIDR         =
        10.12.0.0/16\r\n  SP_TunnelName          = SP_TunnelName\r\n!!!!!!!!!!!!!!!!!!!!!!!!!!!!!!!!!!!!!!!!\r\n\r\n\r\n!
        [5] On-premises address prefixes: a list of all on-premises address prefixes
        defined in LNG\r\n!!!!!!!!!!!!!!!!!!!!!!!!!!!!!!!!!!!!!!!!\r\n\r\n/Data/OnPremiseSubnets/Subnet/SP_NetworkIpRange
        = 10.61.0.0\r\n  SP_NetworkSubnetMask   = 255.255.0.0\r\n  SP_NetworkWildcardBits
        = 0.0.255.255\r\n  SP_NetworkCIDR         = 10.61.0.0/16\r\n  SP_TunnelName          =
        SP_TunnelName\r\n/Data/OnPremiseSubnets/Subnet/SP_NetworkIpRange = 10.62.0.0\r\n  SP_NetworkSubnetMask   =
        255.255.0.0\r\n  SP_NetworkWildcardBits = 0.0.255.255\r\n  SP_NetworkCIDR         =
        10.62.0.0/16\r\n  SP_TunnelName          = SP_TunnelName  \r\n\r\n! [6] Phase
        1/Main Mode:\r\n!     IKE encryption algorithm\r\n!     IKE hashing algorithm\r\n!     IKE
        Diffie-Hellman group\r\n!     IKE SA lifetime (seconds)\r\n!     IKE SA data
        size (Kilobytes)\r\n!!!!!!!!!!!!!!!!!!!!!!!!!!!!!!!!!!!!!!!!\r\n/Data/IKE_ENCRYPTION_1
        = AES256\r\n/Data/IKE_INTEGRITY_1  = SHA256\r\n/Data/IKE_DHGROUP_1    = DHGroup2\r\n/Data/IKE_SALIFETIME_1
        = 28800\r\n\r\n! [7] Phase 2/Quick Mode:\r\n!     IPsec encryption algorithm\r\n!     IPsec
        hashing algorithm\r\n!     PFS Group (Perfect Forward Secrecy)\r\n!     IPsec
        SA (QMSA) lifetime (seconds)\r\n!     IPsec SA (QMSA) lifetime (kilobytes)\r\n!!!!!!!!!!!!!!!!!!!!!!!!!!!!!!!!!!!!!!!!\r\n/Data/IPsec_ENCRYPTION_1
        \t= AES256\r\n/Data/IPsec_INTEGRITY_1  \t= SHA256\r\n/Data/IPsec_PFSGROUP_1   \t=
        None\r\n/Data/IPsec_SALIFETIME   \t= 3600\r\n/Data/IPsec_KB_SALIFETIME   =
        102400000\r\n\r\n! [8] Connection pre-shared key\r\n!!!!!!!!!!!!!!!!!!!!!!!!!!!!!!!!!!!!!!!!\r\n/Data/CONNECTION_PSK
        = AzureA1b2C3\r\n\r\n! [9] BGP parameters - Azure VPN gateway\r\n!     Enable
        BGP\r\n!     BGP ASN for Azure VPN gateway\r\n!     BGP speaker IP address
        for the Azure VPN gateway\r\n!     BGP peer IP address(es)\r\n!!!!!!!!!!!!!!!!!!!!!!!!!!!!!!!!!!!!!!!!\r\n/Data/CONNECTION_BGP_ENABLED  =
        False\r\n/Data/VNG_ASN                 = VNG_ASN\r\n/Data/VNG_BGPIP               =
        VNG_BGPIP\r\n\r\n! [10] BGP parameters - on-premises network / LNG\r\n!      BGP
        ASN for the on-premises network\r\n!      BGP speaker IP address for the on-premises
        network\r\n!\r\n!!!!!!!!!!!!!!!!!!!!!!!!!!!!!!!!!!!!!!!!\r\n/Data/LNG_ASN                =
        LNG_ASN\r\n/Data/LNG_BGPIP              = LNG_BGPIP\r\n!!!!!!!!!!!!!!!!!!!!!!!!!!!!!!!!!!!!!!!!\r\n\r\n\r\n!
        [11] Misc\r\n! NOTE: REPLACE these miscellaneous variables on the script below
        values as necessary, some devices may have overlapping identifiers for other
        pre-configured VPN tunnels/policies\r\n!=================================================================================\r\n/Data/AccessList\t\t\t\t=
        Azure-ACL-conn1\r\n/Data/Outside_Interface_Name \t= GigabithEthernet0/0 \r\n/Data/Inside_Interface_Name\t\t=
        GigabithEthernet0/1 \r\n!=================================================================================\r\n\r\n!
        ---------------------------------------------------------------------------------------------------------------------\r\n!
        ACL rules\r\n! \r\n! Some VPN devices require explicit ACL rules to allow
        cross-premises traffic towards Azure:\r\n\r\n! Ensure all the lines below
        under the network objects are single-spaced.\r\n\r\nobject-group network AzureNetworks\r\n
        description Azure-Virtual-Networks\r\n\r\nnetwork-object 10.11.0.0 255.255.0.0
        \r\nnetwork-object 10.12.0.0 255.255.0.0 \r\nexit\r\n\r\nobject-group network
        OnpremisesNetworks\r\n description Onpremises-Networks\r\n\r\nnetwork-object
        10.61.0.0 255.255.0.0 \r\nnetwork-object 10.62.0.0 255.255.0.0 \r\nexit\r\n\r\naccess-list
        Azure-ACL-conn1 permit 104.40.22.219 log\r\naccess-list Azure-ACL-conn1 permit
        object-group AzureNetworks log \r\naccess-list Azure-ACL-conn1 permit object-group
        OnpremisesNetworks log\r\n\r\n! ---------------------------------------------------------------------------------------------------------------------\r\n!
        IKEv2 PROPOSAL\r\n\r\ncrypto ikev2 proposal azure-proposal-conn1\r\n encryption
        aes-cbc-256 aes-cbc-128\r\n integrity sha1 sha256\r\n group 2\r\n!\r\n!\r\n\r\n!
        ---------------------------------------------------------------------------------------------------------------------\r\n!
        IKEv2 POLICY\r\n\r\ncrypto ikev2 policy azure-policy-conn1\r\n proposal azure-proposal-conn1\r\n!\r\n!\r\n\r\n!
        ---------------------------------------------------------------------------------------------------------------------\r\n!
        IKEv2 KEYRING (PRE-SHARED KEY)\r\n\r\ncrypto ikev2 keyring azure-keyring-conn1\r\n
        peer 104.40.22.219\r\n  address 104.40.22.219\r\n  pre-shared-key AzureA1b2C3\r\n
        !\r\n!\r\n!\r\n\r\n! ---------------------------------------------------------------------------------------------------------------------\r\n!
        IKEv2 PROFILE \r\n! NOTE: Interface ''GigabitEthernet0/0'' was picked as the
        LAN interface where on-Premises networks are connected.\r\n!\t\tREPLACE as
        needed.\r\n\r\ncrypto ikev2 profile azure-profile-conn1\r\n match address
        local interface GigabitEthernet0/0\r\n match identity remote address 104.40.22.219
        255.255.255.255\r\n authentication local pre-share\r\n authentication remote
        pre-share\r\n keyring local azure-keyring\r\n lifetime 28800\r\n dpd 10 5
        on-demand\r\n!\r\n!\r\n\r\n! ---------------------------------------------------------------------------------------------------------------------\r\n!
        IPSEC TRANSFORM \r\n\r\ncrypto ipsec transform-set azure-ipsec-proposal-set
        esp-aes 256 esp-sha256-hmac\r\n!\r\ncrypto ipsec profile azure-ipsec-profile-conn1\r\n
        set security-association lifetime kilobytes 102400000\r\n set transform-set
        azure-ipsec-proposal-set\r\n set ikev2-profile azure-profile-conn1\r\n!\r\n!\r\n\r\n!
        ---------------------------------------------------------------------------------------------------------------------\r\n!
        TUNNEL INTERFACE FOR ROUTEBASED ROUTING TO AZURE\r\n! Note: ''Tunnel100''
        was picked as an arbitrary interface name. \r\n!\t\tREPLACE as needed.\r\n\r\ninterface
        Tunnel100\r\n ip address LNG_BGPIP 255.255.255.254\r\n ip tcp adjust-mss 1350\r\n
        tunnel source 131.107.72.22\r\n tunnel mode ipsec ipv4\r\n tunnel destination
        104.40.22.219\r\n tunnel protection ipsec profile azure-ipsec-profile-conn1\r\n!\r\n\r\n!
        ---------------------------------------------------------------------------------------------------------------------\r\n!
        WAN INTERFACE (WHERE THE PUBLIC IP OF CISCO ISR PORT IS LOCATED)\r\n! NOTE:
        REPLACE the interface name (''GigabitEthernet0/0'') as needed.\r\n!\t\tREPLACE
        the WAN public (ISP) IP subnet as needed. In this example, it''s ''255.255.252.0'',
        denoting a /22 ISP Public IP subnet\r\n\r\ninterface GigabitEthernet0/0\r\n
        description OUTSIDE\r\n ip address 131.107.72.22 255.255.252.0\r\n duplex
        auto\r\n speed auto\r\n no cdp enable\r\n!\r\n\r\n! ---------------------------------------------------------------------------------------------------------------------\r\n!
        LAN INTERFACE (WHERE THE ONPREMISES NETWORKS ARE LOCATED)\r\n! NOTE: REPLACE
        the interface name (''GigabitEthernet0/1'') as needed.\r\n!\t\tInsert your
        LAN Port IP as well as your LAN mask below, as configured on your device.\r\n\r\ninterface
        GigabitEthernet0/1\r\n ip address \"INSERT_LAN-PORT_IP_HERE\" \"INSERT_LAN_MASK_HERE\"     \r\n
        duplex auto\r\n speed auto\r\n no cdp enable\r\n no mop enabled\r\n!\r\n\r\n!
        ---------------------------------------------------------------------------------------------------------------------\r\n!
        BGP ROUTER CONFIGURATION\r\n! NOTE: Change your LAN BGP Advertisements (under
        the IPV4 Addr Family) as needed for your tunnel\r\n\r\nrouter bgp LNG_ASN\r\n
        bgp log-neighbor-changes\r\n neighbor VNG_BGPIP remote-as VNG_ASN \r\n neighbor
        VNG_BGPIP ebgp-multihop 255\r\n neighbor VNG_BGPIP update-source Tunnel100\r\n
        !\r\n address-family ipv4\r\n  network \"INSERT LAN BGP ROUTE HERE\" mask
        \"INSERT BGP ROUTE SUBNET MASK HERE\"\r\n  network \"INSERT LAN BGP ROUTE
        HERE\" mask \"INSERT BGP ROUTE SUBNET MASK HERE\"\r\n  ! etc...\r\n  neighbor
        VNG_BGPIP activate\r\n exit-address-family\r\n!\r\nip forward-protocol nd\r\n!\r\n\r\n!
        ---------------------------------------------------------------------------------------------------------------------\r\n!
        STATIC ROUTES TO ENSURE AZURE-SPECIFIC TRAFFIC CROSSES THE TUNNEL INTERFACE
        BEFORE GETTING OUTSIDE\r\n! NOTE: UPDATE the routes as needed.\r\n!\t\tIf
        you are going through an ISP default gateway, make sure that IP is reflected
        under the general traffic going through the WAN instead (Line 1 below).\r\n\r\nip
        route 0.0.0.0 0.0.0.0 GigabitEthernet0/0 131.107.72.22\r\nip route 10.61.0.0
        255.255.0.0 Tunnel100\r\n\r\n! OPTIONAL\r\nno service-routing capabilities-manager\r\n\r\n\r\n"'
    headers:
      cache-control:
      - no-cache
      content-length:
      - '11179'
      content-type:
      - application/json; charset=utf-8
      date:
      - Tue, 07 Feb 2023 21:43:56 GMT
      expires:
      - '-1'
      pragma:
      - no-cache
      server:
      - Microsoft-HTTPAPI/2.0
      - Microsoft-HTTPAPI/2.0
      strict-transport-security:
      - max-age=31536000; includeSubDomains
      transfer-encoding:
      - chunked
      vary:
      - Accept-Encoding
      x-content-type-options:
      - nosniff
      x-ms-arm-service-request-id:
      - f7a1d165-fc3f-404b-b528-be2d79592180
      x-ms-ratelimit-remaining-subscription-writes:
      - '1199'
    status:
      code: 200
      message: OK
- request:
    body: null
    headers:
      Accept:
      - application/json
      Accept-Encoding:
      - gzip, deflate
      CommandName:
      - network vpn-connection ipsec-policy add
      Connection:
      - keep-alive
      ParameterSetName:
      - -g --connection-name --ike-encryption --ike-integrity --dh-group --ipsec-encryption
        --ipsec-integrity --pfs-group --sa-lifetime --sa-max-size
      User-Agent:
      - AZURECLI/2.45.0 azsdk-python-azure-mgmt-network/21.0.1 Python/3.10.9 (Linux-5.15.0-1031-azure-x86_64-with-glibc2.31)
        VSTS_7b238909-6802-4b65-b90d-184bca47f458_build_220_0
    method: GET
    uri: https://management.azure.com/subscriptions/00000000-0000-0000-0000-000000000000/resourceGroups/cli_test_vpn_connection_ipsec000001/providers/Microsoft.Network/connections/conn1?api-version=2022-01-01
  response:
    body:
      string: "{\r\n  \"name\": \"conn1\",\r\n  \"id\": \"/subscriptions/00000000-0000-0000-0000-000000000000/resourceGroups/cli_test_vpn_connection_ipsec000001/providers/Microsoft.Network/connections/conn1\",\r\n
        \ \"etag\": \"W/\\\"b32979e7-160a-41d9-9711-5ed58b56001d\\\"\",\r\n  \"type\":
        \"Microsoft.Network/connections\",\r\n  \"location\": \"westus\",\r\n  \"tags\":
        {},\r\n  \"properties\": {\r\n    \"provisioningState\": \"Succeeded\",\r\n
        \   \"resourceGuid\": \"5404f42b-3811-4a6f-b7f5-f9f6845bb0b0\",\r\n    \"packetCaptureDiagnosticState\":
        \"None\",\r\n    \"virtualNetworkGateway1\": {\r\n      \"id\": \"/subscriptions/00000000-0000-0000-0000-000000000000/resourceGroups/cli_test_vpn_connection_ipsec000001/providers/Microsoft.Network/virtualNetworkGateways/gw1\"\r\n
        \   },\r\n    \"localNetworkGateway2\": {\r\n      \"id\": \"/subscriptions/00000000-0000-0000-0000-000000000000/resourceGroups/cli_test_vpn_connection_ipsec000001/providers/Microsoft.Network/localNetworkGateways/lgw1\"\r\n
        \   },\r\n    \"connectionType\": \"IPsec\",\r\n    \"connectionProtocol\":
        \"IKEv2\",\r\n    \"routingWeight\": 10,\r\n    \"sharedKey\": \"AzureA1b2C3\",\r\n
        \   \"enableBgp\": false,\r\n    \"useLocalAzureIpAddress\": false,\r\n    \"usePolicyBasedTrafficSelectors\":
        false,\r\n    \"ipsecPolicies\": [],\r\n    \"trafficSelectorPolicies\": [],\r\n
        \   \"connectionStatus\": \"Unknown\",\r\n    \"ingressBytesTransferred\":
        0,\r\n    \"egressBytesTransferred\": 0,\r\n    \"expressRouteGatewayBypass\":
        false,\r\n    \"dpdTimeoutSeconds\": 0,\r\n    \"connectionMode\": \"Default\",\r\n
        \   \"gatewayCustomBgpIpAddresses\": []\r\n  }\r\n}"
    headers:
      cache-control:
      - no-cache
      content-length:
      - '1466'
      content-type:
      - application/json; charset=utf-8
      date:
      - Tue, 07 Feb 2023 21:44:15 GMT
      expires:
      - '-1'
      pragma:
      - no-cache
      server:
      - Microsoft-HTTPAPI/2.0
      - Microsoft-HTTPAPI/2.0
      strict-transport-security:
      - max-age=31536000; includeSubDomains
      x-content-type-options:
      - nosniff
      x-ms-arm-service-request-id:
      - f88f2f8a-05ac-44c0-a3c7-ca1b69d9f8f8
    status:
      code: 200
      message: OK
- request:
    body: '{"id": "/subscriptions/00000000-0000-0000-0000-000000000000/resourceGroups/cli_test_vpn_connection_ipsec000001/providers/Microsoft.Network/connections/conn1",
      "location": "westus", "tags": {}, "properties": {"virtualNetworkGateway1": {"id":
      "/subscriptions/00000000-0000-0000-0000-000000000000/resourceGroups/cli_test_vpn_connection_ipsec000001/providers/Microsoft.Network/virtualNetworkGateways/gw1"},
      "localNetworkGateway2": {"id": "/subscriptions/00000000-0000-0000-0000-000000000000/resourceGroups/cli_test_vpn_connection_ipsec000001/providers/Microsoft.Network/localNetworkGateways/lgw1"},
      "connectionType": "IPsec", "connectionProtocol": "IKEv2", "routingWeight": 10,
      "dpdTimeoutSeconds": 0, "connectionMode": "Default", "sharedKey": "AzureA1b2C3",
      "enableBgp": false, "gatewayCustomBgpIpAddresses": [], "useLocalAzureIpAddress":
      false, "usePolicyBasedTrafficSelectors": false, "ipsecPolicies": [{"saLifeTimeSeconds":
      7200, "saDataSizeKilobytes": 2048, "ipsecEncryption": "GCMAES256", "ipsecIntegrity":
      "GCMAES256", "ikeEncryption": "AES256", "ikeIntegrity": "SHA384", "dhGroup":
      "DHGroup24", "pfsGroup": "PFS24"}], "trafficSelectorPolicies": [], "expressRouteGatewayBypass":
      false}}'
    headers:
      Accept:
      - application/json
      Accept-Encoding:
      - gzip, deflate
      CommandName:
      - network vpn-connection ipsec-policy add
      Connection:
      - keep-alive
      Content-Length:
      - '1189'
      Content-Type:
      - application/json
      ParameterSetName:
      - -g --connection-name --ike-encryption --ike-integrity --dh-group --ipsec-encryption
        --ipsec-integrity --pfs-group --sa-lifetime --sa-max-size
      User-Agent:
      - AZURECLI/2.45.0 azsdk-python-azure-mgmt-network/21.0.1 Python/3.10.9 (Linux-5.15.0-1031-azure-x86_64-with-glibc2.31)
        VSTS_7b238909-6802-4b65-b90d-184bca47f458_build_220_0
    method: PUT
    uri: https://management.azure.com/subscriptions/00000000-0000-0000-0000-000000000000/resourceGroups/cli_test_vpn_connection_ipsec000001/providers/Microsoft.Network/connections/conn1?api-version=2022-01-01
  response:
    body:
      string: "{\r\n  \"name\": \"conn1\",\r\n  \"id\": \"/subscriptions/00000000-0000-0000-0000-000000000000/resourceGroups/cli_test_vpn_connection_ipsec000001/providers/Microsoft.Network/connections/conn1\",\r\n
        \ \"etag\": \"W/\\\"45acea06-3588-4710-85b0-2bdef0489431\\\"\",\r\n  \"type\":
        \"Microsoft.Network/connections\",\r\n  \"location\": \"westus\",\r\n  \"tags\":
        {},\r\n  \"properties\": {\r\n    \"provisioningState\": \"Updating\",\r\n
        \   \"resourceGuid\": \"5404f42b-3811-4a6f-b7f5-f9f6845bb0b0\",\r\n    \"packetCaptureDiagnosticState\":
        \"None\",\r\n    \"virtualNetworkGateway1\": {\r\n      \"id\": \"/subscriptions/00000000-0000-0000-0000-000000000000/resourceGroups/cli_test_vpn_connection_ipsec000001/providers/Microsoft.Network/virtualNetworkGateways/gw1\"\r\n
        \   },\r\n    \"localNetworkGateway2\": {\r\n      \"id\": \"/subscriptions/00000000-0000-0000-0000-000000000000/resourceGroups/cli_test_vpn_connection_ipsec000001/providers/Microsoft.Network/localNetworkGateways/lgw1\"\r\n
        \   },\r\n    \"connectionType\": \"IPsec\",\r\n    \"connectionProtocol\":
        \"IKEv2\",\r\n    \"routingWeight\": 10,\r\n    \"sharedKey\": \"AzureA1b2C3\",\r\n
        \   \"enableBgp\": false,\r\n    \"useLocalAzureIpAddress\": false,\r\n    \"usePolicyBasedTrafficSelectors\":
        false,\r\n    \"ipsecPolicies\": [\r\n      {\r\n        \"saLifeTimeSeconds\":
        7200,\r\n        \"saDataSizeKilobytes\": 2048,\r\n        \"ipsecEncryption\":
        \"GCMAES256\",\r\n        \"ipsecIntegrity\": \"GCMAES256\",\r\n        \"ikeEncryption\":
        \"AES256\",\r\n        \"ikeIntegrity\": \"SHA384\",\r\n        \"dhGroup\":
        \"DHGroup24\",\r\n        \"pfsGroup\": \"PFS24\"\r\n      }\r\n    ],\r\n
        \   \"trafficSelectorPolicies\": [],\r\n    \"ingressBytesTransferred\": 0,\r\n
        \   \"egressBytesTransferred\": 0,\r\n    \"expressRouteGatewayBypass\": false,\r\n
        \   \"dpdTimeoutSeconds\": 0,\r\n    \"connectionMode\": \"Default\",\r\n
        \   \"gatewayCustomBgpIpAddresses\": []\r\n  }\r\n}"
    headers:
      azure-asyncnotification:
      - Enabled
      azure-asyncoperation:
      - https://management.azure.com/subscriptions/00000000-0000-0000-0000-000000000000/providers/Microsoft.Network/locations/westus/operations/9c942141-5edd-44af-aba9-dae178ce4768?api-version=2022-01-01
      cache-control:
      - no-cache
      content-length:
      - '1741'
      content-type:
      - application/json; charset=utf-8
      date:
      - Tue, 07 Feb 2023 21:44:23 GMT
      expires:
      - '-1'
      pragma:
      - no-cache
      server:
      - Microsoft-HTTPAPI/2.0
      - Microsoft-HTTPAPI/2.0
      strict-transport-security:
      - max-age=31536000; includeSubDomains
      x-content-type-options:
      - nosniff
      x-ms-arm-service-request-id:
      - 2fff1f48-411a-497f-b93f-3ac4c6712171
      x-ms-ratelimit-remaining-subscription-writes:
      - '1199'
    status:
      code: 200
      message: OK
- request:
    body: null
    headers:
      Accept:
      - '*/*'
      Accept-Encoding:
      - gzip, deflate
      CommandName:
      - network vpn-connection ipsec-policy add
      Connection:
      - keep-alive
      ParameterSetName:
      - -g --connection-name --ike-encryption --ike-integrity --dh-group --ipsec-encryption
        --ipsec-integrity --pfs-group --sa-lifetime --sa-max-size
      User-Agent:
      - AZURECLI/2.45.0 azsdk-python-azure-mgmt-network/21.0.1 Python/3.10.9 (Linux-5.15.0-1031-azure-x86_64-with-glibc2.31)
        VSTS_7b238909-6802-4b65-b90d-184bca47f458_build_220_0
    method: GET
    uri: https://management.azure.com/subscriptions/00000000-0000-0000-0000-000000000000/providers/Microsoft.Network/locations/westus/operations/9c942141-5edd-44af-aba9-dae178ce4768?api-version=2022-01-01
  response:
    body:
      string: "{\r\n  \"status\": \"InProgress\"\r\n}"
    headers:
      cache-control:
      - no-cache
      content-length:
      - '30'
      content-type:
      - application/json; charset=utf-8
      date:
      - Tue, 07 Feb 2023 21:44:34 GMT
      expires:
      - '-1'
      pragma:
      - no-cache
      server:
      - Microsoft-HTTPAPI/2.0
      - Microsoft-HTTPAPI/2.0
      strict-transport-security:
      - max-age=31536000; includeSubDomains
      x-content-type-options:
      - nosniff
      x-ms-arm-service-request-id:
      - 38ed6962-f420-420a-acec-d0e922417385
    status:
      code: 200
      message: OK
- request:
    body: null
    headers:
      Accept:
      - '*/*'
      Accept-Encoding:
      - gzip, deflate
      CommandName:
      - network vpn-connection ipsec-policy add
      Connection:
      - keep-alive
      ParameterSetName:
      - -g --connection-name --ike-encryption --ike-integrity --dh-group --ipsec-encryption
        --ipsec-integrity --pfs-group --sa-lifetime --sa-max-size
      User-Agent:
      - AZURECLI/2.45.0 azsdk-python-azure-mgmt-network/21.0.1 Python/3.10.9 (Linux-5.15.0-1031-azure-x86_64-with-glibc2.31)
        VSTS_7b238909-6802-4b65-b90d-184bca47f458_build_220_0
    method: GET
    uri: https://management.azure.com/subscriptions/00000000-0000-0000-0000-000000000000/providers/Microsoft.Network/locations/westus/operations/9c942141-5edd-44af-aba9-dae178ce4768?api-version=2022-01-01
  response:
    body:
      string: "{\r\n  \"status\": \"InProgress\"\r\n}"
    headers:
      cache-control:
      - no-cache
      content-length:
      - '30'
      content-type:
      - application/json; charset=utf-8
      date:
      - Tue, 07 Feb 2023 21:44:45 GMT
      expires:
      - '-1'
      pragma:
      - no-cache
      server:
      - Microsoft-HTTPAPI/2.0
      - Microsoft-HTTPAPI/2.0
      strict-transport-security:
      - max-age=31536000; includeSubDomains
      x-content-type-options:
      - nosniff
      x-ms-arm-service-request-id:
      - 1997e94c-b3d2-4a27-8ad5-f47162e3134a
    status:
      code: 200
      message: OK
- request:
    body: null
    headers:
      Accept:
      - '*/*'
      Accept-Encoding:
      - gzip, deflate
      CommandName:
      - network vpn-connection ipsec-policy add
      Connection:
      - keep-alive
      ParameterSetName:
      - -g --connection-name --ike-encryption --ike-integrity --dh-group --ipsec-encryption
        --ipsec-integrity --pfs-group --sa-lifetime --sa-max-size
      User-Agent:
      - AZURECLI/2.45.0 azsdk-python-azure-mgmt-network/21.0.1 Python/3.10.9 (Linux-5.15.0-1031-azure-x86_64-with-glibc2.31)
        VSTS_7b238909-6802-4b65-b90d-184bca47f458_build_220_0
    method: GET
    uri: https://management.azure.com/subscriptions/00000000-0000-0000-0000-000000000000/providers/Microsoft.Network/locations/westus/operations/9c942141-5edd-44af-aba9-dae178ce4768?api-version=2022-01-01
  response:
    body:
      string: "{\r\n  \"status\": \"Succeeded\"\r\n}"
    headers:
      cache-control:
      - no-cache
      content-length:
      - '29'
      content-type:
      - application/json; charset=utf-8
      date:
      - Tue, 07 Feb 2023 21:45:07 GMT
      expires:
      - '-1'
      pragma:
      - no-cache
      server:
      - Microsoft-HTTPAPI/2.0
      - Microsoft-HTTPAPI/2.0
      strict-transport-security:
      - max-age=31536000; includeSubDomains
      x-content-type-options:
      - nosniff
      x-ms-arm-service-request-id:
      - eb9c6067-b346-4938-96a1-28848888827b
    status:
      code: 200
      message: OK
- request:
    body: null
    headers:
      Accept:
      - '*/*'
      Accept-Encoding:
      - gzip, deflate
      CommandName:
      - network vpn-connection ipsec-policy add
      Connection:
      - keep-alive
      ParameterSetName:
      - -g --connection-name --ike-encryption --ike-integrity --dh-group --ipsec-encryption
        --ipsec-integrity --pfs-group --sa-lifetime --sa-max-size
      User-Agent:
      - AZURECLI/2.45.0 azsdk-python-azure-mgmt-network/21.0.1 Python/3.10.9 (Linux-5.15.0-1031-azure-x86_64-with-glibc2.31)
        VSTS_7b238909-6802-4b65-b90d-184bca47f458_build_220_0
    method: GET
    uri: https://management.azure.com/subscriptions/00000000-0000-0000-0000-000000000000/resourceGroups/cli_test_vpn_connection_ipsec000001/providers/Microsoft.Network/connections/conn1?api-version=2022-01-01
  response:
    body:
      string: "{\r\n  \"name\": \"conn1\",\r\n  \"id\": \"/subscriptions/00000000-0000-0000-0000-000000000000/resourceGroups/cli_test_vpn_connection_ipsec000001/providers/Microsoft.Network/connections/conn1\",\r\n
        \ \"etag\": \"W/\\\"d2fc8c14-53ae-43ee-bbbb-7bc0786810c3\\\"\",\r\n  \"type\":
        \"Microsoft.Network/connections\",\r\n  \"location\": \"westus\",\r\n  \"tags\":
        {},\r\n  \"properties\": {\r\n    \"provisioningState\": \"Succeeded\",\r\n
        \   \"resourceGuid\": \"5404f42b-3811-4a6f-b7f5-f9f6845bb0b0\",\r\n    \"packetCaptureDiagnosticState\":
        \"None\",\r\n    \"virtualNetworkGateway1\": {\r\n      \"id\": \"/subscriptions/00000000-0000-0000-0000-000000000000/resourceGroups/cli_test_vpn_connection_ipsec000001/providers/Microsoft.Network/virtualNetworkGateways/gw1\"\r\n
        \   },\r\n    \"localNetworkGateway2\": {\r\n      \"id\": \"/subscriptions/00000000-0000-0000-0000-000000000000/resourceGroups/cli_test_vpn_connection_ipsec000001/providers/Microsoft.Network/localNetworkGateways/lgw1\"\r\n
        \   },\r\n    \"connectionType\": \"IPsec\",\r\n    \"connectionProtocol\":
        \"IKEv2\",\r\n    \"routingWeight\": 10,\r\n    \"sharedKey\": \"AzureA1b2C3\",\r\n
        \   \"enableBgp\": false,\r\n    \"useLocalAzureIpAddress\": false,\r\n    \"usePolicyBasedTrafficSelectors\":
        false,\r\n    \"ipsecPolicies\": [\r\n      {\r\n        \"saLifeTimeSeconds\":
        7200,\r\n        \"saDataSizeKilobytes\": 2048,\r\n        \"ipsecEncryption\":
        \"GCMAES256\",\r\n        \"ipsecIntegrity\": \"GCMAES256\",\r\n        \"ikeEncryption\":
        \"AES256\",\r\n        \"ikeIntegrity\": \"SHA384\",\r\n        \"dhGroup\":
        \"DHGroup24\",\r\n        \"pfsGroup\": \"PFS24\"\r\n      }\r\n    ],\r\n
        \   \"trafficSelectorPolicies\": [],\r\n    \"connectionStatus\": \"Unknown\",\r\n
        \   \"ingressBytesTransferred\": 0,\r\n    \"egressBytesTransferred\": 0,\r\n
        \   \"expressRouteGatewayBypass\": false,\r\n    \"dpdTimeoutSeconds\": 0,\r\n
        \   \"connectionMode\": \"Default\",\r\n    \"gatewayCustomBgpIpAddresses\":
        []\r\n  }\r\n}"
    headers:
      cache-control:
      - no-cache
      content-length:
      - '1778'
      content-type:
      - application/json; charset=utf-8
      date:
      - Tue, 07 Feb 2023 21:45:09 GMT
      expires:
      - '-1'
      pragma:
      - no-cache
      server:
      - Microsoft-HTTPAPI/2.0
      - Microsoft-HTTPAPI/2.0
      strict-transport-security:
      - max-age=31536000; includeSubDomains
      x-content-type-options:
      - nosniff
      x-ms-arm-service-request-id:
      - 4f21be2a-0163-4f60-b6ba-f0d37e131a35
    status:
      code: 200
      message: OK
- request:
    body: null
    headers:
      Accept:
      - application/json
      Accept-Encoding:
      - gzip, deflate
      CommandName:
      - network vpn-connection ipsec-policy list
      Connection:
      - keep-alive
      ParameterSetName:
      - -g --connection-name
      User-Agent:
      - AZURECLI/2.45.0 azsdk-python-azure-mgmt-network/21.0.1 Python/3.10.9 (Linux-5.15.0-1031-azure-x86_64-with-glibc2.31)
        VSTS_7b238909-6802-4b65-b90d-184bca47f458_build_220_0
    method: GET
    uri: https://management.azure.com/subscriptions/00000000-0000-0000-0000-000000000000/resourceGroups/cli_test_vpn_connection_ipsec000001/providers/Microsoft.Network/connections/conn1?api-version=2022-01-01
  response:
    body:
      string: "{\r\n  \"name\": \"conn1\",\r\n  \"id\": \"/subscriptions/00000000-0000-0000-0000-000000000000/resourceGroups/cli_test_vpn_connection_ipsec000001/providers/Microsoft.Network/connections/conn1\",\r\n
        \ \"etag\": \"W/\\\"d2fc8c14-53ae-43ee-bbbb-7bc0786810c3\\\"\",\r\n  \"type\":
        \"Microsoft.Network/connections\",\r\n  \"location\": \"westus\",\r\n  \"tags\":
        {},\r\n  \"properties\": {\r\n    \"provisioningState\": \"Succeeded\",\r\n
        \   \"resourceGuid\": \"5404f42b-3811-4a6f-b7f5-f9f6845bb0b0\",\r\n    \"packetCaptureDiagnosticState\":
        \"None\",\r\n    \"virtualNetworkGateway1\": {\r\n      \"id\": \"/subscriptions/00000000-0000-0000-0000-000000000000/resourceGroups/cli_test_vpn_connection_ipsec000001/providers/Microsoft.Network/virtualNetworkGateways/gw1\"\r\n
        \   },\r\n    \"localNetworkGateway2\": {\r\n      \"id\": \"/subscriptions/00000000-0000-0000-0000-000000000000/resourceGroups/cli_test_vpn_connection_ipsec000001/providers/Microsoft.Network/localNetworkGateways/lgw1\"\r\n
        \   },\r\n    \"connectionType\": \"IPsec\",\r\n    \"connectionProtocol\":
        \"IKEv2\",\r\n    \"routingWeight\": 10,\r\n    \"sharedKey\": \"AzureA1b2C3\",\r\n
        \   \"enableBgp\": false,\r\n    \"useLocalAzureIpAddress\": false,\r\n    \"usePolicyBasedTrafficSelectors\":
        false,\r\n    \"ipsecPolicies\": [\r\n      {\r\n        \"saLifeTimeSeconds\":
        7200,\r\n        \"saDataSizeKilobytes\": 2048,\r\n        \"ipsecEncryption\":
        \"GCMAES256\",\r\n        \"ipsecIntegrity\": \"GCMAES256\",\r\n        \"ikeEncryption\":
        \"AES256\",\r\n        \"ikeIntegrity\": \"SHA384\",\r\n        \"dhGroup\":
        \"DHGroup24\",\r\n        \"pfsGroup\": \"PFS24\"\r\n      }\r\n    ],\r\n
        \   \"trafficSelectorPolicies\": [],\r\n    \"connectionStatus\": \"Unknown\",\r\n
        \   \"ingressBytesTransferred\": 0,\r\n    \"egressBytesTransferred\": 0,\r\n
        \   \"expressRouteGatewayBypass\": false,\r\n    \"dpdTimeoutSeconds\": 0,\r\n
        \   \"connectionMode\": \"Default\",\r\n    \"gatewayCustomBgpIpAddresses\":
        []\r\n  }\r\n}"
    headers:
      cache-control:
      - no-cache
      content-length:
      - '1778'
      content-type:
      - application/json; charset=utf-8
      date:
      - Tue, 07 Feb 2023 21:45:11 GMT
      expires:
      - '-1'
      pragma:
      - no-cache
      server:
      - Microsoft-HTTPAPI/2.0
      - Microsoft-HTTPAPI/2.0
      strict-transport-security:
      - max-age=31536000; includeSubDomains
      transfer-encoding:
      - chunked
      vary:
      - Accept-Encoding
      x-content-type-options:
      - nosniff
      x-ms-arm-service-request-id:
      - 7c8d35cc-bad2-487d-9201-4b939e9de540
    status:
      code: 200
      message: OK
- request:
    body: null
    headers:
      Accept:
      - application/json
      Accept-Encoding:
      - gzip, deflate
      CommandName:
      - network vpn-connection ipsec-policy clear
      Connection:
      - keep-alive
      ParameterSetName:
      - -g --connection-name
      User-Agent:
      - AZURECLI/2.45.0 azsdk-python-azure-mgmt-network/21.0.1 Python/3.10.9 (Linux-5.15.0-1031-azure-x86_64-with-glibc2.31)
        VSTS_7b238909-6802-4b65-b90d-184bca47f458_build_220_0
    method: GET
    uri: https://management.azure.com/subscriptions/00000000-0000-0000-0000-000000000000/resourceGroups/cli_test_vpn_connection_ipsec000001/providers/Microsoft.Network/connections/conn1?api-version=2022-01-01
  response:
    body:
      string: "{\r\n  \"name\": \"conn1\",\r\n  \"id\": \"/subscriptions/00000000-0000-0000-0000-000000000000/resourceGroups/cli_test_vpn_connection_ipsec000001/providers/Microsoft.Network/connections/conn1\",\r\n
        \ \"etag\": \"W/\\\"d2fc8c14-53ae-43ee-bbbb-7bc0786810c3\\\"\",\r\n  \"type\":
        \"Microsoft.Network/connections\",\r\n  \"location\": \"westus\",\r\n  \"tags\":
        {},\r\n  \"properties\": {\r\n    \"provisioningState\": \"Succeeded\",\r\n
        \   \"resourceGuid\": \"5404f42b-3811-4a6f-b7f5-f9f6845bb0b0\",\r\n    \"packetCaptureDiagnosticState\":
        \"None\",\r\n    \"virtualNetworkGateway1\": {\r\n      \"id\": \"/subscriptions/00000000-0000-0000-0000-000000000000/resourceGroups/cli_test_vpn_connection_ipsec000001/providers/Microsoft.Network/virtualNetworkGateways/gw1\"\r\n
        \   },\r\n    \"localNetworkGateway2\": {\r\n      \"id\": \"/subscriptions/00000000-0000-0000-0000-000000000000/resourceGroups/cli_test_vpn_connection_ipsec000001/providers/Microsoft.Network/localNetworkGateways/lgw1\"\r\n
        \   },\r\n    \"connectionType\": \"IPsec\",\r\n    \"connectionProtocol\":
        \"IKEv2\",\r\n    \"routingWeight\": 10,\r\n    \"sharedKey\": \"AzureA1b2C3\",\r\n
        \   \"enableBgp\": false,\r\n    \"useLocalAzureIpAddress\": false,\r\n    \"usePolicyBasedTrafficSelectors\":
        false,\r\n    \"ipsecPolicies\": [\r\n      {\r\n        \"saLifeTimeSeconds\":
        7200,\r\n        \"saDataSizeKilobytes\": 2048,\r\n        \"ipsecEncryption\":
        \"GCMAES256\",\r\n        \"ipsecIntegrity\": \"GCMAES256\",\r\n        \"ikeEncryption\":
        \"AES256\",\r\n        \"ikeIntegrity\": \"SHA384\",\r\n        \"dhGroup\":
        \"DHGroup24\",\r\n        \"pfsGroup\": \"PFS24\"\r\n      }\r\n    ],\r\n
        \   \"trafficSelectorPolicies\": [],\r\n    \"connectionStatus\": \"Unknown\",\r\n
        \   \"ingressBytesTransferred\": 0,\r\n    \"egressBytesTransferred\": 0,\r\n
        \   \"expressRouteGatewayBypass\": false,\r\n    \"dpdTimeoutSeconds\": 0,\r\n
        \   \"connectionMode\": \"Default\",\r\n    \"gatewayCustomBgpIpAddresses\":
        []\r\n  }\r\n}"
    headers:
      cache-control:
      - no-cache
      content-length:
      - '1778'
      content-type:
      - application/json; charset=utf-8
      date:
      - Tue, 07 Feb 2023 21:45:12 GMT
      expires:
      - '-1'
      pragma:
      - no-cache
      server:
      - Microsoft-HTTPAPI/2.0
      - Microsoft-HTTPAPI/2.0
      strict-transport-security:
      - max-age=31536000; includeSubDomains
      transfer-encoding:
      - chunked
      vary:
      - Accept-Encoding
      x-content-type-options:
      - nosniff
      x-ms-arm-service-request-id:
      - 68ae9321-e28d-4039-af16-134883b9dba2
    status:
      code: 200
      message: OK
- request:
    body: '{"id": "/subscriptions/00000000-0000-0000-0000-000000000000/resourceGroups/cli_test_vpn_connection_ipsec000001/providers/Microsoft.Network/connections/conn1",
      "location": "westus", "tags": {}, "properties": {"virtualNetworkGateway1": {"id":
      "/subscriptions/00000000-0000-0000-0000-000000000000/resourceGroups/cli_test_vpn_connection_ipsec000001/providers/Microsoft.Network/virtualNetworkGateways/gw1"},
      "localNetworkGateway2": {"id": "/subscriptions/00000000-0000-0000-0000-000000000000/resourceGroups/cli_test_vpn_connection_ipsec000001/providers/Microsoft.Network/localNetworkGateways/lgw1"},
      "connectionType": "IPsec", "connectionProtocol": "IKEv2", "routingWeight": 10,
      "dpdTimeoutSeconds": 0, "connectionMode": "Default", "sharedKey": "AzureA1b2C3",
      "enableBgp": false, "gatewayCustomBgpIpAddresses": [], "useLocalAzureIpAddress":
      false, "usePolicyBasedTrafficSelectors": false, "trafficSelectorPolicies": [],
      "expressRouteGatewayBypass": false}}'
    headers:
      Accept:
      - application/json
      Accept-Encoding:
      - gzip, deflate
      CommandName:
      - network vpn-connection ipsec-policy clear
      Connection:
      - keep-alive
      Content-Length:
      - '951'
      Content-Type:
      - application/json
      ParameterSetName:
      - -g --connection-name
      User-Agent:
      - AZURECLI/2.45.0 azsdk-python-azure-mgmt-network/21.0.1 Python/3.10.9 (Linux-5.15.0-1031-azure-x86_64-with-glibc2.31)
        VSTS_7b238909-6802-4b65-b90d-184bca47f458_build_220_0
    method: PUT
    uri: https://management.azure.com/subscriptions/00000000-0000-0000-0000-000000000000/resourceGroups/cli_test_vpn_connection_ipsec000001/providers/Microsoft.Network/connections/conn1?api-version=2022-01-01
  response:
    body:
      string: "{\r\n  \"name\": \"conn1\",\r\n  \"id\": \"/subscriptions/00000000-0000-0000-0000-000000000000/resourceGroups/cli_test_vpn_connection_ipsec000001/providers/Microsoft.Network/connections/conn1\",\r\n
        \ \"etag\": \"W/\\\"a39f9d0a-f816-48cb-a6cc-f5397fd92f7e\\\"\",\r\n  \"type\":
        \"Microsoft.Network/connections\",\r\n  \"location\": \"westus\",\r\n  \"tags\":
        {},\r\n  \"properties\": {\r\n    \"provisioningState\": \"Updating\",\r\n
        \   \"resourceGuid\": \"5404f42b-3811-4a6f-b7f5-f9f6845bb0b0\",\r\n    \"packetCaptureDiagnosticState\":
        \"None\",\r\n    \"virtualNetworkGateway1\": {\r\n      \"id\": \"/subscriptions/00000000-0000-0000-0000-000000000000/resourceGroups/cli_test_vpn_connection_ipsec000001/providers/Microsoft.Network/virtualNetworkGateways/gw1\"\r\n
        \   },\r\n    \"localNetworkGateway2\": {\r\n      \"id\": \"/subscriptions/00000000-0000-0000-0000-000000000000/resourceGroups/cli_test_vpn_connection_ipsec000001/providers/Microsoft.Network/localNetworkGateways/lgw1\"\r\n
        \   },\r\n    \"connectionType\": \"IPsec\",\r\n    \"connectionProtocol\":
        \"IKEv2\",\r\n    \"routingWeight\": 10,\r\n    \"sharedKey\": \"AzureA1b2C3\",\r\n
        \   \"enableBgp\": false,\r\n    \"useLocalAzureIpAddress\": false,\r\n    \"usePolicyBasedTrafficSelectors\":
        false,\r\n    \"ipsecPolicies\": [],\r\n    \"trafficSelectorPolicies\": [],\r\n
        \   \"ingressBytesTransferred\": 0,\r\n    \"egressBytesTransferred\": 0,\r\n
        \   \"expressRouteGatewayBypass\": false,\r\n    \"dpdTimeoutSeconds\": 0,\r\n
        \   \"connectionMode\": \"Default\",\r\n    \"gatewayCustomBgpIpAddresses\":
        []\r\n  }\r\n}"
    headers:
      azure-asyncnotification:
      - Enabled
      azure-asyncoperation:
      - https://management.azure.com/subscriptions/00000000-0000-0000-0000-000000000000/providers/Microsoft.Network/locations/westus/operations/9c292a20-46a2-4710-a29f-2294a6fef02a?api-version=2022-01-01
      cache-control:
      - no-cache
      content-length:
      - '1429'
      content-type:
      - application/json; charset=utf-8
      date:
      - Tue, 07 Feb 2023 21:45:15 GMT
      expires:
      - '-1'
      pragma:
      - no-cache
      server:
      - Microsoft-HTTPAPI/2.0
      - Microsoft-HTTPAPI/2.0
      strict-transport-security:
      - max-age=31536000; includeSubDomains
      transfer-encoding:
      - chunked
      vary:
      - Accept-Encoding
      x-content-type-options:
      - nosniff
      x-ms-arm-service-request-id:
      - e7cb6a2f-4005-4138-817d-953514742516
      x-ms-ratelimit-remaining-subscription-writes:
      - '1199'
    status:
      code: 200
      message: OK
- request:
    body: null
    headers:
      Accept:
      - '*/*'
      Accept-Encoding:
      - gzip, deflate
      CommandName:
      - network vpn-connection ipsec-policy clear
      Connection:
      - keep-alive
      ParameterSetName:
      - -g --connection-name
      User-Agent:
      - AZURECLI/2.45.0 azsdk-python-azure-mgmt-network/21.0.1 Python/3.10.9 (Linux-5.15.0-1031-azure-x86_64-with-glibc2.31)
        VSTS_7b238909-6802-4b65-b90d-184bca47f458_build_220_0
    method: GET
    uri: https://management.azure.com/subscriptions/00000000-0000-0000-0000-000000000000/providers/Microsoft.Network/locations/westus/operations/9c292a20-46a2-4710-a29f-2294a6fef02a?api-version=2022-01-01
  response:
    body:
      string: "{\r\n  \"status\": \"InProgress\"\r\n}"
    headers:
      cache-control:
      - no-cache
      content-length:
      - '30'
      content-type:
      - application/json; charset=utf-8
      date:
      - Tue, 07 Feb 2023 21:45:25 GMT
      expires:
      - '-1'
      pragma:
      - no-cache
      server:
      - Microsoft-HTTPAPI/2.0
      - Microsoft-HTTPAPI/2.0
      strict-transport-security:
      - max-age=31536000; includeSubDomains
      transfer-encoding:
      - chunked
      vary:
      - Accept-Encoding
      x-content-type-options:
      - nosniff
      x-ms-arm-service-request-id:
      - 1b424fab-5bbb-42f2-8382-7517fe300e15
    status:
      code: 200
      message: OK
- request:
    body: null
    headers:
      Accept:
      - '*/*'
      Accept-Encoding:
      - gzip, deflate
      CommandName:
      - network vpn-connection ipsec-policy clear
      Connection:
      - keep-alive
      ParameterSetName:
      - -g --connection-name
      User-Agent:
      - AZURECLI/2.45.0 azsdk-python-azure-mgmt-network/21.0.1 Python/3.10.9 (Linux-5.15.0-1031-azure-x86_64-with-glibc2.31)
        VSTS_7b238909-6802-4b65-b90d-184bca47f458_build_220_0
    method: GET
    uri: https://management.azure.com/subscriptions/00000000-0000-0000-0000-000000000000/providers/Microsoft.Network/locations/westus/operations/9c292a20-46a2-4710-a29f-2294a6fef02a?api-version=2022-01-01
  response:
    body:
      string: "{\r\n  \"status\": \"InProgress\"\r\n}"
    headers:
      cache-control:
      - no-cache
      content-length:
      - '30'
      content-type:
      - application/json; charset=utf-8
      date:
      - Tue, 07 Feb 2023 21:45:35 GMT
      expires:
      - '-1'
      pragma:
      - no-cache
      server:
      - Microsoft-HTTPAPI/2.0
      - Microsoft-HTTPAPI/2.0
      strict-transport-security:
      - max-age=31536000; includeSubDomains
      transfer-encoding:
      - chunked
      vary:
      - Accept-Encoding
      x-content-type-options:
      - nosniff
      x-ms-arm-service-request-id:
      - 8fb1a08e-9503-4ffe-be0d-18da9883f98a
    status:
      code: 200
      message: OK
- request:
    body: null
    headers:
      Accept:
      - '*/*'
      Accept-Encoding:
      - gzip, deflate
      CommandName:
      - network vpn-connection ipsec-policy clear
      Connection:
      - keep-alive
      ParameterSetName:
      - -g --connection-name
      User-Agent:
      - AZURECLI/2.45.0 azsdk-python-azure-mgmt-network/21.0.1 Python/3.10.9 (Linux-5.15.0-1031-azure-x86_64-with-glibc2.31)
        VSTS_7b238909-6802-4b65-b90d-184bca47f458_build_220_0
    method: GET
    uri: https://management.azure.com/subscriptions/00000000-0000-0000-0000-000000000000/providers/Microsoft.Network/locations/westus/operations/9c292a20-46a2-4710-a29f-2294a6fef02a?api-version=2022-01-01
  response:
    body:
      string: "{\r\n  \"status\": \"Succeeded\"\r\n}"
    headers:
      cache-control:
      - no-cache
      content-length:
      - '29'
      content-type:
      - application/json; charset=utf-8
      date:
      - Tue, 07 Feb 2023 21:45:56 GMT
      expires:
      - '-1'
      pragma:
      - no-cache
      server:
      - Microsoft-HTTPAPI/2.0
      - Microsoft-HTTPAPI/2.0
      strict-transport-security:
      - max-age=31536000; includeSubDomains
      transfer-encoding:
      - chunked
      vary:
      - Accept-Encoding
      x-content-type-options:
      - nosniff
      x-ms-arm-service-request-id:
      - f77bf27d-3155-454f-9d35-4132151d470b
    status:
      code: 200
      message: OK
- request:
    body: null
    headers:
      Accept:
      - '*/*'
      Accept-Encoding:
      - gzip, deflate
      CommandName:
      - network vpn-connection ipsec-policy clear
      Connection:
      - keep-alive
      ParameterSetName:
      - -g --connection-name
      User-Agent:
      - AZURECLI/2.45.0 azsdk-python-azure-mgmt-network/21.0.1 Python/3.10.9 (Linux-5.15.0-1031-azure-x86_64-with-glibc2.31)
        VSTS_7b238909-6802-4b65-b90d-184bca47f458_build_220_0
    method: GET
    uri: https://management.azure.com/subscriptions/00000000-0000-0000-0000-000000000000/resourceGroups/cli_test_vpn_connection_ipsec000001/providers/Microsoft.Network/connections/conn1?api-version=2022-01-01
  response:
    body:
      string: "{\r\n  \"name\": \"conn1\",\r\n  \"id\": \"/subscriptions/00000000-0000-0000-0000-000000000000/resourceGroups/cli_test_vpn_connection_ipsec000001/providers/Microsoft.Network/connections/conn1\",\r\n
        \ \"etag\": \"W/\\\"e665c996-e3b3-4618-9555-1792338983e7\\\"\",\r\n  \"type\":
        \"Microsoft.Network/connections\",\r\n  \"location\": \"westus\",\r\n  \"tags\":
        {},\r\n  \"properties\": {\r\n    \"provisioningState\": \"Succeeded\",\r\n
        \   \"resourceGuid\": \"5404f42b-3811-4a6f-b7f5-f9f6845bb0b0\",\r\n    \"packetCaptureDiagnosticState\":
        \"None\",\r\n    \"virtualNetworkGateway1\": {\r\n      \"id\": \"/subscriptions/00000000-0000-0000-0000-000000000000/resourceGroups/cli_test_vpn_connection_ipsec000001/providers/Microsoft.Network/virtualNetworkGateways/gw1\"\r\n
        \   },\r\n    \"localNetworkGateway2\": {\r\n      \"id\": \"/subscriptions/00000000-0000-0000-0000-000000000000/resourceGroups/cli_test_vpn_connection_ipsec000001/providers/Microsoft.Network/localNetworkGateways/lgw1\"\r\n
        \   },\r\n    \"connectionType\": \"IPsec\",\r\n    \"connectionProtocol\":
        \"IKEv2\",\r\n    \"routingWeight\": 10,\r\n    \"sharedKey\": \"AzureA1b2C3\",\r\n
        \   \"enableBgp\": false,\r\n    \"useLocalAzureIpAddress\": false,\r\n    \"usePolicyBasedTrafficSelectors\":
        false,\r\n    \"ipsecPolicies\": [],\r\n    \"trafficSelectorPolicies\": [],\r\n
        \   \"connectionStatus\": \"Unknown\",\r\n    \"ingressBytesTransferred\":
        0,\r\n    \"egressBytesTransferred\": 0,\r\n    \"expressRouteGatewayBypass\":
        false,\r\n    \"dpdTimeoutSeconds\": 0,\r\n    \"connectionMode\": \"Default\",\r\n
        \   \"gatewayCustomBgpIpAddresses\": []\r\n  }\r\n}"
    headers:
      cache-control:
      - no-cache
      content-length:
      - '1466'
      content-type:
      - application/json; charset=utf-8
      date:
      - Tue, 07 Feb 2023 21:45:56 GMT
      expires:
      - '-1'
      pragma:
      - no-cache
      server:
      - Microsoft-HTTPAPI/2.0
      - Microsoft-HTTPAPI/2.0
      strict-transport-security:
      - max-age=31536000; includeSubDomains
      transfer-encoding:
      - chunked
      vary:
      - Accept-Encoding
      x-content-type-options:
      - nosniff
      x-ms-arm-service-request-id:
      - 9d7b8631-59aa-4e5e-8508-b8e3813d43d9
    status:
      code: 200
      message: OK
- request:
    body: null
    headers:
      Accept:
      - application/json
      Accept-Encoding:
      - gzip, deflate
      CommandName:
      - network vpn-connection ipsec-policy list
      Connection:
      - keep-alive
      ParameterSetName:
      - -g --connection-name
      User-Agent:
      - AZURECLI/2.45.0 azsdk-python-azure-mgmt-network/21.0.1 Python/3.10.9 (Linux-5.15.0-1031-azure-x86_64-with-glibc2.31)
        VSTS_7b238909-6802-4b65-b90d-184bca47f458_build_220_0
    method: GET
    uri: https://management.azure.com/subscriptions/00000000-0000-0000-0000-000000000000/resourceGroups/cli_test_vpn_connection_ipsec000001/providers/Microsoft.Network/connections/conn1?api-version=2022-01-01
  response:
    body:
      string: "{\r\n  \"name\": \"conn1\",\r\n  \"id\": \"/subscriptions/00000000-0000-0000-0000-000000000000/resourceGroups/cli_test_vpn_connection_ipsec000001/providers/Microsoft.Network/connections/conn1\",\r\n
        \ \"etag\": \"W/\\\"e665c996-e3b3-4618-9555-1792338983e7\\\"\",\r\n  \"type\":
        \"Microsoft.Network/connections\",\r\n  \"location\": \"westus\",\r\n  \"tags\":
        {},\r\n  \"properties\": {\r\n    \"provisioningState\": \"Succeeded\",\r\n
        \   \"resourceGuid\": \"5404f42b-3811-4a6f-b7f5-f9f6845bb0b0\",\r\n    \"packetCaptureDiagnosticState\":
        \"None\",\r\n    \"virtualNetworkGateway1\": {\r\n      \"id\": \"/subscriptions/00000000-0000-0000-0000-000000000000/resourceGroups/cli_test_vpn_connection_ipsec000001/providers/Microsoft.Network/virtualNetworkGateways/gw1\"\r\n
        \   },\r\n    \"localNetworkGateway2\": {\r\n      \"id\": \"/subscriptions/00000000-0000-0000-0000-000000000000/resourceGroups/cli_test_vpn_connection_ipsec000001/providers/Microsoft.Network/localNetworkGateways/lgw1\"\r\n
        \   },\r\n    \"connectionType\": \"IPsec\",\r\n    \"connectionProtocol\":
        \"IKEv2\",\r\n    \"routingWeight\": 10,\r\n    \"sharedKey\": \"AzureA1b2C3\",\r\n
        \   \"enableBgp\": false,\r\n    \"useLocalAzureIpAddress\": false,\r\n    \"usePolicyBasedTrafficSelectors\":
        false,\r\n    \"ipsecPolicies\": [],\r\n    \"trafficSelectorPolicies\": [],\r\n
        \   \"connectionStatus\": \"Unknown\",\r\n    \"ingressBytesTransferred\":
        0,\r\n    \"egressBytesTransferred\": 0,\r\n    \"expressRouteGatewayBypass\":
        false,\r\n    \"dpdTimeoutSeconds\": 0,\r\n    \"connectionMode\": \"Default\",\r\n
        \   \"gatewayCustomBgpIpAddresses\": []\r\n  }\r\n}"
    headers:
      cache-control:
      - no-cache
      content-length:
      - '1466'
      content-type:
      - application/json; charset=utf-8
      date:
      - Tue, 07 Feb 2023 21:45:57 GMT
      expires:
      - '-1'
      pragma:
      - no-cache
      server:
      - Microsoft-HTTPAPI/2.0
      - Microsoft-HTTPAPI/2.0
      strict-transport-security:
      - max-age=31536000; includeSubDomains
      transfer-encoding:
      - chunked
      vary:
      - Accept-Encoding
      x-content-type-options:
      - nosniff
      x-ms-arm-service-request-id:
      - 76afe9c7-c779-4e9a-acfc-a16c48fb25fb
    status:
      code: 200
      message: OK
version: 1
