interactions:
- request:
    body: '{"location": "global"}'
    headers:
      Accept:
      - application/json
      Accept-Encoding:
      - gzip, deflate
      CommandName:
      - network dns zone import
      Connection:
      - keep-alive
      Content-Length:
      - '22'
      Content-Type:
      - application/json
      ParameterSetName:
      - -n -g --file-name
      User-Agent:
      - AZURECLI/2.49.0 (AAZ) azsdk-python-core/1.26.0 Python/3.11.2 (Windows-10-10.0.22621-SP0)
    method: PUT
    uri: https://management.azure.com/subscriptions/00000000-0000-0000-0000-000000000000/resourceGroups/cli_dns_zone10_import000001/providers/Microsoft.Network/dnsZones/zone10.com?api-version=2023-07-01-preview
  response:
    body:
      string: '{"id":"\/subscriptions\/00000000-0000-0000-0000-000000000000\/resourceGroups\/cli_dns_zone10_import000001\/providers\/Microsoft.Network\/dnszones\/zone10.com","name":"zone10.com","type":"Microsoft.Network\/dnszones","etag":"b41273a2-fcdf-4f33-9f84-5802da31046e","location":"global","tags":{},"properties":{"maxNumberOfRecordSets":10000,"maxNumberOfRecordsPerRecordSet":null,"nameServers":["ns1-38.daily.azure-dns.com.","ns2-38.daily.azure-dns.net.","ns3-38.daily.azure-dns.org.","ns4-38.daily.azure-dns.info."],"numberOfRecordSets":2,"zoneType":"Public"}}'
    headers:
      cache-control:
      - private
      content-length:
      - '555'
      content-type:
      - application/json; charset=utf-8
      date:
      - Mon, 26 Jun 2023 18:46:19 GMT
      etag:
      - b41273a2-fcdf-4f33-9f84-5802da31046e
      strict-transport-security:
      - max-age=31536000; includeSubDomains
      x-cache:
      - CONFIG_NOCACHE
      x-content-type-options:
      - nosniff
      x-ms-ratelimit-remaining-subscription-resource-requests:
      - '11999'
      x-msedge-ref:
      - 'Ref A: E712606DC36A4E4EA6E53227DA05CFC1 Ref B: CO6AA3150218047 Ref C: 2023-06-26T18:46:17Z'
      x-powered-by:
      - ASP.NET
    status:
      code: 201
      message: Created
- request:
    body: null
    headers:
      Accept:
      - application/json
      Accept-Encoding:
      - gzip, deflate
      CommandName:
      - network dns zone import
      Connection:
      - keep-alive
      ParameterSetName:
      - -n -g --file-name
      User-Agent:
      - AZURECLI/2.49.0 (AAZ) azsdk-python-core/1.26.0 Python/3.11.2 (Windows-10-10.0.22621-SP0)
    method: GET
    uri: https://management.azure.com/subscriptions/00000000-0000-0000-0000-000000000000/resourceGroups/cli_dns_zone10_import000001/providers/Microsoft.Network/dnsZones/zone10.com/SOA/@?api-version=2023-07-01-preview
  response:
    body:
      string: '{"id":"\/subscriptions\/00000000-0000-0000-0000-000000000000\/resourceGroups\/cli_dns_zone10_import000001\/providers\/Microsoft.Network\/dnszones\/zone10.com\/SOA\/@","name":"@","type":"Microsoft.Network\/dnszones\/SOA","etag":"0c3411cc-818f-434c-b8bf-25566257609d","properties":{"fqdn":"zone10.com.","TTL":3600,"SOARecord":{"email":"azuredns-hostmaster.microsoft.com","expireTime":2419200,"host":"ns1-38.daily.azure-dns.com.","minimumTTL":300,"refreshTime":3600,"retryTime":300,"serialNumber":1},"targetResource":{},"provisioningState":"Succeeded"}}'
    headers:
      cache-control:
      - private
      content-length:
      - '550'
      content-type:
      - application/json; charset=utf-8
      date:
      - Mon, 26 Jun 2023 18:46:19 GMT
      etag:
      - 0c3411cc-818f-434c-b8bf-25566257609d
      strict-transport-security:
      - max-age=31536000; includeSubDomains
      x-cache:
      - CONFIG_NOCACHE
      x-content-type-options:
      - nosniff
      x-ms-ratelimit-remaining-subscription-resource-requests:
      - '11999'
      x-msedge-ref:
      - 'Ref A: EA343A0F9281497A97941E5FA988217C Ref B: CO6AA3150217045 Ref C: 2023-06-26T18:46:19Z'
      x-powered-by:
      - ASP.NET
    status:
      code: 200
      message: OK
- request:
    body: '{"properties": {"SOARecord": {"email": "azuredns-hostmaster.zone10.com.",
      "expireTime": 2419200, "host": "ns1-38.daily.azure-dns.com.", "minimumTTL":
      300, "refreshTime": 3600, "retryTime": 300, "serialNumber": 1}, "TTL": 3600}}'
    headers:
      Accept:
      - application/json
      Accept-Encoding:
      - gzip, deflate
      CommandName:
      - network dns zone import
      Connection:
      - keep-alive
      Content-Length:
      - '227'
      Content-Type:
      - application/json
      ParameterSetName:
      - -n -g --file-name
      User-Agent:
      - AZURECLI/2.49.0 (AAZ) azsdk-python-core/1.26.0 Python/3.11.2 (Windows-10-10.0.22621-SP0)
    method: PUT
    uri: https://management.azure.com/subscriptions/00000000-0000-0000-0000-000000000000/resourceGroups/cli_dns_zone10_import000001/providers/Microsoft.Network/dnsZones/zone10.com/soa/@?api-version=2023-07-01-preview
  response:
    body:
      string: '{"id":"\/subscriptions\/00000000-0000-0000-0000-000000000000\/resourceGroups\/cli_dns_zone10_import000001\/providers\/Microsoft.Network\/dnszones\/zone10.com\/SOA\/@","name":"@","type":"Microsoft.Network\/dnszones\/SOA","etag":"8add5d74-e443-4245-8c86-4cdd0c59f3cf","properties":{"fqdn":"zone10.com.","TTL":3600,"SOARecord":{"email":"azuredns-hostmaster.zone10.com.","expireTime":2419200,"host":"ns1-38.daily.azure-dns.com.","minimumTTL":300,"refreshTime":3600,"retryTime":300,"serialNumber":1},"targetResource":{},"provisioningState":"Succeeded"}}'
    headers:
      cache-control:
      - private
      content-length:
      - '548'
      content-type:
      - application/json; charset=utf-8
      date:
      - Mon, 26 Jun 2023 18:46:20 GMT
      etag:
      - 8add5d74-e443-4245-8c86-4cdd0c59f3cf
      strict-transport-security:
      - max-age=31536000; includeSubDomains
      x-cache:
      - CONFIG_NOCACHE
      x-content-type-options:
      - nosniff
      x-ms-ratelimit-remaining-subscription-resource-requests:
      - '11999'
      x-msedge-ref:
      - 'Ref A: 993DE1AD3A9242A8A9F636D2550441DA Ref B: CO6AA3150220053 Ref C: 2023-06-26T18:46:20Z'
      x-powered-by:
      - ASP.NET
    status:
      code: 200
      message: OK
- request:
    body: null
    headers:
      Accept:
      - application/json
      Accept-Encoding:
      - gzip, deflate
      CommandName:
      - network dns zone import
      Connection:
      - keep-alive
      ParameterSetName:
      - -n -g --file-name
      User-Agent:
      - AZURECLI/2.49.0 (AAZ) azsdk-python-core/1.26.0 Python/3.11.2 (Windows-10-10.0.22621-SP0)
    method: GET
    uri: https://management.azure.com/subscriptions/00000000-0000-0000-0000-000000000000/resourceGroups/cli_dns_zone10_import000001/providers/Microsoft.Network/dnsZones/zone10.com/NS/@?api-version=2023-07-01-preview
  response:
    body:
      string: '{"id":"\/subscriptions\/00000000-0000-0000-0000-000000000000\/resourceGroups\/cli_dns_zone10_import000001\/providers\/Microsoft.Network\/dnszones\/zone10.com\/NS\/@","name":"@","type":"Microsoft.Network\/dnszones\/NS","etag":"a97d42d1-d178-49c3-8b0a-c3b703c3d61e","properties":{"fqdn":"zone10.com.","TTL":172800,"NSRecords":[{"nsdname":"ns1-38.daily.azure-dns.com."},{"nsdname":"ns2-38.daily.azure-dns.net."},{"nsdname":"ns3-38.daily.azure-dns.org."},{"nsdname":"ns4-38.daily.azure-dns.info."}],"targetResource":{},"provisioningState":"Succeeded"}}'
    headers:
      cache-control:
      - private
      content-length:
      - '548'
      content-type:
      - application/json; charset=utf-8
      date:
      - Mon, 26 Jun 2023 18:46:20 GMT
      etag:
      - a97d42d1-d178-49c3-8b0a-c3b703c3d61e
      strict-transport-security:
      - max-age=31536000; includeSubDomains
      x-cache:
      - CONFIG_NOCACHE
      x-content-type-options:
      - nosniff
      x-ms-ratelimit-remaining-subscription-resource-requests:
      - '11999'
      x-msedge-ref:
      - 'Ref A: 5E564A5A91E5481582EC7FFAF8F785EB Ref B: CO6AA3150218019 Ref C: 2023-06-26T18:46:20Z'
      x-powered-by:
      - ASP.NET
    status:
      code: 200
      message: OK
- request:
    body: '{"properties": {"NSRecords": [{"nsdname": "ns1-38.daily.azure-dns.com."},
      {"nsdname": "ns2-38.daily.azure-dns.net."}, {"nsdname": "ns3-38.daily.azure-dns.org."},
      {"nsdname": "ns4-38.daily.azure-dns.info."}], "TTL": 172800, "targetResource":
      {}}}'
    headers:
      Accept:
      - application/json
      Accept-Encoding:
      - gzip, deflate
      CommandName:
      - network dns zone import
      Connection:
      - keep-alive
      Content-Length:
      - '245'
      Content-Type:
      - application/json
      ParameterSetName:
      - -n -g --file-name
      User-Agent:
      - AZURECLI/2.49.0 (AAZ) azsdk-python-core/1.26.0 Python/3.11.2 (Windows-10-10.0.22621-SP0)
    method: PUT
    uri: https://management.azure.com/subscriptions/00000000-0000-0000-0000-000000000000/resourceGroups/cli_dns_zone10_import000001/providers/Microsoft.Network/dnsZones/zone10.com/ns/@?api-version=2023-07-01-preview
  response:
    body:
      string: '{"id":"\/subscriptions\/00000000-0000-0000-0000-000000000000\/resourceGroups\/cli_dns_zone10_import000001\/providers\/Microsoft.Network\/dnszones\/zone10.com\/NS\/@","name":"@","type":"Microsoft.Network\/dnszones\/NS","etag":"2baa86d4-8dea-4072-a382-a8ad3a7b537c","properties":{"fqdn":"zone10.com.","TTL":172800,"NSRecords":[{"nsdname":"ns1-38.daily.azure-dns.com."},{"nsdname":"ns2-38.daily.azure-dns.net."},{"nsdname":"ns3-38.daily.azure-dns.org."},{"nsdname":"ns4-38.daily.azure-dns.info."}],"targetResource":{},"provisioningState":"Succeeded"}}'
    headers:
      cache-control:
      - private
      content-length:
      - '548'
      content-type:
      - application/json; charset=utf-8
      date:
      - Mon, 26 Jun 2023 18:46:20 GMT
      etag:
      - 2baa86d4-8dea-4072-a382-a8ad3a7b537c
      strict-transport-security:
      - max-age=31536000; includeSubDomains
      x-cache:
      - CONFIG_NOCACHE
      x-content-type-options:
      - nosniff
      x-ms-ratelimit-remaining-subscription-resource-requests:
      - '11999'
      x-msedge-ref:
      - 'Ref A: 7479161C547D474385BDFE5E2E69875E Ref B: CO6AA3150218019 Ref C: 2023-06-26T18:46:21Z'
      x-powered-by:
      - ASP.NET
    status:
      code: 200
      message: OK
- request:
    body: '{"properties": {"DSRecords": [{"algorithm": 8, "digest": {"algorithmType":
      2, "value": "123456789abcdef67890123456789abcdef67890"}, "keyTag": 56254}],
      "TTL": 600}}'
    headers:
      Accept:
      - application/json
      Accept-Encoding:
      - gzip, deflate
      CommandName:
      - network dns zone import
      Connection:
      - keep-alive
      Content-Length:
      - '163'
      Content-Type:
      - application/json
      ParameterSetName:
      - -n -g --file-name
      User-Agent:
      - AZURECLI/2.49.0 (AAZ) azsdk-python-core/1.26.0 Python/3.11.2 (Windows-10-10.0.22621-SP0)
    method: PUT
    uri: https://management.azure.com/subscriptions/00000000-0000-0000-0000-000000000000/resourceGroups/cli_dns_zone10_import000001/providers/Microsoft.Network/dnsZones/zone10.com/ds/test-ds?api-version=2023-07-01-preview
  response:
    body:
      string: '{"id":"\/subscriptions\/00000000-0000-0000-0000-000000000000\/resourceGroups\/cli_dns_zone10_import000001\/providers\/Microsoft.Network\/dnszones\/zone10.com\/DS\/test-ds","name":"test-ds","type":"Microsoft.Network\/dnszones\/DS","etag":"cbee0d14-737a-4732-b5d1-63ee9dad9af7","properties":{"fqdn":"test-ds.zone10.com.","TTL":600,"DSRecords":[{"algorithm":8,"digest":{"algorithmType":2,"value":"123456789abcdef67890123456789abcdef67890"},"keyTag":56254}],"targetResource":{},"provisioningState":"Succeeded"}}'
    headers:
      cache-control:
      - private
      content-length:
      - '507'
      content-type:
      - application/json; charset=utf-8
      date:
      - Mon, 26 Jun 2023 18:46:22 GMT
      etag:
      - cbee0d14-737a-4732-b5d1-63ee9dad9af7
      strict-transport-security:
      - max-age=31536000; includeSubDomains
      x-cache:
      - CONFIG_NOCACHE
      x-content-type-options:
      - nosniff
      x-ms-ratelimit-remaining-subscription-resource-requests:
      - '11999'
      x-msedge-ref:
      - 'Ref A: FA74CC51EC97471CAD378280467EC9CD Ref B: CO6AA3150220047 Ref C: 2023-06-26T18:46:21Z'
      x-powered-by:
      - ASP.NET
    status:
      code: 201
      message: Created
- request:
    body: '{"properties": {"TLSARecords": [{"certAssociationData": "0C72AC70B745AC19998811B131D662C9AC69DBDBE7CB23E5B514B56664C5D3D6",
      "matchingType": 1, "selector": 1, "usage": 3}], "TTL": 600}}'
    headers:
      Accept:
      - application/json
      Accept-Encoding:
      - gzip, deflate
      CommandName:
      - network dns zone import
      Connection:
      - keep-alive
      Content-Length:
      - '184'
      Content-Type:
      - application/json
      ParameterSetName:
      - -n -g --file-name
      User-Agent:
      - AZURECLI/2.49.0 (AAZ) azsdk-python-core/1.26.0 Python/3.11.2 (Windows-10-10.0.22621-SP0)
    method: PUT
    uri: https://management.azure.com/subscriptions/00000000-0000-0000-0000-000000000000/resourceGroups/cli_dns_zone10_import000001/providers/Microsoft.Network/dnsZones/zone10.com/tlsa/test-tlsa?api-version=2023-07-01-preview
  response:
    body:
      string: '{"id":"\/subscriptions\/00000000-0000-0000-0000-000000000000\/resourceGroups\/cli_dns_zone10_import000001\/providers\/Microsoft.Network\/dnszones\/zone10.com\/TLSA\/test-tlsa","name":"test-tlsa","type":"Microsoft.Network\/dnszones\/TLSA","etag":"3d04a058-b8f0-4948-806c-6830e00c1273","properties":{"fqdn":"test-tlsa.zone10.com.","TTL":600,"TLSARecords":[{"certAssociationData":"0C72AC70B745AC19998811B131D662C9AC69DBDBE7CB23E5B514B56664C5D3D6","matchingType":1,"selector":1,"usage":3}],"targetResource":{},"provisioningState":"Succeeded"}}'
    headers:
      cache-control:
      - private
      content-length:
      - '539'
      content-type:
      - application/json; charset=utf-8
      date:
      - Mon, 26 Jun 2023 18:46:22 GMT
      etag:
      - 3d04a058-b8f0-4948-806c-6830e00c1273
      strict-transport-security:
      - max-age=31536000; includeSubDomains
      x-cache:
      - CONFIG_NOCACHE
      x-content-type-options:
      - nosniff
      x-ms-ratelimit-remaining-subscription-resource-requests:
      - '11999'
      x-msedge-ref:
      - 'Ref A: FA172E07F780480E8477A2556DD0FBB8 Ref B: CO6AA3150218023 Ref C: 2023-06-26T18:46:22Z'
      x-powered-by:
      - ASP.NET
    status:
      code: 201
      message: Created
- request:
    body: null
    headers:
      Accept:
      - application/json
      Accept-Encoding:
      - gzip, deflate
      CommandName:
      - network dns record-set list
      Connection:
      - keep-alive
      ParameterSetName:
      - -g -z
      User-Agent:
      - AZURECLI/2.49.0 (AAZ) azsdk-python-core/1.26.0 Python/3.11.2 (Windows-10-10.0.22621-SP0)
    method: GET
    uri: https://management.azure.com/subscriptions/00000000-0000-0000-0000-000000000000/resourceGroups/cli_dns_zone10_import000001/providers/Microsoft.Network/dnsZones/zone10.com/recordsets?api-version=2023-07-01-preview
  response:
    body:
      string: '{"value":[{"id":"\/subscriptions\/00000000-0000-0000-0000-000000000000\/resourceGroups\/cli_dns_zone10_import000001\/providers\/Microsoft.Network\/dnszones\/zone10.com\/NS\/@","name":"@","type":"Microsoft.Network\/dnszones\/NS","etag":"2baa86d4-8dea-4072-a382-a8ad3a7b537c","properties":{"fqdn":"zone10.com.","TTL":172800,"NSRecords":[{"nsdname":"ns1-38.daily.azure-dns.com."},{"nsdname":"ns2-38.daily.azure-dns.net."},{"nsdname":"ns3-38.daily.azure-dns.org."},{"nsdname":"ns4-38.daily.azure-dns.info."}],"targetResource":{},"provisioningState":"Succeeded"}},{"id":"\/subscriptions\/00000000-0000-0000-0000-000000000000\/resourceGroups\/cli_dns_zone10_import000001\/providers\/Microsoft.Network\/dnszones\/zone10.com\/SOA\/@","name":"@","type":"Microsoft.Network\/dnszones\/SOA","etag":"8add5d74-e443-4245-8c86-4cdd0c59f3cf","properties":{"fqdn":"zone10.com.","TTL":3600,"SOARecord":{"email":"azuredns-hostmaster.zone10.com.","expireTime":2419200,"host":"ns1-38.daily.azure-dns.com.","minimumTTL":300,"refreshTime":3600,"retryTime":300,"serialNumber":1},"targetResource":{},"provisioningState":"Succeeded"}},{"id":"\/subscriptions\/00000000-0000-0000-0000-000000000000\/resourceGroups\/cli_dns_zone10_import000001\/providers\/Microsoft.Network\/dnszones\/zone10.com\/DS\/test-ds","name":"test-ds","type":"Microsoft.Network\/dnszones\/DS","etag":"cbee0d14-737a-4732-b5d1-63ee9dad9af7","properties":{"fqdn":"test-ds.zone10.com.","TTL":600,"DSRecords":[{"algorithm":8,"digest":{"algorithmType":2,"value":"123456789abcdef67890123456789abcdef67890"},"keyTag":56254}],"targetResource":{},"provisioningState":"Succeeded"}},{"id":"\/subscriptions\/00000000-0000-0000-0000-000000000000\/resourceGroups\/cli_dns_zone10_import000001\/providers\/Microsoft.Network\/dnszones\/zone10.com\/TLSA\/test-tlsa","name":"test-tlsa","type":"Microsoft.Network\/dnszones\/TLSA","etag":"3d04a058-b8f0-4948-806c-6830e00c1273","properties":{"fqdn":"test-tlsa.zone10.com.","TTL":600,"TLSARecords":[{"certAssociationData":"0C72AC70B745AC19998811B131D662C9AC69DBDBE7CB23E5B514B56664C5D3D6","matchingType":1,"selector":1,"usage":3}],"targetResource":{},"provisioningState":"Succeeded"}}]}'
    headers:
      cache-control:
      - private
      content-length:
      - '2157'
      content-type:
      - application/json; charset=utf-8
      date:
      - Mon, 26 Jun 2023 18:46:23 GMT
      strict-transport-security:
      - max-age=31536000; includeSubDomains
      x-cache:
      - CONFIG_NOCACHE
      x-content-type-options:
      - nosniff
      x-ms-ratelimit-remaining-subscription-resource-requests:
      - '11999'
      x-msedge-ref:
      - 'Ref A: 932D5D109B5F4C79B844F256D56FB9D9 Ref B: CO6AA3150217033 Ref C: 2023-06-26T18:46:23Z'
      x-powered-by:
      - ASP.NET
    status:
      code: 200
      message: OK
- request:
    body: null
    headers:
      Accept:
      - application/json
      Accept-Encoding:
      - gzip, deflate
      CommandName:
      - network dns zone export
      Connection:
      - keep-alive
      ParameterSetName:
      - -g -n --file-name
      User-Agent:
      - AZURECLI/2.49.0 (AAZ) azsdk-python-core/1.26.0 Python/3.11.2 (Windows-10-10.0.22621-SP0)
    method: GET
    uri: https://management.azure.com/subscriptions/00000000-0000-0000-0000-000000000000/resourceGroups/cli_dns_zone10_import000001/providers/Microsoft.Network/dnsZones/zone10.com/recordsets?api-version=2023-07-01-preview
  response:
    body:
      string: '{"value":[{"id":"\/subscriptions\/00000000-0000-0000-0000-000000000000\/resourceGroups\/cli_dns_zone10_import000001\/providers\/Microsoft.Network\/dnszones\/zone10.com\/NS\/@","name":"@","type":"Microsoft.Network\/dnszones\/NS","etag":"2baa86d4-8dea-4072-a382-a8ad3a7b537c","properties":{"fqdn":"zone10.com.","TTL":172800,"NSRecords":[{"nsdname":"ns1-38.daily.azure-dns.com."},{"nsdname":"ns2-38.daily.azure-dns.net."},{"nsdname":"ns3-38.daily.azure-dns.org."},{"nsdname":"ns4-38.daily.azure-dns.info."}],"targetResource":{},"provisioningState":"Succeeded"}},{"id":"\/subscriptions\/00000000-0000-0000-0000-000000000000\/resourceGroups\/cli_dns_zone10_import000001\/providers\/Microsoft.Network\/dnszones\/zone10.com\/SOA\/@","name":"@","type":"Microsoft.Network\/dnszones\/SOA","etag":"8add5d74-e443-4245-8c86-4cdd0c59f3cf","properties":{"fqdn":"zone10.com.","TTL":3600,"SOARecord":{"email":"azuredns-hostmaster.zone10.com.","expireTime":2419200,"host":"ns1-38.daily.azure-dns.com.","minimumTTL":300,"refreshTime":3600,"retryTime":300,"serialNumber":1},"targetResource":{},"provisioningState":"Succeeded"}},{"id":"\/subscriptions\/00000000-0000-0000-0000-000000000000\/resourceGroups\/cli_dns_zone10_import000001\/providers\/Microsoft.Network\/dnszones\/zone10.com\/DS\/test-ds","name":"test-ds","type":"Microsoft.Network\/dnszones\/DS","etag":"cbee0d14-737a-4732-b5d1-63ee9dad9af7","properties":{"fqdn":"test-ds.zone10.com.","TTL":600,"DSRecords":[{"algorithm":8,"digest":{"algorithmType":2,"value":"123456789abcdef67890123456789abcdef67890"},"keyTag":56254}],"targetResource":{},"provisioningState":"Succeeded"}},{"id":"\/subscriptions\/00000000-0000-0000-0000-000000000000\/resourceGroups\/cli_dns_zone10_import000001\/providers\/Microsoft.Network\/dnszones\/zone10.com\/TLSA\/test-tlsa","name":"test-tlsa","type":"Microsoft.Network\/dnszones\/TLSA","etag":"3d04a058-b8f0-4948-806c-6830e00c1273","properties":{"fqdn":"test-tlsa.zone10.com.","TTL":600,"TLSARecords":[{"certAssociationData":"0C72AC70B745AC19998811B131D662C9AC69DBDBE7CB23E5B514B56664C5D3D6","matchingType":1,"selector":1,"usage":3}],"targetResource":{},"provisioningState":"Succeeded"}}]}'
    headers:
      cache-control:
      - private
      content-length:
      - '2157'
      content-type:
      - application/json; charset=utf-8
      date:
      - Mon, 26 Jun 2023 18:46:23 GMT
      strict-transport-security:
      - max-age=31536000; includeSubDomains
      x-cache:
      - CONFIG_NOCACHE
      x-content-type-options:
      - nosniff
      x-ms-ratelimit-remaining-subscription-resource-requests:
      - '11998'
      x-msedge-ref:
      - 'Ref A: 35B0946520284D289C712202E1152DA8 Ref B: CO6AA3150219025 Ref C: 2023-06-26T18:46:23Z'
      x-powered-by:
      - ASP.NET
    status:
      code: 200
      message: OK
- request:
    body: null
    headers:
      Accept:
      - '*/*'
      Accept-Encoding:
      - gzip, deflate
      CommandName:
      - network dns zone delete
      Connection:
      - keep-alive
      Content-Length:
      - '0'
      ParameterSetName:
      - -g -n -y
      User-Agent:
      - AZURECLI/2.49.0 (AAZ) azsdk-python-core/1.26.0 Python/3.11.2 (Windows-10-10.0.22621-SP0)
    method: DELETE
    uri: https://management.azure.com/subscriptions/00000000-0000-0000-0000-000000000000/resourceGroups/cli_dns_zone10_import000001/providers/Microsoft.Network/dnsZones/zone10.com?api-version=2023-07-01-preview
  response:
    body:
      string: ''
    headers:
      azure-asyncoperation:
      - https://management.azure.com:443/subscriptions/00000000-0000-0000-0000-000000000000/resourceGroups/cli_dns_zone10_import000001/providers/Microsoft.Network/dnsOperationStatuses/00000000-0000-0000-0000-000000000026;250765;zone10.com;Regular?api-version=2023-07-01-preview
      cache-control:
      - private
      content-length:
      - '0'
      date:
      - Mon, 26 Jun 2023 18:46:25 GMT
      location:
      - https://management.azure.com/subscriptions/00000000-0000-0000-0000-000000000000/resourceGroups/cli_dns_zone10_import000001/providers/Microsoft.Network/dnsOperationResults/00000000-0000-0000-0000-000000000026;250765;zone10.com;Regular?api-version=2023-07-01-preview
      strict-transport-security:
      - max-age=31536000; includeSubDomains
      x-cache:
      - CONFIG_NOCACHE
      x-content-type-options:
      - nosniff
      x-ms-ratelimit-remaining-subscription-resource-requests:
      - '11999'
      x-msedge-ref:
      - 'Ref A: 7058CB7F2ED0423EAAAE1D8108462556 Ref B: CO6AA3150218037 Ref C: 2023-06-26T18:46:24Z'
      x-powered-by:
      - ASP.NET
    status:
      code: 202
      message: Accepted
- request:
    body: null
    headers:
      Accept:
      - '*/*'
      Accept-Encoding:
      - gzip, deflate
      CommandName:
      - network dns zone delete
      Connection:
      - keep-alive
      ParameterSetName:
      - -g -n -y
      User-Agent:
      - AZURECLI/2.49.0 (AAZ) azsdk-python-core/1.26.0 Python/3.11.2 (Windows-10-10.0.22621-SP0)
    method: GET
    uri: https://management.azure.com/subscriptions/00000000-0000-0000-0000-000000000000/resourceGroups/cli_dns_zone10_import000001/providers/Microsoft.Network/dnsOperationStatuses/00000000-0000-0000-0000-000000000026;250765;zone10.com;Regular?api-version=2023-07-01-preview
  response:
    body:
      string: '{"status":"Succeeded"}'
    headers:
      cache-control:
      - private
      content-length:
      - '22'
      content-type:
      - application/json; charset=utf-8
      date:
      - Mon, 26 Jun 2023 18:46:25 GMT
      strict-transport-security:
      - max-age=31536000; includeSubDomains
      x-cache:
      - CONFIG_NOCACHE
      x-content-type-options:
      - nosniff
      x-ms-ratelimit-remaining-subscription-resource-requests:
      - '11999'
      x-msedge-ref:
      - 'Ref A: 51D746D3A5044D1F950E748645358BE4 Ref B: CO6AA3150218037 Ref C: 2023-06-26T18:46:26Z'
      x-powered-by:
      - ASP.NET
    status:
      code: 200
      message: OK
- request:
    body: '{"location": "global"}'
    headers:
      Accept:
      - application/json
      Accept-Encoding:
      - gzip, deflate
      CommandName:
      - network dns zone import
      Connection:
      - keep-alive
      Content-Length:
      - '22'
      Content-Type:
      - application/json
      ParameterSetName:
      - -n -g --file-name
      User-Agent:
      - AZURECLI/2.49.0 (AAZ) azsdk-python-core/1.26.0 Python/3.11.2 (Windows-10-10.0.22621-SP0)
    method: PUT
    uri: https://management.azure.com/subscriptions/00000000-0000-0000-0000-000000000000/resourceGroups/cli_dns_zone10_import000001/providers/Microsoft.Network/dnsZones/zone10.com?api-version=2023-07-01-preview
  response:
    body:
      string: '{"id":"\/subscriptions\/00000000-0000-0000-0000-000000000000\/resourceGroups\/cli_dns_zone10_import000001\/providers\/Microsoft.Network\/dnszones\/zone10.com","name":"zone10.com","type":"Microsoft.Network\/dnszones","etag":"f969cbde-5c8a-4037-b3a2-726eecd78ea2","location":"global","tags":{},"properties":{"maxNumberOfRecordSets":10000,"maxNumberOfRecordsPerRecordSet":null,"nameServers":["ns1-38.daily.azure-dns.com.","ns2-38.daily.azure-dns.net.","ns3-38.daily.azure-dns.org.","ns4-38.daily.azure-dns.info."],"numberOfRecordSets":2,"zoneType":"Public"}}'
    headers:
      cache-control:
      - private
      content-length:
      - '555'
      content-type:
      - application/json; charset=utf-8
      date:
      - Mon, 26 Jun 2023 18:46:27 GMT
      etag:
      - f969cbde-5c8a-4037-b3a2-726eecd78ea2
      strict-transport-security:
      - max-age=31536000; includeSubDomains
      x-cache:
      - CONFIG_NOCACHE
      x-content-type-options:
      - nosniff
      x-ms-ratelimit-remaining-subscription-resource-requests:
      - '11998'
      x-msedge-ref:
      - 'Ref A: 389ACC0035A84E38832CCE0A44268747 Ref B: CO6AA3150217025 Ref C: 2023-06-26T18:46:26Z'
      x-powered-by:
      - ASP.NET
    status:
      code: 201
      message: Created
- request:
    body: null
    headers:
      Accept:
      - application/json
      Accept-Encoding:
      - gzip, deflate
      CommandName:
      - network dns zone import
      Connection:
      - keep-alive
      ParameterSetName:
      - -n -g --file-name
      User-Agent:
      - AZURECLI/2.49.0 (AAZ) azsdk-python-core/1.26.0 Python/3.11.2 (Windows-10-10.0.22621-SP0)
    method: GET
    uri: https://management.azure.com/subscriptions/00000000-0000-0000-0000-000000000000/resourceGroups/cli_dns_zone10_import000001/providers/Microsoft.Network/dnsZones/zone10.com/SOA/@?api-version=2023-07-01-preview
  response:
    body:
      string: '{"id":"\/subscriptions\/00000000-0000-0000-0000-000000000000\/resourceGroups\/cli_dns_zone10_import000001\/providers\/Microsoft.Network\/dnszones\/zone10.com\/SOA\/@","name":"@","type":"Microsoft.Network\/dnszones\/SOA","etag":"d257bb40-3f10-414d-8e1a-d4c767aaaf88","properties":{"fqdn":"zone10.com.","TTL":3600,"SOARecord":{"email":"azuredns-hostmaster.microsoft.com","expireTime":2419200,"host":"ns1-38.daily.azure-dns.com.","minimumTTL":300,"refreshTime":3600,"retryTime":300,"serialNumber":1},"targetResource":{},"provisioningState":"Succeeded"}}'
    headers:
      cache-control:
      - private
      content-length:
      - '550'
      content-type:
      - application/json; charset=utf-8
      date:
      - Mon, 26 Jun 2023 18:46:27 GMT
      etag:
      - d257bb40-3f10-414d-8e1a-d4c767aaaf88
      strict-transport-security:
      - max-age=31536000; includeSubDomains
      x-cache:
      - CONFIG_NOCACHE
      x-content-type-options:
      - nosniff
      x-ms-ratelimit-remaining-subscription-resource-requests:
      - '11997'
      x-msedge-ref:
      - 'Ref A: FB64B51C1FE24D93AE8E42C4F04D351C Ref B: CO6AA3150217019 Ref C: 2023-06-26T18:46:27Z'
      x-powered-by:
      - ASP.NET
    status:
      code: 200
      message: OK
- request:
    body: '{"properties": {"SOARecord": {"email": "azuredns-hostmaster.zone10.com.",
      "expireTime": 2419200, "host": "ns1-38.daily.azure-dns.com.", "minimumTTL":
      300, "refreshTime": 3600, "retryTime": 300, "serialNumber": 1}, "TTL": 3600}}'
    headers:
      Accept:
      - application/json
      Accept-Encoding:
      - gzip, deflate
      CommandName:
      - network dns zone import
      Connection:
      - keep-alive
      Content-Length:
      - '227'
      Content-Type:
      - application/json
      ParameterSetName:
      - -n -g --file-name
      User-Agent:
      - AZURECLI/2.49.0 (AAZ) azsdk-python-core/1.26.0 Python/3.11.2 (Windows-10-10.0.22621-SP0)
    method: PUT
    uri: https://management.azure.com/subscriptions/00000000-0000-0000-0000-000000000000/resourceGroups/cli_dns_zone10_import000001/providers/Microsoft.Network/dnsZones/zone10.com/soa/@?api-version=2023-07-01-preview
  response:
    body:
      string: '{"id":"\/subscriptions\/00000000-0000-0000-0000-000000000000\/resourceGroups\/cli_dns_zone10_import000001\/providers\/Microsoft.Network\/dnszones\/zone10.com\/SOA\/@","name":"@","type":"Microsoft.Network\/dnszones\/SOA","etag":"2187551f-e202-48ec-b904-562a0dd82eec","properties":{"fqdn":"zone10.com.","TTL":3600,"SOARecord":{"email":"azuredns-hostmaster.zone10.com.","expireTime":2419200,"host":"ns1-38.daily.azure-dns.com.","minimumTTL":300,"refreshTime":3600,"retryTime":300,"serialNumber":1},"targetResource":{},"provisioningState":"Succeeded"}}'
    headers:
      cache-control:
      - private
      content-length:
      - '548'
      content-type:
      - application/json; charset=utf-8
      date:
      - Mon, 26 Jun 2023 18:46:27 GMT
      etag:
      - 2187551f-e202-48ec-b904-562a0dd82eec
      strict-transport-security:
      - max-age=31536000; includeSubDomains
      x-cache:
      - CONFIG_NOCACHE
      x-content-type-options:
      - nosniff
      x-ms-ratelimit-remaining-subscription-resource-requests:
      - '11998'
      x-msedge-ref:
      - 'Ref A: 14689D38CAC24704B409B06F81728514 Ref B: CO6AA3150217045 Ref C: 2023-06-26T18:46:28Z'
      x-powered-by:
      - ASP.NET
    status:
      code: 200
      message: OK
- request:
    body: null
    headers:
      Accept:
      - application/json
      Accept-Encoding:
      - gzip, deflate
      CommandName:
      - network dns zone import
      Connection:
      - keep-alive
      ParameterSetName:
      - -n -g --file-name
      User-Agent:
      - AZURECLI/2.49.0 (AAZ) azsdk-python-core/1.26.0 Python/3.11.2 (Windows-10-10.0.22621-SP0)
    method: GET
    uri: https://management.azure.com/subscriptions/00000000-0000-0000-0000-000000000000/resourceGroups/cli_dns_zone10_import000001/providers/Microsoft.Network/dnsZones/zone10.com/NS/@?api-version=2023-07-01-preview
  response:
    body:
      string: '{"id":"\/subscriptions\/00000000-0000-0000-0000-000000000000\/resourceGroups\/cli_dns_zone10_import000001\/providers\/Microsoft.Network\/dnszones\/zone10.com\/NS\/@","name":"@","type":"Microsoft.Network\/dnszones\/NS","etag":"f19dbb25-09a3-4a9e-a142-7a5037ccea88","properties":{"fqdn":"zone10.com.","TTL":172800,"NSRecords":[{"nsdname":"ns1-38.daily.azure-dns.com."},{"nsdname":"ns2-38.daily.azure-dns.net."},{"nsdname":"ns3-38.daily.azure-dns.org."},{"nsdname":"ns4-38.daily.azure-dns.info."}],"targetResource":{},"provisioningState":"Succeeded"}}'
    headers:
      cache-control:
      - private
      content-length:
      - '548'
      content-type:
      - application/json; charset=utf-8
      date:
      - Mon, 26 Jun 2023 18:46:28 GMT
      etag:
      - f19dbb25-09a3-4a9e-a142-7a5037ccea88
      strict-transport-security:
      - max-age=31536000; includeSubDomains
      x-cache:
      - CONFIG_NOCACHE
      x-content-type-options:
      - nosniff
      x-ms-ratelimit-remaining-subscription-resource-requests:
      - '11997'
      x-msedge-ref:
      - 'Ref A: EB1BFA8544864CA3929EA7E1D4F5D7A2 Ref B: CO6AA3150217047 Ref C: 2023-06-26T18:46:28Z'
      x-powered-by:
      - ASP.NET
    status:
      code: 200
      message: OK
- request:
    body: '{"properties": {"NSRecords": [{"nsdname": "ns1-38.daily.azure-dns.com."},
      {"nsdname": "ns2-38.daily.azure-dns.net."}, {"nsdname": "ns3-38.daily.azure-dns.org."},
      {"nsdname": "ns4-38.daily.azure-dns.info."}], "TTL": 172800, "targetResource":
      {}}}'
    headers:
      Accept:
      - application/json
      Accept-Encoding:
      - gzip, deflate
      CommandName:
      - network dns zone import
      Connection:
      - keep-alive
      Content-Length:
      - '245'
      Content-Type:
      - application/json
      ParameterSetName:
      - -n -g --file-name
      User-Agent:
      - AZURECLI/2.49.0 (AAZ) azsdk-python-core/1.26.0 Python/3.11.2 (Windows-10-10.0.22621-SP0)
    method: PUT
    uri: https://management.azure.com/subscriptions/00000000-0000-0000-0000-000000000000/resourceGroups/cli_dns_zone10_import000001/providers/Microsoft.Network/dnsZones/zone10.com/ns/@?api-version=2023-07-01-preview
  response:
    body:
      string: '{"id":"\/subscriptions\/00000000-0000-0000-0000-000000000000\/resourceGroups\/cli_dns_zone10_import000001\/providers\/Microsoft.Network\/dnszones\/zone10.com\/NS\/@","name":"@","type":"Microsoft.Network\/dnszones\/NS","etag":"e6e493b9-76da-4687-b3a3-394fe737b414","properties":{"fqdn":"zone10.com.","TTL":172800,"NSRecords":[{"nsdname":"ns1-38.daily.azure-dns.com."},{"nsdname":"ns2-38.daily.azure-dns.net."},{"nsdname":"ns3-38.daily.azure-dns.org."},{"nsdname":"ns4-38.daily.azure-dns.info."}],"targetResource":{},"provisioningState":"Succeeded"}}'
    headers:
      cache-control:
      - private
      content-length:
      - '548'
      content-type:
      - application/json; charset=utf-8
      date:
      - Mon, 26 Jun 2023 18:46:28 GMT
      etag:
      - e6e493b9-76da-4687-b3a3-394fe737b414
      strict-transport-security:
      - max-age=31536000; includeSubDomains
      x-cache:
      - CONFIG_NOCACHE
      x-content-type-options:
      - nosniff
      x-ms-ratelimit-remaining-subscription-resource-requests:
      - '11999'
      x-msedge-ref:
      - 'Ref A: CE6DB4177A17473797891FCD993C78A3 Ref B: CO6AA3150218039 Ref C: 2023-06-26T18:46:29Z'
      x-powered-by:
      - ASP.NET
    status:
      code: 200
      message: OK
- request:
    body: '{"properties": {"DSRecords": [{"algorithm": 8, "digest": {"algorithmType":
      2, "value": "123456789abcdef67890123456789abcdef67890"}, "keyTag": 56254}],
      "TTL": 600}}'
    headers:
      Accept:
      - application/json
      Accept-Encoding:
      - gzip, deflate
      CommandName:
      - network dns zone import
      Connection:
      - keep-alive
      Content-Length:
      - '163'
      Content-Type:
      - application/json
      ParameterSetName:
      - -n -g --file-name
      User-Agent:
      - AZURECLI/2.49.0 (AAZ) azsdk-python-core/1.26.0 Python/3.11.2 (Windows-10-10.0.22621-SP0)
    method: PUT
    uri: https://management.azure.com/subscriptions/00000000-0000-0000-0000-000000000000/resourceGroups/cli_dns_zone10_import000001/providers/Microsoft.Network/dnsZones/zone10.com/ds/test-ds?api-version=2023-07-01-preview
  response:
    body:
      string: '{"id":"\/subscriptions\/00000000-0000-0000-0000-000000000000\/resourceGroups\/cli_dns_zone10_import000001\/providers\/Microsoft.Network\/dnszones\/zone10.com\/DS\/test-ds","name":"test-ds","type":"Microsoft.Network\/dnszones\/DS","etag":"1ee66f8f-bb23-4b86-a997-e0ff976066d3","properties":{"fqdn":"test-ds.zone10.com.","TTL":600,"DSRecords":[{"algorithm":8,"digest":{"algorithmType":2,"value":"123456789abcdef67890123456789abcdef67890"},"keyTag":56254}],"targetResource":{},"provisioningState":"Succeeded"}}'
    headers:
      cache-control:
      - private
      content-length:
      - '507'
      content-type:
      - application/json; charset=utf-8
      date:
      - Mon, 26 Jun 2023 18:46:29 GMT
      etag:
      - 1ee66f8f-bb23-4b86-a997-e0ff976066d3
      strict-transport-security:
      - max-age=31536000; includeSubDomains
      x-cache:
      - CONFIG_NOCACHE
      x-content-type-options:
      - nosniff
      x-ms-ratelimit-remaining-subscription-resource-requests:
      - '11998'
      x-msedge-ref:
      - 'Ref A: 772DE8B194714F6D81BD4C431A6AAC44 Ref B: CO6AA3150218029 Ref C: 2023-06-26T18:46:29Z'
      x-powered-by:
      - ASP.NET
    status:
      code: 201
      message: Created
- request:
    body: '{"properties": {"TLSARecords": [{"certAssociationData": "0C72AC70B745AC19998811B131D662C9AC69DBDBE7CB23E5B514B56664C5D3D6",
      "matchingType": 1, "selector": 1, "usage": 3}], "TTL": 600}}'
    headers:
      Accept:
      - application/json
      Accept-Encoding:
      - gzip, deflate
      CommandName:
      - network dns zone import
      Connection:
      - keep-alive
      Content-Length:
      - '184'
      Content-Type:
      - application/json
      ParameterSetName:
      - -n -g --file-name
      User-Agent:
      - AZURECLI/2.49.0 (AAZ) azsdk-python-core/1.26.0 Python/3.11.2 (Windows-10-10.0.22621-SP0)
    method: PUT
    uri: https://management.azure.com/subscriptions/00000000-0000-0000-0000-000000000000/resourceGroups/cli_dns_zone10_import000001/providers/Microsoft.Network/dnsZones/zone10.com/tlsa/test-tlsa?api-version=2023-07-01-preview
  response:
    body:
      string: '{"id":"\/subscriptions\/00000000-0000-0000-0000-000000000000\/resourceGroups\/cli_dns_zone10_import000001\/providers\/Microsoft.Network\/dnszones\/zone10.com\/TLSA\/test-tlsa","name":"test-tlsa","type":"Microsoft.Network\/dnszones\/TLSA","etag":"c2db5df2-02a8-4542-b536-0af5532f709c","properties":{"fqdn":"test-tlsa.zone10.com.","TTL":600,"TLSARecords":[{"certAssociationData":"0C72AC70B745AC19998811B131D662C9AC69DBDBE7CB23E5B514B56664C5D3D6","matchingType":1,"selector":1,"usage":3}],"targetResource":{},"provisioningState":"Succeeded"}}'
    headers:
      cache-control:
      - private
      content-length:
      - '539'
      content-type:
      - application/json; charset=utf-8
      date:
      - Mon, 26 Jun 2023 18:46:29 GMT
      etag:
      - c2db5df2-02a8-4542-b536-0af5532f709c
      strict-transport-security:
      - max-age=31536000; includeSubDomains
      x-cache:
      - CONFIG_NOCACHE
      x-content-type-options:
      - nosniff
      x-ms-ratelimit-remaining-subscription-resource-requests:
      - '11999'
      x-msedge-ref:
      - 'Ref A: 6F6DA43675B74D2BAFC45FD6148B660E Ref B: CO6AA3150220021 Ref C: 2023-06-26T18:46:30Z'
      x-powered-by:
      - ASP.NET
    status:
      code: 201
      message: Created
- request:
    body: null
    headers:
      Accept:
      - application/json
      Accept-Encoding:
      - gzip, deflate
      CommandName:
      - network dns record-set list
      Connection:
      - keep-alive
      ParameterSetName:
      - -g -z
      User-Agent:
      - AZURECLI/2.49.0 (AAZ) azsdk-python-core/1.26.0 Python/3.11.2 (Windows-10-10.0.22621-SP0)
    method: GET
    uri: https://management.azure.com/subscriptions/00000000-0000-0000-0000-000000000000/resourceGroups/cli_dns_zone10_import000001/providers/Microsoft.Network/dnsZones/zone10.com/recordsets?api-version=2023-07-01-preview
  response:
    body:
      string: '{"value":[{"id":"\/subscriptions\/00000000-0000-0000-0000-000000000000\/resourceGroups\/cli_dns_zone10_import000001\/providers\/Microsoft.Network\/dnszones\/zone10.com\/NS\/@","name":"@","type":"Microsoft.Network\/dnszones\/NS","etag":"e6e493b9-76da-4687-b3a3-394fe737b414","properties":{"fqdn":"zone10.com.","TTL":172800,"NSRecords":[{"nsdname":"ns1-38.daily.azure-dns.com."},{"nsdname":"ns2-38.daily.azure-dns.net."},{"nsdname":"ns3-38.daily.azure-dns.org."},{"nsdname":"ns4-38.daily.azure-dns.info."}],"targetResource":{},"provisioningState":"Succeeded"}},{"id":"\/subscriptions\/00000000-0000-0000-0000-000000000000\/resourceGroups\/cli_dns_zone10_import000001\/providers\/Microsoft.Network\/dnszones\/zone10.com\/SOA\/@","name":"@","type":"Microsoft.Network\/dnszones\/SOA","etag":"2187551f-e202-48ec-b904-562a0dd82eec","properties":{"fqdn":"zone10.com.","TTL":3600,"SOARecord":{"email":"azuredns-hostmaster.zone10.com.","expireTime":2419200,"host":"ns1-38.daily.azure-dns.com.","minimumTTL":300,"refreshTime":3600,"retryTime":300,"serialNumber":1},"targetResource":{},"provisioningState":"Succeeded"}},{"id":"\/subscriptions\/00000000-0000-0000-0000-000000000000\/resourceGroups\/cli_dns_zone10_import000001\/providers\/Microsoft.Network\/dnszones\/zone10.com\/DS\/test-ds","name":"test-ds","type":"Microsoft.Network\/dnszones\/DS","etag":"1ee66f8f-bb23-4b86-a997-e0ff976066d3","properties":{"fqdn":"test-ds.zone10.com.","TTL":600,"DSRecords":[{"algorithm":8,"digest":{"algorithmType":2,"value":"123456789abcdef67890123456789abcdef67890"},"keyTag":56254}],"targetResource":{},"provisioningState":"Succeeded"}},{"id":"\/subscriptions\/00000000-0000-0000-0000-000000000000\/resourceGroups\/cli_dns_zone10_import000001\/providers\/Microsoft.Network\/dnszones\/zone10.com\/TLSA\/test-tlsa","name":"test-tlsa","type":"Microsoft.Network\/dnszones\/TLSA","etag":"c2db5df2-02a8-4542-b536-0af5532f709c","properties":{"fqdn":"test-tlsa.zone10.com.","TTL":600,"TLSARecords":[{"certAssociationData":"0C72AC70B745AC19998811B131D662C9AC69DBDBE7CB23E5B514B56664C5D3D6","matchingType":1,"selector":1,"usage":3}],"targetResource":{},"provisioningState":"Succeeded"}}]}'
    headers:
      cache-control:
      - private
      content-length:
      - '2157'
      content-type:
      - application/json; charset=utf-8
      date:
      - Mon, 26 Jun 2023 18:46:30 GMT
      strict-transport-security:
      - max-age=31536000; includeSubDomains
      x-cache:
      - CONFIG_NOCACHE
      x-content-type-options:
      - nosniff
      x-ms-ratelimit-remaining-subscription-resource-requests:
      - '11996'
      x-msedge-ref:
      - 'Ref A: 5962D54E26274A0594DB290C4C10C017 Ref B: CO6AA3150219047 Ref C: 2023-06-26T18:46:30Z'
      x-powered-by:
      - ASP.NET
    status:
      code: 200
      message: OK
version: 1
