interactions:
- request:
    body: null
    headers:
      Accept:
      - application/json
      Accept-Encoding:
      - gzip, deflate
      CommandName:
      - network application-gateway waf-policy create
      Connection:
      - keep-alive
      ParameterSetName:
      - -g -n
      User-Agent:
      - AZURECLI/2.49.0 azsdk-python-azure-mgmt-resource/23.0.1 Python/3.9.5 (Windows-10-10.0.22621-SP0)
    method: GET
    uri: https://management.azure.com/subscriptions/00000000-0000-0000-0000-000000000000/resourcegroups/cli_test_app_gateway_waf_policy_setting_v2_000001?api-version=2022-09-01
  response:
    body:
      string: '{"id":"/subscriptions/00000000-0000-0000-0000-000000000000/resourceGroups/cli_test_app_gateway_waf_policy_setting_v2_000001","name":"cli_test_app_gateway_waf_policy_setting_v2_000001","type":"Microsoft.Resources/resourceGroups","location":"westus","tags":{"product":"azurecli","cause":"automation","test":"test_network_app_gateway_waf_policy_setting_v2","date":"2023-06-08T05:57:40Z","module":"network"},"properties":{"provisioningState":"Succeeded"}}'
    headers:
      cache-control:
      - no-cache
      content-length:
      - '451'
      content-type:
      - application/json; charset=utf-8
      date:
      - Thu, 08 Jun 2023 05:57:47 GMT
      expires:
      - '-1'
      pragma:
      - no-cache
      strict-transport-security:
      - max-age=31536000; includeSubDomains
      vary:
      - Accept-Encoding
      x-content-type-options:
      - nosniff
    status:
      code: 200
      message: OK
- request:
    body: '{"location": "westus", "properties": {"managedRules": {"managedRuleSets":
      [{"ruleSetType": "OWASP", "ruleSetVersion": "3.0"}]}}}'
    headers:
      Accept:
      - application/json
      Accept-Encoding:
      - gzip, deflate
      CommandName:
      - network application-gateway waf-policy create
      Connection:
      - keep-alive
      Content-Length:
      - '128'
      Content-Type:
      - application/json
      ParameterSetName:
      - -g -n
      User-Agent:
      - AZURECLI/2.49.0 (AAZ) azsdk-python-core/1.26.0 Python/3.9.5 (Windows-10-10.0.22621-SP0)
    method: PUT
    uri: https://management.azure.com/subscriptions/00000000-0000-0000-0000-000000000000/resourceGroups/cli_test_app_gateway_waf_policy_setting_v2_000001/providers/Microsoft.Network/ApplicationGatewayWebApplicationFirewallPolicies/agp1?api-version=2022-11-01
  response:
    body:
      string: '{"name":"agp1","id":"/subscriptions/00000000-0000-0000-0000-000000000000/resourceGroups/cli_test_app_gateway_waf_policy_setting_v2_000001/providers/Microsoft.Network/ApplicationGatewayWebApplicationFirewallPolicies/agp1","etag":"W/\"c91c9cac-fab1-46ea-bc6f-8a2016a182b2\"","type":"Microsoft.Network/ApplicationGatewayWebApplicationFirewallPolicies","location":"westus","properties":{"provisioningState":"Updating","customRules":[],"policySettings":{"requestBodyCheck":true,"maxRequestBodySizeInKb":128,"fileUploadLimitInMb":100,"state":"Disabled","mode":"Detection","requestBodyInspectLimitInKB":128,"fileUploadEnforcement":true,"requestBodyEnforcement":true},"managedRules":{"managedRuleSets":[{"ruleSetType":"OWASP","ruleSetVersion":"3.0","ruleGroupOverrides":[]}],"exclusions":[]}}}'
    headers:
      azure-asyncnotification:
      - Enabled
      azure-asyncoperation:
      - https://management.azure.com/subscriptions/00000000-0000-0000-0000-000000000000/providers/Microsoft.Network/locations/westus/operations/8064dfb6-9301-4f97-a80f-5a1d9a26c477?api-version=2022-11-01
      cache-control:
      - no-cache
      content-length:
      - '785'
      content-type:
      - application/json; charset=utf-8
      date:
      - Thu, 08 Jun 2023 05:57:52 GMT
      expires:
      - '-1'
      pragma:
      - no-cache
      server:
      - Microsoft-HTTPAPI/2.0
      - Microsoft-HTTPAPI/2.0
      strict-transport-security:
      - max-age=31536000; includeSubDomains
      x-content-type-options:
      - nosniff
      x-ms-arm-service-request-id:
      - 72436d08-cb38-4356-8a49-0d613cd84232
      x-ms-ratelimit-remaining-subscription-writes:
      - '1199'
    status:
      code: 201
      message: ''
- request:
    body: null
    headers:
      Accept:
      - application/json
      Accept-Encoding:
      - gzip, deflate
      CommandName:
      - network application-gateway waf-policy managed-rule rule-set update
      Connection:
      - keep-alive
      ParameterSetName:
      - -g --policy-name --type --version --group-name --rule --rule
      User-Agent:
      - AZURECLI/2.49.0 (AAZ) azsdk-python-core/1.26.0 Python/3.9.5 (Windows-10-10.0.22621-SP0)
    method: GET
    uri: https://management.azure.com/subscriptions/00000000-0000-0000-0000-000000000000/resourceGroups/cli_test_app_gateway_waf_policy_setting_v2_000001/providers/Microsoft.Network/ApplicationGatewayWebApplicationFirewallPolicies/agp1?api-version=2022-11-01
  response:
    body:
      string: '{"name":"agp1","id":"/subscriptions/00000000-0000-0000-0000-000000000000/resourceGroups/cli_test_app_gateway_waf_policy_setting_v2_000001/providers/Microsoft.Network/ApplicationGatewayWebApplicationFirewallPolicies/agp1","etag":"W/\"e85751eb-9263-4d9c-8f6b-763db268955c\"","type":"Microsoft.Network/ApplicationGatewayWebApplicationFirewallPolicies","location":"westus","properties":{"provisioningState":"Succeeded","customRules":[],"policySettings":{"requestBodyCheck":true,"maxRequestBodySizeInKb":128,"fileUploadLimitInMb":100,"state":"Disabled","mode":"Detection","requestBodyInspectLimitInKB":128,"fileUploadEnforcement":true,"requestBodyEnforcement":true},"managedRules":{"managedRuleSets":[{"ruleSetType":"OWASP","ruleSetVersion":"3.0","ruleGroupOverrides":[]}],"exclusions":[]}}}'
    headers:
      cache-control:
      - no-cache
      content-length:
      - '786'
      content-type:
      - application/json; charset=utf-8
      date:
      - Thu, 08 Jun 2023 05:57:54 GMT
      etag:
      - W/"e85751eb-9263-4d9c-8f6b-763db268955c"
      expires:
      - '-1'
      pragma:
      - no-cache
      server:
      - Microsoft-HTTPAPI/2.0
      - Microsoft-HTTPAPI/2.0
      strict-transport-security:
      - max-age=31536000; includeSubDomains
      transfer-encoding:
      - chunked
      vary:
      - Accept-Encoding
      x-content-type-options:
      - nosniff
      x-ms-arm-service-request-id:
      - 588e0f79-bc16-4a3f-bd18-1bd73782a9f4
    status:
      code: 200
      message: OK
- request:
    body: '{"id": "/subscriptions/00000000-0000-0000-0000-000000000000/resourceGroups/cli_test_app_gateway_waf_policy_setting_v2_000001/providers/Microsoft.Network/ApplicationGatewayWebApplicationFirewallPolicies/agp1",
      "location": "westus", "properties": {"customRules": [], "managedRules": {"exclusions":
      [], "managedRuleSets": [{"ruleGroupOverrides": [{"ruleGroupName": "REQUEST-931-APPLICATION-ATTACK-RFI",
      "rules": [{"action": "Log", "ruleId": "931120", "state": "Enabled"}, {"action":
      "AnomalyScoring", "ruleId": "931130", "state": "Disabled"}]}], "ruleSetType":
      "OWASP", "ruleSetVersion": "3.2"}]}, "policySettings": {"fileUploadEnforcement":
      true, "fileUploadLimitInMb": 100, "maxRequestBodySizeInKb": 128, "mode": "Detection",
      "requestBodyCheck": true, "requestBodyEnforcement": true, "requestBodyInspectLimitInKB":
      128, "state": "Disabled"}}}'
    headers:
      Accept:
      - application/json
      Accept-Encoding:
      - gzip, deflate
      CommandName:
      - network application-gateway waf-policy managed-rule rule-set update
      Connection:
      - keep-alive
      Content-Length:
      - '841'
      Content-Type:
      - application/json
      ParameterSetName:
      - -g --policy-name --type --version --group-name --rule --rule
      User-Agent:
      - AZURECLI/2.49.0 (AAZ) azsdk-python-core/1.26.0 Python/3.9.5 (Windows-10-10.0.22621-SP0)
    method: PUT
    uri: https://management.azure.com/subscriptions/00000000-0000-0000-0000-000000000000/resourceGroups/cli_test_app_gateway_waf_policy_setting_v2_000001/providers/Microsoft.Network/ApplicationGatewayWebApplicationFirewallPolicies/agp1?api-version=2022-11-01
  response:
    body:
      string: '{"name":"agp1","id":"/subscriptions/00000000-0000-0000-0000-000000000000/resourceGroups/cli_test_app_gateway_waf_policy_setting_v2_000001/providers/Microsoft.Network/ApplicationGatewayWebApplicationFirewallPolicies/agp1","etag":"W/\"636d8f71-4203-4cc7-a619-e4a89dd710ad\"","type":"Microsoft.Network/ApplicationGatewayWebApplicationFirewallPolicies","location":"westus","properties":{"provisioningState":"Updating","customRules":[],"policySettings":{"requestBodyCheck":true,"maxRequestBodySizeInKb":128,"fileUploadLimitInMb":100,"state":"Disabled","mode":"Detection","requestBodyInspectLimitInKB":128,"fileUploadEnforcement":true,"requestBodyEnforcement":true},"managedRules":{"managedRuleSets":[{"ruleSetType":"OWASP","ruleSetVersion":"3.2","ruleGroupOverrides":[{"ruleGroupName":"REQUEST-931-APPLICATION-ATTACK-RFI","rules":[{"ruleId":"931120","state":"Enabled","action":"Log"},{"ruleId":"931130","state":"Disabled","action":"AnomalyScoring"}]}]}],"exclusions":[]}}}'
    headers:
      azure-asyncnotification:
      - Enabled
      azure-asyncoperation:
      - https://management.azure.com/subscriptions/00000000-0000-0000-0000-000000000000/providers/Microsoft.Network/locations/westus/operations/771296c6-f929-4f7d-8a7a-062a82043b38?api-version=2022-11-01
      cache-control:
      - no-cache
      content-length:
      - '967'
      content-type:
      - application/json; charset=utf-8
      date:
      - Thu, 08 Jun 2023 05:57:54 GMT
      expires:
      - '-1'
      pragma:
      - no-cache
      server:
      - Microsoft-HTTPAPI/2.0
      - Microsoft-HTTPAPI/2.0
      strict-transport-security:
      - max-age=31536000; includeSubDomains
      transfer-encoding:
      - chunked
      vary:
      - Accept-Encoding
      x-content-type-options:
      - nosniff
      x-ms-arm-service-request-id:
      - b8d92cdd-e1ff-45a4-9c69-b6226526f1fa
      x-ms-ratelimit-remaining-subscription-writes:
      - '1199'
    status:
      code: 200
      message: OK
- request:
    body: null
    headers:
      Accept:
      - application/json
      Accept-Encoding:
      - gzip, deflate
      CommandName:
      - network application-gateway waf-policy policy-setting update
      Connection:
      - keep-alive
      ParameterSetName:
      - -g --policy-name --request-body-inspect-limit-in-kb --file-upload-enforcement
        --request-body-enforcement --log-scrubbing-state --scrubbing-rules
      User-Agent:
      - AZURECLI/2.49.0 (AAZ) azsdk-python-core/1.26.0 Python/3.9.5 (Windows-10-10.0.22621-SP0)
    method: GET
    uri: https://management.azure.com/subscriptions/00000000-0000-0000-0000-000000000000/resourceGroups/cli_test_app_gateway_waf_policy_setting_v2_000001/providers/Microsoft.Network/ApplicationGatewayWebApplicationFirewallPolicies/agp1?api-version=2022-11-01
  response:
    body:
      string: '{"name":"agp1","id":"/subscriptions/00000000-0000-0000-0000-000000000000/resourceGroups/cli_test_app_gateway_waf_policy_setting_v2_000001/providers/Microsoft.Network/ApplicationGatewayWebApplicationFirewallPolicies/agp1","etag":"W/\"ed91dbf3-63ec-42fa-be7f-7aeff021e51c\"","type":"Microsoft.Network/ApplicationGatewayWebApplicationFirewallPolicies","location":"westus","properties":{"provisioningState":"Succeeded","customRules":[],"policySettings":{"requestBodyCheck":true,"maxRequestBodySizeInKb":128,"fileUploadLimitInMb":100,"state":"Disabled","mode":"Detection","requestBodyInspectLimitInKB":128,"fileUploadEnforcement":true,"requestBodyEnforcement":true},"managedRules":{"managedRuleSets":[{"ruleSetType":"OWASP","ruleSetVersion":"3.2","ruleGroupOverrides":[{"ruleGroupName":"REQUEST-931-APPLICATION-ATTACK-RFI","rules":[{"ruleId":"931120","state":"Enabled","action":"Log"},{"ruleId":"931130","state":"Disabled","action":"AnomalyScoring"}]}]}],"exclusions":[]}}}'
    headers:
      cache-control:
      - no-cache
      content-length:
      - '968'
      content-type:
      - application/json; charset=utf-8
      date:
      - Thu, 08 Jun 2023 05:57:56 GMT
      etag:
      - W/"ed91dbf3-63ec-42fa-be7f-7aeff021e51c"
      expires:
      - '-1'
      pragma:
      - no-cache
      server:
      - Microsoft-HTTPAPI/2.0
      - Microsoft-HTTPAPI/2.0
      strict-transport-security:
      - max-age=31536000; includeSubDomains
      transfer-encoding:
      - chunked
      vary:
      - Accept-Encoding
      x-content-type-options:
      - nosniff
      x-ms-arm-service-request-id:
      - 0fd95f3f-155e-4ec3-886c-e8fdff569143
    status:
      code: 200
      message: OK
- request:
    body: '{"id": "/subscriptions/00000000-0000-0000-0000-000000000000/resourceGroups/cli_test_app_gateway_waf_policy_setting_v2_000001/providers/Microsoft.Network/ApplicationGatewayWebApplicationFirewallPolicies/agp1",
      "location": "westus", "properties": {"customRules": [], "managedRules": {"exclusions":
      [], "managedRuleSets": [{"ruleGroupOverrides": [{"ruleGroupName": "REQUEST-931-APPLICATION-ATTACK-RFI",
      "rules": [{"action": "Log", "ruleId": "931120", "state": "Enabled"}, {"action":
      "AnomalyScoring", "ruleId": "931130", "state": "Disabled"}]}], "ruleSetType":
      "OWASP", "ruleSetVersion": "3.2"}]}, "policySettings": {"fileUploadEnforcement":
      true, "fileUploadLimitInMb": 100, "logScrubbing": {"scrubbingRules": [{"matchVariable":
      "RequestArgNames", "selector": "test", "selectorMatchOperator": "Equals", "state":
      "Enabled"}, {"matchVariable": "RequestIPAddress", "selectorMatchOperator": "EqualsAny",
      "state": "Enabled"}], "state": "Enabled"}, "maxRequestBodySizeInKb": 128, "mode":
      "Detection", "requestBodyCheck": false, "requestBodyEnforcement": false, "requestBodyInspectLimitInKB":
      64, "state": "Disabled"}}}'
    headers:
      Accept:
      - application/json
      Accept-Encoding:
      - gzip, deflate
      CommandName:
      - network application-gateway waf-policy policy-setting update
      Connection:
      - keep-alive
      Content-Length:
      - '1110'
      Content-Type:
      - application/json
      ParameterSetName:
      - -g --policy-name --request-body-inspect-limit-in-kb --file-upload-enforcement
        --request-body-enforcement --log-scrubbing-state --scrubbing-rules
      User-Agent:
      - AZURECLI/2.49.0 (AAZ) azsdk-python-core/1.26.0 Python/3.9.5 (Windows-10-10.0.22621-SP0)
    method: PUT
    uri: https://management.azure.com/subscriptions/00000000-0000-0000-0000-000000000000/resourceGroups/cli_test_app_gateway_waf_policy_setting_v2_000001/providers/Microsoft.Network/ApplicationGatewayWebApplicationFirewallPolicies/agp1?api-version=2022-11-01
  response:
    body:
      string: '{"name":"agp1","id":"/subscriptions/00000000-0000-0000-0000-000000000000/resourceGroups/cli_test_app_gateway_waf_policy_setting_v2_000001/providers/Microsoft.Network/ApplicationGatewayWebApplicationFirewallPolicies/agp1","etag":"W/\"5210868e-4f57-4bc3-8386-778d6dd2d179\"","type":"Microsoft.Network/ApplicationGatewayWebApplicationFirewallPolicies","location":"westus","properties":{"provisioningState":"Updating","customRules":[],"policySettings":{"requestBodyCheck":false,"maxRequestBodySizeInKb":128,"fileUploadLimitInMb":100,"state":"Disabled","mode":"Detection","logScrubbing":{"state":"Enabled","scrubbingRules":[{"matchVariable":"RequestArgNames","selectorMatchOperator":"Equals","selector":"test","state":"Enabled"},{"matchVariable":"RequestIPAddress","selectorMatchOperator":"EqualsAny","state":"Enabled"}]},"requestBodyInspectLimitInKB":64,"fileUploadEnforcement":true,"requestBodyEnforcement":false},"managedRules":{"managedRuleSets":[{"ruleSetType":"OWASP","ruleSetVersion":"3.2","ruleGroupOverrides":[{"ruleGroupName":"REQUEST-931-APPLICATION-ATTACK-RFI","rules":[{"ruleId":"931120","state":"Enabled","action":"Log"},{"ruleId":"931130","state":"Disabled","action":"AnomalyScoring"}]}]}],"exclusions":[]}}}'
    headers:
      azure-asyncnotification:
      - Enabled
      azure-asyncoperation:
      - https://management.azure.com/subscriptions/00000000-0000-0000-0000-000000000000/providers/Microsoft.Network/locations/westus/operations/fe1426cc-6511-47d1-8d84-bf4ad4663a02?api-version=2022-11-01
      cache-control:
      - no-cache
      content-length:
      - '1218'
      content-type:
      - application/json; charset=utf-8
      date:
      - Thu, 08 Jun 2023 05:57:56 GMT
      expires:
      - '-1'
      pragma:
      - no-cache
      server:
      - Microsoft-HTTPAPI/2.0
      - Microsoft-HTTPAPI/2.0
      strict-transport-security:
      - max-age=31536000; includeSubDomains
      transfer-encoding:
      - chunked
      vary:
      - Accept-Encoding
      x-content-type-options:
      - nosniff
      x-ms-arm-service-request-id:
      - d8a072e3-7ac9-4055-ac36-17a951ce5469
      x-ms-ratelimit-remaining-subscription-writes:
      - '1199'
    status:
      code: 200
      message: OK
version: 1
