interactions:
- request:
    body: null
    headers:
      Accept:
      - application/json
      Accept-Encoding:
      - gzip, deflate
      CommandName:
      - network nsg create
      Connection:
      - keep-alive
      ParameterSetName:
      - -g -n
      User-Agent:
      - AZURECLI/2.28.0 azsdk-python-azure-mgmt-resource/19.0.0 Python/3.7.9 (Windows-10-10.0.19041-SP0)
    method: GET
    uri: https://management.azure.com/subscriptions/00000000-0000-0000-0000-000000000000/resourcegroups/test_nw_flow_log_000001?api-version=2021-04-01
  response:
    body:
      string: '{"id":"/subscriptions/00000000-0000-0000-0000-000000000000/resourceGroups/test_nw_flow_log_000001","name":"test_nw_flow_log_000001","type":"Microsoft.Resources/resourceGroups","location":"eastus","tags":{"product":"azurecli","cause":"automation","date":"2021-09-09T05:09:34Z"},"properties":{"provisioningState":"Succeeded"}}'
    headers:
      cache-control:
      - no-cache
      content-length:
      - '428'
      content-type:
      - application/json; charset=utf-8
      date:
      - Thu, 09 Sep 2021 05:10:07 GMT
      expires:
      - '-1'
      pragma:
      - no-cache
      strict-transport-security:
      - max-age=31536000; includeSubDomains
      vary:
      - Accept-Encoding
      x-content-type-options:
      - nosniff
    status:
      code: 200
      message: OK
- request:
    body: '{"location": "eastus"}'
    headers:
      Accept:
      - application/json
      Accept-Encoding:
      - gzip, deflate
      CommandName:
      - network nsg create
      Connection:
      - keep-alive
      Content-Length:
      - '22'
      Content-Type:
      - application/json
      ParameterSetName:
      - -g -n
      User-Agent:
      - AZURECLI/2.28.0 azsdk-python-azure-mgmt-network/19.0.0 Python/3.7.9 (Windows-10-10.0.19041-SP0)
    method: PUT
    uri: https://management.azure.com/subscriptions/00000000-0000-0000-0000-000000000000/resourceGroups/test_nw_flow_log_000001/providers/Microsoft.Network/networkSecurityGroups/nsg1?api-version=2021-02-01
  response:
    body:
      string: "{\r\n  \"name\": \"nsg1\",\r\n  \"id\": \"/subscriptions/00000000-0000-0000-0000-000000000000/resourceGroups/test_nw_flow_log_000001/providers/Microsoft.Network/networkSecurityGroups/nsg1\",\r\n
        \ \"etag\": \"W/\\\"15f1271c-fe0e-473a-8a96-10d33ee9b9e0\\\"\",\r\n  \"type\":
        \"Microsoft.Network/networkSecurityGroups\",\r\n  \"location\": \"eastus\",\r\n
        \ \"properties\": {\r\n    \"provisioningState\": \"Updating\",\r\n    \"resourceGuid\":
        \"fa2ed145-7f49-4811-9b97-b9473dc1c65b\",\r\n    \"securityRules\": [],\r\n
        \   \"defaultSecurityRules\": [\r\n      {\r\n        \"name\": \"AllowVnetInBound\",\r\n
        \       \"id\": \"/subscriptions/00000000-0000-0000-0000-000000000000/resourceGroups/test_nw_flow_log_000001/providers/Microsoft.Network/networkSecurityGroups/nsg1/defaultSecurityRules/AllowVnetInBound\",\r\n
        \       \"etag\": \"W/\\\"15f1271c-fe0e-473a-8a96-10d33ee9b9e0\\\"\",\r\n
        \       \"type\": \"Microsoft.Network/networkSecurityGroups/defaultSecurityRules\",\r\n
        \       \"properties\": {\r\n          \"provisioningState\": \"Updating\",\r\n
        \         \"description\": \"Allow inbound traffic from all VMs in VNET\",\r\n
        \         \"protocol\": \"*\",\r\n          \"sourcePortRange\": \"*\",\r\n
        \         \"destinationPortRange\": \"*\",\r\n          \"sourceAddressPrefix\":
        \"VirtualNetwork\",\r\n          \"destinationAddressPrefix\": \"VirtualNetwork\",\r\n
        \         \"access\": \"Allow\",\r\n          \"priority\": 65000,\r\n          \"direction\":
        \"Inbound\",\r\n          \"sourcePortRanges\": [],\r\n          \"destinationPortRanges\":
        [],\r\n          \"sourceAddressPrefixes\": [],\r\n          \"destinationAddressPrefixes\":
        []\r\n        }\r\n      },\r\n      {\r\n        \"name\": \"AllowAzureLoadBalancerInBound\",\r\n
        \       \"id\": \"/subscriptions/00000000-0000-0000-0000-000000000000/resourceGroups/test_nw_flow_log_000001/providers/Microsoft.Network/networkSecurityGroups/nsg1/defaultSecurityRules/AllowAzureLoadBalancerInBound\",\r\n
        \       \"etag\": \"W/\\\"15f1271c-fe0e-473a-8a96-10d33ee9b9e0\\\"\",\r\n
        \       \"type\": \"Microsoft.Network/networkSecurityGroups/defaultSecurityRules\",\r\n
        \       \"properties\": {\r\n          \"provisioningState\": \"Updating\",\r\n
        \         \"description\": \"Allow inbound traffic from azure load balancer\",\r\n
        \         \"protocol\": \"*\",\r\n          \"sourcePortRange\": \"*\",\r\n
        \         \"destinationPortRange\": \"*\",\r\n          \"sourceAddressPrefix\":
        \"AzureLoadBalancer\",\r\n          \"destinationAddressPrefix\": \"*\",\r\n
        \         \"access\": \"Allow\",\r\n          \"priority\": 65001,\r\n          \"direction\":
        \"Inbound\",\r\n          \"sourcePortRanges\": [],\r\n          \"destinationPortRanges\":
        [],\r\n          \"sourceAddressPrefixes\": [],\r\n          \"destinationAddressPrefixes\":
        []\r\n        }\r\n      },\r\n      {\r\n        \"name\": \"DenyAllInBound\",\r\n
        \       \"id\": \"/subscriptions/00000000-0000-0000-0000-000000000000/resourceGroups/test_nw_flow_log_000001/providers/Microsoft.Network/networkSecurityGroups/nsg1/defaultSecurityRules/DenyAllInBound\",\r\n
        \       \"etag\": \"W/\\\"15f1271c-fe0e-473a-8a96-10d33ee9b9e0\\\"\",\r\n
        \       \"type\": \"Microsoft.Network/networkSecurityGroups/defaultSecurityRules\",\r\n
        \       \"properties\": {\r\n          \"provisioningState\": \"Updating\",\r\n
        \         \"description\": \"Deny all inbound traffic\",\r\n          \"protocol\":
        \"*\",\r\n          \"sourcePortRange\": \"*\",\r\n          \"destinationPortRange\":
        \"*\",\r\n          \"sourceAddressPrefix\": \"*\",\r\n          \"destinationAddressPrefix\":
        \"*\",\r\n          \"access\": \"Deny\",\r\n          \"priority\": 65500,\r\n
        \         \"direction\": \"Inbound\",\r\n          \"sourcePortRanges\": [],\r\n
        \         \"destinationPortRanges\": [],\r\n          \"sourceAddressPrefixes\":
        [],\r\n          \"destinationAddressPrefixes\": []\r\n        }\r\n      },\r\n
        \     {\r\n        \"name\": \"AllowVnetOutBound\",\r\n        \"id\": \"/subscriptions/00000000-0000-0000-0000-000000000000/resourceGroups/test_nw_flow_log_000001/providers/Microsoft.Network/networkSecurityGroups/nsg1/defaultSecurityRules/AllowVnetOutBound\",\r\n
        \       \"etag\": \"W/\\\"15f1271c-fe0e-473a-8a96-10d33ee9b9e0\\\"\",\r\n
        \       \"type\": \"Microsoft.Network/networkSecurityGroups/defaultSecurityRules\",\r\n
        \       \"properties\": {\r\n          \"provisioningState\": \"Updating\",\r\n
        \         \"description\": \"Allow outbound traffic from all VMs to all VMs
        in VNET\",\r\n          \"protocol\": \"*\",\r\n          \"sourcePortRange\":
        \"*\",\r\n          \"destinationPortRange\": \"*\",\r\n          \"sourceAddressPrefix\":
        \"VirtualNetwork\",\r\n          \"destinationAddressPrefix\": \"VirtualNetwork\",\r\n
        \         \"access\": \"Allow\",\r\n          \"priority\": 65000,\r\n          \"direction\":
        \"Outbound\",\r\n          \"sourcePortRanges\": [],\r\n          \"destinationPortRanges\":
        [],\r\n          \"sourceAddressPrefixes\": [],\r\n          \"destinationAddressPrefixes\":
        []\r\n        }\r\n      },\r\n      {\r\n        \"name\": \"AllowInternetOutBound\",\r\n
        \       \"id\": \"/subscriptions/00000000-0000-0000-0000-000000000000/resourceGroups/test_nw_flow_log_000001/providers/Microsoft.Network/networkSecurityGroups/nsg1/defaultSecurityRules/AllowInternetOutBound\",\r\n
        \       \"etag\": \"W/\\\"15f1271c-fe0e-473a-8a96-10d33ee9b9e0\\\"\",\r\n
        \       \"type\": \"Microsoft.Network/networkSecurityGroups/defaultSecurityRules\",\r\n
        \       \"properties\": {\r\n          \"provisioningState\": \"Updating\",\r\n
        \         \"description\": \"Allow outbound traffic from all VMs to Internet\",\r\n
        \         \"protocol\": \"*\",\r\n          \"sourcePortRange\": \"*\",\r\n
        \         \"destinationPortRange\": \"*\",\r\n          \"sourceAddressPrefix\":
        \"*\",\r\n          \"destinationAddressPrefix\": \"Internet\",\r\n          \"access\":
        \"Allow\",\r\n          \"priority\": 65001,\r\n          \"direction\": \"Outbound\",\r\n
        \         \"sourcePortRanges\": [],\r\n          \"destinationPortRanges\":
        [],\r\n          \"sourceAddressPrefixes\": [],\r\n          \"destinationAddressPrefixes\":
        []\r\n        }\r\n      },\r\n      {\r\n        \"name\": \"DenyAllOutBound\",\r\n
        \       \"id\": \"/subscriptions/00000000-0000-0000-0000-000000000000/resourceGroups/test_nw_flow_log_000001/providers/Microsoft.Network/networkSecurityGroups/nsg1/defaultSecurityRules/DenyAllOutBound\",\r\n
        \       \"etag\": \"W/\\\"15f1271c-fe0e-473a-8a96-10d33ee9b9e0\\\"\",\r\n
        \       \"type\": \"Microsoft.Network/networkSecurityGroups/defaultSecurityRules\",\r\n
        \       \"properties\": {\r\n          \"provisioningState\": \"Updating\",\r\n
        \         \"description\": \"Deny all outbound traffic\",\r\n          \"protocol\":
        \"*\",\r\n          \"sourcePortRange\": \"*\",\r\n          \"destinationPortRange\":
        \"*\",\r\n          \"sourceAddressPrefix\": \"*\",\r\n          \"destinationAddressPrefix\":
        \"*\",\r\n          \"access\": \"Deny\",\r\n          \"priority\": 65500,\r\n
        \         \"direction\": \"Outbound\",\r\n          \"sourcePortRanges\":
        [],\r\n          \"destinationPortRanges\": [],\r\n          \"sourceAddressPrefixes\":
        [],\r\n          \"destinationAddressPrefixes\": []\r\n        }\r\n      }\r\n
        \   ]\r\n  }\r\n}"
    headers:
      azure-asyncnotification:
      - Enabled
      azure-asyncoperation:
      - https://management.azure.com/subscriptions/00000000-0000-0000-0000-000000000000/providers/Microsoft.Network/locations/eastus/operations/8c3558d2-a4ec-4e16-9ecb-01eaec1b4283?api-version=2021-02-01
      cache-control:
      - no-cache
      content-length:
      - '6925'
      content-type:
      - application/json; charset=utf-8
      date:
      - Thu, 09 Sep 2021 05:10:15 GMT
      expires:
      - '-1'
      pragma:
      - no-cache
      server:
      - Microsoft-HTTPAPI/2.0
      - Microsoft-HTTPAPI/2.0
      strict-transport-security:
      - max-age=31536000; includeSubDomains
      x-content-type-options:
      - nosniff
      x-ms-arm-service-request-id:
      - b28794be-5bd2-4d4c-8619-0961330c49de
      x-ms-ratelimit-remaining-subscription-writes:
      - '1188'
    status:
      code: 201
      message: Created
- request:
    body: null
    headers:
      Accept:
      - '*/*'
      Accept-Encoding:
      - gzip, deflate
      CommandName:
      - network nsg create
      Connection:
      - keep-alive
      ParameterSetName:
      - -g -n
      User-Agent:
      - AZURECLI/2.28.0 azsdk-python-azure-mgmt-network/19.0.0 Python/3.7.9 (Windows-10-10.0.19041-SP0)
    method: GET
    uri: https://management.azure.com/subscriptions/00000000-0000-0000-0000-000000000000/providers/Microsoft.Network/locations/eastus/operations/8c3558d2-a4ec-4e16-9ecb-01eaec1b4283?api-version=2021-02-01
  response:
    body:
      string: "{\r\n  \"status\": \"Succeeded\"\r\n}"
    headers:
      cache-control:
      - no-cache
      content-length:
      - '29'
      content-type:
      - application/json; charset=utf-8
      date:
      - Thu, 09 Sep 2021 05:10:18 GMT
      expires:
      - '-1'
      pragma:
      - no-cache
      server:
      - Microsoft-HTTPAPI/2.0
      - Microsoft-HTTPAPI/2.0
      strict-transport-security:
      - max-age=31536000; includeSubDomains
      transfer-encoding:
      - chunked
      vary:
      - Accept-Encoding
      x-content-type-options:
      - nosniff
      x-ms-arm-service-request-id:
      - 06581cf0-e1a7-4972-aace-ae593bbe3f58
    status:
      code: 200
      message: OK
- request:
    body: null
    headers:
      Accept:
      - '*/*'
      Accept-Encoding:
      - gzip, deflate
      CommandName:
      - network nsg create
      Connection:
      - keep-alive
      ParameterSetName:
      - -g -n
      User-Agent:
      - AZURECLI/2.28.0 azsdk-python-azure-mgmt-network/19.0.0 Python/3.7.9 (Windows-10-10.0.19041-SP0)
    method: GET
    uri: https://management.azure.com/subscriptions/00000000-0000-0000-0000-000000000000/resourceGroups/test_nw_flow_log_000001/providers/Microsoft.Network/networkSecurityGroups/nsg1?api-version=2021-02-01
  response:
    body:
      string: "{\r\n  \"name\": \"nsg1\",\r\n  \"id\": \"/subscriptions/00000000-0000-0000-0000-000000000000/resourceGroups/test_nw_flow_log_000001/providers/Microsoft.Network/networkSecurityGroups/nsg1\",\r\n
        \ \"etag\": \"W/\\\"2107ead5-9ce7-44d1-a2db-f0cc5a7816b9\\\"\",\r\n  \"type\":
        \"Microsoft.Network/networkSecurityGroups\",\r\n  \"location\": \"eastus\",\r\n
        \ \"properties\": {\r\n    \"provisioningState\": \"Succeeded\",\r\n    \"resourceGuid\":
        \"fa2ed145-7f49-4811-9b97-b9473dc1c65b\",\r\n    \"securityRules\": [],\r\n
        \   \"defaultSecurityRules\": [\r\n      {\r\n        \"name\": \"AllowVnetInBound\",\r\n
        \       \"id\": \"/subscriptions/00000000-0000-0000-0000-000000000000/resourceGroups/test_nw_flow_log_000001/providers/Microsoft.Network/networkSecurityGroups/nsg1/defaultSecurityRules/AllowVnetInBound\",\r\n
        \       \"etag\": \"W/\\\"2107ead5-9ce7-44d1-a2db-f0cc5a7816b9\\\"\",\r\n
        \       \"type\": \"Microsoft.Network/networkSecurityGroups/defaultSecurityRules\",\r\n
        \       \"properties\": {\r\n          \"provisioningState\": \"Succeeded\",\r\n
        \         \"description\": \"Allow inbound traffic from all VMs in VNET\",\r\n
        \         \"protocol\": \"*\",\r\n          \"sourcePortRange\": \"*\",\r\n
        \         \"destinationPortRange\": \"*\",\r\n          \"sourceAddressPrefix\":
        \"VirtualNetwork\",\r\n          \"destinationAddressPrefix\": \"VirtualNetwork\",\r\n
        \         \"access\": \"Allow\",\r\n          \"priority\": 65000,\r\n          \"direction\":
        \"Inbound\",\r\n          \"sourcePortRanges\": [],\r\n          \"destinationPortRanges\":
        [],\r\n          \"sourceAddressPrefixes\": [],\r\n          \"destinationAddressPrefixes\":
        []\r\n        }\r\n      },\r\n      {\r\n        \"name\": \"AllowAzureLoadBalancerInBound\",\r\n
        \       \"id\": \"/subscriptions/00000000-0000-0000-0000-000000000000/resourceGroups/test_nw_flow_log_000001/providers/Microsoft.Network/networkSecurityGroups/nsg1/defaultSecurityRules/AllowAzureLoadBalancerInBound\",\r\n
        \       \"etag\": \"W/\\\"2107ead5-9ce7-44d1-a2db-f0cc5a7816b9\\\"\",\r\n
        \       \"type\": \"Microsoft.Network/networkSecurityGroups/defaultSecurityRules\",\r\n
        \       \"properties\": {\r\n          \"provisioningState\": \"Succeeded\",\r\n
        \         \"description\": \"Allow inbound traffic from azure load balancer\",\r\n
        \         \"protocol\": \"*\",\r\n          \"sourcePortRange\": \"*\",\r\n
        \         \"destinationPortRange\": \"*\",\r\n          \"sourceAddressPrefix\":
        \"AzureLoadBalancer\",\r\n          \"destinationAddressPrefix\": \"*\",\r\n
        \         \"access\": \"Allow\",\r\n          \"priority\": 65001,\r\n          \"direction\":
        \"Inbound\",\r\n          \"sourcePortRanges\": [],\r\n          \"destinationPortRanges\":
        [],\r\n          \"sourceAddressPrefixes\": [],\r\n          \"destinationAddressPrefixes\":
        []\r\n        }\r\n      },\r\n      {\r\n        \"name\": \"DenyAllInBound\",\r\n
        \       \"id\": \"/subscriptions/00000000-0000-0000-0000-000000000000/resourceGroups/test_nw_flow_log_000001/providers/Microsoft.Network/networkSecurityGroups/nsg1/defaultSecurityRules/DenyAllInBound\",\r\n
        \       \"etag\": \"W/\\\"2107ead5-9ce7-44d1-a2db-f0cc5a7816b9\\\"\",\r\n
        \       \"type\": \"Microsoft.Network/networkSecurityGroups/defaultSecurityRules\",\r\n
        \       \"properties\": {\r\n          \"provisioningState\": \"Succeeded\",\r\n
        \         \"description\": \"Deny all inbound traffic\",\r\n          \"protocol\":
        \"*\",\r\n          \"sourcePortRange\": \"*\",\r\n          \"destinationPortRange\":
        \"*\",\r\n          \"sourceAddressPrefix\": \"*\",\r\n          \"destinationAddressPrefix\":
        \"*\",\r\n          \"access\": \"Deny\",\r\n          \"priority\": 65500,\r\n
        \         \"direction\": \"Inbound\",\r\n          \"sourcePortRanges\": [],\r\n
        \         \"destinationPortRanges\": [],\r\n          \"sourceAddressPrefixes\":
        [],\r\n          \"destinationAddressPrefixes\": []\r\n        }\r\n      },\r\n
        \     {\r\n        \"name\": \"AllowVnetOutBound\",\r\n        \"id\": \"/subscriptions/00000000-0000-0000-0000-000000000000/resourceGroups/test_nw_flow_log_000001/providers/Microsoft.Network/networkSecurityGroups/nsg1/defaultSecurityRules/AllowVnetOutBound\",\r\n
        \       \"etag\": \"W/\\\"2107ead5-9ce7-44d1-a2db-f0cc5a7816b9\\\"\",\r\n
        \       \"type\": \"Microsoft.Network/networkSecurityGroups/defaultSecurityRules\",\r\n
        \       \"properties\": {\r\n          \"provisioningState\": \"Succeeded\",\r\n
        \         \"description\": \"Allow outbound traffic from all VMs to all VMs
        in VNET\",\r\n          \"protocol\": \"*\",\r\n          \"sourcePortRange\":
        \"*\",\r\n          \"destinationPortRange\": \"*\",\r\n          \"sourceAddressPrefix\":
        \"VirtualNetwork\",\r\n          \"destinationAddressPrefix\": \"VirtualNetwork\",\r\n
        \         \"access\": \"Allow\",\r\n          \"priority\": 65000,\r\n          \"direction\":
        \"Outbound\",\r\n          \"sourcePortRanges\": [],\r\n          \"destinationPortRanges\":
        [],\r\n          \"sourceAddressPrefixes\": [],\r\n          \"destinationAddressPrefixes\":
        []\r\n        }\r\n      },\r\n      {\r\n        \"name\": \"AllowInternetOutBound\",\r\n
        \       \"id\": \"/subscriptions/00000000-0000-0000-0000-000000000000/resourceGroups/test_nw_flow_log_000001/providers/Microsoft.Network/networkSecurityGroups/nsg1/defaultSecurityRules/AllowInternetOutBound\",\r\n
        \       \"etag\": \"W/\\\"2107ead5-9ce7-44d1-a2db-f0cc5a7816b9\\\"\",\r\n
        \       \"type\": \"Microsoft.Network/networkSecurityGroups/defaultSecurityRules\",\r\n
        \       \"properties\": {\r\n          \"provisioningState\": \"Succeeded\",\r\n
        \         \"description\": \"Allow outbound traffic from all VMs to Internet\",\r\n
        \         \"protocol\": \"*\",\r\n          \"sourcePortRange\": \"*\",\r\n
        \         \"destinationPortRange\": \"*\",\r\n          \"sourceAddressPrefix\":
        \"*\",\r\n          \"destinationAddressPrefix\": \"Internet\",\r\n          \"access\":
        \"Allow\",\r\n          \"priority\": 65001,\r\n          \"direction\": \"Outbound\",\r\n
        \         \"sourcePortRanges\": [],\r\n          \"destinationPortRanges\":
        [],\r\n          \"sourceAddressPrefixes\": [],\r\n          \"destinationAddressPrefixes\":
        []\r\n        }\r\n      },\r\n      {\r\n        \"name\": \"DenyAllOutBound\",\r\n
        \       \"id\": \"/subscriptions/00000000-0000-0000-0000-000000000000/resourceGroups/test_nw_flow_log_000001/providers/Microsoft.Network/networkSecurityGroups/nsg1/defaultSecurityRules/DenyAllOutBound\",\r\n
        \       \"etag\": \"W/\\\"2107ead5-9ce7-44d1-a2db-f0cc5a7816b9\\\"\",\r\n
        \       \"type\": \"Microsoft.Network/networkSecurityGroups/defaultSecurityRules\",\r\n
        \       \"properties\": {\r\n          \"provisioningState\": \"Succeeded\",\r\n
        \         \"description\": \"Deny all outbound traffic\",\r\n          \"protocol\":
        \"*\",\r\n          \"sourcePortRange\": \"*\",\r\n          \"destinationPortRange\":
        \"*\",\r\n          \"sourceAddressPrefix\": \"*\",\r\n          \"destinationAddressPrefix\":
        \"*\",\r\n          \"access\": \"Deny\",\r\n          \"priority\": 65500,\r\n
        \         \"direction\": \"Outbound\",\r\n          \"sourcePortRanges\":
        [],\r\n          \"destinationPortRanges\": [],\r\n          \"sourceAddressPrefixes\":
        [],\r\n          \"destinationAddressPrefixes\": []\r\n        }\r\n      }\r\n
        \   ]\r\n  }\r\n}"
    headers:
      cache-control:
      - no-cache
      content-length:
      - '6932'
      content-type:
      - application/json; charset=utf-8
      date:
      - Thu, 09 Sep 2021 05:10:19 GMT
      etag:
      - W/"2107ead5-9ce7-44d1-a2db-f0cc5a7816b9"
      expires:
      - '-1'
      pragma:
      - no-cache
      server:
      - Microsoft-HTTPAPI/2.0
      - Microsoft-HTTPAPI/2.0
      strict-transport-security:
      - max-age=31536000; includeSubDomains
      transfer-encoding:
      - chunked
      vary:
      - Accept-Encoding
      x-content-type-options:
      - nosniff
      x-ms-arm-service-request-id:
      - 94ec7fcb-e0e9-4756-9552-8c2ef83fa74f
    status:
      code: 200
      message: OK
- request:
    body: null
    headers:
      Accept:
      - application/json
      Accept-Encoding:
      - gzip, deflate
      CommandName:
      - storage account create
      Connection:
      - keep-alive
      ParameterSetName:
      - --resource-group --name --https-only
      User-Agent:
      - AZURECLI/2.28.0 azsdk-python-azure-mgmt-resource/19.0.0 Python/3.7.9 (Windows-10-10.0.19041-SP0)
    method: GET
    uri: https://management.azure.com/subscriptions/00000000-0000-0000-0000-000000000000/resourcegroups/test_nw_flow_log_000001?api-version=2021-04-01
  response:
    body:
      string: '{"id":"/subscriptions/00000000-0000-0000-0000-000000000000/resourceGroups/test_nw_flow_log_000001","name":"test_nw_flow_log_000001","type":"Microsoft.Resources/resourceGroups","location":"eastus","tags":{"product":"azurecli","cause":"automation","date":"2021-09-09T05:09:34Z"},"properties":{"provisioningState":"Succeeded"}}'
    headers:
      cache-control:
      - no-cache
      content-length:
      - '428'
      content-type:
      - application/json; charset=utf-8
      date:
      - Thu, 09 Sep 2021 05:10:20 GMT
      expires:
      - '-1'
      pragma:
      - no-cache
      strict-transport-security:
      - max-age=31536000; includeSubDomains
      vary:
      - Accept-Encoding
      x-content-type-options:
      - nosniff
    status:
      code: 200
      message: OK
- request:
    body: '{"sku": {"name": "Standard_RAGRS"}, "kind": "StorageV2", "location": "eastus",
      "properties": {"encryption": {"services": {"blob": {}}, "keySource": "Microsoft.Storage"},
      "supportsHttpsTrafficOnly": true}}'
    headers:
      Accept:
      - application/json
      Accept-Encoding:
      - gzip, deflate
      CommandName:
      - storage account create
      Connection:
      - keep-alive
      Content-Length:
      - '204'
      Content-Type:
      - application/json
      ParameterSetName:
      - --resource-group --name --https-only
      User-Agent:
      - AZURECLI/2.28.0 azsdk-python-azure-mgmt-storage/18.0.0 Python/3.7.9 (Windows-10-10.0.19041-SP0)
    method: PUT
    uri: https://management.azure.com/subscriptions/00000000-0000-0000-0000-000000000000/resourceGroups/test_nw_flow_log_000001/providers/Microsoft.Storage/storageAccounts/storageaccount0395?api-version=2021-06-01
  response:
    body:
      string: ''
    headers:
      cache-control:
      - no-cache
      content-length:
      - '0'
      content-type:
      - text/plain; charset=utf-8
      date:
      - Thu, 09 Sep 2021 05:10:26 GMT
      expires:
      - '-1'
      location:
      - https://management.azure.com/subscriptions/00000000-0000-0000-0000-000000000000/providers/Microsoft.Storage/locations/eastus/asyncoperations/7cdcd4cf-2d13-496d-8e12-fb5df3623a9d?monitor=true&api-version=2021-06-01
      pragma:
      - no-cache
      server:
      - Microsoft-Azure-Storage-Resource-Provider/1.0,Microsoft-HTTPAPI/2.0 Microsoft-HTTPAPI/2.0
      strict-transport-security:
      - max-age=31536000; includeSubDomains
      x-content-type-options:
      - nosniff
      x-ms-ratelimit-remaining-subscription-writes:
      - '1188'
    status:
      code: 202
      message: Accepted
- request:
    body: null
    headers:
      Accept:
      - '*/*'
      Accept-Encoding:
      - gzip, deflate
      CommandName:
      - storage account create
      Connection:
      - keep-alive
      ParameterSetName:
      - --resource-group --name --https-only
      User-Agent:
      - AZURECLI/2.28.0 azsdk-python-azure-mgmt-storage/18.0.0 Python/3.7.9 (Windows-10-10.0.19041-SP0)
    method: GET
    uri: https://management.azure.com/subscriptions/00000000-0000-0000-0000-000000000000/providers/Microsoft.Storage/locations/eastus/asyncoperations/7cdcd4cf-2d13-496d-8e12-fb5df3623a9d?monitor=true&api-version=2021-06-01
  response:
    body:
      string: '{"sku":{"name":"Standard_RAGRS","tier":"Standard"},"kind":"StorageV2","id":"/subscriptions/00000000-0000-0000-0000-000000000000/resourceGroups/test_nw_flow_log_000001/providers/Microsoft.Storage/storageAccounts/storageaccount0395","name":"storageaccount0395","type":"Microsoft.Storage/storageAccounts","location":"eastus","tags":{},"properties":{"keyCreationTime":{"key1":"2021-09-09T05:10:25.3001946Z","key2":"2021-09-09T05:10:25.3001946Z"},"privateEndpointConnections":[],"minimumTlsVersion":"TLS1_0","allowBlobPublicAccess":true,"networkAcls":{"bypass":"AzureServices","virtualNetworkRules":[],"ipRules":[],"defaultAction":"Allow"},"supportsHttpsTrafficOnly":true,"encryption":{"services":{"file":{"keyType":"Account","enabled":true,"lastEnabledTime":"2021-09-09T05:10:25.3158215Z"},"blob":{"keyType":"Account","enabled":true,"lastEnabledTime":"2021-09-09T05:10:25.3158215Z"}},"keySource":"Microsoft.Storage"},"accessTier":"Hot","provisioningState":"Succeeded","creationTime":"2021-09-09T05:10:25.1752269Z","primaryEndpoints":{"dfs":"https://storageaccount0395.dfs.core.windows.net/","web":"https://storageaccount0395.z13.web.core.windows.net/","blob":"https://storageaccount0395.blob.core.windows.net/","queue":"https://storageaccount0395.queue.core.windows.net/","table":"https://storageaccount0395.table.core.windows.net/","file":"https://storageaccount0395.file.core.windows.net/"},"primaryLocation":"eastus","statusOfPrimary":"available","secondaryLocation":"westus","statusOfSecondary":"available","secondaryEndpoints":{"dfs":"https://storageaccount0395-secondary.dfs.core.windows.net/","web":"https://storageaccount0395-secondary.z13.web.core.windows.net/","blob":"https://storageaccount0395-secondary.blob.core.windows.net/","queue":"https://storageaccount0395-secondary.queue.core.windows.net/","table":"https://storageaccount0395-secondary.table.core.windows.net/"}}}'
    headers:
      cache-control:
      - no-cache
      content-length:
      - '1932'
      content-type:
      - application/json
      date:
      - Thu, 09 Sep 2021 05:10:43 GMT
      expires:
      - '-1'
      pragma:
      - no-cache
      server:
      - Microsoft-Azure-Storage-Resource-Provider/1.0,Microsoft-HTTPAPI/2.0 Microsoft-HTTPAPI/2.0
      strict-transport-security:
      - max-age=31536000; includeSubDomains
      transfer-encoding:
      - chunked
      vary:
      - Accept-Encoding
      x-content-type-options:
      - nosniff
    status:
      code: 200
      message: OK
- request:
    body: '{"location": "eastus", "properties": {"sku": {"name": "PerGB2018"}, "retentionInDays":
      30, "workspaceCapping": {}}}'
    headers:
      Accept:
      - application/json
      Accept-Encoding:
      - gzip, deflate
      CommandName:
      - monitor log-analytics workspace create
      Connection:
      - keep-alive
      Content-Length:
      - '115'
      Content-Type:
      - application/json
      ParameterSetName:
      - --resource-group --location --workspace-name
      User-Agent:
      - AZURECLI/2.28.0 azsdk-python-mgmt-loganalytics/11.0.0 Python/3.7.9 (Windows-10-10.0.19041-SP0)
    method: PUT
    uri: https://management.azure.com/subscriptions/00000000-0000-0000-0000-000000000000/resourcegroups/test_nw_flow_log_000001/providers/Microsoft.OperationalInsights/workspaces/clitest000003?api-version=2020-10-01
  response:
    body:
      string: "{\r\n  \"properties\": {\r\n    \"source\": \"Azure\",\r\n    \"customerId\":
        \"b98dac55-d014-4649-abb4-02ca500f9977\",\r\n    \"provisioningState\": \"Creating\",\r\n
        \   \"sku\": {\r\n      \"name\": \"pergb2018\",\r\n      \"lastSkuUpdate\":
        \"Thu, 09 Sep 2021 05:10:55 GMT\"\r\n    },\r\n    \"retentionInDays\": 30,\r\n
        \   \"features\": {\r\n      \"legacy\": 0,\r\n      \"searchVersion\": 1,\r\n
        \     \"enableLogAccessUsingOnlyResourcePermissions\": true\r\n    },\r\n
        \   \"workspaceCapping\": {\r\n      \"dailyQuotaGb\": -1.0,\r\n      \"quotaNextResetTime\":
        \"Fri, 10 Sep 2021 05:00:00 GMT\",\r\n      \"dataIngestionStatus\": \"RespectQuota\"\r\n
        \   },\r\n    \"publicNetworkAccessForIngestion\": \"Enabled\",\r\n    \"publicNetworkAccessForQuery\":
        \"Enabled\",\r\n    \"createdDate\": \"Thu, 09 Sep 2021 05:10:55 GMT\",\r\n
        \   \"modifiedDate\": \"Thu, 09 Sep 2021 05:10:55 GMT\"\r\n  },\r\n  \"id\":
        \"/subscriptions/00000000-0000-0000-0000-000000000000/resourcegroups/test_nw_flow_log_000001/providers/microsoft.operationalinsights/workspaces/clitest000003\",\r\n
        \ \"name\": \"clitest000003\",\r\n  \"type\": \"Microsoft.OperationalInsights/workspaces\",\r\n
        \ \"location\": \"eastus\"\r\n}"
    headers:
      cache-control:
      - no-cache
      content-length:
      - '1133'
      content-type:
      - application/json
      date:
      - Thu, 09 Sep 2021 05:10:57 GMT
      pragma:
      - no-cache
      server:
      - Microsoft-IIS/10.0
      - Microsoft-IIS/10.0
      strict-transport-security:
      - max-age=31536000; includeSubDomains
      x-content-type-options:
      - nosniff
      x-ms-ratelimit-remaining-subscription-writes:
      - '1184'
      x-powered-by:
      - ASP.NET
      - ASP.NET
    status:
      code: 201
      message: Created
- request:
    body: null
    headers:
      Accept:
      - '*/*'
      Accept-Encoding:
      - gzip, deflate
      CommandName:
      - monitor log-analytics workspace create
      Connection:
      - keep-alive
      ParameterSetName:
      - --resource-group --location --workspace-name
      User-Agent:
      - AZURECLI/2.28.0 azsdk-python-mgmt-loganalytics/11.0.0 Python/3.7.9 (Windows-10-10.0.19041-SP0)
    method: GET
    uri: https://management.azure.com/subscriptions/00000000-0000-0000-0000-000000000000/resourcegroups/test_nw_flow_log_000001/providers/Microsoft.OperationalInsights/workspaces/clitest000003?api-version=2020-10-01
  response:
    body:
      string: "{\r\n  \"properties\": {\r\n    \"source\": \"Azure\",\r\n    \"customerId\":
        \"b98dac55-d014-4649-abb4-02ca500f9977\",\r\n    \"provisioningState\": \"Succeeded\",\r\n
        \   \"sku\": {\r\n      \"name\": \"pergb2018\",\r\n      \"lastSkuUpdate\":
        \"Thu, 09 Sep 2021 05:10:55 GMT\"\r\n    },\r\n    \"retentionInDays\": 30,\r\n
        \   \"features\": {\r\n      \"legacy\": 0,\r\n      \"searchVersion\": 1,\r\n
        \     \"enableLogAccessUsingOnlyResourcePermissions\": true\r\n    },\r\n
        \   \"workspaceCapping\": {\r\n      \"dailyQuotaGb\": -1.0,\r\n      \"quotaNextResetTime\":
        \"Fri, 10 Sep 2021 05:00:00 GMT\",\r\n      \"dataIngestionStatus\": \"RespectQuota\"\r\n
        \   },\r\n    \"publicNetworkAccessForIngestion\": \"Enabled\",\r\n    \"publicNetworkAccessForQuery\":
        \"Enabled\",\r\n    \"createdDate\": \"Thu, 09 Sep 2021 05:10:55 GMT\",\r\n
        \   \"modifiedDate\": \"Thu, 09 Sep 2021 05:10:56 GMT\"\r\n  },\r\n  \"id\":
        \"/subscriptions/00000000-0000-0000-0000-000000000000/resourcegroups/test_nw_flow_log_000001/providers/microsoft.operationalinsights/workspaces/clitest000003\",\r\n
        \ \"name\": \"clitest000003\",\r\n  \"type\": \"Microsoft.OperationalInsights/workspaces\",\r\n
        \ \"location\": \"eastus\"\r\n}"
    headers:
      cache-control:
      - no-cache
      content-length:
      - '1134'
      content-type:
      - application/json
      date:
      - Thu, 09 Sep 2021 05:11:27 GMT
      pragma:
      - no-cache
      server:
      - Microsoft-IIS/10.0
      - Microsoft-IIS/10.0
      strict-transport-security:
      - max-age=31536000; includeSubDomains
      transfer-encoding:
      - chunked
      vary:
      - Accept-Encoding
      x-content-type-options:
      - nosniff
      x-powered-by:
      - ASP.NET
      - ASP.NET
    status:
      code: 200
      message: OK
- request:
    body: null
    headers:
      Accept:
      - application/json
      Accept-Encoding:
      - gzip, deflate
      CommandName:
      - network watcher flow-log create
      Connection:
      - keep-alive
      ParameterSetName:
      - --location --resource-group --nsg --storage-account --workspace --name
      User-Agent:
      - AZURECLI/2.28.0 azsdk-python-azure-mgmt-network/19.0.0 Python/3.7.9 (Windows-10-10.0.19041-SP0)
    method: GET
    uri: https://management.azure.com/subscriptions/00000000-0000-0000-0000-000000000000/providers/Microsoft.Network/networkWatchers?api-version=2021-02-01
  response:
    body:
      string: '{"value":[{"name":"NetworkWatcher_westus","id":"/subscriptions/00000000-0000-0000-0000-000000000000/resourceGroups/NetworkWatcherRG/providers/Microsoft.Network/networkWatchers/NetworkWatcher_westus","etag":"W/\"68c634f3-399c-41c2-8cb8-b29aed324b60\"","type":"Microsoft.Network/networkWatchers","location":"westus","properties":{"provisioningState":"Succeeded","runningOperationIds":[]}},{"name":"NetworkWatcher_eastus","id":"/subscriptions/00000000-0000-0000-0000-000000000000/resourceGroups/NetworkWatcherRG/providers/Microsoft.Network/networkWatchers/NetworkWatcher_eastus","etag":"W/\"c9660a5d-9f1f-4840-8490-48cedaa1208d\"","type":"Microsoft.Network/networkWatchers","location":"eastus","properties":{"provisioningState":"Succeeded","runningOperationIds":[]}},{"name":"NetworkWatcher_eastasia","id":"/subscriptions/00000000-0000-0000-0000-000000000000/resourceGroups/NetworkWatcherRG/providers/Microsoft.Network/networkWatchers/NetworkWatcher_eastasia","etag":"W/\"f5c12ed4-5225-43f1-b087-45a9c3b473d8\"","type":"Microsoft.Network/networkWatchers","location":"eastasia","properties":{"provisioningState":"Succeeded","runningOperationIds":[]}},{"name":"NetworkWatcher_japanwest","id":"/subscriptions/00000000-0000-0000-0000-000000000000/resourceGroups/NetworkWatcherRG/providers/Microsoft.Network/networkWatchers/NetworkWatcher_japanwest","etag":"W/\"f16ce0dc-be56-4454-a707-17785c8aa120\"","type":"Microsoft.Network/networkWatchers","location":"japanwest","properties":{"provisioningState":"Succeeded","runningOperationIds":[]}},{"name":"NetworkWatcher_westcentralus","id":"/subscriptions/00000000-0000-0000-0000-000000000000/resourceGroups/NetworkWatcherRG/providers/Microsoft.Network/networkWatchers/NetworkWatcher_westcentralus","etag":"W/\"0169ca49-098a-4691-a078-75c2fb1ada73\"","type":"Microsoft.Network/networkWatchers","location":"westcentralus","properties":{"provisioningState":"Succeeded","runningOperationIds":[]}},{"name":"NetworkWatcher_centraluseuap","id":"/subscriptions/00000000-0000-0000-0000-000000000000/resourceGroups/NetworkWatcherRG/providers/Microsoft.Network/networkWatchers/NetworkWatcher_centraluseuap","etag":"W/\"789a3ee8-c026-4953-989c-8ee909ee9b93\"","type":"Microsoft.Network/networkWatchers","location":"centraluseuap","properties":{"provisioningState":"Succeeded","runningOperationIds":[]}}]}'
    headers:
      cache-control:
      - no-cache
      content-length:
      - '2330'
      content-type:
      - application/json; charset=utf-8
      date:
      - Thu, 09 Sep 2021 05:11:30 GMT
      expires:
      - '-1'
      pragma:
      - no-cache
      strict-transport-security:
      - max-age=31536000; includeSubDomains
      vary:
      - Accept-Encoding
      x-content-type-options:
      - nosniff
      x-ms-original-request-ids:
      - 10676343-a267-4343-bb71-6b62e7da9fa7
      - 2fc1fede-6458-4859-b64a-9a74831041e3
      - b1471e95-20ad-401e-8e0e-07d8c8ff752f
      - d9ae37bb-f434-4def-aa08-442066dd8a00
      - 58914abe-1c67-4868-9017-a0cc342c86a9
      - 8248a23a-58c3-4605-a9b7-2f1a0a91f5ce
    status:
      code: 200
      message: OK
- request:
    body: null
    headers:
      Accept:
      - application/json
      Accept-Encoding:
      - gzip, deflate
      CommandName:
      - network watcher flow-log create
      Connection:
      - keep-alive
      ParameterSetName:
      - --location --resource-group --nsg --storage-account --workspace --name
      User-Agent:
      - AZURECLI/2.28.0 azsdk-python-azure-mgmt-resource/19.0.0 Python/3.7.9 (Windows-10-10.0.19041-SP0)
    method: GET
    uri: https://management.azure.com/subscriptions/00000000-0000-0000-0000-000000000000/providers/microsoft.operationalinsights?api-version=2021-04-01
  response:
    body:
      string: '{"id":"/subscriptions/00000000-0000-0000-0000-000000000000/providers/Microsoft.OperationalInsights","namespace":"Microsoft.OperationalInsights","authorizations":[{"applicationId":"d2a0a418-0aac-4541-82b2-b3142c89da77","roleDefinitionId":"86695298-2eb9-48a7-9ec3-2fdb38b6878b"},{"applicationId":"ca7f3f0b-7d91-482c-8e09-c5d840d0eac5","roleDefinitionId":"5d5a2e56-9835-44aa-93db-d2f19e155438"}],"resourceTypes":[{"resourceType":"workspaces","locations":["East
        US","West Europe","Southeast Asia","Australia Southeast","West Central US","Japan
        East","UK South","Central India","Canada Central","West US 2","Australia Central","Australia
        East","France Central","Korea Central","North Europe","Central US","East Asia","East
        US 2","South Central US","North Central US","West US","UK West","South Africa
        North","Brazil South","Switzerland North","Switzerland West","Germany West
        Central","Australia Central 2","UAE Central","UAE North","Japan West","Brazil
        Southeast","Norway East","Norway West","France South","South India"],"apiVersions":["2021-06-01","2021-03-01-privatepreview","2020-10-01","2020-08-01","2020-03-01-preview","2017-04-26-preview","2017-03-15-preview","2017-03-03-preview","2017-01-01-preview","2015-11-01-preview","2015-03-20"],"capabilities":"CrossResourceGroupResourceMove,
        CrossSubscriptionResourceMove, SupportsTags, SupportsLocation"},{"resourceType":"querypacks","locations":["West
        Central US","East US","South Central US","North Europe","West Europe","Southeast
        Asia","West US 2","UK South","Canada Central","Central India","Japan East","Australia
        East","Korea Central","France Central","Central US","East US 2","East Asia","West
        US","South Africa North","North Central US","Brazil South","Switzerland North","Norway
        East","Australia Southeast","Australia Central 2","Germany West Central","Switzerland
        West","UAE Central","UK West","Brazil Southeast","Japan West","UAE North","Australia
        Central","France South","South India"],"apiVersions":["2019-09-01-preview"],"capabilities":"SupportsTags,
        SupportsLocation"},{"resourceType":"locations","locations":[],"apiVersions":["2020-10-01","2020-08-01","2020-03-01-preview","2019-08-01-preview","2017-04-26-preview","2017-03-15-preview","2017-03-03-preview","2017-01-01-preview","2015-11-01-preview","2015-03-20"],"defaultApiVersion":"2020-08-01","capabilities":"None"},{"resourceType":"locations/operationStatuses","locations":["East
        US","West Europe","Southeast Asia","Australia Southeast","West Central US","Japan
        East","UK South","Central India","Canada Central","West US 2","Australia Central","Australia
        East","France Central","Korea Central","North Europe","Central US","East Asia","East
        US 2","South Central US","North Central US","West US","UK West","South Africa
        North","Brazil South","Switzerland North","Switzerland West","Germany West
        Central","Australia Central 2","UAE Central","UAE North","Japan West","Brazil
        Southeast","Norway East","Norway West","France South","South India"],"apiVersions":["2020-10-01","2020-08-01","2020-03-01-preview","2019-08-01-preview","2017-04-26-preview","2017-03-15-preview","2017-03-03-preview","2017-01-01-preview","2015-11-01-preview","2015-03-20"],"defaultApiVersion":"2020-08-01","capabilities":"None"},{"resourceType":"workspaces/scopedPrivateLinkProxies","locations":["East
        US","West Europe","Southeast Asia","Australia Southeast","West Central US","Japan
        East","UK South","Central India","Canada Central","West US 2","Australia Central","Australia
        East","France Central","Korea Central","North Europe","Central US","East Asia","East
        US 2","South Central US","North Central US","West US","UK West","South Africa
        North","Brazil South","Switzerland North","Switzerland West","Germany West
        Central","Australia Central 2","UAE Central","UAE North","Japan West","Brazil
        Southeast","Norway East","Norway West","France South","South India"],"apiVersions":["2020-03-01-preview","2019-08-01-preview","2015-11-01-preview"],"defaultApiVersion":"2020-03-01-preview","capabilities":"None"},{"resourceType":"workspaces/query","locations":[],"apiVersions":["2017-10-01"],"capabilities":"None"},{"resourceType":"workspaces/metadata","locations":[],"apiVersions":["2017-10-01"],"capabilities":"None"},{"resourceType":"workspaces/dataSources","locations":["East
        US","West Europe","Southeast Asia","Australia Southeast","West Central US","Japan
        East","UK South","Central India","Canada Central","West US 2","Australia Central","Australia
        East","France Central","Korea Central","North Europe","Central US","East Asia","East
        US 2","South Central US","North Central US","West US","UK West","South Africa
        North","Brazil South","Switzerland North","Switzerland West","Germany West
        Central","Australia Central 2","UAE Central","UAE North","Japan West","Brazil
        Southeast","Norway East","Norway West","France South","South India"],"apiVersions":["2020-08-01","2020-03-01-preview","2015-11-01-preview"],"defaultApiVersion":"2020-08-01","capabilities":"None"},{"resourceType":"workspaces/linkedStorageAccounts","locations":["East
        US","West Europe","Southeast Asia","Australia Southeast","West Central US","Japan
        East","UK South","Central India","Canada Central","West US 2","Australia Central","Australia
        East","France Central","Korea Central","North Europe","Central US","East Asia","East
        US 2","South Central US","North Central US","West US","UK West","South Africa
        North","Brazil South","Switzerland North","Switzerland West","Germany West
        Central","Australia Central 2","UAE Central","UAE North","Japan West","Brazil
        Southeast","Norway East","Norway West","France South","South India"],"apiVersions":["2020-08-01","2020-03-01-preview","2019-08-01-preview"],"defaultApiVersion":"2020-08-01","capabilities":"None"},{"resourceType":"workspaces/tables","locations":["East
        US","West Europe","Southeast Asia","Australia Southeast","West Central US","Japan
        East","UK South","Central India","Canada Central","West US 2","Australia East","Australia
        Central","France Central","Korea Central","North Europe","Central US","East
        Asia","East US 2","South Central US","North Central US","West US","UK West","South
        Africa North","Brazil South","Switzerland North","Switzerland West","Germany
        West Central","Australia Central 2","UAE Central","UAE North","Japan West","Brazil
        Southeast","Norway East","Norway West","France South","South India"],"apiVersions":["2020-08-01","2020-03-01-preview","2017-04-26-preview"],"capabilities":"None"},{"resourceType":"workspaces/storageInsightConfigs","locations":["East
        US","West Europe","Southeast Asia","Australia Southeast","West Central US","Japan
        East","UK South","Central India","Canada Central","West US 2","Australia East","Australia
        Central","France Central","Korea Central","North Europe","Central US","East
        Asia","East US 2","South Central US","North Central US","West US","UK West","South
        Africa North","Brazil South","Switzerland North","Switzerland West","Germany
        West Central","Australia Central 2","UAE Central","UAE North","Japan West","Brazil
        Southeast","Norway East","Norway West","France South","South India"],"apiVersions":["2020-08-01","2020-03-01-preview","2017-04-26-preview","2017-03-15-preview","2017-03-03-preview","2017-01-01-preview","2015-11-01-preview","2015-03-20"],"capabilities":"None"},{"resourceType":"storageInsightConfigs","locations":[],"apiVersions":["2020-08-01","2020-03-01-preview","2014-10-10"],"capabilities":"SupportsExtension"},{"resourceType":"workspaces/linkedServices","locations":["East
        US","West Europe","Southeast Asia","Australia Southeast","West Central US","Japan
        East","UK South","Central India","Canada Central","West US 2","Australia Central","Australia
        East","France Central","Korea Central","North Europe","Central US","East Asia","East
        US 2","South Central US","North Central US","West US","UK West","South Africa
        North","Brazil South","Switzerland North","Switzerland West","Germany West
        Central","Australia Central 2","UAE Central","UAE North","Japan West","Brazil
        Southeast","Norway East","Norway West","France South","South India"],"apiVersions":["2020-08-01","2020-03-01-preview","2019-08-01-preview","2015-11-01-preview"],"defaultApiVersion":"2020-08-01","capabilities":"None"},{"resourceType":"linkTargets","locations":["East
        US"],"apiVersions":["2020-03-01-preview","2015-03-20"],"capabilities":"None"},{"resourceType":"deletedWorkspaces","locations":["East
        US","West Europe","Southeast Asia","Australia Southeast","West Central US","Japan
        East","UK South","Central India","Canada Central","West US 2","Australia Central","Australia
        East","France Central","Korea Central","North Europe","Central US","East Asia","East
        US 2","South Central US","North Central US","West US","UK West","South Africa
        North","Brazil South","Switzerland North","Switzerland West","Germany West
        Central","Australia Central 2","UAE Central","UAE North","Japan West","Brazil
        Southeast","Norway East","Norway West","France South","South India"],"apiVersions":["2020-10-01","2020-08-01","2020-03-01-preview"],"defaultApiVersion":"2020-08-01","capabilities":"None"},{"resourceType":"operations","locations":[],"apiVersions":["2020-10-01","2020-08-01","2020-03-01-preview","2015-11-01-preview","2014-11-10"],"defaultApiVersion":"2020-08-01","capabilities":"None"},{"resourceType":"clusters","locations":["East
        US","West Europe","Southeast Asia","Australia Southeast","West Central US","Japan
        East","UK South","Central India","Canada Central","West US 2","Australia Central","Australia
        East","France Central","Korea Central","North Europe","Central US","East Asia","East
        US 2","South Central US","North Central US","West US","UK West","South Africa
        North","Switzerland North","Switzerland West","Germany West Central","Australia
        Central 2","UAE Central","Brazil South","UAE North","Japan West","Brazil Southeast","Norway
        East","Norway West","France South","South India"],"apiVersions":["2021-06-01","2020-10-01","2020-08-01","2020-03-01-preview","2019-08-01-preview"],"defaultApiVersion":"2021-06-01","capabilities":"CrossResourceGroupResourceMove,
        CrossSubscriptionResourceMove, SystemAssignedResourceIdentity, SupportsTags,
        SupportsLocation"},{"resourceType":"workspaces/dataExports","locations":["East
        US","West Europe","Southeast Asia","Australia Southeast","West Central US","Japan
        East","UK South","Central India","Canada Central","West US 2","Australia Central","Australia
        East","France Central","Korea Central","North Europe","Central US","East Asia","East
        US 2","South Central US","North Central US","West US","UK West","South Africa
        North","Brazil South"],"apiVersions":["2020-08-01","2020-03-01-preview","2019-08-01-preview"],"defaultApiVersion":"2020-08-01","capabilities":"None"}],"registrationState":"Registered","registrationPolicy":"RegistrationRequired"}'
    headers:
      cache-control:
      - no-cache
      content-length:
      - '10722'
      content-type:
      - application/json; charset=utf-8
      date:
      - Thu, 09 Sep 2021 05:11:30 GMT
      expires:
      - '-1'
      pragma:
      - no-cache
      strict-transport-security:
      - max-age=31536000; includeSubDomains
      vary:
      - Accept-Encoding
      x-content-type-options:
      - nosniff
    status:
      code: 200
      message: OK
- request:
    body: null
    headers:
      Accept:
      - application/json
      Accept-Encoding:
      - gzip, deflate
      CommandName:
      - network watcher flow-log create
      Connection:
      - keep-alive
      ParameterSetName:
      - --location --resource-group --nsg --storage-account --workspace --name
      User-Agent:
      - AZURECLI/2.28.0 azsdk-python-azure-mgmt-resource/19.0.0 Python/3.7.9 (Windows-10-10.0.19041-SP0)
    method: GET
    uri: https://management.azure.com/subscriptions/00000000-0000-0000-0000-000000000000/resourcegroups/test_nw_flow_log_000001/providers/microsoft.operationalinsights/workspaces/clitest000003?api-version=2021-06-01
  response:
    body:
      string: "{\r\n  \"properties\": {\r\n    \"source\": \"Azure\",\r\n    \"customerId\":
        \"b98dac55-d014-4649-abb4-02ca500f9977\",\r\n    \"provisioningState\": \"Succeeded\",\r\n
        \   \"sku\": {\r\n      \"name\": \"pergb2018\",\r\n      \"lastSkuUpdate\":
        \"Thu, 09 Sep 2021 05:10:55 GMT\"\r\n    },\r\n    \"retentionInDays\": 30,\r\n
        \   \"features\": {\r\n      \"legacy\": 0,\r\n      \"searchVersion\": 1,\r\n
        \     \"enableLogAccessUsingOnlyResourcePermissions\": true\r\n    },\r\n
        \   \"workspaceCapping\": {\r\n      \"dailyQuotaGb\": -1.0,\r\n      \"quotaNextResetTime\":
        \"Fri, 10 Sep 2021 05:00:00 GMT\",\r\n      \"dataIngestionStatus\": \"RespectQuota\"\r\n
        \   },\r\n    \"publicNetworkAccessForIngestion\": \"Enabled\",\r\n    \"publicNetworkAccessForQuery\":
        \"Enabled\",\r\n    \"createdDate\": \"Thu, 09 Sep 2021 05:10:55 GMT\",\r\n
        \   \"modifiedDate\": \"Thu, 09 Sep 2021 05:10:56 GMT\"\r\n  },\r\n  \"id\":
        \"/subscriptions/00000000-0000-0000-0000-000000000000/resourcegroups/test_nw_flow_log_000001/providers/microsoft.operationalinsights/workspaces/clitest000003\",\r\n
        \ \"name\": \"clitest000003\",\r\n  \"type\": \"Microsoft.OperationalInsights/workspaces\",\r\n
        \ \"location\": \"eastus\"\r\n}"
    headers:
      cache-control:
      - no-cache
      content-length:
      - '1134'
      content-type:
      - application/json
      date:
      - Thu, 09 Sep 2021 05:11:32 GMT
      pragma:
      - no-cache
      server:
      - Microsoft-IIS/10.0
      - Microsoft-IIS/10.0
      strict-transport-security:
      - max-age=31536000; includeSubDomains
      transfer-encoding:
      - chunked
      vary:
      - Accept-Encoding
      x-content-type-options:
      - nosniff
      x-powered-by:
      - ASP.NET
      - ASP.NET
    status:
      code: 200
      message: OK
- request:
    body: '{"location": "eastus", "properties": {"targetResourceId": "/subscriptions/00000000-0000-0000-0000-000000000000/resourceGroups/test_nw_flow_log_000001/providers/Microsoft.Network/networkSecurityGroups/nsg1",
      "storageId": "/subscriptions/00000000-0000-0000-0000-000000000000/resourceGroups/test_nw_flow_log_000001/providers/Microsoft.Storage/storageAccounts/testflowlog000002",
      "enabled": true, "flowAnalyticsConfiguration": {"networkWatcherFlowAnalyticsConfiguration":
      {"workspaceId": "b98dac55-d014-4649-abb4-02ca500f9977", "workspaceRegion": "eastus",
      "workspaceResourceId": "/subscriptions/00000000-0000-0000-0000-000000000000/resourcegroups/test_nw_flow_log_000001/providers/microsoft.operationalinsights/workspaces/clitest000003",
      "trafficAnalyticsInterval": 60}}}}'
    headers:
      Accept:
      - application/json
      Accept-Encoding:
      - gzip, deflate
      CommandName:
      - network watcher flow-log create
      Connection:
      - keep-alive
      Content-Length:
      - '939'
      Content-Type:
      - application/json
      ParameterSetName:
      - --location --resource-group --nsg --storage-account --workspace --name
      User-Agent:
      - AZURECLI/2.28.0 azsdk-python-azure-mgmt-network/19.0.0 Python/3.7.9 (Windows-10-10.0.19041-SP0)
    method: PUT
    uri: https://management.azure.com/subscriptions/00000000-0000-0000-0000-000000000000/resourceGroups/NetworkWatcherRG/providers/Microsoft.Network/networkWatchers/NetworkWatcher_eastus/flowLogs/flow_log_test2?api-version=2021-02-01
  response:
    body:
      string: "{\r\n  \"name\": \"flow_log_test2\",\r\n  \"id\": \"/subscriptions/00000000-0000-0000-0000-000000000000/resourceGroups/NetworkWatcherRG/providers/Microsoft.Network/networkWatchers/NetworkWatcher_eastus/flowLogs/flow_log_test2\",\r\n
        \ \"etag\": \"W/\\\"e0f980ef-1d6f-48aa-8eae-28f93c88cd61\\\"\",\r\n  \"properties\":
        {\r\n    \"provisioningState\": \"Updating\",\r\n    \"targetResourceId\":
        \"/subscriptions/00000000-0000-0000-0000-000000000000/resourceGroups/test_nw_flow_log_000001/providers/Microsoft.Network/networkSecurityGroups/nsg1\",\r\n
        \   \"targetResourceGuid\": \"fa2ed145-7f49-4811-9b97-b9473dc1c65b\",\r\n
        \   \"storageId\": \"/subscriptions/00000000-0000-0000-0000-000000000000/resourceGroups/test_nw_flow_log_000001/providers/Microsoft.Storage/storageAccounts/testflowlog000002\",\r\n
        \   \"enabled\": true,\r\n    \"flowAnalyticsConfiguration\": {\r\n      \"networkWatcherFlowAnalyticsConfiguration\":
        {\r\n        \"enabled\": false,\r\n        \"workspaceId\": \"b98dac55-d014-4649-abb4-02ca500f9977\",\r\n
        \       \"workspaceRegion\": \"eastus\",\r\n        \"workspaceResourceId\":
        \"/subscriptions/00000000-0000-0000-0000-000000000000/resourcegroups/test_nw_flow_log_000001/providers/microsoft.operationalinsights/workspaces/clitest000003\",\r\n
        \       \"trafficAnalyticsInterval\": 60\r\n      }\r\n    },\r\n    \"retentionPolicy\":
        {\r\n      \"days\": 0,\r\n      \"enabled\": false\r\n    },\r\n    \"format\":
        {\r\n      \"type\": \"JSON\",\r\n      \"version\": 1\r\n    }\r\n  },\r\n
        \ \"type\": \"Microsoft.Network/networkWatchers/flowLogs\",\r\n  \"location\":
        \"eastus\"\r\n}"
    headers:
      azure-asyncnotification:
      - Enabled
      azure-asyncoperation:
      - https://management.azure.com/subscriptions/00000000-0000-0000-0000-000000000000/providers/Microsoft.Network/locations/eastus/operations/2467b389-6b62-4594-bc46-25644b38b17b?api-version=2021-02-01
      cache-control:
      - no-cache
      content-length:
      - '1637'
      content-type:
      - application/json; charset=utf-8
      date:
      - Thu, 09 Sep 2021 05:11:36 GMT
      expires:
      - '-1'
      pragma:
      - no-cache
      server:
      - Microsoft-HTTPAPI/2.0
      - Microsoft-HTTPAPI/2.0
      strict-transport-security:
      - max-age=31536000; includeSubDomains
      x-content-type-options:
      - nosniff
      x-ms-arm-service-request-id:
      - 51c6a197-4132-4d3e-9fa1-6887ec844971
      x-ms-ratelimit-remaining-subscription-writes:
      - '1184'
    status:
      code: 201
      message: Created
- request:
    body: null
    headers:
      Accept:
      - '*/*'
      Accept-Encoding:
      - gzip, deflate
      CommandName:
      - network watcher flow-log create
      Connection:
      - keep-alive
      ParameterSetName:
      - --location --resource-group --nsg --storage-account --workspace --name
      User-Agent:
      - AZURECLI/2.28.0 azsdk-python-azure-mgmt-network/19.0.0 Python/3.7.9 (Windows-10-10.0.19041-SP0)
    method: GET
    uri: https://management.azure.com/subscriptions/00000000-0000-0000-0000-000000000000/providers/Microsoft.Network/locations/eastus/operations/2467b389-6b62-4594-bc46-25644b38b17b?api-version=2021-02-01
  response:
    body:
      string: "{\r\n  \"status\": \"Succeeded\"\r\n}"
    headers:
      cache-control:
      - no-cache
      content-length:
      - '29'
      content-type:
      - application/json; charset=utf-8
      date:
      - Thu, 09 Sep 2021 05:11:47 GMT
      expires:
      - '-1'
      pragma:
      - no-cache
      server:
      - Microsoft-HTTPAPI/2.0
      - Microsoft-HTTPAPI/2.0
      strict-transport-security:
      - max-age=31536000; includeSubDomains
      transfer-encoding:
      - chunked
      vary:
      - Accept-Encoding
      x-content-type-options:
      - nosniff
      x-ms-arm-service-request-id:
      - a0c0e1cc-7d58-475e-99e2-22e6955287a7
    status:
      code: 200
      message: OK
- request:
    body: null
    headers:
      Accept:
      - '*/*'
      Accept-Encoding:
      - gzip, deflate
      CommandName:
      - network watcher flow-log create
      Connection:
      - keep-alive
      ParameterSetName:
      - --location --resource-group --nsg --storage-account --workspace --name
      User-Agent:
      - AZURECLI/2.28.0 azsdk-python-azure-mgmt-network/19.0.0 Python/3.7.9 (Windows-10-10.0.19041-SP0)
    method: GET
    uri: https://management.azure.com/subscriptions/00000000-0000-0000-0000-000000000000/resourceGroups/NetworkWatcherRG/providers/Microsoft.Network/networkWatchers/NetworkWatcher_eastus/flowLogs/flow_log_test2?api-version=2021-02-01
  response:
    body:
      string: "{\r\n  \"name\": \"flow_log_test2\",\r\n  \"id\": \"/subscriptions/00000000-0000-0000-0000-000000000000/resourceGroups/NetworkWatcherRG/providers/Microsoft.Network/networkWatchers/NetworkWatcher_eastus/flowLogs/flow_log_test2\",\r\n
        \ \"etag\": \"W/\\\"1332a118-e464-46f1-b18e-b0167f87706e\\\"\",\r\n  \"properties\":
        {\r\n    \"provisioningState\": \"Succeeded\",\r\n    \"targetResourceId\":
        \"/subscriptions/00000000-0000-0000-0000-000000000000/resourceGroups/test_nw_flow_log_000001/providers/Microsoft.Network/networkSecurityGroups/nsg1\",\r\n
        \   \"targetResourceGuid\": \"fa2ed145-7f49-4811-9b97-b9473dc1c65b\",\r\n
        \   \"storageId\": \"/subscriptions/00000000-0000-0000-0000-000000000000/resourceGroups/test_nw_flow_log_000001/providers/Microsoft.Storage/storageAccounts/testflowlog000002\",\r\n
        \   \"enabled\": true,\r\n    \"flowAnalyticsConfiguration\": {\r\n      \"networkWatcherFlowAnalyticsConfiguration\":
        {\r\n        \"enabled\": false,\r\n        \"workspaceId\": \"b98dac55-d014-4649-abb4-02ca500f9977\",\r\n
        \       \"workspaceRegion\": \"eastus\",\r\n        \"workspaceResourceId\":
        \"/subscriptions/00000000-0000-0000-0000-000000000000/resourcegroups/test_nw_flow_log_000001/providers/microsoft.operationalinsights/workspaces/clitest000003\",\r\n
        \       \"trafficAnalyticsInterval\": 60\r\n      }\r\n    },\r\n    \"retentionPolicy\":
        {\r\n      \"days\": 0,\r\n      \"enabled\": false\r\n    },\r\n    \"format\":
        {\r\n      \"type\": \"JSON\",\r\n      \"version\": 1\r\n    }\r\n  },\r\n
        \ \"type\": \"Microsoft.Network/networkWatchers/flowLogs\",\r\n  \"location\":
        \"eastus\"\r\n}"
    headers:
      cache-control:
      - no-cache
      content-length:
      - '1638'
      content-type:
      - application/json; charset=utf-8
      date:
      - Thu, 09 Sep 2021 05:11:47 GMT
      expires:
      - '-1'
      pragma:
      - no-cache
      server:
      - Microsoft-HTTPAPI/2.0
      - Microsoft-HTTPAPI/2.0
      strict-transport-security:
      - max-age=31536000; includeSubDomains
      transfer-encoding:
      - chunked
      vary:
      - Accept-Encoding
      x-content-type-options:
      - nosniff
      x-ms-arm-service-request-id:
      - 74343ad7-df17-4689-aff1-dd05069e44d8
    status:
      code: 200
      message: OK
- request:
    body: null
    headers:
      Accept:
      - application/json
      Accept-Encoding:
      - gzip, deflate
      CommandName:
      - network watcher flow-log show
      Connection:
      - keep-alive
      ParameterSetName:
      - --location --name
      User-Agent:
      - AZURECLI/2.28.0 azsdk-python-azure-mgmt-network/19.0.0 Python/3.7.9 (Windows-10-10.0.19041-SP0)
    method: GET
    uri: https://management.azure.com/subscriptions/00000000-0000-0000-0000-000000000000/providers/Microsoft.Network/networkWatchers?api-version=2021-02-01
  response:
    body:
      string: '{"value":[{"name":"NetworkWatcher_westus","id":"/subscriptions/00000000-0000-0000-0000-000000000000/resourceGroups/NetworkWatcherRG/providers/Microsoft.Network/networkWatchers/NetworkWatcher_westus","etag":"W/\"68c634f3-399c-41c2-8cb8-b29aed324b60\"","type":"Microsoft.Network/networkWatchers","location":"westus","properties":{"provisioningState":"Succeeded","runningOperationIds":[]}},{"name":"NetworkWatcher_eastus","id":"/subscriptions/00000000-0000-0000-0000-000000000000/resourceGroups/NetworkWatcherRG/providers/Microsoft.Network/networkWatchers/NetworkWatcher_eastus","etag":"W/\"1332a118-e464-46f1-b18e-b0167f87706e\"","type":"Microsoft.Network/networkWatchers","location":"eastus","properties":{"provisioningState":"Succeeded","runningOperationIds":[]}},{"name":"NetworkWatcher_eastasia","id":"/subscriptions/00000000-0000-0000-0000-000000000000/resourceGroups/NetworkWatcherRG/providers/Microsoft.Network/networkWatchers/NetworkWatcher_eastasia","etag":"W/\"f5c12ed4-5225-43f1-b087-45a9c3b473d8\"","type":"Microsoft.Network/networkWatchers","location":"eastasia","properties":{"provisioningState":"Succeeded","runningOperationIds":[]}},{"name":"NetworkWatcher_japanwest","id":"/subscriptions/00000000-0000-0000-0000-000000000000/resourceGroups/NetworkWatcherRG/providers/Microsoft.Network/networkWatchers/NetworkWatcher_japanwest","etag":"W/\"f16ce0dc-be56-4454-a707-17785c8aa120\"","type":"Microsoft.Network/networkWatchers","location":"japanwest","properties":{"provisioningState":"Succeeded","runningOperationIds":[]}},{"name":"NetworkWatcher_westcentralus","id":"/subscriptions/00000000-0000-0000-0000-000000000000/resourceGroups/NetworkWatcherRG/providers/Microsoft.Network/networkWatchers/NetworkWatcher_westcentralus","etag":"W/\"0169ca49-098a-4691-a078-75c2fb1ada73\"","type":"Microsoft.Network/networkWatchers","location":"westcentralus","properties":{"provisioningState":"Succeeded","runningOperationIds":[]}},{"name":"NetworkWatcher_centraluseuap","id":"/subscriptions/00000000-0000-0000-0000-000000000000/resourceGroups/NetworkWatcherRG/providers/Microsoft.Network/networkWatchers/NetworkWatcher_centraluseuap","etag":"W/\"789a3ee8-c026-4953-989c-8ee909ee9b93\"","type":"Microsoft.Network/networkWatchers","location":"centraluseuap","properties":{"provisioningState":"Succeeded","runningOperationIds":[]}}]}'
    headers:
      cache-control:
      - no-cache
      content-length:
      - '2330'
      content-type:
      - application/json; charset=utf-8
      date:
      - Thu, 09 Sep 2021 05:11:50 GMT
      expires:
      - '-1'
      pragma:
      - no-cache
      strict-transport-security:
      - max-age=31536000; includeSubDomains
      vary:
      - Accept-Encoding
      x-content-type-options:
      - nosniff
      x-ms-original-request-ids:
      - 86b44bea-2ab3-444c-89ad-7ebe05ca2d4f
      - ba77331a-037a-4ec8-ab47-8630a1539b4c
      - 403279ca-fc15-470d-b68c-485db43c274d
      - 9844bf36-1483-4251-9091-0daf5e2e4036
      - bd802ae2-213b-4f80-8173-9241e5cb2a83
      - aa7847e2-f00e-4a88-8122-e1e8fbddd786
    status:
      code: 200
      message: OK
- request:
    body: null
    headers:
      Accept:
      - application/json
      Accept-Encoding:
      - gzip, deflate
      CommandName:
      - network watcher flow-log show
      Connection:
      - keep-alive
      ParameterSetName:
      - --location --name
      User-Agent:
      - AZURECLI/2.28.0 azsdk-python-azure-mgmt-network/19.0.0 Python/3.7.9 (Windows-10-10.0.19041-SP0)
    method: GET
    uri: https://management.azure.com/subscriptions/00000000-0000-0000-0000-000000000000/resourceGroups/NetworkWatcherRG/providers/Microsoft.Network/networkWatchers/NetworkWatcher_eastus/flowLogs/flow_log_test2?api-version=2021-02-01
  response:
    body:
      string: "{\r\n  \"name\": \"flow_log_test2\",\r\n  \"id\": \"/subscriptions/00000000-0000-0000-0000-000000000000/resourceGroups/NetworkWatcherRG/providers/Microsoft.Network/networkWatchers/NetworkWatcher_eastus/flowLogs/flow_log_test2\",\r\n
        \ \"etag\": \"W/\\\"1332a118-e464-46f1-b18e-b0167f87706e\\\"\",\r\n  \"properties\":
        {\r\n    \"provisioningState\": \"Succeeded\",\r\n    \"targetResourceId\":
        \"/subscriptions/00000000-0000-0000-0000-000000000000/resourceGroups/test_nw_flow_log_000001/providers/Microsoft.Network/networkSecurityGroups/nsg1\",\r\n
        \   \"targetResourceGuid\": \"fa2ed145-7f49-4811-9b97-b9473dc1c65b\",\r\n
        \   \"storageId\": \"/subscriptions/00000000-0000-0000-0000-000000000000/resourceGroups/test_nw_flow_log_000001/providers/Microsoft.Storage/storageAccounts/testflowlog000002\",\r\n
        \   \"enabled\": true,\r\n    \"flowAnalyticsConfiguration\": {\r\n      \"networkWatcherFlowAnalyticsConfiguration\":
        {\r\n        \"enabled\": false,\r\n        \"workspaceId\": \"b98dac55-d014-4649-abb4-02ca500f9977\",\r\n
        \       \"workspaceRegion\": \"eastus\",\r\n        \"workspaceResourceId\":
        \"/subscriptions/00000000-0000-0000-0000-000000000000/resourcegroups/test_nw_flow_log_000001/providers/microsoft.operationalinsights/workspaces/clitest000003\",\r\n
        \       \"trafficAnalyticsInterval\": 60\r\n      }\r\n    },\r\n    \"retentionPolicy\":
        {\r\n      \"days\": 0,\r\n      \"enabled\": false\r\n    },\r\n    \"format\":
        {\r\n      \"type\": \"JSON\",\r\n      \"version\": 1\r\n    }\r\n  },\r\n
        \ \"type\": \"Microsoft.Network/networkWatchers/flowLogs\",\r\n  \"location\":
        \"eastus\"\r\n}"
    headers:
      cache-control:
      - no-cache
      content-length:
      - '1638'
      content-type:
      - application/json; charset=utf-8
      date:
      - Thu, 09 Sep 2021 05:11:51 GMT
      expires:
      - '-1'
      pragma:
      - no-cache
      server:
      - Microsoft-HTTPAPI/2.0
      - Microsoft-HTTPAPI/2.0
      strict-transport-security:
      - max-age=31536000; includeSubDomains
      transfer-encoding:
      - chunked
      vary:
      - Accept-Encoding
      x-content-type-options:
      - nosniff
      x-ms-arm-service-request-id:
      - b705b61e-9575-4661-b5e8-c74714aeab8c
    status:
      code: 200
      message: OK
- request:
    body: null
    headers:
      Accept:
      - application/json
      Accept-Encoding:
      - gzip, deflate
      CommandName:
      - network watcher flow-log update
      Connection:
      - keep-alive
      ParameterSetName:
      - --location --name --retention --storage-account --tags
      User-Agent:
      - AZURECLI/2.28.0 azsdk-python-azure-mgmt-network/19.0.0 Python/3.7.9 (Windows-10-10.0.19041-SP0)
    method: GET
    uri: https://management.azure.com/subscriptions/00000000-0000-0000-0000-000000000000/providers/Microsoft.Network/networkWatchers?api-version=2021-02-01
  response:
    body:
      string: '{"value":[{"name":"NetworkWatcher_westus","id":"/subscriptions/00000000-0000-0000-0000-000000000000/resourceGroups/NetworkWatcherRG/providers/Microsoft.Network/networkWatchers/NetworkWatcher_westus","etag":"W/\"68c634f3-399c-41c2-8cb8-b29aed324b60\"","type":"Microsoft.Network/networkWatchers","location":"westus","properties":{"provisioningState":"Succeeded","runningOperationIds":[]}},{"name":"NetworkWatcher_eastus","id":"/subscriptions/00000000-0000-0000-0000-000000000000/resourceGroups/NetworkWatcherRG/providers/Microsoft.Network/networkWatchers/NetworkWatcher_eastus","etag":"W/\"1332a118-e464-46f1-b18e-b0167f87706e\"","type":"Microsoft.Network/networkWatchers","location":"eastus","properties":{"provisioningState":"Succeeded","runningOperationIds":[]}},{"name":"NetworkWatcher_eastasia","id":"/subscriptions/00000000-0000-0000-0000-000000000000/resourceGroups/NetworkWatcherRG/providers/Microsoft.Network/networkWatchers/NetworkWatcher_eastasia","etag":"W/\"f5c12ed4-5225-43f1-b087-45a9c3b473d8\"","type":"Microsoft.Network/networkWatchers","location":"eastasia","properties":{"provisioningState":"Succeeded","runningOperationIds":[]}},{"name":"NetworkWatcher_japanwest","id":"/subscriptions/00000000-0000-0000-0000-000000000000/resourceGroups/NetworkWatcherRG/providers/Microsoft.Network/networkWatchers/NetworkWatcher_japanwest","etag":"W/\"f16ce0dc-be56-4454-a707-17785c8aa120\"","type":"Microsoft.Network/networkWatchers","location":"japanwest","properties":{"provisioningState":"Succeeded","runningOperationIds":[]}},{"name":"NetworkWatcher_westcentralus","id":"/subscriptions/00000000-0000-0000-0000-000000000000/resourceGroups/NetworkWatcherRG/providers/Microsoft.Network/networkWatchers/NetworkWatcher_westcentralus","etag":"W/\"0169ca49-098a-4691-a078-75c2fb1ada73\"","type":"Microsoft.Network/networkWatchers","location":"westcentralus","properties":{"provisioningState":"Succeeded","runningOperationIds":[]}},{"name":"NetworkWatcher_centraluseuap","id":"/subscriptions/00000000-0000-0000-0000-000000000000/resourceGroups/NetworkWatcherRG/providers/Microsoft.Network/networkWatchers/NetworkWatcher_centraluseuap","etag":"W/\"789a3ee8-c026-4953-989c-8ee909ee9b93\"","type":"Microsoft.Network/networkWatchers","location":"centraluseuap","properties":{"provisioningState":"Succeeded","runningOperationIds":[]}}]}'
    headers:
      cache-control:
      - no-cache
      content-length:
      - '2330'
      content-type:
      - application/json; charset=utf-8
      date:
      - Thu, 09 Sep 2021 05:11:54 GMT
      expires:
      - '-1'
      pragma:
      - no-cache
      strict-transport-security:
      - max-age=31536000; includeSubDomains
      vary:
      - Accept-Encoding
      x-content-type-options:
      - nosniff
      x-ms-original-request-ids:
      - 132604a3-7a2e-454c-a9a4-8c5e170b4f4b
      - 69d220f7-24bc-4041-90bf-58452f7e139f
      - aa863dd8-1d73-4ee9-96b3-773bc47ae165
      - 5c16ee9f-1be5-4f4a-b7ce-5c1f7e5f118a
      - bff0057a-b37f-4295-b452-5db79d0689bd
      - 49ffee76-f144-480b-9ce5-e371f246370a
    status:
      code: 200
      message: OK
- request:
    body: null
    headers:
      Accept:
      - application/json
      Accept-Encoding:
      - gzip, deflate
      CommandName:
      - network watcher flow-log update
      Connection:
      - keep-alive
      ParameterSetName:
      - --location --name --retention --storage-account --tags
      User-Agent:
      - AZURECLI/2.28.0 azsdk-python-azure-mgmt-network/19.0.0 Python/3.7.9 (Windows-10-10.0.19041-SP0)
    method: GET
    uri: https://management.azure.com/subscriptions/00000000-0000-0000-0000-000000000000/resourceGroups/NetworkWatcherRG/providers/Microsoft.Network/networkWatchers/NetworkWatcher_eastus/flowLogs/flow_log_test2?api-version=2021-02-01
  response:
    body:
      string: "{\r\n  \"name\": \"flow_log_test2\",\r\n  \"id\": \"/subscriptions/00000000-0000-0000-0000-000000000000/resourceGroups/NetworkWatcherRG/providers/Microsoft.Network/networkWatchers/NetworkWatcher_eastus/flowLogs/flow_log_test2\",\r\n
        \ \"etag\": \"W/\\\"1332a118-e464-46f1-b18e-b0167f87706e\\\"\",\r\n  \"properties\":
        {\r\n    \"provisioningState\": \"Succeeded\",\r\n    \"targetResourceId\":
        \"/subscriptions/00000000-0000-0000-0000-000000000000/resourceGroups/test_nw_flow_log_000001/providers/Microsoft.Network/networkSecurityGroups/nsg1\",\r\n
        \   \"targetResourceGuid\": \"fa2ed145-7f49-4811-9b97-b9473dc1c65b\",\r\n
        \   \"storageId\": \"/subscriptions/00000000-0000-0000-0000-000000000000/resourceGroups/test_nw_flow_log_000001/providers/Microsoft.Storage/storageAccounts/testflowlog000002\",\r\n
        \   \"enabled\": true,\r\n    \"flowAnalyticsConfiguration\": {\r\n      \"networkWatcherFlowAnalyticsConfiguration\":
        {\r\n        \"enabled\": false,\r\n        \"workspaceId\": \"b98dac55-d014-4649-abb4-02ca500f9977\",\r\n
        \       \"workspaceRegion\": \"eastus\",\r\n        \"workspaceResourceId\":
        \"/subscriptions/00000000-0000-0000-0000-000000000000/resourcegroups/test_nw_flow_log_000001/providers/microsoft.operationalinsights/workspaces/clitest000003\",\r\n
        \       \"trafficAnalyticsInterval\": 60\r\n      }\r\n    },\r\n    \"retentionPolicy\":
        {\r\n      \"days\": 0,\r\n      \"enabled\": false\r\n    },\r\n    \"format\":
        {\r\n      \"type\": \"JSON\",\r\n      \"version\": 1\r\n    }\r\n  },\r\n
        \ \"type\": \"Microsoft.Network/networkWatchers/flowLogs\",\r\n  \"location\":
        \"eastus\"\r\n}"
    headers:
      cache-control:
      - no-cache
      content-length:
      - '1638'
      content-type:
      - application/json; charset=utf-8
      date:
      - Thu, 09 Sep 2021 05:11:54 GMT
      expires:
      - '-1'
      pragma:
      - no-cache
      server:
      - Microsoft-HTTPAPI/2.0
      - Microsoft-HTTPAPI/2.0
      strict-transport-security:
      - max-age=31536000; includeSubDomains
      transfer-encoding:
      - chunked
      vary:
      - Accept-Encoding
      x-content-type-options:
      - nosniff
      x-ms-arm-service-request-id:
      - af8993b5-30aa-429e-8249-0fb99c3d021e
    status:
      code: 200
      message: OK
- request:
    body: '{"id": "/subscriptions/00000000-0000-0000-0000-000000000000/resourceGroups/NetworkWatcherRG/providers/Microsoft.Network/networkWatchers/NetworkWatcher_eastus/flowLogs/flow_log_test2",
      "location": "eastus", "tags": {"foo": "bar"}, "properties": {"targetResourceId":
      "/subscriptions/00000000-0000-0000-0000-000000000000/resourceGroups/test_nw_flow_log_000001/providers/Microsoft.Network/networkSecurityGroups/nsg1",
      "storageId": "/subscriptions/00000000-0000-0000-0000-000000000000/resourceGroups/test_nw_flow_log_000001/providers/Microsoft.Storage/storageAccounts/storageaccount0395",
      "enabled": true, "retentionPolicy": {"days": 2, "enabled": true}, "format":
      {"type": "JSON", "version": 1}, "flowAnalyticsConfiguration": {"networkWatcherFlowAnalyticsConfiguration":
      {"enabled": false, "workspaceId": "b98dac55-d014-4649-abb4-02ca500f9977", "workspaceRegion":
      "eastus", "workspaceResourceId": "/subscriptions/00000000-0000-0000-0000-000000000000/resourcegroups/test_nw_flow_log_000001/providers/microsoft.operationalinsights/workspaces/clitest000003",
      "trafficAnalyticsInterval": 60}}}}'
    headers:
      Accept:
      - application/json
      Accept-Encoding:
      - gzip, deflate
      CommandName:
      - network watcher flow-log update
      Connection:
      - keep-alive
      Content-Length:
      - '1249'
      Content-Type:
      - application/json
      ParameterSetName:
      - --location --name --retention --storage-account --tags
      User-Agent:
      - AZURECLI/2.28.0 azsdk-python-azure-mgmt-network/19.0.0 Python/3.7.9 (Windows-10-10.0.19041-SP0)
    method: PUT
    uri: https://management.azure.com/subscriptions/00000000-0000-0000-0000-000000000000/resourceGroups/NetworkWatcherRG/providers/Microsoft.Network/networkWatchers/NetworkWatcher_eastus/flowLogs/flow_log_test2?api-version=2021-02-01
  response:
    body:
      string: "{\r\n  \"name\": \"flow_log_test2\",\r\n  \"id\": \"/subscriptions/00000000-0000-0000-0000-000000000000/resourceGroups/NetworkWatcherRG/providers/Microsoft.Network/networkWatchers/NetworkWatcher_eastus/flowLogs/flow_log_test2\",\r\n
        \ \"etag\": \"W/\\\"eba74172-12b6-41ba-821d-65527f452547\\\"\",\r\n  \"properties\":
        {\r\n    \"provisioningState\": \"Updating\",\r\n    \"targetResourceId\":
        \"/subscriptions/00000000-0000-0000-0000-000000000000/resourceGroups/test_nw_flow_log_000001/providers/Microsoft.Network/networkSecurityGroups/nsg1\",\r\n
        \   \"targetResourceGuid\": \"fa2ed145-7f49-4811-9b97-b9473dc1c65b\",\r\n
        \   \"storageId\": \"/subscriptions/00000000-0000-0000-0000-000000000000/resourceGroups/test_nw_flow_log_000001/providers/Microsoft.Storage/storageAccounts/storageaccount0395\",\r\n
        \   \"enabled\": true,\r\n    \"flowAnalyticsConfiguration\": {\r\n      \"networkWatcherFlowAnalyticsConfiguration\":
        {\r\n        \"enabled\": false,\r\n        \"workspaceId\": \"b98dac55-d014-4649-abb4-02ca500f9977\",\r\n
        \       \"workspaceRegion\": \"eastus\",\r\n        \"workspaceResourceId\":
        \"/subscriptions/00000000-0000-0000-0000-000000000000/resourcegroups/test_nw_flow_log_000001/providers/microsoft.operationalinsights/workspaces/clitest000003\",\r\n
        \       \"trafficAnalyticsInterval\": 60\r\n      }\r\n    },\r\n    \"retentionPolicy\":
        {\r\n      \"days\": 2,\r\n      \"enabled\": true\r\n    },\r\n    \"format\":
        {\r\n      \"type\": \"JSON\",\r\n      \"version\": 1\r\n    }\r\n  },\r\n
        \ \"type\": \"Microsoft.Network/networkWatchers/flowLogs\",\r\n  \"location\":
        \"eastus\",\r\n  \"tags\": {\r\n    \"foo\": \"bar\"\r\n  }\r\n}"
    headers:
      azure-asyncnotification:
      - Enabled
      azure-asyncoperation:
      - https://management.azure.com/subscriptions/00000000-0000-0000-0000-000000000000/providers/Microsoft.Network/locations/eastus/operations/8c975f22-1fef-485f-aea5-10f438936609?api-version=2021-02-01
      cache-control:
      - no-cache
      content-length:
      - '1667'
      content-type:
      - application/json; charset=utf-8
      date:
      - Thu, 09 Sep 2021 05:11:59 GMT
      expires:
      - '-1'
      pragma:
      - no-cache
      server:
      - Microsoft-HTTPAPI/2.0
      - Microsoft-HTTPAPI/2.0
      strict-transport-security:
      - max-age=31536000; includeSubDomains
      transfer-encoding:
      - chunked
      vary:
      - Accept-Encoding
      x-content-type-options:
      - nosniff
      x-ms-arm-service-request-id:
      - ec11b95a-12be-46bf-8848-746b0060515d
      x-ms-ratelimit-remaining-subscription-writes:
      - '1192'
    status:
      code: 200
      message: OK
- request:
    body: null
    headers:
      Accept:
      - '*/*'
      Accept-Encoding:
      - gzip, deflate
      CommandName:
      - network watcher flow-log update
      Connection:
      - keep-alive
      ParameterSetName:
      - --location --name --retention --storage-account --tags
      User-Agent:
      - AZURECLI/2.28.0 azsdk-python-azure-mgmt-network/19.0.0 Python/3.7.9 (Windows-10-10.0.19041-SP0)
    method: GET
    uri: https://management.azure.com/subscriptions/00000000-0000-0000-0000-000000000000/providers/Microsoft.Network/locations/eastus/operations/8c975f22-1fef-485f-aea5-10f438936609?api-version=2021-02-01
  response:
    body:
      string: "{\r\n  \"status\": \"Succeeded\"\r\n}"
    headers:
      cache-control:
      - no-cache
      content-length:
      - '29'
      content-type:
      - application/json; charset=utf-8
      date:
      - Thu, 09 Sep 2021 05:12:09 GMT
      expires:
      - '-1'
      pragma:
      - no-cache
      server:
      - Microsoft-HTTPAPI/2.0
      - Microsoft-HTTPAPI/2.0
      strict-transport-security:
      - max-age=31536000; includeSubDomains
      transfer-encoding:
      - chunked
      vary:
      - Accept-Encoding
      x-content-type-options:
      - nosniff
      x-ms-arm-service-request-id:
      - 0e203d30-4253-4208-8650-33936bf570ca
    status:
      code: 200
      message: OK
- request:
    body: null
    headers:
      Accept:
      - '*/*'
      Accept-Encoding:
      - gzip, deflate
      CommandName:
      - network watcher flow-log update
      Connection:
      - keep-alive
      ParameterSetName:
      - --location --name --retention --storage-account --tags
      User-Agent:
      - AZURECLI/2.28.0 azsdk-python-azure-mgmt-network/19.0.0 Python/3.7.9 (Windows-10-10.0.19041-SP0)
    method: GET
    uri: https://management.azure.com/subscriptions/00000000-0000-0000-0000-000000000000/resourceGroups/NetworkWatcherRG/providers/Microsoft.Network/networkWatchers/NetworkWatcher_eastus/flowLogs/flow_log_test2?api-version=2021-02-01
  response:
    body:
      string: "{\r\n  \"name\": \"flow_log_test2\",\r\n  \"id\": \"/subscriptions/00000000-0000-0000-0000-000000000000/resourceGroups/NetworkWatcherRG/providers/Microsoft.Network/networkWatchers/NetworkWatcher_eastus/flowLogs/flow_log_test2\",\r\n
        \ \"etag\": \"W/\\\"544135a3-8ddc-4643-a809-1473808e6e5e\\\"\",\r\n  \"properties\":
        {\r\n    \"provisioningState\": \"Succeeded\",\r\n    \"targetResourceId\":
        \"/subscriptions/00000000-0000-0000-0000-000000000000/resourceGroups/test_nw_flow_log_000001/providers/Microsoft.Network/networkSecurityGroups/nsg1\",\r\n
        \   \"targetResourceGuid\": \"fa2ed145-7f49-4811-9b97-b9473dc1c65b\",\r\n
        \   \"storageId\": \"/subscriptions/00000000-0000-0000-0000-000000000000/resourceGroups/test_nw_flow_log_000001/providers/Microsoft.Storage/storageAccounts/storageaccount0395\",\r\n
        \   \"enabled\": true,\r\n    \"flowAnalyticsConfiguration\": {\r\n      \"networkWatcherFlowAnalyticsConfiguration\":
        {\r\n        \"enabled\": false,\r\n        \"workspaceId\": \"b98dac55-d014-4649-abb4-02ca500f9977\",\r\n
        \       \"workspaceRegion\": \"eastus\",\r\n        \"workspaceResourceId\":
        \"/subscriptions/00000000-0000-0000-0000-000000000000/resourcegroups/test_nw_flow_log_000001/providers/microsoft.operationalinsights/workspaces/clitest000003\",\r\n
        \       \"trafficAnalyticsInterval\": 60\r\n      }\r\n    },\r\n    \"retentionPolicy\":
        {\r\n      \"days\": 2,\r\n      \"enabled\": true\r\n    },\r\n    \"format\":
        {\r\n      \"type\": \"JSON\",\r\n      \"version\": 1\r\n    }\r\n  },\r\n
        \ \"type\": \"Microsoft.Network/networkWatchers/flowLogs\",\r\n  \"location\":
        \"eastus\",\r\n  \"tags\": {\r\n    \"foo\": \"bar\"\r\n  }\r\n}"
    headers:
      cache-control:
      - no-cache
      content-length:
      - '1668'
      content-type:
      - application/json; charset=utf-8
      date:
      - Thu, 09 Sep 2021 05:12:09 GMT
      expires:
      - '-1'
      pragma:
      - no-cache
      server:
      - Microsoft-HTTPAPI/2.0
      - Microsoft-HTTPAPI/2.0
      strict-transport-security:
      - max-age=31536000; includeSubDomains
      transfer-encoding:
      - chunked
      vary:
      - Accept-Encoding
      x-content-type-options:
      - nosniff
      x-ms-arm-service-request-id:
      - e0cb8069-331a-40ba-8f6e-37dd298dd168
    status:
      code: 200
      message: OK
version: 1
