interactions:
- request:
    body: null
    headers:
      Accept:
      - application/json
      Accept-Encoding:
      - gzip, deflate
      CommandName:
      - network vnet create
      Connection:
      - keep-alive
      ParameterSetName:
      - -g -n --address-prefix --defer
      User-Agent:
      - python/3.7.4 (Windows-10-10.0.18362-SP0) msrest/0.6.10 msrest_azure/0.6.2
        azure-mgmt-resource/4.0.0 Azure-SDK-For-Python AZURECLI/2.0.75
      accept-language:
      - en-US
    method: GET
    uri: https://management.azure.com/subscriptions/00000000-0000-0000-0000-000000000000/resourcegroups/cli_vnet_cache_test000001?api-version=2019-07-01
  response:
    body:
<<<<<<< HEAD
      string: '{"id":"/subscriptions/00000000-0000-0000-0000-000000000000/resourceGroups/cli_vnet_cache_test000001","name":"cli_vnet_cache_test000001","type":"Microsoft.Resources/resourceGroups","location":"westus","tags":{"product":"azurecli","cause":"automation","date":"2019-10-21T12:39:54Z"},"properties":{"provisioningState":"Succeeded"}}'
=======
      string: '{"id":"/subscriptions/00000000-0000-0000-0000-000000000000/resourceGroups/cli_vnet_cache_test000001","name":"cli_vnet_cache_test000001","type":"Microsoft.Resources/resourceGroups","location":"westus","tags":{"product":"azurecli","cause":"automation","date":"2019-10-21T13:10:23Z"},"properties":{"provisioningState":"Succeeded"}}'
>>>>>>> bump to 2019-09-01 for network
    headers:
      cache-control:
      - no-cache
      content-length:
      - '428'
      content-type:
      - application/json; charset=utf-8
      date:
<<<<<<< HEAD
      - Mon, 21 Oct 2019 12:40:01 GMT
=======
      - Mon, 21 Oct 2019 13:10:28 GMT
>>>>>>> bump to 2019-09-01 for network
      expires:
      - '-1'
      pragma:
      - no-cache
      strict-transport-security:
      - max-age=31536000; includeSubDomains
      vary:
      - Accept-Encoding
      x-content-type-options:
      - nosniff
    status:
      code: 200
      message: OK
- request:
    body: null
    headers:
      Accept:
      - application/json
      Accept-Encoding:
      - gzip, deflate
      CommandName:
      - network vnet show
      Connection:
      - keep-alive
      ParameterSetName:
      - -g -n
      User-Agent:
      - python/3.7.4 (Windows-10-10.0.18362-SP0) msrest/0.6.10 msrest_azure/0.6.2
        azure-mgmt-network/6.0.0 Azure-SDK-For-Python AZURECLI/2.0.75
      accept-language:
      - en-US
    method: GET
    uri: https://management.azure.com/subscriptions/00000000-0000-0000-0000-000000000000/resourceGroups/cli_vnet_cache_test000001/providers/Microsoft.Network/virtualNetworks/vnet1?api-version=2019-09-01
  response:
    body:
      string: '{"error":{"code":"ResourceNotFound","message":"The Resource ''Microsoft.Network/virtualNetworks/vnet1''
        under resource group ''cli_vnet_cache_test000001'' was not found."}}'
    headers:
      cache-control:
      - no-cache
      content-length:
      - '218'
      content-type:
      - application/json; charset=utf-8
      date:
<<<<<<< HEAD
      - Mon, 21 Oct 2019 12:40:04 GMT
=======
      - Mon, 21 Oct 2019 13:10:30 GMT
>>>>>>> bump to 2019-09-01 for network
      expires:
      - '-1'
      pragma:
      - no-cache
      strict-transport-security:
      - max-age=31536000; includeSubDomains
      x-content-type-options:
      - nosniff
      x-ms-failure-cause:
      - gateway
    status:
      code: 404
      message: Not Found
- request:
    body: '{"location": "westus", "tags": {}, "properties": {"addressSpace": {"addressPrefixes":
      ["10.0.0.0/16"]}, "dhcpOptions": {}, "subnets": [{"properties": {"addressPrefix":
      "10.0.0.0/24"}, "name": "subnet1"}, {"properties": {"addressPrefix": "10.0.1.0/24"},
      "name": "subnet2"}, {"properties": {"addressPrefix": "10.0.2.0/24"}, "name":
      "subnet3"}]}}'
    headers:
      Accept:
      - application/json
      Accept-Encoding:
      - gzip, deflate
      CommandName:
      - network vnet subnet create
      Connection:
      - keep-alive
      Content-Length:
      - '343'
      Content-Type:
      - application/json; charset=utf-8
      ParameterSetName:
      - -g --vnet-name -n --address-prefix
      User-Agent:
      - python/3.7.4 (Windows-10-10.0.18362-SP0) msrest/0.6.10 msrest_azure/0.6.2
        azure-mgmt-network/6.0.0 Azure-SDK-For-Python AZURECLI/2.0.75
      accept-language:
      - en-US
    method: PUT
    uri: https://management.azure.com/subscriptions/00000000-0000-0000-0000-000000000000/resourceGroups/cli_vnet_cache_test000001/providers/Microsoft.Network/virtualNetworks/vnet1?api-version=2019-09-01
  response:
    body:
      string: "{\r\n  \"name\": \"vnet1\",\r\n  \"id\": \"/subscriptions/00000000-0000-0000-0000-000000000000/resourceGroups/cli_vnet_cache_test000001/providers/Microsoft.Network/virtualNetworks/vnet1\",\r\n
<<<<<<< HEAD
        \ \"etag\": \"W/\\\"03dd1a2c-8170-4ebf-b754-913fe63ca734\\\"\",\r\n  \"type\":
        \"Microsoft.Network/virtualNetworks\",\r\n  \"location\": \"westus\",\r\n
        \ \"tags\": {},\r\n  \"properties\": {\r\n    \"provisioningState\": \"Updating\",\r\n
        \   \"resourceGuid\": \"79a2df84-a464-4903-be03-42e6ba9eecc1\",\r\n    \"addressSpace\":
=======
        \ \"etag\": \"W/\\\"963eb1dc-c005-4547-9528-c0199fdb4c82\\\"\",\r\n  \"type\":
        \"Microsoft.Network/virtualNetworks\",\r\n  \"location\": \"westus\",\r\n
        \ \"tags\": {},\r\n  \"properties\": {\r\n    \"provisioningState\": \"Updating\",\r\n
        \   \"resourceGuid\": \"c713b2d3-049c-4667-b229-9e5f5254a846\",\r\n    \"addressSpace\":
>>>>>>> bump to 2019-09-01 for network
        {\r\n      \"addressPrefixes\": [\r\n        \"10.0.0.0/16\"\r\n      ]\r\n
        \   },\r\n    \"dhcpOptions\": {\r\n      \"dnsServers\": []\r\n    },\r\n
        \   \"subnets\": [\r\n      {\r\n        \"name\": \"subnet1\",\r\n        \"id\":
        \"/subscriptions/00000000-0000-0000-0000-000000000000/resourceGroups/cli_vnet_cache_test000001/providers/Microsoft.Network/virtualNetworks/vnet1/subnets/subnet1\",\r\n
<<<<<<< HEAD
        \       \"etag\": \"W/\\\"03dd1a2c-8170-4ebf-b754-913fe63ca734\\\"\",\r\n
=======
        \       \"etag\": \"W/\\\"963eb1dc-c005-4547-9528-c0199fdb4c82\\\"\",\r\n
>>>>>>> bump to 2019-09-01 for network
        \       \"properties\": {\r\n          \"provisioningState\": \"Updating\",\r\n
        \         \"addressPrefix\": \"10.0.0.0/24\",\r\n          \"delegations\":
        [],\r\n          \"privateEndpointNetworkPolicies\": \"Enabled\",\r\n          \"privateLinkServiceNetworkPolicies\":
        \"Enabled\"\r\n        },\r\n        \"type\": \"Microsoft.Network/virtualNetworks/subnets\"\r\n
        \     },\r\n      {\r\n        \"name\": \"subnet2\",\r\n        \"id\": \"/subscriptions/00000000-0000-0000-0000-000000000000/resourceGroups/cli_vnet_cache_test000001/providers/Microsoft.Network/virtualNetworks/vnet1/subnets/subnet2\",\r\n
<<<<<<< HEAD
        \       \"etag\": \"W/\\\"03dd1a2c-8170-4ebf-b754-913fe63ca734\\\"\",\r\n
=======
        \       \"etag\": \"W/\\\"963eb1dc-c005-4547-9528-c0199fdb4c82\\\"\",\r\n
>>>>>>> bump to 2019-09-01 for network
        \       \"properties\": {\r\n          \"provisioningState\": \"Updating\",\r\n
        \         \"addressPrefix\": \"10.0.1.0/24\",\r\n          \"delegations\":
        [],\r\n          \"privateEndpointNetworkPolicies\": \"Enabled\",\r\n          \"privateLinkServiceNetworkPolicies\":
        \"Enabled\"\r\n        },\r\n        \"type\": \"Microsoft.Network/virtualNetworks/subnets\"\r\n
        \     },\r\n      {\r\n        \"name\": \"subnet3\",\r\n        \"id\": \"/subscriptions/00000000-0000-0000-0000-000000000000/resourceGroups/cli_vnet_cache_test000001/providers/Microsoft.Network/virtualNetworks/vnet1/subnets/subnet3\",\r\n
<<<<<<< HEAD
        \       \"etag\": \"W/\\\"03dd1a2c-8170-4ebf-b754-913fe63ca734\\\"\",\r\n
=======
        \       \"etag\": \"W/\\\"963eb1dc-c005-4547-9528-c0199fdb4c82\\\"\",\r\n
>>>>>>> bump to 2019-09-01 for network
        \       \"properties\": {\r\n          \"provisioningState\": \"Updating\",\r\n
        \         \"addressPrefix\": \"10.0.2.0/24\",\r\n          \"delegations\":
        [],\r\n          \"privateEndpointNetworkPolicies\": \"Enabled\",\r\n          \"privateLinkServiceNetworkPolicies\":
        \"Enabled\"\r\n        },\r\n        \"type\": \"Microsoft.Network/virtualNetworks/subnets\"\r\n
        \     }\r\n    ],\r\n    \"virtualNetworkPeerings\": [],\r\n    \"enableDdosProtection\":
        false,\r\n    \"enableVmProtection\": false\r\n  }\r\n}"
    headers:
      azure-asyncoperation:
<<<<<<< HEAD
      - https://management.azure.com/subscriptions/00000000-0000-0000-0000-000000000000/providers/Microsoft.Network/locations/westus/operations/ca6171b0-0fa9-4119-845e-1c9cc35b6209?api-version=2019-08-01
=======
      - https://management.azure.com/subscriptions/00000000-0000-0000-0000-000000000000/providers/Microsoft.Network/locations/westus/operations/05439038-db7c-45d2-b268-d471549f292e?api-version=2019-09-01
>>>>>>> bump to 2019-09-01 for network
      cache-control:
      - no-cache
      content-length:
      - '2769'
      content-type:
      - application/json; charset=utf-8
      date:
<<<<<<< HEAD
      - Mon, 21 Oct 2019 12:40:10 GMT
=======
      - Mon, 21 Oct 2019 13:10:33 GMT
>>>>>>> bump to 2019-09-01 for network
      expires:
      - '-1'
      pragma:
      - no-cache
      server:
      - Microsoft-HTTPAPI/2.0
      - Microsoft-HTTPAPI/2.0
      strict-transport-security:
      - max-age=31536000; includeSubDomains
      x-content-type-options:
      - nosniff
      x-ms-arm-service-request-id:
<<<<<<< HEAD
      - 5deea22b-7bea-4efc-8b65-7ba7279d59ca
=======
      - 0ba62e5b-dc43-49ce-b9db-b9200c0b5178
>>>>>>> bump to 2019-09-01 for network
      x-ms-ratelimit-remaining-subscription-writes:
      - '1185'
    status:
      code: 201
      message: Created
- request:
    body: null
    headers:
      Accept:
      - application/json
      Accept-Encoding:
      - gzip, deflate
      CommandName:
      - network vnet subnet create
      Connection:
      - keep-alive
      ParameterSetName:
      - -g --vnet-name -n --address-prefix
      User-Agent:
      - python/3.7.4 (Windows-10-10.0.18362-SP0) msrest/0.6.10 msrest_azure/0.6.2
        azure-mgmt-network/6.0.0 Azure-SDK-For-Python AZURECLI/2.0.75
    method: GET
<<<<<<< HEAD
    uri: https://management.azure.com/subscriptions/00000000-0000-0000-0000-000000000000/providers/Microsoft.Network/locations/westus/operations/ca6171b0-0fa9-4119-845e-1c9cc35b6209?api-version=2019-08-01
=======
    uri: https://management.azure.com/subscriptions/00000000-0000-0000-0000-000000000000/providers/Microsoft.Network/locations/westus/operations/05439038-db7c-45d2-b268-d471549f292e?api-version=2019-09-01
>>>>>>> bump to 2019-09-01 for network
  response:
    body:
      string: "{\r\n  \"status\": \"Succeeded\"\r\n}"
    headers:
      cache-control:
      - no-cache
      content-length:
      - '29'
      content-type:
      - application/json; charset=utf-8
      date:
<<<<<<< HEAD
      - Mon, 21 Oct 2019 12:40:15 GMT
=======
      - Mon, 21 Oct 2019 13:10:39 GMT
>>>>>>> bump to 2019-09-01 for network
      expires:
      - '-1'
      pragma:
      - no-cache
      server:
      - Microsoft-HTTPAPI/2.0
      - Microsoft-HTTPAPI/2.0
      strict-transport-security:
      - max-age=31536000; includeSubDomains
      transfer-encoding:
      - chunked
      vary:
      - Accept-Encoding
      x-content-type-options:
      - nosniff
      x-ms-arm-service-request-id:
<<<<<<< HEAD
      - e0c38095-958d-4b0d-849b-c42662341e4d
=======
      - 15564fb9-9929-41fd-85ae-a98dfb8819af
>>>>>>> bump to 2019-09-01 for network
    status:
      code: 200
      message: OK
- request:
    body: null
    headers:
      Accept:
      - application/json
      Accept-Encoding:
      - gzip, deflate
      CommandName:
      - network vnet subnet create
      Connection:
      - keep-alive
      ParameterSetName:
      - -g --vnet-name -n --address-prefix
      User-Agent:
      - python/3.7.4 (Windows-10-10.0.18362-SP0) msrest/0.6.10 msrest_azure/0.6.2
        azure-mgmt-network/6.0.0 Azure-SDK-For-Python AZURECLI/2.0.75
    method: GET
    uri: https://management.azure.com/subscriptions/00000000-0000-0000-0000-000000000000/resourceGroups/cli_vnet_cache_test000001/providers/Microsoft.Network/virtualNetworks/vnet1?api-version=2019-09-01
  response:
    body:
      string: "{\r\n  \"name\": \"vnet1\",\r\n  \"id\": \"/subscriptions/00000000-0000-0000-0000-000000000000/resourceGroups/cli_vnet_cache_test000001/providers/Microsoft.Network/virtualNetworks/vnet1\",\r\n
<<<<<<< HEAD
        \ \"etag\": \"W/\\\"664091e6-aa91-49ba-8e87-6658d4001f68\\\"\",\r\n  \"type\":
        \"Microsoft.Network/virtualNetworks\",\r\n  \"location\": \"westus\",\r\n
        \ \"tags\": {},\r\n  \"properties\": {\r\n    \"provisioningState\": \"Succeeded\",\r\n
        \   \"resourceGuid\": \"79a2df84-a464-4903-be03-42e6ba9eecc1\",\r\n    \"addressSpace\":
=======
        \ \"etag\": \"W/\\\"cc65573b-9f6c-4802-bc4c-be03e43a8f37\\\"\",\r\n  \"type\":
        \"Microsoft.Network/virtualNetworks\",\r\n  \"location\": \"westus\",\r\n
        \ \"tags\": {},\r\n  \"properties\": {\r\n    \"provisioningState\": \"Succeeded\",\r\n
        \   \"resourceGuid\": \"c713b2d3-049c-4667-b229-9e5f5254a846\",\r\n    \"addressSpace\":
>>>>>>> bump to 2019-09-01 for network
        {\r\n      \"addressPrefixes\": [\r\n        \"10.0.0.0/16\"\r\n      ]\r\n
        \   },\r\n    \"dhcpOptions\": {\r\n      \"dnsServers\": []\r\n    },\r\n
        \   \"subnets\": [\r\n      {\r\n        \"name\": \"subnet1\",\r\n        \"id\":
        \"/subscriptions/00000000-0000-0000-0000-000000000000/resourceGroups/cli_vnet_cache_test000001/providers/Microsoft.Network/virtualNetworks/vnet1/subnets/subnet1\",\r\n
<<<<<<< HEAD
        \       \"etag\": \"W/\\\"664091e6-aa91-49ba-8e87-6658d4001f68\\\"\",\r\n
=======
        \       \"etag\": \"W/\\\"cc65573b-9f6c-4802-bc4c-be03e43a8f37\\\"\",\r\n
>>>>>>> bump to 2019-09-01 for network
        \       \"properties\": {\r\n          \"provisioningState\": \"Succeeded\",\r\n
        \         \"addressPrefix\": \"10.0.0.0/24\",\r\n          \"delegations\":
        [],\r\n          \"privateEndpointNetworkPolicies\": \"Enabled\",\r\n          \"privateLinkServiceNetworkPolicies\":
        \"Enabled\"\r\n        },\r\n        \"type\": \"Microsoft.Network/virtualNetworks/subnets\"\r\n
        \     },\r\n      {\r\n        \"name\": \"subnet2\",\r\n        \"id\": \"/subscriptions/00000000-0000-0000-0000-000000000000/resourceGroups/cli_vnet_cache_test000001/providers/Microsoft.Network/virtualNetworks/vnet1/subnets/subnet2\",\r\n
<<<<<<< HEAD
        \       \"etag\": \"W/\\\"664091e6-aa91-49ba-8e87-6658d4001f68\\\"\",\r\n
=======
        \       \"etag\": \"W/\\\"cc65573b-9f6c-4802-bc4c-be03e43a8f37\\\"\",\r\n
>>>>>>> bump to 2019-09-01 for network
        \       \"properties\": {\r\n          \"provisioningState\": \"Succeeded\",\r\n
        \         \"addressPrefix\": \"10.0.1.0/24\",\r\n          \"delegations\":
        [],\r\n          \"privateEndpointNetworkPolicies\": \"Enabled\",\r\n          \"privateLinkServiceNetworkPolicies\":
        \"Enabled\"\r\n        },\r\n        \"type\": \"Microsoft.Network/virtualNetworks/subnets\"\r\n
        \     },\r\n      {\r\n        \"name\": \"subnet3\",\r\n        \"id\": \"/subscriptions/00000000-0000-0000-0000-000000000000/resourceGroups/cli_vnet_cache_test000001/providers/Microsoft.Network/virtualNetworks/vnet1/subnets/subnet3\",\r\n
<<<<<<< HEAD
        \       \"etag\": \"W/\\\"664091e6-aa91-49ba-8e87-6658d4001f68\\\"\",\r\n
=======
        \       \"etag\": \"W/\\\"cc65573b-9f6c-4802-bc4c-be03e43a8f37\\\"\",\r\n
>>>>>>> bump to 2019-09-01 for network
        \       \"properties\": {\r\n          \"provisioningState\": \"Succeeded\",\r\n
        \         \"addressPrefix\": \"10.0.2.0/24\",\r\n          \"delegations\":
        [],\r\n          \"privateEndpointNetworkPolicies\": \"Enabled\",\r\n          \"privateLinkServiceNetworkPolicies\":
        \"Enabled\"\r\n        },\r\n        \"type\": \"Microsoft.Network/virtualNetworks/subnets\"\r\n
        \     }\r\n    ],\r\n    \"virtualNetworkPeerings\": [],\r\n    \"enableDdosProtection\":
        false,\r\n    \"enableVmProtection\": false\r\n  }\r\n}"
    headers:
      cache-control:
      - no-cache
      content-length:
      - '2773'
      content-type:
      - application/json; charset=utf-8
      date:
<<<<<<< HEAD
      - Mon, 21 Oct 2019 12:40:16 GMT
      etag:
      - W/"664091e6-aa91-49ba-8e87-6658d4001f68"
=======
      - Mon, 21 Oct 2019 13:10:39 GMT
      etag:
      - W/"cc65573b-9f6c-4802-bc4c-be03e43a8f37"
>>>>>>> bump to 2019-09-01 for network
      expires:
      - '-1'
      pragma:
      - no-cache
      server:
      - Microsoft-HTTPAPI/2.0
      - Microsoft-HTTPAPI/2.0
      strict-transport-security:
      - max-age=31536000; includeSubDomains
      transfer-encoding:
      - chunked
      vary:
      - Accept-Encoding
      x-content-type-options:
      - nosniff
      x-ms-arm-service-request-id:
<<<<<<< HEAD
      - 610eef2f-8bb6-480b-ba61-afc9400fff94
=======
      - b2d02434-2500-4c02-82de-b130f08c0daa
>>>>>>> bump to 2019-09-01 for network
    status:
      code: 200
      message: OK
- request:
    body: null
    headers:
      Accept:
      - application/json
      Accept-Encoding:
      - gzip, deflate
      CommandName:
      - network vnet show
      Connection:
      - keep-alive
      ParameterSetName:
      - -g -n
      User-Agent:
      - python/3.7.4 (Windows-10-10.0.18362-SP0) msrest/0.6.10 msrest_azure/0.6.2
        azure-mgmt-network/6.0.0 Azure-SDK-For-Python AZURECLI/2.0.75
      accept-language:
      - en-US
    method: GET
    uri: https://management.azure.com/subscriptions/00000000-0000-0000-0000-000000000000/resourceGroups/cli_vnet_cache_test000001/providers/Microsoft.Network/virtualNetworks/vnet1?api-version=2019-09-01
  response:
    body:
      string: "{\r\n  \"name\": \"vnet1\",\r\n  \"id\": \"/subscriptions/00000000-0000-0000-0000-000000000000/resourceGroups/cli_vnet_cache_test000001/providers/Microsoft.Network/virtualNetworks/vnet1\",\r\n
<<<<<<< HEAD
        \ \"etag\": \"W/\\\"664091e6-aa91-49ba-8e87-6658d4001f68\\\"\",\r\n  \"type\":
        \"Microsoft.Network/virtualNetworks\",\r\n  \"location\": \"westus\",\r\n
        \ \"tags\": {},\r\n  \"properties\": {\r\n    \"provisioningState\": \"Succeeded\",\r\n
        \   \"resourceGuid\": \"79a2df84-a464-4903-be03-42e6ba9eecc1\",\r\n    \"addressSpace\":
=======
        \ \"etag\": \"W/\\\"cc65573b-9f6c-4802-bc4c-be03e43a8f37\\\"\",\r\n  \"type\":
        \"Microsoft.Network/virtualNetworks\",\r\n  \"location\": \"westus\",\r\n
        \ \"tags\": {},\r\n  \"properties\": {\r\n    \"provisioningState\": \"Succeeded\",\r\n
        \   \"resourceGuid\": \"c713b2d3-049c-4667-b229-9e5f5254a846\",\r\n    \"addressSpace\":
>>>>>>> bump to 2019-09-01 for network
        {\r\n      \"addressPrefixes\": [\r\n        \"10.0.0.0/16\"\r\n      ]\r\n
        \   },\r\n    \"dhcpOptions\": {\r\n      \"dnsServers\": []\r\n    },\r\n
        \   \"subnets\": [\r\n      {\r\n        \"name\": \"subnet1\",\r\n        \"id\":
        \"/subscriptions/00000000-0000-0000-0000-000000000000/resourceGroups/cli_vnet_cache_test000001/providers/Microsoft.Network/virtualNetworks/vnet1/subnets/subnet1\",\r\n
<<<<<<< HEAD
        \       \"etag\": \"W/\\\"664091e6-aa91-49ba-8e87-6658d4001f68\\\"\",\r\n
=======
        \       \"etag\": \"W/\\\"cc65573b-9f6c-4802-bc4c-be03e43a8f37\\\"\",\r\n
>>>>>>> bump to 2019-09-01 for network
        \       \"properties\": {\r\n          \"provisioningState\": \"Succeeded\",\r\n
        \         \"addressPrefix\": \"10.0.0.0/24\",\r\n          \"delegations\":
        [],\r\n          \"privateEndpointNetworkPolicies\": \"Enabled\",\r\n          \"privateLinkServiceNetworkPolicies\":
        \"Enabled\"\r\n        },\r\n        \"type\": \"Microsoft.Network/virtualNetworks/subnets\"\r\n
        \     },\r\n      {\r\n        \"name\": \"subnet2\",\r\n        \"id\": \"/subscriptions/00000000-0000-0000-0000-000000000000/resourceGroups/cli_vnet_cache_test000001/providers/Microsoft.Network/virtualNetworks/vnet1/subnets/subnet2\",\r\n
<<<<<<< HEAD
        \       \"etag\": \"W/\\\"664091e6-aa91-49ba-8e87-6658d4001f68\\\"\",\r\n
=======
        \       \"etag\": \"W/\\\"cc65573b-9f6c-4802-bc4c-be03e43a8f37\\\"\",\r\n
>>>>>>> bump to 2019-09-01 for network
        \       \"properties\": {\r\n          \"provisioningState\": \"Succeeded\",\r\n
        \         \"addressPrefix\": \"10.0.1.0/24\",\r\n          \"delegations\":
        [],\r\n          \"privateEndpointNetworkPolicies\": \"Enabled\",\r\n          \"privateLinkServiceNetworkPolicies\":
        \"Enabled\"\r\n        },\r\n        \"type\": \"Microsoft.Network/virtualNetworks/subnets\"\r\n
        \     },\r\n      {\r\n        \"name\": \"subnet3\",\r\n        \"id\": \"/subscriptions/00000000-0000-0000-0000-000000000000/resourceGroups/cli_vnet_cache_test000001/providers/Microsoft.Network/virtualNetworks/vnet1/subnets/subnet3\",\r\n
<<<<<<< HEAD
        \       \"etag\": \"W/\\\"664091e6-aa91-49ba-8e87-6658d4001f68\\\"\",\r\n
=======
        \       \"etag\": \"W/\\\"cc65573b-9f6c-4802-bc4c-be03e43a8f37\\\"\",\r\n
>>>>>>> bump to 2019-09-01 for network
        \       \"properties\": {\r\n          \"provisioningState\": \"Succeeded\",\r\n
        \         \"addressPrefix\": \"10.0.2.0/24\",\r\n          \"delegations\":
        [],\r\n          \"privateEndpointNetworkPolicies\": \"Enabled\",\r\n          \"privateLinkServiceNetworkPolicies\":
        \"Enabled\"\r\n        },\r\n        \"type\": \"Microsoft.Network/virtualNetworks/subnets\"\r\n
        \     }\r\n    ],\r\n    \"virtualNetworkPeerings\": [],\r\n    \"enableDdosProtection\":
        false,\r\n    \"enableVmProtection\": false\r\n  }\r\n}"
    headers:
      cache-control:
      - no-cache
      content-length:
      - '2773'
      content-type:
      - application/json; charset=utf-8
      date:
<<<<<<< HEAD
      - Mon, 21 Oct 2019 12:40:19 GMT
      etag:
      - W/"664091e6-aa91-49ba-8e87-6658d4001f68"
=======
      - Mon, 21 Oct 2019 13:10:41 GMT
      etag:
      - W/"cc65573b-9f6c-4802-bc4c-be03e43a8f37"
>>>>>>> bump to 2019-09-01 for network
      expires:
      - '-1'
      pragma:
      - no-cache
      server:
      - Microsoft-HTTPAPI/2.0
      - Microsoft-HTTPAPI/2.0
      strict-transport-security:
      - max-age=31536000; includeSubDomains
      transfer-encoding:
      - chunked
      vary:
      - Accept-Encoding
      x-content-type-options:
      - nosniff
      x-ms-arm-service-request-id:
<<<<<<< HEAD
      - 3e1c385f-2bc5-4934-bf39-1c5ff34d0205
=======
      - 92c14bb8-7f8c-42c3-bb9f-9107dd024617
>>>>>>> bump to 2019-09-01 for network
    status:
      code: 200
      message: OK
- request:
    body: null
    headers:
      Accept:
      - application/json
      Accept-Encoding:
      - gzip, deflate
      CommandName:
      - network vnet update
      Connection:
      - keep-alive
      ParameterSetName:
      - -g -n --set --defer
      User-Agent:
      - python/3.7.4 (Windows-10-10.0.18362-SP0) msrest/0.6.10 msrest_azure/0.6.2
        azure-mgmt-network/6.0.0 Azure-SDK-For-Python AZURECLI/2.0.75
      accept-language:
      - en-US
    method: GET
    uri: https://management.azure.com/subscriptions/00000000-0000-0000-0000-000000000000/resourceGroups/cli_vnet_cache_test000001/providers/Microsoft.Network/virtualNetworks/vnet1?api-version=2019-09-01
  response:
    body:
      string: "{\r\n  \"name\": \"vnet1\",\r\n  \"id\": \"/subscriptions/00000000-0000-0000-0000-000000000000/resourceGroups/cli_vnet_cache_test000001/providers/Microsoft.Network/virtualNetworks/vnet1\",\r\n
<<<<<<< HEAD
        \ \"etag\": \"W/\\\"664091e6-aa91-49ba-8e87-6658d4001f68\\\"\",\r\n  \"type\":
        \"Microsoft.Network/virtualNetworks\",\r\n  \"location\": \"westus\",\r\n
        \ \"tags\": {},\r\n  \"properties\": {\r\n    \"provisioningState\": \"Succeeded\",\r\n
        \   \"resourceGuid\": \"79a2df84-a464-4903-be03-42e6ba9eecc1\",\r\n    \"addressSpace\":
=======
        \ \"etag\": \"W/\\\"cc65573b-9f6c-4802-bc4c-be03e43a8f37\\\"\",\r\n  \"type\":
        \"Microsoft.Network/virtualNetworks\",\r\n  \"location\": \"westus\",\r\n
        \ \"tags\": {},\r\n  \"properties\": {\r\n    \"provisioningState\": \"Succeeded\",\r\n
        \   \"resourceGuid\": \"c713b2d3-049c-4667-b229-9e5f5254a846\",\r\n    \"addressSpace\":
>>>>>>> bump to 2019-09-01 for network
        {\r\n      \"addressPrefixes\": [\r\n        \"10.0.0.0/16\"\r\n      ]\r\n
        \   },\r\n    \"dhcpOptions\": {\r\n      \"dnsServers\": []\r\n    },\r\n
        \   \"subnets\": [\r\n      {\r\n        \"name\": \"subnet1\",\r\n        \"id\":
        \"/subscriptions/00000000-0000-0000-0000-000000000000/resourceGroups/cli_vnet_cache_test000001/providers/Microsoft.Network/virtualNetworks/vnet1/subnets/subnet1\",\r\n
<<<<<<< HEAD
        \       \"etag\": \"W/\\\"664091e6-aa91-49ba-8e87-6658d4001f68\\\"\",\r\n
=======
        \       \"etag\": \"W/\\\"cc65573b-9f6c-4802-bc4c-be03e43a8f37\\\"\",\r\n
>>>>>>> bump to 2019-09-01 for network
        \       \"properties\": {\r\n          \"provisioningState\": \"Succeeded\",\r\n
        \         \"addressPrefix\": \"10.0.0.0/24\",\r\n          \"delegations\":
        [],\r\n          \"privateEndpointNetworkPolicies\": \"Enabled\",\r\n          \"privateLinkServiceNetworkPolicies\":
        \"Enabled\"\r\n        },\r\n        \"type\": \"Microsoft.Network/virtualNetworks/subnets\"\r\n
        \     },\r\n      {\r\n        \"name\": \"subnet2\",\r\n        \"id\": \"/subscriptions/00000000-0000-0000-0000-000000000000/resourceGroups/cli_vnet_cache_test000001/providers/Microsoft.Network/virtualNetworks/vnet1/subnets/subnet2\",\r\n
<<<<<<< HEAD
        \       \"etag\": \"W/\\\"664091e6-aa91-49ba-8e87-6658d4001f68\\\"\",\r\n
=======
        \       \"etag\": \"W/\\\"cc65573b-9f6c-4802-bc4c-be03e43a8f37\\\"\",\r\n
>>>>>>> bump to 2019-09-01 for network
        \       \"properties\": {\r\n          \"provisioningState\": \"Succeeded\",\r\n
        \         \"addressPrefix\": \"10.0.1.0/24\",\r\n          \"delegations\":
        [],\r\n          \"privateEndpointNetworkPolicies\": \"Enabled\",\r\n          \"privateLinkServiceNetworkPolicies\":
        \"Enabled\"\r\n        },\r\n        \"type\": \"Microsoft.Network/virtualNetworks/subnets\"\r\n
        \     },\r\n      {\r\n        \"name\": \"subnet3\",\r\n        \"id\": \"/subscriptions/00000000-0000-0000-0000-000000000000/resourceGroups/cli_vnet_cache_test000001/providers/Microsoft.Network/virtualNetworks/vnet1/subnets/subnet3\",\r\n
<<<<<<< HEAD
        \       \"etag\": \"W/\\\"664091e6-aa91-49ba-8e87-6658d4001f68\\\"\",\r\n
=======
        \       \"etag\": \"W/\\\"cc65573b-9f6c-4802-bc4c-be03e43a8f37\\\"\",\r\n
>>>>>>> bump to 2019-09-01 for network
        \       \"properties\": {\r\n          \"provisioningState\": \"Succeeded\",\r\n
        \         \"addressPrefix\": \"10.0.2.0/24\",\r\n          \"delegations\":
        [],\r\n          \"privateEndpointNetworkPolicies\": \"Enabled\",\r\n          \"privateLinkServiceNetworkPolicies\":
        \"Enabled\"\r\n        },\r\n        \"type\": \"Microsoft.Network/virtualNetworks/subnets\"\r\n
        \     }\r\n    ],\r\n    \"virtualNetworkPeerings\": [],\r\n    \"enableDdosProtection\":
        false,\r\n    \"enableVmProtection\": false\r\n  }\r\n}"
    headers:
      cache-control:
      - no-cache
      content-length:
      - '2773'
      content-type:
      - application/json; charset=utf-8
      date:
<<<<<<< HEAD
      - Mon, 21 Oct 2019 12:40:22 GMT
      etag:
      - W/"664091e6-aa91-49ba-8e87-6658d4001f68"
=======
      - Mon, 21 Oct 2019 13:10:42 GMT
      etag:
      - W/"cc65573b-9f6c-4802-bc4c-be03e43a8f37"
>>>>>>> bump to 2019-09-01 for network
      expires:
      - '-1'
      pragma:
      - no-cache
      server:
      - Microsoft-HTTPAPI/2.0
      - Microsoft-HTTPAPI/2.0
      strict-transport-security:
      - max-age=31536000; includeSubDomains
      transfer-encoding:
      - chunked
      vary:
      - Accept-Encoding
      x-content-type-options:
      - nosniff
      x-ms-arm-service-request-id:
<<<<<<< HEAD
      - 0e0d23e0-63f9-413a-8724-e586903c5039
=======
      - 6efa72b8-70b1-4d11-87f4-3e9997caa94e
>>>>>>> bump to 2019-09-01 for network
    status:
      code: 200
      message: OK
- request:
    body: 'b''{"id": "/subscriptions/00000000-0000-0000-0000-000000000000/resourceGroups/cli_vnet_cache_test000001/providers/Microsoft.Network/virtualNetworks/vnet1",
      "location": "westus", "tags": {"a": "1", "b": "2"}, "properties": {"addressSpace":
      {"addressPrefixes": ["10.0.0.0/16"]}, "dhcpOptions": {"dnsServers": []}, "subnets":
      [{"id": "/subscriptions/00000000-0000-0000-0000-000000000000/resourceGroups/cli_vnet_cache_test000001/providers/Microsoft.Network/virtualNetworks/vnet1/subnets/subnet1",
      "properties": {"addressPrefix": "10.0.0.0/24", "delegations": [], "provisioningState":
      "Succeeded", "privateEndpointNetworkPolicies": "Enabled", "privateLinkServiceNetworkPolicies":
<<<<<<< HEAD
      "Enabled"}, "name": "subnet1", "etag": "W/\\"664091e6-aa91-49ba-8e87-6658d4001f68\\""},
      {"id": "/subscriptions/00000000-0000-0000-0000-000000000000/resourceGroups/cli_vnet_cache_test000001/providers/Microsoft.Network/virtualNetworks/vnet1/subnets/subnet2",
      "properties": {"addressPrefix": "10.0.1.0/24", "delegations": [], "provisioningState":
      "Succeeded", "privateEndpointNetworkPolicies": "Enabled", "privateLinkServiceNetworkPolicies":
      "Enabled"}, "name": "subnet2", "etag": "W/\\"664091e6-aa91-49ba-8e87-6658d4001f68\\""},
      {"id": "/subscriptions/00000000-0000-0000-0000-000000000000/resourceGroups/cli_vnet_cache_test000001/providers/Microsoft.Network/virtualNetworks/vnet1/subnets/subnet3",
      "properties": {"addressPrefix": "10.0.2.0/24", "delegations": [], "provisioningState":
      "Succeeded", "privateEndpointNetworkPolicies": "Enabled", "privateLinkServiceNetworkPolicies":
      "Enabled"}, "name": "subnet3", "etag": "W/\\"664091e6-aa91-49ba-8e87-6658d4001f68\\""}],
      "virtualNetworkPeerings": [], "resourceGuid": "79a2df84-a464-4903-be03-42e6ba9eecc1",
      "provisioningState": "Succeeded", "enableDdosProtection": false, "enableVmProtection":
      false}, "etag": "W/\\"664091e6-aa91-49ba-8e87-6658d4001f68\\""}'''
=======
      "Enabled"}, "name": "subnet1", "etag": "W/\\"cc65573b-9f6c-4802-bc4c-be03e43a8f37\\""},
      {"id": "/subscriptions/00000000-0000-0000-0000-000000000000/resourceGroups/cli_vnet_cache_test000001/providers/Microsoft.Network/virtualNetworks/vnet1/subnets/subnet2",
      "properties": {"addressPrefix": "10.0.1.0/24", "delegations": [], "provisioningState":
      "Succeeded", "privateEndpointNetworkPolicies": "Enabled", "privateLinkServiceNetworkPolicies":
      "Enabled"}, "name": "subnet2", "etag": "W/\\"cc65573b-9f6c-4802-bc4c-be03e43a8f37\\""},
      {"id": "/subscriptions/00000000-0000-0000-0000-000000000000/resourceGroups/cli_vnet_cache_test000001/providers/Microsoft.Network/virtualNetworks/vnet1/subnets/subnet3",
      "properties": {"addressPrefix": "10.0.2.0/24", "delegations": [], "provisioningState":
      "Succeeded", "privateEndpointNetworkPolicies": "Enabled", "privateLinkServiceNetworkPolicies":
      "Enabled"}, "name": "subnet3", "etag": "W/\\"cc65573b-9f6c-4802-bc4c-be03e43a8f37\\""}],
      "virtualNetworkPeerings": [], "resourceGuid": "c713b2d3-049c-4667-b229-9e5f5254a846",
      "provisioningState": "Succeeded", "enableDdosProtection": false, "enableVmProtection":
      false}, "etag": "W/\\"cc65573b-9f6c-4802-bc4c-be03e43a8f37\\""}'''
>>>>>>> bump to 2019-09-01 for network
    headers:
      Accept:
      - application/json
      Accept-Encoding:
      - gzip, deflate
      CommandName:
      - network vnet update
      Connection:
      - keep-alive
      Content-Length:
      - '2067'
      Content-Type:
      - application/json; charset=utf-8
      ParameterSetName:
      - -g -n --set
      User-Agent:
      - python/3.7.4 (Windows-10-10.0.18362-SP0) msrest/0.6.10 msrest_azure/0.6.2
        azure-mgmt-network/6.0.0 Azure-SDK-For-Python AZURECLI/2.0.75
      accept-language:
      - en-US
    method: PUT
    uri: https://management.azure.com/subscriptions/00000000-0000-0000-0000-000000000000/resourceGroups/cli_vnet_cache_test000001/providers/Microsoft.Network/virtualNetworks/vnet1?api-version=2019-09-01
  response:
    body:
      string: "{\r\n  \"name\": \"vnet1\",\r\n  \"id\": \"/subscriptions/00000000-0000-0000-0000-000000000000/resourceGroups/cli_vnet_cache_test000001/providers/Microsoft.Network/virtualNetworks/vnet1\",\r\n
<<<<<<< HEAD
        \ \"etag\": \"W/\\\"c981bc43-8ed4-4df8-9410-c5a625d62e03\\\"\",\r\n  \"type\":
        \"Microsoft.Network/virtualNetworks\",\r\n  \"location\": \"westus\",\r\n
        \ \"tags\": {\r\n    \"a\": \"1\",\r\n    \"b\": \"2\"\r\n  },\r\n  \"properties\":
        {\r\n    \"provisioningState\": \"Succeeded\",\r\n    \"resourceGuid\": \"79a2df84-a464-4903-be03-42e6ba9eecc1\",\r\n
=======
        \ \"etag\": \"W/\\\"8c01653f-5ae9-4973-bb25-5e6f2b05213e\\\"\",\r\n  \"type\":
        \"Microsoft.Network/virtualNetworks\",\r\n  \"location\": \"westus\",\r\n
        \ \"tags\": {\r\n    \"a\": \"1\",\r\n    \"b\": \"2\"\r\n  },\r\n  \"properties\":
        {\r\n    \"provisioningState\": \"Succeeded\",\r\n    \"resourceGuid\": \"c713b2d3-049c-4667-b229-9e5f5254a846\",\r\n
>>>>>>> bump to 2019-09-01 for network
        \   \"addressSpace\": {\r\n      \"addressPrefixes\": [\r\n        \"10.0.0.0/16\"\r\n
        \     ]\r\n    },\r\n    \"dhcpOptions\": {\r\n      \"dnsServers\": []\r\n
        \   },\r\n    \"subnets\": [\r\n      {\r\n        \"name\": \"subnet1\",\r\n
        \       \"id\": \"/subscriptions/00000000-0000-0000-0000-000000000000/resourceGroups/cli_vnet_cache_test000001/providers/Microsoft.Network/virtualNetworks/vnet1/subnets/subnet1\",\r\n
<<<<<<< HEAD
        \       \"etag\": \"W/\\\"c981bc43-8ed4-4df8-9410-c5a625d62e03\\\"\",\r\n
=======
        \       \"etag\": \"W/\\\"8c01653f-5ae9-4973-bb25-5e6f2b05213e\\\"\",\r\n
>>>>>>> bump to 2019-09-01 for network
        \       \"properties\": {\r\n          \"provisioningState\": \"Succeeded\",\r\n
        \         \"addressPrefix\": \"10.0.0.0/24\",\r\n          \"delegations\":
        [],\r\n          \"privateEndpointNetworkPolicies\": \"Enabled\",\r\n          \"privateLinkServiceNetworkPolicies\":
        \"Enabled\"\r\n        },\r\n        \"type\": \"Microsoft.Network/virtualNetworks/subnets\"\r\n
        \     },\r\n      {\r\n        \"name\": \"subnet2\",\r\n        \"id\": \"/subscriptions/00000000-0000-0000-0000-000000000000/resourceGroups/cli_vnet_cache_test000001/providers/Microsoft.Network/virtualNetworks/vnet1/subnets/subnet2\",\r\n
<<<<<<< HEAD
        \       \"etag\": \"W/\\\"c981bc43-8ed4-4df8-9410-c5a625d62e03\\\"\",\r\n
=======
        \       \"etag\": \"W/\\\"8c01653f-5ae9-4973-bb25-5e6f2b05213e\\\"\",\r\n
>>>>>>> bump to 2019-09-01 for network
        \       \"properties\": {\r\n          \"provisioningState\": \"Succeeded\",\r\n
        \         \"addressPrefix\": \"10.0.1.0/24\",\r\n          \"delegations\":
        [],\r\n          \"privateEndpointNetworkPolicies\": \"Enabled\",\r\n          \"privateLinkServiceNetworkPolicies\":
        \"Enabled\"\r\n        },\r\n        \"type\": \"Microsoft.Network/virtualNetworks/subnets\"\r\n
        \     },\r\n      {\r\n        \"name\": \"subnet3\",\r\n        \"id\": \"/subscriptions/00000000-0000-0000-0000-000000000000/resourceGroups/cli_vnet_cache_test000001/providers/Microsoft.Network/virtualNetworks/vnet1/subnets/subnet3\",\r\n
<<<<<<< HEAD
        \       \"etag\": \"W/\\\"c981bc43-8ed4-4df8-9410-c5a625d62e03\\\"\",\r\n
=======
        \       \"etag\": \"W/\\\"8c01653f-5ae9-4973-bb25-5e6f2b05213e\\\"\",\r\n
>>>>>>> bump to 2019-09-01 for network
        \       \"properties\": {\r\n          \"provisioningState\": \"Succeeded\",\r\n
        \         \"addressPrefix\": \"10.0.2.0/24\",\r\n          \"delegations\":
        [],\r\n          \"privateEndpointNetworkPolicies\": \"Enabled\",\r\n          \"privateLinkServiceNetworkPolicies\":
        \"Enabled\"\r\n        },\r\n        \"type\": \"Microsoft.Network/virtualNetworks/subnets\"\r\n
        \     }\r\n    ],\r\n    \"virtualNetworkPeerings\": [],\r\n    \"enableDdosProtection\":
        false,\r\n    \"enableVmProtection\": false\r\n  }\r\n}"
    headers:
      azure-asyncoperation:
<<<<<<< HEAD
      - https://management.azure.com/subscriptions/00000000-0000-0000-0000-000000000000/providers/Microsoft.Network/locations/westus/operations/88e61fb0-f04e-471c-91ad-7aac60470411?api-version=2019-08-01
=======
      - https://management.azure.com/subscriptions/00000000-0000-0000-0000-000000000000/providers/Microsoft.Network/locations/westus/operations/dc3ccf92-cc1f-4acd-a2ba-bd303cc1735b?api-version=2019-09-01
>>>>>>> bump to 2019-09-01 for network
      cache-control:
      - no-cache
      content-length:
      - '2806'
      content-type:
      - application/json; charset=utf-8
      date:
<<<<<<< HEAD
      - Mon, 21 Oct 2019 12:40:26 GMT
=======
      - Mon, 21 Oct 2019 13:10:45 GMT
>>>>>>> bump to 2019-09-01 for network
      expires:
      - '-1'
      pragma:
      - no-cache
      server:
      - Microsoft-HTTPAPI/2.0
      - Microsoft-HTTPAPI/2.0
      strict-transport-security:
      - max-age=31536000; includeSubDomains
      transfer-encoding:
      - chunked
      vary:
      - Accept-Encoding
      x-content-type-options:
      - nosniff
      x-ms-arm-service-request-id:
<<<<<<< HEAD
      - 54b415e9-95c7-4f63-ae40-4924aeab1040
      x-ms-ratelimit-remaining-subscription-writes:
      - '1182'
=======
      - c21f3908-9f53-45fe-ab46-6458c3a1522a
      x-ms-ratelimit-remaining-subscription-writes:
      - '1178'
>>>>>>> bump to 2019-09-01 for network
    status:
      code: 200
      message: OK
- request:
    body: null
    headers:
      Accept:
      - application/json
      Accept-Encoding:
      - gzip, deflate
      CommandName:
      - network vnet update
      Connection:
      - keep-alive
      ParameterSetName:
      - -g -n --set
      User-Agent:
      - python/3.7.4 (Windows-10-10.0.18362-SP0) msrest/0.6.10 msrest_azure/0.6.2
        azure-mgmt-network/6.0.0 Azure-SDK-For-Python AZURECLI/2.0.75
    method: GET
<<<<<<< HEAD
    uri: https://management.azure.com/subscriptions/00000000-0000-0000-0000-000000000000/providers/Microsoft.Network/locations/westus/operations/88e61fb0-f04e-471c-91ad-7aac60470411?api-version=2019-08-01
=======
    uri: https://management.azure.com/subscriptions/00000000-0000-0000-0000-000000000000/providers/Microsoft.Network/locations/westus/operations/dc3ccf92-cc1f-4acd-a2ba-bd303cc1735b?api-version=2019-09-01
>>>>>>> bump to 2019-09-01 for network
  response:
    body:
      string: "{\r\n  \"status\": \"Succeeded\"\r\n}"
    headers:
      cache-control:
      - no-cache
      content-length:
      - '29'
      content-type:
      - application/json; charset=utf-8
      date:
<<<<<<< HEAD
      - Mon, 21 Oct 2019 12:40:59 GMT
=======
      - Mon, 21 Oct 2019 13:11:17 GMT
>>>>>>> bump to 2019-09-01 for network
      expires:
      - '-1'
      pragma:
      - no-cache
      server:
      - Microsoft-HTTPAPI/2.0
      - Microsoft-HTTPAPI/2.0
      strict-transport-security:
      - max-age=31536000; includeSubDomains
      transfer-encoding:
      - chunked
      vary:
      - Accept-Encoding
      x-content-type-options:
      - nosniff
      x-ms-arm-service-request-id:
<<<<<<< HEAD
      - 465cf2a1-8054-4606-9d1e-16c609e0e097
=======
      - 8947f802-83f3-4c6b-bf26-61936c66e087
>>>>>>> bump to 2019-09-01 for network
    status:
      code: 200
      message: OK
- request:
    body: null
    headers:
      Accept:
      - application/json
      Accept-Encoding:
      - gzip, deflate
      CommandName:
      - network vnet update
      Connection:
      - keep-alive
      ParameterSetName:
      - -g -n --set
      User-Agent:
      - python/3.7.4 (Windows-10-10.0.18362-SP0) msrest/0.6.10 msrest_azure/0.6.2
        azure-mgmt-network/6.0.0 Azure-SDK-For-Python AZURECLI/2.0.75
    method: GET
    uri: https://management.azure.com/subscriptions/00000000-0000-0000-0000-000000000000/resourceGroups/cli_vnet_cache_test000001/providers/Microsoft.Network/virtualNetworks/vnet1?api-version=2019-09-01
  response:
    body:
      string: "{\r\n  \"name\": \"vnet1\",\r\n  \"id\": \"/subscriptions/00000000-0000-0000-0000-000000000000/resourceGroups/cli_vnet_cache_test000001/providers/Microsoft.Network/virtualNetworks/vnet1\",\r\n
<<<<<<< HEAD
        \ \"etag\": \"W/\\\"c981bc43-8ed4-4df8-9410-c5a625d62e03\\\"\",\r\n  \"type\":
        \"Microsoft.Network/virtualNetworks\",\r\n  \"location\": \"westus\",\r\n
        \ \"tags\": {\r\n    \"a\": \"1\",\r\n    \"b\": \"2\"\r\n  },\r\n  \"properties\":
        {\r\n    \"provisioningState\": \"Succeeded\",\r\n    \"resourceGuid\": \"79a2df84-a464-4903-be03-42e6ba9eecc1\",\r\n
=======
        \ \"etag\": \"W/\\\"8c01653f-5ae9-4973-bb25-5e6f2b05213e\\\"\",\r\n  \"type\":
        \"Microsoft.Network/virtualNetworks\",\r\n  \"location\": \"westus\",\r\n
        \ \"tags\": {\r\n    \"a\": \"1\",\r\n    \"b\": \"2\"\r\n  },\r\n  \"properties\":
        {\r\n    \"provisioningState\": \"Succeeded\",\r\n    \"resourceGuid\": \"c713b2d3-049c-4667-b229-9e5f5254a846\",\r\n
>>>>>>> bump to 2019-09-01 for network
        \   \"addressSpace\": {\r\n      \"addressPrefixes\": [\r\n        \"10.0.0.0/16\"\r\n
        \     ]\r\n    },\r\n    \"dhcpOptions\": {\r\n      \"dnsServers\": []\r\n
        \   },\r\n    \"subnets\": [\r\n      {\r\n        \"name\": \"subnet1\",\r\n
        \       \"id\": \"/subscriptions/00000000-0000-0000-0000-000000000000/resourceGroups/cli_vnet_cache_test000001/providers/Microsoft.Network/virtualNetworks/vnet1/subnets/subnet1\",\r\n
<<<<<<< HEAD
        \       \"etag\": \"W/\\\"c981bc43-8ed4-4df8-9410-c5a625d62e03\\\"\",\r\n
=======
        \       \"etag\": \"W/\\\"8c01653f-5ae9-4973-bb25-5e6f2b05213e\\\"\",\r\n
>>>>>>> bump to 2019-09-01 for network
        \       \"properties\": {\r\n          \"provisioningState\": \"Succeeded\",\r\n
        \         \"addressPrefix\": \"10.0.0.0/24\",\r\n          \"delegations\":
        [],\r\n          \"privateEndpointNetworkPolicies\": \"Enabled\",\r\n          \"privateLinkServiceNetworkPolicies\":
        \"Enabled\"\r\n        },\r\n        \"type\": \"Microsoft.Network/virtualNetworks/subnets\"\r\n
        \     },\r\n      {\r\n        \"name\": \"subnet2\",\r\n        \"id\": \"/subscriptions/00000000-0000-0000-0000-000000000000/resourceGroups/cli_vnet_cache_test000001/providers/Microsoft.Network/virtualNetworks/vnet1/subnets/subnet2\",\r\n
<<<<<<< HEAD
        \       \"etag\": \"W/\\\"c981bc43-8ed4-4df8-9410-c5a625d62e03\\\"\",\r\n
=======
        \       \"etag\": \"W/\\\"8c01653f-5ae9-4973-bb25-5e6f2b05213e\\\"\",\r\n
>>>>>>> bump to 2019-09-01 for network
        \       \"properties\": {\r\n          \"provisioningState\": \"Succeeded\",\r\n
        \         \"addressPrefix\": \"10.0.1.0/24\",\r\n          \"delegations\":
        [],\r\n          \"privateEndpointNetworkPolicies\": \"Enabled\",\r\n          \"privateLinkServiceNetworkPolicies\":
        \"Enabled\"\r\n        },\r\n        \"type\": \"Microsoft.Network/virtualNetworks/subnets\"\r\n
        \     },\r\n      {\r\n        \"name\": \"subnet3\",\r\n        \"id\": \"/subscriptions/00000000-0000-0000-0000-000000000000/resourceGroups/cli_vnet_cache_test000001/providers/Microsoft.Network/virtualNetworks/vnet1/subnets/subnet3\",\r\n
<<<<<<< HEAD
        \       \"etag\": \"W/\\\"c981bc43-8ed4-4df8-9410-c5a625d62e03\\\"\",\r\n
=======
        \       \"etag\": \"W/\\\"8c01653f-5ae9-4973-bb25-5e6f2b05213e\\\"\",\r\n
>>>>>>> bump to 2019-09-01 for network
        \       \"properties\": {\r\n          \"provisioningState\": \"Succeeded\",\r\n
        \         \"addressPrefix\": \"10.0.2.0/24\",\r\n          \"delegations\":
        [],\r\n          \"privateEndpointNetworkPolicies\": \"Enabled\",\r\n          \"privateLinkServiceNetworkPolicies\":
        \"Enabled\"\r\n        },\r\n        \"type\": \"Microsoft.Network/virtualNetworks/subnets\"\r\n
        \     }\r\n    ],\r\n    \"virtualNetworkPeerings\": [],\r\n    \"enableDdosProtection\":
        false,\r\n    \"enableVmProtection\": false\r\n  }\r\n}"
    headers:
      cache-control:
      - no-cache
      content-length:
      - '2806'
      content-type:
      - application/json; charset=utf-8
      date:
<<<<<<< HEAD
      - Mon, 21 Oct 2019 12:40:59 GMT
      etag:
      - W/"c981bc43-8ed4-4df8-9410-c5a625d62e03"
=======
      - Mon, 21 Oct 2019 13:11:17 GMT
      etag:
      - W/"8c01653f-5ae9-4973-bb25-5e6f2b05213e"
>>>>>>> bump to 2019-09-01 for network
      expires:
      - '-1'
      pragma:
      - no-cache
      server:
      - Microsoft-HTTPAPI/2.0
      - Microsoft-HTTPAPI/2.0
      strict-transport-security:
      - max-age=31536000; includeSubDomains
      transfer-encoding:
      - chunked
      vary:
      - Accept-Encoding
      x-content-type-options:
      - nosniff
      x-ms-arm-service-request-id:
<<<<<<< HEAD
      - 59c98336-c1ff-43be-8cb5-4a6d67570832
=======
      - a1c21585-322c-41de-8533-d0e0a5f50920
>>>>>>> bump to 2019-09-01 for network
    status:
      code: 200
      message: OK
- request:
    body: null
    headers:
      Accept:
      - application/json
      Accept-Encoding:
      - gzip, deflate
      CommandName:
      - network vnet show
      Connection:
      - keep-alive
      ParameterSetName:
      - -g -n
      User-Agent:
      - python/3.7.4 (Windows-10-10.0.18362-SP0) msrest/0.6.10 msrest_azure/0.6.2
        azure-mgmt-network/6.0.0 Azure-SDK-For-Python AZURECLI/2.0.75
      accept-language:
      - en-US
    method: GET
    uri: https://management.azure.com/subscriptions/00000000-0000-0000-0000-000000000000/resourceGroups/cli_vnet_cache_test000001/providers/Microsoft.Network/virtualNetworks/vnet1?api-version=2019-09-01
  response:
    body:
      string: "{\r\n  \"name\": \"vnet1\",\r\n  \"id\": \"/subscriptions/00000000-0000-0000-0000-000000000000/resourceGroups/cli_vnet_cache_test000001/providers/Microsoft.Network/virtualNetworks/vnet1\",\r\n
<<<<<<< HEAD
        \ \"etag\": \"W/\\\"c981bc43-8ed4-4df8-9410-c5a625d62e03\\\"\",\r\n  \"type\":
        \"Microsoft.Network/virtualNetworks\",\r\n  \"location\": \"westus\",\r\n
        \ \"tags\": {\r\n    \"a\": \"1\",\r\n    \"b\": \"2\"\r\n  },\r\n  \"properties\":
        {\r\n    \"provisioningState\": \"Succeeded\",\r\n    \"resourceGuid\": \"79a2df84-a464-4903-be03-42e6ba9eecc1\",\r\n
=======
        \ \"etag\": \"W/\\\"8c01653f-5ae9-4973-bb25-5e6f2b05213e\\\"\",\r\n  \"type\":
        \"Microsoft.Network/virtualNetworks\",\r\n  \"location\": \"westus\",\r\n
        \ \"tags\": {\r\n    \"a\": \"1\",\r\n    \"b\": \"2\"\r\n  },\r\n  \"properties\":
        {\r\n    \"provisioningState\": \"Succeeded\",\r\n    \"resourceGuid\": \"c713b2d3-049c-4667-b229-9e5f5254a846\",\r\n
>>>>>>> bump to 2019-09-01 for network
        \   \"addressSpace\": {\r\n      \"addressPrefixes\": [\r\n        \"10.0.0.0/16\"\r\n
        \     ]\r\n    },\r\n    \"dhcpOptions\": {\r\n      \"dnsServers\": []\r\n
        \   },\r\n    \"subnets\": [\r\n      {\r\n        \"name\": \"subnet1\",\r\n
        \       \"id\": \"/subscriptions/00000000-0000-0000-0000-000000000000/resourceGroups/cli_vnet_cache_test000001/providers/Microsoft.Network/virtualNetworks/vnet1/subnets/subnet1\",\r\n
<<<<<<< HEAD
        \       \"etag\": \"W/\\\"c981bc43-8ed4-4df8-9410-c5a625d62e03\\\"\",\r\n
=======
        \       \"etag\": \"W/\\\"8c01653f-5ae9-4973-bb25-5e6f2b05213e\\\"\",\r\n
>>>>>>> bump to 2019-09-01 for network
        \       \"properties\": {\r\n          \"provisioningState\": \"Succeeded\",\r\n
        \         \"addressPrefix\": \"10.0.0.0/24\",\r\n          \"delegations\":
        [],\r\n          \"privateEndpointNetworkPolicies\": \"Enabled\",\r\n          \"privateLinkServiceNetworkPolicies\":
        \"Enabled\"\r\n        },\r\n        \"type\": \"Microsoft.Network/virtualNetworks/subnets\"\r\n
        \     },\r\n      {\r\n        \"name\": \"subnet2\",\r\n        \"id\": \"/subscriptions/00000000-0000-0000-0000-000000000000/resourceGroups/cli_vnet_cache_test000001/providers/Microsoft.Network/virtualNetworks/vnet1/subnets/subnet2\",\r\n
<<<<<<< HEAD
        \       \"etag\": \"W/\\\"c981bc43-8ed4-4df8-9410-c5a625d62e03\\\"\",\r\n
=======
        \       \"etag\": \"W/\\\"8c01653f-5ae9-4973-bb25-5e6f2b05213e\\\"\",\r\n
>>>>>>> bump to 2019-09-01 for network
        \       \"properties\": {\r\n          \"provisioningState\": \"Succeeded\",\r\n
        \         \"addressPrefix\": \"10.0.1.0/24\",\r\n          \"delegations\":
        [],\r\n          \"privateEndpointNetworkPolicies\": \"Enabled\",\r\n          \"privateLinkServiceNetworkPolicies\":
        \"Enabled\"\r\n        },\r\n        \"type\": \"Microsoft.Network/virtualNetworks/subnets\"\r\n
        \     },\r\n      {\r\n        \"name\": \"subnet3\",\r\n        \"id\": \"/subscriptions/00000000-0000-0000-0000-000000000000/resourceGroups/cli_vnet_cache_test000001/providers/Microsoft.Network/virtualNetworks/vnet1/subnets/subnet3\",\r\n
<<<<<<< HEAD
        \       \"etag\": \"W/\\\"c981bc43-8ed4-4df8-9410-c5a625d62e03\\\"\",\r\n
=======
        \       \"etag\": \"W/\\\"8c01653f-5ae9-4973-bb25-5e6f2b05213e\\\"\",\r\n
>>>>>>> bump to 2019-09-01 for network
        \       \"properties\": {\r\n          \"provisioningState\": \"Succeeded\",\r\n
        \         \"addressPrefix\": \"10.0.2.0/24\",\r\n          \"delegations\":
        [],\r\n          \"privateEndpointNetworkPolicies\": \"Enabled\",\r\n          \"privateLinkServiceNetworkPolicies\":
        \"Enabled\"\r\n        },\r\n        \"type\": \"Microsoft.Network/virtualNetworks/subnets\"\r\n
        \     }\r\n    ],\r\n    \"virtualNetworkPeerings\": [],\r\n    \"enableDdosProtection\":
        false,\r\n    \"enableVmProtection\": false\r\n  }\r\n}"
    headers:
      cache-control:
      - no-cache
      content-length:
      - '2806'
      content-type:
      - application/json; charset=utf-8
      date:
<<<<<<< HEAD
      - Mon, 21 Oct 2019 12:41:01 GMT
      etag:
      - W/"c981bc43-8ed4-4df8-9410-c5a625d62e03"
=======
      - Mon, 21 Oct 2019 13:11:19 GMT
      etag:
      - W/"8c01653f-5ae9-4973-bb25-5e6f2b05213e"
>>>>>>> bump to 2019-09-01 for network
      expires:
      - '-1'
      pragma:
      - no-cache
      server:
      - Microsoft-HTTPAPI/2.0
      - Microsoft-HTTPAPI/2.0
      strict-transport-security:
      - max-age=31536000; includeSubDomains
      transfer-encoding:
      - chunked
      vary:
      - Accept-Encoding
      x-content-type-options:
      - nosniff
      x-ms-arm-service-request-id:
<<<<<<< HEAD
      - 938f36ea-5a22-4230-b8b3-3bd78a3ddede
=======
      - 987c293d-2843-4591-a2c0-8eb7548635d3
>>>>>>> bump to 2019-09-01 for network
    status:
      code: 200
      message: OK
version: 1
