interactions:
- request:
    body: null
    headers:
      Accept:
      - application/json
      Accept-Encoding:
      - gzip, deflate
      CommandName:
      - network cross-region-lb create
      Connection:
      - keep-alive
      ParameterSetName:
      - -n -g
      User-Agent:
      - python/3.7.8 (Windows-10-10.0.19041-SP0) msrest/0.6.18 msrest_azure/0.6.3
        azure-mgmt-resource/10.2.0 Azure-SDK-For-Python AZURECLI/2.15.1
      accept-language:
      - en-US
    method: GET
    uri: https://management.azure.com/subscriptions/00000000-0000-0000-0000-000000000000/resourcegroups/cli_test_cr_load_balancer000001?api-version=2020-06-01
  response:
    body:
      string: '{"id":"/subscriptions/00000000-0000-0000-0000-000000000000/resourceGroups/cli_test_cr_load_balancer000001","name":"cli_test_cr_load_balancer000001","type":"Microsoft.Resources/resourceGroups","location":"westus","tags":{"product":"azurecli","cause":"automation","date":"2020-12-02T10:19:42Z"},"properties":{"provisioningState":"Succeeded"}}'
    headers:
      cache-control:
      - no-cache
      content-length:
      - '428'
      content-type:
      - application/json; charset=utf-8
      date:
      - Wed, 02 Dec 2020 10:19:46 GMT
      expires:
      - '-1'
      pragma:
      - no-cache
      strict-transport-security:
      - max-age=31536000; includeSubDomains
      vary:
      - Accept-Encoding
      x-content-type-options:
      - nosniff
    status:
      code: 200
      message: OK
- request:
    body: null
    headers:
      Accept:
      - application/json
      Accept-Encoding:
      - gzip, deflate
      CommandName:
      - network cross-region-lb create
      Connection:
      - keep-alive
      ParameterSetName:
      - -n -g
      User-Agent:
      - python/3.7.8 (Windows-10-10.0.19041-SP0) msrest/0.6.18 msrest_azure/0.6.3
        azure-mgmt-resource/10.2.0 Azure-SDK-For-Python AZURECLI/2.15.1
      accept-language:
      - en-US
    method: GET
    uri: https://management.azure.com/subscriptions/00000000-0000-0000-0000-000000000000/resources?$filter=resourceGroup%20eq%20%27cli_test_cr_load_balancer000001%27%20and%20name%20eq%20%27None%27%20and%20resourceType%20eq%20%27Microsoft.Network%2FpublicIPAddresses%27&api-version=2020-06-01
  response:
    body:
      string: '{"value":[]}'
    headers:
      cache-control:
      - no-cache
      content-length:
      - '12'
      content-type:
      - application/json; charset=utf-8
      date:
      - Wed, 02 Dec 2020 10:19:46 GMT
      expires:
      - '-1'
      pragma:
      - no-cache
      strict-transport-security:
      - max-age=31536000; includeSubDomains
      vary:
      - Accept-Encoding
      x-content-type-options:
      - nosniff
    status:
      code: 200
      message: OK
- request:
    body: '{"properties": {"template": {"$schema": "https://schema.management.azure.com/schemas/2015-01-01/deploymentTemplate.json#",
      "contentVersion": "1.0.0.0", "parameters": {}, "variables": {}, "resources":
      [{"apiVersion": "2020-07-01", "type": "Microsoft.Network/publicIPAddresses",
      "name": "PublicIPcross-region-lb1", "location": "westus", "tags": {}, "dependsOn":
      [], "properties": {"publicIPAllocationMethod": "Static"}, "sku": {"name": "standard",
      "tier": "Global"}}, {"type": "Microsoft.Network/loadBalancers", "name": "cross-region-lb1",
      "location": "westus", "tags": {}, "apiVersion": "2020-07-01", "dependsOn": ["Microsoft.Network/publicIpAddresses/PublicIPcross-region-lb1"],
      "properties": {"backendAddressPools": [{"name": "cross-region-lb1bepool"}],
      "frontendIPConfigurations": [{"name": "LoadBalancerFrontEnd", "properties":
      {"publicIPAddress": {"id": "/subscriptions/00000000-0000-0000-0000-000000000000/resourceGroups/cli_test_cr_load_balancer000001/providers/Microsoft.Network/publicIPAddresses/PublicIPcross-region-lb1"}}}]},
      "sku": {"name": "standard", "tier": "Global"}}], "outputs": {"loadBalancer":
      {"type": "object", "value": "[reference(''cross-region-lb1'')]"}}}, "parameters":
      {}, "mode": "Incremental"}}'
    headers:
      Accept:
      - application/json
      Accept-Encoding:
      - gzip, deflate
      CommandName:
      - network cross-region-lb create
      Connection:
      - keep-alive
      Content-Length:
      - '1264'
      Content-Type:
      - application/json; charset=utf-8
      ParameterSetName:
      - -n -g
      User-Agent:
      - python/3.7.8 (Windows-10-10.0.19041-SP0) msrest/0.6.18 msrest_azure/0.6.3
        azure-mgmt-resource/10.2.0 Azure-SDK-For-Python AZURECLI/2.15.1
      accept-language:
      - en-US
    method: PUT
    uri: https://management.azure.com/subscriptions/00000000-0000-0000-0000-000000000000/resourcegroups/cli_test_cr_load_balancer000001/providers/Microsoft.Resources/deployments/mock-deployment?api-version=2020-06-01
  response:
    body:
      string: '{"id":"/subscriptions/00000000-0000-0000-0000-000000000000/resourceGroups/cli_test_cr_load_balancer000001/providers/Microsoft.Resources/deployments/lb_deploy_wN2AAdJXFtOU7cXAKvaXfPyl3TckqoWb","name":"lb_deploy_wN2AAdJXFtOU7cXAKvaXfPyl3TckqoWb","type":"Microsoft.Resources/deployments","properties":{"templateHash":"3873346245077735069","parameters":{},"mode":"Incremental","provisioningState":"Accepted","timestamp":"2020-12-02T10:19:50.8565244Z","duration":"PT2.1139632S","correlationId":"8c661e71-38e1-4ae6-944e-e9680c6e83fa","providers":[{"namespace":"Microsoft.Network","resourceTypes":[{"resourceType":"publicIPAddresses","locations":["westus"]},{"resourceType":"loadBalancers","locations":["westus"]}]}],"dependencies":[{"dependsOn":[{"id":"/subscriptions/00000000-0000-0000-0000-000000000000/resourceGroups/cli_test_cr_load_balancer000001/providers/Microsoft.Network/publicIPAddresses/PublicIPcross-region-lb1","resourceType":"Microsoft.Network/publicIPAddresses","resourceName":"PublicIPcross-region-lb1"}],"id":"/subscriptions/00000000-0000-0000-0000-000000000000/resourceGroups/cli_test_cr_load_balancer000001/providers/Microsoft.Network/loadBalancers/cross-region-lb1","resourceType":"Microsoft.Network/loadBalancers","resourceName":"cross-region-lb1"}]}}'
    headers:
      azure-asyncoperation:
      - https://management.azure.com/subscriptions/00000000-0000-0000-0000-000000000000/resourcegroups/cli_test_cr_load_balancer000001/providers/Microsoft.Resources/deployments/lb_deploy_wN2AAdJXFtOU7cXAKvaXfPyl3TckqoWb/operationStatuses/08585947024967350605?api-version=2020-06-01
      cache-control:
      - no-cache
      content-length:
      - '1398'
      content-type:
      - application/json; charset=utf-8
      date:
      - Wed, 02 Dec 2020 10:19:51 GMT
      expires:
      - '-1'
      pragma:
      - no-cache
      strict-transport-security:
      - max-age=31536000; includeSubDomains
      x-content-type-options:
      - nosniff
      x-ms-ratelimit-remaining-subscription-writes:
      - '1198'
    status:
      code: 201
      message: Created
- request:
    body: null
    headers:
      Accept:
      - application/json
      Accept-Encoding:
      - gzip, deflate
      CommandName:
      - network cross-region-lb create
      Connection:
      - keep-alive
      ParameterSetName:
      - -n -g
      User-Agent:
      - python/3.7.8 (Windows-10-10.0.19041-SP0) msrest/0.6.18 msrest_azure/0.6.3
        azure-mgmt-resource/10.2.0 Azure-SDK-For-Python AZURECLI/2.15.1
    method: GET
    uri: https://management.azure.com/subscriptions/00000000-0000-0000-0000-000000000000/resourcegroups/cli_test_cr_load_balancer000001/providers/Microsoft.Resources/deployments/mock-deployment/operationStatuses/08585947024967350605?api-version=2020-06-01
  response:
    body:
      string: '{"status":"Succeeded"}'
    headers:
      cache-control:
      - no-cache
      content-length:
      - '22'
      content-type:
      - application/json; charset=utf-8
      date:
      - Wed, 02 Dec 2020 10:20:22 GMT
      expires:
      - '-1'
      pragma:
      - no-cache
      strict-transport-security:
      - max-age=31536000; includeSubDomains
      vary:
      - Accept-Encoding
      x-content-type-options:
      - nosniff
    status:
      code: 200
      message: OK
- request:
    body: null
    headers:
      Accept:
      - application/json
      Accept-Encoding:
      - gzip, deflate
      CommandName:
      - network cross-region-lb create
      Connection:
      - keep-alive
      ParameterSetName:
      - -n -g
      User-Agent:
      - python/3.7.8 (Windows-10-10.0.19041-SP0) msrest/0.6.18 msrest_azure/0.6.3
        azure-mgmt-resource/10.2.0 Azure-SDK-For-Python AZURECLI/2.15.1
    method: GET
    uri: https://management.azure.com/subscriptions/00000000-0000-0000-0000-000000000000/resourcegroups/cli_test_cr_load_balancer000001/providers/Microsoft.Resources/deployments/mock-deployment?api-version=2020-06-01
  response:
    body:
      string: '{"id":"/subscriptions/00000000-0000-0000-0000-000000000000/resourceGroups/cli_test_cr_load_balancer000001/providers/Microsoft.Resources/deployments/lb_deploy_wN2AAdJXFtOU7cXAKvaXfPyl3TckqoWb","name":"lb_deploy_wN2AAdJXFtOU7cXAKvaXfPyl3TckqoWb","type":"Microsoft.Resources/deployments","properties":{"templateHash":"3873346245077735069","parameters":{},"mode":"Incremental","provisioningState":"Succeeded","timestamp":"2020-12-02T10:20:11.5763184Z","duration":"PT22.8337572S","correlationId":"8c661e71-38e1-4ae6-944e-e9680c6e83fa","providers":[{"namespace":"Microsoft.Network","resourceTypes":[{"resourceType":"publicIPAddresses","locations":["westus"]},{"resourceType":"loadBalancers","locations":["westus"]}]}],"dependencies":[{"dependsOn":[{"id":"/subscriptions/00000000-0000-0000-0000-000000000000/resourceGroups/cli_test_cr_load_balancer000001/providers/Microsoft.Network/publicIPAddresses/PublicIPcross-region-lb1","resourceType":"Microsoft.Network/publicIPAddresses","resourceName":"PublicIPcross-region-lb1"}],"id":"/subscriptions/00000000-0000-0000-0000-000000000000/resourceGroups/cli_test_cr_load_balancer000001/providers/Microsoft.Network/loadBalancers/cross-region-lb1","resourceType":"Microsoft.Network/loadBalancers","resourceName":"cross-region-lb1"}],"outputs":{"loadBalancer":{"type":"Object","value":{"provisioningState":"Succeeded","resourceGuid":"3a8dbf95-f467-4612-a93a-88525892d869","frontendIPConfigurations":[{"name":"LoadBalancerFrontEnd","id":"/subscriptions/00000000-0000-0000-0000-000000000000/resourceGroups/cli_test_cr_load_balancer000001/providers/Microsoft.Network/loadBalancers/cross-region-lb1/frontendIPConfigurations/LoadBalancerFrontEnd","etag":"W/\"7b8bcd6b-b76a-4b65-96be-47b349f08740\"","type":"Microsoft.Network/loadBalancers/frontendIPConfigurations","properties":{"provisioningState":"Succeeded","privateIPAllocationMethod":"Dynamic","publicIPAddress":{"id":"/subscriptions/00000000-0000-0000-0000-000000000000/resourceGroups/cli_test_cr_load_balancer000001/providers/Microsoft.Network/publicIPAddresses/PublicIPcross-region-lb1"},"privateIPAddressVersion":"IPv4"}}],"backendAddressPools":[{"name":"cross-region-lb1bepool","id":"/subscriptions/00000000-0000-0000-0000-000000000000/resourceGroups/cli_test_cr_load_balancer000001/providers/Microsoft.Network/loadBalancers/cross-region-lb1/backendAddressPools/cross-region-lb1bepool","etag":"W/\"7b8bcd6b-b76a-4b65-96be-47b349f08740\"","properties":{"provisioningState":"Succeeded","loadBalancerBackendAddresses":[]},"type":"Microsoft.Network/loadBalancers/backendAddressPools"}],"loadBalancingRules":[],"probes":[],"inboundNatRules":[],"outboundRules":[],"inboundNatPools":[]}}},"outputResources":[{"id":"/subscriptions/00000000-0000-0000-0000-000000000000/resourceGroups/cli_test_cr_load_balancer000001/providers/Microsoft.Network/loadBalancers/cross-region-lb1"},{"id":"/subscriptions/00000000-0000-0000-0000-000000000000/resourceGroups/cli_test_cr_load_balancer000001/providers/Microsoft.Network/publicIPAddresses/PublicIPcross-region-lb1"}]}}'
    headers:
      cache-control:
      - no-cache
      content-length:
      - '3389'
      content-type:
      - application/json; charset=utf-8
      date:
      - Wed, 02 Dec 2020 10:20:22 GMT
      expires:
      - '-1'
      pragma:
      - no-cache
      strict-transport-security:
      - max-age=31536000; includeSubDomains
      vary:
      - Accept-Encoding
      x-content-type-options:
      - nosniff
    status:
      code: 200
      message: OK
- request:
    body: null
    headers:
      Accept:
      - application/json
      Accept-Encoding:
      - gzip, deflate
      CommandName:
      - network cross-region-lb create
      Connection:
      - keep-alive
      ParameterSetName:
      - -n -g --public-ip-address-allocation --tags
      User-Agent:
      - python/3.7.8 (Windows-10-10.0.19041-SP0) msrest/0.6.18 msrest_azure/0.6.3
        azure-mgmt-resource/10.2.0 Azure-SDK-For-Python AZURECLI/2.15.1
      accept-language:
      - en-US
    method: GET
    uri: https://management.azure.com/subscriptions/00000000-0000-0000-0000-000000000000/resourcegroups/cli_test_cr_load_balancer000001?api-version=2020-06-01
  response:
    body:
      string: '{"id":"/subscriptions/00000000-0000-0000-0000-000000000000/resourceGroups/cli_test_cr_load_balancer000001","name":"cli_test_cr_load_balancer000001","type":"Microsoft.Resources/resourceGroups","location":"westus","tags":{"product":"azurecli","cause":"automation","date":"2020-12-02T10:19:42Z"},"properties":{"provisioningState":"Succeeded"}}'
    headers:
      cache-control:
      - no-cache
      content-length:
      - '428'
      content-type:
      - application/json; charset=utf-8
      date:
      - Wed, 02 Dec 2020 10:20:24 GMT
      expires:
      - '-1'
      pragma:
      - no-cache
      strict-transport-security:
      - max-age=31536000; includeSubDomains
      vary:
      - Accept-Encoding
      x-content-type-options:
      - nosniff
    status:
      code: 200
      message: OK
- request:
    body: null
    headers:
      Accept:
      - application/json
      Accept-Encoding:
      - gzip, deflate
      CommandName:
      - network cross-region-lb create
      Connection:
      - keep-alive
      ParameterSetName:
      - -n -g --public-ip-address-allocation --tags
      User-Agent:
      - python/3.7.8 (Windows-10-10.0.19041-SP0) msrest/0.6.18 msrest_azure/0.6.3
        azure-mgmt-resource/10.2.0 Azure-SDK-For-Python AZURECLI/2.15.1
      accept-language:
      - en-US
    method: GET
    uri: https://management.azure.com/subscriptions/00000000-0000-0000-0000-000000000000/resources?$filter=resourceGroup%20eq%20%27cli_test_cr_load_balancer000001%27%20and%20name%20eq%20%27None%27%20and%20resourceType%20eq%20%27Microsoft.Network%2FpublicIPAddresses%27&api-version=2020-06-01
  response:
    body:
      string: '{"value":[]}'
    headers:
      cache-control:
      - no-cache
      content-length:
      - '12'
      content-type:
      - application/json; charset=utf-8
      date:
      - Wed, 02 Dec 2020 10:20:24 GMT
      expires:
      - '-1'
      pragma:
      - no-cache
      strict-transport-security:
      - max-age=31536000; includeSubDomains
      vary:
      - Accept-Encoding
      x-content-type-options:
      - nosniff
    status:
      code: 200
      message: OK
- request:
    body: '{"properties": {"template": {"$schema": "https://schema.management.azure.com/schemas/2015-01-01/deploymentTemplate.json#",
      "contentVersion": "1.0.0.0", "parameters": {}, "variables": {}, "resources":
      [{"apiVersion": "2020-07-01", "type": "Microsoft.Network/publicIPAddresses",
      "name": "PublicIPcross-region-lb2", "location": "westus", "tags": {"foo": "doo"},
      "dependsOn": [], "properties": {"publicIPAllocationMethod": "Static"}, "sku":
      {"name": "standard", "tier": "Global"}}, {"type": "Microsoft.Network/loadBalancers",
      "name": "cross-region-lb2", "location": "westus", "tags": {"foo": "doo"}, "apiVersion":
      "2020-07-01", "dependsOn": ["Microsoft.Network/publicIpAddresses/PublicIPcross-region-lb2"],
      "properties": {"backendAddressPools": [{"name": "cross-region-lb2bepool"}],
      "frontendIPConfigurations": [{"name": "LoadBalancerFrontEnd", "properties":
      {"publicIPAddress": {"id": "/subscriptions/00000000-0000-0000-0000-000000000000/resourceGroups/cli_test_cr_load_balancer000001/providers/Microsoft.Network/publicIPAddresses/PublicIPcross-region-lb2"}}}]},
      "sku": {"name": "standard", "tier": "Global"}}], "outputs": {"loadBalancer":
      {"type": "object", "value": "[reference(''cross-region-lb2'')]"}}}, "parameters":
      {}, "mode": "Incremental"}}'
    headers:
      Accept:
      - application/json
      Accept-Encoding:
      - gzip, deflate
      CommandName:
      - network cross-region-lb create
      Connection:
      - keep-alive
      Content-Length:
      - '1288'
      Content-Type:
      - application/json; charset=utf-8
      ParameterSetName:
      - -n -g --public-ip-address-allocation --tags
      User-Agent:
      - python/3.7.8 (Windows-10-10.0.19041-SP0) msrest/0.6.18 msrest_azure/0.6.3
        azure-mgmt-resource/10.2.0 Azure-SDK-For-Python AZURECLI/2.15.1
      accept-language:
      - en-US
    method: PUT
    uri: https://management.azure.com/subscriptions/00000000-0000-0000-0000-000000000000/resourcegroups/cli_test_cr_load_balancer000001/providers/Microsoft.Resources/deployments/mock-deployment?api-version=2020-06-01
  response:
    body:
      string: '{"id":"/subscriptions/00000000-0000-0000-0000-000000000000/resourceGroups/cli_test_cr_load_balancer000001/providers/Microsoft.Resources/deployments/lb_deploy_KEQHZKSbYu4i9xewojDHZxcdyHNBbpym","name":"lb_deploy_KEQHZKSbYu4i9xewojDHZxcdyHNBbpym","type":"Microsoft.Resources/deployments","properties":{"templateHash":"15437669152035223733","parameters":{},"mode":"Incremental","provisioningState":"Accepted","timestamp":"2020-12-02T10:20:28.6757232Z","duration":"PT2.1421599S","correlationId":"8854cbbe-ea68-4611-9cd7-9471a0f4a54b","providers":[{"namespace":"Microsoft.Network","resourceTypes":[{"resourceType":"publicIPAddresses","locations":["westus"]},{"resourceType":"loadBalancers","locations":["westus"]}]}],"dependencies":[{"dependsOn":[{"id":"/subscriptions/00000000-0000-0000-0000-000000000000/resourceGroups/cli_test_cr_load_balancer000001/providers/Microsoft.Network/publicIPAddresses/PublicIPcross-region-lb2","resourceType":"Microsoft.Network/publicIPAddresses","resourceName":"PublicIPcross-region-lb2"}],"id":"/subscriptions/00000000-0000-0000-0000-000000000000/resourceGroups/cli_test_cr_load_balancer000001/providers/Microsoft.Network/loadBalancers/cross-region-lb2","resourceType":"Microsoft.Network/loadBalancers","resourceName":"cross-region-lb2"}]}}'
    headers:
      azure-asyncoperation:
      - https://management.azure.com/subscriptions/00000000-0000-0000-0000-000000000000/resourcegroups/cli_test_cr_load_balancer000001/providers/Microsoft.Resources/deployments/lb_deploy_KEQHZKSbYu4i9xewojDHZxcdyHNBbpym/operationStatuses/08585947024589440545?api-version=2020-06-01
      cache-control:
      - no-cache
      content-length:
      - '1399'
      content-type:
      - application/json; charset=utf-8
      date:
      - Wed, 02 Dec 2020 10:20:29 GMT
      expires:
      - '-1'
      pragma:
      - no-cache
      strict-transport-security:
      - max-age=31536000; includeSubDomains
      x-content-type-options:
      - nosniff
      x-ms-ratelimit-remaining-subscription-writes:
      - '1198'
    status:
      code: 201
      message: Created
- request:
    body: null
    headers:
      Accept:
      - application/json
      Accept-Encoding:
      - gzip, deflate
      CommandName:
      - network cross-region-lb create
      Connection:
      - keep-alive
      ParameterSetName:
      - -n -g --public-ip-address-allocation --tags
      User-Agent:
      - python/3.7.8 (Windows-10-10.0.19041-SP0) msrest/0.6.18 msrest_azure/0.6.3
        azure-mgmt-resource/10.2.0 Azure-SDK-For-Python AZURECLI/2.15.1
    method: GET
    uri: https://management.azure.com/subscriptions/00000000-0000-0000-0000-000000000000/resourcegroups/cli_test_cr_load_balancer000001/providers/Microsoft.Resources/deployments/mock-deployment/operationStatuses/08585947024589440545?api-version=2020-06-01
  response:
    body:
      string: '{"status":"Running"}'
    headers:
      cache-control:
      - no-cache
      content-length:
      - '20'
      content-type:
      - application/json; charset=utf-8
      date:
      - Wed, 02 Dec 2020 10:21:00 GMT
      expires:
      - '-1'
      pragma:
      - no-cache
      strict-transport-security:
      - max-age=31536000; includeSubDomains
      vary:
      - Accept-Encoding
      x-content-type-options:
      - nosniff
    status:
      code: 200
      message: OK
- request:
    body: null
    headers:
      Accept:
      - application/json
      Accept-Encoding:
      - gzip, deflate
      CommandName:
      - network cross-region-lb create
      Connection:
      - keep-alive
      ParameterSetName:
      - -n -g --public-ip-address-allocation --tags
      User-Agent:
      - python/3.7.8 (Windows-10-10.0.19041-SP0) msrest/0.6.18 msrest_azure/0.6.3
        azure-mgmt-resource/10.2.0 Azure-SDK-For-Python AZURECLI/2.15.1
    method: GET
    uri: https://management.azure.com/subscriptions/00000000-0000-0000-0000-000000000000/resourcegroups/cli_test_cr_load_balancer000001/providers/Microsoft.Resources/deployments/mock-deployment/operationStatuses/08585947024589440545?api-version=2020-06-01
  response:
    body:
      string: '{"status":"Running"}'
    headers:
      cache-control:
      - no-cache
      content-length:
      - '20'
      content-type:
      - application/json; charset=utf-8
      date:
      - Wed, 02 Dec 2020 10:21:30 GMT
      expires:
      - '-1'
      pragma:
      - no-cache
      strict-transport-security:
      - max-age=31536000; includeSubDomains
      vary:
      - Accept-Encoding
      x-content-type-options:
      - nosniff
    status:
      code: 200
      message: OK
- request:
    body: null
    headers:
      Accept:
      - application/json
      Accept-Encoding:
      - gzip, deflate
      CommandName:
      - network cross-region-lb create
      Connection:
      - keep-alive
      ParameterSetName:
      - -n -g --public-ip-address-allocation --tags
      User-Agent:
      - python/3.7.8 (Windows-10-10.0.19041-SP0) msrest/0.6.18 msrest_azure/0.6.3
        azure-mgmt-resource/10.2.0 Azure-SDK-For-Python AZURECLI/2.15.1
    method: GET
    uri: https://management.azure.com/subscriptions/00000000-0000-0000-0000-000000000000/resourcegroups/cli_test_cr_load_balancer000001/providers/Microsoft.Resources/deployments/mock-deployment/operationStatuses/08585947024589440545?api-version=2020-06-01
  response:
    body:
      string: '{"status":"Succeeded"}'
    headers:
      cache-control:
      - no-cache
      content-length:
      - '22'
      content-type:
      - application/json; charset=utf-8
      date:
      - Wed, 02 Dec 2020 10:22:01 GMT
      expires:
      - '-1'
      pragma:
      - no-cache
      strict-transport-security:
      - max-age=31536000; includeSubDomains
      vary:
      - Accept-Encoding
      x-content-type-options:
      - nosniff
    status:
      code: 200
      message: OK
- request:
    body: null
    headers:
      Accept:
      - application/json
      Accept-Encoding:
      - gzip, deflate
      CommandName:
      - network cross-region-lb create
      Connection:
      - keep-alive
      ParameterSetName:
      - -n -g --public-ip-address-allocation --tags
      User-Agent:
      - python/3.7.8 (Windows-10-10.0.19041-SP0) msrest/0.6.18 msrest_azure/0.6.3
        azure-mgmt-resource/10.2.0 Azure-SDK-For-Python AZURECLI/2.15.1
    method: GET
    uri: https://management.azure.com/subscriptions/00000000-0000-0000-0000-000000000000/resourcegroups/cli_test_cr_load_balancer000001/providers/Microsoft.Resources/deployments/mock-deployment?api-version=2020-06-01
  response:
    body:
      string: '{"id":"/subscriptions/00000000-0000-0000-0000-000000000000/resourceGroups/cli_test_cr_load_balancer000001/providers/Microsoft.Resources/deployments/lb_deploy_KEQHZKSbYu4i9xewojDHZxcdyHNBbpym","name":"lb_deploy_KEQHZKSbYu4i9xewojDHZxcdyHNBbpym","type":"Microsoft.Resources/deployments","properties":{"templateHash":"15437669152035223733","parameters":{},"mode":"Incremental","provisioningState":"Succeeded","timestamp":"2020-12-02T10:21:39.363914Z","duration":"PT1M12.8303507S","correlationId":"8854cbbe-ea68-4611-9cd7-9471a0f4a54b","providers":[{"namespace":"Microsoft.Network","resourceTypes":[{"resourceType":"publicIPAddresses","locations":["westus"]},{"resourceType":"loadBalancers","locations":["westus"]}]}],"dependencies":[{"dependsOn":[{"id":"/subscriptions/00000000-0000-0000-0000-000000000000/resourceGroups/cli_test_cr_load_balancer000001/providers/Microsoft.Network/publicIPAddresses/PublicIPcross-region-lb2","resourceType":"Microsoft.Network/publicIPAddresses","resourceName":"PublicIPcross-region-lb2"}],"id":"/subscriptions/00000000-0000-0000-0000-000000000000/resourceGroups/cli_test_cr_load_balancer000001/providers/Microsoft.Network/loadBalancers/cross-region-lb2","resourceType":"Microsoft.Network/loadBalancers","resourceName":"cross-region-lb2"}],"outputs":{"loadBalancer":{"type":"Object","value":{"provisioningState":"Succeeded","resourceGuid":"b921d8b2-c032-4e96-9da8-5b2c80a5ec23","frontendIPConfigurations":[{"name":"LoadBalancerFrontEnd","id":"/subscriptions/00000000-0000-0000-0000-000000000000/resourceGroups/cli_test_cr_load_balancer000001/providers/Microsoft.Network/loadBalancers/cross-region-lb2/frontendIPConfigurations/LoadBalancerFrontEnd","etag":"W/\"b54808ca-cf46-4489-8ae1-a6ae1b70c053\"","type":"Microsoft.Network/loadBalancers/frontendIPConfigurations","properties":{"provisioningState":"Succeeded","privateIPAllocationMethod":"Dynamic","publicIPAddress":{"id":"/subscriptions/00000000-0000-0000-0000-000000000000/resourceGroups/cli_test_cr_load_balancer000001/providers/Microsoft.Network/publicIPAddresses/PublicIPcross-region-lb2"},"privateIPAddressVersion":"IPv4"}}],"backendAddressPools":[{"name":"cross-region-lb2bepool","id":"/subscriptions/00000000-0000-0000-0000-000000000000/resourceGroups/cli_test_cr_load_balancer000001/providers/Microsoft.Network/loadBalancers/cross-region-lb2/backendAddressPools/cross-region-lb2bepool","etag":"W/\"b54808ca-cf46-4489-8ae1-a6ae1b70c053\"","properties":{"provisioningState":"Succeeded","loadBalancerBackendAddresses":[]},"type":"Microsoft.Network/loadBalancers/backendAddressPools"}],"loadBalancingRules":[],"probes":[],"inboundNatRules":[],"outboundRules":[],"inboundNatPools":[]}}},"outputResources":[{"id":"/subscriptions/00000000-0000-0000-0000-000000000000/resourceGroups/cli_test_cr_load_balancer000001/providers/Microsoft.Network/loadBalancers/cross-region-lb2"},{"id":"/subscriptions/00000000-0000-0000-0000-000000000000/resourceGroups/cli_test_cr_load_balancer000001/providers/Microsoft.Network/publicIPAddresses/PublicIPcross-region-lb2"}]}}'
    headers:
      cache-control:
      - no-cache
      content-length:
      - '3391'
      content-type:
      - application/json; charset=utf-8
      date:
      - Wed, 02 Dec 2020 10:22:01 GMT
      expires:
      - '-1'
      pragma:
      - no-cache
      strict-transport-security:
      - max-age=31536000; includeSubDomains
      vary:
      - Accept-Encoding
      x-content-type-options:
      - nosniff
    status:
      code: 200
      message: OK
- request:
    body: null
    headers:
      Accept:
      - application/json
      Accept-Encoding:
      - gzip, deflate
      CommandName:
      - network public-ip show
      Connection:
      - keep-alive
      ParameterSetName:
      - -g -n
      User-Agent:
      - python/3.7.8 (Windows-10-10.0.19041-SP0) msrest/0.6.18 msrest_azure/0.6.3
        azure-mgmt-network/13.0.0 Azure-SDK-For-Python AZURECLI/2.15.1
      accept-language:
      - en-US
    method: GET
    uri: https://management.azure.com/subscriptions/00000000-0000-0000-0000-000000000000/resourceGroups/cli_test_cr_load_balancer000001/providers/Microsoft.Network/publicIPAddresses/PublicIPcross-region-lb2?api-version=2020-07-01
  response:
    body:
      string: "{\r\n  \"name\": \"PublicIPcross-region-lb2\",\r\n  \"id\": \"/subscriptions/00000000-0000-0000-0000-000000000000/resourceGroups/cli_test_cr_load_balancer000001/providers/Microsoft.Network/publicIPAddresses/PublicIPcross-region-lb2\",\r\n
        \ \"etag\": \"W/\\\"f3eed80e-56ac-4bd2-b308-be4c5fff778b\\\"\",\r\n  \"location\":
        \"westus\",\r\n  \"tags\": {\r\n    \"foo\": \"doo\"\r\n  },\r\n  \"properties\":
        {\r\n    \"provisioningState\": \"Succeeded\",\r\n    \"resourceGuid\": \"e055dabd-29b2-42ed-8106-accb60c2a8c9\",\r\n
        \   \"ipAddress\": \"52.250.216.7\",\r\n    \"publicIPAddressVersion\": \"IPv4\",\r\n
        \   \"publicIPAllocationMethod\": \"Static\",\r\n    \"idleTimeoutInMinutes\":
        4,\r\n    \"ipTags\": [],\r\n    \"ipConfiguration\": {\r\n      \"id\": \"/subscriptions/00000000-0000-0000-0000-000000000000/resourceGroups/cli_test_cr_load_balancer000001/providers/Microsoft.Network/loadBalancers/cross-region-lb2/frontendIPConfigurations/LoadBalancerFrontEnd\"\r\n
        \   }\r\n  },\r\n  \"type\": \"Microsoft.Network/publicIPAddresses\",\r\n
        \ \"sku\": {\r\n    \"name\": \"Standard\",\r\n    \"tier\": \"Global\"\r\n
        \ }\r\n}"
    headers:
      cache-control:
      - no-cache
      content-length:
      - '1090'
      content-type:
      - application/json; charset=utf-8
      date:
      - Wed, 02 Dec 2020 10:22:03 GMT
      etag:
      - W/"f3eed80e-56ac-4bd2-b308-be4c5fff778b"
      expires:
      - '-1'
      pragma:
      - no-cache
      server:
      - Microsoft-HTTPAPI/2.0
      - Microsoft-HTTPAPI/2.0
      strict-transport-security:
      - max-age=31536000; includeSubDomains
      transfer-encoding:
      - chunked
      vary:
      - Accept-Encoding
      x-content-type-options:
      - nosniff
      x-ms-arm-service-request-id:
      - 2ad6570d-eaf5-496e-9071-04e1a1e9aafc
    status:
      code: 200
      message: OK
- request:
    body: null
    headers:
      Accept:
      - application/json
      Accept-Encoding:
      - gzip, deflate
      CommandName:
      - network public-ip create
      Connection:
      - keep-alive
      ParameterSetName:
      - -n -g --sku
      User-Agent:
      - python/3.7.8 (Windows-10-10.0.19041-SP0) msrest/0.6.18 msrest_azure/0.6.3
        azure-mgmt-resource/10.2.0 Azure-SDK-For-Python AZURECLI/2.15.1
      accept-language:
      - en-US
    method: GET
    uri: https://management.azure.com/subscriptions/00000000-0000-0000-0000-000000000000/resourcegroups/cli_test_cr_load_balancer000001?api-version=2020-06-01
  response:
    body:
      string: '{"id":"/subscriptions/00000000-0000-0000-0000-000000000000/resourceGroups/cli_test_cr_load_balancer000001","name":"cli_test_cr_load_balancer000001","type":"Microsoft.Resources/resourceGroups","location":"westus","tags":{"product":"azurecli","cause":"automation","date":"2020-12-02T10:19:42Z"},"properties":{"provisioningState":"Succeeded"}}'
    headers:
      cache-control:
      - no-cache
      content-length:
      - '428'
      content-type:
      - application/json; charset=utf-8
      date:
      - Wed, 02 Dec 2020 10:22:03 GMT
      expires:
      - '-1'
      pragma:
      - no-cache
      strict-transport-security:
      - max-age=31536000; includeSubDomains
      vary:
      - Accept-Encoding
      x-content-type-options:
      - nosniff
    status:
      code: 200
      message: OK
- request:
    body: '{"location": "westus", "sku": {"name": "Standard"}, "properties": {"publicIPAllocationMethod":
      "Static", "publicIPAddressVersion": "IPv4", "idleTimeoutInMinutes": 4}}'
    headers:
      Accept:
      - application/json
      Accept-Encoding:
      - gzip, deflate
      CommandName:
      - network public-ip create
      Connection:
      - keep-alive
      Content-Length:
      - '166'
      Content-Type:
      - application/json; charset=utf-8
      ParameterSetName:
      - -n -g --sku
      User-Agent:
      - python/3.7.8 (Windows-10-10.0.19041-SP0) msrest/0.6.18 msrest_azure/0.6.3
        azure-mgmt-network/13.0.0 Azure-SDK-For-Python AZURECLI/2.15.1
      accept-language:
      - en-US
    method: PUT
    uri: https://management.azure.com/subscriptions/00000000-0000-0000-0000-000000000000/resourceGroups/cli_test_cr_load_balancer000001/providers/Microsoft.Network/publicIPAddresses/publicip4?api-version=2020-07-01
  response:
    body:
      string: "{\r\n  \"name\": \"publicip4\",\r\n  \"id\": \"/subscriptions/00000000-0000-0000-0000-000000000000/resourceGroups/cli_test_cr_load_balancer000001/providers/Microsoft.Network/publicIPAddresses/publicip4\",\r\n
        \ \"etag\": \"W/\\\"011635fe-65df-415a-aed8-4ce003accd18\\\"\",\r\n  \"location\":
        \"westus\",\r\n  \"properties\": {\r\n    \"provisioningState\": \"Updating\",\r\n
        \   \"resourceGuid\": \"679d1639-c037-4b6f-b54a-06d0a92f1f0f\",\r\n    \"publicIPAddressVersion\":
        \"IPv4\",\r\n    \"publicIPAllocationMethod\": \"Static\",\r\n    \"idleTimeoutInMinutes\":
        4,\r\n    \"ipTags\": []\r\n  },\r\n  \"type\": \"Microsoft.Network/publicIPAddresses\",\r\n
        \ \"sku\": {\r\n    \"name\": \"Standard\",\r\n    \"tier\": \"Regional\"\r\n
        \ }\r\n}"
    headers:
      azure-asyncnotification:
      - Enabled
      azure-asyncoperation:
      - https://management.azure.com/subscriptions/00000000-0000-0000-0000-000000000000/providers/Microsoft.Network/locations/westus/operations/5f95afe7-ed53-4656-b63b-b3c492929a00?api-version=2020-07-01
      cache-control:
      - no-cache
      content-length:
      - '693'
      content-type:
      - application/json; charset=utf-8
      date:
      - Wed, 02 Dec 2020 10:22:10 GMT
      expires:
      - '-1'
      pragma:
      - no-cache
      server:
      - Microsoft-HTTPAPI/2.0
      - Microsoft-HTTPAPI/2.0
      strict-transport-security:
      - max-age=31536000; includeSubDomains
      x-content-type-options:
      - nosniff
      x-ms-arm-service-request-id:
      - fb5e9720-0d4d-4d9e-aca6-1e46a781359d
      x-ms-ratelimit-remaining-subscription-writes:
      - '1197'
    status:
      code: 201
      message: Created
- request:
    body: null
    headers:
      Accept:
      - application/json
      Accept-Encoding:
      - gzip, deflate
      CommandName:
      - network public-ip create
      Connection:
      - keep-alive
      ParameterSetName:
      - -n -g --sku
      User-Agent:
      - python/3.7.8 (Windows-10-10.0.19041-SP0) msrest/0.6.18 msrest_azure/0.6.3
        azure-mgmt-network/13.0.0 Azure-SDK-For-Python AZURECLI/2.15.1
    method: GET
    uri: https://management.azure.com/subscriptions/00000000-0000-0000-0000-000000000000/providers/Microsoft.Network/locations/westus/operations/5f95afe7-ed53-4656-b63b-b3c492929a00?api-version=2020-07-01
  response:
    body:
      string: "{\r\n  \"status\": \"Succeeded\"\r\n}"
    headers:
      cache-control:
      - no-cache
      content-length:
      - '29'
      content-type:
      - application/json; charset=utf-8
      date:
      - Wed, 02 Dec 2020 10:22:12 GMT
      expires:
      - '-1'
      pragma:
      - no-cache
      server:
      - Microsoft-HTTPAPI/2.0
      - Microsoft-HTTPAPI/2.0
      strict-transport-security:
      - max-age=31536000; includeSubDomains
      transfer-encoding:
      - chunked
      vary:
      - Accept-Encoding
      x-content-type-options:
      - nosniff
      x-ms-arm-service-request-id:
      - 0b1a18de-3930-49bf-b3f3-83f3f773f7b7
    status:
      code: 200
      message: OK
- request:
    body: null
    headers:
      Accept:
      - application/json
      Accept-Encoding:
      - gzip, deflate
      CommandName:
      - network public-ip create
      Connection:
      - keep-alive
      ParameterSetName:
      - -n -g --sku
      User-Agent:
      - python/3.7.8 (Windows-10-10.0.19041-SP0) msrest/0.6.18 msrest_azure/0.6.3
        azure-mgmt-network/13.0.0 Azure-SDK-For-Python AZURECLI/2.15.1
    method: GET
    uri: https://management.azure.com/subscriptions/00000000-0000-0000-0000-000000000000/resourceGroups/cli_test_cr_load_balancer000001/providers/Microsoft.Network/publicIPAddresses/publicip4?api-version=2020-07-01
  response:
    body:
      string: "{\r\n  \"name\": \"publicip4\",\r\n  \"id\": \"/subscriptions/00000000-0000-0000-0000-000000000000/resourceGroups/cli_test_cr_load_balancer000001/providers/Microsoft.Network/publicIPAddresses/publicip4\",\r\n
        \ \"etag\": \"W/\\\"8a73040c-9462-4d45-a712-808a2f8751de\\\"\",\r\n  \"location\":
        \"westus\",\r\n  \"properties\": {\r\n    \"provisioningState\": \"Succeeded\",\r\n
        \   \"resourceGuid\": \"679d1639-c037-4b6f-b54a-06d0a92f1f0f\",\r\n    \"ipAddress\":
        \"40.65.49.150\",\r\n    \"publicIPAddressVersion\": \"IPv4\",\r\n    \"publicIPAllocationMethod\":
        \"Static\",\r\n    \"idleTimeoutInMinutes\": 4,\r\n    \"ipTags\": []\r\n
        \ },\r\n  \"type\": \"Microsoft.Network/publicIPAddresses\",\r\n  \"sku\":
        {\r\n    \"name\": \"Standard\",\r\n    \"tier\": \"Regional\"\r\n  }\r\n}"
    headers:
      cache-control:
      - no-cache
      content-length:
      - '728'
      content-type:
      - application/json; charset=utf-8
      date:
      - Wed, 02 Dec 2020 10:22:12 GMT
      etag:
      - W/"8a73040c-9462-4d45-a712-808a2f8751de"
      expires:
      - '-1'
      pragma:
      - no-cache
      server:
      - Microsoft-HTTPAPI/2.0
      - Microsoft-HTTPAPI/2.0
      strict-transport-security:
      - max-age=31536000; includeSubDomains
      transfer-encoding:
      - chunked
      vary:
      - Accept-Encoding
      x-content-type-options:
      - nosniff
      x-ms-arm-service-request-id:
      - e3ae4203-beb3-4840-a051-0a3629771aec
    status:
      code: 200
      message: OK
- request:
    body: null
    headers:
      Accept:
      - application/json
      Accept-Encoding:
      - gzip, deflate
      CommandName:
      - network cross-region-lb create
      Connection:
      - keep-alive
      ParameterSetName:
      - -n -g --public-ip-address
      User-Agent:
      - python/3.7.8 (Windows-10-10.0.19041-SP0) msrest/0.6.18 msrest_azure/0.6.3
        azure-mgmt-resource/10.2.0 Azure-SDK-For-Python AZURECLI/2.15.1
      accept-language:
      - en-US
    method: GET
    uri: https://management.azure.com/subscriptions/00000000-0000-0000-0000-000000000000/resourcegroups/cli_test_cr_load_balancer000001?api-version=2020-06-01
  response:
    body:
      string: '{"id":"/subscriptions/00000000-0000-0000-0000-000000000000/resourceGroups/cli_test_cr_load_balancer000001","name":"cli_test_cr_load_balancer000001","type":"Microsoft.Resources/resourceGroups","location":"westus","tags":{"product":"azurecli","cause":"automation","date":"2020-12-02T10:19:42Z"},"properties":{"provisioningState":"Succeeded"}}'
    headers:
      cache-control:
      - no-cache
      content-length:
      - '428'
      content-type:
      - application/json; charset=utf-8
      date:
      - Wed, 02 Dec 2020 10:22:13 GMT
      expires:
      - '-1'
      pragma:
      - no-cache
      strict-transport-security:
      - max-age=31536000; includeSubDomains
      vary:
      - Accept-Encoding
      x-content-type-options:
      - nosniff
    status:
      code: 200
      message: OK
- request:
    body: null
    headers:
      Accept:
      - application/json
      Accept-Encoding:
      - gzip, deflate
      CommandName:
      - network cross-region-lb create
      Connection:
      - keep-alive
      ParameterSetName:
      - -n -g --public-ip-address
      User-Agent:
      - python/3.7.8 (Windows-10-10.0.19041-SP0) msrest/0.6.18 msrest_azure/0.6.3
        azure-mgmt-resource/10.2.0 Azure-SDK-For-Python AZURECLI/2.15.1
      accept-language:
      - en-US
    method: GET
    uri: https://management.azure.com/subscriptions/00000000-0000-0000-0000-000000000000/resources?$filter=resourceGroup%20eq%20%27cli_test_cr_load_balancer000001%27%20and%20name%20eq%20%27publicip4%27%20and%20resourceType%20eq%20%27Microsoft.Network%2FpublicIPAddresses%27&api-version=2020-06-01
  response:
    body:
      string: '{"value":[{"id":"/subscriptions/00000000-0000-0000-0000-000000000000/resourceGroups/cli_test_cr_load_balancer000001/providers/Microsoft.Network/publicIPAddresses/publicip4","name":"publicip4","type":"Microsoft.Network/publicIPAddresses","sku":{"name":"Standard","tier":"Regional"},"location":"westus"}]}'
    headers:
      cache-control:
      - no-cache
      content-length:
      - '347'
      content-type:
      - application/json; charset=utf-8
      date:
      - Wed, 02 Dec 2020 10:22:13 GMT
      expires:
      - '-1'
      pragma:
      - no-cache
      strict-transport-security:
      - max-age=31536000; includeSubDomains
      vary:
      - Accept-Encoding
      x-content-type-options:
      - nosniff
    status:
      code: 200
      message: OK
- request:
    body: '{"properties": {"template": {"$schema": "https://schema.management.azure.com/schemas/2015-01-01/deploymentTemplate.json#",
      "contentVersion": "1.0.0.0", "parameters": {}, "variables": {}, "resources":
      [{"type": "Microsoft.Network/loadBalancers", "name": "cross-region-lb3", "location":
      "westus", "tags": {}, "apiVersion": "2020-07-01", "dependsOn": [], "properties":
      {"backendAddressPools": [{"name": "cross-region-lb3bepool"}], "frontendIPConfigurations":
      [{"name": "LoadBalancerFrontEnd", "properties": {"publicIPAddress": {"id": "/subscriptions/00000000-0000-0000-0000-000000000000/resourceGroups/cli_test_cr_load_balancer000001/providers/Microsoft.Network/publicIPAddresses/publicip4"}}}]},
      "sku": {"name": "standard", "tier": "Global"}}], "outputs": {"loadBalancer":
      {"type": "object", "value": "[reference(''cross-region-lb3'')]"}}}, "parameters":
      {}, "mode": "Incremental"}}'
    headers:
      Accept:
      - application/json
      Accept-Encoding:
      - gzip, deflate
      CommandName:
      - network cross-region-lb create
      Connection:
      - keep-alive
      Content-Length:
      - '922'
      Content-Type:
      - application/json; charset=utf-8
      ParameterSetName:
      - -n -g --public-ip-address
      User-Agent:
      - python/3.7.8 (Windows-10-10.0.19041-SP0) msrest/0.6.18 msrest_azure/0.6.3
        azure-mgmt-resource/10.2.0 Azure-SDK-For-Python AZURECLI/2.15.1
      accept-language:
      - en-US
    method: PUT
    uri: https://management.azure.com/subscriptions/00000000-0000-0000-0000-000000000000/resourcegroups/cli_test_cr_load_balancer000001/providers/Microsoft.Resources/deployments/mock-deployment?api-version=2020-06-01
  response:
    body:
      string: '{"id":"/subscriptions/00000000-0000-0000-0000-000000000000/resourceGroups/cli_test_cr_load_balancer000001/providers/Microsoft.Resources/deployments/lb_deploy_zsHiBhEKsnIShgK9FN8TbqmeaimsmBKL","name":"lb_deploy_zsHiBhEKsnIShgK9FN8TbqmeaimsmBKL","type":"Microsoft.Resources/deployments","properties":{"templateHash":"14328794821365972857","parameters":{},"mode":"Incremental","provisioningState":"Accepted","timestamp":"2020-12-02T10:22:18.4292606Z","duration":"PT2.2469818S","correlationId":"9d6cac80-c8ed-4511-a358-76023450c507","providers":[{"namespace":"Microsoft.Network","resourceTypes":[{"resourceType":"loadBalancers","locations":["westus"]}]}],"dependencies":[]}}'
    headers:
      azure-asyncoperation:
      - https://management.azure.com/subscriptions/00000000-0000-0000-0000-000000000000/resourcegroups/cli_test_cr_load_balancer000001/providers/Microsoft.Resources/deployments/lb_deploy_zsHiBhEKsnIShgK9FN8TbqmeaimsmBKL/operationStatuses/08585947023492953432?api-version=2020-06-01
      cache-control:
      - no-cache
      content-length:
      - '714'
      content-type:
      - application/json; charset=utf-8
      date:
      - Wed, 02 Dec 2020 10:22:19 GMT
      expires:
      - '-1'
      pragma:
      - no-cache
      strict-transport-security:
      - max-age=31536000; includeSubDomains
      x-content-type-options:
      - nosniff
      x-ms-ratelimit-remaining-subscription-writes:
      - '1197'
    status:
      code: 201
      message: Created
- request:
    body: null
    headers:
      Accept:
      - application/json
      Accept-Encoding:
      - gzip, deflate
      CommandName:
      - network cross-region-lb create
      Connection:
      - keep-alive
      ParameterSetName:
      - -n -g --public-ip-address
      User-Agent:
      - python/3.7.8 (Windows-10-10.0.19041-SP0) msrest/0.6.18 msrest_azure/0.6.3
        azure-mgmt-resource/10.2.0 Azure-SDK-For-Python AZURECLI/2.15.1
    method: GET
    uri: https://management.azure.com/subscriptions/00000000-0000-0000-0000-000000000000/resourcegroups/cli_test_cr_load_balancer000001/providers/Microsoft.Resources/deployments/mock-deployment/operationStatuses/08585947023492953432?api-version=2020-06-01
  response:
    body:
      string: '{"status":"Succeeded"}'
    headers:
      cache-control:
      - no-cache
      content-length:
      - '22'
      content-type:
      - application/json; charset=utf-8
      date:
      - Wed, 02 Dec 2020 10:22:49 GMT
      expires:
      - '-1'
      pragma:
      - no-cache
      strict-transport-security:
      - max-age=31536000; includeSubDomains
      vary:
      - Accept-Encoding
      x-content-type-options:
      - nosniff
    status:
      code: 200
      message: OK
- request:
    body: null
    headers:
      Accept:
      - application/json
      Accept-Encoding:
      - gzip, deflate
      CommandName:
      - network cross-region-lb create
      Connection:
      - keep-alive
      ParameterSetName:
      - -n -g --public-ip-address
      User-Agent:
      - python/3.7.8 (Windows-10-10.0.19041-SP0) msrest/0.6.18 msrest_azure/0.6.3
        azure-mgmt-resource/10.2.0 Azure-SDK-For-Python AZURECLI/2.15.1
    method: GET
    uri: https://management.azure.com/subscriptions/00000000-0000-0000-0000-000000000000/resourcegroups/cli_test_cr_load_balancer000001/providers/Microsoft.Resources/deployments/mock-deployment?api-version=2020-06-01
  response:
    body:
      string: '{"id":"/subscriptions/00000000-0000-0000-0000-000000000000/resourceGroups/cli_test_cr_load_balancer000001/providers/Microsoft.Resources/deployments/lb_deploy_zsHiBhEKsnIShgK9FN8TbqmeaimsmBKL","name":"lb_deploy_zsHiBhEKsnIShgK9FN8TbqmeaimsmBKL","type":"Microsoft.Resources/deployments","properties":{"templateHash":"14328794821365972857","parameters":{},"mode":"Incremental","provisioningState":"Succeeded","timestamp":"2020-12-02T10:22:44.7375427Z","duration":"PT28.5552639S","correlationId":"9d6cac80-c8ed-4511-a358-76023450c507","providers":[{"namespace":"Microsoft.Network","resourceTypes":[{"resourceType":"loadBalancers","locations":["westus"]}]}],"dependencies":[],"outputs":{"loadBalancer":{"type":"Object","value":{"provisioningState":"Succeeded","resourceGuid":"e1f1757b-87ea-4fca-8627-837bade1840f","frontendIPConfigurations":[{"name":"LoadBalancerFrontEnd","id":"/subscriptions/00000000-0000-0000-0000-000000000000/resourceGroups/cli_test_cr_load_balancer000001/providers/Microsoft.Network/loadBalancers/cross-region-lb3/frontendIPConfigurations/LoadBalancerFrontEnd","etag":"W/\"d665dc56-2e1b-4cbd-b278-c38f23d339a7\"","type":"Microsoft.Network/loadBalancers/frontendIPConfigurations","properties":{"provisioningState":"Succeeded","privateIPAllocationMethod":"Dynamic","publicIPAddress":{"id":"/subscriptions/00000000-0000-0000-0000-000000000000/resourceGroups/cli_test_cr_load_balancer000001/providers/Microsoft.Network/publicIPAddresses/publicip4"},"privateIPAddressVersion":"IPv4"}}],"backendAddressPools":[{"name":"cross-region-lb3bepool","id":"/subscriptions/00000000-0000-0000-0000-000000000000/resourceGroups/cli_test_cr_load_balancer000001/providers/Microsoft.Network/loadBalancers/cross-region-lb3/backendAddressPools/cross-region-lb3bepool","etag":"W/\"d665dc56-2e1b-4cbd-b278-c38f23d339a7\"","properties":{"provisioningState":"Succeeded","loadBalancerBackendAddresses":[]},"type":"Microsoft.Network/loadBalancers/backendAddressPools"}],"loadBalancingRules":[],"probes":[],"inboundNatRules":[],"outboundRules":[],"inboundNatPools":[]}}},"outputResources":[{"id":"/subscriptions/00000000-0000-0000-0000-000000000000/resourceGroups/cli_test_cr_load_balancer000001/providers/Microsoft.Network/loadBalancers/cross-region-lb3"}]}}'
    headers:
      cache-control:
      - no-cache
      content-length:
      - '2467'
      content-type:
      - application/json; charset=utf-8
      date:
      - Wed, 02 Dec 2020 10:22:50 GMT
      expires:
      - '-1'
      pragma:
      - no-cache
      strict-transport-security:
      - max-age=31536000; includeSubDomains
      vary:
      - Accept-Encoding
      x-content-type-options:
      - nosniff
    status:
      code: 200
      message: OK
- request:
    body: null
    headers:
      Accept:
      - application/json
      Accept-Encoding:
      - gzip, deflate
      CommandName:
      - network cross-region-lb list
      Connection:
      - keep-alive
      User-Agent:
      - python/3.7.8 (Windows-10-10.0.19041-SP0) msrest/0.6.18 msrest_azure/0.6.3
        azure-mgmt-network/13.0.0 Azure-SDK-For-Python AZURECLI/2.15.1
      accept-language:
      - en-US
    method: GET
    uri: https://management.azure.com/subscriptions/00000000-0000-0000-0000-000000000000/providers/Microsoft.Network/loadBalancers?api-version=2020-07-01
  response:
    body:
      string: '{"value":[{"name":"new-lb-cr-no-private","id":"/subscriptions/00000000-0000-0000-0000-000000000000/resourceGroups/azure-cli-test-rg/providers/Microsoft.Network/loadBalancers/new-lb-cr-no-private","etag":"W/\"c0ff4c64-764c-408e-9e89-aed18b10a087\"","type":"Microsoft.Network/loadBalancers","location":"westus","tags":{},"properties":{"provisioningState":"Succeeded","resourceGuid":"2d32eb67-34d5-4460-96f6-44342b1470aa","frontendIPConfigurations":[{"name":"LoadBalancerFrontEnd","id":"/subscriptions/00000000-0000-0000-0000-000000000000/resourceGroups/azure-cli-test-rg/providers/Microsoft.Network/loadBalancers/new-lb-cr-no-private/frontendIPConfigurations/LoadBalancerFrontEnd","etag":"W/\"c0ff4c64-764c-408e-9e89-aed18b10a087\"","type":"Microsoft.Network/loadBalancers/frontendIPConfigurations","properties":{"provisioningState":"Succeeded","privateIPAllocationMethod":"Dynamic","publicIPAddress":{"id":"/subscriptions/00000000-0000-0000-0000-000000000000/resourceGroups/azure-cli-test-rg/providers/Microsoft.Network/publicIPAddresses/PublicIPnew-lb-cr-no-private"},"privateIPAddressVersion":"IPv4"}}],"backendAddressPools":[{"name":"new-lb-cr-no-privatebepool","id":"/subscriptions/00000000-0000-0000-0000-000000000000/resourceGroups/azure-cli-test-rg/providers/Microsoft.Network/loadBalancers/new-lb-cr-no-private/backendAddressPools/new-lb-cr-no-privatebepool","etag":"W/\"c0ff4c64-764c-408e-9e89-aed18b10a087\"","properties":{"provisioningState":"Succeeded","loadBalancerBackendAddresses":[]},"type":"Microsoft.Network/loadBalancers/backendAddressPools"}],"loadBalancingRules":[],"probes":[],"inboundNatRules":[],"outboundRules":[],"inboundNatPools":[]},"sku":{"name":"Standard","tier":"Global"}},{"name":"new-lb-cr-no-private-1","id":"/subscriptions/00000000-0000-0000-0000-000000000000/resourceGroups/azure-cli-test-rg/providers/Microsoft.Network/loadBalancers/new-lb-cr-no-private-1","etag":"W/\"f14e266a-5f4d-4890-88c6-f296a875fef1\"","type":"Microsoft.Network/loadBalancers","location":"westus","tags":{},"properties":{"provisioningState":"Succeeded","resourceGuid":"3d2e9216-eace-43e9-b491-d415ce99fa85","frontendIPConfigurations":[{"name":"LoadBalancerFrontEnd","id":"/subscriptions/00000000-0000-0000-0000-000000000000/resourceGroups/azure-cli-test-rg/providers/Microsoft.Network/loadBalancers/new-lb-cr-no-private-1/frontendIPConfigurations/LoadBalancerFrontEnd","etag":"W/\"f14e266a-5f4d-4890-88c6-f296a875fef1\"","type":"Microsoft.Network/loadBalancers/frontendIPConfigurations","properties":{"provisioningState":"Succeeded","privateIPAllocationMethod":"Dynamic","publicIPAddress":{"id":"/subscriptions/00000000-0000-0000-0000-000000000000/resourceGroups/azure-cli-test-rg/providers/Microsoft.Network/publicIPAddresses/PublicIPnew-lb-cr-no-private-1"},"privateIPAddressVersion":"IPv4"}}],"backendAddressPools":[{"name":"new-lb-cr-no-private-1bepool","id":"/subscriptions/00000000-0000-0000-0000-000000000000/resourceGroups/azure-cli-test-rg/providers/Microsoft.Network/loadBalancers/new-lb-cr-no-private-1/backendAddressPools/new-lb-cr-no-private-1bepool","etag":"W/\"f14e266a-5f4d-4890-88c6-f296a875fef1\"","properties":{"provisioningState":"Succeeded","loadBalancerBackendAddresses":[]},"type":"Microsoft.Network/loadBalancers/backendAddressPools"}],"loadBalancingRules":[],"probes":[],"inboundNatRules":[],"outboundRules":[],"inboundNatPools":[]},"sku":{"name":"Standard","tier":"Global"}},{"name":"new-lb-cr-no-private-final","id":"/subscriptions/00000000-0000-0000-0000-000000000000/resourceGroups/azure-cli-test-rg/providers/Microsoft.Network/loadBalancers/new-lb-cr-no-private-final","etag":"W/\"0099dd5f-4a57-43c7-8e71-9c2a9b048f06\"","type":"Microsoft.Network/loadBalancers","location":"westus","tags":{},"properties":{"provisioningState":"Succeeded","resourceGuid":"a52fa00f-ac09-4eef-b377-97212a80a822","frontendIPConfigurations":[{"name":"LoadBalancerFrontEnd","id":"/subscriptions/00000000-0000-0000-0000-000000000000/resourceGroups/azure-cli-test-rg/providers/Microsoft.Network/loadBalancers/new-lb-cr-no-private-final/frontendIPConfigurations/LoadBalancerFrontEnd","etag":"W/\"0099dd5f-4a57-43c7-8e71-9c2a9b048f06\"","type":"Microsoft.Network/loadBalancers/frontendIPConfigurations","properties":{"provisioningState":"Succeeded","privateIPAllocationMethod":"Dynamic","publicIPAddress":{"id":"/subscriptions/00000000-0000-0000-0000-000000000000/resourceGroups/azure-cli-test-rg/providers/Microsoft.Network/publicIPAddresses/PublicIPnew-lb-cr-no-private-final"},"privateIPAddressVersion":"IPv4"}}],"backendAddressPools":[{"name":"new-lb-cr-no-private-finalbepool","id":"/subscriptions/00000000-0000-0000-0000-000000000000/resourceGroups/azure-cli-test-rg/providers/Microsoft.Network/loadBalancers/new-lb-cr-no-private-final/backendAddressPools/new-lb-cr-no-private-finalbepool","etag":"W/\"0099dd5f-4a57-43c7-8e71-9c2a9b048f06\"","properties":{"provisioningState":"Succeeded","loadBalancerBackendAddresses":[]},"type":"Microsoft.Network/loadBalancers/backendAddressPools"}],"loadBalancingRules":[],"probes":[],"inboundNatRules":[],"outboundRules":[],"inboundNatPools":[]},"sku":{"name":"Standard","tier":"Global"}},{"name":"regional_lba5wiqc3sn2t4i","id":"/subscriptions/00000000-0000-0000-0000-000000000000/resourceGroups/cli_test_cross_region_lb_address_pool_addressesd3aexjpxti3bukzb2rqqynhtjptq/providers/Microsoft.Network/loadBalancers/regional_lba5wiqc3sn2t4i","etag":"W/\"7d7e3cd6-5456-4909-b94c-d0a494918b12\"","type":"Microsoft.Network/loadBalancers","location":"westus","tags":{},"properties":{"provisioningState":"Succeeded","resourceGuid":"7da9403e-eb98-4a1e-b0be-806f45ac02b5","frontendIPConfigurations":[{"name":"LoadBalancerFrontEnd","id":"/subscriptions/00000000-0000-0000-0000-000000000000/resourceGroups/cli_test_cross_region_lb_address_pool_addressesd3aexjpxti3bukzb2rqqynhtjptq/providers/Microsoft.Network/loadBalancers/regional_lba5wiqc3sn2t4i/frontendIPConfigurations/LoadBalancerFrontEnd","etag":"W/\"7d7e3cd6-5456-4909-b94c-d0a494918b12\"","type":"Microsoft.Network/loadBalancers/frontendIPConfigurations","properties":{"provisioningState":"Succeeded","privateIPAllocationMethod":"Dynamic","publicIPAddress":{"id":"/subscriptions/00000000-0000-0000-0000-000000000000/resourceGroups/cli_test_cross_region_lb_address_pool_addressesd3aexjpxti3bukzb2rqqynhtjptq/providers/Microsoft.Network/publicIPAddresses/PublicIPregional_lba5wiqc3sn2t4i"},"privateIPAddressVersion":"IPv4"}}],"backendAddressPools":[{"name":"regional_lba5wiqc3sn2t4ibepool","id":"/subscriptions/00000000-0000-0000-0000-000000000000/resourceGroups/cli_test_cross_region_lb_address_pool_addressesd3aexjpxti3bukzb2rqqynhtjptq/providers/Microsoft.Network/loadBalancers/regional_lba5wiqc3sn2t4i/backendAddressPools/regional_lba5wiqc3sn2t4ibepool","etag":"W/\"7d7e3cd6-5456-4909-b94c-d0a494918b12\"","properties":{"provisioningState":"Succeeded","loadBalancerBackendAddresses":[]},"type":"Microsoft.Network/loadBalancers/backendAddressPools"}],"loadBalancingRules":[],"probes":[],"inboundNatRules":[],"outboundRules":[],"inboundNatPools":[]},"sku":{"name":"Standard","tier":"Regional"}},{"name":"regional_lbdwqxowqtnpmfp","id":"/subscriptions/00000000-0000-0000-0000-000000000000/resourceGroups/cli_test_cross_region_lb_address_pool_addressesopbetueqhagzmpp4uljksscc3zea/providers/Microsoft.Network/loadBalancers/regional_lbdwqxowqtnpmfp","etag":"W/\"a3d4aab7-7b04-426d-87ac-ad5f4e202c78\"","type":"Microsoft.Network/loadBalancers","location":"westus","tags":{},"properties":{"provisioningState":"Succeeded","resourceGuid":"bd1b7d2d-59ef-4f90-927b-b3ce07caf62a","frontendIPConfigurations":[{"name":"LoadBalancerFrontEnd","id":"/subscriptions/00000000-0000-0000-0000-000000000000/resourceGroups/cli_test_cross_region_lb_address_pool_addressesopbetueqhagzmpp4uljksscc3zea/providers/Microsoft.Network/loadBalancers/regional_lbdwqxowqtnpmfp/frontendIPConfigurations/LoadBalancerFrontEnd","etag":"W/\"a3d4aab7-7b04-426d-87ac-ad5f4e202c78\"","type":"Microsoft.Network/loadBalancers/frontendIPConfigurations","properties":{"provisioningState":"Succeeded","privateIPAllocationMethod":"Dynamic","publicIPAddress":{"id":"/subscriptions/00000000-0000-0000-0000-000000000000/resourceGroups/cli_test_cross_region_lb_address_pool_addressesopbetueqhagzmpp4uljksscc3zea/providers/Microsoft.Network/publicIPAddresses/PublicIPregional_lbdwqxowqtnpmfp"},"privateIPAddressVersion":"IPv4"}}],"backendAddressPools":[{"name":"regional_lbdwqxowqtnpmfpbepool","id":"/subscriptions/00000000-0000-0000-0000-000000000000/resourceGroups/cli_test_cross_region_lb_address_pool_addressesopbetueqhagzmpp4uljksscc3zea/providers/Microsoft.Network/loadBalancers/regional_lbdwqxowqtnpmfp/backendAddressPools/regional_lbdwqxowqtnpmfpbepool","etag":"W/\"a3d4aab7-7b04-426d-87ac-ad5f4e202c78\"","properties":{"provisioningState":"Succeeded","loadBalancerBackendAddresses":[]},"type":"Microsoft.Network/loadBalancers/backendAddressPools"}],"loadBalancingRules":[],"probes":[],"inboundNatRules":[],"outboundRules":[],"inboundNatPools":[]},"sku":{"name":"Standard","tier":"Regional"}},{"name":"regional_lblnhmsh42fioeh","id":"/subscriptions/00000000-0000-0000-0000-000000000000/resourceGroups/cli_test_cross_region_lb_address_pool_addressess7qzk3wraffcw5jeohhoryzdfdbn/providers/Microsoft.Network/loadBalancers/regional_lblnhmsh42fioeh","etag":"W/\"65bf33f9-7d35-4e17-99f7-1ae207f5d3a0\"","type":"Microsoft.Network/loadBalancers","location":"westus","tags":{},"properties":{"provisioningState":"Succeeded","resourceGuid":"8ded8bf3-625d-4ec6-976c-3529c45e5b1d","frontendIPConfigurations":[{"name":"LoadBalancerFrontEnd","id":"/subscriptions/00000000-0000-0000-0000-000000000000/resourceGroups/cli_test_cross_region_lb_address_pool_addressess7qzk3wraffcw5jeohhoryzdfdbn/providers/Microsoft.Network/loadBalancers/regional_lblnhmsh42fioeh/frontendIPConfigurations/LoadBalancerFrontEnd","etag":"W/\"65bf33f9-7d35-4e17-99f7-1ae207f5d3a0\"","type":"Microsoft.Network/loadBalancers/frontendIPConfigurations","properties":{"provisioningState":"Succeeded","privateIPAllocationMethod":"Dynamic","publicIPAddress":{"id":"/subscriptions/00000000-0000-0000-0000-000000000000/resourceGroups/cli_test_cross_region_lb_address_pool_addressess7qzk3wraffcw5jeohhoryzdfdbn/providers/Microsoft.Network/publicIPAddresses/PublicIPregional_lblnhmsh42fioeh"},"privateIPAddressVersion":"IPv4"}}],"backendAddressPools":[{"name":"regional_lblnhmsh42fioehbepool","id":"/subscriptions/00000000-0000-0000-0000-000000000000/resourceGroups/cli_test_cross_region_lb_address_pool_addressess7qzk3wraffcw5jeohhoryzdfdbn/providers/Microsoft.Network/loadBalancers/regional_lblnhmsh42fioeh/backendAddressPools/regional_lblnhmsh42fioehbepool","etag":"W/\"65bf33f9-7d35-4e17-99f7-1ae207f5d3a0\"","properties":{"provisioningState":"Succeeded","loadBalancerBackendAddresses":[]},"type":"Microsoft.Network/loadBalancers/backendAddressPools"}],"loadBalancingRules":[],"probes":[],"inboundNatRules":[],"outboundRules":[],"inboundNatPools":[]},"sku":{"name":"Standard","tier":"Regional"}},{"name":"regional_lbcai7tfqae5mly","id":"/subscriptions/00000000-0000-0000-0000-000000000000/resourceGroups/cli_test_cross_region_lb_address_pool_addressesvyrgv4r2yw5xrv3a327jhtlxzarx/providers/Microsoft.Network/loadBalancers/regional_lbcai7tfqae5mly","etag":"W/\"03a4c04e-bb84-4a7c-a8b7-d189c89116a1\"","type":"Microsoft.Network/loadBalancers","location":"westus","tags":{},"properties":{"provisioningState":"Succeeded","resourceGuid":"54f812fe-959e-4c86-9bf2-3e359ec92d94","frontendIPConfigurations":[{"name":"LoadBalancerFrontEnd","id":"/subscriptions/00000000-0000-0000-0000-000000000000/resourceGroups/cli_test_cross_region_lb_address_pool_addressesvyrgv4r2yw5xrv3a327jhtlxzarx/providers/Microsoft.Network/loadBalancers/regional_lbcai7tfqae5mly/frontendIPConfigurations/LoadBalancerFrontEnd","etag":"W/\"03a4c04e-bb84-4a7c-a8b7-d189c89116a1\"","type":"Microsoft.Network/loadBalancers/frontendIPConfigurations","properties":{"provisioningState":"Succeeded","privateIPAllocationMethod":"Dynamic","publicIPAddress":{"id":"/subscriptions/00000000-0000-0000-0000-000000000000/resourceGroups/cli_test_cross_region_lb_address_pool_addressesvyrgv4r2yw5xrv3a327jhtlxzarx/providers/Microsoft.Network/publicIPAddresses/PublicIPregional_lbcai7tfqae5mly"},"privateIPAddressVersion":"IPv4"}}],"backendAddressPools":[{"name":"regional_lbcai7tfqae5mlybepool","id":"/subscriptions/00000000-0000-0000-0000-000000000000/resourceGroups/cli_test_cross_region_lb_address_pool_addressesvyrgv4r2yw5xrv3a327jhtlxzarx/providers/Microsoft.Network/loadBalancers/regional_lbcai7tfqae5mly/backendAddressPools/regional_lbcai7tfqae5mlybepool","etag":"W/\"03a4c04e-bb84-4a7c-a8b7-d189c89116a1\"","properties":{"provisioningState":"Succeeded","loadBalancerBackendAddresses":[]},"type":"Microsoft.Network/loadBalancers/backendAddressPools"}],"loadBalancingRules":[],"probes":[],"inboundNatRules":[],"outboundRules":[],"inboundNatPools":[]},"sku":{"name":"Standard","tier":"Regional"}},{"name":"cross-region-lb1","id":"/subscriptions/00000000-0000-0000-0000-000000000000/resourceGroups/cli_test_cr_load_balancer000001/providers/Microsoft.Network/loadBalancers/cross-region-lb1","etag":"W/\"7b8bcd6b-b76a-4b65-96be-47b349f08740\"","type":"Microsoft.Network/loadBalancers","location":"westus","tags":{},"properties":{"provisioningState":"Succeeded","resourceGuid":"3a8dbf95-f467-4612-a93a-88525892d869","frontendIPConfigurations":[{"name":"LoadBalancerFrontEnd","id":"/subscriptions/00000000-0000-0000-0000-000000000000/resourceGroups/cli_test_cr_load_balancer000001/providers/Microsoft.Network/loadBalancers/cross-region-lb1/frontendIPConfigurations/LoadBalancerFrontEnd","etag":"W/\"7b8bcd6b-b76a-4b65-96be-47b349f08740\"","type":"Microsoft.Network/loadBalancers/frontendIPConfigurations","properties":{"provisioningState":"Succeeded","privateIPAllocationMethod":"Dynamic","publicIPAddress":{"id":"/subscriptions/00000000-0000-0000-0000-000000000000/resourceGroups/cli_test_cr_load_balancer000001/providers/Microsoft.Network/publicIPAddresses/PublicIPcross-region-lb1"},"privateIPAddressVersion":"IPv4"}}],"backendAddressPools":[{"name":"cross-region-lb1bepool","id":"/subscriptions/00000000-0000-0000-0000-000000000000/resourceGroups/cli_test_cr_load_balancer000001/providers/Microsoft.Network/loadBalancers/cross-region-lb1/backendAddressPools/cross-region-lb1bepool","etag":"W/\"7b8bcd6b-b76a-4b65-96be-47b349f08740\"","properties":{"provisioningState":"Succeeded","loadBalancerBackendAddresses":[]},"type":"Microsoft.Network/loadBalancers/backendAddressPools"}],"loadBalancingRules":[],"probes":[],"inboundNatRules":[],"outboundRules":[],"inboundNatPools":[]},"sku":{"name":"Standard","tier":"Global"}},{"name":"cross-region-lb2","id":"/subscriptions/00000000-0000-0000-0000-000000000000/resourceGroups/cli_test_cr_load_balancer000001/providers/Microsoft.Network/loadBalancers/cross-region-lb2","etag":"W/\"b54808ca-cf46-4489-8ae1-a6ae1b70c053\"","type":"Microsoft.Network/loadBalancers","location":"westus","tags":{"foo":"doo"},"properties":{"provisioningState":"Succeeded","resourceGuid":"b921d8b2-c032-4e96-9da8-5b2c80a5ec23","frontendIPConfigurations":[{"name":"LoadBalancerFrontEnd","id":"/subscriptions/00000000-0000-0000-0000-000000000000/resourceGroups/cli_test_cr_load_balancer000001/providers/Microsoft.Network/loadBalancers/cross-region-lb2/frontendIPConfigurations/LoadBalancerFrontEnd","etag":"W/\"b54808ca-cf46-4489-8ae1-a6ae1b70c053\"","type":"Microsoft.Network/loadBalancers/frontendIPConfigurations","properties":{"provisioningState":"Succeeded","privateIPAllocationMethod":"Dynamic","publicIPAddress":{"id":"/subscriptions/00000000-0000-0000-0000-000000000000/resourceGroups/cli_test_cr_load_balancer000001/providers/Microsoft.Network/publicIPAddresses/PublicIPcross-region-lb2"},"privateIPAddressVersion":"IPv4"}}],"backendAddressPools":[{"name":"cross-region-lb2bepool","id":"/subscriptions/00000000-0000-0000-0000-000000000000/resourceGroups/cli_test_cr_load_balancer000001/providers/Microsoft.Network/loadBalancers/cross-region-lb2/backendAddressPools/cross-region-lb2bepool","etag":"W/\"b54808ca-cf46-4489-8ae1-a6ae1b70c053\"","properties":{"provisioningState":"Succeeded","loadBalancerBackendAddresses":[]},"type":"Microsoft.Network/loadBalancers/backendAddressPools"}],"loadBalancingRules":[],"probes":[],"inboundNatRules":[],"outboundRules":[],"inboundNatPools":[]},"sku":{"name":"Standard","tier":"Global"}},{"name":"cross-region-lb3","id":"/subscriptions/00000000-0000-0000-0000-000000000000/resourceGroups/cli_test_cr_load_balancer000001/providers/Microsoft.Network/loadBalancers/cross-region-lb3","etag":"W/\"d665dc56-2e1b-4cbd-b278-c38f23d339a7\"","type":"Microsoft.Network/loadBalancers","location":"westus","tags":{},"properties":{"provisioningState":"Succeeded","resourceGuid":"e1f1757b-87ea-4fca-8627-837bade1840f","frontendIPConfigurations":[{"name":"LoadBalancerFrontEnd","id":"/subscriptions/00000000-0000-0000-0000-000000000000/resourceGroups/cli_test_cr_load_balancer000001/providers/Microsoft.Network/loadBalancers/cross-region-lb3/frontendIPConfigurations/LoadBalancerFrontEnd","etag":"W/\"d665dc56-2e1b-4cbd-b278-c38f23d339a7\"","type":"Microsoft.Network/loadBalancers/frontendIPConfigurations","properties":{"provisioningState":"Succeeded","privateIPAllocationMethod":"Dynamic","publicIPAddress":{"id":"/subscriptions/00000000-0000-0000-0000-000000000000/resourceGroups/cli_test_cr_load_balancer000001/providers/Microsoft.Network/publicIPAddresses/publicip4"},"privateIPAddressVersion":"IPv4"}}],"backendAddressPools":[{"name":"cross-region-lb3bepool","id":"/subscriptions/00000000-0000-0000-0000-000000000000/resourceGroups/cli_test_cr_load_balancer000001/providers/Microsoft.Network/loadBalancers/cross-region-lb3/backendAddressPools/cross-region-lb3bepool","etag":"W/\"d665dc56-2e1b-4cbd-b278-c38f23d339a7\"","properties":{"provisioningState":"Succeeded","loadBalancerBackendAddresses":[]},"type":"Microsoft.Network/loadBalancers/backendAddressPools"}],"loadBalancingRules":[],"probes":[],"inboundNatRules":[],"outboundRules":[],"inboundNatPools":[]},"sku":{"name":"Standard","tier":"Global"}},{"name":"aadds-867b91367ab84a31a54e536fd2199e49-lb","id":"/subscriptions/00000000-0000-0000-0000-000000000000/resourceGroups/zuh/providers/Microsoft.Network/loadBalancers/aadds-867b91367ab84a31a54e536fd2199e49-lb","etag":"W/\"2e4c5e45-2d41-4179-b5b6-14b1645fd93a\"","type":"Microsoft.Network/loadBalancers","location":"eastus","properties":{"provisioningState":"Succeeded","resourceGuid":"c25e7976-4c15-4120-978f-1d716fc9b68f","frontendIPConfigurations":[{"name":"WPZUAOUAH6T7L50Fe","id":"/subscriptions/00000000-0000-0000-0000-000000000000/resourceGroups/zuh/providers/Microsoft.Network/loadBalancers/aadds-867b91367ab84a31a54e536fd2199e49-lb/frontendIPConfigurations/WPZUAOUAH6T7L50Fe","etag":"W/\"2e4c5e45-2d41-4179-b5b6-14b1645fd93a\"","type":"Microsoft.Network/loadBalancers/frontendIPConfigurations","properties":{"provisioningState":"Succeeded","privateIPAllocationMethod":"Dynamic","publicIPAddress":{"id":"/subscriptions/00000000-0000-0000-0000-000000000000/resourceGroups/zuh/providers/Microsoft.Network/publicIPAddresses/aadds-867b91367ab84a31a54e536fd2199e49-pip"},"inboundNatRules":[{"id":"/subscriptions/00000000-0000-0000-0000-000000000000/resourceGroups/zuh/providers/Microsoft.Network/loadBalancers/aadds-867b91367ab84a31a54e536fd2199e49-lb/inboundNatRules/INHGKMIOFO8VWUEPsh"},{"id":"/subscriptions/00000000-0000-0000-0000-000000000000/resourceGroups/zuh/providers/Microsoft.Network/loadBalancers/aadds-867b91367ab84a31a54e536fd2199e49-lb/inboundNatRules/INHGKMIOFO8VWUEHttps"},{"id":"/subscriptions/00000000-0000-0000-0000-000000000000/resourceGroups/zuh/providers/Microsoft.Network/loadBalancers/aadds-867b91367ab84a31a54e536fd2199e49-lb/inboundNatRules/BRMHKF8D4JAW76WPsh"}],"outboundRules":[{"id":"/subscriptions/00000000-0000-0000-0000-000000000000/resourceGroups/zuh/providers/Microsoft.Network/loadBalancers/aadds-867b91367ab84a31a54e536fd2199e49-lb/outboundRules/WPZUAOUAH6T7L50Ge"}],"privateIPAddressVersion":"IPv4"}}],"backendAddressPools":[{"name":"WPZUAOUAH6T7L50Be","id":"/subscriptions/00000000-0000-0000-0000-000000000000/resourceGroups/zuh/providers/Microsoft.Network/loadBalancers/aadds-867b91367ab84a31a54e536fd2199e49-lb/backendAddressPools/WPZUAOUAH6T7L50Be","etag":"W/\"2e4c5e45-2d41-4179-b5b6-14b1645fd93a\"","properties":{"provisioningState":"Succeeded","loadBalancerBackendAddresses":[{"name":"zuh_aadds-d516bde6efd946f4b0bbec1fdd7259ef-nicINHGKMIOFO8VWUEIpcfg","id":"/subscriptions/00000000-0000-0000-0000-000000000000/resourceGroups/zuh/providers/Microsoft.Network/loadBalancers/aadds-867b91367ab84a31a54e536fd2199e49-lb/backendAddressPools/WPZUAOUAH6T7L50Be/loadBalancerBackendAddresses/zuh_aadds-d516bde6efd946f4b0bbec1fdd7259ef-nicINHGKMIOFO8VWUEIpcfg","etag":"W/\"2e4c5e45-2d41-4179-b5b6-14b1645fd93a\"","properties":{"provisioningState":"Succeeded","networkInterfaceIPConfiguration":{"id":"/subscriptions/00000000-0000-0000-0000-000000000000/resourceGroups/zuh/providers/Microsoft.Network/networkInterfaces/aadds-d516bde6efd946f4b0bbec1fdd7259ef-nic/ipConfigurations/INHGKMIOFO8VWUEIpcfg"}},"type":"Microsoft.Network/loadBalancers/backendAddressPools/loadBalancerBackendAddresses"},{"name":"zuh_aadds-e5d46dabe08f4148acfb02778268b842-nicBRMHKF8D4JAW76WIpcfg","id":"/subscriptions/00000000-0000-0000-0000-000000000000/resourceGroups/zuh/providers/Microsoft.Network/loadBalancers/aadds-867b91367ab84a31a54e536fd2199e49-lb/backendAddressPools/WPZUAOUAH6T7L50Be/loadBalancerBackendAddresses/zuh_aadds-e5d46dabe08f4148acfb02778268b842-nicBRMHKF8D4JAW76WIpcfg","etag":"W/\"2e4c5e45-2d41-4179-b5b6-14b1645fd93a\"","properties":{"provisioningState":"Succeeded","networkInterfaceIPConfiguration":{"id":"/subscriptions/00000000-0000-0000-0000-000000000000/resourceGroups/zuh/providers/Microsoft.Network/networkInterfaces/aadds-e5d46dabe08f4148acfb02778268b842-nic/ipConfigurations/BRMHKF8D4JAW76WIpcfg"}},"type":"Microsoft.Network/loadBalancers/backendAddressPools/loadBalancerBackendAddresses"}],"outboundRules":[{"id":"/subscriptions/00000000-0000-0000-0000-000000000000/resourceGroups/zuh/providers/Microsoft.Network/loadBalancers/aadds-867b91367ab84a31a54e536fd2199e49-lb/outboundRules/WPZUAOUAH6T7L50Ge"}],"backendIPConfigurations":[{"id":"/subscriptions/00000000-0000-0000-0000-000000000000/resourceGroups/zuh/providers/Microsoft.Network/networkInterfaces/aadds-d516bde6efd946f4b0bbec1fdd7259ef-nic/ipConfigurations/INHGKMIOFO8VWUEIpcfg"},{"id":"/subscriptions/00000000-0000-0000-0000-000000000000/resourceGroups/zuh/providers/Microsoft.Network/networkInterfaces/aadds-e5d46dabe08f4148acfb02778268b842-nic/ipConfigurations/BRMHKF8D4JAW76WIpcfg"}]},"type":"Microsoft.Network/loadBalancers/backendAddressPools"}],"loadBalancingRules":[],"probes":[],"inboundNatRules":[{"name":"INHGKMIOFO8VWUEPsh","id":"/subscriptions/00000000-0000-0000-0000-000000000000/resourceGroups/zuh/providers/Microsoft.Network/loadBalancers/aadds-867b91367ab84a31a54e536fd2199e49-lb/inboundNatRules/INHGKMIOFO8VWUEPsh","etag":"W/\"2e4c5e45-2d41-4179-b5b6-14b1645fd93a\"","type":"Microsoft.Network/loadBalancers/inboundNatRules","properties":{"provisioningState":"Succeeded","frontendIPConfiguration":{"id":"/subscriptions/00000000-0000-0000-0000-000000000000/resourceGroups/zuh/providers/Microsoft.Network/loadBalancers/aadds-867b91367ab84a31a54e536fd2199e49-lb/frontendIPConfigurations/WPZUAOUAH6T7L50Fe"},"frontendPort":5986,"backendPort":5986,"enableFloatingIP":false,"idleTimeoutInMinutes":15,"protocol":"Tcp","enableDestinationServiceEndpoint":false,"enableTcpReset":false,"allowBackendPortConflict":false,"backendIPConfiguration":{"id":"/subscriptions/00000000-0000-0000-0000-000000000000/resourceGroups/zuh/providers/Microsoft.Network/networkInterfaces/aadds-d516bde6efd946f4b0bbec1fdd7259ef-nic/ipConfigurations/INHGKMIOFO8VWUEIpcfg"}}},{"name":"INHGKMIOFO8VWUEHttps","id":"/subscriptions/00000000-0000-0000-0000-000000000000/resourceGroups/zuh/providers/Microsoft.Network/loadBalancers/aadds-867b91367ab84a31a54e536fd2199e49-lb/inboundNatRules/INHGKMIOFO8VWUEHttps","etag":"W/\"2e4c5e45-2d41-4179-b5b6-14b1645fd93a\"","type":"Microsoft.Network/loadBalancers/inboundNatRules","properties":{"provisioningState":"Succeeded","frontendIPConfiguration":{"id":"/subscriptions/00000000-0000-0000-0000-000000000000/resourceGroups/zuh/providers/Microsoft.Network/loadBalancers/aadds-867b91367ab84a31a54e536fd2199e49-lb/frontendIPConfigurations/WPZUAOUAH6T7L50Fe"},"frontendPort":443,"backendPort":443,"enableFloatingIP":false,"idleTimeoutInMinutes":15,"protocol":"Tcp","enableDestinationServiceEndpoint":false,"enableTcpReset":false,"allowBackendPortConflict":false,"backendIPConfiguration":{"id":"/subscriptions/00000000-0000-0000-0000-000000000000/resourceGroups/zuh/providers/Microsoft.Network/networkInterfaces/aadds-d516bde6efd946f4b0bbec1fdd7259ef-nic/ipConfigurations/INHGKMIOFO8VWUEIpcfg"}}},{"name":"BRMHKF8D4JAW76WPsh","id":"/subscriptions/00000000-0000-0000-0000-000000000000/resourceGroups/zuh/providers/Microsoft.Network/loadBalancers/aadds-867b91367ab84a31a54e536fd2199e49-lb/inboundNatRules/BRMHKF8D4JAW76WPsh","etag":"W/\"2e4c5e45-2d41-4179-b5b6-14b1645fd93a\"","type":"Microsoft.Network/loadBalancers/inboundNatRules","properties":{"provisioningState":"Succeeded","frontendIPConfiguration":{"id":"/subscriptions/00000000-0000-0000-0000-000000000000/resourceGroups/zuh/providers/Microsoft.Network/loadBalancers/aadds-867b91367ab84a31a54e536fd2199e49-lb/frontendIPConfigurations/WPZUAOUAH6T7L50Fe"},"frontendPort":5987,"backendPort":5986,"enableFloatingIP":false,"idleTimeoutInMinutes":15,"protocol":"Tcp","enableDestinationServiceEndpoint":false,"enableTcpReset":false,"allowBackendPortConflict":false,"backendIPConfiguration":{"id":"/subscriptions/00000000-0000-0000-0000-000000000000/resourceGroups/zuh/providers/Microsoft.Network/networkInterfaces/aadds-e5d46dabe08f4148acfb02778268b842-nic/ipConfigurations/BRMHKF8D4JAW76WIpcfg"}}}],"outboundRules":[{"name":"WPZUAOUAH6T7L50Ge","id":"/subscriptions/00000000-0000-0000-0000-000000000000/resourceGroups/zuh/providers/Microsoft.Network/loadBalancers/aadds-867b91367ab84a31a54e536fd2199e49-lb/outboundRules/WPZUAOUAH6T7L50Ge","etag":"W/\"2e4c5e45-2d41-4179-b5b6-14b1645fd93a\"","type":"Microsoft.Network/loadBalancers/outboundRules","properties":{"provisioningState":"Succeeded","allocatedOutboundPorts":1024,"protocol":"Tcp","enableTcpReset":false,"idleTimeoutInMinutes":4,"backendAddressPool":{"id":"/subscriptions/00000000-0000-0000-0000-000000000000/resourceGroups/zuh/providers/Microsoft.Network/loadBalancers/aadds-867b91367ab84a31a54e536fd2199e49-lb/backendAddressPools/WPZUAOUAH6T7L50Be"},"frontendIPConfigurations":[{"id":"/subscriptions/00000000-0000-0000-0000-000000000000/resourceGroups/zuh/providers/Microsoft.Network/loadBalancers/aadds-867b91367ab84a31a54e536fd2199e49-lb/frontendIPConfigurations/WPZUAOUAH6T7L50Fe"}]}}],"inboundNatPools":[]},"sku":{"name":"Standard","tier":"Regional"}},{"name":"zuhlb","id":"/subscriptions/00000000-0000-0000-0000-000000000000/resourceGroups/zuhtest/providers/Microsoft.Network/loadBalancers/zuhlb","etag":"W/\"36d72c2b-a921-4401-97b6-438d54480c26\"","type":"Microsoft.Network/loadBalancers","location":"eastus","tags":{},"properties":{"provisioningState":"Succeeded","resourceGuid":"f7ef9349-91af-454e-9f3b-ccb0dd32eae8","frontendIPConfigurations":[{"name":"LoadBalancerFrontEnd","id":"/subscriptions/00000000-0000-0000-0000-000000000000/resourceGroups/zuhtest/providers/Microsoft.Network/loadBalancers/zuhlb/frontendIPConfigurations/LoadBalancerFrontEnd","etag":"W/\"36d72c2b-a921-4401-97b6-438d54480c26\"","type":"Microsoft.Network/loadBalancers/frontendIPConfigurations","properties":{"provisioningState":"Succeeded","privateIPAllocationMethod":"Dynamic","publicIPAddress":{"id":"/subscriptions/00000000-0000-0000-0000-000000000000/resourceGroups/zuhtest/providers/Microsoft.Network/publicIPAddresses/PublicIPzuhlb"},"privateIPAddressVersion":"IPv4"}}],"backendAddressPools":[{"name":"zuhlbbepool","id":"/subscriptions/00000000-0000-0000-0000-000000000000/resourceGroups/zuhtest/providers/Microsoft.Network/loadBalancers/zuhlb/backendAddressPools/zuhlbbepool","etag":"W/\"36d72c2b-a921-4401-97b6-438d54480c26\"","properties":{"provisioningState":"Succeeded"},"type":"Microsoft.Network/loadBalancers/backendAddressPools"}],"loadBalancingRules":[],"probes":[],"inboundNatRules":[],"inboundNatPools":[]},"sku":{"name":"Basic","tier":"Regional"}}]}'
    headers:
      cache-control:
      - no-cache
      content-length:
      - '29033'
      content-type:
      - application/json; charset=utf-8
      date:
      - Wed, 02 Dec 2020 10:22:53 GMT
      expires:
      - '-1'
      pragma:
      - no-cache
      strict-transport-security:
      - max-age=31536000; includeSubDomains
      vary:
      - Accept-Encoding
      x-content-type-options:
      - nosniff
      x-ms-original-request-ids:
      - fd840f5f-a9c9-4eb7-b136-b242676886f2
      - 5f99dc1e-8545-4ca1-b421-aaef2a83ce63
    status:
      code: 200
      message: OK
- request:
    body: null
    headers:
      Accept:
      - application/json
      Accept-Encoding:
      - gzip, deflate
      CommandName:
      - network cross-region-lb list
      Connection:
      - keep-alive
      ParameterSetName:
      - --resource-group
      User-Agent:
      - python/3.7.8 (Windows-10-10.0.19041-SP0) msrest/0.6.18 msrest_azure/0.6.3
        azure-mgmt-network/13.0.0 Azure-SDK-For-Python AZURECLI/2.15.1
      accept-language:
      - en-US
    method: GET
    uri: https://management.azure.com/subscriptions/00000000-0000-0000-0000-000000000000/resourceGroups/cli_test_cr_load_balancer000001/providers/Microsoft.Network/loadBalancers?api-version=2020-07-01
  response:
    body:
      string: "{\r\n  \"value\": [\r\n    {\r\n      \"name\": \"cross-region-lb1\",\r\n
        \     \"id\": \"/subscriptions/00000000-0000-0000-0000-000000000000/resourceGroups/cli_test_cr_load_balancer000001/providers/Microsoft.Network/loadBalancers/cross-region-lb1\",\r\n
        \     \"etag\": \"W/\\\"7b8bcd6b-b76a-4b65-96be-47b349f08740\\\"\",\r\n      \"type\":
        \"Microsoft.Network/loadBalancers\",\r\n      \"location\": \"westus\",\r\n
        \     \"tags\": {},\r\n      \"properties\": {\r\n        \"provisioningState\":
        \"Succeeded\",\r\n        \"resourceGuid\": \"3a8dbf95-f467-4612-a93a-88525892d869\",\r\n
        \       \"frontendIPConfigurations\": [\r\n          {\r\n            \"name\":
        \"LoadBalancerFrontEnd\",\r\n            \"id\": \"/subscriptions/00000000-0000-0000-0000-000000000000/resourceGroups/cli_test_cr_load_balancer000001/providers/Microsoft.Network/loadBalancers/cross-region-lb1/frontendIPConfigurations/LoadBalancerFrontEnd\",\r\n
        \           \"etag\": \"W/\\\"7b8bcd6b-b76a-4b65-96be-47b349f08740\\\"\",\r\n
        \           \"type\": \"Microsoft.Network/loadBalancers/frontendIPConfigurations\",\r\n
        \           \"properties\": {\r\n              \"provisioningState\": \"Succeeded\",\r\n
        \             \"privateIPAllocationMethod\": \"Dynamic\",\r\n              \"publicIPAddress\":
        {\r\n                \"id\": \"/subscriptions/00000000-0000-0000-0000-000000000000/resourceGroups/cli_test_cr_load_balancer000001/providers/Microsoft.Network/publicIPAddresses/PublicIPcross-region-lb1\"\r\n
        \             },\r\n              \"privateIPAddressVersion\": \"IPv4\"\r\n
        \           }\r\n          }\r\n        ],\r\n        \"backendAddressPools\":
        [\r\n          {\r\n            \"name\": \"cross-region-lb1bepool\",\r\n
        \           \"id\": \"/subscriptions/00000000-0000-0000-0000-000000000000/resourceGroups/cli_test_cr_load_balancer000001/providers/Microsoft.Network/loadBalancers/cross-region-lb1/backendAddressPools/cross-region-lb1bepool\",\r\n
        \           \"etag\": \"W/\\\"7b8bcd6b-b76a-4b65-96be-47b349f08740\\\"\",\r\n
        \           \"properties\": {\r\n              \"provisioningState\": \"Succeeded\",\r\n
        \             \"loadBalancerBackendAddresses\": []\r\n            },\r\n            \"type\":
        \"Microsoft.Network/loadBalancers/backendAddressPools\"\r\n          }\r\n
        \       ],\r\n        \"loadBalancingRules\": [],\r\n        \"probes\": [],\r\n
        \       \"inboundNatRules\": [],\r\n        \"outboundRules\": [],\r\n        \"inboundNatPools\":
        []\r\n      },\r\n      \"sku\": {\r\n        \"name\": \"Standard\",\r\n
        \       \"tier\": \"Global\"\r\n      }\r\n    },\r\n    {\r\n      \"name\":
        \"cross-region-lb2\",\r\n      \"id\": \"/subscriptions/00000000-0000-0000-0000-000000000000/resourceGroups/cli_test_cr_load_balancer000001/providers/Microsoft.Network/loadBalancers/cross-region-lb2\",\r\n
        \     \"etag\": \"W/\\\"b54808ca-cf46-4489-8ae1-a6ae1b70c053\\\"\",\r\n      \"type\":
        \"Microsoft.Network/loadBalancers\",\r\n      \"location\": \"westus\",\r\n
        \     \"tags\": {\r\n        \"foo\": \"doo\"\r\n      },\r\n      \"properties\":
        {\r\n        \"provisioningState\": \"Succeeded\",\r\n        \"resourceGuid\":
        \"b921d8b2-c032-4e96-9da8-5b2c80a5ec23\",\r\n        \"frontendIPConfigurations\":
        [\r\n          {\r\n            \"name\": \"LoadBalancerFrontEnd\",\r\n            \"id\":
        \"/subscriptions/00000000-0000-0000-0000-000000000000/resourceGroups/cli_test_cr_load_balancer000001/providers/Microsoft.Network/loadBalancers/cross-region-lb2/frontendIPConfigurations/LoadBalancerFrontEnd\",\r\n
        \           \"etag\": \"W/\\\"b54808ca-cf46-4489-8ae1-a6ae1b70c053\\\"\",\r\n
        \           \"type\": \"Microsoft.Network/loadBalancers/frontendIPConfigurations\",\r\n
        \           \"properties\": {\r\n              \"provisioningState\": \"Succeeded\",\r\n
        \             \"privateIPAllocationMethod\": \"Dynamic\",\r\n              \"publicIPAddress\":
        {\r\n                \"id\": \"/subscriptions/00000000-0000-0000-0000-000000000000/resourceGroups/cli_test_cr_load_balancer000001/providers/Microsoft.Network/publicIPAddresses/PublicIPcross-region-lb2\"\r\n
        \             },\r\n              \"privateIPAddressVersion\": \"IPv4\"\r\n
        \           }\r\n          }\r\n        ],\r\n        \"backendAddressPools\":
        [\r\n          {\r\n            \"name\": \"cross-region-lb2bepool\",\r\n
        \           \"id\": \"/subscriptions/00000000-0000-0000-0000-000000000000/resourceGroups/cli_test_cr_load_balancer000001/providers/Microsoft.Network/loadBalancers/cross-region-lb2/backendAddressPools/cross-region-lb2bepool\",\r\n
        \           \"etag\": \"W/\\\"b54808ca-cf46-4489-8ae1-a6ae1b70c053\\\"\",\r\n
        \           \"properties\": {\r\n              \"provisioningState\": \"Succeeded\",\r\n
        \             \"loadBalancerBackendAddresses\": []\r\n            },\r\n            \"type\":
        \"Microsoft.Network/loadBalancers/backendAddressPools\"\r\n          }\r\n
        \       ],\r\n        \"loadBalancingRules\": [],\r\n        \"probes\": [],\r\n
        \       \"inboundNatRules\": [],\r\n        \"outboundRules\": [],\r\n        \"inboundNatPools\":
        []\r\n      },\r\n      \"sku\": {\r\n        \"name\": \"Standard\",\r\n
        \       \"tier\": \"Global\"\r\n      }\r\n    },\r\n    {\r\n      \"name\":
        \"cross-region-lb3\",\r\n      \"id\": \"/subscriptions/00000000-0000-0000-0000-000000000000/resourceGroups/cli_test_cr_load_balancer000001/providers/Microsoft.Network/loadBalancers/cross-region-lb3\",\r\n
        \     \"etag\": \"W/\\\"d665dc56-2e1b-4cbd-b278-c38f23d339a7\\\"\",\r\n      \"type\":
        \"Microsoft.Network/loadBalancers\",\r\n      \"location\": \"westus\",\r\n
        \     \"tags\": {},\r\n      \"properties\": {\r\n        \"provisioningState\":
        \"Succeeded\",\r\n        \"resourceGuid\": \"e1f1757b-87ea-4fca-8627-837bade1840f\",\r\n
        \       \"frontendIPConfigurations\": [\r\n          {\r\n            \"name\":
        \"LoadBalancerFrontEnd\",\r\n            \"id\": \"/subscriptions/00000000-0000-0000-0000-000000000000/resourceGroups/cli_test_cr_load_balancer000001/providers/Microsoft.Network/loadBalancers/cross-region-lb3/frontendIPConfigurations/LoadBalancerFrontEnd\",\r\n
        \           \"etag\": \"W/\\\"d665dc56-2e1b-4cbd-b278-c38f23d339a7\\\"\",\r\n
        \           \"type\": \"Microsoft.Network/loadBalancers/frontendIPConfigurations\",\r\n
        \           \"properties\": {\r\n              \"provisioningState\": \"Succeeded\",\r\n
        \             \"privateIPAllocationMethod\": \"Dynamic\",\r\n              \"publicIPAddress\":
        {\r\n                \"id\": \"/subscriptions/00000000-0000-0000-0000-000000000000/resourceGroups/cli_test_cr_load_balancer000001/providers/Microsoft.Network/publicIPAddresses/publicip4\"\r\n
        \             },\r\n              \"privateIPAddressVersion\": \"IPv4\"\r\n
        \           }\r\n          }\r\n        ],\r\n        \"backendAddressPools\":
        [\r\n          {\r\n            \"name\": \"cross-region-lb3bepool\",\r\n
        \           \"id\": \"/subscriptions/00000000-0000-0000-0000-000000000000/resourceGroups/cli_test_cr_load_balancer000001/providers/Microsoft.Network/loadBalancers/cross-region-lb3/backendAddressPools/cross-region-lb3bepool\",\r\n
        \           \"etag\": \"W/\\\"d665dc56-2e1b-4cbd-b278-c38f23d339a7\\\"\",\r\n
        \           \"properties\": {\r\n              \"provisioningState\": \"Succeeded\",\r\n
        \             \"loadBalancerBackendAddresses\": []\r\n            },\r\n            \"type\":
        \"Microsoft.Network/loadBalancers/backendAddressPools\"\r\n          }\r\n
        \       ],\r\n        \"loadBalancingRules\": [],\r\n        \"probes\": [],\r\n
        \       \"inboundNatRules\": [],\r\n        \"outboundRules\": [],\r\n        \"inboundNatPools\":
        []\r\n      },\r\n      \"sku\": {\r\n        \"name\": \"Standard\",\r\n
        \       \"tier\": \"Global\"\r\n      }\r\n    }\r\n  ]\r\n}"
    headers:
      cache-control:
      - no-cache
      content-length:
      - '7540'
      content-type:
      - application/json; charset=utf-8
      date:
      - Wed, 02 Dec 2020 10:22:54 GMT
      expires:
      - '-1'
      pragma:
      - no-cache
      server:
      - Microsoft-HTTPAPI/2.0
      - Microsoft-HTTPAPI/2.0
      strict-transport-security:
      - max-age=31536000; includeSubDomains
      transfer-encoding:
      - chunked
      vary:
      - Accept-Encoding
      x-content-type-options:
      - nosniff
      x-ms-arm-service-request-id:
      - a4b1b887-8f4d-4587-9dad-8fbd739ec15b
    status:
      code: 200
      message: OK
- request:
    body: null
    headers:
      Accept:
      - application/json
      Accept-Encoding:
      - gzip, deflate
      CommandName:
      - network cross-region-lb show
      Connection:
      - keep-alive
      ParameterSetName:
      - --resource-group --name
      User-Agent:
      - python/3.7.8 (Windows-10-10.0.19041-SP0) msrest/0.6.18 msrest_azure/0.6.3
        azure-mgmt-network/13.0.0 Azure-SDK-For-Python AZURECLI/2.15.1
      accept-language:
      - en-US
    method: GET
    uri: https://management.azure.com/subscriptions/00000000-0000-0000-0000-000000000000/resourceGroups/cli_test_cr_load_balancer000001/providers/Microsoft.Network/loadBalancers/cross-region-lb1?api-version=2020-07-01
  response:
    body:
      string: "{\r\n  \"name\": \"cross-region-lb1\",\r\n  \"id\": \"/subscriptions/00000000-0000-0000-0000-000000000000/resourceGroups/cli_test_cr_load_balancer000001/providers/Microsoft.Network/loadBalancers/cross-region-lb1\",\r\n
        \ \"etag\": \"W/\\\"7b8bcd6b-b76a-4b65-96be-47b349f08740\\\"\",\r\n  \"type\":
        \"Microsoft.Network/loadBalancers\",\r\n  \"location\": \"westus\",\r\n  \"tags\":
        {},\r\n  \"properties\": {\r\n    \"provisioningState\": \"Succeeded\",\r\n
        \   \"resourceGuid\": \"3a8dbf95-f467-4612-a93a-88525892d869\",\r\n    \"frontendIPConfigurations\":
        [\r\n      {\r\n        \"name\": \"LoadBalancerFrontEnd\",\r\n        \"id\":
        \"/subscriptions/00000000-0000-0000-0000-000000000000/resourceGroups/cli_test_cr_load_balancer000001/providers/Microsoft.Network/loadBalancers/cross-region-lb1/frontendIPConfigurations/LoadBalancerFrontEnd\",\r\n
        \       \"etag\": \"W/\\\"7b8bcd6b-b76a-4b65-96be-47b349f08740\\\"\",\r\n
        \       \"type\": \"Microsoft.Network/loadBalancers/frontendIPConfigurations\",\r\n
        \       \"properties\": {\r\n          \"provisioningState\": \"Succeeded\",\r\n
        \         \"privateIPAllocationMethod\": \"Dynamic\",\r\n          \"publicIPAddress\":
        {\r\n            \"id\": \"/subscriptions/00000000-0000-0000-0000-000000000000/resourceGroups/cli_test_cr_load_balancer000001/providers/Microsoft.Network/publicIPAddresses/PublicIPcross-region-lb1\"\r\n
        \         },\r\n          \"privateIPAddressVersion\": \"IPv4\"\r\n        }\r\n
        \     }\r\n    ],\r\n    \"backendAddressPools\": [\r\n      {\r\n        \"name\":
        \"cross-region-lb1bepool\",\r\n        \"id\": \"/subscriptions/00000000-0000-0000-0000-000000000000/resourceGroups/cli_test_cr_load_balancer000001/providers/Microsoft.Network/loadBalancers/cross-region-lb1/backendAddressPools/cross-region-lb1bepool\",\r\n
        \       \"etag\": \"W/\\\"7b8bcd6b-b76a-4b65-96be-47b349f08740\\\"\",\r\n
        \       \"properties\": {\r\n          \"provisioningState\": \"Succeeded\",\r\n
        \         \"loadBalancerBackendAddresses\": []\r\n        },\r\n        \"type\":
        \"Microsoft.Network/loadBalancers/backendAddressPools\"\r\n      }\r\n    ],\r\n
        \   \"loadBalancingRules\": [],\r\n    \"probes\": [],\r\n    \"inboundNatRules\":
        [],\r\n    \"outboundRules\": [],\r\n    \"inboundNatPools\": []\r\n  },\r\n
        \ \"sku\": {\r\n    \"name\": \"Standard\",\r\n    \"tier\": \"Global\"\r\n
        \ }\r\n}"
    headers:
      cache-control:
      - no-cache
      content-length:
      - '2302'
      content-type:
      - application/json; charset=utf-8
      date:
      - Wed, 02 Dec 2020 10:22:55 GMT
      etag:
      - W/"7b8bcd6b-b76a-4b65-96be-47b349f08740"
      expires:
      - '-1'
      pragma:
      - no-cache
      server:
      - Microsoft-HTTPAPI/2.0
      - Microsoft-HTTPAPI/2.0
      strict-transport-security:
      - max-age=31536000; includeSubDomains
      transfer-encoding:
      - chunked
      vary:
      - Accept-Encoding
      x-content-type-options:
      - nosniff
      x-ms-arm-service-request-id:
      - a71ba3a0-422d-43fd-958d-7f8634ef610a
    status:
      code: 200
      message: OK
- request:
    body: null
    headers:
      Accept:
      - application/json
      Accept-Encoding:
      - gzip, deflate
      CommandName:
      - network cross-region-lb delete
      Connection:
      - keep-alive
      Content-Length:
      - '0'
      ParameterSetName:
      - --resource-group --name
      User-Agent:
      - python/3.7.8 (Windows-10-10.0.19041-SP0) msrest/0.6.18 msrest_azure/0.6.3
        azure-mgmt-network/13.0.0 Azure-SDK-For-Python AZURECLI/2.15.1
      accept-language:
      - en-US
    method: DELETE
    uri: https://management.azure.com/subscriptions/00000000-0000-0000-0000-000000000000/resourceGroups/cli_test_cr_load_balancer000001/providers/Microsoft.Network/loadBalancers/cross-region-lb1?api-version=2020-07-01
  response:
    body:
      string: ''
    headers:
      azure-asyncnotification:
      - Enabled
      azure-asyncoperation:
      - https://management.azure.com/subscriptions/00000000-0000-0000-0000-000000000000/providers/Microsoft.Network/locations/westus/operations/7ece3ddc-bbc8-4fcc-8bbc-b6d9cb82c315?api-version=2020-07-01
      cache-control:
      - no-cache
      content-length:
      - '0'
      date:
      - Wed, 02 Dec 2020 10:22:57 GMT
      expires:
      - '-1'
      location:
      - https://management.azure.com/subscriptions/00000000-0000-0000-0000-000000000000/providers/Microsoft.Network/locations/westus/operationResults/7ece3ddc-bbc8-4fcc-8bbc-b6d9cb82c315?api-version=2020-07-01
      pragma:
      - no-cache
      server:
      - Microsoft-HTTPAPI/2.0
      - Microsoft-HTTPAPI/2.0
      strict-transport-security:
      - max-age=31536000; includeSubDomains
      x-content-type-options:
      - nosniff
      x-ms-arm-service-request-id:
      - b9af50e6-5bd2-4e70-8088-d2fe169d1dc5
      x-ms-ratelimit-remaining-subscription-deletes:
      - '14999'
    status:
      code: 202
      message: Accepted
- request:
    body: null
    headers:
      Accept:
      - application/json
      Accept-Encoding:
      - gzip, deflate
      CommandName:
      - network cross-region-lb delete
      Connection:
      - keep-alive
      ParameterSetName:
      - --resource-group --name
      User-Agent:
      - python/3.7.8 (Windows-10-10.0.19041-SP0) msrest/0.6.18 msrest_azure/0.6.3
        azure-mgmt-network/13.0.0 Azure-SDK-For-Python AZURECLI/2.15.1
    method: GET
    uri: https://management.azure.com/subscriptions/00000000-0000-0000-0000-000000000000/providers/Microsoft.Network/locations/westus/operations/7ece3ddc-bbc8-4fcc-8bbc-b6d9cb82c315?api-version=2020-07-01
  response:
    body:
      string: "{\r\n  \"status\": \"Succeeded\"\r\n}"
    headers:
      cache-control:
      - no-cache
      content-length:
      - '29'
      content-type:
      - application/json; charset=utf-8
      date:
      - Wed, 02 Dec 2020 10:23:07 GMT
      expires:
      - '-1'
      pragma:
      - no-cache
      server:
      - Microsoft-HTTPAPI/2.0
      - Microsoft-HTTPAPI/2.0
      strict-transport-security:
      - max-age=31536000; includeSubDomains
      transfer-encoding:
      - chunked
      vary:
      - Accept-Encoding
      x-content-type-options:
      - nosniff
      x-ms-arm-service-request-id:
      - 3cc4996e-13da-4e4b-b022-e5863365ba64
    status:
      code: 200
      message: OK
- request:
    body: null
    headers:
      Accept:
      - application/json
      Accept-Encoding:
      - gzip, deflate
      CommandName:
      - network cross-region-lb list
      Connection:
      - keep-alive
      ParameterSetName:
      - --resource-group
      User-Agent:
      - python/3.7.8 (Windows-10-10.0.19041-SP0) msrest/0.6.18 msrest_azure/0.6.3
        azure-mgmt-network/13.0.0 Azure-SDK-For-Python AZURECLI/2.15.1
      accept-language:
      - en-US
    method: GET
    uri: https://management.azure.com/subscriptions/00000000-0000-0000-0000-000000000000/resourceGroups/cli_test_cr_load_balancer000001/providers/Microsoft.Network/loadBalancers?api-version=2020-07-01
  response:
    body:
      string: "{\r\n  \"value\": [\r\n    {\r\n      \"name\": \"cross-region-lb2\",\r\n
        \     \"id\": \"/subscriptions/00000000-0000-0000-0000-000000000000/resourceGroups/cli_test_cr_load_balancer000001/providers/Microsoft.Network/loadBalancers/cross-region-lb2\",\r\n
        \     \"etag\": \"W/\\\"b54808ca-cf46-4489-8ae1-a6ae1b70c053\\\"\",\r\n      \"type\":
        \"Microsoft.Network/loadBalancers\",\r\n      \"location\": \"westus\",\r\n
        \     \"tags\": {\r\n        \"foo\": \"doo\"\r\n      },\r\n      \"properties\":
        {\r\n        \"provisioningState\": \"Succeeded\",\r\n        \"resourceGuid\":
        \"b921d8b2-c032-4e96-9da8-5b2c80a5ec23\",\r\n        \"frontendIPConfigurations\":
        [\r\n          {\r\n            \"name\": \"LoadBalancerFrontEnd\",\r\n            \"id\":
        \"/subscriptions/00000000-0000-0000-0000-000000000000/resourceGroups/cli_test_cr_load_balancer000001/providers/Microsoft.Network/loadBalancers/cross-region-lb2/frontendIPConfigurations/LoadBalancerFrontEnd\",\r\n
        \           \"etag\": \"W/\\\"b54808ca-cf46-4489-8ae1-a6ae1b70c053\\\"\",\r\n
        \           \"type\": \"Microsoft.Network/loadBalancers/frontendIPConfigurations\",\r\n
        \           \"properties\": {\r\n              \"provisioningState\": \"Succeeded\",\r\n
        \             \"privateIPAllocationMethod\": \"Dynamic\",\r\n              \"publicIPAddress\":
        {\r\n                \"id\": \"/subscriptions/00000000-0000-0000-0000-000000000000/resourceGroups/cli_test_cr_load_balancer000001/providers/Microsoft.Network/publicIPAddresses/PublicIPcross-region-lb2\"\r\n
        \             },\r\n              \"privateIPAddressVersion\": \"IPv4\"\r\n
        \           }\r\n          }\r\n        ],\r\n        \"backendAddressPools\":
        [\r\n          {\r\n            \"name\": \"cross-region-lb2bepool\",\r\n
        \           \"id\": \"/subscriptions/00000000-0000-0000-0000-000000000000/resourceGroups/cli_test_cr_load_balancer000001/providers/Microsoft.Network/loadBalancers/cross-region-lb2/backendAddressPools/cross-region-lb2bepool\",\r\n
        \           \"etag\": \"W/\\\"b54808ca-cf46-4489-8ae1-a6ae1b70c053\\\"\",\r\n
        \           \"properties\": {\r\n              \"provisioningState\": \"Succeeded\",\r\n
        \             \"loadBalancerBackendAddresses\": []\r\n            },\r\n            \"type\":
        \"Microsoft.Network/loadBalancers/backendAddressPools\"\r\n          }\r\n
        \       ],\r\n        \"loadBalancingRules\": [],\r\n        \"probes\": [],\r\n
        \       \"inboundNatRules\": [],\r\n        \"outboundRules\": [],\r\n        \"inboundNatPools\":
        []\r\n      },\r\n      \"sku\": {\r\n        \"name\": \"Standard\",\r\n
        \       \"tier\": \"Global\"\r\n      }\r\n    },\r\n    {\r\n      \"name\":
        \"cross-region-lb3\",\r\n      \"id\": \"/subscriptions/00000000-0000-0000-0000-000000000000/resourceGroups/cli_test_cr_load_balancer000001/providers/Microsoft.Network/loadBalancers/cross-region-lb3\",\r\n
        \     \"etag\": \"W/\\\"d665dc56-2e1b-4cbd-b278-c38f23d339a7\\\"\",\r\n      \"type\":
        \"Microsoft.Network/loadBalancers\",\r\n      \"location\": \"westus\",\r\n
        \     \"tags\": {},\r\n      \"properties\": {\r\n        \"provisioningState\":
        \"Succeeded\",\r\n        \"resourceGuid\": \"e1f1757b-87ea-4fca-8627-837bade1840f\",\r\n
        \       \"frontendIPConfigurations\": [\r\n          {\r\n            \"name\":
        \"LoadBalancerFrontEnd\",\r\n            \"id\": \"/subscriptions/00000000-0000-0000-0000-000000000000/resourceGroups/cli_test_cr_load_balancer000001/providers/Microsoft.Network/loadBalancers/cross-region-lb3/frontendIPConfigurations/LoadBalancerFrontEnd\",\r\n
        \           \"etag\": \"W/\\\"d665dc56-2e1b-4cbd-b278-c38f23d339a7\\\"\",\r\n
        \           \"type\": \"Microsoft.Network/loadBalancers/frontendIPConfigurations\",\r\n
        \           \"properties\": {\r\n              \"provisioningState\": \"Succeeded\",\r\n
        \             \"privateIPAllocationMethod\": \"Dynamic\",\r\n              \"publicIPAddress\":
        {\r\n                \"id\": \"/subscriptions/00000000-0000-0000-0000-000000000000/resourceGroups/cli_test_cr_load_balancer000001/providers/Microsoft.Network/publicIPAddresses/publicip4\"\r\n
        \             },\r\n              \"privateIPAddressVersion\": \"IPv4\"\r\n
        \           }\r\n          }\r\n        ],\r\n        \"backendAddressPools\":
        [\r\n          {\r\n            \"name\": \"cross-region-lb3bepool\",\r\n
        \           \"id\": \"/subscriptions/00000000-0000-0000-0000-000000000000/resourceGroups/cli_test_cr_load_balancer000001/providers/Microsoft.Network/loadBalancers/cross-region-lb3/backendAddressPools/cross-region-lb3bepool\",\r\n
        \           \"etag\": \"W/\\\"d665dc56-2e1b-4cbd-b278-c38f23d339a7\\\"\",\r\n
        \           \"properties\": {\r\n              \"provisioningState\": \"Succeeded\",\r\n
        \             \"loadBalancerBackendAddresses\": []\r\n            },\r\n            \"type\":
        \"Microsoft.Network/loadBalancers/backendAddressPools\"\r\n          }\r\n
        \       ],\r\n        \"loadBalancingRules\": [],\r\n        \"probes\": [],\r\n
        \       \"inboundNatRules\": [],\r\n        \"outboundRules\": [],\r\n        \"inboundNatPools\":
        []\r\n      },\r\n      \"sku\": {\r\n        \"name\": \"Standard\",\r\n
        \       \"tier\": \"Global\"\r\n      }\r\n    }\r\n  ]\r\n}"
    headers:
      cache-control:
      - no-cache
      content-length:
      - '5039'
      content-type:
      - application/json; charset=utf-8
      date:
      - Wed, 02 Dec 2020 10:23:10 GMT
      expires:
      - '-1'
      pragma:
      - no-cache
      server:
      - Microsoft-HTTPAPI/2.0
      - Microsoft-HTTPAPI/2.0
      strict-transport-security:
      - max-age=31536000; includeSubDomains
      transfer-encoding:
      - chunked
      vary:
      - Accept-Encoding
      x-content-type-options:
      - nosniff
      x-ms-arm-service-request-id:
      - 0944c9e8-25e3-4eaf-95f4-22d2a0daa4f0
    status:
      code: 200
      message: OK
version: 1
