interactions:
- request:
    body: null
    headers:
      Accept:
      - application/json
      Accept-Encoding:
      - gzip, deflate
      CommandName:
      - network vnet subnet list-available-delegations
      Connection:
      - keep-alive
      ParameterSetName:
      - -l
      User-Agent:
      - AZURECLI/2.42.0 (PIP) (AAZ) azsdk-python-core/1.24.0 Python/3.8.10 (Windows-10-10.0.19045-SP0)
    method: GET
    uri: https://management.azure.com/subscriptions/00000000-0000-0000-0000-000000000000/providers/Microsoft.Network/locations/westcentralus/availableDelegations?api-version=2022-01-01
  response:
    body:
      string: "{\r\n  \"value\": [\r\n    {\r\n      \"name\": \"Microsoft.Web.serverFarms\",\r\n
        \     \"id\": \"/subscriptions/00000000-0000-0000-0000-000000000000/providers/Microsoft.Network/availableDelegations/Microsoft.Web.serverFarms\",\r\n
        \     \"type\": \"Microsoft.Network/availableDelegations\",\r\n      \"serviceName\":
        \"Microsoft.Web/serverFarms\",\r\n      \"actions\": [\r\n        \"Microsoft.Network/virtualNetworks/subnets/action\"\r\n
        \     ]\r\n    },\r\n    {\r\n      \"name\": \"Microsoft.ContainerInstance.containerGroups\",\r\n
        \     \"id\": \"/subscriptions/00000000-0000-0000-0000-000000000000/providers/Microsoft.Network/availableDelegations/Microsoft.ContainerInstance.containerGroups\",\r\n
        \     \"type\": \"Microsoft.Network/availableDelegations\",\r\n      \"serviceName\":
        \"Microsoft.ContainerInstance/containerGroups\",\r\n      \"actions\": [\r\n
        \       \"Microsoft.Network/virtualNetworks/subnets/action\"\r\n      ]\r\n
        \   },\r\n    {\r\n      \"name\": \"Microsoft.Netapp.volumes\",\r\n      \"id\":
        \"/subscriptions/00000000-0000-0000-0000-000000000000/providers/Microsoft.Network/availableDelegations/Microsoft.Netapp.volumes\",\r\n
        \     \"type\": \"Microsoft.Network/availableDelegations\",\r\n      \"serviceName\":
        \"Microsoft.Netapp/volumes\",\r\n      \"actions\": [\r\n        \"Microsoft.Network/networkinterfaces/*\",\r\n
        \       \"Microsoft.Network/virtualNetworks/subnets/join/action\"\r\n      ]\r\n
        \   },\r\n    {\r\n      \"name\": \"Microsoft.HardwareSecurityModules.dedicatedHSMs\",\r\n
        \     \"id\": \"/subscriptions/00000000-0000-0000-0000-000000000000/providers/Microsoft.Network/availableDelegations/Microsoft.HardwareSecurityModules.dedicatedHSMs\",\r\n
        \     \"type\": \"Microsoft.Network/availableDelegations\",\r\n      \"serviceName\":
        \"Microsoft.HardwareSecurityModules/dedicatedHSMs\",\r\n      \"actions\":
        [\r\n        \"Microsoft.Network/networkinterfaces/*\",\r\n        \"Microsoft.Network/virtualNetworks/subnets/join/action\"\r\n
        \     ]\r\n    },\r\n    {\r\n      \"name\": \"Microsoft.ServiceFabricMesh.networks\",\r\n
        \     \"id\": \"/subscriptions/00000000-0000-0000-0000-000000000000/providers/Microsoft.Network/availableDelegations/Microsoft.ServiceFabricMesh.networks\",\r\n
        \     \"type\": \"Microsoft.Network/availableDelegations\",\r\n      \"serviceName\":
        \"Microsoft.ServiceFabricMesh/networks\",\r\n      \"actions\": [\r\n        \"Microsoft.Network/virtualNetworks/subnets/action\"\r\n
        \     ]\r\n    },\r\n    {\r\n      \"name\": \"Microsoft.Logic.integrationServiceEnvironments\",\r\n
        \     \"id\": \"/subscriptions/00000000-0000-0000-0000-000000000000/providers/Microsoft.Network/availableDelegations/Microsoft.Logic.integrationServiceEnvironments\",\r\n
        \     \"type\": \"Microsoft.Network/availableDelegations\",\r\n      \"serviceName\":
        \"Microsoft.Logic/integrationServiceEnvironments\",\r\n      \"actions\":
        [\r\n        \"Microsoft.Network/virtualNetworks/subnets/action\"\r\n      ]\r\n
        \   },\r\n    {\r\n      \"name\": \"Microsoft.Batch.batchAccounts\",\r\n
        \     \"id\": \"/subscriptions/00000000-0000-0000-0000-000000000000/providers/Microsoft.Network/availableDelegations/Microsoft.Batch.batchAccounts\",\r\n
        \     \"type\": \"Microsoft.Network/availableDelegations\",\r\n      \"serviceName\":
        \"Microsoft.Batch/batchAccounts\",\r\n      \"actions\": [\r\n        \"Microsoft.Network/virtualNetworks/subnets/action\"\r\n
        \     ]\r\n    },\r\n    {\r\n      \"name\": \"Microsoft.Sql.managedInstances\",\r\n
        \     \"id\": \"/subscriptions/00000000-0000-0000-0000-000000000000/providers/Microsoft.Network/availableDelegations/Microsoft.Sql.managedInstances\",\r\n
        \     \"type\": \"Microsoft.Network/availableDelegations\",\r\n      \"serviceName\":
        \"Microsoft.Sql/managedInstances\",\r\n      \"actions\": [\r\n        \"Microsoft.Network/virtualNetworks/subnets/join/action\",\r\n
        \       \"Microsoft.Network/virtualNetworks/subnets/prepareNetworkPolicies/action\",\r\n
        \       \"Microsoft.Network/virtualNetworks/subnets/unprepareNetworkPolicies/action\"\r\n
        \     ]\r\n    },\r\n    {\r\n      \"name\": \"Microsoft.Web.hostingEnvironments\",\r\n
        \     \"id\": \"/subscriptions/00000000-0000-0000-0000-000000000000/providers/Microsoft.Network/availableDelegations/Microsoft.Web.hostingEnvironments\",\r\n
        \     \"type\": \"Microsoft.Network/availableDelegations\",\r\n      \"serviceName\":
        \"Microsoft.Web/hostingEnvironments\",\r\n      \"actions\": [\r\n        \"Microsoft.Network/virtualNetworks/subnets/action\"\r\n
        \     ]\r\n    },\r\n    {\r\n      \"name\": \"Microsoft.BareMetal.CrayServers\",\r\n
        \     \"id\": \"/subscriptions/00000000-0000-0000-0000-000000000000/providers/Microsoft.Network/availableDelegations/Microsoft.BareMetal.CrayServers\",\r\n
        \     \"type\": \"Microsoft.Network/availableDelegations\",\r\n      \"serviceName\":
        \"Microsoft.BareMetal/CrayServers\",\r\n      \"actions\": [\r\n        \"Microsoft.Network/networkinterfaces/*\",\r\n
        \       \"Microsoft.Network/virtualNetworks/subnets/join/action\"\r\n      ]\r\n
        \   },\r\n    {\r\n      \"name\": \"Microsoft.Databricks.workspaces\",\r\n
        \     \"id\": \"/subscriptions/00000000-0000-0000-0000-000000000000/providers/Microsoft.Network/availableDelegations/Microsoft.Databricks.workspaces\",\r\n
        \     \"type\": \"Microsoft.Network/availableDelegations\",\r\n      \"serviceName\":
        \"Microsoft.Databricks/workspaces\",\r\n      \"actions\": [\r\n        \"Microsoft.Network/virtualNetworks/subnets/join/action\",\r\n
        \       \"Microsoft.Network/virtualNetworks/subnets/prepareNetworkPolicies/action\",\r\n
        \       \"Microsoft.Network/virtualNetworks/subnets/unprepareNetworkPolicies/action\"\r\n
        \     ]\r\n    },\r\n    {\r\n      \"name\": \"Microsoft.BareMetal.AzureHostedService\",\r\n
        \     \"id\": \"/subscriptions/00000000-0000-0000-0000-000000000000/providers/Microsoft.Network/availableDelegations/Microsoft.BareMetal.AzureHostedService\",\r\n
        \     \"type\": \"Microsoft.Network/availableDelegations\",\r\n      \"serviceName\":
        \"Microsoft.BareMetal/AzureHostedService\",\r\n      \"actions\": [\r\n        \"Microsoft.Network/networkinterfaces/*\",\r\n
        \       \"Microsoft.Network/virtualNetworks/subnets/join/action\"\r\n      ]\r\n
        \   },\r\n    {\r\n      \"name\": \"Microsoft.BareMetal.AzureVMware\",\r\n
        \     \"id\": \"/subscriptions/00000000-0000-0000-0000-000000000000/providers/Microsoft.Network/availableDelegations/Microsoft.BareMetal.AzureVMware\",\r\n
        \     \"type\": \"Microsoft.Network/availableDelegations\",\r\n      \"serviceName\":
        \"Microsoft.BareMetal/AzureVMware\",\r\n      \"actions\": [\r\n        \"Microsoft.Network/networkinterfaces/*\",\r\n
        \       \"Microsoft.Network/virtualNetworks/subnets/join/action\"\r\n      ]\r\n
        \   },\r\n    {\r\n      \"name\": \"Microsoft.StreamAnalytics.streamingJobs\",\r\n
        \     \"id\": \"/subscriptions/00000000-0000-0000-0000-000000000000/providers/Microsoft.Network/availableDelegations/Microsoft.StreamAnalytics.streamingJobs\",\r\n
        \     \"type\": \"Microsoft.Network/availableDelegations\",\r\n      \"serviceName\":
        \"Microsoft.StreamAnalytics/streamingJobs\",\r\n      \"actions\": [\r\n        \"Microsoft.Network/virtualNetworks/subnets/join/action\"\r\n
        \     ]\r\n    },\r\n    {\r\n      \"name\": \"Microsoft.DBforPostgreSQL.serversv2\",\r\n
        \     \"id\": \"/subscriptions/00000000-0000-0000-0000-000000000000/providers/Microsoft.Network/availableDelegations/Microsoft.DBforPostgreSQL.serversv2\",\r\n
        \     \"type\": \"Microsoft.Network/availableDelegations\",\r\n      \"serviceName\":
        \"Microsoft.DBforPostgreSQL/serversv2\",\r\n      \"actions\": [\r\n        \"Microsoft.Network/virtualNetworks/subnets/join/action\"\r\n
        \     ]\r\n    },\r\n    {\r\n      \"name\": \"Microsoft.AzureCosmosDB.clusters\",\r\n
        \     \"id\": \"/subscriptions/00000000-0000-0000-0000-000000000000/providers/Microsoft.Network/availableDelegations/Microsoft.AzureCosmosDB.clusters\",\r\n
        \     \"type\": \"Microsoft.Network/availableDelegations\",\r\n      \"serviceName\":
        \"Microsoft.AzureCosmosDB/clusters\",\r\n      \"actions\": [\r\n        \"Microsoft.Network/virtualNetworks/subnets/join/action\"\r\n
        \     ]\r\n    },\r\n    {\r\n      \"name\": \"Microsoft.MachineLearningServices.workspaces\",\r\n
        \     \"id\": \"/subscriptions/00000000-0000-0000-0000-000000000000/providers/Microsoft.Network/availableDelegations/Microsoft.MachineLearningServices.workspaces\",\r\n
        \     \"type\": \"Microsoft.Network/availableDelegations\",\r\n      \"serviceName\":
        \"Microsoft.MachineLearningServices/workspaces\",\r\n      \"actions\": [\r\n
        \       \"Microsoft.Network/virtualNetworks/subnets/join/action\"\r\n      ]\r\n
        \   },\r\n    {\r\n      \"name\": \"Microsoft.DBforPostgreSQL.singleServers\",\r\n
        \     \"id\": \"/subscriptions/00000000-0000-0000-0000-000000000000/providers/Microsoft.Network/availableDelegations/Microsoft.DBforPostgreSQL.singleServers\",\r\n
        \     \"type\": \"Microsoft.Network/availableDelegations\",\r\n      \"serviceName\":
        \"Microsoft.DBforPostgreSQL/singleServers\",\r\n      \"actions\": [\r\n        \"Microsoft.Network/virtualNetworks/subnets/join/action\"\r\n
        \     ]\r\n    },\r\n    {\r\n      \"name\": \"Microsoft.DBforPostgreSQL.flexibleServers\",\r\n
        \     \"id\": \"/subscriptions/00000000-0000-0000-0000-000000000000/providers/Microsoft.Network/availableDelegations/Microsoft.DBforPostgreSQL.flexibleServers\",\r\n
        \     \"type\": \"Microsoft.Network/availableDelegations\",\r\n      \"serviceName\":
        \"Microsoft.DBforPostgreSQL/flexibleServers\",\r\n      \"actions\": [\r\n
        \       \"Microsoft.Network/virtualNetworks/subnets/join/action\"\r\n      ]\r\n
        \   },\r\n    {\r\n      \"name\": \"Microsoft.DBforMySQL.serversv2\",\r\n
        \     \"id\": \"/subscriptions/00000000-0000-0000-0000-000000000000/providers/Microsoft.Network/availableDelegations/Microsoft.DBforMySQL.serversv2\",\r\n
        \     \"type\": \"Microsoft.Network/availableDelegations\",\r\n      \"serviceName\":
        \"Microsoft.DBforMySQL/serversv2\",\r\n      \"actions\": [\r\n        \"Microsoft.Network/virtualNetworks/subnets/join/action\"\r\n
        \     ]\r\n    },\r\n    {\r\n      \"name\": \"Microsoft.DBforMySQL.flexibleServers\",\r\n
        \     \"id\": \"/subscriptions/00000000-0000-0000-0000-000000000000/providers/Microsoft.Network/availableDelegations/Microsoft.DBforMySQL.flexibleServers\",\r\n
        \     \"type\": \"Microsoft.Network/availableDelegations\",\r\n      \"serviceName\":
        \"Microsoft.DBforMySQL/flexibleServers\",\r\n      \"actions\": [\r\n        \"Microsoft.Network/virtualNetworks/subnets/join/action\"\r\n
        \     ]\r\n    },\r\n    {\r\n      \"name\": \"Microsoft.ApiManagement.service\",\r\n
        \     \"id\": \"/subscriptions/00000000-0000-0000-0000-000000000000/providers/Microsoft.Network/availableDelegations/Microsoft.ApiManagement.service\",\r\n
        \     \"type\": \"Microsoft.Network/availableDelegations\",\r\n      \"serviceName\":
        \"Microsoft.ApiManagement/service\",\r\n      \"actions\": [\r\n        \"Microsoft.Network/virtualNetworks/subnets/join/action\",\r\n
        \       \"Microsoft.Network/virtualNetworks/subnets/prepareNetworkPolicies/action\"\r\n
        \     ]\r\n    },\r\n    {\r\n      \"name\": \"Microsoft.Synapse.workspaces\",\r\n
        \     \"id\": \"/subscriptions/00000000-0000-0000-0000-000000000000/providers/Microsoft.Network/availableDelegations/Microsoft.Synapse.workspaces\",\r\n
        \     \"type\": \"Microsoft.Network/availableDelegations\",\r\n      \"serviceName\":
        \"Microsoft.Synapse/workspaces\",\r\n      \"actions\": [\r\n        \"Microsoft.Network/virtualNetworks/subnets/join/action\"\r\n
        \     ]\r\n    },\r\n    {\r\n      \"name\": \"Microsoft.PowerPlatform.vnetaccesslinks\",\r\n
        \     \"id\": \"/subscriptions/00000000-0000-0000-0000-000000000000/providers/Microsoft.Network/availableDelegations/Microsoft.PowerPlatform.vnetaccesslinks\",\r\n
        \     \"type\": \"Microsoft.Network/availableDelegations\",\r\n      \"serviceName\":
        \"Microsoft.PowerPlatform/vnetaccesslinks\",\r\n      \"actions\": [\r\n        \"Microsoft.Network/virtualNetworks/subnets/join/action\"\r\n
        \     ]\r\n    },\r\n    {\r\n      \"name\": \"Microsoft.Network.dnsResolvers\",\r\n
        \     \"id\": \"/subscriptions/00000000-0000-0000-0000-000000000000/providers/Microsoft.Network/availableDelegations/Microsoft.Network.dnsResolvers\",\r\n
        \     \"type\": \"Microsoft.Network/availableDelegations\",\r\n      \"serviceName\":
        \"Microsoft.Network/dnsResolvers\",\r\n      \"actions\": [\r\n        \"Microsoft.Network/virtualNetworks/subnets/join/action\"\r\n
        \     ]\r\n    },\r\n    {\r\n      \"name\": \"Microsoft.Kusto.clusters\",\r\n
        \     \"id\": \"/subscriptions/00000000-0000-0000-0000-000000000000/providers/Microsoft.Network/availableDelegations/Microsoft.Kusto.clusters\",\r\n
        \     \"type\": \"Microsoft.Network/availableDelegations\",\r\n      \"serviceName\":
        \"Microsoft.Kusto/clusters\",\r\n      \"actions\": [\r\n        \"Microsoft.Network/virtualNetworks/subnets/join/action\",\r\n
        \       \"Microsoft.Network/virtualNetworks/subnets/prepareNetworkPolicies/action\",\r\n
        \       \"Microsoft.Network/virtualNetworks/subnets/unprepareNetworkPolicies/action\"\r\n
        \     ]\r\n    },\r\n    {\r\n      \"name\": \"Microsoft.DelegatedNetwork.controller\",\r\n
        \     \"id\": \"/subscriptions/00000000-0000-0000-0000-000000000000/providers/Microsoft.Network/availableDelegations/Microsoft.DelegatedNetwork.controller\",\r\n
        \     \"type\": \"Microsoft.Network/availableDelegations\",\r\n      \"serviceName\":
        \"Microsoft.DelegatedNetwork/controller\",\r\n      \"actions\": [\r\n        \"Microsoft.Network/virtualNetworks/subnets/join/action\"\r\n
        \     ]\r\n    },\r\n    {\r\n      \"name\": \"Microsoft.ContainerService.managedClusters\",\r\n
        \     \"id\": \"/subscriptions/00000000-0000-0000-0000-000000000000/providers/Microsoft.Network/availableDelegations/Microsoft.ContainerService.managedClusters\",\r\n
        \     \"type\": \"Microsoft.Network/availableDelegations\",\r\n      \"serviceName\":
        \"Microsoft.ContainerService/managedClusters\",\r\n      \"actions\": [\r\n
        \       \"Microsoft.Network/virtualNetworks/subnets/join/action\"\r\n      ]\r\n
        \   },\r\n    {\r\n      \"name\": \"Microsoft.PowerPlatform.enterprisePolicies\",\r\n
        \     \"id\": \"/subscriptions/00000000-0000-0000-0000-000000000000/providers/Microsoft.Network/availableDelegations/Microsoft.PowerPlatform.enterprisePolicies\",\r\n
        \     \"type\": \"Microsoft.Network/availableDelegations\",\r\n      \"serviceName\":
        \"Microsoft.PowerPlatform/enterprisePolicies\",\r\n      \"actions\": [\r\n
        \       \"Microsoft.Network/virtualNetworks/subnets/join/action\"\r\n      ]\r\n
        \   },\r\n    {\r\n      \"name\": \"Microsoft.StoragePool.diskPools\",\r\n
        \     \"id\": \"/subscriptions/00000000-0000-0000-0000-000000000000/providers/Microsoft.Network/availableDelegations/Microsoft.StoragePool.diskPools\",\r\n
        \     \"type\": \"Microsoft.Network/availableDelegations\",\r\n      \"serviceName\":
        \"Microsoft.StoragePool/diskPools\",\r\n      \"actions\": [\r\n        \"Microsoft.Network/virtualNetworks/read\"\r\n
        \     ]\r\n    },\r\n    {\r\n      \"name\": \"Microsoft.DocumentDB.cassandraClusters\",\r\n
        \     \"id\": \"/subscriptions/00000000-0000-0000-0000-000000000000/providers/Microsoft.Network/availableDelegations/Microsoft.DocumentDB.cassandraClusters\",\r\n
        \     \"type\": \"Microsoft.Network/availableDelegations\",\r\n      \"serviceName\":
        \"Microsoft.DocumentDB/cassandraClusters\",\r\n      \"actions\": [\r\n        \"Microsoft.Network/virtualNetworks/subnets/join/action\"\r\n
        \     ]\r\n    },\r\n    {\r\n      \"name\": \"Microsoft.Apollo.npu\",\r\n
        \     \"id\": \"/subscriptions/00000000-0000-0000-0000-000000000000/providers/Microsoft.Network/availableDelegations/Microsoft.Apollo.npu\",\r\n
        \     \"type\": \"Microsoft.Network/availableDelegations\",\r\n      \"serviceName\":
        \"Microsoft.Apollo/npu\",\r\n      \"actions\": [\r\n        \"Microsoft.Network/networkinterfaces/*\",\r\n
        \       \"Microsoft.Network/virtualNetworks/subnets/join/action\"\r\n      ]\r\n
        \   },\r\n    {\r\n      \"name\": \"Microsoft.AVS.PrivateClouds\",\r\n      \"id\":
        \"/subscriptions/00000000-0000-0000-0000-000000000000/providers/Microsoft.Network/availableDelegations/Microsoft.AVS.PrivateClouds\",\r\n
        \     \"type\": \"Microsoft.Network/availableDelegations\",\r\n      \"serviceName\":
        \"Microsoft.AVS/PrivateClouds\",\r\n      \"actions\": [\r\n        \"Microsoft.Network/networkinterfaces/*\"\r\n
        \     ]\r\n    },\r\n    {\r\n      \"name\": \"Microsoft.Orbital.orbitalGateways\",\r\n
        \     \"id\": \"/subscriptions/00000000-0000-0000-0000-000000000000/providers/Microsoft.Network/availableDelegations/Microsoft.Orbital.orbitalGateways\",\r\n
        \     \"type\": \"Microsoft.Network/availableDelegations\",\r\n      \"serviceName\":
        \"Microsoft.Orbital/orbitalGateways\",\r\n      \"actions\": [\r\n        \"Microsoft.Network/publicIPAddresses/join/action\",\r\n
        \       \"Microsoft.Network/virtualNetworks/subnets/join/action\",\r\n        \"Microsoft.Network/virtualNetworks/read\",\r\n
        \       \"Microsoft.Network/publicIPAddresses/read\"\r\n      ]\r\n    },\r\n
        \   {\r\n      \"name\": \"Microsoft.Singularity.accounts.jobs\",\r\n      \"id\":
        \"/subscriptions/00000000-0000-0000-0000-000000000000/providers/Microsoft.Network/availableDelegations/Microsoft.Singularity.accounts.jobs\",\r\n
        \     \"type\": \"Microsoft.Network/availableDelegations\",\r\n      \"serviceName\":
        \"Microsoft.Singularity/accounts/jobs\",\r\n      \"actions\": [\r\n        \"Microsoft.Network/networkinterfaces/*\",\r\n
        \       \"Microsoft.Network/virtualNetworks/subnets/join/action\"\r\n      ]\r\n
        \   },\r\n    {\r\n      \"name\": \"Microsoft.Singularity.accounts.models\",\r\n
        \     \"id\": \"/subscriptions/00000000-0000-0000-0000-000000000000/providers/Microsoft.Network/availableDelegations/Microsoft.Singularity.accounts.models\",\r\n
        \     \"type\": \"Microsoft.Network/availableDelegations\",\r\n      \"serviceName\":
        \"Microsoft.Singularity/accounts/models\",\r\n      \"actions\": [\r\n        \"Microsoft.Network/networkinterfaces/*\",\r\n
        \       \"Microsoft.Network/virtualNetworks/subnets/join/action\"\r\n      ]\r\n
        \   },\r\n    {\r\n      \"name\": \"Microsoft.Singularity.accounts.npu\",\r\n
        \     \"id\": \"/subscriptions/00000000-0000-0000-0000-000000000000/providers/Microsoft.Network/availableDelegations/Microsoft.Singularity.accounts.npu\",\r\n
        \     \"type\": \"Microsoft.Network/availableDelegations\",\r\n      \"serviceName\":
        \"Microsoft.Singularity/accounts/npu\",\r\n      \"actions\": [\r\n        \"Microsoft.Network/networkinterfaces/*\",\r\n
        \       \"Microsoft.Network/virtualNetworks/subnets/join/action\"\r\n      ]\r\n
        \   },\r\n    {\r\n      \"name\": \"Microsoft.AISupercomputer.accounts.jobs\",\r\n
        \     \"id\": \"/subscriptions/00000000-0000-0000-0000-000000000000/providers/Microsoft.Network/availableDelegations/Microsoft.AISupercomputer.accounts.jobs\",\r\n
        \     \"type\": \"Microsoft.Network/availableDelegations\",\r\n      \"serviceName\":
        \"Microsoft.AISupercomputer/accounts/jobs\",\r\n      \"actions\": [\r\n        \"Microsoft.Network/networkinterfaces/*\",\r\n
        \       \"Microsoft.Network/virtualNetworks/subnets/join/action\"\r\n      ]\r\n
        \   },\r\n    {\r\n      \"name\": \"Microsoft.AISupercomputer.accounts.models\",\r\n
        \     \"id\": \"/subscriptions/00000000-0000-0000-0000-000000000000/providers/Microsoft.Network/availableDelegations/Microsoft.AISupercomputer.accounts.models\",\r\n
        \     \"type\": \"Microsoft.Network/availableDelegations\",\r\n      \"serviceName\":
        \"Microsoft.AISupercomputer/accounts/models\",\r\n      \"actions\": [\r\n
        \       \"Microsoft.Network/networkinterfaces/*\",\r\n        \"Microsoft.Network/virtualNetworks/subnets/join/action\"\r\n
        \     ]\r\n    },\r\n    {\r\n      \"name\": \"Microsoft.AISupercomputer.accounts.npu\",\r\n
        \     \"id\": \"/subscriptions/00000000-0000-0000-0000-000000000000/providers/Microsoft.Network/availableDelegations/Microsoft.AISupercomputer.accounts.npu\",\r\n
        \     \"type\": \"Microsoft.Network/availableDelegations\",\r\n      \"serviceName\":
        \"Microsoft.AISupercomputer/accounts/npu\",\r\n      \"actions\": [\r\n        \"Microsoft.Network/networkinterfaces/*\",\r\n
        \       \"Microsoft.Network/virtualNetworks/subnets/join/action\"\r\n      ]\r\n
        \   },\r\n    {\r\n      \"name\": \"Microsoft.LabServices.labplans\",\r\n
        \     \"id\": \"/subscriptions/00000000-0000-0000-0000-000000000000/providers/Microsoft.Network/availableDelegations/Microsoft.LabServices.labplans\",\r\n
        \     \"type\": \"Microsoft.Network/availableDelegations\",\r\n      \"serviceName\":
        \"Microsoft.LabServices/labplans\",\r\n      \"actions\": [\r\n        \"Microsoft.Network/virtualNetworks/subnets/join/action\"\r\n
        \     ]\r\n    },\r\n    {\r\n      \"name\": \"Microsoft.Fidalgo.networkSettings\",\r\n
        \     \"id\": \"/subscriptions/00000000-0000-0000-0000-000000000000/providers/Microsoft.Network/availableDelegations/Microsoft.Fidalgo.networkSettings\",\r\n
        \     \"type\": \"Microsoft.Network/availableDelegations\",\r\n      \"serviceName\":
        \"Microsoft.Fidalgo/networkSettings\",\r\n      \"actions\": [\r\n        \"Microsoft.Network/virtualNetworks/subnets/join/action\"\r\n
        \     ]\r\n    },\r\n    {\r\n      \"name\": \"Microsoft.DevCenter.networkConnection\",\r\n
        \     \"id\": \"/subscriptions/00000000-0000-0000-0000-000000000000/providers/Microsoft.Network/availableDelegations/Microsoft.DevCenter.networkConnection\",\r\n
        \     \"type\": \"Microsoft.Network/availableDelegations\",\r\n      \"serviceName\":
        \"Microsoft.DevCenter/networkConnection\",\r\n      \"actions\": [\r\n        \"Microsoft.Network/virtualNetworks/subnets/join/action\"\r\n
        \     ]\r\n    },\r\n    {\r\n      \"name\": \"NGINX.NGINXPLUS.nginxDeployments\",\r\n
        \     \"id\": \"/subscriptions/00000000-0000-0000-0000-000000000000/providers/Microsoft.Network/availableDelegations/NGINX.NGINXPLUS.nginxDeployments\",\r\n
        \     \"type\": \"Microsoft.Network/availableDelegations\",\r\n      \"serviceName\":
        \"NGINX.NGINXPLUS/nginxDeployments\",\r\n      \"actions\": [\r\n        \"Microsoft.Network/virtualNetworks/subnets/join/action\"\r\n
        \     ]\r\n    },\r\n    {\r\n      \"name\": \"Microsoft.CloudTest.pools\",\r\n
        \     \"id\": \"/subscriptions/00000000-0000-0000-0000-000000000000/providers/Microsoft.Network/availableDelegations/Microsoft.CloudTest.pools\",\r\n
        \     \"type\": \"Microsoft.Network/availableDelegations\",\r\n      \"serviceName\":
        \"Microsoft.CloudTest/pools\",\r\n      \"actions\": [\r\n        \"Microsoft.Network/virtualNetworks/subnets/join/action\"\r\n
        \     ]\r\n    },\r\n    {\r\n      \"name\": \"Microsoft.CloudTest.hostedpools\",\r\n
        \     \"id\": \"/subscriptions/00000000-0000-0000-0000-000000000000/providers/Microsoft.Network/availableDelegations/Microsoft.CloudTest.hostedpools\",\r\n
        \     \"type\": \"Microsoft.Network/availableDelegations\",\r\n      \"serviceName\":
        \"Microsoft.CloudTest/hostedpools\",\r\n      \"actions\": [\r\n        \"Microsoft.Network/virtualNetworks/subnets/join/action\"\r\n
        \     ]\r\n    },\r\n    {\r\n      \"name\": \"Microsoft.CloudTest.images\",\r\n
        \     \"id\": \"/subscriptions/00000000-0000-0000-0000-000000000000/providers/Microsoft.Network/availableDelegations/Microsoft.CloudTest.images\",\r\n
        \     \"type\": \"Microsoft.Network/availableDelegations\",\r\n      \"serviceName\":
        \"Microsoft.CloudTest/images\",\r\n      \"actions\": [\r\n        \"Microsoft.Network/virtualNetworks/subnets/join/action\"\r\n
        \     ]\r\n    },\r\n    {\r\n      \"name\": \"Microsoft.Codespaces.plans\",\r\n
        \     \"id\": \"/subscriptions/00000000-0000-0000-0000-000000000000/providers/Microsoft.Network/availableDelegations/Microsoft.Codespaces.plans\",\r\n
        \     \"type\": \"Microsoft.Network/availableDelegations\",\r\n      \"serviceName\":
        \"Microsoft.Codespaces/plans\",\r\n      \"actions\": [\r\n        \"Microsoft.Network/virtualNetworks/subnets/join/action\"\r\n
        \     ]\r\n    },\r\n    {\r\n      \"name\": \"PaloAltoNetworks.Cloudngfw.firewalls\",\r\n
        \     \"id\": \"/subscriptions/00000000-0000-0000-0000-000000000000/providers/Microsoft.Network/availableDelegations/PaloAltoNetworks.Cloudngfw.firewalls\",\r\n
        \     \"type\": \"Microsoft.Network/availableDelegations\",\r\n      \"serviceName\":
        \"PaloAltoNetworks.Cloudngfw/firewalls\",\r\n      \"actions\": [\r\n        \"Microsoft.Network/virtualNetworks/subnets/join/action\"\r\n
        \     ]\r\n    },\r\n    {\r\n      \"name\": \"Qumulo.Storage.fileSystems\",\r\n
        \     \"id\": \"/subscriptions/00000000-0000-0000-0000-000000000000/providers/Microsoft.Network/availableDelegations/Qumulo.Storage.fileSystems\",\r\n
        \     \"type\": \"Microsoft.Network/availableDelegations\",\r\n      \"serviceName\":
        \"Qumulo.Storage/fileSystems\",\r\n      \"actions\": [\r\n        \"Microsoft.Network/virtualNetworks/subnets/join/action\"\r\n
        \     ]\r\n    },\r\n    {\r\n      \"name\": \"Microsoft.App.testClients\",\r\n
        \     \"id\": \"/subscriptions/00000000-0000-0000-0000-000000000000/providers/Microsoft.Network/availableDelegations/Microsoft.App.testClients\",\r\n
        \     \"type\": \"Microsoft.Network/availableDelegations\",\r\n      \"serviceName\":
        \"Microsoft.App/testClients\",\r\n      \"actions\": [\r\n        \"Microsoft.Network/virtualNetworks/subnets/join/action\"\r\n
        \     ]\r\n    },\r\n    {\r\n      \"name\": \"Microsoft.App.environments\",\r\n
        \     \"id\": \"/subscriptions/00000000-0000-0000-0000-000000000000/providers/Microsoft.Network/availableDelegations/Microsoft.App.environments\",\r\n
        \     \"type\": \"Microsoft.Network/availableDelegations\",\r\n      \"serviceName\":
        \"Microsoft.App/environments\",\r\n      \"actions\": [\r\n        \"Microsoft.Network/virtualNetworks/subnets/join/action\"\r\n
        \     ]\r\n    },\r\n    {\r\n      \"name\": \"Microsoft.ServiceNetworking.trafficControllers\",\r\n
        \     \"id\": \"/subscriptions/00000000-0000-0000-0000-000000000000/providers/Microsoft.Network/availableDelegations/Microsoft.ServiceNetworking.trafficControllers\",\r\n
        \     \"type\": \"Microsoft.Network/availableDelegations\",\r\n      \"serviceName\":
        \"Microsoft.ServiceNetworking/trafficControllers\",\r\n      \"actions\":
        [\r\n        \"Microsoft.Network/virtualNetworks/subnets/join/action\"\r\n
        \     ]\r\n    }\r\n  ]\r\n}"
    headers:
      cache-control:
      - no-cache
      content-length:
      - '24111'
      content-type:
      - application/json; charset=utf-8
      date:
      - Thu, 17 Nov 2022 14:46:04 GMT
      expires:
      - '-1'
      pragma:
      - no-cache
      server:
      - Microsoft-HTTPAPI/2.0
      - Microsoft-HTTPAPI/2.0
      strict-transport-security:
      - max-age=31536000; includeSubDomains
      transfer-encoding:
      - chunked
      vary:
      - Accept-Encoding
      x-content-type-options:
      - nosniff
      x-ms-arm-service-request-id:
      - 2747c002-e443-44fc-8766-418f5fdbaac7
    status:
      code: 200
      message: OK
- request:
    body: null
    headers:
      Accept:
      - application/json
      Accept-Encoding:
      - gzip, deflate
      CommandName:
      - network vnet subnet list-available-delegations
      Connection:
      - keep-alive
      ParameterSetName:
      - -g
      User-Agent:
      - AZURECLI/2.42.0 (PIP) azsdk-python-azure-mgmt-resource/21.1.0b1 Python/3.8.10
        (Windows-10-10.0.19045-SP0)
    method: GET
    uri: https://management.azure.com/subscriptions/00000000-0000-0000-0000-000000000000/resourcegroups/cli_subnet_delegation000001?api-version=2021-04-01
  response:
    body:
      string: '{"id":"/subscriptions/00000000-0000-0000-0000-000000000000/resourceGroups/cli_subnet_delegation000001","name":"cli_subnet_delegation000001","type":"Microsoft.Resources/resourceGroups","location":"westus","tags":{"product":"azurecli","cause":"automation","date":"2022-11-17T14:46:00Z"},"properties":{"provisioningState":"Succeeded"}}'
    headers:
      cache-control:
      - no-cache
      content-length:
      - '332'
      content-type:
      - application/json; charset=utf-8
      date:
      - Thu, 17 Nov 2022 14:46:05 GMT
      expires:
      - '-1'
      pragma:
      - no-cache
      strict-transport-security:
      - max-age=31536000; includeSubDomains
      vary:
      - Accept-Encoding
      x-content-type-options:
      - nosniff
    status:
      code: 200
      message: OK
- request:
    body: null
    headers:
      Accept:
      - application/json
      Accept-Encoding:
      - gzip, deflate
      CommandName:
      - network vnet subnet list-available-delegations
      Connection:
      - keep-alive
      ParameterSetName:
      - -g
      User-Agent:
      - AZURECLI/2.42.0 (PIP) (AAZ) azsdk-python-core/1.24.0 Python/3.8.10 (Windows-10-10.0.19045-SP0)
    method: GET
    uri: https://management.azure.com/subscriptions/00000000-0000-0000-0000-000000000000/resourceGroups/cli_subnet_delegation000001/providers/Microsoft.Network/locations/westus/availableDelegations?api-version=2022-01-01
  response:
    body:
      string: "{\r\n  \"value\": [\r\n    {\r\n      \"name\": \"Microsoft.Web.serverFarms\",\r\n
        \     \"id\": \"/subscriptions/00000000-0000-0000-0000-000000000000/resourceGroup/cli_subnet_delegation000001/providers/Microsoft.Network/availableDelegations/Microsoft.Web.serverFarms\",\r\n
        \     \"type\": \"Microsoft.Network/availableDelegations\",\r\n      \"serviceName\":
        \"Microsoft.Web/serverFarms\",\r\n      \"actions\": [\r\n        \"Microsoft.Network/virtualNetworks/subnets/action\"\r\n
        \     ]\r\n    },\r\n    {\r\n      \"name\": \"Microsoft.ContainerInstance.containerGroups\",\r\n
        \     \"id\": \"/subscriptions/00000000-0000-0000-0000-000000000000/resourceGroup/cli_subnet_delegation000001/providers/Microsoft.Network/availableDelegations/Microsoft.ContainerInstance.containerGroups\",\r\n
        \     \"type\": \"Microsoft.Network/availableDelegations\",\r\n      \"serviceName\":
        \"Microsoft.ContainerInstance/containerGroups\",\r\n      \"actions\": [\r\n
        \       \"Microsoft.Network/virtualNetworks/subnets/action\"\r\n      ]\r\n
        \   },\r\n    {\r\n      \"name\": \"Microsoft.Netapp.volumes\",\r\n      \"id\":
        \"/subscriptions/00000000-0000-0000-0000-000000000000/resourceGroup/cli_subnet_delegation000001/providers/Microsoft.Network/availableDelegations/Microsoft.Netapp.volumes\",\r\n
        \     \"type\": \"Microsoft.Network/availableDelegations\",\r\n      \"serviceName\":
        \"Microsoft.Netapp/volumes\",\r\n      \"actions\": [\r\n        \"Microsoft.Network/networkinterfaces/*\",\r\n
        \       \"Microsoft.Network/virtualNetworks/subnets/join/action\"\r\n      ]\r\n
        \   },\r\n    {\r\n      \"name\": \"Microsoft.HardwareSecurityModules.dedicatedHSMs\",\r\n
        \     \"id\": \"/subscriptions/00000000-0000-0000-0000-000000000000/resourceGroup/cli_subnet_delegation000001/providers/Microsoft.Network/availableDelegations/Microsoft.HardwareSecurityModules.dedicatedHSMs\",\r\n
        \     \"type\": \"Microsoft.Network/availableDelegations\",\r\n      \"serviceName\":
        \"Microsoft.HardwareSecurityModules/dedicatedHSMs\",\r\n      \"actions\":
        [\r\n        \"Microsoft.Network/networkinterfaces/*\",\r\n        \"Microsoft.Network/virtualNetworks/subnets/join/action\"\r\n
        \     ]\r\n    },\r\n    {\r\n      \"name\": \"Microsoft.ServiceFabricMesh.networks\",\r\n
        \     \"id\": \"/subscriptions/00000000-0000-0000-0000-000000000000/resourceGroup/cli_subnet_delegation000001/providers/Microsoft.Network/availableDelegations/Microsoft.ServiceFabricMesh.networks\",\r\n
        \     \"type\": \"Microsoft.Network/availableDelegations\",\r\n      \"serviceName\":
        \"Microsoft.ServiceFabricMesh/networks\",\r\n      \"actions\": [\r\n        \"Microsoft.Network/virtualNetworks/subnets/action\"\r\n
        \     ]\r\n    },\r\n    {\r\n      \"name\": \"Microsoft.Logic.integrationServiceEnvironments\",\r\n
        \     \"id\": \"/subscriptions/00000000-0000-0000-0000-000000000000/resourceGroup/cli_subnet_delegation000001/providers/Microsoft.Network/availableDelegations/Microsoft.Logic.integrationServiceEnvironments\",\r\n
        \     \"type\": \"Microsoft.Network/availableDelegations\",\r\n      \"serviceName\":
        \"Microsoft.Logic/integrationServiceEnvironments\",\r\n      \"actions\":
        [\r\n        \"Microsoft.Network/virtualNetworks/subnets/action\"\r\n      ]\r\n
        \   },\r\n    {\r\n      \"name\": \"Microsoft.Batch.batchAccounts\",\r\n
        \     \"id\": \"/subscriptions/00000000-0000-0000-0000-000000000000/resourceGroup/cli_subnet_delegation000001/providers/Microsoft.Network/availableDelegations/Microsoft.Batch.batchAccounts\",\r\n
        \     \"type\": \"Microsoft.Network/availableDelegations\",\r\n      \"serviceName\":
        \"Microsoft.Batch/batchAccounts\",\r\n      \"actions\": [\r\n        \"Microsoft.Network/virtualNetworks/subnets/action\"\r\n
        \     ]\r\n    },\r\n    {\r\n      \"name\": \"Microsoft.Sql.managedInstances\",\r\n
        \     \"id\": \"/subscriptions/00000000-0000-0000-0000-000000000000/resourceGroup/cli_subnet_delegation000001/providers/Microsoft.Network/availableDelegations/Microsoft.Sql.managedInstances\",\r\n
        \     \"type\": \"Microsoft.Network/availableDelegations\",\r\n      \"serviceName\":
        \"Microsoft.Sql/managedInstances\",\r\n      \"actions\": [\r\n        \"Microsoft.Network/virtualNetworks/subnets/join/action\",\r\n
        \       \"Microsoft.Network/virtualNetworks/subnets/prepareNetworkPolicies/action\",\r\n
        \       \"Microsoft.Network/virtualNetworks/subnets/unprepareNetworkPolicies/action\"\r\n
        \     ]\r\n    },\r\n    {\r\n      \"name\": \"Microsoft.Web.hostingEnvironments\",\r\n
        \     \"id\": \"/subscriptions/00000000-0000-0000-0000-000000000000/resourceGroup/cli_subnet_delegation000001/providers/Microsoft.Network/availableDelegations/Microsoft.Web.hostingEnvironments\",\r\n
        \     \"type\": \"Microsoft.Network/availableDelegations\",\r\n      \"serviceName\":
        \"Microsoft.Web/hostingEnvironments\",\r\n      \"actions\": [\r\n        \"Microsoft.Network/virtualNetworks/subnets/action\"\r\n
        \     ]\r\n    },\r\n    {\r\n      \"name\": \"Microsoft.BareMetal.CrayServers\",\r\n
        \     \"id\": \"/subscriptions/00000000-0000-0000-0000-000000000000/resourceGroup/cli_subnet_delegation000001/providers/Microsoft.Network/availableDelegations/Microsoft.BareMetal.CrayServers\",\r\n
        \     \"type\": \"Microsoft.Network/availableDelegations\",\r\n      \"serviceName\":
        \"Microsoft.BareMetal/CrayServers\",\r\n      \"actions\": [\r\n        \"Microsoft.Network/networkinterfaces/*\",\r\n
        \       \"Microsoft.Network/virtualNetworks/subnets/join/action\"\r\n      ]\r\n
        \   },\r\n    {\r\n      \"name\": \"Microsoft.Databricks.workspaces\",\r\n
        \     \"id\": \"/subscriptions/00000000-0000-0000-0000-000000000000/resourceGroup/cli_subnet_delegation000001/providers/Microsoft.Network/availableDelegations/Microsoft.Databricks.workspaces\",\r\n
        \     \"type\": \"Microsoft.Network/availableDelegations\",\r\n      \"serviceName\":
        \"Microsoft.Databricks/workspaces\",\r\n      \"actions\": [\r\n        \"Microsoft.Network/virtualNetworks/subnets/join/action\",\r\n
        \       \"Microsoft.Network/virtualNetworks/subnets/prepareNetworkPolicies/action\",\r\n
        \       \"Microsoft.Network/virtualNetworks/subnets/unprepareNetworkPolicies/action\"\r\n
        \     ]\r\n    },\r\n    {\r\n      \"name\": \"Microsoft.BareMetal.AzureHostedService\",\r\n
        \     \"id\": \"/subscriptions/00000000-0000-0000-0000-000000000000/resourceGroup/cli_subnet_delegation000001/providers/Microsoft.Network/availableDelegations/Microsoft.BareMetal.AzureHostedService\",\r\n
        \     \"type\": \"Microsoft.Network/availableDelegations\",\r\n      \"serviceName\":
        \"Microsoft.BareMetal/AzureHostedService\",\r\n      \"actions\": [\r\n        \"Microsoft.Network/networkinterfaces/*\",\r\n
        \       \"Microsoft.Network/virtualNetworks/subnets/join/action\"\r\n      ]\r\n
        \   },\r\n    {\r\n      \"name\": \"Microsoft.BareMetal.AzureVMware\",\r\n
        \     \"id\": \"/subscriptions/00000000-0000-0000-0000-000000000000/resourceGroup/cli_subnet_delegation000001/providers/Microsoft.Network/availableDelegations/Microsoft.BareMetal.AzureVMware\",\r\n
        \     \"type\": \"Microsoft.Network/availableDelegations\",\r\n      \"serviceName\":
        \"Microsoft.BareMetal/AzureVMware\",\r\n      \"actions\": [\r\n        \"Microsoft.Network/networkinterfaces/*\",\r\n
        \       \"Microsoft.Network/virtualNetworks/subnets/join/action\"\r\n      ]\r\n
        \   },\r\n    {\r\n      \"name\": \"Microsoft.StreamAnalytics.streamingJobs\",\r\n
        \     \"id\": \"/subscriptions/00000000-0000-0000-0000-000000000000/resourceGroup/cli_subnet_delegation000001/providers/Microsoft.Network/availableDelegations/Microsoft.StreamAnalytics.streamingJobs\",\r\n
        \     \"type\": \"Microsoft.Network/availableDelegations\",\r\n      \"serviceName\":
        \"Microsoft.StreamAnalytics/streamingJobs\",\r\n      \"actions\": [\r\n        \"Microsoft.Network/virtualNetworks/subnets/join/action\"\r\n
        \     ]\r\n    },\r\n    {\r\n      \"name\": \"Microsoft.DBforPostgreSQL.serversv2\",\r\n
        \     \"id\": \"/subscriptions/00000000-0000-0000-0000-000000000000/resourceGroup/cli_subnet_delegation000001/providers/Microsoft.Network/availableDelegations/Microsoft.DBforPostgreSQL.serversv2\",\r\n
        \     \"type\": \"Microsoft.Network/availableDelegations\",\r\n      \"serviceName\":
        \"Microsoft.DBforPostgreSQL/serversv2\",\r\n      \"actions\": [\r\n        \"Microsoft.Network/virtualNetworks/subnets/join/action\"\r\n
        \     ]\r\n    },\r\n    {\r\n      \"name\": \"Microsoft.AzureCosmosDB.clusters\",\r\n
        \     \"id\": \"/subscriptions/00000000-0000-0000-0000-000000000000/resourceGroup/cli_subnet_delegation000001/providers/Microsoft.Network/availableDelegations/Microsoft.AzureCosmosDB.clusters\",\r\n
        \     \"type\": \"Microsoft.Network/availableDelegations\",\r\n      \"serviceName\":
        \"Microsoft.AzureCosmosDB/clusters\",\r\n      \"actions\": [\r\n        \"Microsoft.Network/virtualNetworks/subnets/join/action\"\r\n
        \     ]\r\n    },\r\n    {\r\n      \"name\": \"Microsoft.MachineLearningServices.workspaces\",\r\n
        \     \"id\": \"/subscriptions/00000000-0000-0000-0000-000000000000/resourceGroup/cli_subnet_delegation000001/providers/Microsoft.Network/availableDelegations/Microsoft.MachineLearningServices.workspaces\",\r\n
        \     \"type\": \"Microsoft.Network/availableDelegations\",\r\n      \"serviceName\":
        \"Microsoft.MachineLearningServices/workspaces\",\r\n      \"actions\": [\r\n
        \       \"Microsoft.Network/virtualNetworks/subnets/join/action\"\r\n      ]\r\n
        \   },\r\n    {\r\n      \"name\": \"Microsoft.DBforPostgreSQL.singleServers\",\r\n
        \     \"id\": \"/subscriptions/00000000-0000-0000-0000-000000000000/resourceGroup/cli_subnet_delegation000001/providers/Microsoft.Network/availableDelegations/Microsoft.DBforPostgreSQL.singleServers\",\r\n
        \     \"type\": \"Microsoft.Network/availableDelegations\",\r\n      \"serviceName\":
        \"Microsoft.DBforPostgreSQL/singleServers\",\r\n      \"actions\": [\r\n        \"Microsoft.Network/virtualNetworks/subnets/join/action\"\r\n
        \     ]\r\n    },\r\n    {\r\n      \"name\": \"Microsoft.DBforPostgreSQL.flexibleServers\",\r\n
        \     \"id\": \"/subscriptions/00000000-0000-0000-0000-000000000000/resourceGroup/cli_subnet_delegation000001/providers/Microsoft.Network/availableDelegations/Microsoft.DBforPostgreSQL.flexibleServers\",\r\n
        \     \"type\": \"Microsoft.Network/availableDelegations\",\r\n      \"serviceName\":
        \"Microsoft.DBforPostgreSQL/flexibleServers\",\r\n      \"actions\": [\r\n
        \       \"Microsoft.Network/virtualNetworks/subnets/join/action\"\r\n      ]\r\n
        \   },\r\n    {\r\n      \"name\": \"Microsoft.DBforMySQL.serversv2\",\r\n
        \     \"id\": \"/subscriptions/00000000-0000-0000-0000-000000000000/resourceGroup/cli_subnet_delegation000001/providers/Microsoft.Network/availableDelegations/Microsoft.DBforMySQL.serversv2\",\r\n
        \     \"type\": \"Microsoft.Network/availableDelegations\",\r\n      \"serviceName\":
        \"Microsoft.DBforMySQL/serversv2\",\r\n      \"actions\": [\r\n        \"Microsoft.Network/virtualNetworks/subnets/join/action\"\r\n
        \     ]\r\n    },\r\n    {\r\n      \"name\": \"Microsoft.DBforMySQL.flexibleServers\",\r\n
        \     \"id\": \"/subscriptions/00000000-0000-0000-0000-000000000000/resourceGroup/cli_subnet_delegation000001/providers/Microsoft.Network/availableDelegations/Microsoft.DBforMySQL.flexibleServers\",\r\n
        \     \"type\": \"Microsoft.Network/availableDelegations\",\r\n      \"serviceName\":
        \"Microsoft.DBforMySQL/flexibleServers\",\r\n      \"actions\": [\r\n        \"Microsoft.Network/virtualNetworks/subnets/join/action\"\r\n
        \     ]\r\n    },\r\n    {\r\n      \"name\": \"Microsoft.ApiManagement.service\",\r\n
        \     \"id\": \"/subscriptions/00000000-0000-0000-0000-000000000000/resourceGroup/cli_subnet_delegation000001/providers/Microsoft.Network/availableDelegations/Microsoft.ApiManagement.service\",\r\n
        \     \"type\": \"Microsoft.Network/availableDelegations\",\r\n      \"serviceName\":
        \"Microsoft.ApiManagement/service\",\r\n      \"actions\": [\r\n        \"Microsoft.Network/virtualNetworks/subnets/join/action\",\r\n
        \       \"Microsoft.Network/virtualNetworks/subnets/prepareNetworkPolicies/action\"\r\n
        \     ]\r\n    },\r\n    {\r\n      \"name\": \"Microsoft.Synapse.workspaces\",\r\n
        \     \"id\": \"/subscriptions/00000000-0000-0000-0000-000000000000/resourceGroup/cli_subnet_delegation000001/providers/Microsoft.Network/availableDelegations/Microsoft.Synapse.workspaces\",\r\n
        \     \"type\": \"Microsoft.Network/availableDelegations\",\r\n      \"serviceName\":
        \"Microsoft.Synapse/workspaces\",\r\n      \"actions\": [\r\n        \"Microsoft.Network/virtualNetworks/subnets/join/action\"\r\n
        \     ]\r\n    },\r\n    {\r\n      \"name\": \"Microsoft.PowerPlatform.vnetaccesslinks\",\r\n
        \     \"id\": \"/subscriptions/00000000-0000-0000-0000-000000000000/resourceGroup/cli_subnet_delegation000001/providers/Microsoft.Network/availableDelegations/Microsoft.PowerPlatform.vnetaccesslinks\",\r\n
        \     \"type\": \"Microsoft.Network/availableDelegations\",\r\n      \"serviceName\":
        \"Microsoft.PowerPlatform/vnetaccesslinks\",\r\n      \"actions\": [\r\n        \"Microsoft.Network/virtualNetworks/subnets/join/action\"\r\n
        \     ]\r\n    },\r\n    {\r\n      \"name\": \"Microsoft.Network.dnsResolvers\",\r\n
        \     \"id\": \"/subscriptions/00000000-0000-0000-0000-000000000000/resourceGroup/cli_subnet_delegation000001/providers/Microsoft.Network/availableDelegations/Microsoft.Network.dnsResolvers\",\r\n
        \     \"type\": \"Microsoft.Network/availableDelegations\",\r\n      \"serviceName\":
        \"Microsoft.Network/dnsResolvers\",\r\n      \"actions\": [\r\n        \"Microsoft.Network/virtualNetworks/subnets/join/action\"\r\n
        \     ]\r\n    },\r\n    {\r\n      \"name\": \"Microsoft.Kusto.clusters\",\r\n
        \     \"id\": \"/subscriptions/00000000-0000-0000-0000-000000000000/resourceGroup/cli_subnet_delegation000001/providers/Microsoft.Network/availableDelegations/Microsoft.Kusto.clusters\",\r\n
        \     \"type\": \"Microsoft.Network/availableDelegations\",\r\n      \"serviceName\":
        \"Microsoft.Kusto/clusters\",\r\n      \"actions\": [\r\n        \"Microsoft.Network/virtualNetworks/subnets/join/action\",\r\n
        \       \"Microsoft.Network/virtualNetworks/subnets/prepareNetworkPolicies/action\",\r\n
        \       \"Microsoft.Network/virtualNetworks/subnets/unprepareNetworkPolicies/action\"\r\n
        \     ]\r\n    },\r\n    {\r\n      \"name\": \"Microsoft.DelegatedNetwork.controller\",\r\n
        \     \"id\": \"/subscriptions/00000000-0000-0000-0000-000000000000/resourceGroup/cli_subnet_delegation000001/providers/Microsoft.Network/availableDelegations/Microsoft.DelegatedNetwork.controller\",\r\n
        \     \"type\": \"Microsoft.Network/availableDelegations\",\r\n      \"serviceName\":
        \"Microsoft.DelegatedNetwork/controller\",\r\n      \"actions\": [\r\n        \"Microsoft.Network/virtualNetworks/subnets/join/action\"\r\n
        \     ]\r\n    },\r\n    {\r\n      \"name\": \"Microsoft.ContainerService.managedClusters\",\r\n
        \     \"id\": \"/subscriptions/00000000-0000-0000-0000-000000000000/resourceGroup/cli_subnet_delegation000001/providers/Microsoft.Network/availableDelegations/Microsoft.ContainerService.managedClusters\",\r\n
        \     \"type\": \"Microsoft.Network/availableDelegations\",\r\n      \"serviceName\":
        \"Microsoft.ContainerService/managedClusters\",\r\n      \"actions\": [\r\n
        \       \"Microsoft.Network/virtualNetworks/subnets/join/action\"\r\n      ]\r\n
        \   },\r\n    {\r\n      \"name\": \"Microsoft.PowerPlatform.enterprisePolicies\",\r\n
        \     \"id\": \"/subscriptions/00000000-0000-0000-0000-000000000000/resourceGroup/cli_subnet_delegation000001/providers/Microsoft.Network/availableDelegations/Microsoft.PowerPlatform.enterprisePolicies\",\r\n
        \     \"type\": \"Microsoft.Network/availableDelegations\",\r\n      \"serviceName\":
        \"Microsoft.PowerPlatform/enterprisePolicies\",\r\n      \"actions\": [\r\n
        \       \"Microsoft.Network/virtualNetworks/subnets/join/action\"\r\n      ]\r\n
        \   },\r\n    {\r\n      \"name\": \"Microsoft.StoragePool.diskPools\",\r\n
        \     \"id\": \"/subscriptions/00000000-0000-0000-0000-000000000000/resourceGroup/cli_subnet_delegation000001/providers/Microsoft.Network/availableDelegations/Microsoft.StoragePool.diskPools\",\r\n
        \     \"type\": \"Microsoft.Network/availableDelegations\",\r\n      \"serviceName\":
        \"Microsoft.StoragePool/diskPools\",\r\n      \"actions\": [\r\n        \"Microsoft.Network/virtualNetworks/read\"\r\n
        \     ]\r\n    },\r\n    {\r\n      \"name\": \"Microsoft.DocumentDB.cassandraClusters\",\r\n
        \     \"id\": \"/subscriptions/00000000-0000-0000-0000-000000000000/resourceGroup/cli_subnet_delegation000001/providers/Microsoft.Network/availableDelegations/Microsoft.DocumentDB.cassandraClusters\",\r\n
        \     \"type\": \"Microsoft.Network/availableDelegations\",\r\n      \"serviceName\":
        \"Microsoft.DocumentDB/cassandraClusters\",\r\n      \"actions\": [\r\n        \"Microsoft.Network/virtualNetworks/subnets/join/action\"\r\n
        \     ]\r\n    },\r\n    {\r\n      \"name\": \"Microsoft.Apollo.npu\",\r\n
        \     \"id\": \"/subscriptions/00000000-0000-0000-0000-000000000000/resourceGroup/cli_subnet_delegation000001/providers/Microsoft.Network/availableDelegations/Microsoft.Apollo.npu\",\r\n
        \     \"type\": \"Microsoft.Network/availableDelegations\",\r\n      \"serviceName\":
        \"Microsoft.Apollo/npu\",\r\n      \"actions\": [\r\n        \"Microsoft.Network/networkinterfaces/*\",\r\n
        \       \"Microsoft.Network/virtualNetworks/subnets/join/action\"\r\n      ]\r\n
        \   },\r\n    {\r\n      \"name\": \"Microsoft.AVS.PrivateClouds\",\r\n      \"id\":
        \"/subscriptions/00000000-0000-0000-0000-000000000000/resourceGroup/cli_subnet_delegation000001/providers/Microsoft.Network/availableDelegations/Microsoft.AVS.PrivateClouds\",\r\n
        \     \"type\": \"Microsoft.Network/availableDelegations\",\r\n      \"serviceName\":
        \"Microsoft.AVS/PrivateClouds\",\r\n      \"actions\": [\r\n        \"Microsoft.Network/networkinterfaces/*\"\r\n
        \     ]\r\n    },\r\n    {\r\n      \"name\": \"Microsoft.Orbital.orbitalGateways\",\r\n
        \     \"id\": \"/subscriptions/00000000-0000-0000-0000-000000000000/resourceGroup/cli_subnet_delegation000001/providers/Microsoft.Network/availableDelegations/Microsoft.Orbital.orbitalGateways\",\r\n
        \     \"type\": \"Microsoft.Network/availableDelegations\",\r\n      \"serviceName\":
        \"Microsoft.Orbital/orbitalGateways\",\r\n      \"actions\": [\r\n        \"Microsoft.Network/publicIPAddresses/join/action\",\r\n
        \       \"Microsoft.Network/virtualNetworks/subnets/join/action\",\r\n        \"Microsoft.Network/virtualNetworks/read\",\r\n
        \       \"Microsoft.Network/publicIPAddresses/read\"\r\n      ]\r\n    },\r\n
        \   {\r\n      \"name\": \"Microsoft.Singularity.accounts.jobs\",\r\n      \"id\":
        \"/subscriptions/00000000-0000-0000-0000-000000000000/resourceGroup/cli_subnet_delegation000001/providers/Microsoft.Network/availableDelegations/Microsoft.Singularity.accounts.jobs\",\r\n
        \     \"type\": \"Microsoft.Network/availableDelegations\",\r\n      \"serviceName\":
        \"Microsoft.Singularity/accounts/jobs\",\r\n      \"actions\": [\r\n        \"Microsoft.Network/networkinterfaces/*\",\r\n
        \       \"Microsoft.Network/virtualNetworks/subnets/join/action\"\r\n      ]\r\n
        \   },\r\n    {\r\n      \"name\": \"Microsoft.Singularity.accounts.models\",\r\n
        \     \"id\": \"/subscriptions/00000000-0000-0000-0000-000000000000/resourceGroup/cli_subnet_delegation000001/providers/Microsoft.Network/availableDelegations/Microsoft.Singularity.accounts.models\",\r\n
        \     \"type\": \"Microsoft.Network/availableDelegations\",\r\n      \"serviceName\":
        \"Microsoft.Singularity/accounts/models\",\r\n      \"actions\": [\r\n        \"Microsoft.Network/networkinterfaces/*\",\r\n
        \       \"Microsoft.Network/virtualNetworks/subnets/join/action\"\r\n      ]\r\n
        \   },\r\n    {\r\n      \"name\": \"Microsoft.Singularity.accounts.npu\",\r\n
        \     \"id\": \"/subscriptions/00000000-0000-0000-0000-000000000000/resourceGroup/cli_subnet_delegation000001/providers/Microsoft.Network/availableDelegations/Microsoft.Singularity.accounts.npu\",\r\n
        \     \"type\": \"Microsoft.Network/availableDelegations\",\r\n      \"serviceName\":
        \"Microsoft.Singularity/accounts/npu\",\r\n      \"actions\": [\r\n        \"Microsoft.Network/networkinterfaces/*\",\r\n
        \       \"Microsoft.Network/virtualNetworks/subnets/join/action\"\r\n      ]\r\n
        \   },\r\n    {\r\n      \"name\": \"Microsoft.AISupercomputer.accounts.jobs\",\r\n
        \     \"id\": \"/subscriptions/00000000-0000-0000-0000-000000000000/resourceGroup/cli_subnet_delegation000001/providers/Microsoft.Network/availableDelegations/Microsoft.AISupercomputer.accounts.jobs\",\r\n
        \     \"type\": \"Microsoft.Network/availableDelegations\",\r\n      \"serviceName\":
        \"Microsoft.AISupercomputer/accounts/jobs\",\r\n      \"actions\": [\r\n        \"Microsoft.Network/networkinterfaces/*\",\r\n
        \       \"Microsoft.Network/virtualNetworks/subnets/join/action\"\r\n      ]\r\n
        \   },\r\n    {\r\n      \"name\": \"Microsoft.AISupercomputer.accounts.models\",\r\n
        \     \"id\": \"/subscriptions/00000000-0000-0000-0000-000000000000/resourceGroup/cli_subnet_delegation000001/providers/Microsoft.Network/availableDelegations/Microsoft.AISupercomputer.accounts.models\",\r\n
        \     \"type\": \"Microsoft.Network/availableDelegations\",\r\n      \"serviceName\":
        \"Microsoft.AISupercomputer/accounts/models\",\r\n      \"actions\": [\r\n
        \       \"Microsoft.Network/networkinterfaces/*\",\r\n        \"Microsoft.Network/virtualNetworks/subnets/join/action\"\r\n
        \     ]\r\n    },\r\n    {\r\n      \"name\": \"Microsoft.AISupercomputer.accounts.npu\",\r\n
        \     \"id\": \"/subscriptions/00000000-0000-0000-0000-000000000000/resourceGroup/cli_subnet_delegation000001/providers/Microsoft.Network/availableDelegations/Microsoft.AISupercomputer.accounts.npu\",\r\n
        \     \"type\": \"Microsoft.Network/availableDelegations\",\r\n      \"serviceName\":
        \"Microsoft.AISupercomputer/accounts/npu\",\r\n      \"actions\": [\r\n        \"Microsoft.Network/networkinterfaces/*\",\r\n
        \       \"Microsoft.Network/virtualNetworks/subnets/join/action\"\r\n      ]\r\n
        \   },\r\n    {\r\n      \"name\": \"Microsoft.LabServices.labplans\",\r\n
        \     \"id\": \"/subscriptions/00000000-0000-0000-0000-000000000000/resourceGroup/cli_subnet_delegation000001/providers/Microsoft.Network/availableDelegations/Microsoft.LabServices.labplans\",\r\n
        \     \"type\": \"Microsoft.Network/availableDelegations\",\r\n      \"serviceName\":
        \"Microsoft.LabServices/labplans\",\r\n      \"actions\": [\r\n        \"Microsoft.Network/virtualNetworks/subnets/join/action\"\r\n
        \     ]\r\n    },\r\n    {\r\n      \"name\": \"Microsoft.Fidalgo.networkSettings\",\r\n
        \     \"id\": \"/subscriptions/00000000-0000-0000-0000-000000000000/resourceGroup/cli_subnet_delegation000001/providers/Microsoft.Network/availableDelegations/Microsoft.Fidalgo.networkSettings\",\r\n
        \     \"type\": \"Microsoft.Network/availableDelegations\",\r\n      \"serviceName\":
        \"Microsoft.Fidalgo/networkSettings\",\r\n      \"actions\": [\r\n        \"Microsoft.Network/virtualNetworks/subnets/join/action\"\r\n
        \     ]\r\n    },\r\n    {\r\n      \"name\": \"Microsoft.DevCenter.networkConnection\",\r\n
        \     \"id\": \"/subscriptions/00000000-0000-0000-0000-000000000000/resourceGroup/cli_subnet_delegation000001/providers/Microsoft.Network/availableDelegations/Microsoft.DevCenter.networkConnection\",\r\n
        \     \"type\": \"Microsoft.Network/availableDelegations\",\r\n      \"serviceName\":
        \"Microsoft.DevCenter/networkConnection\",\r\n      \"actions\": [\r\n        \"Microsoft.Network/virtualNetworks/subnets/join/action\"\r\n
        \     ]\r\n    },\r\n    {\r\n      \"name\": \"NGINX.NGINXPLUS.nginxDeployments\",\r\n
        \     \"id\": \"/subscriptions/00000000-0000-0000-0000-000000000000/resourceGroup/cli_subnet_delegation000001/providers/Microsoft.Network/availableDelegations/NGINX.NGINXPLUS.nginxDeployments\",\r\n
        \     \"type\": \"Microsoft.Network/availableDelegations\",\r\n      \"serviceName\":
        \"NGINX.NGINXPLUS/nginxDeployments\",\r\n      \"actions\": [\r\n        \"Microsoft.Network/virtualNetworks/subnets/join/action\"\r\n
        \     ]\r\n    },\r\n    {\r\n      \"name\": \"Microsoft.CloudTest.pools\",\r\n
        \     \"id\": \"/subscriptions/00000000-0000-0000-0000-000000000000/resourceGroup/cli_subnet_delegation000001/providers/Microsoft.Network/availableDelegations/Microsoft.CloudTest.pools\",\r\n
        \     \"type\": \"Microsoft.Network/availableDelegations\",\r\n      \"serviceName\":
        \"Microsoft.CloudTest/pools\",\r\n      \"actions\": [\r\n        \"Microsoft.Network/virtualNetworks/subnets/join/action\"\r\n
        \     ]\r\n    },\r\n    {\r\n      \"name\": \"Microsoft.CloudTest.hostedpools\",\r\n
        \     \"id\": \"/subscriptions/00000000-0000-0000-0000-000000000000/resourceGroup/cli_subnet_delegation000001/providers/Microsoft.Network/availableDelegations/Microsoft.CloudTest.hostedpools\",\r\n
        \     \"type\": \"Microsoft.Network/availableDelegations\",\r\n      \"serviceName\":
        \"Microsoft.CloudTest/hostedpools\",\r\n      \"actions\": [\r\n        \"Microsoft.Network/virtualNetworks/subnets/join/action\"\r\n
        \     ]\r\n    },\r\n    {\r\n      \"name\": \"Microsoft.CloudTest.images\",\r\n
        \     \"id\": \"/subscriptions/00000000-0000-0000-0000-000000000000/resourceGroup/cli_subnet_delegation000001/providers/Microsoft.Network/availableDelegations/Microsoft.CloudTest.images\",\r\n
        \     \"type\": \"Microsoft.Network/availableDelegations\",\r\n      \"serviceName\":
        \"Microsoft.CloudTest/images\",\r\n      \"actions\": [\r\n        \"Microsoft.Network/virtualNetworks/subnets/join/action\"\r\n
        \     ]\r\n    },\r\n    {\r\n      \"name\": \"Microsoft.Codespaces.plans\",\r\n
        \     \"id\": \"/subscriptions/00000000-0000-0000-0000-000000000000/resourceGroup/cli_subnet_delegation000001/providers/Microsoft.Network/availableDelegations/Microsoft.Codespaces.plans\",\r\n
        \     \"type\": \"Microsoft.Network/availableDelegations\",\r\n      \"serviceName\":
        \"Microsoft.Codespaces/plans\",\r\n      \"actions\": [\r\n        \"Microsoft.Network/virtualNetworks/subnets/join/action\"\r\n
        \     ]\r\n    },\r\n    {\r\n      \"name\": \"PaloAltoNetworks.Cloudngfw.firewalls\",\r\n
        \     \"id\": \"/subscriptions/00000000-0000-0000-0000-000000000000/resourceGroup/cli_subnet_delegation000001/providers/Microsoft.Network/availableDelegations/PaloAltoNetworks.Cloudngfw.firewalls\",\r\n
        \     \"type\": \"Microsoft.Network/availableDelegations\",\r\n      \"serviceName\":
        \"PaloAltoNetworks.Cloudngfw/firewalls\",\r\n      \"actions\": [\r\n        \"Microsoft.Network/virtualNetworks/subnets/join/action\"\r\n
        \     ]\r\n    },\r\n    {\r\n      \"name\": \"Qumulo.Storage.fileSystems\",\r\n
        \     \"id\": \"/subscriptions/00000000-0000-0000-0000-000000000000/resourceGroup/cli_subnet_delegation000001/providers/Microsoft.Network/availableDelegations/Qumulo.Storage.fileSystems\",\r\n
        \     \"type\": \"Microsoft.Network/availableDelegations\",\r\n      \"serviceName\":
        \"Qumulo.Storage/fileSystems\",\r\n      \"actions\": [\r\n        \"Microsoft.Network/virtualNetworks/subnets/join/action\"\r\n
        \     ]\r\n    },\r\n    {\r\n      \"name\": \"Microsoft.App.testClients\",\r\n
        \     \"id\": \"/subscriptions/00000000-0000-0000-0000-000000000000/resourceGroup/cli_subnet_delegation000001/providers/Microsoft.Network/availableDelegations/Microsoft.App.testClients\",\r\n
        \     \"type\": \"Microsoft.Network/availableDelegations\",\r\n      \"serviceName\":
        \"Microsoft.App/testClients\",\r\n      \"actions\": [\r\n        \"Microsoft.Network/virtualNetworks/subnets/join/action\"\r\n
        \     ]\r\n    },\r\n    {\r\n      \"name\": \"Microsoft.App.environments\",\r\n
        \     \"id\": \"/subscriptions/00000000-0000-0000-0000-000000000000/resourceGroup/cli_subnet_delegation000001/providers/Microsoft.Network/availableDelegations/Microsoft.App.environments\",\r\n
        \     \"type\": \"Microsoft.Network/availableDelegations\",\r\n      \"serviceName\":
        \"Microsoft.App/environments\",\r\n      \"actions\": [\r\n        \"Microsoft.Network/virtualNetworks/subnets/join/action\"\r\n
        \     ]\r\n    },\r\n    {\r\n      \"name\": \"Microsoft.ServiceNetworking.trafficControllers\",\r\n
        \     \"id\": \"/subscriptions/00000000-0000-0000-0000-000000000000/resourceGroup/cli_subnet_delegation000001/providers/Microsoft.Network/availableDelegations/Microsoft.ServiceNetworking.trafficControllers\",\r\n
        \     \"type\": \"Microsoft.Network/availableDelegations\",\r\n      \"serviceName\":
        \"Microsoft.ServiceNetworking/trafficControllers\",\r\n      \"actions\":
        [\r\n        \"Microsoft.Network/virtualNetworks/subnets/join/action\"\r\n
        \     ]\r\n    }\r\n  ]\r\n}"
    headers:
      cache-control:
      - no-cache
      content-length:
      - '26337'
      content-type:
      - application/json; charset=utf-8
      date:
      - Thu, 17 Nov 2022 14:46:06 GMT
      expires:
      - '-1'
      pragma:
      - no-cache
      server:
      - Microsoft-HTTPAPI/2.0
      - Microsoft-HTTPAPI/2.0
      strict-transport-security:
      - max-age=31536000; includeSubDomains
      transfer-encoding:
      - chunked
      vary:
      - Accept-Encoding
      x-content-type-options:
      - nosniff
      x-ms-arm-service-request-id:
      - 700f27c2-8fdf-48f4-bc6a-23d2b3062863
    status:
      code: 200
      message: OK
- request:
    body: '{"location": "westcentralus", "properties": {"addressSpace": {"addressPrefixes":
      ["10.0.0.0/16"]}, "enableDdosProtection": false, "enableVmProtection": false}}'
    headers:
      Accept:
      - application/json
      Accept-Encoding:
      - gzip, deflate
      CommandName:
      - network vnet create
      Connection:
      - keep-alive
      Content-Length:
      - '159'
      Content-Type:
      - application/json
      ParameterSetName:
      - -g -n -l
      User-Agent:
      - AZURECLI/2.42.0 (PIP) (AAZ) azsdk-python-core/1.24.0 Python/3.8.10 (Windows-10-10.0.19045-SP0)
    method: PUT
    uri: https://management.azure.com/subscriptions/00000000-0000-0000-0000-000000000000/resourceGroups/cli_subnet_delegation000001/providers/Microsoft.Network/virtualNetworks/vnet1?api-version=2022-01-01
  response:
    body:
      string: "{\r\n  \"name\": \"vnet1\",\r\n  \"id\": \"/subscriptions/00000000-0000-0000-0000-000000000000/resourceGroups/cli_subnet_delegation000001/providers/Microsoft.Network/virtualNetworks/vnet1\",\r\n
        \ \"etag\": \"W/\\\"fd61c532-3929-4b74-bcac-23ff791808cb\\\"\",\r\n  \"type\":
        \"Microsoft.Network/virtualNetworks\",\r\n  \"location\": \"westcentralus\",\r\n
        \ \"properties\": {\r\n    \"provisioningState\": \"Updating\",\r\n    \"resourceGuid\":
        \"de618390-9e42-4ec2-b698-341f0b98ba8c\",\r\n    \"addressSpace\": {\r\n      \"addressPrefixes\":
        [\r\n        \"10.0.0.0/16\"\r\n      ]\r\n    },\r\n    \"subnets\": [],\r\n
        \   \"virtualNetworkPeerings\": [],\r\n    \"enableDdosProtection\": false\r\n
        \ }\r\n}"
    headers:
      azure-asyncnotification:
      - Enabled
      azure-asyncoperation:
      - https://management.azure.com/subscriptions/00000000-0000-0000-0000-000000000000/providers/Microsoft.Network/locations/westcentralus/operations/45ea6674-d8e1-461c-97ad-85d80128423c?api-version=2022-01-01
      cache-control:
      - no-cache
      content-length:
      - '622'
      content-type:
      - application/json; charset=utf-8
      date:
      - Thu, 17 Nov 2022 14:46:08 GMT
      expires:
      - '-1'
      pragma:
      - no-cache
      server:
      - Microsoft-HTTPAPI/2.0
      - Microsoft-HTTPAPI/2.0
      strict-transport-security:
      - max-age=31536000; includeSubDomains
      x-content-type-options:
      - nosniff
      x-ms-arm-service-request-id:
      - 593ee602-05a7-456d-a8f2-aadadb76310e
      x-ms-ratelimit-remaining-subscription-writes:
      - '1193'
    status:
      code: 201
      message: Created
- request:
    body: null
    headers:
      Accept:
      - '*/*'
      Accept-Encoding:
      - gzip, deflate
      CommandName:
      - network vnet create
      Connection:
      - keep-alive
      ParameterSetName:
      - -g -n -l
      User-Agent:
      - AZURECLI/2.42.0 (PIP) (AAZ) azsdk-python-core/1.24.0 Python/3.8.10 (Windows-10-10.0.19045-SP0)
    method: GET
    uri: https://management.azure.com/subscriptions/00000000-0000-0000-0000-000000000000/providers/Microsoft.Network/locations/westcentralus/operations/45ea6674-d8e1-461c-97ad-85d80128423c?api-version=2022-01-01
  response:
    body:
      string: "{\r\n  \"status\": \"Succeeded\"\r\n}"
    headers:
      cache-control:
      - no-cache
      content-length:
      - '29'
      content-type:
      - application/json; charset=utf-8
      date:
      - Thu, 17 Nov 2022 14:46:12 GMT
      expires:
      - '-1'
      pragma:
      - no-cache
      server:
      - Microsoft-HTTPAPI/2.0
      - Microsoft-HTTPAPI/2.0
      strict-transport-security:
      - max-age=31536000; includeSubDomains
      transfer-encoding:
      - chunked
      vary:
      - Accept-Encoding
      x-content-type-options:
      - nosniff
      x-ms-arm-service-request-id:
      - 94b99b0c-4f1a-4ed6-b187-27d5bbc7c0de
    status:
      code: 200
      message: OK
- request:
    body: null
    headers:
      Accept:
      - '*/*'
      Accept-Encoding:
      - gzip, deflate
      CommandName:
      - network vnet create
      Connection:
      - keep-alive
      ParameterSetName:
      - -g -n -l
      User-Agent:
      - AZURECLI/2.42.0 (PIP) (AAZ) azsdk-python-core/1.24.0 Python/3.8.10 (Windows-10-10.0.19045-SP0)
    method: GET
    uri: https://management.azure.com/subscriptions/00000000-0000-0000-0000-000000000000/resourceGroups/cli_subnet_delegation000001/providers/Microsoft.Network/virtualNetworks/vnet1?api-version=2022-01-01
  response:
    body:
      string: "{\r\n  \"name\": \"vnet1\",\r\n  \"id\": \"/subscriptions/00000000-0000-0000-0000-000000000000/resourceGroups/cli_subnet_delegation000001/providers/Microsoft.Network/virtualNetworks/vnet1\",\r\n
        \ \"etag\": \"W/\\\"dc46b55e-8525-4027-9ebb-2eaacbe0d66a\\\"\",\r\n  \"type\":
        \"Microsoft.Network/virtualNetworks\",\r\n  \"location\": \"westcentralus\",\r\n
        \ \"properties\": {\r\n    \"provisioningState\": \"Succeeded\",\r\n    \"resourceGuid\":
        \"de618390-9e42-4ec2-b698-341f0b98ba8c\",\r\n    \"addressSpace\": {\r\n      \"addressPrefixes\":
        [\r\n        \"10.0.0.0/16\"\r\n      ]\r\n    },\r\n    \"subnets\": [],\r\n
        \   \"virtualNetworkPeerings\": [],\r\n    \"enableDdosProtection\": false\r\n
        \ }\r\n}"
    headers:
      cache-control:
      - no-cache
      content-length:
      - '623'
      content-type:
      - application/json; charset=utf-8
      date:
      - Thu, 17 Nov 2022 14:46:12 GMT
      etag:
      - W/"dc46b55e-8525-4027-9ebb-2eaacbe0d66a"
      expires:
      - '-1'
      pragma:
      - no-cache
      server:
      - Microsoft-HTTPAPI/2.0
      - Microsoft-HTTPAPI/2.0
      strict-transport-security:
      - max-age=31536000; includeSubDomains
      transfer-encoding:
      - chunked
      vary:
      - Accept-Encoding
      x-content-type-options:
      - nosniff
      x-ms-arm-service-request-id:
      - b424e8d6-48a1-49fe-a61d-8cf4dbd4069b
    status:
      code: 200
      message: OK
- request:
    body: '{"name": "subnet1", "properties": {"addressPrefix": "10.0.0.0/24", "delegations":
      [{"name": "0", "properties": {"serviceName": "Microsoft.Web/serverFarms"}}]}}'
    headers:
      Accept:
      - application/json
      Accept-Encoding:
      - gzip, deflate
      CommandName:
      - network vnet subnet create
      Connection:
      - keep-alive
      Content-Length:
      - '159'
      Content-Type:
      - application/json
      ParameterSetName:
      - -g --vnet-name -n --address-prefix --delegations
      User-Agent:
      - AZURECLI/2.42.0 (PIP) (AAZ) azsdk-python-core/1.24.0 Python/3.8.10 (Windows-10-10.0.19045-SP0)
    method: PUT
    uri: https://management.azure.com/subscriptions/00000000-0000-0000-0000-000000000000/resourceGroups/cli_subnet_delegation000001/providers/Microsoft.Network/virtualNetworks/vnet1/subnets/subnet1?api-version=2022-01-01
  response:
    body:
      string: "{\r\n  \"name\": \"subnet1\",\r\n  \"id\": \"/subscriptions/00000000-0000-0000-0000-000000000000/resourceGroups/cli_subnet_delegation000001/providers/Microsoft.Network/virtualNetworks/vnet1/subnets/subnet1\",\r\n
        \ \"etag\": \"W/\\\"4b1ff6e8-a32a-49b7-99e2-3099b68a0daa\\\"\",\r\n  \"properties\":
        {\r\n    \"provisioningState\": \"Updating\",\r\n    \"addressPrefix\": \"10.0.0.0/24\",\r\n
        \   \"delegations\": [\r\n      {\r\n        \"name\": \"0\",\r\n        \"id\":
        \"/subscriptions/00000000-0000-0000-0000-000000000000/resourceGroups/cli_subnet_delegation000001/providers/Microsoft.Network/virtualNetworks/vnet1/subnets/subnet1/delegations/0\",\r\n
        \       \"etag\": \"W/\\\"4b1ff6e8-a32a-49b7-99e2-3099b68a0daa\\\"\",\r\n
        \       \"properties\": {\r\n          \"provisioningState\": \"Succeeded\",\r\n
        \         \"serviceName\": \"Microsoft.Web/serverFarms\",\r\n          \"actions\":
        [\r\n            \"Microsoft.Network/virtualNetworks/subnets/action\"\r\n
        \         ]\r\n        },\r\n        \"type\": \"Microsoft.Network/virtualNetworks/subnets/delegations\"\r\n
        \     }\r\n    ],\r\n    \"privateEndpointNetworkPolicies\": \"Disabled\",\r\n
        \   \"privateLinkServiceNetworkPolicies\": \"Enabled\"\r\n  },\r\n  \"type\":
        \"Microsoft.Network/virtualNetworks/subnets\"\r\n}"
    headers:
      azure-asyncnotification:
      - Enabled
      azure-asyncoperation:
      - https://management.azure.com/subscriptions/00000000-0000-0000-0000-000000000000/providers/Microsoft.Network/locations/westcentralus/operations/e0d7d633-dd9f-4165-bdf5-7938bd9b9c2f?api-version=2022-01-01
      cache-control:
      - no-cache
      content-length:
      - '1151'
      content-type:
      - application/json; charset=utf-8
      date:
      - Thu, 17 Nov 2022 14:46:14 GMT
      expires:
      - '-1'
      pragma:
      - no-cache
      server:
      - Microsoft-HTTPAPI/2.0
      - Microsoft-HTTPAPI/2.0
      strict-transport-security:
      - max-age=31536000; includeSubDomains
      x-content-type-options:
      - nosniff
      x-ms-arm-service-request-id:
      - 3cc01706-dc66-4955-af14-645a266a97b4
      x-ms-ratelimit-remaining-subscription-writes:
      - '1189'
    status:
      code: 201
      message: Created
- request:
    body: null
    headers:
      Accept:
      - '*/*'
      Accept-Encoding:
      - gzip, deflate
      CommandName:
      - network vnet subnet create
      Connection:
      - keep-alive
      ParameterSetName:
      - -g --vnet-name -n --address-prefix --delegations
      User-Agent:
      - AZURECLI/2.42.0 (PIP) (AAZ) azsdk-python-core/1.24.0 Python/3.8.10 (Windows-10-10.0.19045-SP0)
    method: GET
    uri: https://management.azure.com/subscriptions/00000000-0000-0000-0000-000000000000/providers/Microsoft.Network/locations/westcentralus/operations/e0d7d633-dd9f-4165-bdf5-7938bd9b9c2f?api-version=2022-01-01
  response:
    body:
      string: "{\r\n  \"status\": \"Succeeded\"\r\n}"
    headers:
      cache-control:
      - no-cache
      content-length:
      - '29'
      content-type:
      - application/json; charset=utf-8
      date:
      - Thu, 17 Nov 2022 14:46:18 GMT
      expires:
      - '-1'
      pragma:
      - no-cache
      server:
      - Microsoft-HTTPAPI/2.0
      - Microsoft-HTTPAPI/2.0
      strict-transport-security:
      - max-age=31536000; includeSubDomains
      transfer-encoding:
      - chunked
      vary:
      - Accept-Encoding
      x-content-type-options:
      - nosniff
      x-ms-arm-service-request-id:
      - 864aada5-23fe-450b-984b-04fe84abc7d0
    status:
      code: 200
      message: OK
- request:
    body: null
    headers:
      Accept:
      - '*/*'
      Accept-Encoding:
      - gzip, deflate
      CommandName:
      - network vnet subnet create
      Connection:
      - keep-alive
      ParameterSetName:
      - -g --vnet-name -n --address-prefix --delegations
      User-Agent:
      - AZURECLI/2.42.0 (PIP) (AAZ) azsdk-python-core/1.24.0 Python/3.8.10 (Windows-10-10.0.19045-SP0)
    method: GET
    uri: https://management.azure.com/subscriptions/00000000-0000-0000-0000-000000000000/resourceGroups/cli_subnet_delegation000001/providers/Microsoft.Network/virtualNetworks/vnet1/subnets/subnet1?api-version=2022-01-01
  response:
    body:
      string: "{\r\n  \"name\": \"subnet1\",\r\n  \"id\": \"/subscriptions/00000000-0000-0000-0000-000000000000/resourceGroups/cli_subnet_delegation000001/providers/Microsoft.Network/virtualNetworks/vnet1/subnets/subnet1\",\r\n
        \ \"etag\": \"W/\\\"d6732d5e-11cf-4a60-8244-0ca1dd3b8ecd\\\"\",\r\n  \"properties\":
        {\r\n    \"provisioningState\": \"Succeeded\",\r\n    \"addressPrefix\": \"10.0.0.0/24\",\r\n
        \   \"delegations\": [\r\n      {\r\n        \"name\": \"0\",\r\n        \"id\":
        \"/subscriptions/00000000-0000-0000-0000-000000000000/resourceGroups/cli_subnet_delegation000001/providers/Microsoft.Network/virtualNetworks/vnet1/subnets/subnet1/delegations/0\",\r\n
        \       \"etag\": \"W/\\\"d6732d5e-11cf-4a60-8244-0ca1dd3b8ecd\\\"\",\r\n
        \       \"properties\": {\r\n          \"provisioningState\": \"Succeeded\",\r\n
        \         \"serviceName\": \"Microsoft.Web/serverFarms\",\r\n          \"actions\":
        [\r\n            \"Microsoft.Network/virtualNetworks/subnets/action\"\r\n
        \         ]\r\n        },\r\n        \"type\": \"Microsoft.Network/virtualNetworks/subnets/delegations\"\r\n
        \     }\r\n    ],\r\n    \"privateEndpointNetworkPolicies\": \"Disabled\",\r\n
        \   \"privateLinkServiceNetworkPolicies\": \"Enabled\"\r\n  },\r\n  \"type\":
        \"Microsoft.Network/virtualNetworks/subnets\"\r\n}"
    headers:
      cache-control:
      - no-cache
      content-length:
      - '1152'
      content-type:
      - application/json; charset=utf-8
      date:
      - Thu, 17 Nov 2022 14:46:18 GMT
      etag:
      - W/"d6732d5e-11cf-4a60-8244-0ca1dd3b8ecd"
      expires:
      - '-1'
      pragma:
      - no-cache
      server:
      - Microsoft-HTTPAPI/2.0
      - Microsoft-HTTPAPI/2.0
      strict-transport-security:
      - max-age=31536000; includeSubDomains
      transfer-encoding:
      - chunked
      vary:
      - Accept-Encoding
      x-content-type-options:
      - nosniff
      x-ms-arm-service-request-id:
      - a23aa048-827b-4c43-abc7-3645fdba5c54
    status:
      code: 200
      message: OK
- request:
    body: null
    headers:
      Accept:
      - application/json
      Accept-Encoding:
      - gzip, deflate
      CommandName:
      - network vnet subnet update
      Connection:
      - keep-alive
      ParameterSetName:
      - -g --vnet-name -n --delegations
      User-Agent:
      - AZURECLI/2.42.0 (PIP) (AAZ) azsdk-python-core/1.24.0 Python/3.8.10 (Windows-10-10.0.19045-SP0)
    method: GET
    uri: https://management.azure.com/subscriptions/00000000-0000-0000-0000-000000000000/resourceGroups/cli_subnet_delegation000001/providers/Microsoft.Network/virtualNetworks/vnet1/subnets/subnet1?api-version=2022-01-01
  response:
    body:
      string: "{\r\n  \"name\": \"subnet1\",\r\n  \"id\": \"/subscriptions/00000000-0000-0000-0000-000000000000/resourceGroups/cli_subnet_delegation000001/providers/Microsoft.Network/virtualNetworks/vnet1/subnets/subnet1\",\r\n
        \ \"etag\": \"W/\\\"d6732d5e-11cf-4a60-8244-0ca1dd3b8ecd\\\"\",\r\n  \"properties\":
        {\r\n    \"provisioningState\": \"Succeeded\",\r\n    \"addressPrefix\": \"10.0.0.0/24\",\r\n
        \   \"delegations\": [\r\n      {\r\n        \"name\": \"0\",\r\n        \"id\":
        \"/subscriptions/00000000-0000-0000-0000-000000000000/resourceGroups/cli_subnet_delegation000001/providers/Microsoft.Network/virtualNetworks/vnet1/subnets/subnet1/delegations/0\",\r\n
        \       \"etag\": \"W/\\\"d6732d5e-11cf-4a60-8244-0ca1dd3b8ecd\\\"\",\r\n
        \       \"properties\": {\r\n          \"provisioningState\": \"Succeeded\",\r\n
        \         \"serviceName\": \"Microsoft.Web/serverFarms\",\r\n          \"actions\":
        [\r\n            \"Microsoft.Network/virtualNetworks/subnets/action\"\r\n
        \         ]\r\n        },\r\n        \"type\": \"Microsoft.Network/virtualNetworks/subnets/delegations\"\r\n
        \     }\r\n    ],\r\n    \"privateEndpointNetworkPolicies\": \"Disabled\",\r\n
        \   \"privateLinkServiceNetworkPolicies\": \"Enabled\"\r\n  },\r\n  \"type\":
        \"Microsoft.Network/virtualNetworks/subnets\"\r\n}"
    headers:
      cache-control:
      - no-cache
      content-length:
      - '1152'
      content-type:
      - application/json; charset=utf-8
      date:
      - Thu, 17 Nov 2022 14:46:19 GMT
      etag:
      - W/"d6732d5e-11cf-4a60-8244-0ca1dd3b8ecd"
      expires:
      - '-1'
      pragma:
      - no-cache
      server:
      - Microsoft-HTTPAPI/2.0
      - Microsoft-HTTPAPI/2.0
      strict-transport-security:
      - max-age=31536000; includeSubDomains
      transfer-encoding:
      - chunked
      vary:
      - Accept-Encoding
      x-content-type-options:
      - nosniff
      x-ms-arm-service-request-id:
      - b598a145-ac33-4f86-be16-dcff226d2845
    status:
      code: 200
      message: OK
- request:
    body: '{"id": "/subscriptions/00000000-0000-0000-0000-000000000000/resourceGroups/cli_subnet_delegation000001/providers/Microsoft.Network/virtualNetworks/vnet1/subnets/subnet1",
      "name": "subnet1", "properties": {"addressPrefix": "10.0.0.0/24", "delegations":
      [{"name": "0", "properties": {"serviceName": "Microsoft.Sql/managedInstances"}}],
      "privateEndpointNetworkPolicies": "Disabled", "privateLinkServiceNetworkPolicies":
      "Enabled"}, "type": "Microsoft.Network/virtualNetworks/subnets"}'
    headers:
      Accept:
      - application/json
      Accept-Encoding:
      - gzip, deflate
      CommandName:
      - network vnet subnet update
      Connection:
      - keep-alive
      Content-Length:
      - '481'
      Content-Type:
      - application/json
      ParameterSetName:
      - -g --vnet-name -n --delegations
      User-Agent:
      - AZURECLI/2.42.0 (PIP) (AAZ) azsdk-python-core/1.24.0 Python/3.8.10 (Windows-10-10.0.19045-SP0)
    method: PUT
    uri: https://management.azure.com/subscriptions/00000000-0000-0000-0000-000000000000/resourceGroups/cli_subnet_delegation000001/providers/Microsoft.Network/virtualNetworks/vnet1/subnets/subnet1?api-version=2022-01-01
  response:
    body:
      string: "{\r\n  \"name\": \"subnet1\",\r\n  \"id\": \"/subscriptions/00000000-0000-0000-0000-000000000000/resourceGroups/cli_subnet_delegation000001/providers/Microsoft.Network/virtualNetworks/vnet1/subnets/subnet1\",\r\n
        \ \"etag\": \"W/\\\"2640727c-ea59-4c23-9472-9475cf065b1d\\\"\",\r\n  \"properties\":
        {\r\n    \"provisioningState\": \"Updating\",\r\n    \"addressPrefix\": \"10.0.0.0/24\",\r\n
        \   \"delegations\": [\r\n      {\r\n        \"name\": \"0\",\r\n        \"id\":
        \"/subscriptions/00000000-0000-0000-0000-000000000000/resourceGroups/cli_subnet_delegation000001/providers/Microsoft.Network/virtualNetworks/vnet1/subnets/subnet1/delegations/0\",\r\n
        \       \"etag\": \"W/\\\"2640727c-ea59-4c23-9472-9475cf065b1d\\\"\",\r\n
        \       \"properties\": {\r\n          \"provisioningState\": \"Succeeded\",\r\n
        \         \"serviceName\": \"Microsoft.Sql/managedInstances\",\r\n          \"actions\":
        [\r\n            \"Microsoft.Network/virtualNetworks/subnets/join/action\",\r\n
        \           \"Microsoft.Network/virtualNetworks/subnets/prepareNetworkPolicies/action\",\r\n
        \           \"Microsoft.Network/virtualNetworks/subnets/unprepareNetworkPolicies/action\"\r\n
        \         ]\r\n        },\r\n        \"type\": \"Microsoft.Network/virtualNetworks/subnets/delegations\"\r\n
        \     }\r\n    ],\r\n    \"privateEndpointNetworkPolicies\": \"Disabled\",\r\n
        \   \"privateLinkServiceNetworkPolicies\": \"Enabled\"\r\n  },\r\n  \"type\":
        \"Microsoft.Network/virtualNetworks/subnets\"\r\n}"
    headers:
      azure-asyncnotification:
      - Enabled
      azure-asyncoperation:
      - https://management.azure.com/subscriptions/00000000-0000-0000-0000-000000000000/providers/Microsoft.Network/locations/westcentralus/operations/e2b97fdf-dfc5-4420-9ae4-4e757a625e8d?api-version=2022-01-01
      cache-control:
      - no-cache
      content-length:
      - '1339'
      content-type:
      - application/json; charset=utf-8
      date:
      - Thu, 17 Nov 2022 14:46:20 GMT
      expires:
      - '-1'
      pragma:
      - no-cache
      server:
      - Microsoft-HTTPAPI/2.0
      - Microsoft-HTTPAPI/2.0
      strict-transport-security:
      - max-age=31536000; includeSubDomains
      transfer-encoding:
      - chunked
      vary:
      - Accept-Encoding
      x-content-type-options:
      - nosniff
      x-ms-arm-service-request-id:
      - cc6df523-5d1a-438c-8fba-e984ea13b08f
      x-ms-ratelimit-remaining-subscription-writes:
      - '1196'
    status:
      code: 200
      message: OK
- request:
    body: null
    headers:
      Accept:
      - '*/*'
      Accept-Encoding:
      - gzip, deflate
      CommandName:
      - network vnet subnet update
      Connection:
      - keep-alive
      ParameterSetName:
      - -g --vnet-name -n --delegations
      User-Agent:
      - AZURECLI/2.42.0 (PIP) (AAZ) azsdk-python-core/1.24.0 Python/3.8.10 (Windows-10-10.0.19045-SP0)
    method: GET
    uri: https://management.azure.com/subscriptions/00000000-0000-0000-0000-000000000000/providers/Microsoft.Network/locations/westcentralus/operations/e2b97fdf-dfc5-4420-9ae4-4e757a625e8d?api-version=2022-01-01
  response:
    body:
      string: "{\r\n  \"status\": \"Succeeded\"\r\n}"
    headers:
      cache-control:
      - no-cache
      content-length:
      - '29'
      content-type:
      - application/json; charset=utf-8
      date:
      - Thu, 17 Nov 2022 14:46:23 GMT
      expires:
      - '-1'
      pragma:
      - no-cache
      server:
      - Microsoft-HTTPAPI/2.0
      - Microsoft-HTTPAPI/2.0
      strict-transport-security:
      - max-age=31536000; includeSubDomains
      transfer-encoding:
      - chunked
      vary:
      - Accept-Encoding
      x-content-type-options:
      - nosniff
      x-ms-arm-service-request-id:
      - 20b32c28-b41a-4e02-908a-811a47080efe
    status:
      code: 200
      message: OK
- request:
    body: null
    headers:
      Accept:
      - '*/*'
      Accept-Encoding:
      - gzip, deflate
      CommandName:
      - network vnet subnet update
      Connection:
      - keep-alive
      ParameterSetName:
      - -g --vnet-name -n --delegations
      User-Agent:
      - AZURECLI/2.42.0 (PIP) (AAZ) azsdk-python-core/1.24.0 Python/3.8.10 (Windows-10-10.0.19045-SP0)
    method: GET
    uri: https://management.azure.com/subscriptions/00000000-0000-0000-0000-000000000000/resourceGroups/cli_subnet_delegation000001/providers/Microsoft.Network/virtualNetworks/vnet1/subnets/subnet1?api-version=2022-01-01
  response:
    body:
      string: "{\r\n  \"name\": \"subnet1\",\r\n  \"id\": \"/subscriptions/00000000-0000-0000-0000-000000000000/resourceGroups/cli_subnet_delegation000001/providers/Microsoft.Network/virtualNetworks/vnet1/subnets/subnet1\",\r\n
        \ \"etag\": \"W/\\\"4ab01321-8367-49da-9414-739c68eedfe7\\\"\",\r\n  \"properties\":
        {\r\n    \"provisioningState\": \"Succeeded\",\r\n    \"addressPrefix\": \"10.0.0.0/24\",\r\n
        \   \"delegations\": [\r\n      {\r\n        \"name\": \"0\",\r\n        \"id\":
        \"/subscriptions/00000000-0000-0000-0000-000000000000/resourceGroups/cli_subnet_delegation000001/providers/Microsoft.Network/virtualNetworks/vnet1/subnets/subnet1/delegations/0\",\r\n
        \       \"etag\": \"W/\\\"4ab01321-8367-49da-9414-739c68eedfe7\\\"\",\r\n
        \       \"properties\": {\r\n          \"provisioningState\": \"Succeeded\",\r\n
        \         \"serviceName\": \"Microsoft.Sql/managedInstances\",\r\n          \"actions\":
        [\r\n            \"Microsoft.Network/virtualNetworks/subnets/join/action\",\r\n
        \           \"Microsoft.Network/virtualNetworks/subnets/prepareNetworkPolicies/action\",\r\n
        \           \"Microsoft.Network/virtualNetworks/subnets/unprepareNetworkPolicies/action\"\r\n
        \         ]\r\n        },\r\n        \"type\": \"Microsoft.Network/virtualNetworks/subnets/delegations\"\r\n
        \     }\r\n    ],\r\n    \"privateEndpointNetworkPolicies\": \"Disabled\",\r\n
        \   \"privateLinkServiceNetworkPolicies\": \"Enabled\"\r\n  },\r\n  \"type\":
        \"Microsoft.Network/virtualNetworks/subnets\"\r\n}"
    headers:
      cache-control:
      - no-cache
      content-length:
      - '1340'
      content-type:
      - application/json; charset=utf-8
      date:
      - Thu, 17 Nov 2022 14:46:24 GMT
      etag:
      - W/"4ab01321-8367-49da-9414-739c68eedfe7"
      expires:
      - '-1'
      pragma:
      - no-cache
      server:
      - Microsoft-HTTPAPI/2.0
      - Microsoft-HTTPAPI/2.0
      strict-transport-security:
      - max-age=31536000; includeSubDomains
      transfer-encoding:
      - chunked
      vary:
      - Accept-Encoding
      x-content-type-options:
      - nosniff
      x-ms-arm-service-request-id:
      - 10375c9a-f3d8-471d-ac2d-62649ebc8928
    status:
      code: 200
      message: OK
version: 1
