interactions:
- request:
    body: null
    headers:
      Accept:
      - application/json
      Accept-Encoding:
      - gzip, deflate
      CommandName:
      - network public-ip prefix create
      Connection:
      - keep-alive
      ParameterSetName:
      - -g -n --length
      User-Agent:
      - AZURECLI/2.47.0 azsdk-python-azure-mgmt-resource/22.0.0 Python/3.8.1 (Windows-10-10.0.22000-SP0)
    method: GET
    uri: https://management.azure.com/subscriptions/00000000-0000-0000-0000-000000000000/resourcegroups/cli_test_network_public_ip_prefix_with_ip_address000001?api-version=2022-09-01
  response:
    body:
      string: '{"id":"/subscriptions/00000000-0000-0000-0000-000000000000/resourceGroups/cli_test_network_public_ip_prefix_with_ip_address000001","name":"cli_test_network_public_ip_prefix_with_ip_address000001","type":"Microsoft.Resources/resourceGroups","location":"eastus2","tags":{"product":"azurecli","cause":"automation","date":"2023-04-10T02:37:26Z"},"properties":{"provisioningState":"Succeeded"}}'
    headers:
      cache-control:
      - no-cache
      content-length:
      - '389'
      content-type:
      - application/json; charset=utf-8
      date:
      - Mon, 10 Apr 2023 02:37:34 GMT
      expires:
      - '-1'
      pragma:
      - no-cache
      strict-transport-security:
      - max-age=31536000; includeSubDomains
      vary:
      - Accept-Encoding
      x-content-type-options:
      - nosniff
    status:
      code: 200
      message: OK
- request:
    body: '{"location": "eastus2", "properties": {"prefixLength": 28, "publicIPAddressVersion":
      "IPv4"}, "sku": {"name": "Standard"}}'
    headers:
      Accept:
      - application/json
      Accept-Encoding:
      - gzip, deflate
      CommandName:
      - network public-ip prefix create
      Connection:
      - keep-alive
      Content-Length:
      - '122'
      Content-Type:
      - application/json
      ParameterSetName:
      - -g -n --length
      User-Agent:
      - AZURECLI/2.47.0 (AAZ) azsdk-python-core/1.24.0 Python/3.8.1 (Windows-10-10.0.22000-SP0)
    method: PUT
    uri: https://management.azure.com/subscriptions/00000000-0000-0000-0000-000000000000/resourceGroups/cli_test_network_public_ip_prefix_with_ip_address000001/providers/Microsoft.Network/publicIPPrefixes/public_ip_prefix_0?api-version=2022-09-01
  response:
    body:
      string: "{\r\n  \"name\": \"public_ip_prefix_0\",\r\n  \"id\": \"/subscriptions/00000000-0000-0000-0000-000000000000/resourceGroups/cli_test_network_public_ip_prefix_with_ip_address000001/providers/Microsoft.Network/publicIPPrefixes/public_ip_prefix_0\",\r\n
        \ \"etag\": \"W/\\\"ba8d64cd-5794-4718-a286-c112809e513c\\\"\",\r\n  \"type\":
        \"Microsoft.Network/publicIPPrefixes\",\r\n  \"location\": \"eastus2\",\r\n
        \ \"properties\": {\r\n    \"provisioningState\": \"Updating\",\r\n    \"resourceGuid\":
        \"f58a8058-0afd-456b-a04f-6edbdcc3172b\",\r\n    \"prefixLength\": 28,\r\n
        \   \"publicIPAddressVersion\": \"IPv4\",\r\n    \"ipTags\": []\r\n  },\r\n
        \ \"sku\": {\r\n    \"name\": \"Standard\",\r\n    \"tier\": \"Regional\"\r\n
        \ }\r\n}"
    headers:
      azure-asyncnotification:
      - Enabled
      azure-asyncoperation:
      - https://management.azure.com/subscriptions/00000000-0000-0000-0000-000000000000/providers/Microsoft.Network/locations/eastus2/operations/20f6d22a-de2f-484a-999f-5c96756802c3?api-version=2022-09-01
      cache-control:
      - no-cache
      content-length:
      - '640'
      content-type:
      - application/json; charset=utf-8
      date:
      - Mon, 10 Apr 2023 02:37:41 GMT
      expires:
      - '-1'
      pragma:
      - no-cache
      server:
      - Microsoft-HTTPAPI/2.0
      - Microsoft-HTTPAPI/2.0
      strict-transport-security:
      - max-age=31536000; includeSubDomains
      x-content-type-options:
      - nosniff
      x-ms-arm-service-request-id:
      - 8c470c0a-f75c-429a-bc5a-444484da96e7
      x-ms-ratelimit-remaining-subscription-writes:
      - '1199'
    status:
      code: 201
      message: Created
- request:
    body: null
    headers:
      Accept:
      - '*/*'
      Accept-Encoding:
      - gzip, deflate
      CommandName:
      - network public-ip prefix create
      Connection:
      - keep-alive
      ParameterSetName:
      - -g -n --length
      User-Agent:
      - AZURECLI/2.47.0 (AAZ) azsdk-python-core/1.24.0 Python/3.8.1 (Windows-10-10.0.22000-SP0)
    method: GET
    uri: https://management.azure.com/subscriptions/00000000-0000-0000-0000-000000000000/providers/Microsoft.Network/locations/eastus2/operations/20f6d22a-de2f-484a-999f-5c96756802c3?api-version=2022-09-01
  response:
    body:
      string: "{\r\n  \"status\": \"Succeeded\"\r\n}"
    headers:
      cache-control:
      - no-cache
      content-length:
      - '29'
      content-type:
      - application/json; charset=utf-8
      date:
      - Mon, 10 Apr 2023 02:37:44 GMT
      expires:
      - '-1'
      pragma:
      - no-cache
      server:
      - Microsoft-HTTPAPI/2.0
      - Microsoft-HTTPAPI/2.0
      strict-transport-security:
      - max-age=31536000; includeSubDomains
      transfer-encoding:
      - chunked
      vary:
      - Accept-Encoding
      x-content-type-options:
      - nosniff
      x-ms-arm-service-request-id:
      - 257b6415-26c8-4174-a29d-1fabc7a9135f
    status:
      code: 200
      message: OK
- request:
    body: null
    headers:
      Accept:
      - '*/*'
      Accept-Encoding:
      - gzip, deflate
      CommandName:
      - network public-ip prefix create
      Connection:
      - keep-alive
      ParameterSetName:
      - -g -n --length
      User-Agent:
      - AZURECLI/2.47.0 (AAZ) azsdk-python-core/1.24.0 Python/3.8.1 (Windows-10-10.0.22000-SP0)
    method: GET
    uri: https://management.azure.com/subscriptions/00000000-0000-0000-0000-000000000000/resourceGroups/cli_test_network_public_ip_prefix_with_ip_address000001/providers/Microsoft.Network/publicIPPrefixes/public_ip_prefix_0?api-version=2022-09-01
  response:
    body:
      string: "{\r\n  \"name\": \"public_ip_prefix_0\",\r\n  \"id\": \"/subscriptions/00000000-0000-0000-0000-000000000000/resourceGroups/cli_test_network_public_ip_prefix_with_ip_address000001/providers/Microsoft.Network/publicIPPrefixes/public_ip_prefix_0\",\r\n
        \ \"etag\": \"W/\\\"723f0785-d49f-4ddc-b74f-1c3950ab4bbc\\\"\",\r\n  \"type\":
        \"Microsoft.Network/publicIPPrefixes\",\r\n  \"location\": \"eastus2\",\r\n
        \ \"properties\": {\r\n    \"provisioningState\": \"Succeeded\",\r\n    \"resourceGuid\":
        \"f58a8058-0afd-456b-a04f-6edbdcc3172b\",\r\n    \"prefixLength\": 28,\r\n
        \   \"publicIPAddressVersion\": \"IPv4\",\r\n    \"ipPrefix\": \"172.177.214.208/28\",\r\n
        \   \"ipTags\": []\r\n  },\r\n  \"sku\": {\r\n    \"name\": \"Standard\",\r\n
        \   \"tier\": \"Regional\"\r\n  }\r\n}"
    headers:
      cache-control:
      - no-cache
      content-length:
      - '680'
      content-type:
      - application/json; charset=utf-8
      date:
      - Mon, 10 Apr 2023 02:37:45 GMT
      etag:
      - W/"723f0785-d49f-4ddc-b74f-1c3950ab4bbc"
      expires:
      - '-1'
      pragma:
      - no-cache
      server:
      - Microsoft-HTTPAPI/2.0
      - Microsoft-HTTPAPI/2.0
      strict-transport-security:
      - max-age=31536000; includeSubDomains
      transfer-encoding:
      - chunked
      vary:
      - Accept-Encoding
      x-content-type-options:
      - nosniff
      x-ms-arm-service-request-id:
      - f539b928-1025-43f4-85b7-898884b94f4e
    status:
      code: 200
      message: OK
- request:
    body: null
    headers:
      Accept:
      - application/json
      Accept-Encoding:
      - gzip, deflate
      CommandName:
      - network public-ip create
      Connection:
      - keep-alive
      ParameterSetName:
      - -g -n --public-ip-prefix --sku --ip-address
      User-Agent:
      - AZURECLI/2.47.0 azsdk-python-azure-mgmt-resource/22.0.0 Python/3.8.1 (Windows-10-10.0.22000-SP0)
    method: GET
    uri: https://management.azure.com/subscriptions/00000000-0000-0000-0000-000000000000/resourcegroups/cli_test_network_public_ip_prefix_with_ip_address000001?api-version=2022-09-01
  response:
    body:
      string: '{"id":"/subscriptions/00000000-0000-0000-0000-000000000000/resourceGroups/cli_test_network_public_ip_prefix_with_ip_address000001","name":"cli_test_network_public_ip_prefix_with_ip_address000001","type":"Microsoft.Resources/resourceGroups","location":"eastus2","tags":{"product":"azurecli","cause":"automation","date":"2023-04-10T02:37:26Z"},"properties":{"provisioningState":"Succeeded"}}'
    headers:
      cache-control:
      - no-cache
      content-length:
      - '389'
      content-type:
      - application/json; charset=utf-8
      date:
      - Mon, 10 Apr 2023 02:37:47 GMT
      expires:
      - '-1'
      pragma:
      - no-cache
      strict-transport-security:
      - max-age=31536000; includeSubDomains
      vary:
      - Accept-Encoding
      x-content-type-options:
      - nosniff
    status:
      code: 200
      message: OK
- request:
    body: null
    headers:
      Accept:
      - application/json
      Accept-Encoding:
      - gzip, deflate
      CommandName:
      - network public-ip create
      Connection:
      - keep-alive
      ParameterSetName:
      - -g -n --public-ip-prefix --sku --ip-address
      User-Agent:
      - AZURECLI/2.47.0 (AAZ) azsdk-python-core/1.24.0 Python/3.8.1 (Windows-10-10.0.22000-SP0)
    method: GET
    uri: https://management.azure.com/subscriptions/00000000-0000-0000-0000-000000000000/resourceGroups/cli_test_network_public_ip_prefix_with_ip_address000001/providers/Microsoft.Network/publicIPPrefixes/public_ip_prefix_0?api-version=2022-09-01
  response:
    body:
      string: "{\r\n  \"name\": \"public_ip_prefix_0\",\r\n  \"id\": \"/subscriptions/00000000-0000-0000-0000-000000000000/resourceGroups/cli_test_network_public_ip_prefix_with_ip_address000001/providers/Microsoft.Network/publicIPPrefixes/public_ip_prefix_0\",\r\n
        \ \"etag\": \"W/\\\"723f0785-d49f-4ddc-b74f-1c3950ab4bbc\\\"\",\r\n  \"type\":
        \"Microsoft.Network/publicIPPrefixes\",\r\n  \"location\": \"eastus2\",\r\n
        \ \"properties\": {\r\n    \"provisioningState\": \"Succeeded\",\r\n    \"resourceGuid\":
        \"f58a8058-0afd-456b-a04f-6edbdcc3172b\",\r\n    \"prefixLength\": 28,\r\n
        \   \"publicIPAddressVersion\": \"IPv4\",\r\n    \"ipPrefix\": \"172.177.214.208/28\",\r\n
        \   \"ipTags\": []\r\n  },\r\n  \"sku\": {\r\n    \"name\": \"Standard\",\r\n
        \   \"tier\": \"Regional\"\r\n  }\r\n}"
    headers:
      cache-control:
      - no-cache
      content-length:
      - '680'
      content-type:
      - application/json; charset=utf-8
      date:
      - Mon, 10 Apr 2023 02:37:48 GMT
      etag:
      - W/"723f0785-d49f-4ddc-b74f-1c3950ab4bbc"
      expires:
      - '-1'
      pragma:
      - no-cache
      server:
      - Microsoft-HTTPAPI/2.0
      - Microsoft-HTTPAPI/2.0
      strict-transport-security:
      - max-age=31536000; includeSubDomains
      transfer-encoding:
      - chunked
      vary:
      - Accept-Encoding
      x-content-type-options:
      - nosniff
      x-ms-arm-service-request-id:
      - 90e69680-c84e-4729-b38b-a61048370d23
    status:
      code: 200
      message: OK
- request:
    body: '{"location": "eastus2", "properties": {"idleTimeoutInMinutes": 4, "ipAddress":
      "172.177.214.208", "publicIPAddressVersion": "IPv4", "publicIPAllocationMethod":
      "Static", "publicIPPrefix": {"id": "/subscriptions/00000000-0000-0000-0000-000000000000/resourceGroups/cli_test_network_public_ip_prefix_with_ip_address000001/providers/Microsoft.Network/publicIPPrefixes/public_ip_prefix_0"}},
      "sku": {"name": "Standard", "tier": "Regional"}}'
    headers:
      Accept:
      - application/json
      Accept-Encoding:
      - gzip, deflate
      CommandName:
      - network public-ip create
      Connection:
      - keep-alive
      Content-Length:
      - '435'
      Content-Type:
      - application/json
      ParameterSetName:
      - -g -n --public-ip-prefix --sku --ip-address
      User-Agent:
      - AZURECLI/2.47.0 (AAZ) azsdk-python-core/1.24.0 Python/3.8.1 (Windows-10-10.0.22000-SP0)
    method: PUT
    uri: https://management.azure.com/subscriptions/00000000-0000-0000-0000-000000000000/resourceGroups/cli_test_network_public_ip_prefix_with_ip_address000001/providers/Microsoft.Network/publicIPAddresses/pip1?api-version=2022-05-01
  response:
    body:
      string: "{\r\n  \"name\": \"pip1\",\r\n  \"id\": \"/subscriptions/00000000-0000-0000-0000-000000000000/resourceGroups/cli_test_network_public_ip_prefix_with_ip_address000001/providers/Microsoft.Network/publicIPAddresses/pip1\",\r\n
        \ \"etag\": \"W/\\\"1add510e-31f8-4624-a05e-f1371a01cec0\\\"\",\r\n  \"location\":
        \"eastus2\",\r\n  \"properties\": {\r\n    \"provisioningState\": \"Updating\",\r\n
        \   \"resourceGuid\": \"b467fc1c-1cc7-44dd-b25b-db39f172e882\",\r\n    \"ipAddress\":
        \"172.177.214.208\",\r\n    \"publicIPAddressVersion\": \"IPv4\",\r\n    \"publicIPAllocationMethod\":
        \"Static\",\r\n    \"idleTimeoutInMinutes\": 4,\r\n    \"ipTags\": [],\r\n
        \   \"publicIPPrefix\": {\r\n      \"id\": \"/subscriptions/00000000-0000-0000-0000-000000000000/resourceGroups/cli_test_network_public_ip_prefix_with_ip_address000001/providers/Microsoft.Network/publicIPPrefixes/public_ip_prefix_0\"\r\n
        \   },\r\n    \"ddosSettings\": {\r\n      \"protectionMode\": \"VirtualNetworkInherited\"\r\n
        \   }\r\n  },\r\n  \"type\": \"Microsoft.Network/publicIPAddresses\",\r\n
        \ \"sku\": {\r\n    \"name\": \"Standard\",\r\n    \"tier\": \"Regional\"\r\n
        \ }\r\n}"
    headers:
      azure-asyncnotification:
      - Enabled
      azure-asyncoperation:
      - https://management.azure.com/subscriptions/00000000-0000-0000-0000-000000000000/providers/Microsoft.Network/locations/eastus2/operations/3d2ac4ff-823c-4596-928e-ef19be27cd61?api-version=2022-05-01
      cache-control:
      - no-cache
      content-length:
      - '1018'
      content-type:
      - application/json; charset=utf-8
      date:
      - Mon, 10 Apr 2023 02:37:54 GMT
      expires:
      - '-1'
      pragma:
      - no-cache
      server:
      - Microsoft-HTTPAPI/2.0
      - Microsoft-HTTPAPI/2.0
      strict-transport-security:
      - max-age=31536000; includeSubDomains
      x-content-type-options:
      - nosniff
      x-ms-arm-service-request-id:
      - 5cc749d1-ef79-40a3-9800-9aef4a9197dd
      x-ms-ratelimit-remaining-subscription-writes:
      - '1199'
    status:
      code: 201
      message: Created
- request:
    body: null
    headers:
      Accept:
      - '*/*'
      Accept-Encoding:
      - gzip, deflate
      CommandName:
      - network public-ip create
      Connection:
      - keep-alive
      ParameterSetName:
      - -g -n --public-ip-prefix --sku --ip-address
      User-Agent:
      - AZURECLI/2.47.0 (AAZ) azsdk-python-core/1.24.0 Python/3.8.1 (Windows-10-10.0.22000-SP0)
    method: GET
    uri: https://management.azure.com/subscriptions/00000000-0000-0000-0000-000000000000/providers/Microsoft.Network/locations/eastus2/operations/3d2ac4ff-823c-4596-928e-ef19be27cd61?api-version=2022-05-01
  response:
    body:
      string: "{\r\n  \"status\": \"Succeeded\"\r\n}"
    headers:
      cache-control:
      - no-cache
      content-length:
      - '29'
      content-type:
      - application/json; charset=utf-8
      date:
      - Mon, 10 Apr 2023 02:37:55 GMT
      expires:
      - '-1'
      pragma:
      - no-cache
      server:
      - Microsoft-HTTPAPI/2.0
      - Microsoft-HTTPAPI/2.0
      strict-transport-security:
      - max-age=31536000; includeSubDomains
      transfer-encoding:
      - chunked
      vary:
      - Accept-Encoding
      x-content-type-options:
      - nosniff
      x-ms-arm-service-request-id:
      - a5eb483f-fb9d-46b0-8a4e-1616c9ee20b0
    status:
      code: 200
      message: OK
- request:
    body: null
    headers:
      Accept:
      - '*/*'
      Accept-Encoding:
      - gzip, deflate
      CommandName:
      - network public-ip create
      Connection:
      - keep-alive
      ParameterSetName:
      - -g -n --public-ip-prefix --sku --ip-address
      User-Agent:
      - AZURECLI/2.47.0 (AAZ) azsdk-python-core/1.24.0 Python/3.8.1 (Windows-10-10.0.22000-SP0)
    method: GET
    uri: https://management.azure.com/subscriptions/00000000-0000-0000-0000-000000000000/resourceGroups/cli_test_network_public_ip_prefix_with_ip_address000001/providers/Microsoft.Network/publicIPAddresses/pip1?api-version=2022-05-01
  response:
    body:
      string: "{\r\n  \"name\": \"pip1\",\r\n  \"id\": \"/subscriptions/00000000-0000-0000-0000-000000000000/resourceGroups/cli_test_network_public_ip_prefix_with_ip_address000001/providers/Microsoft.Network/publicIPAddresses/pip1\",\r\n
        \ \"etag\": \"W/\\\"16ca1d55-e867-4651-9e6d-d7cdde067c06\\\"\",\r\n  \"location\":
        \"eastus2\",\r\n  \"properties\": {\r\n    \"provisioningState\": \"Succeeded\",\r\n
        \   \"resourceGuid\": \"b467fc1c-1cc7-44dd-b25b-db39f172e882\",\r\n    \"ipAddress\":
        \"172.177.214.208\",\r\n    \"publicIPAddressVersion\": \"IPv4\",\r\n    \"publicIPAllocationMethod\":
        \"Static\",\r\n    \"idleTimeoutInMinutes\": 4,\r\n    \"ipTags\": [],\r\n
        \   \"publicIPPrefix\": {\r\n      \"id\": \"/subscriptions/00000000-0000-0000-0000-000000000000/resourceGroups/cli_test_network_public_ip_prefix_with_ip_address000001/providers/Microsoft.Network/publicIPPrefixes/public_ip_prefix_0\"\r\n
        \   },\r\n    \"ddosSettings\": {\r\n      \"protectionMode\": \"VirtualNetworkInherited\"\r\n
        \   }\r\n  },\r\n  \"type\": \"Microsoft.Network/publicIPAddresses\",\r\n
        \ \"sku\": {\r\n    \"name\": \"Standard\",\r\n    \"tier\": \"Regional\"\r\n
        \ }\r\n}"
    headers:
      cache-control:
      - no-cache
      content-length:
      - '1019'
      content-type:
      - application/json; charset=utf-8
      date:
      - Mon, 10 Apr 2023 02:37:56 GMT
      etag:
      - W/"16ca1d55-e867-4651-9e6d-d7cdde067c06"
      expires:
      - '-1'
      pragma:
      - no-cache
      server:
      - Microsoft-HTTPAPI/2.0
      - Microsoft-HTTPAPI/2.0
      strict-transport-security:
      - max-age=31536000; includeSubDomains
      transfer-encoding:
      - chunked
      vary:
      - Accept-Encoding
      x-content-type-options:
      - nosniff
      x-ms-arm-service-request-id:
      - 6277841d-f91b-4836-9784-1231ea2e46ed
    status:
      code: 200
      message: OK
version: 1
