interactions:
- request:
    body: null
    headers:
      Accept:
      - application/json
      Accept-Encoding:
      - gzip, deflate
      CommandName:
      - network lb create
      Connection:
      - keep-alive
      ParameterSetName:
      - -g -n --sku --vnet-name --subnet
      User-Agent:
      - AZURECLI/2.23.0 azsdk-python-azure-mgmt-resource/16.1.0 Python/3.7.3 (Windows-10-10.0.19041-SP0)
    method: GET
    uri: https://management.azure.com/subscriptions/00000000-0000-0000-0000-000000000000/resourcegroups/test_network_lb_tunnel_interface000001?api-version=2020-10-01
  response:
    body:
      string: '{"id":"/subscriptions/00000000-0000-0000-0000-000000000000/resourceGroups/test_network_lb_tunnel_interface000001","name":"test_network_lb_tunnel_interface000001","type":"Microsoft.Resources/resourceGroups","location":"eastus","tags":{"product":"azurecli","cause":"automation","date":"2021-05-19T07:03:38Z"},"properties":{"provisioningState":"Succeeded"}}'
    headers:
      cache-control:
      - no-cache
      content-length:
      - '428'
      content-type:
      - application/json; charset=utf-8
      date:
      - Wed, 19 May 2021 07:03:41 GMT
      expires:
      - '-1'
      pragma:
      - no-cache
      strict-transport-security:
      - max-age=31536000; includeSubDomains
      vary:
      - Accept-Encoding
      x-content-type-options:
      - nosniff
    status:
      code: 200
      message: OK
- request:
    body: null
    headers:
      Accept:
      - application/json
      Accept-Encoding:
      - gzip, deflate
      CommandName:
      - network lb create
      Connection:
      - keep-alive
      ParameterSetName:
      - -g -n --sku --vnet-name --subnet
      User-Agent:
      - AZURECLI/2.23.0 azsdk-python-azure-mgmt-resource/16.1.0 Python/3.7.3 (Windows-10-10.0.19041-SP0)
    method: GET
    uri: https://management.azure.com/subscriptions/00000000-0000-0000-0000-000000000000/resources?$filter=resourceGroup%20eq%20%27test_network_lb_tunnel_interface000001%27%20and%20name%20eq%20%27vnet%27%20and%20resourceType%20eq%20%27Microsoft.Network%2FvirtualNetworks%27&api-version=2020-10-01
  response:
    body:
      string: '{"value":[]}'
    headers:
      cache-control:
      - no-cache
      content-length:
      - '12'
      content-type:
      - application/json; charset=utf-8
      date:
      - Wed, 19 May 2021 07:03:41 GMT
      expires:
      - '-1'
      pragma:
      - no-cache
      strict-transport-security:
      - max-age=31536000; includeSubDomains
      vary:
      - Accept-Encoding
      x-content-type-options:
      - nosniff
    status:
      code: 200
      message: OK
- request:
    body: '{"properties": {"template": {"$schema": "https://schema.management.azure.com/schemas/2015-01-01/deploymentTemplate.json#",
      "contentVersion": "1.0.0.0", "parameters": {}, "variables": {}, "resources":
      [{"name": "vnet", "type": "Microsoft.Network/virtualNetworks", "location": "eastus",
      "apiVersion": "2015-06-15", "dependsOn": [], "tags": {}, "properties": {"addressSpace":
      {"addressPrefixes": ["10.0.0.0/16"]}, "subnets": [{"name": "subnet", "properties":
      {"addressPrefix": "10.0.0.0/24"}}]}}, {"type": "Microsoft.Network/loadBalancers",
      "name": "lb", "location": "eastus", "tags": {}, "apiVersion": "2021-02-01",
      "dependsOn": ["Microsoft.Network/virtualNetworks/vnet"], "properties": {"backendAddressPools":
      [{"name": "lbbepool", "properties": {"tunnelInterfaces": [{"protocol": "VXLAN",
      "type": "Internal", "identifier": 900}]}}], "frontendIPConfigurations": [{"name":
      "LoadBalancerFrontEnd", "properties": {"privateIPAllocationMethod": "Dynamic",
      "privateIPAddress": null, "subnet": {"id": "/subscriptions/00000000-0000-0000-0000-000000000000/resourceGroups/test_network_lb_tunnel_interface000001/providers/Microsoft.Network/virtualNetworks/vnet/subnets/subnet"},
      "privateIPAddressVersion": "IPv4"}}]}, "sku": {"name": "Gateway"}}], "outputs":
      {"loadBalancer": {"type": "object", "value": "[reference(''lb'')]"}}}, "parameters":
      {}, "mode": "incremental"}}'
    headers:
      Accept:
      - application/json
      Accept-Encoding:
      - gzip, deflate
      CommandName:
      - network lb create
      Connection:
      - keep-alive
      Content-Length:
      - '1394'
      Content-Type:
      - application/json
      ParameterSetName:
      - -g -n --sku --vnet-name --subnet
      User-Agent:
      - AZURECLI/2.23.0 azsdk-python-azure-mgmt-resource/16.1.0 Python/3.7.3 (Windows-10-10.0.19041-SP0)
    method: PUT
    uri: https://management.azure.com/subscriptions/00000000-0000-0000-0000-000000000000/resourcegroups/test_network_lb_tunnel_interface000001/providers/Microsoft.Resources/deployments/mock-deployment?api-version=2020-10-01
  response:
    body:
      string: '{"id":"/subscriptions/00000000-0000-0000-0000-000000000000/resourceGroups/test_network_lb_tunnel_interface000001/providers/Microsoft.Resources/deployments/lb_deploy_xmChPwCNdAx2oJ2oreJYKein8QkrGZHV","name":"lb_deploy_xmChPwCNdAx2oJ2oreJYKein8QkrGZHV","type":"Microsoft.Resources/deployments","properties":{"templateHash":"6981164333243049986","parameters":{},"mode":"Incremental","provisioningState":"Accepted","timestamp":"2021-05-19T07:03:48.3602811Z","duration":"PT2.6934092S","correlationId":"1c379160-5555-4c3a-b24b-a8edae097ef8","providers":[{"namespace":"Microsoft.Network","resourceTypes":[{"resourceType":"virtualNetworks","locations":["eastus"]},{"resourceType":"loadBalancers","locations":["eastus"]}]}],"dependencies":[{"dependsOn":[{"id":"/subscriptions/00000000-0000-0000-0000-000000000000/resourceGroups/test_network_lb_tunnel_interface000001/providers/Microsoft.Network/virtualNetworks/vnet","resourceType":"Microsoft.Network/virtualNetworks","resourceName":"vnet"}],"id":"/subscriptions/00000000-0000-0000-0000-000000000000/resourceGroups/test_network_lb_tunnel_interface000001/providers/Microsoft.Network/loadBalancers/lb","resourceType":"Microsoft.Network/loadBalancers","resourceName":"lb"}]}}'
    headers:
      azure-asyncoperation:
      - https://management.azure.com/subscriptions/00000000-0000-0000-0000-000000000000/resourcegroups/test_network_lb_tunnel_interface000001/providers/Microsoft.Resources/deployments/lb_deploy_xmChPwCNdAx2oJ2oreJYKein8QkrGZHV/operationStatuses/08585801990598107515?api-version=2020-10-01
      cache-control:
      - no-cache
      content-length:
      - '1324'
      content-type:
      - application/json; charset=utf-8
      date:
      - Wed, 19 May 2021 07:03:49 GMT
      expires:
      - '-1'
      pragma:
      - no-cache
      strict-transport-security:
      - max-age=31536000; includeSubDomains
      x-content-type-options:
      - nosniff
      x-ms-ratelimit-remaining-subscription-writes:
      - '1199'
    status:
      code: 201
      message: Created
- request:
    body: null
    headers:
      Accept:
      - '*/*'
      Accept-Encoding:
      - gzip, deflate
      CommandName:
      - network lb create
      Connection:
      - keep-alive
      ParameterSetName:
      - -g -n --sku --vnet-name --subnet
      User-Agent:
      - AZURECLI/2.23.0 azsdk-python-azure-mgmt-resource/16.1.0 Python/3.7.3 (Windows-10-10.0.19041-SP0)
    method: GET
    uri: https://management.azure.com/subscriptions/00000000-0000-0000-0000-000000000000/resourcegroups/test_network_lb_tunnel_interface000001/providers/Microsoft.Resources/deployments/mock-deployment/operationStatuses/08585801990598107515?api-version=2020-10-01
  response:
    body:
      string: '{"status":"Succeeded"}'
    headers:
      cache-control:
      - no-cache
      content-length:
      - '22'
      content-type:
      - application/json; charset=utf-8
      date:
      - Wed, 19 May 2021 07:04:19 GMT
      expires:
      - '-1'
      pragma:
      - no-cache
      strict-transport-security:
      - max-age=31536000; includeSubDomains
      vary:
      - Accept-Encoding
      x-content-type-options:
      - nosniff
    status:
      code: 200
      message: OK
- request:
    body: null
    headers:
      Accept:
      - '*/*'
      Accept-Encoding:
      - gzip, deflate
      CommandName:
      - network lb create
      Connection:
      - keep-alive
      ParameterSetName:
      - -g -n --sku --vnet-name --subnet
      User-Agent:
      - AZURECLI/2.23.0 azsdk-python-azure-mgmt-resource/16.1.0 Python/3.7.3 (Windows-10-10.0.19041-SP0)
    method: GET
    uri: https://management.azure.com/subscriptions/00000000-0000-0000-0000-000000000000/resourcegroups/test_network_lb_tunnel_interface000001/providers/Microsoft.Resources/deployments/mock-deployment?api-version=2020-10-01
  response:
    body:
      string: '{"id":"/subscriptions/00000000-0000-0000-0000-000000000000/resourceGroups/test_network_lb_tunnel_interface000001/providers/Microsoft.Resources/deployments/lb_deploy_xmChPwCNdAx2oJ2oreJYKein8QkrGZHV","name":"lb_deploy_xmChPwCNdAx2oJ2oreJYKein8QkrGZHV","type":"Microsoft.Resources/deployments","properties":{"templateHash":"6981164333243049986","parameters":{},"mode":"Incremental","provisioningState":"Succeeded","timestamp":"2021-05-19T07:04:14.0295936Z","duration":"PT28.3627217S","correlationId":"1c379160-5555-4c3a-b24b-a8edae097ef8","providers":[{"namespace":"Microsoft.Network","resourceTypes":[{"resourceType":"virtualNetworks","locations":["eastus"]},{"resourceType":"loadBalancers","locations":["eastus"]}]}],"dependencies":[{"dependsOn":[{"id":"/subscriptions/00000000-0000-0000-0000-000000000000/resourceGroups/test_network_lb_tunnel_interface000001/providers/Microsoft.Network/virtualNetworks/vnet","resourceType":"Microsoft.Network/virtualNetworks","resourceName":"vnet"}],"id":"/subscriptions/00000000-0000-0000-0000-000000000000/resourceGroups/test_network_lb_tunnel_interface000001/providers/Microsoft.Network/loadBalancers/lb","resourceType":"Microsoft.Network/loadBalancers","resourceName":"lb"}],"outputs":{"loadBalancer":{"type":"Object","value":{"provisioningState":"Succeeded","resourceGuid":"8b79ad22-030e-4684-9c08-5f55e48df59e","frontendIPConfigurations":[{"name":"LoadBalancerFrontEnd","id":"/subscriptions/00000000-0000-0000-0000-000000000000/resourceGroups/test_network_lb_tunnel_interface000001/providers/Microsoft.Network/loadBalancers/lb/frontendIPConfigurations/LoadBalancerFrontEnd","etag":"W/\"da17393a-3b4b-48e5-a247-10ae025ae8b4\"","type":"Microsoft.Network/loadBalancers/frontendIPConfigurations","properties":{"provisioningState":"Succeeded","privateIPAddress":"10.0.0.4","privateIPAllocationMethod":"Dynamic","subnet":{"id":"/subscriptions/00000000-0000-0000-0000-000000000000/resourceGroups/test_network_lb_tunnel_interface000001/providers/Microsoft.Network/virtualNetworks/vnet/subnets/subnet"},"privateIPAddressVersion":"IPv4"}}],"backendAddressPools":[{"name":"lbbepool","id":"/subscriptions/00000000-0000-0000-0000-000000000000/resourceGroups/test_network_lb_tunnel_interface000001/providers/Microsoft.Network/loadBalancers/lb/backendAddressPools/lbbepool","etag":"W/\"da17393a-3b4b-48e5-a247-10ae025ae8b4\"","properties":{"provisioningState":"Succeeded","tunnelInterfaces":[{"port":0,"identifier":900,"protocol":"VXLAN","type":"Internal"}]},"type":"Microsoft.Network/loadBalancers/backendAddressPools"}],"loadBalancingRules":[],"probes":[],"inboundNatRules":[],"outboundRules":[],"inboundNatPools":[]}}},"outputResources":[{"id":"/subscriptions/00000000-0000-0000-0000-000000000000/resourceGroups/test_network_lb_tunnel_interface000001/providers/Microsoft.Network/loadBalancers/lb"},{"id":"/subscriptions/00000000-0000-0000-0000-000000000000/resourceGroups/test_network_lb_tunnel_interface000001/providers/Microsoft.Network/virtualNetworks/vnet"}]}}'
    headers:
      cache-control:
      - no-cache
      content-length:
      - '3289'
      content-type:
      - application/json; charset=utf-8
      date:
      - Wed, 19 May 2021 07:04:20 GMT
      expires:
      - '-1'
      pragma:
      - no-cache
      strict-transport-security:
      - max-age=31536000; includeSubDomains
      vary:
      - Accept-Encoding
      x-content-type-options:
      - nosniff
    status:
      code: 200
      message: OK
- request:
    body: null
    headers:
      Accept:
      - application/json
      Accept-Encoding:
      - gzip, deflate
      CommandName:
      - network lb address-pool create
      Connection:
      - keep-alive
      ParameterSetName:
      - -g --lb-name -n --vnet
      User-Agent:
      - AZURECLI/2.23.0 azsdk-python-azure-mgmt-network/19.0.0 Python/3.7.3 (Windows-10-10.0.19041-SP0)
    method: GET
    uri: https://management.azure.com/subscriptions/00000000-0000-0000-0000-000000000000/resourceGroups/test_network_lb_tunnel_interface000001/providers/Microsoft.Network/loadBalancers/lb?api-version=2021-02-01
  response:
    body:
      string: "{\r\n  \"name\": \"lb\",\r\n  \"id\": \"/subscriptions/00000000-0000-0000-0000-000000000000/resourceGroups/test_network_lb_tunnel_interface000001/providers/Microsoft.Network/loadBalancers/lb\",\r\n
        \ \"etag\": \"W/\\\"da17393a-3b4b-48e5-a247-10ae025ae8b4\\\"\",\r\n  \"type\":
        \"Microsoft.Network/loadBalancers\",\r\n  \"location\": \"eastus\",\r\n  \"tags\":
        {},\r\n  \"properties\": {\r\n    \"provisioningState\": \"Succeeded\",\r\n
        \   \"resourceGuid\": \"8b79ad22-030e-4684-9c08-5f55e48df59e\",\r\n    \"frontendIPConfigurations\":
        [\r\n      {\r\n        \"name\": \"LoadBalancerFrontEnd\",\r\n        \"id\":
        \"/subscriptions/00000000-0000-0000-0000-000000000000/resourceGroups/test_network_lb_tunnel_interface000001/providers/Microsoft.Network/loadBalancers/lb/frontendIPConfigurations/LoadBalancerFrontEnd\",\r\n
        \       \"etag\": \"W/\\\"da17393a-3b4b-48e5-a247-10ae025ae8b4\\\"\",\r\n
        \       \"type\": \"Microsoft.Network/loadBalancers/frontendIPConfigurations\",\r\n
        \       \"properties\": {\r\n          \"provisioningState\": \"Succeeded\",\r\n
        \         \"privateIPAddress\": \"10.0.0.4\",\r\n          \"privateIPAllocationMethod\":
        \"Dynamic\",\r\n          \"subnet\": {\r\n            \"id\": \"/subscriptions/00000000-0000-0000-0000-000000000000/resourceGroups/test_network_lb_tunnel_interface000001/providers/Microsoft.Network/virtualNetworks/vnet/subnets/subnet\"\r\n
        \         },\r\n          \"privateIPAddressVersion\": \"IPv4\"\r\n        }\r\n
        \     }\r\n    ],\r\n    \"backendAddressPools\": [\r\n      {\r\n        \"name\":
        \"lbbepool\",\r\n        \"id\": \"/subscriptions/00000000-0000-0000-0000-000000000000/resourceGroups/test_network_lb_tunnel_interface000001/providers/Microsoft.Network/loadBalancers/lb/backendAddressPools/lbbepool\",\r\n
        \       \"etag\": \"W/\\\"da17393a-3b4b-48e5-a247-10ae025ae8b4\\\"\",\r\n
        \       \"properties\": {\r\n          \"provisioningState\": \"Succeeded\",\r\n
        \         \"tunnelInterfaces\": [\r\n            {\r\n              \"port\":
        0,\r\n              \"identifier\": 900,\r\n              \"protocol\": \"VXLAN\",\r\n
        \             \"type\": \"Internal\"\r\n            }\r\n          ]\r\n        },\r\n
        \       \"type\": \"Microsoft.Network/loadBalancers/backendAddressPools\"\r\n
        \     }\r\n    ],\r\n    \"loadBalancingRules\": [],\r\n    \"probes\": [],\r\n
        \   \"inboundNatRules\": [],\r\n    \"outboundRules\": [],\r\n    \"inboundNatPools\":
        []\r\n  },\r\n  \"sku\": {\r\n    \"name\": \"Gateway\",\r\n    \"tier\":
        \"Regional\"\r\n  }\r\n}"
    headers:
      cache-control:
      - no-cache
      content-length:
      - '2406'
      content-type:
      - application/json; charset=utf-8
      date:
      - Wed, 19 May 2021 07:04:20 GMT
      etag:
      - W/"da17393a-3b4b-48e5-a247-10ae025ae8b4"
      expires:
      - '-1'
      pragma:
      - no-cache
      server:
      - Microsoft-HTTPAPI/2.0
      - Microsoft-HTTPAPI/2.0
      strict-transport-security:
      - max-age=31536000; includeSubDomains
      transfer-encoding:
      - chunked
      vary:
      - Accept-Encoding
      x-content-type-options:
      - nosniff
      x-ms-arm-service-request-id:
      - 059da288-d468-43ed-8e4f-13173a83743b
    status:
      code: 200
      message: OK
- request:
    body: '{"name": "backend-address-pool-name", "properties": {"tunnelInterfaces":
      [{"identifier": 900, "protocol": "VXLAN", "type": "Internal"}]}}'
    headers:
      Accept:
      - application/json
      Accept-Encoding:
      - gzip, deflate
      CommandName:
      - network lb address-pool create
      Connection:
      - keep-alive
      Content-Length:
      - '137'
      Content-Type:
      - application/json
      ParameterSetName:
      - -g --lb-name -n --vnet
      User-Agent:
      - AZURECLI/2.23.0 azsdk-python-azure-mgmt-network/19.0.0 Python/3.7.3 (Windows-10-10.0.19041-SP0)
    method: PUT
    uri: https://management.azure.com/subscriptions/00000000-0000-0000-0000-000000000000/resourceGroups/test_network_lb_tunnel_interface000001/providers/Microsoft.Network/loadBalancers/lb/backendAddressPools/backend-address-pool-name?api-version=2021-02-01
  response:
    body:
      string: "{\r\n  \"name\": \"backend-address-pool-name\",\r\n  \"id\": \"/subscriptions/00000000-0000-0000-0000-000000000000/resourceGroups/test_network_lb_tunnel_interface000001/providers/Microsoft.Network/loadBalancers/lb/backendAddressPools/backend-address-pool-name\",\r\n
        \ \"etag\": \"W/\\\"cc2b354f-7b93-4e07-a9d5-b05d4d2db676\\\"\",\r\n  \"properties\":
        {\r\n    \"provisioningState\": \"Updating\",\r\n    \"tunnelInterfaces\":
        [\r\n      {\r\n        \"port\": 0,\r\n        \"identifier\": 900,\r\n        \"protocol\":
        \"VXLAN\",\r\n        \"type\": \"Internal\"\r\n      }\r\n    ]\r\n  },\r\n
        \ \"type\": \"Microsoft.Network/loadBalancers/backendAddressPools\"\r\n}"
    headers:
      azure-asyncoperation:
      - https://management.azure.com/subscriptions/00000000-0000-0000-0000-000000000000/providers/Microsoft.Network/locations/eastus/operations/4eca8ab0-6303-4dfa-b18a-648e911f206f?api-version=2021-02-01
      cache-control:
      - no-cache
      content-length:
      - '633'
      content-type:
      - application/json; charset=utf-8
      date:
      - Wed, 19 May 2021 07:04:21 GMT
      expires:
      - '-1'
      pragma:
      - no-cache
      server:
      - Microsoft-HTTPAPI/2.0
      - Microsoft-HTTPAPI/2.0
      strict-transport-security:
      - max-age=31536000; includeSubDomains
      x-content-type-options:
      - nosniff
      x-ms-arm-service-request-id:
      - 58b14e81-af8e-4d9e-85d7-76acfa871ec1
      x-ms-ratelimit-remaining-subscription-writes:
      - '1197'
    status:
      code: 201
      message: Created
- request:
    body: null
    headers:
      Accept:
      - '*/*'
      Accept-Encoding:
      - gzip, deflate
      CommandName:
      - network lb address-pool create
      Connection:
      - keep-alive
      ParameterSetName:
      - -g --lb-name -n --vnet
      User-Agent:
      - AZURECLI/2.23.0 azsdk-python-azure-mgmt-network/19.0.0 Python/3.7.3 (Windows-10-10.0.19041-SP0)
    method: GET
    uri: https://management.azure.com/subscriptions/00000000-0000-0000-0000-000000000000/providers/Microsoft.Network/locations/eastus/operations/4eca8ab0-6303-4dfa-b18a-648e911f206f?api-version=2021-02-01
  response:
    body:
      string: "{\r\n  \"status\": \"Succeeded\"\r\n}"
    headers:
      cache-control:
      - no-cache
      content-length:
      - '29'
      content-type:
      - application/json; charset=utf-8
      date:
      - Wed, 19 May 2021 07:04:32 GMT
      expires:
      - '-1'
      pragma:
      - no-cache
      server:
      - Microsoft-HTTPAPI/2.0
      - Microsoft-HTTPAPI/2.0
      strict-transport-security:
      - max-age=31536000; includeSubDomains
      transfer-encoding:
      - chunked
      vary:
      - Accept-Encoding
      x-content-type-options:
      - nosniff
      x-ms-arm-service-request-id:
      - a215c589-8f48-41dd-81d9-6783b3cf7c46
    status:
      code: 200
      message: OK
- request:
    body: null
    headers:
      Accept:
      - '*/*'
      Accept-Encoding:
      - gzip, deflate
      CommandName:
      - network lb address-pool create
      Connection:
      - keep-alive
      ParameterSetName:
      - -g --lb-name -n --vnet
      User-Agent:
      - AZURECLI/2.23.0 azsdk-python-azure-mgmt-network/19.0.0 Python/3.7.3 (Windows-10-10.0.19041-SP0)
    method: GET
    uri: https://management.azure.com/subscriptions/00000000-0000-0000-0000-000000000000/resourceGroups/test_network_lb_tunnel_interface000001/providers/Microsoft.Network/loadBalancers/lb/backendAddressPools/backend-address-pool-name?api-version=2021-02-01
  response:
    body:
      string: "{\r\n  \"name\": \"backend-address-pool-name\",\r\n  \"id\": \"/subscriptions/00000000-0000-0000-0000-000000000000/resourceGroups/test_network_lb_tunnel_interface000001/providers/Microsoft.Network/loadBalancers/lb/backendAddressPools/backend-address-pool-name\",\r\n
        \ \"etag\": \"W/\\\"0aa229a1-ed44-4b34-bc60-f10d5cf3602e\\\"\",\r\n  \"properties\":
        {\r\n    \"provisioningState\": \"Succeeded\",\r\n    \"tunnelInterfaces\":
        [\r\n      {\r\n        \"port\": 0,\r\n        \"identifier\": 900,\r\n        \"protocol\":
        \"VXLAN\",\r\n        \"type\": \"Internal\"\r\n      }\r\n    ]\r\n  },\r\n
        \ \"type\": \"Microsoft.Network/loadBalancers/backendAddressPools\"\r\n}"
    headers:
      cache-control:
      - no-cache
      content-length:
      - '634'
      content-type:
      - application/json; charset=utf-8
      date:
      - Wed, 19 May 2021 07:04:33 GMT
      etag:
      - W/"0aa229a1-ed44-4b34-bc60-f10d5cf3602e"
      expires:
      - '-1'
      pragma:
      - no-cache
      server:
      - Microsoft-HTTPAPI/2.0
      - Microsoft-HTTPAPI/2.0
      strict-transport-security:
      - max-age=31536000; includeSubDomains
      transfer-encoding:
      - chunked
      vary:
      - Accept-Encoding
      x-content-type-options:
      - nosniff
      x-ms-arm-service-request-id:
      - 483b14f4-e99b-4cf0-87ff-5d089206abee
    status:
      code: 200
      message: OK
- request:
    body: null
    headers:
      Accept:
      - application/json
      Accept-Encoding:
      - gzip, deflate
      CommandName:
      - network lb address-pool tunnel-interface add
      Connection:
      - keep-alive
      ParameterSetName:
      - -g --lb-name --address-pool --type --protocol --identifier --port
      User-Agent:
      - AZURECLI/2.23.0 azsdk-python-azure-mgmt-network/19.0.0 Python/3.7.3 (Windows-10-10.0.19041-SP0)
    method: GET
    uri: https://management.azure.com/subscriptions/00000000-0000-0000-0000-000000000000/resourceGroups/test_network_lb_tunnel_interface000001/providers/Microsoft.Network/loadBalancers/lb/backendAddressPools/backend-address-pool-name?api-version=2021-02-01
  response:
    body:
      string: "{\r\n  \"name\": \"backend-address-pool-name\",\r\n  \"id\": \"/subscriptions/00000000-0000-0000-0000-000000000000/resourceGroups/test_network_lb_tunnel_interface000001/providers/Microsoft.Network/loadBalancers/lb/backendAddressPools/backend-address-pool-name\",\r\n
        \ \"etag\": \"W/\\\"0aa229a1-ed44-4b34-bc60-f10d5cf3602e\\\"\",\r\n  \"properties\":
        {\r\n    \"provisioningState\": \"Succeeded\",\r\n    \"tunnelInterfaces\":
        [\r\n      {\r\n        \"port\": 0,\r\n        \"identifier\": 900,\r\n        \"protocol\":
        \"VXLAN\",\r\n        \"type\": \"Internal\"\r\n      }\r\n    ]\r\n  },\r\n
        \ \"type\": \"Microsoft.Network/loadBalancers/backendAddressPools\"\r\n}"
    headers:
      cache-control:
      - no-cache
      content-length:
      - '634'
      content-type:
      - application/json; charset=utf-8
      date:
      - Wed, 19 May 2021 07:04:34 GMT
      etag:
      - W/"0aa229a1-ed44-4b34-bc60-f10d5cf3602e"
      expires:
      - '-1'
      pragma:
      - no-cache
      server:
      - Microsoft-HTTPAPI/2.0
      - Microsoft-HTTPAPI/2.0
      strict-transport-security:
      - max-age=31536000; includeSubDomains
      transfer-encoding:
      - chunked
      vary:
      - Accept-Encoding
      x-content-type-options:
      - nosniff
      x-ms-arm-service-request-id:
      - b492f5b1-2bde-449d-a272-31e1a471c831
    status:
      code: 200
      message: OK
- request:
    body: '{"id": "/subscriptions/00000000-0000-0000-0000-000000000000/resourceGroups/test_network_lb_tunnel_interface000001/providers/Microsoft.Network/loadBalancers/lb/backendAddressPools/backend-address-pool-name",
      "name": "backend-address-pool-name", "properties": {"tunnelInterfaces": [{"port":
      0, "identifier": 900, "protocol": "VXLAN", "type": "Internal"}, {"port": 15000,
      "identifier": 950, "protocol": "VXLAN", "type": "External"}]}}'
    headers:
      Accept:
      - application/json
      Accept-Encoding:
      - gzip, deflate
      CommandName:
      - network lb address-pool tunnel-interface add
      Connection:
      - keep-alive
      Content-Length:
      - '468'
      Content-Type:
      - application/json
      ParameterSetName:
      - -g --lb-name --address-pool --type --protocol --identifier --port
      User-Agent:
      - AZURECLI/2.23.0 azsdk-python-azure-mgmt-network/19.0.0 Python/3.7.3 (Windows-10-10.0.19041-SP0)
    method: PUT
    uri: https://management.azure.com/subscriptions/00000000-0000-0000-0000-000000000000/resourceGroups/test_network_lb_tunnel_interface000001/providers/Microsoft.Network/loadBalancers/lb/backendAddressPools/backend-address-pool-name?api-version=2021-02-01
  response:
    body:
      string: "{\r\n  \"name\": \"backend-address-pool-name\",\r\n  \"id\": \"/subscriptions/00000000-0000-0000-0000-000000000000/resourceGroups/test_network_lb_tunnel_interface000001/providers/Microsoft.Network/loadBalancers/lb/backendAddressPools/backend-address-pool-name\",\r\n
        \ \"etag\": \"W/\\\"cf767533-d959-4cfa-9b08-6b808ce630ae\\\"\",\r\n  \"properties\":
        {\r\n    \"provisioningState\": \"Updating\",\r\n    \"tunnelInterfaces\":
        [\r\n      {\r\n        \"port\": 0,\r\n        \"identifier\": 900,\r\n        \"protocol\":
        \"VXLAN\",\r\n        \"type\": \"Internal\"\r\n      },\r\n      {\r\n        \"port\":
        15000,\r\n        \"identifier\": 950,\r\n        \"protocol\": \"VXLAN\",\r\n
        \       \"type\": \"External\"\r\n      }\r\n    ]\r\n  },\r\n  \"type\":
        \"Microsoft.Network/loadBalancers/backendAddressPools\"\r\n}"
    headers:
      azure-asyncoperation:
      - https://management.azure.com/subscriptions/00000000-0000-0000-0000-000000000000/providers/Microsoft.Network/locations/eastus/operations/3573ff77-f267-42d9-9e5d-4a9a19501878?api-version=2021-02-01
      cache-control:
      - no-cache
      content-length:
      - '762'
      content-type:
      - application/json; charset=utf-8
      date:
      - Wed, 19 May 2021 07:04:34 GMT
      expires:
      - '-1'
      pragma:
      - no-cache
      server:
      - Microsoft-HTTPAPI/2.0
      - Microsoft-HTTPAPI/2.0
      strict-transport-security:
      - max-age=31536000; includeSubDomains
      transfer-encoding:
      - chunked
      vary:
      - Accept-Encoding
      x-content-type-options:
      - nosniff
      x-ms-arm-service-request-id:
      - 0e90cfac-51f5-4fa8-9331-74faf94361d0
      x-ms-ratelimit-remaining-subscription-writes:
      - '1198'
    status:
      code: 200
      message: OK
- request:
    body: null
    headers:
      Accept:
      - '*/*'
      Accept-Encoding:
      - gzip, deflate
      CommandName:
      - network lb address-pool tunnel-interface add
      Connection:
      - keep-alive
      ParameterSetName:
      - -g --lb-name --address-pool --type --protocol --identifier --port
      User-Agent:
      - AZURECLI/2.23.0 azsdk-python-azure-mgmt-network/19.0.0 Python/3.7.3 (Windows-10-10.0.19041-SP0)
    method: GET
    uri: https://management.azure.com/subscriptions/00000000-0000-0000-0000-000000000000/providers/Microsoft.Network/locations/eastus/operations/3573ff77-f267-42d9-9e5d-4a9a19501878?api-version=2021-02-01
  response:
    body:
      string: "{\r\n  \"status\": \"Succeeded\"\r\n}"
    headers:
      cache-control:
      - no-cache
      content-length:
      - '29'
      content-type:
      - application/json; charset=utf-8
      date:
      - Wed, 19 May 2021 07:04:45 GMT
      expires:
      - '-1'
      pragma:
      - no-cache
      server:
      - Microsoft-HTTPAPI/2.0
      - Microsoft-HTTPAPI/2.0
      strict-transport-security:
      - max-age=31536000; includeSubDomains
      transfer-encoding:
      - chunked
      vary:
      - Accept-Encoding
      x-content-type-options:
      - nosniff
      x-ms-arm-service-request-id:
      - 6d8de472-d6d0-4797-ba96-0572318e2d0c
    status:
      code: 200
      message: OK
- request:
    body: null
    headers:
      Accept:
      - '*/*'
      Accept-Encoding:
      - gzip, deflate
      CommandName:
      - network lb address-pool tunnel-interface add
      Connection:
      - keep-alive
      ParameterSetName:
      - -g --lb-name --address-pool --type --protocol --identifier --port
      User-Agent:
      - AZURECLI/2.23.0 azsdk-python-azure-mgmt-network/19.0.0 Python/3.7.3 (Windows-10-10.0.19041-SP0)
    method: GET
    uri: https://management.azure.com/subscriptions/00000000-0000-0000-0000-000000000000/resourceGroups/test_network_lb_tunnel_interface000001/providers/Microsoft.Network/loadBalancers/lb/backendAddressPools/backend-address-pool-name?api-version=2021-02-01
  response:
    body:
      string: "{\r\n  \"name\": \"backend-address-pool-name\",\r\n  \"id\": \"/subscriptions/00000000-0000-0000-0000-000000000000/resourceGroups/test_network_lb_tunnel_interface000001/providers/Microsoft.Network/loadBalancers/lb/backendAddressPools/backend-address-pool-name\",\r\n
        \ \"etag\": \"W/\\\"12b55ab0-f225-4776-9aa4-7400f9ccf425\\\"\",\r\n  \"properties\":
        {\r\n    \"provisioningState\": \"Succeeded\",\r\n    \"tunnelInterfaces\":
        [\r\n      {\r\n        \"port\": 0,\r\n        \"identifier\": 900,\r\n        \"protocol\":
        \"VXLAN\",\r\n        \"type\": \"Internal\"\r\n      },\r\n      {\r\n        \"port\":
        15000,\r\n        \"identifier\": 950,\r\n        \"protocol\": \"VXLAN\",\r\n
        \       \"type\": \"External\"\r\n      }\r\n    ]\r\n  },\r\n  \"type\":
        \"Microsoft.Network/loadBalancers/backendAddressPools\"\r\n}"
    headers:
      cache-control:
      - no-cache
      content-length:
      - '763'
      content-type:
      - application/json; charset=utf-8
      date:
      - Wed, 19 May 2021 07:04:45 GMT
      etag:
      - W/"12b55ab0-f225-4776-9aa4-7400f9ccf425"
      expires:
      - '-1'
      pragma:
      - no-cache
      server:
      - Microsoft-HTTPAPI/2.0
      - Microsoft-HTTPAPI/2.0
      strict-transport-security:
      - max-age=31536000; includeSubDomains
      transfer-encoding:
      - chunked
      vary:
      - Accept-Encoding
      x-content-type-options:
      - nosniff
      x-ms-arm-service-request-id:
      - 666ffee8-d109-4d44-8508-9fcfa2d467c7
    status:
      code: 200
      message: OK
- request:
    body: null
    headers:
      Accept:
      - application/json
      Accept-Encoding:
      - gzip, deflate
      CommandName:
      - network lb address-pool tunnel-interface list
      Connection:
      - keep-alive
      ParameterSetName:
      - -g --lb-name --address-pool
      User-Agent:
      - AZURECLI/2.23.0 azsdk-python-azure-mgmt-network/19.0.0 Python/3.7.3 (Windows-10-10.0.19041-SP0)
    method: GET
    uri: https://management.azure.com/subscriptions/00000000-0000-0000-0000-000000000000/resourceGroups/test_network_lb_tunnel_interface000001/providers/Microsoft.Network/loadBalancers/lb/backendAddressPools/backend-address-pool-name?api-version=2021-02-01
  response:
    body:
      string: "{\r\n  \"name\": \"backend-address-pool-name\",\r\n  \"id\": \"/subscriptions/00000000-0000-0000-0000-000000000000/resourceGroups/test_network_lb_tunnel_interface000001/providers/Microsoft.Network/loadBalancers/lb/backendAddressPools/backend-address-pool-name\",\r\n
        \ \"etag\": \"W/\\\"12b55ab0-f225-4776-9aa4-7400f9ccf425\\\"\",\r\n  \"properties\":
        {\r\n    \"provisioningState\": \"Succeeded\",\r\n    \"tunnelInterfaces\":
        [\r\n      {\r\n        \"port\": 0,\r\n        \"identifier\": 900,\r\n        \"protocol\":
        \"VXLAN\",\r\n        \"type\": \"Internal\"\r\n      },\r\n      {\r\n        \"port\":
        15000,\r\n        \"identifier\": 950,\r\n        \"protocol\": \"VXLAN\",\r\n
        \       \"type\": \"External\"\r\n      }\r\n    ]\r\n  },\r\n  \"type\":
        \"Microsoft.Network/loadBalancers/backendAddressPools\"\r\n}"
    headers:
      cache-control:
      - no-cache
      content-length:
      - '763'
      content-type:
      - application/json; charset=utf-8
      date:
      - Wed, 19 May 2021 07:04:46 GMT
      etag:
      - W/"12b55ab0-f225-4776-9aa4-7400f9ccf425"
      expires:
      - '-1'
      pragma:
      - no-cache
      server:
      - Microsoft-HTTPAPI/2.0
      - Microsoft-HTTPAPI/2.0
      strict-transport-security:
      - max-age=31536000; includeSubDomains
      transfer-encoding:
      - chunked
      vary:
      - Accept-Encoding
      x-content-type-options:
      - nosniff
      x-ms-arm-service-request-id:
      - 5b235a48-8f26-480a-a32e-8fc506b5d6d0
    status:
      code: 200
      message: OK
- request:
    body: null
    headers:
      Accept:
      - application/json
      Accept-Encoding:
      - gzip, deflate
      CommandName:
      - network lb address-pool tunnel-interface remove
      Connection:
      - keep-alive
      ParameterSetName:
      - -g --lb-name --address-pool --index
      User-Agent:
      - AZURECLI/2.23.0 azsdk-python-azure-mgmt-network/19.0.0 Python/3.7.3 (Windows-10-10.0.19041-SP0)
    method: GET
    uri: https://management.azure.com/subscriptions/00000000-0000-0000-0000-000000000000/resourceGroups/test_network_lb_tunnel_interface000001/providers/Microsoft.Network/loadBalancers/lb/backendAddressPools/backend-address-pool-name?api-version=2021-02-01
  response:
    body:
      string: "{\r\n  \"name\": \"backend-address-pool-name\",\r\n  \"id\": \"/subscriptions/00000000-0000-0000-0000-000000000000/resourceGroups/test_network_lb_tunnel_interface000001/providers/Microsoft.Network/loadBalancers/lb/backendAddressPools/backend-address-pool-name\",\r\n
        \ \"etag\": \"W/\\\"12b55ab0-f225-4776-9aa4-7400f9ccf425\\\"\",\r\n  \"properties\":
        {\r\n    \"provisioningState\": \"Succeeded\",\r\n    \"tunnelInterfaces\":
        [\r\n      {\r\n        \"port\": 0,\r\n        \"identifier\": 900,\r\n        \"protocol\":
        \"VXLAN\",\r\n        \"type\": \"Internal\"\r\n      },\r\n      {\r\n        \"port\":
        15000,\r\n        \"identifier\": 950,\r\n        \"protocol\": \"VXLAN\",\r\n
        \       \"type\": \"External\"\r\n      }\r\n    ]\r\n  },\r\n  \"type\":
        \"Microsoft.Network/loadBalancers/backendAddressPools\"\r\n}"
    headers:
      cache-control:
      - no-cache
      content-length:
      - '763'
      content-type:
      - application/json; charset=utf-8
      date:
      - Wed, 19 May 2021 07:04:47 GMT
      etag:
      - W/"12b55ab0-f225-4776-9aa4-7400f9ccf425"
      expires:
      - '-1'
      pragma:
      - no-cache
      server:
      - Microsoft-HTTPAPI/2.0
      - Microsoft-HTTPAPI/2.0
      strict-transport-security:
      - max-age=31536000; includeSubDomains
      transfer-encoding:
      - chunked
      vary:
      - Accept-Encoding
      x-content-type-options:
      - nosniff
      x-ms-arm-service-request-id:
      - 2e25bd8a-8ac4-4e11-8f0b-c158bd17cdf3
    status:
      code: 200
      message: OK
- request:
    body: '{"id": "/subscriptions/00000000-0000-0000-0000-000000000000/resourceGroups/test_network_lb_tunnel_interface000001/providers/Microsoft.Network/loadBalancers/lb/backendAddressPools/backend-address-pool-name",
      "name": "backend-address-pool-name", "properties": {"tunnelInterfaces": [{"port":
      15000, "identifier": 950, "protocol": "VXLAN", "type": "External"}]}}'
    headers:
      Accept:
      - application/json
      Accept-Encoding:
      - gzip, deflate
      CommandName:
      - network lb address-pool tunnel-interface remove
      Connection:
      - keep-alive
      Content-Length:
      - '395'
      Content-Type:
      - application/json
      ParameterSetName:
      - -g --lb-name --address-pool --index
      User-Agent:
      - AZURECLI/2.23.0 azsdk-python-azure-mgmt-network/19.0.0 Python/3.7.3 (Windows-10-10.0.19041-SP0)
    method: PUT
    uri: https://management.azure.com/subscriptions/00000000-0000-0000-0000-000000000000/resourceGroups/test_network_lb_tunnel_interface000001/providers/Microsoft.Network/loadBalancers/lb/backendAddressPools/backend-address-pool-name?api-version=2021-02-01
  response:
    body:
      string: "{\r\n  \"name\": \"backend-address-pool-name\",\r\n  \"id\": \"/subscriptions/00000000-0000-0000-0000-000000000000/resourceGroups/test_network_lb_tunnel_interface000001/providers/Microsoft.Network/loadBalancers/lb/backendAddressPools/backend-address-pool-name\",\r\n
        \ \"etag\": \"W/\\\"2dcfb236-119b-4776-89c8-66e9e78544bb\\\"\",\r\n  \"properties\":
        {\r\n    \"provisioningState\": \"Updating\",\r\n    \"tunnelInterfaces\":
        [\r\n      {\r\n        \"port\": 15000,\r\n        \"identifier\": 950,\r\n
        \       \"protocol\": \"VXLAN\",\r\n        \"type\": \"External\"\r\n      }\r\n
        \   ]\r\n  },\r\n  \"type\": \"Microsoft.Network/loadBalancers/backendAddressPools\"\r\n}"
    headers:
      azure-asyncoperation:
      - https://management.azure.com/subscriptions/00000000-0000-0000-0000-000000000000/providers/Microsoft.Network/locations/eastus/operations/e9267d77-8d9b-4a9c-ab59-428acd0b9f3f?api-version=2021-02-01
      cache-control:
      - no-cache
      content-length:
      - '637'
      content-type:
      - application/json; charset=utf-8
      date:
      - Wed, 19 May 2021 07:04:48 GMT
      expires:
      - '-1'
      pragma:
      - no-cache
      server:
      - Microsoft-HTTPAPI/2.0
      - Microsoft-HTTPAPI/2.0
      strict-transport-security:
      - max-age=31536000; includeSubDomains
      transfer-encoding:
      - chunked
      vary:
      - Accept-Encoding
      x-content-type-options:
      - nosniff
      x-ms-arm-service-request-id:
      - d28581ea-792e-4325-bf40-7296a166eb52
      x-ms-ratelimit-remaining-subscription-writes:
      - '1198'
    status:
      code: 200
      message: OK
- request:
    body: null
    headers:
      Accept:
      - '*/*'
      Accept-Encoding:
      - gzip, deflate
      CommandName:
      - network lb address-pool tunnel-interface remove
      Connection:
      - keep-alive
      ParameterSetName:
      - -g --lb-name --address-pool --index
      User-Agent:
      - AZURECLI/2.23.0 azsdk-python-azure-mgmt-network/19.0.0 Python/3.7.3 (Windows-10-10.0.19041-SP0)
    method: GET
    uri: https://management.azure.com/subscriptions/00000000-0000-0000-0000-000000000000/providers/Microsoft.Network/locations/eastus/operations/e9267d77-8d9b-4a9c-ab59-428acd0b9f3f?api-version=2021-02-01
  response:
    body:
      string: "{\r\n  \"status\": \"Succeeded\"\r\n}"
    headers:
      cache-control:
      - no-cache
      content-length:
      - '29'
      content-type:
      - application/json; charset=utf-8
      date:
      - Wed, 19 May 2021 07:04:58 GMT
      expires:
      - '-1'
      pragma:
      - no-cache
      server:
      - Microsoft-HTTPAPI/2.0
      - Microsoft-HTTPAPI/2.0
      strict-transport-security:
      - max-age=31536000; includeSubDomains
      transfer-encoding:
      - chunked
      vary:
      - Accept-Encoding
      x-content-type-options:
      - nosniff
      x-ms-arm-service-request-id:
      - f4507302-a758-4526-8739-9577ee82f957
    status:
      code: 200
      message: OK
- request:
    body: null
    headers:
      Accept:
      - '*/*'
      Accept-Encoding:
      - gzip, deflate
      CommandName:
      - network lb address-pool tunnel-interface remove
      Connection:
      - keep-alive
      ParameterSetName:
      - -g --lb-name --address-pool --index
      User-Agent:
      - AZURECLI/2.23.0 azsdk-python-azure-mgmt-network/19.0.0 Python/3.7.3 (Windows-10-10.0.19041-SP0)
    method: GET
    uri: https://management.azure.com/subscriptions/00000000-0000-0000-0000-000000000000/resourceGroups/test_network_lb_tunnel_interface000001/providers/Microsoft.Network/loadBalancers/lb/backendAddressPools/backend-address-pool-name?api-version=2021-02-01
  response:
    body:
      string: "{\r\n  \"name\": \"backend-address-pool-name\",\r\n  \"id\": \"/subscriptions/00000000-0000-0000-0000-000000000000/resourceGroups/test_network_lb_tunnel_interface000001/providers/Microsoft.Network/loadBalancers/lb/backendAddressPools/backend-address-pool-name\",\r\n
        \ \"etag\": \"W/\\\"84e9d08d-9f69-4a8b-a65c-d809f2c5ac4d\\\"\",\r\n  \"properties\":
        {\r\n    \"provisioningState\": \"Succeeded\",\r\n    \"tunnelInterfaces\":
        [\r\n      {\r\n        \"port\": 15000,\r\n        \"identifier\": 950,\r\n
        \       \"protocol\": \"VXLAN\",\r\n        \"type\": \"External\"\r\n      }\r\n
        \   ]\r\n  },\r\n  \"type\": \"Microsoft.Network/loadBalancers/backendAddressPools\"\r\n}"
    headers:
      cache-control:
      - no-cache
      content-length:
      - '638'
      content-type:
      - application/json; charset=utf-8
      date:
      - Wed, 19 May 2021 07:04:58 GMT
      etag:
      - W/"84e9d08d-9f69-4a8b-a65c-d809f2c5ac4d"
      expires:
      - '-1'
      pragma:
      - no-cache
      server:
      - Microsoft-HTTPAPI/2.0
      - Microsoft-HTTPAPI/2.0
      strict-transport-security:
      - max-age=31536000; includeSubDomains
      transfer-encoding:
      - chunked
      vary:
      - Accept-Encoding
      x-content-type-options:
      - nosniff
      x-ms-arm-service-request-id:
      - e162f328-705b-44e0-bffc-27987f497131
    status:
      code: 200
      message: OK
- request:
    body: null
    headers:
      Accept:
      - application/json
      Accept-Encoding:
      - gzip, deflate
      CommandName:
      - network lb address-pool tunnel-interface update
      Connection:
      - keep-alive
      ParameterSetName:
      - -g --lb-name --address-pool --type --protocol --identifier --port --index
      User-Agent:
      - AZURECLI/2.23.0 azsdk-python-azure-mgmt-network/19.0.0 Python/3.7.3 (Windows-10-10.0.19041-SP0)
    method: GET
    uri: https://management.azure.com/subscriptions/00000000-0000-0000-0000-000000000000/resourceGroups/test_network_lb_tunnel_interface000001/providers/Microsoft.Network/loadBalancers/lb/backendAddressPools/backend-address-pool-name?api-version=2021-02-01
  response:
    body:
      string: "{\r\n  \"name\": \"backend-address-pool-name\",\r\n  \"id\": \"/subscriptions/00000000-0000-0000-0000-000000000000/resourceGroups/test_network_lb_tunnel_interface000001/providers/Microsoft.Network/loadBalancers/lb/backendAddressPools/backend-address-pool-name\",\r\n
        \ \"etag\": \"W/\\\"84e9d08d-9f69-4a8b-a65c-d809f2c5ac4d\\\"\",\r\n  \"properties\":
        {\r\n    \"provisioningState\": \"Succeeded\",\r\n    \"tunnelInterfaces\":
        [\r\n      {\r\n        \"port\": 15000,\r\n        \"identifier\": 950,\r\n
        \       \"protocol\": \"VXLAN\",\r\n        \"type\": \"External\"\r\n      }\r\n
        \   ]\r\n  },\r\n  \"type\": \"Microsoft.Network/loadBalancers/backendAddressPools\"\r\n}"
    headers:
      cache-control:
      - no-cache
      content-length:
      - '638'
      content-type:
      - application/json; charset=utf-8
      date:
      - Wed, 19 May 2021 07:04:58 GMT
      etag:
      - W/"84e9d08d-9f69-4a8b-a65c-d809f2c5ac4d"
      expires:
      - '-1'
      pragma:
      - no-cache
      server:
      - Microsoft-HTTPAPI/2.0
      - Microsoft-HTTPAPI/2.0
      strict-transport-security:
      - max-age=31536000; includeSubDomains
      transfer-encoding:
      - chunked
      vary:
      - Accept-Encoding
      x-content-type-options:
      - nosniff
      x-ms-arm-service-request-id:
      - 23033a01-84f8-4740-ba32-fe14eecfc325
    status:
      code: 200
      message: OK
- request:
    body: '{"id": "/subscriptions/00000000-0000-0000-0000-000000000000/resourceGroups/test_network_lb_tunnel_interface000001/providers/Microsoft.Network/loadBalancers/lb/backendAddressPools/backend-address-pool-name",
      "name": "backend-address-pool-name", "properties": {"tunnelInterfaces": [{"port":
      10000, "identifier": 960, "protocol": "VXLAN", "type": "Internal"}]}}'
    headers:
      Accept:
      - application/json
      Accept-Encoding:
      - gzip, deflate
      CommandName:
      - network lb address-pool tunnel-interface update
      Connection:
      - keep-alive
      Content-Length:
      - '395'
      Content-Type:
      - application/json
      ParameterSetName:
      - -g --lb-name --address-pool --type --protocol --identifier --port --index
      User-Agent:
      - AZURECLI/2.23.0 azsdk-python-azure-mgmt-network/19.0.0 Python/3.7.3 (Windows-10-10.0.19041-SP0)
    method: PUT
    uri: https://management.azure.com/subscriptions/00000000-0000-0000-0000-000000000000/resourceGroups/test_network_lb_tunnel_interface000001/providers/Microsoft.Network/loadBalancers/lb/backendAddressPools/backend-address-pool-name?api-version=2021-02-01
  response:
    body:
      string: "{\r\n  \"name\": \"backend-address-pool-name\",\r\n  \"id\": \"/subscriptions/00000000-0000-0000-0000-000000000000/resourceGroups/test_network_lb_tunnel_interface000001/providers/Microsoft.Network/loadBalancers/lb/backendAddressPools/backend-address-pool-name\",\r\n
        \ \"etag\": \"W/\\\"3c179113-1a1a-4b5c-bf09-9c3b5a07fde9\\\"\",\r\n  \"properties\":
        {\r\n    \"provisioningState\": \"Updating\",\r\n    \"tunnelInterfaces\":
        [\r\n      {\r\n        \"port\": 10000,\r\n        \"identifier\": 960,\r\n
        \       \"protocol\": \"VXLAN\",\r\n        \"type\": \"Internal\"\r\n      }\r\n
        \   ]\r\n  },\r\n  \"type\": \"Microsoft.Network/loadBalancers/backendAddressPools\"\r\n}"
    headers:
      azure-asyncoperation:
      - https://management.azure.com/subscriptions/00000000-0000-0000-0000-000000000000/providers/Microsoft.Network/locations/eastus/operations/e1a61e10-653e-47d3-aa99-c3a906394d05?api-version=2021-02-01
      cache-control:
      - no-cache
      content-length:
      - '637'
      content-type:
      - application/json; charset=utf-8
      date:
      - Wed, 19 May 2021 07:04:59 GMT
      expires:
      - '-1'
      pragma:
      - no-cache
      server:
      - Microsoft-HTTPAPI/2.0
      - Microsoft-HTTPAPI/2.0
      strict-transport-security:
      - max-age=31536000; includeSubDomains
      transfer-encoding:
      - chunked
      vary:
      - Accept-Encoding
      x-content-type-options:
      - nosniff
      x-ms-arm-service-request-id:
      - 5811b151-ab51-4943-b1f7-e106d2fba605
      x-ms-ratelimit-remaining-subscription-writes:
      - '1199'
    status:
      code: 200
      message: OK
- request:
    body: null
    headers:
      Accept:
      - '*/*'
      Accept-Encoding:
      - gzip, deflate
      CommandName:
      - network lb address-pool tunnel-interface update
      Connection:
      - keep-alive
      ParameterSetName:
      - -g --lb-name --address-pool --type --protocol --identifier --port --index
      User-Agent:
      - AZURECLI/2.23.0 azsdk-python-azure-mgmt-network/19.0.0 Python/3.7.3 (Windows-10-10.0.19041-SP0)
    method: GET
    uri: https://management.azure.com/subscriptions/00000000-0000-0000-0000-000000000000/providers/Microsoft.Network/locations/eastus/operations/e1a61e10-653e-47d3-aa99-c3a906394d05?api-version=2021-02-01
  response:
    body:
      string: "{\r\n  \"status\": \"Succeeded\"\r\n}"
    headers:
      cache-control:
      - no-cache
      content-length:
      - '29'
      content-type:
      - application/json; charset=utf-8
      date:
      - Wed, 19 May 2021 07:05:09 GMT
      expires:
      - '-1'
      pragma:
      - no-cache
      server:
      - Microsoft-HTTPAPI/2.0
      - Microsoft-HTTPAPI/2.0
      strict-transport-security:
      - max-age=31536000; includeSubDomains
      transfer-encoding:
      - chunked
      vary:
      - Accept-Encoding
      x-content-type-options:
      - nosniff
      x-ms-arm-service-request-id:
      - 9befbf39-6079-4e31-bdc1-1ad918eb136b
    status:
      code: 200
      message: OK
- request:
    body: null
    headers:
      Accept:
      - '*/*'
      Accept-Encoding:
      - gzip, deflate
      CommandName:
      - network lb address-pool tunnel-interface update
      Connection:
      - keep-alive
      ParameterSetName:
      - -g --lb-name --address-pool --type --protocol --identifier --port --index
      User-Agent:
      - AZURECLI/2.23.0 azsdk-python-azure-mgmt-network/19.0.0 Python/3.7.3 (Windows-10-10.0.19041-SP0)
    method: GET
    uri: https://management.azure.com/subscriptions/00000000-0000-0000-0000-000000000000/resourceGroups/test_network_lb_tunnel_interface000001/providers/Microsoft.Network/loadBalancers/lb/backendAddressPools/backend-address-pool-name?api-version=2021-02-01
  response:
    body:
      string: "{\r\n  \"name\": \"backend-address-pool-name\",\r\n  \"id\": \"/subscriptions/00000000-0000-0000-0000-000000000000/resourceGroups/test_network_lb_tunnel_interface000001/providers/Microsoft.Network/loadBalancers/lb/backendAddressPools/backend-address-pool-name\",\r\n
        \ \"etag\": \"W/\\\"ca99c471-d9b4-4225-bca3-5386550cc5ba\\\"\",\r\n  \"properties\":
        {\r\n    \"provisioningState\": \"Succeeded\",\r\n    \"tunnelInterfaces\":
        [\r\n      {\r\n        \"port\": 10000,\r\n        \"identifier\": 960,\r\n
        \       \"protocol\": \"VXLAN\",\r\n        \"type\": \"Internal\"\r\n      }\r\n
        \   ]\r\n  },\r\n  \"type\": \"Microsoft.Network/loadBalancers/backendAddressPools\"\r\n}"
    headers:
      cache-control:
      - no-cache
      content-length:
      - '638'
      content-type:
      - application/json; charset=utf-8
      date:
      - Wed, 19 May 2021 07:05:10 GMT
      etag:
      - W/"ca99c471-d9b4-4225-bca3-5386550cc5ba"
      expires:
      - '-1'
      pragma:
      - no-cache
      server:
      - Microsoft-HTTPAPI/2.0
      - Microsoft-HTTPAPI/2.0
      strict-transport-security:
      - max-age=31536000; includeSubDomains
      transfer-encoding:
      - chunked
      vary:
      - Accept-Encoding
      x-content-type-options:
      - nosniff
      x-ms-arm-service-request-id:
      - 1873622d-0b90-411d-9087-3530794f0280
    status:
      code: 200
      message: OK
version: 1
