interactions:
- request:
    body: '{"location": "global", "properties": {"zoneType": "Public"}}'
    headers:
      Accept:
      - application/json
      Accept-Encoding:
      - gzip, deflate
      CommandName:
      - network dns zone import
      Connection:
      - keep-alive
      Content-Length:
      - '60'
      Content-Type:
      - application/json
      ParameterSetName:
      - -n -g --file-name
      User-Agent:
      - AZURECLI/2.29.0 azsdk-python-azure-mgmt-dns/8.0.0 Python/3.8.3 (Windows-10-10.0.18362-SP0)
    method: PUT
    uri: https://management.azure.com/subscriptions/00000000-0000-0000-0000-000000000000/resourceGroups/cli_dns_zone6_import000001/providers/Microsoft.Network/dnsZones/zone6.com?api-version=2018-05-01
  response:
    body:
      string: '{"id":"\/subscriptions\/00000000-0000-0000-0000-000000000000\/resourceGroups\/cli_dns_zone6_import000001\/providers\/Microsoft.Network\/dnszones\/zone6.com","name":"zone6.com","type":"Microsoft.Network\/dnszones","etag":"00000002-0000-0000-91e3-7d6285bed701","location":"global","tags":{},"properties":{"maxNumberOfRecordSets":10000,"maxNumberOfRecordsPerRecordSet":null,"nameServers":["ns1-08.azure-dns.com.","ns2-08.azure-dns.net.","ns3-08.azure-dns.org.","ns4-08.azure-dns.info."],"numberOfRecordSets":2,"zoneType":"Public"}}'
    headers:
      cache-control:
      - private
      content-length:
      - '577'
      content-type:
      - application/json; charset=utf-8
      date:
      - Mon, 11 Oct 2021 09:50:13 GMT
      etag:
      - 00000002-0000-0000-91e3-7d6285bed701
      server:
      - Microsoft-IIS/10.0
      strict-transport-security:
      - max-age=31536000; includeSubDomains
      x-content-type-options:
      - nosniff
      x-ms-ratelimit-remaining-subscription-resource-requests:
      - '11999'
      x-powered-by:
      - ASP.NET
    status:
      code: 201
      message: Created
- request:
    body: null
    headers:
      Accept:
      - application/json
      Accept-Encoding:
      - gzip, deflate
      CommandName:
      - network dns zone import
      Connection:
      - keep-alive
      ParameterSetName:
      - -n -g --file-name
      User-Agent:
      - AZURECLI/2.29.0 azsdk-python-azure-mgmt-dns/8.0.0 Python/3.8.3 (Windows-10-10.0.18362-SP0)
    method: GET
    uri: https://management.azure.com/subscriptions/00000000-0000-0000-0000-000000000000/resourceGroups/cli_dns_zone6_import000001/providers/Microsoft.Network/dnsZones/zone6.com/SOA/@?api-version=2018-05-01
  response:
    body:
      string: '{"id":"\/subscriptions\/00000000-0000-0000-0000-000000000000\/resourceGroups\/cli_dns_zone6_import000001\/providers\/Microsoft.Network\/dnszones\/zone6.com\/SOA\/@","name":"@","type":"Microsoft.Network\/dnszones\/SOA","etag":"101254f5-7f7e-49cd-a609-a8f0e0a9811e","properties":{"fqdn":"zone6.com.","TTL":3600,"SOARecord":{"email":"azuredns-hostmaster.microsoft.com","expireTime":2419200,"host":"ns1-08.azure-dns.com.","minimumTTL":300,"refreshTime":3600,"retryTime":300,"serialNumber":1},"targetResource":{},"provisioningState":"Succeeded"}}'
    headers:
      cache-control:
      - private
      content-length:
      - '590'
      content-type:
      - application/json; charset=utf-8
      date:
      - Mon, 11 Oct 2021 09:50:13 GMT
      etag:
      - 101254f5-7f7e-49cd-a609-a8f0e0a9811e
      server:
      - Microsoft-IIS/10.0
      strict-transport-security:
      - max-age=31536000; includeSubDomains
      transfer-encoding:
      - chunked
      vary:
      - Accept-Encoding
      x-content-type-options:
      - nosniff
      x-ms-ratelimit-remaining-subscription-resource-requests:
      - '499'
      x-powered-by:
      - ASP.NET
    status:
      code: 200
      message: OK
- request:
    body: '{"properties": {"TTL": 3600, "SOARecord": {"host": "ns1-08.azure-dns.com.",
      "email": "azuredns-hostmaster.microsoft.com.", "serialNumber": 1, "refreshTime":
      3600, "retryTime": 300, "expireTime": 2419200, "minimumTTL": 300}}}'
    headers:
      Accept:
      - application/json
      Accept-Encoding:
      - gzip, deflate
      CommandName:
      - network dns zone import
      Connection:
      - keep-alive
      Content-Length:
      - '224'
      Content-Type:
      - application/json
      ParameterSetName:
      - -n -g --file-name
      User-Agent:
      - AZURECLI/2.29.0 azsdk-python-azure-mgmt-dns/8.0.0 Python/3.8.3 (Windows-10-10.0.18362-SP0)
    method: PUT
    uri: https://management.azure.com/subscriptions/00000000-0000-0000-0000-000000000000/resourceGroups/cli_dns_zone6_import000001/providers/Microsoft.Network/dnsZones/zone6.com/soa/@?api-version=2018-05-01
  response:
    body:
      string: '{"id":"\/subscriptions\/00000000-0000-0000-0000-000000000000\/resourceGroups\/cli_dns_zone6_import000001\/providers\/Microsoft.Network\/dnszones\/zone6.com\/SOA\/@","name":"@","type":"Microsoft.Network\/dnszones\/SOA","etag":"7b74dd58-f4e8-4b79-902e-94d4f240ac0b","properties":{"fqdn":"zone6.com.","TTL":3600,"SOARecord":{"email":"azuredns-hostmaster.microsoft.com.","expireTime":2419200,"host":"ns1-08.azure-dns.com.","minimumTTL":300,"refreshTime":3600,"retryTime":300,"serialNumber":1},"targetResource":{},"provisioningState":"Succeeded"}}'
    headers:
      cache-control:
      - private
      content-length:
      - '591'
      content-type:
      - application/json; charset=utf-8
      date:
      - Mon, 11 Oct 2021 09:50:15 GMT
      etag:
      - 7b74dd58-f4e8-4b79-902e-94d4f240ac0b
      server:
      - Microsoft-IIS/10.0
      strict-transport-security:
      - max-age=31536000; includeSubDomains
      transfer-encoding:
      - chunked
      vary:
      - Accept-Encoding
      x-content-type-options:
      - nosniff
      x-ms-ratelimit-remaining-subscription-resource-requests:
      - '11999'
      x-powered-by:
      - ASP.NET
    status:
      code: 200
      message: OK
- request:
    body: '{"properties": {"TTL": 3600, "ARecords": [{"ipv4Address": "1.1.1.1"}]}}'
    headers:
      Accept:
      - application/json
      Accept-Encoding:
      - gzip, deflate
      CommandName:
      - network dns zone import
      Connection:
      - keep-alive
      Content-Length:
      - '71'
      Content-Type:
      - application/json
      ParameterSetName:
      - -n -g --file-name
      User-Agent:
      - AZURECLI/2.29.0 azsdk-python-azure-mgmt-dns/8.0.0 Python/3.8.3 (Windows-10-10.0.18362-SP0)
    method: PUT
    uri: https://management.azure.com/subscriptions/00000000-0000-0000-0000-000000000000/resourceGroups/cli_dns_zone6_import000001/providers/Microsoft.Network/dnsZones/zone6.com/a/@?api-version=2018-05-01
  response:
    body:
      string: '{"id":"\/subscriptions\/00000000-0000-0000-0000-000000000000\/resourceGroups\/cli_dns_zone6_import000001\/providers\/Microsoft.Network\/dnszones\/zone6.com\/A\/@","name":"@","type":"Microsoft.Network\/dnszones\/A","etag":"7a7c38ac-f1ae-4b9d-bb9d-a8cde2447e94","properties":{"fqdn":"zone6.com.","TTL":3600,"ARecords":[{"ipv4Address":"1.1.1.1"}],"targetResource":{},"provisioningState":"Succeeded"}}'
    headers:
      cache-control:
      - private
      content-length:
      - '446'
      content-type:
      - application/json; charset=utf-8
      date:
      - Mon, 11 Oct 2021 09:50:16 GMT
      etag:
      - 7a7c38ac-f1ae-4b9d-bb9d-a8cde2447e94
      server:
      - Microsoft-IIS/10.0
      strict-transport-security:
      - max-age=31536000; includeSubDomains
      x-content-type-options:
      - nosniff
      x-ms-ratelimit-remaining-subscription-resource-requests:
      - '11999'
      x-powered-by:
      - ASP.NET
    status:
      code: 201
      message: Created
- request:
    body: null
    headers:
      Accept:
      - application/json
      Accept-Encoding:
      - gzip, deflate
      CommandName:
      - network dns zone import
      Connection:
      - keep-alive
      ParameterSetName:
      - -n -g --file-name
      User-Agent:
      - AZURECLI/2.29.0 azsdk-python-azure-mgmt-dns/8.0.0 Python/3.8.3 (Windows-10-10.0.18362-SP0)
    method: GET
    uri: https://management.azure.com/subscriptions/00000000-0000-0000-0000-000000000000/resourceGroups/cli_dns_zone6_import000001/providers/Microsoft.Network/dnsZones/zone6.com/NS/@?api-version=2018-05-01
  response:
    body:
      string: '{"id":"\/subscriptions\/00000000-0000-0000-0000-000000000000\/resourceGroups\/cli_dns_zone6_import000001\/providers\/Microsoft.Network\/dnszones\/zone6.com\/NS\/@","name":"@","type":"Microsoft.Network\/dnszones\/NS","etag":"60cd1d5d-0eaa-4c87-a681-65a060032583","properties":{"fqdn":"zone6.com.","TTL":172800,"NSRecords":[{"nsdname":"ns1-08.azure-dns.com."},{"nsdname":"ns2-08.azure-dns.net."},{"nsdname":"ns3-08.azure-dns.org."},{"nsdname":"ns4-08.azure-dns.info."}],"targetResource":{},"provisioningState":"Succeeded"}}'
    headers:
      cache-control:
      - private
      content-length:
      - '570'
      content-type:
      - application/json; charset=utf-8
      date:
      - Mon, 11 Oct 2021 09:50:16 GMT
      etag:
      - 60cd1d5d-0eaa-4c87-a681-65a060032583
      server:
      - Microsoft-IIS/10.0
      strict-transport-security:
      - max-age=31536000; includeSubDomains
      transfer-encoding:
      - chunked
      vary:
      - Accept-Encoding
      x-content-type-options:
      - nosniff
      x-ms-ratelimit-remaining-subscription-resource-requests:
      - '499'
      x-powered-by:
      - ASP.NET
    status:
      code: 200
      message: OK
- request:
    body: '{"etag": "60cd1d5d-0eaa-4c87-a681-65a060032583", "properties": {"TTL":
      172800, "targetResource": {}, "NSRecords": [{"nsdname": "ns1-08.azure-dns.com."},
      {"nsdname": "ns2-08.azure-dns.net."}, {"nsdname": "ns3-08.azure-dns.org."},
      {"nsdname": "ns4-08.azure-dns.info."}]}}'
    headers:
      Accept:
      - application/json
      Accept-Encoding:
      - gzip, deflate
      CommandName:
      - network dns zone import
      Connection:
      - keep-alive
      Content-Length:
      - '269'
      Content-Type:
      - application/json
      ParameterSetName:
      - -n -g --file-name
      User-Agent:
      - AZURECLI/2.29.0 azsdk-python-azure-mgmt-dns/8.0.0 Python/3.8.3 (Windows-10-10.0.18362-SP0)
    method: PUT
    uri: https://management.azure.com/subscriptions/00000000-0000-0000-0000-000000000000/resourceGroups/cli_dns_zone6_import000001/providers/Microsoft.Network/dnsZones/zone6.com/NS/@?api-version=2018-05-01
  response:
    body:
      string: '{"id":"\/subscriptions\/00000000-0000-0000-0000-000000000000\/resourceGroups\/cli_dns_zone6_import000001\/providers\/Microsoft.Network\/dnszones\/zone6.com\/NS\/@","name":"@","type":"Microsoft.Network\/dnszones\/NS","etag":"5e358d21-d13b-4aa5-a974-3986fff6d03f","properties":{"fqdn":"zone6.com.","TTL":172800,"NSRecords":[{"nsdname":"ns1-08.azure-dns.com."},{"nsdname":"ns2-08.azure-dns.net."},{"nsdname":"ns3-08.azure-dns.org."},{"nsdname":"ns4-08.azure-dns.info."}],"targetResource":{},"provisioningState":"Succeeded"}}'
    headers:
      cache-control:
      - private
      content-length:
      - '570'
      content-type:
      - application/json; charset=utf-8
      date:
      - Mon, 11 Oct 2021 09:50:18 GMT
      etag:
      - 5e358d21-d13b-4aa5-a974-3986fff6d03f
      server:
      - Microsoft-IIS/10.0
      strict-transport-security:
      - max-age=31536000; includeSubDomains
      transfer-encoding:
      - chunked
      vary:
      - Accept-Encoding
      x-content-type-options:
      - nosniff
      x-ms-ratelimit-remaining-subscription-resource-requests:
      - '11999'
      x-powered-by:
      - ASP.NET
    status:
      code: 200
      message: OK
- request:
    body: '{"properties": {"TTL": 3600, "ARecords": [{"ipv4Address": "1.1.1.1"}]}}'
    headers:
      Accept:
      - application/json
      Accept-Encoding:
      - gzip, deflate
      CommandName:
      - network dns zone import
      Connection:
      - keep-alive
      Content-Length:
      - '71'
      Content-Type:
      - application/json
      ParameterSetName:
      - -n -g --file-name
      User-Agent:
      - AZURECLI/2.29.0 azsdk-python-azure-mgmt-dns/8.0.0 Python/3.8.3 (Windows-10-10.0.18362-SP0)
    method: PUT
    uri: https://management.azure.com/subscriptions/00000000-0000-0000-0000-000000000000/resourceGroups/cli_dns_zone6_import000001/providers/Microsoft.Network/dnsZones/zone6.com/a/www?api-version=2018-05-01
  response:
    body:
      string: '{"id":"\/subscriptions\/00000000-0000-0000-0000-000000000000\/resourceGroups\/cli_dns_zone6_import000001\/providers\/Microsoft.Network\/dnszones\/zone6.com\/A\/www","name":"www","type":"Microsoft.Network\/dnszones\/A","etag":"ff81665a-13ce-497e-b723-309519f557bf","properties":{"fqdn":"www.zone6.com.","TTL":3600,"ARecords":[{"ipv4Address":"1.1.1.1"}],"targetResource":{},"provisioningState":"Succeeded"}}'
    headers:
      cache-control:
      - private
      content-length:
      - '454'
      content-type:
      - application/json; charset=utf-8
      date:
      - Mon, 11 Oct 2021 09:50:19 GMT
      etag:
      - ff81665a-13ce-497e-b723-309519f557bf
      server:
      - Microsoft-IIS/10.0
      strict-transport-security:
      - max-age=31536000; includeSubDomains
      x-content-type-options:
      - nosniff
      x-ms-ratelimit-remaining-subscription-resource-requests:
      - '11998'
      x-powered-by:
      - ASP.NET
    status:
      code: 201
      message: Created
- request:
    body: null
    headers:
      Accept:
      - application/json
      Accept-Encoding:
      - gzip, deflate
      CommandName:
      - network dns record-set list
      Connection:
      - keep-alive
      ParameterSetName:
      - -g -z
      User-Agent:
      - AZURECLI/2.29.0 azsdk-python-azure-mgmt-dns/8.0.0 Python/3.8.3 (Windows-10-10.0.18362-SP0)
    method: GET
    uri: https://management.azure.com/subscriptions/00000000-0000-0000-0000-000000000000/resourceGroups/cli_dns_zone6_import000001/providers/Microsoft.Network/dnsZones/zone6.com/recordsets?api-version=2018-05-01
  response:
    body:
      string: '{"value":[{"id":"\/subscriptions\/00000000-0000-0000-0000-000000000000\/resourceGroups\/cli_dns_zone6_import000001\/providers\/Microsoft.Network\/dnszones\/zone6.com\/A\/@","name":"@","type":"Microsoft.Network\/dnszones\/A","etag":"7a7c38ac-f1ae-4b9d-bb9d-a8cde2447e94","properties":{"fqdn":"zone6.com.","TTL":3600,"ARecords":[{"ipv4Address":"1.1.1.1"}],"targetResource":{},"provisioningState":"Succeeded"}},{"id":"\/subscriptions\/00000000-0000-0000-0000-000000000000\/resourceGroups\/cli_dns_zone6_import000001\/providers\/Microsoft.Network\/dnszones\/zone6.com\/NS\/@","name":"@","type":"Microsoft.Network\/dnszones\/NS","etag":"5e358d21-d13b-4aa5-a974-3986fff6d03f","properties":{"fqdn":"zone6.com.","TTL":172800,"NSRecords":[{"nsdname":"ns1-08.azure-dns.com."},{"nsdname":"ns2-08.azure-dns.net."},{"nsdname":"ns3-08.azure-dns.org."},{"nsdname":"ns4-08.azure-dns.info."}],"targetResource":{},"provisioningState":"Succeeded"}},{"id":"\/subscriptions\/00000000-0000-0000-0000-000000000000\/resourceGroups\/cli_dns_zone6_import000001\/providers\/Microsoft.Network\/dnszones\/zone6.com\/SOA\/@","name":"@","type":"Microsoft.Network\/dnszones\/SOA","etag":"7b74dd58-f4e8-4b79-902e-94d4f240ac0b","properties":{"fqdn":"zone6.com.","TTL":3600,"SOARecord":{"email":"azuredns-hostmaster.microsoft.com.","expireTime":2419200,"host":"ns1-08.azure-dns.com.","minimumTTL":300,"refreshTime":3600,"retryTime":300,"serialNumber":1},"targetResource":{},"provisioningState":"Succeeded"}},{"id":"\/subscriptions\/00000000-0000-0000-0000-000000000000\/resourceGroups\/cli_dns_zone6_import000001\/providers\/Microsoft.Network\/dnszones\/zone6.com\/A\/www","name":"www","type":"Microsoft.Network\/dnszones\/A","etag":"ff81665a-13ce-497e-b723-309519f557bf","properties":{"fqdn":"www.zone6.com.","TTL":3600,"ARecords":[{"ipv4Address":"1.1.1.1"}],"targetResource":{},"provisioningState":"Succeeded"}}]}'
    headers:
      cache-control:
      - private
      content-length:
      - '2076'
      content-type:
      - application/json; charset=utf-8
      date:
      - Mon, 11 Oct 2021 09:50:20 GMT
      server:
      - Microsoft-IIS/10.0
      strict-transport-security:
      - max-age=31536000; includeSubDomains
      transfer-encoding:
      - chunked
      vary:
      - Accept-Encoding
      x-content-type-options:
      - nosniff
      x-ms-ratelimit-remaining-subscription-resource-entities-read:
      - '59996'
      x-ms-ratelimit-remaining-subscription-resource-requests:
      - '499'
      x-powered-by:
      - ASP.NET
    status:
      code: 200
      message: OK
- request:
    body: null
    headers:
      Accept:
      - application/json
      Accept-Encoding:
      - gzip, deflate
      CommandName:
      - network dns zone export
      Connection:
      - keep-alive
      ParameterSetName:
      - -g -n --file-name
      User-Agent:
      - AZURECLI/2.29.0 azsdk-python-azure-mgmt-dns/8.0.0 Python/3.8.3 (Windows-10-10.0.18362-SP0)
    method: GET
    uri: https://management.azure.com/subscriptions/00000000-0000-0000-0000-000000000000/resourceGroups/cli_dns_zone6_import000001/providers/Microsoft.Network/dnsZones/zone6.com/recordsets?api-version=2018-05-01
  response:
    body:
      string: '{"value":[{"id":"\/subscriptions\/00000000-0000-0000-0000-000000000000\/resourceGroups\/cli_dns_zone6_import000001\/providers\/Microsoft.Network\/dnszones\/zone6.com\/A\/@","name":"@","type":"Microsoft.Network\/dnszones\/A","etag":"7a7c38ac-f1ae-4b9d-bb9d-a8cde2447e94","properties":{"fqdn":"zone6.com.","TTL":3600,"ARecords":[{"ipv4Address":"1.1.1.1"}],"targetResource":{},"provisioningState":"Succeeded"}},{"id":"\/subscriptions\/00000000-0000-0000-0000-000000000000\/resourceGroups\/cli_dns_zone6_import000001\/providers\/Microsoft.Network\/dnszones\/zone6.com\/NS\/@","name":"@","type":"Microsoft.Network\/dnszones\/NS","etag":"5e358d21-d13b-4aa5-a974-3986fff6d03f","properties":{"fqdn":"zone6.com.","TTL":172800,"NSRecords":[{"nsdname":"ns1-08.azure-dns.com."},{"nsdname":"ns2-08.azure-dns.net."},{"nsdname":"ns3-08.azure-dns.org."},{"nsdname":"ns4-08.azure-dns.info."}],"targetResource":{},"provisioningState":"Succeeded"}},{"id":"\/subscriptions\/00000000-0000-0000-0000-000000000000\/resourceGroups\/cli_dns_zone6_import000001\/providers\/Microsoft.Network\/dnszones\/zone6.com\/SOA\/@","name":"@","type":"Microsoft.Network\/dnszones\/SOA","etag":"7b74dd58-f4e8-4b79-902e-94d4f240ac0b","properties":{"fqdn":"zone6.com.","TTL":3600,"SOARecord":{"email":"azuredns-hostmaster.microsoft.com.","expireTime":2419200,"host":"ns1-08.azure-dns.com.","minimumTTL":300,"refreshTime":3600,"retryTime":300,"serialNumber":1},"targetResource":{},"provisioningState":"Succeeded"}},{"id":"\/subscriptions\/00000000-0000-0000-0000-000000000000\/resourceGroups\/cli_dns_zone6_import000001\/providers\/Microsoft.Network\/dnszones\/zone6.com\/A\/www","name":"www","type":"Microsoft.Network\/dnszones\/A","etag":"ff81665a-13ce-497e-b723-309519f557bf","properties":{"fqdn":"www.zone6.com.","TTL":3600,"ARecords":[{"ipv4Address":"1.1.1.1"}],"targetResource":{},"provisioningState":"Succeeded"}}]}'
    headers:
      cache-control:
      - private
      content-length:
      - '2076'
      content-type:
      - application/json; charset=utf-8
      date:
      - Mon, 11 Oct 2021 09:50:22 GMT
      server:
      - Microsoft-IIS/10.0
      strict-transport-security:
      - max-age=31536000; includeSubDomains
      transfer-encoding:
      - chunked
      vary:
      - Accept-Encoding
      x-content-type-options:
      - nosniff
      x-ms-ratelimit-remaining-subscription-resource-entities-read:
      - '59996'
      x-ms-ratelimit-remaining-subscription-resource-requests:
      - '499'
      x-powered-by:
      - ASP.NET
    status:
      code: 200
      message: OK
- request:
    body: null
    headers:
      Accept:
      - application/json
      Accept-Encoding:
      - gzip, deflate
      CommandName:
      - network dns zone delete
      Connection:
      - keep-alive
      Content-Length:
      - '0'
      ParameterSetName:
      - -g -n -y
      User-Agent:
      - AZURECLI/2.29.0 azsdk-python-azure-mgmt-dns/8.0.0 Python/3.8.3 (Windows-10-10.0.18362-SP0)
    method: DELETE
    uri: https://management.azure.com/subscriptions/00000000-0000-0000-0000-000000000000/resourceGroups/cli_dns_zone6_import000001/providers/Microsoft.Network/dnsZones/zone6.com?api-version=2018-05-01
  response:
    body:
      string: ''
    headers:
      azure-asyncoperation:
      - https://management.azure.com:443/subscriptions/00000000-0000-0000-0000-000000000000/resourceGroups/cli_dns_zone6_import000001/providers/Microsoft.Network/dnsOperationStatuses/delzone637695426259430865ce83dd16?api-version=2018-05-01
      cache-control:
      - private
      content-length:
      - '0'
      date:
      - Mon, 11 Oct 2021 09:50:25 GMT
      location:
      - https://management.azure.com/subscriptions/00000000-0000-0000-0000-000000000000/resourceGroups/cli_dns_zone6_import000001/providers/Microsoft.Network/dnsOperationResults/delzone637695426259430865ce83dd16?api-version=2018-05-01
      server:
      - Microsoft-IIS/10.0
      strict-transport-security:
      - max-age=31536000; includeSubDomains
      x-content-type-options:
      - nosniff
      x-ms-ratelimit-remaining-subscription-resource-requests:
      - '11999'
      x-powered-by:
      - ASP.NET
    status:
      code: 202
      message: Accepted
- request:
    body: null
    headers:
      Accept:
      - '*/*'
      Accept-Encoding:
      - gzip, deflate
      CommandName:
      - network dns zone delete
      Connection:
      - keep-alive
      ParameterSetName:
      - -g -n -y
      User-Agent:
      - AZURECLI/2.29.0 azsdk-python-azure-mgmt-dns/8.0.0 Python/3.8.3 (Windows-10-10.0.18362-SP0)
    method: GET
    uri: https://management.azure.com/subscriptions/00000000-0000-0000-0000-000000000000/resourceGroups/cli_dns_zone6_import000001/providers/Microsoft.Network/dnsOperationStatuses/delzone637695426259430865ce83dd16?api-version=2018-05-01
  response:
    body:
      string: '{"status":"Succeeded"}'
    headers:
      cache-control:
      - private
      content-length:
      - '22'
      content-type:
      - application/json; charset=utf-8
      date:
      - Mon, 11 Oct 2021 09:50:30 GMT
      server:
      - Microsoft-IIS/10.0
      strict-transport-security:
      - max-age=31536000; includeSubDomains
      transfer-encoding:
      - chunked
      vary:
      - Accept-Encoding
      x-content-type-options:
      - nosniff
      x-ms-ratelimit-remaining-subscription-resource-requests:
      - '499'
      x-powered-by:
      - ASP.NET
    status:
      code: 200
      message: OK
- request:
    body: '{"location": "global", "properties": {"zoneType": "Public"}}'
    headers:
      Accept:
      - application/json
      Accept-Encoding:
      - gzip, deflate
      CommandName:
      - network dns zone import
      Connection:
      - keep-alive
      Content-Length:
      - '60'
      Content-Type:
      - application/json
      ParameterSetName:
      - -n -g --file-name
      User-Agent:
      - AZURECLI/2.29.0 azsdk-python-azure-mgmt-dns/8.0.0 Python/3.8.3 (Windows-10-10.0.18362-SP0)
    method: PUT
    uri: https://management.azure.com/subscriptions/00000000-0000-0000-0000-000000000000/resourceGroups/cli_dns_zone6_import000001/providers/Microsoft.Network/dnsZones/zone6.com?api-version=2018-05-01
  response:
    body:
      string: '{"id":"\/subscriptions\/00000000-0000-0000-0000-000000000000\/resourceGroups\/cli_dns_zone6_import000001\/providers\/Microsoft.Network\/dnszones\/zone6.com","name":"zone6.com","type":"Microsoft.Network\/dnszones","etag":"00000002-0000-0000-143a-736e85bed701","location":"global","tags":{},"properties":{"maxNumberOfRecordSets":10000,"maxNumberOfRecordsPerRecordSet":null,"nameServers":["ns1-08.azure-dns.com.","ns2-08.azure-dns.net.","ns3-08.azure-dns.org.","ns4-08.azure-dns.info."],"numberOfRecordSets":2,"zoneType":"Public"}}'
    headers:
      cache-control:
      - private
      content-length:
      - '577'
      content-type:
      - application/json; charset=utf-8
      date:
      - Mon, 11 Oct 2021 09:50:32 GMT
      etag:
      - 00000002-0000-0000-143a-736e85bed701
      server:
      - Microsoft-IIS/10.0
      strict-transport-security:
      - max-age=31536000; includeSubDomains
      x-content-type-options:
      - nosniff
      x-ms-ratelimit-remaining-subscription-resource-requests:
      - '11999'
      x-powered-by:
      - ASP.NET
    status:
      code: 201
      message: Created
- request:
    body: null
    headers:
      Accept:
      - application/json
      Accept-Encoding:
      - gzip, deflate
      CommandName:
      - network dns zone import
      Connection:
      - keep-alive
      ParameterSetName:
      - -n -g --file-name
      User-Agent:
      - AZURECLI/2.29.0 azsdk-python-azure-mgmt-dns/8.0.0 Python/3.8.3 (Windows-10-10.0.18362-SP0)
    method: GET
    uri: https://management.azure.com/subscriptions/00000000-0000-0000-0000-000000000000/resourceGroups/cli_dns_zone6_import000001/providers/Microsoft.Network/dnsZones/zone6.com/SOA/@?api-version=2018-05-01
  response:
    body:
      string: '{"id":"\/subscriptions\/00000000-0000-0000-0000-000000000000\/resourceGroups\/cli_dns_zone6_import000001\/providers\/Microsoft.Network\/dnszones\/zone6.com\/SOA\/@","name":"@","type":"Microsoft.Network\/dnszones\/SOA","etag":"2be5134e-004f-4c2b-ae9a-7fd1cdc46564","properties":{"fqdn":"zone6.com.","TTL":3600,"SOARecord":{"email":"azuredns-hostmaster.microsoft.com","expireTime":2419200,"host":"ns1-08.azure-dns.com.","minimumTTL":300,"refreshTime":3600,"retryTime":300,"serialNumber":1},"targetResource":{},"provisioningState":"Succeeded"}}'
    headers:
      cache-control:
      - private
      content-length:
      - '590'
      content-type:
      - application/json; charset=utf-8
      date:
      - Mon, 11 Oct 2021 09:50:32 GMT
      etag:
      - 2be5134e-004f-4c2b-ae9a-7fd1cdc46564
      server:
      - Microsoft-IIS/10.0
      strict-transport-security:
      - max-age=31536000; includeSubDomains
      transfer-encoding:
      - chunked
      vary:
      - Accept-Encoding
      x-content-type-options:
      - nosniff
      x-ms-ratelimit-remaining-subscription-resource-requests:
      - '499'
      x-powered-by:
      - ASP.NET
    status:
      code: 200
      message: OK
- request:
    body: '{"properties": {"TTL": 3600, "SOARecord": {"host": "ns1-08.azure-dns.com.",
      "email": "azuredns-hostmaster.microsoft.com.", "serialNumber": 1, "refreshTime":
      3600, "retryTime": 300, "expireTime": 2419200, "minimumTTL": 300}}}'
    headers:
      Accept:
      - application/json
      Accept-Encoding:
      - gzip, deflate
      CommandName:
      - network dns zone import
      Connection:
      - keep-alive
      Content-Length:
      - '224'
      Content-Type:
      - application/json
      ParameterSetName:
      - -n -g --file-name
      User-Agent:
      - AZURECLI/2.29.0 azsdk-python-azure-mgmt-dns/8.0.0 Python/3.8.3 (Windows-10-10.0.18362-SP0)
    method: PUT
    uri: https://management.azure.com/subscriptions/00000000-0000-0000-0000-000000000000/resourceGroups/cli_dns_zone6_import000001/providers/Microsoft.Network/dnsZones/zone6.com/soa/@?api-version=2018-05-01
  response:
    body:
      string: '{"id":"\/subscriptions\/00000000-0000-0000-0000-000000000000\/resourceGroups\/cli_dns_zone6_import000001\/providers\/Microsoft.Network\/dnszones\/zone6.com\/SOA\/@","name":"@","type":"Microsoft.Network\/dnszones\/SOA","etag":"8187e505-6fda-4641-802b-6e57aed44946","properties":{"fqdn":"zone6.com.","TTL":3600,"SOARecord":{"email":"azuredns-hostmaster.microsoft.com.","expireTime":2419200,"host":"ns1-08.azure-dns.com.","minimumTTL":300,"refreshTime":3600,"retryTime":300,"serialNumber":1},"targetResource":{},"provisioningState":"Succeeded"}}'
    headers:
      cache-control:
      - private
      content-length:
      - '591'
      content-type:
      - application/json; charset=utf-8
      date:
      - Mon, 11 Oct 2021 09:50:34 GMT
      etag:
      - 8187e505-6fda-4641-802b-6e57aed44946
      server:
      - Microsoft-IIS/10.0
      strict-transport-security:
      - max-age=31536000; includeSubDomains
      transfer-encoding:
      - chunked
      vary:
      - Accept-Encoding
      x-content-type-options:
      - nosniff
      x-ms-ratelimit-remaining-subscription-resource-requests:
      - '11999'
      x-powered-by:
      - ASP.NET
    status:
      code: 200
      message: OK
- request:
    body: '{"properties": {"TTL": 3600, "ARecords": [{"ipv4Address": "1.1.1.1"}]}}'
    headers:
      Accept:
      - application/json
      Accept-Encoding:
      - gzip, deflate
      CommandName:
      - network dns zone import
      Connection:
      - keep-alive
      Content-Length:
      - '71'
      Content-Type:
      - application/json
      ParameterSetName:
      - -n -g --file-name
      User-Agent:
      - AZURECLI/2.29.0 azsdk-python-azure-mgmt-dns/8.0.0 Python/3.8.3 (Windows-10-10.0.18362-SP0)
    method: PUT
    uri: https://management.azure.com/subscriptions/00000000-0000-0000-0000-000000000000/resourceGroups/cli_dns_zone6_import000001/providers/Microsoft.Network/dnsZones/zone6.com/a/@?api-version=2018-05-01
  response:
    body:
      string: '{"id":"\/subscriptions\/00000000-0000-0000-0000-000000000000\/resourceGroups\/cli_dns_zone6_import000001\/providers\/Microsoft.Network\/dnszones\/zone6.com\/A\/@","name":"@","type":"Microsoft.Network\/dnszones\/A","etag":"89810168-8e06-44fd-92da-5c0b621a0250","properties":{"fqdn":"zone6.com.","TTL":3600,"ARecords":[{"ipv4Address":"1.1.1.1"}],"targetResource":{},"provisioningState":"Succeeded"}}'
    headers:
      cache-control:
      - private
      content-length:
      - '446'
      content-type:
      - application/json; charset=utf-8
      date:
      - Mon, 11 Oct 2021 09:50:35 GMT
      etag:
      - 89810168-8e06-44fd-92da-5c0b621a0250
      server:
      - Microsoft-IIS/10.0
      strict-transport-security:
      - max-age=31536000; includeSubDomains
      x-content-type-options:
      - nosniff
      x-ms-ratelimit-remaining-subscription-resource-requests:
      - '11999'
      x-powered-by:
      - ASP.NET
    status:
      code: 201
      message: Created
- request:
    body: null
    headers:
      Accept:
      - application/json
      Accept-Encoding:
      - gzip, deflate
      CommandName:
      - network dns zone import
      Connection:
      - keep-alive
      ParameterSetName:
      - -n -g --file-name
      User-Agent:
      - AZURECLI/2.29.0 azsdk-python-azure-mgmt-dns/8.0.0 Python/3.8.3 (Windows-10-10.0.18362-SP0)
    method: GET
    uri: https://management.azure.com/subscriptions/00000000-0000-0000-0000-000000000000/resourceGroups/cli_dns_zone6_import000001/providers/Microsoft.Network/dnsZones/zone6.com/NS/@?api-version=2018-05-01
  response:
    body:
      string: '{"id":"\/subscriptions\/00000000-0000-0000-0000-000000000000\/resourceGroups\/cli_dns_zone6_import000001\/providers\/Microsoft.Network\/dnszones\/zone6.com\/NS\/@","name":"@","type":"Microsoft.Network\/dnszones\/NS","etag":"f08222fb-fc40-4c5b-97af-aa49223fe0f6","properties":{"fqdn":"zone6.com.","TTL":172800,"NSRecords":[{"nsdname":"ns1-08.azure-dns.com."},{"nsdname":"ns2-08.azure-dns.net."},{"nsdname":"ns3-08.azure-dns.org."},{"nsdname":"ns4-08.azure-dns.info."}],"targetResource":{},"provisioningState":"Succeeded"}}'
    headers:
      cache-control:
      - private
      content-length:
      - '570'
      content-type:
      - application/json; charset=utf-8
      date:
      - Mon, 11 Oct 2021 09:50:36 GMT
      etag:
      - f08222fb-fc40-4c5b-97af-aa49223fe0f6
      server:
      - Microsoft-IIS/10.0
      strict-transport-security:
      - max-age=31536000; includeSubDomains
      transfer-encoding:
      - chunked
      vary:
      - Accept-Encoding
      x-content-type-options:
      - nosniff
      x-ms-ratelimit-remaining-subscription-resource-requests:
      - '499'
      x-powered-by:
      - ASP.NET
    status:
      code: 200
      message: OK
- request:
    body: '{"etag": "f08222fb-fc40-4c5b-97af-aa49223fe0f6", "properties": {"TTL":
      172800, "targetResource": {}, "NSRecords": [{"nsdname": "ns1-08.azure-dns.com."},
      {"nsdname": "ns2-08.azure-dns.net."}, {"nsdname": "ns3-08.azure-dns.org."},
      {"nsdname": "ns4-08.azure-dns.info."}]}}'
    headers:
      Accept:
      - application/json
      Accept-Encoding:
      - gzip, deflate
      CommandName:
      - network dns zone import
      Connection:
      - keep-alive
      Content-Length:
      - '269'
      Content-Type:
      - application/json
      ParameterSetName:
      - -n -g --file-name
      User-Agent:
      - AZURECLI/2.29.0 azsdk-python-azure-mgmt-dns/8.0.0 Python/3.8.3 (Windows-10-10.0.18362-SP0)
    method: PUT
    uri: https://management.azure.com/subscriptions/00000000-0000-0000-0000-000000000000/resourceGroups/cli_dns_zone6_import000001/providers/Microsoft.Network/dnsZones/zone6.com/NS/@?api-version=2018-05-01
  response:
    body:
      string: '{"id":"\/subscriptions\/00000000-0000-0000-0000-000000000000\/resourceGroups\/cli_dns_zone6_import000001\/providers\/Microsoft.Network\/dnszones\/zone6.com\/NS\/@","name":"@","type":"Microsoft.Network\/dnszones\/NS","etag":"a6b7657f-9c73-444f-a895-709cb6ab932a","properties":{"fqdn":"zone6.com.","TTL":172800,"NSRecords":[{"nsdname":"ns1-08.azure-dns.com."},{"nsdname":"ns2-08.azure-dns.net."},{"nsdname":"ns3-08.azure-dns.org."},{"nsdname":"ns4-08.azure-dns.info."}],"targetResource":{},"provisioningState":"Succeeded"}}'
    headers:
      cache-control:
      - private
      content-length:
      - '570'
      content-type:
      - application/json; charset=utf-8
      date:
      - Mon, 11 Oct 2021 09:50:37 GMT
      etag:
      - a6b7657f-9c73-444f-a895-709cb6ab932a
      server:
      - Microsoft-IIS/10.0
      strict-transport-security:
      - max-age=31536000; includeSubDomains
      transfer-encoding:
      - chunked
      vary:
      - Accept-Encoding
      x-content-type-options:
      - nosniff
      x-ms-ratelimit-remaining-subscription-resource-requests:
      - '11999'
      x-powered-by:
      - ASP.NET
    status:
      code: 200
      message: OK
- request:
    body: '{"properties": {"TTL": 3600, "ARecords": [{"ipv4Address": "1.1.1.1"}]}}'
    headers:
      Accept:
      - application/json
      Accept-Encoding:
      - gzip, deflate
      CommandName:
      - network dns zone import
      Connection:
      - keep-alive
      Content-Length:
      - '71'
      Content-Type:
      - application/json
      ParameterSetName:
      - -n -g --file-name
      User-Agent:
      - AZURECLI/2.29.0 azsdk-python-azure-mgmt-dns/8.0.0 Python/3.8.3 (Windows-10-10.0.18362-SP0)
    method: PUT
    uri: https://management.azure.com/subscriptions/00000000-0000-0000-0000-000000000000/resourceGroups/cli_dns_zone6_import000001/providers/Microsoft.Network/dnsZones/zone6.com/a/www?api-version=2018-05-01
  response:
    body:
      string: '{"id":"\/subscriptions\/00000000-0000-0000-0000-000000000000\/resourceGroups\/cli_dns_zone6_import000001\/providers\/Microsoft.Network\/dnszones\/zone6.com\/A\/www","name":"www","type":"Microsoft.Network\/dnszones\/A","etag":"79f0d058-5014-406f-9ff9-6f6409159235","properties":{"fqdn":"www.zone6.com.","TTL":3600,"ARecords":[{"ipv4Address":"1.1.1.1"}],"targetResource":{},"provisioningState":"Succeeded"}}'
    headers:
      cache-control:
      - private
      content-length:
      - '454'
      content-type:
      - application/json; charset=utf-8
      date:
      - Mon, 11 Oct 2021 09:50:38 GMT
      etag:
      - 79f0d058-5014-406f-9ff9-6f6409159235
      server:
      - Microsoft-IIS/10.0
      strict-transport-security:
      - max-age=31536000; includeSubDomains
      x-content-type-options:
      - nosniff
      x-ms-ratelimit-remaining-subscription-resource-requests:
      - '11998'
      x-powered-by:
      - ASP.NET
    status:
      code: 201
      message: Created
- request:
    body: null
    headers:
      Accept:
      - application/json
      Accept-Encoding:
      - gzip, deflate
      CommandName:
      - network dns record-set list
      Connection:
      - keep-alive
      ParameterSetName:
      - -g -z
      User-Agent:
      - AZURECLI/2.29.0 azsdk-python-azure-mgmt-dns/8.0.0 Python/3.8.3 (Windows-10-10.0.18362-SP0)
    method: GET
    uri: https://management.azure.com/subscriptions/00000000-0000-0000-0000-000000000000/resourceGroups/cli_dns_zone6_import000001/providers/Microsoft.Network/dnsZones/zone6.com/recordsets?api-version=2018-05-01
  response:
    body:
      string: '{"value":[{"id":"\/subscriptions\/00000000-0000-0000-0000-000000000000\/resourceGroups\/cli_dns_zone6_import000001\/providers\/Microsoft.Network\/dnszones\/zone6.com\/A\/@","name":"@","type":"Microsoft.Network\/dnszones\/A","etag":"89810168-8e06-44fd-92da-5c0b621a0250","properties":{"fqdn":"zone6.com.","TTL":3600,"ARecords":[{"ipv4Address":"1.1.1.1"}],"targetResource":{},"provisioningState":"Succeeded"}},{"id":"\/subscriptions\/00000000-0000-0000-0000-000000000000\/resourceGroups\/cli_dns_zone6_import000001\/providers\/Microsoft.Network\/dnszones\/zone6.com\/NS\/@","name":"@","type":"Microsoft.Network\/dnszones\/NS","etag":"a6b7657f-9c73-444f-a895-709cb6ab932a","properties":{"fqdn":"zone6.com.","TTL":172800,"NSRecords":[{"nsdname":"ns1-08.azure-dns.com."},{"nsdname":"ns2-08.azure-dns.net."},{"nsdname":"ns3-08.azure-dns.org."},{"nsdname":"ns4-08.azure-dns.info."}],"targetResource":{},"provisioningState":"Succeeded"}},{"id":"\/subscriptions\/00000000-0000-0000-0000-000000000000\/resourceGroups\/cli_dns_zone6_import000001\/providers\/Microsoft.Network\/dnszones\/zone6.com\/SOA\/@","name":"@","type":"Microsoft.Network\/dnszones\/SOA","etag":"8187e505-6fda-4641-802b-6e57aed44946","properties":{"fqdn":"zone6.com.","TTL":3600,"SOARecord":{"email":"azuredns-hostmaster.microsoft.com.","expireTime":2419200,"host":"ns1-08.azure-dns.com.","minimumTTL":300,"refreshTime":3600,"retryTime":300,"serialNumber":1},"targetResource":{},"provisioningState":"Succeeded"}},{"id":"\/subscriptions\/00000000-0000-0000-0000-000000000000\/resourceGroups\/cli_dns_zone6_import000001\/providers\/Microsoft.Network\/dnszones\/zone6.com\/A\/www","name":"www","type":"Microsoft.Network\/dnszones\/A","etag":"79f0d058-5014-406f-9ff9-6f6409159235","properties":{"fqdn":"www.zone6.com.","TTL":3600,"ARecords":[{"ipv4Address":"1.1.1.1"}],"targetResource":{},"provisioningState":"Succeeded"}}]}'
    headers:
      cache-control:
      - private
      content-length:
      - '2076'
      content-type:
      - application/json; charset=utf-8
      date:
      - Mon, 11 Oct 2021 09:50:40 GMT
      server:
      - Microsoft-IIS/10.0
      strict-transport-security:
      - max-age=31536000; includeSubDomains
      transfer-encoding:
      - chunked
      vary:
      - Accept-Encoding
      x-content-type-options:
      - nosniff
      x-ms-ratelimit-remaining-subscription-resource-entities-read:
      - '59992'
      x-ms-ratelimit-remaining-subscription-resource-requests:
      - '498'
      x-powered-by:
      - ASP.NET
    status:
      code: 200
      message: OK
version: 1
