interactions:
- request:
    body: null
    headers:
      Accept:
      - application/json
      Accept-Encoding:
      - gzip, deflate
      CommandName:
      - network application-gateway waf-policy create
      Connection:
      - keep-alive
      ParameterSetName:
      - -g -n
      User-Agent:
      - AZURECLI/2.40.0 (PIP) azsdk-python-azure-mgmt-resource/21.1.0b1 Python/3.8.10
        (Windows-10-10.0.19044-SP0)
    method: GET
    uri: https://management.azure.com/subscriptions/00000000-0000-0000-0000-000000000000/resourcegroups/cli_test_app_gateway_waf_policy_managed_rules_000001?api-version=2021-04-01
  response:
    body:
      string: '{"id":"/subscriptions/00000000-0000-0000-0000-000000000000/resourceGroups/cli_test_app_gateway_waf_policy_managed_rules_000001","name":"cli_test_app_gateway_waf_policy_managed_rules_000001","type":"Microsoft.Resources/resourceGroups","location":"westus","tags":{"product":"azurecli","cause":"automation","date":"2022-09-29T04:19:31Z"},"properties":{"provisioningState":"Succeeded"}}'
    headers:
      cache-control:
      - no-cache
      content-length:
      - '382'
      content-type:
      - application/json; charset=utf-8
      date:
      - Thu, 29 Sep 2022 04:19:37 GMT
      expires:
      - '-1'
      pragma:
      - no-cache
      strict-transport-security:
      - max-age=31536000; includeSubDomains
      x-content-type-options:
      - nosniff
    status:
      code: 200
      message: OK
- request:
    body: '{"location": "westus", "properties": {"managedRules": {"managedRuleSets":
      [{"ruleSetType": "OWASP", "ruleSetVersion": "3.0"}]}}}'
    headers:
      Accept:
      - application/json
      Accept-Encoding:
      - gzip, deflate
      CommandName:
      - network application-gateway waf-policy create
      Connection:
      - keep-alive
      Content-Length:
      - '128'
      Content-Type:
      - application/json
      ParameterSetName:
      - -g -n
      User-Agent:
      - AZURECLI/2.40.0 (PIP) (AAZ) azsdk-python-core/1.24.0 Python/3.8.10 (Windows-10-10.0.19044-SP0)
    method: PUT
    uri: https://management.azure.com/subscriptions/00000000-0000-0000-0000-000000000000/resourceGroups/cli_test_app_gateway_waf_policy_managed_rules_000001/providers/Microsoft.Network/ApplicationGatewayWebApplicationFirewallPolicies/agp1?api-version=2022-05-01
  response:
    body:
      string: "{\r\n  \"name\": \"agp1\",\r\n  \"id\": \"/subscriptions/00000000-0000-0000-0000-000000000000/resourceGroups/cli_test_app_gateway_waf_policy_managed_rules_000001/providers/Microsoft.Network/ApplicationGatewayWebApplicationFirewallPolicies/agp1\",\r\n
        \ \"etag\": \"W/\\\"3058dfb1-7325-4d3d-b136-c6951c8f4c3e\\\"\",\r\n  \"type\":
        \"Microsoft.Network/ApplicationGatewayWebApplicationFirewallPolicies\",\r\n
        \ \"location\": \"westus\",\r\n  \"properties\": {\r\n    \"provisioningState\":
        \"Updating\",\r\n    \"customRules\": [],\r\n    \"policySettings\": {\r\n
        \     \"requestBodyCheck\": true,\r\n      \"maxRequestBodySizeInKb\": 128,\r\n
        \     \"fileUploadLimitInMb\": 100,\r\n      \"state\": \"Disabled\",\r\n
        \     \"mode\": \"Detection\"\r\n    },\r\n    \"managedRules\": {\r\n      \"managedRuleSets\":
        [\r\n        {\r\n          \"ruleSetType\": \"OWASP\",\r\n          \"ruleSetVersion\":
        \"3.0\",\r\n          \"ruleGroupOverrides\": []\r\n        }\r\n      ],\r\n
        \     \"exclusions\": []\r\n    }\r\n  }\r\n}"
    headers:
      azure-asyncnotification:
      - Enabled
      azure-asyncoperation:
      - https://management.azure.com/subscriptions/00000000-0000-0000-0000-000000000000/providers/Microsoft.Network/locations/westus/operations/3d76a298-6c43-4730-b857-743fd0a31cb2?api-version=2022-05-01
      cache-control:
      - no-cache
      content-length:
      - '901'
      content-type:
      - application/json; charset=utf-8
      date:
      - Thu, 29 Sep 2022 04:19:45 GMT
      expires:
      - '-1'
      pragma:
      - no-cache
      server:
      - Microsoft-HTTPAPI/2.0
      - Microsoft-HTTPAPI/2.0
      strict-transport-security:
      - max-age=31536000; includeSubDomains
      x-content-type-options:
      - nosniff
      x-ms-arm-service-request-id:
      - bdc059d3-9d9d-4bea-aeae-44a943c78395
      x-ms-ratelimit-remaining-subscription-writes:
      - '1197'
    status:
      code: 201
      message: Created
- request:
    body: null
    headers:
      Accept:
      - application/json
      Accept-Encoding:
      - gzip, deflate
      CommandName:
      - network application-gateway waf-policy managed-rule rule-set add
      Connection:
      - keep-alive
      ParameterSetName:
      - -g --policy-name --type --version --group-name --rule --rule
      User-Agent:
      - AZURECLI/2.40.0 (PIP) azsdk-python-azure-mgmt-resource/21.1.0b1 Python/3.8.10
        (Windows-10-10.0.19044-SP0)
    method: GET
    uri: https://management.azure.com/subscriptions/00000000-0000-0000-0000-000000000000/resourcegroups/cli_test_app_gateway_waf_policy_managed_rules_000001?api-version=2021-04-01
  response:
    body:
      string: '{"id":"/subscriptions/00000000-0000-0000-0000-000000000000/resourceGroups/cli_test_app_gateway_waf_policy_managed_rules_000001","name":"cli_test_app_gateway_waf_policy_managed_rules_000001","type":"Microsoft.Resources/resourceGroups","location":"westus","tags":{"product":"azurecli","cause":"automation","date":"2022-09-29T04:19:31Z"},"properties":{"provisioningState":"Succeeded"}}'
    headers:
      cache-control:
      - no-cache
      content-length:
      - '382'
      content-type:
      - application/json; charset=utf-8
      date:
      - Thu, 29 Sep 2022 04:19:46 GMT
      expires:
      - '-1'
      pragma:
      - no-cache
      strict-transport-security:
      - max-age=31536000; includeSubDomains
      vary:
      - Accept-Encoding
      x-content-type-options:
      - nosniff
    status:
      code: 200
      message: OK
- request:
    body: null
    headers:
      Accept:
      - application/json
      Accept-Encoding:
      - gzip, deflate
      CommandName:
      - network application-gateway waf-policy managed-rule rule-set add
      Connection:
      - keep-alive
      ParameterSetName:
      - -g --policy-name --type --version --group-name --rule --rule
      User-Agent:
      - AZURECLI/2.40.0 (PIP) (AAZ) azsdk-python-core/1.24.0 Python/3.8.10 (Windows-10-10.0.19044-SP0)
    method: GET
    uri: https://management.azure.com/subscriptions/00000000-0000-0000-0000-000000000000/resourceGroups/cli_test_app_gateway_waf_policy_managed_rules_000001/providers/Microsoft.Network/ApplicationGatewayWebApplicationFirewallPolicies/agp1?api-version=2022-05-01
  response:
    body:
      string: "{\r\n  \"name\": \"agp1\",\r\n  \"id\": \"/subscriptions/00000000-0000-0000-0000-000000000000/resourceGroups/cli_test_app_gateway_waf_policy_managed_rules_000001/providers/Microsoft.Network/ApplicationGatewayWebApplicationFirewallPolicies/agp1\",\r\n
        \ \"etag\": \"W/\\\"553abf02-1a6c-4856-98ef-fc44341d68d1\\\"\",\r\n  \"type\":
        \"Microsoft.Network/ApplicationGatewayWebApplicationFirewallPolicies\",\r\n
        \ \"location\": \"westus\",\r\n  \"properties\": {\r\n    \"provisioningState\":
        \"Succeeded\",\r\n    \"customRules\": [],\r\n    \"policySettings\": {\r\n
        \     \"requestBodyCheck\": true,\r\n      \"maxRequestBodySizeInKb\": 128,\r\n
        \     \"fileUploadLimitInMb\": 100,\r\n      \"state\": \"Disabled\",\r\n
        \     \"mode\": \"Detection\"\r\n    },\r\n    \"managedRules\": {\r\n      \"managedRuleSets\":
        [\r\n        {\r\n          \"ruleSetType\": \"OWASP\",\r\n          \"ruleSetVersion\":
        \"3.0\",\r\n          \"ruleGroupOverrides\": []\r\n        }\r\n      ],\r\n
        \     \"exclusions\": []\r\n    }\r\n  }\r\n}"
    headers:
      cache-control:
      - no-cache
      content-length:
      - '902'
      content-type:
      - application/json; charset=utf-8
      date:
      - Thu, 29 Sep 2022 04:19:46 GMT
      etag:
      - W/"553abf02-1a6c-4856-98ef-fc44341d68d1"
      expires:
      - '-1'
      pragma:
      - no-cache
      server:
      - Microsoft-HTTPAPI/2.0
      - Microsoft-HTTPAPI/2.0
      strict-transport-security:
      - max-age=31536000; includeSubDomains
      transfer-encoding:
      - chunked
      vary:
      - Accept-Encoding
      x-content-type-options:
      - nosniff
      x-ms-arm-service-request-id:
      - e402148a-b984-40a7-8218-3f85e0221e8b
    status:
      code: 200
      message: OK
- request:
    body: '{"id": "/subscriptions/00000000-0000-0000-0000-000000000000/resourceGroups/cli_test_app_gateway_waf_policy_managed_rules_000001/providers/Microsoft.Network/ApplicationGatewayWebApplicationFirewallPolicies/agp1",
      "location": "westus", "properties": {"customRules": [], "managedRules": {"exclusions":
      [], "managedRuleSets": [{"ruleGroupOverrides": [{"ruleGroupName": "REQUEST-921-PROTOCOL-ATTACK",
      "rules": [{"ruleId": "921100"}, {"ruleId": "921110"}]}], "ruleSetType": "OWASP",
      "ruleSetVersion": "3.0"}]}, "policySettings": {"fileUploadLimitInMb": 100, "maxRequestBodySizeInKb":
      128, "mode": "Detection", "requestBodyCheck": true, "state": "Disabled"}}}'
    headers:
      Accept:
      - application/json
      Accept-Encoding:
      - gzip, deflate
      CommandName:
      - network application-gateway waf-policy managed-rule rule-set add
      Connection:
      - keep-alive
      Content-Length:
      - '652'
      Content-Type:
      - application/json
      ParameterSetName:
      - -g --policy-name --type --version --group-name --rule --rule
      User-Agent:
      - AZURECLI/2.40.0 (PIP) (AAZ) azsdk-python-core/1.24.0 Python/3.8.10 (Windows-10-10.0.19044-SP0)
    method: PUT
    uri: https://management.azure.com/subscriptions/00000000-0000-0000-0000-000000000000/resourceGroups/cli_test_app_gateway_waf_policy_managed_rules_000001/providers/Microsoft.Network/ApplicationGatewayWebApplicationFirewallPolicies/agp1?api-version=2022-05-01
  response:
    body:
      string: "{\r\n  \"name\": \"agp1\",\r\n  \"id\": \"/subscriptions/00000000-0000-0000-0000-000000000000/resourceGroups/cli_test_app_gateway_waf_policy_managed_rules_000001/providers/Microsoft.Network/ApplicationGatewayWebApplicationFirewallPolicies/agp1\",\r\n
        \ \"etag\": \"W/\\\"13d941cf-6e79-4e2b-9cc2-dac32602dba3\\\"\",\r\n  \"type\":
        \"Microsoft.Network/ApplicationGatewayWebApplicationFirewallPolicies\",\r\n
        \ \"location\": \"westus\",\r\n  \"properties\": {\r\n    \"provisioningState\":
        \"Updating\",\r\n    \"customRules\": [],\r\n    \"policySettings\": {\r\n
        \     \"requestBodyCheck\": true,\r\n      \"maxRequestBodySizeInKb\": 128,\r\n
        \     \"fileUploadLimitInMb\": 100,\r\n      \"state\": \"Disabled\",\r\n
        \     \"mode\": \"Detection\"\r\n    },\r\n    \"managedRules\": {\r\n      \"managedRuleSets\":
        [\r\n        {\r\n          \"ruleSetType\": \"OWASP\",\r\n          \"ruleSetVersion\":
        \"3.0\",\r\n          \"ruleGroupOverrides\": [\r\n            {\r\n              \"ruleGroupName\":
        \"REQUEST-921-PROTOCOL-ATTACK\",\r\n              \"rules\": [\r\n                {\r\n
        \                 \"ruleId\": \"921100\",\r\n                  \"state\":
        \"Disabled\"\r\n                },\r\n                {\r\n                  \"ruleId\":
        \"921110\",\r\n                  \"state\": \"Disabled\"\r\n                }\r\n
        \             ]\r\n            }\r\n          ]\r\n        }\r\n      ],\r\n
        \     \"exclusions\": []\r\n    }\r\n  }\r\n}"
    headers:
      azure-asyncnotification:
      - Enabled
      azure-asyncoperation:
      - https://management.azure.com/subscriptions/00000000-0000-0000-0000-000000000000/providers/Microsoft.Network/locations/westus/operations/f6212542-aa3e-4b3b-bb5b-f4308479cd71?api-version=2022-05-01
      cache-control:
      - no-cache
      content-length:
      - '1282'
      content-type:
      - application/json; charset=utf-8
      date:
      - Thu, 29 Sep 2022 04:19:47 GMT
      expires:
      - '-1'
      pragma:
      - no-cache
      server:
      - Microsoft-HTTPAPI/2.0
      - Microsoft-HTTPAPI/2.0
      strict-transport-security:
      - max-age=31536000; includeSubDomains
      transfer-encoding:
      - chunked
      vary:
      - Accept-Encoding
      x-content-type-options:
      - nosniff
      x-ms-arm-service-request-id:
      - 60c81309-765f-4b56-9bb6-ea133e7ec3b5
      x-ms-ratelimit-remaining-subscription-writes:
      - '1198'
    status:
      code: 200
      message: OK
- request:
    body: null
    headers:
      Accept:
      - application/json
      Accept-Encoding:
      - gzip, deflate
      CommandName:
      - network application-gateway waf-policy show
      Connection:
      - keep-alive
      ParameterSetName:
      - -g -n
      User-Agent:
      - AZURECLI/2.40.0 (PIP) (AAZ) azsdk-python-core/1.24.0 Python/3.8.10 (Windows-10-10.0.19044-SP0)
    method: GET
    uri: https://management.azure.com/subscriptions/00000000-0000-0000-0000-000000000000/resourceGroups/cli_test_app_gateway_waf_policy_managed_rules_000001/providers/Microsoft.Network/ApplicationGatewayWebApplicationFirewallPolicies/agp1?api-version=2022-05-01
  response:
    body:
      string: "{\r\n  \"name\": \"agp1\",\r\n  \"id\": \"/subscriptions/00000000-0000-0000-0000-000000000000/resourceGroups/cli_test_app_gateway_waf_policy_managed_rules_000001/providers/Microsoft.Network/ApplicationGatewayWebApplicationFirewallPolicies/agp1\",\r\n
        \ \"etag\": \"W/\\\"feeb484f-1d7d-4c30-badf-9dffe0652673\\\"\",\r\n  \"type\":
        \"Microsoft.Network/ApplicationGatewayWebApplicationFirewallPolicies\",\r\n
        \ \"location\": \"westus\",\r\n  \"properties\": {\r\n    \"provisioningState\":
        \"Succeeded\",\r\n    \"customRules\": [],\r\n    \"policySettings\": {\r\n
        \     \"requestBodyCheck\": true,\r\n      \"maxRequestBodySizeInKb\": 128,\r\n
        \     \"fileUploadLimitInMb\": 100,\r\n      \"state\": \"Disabled\",\r\n
        \     \"mode\": \"Detection\"\r\n    },\r\n    \"managedRules\": {\r\n      \"managedRuleSets\":
        [\r\n        {\r\n          \"ruleSetType\": \"OWASP\",\r\n          \"ruleSetVersion\":
        \"3.0\",\r\n          \"ruleGroupOverrides\": [\r\n            {\r\n              \"ruleGroupName\":
        \"REQUEST-921-PROTOCOL-ATTACK\",\r\n              \"rules\": [\r\n                {\r\n
        \                 \"ruleId\": \"921100\",\r\n                  \"state\":
        \"Disabled\"\r\n                },\r\n                {\r\n                  \"ruleId\":
        \"921110\",\r\n                  \"state\": \"Disabled\"\r\n                }\r\n
        \             ]\r\n            }\r\n          ]\r\n        }\r\n      ],\r\n
        \     \"exclusions\": []\r\n    }\r\n  }\r\n}"
    headers:
      cache-control:
      - no-cache
      content-length:
      - '1283'
      content-type:
      - application/json; charset=utf-8
      date:
      - Thu, 29 Sep 2022 04:19:48 GMT
      etag:
      - W/"feeb484f-1d7d-4c30-badf-9dffe0652673"
      expires:
      - '-1'
      pragma:
      - no-cache
      server:
      - Microsoft-HTTPAPI/2.0
      - Microsoft-HTTPAPI/2.0
      strict-transport-security:
      - max-age=31536000; includeSubDomains
      transfer-encoding:
      - chunked
      vary:
      - Accept-Encoding
      x-content-type-options:
      - nosniff
      x-ms-arm-service-request-id:
      - 5b496e67-d431-44b4-88cf-613aaf6cf71a
    status:
      code: 200
      message: OK
- request:
    body: null
    headers:
      Accept:
      - application/json
      Accept-Encoding:
      - gzip, deflate
      CommandName:
      - network application-gateway waf-policy managed-rule rule-set add
      Connection:
      - keep-alive
      ParameterSetName:
      - -g --policy-name --type --version --group-name --rule
      User-Agent:
      - AZURECLI/2.40.0 (PIP) azsdk-python-azure-mgmt-resource/21.1.0b1 Python/3.8.10
        (Windows-10-10.0.19044-SP0)
    method: GET
    uri: https://management.azure.com/subscriptions/00000000-0000-0000-0000-000000000000/resourcegroups/cli_test_app_gateway_waf_policy_managed_rules_000001?api-version=2021-04-01
  response:
    body:
      string: '{"id":"/subscriptions/00000000-0000-0000-0000-000000000000/resourceGroups/cli_test_app_gateway_waf_policy_managed_rules_000001","name":"cli_test_app_gateway_waf_policy_managed_rules_000001","type":"Microsoft.Resources/resourceGroups","location":"westus","tags":{"product":"azurecli","cause":"automation","date":"2022-09-29T04:19:31Z"},"properties":{"provisioningState":"Succeeded"}}'
    headers:
      cache-control:
      - no-cache
      content-length:
      - '382'
      content-type:
      - application/json; charset=utf-8
      date:
      - Thu, 29 Sep 2022 04:19:48 GMT
      expires:
      - '-1'
      pragma:
      - no-cache
      strict-transport-security:
      - max-age=31536000; includeSubDomains
      vary:
      - Accept-Encoding
      x-content-type-options:
      - nosniff
    status:
      code: 200
      message: OK
- request:
    body: null
    headers:
      Accept:
      - application/json
      Accept-Encoding:
      - gzip, deflate
      CommandName:
      - network application-gateway waf-policy managed-rule rule-set add
      Connection:
      - keep-alive
      ParameterSetName:
      - -g --policy-name --type --version --group-name --rule
      User-Agent:
      - AZURECLI/2.40.0 (PIP) (AAZ) azsdk-python-core/1.24.0 Python/3.8.10 (Windows-10-10.0.19044-SP0)
    method: GET
    uri: https://management.azure.com/subscriptions/00000000-0000-0000-0000-000000000000/resourceGroups/cli_test_app_gateway_waf_policy_managed_rules_000001/providers/Microsoft.Network/ApplicationGatewayWebApplicationFirewallPolicies/agp1?api-version=2022-05-01
  response:
    body:
      string: "{\r\n  \"name\": \"agp1\",\r\n  \"id\": \"/subscriptions/00000000-0000-0000-0000-000000000000/resourceGroups/cli_test_app_gateway_waf_policy_managed_rules_000001/providers/Microsoft.Network/ApplicationGatewayWebApplicationFirewallPolicies/agp1\",\r\n
        \ \"etag\": \"W/\\\"feeb484f-1d7d-4c30-badf-9dffe0652673\\\"\",\r\n  \"type\":
        \"Microsoft.Network/ApplicationGatewayWebApplicationFirewallPolicies\",\r\n
        \ \"location\": \"westus\",\r\n  \"properties\": {\r\n    \"provisioningState\":
        \"Succeeded\",\r\n    \"customRules\": [],\r\n    \"policySettings\": {\r\n
        \     \"requestBodyCheck\": true,\r\n      \"maxRequestBodySizeInKb\": 128,\r\n
        \     \"fileUploadLimitInMb\": 100,\r\n      \"state\": \"Disabled\",\r\n
        \     \"mode\": \"Detection\"\r\n    },\r\n    \"managedRules\": {\r\n      \"managedRuleSets\":
        [\r\n        {\r\n          \"ruleSetType\": \"OWASP\",\r\n          \"ruleSetVersion\":
        \"3.0\",\r\n          \"ruleGroupOverrides\": [\r\n            {\r\n              \"ruleGroupName\":
        \"REQUEST-921-PROTOCOL-ATTACK\",\r\n              \"rules\": [\r\n                {\r\n
        \                 \"ruleId\": \"921100\",\r\n                  \"state\":
        \"Disabled\"\r\n                },\r\n                {\r\n                  \"ruleId\":
        \"921110\",\r\n                  \"state\": \"Disabled\"\r\n                }\r\n
        \             ]\r\n            }\r\n          ]\r\n        }\r\n      ],\r\n
        \     \"exclusions\": []\r\n    }\r\n  }\r\n}"
    headers:
      cache-control:
      - no-cache
      content-length:
      - '1283'
      content-type:
      - application/json; charset=utf-8
      date:
      - Thu, 29 Sep 2022 04:19:50 GMT
      etag:
      - W/"feeb484f-1d7d-4c30-badf-9dffe0652673"
      expires:
      - '-1'
      pragma:
      - no-cache
      server:
      - Microsoft-HTTPAPI/2.0
      - Microsoft-HTTPAPI/2.0
      strict-transport-security:
      - max-age=31536000; includeSubDomains
      transfer-encoding:
      - chunked
      vary:
      - Accept-Encoding
      x-content-type-options:
      - nosniff
      x-ms-arm-service-request-id:
      - f508b835-a95e-486d-a0a7-e711eb6351af
    status:
      code: 200
      message: OK
- request:
    body: '{"id": "/subscriptions/00000000-0000-0000-0000-000000000000/resourceGroups/cli_test_app_gateway_waf_policy_managed_rules_000001/providers/Microsoft.Network/ApplicationGatewayWebApplicationFirewallPolicies/agp1",
      "location": "westus", "properties": {"customRules": [], "managedRules": {"exclusions":
      [], "managedRuleSets": [{"ruleGroupOverrides": [{"ruleGroupName": "REQUEST-921-PROTOCOL-ATTACK",
      "rules": [{"ruleId": "921100", "state": "Disabled"}, {"ruleId": "921110", "state":
      "Disabled"}, {"ruleId": "921150"}]}], "ruleSetType": "OWASP", "ruleSetVersion":
      "3.0"}]}, "policySettings": {"fileUploadLimitInMb": 100, "maxRequestBodySizeInKb":
      128, "mode": "Detection", "requestBodyCheck": true, "state": "Disabled"}}}'
    headers:
      Accept:
      - application/json
      Accept-Encoding:
      - gzip, deflate
      CommandName:
      - network application-gateway waf-policy managed-rule rule-set add
      Connection:
      - keep-alive
      Content-Length:
      - '716'
      Content-Type:
      - application/json
      ParameterSetName:
      - -g --policy-name --type --version --group-name --rule
      User-Agent:
      - AZURECLI/2.40.0 (PIP) (AAZ) azsdk-python-core/1.24.0 Python/3.8.10 (Windows-10-10.0.19044-SP0)
    method: PUT
    uri: https://management.azure.com/subscriptions/00000000-0000-0000-0000-000000000000/resourceGroups/cli_test_app_gateway_waf_policy_managed_rules_000001/providers/Microsoft.Network/ApplicationGatewayWebApplicationFirewallPolicies/agp1?api-version=2022-05-01
  response:
    body:
      string: "{\r\n  \"name\": \"agp1\",\r\n  \"id\": \"/subscriptions/00000000-0000-0000-0000-000000000000/resourceGroups/cli_test_app_gateway_waf_policy_managed_rules_000001/providers/Microsoft.Network/ApplicationGatewayWebApplicationFirewallPolicies/agp1\",\r\n
        \ \"etag\": \"W/\\\"e1d1b53d-b81b-4091-b3b0-a7019fdd097e\\\"\",\r\n  \"type\":
        \"Microsoft.Network/ApplicationGatewayWebApplicationFirewallPolicies\",\r\n
        \ \"location\": \"westus\",\r\n  \"properties\": {\r\n    \"provisioningState\":
        \"Updating\",\r\n    \"customRules\": [],\r\n    \"policySettings\": {\r\n
        \     \"requestBodyCheck\": true,\r\n      \"maxRequestBodySizeInKb\": 128,\r\n
        \     \"fileUploadLimitInMb\": 100,\r\n      \"state\": \"Disabled\",\r\n
        \     \"mode\": \"Detection\"\r\n    },\r\n    \"managedRules\": {\r\n      \"managedRuleSets\":
        [\r\n        {\r\n          \"ruleSetType\": \"OWASP\",\r\n          \"ruleSetVersion\":
        \"3.0\",\r\n          \"ruleGroupOverrides\": [\r\n            {\r\n              \"ruleGroupName\":
        \"REQUEST-921-PROTOCOL-ATTACK\",\r\n              \"rules\": [\r\n                {\r\n
        \                 \"ruleId\": \"921100\",\r\n                  \"state\":
        \"Disabled\"\r\n                },\r\n                {\r\n                  \"ruleId\":
        \"921110\",\r\n                  \"state\": \"Disabled\"\r\n                },\r\n
        \               {\r\n                  \"ruleId\": \"921150\",\r\n                  \"state\":
        \"Disabled\"\r\n                }\r\n              ]\r\n            }\r\n
        \         ]\r\n        }\r\n      ],\r\n      \"exclusions\": []\r\n    }\r\n
        \ }\r\n}"
    headers:
      azure-asyncnotification:
      - Enabled
      azure-asyncoperation:
      - https://management.azure.com/subscriptions/00000000-0000-0000-0000-000000000000/providers/Microsoft.Network/locations/westus/operations/ce5d1f93-a02a-464b-b855-cfaf785299ed?api-version=2022-05-01
      cache-control:
      - no-cache
      content-length:
      - '1399'
      content-type:
      - application/json; charset=utf-8
      date:
      - Thu, 29 Sep 2022 04:19:51 GMT
      expires:
      - '-1'
      pragma:
      - no-cache
      server:
      - Microsoft-HTTPAPI/2.0
      - Microsoft-HTTPAPI/2.0
      strict-transport-security:
      - max-age=31536000; includeSubDomains
      transfer-encoding:
      - chunked
      vary:
      - Accept-Encoding
      x-content-type-options:
      - nosniff
      x-ms-arm-service-request-id:
      - 1d6db6a7-5505-4668-a6f0-9081cec7589a
      x-ms-ratelimit-remaining-subscription-writes:
      - '1198'
    status:
      code: 200
      message: OK
- request:
    body: null
    headers:
      Accept:
      - application/json
      Accept-Encoding:
      - gzip, deflate
      CommandName:
      - network application-gateway waf-policy managed-rule rule-set list
      Connection:
      - keep-alive
      ParameterSetName:
      - -g --policy-name
      User-Agent:
      - AZURECLI/2.40.0 (PIP) (AAZ) azsdk-python-core/1.24.0 Python/3.8.10 (Windows-10-10.0.19044-SP0)
    method: GET
    uri: https://management.azure.com/subscriptions/00000000-0000-0000-0000-000000000000/resourceGroups/cli_test_app_gateway_waf_policy_managed_rules_000001/providers/Microsoft.Network/ApplicationGatewayWebApplicationFirewallPolicies/agp1?api-version=2022-05-01
  response:
    body:
      string: "{\r\n  \"name\": \"agp1\",\r\n  \"id\": \"/subscriptions/00000000-0000-0000-0000-000000000000/resourceGroups/cli_test_app_gateway_waf_policy_managed_rules_000001/providers/Microsoft.Network/ApplicationGatewayWebApplicationFirewallPolicies/agp1\",\r\n
        \ \"etag\": \"W/\\\"a79fdf08-4a77-47ac-bb9a-4d333f0d1d9f\\\"\",\r\n  \"type\":
        \"Microsoft.Network/ApplicationGatewayWebApplicationFirewallPolicies\",\r\n
        \ \"location\": \"westus\",\r\n  \"properties\": {\r\n    \"provisioningState\":
        \"Succeeded\",\r\n    \"customRules\": [],\r\n    \"policySettings\": {\r\n
        \     \"requestBodyCheck\": true,\r\n      \"maxRequestBodySizeInKb\": 128,\r\n
        \     \"fileUploadLimitInMb\": 100,\r\n      \"state\": \"Disabled\",\r\n
        \     \"mode\": \"Detection\"\r\n    },\r\n    \"managedRules\": {\r\n      \"managedRuleSets\":
        [\r\n        {\r\n          \"ruleSetType\": \"OWASP\",\r\n          \"ruleSetVersion\":
        \"3.0\",\r\n          \"ruleGroupOverrides\": [\r\n            {\r\n              \"ruleGroupName\":
        \"REQUEST-921-PROTOCOL-ATTACK\",\r\n              \"rules\": [\r\n                {\r\n
        \                 \"ruleId\": \"921100\",\r\n                  \"state\":
        \"Disabled\"\r\n                },\r\n                {\r\n                  \"ruleId\":
        \"921110\",\r\n                  \"state\": \"Disabled\"\r\n                },\r\n
        \               {\r\n                  \"ruleId\": \"921150\",\r\n                  \"state\":
        \"Disabled\"\r\n                }\r\n              ]\r\n            }\r\n
        \         ]\r\n        }\r\n      ],\r\n      \"exclusions\": []\r\n    }\r\n
        \ }\r\n}"
    headers:
      cache-control:
      - no-cache
      content-length:
      - '1400'
      content-type:
      - application/json; charset=utf-8
      date:
      - Thu, 29 Sep 2022 04:19:52 GMT
      etag:
      - W/"a79fdf08-4a77-47ac-bb9a-4d333f0d1d9f"
      expires:
      - '-1'
      pragma:
      - no-cache
      server:
      - Microsoft-HTTPAPI/2.0
      - Microsoft-HTTPAPI/2.0
      strict-transport-security:
      - max-age=31536000; includeSubDomains
      transfer-encoding:
      - chunked
      vary:
      - Accept-Encoding
      x-content-type-options:
      - nosniff
      x-ms-arm-service-request-id:
      - 9f558d53-a37a-477b-a891-4e74d4deeccd
    status:
      code: 200
      message: OK
- request:
    body: null
    headers:
      Accept:
      - application/json
      Accept-Encoding:
      - gzip, deflate
      CommandName:
      - network application-gateway waf-policy managed-rule rule-set add
      Connection:
      - keep-alive
      ParameterSetName:
      - -g --policy-name --type --version --group-name --rule
      User-Agent:
      - AZURECLI/2.40.0 (PIP) azsdk-python-azure-mgmt-resource/21.1.0b1 Python/3.8.10
        (Windows-10-10.0.19044-SP0)
    method: GET
    uri: https://management.azure.com/subscriptions/00000000-0000-0000-0000-000000000000/resourcegroups/cli_test_app_gateway_waf_policy_managed_rules_000001?api-version=2021-04-01
  response:
    body:
      string: '{"id":"/subscriptions/00000000-0000-0000-0000-000000000000/resourceGroups/cli_test_app_gateway_waf_policy_managed_rules_000001","name":"cli_test_app_gateway_waf_policy_managed_rules_000001","type":"Microsoft.Resources/resourceGroups","location":"westus","tags":{"product":"azurecli","cause":"automation","date":"2022-09-29T04:19:31Z"},"properties":{"provisioningState":"Succeeded"}}'
    headers:
      cache-control:
      - no-cache
      content-length:
      - '382'
      content-type:
      - application/json; charset=utf-8
      date:
      - Thu, 29 Sep 2022 04:19:53 GMT
      expires:
      - '-1'
      pragma:
      - no-cache
      strict-transport-security:
      - max-age=31536000; includeSubDomains
      x-content-type-options:
      - nosniff
    status:
      code: 200
      message: OK
- request:
    body: null
    headers:
      Accept:
      - application/json
      Accept-Encoding:
      - gzip, deflate
      CommandName:
      - network application-gateway waf-policy managed-rule rule-set add
      Connection:
      - keep-alive
      ParameterSetName:
      - -g --policy-name --type --version --group-name --rule
      User-Agent:
      - AZURECLI/2.40.0 (PIP) (AAZ) azsdk-python-core/1.24.0 Python/3.8.10 (Windows-10-10.0.19044-SP0)
    method: GET
    uri: https://management.azure.com/subscriptions/00000000-0000-0000-0000-000000000000/resourceGroups/cli_test_app_gateway_waf_policy_managed_rules_000001/providers/Microsoft.Network/ApplicationGatewayWebApplicationFirewallPolicies/agp1?api-version=2022-05-01
  response:
    body:
      string: "{\r\n  \"name\": \"agp1\",\r\n  \"id\": \"/subscriptions/00000000-0000-0000-0000-000000000000/resourceGroups/cli_test_app_gateway_waf_policy_managed_rules_000001/providers/Microsoft.Network/ApplicationGatewayWebApplicationFirewallPolicies/agp1\",\r\n
        \ \"etag\": \"W/\\\"a79fdf08-4a77-47ac-bb9a-4d333f0d1d9f\\\"\",\r\n  \"type\":
        \"Microsoft.Network/ApplicationGatewayWebApplicationFirewallPolicies\",\r\n
        \ \"location\": \"westus\",\r\n  \"properties\": {\r\n    \"provisioningState\":
        \"Succeeded\",\r\n    \"customRules\": [],\r\n    \"policySettings\": {\r\n
        \     \"requestBodyCheck\": true,\r\n      \"maxRequestBodySizeInKb\": 128,\r\n
        \     \"fileUploadLimitInMb\": 100,\r\n      \"state\": \"Disabled\",\r\n
        \     \"mode\": \"Detection\"\r\n    },\r\n    \"managedRules\": {\r\n      \"managedRuleSets\":
        [\r\n        {\r\n          \"ruleSetType\": \"OWASP\",\r\n          \"ruleSetVersion\":
        \"3.0\",\r\n          \"ruleGroupOverrides\": [\r\n            {\r\n              \"ruleGroupName\":
        \"REQUEST-921-PROTOCOL-ATTACK\",\r\n              \"rules\": [\r\n                {\r\n
        \                 \"ruleId\": \"921100\",\r\n                  \"state\":
        \"Disabled\"\r\n                },\r\n                {\r\n                  \"ruleId\":
        \"921110\",\r\n                  \"state\": \"Disabled\"\r\n                },\r\n
        \               {\r\n                  \"ruleId\": \"921150\",\r\n                  \"state\":
        \"Disabled\"\r\n                }\r\n              ]\r\n            }\r\n
        \         ]\r\n        }\r\n      ],\r\n      \"exclusions\": []\r\n    }\r\n
        \ }\r\n}"
    headers:
      cache-control:
      - no-cache
      content-length:
      - '1400'
      content-type:
      - application/json; charset=utf-8
      date:
      - Thu, 29 Sep 2022 04:19:53 GMT
      etag:
      - W/"a79fdf08-4a77-47ac-bb9a-4d333f0d1d9f"
      expires:
      - '-1'
      pragma:
      - no-cache
      server:
      - Microsoft-HTTPAPI/2.0
      - Microsoft-HTTPAPI/2.0
      strict-transport-security:
      - max-age=31536000; includeSubDomains
      transfer-encoding:
      - chunked
      vary:
      - Accept-Encoding
      x-content-type-options:
      - nosniff
      x-ms-arm-service-request-id:
      - 80b8bdfc-e563-4cb8-acc0-07c53ed041d4
    status:
      code: 200
      message: OK
- request:
    body: '{"id": "/subscriptions/00000000-0000-0000-0000-000000000000/resourceGroups/cli_test_app_gateway_waf_policy_managed_rules_000001/providers/Microsoft.Network/ApplicationGatewayWebApplicationFirewallPolicies/agp1",
      "location": "westus", "properties": {"customRules": [], "managedRules": {"exclusions":
      [], "managedRuleSets": [{"ruleGroupOverrides": [{"ruleGroupName": "REQUEST-921-PROTOCOL-ATTACK",
      "rules": [{"ruleId": "921100", "state": "Disabled"}, {"ruleId": "921110", "state":
      "Disabled"}, {"ruleId": "921150", "state": "Disabled"}]}, {"ruleGroupName":
      "REQUEST-913-SCANNER-DETECTION", "rules": [{"ruleId": "913100"}]}], "ruleSetType":
      "OWASP", "ruleSetVersion": "3.0"}]}, "policySettings": {"fileUploadLimitInMb":
      100, "maxRequestBodySizeInKb": 128, "mode": "Detection", "requestBodyCheck":
      true, "state": "Disabled"}}}'
    headers:
      Accept:
      - application/json
      Accept-Encoding:
      - gzip, deflate
      CommandName:
      - network application-gateway waf-policy managed-rule rule-set add
      Connection:
      - keep-alive
      Content-Length:
      - '822'
      Content-Type:
      - application/json
      ParameterSetName:
      - -g --policy-name --type --version --group-name --rule
      User-Agent:
      - AZURECLI/2.40.0 (PIP) (AAZ) azsdk-python-core/1.24.0 Python/3.8.10 (Windows-10-10.0.19044-SP0)
    method: PUT
    uri: https://management.azure.com/subscriptions/00000000-0000-0000-0000-000000000000/resourceGroups/cli_test_app_gateway_waf_policy_managed_rules_000001/providers/Microsoft.Network/ApplicationGatewayWebApplicationFirewallPolicies/agp1?api-version=2022-05-01
  response:
    body:
      string: "{\r\n  \"name\": \"agp1\",\r\n  \"id\": \"/subscriptions/00000000-0000-0000-0000-000000000000/resourceGroups/cli_test_app_gateway_waf_policy_managed_rules_000001/providers/Microsoft.Network/ApplicationGatewayWebApplicationFirewallPolicies/agp1\",\r\n
        \ \"etag\": \"W/\\\"ac1a3eaa-bba7-4224-8e5a-fc6513d068c0\\\"\",\r\n  \"type\":
        \"Microsoft.Network/ApplicationGatewayWebApplicationFirewallPolicies\",\r\n
        \ \"location\": \"westus\",\r\n  \"properties\": {\r\n    \"provisioningState\":
        \"Updating\",\r\n    \"customRules\": [],\r\n    \"policySettings\": {\r\n
        \     \"requestBodyCheck\": true,\r\n      \"maxRequestBodySizeInKb\": 128,\r\n
        \     \"fileUploadLimitInMb\": 100,\r\n      \"state\": \"Disabled\",\r\n
        \     \"mode\": \"Detection\"\r\n    },\r\n    \"managedRules\": {\r\n      \"managedRuleSets\":
        [\r\n        {\r\n          \"ruleSetType\": \"OWASP\",\r\n          \"ruleSetVersion\":
        \"3.0\",\r\n          \"ruleGroupOverrides\": [\r\n            {\r\n              \"ruleGroupName\":
        \"REQUEST-921-PROTOCOL-ATTACK\",\r\n              \"rules\": [\r\n                {\r\n
        \                 \"ruleId\": \"921100\",\r\n                  \"state\":
        \"Disabled\"\r\n                },\r\n                {\r\n                  \"ruleId\":
        \"921110\",\r\n                  \"state\": \"Disabled\"\r\n                },\r\n
        \               {\r\n                  \"ruleId\": \"921150\",\r\n                  \"state\":
        \"Disabled\"\r\n                }\r\n              ]\r\n            },\r\n
        \           {\r\n              \"ruleGroupName\": \"REQUEST-913-SCANNER-DETECTION\",\r\n
        \             \"rules\": [\r\n                {\r\n                  \"ruleId\":
        \"913100\",\r\n                  \"state\": \"Disabled\"\r\n                }\r\n
        \             ]\r\n            }\r\n          ]\r\n        }\r\n      ],\r\n
        \     \"exclusions\": []\r\n    }\r\n  }\r\n}"
    headers:
      azure-asyncnotification:
      - Enabled
      azure-asyncoperation:
      - https://management.azure.com/subscriptions/00000000-0000-0000-0000-000000000000/providers/Microsoft.Network/locations/westus/operations/74e05ca0-7661-41ae-8f06-715038697005?api-version=2022-05-01
      cache-control:
      - no-cache
      content-length:
      - '1654'
      content-type:
      - application/json; charset=utf-8
      date:
      - Thu, 29 Sep 2022 04:19:54 GMT
      expires:
      - '-1'
      pragma:
      - no-cache
      server:
      - Microsoft-HTTPAPI/2.0
      - Microsoft-HTTPAPI/2.0
      strict-transport-security:
      - max-age=31536000; includeSubDomains
      transfer-encoding:
      - chunked
      vary:
      - Accept-Encoding
      x-content-type-options:
      - nosniff
      x-ms-arm-service-request-id:
      - 4a78a77e-d148-4f8e-8c29-a33d602b8fba
      x-ms-ratelimit-remaining-subscription-writes:
      - '1196'
    status:
      code: 200
      message: OK
- request:
    body: null
    headers:
      Accept:
      - application/json
      Accept-Encoding:
      - gzip, deflate
      CommandName:
      - network application-gateway waf-policy managed-rule rule-set list
      Connection:
      - keep-alive
      ParameterSetName:
      - -g --policy-name
      User-Agent:
      - AZURECLI/2.40.0 (PIP) (AAZ) azsdk-python-core/1.24.0 Python/3.8.10 (Windows-10-10.0.19044-SP0)
    method: GET
    uri: https://management.azure.com/subscriptions/00000000-0000-0000-0000-000000000000/resourceGroups/cli_test_app_gateway_waf_policy_managed_rules_000001/providers/Microsoft.Network/ApplicationGatewayWebApplicationFirewallPolicies/agp1?api-version=2022-05-01
  response:
    body:
      string: "{\r\n  \"name\": \"agp1\",\r\n  \"id\": \"/subscriptions/00000000-0000-0000-0000-000000000000/resourceGroups/cli_test_app_gateway_waf_policy_managed_rules_000001/providers/Microsoft.Network/ApplicationGatewayWebApplicationFirewallPolicies/agp1\",\r\n
        \ \"etag\": \"W/\\\"861ccd67-09c4-405c-92b4-153c5922e009\\\"\",\r\n  \"type\":
        \"Microsoft.Network/ApplicationGatewayWebApplicationFirewallPolicies\",\r\n
        \ \"location\": \"westus\",\r\n  \"properties\": {\r\n    \"provisioningState\":
        \"Succeeded\",\r\n    \"customRules\": [],\r\n    \"policySettings\": {\r\n
        \     \"requestBodyCheck\": true,\r\n      \"maxRequestBodySizeInKb\": 128,\r\n
        \     \"fileUploadLimitInMb\": 100,\r\n      \"state\": \"Disabled\",\r\n
        \     \"mode\": \"Detection\"\r\n    },\r\n    \"managedRules\": {\r\n      \"managedRuleSets\":
        [\r\n        {\r\n          \"ruleSetType\": \"OWASP\",\r\n          \"ruleSetVersion\":
        \"3.0\",\r\n          \"ruleGroupOverrides\": [\r\n            {\r\n              \"ruleGroupName\":
        \"REQUEST-921-PROTOCOL-ATTACK\",\r\n              \"rules\": [\r\n                {\r\n
        \                 \"ruleId\": \"921100\",\r\n                  \"state\":
        \"Disabled\"\r\n                },\r\n                {\r\n                  \"ruleId\":
        \"921110\",\r\n                  \"state\": \"Disabled\"\r\n                },\r\n
        \               {\r\n                  \"ruleId\": \"921150\",\r\n                  \"state\":
        \"Disabled\"\r\n                }\r\n              ]\r\n            },\r\n
        \           {\r\n              \"ruleGroupName\": \"REQUEST-913-SCANNER-DETECTION\",\r\n
        \             \"rules\": [\r\n                {\r\n                  \"ruleId\":
        \"913100\",\r\n                  \"state\": \"Disabled\"\r\n                }\r\n
        \             ]\r\n            }\r\n          ]\r\n        }\r\n      ],\r\n
        \     \"exclusions\": []\r\n    }\r\n  }\r\n}"
    headers:
      cache-control:
      - no-cache
      content-length:
      - '1655'
      content-type:
      - application/json; charset=utf-8
      date:
      - Thu, 29 Sep 2022 04:19:55 GMT
      etag:
      - W/"861ccd67-09c4-405c-92b4-153c5922e009"
      expires:
      - '-1'
      pragma:
      - no-cache
      server:
      - Microsoft-HTTPAPI/2.0
      - Microsoft-HTTPAPI/2.0
      strict-transport-security:
      - max-age=31536000; includeSubDomains
      transfer-encoding:
      - chunked
      vary:
      - Accept-Encoding
      x-content-type-options:
      - nosniff
      x-ms-arm-service-request-id:
      - 5b072de0-0a61-45b8-bef4-eab46883c163
    status:
      code: 200
      message: OK
- request:
    body: null
    headers:
      Accept:
      - application/json
      Accept-Encoding:
      - gzip, deflate
      CommandName:
      - network application-gateway waf-policy managed-rule rule-set update
      Connection:
      - keep-alive
      ParameterSetName:
      - -g --policy-name --type --version --group-name --rule --rule
      User-Agent:
      - AZURECLI/2.40.0 (PIP) azsdk-python-azure-mgmt-resource/21.1.0b1 Python/3.8.10
        (Windows-10-10.0.19044-SP0)
    method: GET
    uri: https://management.azure.com/subscriptions/00000000-0000-0000-0000-000000000000/resourcegroups/cli_test_app_gateway_waf_policy_managed_rules_000001?api-version=2021-04-01
  response:
    body:
      string: '{"id":"/subscriptions/00000000-0000-0000-0000-000000000000/resourceGroups/cli_test_app_gateway_waf_policy_managed_rules_000001","name":"cli_test_app_gateway_waf_policy_managed_rules_000001","type":"Microsoft.Resources/resourceGroups","location":"westus","tags":{"product":"azurecli","cause":"automation","date":"2022-09-29T04:19:31Z"},"properties":{"provisioningState":"Succeeded"}}'
    headers:
      cache-control:
      - no-cache
      content-length:
      - '382'
      content-type:
      - application/json; charset=utf-8
      date:
      - Thu, 29 Sep 2022 04:19:56 GMT
      expires:
      - '-1'
      pragma:
      - no-cache
      strict-transport-security:
      - max-age=31536000; includeSubDomains
      vary:
      - Accept-Encoding
      x-content-type-options:
      - nosniff
    status:
      code: 200
      message: OK
- request:
    body: null
    headers:
      Accept:
      - application/json
      Accept-Encoding:
      - gzip, deflate
      CommandName:
      - network application-gateway waf-policy managed-rule rule-set update
      Connection:
      - keep-alive
      ParameterSetName:
      - -g --policy-name --type --version --group-name --rule --rule
      User-Agent:
      - AZURECLI/2.40.0 (PIP) (AAZ) azsdk-python-core/1.24.0 Python/3.8.10 (Windows-10-10.0.19044-SP0)
    method: GET
    uri: https://management.azure.com/subscriptions/00000000-0000-0000-0000-000000000000/resourceGroups/cli_test_app_gateway_waf_policy_managed_rules_000001/providers/Microsoft.Network/ApplicationGatewayWebApplicationFirewallPolicies/agp1?api-version=2022-05-01
  response:
    body:
      string: "{\r\n  \"name\": \"agp1\",\r\n  \"id\": \"/subscriptions/00000000-0000-0000-0000-000000000000/resourceGroups/cli_test_app_gateway_waf_policy_managed_rules_000001/providers/Microsoft.Network/ApplicationGatewayWebApplicationFirewallPolicies/agp1\",\r\n
        \ \"etag\": \"W/\\\"861ccd67-09c4-405c-92b4-153c5922e009\\\"\",\r\n  \"type\":
        \"Microsoft.Network/ApplicationGatewayWebApplicationFirewallPolicies\",\r\n
        \ \"location\": \"westus\",\r\n  \"properties\": {\r\n    \"provisioningState\":
        \"Succeeded\",\r\n    \"customRules\": [],\r\n    \"policySettings\": {\r\n
        \     \"requestBodyCheck\": true,\r\n      \"maxRequestBodySizeInKb\": 128,\r\n
        \     \"fileUploadLimitInMb\": 100,\r\n      \"state\": \"Disabled\",\r\n
        \     \"mode\": \"Detection\"\r\n    },\r\n    \"managedRules\": {\r\n      \"managedRuleSets\":
        [\r\n        {\r\n          \"ruleSetType\": \"OWASP\",\r\n          \"ruleSetVersion\":
        \"3.0\",\r\n          \"ruleGroupOverrides\": [\r\n            {\r\n              \"ruleGroupName\":
        \"REQUEST-921-PROTOCOL-ATTACK\",\r\n              \"rules\": [\r\n                {\r\n
        \                 \"ruleId\": \"921100\",\r\n                  \"state\":
        \"Disabled\"\r\n                },\r\n                {\r\n                  \"ruleId\":
        \"921110\",\r\n                  \"state\": \"Disabled\"\r\n                },\r\n
        \               {\r\n                  \"ruleId\": \"921150\",\r\n                  \"state\":
        \"Disabled\"\r\n                }\r\n              ]\r\n            },\r\n
        \           {\r\n              \"ruleGroupName\": \"REQUEST-913-SCANNER-DETECTION\",\r\n
        \             \"rules\": [\r\n                {\r\n                  \"ruleId\":
        \"913100\",\r\n                  \"state\": \"Disabled\"\r\n                }\r\n
        \             ]\r\n            }\r\n          ]\r\n        }\r\n      ],\r\n
        \     \"exclusions\": []\r\n    }\r\n  }\r\n}"
    headers:
      cache-control:
      - no-cache
      content-length:
      - '1655'
      content-type:
      - application/json; charset=utf-8
      date:
      - Thu, 29 Sep 2022 04:19:57 GMT
      etag:
      - W/"861ccd67-09c4-405c-92b4-153c5922e009"
      expires:
      - '-1'
      pragma:
      - no-cache
      server:
      - Microsoft-HTTPAPI/2.0
      - Microsoft-HTTPAPI/2.0
      strict-transport-security:
      - max-age=31536000; includeSubDomains
      transfer-encoding:
      - chunked
      vary:
      - Accept-Encoding
      x-content-type-options:
      - nosniff
      x-ms-arm-service-request-id:
      - eceae862-1bc9-4b61-b58d-cc7f726caabb
    status:
      code: 200
      message: OK
- request:
    body: '{"id": "/subscriptions/00000000-0000-0000-0000-000000000000/resourceGroups/cli_test_app_gateway_waf_policy_managed_rules_000001/providers/Microsoft.Network/ApplicationGatewayWebApplicationFirewallPolicies/agp1",
      "location": "westus", "properties": {"customRules": [], "managedRules": {"exclusions":
      [], "managedRuleSets": [{"ruleGroupOverrides": [{"ruleGroupName": "REQUEST-921-PROTOCOL-ATTACK",
      "rules": [{"ruleId": "921100"}, {"ruleId": "921150"}]}, {"ruleGroupName": "REQUEST-913-SCANNER-DETECTION",
      "rules": [{"ruleId": "913100", "state": "Disabled"}]}], "ruleSetType": "OWASP",
      "ruleSetVersion": "3.0"}]}, "policySettings": {"fileUploadLimitInMb": 100, "maxRequestBodySizeInKb":
      128, "mode": "Detection", "requestBodyCheck": true, "state": "Disabled"}}}'
    headers:
      Accept:
      - application/json
      Accept-Encoding:
      - gzip, deflate
      CommandName:
      - network application-gateway waf-policy managed-rule rule-set update
      Connection:
      - keep-alive
      Content-Length:
      - '758'
      Content-Type:
      - application/json
      ParameterSetName:
      - -g --policy-name --type --version --group-name --rule --rule
      User-Agent:
      - AZURECLI/2.40.0 (PIP) (AAZ) azsdk-python-core/1.24.0 Python/3.8.10 (Windows-10-10.0.19044-SP0)
    method: PUT
    uri: https://management.azure.com/subscriptions/00000000-0000-0000-0000-000000000000/resourceGroups/cli_test_app_gateway_waf_policy_managed_rules_000001/providers/Microsoft.Network/ApplicationGatewayWebApplicationFirewallPolicies/agp1?api-version=2022-05-01
  response:
    body:
      string: "{\r\n  \"name\": \"agp1\",\r\n  \"id\": \"/subscriptions/00000000-0000-0000-0000-000000000000/resourceGroups/cli_test_app_gateway_waf_policy_managed_rules_000001/providers/Microsoft.Network/ApplicationGatewayWebApplicationFirewallPolicies/agp1\",\r\n
        \ \"etag\": \"W/\\\"f938be46-005f-4e28-b6de-7df05c6fb989\\\"\",\r\n  \"type\":
        \"Microsoft.Network/ApplicationGatewayWebApplicationFirewallPolicies\",\r\n
        \ \"location\": \"westus\",\r\n  \"properties\": {\r\n    \"provisioningState\":
        \"Updating\",\r\n    \"customRules\": [],\r\n    \"policySettings\": {\r\n
        \     \"requestBodyCheck\": true,\r\n      \"maxRequestBodySizeInKb\": 128,\r\n
        \     \"fileUploadLimitInMb\": 100,\r\n      \"state\": \"Disabled\",\r\n
        \     \"mode\": \"Detection\"\r\n    },\r\n    \"managedRules\": {\r\n      \"managedRuleSets\":
        [\r\n        {\r\n          \"ruleSetType\": \"OWASP\",\r\n          \"ruleSetVersion\":
        \"3.0\",\r\n          \"ruleGroupOverrides\": [\r\n            {\r\n              \"ruleGroupName\":
        \"REQUEST-921-PROTOCOL-ATTACK\",\r\n              \"rules\": [\r\n                {\r\n
        \                 \"ruleId\": \"921100\",\r\n                  \"state\":
        \"Disabled\"\r\n                },\r\n                {\r\n                  \"ruleId\":
        \"921150\",\r\n                  \"state\": \"Disabled\"\r\n                }\r\n
        \             ]\r\n            },\r\n            {\r\n              \"ruleGroupName\":
        \"REQUEST-913-SCANNER-DETECTION\",\r\n              \"rules\": [\r\n                {\r\n
        \                 \"ruleId\": \"913100\",\r\n                  \"state\":
        \"Disabled\"\r\n                }\r\n              ]\r\n            }\r\n
        \         ]\r\n        }\r\n      ],\r\n      \"exclusions\": []\r\n    }\r\n
        \ }\r\n}"
    headers:
      azure-asyncnotification:
      - Enabled
      azure-asyncoperation:
      - https://management.azure.com/subscriptions/00000000-0000-0000-0000-000000000000/providers/Microsoft.Network/locations/westus/operations/5640b54b-5545-4bcb-a973-84f3b9bd85de?api-version=2022-05-01
      cache-control:
      - no-cache
      content-length:
      - '1537'
      content-type:
      - application/json; charset=utf-8
      date:
      - Thu, 29 Sep 2022 04:19:59 GMT
      expires:
      - '-1'
      pragma:
      - no-cache
      server:
      - Microsoft-HTTPAPI/2.0
      - Microsoft-HTTPAPI/2.0
      strict-transport-security:
      - max-age=31536000; includeSubDomains
      transfer-encoding:
      - chunked
      vary:
      - Accept-Encoding
      x-content-type-options:
      - nosniff
      x-ms-arm-service-request-id:
      - 7db285f8-b75a-42a8-84f2-70efd0357c75
      x-ms-ratelimit-remaining-subscription-writes:
      - '1198'
    status:
      code: 200
      message: OK
- request:
    body: null
    headers:
      Accept:
      - application/json
      Accept-Encoding:
      - gzip, deflate
      CommandName:
      - network application-gateway waf-policy managed-rule rule-set list
      Connection:
      - keep-alive
      ParameterSetName:
      - -g --policy-name
      User-Agent:
      - AZURECLI/2.40.0 (PIP) (AAZ) azsdk-python-core/1.24.0 Python/3.8.10 (Windows-10-10.0.19044-SP0)
    method: GET
    uri: https://management.azure.com/subscriptions/00000000-0000-0000-0000-000000000000/resourceGroups/cli_test_app_gateway_waf_policy_managed_rules_000001/providers/Microsoft.Network/ApplicationGatewayWebApplicationFirewallPolicies/agp1?api-version=2022-05-01
  response:
    body:
      string: "{\r\n  \"name\": \"agp1\",\r\n  \"id\": \"/subscriptions/00000000-0000-0000-0000-000000000000/resourceGroups/cli_test_app_gateway_waf_policy_managed_rules_000001/providers/Microsoft.Network/ApplicationGatewayWebApplicationFirewallPolicies/agp1\",\r\n
        \ \"etag\": \"W/\\\"48c60cfb-5129-4399-b88e-ec60263ab11a\\\"\",\r\n  \"type\":
        \"Microsoft.Network/ApplicationGatewayWebApplicationFirewallPolicies\",\r\n
        \ \"location\": \"westus\",\r\n  \"properties\": {\r\n    \"provisioningState\":
        \"Succeeded\",\r\n    \"customRules\": [],\r\n    \"policySettings\": {\r\n
        \     \"requestBodyCheck\": true,\r\n      \"maxRequestBodySizeInKb\": 128,\r\n
        \     \"fileUploadLimitInMb\": 100,\r\n      \"state\": \"Disabled\",\r\n
        \     \"mode\": \"Detection\"\r\n    },\r\n    \"managedRules\": {\r\n      \"managedRuleSets\":
        [\r\n        {\r\n          \"ruleSetType\": \"OWASP\",\r\n          \"ruleSetVersion\":
        \"3.0\",\r\n          \"ruleGroupOverrides\": [\r\n            {\r\n              \"ruleGroupName\":
        \"REQUEST-921-PROTOCOL-ATTACK\",\r\n              \"rules\": [\r\n                {\r\n
        \                 \"ruleId\": \"921100\",\r\n                  \"state\":
        \"Disabled\"\r\n                },\r\n                {\r\n                  \"ruleId\":
        \"921150\",\r\n                  \"state\": \"Disabled\"\r\n                }\r\n
        \             ]\r\n            },\r\n            {\r\n              \"ruleGroupName\":
        \"REQUEST-913-SCANNER-DETECTION\",\r\n              \"rules\": [\r\n                {\r\n
        \                 \"ruleId\": \"913100\",\r\n                  \"state\":
        \"Disabled\"\r\n                }\r\n              ]\r\n            }\r\n
        \         ]\r\n        }\r\n      ],\r\n      \"exclusions\": []\r\n    }\r\n
        \ }\r\n}"
    headers:
      cache-control:
      - no-cache
      content-length:
      - '1538'
      content-type:
      - application/json; charset=utf-8
      date:
      - Thu, 29 Sep 2022 04:20:00 GMT
      etag:
      - W/"48c60cfb-5129-4399-b88e-ec60263ab11a"
      expires:
      - '-1'
      pragma:
      - no-cache
      server:
      - Microsoft-HTTPAPI/2.0
      - Microsoft-HTTPAPI/2.0
      strict-transport-security:
      - max-age=31536000; includeSubDomains
      x-content-type-options:
      - nosniff
      x-ms-arm-service-request-id:
      - f1291013-a154-4cc8-b225-4bf9913ab36f
    status:
      code: 200
      message: OK
- request:
    body: null
    headers:
      Accept:
      - application/json
      Accept-Encoding:
      - gzip, deflate
      CommandName:
      - network application-gateway waf-policy managed-rule rule-set remove
      Connection:
      - keep-alive
      ParameterSetName:
      - -g --policy-name --type --version --group-name
      User-Agent:
      - AZURECLI/2.40.0 (PIP) azsdk-python-azure-mgmt-resource/21.1.0b1 Python/3.8.10
        (Windows-10-10.0.19044-SP0)
    method: GET
    uri: https://management.azure.com/subscriptions/00000000-0000-0000-0000-000000000000/resourcegroups/cli_test_app_gateway_waf_policy_managed_rules_000001?api-version=2021-04-01
  response:
    body:
      string: '{"id":"/subscriptions/00000000-0000-0000-0000-000000000000/resourceGroups/cli_test_app_gateway_waf_policy_managed_rules_000001","name":"cli_test_app_gateway_waf_policy_managed_rules_000001","type":"Microsoft.Resources/resourceGroups","location":"westus","tags":{"product":"azurecli","cause":"automation","date":"2022-09-29T04:19:31Z"},"properties":{"provisioningState":"Succeeded"}}'
    headers:
      cache-control:
      - no-cache
      content-length:
      - '382'
      content-type:
      - application/json; charset=utf-8
      date:
      - Thu, 29 Sep 2022 04:20:00 GMT
      expires:
      - '-1'
      pragma:
      - no-cache
      strict-transport-security:
      - max-age=31536000; includeSubDomains
      vary:
      - Accept-Encoding
      x-content-type-options:
      - nosniff
    status:
      code: 200
      message: OK
- request:
    body: null
    headers:
      Accept:
      - application/json
      Accept-Encoding:
      - gzip, deflate
      CommandName:
      - network application-gateway waf-policy managed-rule rule-set remove
      Connection:
      - keep-alive
      ParameterSetName:
      - -g --policy-name --type --version --group-name
      User-Agent:
      - AZURECLI/2.40.0 (PIP) (AAZ) azsdk-python-core/1.24.0 Python/3.8.10 (Windows-10-10.0.19044-SP0)
    method: GET
    uri: https://management.azure.com/subscriptions/00000000-0000-0000-0000-000000000000/resourceGroups/cli_test_app_gateway_waf_policy_managed_rules_000001/providers/Microsoft.Network/ApplicationGatewayWebApplicationFirewallPolicies/agp1?api-version=2022-05-01
  response:
    body:
      string: "{\r\n  \"name\": \"agp1\",\r\n  \"id\": \"/subscriptions/00000000-0000-0000-0000-000000000000/resourceGroups/cli_test_app_gateway_waf_policy_managed_rules_000001/providers/Microsoft.Network/ApplicationGatewayWebApplicationFirewallPolicies/agp1\",\r\n
        \ \"etag\": \"W/\\\"48c60cfb-5129-4399-b88e-ec60263ab11a\\\"\",\r\n  \"type\":
        \"Microsoft.Network/ApplicationGatewayWebApplicationFirewallPolicies\",\r\n
        \ \"location\": \"westus\",\r\n  \"properties\": {\r\n    \"provisioningState\":
        \"Succeeded\",\r\n    \"customRules\": [],\r\n    \"policySettings\": {\r\n
        \     \"requestBodyCheck\": true,\r\n      \"maxRequestBodySizeInKb\": 128,\r\n
        \     \"fileUploadLimitInMb\": 100,\r\n      \"state\": \"Disabled\",\r\n
        \     \"mode\": \"Detection\"\r\n    },\r\n    \"managedRules\": {\r\n      \"managedRuleSets\":
        [\r\n        {\r\n          \"ruleSetType\": \"OWASP\",\r\n          \"ruleSetVersion\":
        \"3.0\",\r\n          \"ruleGroupOverrides\": [\r\n            {\r\n              \"ruleGroupName\":
        \"REQUEST-921-PROTOCOL-ATTACK\",\r\n              \"rules\": [\r\n                {\r\n
        \                 \"ruleId\": \"921100\",\r\n                  \"state\":
        \"Disabled\"\r\n                },\r\n                {\r\n                  \"ruleId\":
        \"921150\",\r\n                  \"state\": \"Disabled\"\r\n                }\r\n
        \             ]\r\n            },\r\n            {\r\n              \"ruleGroupName\":
        \"REQUEST-913-SCANNER-DETECTION\",\r\n              \"rules\": [\r\n                {\r\n
        \                 \"ruleId\": \"913100\",\r\n                  \"state\":
        \"Disabled\"\r\n                }\r\n              ]\r\n            }\r\n
        \         ]\r\n        }\r\n      ],\r\n      \"exclusions\": []\r\n    }\r\n
        \ }\r\n}"
    headers:
      cache-control:
      - no-cache
      content-length:
      - '1538'
      content-type:
      - application/json; charset=utf-8
      date:
      - Thu, 29 Sep 2022 04:20:01 GMT
      etag:
      - W/"48c60cfb-5129-4399-b88e-ec60263ab11a"
      expires:
      - '-1'
      pragma:
      - no-cache
      server:
      - Microsoft-HTTPAPI/2.0
      - Microsoft-HTTPAPI/2.0
      strict-transport-security:
      - max-age=31536000; includeSubDomains
      transfer-encoding:
      - chunked
      vary:
      - Accept-Encoding
      x-content-type-options:
      - nosniff
      x-ms-arm-service-request-id:
      - 197bf902-12ef-4a2f-ac2d-f277fd5aa01e
    status:
      code: 200
      message: OK
- request:
    body: '{"id": "/subscriptions/00000000-0000-0000-0000-000000000000/resourceGroups/cli_test_app_gateway_waf_policy_managed_rules_000001/providers/Microsoft.Network/ApplicationGatewayWebApplicationFirewallPolicies/agp1",
      "location": "westus", "properties": {"customRules": [], "managedRules": {"exclusions":
      [], "managedRuleSets": [{"ruleGroupOverrides": [{"ruleGroupName": "REQUEST-913-SCANNER-DETECTION",
      "rules": [{"ruleId": "913100", "state": "Disabled"}]}], "ruleSetType": "OWASP",
      "ruleSetVersion": "3.0"}]}, "policySettings": {"fileUploadLimitInMb": 100, "maxRequestBodySizeInKb":
      128, "mode": "Detection", "requestBodyCheck": true, "state": "Disabled"}}}'
    headers:
      Accept:
      - application/json
      Accept-Encoding:
      - gzip, deflate
      CommandName:
      - network application-gateway waf-policy managed-rule rule-set remove
      Connection:
      - keep-alive
      Content-Length:
      - '653'
      Content-Type:
      - application/json
      ParameterSetName:
      - -g --policy-name --type --version --group-name
      User-Agent:
      - AZURECLI/2.40.0 (PIP) (AAZ) azsdk-python-core/1.24.0 Python/3.8.10 (Windows-10-10.0.19044-SP0)
    method: PUT
    uri: https://management.azure.com/subscriptions/00000000-0000-0000-0000-000000000000/resourceGroups/cli_test_app_gateway_waf_policy_managed_rules_000001/providers/Microsoft.Network/ApplicationGatewayWebApplicationFirewallPolicies/agp1?api-version=2022-05-01
  response:
    body:
      string: "{\r\n  \"name\": \"agp1\",\r\n  \"id\": \"/subscriptions/00000000-0000-0000-0000-000000000000/resourceGroups/cli_test_app_gateway_waf_policy_managed_rules_000001/providers/Microsoft.Network/ApplicationGatewayWebApplicationFirewallPolicies/agp1\",\r\n
        \ \"etag\": \"W/\\\"abb304e4-a0a2-4db7-9895-0ab87b223e33\\\"\",\r\n  \"type\":
        \"Microsoft.Network/ApplicationGatewayWebApplicationFirewallPolicies\",\r\n
        \ \"location\": \"westus\",\r\n  \"properties\": {\r\n    \"provisioningState\":
        \"Updating\",\r\n    \"customRules\": [],\r\n    \"policySettings\": {\r\n
        \     \"requestBodyCheck\": true,\r\n      \"maxRequestBodySizeInKb\": 128,\r\n
        \     \"fileUploadLimitInMb\": 100,\r\n      \"state\": \"Disabled\",\r\n
        \     \"mode\": \"Detection\"\r\n    },\r\n    \"managedRules\": {\r\n      \"managedRuleSets\":
        [\r\n        {\r\n          \"ruleSetType\": \"OWASP\",\r\n          \"ruleSetVersion\":
        \"3.0\",\r\n          \"ruleGroupOverrides\": [\r\n            {\r\n              \"ruleGroupName\":
        \"REQUEST-913-SCANNER-DETECTION\",\r\n              \"rules\": [\r\n                {\r\n
        \                 \"ruleId\": \"913100\",\r\n                  \"state\":
        \"Disabled\"\r\n                }\r\n              ]\r\n            }\r\n
        \         ]\r\n        }\r\n      ],\r\n      \"exclusions\": []\r\n    }\r\n
        \ }\r\n}"
    headers:
      azure-asyncnotification:
      - Enabled
      azure-asyncoperation:
      - https://management.azure.com/subscriptions/00000000-0000-0000-0000-000000000000/providers/Microsoft.Network/locations/westus/operations/684c2488-9b7e-445f-96a8-25896a7d86ad?api-version=2022-05-01
      cache-control:
      - no-cache
      content-length:
      - '1167'
      content-type:
      - application/json; charset=utf-8
      date:
      - Thu, 29 Sep 2022 04:20:03 GMT
      expires:
      - '-1'
      pragma:
      - no-cache
      server:
      - Microsoft-HTTPAPI/2.0
      - Microsoft-HTTPAPI/2.0
      strict-transport-security:
      - max-age=31536000; includeSubDomains
      transfer-encoding:
      - chunked
      vary:
      - Accept-Encoding
      x-content-type-options:
      - nosniff
      x-ms-arm-service-request-id:
      - b8ccdb6c-c4a2-4579-afbc-8b616abdf8d1
      x-ms-ratelimit-remaining-subscription-writes:
      - '1199'
    status:
      code: 200
      message: OK
- request:
    body: null
    headers:
      Accept:
      - application/json
      Accept-Encoding:
      - gzip, deflate
      CommandName:
      - network application-gateway waf-policy managed-rule rule-set list
      Connection:
      - keep-alive
      ParameterSetName:
      - -g --policy-name
      User-Agent:
      - AZURECLI/2.40.0 (PIP) (AAZ) azsdk-python-core/1.24.0 Python/3.8.10 (Windows-10-10.0.19044-SP0)
    method: GET
    uri: https://management.azure.com/subscriptions/00000000-0000-0000-0000-000000000000/resourceGroups/cli_test_app_gateway_waf_policy_managed_rules_000001/providers/Microsoft.Network/ApplicationGatewayWebApplicationFirewallPolicies/agp1?api-version=2022-05-01
  response:
    body:
      string: "{\r\n  \"name\": \"agp1\",\r\n  \"id\": \"/subscriptions/00000000-0000-0000-0000-000000000000/resourceGroups/cli_test_app_gateway_waf_policy_managed_rules_000001/providers/Microsoft.Network/ApplicationGatewayWebApplicationFirewallPolicies/agp1\",\r\n
        \ \"etag\": \"W/\\\"f02405c6-a254-4274-9776-9b0f30f27226\\\"\",\r\n  \"type\":
        \"Microsoft.Network/ApplicationGatewayWebApplicationFirewallPolicies\",\r\n
        \ \"location\": \"westus\",\r\n  \"properties\": {\r\n    \"provisioningState\":
        \"Succeeded\",\r\n    \"customRules\": [],\r\n    \"policySettings\": {\r\n
        \     \"requestBodyCheck\": true,\r\n      \"maxRequestBodySizeInKb\": 128,\r\n
        \     \"fileUploadLimitInMb\": 100,\r\n      \"state\": \"Disabled\",\r\n
        \     \"mode\": \"Detection\"\r\n    },\r\n    \"managedRules\": {\r\n      \"managedRuleSets\":
        [\r\n        {\r\n          \"ruleSetType\": \"OWASP\",\r\n          \"ruleSetVersion\":
        \"3.0\",\r\n          \"ruleGroupOverrides\": [\r\n            {\r\n              \"ruleGroupName\":
        \"REQUEST-913-SCANNER-DETECTION\",\r\n              \"rules\": [\r\n                {\r\n
        \                 \"ruleId\": \"913100\",\r\n                  \"state\":
        \"Disabled\"\r\n                }\r\n              ]\r\n            }\r\n
        \         ]\r\n        }\r\n      ],\r\n      \"exclusions\": []\r\n    }\r\n
        \ }\r\n}"
    headers:
      cache-control:
      - no-cache
      content-length:
      - '1168'
      content-type:
      - application/json; charset=utf-8
      date:
      - Thu, 29 Sep 2022 04:20:03 GMT
      etag:
      - W/"f02405c6-a254-4274-9776-9b0f30f27226"
      expires:
      - '-1'
      pragma:
      - no-cache
      server:
      - Microsoft-HTTPAPI/2.0
      - Microsoft-HTTPAPI/2.0
      strict-transport-security:
      - max-age=31536000; includeSubDomains
      transfer-encoding:
      - chunked
      vary:
      - Accept-Encoding
      x-content-type-options:
      - nosniff
      x-ms-arm-service-request-id:
      - 49c7a73e-ce2e-46ab-a48b-43e8ab932aac
    status:
      code: 200
      message: OK
- request:
    body: null
    headers:
      Accept:
      - application/json
      Accept-Encoding:
      - gzip, deflate
      CommandName:
      - network application-gateway waf-policy managed-rule rule-set update
      Connection:
      - keep-alive
      ParameterSetName:
      - -g --policy-name --type --version
      User-Agent:
      - AZURECLI/2.40.0 (PIP) azsdk-python-azure-mgmt-resource/21.1.0b1 Python/3.8.10
        (Windows-10-10.0.19044-SP0)
    method: GET
    uri: https://management.azure.com/subscriptions/00000000-0000-0000-0000-000000000000/resourcegroups/cli_test_app_gateway_waf_policy_managed_rules_000001?api-version=2021-04-01
  response:
    body:
      string: '{"id":"/subscriptions/00000000-0000-0000-0000-000000000000/resourceGroups/cli_test_app_gateway_waf_policy_managed_rules_000001","name":"cli_test_app_gateway_waf_policy_managed_rules_000001","type":"Microsoft.Resources/resourceGroups","location":"westus","tags":{"product":"azurecli","cause":"automation","date":"2022-09-29T04:19:31Z"},"properties":{"provisioningState":"Succeeded"}}'
    headers:
      cache-control:
      - no-cache
      content-length:
      - '382'
      content-type:
      - application/json; charset=utf-8
      date:
      - Thu, 29 Sep 2022 04:20:04 GMT
      expires:
      - '-1'
      pragma:
      - no-cache
      strict-transport-security:
      - max-age=31536000; includeSubDomains
      vary:
      - Accept-Encoding
      x-content-type-options:
      - nosniff
    status:
      code: 200
      message: OK
- request:
    body: null
    headers:
      Accept:
      - application/json
      Accept-Encoding:
      - gzip, deflate
      CommandName:
      - network application-gateway waf-policy managed-rule rule-set update
      Connection:
      - keep-alive
      ParameterSetName:
      - -g --policy-name --type --version
      User-Agent:
      - AZURECLI/2.40.0 (PIP) (AAZ) azsdk-python-core/1.24.0 Python/3.8.10 (Windows-10-10.0.19044-SP0)
    method: GET
    uri: https://management.azure.com/subscriptions/00000000-0000-0000-0000-000000000000/resourceGroups/cli_test_app_gateway_waf_policy_managed_rules_000001/providers/Microsoft.Network/ApplicationGatewayWebApplicationFirewallPolicies/agp1?api-version=2022-05-01
  response:
    body:
      string: "{\r\n  \"name\": \"agp1\",\r\n  \"id\": \"/subscriptions/00000000-0000-0000-0000-000000000000/resourceGroups/cli_test_app_gateway_waf_policy_managed_rules_000001/providers/Microsoft.Network/ApplicationGatewayWebApplicationFirewallPolicies/agp1\",\r\n
        \ \"etag\": \"W/\\\"f02405c6-a254-4274-9776-9b0f30f27226\\\"\",\r\n  \"type\":
        \"Microsoft.Network/ApplicationGatewayWebApplicationFirewallPolicies\",\r\n
        \ \"location\": \"westus\",\r\n  \"properties\": {\r\n    \"provisioningState\":
        \"Succeeded\",\r\n    \"customRules\": [],\r\n    \"policySettings\": {\r\n
        \     \"requestBodyCheck\": true,\r\n      \"maxRequestBodySizeInKb\": 128,\r\n
        \     \"fileUploadLimitInMb\": 100,\r\n      \"state\": \"Disabled\",\r\n
        \     \"mode\": \"Detection\"\r\n    },\r\n    \"managedRules\": {\r\n      \"managedRuleSets\":
        [\r\n        {\r\n          \"ruleSetType\": \"OWASP\",\r\n          \"ruleSetVersion\":
        \"3.0\",\r\n          \"ruleGroupOverrides\": [\r\n            {\r\n              \"ruleGroupName\":
        \"REQUEST-913-SCANNER-DETECTION\",\r\n              \"rules\": [\r\n                {\r\n
        \                 \"ruleId\": \"913100\",\r\n                  \"state\":
        \"Disabled\"\r\n                }\r\n              ]\r\n            }\r\n
        \         ]\r\n        }\r\n      ],\r\n      \"exclusions\": []\r\n    }\r\n
        \ }\r\n}"
    headers:
      cache-control:
      - no-cache
      content-length:
      - '1168'
      content-type:
      - application/json; charset=utf-8
      date:
      - Thu, 29 Sep 2022 04:20:06 GMT
      etag:
      - W/"f02405c6-a254-4274-9776-9b0f30f27226"
      expires:
      - '-1'
      pragma:
      - no-cache
      server:
      - Microsoft-HTTPAPI/2.0
      - Microsoft-HTTPAPI/2.0
      strict-transport-security:
      - max-age=31536000; includeSubDomains
      transfer-encoding:
      - chunked
      vary:
      - Accept-Encoding
      x-content-type-options:
      - nosniff
      x-ms-arm-service-request-id:
      - 465bdb9b-b67d-46b4-8cdf-f18499077b77
    status:
      code: 200
      message: OK
- request:
    body: '{"id": "/subscriptions/00000000-0000-0000-0000-000000000000/resourceGroups/cli_test_app_gateway_waf_policy_managed_rules_000001/providers/Microsoft.Network/ApplicationGatewayWebApplicationFirewallPolicies/agp1",
      "location": "westus", "properties": {"customRules": [], "managedRules": {"exclusions":
      [], "managedRuleSets": [{"ruleGroupOverrides": [], "ruleSetType": "OWASP", "ruleSetVersion":
      "3.1"}]}, "policySettings": {"fileUploadLimitInMb": 100, "maxRequestBodySizeInKb":
      128, "mode": "Detection", "requestBodyCheck": true, "state": "Disabled"}}}'
    headers:
      Accept:
      - application/json
      Accept-Encoding:
      - gzip, deflate
      CommandName:
      - network application-gateway waf-policy managed-rule rule-set update
      Connection:
      - keep-alive
      Content-Length:
      - '549'
      Content-Type:
      - application/json
      ParameterSetName:
      - -g --policy-name --type --version
      User-Agent:
      - AZURECLI/2.40.0 (PIP) (AAZ) azsdk-python-core/1.24.0 Python/3.8.10 (Windows-10-10.0.19044-SP0)
    method: PUT
    uri: https://management.azure.com/subscriptions/00000000-0000-0000-0000-000000000000/resourceGroups/cli_test_app_gateway_waf_policy_managed_rules_000001/providers/Microsoft.Network/ApplicationGatewayWebApplicationFirewallPolicies/agp1?api-version=2022-05-01
  response:
    body:
      string: "{\r\n  \"name\": \"agp1\",\r\n  \"id\": \"/subscriptions/00000000-0000-0000-0000-000000000000/resourceGroups/cli_test_app_gateway_waf_policy_managed_rules_000001/providers/Microsoft.Network/ApplicationGatewayWebApplicationFirewallPolicies/agp1\",\r\n
        \ \"etag\": \"W/\\\"025846ff-b06a-4107-9d41-e3f6ca63d1d4\\\"\",\r\n  \"type\":
        \"Microsoft.Network/ApplicationGatewayWebApplicationFirewallPolicies\",\r\n
        \ \"location\": \"westus\",\r\n  \"properties\": {\r\n    \"provisioningState\":
        \"Updating\",\r\n    \"customRules\": [],\r\n    \"policySettings\": {\r\n
        \     \"requestBodyCheck\": true,\r\n      \"maxRequestBodySizeInKb\": 128,\r\n
        \     \"fileUploadLimitInMb\": 100,\r\n      \"state\": \"Disabled\",\r\n
        \     \"mode\": \"Detection\"\r\n    },\r\n    \"managedRules\": {\r\n      \"managedRuleSets\":
        [\r\n        {\r\n          \"ruleSetType\": \"OWASP\",\r\n          \"ruleSetVersion\":
        \"3.1\",\r\n          \"ruleGroupOverrides\": []\r\n        }\r\n      ],\r\n
        \     \"exclusions\": []\r\n    }\r\n  }\r\n}"
    headers:
      azure-asyncnotification:
      - Enabled
      azure-asyncoperation:
      - https://management.azure.com/subscriptions/00000000-0000-0000-0000-000000000000/providers/Microsoft.Network/locations/westus/operations/0a74bdba-8bcf-4748-9c58-111420b0d071?api-version=2022-05-01
      cache-control:
      - no-cache
      content-length:
      - '901'
      content-type:
      - application/json; charset=utf-8
      date:
      - Thu, 29 Sep 2022 04:20:06 GMT
      expires:
      - '-1'
      pragma:
      - no-cache
      server:
      - Microsoft-HTTPAPI/2.0
      - Microsoft-HTTPAPI/2.0
      strict-transport-security:
      - max-age=31536000; includeSubDomains
      transfer-encoding:
      - chunked
      vary:
      - Accept-Encoding
      x-content-type-options:
      - nosniff
      x-ms-arm-service-request-id:
      - 00d7015d-4ec6-4e6c-9065-b1ce698a6088
      x-ms-ratelimit-remaining-subscription-writes:
      - '1196'
    status:
      code: 200
      message: OK
- request:
    body: null
    headers:
      Accept:
      - application/json
      Accept-Encoding:
      - gzip, deflate
      CommandName:
      - network application-gateway waf-policy managed-rule rule-set list
      Connection:
      - keep-alive
      ParameterSetName:
      - -g --policy-name
      User-Agent:
      - AZURECLI/2.40.0 (PIP) (AAZ) azsdk-python-core/1.24.0 Python/3.8.10 (Windows-10-10.0.19044-SP0)
    method: GET
    uri: https://management.azure.com/subscriptions/00000000-0000-0000-0000-000000000000/resourceGroups/cli_test_app_gateway_waf_policy_managed_rules_000001/providers/Microsoft.Network/ApplicationGatewayWebApplicationFirewallPolicies/agp1?api-version=2022-05-01
  response:
    body:
      string: "{\r\n  \"name\": \"agp1\",\r\n  \"id\": \"/subscriptions/00000000-0000-0000-0000-000000000000/resourceGroups/cli_test_app_gateway_waf_policy_managed_rules_000001/providers/Microsoft.Network/ApplicationGatewayWebApplicationFirewallPolicies/agp1\",\r\n
        \ \"etag\": \"W/\\\"1fc209e8-17f7-4de1-b707-1076ab67e9c2\\\"\",\r\n  \"type\":
        \"Microsoft.Network/ApplicationGatewayWebApplicationFirewallPolicies\",\r\n
        \ \"location\": \"westus\",\r\n  \"properties\": {\r\n    \"provisioningState\":
        \"Succeeded\",\r\n    \"customRules\": [],\r\n    \"policySettings\": {\r\n
        \     \"requestBodyCheck\": true,\r\n      \"maxRequestBodySizeInKb\": 128,\r\n
        \     \"fileUploadLimitInMb\": 100,\r\n      \"state\": \"Disabled\",\r\n
        \     \"mode\": \"Detection\"\r\n    },\r\n    \"managedRules\": {\r\n      \"managedRuleSets\":
        [\r\n        {\r\n          \"ruleSetType\": \"OWASP\",\r\n          \"ruleSetVersion\":
        \"3.1\",\r\n          \"ruleGroupOverrides\": []\r\n        }\r\n      ],\r\n
        \     \"exclusions\": []\r\n    }\r\n  }\r\n}"
    headers:
      cache-control:
      - no-cache
      content-length:
      - '902'
      content-type:
      - application/json; charset=utf-8
      date:
      - Thu, 29 Sep 2022 04:20:07 GMT
      etag:
      - W/"1fc209e8-17f7-4de1-b707-1076ab67e9c2"
      expires:
      - '-1'
      pragma:
      - no-cache
      server:
      - Microsoft-HTTPAPI/2.0
      - Microsoft-HTTPAPI/2.0
      strict-transport-security:
      - max-age=31536000; includeSubDomains
      x-content-type-options:
      - nosniff
      x-ms-arm-service-request-id:
      - 6d9839b5-21c0-44ca-a16b-46e6585ca17b
    status:
      code: 200
      message: OK
- request:
    body: null
    headers:
      Accept:
      - application/json
      Accept-Encoding:
      - gzip, deflate
      CommandName:
      - network application-gateway waf-policy managed-rule rule-set update
      Connection:
      - keep-alive
      ParameterSetName:
      - -g --policy-name --type --version --group-name --rule
      User-Agent:
      - AZURECLI/2.40.0 (PIP) azsdk-python-azure-mgmt-resource/21.1.0b1 Python/3.8.10
        (Windows-10-10.0.19044-SP0)
    method: GET
    uri: https://management.azure.com/subscriptions/00000000-0000-0000-0000-000000000000/resourcegroups/cli_test_app_gateway_waf_policy_managed_rules_000001?api-version=2021-04-01
  response:
    body:
      string: '{"id":"/subscriptions/00000000-0000-0000-0000-000000000000/resourceGroups/cli_test_app_gateway_waf_policy_managed_rules_000001","name":"cli_test_app_gateway_waf_policy_managed_rules_000001","type":"Microsoft.Resources/resourceGroups","location":"westus","tags":{"product":"azurecli","cause":"automation","date":"2022-09-29T04:19:31Z"},"properties":{"provisioningState":"Succeeded"}}'
    headers:
      cache-control:
      - no-cache
      content-length:
      - '382'
      content-type:
      - application/json; charset=utf-8
      date:
      - Thu, 29 Sep 2022 04:20:07 GMT
      expires:
      - '-1'
      pragma:
      - no-cache
      strict-transport-security:
      - max-age=31536000; includeSubDomains
      vary:
      - Accept-Encoding
      x-content-type-options:
      - nosniff
    status:
      code: 200
      message: OK
- request:
    body: null
    headers:
      Accept:
      - application/json
      Accept-Encoding:
      - gzip, deflate
      CommandName:
      - network application-gateway waf-policy managed-rule rule-set update
      Connection:
      - keep-alive
      ParameterSetName:
      - -g --policy-name --type --version --group-name --rule
      User-Agent:
      - AZURECLI/2.40.0 (PIP) (AAZ) azsdk-python-core/1.24.0 Python/3.8.10 (Windows-10-10.0.19044-SP0)
    method: GET
    uri: https://management.azure.com/subscriptions/00000000-0000-0000-0000-000000000000/resourceGroups/cli_test_app_gateway_waf_policy_managed_rules_000001/providers/Microsoft.Network/ApplicationGatewayWebApplicationFirewallPolicies/agp1?api-version=2022-05-01
  response:
    body:
      string: "{\r\n  \"name\": \"agp1\",\r\n  \"id\": \"/subscriptions/00000000-0000-0000-0000-000000000000/resourceGroups/cli_test_app_gateway_waf_policy_managed_rules_000001/providers/Microsoft.Network/ApplicationGatewayWebApplicationFirewallPolicies/agp1\",\r\n
        \ \"etag\": \"W/\\\"1fc209e8-17f7-4de1-b707-1076ab67e9c2\\\"\",\r\n  \"type\":
        \"Microsoft.Network/ApplicationGatewayWebApplicationFirewallPolicies\",\r\n
        \ \"location\": \"westus\",\r\n  \"properties\": {\r\n    \"provisioningState\":
        \"Succeeded\",\r\n    \"customRules\": [],\r\n    \"policySettings\": {\r\n
        \     \"requestBodyCheck\": true,\r\n      \"maxRequestBodySizeInKb\": 128,\r\n
        \     \"fileUploadLimitInMb\": 100,\r\n      \"state\": \"Disabled\",\r\n
        \     \"mode\": \"Detection\"\r\n    },\r\n    \"managedRules\": {\r\n      \"managedRuleSets\":
        [\r\n        {\r\n          \"ruleSetType\": \"OWASP\",\r\n          \"ruleSetVersion\":
        \"3.1\",\r\n          \"ruleGroupOverrides\": []\r\n        }\r\n      ],\r\n
        \     \"exclusions\": []\r\n    }\r\n  }\r\n}"
    headers:
      cache-control:
      - no-cache
      content-length:
      - '902'
      content-type:
      - application/json; charset=utf-8
      date:
      - Thu, 29 Sep 2022 04:20:09 GMT
      etag:
      - W/"1fc209e8-17f7-4de1-b707-1076ab67e9c2"
      expires:
      - '-1'
      pragma:
      - no-cache
      server:
      - Microsoft-HTTPAPI/2.0
      - Microsoft-HTTPAPI/2.0
      strict-transport-security:
      - max-age=31536000; includeSubDomains
      transfer-encoding:
      - chunked
      vary:
      - Accept-Encoding
      x-content-type-options:
      - nosniff
      x-ms-arm-service-request-id:
      - 7ddf72c7-70a5-4b13-9682-f3a032741dd3
    status:
      code: 200
      message: OK
- request:
    body: '{"id": "/subscriptions/00000000-0000-0000-0000-000000000000/resourceGroups/cli_test_app_gateway_waf_policy_managed_rules_000001/providers/Microsoft.Network/ApplicationGatewayWebApplicationFirewallPolicies/agp1",
      "location": "westus", "properties": {"customRules": [], "managedRules": {"exclusions":
      [], "managedRuleSets": [{"ruleGroupOverrides": [{"ruleGroupName": "REQUEST-911-METHOD-ENFORCEMENT",
      "rules": [{"ruleId": "911100"}]}], "ruleSetType": "OWASP", "ruleSetVersion":
      "3.1"}]}, "policySettings": {"fileUploadLimitInMb": 100, "maxRequestBodySizeInKb":
      128, "mode": "Detection", "requestBodyCheck": true, "state": "Disabled"}}}'
    headers:
      Accept:
      - application/json
      Accept-Encoding:
      - gzip, deflate
      CommandName:
      - network application-gateway waf-policy managed-rule rule-set update
      Connection:
      - keep-alive
      Content-Length:
      - '633'
      Content-Type:
      - application/json
      ParameterSetName:
      - -g --policy-name --type --version --group-name --rule
      User-Agent:
      - AZURECLI/2.40.0 (PIP) (AAZ) azsdk-python-core/1.24.0 Python/3.8.10 (Windows-10-10.0.19044-SP0)
    method: PUT
    uri: https://management.azure.com/subscriptions/00000000-0000-0000-0000-000000000000/resourceGroups/cli_test_app_gateway_waf_policy_managed_rules_000001/providers/Microsoft.Network/ApplicationGatewayWebApplicationFirewallPolicies/agp1?api-version=2022-05-01
  response:
    body:
      string: "{\r\n  \"name\": \"agp1\",\r\n  \"id\": \"/subscriptions/00000000-0000-0000-0000-000000000000/resourceGroups/cli_test_app_gateway_waf_policy_managed_rules_000001/providers/Microsoft.Network/ApplicationGatewayWebApplicationFirewallPolicies/agp1\",\r\n
        \ \"etag\": \"W/\\\"9b383598-7e0b-4986-94be-08aff218c612\\\"\",\r\n  \"type\":
        \"Microsoft.Network/ApplicationGatewayWebApplicationFirewallPolicies\",\r\n
        \ \"location\": \"westus\",\r\n  \"properties\": {\r\n    \"provisioningState\":
        \"Updating\",\r\n    \"customRules\": [],\r\n    \"policySettings\": {\r\n
        \     \"requestBodyCheck\": true,\r\n      \"maxRequestBodySizeInKb\": 128,\r\n
        \     \"fileUploadLimitInMb\": 100,\r\n      \"state\": \"Disabled\",\r\n
        \     \"mode\": \"Detection\"\r\n    },\r\n    \"managedRules\": {\r\n      \"managedRuleSets\":
        [\r\n        {\r\n          \"ruleSetType\": \"OWASP\",\r\n          \"ruleSetVersion\":
        \"3.1\",\r\n          \"ruleGroupOverrides\": [\r\n            {\r\n              \"ruleGroupName\":
        \"REQUEST-911-METHOD-ENFORCEMENT\",\r\n              \"rules\": [\r\n                {\r\n
        \                 \"ruleId\": \"911100\",\r\n                  \"state\":
        \"Disabled\"\r\n                }\r\n              ]\r\n            }\r\n
        \         ]\r\n        }\r\n      ],\r\n      \"exclusions\": []\r\n    }\r\n
        \ }\r\n}"
    headers:
      azure-asyncnotification:
      - Enabled
      azure-asyncoperation:
      - https://management.azure.com/subscriptions/00000000-0000-0000-0000-000000000000/providers/Microsoft.Network/locations/westus/operations/fac0c4f4-90bc-437e-b0ac-11251a8837aa?api-version=2022-05-01
      cache-control:
      - no-cache
      content-length:
      - '1168'
      content-type:
      - application/json; charset=utf-8
      date:
      - Thu, 29 Sep 2022 04:20:09 GMT
      expires:
      - '-1'
      pragma:
      - no-cache
      server:
      - Microsoft-HTTPAPI/2.0
      - Microsoft-HTTPAPI/2.0
      strict-transport-security:
      - max-age=31536000; includeSubDomains
      transfer-encoding:
      - chunked
      vary:
      - Accept-Encoding
      x-content-type-options:
      - nosniff
      x-ms-arm-service-request-id:
      - cc1bb993-209f-46dd-ba60-ee4d5535f72f
      x-ms-ratelimit-remaining-subscription-writes:
      - '1196'
    status:
      code: 200
      message: OK
- request:
    body: null
    headers:
      Accept:
      - application/json
      Accept-Encoding:
      - gzip, deflate
      CommandName:
      - network application-gateway waf-policy managed-rule rule-set list
      Connection:
      - keep-alive
      ParameterSetName:
      - -g --policy-name
      User-Agent:
      - AZURECLI/2.40.0 (PIP) (AAZ) azsdk-python-core/1.24.0 Python/3.8.10 (Windows-10-10.0.19044-SP0)
    method: GET
    uri: https://management.azure.com/subscriptions/00000000-0000-0000-0000-000000000000/resourceGroups/cli_test_app_gateway_waf_policy_managed_rules_000001/providers/Microsoft.Network/ApplicationGatewayWebApplicationFirewallPolicies/agp1?api-version=2022-05-01
  response:
    body:
      string: "{\r\n  \"name\": \"agp1\",\r\n  \"id\": \"/subscriptions/00000000-0000-0000-0000-000000000000/resourceGroups/cli_test_app_gateway_waf_policy_managed_rules_000001/providers/Microsoft.Network/ApplicationGatewayWebApplicationFirewallPolicies/agp1\",\r\n
        \ \"etag\": \"W/\\\"1fc12ad3-1ab6-41bb-91d1-5149dbb46ff2\\\"\",\r\n  \"type\":
        \"Microsoft.Network/ApplicationGatewayWebApplicationFirewallPolicies\",\r\n
        \ \"location\": \"westus\",\r\n  \"properties\": {\r\n    \"provisioningState\":
        \"Succeeded\",\r\n    \"customRules\": [],\r\n    \"policySettings\": {\r\n
        \     \"requestBodyCheck\": true,\r\n      \"maxRequestBodySizeInKb\": 128,\r\n
        \     \"fileUploadLimitInMb\": 100,\r\n      \"state\": \"Disabled\",\r\n
        \     \"mode\": \"Detection\"\r\n    },\r\n    \"managedRules\": {\r\n      \"managedRuleSets\":
        [\r\n        {\r\n          \"ruleSetType\": \"OWASP\",\r\n          \"ruleSetVersion\":
        \"3.1\",\r\n          \"ruleGroupOverrides\": [\r\n            {\r\n              \"ruleGroupName\":
        \"REQUEST-911-METHOD-ENFORCEMENT\",\r\n              \"rules\": [\r\n                {\r\n
        \                 \"ruleId\": \"911100\",\r\n                  \"state\":
        \"Disabled\"\r\n                }\r\n              ]\r\n            }\r\n
        \         ]\r\n        }\r\n      ],\r\n      \"exclusions\": []\r\n    }\r\n
        \ }\r\n}"
    headers:
      cache-control:
      - no-cache
      content-length:
      - '1169'
      content-type:
      - application/json; charset=utf-8
      date:
      - Thu, 29 Sep 2022 04:20:10 GMT
      etag:
      - W/"1fc12ad3-1ab6-41bb-91d1-5149dbb46ff2"
      expires:
      - '-1'
      pragma:
      - no-cache
      server:
      - Microsoft-HTTPAPI/2.0
      - Microsoft-HTTPAPI/2.0
      strict-transport-security:
      - max-age=31536000; includeSubDomains
      x-content-type-options:
      - nosniff
      x-ms-arm-service-request-id:
      - 18893666-a0e5-41e0-98dd-6d6c26b1a3d2
    status:
      code: 200
      message: OK
- request:
    body: null
    headers:
      Accept:
      - application/json
      Accept-Encoding:
      - gzip, deflate
      CommandName:
      - network application-gateway waf-policy managed-rule rule-set update
      Connection:
      - keep-alive
      ParameterSetName:
      - -g --policy-name --type --version
      User-Agent:
      - AZURECLI/2.40.0 (PIP) azsdk-python-azure-mgmt-resource/21.1.0b1 Python/3.8.10
        (Windows-10-10.0.19044-SP0)
    method: GET
    uri: https://management.azure.com/subscriptions/00000000-0000-0000-0000-000000000000/resourcegroups/cli_test_app_gateway_waf_policy_managed_rules_000001?api-version=2021-04-01
  response:
    body:
      string: '{"id":"/subscriptions/00000000-0000-0000-0000-000000000000/resourceGroups/cli_test_app_gateway_waf_policy_managed_rules_000001","name":"cli_test_app_gateway_waf_policy_managed_rules_000001","type":"Microsoft.Resources/resourceGroups","location":"westus","tags":{"product":"azurecli","cause":"automation","date":"2022-09-29T04:19:31Z"},"properties":{"provisioningState":"Succeeded"}}'
    headers:
      cache-control:
      - no-cache
      content-length:
      - '382'
      content-type:
      - application/json; charset=utf-8
      date:
      - Thu, 29 Sep 2022 04:20:11 GMT
      expires:
      - '-1'
      pragma:
      - no-cache
      strict-transport-security:
      - max-age=31536000; includeSubDomains
      vary:
      - Accept-Encoding
      x-content-type-options:
      - nosniff
    status:
      code: 200
      message: OK
- request:
    body: null
    headers:
      Accept:
      - application/json
      Accept-Encoding:
      - gzip, deflate
      CommandName:
      - network application-gateway waf-policy managed-rule rule-set update
      Connection:
      - keep-alive
      ParameterSetName:
      - -g --policy-name --type --version
      User-Agent:
      - AZURECLI/2.40.0 (PIP) (AAZ) azsdk-python-core/1.24.0 Python/3.8.10 (Windows-10-10.0.19044-SP0)
    method: GET
    uri: https://management.azure.com/subscriptions/00000000-0000-0000-0000-000000000000/resourceGroups/cli_test_app_gateway_waf_policy_managed_rules_000001/providers/Microsoft.Network/ApplicationGatewayWebApplicationFirewallPolicies/agp1?api-version=2022-05-01
  response:
    body:
      string: "{\r\n  \"name\": \"agp1\",\r\n  \"id\": \"/subscriptions/00000000-0000-0000-0000-000000000000/resourceGroups/cli_test_app_gateway_waf_policy_managed_rules_000001/providers/Microsoft.Network/ApplicationGatewayWebApplicationFirewallPolicies/agp1\",\r\n
        \ \"etag\": \"W/\\\"1fc12ad3-1ab6-41bb-91d1-5149dbb46ff2\\\"\",\r\n  \"type\":
        \"Microsoft.Network/ApplicationGatewayWebApplicationFirewallPolicies\",\r\n
        \ \"location\": \"westus\",\r\n  \"properties\": {\r\n    \"provisioningState\":
        \"Succeeded\",\r\n    \"customRules\": [],\r\n    \"policySettings\": {\r\n
        \     \"requestBodyCheck\": true,\r\n      \"maxRequestBodySizeInKb\": 128,\r\n
        \     \"fileUploadLimitInMb\": 100,\r\n      \"state\": \"Disabled\",\r\n
        \     \"mode\": \"Detection\"\r\n    },\r\n    \"managedRules\": {\r\n      \"managedRuleSets\":
        [\r\n        {\r\n          \"ruleSetType\": \"OWASP\",\r\n          \"ruleSetVersion\":
        \"3.1\",\r\n          \"ruleGroupOverrides\": [\r\n            {\r\n              \"ruleGroupName\":
        \"REQUEST-911-METHOD-ENFORCEMENT\",\r\n              \"rules\": [\r\n                {\r\n
        \                 \"ruleId\": \"911100\",\r\n                  \"state\":
        \"Disabled\"\r\n                }\r\n              ]\r\n            }\r\n
        \         ]\r\n        }\r\n      ],\r\n      \"exclusions\": []\r\n    }\r\n
        \ }\r\n}"
    headers:
      cache-control:
      - no-cache
      content-length:
      - '1169'
      content-type:
      - application/json; charset=utf-8
      date:
      - Thu, 29 Sep 2022 04:20:12 GMT
      etag:
      - W/"1fc12ad3-1ab6-41bb-91d1-5149dbb46ff2"
      expires:
      - '-1'
      pragma:
      - no-cache
      server:
      - Microsoft-HTTPAPI/2.0
      - Microsoft-HTTPAPI/2.0
      strict-transport-security:
      - max-age=31536000; includeSubDomains
      transfer-encoding:
      - chunked
      vary:
      - Accept-Encoding
      x-content-type-options:
      - nosniff
      x-ms-arm-service-request-id:
      - 6605ff42-1f4f-492f-b40c-e6ae342cafd9
    status:
      code: 200
      message: OK
- request:
    body: '{"id": "/subscriptions/00000000-0000-0000-0000-000000000000/resourceGroups/cli_test_app_gateway_waf_policy_managed_rules_000001/providers/Microsoft.Network/ApplicationGatewayWebApplicationFirewallPolicies/agp1",
      "location": "westus", "properties": {"customRules": [], "managedRules": {"exclusions":
      [], "managedRuleSets": [{"ruleGroupOverrides": [], "ruleSetType": "OWASP", "ruleSetVersion":
      "3.2"}]}, "policySettings": {"fileUploadLimitInMb": 100, "maxRequestBodySizeInKb":
      128, "mode": "Detection", "requestBodyCheck": true, "state": "Disabled"}}}'
    headers:
      Accept:
      - application/json
      Accept-Encoding:
      - gzip, deflate
      CommandName:
      - network application-gateway waf-policy managed-rule rule-set update
      Connection:
      - keep-alive
      Content-Length:
      - '549'
      Content-Type:
      - application/json
      ParameterSetName:
      - -g --policy-name --type --version
      User-Agent:
      - AZURECLI/2.40.0 (PIP) (AAZ) azsdk-python-core/1.24.0 Python/3.8.10 (Windows-10-10.0.19044-SP0)
    method: PUT
    uri: https://management.azure.com/subscriptions/00000000-0000-0000-0000-000000000000/resourceGroups/cli_test_app_gateway_waf_policy_managed_rules_000001/providers/Microsoft.Network/ApplicationGatewayWebApplicationFirewallPolicies/agp1?api-version=2022-05-01
  response:
    body:
      string: "{\r\n  \"name\": \"agp1\",\r\n  \"id\": \"/subscriptions/00000000-0000-0000-0000-000000000000/resourceGroups/cli_test_app_gateway_waf_policy_managed_rules_000001/providers/Microsoft.Network/ApplicationGatewayWebApplicationFirewallPolicies/agp1\",\r\n
        \ \"etag\": \"W/\\\"869aa844-c200-4e38-9b12-d83c41dc6cd3\\\"\",\r\n  \"type\":
        \"Microsoft.Network/ApplicationGatewayWebApplicationFirewallPolicies\",\r\n
        \ \"location\": \"westus\",\r\n  \"properties\": {\r\n    \"provisioningState\":
        \"Updating\",\r\n    \"customRules\": [],\r\n    \"policySettings\": {\r\n
        \     \"requestBodyCheck\": true,\r\n      \"maxRequestBodySizeInKb\": 128,\r\n
        \     \"fileUploadLimitInMb\": 100,\r\n      \"state\": \"Disabled\",\r\n
        \     \"mode\": \"Detection\"\r\n    },\r\n    \"managedRules\": {\r\n      \"managedRuleSets\":
        [\r\n        {\r\n          \"ruleSetType\": \"OWASP\",\r\n          \"ruleSetVersion\":
        \"3.2\",\r\n          \"ruleGroupOverrides\": []\r\n        }\r\n      ],\r\n
        \     \"exclusions\": []\r\n    }\r\n  }\r\n}"
    headers:
      azure-asyncnotification:
      - Enabled
      azure-asyncoperation:
      - https://management.azure.com/subscriptions/00000000-0000-0000-0000-000000000000/providers/Microsoft.Network/locations/westus/operations/a77db7cd-84d6-40a0-b523-eb359facd2af?api-version=2022-05-01
      cache-control:
      - no-cache
      content-length:
      - '901'
      content-type:
      - application/json; charset=utf-8
      date:
      - Thu, 29 Sep 2022 04:20:12 GMT
      expires:
      - '-1'
      pragma:
      - no-cache
      server:
      - Microsoft-HTTPAPI/2.0
      - Microsoft-HTTPAPI/2.0
      strict-transport-security:
      - max-age=31536000; includeSubDomains
      transfer-encoding:
      - chunked
      vary:
      - Accept-Encoding
      x-content-type-options:
      - nosniff
      x-ms-arm-service-request-id:
      - 740f2c75-6f18-45d7-83ce-acf5b87176e3
      x-ms-ratelimit-remaining-subscription-writes:
      - '1195'
    status:
      code: 200
      message: OK
- request:
    body: null
    headers:
      Accept:
      - application/json
      Accept-Encoding:
      - gzip, deflate
      CommandName:
      - network application-gateway waf-policy managed-rule rule-set add
      Connection:
      - keep-alive
      ParameterSetName:
      - -g --policy-name --type --version --group-name --rule --rule
      User-Agent:
      - AZURECLI/2.40.0 (PIP) azsdk-python-azure-mgmt-resource/21.1.0b1 Python/3.8.10
        (Windows-10-10.0.19044-SP0)
    method: GET
    uri: https://management.azure.com/subscriptions/00000000-0000-0000-0000-000000000000/resourcegroups/cli_test_app_gateway_waf_policy_managed_rules_000001?api-version=2021-04-01
  response:
    body:
      string: '{"id":"/subscriptions/00000000-0000-0000-0000-000000000000/resourceGroups/cli_test_app_gateway_waf_policy_managed_rules_000001","name":"cli_test_app_gateway_waf_policy_managed_rules_000001","type":"Microsoft.Resources/resourceGroups","location":"westus","tags":{"product":"azurecli","cause":"automation","date":"2022-09-29T04:19:31Z"},"properties":{"provisioningState":"Succeeded"}}'
    headers:
      cache-control:
      - no-cache
      content-length:
      - '382'
      content-type:
      - application/json; charset=utf-8
      date:
      - Thu, 29 Sep 2022 04:20:14 GMT
      expires:
      - '-1'
      pragma:
      - no-cache
      strict-transport-security:
      - max-age=31536000; includeSubDomains
      vary:
      - Accept-Encoding
      x-content-type-options:
      - nosniff
    status:
      code: 200
      message: OK
- request:
    body: null
    headers:
      Accept:
      - application/json
      Accept-Encoding:
      - gzip, deflate
      CommandName:
      - network application-gateway waf-policy managed-rule rule-set add
      Connection:
      - keep-alive
      ParameterSetName:
      - -g --policy-name --type --version --group-name --rule --rule
      User-Agent:
      - AZURECLI/2.40.0 (PIP) (AAZ) azsdk-python-core/1.24.0 Python/3.8.10 (Windows-10-10.0.19044-SP0)
    method: GET
    uri: https://management.azure.com/subscriptions/00000000-0000-0000-0000-000000000000/resourceGroups/cli_test_app_gateway_waf_policy_managed_rules_000001/providers/Microsoft.Network/ApplicationGatewayWebApplicationFirewallPolicies/agp1?api-version=2022-05-01
  response:
    body:
      string: "{\r\n  \"name\": \"agp1\",\r\n  \"id\": \"/subscriptions/00000000-0000-0000-0000-000000000000/resourceGroups/cli_test_app_gateway_waf_policy_managed_rules_000001/providers/Microsoft.Network/ApplicationGatewayWebApplicationFirewallPolicies/agp1\",\r\n
        \ \"etag\": \"W/\\\"5d30ee31-abd7-431a-980f-b6ed1eaaf7f4\\\"\",\r\n  \"type\":
        \"Microsoft.Network/ApplicationGatewayWebApplicationFirewallPolicies\",\r\n
        \ \"location\": \"westus\",\r\n  \"properties\": {\r\n    \"provisioningState\":
        \"Succeeded\",\r\n    \"customRules\": [],\r\n    \"policySettings\": {\r\n
        \     \"requestBodyCheck\": true,\r\n      \"maxRequestBodySizeInKb\": 128,\r\n
        \     \"fileUploadLimitInMb\": 100,\r\n      \"state\": \"Disabled\",\r\n
        \     \"mode\": \"Detection\"\r\n    },\r\n    \"managedRules\": {\r\n      \"managedRuleSets\":
        [\r\n        {\r\n          \"ruleSetType\": \"OWASP\",\r\n          \"ruleSetVersion\":
        \"3.2\",\r\n          \"ruleGroupOverrides\": []\r\n        }\r\n      ],\r\n
        \     \"exclusions\": []\r\n    }\r\n  }\r\n}"
    headers:
      cache-control:
      - no-cache
      content-length:
      - '902'
      content-type:
      - application/json; charset=utf-8
      date:
      - Thu, 29 Sep 2022 04:20:14 GMT
      etag:
      - W/"5d30ee31-abd7-431a-980f-b6ed1eaaf7f4"
      expires:
      - '-1'
      pragma:
      - no-cache
      server:
      - Microsoft-HTTPAPI/2.0
      - Microsoft-HTTPAPI/2.0
      strict-transport-security:
      - max-age=31536000; includeSubDomains
      transfer-encoding:
      - chunked
      vary:
      - Accept-Encoding
      x-content-type-options:
      - nosniff
      x-ms-arm-service-request-id:
      - db189328-b37e-4503-81d9-1de396b68da6
    status:
      code: 200
      message: OK
- request:
    body: '{"id": "/subscriptions/00000000-0000-0000-0000-000000000000/resourceGroups/cli_test_app_gateway_waf_policy_managed_rules_000001/providers/Microsoft.Network/ApplicationGatewayWebApplicationFirewallPolicies/agp1",
      "location": "westus", "properties": {"customRules": [], "managedRules": {"exclusions":
      [], "managedRuleSets": [{"ruleGroupOverrides": [{"ruleGroupName": "REQUEST-931-APPLICATION-ATTACK-RFI",
      "rules": [{"action": "Log", "ruleId": "931120", "state": "Enabled"}, {"action":
      "AnomalyScoring", "ruleId": "931130", "state": "Disabled"}]}], "ruleSetType":
      "OWASP", "ruleSetVersion": "3.2"}]}, "policySettings": {"fileUploadLimitInMb":
      100, "maxRequestBodySizeInKb": 128, "mode": "Detection", "requestBodyCheck":
      true, "state": "Disabled"}}}'
    headers:
      Accept:
      - application/json
      Accept-Encoding:
      - gzip, deflate
      CommandName:
      - network application-gateway waf-policy managed-rule rule-set add
      Connection:
      - keep-alive
      Content-Length:
      - '745'
      Content-Type:
      - application/json
      ParameterSetName:
      - -g --policy-name --type --version --group-name --rule --rule
      User-Agent:
      - AZURECLI/2.40.0 (PIP) (AAZ) azsdk-python-core/1.24.0 Python/3.8.10 (Windows-10-10.0.19044-SP0)
    method: PUT
    uri: https://management.azure.com/subscriptions/00000000-0000-0000-0000-000000000000/resourceGroups/cli_test_app_gateway_waf_policy_managed_rules_000001/providers/Microsoft.Network/ApplicationGatewayWebApplicationFirewallPolicies/agp1?api-version=2022-05-01
  response:
    body:
      string: "{\r\n  \"name\": \"agp1\",\r\n  \"id\": \"/subscriptions/00000000-0000-0000-0000-000000000000/resourceGroups/cli_test_app_gateway_waf_policy_managed_rules_000001/providers/Microsoft.Network/ApplicationGatewayWebApplicationFirewallPolicies/agp1\",\r\n
        \ \"etag\": \"W/\\\"eb9acf76-76f6-49bc-85f6-9c1e60bd1831\\\"\",\r\n  \"type\":
        \"Microsoft.Network/ApplicationGatewayWebApplicationFirewallPolicies\",\r\n
        \ \"location\": \"westus\",\r\n  \"properties\": {\r\n    \"provisioningState\":
        \"Updating\",\r\n    \"customRules\": [],\r\n    \"policySettings\": {\r\n
        \     \"requestBodyCheck\": true,\r\n      \"maxRequestBodySizeInKb\": 128,\r\n
        \     \"fileUploadLimitInMb\": 100,\r\n      \"state\": \"Disabled\",\r\n
        \     \"mode\": \"Detection\"\r\n    },\r\n    \"managedRules\": {\r\n      \"managedRuleSets\":
        [\r\n        {\r\n          \"ruleSetType\": \"OWASP\",\r\n          \"ruleSetVersion\":
        \"3.2\",\r\n          \"ruleGroupOverrides\": [\r\n            {\r\n              \"ruleGroupName\":
        \"REQUEST-931-APPLICATION-ATTACK-RFI\",\r\n              \"rules\": [\r\n
        \               {\r\n                  \"ruleId\": \"931120\",\r\n                  \"state\":
        \"Enabled\",\r\n                  \"action\": \"Log\"\r\n                },\r\n
        \               {\r\n                  \"ruleId\": \"931130\",\r\n                  \"state\":
        \"Disabled\",\r\n                  \"action\": \"AnomalyScoring\"\r\n                }\r\n
        \             ]\r\n            }\r\n          ]\r\n        }\r\n      ],\r\n
        \     \"exclusions\": []\r\n    }\r\n  }\r\n}"
    headers:
      azure-asyncnotification:
      - Enabled
      azure-asyncoperation:
      - https://management.azure.com/subscriptions/00000000-0000-0000-0000-000000000000/providers/Microsoft.Network/locations/westus/operations/e2cbfc92-0ab0-4928-b736-bea072d800c7?api-version=2022-05-01
      cache-control:
      - no-cache
      content-length:
      - '1371'
      content-type:
      - application/json; charset=utf-8
      date:
      - Thu, 29 Sep 2022 04:20:15 GMT
      expires:
      - '-1'
      pragma:
      - no-cache
      server:
      - Microsoft-HTTPAPI/2.0
      - Microsoft-HTTPAPI/2.0
      strict-transport-security:
      - max-age=31536000; includeSubDomains
      transfer-encoding:
      - chunked
      vary:
      - Accept-Encoding
      x-content-type-options:
      - nosniff
      x-ms-arm-service-request-id:
      - 167fb0bf-1def-44ef-99dc-5c399c41a7a5
      x-ms-ratelimit-remaining-subscription-writes:
      - '1197'
    status:
      code: 200
      message: OK
- request:
    body: null
    headers:
      Accept:
      - application/json
      Accept-Encoding:
      - gzip, deflate
      CommandName:
      - network application-gateway waf-policy show
      Connection:
      - keep-alive
      ParameterSetName:
      - -g -n
      User-Agent:
      - AZURECLI/2.40.0 (PIP) (AAZ) azsdk-python-core/1.24.0 Python/3.8.10 (Windows-10-10.0.19044-SP0)
    method: GET
    uri: https://management.azure.com/subscriptions/00000000-0000-0000-0000-000000000000/resourceGroups/cli_test_app_gateway_waf_policy_managed_rules_000001/providers/Microsoft.Network/ApplicationGatewayWebApplicationFirewallPolicies/agp1?api-version=2022-05-01
  response:
    body:
      string: "{\r\n  \"name\": \"agp1\",\r\n  \"id\": \"/subscriptions/00000000-0000-0000-0000-000000000000/resourceGroups/cli_test_app_gateway_waf_policy_managed_rules_000001/providers/Microsoft.Network/ApplicationGatewayWebApplicationFirewallPolicies/agp1\",\r\n
        \ \"etag\": \"W/\\\"64496f4c-d4d0-4948-a702-5f9e6e966d73\\\"\",\r\n  \"type\":
        \"Microsoft.Network/ApplicationGatewayWebApplicationFirewallPolicies\",\r\n
        \ \"location\": \"westus\",\r\n  \"properties\": {\r\n    \"provisioningState\":
        \"Succeeded\",\r\n    \"customRules\": [],\r\n    \"policySettings\": {\r\n
        \     \"requestBodyCheck\": true,\r\n      \"maxRequestBodySizeInKb\": 128,\r\n
        \     \"fileUploadLimitInMb\": 100,\r\n      \"state\": \"Disabled\",\r\n
        \     \"mode\": \"Detection\"\r\n    },\r\n    \"managedRules\": {\r\n      \"managedRuleSets\":
        [\r\n        {\r\n          \"ruleSetType\": \"OWASP\",\r\n          \"ruleSetVersion\":
        \"3.2\",\r\n          \"ruleGroupOverrides\": [\r\n            {\r\n              \"ruleGroupName\":
        \"REQUEST-931-APPLICATION-ATTACK-RFI\",\r\n              \"rules\": [\r\n
        \               {\r\n                  \"ruleId\": \"931120\",\r\n                  \"state\":
        \"Enabled\",\r\n                  \"action\": \"Log\"\r\n                },\r\n
        \               {\r\n                  \"ruleId\": \"931130\",\r\n                  \"state\":
        \"Disabled\",\r\n                  \"action\": \"AnomalyScoring\"\r\n                }\r\n
        \             ]\r\n            }\r\n          ]\r\n        }\r\n      ],\r\n
        \     \"exclusions\": []\r\n    }\r\n  }\r\n}"
    headers:
      cache-control:
      - no-cache
      content-length:
      - '1372'
      content-type:
      - application/json; charset=utf-8
      date:
      - Thu, 29 Sep 2022 04:20:16 GMT
      etag:
      - W/"64496f4c-d4d0-4948-a702-5f9e6e966d73"
      expires:
      - '-1'
      pragma:
      - no-cache
      server:
      - Microsoft-HTTPAPI/2.0
      - Microsoft-HTTPAPI/2.0
      strict-transport-security:
      - max-age=31536000; includeSubDomains
      transfer-encoding:
      - chunked
      vary:
      - Accept-Encoding
      x-content-type-options:
      - nosniff
      x-ms-arm-service-request-id:
      - 75a6b6a3-be2d-4a76-864a-b0429aa42a6a
    status:
      code: 200
      message: OK
version: 1
