interactions:
- request:
    body: '{"location": "centralus", "tags": {}, "properties": {"addressSpace": {"addressPrefixes":
      ["10.0.0.0/16"]}, "dhcpOptions": {}, "subnets": [{"properties": {"addressPrefix":
      "10.0.0.0/24"}, "name": "subnet1"}]}}'
    headers:
      Accept:
      - application/json
      Accept-Encoding:
      - gzip, deflate
      CommandName:
      - network vnet create
      Connection:
      - keep-alive
      Content-Length:
      - '208'
      Content-Type:
      - application/json; charset=utf-8
      ParameterSetName:
      - -g -n --subnet-name -l
      User-Agent:
      - python/3.6.8 (Windows-10-10.0.18362-SP0) msrest/0.6.10 msrest_azure/0.6.2
        azure-mgmt-network/9.0.0 Azure-SDK-For-Python AZURECLI/2.0.81
      accept-language:
      - en-US
    method: PUT
    uri: https://management.azure.com/subscriptions/00000000-0000-0000-0000-000000000000/resourceGroups/cli_test_network_private_endpoints000001/providers/Microsoft.Network/virtualNetworks/vnet1?api-version=2019-11-01
  response:
    body:
      string: "{\r\n  \"name\": \"vnet1\",\r\n  \"id\": \"/subscriptions/00000000-0000-0000-0000-000000000000/resourceGroups/cli_test_network_private_endpoints000001/providers/Microsoft.Network/virtualNetworks/vnet1\",\r\n
        \ \"etag\": \"W/\\\"a4024071-6b38-4040-95d6-1251ce82d83b\\\"\",\r\n  \"type\":
        \"Microsoft.Network/virtualNetworks\",\r\n  \"location\": \"centralus\",\r\n
        \ \"tags\": {},\r\n  \"properties\": {\r\n    \"provisioningState\": \"Updating\",\r\n
        \   \"resourceGuid\": \"9f2606a4-0186-41ec-b253-62d17441b807\",\r\n    \"addressSpace\":
        {\r\n      \"addressPrefixes\": [\r\n        \"10.0.0.0/16\"\r\n      ]\r\n
        \   },\r\n    \"dhcpOptions\": {\r\n      \"dnsServers\": []\r\n    },\r\n
        \   \"subnets\": [\r\n      {\r\n        \"name\": \"subnet1\",\r\n        \"id\":
        \"/subscriptions/00000000-0000-0000-0000-000000000000/resourceGroups/cli_test_network_private_endpoints000001/providers/Microsoft.Network/virtualNetworks/vnet1/subnets/subnet1\",\r\n
        \       \"etag\": \"W/\\\"a4024071-6b38-4040-95d6-1251ce82d83b\\\"\",\r\n
        \       \"properties\": {\r\n          \"provisioningState\": \"Updating\",\r\n
        \         \"addressPrefix\": \"10.0.0.0/24\",\r\n          \"delegations\":
        [],\r\n          \"privateEndpointNetworkPolicies\": \"Enabled\",\r\n          \"privateLinkServiceNetworkPolicies\":
        \"Enabled\"\r\n        },\r\n        \"type\": \"Microsoft.Network/virtualNetworks/subnets\"\r\n
        \     }\r\n    ],\r\n    \"virtualNetworkPeerings\": [],\r\n    \"enableDdosProtection\":
        false,\r\n    \"enableVmProtection\": false\r\n  }\r\n}"
    headers:
      azure-asyncoperation:
      - https://management.azure.com/subscriptions/00000000-0000-0000-0000-000000000000/providers/Microsoft.Network/locations/centralus/operations/34f73b9e-7958-4a7a-a0b6-f5680f5b818c?api-version=2019-11-01
      cache-control:
      - no-cache
      content-length:
      - '1440'
      content-type:
      - application/json; charset=utf-8
      date:
      - Thu, 06 Feb 2020 11:38:28 GMT
      expires:
      - '-1'
      pragma:
      - no-cache
      server:
      - Microsoft-HTTPAPI/2.0
      - Microsoft-HTTPAPI/2.0
      strict-transport-security:
      - max-age=31536000; includeSubDomains
      x-content-type-options:
      - nosniff
      x-ms-arm-service-request-id:
      - 5fa09c02-87fb-4a76-8d2a-973571f49f58
      x-ms-ratelimit-remaining-subscription-writes:
      - '1199'
    status:
      code: 201
      message: Created
- request:
    body: null
    headers:
      Accept:
      - application/json
      Accept-Encoding:
      - gzip, deflate
      CommandName:
      - network vnet create
      Connection:
      - keep-alive
      ParameterSetName:
      - -g -n --subnet-name -l
      User-Agent:
      - python/3.6.8 (Windows-10-10.0.18362-SP0) msrest/0.6.10 msrest_azure/0.6.2
        azure-mgmt-network/9.0.0 Azure-SDK-For-Python AZURECLI/2.0.81
    method: GET
    uri: https://management.azure.com/subscriptions/00000000-0000-0000-0000-000000000000/providers/Microsoft.Network/locations/centralus/operations/34f73b9e-7958-4a7a-a0b6-f5680f5b818c?api-version=2019-11-01
  response:
    body:
      string: "{\r\n  \"status\": \"Succeeded\"\r\n}"
    headers:
      cache-control:
      - no-cache
      content-length:
      - '29'
      content-type:
      - application/json; charset=utf-8
      date:
      - Thu, 06 Feb 2020 11:38:33 GMT
      expires:
      - '-1'
      pragma:
      - no-cache
      server:
      - Microsoft-HTTPAPI/2.0
      - Microsoft-HTTPAPI/2.0
      strict-transport-security:
      - max-age=31536000; includeSubDomains
      transfer-encoding:
      - chunked
      vary:
      - Accept-Encoding
      x-content-type-options:
      - nosniff
      x-ms-arm-service-request-id:
      - 0a89b7cb-0ff3-4ee6-a6a4-b8a3330db00d
    status:
      code: 200
      message: OK
- request:
    body: null
    headers:
      Accept:
      - application/json
      Accept-Encoding:
      - gzip, deflate
      CommandName:
      - network vnet create
      Connection:
      - keep-alive
      ParameterSetName:
      - -g -n --subnet-name -l
      User-Agent:
      - python/3.6.8 (Windows-10-10.0.18362-SP0) msrest/0.6.10 msrest_azure/0.6.2
        azure-mgmt-network/9.0.0 Azure-SDK-For-Python AZURECLI/2.0.81
    method: GET
    uri: https://management.azure.com/subscriptions/00000000-0000-0000-0000-000000000000/resourceGroups/cli_test_network_private_endpoints000001/providers/Microsoft.Network/virtualNetworks/vnet1?api-version=2019-11-01
  response:
    body:
      string: "{\r\n  \"name\": \"vnet1\",\r\n  \"id\": \"/subscriptions/00000000-0000-0000-0000-000000000000/resourceGroups/cli_test_network_private_endpoints000001/providers/Microsoft.Network/virtualNetworks/vnet1\",\r\n
        \ \"etag\": \"W/\\\"a8d0b4ee-495e-458e-9419-fc21804c7277\\\"\",\r\n  \"type\":
        \"Microsoft.Network/virtualNetworks\",\r\n  \"location\": \"centralus\",\r\n
        \ \"tags\": {},\r\n  \"properties\": {\r\n    \"provisioningState\": \"Succeeded\",\r\n
        \   \"resourceGuid\": \"9f2606a4-0186-41ec-b253-62d17441b807\",\r\n    \"addressSpace\":
        {\r\n      \"addressPrefixes\": [\r\n        \"10.0.0.0/16\"\r\n      ]\r\n
        \   },\r\n    \"dhcpOptions\": {\r\n      \"dnsServers\": []\r\n    },\r\n
        \   \"subnets\": [\r\n      {\r\n        \"name\": \"subnet1\",\r\n        \"id\":
        \"/subscriptions/00000000-0000-0000-0000-000000000000/resourceGroups/cli_test_network_private_endpoints000001/providers/Microsoft.Network/virtualNetworks/vnet1/subnets/subnet1\",\r\n
        \       \"etag\": \"W/\\\"a8d0b4ee-495e-458e-9419-fc21804c7277\\\"\",\r\n
        \       \"properties\": {\r\n          \"provisioningState\": \"Succeeded\",\r\n
        \         \"addressPrefix\": \"10.0.0.0/24\",\r\n          \"delegations\":
        [],\r\n          \"privateEndpointNetworkPolicies\": \"Enabled\",\r\n          \"privateLinkServiceNetworkPolicies\":
        \"Enabled\"\r\n        },\r\n        \"type\": \"Microsoft.Network/virtualNetworks/subnets\"\r\n
        \     }\r\n    ],\r\n    \"virtualNetworkPeerings\": [],\r\n    \"enableDdosProtection\":
        false,\r\n    \"enableVmProtection\": false\r\n  }\r\n}"
    headers:
      cache-control:
      - no-cache
      content-length:
      - '1442'
      content-type:
      - application/json; charset=utf-8
      date:
      - Thu, 06 Feb 2020 11:38:34 GMT
      etag:
      - W/"a8d0b4ee-495e-458e-9419-fc21804c7277"
      expires:
      - '-1'
      pragma:
      - no-cache
      server:
      - Microsoft-HTTPAPI/2.0
      - Microsoft-HTTPAPI/2.0
      strict-transport-security:
      - max-age=31536000; includeSubDomains
      transfer-encoding:
      - chunked
      vary:
      - Accept-Encoding
      x-content-type-options:
      - nosniff
      x-ms-arm-service-request-id:
      - a6366579-ad30-4c3a-bd3e-6c5e11993d01
    status:
      code: 200
      message: OK
- request:
    body: null
    headers:
      Accept:
      - application/json
      Accept-Encoding:
      - gzip, deflate
      CommandName:
      - network lb create
      Connection:
      - keep-alive
      ParameterSetName:
      - -g -l -n --public-ip-address --sku
      User-Agent:
      - python/3.6.8 (Windows-10-10.0.18362-SP0) msrest/0.6.10 msrest_azure/0.6.2
        azure-mgmt-resource/8.0.1 Azure-SDK-For-Python AZURECLI/2.0.81
      accept-language:
      - en-US
    method: GET
    uri: https://management.azure.com/subscriptions/00000000-0000-0000-0000-000000000000/resources?$filter=resourceGroup%20eq%20%27cli_test_network_private_endpoints000001%27%20and%20name%20eq%20%27pubip1%27%20and%20resourceType%20eq%20%27Microsoft.Network%2FpublicIPAddresses%27&api-version=2019-07-01
  response:
    body:
      string: '{"value":[]}'
    headers:
      cache-control:
      - no-cache
      content-length:
      - '12'
      content-type:
      - application/json; charset=utf-8
      date:
      - Thu, 06 Feb 2020 11:38:36 GMT
      expires:
      - '-1'
      pragma:
      - no-cache
      strict-transport-security:
      - max-age=31536000; includeSubDomains
      vary:
      - Accept-Encoding
      x-content-type-options:
      - nosniff
    status:
      code: 200
      message: OK
- request:
    body: 'b''{"properties": {"template": {"$schema": "https://schema.management.azure.com/schemas/2015-01-01/deploymentTemplate.json#",
      "contentVersion": "1.0.0.0", "parameters": {}, "variables": {}, "resources":
      [{"apiVersion": "2019-11-01", "type": "Microsoft.Network/publicIPAddresses",
      "name": "pubip1", "location": "centralus", "tags": {}, "dependsOn": [], "properties":
      {"publicIPAllocationMethod": "Static"}, "sku": {"name": "Standard"}}, {"type":
      "Microsoft.Network/loadBalancers", "name": "lb1", "location": "centralus", "tags":
      {}, "apiVersion": "2019-11-01", "dependsOn": ["Microsoft.Network/publicIpAddresses/pubip1"],
      "properties": {"backendAddressPools": [{"name": "lb1bepool"}], "frontendIPConfigurations":
      [{"name": "LoadBalancerFrontEnd", "properties": {"publicIPAddress": {"id": "/subscriptions/00000000-0000-0000-0000-000000000000/resourceGroups/cli_test_network_private_endpoints000001/providers/Microsoft.Network/publicIPAddresses/pubip1"},
      "privateIPAddressVersion": "IPv4"}}]}, "sku": {"name": "Standard"}}], "outputs":
      {"loadBalancer": {"type": "object", "value": "[reference(\''lb1\'')]"}}}, "parameters":
      {}, "mode": "Incremental"}}'''
    headers:
      Accept:
      - application/json
      Accept-Encoding:
      - gzip, deflate
      CommandName:
      - network lb create
      Connection:
      - keep-alive
      Content-Length:
      - '1176'
      Content-Type:
      - application/json; charset=utf-8
      ParameterSetName:
      - -g -l -n --public-ip-address --sku
      User-Agent:
      - python/3.6.8 (Windows-10-10.0.18362-SP0) msrest/0.6.10 msrest_azure/0.6.2
        azure-mgmt-resource/8.0.1 Azure-SDK-For-Python AZURECLI/2.0.81
      accept-language:
      - en-US
    method: PUT
    uri: https://management.azure.com/subscriptions/00000000-0000-0000-0000-000000000000/resourcegroups/cli_test_network_private_endpoints000001/providers/Microsoft.Resources/deployments/mock-deployment?api-version=2019-07-01
  response:
    body:
      string: '{"id":"/subscriptions/00000000-0000-0000-0000-000000000000/resourceGroups/cli_test_network_private_endpoints000001/providers/Microsoft.Resources/deployments/lb_deploy_DUjFxTrhaOTcbfX2mQGSyYcU97GcypXD","name":"lb_deploy_DUjFxTrhaOTcbfX2mQGSyYcU97GcypXD","type":"Microsoft.Resources/deployments","properties":{"templateHash":"12907612160440093069","parameters":{},"mode":"Incremental","provisioningState":"Accepted","timestamp":"2020-02-06T11:38:41.6450344Z","duration":"PT2.3789183S","correlationId":"f7530bca-7d61-4aee-85ce-fe0e71651e51","providers":[{"namespace":"Microsoft.Network","resourceTypes":[{"resourceType":"publicIPAddresses","locations":["centralus"]},{"resourceType":"loadBalancers","locations":["centralus"]}]}],"dependencies":[{"dependsOn":[{"id":"/subscriptions/00000000-0000-0000-0000-000000000000/resourceGroups/cli_test_network_private_endpoints000001/providers/Microsoft.Network/publicIPAddresses/pubip1","resourceType":"Microsoft.Network/publicIPAddresses","resourceName":"pubip1"}],"id":"/subscriptions/00000000-0000-0000-0000-000000000000/resourceGroups/cli_test_network_private_endpoints000001/providers/Microsoft.Network/loadBalancers/lb1","resourceType":"Microsoft.Network/loadBalancers","resourceName":"lb1"}]}}'
    headers:
      azure-asyncoperation:
      - https://management.azure.com/subscriptions/00000000-0000-0000-0000-000000000000/resourcegroups/cli_test_network_private_endpoints000001/providers/Microsoft.Resources/deployments/lb_deploy_DUjFxTrhaOTcbfX2mQGSyYcU97GcypXD/operationStatuses/08586206177662114978?api-version=2019-07-01
      cache-control:
      - no-cache
      content-length:
      - '1343'
      content-type:
      - application/json; charset=utf-8
      date:
      - Thu, 06 Feb 2020 11:38:41 GMT
      expires:
      - '-1'
      pragma:
      - no-cache
      strict-transport-security:
      - max-age=31536000; includeSubDomains
      x-content-type-options:
      - nosniff
      x-ms-ratelimit-remaining-subscription-writes:
      - '1199'
    status:
      code: 201
      message: Created
- request:
    body: null
    headers:
      Accept:
      - application/json
      Accept-Encoding:
      - gzip, deflate
      CommandName:
      - network lb create
      Connection:
      - keep-alive
      ParameterSetName:
      - -g -l -n --public-ip-address --sku
      User-Agent:
      - python/3.6.8 (Windows-10-10.0.18362-SP0) msrest/0.6.10 msrest_azure/0.6.2
        azure-mgmt-resource/8.0.1 Azure-SDK-For-Python AZURECLI/2.0.81
    method: GET
    uri: https://management.azure.com/subscriptions/00000000-0000-0000-0000-000000000000/resourcegroups/cli_test_network_private_endpoints000001/providers/Microsoft.Resources/deployments/mock-deployment/operationStatuses/08586206177662114978?api-version=2019-07-01
  response:
    body:
      string: '{"status":"Running"}'
    headers:
      cache-control:
      - no-cache
      content-length:
      - '20'
      content-type:
      - application/json; charset=utf-8
      date:
      - Thu, 06 Feb 2020 11:39:13 GMT
      expires:
      - '-1'
      pragma:
      - no-cache
      strict-transport-security:
      - max-age=31536000; includeSubDomains
      vary:
      - Accept-Encoding
      x-content-type-options:
      - nosniff
    status:
      code: 200
      message: OK
- request:
    body: null
    headers:
      Accept:
      - application/json
      Accept-Encoding:
      - gzip, deflate
      CommandName:
      - network lb create
      Connection:
      - keep-alive
      ParameterSetName:
      - -g -l -n --public-ip-address --sku
      User-Agent:
      - python/3.6.8 (Windows-10-10.0.18362-SP0) msrest/0.6.10 msrest_azure/0.6.2
        azure-mgmt-resource/8.0.1 Azure-SDK-For-Python AZURECLI/2.0.81
    method: GET
    uri: https://management.azure.com/subscriptions/00000000-0000-0000-0000-000000000000/resourcegroups/cli_test_network_private_endpoints000001/providers/Microsoft.Resources/deployments/mock-deployment/operationStatuses/08586206177662114978?api-version=2019-07-01
  response:
    body:
      string: '{"status":"Succeeded"}'
    headers:
      cache-control:
      - no-cache
      content-length:
      - '22'
      content-type:
      - application/json; charset=utf-8
      date:
      - Thu, 06 Feb 2020 11:39:43 GMT
      expires:
      - '-1'
      pragma:
      - no-cache
      strict-transport-security:
      - max-age=31536000; includeSubDomains
      vary:
      - Accept-Encoding
      x-content-type-options:
      - nosniff
    status:
      code: 200
      message: OK
- request:
    body: null
    headers:
      Accept:
      - application/json
      Accept-Encoding:
      - gzip, deflate
      CommandName:
      - network lb create
      Connection:
      - keep-alive
      ParameterSetName:
      - -g -l -n --public-ip-address --sku
      User-Agent:
      - python/3.6.8 (Windows-10-10.0.18362-SP0) msrest/0.6.10 msrest_azure/0.6.2
        azure-mgmt-resource/8.0.1 Azure-SDK-For-Python AZURECLI/2.0.81
    method: GET
    uri: https://management.azure.com/subscriptions/00000000-0000-0000-0000-000000000000/resourcegroups/cli_test_network_private_endpoints000001/providers/Microsoft.Resources/deployments/mock-deployment?api-version=2019-07-01
  response:
    body:
      string: '{"id":"/subscriptions/00000000-0000-0000-0000-000000000000/resourceGroups/cli_test_network_private_endpoints000001/providers/Microsoft.Resources/deployments/lb_deploy_DUjFxTrhaOTcbfX2mQGSyYcU97GcypXD","name":"lb_deploy_DUjFxTrhaOTcbfX2mQGSyYcU97GcypXD","type":"Microsoft.Resources/deployments","properties":{"templateHash":"12907612160440093069","parameters":{},"mode":"Incremental","provisioningState":"Succeeded","timestamp":"2020-02-06T11:39:16.2762434Z","duration":"PT37.0101273S","correlationId":"f7530bca-7d61-4aee-85ce-fe0e71651e51","providers":[{"namespace":"Microsoft.Network","resourceTypes":[{"resourceType":"publicIPAddresses","locations":["centralus"]},{"resourceType":"loadBalancers","locations":["centralus"]}]}],"dependencies":[{"dependsOn":[{"id":"/subscriptions/00000000-0000-0000-0000-000000000000/resourceGroups/cli_test_network_private_endpoints000001/providers/Microsoft.Network/publicIPAddresses/pubip1","resourceType":"Microsoft.Network/publicIPAddresses","resourceName":"pubip1"}],"id":"/subscriptions/00000000-0000-0000-0000-000000000000/resourceGroups/cli_test_network_private_endpoints000001/providers/Microsoft.Network/loadBalancers/lb1","resourceType":"Microsoft.Network/loadBalancers","resourceName":"lb1"}],"outputs":{"loadBalancer":{"type":"Object","value":{"provisioningState":"Succeeded","resourceGuid":"7bdb2511-0ebb-481d-b9d0-bd3bfb1c07d5","frontendIPConfigurations":[{"name":"LoadBalancerFrontEnd","id":"/subscriptions/00000000-0000-0000-0000-000000000000/resourceGroups/cli_test_network_private_endpoints000001/providers/Microsoft.Network/loadBalancers/lb1/frontendIPConfigurations/LoadBalancerFrontEnd","etag":"W/\"ec0168b7-7360-43a7-bf26-3716ad5ae277\"","type":"Microsoft.Network/loadBalancers/frontendIPConfigurations","properties":{"provisioningState":"Succeeded","privateIPAllocationMethod":"Dynamic","publicIPAddress":{"id":"/subscriptions/00000000-0000-0000-0000-000000000000/resourceGroups/cli_test_network_private_endpoints000001/providers/Microsoft.Network/publicIPAddresses/pubip1"},"privateIPAddressVersion":"IPv4"}}],"backendAddressPools":[{"name":"lb1bepool","id":"/subscriptions/00000000-0000-0000-0000-000000000000/resourceGroups/cli_test_network_private_endpoints000001/providers/Microsoft.Network/loadBalancers/lb1/backendAddressPools/lb1bepool","etag":"W/\"ec0168b7-7360-43a7-bf26-3716ad5ae277\"","properties":{"provisioningState":"Succeeded"},"type":"Microsoft.Network/loadBalancers/backendAddressPools"}],"loadBalancingRules":[],"probes":[],"inboundNatRules":[],"outboundRules":[],"inboundNatPools":[]}}},"outputResources":[{"id":"/subscriptions/00000000-0000-0000-0000-000000000000/resourceGroups/cli_test_network_private_endpoints000001/providers/Microsoft.Network/loadBalancers/lb1"},{"id":"/subscriptions/00000000-0000-0000-0000-000000000000/resourceGroups/cli_test_network_private_endpoints000001/providers/Microsoft.Network/publicIPAddresses/pubip1"}]}}'
    headers:
      cache-control:
      - no-cache
      content-length:
      - '3199'
      content-type:
      - application/json; charset=utf-8
      date:
      - Thu, 06 Feb 2020 11:39:44 GMT
      expires:
      - '-1'
      pragma:
      - no-cache
      strict-transport-security:
      - max-age=31536000; includeSubDomains
      vary:
      - Accept-Encoding
      x-content-type-options:
      - nosniff
    status:
      code: 200
      message: OK
- request:
    body: null
    headers:
      Accept:
      - application/json
      Accept-Encoding:
      - gzip, deflate
      CommandName:
      - network vnet subnet update
      Connection:
      - keep-alive
      ParameterSetName:
      - -g -n --vnet-name --disable-private-link-service-network-policies
      User-Agent:
      - python/3.6.8 (Windows-10-10.0.18362-SP0) msrest/0.6.10 msrest_azure/0.6.2
        azure-mgmt-network/9.0.0 Azure-SDK-For-Python AZURECLI/2.0.81
      accept-language:
      - en-US
    method: GET
    uri: https://management.azure.com/subscriptions/00000000-0000-0000-0000-000000000000/resourceGroups/cli_test_network_private_endpoints000001/providers/Microsoft.Network/virtualNetworks/vnet1/subnets/subnet1?api-version=2019-11-01
  response:
    body:
      string: "{\r\n  \"name\": \"subnet1\",\r\n  \"id\": \"/subscriptions/00000000-0000-0000-0000-000000000000/resourceGroups/cli_test_network_private_endpoints000001/providers/Microsoft.Network/virtualNetworks/vnet1/subnets/subnet1\",\r\n
        \ \"etag\": \"W/\\\"a8d0b4ee-495e-458e-9419-fc21804c7277\\\"\",\r\n  \"properties\":
        {\r\n    \"provisioningState\": \"Succeeded\",\r\n    \"addressPrefix\": \"10.0.0.0/24\",\r\n
        \   \"delegations\": [],\r\n    \"privateEndpointNetworkPolicies\": \"Enabled\",\r\n
        \   \"privateLinkServiceNetworkPolicies\": \"Enabled\"\r\n  },\r\n  \"type\":
        \"Microsoft.Network/virtualNetworks/subnets\"\r\n}"
    headers:
      cache-control:
      - no-cache
      content-length:
      - '586'
      content-type:
      - application/json; charset=utf-8
      date:
      - Thu, 06 Feb 2020 11:39:48 GMT
      etag:
      - W/"a8d0b4ee-495e-458e-9419-fc21804c7277"
      expires:
      - '-1'
      pragma:
      - no-cache
      server:
      - Microsoft-HTTPAPI/2.0
      - Microsoft-HTTPAPI/2.0
      strict-transport-security:
      - max-age=31536000; includeSubDomains
      transfer-encoding:
      - chunked
      vary:
      - Accept-Encoding
      x-content-type-options:
      - nosniff
      x-ms-arm-service-request-id:
      - c7bee972-db7d-461c-a563-f124d9e3a8fb
    status:
      code: 200
      message: OK
- request:
    body: 'b''{"id": "/subscriptions/00000000-0000-0000-0000-000000000000/resourceGroups/cli_test_network_private_endpoints000001/providers/Microsoft.Network/virtualNetworks/vnet1/subnets/subnet1",
      "properties": {"addressPrefix": "10.0.0.0/24", "delegations": [], "privateEndpointNetworkPolicies":
      "Enabled", "privateLinkServiceNetworkPolicies": "Disabled"}, "name": "subnet1"}'''
    headers:
      Accept:
      - application/json
      Accept-Encoding:
      - gzip, deflate
      CommandName:
      - network vnet subnet update
      Connection:
      - keep-alive
      Content-Length:
      - '398'
      Content-Type:
      - application/json; charset=utf-8
      ParameterSetName:
      - -g -n --vnet-name --disable-private-link-service-network-policies
      User-Agent:
      - python/3.6.8 (Windows-10-10.0.18362-SP0) msrest/0.6.10 msrest_azure/0.6.2
        azure-mgmt-network/9.0.0 Azure-SDK-For-Python AZURECLI/2.0.81
      accept-language:
      - en-US
    method: PUT
    uri: https://management.azure.com/subscriptions/00000000-0000-0000-0000-000000000000/resourceGroups/cli_test_network_private_endpoints000001/providers/Microsoft.Network/virtualNetworks/vnet1/subnets/subnet1?api-version=2019-11-01
  response:
    body:
      string: "{\r\n  \"name\": \"subnet1\",\r\n  \"id\": \"/subscriptions/00000000-0000-0000-0000-000000000000/resourceGroups/cli_test_network_private_endpoints000001/providers/Microsoft.Network/virtualNetworks/vnet1/subnets/subnet1\",\r\n
        \ \"etag\": \"W/\\\"5862c00c-2e1d-466e-95e4-a4ac10269fbc\\\"\",\r\n  \"properties\":
        {\r\n    \"provisioningState\": \"Updating\",\r\n    \"addressPrefix\": \"10.0.0.0/24\",\r\n
        \   \"delegations\": [],\r\n    \"privateEndpointNetworkPolicies\": \"Enabled\",\r\n
        \   \"privateLinkServiceNetworkPolicies\": \"Disabled\"\r\n  },\r\n  \"type\":
        \"Microsoft.Network/virtualNetworks/subnets\"\r\n}"
    headers:
      azure-asyncoperation:
      - https://management.azure.com/subscriptions/00000000-0000-0000-0000-000000000000/providers/Microsoft.Network/locations/centralus/operations/b730f66f-7d7a-4982-a3ac-8a2441800243?api-version=2019-11-01
      cache-control:
      - no-cache
      content-length:
      - '586'
      content-type:
      - application/json; charset=utf-8
      date:
      - Thu, 06 Feb 2020 11:39:49 GMT
      expires:
      - '-1'
      pragma:
      - no-cache
      server:
      - Microsoft-HTTPAPI/2.0
      - Microsoft-HTTPAPI/2.0
      strict-transport-security:
      - max-age=31536000; includeSubDomains
      transfer-encoding:
      - chunked
      vary:
      - Accept-Encoding
      x-content-type-options:
      - nosniff
      x-ms-arm-service-request-id:
      - c9452b66-425d-4c7b-a231-737a4263763f
      x-ms-ratelimit-remaining-subscription-writes:
      - '1199'
    status:
      code: 200
      message: OK
- request:
    body: null
    headers:
      Accept:
      - application/json
      Accept-Encoding:
      - gzip, deflate
      CommandName:
      - network vnet subnet update
      Connection:
      - keep-alive
      ParameterSetName:
      - -g -n --vnet-name --disable-private-link-service-network-policies
      User-Agent:
      - python/3.6.8 (Windows-10-10.0.18362-SP0) msrest/0.6.10 msrest_azure/0.6.2
        azure-mgmt-network/9.0.0 Azure-SDK-For-Python AZURECLI/2.0.81
    method: GET
    uri: https://management.azure.com/subscriptions/00000000-0000-0000-0000-000000000000/providers/Microsoft.Network/locations/centralus/operations/b730f66f-7d7a-4982-a3ac-8a2441800243?api-version=2019-11-01
  response:
    body:
      string: "{\r\n  \"status\": \"Succeeded\"\r\n}"
    headers:
      cache-control:
      - no-cache
      content-length:
      - '29'
      content-type:
      - application/json; charset=utf-8
      date:
      - Thu, 06 Feb 2020 11:39:55 GMT
      expires:
      - '-1'
      pragma:
      - no-cache
      server:
      - Microsoft-HTTPAPI/2.0
      - Microsoft-HTTPAPI/2.0
      strict-transport-security:
      - max-age=31536000; includeSubDomains
      transfer-encoding:
      - chunked
      vary:
      - Accept-Encoding
      x-content-type-options:
      - nosniff
      x-ms-arm-service-request-id:
      - 9f5ac582-b8d4-464e-82e5-b17806b1dc40
    status:
      code: 200
      message: OK
- request:
    body: null
    headers:
      Accept:
      - application/json
      Accept-Encoding:
      - gzip, deflate
      CommandName:
      - network vnet subnet update
      Connection:
      - keep-alive
      ParameterSetName:
      - -g -n --vnet-name --disable-private-link-service-network-policies
      User-Agent:
      - python/3.6.8 (Windows-10-10.0.18362-SP0) msrest/0.6.10 msrest_azure/0.6.2
        azure-mgmt-network/9.0.0 Azure-SDK-For-Python AZURECLI/2.0.81
    method: GET
    uri: https://management.azure.com/subscriptions/00000000-0000-0000-0000-000000000000/resourceGroups/cli_test_network_private_endpoints000001/providers/Microsoft.Network/virtualNetworks/vnet1/subnets/subnet1?api-version=2019-11-01
  response:
    body:
      string: "{\r\n  \"name\": \"subnet1\",\r\n  \"id\": \"/subscriptions/00000000-0000-0000-0000-000000000000/resourceGroups/cli_test_network_private_endpoints000001/providers/Microsoft.Network/virtualNetworks/vnet1/subnets/subnet1\",\r\n
        \ \"etag\": \"W/\\\"7e4be491-6a7f-4aab-bac2-63daab7d4201\\\"\",\r\n  \"properties\":
        {\r\n    \"provisioningState\": \"Succeeded\",\r\n    \"addressPrefix\": \"10.0.0.0/24\",\r\n
        \   \"delegations\": [],\r\n    \"privateEndpointNetworkPolicies\": \"Enabled\",\r\n
        \   \"privateLinkServiceNetworkPolicies\": \"Disabled\"\r\n  },\r\n  \"type\":
        \"Microsoft.Network/virtualNetworks/subnets\"\r\n}"
    headers:
      cache-control:
      - no-cache
      content-length:
      - '587'
      content-type:
      - application/json; charset=utf-8
      date:
      - Thu, 06 Feb 2020 11:39:55 GMT
      etag:
      - W/"7e4be491-6a7f-4aab-bac2-63daab7d4201"
      expires:
      - '-1'
      pragma:
      - no-cache
      server:
      - Microsoft-HTTPAPI/2.0
      - Microsoft-HTTPAPI/2.0
      strict-transport-security:
      - max-age=31536000; includeSubDomains
      transfer-encoding:
      - chunked
      vary:
      - Accept-Encoding
      x-content-type-options:
      - nosniff
      x-ms-arm-service-request-id:
      - e3cf625b-5af5-4b3d-ab3f-bfed6ea0ba19
    status:
      code: 200
      message: OK
- request:
    body: null
    headers:
      Accept:
      - application/json
      Accept-Encoding:
      - gzip, deflate
      CommandName:
      - network vnet subnet create
      Connection:
      - keep-alive
      ParameterSetName:
      - -g -n --vnet-name --address-prefixes
      User-Agent:
      - python/3.6.8 (Windows-10-10.0.18362-SP0) msrest/0.6.10 msrest_azure/0.6.2
        azure-mgmt-network/9.0.0 Azure-SDK-For-Python AZURECLI/2.0.81
      accept-language:
      - en-US
    method: GET
    uri: https://management.azure.com/subscriptions/00000000-0000-0000-0000-000000000000/resourceGroups/cli_test_network_private_endpoints000001/providers/Microsoft.Network/virtualNetworks/vnet1?api-version=2019-11-01
  response:
    body:
      string: "{\r\n  \"name\": \"vnet1\",\r\n  \"id\": \"/subscriptions/00000000-0000-0000-0000-000000000000/resourceGroups/cli_test_network_private_endpoints000001/providers/Microsoft.Network/virtualNetworks/vnet1\",\r\n
        \ \"etag\": \"W/\\\"7e4be491-6a7f-4aab-bac2-63daab7d4201\\\"\",\r\n  \"type\":
        \"Microsoft.Network/virtualNetworks\",\r\n  \"location\": \"centralus\",\r\n
        \ \"tags\": {},\r\n  \"properties\": {\r\n    \"provisioningState\": \"Succeeded\",\r\n
        \   \"resourceGuid\": \"9f2606a4-0186-41ec-b253-62d17441b807\",\r\n    \"addressSpace\":
        {\r\n      \"addressPrefixes\": [\r\n        \"10.0.0.0/16\"\r\n      ]\r\n
        \   },\r\n    \"dhcpOptions\": {\r\n      \"dnsServers\": []\r\n    },\r\n
        \   \"subnets\": [\r\n      {\r\n        \"name\": \"subnet1\",\r\n        \"id\":
        \"/subscriptions/00000000-0000-0000-0000-000000000000/resourceGroups/cli_test_network_private_endpoints000001/providers/Microsoft.Network/virtualNetworks/vnet1/subnets/subnet1\",\r\n
        \       \"etag\": \"W/\\\"7e4be491-6a7f-4aab-bac2-63daab7d4201\\\"\",\r\n
        \       \"properties\": {\r\n          \"provisioningState\": \"Succeeded\",\r\n
        \         \"addressPrefix\": \"10.0.0.0/24\",\r\n          \"delegations\":
        [],\r\n          \"privateEndpointNetworkPolicies\": \"Enabled\",\r\n          \"privateLinkServiceNetworkPolicies\":
        \"Disabled\"\r\n        },\r\n        \"type\": \"Microsoft.Network/virtualNetworks/subnets\"\r\n
        \     }\r\n    ],\r\n    \"virtualNetworkPeerings\": [],\r\n    \"enableDdosProtection\":
        false,\r\n    \"enableVmProtection\": false\r\n  }\r\n}"
    headers:
      cache-control:
      - no-cache
      content-length:
      - '1443'
      content-type:
      - application/json; charset=utf-8
      date:
      - Thu, 06 Feb 2020 11:39:56 GMT
      etag:
      - W/"7e4be491-6a7f-4aab-bac2-63daab7d4201"
      expires:
      - '-1'
      pragma:
      - no-cache
      server:
      - Microsoft-HTTPAPI/2.0
      - Microsoft-HTTPAPI/2.0
      strict-transport-security:
      - max-age=31536000; includeSubDomains
      transfer-encoding:
      - chunked
      vary:
      - Accept-Encoding
      x-content-type-options:
      - nosniff
      x-ms-arm-service-request-id:
      - 0c230af0-38c3-47bc-8d69-6d8b3523ab23
    status:
      code: 200
      message: OK
- request:
    body: 'b''{"id": "/subscriptions/00000000-0000-0000-0000-000000000000/resourceGroups/cli_test_network_private_endpoints000001/providers/Microsoft.Network/virtualNetworks/vnet1",
      "location": "centralus", "tags": {}, "properties": {"addressSpace": {"addressPrefixes":
      ["10.0.0.0/16"]}, "dhcpOptions": {"dnsServers": []}, "subnets": [{"id": "/subscriptions/00000000-0000-0000-0000-000000000000/resourceGroups/cli_test_network_private_endpoints000001/providers/Microsoft.Network/virtualNetworks/vnet1/subnets/subnet1",
      "properties": {"addressPrefix": "10.0.0.0/24", "delegations": [], "privateEndpointNetworkPolicies":
      "Enabled", "privateLinkServiceNetworkPolicies": "Disabled"}, "name": "subnet1"},
      {"properties": {"addressPrefix": "10.0.2.0/24"}, "name": "subnet2"}], "virtualNetworkPeerings":
      [], "enableDdosProtection": false, "enableVmProtection": false}}'''
    headers:
      Accept:
      - application/json
      Accept-Encoding:
      - gzip, deflate
      CommandName:
      - network vnet subnet create
      Connection:
      - keep-alive
      Content-Length:
      - '916'
      Content-Type:
      - application/json; charset=utf-8
      ParameterSetName:
      - -g -n --vnet-name --address-prefixes
      User-Agent:
      - python/3.6.8 (Windows-10-10.0.18362-SP0) msrest/0.6.10 msrest_azure/0.6.2
        azure-mgmt-network/9.0.0 Azure-SDK-For-Python AZURECLI/2.0.81
      accept-language:
      - en-US
    method: PUT
    uri: https://management.azure.com/subscriptions/00000000-0000-0000-0000-000000000000/resourceGroups/cli_test_network_private_endpoints000001/providers/Microsoft.Network/virtualNetworks/vnet1?api-version=2019-11-01
  response:
    body:
      string: "{\r\n  \"name\": \"vnet1\",\r\n  \"id\": \"/subscriptions/00000000-0000-0000-0000-000000000000/resourceGroups/cli_test_network_private_endpoints000001/providers/Microsoft.Network/virtualNetworks/vnet1\",\r\n
        \ \"etag\": \"W/\\\"eb4d10c5-e076-4068-934d-77c23ac26358\\\"\",\r\n  \"type\":
        \"Microsoft.Network/virtualNetworks\",\r\n  \"location\": \"centralus\",\r\n
        \ \"tags\": {},\r\n  \"properties\": {\r\n    \"provisioningState\": \"Updating\",\r\n
        \   \"resourceGuid\": \"9f2606a4-0186-41ec-b253-62d17441b807\",\r\n    \"addressSpace\":
        {\r\n      \"addressPrefixes\": [\r\n        \"10.0.0.0/16\"\r\n      ]\r\n
        \   },\r\n    \"dhcpOptions\": {\r\n      \"dnsServers\": []\r\n    },\r\n
        \   \"subnets\": [\r\n      {\r\n        \"name\": \"subnet1\",\r\n        \"id\":
        \"/subscriptions/00000000-0000-0000-0000-000000000000/resourceGroups/cli_test_network_private_endpoints000001/providers/Microsoft.Network/virtualNetworks/vnet1/subnets/subnet1\",\r\n
        \       \"etag\": \"W/\\\"eb4d10c5-e076-4068-934d-77c23ac26358\\\"\",\r\n
        \       \"properties\": {\r\n          \"provisioningState\": \"Updating\",\r\n
        \         \"addressPrefix\": \"10.0.0.0/24\",\r\n          \"delegations\":
        [],\r\n          \"privateEndpointNetworkPolicies\": \"Enabled\",\r\n          \"privateLinkServiceNetworkPolicies\":
        \"Disabled\"\r\n        },\r\n        \"type\": \"Microsoft.Network/virtualNetworks/subnets\"\r\n
        \     },\r\n      {\r\n        \"name\": \"subnet2\",\r\n        \"id\": \"/subscriptions/00000000-0000-0000-0000-000000000000/resourceGroups/cli_test_network_private_endpoints000001/providers/Microsoft.Network/virtualNetworks/vnet1/subnets/subnet2\",\r\n
        \       \"etag\": \"W/\\\"eb4d10c5-e076-4068-934d-77c23ac26358\\\"\",\r\n
        \       \"properties\": {\r\n          \"provisioningState\": \"Updating\",\r\n
        \         \"addressPrefix\": \"10.0.2.0/24\",\r\n          \"delegations\":
        [],\r\n          \"privateEndpointNetworkPolicies\": \"Enabled\",\r\n          \"privateLinkServiceNetworkPolicies\":
        \"Enabled\"\r\n        },\r\n        \"type\": \"Microsoft.Network/virtualNetworks/subnets\"\r\n
        \     }\r\n    ],\r\n    \"virtualNetworkPeerings\": [],\r\n    \"enableDdosProtection\":
        false,\r\n    \"enableVmProtection\": false\r\n  }\r\n}"
    headers:
      azure-asyncoperation:
      - https://management.azure.com/subscriptions/00000000-0000-0000-0000-000000000000/providers/Microsoft.Network/locations/centralus/operations/b8a78df3-2152-4407-8677-765a59a989cb?api-version=2019-11-01
      cache-control:
      - no-cache
      content-length:
      - '2107'
      content-type:
      - application/json; charset=utf-8
      date:
      - Thu, 06 Feb 2020 11:39:57 GMT
      expires:
      - '-1'
      pragma:
      - no-cache
      server:
      - Microsoft-HTTPAPI/2.0
      - Microsoft-HTTPAPI/2.0
      strict-transport-security:
      - max-age=31536000; includeSubDomains
      transfer-encoding:
      - chunked
      vary:
      - Accept-Encoding
      x-content-type-options:
      - nosniff
      x-ms-arm-service-request-id:
      - e019a7e8-c637-4106-873f-4bb61aded810
      x-ms-ratelimit-remaining-subscription-writes:
      - '1198'
    status:
      code: 200
      message: OK
- request:
    body: null
    headers:
      Accept:
      - application/json
      Accept-Encoding:
      - gzip, deflate
      CommandName:
      - network vnet subnet create
      Connection:
      - keep-alive
      ParameterSetName:
      - -g -n --vnet-name --address-prefixes
      User-Agent:
      - python/3.6.8 (Windows-10-10.0.18362-SP0) msrest/0.6.10 msrest_azure/0.6.2
        azure-mgmt-network/9.0.0 Azure-SDK-For-Python AZURECLI/2.0.81
    method: GET
    uri: https://management.azure.com/subscriptions/00000000-0000-0000-0000-000000000000/providers/Microsoft.Network/locations/centralus/operations/b8a78df3-2152-4407-8677-765a59a989cb?api-version=2019-11-01
  response:
    body:
      string: "{\r\n  \"status\": \"Succeeded\"\r\n}"
    headers:
      cache-control:
      - no-cache
      content-length:
      - '29'
      content-type:
      - application/json; charset=utf-8
      date:
      - Thu, 06 Feb 2020 11:40:02 GMT
      expires:
      - '-1'
      pragma:
      - no-cache
      server:
      - Microsoft-HTTPAPI/2.0
      - Microsoft-HTTPAPI/2.0
      strict-transport-security:
      - max-age=31536000; includeSubDomains
      transfer-encoding:
      - chunked
      vary:
      - Accept-Encoding
      x-content-type-options:
      - nosniff
      x-ms-arm-service-request-id:
      - 35a724e9-0c43-49ca-8ab1-7bf7c606d905
    status:
      code: 200
      message: OK
- request:
    body: null
    headers:
      Accept:
      - application/json
      Accept-Encoding:
      - gzip, deflate
      CommandName:
      - network vnet subnet create
      Connection:
      - keep-alive
      ParameterSetName:
      - -g -n --vnet-name --address-prefixes
      User-Agent:
      - python/3.6.8 (Windows-10-10.0.18362-SP0) msrest/0.6.10 msrest_azure/0.6.2
        azure-mgmt-network/9.0.0 Azure-SDK-For-Python AZURECLI/2.0.81
    method: GET
    uri: https://management.azure.com/subscriptions/00000000-0000-0000-0000-000000000000/resourceGroups/cli_test_network_private_endpoints000001/providers/Microsoft.Network/virtualNetworks/vnet1?api-version=2019-11-01
  response:
    body:
      string: "{\r\n  \"name\": \"vnet1\",\r\n  \"id\": \"/subscriptions/00000000-0000-0000-0000-000000000000/resourceGroups/cli_test_network_private_endpoints000001/providers/Microsoft.Network/virtualNetworks/vnet1\",\r\n
        \ \"etag\": \"W/\\\"e49439ce-fa42-450a-a087-60b4565eeebf\\\"\",\r\n  \"type\":
        \"Microsoft.Network/virtualNetworks\",\r\n  \"location\": \"centralus\",\r\n
        \ \"tags\": {},\r\n  \"properties\": {\r\n    \"provisioningState\": \"Succeeded\",\r\n
        \   \"resourceGuid\": \"9f2606a4-0186-41ec-b253-62d17441b807\",\r\n    \"addressSpace\":
        {\r\n      \"addressPrefixes\": [\r\n        \"10.0.0.0/16\"\r\n      ]\r\n
        \   },\r\n    \"dhcpOptions\": {\r\n      \"dnsServers\": []\r\n    },\r\n
        \   \"subnets\": [\r\n      {\r\n        \"name\": \"subnet1\",\r\n        \"id\":
        \"/subscriptions/00000000-0000-0000-0000-000000000000/resourceGroups/cli_test_network_private_endpoints000001/providers/Microsoft.Network/virtualNetworks/vnet1/subnets/subnet1\",\r\n
        \       \"etag\": \"W/\\\"e49439ce-fa42-450a-a087-60b4565eeebf\\\"\",\r\n
        \       \"properties\": {\r\n          \"provisioningState\": \"Succeeded\",\r\n
        \         \"addressPrefix\": \"10.0.0.0/24\",\r\n          \"delegations\":
        [],\r\n          \"privateEndpointNetworkPolicies\": \"Enabled\",\r\n          \"privateLinkServiceNetworkPolicies\":
        \"Disabled\"\r\n        },\r\n        \"type\": \"Microsoft.Network/virtualNetworks/subnets\"\r\n
        \     },\r\n      {\r\n        \"name\": \"subnet2\",\r\n        \"id\": \"/subscriptions/00000000-0000-0000-0000-000000000000/resourceGroups/cli_test_network_private_endpoints000001/providers/Microsoft.Network/virtualNetworks/vnet1/subnets/subnet2\",\r\n
        \       \"etag\": \"W/\\\"e49439ce-fa42-450a-a087-60b4565eeebf\\\"\",\r\n
        \       \"properties\": {\r\n          \"provisioningState\": \"Succeeded\",\r\n
        \         \"addressPrefix\": \"10.0.2.0/24\",\r\n          \"delegations\":
        [],\r\n          \"privateEndpointNetworkPolicies\": \"Enabled\",\r\n          \"privateLinkServiceNetworkPolicies\":
        \"Enabled\"\r\n        },\r\n        \"type\": \"Microsoft.Network/virtualNetworks/subnets\"\r\n
        \     }\r\n    ],\r\n    \"virtualNetworkPeerings\": [],\r\n    \"enableDdosProtection\":
        false,\r\n    \"enableVmProtection\": false\r\n  }\r\n}"
    headers:
      cache-control:
      - no-cache
      content-length:
      - '2110'
      content-type:
      - application/json; charset=utf-8
      date:
      - Thu, 06 Feb 2020 11:40:02 GMT
      etag:
      - W/"e49439ce-fa42-450a-a087-60b4565eeebf"
      expires:
      - '-1'
      pragma:
      - no-cache
      server:
      - Microsoft-HTTPAPI/2.0
      - Microsoft-HTTPAPI/2.0
      strict-transport-security:
      - max-age=31536000; includeSubDomains
      transfer-encoding:
      - chunked
      vary:
      - Accept-Encoding
      x-content-type-options:
      - nosniff
      x-ms-arm-service-request-id:
      - de325f21-31a3-4f1e-8d51-59f7a624a647
    status:
      code: 200
      message: OK
- request:
    body: null
    headers:
      Accept:
      - application/json
      Accept-Encoding:
      - gzip, deflate
      CommandName:
      - network vnet subnet update
      Connection:
      - keep-alive
      ParameterSetName:
      - -g -n --vnet-name --disable-private-endpoint-network-policies
      User-Agent:
      - python/3.6.8 (Windows-10-10.0.18362-SP0) msrest/0.6.10 msrest_azure/0.6.2
        azure-mgmt-network/9.0.0 Azure-SDK-For-Python AZURECLI/2.0.81
      accept-language:
      - en-US
    method: GET
    uri: https://management.azure.com/subscriptions/00000000-0000-0000-0000-000000000000/resourceGroups/cli_test_network_private_endpoints000001/providers/Microsoft.Network/virtualNetworks/vnet1/subnets/subnet2?api-version=2019-11-01
  response:
    body:
      string: "{\r\n  \"name\": \"subnet2\",\r\n  \"id\": \"/subscriptions/00000000-0000-0000-0000-000000000000/resourceGroups/cli_test_network_private_endpoints000001/providers/Microsoft.Network/virtualNetworks/vnet1/subnets/subnet2\",\r\n
        \ \"etag\": \"W/\\\"e49439ce-fa42-450a-a087-60b4565eeebf\\\"\",\r\n  \"properties\":
        {\r\n    \"provisioningState\": \"Succeeded\",\r\n    \"addressPrefix\": \"10.0.2.0/24\",\r\n
        \   \"delegations\": [],\r\n    \"privateEndpointNetworkPolicies\": \"Enabled\",\r\n
        \   \"privateLinkServiceNetworkPolicies\": \"Enabled\"\r\n  },\r\n  \"type\":
        \"Microsoft.Network/virtualNetworks/subnets\"\r\n}"
    headers:
      cache-control:
      - no-cache
      content-length:
      - '586'
      content-type:
      - application/json; charset=utf-8
      date:
      - Thu, 06 Feb 2020 11:40:04 GMT
      etag:
      - W/"e49439ce-fa42-450a-a087-60b4565eeebf"
      expires:
      - '-1'
      pragma:
      - no-cache
      server:
      - Microsoft-HTTPAPI/2.0
      - Microsoft-HTTPAPI/2.0
      strict-transport-security:
      - max-age=31536000; includeSubDomains
      transfer-encoding:
      - chunked
      vary:
      - Accept-Encoding
      x-content-type-options:
      - nosniff
      x-ms-arm-service-request-id:
      - cf08b809-025c-403c-a286-ba09ce58fc6d
    status:
      code: 200
      message: OK
- request:
    body: 'b''{"id": "/subscriptions/00000000-0000-0000-0000-000000000000/resourceGroups/cli_test_network_private_endpoints000001/providers/Microsoft.Network/virtualNetworks/vnet1/subnets/subnet2",
      "properties": {"addressPrefix": "10.0.2.0/24", "delegations": [], "privateEndpointNetworkPolicies":
      "Disabled", "privateLinkServiceNetworkPolicies": "Enabled"}, "name": "subnet2"}'''
    headers:
      Accept:
      - application/json
      Accept-Encoding:
      - gzip, deflate
      CommandName:
      - network vnet subnet update
      Connection:
      - keep-alive
      Content-Length:
      - '398'
      Content-Type:
      - application/json; charset=utf-8
      ParameterSetName:
      - -g -n --vnet-name --disable-private-endpoint-network-policies
      User-Agent:
      - python/3.6.8 (Windows-10-10.0.18362-SP0) msrest/0.6.10 msrest_azure/0.6.2
        azure-mgmt-network/9.0.0 Azure-SDK-For-Python AZURECLI/2.0.81
      accept-language:
      - en-US
    method: PUT
    uri: https://management.azure.com/subscriptions/00000000-0000-0000-0000-000000000000/resourceGroups/cli_test_network_private_endpoints000001/providers/Microsoft.Network/virtualNetworks/vnet1/subnets/subnet2?api-version=2019-11-01
  response:
    body:
      string: "{\r\n  \"name\": \"subnet2\",\r\n  \"id\": \"/subscriptions/00000000-0000-0000-0000-000000000000/resourceGroups/cli_test_network_private_endpoints000001/providers/Microsoft.Network/virtualNetworks/vnet1/subnets/subnet2\",\r\n
        \ \"etag\": \"W/\\\"f33c15d6-59d4-40ab-964e-7ce206902031\\\"\",\r\n  \"properties\":
        {\r\n    \"provisioningState\": \"Updating\",\r\n    \"addressPrefix\": \"10.0.2.0/24\",\r\n
        \   \"delegations\": [],\r\n    \"privateEndpointNetworkPolicies\": \"Disabled\",\r\n
        \   \"privateLinkServiceNetworkPolicies\": \"Enabled\"\r\n  },\r\n  \"type\":
        \"Microsoft.Network/virtualNetworks/subnets\"\r\n}"
    headers:
      azure-asyncoperation:
      - https://management.azure.com/subscriptions/00000000-0000-0000-0000-000000000000/providers/Microsoft.Network/locations/centralus/operations/a24a6157-c80c-4910-99aa-44dbb7a6d154?api-version=2019-11-01
      cache-control:
      - no-cache
      content-length:
      - '586'
      content-type:
      - application/json; charset=utf-8
      date:
      - Thu, 06 Feb 2020 11:40:05 GMT
      expires:
      - '-1'
      pragma:
      - no-cache
      server:
      - Microsoft-HTTPAPI/2.0
      - Microsoft-HTTPAPI/2.0
      strict-transport-security:
      - max-age=31536000; includeSubDomains
      transfer-encoding:
      - chunked
      vary:
      - Accept-Encoding
      x-content-type-options:
      - nosniff
      x-ms-arm-service-request-id:
      - c21290d5-112b-46a2-b58e-c5ece0469700
      x-ms-ratelimit-remaining-subscription-writes:
      - '1199'
    status:
      code: 200
      message: OK
- request:
    body: null
    headers:
      Accept:
      - application/json
      Accept-Encoding:
      - gzip, deflate
      CommandName:
      - network vnet subnet update
      Connection:
      - keep-alive
      ParameterSetName:
      - -g -n --vnet-name --disable-private-endpoint-network-policies
      User-Agent:
      - python/3.6.8 (Windows-10-10.0.18362-SP0) msrest/0.6.10 msrest_azure/0.6.2
        azure-mgmt-network/9.0.0 Azure-SDK-For-Python AZURECLI/2.0.81
    method: GET
    uri: https://management.azure.com/subscriptions/00000000-0000-0000-0000-000000000000/providers/Microsoft.Network/locations/centralus/operations/a24a6157-c80c-4910-99aa-44dbb7a6d154?api-version=2019-11-01
  response:
    body:
      string: "{\r\n  \"status\": \"Succeeded\"\r\n}"
    headers:
      cache-control:
      - no-cache
      content-length:
      - '29'
      content-type:
      - application/json; charset=utf-8
      date:
      - Thu, 06 Feb 2020 11:40:10 GMT
      expires:
      - '-1'
      pragma:
      - no-cache
      server:
      - Microsoft-HTTPAPI/2.0
      - Microsoft-HTTPAPI/2.0
      strict-transport-security:
      - max-age=31536000; includeSubDomains
      transfer-encoding:
      - chunked
      vary:
      - Accept-Encoding
      x-content-type-options:
      - nosniff
      x-ms-arm-service-request-id:
      - bf4635c3-f435-4607-b9d4-3c5fd4171580
    status:
      code: 200
      message: OK
- request:
    body: null
    headers:
      Accept:
      - application/json
      Accept-Encoding:
      - gzip, deflate
      CommandName:
      - network vnet subnet update
      Connection:
      - keep-alive
      ParameterSetName:
      - -g -n --vnet-name --disable-private-endpoint-network-policies
      User-Agent:
      - python/3.6.8 (Windows-10-10.0.18362-SP0) msrest/0.6.10 msrest_azure/0.6.2
        azure-mgmt-network/9.0.0 Azure-SDK-For-Python AZURECLI/2.0.81
    method: GET
    uri: https://management.azure.com/subscriptions/00000000-0000-0000-0000-000000000000/resourceGroups/cli_test_network_private_endpoints000001/providers/Microsoft.Network/virtualNetworks/vnet1/subnets/subnet2?api-version=2019-11-01
  response:
    body:
      string: "{\r\n  \"name\": \"subnet2\",\r\n  \"id\": \"/subscriptions/00000000-0000-0000-0000-000000000000/resourceGroups/cli_test_network_private_endpoints000001/providers/Microsoft.Network/virtualNetworks/vnet1/subnets/subnet2\",\r\n
        \ \"etag\": \"W/\\\"bff9b5c7-186c-4b23-a6ba-0392c8265a67\\\"\",\r\n  \"properties\":
        {\r\n    \"provisioningState\": \"Succeeded\",\r\n    \"addressPrefix\": \"10.0.2.0/24\",\r\n
        \   \"delegations\": [],\r\n    \"privateEndpointNetworkPolicies\": \"Disabled\",\r\n
        \   \"privateLinkServiceNetworkPolicies\": \"Enabled\"\r\n  },\r\n  \"type\":
        \"Microsoft.Network/virtualNetworks/subnets\"\r\n}"
    headers:
      cache-control:
      - no-cache
      content-length:
      - '587'
      content-type:
      - application/json; charset=utf-8
      date:
      - Thu, 06 Feb 2020 11:40:10 GMT
      etag:
      - W/"bff9b5c7-186c-4b23-a6ba-0392c8265a67"
      expires:
      - '-1'
      pragma:
      - no-cache
      server:
      - Microsoft-HTTPAPI/2.0
      - Microsoft-HTTPAPI/2.0
      strict-transport-security:
      - max-age=31536000; includeSubDomains
      transfer-encoding:
      - chunked
      vary:
      - Accept-Encoding
      x-content-type-options:
      - nosniff
      x-ms-arm-service-request-id:
      - 98b671cd-2c38-4881-abc4-99675147a4a7
    status:
      code: 200
      message: OK
- request:
    body: 'b''{"location": "centralus", "properties": {"loadBalancerFrontendIpConfigurations":
      [{"id": "/subscriptions/00000000-0000-0000-0000-000000000000/resourceGroups/cli_test_network_private_endpoints000001/providers/Microsoft.Network/loadBalancers/lb1/frontendIpConfigurations/LoadBalancerFrontEnd"}],
      "ipConfigurations": [{"properties": {"subnet": {"id": "/subscriptions/00000000-0000-0000-0000-000000000000/resourceGroups/cli_test_network_private_endpoints000001/providers/Microsoft.Network/virtualNetworks/vnet1/subnets/subnet1"},
      "privateIPAddressVersion": "IPv4"}, "name": "lks1_ipconfig_0"}]}}'''
    headers:
      Accept:
      - application/json
      Accept-Encoding:
      - gzip, deflate
      CommandName:
      - network private-link-service create
      Connection:
      - keep-alive
      Content-Length:
      - '661'
      Content-Type:
      - application/json; charset=utf-8
      ParameterSetName:
      - -g -n --vnet-name --subnet --lb-name --lb-frontend-ip-configs -l
      User-Agent:
      - python/3.6.8 (Windows-10-10.0.18362-SP0) msrest/0.6.10 msrest_azure/0.6.2
        azure-mgmt-network/9.0.0 Azure-SDK-For-Python AZURECLI/2.0.81
      accept-language:
      - en-US
    method: PUT
    uri: https://management.azure.com/subscriptions/00000000-0000-0000-0000-000000000000/resourceGroups/cli_test_network_private_endpoints000001/providers/Microsoft.Network/privateLinkServices/lks1?api-version=2019-11-01
  response:
    body:
      string: "{\r\n  \"name\": \"lks1\",\r\n  \"id\": \"/subscriptions/00000000-0000-0000-0000-000000000000/resourceGroups/cli_test_network_private_endpoints000001/providers/Microsoft.Network/privateLinkServices/lks1\",\r\n
        \ \"etag\": \"W/\\\"6a2fd516-ce54-47ee-b558-66169c55f477\\\"\",\r\n  \"type\":
        \"Microsoft.Network/privateLinkServices\",\r\n  \"location\": \"centralus\",\r\n
        \ \"properties\": {\r\n    \"provisioningState\": \"Updating\",\r\n    \"resourceGuid\":
        \"960cb3f6-9c7a-4f36-86fe-95d6483e8946\",\r\n    \"fqdns\": [],\r\n    \"alias\":
        \"lks1.8435ad7c-cc2c-4522-b4c0-ef3ff3fbf545.centralus.azure.privatelinkservice\",\r\n
        \   \"enableProxyProtocol\": false,\r\n    \"loadBalancerFrontendIpConfigurations\":
        [\r\n      {\r\n        \"id\": \"/subscriptions/00000000-0000-0000-0000-000000000000/resourceGroups/cli_test_network_private_endpoints000001/providers/Microsoft.Network/loadBalancers/lb1/frontendIPConfigurations/LoadBalancerFrontEnd\"\r\n
        \     }\r\n    ],\r\n    \"ipConfigurations\": [\r\n      {\r\n        \"name\":
        \"lks1_ipconfig_0\",\r\n        \"id\": \"/subscriptions/00000000-0000-0000-0000-000000000000/resourceGroups/cli_test_network_private_endpoints000001/providers/Microsoft.Network/privateLinkServices/lks1/ipConfigurations/lks1_ipconfig_0\",\r\n
        \       \"etag\": \"W/\\\"6a2fd516-ce54-47ee-b558-66169c55f477\\\"\",\r\n
        \       \"type\": \"Microsoft.Network/privateLinkServices/ipConfigurations\",\r\n
        \       \"properties\": {\r\n          \"provisioningState\": \"Succeeded\",\r\n
        \         \"privateIPAllocationMethod\": \"Dynamic\",\r\n          \"subnet\":
        {\r\n            \"id\": \"/subscriptions/00000000-0000-0000-0000-000000000000/resourceGroups/cli_test_network_private_endpoints000001/providers/Microsoft.Network/virtualNetworks/vnet1/subnets/subnet1\"\r\n
        \         },\r\n          \"primary\": true,\r\n          \"privateIPAddressVersion\":
        \"IPv4\"\r\n        }\r\n      }\r\n    ],\r\n    \"privateEndpointConnections\":
        [],\r\n    \"networkInterfaces\": [\r\n      {\r\n        \"id\": \"/subscriptions/00000000-0000-0000-0000-000000000000/resourceGroups/cli_test_network_private_endpoints000001/providers/Microsoft.Network/networkInterfaces/lks1.nic.70246088-a1cd-4eac-8ed2-c6b84df4057f\"\r\n
        \     }\r\n    ]\r\n  }\r\n}"
    headers:
      azure-asyncoperation:
      - https://management.azure.com/subscriptions/00000000-0000-0000-0000-000000000000/providers/Microsoft.Network/locations/centralus/operations/b291ce4e-5fdb-4bd7-9c46-737b93046bc7?api-version=2019-11-01
      cache-control:
      - no-cache
      content-length:
      - '2253'
      content-type:
      - application/json; charset=utf-8
      date:
      - Thu, 06 Feb 2020 11:40:19 GMT
      expires:
      - '-1'
      pragma:
      - no-cache
      server:
      - Microsoft-HTTPAPI/2.0
      - Microsoft-HTTPAPI/2.0
      strict-transport-security:
      - max-age=31536000; includeSubDomains
      x-content-type-options:
      - nosniff
      x-ms-arm-service-request-id:
      - 22354b47-e312-4a87-bd29-f7f41fca6a82
      x-ms-ratelimit-remaining-subscription-writes:
      - '1199'
    status:
      code: 201
      message: Created
- request:
    body: null
    headers:
      Accept:
      - application/json
      Accept-Encoding:
      - gzip, deflate
      CommandName:
      - network private-link-service create
      Connection:
      - keep-alive
      ParameterSetName:
      - -g -n --vnet-name --subnet --lb-name --lb-frontend-ip-configs -l
      User-Agent:
      - python/3.6.8 (Windows-10-10.0.18362-SP0) msrest/0.6.10 msrest_azure/0.6.2
        azure-mgmt-network/9.0.0 Azure-SDK-For-Python AZURECLI/2.0.81
    method: GET
    uri: https://management.azure.com/subscriptions/00000000-0000-0000-0000-000000000000/providers/Microsoft.Network/locations/centralus/operations/b291ce4e-5fdb-4bd7-9c46-737b93046bc7?api-version=2019-11-01
  response:
    body:
      string: "{\r\n  \"status\": \"Succeeded\"\r\n}"
    headers:
      cache-control:
      - no-cache
      content-length:
      - '29'
      content-type:
      - application/json; charset=utf-8
      date:
      - Thu, 06 Feb 2020 11:40:32 GMT
      expires:
      - '-1'
      pragma:
      - no-cache
      server:
      - Microsoft-HTTPAPI/2.0
      - Microsoft-HTTPAPI/2.0
      strict-transport-security:
      - max-age=31536000; includeSubDomains
      transfer-encoding:
      - chunked
      vary:
      - Accept-Encoding
      x-content-type-options:
      - nosniff
      x-ms-arm-service-request-id:
      - adf6b74f-bf48-4077-a7b5-481204184319
    status:
      code: 200
      message: OK
- request:
    body: null
    headers:
      Accept:
      - application/json
      Accept-Encoding:
      - gzip, deflate
      CommandName:
      - network private-link-service create
      Connection:
      - keep-alive
      ParameterSetName:
      - -g -n --vnet-name --subnet --lb-name --lb-frontend-ip-configs -l
      User-Agent:
      - python/3.6.8 (Windows-10-10.0.18362-SP0) msrest/0.6.10 msrest_azure/0.6.2
        azure-mgmt-network/9.0.0 Azure-SDK-For-Python AZURECLI/2.0.81
    method: GET
    uri: https://management.azure.com/subscriptions/00000000-0000-0000-0000-000000000000/resourceGroups/cli_test_network_private_endpoints000001/providers/Microsoft.Network/privateLinkServices/lks1?api-version=2019-11-01
  response:
    body:
      string: "{\r\n  \"name\": \"lks1\",\r\n  \"id\": \"/subscriptions/00000000-0000-0000-0000-000000000000/resourceGroups/cli_test_network_private_endpoints000001/providers/Microsoft.Network/privateLinkServices/lks1\",\r\n
        \ \"etag\": \"W/\\\"ab902eb1-b3cc-4732-bdc9-4ef0d2b1ba4a\\\"\",\r\n  \"type\":
        \"Microsoft.Network/privateLinkServices\",\r\n  \"location\": \"centralus\",\r\n
        \ \"properties\": {\r\n    \"provisioningState\": \"Succeeded\",\r\n    \"resourceGuid\":
        \"960cb3f6-9c7a-4f36-86fe-95d6483e8946\",\r\n    \"fqdns\": [],\r\n    \"alias\":
        \"lks1.8435ad7c-cc2c-4522-b4c0-ef3ff3fbf545.centralus.azure.privatelinkservice\",\r\n
        \   \"enableProxyProtocol\": false,\r\n    \"loadBalancerFrontendIpConfigurations\":
        [\r\n      {\r\n        \"id\": \"/subscriptions/00000000-0000-0000-0000-000000000000/resourceGroups/cli_test_network_private_endpoints000001/providers/Microsoft.Network/loadBalancers/lb1/frontendIPConfigurations/LoadBalancerFrontEnd\"\r\n
        \     }\r\n    ],\r\n    \"ipConfigurations\": [\r\n      {\r\n        \"name\":
        \"lks1_ipconfig_0\",\r\n        \"id\": \"/subscriptions/00000000-0000-0000-0000-000000000000/resourceGroups/cli_test_network_private_endpoints000001/providers/Microsoft.Network/privateLinkServices/lks1/ipConfigurations/lks1_ipconfig_0\",\r\n
        \       \"etag\": \"W/\\\"ab902eb1-b3cc-4732-bdc9-4ef0d2b1ba4a\\\"\",\r\n
        \       \"type\": \"Microsoft.Network/privateLinkServices/ipConfigurations\",\r\n
        \       \"properties\": {\r\n          \"provisioningState\": \"Succeeded\",\r\n
        \         \"privateIPAllocationMethod\": \"Dynamic\",\r\n          \"subnet\":
        {\r\n            \"id\": \"/subscriptions/00000000-0000-0000-0000-000000000000/resourceGroups/cli_test_network_private_endpoints000001/providers/Microsoft.Network/virtualNetworks/vnet1/subnets/subnet1\"\r\n
        \         },\r\n          \"primary\": true,\r\n          \"privateIPAddressVersion\":
        \"IPv4\"\r\n        }\r\n      }\r\n    ],\r\n    \"privateEndpointConnections\":
        [],\r\n    \"networkInterfaces\": [\r\n      {\r\n        \"id\": \"/subscriptions/00000000-0000-0000-0000-000000000000/resourceGroups/cli_test_network_private_endpoints000001/providers/Microsoft.Network/networkInterfaces/lks1.nic.70246088-a1cd-4eac-8ed2-c6b84df4057f\"\r\n
        \     }\r\n    ]\r\n  }\r\n}"
    headers:
      cache-control:
      - no-cache
      content-length:
      - '2254'
      content-type:
      - application/json; charset=utf-8
      date:
      - Thu, 06 Feb 2020 11:40:32 GMT
      etag:
      - W/"ab902eb1-b3cc-4732-bdc9-4ef0d2b1ba4a"
      expires:
      - '-1'
      pragma:
      - no-cache
      server:
      - Microsoft-HTTPAPI/2.0
      - Microsoft-HTTPAPI/2.0
      strict-transport-security:
      - max-age=31536000; includeSubDomains
      transfer-encoding:
      - chunked
      vary:
      - Accept-Encoding
      x-content-type-options:
      - nosniff
      x-ms-arm-service-request-id:
      - 78af7c0e-a9b5-49e4-aa9f-e789c969cf82
    status:
      code: 200
      message: OK
- request:
    body: null
    headers:
      Accept:
      - application/json
      Accept-Encoding:
      - gzip, deflate
      CommandName:
      - network private-endpoint list-types
      Connection:
      - keep-alive
      ParameterSetName:
      - -l
      User-Agent:
      - python/3.6.8 (Windows-10-10.0.18362-SP0) msrest/0.6.10 msrest_azure/0.6.2
        azure-mgmt-network/9.0.0 Azure-SDK-For-Python AZURECLI/2.0.81
      accept-language:
      - en-US
    method: GET
    uri: https://management.azure.com/subscriptions/00000000-0000-0000-0000-000000000000/providers/Microsoft.Network/locations/centralus/availablePrivateEndpointTypes?api-version=2019-11-01
  response:
    body:
      string: "{\r\n  \"value\": [\r\n    {\r\n      \"name\": \"Microsoft.DocumentDB.databaseAccounts\",\r\n
        \     \"id\": \"/subscriptions/00000000-0000-0000-0000-000000000000/providers/Microsoft.Network/AvailablePrivateEndpointTypes/Microsoft.DocumentDB.databaseAccounts\",\r\n
        \     \"type\": \"Microsoft.Network/AvailablePrivateEndpointTypes\",\r\n      \"resourceName\":
        \"Microsoft.DocumentDB/databaseAccounts\",\r\n      \"displayName\": \"Microsoft.AzureCosmosDB/databaseAccounts\",\r\n
        \     \"apiVersion\": \"2016-03-31\"\r\n    },\r\n    {\r\n      \"name\":
        \"Microsoft.Sql.servers\",\r\n      \"id\": \"/subscriptions/00000000-0000-0000-0000-000000000000/providers/Microsoft.Network/AvailablePrivateEndpointTypes/Microsoft.Sql.servers\",\r\n
        \     \"type\": \"Microsoft.Network/AvailablePrivateEndpointTypes\",\r\n      \"resourceName\":
        \"Microsoft.Sql/servers\",\r\n      \"displayName\": \"Microsoft.Sql/servers\",\r\n
        \     \"apiVersion\": \"2018-06-01-preview\"\r\n    },\r\n    {\r\n      \"name\":
        \"Microsoft.Network.privateLinkServices\",\r\n      \"id\": \"/subscriptions/00000000-0000-0000-0000-000000000000/providers/Microsoft.Network/AvailablePrivateEndpointTypes/Microsoft.Network.privateLinkServices\",\r\n
        \     \"type\": \"Microsoft.Network/AvailablePrivateEndpointTypes\",\r\n      \"resourceName\":
        \"Microsoft.Network/privateLinkServices\",\r\n      \"displayName\": \"Microsoft.Network/privateLinkServices\",\r\n
        \     \"apiVersion\": \"\"\r\n    },\r\n    {\r\n      \"name\": \"Microsoft.Web.sites\",\r\n
        \     \"id\": \"/subscriptions/00000000-0000-0000-0000-000000000000/providers/Microsoft.Network/AvailablePrivateEndpointTypes/Microsoft.Web.sites\",\r\n
        \     \"type\": \"Microsoft.Network/AvailablePrivateEndpointTypes\",\r\n      \"resourceName\":
        \"Microsoft.Web/sites\",\r\n      \"displayName\": \"Microsoft.Web/sites\",\r\n
        \     \"apiVersion\": \"2018-11-01\"\r\n    },\r\n    {\r\n      \"name\":
        \"Microsoft.Web.hostingEnvironments\",\r\n      \"id\": \"/subscriptions/00000000-0000-0000-0000-000000000000/providers/Microsoft.Network/AvailablePrivateEndpointTypes/Microsoft.Web.hostingEnvironments\",\r\n
        \     \"type\": \"Microsoft.Network/AvailablePrivateEndpointTypes\",\r\n      \"resourceName\":
        \"Microsoft.Web/hostingEnvironments\",\r\n      \"displayName\": \"Microsoft.Web/hostingEnvironments\",\r\n
        \     \"apiVersion\": \"2019-01-01\"\r\n    },\r\n    {\r\n      \"name\":
        \"Microsoft.Storage.storageAccounts\",\r\n      \"id\": \"/subscriptions/00000000-0000-0000-0000-000000000000/providers/Microsoft.Network/AvailablePrivateEndpointTypes/Microsoft.Storage.storageAccounts\",\r\n
        \     \"type\": \"Microsoft.Network/AvailablePrivateEndpointTypes\",\r\n      \"resourceName\":
        \"Microsoft.Storage/storageAccounts\",\r\n      \"displayName\": \"Microsoft.Storage/storageAccounts\",\r\n
        \     \"apiVersion\": \"2019-04-01\"\r\n    },\r\n    {\r\n      \"name\":
        \"Microsoft.DBforPostgreSQL.servers\",\r\n      \"id\": \"/subscriptions/00000000-0000-0000-0000-000000000000/providers/Microsoft.Network/AvailablePrivateEndpointTypes/Microsoft.DBforPostgreSQL.servers\",\r\n
        \     \"type\": \"Microsoft.Network/AvailablePrivateEndpointTypes\",\r\n      \"resourceName\":
        \"Microsoft.DBforPostgreSQL/servers\",\r\n      \"displayName\": \"Microsoft.DBforPostgreSQL/servers\",\r\n
        \     \"apiVersion\": \"2018-06-01-privatepreview\"\r\n    },\r\n    {\r\n
        \     \"name\": \"Microsoft.DBforMySQL.servers\",\r\n      \"id\": \"/subscriptions/00000000-0000-0000-0000-000000000000/providers/Microsoft.Network/AvailablePrivateEndpointTypes/Microsoft.DBforMySQL.servers\",\r\n
        \     \"type\": \"Microsoft.Network/AvailablePrivateEndpointTypes\",\r\n      \"resourceName\":
        \"Microsoft.DBforMySQL/servers\",\r\n      \"displayName\": \"Microsoft.DBforMySQL/servers\",\r\n
        \     \"apiVersion\": \"2018-06-01-privatepreview\"\r\n    },\r\n    {\r\n
        \     \"name\": \"Microsoft.DBforMariaDB.servers\",\r\n      \"id\": \"/subscriptions/00000000-0000-0000-0000-000000000000/providers/Microsoft.Network/AvailablePrivateEndpointTypes/Microsoft.DBforMariaDB.servers\",\r\n
        \     \"type\": \"Microsoft.Network/AvailablePrivateEndpointTypes\",\r\n      \"resourceName\":
        \"Microsoft.DBforMariaDB/servers\",\r\n      \"displayName\": \"Microsoft.DBforMariaDB/servers\",\r\n
        \     \"apiVersion\": \"2018-06-01-privatepreview\"\r\n    },\r\n    {\r\n
        \     \"name\": \"Microsoft.KeyVault.vaults\",\r\n      \"id\": \"/subscriptions/00000000-0000-0000-0000-000000000000/providers/Microsoft.Network/AvailablePrivateEndpointTypes/Microsoft.KeyVault.vaults\",\r\n
        \     \"type\": \"Microsoft.Network/AvailablePrivateEndpointTypes\",\r\n      \"resourceName\":
        \"Microsoft.KeyVault/vaults\",\r\n      \"displayName\": \"Microsoft.KeyVault/vaults\",\r\n
        \     \"apiVersion\": \"2018-02-14\"\r\n    },\r\n    {\r\n      \"name\":
        \"Microsoft.ProjectArcadia.workspaces\",\r\n      \"id\": \"/subscriptions/00000000-0000-0000-0000-000000000000/providers/Microsoft.Network/AvailablePrivateEndpointTypes/Microsoft.ProjectArcadia.workspaces\",\r\n
        \     \"type\": \"Microsoft.Network/AvailablePrivateEndpointTypes\",\r\n      \"resourceName\":
        \"Microsoft.ProjectArcadia/workspaces\",\r\n      \"displayName\": \"Microsoft.ProjectArcadia/workspaces\",\r\n
        \     \"apiVersion\": \"2019-06-01-preview\"\r\n    },\r\n    {\r\n      \"name\":
        \"Microsoft.AppConfiguration.configurationStores\",\r\n      \"id\": \"/subscriptions/00000000-0000-0000-0000-000000000000/providers/Microsoft.Network/AvailablePrivateEndpointTypes/Microsoft.AppConfiguration.configurationStores\",\r\n
        \     \"type\": \"Microsoft.Network/AvailablePrivateEndpointTypes\",\r\n      \"resourceName\":
        \"Microsoft.AppConfiguration/configurationStores\",\r\n      \"displayName\":
        \"Microsoft.AppConfiguration/configurationStores\",\r\n      \"apiVersion\":
        \"2019-11-01-preview\"\r\n    },\r\n    {\r\n      \"name\": \"Microsoft.Search.searchServices\",\r\n
        \     \"id\": \"/subscriptions/00000000-0000-0000-0000-000000000000/providers/Microsoft.Network/AvailablePrivateEndpointTypes/Microsoft.Search.searchServices\",\r\n
        \     \"type\": \"Microsoft.Network/AvailablePrivateEndpointTypes\",\r\n      \"resourceName\":
        \"Microsoft.Search/searchServices\",\r\n      \"displayName\": \"Microsoft.Search/searchServices\",\r\n
        \     \"apiVersion\": \"2019-10-01-preview\"\r\n    },\r\n    {\r\n      \"name\":
        \"Microsoft.ContainerService.managedClusters\",\r\n      \"id\": \"/subscriptions/00000000-0000-0000-0000-000000000000/providers/Microsoft.Network/AvailablePrivateEndpointTypes/Microsoft.ContainerService.managedClusters\",\r\n
        \     \"type\": \"Microsoft.Network/AvailablePrivateEndpointTypes\",\r\n      \"resourceName\":
        \"Microsoft.ContainerService/managedClusters\",\r\n      \"displayName\":
        \"Microsoft.ContainerService/managedClusters\",\r\n      \"apiVersion\": \"2019-04-01\"\r\n
        \   },\r\n    {\r\n      \"name\": \"Microsoft.Attestation.attestationProviders\",\r\n
        \     \"id\": \"/subscriptions/00000000-0000-0000-0000-000000000000/providers/Microsoft.Network/AvailablePrivateEndpointTypes/Microsoft.Attestation.attestationProviders\",\r\n
        \     \"type\": \"Microsoft.Network/AvailablePrivateEndpointTypes\",\r\n      \"resourceName\":
        \"Microsoft.Attestation/attestationProviders\",\r\n      \"displayName\":
        \"Microsoft.Attestation/attestationProviders\",\r\n      \"apiVersion\": \"2018-09-01-preview\"\r\n
        \   },\r\n    {\r\n      \"name\": \"Microsoft.Devices.IotHubs\",\r\n      \"id\":
        \"/subscriptions/00000000-0000-0000-0000-000000000000/providers/Microsoft.Network/AvailablePrivateEndpointTypes/Microsoft.Devices.IotHubs\",\r\n
        \     \"type\": \"Microsoft.Network/AvailablePrivateEndpointTypes\",\r\n      \"resourceName\":
        \"Microsoft.Devices/IotHubs\",\r\n      \"displayName\": \"Microsoft.Devices/IotHubs\",\r\n
        \     \"apiVersion\": \"2019-11-01\"\r\n    },\r\n    {\r\n      \"name\":
        \"Microsoft.Cache.Redis\",\r\n      \"id\": \"/subscriptions/00000000-0000-0000-0000-000000000000/providers/Microsoft.Network/AvailablePrivateEndpointTypes/Microsoft.Cache.Redis\",\r\n
        \     \"type\": \"Microsoft.Network/AvailablePrivateEndpointTypes\",\r\n      \"resourceName\":
        \"Microsoft.Cache/Redis\",\r\n      \"displayName\": \"Microsoft.Cache/Redis\",\r\n
        \     \"apiVersion\": \"2019-07-01\"\r\n    },\r\n    {\r\n      \"name\":
        \"Microsoft.OperationalInsights.Workspaces\",\r\n      \"id\": \"/subscriptions/00000000-0000-0000-0000-000000000000/providers/Microsoft.Network/AvailablePrivateEndpointTypes/Microsoft.OperationalInsights.Workspaces\",\r\n
        \     \"type\": \"Microsoft.Network/AvailablePrivateEndpointTypes\",\r\n      \"resourceName\":
        \"Microsoft.OperationalInsights/Workspaces\",\r\n      \"displayName\": \"Microsoft.OperationalInsights/Workspaces\",\r\n
        \     \"apiVersion\": \"2015-11-01-preview\"\r\n    },\r\n    {\r\n      \"name\":
        \"Microsoft.SignalRService.SignalR\",\r\n      \"id\": \"/subscriptions/00000000-0000-0000-0000-000000000000/providers/Microsoft.Network/AvailablePrivateEndpointTypes/Microsoft.SignalRService.SignalR\",\r\n
        \     \"type\": \"Microsoft.Network/AvailablePrivateEndpointTypes\",\r\n      \"resourceName\":
        \"Microsoft.SignalRService/SignalR\",\r\n      \"displayName\": \"Microsoft.SignalRService/SignalR\",\r\n
        \     \"apiVersion\": \"2018-10-01\"\r\n    },\r\n    {\r\n      \"name\":
        \"Microsoft.MachineLearningServices.workspaces\",\r\n      \"id\": \"/subscriptions/00000000-0000-0000-0000-000000000000/providers/Microsoft.Network/AvailablePrivateEndpointTypes/Microsoft.MachineLearningServices.workspaces\",\r\n
        \     \"type\": \"Microsoft.Network/AvailablePrivateEndpointTypes\",\r\n      \"resourceName\":
        \"Microsoft.MachineLearningServices/workspaces\",\r\n      \"displayName\":
        \"Microsoft.MachineLearningServices/workspaces\",\r\n      \"apiVersion\":
        \"2020-01-01\"\r\n    }\r\n  ]\r\n}"
    headers:
      cache-control:
      - no-cache
      content-length:
      - '9004'
      content-type:
      - application/json; charset=utf-8
      date:
      - Thu, 06 Feb 2020 11:40:35 GMT
      expires:
      - '-1'
      pragma:
      - no-cache
      server:
      - Microsoft-HTTPAPI/2.0
      - Microsoft-HTTPAPI/2.0
      strict-transport-security:
      - max-age=31536000; includeSubDomains
      transfer-encoding:
      - chunked
      vary:
      - Accept-Encoding
      x-content-type-options:
      - nosniff
      x-ms-arm-service-request-id:
      - 8a4f3113-9c83-4397-b077-6be32b72d719
    status:
      code: 200
      message: OK
- request:
    body: 'b''{"location": "centralus", "properties": {"subnet": {"id": "/subscriptions/00000000-0000-0000-0000-000000000000/resourceGroups/cli_test_network_private_endpoints000001/providers/Microsoft.Network/virtualNetworks/vnet1/subnets/subnet2"},
      "privateLinkServiceConnections": [{"properties": {"privateLinkServiceId": "/subscriptions/00000000-0000-0000-0000-000000000000/resourceGroups/cli_test_network_private_endpoints000001/providers/Microsoft.Network/privateLinkServices/lks1"},
      "name": "tttt"}]}}'''
    headers:
      Accept:
      - application/json
      Accept-Encoding:
      - gzip, deflate
      CommandName:
      - network private-endpoint create
      Connection:
      - keep-alive
      Content-Length:
      - '563'
      Content-Type:
      - application/json; charset=utf-8
      ParameterSetName:
      - -g -n --vnet-name --subnet --private-connection-resource-id --connection-name
        -l
      User-Agent:
      - python/3.6.8 (Windows-10-10.0.18362-SP0) msrest/0.6.10 msrest_azure/0.6.2
        azure-mgmt-network/9.0.0 Azure-SDK-For-Python AZURECLI/2.0.81
      accept-language:
      - en-US
    method: PUT
    uri: https://management.azure.com/subscriptions/00000000-0000-0000-0000-000000000000/resourceGroups/cli_test_network_private_endpoints000001/providers/Microsoft.Network/privateEndpoints/pe1?api-version=2019-11-01
  response:
    body:
      string: "{\r\n  \"name\": \"pe1\",\r\n  \"id\": \"/subscriptions/00000000-0000-0000-0000-000000000000/resourceGroups/cli_test_network_private_endpoints000001/providers/Microsoft.Network/privateEndpoints/pe1\",\r\n
        \ \"etag\": \"W/\\\"18c96f7a-de6b-4d46-aed1-e6bb30022f95\\\"\",\r\n  \"type\":
        \"Microsoft.Network/privateEndpoints\",\r\n  \"location\": \"centralus\",\r\n
        \ \"properties\": {\r\n    \"provisioningState\": \"Updating\",\r\n    \"resourceGuid\":
        \"2b13cab8-a08a-4b16-bb20-a5166a865127\",\r\n    \"privateLinkServiceConnections\":
        [\r\n      {\r\n        \"name\": \"tttt\",\r\n        \"id\": \"/subscriptions/00000000-0000-0000-0000-000000000000/resourceGroups/cli_test_network_private_endpoints000001/providers/Microsoft.Network/privateEndpoints/pe1/privateLinkServiceConnections/tttt\",\r\n
        \       \"etag\": \"W/\\\"18c96f7a-de6b-4d46-aed1-e6bb30022f95\\\"\",\r\n
        \       \"properties\": {\r\n          \"provisioningState\": \"Succeeded\",\r\n
        \         \"privateLinkServiceId\": \"/subscriptions/00000000-0000-0000-0000-000000000000/resourceGroups/cli_test_network_private_endpoints000001/providers/Microsoft.Network/privateLinkServices/lks1\",\r\n
        \         \"privateLinkServiceConnectionState\": {\r\n            \"status\":
        \"Approved\",\r\n            \"description\": \"\",\r\n            \"actionsRequired\":
        \"None\"\r\n          }\r\n        },\r\n        \"type\": \"Microsoft.Network/privateEndpoints/privateLinkServiceConnections\"\r\n
        \     }\r\n    ],\r\n    \"manualPrivateLinkServiceConnections\": [],\r\n
        \   \"subnet\": {\r\n      \"id\": \"/subscriptions/00000000-0000-0000-0000-000000000000/resourceGroups/cli_test_network_private_endpoints000001/providers/Microsoft.Network/virtualNetworks/vnet1/subnets/subnet2\"\r\n
        \   },\r\n    \"networkInterfaces\": [\r\n      {\r\n        \"id\": \"/subscriptions/00000000-0000-0000-0000-000000000000/resourceGroups/cli_test_network_private_endpoints000001/providers/Microsoft.Network/networkInterfaces/pe1.nic.37582c87-849d-4dd2-b9b4-b9bcb036272f\"\r\n
        \     }\r\n    ]\r\n  }\r\n}"
    headers:
      azure-asyncoperation:
      - https://management.azure.com/subscriptions/00000000-0000-0000-0000-000000000000/providers/Microsoft.Network/locations/centralus/operations/0077195d-9061-4ef8-836c-b2ad811bb74f?api-version=2019-11-01
      cache-control:
      - no-cache
      content-length:
      - '2052'
      content-type:
      - application/json; charset=utf-8
      date:
      - Thu, 06 Feb 2020 11:40:43 GMT
      expires:
      - '-1'
      pragma:
      - no-cache
      server:
      - Microsoft-HTTPAPI/2.0
      - Microsoft-HTTPAPI/2.0
      strict-transport-security:
      - max-age=31536000; includeSubDomains
      x-content-type-options:
      - nosniff
      x-ms-arm-service-request-id:
      - 54b1642a-c5e2-4f82-92bc-f20f240787c9
      x-ms-ratelimit-remaining-subscription-writes:
      - '1199'
    status:
      code: 201
      message: Created
- request:
    body: null
    headers:
      Accept:
      - application/json
      Accept-Encoding:
      - gzip, deflate
      CommandName:
      - network private-endpoint create
      Connection:
      - keep-alive
      ParameterSetName:
      - -g -n --vnet-name --subnet --private-connection-resource-id --connection-name
        -l
      User-Agent:
      - python/3.6.8 (Windows-10-10.0.18362-SP0) msrest/0.6.10 msrest_azure/0.6.2
        azure-mgmt-network/9.0.0 Azure-SDK-For-Python AZURECLI/2.0.81
    method: GET
    uri: https://management.azure.com/subscriptions/00000000-0000-0000-0000-000000000000/providers/Microsoft.Network/locations/centralus/operations/0077195d-9061-4ef8-836c-b2ad811bb74f?api-version=2019-11-01
  response:
    body:
      string: "{\r\n  \"status\": \"InProgress\"\r\n}"
    headers:
      cache-control:
      - no-cache
      content-length:
      - '30'
      content-type:
      - application/json; charset=utf-8
      date:
      - Thu, 06 Feb 2020 11:40:54 GMT
      expires:
      - '-1'
      pragma:
      - no-cache
      server:
      - Microsoft-HTTPAPI/2.0
      - Microsoft-HTTPAPI/2.0
      strict-transport-security:
      - max-age=31536000; includeSubDomains
      transfer-encoding:
      - chunked
      vary:
      - Accept-Encoding
      x-content-type-options:
      - nosniff
      x-ms-arm-service-request-id:
      - 2805b77a-2356-44a4-99d2-e77eb1764b89
    status:
      code: 200
      message: OK
- request:
    body: null
    headers:
      Accept:
      - application/json
      Accept-Encoding:
      - gzip, deflate
      CommandName:
      - network private-endpoint create
      Connection:
      - keep-alive
      ParameterSetName:
      - -g -n --vnet-name --subnet --private-connection-resource-id --connection-name
        -l
      User-Agent:
      - python/3.6.8 (Windows-10-10.0.18362-SP0) msrest/0.6.10 msrest_azure/0.6.2
        azure-mgmt-network/9.0.0 Azure-SDK-For-Python AZURECLI/2.0.81
    method: GET
    uri: https://management.azure.com/subscriptions/00000000-0000-0000-0000-000000000000/providers/Microsoft.Network/locations/centralus/operations/0077195d-9061-4ef8-836c-b2ad811bb74f?api-version=2019-11-01
  response:
    body:
      string: "{\r\n  \"status\": \"InProgress\"\r\n}"
    headers:
      cache-control:
      - no-cache
      content-length:
      - '30'
      content-type:
      - application/json; charset=utf-8
      date:
      - Thu, 06 Feb 2020 11:41:06 GMT
      expires:
      - '-1'
      pragma:
      - no-cache
      server:
      - Microsoft-HTTPAPI/2.0
      - Microsoft-HTTPAPI/2.0
      strict-transport-security:
      - max-age=31536000; includeSubDomains
      transfer-encoding:
      - chunked
      vary:
      - Accept-Encoding
      x-content-type-options:
      - nosniff
      x-ms-arm-service-request-id:
      - 84a3940d-7dbd-44b6-9556-e6358f683a75
    status:
      code: 200
      message: OK
- request:
    body: null
    headers:
      Accept:
      - application/json
      Accept-Encoding:
      - gzip, deflate
      CommandName:
      - network private-endpoint create
      Connection:
      - keep-alive
      ParameterSetName:
      - -g -n --vnet-name --subnet --private-connection-resource-id --connection-name
        -l
      User-Agent:
      - python/3.6.8 (Windows-10-10.0.18362-SP0) msrest/0.6.10 msrest_azure/0.6.2
        azure-mgmt-network/9.0.0 Azure-SDK-For-Python AZURECLI/2.0.81
    method: GET
    uri: https://management.azure.com/subscriptions/00000000-0000-0000-0000-000000000000/providers/Microsoft.Network/locations/centralus/operations/0077195d-9061-4ef8-836c-b2ad811bb74f?api-version=2019-11-01
  response:
    body:
      string: "{\r\n  \"status\": \"Succeeded\"\r\n}"
    headers:
      cache-control:
      - no-cache
      content-length:
      - '29'
      content-type:
      - application/json; charset=utf-8
      date:
      - Thu, 06 Feb 2020 11:41:16 GMT
      expires:
      - '-1'
      pragma:
      - no-cache
      server:
      - Microsoft-HTTPAPI/2.0
      - Microsoft-HTTPAPI/2.0
      strict-transport-security:
      - max-age=31536000; includeSubDomains
      transfer-encoding:
      - chunked
      vary:
      - Accept-Encoding
      x-content-type-options:
      - nosniff
      x-ms-arm-service-request-id:
      - 2d083b47-c92c-495a-a574-1f7db94d1cec
    status:
      code: 200
      message: OK
- request:
    body: null
    headers:
      Accept:
      - application/json
      Accept-Encoding:
      - gzip, deflate
      CommandName:
      - network private-endpoint create
      Connection:
      - keep-alive
      ParameterSetName:
      - -g -n --vnet-name --subnet --private-connection-resource-id --connection-name
        -l
      User-Agent:
      - python/3.6.8 (Windows-10-10.0.18362-SP0) msrest/0.6.10 msrest_azure/0.6.2
        azure-mgmt-network/9.0.0 Azure-SDK-For-Python AZURECLI/2.0.81
    method: GET
    uri: https://management.azure.com/subscriptions/00000000-0000-0000-0000-000000000000/resourceGroups/cli_test_network_private_endpoints000001/providers/Microsoft.Network/privateEndpoints/pe1?api-version=2019-11-01
  response:
    body:
      string: "{\r\n  \"name\": \"pe1\",\r\n  \"id\": \"/subscriptions/00000000-0000-0000-0000-000000000000/resourceGroups/cli_test_network_private_endpoints000001/providers/Microsoft.Network/privateEndpoints/pe1\",\r\n
        \ \"etag\": \"W/\\\"ba43f442-d08f-4dd1-99c7-608a0ead9bbb\\\"\",\r\n  \"type\":
        \"Microsoft.Network/privateEndpoints\",\r\n  \"location\": \"centralus\",\r\n
        \ \"properties\": {\r\n    \"provisioningState\": \"Succeeded\",\r\n    \"resourceGuid\":
        \"2b13cab8-a08a-4b16-bb20-a5166a865127\",\r\n    \"privateLinkServiceConnections\":
        [\r\n      {\r\n        \"name\": \"tttt\",\r\n        \"id\": \"/subscriptions/00000000-0000-0000-0000-000000000000/resourceGroups/cli_test_network_private_endpoints000001/providers/Microsoft.Network/privateEndpoints/pe1/privateLinkServiceConnections/tttt\",\r\n
        \       \"etag\": \"W/\\\"ba43f442-d08f-4dd1-99c7-608a0ead9bbb\\\"\",\r\n
        \       \"properties\": {\r\n          \"provisioningState\": \"Succeeded\",\r\n
        \         \"privateLinkServiceId\": \"/subscriptions/00000000-0000-0000-0000-000000000000/resourceGroups/cli_test_network_private_endpoints000001/providers/Microsoft.Network/privateLinkServices/lks1\",\r\n
        \         \"privateLinkServiceConnectionState\": {\r\n            \"status\":
        \"Approved\",\r\n            \"description\": \"\",\r\n            \"actionsRequired\":
        \"None\"\r\n          }\r\n        },\r\n        \"type\": \"Microsoft.Network/privateEndpoints/privateLinkServiceConnections\"\r\n
        \     }\r\n    ],\r\n    \"manualPrivateLinkServiceConnections\": [],\r\n
        \   \"subnet\": {\r\n      \"id\": \"/subscriptions/00000000-0000-0000-0000-000000000000/resourceGroups/cli_test_network_private_endpoints000001/providers/Microsoft.Network/virtualNetworks/vnet1/subnets/subnet2\"\r\n
        \   },\r\n    \"networkInterfaces\": [\r\n      {\r\n        \"id\": \"/subscriptions/00000000-0000-0000-0000-000000000000/resourceGroups/cli_test_network_private_endpoints000001/providers/Microsoft.Network/networkInterfaces/pe1.nic.37582c87-849d-4dd2-b9b4-b9bcb036272f\"\r\n
        \     }\r\n    ]\r\n  }\r\n}"
    headers:
      cache-control:
      - no-cache
      content-length:
      - '2053'
      content-type:
      - application/json; charset=utf-8
      date:
      - Thu, 06 Feb 2020 11:41:16 GMT
      etag:
      - W/"ba43f442-d08f-4dd1-99c7-608a0ead9bbb"
      expires:
      - '-1'
      pragma:
      - no-cache
      server:
      - Microsoft-HTTPAPI/2.0
      - Microsoft-HTTPAPI/2.0
      strict-transport-security:
      - max-age=31536000; includeSubDomains
      transfer-encoding:
      - chunked
      vary:
      - Accept-Encoding
      x-content-type-options:
      - nosniff
      x-ms-arm-service-request-id:
      - 0b501b7c-d335-4213-adcb-4df44ca8b89f
    status:
      code: 200
      message: OK
- request:
    body: null
    headers:
      Accept:
      - application/json
      Accept-Encoding:
      - gzip, deflate
      CommandName:
      - network private-endpoint list
      Connection:
      - keep-alive
      User-Agent:
      - python/3.6.8 (Windows-10-10.0.18362-SP0) msrest/0.6.10 msrest_azure/0.6.2
        azure-mgmt-network/9.0.0 Azure-SDK-For-Python AZURECLI/2.0.81
      accept-language:
      - en-US
    method: GET
    uri: https://management.azure.com/subscriptions/00000000-0000-0000-0000-000000000000/providers/Microsoft.Network/privateEndpoints?api-version=2019-11-01
  response:
    body:
      string: "{\r\n  \"value\": [\r\n    {\r\n      \"name\": \"pe1\",\r\n      \"id\":
        \"/subscriptions/00000000-0000-0000-0000-000000000000/resourceGroups/cli_test_network_private_endpoints000001/providers/Microsoft.Network/privateEndpoints/pe1\",\r\n
        \     \"etag\": \"W/\\\"ba43f442-d08f-4dd1-99c7-608a0ead9bbb\\\"\",\r\n      \"type\":
        \"Microsoft.Network/privateEndpoints\",\r\n      \"location\": \"centralus\",\r\n
        \     \"properties\": {\r\n        \"provisioningState\": \"Succeeded\",\r\n
        \       \"resourceGuid\": \"2b13cab8-a08a-4b16-bb20-a5166a865127\",\r\n        \"privateLinkServiceConnections\":
        [\r\n          {\r\n            \"name\": \"tttt\",\r\n            \"id\":
        \"/subscriptions/00000000-0000-0000-0000-000000000000/resourceGroups/cli_test_network_private_endpoints000001/providers/Microsoft.Network/privateEndpoints/pe1/privateLinkServiceConnections/tttt\",\r\n
        \           \"etag\": \"W/\\\"ba43f442-d08f-4dd1-99c7-608a0ead9bbb\\\"\",\r\n
        \           \"properties\": {\r\n              \"provisioningState\": \"Succeeded\",\r\n
        \             \"privateLinkServiceId\": \"/subscriptions/00000000-0000-0000-0000-000000000000/resourceGroups/cli_test_network_private_endpoints000001/providers/Microsoft.Network/privateLinkServices/lks1\",\r\n
        \             \"privateLinkServiceConnectionState\": {\r\n                \"status\":
        \"Approved\",\r\n                \"description\": \"\",\r\n                \"actionsRequired\":
        \"None\"\r\n              }\r\n            },\r\n            \"type\": \"Microsoft.Network/privateEndpoints/privateLinkServiceConnections\"\r\n
        \         }\r\n        ],\r\n        \"manualPrivateLinkServiceConnections\":
        [],\r\n        \"subnet\": {\r\n          \"id\": \"/subscriptions/00000000-0000-0000-0000-000000000000/resourceGroups/cli_test_network_private_endpoints000001/providers/Microsoft.Network/virtualNetworks/vnet1/subnets/subnet2\"\r\n
        \       },\r\n        \"networkInterfaces\": [\r\n          {\r\n            \"id\":
        \"/subscriptions/00000000-0000-0000-0000-000000000000/resourceGroups/cli_test_network_private_endpoints000001/providers/Microsoft.Network/networkInterfaces/pe1.nic.37582c87-849d-4dd2-b9b4-b9bcb036272f\"\r\n
        \         }\r\n        ]\r\n      }\r\n    }\r\n  ]\r\n}"
    headers:
      cache-control:
      - no-cache
      content-length:
      - '2226'
      content-type:
      - application/json; charset=utf-8
      date:
      - Thu, 06 Feb 2020 11:41:19 GMT
      expires:
      - '-1'
      pragma:
      - no-cache
      server:
      - Microsoft-HTTPAPI/2.0
      - Microsoft-HTTPAPI/2.0
      strict-transport-security:
      - max-age=31536000; includeSubDomains
      transfer-encoding:
      - chunked
      vary:
      - Accept-Encoding
      x-content-type-options:
      - nosniff
      x-ms-arm-service-request-id:
      - 43fc58f6-a166-4a46-997d-c255eba7a03a
    status:
      code: 200
      message: OK
- request:
    body: null
    headers:
      Accept:
      - application/json
      Accept-Encoding:
      - gzip, deflate
      CommandName:
      - network private-endpoint list
      Connection:
      - keep-alive
      ParameterSetName:
      - -g
      User-Agent:
      - python/3.6.8 (Windows-10-10.0.18362-SP0) msrest/0.6.10 msrest_azure/0.6.2
        azure-mgmt-network/9.0.0 Azure-SDK-For-Python AZURECLI/2.0.81
      accept-language:
      - en-US
    method: GET
    uri: https://management.azure.com/subscriptions/00000000-0000-0000-0000-000000000000/resourceGroups/cli_test_network_private_endpoints000001/providers/Microsoft.Network/privateEndpoints?api-version=2019-11-01
  response:
    body:
      string: "{\r\n  \"value\": [\r\n    {\r\n      \"name\": \"pe1\",\r\n      \"id\":
        \"/subscriptions/00000000-0000-0000-0000-000000000000/resourceGroups/cli_test_network_private_endpoints000001/providers/Microsoft.Network/privateEndpoints/pe1\",\r\n
        \     \"etag\": \"W/\\\"ba43f442-d08f-4dd1-99c7-608a0ead9bbb\\\"\",\r\n      \"type\":
        \"Microsoft.Network/privateEndpoints\",\r\n      \"location\": \"centralus\",\r\n
        \     \"properties\": {\r\n        \"provisioningState\": \"Succeeded\",\r\n
        \       \"resourceGuid\": \"2b13cab8-a08a-4b16-bb20-a5166a865127\",\r\n        \"privateLinkServiceConnections\":
        [\r\n          {\r\n            \"name\": \"tttt\",\r\n            \"id\":
        \"/subscriptions/00000000-0000-0000-0000-000000000000/resourceGroups/cli_test_network_private_endpoints000001/providers/Microsoft.Network/privateEndpoints/pe1/privateLinkServiceConnections/tttt\",\r\n
        \           \"etag\": \"W/\\\"ba43f442-d08f-4dd1-99c7-608a0ead9bbb\\\"\",\r\n
        \           \"properties\": {\r\n              \"provisioningState\": \"Succeeded\",\r\n
        \             \"privateLinkServiceId\": \"/subscriptions/00000000-0000-0000-0000-000000000000/resourceGroups/cli_test_network_private_endpoints000001/providers/Microsoft.Network/privateLinkServices/lks1\",\r\n
        \             \"privateLinkServiceConnectionState\": {\r\n                \"status\":
        \"Approved\",\r\n                \"description\": \"\",\r\n                \"actionsRequired\":
        \"None\"\r\n              }\r\n            },\r\n            \"type\": \"Microsoft.Network/privateEndpoints/privateLinkServiceConnections\"\r\n
        \         }\r\n        ],\r\n        \"manualPrivateLinkServiceConnections\":
        [],\r\n        \"subnet\": {\r\n          \"id\": \"/subscriptions/00000000-0000-0000-0000-000000000000/resourceGroups/cli_test_network_private_endpoints000001/providers/Microsoft.Network/virtualNetworks/vnet1/subnets/subnet2\"\r\n
        \       },\r\n        \"networkInterfaces\": [\r\n          {\r\n            \"id\":
        \"/subscriptions/00000000-0000-0000-0000-000000000000/resourceGroups/cli_test_network_private_endpoints000001/providers/Microsoft.Network/networkInterfaces/pe1.nic.37582c87-849d-4dd2-b9b4-b9bcb036272f\"\r\n
        \         }\r\n        ]\r\n      }\r\n    }\r\n  ]\r\n}"
    headers:
      cache-control:
      - no-cache
      content-length:
      - '2226'
      content-type:
      - application/json; charset=utf-8
      date:
      - Thu, 06 Feb 2020 11:41:21 GMT
      expires:
      - '-1'
      pragma:
      - no-cache
      server:
      - Microsoft-HTTPAPI/2.0
      - Microsoft-HTTPAPI/2.0
      strict-transport-security:
      - max-age=31536000; includeSubDomains
      transfer-encoding:
      - chunked
      vary:
      - Accept-Encoding
      x-content-type-options:
      - nosniff
      x-ms-arm-service-request-id:
      - 66e89c62-4e46-499d-8999-1569fbbf3a4a
    status:
      code: 200
      message: OK
- request:
    body: null
    headers:
      Accept:
      - application/json
      Accept-Encoding:
      - gzip, deflate
      CommandName:
      - network private-link-service show
      Connection:
      - keep-alive
      ParameterSetName:
      - -g -n
      User-Agent:
      - python/3.6.8 (Windows-10-10.0.18362-SP0) msrest/0.6.10 msrest_azure/0.6.2
        azure-mgmt-network/9.0.0 Azure-SDK-For-Python AZURECLI/2.0.81
      accept-language:
      - en-US
    method: GET
    uri: https://management.azure.com/subscriptions/00000000-0000-0000-0000-000000000000/resourceGroups/cli_test_network_private_endpoints000001/providers/Microsoft.Network/privateLinkServices/lks1?api-version=2019-11-01
  response:
    body:
      string: "{\r\n  \"name\": \"lks1\",\r\n  \"id\": \"/subscriptions/00000000-0000-0000-0000-000000000000/resourceGroups/cli_test_network_private_endpoints000001/providers/Microsoft.Network/privateLinkServices/lks1\",\r\n
        \ \"etag\": \"W/\\\"009df9dc-c452-4383-ace3-57180a995134\\\"\",\r\n  \"type\":
        \"Microsoft.Network/privateLinkServices\",\r\n  \"location\": \"centralus\",\r\n
        \ \"properties\": {\r\n    \"provisioningState\": \"Succeeded\",\r\n    \"resourceGuid\":
        \"960cb3f6-9c7a-4f36-86fe-95d6483e8946\",\r\n    \"fqdns\": [],\r\n    \"alias\":
        \"lks1.8435ad7c-cc2c-4522-b4c0-ef3ff3fbf545.centralus.azure.privatelinkservice\",\r\n
        \   \"enableProxyProtocol\": false,\r\n    \"loadBalancerFrontendIpConfigurations\":
        [\r\n      {\r\n        \"id\": \"/subscriptions/00000000-0000-0000-0000-000000000000/resourceGroups/cli_test_network_private_endpoints000001/providers/Microsoft.Network/loadBalancers/lb1/frontendIPConfigurations/LoadBalancerFrontEnd\"\r\n
        \     }\r\n    ],\r\n    \"ipConfigurations\": [\r\n      {\r\n        \"name\":
        \"lks1_ipconfig_0\",\r\n        \"id\": \"/subscriptions/00000000-0000-0000-0000-000000000000/resourceGroups/cli_test_network_private_endpoints000001/providers/Microsoft.Network/privateLinkServices/lks1/ipConfigurations/lks1_ipconfig_0\",\r\n
        \       \"etag\": \"W/\\\"009df9dc-c452-4383-ace3-57180a995134\\\"\",\r\n
        \       \"type\": \"Microsoft.Network/privateLinkServices/ipConfigurations\",\r\n
        \       \"properties\": {\r\n          \"provisioningState\": \"Succeeded\",\r\n
        \         \"privateIPAllocationMethod\": \"Dynamic\",\r\n          \"subnet\":
        {\r\n            \"id\": \"/subscriptions/00000000-0000-0000-0000-000000000000/resourceGroups/cli_test_network_private_endpoints000001/providers/Microsoft.Network/virtualNetworks/vnet1/subnets/subnet1\"\r\n
        \         },\r\n          \"primary\": true,\r\n          \"privateIPAddressVersion\":
        \"IPv4\"\r\n        }\r\n      }\r\n    ],\r\n    \"privateEndpointConnections\":
        [\r\n      {\r\n        \"name\": \"pe1.2b13cab8-a08a-4b16-bb20-a5166a865127\",\r\n
        \       \"id\": \"/subscriptions/00000000-0000-0000-0000-000000000000/resourceGroups/cli_test_network_private_endpoints000001/providers/Microsoft.Network/privateLinkServices/lks1/privateEndpointConnections/pe1.2b13cab8-a08a-4b16-bb20-a5166a865127\",\r\n
        \       \"etag\": \"W/\\\"009df9dc-c452-4383-ace3-57180a995134\\\"\",\r\n
        \       \"properties\": {\r\n          \"provisioningState\": \"Succeeded\",\r\n
        \         \"privateEndpoint\": {\r\n            \"id\": \"/subscriptions/00000000-0000-0000-0000-000000000000/resourceGroups/cli_test_network_private_endpoints000001/providers/Microsoft.Network/privateEndpoints/pe1\"\r\n
        \         },\r\n          \"privateLinkServiceConnectionState\": {\r\n            \"status\":
        \"Approved\",\r\n            \"description\": \"\",\r\n            \"actionsRequired\":
        \"None\"\r\n          },\r\n          \"linkIdentifier\": \"520094706\"\r\n
        \       },\r\n        \"type\": \"Microsoft.Network/privateLinkServices/privateEndpointConnections\"\r\n
        \     }\r\n    ],\r\n    \"networkInterfaces\": [\r\n      {\r\n        \"id\":
        \"/subscriptions/00000000-0000-0000-0000-000000000000/resourceGroups/cli_test_network_private_endpoints000001/providers/Microsoft.Network/networkInterfaces/lks1.nic.70246088-a1cd-4eac-8ed2-c6b84df4057f\"\r\n
        \     }\r\n    ]\r\n  }\r\n}"
    headers:
      cache-control:
      - no-cache
      content-length:
      - '3320'
      content-type:
      - application/json; charset=utf-8
      date:
      - Thu, 06 Feb 2020 11:41:23 GMT
      etag:
      - W/"009df9dc-c452-4383-ace3-57180a995134"
      expires:
      - '-1'
      pragma:
      - no-cache
      server:
      - Microsoft-HTTPAPI/2.0
      - Microsoft-HTTPAPI/2.0
      strict-transport-security:
      - max-age=31536000; includeSubDomains
      transfer-encoding:
      - chunked
      vary:
      - Accept-Encoding
      x-content-type-options:
      - nosniff
      x-ms-arm-service-request-id:
      - e42ba42e-f5ee-488b-a1b7-d11ba9435160
    status:
      code: 200
      message: OK
- request:
    body: '{"properties": {"privateLinkServiceConnectionState": {"status": "Rejected",
      "actionsRequired": "need action"}}}'
    headers:
      Accept:
      - application/json
      Accept-Encoding:
      - gzip, deflate
      CommandName:
      - network private-link-service connection update
      Connection:
      - keep-alive
      Content-Length:
      - '111'
      Content-Type:
      - application/json; charset=utf-8
      ParameterSetName:
      - -g -n --service-name --connection-status --action-required
      User-Agent:
      - python/3.6.8 (Windows-10-10.0.18362-SP0) msrest/0.6.10 msrest_azure/0.6.2
        azure-mgmt-network/9.0.0 Azure-SDK-For-Python AZURECLI/2.0.81
      accept-language:
      - en-US
    method: PUT
    uri: https://management.azure.com/subscriptions/00000000-0000-0000-0000-000000000000/resourceGroups/cli_test_network_private_endpoints000001/providers/Microsoft.Network/privateLinkServices/lks1/privateEndpointConnections/pe1.2b13cab8-a08a-4b16-bb20-a5166a865127?api-version=2019-11-01
  response:
    body:
      string: "{\r\n  \"name\": \"pe1.2b13cab8-a08a-4b16-bb20-a5166a865127\",\r\n
        \ \"id\": \"/subscriptions/00000000-0000-0000-0000-000000000000/resourceGroups/cli_test_network_private_endpoints000001/providers/Microsoft.Network/privateLinkServices/lks1/privateEndpointConnections/pe1.2b13cab8-a08a-4b16-bb20-a5166a865127\",\r\n
        \ \"etag\": \"W/\\\"1a677f2e-4eff-4b7d-8b7e-f15d0cf021c7\\\"\",\r\n  \"properties\":
        {\r\n    \"provisioningState\": \"Updating\",\r\n    \"privateEndpoint\":
        {\r\n      \"id\": \"/subscriptions/00000000-0000-0000-0000-000000000000/resourceGroups/cli_test_network_private_endpoints000001/providers/Microsoft.Network/privateEndpoints/pe1\"\r\n
        \   },\r\n    \"privateLinkServiceConnectionState\": {\r\n      \"status\":
        \"Rejected\",\r\n      \"description\": \"\",\r\n      \"actionsRequired\":
        \"need action\"\r\n    },\r\n    \"linkIdentifier\": \"520094706\"\r\n  },\r\n
        \ \"type\": \"Microsoft.Network/privateLinkServices/privateEndpointConnections\"\r\n}"
    headers:
      azure-asyncoperation:
      - https://management.azure.com/subscriptions/00000000-0000-0000-0000-000000000000/providers/Microsoft.Network/locations/centralus/operations/cb909cdc-95ae-4b88-85ba-847a35f1f583?api-version=2019-11-01
      cache-control:
      - no-cache
      content-length:
      - '956'
      content-type:
      - application/json; charset=utf-8
      date:
      - Thu, 06 Feb 2020 11:41:25 GMT
      expires:
      - '-1'
      pragma:
      - no-cache
      server:
      - Microsoft-HTTPAPI/2.0
      - Microsoft-HTTPAPI/2.0
      strict-transport-security:
      - max-age=31536000; includeSubDomains
      transfer-encoding:
      - chunked
      vary:
      - Accept-Encoding
      x-content-type-options:
      - nosniff
      x-ms-arm-service-request-id:
      - 87a4259f-0523-48d2-80d6-4a423819cfc0
      x-ms-ratelimit-remaining-subscription-writes:
      - '1199'
    status:
      code: 200
      message: OK
- request:
    body: null
    headers:
      Accept:
      - application/json
      Accept-Encoding:
      - gzip, deflate
      CommandName:
      - network private-endpoint show
      Connection:
      - keep-alive
      ParameterSetName:
      - -g -n
      User-Agent:
      - python/3.6.8 (Windows-10-10.0.18362-SP0) msrest/0.6.10 msrest_azure/0.6.2
        azure-mgmt-network/9.0.0 Azure-SDK-For-Python AZURECLI/2.0.81
      accept-language:
      - en-US
    method: GET
    uri: https://management.azure.com/subscriptions/00000000-0000-0000-0000-000000000000/resourceGroups/cli_test_network_private_endpoints000001/providers/Microsoft.Network/privateEndpoints/pe1?api-version=2019-11-01
  response:
    body:
      string: "{\r\n  \"name\": \"pe1\",\r\n  \"id\": \"/subscriptions/00000000-0000-0000-0000-000000000000/resourceGroups/cli_test_network_private_endpoints000001/providers/Microsoft.Network/privateEndpoints/pe1\",\r\n
        \ \"etag\": \"W/\\\"68c47d4d-8f8c-44f4-93bc-8e9062b28474\\\"\",\r\n  \"type\":
        \"Microsoft.Network/privateEndpoints\",\r\n  \"location\": \"centralus\",\r\n
        \ \"properties\": {\r\n    \"provisioningState\": \"Succeeded\",\r\n    \"resourceGuid\":
        \"2b13cab8-a08a-4b16-bb20-a5166a865127\",\r\n    \"privateLinkServiceConnections\":
        [\r\n      {\r\n        \"name\": \"tttt\",\r\n        \"id\": \"/subscriptions/00000000-0000-0000-0000-000000000000/resourceGroups/cli_test_network_private_endpoints000001/providers/Microsoft.Network/privateEndpoints/pe1/privateLinkServiceConnections/tttt\",\r\n
        \       \"etag\": \"W/\\\"68c47d4d-8f8c-44f4-93bc-8e9062b28474\\\"\",\r\n
        \       \"properties\": {\r\n          \"provisioningState\": \"Succeeded\",\r\n
        \         \"privateLinkServiceId\": \"/subscriptions/00000000-0000-0000-0000-000000000000/resourceGroups/cli_test_network_private_endpoints000001/providers/Microsoft.Network/privateLinkServices/lks1\",\r\n
        \         \"privateLinkServiceConnectionState\": {\r\n            \"status\":
        \"Rejected\",\r\n            \"description\": \"\",\r\n            \"actionsRequired\":
        \"need action\"\r\n          }\r\n        },\r\n        \"type\": \"Microsoft.Network/privateEndpoints/privateLinkServiceConnections\"\r\n
        \     }\r\n    ],\r\n    \"manualPrivateLinkServiceConnections\": [],\r\n
        \   \"subnet\": {\r\n      \"id\": \"/subscriptions/00000000-0000-0000-0000-000000000000/resourceGroups/cli_test_network_private_endpoints000001/providers/Microsoft.Network/virtualNetworks/vnet1/subnets/subnet2\"\r\n
        \   },\r\n    \"networkInterfaces\": [\r\n      {\r\n        \"id\": \"/subscriptions/00000000-0000-0000-0000-000000000000/resourceGroups/cli_test_network_private_endpoints000001/providers/Microsoft.Network/networkInterfaces/pe1.nic.37582c87-849d-4dd2-b9b4-b9bcb036272f\"\r\n
        \     }\r\n    ]\r\n  }\r\n}"
    headers:
      cache-control:
      - no-cache
      content-length:
      - '2060'
      content-type:
      - application/json; charset=utf-8
      date:
      - Thu, 06 Feb 2020 11:41:26 GMT
      etag:
      - W/"68c47d4d-8f8c-44f4-93bc-8e9062b28474"
      expires:
      - '-1'
      pragma:
      - no-cache
      server:
      - Microsoft-HTTPAPI/2.0
      - Microsoft-HTTPAPI/2.0
      strict-transport-security:
      - max-age=31536000; includeSubDomains
      transfer-encoding:
      - chunked
      vary:
      - Accept-Encoding
      x-content-type-options:
      - nosniff
      x-ms-arm-service-request-id:
      - 4d35ffb2-0eb9-4149-963e-2da86180a62e
    status:
      code: 200
      message: OK
- request:
    body: null
    headers:
      Accept:
      - application/json
      Accept-Encoding:
      - gzip, deflate
      CommandName:
      - network private-link-service connection delete
      Connection:
      - keep-alive
      Content-Length:
      - '0'
      ParameterSetName:
      - -g -n --service-name
      User-Agent:
      - python/3.6.8 (Windows-10-10.0.18362-SP0) msrest/0.6.10 msrest_azure/0.6.2
        azure-mgmt-network/9.0.0 Azure-SDK-For-Python AZURECLI/2.0.81
      accept-language:
      - en-US
    method: DELETE
    uri: https://management.azure.com/subscriptions/00000000-0000-0000-0000-000000000000/resourceGroups/cli_test_network_private_endpoints000001/providers/Microsoft.Network/privateLinkServices/lks1/privateEndpointConnections/pe1.2b13cab8-a08a-4b16-bb20-a5166a865127?api-version=2019-11-01
  response:
    body:
      string: ''
    headers:
      azure-asyncoperation:
      - https://management.azure.com/subscriptions/00000000-0000-0000-0000-000000000000/providers/Microsoft.Network/locations/centralus/operations/efcadcdf-e099-4e5a-a1e3-62882ed0f137?api-version=2019-11-01
      cache-control:
      - no-cache
      content-length:
      - '0'
      date:
      - Thu, 06 Feb 2020 11:41:28 GMT
      expires:
      - '-1'
      location:
      - https://management.azure.com/subscriptions/00000000-0000-0000-0000-000000000000/providers/Microsoft.Network/locations/centralus/operationResults/efcadcdf-e099-4e5a-a1e3-62882ed0f137?api-version=2019-11-01
      pragma:
      - no-cache
      server:
      - Microsoft-HTTPAPI/2.0
      - Microsoft-HTTPAPI/2.0
      strict-transport-security:
      - max-age=31536000; includeSubDomains
      x-content-type-options:
      - nosniff
      x-ms-arm-service-request-id:
      - 8e2062f4-b9a1-4aac-a9ab-7b669c1ffd11
      x-ms-ratelimit-remaining-subscription-deletes:
      - '14999'
    status:
      code: 202
      message: Accepted
- request:
    body: null
    headers:
      Accept:
      - application/json
      Accept-Encoding:
      - gzip, deflate
      CommandName:
      - network private-link-service connection delete
      Connection:
      - keep-alive
      ParameterSetName:
      - -g -n --service-name
      User-Agent:
      - python/3.6.8 (Windows-10-10.0.18362-SP0) msrest/0.6.10 msrest_azure/0.6.2
        azure-mgmt-network/9.0.0 Azure-SDK-For-Python AZURECLI/2.0.81
    method: GET
    uri: https://management.azure.com/subscriptions/00000000-0000-0000-0000-000000000000/providers/Microsoft.Network/locations/centralus/operations/efcadcdf-e099-4e5a-a1e3-62882ed0f137?api-version=2019-11-01
  response:
    body:
      string: "{\r\n  \"status\": \"Succeeded\"\r\n}"
    headers:
      cache-control:
      - no-cache
      content-length:
      - '29'
      content-type:
      - application/json; charset=utf-8
      date:
      - Thu, 06 Feb 2020 11:41:40 GMT
      expires:
      - '-1'
      pragma:
      - no-cache
      server:
      - Microsoft-HTTPAPI/2.0
      - Microsoft-HTTPAPI/2.0
      strict-transport-security:
      - max-age=31536000; includeSubDomains
      transfer-encoding:
      - chunked
      vary:
      - Accept-Encoding
      x-content-type-options:
      - nosniff
      x-ms-arm-service-request-id:
      - 474aa051-fd39-44b7-9146-5224801d5bb9
    status:
      code: 200
      message: OK
- request:
    body: null
    headers:
      Accept:
      - application/json
      Accept-Encoding:
      - gzip, deflate
      CommandName:
      - network private-link-service show
      Connection:
      - keep-alive
      ParameterSetName:
      - -g -n
      User-Agent:
      - python/3.6.8 (Windows-10-10.0.18362-SP0) msrest/0.6.10 msrest_azure/0.6.2
        azure-mgmt-network/9.0.0 Azure-SDK-For-Python AZURECLI/2.0.81
      accept-language:
      - en-US
    method: GET
    uri: https://management.azure.com/subscriptions/00000000-0000-0000-0000-000000000000/resourceGroups/cli_test_network_private_endpoints000001/providers/Microsoft.Network/privateLinkServices/lks1?api-version=2019-11-01
  response:
    body:
      string: "{\r\n  \"name\": \"lks1\",\r\n  \"id\": \"/subscriptions/00000000-0000-0000-0000-000000000000/resourceGroups/cli_test_network_private_endpoints000001/providers/Microsoft.Network/privateLinkServices/lks1\",\r\n
        \ \"etag\": \"W/\\\"71a826c9-c586-48ab-a7ef-8ba1f064100c\\\"\",\r\n  \"type\":
        \"Microsoft.Network/privateLinkServices\",\r\n  \"location\": \"centralus\",\r\n
        \ \"properties\": {\r\n    \"provisioningState\": \"Succeeded\",\r\n    \"resourceGuid\":
        \"960cb3f6-9c7a-4f36-86fe-95d6483e8946\",\r\n    \"fqdns\": [],\r\n    \"alias\":
        \"lks1.8435ad7c-cc2c-4522-b4c0-ef3ff3fbf545.centralus.azure.privatelinkservice\",\r\n
        \   \"enableProxyProtocol\": false,\r\n    \"loadBalancerFrontendIpConfigurations\":
        [\r\n      {\r\n        \"id\": \"/subscriptions/00000000-0000-0000-0000-000000000000/resourceGroups/cli_test_network_private_endpoints000001/providers/Microsoft.Network/loadBalancers/lb1/frontendIPConfigurations/LoadBalancerFrontEnd\"\r\n
        \     }\r\n    ],\r\n    \"ipConfigurations\": [\r\n      {\r\n        \"name\":
        \"lks1_ipconfig_0\",\r\n        \"id\": \"/subscriptions/00000000-0000-0000-0000-000000000000/resourceGroups/cli_test_network_private_endpoints000001/providers/Microsoft.Network/privateLinkServices/lks1/ipConfigurations/lks1_ipconfig_0\",\r\n
        \       \"etag\": \"W/\\\"71a826c9-c586-48ab-a7ef-8ba1f064100c\\\"\",\r\n
        \       \"type\": \"Microsoft.Network/privateLinkServices/ipConfigurations\",\r\n
        \       \"properties\": {\r\n          \"provisioningState\": \"Succeeded\",\r\n
        \         \"privateIPAllocationMethod\": \"Dynamic\",\r\n          \"subnet\":
        {\r\n            \"id\": \"/subscriptions/00000000-0000-0000-0000-000000000000/resourceGroups/cli_test_network_private_endpoints000001/providers/Microsoft.Network/virtualNetworks/vnet1/subnets/subnet1\"\r\n
        \         },\r\n          \"primary\": true,\r\n          \"privateIPAddressVersion\":
        \"IPv4\"\r\n        }\r\n      }\r\n    ],\r\n    \"privateEndpointConnections\":
        [],\r\n    \"networkInterfaces\": [\r\n      {\r\n        \"id\": \"/subscriptions/00000000-0000-0000-0000-000000000000/resourceGroups/cli_test_network_private_endpoints000001/providers/Microsoft.Network/networkInterfaces/lks1.nic.70246088-a1cd-4eac-8ed2-c6b84df4057f\"\r\n
        \     }\r\n    ]\r\n  }\r\n}"
    headers:
      cache-control:
      - no-cache
      content-length:
      - '2254'
      content-type:
      - application/json; charset=utf-8
      date:
      - Thu, 06 Feb 2020 11:41:41 GMT
      etag:
      - W/"71a826c9-c586-48ab-a7ef-8ba1f064100c"
      expires:
      - '-1'
      pragma:
      - no-cache
      server:
      - Microsoft-HTTPAPI/2.0
      - Microsoft-HTTPAPI/2.0
      strict-transport-security:
      - max-age=31536000; includeSubDomains
      transfer-encoding:
      - chunked
      vary:
      - Accept-Encoding
      x-content-type-options:
      - nosniff
      x-ms-arm-service-request-id:
      - 8dc84f5a-cce6-4a24-ad60-30b8ade72c7e
    status:
      code: 200
      message: OK
- request:
    body: null
    headers:
      Accept:
      - application/json
      Accept-Encoding:
      - gzip, deflate
      CommandName:
      - network private-endpoint delete
      Connection:
      - keep-alive
      Content-Length:
      - '0'
      ParameterSetName:
      - -g -n
      User-Agent:
      - python/3.6.8 (Windows-10-10.0.18362-SP0) msrest/0.6.10 msrest_azure/0.6.2
        azure-mgmt-network/9.0.0 Azure-SDK-For-Python AZURECLI/2.0.81
      accept-language:
      - en-US
    method: DELETE
    uri: https://management.azure.com/subscriptions/00000000-0000-0000-0000-000000000000/resourceGroups/cli_test_network_private_endpoints000001/providers/Microsoft.Network/privateEndpoints/pe1?api-version=2019-11-01
  response:
    body:
      string: ''
    headers:
      azure-asyncoperation:
      - https://management.azure.com/subscriptions/00000000-0000-0000-0000-000000000000/providers/Microsoft.Network/locations/centralus/operations/03caf19e-ff10-4929-9127-b705fd5af057?api-version=2019-11-01
      cache-control:
      - no-cache
      content-length:
      - '0'
      date:
      - Thu, 06 Feb 2020 11:41:44 GMT
      expires:
      - '-1'
      location:
      - https://management.azure.com/subscriptions/00000000-0000-0000-0000-000000000000/providers/Microsoft.Network/locations/centralus/operationResults/03caf19e-ff10-4929-9127-b705fd5af057?api-version=2019-11-01
      pragma:
      - no-cache
      server:
      - Microsoft-HTTPAPI/2.0
      - Microsoft-HTTPAPI/2.0
      strict-transport-security:
      - max-age=31536000; includeSubDomains
      x-content-type-options:
      - nosniff
      x-ms-arm-service-request-id:
      - d17a43ae-e3eb-4ac7-8c1c-2c7c4721b5af
      x-ms-ratelimit-remaining-subscription-deletes:
      - '14999'
    status:
      code: 202
      message: Accepted
- request:
    body: null
    headers:
      Accept:
      - application/json
      Accept-Encoding:
      - gzip, deflate
      CommandName:
      - network private-endpoint delete
      Connection:
      - keep-alive
      ParameterSetName:
      - -g -n
      User-Agent:
      - python/3.6.8 (Windows-10-10.0.18362-SP0) msrest/0.6.10 msrest_azure/0.6.2
        azure-mgmt-network/9.0.0 Azure-SDK-For-Python AZURECLI/2.0.81
    method: GET
    uri: https://management.azure.com/subscriptions/00000000-0000-0000-0000-000000000000/providers/Microsoft.Network/locations/centralus/operations/03caf19e-ff10-4929-9127-b705fd5af057?api-version=2019-11-01
  response:
    body:
      string: "{\r\n  \"status\": \"Succeeded\"\r\n}"
    headers:
      cache-control:
      - no-cache
      content-length:
      - '29'
      content-type:
      - application/json; charset=utf-8
      date:
      - Thu, 06 Feb 2020 11:41:56 GMT
      expires:
      - '-1'
      pragma:
      - no-cache
      server:
      - Microsoft-HTTPAPI/2.0
      - Microsoft-HTTPAPI/2.0
      strict-transport-security:
      - max-age=31536000; includeSubDomains
      transfer-encoding:
      - chunked
      vary:
      - Accept-Encoding
      x-content-type-options:
      - nosniff
      x-ms-arm-service-request-id:
      - b7a4a7d1-154a-4391-b675-a2efb5f6c2ad
    status:
      code: 200
      message: OK
version: 1
