interactions:
- request:
    body: null
    headers:
      Accept:
      - application/json
      Accept-Encoding:
      - gzip, deflate
      CommandName:
      - network public-ip create
      Connection:
      - keep-alive
      ParameterSetName:
      - -g -n --sku
      User-Agent:
      - python/3.7.4 (Windows-10-10.0.19041-SP0) msrest/0.6.21 msrest_azure/0.6.3
        azure-mgmt-resource/12.0.0 Azure-SDK-For-Python AZURECLI/2.19.1
      accept-language:
      - en-US
    method: GET
    uri: https://management.azure.com/subscriptions/00000000-0000-0000-0000-000000000000/resourcegroups/test_network_appgw_creation_with_public_and_private_ip000001?api-version=2020-10-01
  response:
    body:
      string: '{"id":"/subscriptions/00000000-0000-0000-0000-000000000000/resourceGroups/test_network_appgw_creation_with_public_and_private_ip000001","name":"test_network_appgw_creation_with_public_and_private_ip000001","type":"Microsoft.Resources/resourceGroups","location":"westus","tags":{"product":"azurecli","cause":"automation","date":"2021-02-23T09:39:15Z"},"properties":{"provisioningState":"Succeeded"}}'
    headers:
      cache-control:
      - no-cache
      content-length:
      - '428'
      content-type:
      - application/json; charset=utf-8
      date:
      - Tue, 23 Feb 2021 09:39:17 GMT
      expires:
      - '-1'
      pragma:
      - no-cache
      strict-transport-security:
      - max-age=31536000; includeSubDomains
      vary:
      - Accept-Encoding
      x-content-type-options:
      - nosniff
    status:
      code: 200
      message: OK
- request:
    body: '{"location": "westus", "sku": {"name": "Standard"}, "properties": {"publicIPAllocationMethod":
      "Static", "publicIPAddressVersion": "IPv4", "idleTimeoutInMinutes": 4}}'
    headers:
      Accept:
      - application/json
      Accept-Encoding:
      - gzip, deflate
      CommandName:
      - network public-ip create
      Connection:
      - keep-alive
      Content-Length:
      - '166'
      Content-Type:
      - application/json
      ParameterSetName:
      - -g -n --sku
      User-Agent:
      - AZURECLI/2.19.1 azsdk-python-azure-mgmt-network/17.1.0 Python/3.7.4 (Windows-10-10.0.19041-SP0)
    method: PUT
    uri: https://management.azure.com/subscriptions/00000000-0000-0000-0000-000000000000/resourceGroups/test_network_appgw_creation_with_public_and_private_ip000001/providers/Microsoft.Network/publicIPAddresses/publicIP?api-version=2020-07-01
  response:
    body:
      string: "{\r\n  \"name\": \"publicIP\",\r\n  \"id\": \"/subscriptions/00000000-0000-0000-0000-000000000000/resourceGroups/test_network_appgw_creation_with_public_and_private_ip000001/providers/Microsoft.Network/publicIPAddresses/publicIP\",\r\n
        \ \"etag\": \"W/\\\"cde3b37c-12d0-44fa-aeeb-ca4fc133e1fe\\\"\",\r\n  \"location\":
        \"westus\",\r\n  \"properties\": {\r\n    \"provisioningState\": \"Updating\",\r\n
        \   \"resourceGuid\": \"d929137b-6963-47f5-a109-44d2eb7a565d\",\r\n    \"publicIPAddressVersion\":
        \"IPv4\",\r\n    \"publicIPAllocationMethod\": \"Static\",\r\n    \"idleTimeoutInMinutes\":
        4,\r\n    \"ipTags\": []\r\n  },\r\n  \"type\": \"Microsoft.Network/publicIPAddresses\",\r\n
        \ \"sku\": {\r\n    \"name\": \"Standard\",\r\n    \"tier\": \"Regional\"\r\n
        \ }\r\n}"
    headers:
      azure-asyncnotification:
      - Enabled
      azure-asyncoperation:
      - https://management.azure.com/subscriptions/00000000-0000-0000-0000-000000000000/providers/Microsoft.Network/locations/westus/operations/1d3aeff9-87aa-4d77-b3bc-aa16ddcec72a?api-version=2020-07-01
      cache-control:
      - no-cache
      content-length:
      - '691'
      content-type:
      - application/json; charset=utf-8
      date:
      - Tue, 23 Feb 2021 09:39:21 GMT
      expires:
      - '-1'
      pragma:
      - no-cache
      server:
      - Microsoft-HTTPAPI/2.0
      - Microsoft-HTTPAPI/2.0
      strict-transport-security:
      - max-age=31536000; includeSubDomains
      x-content-type-options:
      - nosniff
      x-ms-arm-service-request-id:
      - 3e68814c-61f7-4b8a-ad7b-a3dee5126026
      x-ms-ratelimit-remaining-subscription-writes:
      - '1191'
    status:
      code: 201
      message: Created
- request:
    body: null
    headers:
      Accept:
      - '*/*'
      Accept-Encoding:
      - gzip, deflate
      CommandName:
      - network public-ip create
      Connection:
      - keep-alive
      ParameterSetName:
      - -g -n --sku
      User-Agent:
      - AZURECLI/2.19.1 azsdk-python-azure-mgmt-network/17.1.0 Python/3.7.4 (Windows-10-10.0.19041-SP0)
    method: GET
    uri: https://management.azure.com/subscriptions/00000000-0000-0000-0000-000000000000/providers/Microsoft.Network/locations/westus/operations/1d3aeff9-87aa-4d77-b3bc-aa16ddcec72a?api-version=2020-07-01
  response:
    body:
      string: "{\r\n  \"status\": \"Succeeded\"\r\n}"
    headers:
      cache-control:
      - no-cache
      content-length:
      - '29'
      content-type:
      - application/json; charset=utf-8
      date:
      - Tue, 23 Feb 2021 09:39:22 GMT
      expires:
      - '-1'
      pragma:
      - no-cache
      server:
      - Microsoft-HTTPAPI/2.0
      - Microsoft-HTTPAPI/2.0
      strict-transport-security:
      - max-age=31536000; includeSubDomains
      transfer-encoding:
      - chunked
      vary:
      - Accept-Encoding
      x-content-type-options:
      - nosniff
      x-ms-arm-service-request-id:
      - d4e9a836-34e2-442c-a79e-056e5322f782
    status:
      code: 200
      message: OK
- request:
    body: null
    headers:
      Accept:
      - '*/*'
      Accept-Encoding:
      - gzip, deflate
      CommandName:
      - network public-ip create
      Connection:
      - keep-alive
      ParameterSetName:
      - -g -n --sku
      User-Agent:
      - AZURECLI/2.19.1 azsdk-python-azure-mgmt-network/17.1.0 Python/3.7.4 (Windows-10-10.0.19041-SP0)
    method: GET
    uri: https://management.azure.com/subscriptions/00000000-0000-0000-0000-000000000000/resourceGroups/test_network_appgw_creation_with_public_and_private_ip000001/providers/Microsoft.Network/publicIPAddresses/publicIP?api-version=2020-07-01
  response:
    body:
      string: "{\r\n  \"name\": \"publicIP\",\r\n  \"id\": \"/subscriptions/00000000-0000-0000-0000-000000000000/resourceGroups/test_network_appgw_creation_with_public_and_private_ip000001/providers/Microsoft.Network/publicIPAddresses/publicIP\",\r\n
        \ \"etag\": \"W/\\\"58b09020-6f89-42ee-8768-ea9ec4da0a67\\\"\",\r\n  \"location\":
        \"westus\",\r\n  \"properties\": {\r\n    \"provisioningState\": \"Succeeded\",\r\n
        \   \"resourceGuid\": \"d929137b-6963-47f5-a109-44d2eb7a565d\",\r\n    \"ipAddress\":
        \"138.91.244.104\",\r\n    \"publicIPAddressVersion\": \"IPv4\",\r\n    \"publicIPAllocationMethod\":
        \"Static\",\r\n    \"idleTimeoutInMinutes\": 4,\r\n    \"ipTags\": []\r\n
        \ },\r\n  \"type\": \"Microsoft.Network/publicIPAddresses\",\r\n  \"sku\":
        {\r\n    \"name\": \"Standard\",\r\n    \"tier\": \"Regional\"\r\n  }\r\n}"
    headers:
      cache-control:
      - no-cache
      content-length:
      - '728'
      content-type:
      - application/json; charset=utf-8
      date:
      - Tue, 23 Feb 2021 09:39:22 GMT
      etag:
      - W/"58b09020-6f89-42ee-8768-ea9ec4da0a67"
      expires:
      - '-1'
      pragma:
      - no-cache
      server:
      - Microsoft-HTTPAPI/2.0
      - Microsoft-HTTPAPI/2.0
      strict-transport-security:
      - max-age=31536000; includeSubDomains
      transfer-encoding:
      - chunked
      vary:
      - Accept-Encoding
      x-content-type-options:
      - nosniff
      x-ms-arm-service-request-id:
      - ccb446a5-1d54-4479-ac18-4bcf86cb8d91
    status:
      code: 200
      message: OK
- request:
    body: null
    headers:
      Accept:
      - application/json
      Accept-Encoding:
      - gzip, deflate
      CommandName:
      - network application-gateway create
      Connection:
      - keep-alive
      ParameterSetName:
      - -g -n --sku --enable-private-link --private-ip-address --public-ip-address
      User-Agent:
      - python/3.7.4 (Windows-10-10.0.19041-SP0) msrest/0.6.21 msrest_azure/0.6.3
        azure-mgmt-resource/12.0.0 Azure-SDK-For-Python AZURECLI/2.19.1
      accept-language:
      - en-US
    method: GET
    uri: https://management.azure.com/subscriptions/00000000-0000-0000-0000-000000000000/resourcegroups/test_network_appgw_creation_with_public_and_private_ip000001?api-version=2020-10-01
  response:
    body:
      string: '{"id":"/subscriptions/00000000-0000-0000-0000-000000000000/resourceGroups/test_network_appgw_creation_with_public_and_private_ip000001","name":"test_network_appgw_creation_with_public_and_private_ip000001","type":"Microsoft.Resources/resourceGroups","location":"westus","tags":{"product":"azurecli","cause":"automation","date":"2021-02-23T09:39:15Z"},"properties":{"provisioningState":"Succeeded"}}'
    headers:
      cache-control:
      - no-cache
      content-length:
      - '428'
      content-type:
      - application/json; charset=utf-8
      date:
      - Tue, 23 Feb 2021 09:39:23 GMT
      expires:
      - '-1'
      pragma:
      - no-cache
      strict-transport-security:
      - max-age=31536000; includeSubDomains
      vary:
      - Accept-Encoding
      x-content-type-options:
      - nosniff
    status:
      code: 200
      message: OK
- request:
    body: null
    headers:
      Accept:
      - application/json
      Accept-Encoding:
      - gzip, deflate
      CommandName:
      - network application-gateway create
      Connection:
      - keep-alive
      ParameterSetName:
      - -g -n --sku --enable-private-link --private-ip-address --public-ip-address
      User-Agent:
      - python/3.7.4 (Windows-10-10.0.19041-SP0) msrest/0.6.21 msrest_azure/0.6.3
        azure-mgmt-resource/12.0.0 Azure-SDK-For-Python AZURECLI/2.19.1
      accept-language:
      - en-US
    method: GET
    uri: https://management.azure.com/subscriptions/00000000-0000-0000-0000-000000000000/resources?$filter=resourceGroup%20eq%20%27test_network_appgw_creation_with_public_and_private_ip000001%27%20and%20name%20eq%20%27None%27%20and%20resourceType%20eq%20%27Microsoft.Network%2FvirtualNetworks%27&api-version=2020-10-01
  response:
    body:
      string: '{"value":[]}'
    headers:
      cache-control:
      - no-cache
      content-length:
      - '12'
      content-type:
      - application/json; charset=utf-8
      date:
      - Tue, 23 Feb 2021 09:39:23 GMT
      expires:
      - '-1'
      pragma:
      - no-cache
      strict-transport-security:
      - max-age=31536000; includeSubDomains
      vary:
      - Accept-Encoding
      x-content-type-options:
      - nosniff
    status:
      code: 200
      message: OK
- request:
    body: null
    headers:
      Accept:
      - application/json
      Accept-Encoding:
      - gzip, deflate
      CommandName:
      - network application-gateway create
      Connection:
      - keep-alive
      ParameterSetName:
      - -g -n --sku --enable-private-link --private-ip-address --public-ip-address
      User-Agent:
      - python/3.7.4 (Windows-10-10.0.19041-SP0) msrest/0.6.21 msrest_azure/0.6.3
        azure-mgmt-resource/12.0.0 Azure-SDK-For-Python AZURECLI/2.19.1
      accept-language:
      - en-US
    method: GET
    uri: https://management.azure.com/subscriptions/00000000-0000-0000-0000-000000000000/resources?$filter=resourceGroup%20eq%20%27test_network_appgw_creation_with_public_and_private_ip000001%27%20and%20name%20eq%20%27publicIP%27%20and%20resourceType%20eq%20%27Microsoft.Network%2FpublicIPAddresses%27&api-version=2020-10-01
  response:
    body:
      string: '{"value":[{"id":"/subscriptions/00000000-0000-0000-0000-000000000000/resourceGroups/test_network_appgw_creation_with_public_and_private_ip000001/providers/Microsoft.Network/publicIPAddresses/publicIP","name":"publicIP","type":"Microsoft.Network/publicIPAddresses","sku":{"name":"Standard","tier":"Regional"},"location":"westus"}]}'
    headers:
      cache-control:
      - no-cache
      content-length:
      - '345'
      content-type:
      - application/json; charset=utf-8
      date:
      - Tue, 23 Feb 2021 09:39:24 GMT
      expires:
      - '-1'
      pragma:
      - no-cache
      strict-transport-security:
      - max-age=31536000; includeSubDomains
      vary:
      - Accept-Encoding
      x-content-type-options:
      - nosniff
    status:
      code: 200
      message: OK
- request:
    body: '{"properties": {"template": {"$schema": "https://schema.management.azure.com/schemas/2015-01-01/deploymentTemplate.json#",
      "contentVersion": "1.0.0.0", "parameters": {}, "variables": {"appGwID": "[resourceId(''Microsoft.Network/applicationGateways'',
      ''applicationGateway'')]"}, "resources": [{"name": "applicationGatewayVnet",
      "type": "Microsoft.Network/virtualNetworks", "location": "westus", "apiVersion":
      "2015-06-15", "dependsOn": [], "tags": {}, "properties": {"addressSpace": {"addressPrefixes":
      ["10.0.0.0/16"]}, "subnets": [{"name": "default", "properties": {"addressPrefix":
      "10.0.0.0/24"}}, {"name": "PrivateLinkDefaultSubnet", "properties": {"addressPrefix":
      "10.0.1.0/24", "privateLinkServiceNetworkPolicies": "Disabled"}}]}}, {"type":
      "Microsoft.Network/applicationGateways", "name": "applicationGateway", "location":
      "westus", "tags": {}, "apiVersion": "2020-07-01", "dependsOn": ["Microsoft.Network/virtualNetworks/applicationGatewayVnet"],
      "properties": {"backendAddressPools": [{"name": "appGatewayBackendPool"}], "backendHttpSettingsCollection":
      [{"name": "appGatewayBackendHttpSettings", "properties": {"Port": 80, "Protocol":
      "Http", "CookieBasedAffinity": "disabled", "connectionDraining": {"enabled":
      false, "drainTimeoutInSec": 1}}}], "frontendIPConfigurations": [{"name": "appGatewayPrivateFrontendIP",
      "properties": {"privateIPAllocationMethod": "Static", "privateIPAddress": "10.0.0.17",
      "subnet": {"id": "/subscriptions/00000000-0000-0000-0000-000000000000/resourceGroups/test_network_appgw_creation_with_public_and_private_ip000001/providers/Microsoft.Network/virtualNetworks/applicationGatewayVnet/subnets/default"}}},
      {"name": "appGatewayFrontendIP", "properties": {"publicIPAddress": {"id": "/subscriptions/00000000-0000-0000-0000-000000000000/resourceGroups/test_network_appgw_creation_with_public_and_private_ip000001/providers/Microsoft.Network/publicIPAddresses/publicIP"}}}],
      "frontendPorts": [{"name": "appGatewayFrontendPort", "properties": {"Port":
      80}}], "gatewayIPConfigurations": [{"name": "appGatewayFrontendIP", "properties":
      {"subnet": {"id": "/subscriptions/00000000-0000-0000-0000-000000000000/resourceGroups/test_network_appgw_creation_with_public_and_private_ip000001/providers/Microsoft.Network/virtualNetworks/applicationGatewayVnet/subnets/default"}}}],
      "httpListeners": [{"name": "appGatewayHttpListener", "properties": {"FrontendIpConfiguration":
      {"Id": "[concat(variables(''appGwID''), ''/frontendIPConfigurations/appGatewayFrontendIP'')]"},
      "FrontendPort": {"Id": "[concat(variables(''appGwID''), ''/frontendPorts/appGatewayFrontendPort'')]"},
      "Protocol": "http", "SslCertificate": null}}], "sku": {"name": "Standard_v2",
      "tier": "Standard_v2", "capacity": 2}, "requestRoutingRules": [{"Name": "rule1",
      "properties": {"RuleType": "Basic", "httpListener": {"id": "[concat(variables(''appGwID''),
      ''/httpListeners/appGatewayHttpListener'')]"}, "backendAddressPool": {"id":
      "[concat(variables(''appGwID''), ''/backendAddressPools/appGatewayBackendPool'')]"},
      "backendHttpSettings": {"id": "[concat(variables(''appGwID''), ''/backendHttpSettingsCollection/appGatewayBackendHttpSettings'')]"}}}],
      "privateLinkConfigurations": [{"name": "PrivateLinkDefaultConfiguration", "properties":
      {"ipConfigurations": [{"name": "PrivateLinkDefaultIPConfiguration", "properties":
      {"privateIPAddress": null, "privateIPAllocationMethod": "Dynamic", "primary":
      null, "subnet": {"id": "/subscriptions/00000000-0000-0000-0000-000000000000/resourceGroups/test_network_appgw_creation_with_public_and_private_ip000001/providers/Microsoft.Network/virtualNetworks/applicationGatewayVnet/subnets/PrivateLinkDefaultSubnet"}}}]}}]},
      "zones": null}], "outputs": {"applicationGateway": {"type": "object", "value":
      "[reference(''applicationGateway'')]"}}}, "parameters": {}, "mode": "Incremental"}}'
    headers:
      Accept:
      - application/json
      Accept-Encoding:
      - gzip, deflate
      CommandName:
      - network application-gateway create
      Connection:
      - keep-alive
      Content-Length:
      - '3855'
      Content-Type:
      - application/json; charset=utf-8
      ParameterSetName:
      - -g -n --sku --enable-private-link --private-ip-address --public-ip-address
      User-Agent:
      - python/3.7.4 (Windows-10-10.0.19041-SP0) msrest/0.6.21 msrest_azure/0.6.3
        azure-mgmt-resource/12.0.0 Azure-SDK-For-Python AZURECLI/2.19.1
      accept-language:
      - en-US
    method: PUT
    uri: https://management.azure.com/subscriptions/00000000-0000-0000-0000-000000000000/resourcegroups/test_network_appgw_creation_with_public_and_private_ip000001/providers/Microsoft.Resources/deployments/mock-deployment?api-version=2020-10-01
  response:
    body:
      string: '{"id":"/subscriptions/00000000-0000-0000-0000-000000000000/resourceGroups/test_network_appgw_creation_with_public_and_private_ip000001/providers/Microsoft.Resources/deployments/ag_deploy_SN8xnQlMHGYGklEVEGzemkW7EnRXyBc3","name":"ag_deploy_SN8xnQlMHGYGklEVEGzemkW7EnRXyBc3","type":"Microsoft.Resources/deployments","properties":{"templateHash":"67669673271082312","parameters":{},"mode":"Incremental","provisioningState":"Accepted","timestamp":"2021-02-23T09:39:26.7088344Z","duration":"PT0.8126549S","correlationId":"977dcaf4-e2c8-4e55-b73f-4da668a7d05c","providers":[{"namespace":"Microsoft.Network","resourceTypes":[{"resourceType":"virtualNetworks","locations":["westus"]},{"resourceType":"applicationGateways","locations":["westus"]}]}],"dependencies":[{"dependsOn":[{"id":"/subscriptions/00000000-0000-0000-0000-000000000000/resourceGroups/test_network_appgw_creation_with_public_and_private_ip000001/providers/Microsoft.Network/virtualNetworks/applicationGatewayVnet","resourceType":"Microsoft.Network/virtualNetworks","resourceName":"applicationGatewayVnet"}],"id":"/subscriptions/00000000-0000-0000-0000-000000000000/resourceGroups/test_network_appgw_creation_with_public_and_private_ip000001/providers/Microsoft.Network/applicationGateways/applicationGateway","resourceType":"Microsoft.Network/applicationGateways","resourceName":"applicationGateway"}]}}'
    headers:
      azure-asyncoperation:
      - https://management.azure.com/subscriptions/00000000-0000-0000-0000-000000000000/resourcegroups/test_network_appgw_creation_with_public_and_private_ip000001/providers/Microsoft.Resources/deployments/ag_deploy_SN8xnQlMHGYGklEVEGzemkW7EnRXyBc3/operationStatuses/08585875337195814418?api-version=2020-10-01
      cache-control:
      - no-cache
      content-length:
      - '1408'
      content-type:
      - application/json; charset=utf-8
      date:
      - Tue, 23 Feb 2021 09:39:27 GMT
      expires:
      - '-1'
      pragma:
      - no-cache
      strict-transport-security:
      - max-age=31536000; includeSubDomains
      x-content-type-options:
      - nosniff
      x-ms-ratelimit-remaining-subscription-writes:
      - '1195'
    status:
      code: 201
      message: Created
- request:
    body: null
    headers:
      Accept:
      - application/json
      Accept-Encoding:
      - gzip, deflate
      CommandName:
      - network application-gateway create
      Connection:
      - keep-alive
      ParameterSetName:
      - -g -n --sku --enable-private-link --private-ip-address --public-ip-address
      User-Agent:
      - python/3.7.4 (Windows-10-10.0.19041-SP0) msrest/0.6.21 msrest_azure/0.6.3
        azure-mgmt-resource/12.0.0 Azure-SDK-For-Python AZURECLI/2.19.1
    method: GET
    uri: https://management.azure.com/subscriptions/00000000-0000-0000-0000-000000000000/resourcegroups/test_network_appgw_creation_with_public_and_private_ip000001/providers/Microsoft.Resources/deployments/mock-deployment/operationStatuses/08585875337195814418?api-version=2020-10-01
  response:
    body:
      string: '{"status":"Running"}'
    headers:
      cache-control:
      - no-cache
      content-length:
      - '20'
      content-type:
      - application/json; charset=utf-8
      date:
      - Tue, 23 Feb 2021 09:39:58 GMT
      expires:
      - '-1'
      pragma:
      - no-cache
      strict-transport-security:
      - max-age=31536000; includeSubDomains
      vary:
      - Accept-Encoding
      x-content-type-options:
      - nosniff
    status:
      code: 200
      message: OK
- request:
    body: null
    headers:
      Accept:
      - application/json
      Accept-Encoding:
      - gzip, deflate
      CommandName:
      - network application-gateway create
      Connection:
      - keep-alive
      ParameterSetName:
      - -g -n --sku --enable-private-link --private-ip-address --public-ip-address
      User-Agent:
      - python/3.7.4 (Windows-10-10.0.19041-SP0) msrest/0.6.21 msrest_azure/0.6.3
        azure-mgmt-resource/12.0.0 Azure-SDK-For-Python AZURECLI/2.19.1
    method: GET
    uri: https://management.azure.com/subscriptions/00000000-0000-0000-0000-000000000000/resourcegroups/test_network_appgw_creation_with_public_and_private_ip000001/providers/Microsoft.Resources/deployments/mock-deployment/operationStatuses/08585875337195814418?api-version=2020-10-01
  response:
    body:
      string: '{"status":"Running"}'
    headers:
      cache-control:
      - no-cache
      content-length:
      - '20'
      content-type:
      - application/json; charset=utf-8
      date:
      - Tue, 23 Feb 2021 09:40:28 GMT
      expires:
      - '-1'
      pragma:
      - no-cache
      strict-transport-security:
      - max-age=31536000; includeSubDomains
      vary:
      - Accept-Encoding
      x-content-type-options:
      - nosniff
    status:
      code: 200
      message: OK
- request:
    body: null
    headers:
      Accept:
      - application/json
      Accept-Encoding:
      - gzip, deflate
      CommandName:
      - network application-gateway create
      Connection:
      - keep-alive
      ParameterSetName:
      - -g -n --sku --enable-private-link --private-ip-address --public-ip-address
      User-Agent:
      - python/3.7.4 (Windows-10-10.0.19041-SP0) msrest/0.6.21 msrest_azure/0.6.3
        azure-mgmt-resource/12.0.0 Azure-SDK-For-Python AZURECLI/2.19.1
    method: GET
    uri: https://management.azure.com/subscriptions/00000000-0000-0000-0000-000000000000/resourcegroups/test_network_appgw_creation_with_public_and_private_ip000001/providers/Microsoft.Resources/deployments/mock-deployment/operationStatuses/08585875337195814418?api-version=2020-10-01
  response:
    body:
      string: '{"status":"Running"}'
    headers:
      cache-control:
      - no-cache
      content-length:
      - '20'
      content-type:
      - application/json; charset=utf-8
      date:
      - Tue, 23 Feb 2021 09:40:59 GMT
      expires:
      - '-1'
      pragma:
      - no-cache
      strict-transport-security:
      - max-age=31536000; includeSubDomains
      vary:
      - Accept-Encoding
      x-content-type-options:
      - nosniff
    status:
      code: 200
      message: OK
- request:
    body: null
    headers:
      Accept:
      - application/json
      Accept-Encoding:
      - gzip, deflate
      CommandName:
      - network application-gateway create
      Connection:
      - keep-alive
      ParameterSetName:
      - -g -n --sku --enable-private-link --private-ip-address --public-ip-address
      User-Agent:
      - python/3.7.4 (Windows-10-10.0.19041-SP0) msrest/0.6.21 msrest_azure/0.6.3
        azure-mgmt-resource/12.0.0 Azure-SDK-For-Python AZURECLI/2.19.1
    method: GET
    uri: https://management.azure.com/subscriptions/00000000-0000-0000-0000-000000000000/resourcegroups/test_network_appgw_creation_with_public_and_private_ip000001/providers/Microsoft.Resources/deployments/mock-deployment/operationStatuses/08585875337195814418?api-version=2020-10-01
  response:
    body:
      string: '{"status":"Running"}'
    headers:
      cache-control:
      - no-cache
      content-length:
      - '20'
      content-type:
      - application/json; charset=utf-8
      date:
      - Tue, 23 Feb 2021 09:41:29 GMT
      expires:
      - '-1'
      pragma:
      - no-cache
      strict-transport-security:
      - max-age=31536000; includeSubDomains
      vary:
      - Accept-Encoding
      x-content-type-options:
      - nosniff
    status:
      code: 200
      message: OK
- request:
    body: null
    headers:
      Accept:
      - application/json
      Accept-Encoding:
      - gzip, deflate
      CommandName:
      - network application-gateway create
      Connection:
      - keep-alive
      ParameterSetName:
      - -g -n --sku --enable-private-link --private-ip-address --public-ip-address
      User-Agent:
      - python/3.7.4 (Windows-10-10.0.19041-SP0) msrest/0.6.21 msrest_azure/0.6.3
        azure-mgmt-resource/12.0.0 Azure-SDK-For-Python AZURECLI/2.19.1
    method: GET
    uri: https://management.azure.com/subscriptions/00000000-0000-0000-0000-000000000000/resourcegroups/test_network_appgw_creation_with_public_and_private_ip000001/providers/Microsoft.Resources/deployments/mock-deployment/operationStatuses/08585875337195814418?api-version=2020-10-01
  response:
    body:
      string: '{"status":"Running"}'
    headers:
      cache-control:
      - no-cache
      content-length:
      - '20'
      content-type:
      - application/json; charset=utf-8
      date:
      - Tue, 23 Feb 2021 09:41:59 GMT
      expires:
      - '-1'
      pragma:
      - no-cache
      strict-transport-security:
      - max-age=31536000; includeSubDomains
      vary:
      - Accept-Encoding
      x-content-type-options:
      - nosniff
    status:
      code: 200
      message: OK
- request:
    body: null
    headers:
      Accept:
      - application/json
      Accept-Encoding:
      - gzip, deflate
      CommandName:
      - network application-gateway create
      Connection:
      - keep-alive
      ParameterSetName:
      - -g -n --sku --enable-private-link --private-ip-address --public-ip-address
      User-Agent:
      - python/3.7.4 (Windows-10-10.0.19041-SP0) msrest/0.6.21 msrest_azure/0.6.3
        azure-mgmt-resource/12.0.0 Azure-SDK-For-Python AZURECLI/2.19.1
    method: GET
    uri: https://management.azure.com/subscriptions/00000000-0000-0000-0000-000000000000/resourcegroups/test_network_appgw_creation_with_public_and_private_ip000001/providers/Microsoft.Resources/deployments/mock-deployment/operationStatuses/08585875337195814418?api-version=2020-10-01
  response:
    body:
      string: '{"status":"Running"}'
    headers:
      cache-control:
      - no-cache
      content-length:
      - '20'
      content-type:
      - application/json; charset=utf-8
      date:
      - Tue, 23 Feb 2021 09:42:31 GMT
      expires:
      - '-1'
      pragma:
      - no-cache
      strict-transport-security:
      - max-age=31536000; includeSubDomains
      vary:
      - Accept-Encoding
      x-content-type-options:
      - nosniff
    status:
      code: 200
      message: OK
- request:
    body: null
    headers:
      Accept:
      - application/json
      Accept-Encoding:
      - gzip, deflate
      CommandName:
      - network application-gateway create
      Connection:
      - keep-alive
      ParameterSetName:
      - -g -n --sku --enable-private-link --private-ip-address --public-ip-address
      User-Agent:
      - python/3.7.4 (Windows-10-10.0.19041-SP0) msrest/0.6.21 msrest_azure/0.6.3
        azure-mgmt-resource/12.0.0 Azure-SDK-For-Python AZURECLI/2.19.1
    method: GET
    uri: https://management.azure.com/subscriptions/00000000-0000-0000-0000-000000000000/resourcegroups/test_network_appgw_creation_with_public_and_private_ip000001/providers/Microsoft.Resources/deployments/mock-deployment/operationStatuses/08585875337195814418?api-version=2020-10-01
  response:
    body:
      string: '{"status":"Running"}'
    headers:
      cache-control:
      - no-cache
      content-length:
      - '20'
      content-type:
      - application/json; charset=utf-8
      date:
      - Tue, 23 Feb 2021 09:43:01 GMT
      expires:
      - '-1'
      pragma:
      - no-cache
      strict-transport-security:
      - max-age=31536000; includeSubDomains
      vary:
      - Accept-Encoding
      x-content-type-options:
      - nosniff
    status:
      code: 200
      message: OK
- request:
    body: null
    headers:
      Accept:
      - application/json
      Accept-Encoding:
      - gzip, deflate
      CommandName:
      - network application-gateway create
      Connection:
      - keep-alive
      ParameterSetName:
      - -g -n --sku --enable-private-link --private-ip-address --public-ip-address
      User-Agent:
      - python/3.7.4 (Windows-10-10.0.19041-SP0) msrest/0.6.21 msrest_azure/0.6.3
        azure-mgmt-resource/12.0.0 Azure-SDK-For-Python AZURECLI/2.19.1
    method: GET
    uri: https://management.azure.com/subscriptions/00000000-0000-0000-0000-000000000000/resourcegroups/test_network_appgw_creation_with_public_and_private_ip000001/providers/Microsoft.Resources/deployments/mock-deployment/operationStatuses/08585875337195814418?api-version=2020-10-01
  response:
    body:
      string: '{"status":"Running"}'
    headers:
      cache-control:
      - no-cache
      content-length:
      - '20'
      content-type:
      - application/json; charset=utf-8
      date:
      - Tue, 23 Feb 2021 09:43:31 GMT
      expires:
      - '-1'
      pragma:
      - no-cache
      strict-transport-security:
      - max-age=31536000; includeSubDomains
      vary:
      - Accept-Encoding
      x-content-type-options:
      - nosniff
    status:
      code: 200
      message: OK
- request:
    body: null
    headers:
      Accept:
      - application/json
      Accept-Encoding:
      - gzip, deflate
      CommandName:
      - network application-gateway create
      Connection:
      - keep-alive
      ParameterSetName:
      - -g -n --sku --enable-private-link --private-ip-address --public-ip-address
      User-Agent:
      - python/3.7.4 (Windows-10-10.0.19041-SP0) msrest/0.6.21 msrest_azure/0.6.3
        azure-mgmt-resource/12.0.0 Azure-SDK-For-Python AZURECLI/2.19.1
    method: GET
    uri: https://management.azure.com/subscriptions/00000000-0000-0000-0000-000000000000/resourcegroups/test_network_appgw_creation_with_public_and_private_ip000001/providers/Microsoft.Resources/deployments/mock-deployment/operationStatuses/08585875337195814418?api-version=2020-10-01
  response:
    body:
      string: '{"status":"Running"}'
    headers:
      cache-control:
      - no-cache
      content-length:
      - '20'
      content-type:
      - application/json; charset=utf-8
      date:
      - Tue, 23 Feb 2021 09:44:02 GMT
      expires:
      - '-1'
      pragma:
      - no-cache
      strict-transport-security:
      - max-age=31536000; includeSubDomains
      vary:
      - Accept-Encoding
      x-content-type-options:
      - nosniff
    status:
      code: 200
      message: OK
- request:
    body: null
    headers:
      Accept:
      - application/json
      Accept-Encoding:
      - gzip, deflate
      CommandName:
      - network application-gateway create
      Connection:
      - keep-alive
      ParameterSetName:
      - -g -n --sku --enable-private-link --private-ip-address --public-ip-address
      User-Agent:
      - python/3.7.4 (Windows-10-10.0.19041-SP0) msrest/0.6.21 msrest_azure/0.6.3
        azure-mgmt-resource/12.0.0 Azure-SDK-For-Python AZURECLI/2.19.1
    method: GET
    uri: https://management.azure.com/subscriptions/00000000-0000-0000-0000-000000000000/resourcegroups/test_network_appgw_creation_with_public_and_private_ip000001/providers/Microsoft.Resources/deployments/mock-deployment/operationStatuses/08585875337195814418?api-version=2020-10-01
  response:
    body:
      string: '{"status":"Running"}'
    headers:
      cache-control:
      - no-cache
      content-length:
      - '20'
      content-type:
      - application/json; charset=utf-8
      date:
      - Tue, 23 Feb 2021 09:44:33 GMT
      expires:
      - '-1'
      pragma:
      - no-cache
      strict-transport-security:
      - max-age=31536000; includeSubDomains
      vary:
      - Accept-Encoding
      x-content-type-options:
      - nosniff
    status:
      code: 200
      message: OK
- request:
    body: null
    headers:
      Accept:
      - application/json
      Accept-Encoding:
      - gzip, deflate
      CommandName:
      - network application-gateway create
      Connection:
      - keep-alive
      ParameterSetName:
      - -g -n --sku --enable-private-link --private-ip-address --public-ip-address
      User-Agent:
      - python/3.7.4 (Windows-10-10.0.19041-SP0) msrest/0.6.21 msrest_azure/0.6.3
        azure-mgmt-resource/12.0.0 Azure-SDK-For-Python AZURECLI/2.19.1
    method: GET
    uri: https://management.azure.com/subscriptions/00000000-0000-0000-0000-000000000000/resourcegroups/test_network_appgw_creation_with_public_and_private_ip000001/providers/Microsoft.Resources/deployments/mock-deployment/operationStatuses/08585875337195814418?api-version=2020-10-01
  response:
    body:
      string: '{"status":"Running"}'
    headers:
      cache-control:
      - no-cache
      content-length:
      - '20'
      content-type:
      - application/json; charset=utf-8
      date:
      - Tue, 23 Feb 2021 09:45:03 GMT
      expires:
      - '-1'
      pragma:
      - no-cache
      strict-transport-security:
      - max-age=31536000; includeSubDomains
      vary:
      - Accept-Encoding
      x-content-type-options:
      - nosniff
    status:
      code: 200
      message: OK
- request:
    body: null
    headers:
      Accept:
      - application/json
      Accept-Encoding:
      - gzip, deflate
      CommandName:
      - network application-gateway create
      Connection:
      - keep-alive
      ParameterSetName:
      - -g -n --sku --enable-private-link --private-ip-address --public-ip-address
      User-Agent:
      - python/3.7.4 (Windows-10-10.0.19041-SP0) msrest/0.6.21 msrest_azure/0.6.3
        azure-mgmt-resource/12.0.0 Azure-SDK-For-Python AZURECLI/2.19.1
    method: GET
    uri: https://management.azure.com/subscriptions/00000000-0000-0000-0000-000000000000/resourcegroups/test_network_appgw_creation_with_public_and_private_ip000001/providers/Microsoft.Resources/deployments/mock-deployment/operationStatuses/08585875337195814418?api-version=2020-10-01
  response:
    body:
      string: '{"status":"Running"}'
    headers:
      cache-control:
      - no-cache
      content-length:
      - '20'
      content-type:
      - application/json; charset=utf-8
      date:
      - Tue, 23 Feb 2021 09:45:34 GMT
      expires:
      - '-1'
      pragma:
      - no-cache
      strict-transport-security:
      - max-age=31536000; includeSubDomains
      vary:
      - Accept-Encoding
      x-content-type-options:
      - nosniff
    status:
      code: 200
      message: OK
- request:
    body: null
    headers:
      Accept:
      - application/json
      Accept-Encoding:
      - gzip, deflate
      CommandName:
      - network application-gateway create
      Connection:
      - keep-alive
      ParameterSetName:
      - -g -n --sku --enable-private-link --private-ip-address --public-ip-address
      User-Agent:
      - python/3.7.4 (Windows-10-10.0.19041-SP0) msrest/0.6.21 msrest_azure/0.6.3
        azure-mgmt-resource/12.0.0 Azure-SDK-For-Python AZURECLI/2.19.1
    method: GET
    uri: https://management.azure.com/subscriptions/00000000-0000-0000-0000-000000000000/resourcegroups/test_network_appgw_creation_with_public_and_private_ip000001/providers/Microsoft.Resources/deployments/mock-deployment/operationStatuses/08585875337195814418?api-version=2020-10-01
  response:
    body:
      string: '{"status":"Running"}'
    headers:
      cache-control:
      - no-cache
      content-length:
      - '20'
      content-type:
      - application/json; charset=utf-8
      date:
      - Tue, 23 Feb 2021 09:46:04 GMT
      expires:
      - '-1'
      pragma:
      - no-cache
      strict-transport-security:
      - max-age=31536000; includeSubDomains
      vary:
      - Accept-Encoding
      x-content-type-options:
      - nosniff
    status:
      code: 200
      message: OK
- request:
    body: null
    headers:
      Accept:
      - application/json
      Accept-Encoding:
      - gzip, deflate
      CommandName:
      - network application-gateway create
      Connection:
      - keep-alive
      ParameterSetName:
      - -g -n --sku --enable-private-link --private-ip-address --public-ip-address
      User-Agent:
      - python/3.7.4 (Windows-10-10.0.19041-SP0) msrest/0.6.21 msrest_azure/0.6.3
        azure-mgmt-resource/12.0.0 Azure-SDK-For-Python AZURECLI/2.19.1
    method: GET
    uri: https://management.azure.com/subscriptions/00000000-0000-0000-0000-000000000000/resourcegroups/test_network_appgw_creation_with_public_and_private_ip000001/providers/Microsoft.Resources/deployments/mock-deployment/operationStatuses/08585875337195814418?api-version=2020-10-01
  response:
    body:
      string: '{"status":"Running"}'
    headers:
      cache-control:
      - no-cache
      content-length:
      - '20'
      content-type:
      - application/json; charset=utf-8
      date:
      - Tue, 23 Feb 2021 09:46:34 GMT
      expires:
      - '-1'
      pragma:
      - no-cache
      strict-transport-security:
      - max-age=31536000; includeSubDomains
      vary:
      - Accept-Encoding
      x-content-type-options:
      - nosniff
    status:
      code: 200
      message: OK
- request:
    body: null
    headers:
      Accept:
      - application/json
      Accept-Encoding:
      - gzip, deflate
      CommandName:
      - network application-gateway create
      Connection:
      - keep-alive
      ParameterSetName:
      - -g -n --sku --enable-private-link --private-ip-address --public-ip-address
      User-Agent:
      - python/3.7.4 (Windows-10-10.0.19041-SP0) msrest/0.6.21 msrest_azure/0.6.3
        azure-mgmt-resource/12.0.0 Azure-SDK-For-Python AZURECLI/2.19.1
    method: GET
    uri: https://management.azure.com/subscriptions/00000000-0000-0000-0000-000000000000/resourcegroups/test_network_appgw_creation_with_public_and_private_ip000001/providers/Microsoft.Resources/deployments/mock-deployment/operationStatuses/08585875337195814418?api-version=2020-10-01
  response:
    body:
      string: '{"status":"Succeeded"}'
    headers:
      cache-control:
      - no-cache
      content-length:
      - '22'
      content-type:
      - application/json; charset=utf-8
      date:
      - Tue, 23 Feb 2021 09:47:05 GMT
      expires:
      - '-1'
      pragma:
      - no-cache
      strict-transport-security:
      - max-age=31536000; includeSubDomains
      vary:
      - Accept-Encoding
      x-content-type-options:
      - nosniff
    status:
      code: 200
      message: OK
- request:
    body: null
    headers:
      Accept:
      - application/json
      Accept-Encoding:
      - gzip, deflate
      CommandName:
      - network application-gateway create
      Connection:
      - keep-alive
      ParameterSetName:
      - -g -n --sku --enable-private-link --private-ip-address --public-ip-address
      User-Agent:
      - python/3.7.4 (Windows-10-10.0.19041-SP0) msrest/0.6.21 msrest_azure/0.6.3
        azure-mgmt-resource/12.0.0 Azure-SDK-For-Python AZURECLI/2.19.1
    method: GET
    uri: https://management.azure.com/subscriptions/00000000-0000-0000-0000-000000000000/resourcegroups/test_network_appgw_creation_with_public_and_private_ip000001/providers/Microsoft.Resources/deployments/mock-deployment?api-version=2020-10-01
  response:
    body:
      string: '{"id":"/subscriptions/00000000-0000-0000-0000-000000000000/resourceGroups/test_network_appgw_creation_with_public_and_private_ip000001/providers/Microsoft.Resources/deployments/ag_deploy_SN8xnQlMHGYGklEVEGzemkW7EnRXyBc3","name":"ag_deploy_SN8xnQlMHGYGklEVEGzemkW7EnRXyBc3","type":"Microsoft.Resources/deployments","properties":{"templateHash":"67669673271082312","parameters":{},"mode":"Incremental","provisioningState":"Succeeded","timestamp":"2021-02-23T09:46:46.960655Z","duration":"PT7M21.0644755S","correlationId":"977dcaf4-e2c8-4e55-b73f-4da668a7d05c","providers":[{"namespace":"Microsoft.Network","resourceTypes":[{"resourceType":"virtualNetworks","locations":["westus"]},{"resourceType":"applicationGateways","locations":["westus"]}]}],"dependencies":[{"dependsOn":[{"id":"/subscriptions/00000000-0000-0000-0000-000000000000/resourceGroups/test_network_appgw_creation_with_public_and_private_ip000001/providers/Microsoft.Network/virtualNetworks/applicationGatewayVnet","resourceType":"Microsoft.Network/virtualNetworks","resourceName":"applicationGatewayVnet"}],"id":"/subscriptions/00000000-0000-0000-0000-000000000000/resourceGroups/test_network_appgw_creation_with_public_and_private_ip000001/providers/Microsoft.Network/applicationGateways/applicationGateway","resourceType":"Microsoft.Network/applicationGateways","resourceName":"applicationGateway"}],"outputs":{"applicationGateway":{"type":"Object","value":{"provisioningState":"Succeeded","resourceGuid":"bef175a7-ac2b-4ad0-b2ac-a1d06c42de4b","sku":{"name":"Standard_v2","tier":"Standard_v2","capacity":2},"operationalState":"Running","gatewayIPConfigurations":[{"name":"appGatewayFrontendIP","id":"/subscriptions/00000000-0000-0000-0000-000000000000/resourceGroups/test_network_appgw_creation_with_public_and_private_ip000001/providers/Microsoft.Network/applicationGateways/applicationGateway/gatewayIPConfigurations/appGatewayFrontendIP","etag":"W/\"13f2cd89-8a81-4985-9896-3e1c93624a6f\"","properties":{"provisioningState":"Succeeded","subnet":{"id":"/subscriptions/00000000-0000-0000-0000-000000000000/resourceGroups/test_network_appgw_creation_with_public_and_private_ip000001/providers/Microsoft.Network/virtualNetworks/applicationGatewayVnet/subnets/default"}},"type":"Microsoft.Network/applicationGateways/gatewayIPConfigurations"}],"sslCertificates":[],"trustedRootCertificates":[],"trustedClientCertificates":[],"sslProfiles":[],"frontendIPConfigurations":[{"name":"appGatewayPrivateFrontendIP","id":"/subscriptions/00000000-0000-0000-0000-000000000000/resourceGroups/test_network_appgw_creation_with_public_and_private_ip000001/providers/Microsoft.Network/applicationGateways/applicationGateway/frontendIPConfigurations/appGatewayPrivateFrontendIP","etag":"W/\"13f2cd89-8a81-4985-9896-3e1c93624a6f\"","type":"Microsoft.Network/applicationGateways/frontendIPConfigurations","properties":{"provisioningState":"Succeeded","privateIPAddress":"10.0.0.17","privateIPAllocationMethod":"Static","subnet":{"id":"/subscriptions/00000000-0000-0000-0000-000000000000/resourceGroups/test_network_appgw_creation_with_public_and_private_ip000001/providers/Microsoft.Network/virtualNetworks/applicationGatewayVnet/subnets/default"}}},{"name":"appGatewayFrontendIP","id":"/subscriptions/00000000-0000-0000-0000-000000000000/resourceGroups/test_network_appgw_creation_with_public_and_private_ip000001/providers/Microsoft.Network/applicationGateways/applicationGateway/frontendIPConfigurations/appGatewayFrontendIP","etag":"W/\"13f2cd89-8a81-4985-9896-3e1c93624a6f\"","type":"Microsoft.Network/applicationGateways/frontendIPConfigurations","properties":{"provisioningState":"Succeeded","privateIPAllocationMethod":"Dynamic","publicIPAddress":{"id":"/subscriptions/00000000-0000-0000-0000-000000000000/resourceGroups/test_network_appgw_creation_with_public_and_private_ip000001/providers/Microsoft.Network/publicIPAddresses/publicIP"},"httpListeners":[{"id":"/subscriptions/00000000-0000-0000-0000-000000000000/resourceGroups/test_network_appgw_creation_with_public_and_private_ip000001/providers/Microsoft.Network/applicationGateways/applicationGateway/httpListeners/appGatewayHttpListener"}]}}],"frontendPorts":[{"name":"appGatewayFrontendPort","id":"/subscriptions/00000000-0000-0000-0000-000000000000/resourceGroups/test_network_appgw_creation_with_public_and_private_ip000001/providers/Microsoft.Network/applicationGateways/applicationGateway/frontendPorts/appGatewayFrontendPort","etag":"W/\"13f2cd89-8a81-4985-9896-3e1c93624a6f\"","properties":{"provisioningState":"Succeeded","port":80,"httpListeners":[{"id":"/subscriptions/00000000-0000-0000-0000-000000000000/resourceGroups/test_network_appgw_creation_with_public_and_private_ip000001/providers/Microsoft.Network/applicationGateways/applicationGateway/httpListeners/appGatewayHttpListener"}]},"type":"Microsoft.Network/applicationGateways/frontendPorts"}],"backendAddressPools":[{"name":"appGatewayBackendPool","id":"/subscriptions/00000000-0000-0000-0000-000000000000/resourceGroups/test_network_appgw_creation_with_public_and_private_ip000001/providers/Microsoft.Network/applicationGateways/applicationGateway/backendAddressPools/appGatewayBackendPool","etag":"W/\"13f2cd89-8a81-4985-9896-3e1c93624a6f\"","properties":{"provisioningState":"Succeeded","backendAddresses":[],"requestRoutingRules":[{"id":"/subscriptions/00000000-0000-0000-0000-000000000000/resourceGroups/test_network_appgw_creation_with_public_and_private_ip000001/providers/Microsoft.Network/applicationGateways/applicationGateway/requestRoutingRules/rule1"}]},"type":"Microsoft.Network/applicationGateways/backendAddressPools"}],"loadDistributionPolicies":[],"backendHttpSettingsCollection":[{"name":"appGatewayBackendHttpSettings","id":"/subscriptions/00000000-0000-0000-0000-000000000000/resourceGroups/test_network_appgw_creation_with_public_and_private_ip000001/providers/Microsoft.Network/applicationGateways/applicationGateway/backendHttpSettingsCollection/appGatewayBackendHttpSettings","etag":"W/\"13f2cd89-8a81-4985-9896-3e1c93624a6f\"","properties":{"provisioningState":"Succeeded","port":80,"protocol":"Http","cookieBasedAffinity":"Disabled","connectionDraining":{"enabled":false,"drainTimeoutInSec":1},"pickHostNameFromBackendAddress":false,"requestTimeout":30,"requestRoutingRules":[{"id":"/subscriptions/00000000-0000-0000-0000-000000000000/resourceGroups/test_network_appgw_creation_with_public_and_private_ip000001/providers/Microsoft.Network/applicationGateways/applicationGateway/requestRoutingRules/rule1"}]},"type":"Microsoft.Network/applicationGateways/backendHttpSettingsCollection"}],"httpListeners":[{"name":"appGatewayHttpListener","id":"/subscriptions/00000000-0000-0000-0000-000000000000/resourceGroups/test_network_appgw_creation_with_public_and_private_ip000001/providers/Microsoft.Network/applicationGateways/applicationGateway/httpListeners/appGatewayHttpListener","etag":"W/\"13f2cd89-8a81-4985-9896-3e1c93624a6f\"","properties":{"provisioningState":"Succeeded","frontendIPConfiguration":{"id":"/subscriptions/00000000-0000-0000-0000-000000000000/resourceGroups/test_network_appgw_creation_with_public_and_private_ip000001/providers/Microsoft.Network/applicationGateways/applicationGateway/frontendIPConfigurations/appGatewayFrontendIP"},"frontendPort":{"id":"/subscriptions/00000000-0000-0000-0000-000000000000/resourceGroups/test_network_appgw_creation_with_public_and_private_ip000001/providers/Microsoft.Network/applicationGateways/applicationGateway/frontendPorts/appGatewayFrontendPort"},"protocol":"Http","hostNames":[],"requireServerNameIndication":false,"requestRoutingRules":[{"id":"/subscriptions/00000000-0000-0000-0000-000000000000/resourceGroups/test_network_appgw_creation_with_public_and_private_ip000001/providers/Microsoft.Network/applicationGateways/applicationGateway/requestRoutingRules/rule1"}]},"type":"Microsoft.Network/applicationGateways/httpListeners"}],"urlPathMaps":[],"requestRoutingRules":[{"name":"rule1","id":"/subscriptions/00000000-0000-0000-0000-000000000000/resourceGroups/test_network_appgw_creation_with_public_and_private_ip000001/providers/Microsoft.Network/applicationGateways/applicationGateway/requestRoutingRules/rule1","etag":"W/\"13f2cd89-8a81-4985-9896-3e1c93624a6f\"","properties":{"provisioningState":"Succeeded","ruleType":"Basic","httpListener":{"id":"/subscriptions/00000000-0000-0000-0000-000000000000/resourceGroups/test_network_appgw_creation_with_public_and_private_ip000001/providers/Microsoft.Network/applicationGateways/applicationGateway/httpListeners/appGatewayHttpListener"},"backendAddressPool":{"id":"/subscriptions/00000000-0000-0000-0000-000000000000/resourceGroups/test_network_appgw_creation_with_public_and_private_ip000001/providers/Microsoft.Network/applicationGateways/applicationGateway/backendAddressPools/appGatewayBackendPool"},"backendHttpSettings":{"id":"/subscriptions/00000000-0000-0000-0000-000000000000/resourceGroups/test_network_appgw_creation_with_public_and_private_ip000001/providers/Microsoft.Network/applicationGateways/applicationGateway/backendHttpSettingsCollection/appGatewayBackendHttpSettings"}},"type":"Microsoft.Network/applicationGateways/requestRoutingRules"}],"probes":[],"rewriteRuleSets":[],"redirectConfigurations":[],"privateLinkConfigurations":[{"name":"PrivateLinkDefaultConfiguration","id":"/subscriptions/00000000-0000-0000-0000-000000000000/resourceGroups/test_network_appgw_creation_with_public_and_private_ip000001/providers/Microsoft.Network/applicationGateways/applicationGateway/privateLinkConfigurations/PrivateLinkDefaultConfiguration","etag":"W/\"13f2cd89-8a81-4985-9896-3e1c93624a6f\"","type":"Microsoft.Network/applicationGateways/privateLinkConfigurations","properties":{"provisioningState":"Succeeded","ipConfigurations":[{"name":"PrivateLinkDefaultIPConfiguration","id":"/subscriptions/00000000-0000-0000-0000-000000000000/resourceGroups/test_network_appgw_creation_with_public_and_private_ip000001/providers/Microsoft.Network/applicationGateways/applicationGateway/privateLinkConfigurations/PrivateLinkDefaultConfiguration/ipConfigurations/PrivateLinkDefaultIPConfiguration","etag":"W/\"13f2cd89-8a81-4985-9896-3e1c93624a6f\"","type":"Microsoft.Network/applicationGateways/privateLinkConfigurations/ipConfigurations","properties":{"provisioningState":"Succeeded","privateIPAllocationMethod":"Dynamic","subnet":{"id":"/subscriptions/00000000-0000-0000-0000-000000000000/resourceGroups/test_network_appgw_creation_with_public_and_private_ip000001/providers/Microsoft.Network/virtualNetworks/applicationGatewayVnet/subnets/PrivateLinkDefaultSubnet"}}}]}}],"privateEndpointConnections":[]}}},"outputResources":[{"id":"/subscriptions/00000000-0000-0000-0000-000000000000/resourceGroups/test_network_appgw_creation_with_public_and_private_ip000001/providers/Microsoft.Network/applicationGateways/applicationGateway"},{"id":"/subscriptions/00000000-0000-0000-0000-000000000000/resourceGroups/test_network_appgw_creation_with_public_and_private_ip000001/providers/Microsoft.Network/virtualNetworks/applicationGatewayVnet"}]}}'
    headers:
      cache-control:
      - no-cache
      content-length:
      - '11496'
      content-type:
      - application/json; charset=utf-8
      date:
      - Tue, 23 Feb 2021 09:47:06 GMT
      expires:
      - '-1'
      pragma:
      - no-cache
      strict-transport-security:
      - max-age=31536000; includeSubDomains
      vary:
      - Accept-Encoding
      x-content-type-options:
      - nosniff
    status:
      code: 200
      message: OK
- request:
    body: null
    headers:
      Accept:
      - application/json
      Accept-Encoding:
      - gzip, deflate
      CommandName:
      - network application-gateway show
      Connection:
      - keep-alive
      ParameterSetName:
      - -g -n
      User-Agent:
      - AZURECLI/2.19.1 azsdk-python-azure-mgmt-network/17.1.0 Python/3.7.4 (Windows-10-10.0.19041-SP0)
    method: GET
    uri: https://management.azure.com/subscriptions/00000000-0000-0000-0000-000000000000/resourceGroups/test_network_appgw_creation_with_public_and_private_ip000001/providers/Microsoft.Network/applicationGateways/applicationGateway?api-version=2020-07-01
  response:
    body:
      string: "{\r\n  \"name\": \"applicationGateway\",\r\n  \"id\": \"/subscriptions/00000000-0000-0000-0000-000000000000/resourceGroups/test_network_appgw_creation_with_public_and_private_ip000001/providers/Microsoft.Network/applicationGateways/applicationGateway\",\r\n
        \ \"etag\": \"W/\\\"13f2cd89-8a81-4985-9896-3e1c93624a6f\\\"\",\r\n  \"type\":
        \"Microsoft.Network/applicationGateways\",\r\n  \"location\": \"westus\",\r\n
        \ \"tags\": {},\r\n  \"properties\": {\r\n    \"provisioningState\": \"Succeeded\",\r\n
        \   \"resourceGuid\": \"bef175a7-ac2b-4ad0-b2ac-a1d06c42de4b\",\r\n    \"sku\":
        {\r\n      \"name\": \"Standard_v2\",\r\n      \"tier\": \"Standard_v2\",\r\n
        \     \"capacity\": 2\r\n    },\r\n    \"operationalState\": \"Running\",\r\n
        \   \"gatewayIPConfigurations\": [\r\n      {\r\n        \"name\": \"appGatewayFrontendIP\",\r\n
        \       \"id\": \"/subscriptions/00000000-0000-0000-0000-000000000000/resourceGroups/test_network_appgw_creation_with_public_and_private_ip000001/providers/Microsoft.Network/applicationGateways/applicationGateway/gatewayIPConfigurations/appGatewayFrontendIP\",\r\n
        \       \"etag\": \"W/\\\"13f2cd89-8a81-4985-9896-3e1c93624a6f\\\"\",\r\n
        \       \"properties\": {\r\n          \"provisioningState\": \"Succeeded\",\r\n
        \         \"subnet\": {\r\n            \"id\": \"/subscriptions/00000000-0000-0000-0000-000000000000/resourceGroups/test_network_appgw_creation_with_public_and_private_ip000001/providers/Microsoft.Network/virtualNetworks/applicationGatewayVnet/subnets/default\"\r\n
        \         }\r\n        },\r\n        \"type\": \"Microsoft.Network/applicationGateways/gatewayIPConfigurations\"\r\n
        \     }\r\n    ],\r\n    \"sslCertificates\": [],\r\n    \"trustedRootCertificates\":
        [],\r\n    \"trustedClientCertificates\": [],\r\n    \"sslProfiles\": [],\r\n
        \   \"frontendIPConfigurations\": [\r\n      {\r\n        \"name\": \"appGatewayPrivateFrontendIP\",\r\n
        \       \"id\": \"/subscriptions/00000000-0000-0000-0000-000000000000/resourceGroups/test_network_appgw_creation_with_public_and_private_ip000001/providers/Microsoft.Network/applicationGateways/applicationGateway/frontendIPConfigurations/appGatewayPrivateFrontendIP\",\r\n
        \       \"etag\": \"W/\\\"13f2cd89-8a81-4985-9896-3e1c93624a6f\\\"\",\r\n
        \       \"type\": \"Microsoft.Network/applicationGateways/frontendIPConfigurations\",\r\n
        \       \"properties\": {\r\n          \"provisioningState\": \"Succeeded\",\r\n
        \         \"privateIPAddress\": \"10.0.0.17\",\r\n          \"privateIPAllocationMethod\":
        \"Static\",\r\n          \"subnet\": {\r\n            \"id\": \"/subscriptions/00000000-0000-0000-0000-000000000000/resourceGroups/test_network_appgw_creation_with_public_and_private_ip000001/providers/Microsoft.Network/virtualNetworks/applicationGatewayVnet/subnets/default\"\r\n
        \         }\r\n        }\r\n      },\r\n      {\r\n        \"name\": \"appGatewayFrontendIP\",\r\n
        \       \"id\": \"/subscriptions/00000000-0000-0000-0000-000000000000/resourceGroups/test_network_appgw_creation_with_public_and_private_ip000001/providers/Microsoft.Network/applicationGateways/applicationGateway/frontendIPConfigurations/appGatewayFrontendIP\",\r\n
        \       \"etag\": \"W/\\\"13f2cd89-8a81-4985-9896-3e1c93624a6f\\\"\",\r\n
        \       \"type\": \"Microsoft.Network/applicationGateways/frontendIPConfigurations\",\r\n
        \       \"properties\": {\r\n          \"provisioningState\": \"Succeeded\",\r\n
        \         \"privateIPAllocationMethod\": \"Dynamic\",\r\n          \"publicIPAddress\":
        {\r\n            \"id\": \"/subscriptions/00000000-0000-0000-0000-000000000000/resourceGroups/test_network_appgw_creation_with_public_and_private_ip000001/providers/Microsoft.Network/publicIPAddresses/publicIP\"\r\n
        \         },\r\n          \"httpListeners\": [\r\n            {\r\n              \"id\":
        \"/subscriptions/00000000-0000-0000-0000-000000000000/resourceGroups/test_network_appgw_creation_with_public_and_private_ip000001/providers/Microsoft.Network/applicationGateways/applicationGateway/httpListeners/appGatewayHttpListener\"\r\n
        \           }\r\n          ]\r\n        }\r\n      }\r\n    ],\r\n    \"frontendPorts\":
        [\r\n      {\r\n        \"name\": \"appGatewayFrontendPort\",\r\n        \"id\":
        \"/subscriptions/00000000-0000-0000-0000-000000000000/resourceGroups/test_network_appgw_creation_with_public_and_private_ip000001/providers/Microsoft.Network/applicationGateways/applicationGateway/frontendPorts/appGatewayFrontendPort\",\r\n
        \       \"etag\": \"W/\\\"13f2cd89-8a81-4985-9896-3e1c93624a6f\\\"\",\r\n
        \       \"properties\": {\r\n          \"provisioningState\": \"Succeeded\",\r\n
        \         \"port\": 80,\r\n          \"httpListeners\": [\r\n            {\r\n
        \             \"id\": \"/subscriptions/00000000-0000-0000-0000-000000000000/resourceGroups/test_network_appgw_creation_with_public_and_private_ip000001/providers/Microsoft.Network/applicationGateways/applicationGateway/httpListeners/appGatewayHttpListener\"\r\n
        \           }\r\n          ]\r\n        },\r\n        \"type\": \"Microsoft.Network/applicationGateways/frontendPorts\"\r\n
        \     }\r\n    ],\r\n    \"backendAddressPools\": [\r\n      {\r\n        \"name\":
        \"appGatewayBackendPool\",\r\n        \"id\": \"/subscriptions/00000000-0000-0000-0000-000000000000/resourceGroups/test_network_appgw_creation_with_public_and_private_ip000001/providers/Microsoft.Network/applicationGateways/applicationGateway/backendAddressPools/appGatewayBackendPool\",\r\n
        \       \"etag\": \"W/\\\"13f2cd89-8a81-4985-9896-3e1c93624a6f\\\"\",\r\n
        \       \"properties\": {\r\n          \"provisioningState\": \"Succeeded\",\r\n
        \         \"backendAddresses\": [],\r\n          \"requestRoutingRules\":
        [\r\n            {\r\n              \"id\": \"/subscriptions/00000000-0000-0000-0000-000000000000/resourceGroups/test_network_appgw_creation_with_public_and_private_ip000001/providers/Microsoft.Network/applicationGateways/applicationGateway/requestRoutingRules/rule1\"\r\n
        \           }\r\n          ]\r\n        },\r\n        \"type\": \"Microsoft.Network/applicationGateways/backendAddressPools\"\r\n
        \     }\r\n    ],\r\n    \"loadDistributionPolicies\": [],\r\n    \"backendHttpSettingsCollection\":
        [\r\n      {\r\n        \"name\": \"appGatewayBackendHttpSettings\",\r\n        \"id\":
        \"/subscriptions/00000000-0000-0000-0000-000000000000/resourceGroups/test_network_appgw_creation_with_public_and_private_ip000001/providers/Microsoft.Network/applicationGateways/applicationGateway/backendHttpSettingsCollection/appGatewayBackendHttpSettings\",\r\n
        \       \"etag\": \"W/\\\"13f2cd89-8a81-4985-9896-3e1c93624a6f\\\"\",\r\n
        \       \"properties\": {\r\n          \"provisioningState\": \"Succeeded\",\r\n
        \         \"port\": 80,\r\n          \"protocol\": \"Http\",\r\n          \"cookieBasedAffinity\":
        \"Disabled\",\r\n          \"connectionDraining\": {\r\n            \"enabled\":
        false,\r\n            \"drainTimeoutInSec\": 1\r\n          },\r\n          \"pickHostNameFromBackendAddress\":
        false,\r\n          \"requestTimeout\": 30,\r\n          \"requestRoutingRules\":
        [\r\n            {\r\n              \"id\": \"/subscriptions/00000000-0000-0000-0000-000000000000/resourceGroups/test_network_appgw_creation_with_public_and_private_ip000001/providers/Microsoft.Network/applicationGateways/applicationGateway/requestRoutingRules/rule1\"\r\n
        \           }\r\n          ]\r\n        },\r\n        \"type\": \"Microsoft.Network/applicationGateways/backendHttpSettingsCollection\"\r\n
        \     }\r\n    ],\r\n    \"httpListeners\": [\r\n      {\r\n        \"name\":
        \"appGatewayHttpListener\",\r\n        \"id\": \"/subscriptions/00000000-0000-0000-0000-000000000000/resourceGroups/test_network_appgw_creation_with_public_and_private_ip000001/providers/Microsoft.Network/applicationGateways/applicationGateway/httpListeners/appGatewayHttpListener\",\r\n
        \       \"etag\": \"W/\\\"13f2cd89-8a81-4985-9896-3e1c93624a6f\\\"\",\r\n
        \       \"properties\": {\r\n          \"provisioningState\": \"Succeeded\",\r\n
        \         \"frontendIPConfiguration\": {\r\n            \"id\": \"/subscriptions/00000000-0000-0000-0000-000000000000/resourceGroups/test_network_appgw_creation_with_public_and_private_ip000001/providers/Microsoft.Network/applicationGateways/applicationGateway/frontendIPConfigurations/appGatewayFrontendIP\"\r\n
        \         },\r\n          \"frontendPort\": {\r\n            \"id\": \"/subscriptions/00000000-0000-0000-0000-000000000000/resourceGroups/test_network_appgw_creation_with_public_and_private_ip000001/providers/Microsoft.Network/applicationGateways/applicationGateway/frontendPorts/appGatewayFrontendPort\"\r\n
        \         },\r\n          \"protocol\": \"Http\",\r\n          \"hostNames\":
        [],\r\n          \"requireServerNameIndication\": false,\r\n          \"requestRoutingRules\":
        [\r\n            {\r\n              \"id\": \"/subscriptions/00000000-0000-0000-0000-000000000000/resourceGroups/test_network_appgw_creation_with_public_and_private_ip000001/providers/Microsoft.Network/applicationGateways/applicationGateway/requestRoutingRules/rule1\"\r\n
        \           }\r\n          ]\r\n        },\r\n        \"type\": \"Microsoft.Network/applicationGateways/httpListeners\"\r\n
        \     }\r\n    ],\r\n    \"urlPathMaps\": [],\r\n    \"requestRoutingRules\":
        [\r\n      {\r\n        \"name\": \"rule1\",\r\n        \"id\": \"/subscriptions/00000000-0000-0000-0000-000000000000/resourceGroups/test_network_appgw_creation_with_public_and_private_ip000001/providers/Microsoft.Network/applicationGateways/applicationGateway/requestRoutingRules/rule1\",\r\n
        \       \"etag\": \"W/\\\"13f2cd89-8a81-4985-9896-3e1c93624a6f\\\"\",\r\n
        \       \"properties\": {\r\n          \"provisioningState\": \"Succeeded\",\r\n
        \         \"ruleType\": \"Basic\",\r\n          \"httpListener\": {\r\n            \"id\":
        \"/subscriptions/00000000-0000-0000-0000-000000000000/resourceGroups/test_network_appgw_creation_with_public_and_private_ip000001/providers/Microsoft.Network/applicationGateways/applicationGateway/httpListeners/appGatewayHttpListener\"\r\n
        \         },\r\n          \"backendAddressPool\": {\r\n            \"id\":
        \"/subscriptions/00000000-0000-0000-0000-000000000000/resourceGroups/test_network_appgw_creation_with_public_and_private_ip000001/providers/Microsoft.Network/applicationGateways/applicationGateway/backendAddressPools/appGatewayBackendPool\"\r\n
        \         },\r\n          \"backendHttpSettings\": {\r\n            \"id\":
        \"/subscriptions/00000000-0000-0000-0000-000000000000/resourceGroups/test_network_appgw_creation_with_public_and_private_ip000001/providers/Microsoft.Network/applicationGateways/applicationGateway/backendHttpSettingsCollection/appGatewayBackendHttpSettings\"\r\n
        \         }\r\n        },\r\n        \"type\": \"Microsoft.Network/applicationGateways/requestRoutingRules\"\r\n
        \     }\r\n    ],\r\n    \"probes\": [],\r\n    \"rewriteRuleSets\": [],\r\n
        \   \"redirectConfigurations\": [],\r\n    \"privateLinkConfigurations\":
        [\r\n      {\r\n        \"name\": \"PrivateLinkDefaultConfiguration\",\r\n
        \       \"id\": \"/subscriptions/00000000-0000-0000-0000-000000000000/resourceGroups/test_network_appgw_creation_with_public_and_private_ip000001/providers/Microsoft.Network/applicationGateways/applicationGateway/privateLinkConfigurations/PrivateLinkDefaultConfiguration\",\r\n
        \       \"etag\": \"W/\\\"13f2cd89-8a81-4985-9896-3e1c93624a6f\\\"\",\r\n
        \       \"type\": \"Microsoft.Network/applicationGateways/privateLinkConfigurations\",\r\n
        \       \"properties\": {\r\n          \"provisioningState\": \"Succeeded\",\r\n
        \         \"ipConfigurations\": [\r\n            {\r\n              \"name\":
        \"PrivateLinkDefaultIPConfiguration\",\r\n              \"id\": \"/subscriptions/00000000-0000-0000-0000-000000000000/resourceGroups/test_network_appgw_creation_with_public_and_private_ip000001/providers/Microsoft.Network/applicationGateways/applicationGateway/privateLinkConfigurations/PrivateLinkDefaultConfiguration/ipConfigurations/PrivateLinkDefaultIPConfiguration\",\r\n
        \             \"etag\": \"W/\\\"13f2cd89-8a81-4985-9896-3e1c93624a6f\\\"\",\r\n
        \             \"type\": \"Microsoft.Network/applicationGateways/privateLinkConfigurations/ipConfigurations\",\r\n
        \             \"properties\": {\r\n                \"provisioningState\":
        \"Succeeded\",\r\n                \"privateIPAllocationMethod\": \"Dynamic\",\r\n
        \               \"subnet\": {\r\n                  \"id\": \"/subscriptions/00000000-0000-0000-0000-000000000000/resourceGroups/test_network_appgw_creation_with_public_and_private_ip000001/providers/Microsoft.Network/virtualNetworks/applicationGatewayVnet/subnets/PrivateLinkDefaultSubnet\"\r\n
        \               }\r\n              }\r\n            }\r\n          ]\r\n        }\r\n
        \     }\r\n    ],\r\n    \"privateEndpointConnections\": []\r\n  }\r\n}"
    headers:
      cache-control:
      - no-cache
      content-length:
      - '12235'
      content-type:
      - application/json; charset=utf-8
      date:
      - Tue, 23 Feb 2021 09:47:07 GMT
      etag:
      - W/"13f2cd89-8a81-4985-9896-3e1c93624a6f"
      expires:
      - '-1'
      pragma:
      - no-cache
      server:
      - Microsoft-HTTPAPI/2.0
      - Microsoft-HTTPAPI/2.0
      strict-transport-security:
      - max-age=31536000; includeSubDomains
      transfer-encoding:
      - chunked
      vary:
      - Accept-Encoding
      x-content-type-options:
      - nosniff
      x-ms-arm-service-request-id:
      - 42df74cd-870d-488d-afdb-c2b4fa1eaa98
    status:
      code: 200
      message: OK
- request:
    body: null
    headers:
      Accept:
      - application/json
      Accept-Encoding:
      - gzip, deflate
      CommandName:
      - network application-gateway delete
      Connection:
      - keep-alive
      Content-Length:
      - '0'
      ParameterSetName:
      - -g -n
      User-Agent:
      - AZURECLI/2.19.1 azsdk-python-azure-mgmt-network/17.1.0 Python/3.7.4 (Windows-10-10.0.19041-SP0)
    method: DELETE
    uri: https://management.azure.com/subscriptions/00000000-0000-0000-0000-000000000000/resourceGroups/test_network_appgw_creation_with_public_and_private_ip000001/providers/Microsoft.Network/applicationGateways/applicationGateway?api-version=2020-07-01
  response:
    body:
      string: ''
    headers:
      azure-asyncnotification:
      - Enabled
      azure-asyncoperation:
      - https://management.azure.com/subscriptions/00000000-0000-0000-0000-000000000000/providers/Microsoft.Network/locations/westus/operations/1d8f4028-0417-4d51-9146-5bb84257ce8b?api-version=2020-07-01
      cache-control:
      - no-cache
      content-length:
      - '0'
      date:
      - Tue, 23 Feb 2021 09:47:08 GMT
      expires:
      - '-1'
      location:
      - https://management.azure.com/subscriptions/00000000-0000-0000-0000-000000000000/providers/Microsoft.Network/locations/westus/operationResults/1d8f4028-0417-4d51-9146-5bb84257ce8b?api-version=2020-07-01
      pragma:
      - no-cache
      server:
      - Microsoft-HTTPAPI/2.0
      - Microsoft-HTTPAPI/2.0
      strict-transport-security:
      - max-age=31536000; includeSubDomains
      x-content-type-options:
      - nosniff
      x-ms-arm-service-request-id:
      - ff02ef94-3769-496f-9682-1ced5429bc44
      x-ms-ratelimit-remaining-subscription-deletes:
      - '14993'
    status:
      code: 202
      message: Accepted
- request:
    body: null
    headers:
      Accept:
      - '*/*'
      Accept-Encoding:
      - gzip, deflate
      CommandName:
      - network application-gateway delete
      Connection:
      - keep-alive
      ParameterSetName:
      - -g -n
      User-Agent:
      - AZURECLI/2.19.1 azsdk-python-azure-mgmt-network/17.1.0 Python/3.7.4 (Windows-10-10.0.19041-SP0)
    method: GET
    uri: https://management.azure.com/subscriptions/00000000-0000-0000-0000-000000000000/providers/Microsoft.Network/locations/westus/operations/1d8f4028-0417-4d51-9146-5bb84257ce8b?api-version=2020-07-01
  response:
    body:
      string: "{\r\n  \"status\": \"InProgress\"\r\n}"
    headers:
      cache-control:
      - no-cache
      content-length:
      - '30'
      content-type:
      - application/json; charset=utf-8
      date:
      - Tue, 23 Feb 2021 09:47:18 GMT
      expires:
      - '-1'
      pragma:
      - no-cache
      server:
      - Microsoft-HTTPAPI/2.0
      - Microsoft-HTTPAPI/2.0
      strict-transport-security:
      - max-age=31536000; includeSubDomains
      transfer-encoding:
      - chunked
      vary:
      - Accept-Encoding
      x-content-type-options:
      - nosniff
      x-ms-arm-service-request-id:
      - 17616853-0fce-49d9-8af7-2fdab1f95c8d
    status:
      code: 200
      message: OK
- request:
    body: null
    headers:
      Accept:
      - '*/*'
      Accept-Encoding:
      - gzip, deflate
      CommandName:
      - network application-gateway delete
      Connection:
      - keep-alive
      ParameterSetName:
      - -g -n
      User-Agent:
      - AZURECLI/2.19.1 azsdk-python-azure-mgmt-network/17.1.0 Python/3.7.4 (Windows-10-10.0.19041-SP0)
    method: GET
    uri: https://management.azure.com/subscriptions/00000000-0000-0000-0000-000000000000/providers/Microsoft.Network/locations/westus/operations/1d8f4028-0417-4d51-9146-5bb84257ce8b?api-version=2020-07-01
  response:
    body:
      string: "{\r\n  \"status\": \"InProgress\"\r\n}"
    headers:
      cache-control:
      - no-cache
      content-length:
      - '30'
      content-type:
      - application/json; charset=utf-8
      date:
      - Tue, 23 Feb 2021 09:47:28 GMT
      expires:
      - '-1'
      pragma:
      - no-cache
      server:
      - Microsoft-HTTPAPI/2.0
      - Microsoft-HTTPAPI/2.0
      strict-transport-security:
      - max-age=31536000; includeSubDomains
      transfer-encoding:
      - chunked
      vary:
      - Accept-Encoding
      x-content-type-options:
      - nosniff
      x-ms-arm-service-request-id:
      - 31c558b4-cad3-4063-9da2-cd013b886b36
    status:
      code: 200
      message: OK
- request:
    body: null
    headers:
      Accept:
      - '*/*'
      Accept-Encoding:
      - gzip, deflate
      CommandName:
      - network application-gateway delete
      Connection:
      - keep-alive
      ParameterSetName:
      - -g -n
      User-Agent:
      - AZURECLI/2.19.1 azsdk-python-azure-mgmt-network/17.1.0 Python/3.7.4 (Windows-10-10.0.19041-SP0)
    method: GET
    uri: https://management.azure.com/subscriptions/00000000-0000-0000-0000-000000000000/providers/Microsoft.Network/locations/westus/operations/1d8f4028-0417-4d51-9146-5bb84257ce8b?api-version=2020-07-01
  response:
    body:
      string: "{\r\n  \"status\": \"InProgress\"\r\n}"
    headers:
      cache-control:
      - no-cache
      content-length:
      - '30'
      content-type:
      - application/json; charset=utf-8
      date:
      - Tue, 23 Feb 2021 09:47:48 GMT
      expires:
      - '-1'
      pragma:
      - no-cache
      server:
      - Microsoft-HTTPAPI/2.0
      - Microsoft-HTTPAPI/2.0
      strict-transport-security:
      - max-age=31536000; includeSubDomains
      transfer-encoding:
      - chunked
      vary:
      - Accept-Encoding
      x-content-type-options:
      - nosniff
      x-ms-arm-service-request-id:
      - 8131ce77-affb-472b-99a5-d73a1937c4b3
    status:
      code: 200
      message: OK
- request:
    body: null
    headers:
      Accept:
      - '*/*'
      Accept-Encoding:
      - gzip, deflate
      CommandName:
      - network application-gateway delete
      Connection:
      - keep-alive
      ParameterSetName:
      - -g -n
      User-Agent:
      - AZURECLI/2.19.1 azsdk-python-azure-mgmt-network/17.1.0 Python/3.7.4 (Windows-10-10.0.19041-SP0)
    method: GET
    uri: https://management.azure.com/subscriptions/00000000-0000-0000-0000-000000000000/providers/Microsoft.Network/locations/westus/operations/1d8f4028-0417-4d51-9146-5bb84257ce8b?api-version=2020-07-01
  response:
    body:
      string: "{\r\n  \"status\": \"InProgress\"\r\n}"
    headers:
      cache-control:
      - no-cache
      content-length:
      - '30'
      content-type:
      - application/json; charset=utf-8
      date:
      - Tue, 23 Feb 2021 09:48:09 GMT
      expires:
      - '-1'
      pragma:
      - no-cache
      server:
      - Microsoft-HTTPAPI/2.0
      - Microsoft-HTTPAPI/2.0
      strict-transport-security:
      - max-age=31536000; includeSubDomains
      transfer-encoding:
      - chunked
      vary:
      - Accept-Encoding
      x-content-type-options:
      - nosniff
      x-ms-arm-service-request-id:
      - 25af847f-14b6-4217-9357-45f04d855e52
    status:
      code: 200
      message: OK
- request:
    body: null
    headers:
      Accept:
      - '*/*'
      Accept-Encoding:
      - gzip, deflate
      CommandName:
      - network application-gateway delete
      Connection:
      - keep-alive
      ParameterSetName:
      - -g -n
      User-Agent:
      - AZURECLI/2.19.1 azsdk-python-azure-mgmt-network/17.1.0 Python/3.7.4 (Windows-10-10.0.19041-SP0)
    method: GET
    uri: https://management.azure.com/subscriptions/00000000-0000-0000-0000-000000000000/providers/Microsoft.Network/locations/westus/operations/1d8f4028-0417-4d51-9146-5bb84257ce8b?api-version=2020-07-01
  response:
    body:
      string: "{\r\n  \"status\": \"InProgress\"\r\n}"
    headers:
      cache-control:
      - no-cache
      content-length:
      - '30'
      content-type:
      - application/json; charset=utf-8
      date:
      - Tue, 23 Feb 2021 09:48:49 GMT
      expires:
      - '-1'
      pragma:
      - no-cache
      server:
      - Microsoft-HTTPAPI/2.0
      - Microsoft-HTTPAPI/2.0
      strict-transport-security:
      - max-age=31536000; includeSubDomains
      transfer-encoding:
      - chunked
      vary:
      - Accept-Encoding
      x-content-type-options:
      - nosniff
      x-ms-arm-service-request-id:
      - 95d236ba-31d8-4fad-8ac6-96d753293053
    status:
      code: 200
      message: OK
- request:
    body: null
    headers:
      Accept:
      - '*/*'
      Accept-Encoding:
      - gzip, deflate
      CommandName:
      - network application-gateway delete
      Connection:
      - keep-alive
      ParameterSetName:
      - -g -n
      User-Agent:
      - AZURECLI/2.19.1 azsdk-python-azure-mgmt-network/17.1.0 Python/3.7.4 (Windows-10-10.0.19041-SP0)
    method: GET
    uri: https://management.azure.com/subscriptions/00000000-0000-0000-0000-000000000000/providers/Microsoft.Network/locations/westus/operations/1d8f4028-0417-4d51-9146-5bb84257ce8b?api-version=2020-07-01
  response:
    body:
      string: "{\r\n  \"status\": \"InProgress\"\r\n}"
    headers:
      cache-control:
      - no-cache
      content-length:
      - '30'
      content-type:
      - application/json; charset=utf-8
      date:
      - Tue, 23 Feb 2021 09:49:30 GMT
      expires:
      - '-1'
      pragma:
      - no-cache
      server:
      - Microsoft-HTTPAPI/2.0
      - Microsoft-HTTPAPI/2.0
      strict-transport-security:
      - max-age=31536000; includeSubDomains
      transfer-encoding:
      - chunked
      vary:
      - Accept-Encoding
      x-content-type-options:
      - nosniff
      x-ms-arm-service-request-id:
      - 605f5845-772f-4421-888c-65e79294dda5
    status:
      code: 200
      message: OK
- request:
    body: null
    headers:
      Accept:
      - '*/*'
      Accept-Encoding:
      - gzip, deflate
      CommandName:
      - network application-gateway delete
      Connection:
      - keep-alive
      ParameterSetName:
      - -g -n
      User-Agent:
      - AZURECLI/2.19.1 azsdk-python-azure-mgmt-network/17.1.0 Python/3.7.4 (Windows-10-10.0.19041-SP0)
    method: GET
    uri: https://management.azure.com/subscriptions/00000000-0000-0000-0000-000000000000/providers/Microsoft.Network/locations/westus/operations/1d8f4028-0417-4d51-9146-5bb84257ce8b?api-version=2020-07-01
  response:
    body:
      string: "{\r\n  \"status\": \"InProgress\"\r\n}"
    headers:
      cache-control:
      - no-cache
      content-length:
      - '30'
      content-type:
      - application/json; charset=utf-8
      date:
      - Tue, 23 Feb 2021 09:50:50 GMT
      expires:
      - '-1'
      pragma:
      - no-cache
      server:
      - Microsoft-HTTPAPI/2.0
      - Microsoft-HTTPAPI/2.0
      strict-transport-security:
      - max-age=31536000; includeSubDomains
      transfer-encoding:
      - chunked
      vary:
      - Accept-Encoding
      x-content-type-options:
      - nosniff
      x-ms-arm-service-request-id:
      - 532de0de-9e53-4588-8236-b75453ab5e47
    status:
      code: 200
      message: OK
- request:
    body: null
    headers:
      Accept:
      - '*/*'
      Accept-Encoding:
      - gzip, deflate
      CommandName:
      - network application-gateway delete
      Connection:
      - keep-alive
      ParameterSetName:
      - -g -n
      User-Agent:
      - AZURECLI/2.19.1 azsdk-python-azure-mgmt-network/17.1.0 Python/3.7.4 (Windows-10-10.0.19041-SP0)
    method: GET
    uri: https://management.azure.com/subscriptions/00000000-0000-0000-0000-000000000000/providers/Microsoft.Network/locations/westus/operations/1d8f4028-0417-4d51-9146-5bb84257ce8b?api-version=2020-07-01
  response:
    body:
      string: "{\r\n  \"status\": \"Succeeded\"\r\n}"
    headers:
      cache-control:
      - no-cache
      content-length:
      - '29'
      content-type:
      - application/json; charset=utf-8
      date:
      - Tue, 23 Feb 2021 09:54:08 GMT
      expires:
      - '-1'
      pragma:
      - no-cache
      server:
      - Microsoft-HTTPAPI/2.0
      - Microsoft-HTTPAPI/2.0
      strict-transport-security:
      - max-age=31536000; includeSubDomains
      transfer-encoding:
      - chunked
      vary:
      - Accept-Encoding
      x-content-type-options:
      - nosniff
      x-ms-arm-service-request-id:
      - da61abb0-45ff-43b0-b0d7-dfdb38fd7fa7
    status:
      code: 200
      message: OK
version: 1
