interactions:
- request:
    body: null
    headers:
      Accept:
      - application/json
      Accept-Encoding:
      - gzip, deflate
      CommandName:
      - network watcher configure
      Connection:
      - keep-alive
      ParameterSetName:
      - -g --locations --enabled
      User-Agent:
      - python/3.7.4 (Windows-10-10.0.18362-SP0) msrest/0.6.10 msrest_azure/0.6.2
        azure-mgmt-network/6.0.0 Azure-SDK-For-Python AZURECLI/2.0.74
      accept-language:
      - en-US
    method: GET
    uri: https://management.azure.com/subscriptions/00000000-0000-0000-0000-000000000000/providers/Microsoft.Network/networkWatchers?api-version=2019-08-01
  response:
    body:
      string: '{"value":[{"name":"NetworkWatcher_westus","id":"/subscriptions/00000000-0000-0000-0000-000000000000/resourceGroups/NetworkWatcherRG/providers/Microsoft.Network/networkWatchers/NetworkWatcher_westus","etag":"W/\"8cd907d6-4a70-410f-8987-67115cc41351\"","type":"Microsoft.Network/networkWatchers","location":"westus","properties":{"provisioningState":"Succeeded","flowLogs":[],"runningOperationIds":[]}},{"name":"NetworkWatcher_eastus","id":"/subscriptions/00000000-0000-0000-0000-000000000000/resourceGroups/NetworkWatcherRG/providers/Microsoft.Network/networkWatchers/NetworkWatcher_eastus","etag":"W/\"90a1b47c-e01b-46de-8719-00792e50f864\"","type":"Microsoft.Network/networkWatchers","location":"eastus","properties":{"provisioningState":"Succeeded","flowLogs":[],"runningOperationIds":[]}},{"name":"NetworkWatcher_eastasia","id":"/subscriptions/00000000-0000-0000-0000-000000000000/resourceGroups/NetworkWatcherRG/providers/Microsoft.Network/networkWatchers/NetworkWatcher_eastasia","etag":"W/\"c0673e84-2337-48fd-8444-5084ff498009\"","type":"Microsoft.Network/networkWatchers","location":"eastasia","properties":{"provisioningState":"Succeeded","flowLogs":[],"runningOperationIds":[]}},{"name":"NetworkWatcher_southeastasia","id":"/subscriptions/00000000-0000-0000-0000-000000000000/resourceGroups/NetworkWatcherRG/providers/Microsoft.Network/networkWatchers/NetworkWatcher_southeastasia","etag":"W/\"ec606b33-dd05-4997-9148-2c828d39955e\"","type":"Microsoft.Network/networkWatchers","location":"southeastasia","properties":{"provisioningState":"Succeeded","flowLogs":[],"runningOperationIds":[]}},{"name":"NetworkWatcher_southcentralus","id":"/subscriptions/00000000-0000-0000-0000-000000000000/resourceGroups/NetworkWatcherRG/providers/Microsoft.Network/networkWatchers/NetworkWatcher_southcentralus","etag":"W/\"c78ab754-228b-4d1c-b2af-62afed0706d5\"","type":"Microsoft.Network/networkWatchers","location":"southcentralus","properties":{"provisioningState":"Succeeded","flowLogs":[],"runningOperationIds":[]}},{"name":"NetworkWatcher_centralus","id":"/subscriptions/00000000-0000-0000-0000-000000000000/resourceGroups/NetworkWatcherRG/providers/Microsoft.Network/networkWatchers/NetworkWatcher_centralus","etag":"W/\"ba2a10f4-4bb5-4e11-bbfb-a2189ab4312a\"","type":"Microsoft.Network/networkWatchers","location":"centralus","properties":{"provisioningState":"Succeeded","flowLogs":[],"runningOperationIds":[]}},{"name":"NetworkWatcher_eastus2","id":"/subscriptions/00000000-0000-0000-0000-000000000000/resourceGroups/NetworkWatcherRG/providers/Microsoft.Network/networkWatchers/NetworkWatcher_eastus2","etag":"W/\"58cdf743-6718-401d-a806-ff606fa7bb1d\"","type":"Microsoft.Network/networkWatchers","location":"eastus2","properties":{"provisioningState":"Succeeded","flowLogs":[],"runningOperationIds":[]}},{"name":"NetworkWatcher_westcentralus","id":"/subscriptions/00000000-0000-0000-0000-000000000000/resourceGroups/NetworkWatcherRG/providers/Microsoft.Network/networkWatchers/NetworkWatcher_westcentralus","etag":"W/\"3c27f896-a650-4131-b46f-2053bda5b80e\"","type":"Microsoft.Network/networkWatchers","location":"westcentralus","properties":{"provisioningState":"Succeeded","flowLogs":[],"runningOperationIds":[]}},{"name":"NetworkWatcher_westus2","id":"/subscriptions/00000000-0000-0000-0000-000000000000/resourceGroups/NetworkWatcherRG/providers/Microsoft.Network/networkWatchers/NetworkWatcher_westus2","etag":"W/\"9c8b6234-1bbf-46b7-ba84-19a9762dcf8f\"","type":"Microsoft.Network/networkWatchers","location":"westus2","properties":{"provisioningState":"Succeeded","flowLogs":[],"runningOperationIds":[]}},{"name":"NetworkWatcher_francecentral","id":"/subscriptions/00000000-0000-0000-0000-000000000000/resourceGroups/NetworkWatcherRG/providers/Microsoft.Network/networkWatchers/NetworkWatcher_francecentral","etag":"W/\"253e56fc-e1c7-4517-910c-072017eee4d7\"","type":"Microsoft.Network/networkWatchers","location":"francecentral","properties":{"provisioningState":"Succeeded","flowLogs":[],"runningOperationIds":[]}}]}'
    headers:
      cache-control:
      - no-cache
      content-length:
      - '4029'
      content-type:
      - application/json; charset=utf-8
      date:
      - Thu, 10 Oct 2019 11:20:37 GMT
      expires:
      - '-1'
      pragma:
      - no-cache
      strict-transport-security:
      - max-age=31536000; includeSubDomains
      vary:
      - Accept-Encoding
      x-content-type-options:
      - nosniff
      x-ms-original-request-ids:
      - 9a769c32-279a-4d4a-a077-74f756822719
      - 481143c3-622f-45c1-895a-4af896fc50f7
      - 62b48e10-d488-43ed-ae96-bee5123a3faa
      - 6672bc07-d1fb-4f7a-bf55-18e785961acf
      - 8303f931-8808-41e0-a7c4-dedf44b7b1c0
      - b91d2883-64cc-4e99-9fcd-cdb1eeccd56d
      - 2a337f2b-46b1-4617-a1e7-1d2ef8612859
      - 3abf2be3-7232-4e50-8262-466e71cf6e54
      - 37162cdf-4438-4a05-a8d4-da30d3a63ddb
      - 339a153a-3dab-480c-b81d-424f004becc2
    status:
      code: 200
      message: OK
- request:
    body: '{"location": "canadaeast"}'
    headers:
      Accept:
      - application/json
      Accept-Encoding:
      - gzip, deflate
      CommandName:
      - network watcher configure
      Connection:
      - keep-alive
      Content-Length:
      - '26'
      Content-Type:
      - application/json; charset=utf-8
      ParameterSetName:
      - -g --locations --enabled
      User-Agent:
      - python/3.7.4 (Windows-10-10.0.18362-SP0) msrest/0.6.10 msrest_azure/0.6.2
        azure-mgmt-network/6.0.0 Azure-SDK-For-Python AZURECLI/2.0.74
      accept-language:
      - en-US
    method: PUT
    uri: https://management.azure.com/subscriptions/00000000-0000-0000-0000-000000000000/resourceGroups/cli_test_nw_flow_log2000001/providers/Microsoft.Network/networkWatchers/canadaeast-watcher?api-version=2019-08-01
  response:
    body:
      string: "{\r\n  \"name\": \"canadaeast-watcher\",\r\n  \"id\": \"/subscriptions/00000000-0000-0000-0000-000000000000/resourceGroups/cli_test_nw_flow_log2000001/providers/Microsoft.Network/networkWatchers/canadaeast-watcher\",\r\n
        \ \"etag\": \"W/\\\"202b76c3-75c2-4283-beab-a813158aa661\\\"\",\r\n  \"type\":
        \"Microsoft.Network/networkWatchers\",\r\n  \"location\": \"canadaeast\",\r\n
        \ \"properties\": {\r\n    \"provisioningState\": \"Succeeded\",\r\n    \"flowLogs\":
        [],\r\n    \"runningOperationIds\": []\r\n  }\r\n}"
    headers:
      azure-asyncoperation:
      - https://management.azure.com/subscriptions/00000000-0000-0000-0000-000000000000/providers/Microsoft.Network/locations/canadaeast/operations/80b5bb58-7c17-4011-8bc4-1adf0d91535b?api-version=2019-08-01
      cache-control:
      - no-cache
      content-length:
      - '504'
      content-type:
      - application/json; charset=utf-8
      date:
      - Thu, 10 Oct 2019 11:20:42 GMT
      expires:
      - '-1'
      pragma:
      - no-cache
      server:
      - Microsoft-HTTPAPI/2.0
      - Microsoft-HTTPAPI/2.0
      strict-transport-security:
      - max-age=31536000; includeSubDomains
      x-content-type-options:
      - nosniff
      x-ms-arm-service-request-id:
      - d07bd7e4-d8c5-4ce6-aac1-606c3474b70c
      x-ms-ratelimit-remaining-subscription-writes:
      - '1174'
    status:
      code: 201
      message: Created
- request:
    body: '{"location": "westus"}'
    headers:
      Accept:
      - application/json
      Accept-Encoding:
      - gzip, deflate
      CommandName:
      - network watcher configure
      Connection:
      - keep-alive
      Content-Length:
      - '22'
      Content-Type:
      - application/json; charset=utf-8
      ParameterSetName:
      - -g --locations --enabled
      User-Agent:
      - python/3.7.4 (Windows-10-10.0.18362-SP0) msrest/0.6.10 msrest_azure/0.6.2
        azure-mgmt-network/6.0.0 Azure-SDK-For-Python AZURECLI/2.0.74
      accept-language:
      - en-US
    method: PUT
    uri: https://management.azure.com/subscriptions/00000000-0000-0000-0000-000000000000/resourceGroups/NetworkWatcherRG/providers/Microsoft.Network/networkWatchers/NetworkWatcher_westus?api-version=2019-08-01
  response:
    body:
      string: "{\r\n  \"name\": \"NetworkWatcher_westus\",\r\n  \"id\": \"/subscriptions/00000000-0000-0000-0000-000000000000/resourceGroups/NetworkWatcherRG/providers/Microsoft.Network/networkWatchers/NetworkWatcher_westus\",\r\n
        \ \"etag\": \"W/\\\"8cd907d6-4a70-410f-8987-67115cc41351\\\"\",\r\n  \"type\":
        \"Microsoft.Network/networkWatchers\",\r\n  \"location\": \"westus\",\r\n
        \ \"properties\": {\r\n    \"provisioningState\": \"Succeeded\",\r\n    \"flowLogs\":
        [],\r\n    \"runningOperationIds\": []\r\n  }\r\n}"
    headers:
      azure-asyncoperation:
      - https://management.azure.com/subscriptions/00000000-0000-0000-0000-000000000000/providers/Microsoft.Network/locations/westus/operations/683965c1-349a-4a76-9f88-d81a549c7882?api-version=2019-08-01
      cache-control:
      - no-cache
      content-length:
      - '447'
      content-type:
      - application/json; charset=utf-8
      date:
      - Thu, 10 Oct 2019 11:20:43 GMT
      expires:
      - '-1'
      pragma:
      - no-cache
      server:
      - Microsoft-HTTPAPI/2.0
      - Microsoft-HTTPAPI/2.0
      strict-transport-security:
      - max-age=31536000; includeSubDomains
      transfer-encoding:
      - chunked
      vary:
      - Accept-Encoding
      x-content-type-options:
      - nosniff
      x-ms-arm-service-request-id:
      - 8a044ebe-2ed1-4c0e-8049-e88b48ae517d
      x-ms-ratelimit-remaining-subscription-writes:
      - '1173'
    status:
      code: 200
      message: OK
- request:
    body: '{"location": "eastus"}'
    headers:
      Accept:
      - application/json
      Accept-Encoding:
      - gzip, deflate
      CommandName:
      - network watcher configure
      Connection:
      - keep-alive
      Content-Length:
      - '22'
      Content-Type:
      - application/json; charset=utf-8
      ParameterSetName:
      - -g --locations --enabled
      User-Agent:
      - python/3.7.4 (Windows-10-10.0.18362-SP0) msrest/0.6.10 msrest_azure/0.6.2
        azure-mgmt-network/6.0.0 Azure-SDK-For-Python AZURECLI/2.0.74
      accept-language:
      - en-US
    method: PUT
    uri: https://management.azure.com/subscriptions/00000000-0000-0000-0000-000000000000/resourceGroups/NetworkWatcherRG/providers/Microsoft.Network/networkWatchers/NetworkWatcher_eastus?api-version=2019-08-01
  response:
    body:
      string: "{\r\n  \"name\": \"NetworkWatcher_eastus\",\r\n  \"id\": \"/subscriptions/00000000-0000-0000-0000-000000000000/resourceGroups/NetworkWatcherRG/providers/Microsoft.Network/networkWatchers/NetworkWatcher_eastus\",\r\n
        \ \"etag\": \"W/\\\"90a1b47c-e01b-46de-8719-00792e50f864\\\"\",\r\n  \"type\":
        \"Microsoft.Network/networkWatchers\",\r\n  \"location\": \"eastus\",\r\n
        \ \"properties\": {\r\n    \"provisioningState\": \"Succeeded\",\r\n    \"flowLogs\":
        [],\r\n    \"runningOperationIds\": []\r\n  }\r\n}"
    headers:
      azure-asyncoperation:
      - https://management.azure.com/subscriptions/00000000-0000-0000-0000-000000000000/providers/Microsoft.Network/locations/eastus/operations/112c30f2-46e8-4ae8-bf4e-e2751493c9e1?api-version=2019-08-01
      cache-control:
      - no-cache
      content-length:
      - '447'
      content-type:
      - application/json; charset=utf-8
      date:
      - Thu, 10 Oct 2019 11:20:44 GMT
      expires:
      - '-1'
      pragma:
      - no-cache
      server:
      - Microsoft-HTTPAPI/2.0
      - Microsoft-HTTPAPI/2.0
      strict-transport-security:
      - max-age=31536000; includeSubDomains
      transfer-encoding:
      - chunked
      vary:
      - Accept-Encoding
      x-content-type-options:
      - nosniff
      x-ms-arm-service-request-id:
      - a23dcc14-f8ea-436d-8821-c93e7808f0fd
      x-ms-ratelimit-remaining-subscription-writes:
      - '1172'
    status:
      code: 200
      message: OK
- request:
    body: '{"location": "westcentralus"}'
    headers:
      Accept:
      - application/json
      Accept-Encoding:
      - gzip, deflate
      CommandName:
      - network watcher configure
      Connection:
      - keep-alive
      Content-Length:
      - '29'
      Content-Type:
      - application/json; charset=utf-8
      ParameterSetName:
      - -g --locations --enabled
      User-Agent:
      - python/3.7.4 (Windows-10-10.0.18362-SP0) msrest/0.6.10 msrest_azure/0.6.2
        azure-mgmt-network/6.0.0 Azure-SDK-For-Python AZURECLI/2.0.74
      accept-language:
      - en-US
    method: PUT
    uri: https://management.azure.com/subscriptions/00000000-0000-0000-0000-000000000000/resourceGroups/NetworkWatcherRG/providers/Microsoft.Network/networkWatchers/NetworkWatcher_westcentralus?api-version=2019-08-01
  response:
    body:
      string: "{\r\n  \"name\": \"NetworkWatcher_westcentralus\",\r\n  \"id\": \"/subscriptions/00000000-0000-0000-0000-000000000000/resourceGroups/NetworkWatcherRG/providers/Microsoft.Network/networkWatchers/NetworkWatcher_westcentralus\",\r\n
        \ \"etag\": \"W/\\\"3c27f896-a650-4131-b46f-2053bda5b80e\\\"\",\r\n  \"type\":
        \"Microsoft.Network/networkWatchers\",\r\n  \"location\": \"westcentralus\",\r\n
        \ \"properties\": {\r\n    \"provisioningState\": \"Succeeded\",\r\n    \"flowLogs\":
        [],\r\n    \"runningOperationIds\": []\r\n  }\r\n}"
    headers:
      azure-asyncoperation:
      - https://management.azure.com/subscriptions/00000000-0000-0000-0000-000000000000/providers/Microsoft.Network/locations/westcentralus/operations/e12cf0f9-7e73-46b7-ab46-3bb70b039df7?api-version=2019-08-01
      cache-control:
      - no-cache
      content-length:
      - '468'
      content-type:
      - application/json; charset=utf-8
      date:
      - Thu, 10 Oct 2019 11:20:44 GMT
      expires:
      - '-1'
      pragma:
      - no-cache
      server:
      - Microsoft-HTTPAPI/2.0
      - Microsoft-HTTPAPI/2.0
      strict-transport-security:
      - max-age=31536000; includeSubDomains
      transfer-encoding:
      - chunked
      vary:
      - Accept-Encoding
      x-content-type-options:
      - nosniff
      x-ms-arm-service-request-id:
      - 338d9bf0-f72d-4d53-9cff-ff6e14c109ce
      x-ms-ratelimit-remaining-subscription-writes:
      - '1171'
    status:
      code: 200
      message: OK
- request:
    body: '{"location": "westus2"}'
    headers:
      Accept:
      - application/json
      Accept-Encoding:
      - gzip, deflate
      CommandName:
      - network watcher configure
      Connection:
      - keep-alive
      Content-Length:
      - '23'
      Content-Type:
      - application/json; charset=utf-8
      ParameterSetName:
      - -g --locations --enabled
      User-Agent:
      - python/3.7.4 (Windows-10-10.0.18362-SP0) msrest/0.6.10 msrest_azure/0.6.2
        azure-mgmt-network/6.0.0 Azure-SDK-For-Python AZURECLI/2.0.74
      accept-language:
      - en-US
    method: PUT
    uri: https://management.azure.com/subscriptions/00000000-0000-0000-0000-000000000000/resourceGroups/NetworkWatcherRG/providers/Microsoft.Network/networkWatchers/NetworkWatcher_westus2?api-version=2019-08-01
  response:
    body:
      string: "{\r\n  \"name\": \"NetworkWatcher_westus2\",\r\n  \"id\": \"/subscriptions/00000000-0000-0000-0000-000000000000/resourceGroups/NetworkWatcherRG/providers/Microsoft.Network/networkWatchers/NetworkWatcher_westus2\",\r\n
        \ \"etag\": \"W/\\\"9c8b6234-1bbf-46b7-ba84-19a9762dcf8f\\\"\",\r\n  \"type\":
        \"Microsoft.Network/networkWatchers\",\r\n  \"location\": \"westus2\",\r\n
        \ \"properties\": {\r\n    \"provisioningState\": \"Succeeded\",\r\n    \"flowLogs\":
        [],\r\n    \"runningOperationIds\": []\r\n  }\r\n}"
    headers:
      azure-asyncoperation:
      - https://management.azure.com/subscriptions/00000000-0000-0000-0000-000000000000/providers/Microsoft.Network/locations/westus2/operations/e1f63529-18fb-4404-9854-b05d76c7189a?api-version=2019-08-01
      cache-control:
      - no-cache
      content-length:
      - '450'
      content-type:
      - application/json; charset=utf-8
      date:
      - Thu, 10 Oct 2019 11:20:45 GMT
      expires:
      - '-1'
      pragma:
      - no-cache
      server:
      - Microsoft-HTTPAPI/2.0
      - Microsoft-HTTPAPI/2.0
      strict-transport-security:
      - max-age=31536000; includeSubDomains
      transfer-encoding:
      - chunked
      vary:
      - Accept-Encoding
      x-content-type-options:
      - nosniff
      x-ms-arm-service-request-id:
      - cbff8a36-930c-4f24-9863-e92469265ab2
      x-ms-ratelimit-remaining-subscription-writes:
      - '1169'
    status:
      code: 200
      message: OK
- request:
    body: null
    headers:
      Accept:
      - application/json
      Accept-Encoding:
      - gzip, deflate
      CommandName:
      - network watcher configure
      Connection:
      - keep-alive
      ParameterSetName:
      - -g --locations --enabled
      User-Agent:
      - python/3.7.4 (Windows-10-10.0.18362-SP0) msrest/0.6.10 msrest_azure/0.6.2
        azure-mgmt-network/6.0.0 Azure-SDK-For-Python AZURECLI/2.0.74
      accept-language:
      - en-US
    method: GET
    uri: https://management.azure.com/subscriptions/00000000-0000-0000-0000-000000000000/providers/Microsoft.Network/networkWatchers?api-version=2019-08-01
  response:
    body:
      string: '{"value":[{"name":"NetworkWatcher_westus","id":"/subscriptions/00000000-0000-0000-0000-000000000000/resourceGroups/NetworkWatcherRG/providers/Microsoft.Network/networkWatchers/NetworkWatcher_westus","etag":"W/\"8cd907d6-4a70-410f-8987-67115cc41351\"","type":"Microsoft.Network/networkWatchers","location":"westus","properties":{"provisioningState":"Succeeded","flowLogs":[],"runningOperationIds":[]}},{"name":"NetworkWatcher_eastus","id":"/subscriptions/00000000-0000-0000-0000-000000000000/resourceGroups/NetworkWatcherRG/providers/Microsoft.Network/networkWatchers/NetworkWatcher_eastus","etag":"W/\"90a1b47c-e01b-46de-8719-00792e50f864\"","type":"Microsoft.Network/networkWatchers","location":"eastus","properties":{"provisioningState":"Succeeded","flowLogs":[],"runningOperationIds":[]}},{"name":"NetworkWatcher_eastasia","id":"/subscriptions/00000000-0000-0000-0000-000000000000/resourceGroups/NetworkWatcherRG/providers/Microsoft.Network/networkWatchers/NetworkWatcher_eastasia","etag":"W/\"c0673e84-2337-48fd-8444-5084ff498009\"","type":"Microsoft.Network/networkWatchers","location":"eastasia","properties":{"provisioningState":"Succeeded","flowLogs":[],"runningOperationIds":[]}},{"name":"NetworkWatcher_southeastasia","id":"/subscriptions/00000000-0000-0000-0000-000000000000/resourceGroups/NetworkWatcherRG/providers/Microsoft.Network/networkWatchers/NetworkWatcher_southeastasia","etag":"W/\"ec606b33-dd05-4997-9148-2c828d39955e\"","type":"Microsoft.Network/networkWatchers","location":"southeastasia","properties":{"provisioningState":"Succeeded","flowLogs":[],"runningOperationIds":[]}},{"name":"NetworkWatcher_southcentralus","id":"/subscriptions/00000000-0000-0000-0000-000000000000/resourceGroups/NetworkWatcherRG/providers/Microsoft.Network/networkWatchers/NetworkWatcher_southcentralus","etag":"W/\"c78ab754-228b-4d1c-b2af-62afed0706d5\"","type":"Microsoft.Network/networkWatchers","location":"southcentralus","properties":{"provisioningState":"Succeeded","flowLogs":[],"runningOperationIds":[]}},{"name":"NetworkWatcher_centralus","id":"/subscriptions/00000000-0000-0000-0000-000000000000/resourceGroups/NetworkWatcherRG/providers/Microsoft.Network/networkWatchers/NetworkWatcher_centralus","etag":"W/\"ba2a10f4-4bb5-4e11-bbfb-a2189ab4312a\"","type":"Microsoft.Network/networkWatchers","location":"centralus","properties":{"provisioningState":"Succeeded","flowLogs":[],"runningOperationIds":[]}},{"name":"NetworkWatcher_eastus2","id":"/subscriptions/00000000-0000-0000-0000-000000000000/resourceGroups/NetworkWatcherRG/providers/Microsoft.Network/networkWatchers/NetworkWatcher_eastus2","etag":"W/\"58cdf743-6718-401d-a806-ff606fa7bb1d\"","type":"Microsoft.Network/networkWatchers","location":"eastus2","properties":{"provisioningState":"Succeeded","flowLogs":[],"runningOperationIds":[]}},{"name":"canadaeast-watcher","id":"/subscriptions/00000000-0000-0000-0000-000000000000/resourceGroups/cli_test_nw_flow_log2000001/providers/Microsoft.Network/networkWatchers/canadaeast-watcher","etag":"W/\"c440eded-8de0-4f8b-9dad-e9369d7fb475\"","type":"Microsoft.Network/networkWatchers","location":"canadaeast","properties":{"provisioningState":"Succeeded","flowLogs":[],"runningOperationIds":[]}},{"name":"NetworkWatcher_westcentralus","id":"/subscriptions/00000000-0000-0000-0000-000000000000/resourceGroups/NetworkWatcherRG/providers/Microsoft.Network/networkWatchers/NetworkWatcher_westcentralus","etag":"W/\"3c27f896-a650-4131-b46f-2053bda5b80e\"","type":"Microsoft.Network/networkWatchers","location":"westcentralus","properties":{"provisioningState":"Succeeded","flowLogs":[],"runningOperationIds":[]}},{"name":"NetworkWatcher_westus2","id":"/subscriptions/00000000-0000-0000-0000-000000000000/resourceGroups/NetworkWatcherRG/providers/Microsoft.Network/networkWatchers/NetworkWatcher_westus2","etag":"W/\"9c8b6234-1bbf-46b7-ba84-19a9762dcf8f\"","type":"Microsoft.Network/networkWatchers","location":"westus2","properties":{"provisioningState":"Succeeded","flowLogs":[],"runningOperationIds":[]}},{"name":"NetworkWatcher_francecentral","id":"/subscriptions/00000000-0000-0000-0000-000000000000/resourceGroups/NetworkWatcherRG/providers/Microsoft.Network/networkWatchers/NetworkWatcher_francecentral","etag":"W/\"253e56fc-e1c7-4517-910c-072017eee4d7\"","type":"Microsoft.Network/networkWatchers","location":"francecentral","properties":{"provisioningState":"Succeeded","flowLogs":[],"runningOperationIds":[]}}]}'
    headers:
      cache-control:
      - no-cache
      content-length:
      - '4477'
      content-type:
      - application/json; charset=utf-8
      date:
      - Thu, 10 Oct 2019 11:20:45 GMT
      expires:
      - '-1'
      pragma:
      - no-cache
      strict-transport-security:
      - max-age=31536000; includeSubDomains
      vary:
      - Accept-Encoding
      x-content-type-options:
      - nosniff
      x-ms-original-request-ids:
      - 513ab52b-c5b2-47fb-9ad2-1bad17be5cd4
      - 16c764df-5f5b-433e-857b-15d4ef77e7ea
      - b806a483-2a92-4ae3-a06a-664956a62cb4
      - 0ed4d3b4-f527-4d6b-8151-fb701bb7db49
      - 5938868b-cac8-48f1-89a5-5d33785dda70
      - 0c4ba398-82fd-4eea-a6e5-c951281c9b6f
      - b221a167-9f31-4786-85c1-163f26eda2d6
      - fdb62b16-a89a-442f-bdc6-f76d01cc8e6b
      - 63947e78-38b7-4626-a07b-44497a9784b4
      - bc120728-9d63-4b9c-9478-1a3dca6930f9
      - 9d3a1261-2fd1-4f67-8668-9c84c6fc3017
    status:
      code: 200
      message: OK
- request:
    body: null
    headers:
      Accept:
      - application/json
      Accept-Encoding:
      - gzip, deflate
      CommandName:
      - network nsg create
      Connection:
      - keep-alive
      ParameterSetName:
      - -g -n
      User-Agent:
      - python/3.7.4 (Windows-10-10.0.18362-SP0) msrest/0.6.10 msrest_azure/0.6.2
        azure-mgmt-resource/4.0.0 Azure-SDK-For-Python AZURECLI/2.0.74
      accept-language:
      - en-US
    method: GET
    uri: https://management.azure.com/subscriptions/00000000-0000-0000-0000-000000000000/resourcegroups/cli_test_nw_flow_log2000001?api-version=2019-05-10
  response:
    body:
      string: '{"id":"/subscriptions/00000000-0000-0000-0000-000000000000/resourceGroups/cli_test_nw_flow_log2000001","name":"cli_test_nw_flow_log2000001","type":"Microsoft.Resources/resourceGroups","location":"canadaeast","tags":{"product":"azurecli","cause":"automation","date":"2019-10-10T11:20:03Z"},"properties":{"provisioningState":"Succeeded"}}'
    headers:
      cache-control:
      - no-cache
      content-length:
      - '432'
      content-type:
      - application/json; charset=utf-8
      date:
      - Thu, 10 Oct 2019 11:20:46 GMT
      expires:
      - '-1'
      pragma:
      - no-cache
      strict-transport-security:
      - max-age=31536000; includeSubDomains
      vary:
      - Accept-Encoding
      x-content-type-options:
      - nosniff
    status:
      code: 200
      message: OK
- request:
    body: '{"location": "canadaeast"}'
    headers:
      Accept:
      - application/json
      Accept-Encoding:
      - gzip, deflate
      CommandName:
      - network nsg create
      Connection:
      - keep-alive
      Content-Length:
      - '26'
      Content-Type:
      - application/json; charset=utf-8
      ParameterSetName:
      - -g -n
      User-Agent:
      - python/3.7.4 (Windows-10-10.0.18362-SP0) msrest/0.6.10 msrest_azure/0.6.2
        azure-mgmt-network/6.0.0 Azure-SDK-For-Python AZURECLI/2.0.74
      accept-language:
      - en-US
    method: PUT
    uri: https://management.azure.com/subscriptions/00000000-0000-0000-0000-000000000000/resourceGroups/cli_test_nw_flow_log2000001/providers/Microsoft.Network/networkSecurityGroups/nsg1?api-version=2019-08-01
  response:
    body:
      string: "{\r\n  \"name\": \"nsg1\",\r\n  \"id\": \"/subscriptions/00000000-0000-0000-0000-000000000000/resourceGroups/cli_test_nw_flow_log2000001/providers/Microsoft.Network/networkSecurityGroups/nsg1\",\r\n
        \ \"etag\": \"W/\\\"bb55770b-fc13-4f2a-b6cb-74e71438a523\\\"\",\r\n  \"type\":
        \"Microsoft.Network/networkSecurityGroups\",\r\n  \"location\": \"canadaeast\",\r\n
        \ \"properties\": {\r\n    \"provisioningState\": \"Updating\",\r\n    \"resourceGuid\":
        \"85073706-d812-4d69-8018-ad8499ecb3fb\",\r\n    \"securityRules\": [],\r\n
        \   \"defaultSecurityRules\": [\r\n      {\r\n        \"name\": \"AllowVnetInBound\",\r\n
        \       \"id\": \"/subscriptions/00000000-0000-0000-0000-000000000000/resourceGroups/cli_test_nw_flow_log2000001/providers/Microsoft.Network/networkSecurityGroups/nsg1/defaultSecurityRules/AllowVnetInBound\",\r\n
        \       \"etag\": \"W/\\\"bb55770b-fc13-4f2a-b6cb-74e71438a523\\\"\",\r\n
        \       \"type\": \"Microsoft.Network/networkSecurityGroups/defaultSecurityRules\",\r\n
        \       \"properties\": {\r\n          \"provisioningState\": \"Updating\",\r\n
        \         \"description\": \"Allow inbound traffic from all VMs in VNET\",\r\n
        \         \"protocol\": \"*\",\r\n          \"sourcePortRange\": \"*\",\r\n
        \         \"destinationPortRange\": \"*\",\r\n          \"sourceAddressPrefix\":
        \"VirtualNetwork\",\r\n          \"destinationAddressPrefix\": \"VirtualNetwork\",\r\n
        \         \"access\": \"Allow\",\r\n          \"priority\": 65000,\r\n          \"direction\":
        \"Inbound\",\r\n          \"sourcePortRanges\": [],\r\n          \"destinationPortRanges\":
        [],\r\n          \"sourceAddressPrefixes\": [],\r\n          \"destinationAddressPrefixes\":
        []\r\n        }\r\n      },\r\n      {\r\n        \"name\": \"AllowAzureLoadBalancerInBound\",\r\n
        \       \"id\": \"/subscriptions/00000000-0000-0000-0000-000000000000/resourceGroups/cli_test_nw_flow_log2000001/providers/Microsoft.Network/networkSecurityGroups/nsg1/defaultSecurityRules/AllowAzureLoadBalancerInBound\",\r\n
        \       \"etag\": \"W/\\\"bb55770b-fc13-4f2a-b6cb-74e71438a523\\\"\",\r\n
        \       \"type\": \"Microsoft.Network/networkSecurityGroups/defaultSecurityRules\",\r\n
        \       \"properties\": {\r\n          \"provisioningState\": \"Updating\",\r\n
        \         \"description\": \"Allow inbound traffic from azure load balancer\",\r\n
        \         \"protocol\": \"*\",\r\n          \"sourcePortRange\": \"*\",\r\n
        \         \"destinationPortRange\": \"*\",\r\n          \"sourceAddressPrefix\":
        \"AzureLoadBalancer\",\r\n          \"destinationAddressPrefix\": \"*\",\r\n
        \         \"access\": \"Allow\",\r\n          \"priority\": 65001,\r\n          \"direction\":
        \"Inbound\",\r\n          \"sourcePortRanges\": [],\r\n          \"destinationPortRanges\":
        [],\r\n          \"sourceAddressPrefixes\": [],\r\n          \"destinationAddressPrefixes\":
        []\r\n        }\r\n      },\r\n      {\r\n        \"name\": \"DenyAllInBound\",\r\n
        \       \"id\": \"/subscriptions/00000000-0000-0000-0000-000000000000/resourceGroups/cli_test_nw_flow_log2000001/providers/Microsoft.Network/networkSecurityGroups/nsg1/defaultSecurityRules/DenyAllInBound\",\r\n
        \       \"etag\": \"W/\\\"bb55770b-fc13-4f2a-b6cb-74e71438a523\\\"\",\r\n
        \       \"type\": \"Microsoft.Network/networkSecurityGroups/defaultSecurityRules\",\r\n
        \       \"properties\": {\r\n          \"provisioningState\": \"Updating\",\r\n
        \         \"description\": \"Deny all inbound traffic\",\r\n          \"protocol\":
        \"*\",\r\n          \"sourcePortRange\": \"*\",\r\n          \"destinationPortRange\":
        \"*\",\r\n          \"sourceAddressPrefix\": \"*\",\r\n          \"destinationAddressPrefix\":
        \"*\",\r\n          \"access\": \"Deny\",\r\n          \"priority\": 65500,\r\n
        \         \"direction\": \"Inbound\",\r\n          \"sourcePortRanges\": [],\r\n
        \         \"destinationPortRanges\": [],\r\n          \"sourceAddressPrefixes\":
        [],\r\n          \"destinationAddressPrefixes\": []\r\n        }\r\n      },\r\n
        \     {\r\n        \"name\": \"AllowVnetOutBound\",\r\n        \"id\": \"/subscriptions/00000000-0000-0000-0000-000000000000/resourceGroups/cli_test_nw_flow_log2000001/providers/Microsoft.Network/networkSecurityGroups/nsg1/defaultSecurityRules/AllowVnetOutBound\",\r\n
        \       \"etag\": \"W/\\\"bb55770b-fc13-4f2a-b6cb-74e71438a523\\\"\",\r\n
        \       \"type\": \"Microsoft.Network/networkSecurityGroups/defaultSecurityRules\",\r\n
        \       \"properties\": {\r\n          \"provisioningState\": \"Updating\",\r\n
        \         \"description\": \"Allow outbound traffic from all VMs to all VMs
        in VNET\",\r\n          \"protocol\": \"*\",\r\n          \"sourcePortRange\":
        \"*\",\r\n          \"destinationPortRange\": \"*\",\r\n          \"sourceAddressPrefix\":
        \"VirtualNetwork\",\r\n          \"destinationAddressPrefix\": \"VirtualNetwork\",\r\n
        \         \"access\": \"Allow\",\r\n          \"priority\": 65000,\r\n          \"direction\":
        \"Outbound\",\r\n          \"sourcePortRanges\": [],\r\n          \"destinationPortRanges\":
        [],\r\n          \"sourceAddressPrefixes\": [],\r\n          \"destinationAddressPrefixes\":
        []\r\n        }\r\n      },\r\n      {\r\n        \"name\": \"AllowInternetOutBound\",\r\n
        \       \"id\": \"/subscriptions/00000000-0000-0000-0000-000000000000/resourceGroups/cli_test_nw_flow_log2000001/providers/Microsoft.Network/networkSecurityGroups/nsg1/defaultSecurityRules/AllowInternetOutBound\",\r\n
        \       \"etag\": \"W/\\\"bb55770b-fc13-4f2a-b6cb-74e71438a523\\\"\",\r\n
        \       \"type\": \"Microsoft.Network/networkSecurityGroups/defaultSecurityRules\",\r\n
        \       \"properties\": {\r\n          \"provisioningState\": \"Updating\",\r\n
        \         \"description\": \"Allow outbound traffic from all VMs to Internet\",\r\n
        \         \"protocol\": \"*\",\r\n          \"sourcePortRange\": \"*\",\r\n
        \         \"destinationPortRange\": \"*\",\r\n          \"sourceAddressPrefix\":
        \"*\",\r\n          \"destinationAddressPrefix\": \"Internet\",\r\n          \"access\":
        \"Allow\",\r\n          \"priority\": 65001,\r\n          \"direction\": \"Outbound\",\r\n
        \         \"sourcePortRanges\": [],\r\n          \"destinationPortRanges\":
        [],\r\n          \"sourceAddressPrefixes\": [],\r\n          \"destinationAddressPrefixes\":
        []\r\n        }\r\n      },\r\n      {\r\n        \"name\": \"DenyAllOutBound\",\r\n
        \       \"id\": \"/subscriptions/00000000-0000-0000-0000-000000000000/resourceGroups/cli_test_nw_flow_log2000001/providers/Microsoft.Network/networkSecurityGroups/nsg1/defaultSecurityRules/DenyAllOutBound\",\r\n
        \       \"etag\": \"W/\\\"bb55770b-fc13-4f2a-b6cb-74e71438a523\\\"\",\r\n
        \       \"type\": \"Microsoft.Network/networkSecurityGroups/defaultSecurityRules\",\r\n
        \       \"properties\": {\r\n          \"provisioningState\": \"Updating\",\r\n
        \         \"description\": \"Deny all outbound traffic\",\r\n          \"protocol\":
        \"*\",\r\n          \"sourcePortRange\": \"*\",\r\n          \"destinationPortRange\":
        \"*\",\r\n          \"sourceAddressPrefix\": \"*\",\r\n          \"destinationAddressPrefix\":
        \"*\",\r\n          \"access\": \"Deny\",\r\n          \"priority\": 65500,\r\n
        \         \"direction\": \"Outbound\",\r\n          \"sourcePortRanges\":
        [],\r\n          \"destinationPortRanges\": [],\r\n          \"sourceAddressPrefixes\":
        [],\r\n          \"destinationAddressPrefixes\": []\r\n        }\r\n      }\r\n
        \   ]\r\n  }\r\n}"
    headers:
      azure-asyncoperation:
      - https://management.azure.com/subscriptions/00000000-0000-0000-0000-000000000000/providers/Microsoft.Network/locations/canadaeast/operations/fe5fc1db-d3b1-42e1-9c91-437e2310d5d0?api-version=2019-08-01
      cache-control:
      - no-cache
      content-length:
      - '6929'
      content-type:
      - application/json; charset=utf-8
      date:
      - Thu, 10 Oct 2019 11:20:51 GMT
      expires:
      - '-1'
      pragma:
      - no-cache
      server:
      - Microsoft-HTTPAPI/2.0
      - Microsoft-HTTPAPI/2.0
      strict-transport-security:
      - max-age=31536000; includeSubDomains
      x-content-type-options:
      - nosniff
      x-ms-arm-service-request-id:
      - c4873a47-c209-4f68-8dc8-f43b99ba4e73
      x-ms-ratelimit-remaining-subscription-writes:
      - '1177'
    status:
      code: 201
      message: Created
- request:
    body: null
    headers:
      Accept:
      - application/json
      Accept-Encoding:
      - gzip, deflate
      CommandName:
      - network nsg create
      Connection:
      - keep-alive
      ParameterSetName:
      - -g -n
      User-Agent:
      - python/3.7.4 (Windows-10-10.0.18362-SP0) msrest/0.6.10 msrest_azure/0.6.2
        azure-mgmt-network/6.0.0 Azure-SDK-For-Python AZURECLI/2.0.74
    method: GET
    uri: https://management.azure.com/subscriptions/00000000-0000-0000-0000-000000000000/providers/Microsoft.Network/locations/canadaeast/operations/fe5fc1db-d3b1-42e1-9c91-437e2310d5d0?api-version=2019-08-01
  response:
    body:
      string: "{\r\n  \"status\": \"Succeeded\"\r\n}"
    headers:
      cache-control:
      - no-cache
      content-length:
      - '29'
      content-type:
      - application/json; charset=utf-8
      date:
      - Thu, 10 Oct 2019 11:20:56 GMT
      expires:
      - '-1'
      pragma:
      - no-cache
      server:
      - Microsoft-HTTPAPI/2.0
      - Microsoft-HTTPAPI/2.0
      strict-transport-security:
      - max-age=31536000; includeSubDomains
      transfer-encoding:
      - chunked
      vary:
      - Accept-Encoding
      x-content-type-options:
      - nosniff
      x-ms-arm-service-request-id:
      - 2ba1df06-c674-4c69-81a2-53811198afe1
    status:
      code: 200
      message: OK
- request:
    body: null
    headers:
      Accept:
      - application/json
      Accept-Encoding:
      - gzip, deflate
      CommandName:
      - network nsg create
      Connection:
      - keep-alive
      ParameterSetName:
      - -g -n
      User-Agent:
      - python/3.7.4 (Windows-10-10.0.18362-SP0) msrest/0.6.10 msrest_azure/0.6.2
        azure-mgmt-network/6.0.0 Azure-SDK-For-Python AZURECLI/2.0.74
    method: GET
    uri: https://management.azure.com/subscriptions/00000000-0000-0000-0000-000000000000/resourceGroups/cli_test_nw_flow_log2000001/providers/Microsoft.Network/networkSecurityGroups/nsg1?api-version=2019-08-01
  response:
    body:
      string: "{\r\n  \"name\": \"nsg1\",\r\n  \"id\": \"/subscriptions/00000000-0000-0000-0000-000000000000/resourceGroups/cli_test_nw_flow_log2000001/providers/Microsoft.Network/networkSecurityGroups/nsg1\",\r\n
        \ \"etag\": \"W/\\\"27b671b5-5053-43a6-89ee-9dbc26d1dcb5\\\"\",\r\n  \"type\":
        \"Microsoft.Network/networkSecurityGroups\",\r\n  \"location\": \"canadaeast\",\r\n
        \ \"properties\": {\r\n    \"provisioningState\": \"Succeeded\",\r\n    \"resourceGuid\":
        \"85073706-d812-4d69-8018-ad8499ecb3fb\",\r\n    \"securityRules\": [],\r\n
        \   \"defaultSecurityRules\": [\r\n      {\r\n        \"name\": \"AllowVnetInBound\",\r\n
        \       \"id\": \"/subscriptions/00000000-0000-0000-0000-000000000000/resourceGroups/cli_test_nw_flow_log2000001/providers/Microsoft.Network/networkSecurityGroups/nsg1/defaultSecurityRules/AllowVnetInBound\",\r\n
        \       \"etag\": \"W/\\\"27b671b5-5053-43a6-89ee-9dbc26d1dcb5\\\"\",\r\n
        \       \"type\": \"Microsoft.Network/networkSecurityGroups/defaultSecurityRules\",\r\n
        \       \"properties\": {\r\n          \"provisioningState\": \"Succeeded\",\r\n
        \         \"description\": \"Allow inbound traffic from all VMs in VNET\",\r\n
        \         \"protocol\": \"*\",\r\n          \"sourcePortRange\": \"*\",\r\n
        \         \"destinationPortRange\": \"*\",\r\n          \"sourceAddressPrefix\":
        \"VirtualNetwork\",\r\n          \"destinationAddressPrefix\": \"VirtualNetwork\",\r\n
        \         \"access\": \"Allow\",\r\n          \"priority\": 65000,\r\n          \"direction\":
        \"Inbound\",\r\n          \"sourcePortRanges\": [],\r\n          \"destinationPortRanges\":
        [],\r\n          \"sourceAddressPrefixes\": [],\r\n          \"destinationAddressPrefixes\":
        []\r\n        }\r\n      },\r\n      {\r\n        \"name\": \"AllowAzureLoadBalancerInBound\",\r\n
        \       \"id\": \"/subscriptions/00000000-0000-0000-0000-000000000000/resourceGroups/cli_test_nw_flow_log2000001/providers/Microsoft.Network/networkSecurityGroups/nsg1/defaultSecurityRules/AllowAzureLoadBalancerInBound\",\r\n
        \       \"etag\": \"W/\\\"27b671b5-5053-43a6-89ee-9dbc26d1dcb5\\\"\",\r\n
        \       \"type\": \"Microsoft.Network/networkSecurityGroups/defaultSecurityRules\",\r\n
        \       \"properties\": {\r\n          \"provisioningState\": \"Succeeded\",\r\n
        \         \"description\": \"Allow inbound traffic from azure load balancer\",\r\n
        \         \"protocol\": \"*\",\r\n          \"sourcePortRange\": \"*\",\r\n
        \         \"destinationPortRange\": \"*\",\r\n          \"sourceAddressPrefix\":
        \"AzureLoadBalancer\",\r\n          \"destinationAddressPrefix\": \"*\",\r\n
        \         \"access\": \"Allow\",\r\n          \"priority\": 65001,\r\n          \"direction\":
        \"Inbound\",\r\n          \"sourcePortRanges\": [],\r\n          \"destinationPortRanges\":
        [],\r\n          \"sourceAddressPrefixes\": [],\r\n          \"destinationAddressPrefixes\":
        []\r\n        }\r\n      },\r\n      {\r\n        \"name\": \"DenyAllInBound\",\r\n
        \       \"id\": \"/subscriptions/00000000-0000-0000-0000-000000000000/resourceGroups/cli_test_nw_flow_log2000001/providers/Microsoft.Network/networkSecurityGroups/nsg1/defaultSecurityRules/DenyAllInBound\",\r\n
        \       \"etag\": \"W/\\\"27b671b5-5053-43a6-89ee-9dbc26d1dcb5\\\"\",\r\n
        \       \"type\": \"Microsoft.Network/networkSecurityGroups/defaultSecurityRules\",\r\n
        \       \"properties\": {\r\n          \"provisioningState\": \"Succeeded\",\r\n
        \         \"description\": \"Deny all inbound traffic\",\r\n          \"protocol\":
        \"*\",\r\n          \"sourcePortRange\": \"*\",\r\n          \"destinationPortRange\":
        \"*\",\r\n          \"sourceAddressPrefix\": \"*\",\r\n          \"destinationAddressPrefix\":
        \"*\",\r\n          \"access\": \"Deny\",\r\n          \"priority\": 65500,\r\n
        \         \"direction\": \"Inbound\",\r\n          \"sourcePortRanges\": [],\r\n
        \         \"destinationPortRanges\": [],\r\n          \"sourceAddressPrefixes\":
        [],\r\n          \"destinationAddressPrefixes\": []\r\n        }\r\n      },\r\n
        \     {\r\n        \"name\": \"AllowVnetOutBound\",\r\n        \"id\": \"/subscriptions/00000000-0000-0000-0000-000000000000/resourceGroups/cli_test_nw_flow_log2000001/providers/Microsoft.Network/networkSecurityGroups/nsg1/defaultSecurityRules/AllowVnetOutBound\",\r\n
        \       \"etag\": \"W/\\\"27b671b5-5053-43a6-89ee-9dbc26d1dcb5\\\"\",\r\n
        \       \"type\": \"Microsoft.Network/networkSecurityGroups/defaultSecurityRules\",\r\n
        \       \"properties\": {\r\n          \"provisioningState\": \"Succeeded\",\r\n
        \         \"description\": \"Allow outbound traffic from all VMs to all VMs
        in VNET\",\r\n          \"protocol\": \"*\",\r\n          \"sourcePortRange\":
        \"*\",\r\n          \"destinationPortRange\": \"*\",\r\n          \"sourceAddressPrefix\":
        \"VirtualNetwork\",\r\n          \"destinationAddressPrefix\": \"VirtualNetwork\",\r\n
        \         \"access\": \"Allow\",\r\n          \"priority\": 65000,\r\n          \"direction\":
        \"Outbound\",\r\n          \"sourcePortRanges\": [],\r\n          \"destinationPortRanges\":
        [],\r\n          \"sourceAddressPrefixes\": [],\r\n          \"destinationAddressPrefixes\":
        []\r\n        }\r\n      },\r\n      {\r\n        \"name\": \"AllowInternetOutBound\",\r\n
        \       \"id\": \"/subscriptions/00000000-0000-0000-0000-000000000000/resourceGroups/cli_test_nw_flow_log2000001/providers/Microsoft.Network/networkSecurityGroups/nsg1/defaultSecurityRules/AllowInternetOutBound\",\r\n
        \       \"etag\": \"W/\\\"27b671b5-5053-43a6-89ee-9dbc26d1dcb5\\\"\",\r\n
        \       \"type\": \"Microsoft.Network/networkSecurityGroups/defaultSecurityRules\",\r\n
        \       \"properties\": {\r\n          \"provisioningState\": \"Succeeded\",\r\n
        \         \"description\": \"Allow outbound traffic from all VMs to Internet\",\r\n
        \         \"protocol\": \"*\",\r\n          \"sourcePortRange\": \"*\",\r\n
        \         \"destinationPortRange\": \"*\",\r\n          \"sourceAddressPrefix\":
        \"*\",\r\n          \"destinationAddressPrefix\": \"Internet\",\r\n          \"access\":
        \"Allow\",\r\n          \"priority\": 65001,\r\n          \"direction\": \"Outbound\",\r\n
        \         \"sourcePortRanges\": [],\r\n          \"destinationPortRanges\":
        [],\r\n          \"sourceAddressPrefixes\": [],\r\n          \"destinationAddressPrefixes\":
        []\r\n        }\r\n      },\r\n      {\r\n        \"name\": \"DenyAllOutBound\",\r\n
        \       \"id\": \"/subscriptions/00000000-0000-0000-0000-000000000000/resourceGroups/cli_test_nw_flow_log2000001/providers/Microsoft.Network/networkSecurityGroups/nsg1/defaultSecurityRules/DenyAllOutBound\",\r\n
        \       \"etag\": \"W/\\\"27b671b5-5053-43a6-89ee-9dbc26d1dcb5\\\"\",\r\n
        \       \"type\": \"Microsoft.Network/networkSecurityGroups/defaultSecurityRules\",\r\n
        \       \"properties\": {\r\n          \"provisioningState\": \"Succeeded\",\r\n
        \         \"description\": \"Deny all outbound traffic\",\r\n          \"protocol\":
        \"*\",\r\n          \"sourcePortRange\": \"*\",\r\n          \"destinationPortRange\":
        \"*\",\r\n          \"sourceAddressPrefix\": \"*\",\r\n          \"destinationAddressPrefix\":
        \"*\",\r\n          \"access\": \"Deny\",\r\n          \"priority\": 65500,\r\n
        \         \"direction\": \"Outbound\",\r\n          \"sourcePortRanges\":
        [],\r\n          \"destinationPortRanges\": [],\r\n          \"sourceAddressPrefixes\":
        [],\r\n          \"destinationAddressPrefixes\": []\r\n        }\r\n      }\r\n
        \   ]\r\n  }\r\n}"
    headers:
      cache-control:
      - no-cache
      content-length:
      - '6936'
      content-type:
      - application/json; charset=utf-8
      date:
      - Thu, 10 Oct 2019 11:20:56 GMT
      etag:
      - W/"27b671b5-5053-43a6-89ee-9dbc26d1dcb5"
      expires:
      - '-1'
      pragma:
      - no-cache
      server:
      - Microsoft-HTTPAPI/2.0
      - Microsoft-HTTPAPI/2.0
      strict-transport-security:
      - max-age=31536000; includeSubDomains
      transfer-encoding:
      - chunked
      vary:
      - Accept-Encoding
      x-content-type-options:
      - nosniff
      x-ms-arm-service-request-id:
      - febe6fbf-98e4-4ff0-9c6b-e56d12971e50
    status:
      code: 200
      message: OK
- request:
    body: null
    headers:
      Accept:
      - application/json
      Accept-Encoding:
      - gzip, deflate
      CommandName:
      - network watcher flow-log configure
      Connection:
      - keep-alive
      ParameterSetName:
      - -g --nsg --enabled --retention --storage-account
      User-Agent:
      - python/3.7.4 (Windows-10-10.0.18362-SP0) msrest/0.6.10 msrest_azure/0.6.2
        azure-mgmt-resource/4.0.0 Azure-SDK-For-Python AZURECLI/2.0.74
      accept-language:
      - en-US
    method: GET
    uri: https://management.azure.com/subscriptions/00000000-0000-0000-0000-000000000000/providers/Microsoft.Network?api-version=2019-05-10
  response:
    body:
      string: '{"id":"/subscriptions/00000000-0000-0000-0000-000000000000/providers/Microsoft.Network","namespace":"Microsoft.Network","authorizations":[{"applicationId":"2cf9eb86-36b5-49dc-86ae-9a63135dfa8c","roleDefinitionId":"13ba9ab4-19f0-4804-adc4-14ece36cc7a1"},{"applicationId":"7c33bfcb-8d33-48d6-8e60-dc6404003489","roleDefinitionId":"ad6261e4-fa9a-4642-aa5f-104f1b67e9e3"},{"applicationId":"1e3e4475-288f-4018-a376-df66fd7fac5f","roleDefinitionId":"1d538b69-3d87-4e56-8ff8-25786fd48261"},{"applicationId":"a0be0c72-870e-46f0-9c49-c98333a996f7","roleDefinitionId":"7ce22727-ffce-45a9-930c-ddb2e56fa131"},{"applicationId":"486c78bf-a0f7-45f1-92fd-37215929e116","roleDefinitionId":"98a9e526-0a60-4c1f-a33a-ae46e1f8dc0d"},{"applicationId":"19947cfd-0303-466c-ac3c-fcc19a7a1570","roleDefinitionId":"d813ab6c-bfb7-413e-9462-005b21f0ce09"},{"applicationId":"341b7f3d-69b3-47f9-9ce7-5b7f4945fdbd","roleDefinitionId":"8141843c-c51c-4c1e-a5bf-0d351594b86c"},{"applicationId":"328fd23b-de6e-462c-9433-e207470a5727","roleDefinitionId":"79e29e06-4056-41e5-a6b2-959f1f47747e"}],"resourceTypes":[{"resourceType":"virtualNetworks","locations":["West
        US","East US","North Europe","West Europe","East Asia","Southeast Asia","North
        Central US","South Central US","Central US","East US 2","Japan East","Japan
        West","Brazil South","Australia East","Australia Southeast","Central India","South
        India","West India","Canada Central","Canada East","West Central US","West
        US 2","UK West","UK South","Korea Central","Korea South","France Central","Australia
        Central","South Africa North","UAE North","Central US EUAP","East US 2 EUAP"],"apiVersions":["2019-08-01","2019-07-01","2019-06-01","2019-04-01","2019-02-01","2018-12-01","2018-11-01","2018-10-01","2018-08-01","2018-07-01","2018-06-01","2018-05-01","2018-04-01","2018-03-01","2018-02-01","2018-01-01","2017-11-01","2017-10-01","2017-09-01","2017-08-01","2017-06-01","2017-04-01","2017-03-01","2016-12-01","2016-11-01","2016-10-01","2016-09-01","2016-08-01","2016-07-01","2016-06-01","2016-03-30","2015-06-15","2015-05-01-preview","2014-12-01-preview"],"defaultApiVersion":"2017-09-01","apiProfiles":[{"profileVersion":"2017-03-09-profile","apiVersion":"2015-06-15"},{"profileVersion":"2018-03-01-hybrid","apiVersion":"2017-10-01"},{"profileVersion":"2019-03-01-hybrid","apiVersion":"2017-10-01"}],"capabilities":"CrossResourceGroupResourceMove,
        CrossSubscriptionResourceMove, SupportsTags, SupportsLocation"},{"resourceType":"natGateways","locations":["West
        US","Central US EUAP"],"apiVersions":["2019-08-01","2019-07-01","2019-06-01","2019-04-01","2019-02-01","2018-12-01","2018-11-01"],"defaultApiVersion":"2018-11-01","capabilities":"CrossResourceGroupResourceMove,
        CrossSubscriptionResourceMove, SupportsTags, SupportsLocation"},{"resourceType":"publicIPAddresses","locations":["West
        US","East US","North Europe","West Europe","East Asia","Southeast Asia","North
        Central US","South Central US","Central US","East US 2","Japan East","Japan
        West","Brazil South","Australia East","Australia Southeast","Central India","South
        India","West India","Canada Central","Canada East","West Central US","West
        US 2","UK West","UK South","Korea Central","Korea South","France Central","Australia
        Central","South Africa North","UAE North","Central US EUAP","East US 2 EUAP"],"apiVersions":["2019-08-01","2019-07-01","2019-06-01","2019-04-01","2019-02-01","2018-12-01","2018-11-01","2018-10-01","2018-08-01","2018-07-01","2018-06-01","2018-05-01","2018-04-01","2018-03-01","2018-02-01","2018-01-01","2017-11-01","2017-10-01","2017-09-01","2017-08-01","2017-06-01","2017-04-01","2017-03-01","2016-12-01","2016-11-01","2016-10-01","2016-09-01","2016-08-01","2016-07-01","2016-06-01","2016-03-30","2015-06-15","2015-05-01-preview","2014-12-01-preview"],"defaultApiVersion":"2017-09-01","apiProfiles":[{"profileVersion":"2017-03-09-profile","apiVersion":"2015-06-15"},{"profileVersion":"2018-03-01-hybrid","apiVersion":"2017-10-01"},{"profileVersion":"2019-03-01-hybrid","apiVersion":"2017-10-01"}],"zoneMappings":[{"location":"East
        US 2","zones":["2","3","1"]},{"location":"Central US","zones":["2","3","1"]},{"location":"West
        Europe","zones":["2","3","1"]},{"location":"East US 2 EUAP","zones":["1","2","3"]},{"location":"Central
        US EUAP","zones":[]},{"location":"France Central","zones":["2","3","1"]},{"location":"Southeast
        Asia","zones":["2","3","1"]},{"location":"West US 2","zones":["2","3","1"]},{"location":"North
        Europe","zones":["2","3","1"]},{"location":"East US","zones":["2","3","1"]},{"location":"UK
        South","zones":["2","3","1"]},{"location":"Japan East","zones":["2","3","1"]},{"location":"Australia
        East","zones":[]},{"location":"South Africa North","zones":[]},{"location":"South
        Central US","zones":[]}],"capabilities":"CrossResourceGroupResourceMove, CrossSubscriptionResourceMove,
        SupportsTags, SupportsLocation"},{"resourceType":"networkInterfaces","locations":["West
        US","East US","North Europe","West Europe","East Asia","Southeast Asia","North
        Central US","South Central US","Central US","East US 2","Japan East","Japan
        West","Brazil South","Australia East","Australia Southeast","Central India","South
        India","West India","Canada Central","Canada East","West Central US","West
        US 2","UK West","UK South","Korea Central","Korea South","France Central","Australia
        Central","South Africa North","UAE North","Central US EUAP","East US 2 EUAP"],"apiVersions":["2019-08-01","2019-07-01","2019-06-01","2019-04-01","2019-02-01","2018-12-01","2018-11-01","2018-10-01","2018-08-01","2018-07-01","2018-06-01","2018-05-01","2018-04-01","2018-03-01","2018-02-01","2018-01-01","2017-11-01","2017-10-01","2017-09-01","2017-08-01","2017-06-01","2017-04-01","2017-03-01","2016-12-01","2016-11-01","2016-10-01","2016-09-01","2016-08-01","2016-07-01","2016-06-01","2016-03-30","2015-06-15","2015-05-01-preview","2014-12-01-preview"],"defaultApiVersion":"2017-09-01","apiProfiles":[{"profileVersion":"2017-03-09-profile","apiVersion":"2015-06-15"},{"profileVersion":"2018-03-01-hybrid","apiVersion":"2017-10-01"},{"profileVersion":"2019-03-01-hybrid","apiVersion":"2017-10-01"}],"capabilities":"CrossResourceGroupResourceMove,
        CrossSubscriptionResourceMove, SupportsTags, SupportsLocation"},{"resourceType":"privateEndpoints","locations":["West
        US","East US","North Europe","West Europe","East Asia","Southeast Asia","North
        Central US","South Central US","Central US","East US 2","Japan East","Japan
        West","Brazil South","Australia East","Australia Southeast","Central India","South
        India","West India","Canada Central","Canada East","West Central US","West
        US 2","UK West","UK South","Korea Central","Korea South","France Central","Australia
        Central","South Africa North","UAE North","Central US EUAP","East US 2 EUAP"],"apiVersions":["2019-08-01","2019-07-01","2019-06-01","2019-04-01","2019-02-01"],"defaultApiVersion":"2019-02-01","capabilities":"SupportsTags,
        SupportsLocation"},{"resourceType":"privateEndpointRedirectMaps","locations":["West
        US","East US","North Europe","West Europe","East Asia","Southeast Asia","North
        Central US","South Central US","Central US","East US 2","Japan East","Japan
        West","Brazil South","Australia East","Australia Southeast","Central India","South
        India","West India","Canada Central","Canada East","West Central US","West
        US 2","UK West","UK South","Korea Central","Korea South","France Central","South
        Africa North","UAE North","Central US EUAP","East US 2 EUAP"],"apiVersions":["2019-08-01","2019-07-01"],"defaultApiVersion":"2019-07-01","capabilities":"SupportsTags,
        SupportsLocation"},{"resourceType":"loadBalancers","locations":["West US","East
        US","North Europe","West Europe","East Asia","Southeast Asia","North Central
        US","South Central US","Central US","East US 2","Japan East","Japan West","Brazil
        South","Australia East","Australia Southeast","Central India","South India","West
        India","Canada Central","Canada East","West Central US","West US 2","UK West","UK
        South","Korea Central","Korea South","France Central","Australia Central","South
        Africa North","UAE North","Central US EUAP","East US 2 EUAP"],"apiVersions":["2019-08-01","2019-07-01","2019-06-01","2019-04-01","2019-02-01","2018-12-01","2018-11-01","2018-10-01","2018-08-01","2018-07-01","2018-06-01","2018-05-01","2018-04-01","2018-03-01","2018-02-01","2018-01-01","2017-11-01","2017-10-01","2017-09-01","2017-08-01","2017-06-01","2017-04-01","2017-03-01","2016-12-01","2016-11-01","2016-10-01","2016-09-01","2016-08-01","2016-07-01","2016-06-01","2016-03-30","2015-06-15","2015-05-01-preview","2014-12-01-preview"],"defaultApiVersion":"2017-09-01","apiProfiles":[{"profileVersion":"2017-03-09-profile","apiVersion":"2015-06-15"},{"profileVersion":"2018-03-01-hybrid","apiVersion":"2017-10-01"},{"profileVersion":"2019-03-01-hybrid","apiVersion":"2017-10-01"}],"capabilities":"CrossResourceGroupResourceMove,
        CrossSubscriptionResourceMove, SupportsTags, SupportsLocation"},{"resourceType":"networkSecurityGroups","locations":["West
        US","East US","North Europe","West Europe","East Asia","Southeast Asia","North
        Central US","South Central US","Central US","East US 2","Japan East","Japan
        West","Brazil South","Australia East","Australia Southeast","Central India","South
        India","West India","Canada Central","Canada East","West Central US","West
        US 2","UK West","UK South","Korea Central","Korea South","France Central","Australia
        Central","South Africa North","UAE North","Central US EUAP","East US 2 EUAP"],"apiVersions":["2019-08-01","2019-07-01","2019-06-01","2019-04-01","2019-02-01","2018-12-01","2018-11-01","2018-10-01","2018-08-01","2018-07-01","2018-06-01","2018-05-01","2018-04-01","2018-03-01","2018-02-01","2018-01-01","2017-11-01","2017-10-01","2017-09-01","2017-08-01","2017-06-01","2017-04-01","2017-03-01","2016-12-01","2016-11-01","2016-10-01","2016-09-01","2016-08-01","2016-07-01","2016-06-01","2016-03-30","2015-06-15","2015-05-01-preview","2014-12-01-preview"],"defaultApiVersion":"2017-09-01","apiProfiles":[{"profileVersion":"2017-03-09-profile","apiVersion":"2015-06-15"},{"profileVersion":"2018-03-01-hybrid","apiVersion":"2017-10-01"},{"profileVersion":"2019-03-01-hybrid","apiVersion":"2017-10-01"}],"capabilities":"CrossResourceGroupResourceMove,
        CrossSubscriptionResourceMove, SupportsTags, SupportsLocation"},{"resourceType":"applicationSecurityGroups","locations":["West
        US","East US","North Europe","West Europe","East Asia","Southeast Asia","North
        Central US","South Central US","Central US","East US 2","Japan East","Japan
        West","Brazil South","Australia East","Australia Southeast","Central India","South
        India","West India","Canada Central","Canada East","West Central US","West
        US 2","UK West","UK South","Korea Central","Korea South","France Central","Australia
        Central","South Africa North","UAE North","Central US EUAP","East US 2 EUAP"],"apiVersions":["2019-08-01","2019-07-01","2019-06-01","2019-04-01","2019-02-01","2018-12-01","2018-11-01","2018-10-01","2018-08-01","2018-07-01","2018-06-01","2018-05-01","2018-04-01","2018-03-01","2018-02-01","2018-01-01","2017-11-01","2017-10-01","2017-09-01"],"defaultApiVersion":"2017-09-01","apiProfiles":[{"profileVersion":"2017-03-09-profile","apiVersion":"2017-09-01"},{"profileVersion":"2018-03-01-hybrid","apiVersion":"2017-10-01"}],"capabilities":"CrossResourceGroupResourceMove,
        CrossSubscriptionResourceMove, SupportsTags, SupportsLocation"},{"resourceType":"serviceEndpointPolicies","locations":["West
        US","East US","North Europe","West Europe","East Asia","Southeast Asia","North
        Central US","South Central US","Central US","East US 2","Japan East","Japan
        West","Brazil South","Australia East","Australia Southeast","Central India","South
        India","West India","Canada Central","Canada East","West Central US","West
        US 2","UK West","UK South","Korea Central","Korea South","France Central","Australia
        Central","South Africa North","UAE North","Central US EUAP","East US 2 EUAP"],"apiVersions":["2019-08-01","2019-07-01","2019-06-01","2019-04-01","2019-02-01","2018-12-01","2018-11-01","2018-10-01","2018-08-01","2018-07-01","2018-06-01","2018-05-01","2018-04-01","2018-03-01","2018-02-01","2018-01-01"],"defaultApiVersion":"2018-01-01","capabilities":"CrossResourceGroupResourceMove,
        CrossSubscriptionResourceMove, SupportsTags, SupportsLocation"},{"resourceType":"networkIntentPolicies","locations":["West
        US","East US","North Europe","West Europe","East Asia","Southeast Asia","North
        Central US","South Central US","Central US","East US 2","Japan East","Japan
        West","Brazil South","Australia East","Australia Southeast","Central India","South
        India","West India","Canada Central","Canada East","West Central US","West
        US 2","UK West","UK South","Korea Central","Korea South","France Central","France
        South","Australia Central","South Africa North","UAE North","Central US EUAP","East
        US 2 EUAP"],"apiVersions":["2019-08-01","2019-07-01","2019-06-01","2019-04-01","2019-02-01","2018-12-01","2018-11-01","2018-10-01","2018-08-01","2018-07-01","2018-06-01","2018-05-01","2018-04-01"],"defaultApiVersion":"2018-04-01","capabilities":"CrossResourceGroupResourceMove,
        CrossSubscriptionResourceMove, SupportsTags, SupportsLocation"},{"resourceType":"routeTables","locations":["West
        US","East US","North Europe","West Europe","East Asia","Southeast Asia","North
        Central US","South Central US","Central US","East US 2","Japan East","Japan
        West","Brazil South","Australia East","Australia Southeast","Central India","South
        India","West India","Canada Central","Canada East","West Central US","West
        US 2","UK West","UK South","Korea Central","Korea South","France Central","Australia
        Central","South Africa North","UAE North","Central US EUAP","East US 2 EUAP"],"apiVersions":["2019-08-01","2019-07-01","2019-06-01","2019-04-01","2019-02-01","2018-12-01","2018-11-01","2018-10-01","2018-08-01","2018-07-01","2018-06-01","2018-05-01","2018-04-01","2018-03-01","2018-02-01","2018-01-01","2017-11-01","2017-10-01","2017-09-01","2017-08-01","2017-06-01","2017-04-01","2017-03-01","2016-12-01","2016-11-01","2016-10-01","2016-09-01","2016-08-01","2016-07-01","2016-06-01","2016-03-30","2015-06-15","2015-05-01-preview","2014-12-01-preview"],"defaultApiVersion":"2017-09-01","apiProfiles":[{"profileVersion":"2017-03-09-profile","apiVersion":"2015-06-15"},{"profileVersion":"2018-03-01-hybrid","apiVersion":"2017-10-01"},{"profileVersion":"2019-03-01-hybrid","apiVersion":"2017-10-01"}],"capabilities":"CrossResourceGroupResourceMove,
        CrossSubscriptionResourceMove, SupportsTags, SupportsLocation"},{"resourceType":"publicIPPrefixes","locations":["West
        US","East US","North Europe","West Europe","East Asia","Southeast Asia","North
        Central US","South Central US","Central US","East US 2","Japan East","Japan
        West","Brazil South","Australia East","Australia Southeast","Central India","South
        India","West India","Canada Central","Canada East","West Central US","West
        US 2","UK West","UK South","Korea Central","Korea South","France Central","Australia
        Central","South Africa North","UAE North","Central US EUAP","East US 2 EUAP"],"apiVersions":["2019-08-01","2019-07-01","2019-06-01","2019-04-01","2019-02-01","2018-12-01","2018-11-01","2018-10-01","2018-08-01","2018-07-01"],"defaultApiVersion":"2018-07-01","zoneMappings":[{"location":"East
        US 2","zones":["2","3","1"]},{"location":"Central US","zones":["2","3","1"]},{"location":"West
        Europe","zones":["2","3","1"]},{"location":"East US 2 EUAP","zones":["1","2","3"]},{"location":"Central
        US EUAP","zones":[]},{"location":"France Central","zones":["2","3","1"]},{"location":"Southeast
        Asia","zones":["2","3","1"]},{"location":"West US 2","zones":["2","3","1"]},{"location":"North
        Europe","zones":[]},{"location":"East US","zones":["2","3","1"]},{"location":"UK
        South","zones":["2","3","1"]},{"location":"Japan East","zones":["2","3","1"]},{"location":"Australia
        East","zones":[]},{"location":"South Africa North","zones":[]},{"location":"South
        Central US","zones":[]}],"capabilities":"CrossResourceGroupResourceMove, CrossSubscriptionResourceMove,
        SupportsTags, SupportsLocation"},{"resourceType":"ddosCustomPolicies","locations":["West
        US","East US","North Europe","West Europe","East Asia","Southeast Asia","North
        Central US","South Central US","Central US","East US 2","Japan East","Japan
        West","Brazil South","Australia East","Australia Southeast","Central India","South
        India","West India","Canada Central","Canada East","West Central US","West
        US 2","UK West","UK South","Korea Central","Korea South","France Central","Australia
        Central","South Africa North","UAE North","Central US EUAP","East US 2 EUAP"],"apiVersions":["2019-08-01","2019-07-01","2019-06-01","2019-04-01","2019-02-01","2018-12-01","2018-11-01","2018-10-01"],"defaultApiVersion":"2018-10-01","capabilities":"CrossResourceGroupResourceMove,
        CrossSubscriptionResourceMove, SupportsTags, SupportsLocation"},{"resourceType":"networkWatchers","locations":["West
        US","East US","North Europe","West Europe","East Asia","Southeast Asia","North
        Central US","South Central US","Central US","East US 2","Japan East","Japan
        West","Brazil South","Australia East","Australia Southeast","Central India","South
        India","West India","Canada Central","Canada East","West Central US","West
        US 2","UK West","UK South","Korea Central","Korea South","France Central","Australia
        Central","South Africa North","UAE North","Central US EUAP","East US 2 EUAP"],"apiVersions":["2019-08-01","2019-07-01","2019-06-01","2019-04-01","2019-02-01","2018-12-01","2018-11-01","2018-10-01","2018-08-01","2018-07-01","2018-06-01","2018-05-01","2018-04-01","2018-03-01","2018-02-01","2018-01-01","2017-11-01","2017-10-01","2017-09-01","2017-08-01","2017-06-01","2017-04-01","2017-03-01","2016-12-01","2016-11-01","2016-10-01","2016-09-01","2016-08-01","2016-07-01","2016-06-01","2016-03-30"],"defaultApiVersion":"2017-09-01","capabilities":"CrossResourceGroupResourceMove,
        CrossSubscriptionResourceMove, SupportsTags, SupportsLocation"},{"resourceType":"networkWatchers/connectionMonitors","locations":["West
        US","East US","North Europe","West Europe","East Asia","Southeast Asia","North
        Central US","South Central US","Central US","East US 2","Japan East","Japan
        West","Brazil South","Australia East","Australia Southeast","Central India","South
        India","West India","Canada Central","Canada East","West Central US","West
        US 2","UK West","UK South","Korea Central","Korea South","France Central","Australia
        Central","South Africa North","UAE North","Central US EUAP","East US 2 EUAP"],"apiVersions":["2019-06-01","2019-04-01","2019-02-01","2018-12-01","2018-11-01","2018-10-01","2018-08-01","2018-07-01","2018-06-01","2018-05-01","2018-04-01","2018-03-01","2018-02-01","2018-01-01","2017-11-01","2017-10-01","2017-09-01"],"defaultApiVersion":"2017-09-01","capabilities":"CrossResourceGroupResourceMove,
        CrossSubscriptionResourceMove, SupportsTags, SupportsLocation"},{"resourceType":"networkWatchers/lenses","locations":["West
        US","East US","North Europe","West Europe","East Asia","Southeast Asia","North
        Central US","South Central US","Central US","East US 2","Japan East","Japan
        West","Brazil South","Australia East","Australia Southeast","Central India","South
        India","West India","Canada Central","Canada East","West Central US","West
        US 2","UK West","UK South","Korea Central","Korea South","France Central","Australia
        Central","South Africa North","UAE North","Central US EUAP","East US 2 EUAP"],"apiVersions":["2019-08-01","2019-07-01","2019-06-01","2019-04-01","2019-02-01","2018-12-01","2018-11-01","2018-10-01","2018-08-01","2018-07-01","2018-06-01","2018-01-01","2017-11-01","2017-10-01","2017-09-01"],"defaultApiVersion":"2017-09-01","capabilities":"CrossResourceGroupResourceMove,
        CrossSubscriptionResourceMove, SupportsTags, SupportsLocation"},{"resourceType":"networkWatchers/pingMeshes","locations":["West
        US","East US","North Europe","West Europe","East Asia","Southeast Asia","North
        Central US","South Central US","Central US","East US 2","Japan East","Japan
        West","Brazil South","Australia East","Australia Southeast","Central India","South
        India","West India","Canada Central","Canada East","West Central US","West
        US 2","UK West","UK South","Korea Central","Korea South","France Central","Australia
        Central","South Africa North","UAE North","Central US EUAP","East US 2 EUAP"],"apiVersions":["2019-08-01","2019-07-01","2019-06-01","2019-04-01","2019-02-01","2018-12-01","2018-11-01","2018-10-01","2018-08-01","2018-07-01","2018-06-01","2018-04-01","2018-03-01","2018-02-01","2018-01-01","2017-11-01","2017-10-01","2017-09-01"],"defaultApiVersion":"2017-09-01","capabilities":"CrossResourceGroupResourceMove,
        CrossSubscriptionResourceMove, SupportsTags, SupportsLocation"},{"resourceType":"virtualNetworkGateways","locations":["West
        US","East US","North Europe","West Europe","East Asia","Southeast Asia","North
        Central US","South Central US","Central US","East US 2","Japan East","Japan
        West","Brazil South","Australia East","Australia Southeast","Central India","South
        India","West India","Canada Central","Canada East","West Central US","West
        US 2","UK West","UK South","Korea Central","Korea South","France Central","Australia
        Central","South Africa North","UAE North","Central US EUAP","East US 2 EUAP"],"apiVersions":["2019-08-01","2019-07-01","2019-06-01","2019-04-01","2019-02-01","2018-12-01","2018-11-01","2018-10-01","2018-08-01","2018-07-01","2018-06-01","2018-05-01","2018-04-01","2018-03-01","2018-02-01","2018-01-01","2017-11-01","2017-10-01","2017-09-01","2017-08-01","2017-06-01","2017-04-01","2017-03-01","2016-12-01","2016-11-01","2016-10-01","2016-09-01","2016-08-01","2016-07-01","2016-06-01","2016-03-30","2015-06-15","2015-05-01-preview","2014-12-01-preview"],"defaultApiVersion":"2017-09-01","apiProfiles":[{"profileVersion":"2017-03-09-profile","apiVersion":"2015-06-15"},{"profileVersion":"2018-03-01-hybrid","apiVersion":"2017-03-01"},{"profileVersion":"2019-03-01-hybrid","apiVersion":"2017-10-01"}],"capabilities":"CrossResourceGroupResourceMove,
        CrossSubscriptionResourceMove, SupportsTags, SupportsLocation"},{"resourceType":"localNetworkGateways","locations":["West
        US","East US","North Europe","West Europe","East Asia","Southeast Asia","North
        Central US","South Central US","Central US","East US 2","Japan East","Japan
        West","Brazil South","Australia East","Australia Southeast","Central India","South
        India","West India","Canada Central","Canada East","West Central US","West
        US 2","UK West","UK South","Korea Central","Korea South","France Central","Australia
        Central","South Africa North","UAE North","Central US EUAP","East US 2 EUAP"],"apiVersions":["2019-08-01","2019-07-01","2019-06-01","2019-04-01","2019-02-01","2018-12-01","2018-11-01","2018-10-01","2018-08-01","2018-07-01","2018-06-01","2018-05-01","2018-04-01","2018-03-01","2018-02-01","2018-01-01","2017-11-01","2017-10-01","2017-09-01","2017-08-01","2017-06-01","2017-04-01","2017-03-01","2016-12-01","2016-11-01","2016-10-01","2016-09-01","2016-08-01","2016-07-01","2016-06-01","2016-03-30","2015-06-15","2015-05-01-preview","2014-12-01-preview"],"defaultApiVersion":"2017-09-01","apiProfiles":[{"profileVersion":"2017-03-09-profile","apiVersion":"2015-06-15"},{"profileVersion":"2018-03-01-hybrid","apiVersion":"2017-03-01"},{"profileVersion":"2019-03-01-hybrid","apiVersion":"2017-10-01"}],"capabilities":"CrossResourceGroupResourceMove,
        CrossSubscriptionResourceMove, SupportsTags, SupportsLocation"},{"resourceType":"connections","locations":["West
        US","East US","North Europe","West Europe","East Asia","Southeast Asia","North
        Central US","South Central US","Central US","East US 2","Japan East","Japan
        West","Brazil South","Australia East","Australia Southeast","Central India","South
        India","West India","Canada Central","Canada East","West Central US","West
        US 2","UK West","UK South","Korea Central","Korea South","France Central","Australia
        Central","South Africa North","UAE North","Central US EUAP","East US 2 EUAP"],"apiVersions":["2019-08-01","2019-07-01","2019-06-01","2019-04-01","2019-02-01","2018-12-01","2018-11-01","2018-10-01","2018-08-01","2018-07-01","2018-06-01","2018-05-01","2018-04-01","2018-03-01","2018-02-01","2018-01-01","2017-11-01","2017-10-01","2017-09-01","2017-08-01","2017-06-01","2017-04-01","2017-03-01","2016-12-01","2016-11-01","2016-10-01","2016-09-01","2016-08-01","2016-07-01","2016-06-01","2016-03-30","2015-06-15","2015-05-01-preview","2014-12-01-preview"],"defaultApiVersion":"2017-09-01","apiProfiles":[{"profileVersion":"2017-03-09-profile","apiVersion":"2015-06-15"},{"profileVersion":"2018-03-01-hybrid","apiVersion":"2017-03-01"},{"profileVersion":"2019-03-01-hybrid","apiVersion":"2017-10-01"}],"capabilities":"CrossResourceGroupResourceMove,
        CrossSubscriptionResourceMove, SupportsTags, SupportsLocation"},{"resourceType":"applicationGateways","locations":["West
        US","East US","North Europe","West Europe","East Asia","Southeast Asia","North
        Central US","South Central US","Central US","East US 2","Japan East","Japan
        West","Brazil South","Australia East","Australia Southeast","Central India","South
        India","West India","Canada Central","Canada East","West Central US","West
        US 2","UK West","UK South","Korea Central","Korea South","France Central","Australia
        Central","South Africa North","UAE North","Central US EUAP","East US 2 EUAP"],"apiVersions":["2019-08-01","2019-07-01","2019-06-01","2019-04-01","2019-02-01","2018-12-01","2018-11-01","2018-10-01","2018-08-01","2018-07-01","2018-06-01","2018-05-01","2018-04-01","2018-03-01","2018-02-01","2018-01-01","2017-11-01","2017-10-01","2017-09-01","2017-08-01","2017-06-01","2017-04-01","2017-03-01","2016-12-01","2016-11-01","2016-10-01","2016-09-01","2016-08-01","2016-07-01","2016-06-01","2016-03-30","2015-06-15","2015-05-01-preview","2014-12-01-preview"],"defaultApiVersion":"2018-12-01","zoneMappings":[{"location":"East
        US 2","zones":["2","3","1"]},{"location":"Central US","zones":["2","3","1"]},{"location":"West
        Europe","zones":["2","3","1"]},{"location":"East US 2 EUAP","zones":["1","2","3"]},{"location":"Central
        US EUAP","zones":[]},{"location":"France Central","zones":["2","3","1"]},{"location":"Southeast
        Asia","zones":["2","3","1"]},{"location":"West US 2","zones":["2","3","1"]},{"location":"North
        Europe","zones":["2","3","1"]},{"location":"East US","zones":["2","3","1"]},{"location":"UK
        South","zones":["2","3","1"]},{"location":"Japan East","zones":["2","3","1"]},{"location":"Australia
        East","zones":[]},{"location":"South Africa North","zones":[]},{"location":"South
        Central US","zones":[]}],"capabilities":"SupportsTags, SupportsLocation"},{"resourceType":"applicationGatewayWebApplicationFirewallPolicies","locations":["West
        US","East US","North Europe","West Europe","East Asia","Southeast Asia","North
        Central US","South Central US","Central US","East US 2","Japan East","Japan
        West","Brazil South","Australia East","Australia Southeast","Central India","South
        India","West India","Canada Central","Canada East","West Central US","West
        US 2","UK West","UK South","Korea Central","Korea South","France Central","Australia
        Central","South Africa North","UAE North","Central US EUAP","East US 2 EUAP"],"apiVersions":["2019-08-01","2019-07-01","2019-06-01","2019-04-01","2019-02-01","2018-12-01"],"defaultApiVersion":"2018-12-01","capabilities":"SupportsTags,
        SupportsLocation"},{"resourceType":"locations","locations":[],"apiVersions":["2019-08-01","2019-07-01","2019-06-01","2019-04-01","2019-02-01","2018-12-01","2018-11-01","2018-10-01","2018-08-01","2018-07-01","2018-06-01","2018-05-01","2018-04-01","2018-03-01","2018-02-01","2018-01-01","2017-11-01","2017-10-01","2017-09-01","2017-08-01","2017-06-01","2017-04-01","2017-03-01","2016-12-01","2016-11-01","2016-10-01","2016-09-01","2016-08-01","2016-07-01","2016-06-01","2016-03-30","2015-06-15","2015-05-01-preview","2014-12-01-preview"],"apiProfiles":[{"profileVersion":"2017-03-09-profile","apiVersion":"2015-06-15"},{"profileVersion":"2018-03-01-hybrid","apiVersion":"2017-10-01"},{"profileVersion":"2019-03-01-hybrid","apiVersion":"2017-10-01"}],"capabilities":"None"},{"resourceType":"locations/operations","locations":[],"apiVersions":["2019-08-01","2019-07-01","2019-06-01","2019-04-01","2019-02-01","2018-12-01","2018-11-01","2018-10-01","2018-08-01","2018-07-01","2018-06-01","2018-05-01","2018-04-01","2018-03-01","2018-02-01","2018-01-01","2017-11-01","2017-10-01","2017-09-01","2017-08-01","2017-06-01","2017-04-01","2017-03-01","2016-12-01","2016-11-01","2016-10-01","2016-09-01","2016-08-01","2016-07-01","2016-06-01","2016-03-30","2015-06-15","2015-05-01-preview","2014-12-01-preview"],"apiProfiles":[{"profileVersion":"2017-03-09-profile","apiVersion":"2015-06-15"},{"profileVersion":"2018-03-01-hybrid","apiVersion":"2017-10-01"},{"profileVersion":"2019-03-01-hybrid","apiVersion":"2017-10-01"}],"capabilities":"None"},{"resourceType":"locations/operationResults","locations":[],"apiVersions":["2019-08-01","2019-07-01","2019-06-01","2019-04-01","2019-02-01","2018-12-01","2018-11-01","2018-10-01","2018-08-01","2018-07-01","2018-06-01","2018-05-01","2018-04-01","2018-03-01","2018-02-01","2018-01-01","2017-11-01","2017-10-01","2017-09-01","2017-08-01","2017-06-01","2017-04-01","2017-03-01","2016-12-01","2016-11-01","2016-10-01","2016-09-01","2016-08-01","2016-07-01","2016-06-01","2016-03-30","2015-06-15","2015-05-01-preview","2014-12-01-preview"],"apiProfiles":[{"profileVersion":"2017-03-09-profile","apiVersion":"2015-06-15"},{"profileVersion":"2018-03-01-hybrid","apiVersion":"2017-10-01"},{"profileVersion":"2019-03-01-hybrid","apiVersion":"2017-10-01"}],"capabilities":"None"},{"resourceType":"locations/CheckDnsNameAvailability","locations":["West
        US","East US","North Europe","West Europe","East Asia","Southeast Asia","North
        Central US","South Central US","Central US","East US 2","Japan East","Japan
        West","Brazil South","Australia East","Australia Southeast","Central India","South
        India","West India","Canada Central","Canada East","West Central US","West
        US 2","UK West","UK South","Korea Central","Korea South","France Central","Australia
        Central","South Africa North","UAE North","Central US EUAP","East US 2 EUAP"],"apiVersions":["2019-08-01","2019-07-01","2019-06-01","2019-04-01","2019-02-01","2018-12-01","2018-11-01","2018-10-01","2018-08-01","2018-07-01","2018-06-01","2018-05-01","2018-04-01","2018-03-01","2018-02-01","2018-01-01","2017-11-01","2017-10-01","2017-09-01","2017-08-01","2017-06-01","2017-04-01","2017-03-01","2016-12-01","2016-11-01","2016-10-01","2016-09-01","2016-08-01","2016-07-01","2016-06-01","2016-03-30","2015-06-15","2015-05-01-preview","2014-12-01-preview"],"capabilities":"None"},{"resourceType":"locations/usages","locations":["West
        US","East US","North Europe","West Europe","East Asia","Southeast Asia","North
        Central US","South Central US","Central US","East US 2","Japan East","Japan
        West","Brazil South","Australia East","Australia Southeast","Central India","South
        India","West India","Canada Central","Canada East","West Central US","West
        US 2","UK West","UK South","Korea Central","Korea South","France Central","Australia
        Central","South Africa North","UAE North","Central US EUAP","East US 2 EUAP"],"apiVersions":["2019-08-01","2019-07-01","2019-06-01","2019-04-01","2019-02-01","2018-12-01","2018-11-01","2018-10-01","2018-08-01","2018-07-01","2018-06-01","2018-05-01","2018-04-01","2018-03-01","2018-02-01","2018-01-01","2017-11-01","2017-10-01","2017-09-01","2017-08-01","2017-06-01","2017-04-01","2017-03-01","2016-12-01","2016-11-01","2016-10-01","2016-09-01","2016-08-01","2016-07-01","2016-06-01","2016-03-30","2015-06-15","2015-05-01-preview","2014-12-01-preview"],"apiProfiles":[{"profileVersion":"2017-03-09-profile","apiVersion":"2015-06-15"},{"profileVersion":"2018-03-01-hybrid","apiVersion":"2017-10-01"},{"profileVersion":"2019-03-01-hybrid","apiVersion":"2017-10-01"}],"capabilities":"None"},{"resourceType":"locations/virtualNetworkAvailableEndpointServices","locations":["West
        US","East US","North Europe","West Europe","East Asia","Southeast Asia","North
        Central US","South Central US","Central US","East US 2","Japan East","Japan
        West","Brazil South","Australia East","Australia Southeast","Central India","South
        India","West India","Canada Central","Canada East","West Central US","West
        US 2","UK West","UK South","Korea Central","Korea South","France Central","Australia
        Central","South Africa North","UAE North","Central US EUAP","East US 2 EUAP"],"apiVersions":["2019-08-01","2019-07-01","2019-06-01","2019-04-01","2019-02-01","2018-12-01","2018-11-01","2018-10-01","2018-08-01","2018-07-01","2018-06-01","2018-05-01","2018-04-01","2018-03-01","2018-02-01","2018-01-01","2017-11-01","2017-10-01","2017-09-01","2017-08-01","2017-06-01","2017-04-01"],"capabilities":"None"},{"resourceType":"locations/availableDelegations","locations":["West
        US","East US","North Europe","West Europe","East Asia","Southeast Asia","North
        Central US","South Central US","Central US","East US 2","Japan East","Japan
        West","Brazil South","Australia East","Australia Southeast","Central India","South
        India","West India","Canada Central","Canada East","West Central US","West
        US 2","UK West","UK South","Korea Central","Korea South","France Central","Australia
        Central","South Africa North","UAE North","Central US EUAP","East US 2 EUAP"],"apiVersions":["2019-08-01","2019-07-01","2019-06-01","2019-04-01","2019-02-01","2018-12-01","2018-11-01","2018-10-01","2018-08-01","2018-07-01","2018-06-01","2018-05-01","2018-04-01"],"capabilities":"None"},{"resourceType":"locations/serviceTags","locations":["West
        US","East US","North Europe","West Europe","East Asia","Southeast Asia","North
        Central US","South Central US","Central US","East US 2","Japan East","Japan
        West","Brazil South","Australia East","Australia Southeast","Central India","South
        India","West India","Canada Central","Canada East","West Central US","West
        US 2","UK West","UK South","Korea Central","Korea South","France Central","Australia
        Central","South Africa North","UAE North","Central US EUAP","East US 2 EUAP"],"apiVersions":["2019-08-01","2019-07-01","2019-06-01","2019-04-01","2019-02-01"],"capabilities":"None"},{"resourceType":"locations/availablePrivateEndpointTypes","locations":["West
        US","East US","North Europe","West Europe","East Asia","Southeast Asia","North
        Central US","South Central US","Central US","East US 2","Japan East","Japan
        West","Brazil South","Australia East","Australia Southeast","Central India","South
        India","West India","Canada Central","Canada East","West Central US","West
        US 2","UK West","UK South","Korea Central","Korea South","France Central","Australia
        Central","South Africa North","UAE North","Central US EUAP","East US 2 EUAP"],"apiVersions":["2019-08-01","2019-07-01","2019-06-01","2019-04-01","2019-02-01"],"capabilities":"None"},{"resourceType":"locations/checkPrivateLinkServiceVisibility","locations":["West
        US","East US","North Europe","West Europe","East Asia","Southeast Asia","North
        Central US","South Central US","Central US","East US 2","Japan East","Japan
        West","Brazil South","Australia East","Australia Southeast","Central India","South
        India","West India","Canada Central","Canada East","West Central US","West
        US 2","UK West","UK South","Korea Central","Korea South","France Central","Australia
        Central","South Africa North","UAE North","Central US EUAP","East US 2 EUAP"],"apiVersions":["2019-08-01","2019-07-01","2019-06-01","2019-04-01"],"capabilities":"None"},{"resourceType":"locations/autoApprovedPrivateLinkServices","locations":["West
        US","East US","North Europe","West Europe","East Asia","Southeast Asia","North
        Central US","South Central US","Central US","East US 2","Japan East","Japan
        West","Brazil South","Australia East","Australia Southeast","Central India","South
        India","West India","Canada Central","Canada East","West Central US","West
        US 2","UK West","UK South","Korea Central","Korea South","France Central","Australia
        Central","South Africa North","UAE North","Central US EUAP","East US 2 EUAP"],"apiVersions":["2019-08-01","2019-07-01","2019-06-01","2019-04-01"],"capabilities":"None"},{"resourceType":"locations/supportedVirtualMachineSizes","locations":["West
        US","East US","North Europe","West Europe","East Asia","Southeast Asia","North
        Central US","South Central US","Central US","East US 2","Japan East","Japan
        West","Brazil South","Australia East","Australia Southeast","Central India","South
        India","West India","Canada Central","Canada East","West Central US","West
        US 2","UK West","UK South","Korea Central","Korea South","France Central","Australia
        Central","South Africa North","UAE North","Central US EUAP","East US 2 EUAP"],"apiVersions":["2019-08-01","2019-07-01","2019-06-01","2019-04-01","2019-02-01","2018-12-01","2018-11-01","2018-10-01","2018-08-01","2018-07-01","2018-06-01","2018-05-01","2018-04-01"],"capabilities":"None"},{"resourceType":"locations/checkAcceleratedNetworkingSupport","locations":["West
        US","East US","North Europe","West Europe","East Asia","Southeast Asia","North
        Central US","South Central US","Central US","East US 2","Japan East","Japan
        West","Brazil South","Australia East","Australia Southeast","Central India","South
        India","West India","Canada Central","Canada East","West Central US","West
        US 2","UK West","UK South","Korea Central","Korea South","France Central","Australia
        Central","South Africa North","UAE North","Central US EUAP","East US 2 EUAP"],"apiVersions":["2019-08-01","2019-07-01","2019-06-01","2019-04-01","2019-02-01","2018-12-01","2018-11-01","2018-10-01","2018-08-01","2018-07-01","2018-06-01","2018-05-01","2018-04-01"],"capabilities":"None"},{"resourceType":"locations/validateResourceOwnership","locations":["West
        US","East US","North Europe","West Europe","East Asia","Southeast Asia","North
        Central US","South Central US","Central US","East US 2","Japan East","Japan
        West","Brazil South","Australia East","Australia Southeast","Central India","South
        India","West India","Canada Central","Canada East","West Central US","West
        US 2","UK West","UK South","Korea Central","Korea South","France Central","Australia
        Central","South Africa North","UAE North","Central US EUAP","East US 2 EUAP"],"apiVersions":["2019-08-01","2019-07-01","2019-06-01","2019-04-01","2019-02-01","2018-12-01","2018-11-01","2018-10-01","2018-08-01","2018-07-01","2018-06-01","2018-05-01","2018-04-01"],"capabilities":"None"},{"resourceType":"locations/setResourceOwnership","locations":["West
        US","East US","North Europe","West Europe","East Asia","Southeast Asia","North
        Central US","South Central US","Central US","East US 2","Japan East","Japan
        West","Brazil South","Australia East","Australia Southeast","Central India","South
        India","West India","Canada Central","Canada East","West Central US","West
        US 2","UK West","UK South","Korea Central","Korea South","France Central","Australia
        Central","South Africa North","UAE North","Central US EUAP","East US 2 EUAP"],"apiVersions":["2019-08-01","2019-07-01","2019-06-01","2019-04-01","2019-02-01","2018-12-01","2018-11-01","2018-10-01","2018-08-01","2018-07-01","2018-06-01","2018-05-01","2018-04-01"],"capabilities":"None"},{"resourceType":"locations/effectiveResourceOwnership","locations":["West
        US","East US","North Europe","West Europe","East Asia","Southeast Asia","North
        Central US","South Central US","Central US","East US 2","Japan East","Japan
        West","Brazil South","Australia East","Australia Southeast","Central India","South
        India","West India","Canada Central","Canada East","West Central US","West
        US 2","UK West","UK South","Korea Central","Korea South","France Central","Australia
        Central","South Africa North","UAE North","Central US EUAP","East US 2 EUAP"],"apiVersions":["2019-08-01","2019-07-01","2019-06-01","2019-04-01","2019-02-01","2018-12-01","2018-11-01","2018-10-01","2018-08-01","2018-07-01","2018-06-01","2018-05-01","2018-04-01"],"capabilities":"None"},{"resourceType":"operations","locations":[],"apiVersions":["2019-08-01","2019-07-01","2019-06-01","2019-04-01","2019-02-01","2018-12-01","2018-11-01","2018-10-01","2018-08-01","2018-07-01","2018-06-01","2018-05-01","2018-04-01","2018-03-01","2018-02-01","2018-01-01","2017-11-01","2017-10-01","2017-09-01","2017-08-01","2017-06-01","2017-04-01","2017-03-01","2016-12-01","2016-11-01","2016-10-01","2016-09-01","2016-08-01","2016-07-01","2016-06-01","2016-03-30","2015-06-15","2015-05-01-preview","2014-12-01-preview"],"capabilities":"None"},{"resourceType":"dnszones","locations":["global"],"apiVersions":["2018-05-01","2018-03-01-preview","2017-10-01","2017-09-15-preview","2017-09-01","2016-04-01","2015-05-04-preview"],"defaultApiVersion":"2018-05-01","apiProfiles":[{"profileVersion":"2017-03-09-profile","apiVersion":"2016-04-01"},{"profileVersion":"2018-03-01-hybrid","apiVersion":"2016-04-01"},{"profileVersion":"2019-03-01-hybrid","apiVersion":"2016-04-01"}],"capabilities":"CrossResourceGroupResourceMove,
        CrossSubscriptionResourceMove, SupportsTags, SupportsLocation"},{"resourceType":"dnsOperationResults","locations":["global"],"apiVersions":["2018-05-01","2018-03-01-preview","2017-10-01","2017-09-15-preview","2017-09-01","2016-04-01"],"defaultApiVersion":"2018-05-01","capabilities":"None"},{"resourceType":"dnsOperationStatuses","locations":["global"],"apiVersions":["2018-05-01","2018-03-01-preview","2017-10-01","2017-09-15-preview","2017-09-01","2016-04-01"],"defaultApiVersion":"2018-05-01","capabilities":"None"},{"resourceType":"getDnsResourceReference","locations":["global"],"apiVersions":["2018-05-01"],"defaultApiVersion":"2018-05-01","capabilities":"None"},{"resourceType":"internalNotify","locations":["global"],"apiVersions":["2018-05-01"],"defaultApiVersion":"2018-05-01","capabilities":"None"},{"resourceType":"dnszones/A","locations":["global"],"apiVersions":["2018-05-01","2018-03-01-preview","2017-10-01","2017-09-15-preview","2017-09-01","2016-04-01","2015-05-04-preview"],"defaultApiVersion":"2018-05-01","capabilities":"None"},{"resourceType":"dnszones/AAAA","locations":["global"],"apiVersions":["2018-05-01","2018-03-01-preview","2017-10-01","2017-09-15-preview","2017-09-01","2016-04-01","2015-05-04-preview"],"defaultApiVersion":"2018-05-01","capabilities":"None"},{"resourceType":"dnszones/CNAME","locations":["global"],"apiVersions":["2018-05-01","2018-03-01-preview","2017-10-01","2017-09-15-preview","2017-09-01","2016-04-01","2015-05-04-preview"],"defaultApiVersion":"2018-05-01","capabilities":"None"},{"resourceType":"dnszones/PTR","locations":["global"],"apiVersions":["2018-05-01","2018-03-01-preview","2017-10-01","2017-09-15-preview","2017-09-01","2016-04-01","2015-05-04-preview"],"defaultApiVersion":"2018-05-01","capabilities":"None"},{"resourceType":"dnszones/MX","locations":["global"],"apiVersions":["2018-05-01","2018-03-01-preview","2017-10-01","2017-09-15-preview","2017-09-01","2016-04-01","2015-05-04-preview"],"defaultApiVersion":"2018-05-01","capabilities":"None"},{"resourceType":"dnszones/TXT","locations":["global"],"apiVersions":["2018-05-01","2018-03-01-preview","2017-10-01","2017-09-15-preview","2017-09-01","2016-04-01","2015-05-04-preview"],"defaultApiVersion":"2018-05-01","capabilities":"None"},{"resourceType":"dnszones/SRV","locations":["global"],"apiVersions":["2018-05-01","2018-03-01-preview","2017-10-01","2017-09-15-preview","2017-09-01","2016-04-01","2015-05-04-preview"],"defaultApiVersion":"2018-05-01","capabilities":"None"},{"resourceType":"dnszones/SOA","locations":["global"],"apiVersions":["2018-05-01","2018-03-01-preview","2017-10-01","2017-09-15-preview","2017-09-01","2016-04-01","2015-05-04-preview"],"defaultApiVersion":"2018-05-01","capabilities":"None"},{"resourceType":"dnszones/NS","locations":["global"],"apiVersions":["2018-05-01","2018-03-01-preview","2017-10-01","2017-09-15-preview","2017-09-01","2016-04-01","2015-05-04-preview"],"defaultApiVersion":"2018-05-01","capabilities":"None"},{"resourceType":"dnszones/CAA","locations":["global"],"apiVersions":["2018-05-01","2018-03-01-preview","2017-10-01","2017-09-15-preview","2017-09-01"],"defaultApiVersion":"2018-05-01","capabilities":"None"},{"resourceType":"dnszones/recordsets","locations":["global"],"apiVersions":["2018-05-01","2018-03-01-preview","2017-10-01","2017-09-15-preview","2017-09-01","2016-04-01","2015-05-04-preview"],"defaultApiVersion":"2018-05-01","capabilities":"None"},{"resourceType":"dnszones/all","locations":["global"],"apiVersions":["2018-05-01","2018-03-01-preview","2017-10-01","2017-09-15-preview","2017-09-01","2016-04-01","2015-05-04-preview"],"defaultApiVersion":"2018-05-01","capabilities":"None"},{"resourceType":"privateDnsZones","locations":["global"],"apiVersions":["2018-09-01"],"defaultApiVersion":"2018-09-01","capabilities":"CrossResourceGroupResourceMove,
        CrossSubscriptionResourceMove, SupportsTags, SupportsLocation"},{"resourceType":"privateDnsZones/virtualNetworkLinks","locations":["global"],"apiVersions":["2018-09-01"],"defaultApiVersion":"2018-09-01","capabilities":"CrossResourceGroupResourceMove,
        CrossSubscriptionResourceMove, SupportsTags, SupportsLocation"},{"resourceType":"privateDnsOperationResults","locations":["global"],"apiVersions":["2018-09-01"],"defaultApiVersion":"2018-09-01","capabilities":"None"},{"resourceType":"privateDnsOperationStatuses","locations":["global"],"apiVersions":["2018-09-01"],"defaultApiVersion":"2018-09-01","capabilities":"None"},{"resourceType":"privateDnsZones/A","locations":["global"],"apiVersions":["2018-09-01"],"defaultApiVersion":"2018-09-01","capabilities":"None"},{"resourceType":"privateDnsZones/AAAA","locations":["global"],"apiVersions":["2018-09-01"],"defaultApiVersion":"2018-09-01","capabilities":"None"},{"resourceType":"privateDnsZones/CNAME","locations":["global"],"apiVersions":["2018-09-01"],"defaultApiVersion":"2018-09-01","capabilities":"None"},{"resourceType":"privateDnsZones/PTR","locations":["global"],"apiVersions":["2018-09-01"],"defaultApiVersion":"2018-09-01","capabilities":"None"},{"resourceType":"privateDnsZones/MX","locations":["global"],"apiVersions":["2018-09-01"],"defaultApiVersion":"2018-09-01","capabilities":"None"},{"resourceType":"privateDnsZones/TXT","locations":["global"],"apiVersions":["2018-09-01"],"defaultApiVersion":"2018-09-01","capabilities":"None"},{"resourceType":"privateDnsZones/SRV","locations":["global"],"apiVersions":["2018-09-01"],"defaultApiVersion":"2018-09-01","capabilities":"None"},{"resourceType":"privateDnsZones/SOA","locations":["global"],"apiVersions":["2018-09-01"],"defaultApiVersion":"2018-09-01","capabilities":"None"},{"resourceType":"privateDnsZones/all","locations":["global"],"apiVersions":["2018-09-01"],"defaultApiVersion":"2018-09-01","capabilities":"None"},{"resourceType":"trafficmanagerprofiles","locations":["global"],"apiVersions":["2018-08-01","2018-04-01","2018-03-01","2018-02-01","2017-05-01","2017-03-01","2015-11-01","2015-04-28-preview"],"defaultApiVersion":"2018-08-01","capabilities":"CrossResourceGroupResourceMove,
        CrossSubscriptionResourceMove, SupportsTags, SupportsLocation"},{"resourceType":"trafficmanagerprofiles/heatMaps","locations":["global"],"apiVersions":["2018-08-01","2018-04-01","2018-03-01","2018-02-01","2017-09-01-preview"],"defaultApiVersion":"2018-08-01","capabilities":"None"},{"resourceType":"checkTrafficManagerNameAvailability","locations":["global"],"apiVersions":["2018-08-01","2018-04-01","2018-03-01","2018-02-01","2017-05-01","2017-03-01","2015-11-01","2015-04-28-preview"],"defaultApiVersion":"2018-08-01","capabilities":"None"},{"resourceType":"trafficManagerUserMetricsKeys","locations":["global"],"apiVersions":["2018-08-01","2018-04-01","2017-09-01-preview"],"defaultApiVersion":"2018-08-01","capabilities":"None"},{"resourceType":"trafficManagerGeographicHierarchies","locations":["global"],"apiVersions":["2018-08-01","2018-04-01","2018-03-01","2018-02-01","2017-05-01","2017-03-01"],"defaultApiVersion":"2018-08-01","capabilities":"None"},{"resourceType":"expressRouteCircuits","locations":["West
        US","East US","North Europe","West Europe","East Asia","Southeast Asia","North
        Central US","South Central US","Central US","East US 2","Japan East","Japan
        West","Brazil South","Australia East","Australia Southeast","Central India","South
        India","West India","Canada Central","Canada East","West Central US","West
        US 2","UK West","UK South","Korea Central","Korea South","France Central","Australia
        Central","South Africa North","UAE North","Central US EUAP","East US 2 EUAP"],"apiVersions":["2019-08-01","2019-07-01","2019-06-01","2019-04-01","2019-02-01","2018-12-01","2018-11-01","2018-10-01","2018-08-01","2018-07-01","2018-06-01","2018-05-01","2018-04-01","2018-03-01","2018-02-01","2018-01-01","2017-11-01","2017-10-01","2017-09-01","2017-08-01","2017-06-01","2017-04-01","2017-03-01","2016-12-01","2016-11-01","2016-10-01","2016-09-01","2016-08-01","2016-07-01","2016-06-01","2016-03-30","2015-06-15","2015-05-01-preview","2014-12-01-preview"],"defaultApiVersion":"2017-09-01","capabilities":"SupportsTags,
        SupportsLocation"},{"resourceType":"expressRouteServiceProviders","locations":[],"apiVersions":["2019-08-01","2019-07-01","2019-06-01","2019-04-01","2019-02-01","2018-12-01","2018-11-01","2018-10-01","2018-08-01","2018-07-01","2018-06-01","2018-05-01","2018-04-01","2018-03-01","2018-02-01","2018-01-01","2017-11-01","2017-10-01","2017-09-01","2017-08-01","2017-06-01","2017-04-01","2017-03-01","2016-12-01","2016-11-01","2016-10-01","2016-09-01","2016-08-01","2016-07-01","2016-06-01","2016-03-30","2015-06-15","2015-05-01-preview","2014-12-01-preview"],"capabilities":"None"},{"resourceType":"applicationGatewayAvailableWafRuleSets","locations":[],"apiVersions":["2019-08-01","2019-07-01","2019-06-01","2019-04-01","2019-02-01","2018-12-01","2018-11-01","2018-10-01","2018-08-01","2018-07-01","2018-06-01","2018-05-01","2018-04-01","2018-03-01","2018-02-01","2018-01-01","2017-11-01","2017-10-01","2017-09-01","2017-08-01","2017-06-01","2017-04-01","2017-03-01"],"capabilities":"None"},{"resourceType":"applicationGatewayAvailableSslOptions","locations":[],"apiVersions":["2019-08-01","2019-07-01","2019-06-01","2019-04-01","2019-02-01","2018-12-01","2018-11-01","2018-10-01","2018-08-01","2018-07-01","2018-06-01","2018-05-01","2018-04-01","2018-03-01","2018-02-01","2018-01-01","2017-11-01","2017-10-01","2017-09-01","2017-08-01","2017-06-01"],"capabilities":"None"},{"resourceType":"applicationGatewayAvailableServerVariables","locations":[],"apiVersions":["2019-08-01","2019-07-01","2019-06-01","2019-04-01","2019-02-01","2018-12-01","2018-11-01"],"capabilities":"None"},{"resourceType":"applicationGatewayAvailableRequestHeaders","locations":[],"apiVersions":["2019-08-01","2019-07-01","2019-06-01","2019-04-01","2019-02-01","2018-12-01","2018-11-01"],"capabilities":"None"},{"resourceType":"applicationGatewayAvailableResponseHeaders","locations":[],"apiVersions":["2019-08-01","2019-07-01","2019-06-01","2019-04-01","2019-02-01","2018-12-01","2018-11-01"],"capabilities":"None"},{"resourceType":"routeFilters","locations":["West
        US","East US","North Europe","West Europe","East Asia","Southeast Asia","North
        Central US","South Central US","Central US","East US 2","Japan East","Japan
        West","Brazil South","Australia East","Australia Southeast","Central India","South
        India","West India","Canada Central","Canada East","West Central US","West
        US 2","UK West","UK South","Korea Central","Korea South","France Central","Australia
        Central","South Africa North","UAE North","Central US EUAP","East US 2 EUAP"],"apiVersions":["2019-08-01","2019-07-01","2019-06-01","2019-04-01","2019-02-01","2018-12-01","2018-11-01","2018-10-01","2018-08-01","2018-07-01","2018-06-01","2018-05-01","2018-04-01","2018-03-01","2018-02-01","2018-01-01","2017-11-01","2017-10-01","2017-09-01","2017-08-01","2017-06-01","2017-04-01","2017-03-01","2016-12-01"],"defaultApiVersion":"2016-12-01","capabilities":"SupportsTags,
        SupportsLocation"},{"resourceType":"bgpServiceCommunities","locations":[],"apiVersions":["2019-08-01","2019-07-01","2019-06-01","2019-04-01","2019-02-01","2018-12-01","2018-11-01","2018-10-01","2018-08-01","2018-07-01","2018-06-01","2018-05-01","2018-04-01","2018-03-01","2018-02-01","2018-01-01","2017-11-01","2017-10-01","2017-09-01","2017-08-01","2017-06-01","2017-04-01","2017-03-01","2016-12-01"],"capabilities":"None"},{"resourceType":"virtualWans","locations":["West
        US","East US","North Europe","West Europe","East Asia","Southeast Asia","North
        Central US","South Central US","Central US","East US 2","Japan East","Japan
        West","Brazil South","Australia East","Australia Southeast","Central India","South
        India","West India","Canada Central","Canada East","West Central US","West
        US 2","UK West","UK South","Korea Central","Korea South","France Central","Australia
        Central","South Africa North","UAE North","Central US EUAP","East US 2 EUAP"],"apiVersions":["2019-08-01","2019-07-01","2019-06-01","2019-04-01","2019-02-01","2018-12-01","2018-11-01","2018-10-01","2018-08-01","2018-07-01","2018-06-01","2018-05-01","2018-04-01","2018-03-01","2018-02-01","2018-01-01","2017-11-01","2017-10-01","2017-09-01"],"defaultApiVersion":"2017-09-01","capabilities":"SupportsTags,
        SupportsLocation"},{"resourceType":"vpnSites","locations":["West US","East
        US","North Europe","West Europe","East Asia","Southeast Asia","North Central
        US","South Central US","Central US","East US 2","Japan East","Japan West","Brazil
        South","Australia East","Australia Southeast","Central India","South India","West
        India","Canada Central","Canada East","West Central US","West US 2","UK West","UK
        South","Korea Central","Korea South","France Central","Australia Central","South
        Africa North","UAE North","Central US EUAP","East US 2 EUAP"],"apiVersions":["2019-08-01","2019-07-01","2019-06-01","2019-04-01","2019-02-01","2018-12-01","2018-11-01","2018-10-01","2018-08-01","2018-07-01","2018-06-01","2018-05-01","2018-04-01","2018-03-01","2018-02-01","2018-01-01","2017-11-01","2017-10-01","2017-09-01"],"defaultApiVersion":"2017-09-01","capabilities":"SupportsTags,
        SupportsLocation"},{"resourceType":"virtualHubs","locations":["West US","East
        US","North Europe","West Europe","East Asia","Southeast Asia","North Central
        US","South Central US","Central US","East US 2","Japan East","Japan West","Brazil
        South","Australia East","Australia Southeast","Central India","South India","West
        India","Canada Central","Canada East","West Central US","West US 2","UK West","UK
        South","Korea Central","Korea South","France Central","Australia Central","South
        Africa North","UAE North","Central US EUAP","East US 2 EUAP"],"apiVersions":["2019-08-01","2019-07-01","2019-06-01","2019-04-01","2019-02-01","2018-12-01","2018-11-01","2018-10-01","2018-08-01","2018-07-01","2018-06-01","2018-05-01","2018-04-01","2018-03-01","2018-02-01","2018-01-01","2017-11-01","2017-10-01","2017-09-01"],"defaultApiVersion":"2017-11-01","capabilities":"SupportsTags,
        SupportsLocation"},{"resourceType":"vpnGateways","locations":["West US","East
        US","North Europe","West Europe","East Asia","Southeast Asia","North Central
        US","South Central US","Central US","East US 2","Japan East","Japan West","Brazil
        South","Australia East","Australia Southeast","Central India","South India","West
        India","Canada Central","Canada East","West Central US","West US 2","UK West","UK
        South","Korea Central","Korea South","France Central","Australia Central","South
        Africa North","UAE North","Central US EUAP","East US 2 EUAP"],"apiVersions":["2019-08-01","2019-07-01","2019-06-01","2019-04-01","2019-02-01","2018-12-01","2018-11-01","2018-10-01","2018-08-01","2018-07-01","2018-06-01","2018-05-01","2018-04-01","2018-03-01","2018-02-01","2018-01-01","2017-11-01","2017-10-01","2017-09-01"],"defaultApiVersion":"2017-11-01","capabilities":"SupportsTags,
        SupportsLocation"},{"resourceType":"secureGateways","locations":["South Africa
        North","UAE North","Central US EUAP","East US 2 EUAP"],"apiVersions":["2019-08-01","2019-07-01","2019-06-01","2019-04-01","2019-02-01","2018-12-01","2018-11-01","2018-10-01","2018-08-01","2018-07-01","2018-06-01","2018-05-01","2018-04-01","2018-03-01","2018-02-01","2018-01-01","2017-11-01"],"defaultApiVersion":"2018-02-01","capabilities":"CrossResourceGroupResourceMove,
        CrossSubscriptionResourceMove, SupportsTags, SupportsLocation"},{"resourceType":"locations/nfvOperations","locations":[],"apiVersions":["2019-08-01","2019-07-01","2019-06-01"],"capabilities":"None"},{"resourceType":"locations/nfvOperationResults","locations":[],"apiVersions":["2019-08-01","2019-07-01","2019-06-01"],"capabilities":"None"},{"resourceType":"azureFirewalls","locations":["West
        US","East US","North Europe","West Europe","East Asia","Southeast Asia","North
        Central US","South Central US","Central US","East US 2","Brazil South","Australia
        East","Australia Southeast","Central India","South India","West India","Canada
        Central","Canada East","West Central US","West US 2","UK West","UK South","France
        Central","Australia Central","Japan West","Japan East","Korea Central","Korea
        South","South Africa North","UAE North","Central US EUAP","East US 2 EUAP"],"apiVersions":["2019-08-01","2019-07-01","2019-06-01","2019-04-01","2019-02-01","2018-12-01","2018-11-01","2018-10-01","2018-08-01","2018-07-01","2018-06-01","2018-05-01","2018-04-01"],"defaultApiVersion":"2018-04-01","zoneMappings":[{"location":"East
        US 2","zones":["2","3","1"]},{"location":"Central US","zones":["2","3","1"]},{"location":"West
        Europe","zones":["2","3","1"]},{"location":"East US 2 EUAP","zones":["1","2","3"]},{"location":"Central
        US EUAP","zones":[]},{"location":"France Central","zones":["2","3","1"]},{"location":"Southeast
        Asia","zones":["2","3","1"]},{"location":"West US 2","zones":["2","3","1"]},{"location":"North
        Europe","zones":["2","3","1"]},{"location":"East US","zones":["2","3","1"]},{"location":"UK
        South","zones":["2","3","1"]},{"location":"Japan East","zones":["2","3","1"]},{"location":"Australia
        East","zones":[]},{"location":"South Africa North","zones":[]},{"location":"South
        Central US","zones":[]}],"capabilities":"CrossResourceGroupResourceMove, CrossSubscriptionResourceMove,
        SupportsTags, SupportsLocation"},{"resourceType":"azureFirewallFqdnTags","locations":[],"apiVersions":["2019-08-01","2019-07-01","2019-06-01","2019-04-01","2019-02-01","2018-12-01","2018-11-01","2018-10-01","2018-08-01"],"capabilities":"None"},{"resourceType":"virtualNetworkTaps","locations":["West
        US","East US","North Europe","West Europe","East Asia","Southeast Asia","North
        Central US","South Central US","Central US","East US 2","Japan East","Japan
        West","Brazil South","Australia East","Australia Southeast","Central India","South
        India","West India","Canada Central","Canada East","West Central US","West
        US 2","UK West","UK South","Korea Central","Korea South","France Central","Australia
        Central","South Africa North","UAE North","Central US EUAP","East US 2 EUAP"],"apiVersions":["2019-08-01","2019-07-01","2019-06-01","2019-04-01","2019-02-01","2018-12-01","2018-11-01","2018-10-01","2018-08-01"],"defaultApiVersion":"2018-08-01","capabilities":"SupportsTags,
        SupportsLocation"},{"resourceType":"privateLinkServices","locations":["West
        US","East US","North Europe","West Europe","East Asia","Southeast Asia","North
        Central US","South Central US","Central US","East US 2","Japan East","Japan
        West","Brazil South","Australia East","Australia Southeast","Central India","South
        India","West India","Canada Central","Canada East","West Central US","West
        US 2","UK West","UK South","Korea Central","Korea South","France Central","Australia
        Central","South Africa North","UAE North","Central US EUAP","East US 2 EUAP"],"apiVersions":["2019-08-01","2019-07-01","2019-06-01","2019-04-01","2019-02-01","2018-12-01","2018-11-01","2018-10-01","2018-08-01"],"defaultApiVersion":"2018-08-01","capabilities":"SupportsTags,
        SupportsLocation"},{"resourceType":"ddosProtectionPlans","locations":["West
        US","East US","North Europe","West Europe","East Asia","Southeast Asia","North
        Central US","South Central US","Central US","East US 2","Japan East","Japan
        West","Brazil South","Australia East","Australia Southeast","Central India","South
        India","West India","Canada Central","Canada East","West Central US","West
        US 2","UK West","UK South","Korea Central","Korea South","France Central","Australia
        Central","South Africa North","UAE North","Central US EUAP","East US 2 EUAP"],"apiVersions":["2019-08-01","2019-07-01","2019-06-01","2019-04-01","2019-02-01","2018-12-01","2018-11-01","2018-10-01","2018-08-01","2018-07-01","2018-06-01","2018-05-01","2018-04-01","2018-03-01","2018-02-01"],"defaultApiVersion":"2018-02-01","apiProfiles":[{"profileVersion":"2017-03-09-profile","apiVersion":"2018-02-01"}],"capabilities":"SupportsTags,
        SupportsLocation"},{"resourceType":"networkProfiles","locations":["West US","East
        US","North Europe","West Europe","East Asia","Southeast Asia","North Central
        US","South Central US","Central US","East US 2","Japan East","Japan West","Brazil
        South","Australia East","Australia Southeast","Central India","South India","West
        India","Canada Central","Canada East","West Central US","West US 2","UK West","UK
        South","Korea Central","Korea South","France Central","Australia Central","South
        Africa North","UAE North","Central US EUAP","East US 2 EUAP"],"apiVersions":["2019-08-01","2019-07-01","2019-06-01","2019-04-01","2019-02-01","2018-12-01","2018-11-01","2018-10-01","2018-08-01","2018-07-01","2018-06-01","2018-05-01"],"defaultApiVersion":"2018-05-01","capabilities":"SupportsTags,
        SupportsLocation"},{"resourceType":"frontdoorOperationResults","locations":["global"],"apiVersions":["2019-05-01","2019-04-01","2019-03-01","2018-08-01"],"defaultApiVersion":"2019-04-01","capabilities":"None"},{"resourceType":"checkFrontdoorNameAvailability","locations":["global","Central
        US","East US","East US 2","North Central US","South Central US","West US","North
        Europe","West Europe","East Asia","Southeast Asia","Japan East","Japan West","Brazil
        South","Australia East","Australia Southeast"],"apiVersions":["2019-05-01","2019-04-01","2018-08-01"],"defaultApiVersion":"2019-04-01","capabilities":"None"},{"resourceType":"frontdoorWebApplicationFirewallManagedRuleSets","locations":["global","Central
        US","East US","East US 2","North Central US","South Central US","West US","North
        Europe","West Europe","East Asia","Southeast Asia","Japan East","Japan West","Brazil
        South","Australia East","Australia Southeast"],"apiVersions":["2019-03-01"],"defaultApiVersion":"2019-03-01","capabilities":"None"},{"resourceType":"locations/bareMetalTenants","locations":["West
        US","East US","North Europe","West Europe","East Asia","Southeast Asia","North
        Central US","South Central US","Central US","East US 2","Japan East","Japan
        West","Brazil South","Australia East","Australia Southeast","Central India","South
        India","West India","Canada Central","Canada East","West Central US","West
        US 2","UK West","UK South","Korea Central","Korea South","France Central","Australia
        Central","South Africa North","UAE North","Central US EUAP","East US 2 EUAP"],"apiVersions":["2019-08-01","2019-07-01","2019-06-01","2019-04-01","2019-02-01","2018-12-01","2018-11-01","2018-10-01","2018-08-01","2018-07-01"],"capabilities":"None"},{"resourceType":"bastionHosts","locations":["West
        US","East US","North Europe","West Europe","East Asia","Southeast Asia","North
        Central US","South Central US","Central US","East US 2","Japan East","Japan
        West","Brazil South","Australia East","Australia Southeast","Central India","South
        India","West India","Canada Central","Canada East","West Central US","West
        US 2","UK West","UK South","Korea Central","Korea South","France Central","Australia
        Central","South Africa North","UAE North","Central US EUAP","East US 2 EUAP"],"apiVersions":["2019-08-01","2019-07-01","2019-06-01","2019-04-01","2019-02-01","2018-12-01","2018-11-01","2018-10-01"],"defaultApiVersion":"2018-10-01","capabilities":"SupportsTags,
        SupportsLocation"},{"resourceType":"expressRouteGateways","locations":["West
        US","East US","North Europe","West Europe","East Asia","Southeast Asia","North
        Central US","South Central US","Central US","East US 2","Japan East","Japan
        West","Brazil South","Australia East","Australia Southeast","Central India","South
        India","West India","Canada Central","Canada East","West Central US","West
        US 2","UK West","UK South","Central US EUAP","East US 2 EUAP","Korea Central","Korea
        South","France Central","Australia Central","South Africa North","UAE North"],"apiVersions":["2019-08-01","2019-07-01","2019-06-01","2019-04-01","2019-02-01","2018-12-01","2018-11-01","2018-10-01","2018-08-01"],"defaultApiVersion":"2018-08-01","capabilities":"SupportsTags,
        SupportsLocation"},{"resourceType":"frontdoors","locations":["Central US EUAP","East
        US 2 EUAP","global","Central US","East US","East US 2","North Central US","South
        Central US","West US","North Europe","West Europe","East Asia","Southeast
        Asia","Japan East","Japan West","Brazil South","Australia East","Australia
        Southeast"],"apiVersions":["2019-05-01","2019-04-01","2019-02-01","2018-12-01","2018-11-01","2018-10-01","2018-08-01","2018-05-01"],"defaultApiVersion":"2019-04-01","capabilities":"CrossResourceGroupResourceMove,
        CrossSubscriptionResourceMove, SupportsTags, SupportsLocation"},{"resourceType":"frontdoorWebApplicationFirewallPolicies","locations":["East
        US 2 EUAP","global","Central US","East US","East US 2","North Central US","South
        Central US","West US","North Europe","West Europe","East Asia","Southeast
        Asia","Japan East","Japan West","Brazil South","Australia East","Australia
        Southeast"],"apiVersions":["2019-03-01","2018-08-01"],"defaultApiVersion":"2019-03-01","capabilities":"CrossResourceGroupResourceMove,
        CrossSubscriptionResourceMove, SupportsTags, SupportsLocation"},{"resourceType":"webApplicationFirewallPolicies","locations":["East
        US 2 EUAP","global","Central US","East US","East US 2","North Central US","South
        Central US","West US","North Europe","West Europe","East Asia","Southeast
        Asia","Japan East","Japan West","Brazil South","Australia East","Australia
        Southeast"],"apiVersions":["2018-08-01"],"defaultApiVersion":"2018-08-01","capabilities":"CrossResourceGroupResourceMove,
        CrossSubscriptionResourceMove, SupportsTags, SupportsLocation"}],"registrationState":"Registered","registrationPolicy":"RegistrationRequired"}'
    headers:
      cache-control:
      - no-cache
      content-length:
      - '66387'
      content-type:
      - application/json; charset=utf-8
      date:
      - Thu, 10 Oct 2019 11:20:58 GMT
      expires:
      - '-1'
      pragma:
      - no-cache
      strict-transport-security:
      - max-age=31536000; includeSubDomains
      vary:
      - Accept-Encoding
      x-content-type-options:
      - nosniff
    status:
      code: 200
      message: OK
- request:
    body: null
    headers:
      Accept:
      - application/json
      Accept-Encoding:
      - gzip, deflate
      CommandName:
      - network watcher flow-log configure
      Connection:
      - keep-alive
      ParameterSetName:
      - -g --nsg --enabled --retention --storage-account
      User-Agent:
      - python/3.7.4 (Windows-10-10.0.18362-SP0) msrest/0.6.10 msrest_azure/0.6.2
        azure-mgmt-resource/4.0.0 Azure-SDK-For-Python AZURECLI/2.0.74
      accept-language:
      - en-US
    method: GET
    uri: https://management.azure.com/subscriptions/00000000-0000-0000-0000-000000000000/resourceGroups/cli_test_nw_flow_log2000001/providers/Microsoft.Network/networkSecurityGroups/nsg1?api-version=2019-08-01
  response:
    body:
      string: "{\r\n  \"name\": \"nsg1\",\r\n  \"id\": \"/subscriptions/00000000-0000-0000-0000-000000000000/resourceGroups/cli_test_nw_flow_log2000001/providers/Microsoft.Network/networkSecurityGroups/nsg1\",\r\n
        \ \"etag\": \"W/\\\"27b671b5-5053-43a6-89ee-9dbc26d1dcb5\\\"\",\r\n  \"type\":
        \"Microsoft.Network/networkSecurityGroups\",\r\n  \"location\": \"canadaeast\",\r\n
        \ \"properties\": {\r\n    \"provisioningState\": \"Succeeded\",\r\n    \"resourceGuid\":
        \"85073706-d812-4d69-8018-ad8499ecb3fb\",\r\n    \"securityRules\": [],\r\n
        \   \"defaultSecurityRules\": [\r\n      {\r\n        \"name\": \"AllowVnetInBound\",\r\n
        \       \"id\": \"/subscriptions/00000000-0000-0000-0000-000000000000/resourceGroups/cli_test_nw_flow_log2000001/providers/Microsoft.Network/networkSecurityGroups/nsg1/defaultSecurityRules/AllowVnetInBound\",\r\n
        \       \"etag\": \"W/\\\"27b671b5-5053-43a6-89ee-9dbc26d1dcb5\\\"\",\r\n
        \       \"type\": \"Microsoft.Network/networkSecurityGroups/defaultSecurityRules\",\r\n
        \       \"properties\": {\r\n          \"provisioningState\": \"Succeeded\",\r\n
        \         \"description\": \"Allow inbound traffic from all VMs in VNET\",\r\n
        \         \"protocol\": \"*\",\r\n          \"sourcePortRange\": \"*\",\r\n
        \         \"destinationPortRange\": \"*\",\r\n          \"sourceAddressPrefix\":
        \"VirtualNetwork\",\r\n          \"destinationAddressPrefix\": \"VirtualNetwork\",\r\n
        \         \"access\": \"Allow\",\r\n          \"priority\": 65000,\r\n          \"direction\":
        \"Inbound\",\r\n          \"sourcePortRanges\": [],\r\n          \"destinationPortRanges\":
        [],\r\n          \"sourceAddressPrefixes\": [],\r\n          \"destinationAddressPrefixes\":
        []\r\n        }\r\n      },\r\n      {\r\n        \"name\": \"AllowAzureLoadBalancerInBound\",\r\n
        \       \"id\": \"/subscriptions/00000000-0000-0000-0000-000000000000/resourceGroups/cli_test_nw_flow_log2000001/providers/Microsoft.Network/networkSecurityGroups/nsg1/defaultSecurityRules/AllowAzureLoadBalancerInBound\",\r\n
        \       \"etag\": \"W/\\\"27b671b5-5053-43a6-89ee-9dbc26d1dcb5\\\"\",\r\n
        \       \"type\": \"Microsoft.Network/networkSecurityGroups/defaultSecurityRules\",\r\n
        \       \"properties\": {\r\n          \"provisioningState\": \"Succeeded\",\r\n
        \         \"description\": \"Allow inbound traffic from azure load balancer\",\r\n
        \         \"protocol\": \"*\",\r\n          \"sourcePortRange\": \"*\",\r\n
        \         \"destinationPortRange\": \"*\",\r\n          \"sourceAddressPrefix\":
        \"AzureLoadBalancer\",\r\n          \"destinationAddressPrefix\": \"*\",\r\n
        \         \"access\": \"Allow\",\r\n          \"priority\": 65001,\r\n          \"direction\":
        \"Inbound\",\r\n          \"sourcePortRanges\": [],\r\n          \"destinationPortRanges\":
        [],\r\n          \"sourceAddressPrefixes\": [],\r\n          \"destinationAddressPrefixes\":
        []\r\n        }\r\n      },\r\n      {\r\n        \"name\": \"DenyAllInBound\",\r\n
        \       \"id\": \"/subscriptions/00000000-0000-0000-0000-000000000000/resourceGroups/cli_test_nw_flow_log2000001/providers/Microsoft.Network/networkSecurityGroups/nsg1/defaultSecurityRules/DenyAllInBound\",\r\n
        \       \"etag\": \"W/\\\"27b671b5-5053-43a6-89ee-9dbc26d1dcb5\\\"\",\r\n
        \       \"type\": \"Microsoft.Network/networkSecurityGroups/defaultSecurityRules\",\r\n
        \       \"properties\": {\r\n          \"provisioningState\": \"Succeeded\",\r\n
        \         \"description\": \"Deny all inbound traffic\",\r\n          \"protocol\":
        \"*\",\r\n          \"sourcePortRange\": \"*\",\r\n          \"destinationPortRange\":
        \"*\",\r\n          \"sourceAddressPrefix\": \"*\",\r\n          \"destinationAddressPrefix\":
        \"*\",\r\n          \"access\": \"Deny\",\r\n          \"priority\": 65500,\r\n
        \         \"direction\": \"Inbound\",\r\n          \"sourcePortRanges\": [],\r\n
        \         \"destinationPortRanges\": [],\r\n          \"sourceAddressPrefixes\":
        [],\r\n          \"destinationAddressPrefixes\": []\r\n        }\r\n      },\r\n
        \     {\r\n        \"name\": \"AllowVnetOutBound\",\r\n        \"id\": \"/subscriptions/00000000-0000-0000-0000-000000000000/resourceGroups/cli_test_nw_flow_log2000001/providers/Microsoft.Network/networkSecurityGroups/nsg1/defaultSecurityRules/AllowVnetOutBound\",\r\n
        \       \"etag\": \"W/\\\"27b671b5-5053-43a6-89ee-9dbc26d1dcb5\\\"\",\r\n
        \       \"type\": \"Microsoft.Network/networkSecurityGroups/defaultSecurityRules\",\r\n
        \       \"properties\": {\r\n          \"provisioningState\": \"Succeeded\",\r\n
        \         \"description\": \"Allow outbound traffic from all VMs to all VMs
        in VNET\",\r\n          \"protocol\": \"*\",\r\n          \"sourcePortRange\":
        \"*\",\r\n          \"destinationPortRange\": \"*\",\r\n          \"sourceAddressPrefix\":
        \"VirtualNetwork\",\r\n          \"destinationAddressPrefix\": \"VirtualNetwork\",\r\n
        \         \"access\": \"Allow\",\r\n          \"priority\": 65000,\r\n          \"direction\":
        \"Outbound\",\r\n          \"sourcePortRanges\": [],\r\n          \"destinationPortRanges\":
        [],\r\n          \"sourceAddressPrefixes\": [],\r\n          \"destinationAddressPrefixes\":
        []\r\n        }\r\n      },\r\n      {\r\n        \"name\": \"AllowInternetOutBound\",\r\n
        \       \"id\": \"/subscriptions/00000000-0000-0000-0000-000000000000/resourceGroups/cli_test_nw_flow_log2000001/providers/Microsoft.Network/networkSecurityGroups/nsg1/defaultSecurityRules/AllowInternetOutBound\",\r\n
        \       \"etag\": \"W/\\\"27b671b5-5053-43a6-89ee-9dbc26d1dcb5\\\"\",\r\n
        \       \"type\": \"Microsoft.Network/networkSecurityGroups/defaultSecurityRules\",\r\n
        \       \"properties\": {\r\n          \"provisioningState\": \"Succeeded\",\r\n
        \         \"description\": \"Allow outbound traffic from all VMs to Internet\",\r\n
        \         \"protocol\": \"*\",\r\n          \"sourcePortRange\": \"*\",\r\n
        \         \"destinationPortRange\": \"*\",\r\n          \"sourceAddressPrefix\":
        \"*\",\r\n          \"destinationAddressPrefix\": \"Internet\",\r\n          \"access\":
        \"Allow\",\r\n          \"priority\": 65001,\r\n          \"direction\": \"Outbound\",\r\n
        \         \"sourcePortRanges\": [],\r\n          \"destinationPortRanges\":
        [],\r\n          \"sourceAddressPrefixes\": [],\r\n          \"destinationAddressPrefixes\":
        []\r\n        }\r\n      },\r\n      {\r\n        \"name\": \"DenyAllOutBound\",\r\n
        \       \"id\": \"/subscriptions/00000000-0000-0000-0000-000000000000/resourceGroups/cli_test_nw_flow_log2000001/providers/Microsoft.Network/networkSecurityGroups/nsg1/defaultSecurityRules/DenyAllOutBound\",\r\n
        \       \"etag\": \"W/\\\"27b671b5-5053-43a6-89ee-9dbc26d1dcb5\\\"\",\r\n
        \       \"type\": \"Microsoft.Network/networkSecurityGroups/defaultSecurityRules\",\r\n
        \       \"properties\": {\r\n          \"provisioningState\": \"Succeeded\",\r\n
        \         \"description\": \"Deny all outbound traffic\",\r\n          \"protocol\":
        \"*\",\r\n          \"sourcePortRange\": \"*\",\r\n          \"destinationPortRange\":
        \"*\",\r\n          \"sourceAddressPrefix\": \"*\",\r\n          \"destinationAddressPrefix\":
        \"*\",\r\n          \"access\": \"Deny\",\r\n          \"priority\": 65500,\r\n
        \         \"direction\": \"Outbound\",\r\n          \"sourcePortRanges\":
        [],\r\n          \"destinationPortRanges\": [],\r\n          \"sourceAddressPrefixes\":
        [],\r\n          \"destinationAddressPrefixes\": []\r\n        }\r\n      }\r\n
        \   ]\r\n  }\r\n}"
    headers:
      cache-control:
      - no-cache
      content-length:
      - '6936'
      content-type:
      - application/json; charset=utf-8
      date:
      - Thu, 10 Oct 2019 11:20:59 GMT
      etag:
      - W/"27b671b5-5053-43a6-89ee-9dbc26d1dcb5"
      expires:
      - '-1'
      pragma:
      - no-cache
      server:
      - Microsoft-HTTPAPI/2.0
      - Microsoft-HTTPAPI/2.0
      strict-transport-security:
      - max-age=31536000; includeSubDomains
      transfer-encoding:
      - chunked
      vary:
      - Accept-Encoding
      x-content-type-options:
      - nosniff
      x-ms-arm-service-request-id:
      - be06343e-0454-4b40-9830-d7627f99597d
    status:
      code: 200
      message: OK
- request:
    body: null
    headers:
      Accept:
      - application/json
      Accept-Encoding:
      - gzip, deflate
      CommandName:
      - network watcher flow-log configure
      Connection:
      - keep-alive
      ParameterSetName:
      - -g --nsg --enabled --retention --storage-account
      User-Agent:
      - python/3.7.4 (Windows-10-10.0.18362-SP0) msrest/0.6.10 msrest_azure/0.6.2
        azure-mgmt-network/6.0.0 Azure-SDK-For-Python AZURECLI/2.0.74
      accept-language:
      - en-US
    method: GET
    uri: https://management.azure.com/subscriptions/00000000-0000-0000-0000-000000000000/providers/Microsoft.Network/networkWatchers?api-version=2019-08-01
  response:
    body:
      string: '{"value":[{"name":"NetworkWatcher_westus","id":"/subscriptions/00000000-0000-0000-0000-000000000000/resourceGroups/NetworkWatcherRG/providers/Microsoft.Network/networkWatchers/NetworkWatcher_westus","etag":"W/\"8cd907d6-4a70-410f-8987-67115cc41351\"","type":"Microsoft.Network/networkWatchers","location":"westus","properties":{"provisioningState":"Succeeded","flowLogs":[],"runningOperationIds":[]}},{"name":"NetworkWatcher_eastus","id":"/subscriptions/00000000-0000-0000-0000-000000000000/resourceGroups/NetworkWatcherRG/providers/Microsoft.Network/networkWatchers/NetworkWatcher_eastus","etag":"W/\"90a1b47c-e01b-46de-8719-00792e50f864\"","type":"Microsoft.Network/networkWatchers","location":"eastus","properties":{"provisioningState":"Succeeded","flowLogs":[],"runningOperationIds":[]}},{"name":"NetworkWatcher_eastasia","id":"/subscriptions/00000000-0000-0000-0000-000000000000/resourceGroups/NetworkWatcherRG/providers/Microsoft.Network/networkWatchers/NetworkWatcher_eastasia","etag":"W/\"c0673e84-2337-48fd-8444-5084ff498009\"","type":"Microsoft.Network/networkWatchers","location":"eastasia","properties":{"provisioningState":"Succeeded","flowLogs":[],"runningOperationIds":[]}},{"name":"NetworkWatcher_southeastasia","id":"/subscriptions/00000000-0000-0000-0000-000000000000/resourceGroups/NetworkWatcherRG/providers/Microsoft.Network/networkWatchers/NetworkWatcher_southeastasia","etag":"W/\"ec606b33-dd05-4997-9148-2c828d39955e\"","type":"Microsoft.Network/networkWatchers","location":"southeastasia","properties":{"provisioningState":"Succeeded","flowLogs":[],"runningOperationIds":[]}},{"name":"NetworkWatcher_southcentralus","id":"/subscriptions/00000000-0000-0000-0000-000000000000/resourceGroups/NetworkWatcherRG/providers/Microsoft.Network/networkWatchers/NetworkWatcher_southcentralus","etag":"W/\"c78ab754-228b-4d1c-b2af-62afed0706d5\"","type":"Microsoft.Network/networkWatchers","location":"southcentralus","properties":{"provisioningState":"Succeeded","flowLogs":[],"runningOperationIds":[]}},{"name":"NetworkWatcher_centralus","id":"/subscriptions/00000000-0000-0000-0000-000000000000/resourceGroups/NetworkWatcherRG/providers/Microsoft.Network/networkWatchers/NetworkWatcher_centralus","etag":"W/\"ba2a10f4-4bb5-4e11-bbfb-a2189ab4312a\"","type":"Microsoft.Network/networkWatchers","location":"centralus","properties":{"provisioningState":"Succeeded","flowLogs":[],"runningOperationIds":[]}},{"name":"NetworkWatcher_eastus2","id":"/subscriptions/00000000-0000-0000-0000-000000000000/resourceGroups/NetworkWatcherRG/providers/Microsoft.Network/networkWatchers/NetworkWatcher_eastus2","etag":"W/\"58cdf743-6718-401d-a806-ff606fa7bb1d\"","type":"Microsoft.Network/networkWatchers","location":"eastus2","properties":{"provisioningState":"Succeeded","flowLogs":[],"runningOperationIds":[]}},{"name":"canadaeast-watcher","id":"/subscriptions/00000000-0000-0000-0000-000000000000/resourceGroups/cli_test_nw_flow_log2000001/providers/Microsoft.Network/networkWatchers/canadaeast-watcher","etag":"W/\"c440eded-8de0-4f8b-9dad-e9369d7fb475\"","type":"Microsoft.Network/networkWatchers","location":"canadaeast","properties":{"provisioningState":"Succeeded","flowLogs":[],"runningOperationIds":[]}},{"name":"NetworkWatcher_westcentralus","id":"/subscriptions/00000000-0000-0000-0000-000000000000/resourceGroups/NetworkWatcherRG/providers/Microsoft.Network/networkWatchers/NetworkWatcher_westcentralus","etag":"W/\"3c27f896-a650-4131-b46f-2053bda5b80e\"","type":"Microsoft.Network/networkWatchers","location":"westcentralus","properties":{"provisioningState":"Succeeded","flowLogs":[],"runningOperationIds":[]}},{"name":"NetworkWatcher_westus2","id":"/subscriptions/00000000-0000-0000-0000-000000000000/resourceGroups/NetworkWatcherRG/providers/Microsoft.Network/networkWatchers/NetworkWatcher_westus2","etag":"W/\"9c8b6234-1bbf-46b7-ba84-19a9762dcf8f\"","type":"Microsoft.Network/networkWatchers","location":"westus2","properties":{"provisioningState":"Succeeded","flowLogs":[],"runningOperationIds":[]}},{"name":"NetworkWatcher_francecentral","id":"/subscriptions/00000000-0000-0000-0000-000000000000/resourceGroups/NetworkWatcherRG/providers/Microsoft.Network/networkWatchers/NetworkWatcher_francecentral","etag":"W/\"253e56fc-e1c7-4517-910c-072017eee4d7\"","type":"Microsoft.Network/networkWatchers","location":"francecentral","properties":{"provisioningState":"Succeeded","flowLogs":[],"runningOperationIds":[]}}]}'
    headers:
      cache-control:
      - no-cache
      content-length:
      - '4477'
      content-type:
      - application/json; charset=utf-8
      date:
      - Thu, 10 Oct 2019 11:21:01 GMT
      expires:
      - '-1'
      pragma:
      - no-cache
      strict-transport-security:
      - max-age=31536000; includeSubDomains
      vary:
      - Accept-Encoding
      x-content-type-options:
      - nosniff
      x-ms-original-request-ids:
      - 7431366e-923a-418d-9b71-5455dd699150
      - 5bad0661-3d1d-4fad-aa9f-11f26c078a06
      - abe9fdbe-47c0-44e5-94b6-08bdd60ba0c9
      - ddf19529-cabc-4549-8fbe-443c4bddcf36
      - ea1c6db8-a382-42f5-94c0-503278266a67
      - fb148cd9-afac-49f1-ac14-1138f9ed4242
      - 678f4cc0-0123-49e6-b26f-9e67145b57b1
      - 1baf629c-6e52-4fb7-bff9-a33a8221f056
      - f9632f82-526d-40c0-9549-62401c686500
      - 1d5c0c2b-d1a0-486c-8736-309805e74e32
      - aac1a106-c0de-473f-a19a-2d66428824cd
    status:
      code: 200
      message: OK
- request:
    body: 'b''{"targetResourceId": "/subscriptions/00000000-0000-0000-0000-000000000000/resourceGroups/cli_test_nw_flow_log2000001/providers/Microsoft.Network/networkSecurityGroups/nsg1"}'''
    headers:
      Accept:
      - application/json
      Accept-Encoding:
      - gzip, deflate
      CommandName:
      - network watcher flow-log configure
      Connection:
      - keep-alive
      Content-Length:
      - '221'
      Content-Type:
      - application/json; charset=utf-8
      ParameterSetName:
      - -g --nsg --enabled --retention --storage-account
      User-Agent:
      - python/3.7.4 (Windows-10-10.0.18362-SP0) msrest/0.6.10 msrest_azure/0.6.2
        azure-mgmt-network/6.0.0 Azure-SDK-For-Python AZURECLI/2.0.74
      accept-language:
      - en-US
    method: POST
    uri: https://management.azure.com/subscriptions/00000000-0000-0000-0000-000000000000/resourceGroups/cli_test_nw_flow_log2000001/providers/Microsoft.Network/networkWatchers/canadaeast-watcher/queryFlowLogStatus?api-version=2019-08-01
  response:
    body:
      string: "{\r\n  \"targetResourceId\": \"/subscriptions/00000000-0000-0000-0000-000000000000/resourceGroups/cli_test_nw_flow_log2000001/providers/Microsoft.Network/networkSecurityGroups/nsg1\",\r\n
        \ \"properties\": {\r\n    \"storageId\": \"\",\r\n    \"enabled\": false,\r\n
        \   \"retentionPolicy\": {\r\n      \"days\": 0,\r\n      \"enabled\": false\r\n
        \   }\r\n  },\r\n  \"flowAnalyticsConfiguration\": {}\r\n}"
    headers:
      cache-control:
      - no-cache
      content-length:
      - '409'
      content-type:
      - application/json; charset=utf-8
      date:
      - Thu, 10 Oct 2019 11:21:03 GMT
      expires:
      - '-1'
      pragma:
      - no-cache
      server:
      - Microsoft-HTTPAPI/2.0
      - Microsoft-HTTPAPI/2.0
      strict-transport-security:
      - max-age=31536000; includeSubDomains
      transfer-encoding:
      - chunked
      vary:
      - Accept-Encoding
      x-content-type-options:
      - nosniff
      x-ms-arm-service-request-id:
      - 6da1ee89-d69a-4c9f-b4eb-df49adc2f767
      x-ms-ratelimit-remaining-subscription-writes:
      - '1197'
    status:
      code: 200
      message: OK
- request:
    body: 'b''b\''{"targetResourceId": "/subscriptions/00000000-0000-0000-0000-000000000000/resourceGroups/cli_test_nw_flow_log2000001/providers/Microsoft.Network/networkSecurityGroups/nsg1",
      "properties": {"storageId": "/subscriptions/00000000-0000-0000-0000-000000000000/resourceGroups/cli_test_nw_flow_log2000001/providers/Microsoft.Storage/storageAccounts/clitestnw000002",
      "enabled": true, "retentionPolicy": {"days": 5, "enabled": true}}}\'''''
    headers:
      Accept:
      - application/json
      Accept-Encoding:
      - gzip, deflate
      CommandName:
      - network watcher flow-log configure
      Connection:
      - keep-alive
      Content-Length:
      - '531'
      Content-Type:
      - application/json; charset=utf-8
      ParameterSetName:
      - -g --nsg --enabled --retention --storage-account
      User-Agent:
      - python/3.7.4 (Windows-10-10.0.18362-SP0) msrest/0.6.10 msrest_azure/0.6.2
        azure-mgmt-network/6.0.0 Azure-SDK-For-Python AZURECLI/2.0.74
      accept-language:
      - en-US
    method: POST
    uri: https://management.azure.com/subscriptions/00000000-0000-0000-0000-000000000000/resourceGroups/cli_test_nw_flow_log2000001/providers/Microsoft.Network/networkWatchers/canadaeast-watcher/configureFlowLog?api-version=2019-08-01
  response:
    body:
      string: "{\r\n  \"targetResourceId\": \"/subscriptions/00000000-0000-0000-0000-000000000000/resourceGroups/cli_test_nw_flow_log2000001/providers/Microsoft.Network/networkSecurityGroups/nsg1\",\r\n
        \ \"properties\": {\r\n    \"storageId\": \"/subscriptions/00000000-0000-0000-0000-000000000000/resourceGroups/cli_test_nw_flow_log2000001/providers/Microsoft.Storage/storageAccounts/clitestnw000002\",\r\n
        \   \"enabled\": true,\r\n    \"retentionPolicy\": {\r\n      \"days\": 5,\r\n
        \     \"enabled\": true\r\n    },\r\n    \"format\": {\r\n      \"type\":
        \"JSON\",\r\n      \"version\": 1\r\n    }\r\n  }\r\n}"
    headers:
      cache-control:
      - no-cache
      content-length:
      - '649'
      content-type:
      - application/json; charset=utf-8
      date:
      - Thu, 10 Oct 2019 11:21:08 GMT
      expires:
      - '-1'
      pragma:
      - no-cache
      server:
      - Microsoft-HTTPAPI/2.0
      - Microsoft-HTTPAPI/2.0
      strict-transport-security:
      - max-age=31536000; includeSubDomains
      transfer-encoding:
      - chunked
      vary:
      - Accept-Encoding
      x-content-type-options:
      - nosniff
      x-ms-arm-service-request-id:
      - 0d63e237-67c4-45ea-8c2f-c6953d31cb82
      x-ms-ratelimit-remaining-subscription-writes:
      - '1196'
    status:
      code: 200
      message: OK
version: 1
