interactions:
- request:
    body: null
    headers:
      Accept:
      - application/json
      Accept-Encoding:
      - gzip, deflate
      CommandName:
      - network application-gateway waf-policy create
      Connection:
      - keep-alive
      ParameterSetName:
      - -n -g --version
      User-Agent:
      - AZURECLI/2.43.0 (PIP) azsdk-python-azure-mgmt-resource/21.1.0b1 Python/3.8.10
        (Windows-10-10.0.19045-SP0)
    method: GET
    uri: https://management.azure.com/subscriptions/00000000-0000-0000-0000-000000000000/resourcegroups/cli_test_app_gateway_waf_policy_exclusion_rule_set_000001?api-version=2021-04-01
  response:
    body:
      string: '{"id":"/subscriptions/00000000-0000-0000-0000-000000000000/resourceGroups/cli_test_app_gateway_waf_policy_exclusion_rule_set_000001","name":"cli_test_app_gateway_waf_policy_exclusion_rule_set_000001","type":"Microsoft.Resources/resourceGroups","location":"westus","tags":{"product":"azurecli","cause":"automation","date":"2023-01-05T06:58:13Z","StorageType":"Standard_LRS","type":"test"},"properties":{"provisioningState":"Succeeded"}}'
    headers:
      cache-control:
      - no-cache
      content-length:
      - '435'
      content-type:
      - application/json; charset=utf-8
      date:
      - Thu, 05 Jan 2023 06:58:18 GMT
      expires:
      - '-1'
      pragma:
      - no-cache
      strict-transport-security:
      - max-age=31536000; includeSubDomains
      vary:
      - Accept-Encoding
      x-content-type-options:
      - nosniff
    status:
      code: 200
      message: OK
- request:
    body: '{"location": "westus", "properties": {"managedRules": {"managedRuleSets":
      [{"ruleSetType": "OWASP", "ruleSetVersion": "3.2"}]}}}'
    headers:
      Accept:
      - application/json
      Accept-Encoding:
      - gzip, deflate
      CommandName:
      - network application-gateway waf-policy create
      Connection:
      - keep-alive
      Content-Length:
      - '128'
      Content-Type:
      - application/json
      ParameterSetName:
      - -n -g --version
      User-Agent:
      - AZURECLI/2.43.0 (PIP) (AAZ) azsdk-python-core/1.24.0 Python/3.8.10 (Windows-10-10.0.19045-SP0)
    method: PUT
    uri: https://management.azure.com/subscriptions/00000000-0000-0000-0000-000000000000/resourceGroups/cli_test_app_gateway_waf_policy_exclusion_rule_set_000001/providers/Microsoft.Network/ApplicationGatewayWebApplicationFirewallPolicies/agp?api-version=2022-05-01
  response:
    body:
      string: "{\r\n  \"name\": \"agp\",\r\n  \"id\": \"/subscriptions/00000000-0000-0000-0000-000000000000/resourceGroups/cli_test_app_gateway_waf_policy_exclusion_rule_set_000001/providers/Microsoft.Network/ApplicationGatewayWebApplicationFirewallPolicies/agp\",\r\n
        \ \"etag\": \"W/\\\"90bd6e33-2674-43e4-9a3b-4ddc499abf6c\\\"\",\r\n  \"type\":
        \"Microsoft.Network/ApplicationGatewayWebApplicationFirewallPolicies\",\r\n
        \ \"location\": \"westus\",\r\n  \"properties\": {\r\n    \"provisioningState\":
        \"Updating\",\r\n    \"customRules\": [],\r\n    \"policySettings\": {\r\n
        \     \"requestBodyCheck\": true,\r\n      \"maxRequestBodySizeInKb\": 128,\r\n
        \     \"fileUploadLimitInMb\": 100,\r\n      \"state\": \"Disabled\",\r\n
        \     \"mode\": \"Detection\"\r\n    },\r\n    \"managedRules\": {\r\n      \"managedRuleSets\":
        [\r\n        {\r\n          \"ruleSetType\": \"OWASP\",\r\n          \"ruleSetVersion\":
        \"3.2\",\r\n          \"ruleGroupOverrides\": []\r\n        }\r\n      ],\r\n
        \     \"exclusions\": []\r\n    }\r\n  }\r\n}"
    headers:
      azure-asyncnotification:
      - Enabled
      azure-asyncoperation:
      - https://management.azure.com/subscriptions/00000000-0000-0000-0000-000000000000/providers/Microsoft.Network/locations/westus/operations/ec1816d5-ad7a-4c61-a9e1-97e195f2c170?api-version=2022-05-01
      cache-control:
      - no-cache
      content-length:
      - '904'
      content-type:
      - application/json; charset=utf-8
      date:
      - Thu, 05 Jan 2023 06:58:24 GMT
      expires:
      - '-1'
      pragma:
      - no-cache
      server:
      - Microsoft-HTTPAPI/2.0
      - Microsoft-HTTPAPI/2.0
      strict-transport-security:
      - max-age=31536000; includeSubDomains
      x-content-type-options:
      - nosniff
      x-ms-arm-service-request-id:
      - 4cc32a39-5b88-4647-949d-b081673321c3
      x-ms-ratelimit-remaining-subscription-writes:
      - '1199'
    status:
      code: 201
      message: Created
- request:
    body: null
    headers:
      Accept:
      - application/json
      Accept-Encoding:
      - gzip, deflate
      CommandName:
      - network application-gateway waf-policy managed-rule exclusion rule-set add
      Connection:
      - keep-alive
      ParameterSetName:
      - -g --policy-name --match-variable --match-operator --selector --type --version
        --group-name --rule-ids
      User-Agent:
      - AZURECLI/2.43.0 (PIP) (AAZ) azsdk-python-core/1.24.0 Python/3.8.10 (Windows-10-10.0.19045-SP0)
    method: GET
    uri: https://management.azure.com/subscriptions/00000000-0000-0000-0000-000000000000/resourceGroups/cli_test_app_gateway_waf_policy_exclusion_rule_set_000001/providers/Microsoft.Network/ApplicationGatewayWebApplicationFirewallPolicies/agp?api-version=2022-05-01
  response:
    body:
      string: "{\r\n  \"name\": \"agp\",\r\n  \"id\": \"/subscriptions/00000000-0000-0000-0000-000000000000/resourceGroups/cli_test_app_gateway_waf_policy_exclusion_rule_set_000001/providers/Microsoft.Network/ApplicationGatewayWebApplicationFirewallPolicies/agp\",\r\n
        \ \"etag\": \"W/\\\"75719d77-1ca7-41ba-9d0a-be5d1e585157\\\"\",\r\n  \"type\":
        \"Microsoft.Network/ApplicationGatewayWebApplicationFirewallPolicies\",\r\n
        \ \"location\": \"westus\",\r\n  \"properties\": {\r\n    \"provisioningState\":
        \"Succeeded\",\r\n    \"customRules\": [],\r\n    \"policySettings\": {\r\n
        \     \"requestBodyCheck\": true,\r\n      \"maxRequestBodySizeInKb\": 128,\r\n
        \     \"fileUploadLimitInMb\": 100,\r\n      \"state\": \"Disabled\",\r\n
        \     \"mode\": \"Detection\"\r\n    },\r\n    \"managedRules\": {\r\n      \"managedRuleSets\":
        [\r\n        {\r\n          \"ruleSetType\": \"OWASP\",\r\n          \"ruleSetVersion\":
        \"3.2\",\r\n          \"ruleGroupOverrides\": []\r\n        }\r\n      ],\r\n
        \     \"exclusions\": []\r\n    }\r\n  }\r\n}"
    headers:
      cache-control:
      - no-cache
      content-length:
      - '905'
      content-type:
      - application/json; charset=utf-8
      date:
      - Thu, 05 Jan 2023 06:58:25 GMT
      etag:
      - W/"75719d77-1ca7-41ba-9d0a-be5d1e585157"
      expires:
      - '-1'
      pragma:
      - no-cache
      server:
      - Microsoft-HTTPAPI/2.0
      - Microsoft-HTTPAPI/2.0
      strict-transport-security:
      - max-age=31536000; includeSubDomains
      transfer-encoding:
      - chunked
      vary:
      - Accept-Encoding
      x-content-type-options:
      - nosniff
      x-ms-arm-service-request-id:
      - 29bc1c3e-0e71-42b8-a31e-e02e4525b048
    status:
      code: 200
      message: OK
- request:
    body: '{"id": "/subscriptions/00000000-0000-0000-0000-000000000000/resourceGroups/cli_test_app_gateway_waf_policy_exclusion_rule_set_000001/providers/Microsoft.Network/ApplicationGatewayWebApplicationFirewallPolicies/agp",
      "location": "westus", "properties": {"customRules": [], "managedRules": {"exclusions":
      [{"exclusionManagedRuleSets": [{"ruleGroups": [{"ruleGroupName": "REQUEST-921-PROTOCOL-ATTACK",
      "rules": [{"ruleId": "921140"}, {"ruleId": "921150"}]}], "ruleSetType": "OWASP",
      "ruleSetVersion": "3.2"}], "matchVariable": "RequestHeaderValues", "selector":
      "Google", "selectorMatchOperator": "Contains"}], "managedRuleSets": [{"ruleGroupOverrides":
      [], "ruleSetType": "OWASP", "ruleSetVersion": "3.2"}]}, "policySettings": {"fileUploadLimitInMb":
      100, "maxRequestBodySizeInKb": 128, "mode": "Detection", "requestBodyCheck":
      true, "state": "Disabled"}}}'
    headers:
      Accept:
      - application/json
      Accept-Encoding:
      - gzip, deflate
      CommandName:
      - network application-gateway waf-policy managed-rule exclusion rule-set add
      Connection:
      - keep-alive
      Content-Length:
      - '854'
      Content-Type:
      - application/json
      ParameterSetName:
      - -g --policy-name --match-variable --match-operator --selector --type --version
        --group-name --rule-ids
      User-Agent:
      - AZURECLI/2.43.0 (PIP) (AAZ) azsdk-python-core/1.24.0 Python/3.8.10 (Windows-10-10.0.19045-SP0)
    method: PUT
    uri: https://management.azure.com/subscriptions/00000000-0000-0000-0000-000000000000/resourceGroups/cli_test_app_gateway_waf_policy_exclusion_rule_set_000001/providers/Microsoft.Network/ApplicationGatewayWebApplicationFirewallPolicies/agp?api-version=2022-05-01
  response:
    body:
      string: "{\r\n  \"name\": \"agp\",\r\n  \"id\": \"/subscriptions/00000000-0000-0000-0000-000000000000/resourceGroups/cli_test_app_gateway_waf_policy_exclusion_rule_set_000001/providers/Microsoft.Network/ApplicationGatewayWebApplicationFirewallPolicies/agp\",\r\n
        \ \"etag\": \"W/\\\"26eced24-7bae-4c8f-b3bb-9ffd6a37ea92\\\"\",\r\n  \"type\":
        \"Microsoft.Network/ApplicationGatewayWebApplicationFirewallPolicies\",\r\n
        \ \"location\": \"westus\",\r\n  \"properties\": {\r\n    \"provisioningState\":
        \"Updating\",\r\n    \"customRules\": [],\r\n    \"policySettings\": {\r\n
        \     \"requestBodyCheck\": true,\r\n      \"maxRequestBodySizeInKb\": 128,\r\n
        \     \"fileUploadLimitInMb\": 100,\r\n      \"state\": \"Disabled\",\r\n
        \     \"mode\": \"Detection\"\r\n    },\r\n    \"managedRules\": {\r\n      \"managedRuleSets\":
        [\r\n        {\r\n          \"ruleSetType\": \"OWASP\",\r\n          \"ruleSetVersion\":
        \"3.2\",\r\n          \"ruleGroupOverrides\": []\r\n        }\r\n      ],\r\n
        \     \"exclusions\": [\r\n        {\r\n          \"matchVariable\": \"RequestHeaderValues\",\r\n
        \         \"selectorMatchOperator\": \"Contains\",\r\n          \"selector\":
        \"Google\",\r\n          \"exclusionManagedRuleSets\": [\r\n            {\r\n
        \             \"ruleSetType\": \"OWASP\",\r\n              \"ruleSetVersion\":
        \"3.2\",\r\n              \"ruleGroups\": [\r\n                {\r\n                  \"ruleGroupName\":
        \"REQUEST-921-PROTOCOL-ATTACK\",\r\n                  \"rules\": [\r\n                    {\r\n
        \                     \"ruleId\": \"921140\"\r\n                    },\r\n
        \                   {\r\n                      \"ruleId\": \"921150\"\r\n
        \                   }\r\n                  ]\r\n                }\r\n              ]\r\n
        \           }\r\n          ]\r\n        }\r\n      ]\r\n    }\r\n  }\r\n}"
    headers:
      azure-asyncnotification:
      - Enabled
      azure-asyncoperation:
      - https://management.azure.com/subscriptions/00000000-0000-0000-0000-000000000000/providers/Microsoft.Network/locations/westus/operations/2da37ed3-1759-4d73-9df4-8c6476aa85ad?api-version=2022-05-01
      cache-control:
      - no-cache
      content-length:
      - '1610'
      content-type:
      - application/json; charset=utf-8
      date:
      - Thu, 05 Jan 2023 06:58:25 GMT
      expires:
      - '-1'
      pragma:
      - no-cache
      server:
      - Microsoft-HTTPAPI/2.0
      - Microsoft-HTTPAPI/2.0
      strict-transport-security:
      - max-age=31536000; includeSubDomains
      transfer-encoding:
      - chunked
      vary:
      - Accept-Encoding
      x-content-type-options:
      - nosniff
      x-ms-arm-service-request-id:
      - 996d8ed6-c3ad-4c1f-9157-b989c11d90e4
      x-ms-ratelimit-remaining-subscription-writes:
      - '1199'
    status:
      code: 200
      message: OK
- request:
    body: null
    headers:
      Accept:
      - application/json
      Accept-Encoding:
      - gzip, deflate
      CommandName:
      - network application-gateway waf-policy managed-rule exclusion rule-set add
      Connection:
      - keep-alive
      ParameterSetName:
      - -g --policy-name --match-variable --match-operator --selector --type --version
        --group-name --rule-ids
      User-Agent:
      - AZURECLI/2.43.0 (PIP) (AAZ) azsdk-python-core/1.24.0 Python/3.8.10 (Windows-10-10.0.19045-SP0)
    method: GET
    uri: https://management.azure.com/subscriptions/00000000-0000-0000-0000-000000000000/resourceGroups/cli_test_app_gateway_waf_policy_exclusion_rule_set_000001/providers/Microsoft.Network/ApplicationGatewayWebApplicationFirewallPolicies/agp?api-version=2022-05-01
  response:
    body:
      string: "{\r\n  \"name\": \"agp\",\r\n  \"id\": \"/subscriptions/00000000-0000-0000-0000-000000000000/resourceGroups/cli_test_app_gateway_waf_policy_exclusion_rule_set_000001/providers/Microsoft.Network/ApplicationGatewayWebApplicationFirewallPolicies/agp\",\r\n
        \ \"etag\": \"W/\\\"36c018bf-11cf-4e74-a34a-6acaaeae5ffb\\\"\",\r\n  \"type\":
        \"Microsoft.Network/ApplicationGatewayWebApplicationFirewallPolicies\",\r\n
        \ \"location\": \"westus\",\r\n  \"properties\": {\r\n    \"provisioningState\":
        \"Succeeded\",\r\n    \"customRules\": [],\r\n    \"policySettings\": {\r\n
        \     \"requestBodyCheck\": true,\r\n      \"maxRequestBodySizeInKb\": 128,\r\n
        \     \"fileUploadLimitInMb\": 100,\r\n      \"state\": \"Disabled\",\r\n
        \     \"mode\": \"Detection\"\r\n    },\r\n    \"managedRules\": {\r\n      \"managedRuleSets\":
        [\r\n        {\r\n          \"ruleSetType\": \"OWASP\",\r\n          \"ruleSetVersion\":
        \"3.2\",\r\n          \"ruleGroupOverrides\": []\r\n        }\r\n      ],\r\n
        \     \"exclusions\": [\r\n        {\r\n          \"matchVariable\": \"RequestHeaderValues\",\r\n
        \         \"selectorMatchOperator\": \"Contains\",\r\n          \"selector\":
        \"Google\",\r\n          \"exclusionManagedRuleSets\": [\r\n            {\r\n
        \             \"ruleSetType\": \"OWASP\",\r\n              \"ruleSetVersion\":
        \"3.2\",\r\n              \"ruleGroups\": [\r\n                {\r\n                  \"ruleGroupName\":
        \"REQUEST-921-PROTOCOL-ATTACK\",\r\n                  \"rules\": [\r\n                    {\r\n
        \                     \"ruleId\": \"921140\"\r\n                    },\r\n
        \                   {\r\n                      \"ruleId\": \"921150\"\r\n
        \                   }\r\n                  ]\r\n                }\r\n              ]\r\n
        \           }\r\n          ]\r\n        }\r\n      ]\r\n    }\r\n  }\r\n}"
    headers:
      cache-control:
      - no-cache
      content-length:
      - '1611'
      content-type:
      - application/json; charset=utf-8
      date:
      - Thu, 05 Jan 2023 06:58:26 GMT
      etag:
      - W/"36c018bf-11cf-4e74-a34a-6acaaeae5ffb"
      expires:
      - '-1'
      pragma:
      - no-cache
      server:
      - Microsoft-HTTPAPI/2.0
      - Microsoft-HTTPAPI/2.0
      strict-transport-security:
      - max-age=31536000; includeSubDomains
      transfer-encoding:
      - chunked
      vary:
      - Accept-Encoding
      x-content-type-options:
      - nosniff
      x-ms-arm-service-request-id:
      - 53b54272-3a30-4e55-a62f-83a92dbd71fc
    status:
      code: 200
      message: OK
- request:
    body: '{"id": "/subscriptions/00000000-0000-0000-0000-000000000000/resourceGroups/cli_test_app_gateway_waf_policy_exclusion_rule_set_000001/providers/Microsoft.Network/ApplicationGatewayWebApplicationFirewallPolicies/agp",
      "location": "westus", "properties": {"customRules": [], "managedRules": {"exclusions":
      [{"exclusionManagedRuleSets": [{"ruleGroups": [{"ruleGroupName": "REQUEST-921-PROTOCOL-ATTACK",
      "rules": [{"ruleId": "921140"}, {"ruleId": "921150"}]}], "ruleSetType": "OWASP",
      "ruleSetVersion": "3.2"}], "matchVariable": "RequestHeaderValues", "selector":
      "Google", "selectorMatchOperator": "Contains"}, {"exclusionManagedRuleSets":
      [{"ruleGroups": [{"ruleGroupName": "REQUEST-920-PROTOCOL-ENFORCEMENT", "rules":
      [{"ruleId": "920340"}]}], "ruleSetType": "OWASP", "ruleSetVersion": "3.2"}],
      "matchVariable": "RequestHeaderNames", "selector": "Bing", "selectorMatchOperator":
      "StartsWith"}], "managedRuleSets": [{"ruleGroupOverrides": [], "ruleSetType":
      "OWASP", "ruleSetVersion": "3.2"}]}, "policySettings": {"fileUploadLimitInMb":
      100, "maxRequestBodySizeInKb": 128, "mode": "Detection", "requestBodyCheck":
      true, "state": "Disabled"}}}'
    headers:
      Accept:
      - application/json
      Accept-Encoding:
      - gzip, deflate
      CommandName:
      - network application-gateway waf-policy managed-rule exclusion rule-set add
      Connection:
      - keep-alive
      Content-Length:
      - '1139'
      Content-Type:
      - application/json
      ParameterSetName:
      - -g --policy-name --match-variable --match-operator --selector --type --version
        --group-name --rule-ids
      User-Agent:
      - AZURECLI/2.43.0 (PIP) (AAZ) azsdk-python-core/1.24.0 Python/3.8.10 (Windows-10-10.0.19045-SP0)
    method: PUT
    uri: https://management.azure.com/subscriptions/00000000-0000-0000-0000-000000000000/resourceGroups/cli_test_app_gateway_waf_policy_exclusion_rule_set_000001/providers/Microsoft.Network/ApplicationGatewayWebApplicationFirewallPolicies/agp?api-version=2022-05-01
  response:
    body:
      string: "{\r\n  \"name\": \"agp\",\r\n  \"id\": \"/subscriptions/00000000-0000-0000-0000-000000000000/resourceGroups/cli_test_app_gateway_waf_policy_exclusion_rule_set_000001/providers/Microsoft.Network/ApplicationGatewayWebApplicationFirewallPolicies/agp\",\r\n
        \ \"etag\": \"W/\\\"e4e85c6e-f1f6-43c3-ad66-7ed2292a2f3a\\\"\",\r\n  \"type\":
        \"Microsoft.Network/ApplicationGatewayWebApplicationFirewallPolicies\",\r\n
        \ \"location\": \"westus\",\r\n  \"properties\": {\r\n    \"provisioningState\":
        \"Updating\",\r\n    \"customRules\": [],\r\n    \"policySettings\": {\r\n
        \     \"requestBodyCheck\": true,\r\n      \"maxRequestBodySizeInKb\": 128,\r\n
        \     \"fileUploadLimitInMb\": 100,\r\n      \"state\": \"Disabled\",\r\n
        \     \"mode\": \"Detection\"\r\n    },\r\n    \"managedRules\": {\r\n      \"managedRuleSets\":
        [\r\n        {\r\n          \"ruleSetType\": \"OWASP\",\r\n          \"ruleSetVersion\":
        \"3.2\",\r\n          \"ruleGroupOverrides\": []\r\n        }\r\n      ],\r\n
        \     \"exclusions\": [\r\n        {\r\n          \"matchVariable\": \"RequestHeaderValues\",\r\n
        \         \"selectorMatchOperator\": \"Contains\",\r\n          \"selector\":
        \"Google\",\r\n          \"exclusionManagedRuleSets\": [\r\n            {\r\n
        \             \"ruleSetType\": \"OWASP\",\r\n              \"ruleSetVersion\":
        \"3.2\",\r\n              \"ruleGroups\": [\r\n                {\r\n                  \"ruleGroupName\":
        \"REQUEST-921-PROTOCOL-ATTACK\",\r\n                  \"rules\": [\r\n                    {\r\n
        \                     \"ruleId\": \"921140\"\r\n                    },\r\n
        \                   {\r\n                      \"ruleId\": \"921150\"\r\n
        \                   }\r\n                  ]\r\n                }\r\n              ]\r\n
        \           }\r\n          ]\r\n        },\r\n        {\r\n          \"matchVariable\":
        \"RequestHeaderNames\",\r\n          \"selectorMatchOperator\": \"StartsWith\",\r\n
        \         \"selector\": \"Bing\",\r\n          \"exclusionManagedRuleSets\":
        [\r\n            {\r\n              \"ruleSetType\": \"OWASP\",\r\n              \"ruleSetVersion\":
        \"3.2\",\r\n              \"ruleGroups\": [\r\n                {\r\n                  \"ruleGroupName\":
        \"REQUEST-920-PROTOCOL-ENFORCEMENT\",\r\n                  \"rules\": [\r\n
        \                   {\r\n                      \"ruleId\": \"920340\"\r\n
        \                   }\r\n                  ]\r\n                }\r\n              ]\r\n
        \           }\r\n          ]\r\n        }\r\n      ]\r\n    }\r\n  }\r\n}"
    headers:
      azure-asyncnotification:
      - Enabled
      azure-asyncoperation:
      - https://management.azure.com/subscriptions/00000000-0000-0000-0000-000000000000/providers/Microsoft.Network/locations/westus/operations/0ef2c67f-1c37-4776-ae5d-a69cfbda1e97?api-version=2022-05-01
      cache-control:
      - no-cache
      content-length:
      - '2224'
      content-type:
      - application/json; charset=utf-8
      date:
      - Thu, 05 Jan 2023 06:58:27 GMT
      expires:
      - '-1'
      pragma:
      - no-cache
      server:
      - Microsoft-HTTPAPI/2.0
      - Microsoft-HTTPAPI/2.0
      strict-transport-security:
      - max-age=31536000; includeSubDomains
      transfer-encoding:
      - chunked
      vary:
      - Accept-Encoding
      x-content-type-options:
      - nosniff
      x-ms-arm-service-request-id:
      - 56a3b106-8c7f-4e74-ad0d-5315f00ac84f
      x-ms-ratelimit-remaining-subscription-writes:
      - '1199'
    status:
      code: 200
      message: OK
- request:
    body: null
    headers:
      Accept:
      - application/json
      Accept-Encoding:
      - gzip, deflate
      CommandName:
      - network application-gateway waf-policy managed-rule exclusion rule-set add
      Connection:
      - keep-alive
      ParameterSetName:
      - -g --policy-name --match-variable --match-operator --selector --type --version
        --group-name --rule-ids
      User-Agent:
      - AZURECLI/2.43.0 (PIP) (AAZ) azsdk-python-core/1.24.0 Python/3.8.10 (Windows-10-10.0.19045-SP0)
    method: GET
    uri: https://management.azure.com/subscriptions/00000000-0000-0000-0000-000000000000/resourceGroups/cli_test_app_gateway_waf_policy_exclusion_rule_set_000001/providers/Microsoft.Network/ApplicationGatewayWebApplicationFirewallPolicies/agp?api-version=2022-05-01
  response:
    body:
      string: "{\r\n  \"name\": \"agp\",\r\n  \"id\": \"/subscriptions/00000000-0000-0000-0000-000000000000/resourceGroups/cli_test_app_gateway_waf_policy_exclusion_rule_set_000001/providers/Microsoft.Network/ApplicationGatewayWebApplicationFirewallPolicies/agp\",\r\n
        \ \"etag\": \"W/\\\"d87a0f5b-bbf6-4116-ae74-d34e33b845e4\\\"\",\r\n  \"type\":
        \"Microsoft.Network/ApplicationGatewayWebApplicationFirewallPolicies\",\r\n
        \ \"location\": \"westus\",\r\n  \"properties\": {\r\n    \"provisioningState\":
        \"Succeeded\",\r\n    \"customRules\": [],\r\n    \"policySettings\": {\r\n
        \     \"requestBodyCheck\": true,\r\n      \"maxRequestBodySizeInKb\": 128,\r\n
        \     \"fileUploadLimitInMb\": 100,\r\n      \"state\": \"Disabled\",\r\n
        \     \"mode\": \"Detection\"\r\n    },\r\n    \"managedRules\": {\r\n      \"managedRuleSets\":
        [\r\n        {\r\n          \"ruleSetType\": \"OWASP\",\r\n          \"ruleSetVersion\":
        \"3.2\",\r\n          \"ruleGroupOverrides\": []\r\n        }\r\n      ],\r\n
        \     \"exclusions\": [\r\n        {\r\n          \"matchVariable\": \"RequestHeaderValues\",\r\n
        \         \"selectorMatchOperator\": \"Contains\",\r\n          \"selector\":
        \"Google\",\r\n          \"exclusionManagedRuleSets\": [\r\n            {\r\n
        \             \"ruleSetType\": \"OWASP\",\r\n              \"ruleSetVersion\":
        \"3.2\",\r\n              \"ruleGroups\": [\r\n                {\r\n                  \"ruleGroupName\":
        \"REQUEST-921-PROTOCOL-ATTACK\",\r\n                  \"rules\": [\r\n                    {\r\n
        \                     \"ruleId\": \"921140\"\r\n                    },\r\n
        \                   {\r\n                      \"ruleId\": \"921150\"\r\n
        \                   }\r\n                  ]\r\n                }\r\n              ]\r\n
        \           }\r\n          ]\r\n        },\r\n        {\r\n          \"matchVariable\":
        \"RequestHeaderNames\",\r\n          \"selectorMatchOperator\": \"StartsWith\",\r\n
        \         \"selector\": \"Bing\",\r\n          \"exclusionManagedRuleSets\":
        [\r\n            {\r\n              \"ruleSetType\": \"OWASP\",\r\n              \"ruleSetVersion\":
        \"3.2\",\r\n              \"ruleGroups\": [\r\n                {\r\n                  \"ruleGroupName\":
        \"REQUEST-920-PROTOCOL-ENFORCEMENT\",\r\n                  \"rules\": [\r\n
        \                   {\r\n                      \"ruleId\": \"920340\"\r\n
        \                   }\r\n                  ]\r\n                }\r\n              ]\r\n
        \           }\r\n          ]\r\n        }\r\n      ]\r\n    }\r\n  }\r\n}"
    headers:
      cache-control:
      - no-cache
      content-length:
      - '2225'
      content-type:
      - application/json; charset=utf-8
      date:
      - Thu, 05 Jan 2023 06:58:29 GMT
      etag:
      - W/"d87a0f5b-bbf6-4116-ae74-d34e33b845e4"
      expires:
      - '-1'
      pragma:
      - no-cache
      server:
      - Microsoft-HTTPAPI/2.0
      - Microsoft-HTTPAPI/2.0
      strict-transport-security:
      - max-age=31536000; includeSubDomains
      transfer-encoding:
      - chunked
      vary:
      - Accept-Encoding
      x-content-type-options:
      - nosniff
      x-ms-arm-service-request-id:
      - d3ae7398-92da-49a9-a309-eab1603b8823
    status:
      code: 200
      message: OK
- request:
    body: '{"id": "/subscriptions/00000000-0000-0000-0000-000000000000/resourceGroups/cli_test_app_gateway_waf_policy_exclusion_rule_set_000001/providers/Microsoft.Network/ApplicationGatewayWebApplicationFirewallPolicies/agp",
      "location": "westus", "properties": {"customRules": [], "managedRules": {"exclusions":
      [{"exclusionManagedRuleSets": [{"ruleGroups": [{"ruleGroupName": "REQUEST-921-PROTOCOL-ATTACK",
      "rules": [{"ruleId": "921140"}, {"ruleId": "921150"}]}], "ruleSetType": "OWASP",
      "ruleSetVersion": "3.2"}], "matchVariable": "RequestHeaderValues", "selector":
      "Google", "selectorMatchOperator": "Contains"}, {"exclusionManagedRuleSets":
      [{"ruleGroups": [{"ruleGroupName": "REQUEST-920-PROTOCOL-ENFORCEMENT", "rules":
      [{"ruleId": "920340"}]}, {"ruleGroupName": "REQUEST-921-PROTOCOL-ATTACK", "rules":
      [{"ruleId": "921140"}, {"ruleId": "921150"}]}], "ruleSetType": "OWASP", "ruleSetVersion":
      "3.2"}], "matchVariable": "RequestHeaderNames", "selector": "Bing", "selectorMatchOperator":
      "StartsWith"}], "managedRuleSets": [{"ruleGroupOverrides": [], "ruleSetType":
      "OWASP", "ruleSetVersion": "3.2"}]}, "policySettings": {"fileUploadLimitInMb":
      100, "maxRequestBodySizeInKb": 128, "mode": "Detection", "requestBodyCheck":
      true, "state": "Disabled"}}}'
    headers:
      Accept:
      - application/json
      Accept-Encoding:
      - gzip, deflate
      CommandName:
      - network application-gateway waf-policy managed-rule exclusion rule-set add
      Connection:
      - keep-alive
      Content-Length:
      - '1244'
      Content-Type:
      - application/json
      ParameterSetName:
      - -g --policy-name --match-variable --match-operator --selector --type --version
        --group-name --rule-ids
      User-Agent:
      - AZURECLI/2.43.0 (PIP) (AAZ) azsdk-python-core/1.24.0 Python/3.8.10 (Windows-10-10.0.19045-SP0)
    method: PUT
    uri: https://management.azure.com/subscriptions/00000000-0000-0000-0000-000000000000/resourceGroups/cli_test_app_gateway_waf_policy_exclusion_rule_set_000001/providers/Microsoft.Network/ApplicationGatewayWebApplicationFirewallPolicies/agp?api-version=2022-05-01
  response:
    body:
      string: "{\r\n  \"name\": \"agp\",\r\n  \"id\": \"/subscriptions/00000000-0000-0000-0000-000000000000/resourceGroups/cli_test_app_gateway_waf_policy_exclusion_rule_set_000001/providers/Microsoft.Network/ApplicationGatewayWebApplicationFirewallPolicies/agp\",\r\n
        \ \"etag\": \"W/\\\"9c492369-c931-4392-b14f-9915f056cdb8\\\"\",\r\n  \"type\":
        \"Microsoft.Network/ApplicationGatewayWebApplicationFirewallPolicies\",\r\n
        \ \"location\": \"westus\",\r\n  \"properties\": {\r\n    \"provisioningState\":
        \"Updating\",\r\n    \"customRules\": [],\r\n    \"policySettings\": {\r\n
        \     \"requestBodyCheck\": true,\r\n      \"maxRequestBodySizeInKb\": 128,\r\n
        \     \"fileUploadLimitInMb\": 100,\r\n      \"state\": \"Disabled\",\r\n
        \     \"mode\": \"Detection\"\r\n    },\r\n    \"managedRules\": {\r\n      \"managedRuleSets\":
        [\r\n        {\r\n          \"ruleSetType\": \"OWASP\",\r\n          \"ruleSetVersion\":
        \"3.2\",\r\n          \"ruleGroupOverrides\": []\r\n        }\r\n      ],\r\n
        \     \"exclusions\": [\r\n        {\r\n          \"matchVariable\": \"RequestHeaderValues\",\r\n
        \         \"selectorMatchOperator\": \"Contains\",\r\n          \"selector\":
        \"Google\",\r\n          \"exclusionManagedRuleSets\": [\r\n            {\r\n
        \             \"ruleSetType\": \"OWASP\",\r\n              \"ruleSetVersion\":
        \"3.2\",\r\n              \"ruleGroups\": [\r\n                {\r\n                  \"ruleGroupName\":
        \"REQUEST-921-PROTOCOL-ATTACK\",\r\n                  \"rules\": [\r\n                    {\r\n
        \                     \"ruleId\": \"921140\"\r\n                    },\r\n
        \                   {\r\n                      \"ruleId\": \"921150\"\r\n
        \                   }\r\n                  ]\r\n                }\r\n              ]\r\n
        \           }\r\n          ]\r\n        },\r\n        {\r\n          \"matchVariable\":
        \"RequestHeaderNames\",\r\n          \"selectorMatchOperator\": \"StartsWith\",\r\n
        \         \"selector\": \"Bing\",\r\n          \"exclusionManagedRuleSets\":
        [\r\n            {\r\n              \"ruleSetType\": \"OWASP\",\r\n              \"ruleSetVersion\":
        \"3.2\",\r\n              \"ruleGroups\": [\r\n                {\r\n                  \"ruleGroupName\":
        \"REQUEST-920-PROTOCOL-ENFORCEMENT\",\r\n                  \"rules\": [\r\n
        \                   {\r\n                      \"ruleId\": \"920340\"\r\n
        \                   }\r\n                  ]\r\n                },\r\n                {\r\n
        \                 \"ruleGroupName\": \"REQUEST-921-PROTOCOL-ATTACK\",\r\n
        \                 \"rules\": [\r\n                    {\r\n                      \"ruleId\":
        \"921140\"\r\n                    },\r\n                    {\r\n                      \"ruleId\":
        \"921150\"\r\n                    }\r\n                  ]\r\n                }\r\n
        \             ]\r\n            }\r\n          ]\r\n        }\r\n      ]\r\n
        \   }\r\n  }\r\n}"
    headers:
      azure-asyncnotification:
      - Enabled
      azure-asyncoperation:
      - https://management.azure.com/subscriptions/00000000-0000-0000-0000-000000000000/providers/Microsoft.Network/locations/westus/operations/be03c34c-df30-46bc-9a38-4ad74a8e46df?api-version=2022-05-01
      cache-control:
      - no-cache
      content-length:
      - '2558'
      content-type:
      - application/json; charset=utf-8
      date:
      - Thu, 05 Jan 2023 06:58:30 GMT
      expires:
      - '-1'
      pragma:
      - no-cache
      server:
      - Microsoft-HTTPAPI/2.0
      - Microsoft-HTTPAPI/2.0
      strict-transport-security:
      - max-age=31536000; includeSubDomains
      transfer-encoding:
      - chunked
      vary:
      - Accept-Encoding
      x-content-type-options:
      - nosniff
      x-ms-arm-service-request-id:
      - 30c28aad-7f4c-4d0b-9122-96bc292df195
      x-ms-ratelimit-remaining-subscription-writes:
      - '1199'
    status:
      code: 200
      message: OK
- request:
    body: null
    headers:
      Accept:
      - application/json
      Accept-Encoding:
      - gzip, deflate
      CommandName:
      - network application-gateway waf-policy managed-rule exclusion rule-set remove
      Connection:
      - keep-alive
      ParameterSetName:
      - -g --policy-name --match-variable --match-operator --selector --type --version
        --group-name
      User-Agent:
      - AZURECLI/2.43.0 (PIP) (AAZ) azsdk-python-core/1.24.0 Python/3.8.10 (Windows-10-10.0.19045-SP0)
    method: GET
    uri: https://management.azure.com/subscriptions/00000000-0000-0000-0000-000000000000/resourceGroups/cli_test_app_gateway_waf_policy_exclusion_rule_set_000001/providers/Microsoft.Network/ApplicationGatewayWebApplicationFirewallPolicies/agp?api-version=2022-05-01
  response:
    body:
      string: "{\r\n  \"name\": \"agp\",\r\n  \"id\": \"/subscriptions/00000000-0000-0000-0000-000000000000/resourceGroups/cli_test_app_gateway_waf_policy_exclusion_rule_set_000001/providers/Microsoft.Network/ApplicationGatewayWebApplicationFirewallPolicies/agp\",\r\n
        \ \"etag\": \"W/\\\"606216f6-14eb-40dd-a60c-107ce703bf99\\\"\",\r\n  \"type\":
        \"Microsoft.Network/ApplicationGatewayWebApplicationFirewallPolicies\",\r\n
        \ \"location\": \"westus\",\r\n  \"properties\": {\r\n    \"provisioningState\":
        \"Succeeded\",\r\n    \"customRules\": [],\r\n    \"policySettings\": {\r\n
        \     \"requestBodyCheck\": true,\r\n      \"maxRequestBodySizeInKb\": 128,\r\n
        \     \"fileUploadLimitInMb\": 100,\r\n      \"state\": \"Disabled\",\r\n
        \     \"mode\": \"Detection\"\r\n    },\r\n    \"managedRules\": {\r\n      \"managedRuleSets\":
        [\r\n        {\r\n          \"ruleSetType\": \"OWASP\",\r\n          \"ruleSetVersion\":
        \"3.2\",\r\n          \"ruleGroupOverrides\": []\r\n        }\r\n      ],\r\n
        \     \"exclusions\": [\r\n        {\r\n          \"matchVariable\": \"RequestHeaderValues\",\r\n
        \         \"selectorMatchOperator\": \"Contains\",\r\n          \"selector\":
        \"Google\",\r\n          \"exclusionManagedRuleSets\": [\r\n            {\r\n
        \             \"ruleSetType\": \"OWASP\",\r\n              \"ruleSetVersion\":
        \"3.2\",\r\n              \"ruleGroups\": [\r\n                {\r\n                  \"ruleGroupName\":
        \"REQUEST-921-PROTOCOL-ATTACK\",\r\n                  \"rules\": [\r\n                    {\r\n
        \                     \"ruleId\": \"921140\"\r\n                    },\r\n
        \                   {\r\n                      \"ruleId\": \"921150\"\r\n
        \                   }\r\n                  ]\r\n                }\r\n              ]\r\n
        \           }\r\n          ]\r\n        },\r\n        {\r\n          \"matchVariable\":
        \"RequestHeaderNames\",\r\n          \"selectorMatchOperator\": \"StartsWith\",\r\n
        \         \"selector\": \"Bing\",\r\n          \"exclusionManagedRuleSets\":
        [\r\n            {\r\n              \"ruleSetType\": \"OWASP\",\r\n              \"ruleSetVersion\":
        \"3.2\",\r\n              \"ruleGroups\": [\r\n                {\r\n                  \"ruleGroupName\":
        \"REQUEST-920-PROTOCOL-ENFORCEMENT\",\r\n                  \"rules\": [\r\n
        \                   {\r\n                      \"ruleId\": \"920340\"\r\n
        \                   }\r\n                  ]\r\n                },\r\n                {\r\n
        \                 \"ruleGroupName\": \"REQUEST-921-PROTOCOL-ATTACK\",\r\n
        \                 \"rules\": [\r\n                    {\r\n                      \"ruleId\":
        \"921140\"\r\n                    },\r\n                    {\r\n                      \"ruleId\":
        \"921150\"\r\n                    }\r\n                  ]\r\n                }\r\n
        \             ]\r\n            }\r\n          ]\r\n        }\r\n      ]\r\n
        \   }\r\n  }\r\n}"
    headers:
      cache-control:
      - no-cache
      content-length:
      - '2559'
      content-type:
      - application/json; charset=utf-8
      date:
      - Thu, 05 Jan 2023 06:58:31 GMT
      etag:
      - W/"606216f6-14eb-40dd-a60c-107ce703bf99"
      expires:
      - '-1'
      pragma:
      - no-cache
      server:
      - Microsoft-HTTPAPI/2.0
      - Microsoft-HTTPAPI/2.0
      strict-transport-security:
      - max-age=31536000; includeSubDomains
      transfer-encoding:
      - chunked
      vary:
      - Accept-Encoding
      x-content-type-options:
      - nosniff
      x-ms-arm-service-request-id:
      - d442e520-1c6e-4227-ab13-35edecbf91dc
    status:
      code: 200
      message: OK
- request:
    body: '{"id": "/subscriptions/00000000-0000-0000-0000-000000000000/resourceGroups/cli_test_app_gateway_waf_policy_exclusion_rule_set_000001/providers/Microsoft.Network/ApplicationGatewayWebApplicationFirewallPolicies/agp",
      "location": "westus", "properties": {"customRules": [], "managedRules": {"exclusions":
      [{"exclusionManagedRuleSets": [{"ruleGroups": [{"ruleGroupName": "REQUEST-920-PROTOCOL-ENFORCEMENT",
      "rules": [{"ruleId": "920340"}]}, {"ruleGroupName": "REQUEST-921-PROTOCOL-ATTACK",
      "rules": [{"ruleId": "921140"}, {"ruleId": "921150"}]}], "ruleSetType": "OWASP",
      "ruleSetVersion": "3.2"}], "matchVariable": "RequestHeaderNames", "selector":
      "Bing", "selectorMatchOperator": "StartsWith"}], "managedRuleSets": [{"ruleGroupOverrides":
      [], "ruleSetType": "OWASP", "ruleSetVersion": "3.2"}]}, "policySettings": {"fileUploadLimitInMb":
      100, "maxRequestBodySizeInKb": 128, "mode": "Detection", "requestBodyCheck":
      true, "state": "Disabled"}}}'
    headers:
      Accept:
      - application/json
      Accept-Encoding:
      - gzip, deflate
      CommandName:
      - network application-gateway waf-policy managed-rule exclusion rule-set remove
      Connection:
      - keep-alive
      Content-Length:
      - '941'
      Content-Type:
      - application/json
      ParameterSetName:
      - -g --policy-name --match-variable --match-operator --selector --type --version
        --group-name
      User-Agent:
      - AZURECLI/2.43.0 (PIP) (AAZ) azsdk-python-core/1.24.0 Python/3.8.10 (Windows-10-10.0.19045-SP0)
    method: PUT
    uri: https://management.azure.com/subscriptions/00000000-0000-0000-0000-000000000000/resourceGroups/cli_test_app_gateway_waf_policy_exclusion_rule_set_000001/providers/Microsoft.Network/ApplicationGatewayWebApplicationFirewallPolicies/agp?api-version=2022-05-01
  response:
    body:
      string: "{\r\n  \"name\": \"agp\",\r\n  \"id\": \"/subscriptions/00000000-0000-0000-0000-000000000000/resourceGroups/cli_test_app_gateway_waf_policy_exclusion_rule_set_000001/providers/Microsoft.Network/ApplicationGatewayWebApplicationFirewallPolicies/agp\",\r\n
        \ \"etag\": \"W/\\\"6412d108-fc00-426b-a076-5e19da0b5ae6\\\"\",\r\n  \"type\":
        \"Microsoft.Network/ApplicationGatewayWebApplicationFirewallPolicies\",\r\n
        \ \"location\": \"westus\",\r\n  \"properties\": {\r\n    \"provisioningState\":
        \"Updating\",\r\n    \"customRules\": [],\r\n    \"policySettings\": {\r\n
        \     \"requestBodyCheck\": true,\r\n      \"maxRequestBodySizeInKb\": 128,\r\n
        \     \"fileUploadLimitInMb\": 100,\r\n      \"state\": \"Disabled\",\r\n
        \     \"mode\": \"Detection\"\r\n    },\r\n    \"managedRules\": {\r\n      \"managedRuleSets\":
        [\r\n        {\r\n          \"ruleSetType\": \"OWASP\",\r\n          \"ruleSetVersion\":
        \"3.2\",\r\n          \"ruleGroupOverrides\": []\r\n        }\r\n      ],\r\n
        \     \"exclusions\": [\r\n        {\r\n          \"matchVariable\": \"RequestHeaderNames\",\r\n
        \         \"selectorMatchOperator\": \"StartsWith\",\r\n          \"selector\":
        \"Bing\",\r\n          \"exclusionManagedRuleSets\": [\r\n            {\r\n
        \             \"ruleSetType\": \"OWASP\",\r\n              \"ruleSetVersion\":
        \"3.2\",\r\n              \"ruleGroups\": [\r\n                {\r\n                  \"ruleGroupName\":
        \"REQUEST-920-PROTOCOL-ENFORCEMENT\",\r\n                  \"rules\": [\r\n
        \                   {\r\n                      \"ruleId\": \"920340\"\r\n
        \                   }\r\n                  ]\r\n                },\r\n                {\r\n
        \                 \"ruleGroupName\": \"REQUEST-921-PROTOCOL-ATTACK\",\r\n
        \                 \"rules\": [\r\n                    {\r\n                      \"ruleId\":
        \"921140\"\r\n                    },\r\n                    {\r\n                      \"ruleId\":
        \"921150\"\r\n                    }\r\n                  ]\r\n                }\r\n
        \             ]\r\n            }\r\n          ]\r\n        }\r\n      ]\r\n
        \   }\r\n  }\r\n}"
    headers:
      azure-asyncnotification:
      - Enabled
      azure-asyncoperation:
      - https://management.azure.com/subscriptions/00000000-0000-0000-0000-000000000000/providers/Microsoft.Network/locations/westus/operations/b9bfc71e-1ed1-4949-83ea-54d12a7d5ba1?api-version=2022-05-01
      cache-control:
      - no-cache
      content-length:
      - '1859'
      content-type:
      - application/json; charset=utf-8
      date:
      - Thu, 05 Jan 2023 06:58:32 GMT
      expires:
      - '-1'
      pragma:
      - no-cache
      server:
      - Microsoft-HTTPAPI/2.0
      - Microsoft-HTTPAPI/2.0
      strict-transport-security:
      - max-age=31536000; includeSubDomains
      transfer-encoding:
      - chunked
      vary:
      - Accept-Encoding
      x-content-type-options:
      - nosniff
      x-ms-arm-service-request-id:
      - 86b4f792-88fa-4101-bc37-ed1d404be851
      x-ms-ratelimit-remaining-subscription-writes:
      - '1199'
    status:
      code: 200
      message: OK
- request:
    body: null
    headers:
      Accept:
      - application/json
      Accept-Encoding:
      - gzip, deflate
      CommandName:
      - network application-gateway waf-policy managed-rule exclusion rule-set list
      Connection:
      - keep-alive
      ParameterSetName:
      - -g --policy-name
      User-Agent:
      - AZURECLI/2.43.0 (PIP) (AAZ) azsdk-python-core/1.24.0 Python/3.8.10 (Windows-10-10.0.19045-SP0)
    method: GET
    uri: https://management.azure.com/subscriptions/00000000-0000-0000-0000-000000000000/resourceGroups/cli_test_app_gateway_waf_policy_exclusion_rule_set_000001/providers/Microsoft.Network/ApplicationGatewayWebApplicationFirewallPolicies/agp?api-version=2022-05-01
  response:
    body:
      string: "{\r\n  \"name\": \"agp\",\r\n  \"id\": \"/subscriptions/00000000-0000-0000-0000-000000000000/resourceGroups/cli_test_app_gateway_waf_policy_exclusion_rule_set_000001/providers/Microsoft.Network/ApplicationGatewayWebApplicationFirewallPolicies/agp\",\r\n
        \ \"etag\": \"W/\\\"edbf2fb5-35ab-478c-9a57-187c8f373397\\\"\",\r\n  \"type\":
        \"Microsoft.Network/ApplicationGatewayWebApplicationFirewallPolicies\",\r\n
        \ \"location\": \"westus\",\r\n  \"properties\": {\r\n    \"provisioningState\":
        \"Succeeded\",\r\n    \"customRules\": [],\r\n    \"policySettings\": {\r\n
        \     \"requestBodyCheck\": true,\r\n      \"maxRequestBodySizeInKb\": 128,\r\n
        \     \"fileUploadLimitInMb\": 100,\r\n      \"state\": \"Disabled\",\r\n
        \     \"mode\": \"Detection\"\r\n    },\r\n    \"managedRules\": {\r\n      \"managedRuleSets\":
        [\r\n        {\r\n          \"ruleSetType\": \"OWASP\",\r\n          \"ruleSetVersion\":
        \"3.2\",\r\n          \"ruleGroupOverrides\": []\r\n        }\r\n      ],\r\n
        \     \"exclusions\": [\r\n        {\r\n          \"matchVariable\": \"RequestHeaderNames\",\r\n
        \         \"selectorMatchOperator\": \"StartsWith\",\r\n          \"selector\":
        \"Bing\",\r\n          \"exclusionManagedRuleSets\": [\r\n            {\r\n
        \             \"ruleSetType\": \"OWASP\",\r\n              \"ruleSetVersion\":
        \"3.2\",\r\n              \"ruleGroups\": [\r\n                {\r\n                  \"ruleGroupName\":
        \"REQUEST-920-PROTOCOL-ENFORCEMENT\",\r\n                  \"rules\": [\r\n
        \                   {\r\n                      \"ruleId\": \"920340\"\r\n
        \                   }\r\n                  ]\r\n                },\r\n                {\r\n
        \                 \"ruleGroupName\": \"REQUEST-921-PROTOCOL-ATTACK\",\r\n
        \                 \"rules\": [\r\n                    {\r\n                      \"ruleId\":
        \"921140\"\r\n                    },\r\n                    {\r\n                      \"ruleId\":
        \"921150\"\r\n                    }\r\n                  ]\r\n                }\r\n
        \             ]\r\n            }\r\n          ]\r\n        }\r\n      ]\r\n
        \   }\r\n  }\r\n}"
    headers:
      cache-control:
      - no-cache
      content-length:
      - '1860'
      content-type:
      - application/json; charset=utf-8
      date:
      - Thu, 05 Jan 2023 06:58:34 GMT
      etag:
      - W/"edbf2fb5-35ab-478c-9a57-187c8f373397"
      expires:
      - '-1'
      pragma:
      - no-cache
      server:
      - Microsoft-HTTPAPI/2.0
      - Microsoft-HTTPAPI/2.0
      strict-transport-security:
      - max-age=31536000; includeSubDomains
      transfer-encoding:
      - chunked
      vary:
      - Accept-Encoding
      x-content-type-options:
      - nosniff
      x-ms-arm-service-request-id:
      - 05c53392-27f6-4320-90c1-d454cf2c6c69
    status:
      code: 200
      message: OK
version: 1
