interactions:
- request:
    body: null
    headers:
      Accept:
      - application/json
      Accept-Encoding:
      - gzip, deflate
      CommandName:
      - network vwan create
      Connection:
      - keep-alive
      ParameterSetName:
      - -n -g --type
      User-Agent:
      - python/3.7.4 (Windows-10-10.0.19041-SP0) msrest/0.6.21 msrest_azure/0.6.3
        azure-mgmt-resource/12.0.0 Azure-SDK-For-Python AZURECLI/2.19.1
      accept-language:
      - en-US
    method: GET
    uri: https://management.azure.com/subscriptions/00000000-0000-0000-0000-000000000000/resourcegroups/clitest.rg000001?api-version=2020-10-01
  response:
    body:
      string: '{"id":"/subscriptions/00000000-0000-0000-0000-000000000000/resourceGroups/clitest.rg000001","name":"clitest.rg000001","type":"Microsoft.Resources/resourceGroups","location":"westus","tags":{"product":"azurecli","cause":"automation","date":"2021-02-24T12:02:09Z"},"properties":{"provisioningState":"Succeeded"}}'
    headers:
      cache-control:
      - no-cache
      content-length:
      - '428'
      content-type:
      - application/json; charset=utf-8
      date:
      - Wed, 24 Feb 2021 12:02:12 GMT
      expires:
      - '-1'
      pragma:
      - no-cache
      strict-transport-security:
      - max-age=31536000; includeSubDomains
      vary:
      - Accept-Encoding
      x-content-type-options:
      - nosniff
    status:
      code: 200
      message: OK
- request:
    body: '{"location": "westus"}'
    headers:
      Accept:
      - application/json
      Accept-Encoding:
      - gzip, deflate
      CommandName:
      - network vwan create
      Connection:
      - keep-alive
      Content-Length:
      - '22'
      Content-Type:
      - application/json; charset=utf-8
      ParameterSetName:
      - -n -g --type
      User-Agent:
      - python/3.7.4 (Windows-10-10.0.19041-SP0) msrest/0.6.21 msrest_azure/0.6.3
        azure-mgmt-network/10.2.0 Azure-SDK-For-Python AZURECLI/2.19.1
      accept-language:
      - en-US
    method: PUT
    uri: https://management.azure.com/subscriptions/00000000-0000-0000-0000-000000000000/resourceGroups/clitest.rg000001/providers/Microsoft.Network/virtualWans/clitestvwan?api-version=2020-05-01
  response:
    body:
      string: "{\r\n  \"name\": \"clitestvwan\",\r\n  \"id\": \"/subscriptions/00000000-0000-0000-0000-000000000000/resourceGroups/clitest.rg000001/providers/Microsoft.Network/virtualWans/clitestvwan\",\r\n
        \ \"etag\": \"W/\\\"8984fe1f-f0fd-4cf6-bfc7-ec86ef05e378\\\"\",\r\n  \"type\":
        \"Microsoft.Network/virtualWans\",\r\n  \"location\": \"westus\",\r\n  \"properties\":
        {\r\n    \"provisioningState\": \"Updating\",\r\n    \"disableVpnEncryption\":
        false,\r\n    \"allowBranchToBranchTraffic\": true,\r\n    \"office365LocalBreakoutCategory\":
        \"None\",\r\n    \"type\": \"Standard\"\r\n  }\r\n}"
    headers:
      azure-asyncnotification:
      - Enabled
      azure-asyncoperation:
      - https://management.azure.com/subscriptions/00000000-0000-0000-0000-000000000000/providers/Microsoft.Network/locations/westus/operations/c2f47814-564e-4dfa-8773-290b8c990848?api-version=2020-05-01
      cache-control:
      - no-cache
      content-length:
      - '573'
      content-type:
      - application/json; charset=utf-8
      date:
      - Wed, 24 Feb 2021 12:02:19 GMT
      expires:
      - '-1'
      pragma:
      - no-cache
      server:
      - Microsoft-HTTPAPI/2.0
      - Microsoft-HTTPAPI/2.0
      strict-transport-security:
      - max-age=31536000; includeSubDomains
      x-content-type-options:
      - nosniff
      x-ms-arm-service-request-id:
      - fd5fb7ac-28c9-443e-bf40-90414b91ed19
      x-ms-ratelimit-remaining-subscription-writes:
      - '1172'
    status:
      code: 201
      message: Created
- request:
    body: null
    headers:
      Accept:
      - application/json
      Accept-Encoding:
      - gzip, deflate
      CommandName:
      - network vwan create
      Connection:
      - keep-alive
      ParameterSetName:
      - -n -g --type
      User-Agent:
      - python/3.7.4 (Windows-10-10.0.19041-SP0) msrest/0.6.21 msrest_azure/0.6.3
        azure-mgmt-network/10.2.0 Azure-SDK-For-Python AZURECLI/2.19.1
    method: GET
    uri: https://management.azure.com/subscriptions/00000000-0000-0000-0000-000000000000/providers/Microsoft.Network/locations/westus/operations/c2f47814-564e-4dfa-8773-290b8c990848?api-version=2020-05-01
  response:
    body:
      string: "{\r\n  \"status\": \"Succeeded\"\r\n}"
    headers:
      cache-control:
      - no-cache
      content-length:
      - '29'
      content-type:
      - application/json; charset=utf-8
      date:
      - Wed, 24 Feb 2021 12:02:29 GMT
      expires:
      - '-1'
      pragma:
      - no-cache
      server:
      - Microsoft-HTTPAPI/2.0
      - Microsoft-HTTPAPI/2.0
      strict-transport-security:
      - max-age=31536000; includeSubDomains
      transfer-encoding:
      - chunked
      vary:
      - Accept-Encoding
      x-content-type-options:
      - nosniff
      x-ms-arm-service-request-id:
      - 2a70f594-f231-406a-9bf2-48796ceed003
    status:
      code: 200
      message: OK
- request:
    body: null
    headers:
      Accept:
      - application/json
      Accept-Encoding:
      - gzip, deflate
      CommandName:
      - network vwan create
      Connection:
      - keep-alive
      ParameterSetName:
      - -n -g --type
      User-Agent:
      - python/3.7.4 (Windows-10-10.0.19041-SP0) msrest/0.6.21 msrest_azure/0.6.3
        azure-mgmt-network/10.2.0 Azure-SDK-For-Python AZURECLI/2.19.1
    method: GET
    uri: https://management.azure.com/subscriptions/00000000-0000-0000-0000-000000000000/resourceGroups/clitest.rg000001/providers/Microsoft.Network/virtualWans/clitestvwan?api-version=2020-05-01
  response:
    body:
      string: "{\r\n  \"name\": \"clitestvwan\",\r\n  \"id\": \"/subscriptions/00000000-0000-0000-0000-000000000000/resourceGroups/clitest.rg000001/providers/Microsoft.Network/virtualWans/clitestvwan\",\r\n
        \ \"etag\": \"W/\\\"e2a2b876-86f4-4938-b85d-882180c25b15\\\"\",\r\n  \"type\":
        \"Microsoft.Network/virtualWans\",\r\n  \"location\": \"westus\",\r\n  \"properties\":
        {\r\n    \"provisioningState\": \"Succeeded\",\r\n    \"disableVpnEncryption\":
        false,\r\n    \"allowBranchToBranchTraffic\": true,\r\n    \"office365LocalBreakoutCategory\":
        \"None\",\r\n    \"type\": \"Standard\"\r\n  }\r\n}"
    headers:
      cache-control:
      - no-cache
      content-length:
      - '574'
      content-type:
      - application/json; charset=utf-8
      date:
      - Wed, 24 Feb 2021 12:02:30 GMT
      etag:
      - W/"e2a2b876-86f4-4938-b85d-882180c25b15"
      expires:
      - '-1'
      pragma:
      - no-cache
      server:
      - Microsoft-HTTPAPI/2.0
      - Microsoft-HTTPAPI/2.0
      strict-transport-security:
      - max-age=31536000; includeSubDomains
      transfer-encoding:
      - chunked
      vary:
      - Accept-Encoding
      x-content-type-options:
      - nosniff
      x-ms-arm-service-request-id:
      - fcd78fe0-9c7f-4568-bca9-e37e2bcb0b6c
    status:
      code: 200
      message: OK
- request:
    body: '{"location": "westus", "properties": {"virtualWan": {"id": "/subscriptions/00000000-0000-0000-0000-000000000000/resourceGroups/clitest.rg000001/providers/Microsoft.Network/virtualWans/clitestvwan"},
      "addressPrefix": "10.5.0.0/16", "sku": "Standard"}}'
    headers:
      Accept:
      - application/json
      Accept-Encoding:
      - gzip, deflate
      CommandName:
      - network vhub create
      Connection:
      - keep-alive
      Content-Length:
      - '309'
      Content-Type:
      - application/json; charset=utf-8
      ParameterSetName:
      - -g -n --vwan --address-prefix -l --sku
      User-Agent:
      - python/3.7.4 (Windows-10-10.0.19041-SP0) msrest/0.6.21 msrest_azure/0.6.3
        azure-mgmt-network/10.2.0 Azure-SDK-For-Python AZURECLI/2.19.1
      accept-language:
      - en-US
    method: PUT
    uri: https://management.azure.com/subscriptions/00000000-0000-0000-0000-000000000000/resourceGroups/clitest.rg000001/providers/Microsoft.Network/virtualHubs/clitestvhub?api-version=2020-05-01
  response:
    body:
      string: "{\r\n  \"name\": \"clitestvhub\",\r\n  \"id\": \"/subscriptions/00000000-0000-0000-0000-000000000000/resourceGroups/clitest.rg000001/providers/Microsoft.Network/virtualHubs/clitestvhub\",\r\n
        \ \"etag\": \"W/\\\"854c98dc-24df-4afe-8e27-35c0b019103f\\\"\",\r\n  \"type\":
        \"Microsoft.Network/virtualHubs\",\r\n  \"location\": \"westus\",\r\n  \"properties\":
        {\r\n    \"provisioningState\": \"Updating\",\r\n    \"virtualHubRouteTableV2s\":
        [],\r\n    \"addressPrefix\": \"10.5.0.0/16\",\r\n    \"virtualRouterAsn\":
        0,\r\n    \"virtualRouterIps\": [],\r\n    \"routeTable\": {\r\n      \"routes\":
        []\r\n    },\r\n    \"virtualWan\": {\r\n      \"id\": \"/subscriptions/00000000-0000-0000-0000-000000000000/resourceGroups/clitest.rg000001/providers/Microsoft.Network/virtualWans/clitestvwan\"\r\n
        \   },\r\n    \"sku\": \"Standard\",\r\n    \"routingState\": \"None\"\r\n
        \ }\r\n}"
    headers:
      azure-asyncnotification:
      - Enabled
      azure-asyncoperation:
      - https://management.azure.com/subscriptions/00000000-0000-0000-0000-000000000000/providers/Microsoft.Network/locations/westus/operations/7ea34102-db2e-439a-ab15-cc48fba9f051?api-version=2020-05-01
      cache-control:
      - no-cache
      content-length:
      - '895'
      content-type:
      - application/json; charset=utf-8
      date:
      - Wed, 24 Feb 2021 12:02:36 GMT
      expires:
      - '-1'
      pragma:
      - no-cache
      server:
      - Microsoft-HTTPAPI/2.0
      - Microsoft-HTTPAPI/2.0
      strict-transport-security:
      - max-age=31536000; includeSubDomains
      x-content-type-options:
      - nosniff
      x-ms-arm-service-request-id:
      - 366d6763-16cf-4d92-a4df-0f8db30c7bd4
      x-ms-ratelimit-remaining-subscription-writes:
      - '1176'
    status:
      code: 201
      message: Created
- request:
    body: null
    headers:
      Accept:
      - application/json
      Accept-Encoding:
      - gzip, deflate
      CommandName:
      - network vhub create
      Connection:
      - keep-alive
      ParameterSetName:
      - -g -n --vwan --address-prefix -l --sku
      User-Agent:
      - python/3.7.4 (Windows-10-10.0.19041-SP0) msrest/0.6.21 msrest_azure/0.6.3
        azure-mgmt-network/10.2.0 Azure-SDK-For-Python AZURECLI/2.19.1
    method: GET
    uri: https://management.azure.com/subscriptions/00000000-0000-0000-0000-000000000000/providers/Microsoft.Network/locations/westus/operations/7ea34102-db2e-439a-ab15-cc48fba9f051?api-version=2020-05-01
  response:
    body:
      string: "{\r\n  \"status\": \"InProgress\"\r\n}"
    headers:
      cache-control:
      - no-cache
      content-length:
      - '30'
      content-type:
      - application/json; charset=utf-8
      date:
      - Wed, 24 Feb 2021 12:02:47 GMT
      expires:
      - '-1'
      pragma:
      - no-cache
      server:
      - Microsoft-HTTPAPI/2.0
      - Microsoft-HTTPAPI/2.0
      strict-transport-security:
      - max-age=31536000; includeSubDomains
      transfer-encoding:
      - chunked
      vary:
      - Accept-Encoding
      x-content-type-options:
      - nosniff
      x-ms-arm-service-request-id:
      - 1c329d57-f348-4105-9bcc-a7eafb207882
    status:
      code: 200
      message: OK
- request:
    body: null
    headers:
      Accept:
      - application/json
      Accept-Encoding:
      - gzip, deflate
      CommandName:
      - network vhub create
      Connection:
      - keep-alive
      ParameterSetName:
      - -g -n --vwan --address-prefix -l --sku
      User-Agent:
      - python/3.7.4 (Windows-10-10.0.19041-SP0) msrest/0.6.21 msrest_azure/0.6.3
        azure-mgmt-network/10.2.0 Azure-SDK-For-Python AZURECLI/2.19.1
    method: GET
    uri: https://management.azure.com/subscriptions/00000000-0000-0000-0000-000000000000/providers/Microsoft.Network/locations/westus/operations/7ea34102-db2e-439a-ab15-cc48fba9f051?api-version=2020-05-01
  response:
    body:
      string: "{\r\n  \"status\": \"InProgress\"\r\n}"
    headers:
      cache-control:
      - no-cache
      content-length:
      - '30'
      content-type:
      - application/json; charset=utf-8
      date:
      - Wed, 24 Feb 2021 12:02:58 GMT
      expires:
      - '-1'
      pragma:
      - no-cache
      server:
      - Microsoft-HTTPAPI/2.0
      - Microsoft-HTTPAPI/2.0
      strict-transport-security:
      - max-age=31536000; includeSubDomains
      transfer-encoding:
      - chunked
      vary:
      - Accept-Encoding
      x-content-type-options:
      - nosniff
      x-ms-arm-service-request-id:
      - 35b8050a-c1f7-4940-bc68-3f832f2f5e3a
    status:
      code: 200
      message: OK
- request:
    body: null
    headers:
      Accept:
      - application/json
      Accept-Encoding:
      - gzip, deflate
      CommandName:
      - network vhub create
      Connection:
      - keep-alive
      ParameterSetName:
      - -g -n --vwan --address-prefix -l --sku
      User-Agent:
      - python/3.7.4 (Windows-10-10.0.19041-SP0) msrest/0.6.21 msrest_azure/0.6.3
        azure-mgmt-network/10.2.0 Azure-SDK-For-Python AZURECLI/2.19.1
    method: GET
    uri: https://management.azure.com/subscriptions/00000000-0000-0000-0000-000000000000/providers/Microsoft.Network/locations/westus/operations/7ea34102-db2e-439a-ab15-cc48fba9f051?api-version=2020-05-01
  response:
    body:
      string: "{\r\n  \"status\": \"InProgress\"\r\n}"
    headers:
      cache-control:
      - no-cache
      content-length:
      - '30'
      content-type:
      - application/json; charset=utf-8
      date:
      - Wed, 24 Feb 2021 12:03:18 GMT
      expires:
      - '-1'
      pragma:
      - no-cache
      server:
      - Microsoft-HTTPAPI/2.0
      - Microsoft-HTTPAPI/2.0
      strict-transport-security:
      - max-age=31536000; includeSubDomains
      transfer-encoding:
      - chunked
      vary:
      - Accept-Encoding
      x-content-type-options:
      - nosniff
      x-ms-arm-service-request-id:
      - 8f3cdb29-aeef-4b6c-9235-08bef2f4be5f
    status:
      code: 200
      message: OK
- request:
    body: null
    headers:
      Accept:
      - application/json
      Accept-Encoding:
      - gzip, deflate
      CommandName:
      - network vhub create
      Connection:
      - keep-alive
      ParameterSetName:
      - -g -n --vwan --address-prefix -l --sku
      User-Agent:
      - python/3.7.4 (Windows-10-10.0.19041-SP0) msrest/0.6.21 msrest_azure/0.6.3
        azure-mgmt-network/10.2.0 Azure-SDK-For-Python AZURECLI/2.19.1
    method: GET
    uri: https://management.azure.com/subscriptions/00000000-0000-0000-0000-000000000000/providers/Microsoft.Network/locations/westus/operations/7ea34102-db2e-439a-ab15-cc48fba9f051?api-version=2020-05-01
  response:
    body:
      string: "{\r\n  \"status\": \"InProgress\"\r\n}"
    headers:
      cache-control:
      - no-cache
      content-length:
      - '30'
      content-type:
      - application/json; charset=utf-8
      date:
      - Wed, 24 Feb 2021 12:03:38 GMT
      expires:
      - '-1'
      pragma:
      - no-cache
      server:
      - Microsoft-HTTPAPI/2.0
      - Microsoft-HTTPAPI/2.0
      strict-transport-security:
      - max-age=31536000; includeSubDomains
      transfer-encoding:
      - chunked
      vary:
      - Accept-Encoding
      x-content-type-options:
      - nosniff
      x-ms-arm-service-request-id:
      - c8659c69-a72e-4826-b246-753c40326846
    status:
      code: 200
      message: OK
- request:
    body: null
    headers:
      Accept:
      - application/json
      Accept-Encoding:
      - gzip, deflate
      CommandName:
      - network vhub create
      Connection:
      - keep-alive
      ParameterSetName:
      - -g -n --vwan --address-prefix -l --sku
      User-Agent:
      - python/3.7.4 (Windows-10-10.0.19041-SP0) msrest/0.6.21 msrest_azure/0.6.3
        azure-mgmt-network/10.2.0 Azure-SDK-For-Python AZURECLI/2.19.1
    method: GET
    uri: https://management.azure.com/subscriptions/00000000-0000-0000-0000-000000000000/providers/Microsoft.Network/locations/westus/operations/7ea34102-db2e-439a-ab15-cc48fba9f051?api-version=2020-05-01
  response:
    body:
      string: "{\r\n  \"status\": \"InProgress\"\r\n}"
    headers:
      cache-control:
      - no-cache
      content-length:
      - '30'
      content-type:
      - application/json; charset=utf-8
      date:
      - Wed, 24 Feb 2021 12:04:18 GMT
      expires:
      - '-1'
      pragma:
      - no-cache
      server:
      - Microsoft-HTTPAPI/2.0
      - Microsoft-HTTPAPI/2.0
      strict-transport-security:
      - max-age=31536000; includeSubDomains
      transfer-encoding:
      - chunked
      vary:
      - Accept-Encoding
      x-content-type-options:
      - nosniff
      x-ms-arm-service-request-id:
      - 1d82f924-b076-44c3-af1c-980ff2163f4a
    status:
      code: 200
      message: OK
- request:
    body: null
    headers:
      Accept:
      - application/json
      Accept-Encoding:
      - gzip, deflate
      CommandName:
      - network vhub create
      Connection:
      - keep-alive
      ParameterSetName:
      - -g -n --vwan --address-prefix -l --sku
      User-Agent:
      - python/3.7.4 (Windows-10-10.0.19041-SP0) msrest/0.6.21 msrest_azure/0.6.3
        azure-mgmt-network/10.2.0 Azure-SDK-For-Python AZURECLI/2.19.1
    method: GET
    uri: https://management.azure.com/subscriptions/00000000-0000-0000-0000-000000000000/providers/Microsoft.Network/locations/westus/operations/7ea34102-db2e-439a-ab15-cc48fba9f051?api-version=2020-05-01
  response:
    body:
      string: "{\r\n  \"status\": \"InProgress\"\r\n}"
    headers:
      cache-control:
      - no-cache
      content-length:
      - '30'
      content-type:
      - application/json; charset=utf-8
      date:
      - Wed, 24 Feb 2021 12:04:59 GMT
      expires:
      - '-1'
      pragma:
      - no-cache
      server:
      - Microsoft-HTTPAPI/2.0
      - Microsoft-HTTPAPI/2.0
      strict-transport-security:
      - max-age=31536000; includeSubDomains
      transfer-encoding:
      - chunked
      vary:
      - Accept-Encoding
      x-content-type-options:
      - nosniff
      x-ms-arm-service-request-id:
      - 78bd9ad4-2d15-47c1-966f-ec2ad2c36ffd
    status:
      code: 200
      message: OK
- request:
    body: null
    headers:
      Accept:
      - application/json
      Accept-Encoding:
      - gzip, deflate
      CommandName:
      - network vhub create
      Connection:
      - keep-alive
      ParameterSetName:
      - -g -n --vwan --address-prefix -l --sku
      User-Agent:
      - python/3.7.4 (Windows-10-10.0.19041-SP0) msrest/0.6.21 msrest_azure/0.6.3
        azure-mgmt-network/10.2.0 Azure-SDK-For-Python AZURECLI/2.19.1
    method: GET
    uri: https://management.azure.com/subscriptions/00000000-0000-0000-0000-000000000000/providers/Microsoft.Network/locations/westus/operations/7ea34102-db2e-439a-ab15-cc48fba9f051?api-version=2020-05-01
  response:
    body:
      string: "{\r\n  \"status\": \"Succeeded\"\r\n}"
    headers:
      cache-control:
      - no-cache
      content-length:
      - '29'
      content-type:
      - application/json; charset=utf-8
      date:
      - Wed, 24 Feb 2021 12:06:19 GMT
      expires:
      - '-1'
      pragma:
      - no-cache
      server:
      - Microsoft-HTTPAPI/2.0
      - Microsoft-HTTPAPI/2.0
      strict-transport-security:
      - max-age=31536000; includeSubDomains
      transfer-encoding:
      - chunked
      vary:
      - Accept-Encoding
      x-content-type-options:
      - nosniff
      x-ms-arm-service-request-id:
      - ad2b590d-6b8f-4240-9f50-69c5c2d69907
    status:
      code: 200
      message: OK
- request:
    body: null
    headers:
      Accept:
      - application/json
      Accept-Encoding:
      - gzip, deflate
      CommandName:
      - network vhub create
      Connection:
      - keep-alive
      ParameterSetName:
      - -g -n --vwan --address-prefix -l --sku
      User-Agent:
      - python/3.7.4 (Windows-10-10.0.19041-SP0) msrest/0.6.21 msrest_azure/0.6.3
        azure-mgmt-network/10.2.0 Azure-SDK-For-Python AZURECLI/2.19.1
    method: GET
    uri: https://management.azure.com/subscriptions/00000000-0000-0000-0000-000000000000/resourceGroups/clitest.rg000001/providers/Microsoft.Network/virtualHubs/clitestvhub?api-version=2020-05-01
  response:
    body:
      string: "{\r\n  \"name\": \"clitestvhub\",\r\n  \"id\": \"/subscriptions/00000000-0000-0000-0000-000000000000/resourceGroups/clitest.rg000001/providers/Microsoft.Network/virtualHubs/clitestvhub\",\r\n
        \ \"etag\": \"W/\\\"4eb1e672-1d93-4de2-960a-099c1f8869d6\\\"\",\r\n  \"type\":
        \"Microsoft.Network/virtualHubs\",\r\n  \"location\": \"westus\",\r\n  \"properties\":
        {\r\n    \"provisioningState\": \"Succeeded\",\r\n    \"virtualHubRouteTableV2s\":
        [],\r\n    \"addressPrefix\": \"10.5.0.0/16\",\r\n    \"virtualRouterAsn\":
        0,\r\n    \"virtualRouterIps\": [],\r\n    \"routeTable\": {\r\n      \"routes\":
        []\r\n    },\r\n    \"virtualWan\": {\r\n      \"id\": \"/subscriptions/00000000-0000-0000-0000-000000000000/resourceGroups/clitest.rg000001/providers/Microsoft.Network/virtualWans/clitestvwan\"\r\n
        \   },\r\n    \"sku\": \"Standard\",\r\n    \"routingState\": \"Provisioning\"\r\n
        \ }\r\n}"
    headers:
      cache-control:
      - no-cache
      content-length:
      - '904'
      content-type:
      - application/json; charset=utf-8
      date:
      - Wed, 24 Feb 2021 12:06:19 GMT
      expires:
      - '-1'
      pragma:
      - no-cache
      server:
      - Microsoft-HTTPAPI/2.0
      - Microsoft-HTTPAPI/2.0
      strict-transport-security:
      - max-age=31536000; includeSubDomains
      transfer-encoding:
      - chunked
      vary:
      - Accept-Encoding
      x-content-type-options:
      - nosniff
      x-ms-arm-service-request-id:
      - 91b089d9-c2cf-45ed-9659-24021f093104
    status:
      code: 200
      message: OK
- request:
    body: null
    headers:
      Accept:
      - application/json
      Accept-Encoding:
      - gzip, deflate
      CommandName:
      - network vpn-gateway create
      Connection:
      - keep-alive
      ParameterSetName:
      - -g -n --vhub
      User-Agent:
      - python/3.7.4 (Windows-10-10.0.19041-SP0) msrest/0.6.21 msrest_azure/0.6.3
        azure-mgmt-resource/12.0.0 Azure-SDK-For-Python AZURECLI/2.19.1
      accept-language:
      - en-US
    method: GET
    uri: https://management.azure.com/subscriptions/00000000-0000-0000-0000-000000000000/resourcegroups/clitest.rg000001?api-version=2020-10-01
  response:
    body:
      string: '{"id":"/subscriptions/00000000-0000-0000-0000-000000000000/resourceGroups/clitest.rg000001","name":"clitest.rg000001","type":"Microsoft.Resources/resourceGroups","location":"westus","tags":{"product":"azurecli","cause":"automation","date":"2021-02-24T12:02:09Z"},"properties":{"provisioningState":"Succeeded"}}'
    headers:
      cache-control:
      - no-cache
      content-length:
      - '428'
      content-type:
      - application/json; charset=utf-8
      date:
      - Wed, 24 Feb 2021 12:06:21 GMT
      expires:
      - '-1'
      pragma:
      - no-cache
      strict-transport-security:
      - max-age=31536000; includeSubDomains
      vary:
      - Accept-Encoding
      x-content-type-options:
      - nosniff
    status:
      code: 200
      message: OK
- request:
    body: null
    headers:
      Accept:
      - application/json
      Accept-Encoding:
      - gzip, deflate
      CommandName:
      - network vpn-gateway create
      Connection:
      - keep-alive
      ParameterSetName:
      - -g -n --vhub
      User-Agent:
      - python/3.7.4 (Windows-10-10.0.19041-SP0) msrest/0.6.21 msrest_azure/0.6.3
        azure-mgmt-network/10.2.0 Azure-SDK-For-Python AZURECLI/2.19.1
      accept-language:
      - en-US
    method: GET
    uri: https://management.azure.com/subscriptions/00000000-0000-0000-0000-000000000000/resourceGroups/clitest.rg000001/providers/Microsoft.Network/vpnGateways/cligateway?api-version=2020-05-01
  response:
    body:
      string: '{"error":{"code":"ResourceNotFound","message":"The Resource ''Microsoft.Network/vpnGateways/cligateway''
        under resource group ''clitest.rg000001'' was not found. For more details
        please go to https://aka.ms/ARMResourceNotFoundFix"}}'
    headers:
      cache-control:
      - no-cache
      content-length:
      - '287'
      content-type:
      - application/json; charset=utf-8
      date:
      - Wed, 24 Feb 2021 12:06:22 GMT
      expires:
      - '-1'
      pragma:
      - no-cache
      strict-transport-security:
      - max-age=31536000; includeSubDomains
      x-content-type-options:
      - nosniff
      x-ms-failure-cause:
      - gateway
    status:
      code: 404
      message: Not Found
- request:
    body: '{"location": "westus", "properties": {"virtualHub": {"id": "/subscriptions/00000000-0000-0000-0000-000000000000/resourceGroups/clitest.rg000001/providers/Microsoft.Network/virtualHubs/clitestvhub"},
      "bgpSettings": {}}}'
    headers:
      Accept:
      - application/json
      Accept-Encoding:
      - gzip, deflate
      CommandName:
      - network vpn-gateway create
      Connection:
      - keep-alive
      Content-Length:
      - '277'
      Content-Type:
      - application/json; charset=utf-8
      ParameterSetName:
      - -g -n --vhub
      User-Agent:
      - python/3.7.4 (Windows-10-10.0.19041-SP0) msrest/0.6.21 msrest_azure/0.6.3
        azure-mgmt-network/10.2.0 Azure-SDK-For-Python AZURECLI/2.19.1
      accept-language:
      - en-US
    method: PUT
    uri: https://management.azure.com/subscriptions/00000000-0000-0000-0000-000000000000/resourceGroups/clitest.rg000001/providers/Microsoft.Network/vpnGateways/cligateway?api-version=2020-05-01
  response:
    body:
      string: "{\r\n  \"name\": \"cligateway\",\r\n  \"id\": \"/subscriptions/00000000-0000-0000-0000-000000000000/resourceGroups/clitest.rg000001/providers/Microsoft.Network/vpnGateways/cligateway\",\r\n
        \ \"etag\": \"W/\\\"3a25ac58-1869-4256-ba2c-753cd38b561b\\\"\",\r\n  \"type\":
        \"Microsoft.Network/vpnGateways\",\r\n  \"location\": \"westus\",\r\n  \"properties\":
        {\r\n    \"provisioningState\": \"Updating\",\r\n    \"connections\": [],\r\n
        \   \"virtualHub\": {\r\n      \"id\": \"/subscriptions/00000000-0000-0000-0000-000000000000/resourceGroups/clitest.rg000001/providers/Microsoft.Network/virtualHubs/clitestvhub\"\r\n
        \   },\r\n    \"bgpSettings\": {\r\n      \"asn\": 65515,\r\n      \"peerWeight\":
        0\r\n    },\r\n    \"vpnGatewayScaleUnit\": 1,\r\n    \"packetCaptureDiagnosticState\":
        \"None\",\r\n    \"ipConfigurations\": [],\r\n    \"natRules\": [],\r\n    \"enableBgpRouteTranslationForNat\":
        false,\r\n    \"isRoutingPreferenceInternet\": false\r\n  }\r\n}"
    headers:
      azure-asyncnotification:
      - Enabled
      azure-asyncoperation:
      - https://management.azure.com/subscriptions/00000000-0000-0000-0000-000000000000/providers/Microsoft.Network/locations/westus/operations/09fb0072-20f8-4a30-a424-4ba520d1c6b9?api-version=2020-05-01
      cache-control:
      - no-cache
      content-length:
      - '975'
      content-type:
      - application/json; charset=utf-8
      date:
      - Wed, 24 Feb 2021 12:06:28 GMT
      expires:
      - '-1'
      pragma:
      - no-cache
      server:
      - Microsoft-HTTPAPI/2.0
      - Microsoft-HTTPAPI/2.0
      strict-transport-security:
      - max-age=31536000; includeSubDomains
      x-content-type-options:
      - nosniff
      x-ms-arm-service-request-id:
      - e6e3986f-2f61-4518-8efa-4be54b09a6b8
      x-ms-ratelimit-remaining-subscription-writes:
      - '1153'
    status:
      code: 201
      message: Created
- request:
    body: null
    headers:
      Accept:
      - application/json
      Accept-Encoding:
      - gzip, deflate
      CommandName:
      - network vpn-gateway create
      Connection:
      - keep-alive
      ParameterSetName:
      - -g -n --vhub
      User-Agent:
      - python/3.7.4 (Windows-10-10.0.19041-SP0) msrest/0.6.21 msrest_azure/0.6.3
        azure-mgmt-network/10.2.0 Azure-SDK-For-Python AZURECLI/2.19.1
    method: GET
    uri: https://management.azure.com/subscriptions/00000000-0000-0000-0000-000000000000/providers/Microsoft.Network/locations/westus/operations/09fb0072-20f8-4a30-a424-4ba520d1c6b9?api-version=2020-05-01
  response:
    body:
      string: "{\r\n  \"status\": \"InProgress\"\r\n}"
    headers:
      cache-control:
      - no-cache
      content-length:
      - '30'
      content-type:
      - application/json; charset=utf-8
      date:
      - Wed, 24 Feb 2021 12:06:39 GMT
      expires:
      - '-1'
      pragma:
      - no-cache
      server:
      - Microsoft-HTTPAPI/2.0
      - Microsoft-HTTPAPI/2.0
      strict-transport-security:
      - max-age=31536000; includeSubDomains
      transfer-encoding:
      - chunked
      vary:
      - Accept-Encoding
      x-content-type-options:
      - nosniff
      x-ms-arm-service-request-id:
      - 87d26685-4055-4f1a-a6a1-0e5208657b4b
    status:
      code: 200
      message: OK
- request:
    body: null
    headers:
      Accept:
      - application/json
      Accept-Encoding:
      - gzip, deflate
      CommandName:
      - network vpn-gateway create
      Connection:
      - keep-alive
      ParameterSetName:
      - -g -n --vhub
      User-Agent:
      - python/3.7.4 (Windows-10-10.0.19041-SP0) msrest/0.6.21 msrest_azure/0.6.3
        azure-mgmt-network/10.2.0 Azure-SDK-For-Python AZURECLI/2.19.1
    method: GET
    uri: https://management.azure.com/subscriptions/00000000-0000-0000-0000-000000000000/providers/Microsoft.Network/locations/westus/operations/09fb0072-20f8-4a30-a424-4ba520d1c6b9?api-version=2020-05-01
  response:
    body:
      string: "{\r\n  \"status\": \"InProgress\"\r\n}"
    headers:
      cache-control:
      - no-cache
      content-length:
      - '30'
      content-type:
      - application/json; charset=utf-8
      date:
      - Wed, 24 Feb 2021 12:06:50 GMT
      expires:
      - '-1'
      pragma:
      - no-cache
      server:
      - Microsoft-HTTPAPI/2.0
      - Microsoft-HTTPAPI/2.0
      strict-transport-security:
      - max-age=31536000; includeSubDomains
      transfer-encoding:
      - chunked
      vary:
      - Accept-Encoding
      x-content-type-options:
      - nosniff
      x-ms-arm-service-request-id:
      - b70737cf-22af-4e18-bb1c-56b456c21bef
    status:
      code: 200
      message: OK
- request:
    body: null
    headers:
      Accept:
      - application/json
      Accept-Encoding:
      - gzip, deflate
      CommandName:
      - network vpn-gateway create
      Connection:
      - keep-alive
      ParameterSetName:
      - -g -n --vhub
      User-Agent:
      - python/3.7.4 (Windows-10-10.0.19041-SP0) msrest/0.6.21 msrest_azure/0.6.3
        azure-mgmt-network/10.2.0 Azure-SDK-For-Python AZURECLI/2.19.1
    method: GET
    uri: https://management.azure.com/subscriptions/00000000-0000-0000-0000-000000000000/providers/Microsoft.Network/locations/westus/operations/09fb0072-20f8-4a30-a424-4ba520d1c6b9?api-version=2020-05-01
  response:
    body:
      string: "{\r\n  \"status\": \"InProgress\"\r\n}"
    headers:
      cache-control:
      - no-cache
      content-length:
      - '30'
      content-type:
      - application/json; charset=utf-8
      date:
      - Wed, 24 Feb 2021 12:07:11 GMT
      expires:
      - '-1'
      pragma:
      - no-cache
      server:
      - Microsoft-HTTPAPI/2.0
      - Microsoft-HTTPAPI/2.0
      strict-transport-security:
      - max-age=31536000; includeSubDomains
      transfer-encoding:
      - chunked
      vary:
      - Accept-Encoding
      x-content-type-options:
      - nosniff
      x-ms-arm-service-request-id:
      - 15685138-e8c9-4456-a7f4-85639a6612b0
    status:
      code: 200
      message: OK
- request:
    body: null
    headers:
      Accept:
      - application/json
      Accept-Encoding:
      - gzip, deflate
      CommandName:
      - network vpn-gateway create
      Connection:
      - keep-alive
      ParameterSetName:
      - -g -n --vhub
      User-Agent:
      - python/3.7.4 (Windows-10-10.0.19041-SP0) msrest/0.6.21 msrest_azure/0.6.3
        azure-mgmt-network/10.2.0 Azure-SDK-For-Python AZURECLI/2.19.1
    method: GET
    uri: https://management.azure.com/subscriptions/00000000-0000-0000-0000-000000000000/providers/Microsoft.Network/locations/westus/operations/09fb0072-20f8-4a30-a424-4ba520d1c6b9?api-version=2020-05-01
  response:
    body:
      string: "{\r\n  \"status\": \"InProgress\"\r\n}"
    headers:
      cache-control:
      - no-cache
      content-length:
      - '30'
      content-type:
      - application/json; charset=utf-8
      date:
      - Wed, 24 Feb 2021 12:07:32 GMT
      expires:
      - '-1'
      pragma:
      - no-cache
      server:
      - Microsoft-HTTPAPI/2.0
      - Microsoft-HTTPAPI/2.0
      strict-transport-security:
      - max-age=31536000; includeSubDomains
      transfer-encoding:
      - chunked
      vary:
      - Accept-Encoding
      x-content-type-options:
      - nosniff
      x-ms-arm-service-request-id:
      - 9358ce7f-5ee7-4c55-bf01-c74cd0d05d09
    status:
      code: 200
      message: OK
- request:
    body: null
    headers:
      Accept:
      - application/json
      Accept-Encoding:
      - gzip, deflate
      CommandName:
      - network vpn-gateway create
      Connection:
      - keep-alive
      ParameterSetName:
      - -g -n --vhub
      User-Agent:
      - python/3.7.4 (Windows-10-10.0.19041-SP0) msrest/0.6.21 msrest_azure/0.6.3
        azure-mgmt-network/10.2.0 Azure-SDK-For-Python AZURECLI/2.19.1
    method: GET
    uri: https://management.azure.com/subscriptions/00000000-0000-0000-0000-000000000000/providers/Microsoft.Network/locations/westus/operations/09fb0072-20f8-4a30-a424-4ba520d1c6b9?api-version=2020-05-01
  response:
    body:
      string: "{\r\n  \"status\": \"InProgress\"\r\n}"
    headers:
      cache-control:
      - no-cache
      content-length:
      - '30'
      content-type:
      - application/json; charset=utf-8
      date:
      - Wed, 24 Feb 2021 12:08:12 GMT
      expires:
      - '-1'
      pragma:
      - no-cache
      server:
      - Microsoft-HTTPAPI/2.0
      - Microsoft-HTTPAPI/2.0
      strict-transport-security:
      - max-age=31536000; includeSubDomains
      transfer-encoding:
      - chunked
      vary:
      - Accept-Encoding
      x-content-type-options:
      - nosniff
      x-ms-arm-service-request-id:
      - e9fa3f3f-7e0e-4ac8-8e30-539600599708
    status:
      code: 200
      message: OK
- request:
    body: null
    headers:
      Accept:
      - application/json
      Accept-Encoding:
      - gzip, deflate
      CommandName:
      - network vpn-gateway create
      Connection:
      - keep-alive
      ParameterSetName:
      - -g -n --vhub
      User-Agent:
      - python/3.7.4 (Windows-10-10.0.19041-SP0) msrest/0.6.21 msrest_azure/0.6.3
        azure-mgmt-network/10.2.0 Azure-SDK-For-Python AZURECLI/2.19.1
    method: GET
    uri: https://management.azure.com/subscriptions/00000000-0000-0000-0000-000000000000/providers/Microsoft.Network/locations/westus/operations/09fb0072-20f8-4a30-a424-4ba520d1c6b9?api-version=2020-05-01
  response:
    body:
      string: "{\r\n  \"status\": \"InProgress\"\r\n}"
    headers:
      cache-control:
      - no-cache
      content-length:
      - '30'
      content-type:
      - application/json; charset=utf-8
      date:
      - Wed, 24 Feb 2021 12:08:53 GMT
      expires:
      - '-1'
      pragma:
      - no-cache
      server:
      - Microsoft-HTTPAPI/2.0
      - Microsoft-HTTPAPI/2.0
      strict-transport-security:
      - max-age=31536000; includeSubDomains
      transfer-encoding:
      - chunked
      vary:
      - Accept-Encoding
      x-content-type-options:
      - nosniff
      x-ms-arm-service-request-id:
      - ed0f6484-7ba4-40ce-a29b-95d38dd2118b
    status:
      code: 200
      message: OK
- request:
    body: null
    headers:
      Accept:
      - application/json
      Accept-Encoding:
      - gzip, deflate
      CommandName:
      - network vpn-gateway create
      Connection:
      - keep-alive
      ParameterSetName:
      - -g -n --vhub
      User-Agent:
      - python/3.7.4 (Windows-10-10.0.19041-SP0) msrest/0.6.21 msrest_azure/0.6.3
        azure-mgmt-network/10.2.0 Azure-SDK-For-Python AZURECLI/2.19.1
    method: GET
    uri: https://management.azure.com/subscriptions/00000000-0000-0000-0000-000000000000/providers/Microsoft.Network/locations/westus/operations/09fb0072-20f8-4a30-a424-4ba520d1c6b9?api-version=2020-05-01
  response:
    body:
      string: "{\r\n  \"status\": \"InProgress\"\r\n}"
    headers:
      cache-control:
      - no-cache
      content-length:
      - '30'
      content-type:
      - application/json; charset=utf-8
      date:
      - Wed, 24 Feb 2021 12:10:14 GMT
      expires:
      - '-1'
      pragma:
      - no-cache
      server:
      - Microsoft-HTTPAPI/2.0
      - Microsoft-HTTPAPI/2.0
      strict-transport-security:
      - max-age=31536000; includeSubDomains
      transfer-encoding:
      - chunked
      vary:
      - Accept-Encoding
      x-content-type-options:
      - nosniff
      x-ms-arm-service-request-id:
      - f3ea5297-6c67-4f5e-a3b8-bf5a5ff6d2b6
    status:
      code: 200
      message: OK
- request:
    body: null
    headers:
      Accept:
      - application/json
      Accept-Encoding:
      - gzip, deflate
      CommandName:
      - network vpn-gateway create
      Connection:
      - keep-alive
      ParameterSetName:
      - -g -n --vhub
      User-Agent:
      - python/3.7.4 (Windows-10-10.0.19041-SP0) msrest/0.6.21 msrest_azure/0.6.3
        azure-mgmt-network/10.2.0 Azure-SDK-For-Python AZURECLI/2.19.1
    method: GET
    uri: https://management.azure.com/subscriptions/00000000-0000-0000-0000-000000000000/providers/Microsoft.Network/locations/westus/operations/09fb0072-20f8-4a30-a424-4ba520d1c6b9?api-version=2020-05-01
  response:
    body:
      string: "{\r\n  \"status\": \"InProgress\"\r\n}"
    headers:
      cache-control:
      - no-cache
      content-length:
      - '30'
      content-type:
      - application/json; charset=utf-8
      date:
      - Wed, 24 Feb 2021 12:12:55 GMT
      expires:
      - '-1'
      pragma:
      - no-cache
      server:
      - Microsoft-HTTPAPI/2.0
      - Microsoft-HTTPAPI/2.0
      strict-transport-security:
      - max-age=31536000; includeSubDomains
      transfer-encoding:
      - chunked
      vary:
      - Accept-Encoding
      x-content-type-options:
      - nosniff
      x-ms-arm-service-request-id:
      - d7132418-8427-40bc-af5b-dfefb3ea1619
    status:
      code: 200
      message: OK
- request:
    body: null
    headers:
      Accept:
      - application/json
      Accept-Encoding:
      - gzip, deflate
      CommandName:
      - network vpn-gateway create
      Connection:
      - keep-alive
      ParameterSetName:
      - -g -n --vhub
      User-Agent:
      - python/3.7.4 (Windows-10-10.0.19041-SP0) msrest/0.6.21 msrest_azure/0.6.3
        azure-mgmt-network/10.2.0 Azure-SDK-For-Python AZURECLI/2.19.1
    method: GET
    uri: https://management.azure.com/subscriptions/00000000-0000-0000-0000-000000000000/providers/Microsoft.Network/locations/westus/operations/09fb0072-20f8-4a30-a424-4ba520d1c6b9?api-version=2020-05-01
  response:
    body:
      string: "{\r\n  \"status\": \"InProgress\"\r\n}"
    headers:
      cache-control:
      - no-cache
      content-length:
      - '30'
      content-type:
      - application/json; charset=utf-8
      date:
      - Wed, 24 Feb 2021 12:14:35 GMT
      expires:
      - '-1'
      pragma:
      - no-cache
      server:
      - Microsoft-HTTPAPI/2.0
      - Microsoft-HTTPAPI/2.0
      strict-transport-security:
      - max-age=31536000; includeSubDomains
      transfer-encoding:
      - chunked
      vary:
      - Accept-Encoding
      x-content-type-options:
      - nosniff
      x-ms-arm-service-request-id:
      - be977cfc-47a0-41a6-8bdb-9cf5d77bced9
    status:
      code: 200
      message: OK
- request:
    body: null
    headers:
      Accept:
      - application/json
      Accept-Encoding:
      - gzip, deflate
      CommandName:
      - network vpn-gateway create
      Connection:
      - keep-alive
      ParameterSetName:
      - -g -n --vhub
      User-Agent:
      - python/3.7.4 (Windows-10-10.0.19041-SP0) msrest/0.6.21 msrest_azure/0.6.3
        azure-mgmt-network/10.2.0 Azure-SDK-For-Python AZURECLI/2.19.1
    method: GET
    uri: https://management.azure.com/subscriptions/00000000-0000-0000-0000-000000000000/providers/Microsoft.Network/locations/westus/operations/09fb0072-20f8-4a30-a424-4ba520d1c6b9?api-version=2020-05-01
  response:
    body:
      string: "{\r\n  \"status\": \"InProgress\"\r\n}"
    headers:
      cache-control:
      - no-cache
      content-length:
      - '30'
      content-type:
      - application/json; charset=utf-8
      date:
      - Wed, 24 Feb 2021 12:16:15 GMT
      expires:
      - '-1'
      pragma:
      - no-cache
      server:
      - Microsoft-HTTPAPI/2.0
      - Microsoft-HTTPAPI/2.0
      strict-transport-security:
      - max-age=31536000; includeSubDomains
      transfer-encoding:
      - chunked
      vary:
      - Accept-Encoding
      x-content-type-options:
      - nosniff
      x-ms-arm-service-request-id:
      - d5e785cd-4629-4a40-a285-16573203a615
    status:
      code: 200
      message: OK
- request:
    body: null
    headers:
      Accept:
      - application/json
      Accept-Encoding:
      - gzip, deflate
      CommandName:
      - network vpn-gateway create
      Connection:
      - keep-alive
      ParameterSetName:
      - -g -n --vhub
      User-Agent:
      - python/3.7.4 (Windows-10-10.0.19041-SP0) msrest/0.6.21 msrest_azure/0.6.3
        azure-mgmt-network/10.2.0 Azure-SDK-For-Python AZURECLI/2.19.1
    method: GET
    uri: https://management.azure.com/subscriptions/00000000-0000-0000-0000-000000000000/providers/Microsoft.Network/locations/westus/operations/09fb0072-20f8-4a30-a424-4ba520d1c6b9?api-version=2020-05-01
  response:
    body:
      string: "{\r\n  \"status\": \"InProgress\"\r\n}"
    headers:
      cache-control:
      - no-cache
      content-length:
      - '30'
      content-type:
      - application/json; charset=utf-8
      date:
      - Wed, 24 Feb 2021 12:17:55 GMT
      expires:
      - '-1'
      pragma:
      - no-cache
      server:
      - Microsoft-HTTPAPI/2.0
      - Microsoft-HTTPAPI/2.0
      strict-transport-security:
      - max-age=31536000; includeSubDomains
      transfer-encoding:
      - chunked
      vary:
      - Accept-Encoding
      x-content-type-options:
      - nosniff
      x-ms-arm-service-request-id:
      - 2c560bdc-b6b1-4fee-a7c2-484995b9a3a1
    status:
      code: 200
      message: OK
- request:
    body: null
    headers:
      Accept:
      - application/json
      Accept-Encoding:
      - gzip, deflate
      CommandName:
      - network vpn-gateway create
      Connection:
      - keep-alive
      ParameterSetName:
      - -g -n --vhub
      User-Agent:
      - python/3.7.4 (Windows-10-10.0.19041-SP0) msrest/0.6.21 msrest_azure/0.6.3
        azure-mgmt-network/10.2.0 Azure-SDK-For-Python AZURECLI/2.19.1
    method: GET
    uri: https://management.azure.com/subscriptions/00000000-0000-0000-0000-000000000000/providers/Microsoft.Network/locations/westus/operations/09fb0072-20f8-4a30-a424-4ba520d1c6b9?api-version=2020-05-01
  response:
    body:
      string: "{\r\n  \"status\": \"InProgress\"\r\n}"
    headers:
      cache-control:
      - no-cache
      content-length:
      - '30'
      content-type:
      - application/json; charset=utf-8
      date:
      - Wed, 24 Feb 2021 12:19:36 GMT
      expires:
      - '-1'
      pragma:
      - no-cache
      server:
      - Microsoft-HTTPAPI/2.0
      - Microsoft-HTTPAPI/2.0
      strict-transport-security:
      - max-age=31536000; includeSubDomains
      transfer-encoding:
      - chunked
      vary:
      - Accept-Encoding
      x-content-type-options:
      - nosniff
      x-ms-arm-service-request-id:
      - 89ee3203-bdc2-456a-b48b-a7449ecc5892
    status:
      code: 200
      message: OK
- request:
    body: null
    headers:
      Accept:
      - application/json
      Accept-Encoding:
      - gzip, deflate
      CommandName:
      - network vpn-gateway create
      Connection:
      - keep-alive
      ParameterSetName:
      - -g -n --vhub
      User-Agent:
      - python/3.7.4 (Windows-10-10.0.19041-SP0) msrest/0.6.21 msrest_azure/0.6.3
        azure-mgmt-network/10.2.0 Azure-SDK-For-Python AZURECLI/2.19.1
    method: GET
    uri: https://management.azure.com/subscriptions/00000000-0000-0000-0000-000000000000/providers/Microsoft.Network/locations/westus/operations/09fb0072-20f8-4a30-a424-4ba520d1c6b9?api-version=2020-05-01
  response:
    body:
      string: "{\r\n  \"status\": \"InProgress\"\r\n}"
    headers:
      cache-control:
      - no-cache
      content-length:
      - '30'
      content-type:
      - application/json; charset=utf-8
      date:
      - Wed, 24 Feb 2021 12:21:17 GMT
      expires:
      - '-1'
      pragma:
      - no-cache
      server:
      - Microsoft-HTTPAPI/2.0
      - Microsoft-HTTPAPI/2.0
      strict-transport-security:
      - max-age=31536000; includeSubDomains
      transfer-encoding:
      - chunked
      vary:
      - Accept-Encoding
      x-content-type-options:
      - nosniff
      x-ms-arm-service-request-id:
      - f0e90f1c-cf6b-4e64-b0fa-420caf40e6f1
    status:
      code: 200
      message: OK
- request:
    body: null
    headers:
      Accept:
      - application/json
      Accept-Encoding:
      - gzip, deflate
      CommandName:
      - network vpn-gateway create
      Connection:
      - keep-alive
      ParameterSetName:
      - -g -n --vhub
      User-Agent:
      - python/3.7.4 (Windows-10-10.0.19041-SP0) msrest/0.6.21 msrest_azure/0.6.3
        azure-mgmt-network/10.2.0 Azure-SDK-For-Python AZURECLI/2.19.1
    method: GET
    uri: https://management.azure.com/subscriptions/00000000-0000-0000-0000-000000000000/providers/Microsoft.Network/locations/westus/operations/09fb0072-20f8-4a30-a424-4ba520d1c6b9?api-version=2020-05-01
  response:
    body:
      string: "{\r\n  \"status\": \"InProgress\"\r\n}"
    headers:
      cache-control:
      - no-cache
      content-length:
      - '30'
      content-type:
      - application/json; charset=utf-8
      date:
      - Wed, 24 Feb 2021 12:22:58 GMT
      expires:
      - '-1'
      pragma:
      - no-cache
      server:
      - Microsoft-HTTPAPI/2.0
      - Microsoft-HTTPAPI/2.0
      strict-transport-security:
      - max-age=31536000; includeSubDomains
      transfer-encoding:
      - chunked
      vary:
      - Accept-Encoding
      x-content-type-options:
      - nosniff
      x-ms-arm-service-request-id:
      - cbd4125c-651d-47e6-a3d9-82644652b339
    status:
      code: 200
      message: OK
- request:
    body: null
    headers:
      Accept:
      - application/json
      Accept-Encoding:
      - gzip, deflate
      CommandName:
      - network vpn-gateway create
      Connection:
      - keep-alive
      ParameterSetName:
      - -g -n --vhub
      User-Agent:
      - python/3.7.4 (Windows-10-10.0.19041-SP0) msrest/0.6.21 msrest_azure/0.6.3
        azure-mgmt-network/10.2.0 Azure-SDK-For-Python AZURECLI/2.19.1
    method: GET
    uri: https://management.azure.com/subscriptions/00000000-0000-0000-0000-000000000000/providers/Microsoft.Network/locations/westus/operations/09fb0072-20f8-4a30-a424-4ba520d1c6b9?api-version=2020-05-01
  response:
    body:
      string: "{\r\n  \"status\": \"InProgress\"\r\n}"
    headers:
      cache-control:
      - no-cache
      content-length:
      - '30'
      content-type:
      - application/json; charset=utf-8
      date:
      - Wed, 24 Feb 2021 12:24:37 GMT
      expires:
      - '-1'
      pragma:
      - no-cache
      server:
      - Microsoft-HTTPAPI/2.0
      - Microsoft-HTTPAPI/2.0
      strict-transport-security:
      - max-age=31536000; includeSubDomains
      transfer-encoding:
      - chunked
      vary:
      - Accept-Encoding
      x-content-type-options:
      - nosniff
      x-ms-arm-service-request-id:
      - 32332d34-0369-484e-bd8e-c804a0579fb0
    status:
      code: 200
      message: OK
- request:
    body: null
    headers:
      Accept:
      - application/json
      Accept-Encoding:
      - gzip, deflate
      CommandName:
      - network vpn-gateway create
      Connection:
      - keep-alive
      ParameterSetName:
      - -g -n --vhub
      User-Agent:
      - python/3.7.4 (Windows-10-10.0.19041-SP0) msrest/0.6.21 msrest_azure/0.6.3
        azure-mgmt-network/10.2.0 Azure-SDK-For-Python AZURECLI/2.19.1
    method: GET
    uri: https://management.azure.com/subscriptions/00000000-0000-0000-0000-000000000000/providers/Microsoft.Network/locations/westus/operations/09fb0072-20f8-4a30-a424-4ba520d1c6b9?api-version=2020-05-01
  response:
    body:
      string: "{\r\n  \"status\": \"InProgress\"\r\n}"
    headers:
      cache-control:
      - no-cache
      content-length:
      - '30'
      content-type:
      - application/json; charset=utf-8
      date:
      - Wed, 24 Feb 2021 12:26:19 GMT
      expires:
      - '-1'
      pragma:
      - no-cache
      server:
      - Microsoft-HTTPAPI/2.0
      - Microsoft-HTTPAPI/2.0
      strict-transport-security:
      - max-age=31536000; includeSubDomains
      transfer-encoding:
      - chunked
      vary:
      - Accept-Encoding
      x-content-type-options:
      - nosniff
      x-ms-arm-service-request-id:
      - 6681330e-5927-49e3-be12-64cc4a11b1d2
    status:
      code: 200
      message: OK
- request:
    body: null
    headers:
      Accept:
      - application/json
      Accept-Encoding:
      - gzip, deflate
      CommandName:
      - network vpn-gateway create
      Connection:
      - keep-alive
      ParameterSetName:
      - -g -n --vhub
      User-Agent:
      - python/3.7.4 (Windows-10-10.0.19041-SP0) msrest/0.6.21 msrest_azure/0.6.3
        azure-mgmt-network/10.2.0 Azure-SDK-For-Python AZURECLI/2.19.1
    method: GET
    uri: https://management.azure.com/subscriptions/00000000-0000-0000-0000-000000000000/providers/Microsoft.Network/locations/westus/operations/09fb0072-20f8-4a30-a424-4ba520d1c6b9?api-version=2020-05-01
  response:
    body:
      string: "{\r\n  \"status\": \"InProgress\"\r\n}"
    headers:
      cache-control:
      - no-cache
      content-length:
      - '30'
      content-type:
      - application/json; charset=utf-8
      date:
      - Wed, 24 Feb 2021 12:27:58 GMT
      expires:
      - '-1'
      pragma:
      - no-cache
      server:
      - Microsoft-HTTPAPI/2.0
      - Microsoft-HTTPAPI/2.0
      strict-transport-security:
      - max-age=31536000; includeSubDomains
      transfer-encoding:
      - chunked
      vary:
      - Accept-Encoding
      x-content-type-options:
      - nosniff
      x-ms-arm-service-request-id:
      - bef50e97-2563-4366-aad9-9a9621b78a71
    status:
      code: 200
      message: OK
- request:
    body: null
    headers:
      Accept:
      - application/json
      Accept-Encoding:
      - gzip, deflate
      CommandName:
      - network vpn-gateway create
      Connection:
      - keep-alive
      ParameterSetName:
      - -g -n --vhub
      User-Agent:
      - python/3.7.4 (Windows-10-10.0.19041-SP0) msrest/0.6.21 msrest_azure/0.6.3
        azure-mgmt-network/10.2.0 Azure-SDK-For-Python AZURECLI/2.19.1
    method: GET
    uri: https://management.azure.com/subscriptions/00000000-0000-0000-0000-000000000000/providers/Microsoft.Network/locations/westus/operations/09fb0072-20f8-4a30-a424-4ba520d1c6b9?api-version=2020-05-01
  response:
    body:
      string: "{\r\n  \"status\": \"InProgress\"\r\n}"
    headers:
      cache-control:
      - no-cache
      content-length:
      - '30'
      content-type:
      - application/json; charset=utf-8
      date:
      - Wed, 24 Feb 2021 12:29:39 GMT
      expires:
      - '-1'
      pragma:
      - no-cache
      server:
      - Microsoft-HTTPAPI/2.0
      - Microsoft-HTTPAPI/2.0
      strict-transport-security:
      - max-age=31536000; includeSubDomains
      transfer-encoding:
      - chunked
      vary:
      - Accept-Encoding
      x-content-type-options:
      - nosniff
      x-ms-arm-service-request-id:
      - 8cfe70d0-50fc-4a43-ba35-a3ed07d07277
    status:
      code: 200
      message: OK
- request:
    body: null
    headers:
      Accept:
      - application/json
      Accept-Encoding:
      - gzip, deflate
      CommandName:
      - network vpn-gateway create
      Connection:
      - keep-alive
      ParameterSetName:
      - -g -n --vhub
      User-Agent:
      - python/3.7.4 (Windows-10-10.0.19041-SP0) msrest/0.6.21 msrest_azure/0.6.3
        azure-mgmt-network/10.2.0 Azure-SDK-For-Python AZURECLI/2.19.1
    method: GET
    uri: https://management.azure.com/subscriptions/00000000-0000-0000-0000-000000000000/providers/Microsoft.Network/locations/westus/operations/09fb0072-20f8-4a30-a424-4ba520d1c6b9?api-version=2020-05-01
  response:
    body:
      string: "{\r\n  \"status\": \"Succeeded\"\r\n}"
    headers:
      cache-control:
      - no-cache
      content-length:
      - '29'
      content-type:
      - application/json; charset=utf-8
      date:
      - Wed, 24 Feb 2021 12:31:19 GMT
      expires:
      - '-1'
      pragma:
      - no-cache
      server:
      - Microsoft-HTTPAPI/2.0
      - Microsoft-HTTPAPI/2.0
      strict-transport-security:
      - max-age=31536000; includeSubDomains
      transfer-encoding:
      - chunked
      vary:
      - Accept-Encoding
      x-content-type-options:
      - nosniff
      x-ms-arm-service-request-id:
      - 4d4d3ce0-fb0a-49a7-ae1c-601f1243a1ae
    status:
      code: 200
      message: OK
- request:
    body: null
    headers:
      Accept:
      - application/json
      Accept-Encoding:
      - gzip, deflate
      CommandName:
      - network vpn-gateway create
      Connection:
      - keep-alive
      ParameterSetName:
      - -g -n --vhub
      User-Agent:
      - python/3.7.4 (Windows-10-10.0.19041-SP0) msrest/0.6.21 msrest_azure/0.6.3
        azure-mgmt-network/10.2.0 Azure-SDK-For-Python AZURECLI/2.19.1
    method: GET
    uri: https://management.azure.com/subscriptions/00000000-0000-0000-0000-000000000000/resourceGroups/clitest.rg000001/providers/Microsoft.Network/vpnGateways/cligateway?api-version=2020-05-01
  response:
    body:
      string: "{\r\n  \"name\": \"cligateway\",\r\n  \"id\": \"/subscriptions/00000000-0000-0000-0000-000000000000/resourceGroups/clitest.rg000001/providers/Microsoft.Network/vpnGateways/cligateway\",\r\n
        \ \"etag\": \"W/\\\"7cba860b-be7e-4434-a756-2e789d130fc1\\\"\",\r\n  \"type\":
        \"Microsoft.Network/vpnGateways\",\r\n  \"location\": \"westus\",\r\n  \"properties\":
        {\r\n    \"provisioningState\": \"Succeeded\",\r\n    \"connections\": [],\r\n
        \   \"virtualHub\": {\r\n      \"id\": \"/subscriptions/00000000-0000-0000-0000-000000000000/resourceGroups/clitest.rg000001/providers/Microsoft.Network/virtualHubs/clitestvhub\"\r\n
        \   },\r\n    \"bgpSettings\": {\r\n      \"asn\": 65515,\r\n      \"peerWeight\":
        0,\r\n      \"bgpPeeringAddresses\": [\r\n        {\r\n          \"ipconfigurationId\":
        \"Instance0\",\r\n          \"defaultBgpIpAddresses\": [\r\n            \"10.5.0.13\"\r\n
        \         ],\r\n          \"customBgpIpAddresses\": [],\r\n          \"tunnelIpAddresses\":
        [\r\n            \"104.40.87.201\",\r\n            \"10.5.0.4\"\r\n          ]\r\n
        \       },\r\n        {\r\n          \"ipconfigurationId\": \"Instance1\",\r\n
        \         \"defaultBgpIpAddresses\": [\r\n            \"10.5.0.12\"\r\n          ],\r\n
        \         \"customBgpIpAddresses\": [],\r\n          \"tunnelIpAddresses\":
        [\r\n            \"104.40.87.106\",\r\n            \"10.5.0.5\"\r\n          ]\r\n
        \       }\r\n      ]\r\n    },\r\n    \"vpnGatewayScaleUnit\": 1,\r\n    \"packetCaptureDiagnosticState\":
        \"None\",\r\n    \"ipConfigurations\": [\r\n      {\r\n        \"id\": \"Instance0\",\r\n
        \       \"publicIpAddress\": \"104.40.87.201\",\r\n        \"privateIpAddress\":
        \"10.5.0.4\"\r\n      },\r\n      {\r\n        \"id\": \"Instance1\",\r\n
        \       \"publicIpAddress\": \"104.40.87.106\",\r\n        \"privateIpAddress\":
        \"10.5.0.5\"\r\n      }\r\n    ],\r\n    \"natRules\": [],\r\n    \"enableBgpRouteTranslationForNat\":
        false,\r\n    \"isRoutingPreferenceInternet\": false\r\n  }\r\n}"
    headers:
      cache-control:
      - no-cache
      content-length:
      - '1856'
      content-type:
      - application/json; charset=utf-8
      date:
      - Wed, 24 Feb 2021 12:31:19 GMT
      expires:
      - '-1'
      pragma:
      - no-cache
      server:
      - Microsoft-HTTPAPI/2.0
      - Microsoft-HTTPAPI/2.0
      strict-transport-security:
      - max-age=31536000; includeSubDomains
      transfer-encoding:
      - chunked
      vary:
      - Accept-Encoding
      x-content-type-options:
      - nosniff
      x-ms-arm-service-request-id:
      - bf119736-716e-4dd6-9711-0345c75ea24d
    status:
      code: 200
      message: OK
- request:
    body: null
    headers:
      Accept:
      - application/json
      Accept-Encoding:
      - gzip, deflate
      CommandName:
      - network security-partner-provider create
      Connection:
      - keep-alive
      ParameterSetName:
      - -n -g --vhub --provider
      User-Agent:
      - python/3.7.4 (Windows-10-10.0.19041-SP0) msrest/0.6.21 msrest_azure/0.6.3
        azure-mgmt-resource/12.0.0 Azure-SDK-For-Python AZURECLI/2.19.1
      accept-language:
      - en-US
    method: GET
    uri: https://management.azure.com/subscriptions/00000000-0000-0000-0000-000000000000/resourcegroups/clitest.rg000001?api-version=2020-10-01
  response:
    body:
      string: '{"id":"/subscriptions/00000000-0000-0000-0000-000000000000/resourceGroups/clitest.rg000001","name":"clitest.rg000001","type":"Microsoft.Resources/resourceGroups","location":"westus","tags":{"product":"azurecli","cause":"automation","date":"2021-02-24T12:02:09Z"},"properties":{"provisioningState":"Succeeded"}}'
    headers:
      cache-control:
      - no-cache
      content-length:
      - '428'
      content-type:
      - application/json; charset=utf-8
      date:
      - Wed, 24 Feb 2021 12:31:21 GMT
      expires:
      - '-1'
      pragma:
      - no-cache
      strict-transport-security:
      - max-age=31536000; includeSubDomains
      vary:
      - Accept-Encoding
      x-content-type-options:
      - nosniff
    status:
      code: 200
      message: OK
- request:
    body: '{"location": "westus", "properties": {"securityProviderName": "Checkpoint",
      "virtualHub": {"id": "/subscriptions/00000000-0000-0000-0000-000000000000/resourceGroups/clitest.rg000001/providers/Microsoft.Network/virtualHubs/clitestvhub"}}}'
    headers:
      Accept:
      - application/json
      Accept-Encoding:
      - gzip, deflate
      CommandName:
      - network security-partner-provider create
      Connection:
      - keep-alive
      Content-Length:
      - '296'
      Content-Type:
      - application/json
      ParameterSetName:
      - -n -g --vhub --provider
      User-Agent:
      - AZURECLI/2.19.1 azsdk-python-azure-mgmt-network/17.1.0 Python/3.7.4 (Windows-10-10.0.19041-SP0)
    method: PUT
    uri: https://management.azure.com/subscriptions/00000000-0000-0000-0000-000000000000/resourceGroups/clitest.rg000001/providers/Microsoft.Network/securityPartnerProviders/clisecuritypartnerprovider?api-version=2020-08-01
  response:
    body:
      string: "{\r\n  \"name\": \"clisecuritypartnerprovider\",\r\n  \"id\": \"/subscriptions/00000000-0000-0000-0000-000000000000/resourceGroups/clitest.rg000001/providers/Microsoft.Network/securityPartnerProviders/clisecuritypartnerprovider\",\r\n
        \ \"etag\": \"W/\\\"bc7985e2-8b71-4ea3-946c-27b895bc2f05\\\"\",\r\n  \"type\":
        \"Microsoft.Network/securityPartnerProviders\",\r\n  \"location\": \"westus\",\r\n
        \ \"properties\": {\r\n    \"provisioningState\": \"Updating\",\r\n    \"securityProviderName\":
        \"Checkpoint\",\r\n    \"virtualHub\": {\r\n      \"id\": \"/subscriptions/00000000-0000-0000-0000-000000000000/resourceGroups/clitest.rg000001/providers/Microsoft.Network/virtualHubs/clitestvhub\"\r\n
        \   }\r\n  }\r\n}"
    headers:
      azure-asyncnotification:
      - Enabled
      azure-asyncoperation:
      - https://management.azure.com/subscriptions/00000000-0000-0000-0000-000000000000/providers/Microsoft.Network/locations/westus/operations/5db6cf1e-4f99-488e-b849-f18a30815c0d?api-version=2020-08-01
      cache-control:
      - no-cache
      content-length:
      - '762'
      content-type:
      - application/json; charset=utf-8
      date:
      - Wed, 24 Feb 2021 12:31:26 GMT
      expires:
      - '-1'
      pragma:
      - no-cache
      server:
      - Microsoft-HTTPAPI/2.0
      - Microsoft-HTTPAPI/2.0
      strict-transport-security:
      - max-age=31536000; includeSubDomains
      x-content-type-options:
      - nosniff
      x-ms-arm-service-request-id:
      - 5f916009-7907-41b7-b464-7bb577572f27
      x-ms-ratelimit-remaining-subscription-writes:
      - '1171'
    status:
      code: 201
      message: Created
- request:
    body: null
    headers:
      Accept:
      - '*/*'
      Accept-Encoding:
      - gzip, deflate
      CommandName:
      - network security-partner-provider create
      Connection:
      - keep-alive
      ParameterSetName:
      - -n -g --vhub --provider
      User-Agent:
      - AZURECLI/2.19.1 azsdk-python-azure-mgmt-network/17.1.0 Python/3.7.4 (Windows-10-10.0.19041-SP0)
    method: GET
    uri: https://management.azure.com/subscriptions/00000000-0000-0000-0000-000000000000/providers/Microsoft.Network/locations/westus/operations/5db6cf1e-4f99-488e-b849-f18a30815c0d?api-version=2020-08-01
  response:
    body:
      string: "{\r\n  \"status\": \"Succeeded\"\r\n}"
    headers:
      cache-control:
      - no-cache
      content-length:
      - '29'
      content-type:
      - application/json; charset=utf-8
      date:
      - Wed, 24 Feb 2021 12:31:36 GMT
      expires:
      - '-1'
      pragma:
      - no-cache
      server:
      - Microsoft-HTTPAPI/2.0
      - Microsoft-HTTPAPI/2.0
      strict-transport-security:
      - max-age=31536000; includeSubDomains
      transfer-encoding:
      - chunked
      vary:
      - Accept-Encoding
      x-content-type-options:
      - nosniff
      x-ms-arm-service-request-id:
      - 9f17b243-e162-4655-a3dc-3195701c7ac5
    status:
      code: 200
      message: OK
- request:
    body: null
    headers:
      Accept:
      - '*/*'
      Accept-Encoding:
      - gzip, deflate
      CommandName:
      - network security-partner-provider create
      Connection:
      - keep-alive
      ParameterSetName:
      - -n -g --vhub --provider
      User-Agent:
      - AZURECLI/2.19.1 azsdk-python-azure-mgmt-network/17.1.0 Python/3.7.4 (Windows-10-10.0.19041-SP0)
    method: GET
    uri: https://management.azure.com/subscriptions/00000000-0000-0000-0000-000000000000/resourceGroups/clitest.rg000001/providers/Microsoft.Network/securityPartnerProviders/clisecuritypartnerprovider?api-version=2020-08-01
  response:
    body:
      string: "{\r\n  \"name\": \"clisecuritypartnerprovider\",\r\n  \"id\": \"/subscriptions/00000000-0000-0000-0000-000000000000/resourceGroups/clitest.rg000001/providers/Microsoft.Network/securityPartnerProviders/clisecuritypartnerprovider\",\r\n
        \ \"etag\": \"W/\\\"41ba03a2-b932-4027-9fc0-50881ca445e7\\\"\",\r\n  \"type\":
        \"Microsoft.Network/securityPartnerProviders\",\r\n  \"location\": \"westus\",\r\n
        \ \"properties\": {\r\n    \"provisioningState\": \"Succeeded\",\r\n    \"securityProviderName\":
        \"Checkpoint\",\r\n    \"virtualHub\": {\r\n      \"id\": \"/subscriptions/00000000-0000-0000-0000-000000000000/resourceGroups/clitest.rg000001/providers/Microsoft.Network/virtualHubs/clitestvhub\"\r\n
        \   }\r\n  }\r\n}"
    headers:
      cache-control:
      - no-cache
      content-length:
      - '763'
      content-type:
      - application/json; charset=utf-8
      date:
      - Wed, 24 Feb 2021 12:31:37 GMT
      expires:
      - '-1'
      pragma:
      - no-cache
      server:
      - Microsoft-HTTPAPI/2.0
      - Microsoft-HTTPAPI/2.0
      strict-transport-security:
      - max-age=31536000; includeSubDomains
      transfer-encoding:
      - chunked
      vary:
      - Accept-Encoding
      x-content-type-options:
      - nosniff
      x-ms-arm-service-request-id:
      - c6b4ac29-3520-4170-99a4-28f52bb54b6e
    status:
      code: 200
      message: OK
- request:
    body: null
    headers:
      Accept:
      - application/json
      Accept-Encoding:
      - gzip, deflate
      CommandName:
      - network security-partner-provider show
      Connection:
      - keep-alive
      ParameterSetName:
      - -n -g
      User-Agent:
      - AZURECLI/2.19.1 azsdk-python-azure-mgmt-network/17.1.0 Python/3.7.4 (Windows-10-10.0.19041-SP0)
    method: GET
    uri: https://management.azure.com/subscriptions/00000000-0000-0000-0000-000000000000/resourceGroups/clitest.rg000001/providers/Microsoft.Network/securityPartnerProviders/clisecuritypartnerprovider?api-version=2020-08-01
  response:
    body:
      string: "{\r\n  \"name\": \"clisecuritypartnerprovider\",\r\n  \"id\": \"/subscriptions/00000000-0000-0000-0000-000000000000/resourceGroups/clitest.rg000001/providers/Microsoft.Network/securityPartnerProviders/clisecuritypartnerprovider\",\r\n
        \ \"etag\": \"W/\\\"ebae8354-42f1-41d7-a456-f8b0956af862\\\"\",\r\n  \"type\":
        \"Microsoft.Network/securityPartnerProviders\",\r\n  \"location\": \"westus\",\r\n
        \ \"properties\": {\r\n    \"provisioningState\": \"Succeeded\",\r\n    \"securityProviderName\":
        \"Checkpoint\",\r\n    \"virtualHub\": {\r\n      \"id\": \"/subscriptions/00000000-0000-0000-0000-000000000000/resourceGroups/clitest.rg000001/providers/Microsoft.Network/virtualHubs/clitestvhub\"\r\n
        \   }\r\n  }\r\n}"
    headers:
      cache-control:
      - no-cache
      content-length:
      - '763'
      content-type:
      - application/json; charset=utf-8
      date:
      - Wed, 24 Feb 2021 12:31:38 GMT
      expires:
      - '-1'
      pragma:
      - no-cache
      server:
      - Microsoft-HTTPAPI/2.0
      - Microsoft-HTTPAPI/2.0
      strict-transport-security:
      - max-age=31536000; includeSubDomains
      transfer-encoding:
      - chunked
      vary:
      - Accept-Encoding
      x-content-type-options:
      - nosniff
      x-ms-arm-service-request-id:
      - 8e85e042-2716-4400-b35e-a35dbf755987
    status:
      code: 200
      message: OK
- request:
    body: null
    headers:
      Accept:
      - application/json
      Accept-Encoding:
      - gzip, deflate
      CommandName:
      - network security-partner-provider update
      Connection:
      - keep-alive
      ParameterSetName:
      - -n -g --tag
      User-Agent:
      - AZURECLI/2.19.1 azsdk-python-azure-mgmt-network/17.1.0 Python/3.7.4 (Windows-10-10.0.19041-SP0)
    method: GET
    uri: https://management.azure.com/subscriptions/00000000-0000-0000-0000-000000000000/resourceGroups/clitest.rg000001/providers/Microsoft.Network/securityPartnerProviders/clisecuritypartnerprovider?api-version=2020-08-01
  response:
    body:
      string: "{\r\n  \"name\": \"clisecuritypartnerprovider\",\r\n  \"id\": \"/subscriptions/00000000-0000-0000-0000-000000000000/resourceGroups/clitest.rg000001/providers/Microsoft.Network/securityPartnerProviders/clisecuritypartnerprovider\",\r\n
        \ \"etag\": \"W/\\\"b0ae08a2-235b-4f97-aa38-37a57179fc52\\\"\",\r\n  \"type\":
        \"Microsoft.Network/securityPartnerProviders\",\r\n  \"location\": \"westus\",\r\n
        \ \"properties\": {\r\n    \"provisioningState\": \"Succeeded\",\r\n    \"securityProviderName\":
        \"Checkpoint\",\r\n    \"virtualHub\": {\r\n      \"id\": \"/subscriptions/00000000-0000-0000-0000-000000000000/resourceGroups/clitest.rg000001/providers/Microsoft.Network/virtualHubs/clitestvhub\"\r\n
        \   }\r\n  }\r\n}"
    headers:
      cache-control:
      - no-cache
      content-length:
      - '763'
      content-type:
      - application/json; charset=utf-8
      date:
      - Wed, 24 Feb 2021 12:31:39 GMT
      expires:
      - '-1'
      pragma:
      - no-cache
      server:
      - Microsoft-HTTPAPI/2.0
      - Microsoft-HTTPAPI/2.0
      strict-transport-security:
      - max-age=31536000; includeSubDomains
      transfer-encoding:
      - chunked
      vary:
      - Accept-Encoding
      x-content-type-options:
      - nosniff
      x-ms-arm-service-request-id:
      - 31af0fdd-03b0-4579-9fff-3889bc3a8e87
    status:
      code: 200
      message: OK
- request:
    body: '{"id": "/subscriptions/00000000-0000-0000-0000-000000000000/resourceGroups/clitest.rg000001/providers/Microsoft.Network/securityPartnerProviders/clisecuritypartnerprovider",
      "location": "westus", "tags": {"a": "b"}, "properties": {"securityProviderName":
      "Checkpoint", "virtualHub": {"id": "/subscriptions/00000000-0000-0000-0000-000000000000/resourceGroups/clitest.rg000001/providers/Microsoft.Network/virtualHubs/clitestvhub"}}}'
    headers:
      Accept:
      - application/json
      Accept-Encoding:
      - gzip, deflate
      CommandName:
      - network security-partner-provider update
      Connection:
      - keep-alive
      Content-Length:
      - '548'
      Content-Type:
      - application/json
      ParameterSetName:
      - -n -g --tag
      User-Agent:
      - AZURECLI/2.19.1 azsdk-python-azure-mgmt-network/17.1.0 Python/3.7.4 (Windows-10-10.0.19041-SP0)
    method: PUT
    uri: https://management.azure.com/subscriptions/00000000-0000-0000-0000-000000000000/resourceGroups/clitest.rg000001/providers/Microsoft.Network/securityPartnerProviders/clisecuritypartnerprovider?api-version=2020-08-01
  response:
    body:
      string: "{\r\n  \"name\": \"clisecuritypartnerprovider\",\r\n  \"id\": \"/subscriptions/00000000-0000-0000-0000-000000000000/resourceGroups/clitest.rg000001/providers/Microsoft.Network/securityPartnerProviders/clisecuritypartnerprovider\",\r\n
        \ \"etag\": \"W/\\\"fe90378a-7623-45b5-954c-11dc20b4c450\\\"\",\r\n  \"type\":
        \"Microsoft.Network/securityPartnerProviders\",\r\n  \"location\": \"westus\",\r\n
        \ \"tags\": {\r\n    \"a\": \"b\"\r\n  },\r\n  \"properties\": {\r\n    \"provisioningState\":
        \"Updating\",\r\n    \"securityProviderName\": \"Checkpoint\",\r\n    \"virtualHub\":
        {\r\n      \"id\": \"/subscriptions/00000000-0000-0000-0000-000000000000/resourceGroups/clitest.rg000001/providers/Microsoft.Network/virtualHubs/clitestvhub\"\r\n
        \   }\r\n  }\r\n}"
    headers:
      azure-asyncnotification:
      - Enabled
      azure-asyncoperation:
      - https://management.azure.com/subscriptions/00000000-0000-0000-0000-000000000000/providers/Microsoft.Network/locations/westus/operations/1af24bb2-2d74-457d-97af-f4cad66b56df?api-version=2020-08-01
      cache-control:
      - no-cache
      content-length:
      - '795'
      content-type:
      - application/json; charset=utf-8
      date:
      - Wed, 24 Feb 2021 12:31:44 GMT
      expires:
      - '-1'
      pragma:
      - no-cache
      server:
      - Microsoft-HTTPAPI/2.0
      - Microsoft-HTTPAPI/2.0
      strict-transport-security:
      - max-age=31536000; includeSubDomains
      transfer-encoding:
      - chunked
      vary:
      - Accept-Encoding
      x-content-type-options:
      - nosniff
      x-ms-arm-service-request-id:
      - 7dd618b8-30db-4030-997f-0b71a97cff80
      x-ms-ratelimit-remaining-subscription-writes:
      - '1166'
    status:
      code: 200
      message: OK
- request:
    body: null
    headers:
      Accept:
      - '*/*'
      Accept-Encoding:
      - gzip, deflate
      CommandName:
      - network security-partner-provider update
      Connection:
      - keep-alive
      ParameterSetName:
      - -n -g --tag
      User-Agent:
      - AZURECLI/2.19.1 azsdk-python-azure-mgmt-network/17.1.0 Python/3.7.4 (Windows-10-10.0.19041-SP0)
    method: GET
    uri: https://management.azure.com/subscriptions/00000000-0000-0000-0000-000000000000/providers/Microsoft.Network/locations/westus/operations/1af24bb2-2d74-457d-97af-f4cad66b56df?api-version=2020-08-01
  response:
    body:
      string: "{\r\n  \"status\": \"Succeeded\"\r\n}"
    headers:
      cache-control:
      - no-cache
      content-length:
      - '29'
      content-type:
      - application/json; charset=utf-8
      date:
      - Wed, 24 Feb 2021 12:31:54 GMT
      expires:
      - '-1'
      pragma:
      - no-cache
      server:
      - Microsoft-HTTPAPI/2.0
      - Microsoft-HTTPAPI/2.0
      strict-transport-security:
      - max-age=31536000; includeSubDomains
      transfer-encoding:
      - chunked
      vary:
      - Accept-Encoding
      x-content-type-options:
      - nosniff
      x-ms-arm-service-request-id:
      - 1ab2a8c1-8b6d-479f-97b9-efc41debe22e
    status:
      code: 200
      message: OK
- request:
    body: null
    headers:
      Accept:
      - '*/*'
      Accept-Encoding:
      - gzip, deflate
      CommandName:
      - network security-partner-provider update
      Connection:
      - keep-alive
      ParameterSetName:
      - -n -g --tag
      User-Agent:
      - AZURECLI/2.19.1 azsdk-python-azure-mgmt-network/17.1.0 Python/3.7.4 (Windows-10-10.0.19041-SP0)
    method: GET
    uri: https://management.azure.com/subscriptions/00000000-0000-0000-0000-000000000000/resourceGroups/clitest.rg000001/providers/Microsoft.Network/securityPartnerProviders/clisecuritypartnerprovider?api-version=2020-08-01
  response:
    body:
      string: "{\r\n  \"name\": \"clisecuritypartnerprovider\",\r\n  \"id\": \"/subscriptions/00000000-0000-0000-0000-000000000000/resourceGroups/clitest.rg000001/providers/Microsoft.Network/securityPartnerProviders/clisecuritypartnerprovider\",\r\n
        \ \"etag\": \"W/\\\"8a9841a2-97d2-4ed7-8ffe-47e473823cc5\\\"\",\r\n  \"type\":
        \"Microsoft.Network/securityPartnerProviders\",\r\n  \"location\": \"westus\",\r\n
        \ \"tags\": {\r\n    \"a\": \"b\"\r\n  },\r\n  \"properties\": {\r\n    \"provisioningState\":
        \"Succeeded\",\r\n    \"securityProviderName\": \"Checkpoint\",\r\n    \"virtualHub\":
        {\r\n      \"id\": \"/subscriptions/00000000-0000-0000-0000-000000000000/resourceGroups/clitest.rg000001/providers/Microsoft.Network/virtualHubs/clitestvhub\"\r\n
        \   }\r\n  }\r\n}"
    headers:
      cache-control:
      - no-cache
      content-length:
      - '796'
      content-type:
      - application/json; charset=utf-8
      date:
      - Wed, 24 Feb 2021 12:31:54 GMT
      expires:
      - '-1'
      pragma:
      - no-cache
      server:
      - Microsoft-HTTPAPI/2.0
      - Microsoft-HTTPAPI/2.0
      strict-transport-security:
      - max-age=31536000; includeSubDomains
      transfer-encoding:
      - chunked
      vary:
      - Accept-Encoding
      x-content-type-options:
      - nosniff
      x-ms-arm-service-request-id:
      - cdace132-afe9-47b1-ae4c-a2aa3934ac92
    status:
      code: 200
      message: OK
- request:
    body: null
    headers:
      Accept:
      - application/json
      Accept-Encoding:
      - gzip, deflate
      CommandName:
      - network security-partner-provider list
      Connection:
      - keep-alive
      ParameterSetName:
      - -g
      User-Agent:
      - AZURECLI/2.19.1 azsdk-python-azure-mgmt-network/17.1.0 Python/3.7.4 (Windows-10-10.0.19041-SP0)
    method: GET
    uri: https://management.azure.com/subscriptions/00000000-0000-0000-0000-000000000000/resourceGroups/clitest.rg000001/providers/Microsoft.Network/securityPartnerProviders?api-version=2020-08-01
  response:
    body:
      string: "{\r\n  \"value\": [\r\n    {\r\n      \"name\": \"clisecuritypartnerprovider\",\r\n
        \     \"id\": \"/subscriptions/00000000-0000-0000-0000-000000000000/resourceGroups/clitest.rg000001/providers/Microsoft.Network/securityPartnerProviders/clisecuritypartnerprovider\",\r\n
        \     \"etag\": \"W/\\\"70dceb68-67a8-4a52-b3bd-723b2ba01467\\\"\",\r\n      \"type\":
        \"Microsoft.Network/securityPartnerProviders\",\r\n      \"location\": \"westus\",\r\n
        \     \"tags\": {\r\n        \"a\": \"b\"\r\n      },\r\n      \"properties\":
        {\r\n        \"provisioningState\": \"Succeeded\",\r\n        \"securityProviderName\":
        \"Checkpoint\",\r\n        \"virtualHub\": {\r\n          \"id\": \"/subscriptions/00000000-0000-0000-0000-000000000000/resourceGroups/clitest.rg000001/providers/Microsoft.Network/virtualHubs/clitestvhub\"\r\n
        \       }\r\n      }\r\n    }\r\n  ]\r\n}"
    headers:
      cache-control:
      - no-cache
      content-length:
      - '889'
      content-type:
      - application/json; charset=utf-8
      date:
      - Wed, 24 Feb 2021 12:31:55 GMT
      expires:
      - '-1'
      pragma:
      - no-cache
      server:
      - Microsoft-HTTPAPI/2.0
      - Microsoft-HTTPAPI/2.0
      strict-transport-security:
      - max-age=31536000; includeSubDomains
      transfer-encoding:
      - chunked
      vary:
      - Accept-Encoding
      x-content-type-options:
      - nosniff
      x-ms-arm-service-request-id:
      - 73cc57c5-4edb-4e23-a15d-951b01fd9178
    status:
      code: 200
      message: OK
- request:
    body: null
    headers:
      Accept:
      - application/json
      Accept-Encoding:
      - gzip, deflate
      CommandName:
      - network security-partner-provider list
      Connection:
      - keep-alive
      User-Agent:
      - AZURECLI/2.19.1 azsdk-python-azure-mgmt-network/17.1.0 Python/3.7.4 (Windows-10-10.0.19041-SP0)
    method: GET
    uri: https://management.azure.com/subscriptions/00000000-0000-0000-0000-000000000000/providers/Microsoft.Network/securityPartnerProviders?api-version=2020-08-01
  response:
    body:
      string: "{\r\n  \"value\": [\r\n    {\r\n      \"name\": \"clisecuritypartnerprovider\",\r\n
        \     \"id\": \"/subscriptions/00000000-0000-0000-0000-000000000000/resourceGroups/clitest.rg000001/providers/Microsoft.Network/securityPartnerProviders/clisecuritypartnerprovider\",\r\n
        \     \"etag\": \"W/\\\"7433ac63-6c9f-47f9-b392-413b24153378\\\"\",\r\n      \"type\":
        \"Microsoft.Network/securityPartnerProviders\",\r\n      \"location\": \"westus\",\r\n
        \     \"tags\": {\r\n        \"a\": \"b\"\r\n      },\r\n      \"properties\":
        {\r\n        \"provisioningState\": \"Succeeded\",\r\n        \"securityProviderName\":
        \"Checkpoint\",\r\n        \"virtualHub\": {\r\n          \"id\": \"/subscriptions/00000000-0000-0000-0000-000000000000/resourceGroups/clitest.rg000001/providers/Microsoft.Network/virtualHubs/clitestvhub\"\r\n
        \       }\r\n      }\r\n    }\r\n  ]\r\n}"
    headers:
      cache-control:
      - no-cache
      content-length:
      - '889'
      content-type:
      - application/json; charset=utf-8
      date:
      - Wed, 24 Feb 2021 12:31:56 GMT
      expires:
      - '-1'
      pragma:
      - no-cache
      server:
      - Microsoft-HTTPAPI/2.0
      - Microsoft-HTTPAPI/2.0
      strict-transport-security:
      - max-age=31536000; includeSubDomains
      transfer-encoding:
      - chunked
      vary:
      - Accept-Encoding
      x-content-type-options:
      - nosniff
      x-ms-arm-service-request-id:
      - 41c75546-b6b9-4ba3-9faf-9698c844dffb
    status:
      code: 200
      message: OK
- request:
    body: null
    headers:
      Accept:
      - application/json
      Accept-Encoding:
      - gzip, deflate
      CommandName:
      - network security-partner-provider delete
      Connection:
      - keep-alive
      Content-Length:
      - '0'
      ParameterSetName:
      - -n -g
      User-Agent:
      - AZURECLI/2.19.1 azsdk-python-azure-mgmt-network/17.1.0 Python/3.7.4 (Windows-10-10.0.19041-SP0)
    method: DELETE
    uri: https://management.azure.com/subscriptions/00000000-0000-0000-0000-000000000000/resourceGroups/clitest.rg000001/providers/Microsoft.Network/securityPartnerProviders/clisecuritypartnerprovider?api-version=2020-08-01
  response:
    body:
      string: ''
    headers:
      azure-asyncnotification:
      - Enabled
      azure-asyncoperation:
      - https://management.azure.com/subscriptions/00000000-0000-0000-0000-000000000000/providers/Microsoft.Network/locations/westus/operations/bbf0a1b5-cc06-45ee-bef5-4001b365b848?api-version=2020-08-01
      cache-control:
      - no-cache
      content-length:
      - '0'
      date:
      - Wed, 24 Feb 2021 12:31:57 GMT
      expires:
      - '-1'
      location:
      - https://management.azure.com/subscriptions/00000000-0000-0000-0000-000000000000/providers/Microsoft.Network/locations/westus/operationResults/bbf0a1b5-cc06-45ee-bef5-4001b365b848?api-version=2020-08-01
      pragma:
      - no-cache
      server:
      - Microsoft-HTTPAPI/2.0
      - Microsoft-HTTPAPI/2.0
      strict-transport-security:
      - max-age=31536000; includeSubDomains
      x-content-type-options:
      - nosniff
      x-ms-arm-service-request-id:
      - 901873d5-8517-4b21-8500-4f9ca69b7011
      x-ms-ratelimit-remaining-subscription-deletes:
      - '14988'
    status:
      code: 202
      message: Accepted
- request:
    body: null
    headers:
      Accept:
      - '*/*'
      Accept-Encoding:
      - gzip, deflate
      CommandName:
      - network security-partner-provider delete
      Connection:
      - keep-alive
      ParameterSetName:
      - -n -g
      User-Agent:
      - AZURECLI/2.19.1 azsdk-python-azure-mgmt-network/17.1.0 Python/3.7.4 (Windows-10-10.0.19041-SP0)
    method: GET
    uri: https://management.azure.com/subscriptions/00000000-0000-0000-0000-000000000000/providers/Microsoft.Network/locations/westus/operations/bbf0a1b5-cc06-45ee-bef5-4001b365b848?api-version=2020-08-01
  response:
    body:
      string: "{\r\n  \"status\": \"Succeeded\"\r\n}"
    headers:
      cache-control:
      - no-cache
      content-length:
      - '29'
      content-type:
      - application/json; charset=utf-8
      date:
      - Wed, 24 Feb 2021 12:32:07 GMT
      expires:
      - '-1'
      pragma:
      - no-cache
      server:
      - Microsoft-HTTPAPI/2.0
      - Microsoft-HTTPAPI/2.0
      strict-transport-security:
      - max-age=31536000; includeSubDomains
      transfer-encoding:
      - chunked
      vary:
      - Accept-Encoding
      x-content-type-options:
      - nosniff
      x-ms-arm-service-request-id:
      - 87fb5e4e-c525-4884-86d4-5ea8c894863f
    status:
      code: 200
      message: OK
version: 1
