interactions:
- request:
    body: null
    headers:
      Accept:
      - application/json
      Accept-Encoding:
      - gzip, deflate
      CommandName:
      - network lb create
      Connection:
      - keep-alive
      ParameterSetName:
      - -g -l -n --sku --public-ip-address
      User-Agent:
      - AZURECLI/2.41.0 azsdk-python-azure-mgmt-resource/21.1.0b1 Python/3.8.10 (Windows-10-10.0.19044-SP0)
    method: GET
    uri: https://management.azure.com/subscriptions/00000000-0000-0000-0000-000000000000/resources?$filter=resourceGroup%20eq%20%27cli_test_network_lb_sku000001%27%20and%20name%20eq%20%27pubip1%27%20and%20resourceType%20eq%20%27Microsoft.Network%2FpublicIPAddresses%27&api-version=2021-04-01
  response:
    body:
      string: '{"value":[]}'
    headers:
      cache-control:
      - no-cache
      content-length:
      - '12'
      content-type:
      - application/json; charset=utf-8
      date:
      - Tue, 25 Oct 2022 08:53:23 GMT
      expires:
      - '-1'
      pragma:
      - no-cache
      strict-transport-security:
      - max-age=31536000; includeSubDomains
      vary:
      - Accept-Encoding
      x-content-type-options:
      - nosniff
    status:
      code: 200
      message: OK
- request:
    body: '{"properties": {"template": {"$schema": "https://schema.management.azure.com/schemas/2015-01-01/deploymentTemplate.json#",
      "contentVersion": "1.0.0.0", "parameters": {}, "variables": {}, "resources":
      [{"apiVersion": "2022-01-01", "type": "Microsoft.Network/publicIPAddresses",
      "name": "pubip1", "location": "eastus2", "tags": {}, "dependsOn": [], "properties":
      {"publicIPAllocationMethod": "Static"}, "sku": {"name": "Standard"}}, {"type":
      "Microsoft.Network/loadBalancers", "name": "lb1", "location": "eastus2", "tags":
      {}, "apiVersion": "2022-01-01", "dependsOn": ["Microsoft.Network/publicIpAddresses/pubip1"],
      "properties": {"backendAddressPools": [{"name": "lb1bepool"}], "frontendIPConfigurations":
      [{"name": "LoadBalancerFrontEnd", "properties": {"publicIPAddress": {"id": "/subscriptions/00000000-0000-0000-0000-000000000000/resourceGroups/cli_test_network_lb_sku000001/providers/Microsoft.Network/publicIPAddresses/pubip1"},
      "privateIPAddressVersion": "IPv4"}}]}, "sku": {"name": "Standard"}}], "outputs":
      {"loadBalancer": {"type": "object", "value": "[reference(''lb1'')]"}}}, "parameters":
      {}, "mode": "incremental"}}'
    headers:
      Accept:
      - application/json
      Accept-Encoding:
      - gzip, deflate
      CommandName:
      - network lb create
      Connection:
      - keep-alive
      Content-Length:
      - '1126'
      Content-Type:
      - application/json
      ParameterSetName:
      - -g -l -n --sku --public-ip-address
      User-Agent:
      - AZURECLI/2.41.0 azsdk-python-azure-mgmt-resource/21.1.0b1 Python/3.8.10 (Windows-10-10.0.19044-SP0)
    method: PUT
    uri: https://management.azure.com/subscriptions/00000000-0000-0000-0000-000000000000/resourcegroups/cli_test_network_lb_sku000001/providers/Microsoft.Resources/deployments/mock-deployment?api-version=2021-04-01
  response:
    body:
      string: '{"id":"/subscriptions/00000000-0000-0000-0000-000000000000/resourceGroups/cli_test_network_lb_sku000001/providers/Microsoft.Resources/deployments/lb_deploy_gm0DPDGIEUq8DeBmWn2UMGIGbVx5Z5KH","name":"lb_deploy_gm0DPDGIEUq8DeBmWn2UMGIGbVx5Z5KH","type":"Microsoft.Resources/deployments","properties":{"templateHash":"14954792563456341372","parameters":{},"mode":"Incremental","provisioningState":"Accepted","timestamp":"2022-10-25T08:53:30.9084443Z","duration":"PT0.0004992S","correlationId":"1216437d-bc0b-44f7-9beb-a93956e4e4df","providers":[{"namespace":"Microsoft.Network","resourceTypes":[{"resourceType":"publicIPAddresses","locations":["eastus2"]},{"resourceType":"loadBalancers","locations":["eastus2"]}]}],"dependencies":[{"dependsOn":[{"id":"/subscriptions/00000000-0000-0000-0000-000000000000/resourceGroups/cli_test_network_lb_sku000001/providers/Microsoft.Network/publicIPAddresses/pubip1","resourceType":"Microsoft.Network/publicIPAddresses","resourceName":"pubip1"}],"id":"/subscriptions/00000000-0000-0000-0000-000000000000/resourceGroups/cli_test_network_lb_sku000001/providers/Microsoft.Network/loadBalancers/lb1","resourceType":"Microsoft.Network/loadBalancers","resourceName":"lb1"}]}}'
    headers:
      azure-asyncoperation:
      - https://management.azure.com/subscriptions/00000000-0000-0000-0000-000000000000/resourcegroups/cli_test_network_lb_sku000001/providers/Microsoft.Resources/deployments/lb_deploy_gm0DPDGIEUq8DeBmWn2UMGIGbVx5Z5KH/operationStatuses/08585349188777348951?api-version=2021-04-01
      cache-control:
      - no-cache
      content-length:
      - '1201'
      content-type:
      - application/json; charset=utf-8
      date:
      - Tue, 25 Oct 2022 08:53:31 GMT
      expires:
      - '-1'
      pragma:
      - no-cache
      strict-transport-security:
      - max-age=31536000; includeSubDomains
      x-content-type-options:
      - nosniff
      x-ms-ratelimit-remaining-subscription-writes:
      - '1198'
    status:
      code: 201
      message: Created
- request:
    body: null
    headers:
      Accept:
      - '*/*'
      Accept-Encoding:
      - gzip, deflate
      CommandName:
      - network lb create
      Connection:
      - keep-alive
      ParameterSetName:
      - -g -l -n --sku --public-ip-address
      User-Agent:
      - AZURECLI/2.41.0 azsdk-python-azure-mgmt-resource/21.1.0b1 Python/3.8.10 (Windows-10-10.0.19044-SP0)
    method: GET
    uri: https://management.azure.com/subscriptions/00000000-0000-0000-0000-000000000000/resourcegroups/cli_test_network_lb_sku000001/providers/Microsoft.Resources/deployments/mock-deployment/operationStatuses/08585349188777348951?api-version=2021-04-01
  response:
    body:
      string: '{"status":"Succeeded"}'
    headers:
      cache-control:
      - no-cache
      content-length:
      - '22'
      content-type:
      - application/json; charset=utf-8
      date:
      - Tue, 25 Oct 2022 08:54:01 GMT
      expires:
      - '-1'
      pragma:
      - no-cache
      strict-transport-security:
      - max-age=31536000; includeSubDomains
      x-content-type-options:
      - nosniff
    status:
      code: 200
      message: OK
- request:
    body: null
    headers:
      Accept:
      - '*/*'
      Accept-Encoding:
      - gzip, deflate
      CommandName:
      - network lb create
      Connection:
      - keep-alive
      ParameterSetName:
      - -g -l -n --sku --public-ip-address
      User-Agent:
      - AZURECLI/2.41.0 azsdk-python-azure-mgmt-resource/21.1.0b1 Python/3.8.10 (Windows-10-10.0.19044-SP0)
    method: GET
    uri: https://management.azure.com/subscriptions/00000000-0000-0000-0000-000000000000/resourcegroups/cli_test_network_lb_sku000001/providers/Microsoft.Resources/deployments/mock-deployment?api-version=2021-04-01
  response:
    body:
      string: '{"id":"/subscriptions/00000000-0000-0000-0000-000000000000/resourceGroups/cli_test_network_lb_sku000001/providers/Microsoft.Resources/deployments/lb_deploy_gm0DPDGIEUq8DeBmWn2UMGIGbVx5Z5KH","name":"lb_deploy_gm0DPDGIEUq8DeBmWn2UMGIGbVx5Z5KH","type":"Microsoft.Resources/deployments","properties":{"templateHash":"14954792563456341372","parameters":{},"mode":"Incremental","provisioningState":"Succeeded","timestamp":"2022-10-25T08:53:54.5940209Z","duration":"PT23.6860758S","correlationId":"1216437d-bc0b-44f7-9beb-a93956e4e4df","providers":[{"namespace":"Microsoft.Network","resourceTypes":[{"resourceType":"publicIPAddresses","locations":["eastus2"]},{"resourceType":"loadBalancers","locations":["eastus2"]}]}],"dependencies":[{"dependsOn":[{"id":"/subscriptions/00000000-0000-0000-0000-000000000000/resourceGroups/cli_test_network_lb_sku000001/providers/Microsoft.Network/publicIPAddresses/pubip1","resourceType":"Microsoft.Network/publicIPAddresses","resourceName":"pubip1"}],"id":"/subscriptions/00000000-0000-0000-0000-000000000000/resourceGroups/cli_test_network_lb_sku000001/providers/Microsoft.Network/loadBalancers/lb1","resourceType":"Microsoft.Network/loadBalancers","resourceName":"lb1"}],"outputs":{"loadBalancer":{"type":"Object","value":{"provisioningState":"Succeeded","resourceGuid":"06ac14cb-c8f2-4249-a24c-fe42d8eb24a2","frontendIPConfigurations":[{"name":"LoadBalancerFrontEnd","id":"/subscriptions/00000000-0000-0000-0000-000000000000/resourceGroups/cli_test_network_lb_sku000001/providers/Microsoft.Network/loadBalancers/lb1/frontendIPConfigurations/LoadBalancerFrontEnd","etag":"W/\"668a4a96-8f98-4164-af8e-b229e5205c81\"","type":"Microsoft.Network/loadBalancers/frontendIPConfigurations","properties":{"provisioningState":"Succeeded","privateIPAllocationMethod":"Dynamic","publicIPAddress":{"id":"/subscriptions/00000000-0000-0000-0000-000000000000/resourceGroups/cli_test_network_lb_sku000001/providers/Microsoft.Network/publicIPAddresses/pubip1"}}}],"backendAddressPools":[{"name":"lb1bepool","id":"/subscriptions/00000000-0000-0000-0000-000000000000/resourceGroups/cli_test_network_lb_sku000001/providers/Microsoft.Network/loadBalancers/lb1/backendAddressPools/lb1bepool","etag":"W/\"668a4a96-8f98-4164-af8e-b229e5205c81\"","properties":{"provisioningState":"Succeeded","loadBalancerBackendAddresses":[]},"type":"Microsoft.Network/loadBalancers/backendAddressPools"}],"loadBalancingRules":[],"probes":[],"inboundNatRules":[],"outboundRules":[],"inboundNatPools":[]}}},"outputResources":[{"id":"/subscriptions/00000000-0000-0000-0000-000000000000/resourceGroups/cli_test_network_lb_sku000001/providers/Microsoft.Network/loadBalancers/lb1"},{"id":"/subscriptions/00000000-0000-0000-0000-000000000000/resourceGroups/cli_test_network_lb_sku000001/providers/Microsoft.Network/publicIPAddresses/pubip1"}]}}'
    headers:
      cache-control:
      - no-cache
      content-length:
      - '2828'
      content-type:
      - application/json; charset=utf-8
      date:
      - Tue, 25 Oct 2022 08:54:02 GMT
      expires:
      - '-1'
      pragma:
      - no-cache
      strict-transport-security:
      - max-age=31536000; includeSubDomains
      x-content-type-options:
      - nosniff
    status:
      code: 200
      message: OK
- request:
    body: null
    headers:
      Accept:
      - application/json
      Accept-Encoding:
      - gzip, deflate
      CommandName:
      - network lb show
      Connection:
      - keep-alive
      ParameterSetName:
      - -g -n
      User-Agent:
      - AZURECLI/2.41.0 (AAZ) azsdk-python-core/1.24.0 Python/3.8.10 (Windows-10-10.0.19044-SP0)
    method: GET
    uri: https://management.azure.com/subscriptions/00000000-0000-0000-0000-000000000000/resourceGroups/cli_test_network_lb_sku000001/providers/Microsoft.Network/loadBalancers/lb1?api-version=2022-05-01
  response:
    body:
      string: "{\r\n  \"name\": \"lb1\",\r\n  \"id\": \"/subscriptions/00000000-0000-0000-0000-000000000000/resourceGroups/cli_test_network_lb_sku000001/providers/Microsoft.Network/loadBalancers/lb1\",\r\n
        \ \"etag\": \"W/\\\"668a4a96-8f98-4164-af8e-b229e5205c81\\\"\",\r\n  \"type\":
        \"Microsoft.Network/loadBalancers\",\r\n  \"location\": \"eastus2\",\r\n  \"tags\":
        {},\r\n  \"properties\": {\r\n    \"provisioningState\": \"Succeeded\",\r\n
        \   \"resourceGuid\": \"06ac14cb-c8f2-4249-a24c-fe42d8eb24a2\",\r\n    \"frontendIPConfigurations\":
        [\r\n      {\r\n        \"name\": \"LoadBalancerFrontEnd\",\r\n        \"id\":
        \"/subscriptions/00000000-0000-0000-0000-000000000000/resourceGroups/cli_test_network_lb_sku000001/providers/Microsoft.Network/loadBalancers/lb1/frontendIPConfigurations/LoadBalancerFrontEnd\",\r\n
        \       \"etag\": \"W/\\\"668a4a96-8f98-4164-af8e-b229e5205c81\\\"\",\r\n
        \       \"type\": \"Microsoft.Network/loadBalancers/frontendIPConfigurations\",\r\n
        \       \"properties\": {\r\n          \"provisioningState\": \"Succeeded\",\r\n
        \         \"privateIPAllocationMethod\": \"Dynamic\",\r\n          \"publicIPAddress\":
        {\r\n            \"id\": \"/subscriptions/00000000-0000-0000-0000-000000000000/resourceGroups/cli_test_network_lb_sku000001/providers/Microsoft.Network/publicIPAddresses/pubip1\"\r\n
        \         }\r\n        }\r\n      }\r\n    ],\r\n    \"backendAddressPools\":
        [\r\n      {\r\n        \"name\": \"lb1bepool\",\r\n        \"id\": \"/subscriptions/00000000-0000-0000-0000-000000000000/resourceGroups/cli_test_network_lb_sku000001/providers/Microsoft.Network/loadBalancers/lb1/backendAddressPools/lb1bepool\",\r\n
        \       \"etag\": \"W/\\\"668a4a96-8f98-4164-af8e-b229e5205c81\\\"\",\r\n
        \       \"properties\": {\r\n          \"provisioningState\": \"Succeeded\",\r\n
        \         \"loadBalancerBackendAddresses\": []\r\n        },\r\n        \"type\":
        \"Microsoft.Network/loadBalancers/backendAddressPools\"\r\n      }\r\n    ],\r\n
        \   \"loadBalancingRules\": [],\r\n    \"probes\": [],\r\n    \"inboundNatRules\":
        [],\r\n    \"outboundRules\": [],\r\n    \"inboundNatPools\": []\r\n  },\r\n
        \ \"sku\": {\r\n    \"name\": \"Standard\",\r\n    \"tier\": \"Regional\"\r\n
        \ }\r\n}"
    headers:
      cache-control:
      - no-cache
      content-length:
      - '1979'
      content-type:
      - application/json; charset=utf-8
      date:
      - Tue, 25 Oct 2022 08:54:04 GMT
      etag:
      - W/"668a4a96-8f98-4164-af8e-b229e5205c81"
      expires:
      - '-1'
      pragma:
      - no-cache
      server:
      - Microsoft-HTTPAPI/2.0
      - Microsoft-HTTPAPI/2.0
      strict-transport-security:
      - max-age=31536000; includeSubDomains
      transfer-encoding:
      - chunked
      vary:
      - Accept-Encoding
      x-content-type-options:
      - nosniff
      x-ms-arm-service-request-id:
      - b52f6f2d-594d-4253-b552-ccb23c6d10a4
    status:
      code: 200
      message: OK
- request:
    body: null
    headers:
      Accept:
      - application/json
      Accept-Encoding:
      - gzip, deflate
      CommandName:
      - network lb update
      Connection:
      - keep-alive
      ParameterSetName:
      - -g -n --set
      User-Agent:
      - AZURECLI/2.41.0 (AAZ) azsdk-python-core/1.24.0 Python/3.8.10 (Windows-10-10.0.19044-SP0)
    method: GET
    uri: https://management.azure.com/subscriptions/00000000-0000-0000-0000-000000000000/resourceGroups/cli_test_network_lb_sku000001/providers/Microsoft.Network/loadBalancers/lb1?api-version=2022-05-01
  response:
    body:
      string: "{\r\n  \"name\": \"lb1\",\r\n  \"id\": \"/subscriptions/00000000-0000-0000-0000-000000000000/resourceGroups/cli_test_network_lb_sku000001/providers/Microsoft.Network/loadBalancers/lb1\",\r\n
        \ \"etag\": \"W/\\\"668a4a96-8f98-4164-af8e-b229e5205c81\\\"\",\r\n  \"type\":
        \"Microsoft.Network/loadBalancers\",\r\n  \"location\": \"eastus2\",\r\n  \"tags\":
        {},\r\n  \"properties\": {\r\n    \"provisioningState\": \"Succeeded\",\r\n
        \   \"resourceGuid\": \"06ac14cb-c8f2-4249-a24c-fe42d8eb24a2\",\r\n    \"frontendIPConfigurations\":
        [\r\n      {\r\n        \"name\": \"LoadBalancerFrontEnd\",\r\n        \"id\":
        \"/subscriptions/00000000-0000-0000-0000-000000000000/resourceGroups/cli_test_network_lb_sku000001/providers/Microsoft.Network/loadBalancers/lb1/frontendIPConfigurations/LoadBalancerFrontEnd\",\r\n
        \       \"etag\": \"W/\\\"668a4a96-8f98-4164-af8e-b229e5205c81\\\"\",\r\n
        \       \"type\": \"Microsoft.Network/loadBalancers/frontendIPConfigurations\",\r\n
        \       \"properties\": {\r\n          \"provisioningState\": \"Succeeded\",\r\n
        \         \"privateIPAllocationMethod\": \"Dynamic\",\r\n          \"publicIPAddress\":
        {\r\n            \"id\": \"/subscriptions/00000000-0000-0000-0000-000000000000/resourceGroups/cli_test_network_lb_sku000001/providers/Microsoft.Network/publicIPAddresses/pubip1\"\r\n
        \         }\r\n        }\r\n      }\r\n    ],\r\n    \"backendAddressPools\":
        [\r\n      {\r\n        \"name\": \"lb1bepool\",\r\n        \"id\": \"/subscriptions/00000000-0000-0000-0000-000000000000/resourceGroups/cli_test_network_lb_sku000001/providers/Microsoft.Network/loadBalancers/lb1/backendAddressPools/lb1bepool\",\r\n
        \       \"etag\": \"W/\\\"668a4a96-8f98-4164-af8e-b229e5205c81\\\"\",\r\n
        \       \"properties\": {\r\n          \"provisioningState\": \"Succeeded\",\r\n
        \         \"loadBalancerBackendAddresses\": []\r\n        },\r\n        \"type\":
        \"Microsoft.Network/loadBalancers/backendAddressPools\"\r\n      }\r\n    ],\r\n
        \   \"loadBalancingRules\": [],\r\n    \"probes\": [],\r\n    \"inboundNatRules\":
        [],\r\n    \"outboundRules\": [],\r\n    \"inboundNatPools\": []\r\n  },\r\n
        \ \"sku\": {\r\n    \"name\": \"Standard\",\r\n    \"tier\": \"Regional\"\r\n
        \ }\r\n}"
    headers:
      cache-control:
      - no-cache
      content-length:
      - '1979'
      content-type:
      - application/json; charset=utf-8
      date:
      - Tue, 25 Oct 2022 08:54:06 GMT
      etag:
      - W/"668a4a96-8f98-4164-af8e-b229e5205c81"
      expires:
      - '-1'
      pragma:
      - no-cache
      server:
      - Microsoft-HTTPAPI/2.0
      - Microsoft-HTTPAPI/2.0
      strict-transport-security:
      - max-age=31536000; includeSubDomains
      transfer-encoding:
      - chunked
      vary:
      - Accept-Encoding
      x-content-type-options:
      - nosniff
      x-ms-arm-service-request-id:
      - 6da524d9-19ba-4f73-8193-09d719d71793
    status:
      code: 200
      message: OK
- request:
    body: '{"id": "/subscriptions/00000000-0000-0000-0000-000000000000/resourceGroups/cli_test_network_lb_sku000001/providers/Microsoft.Network/loadBalancers/lb1",
      "location": "eastus2", "properties": {"backendAddressPools": [{"id": "/subscriptions/00000000-0000-0000-0000-000000000000/resourceGroups/cli_test_network_lb_sku000001/providers/Microsoft.Network/loadBalancers/lb1/backendAddressPools/lb1bepool",
      "name": "lb1bepool", "properties": {"loadBalancerBackendAddresses": []}}], "frontendIPConfigurations":
      [{"id": "/subscriptions/00000000-0000-0000-0000-000000000000/resourceGroups/cli_test_network_lb_sku000001/providers/Microsoft.Network/loadBalancers/lb1/frontendIPConfigurations/LoadBalancerFrontEnd",
      "name": "LoadBalancerFrontEnd", "properties": {"privateIPAllocationMethod":
      "Dynamic", "publicIPAddress": {"id": "/subscriptions/00000000-0000-0000-0000-000000000000/resourceGroups/cli_test_network_lb_sku000001/providers/Microsoft.Network/publicIPAddresses/pubip1"}}}],
      "inboundNatPools": [], "inboundNatRules": [], "loadBalancingRules": [], "outboundRules":
      [], "probes": []}, "sku": {"name": "Standard", "tier": "Regional"}, "tags":
      {"CostCenter": "MyTestGroup"}}'
    headers:
      Accept:
      - application/json
      Accept-Encoding:
      - gzip, deflate
      CommandName:
      - network lb update
      Connection:
      - keep-alive
      Content-Length:
      - '1166'
      Content-Type:
      - application/json
      ParameterSetName:
      - -g -n --set
      User-Agent:
      - AZURECLI/2.41.0 (AAZ) azsdk-python-core/1.24.0 Python/3.8.10 (Windows-10-10.0.19044-SP0)
    method: PUT
    uri: https://management.azure.com/subscriptions/00000000-0000-0000-0000-000000000000/resourceGroups/cli_test_network_lb_sku000001/providers/Microsoft.Network/loadBalancers/lb1?api-version=2022-05-01
  response:
    body:
      string: "{\r\n  \"name\": \"lb1\",\r\n  \"id\": \"/subscriptions/00000000-0000-0000-0000-000000000000/resourceGroups/cli_test_network_lb_sku000001/providers/Microsoft.Network/loadBalancers/lb1\",\r\n
        \ \"etag\": \"W/\\\"876e57b0-1298-4442-b05a-e70e769e0261\\\"\",\r\n  \"type\":
        \"Microsoft.Network/loadBalancers\",\r\n  \"location\": \"eastus2\",\r\n  \"tags\":
        {\r\n    \"CostCenter\": \"MyTestGroup\"\r\n  },\r\n  \"properties\": {\r\n
        \   \"provisioningState\": \"Succeeded\",\r\n    \"resourceGuid\": \"06ac14cb-c8f2-4249-a24c-fe42d8eb24a2\",\r\n
        \   \"frontendIPConfigurations\": [\r\n      {\r\n        \"name\": \"LoadBalancerFrontEnd\",\r\n
        \       \"id\": \"/subscriptions/00000000-0000-0000-0000-000000000000/resourceGroups/cli_test_network_lb_sku000001/providers/Microsoft.Network/loadBalancers/lb1/frontendIPConfigurations/LoadBalancerFrontEnd\",\r\n
        \       \"etag\": \"W/\\\"876e57b0-1298-4442-b05a-e70e769e0261\\\"\",\r\n
        \       \"type\": \"Microsoft.Network/loadBalancers/frontendIPConfigurations\",\r\n
        \       \"properties\": {\r\n          \"provisioningState\": \"Succeeded\",\r\n
        \         \"privateIPAllocationMethod\": \"Dynamic\",\r\n          \"publicIPAddress\":
        {\r\n            \"id\": \"/subscriptions/00000000-0000-0000-0000-000000000000/resourceGroups/cli_test_network_lb_sku000001/providers/Microsoft.Network/publicIPAddresses/pubip1\"\r\n
        \         }\r\n        }\r\n      }\r\n    ],\r\n    \"backendAddressPools\":
        [\r\n      {\r\n        \"name\": \"lb1bepool\",\r\n        \"id\": \"/subscriptions/00000000-0000-0000-0000-000000000000/resourceGroups/cli_test_network_lb_sku000001/providers/Microsoft.Network/loadBalancers/lb1/backendAddressPools/lb1bepool\",\r\n
        \       \"etag\": \"W/\\\"876e57b0-1298-4442-b05a-e70e769e0261\\\"\",\r\n
        \       \"properties\": {\r\n          \"provisioningState\": \"Succeeded\",\r\n
        \         \"loadBalancerBackendAddresses\": []\r\n        },\r\n        \"type\":
        \"Microsoft.Network/loadBalancers/backendAddressPools\"\r\n      }\r\n    ],\r\n
        \   \"loadBalancingRules\": [],\r\n    \"probes\": [],\r\n    \"inboundNatRules\":
        [],\r\n    \"outboundRules\": [],\r\n    \"inboundNatPools\": []\r\n  },\r\n
        \ \"sku\": {\r\n    \"name\": \"Standard\",\r\n    \"tier\": \"Regional\"\r\n
        \ }\r\n}"
    headers:
      azure-asyncnotification:
      - Enabled
      azure-asyncoperation:
      - https://management.azure.com/subscriptions/00000000-0000-0000-0000-000000000000/providers/Microsoft.Network/locations/eastus2/operations/db15e430-b590-45dd-aaa3-3dd057771b09?api-version=2022-05-01
      cache-control:
      - no-cache
      content-length:
      - '2016'
      content-type:
      - application/json; charset=utf-8
      date:
      - Tue, 25 Oct 2022 08:54:09 GMT
      expires:
      - '-1'
      pragma:
      - no-cache
      server:
      - Microsoft-HTTPAPI/2.0
      - Microsoft-HTTPAPI/2.0
      strict-transport-security:
      - max-age=31536000; includeSubDomains
      transfer-encoding:
      - chunked
      vary:
      - Accept-Encoding
      x-content-type-options:
      - nosniff
      x-ms-arm-service-request-id:
      - 42d14551-3f9a-4768-8307-26868a8f9e2a
      x-ms-ratelimit-remaining-subscription-writes:
      - '1198'
    status:
      code: 200
      message: OK
- request:
    body: null
    headers:
      Accept:
      - '*/*'
      Accept-Encoding:
      - gzip, deflate
      CommandName:
      - network lb update
      Connection:
      - keep-alive
      ParameterSetName:
      - -g -n --set
      User-Agent:
      - AZURECLI/2.41.0 (AAZ) azsdk-python-core/1.24.0 Python/3.8.10 (Windows-10-10.0.19044-SP0)
    method: GET
    uri: https://management.azure.com/subscriptions/00000000-0000-0000-0000-000000000000/providers/Microsoft.Network/locations/eastus2/operations/db15e430-b590-45dd-aaa3-3dd057771b09?api-version=2022-05-01
  response:
    body:
      string: "{\r\n  \"status\": \"Succeeded\"\r\n}"
    headers:
      cache-control:
      - no-cache
      content-length:
      - '29'
      content-type:
      - application/json; charset=utf-8
      date:
      - Tue, 25 Oct 2022 08:54:40 GMT
      expires:
      - '-1'
      pragma:
      - no-cache
      server:
      - Microsoft-HTTPAPI/2.0
      - Microsoft-HTTPAPI/2.0
      strict-transport-security:
      - max-age=31536000; includeSubDomains
      transfer-encoding:
      - chunked
      vary:
      - Accept-Encoding
      x-content-type-options:
      - nosniff
      x-ms-arm-service-request-id:
      - cb960d9a-2551-4756-ad1c-fea49e8533e4
    status:
      code: 200
      message: OK
- request:
    body: null
    headers:
      Accept:
      - '*/*'
      Accept-Encoding:
      - gzip, deflate
      CommandName:
      - network lb update
      Connection:
      - keep-alive
      ParameterSetName:
      - -g -n --set
      User-Agent:
      - AZURECLI/2.41.0 (AAZ) azsdk-python-core/1.24.0 Python/3.8.10 (Windows-10-10.0.19044-SP0)
    method: GET
    uri: https://management.azure.com/subscriptions/00000000-0000-0000-0000-000000000000/resourceGroups/cli_test_network_lb_sku000001/providers/Microsoft.Network/loadBalancers/lb1?api-version=2022-05-01
  response:
    body:
      string: "{\r\n  \"name\": \"lb1\",\r\n  \"id\": \"/subscriptions/00000000-0000-0000-0000-000000000000/resourceGroups/cli_test_network_lb_sku000001/providers/Microsoft.Network/loadBalancers/lb1\",\r\n
        \ \"etag\": \"W/\\\"876e57b0-1298-4442-b05a-e70e769e0261\\\"\",\r\n  \"type\":
        \"Microsoft.Network/loadBalancers\",\r\n  \"location\": \"eastus2\",\r\n  \"tags\":
        {\r\n    \"CostCenter\": \"MyTestGroup\"\r\n  },\r\n  \"properties\": {\r\n
        \   \"provisioningState\": \"Succeeded\",\r\n    \"resourceGuid\": \"06ac14cb-c8f2-4249-a24c-fe42d8eb24a2\",\r\n
        \   \"frontendIPConfigurations\": [\r\n      {\r\n        \"name\": \"LoadBalancerFrontEnd\",\r\n
        \       \"id\": \"/subscriptions/00000000-0000-0000-0000-000000000000/resourceGroups/cli_test_network_lb_sku000001/providers/Microsoft.Network/loadBalancers/lb1/frontendIPConfigurations/LoadBalancerFrontEnd\",\r\n
        \       \"etag\": \"W/\\\"876e57b0-1298-4442-b05a-e70e769e0261\\\"\",\r\n
        \       \"type\": \"Microsoft.Network/loadBalancers/frontendIPConfigurations\",\r\n
        \       \"properties\": {\r\n          \"provisioningState\": \"Succeeded\",\r\n
        \         \"privateIPAllocationMethod\": \"Dynamic\",\r\n          \"publicIPAddress\":
        {\r\n            \"id\": \"/subscriptions/00000000-0000-0000-0000-000000000000/resourceGroups/cli_test_network_lb_sku000001/providers/Microsoft.Network/publicIPAddresses/pubip1\"\r\n
        \         }\r\n        }\r\n      }\r\n    ],\r\n    \"backendAddressPools\":
        [\r\n      {\r\n        \"name\": \"lb1bepool\",\r\n        \"id\": \"/subscriptions/00000000-0000-0000-0000-000000000000/resourceGroups/cli_test_network_lb_sku000001/providers/Microsoft.Network/loadBalancers/lb1/backendAddressPools/lb1bepool\",\r\n
        \       \"etag\": \"W/\\\"876e57b0-1298-4442-b05a-e70e769e0261\\\"\",\r\n
        \       \"properties\": {\r\n          \"provisioningState\": \"Succeeded\",\r\n
        \         \"loadBalancerBackendAddresses\": []\r\n        },\r\n        \"type\":
        \"Microsoft.Network/loadBalancers/backendAddressPools\"\r\n      }\r\n    ],\r\n
        \   \"loadBalancingRules\": [],\r\n    \"probes\": [],\r\n    \"inboundNatRules\":
        [],\r\n    \"outboundRules\": [],\r\n    \"inboundNatPools\": []\r\n  },\r\n
        \ \"sku\": {\r\n    \"name\": \"Standard\",\r\n    \"tier\": \"Regional\"\r\n
        \ }\r\n}"
    headers:
      cache-control:
      - no-cache
      content-length:
      - '2016'
      content-type:
      - application/json; charset=utf-8
      date:
      - Tue, 25 Oct 2022 08:54:41 GMT
      etag:
      - W/"876e57b0-1298-4442-b05a-e70e769e0261"
      expires:
      - '-1'
      pragma:
      - no-cache
      server:
      - Microsoft-HTTPAPI/2.0
      - Microsoft-HTTPAPI/2.0
      strict-transport-security:
      - max-age=31536000; includeSubDomains
      transfer-encoding:
      - chunked
      vary:
      - Accept-Encoding
      x-content-type-options:
      - nosniff
      x-ms-arm-service-request-id:
      - 0cb222a8-0158-46cf-ad62-e31def0a9c96
    status:
      code: 200
      message: OK
- request:
    body: null
    headers:
      Accept:
      - application/json
      Accept-Encoding:
      - gzip, deflate
      CommandName:
      - network lb show
      Connection:
      - keep-alive
      ParameterSetName:
      - -g -n
      User-Agent:
      - AZURECLI/2.41.0 (AAZ) azsdk-python-core/1.24.0 Python/3.8.10 (Windows-10-10.0.19044-SP0)
    method: GET
    uri: https://management.azure.com/subscriptions/00000000-0000-0000-0000-000000000000/resourceGroups/cli_test_network_lb_sku000001/providers/Microsoft.Network/loadBalancers/lb1?api-version=2022-05-01
  response:
    body:
      string: "{\r\n  \"name\": \"lb1\",\r\n  \"id\": \"/subscriptions/00000000-0000-0000-0000-000000000000/resourceGroups/cli_test_network_lb_sku000001/providers/Microsoft.Network/loadBalancers/lb1\",\r\n
        \ \"etag\": \"W/\\\"876e57b0-1298-4442-b05a-e70e769e0261\\\"\",\r\n  \"type\":
        \"Microsoft.Network/loadBalancers\",\r\n  \"location\": \"eastus2\",\r\n  \"tags\":
        {\r\n    \"CostCenter\": \"MyTestGroup\"\r\n  },\r\n  \"properties\": {\r\n
        \   \"provisioningState\": \"Succeeded\",\r\n    \"resourceGuid\": \"06ac14cb-c8f2-4249-a24c-fe42d8eb24a2\",\r\n
        \   \"frontendIPConfigurations\": [\r\n      {\r\n        \"name\": \"LoadBalancerFrontEnd\",\r\n
        \       \"id\": \"/subscriptions/00000000-0000-0000-0000-000000000000/resourceGroups/cli_test_network_lb_sku000001/providers/Microsoft.Network/loadBalancers/lb1/frontendIPConfigurations/LoadBalancerFrontEnd\",\r\n
        \       \"etag\": \"W/\\\"876e57b0-1298-4442-b05a-e70e769e0261\\\"\",\r\n
        \       \"type\": \"Microsoft.Network/loadBalancers/frontendIPConfigurations\",\r\n
        \       \"properties\": {\r\n          \"provisioningState\": \"Succeeded\",\r\n
        \         \"privateIPAllocationMethod\": \"Dynamic\",\r\n          \"publicIPAddress\":
        {\r\n            \"id\": \"/subscriptions/00000000-0000-0000-0000-000000000000/resourceGroups/cli_test_network_lb_sku000001/providers/Microsoft.Network/publicIPAddresses/pubip1\"\r\n
        \         }\r\n        }\r\n      }\r\n    ],\r\n    \"backendAddressPools\":
        [\r\n      {\r\n        \"name\": \"lb1bepool\",\r\n        \"id\": \"/subscriptions/00000000-0000-0000-0000-000000000000/resourceGroups/cli_test_network_lb_sku000001/providers/Microsoft.Network/loadBalancers/lb1/backendAddressPools/lb1bepool\",\r\n
        \       \"etag\": \"W/\\\"876e57b0-1298-4442-b05a-e70e769e0261\\\"\",\r\n
        \       \"properties\": {\r\n          \"provisioningState\": \"Succeeded\",\r\n
        \         \"loadBalancerBackendAddresses\": []\r\n        },\r\n        \"type\":
        \"Microsoft.Network/loadBalancers/backendAddressPools\"\r\n      }\r\n    ],\r\n
        \   \"loadBalancingRules\": [],\r\n    \"probes\": [],\r\n    \"inboundNatRules\":
        [],\r\n    \"outboundRules\": [],\r\n    \"inboundNatPools\": []\r\n  },\r\n
        \ \"sku\": {\r\n    \"name\": \"Standard\",\r\n    \"tier\": \"Regional\"\r\n
        \ }\r\n}"
    headers:
      cache-control:
      - no-cache
      content-length:
      - '2016'
      content-type:
      - application/json; charset=utf-8
      date:
      - Tue, 25 Oct 2022 08:54:41 GMT
      etag:
      - W/"876e57b0-1298-4442-b05a-e70e769e0261"
      expires:
      - '-1'
      pragma:
      - no-cache
      server:
      - Microsoft-HTTPAPI/2.0
      - Microsoft-HTTPAPI/2.0
      strict-transport-security:
      - max-age=31536000; includeSubDomains
      transfer-encoding:
      - chunked
      vary:
      - Accept-Encoding
      x-content-type-options:
      - nosniff
      x-ms-arm-service-request-id:
      - 5039af9f-ca37-4dfb-9ce4-5d6a236b35ed
    status:
      code: 200
      message: OK
- request:
    body: null
    headers:
      Accept:
      - application/json
      Accept-Encoding:
      - gzip, deflate
      CommandName:
      - network public-ip show
      Connection:
      - keep-alive
      ParameterSetName:
      - -g -n
      User-Agent:
      - AZURECLI/2.41.0 (AAZ) azsdk-python-core/1.24.0 Python/3.8.10 (Windows-10-10.0.19044-SP0)
    method: GET
    uri: https://management.azure.com/subscriptions/00000000-0000-0000-0000-000000000000/resourceGroups/cli_test_network_lb_sku000001/providers/Microsoft.Network/publicIPAddresses/pubip1?api-version=2022-05-01
  response:
    body:
      string: "{\r\n  \"name\": \"pubip1\",\r\n  \"id\": \"/subscriptions/00000000-0000-0000-0000-000000000000/resourceGroups/cli_test_network_lb_sku000001/providers/Microsoft.Network/publicIPAddresses/pubip1\",\r\n
        \ \"etag\": \"W/\\\"fd1e335e-d5d8-4a8a-b19c-0c8cc8b29a8b\\\"\",\r\n  \"location\":
        \"eastus2\",\r\n  \"tags\": {},\r\n  \"properties\": {\r\n    \"provisioningState\":
        \"Succeeded\",\r\n    \"resourceGuid\": \"c9265724-4496-46ed-9d5a-0cf53bdcfa60\",\r\n
        \   \"ipAddress\": \"20.122.52.133\",\r\n    \"publicIPAddressVersion\": \"IPv4\",\r\n
        \   \"publicIPAllocationMethod\": \"Static\",\r\n    \"idleTimeoutInMinutes\":
        4,\r\n    \"ipTags\": [],\r\n    \"ipConfiguration\": {\r\n      \"id\": \"/subscriptions/00000000-0000-0000-0000-000000000000/resourceGroups/cli_test_network_lb_sku000001/providers/Microsoft.Network/loadBalancers/lb1/frontendIPConfigurations/LoadBalancerFrontEnd\"\r\n
        \   }\r\n  },\r\n  \"type\": \"Microsoft.Network/publicIPAddresses\",\r\n
        \ \"sku\": {\r\n    \"name\": \"Standard\",\r\n    \"tier\": \"Regional\"\r\n
        \ }\r\n}"
    headers:
      cache-control:
      - no-cache
      content-length:
      - '931'
      content-type:
      - application/json; charset=utf-8
      date:
      - Tue, 25 Oct 2022 08:54:43 GMT
      etag:
      - W/"fd1e335e-d5d8-4a8a-b19c-0c8cc8b29a8b"
      expires:
      - '-1'
      pragma:
      - no-cache
      server:
      - Microsoft-HTTPAPI/2.0
      - Microsoft-HTTPAPI/2.0
      strict-transport-security:
      - max-age=31536000; includeSubDomains
      x-content-type-options:
      - nosniff
      x-ms-arm-service-request-id:
      - 43f08cc5-6c65-4794-9bd3-4ddbebd44e69
    status:
      code: 200
      message: OK
version: 1
