interactions:
- request:
    body: '{"location": "centralus", "tags": {}, "properties": {"addressSpace": {"addressPrefixes":
      ["10.0.0.0/16"]}, "dhcpOptions": {}, "subnets": [{"name": "subnet1", "properties":
      {"addressPrefix": "10.0.0.0/24", "privateEndpointNetworkPolicies": "Enabled",
      "privateLinkServiceNetworkPolicies": "Enabled"}}]}}'
    headers:
      Accept:
      - application/json
      Accept-Encoding:
      - gzip, deflate
      CommandName:
      - network vnet create
      Connection:
      - keep-alive
      Content-Length:
      - '301'
      Content-Type:
      - application/json
      ParameterSetName:
      - -g -n --subnet-name -l
      User-Agent:
      - AZURECLI/2.30.0 azsdk-python-azure-mgmt-network/19.2.0 Python/3.8.3 (Windows-10-10.0.18362-SP0)
    method: PUT
    uri: https://management.azure.com/subscriptions/00000000-0000-0000-0000-000000000000/resourceGroups/cli_test_network_private_endpoints000001/providers/Microsoft.Network/virtualNetworks/vnet1?api-version=2021-05-01
  response:
    body:
      string: "{\r\n  \"name\": \"vnet1\",\r\n  \"id\": \"/subscriptions/00000000-0000-0000-0000-000000000000/resourceGroups/cli_test_network_private_endpoints000001/providers/Microsoft.Network/virtualNetworks/vnet1\",\r\n
        \ \"etag\": \"W/\\\"b47b57a8-9ac1-4967-9362-26cc265e2369\\\"\",\r\n  \"type\":
        \"Microsoft.Network/virtualNetworks\",\r\n  \"location\": \"centralus\",\r\n
        \ \"tags\": {},\r\n  \"properties\": {\r\n    \"provisioningState\": \"Updating\",\r\n
        \   \"resourceGuid\": \"bcf0a437-4eda-4597-bc2c-c8c3012866b4\",\r\n    \"addressSpace\":
        {\r\n      \"addressPrefixes\": [\r\n        \"10.0.0.0/16\"\r\n      ]\r\n
        \   },\r\n    \"dhcpOptions\": {\r\n      \"dnsServers\": []\r\n    },\r\n
        \   \"subnets\": [\r\n      {\r\n        \"name\": \"subnet1\",\r\n        \"id\":
        \"/subscriptions/00000000-0000-0000-0000-000000000000/resourceGroups/cli_test_network_private_endpoints000001/providers/Microsoft.Network/virtualNetworks/vnet1/subnets/subnet1\",\r\n
        \       \"etag\": \"W/\\\"b47b57a8-9ac1-4967-9362-26cc265e2369\\\"\",\r\n
        \       \"properties\": {\r\n          \"provisioningState\": \"Updating\",\r\n
        \         \"addressPrefix\": \"10.0.0.0/24\",\r\n          \"delegations\":
        [],\r\n          \"privateEndpointNetworkPolicies\": \"Enabled\",\r\n          \"privateLinkServiceNetworkPolicies\":
        \"Enabled\"\r\n        },\r\n        \"type\": \"Microsoft.Network/virtualNetworks/subnets\"\r\n
        \     }\r\n    ],\r\n    \"virtualNetworkPeerings\": [],\r\n    \"enableDdosProtection\":
        false\r\n  }\r\n}"
    headers:
      azure-asyncnotification:
      - Enabled
      azure-asyncoperation:
      - https://management.azure.com/subscriptions/00000000-0000-0000-0000-000000000000/providers/Microsoft.Network/locations/centralus/operations/36f0e926-193a-4867-85f4-8bfe09d4611f?api-version=2021-05-01
      cache-control:
      - no-cache
      content-length:
      - '1406'
      content-type:
      - application/json; charset=utf-8
      date:
      - Wed, 03 Nov 2021 04:24:47 GMT
      expires:
      - '-1'
      pragma:
      - no-cache
      server:
      - Microsoft-HTTPAPI/2.0
      - Microsoft-HTTPAPI/2.0
      strict-transport-security:
      - max-age=31536000; includeSubDomains
      x-content-type-options:
      - nosniff
      x-ms-arm-service-request-id:
      - 3cd30ca5-25cd-49e6-9e0a-ab4d9bbd5152
      x-ms-ratelimit-remaining-subscription-writes:
      - '1198'
    status:
      code: 201
      message: Created
- request:
    body: null
    headers:
      Accept:
      - '*/*'
      Accept-Encoding:
      - gzip, deflate
      CommandName:
      - network vnet create
      Connection:
      - keep-alive
      ParameterSetName:
      - -g -n --subnet-name -l
      User-Agent:
      - AZURECLI/2.30.0 azsdk-python-azure-mgmt-network/19.2.0 Python/3.8.3 (Windows-10-10.0.18362-SP0)
    method: GET
    uri: https://management.azure.com/subscriptions/00000000-0000-0000-0000-000000000000/providers/Microsoft.Network/locations/centralus/operations/36f0e926-193a-4867-85f4-8bfe09d4611f?api-version=2021-05-01
  response:
    body:
      string: "{\r\n  \"status\": \"Succeeded\"\r\n}"
    headers:
      cache-control:
      - no-cache
      content-length:
      - '29'
      content-type:
      - application/json; charset=utf-8
      date:
      - Wed, 03 Nov 2021 04:24:51 GMT
      expires:
      - '-1'
      pragma:
      - no-cache
      server:
      - Microsoft-HTTPAPI/2.0
      - Microsoft-HTTPAPI/2.0
      strict-transport-security:
      - max-age=31536000; includeSubDomains
      transfer-encoding:
      - chunked
      vary:
      - Accept-Encoding
      x-content-type-options:
      - nosniff
      x-ms-arm-service-request-id:
      - 27d722e6-fa5d-45f4-bc5d-d401c8b1b742
    status:
      code: 200
      message: OK
- request:
    body: null
    headers:
      Accept:
      - '*/*'
      Accept-Encoding:
      - gzip, deflate
      CommandName:
      - network vnet create
      Connection:
      - keep-alive
      ParameterSetName:
      - -g -n --subnet-name -l
      User-Agent:
      - AZURECLI/2.30.0 azsdk-python-azure-mgmt-network/19.2.0 Python/3.8.3 (Windows-10-10.0.18362-SP0)
    method: GET
    uri: https://management.azure.com/subscriptions/00000000-0000-0000-0000-000000000000/resourceGroups/cli_test_network_private_endpoints000001/providers/Microsoft.Network/virtualNetworks/vnet1?api-version=2021-05-01
  response:
    body:
      string: "{\r\n  \"name\": \"vnet1\",\r\n  \"id\": \"/subscriptions/00000000-0000-0000-0000-000000000000/resourceGroups/cli_test_network_private_endpoints000001/providers/Microsoft.Network/virtualNetworks/vnet1\",\r\n
        \ \"etag\": \"W/\\\"f78b8f54-0452-4fba-814b-018dd4205de7\\\"\",\r\n  \"type\":
        \"Microsoft.Network/virtualNetworks\",\r\n  \"location\": \"centralus\",\r\n
        \ \"tags\": {},\r\n  \"properties\": {\r\n    \"provisioningState\": \"Succeeded\",\r\n
        \   \"resourceGuid\": \"bcf0a437-4eda-4597-bc2c-c8c3012866b4\",\r\n    \"addressSpace\":
        {\r\n      \"addressPrefixes\": [\r\n        \"10.0.0.0/16\"\r\n      ]\r\n
        \   },\r\n    \"dhcpOptions\": {\r\n      \"dnsServers\": []\r\n    },\r\n
        \   \"subnets\": [\r\n      {\r\n        \"name\": \"subnet1\",\r\n        \"id\":
        \"/subscriptions/00000000-0000-0000-0000-000000000000/resourceGroups/cli_test_network_private_endpoints000001/providers/Microsoft.Network/virtualNetworks/vnet1/subnets/subnet1\",\r\n
        \       \"etag\": \"W/\\\"f78b8f54-0452-4fba-814b-018dd4205de7\\\"\",\r\n
        \       \"properties\": {\r\n          \"provisioningState\": \"Succeeded\",\r\n
        \         \"addressPrefix\": \"10.0.0.0/24\",\r\n          \"delegations\":
        [],\r\n          \"privateEndpointNetworkPolicies\": \"Enabled\",\r\n          \"privateLinkServiceNetworkPolicies\":
        \"Enabled\"\r\n        },\r\n        \"type\": \"Microsoft.Network/virtualNetworks/subnets\"\r\n
        \     }\r\n    ],\r\n    \"virtualNetworkPeerings\": [],\r\n    \"enableDdosProtection\":
        false\r\n  }\r\n}"
    headers:
      cache-control:
      - no-cache
      content-length:
      - '1408'
      content-type:
      - application/json; charset=utf-8
      date:
      - Wed, 03 Nov 2021 04:24:51 GMT
      etag:
      - W/"f78b8f54-0452-4fba-814b-018dd4205de7"
      expires:
      - '-1'
      pragma:
      - no-cache
      server:
      - Microsoft-HTTPAPI/2.0
      - Microsoft-HTTPAPI/2.0
      strict-transport-security:
      - max-age=31536000; includeSubDomains
      transfer-encoding:
      - chunked
      vary:
      - Accept-Encoding
      x-content-type-options:
      - nosniff
      x-ms-arm-service-request-id:
      - aca5bb6a-5e38-4040-9517-5108cb809406
    status:
      code: 200
      message: OK
- request:
    body: null
    headers:
      Accept:
      - application/json
      Accept-Encoding:
      - gzip, deflate
      CommandName:
      - network lb create
      Connection:
      - keep-alive
      ParameterSetName:
      - -g -l -n --public-ip-address --sku
      User-Agent:
      - AZURECLI/2.30.0 azsdk-python-azure-mgmt-resource/19.0.0 Python/3.8.3 (Windows-10-10.0.18362-SP0)
    method: GET
    uri: https://management.azure.com/subscriptions/00000000-0000-0000-0000-000000000000/resources?$filter=resourceGroup%20eq%20%27cli_test_network_private_endpoints000001%27%20and%20name%20eq%20%27pubip1%27%20and%20resourceType%20eq%20%27Microsoft.Network%2FpublicIPAddresses%27&api-version=2021-04-01
  response:
    body:
      string: '{"value":[]}'
    headers:
      cache-control:
      - no-cache
      content-length:
      - '12'
      content-type:
      - application/json; charset=utf-8
      date:
      - Wed, 03 Nov 2021 04:24:53 GMT
      expires:
      - '-1'
      pragma:
      - no-cache
      strict-transport-security:
      - max-age=31536000; includeSubDomains
      vary:
      - Accept-Encoding
      x-content-type-options:
      - nosniff
    status:
      code: 200
      message: OK
- request:
    body: '{"properties": {"template": {"$schema": "https://schema.management.azure.com/schemas/2015-01-01/deploymentTemplate.json#",
      "contentVersion": "1.0.0.0", "parameters": {}, "variables": {}, "resources":
      [{"apiVersion": "2021-05-01", "type": "Microsoft.Network/publicIPAddresses",
      "name": "pubip1", "location": "centralus", "tags": {}, "dependsOn": [], "properties":
      {"publicIPAllocationMethod": "Static"}, "sku": {"name": "Standard"}}, {"type":
      "Microsoft.Network/loadBalancers", "name": "lb1", "location": "centralus", "tags":
      {}, "apiVersion": "2021-05-01", "dependsOn": ["Microsoft.Network/publicIpAddresses/pubip1"],
      "properties": {"backendAddressPools": [{"name": "lb1bepool"}], "frontendIPConfigurations":
      [{"name": "LoadBalancerFrontEnd", "properties": {"publicIPAddress": {"id": "/subscriptions/00000000-0000-0000-0000-000000000000/resourceGroups/cli_test_network_private_endpoints000001/providers/Microsoft.Network/publicIPAddresses/pubip1"},
      "privateIPAddressVersion": "IPv4"}}]}, "sku": {"name": "Standard"}}], "outputs":
      {"loadBalancer": {"type": "object", "value": "[reference(''lb1'')]"}}}, "parameters":
      {}, "mode": "incremental"}}'
    headers:
      Accept:
      - application/json
      Accept-Encoding:
      - gzip, deflate
      CommandName:
      - network lb create
      Connection:
      - keep-alive
      Content-Length:
      - '1176'
      Content-Type:
      - application/json
      ParameterSetName:
      - -g -l -n --public-ip-address --sku
      User-Agent:
      - AZURECLI/2.30.0 azsdk-python-azure-mgmt-resource/19.0.0 Python/3.8.3 (Windows-10-10.0.18362-SP0)
    method: PUT
    uri: https://management.azure.com/subscriptions/00000000-0000-0000-0000-000000000000/resourcegroups/cli_test_network_private_endpoints000001/providers/Microsoft.Resources/deployments/mock-deployment?api-version=2021-04-01
  response:
    body:
      string: '{"id":"/subscriptions/00000000-0000-0000-0000-000000000000/resourceGroups/cli_test_network_private_endpoints000001/providers/Microsoft.Resources/deployments/lb_deploy_NrZGftqM2PZI59ILYAxNvFVFYdrmU955","name":"lb_deploy_NrZGftqM2PZI59ILYAxNvFVFYdrmU955","type":"Microsoft.Resources/deployments","properties":{"templateHash":"17243018738793978059","parameters":{},"mode":"Incremental","provisioningState":"Accepted","timestamp":"2021-11-03T04:25:00.1910401Z","duration":"PT2.2263286S","correlationId":"b1cbfdcb-5902-4155-9c95-15dd9c24b5af","providers":[{"namespace":"Microsoft.Network","resourceTypes":[{"resourceType":"publicIPAddresses","locations":["centralus"]},{"resourceType":"loadBalancers","locations":["centralus"]}]}],"dependencies":[{"dependsOn":[{"id":"/subscriptions/00000000-0000-0000-0000-000000000000/resourceGroups/cli_test_network_private_endpoints000001/providers/Microsoft.Network/publicIPAddresses/pubip1","resourceType":"Microsoft.Network/publicIPAddresses","resourceName":"pubip1"}],"id":"/subscriptions/00000000-0000-0000-0000-000000000000/resourceGroups/cli_test_network_private_endpoints000001/providers/Microsoft.Network/loadBalancers/lb1","resourceType":"Microsoft.Network/loadBalancers","resourceName":"lb1"}]}}'
    headers:
      azure-asyncoperation:
      - https://management.azure.com/subscriptions/00000000-0000-0000-0000-000000000000/resourcegroups/cli_test_network_private_endpoints000001/providers/Microsoft.Resources/deployments/lb_deploy_NrZGftqM2PZI59ILYAxNvFVFYdrmU955/operationStatuses/08585656933875129162?api-version=2021-04-01
      cache-control:
      - no-cache
      content-length:
      - '1343'
      content-type:
      - application/json; charset=utf-8
      date:
      - Wed, 03 Nov 2021 04:25:01 GMT
      expires:
      - '-1'
      pragma:
      - no-cache
      strict-transport-security:
      - max-age=31536000; includeSubDomains
      x-content-type-options:
      - nosniff
      x-ms-ratelimit-remaining-subscription-writes:
      - '1199'
    status:
      code: 201
      message: Created
- request:
    body: null
    headers:
      Accept:
      - '*/*'
      Accept-Encoding:
      - gzip, deflate
      CommandName:
      - network lb create
      Connection:
      - keep-alive
      ParameterSetName:
      - -g -l -n --public-ip-address --sku
      User-Agent:
      - AZURECLI/2.30.0 azsdk-python-azure-mgmt-resource/19.0.0 Python/3.8.3 (Windows-10-10.0.18362-SP0)
    method: GET
    uri: https://management.azure.com/subscriptions/00000000-0000-0000-0000-000000000000/resourcegroups/cli_test_network_private_endpoints000001/providers/Microsoft.Resources/deployments/mock-deployment/operationStatuses/08585656933875129162?api-version=2021-04-01
  response:
    body:
      string: '{"status":"Succeeded"}'
    headers:
      cache-control:
      - no-cache
      content-length:
      - '22'
      content-type:
      - application/json; charset=utf-8
      date:
      - Wed, 03 Nov 2021 04:25:31 GMT
      expires:
      - '-1'
      pragma:
      - no-cache
      strict-transport-security:
      - max-age=31536000; includeSubDomains
      vary:
      - Accept-Encoding
      x-content-type-options:
      - nosniff
    status:
      code: 200
      message: OK
- request:
    body: null
    headers:
      Accept:
      - '*/*'
      Accept-Encoding:
      - gzip, deflate
      CommandName:
      - network lb create
      Connection:
      - keep-alive
      ParameterSetName:
      - -g -l -n --public-ip-address --sku
      User-Agent:
      - AZURECLI/2.30.0 azsdk-python-azure-mgmt-resource/19.0.0 Python/3.8.3 (Windows-10-10.0.18362-SP0)
    method: GET
    uri: https://management.azure.com/subscriptions/00000000-0000-0000-0000-000000000000/resourcegroups/cli_test_network_private_endpoints000001/providers/Microsoft.Resources/deployments/mock-deployment?api-version=2021-04-01
  response:
    body:
      string: '{"id":"/subscriptions/00000000-0000-0000-0000-000000000000/resourceGroups/cli_test_network_private_endpoints000001/providers/Microsoft.Resources/deployments/lb_deploy_NrZGftqM2PZI59ILYAxNvFVFYdrmU955","name":"lb_deploy_NrZGftqM2PZI59ILYAxNvFVFYdrmU955","type":"Microsoft.Resources/deployments","properties":{"templateHash":"17243018738793978059","parameters":{},"mode":"Incremental","provisioningState":"Succeeded","timestamp":"2021-11-03T04:25:19.7982902Z","duration":"PT21.8335787S","correlationId":"b1cbfdcb-5902-4155-9c95-15dd9c24b5af","providers":[{"namespace":"Microsoft.Network","resourceTypes":[{"resourceType":"publicIPAddresses","locations":["centralus"]},{"resourceType":"loadBalancers","locations":["centralus"]}]}],"dependencies":[{"dependsOn":[{"id":"/subscriptions/00000000-0000-0000-0000-000000000000/resourceGroups/cli_test_network_private_endpoints000001/providers/Microsoft.Network/publicIPAddresses/pubip1","resourceType":"Microsoft.Network/publicIPAddresses","resourceName":"pubip1"}],"id":"/subscriptions/00000000-0000-0000-0000-000000000000/resourceGroups/cli_test_network_private_endpoints000001/providers/Microsoft.Network/loadBalancers/lb1","resourceType":"Microsoft.Network/loadBalancers","resourceName":"lb1"}],"outputs":{"loadBalancer":{"type":"Object","value":{"provisioningState":"Succeeded","resourceGuid":"b1bc777d-c383-4bf0-9ad6-f1e407f73cea","frontendIPConfigurations":[{"name":"LoadBalancerFrontEnd","id":"/subscriptions/00000000-0000-0000-0000-000000000000/resourceGroups/cli_test_network_private_endpoints000001/providers/Microsoft.Network/loadBalancers/lb1/frontendIPConfigurations/LoadBalancerFrontEnd","etag":"W/\"6d258b16-4823-404f-9215-e53e3d232c39\"","type":"Microsoft.Network/loadBalancers/frontendIPConfigurations","properties":{"provisioningState":"Succeeded","privateIPAllocationMethod":"Dynamic","publicIPAddress":{"id":"/subscriptions/00000000-0000-0000-0000-000000000000/resourceGroups/cli_test_network_private_endpoints000001/providers/Microsoft.Network/publicIPAddresses/pubip1"}}}],"backendAddressPools":[{"name":"lb1bepool","id":"/subscriptions/00000000-0000-0000-0000-000000000000/resourceGroups/cli_test_network_private_endpoints000001/providers/Microsoft.Network/loadBalancers/lb1/backendAddressPools/lb1bepool","etag":"W/\"6d258b16-4823-404f-9215-e53e3d232c39\"","properties":{"provisioningState":"Succeeded","loadBalancerBackendAddresses":[]},"type":"Microsoft.Network/loadBalancers/backendAddressPools"}],"loadBalancingRules":[],"probes":[],"inboundNatRules":[],"outboundRules":[],"inboundNatPools":[]}}},"outputResources":[{"id":"/subscriptions/00000000-0000-0000-0000-000000000000/resourceGroups/cli_test_network_private_endpoints000001/providers/Microsoft.Network/loadBalancers/lb1"},{"id":"/subscriptions/00000000-0000-0000-0000-000000000000/resourceGroups/cli_test_network_private_endpoints000001/providers/Microsoft.Network/publicIPAddresses/pubip1"}]}}'
    headers:
      cache-control:
      - no-cache
      content-length:
      - '3200'
      content-type:
      - application/json; charset=utf-8
      date:
      - Wed, 03 Nov 2021 04:25:31 GMT
      expires:
      - '-1'
      pragma:
      - no-cache
      strict-transport-security:
      - max-age=31536000; includeSubDomains
      vary:
      - Accept-Encoding
      x-content-type-options:
      - nosniff
    status:
      code: 200
      message: OK
- request:
    body: null
    headers:
      Accept:
      - application/json
      Accept-Encoding:
      - gzip, deflate
      CommandName:
      - network vnet subnet update
      Connection:
      - keep-alive
      ParameterSetName:
      - -g -n --vnet-name --disable-private-link-service-network-policies
      User-Agent:
      - AZURECLI/2.30.0 azsdk-python-azure-mgmt-network/19.2.0 Python/3.8.3 (Windows-10-10.0.18362-SP0)
    method: GET
    uri: https://management.azure.com/subscriptions/00000000-0000-0000-0000-000000000000/resourceGroups/cli_test_network_private_endpoints000001/providers/Microsoft.Network/virtualNetworks/vnet1/subnets/subnet1?api-version=2021-05-01
  response:
    body:
      string: "{\r\n  \"name\": \"subnet1\",\r\n  \"id\": \"/subscriptions/00000000-0000-0000-0000-000000000000/resourceGroups/cli_test_network_private_endpoints000001/providers/Microsoft.Network/virtualNetworks/vnet1/subnets/subnet1\",\r\n
        \ \"etag\": \"W/\\\"f78b8f54-0452-4fba-814b-018dd4205de7\\\"\",\r\n  \"properties\":
        {\r\n    \"provisioningState\": \"Succeeded\",\r\n    \"addressPrefix\": \"10.0.0.0/24\",\r\n
        \   \"delegations\": [],\r\n    \"privateEndpointNetworkPolicies\": \"Enabled\",\r\n
        \   \"privateLinkServiceNetworkPolicies\": \"Enabled\"\r\n  },\r\n  \"type\":
        \"Microsoft.Network/virtualNetworks/subnets\"\r\n}"
    headers:
      cache-control:
      - no-cache
      content-length:
      - '586'
      content-type:
      - application/json; charset=utf-8
      date:
      - Wed, 03 Nov 2021 04:25:34 GMT
      etag:
      - W/"f78b8f54-0452-4fba-814b-018dd4205de7"
      expires:
      - '-1'
      pragma:
      - no-cache
      server:
      - Microsoft-HTTPAPI/2.0
      - Microsoft-HTTPAPI/2.0
      strict-transport-security:
      - max-age=31536000; includeSubDomains
      transfer-encoding:
      - chunked
      vary:
      - Accept-Encoding
      x-content-type-options:
      - nosniff
      x-ms-arm-service-request-id:
      - 36092e1a-8d73-40c3-9ca1-8e56a93368c6
    status:
      code: 200
      message: OK
- request:
    body: '{"id": "/subscriptions/00000000-0000-0000-0000-000000000000/resourceGroups/cli_test_network_private_endpoints000001/providers/Microsoft.Network/virtualNetworks/vnet1/subnets/subnet1",
      "name": "subnet1", "type": "Microsoft.Network/virtualNetworks/subnets", "properties":
      {"addressPrefix": "10.0.0.0/24", "delegations": [], "privateEndpointNetworkPolicies":
      "Enabled", "privateLinkServiceNetworkPolicies": "Disabled"}}'
    headers:
      Accept:
      - application/json
      Accept-Encoding:
      - gzip, deflate
      CommandName:
      - network vnet subnet update
      Connection:
      - keep-alive
      Content-Length:
      - '451'
      Content-Type:
      - application/json
      ParameterSetName:
      - -g -n --vnet-name --disable-private-link-service-network-policies
      User-Agent:
      - AZURECLI/2.30.0 azsdk-python-azure-mgmt-network/19.2.0 Python/3.8.3 (Windows-10-10.0.18362-SP0)
    method: PUT
    uri: https://management.azure.com/subscriptions/00000000-0000-0000-0000-000000000000/resourceGroups/cli_test_network_private_endpoints000001/providers/Microsoft.Network/virtualNetworks/vnet1/subnets/subnet1?api-version=2021-05-01
  response:
    body:
      string: "{\r\n  \"name\": \"subnet1\",\r\n  \"id\": \"/subscriptions/00000000-0000-0000-0000-000000000000/resourceGroups/cli_test_network_private_endpoints000001/providers/Microsoft.Network/virtualNetworks/vnet1/subnets/subnet1\",\r\n
        \ \"etag\": \"W/\\\"66c2100e-1d22-4b62-836e-5bb973cf89a9\\\"\",\r\n  \"properties\":
        {\r\n    \"provisioningState\": \"Updating\",\r\n    \"addressPrefix\": \"10.0.0.0/24\",\r\n
        \   \"delegations\": [],\r\n    \"privateEndpointNetworkPolicies\": \"Enabled\",\r\n
        \   \"privateLinkServiceNetworkPolicies\": \"Disabled\"\r\n  },\r\n  \"type\":
        \"Microsoft.Network/virtualNetworks/subnets\"\r\n}"
    headers:
      azure-asyncoperation:
      - https://management.azure.com/subscriptions/00000000-0000-0000-0000-000000000000/providers/Microsoft.Network/locations/centralus/operations/54f23098-49e4-4e9b-bfb0-717bc996e8c8?api-version=2021-05-01
      cache-control:
      - no-cache
      content-length:
      - '586'
      content-type:
      - application/json; charset=utf-8
      date:
      - Wed, 03 Nov 2021 04:25:39 GMT
      expires:
      - '-1'
      pragma:
      - no-cache
      server:
      - Microsoft-HTTPAPI/2.0
      - Microsoft-HTTPAPI/2.0
      strict-transport-security:
      - max-age=31536000; includeSubDomains
      transfer-encoding:
      - chunked
      vary:
      - Accept-Encoding
      x-content-type-options:
      - nosniff
      x-ms-arm-service-request-id:
      - 0c0020b0-b9d5-4016-8efb-07b51d7c684e
      x-ms-ratelimit-remaining-subscription-writes:
      - '1199'
    status:
      code: 200
      message: OK
- request:
    body: null
    headers:
      Accept:
      - '*/*'
      Accept-Encoding:
      - gzip, deflate
      CommandName:
      - network vnet subnet update
      Connection:
      - keep-alive
      ParameterSetName:
      - -g -n --vnet-name --disable-private-link-service-network-policies
      User-Agent:
      - AZURECLI/2.30.0 azsdk-python-azure-mgmt-network/19.2.0 Python/3.8.3 (Windows-10-10.0.18362-SP0)
    method: GET
    uri: https://management.azure.com/subscriptions/00000000-0000-0000-0000-000000000000/providers/Microsoft.Network/locations/centralus/operations/54f23098-49e4-4e9b-bfb0-717bc996e8c8?api-version=2021-05-01
  response:
    body:
      string: "{\r\n  \"status\": \"Succeeded\"\r\n}"
    headers:
      cache-control:
      - no-cache
      content-length:
      - '29'
      content-type:
      - application/json; charset=utf-8
      date:
      - Wed, 03 Nov 2021 04:25:42 GMT
      expires:
      - '-1'
      pragma:
      - no-cache
      server:
      - Microsoft-HTTPAPI/2.0
      - Microsoft-HTTPAPI/2.0
      strict-transport-security:
      - max-age=31536000; includeSubDomains
      transfer-encoding:
      - chunked
      vary:
      - Accept-Encoding
      x-content-type-options:
      - nosniff
      x-ms-arm-service-request-id:
      - 3bb94993-7056-4650-87e6-48ed11e18f4f
    status:
      code: 200
      message: OK
- request:
    body: null
    headers:
      Accept:
      - '*/*'
      Accept-Encoding:
      - gzip, deflate
      CommandName:
      - network vnet subnet update
      Connection:
      - keep-alive
      ParameterSetName:
      - -g -n --vnet-name --disable-private-link-service-network-policies
      User-Agent:
      - AZURECLI/2.30.0 azsdk-python-azure-mgmt-network/19.2.0 Python/3.8.3 (Windows-10-10.0.18362-SP0)
    method: GET
    uri: https://management.azure.com/subscriptions/00000000-0000-0000-0000-000000000000/resourceGroups/cli_test_network_private_endpoints000001/providers/Microsoft.Network/virtualNetworks/vnet1/subnets/subnet1?api-version=2021-05-01
  response:
    body:
      string: "{\r\n  \"name\": \"subnet1\",\r\n  \"id\": \"/subscriptions/00000000-0000-0000-0000-000000000000/resourceGroups/cli_test_network_private_endpoints000001/providers/Microsoft.Network/virtualNetworks/vnet1/subnets/subnet1\",\r\n
        \ \"etag\": \"W/\\\"eef160f4-911d-44bf-b41c-d759fbc6e24b\\\"\",\r\n  \"properties\":
        {\r\n    \"provisioningState\": \"Succeeded\",\r\n    \"addressPrefix\": \"10.0.0.0/24\",\r\n
        \   \"delegations\": [],\r\n    \"privateEndpointNetworkPolicies\": \"Enabled\",\r\n
        \   \"privateLinkServiceNetworkPolicies\": \"Disabled\"\r\n  },\r\n  \"type\":
        \"Microsoft.Network/virtualNetworks/subnets\"\r\n}"
    headers:
      cache-control:
      - no-cache
      content-length:
      - '587'
      content-type:
      - application/json; charset=utf-8
      date:
      - Wed, 03 Nov 2021 04:25:42 GMT
      etag:
      - W/"eef160f4-911d-44bf-b41c-d759fbc6e24b"
      expires:
      - '-1'
      pragma:
      - no-cache
      server:
      - Microsoft-HTTPAPI/2.0
      - Microsoft-HTTPAPI/2.0
      strict-transport-security:
      - max-age=31536000; includeSubDomains
      transfer-encoding:
      - chunked
      vary:
      - Accept-Encoding
      x-content-type-options:
      - nosniff
      x-ms-arm-service-request-id:
      - 5cff910a-6dcd-4498-a40b-f37d2ab534f9
    status:
      code: 200
      message: OK
- request:
    body: null
    headers:
      Accept:
      - application/json
      Accept-Encoding:
      - gzip, deflate
      CommandName:
      - network vnet subnet create
      Connection:
      - keep-alive
      ParameterSetName:
      - -g -n --vnet-name --address-prefixes
      User-Agent:
      - AZURECLI/2.30.0 azsdk-python-azure-mgmt-network/19.2.0 Python/3.8.3 (Windows-10-10.0.18362-SP0)
    method: GET
    uri: https://management.azure.com/subscriptions/00000000-0000-0000-0000-000000000000/resourceGroups/cli_test_network_private_endpoints000001/providers/Microsoft.Network/virtualNetworks/vnet1?api-version=2021-05-01
  response:
    body:
      string: "{\r\n  \"name\": \"vnet1\",\r\n  \"id\": \"/subscriptions/00000000-0000-0000-0000-000000000000/resourceGroups/cli_test_network_private_endpoints000001/providers/Microsoft.Network/virtualNetworks/vnet1\",\r\n
        \ \"etag\": \"W/\\\"eef160f4-911d-44bf-b41c-d759fbc6e24b\\\"\",\r\n  \"type\":
        \"Microsoft.Network/virtualNetworks\",\r\n  \"location\": \"centralus\",\r\n
        \ \"tags\": {},\r\n  \"properties\": {\r\n    \"provisioningState\": \"Succeeded\",\r\n
        \   \"resourceGuid\": \"bcf0a437-4eda-4597-bc2c-c8c3012866b4\",\r\n    \"addressSpace\":
        {\r\n      \"addressPrefixes\": [\r\n        \"10.0.0.0/16\"\r\n      ]\r\n
        \   },\r\n    \"dhcpOptions\": {\r\n      \"dnsServers\": []\r\n    },\r\n
        \   \"subnets\": [\r\n      {\r\n        \"name\": \"subnet1\",\r\n        \"id\":
        \"/subscriptions/00000000-0000-0000-0000-000000000000/resourceGroups/cli_test_network_private_endpoints000001/providers/Microsoft.Network/virtualNetworks/vnet1/subnets/subnet1\",\r\n
        \       \"etag\": \"W/\\\"eef160f4-911d-44bf-b41c-d759fbc6e24b\\\"\",\r\n
        \       \"properties\": {\r\n          \"provisioningState\": \"Succeeded\",\r\n
        \         \"addressPrefix\": \"10.0.0.0/24\",\r\n          \"delegations\":
        [],\r\n          \"privateEndpointNetworkPolicies\": \"Enabled\",\r\n          \"privateLinkServiceNetworkPolicies\":
        \"Disabled\"\r\n        },\r\n        \"type\": \"Microsoft.Network/virtualNetworks/subnets\"\r\n
        \     }\r\n    ],\r\n    \"virtualNetworkPeerings\": [],\r\n    \"enableDdosProtection\":
        false\r\n  }\r\n}"
    headers:
      cache-control:
      - no-cache
      content-length:
      - '1409'
      content-type:
      - application/json; charset=utf-8
      date:
      - Wed, 03 Nov 2021 04:25:45 GMT
      etag:
      - W/"eef160f4-911d-44bf-b41c-d759fbc6e24b"
      expires:
      - '-1'
      pragma:
      - no-cache
      server:
      - Microsoft-HTTPAPI/2.0
      - Microsoft-HTTPAPI/2.0
      strict-transport-security:
      - max-age=31536000; includeSubDomains
      transfer-encoding:
      - chunked
      vary:
      - Accept-Encoding
      x-content-type-options:
      - nosniff
      x-ms-arm-service-request-id:
      - ef50679b-8841-43da-8136-d4da1c7898b3
    status:
      code: 200
      message: OK
- request:
    body: '{"id": "/subscriptions/00000000-0000-0000-0000-000000000000/resourceGroups/cli_test_network_private_endpoints000001/providers/Microsoft.Network/virtualNetworks/vnet1",
      "location": "centralus", "tags": {}, "properties": {"addressSpace": {"addressPrefixes":
      ["10.0.0.0/16"]}, "dhcpOptions": {"dnsServers": []}, "subnets": [{"id": "/subscriptions/00000000-0000-0000-0000-000000000000/resourceGroups/cli_test_network_private_endpoints000001/providers/Microsoft.Network/virtualNetworks/vnet1/subnets/subnet1",
      "name": "subnet1", "type": "Microsoft.Network/virtualNetworks/subnets", "properties":
      {"addressPrefix": "10.0.0.0/24", "delegations": [], "privateEndpointNetworkPolicies":
      "Enabled", "privateLinkServiceNetworkPolicies": "Disabled"}}, {"name": "subnet2",
      "properties": {"addressPrefix": "10.0.2.0/24", "privateEndpointNetworkPolicies":
      "Enabled", "privateLinkServiceNetworkPolicies": "Enabled"}}], "virtualNetworkPeerings":
      [], "enableDdosProtection": false}}'
    headers:
      Accept:
      - application/json
      Accept-Encoding:
      - gzip, deflate
      CommandName:
      - network vnet subnet create
      Connection:
      - keep-alive
      Content-Length:
      - '1033'
      Content-Type:
      - application/json
      ParameterSetName:
      - -g -n --vnet-name --address-prefixes
      User-Agent:
      - AZURECLI/2.30.0 azsdk-python-azure-mgmt-network/19.2.0 Python/3.8.3 (Windows-10-10.0.18362-SP0)
    method: PUT
    uri: https://management.azure.com/subscriptions/00000000-0000-0000-0000-000000000000/resourceGroups/cli_test_network_private_endpoints000001/providers/Microsoft.Network/virtualNetworks/vnet1?api-version=2021-05-01
  response:
    body:
      string: "{\r\n  \"name\": \"vnet1\",\r\n  \"id\": \"/subscriptions/00000000-0000-0000-0000-000000000000/resourceGroups/cli_test_network_private_endpoints000001/providers/Microsoft.Network/virtualNetworks/vnet1\",\r\n
        \ \"etag\": \"W/\\\"cff07ee0-3f44-4e64-8e7f-e3464659503d\\\"\",\r\n  \"type\":
        \"Microsoft.Network/virtualNetworks\",\r\n  \"location\": \"centralus\",\r\n
        \ \"tags\": {},\r\n  \"properties\": {\r\n    \"provisioningState\": \"Updating\",\r\n
        \   \"resourceGuid\": \"bcf0a437-4eda-4597-bc2c-c8c3012866b4\",\r\n    \"addressSpace\":
        {\r\n      \"addressPrefixes\": [\r\n        \"10.0.0.0/16\"\r\n      ]\r\n
        \   },\r\n    \"dhcpOptions\": {\r\n      \"dnsServers\": []\r\n    },\r\n
        \   \"subnets\": [\r\n      {\r\n        \"name\": \"subnet1\",\r\n        \"id\":
        \"/subscriptions/00000000-0000-0000-0000-000000000000/resourceGroups/cli_test_network_private_endpoints000001/providers/Microsoft.Network/virtualNetworks/vnet1/subnets/subnet1\",\r\n
        \       \"etag\": \"W/\\\"cff07ee0-3f44-4e64-8e7f-e3464659503d\\\"\",\r\n
        \       \"properties\": {\r\n          \"provisioningState\": \"Updating\",\r\n
        \         \"addressPrefix\": \"10.0.0.0/24\",\r\n          \"delegations\":
        [],\r\n          \"privateEndpointNetworkPolicies\": \"Enabled\",\r\n          \"privateLinkServiceNetworkPolicies\":
        \"Disabled\"\r\n        },\r\n        \"type\": \"Microsoft.Network/virtualNetworks/subnets\"\r\n
        \     },\r\n      {\r\n        \"name\": \"subnet2\",\r\n        \"id\": \"/subscriptions/00000000-0000-0000-0000-000000000000/resourceGroups/cli_test_network_private_endpoints000001/providers/Microsoft.Network/virtualNetworks/vnet1/subnets/subnet2\",\r\n
        \       \"etag\": \"W/\\\"cff07ee0-3f44-4e64-8e7f-e3464659503d\\\"\",\r\n
        \       \"properties\": {\r\n          \"provisioningState\": \"Updating\",\r\n
        \         \"addressPrefix\": \"10.0.2.0/24\",\r\n          \"delegations\":
        [],\r\n          \"privateEndpointNetworkPolicies\": \"Enabled\",\r\n          \"privateLinkServiceNetworkPolicies\":
        \"Enabled\"\r\n        },\r\n        \"type\": \"Microsoft.Network/virtualNetworks/subnets\"\r\n
        \     }\r\n    ],\r\n    \"virtualNetworkPeerings\": [],\r\n    \"enableDdosProtection\":
        false\r\n  }\r\n}"
    headers:
      azure-asyncnotification:
      - Enabled
      azure-asyncoperation:
      - https://management.azure.com/subscriptions/00000000-0000-0000-0000-000000000000/providers/Microsoft.Network/locations/centralus/operations/04427330-36d5-4c07-a825-e7a903225dee?api-version=2021-05-01
      cache-control:
      - no-cache
      content-length:
      - '2073'
      content-type:
      - application/json; charset=utf-8
      date:
      - Wed, 03 Nov 2021 04:25:47 GMT
      expires:
      - '-1'
      pragma:
      - no-cache
      server:
      - Microsoft-HTTPAPI/2.0
      - Microsoft-HTTPAPI/2.0
      strict-transport-security:
      - max-age=31536000; includeSubDomains
      transfer-encoding:
      - chunked
      vary:
      - Accept-Encoding
      x-content-type-options:
      - nosniff
      x-ms-arm-service-request-id:
      - 0b482307-9889-44f7-9c15-e36dcb55abf1
      x-ms-ratelimit-remaining-subscription-writes:
      - '1199'
    status:
      code: 200
      message: OK
- request:
    body: null
    headers:
      Accept:
      - '*/*'
      Accept-Encoding:
      - gzip, deflate
      CommandName:
      - network vnet subnet create
      Connection:
      - keep-alive
      ParameterSetName:
      - -g -n --vnet-name --address-prefixes
      User-Agent:
      - AZURECLI/2.30.0 azsdk-python-azure-mgmt-network/19.2.0 Python/3.8.3 (Windows-10-10.0.18362-SP0)
    method: GET
    uri: https://management.azure.com/subscriptions/00000000-0000-0000-0000-000000000000/providers/Microsoft.Network/locations/centralus/operations/04427330-36d5-4c07-a825-e7a903225dee?api-version=2021-05-01
  response:
    body:
      string: "{\r\n  \"status\": \"Succeeded\"\r\n}"
    headers:
      cache-control:
      - no-cache
      content-length:
      - '29'
      content-type:
      - application/json; charset=utf-8
      date:
      - Wed, 03 Nov 2021 04:25:50 GMT
      expires:
      - '-1'
      pragma:
      - no-cache
      server:
      - Microsoft-HTTPAPI/2.0
      - Microsoft-HTTPAPI/2.0
      strict-transport-security:
      - max-age=31536000; includeSubDomains
      transfer-encoding:
      - chunked
      vary:
      - Accept-Encoding
      x-content-type-options:
      - nosniff
      x-ms-arm-service-request-id:
      - 5ecc54a5-da3b-4737-9a6e-6381a4b883d7
    status:
      code: 200
      message: OK
- request:
    body: null
    headers:
      Accept:
      - '*/*'
      Accept-Encoding:
      - gzip, deflate
      CommandName:
      - network vnet subnet create
      Connection:
      - keep-alive
      ParameterSetName:
      - -g -n --vnet-name --address-prefixes
      User-Agent:
      - AZURECLI/2.30.0 azsdk-python-azure-mgmt-network/19.2.0 Python/3.8.3 (Windows-10-10.0.18362-SP0)
    method: GET
    uri: https://management.azure.com/subscriptions/00000000-0000-0000-0000-000000000000/resourceGroups/cli_test_network_private_endpoints000001/providers/Microsoft.Network/virtualNetworks/vnet1?api-version=2021-05-01
  response:
    body:
      string: "{\r\n  \"name\": \"vnet1\",\r\n  \"id\": \"/subscriptions/00000000-0000-0000-0000-000000000000/resourceGroups/cli_test_network_private_endpoints000001/providers/Microsoft.Network/virtualNetworks/vnet1\",\r\n
        \ \"etag\": \"W/\\\"6fa748c8-1c95-4269-9029-6b054f2f01ce\\\"\",\r\n  \"type\":
        \"Microsoft.Network/virtualNetworks\",\r\n  \"location\": \"centralus\",\r\n
        \ \"tags\": {},\r\n  \"properties\": {\r\n    \"provisioningState\": \"Succeeded\",\r\n
        \   \"resourceGuid\": \"bcf0a437-4eda-4597-bc2c-c8c3012866b4\",\r\n    \"addressSpace\":
        {\r\n      \"addressPrefixes\": [\r\n        \"10.0.0.0/16\"\r\n      ]\r\n
        \   },\r\n    \"dhcpOptions\": {\r\n      \"dnsServers\": []\r\n    },\r\n
        \   \"subnets\": [\r\n      {\r\n        \"name\": \"subnet1\",\r\n        \"id\":
        \"/subscriptions/00000000-0000-0000-0000-000000000000/resourceGroups/cli_test_network_private_endpoints000001/providers/Microsoft.Network/virtualNetworks/vnet1/subnets/subnet1\",\r\n
        \       \"etag\": \"W/\\\"6fa748c8-1c95-4269-9029-6b054f2f01ce\\\"\",\r\n
        \       \"properties\": {\r\n          \"provisioningState\": \"Succeeded\",\r\n
        \         \"addressPrefix\": \"10.0.0.0/24\",\r\n          \"delegations\":
        [],\r\n          \"privateEndpointNetworkPolicies\": \"Enabled\",\r\n          \"privateLinkServiceNetworkPolicies\":
        \"Disabled\"\r\n        },\r\n        \"type\": \"Microsoft.Network/virtualNetworks/subnets\"\r\n
        \     },\r\n      {\r\n        \"name\": \"subnet2\",\r\n        \"id\": \"/subscriptions/00000000-0000-0000-0000-000000000000/resourceGroups/cli_test_network_private_endpoints000001/providers/Microsoft.Network/virtualNetworks/vnet1/subnets/subnet2\",\r\n
        \       \"etag\": \"W/\\\"6fa748c8-1c95-4269-9029-6b054f2f01ce\\\"\",\r\n
        \       \"properties\": {\r\n          \"provisioningState\": \"Succeeded\",\r\n
        \         \"addressPrefix\": \"10.0.2.0/24\",\r\n          \"delegations\":
        [],\r\n          \"privateEndpointNetworkPolicies\": \"Enabled\",\r\n          \"privateLinkServiceNetworkPolicies\":
        \"Enabled\"\r\n        },\r\n        \"type\": \"Microsoft.Network/virtualNetworks/subnets\"\r\n
        \     }\r\n    ],\r\n    \"virtualNetworkPeerings\": [],\r\n    \"enableDdosProtection\":
        false\r\n  }\r\n}"
    headers:
      cache-control:
      - no-cache
      content-length:
      - '2076'
      content-type:
      - application/json; charset=utf-8
      date:
      - Wed, 03 Nov 2021 04:25:50 GMT
      etag:
      - W/"6fa748c8-1c95-4269-9029-6b054f2f01ce"
      expires:
      - '-1'
      pragma:
      - no-cache
      server:
      - Microsoft-HTTPAPI/2.0
      - Microsoft-HTTPAPI/2.0
      strict-transport-security:
      - max-age=31536000; includeSubDomains
      transfer-encoding:
      - chunked
      vary:
      - Accept-Encoding
      x-content-type-options:
      - nosniff
      x-ms-arm-service-request-id:
      - 90377e0e-a3b2-4d56-ae3a-444d173ad6e6
    status:
      code: 200
      message: OK
- request:
    body: null
    headers:
      Accept:
      - application/json
      Accept-Encoding:
      - gzip, deflate
      CommandName:
      - network vnet subnet update
      Connection:
      - keep-alive
      ParameterSetName:
      - -g -n --vnet-name --disable-private-endpoint-network-policies
      User-Agent:
      - AZURECLI/2.30.0 azsdk-python-azure-mgmt-network/19.2.0 Python/3.8.3 (Windows-10-10.0.18362-SP0)
    method: GET
    uri: https://management.azure.com/subscriptions/00000000-0000-0000-0000-000000000000/resourceGroups/cli_test_network_private_endpoints000001/providers/Microsoft.Network/virtualNetworks/vnet1/subnets/subnet2?api-version=2021-05-01
  response:
    body:
      string: "{\r\n  \"name\": \"subnet2\",\r\n  \"id\": \"/subscriptions/00000000-0000-0000-0000-000000000000/resourceGroups/cli_test_network_private_endpoints000001/providers/Microsoft.Network/virtualNetworks/vnet1/subnets/subnet2\",\r\n
        \ \"etag\": \"W/\\\"6fa748c8-1c95-4269-9029-6b054f2f01ce\\\"\",\r\n  \"properties\":
        {\r\n    \"provisioningState\": \"Succeeded\",\r\n    \"addressPrefix\": \"10.0.2.0/24\",\r\n
        \   \"delegations\": [],\r\n    \"privateEndpointNetworkPolicies\": \"Enabled\",\r\n
        \   \"privateLinkServiceNetworkPolicies\": \"Enabled\"\r\n  },\r\n  \"type\":
        \"Microsoft.Network/virtualNetworks/subnets\"\r\n}"
    headers:
      cache-control:
      - no-cache
      content-length:
      - '586'
      content-type:
      - application/json; charset=utf-8
      date:
      - Wed, 03 Nov 2021 04:25:52 GMT
      etag:
      - W/"6fa748c8-1c95-4269-9029-6b054f2f01ce"
      expires:
      - '-1'
      pragma:
      - no-cache
      server:
      - Microsoft-HTTPAPI/2.0
      - Microsoft-HTTPAPI/2.0
      strict-transport-security:
      - max-age=31536000; includeSubDomains
      transfer-encoding:
      - chunked
      vary:
      - Accept-Encoding
      x-content-type-options:
      - nosniff
      x-ms-arm-service-request-id:
      - b9b90187-83ee-4f02-bf5f-ba838b7a20a6
    status:
      code: 200
      message: OK
- request:
    body: '{"id": "/subscriptions/00000000-0000-0000-0000-000000000000/resourceGroups/cli_test_network_private_endpoints000001/providers/Microsoft.Network/virtualNetworks/vnet1/subnets/subnet2",
      "name": "subnet2", "type": "Microsoft.Network/virtualNetworks/subnets", "properties":
      {"addressPrefix": "10.0.2.0/24", "delegations": [], "privateEndpointNetworkPolicies":
      "Disabled", "privateLinkServiceNetworkPolicies": "Enabled"}}'
    headers:
      Accept:
      - application/json
      Accept-Encoding:
      - gzip, deflate
      CommandName:
      - network vnet subnet update
      Connection:
      - keep-alive
      Content-Length:
      - '451'
      Content-Type:
      - application/json
      ParameterSetName:
      - -g -n --vnet-name --disable-private-endpoint-network-policies
      User-Agent:
      - AZURECLI/2.30.0 azsdk-python-azure-mgmt-network/19.2.0 Python/3.8.3 (Windows-10-10.0.18362-SP0)
    method: PUT
    uri: https://management.azure.com/subscriptions/00000000-0000-0000-0000-000000000000/resourceGroups/cli_test_network_private_endpoints000001/providers/Microsoft.Network/virtualNetworks/vnet1/subnets/subnet2?api-version=2021-05-01
  response:
    body:
      string: "{\r\n  \"name\": \"subnet2\",\r\n  \"id\": \"/subscriptions/00000000-0000-0000-0000-000000000000/resourceGroups/cli_test_network_private_endpoints000001/providers/Microsoft.Network/virtualNetworks/vnet1/subnets/subnet2\",\r\n
        \ \"etag\": \"W/\\\"e89b276f-711b-4a2b-a8b6-9111192e1357\\\"\",\r\n  \"properties\":
        {\r\n    \"provisioningState\": \"Updating\",\r\n    \"addressPrefix\": \"10.0.2.0/24\",\r\n
        \   \"delegations\": [],\r\n    \"privateEndpointNetworkPolicies\": \"Disabled\",\r\n
        \   \"privateLinkServiceNetworkPolicies\": \"Enabled\"\r\n  },\r\n  \"type\":
        \"Microsoft.Network/virtualNetworks/subnets\"\r\n}"
    headers:
      azure-asyncoperation:
      - https://management.azure.com/subscriptions/00000000-0000-0000-0000-000000000000/providers/Microsoft.Network/locations/centralus/operations/0d1cae03-f392-4822-8d23-5fdf6b6230dc?api-version=2021-05-01
      cache-control:
      - no-cache
      content-length:
      - '586'
      content-type:
      - application/json; charset=utf-8
      date:
      - Wed, 03 Nov 2021 04:25:57 GMT
      expires:
      - '-1'
      pragma:
      - no-cache
      server:
      - Microsoft-HTTPAPI/2.0
      - Microsoft-HTTPAPI/2.0
      strict-transport-security:
      - max-age=31536000; includeSubDomains
      transfer-encoding:
      - chunked
      vary:
      - Accept-Encoding
      x-content-type-options:
      - nosniff
      x-ms-arm-service-request-id:
      - 98b3706b-9a0b-461c-b7e6-9e912488cdd0
      x-ms-ratelimit-remaining-subscription-writes:
      - '1199'
    status:
      code: 200
      message: OK
- request:
    body: null
    headers:
      Accept:
      - '*/*'
      Accept-Encoding:
      - gzip, deflate
      CommandName:
      - network vnet subnet update
      Connection:
      - keep-alive
      ParameterSetName:
      - -g -n --vnet-name --disable-private-endpoint-network-policies
      User-Agent:
      - AZURECLI/2.30.0 azsdk-python-azure-mgmt-network/19.2.0 Python/3.8.3 (Windows-10-10.0.18362-SP0)
    method: GET
    uri: https://management.azure.com/subscriptions/00000000-0000-0000-0000-000000000000/providers/Microsoft.Network/locations/centralus/operations/0d1cae03-f392-4822-8d23-5fdf6b6230dc?api-version=2021-05-01
  response:
    body:
      string: "{\r\n  \"status\": \"Succeeded\"\r\n}"
    headers:
      cache-control:
      - no-cache
      content-length:
      - '29'
      content-type:
      - application/json; charset=utf-8
      date:
      - Wed, 03 Nov 2021 04:26:01 GMT
      expires:
      - '-1'
      pragma:
      - no-cache
      server:
      - Microsoft-HTTPAPI/2.0
      - Microsoft-HTTPAPI/2.0
      strict-transport-security:
      - max-age=31536000; includeSubDomains
      transfer-encoding:
      - chunked
      vary:
      - Accept-Encoding
      x-content-type-options:
      - nosniff
      x-ms-arm-service-request-id:
      - b87073a5-4041-438e-8a54-d7c10bf9ea85
    status:
      code: 200
      message: OK
- request:
    body: null
    headers:
      Accept:
      - '*/*'
      Accept-Encoding:
      - gzip, deflate
      CommandName:
      - network vnet subnet update
      Connection:
      - keep-alive
      ParameterSetName:
      - -g -n --vnet-name --disable-private-endpoint-network-policies
      User-Agent:
      - AZURECLI/2.30.0 azsdk-python-azure-mgmt-network/19.2.0 Python/3.8.3 (Windows-10-10.0.18362-SP0)
    method: GET
    uri: https://management.azure.com/subscriptions/00000000-0000-0000-0000-000000000000/resourceGroups/cli_test_network_private_endpoints000001/providers/Microsoft.Network/virtualNetworks/vnet1/subnets/subnet2?api-version=2021-05-01
  response:
    body:
      string: "{\r\n  \"name\": \"subnet2\",\r\n  \"id\": \"/subscriptions/00000000-0000-0000-0000-000000000000/resourceGroups/cli_test_network_private_endpoints000001/providers/Microsoft.Network/virtualNetworks/vnet1/subnets/subnet2\",\r\n
        \ \"etag\": \"W/\\\"8fa79d6d-d71d-4d82-a8a8-07ee576f21de\\\"\",\r\n  \"properties\":
        {\r\n    \"provisioningState\": \"Succeeded\",\r\n    \"addressPrefix\": \"10.0.2.0/24\",\r\n
        \   \"delegations\": [],\r\n    \"privateEndpointNetworkPolicies\": \"Disabled\",\r\n
        \   \"privateLinkServiceNetworkPolicies\": \"Enabled\"\r\n  },\r\n  \"type\":
        \"Microsoft.Network/virtualNetworks/subnets\"\r\n}"
    headers:
      cache-control:
      - no-cache
      content-length:
      - '587'
      content-type:
      - application/json; charset=utf-8
      date:
      - Wed, 03 Nov 2021 04:26:01 GMT
      etag:
      - W/"8fa79d6d-d71d-4d82-a8a8-07ee576f21de"
      expires:
      - '-1'
      pragma:
      - no-cache
      server:
      - Microsoft-HTTPAPI/2.0
      - Microsoft-HTTPAPI/2.0
      strict-transport-security:
      - max-age=31536000; includeSubDomains
      transfer-encoding:
      - chunked
      vary:
      - Accept-Encoding
      x-content-type-options:
      - nosniff
      x-ms-arm-service-request-id:
      - 30e2620e-b0c2-4ba1-bc6f-a26fee759322
    status:
      code: 200
      message: OK
- request:
    body: '{"location": "centralus", "properties": {"loadBalancerFrontendIpConfigurations":
      [{"id": "/subscriptions/00000000-0000-0000-0000-000000000000/resourceGroups/cli_test_network_private_endpoints000001/providers/Microsoft.Network/loadBalancers/lb1/frontendIpConfigurations/LoadBalancerFrontEnd"}],
      "ipConfigurations": [{"name": "lks1_ipconfig_0", "properties": {"subnet": {"id":
      "/subscriptions/00000000-0000-0000-0000-000000000000/resourceGroups/cli_test_network_private_endpoints000001/providers/Microsoft.Network/virtualNetworks/vnet1/subnets/subnet1",
      "properties": {"privateEndpointNetworkPolicies": "Enabled", "privateLinkServiceNetworkPolicies":
      "Enabled"}}, "privateIPAddressVersion": "IPv4"}}]}}'
    headers:
      Accept:
      - application/json
      Accept-Encoding:
      - gzip, deflate
      CommandName:
      - network private-link-service create
      Connection:
      - keep-alive
      Content-Length:
      - '770'
      Content-Type:
      - application/json
      ParameterSetName:
      - -g -n --vnet-name --subnet --lb-name --lb-frontend-ip-configs -l
      User-Agent:
      - AZURECLI/2.30.0 azsdk-python-azure-mgmt-network/19.2.0 Python/3.8.3 (Windows-10-10.0.18362-SP0)
    method: PUT
    uri: https://management.azure.com/subscriptions/00000000-0000-0000-0000-000000000000/resourceGroups/cli_test_network_private_endpoints000001/providers/Microsoft.Network/privateLinkServices/lks1?api-version=2021-05-01
  response:
    body:
      string: "{\r\n  \"name\": \"lks1\",\r\n  \"id\": \"/subscriptions/00000000-0000-0000-0000-000000000000/resourceGroups/cli_test_network_private_endpoints000001/providers/Microsoft.Network/privateLinkServices/lks1\",\r\n
        \ \"etag\": \"W/\\\"10b164f5-cc53-4341-8364-5694b9e59c31\\\"\",\r\n  \"type\":
        \"Microsoft.Network/privateLinkServices\",\r\n  \"location\": \"centralus\",\r\n
        \ \"properties\": {\r\n    \"provisioningState\": \"Updating\",\r\n    \"resourceGuid\":
        \"c47e7a0d-5002-49f0-b18b-e3c94f215ebb\",\r\n    \"fqdns\": [],\r\n    \"alias\":
        \"lks1.466728e4-dfb9-42b1-8477-3a741d5df63a.centralus.azure.privatelinkservice\",\r\n
        \   \"enableProxyProtocol\": false,\r\n    \"loadBalancerFrontendIpConfigurations\":
        [\r\n      {\r\n        \"id\": \"/subscriptions/00000000-0000-0000-0000-000000000000/resourceGroups/cli_test_network_private_endpoints000001/providers/Microsoft.Network/loadBalancers/lb1/frontendIPConfigurations/LoadBalancerFrontEnd\"\r\n
        \     }\r\n    ],\r\n    \"ipConfigurations\": [\r\n      {\r\n        \"name\":
        \"lks1_ipconfig_0\",\r\n        \"id\": \"/subscriptions/00000000-0000-0000-0000-000000000000/resourceGroups/cli_test_network_private_endpoints000001/providers/Microsoft.Network/privateLinkServices/lks1/ipConfigurations/lks1_ipconfig_0\",\r\n
        \       \"etag\": \"W/\\\"10b164f5-cc53-4341-8364-5694b9e59c31\\\"\",\r\n
        \       \"type\": \"Microsoft.Network/privateLinkServices/ipConfigurations\",\r\n
        \       \"properties\": {\r\n          \"provisioningState\": \"Succeeded\",\r\n
        \         \"privateIPAllocationMethod\": \"Dynamic\",\r\n          \"subnet\":
        {\r\n            \"id\": \"/subscriptions/00000000-0000-0000-0000-000000000000/resourceGroups/cli_test_network_private_endpoints000001/providers/Microsoft.Network/virtualNetworks/vnet1/subnets/subnet1\"\r\n
        \         },\r\n          \"primary\": true,\r\n          \"privateIPAddressVersion\":
        \"IPv4\"\r\n        }\r\n      }\r\n    ],\r\n    \"privateEndpointConnections\":
        [],\r\n    \"networkInterfaces\": [\r\n      {\r\n        \"id\": \"/subscriptions/00000000-0000-0000-0000-000000000000/resourceGroups/cli_test_network_private_endpoints000001/providers/Microsoft.Network/networkInterfaces/lks1.nic.f4c72174-3d39-4062-abd4-e6a9a607721d\"\r\n
        \     }\r\n    ]\r\n  }\r\n}"
    headers:
      azure-asyncnotification:
      - Enabled
      azure-asyncoperation:
      - https://management.azure.com/subscriptions/00000000-0000-0000-0000-000000000000/providers/Microsoft.Network/locations/centralus/operations/ce6ba50c-cc0b-4613-a8d9-d0cf40d04db5?api-version=2021-05-01
      cache-control:
      - no-cache
      content-length:
      - '2253'
      content-type:
      - application/json; charset=utf-8
      date:
      - Wed, 03 Nov 2021 04:26:12 GMT
      expires:
      - '-1'
      pragma:
      - no-cache
      server:
      - Microsoft-HTTPAPI/2.0
      - Microsoft-HTTPAPI/2.0
      strict-transport-security:
      - max-age=31536000; includeSubDomains
      x-content-type-options:
      - nosniff
      x-ms-arm-service-request-id:
      - 18719066-50eb-4986-9c34-f3523baecb64
      x-ms-ratelimit-remaining-subscription-writes:
      - '1198'
    status:
      code: 201
      message: Created
- request:
    body: null
    headers:
      Accept:
      - '*/*'
      Accept-Encoding:
      - gzip, deflate
      CommandName:
      - network private-link-service create
      Connection:
      - keep-alive
      ParameterSetName:
      - -g -n --vnet-name --subnet --lb-name --lb-frontend-ip-configs -l
      User-Agent:
      - AZURECLI/2.30.0 azsdk-python-azure-mgmt-network/19.2.0 Python/3.8.3 (Windows-10-10.0.18362-SP0)
    method: GET
    uri: https://management.azure.com/subscriptions/00000000-0000-0000-0000-000000000000/providers/Microsoft.Network/locations/centralus/operations/ce6ba50c-cc0b-4613-a8d9-d0cf40d04db5?api-version=2021-05-01
  response:
    body:
      string: "{\r\n  \"status\": \"Succeeded\"\r\n}"
    headers:
      cache-control:
      - no-cache
      content-length:
      - '29'
      content-type:
      - application/json; charset=utf-8
      date:
      - Wed, 03 Nov 2021 04:26:22 GMT
      expires:
      - '-1'
      pragma:
      - no-cache
      server:
      - Microsoft-HTTPAPI/2.0
      - Microsoft-HTTPAPI/2.0
      strict-transport-security:
      - max-age=31536000; includeSubDomains
      transfer-encoding:
      - chunked
      vary:
      - Accept-Encoding
      x-content-type-options:
      - nosniff
      x-ms-arm-service-request-id:
      - 463a6260-0575-4acb-9f2d-438e39830b90
    status:
      code: 200
      message: OK
- request:
    body: null
    headers:
      Accept:
      - '*/*'
      Accept-Encoding:
      - gzip, deflate
      CommandName:
      - network private-link-service create
      Connection:
      - keep-alive
      ParameterSetName:
      - -g -n --vnet-name --subnet --lb-name --lb-frontend-ip-configs -l
      User-Agent:
      - AZURECLI/2.30.0 azsdk-python-azure-mgmt-network/19.2.0 Python/3.8.3 (Windows-10-10.0.18362-SP0)
    method: GET
    uri: https://management.azure.com/subscriptions/00000000-0000-0000-0000-000000000000/resourceGroups/cli_test_network_private_endpoints000001/providers/Microsoft.Network/privateLinkServices/lks1?api-version=2021-05-01
  response:
    body:
      string: "{\r\n  \"name\": \"lks1\",\r\n  \"id\": \"/subscriptions/00000000-0000-0000-0000-000000000000/resourceGroups/cli_test_network_private_endpoints000001/providers/Microsoft.Network/privateLinkServices/lks1\",\r\n
        \ \"etag\": \"W/\\\"3beb4147-4253-4845-9fd7-9ce37c89a791\\\"\",\r\n  \"type\":
        \"Microsoft.Network/privateLinkServices\",\r\n  \"location\": \"centralus\",\r\n
        \ \"properties\": {\r\n    \"provisioningState\": \"Succeeded\",\r\n    \"resourceGuid\":
        \"c47e7a0d-5002-49f0-b18b-e3c94f215ebb\",\r\n    \"fqdns\": [],\r\n    \"alias\":
        \"lks1.466728e4-dfb9-42b1-8477-3a741d5df63a.centralus.azure.privatelinkservice\",\r\n
        \   \"enableProxyProtocol\": false,\r\n    \"loadBalancerFrontendIpConfigurations\":
        [\r\n      {\r\n        \"id\": \"/subscriptions/00000000-0000-0000-0000-000000000000/resourceGroups/cli_test_network_private_endpoints000001/providers/Microsoft.Network/loadBalancers/lb1/frontendIPConfigurations/LoadBalancerFrontEnd\"\r\n
        \     }\r\n    ],\r\n    \"ipConfigurations\": [\r\n      {\r\n        \"name\":
        \"lks1_ipconfig_0\",\r\n        \"id\": \"/subscriptions/00000000-0000-0000-0000-000000000000/resourceGroups/cli_test_network_private_endpoints000001/providers/Microsoft.Network/privateLinkServices/lks1/ipConfigurations/lks1_ipconfig_0\",\r\n
        \       \"etag\": \"W/\\\"3beb4147-4253-4845-9fd7-9ce37c89a791\\\"\",\r\n
        \       \"type\": \"Microsoft.Network/privateLinkServices/ipConfigurations\",\r\n
        \       \"properties\": {\r\n          \"provisioningState\": \"Succeeded\",\r\n
        \         \"privateIPAllocationMethod\": \"Dynamic\",\r\n          \"subnet\":
        {\r\n            \"id\": \"/subscriptions/00000000-0000-0000-0000-000000000000/resourceGroups/cli_test_network_private_endpoints000001/providers/Microsoft.Network/virtualNetworks/vnet1/subnets/subnet1\"\r\n
        \         },\r\n          \"primary\": true,\r\n          \"privateIPAddressVersion\":
        \"IPv4\"\r\n        }\r\n      }\r\n    ],\r\n    \"privateEndpointConnections\":
        [],\r\n    \"networkInterfaces\": [\r\n      {\r\n        \"id\": \"/subscriptions/00000000-0000-0000-0000-000000000000/resourceGroups/cli_test_network_private_endpoints000001/providers/Microsoft.Network/networkInterfaces/lks1.nic.f4c72174-3d39-4062-abd4-e6a9a607721d\"\r\n
        \     }\r\n    ]\r\n  }\r\n}"
    headers:
      cache-control:
      - no-cache
      content-length:
      - '2254'
      content-type:
      - application/json; charset=utf-8
      date:
      - Wed, 03 Nov 2021 04:26:23 GMT
      etag:
      - W/"3beb4147-4253-4845-9fd7-9ce37c89a791"
      expires:
      - '-1'
      pragma:
      - no-cache
      server:
      - Microsoft-HTTPAPI/2.0
      - Microsoft-HTTPAPI/2.0
      strict-transport-security:
      - max-age=31536000; includeSubDomains
      transfer-encoding:
      - chunked
      vary:
      - Accept-Encoding
      x-content-type-options:
      - nosniff
      x-ms-arm-service-request-id:
      - 14899436-1591-4645-b051-553c63d48d07
    status:
      code: 200
      message: OK
- request:
    body: null
    headers:
      Accept:
      - application/json
      Accept-Encoding:
      - gzip, deflate
      CommandName:
      - network private-endpoint list-types
      Connection:
      - keep-alive
      ParameterSetName:
      - -l
      User-Agent:
      - AZURECLI/2.30.0 azsdk-python-azure-mgmt-network/19.2.0 Python/3.8.3 (Windows-10-10.0.18362-SP0)
    method: GET
    uri: https://management.azure.com/subscriptions/00000000-0000-0000-0000-000000000000/providers/Microsoft.Network/locations/centralus/availablePrivateEndpointTypes?api-version=2021-05-01
  response:
    body:
      string: "{\r\n  \"value\": [\r\n    {\r\n      \"name\": \"Microsoft.DocumentDB.databaseAccounts\",\r\n
        \     \"id\": \"/subscriptions/00000000-0000-0000-0000-000000000000/providers/Microsoft.Network/AvailablePrivateEndpointTypes/Microsoft.DocumentDB.databaseAccounts\",\r\n
        \     \"type\": \"Microsoft.Network/AvailablePrivateEndpointTypes\",\r\n      \"resourceName\":
        \"Microsoft.DocumentDB/databaseAccounts\",\r\n      \"displayName\": \"Microsoft.AzureCosmosDB/databaseAccounts\",\r\n
        \     \"apiVersion\": \"2016-03-31\"\r\n    },\r\n    {\r\n      \"name\":
        \"Microsoft.Sql.servers\",\r\n      \"id\": \"/subscriptions/00000000-0000-0000-0000-000000000000/providers/Microsoft.Network/AvailablePrivateEndpointTypes/Microsoft.Sql.servers\",\r\n
        \     \"type\": \"Microsoft.Network/AvailablePrivateEndpointTypes\",\r\n      \"resourceName\":
        \"Microsoft.Sql/servers\",\r\n      \"displayName\": \"Microsoft.Sql/servers\",\r\n
        \     \"apiVersion\": \"2018-06-01-preview\"\r\n    },\r\n    {\r\n      \"name\":
        \"Microsoft.Network.privateLinkServices\",\r\n      \"id\": \"/subscriptions/00000000-0000-0000-0000-000000000000/providers/Microsoft.Network/AvailablePrivateEndpointTypes/Microsoft.Network.privateLinkServices\",\r\n
        \     \"type\": \"Microsoft.Network/AvailablePrivateEndpointTypes\",\r\n      \"resourceName\":
        \"Microsoft.Network/privateLinkServices\",\r\n      \"displayName\": \"Microsoft.Network/privateLinkServices\",\r\n
        \     \"apiVersion\": \"2018-08-01\"\r\n    },\r\n    {\r\n      \"name\":
        \"Microsoft.Web.sites\",\r\n      \"id\": \"/subscriptions/00000000-0000-0000-0000-000000000000/providers/Microsoft.Network/AvailablePrivateEndpointTypes/Microsoft.Web.sites\",\r\n
        \     \"type\": \"Microsoft.Network/AvailablePrivateEndpointTypes\",\r\n      \"resourceName\":
        \"Microsoft.Web/sites\",\r\n      \"displayName\": \"Microsoft.Web/sites\",\r\n
        \     \"apiVersion\": \"2018-11-01\"\r\n    },\r\n    {\r\n      \"name\":
        \"Microsoft.Web.hostingEnvironments\",\r\n      \"id\": \"/subscriptions/00000000-0000-0000-0000-000000000000/providers/Microsoft.Network/AvailablePrivateEndpointTypes/Microsoft.Web.hostingEnvironments\",\r\n
        \     \"type\": \"Microsoft.Network/AvailablePrivateEndpointTypes\",\r\n      \"resourceName\":
        \"Microsoft.Web/hostingEnvironments\",\r\n      \"displayName\": \"Microsoft.Web/hostingEnvironments\",\r\n
        \     \"apiVersion\": \"2019-01-01\"\r\n    },\r\n    {\r\n      \"name\":
        \"Microsoft.Storage.storageAccounts\",\r\n      \"id\": \"/subscriptions/00000000-0000-0000-0000-000000000000/providers/Microsoft.Network/AvailablePrivateEndpointTypes/Microsoft.Storage.storageAccounts\",\r\n
        \     \"type\": \"Microsoft.Network/AvailablePrivateEndpointTypes\",\r\n      \"resourceName\":
        \"Microsoft.Storage/storageAccounts\",\r\n      \"displayName\": \"Microsoft.Storage/storageAccounts\",\r\n
        \     \"apiVersion\": \"2019-04-01\"\r\n    },\r\n    {\r\n      \"name\":
        \"Microsoft.DBforPostgreSQL.servers\",\r\n      \"id\": \"/subscriptions/00000000-0000-0000-0000-000000000000/providers/Microsoft.Network/AvailablePrivateEndpointTypes/Microsoft.DBforPostgreSQL.servers\",\r\n
        \     \"type\": \"Microsoft.Network/AvailablePrivateEndpointTypes\",\r\n      \"resourceName\":
        \"Microsoft.DBforPostgreSQL/servers\",\r\n      \"displayName\": \"Microsoft.DBforPostgreSQL/servers\",\r\n
        \     \"apiVersion\": \"2018-06-01\"\r\n    },\r\n    {\r\n      \"name\":
        \"Microsoft.DBforMySQL.servers\",\r\n      \"id\": \"/subscriptions/00000000-0000-0000-0000-000000000000/providers/Microsoft.Network/AvailablePrivateEndpointTypes/Microsoft.DBforMySQL.servers\",\r\n
        \     \"type\": \"Microsoft.Network/AvailablePrivateEndpointTypes\",\r\n      \"resourceName\":
        \"Microsoft.DBforMySQL/servers\",\r\n      \"displayName\": \"Microsoft.DBforMySQL/servers\",\r\n
        \     \"apiVersion\": \"2018-06-01\"\r\n    },\r\n    {\r\n      \"name\":
        \"Microsoft.DBforMariaDB.servers\",\r\n      \"id\": \"/subscriptions/00000000-0000-0000-0000-000000000000/providers/Microsoft.Network/AvailablePrivateEndpointTypes/Microsoft.DBforMariaDB.servers\",\r\n
        \     \"type\": \"Microsoft.Network/AvailablePrivateEndpointTypes\",\r\n      \"resourceName\":
        \"Microsoft.DBforMariaDB/servers\",\r\n      \"displayName\": \"Microsoft.DBforMariaDB/servers\",\r\n
        \     \"apiVersion\": \"2018-06-01\"\r\n    },\r\n    {\r\n      \"name\":
        \"Microsoft.KeyVault.vaults\",\r\n      \"id\": \"/subscriptions/00000000-0000-0000-0000-000000000000/providers/Microsoft.Network/AvailablePrivateEndpointTypes/Microsoft.KeyVault.vaults\",\r\n
        \     \"type\": \"Microsoft.Network/AvailablePrivateEndpointTypes\",\r\n      \"resourceName\":
        \"Microsoft.KeyVault/vaults\",\r\n      \"displayName\": \"Microsoft.KeyVault/vaults\",\r\n
        \     \"apiVersion\": \"2018-02-14\"\r\n    },\r\n    {\r\n      \"name\":
        \"Microsoft.Synapse.workspaces\",\r\n      \"id\": \"/subscriptions/00000000-0000-0000-0000-000000000000/providers/Microsoft.Network/AvailablePrivateEndpointTypes/Microsoft.Synapse.workspaces\",\r\n
        \     \"type\": \"Microsoft.Network/AvailablePrivateEndpointTypes\",\r\n      \"resourceName\":
        \"Microsoft.Synapse/workspaces\",\r\n      \"displayName\": \"Microsoft.Synapse/workspaces\",\r\n
        \     \"apiVersion\": \"2019-06-01-preview\"\r\n    },\r\n    {\r\n      \"name\":
        \"Microsoft.AppConfiguration.configurationStores\",\r\n      \"id\": \"/subscriptions/00000000-0000-0000-0000-000000000000/providers/Microsoft.Network/AvailablePrivateEndpointTypes/Microsoft.AppConfiguration.configurationStores\",\r\n
        \     \"type\": \"Microsoft.Network/AvailablePrivateEndpointTypes\",\r\n      \"resourceName\":
        \"Microsoft.AppConfiguration/configurationStores\",\r\n      \"displayName\":
        \"Microsoft.AppConfiguration/configurationStores\",\r\n      \"apiVersion\":
        \"2020-06-01\"\r\n    },\r\n    {\r\n      \"name\": \"Microsoft.Search.searchServices\",\r\n
        \     \"id\": \"/subscriptions/00000000-0000-0000-0000-000000000000/providers/Microsoft.Network/AvailablePrivateEndpointTypes/Microsoft.Search.searchServices\",\r\n
        \     \"type\": \"Microsoft.Network/AvailablePrivateEndpointTypes\",\r\n      \"resourceName\":
        \"Microsoft.Search/searchServices\",\r\n      \"displayName\": \"Microsoft.Search/searchServices\",\r\n
        \     \"apiVersion\": \"2019-10-01-preview\"\r\n    },\r\n    {\r\n      \"name\":
        \"Microsoft.ContainerService.managedClusters\",\r\n      \"id\": \"/subscriptions/00000000-0000-0000-0000-000000000000/providers/Microsoft.Network/AvailablePrivateEndpointTypes/Microsoft.ContainerService.managedClusters\",\r\n
        \     \"type\": \"Microsoft.Network/AvailablePrivateEndpointTypes\",\r\n      \"resourceName\":
        \"Microsoft.ContainerService/managedClusters\",\r\n      \"displayName\":
        \"Microsoft.ContainerService/managedClusters\",\r\n      \"apiVersion\": \"2020-09-01\"\r\n
        \   },\r\n    {\r\n      \"name\": \"Microsoft.Attestation.attestationProviders\",\r\n
        \     \"id\": \"/subscriptions/00000000-0000-0000-0000-000000000000/providers/Microsoft.Network/AvailablePrivateEndpointTypes/Microsoft.Attestation.attestationProviders\",\r\n
        \     \"type\": \"Microsoft.Network/AvailablePrivateEndpointTypes\",\r\n      \"resourceName\":
        \"Microsoft.Attestation/attestationProviders\",\r\n      \"displayName\":
        \"Microsoft.Attestation/attestationProviders\",\r\n      \"apiVersion\": \"2018-09-01-preview\"\r\n
        \   },\r\n    {\r\n      \"name\": \"Microsoft.Devices.IotHubs\",\r\n      \"id\":
        \"/subscriptions/00000000-0000-0000-0000-000000000000/providers/Microsoft.Network/AvailablePrivateEndpointTypes/Microsoft.Devices.IotHubs\",\r\n
        \     \"type\": \"Microsoft.Network/AvailablePrivateEndpointTypes\",\r\n      \"resourceName\":
        \"Microsoft.Devices/IotHubs\",\r\n      \"displayName\": \"Microsoft.Devices/IotHubs\",\r\n
        \     \"apiVersion\": \"2020-03-01\"\r\n    },\r\n    {\r\n      \"name\":
        \"Microsoft.Cache.Redis\",\r\n      \"id\": \"/subscriptions/00000000-0000-0000-0000-000000000000/providers/Microsoft.Network/AvailablePrivateEndpointTypes/Microsoft.Cache.Redis\",\r\n
        \     \"type\": \"Microsoft.Network/AvailablePrivateEndpointTypes\",\r\n      \"resourceName\":
        \"Microsoft.Cache/Redis\",\r\n      \"displayName\": \"Microsoft.Cache/Redis\",\r\n
        \     \"apiVersion\": \"2019-07-01\"\r\n    },\r\n    {\r\n      \"name\":
        \"Microsoft.OperationalInsights.Workspaces\",\r\n      \"id\": \"/subscriptions/00000000-0000-0000-0000-000000000000/providers/Microsoft.Network/AvailablePrivateEndpointTypes/Microsoft.OperationalInsights.Workspaces\",\r\n
        \     \"type\": \"Microsoft.Network/AvailablePrivateEndpointTypes\",\r\n      \"resourceName\":
        \"Microsoft.OperationalInsights/Workspaces\",\r\n      \"displayName\": \"Microsoft.OperationalInsights/Workspaces\",\r\n
        \     \"apiVersion\": \"2015-11-01-preview\"\r\n    },\r\n    {\r\n      \"name\":
        \"Microsoft.SignalRService.SignalR\",\r\n      \"id\": \"/subscriptions/00000000-0000-0000-0000-000000000000/providers/Microsoft.Network/AvailablePrivateEndpointTypes/Microsoft.SignalRService.SignalR\",\r\n
        \     \"type\": \"Microsoft.Network/AvailablePrivateEndpointTypes\",\r\n      \"resourceName\":
        \"Microsoft.SignalRService/SignalR\",\r\n      \"displayName\": \"Microsoft.SignalRService/SignalR\",\r\n
        \     \"apiVersion\": \"2018-10-01\"\r\n    },\r\n    {\r\n      \"name\":
        \"Microsoft.MachineLearningServices.workspaces\",\r\n      \"id\": \"/subscriptions/00000000-0000-0000-0000-000000000000/providers/Microsoft.Network/AvailablePrivateEndpointTypes/Microsoft.MachineLearningServices.workspaces\",\r\n
        \     \"type\": \"Microsoft.Network/AvailablePrivateEndpointTypes\",\r\n      \"resourceName\":
        \"Microsoft.MachineLearningServices/workspaces\",\r\n      \"displayName\":
        \"Microsoft.MachineLearningServices/workspaces\",\r\n      \"apiVersion\":
        \"2020-01-01\"\r\n    },\r\n    {\r\n      \"name\": \"Microsoft.Batch.batchAccounts\",\r\n
        \     \"id\": \"/subscriptions/00000000-0000-0000-0000-000000000000/providers/Microsoft.Network/AvailablePrivateEndpointTypes/Microsoft.Batch.batchAccounts\",\r\n
        \     \"type\": \"Microsoft.Network/AvailablePrivateEndpointTypes\",\r\n      \"resourceName\":
        \"Microsoft.Batch/batchAccounts\",\r\n      \"displayName\": \"Microsoft.Batch/batchAccounts\",\r\n
        \     \"apiVersion\": \"2020-03-01-preview\"\r\n    },\r\n    {\r\n      \"name\":
        \"Microsoft.Insights.components\",\r\n      \"id\": \"/subscriptions/00000000-0000-0000-0000-000000000000/providers/Microsoft.Network/AvailablePrivateEndpointTypes/Microsoft.Insights.components\",\r\n
        \     \"type\": \"Microsoft.Network/AvailablePrivateEndpointTypes\",\r\n      \"resourceName\":
        \"Microsoft.Insights/components\",\r\n      \"displayName\": \"Microsoft.Insights/components\",\r\n
        \     \"apiVersion\": \"2018-05-01-preview\"\r\n    },\r\n    {\r\n      \"name\":
        \"Microsoft.ContainerRegistry.registries\",\r\n      \"id\": \"/subscriptions/00000000-0000-0000-0000-000000000000/providers/Microsoft.Network/AvailablePrivateEndpointTypes/Microsoft.ContainerRegistry.registries\",\r\n
        \     \"type\": \"Microsoft.Network/AvailablePrivateEndpointTypes\",\r\n      \"resourceName\":
        \"Microsoft.ContainerRegistry/registries\",\r\n      \"displayName\": \"Microsoft.ContainerRegistry/registries\",\r\n
        \     \"apiVersion\": \"2019-12-01-preview\"\r\n    },\r\n    {\r\n      \"name\":
        \"Microsoft.Automation.automationPrivateLinkServices\",\r\n      \"id\": \"/subscriptions/00000000-0000-0000-0000-000000000000/providers/Microsoft.Network/AvailablePrivateEndpointTypes/Microsoft.Automation.automationPrivateLinkServices\",\r\n
        \     \"type\": \"Microsoft.Network/AvailablePrivateEndpointTypes\",\r\n      \"resourceName\":
        \"Microsoft.Automation/automationPrivateLinkServices\",\r\n      \"displayName\":
        \"Microsoft.Automation/automationPrivateLinkServices\",\r\n      \"apiVersion\":
        \"2020-01-13-preview\"\r\n    },\r\n    {\r\n      \"name\": \"Microsoft.RecoveryServices.vaults\",\r\n
        \     \"id\": \"/subscriptions/00000000-0000-0000-0000-000000000000/providers/Microsoft.Network/AvailablePrivateEndpointTypes/Microsoft.RecoveryServices.vaults\",\r\n
        \     \"type\": \"Microsoft.Network/AvailablePrivateEndpointTypes\",\r\n      \"resourceName\":
        \"Microsoft.RecoveryServices/vaults\",\r\n      \"displayName\": \"Microsoft.RecoveryServices/vaults\",\r\n
        \     \"apiVersion\": \"2020-02-02-preview\"\r\n    },\r\n    {\r\n      \"name\":
        \"Microsoft.EventGrid.topics\",\r\n      \"id\": \"/subscriptions/00000000-0000-0000-0000-000000000000/providers/Microsoft.Network/AvailablePrivateEndpointTypes/Microsoft.EventGrid.topics\",\r\n
        \     \"type\": \"Microsoft.Network/AvailablePrivateEndpointTypes\",\r\n      \"resourceName\":
        \"Microsoft.EventGrid/topics\",\r\n      \"displayName\": \"Microsoft.EventGrid/topics\",\r\n
        \     \"apiVersion\": \"2020-04-01-preview\"\r\n    },\r\n    {\r\n      \"name\":
        \"Microsoft.EventGrid.domains\",\r\n      \"id\": \"/subscriptions/00000000-0000-0000-0000-000000000000/providers/Microsoft.Network/AvailablePrivateEndpointTypes/Microsoft.EventGrid.domains\",\r\n
        \     \"type\": \"Microsoft.Network/AvailablePrivateEndpointTypes\",\r\n      \"resourceName\":
        \"Microsoft.EventGrid/domains\",\r\n      \"displayName\": \"Microsoft.EventGrid/domains\",\r\n
        \     \"apiVersion\": \"2020-04-01-preview\"\r\n    },\r\n    {\r\n      \"name\":
        \"Microsoft.EventHub.namespaces\",\r\n      \"id\": \"/subscriptions/00000000-0000-0000-0000-000000000000/providers/Microsoft.Network/AvailablePrivateEndpointTypes/Microsoft.EventHub.namespaces\",\r\n
        \     \"type\": \"Microsoft.Network/AvailablePrivateEndpointTypes\",\r\n      \"resourceName\":
        \"Microsoft.EventHub/namespaces\",\r\n      \"displayName\": \"Microsoft.EventHub/namespaces\",\r\n
        \     \"apiVersion\": \"2018-01-01-preview\"\r\n    },\r\n    {\r\n      \"name\":
        \"Microsoft.ServiceBus.namespaces\",\r\n      \"id\": \"/subscriptions/00000000-0000-0000-0000-000000000000/providers/Microsoft.Network/AvailablePrivateEndpointTypes/Microsoft.ServiceBus.namespaces\",\r\n
        \     \"type\": \"Microsoft.Network/AvailablePrivateEndpointTypes\",\r\n      \"resourceName\":
        \"Microsoft.ServiceBus/namespaces\",\r\n      \"displayName\": \"Microsoft.ServiceBus/namespaces\",\r\n
        \     \"apiVersion\": \"2018-01-01-preview\"\r\n    },\r\n    {\r\n      \"name\":
        \"Microsoft.Relay.namespaces\",\r\n      \"id\": \"/subscriptions/00000000-0000-0000-0000-000000000000/providers/Microsoft.Network/AvailablePrivateEndpointTypes/Microsoft.Relay.namespaces\",\r\n
        \     \"type\": \"Microsoft.Network/AvailablePrivateEndpointTypes\",\r\n      \"resourceName\":
        \"Microsoft.Relay/namespaces\",\r\n      \"displayName\": \"Microsoft.Relay/namespaces\",\r\n
        \     \"apiVersion\": \"2018-01-01-preview\"\r\n    },\r\n    {\r\n      \"name\":
        \"Microsoft.StorageSync.storageSyncServices\",\r\n      \"id\": \"/subscriptions/00000000-0000-0000-0000-000000000000/providers/Microsoft.Network/AvailablePrivateEndpointTypes/Microsoft.StorageSync.storageSyncServices\",\r\n
        \     \"type\": \"Microsoft.Network/AvailablePrivateEndpointTypes\",\r\n      \"resourceName\":
        \"Microsoft.StorageSync/storageSyncServices\",\r\n      \"displayName\": \"Microsoft.StorageSync/storageSyncServices\",\r\n
        \     \"apiVersion\": \"2020-03-01\"\r\n    },\r\n    {\r\n      \"name\":
        \"Microsoft.StorageSyncDev.storageSyncServices\",\r\n      \"id\": \"/subscriptions/00000000-0000-0000-0000-000000000000/providers/Microsoft.Network/AvailablePrivateEndpointTypes/Microsoft.StorageSyncDev.storageSyncServices\",\r\n
        \     \"type\": \"Microsoft.Network/AvailablePrivateEndpointTypes\",\r\n      \"resourceName\":
        \"Microsoft.StorageSyncDev/storageSyncServices\",\r\n      \"displayName\":
        \"Microsoft.StorageSyncDev/storageSyncServices\",\r\n      \"apiVersion\":
        \"2020-03-01\"\r\n    },\r\n    {\r\n      \"name\": \"Microsoft.StorageSyncInt.storageSyncServices\",\r\n
        \     \"id\": \"/subscriptions/00000000-0000-0000-0000-000000000000/providers/Microsoft.Network/AvailablePrivateEndpointTypes/Microsoft.StorageSyncInt.storageSyncServices\",\r\n
        \     \"type\": \"Microsoft.Network/AvailablePrivateEndpointTypes\",\r\n      \"resourceName\":
        \"Microsoft.StorageSyncInt/storageSyncServices\",\r\n      \"displayName\":
        \"Microsoft.StorageSyncInt/storageSyncServices\",\r\n      \"apiVersion\":
        \"2020-03-01\"\r\n    },\r\n    {\r\n      \"name\": \"Microsoft.Notebooks.notebookProxy\",\r\n
        \     \"id\": \"/subscriptions/00000000-0000-0000-0000-000000000000/providers/Microsoft.Network/AvailablePrivateEndpointTypes/Microsoft.Notebooks.notebookProxy\",\r\n
        \     \"type\": \"Microsoft.Network/AvailablePrivateEndpointTypes\",\r\n      \"resourceName\":
        \"Microsoft.Notebooks/notebookProxy\",\r\n      \"displayName\": \"Microsoft.Notebooks/notebookProxy\",\r\n
        \     \"apiVersion\": \"2019-10-11-preview\"\r\n    },\r\n    {\r\n      \"name\":
        \"Microsoft.HealthcareApis.services\",\r\n      \"id\": \"/subscriptions/00000000-0000-0000-0000-000000000000/providers/Microsoft.Network/AvailablePrivateEndpointTypes/Microsoft.HealthcareApis.services\",\r\n
        \     \"type\": \"Microsoft.Network/AvailablePrivateEndpointTypes\",\r\n      \"resourceName\":
        \"Microsoft.HealthcareApis/services\",\r\n      \"displayName\": \"Microsoft.HealthcareApis/services\",\r\n
        \     \"apiVersion\": \"2020-03-30\"\r\n    },\r\n    {\r\n      \"name\":
        \"Microsoft.Automation.automationAccounts\",\r\n      \"id\": \"/subscriptions/00000000-0000-0000-0000-000000000000/providers/Microsoft.Network/AvailablePrivateEndpointTypes/Microsoft.Automation.automationAccounts\",\r\n
        \     \"type\": \"Microsoft.Network/AvailablePrivateEndpointTypes\",\r\n      \"resourceName\":
        \"Microsoft.Automation/automationAccounts\",\r\n      \"displayName\": \"Microsoft.Automation/automationAccounts\",\r\n
        \     \"apiVersion\": \"2020-01-13-preview\"\r\n    },\r\n    {\r\n      \"name\":
        \"Microsoft.Insights.privateLinkScopes\",\r\n      \"id\": \"/subscriptions/00000000-0000-0000-0000-000000000000/providers/Microsoft.Network/AvailablePrivateEndpointTypes/Microsoft.Insights.privateLinkScopes\",\r\n
        \     \"type\": \"Microsoft.Network/AvailablePrivateEndpointTypes\",\r\n      \"resourceName\":
        \"Microsoft.Insights/privateLinkScopes\",\r\n      \"displayName\": \"Microsoft.Insights/privateLinkScopes\",\r\n
        \     \"apiVersion\": \"2019-10-17-preview\"\r\n    },\r\n    {\r\n      \"name\":
        \"Microsoft.CognitiveServices.accounts\",\r\n      \"id\": \"/subscriptions/00000000-0000-0000-0000-000000000000/providers/Microsoft.Network/AvailablePrivateEndpointTypes/Microsoft.CognitiveServices.accounts\",\r\n
        \     \"type\": \"Microsoft.Network/AvailablePrivateEndpointTypes\",\r\n      \"resourceName\":
        \"Microsoft.CognitiveServices/accounts\",\r\n      \"displayName\": \"Microsoft.CognitiveServices/accounts\",\r\n
        \     \"apiVersion\": \"2017-04-18\"\r\n    },\r\n    {\r\n      \"name\":
        \"Microsoft.Compute.diskAccesses\",\r\n      \"id\": \"/subscriptions/00000000-0000-0000-0000-000000000000/providers/Microsoft.Network/AvailablePrivateEndpointTypes/Microsoft.Compute.diskAccesses\",\r\n
        \     \"type\": \"Microsoft.Network/AvailablePrivateEndpointTypes\",\r\n      \"resourceName\":
        \"Microsoft.Compute/diskAccesses\",\r\n      \"displayName\": \"Microsoft.Compute/diskAccesses\",\r\n
        \     \"apiVersion\": \"2020-05-01\"\r\n    },\r\n    {\r\n      \"name\":
        \"Microsoft.Network.applicationgateways\",\r\n      \"id\": \"/subscriptions/00000000-0000-0000-0000-000000000000/providers/Microsoft.Network/AvailablePrivateEndpointTypes/Microsoft.Network.applicationgateways\",\r\n
        \     \"type\": \"Microsoft.Network/AvailablePrivateEndpointTypes\",\r\n      \"resourceName\":
        \"Microsoft.Network/applicationgateways\",\r\n      \"displayName\": \"Microsoft.Network/applicationgateways\",\r\n
        \     \"apiVersion\": \"2020-03-01\"\r\n    },\r\n    {\r\n      \"name\":
        \"Microsoft.Media.mediaservices\",\r\n      \"id\": \"/subscriptions/00000000-0000-0000-0000-000000000000/providers/Microsoft.Network/AvailablePrivateEndpointTypes/Microsoft.Media.mediaservices\",\r\n
        \     \"type\": \"Microsoft.Network/AvailablePrivateEndpointTypes\",\r\n      \"resourceName\":
        \"Microsoft.Media/mediaservices\",\r\n      \"displayName\": \"Microsoft.Media/mediaservices\",\r\n
        \     \"apiVersion\": \"2020-05-01\"\r\n    },\r\n    {\r\n      \"name\":
        \"Microsoft.Databricks.workspaces\",\r\n      \"id\": \"/subscriptions/00000000-0000-0000-0000-000000000000/providers/Microsoft.Network/AvailablePrivateEndpointTypes/Microsoft.Databricks.workspaces\",\r\n
        \     \"type\": \"Microsoft.Network/AvailablePrivateEndpointTypes\",\r\n      \"resourceName\":
        \"Microsoft.Databricks/workspaces\",\r\n      \"displayName\": \"Microsoft.Databricks/workspaces\",\r\n
        \     \"apiVersion\": \"2018-04-01\"\r\n    },\r\n    {\r\n      \"name\":
        \"Microsoft.SQL.managedInstances\",\r\n      \"id\": \"/subscriptions/00000000-0000-0000-0000-000000000000/providers/Microsoft.Network/AvailablePrivateEndpointTypes/Microsoft.SQL.managedInstances\",\r\n
        \     \"type\": \"Microsoft.Network/AvailablePrivateEndpointTypes\",\r\n      \"resourceName\":
        \"Microsoft.SQL/managedInstances\",\r\n      \"displayName\": \"Microsoft.Sql/managedInstances\",\r\n
        \     \"apiVersion\": \"2019-06-01-preview\"\r\n    },\r\n    {\r\n      \"name\":
        \"Microsoft.aadiam.privateLinkForAzureAD\",\r\n      \"id\": \"/subscriptions/00000000-0000-0000-0000-000000000000/providers/Microsoft.Network/AvailablePrivateEndpointTypes/Microsoft.aadiam.privateLinkForAzureAD\",\r\n
        \     \"type\": \"Microsoft.Network/AvailablePrivateEndpointTypes\",\r\n      \"resourceName\":
        \"Microsoft.aadiam/privateLinkForAzureAD\",\r\n      \"displayName\": \"Microsoft.aadiam/privateLinkForAzureAD\",\r\n
        \     \"apiVersion\": \"2020-03-01\"\r\n    },\r\n    {\r\n      \"name\":
        \"Microsoft.DevSpaces.privateLinks\",\r\n      \"id\": \"/subscriptions/00000000-0000-0000-0000-000000000000/providers/Microsoft.Network/AvailablePrivateEndpointTypes/Microsoft.DevSpaces.privateLinks\",\r\n
        \     \"type\": \"Microsoft.Network/AvailablePrivateEndpointTypes\",\r\n      \"resourceName\":
        \"Microsoft.DevSpaces/privateLinks\",\r\n      \"displayName\": \"Microsoft.DevSpaces/privateLinks\",\r\n
        \     \"apiVersion\": \"2020-05-01\"\r\n    },\r\n    {\r\n      \"name\":
        \"Microsoft.Migrate.assessmentProjects\",\r\n      \"id\": \"/subscriptions/00000000-0000-0000-0000-000000000000/providers/Microsoft.Network/AvailablePrivateEndpointTypes/Microsoft.Migrate.assessmentProjects\",\r\n
        \     \"type\": \"Microsoft.Network/AvailablePrivateEndpointTypes\",\r\n      \"resourceName\":
        \"Microsoft.Migrate/assessmentProjects\",\r\n      \"displayName\": \"Microsoft.Migrate/assessmentProjects\",\r\n
        \     \"apiVersion\": \"2020-05-01-preview\"\r\n    },\r\n    {\r\n      \"name\":
        \"Microsoft.Migrate.migrateProjects\",\r\n      \"id\": \"/subscriptions/00000000-0000-0000-0000-000000000000/providers/Microsoft.Network/AvailablePrivateEndpointTypes/Microsoft.Migrate.migrateProjects\",\r\n
        \     \"type\": \"Microsoft.Network/AvailablePrivateEndpointTypes\",\r\n      \"resourceName\":
        \"Microsoft.Migrate/migrateProjects\",\r\n      \"displayName\": \"Microsoft.Migrate/migrateProjects\",\r\n
        \     \"apiVersion\": \"2020-06-01-preview\"\r\n    },\r\n    {\r\n      \"name\":
        \"Microsoft.OffAzure.vmwaresites\",\r\n      \"id\": \"/subscriptions/00000000-0000-0000-0000-000000000000/providers/Microsoft.Network/AvailablePrivateEndpointTypes/Microsoft.OffAzure.vmwaresites\",\r\n
        \     \"type\": \"Microsoft.Network/AvailablePrivateEndpointTypes\",\r\n      \"resourceName\":
        \"Microsoft.OffAzure/vmwaresites\",\r\n      \"displayName\": \"Microsoft.OffAzure/vmwaresites\",\r\n
        \     \"apiVersion\": \"2020-05-01-preview\"\r\n    },\r\n    {\r\n      \"name\":
        \"Microsoft.OffAzure.hypervsites\",\r\n      \"id\": \"/subscriptions/00000000-0000-0000-0000-000000000000/providers/Microsoft.Network/AvailablePrivateEndpointTypes/Microsoft.OffAzure.hypervsites\",\r\n
        \     \"type\": \"Microsoft.Network/AvailablePrivateEndpointTypes\",\r\n      \"resourceName\":
        \"Microsoft.OffAzure/hypervsites\",\r\n      \"displayName\": \"Microsoft.OffAzure/hypervsites\",\r\n
        \     \"apiVersion\": \"2020-05-01-preview\"\r\n    },\r\n    {\r\n      \"name\":
        \"Microsoft.OffAzure.serversites\",\r\n      \"id\": \"/subscriptions/00000000-0000-0000-0000-000000000000/providers/Microsoft.Network/AvailablePrivateEndpointTypes/Microsoft.OffAzure.serversites\",\r\n
        \     \"type\": \"Microsoft.Network/AvailablePrivateEndpointTypes\",\r\n      \"resourceName\":
        \"Microsoft.OffAzure/serversites\",\r\n      \"displayName\": \"Microsoft.OffAzure/serversites\",\r\n
        \     \"apiVersion\": \"2020-05-01-preview\"\r\n    },\r\n    {\r\n      \"name\":
        \"Microsoft.OffAzure.importsites\",\r\n      \"id\": \"/subscriptions/00000000-0000-0000-0000-000000000000/providers/Microsoft.Network/AvailablePrivateEndpointTypes/Microsoft.OffAzure.importsites\",\r\n
        \     \"type\": \"Microsoft.Network/AvailablePrivateEndpointTypes\",\r\n      \"resourceName\":
        \"Microsoft.OffAzure/importsites\",\r\n      \"displayName\": \"Microsoft.OffAzure/importsites\",\r\n
        \     \"apiVersion\": \"2020-01-01-preview\"\r\n    },\r\n    {\r\n      \"name\":
        \"Microsoft.MixedReality.spatialAnchorsAccounts\",\r\n      \"id\": \"/subscriptions/00000000-0000-0000-0000-000000000000/providers/Microsoft.Network/AvailablePrivateEndpointTypes/Microsoft.MixedReality.spatialAnchorsAccounts\",\r\n
        \     \"type\": \"Microsoft.Network/AvailablePrivateEndpointTypes\",\r\n      \"resourceName\":
        \"Microsoft.MixedReality/spatialAnchorsAccounts\",\r\n      \"displayName\":
        \"Microsoft.MixedReality/spatialAnchorsAccounts\",\r\n      \"apiVersion\":
        \"2019-12-02-preview\"\r\n    },\r\n    {\r\n      \"name\": \"Microsoft.DataFactory.factories\",\r\n
        \     \"id\": \"/subscriptions/00000000-0000-0000-0000-000000000000/providers/Microsoft.Network/AvailablePrivateEndpointTypes/Microsoft.DataFactory.factories\",\r\n
        \     \"type\": \"Microsoft.Network/AvailablePrivateEndpointTypes\",\r\n      \"resourceName\":
        \"Microsoft.DataFactory/factories\",\r\n      \"displayName\": \"Microsoft.DataFactory/factories\",\r\n
        \     \"apiVersion\": \"2018-06-01\"\r\n    },\r\n    {\r\n      \"name\":
        \"Microsoft.Authorization.resourceManagementPrivateLinks\",\r\n      \"id\":
        \"/subscriptions/00000000-0000-0000-0000-000000000000/providers/Microsoft.Network/AvailablePrivateEndpointTypes/Microsoft.Authorization.resourceManagementPrivateLinks\",\r\n
        \     \"type\": \"Microsoft.Network/AvailablePrivateEndpointTypes\",\r\n      \"resourceName\":
        \"Microsoft.Authorization/resourceManagementPrivateLinks\",\r\n      \"displayName\":
        \"Microsoft.Authorization/resourceManagementPrivateLinks\",\r\n      \"apiVersion\":
        \"2020-05-01\"\r\n    },\r\n    {\r\n      \"name\": \"Microsoft.ProjectBabylon.accounts\",\r\n
        \     \"id\": \"/subscriptions/00000000-0000-0000-0000-000000000000/providers/Microsoft.Network/AvailablePrivateEndpointTypes/Microsoft.ProjectBabylon.accounts\",\r\n
        \     \"type\": \"Microsoft.Network/AvailablePrivateEndpointTypes\",\r\n      \"resourceName\":
        \"Microsoft.ProjectBabylon/accounts\",\r\n      \"displayName\": \"Microsoft.ProjectBabylon/accounts\",\r\n
        \     \"apiVersion\": \"2019-10-01-preview\"\r\n    },\r\n    {\r\n      \"name\":
        \"Microsoft.Devices.ProvisioningServices\",\r\n      \"id\": \"/subscriptions/00000000-0000-0000-0000-000000000000/providers/Microsoft.Network/AvailablePrivateEndpointTypes/Microsoft.Devices.ProvisioningServices\",\r\n
        \     \"type\": \"Microsoft.Network/AvailablePrivateEndpointTypes\",\r\n      \"resourceName\":
        \"Microsoft.Devices/ProvisioningServices\",\r\n      \"displayName\": \"Microsoft.Devices/ProvisioningServices\",\r\n
        \     \"apiVersion\": \"2020-03-01\"\r\n    },\r\n    {\r\n      \"name\":
        \"Microsoft.Synapse.privateLinkHubs\",\r\n      \"id\": \"/subscriptions/00000000-0000-0000-0000-000000000000/providers/Microsoft.Network/AvailablePrivateEndpointTypes/Microsoft.Synapse.privateLinkHubs\",\r\n
        \     \"type\": \"Microsoft.Network/AvailablePrivateEndpointTypes\",\r\n      \"resourceName\":
        \"Microsoft.Synapse/privateLinkHubs\",\r\n      \"displayName\": \"Microsoft.Synapse/privateLinkHubs\",\r\n
        \     \"apiVersion\": \"2019-06-01-preview\"\r\n    },\r\n    {\r\n      \"name\":
        \"Microsoft.PowerBI.privateLinkServicesForPowerBI\",\r\n      \"id\": \"/subscriptions/00000000-0000-0000-0000-000000000000/providers/Microsoft.Network/AvailablePrivateEndpointTypes/Microsoft.PowerBI.privateLinkServicesForPowerBI\",\r\n
        \     \"type\": \"Microsoft.Network/AvailablePrivateEndpointTypes\",\r\n      \"resourceName\":
        \"Microsoft.PowerBI/privateLinkServicesForPowerBI\",\r\n      \"displayName\":
        \"Microsoft.PowerBI/privateLinkServicesForPowerBI\",\r\n      \"apiVersion\":
        \"2020-06-01\"\r\n    },\r\n    {\r\n      \"name\": \"Microsoft.Cache.redisEnterprise\",\r\n
        \     \"id\": \"/subscriptions/00000000-0000-0000-0000-000000000000/providers/Microsoft.Network/AvailablePrivateEndpointTypes/Microsoft.Cache.redisEnterprise\",\r\n
        \     \"type\": \"Microsoft.Network/AvailablePrivateEndpointTypes\",\r\n      \"resourceName\":
        \"Microsoft.Cache/redisEnterprise\",\r\n      \"displayName\": \"Microsoft.Cache/redisEnterprise\",\r\n
        \     \"apiVersion\": \"2020-04-01-preview\"\r\n    },\r\n    {\r\n      \"name\":
        \"Microsoft.HybridCompute.privateLinkScopes\",\r\n      \"id\": \"/subscriptions/00000000-0000-0000-0000-000000000000/providers/Microsoft.Network/AvailablePrivateEndpointTypes/Microsoft.HybridCompute.privateLinkScopes\",\r\n
        \     \"type\": \"Microsoft.Network/AvailablePrivateEndpointTypes\",\r\n      \"resourceName\":
        \"Microsoft.HybridCompute/privateLinkScopes\",\r\n      \"displayName\": \"Microsoft.HybridCompute/privateLinkScopes\",\r\n
        \     \"apiVersion\": \"2021-05-20\"\r\n    },\r\n    {\r\n      \"name\":
        \"Microsoft.OffAzure.mastersites\",\r\n      \"id\": \"/subscriptions/00000000-0000-0000-0000-000000000000/providers/Microsoft.Network/AvailablePrivateEndpointTypes/Microsoft.OffAzure.mastersites\",\r\n
        \     \"type\": \"Microsoft.Network/AvailablePrivateEndpointTypes\",\r\n      \"resourceName\":
        \"Microsoft.OffAzure/mastersites\",\r\n      \"displayName\": \"Microsoft.OffAzure/mastersites\",\r\n
        \     \"apiVersion\": \"2020-07-07\"\r\n    },\r\n    {\r\n      \"name\":
        \"Microsoft.TimeSeriesInsights.environments\",\r\n      \"id\": \"/subscriptions/00000000-0000-0000-0000-000000000000/providers/Microsoft.Network/AvailablePrivateEndpointTypes/Microsoft.TimeSeriesInsights.environments\",\r\n
        \     \"type\": \"Microsoft.Network/AvailablePrivateEndpointTypes\",\r\n      \"resourceName\":
        \"Microsoft.TimeSeriesInsights/environments\",\r\n      \"displayName\": \"Microsoft.TimeSeriesInsights/environments\",\r\n
        \     \"apiVersion\": \"2021-03-31-preview\"\r\n    },\r\n    {\r\n      \"name\":
        \"Microsoft.DigitalTwins.digitalTwinsInstances\",\r\n      \"id\": \"/subscriptions/00000000-0000-0000-0000-000000000000/providers/Microsoft.Network/AvailablePrivateEndpointTypes/Microsoft.DigitalTwins.digitalTwinsInstances\",\r\n
        \     \"type\": \"Microsoft.Network/AvailablePrivateEndpointTypes\",\r\n      \"resourceName\":
        \"Microsoft.DigitalTwins/digitalTwinsInstances\",\r\n      \"displayName\":
        \"Microsoft.DigitalTwins/digitalTwinsInstances\",\r\n      \"apiVersion\":
        \"2020-12-01\"\r\n    },\r\n    {\r\n      \"name\": \"Microsoft.Keyvault.managedHSMs\",\r\n
        \     \"id\": \"/subscriptions/00000000-0000-0000-0000-000000000000/providers/Microsoft.Network/AvailablePrivateEndpointTypes/Microsoft.Keyvault.managedHSMs\",\r\n
        \     \"type\": \"Microsoft.Network/AvailablePrivateEndpointTypes\",\r\n      \"resourceName\":
        \"Microsoft.Keyvault/managedHSMs\",\r\n      \"displayName\": \"Microsoft.Keyvault/managedHSMs\",\r\n
        \     \"apiVersion\": \"2021-04-01-preview\"\r\n    },\r\n    {\r\n      \"name\":
        \"Microsoft.PowerPlatform.enterprisePolicies\",\r\n      \"id\": \"/subscriptions/00000000-0000-0000-0000-000000000000/providers/Microsoft.Network/AvailablePrivateEndpointTypes/Microsoft.PowerPlatform.enterprisePolicies\",\r\n
        \     \"type\": \"Microsoft.Network/AvailablePrivateEndpointTypes\",\r\n      \"resourceName\":
        \"Microsoft.PowerPlatform/enterprisePolicies\",\r\n      \"displayName\":
        \"Microsoft.PowerPlatform/enterprisePolicies\",\r\n      \"apiVersion\": \"2020-10-30-preview\"\r\n
        \   },\r\n    {\r\n      \"name\": \"Microsoft.Kusto.clusters\",\r\n      \"id\":
        \"/subscriptions/00000000-0000-0000-0000-000000000000/providers/Microsoft.Network/AvailablePrivateEndpointTypes/Microsoft.Kusto.clusters\",\r\n
        \     \"type\": \"Microsoft.Network/AvailablePrivateEndpointTypes\",\r\n      \"resourceName\":
        \"Microsoft.Kusto/clusters\",\r\n      \"displayName\": \"Microsoft.Kusto/clusters\",\r\n
        \     \"apiVersion\": \"2021-01-01\"\r\n    },\r\n    {\r\n      \"name\":
        \"Microsoft.Purview.accounts\",\r\n      \"id\": \"/subscriptions/00000000-0000-0000-0000-000000000000/providers/Microsoft.Network/AvailablePrivateEndpointTypes/Microsoft.Purview.accounts\",\r\n
        \     \"type\": \"Microsoft.Network/AvailablePrivateEndpointTypes\",\r\n      \"resourceName\":
        \"Microsoft.Purview/accounts\",\r\n      \"displayName\": \"Microsoft.Purview/accounts\",\r\n
        \     \"apiVersion\": \"2020-12-01-preview\"\r\n    },\r\n    {\r\n      \"name\":
        \"Microsoft.Web.staticSites\",\r\n      \"id\": \"/subscriptions/00000000-0000-0000-0000-000000000000/providers/Microsoft.Network/AvailablePrivateEndpointTypes/Microsoft.Web.staticSites\",\r\n
        \     \"type\": \"Microsoft.Network/AvailablePrivateEndpointTypes\",\r\n      \"resourceName\":
        \"Microsoft.Web/staticSites\",\r\n      \"displayName\": \"Microsoft.Web/staticSites\",\r\n
        \     \"apiVersion\": \"2020-06-01\"\r\n    },\r\n    {\r\n      \"name\":
        \"Microsoft.AutonomousSystems.workspaces\",\r\n      \"id\": \"/subscriptions/00000000-0000-0000-0000-000000000000/providers/Microsoft.Network/AvailablePrivateEndpointTypes/Microsoft.AutonomousSystems.workspaces\",\r\n
        \     \"type\": \"Microsoft.Network/AvailablePrivateEndpointTypes\",\r\n      \"resourceName\":
        \"Microsoft.AutonomousSystems/workspaces\",\r\n      \"displayName\": \"Microsoft.AutonomousSystems/workspaces\",\r\n
        \     \"apiVersion\": \"2020-05-01-preview\"\r\n    },\r\n    {\r\n      \"name\":
        \"Microsoft.SignalRService.webPubSub\",\r\n      \"id\": \"/subscriptions/00000000-0000-0000-0000-000000000000/providers/Microsoft.Network/AvailablePrivateEndpointTypes/Microsoft.SignalRService.webPubSub\",\r\n
        \     \"type\": \"Microsoft.Network/AvailablePrivateEndpointTypes\",\r\n      \"resourceName\":
        \"Microsoft.SignalRService/webPubSub\",\r\n      \"displayName\": \"Microsoft.SignalRService/webPubSub\",\r\n
        \     \"apiVersion\": \"2020-05-01\"\r\n    },\r\n    {\r\n      \"name\":
        \"Microsoft.DeviceUpdate.accounts\",\r\n      \"id\": \"/subscriptions/00000000-0000-0000-0000-000000000000/providers/Microsoft.Network/AvailablePrivateEndpointTypes/Microsoft.DeviceUpdate.accounts\",\r\n
        \     \"type\": \"Microsoft.Network/AvailablePrivateEndpointTypes\",\r\n      \"resourceName\":
        \"Microsoft.DeviceUpdate/accounts\",\r\n      \"displayName\": \"Microsoft.DeviceUpdate/accounts\",\r\n
        \     \"apiVersion\": \"2020-03-01-preview\"\r\n    },\r\n    {\r\n      \"name\":
        \"Microsoft.DBforPostgreSQL.serverGroupsv2\",\r\n      \"id\": \"/subscriptions/00000000-0000-0000-0000-000000000000/providers/Microsoft.Network/AvailablePrivateEndpointTypes/Microsoft.DBforPostgreSQL.serverGroupsv2\",\r\n
        \     \"type\": \"Microsoft.Network/AvailablePrivateEndpointTypes\",\r\n      \"resourceName\":
        \"Microsoft.DBforPostgreSQL/serverGroupsv2\",\r\n      \"displayName\": \"Microsoft.DBforPostgreSQL/serverGroupsv2\",\r\n
        \     \"apiVersion\": \"2020-10-05-privatepreview\"\r\n    },\r\n    {\r\n
        \     \"name\": \"Microsoft.HealthcareApis.workspaces\",\r\n      \"id\":
        \"/subscriptions/00000000-0000-0000-0000-000000000000/providers/Microsoft.Network/AvailablePrivateEndpointTypes/Microsoft.HealthcareApis.workspaces\",\r\n
        \     \"type\": \"Microsoft.Network/AvailablePrivateEndpointTypes\",\r\n      \"resourceName\":
        \"Microsoft.HealthcareApis/workspaces\",\r\n      \"displayName\": \"Microsoft.HealthcareApis/workspaces\",\r\n
        \     \"apiVersion\": \"2021-11-01\"\r\n    },\r\n    {\r\n      \"name\":
        \"Microsoft.ApiManagement.service\",\r\n      \"id\": \"/subscriptions/00000000-0000-0000-0000-000000000000/providers/Microsoft.Network/AvailablePrivateEndpointTypes/Microsoft.ApiManagement.service\",\r\n
        \     \"type\": \"Microsoft.Network/AvailablePrivateEndpointTypes\",\r\n      \"resourceName\":
        \"Microsoft.ApiManagement/service\",\r\n      \"displayName\": \"Microsoft.ApiManagement/service\",\r\n
        \     \"apiVersion\": \"2021-04-01-preview\"\r\n    },\r\n    {\r\n      \"name\":
        \"Microsoft.HDInsight.clusters\",\r\n      \"id\": \"/subscriptions/00000000-0000-0000-0000-000000000000/providers/Microsoft.Network/AvailablePrivateEndpointTypes/Microsoft.HDInsight.clusters\",\r\n
        \     \"type\": \"Microsoft.Network/AvailablePrivateEndpointTypes\",\r\n      \"resourceName\":
        \"Microsoft.HDInsight/clusters\",\r\n      \"displayName\": \"Microsoft.HDInsight/clusters\",\r\n
        \     \"apiVersion\": \"2015-03-01-preview\"\r\n    },\r\n    {\r\n      \"name\":
        \"Microsoft.DesktopVirtualization.hostpools\",\r\n      \"id\": \"/subscriptions/00000000-0000-0000-0000-000000000000/providers/Microsoft.Network/AvailablePrivateEndpointTypes/Microsoft.DesktopVirtualization.hostpools\",\r\n
        \     \"type\": \"Microsoft.Network/AvailablePrivateEndpointTypes\",\r\n      \"resourceName\":
        \"Microsoft.DesktopVirtualization/hostpools\",\r\n      \"displayName\": \"Microsoft.DesktopVirtualization/hostpools\",\r\n
        \     \"apiVersion\": \"2021-04-01-preview\"\r\n    },\r\n    {\r\n      \"name\":
        \"Microsoft.DesktopVirtualization.workspaces\",\r\n      \"id\": \"/subscriptions/00000000-0000-0000-0000-000000000000/providers/Microsoft.Network/AvailablePrivateEndpointTypes/Microsoft.DesktopVirtualization.workspaces\",\r\n
        \     \"type\": \"Microsoft.Network/AvailablePrivateEndpointTypes\",\r\n      \"resourceName\":
        \"Microsoft.DesktopVirtualization/workspaces\",\r\n      \"displayName\":
        \"Microsoft.DesktopVirtualization/workspaces\",\r\n      \"apiVersion\": \"2021-04-01-preview\"\r\n
        \   },\r\n    {\r\n      \"name\": \"Microsoft.Media.videoanalyzers\",\r\n
        \     \"id\": \"/subscriptions/00000000-0000-0000-0000-000000000000/providers/Microsoft.Network/AvailablePrivateEndpointTypes/Microsoft.Media.videoanalyzers\",\r\n
        \     \"type\": \"Microsoft.Network/AvailablePrivateEndpointTypes\",\r\n      \"resourceName\":
        \"Microsoft.Media/videoanalyzers\",\r\n      \"displayName\": \"Microsoft.Media/videoanalyzers\",\r\n
        \     \"apiVersion\": \"2021-03-01-preview\"\r\n    },\r\n    {\r\n      \"name\":
        \"Microsoft.M365SecurityAndCompliance.privateLinkServicesForEDMUpload\",\r\n
        \     \"id\": \"/subscriptions/00000000-0000-0000-0000-000000000000/providers/Microsoft.Network/AvailablePrivateEndpointTypes/Microsoft.M365SecurityAndCompliance.privateLinkServicesForEDMUpload\",\r\n
        \     \"type\": \"Microsoft.Network/AvailablePrivateEndpointTypes\",\r\n      \"resourceName\":
        \"Microsoft.M365SecurityAndCompliance/privateLinkServicesForEDMUpload\",\r\n
        \     \"displayName\": \"Microsoft.M365SecurityAndCompliance/privateLinkServicesForEDMUpload\",\r\n
        \     \"apiVersion\": \"2021-01-11\"\r\n    },\r\n    {\r\n      \"name\":
        \"Microsoft.M365SecurityAndCompliance.privateLinkServicesForM365ComplianceCenter\",\r\n
        \     \"id\": \"/subscriptions/00000000-0000-0000-0000-000000000000/providers/Microsoft.Network/AvailablePrivateEndpointTypes/Microsoft.M365SecurityAndCompliance.privateLinkServicesForM365ComplianceCenter\",\r\n
        \     \"type\": \"Microsoft.Network/AvailablePrivateEndpointTypes\",\r\n      \"resourceName\":
        \"Microsoft.M365SecurityAndCompliance/privateLinkServicesForM365ComplianceCenter\",\r\n
        \     \"displayName\": \"Microsoft.M365SecurityAndCompliance/privateLinkServicesForM365ComplianceCenter\",\r\n
        \     \"apiVersion\": \"2021-01-11\"\r\n    },\r\n    {\r\n      \"name\":
        \"Microsoft.M365SecurityAndCompliance.privateLinkServicesForM365SecurityCenter\",\r\n
        \     \"id\": \"/subscriptions/00000000-0000-0000-0000-000000000000/providers/Microsoft.Network/AvailablePrivateEndpointTypes/Microsoft.M365SecurityAndCompliance.privateLinkServicesForM365SecurityCenter\",\r\n
        \     \"type\": \"Microsoft.Network/AvailablePrivateEndpointTypes\",\r\n      \"resourceName\":
        \"Microsoft.M365SecurityAndCompliance/privateLinkServicesForM365SecurityCenter\",\r\n
        \     \"displayName\": \"Microsoft.M365SecurityAndCompliance/privateLinkServicesForM365SecurityCenter\",\r\n
        \     \"apiVersion\": \"2021-01-11\"\r\n    },\r\n    {\r\n      \"name\":
        \"Microsoft.M365SecurityAndCompliance.privateLinkServicesForO365ManagementActivityAPI\",\r\n
        \     \"id\": \"/subscriptions/00000000-0000-0000-0000-000000000000/providers/Microsoft.Network/AvailablePrivateEndpointTypes/Microsoft.M365SecurityAndCompliance.privateLinkServicesForO365ManagementActivityAPI\",\r\n
        \     \"type\": \"Microsoft.Network/AvailablePrivateEndpointTypes\",\r\n      \"resourceName\":
        \"Microsoft.M365SecurityAndCompliance/privateLinkServicesForO365ManagementActivityAPI\",\r\n
        \     \"displayName\": \"Microsoft.M365SecurityAndCompliance/privateLinkServicesForO365ManagementActivityAPI\",\r\n
        \     \"apiVersion\": \"2021-01-11\"\r\n    },\r\n    {\r\n      \"name\":
        \"Microsoft.M365SecurityAndCompliance.privateLinkServicesForSCCPowershell\",\r\n
        \     \"id\": \"/subscriptions/00000000-0000-0000-0000-000000000000/providers/Microsoft.Network/AvailablePrivateEndpointTypes/Microsoft.M365SecurityAndCompliance.privateLinkServicesForSCCPowershell\",\r\n
        \     \"type\": \"Microsoft.Network/AvailablePrivateEndpointTypes\",\r\n      \"resourceName\":
        \"Microsoft.M365SecurityAndCompliance/privateLinkServicesForSCCPowershell\",\r\n
        \     \"displayName\": \"Microsoft.M365SecurityAndCompliance/privateLinkServicesForSCCPowershell\",\r\n
        \     \"apiVersion\": \"2021-01-11\"\r\n    },\r\n    {\r\n      \"name\":
        \"Microsoft.IoTCentral.IoTApps\",\r\n      \"id\": \"/subscriptions/00000000-0000-0000-0000-000000000000/providers/Microsoft.Network/AvailablePrivateEndpointTypes/Microsoft.IoTCentral.IoTApps\",\r\n
        \     \"type\": \"Microsoft.Network/AvailablePrivateEndpointTypes\",\r\n      \"resourceName\":
        \"Microsoft.IoTCentral/IoTApps\",\r\n      \"displayName\": \"Microsoft.IoTCentral/IoTApps\",\r\n
        \     \"apiVersion\": \"2021-11-01-preview\"\r\n    },\r\n    {\r\n      \"name\":
        \"Microsoft.EventGrid.partnerNamespaces\",\r\n      \"id\": \"/subscriptions/00000000-0000-0000-0000-000000000000/providers/Microsoft.Network/AvailablePrivateEndpointTypes/Microsoft.EventGrid.partnerNamespaces\",\r\n
        \     \"type\": \"Microsoft.Network/AvailablePrivateEndpointTypes\",\r\n      \"resourceName\":
        \"Microsoft.EventGrid/partnerNamespaces\",\r\n      \"displayName\": \"Microsoft.EventGrid/partnerNamespaces\",\r\n
        \     \"apiVersion\": \"2021-06-01-preview\"\r\n    },\r\n    {\r\n      \"name\":
        \"Microsoft.BotService.botServices\",\r\n      \"id\": \"/subscriptions/00000000-0000-0000-0000-000000000000/providers/Microsoft.Network/AvailablePrivateEndpointTypes/Microsoft.BotService.botServices\",\r\n
        \     \"type\": \"Microsoft.Network/AvailablePrivateEndpointTypes\",\r\n      \"resourceName\":
        \"Microsoft.BotService/botServices\",\r\n      \"displayName\": \"Microsoft.BotService/botServices\",\r\n
        \     \"apiVersion\": \"2021-03-01\"\r\n    },\r\n    {\r\n      \"name\":
        \"Microsoft.FluidRelay.FluidRelayServers\",\r\n      \"id\": \"/subscriptions/00000000-0000-0000-0000-000000000000/providers/Microsoft.Network/AvailablePrivateEndpointTypes/Microsoft.FluidRelay.FluidRelayServers\",\r\n
        \     \"type\": \"Microsoft.Network/AvailablePrivateEndpointTypes\",\r\n      \"resourceName\":
        \"Microsoft.FluidRelay/FluidRelayServers\",\r\n      \"displayName\": \"Microsoft.FluidRelay/FluidRelayServers\",\r\n
        \     \"apiVersion\": \"2021-06-15-preview\"\r\n    },\r\n    {\r\n      \"name\":
        \"Microsoft.AgFoodPlatform.farmBeats\",\r\n      \"id\": \"/subscriptions/00000000-0000-0000-0000-000000000000/providers/Microsoft.Network/AvailablePrivateEndpointTypes/Microsoft.AgFoodPlatform.farmBeats\",\r\n
        \     \"type\": \"Microsoft.Network/AvailablePrivateEndpointTypes\",\r\n      \"resourceName\":
        \"Microsoft.AgFoodPlatform/farmBeats\",\r\n      \"displayName\": \"Microsoft.AgFoodPlatform/farmBeats\",\r\n
        \     \"apiVersion\": \"2020-05-12-preview\"\r\n    },\r\n    {\r\n      \"name\":
        \"Microsoft.OpenAI.accounts\",\r\n      \"id\": \"/subscriptions/00000000-0000-0000-0000-000000000000/providers/Microsoft.Network/AvailablePrivateEndpointTypes/Microsoft.OpenAI.accounts\",\r\n
        \     \"type\": \"Microsoft.Network/AvailablePrivateEndpointTypes\",\r\n      \"resourceName\":
        \"Microsoft.OpenAI/accounts\",\r\n      \"displayName\": \"Microsoft.OpenAI/accounts\",\r\n
        \     \"apiVersion\": \"2021-04-30\"\r\n    },\r\n    {\r\n      \"name\":
        \"Microsoft.NetworkFunction.MeshVpn\",\r\n      \"id\": \"/subscriptions/00000000-0000-0000-0000-000000000000/providers/Microsoft.Network/AvailablePrivateEndpointTypes/Microsoft.NetworkFunction.MeshVpn\",\r\n
        \     \"type\": \"Microsoft.Network/AvailablePrivateEndpointTypes\",\r\n      \"resourceName\":
        \"Microsoft.NetworkFunction/MeshVpn\",\r\n      \"displayName\": \"Microsoft.NetworkFunction/MeshVpn\",\r\n
        \     \"apiVersion\": \"2021-08-01-preview\"\r\n    }\r\n  ]\r\n}"
    headers:
      cache-control:
      - no-cache
      content-length:
      - '41676'
      content-type:
      - application/json; charset=utf-8
      date:
      - Wed, 03 Nov 2021 04:26:26 GMT
      expires:
      - '-1'
      pragma:
      - no-cache
      server:
      - Microsoft-HTTPAPI/2.0
      - Microsoft-HTTPAPI/2.0
      strict-transport-security:
      - max-age=31536000; includeSubDomains
      transfer-encoding:
      - chunked
      vary:
      - Accept-Encoding
      x-content-type-options:
      - nosniff
      x-ms-arm-service-request-id:
      - 75fe89b5-0091-4a6f-b424-8447f6d34e66
    status:
      code: 200
      message: OK
- request:
    body: '{"location": "centralus", "properties": {"subnet": {"id": "/subscriptions/00000000-0000-0000-0000-000000000000/resourceGroups/cli_test_network_private_endpoints000001/providers/Microsoft.Network/virtualNetworks/vnet1/subnets/subnet2",
      "properties": {"privateEndpointNetworkPolicies": "Enabled", "privateLinkServiceNetworkPolicies":
      "Enabled"}}, "privateLinkServiceConnections": [{"name": "tttt", "properties":
      {"privateLinkServiceId": "/subscriptions/00000000-0000-0000-0000-000000000000/resourceGroups/cli_test_network_private_endpoints000001/providers/Microsoft.Network/privateLinkServices/lks1"}}]}}'
    headers:
      Accept:
      - application/json
      Accept-Encoding:
      - gzip, deflate
      CommandName:
      - network private-endpoint create
      Connection:
      - keep-alive
      Content-Length:
      - '672'
      Content-Type:
      - application/json
      ParameterSetName:
      - -g -n --vnet-name --subnet --private-connection-resource-id --connection-name
        -l
      User-Agent:
      - AZURECLI/2.30.0 azsdk-python-azure-mgmt-network/19.2.0 Python/3.8.3 (Windows-10-10.0.18362-SP0)
    method: PUT
    uri: https://management.azure.com/subscriptions/00000000-0000-0000-0000-000000000000/resourceGroups/cli_test_network_private_endpoints000001/providers/Microsoft.Network/privateEndpoints/pe1?api-version=2021-05-01
  response:
    body:
      string: "{\r\n  \"name\": \"pe1\",\r\n  \"id\": \"/subscriptions/00000000-0000-0000-0000-000000000000/resourceGroups/cli_test_network_private_endpoints000001/providers/Microsoft.Network/privateEndpoints/pe1\",\r\n
        \ \"etag\": \"W/\\\"6263fbfd-3022-4f0f-b69b-c0de1d856df0\\\"\",\r\n  \"type\":
        \"Microsoft.Network/privateEndpoints\",\r\n  \"location\": \"centralus\",\r\n
        \ \"properties\": {\r\n    \"provisioningState\": \"Updating\",\r\n    \"resourceGuid\":
        \"90c1727b-051d-4d46-bed8-52a23795275d\",\r\n    \"privateLinkServiceConnections\":
        [\r\n      {\r\n        \"name\": \"tttt\",\r\n        \"id\": \"/subscriptions/00000000-0000-0000-0000-000000000000/resourceGroups/cli_test_network_private_endpoints000001/providers/Microsoft.Network/privateEndpoints/pe1/privateLinkServiceConnections/tttt\",\r\n
        \       \"etag\": \"W/\\\"6263fbfd-3022-4f0f-b69b-c0de1d856df0\\\"\",\r\n
        \       \"properties\": {\r\n          \"provisioningState\": \"Succeeded\",\r\n
        \         \"privateLinkServiceId\": \"/subscriptions/00000000-0000-0000-0000-000000000000/resourceGroups/cli_test_network_private_endpoints000001/providers/Microsoft.Network/privateLinkServices/lks1\",\r\n
        \         \"privateLinkServiceConnectionState\": {\r\n            \"status\":
        \"Approved\",\r\n            \"description\": \"Auto Approved\",\r\n            \"actionsRequired\":
        \"None\"\r\n          }\r\n        },\r\n        \"type\": \"Microsoft.Network/privateEndpoints/privateLinkServiceConnections\"\r\n
        \     }\r\n    ],\r\n    \"manualPrivateLinkServiceConnections\": [],\r\n
        \   \"customNetworkInterfaceName\": \"\",\r\n    \"subnet\": {\r\n      \"id\":
        \"/subscriptions/00000000-0000-0000-0000-000000000000/resourceGroups/cli_test_network_private_endpoints000001/providers/Microsoft.Network/virtualNetworks/vnet1/subnets/subnet2\"\r\n
        \   },\r\n    \"ipConfigurations\": [],\r\n    \"networkInterfaces\": [\r\n
        \     {\r\n        \"id\": \"/subscriptions/00000000-0000-0000-0000-000000000000/resourceGroups/cli_test_network_private_endpoints000001/providers/Microsoft.Network/networkInterfaces/pe1.nic.b02f798a-407c-46e1-9c57-5f754e569923\"\r\n
        \     }\r\n    ],\r\n    \"customDnsConfigs\": []\r\n  }\r\n}"
    headers:
      azure-asyncnotification:
      - Enabled
      azure-asyncoperation:
      - https://management.azure.com/subscriptions/00000000-0000-0000-0000-000000000000/providers/Microsoft.Network/locations/centralus/operations/b884e6ac-3e1e-443e-926b-2f5b6540b5e9?api-version=2021-05-01
      cache-control:
      - no-cache
      content-length:
      - '2162'
      content-type:
      - application/json; charset=utf-8
      date:
      - Wed, 03 Nov 2021 04:26:35 GMT
      expires:
      - '-1'
      pragma:
      - no-cache
      server:
      - Microsoft-HTTPAPI/2.0
      - Microsoft-HTTPAPI/2.0
      strict-transport-security:
      - max-age=31536000; includeSubDomains
      x-content-type-options:
      - nosniff
      x-ms-arm-service-request-id:
      - 762d577e-9cb6-4eca-8193-279b84327ab1
      x-ms-ratelimit-remaining-subscription-writes:
      - '1199'
    status:
      code: 201
      message: Created
- request:
    body: null
    headers:
      Accept:
      - '*/*'
      Accept-Encoding:
      - gzip, deflate
      CommandName:
      - network private-endpoint create
      Connection:
      - keep-alive
      ParameterSetName:
      - -g -n --vnet-name --subnet --private-connection-resource-id --connection-name
        -l
      User-Agent:
      - AZURECLI/2.30.0 azsdk-python-azure-mgmt-network/19.2.0 Python/3.8.3 (Windows-10-10.0.18362-SP0)
    method: GET
    uri: https://management.azure.com/subscriptions/00000000-0000-0000-0000-000000000000/providers/Microsoft.Network/locations/centralus/operations/b884e6ac-3e1e-443e-926b-2f5b6540b5e9?api-version=2021-05-01
  response:
    body:
      string: "{\r\n  \"status\": \"InProgress\"\r\n}"
    headers:
      cache-control:
      - no-cache
      content-length:
      - '30'
      content-type:
      - application/json; charset=utf-8
      date:
      - Wed, 03 Nov 2021 04:26:45 GMT
      expires:
      - '-1'
      pragma:
      - no-cache
      server:
      - Microsoft-HTTPAPI/2.0
      - Microsoft-HTTPAPI/2.0
      strict-transport-security:
      - max-age=31536000; includeSubDomains
      transfer-encoding:
      - chunked
      vary:
      - Accept-Encoding
      x-content-type-options:
      - nosniff
      x-ms-arm-service-request-id:
      - 8833198d-f4a8-4870-b995-7a7fbfe261cf
    status:
      code: 200
      message: OK
- request:
    body: null
    headers:
      Accept:
      - '*/*'
      Accept-Encoding:
      - gzip, deflate
      CommandName:
      - network private-endpoint create
      Connection:
      - keep-alive
      ParameterSetName:
      - -g -n --vnet-name --subnet --private-connection-resource-id --connection-name
        -l
      User-Agent:
      - AZURECLI/2.30.0 azsdk-python-azure-mgmt-network/19.2.0 Python/3.8.3 (Windows-10-10.0.18362-SP0)
    method: GET
    uri: https://management.azure.com/subscriptions/00000000-0000-0000-0000-000000000000/providers/Microsoft.Network/locations/centralus/operations/b884e6ac-3e1e-443e-926b-2f5b6540b5e9?api-version=2021-05-01
  response:
    body:
      string: "{\r\n  \"status\": \"InProgress\"\r\n}"
    headers:
      cache-control:
      - no-cache
      content-length:
      - '30'
      content-type:
      - application/json; charset=utf-8
      date:
      - Wed, 03 Nov 2021 04:26:55 GMT
      expires:
      - '-1'
      pragma:
      - no-cache
      server:
      - Microsoft-HTTPAPI/2.0
      - Microsoft-HTTPAPI/2.0
      strict-transport-security:
      - max-age=31536000; includeSubDomains
      transfer-encoding:
      - chunked
      vary:
      - Accept-Encoding
      x-content-type-options:
      - nosniff
      x-ms-arm-service-request-id:
      - 908e3673-97df-432a-845c-ec7771854f86
    status:
      code: 200
      message: OK
- request:
    body: null
    headers:
      Accept:
      - '*/*'
      Accept-Encoding:
      - gzip, deflate
      CommandName:
      - network private-endpoint create
      Connection:
      - keep-alive
      ParameterSetName:
      - -g -n --vnet-name --subnet --private-connection-resource-id --connection-name
        -l
      User-Agent:
      - AZURECLI/2.30.0 azsdk-python-azure-mgmt-network/19.2.0 Python/3.8.3 (Windows-10-10.0.18362-SP0)
    method: GET
    uri: https://management.azure.com/subscriptions/00000000-0000-0000-0000-000000000000/providers/Microsoft.Network/locations/centralus/operations/b884e6ac-3e1e-443e-926b-2f5b6540b5e9?api-version=2021-05-01
  response:
    body:
      string: "{\r\n  \"status\": \"Succeeded\"\r\n}"
    headers:
      cache-control:
      - no-cache
      content-length:
      - '29'
      content-type:
      - application/json; charset=utf-8
      date:
      - Wed, 03 Nov 2021 04:27:16 GMT
      expires:
      - '-1'
      pragma:
      - no-cache
      server:
      - Microsoft-HTTPAPI/2.0
      - Microsoft-HTTPAPI/2.0
      strict-transport-security:
      - max-age=31536000; includeSubDomains
      transfer-encoding:
      - chunked
      vary:
      - Accept-Encoding
      x-content-type-options:
      - nosniff
      x-ms-arm-service-request-id:
      - 48041fb8-05b7-4505-b829-fb9f3d49c54c
    status:
      code: 200
      message: OK
- request:
    body: null
    headers:
      Accept:
      - '*/*'
      Accept-Encoding:
      - gzip, deflate
      CommandName:
      - network private-endpoint create
      Connection:
      - keep-alive
      ParameterSetName:
      - -g -n --vnet-name --subnet --private-connection-resource-id --connection-name
        -l
      User-Agent:
      - AZURECLI/2.30.0 azsdk-python-azure-mgmt-network/19.2.0 Python/3.8.3 (Windows-10-10.0.18362-SP0)
    method: GET
    uri: https://management.azure.com/subscriptions/00000000-0000-0000-0000-000000000000/resourceGroups/cli_test_network_private_endpoints000001/providers/Microsoft.Network/privateEndpoints/pe1?api-version=2021-05-01
  response:
    body:
      string: "{\r\n  \"name\": \"pe1\",\r\n  \"id\": \"/subscriptions/00000000-0000-0000-0000-000000000000/resourceGroups/cli_test_network_private_endpoints000001/providers/Microsoft.Network/privateEndpoints/pe1\",\r\n
        \ \"etag\": \"W/\\\"e19f235c-1ef1-4bbe-b786-b1a9414bea19\\\"\",\r\n  \"type\":
        \"Microsoft.Network/privateEndpoints\",\r\n  \"location\": \"centralus\",\r\n
        \ \"properties\": {\r\n    \"provisioningState\": \"Succeeded\",\r\n    \"resourceGuid\":
        \"90c1727b-051d-4d46-bed8-52a23795275d\",\r\n    \"privateLinkServiceConnections\":
        [\r\n      {\r\n        \"name\": \"tttt\",\r\n        \"id\": \"/subscriptions/00000000-0000-0000-0000-000000000000/resourceGroups/cli_test_network_private_endpoints000001/providers/Microsoft.Network/privateEndpoints/pe1/privateLinkServiceConnections/tttt\",\r\n
        \       \"etag\": \"W/\\\"e19f235c-1ef1-4bbe-b786-b1a9414bea19\\\"\",\r\n
        \       \"properties\": {\r\n          \"provisioningState\": \"Succeeded\",\r\n
        \         \"privateLinkServiceId\": \"/subscriptions/00000000-0000-0000-0000-000000000000/resourceGroups/cli_test_network_private_endpoints000001/providers/Microsoft.Network/privateLinkServices/lks1\",\r\n
        \         \"privateLinkServiceConnectionState\": {\r\n            \"status\":
        \"Approved\",\r\n            \"description\": \"Auto Approved\",\r\n            \"actionsRequired\":
        \"None\"\r\n          }\r\n        },\r\n        \"type\": \"Microsoft.Network/privateEndpoints/privateLinkServiceConnections\"\r\n
        \     }\r\n    ],\r\n    \"manualPrivateLinkServiceConnections\": [],\r\n
        \   \"customNetworkInterfaceName\": \"\",\r\n    \"subnet\": {\r\n      \"id\":
        \"/subscriptions/00000000-0000-0000-0000-000000000000/resourceGroups/cli_test_network_private_endpoints000001/providers/Microsoft.Network/virtualNetworks/vnet1/subnets/subnet2\"\r\n
        \   },\r\n    \"ipConfigurations\": [],\r\n    \"networkInterfaces\": [\r\n
        \     {\r\n        \"id\": \"/subscriptions/00000000-0000-0000-0000-000000000000/resourceGroups/cli_test_network_private_endpoints000001/providers/Microsoft.Network/networkInterfaces/pe1.nic.b02f798a-407c-46e1-9c57-5f754e569923\"\r\n
        \     }\r\n    ],\r\n    \"customDnsConfigs\": []\r\n  }\r\n}"
    headers:
      cache-control:
      - no-cache
      content-length:
      - '2163'
      content-type:
      - application/json; charset=utf-8
      date:
      - Wed, 03 Nov 2021 04:27:16 GMT
      etag:
      - W/"e19f235c-1ef1-4bbe-b786-b1a9414bea19"
      expires:
      - '-1'
      pragma:
      - no-cache
      server:
      - Microsoft-HTTPAPI/2.0
      - Microsoft-HTTPAPI/2.0
      strict-transport-security:
      - max-age=31536000; includeSubDomains
      transfer-encoding:
      - chunked
      vary:
      - Accept-Encoding
      x-content-type-options:
      - nosniff
      x-ms-arm-service-request-id:
      - 304efad8-2b7d-4649-b3f8-e1e968ed9883
    status:
      code: 200
      message: OK
- request:
    body: null
    headers:
      Accept:
      - application/json
      Accept-Encoding:
      - gzip, deflate
      CommandName:
      - network private-endpoint list
      Connection:
      - keep-alive
      User-Agent:
      - AZURECLI/2.30.0 azsdk-python-azure-mgmt-network/19.2.0 Python/3.8.3 (Windows-10-10.0.18362-SP0)
    method: GET
    uri: https://management.azure.com/subscriptions/00000000-0000-0000-0000-000000000000/providers/Microsoft.Network/privateEndpoints?api-version=2021-05-01
  response:
    body:
      string: '{"value":[{"name":"pe1","id":"/subscriptions/00000000-0000-0000-0000-000000000000/resourceGroups/cli_test_network_private_endpoints000001/providers/Microsoft.Network/privateEndpoints/pe1","etag":"W/\"e19f235c-1ef1-4bbe-b786-b1a9414bea19\"","type":"Microsoft.Network/privateEndpoints","location":"centralus","properties":{"provisioningState":"Succeeded","resourceGuid":"90c1727b-051d-4d46-bed8-52a23795275d","privateLinkServiceConnections":[{"name":"tttt","id":"/subscriptions/00000000-0000-0000-0000-000000000000/resourceGroups/cli_test_network_private_endpoints000001/providers/Microsoft.Network/privateEndpoints/pe1/privateLinkServiceConnections/tttt","etag":"W/\"e19f235c-1ef1-4bbe-b786-b1a9414bea19\"","properties":{"provisioningState":"Succeeded","privateLinkServiceId":"/subscriptions/00000000-0000-0000-0000-000000000000/resourceGroups/cli_test_network_private_endpoints000001/providers/Microsoft.Network/privateLinkServices/lks1","privateLinkServiceConnectionState":{"status":"Approved","description":"Auto
        Approved","actionsRequired":"None"}},"type":"Microsoft.Network/privateEndpoints/privateLinkServiceConnections"}],"manualPrivateLinkServiceConnections":[],"customNetworkInterfaceName":"","subnet":{"id":"/subscriptions/00000000-0000-0000-0000-000000000000/resourceGroups/cli_test_network_private_endpoints000001/providers/Microsoft.Network/virtualNetworks/vnet1/subnets/subnet2"},"ipConfigurations":[],"networkInterfaces":[{"id":"/subscriptions/00000000-0000-0000-0000-000000000000/resourceGroups/cli_test_network_private_endpoints000001/providers/Microsoft.Network/networkInterfaces/pe1.nic.b02f798a-407c-46e1-9c57-5f754e569923"}],"customDnsConfigs":[]}},{"name":"cli-pe-j7r5hwzilt4pxd63h","id":"/subscriptions/00000000-0000-0000-0000-000000000000/resourceGroups/fanqiu_cli_test_network_private_endpointsavtwsxayb5hqhuhygirupb5kgq624ivr3n/providers/Microsoft.Network/privateEndpoints/cli-pe-j7r5hwzilt4pxd63h","etag":"W/\"bc851051-b659-4232-9f60-9b3ca18ddc37\"","type":"Microsoft.Network/privateEndpoints","location":"centraluseuap","properties":{"provisioningState":"Succeeded","resourceGuid":"0c78f7ee-c060-4aa9-86f1-b0757dc925ba","privateLinkServiceConnections":[{"name":"cli-pec-4exs52l4vrapvosy","id":"/subscriptions/00000000-0000-0000-0000-000000000000/resourceGroups/fanqiu_cli_test_network_private_endpointsavtwsxayb5hqhuhygirupb5kgq624ivr3n/providers/Microsoft.Network/privateEndpoints/cli-pe-j7r5hwzilt4pxd63h/privateLinkServiceConnections/cli-pec-4exs52l4vrapvosy","etag":"W/\"bc851051-b659-4232-9f60-9b3ca18ddc37\"","properties":{"provisioningState":"Succeeded","privateLinkServiceId":"/subscriptions/00000000-0000-0000-0000-000000000000/resourceGroups/fanqiu_cli_test_network_private_endpointsavtwsxayb5hqhuhygirupb5kgq624ivr3n/providers/Microsoft.Storage/storageAccounts/saplrtbrc7fqad7njeikwikt","groupIds":["blob"],"privateLinkServiceConnectionState":{"status":"Approved","description":"Auto-Approved","actionsRequired":"None"}},"type":"Microsoft.Network/privateEndpoints/privateLinkServiceConnections"}],"manualPrivateLinkServiceConnections":[],"customNetworkInterfaceName":"","subnet":{"id":"/subscriptions/00000000-0000-0000-0000-000000000000/resourceGroups/fanqiu_cli_test_network_private_endpointsavtwsxayb5hqhuhygirupb5kgq624ivr3n/providers/Microsoft.Network/virtualNetworks/cli-vnet-jginl33o3twt7tn/subnets/cli-subnet-cs7nagxyyahae"},"ipConfigurations":[],"networkInterfaces":[{"id":"/subscriptions/00000000-0000-0000-0000-000000000000/resourceGroups/fanqiu_cli_test_network_private_endpointsavtwsxayb5hqhuhygirupb5kgq624ivr3n/providers/Microsoft.Network/networkInterfaces/cli-pe-j7r5hwzilt4pxd63h.nic.0495d14e-1a44-4b69-ac35-1ab2a02a1ef0"}],"customDnsConfigs":[{"fqdn":"saplrtbrc7fqad7njeikwikt.blob.core.windows.net","ipAddresses":["10.0.0.4"]}]}}]}'
    headers:
      cache-control:
      - no-cache
      content-length:
      - '3963'
      content-type:
      - application/json; charset=utf-8
      date:
      - Wed, 03 Nov 2021 04:27:17 GMT
      expires:
      - '-1'
      pragma:
      - no-cache
      strict-transport-security:
      - max-age=31536000; includeSubDomains
      vary:
      - Accept-Encoding
      x-content-type-options:
      - nosniff
      x-ms-original-request-ids:
      - b17fcf4c-9665-4be4-a2e4-bc824d423952
      - 475ed733-2417-458c-8d6a-0c83741aef86
    status:
      code: 200
      message: OK
- request:
    body: null
    headers:
      Accept:
      - application/json
      Accept-Encoding:
      - gzip, deflate
      CommandName:
      - network private-endpoint list
      Connection:
      - keep-alive
      ParameterSetName:
      - -g
      User-Agent:
      - AZURECLI/2.30.0 azsdk-python-azure-mgmt-network/19.2.0 Python/3.8.3 (Windows-10-10.0.18362-SP0)
    method: GET
    uri: https://management.azure.com/subscriptions/00000000-0000-0000-0000-000000000000/resourceGroups/cli_test_network_private_endpoints000001/providers/Microsoft.Network/privateEndpoints?api-version=2021-05-01
  response:
    body:
      string: "{\r\n  \"value\": [\r\n    {\r\n      \"name\": \"pe1\",\r\n      \"id\":
        \"/subscriptions/00000000-0000-0000-0000-000000000000/resourceGroups/cli_test_network_private_endpoints000001/providers/Microsoft.Network/privateEndpoints/pe1\",\r\n
        \     \"etag\": \"W/\\\"e19f235c-1ef1-4bbe-b786-b1a9414bea19\\\"\",\r\n      \"type\":
        \"Microsoft.Network/privateEndpoints\",\r\n      \"location\": \"centralus\",\r\n
        \     \"properties\": {\r\n        \"provisioningState\": \"Succeeded\",\r\n
        \       \"resourceGuid\": \"90c1727b-051d-4d46-bed8-52a23795275d\",\r\n        \"privateLinkServiceConnections\":
        [\r\n          {\r\n            \"name\": \"tttt\",\r\n            \"id\":
        \"/subscriptions/00000000-0000-0000-0000-000000000000/resourceGroups/cli_test_network_private_endpoints000001/providers/Microsoft.Network/privateEndpoints/pe1/privateLinkServiceConnections/tttt\",\r\n
        \           \"etag\": \"W/\\\"e19f235c-1ef1-4bbe-b786-b1a9414bea19\\\"\",\r\n
        \           \"properties\": {\r\n              \"provisioningState\": \"Succeeded\",\r\n
        \             \"privateLinkServiceId\": \"/subscriptions/00000000-0000-0000-0000-000000000000/resourceGroups/cli_test_network_private_endpoints000001/providers/Microsoft.Network/privateLinkServices/lks1\",\r\n
        \             \"privateLinkServiceConnectionState\": {\r\n                \"status\":
        \"Approved\",\r\n                \"description\": \"Auto Approved\",\r\n                \"actionsRequired\":
        \"None\"\r\n              }\r\n            },\r\n            \"type\": \"Microsoft.Network/privateEndpoints/privateLinkServiceConnections\"\r\n
        \         }\r\n        ],\r\n        \"manualPrivateLinkServiceConnections\":
        [],\r\n        \"customNetworkInterfaceName\": \"\",\r\n        \"subnet\":
        {\r\n          \"id\": \"/subscriptions/00000000-0000-0000-0000-000000000000/resourceGroups/cli_test_network_private_endpoints000001/providers/Microsoft.Network/virtualNetworks/vnet1/subnets/subnet2\"\r\n
        \       },\r\n        \"ipConfigurations\": [],\r\n        \"networkInterfaces\":
        [\r\n          {\r\n            \"id\": \"/subscriptions/00000000-0000-0000-0000-000000000000/resourceGroups/cli_test_network_private_endpoints000001/providers/Microsoft.Network/networkInterfaces/pe1.nic.b02f798a-407c-46e1-9c57-5f754e569923\"\r\n
        \         }\r\n        ],\r\n        \"customDnsConfigs\": []\r\n      }\r\n
        \   }\r\n  ]\r\n}"
    headers:
      cache-control:
      - no-cache
      content-length:
      - '2348'
      content-type:
      - application/json; charset=utf-8
      date:
      - Wed, 03 Nov 2021 04:27:19 GMT
      expires:
      - '-1'
      pragma:
      - no-cache
      server:
      - Microsoft-HTTPAPI/2.0
      - Microsoft-HTTPAPI/2.0
      strict-transport-security:
      - max-age=31536000; includeSubDomains
      transfer-encoding:
      - chunked
      vary:
      - Accept-Encoding
      x-content-type-options:
      - nosniff
      x-ms-arm-service-request-id:
      - daaaa05c-8c2c-45c2-bd5a-435fb46d8e5d
    status:
      code: 200
      message: OK
- request:
    body: null
    headers:
      Accept:
      - application/json
      Accept-Encoding:
      - gzip, deflate
      CommandName:
      - network private-link-service show
      Connection:
      - keep-alive
      ParameterSetName:
      - -g -n
      User-Agent:
      - AZURECLI/2.30.0 azsdk-python-azure-mgmt-network/19.2.0 Python/3.8.3 (Windows-10-10.0.18362-SP0)
    method: GET
    uri: https://management.azure.com/subscriptions/00000000-0000-0000-0000-000000000000/resourceGroups/cli_test_network_private_endpoints000001/providers/Microsoft.Network/privateLinkServices/lks1?api-version=2021-05-01
  response:
    body:
      string: "{\r\n  \"name\": \"lks1\",\r\n  \"id\": \"/subscriptions/00000000-0000-0000-0000-000000000000/resourceGroups/cli_test_network_private_endpoints000001/providers/Microsoft.Network/privateLinkServices/lks1\",\r\n
        \ \"etag\": \"W/\\\"f1676d79-e5bb-4803-b203-c8aac96f76df\\\"\",\r\n  \"type\":
        \"Microsoft.Network/privateLinkServices\",\r\n  \"location\": \"centralus\",\r\n
        \ \"properties\": {\r\n    \"provisioningState\": \"Succeeded\",\r\n    \"resourceGuid\":
        \"c47e7a0d-5002-49f0-b18b-e3c94f215ebb\",\r\n    \"fqdns\": [],\r\n    \"alias\":
        \"lks1.466728e4-dfb9-42b1-8477-3a741d5df63a.centralus.azure.privatelinkservice\",\r\n
        \   \"enableProxyProtocol\": false,\r\n    \"loadBalancerFrontendIpConfigurations\":
        [\r\n      {\r\n        \"id\": \"/subscriptions/00000000-0000-0000-0000-000000000000/resourceGroups/cli_test_network_private_endpoints000001/providers/Microsoft.Network/loadBalancers/lb1/frontendIPConfigurations/LoadBalancerFrontEnd\"\r\n
        \     }\r\n    ],\r\n    \"ipConfigurations\": [\r\n      {\r\n        \"name\":
        \"lks1_ipconfig_0\",\r\n        \"id\": \"/subscriptions/00000000-0000-0000-0000-000000000000/resourceGroups/cli_test_network_private_endpoints000001/providers/Microsoft.Network/privateLinkServices/lks1/ipConfigurations/lks1_ipconfig_0\",\r\n
        \       \"etag\": \"W/\\\"f1676d79-e5bb-4803-b203-c8aac96f76df\\\"\",\r\n
        \       \"type\": \"Microsoft.Network/privateLinkServices/ipConfigurations\",\r\n
        \       \"properties\": {\r\n          \"provisioningState\": \"Succeeded\",\r\n
        \         \"privateIPAllocationMethod\": \"Dynamic\",\r\n          \"subnet\":
        {\r\n            \"id\": \"/subscriptions/00000000-0000-0000-0000-000000000000/resourceGroups/cli_test_network_private_endpoints000001/providers/Microsoft.Network/virtualNetworks/vnet1/subnets/subnet1\"\r\n
        \         },\r\n          \"primary\": true,\r\n          \"privateIPAddressVersion\":
        \"IPv4\"\r\n        }\r\n      }\r\n    ],\r\n    \"privateEndpointConnections\":
        [\r\n      {\r\n        \"name\": \"pe1.90c1727b-051d-4d46-bed8-52a23795275d\",\r\n
        \       \"id\": \"/subscriptions/00000000-0000-0000-0000-000000000000/resourceGroups/cli_test_network_private_endpoints000001/providers/Microsoft.Network/privateLinkServices/lks1/privateEndpointConnections/pe1.90c1727b-051d-4d46-bed8-52a23795275d\",\r\n
        \       \"etag\": \"W/\\\"f1676d79-e5bb-4803-b203-c8aac96f76df\\\"\",\r\n
        \       \"properties\": {\r\n          \"provisioningState\": \"Succeeded\",\r\n
        \         \"privateEndpoint\": {\r\n            \"id\": \"/subscriptions/00000000-0000-0000-0000-000000000000/resourceGroups/cli_test_network_private_endpoints000001/providers/Microsoft.Network/privateEndpoints/pe1\"\r\n
        \         },\r\n          \"privateLinkServiceConnectionState\": {\r\n            \"status\":
        \"Approved\",\r\n            \"description\": \"Auto Approved\",\r\n            \"actionsRequired\":
        \"None\"\r\n          },\r\n          \"linkIdentifier\": \"520114877\"\r\n
        \       },\r\n        \"type\": \"Microsoft.Network/privateLinkServices/privateEndpointConnections\"\r\n
        \     }\r\n    ],\r\n    \"networkInterfaces\": [\r\n      {\r\n        \"id\":
        \"/subscriptions/00000000-0000-0000-0000-000000000000/resourceGroups/cli_test_network_private_endpoints000001/providers/Microsoft.Network/networkInterfaces/lks1.nic.f4c72174-3d39-4062-abd4-e6a9a607721d\"\r\n
        \     }\r\n    ]\r\n  }\r\n}"
    headers:
      cache-control:
      - no-cache
      content-length:
      - '3333'
      content-type:
      - application/json; charset=utf-8
      date:
      - Wed, 03 Nov 2021 04:27:21 GMT
      etag:
      - W/"f1676d79-e5bb-4803-b203-c8aac96f76df"
      expires:
      - '-1'
      pragma:
      - no-cache
      server:
      - Microsoft-HTTPAPI/2.0
      - Microsoft-HTTPAPI/2.0
      strict-transport-security:
      - max-age=31536000; includeSubDomains
      transfer-encoding:
      - chunked
      vary:
      - Accept-Encoding
      x-content-type-options:
      - nosniff
      x-ms-arm-service-request-id:
      - b2886d58-3379-427e-a1c3-24651320a391
    status:
      code: 200
      message: OK
- request:
    body: '{"properties": {"privateLinkServiceConnectionState": {"status": "Rejected",
      "actionsRequired": "need action"}}}'
    headers:
      Accept:
      - application/json
      Accept-Encoding:
      - gzip, deflate
      CommandName:
      - network private-link-service connection update
      Connection:
      - keep-alive
      Content-Length:
      - '111'
      Content-Type:
      - application/json
      ParameterSetName:
      - -g -n --service-name --connection-status --action-required
      User-Agent:
      - AZURECLI/2.30.0 azsdk-python-azure-mgmt-network/19.2.0 Python/3.8.3 (Windows-10-10.0.18362-SP0)
    method: PUT
    uri: https://management.azure.com/subscriptions/00000000-0000-0000-0000-000000000000/resourceGroups/cli_test_network_private_endpoints000001/providers/Microsoft.Network/privateLinkServices/lks1/privateEndpointConnections/pe1.90c1727b-051d-4d46-bed8-52a23795275d?api-version=2021-05-01
  response:
    body:
      string: "{\r\n  \"name\": \"pe1.90c1727b-051d-4d46-bed8-52a23795275d\",\r\n
        \ \"id\": \"/subscriptions/00000000-0000-0000-0000-000000000000/resourceGroups/cli_test_network_private_endpoints000001/providers/Microsoft.Network/privateLinkServices/lks1/privateEndpointConnections/pe1.90c1727b-051d-4d46-bed8-52a23795275d\",\r\n
        \ \"etag\": \"W/\\\"19ab7ca5-21a4-43a3-90cf-7485aeeb69d5\\\"\",\r\n  \"properties\":
        {\r\n    \"provisioningState\": \"Updating\",\r\n    \"privateEndpoint\":
        {\r\n      \"id\": \"/subscriptions/00000000-0000-0000-0000-000000000000/resourceGroups/cli_test_network_private_endpoints000001/providers/Microsoft.Network/privateEndpoints/pe1\"\r\n
        \   },\r\n    \"privateLinkServiceConnectionState\": {\r\n      \"status\":
        \"Rejected\",\r\n      \"description\": \"\",\r\n      \"actionsRequired\":
        \"need action\"\r\n    },\r\n    \"linkIdentifier\": \"520114877\"\r\n  },\r\n
        \ \"type\": \"Microsoft.Network/privateLinkServices/privateEndpointConnections\"\r\n}"
    headers:
      azure-asyncoperation:
      - https://management.azure.com/subscriptions/00000000-0000-0000-0000-000000000000/providers/Microsoft.Network/locations/centralus/operations/4340da5e-c578-442b-b15e-fc6a5a4d65ed?api-version=2021-05-01
      cache-control:
      - no-cache
      content-length:
      - '956'
      content-type:
      - application/json; charset=utf-8
      date:
      - Wed, 03 Nov 2021 04:27:21 GMT
      expires:
      - '-1'
      pragma:
      - no-cache
      server:
      - Microsoft-HTTPAPI/2.0
      - Microsoft-HTTPAPI/2.0
      strict-transport-security:
      - max-age=31536000; includeSubDomains
      transfer-encoding:
      - chunked
      vary:
      - Accept-Encoding
      x-content-type-options:
      - nosniff
      x-ms-arm-service-request-id:
      - 7966acdb-69d2-4e9c-9d70-3743942c638c
      x-ms-ratelimit-remaining-subscription-writes:
      - '1198'
    status:
      code: 200
      message: OK
- request:
    body: null
    headers:
      Accept:
      - application/json
      Accept-Encoding:
      - gzip, deflate
      CommandName:
      - network private-endpoint show
      Connection:
      - keep-alive
      ParameterSetName:
      - -g -n
      User-Agent:
      - AZURECLI/2.30.0 azsdk-python-azure-mgmt-network/19.2.0 Python/3.8.3 (Windows-10-10.0.18362-SP0)
    method: GET
    uri: https://management.azure.com/subscriptions/00000000-0000-0000-0000-000000000000/resourceGroups/cli_test_network_private_endpoints000001/providers/Microsoft.Network/privateEndpoints/pe1?api-version=2021-05-01
  response:
    body:
      string: "{\r\n  \"name\": \"pe1\",\r\n  \"id\": \"/subscriptions/00000000-0000-0000-0000-000000000000/resourceGroups/cli_test_network_private_endpoints000001/providers/Microsoft.Network/privateEndpoints/pe1\",\r\n
        \ \"etag\": \"W/\\\"97c258d8-c4d3-43a3-8baa-09e33f4ed111\\\"\",\r\n  \"type\":
        \"Microsoft.Network/privateEndpoints\",\r\n  \"location\": \"centralus\",\r\n
        \ \"properties\": {\r\n    \"provisioningState\": \"Succeeded\",\r\n    \"resourceGuid\":
        \"90c1727b-051d-4d46-bed8-52a23795275d\",\r\n    \"privateLinkServiceConnections\":
        [\r\n      {\r\n        \"name\": \"tttt\",\r\n        \"id\": \"/subscriptions/00000000-0000-0000-0000-000000000000/resourceGroups/cli_test_network_private_endpoints000001/providers/Microsoft.Network/privateEndpoints/pe1/privateLinkServiceConnections/tttt\",\r\n
        \       \"etag\": \"W/\\\"97c258d8-c4d3-43a3-8baa-09e33f4ed111\\\"\",\r\n
        \       \"properties\": {\r\n          \"provisioningState\": \"Succeeded\",\r\n
        \         \"privateLinkServiceId\": \"/subscriptions/00000000-0000-0000-0000-000000000000/resourceGroups/cli_test_network_private_endpoints000001/providers/Microsoft.Network/privateLinkServices/lks1\",\r\n
        \         \"privateLinkServiceConnectionState\": {\r\n            \"status\":
        \"Rejected\",\r\n            \"description\": \"\",\r\n            \"actionsRequired\":
        \"need action\"\r\n          }\r\n        },\r\n        \"type\": \"Microsoft.Network/privateEndpoints/privateLinkServiceConnections\"\r\n
        \     }\r\n    ],\r\n    \"manualPrivateLinkServiceConnections\": [],\r\n
        \   \"customNetworkInterfaceName\": \"\",\r\n    \"subnet\": {\r\n      \"id\":
        \"/subscriptions/00000000-0000-0000-0000-000000000000/resourceGroups/cli_test_network_private_endpoints000001/providers/Microsoft.Network/virtualNetworks/vnet1/subnets/subnet2\"\r\n
        \   },\r\n    \"ipConfigurations\": [],\r\n    \"networkInterfaces\": [\r\n
        \     {\r\n        \"id\": \"/subscriptions/00000000-0000-0000-0000-000000000000/resourceGroups/cli_test_network_private_endpoints000001/providers/Microsoft.Network/networkInterfaces/pe1.nic.b02f798a-407c-46e1-9c57-5f754e569923\"\r\n
        \     }\r\n    ],\r\n    \"customDnsConfigs\": []\r\n  }\r\n}"
    headers:
      cache-control:
      - no-cache
      content-length:
      - '2157'
      content-type:
      - application/json; charset=utf-8
      date:
      - Wed, 03 Nov 2021 04:27:23 GMT
      etag:
      - W/"97c258d8-c4d3-43a3-8baa-09e33f4ed111"
      expires:
      - '-1'
      pragma:
      - no-cache
      server:
      - Microsoft-HTTPAPI/2.0
      - Microsoft-HTTPAPI/2.0
      strict-transport-security:
      - max-age=31536000; includeSubDomains
      transfer-encoding:
      - chunked
      vary:
      - Accept-Encoding
      x-content-type-options:
      - nosniff
      x-ms-arm-service-request-id:
      - 98aa7c64-c9ba-4425-8fef-1709e4c4f174
    status:
      code: 200
      message: OK
- request:
    body: null
    headers:
      Accept:
      - application/json
      Accept-Encoding:
      - gzip, deflate
      CommandName:
      - network private-link-service connection delete
      Connection:
      - keep-alive
      Content-Length:
      - '0'
      ParameterSetName:
      - -g -n --service-name
      User-Agent:
      - AZURECLI/2.30.0 azsdk-python-azure-mgmt-network/19.2.0 Python/3.8.3 (Windows-10-10.0.18362-SP0)
    method: DELETE
    uri: https://management.azure.com/subscriptions/00000000-0000-0000-0000-000000000000/resourceGroups/cli_test_network_private_endpoints000001/providers/Microsoft.Network/privateLinkServices/lks1/privateEndpointConnections/pe1.90c1727b-051d-4d46-bed8-52a23795275d?api-version=2021-05-01
  response:
    body:
      string: ''
    headers:
      azure-asyncoperation:
      - https://management.azure.com/subscriptions/00000000-0000-0000-0000-000000000000/providers/Microsoft.Network/locations/centralus/operations/300178eb-1672-4ba3-90fd-46e57fcdf071?api-version=2021-05-01
      cache-control:
      - no-cache
      content-length:
      - '0'
      date:
      - Wed, 03 Nov 2021 04:27:24 GMT
      expires:
      - '-1'
      location:
      - https://management.azure.com/subscriptions/00000000-0000-0000-0000-000000000000/providers/Microsoft.Network/locations/centralus/operationResults/300178eb-1672-4ba3-90fd-46e57fcdf071?api-version=2021-05-01
      pragma:
      - no-cache
      server:
      - Microsoft-HTTPAPI/2.0
      - Microsoft-HTTPAPI/2.0
      strict-transport-security:
      - max-age=31536000; includeSubDomains
      x-content-type-options:
      - nosniff
      x-ms-arm-service-request-id:
      - 5e4ab5ed-38f7-4e93-9145-ccf76a6114e9
      x-ms-ratelimit-remaining-subscription-deletes:
      - '14999'
    status:
      code: 202
      message: Accepted
- request:
    body: null
    headers:
      Accept:
      - '*/*'
      Accept-Encoding:
      - gzip, deflate
      CommandName:
      - network private-link-service connection delete
      Connection:
      - keep-alive
      ParameterSetName:
      - -g -n --service-name
      User-Agent:
      - AZURECLI/2.30.0 azsdk-python-azure-mgmt-network/19.2.0 Python/3.8.3 (Windows-10-10.0.18362-SP0)
    method: GET
    uri: https://management.azure.com/subscriptions/00000000-0000-0000-0000-000000000000/providers/Microsoft.Network/locations/centralus/operations/300178eb-1672-4ba3-90fd-46e57fcdf071?api-version=2021-05-01
  response:
    body:
      string: "{\r\n  \"status\": \"Succeeded\"\r\n}"
    headers:
      cache-control:
      - no-cache
      content-length:
      - '29'
      content-type:
      - application/json; charset=utf-8
      date:
      - Wed, 03 Nov 2021 04:27:34 GMT
      expires:
      - '-1'
      pragma:
      - no-cache
      server:
      - Microsoft-HTTPAPI/2.0
      - Microsoft-HTTPAPI/2.0
      strict-transport-security:
      - max-age=31536000; includeSubDomains
      transfer-encoding:
      - chunked
      vary:
      - Accept-Encoding
      x-content-type-options:
      - nosniff
      x-ms-arm-service-request-id:
      - 713b5752-473a-4fa0-9da5-16dd935238ea
    status:
      code: 200
      message: OK
- request:
    body: null
    headers:
      Accept:
      - application/json
      Accept-Encoding:
      - gzip, deflate
      CommandName:
      - network private-link-service show
      Connection:
      - keep-alive
      ParameterSetName:
      - -g -n
      User-Agent:
      - AZURECLI/2.30.0 azsdk-python-azure-mgmt-network/19.2.0 Python/3.8.3 (Windows-10-10.0.18362-SP0)
    method: GET
    uri: https://management.azure.com/subscriptions/00000000-0000-0000-0000-000000000000/resourceGroups/cli_test_network_private_endpoints000001/providers/Microsoft.Network/privateLinkServices/lks1?api-version=2021-05-01
  response:
    body:
      string: "{\r\n  \"name\": \"lks1\",\r\n  \"id\": \"/subscriptions/00000000-0000-0000-0000-000000000000/resourceGroups/cli_test_network_private_endpoints000001/providers/Microsoft.Network/privateLinkServices/lks1\",\r\n
        \ \"etag\": \"W/\\\"3289bb0d-675b-4f67-8409-cc222e0d1632\\\"\",\r\n  \"type\":
        \"Microsoft.Network/privateLinkServices\",\r\n  \"location\": \"centralus\",\r\n
        \ \"properties\": {\r\n    \"provisioningState\": \"Succeeded\",\r\n    \"resourceGuid\":
        \"c47e7a0d-5002-49f0-b18b-e3c94f215ebb\",\r\n    \"fqdns\": [],\r\n    \"alias\":
        \"lks1.466728e4-dfb9-42b1-8477-3a741d5df63a.centralus.azure.privatelinkservice\",\r\n
        \   \"enableProxyProtocol\": false,\r\n    \"loadBalancerFrontendIpConfigurations\":
        [\r\n      {\r\n        \"id\": \"/subscriptions/00000000-0000-0000-0000-000000000000/resourceGroups/cli_test_network_private_endpoints000001/providers/Microsoft.Network/loadBalancers/lb1/frontendIPConfigurations/LoadBalancerFrontEnd\"\r\n
        \     }\r\n    ],\r\n    \"ipConfigurations\": [\r\n      {\r\n        \"name\":
        \"lks1_ipconfig_0\",\r\n        \"id\": \"/subscriptions/00000000-0000-0000-0000-000000000000/resourceGroups/cli_test_network_private_endpoints000001/providers/Microsoft.Network/privateLinkServices/lks1/ipConfigurations/lks1_ipconfig_0\",\r\n
        \       \"etag\": \"W/\\\"3289bb0d-675b-4f67-8409-cc222e0d1632\\\"\",\r\n
        \       \"type\": \"Microsoft.Network/privateLinkServices/ipConfigurations\",\r\n
        \       \"properties\": {\r\n          \"provisioningState\": \"Succeeded\",\r\n
        \         \"privateIPAllocationMethod\": \"Dynamic\",\r\n          \"subnet\":
        {\r\n            \"id\": \"/subscriptions/00000000-0000-0000-0000-000000000000/resourceGroups/cli_test_network_private_endpoints000001/providers/Microsoft.Network/virtualNetworks/vnet1/subnets/subnet1\"\r\n
        \         },\r\n          \"primary\": true,\r\n          \"privateIPAddressVersion\":
        \"IPv4\"\r\n        }\r\n      }\r\n    ],\r\n    \"privateEndpointConnections\":
        [],\r\n    \"networkInterfaces\": [\r\n      {\r\n        \"id\": \"/subscriptions/00000000-0000-0000-0000-000000000000/resourceGroups/cli_test_network_private_endpoints000001/providers/Microsoft.Network/networkInterfaces/lks1.nic.f4c72174-3d39-4062-abd4-e6a9a607721d\"\r\n
        \     }\r\n    ]\r\n  }\r\n}"
    headers:
      cache-control:
      - no-cache
      content-length:
      - '2254'
      content-type:
      - application/json; charset=utf-8
      date:
      - Wed, 03 Nov 2021 04:27:37 GMT
      etag:
      - W/"3289bb0d-675b-4f67-8409-cc222e0d1632"
      expires:
      - '-1'
      pragma:
      - no-cache
      server:
      - Microsoft-HTTPAPI/2.0
      - Microsoft-HTTPAPI/2.0
      strict-transport-security:
      - max-age=31536000; includeSubDomains
      transfer-encoding:
      - chunked
      vary:
      - Accept-Encoding
      x-content-type-options:
      - nosniff
      x-ms-arm-service-request-id:
      - 47cbaf89-0e9c-461b-9c98-4bc5b6352ec6
    status:
      code: 200
      message: OK
- request:
    body: null
    headers:
      Accept:
      - application/json
      Accept-Encoding:
      - gzip, deflate
      CommandName:
      - network private-endpoint delete
      Connection:
      - keep-alive
      Content-Length:
      - '0'
      ParameterSetName:
      - -g -n
      User-Agent:
      - AZURECLI/2.30.0 azsdk-python-azure-mgmt-network/19.2.0 Python/3.8.3 (Windows-10-10.0.18362-SP0)
    method: DELETE
    uri: https://management.azure.com/subscriptions/00000000-0000-0000-0000-000000000000/resourceGroups/cli_test_network_private_endpoints000001/providers/Microsoft.Network/privateEndpoints/pe1?api-version=2021-05-01
  response:
    body:
      string: ''
    headers:
      azure-asyncnotification:
      - Enabled
      azure-asyncoperation:
      - https://management.azure.com/subscriptions/00000000-0000-0000-0000-000000000000/providers/Microsoft.Network/locations/centralus/operations/eb3eb136-ed42-42b3-bc73-2abaee28b8fd?api-version=2021-05-01
      cache-control:
      - no-cache
      content-length:
      - '0'
      date:
      - Wed, 03 Nov 2021 04:27:39 GMT
      expires:
      - '-1'
      location:
      - https://management.azure.com/subscriptions/00000000-0000-0000-0000-000000000000/providers/Microsoft.Network/locations/centralus/operationResults/eb3eb136-ed42-42b3-bc73-2abaee28b8fd?api-version=2021-05-01
      pragma:
      - no-cache
      server:
      - Microsoft-HTTPAPI/2.0
      - Microsoft-HTTPAPI/2.0
      strict-transport-security:
      - max-age=31536000; includeSubDomains
      x-content-type-options:
      - nosniff
      x-ms-arm-service-request-id:
      - b92b8c93-2569-4766-aea5-4464ca62ce78
      x-ms-ratelimit-remaining-subscription-deletes:
      - '14999'
    status:
      code: 202
      message: Accepted
- request:
    body: null
    headers:
      Accept:
      - '*/*'
      Accept-Encoding:
      - gzip, deflate
      CommandName:
      - network private-endpoint delete
      Connection:
      - keep-alive
      ParameterSetName:
      - -g -n
      User-Agent:
      - AZURECLI/2.30.0 azsdk-python-azure-mgmt-network/19.2.0 Python/3.8.3 (Windows-10-10.0.18362-SP0)
    method: GET
    uri: https://management.azure.com/subscriptions/00000000-0000-0000-0000-000000000000/providers/Microsoft.Network/locations/centralus/operations/eb3eb136-ed42-42b3-bc73-2abaee28b8fd?api-version=2021-05-01
  response:
    body:
      string: "{\r\n  \"status\": \"Succeeded\"\r\n}"
    headers:
      cache-control:
      - no-cache
      content-length:
      - '29'
      content-type:
      - application/json; charset=utf-8
      date:
      - Wed, 03 Nov 2021 04:27:49 GMT
      expires:
      - '-1'
      pragma:
      - no-cache
      server:
      - Microsoft-HTTPAPI/2.0
      - Microsoft-HTTPAPI/2.0
      strict-transport-security:
      - max-age=31536000; includeSubDomains
      transfer-encoding:
      - chunked
      vary:
      - Accept-Encoding
      x-content-type-options:
      - nosniff
      x-ms-arm-service-request-id:
      - ae1d4f9f-6abb-4648-ad1e-3aeee07c13e6
    status:
      code: 200
      message: OK
version: 1
