interactions:
- request:
    body: null
    headers:
      Accept:
      - application/json
      Accept-Encoding:
      - gzip, deflate
      CommandName:
      - network public-ip prefix create
      Connection:
      - keep-alive
      ParameterSetName:
      - -g -n --length
      User-Agent:
      - AZURECLI/2.41.0 (PIP) azsdk-python-azure-mgmt-resource/21.1.0b1 Python/3.8.10
        (Windows-10-10.0.19044-SP0)
    method: GET
    uri: https://management.azure.com/subscriptions/00000000-0000-0000-0000-000000000000/resourcegroups/cli_test_network_public_ip_prefix000001?api-version=2021-04-01
  response:
    body:
      string: '{"id":"/subscriptions/00000000-0000-0000-0000-000000000000/resourceGroups/cli_test_network_public_ip_prefix000001","name":"cli_test_network_public_ip_prefix000001","type":"Microsoft.Resources/resourceGroups","location":"eastus2","tags":{"product":"azurecli","cause":"automation","date":"2022-10-25T04:26:15Z"},"properties":{"provisioningState":"Succeeded"}}'
    headers:
      cache-control:
      - no-cache
      content-length:
      - '357'
      content-type:
      - application/json; charset=utf-8
      date:
      - Tue, 25 Oct 2022 04:26:22 GMT
      expires:
      - '-1'
      pragma:
      - no-cache
      strict-transport-security:
      - max-age=31536000; includeSubDomains
      vary:
      - Accept-Encoding
      x-content-type-options:
      - nosniff
    status:
      code: 200
      message: OK
- request:
    body: '{"location": "eastus2", "sku": {"name": "Standard"}, "properties": {"publicIPAddressVersion":
      "IPv4", "prefixLength": 30}}'
    headers:
      Accept:
      - application/json
      Accept-Encoding:
      - gzip, deflate
      CommandName:
      - network public-ip prefix create
      Connection:
      - keep-alive
      Content-Length:
      - '122'
      Content-Type:
      - application/json
      ParameterSetName:
      - -g -n --length
      User-Agent:
      - AZURECLI/2.41.0 (PIP) azsdk-python-azure-mgmt-network/21.0.1 Python/3.8.10
        (Windows-10-10.0.19044-SP0)
    method: PUT
    uri: https://management.azure.com/subscriptions/00000000-0000-0000-0000-000000000000/resourceGroups/cli_test_network_public_ip_prefix000001/providers/Microsoft.Network/publicIPPrefixes/prefix1?api-version=2022-01-01
  response:
    body:
      string: "{\r\n  \"name\": \"prefix1\",\r\n  \"id\": \"/subscriptions/00000000-0000-0000-0000-000000000000/resourceGroups/cli_test_network_public_ip_prefix000001/providers/Microsoft.Network/publicIPPrefixes/prefix1\",\r\n
        \ \"etag\": \"W/\\\"6e345183-ac7a-4978-84a4-3eb1931f04b9\\\"\",\r\n  \"type\":
        \"Microsoft.Network/publicIPPrefixes\",\r\n  \"location\": \"eastus2\",\r\n
        \ \"properties\": {\r\n    \"provisioningState\": \"Updating\",\r\n    \"resourceGuid\":
        \"4f73a518-7c43-4eef-a66a-5a7dc5f77a68\",\r\n    \"prefixLength\": 30,\r\n
        \   \"publicIPAddressVersion\": \"IPv4\",\r\n    \"ipTags\": []\r\n  },\r\n
        \ \"sku\": {\r\n    \"name\": \"Standard\",\r\n    \"tier\": \"Regional\"\r\n
        \ }\r\n}"
    headers:
      azure-asyncnotification:
      - Enabled
      azure-asyncoperation:
      - https://management.azure.com/subscriptions/00000000-0000-0000-0000-000000000000/providers/Microsoft.Network/locations/eastus2/operations/5203df6c-6ced-4ece-87da-5fdb9735ea87?api-version=2022-01-01
      cache-control:
      - no-cache
      content-length:
      - '602'
      content-type:
      - application/json; charset=utf-8
      date:
      - Tue, 25 Oct 2022 04:26:28 GMT
      expires:
      - '-1'
      pragma:
      - no-cache
      server:
      - Microsoft-HTTPAPI/2.0
      - Microsoft-HTTPAPI/2.0
      strict-transport-security:
      - max-age=31536000; includeSubDomains
      x-content-type-options:
      - nosniff
      x-ms-arm-service-request-id:
      - 7f7000d5-b015-4c2a-857c-e0a5f7cd204a
      x-ms-ratelimit-remaining-subscription-writes:
      - '1199'
    status:
      code: 201
      message: Created
- request:
    body: null
    headers:
      Accept:
      - '*/*'
      Accept-Encoding:
      - gzip, deflate
      CommandName:
      - network public-ip prefix create
      Connection:
      - keep-alive
      ParameterSetName:
      - -g -n --length
      User-Agent:
      - AZURECLI/2.41.0 (PIP) azsdk-python-azure-mgmt-network/21.0.1 Python/3.8.10
        (Windows-10-10.0.19044-SP0)
    method: GET
    uri: https://management.azure.com/subscriptions/00000000-0000-0000-0000-000000000000/providers/Microsoft.Network/locations/eastus2/operations/5203df6c-6ced-4ece-87da-5fdb9735ea87?api-version=2022-01-01
  response:
    body:
      string: "{\r\n  \"status\": \"Succeeded\"\r\n}"
    headers:
      cache-control:
      - no-cache
      content-length:
      - '29'
      content-type:
      - application/json; charset=utf-8
      date:
      - Tue, 25 Oct 2022 04:26:31 GMT
      expires:
      - '-1'
      pragma:
      - no-cache
      server:
      - Microsoft-HTTPAPI/2.0
      - Microsoft-HTTPAPI/2.0
      strict-transport-security:
      - max-age=31536000; includeSubDomains
      transfer-encoding:
      - chunked
      vary:
      - Accept-Encoding
      x-content-type-options:
      - nosniff
      x-ms-arm-service-request-id:
      - f408863e-08b0-45e6-87a8-95613bac19db
    status:
      code: 200
      message: OK
- request:
    body: null
    headers:
      Accept:
      - '*/*'
      Accept-Encoding:
      - gzip, deflate
      CommandName:
      - network public-ip prefix create
      Connection:
      - keep-alive
      ParameterSetName:
      - -g -n --length
      User-Agent:
      - AZURECLI/2.41.0 (PIP) azsdk-python-azure-mgmt-network/21.0.1 Python/3.8.10
        (Windows-10-10.0.19044-SP0)
    method: GET
    uri: https://management.azure.com/subscriptions/00000000-0000-0000-0000-000000000000/resourceGroups/cli_test_network_public_ip_prefix000001/providers/Microsoft.Network/publicIPPrefixes/prefix1?api-version=2022-01-01
  response:
    body:
      string: "{\r\n  \"name\": \"prefix1\",\r\n  \"id\": \"/subscriptions/00000000-0000-0000-0000-000000000000/resourceGroups/cli_test_network_public_ip_prefix000001/providers/Microsoft.Network/publicIPPrefixes/prefix1\",\r\n
        \ \"etag\": \"W/\\\"549bb7e1-caf4-4e68-9392-46a5fccbe961\\\"\",\r\n  \"type\":
        \"Microsoft.Network/publicIPPrefixes\",\r\n  \"location\": \"eastus2\",\r\n
        \ \"properties\": {\r\n    \"provisioningState\": \"Succeeded\",\r\n    \"resourceGuid\":
        \"4f73a518-7c43-4eef-a66a-5a7dc5f77a68\",\r\n    \"prefixLength\": 30,\r\n
        \   \"publicIPAddressVersion\": \"IPv4\",\r\n    \"ipPrefix\": \"20.161.4.252/30\",\r\n
        \   \"ipTags\": []\r\n  },\r\n  \"sku\": {\r\n    \"name\": \"Standard\",\r\n
        \   \"tier\": \"Regional\"\r\n  }\r\n}"
    headers:
      cache-control:
      - no-cache
      content-length:
      - '639'
      content-type:
      - application/json; charset=utf-8
      date:
      - Tue, 25 Oct 2022 04:26:32 GMT
      etag:
      - W/"549bb7e1-caf4-4e68-9392-46a5fccbe961"
      expires:
      - '-1'
      pragma:
      - no-cache
      server:
      - Microsoft-HTTPAPI/2.0
      - Microsoft-HTTPAPI/2.0
      strict-transport-security:
      - max-age=31536000; includeSubDomains
      transfer-encoding:
      - chunked
      vary:
      - Accept-Encoding
      x-content-type-options:
      - nosniff
      x-ms-arm-service-request-id:
      - 49e4a279-ed81-40b0-8518-d48763483807
    status:
      code: 200
      message: OK
- request:
    body: null
    headers:
      Accept:
      - application/json
      Accept-Encoding:
      - gzip, deflate
      CommandName:
      - network public-ip prefix update
      Connection:
      - keep-alive
      ParameterSetName:
      - -g -n --tags
      User-Agent:
      - AZURECLI/2.41.0 (PIP) azsdk-python-azure-mgmt-network/21.0.1 Python/3.8.10
        (Windows-10-10.0.19044-SP0)
    method: GET
    uri: https://management.azure.com/subscriptions/00000000-0000-0000-0000-000000000000/resourceGroups/cli_test_network_public_ip_prefix000001/providers/Microsoft.Network/publicIPPrefixes/prefix1?api-version=2022-01-01
  response:
    body:
      string: "{\r\n  \"name\": \"prefix1\",\r\n  \"id\": \"/subscriptions/00000000-0000-0000-0000-000000000000/resourceGroups/cli_test_network_public_ip_prefix000001/providers/Microsoft.Network/publicIPPrefixes/prefix1\",\r\n
        \ \"etag\": \"W/\\\"549bb7e1-caf4-4e68-9392-46a5fccbe961\\\"\",\r\n  \"type\":
        \"Microsoft.Network/publicIPPrefixes\",\r\n  \"location\": \"eastus2\",\r\n
        \ \"properties\": {\r\n    \"provisioningState\": \"Succeeded\",\r\n    \"resourceGuid\":
        \"4f73a518-7c43-4eef-a66a-5a7dc5f77a68\",\r\n    \"prefixLength\": 30,\r\n
        \   \"publicIPAddressVersion\": \"IPv4\",\r\n    \"ipPrefix\": \"20.161.4.252/30\",\r\n
        \   \"ipTags\": []\r\n  },\r\n  \"sku\": {\r\n    \"name\": \"Standard\",\r\n
        \   \"tier\": \"Regional\"\r\n  }\r\n}"
    headers:
      cache-control:
      - no-cache
      content-length:
      - '639'
      content-type:
      - application/json; charset=utf-8
      date:
      - Tue, 25 Oct 2022 04:26:33 GMT
      etag:
      - W/"549bb7e1-caf4-4e68-9392-46a5fccbe961"
      expires:
      - '-1'
      pragma:
      - no-cache
      server:
      - Microsoft-HTTPAPI/2.0
      - Microsoft-HTTPAPI/2.0
      strict-transport-security:
      - max-age=31536000; includeSubDomains
      transfer-encoding:
      - chunked
      vary:
      - Accept-Encoding
      x-content-type-options:
      - nosniff
      x-ms-arm-service-request-id:
      - 81ae87a3-d23d-4a9f-a66b-938072e771f2
    status:
      code: 200
      message: OK
- request:
    body: '{"id": "/subscriptions/00000000-0000-0000-0000-000000000000/resourceGroups/cli_test_network_public_ip_prefix000001/providers/Microsoft.Network/publicIPPrefixes/prefix1",
      "location": "eastus2", "tags": {"foo": "doo"}, "sku": {"name": "Standard", "tier":
      "Regional"}, "properties": {"publicIPAddressVersion": "IPv4", "ipTags": [],
      "prefixLength": 30}}'
    headers:
      Accept:
      - application/json
      Accept-Encoding:
      - gzip, deflate
      CommandName:
      - network public-ip prefix update
      Connection:
      - keep-alive
      Content-Length:
      - '349'
      Content-Type:
      - application/json
      ParameterSetName:
      - -g -n --tags
      User-Agent:
      - AZURECLI/2.41.0 (PIP) azsdk-python-azure-mgmt-network/21.0.1 Python/3.8.10
        (Windows-10-10.0.19044-SP0)
    method: PUT
    uri: https://management.azure.com/subscriptions/00000000-0000-0000-0000-000000000000/resourceGroups/cli_test_network_public_ip_prefix000001/providers/Microsoft.Network/publicIPPrefixes/prefix1?api-version=2022-01-01
  response:
    body:
      string: "{\r\n  \"name\": \"prefix1\",\r\n  \"id\": \"/subscriptions/00000000-0000-0000-0000-000000000000/resourceGroups/cli_test_network_public_ip_prefix000001/providers/Microsoft.Network/publicIPPrefixes/prefix1\",\r\n
        \ \"etag\": \"W/\\\"8f5c7e62-e9fa-4284-b0f6-f2902608713b\\\"\",\r\n  \"type\":
        \"Microsoft.Network/publicIPPrefixes\",\r\n  \"location\": \"eastus2\",\r\n
        \ \"tags\": {\r\n    \"foo\": \"doo\"\r\n  },\r\n  \"properties\": {\r\n    \"provisioningState\":
        \"Succeeded\",\r\n    \"resourceGuid\": \"4f73a518-7c43-4eef-a66a-5a7dc5f77a68\",\r\n
        \   \"prefixLength\": 30,\r\n    \"publicIPAddressVersion\": \"IPv4\",\r\n
        \   \"ipPrefix\": \"20.161.4.252/30\",\r\n    \"ipTags\": []\r\n  },\r\n  \"sku\":
        {\r\n    \"name\": \"Standard\",\r\n    \"tier\": \"Regional\"\r\n  }\r\n}"
    headers:
      azure-asyncnotification:
      - Enabled
      azure-asyncoperation:
      - https://management.azure.com/subscriptions/00000000-0000-0000-0000-000000000000/providers/Microsoft.Network/locations/eastus2/operations/33fb4afa-c913-4ecd-90e5-49ff7246356c?api-version=2022-01-01
      cache-control:
      - no-cache
      content-length:
      - '676'
      content-type:
      - application/json; charset=utf-8
      date:
      - Tue, 25 Oct 2022 04:26:37 GMT
      expires:
      - '-1'
      pragma:
      - no-cache
      server:
      - Microsoft-HTTPAPI/2.0
      - Microsoft-HTTPAPI/2.0
      strict-transport-security:
      - max-age=31536000; includeSubDomains
      transfer-encoding:
      - chunked
      vary:
      - Accept-Encoding
      x-content-type-options:
      - nosniff
      x-ms-arm-service-request-id:
      - 1d5c45d7-5ed3-4405-be87-316687606bc7
      x-ms-ratelimit-remaining-subscription-writes:
      - '1199'
    status:
      code: 200
      message: OK
- request:
    body: null
    headers:
      Accept:
      - '*/*'
      Accept-Encoding:
      - gzip, deflate
      CommandName:
      - network public-ip prefix update
      Connection:
      - keep-alive
      ParameterSetName:
      - -g -n --tags
      User-Agent:
      - AZURECLI/2.41.0 (PIP) azsdk-python-azure-mgmt-network/21.0.1 Python/3.8.10
        (Windows-10-10.0.19044-SP0)
    method: GET
    uri: https://management.azure.com/subscriptions/00000000-0000-0000-0000-000000000000/providers/Microsoft.Network/locations/eastus2/operations/33fb4afa-c913-4ecd-90e5-49ff7246356c?api-version=2022-01-01
  response:
    body:
      string: "{\r\n  \"status\": \"Succeeded\"\r\n}"
    headers:
      cache-control:
      - no-cache
      content-length:
      - '29'
      content-type:
      - application/json; charset=utf-8
      date:
      - Tue, 25 Oct 2022 04:27:08 GMT
      expires:
      - '-1'
      pragma:
      - no-cache
      server:
      - Microsoft-HTTPAPI/2.0
      - Microsoft-HTTPAPI/2.0
      strict-transport-security:
      - max-age=31536000; includeSubDomains
      transfer-encoding:
      - chunked
      vary:
      - Accept-Encoding
      x-content-type-options:
      - nosniff
      x-ms-arm-service-request-id:
      - bee3c311-202c-41f7-904e-0e754121116c
    status:
      code: 200
      message: OK
- request:
    body: null
    headers:
      Accept:
      - '*/*'
      Accept-Encoding:
      - gzip, deflate
      CommandName:
      - network public-ip prefix update
      Connection:
      - keep-alive
      ParameterSetName:
      - -g -n --tags
      User-Agent:
      - AZURECLI/2.41.0 (PIP) azsdk-python-azure-mgmt-network/21.0.1 Python/3.8.10
        (Windows-10-10.0.19044-SP0)
    method: GET
    uri: https://management.azure.com/subscriptions/00000000-0000-0000-0000-000000000000/resourceGroups/cli_test_network_public_ip_prefix000001/providers/Microsoft.Network/publicIPPrefixes/prefix1?api-version=2022-01-01
  response:
    body:
      string: "{\r\n  \"name\": \"prefix1\",\r\n  \"id\": \"/subscriptions/00000000-0000-0000-0000-000000000000/resourceGroups/cli_test_network_public_ip_prefix000001/providers/Microsoft.Network/publicIPPrefixes/prefix1\",\r\n
        \ \"etag\": \"W/\\\"8f5c7e62-e9fa-4284-b0f6-f2902608713b\\\"\",\r\n  \"type\":
        \"Microsoft.Network/publicIPPrefixes\",\r\n  \"location\": \"eastus2\",\r\n
        \ \"tags\": {\r\n    \"foo\": \"doo\"\r\n  },\r\n  \"properties\": {\r\n    \"provisioningState\":
        \"Succeeded\",\r\n    \"resourceGuid\": \"4f73a518-7c43-4eef-a66a-5a7dc5f77a68\",\r\n
        \   \"prefixLength\": 30,\r\n    \"publicIPAddressVersion\": \"IPv4\",\r\n
        \   \"ipPrefix\": \"20.161.4.252/30\",\r\n    \"ipTags\": []\r\n  },\r\n  \"sku\":
        {\r\n    \"name\": \"Standard\",\r\n    \"tier\": \"Regional\"\r\n  }\r\n}"
    headers:
      cache-control:
      - no-cache
      content-length:
      - '676'
      content-type:
      - application/json; charset=utf-8
      date:
      - Tue, 25 Oct 2022 04:27:09 GMT
      etag:
      - W/"8f5c7e62-e9fa-4284-b0f6-f2902608713b"
      expires:
      - '-1'
      pragma:
      - no-cache
      server:
      - Microsoft-HTTPAPI/2.0
      - Microsoft-HTTPAPI/2.0
      strict-transport-security:
      - max-age=31536000; includeSubDomains
      transfer-encoding:
      - chunked
      vary:
      - Accept-Encoding
      x-content-type-options:
      - nosniff
      x-ms-arm-service-request-id:
      - 332f33b8-e889-4412-985f-69de82fd2026
    status:
      code: 200
      message: OK
- request:
    body: null
    headers:
      Accept:
      - application/json
      Accept-Encoding:
      - gzip, deflate
      CommandName:
      - network public-ip prefix show
      Connection:
      - keep-alive
      ParameterSetName:
      - -g -n
      User-Agent:
      - AZURECLI/2.41.0 (PIP) azsdk-python-azure-mgmt-network/21.0.1 Python/3.8.10
        (Windows-10-10.0.19044-SP0)
    method: GET
    uri: https://management.azure.com/subscriptions/00000000-0000-0000-0000-000000000000/resourceGroups/cli_test_network_public_ip_prefix000001/providers/Microsoft.Network/publicIPPrefixes/prefix1?api-version=2022-01-01
  response:
    body:
      string: "{\r\n  \"name\": \"prefix1\",\r\n  \"id\": \"/subscriptions/00000000-0000-0000-0000-000000000000/resourceGroups/cli_test_network_public_ip_prefix000001/providers/Microsoft.Network/publicIPPrefixes/prefix1\",\r\n
        \ \"etag\": \"W/\\\"8f5c7e62-e9fa-4284-b0f6-f2902608713b\\\"\",\r\n  \"type\":
        \"Microsoft.Network/publicIPPrefixes\",\r\n  \"location\": \"eastus2\",\r\n
        \ \"tags\": {\r\n    \"foo\": \"doo\"\r\n  },\r\n  \"properties\": {\r\n    \"provisioningState\":
        \"Succeeded\",\r\n    \"resourceGuid\": \"4f73a518-7c43-4eef-a66a-5a7dc5f77a68\",\r\n
        \   \"prefixLength\": 30,\r\n    \"publicIPAddressVersion\": \"IPv4\",\r\n
        \   \"ipPrefix\": \"20.161.4.252/30\",\r\n    \"ipTags\": []\r\n  },\r\n  \"sku\":
        {\r\n    \"name\": \"Standard\",\r\n    \"tier\": \"Regional\"\r\n  }\r\n}"
    headers:
      cache-control:
      - no-cache
      content-length:
      - '676'
      content-type:
      - application/json; charset=utf-8
      date:
      - Tue, 25 Oct 2022 04:27:10 GMT
      etag:
      - W/"8f5c7e62-e9fa-4284-b0f6-f2902608713b"
      expires:
      - '-1'
      pragma:
      - no-cache
      server:
      - Microsoft-HTTPAPI/2.0
      - Microsoft-HTTPAPI/2.0
      strict-transport-security:
      - max-age=31536000; includeSubDomains
      transfer-encoding:
      - chunked
      vary:
      - Accept-Encoding
      x-content-type-options:
      - nosniff
      x-ms-arm-service-request-id:
      - a66f5f31-8034-46bd-83b8-f9df24450cad
    status:
      code: 200
      message: OK
- request:
    body: null
    headers:
      Accept:
      - application/json
      Accept-Encoding:
      - gzip, deflate
      CommandName:
      - network public-ip prefix list
      Connection:
      - keep-alive
      ParameterSetName:
      - -g
      User-Agent:
      - AZURECLI/2.41.0 (PIP) azsdk-python-azure-mgmt-network/21.0.1 Python/3.8.10
        (Windows-10-10.0.19044-SP0)
    method: GET
    uri: https://management.azure.com/subscriptions/00000000-0000-0000-0000-000000000000/resourceGroups/cli_test_network_public_ip_prefix000001/providers/Microsoft.Network/publicIPPrefixes?api-version=2022-01-01
  response:
    body:
      string: "{\r\n  \"value\": [\r\n    {\r\n      \"name\": \"prefix1\",\r\n      \"id\":
        \"/subscriptions/00000000-0000-0000-0000-000000000000/resourceGroups/cli_test_network_public_ip_prefix000001/providers/Microsoft.Network/publicIPPrefixes/prefix1\",\r\n
        \     \"etag\": \"W/\\\"8f5c7e62-e9fa-4284-b0f6-f2902608713b\\\"\",\r\n      \"type\":
        \"Microsoft.Network/publicIPPrefixes\",\r\n      \"location\": \"eastus2\",\r\n
        \     \"tags\": {\r\n        \"foo\": \"doo\"\r\n      },\r\n      \"properties\":
        {\r\n        \"provisioningState\": \"Succeeded\",\r\n        \"resourceGuid\":
        \"4f73a518-7c43-4eef-a66a-5a7dc5f77a68\",\r\n        \"prefixLength\": 30,\r\n
        \       \"publicIPAddressVersion\": \"IPv4\",\r\n        \"ipPrefix\": \"20.161.4.252/30\",\r\n
        \       \"ipTags\": []\r\n      },\r\n      \"sku\": {\r\n        \"name\":
        \"Standard\",\r\n        \"tier\": \"Regional\"\r\n      }\r\n    }\r\n  ]\r\n}"
    headers:
      cache-control:
      - no-cache
      content-length:
      - '789'
      content-type:
      - application/json; charset=utf-8
      date:
      - Tue, 25 Oct 2022 04:27:12 GMT
      expires:
      - '-1'
      pragma:
      - no-cache
      server:
      - Microsoft-HTTPAPI/2.0
      - Microsoft-HTTPAPI/2.0
      strict-transport-security:
      - max-age=31536000; includeSubDomains
      transfer-encoding:
      - chunked
      vary:
      - Accept-Encoding
      x-content-type-options:
      - nosniff
      x-ms-arm-service-request-id:
      - 29ef3b78-66f2-4a22-af9c-f084681956aa
    status:
      code: 200
      message: OK
- request:
    body: null
    headers:
      Accept:
      - application/json
      Accept-Encoding:
      - gzip, deflate
      CommandName:
      - network public-ip prefix delete
      Connection:
      - keep-alive
      Content-Length:
      - '0'
      ParameterSetName:
      - -g -n
      User-Agent:
      - AZURECLI/2.41.0 (PIP) azsdk-python-azure-mgmt-network/21.0.1 Python/3.8.10
        (Windows-10-10.0.19044-SP0)
    method: DELETE
    uri: https://management.azure.com/subscriptions/00000000-0000-0000-0000-000000000000/resourceGroups/cli_test_network_public_ip_prefix000001/providers/Microsoft.Network/publicIPPrefixes/prefix1?api-version=2022-01-01
  response:
    body:
      string: ''
    headers:
      azure-asyncnotification:
      - Enabled
      azure-asyncoperation:
      - https://management.azure.com/subscriptions/00000000-0000-0000-0000-000000000000/providers/Microsoft.Network/locations/eastus2/operations/fd0f0195-6fab-4adb-90c8-03e94ea9a14c?api-version=2022-01-01
      cache-control:
      - no-cache
      content-length:
      - '0'
      date:
      - Tue, 25 Oct 2022 04:27:13 GMT
      expires:
      - '-1'
      location:
      - https://management.azure.com/subscriptions/00000000-0000-0000-0000-000000000000/providers/Microsoft.Network/locations/eastus2/operationResults/fd0f0195-6fab-4adb-90c8-03e94ea9a14c?api-version=2022-01-01
      pragma:
      - no-cache
      server:
      - Microsoft-HTTPAPI/2.0
      - Microsoft-HTTPAPI/2.0
      strict-transport-security:
      - max-age=31536000; includeSubDomains
      x-content-type-options:
      - nosniff
      x-ms-arm-service-request-id:
      - 7d6bccc4-87c5-44fb-a3fa-86810f2f93c2
      x-ms-ratelimit-remaining-subscription-deletes:
      - '14999'
    status:
      code: 202
      message: Accepted
- request:
    body: null
    headers:
      Accept:
      - '*/*'
      Accept-Encoding:
      - gzip, deflate
      CommandName:
      - network public-ip prefix delete
      Connection:
      - keep-alive
      ParameterSetName:
      - -g -n
      User-Agent:
      - AZURECLI/2.41.0 (PIP) azsdk-python-azure-mgmt-network/21.0.1 Python/3.8.10
        (Windows-10-10.0.19044-SP0)
    method: GET
    uri: https://management.azure.com/subscriptions/00000000-0000-0000-0000-000000000000/providers/Microsoft.Network/locations/eastus2/operations/fd0f0195-6fab-4adb-90c8-03e94ea9a14c?api-version=2022-01-01
  response:
    body:
      string: "{\r\n  \"status\": \"Succeeded\"\r\n}"
    headers:
      cache-control:
      - no-cache
      content-length:
      - '29'
      content-type:
      - application/json; charset=utf-8
      date:
      - Tue, 25 Oct 2022 04:27:24 GMT
      expires:
      - '-1'
      pragma:
      - no-cache
      server:
      - Microsoft-HTTPAPI/2.0
      - Microsoft-HTTPAPI/2.0
      strict-transport-security:
      - max-age=31536000; includeSubDomains
      transfer-encoding:
      - chunked
      vary:
      - Accept-Encoding
      x-content-type-options:
      - nosniff
      x-ms-arm-service-request-id:
      - 6631253e-68da-4cd9-b322-fc58fe7a7afd
    status:
      code: 200
      message: OK
- request:
    body: null
    headers:
      Accept:
      - '*/*'
      Accept-Encoding:
      - gzip, deflate
      CommandName:
      - network public-ip prefix delete
      Connection:
      - keep-alive
      ParameterSetName:
      - -g -n
      User-Agent:
      - AZURECLI/2.41.0 (PIP) azsdk-python-azure-mgmt-network/21.0.1 Python/3.8.10
        (Windows-10-10.0.19044-SP0)
    method: GET
    uri: https://management.azure.com/subscriptions/00000000-0000-0000-0000-000000000000/providers/Microsoft.Network/locations/eastus2/operationResults/fd0f0195-6fab-4adb-90c8-03e94ea9a14c?api-version=2022-01-01
  response:
    body:
      string: ''
    headers:
      azure-asyncnotification:
      - Enabled
      azure-asyncoperation:
      - https://management.azure.com/subscriptions/00000000-0000-0000-0000-000000000000/providers/Microsoft.Network/locations/eastus2/operations/fd0f0195-6fab-4adb-90c8-03e94ea9a14c?api-version=2022-01-01
      cache-control:
      - no-cache
      content-type:
      - application/json; charset=utf-8
      date:
      - Tue, 25 Oct 2022 04:27:24 GMT
      expires:
      - '-1'
      location:
      - https://management.azure.com/subscriptions/00000000-0000-0000-0000-000000000000/providers/Microsoft.Network/locations/eastus2/operationResults/fd0f0195-6fab-4adb-90c8-03e94ea9a14c?api-version=2022-01-01
      pragma:
      - no-cache
      server:
      - Microsoft-HTTPAPI/2.0
      - Microsoft-HTTPAPI/2.0
      strict-transport-security:
      - max-age=31536000; includeSubDomains
      x-content-type-options:
      - nosniff
      x-ms-arm-service-request-id:
      - 7d6bccc4-87c5-44fb-a3fa-86810f2f93c2
    status:
      code: 204
      message: No Content
- request:
    body: null
    headers:
      Accept:
      - application/json
      Accept-Encoding:
      - gzip, deflate
      CommandName:
      - network public-ip prefix list
      Connection:
      - keep-alive
      ParameterSetName:
      - -g
      User-Agent:
      - AZURECLI/2.41.0 (PIP) azsdk-python-azure-mgmt-network/21.0.1 Python/3.8.10
        (Windows-10-10.0.19044-SP0)
    method: GET
    uri: https://management.azure.com/subscriptions/00000000-0000-0000-0000-000000000000/resourceGroups/cli_test_network_public_ip_prefix000001/providers/Microsoft.Network/publicIPPrefixes?api-version=2022-01-01
  response:
    body:
      string: "{\r\n  \"value\": []\r\n}"
    headers:
      cache-control:
      - no-cache
      content-length:
      - '19'
      content-type:
      - application/json; charset=utf-8
      date:
      - Tue, 25 Oct 2022 04:27:26 GMT
      expires:
      - '-1'
      pragma:
      - no-cache
      server:
      - Microsoft-HTTPAPI/2.0
      - Microsoft-HTTPAPI/2.0
      strict-transport-security:
      - max-age=31536000; includeSubDomains
      transfer-encoding:
      - chunked
      vary:
      - Accept-Encoding
      x-content-type-options:
      - nosniff
      x-ms-arm-service-request-id:
      - 29ff5f19-3226-4ba5-b69e-3082f39f5bbd
    status:
      code: 200
      message: OK
- request:
    body: null
    headers:
      Accept:
      - application/json
      Accept-Encoding:
      - gzip, deflate
      CommandName:
      - network public-ip prefix create
      Connection:
      - keep-alive
      ParameterSetName:
      - -g -n --length
      User-Agent:
      - AZURECLI/2.41.0 (PIP) azsdk-python-azure-mgmt-resource/21.1.0b1 Python/3.8.10
        (Windows-10-10.0.19044-SP0)
    method: GET
    uri: https://management.azure.com/subscriptions/00000000-0000-0000-0000-000000000000/resourcegroups/cli_test_network_public_ip_prefix000001?api-version=2021-04-01
  response:
    body:
      string: '{"id":"/subscriptions/00000000-0000-0000-0000-000000000000/resourceGroups/cli_test_network_public_ip_prefix000001","name":"cli_test_network_public_ip_prefix000001","type":"Microsoft.Resources/resourceGroups","location":"eastus2","tags":{"product":"azurecli","cause":"automation","date":"2022-10-25T04:26:15Z"},"properties":{"provisioningState":"Succeeded"}}'
    headers:
      cache-control:
      - no-cache
      content-length:
      - '357'
      content-type:
      - application/json; charset=utf-8
      date:
      - Tue, 25 Oct 2022 04:27:27 GMT
      expires:
      - '-1'
      pragma:
      - no-cache
      strict-transport-security:
      - max-age=31536000; includeSubDomains
      vary:
      - Accept-Encoding
      x-content-type-options:
      - nosniff
    status:
      code: 200
      message: OK
- request:
    body: '{"location": "eastus2", "sku": {"name": "Standard"}, "properties": {"publicIPAddressVersion":
      "IPv4", "prefixLength": 30}}'
    headers:
      Accept:
      - application/json
      Accept-Encoding:
      - gzip, deflate
      CommandName:
      - network public-ip prefix create
      Connection:
      - keep-alive
      Content-Length:
      - '122'
      Content-Type:
      - application/json
      ParameterSetName:
      - -g -n --length
      User-Agent:
      - AZURECLI/2.41.0 (PIP) azsdk-python-azure-mgmt-network/21.0.1 Python/3.8.10
        (Windows-10-10.0.19044-SP0)
    method: PUT
    uri: https://management.azure.com/subscriptions/00000000-0000-0000-0000-000000000000/resourceGroups/cli_test_network_public_ip_prefix000001/providers/Microsoft.Network/publicIPPrefixes/prefix1?api-version=2022-01-01
  response:
    body:
      string: "{\r\n  \"name\": \"prefix1\",\r\n  \"id\": \"/subscriptions/00000000-0000-0000-0000-000000000000/resourceGroups/cli_test_network_public_ip_prefix000001/providers/Microsoft.Network/publicIPPrefixes/prefix1\",\r\n
        \ \"etag\": \"W/\\\"1f8def4e-b3e5-4fa2-8d2b-406813f67bad\\\"\",\r\n  \"type\":
        \"Microsoft.Network/publicIPPrefixes\",\r\n  \"location\": \"eastus2\",\r\n
        \ \"properties\": {\r\n    \"provisioningState\": \"Updating\",\r\n    \"resourceGuid\":
        \"fc07bf3c-03d9-49c8-b9fd-ee8c9e6b4f25\",\r\n    \"prefixLength\": 30,\r\n
        \   \"publicIPAddressVersion\": \"IPv4\",\r\n    \"ipTags\": []\r\n  },\r\n
        \ \"sku\": {\r\n    \"name\": \"Standard\",\r\n    \"tier\": \"Regional\"\r\n
        \ }\r\n}"
    headers:
      azure-asyncnotification:
      - Enabled
      azure-asyncoperation:
      - https://management.azure.com/subscriptions/00000000-0000-0000-0000-000000000000/providers/Microsoft.Network/locations/eastus2/operations/e6d084f6-8c4b-458f-947d-2eebf6bc7fb0?api-version=2022-01-01
      cache-control:
      - no-cache
      content-length:
      - '602'
      content-type:
      - application/json; charset=utf-8
      date:
      - Tue, 25 Oct 2022 04:27:33 GMT
      expires:
      - '-1'
      pragma:
      - no-cache
      server:
      - Microsoft-HTTPAPI/2.0
      - Microsoft-HTTPAPI/2.0
      strict-transport-security:
      - max-age=31536000; includeSubDomains
      x-content-type-options:
      - nosniff
      x-ms-arm-service-request-id:
      - 20b53730-a0db-480f-8c1b-9572b5d053a7
      x-ms-ratelimit-remaining-subscription-writes:
      - '1199'
    status:
      code: 201
      message: Created
- request:
    body: null
    headers:
      Accept:
      - '*/*'
      Accept-Encoding:
      - gzip, deflate
      CommandName:
      - network public-ip prefix create
      Connection:
      - keep-alive
      ParameterSetName:
      - -g -n --length
      User-Agent:
      - AZURECLI/2.41.0 (PIP) azsdk-python-azure-mgmt-network/21.0.1 Python/3.8.10
        (Windows-10-10.0.19044-SP0)
    method: GET
    uri: https://management.azure.com/subscriptions/00000000-0000-0000-0000-000000000000/providers/Microsoft.Network/locations/eastus2/operations/e6d084f6-8c4b-458f-947d-2eebf6bc7fb0?api-version=2022-01-01
  response:
    body:
      string: "{\r\n  \"status\": \"Succeeded\"\r\n}"
    headers:
      cache-control:
      - no-cache
      content-length:
      - '29'
      content-type:
      - application/json; charset=utf-8
      date:
      - Tue, 25 Oct 2022 04:27:36 GMT
      expires:
      - '-1'
      pragma:
      - no-cache
      server:
      - Microsoft-HTTPAPI/2.0
      - Microsoft-HTTPAPI/2.0
      strict-transport-security:
      - max-age=31536000; includeSubDomains
      transfer-encoding:
      - chunked
      vary:
      - Accept-Encoding
      x-content-type-options:
      - nosniff
      x-ms-arm-service-request-id:
      - f4b5524b-b775-4dee-8869-41e1a7523b8d
    status:
      code: 200
      message: OK
- request:
    body: null
    headers:
      Accept:
      - '*/*'
      Accept-Encoding:
      - gzip, deflate
      CommandName:
      - network public-ip prefix create
      Connection:
      - keep-alive
      ParameterSetName:
      - -g -n --length
      User-Agent:
      - AZURECLI/2.41.0 (PIP) azsdk-python-azure-mgmt-network/21.0.1 Python/3.8.10
        (Windows-10-10.0.19044-SP0)
    method: GET
    uri: https://management.azure.com/subscriptions/00000000-0000-0000-0000-000000000000/resourceGroups/cli_test_network_public_ip_prefix000001/providers/Microsoft.Network/publicIPPrefixes/prefix1?api-version=2022-01-01
  response:
    body:
      string: "{\r\n  \"name\": \"prefix1\",\r\n  \"id\": \"/subscriptions/00000000-0000-0000-0000-000000000000/resourceGroups/cli_test_network_public_ip_prefix000001/providers/Microsoft.Network/publicIPPrefixes/prefix1\",\r\n
        \ \"etag\": \"W/\\\"807329dd-a44b-424b-847d-9056c1e47b21\\\"\",\r\n  \"type\":
        \"Microsoft.Network/publicIPPrefixes\",\r\n  \"location\": \"eastus2\",\r\n
        \ \"properties\": {\r\n    \"provisioningState\": \"Succeeded\",\r\n    \"resourceGuid\":
        \"fc07bf3c-03d9-49c8-b9fd-ee8c9e6b4f25\",\r\n    \"prefixLength\": 30,\r\n
        \   \"publicIPAddressVersion\": \"IPv4\",\r\n    \"ipPrefix\": \"20.161.4.252/30\",\r\n
        \   \"ipTags\": []\r\n  },\r\n  \"sku\": {\r\n    \"name\": \"Standard\",\r\n
        \   \"tier\": \"Regional\"\r\n  }\r\n}"
    headers:
      cache-control:
      - no-cache
      content-length:
      - '639'
      content-type:
      - application/json; charset=utf-8
      date:
      - Tue, 25 Oct 2022 04:27:37 GMT
      etag:
      - W/"807329dd-a44b-424b-847d-9056c1e47b21"
      expires:
      - '-1'
      pragma:
      - no-cache
      server:
      - Microsoft-HTTPAPI/2.0
      - Microsoft-HTTPAPI/2.0
      strict-transport-security:
      - max-age=31536000; includeSubDomains
      transfer-encoding:
      - chunked
      vary:
      - Accept-Encoding
      x-content-type-options:
      - nosniff
      x-ms-arm-service-request-id:
      - ed953a6e-764b-4500-9e9b-b13859062bb2
    status:
      code: 200
      message: OK
- request:
    body: null
    headers:
      Accept:
      - application/json
      Accept-Encoding:
      - gzip, deflate
      CommandName:
      - network public-ip create
      Connection:
      - keep-alive
      ParameterSetName:
      - -g -n --public-ip-prefix --sku
      User-Agent:
      - AZURECLI/2.41.0 (PIP) azsdk-python-azure-mgmt-resource/21.1.0b1 Python/3.8.10
        (Windows-10-10.0.19044-SP0)
    method: GET
    uri: https://management.azure.com/subscriptions/00000000-0000-0000-0000-000000000000/resourcegroups/cli_test_network_public_ip_prefix000001?api-version=2021-04-01
  response:
    body:
      string: '{"id":"/subscriptions/00000000-0000-0000-0000-000000000000/resourceGroups/cli_test_network_public_ip_prefix000001","name":"cli_test_network_public_ip_prefix000001","type":"Microsoft.Resources/resourceGroups","location":"eastus2","tags":{"product":"azurecli","cause":"automation","date":"2022-10-25T04:26:15Z"},"properties":{"provisioningState":"Succeeded"}}'
    headers:
      cache-control:
      - no-cache
      content-length:
      - '357'
      content-type:
      - application/json; charset=utf-8
      date:
      - Tue, 25 Oct 2022 04:27:37 GMT
      expires:
      - '-1'
      pragma:
      - no-cache
      strict-transport-security:
      - max-age=31536000; includeSubDomains
      vary:
      - Accept-Encoding
      x-content-type-options:
      - nosniff
    status:
      code: 200
      message: OK
- request:
    body: null
    headers:
      Accept:
      - application/json
      Accept-Encoding:
      - gzip, deflate
      CommandName:
      - network public-ip create
      Connection:
      - keep-alive
      ParameterSetName:
      - -g -n --public-ip-prefix --sku
      User-Agent:
      - AZURECLI/2.41.0 (PIP) azsdk-python-azure-mgmt-network/21.0.1 Python/3.8.10
        (Windows-10-10.0.19044-SP0)
    method: GET
    uri: https://management.azure.com/subscriptions/00000000-0000-0000-0000-000000000000/resourceGroups/cli_test_network_public_ip_prefix000001/providers/Microsoft.Network/publicIPPrefixes/prefix1?api-version=2022-01-01
  response:
    body:
      string: "{\r\n  \"name\": \"prefix1\",\r\n  \"id\": \"/subscriptions/00000000-0000-0000-0000-000000000000/resourceGroups/cli_test_network_public_ip_prefix000001/providers/Microsoft.Network/publicIPPrefixes/prefix1\",\r\n
        \ \"etag\": \"W/\\\"807329dd-a44b-424b-847d-9056c1e47b21\\\"\",\r\n  \"type\":
        \"Microsoft.Network/publicIPPrefixes\",\r\n  \"location\": \"eastus2\",\r\n
        \ \"properties\": {\r\n    \"provisioningState\": \"Succeeded\",\r\n    \"resourceGuid\":
        \"fc07bf3c-03d9-49c8-b9fd-ee8c9e6b4f25\",\r\n    \"prefixLength\": 30,\r\n
        \   \"publicIPAddressVersion\": \"IPv4\",\r\n    \"ipPrefix\": \"20.161.4.252/30\",\r\n
        \   \"ipTags\": []\r\n  },\r\n  \"sku\": {\r\n    \"name\": \"Standard\",\r\n
        \   \"tier\": \"Regional\"\r\n  }\r\n}"
    headers:
      cache-control:
      - no-cache
      content-length:
      - '639'
      content-type:
      - application/json; charset=utf-8
      date:
      - Tue, 25 Oct 2022 04:27:39 GMT
      etag:
      - W/"807329dd-a44b-424b-847d-9056c1e47b21"
      expires:
      - '-1'
      pragma:
      - no-cache
      server:
      - Microsoft-HTTPAPI/2.0
      - Microsoft-HTTPAPI/2.0
      strict-transport-security:
      - max-age=31536000; includeSubDomains
      transfer-encoding:
      - chunked
      vary:
      - Accept-Encoding
      x-content-type-options:
      - nosniff
      x-ms-arm-service-request-id:
      - 4a271cb5-08b2-4294-9cc4-c9d5bab4b313
    status:
      code: 200
      message: OK
- request:
    body: '{"location": "eastus2", "properties": {"idleTimeoutInMinutes": 4, "publicIPAddressVersion":
      "IPv4", "publicIPAllocationMethod": "Static", "publicIPPrefix": {"id": "/subscriptions/00000000-0000-0000-0000-000000000000/resourceGroups/cli_test_network_public_ip_prefix000001/providers/Microsoft.Network/publicIPPrefixes/prefix1"}},
      "sku": {"name": "Standard", "tier": "Regional"}}'
    headers:
      Accept:
      - application/json
      Accept-Encoding:
      - gzip, deflate
      CommandName:
      - network public-ip create
      Connection:
      - keep-alive
      Content-Length:
      - '376'
      Content-Type:
      - application/json
      ParameterSetName:
      - -g -n --public-ip-prefix --sku
      User-Agent:
      - AZURECLI/2.41.0 (PIP) (AAZ) azsdk-python-core/1.24.0 Python/3.8.10 (Windows-10-10.0.19044-SP0)
    method: PUT
    uri: https://management.azure.com/subscriptions/00000000-0000-0000-0000-000000000000/resourceGroups/cli_test_network_public_ip_prefix000001/providers/Microsoft.Network/publicIPAddresses/pip1?api-version=2022-05-01
  response:
    body:
      string: "{\r\n  \"name\": \"pip1\",\r\n  \"id\": \"/subscriptions/00000000-0000-0000-0000-000000000000/resourceGroups/cli_test_network_public_ip_prefix000001/providers/Microsoft.Network/publicIPAddresses/pip1\",\r\n
        \ \"etag\": \"W/\\\"47470716-f179-4f94-a780-58b53aed3fd8\\\"\",\r\n  \"location\":
        \"eastus2\",\r\n  \"properties\": {\r\n    \"provisioningState\": \"Updating\",\r\n
        \   \"resourceGuid\": \"673d881d-400d-4f5f-9c91-9255275e1abe\",\r\n    \"publicIPAddressVersion\":
        \"IPv4\",\r\n    \"publicIPAllocationMethod\": \"Static\",\r\n    \"idleTimeoutInMinutes\":
        4,\r\n    \"ipTags\": [],\r\n    \"publicIPPrefix\": {\r\n      \"id\": \"/subscriptions/00000000-0000-0000-0000-000000000000/resourceGroups/cli_test_network_public_ip_prefix000001/providers/Microsoft.Network/publicIPPrefixes/prefix1\"\r\n
        \   },\r\n    \"ddosSettings\": {\r\n      \"protectionMode\": \"VirtualNetworkInherited\"\r\n
        \   }\r\n  },\r\n  \"type\": \"Microsoft.Network/publicIPAddresses\",\r\n
        \ \"sku\": {\r\n    \"name\": \"Standard\",\r\n    \"tier\": \"Regional\"\r\n
        \ }\r\n}"
    headers:
      azure-asyncnotification:
      - Enabled
      azure-asyncoperation:
      - https://management.azure.com/subscriptions/00000000-0000-0000-0000-000000000000/providers/Microsoft.Network/locations/eastus2/operations/318ac752-f81c-4bac-a8d1-32be079d691e?api-version=2022-05-01
      cache-control:
      - no-cache
      content-length:
      - '938'
      content-type:
      - application/json; charset=utf-8
      date:
      - Tue, 25 Oct 2022 04:27:43 GMT
      expires:
      - '-1'
      pragma:
      - no-cache
      server:
      - Microsoft-HTTPAPI/2.0
      - Microsoft-HTTPAPI/2.0
      strict-transport-security:
      - max-age=31536000; includeSubDomains
      x-content-type-options:
      - nosniff
      x-ms-arm-service-request-id:
      - 1c926c22-eb1b-4ca5-8e71-ec91ee4ca994
      x-ms-ratelimit-remaining-subscription-writes:
      - '1199'
    status:
      code: 201
      message: Created
- request:
    body: null
    headers:
      Accept:
      - '*/*'
      Accept-Encoding:
      - gzip, deflate
      CommandName:
      - network public-ip create
      Connection:
      - keep-alive
      ParameterSetName:
      - -g -n --public-ip-prefix --sku
      User-Agent:
      - AZURECLI/2.41.0 (PIP) (AAZ) azsdk-python-core/1.24.0 Python/3.8.10 (Windows-10-10.0.19044-SP0)
    method: GET
    uri: https://management.azure.com/subscriptions/00000000-0000-0000-0000-000000000000/providers/Microsoft.Network/locations/eastus2/operations/318ac752-f81c-4bac-a8d1-32be079d691e?api-version=2022-05-01
  response:
    body:
      string: "{\r\n  \"status\": \"Succeeded\"\r\n}"
    headers:
      cache-control:
      - no-cache
      content-length:
      - '29'
      content-type:
      - application/json; charset=utf-8
      date:
      - Tue, 25 Oct 2022 04:27:44 GMT
      expires:
      - '-1'
      pragma:
      - no-cache
      server:
      - Microsoft-HTTPAPI/2.0
      - Microsoft-HTTPAPI/2.0
      strict-transport-security:
      - max-age=31536000; includeSubDomains
      transfer-encoding:
      - chunked
      vary:
      - Accept-Encoding
      x-content-type-options:
      - nosniff
      x-ms-arm-service-request-id:
      - fd6ab75f-e50f-4d47-8329-a4534f63bd3c
    status:
      code: 200
      message: OK
- request:
    body: null
    headers:
      Accept:
      - '*/*'
      Accept-Encoding:
      - gzip, deflate
      CommandName:
      - network public-ip create
      Connection:
      - keep-alive
      ParameterSetName:
      - -g -n --public-ip-prefix --sku
      User-Agent:
      - AZURECLI/2.41.0 (PIP) (AAZ) azsdk-python-core/1.24.0 Python/3.8.10 (Windows-10-10.0.19044-SP0)
    method: GET
    uri: https://management.azure.com/subscriptions/00000000-0000-0000-0000-000000000000/resourceGroups/cli_test_network_public_ip_prefix000001/providers/Microsoft.Network/publicIPAddresses/pip1?api-version=2022-05-01
  response:
    body:
      string: "{\r\n  \"name\": \"pip1\",\r\n  \"id\": \"/subscriptions/00000000-0000-0000-0000-000000000000/resourceGroups/cli_test_network_public_ip_prefix000001/providers/Microsoft.Network/publicIPAddresses/pip1\",\r\n
        \ \"etag\": \"W/\\\"24f4ac27-993c-4c50-9517-82039be6191d\\\"\",\r\n  \"location\":
        \"eastus2\",\r\n  \"properties\": {\r\n    \"provisioningState\": \"Succeeded\",\r\n
        \   \"resourceGuid\": \"673d881d-400d-4f5f-9c91-9255275e1abe\",\r\n    \"ipAddress\":
        \"20.161.4.252\",\r\n    \"publicIPAddressVersion\": \"IPv4\",\r\n    \"publicIPAllocationMethod\":
        \"Static\",\r\n    \"idleTimeoutInMinutes\": 4,\r\n    \"ipTags\": [],\r\n
        \   \"publicIPPrefix\": {\r\n      \"id\": \"/subscriptions/00000000-0000-0000-0000-000000000000/resourceGroups/cli_test_network_public_ip_prefix000001/providers/Microsoft.Network/publicIPPrefixes/prefix1\"\r\n
        \   },\r\n    \"ddosSettings\": {\r\n      \"protectionMode\": \"VirtualNetworkInherited\"\r\n
        \   }\r\n  },\r\n  \"type\": \"Microsoft.Network/publicIPAddresses\",\r\n
        \ \"sku\": {\r\n    \"name\": \"Standard\",\r\n    \"tier\": \"Regional\"\r\n
        \ }\r\n}"
    headers:
      cache-control:
      - no-cache
      content-length:
      - '973'
      content-type:
      - application/json; charset=utf-8
      date:
      - Tue, 25 Oct 2022 04:27:46 GMT
      etag:
      - W/"24f4ac27-993c-4c50-9517-82039be6191d"
      expires:
      - '-1'
      pragma:
      - no-cache
      server:
      - Microsoft-HTTPAPI/2.0
      - Microsoft-HTTPAPI/2.0
      strict-transport-security:
      - max-age=31536000; includeSubDomains
      transfer-encoding:
      - chunked
      vary:
      - Accept-Encoding
      x-content-type-options:
      - nosniff
      x-ms-arm-service-request-id:
      - e7f35738-7e88-49e8-98d9-01fe92cefa9d
    status:
      code: 200
      message: OK
- request:
    body: null
    headers:
      Accept:
      - application/json
      Accept-Encoding:
      - gzip, deflate
      CommandName:
      - network public-ip prefix create
      Connection:
      - keep-alive
      ParameterSetName:
      - -n -g --version --length -z
      User-Agent:
      - AZURECLI/2.41.0 (PIP) azsdk-python-azure-mgmt-resource/21.1.0b1 Python/3.8.10
        (Windows-10-10.0.19044-SP0)
    method: GET
    uri: https://management.azure.com/subscriptions/00000000-0000-0000-0000-000000000000/resourcegroups/cli_test_network_public_ip_prefix000001?api-version=2021-04-01
  response:
    body:
      string: '{"id":"/subscriptions/00000000-0000-0000-0000-000000000000/resourceGroups/cli_test_network_public_ip_prefix000001","name":"cli_test_network_public_ip_prefix000001","type":"Microsoft.Resources/resourceGroups","location":"eastus2","tags":{"product":"azurecli","cause":"automation","date":"2022-10-25T04:26:15Z"},"properties":{"provisioningState":"Succeeded"}}'
    headers:
      cache-control:
      - no-cache
      content-length:
      - '357'
      content-type:
      - application/json; charset=utf-8
      date:
      - Tue, 25 Oct 2022 04:27:49 GMT
      expires:
      - '-1'
      pragma:
      - no-cache
      strict-transport-security:
      - max-age=31536000; includeSubDomains
      x-content-type-options:
      - nosniff
    status:
      code: 200
      message: OK
- request:
    body: '{"location": "eastus2", "sku": {"name": "Standard"}, "zones": ["1", "3",
      "2"], "properties": {"publicIPAddressVersion": "IPv6", "prefixLength": 126}}'
    headers:
      Accept:
      - application/json
      Accept-Encoding:
      - gzip, deflate
      CommandName:
      - network public-ip prefix create
      Connection:
      - keep-alive
      Content-Length:
      - '149'
      Content-Type:
      - application/json
      ParameterSetName:
      - -n -g --version --length -z
      User-Agent:
      - AZURECLI/2.41.0 (PIP) azsdk-python-azure-mgmt-network/21.0.1 Python/3.8.10
        (Windows-10-10.0.19044-SP0)
    method: PUT
    uri: https://management.azure.com/subscriptions/00000000-0000-0000-0000-000000000000/resourceGroups/cli_test_network_public_ip_prefix000001/providers/Microsoft.Network/publicIPPrefixes/public-ip-prefix-000002?api-version=2022-01-01
  response:
    body:
      string: "{\r\n  \"name\": \"public-ip-prefix-000002\",\r\n  \"id\": \"/subscriptions/00000000-0000-0000-0000-000000000000/resourceGroups/cli_test_network_public_ip_prefix000001/providers/Microsoft.Network/publicIPPrefixes/public-ip-prefix-000002\",\r\n
        \ \"etag\": \"W/\\\"6aae8f46-dd26-4c82-b659-dc0afaaceb59\\\"\",\r\n  \"type\":
        \"Microsoft.Network/publicIPPrefixes\",\r\n  \"location\": \"eastus2\",\r\n
        \ \"zones\": [\r\n    \"1\",\r\n    \"3\",\r\n    \"2\"\r\n  ],\r\n  \"properties\":
        {\r\n    \"provisioningState\": \"Updating\",\r\n    \"resourceGuid\": \"a1e03af6-fdb1-4ab5-97ad-b5e74d0431f2\",\r\n
        \   \"prefixLength\": 126,\r\n    \"publicIPAddressVersion\": \"IPv6\",\r\n
        \   \"ipTags\": []\r\n  },\r\n  \"sku\": {\r\n    \"name\": \"Standard\",\r\n
        \   \"tier\": \"Regional\"\r\n  }\r\n}"
    headers:
      azure-asyncnotification:
      - Enabled
      azure-asyncoperation:
      - https://management.azure.com/subscriptions/00000000-0000-0000-0000-000000000000/providers/Microsoft.Network/locations/eastus2/operations/a81345b2-f615-46df-ba00-ea08544bf482?api-version=2022-01-01
      cache-control:
      - no-cache
      content-length:
      - '684'
      content-type:
      - application/json; charset=utf-8
      date:
      - Tue, 25 Oct 2022 04:27:55 GMT
      expires:
      - '-1'
      pragma:
      - no-cache
      server:
      - Microsoft-HTTPAPI/2.0
      - Microsoft-HTTPAPI/2.0
      strict-transport-security:
      - max-age=31536000; includeSubDomains
      x-content-type-options:
      - nosniff
      x-ms-arm-service-request-id:
      - ce09e0dd-d8ad-445a-a8d0-bffbca1e8ddc
      x-ms-ratelimit-remaining-subscription-writes:
      - '1199'
    status:
      code: 201
      message: Created
- request:
    body: null
    headers:
      Accept:
      - '*/*'
      Accept-Encoding:
      - gzip, deflate
      CommandName:
      - network public-ip prefix create
      Connection:
      - keep-alive
      ParameterSetName:
      - -n -g --version --length -z
      User-Agent:
      - AZURECLI/2.41.0 (PIP) azsdk-python-azure-mgmt-network/21.0.1 Python/3.8.10
        (Windows-10-10.0.19044-SP0)
    method: GET
    uri: https://management.azure.com/subscriptions/00000000-0000-0000-0000-000000000000/providers/Microsoft.Network/locations/eastus2/operations/a81345b2-f615-46df-ba00-ea08544bf482?api-version=2022-01-01
  response:
    body:
      string: "{\r\n  \"status\": \"Succeeded\"\r\n}"
    headers:
      cache-control:
      - no-cache
      content-length:
      - '29'
      content-type:
      - application/json; charset=utf-8
      date:
      - Tue, 25 Oct 2022 04:27:58 GMT
      expires:
      - '-1'
      pragma:
      - no-cache
      server:
      - Microsoft-HTTPAPI/2.0
      - Microsoft-HTTPAPI/2.0
      strict-transport-security:
      - max-age=31536000; includeSubDomains
      transfer-encoding:
      - chunked
      vary:
      - Accept-Encoding
      x-content-type-options:
      - nosniff
      x-ms-arm-service-request-id:
      - 3ac8983e-bf04-430d-be50-0e959d860c58
    status:
      code: 200
      message: OK
- request:
    body: null
    headers:
      Accept:
      - '*/*'
      Accept-Encoding:
      - gzip, deflate
      CommandName:
      - network public-ip prefix create
      Connection:
      - keep-alive
      ParameterSetName:
      - -n -g --version --length -z
      User-Agent:
      - AZURECLI/2.41.0 (PIP) azsdk-python-azure-mgmt-network/21.0.1 Python/3.8.10
        (Windows-10-10.0.19044-SP0)
    method: GET
    uri: https://management.azure.com/subscriptions/00000000-0000-0000-0000-000000000000/resourceGroups/cli_test_network_public_ip_prefix000001/providers/Microsoft.Network/publicIPPrefixes/public-ip-prefix-000002?api-version=2022-01-01
  response:
    body:
      string: "{\r\n  \"name\": \"public-ip-prefix-000002\",\r\n  \"id\": \"/subscriptions/00000000-0000-0000-0000-000000000000/resourceGroups/cli_test_network_public_ip_prefix000001/providers/Microsoft.Network/publicIPPrefixes/public-ip-prefix-000002\",\r\n
        \ \"etag\": \"W/\\\"41ac8334-2e1e-4957-8a49-e2c15c3528bb\\\"\",\r\n  \"type\":
        \"Microsoft.Network/publicIPPrefixes\",\r\n  \"location\": \"eastus2\",\r\n
        \ \"zones\": [\r\n    \"1\",\r\n    \"3\",\r\n    \"2\"\r\n  ],\r\n  \"properties\":
        {\r\n    \"provisioningState\": \"Succeeded\",\r\n    \"resourceGuid\": \"a1e03af6-fdb1-4ab5-97ad-b5e74d0431f2\",\r\n
        \   \"prefixLength\": 126,\r\n    \"publicIPAddressVersion\": \"IPv6\",\r\n
        \   \"ipPrefix\": \"2603:1030:403:3::220/126\",\r\n    \"ipTags\": []\r\n
        \ },\r\n  \"sku\": {\r\n    \"name\": \"Standard\",\r\n    \"tier\": \"Regional\"\r\n
        \ }\r\n}"
    headers:
      cache-control:
      - no-cache
      content-length:
      - '730'
      content-type:
      - application/json; charset=utf-8
      date:
      - Tue, 25 Oct 2022 04:27:59 GMT
      etag:
      - W/"41ac8334-2e1e-4957-8a49-e2c15c3528bb"
      expires:
      - '-1'
      pragma:
      - no-cache
      server:
      - Microsoft-HTTPAPI/2.0
      - Microsoft-HTTPAPI/2.0
      strict-transport-security:
      - max-age=31536000; includeSubDomains
      transfer-encoding:
      - chunked
      vary:
      - Accept-Encoding
      x-content-type-options:
      - nosniff
      x-ms-arm-service-request-id:
      - 081bcb25-6d10-49d2-b09b-de286e3eb8eb
    status:
      code: 200
      message: OK
- request:
    body: null
    headers:
      Accept:
      - application/json
      Accept-Encoding:
      - gzip, deflate
      CommandName:
      - network public-ip create
      Connection:
      - keep-alive
      ParameterSetName:
      - -n -g --public-ip-prefix
      User-Agent:
      - AZURECLI/2.41.0 (PIP) azsdk-python-azure-mgmt-resource/21.1.0b1 Python/3.8.10
        (Windows-10-10.0.19044-SP0)
    method: GET
    uri: https://management.azure.com/subscriptions/00000000-0000-0000-0000-000000000000/resourcegroups/cli_test_network_public_ip_prefix000001?api-version=2021-04-01
  response:
    body:
      string: '{"id":"/subscriptions/00000000-0000-0000-0000-000000000000/resourceGroups/cli_test_network_public_ip_prefix000001","name":"cli_test_network_public_ip_prefix000001","type":"Microsoft.Resources/resourceGroups","location":"eastus2","tags":{"product":"azurecli","cause":"automation","date":"2022-10-25T04:26:15Z"},"properties":{"provisioningState":"Succeeded"}}'
    headers:
      cache-control:
      - no-cache
      content-length:
      - '357'
      content-type:
      - application/json; charset=utf-8
      date:
      - Tue, 25 Oct 2022 04:28:00 GMT
      expires:
      - '-1'
      pragma:
      - no-cache
      strict-transport-security:
      - max-age=31536000; includeSubDomains
      vary:
      - Accept-Encoding
      x-content-type-options:
      - nosniff
    status:
      code: 200
      message: OK
- request:
    body: null
    headers:
      Accept:
      - application/json
      Accept-Encoding:
      - gzip, deflate
      CommandName:
      - network public-ip create
      Connection:
      - keep-alive
      ParameterSetName:
      - -n -g --public-ip-prefix
      User-Agent:
      - AZURECLI/2.41.0 (PIP) azsdk-python-azure-mgmt-network/21.0.1 Python/3.8.10
        (Windows-10-10.0.19044-SP0)
    method: GET
    uri: https://management.azure.com/subscriptions/00000000-0000-0000-0000-000000000000/resourceGroups/cli_test_network_public_ip_prefix000001/providers/Microsoft.Network/publicIPPrefixes/public-ip-prefix-000002?api-version=2022-01-01
  response:
    body:
      string: "{\r\n  \"name\": \"public-ip-prefix-000002\",\r\n  \"id\": \"/subscriptions/00000000-0000-0000-0000-000000000000/resourceGroups/cli_test_network_public_ip_prefix000001/providers/Microsoft.Network/publicIPPrefixes/public-ip-prefix-000002\",\r\n
        \ \"etag\": \"W/\\\"41ac8334-2e1e-4957-8a49-e2c15c3528bb\\\"\",\r\n  \"type\":
        \"Microsoft.Network/publicIPPrefixes\",\r\n  \"location\": \"eastus2\",\r\n
        \ \"zones\": [\r\n    \"1\",\r\n    \"3\",\r\n    \"2\"\r\n  ],\r\n  \"properties\":
        {\r\n    \"provisioningState\": \"Succeeded\",\r\n    \"resourceGuid\": \"a1e03af6-fdb1-4ab5-97ad-b5e74d0431f2\",\r\n
        \   \"prefixLength\": 126,\r\n    \"publicIPAddressVersion\": \"IPv6\",\r\n
        \   \"ipPrefix\": \"2603:1030:403:3::220/126\",\r\n    \"ipTags\": []\r\n
        \ },\r\n  \"sku\": {\r\n    \"name\": \"Standard\",\r\n    \"tier\": \"Regional\"\r\n
        \ }\r\n}"
    headers:
      cache-control:
      - no-cache
      content-length:
      - '730'
      content-type:
      - application/json; charset=utf-8
      date:
      - Tue, 25 Oct 2022 04:28:00 GMT
      etag:
      - W/"41ac8334-2e1e-4957-8a49-e2c15c3528bb"
      expires:
      - '-1'
      pragma:
      - no-cache
      server:
      - Microsoft-HTTPAPI/2.0
      - Microsoft-HTTPAPI/2.0
      strict-transport-security:
      - max-age=31536000; includeSubDomains
      transfer-encoding:
      - chunked
      vary:
      - Accept-Encoding
      x-content-type-options:
      - nosniff
      x-ms-arm-service-request-id:
      - df3544f6-9b9b-4018-a96c-0fb6314d6428
    status:
      code: 200
      message: OK
- request:
    body: '{"location": "eastus2", "properties": {"idleTimeoutInMinutes": 4, "publicIPAddressVersion":
      "IPv6", "publicIPAllocationMethod": "Static", "publicIPPrefix": {"id": "/subscriptions/00000000-0000-0000-0000-000000000000/resourceGroups/cli_test_network_public_ip_prefix000001/providers/Microsoft.Network/publicIPPrefixes/public-ip-prefix-000002"}},
      "sku": {"name": "Standard", "tier": "Regional"}, "zones": ["1", "3", "2"]}'
    headers:
      Accept:
      - application/json
      Accept-Encoding:
      - gzip, deflate
      CommandName:
      - network public-ip create
      Connection:
      - keep-alive
      Content-Length:
      - '418'
      Content-Type:
      - application/json
      ParameterSetName:
      - -n -g --public-ip-prefix
      User-Agent:
      - AZURECLI/2.41.0 (PIP) (AAZ) azsdk-python-core/1.24.0 Python/3.8.10 (Windows-10-10.0.19044-SP0)
    method: PUT
    uri: https://management.azure.com/subscriptions/00000000-0000-0000-0000-000000000000/resourceGroups/cli_test_network_public_ip_prefix000001/providers/Microsoft.Network/publicIPAddresses/public-ip-000003?api-version=2022-05-01
  response:
    body:
      string: "{\r\n  \"name\": \"public-ip-000003\",\r\n  \"id\": \"/subscriptions/00000000-0000-0000-0000-000000000000/resourceGroups/cli_test_network_public_ip_prefix000001/providers/Microsoft.Network/publicIPAddresses/public-ip-000003\",\r\n
        \ \"etag\": \"W/\\\"8bed4480-8116-4eb9-a114-5964ed38ecea\\\"\",\r\n  \"location\":
        \"eastus2\",\r\n  \"zones\": [\r\n    \"1\",\r\n    \"3\",\r\n    \"2\"\r\n
        \ ],\r\n  \"properties\": {\r\n    \"provisioningState\": \"Updating\",\r\n
        \   \"resourceGuid\": \"c73bfd5b-4a71-4d94-9c0e-172adc7d5233\",\r\n    \"publicIPAddressVersion\":
        \"IPv6\",\r\n    \"publicIPAllocationMethod\": \"Static\",\r\n    \"idleTimeoutInMinutes\":
        4,\r\n    \"ipTags\": [],\r\n    \"publicIPPrefix\": {\r\n      \"id\": \"/subscriptions/00000000-0000-0000-0000-000000000000/resourceGroups/cli_test_network_public_ip_prefix000001/providers/Microsoft.Network/publicIPPrefixes/public-ip-prefix-000002\"\r\n
        \   },\r\n    \"ddosSettings\": {\r\n      \"protectionMode\": \"VirtualNetworkInherited\"\r\n
        \   }\r\n  },\r\n  \"type\": \"Microsoft.Network/publicIPAddresses\",\r\n
        \ \"sku\": {\r\n    \"name\": \"Standard\",\r\n    \"tier\": \"Regional\"\r\n
        \ }\r\n}"
    headers:
      azure-asyncnotification:
      - Enabled
      azure-asyncoperation:
      - https://management.azure.com/subscriptions/00000000-0000-0000-0000-000000000000/providers/Microsoft.Network/locations/eastus2/operations/bcae5495-9788-4783-97b0-605a5d678895?api-version=2022-05-01
      cache-control:
      - no-cache
      content-length:
      - '1027'
      content-type:
      - application/json; charset=utf-8
      date:
      - Tue, 25 Oct 2022 04:28:06 GMT
      expires:
      - '-1'
      pragma:
      - no-cache
      server:
      - Microsoft-HTTPAPI/2.0
      - Microsoft-HTTPAPI/2.0
      strict-transport-security:
      - max-age=31536000; includeSubDomains
      x-content-type-options:
      - nosniff
      x-ms-arm-service-request-id:
      - ae745c1e-9275-4f5d-bae0-8600b95b5b5f
      x-ms-ratelimit-remaining-subscription-writes:
      - '1199'
    status:
      code: 201
      message: Created
- request:
    body: null
    headers:
      Accept:
      - '*/*'
      Accept-Encoding:
      - gzip, deflate
      CommandName:
      - network public-ip create
      Connection:
      - keep-alive
      ParameterSetName:
      - -n -g --public-ip-prefix
      User-Agent:
      - AZURECLI/2.41.0 (PIP) (AAZ) azsdk-python-core/1.24.0 Python/3.8.10 (Windows-10-10.0.19044-SP0)
    method: GET
    uri: https://management.azure.com/subscriptions/00000000-0000-0000-0000-000000000000/providers/Microsoft.Network/locations/eastus2/operations/bcae5495-9788-4783-97b0-605a5d678895?api-version=2022-05-01
  response:
    body:
      string: "{\r\n  \"status\": \"Succeeded\"\r\n}"
    headers:
      cache-control:
      - no-cache
      content-length:
      - '29'
      content-type:
      - application/json; charset=utf-8
      date:
      - Tue, 25 Oct 2022 04:28:08 GMT
      expires:
      - '-1'
      pragma:
      - no-cache
      server:
      - Microsoft-HTTPAPI/2.0
      - Microsoft-HTTPAPI/2.0
      strict-transport-security:
      - max-age=31536000; includeSubDomains
      transfer-encoding:
      - chunked
      vary:
      - Accept-Encoding
      x-content-type-options:
      - nosniff
      x-ms-arm-service-request-id:
      - 2e935a10-f7ca-4464-84dd-3b8317d90b88
    status:
      code: 200
      message: OK
- request:
    body: null
    headers:
      Accept:
      - '*/*'
      Accept-Encoding:
      - gzip, deflate
      CommandName:
      - network public-ip create
      Connection:
      - keep-alive
      ParameterSetName:
      - -n -g --public-ip-prefix
      User-Agent:
      - AZURECLI/2.41.0 (PIP) (AAZ) azsdk-python-core/1.24.0 Python/3.8.10 (Windows-10-10.0.19044-SP0)
    method: GET
    uri: https://management.azure.com/subscriptions/00000000-0000-0000-0000-000000000000/resourceGroups/cli_test_network_public_ip_prefix000001/providers/Microsoft.Network/publicIPAddresses/public-ip-000003?api-version=2022-05-01
  response:
    body:
      string: "{\r\n  \"name\": \"public-ip-000003\",\r\n  \"id\": \"/subscriptions/00000000-0000-0000-0000-000000000000/resourceGroups/cli_test_network_public_ip_prefix000001/providers/Microsoft.Network/publicIPAddresses/public-ip-000003\",\r\n
        \ \"etag\": \"W/\\\"7d8f5e54-38e1-4df3-95a6-650561acd464\\\"\",\r\n  \"location\":
        \"eastus2\",\r\n  \"zones\": [\r\n    \"1\",\r\n    \"3\",\r\n    \"2\"\r\n
        \ ],\r\n  \"properties\": {\r\n    \"provisioningState\": \"Succeeded\",\r\n
        \   \"resourceGuid\": \"c73bfd5b-4a71-4d94-9c0e-172adc7d5233\",\r\n    \"ipAddress\":
        \"2603:1030:403:3::220\",\r\n    \"publicIPAddressVersion\": \"IPv6\",\r\n
        \   \"publicIPAllocationMethod\": \"Static\",\r\n    \"idleTimeoutInMinutes\":
        4,\r\n    \"ipTags\": [],\r\n    \"publicIPPrefix\": {\r\n      \"id\": \"/subscriptions/00000000-0000-0000-0000-000000000000/resourceGroups/cli_test_network_public_ip_prefix000001/providers/Microsoft.Network/publicIPPrefixes/public-ip-prefix-000002\"\r\n
        \   },\r\n    \"ddosSettings\": {\r\n      \"protectionMode\": \"VirtualNetworkInherited\"\r\n
        \   }\r\n  },\r\n  \"type\": \"Microsoft.Network/publicIPAddresses\",\r\n
        \ \"sku\": {\r\n    \"name\": \"Standard\",\r\n    \"tier\": \"Regional\"\r\n
        \ }\r\n}"
    headers:
      cache-control:
      - no-cache
      content-length:
      - '1070'
      content-type:
      - application/json; charset=utf-8
      date:
      - Tue, 25 Oct 2022 04:28:09 GMT
      etag:
      - W/"7d8f5e54-38e1-4df3-95a6-650561acd464"
      expires:
      - '-1'
      pragma:
      - no-cache
      server:
      - Microsoft-HTTPAPI/2.0
      - Microsoft-HTTPAPI/2.0
      strict-transport-security:
      - max-age=31536000; includeSubDomains
      transfer-encoding:
      - chunked
      vary:
      - Accept-Encoding
      x-content-type-options:
      - nosniff
      x-ms-arm-service-request-id:
      - 41cce254-580c-48ba-af5c-6cf6a884ae7f
    status:
      code: 200
      message: OK
- request:
    body: null
    headers:
      Accept:
      - application/json
      Accept-Encoding:
      - gzip, deflate
      CommandName:
      - network public-ip prefix create
      Connection:
      - keep-alive
      ParameterSetName:
      - -g -n --length
      User-Agent:
      - AZURECLI/2.41.0 (PIP) azsdk-python-azure-mgmt-resource/21.1.0b1 Python/3.8.10
        (Windows-10-10.0.19044-SP0)
    method: GET
    uri: https://management.azure.com/subscriptions/00000000-0000-0000-0000-000000000000/resourcegroups/cli_test_network_public_ip_prefix000001?api-version=2021-04-01
  response:
    body:
      string: '{"id":"/subscriptions/00000000-0000-0000-0000-000000000000/resourceGroups/cli_test_network_public_ip_prefix000001","name":"cli_test_network_public_ip_prefix000001","type":"Microsoft.Resources/resourceGroups","location":"eastus2","tags":{"product":"azurecli","cause":"automation","date":"2022-10-25T04:26:15Z"},"properties":{"provisioningState":"Succeeded"}}'
    headers:
      cache-control:
      - no-cache
      content-length:
      - '357'
      content-type:
      - application/json; charset=utf-8
      date:
      - Tue, 25 Oct 2022 04:28:09 GMT
      expires:
      - '-1'
      pragma:
      - no-cache
      strict-transport-security:
      - max-age=31536000; includeSubDomains
      vary:
      - Accept-Encoding
      x-content-type-options:
      - nosniff
    status:
      code: 200
      message: OK
- request:
    body: '{"location": "eastus2", "sku": {"name": "Standard"}, "properties": {"publicIPAddressVersion":
      "IPv4", "prefixLength": 30}}'
    headers:
      Accept:
      - application/json
      Accept-Encoding:
      - gzip, deflate
      CommandName:
      - network public-ip prefix create
      Connection:
      - keep-alive
      Content-Length:
      - '122'
      Content-Type:
      - application/json
      ParameterSetName:
      - -g -n --length
      User-Agent:
      - AZURECLI/2.41.0 (PIP) azsdk-python-azure-mgmt-network/21.0.1 Python/3.8.10
        (Windows-10-10.0.19044-SP0)
    method: PUT
    uri: https://management.azure.com/subscriptions/00000000-0000-0000-0000-000000000000/resourceGroups/cli_test_network_public_ip_prefix000001/providers/Microsoft.Network/publicIPPrefixes/public_ip_prefix_0?api-version=2022-01-01
  response:
    body:
      string: "{\r\n  \"name\": \"public_ip_prefix_0\",\r\n  \"id\": \"/subscriptions/00000000-0000-0000-0000-000000000000/resourceGroups/cli_test_network_public_ip_prefix000001/providers/Microsoft.Network/publicIPPrefixes/public_ip_prefix_0\",\r\n
        \ \"etag\": \"W/\\\"34538983-4bdb-4f83-aa2f-56a50a3eccd6\\\"\",\r\n  \"type\":
        \"Microsoft.Network/publicIPPrefixes\",\r\n  \"location\": \"eastus2\",\r\n
        \ \"properties\": {\r\n    \"provisioningState\": \"Updating\",\r\n    \"resourceGuid\":
        \"8260765a-edfc-4b19-964b-83d3fee57c3c\",\r\n    \"prefixLength\": 30,\r\n
        \   \"publicIPAddressVersion\": \"IPv4\",\r\n    \"ipTags\": []\r\n  },\r\n
        \ \"sku\": {\r\n    \"name\": \"Standard\",\r\n    \"tier\": \"Regional\"\r\n
        \ }\r\n}"
    headers:
      azure-asyncnotification:
      - Enabled
      azure-asyncoperation:
      - https://management.azure.com/subscriptions/00000000-0000-0000-0000-000000000000/providers/Microsoft.Network/locations/eastus2/operations/b7fbba69-1425-4315-852c-939581d80135?api-version=2022-01-01
      cache-control:
      - no-cache
      content-length:
      - '624'
      content-type:
      - application/json; charset=utf-8
      date:
      - Tue, 25 Oct 2022 04:28:15 GMT
      expires:
      - '-1'
      pragma:
      - no-cache
      server:
      - Microsoft-HTTPAPI/2.0
      - Microsoft-HTTPAPI/2.0
      strict-transport-security:
      - max-age=31536000; includeSubDomains
      x-content-type-options:
      - nosniff
      x-ms-arm-service-request-id:
      - ea130a10-8158-48c5-9804-4c672560a155
      x-ms-ratelimit-remaining-subscription-writes:
      - '1199'
    status:
      code: 201
      message: Created
- request:
    body: null
    headers:
      Accept:
      - '*/*'
      Accept-Encoding:
      - gzip, deflate
      CommandName:
      - network public-ip prefix create
      Connection:
      - keep-alive
      ParameterSetName:
      - -g -n --length
      User-Agent:
      - AZURECLI/2.41.0 (PIP) azsdk-python-azure-mgmt-network/21.0.1 Python/3.8.10
        (Windows-10-10.0.19044-SP0)
    method: GET
    uri: https://management.azure.com/subscriptions/00000000-0000-0000-0000-000000000000/providers/Microsoft.Network/locations/eastus2/operations/b7fbba69-1425-4315-852c-939581d80135?api-version=2022-01-01
  response:
    body:
      string: "{\r\n  \"status\": \"Succeeded\"\r\n}"
    headers:
      cache-control:
      - no-cache
      content-length:
      - '29'
      content-type:
      - application/json; charset=utf-8
      date:
      - Tue, 25 Oct 2022 04:28:19 GMT
      expires:
      - '-1'
      pragma:
      - no-cache
      server:
      - Microsoft-HTTPAPI/2.0
      - Microsoft-HTTPAPI/2.0
      strict-transport-security:
      - max-age=31536000; includeSubDomains
      transfer-encoding:
      - chunked
      vary:
      - Accept-Encoding
      x-content-type-options:
      - nosniff
      x-ms-arm-service-request-id:
      - 5bb644fe-512e-406c-8dc5-a635daa327d4
    status:
      code: 200
      message: OK
- request:
    body: null
    headers:
      Accept:
      - '*/*'
      Accept-Encoding:
      - gzip, deflate
      CommandName:
      - network public-ip prefix create
      Connection:
      - keep-alive
      ParameterSetName:
      - -g -n --length
      User-Agent:
      - AZURECLI/2.41.0 (PIP) azsdk-python-azure-mgmt-network/21.0.1 Python/3.8.10
        (Windows-10-10.0.19044-SP0)
    method: GET
    uri: https://management.azure.com/subscriptions/00000000-0000-0000-0000-000000000000/resourceGroups/cli_test_network_public_ip_prefix000001/providers/Microsoft.Network/publicIPPrefixes/public_ip_prefix_0?api-version=2022-01-01
  response:
    body:
      string: "{\r\n  \"name\": \"public_ip_prefix_0\",\r\n  \"id\": \"/subscriptions/00000000-0000-0000-0000-000000000000/resourceGroups/cli_test_network_public_ip_prefix000001/providers/Microsoft.Network/publicIPPrefixes/public_ip_prefix_0\",\r\n
        \ \"etag\": \"W/\\\"45478147-561a-41be-a97d-c88b9f09403b\\\"\",\r\n  \"type\":
        \"Microsoft.Network/publicIPPrefixes\",\r\n  \"location\": \"eastus2\",\r\n
        \ \"properties\": {\r\n    \"provisioningState\": \"Succeeded\",\r\n    \"resourceGuid\":
        \"8260765a-edfc-4b19-964b-83d3fee57c3c\",\r\n    \"prefixLength\": 30,\r\n
        \   \"publicIPAddressVersion\": \"IPv4\",\r\n    \"ipPrefix\": \"20.161.6.96/30\",\r\n
        \   \"ipTags\": []\r\n  },\r\n  \"sku\": {\r\n    \"name\": \"Standard\",\r\n
        \   \"tier\": \"Regional\"\r\n  }\r\n}"
    headers:
      cache-control:
      - no-cache
      content-length:
      - '660'
      content-type:
      - application/json; charset=utf-8
      date:
      - Tue, 25 Oct 2022 04:28:19 GMT
      etag:
      - W/"45478147-561a-41be-a97d-c88b9f09403b"
      expires:
      - '-1'
      pragma:
      - no-cache
      server:
      - Microsoft-HTTPAPI/2.0
      - Microsoft-HTTPAPI/2.0
      strict-transport-security:
      - max-age=31536000; includeSubDomains
      transfer-encoding:
      - chunked
      vary:
      - Accept-Encoding
      x-content-type-options:
      - nosniff
      x-ms-arm-service-request-id:
      - d46fb93a-30ae-4696-b513-5b35c0de44da
    status:
      code: 200
      message: OK
- request:
    body: null
    headers:
      Accept:
      - application/json
      Accept-Encoding:
      - gzip, deflate
      CommandName:
      - network public-ip prefix create
      Connection:
      - keep-alive
      ParameterSetName:
      - -g -n --length --version
      User-Agent:
      - AZURECLI/2.41.0 (PIP) azsdk-python-azure-mgmt-resource/21.1.0b1 Python/3.8.10
        (Windows-10-10.0.19044-SP0)
    method: GET
    uri: https://management.azure.com/subscriptions/00000000-0000-0000-0000-000000000000/resourcegroups/cli_test_network_public_ip_prefix000001?api-version=2021-04-01
  response:
    body:
      string: '{"id":"/subscriptions/00000000-0000-0000-0000-000000000000/resourceGroups/cli_test_network_public_ip_prefix000001","name":"cli_test_network_public_ip_prefix000001","type":"Microsoft.Resources/resourceGroups","location":"eastus2","tags":{"product":"azurecli","cause":"automation","date":"2022-10-25T04:26:15Z"},"properties":{"provisioningState":"Succeeded"}}'
    headers:
      cache-control:
      - no-cache
      content-length:
      - '357'
      content-type:
      - application/json; charset=utf-8
      date:
      - Tue, 25 Oct 2022 04:28:20 GMT
      expires:
      - '-1'
      pragma:
      - no-cache
      strict-transport-security:
      - max-age=31536000; includeSubDomains
      vary:
      - Accept-Encoding
      x-content-type-options:
      - nosniff
    status:
      code: 200
      message: OK
- request:
    body: '{"location": "eastus2", "sku": {"name": "Standard"}, "properties": {"publicIPAddressVersion":
      "IPv6", "prefixLength": 127}}'
    headers:
      Accept:
      - application/json
      Accept-Encoding:
      - gzip, deflate
      CommandName:
      - network public-ip prefix create
      Connection:
      - keep-alive
      Content-Length:
      - '123'
      Content-Type:
      - application/json
      ParameterSetName:
      - -g -n --length --version
      User-Agent:
      - AZURECLI/2.41.0 (PIP) azsdk-python-azure-mgmt-network/21.0.1 Python/3.8.10
        (Windows-10-10.0.19044-SP0)
    method: PUT
    uri: https://management.azure.com/subscriptions/00000000-0000-0000-0000-000000000000/resourceGroups/cli_test_network_public_ip_prefix000001/providers/Microsoft.Network/publicIPPrefixes/public_ip_prefix_2?api-version=2022-01-01
  response:
    body:
      string: "{\r\n  \"name\": \"public_ip_prefix_2\",\r\n  \"id\": \"/subscriptions/00000000-0000-0000-0000-000000000000/resourceGroups/cli_test_network_public_ip_prefix000001/providers/Microsoft.Network/publicIPPrefixes/public_ip_prefix_2\",\r\n
        \ \"etag\": \"W/\\\"067bd8d8-f706-47c5-aa83-1ac0e1009d6c\\\"\",\r\n  \"type\":
        \"Microsoft.Network/publicIPPrefixes\",\r\n  \"location\": \"eastus2\",\r\n
        \ \"properties\": {\r\n    \"provisioningState\": \"Updating\",\r\n    \"resourceGuid\":
        \"55713a21-2dda-40a8-bd43-30751b4e0da9\",\r\n    \"prefixLength\": 127,\r\n
        \   \"publicIPAddressVersion\": \"IPv6\",\r\n    \"ipTags\": []\r\n  },\r\n
        \ \"sku\": {\r\n    \"name\": \"Standard\",\r\n    \"tier\": \"Regional\"\r\n
        \ }\r\n}"
    headers:
      azure-asyncnotification:
      - Enabled
      azure-asyncoperation:
      - https://management.azure.com/subscriptions/00000000-0000-0000-0000-000000000000/providers/Microsoft.Network/locations/eastus2/operations/2f1ce862-e0ec-441c-b77e-158e8dc5f972?api-version=2022-01-01
      cache-control:
      - no-cache
      content-length:
      - '625'
      content-type:
      - application/json; charset=utf-8
      date:
      - Tue, 25 Oct 2022 04:28:27 GMT
      expires:
      - '-1'
      pragma:
      - no-cache
      server:
      - Microsoft-HTTPAPI/2.0
      - Microsoft-HTTPAPI/2.0
      strict-transport-security:
      - max-age=31536000; includeSubDomains
      x-content-type-options:
      - nosniff
      x-ms-arm-service-request-id:
      - a4c811f5-4678-4700-86ac-637330ca9d2c
      x-ms-ratelimit-remaining-subscription-writes:
      - '1199'
    status:
      code: 201
      message: Created
- request:
    body: null
    headers:
      Accept:
      - '*/*'
      Accept-Encoding:
      - gzip, deflate
      CommandName:
      - network public-ip prefix create
      Connection:
      - keep-alive
      ParameterSetName:
      - -g -n --length --version
      User-Agent:
      - AZURECLI/2.41.0 (PIP) azsdk-python-azure-mgmt-network/21.0.1 Python/3.8.10
        (Windows-10-10.0.19044-SP0)
    method: GET
    uri: https://management.azure.com/subscriptions/00000000-0000-0000-0000-000000000000/providers/Microsoft.Network/locations/eastus2/operations/2f1ce862-e0ec-441c-b77e-158e8dc5f972?api-version=2022-01-01
  response:
    body:
      string: "{\r\n  \"status\": \"Succeeded\"\r\n}"
    headers:
      cache-control:
      - no-cache
      content-length:
      - '29'
      content-type:
      - application/json; charset=utf-8
      date:
      - Tue, 25 Oct 2022 04:28:30 GMT
      expires:
      - '-1'
      pragma:
      - no-cache
      server:
      - Microsoft-HTTPAPI/2.0
      - Microsoft-HTTPAPI/2.0
      strict-transport-security:
      - max-age=31536000; includeSubDomains
      transfer-encoding:
      - chunked
      vary:
      - Accept-Encoding
      x-content-type-options:
      - nosniff
      x-ms-arm-service-request-id:
      - 41971c0e-8fb0-47ee-9d1b-13854409665e
    status:
      code: 200
      message: OK
- request:
    body: null
    headers:
      Accept:
      - '*/*'
      Accept-Encoding:
      - gzip, deflate
      CommandName:
      - network public-ip prefix create
      Connection:
      - keep-alive
      ParameterSetName:
      - -g -n --length --version
      User-Agent:
      - AZURECLI/2.41.0 (PIP) azsdk-python-azure-mgmt-network/21.0.1 Python/3.8.10
        (Windows-10-10.0.19044-SP0)
    method: GET
    uri: https://management.azure.com/subscriptions/00000000-0000-0000-0000-000000000000/resourceGroups/cli_test_network_public_ip_prefix000001/providers/Microsoft.Network/publicIPPrefixes/public_ip_prefix_2?api-version=2022-01-01
  response:
    body:
      string: "{\r\n  \"name\": \"public_ip_prefix_2\",\r\n  \"id\": \"/subscriptions/00000000-0000-0000-0000-000000000000/resourceGroups/cli_test_network_public_ip_prefix000001/providers/Microsoft.Network/publicIPPrefixes/public_ip_prefix_2\",\r\n
        \ \"etag\": \"W/\\\"69d713ed-75e4-4635-93e1-600a3876c82f\\\"\",\r\n  \"type\":
        \"Microsoft.Network/publicIPPrefixes\",\r\n  \"location\": \"eastus2\",\r\n
        \ \"properties\": {\r\n    \"provisioningState\": \"Succeeded\",\r\n    \"resourceGuid\":
        \"55713a21-2dda-40a8-bd43-30751b4e0da9\",\r\n    \"prefixLength\": 127,\r\n
        \   \"publicIPAddressVersion\": \"IPv6\",\r\n    \"ipPrefix\": \"2603:1030:408:7::4c/127\",\r\n
        \   \"ipTags\": []\r\n  },\r\n  \"sku\": {\r\n    \"name\": \"Standard\",\r\n
        \   \"tier\": \"Regional\"\r\n  }\r\n}"
    headers:
      cache-control:
      - no-cache
      content-length:
      - '670'
      content-type:
      - application/json; charset=utf-8
      date:
      - Tue, 25 Oct 2022 04:28:31 GMT
      etag:
      - W/"69d713ed-75e4-4635-93e1-600a3876c82f"
      expires:
      - '-1'
      pragma:
      - no-cache
      server:
      - Microsoft-HTTPAPI/2.0
      - Microsoft-HTTPAPI/2.0
      strict-transport-security:
      - max-age=31536000; includeSubDomains
      transfer-encoding:
      - chunked
      vary:
      - Accept-Encoding
      x-content-type-options:
      - nosniff
      x-ms-arm-service-request-id:
      - 0e5b57d6-21b5-4438-a626-f4e0967642c7
    status:
      code: 200
      message: OK
version: 1
