interactions:
- request:
    body: '{"location": "westus", "tags": {"product": "azurecli", "cause": "automation",
      "date": "2018-09-21T21:58:56Z"}}'
    headers:
      Accept: [application/json]
      Accept-Encoding: ['gzip, deflate']
      CommandName: [group create]
      Connection: [keep-alive]
      Content-Length: ['110']
      Content-Type: [application/json; charset=utf-8]
      User-Agent: [python/3.7.0 (Darwin-17.5.0-x86_64-i386-64bit) requests/2.19.1
          msrest/0.5.4 msrest_azure/0.4.34 resourcemanagementclient/2.0.0 Azure-SDK-For-Python
          AZURECLI/2.0.47]
      accept-language: [en-US]
    method: PUT
    uri: https://management.azure.com/subscriptions/00000000-0000-0000-0000-000000000000/resourcegroups/cli-test_vnet_peering_group_2000001?api-version=2018-05-01
  response:
    body: {string: '{"id":"/subscriptions/00000000-0000-0000-0000-000000000000/resourceGroups/cli-test_vnet_peering_group_2000001","name":"cli-test_vnet_peering_group_2000001","location":"westus","tags":{"product":"azurecli","cause":"automation","date":"2018-09-21T21:58:56Z"},"properties":{"provisioningState":"Succeeded"}}'}
    headers:
      cache-control: [no-cache]
      content-length: ['384']
      content-type: [application/json; charset=utf-8]
      date: ['Fri, 21 Sep 2018 21:58:57 GMT']
      expires: ['-1']
      pragma: [no-cache]
      strict-transport-security: [max-age=31536000; includeSubDomains]
      x-content-type-options: [nosniff]
      x-ms-ratelimit-remaining-subscription-writes: ['1199']
    status: {code: 201, message: Created}
- request:
    body: '{"location": "westus", "tags": {"product": "azurecli", "cause": "automation",
      "date": "2018-09-21T21:58:58Z"}}'
    headers:
      Accept: [application/json]
      Accept-Encoding: ['gzip, deflate']
      CommandName: [group create]
      Connection: [keep-alive]
      Content-Length: ['110']
      Content-Type: [application/json; charset=utf-8]
      User-Agent: [python/3.7.0 (Darwin-17.5.0-x86_64-i386-64bit) requests/2.19.1
          msrest/0.5.4 msrest_azure/0.4.34 resourcemanagementclient/2.0.0 Azure-SDK-For-Python
          AZURECLI/2.0.47]
      accept-language: [en-US]
    method: PUT
    uri: https://management.azure.com/subscriptions/00000000-0000-0000-0000-000000000000/resourcegroups/cli-test_vnet_peering_group_1000002?api-version=2018-05-01
  response:
    body: {string: '{"id":"/subscriptions/00000000-0000-0000-0000-000000000000/resourceGroups/cli-test_vnet_peering_group_1000002","name":"cli-test_vnet_peering_group_1000002","location":"westus","tags":{"product":"azurecli","cause":"automation","date":"2018-09-21T21:58:58Z"},"properties":{"provisioningState":"Succeeded"}}'}
    headers:
      cache-control: [no-cache]
      content-length: ['384']
      content-type: [application/json; charset=utf-8]
      date: ['Fri, 21 Sep 2018 21:58:59 GMT']
      expires: ['-1']
      pragma: [no-cache]
      strict-transport-security: [max-age=31536000; includeSubDomains]
      x-content-type-options: [nosniff]
      x-ms-ratelimit-remaining-subscription-writes: ['1199']
    status: {code: 201, message: Created}
- request:
    body: null
    headers:
      Accept: [application/json]
      Accept-Encoding: ['gzip, deflate']
      CommandName: [network vnet create]
      Connection: [keep-alive]
      Content-Type: [application/json; charset=utf-8]
      User-Agent: [python/3.7.0 (Darwin-17.5.0-x86_64-i386-64bit) requests/2.19.1
          msrest/0.5.4 msrest_azure/0.4.34 resourcemanagementclient/2.0.0 Azure-SDK-For-Python
          AZURECLI/2.0.47]
      accept-language: [en-US]
    method: GET
    uri: https://management.azure.com/subscriptions/00000000-0000-0000-0000-000000000000/resourcegroups/cli-test_vnet_peering_group_1000002?api-version=2018-05-01
  response:
    body: {string: '{"id":"/subscriptions/00000000-0000-0000-0000-000000000000/resourceGroups/cli-test_vnet_peering_group_1000002","name":"cli-test_vnet_peering_group_1000002","location":"westus","tags":{"product":"azurecli","cause":"automation","date":"2018-09-21T21:58:58Z"},"properties":{"provisioningState":"Succeeded"}}'}
    headers:
      cache-control: [no-cache]
      content-length: ['384']
      content-type: [application/json; charset=utf-8]
      date: ['Fri, 21 Sep 2018 21:59:00 GMT']
      expires: ['-1']
      pragma: [no-cache]
      strict-transport-security: [max-age=31536000; includeSubDomains]
      vary: [Accept-Encoding]
      x-content-type-options: [nosniff]
    status: {code: 200, message: OK}
- request:
    body: '{"location": "westus", "tags": {}, "properties": {"addressSpace": {"addressPrefixes":
      ["10.0.0.0/16"]}, "dhcpOptions": {}}}'
    headers:
      Accept: [application/json]
      Accept-Encoding: ['gzip, deflate']
      CommandName: [network vnet create]
      Connection: [keep-alive]
      Content-Length: ['123']
      Content-Type: [application/json; charset=utf-8]
      User-Agent: [python/3.7.0 (Darwin-17.5.0-x86_64-i386-64bit) requests/2.19.1
          msrest/0.5.4 msrest_azure/0.4.34 networkmanagementclient/2.2.1 Azure-SDK-For-Python
          AZURECLI/2.0.47]
      accept-language: [en-US]
    method: PUT
    uri: https://management.azure.com/subscriptions/00000000-0000-0000-0000-000000000000/resourceGroups/cli-test_vnet_peering_group_1000002/providers/Microsoft.Network/virtualNetworks/vnet1?api-version=2018-08-01
  response:
    body: {string: "{\r\n  \"name\": \"vnet1\",\r\n  \"id\": \"/subscriptions/00000000-0000-0000-0000-000000000000/resourceGroups/cli-test_vnet_peering_group_1000002/providers/Microsoft.Network/virtualNetworks/vnet1\"\
        ,\r\n  \"etag\": \"W/\\\"db820f30-9bc8-4b1c-aefd-f8555df42af7\\\"\",\r\n \
        \ \"type\": \"Microsoft.Network/virtualNetworks\",\r\n  \"location\": \"westus\"\
        ,\r\n  \"tags\": {},\r\n  \"properties\": {\r\n    \"provisioningState\":\
        \ \"Updating\",\r\n    \"resourceGuid\": \"e6b3e8a8-3dd9-4d5b-a645-19bea1c626dc\"\
        ,\r\n    \"addressSpace\": {\r\n      \"addressPrefixes\": [\r\n        \"\
        10.0.0.0/16\"\r\n      ]\r\n    },\r\n    \"dhcpOptions\": {\r\n      \"dnsServers\"\
        : []\r\n    },\r\n    \"subnets\": [],\r\n    \"virtualNetworkPeerings\":\
        \ [],\r\n    \"enableDdosProtection\": false,\r\n    \"enableVmProtection\"\
        : false\r\n  }\r\n}"}
    headers:
      azure-asyncoperation: ['https://management.azure.com/subscriptions/00000000-0000-0000-0000-000000000000/providers/Microsoft.Network/locations/westus/operations/1b0e9de8-66a7-4c57-8282-fef2ca95472a?api-version=2018-08-01']
      cache-control: [no-cache]
      content-length: ['766']
      content-type: [application/json; charset=utf-8]
      date: ['Fri, 21 Sep 2018 21:59:01 GMT']
      expires: ['-1']
      pragma: [no-cache]
      server: [Microsoft-HTTPAPI/2.0, Microsoft-HTTPAPI/2.0]
      strict-transport-security: [max-age=31536000; includeSubDomains]
      x-content-type-options: [nosniff]
      x-ms-ratelimit-remaining-subscription-writes: ['1199']
    status: {code: 201, message: Created}
- request:
    body: null
    headers:
      Accept: [application/json]
      Accept-Encoding: ['gzip, deflate']
      CommandName: [network vnet create]
      Connection: [keep-alive]
      User-Agent: [python/3.7.0 (Darwin-17.5.0-x86_64-i386-64bit) requests/2.19.1
          msrest/0.5.4 msrest_azure/0.4.34 networkmanagementclient/2.2.1 Azure-SDK-For-Python
          AZURECLI/2.0.47]
    method: GET
    uri: https://management.azure.com/subscriptions/00000000-0000-0000-0000-000000000000/providers/Microsoft.Network/locations/westus/operations/1b0e9de8-66a7-4c57-8282-fef2ca95472a?api-version=2018-08-01
  response:
    body: {string: "{\r\n  \"status\": \"InProgress\"\r\n}"}
    headers:
      cache-control: [no-cache]
      content-length: ['30']
      content-type: [application/json; charset=utf-8]
      date: ['Fri, 21 Sep 2018 21:59:05 GMT']
      expires: ['-1']
      pragma: [no-cache]
      server: [Microsoft-HTTPAPI/2.0, Microsoft-HTTPAPI/2.0]
      strict-transport-security: [max-age=31536000; includeSubDomains]
      transfer-encoding: [chunked]
      vary: [Accept-Encoding]
      x-content-type-options: [nosniff]
    status: {code: 200, message: OK}
- request:
    body: null
    headers:
      Accept: [application/json]
      Accept-Encoding: ['gzip, deflate']
      CommandName: [network vnet create]
      Connection: [keep-alive]
      User-Agent: [python/3.7.0 (Darwin-17.5.0-x86_64-i386-64bit) requests/2.19.1
          msrest/0.5.4 msrest_azure/0.4.34 networkmanagementclient/2.2.1 Azure-SDK-For-Python
          AZURECLI/2.0.47]
    method: GET
    uri: https://management.azure.com/subscriptions/00000000-0000-0000-0000-000000000000/providers/Microsoft.Network/locations/westus/operations/1b0e9de8-66a7-4c57-8282-fef2ca95472a?api-version=2018-08-01
  response:
    body: {string: "{\r\n  \"status\": \"Succeeded\"\r\n}"}
    headers:
      cache-control: [no-cache]
      content-length: ['29']
      content-type: [application/json; charset=utf-8]
      date: ['Fri, 21 Sep 2018 21:59:15 GMT']
      expires: ['-1']
      pragma: [no-cache]
      server: [Microsoft-HTTPAPI/2.0, Microsoft-HTTPAPI/2.0]
      strict-transport-security: [max-age=31536000; includeSubDomains]
      transfer-encoding: [chunked]
      vary: [Accept-Encoding]
      x-content-type-options: [nosniff]
    status: {code: 200, message: OK}
- request:
    body: null
    headers:
      Accept: [application/json]
      Accept-Encoding: ['gzip, deflate']
      CommandName: [network vnet create]
      Connection: [keep-alive]
      User-Agent: [python/3.7.0 (Darwin-17.5.0-x86_64-i386-64bit) requests/2.19.1
          msrest/0.5.4 msrest_azure/0.4.34 networkmanagementclient/2.2.1 Azure-SDK-For-Python
          AZURECLI/2.0.47]
    method: GET
    uri: https://management.azure.com/subscriptions/00000000-0000-0000-0000-000000000000/resourceGroups/cli-test_vnet_peering_group_1000002/providers/Microsoft.Network/virtualNetworks/vnet1?api-version=2018-08-01
  response:
    body: {string: "{\r\n  \"name\": \"vnet1\",\r\n  \"id\": \"/subscriptions/00000000-0000-0000-0000-000000000000/resourceGroups/cli-test_vnet_peering_group_1000002/providers/Microsoft.Network/virtualNetworks/vnet1\"\
        ,\r\n  \"etag\": \"W/\\\"67b67d8a-8301-43bf-a2bb-3193017d99c5\\\"\",\r\n \
        \ \"type\": \"Microsoft.Network/virtualNetworks\",\r\n  \"location\": \"westus\"\
        ,\r\n  \"tags\": {},\r\n  \"properties\": {\r\n    \"provisioningState\":\
        \ \"Succeeded\",\r\n    \"resourceGuid\": \"e6b3e8a8-3dd9-4d5b-a645-19bea1c626dc\"\
        ,\r\n    \"addressSpace\": {\r\n      \"addressPrefixes\": [\r\n        \"\
        10.0.0.0/16\"\r\n      ]\r\n    },\r\n    \"dhcpOptions\": {\r\n      \"dnsServers\"\
        : []\r\n    },\r\n    \"subnets\": [],\r\n    \"virtualNetworkPeerings\":\
        \ [],\r\n    \"enableDdosProtection\": false,\r\n    \"enableVmProtection\"\
        : false\r\n  }\r\n}"}
    headers:
      cache-control: [no-cache]
      content-length: ['767']
      content-type: [application/json; charset=utf-8]
      date: ['Fri, 21 Sep 2018 21:59:16 GMT']
      etag: [W/"67b67d8a-8301-43bf-a2bb-3193017d99c5"]
      expires: ['-1']
      pragma: [no-cache]
      server: [Microsoft-HTTPAPI/2.0, Microsoft-HTTPAPI/2.0]
      strict-transport-security: [max-age=31536000; includeSubDomains]
      transfer-encoding: [chunked]
      vary: [Accept-Encoding]
      x-content-type-options: [nosniff]
    status: {code: 200, message: OK}
- request:
    body: null
    headers:
      Accept: [application/json]
      Accept-Encoding: ['gzip, deflate']
      CommandName: [network vnet create]
      Connection: [keep-alive]
      Content-Type: [application/json; charset=utf-8]
      User-Agent: [python/3.7.0 (Darwin-17.5.0-x86_64-i386-64bit) requests/2.19.1
          msrest/0.5.4 msrest_azure/0.4.34 resourcemanagementclient/2.0.0 Azure-SDK-For-Python
          AZURECLI/2.0.47]
      accept-language: [en-US]
    method: GET
    uri: https://management.azure.com/subscriptions/00000000-0000-0000-0000-000000000000/resourcegroups/cli-test_vnet_peering_group_2000001?api-version=2018-05-01
  response:
    body: {string: '{"id":"/subscriptions/00000000-0000-0000-0000-000000000000/resourceGroups/cli-test_vnet_peering_group_2000001","name":"cli-test_vnet_peering_group_2000001","location":"westus","tags":{"product":"azurecli","cause":"automation","date":"2018-09-21T21:58:56Z"},"properties":{"provisioningState":"Succeeded"}}'}
    headers:
      cache-control: [no-cache]
      content-length: ['384']
      content-type: [application/json; charset=utf-8]
      date: ['Fri, 21 Sep 2018 21:59:16 GMT']
      expires: ['-1']
      pragma: [no-cache]
      strict-transport-security: [max-age=31536000; includeSubDomains]
      vary: [Accept-Encoding]
      x-content-type-options: [nosniff]
    status: {code: 200, message: OK}
- request:
    body: '{"location": "westus", "tags": {}, "properties": {"addressSpace": {"addressPrefixes":
      ["11.0.0.0/16"]}, "dhcpOptions": {}}}'
    headers:
      Accept: [application/json]
      Accept-Encoding: ['gzip, deflate']
      CommandName: [network vnet create]
      Connection: [keep-alive]
      Content-Length: ['123']
      Content-Type: [application/json; charset=utf-8]
      User-Agent: [python/3.7.0 (Darwin-17.5.0-x86_64-i386-64bit) requests/2.19.1
          msrest/0.5.4 msrest_azure/0.4.34 networkmanagementclient/2.2.1 Azure-SDK-For-Python
          AZURECLI/2.0.47]
      accept-language: [en-US]
    method: PUT
    uri: https://management.azure.com/subscriptions/00000000-0000-0000-0000-000000000000/resourceGroups/cli-test_vnet_peering_group_2000001/providers/Microsoft.Network/virtualNetworks/vnet2?api-version=2018-08-01
  response:
    body: {string: "{\r\n  \"name\": \"vnet2\",\r\n  \"id\": \"/subscriptions/00000000-0000-0000-0000-000000000000/resourceGroups/cli-test_vnet_peering_group_2000001/providers/Microsoft.Network/virtualNetworks/vnet2\"\
        ,\r\n  \"etag\": \"W/\\\"8399fc08-9c84-451b-ac97-0d1f123560d3\\\"\",\r\n \
        \ \"type\": \"Microsoft.Network/virtualNetworks\",\r\n  \"location\": \"westus\"\
        ,\r\n  \"tags\": {},\r\n  \"properties\": {\r\n    \"provisioningState\":\
        \ \"Updating\",\r\n    \"resourceGuid\": \"3f9da9be-7864-4d5b-bd05-011c1e244e33\"\
        ,\r\n    \"addressSpace\": {\r\n      \"addressPrefixes\": [\r\n        \"\
        11.0.0.0/16\"\r\n      ]\r\n    },\r\n    \"dhcpOptions\": {\r\n      \"dnsServers\"\
        : []\r\n    },\r\n    \"subnets\": [],\r\n    \"virtualNetworkPeerings\":\
        \ [],\r\n    \"enableDdosProtection\": false,\r\n    \"enableVmProtection\"\
        : false\r\n  }\r\n}"}
    headers:
      azure-asyncoperation: ['https://management.azure.com/subscriptions/00000000-0000-0000-0000-000000000000/providers/Microsoft.Network/locations/westus/operations/64dd0144-c63f-41d6-a595-48ea25273bbb?api-version=2018-08-01']
      cache-control: [no-cache]
      content-length: ['766']
      content-type: [application/json; charset=utf-8]
      date: ['Fri, 21 Sep 2018 21:59:17 GMT']
      expires: ['-1']
      pragma: [no-cache]
      server: [Microsoft-HTTPAPI/2.0, Microsoft-HTTPAPI/2.0]
      strict-transport-security: [max-age=31536000; includeSubDomains]
      x-content-type-options: [nosniff]
      x-ms-ratelimit-remaining-subscription-writes: ['1199']
    status: {code: 201, message: Created}
- request:
    body: null
    headers:
      Accept: [application/json]
      Accept-Encoding: ['gzip, deflate']
      CommandName: [network vnet create]
      Connection: [keep-alive]
      User-Agent: [python/3.7.0 (Darwin-17.5.0-x86_64-i386-64bit) requests/2.19.1
          msrest/0.5.4 msrest_azure/0.4.34 networkmanagementclient/2.2.1 Azure-SDK-For-Python
          AZURECLI/2.0.47]
    method: GET
    uri: https://management.azure.com/subscriptions/00000000-0000-0000-0000-000000000000/providers/Microsoft.Network/locations/westus/operations/64dd0144-c63f-41d6-a595-48ea25273bbb?api-version=2018-08-01
  response:
    body: {string: "{\r\n  \"status\": \"InProgress\"\r\n}"}
    headers:
      cache-control: [no-cache]
      content-length: ['30']
      content-type: [application/json; charset=utf-8]
      date: ['Fri, 21 Sep 2018 21:59:21 GMT']
      expires: ['-1']
      pragma: [no-cache]
      server: [Microsoft-HTTPAPI/2.0, Microsoft-HTTPAPI/2.0]
      strict-transport-security: [max-age=31536000; includeSubDomains]
      transfer-encoding: [chunked]
      vary: [Accept-Encoding]
      x-content-type-options: [nosniff]
    status: {code: 200, message: OK}
- request:
    body: null
    headers:
      Accept: [application/json]
      Accept-Encoding: ['gzip, deflate']
      CommandName: [network vnet create]
      Connection: [keep-alive]
      User-Agent: [python/3.7.0 (Darwin-17.5.0-x86_64-i386-64bit) requests/2.19.1
          msrest/0.5.4 msrest_azure/0.4.34 networkmanagementclient/2.2.1 Azure-SDK-For-Python
          AZURECLI/2.0.47]
    method: GET
    uri: https://management.azure.com/subscriptions/00000000-0000-0000-0000-000000000000/providers/Microsoft.Network/locations/westus/operations/64dd0144-c63f-41d6-a595-48ea25273bbb?api-version=2018-08-01
  response:
    body: {string: "{\r\n  \"status\": \"Succeeded\"\r\n}"}
    headers:
      cache-control: [no-cache]
      content-length: ['29']
      content-type: [application/json; charset=utf-8]
      date: ['Fri, 21 Sep 2018 21:59:31 GMT']
      expires: ['-1']
      pragma: [no-cache]
      server: [Microsoft-HTTPAPI/2.0, Microsoft-HTTPAPI/2.0]
      strict-transport-security: [max-age=31536000; includeSubDomains]
      transfer-encoding: [chunked]
      vary: [Accept-Encoding]
      x-content-type-options: [nosniff]
    status: {code: 200, message: OK}
- request:
    body: null
    headers:
      Accept: [application/json]
      Accept-Encoding: ['gzip, deflate']
      CommandName: [network vnet create]
      Connection: [keep-alive]
      User-Agent: [python/3.7.0 (Darwin-17.5.0-x86_64-i386-64bit) requests/2.19.1
          msrest/0.5.4 msrest_azure/0.4.34 networkmanagementclient/2.2.1 Azure-SDK-For-Python
          AZURECLI/2.0.47]
    method: GET
    uri: https://management.azure.com/subscriptions/00000000-0000-0000-0000-000000000000/resourceGroups/cli-test_vnet_peering_group_2000001/providers/Microsoft.Network/virtualNetworks/vnet2?api-version=2018-08-01
  response:
    body: {string: "{\r\n  \"name\": \"vnet2\",\r\n  \"id\": \"/subscriptions/00000000-0000-0000-0000-000000000000/resourceGroups/cli-test_vnet_peering_group_2000001/providers/Microsoft.Network/virtualNetworks/vnet2\"\
        ,\r\n  \"etag\": \"W/\\\"32106eb7-866f-4bf6-b9ff-38b31821a1ca\\\"\",\r\n \
        \ \"type\": \"Microsoft.Network/virtualNetworks\",\r\n  \"location\": \"westus\"\
        ,\r\n  \"tags\": {},\r\n  \"properties\": {\r\n    \"provisioningState\":\
        \ \"Succeeded\",\r\n    \"resourceGuid\": \"3f9da9be-7864-4d5b-bd05-011c1e244e33\"\
        ,\r\n    \"addressSpace\": {\r\n      \"addressPrefixes\": [\r\n        \"\
        11.0.0.0/16\"\r\n      ]\r\n    },\r\n    \"dhcpOptions\": {\r\n      \"dnsServers\"\
        : []\r\n    },\r\n    \"subnets\": [],\r\n    \"virtualNetworkPeerings\":\
        \ [],\r\n    \"enableDdosProtection\": false,\r\n    \"enableVmProtection\"\
        : false\r\n  }\r\n}"}
    headers:
      cache-control: [no-cache]
      content-length: ['767']
      content-type: [application/json; charset=utf-8]
      date: ['Fri, 21 Sep 2018 21:59:32 GMT']
      etag: [W/"32106eb7-866f-4bf6-b9ff-38b31821a1ca"]
      expires: ['-1']
      pragma: [no-cache]
      server: [Microsoft-HTTPAPI/2.0, Microsoft-HTTPAPI/2.0]
      strict-transport-security: [max-age=31536000; includeSubDomains]
      transfer-encoding: [chunked]
      vary: [Accept-Encoding]
      x-content-type-options: [nosniff]
    status: {code: 200, message: OK}
- request:
    body: null
    headers:
      Accept: [application/json]
      Accept-Encoding: ['gzip, deflate']
      CommandName: [network public-ip create]
      Connection: [keep-alive]
      Content-Type: [application/json; charset=utf-8]
      User-Agent: [python/3.7.0 (Darwin-17.5.0-x86_64-i386-64bit) requests/2.19.1
          msrest/0.5.4 msrest_azure/0.4.34 resourcemanagementclient/2.0.0 Azure-SDK-For-Python
          AZURECLI/2.0.47]
      accept-language: [en-US]
    method: GET
    uri: https://management.azure.com/subscriptions/00000000-0000-0000-0000-000000000000/resourcegroups/cli-test_vnet_peering_group_2000001?api-version=2018-05-01
  response:
    body: {string: '{"id":"/subscriptions/00000000-0000-0000-0000-000000000000/resourceGroups/cli-test_vnet_peering_group_2000001","name":"cli-test_vnet_peering_group_2000001","location":"westus","tags":{"product":"azurecli","cause":"automation","date":"2018-09-21T21:58:56Z"},"properties":{"provisioningState":"Succeeded"}}'}
    headers:
      cache-control: [no-cache]
      content-length: ['384']
      content-type: [application/json; charset=utf-8]
      date: ['Fri, 21 Sep 2018 21:59:33 GMT']
      expires: ['-1']
      pragma: [no-cache]
      strict-transport-security: [max-age=31536000; includeSubDomains]
      vary: [Accept-Encoding]
      x-content-type-options: [nosniff]
    status: {code: 200, message: OK}
- request:
    body: '{"location": "westus", "sku": {"name": "Basic"}, "properties": {"publicIPAllocationMethod":
      "Dynamic", "publicIPAddressVersion": "IPv4", "idleTimeoutInMinutes": 4}}'
    headers:
      Accept: [application/json]
      Accept-Encoding: ['gzip, deflate']
      CommandName: [network public-ip create]
      Connection: [keep-alive]
      Content-Length: ['164']
      Content-Type: [application/json; charset=utf-8]
      User-Agent: [python/3.7.0 (Darwin-17.5.0-x86_64-i386-64bit) requests/2.19.1
          msrest/0.5.4 msrest_azure/0.4.34 networkmanagementclient/2.2.1 Azure-SDK-For-Python
          AZURECLI/2.0.47]
      accept-language: [en-US]
    method: PUT
    uri: https://management.azure.com/subscriptions/00000000-0000-0000-0000-000000000000/resourceGroups/cli-test_vnet_peering_group_2000001/providers/Microsoft.Network/publicIPAddresses/ip1?api-version=2018-08-01
  response:
    body: {string: "{\r\n  \"name\": \"ip1\",\r\n  \"id\": \"/subscriptions/00000000-0000-0000-0000-000000000000/resourceGroups/cli-test_vnet_peering_group_2000001/providers/Microsoft.Network/publicIPAddresses/ip1\"\
        ,\r\n  \"etag\": \"W/\\\"329123c1-e83c-4eff-b9d5-d368909c8f40\\\"\",\r\n \
        \ \"location\": \"westus\",\r\n  \"properties\": {\r\n    \"provisioningState\"\
        : \"Updating\",\r\n    \"resourceGuid\": \"2324ab70-b6cf-4740-bf73-5baabfc9aa6e\"\
        ,\r\n    \"publicIPAddressVersion\": \"IPv4\",\r\n    \"publicIPAllocationMethod\"\
        : \"Dynamic\",\r\n    \"idleTimeoutInMinutes\": 4,\r\n    \"ipTags\": []\r\
        \n  },\r\n  \"type\": \"Microsoft.Network/publicIPAddresses\",\r\n  \"sku\"\
        : {\r\n    \"name\": \"Basic\",\r\n    \"tier\": \"Regional\"\r\n  }\r\n}"}
    headers:
      azure-asyncoperation: ['https://management.azure.com/subscriptions/00000000-0000-0000-0000-000000000000/providers/Microsoft.Network/locations/westus/operations/5019967c-ce03-49c2-a87f-a53947e99cd3?api-version=2018-08-01']
      cache-control: [no-cache]
      content-length: ['679']
      content-type: [application/json; charset=utf-8]
      date: ['Fri, 21 Sep 2018 21:59:34 GMT']
      expires: ['-1']
      pragma: [no-cache]
      server: [Microsoft-HTTPAPI/2.0, Microsoft-HTTPAPI/2.0]
      strict-transport-security: [max-age=31536000; includeSubDomains]
      x-content-type-options: [nosniff]
      x-ms-ratelimit-remaining-subscription-writes: ['1199']
    status: {code: 201, message: Created}
- request:
    body: null
    headers:
      Accept: [application/json]
      Accept-Encoding: ['gzip, deflate']
      CommandName: [network public-ip create]
      Connection: [keep-alive]
      User-Agent: [python/3.7.0 (Darwin-17.5.0-x86_64-i386-64bit) requests/2.19.1
          msrest/0.5.4 msrest_azure/0.4.34 networkmanagementclient/2.2.1 Azure-SDK-For-Python
          AZURECLI/2.0.47]
    method: GET
    uri: https://management.azure.com/subscriptions/00000000-0000-0000-0000-000000000000/providers/Microsoft.Network/locations/westus/operations/5019967c-ce03-49c2-a87f-a53947e99cd3?api-version=2018-08-01
  response:
    body: {string: "{\r\n  \"status\": \"Succeeded\"\r\n}"}
    headers:
      cache-control: [no-cache]
      content-length: ['29']
      content-type: [application/json; charset=utf-8]
      date: ['Fri, 21 Sep 2018 21:59:38 GMT']
      expires: ['-1']
      pragma: [no-cache]
      server: [Microsoft-HTTPAPI/2.0, Microsoft-HTTPAPI/2.0]
      strict-transport-security: [max-age=31536000; includeSubDomains]
      transfer-encoding: [chunked]
      vary: [Accept-Encoding]
      x-content-type-options: [nosniff]
    status: {code: 200, message: OK}
- request:
    body: null
    headers:
      Accept: [application/json]
      Accept-Encoding: ['gzip, deflate']
      CommandName: [network public-ip create]
      Connection: [keep-alive]
      User-Agent: [python/3.7.0 (Darwin-17.5.0-x86_64-i386-64bit) requests/2.19.1
          msrest/0.5.4 msrest_azure/0.4.34 networkmanagementclient/2.2.1 Azure-SDK-For-Python
          AZURECLI/2.0.47]
    method: GET
    uri: https://management.azure.com/subscriptions/00000000-0000-0000-0000-000000000000/resourceGroups/cli-test_vnet_peering_group_2000001/providers/Microsoft.Network/publicIPAddresses/ip1?api-version=2018-08-01
  response:
    body: {string: "{\r\n  \"name\": \"ip1\",\r\n  \"id\": \"/subscriptions/00000000-0000-0000-0000-000000000000/resourceGroups/cli-test_vnet_peering_group_2000001/providers/Microsoft.Network/publicIPAddresses/ip1\"\
        ,\r\n  \"etag\": \"W/\\\"3b407fed-249a-4d42-9405-54dd9be7612e\\\"\",\r\n \
        \ \"location\": \"westus\",\r\n  \"properties\": {\r\n    \"provisioningState\"\
        : \"Succeeded\",\r\n    \"resourceGuid\": \"2324ab70-b6cf-4740-bf73-5baabfc9aa6e\"\
        ,\r\n    \"publicIPAddressVersion\": \"IPv4\",\r\n    \"publicIPAllocationMethod\"\
        : \"Dynamic\",\r\n    \"idleTimeoutInMinutes\": 4,\r\n    \"ipTags\": []\r\
        \n  },\r\n  \"type\": \"Microsoft.Network/publicIPAddresses\",\r\n  \"sku\"\
        : {\r\n    \"name\": \"Basic\",\r\n    \"tier\": \"Regional\"\r\n  }\r\n}"}
    headers:
      cache-control: [no-cache]
      content-length: ['680']
      content-type: [application/json; charset=utf-8]
      date: ['Fri, 21 Sep 2018 21:59:38 GMT']
      etag: [W/"3b407fed-249a-4d42-9405-54dd9be7612e"]
      expires: ['-1']
      pragma: [no-cache]
      server: [Microsoft-HTTPAPI/2.0, Microsoft-HTTPAPI/2.0]
      strict-transport-security: [max-age=31536000; includeSubDomains]
      transfer-encoding: [chunked]
      vary: [Accept-Encoding]
      x-content-type-options: [nosniff]
    status: {code: 200, message: OK}
- request:
    body: null
    headers:
      Accept: [application/json]
      Accept-Encoding: ['gzip, deflate']
      CommandName: [network public-ip show]
      Connection: [keep-alive]
      User-Agent: [python/3.7.0 (Darwin-17.5.0-x86_64-i386-64bit) requests/2.19.1
          msrest/0.5.4 msrest_azure/0.4.34 networkmanagementclient/2.2.1 Azure-SDK-For-Python
          AZURECLI/2.0.47]
      accept-language: [en-US]
    method: GET
    uri: https://management.azure.com/subscriptions/00000000-0000-0000-0000-000000000000/resourceGroups/cli-test_vnet_peering_group_2000001/providers/Microsoft.Network/publicIPAddresses/ip1?api-version=2018-08-01
  response:
    body: {string: "{\r\n  \"name\": \"ip1\",\r\n  \"id\": \"/subscriptions/00000000-0000-0000-0000-000000000000/resourceGroups/cli-test_vnet_peering_group_2000001/providers/Microsoft.Network/publicIPAddresses/ip1\"\
        ,\r\n  \"etag\": \"W/\\\"3b407fed-249a-4d42-9405-54dd9be7612e\\\"\",\r\n \
        \ \"location\": \"westus\",\r\n  \"properties\": {\r\n    \"provisioningState\"\
        : \"Succeeded\",\r\n    \"resourceGuid\": \"2324ab70-b6cf-4740-bf73-5baabfc9aa6e\"\
        ,\r\n    \"publicIPAddressVersion\": \"IPv4\",\r\n    \"publicIPAllocationMethod\"\
        : \"Dynamic\",\r\n    \"idleTimeoutInMinutes\": 4,\r\n    \"ipTags\": []\r\
        \n  },\r\n  \"type\": \"Microsoft.Network/publicIPAddresses\",\r\n  \"sku\"\
        : {\r\n    \"name\": \"Basic\",\r\n    \"tier\": \"Regional\"\r\n  }\r\n}"}
    headers:
      cache-control: [no-cache]
      content-length: ['680']
      content-type: [application/json; charset=utf-8]
      date: ['Fri, 21 Sep 2018 21:59:39 GMT']
      etag: [W/"3b407fed-249a-4d42-9405-54dd9be7612e"]
      expires: ['-1']
      pragma: [no-cache]
      server: [Microsoft-HTTPAPI/2.0, Microsoft-HTTPAPI/2.0]
      strict-transport-security: [max-age=31536000; includeSubDomains]
      transfer-encoding: [chunked]
      vary: [Accept-Encoding]
      x-content-type-options: [nosniff]
    status: {code: 200, message: OK}
- request:
    body: null
    headers:
      Accept: [application/json]
      Accept-Encoding: ['gzip, deflate']
      CommandName: [network vnet show]
      Connection: [keep-alive]
      User-Agent: [python/3.7.0 (Darwin-17.5.0-x86_64-i386-64bit) requests/2.19.1
          msrest/0.5.4 msrest_azure/0.4.34 networkmanagementclient/2.2.1 Azure-SDK-For-Python
          AZURECLI/2.0.47]
      accept-language: [en-US]
    method: GET
    uri: https://management.azure.com/subscriptions/00000000-0000-0000-0000-000000000000/resourceGroups/cli-test_vnet_peering_group_2000001/providers/Microsoft.Network/virtualNetworks/vnet2?api-version=2018-08-01
  response:
    body: {string: "{\r\n  \"name\": \"vnet2\",\r\n  \"id\": \"/subscriptions/00000000-0000-0000-0000-000000000000/resourceGroups/cli-test_vnet_peering_group_2000001/providers/Microsoft.Network/virtualNetworks/vnet2\"\
        ,\r\n  \"etag\": \"W/\\\"32106eb7-866f-4bf6-b9ff-38b31821a1ca\\\"\",\r\n \
        \ \"type\": \"Microsoft.Network/virtualNetworks\",\r\n  \"location\": \"westus\"\
        ,\r\n  \"tags\": {},\r\n  \"properties\": {\r\n    \"provisioningState\":\
        \ \"Succeeded\",\r\n    \"resourceGuid\": \"3f9da9be-7864-4d5b-bd05-011c1e244e33\"\
        ,\r\n    \"addressSpace\": {\r\n      \"addressPrefixes\": [\r\n        \"\
        11.0.0.0/16\"\r\n      ]\r\n    },\r\n    \"dhcpOptions\": {\r\n      \"dnsServers\"\
        : []\r\n    },\r\n    \"subnets\": [],\r\n    \"virtualNetworkPeerings\":\
        \ [],\r\n    \"enableDdosProtection\": false,\r\n    \"enableVmProtection\"\
        : false\r\n  }\r\n}"}
    headers:
      cache-control: [no-cache]
      content-length: ['767']
      content-type: [application/json; charset=utf-8]
      date: ['Fri, 21 Sep 2018 21:59:40 GMT']
      etag: [W/"32106eb7-866f-4bf6-b9ff-38b31821a1ca"]
      expires: ['-1']
      pragma: [no-cache]
      server: [Microsoft-HTTPAPI/2.0, Microsoft-HTTPAPI/2.0]
      strict-transport-security: [max-age=31536000; includeSubDomains]
      transfer-encoding: [chunked]
      vary: [Accept-Encoding]
      x-content-type-options: [nosniff]
    status: {code: 200, message: OK}
- request:
    body: null
    headers:
      Accept: [application/json]
      Accept-Encoding: ['gzip, deflate']
      CommandName: [network vnet show]
      Connection: [keep-alive]
      User-Agent: [python/3.7.0 (Darwin-17.5.0-x86_64-i386-64bit) requests/2.19.1
          msrest/0.5.4 msrest_azure/0.4.34 networkmanagementclient/2.2.1 Azure-SDK-For-Python
          AZURECLI/2.0.47]
      accept-language: [en-US]
    method: GET
    uri: https://management.azure.com/subscriptions/00000000-0000-0000-0000-000000000000/resourceGroups/cli-test_vnet_peering_group_1000002/providers/Microsoft.Network/virtualNetworks/vnet1?api-version=2018-08-01
  response:
    body: {string: "{\r\n  \"name\": \"vnet1\",\r\n  \"id\": \"/subscriptions/00000000-0000-0000-0000-000000000000/resourceGroups/cli-test_vnet_peering_group_1000002/providers/Microsoft.Network/virtualNetworks/vnet1\"\
        ,\r\n  \"etag\": \"W/\\\"67b67d8a-8301-43bf-a2bb-3193017d99c5\\\"\",\r\n \
        \ \"type\": \"Microsoft.Network/virtualNetworks\",\r\n  \"location\": \"westus\"\
        ,\r\n  \"tags\": {},\r\n  \"properties\": {\r\n    \"provisioningState\":\
        \ \"Succeeded\",\r\n    \"resourceGuid\": \"e6b3e8a8-3dd9-4d5b-a645-19bea1c626dc\"\
        ,\r\n    \"addressSpace\": {\r\n      \"addressPrefixes\": [\r\n        \"\
        10.0.0.0/16\"\r\n      ]\r\n    },\r\n    \"dhcpOptions\": {\r\n      \"dnsServers\"\
        : []\r\n    },\r\n    \"subnets\": [],\r\n    \"virtualNetworkPeerings\":\
        \ [],\r\n    \"enableDdosProtection\": false,\r\n    \"enableVmProtection\"\
        : false\r\n  }\r\n}"}
    headers:
      cache-control: [no-cache]
      content-length: ['767']
      content-type: [application/json; charset=utf-8]
      date: ['Fri, 21 Sep 2018 21:59:41 GMT']
      etag: [W/"67b67d8a-8301-43bf-a2bb-3193017d99c5"]
      expires: ['-1']
      pragma: [no-cache]
      server: [Microsoft-HTTPAPI/2.0, Microsoft-HTTPAPI/2.0]
      strict-transport-security: [max-age=31536000; includeSubDomains]
      transfer-encoding: [chunked]
      vary: [Accept-Encoding]
      x-content-type-options: [nosniff]
    status: {code: 200, message: OK}
- request:
    body: null
    headers:
      Accept: [application/json]
      Accept-Encoding: ['gzip, deflate']
      CommandName: [network vnet show]
      Connection: [keep-alive]
      User-Agent: [python/3.7.0 (Darwin-17.5.0-x86_64-i386-64bit) requests/2.19.1
          msrest/0.5.4 msrest_azure/0.4.34 networkmanagementclient/2.2.1 Azure-SDK-For-Python
          AZURECLI/2.0.47]
      accept-language: [en-US]
    method: GET
    uri: https://management.azure.com/subscriptions/00000000-0000-0000-0000-000000000000/resourceGroups/cli-test_vnet_peering_group_2000001/providers/Microsoft.Network/virtualNetworks/vnet2?api-version=2018-08-01
  response:
    body: {string: "{\r\n  \"name\": \"vnet2\",\r\n  \"id\": \"/subscriptions/00000000-0000-0000-0000-000000000000/resourceGroups/cli-test_vnet_peering_group_2000001/providers/Microsoft.Network/virtualNetworks/vnet2\"\
        ,\r\n  \"etag\": \"W/\\\"32106eb7-866f-4bf6-b9ff-38b31821a1ca\\\"\",\r\n \
        \ \"type\": \"Microsoft.Network/virtualNetworks\",\r\n  \"location\": \"westus\"\
        ,\r\n  \"tags\": {},\r\n  \"properties\": {\r\n    \"provisioningState\":\
        \ \"Succeeded\",\r\n    \"resourceGuid\": \"3f9da9be-7864-4d5b-bd05-011c1e244e33\"\
        ,\r\n    \"addressSpace\": {\r\n      \"addressPrefixes\": [\r\n        \"\
        11.0.0.0/16\"\r\n      ]\r\n    },\r\n    \"dhcpOptions\": {\r\n      \"dnsServers\"\
        : []\r\n    },\r\n    \"subnets\": [],\r\n    \"virtualNetworkPeerings\":\
        \ [],\r\n    \"enableDdosProtection\": false,\r\n    \"enableVmProtection\"\
        : false\r\n  }\r\n}"}
    headers:
      cache-control: [no-cache]
      content-length: ['767']
      content-type: [application/json; charset=utf-8]
      date: ['Fri, 21 Sep 2018 21:59:43 GMT']
      etag: [W/"32106eb7-866f-4bf6-b9ff-38b31821a1ca"]
      expires: ['-1']
      pragma: [no-cache]
      server: [Microsoft-HTTPAPI/2.0, Microsoft-HTTPAPI/2.0]
      strict-transport-security: [max-age=31536000; includeSubDomains]
      transfer-encoding: [chunked]
      vary: [Accept-Encoding]
      x-content-type-options: [nosniff]
    status: {code: 200, message: OK}
- request:
    body: 'b''b\''{"id": "/subscriptions/00000000-0000-0000-0000-000000000000/resourceGroups/cli-test_vnet_peering_group_2000001/providers/Microsoft.Network/virtualNetworks/vnet2",
      "properties": {"allowVirtualNetworkAccess": false, "allowForwardedTraffic":
      false, "allowGatewayTransit": true, "useRemoteGateways": false, "remoteVirtualNetwork":
      {"id": "/subscriptions/00000000-0000-0000-0000-000000000000/resourceGroups/cli-test_vnet_peering_group_1000002/providers/Microsoft.Network/virtualNetworks/vnet1"}},
      "name": "peering2"}\'''''
    headers:
      Accept: [application/json]
      Accept-Encoding: ['gzip, deflate']
      CommandName: [network vnet peering create]
      Connection: [keep-alive]
      Content-Length: ['591']
      Content-Type: [application/json; charset=utf-8]
      User-Agent: [python/3.7.0 (Darwin-17.5.0-x86_64-i386-64bit) requests/2.19.1
          msrest/0.5.4 msrest_azure/0.4.34 networkmanagementclient/2.2.1 Azure-SDK-For-Python
          AZURECLI/2.0.47]
      accept-language: [en-US]
    method: PUT
    uri: https://management.azure.com/subscriptions/00000000-0000-0000-0000-000000000000/resourceGroups/cli-test_vnet_peering_group_2000001/providers/Microsoft.Network/virtualNetworks/vnet2/virtualNetworkPeerings/peering2?api-version=2018-08-01
  response:
    body: {string: "{\r\n  \"name\": \"peering2\",\r\n  \"id\": \"/subscriptions/00000000-0000-0000-0000-000000000000/resourceGroups/cli-test_vnet_peering_group_2000001/providers/Microsoft.Network/virtualNetworks/vnet2/virtualNetworkPeerings/peering2\"\
        ,\r\n  \"etag\": \"W/\\\"142d3481-1ad7-4a35-ab09-1f848b8d0c8f\\\"\",\r\n \
        \ \"properties\": {\r\n    \"provisioningState\": \"Updating\",\r\n    \"\
        peeringState\": \"Initiated\",\r\n    \"remoteVirtualNetwork\": {\r\n    \
        \  \"id\": \"/subscriptions/00000000-0000-0000-0000-000000000000/resourceGroups/cli-test_vnet_peering_group_1000002/providers/Microsoft.Network/virtualNetworks/vnet1\"\
        \r\n    },\r\n    \"allowVirtualNetworkAccess\": false,\r\n    \"allowForwardedTraffic\"\
        : false,\r\n    \"allowGatewayTransit\": true,\r\n    \"useRemoteGateways\"\
        : false,\r\n    \"remoteAddressSpace\": {\r\n      \"addressPrefixes\": [\r\
        \n        \"10.0.0.0/16\"\r\n      ]\r\n    },\r\n    \"routeServiceVips\"\
        : {}\r\n  },\r\n  \"type\": \"Microsoft.Network/virtualNetworks/virtualNetworkPeerings\"\
        \r\n}"}
    headers:
      azure-asyncoperation: ['https://management.azure.com/subscriptions/00000000-0000-0000-0000-000000000000/providers/Microsoft.Network/locations/westus/operations/c1199ff3-ced2-4e25-abea-c31b91f92bc8?api-version=2018-08-01']
      cache-control: [no-cache]
      content-length: ['1005']
      content-type: [application/json; charset=utf-8]
      date: ['Fri, 21 Sep 2018 21:59:45 GMT']
      expires: ['-1']
      pragma: [no-cache]
      server: [Microsoft-HTTPAPI/2.0, Microsoft-HTTPAPI/2.0]
      strict-transport-security: [max-age=31536000; includeSubDomains]
      x-content-type-options: [nosniff]
      x-ms-ratelimit-remaining-subscription-writes: ['1198']
    status: {code: 201, message: Created}
- request:
    body: null
    headers:
      Accept: [application/json]
      Accept-Encoding: ['gzip, deflate']
      CommandName: [network vnet peering create]
      Connection: [keep-alive]
      User-Agent: [python/3.7.0 (Darwin-17.5.0-x86_64-i386-64bit) requests/2.19.1
          msrest/0.5.4 msrest_azure/0.4.34 networkmanagementclient/2.2.1 Azure-SDK-For-Python
          AZURECLI/2.0.47]
    method: GET
    uri: https://management.azure.com/subscriptions/00000000-0000-0000-0000-000000000000/providers/Microsoft.Network/locations/westus/operations/c1199ff3-ced2-4e25-abea-c31b91f92bc8?api-version=2018-08-01
  response:
    body: {string: "{\r\n  \"status\": \"Succeeded\"\r\n}"}
    headers:
      cache-control: [no-cache]
      content-length: ['29']
      content-type: [application/json; charset=utf-8]
      date: ['Fri, 21 Sep 2018 21:59:55 GMT']
      expires: ['-1']
      pragma: [no-cache]
      server: [Microsoft-HTTPAPI/2.0, Microsoft-HTTPAPI/2.0]
      strict-transport-security: [max-age=31536000; includeSubDomains]
      transfer-encoding: [chunked]
      vary: [Accept-Encoding]
      x-content-type-options: [nosniff]
    status: {code: 200, message: OK}
- request:
    body: null
    headers:
      Accept: [application/json]
      Accept-Encoding: ['gzip, deflate']
      CommandName: [network vnet peering create]
      Connection: [keep-alive]
      User-Agent: [python/3.7.0 (Darwin-17.5.0-x86_64-i386-64bit) requests/2.19.1
          msrest/0.5.4 msrest_azure/0.4.34 networkmanagementclient/2.2.1 Azure-SDK-For-Python
          AZURECLI/2.0.47]
    method: GET
    uri: https://management.azure.com/subscriptions/00000000-0000-0000-0000-000000000000/resourceGroups/cli-test_vnet_peering_group_2000001/providers/Microsoft.Network/virtualNetworks/vnet2/virtualNetworkPeerings/peering2?api-version=2018-08-01
  response:
    body: {string: "{\r\n  \"name\": \"peering2\",\r\n  \"id\": \"/subscriptions/00000000-0000-0000-0000-000000000000/resourceGroups/cli-test_vnet_peering_group_2000001/providers/Microsoft.Network/virtualNetworks/vnet2/virtualNetworkPeerings/peering2\"\
        ,\r\n  \"etag\": \"W/\\\"b546d811-2576-49f9-8580-025e1164ad95\\\"\",\r\n \
        \ \"properties\": {\r\n    \"provisioningState\": \"Succeeded\",\r\n    \"\
        peeringState\": \"Initiated\",\r\n    \"remoteVirtualNetwork\": {\r\n    \
        \  \"id\": \"/subscriptions/00000000-0000-0000-0000-000000000000/resourceGroups/cli-test_vnet_peering_group_1000002/providers/Microsoft.Network/virtualNetworks/vnet1\"\
        \r\n    },\r\n    \"allowVirtualNetworkAccess\": false,\r\n    \"allowForwardedTraffic\"\
        : false,\r\n    \"allowGatewayTransit\": true,\r\n    \"useRemoteGateways\"\
        : false,\r\n    \"remoteAddressSpace\": {\r\n      \"addressPrefixes\": [\r\
        \n        \"10.0.0.0/16\"\r\n      ]\r\n    },\r\n    \"routeServiceVips\"\
        : {}\r\n  },\r\n  \"type\": \"Microsoft.Network/virtualNetworks/virtualNetworkPeerings\"\
        \r\n}"}
    headers:
      cache-control: [no-cache]
      content-length: ['1006']
      content-type: [application/json; charset=utf-8]
      date: ['Fri, 21 Sep 2018 21:59:56 GMT']
      etag: [W/"b546d811-2576-49f9-8580-025e1164ad95"]
      expires: ['-1']
      pragma: [no-cache]
      server: [Microsoft-HTTPAPI/2.0, Microsoft-HTTPAPI/2.0]
      strict-transport-security: [max-age=31536000; includeSubDomains]
      transfer-encoding: [chunked]
      vary: [Accept-Encoding]
      x-content-type-options: [nosniff]
    status: {code: 200, message: OK}
- request:
    body: 'b''b\''{"id": "/subscriptions/00000000-0000-0000-0000-000000000000/resourceGroups/cli-test_vnet_peering_group_1000002/providers/Microsoft.Network/virtualNetworks/vnet1",
      "properties": {"allowVirtualNetworkAccess": false, "allowForwardedTraffic":
      true, "allowGatewayTransit": false, "useRemoteGateways": false, "remoteVirtualNetwork":
      {"id": "/subscriptions/00000000-0000-0000-0000-000000000000/resourceGroups/cli-test_vnet_peering_group_2000001/providers/Microsoft.Network/virtualNetworks/vnet2"}},
      "name": "peering1"}\'''''
    headers:
      Accept: [application/json]
      Accept-Encoding: ['gzip, deflate']
      CommandName: [network vnet peering create]
      Connection: [keep-alive]
      Content-Length: ['591']
      Content-Type: [application/json; charset=utf-8]
      User-Agent: [python/3.7.0 (Darwin-17.5.0-x86_64-i386-64bit) requests/2.19.1
          msrest/0.5.4 msrest_azure/0.4.34 networkmanagementclient/2.2.1 Azure-SDK-For-Python
          AZURECLI/2.0.47]
      accept-language: [en-US]
    method: PUT
    uri: https://management.azure.com/subscriptions/00000000-0000-0000-0000-000000000000/resourceGroups/cli-test_vnet_peering_group_1000002/providers/Microsoft.Network/virtualNetworks/vnet1/virtualNetworkPeerings/peering1?api-version=2018-08-01
  response:
    body: {string: "{\r\n  \"name\": \"peering1\",\r\n  \"id\": \"/subscriptions/00000000-0000-0000-0000-000000000000/resourceGroups/cli-test_vnet_peering_group_1000002/providers/Microsoft.Network/virtualNetworks/vnet1/virtualNetworkPeerings/peering1\"\
        ,\r\n  \"etag\": \"W/\\\"cfe34148-3486-4954-a3d0-364b29231832\\\"\",\r\n \
        \ \"properties\": {\r\n    \"provisioningState\": \"Updating\",\r\n    \"\
        peeringState\": \"Connected\",\r\n    \"remoteVirtualNetwork\": {\r\n    \
        \  \"id\": \"/subscriptions/00000000-0000-0000-0000-000000000000/resourceGroups/cli-test_vnet_peering_group_2000001/providers/Microsoft.Network/virtualNetworks/vnet2\"\
        \r\n    },\r\n    \"allowVirtualNetworkAccess\": false,\r\n    \"allowForwardedTraffic\"\
        : true,\r\n    \"allowGatewayTransit\": false,\r\n    \"useRemoteGateways\"\
        : false,\r\n    \"remoteAddressSpace\": {\r\n      \"addressPrefixes\": [\r\
        \n        \"11.0.0.0/16\"\r\n      ]\r\n    },\r\n    \"routeServiceVips\"\
        : {}\r\n  },\r\n  \"type\": \"Microsoft.Network/virtualNetworks/virtualNetworkPeerings\"\
        \r\n}"}
    headers:
      azure-asyncoperation: ['https://management.azure.com/subscriptions/00000000-0000-0000-0000-000000000000/providers/Microsoft.Network/locations/westus/operations/c49f978a-63f2-4c66-ab87-81be467380eb?api-version=2018-08-01']
      cache-control: [no-cache]
      content-length: ['1005']
      content-type: [application/json; charset=utf-8]
      date: ['Fri, 21 Sep 2018 21:59:58 GMT']
      expires: ['-1']
      pragma: [no-cache]
      server: [Microsoft-HTTPAPI/2.0, Microsoft-HTTPAPI/2.0]
      strict-transport-security: [max-age=31536000; includeSubDomains]
      x-content-type-options: [nosniff]
      x-ms-ratelimit-remaining-subscription-writes: ['1199']
    status: {code: 201, message: Created}
- request:
    body: null
    headers:
      Accept: [application/json]
      Accept-Encoding: ['gzip, deflate']
      CommandName: [network vnet peering create]
      Connection: [keep-alive]
      User-Agent: [python/3.7.0 (Darwin-17.5.0-x86_64-i386-64bit) requests/2.19.1
          msrest/0.5.4 msrest_azure/0.4.34 networkmanagementclient/2.2.1 Azure-SDK-For-Python
          AZURECLI/2.0.47]
    method: GET
    uri: https://management.azure.com/subscriptions/00000000-0000-0000-0000-000000000000/providers/Microsoft.Network/locations/westus/operations/c49f978a-63f2-4c66-ab87-81be467380eb?api-version=2018-08-01
  response:
    body: {string: "{\r\n  \"status\": \"Succeeded\"\r\n}"}
    headers:
      cache-control: [no-cache]
      content-length: ['29']
      content-type: [application/json; charset=utf-8]
      date: ['Fri, 21 Sep 2018 22:00:09 GMT']
      expires: ['-1']
      pragma: [no-cache]
      server: [Microsoft-HTTPAPI/2.0, Microsoft-HTTPAPI/2.0]
      strict-transport-security: [max-age=31536000; includeSubDomains]
      transfer-encoding: [chunked]
      vary: [Accept-Encoding]
      x-content-type-options: [nosniff]
    status: {code: 200, message: OK}
- request:
    body: null
    headers:
      Accept: [application/json]
      Accept-Encoding: ['gzip, deflate']
      CommandName: [network vnet peering create]
      Connection: [keep-alive]
      User-Agent: [python/3.7.0 (Darwin-17.5.0-x86_64-i386-64bit) requests/2.19.1
          msrest/0.5.4 msrest_azure/0.4.34 networkmanagementclient/2.2.1 Azure-SDK-For-Python
          AZURECLI/2.0.47]
    method: GET
    uri: https://management.azure.com/subscriptions/00000000-0000-0000-0000-000000000000/resourceGroups/cli-test_vnet_peering_group_1000002/providers/Microsoft.Network/virtualNetworks/vnet1/virtualNetworkPeerings/peering1?api-version=2018-08-01
  response:
    body: {string: "{\r\n  \"name\": \"peering1\",\r\n  \"id\": \"/subscriptions/00000000-0000-0000-0000-000000000000/resourceGroups/cli-test_vnet_peering_group_1000002/providers/Microsoft.Network/virtualNetworks/vnet1/virtualNetworkPeerings/peering1\"\
        ,\r\n  \"etag\": \"W/\\\"3ddcf4e3-56ca-4d36-9768-37eaf1396e9a\\\"\",\r\n \
        \ \"properties\": {\r\n    \"provisioningState\": \"Succeeded\",\r\n    \"\
        peeringState\": \"Connected\",\r\n    \"remoteVirtualNetwork\": {\r\n    \
        \  \"id\": \"/subscriptions/00000000-0000-0000-0000-000000000000/resourceGroups/cli-test_vnet_peering_group_2000001/providers/Microsoft.Network/virtualNetworks/vnet2\"\
        \r\n    },\r\n    \"allowVirtualNetworkAccess\": false,\r\n    \"allowForwardedTraffic\"\
        : true,\r\n    \"allowGatewayTransit\": false,\r\n    \"useRemoteGateways\"\
        : false,\r\n    \"remoteAddressSpace\": {\r\n      \"addressPrefixes\": [\r\
        \n        \"11.0.0.0/16\"\r\n      ]\r\n    },\r\n    \"routeServiceVips\"\
        : {}\r\n  },\r\n  \"type\": \"Microsoft.Network/virtualNetworks/virtualNetworkPeerings\"\
        \r\n}"}
    headers:
      cache-control: [no-cache]
      content-length: ['1006']
      content-type: [application/json; charset=utf-8]
      date: ['Fri, 21 Sep 2018 22:00:10 GMT']
      etag: [W/"3ddcf4e3-56ca-4d36-9768-37eaf1396e9a"]
      expires: ['-1']
      pragma: [no-cache]
      server: [Microsoft-HTTPAPI/2.0, Microsoft-HTTPAPI/2.0]
      strict-transport-security: [max-age=31536000; includeSubDomains]
      transfer-encoding: [chunked]
      vary: [Accept-Encoding]
      x-content-type-options: [nosniff]
    status: {code: 200, message: OK}
- request:
    body: null
    headers:
      Accept: [application/json]
      Accept-Encoding: ['gzip, deflate']
      CommandName: [network vnet peering show]
      Connection: [keep-alive]
      User-Agent: [python/3.7.0 (Darwin-17.5.0-x86_64-i386-64bit) requests/2.19.1
          msrest/0.5.4 msrest_azure/0.4.34 networkmanagementclient/2.2.1 Azure-SDK-For-Python
          AZURECLI/2.0.47]
      accept-language: [en-US]
    method: GET
    uri: https://management.azure.com/subscriptions/00000000-0000-0000-0000-000000000000/resourceGroups/cli-test_vnet_peering_group_1000002/providers/Microsoft.Network/virtualNetworks/vnet1/virtualNetworkPeerings/peering1?api-version=2018-08-01
  response:
    body: {string: "{\r\n  \"name\": \"peering1\",\r\n  \"id\": \"/subscriptions/00000000-0000-0000-0000-000000000000/resourceGroups/cli-test_vnet_peering_group_1000002/providers/Microsoft.Network/virtualNetworks/vnet1/virtualNetworkPeerings/peering1\"\
        ,\r\n  \"etag\": \"W/\\\"3ddcf4e3-56ca-4d36-9768-37eaf1396e9a\\\"\",\r\n \
        \ \"properties\": {\r\n    \"provisioningState\": \"Succeeded\",\r\n    \"\
        peeringState\": \"Connected\",\r\n    \"remoteVirtualNetwork\": {\r\n    \
        \  \"id\": \"/subscriptions/00000000-0000-0000-0000-000000000000/resourceGroups/cli-test_vnet_peering_group_2000001/providers/Microsoft.Network/virtualNetworks/vnet2\"\
        \r\n    },\r\n    \"allowVirtualNetworkAccess\": false,\r\n    \"allowForwardedTraffic\"\
        : true,\r\n    \"allowGatewayTransit\": false,\r\n    \"useRemoteGateways\"\
        : false,\r\n    \"remoteAddressSpace\": {\r\n      \"addressPrefixes\": [\r\
        \n        \"11.0.0.0/16\"\r\n      ]\r\n    },\r\n    \"routeServiceVips\"\
        : {}\r\n  },\r\n  \"type\": \"Microsoft.Network/virtualNetworks/virtualNetworkPeerings\"\
        \r\n}"}
    headers:
      cache-control: [no-cache]
      content-length: ['1006']
      content-type: [application/json; charset=utf-8]
      date: ['Fri, 21 Sep 2018 22:00:12 GMT']
      etag: [W/"3ddcf4e3-56ca-4d36-9768-37eaf1396e9a"]
      expires: ['-1']
      pragma: [no-cache]
      server: [Microsoft-HTTPAPI/2.0, Microsoft-HTTPAPI/2.0]
      strict-transport-security: [max-age=31536000; includeSubDomains]
      transfer-encoding: [chunked]
      vary: [Accept-Encoding]
      x-content-type-options: [nosniff]
    status: {code: 200, message: OK}
- request:
    body: null
    headers:
      Accept: [application/json]
      Accept-Encoding: ['gzip, deflate']
      CommandName: [network vnet peering list]
      Connection: [keep-alive]
      User-Agent: [python/3.7.0 (Darwin-17.5.0-x86_64-i386-64bit) requests/2.19.1
          msrest/0.5.4 msrest_azure/0.4.34 networkmanagementclient/2.2.1 Azure-SDK-For-Python
          AZURECLI/2.0.47]
      accept-language: [en-US]
    method: GET
    uri: https://management.azure.com/subscriptions/00000000-0000-0000-0000-000000000000/resourceGroups/cli-test_vnet_peering_group_2000001/providers/Microsoft.Network/virtualNetworks/vnet2/virtualNetworkPeerings?api-version=2018-08-01
  response:
    body: {string: "{\r\n  \"value\": [\r\n    {\r\n      \"name\": \"peering2\",\r\
        \n      \"id\": \"/subscriptions/00000000-0000-0000-0000-000000000000/resourceGroups/cli-test_vnet_peering_group_2000001/providers/Microsoft.Network/virtualNetworks/vnet2/virtualNetworkPeerings/peering2\"\
        ,\r\n      \"etag\": \"W/\\\"0bfc093c-f9c3-47bf-b34d-b42dbb7a51e5\\\"\",\r\
        \n      \"properties\": {\r\n        \"provisioningState\": \"Succeeded\"\
        ,\r\n        \"peeringState\": \"Connected\",\r\n        \"remoteVirtualNetwork\"\
        : {\r\n          \"id\": \"/subscriptions/00000000-0000-0000-0000-000000000000/resourceGroups/cli-test_vnet_peering_group_1000002/providers/Microsoft.Network/virtualNetworks/vnet1\"\
        \r\n        },\r\n        \"allowVirtualNetworkAccess\": false,\r\n      \
        \  \"allowForwardedTraffic\": false,\r\n        \"allowGatewayTransit\": true,\r\
        \n        \"useRemoteGateways\": false,\r\n        \"remoteAddressSpace\"\
        : {\r\n          \"addressPrefixes\": [\r\n            \"10.0.0.0/16\"\r\n\
        \          ]\r\n        },\r\n        \"routeServiceVips\": {}\r\n      },\r\
        \n      \"type\": \"Microsoft.Network/virtualNetworks/virtualNetworkPeerings\"\
        \r\n    }\r\n  ]\r\n}"}
    headers:
      cache-control: [no-cache]
      content-length: ['1123']
      content-type: [application/json; charset=utf-8]
      date: ['Fri, 21 Sep 2018 22:00:13 GMT']
      expires: ['-1']
      pragma: [no-cache]
      server: [Microsoft-HTTPAPI/2.0, Microsoft-HTTPAPI/2.0]
      strict-transport-security: [max-age=31536000; includeSubDomains]
      transfer-encoding: [chunked]
      vary: [Accept-Encoding]
      x-content-type-options: [nosniff]
    status: {code: 200, message: OK}
- request:
    body: null
    headers:
      Accept: [application/json]
      Accept-Encoding: ['gzip, deflate']
      CommandName: [network vnet peering delete]
      Connection: [keep-alive]
      Content-Length: ['0']
      User-Agent: [python/3.7.0 (Darwin-17.5.0-x86_64-i386-64bit) requests/2.19.1
          msrest/0.5.4 msrest_azure/0.4.34 networkmanagementclient/2.2.1 Azure-SDK-For-Python
          AZURECLI/2.0.47]
      accept-language: [en-US]
    method: DELETE
    uri: https://management.azure.com/subscriptions/00000000-0000-0000-0000-000000000000/resourceGroups/cli-test_vnet_peering_group_1000002/providers/Microsoft.Network/virtualNetworks/vnet1/virtualNetworkPeerings/peering1?api-version=2018-08-01
  response:
    body: {string: ''}
    headers:
      azure-asyncoperation: ['https://management.azure.com/subscriptions/00000000-0000-0000-0000-000000000000/providers/Microsoft.Network/locations/westus/operations/5a02ae2b-63b6-4392-91d6-d9f9b0228f1a?api-version=2018-08-01']
      cache-control: [no-cache]
      content-length: ['0']
      date: ['Fri, 21 Sep 2018 22:00:14 GMT']
      expires: ['-1']
      location: ['https://management.azure.com/subscriptions/00000000-0000-0000-0000-000000000000/providers/Microsoft.Network/locations/westus/operationResults/5a02ae2b-63b6-4392-91d6-d9f9b0228f1a?api-version=2018-08-01']
      pragma: [no-cache]
      server: [Microsoft-HTTPAPI/2.0, Microsoft-HTTPAPI/2.0]
      strict-transport-security: [max-age=31536000; includeSubDomains]
      x-content-type-options: [nosniff]
      x-ms-ratelimit-remaining-subscription-deletes: ['14999']
    status: {code: 202, message: Accepted}
- request:
    body: null
    headers:
      Accept: [application/json]
      Accept-Encoding: ['gzip, deflate']
      CommandName: [network vnet peering delete]
      Connection: [keep-alive]
      User-Agent: [python/3.7.0 (Darwin-17.5.0-x86_64-i386-64bit) requests/2.19.1
          msrest/0.5.4 msrest_azure/0.4.34 networkmanagementclient/2.2.1 Azure-SDK-For-Python
          AZURECLI/2.0.47]
    method: GET
    uri: https://management.azure.com/subscriptions/00000000-0000-0000-0000-000000000000/providers/Microsoft.Network/locations/westus/operations/5a02ae2b-63b6-4392-91d6-d9f9b0228f1a?api-version=2018-08-01
  response:
    body: {string: "{\r\n  \"status\": \"Succeeded\"\r\n}"}
    headers:
      cache-control: [no-cache]
      content-length: ['29']
      content-type: [application/json; charset=utf-8]
      date: ['Fri, 21 Sep 2018 22:00:25 GMT']
      expires: ['-1']
      pragma: [no-cache]
      server: [Microsoft-HTTPAPI/2.0, Microsoft-HTTPAPI/2.0]
      strict-transport-security: [max-age=31536000; includeSubDomains]
      transfer-encoding: [chunked]
      vary: [Accept-Encoding]
      x-content-type-options: [nosniff]
    status: {code: 200, message: OK}
- request:
    body: null
    headers:
      Accept: [application/json]
      Accept-Encoding: ['gzip, deflate']
      CommandName: [network vnet peering list]
      Connection: [keep-alive]
      User-Agent: [python/3.7.0 (Darwin-17.5.0-x86_64-i386-64bit) requests/2.19.1
          msrest/0.5.4 msrest_azure/0.4.34 networkmanagementclient/2.2.1 Azure-SDK-For-Python
          AZURECLI/2.0.47]
      accept-language: [en-US]
    method: GET
    uri: https://management.azure.com/subscriptions/00000000-0000-0000-0000-000000000000/resourceGroups/cli-test_vnet_peering_group_1000002/providers/Microsoft.Network/virtualNetworks/vnet1/virtualNetworkPeerings?api-version=2018-08-01
  response:
    body: {string: "{\r\n  \"value\": []\r\n}"}
    headers:
      cache-control: [no-cache]
      content-length: ['19']
      content-type: [application/json; charset=utf-8]
      date: ['Fri, 21 Sep 2018 22:00:26 GMT']
      expires: ['-1']
      pragma: [no-cache]
      server: [Microsoft-HTTPAPI/2.0, Microsoft-HTTPAPI/2.0]
      strict-transport-security: [max-age=31536000; includeSubDomains]
      transfer-encoding: [chunked]
      vary: [Accept-Encoding]
      x-content-type-options: [nosniff]
    status: {code: 200, message: OK}
- request:
    body: null
    headers:
      Accept: [application/json]
      Accept-Encoding: ['gzip, deflate']
      CommandName: [network vnet peering delete]
      Connection: [keep-alive]
      Content-Length: ['0']
      User-Agent: [python/3.7.0 (Darwin-17.5.0-x86_64-i386-64bit) requests/2.19.1
          msrest/0.5.4 msrest_azure/0.4.34 networkmanagementclient/2.2.1 Azure-SDK-For-Python
          AZURECLI/2.0.47]
      accept-language: [en-US]
    method: DELETE
    uri: https://management.azure.com/subscriptions/00000000-0000-0000-0000-000000000000/resourceGroups/cli-test_vnet_peering_group_2000001/providers/Microsoft.Network/virtualNetworks/vnet2/virtualNetworkPeerings/peering2?api-version=2018-08-01
  response:
    body: {string: ''}
    headers:
      azure-asyncoperation: ['https://management.azure.com/subscriptions/00000000-0000-0000-0000-000000000000/providers/Microsoft.Network/locations/westus/operations/ce82408c-b2ce-42c3-9efb-7883fa1501c3?api-version=2018-08-01']
      cache-control: [no-cache]
      content-length: ['0']
      date: ['Fri, 21 Sep 2018 22:00:28 GMT']
      expires: ['-1']
      location: ['https://management.azure.com/subscriptions/00000000-0000-0000-0000-000000000000/providers/Microsoft.Network/locations/westus/operationResults/ce82408c-b2ce-42c3-9efb-7883fa1501c3?api-version=2018-08-01']
      pragma: [no-cache]
      server: [Microsoft-HTTPAPI/2.0, Microsoft-HTTPAPI/2.0]
      strict-transport-security: [max-age=31536000; includeSubDomains]
      x-content-type-options: [nosniff]
      x-ms-ratelimit-remaining-subscription-deletes: ['14999']
    status: {code: 202, message: Accepted}
- request:
    body: null
    headers:
      Accept: [application/json]
      Accept-Encoding: ['gzip, deflate']
      CommandName: [network vnet peering delete]
      Connection: [keep-alive]
      User-Agent: [python/3.7.0 (Darwin-17.5.0-x86_64-i386-64bit) requests/2.19.1
          msrest/0.5.4 msrest_azure/0.4.34 networkmanagementclient/2.2.1 Azure-SDK-For-Python
          AZURECLI/2.0.47]
    method: GET
    uri: https://management.azure.com/subscriptions/00000000-0000-0000-0000-000000000000/providers/Microsoft.Network/locations/westus/operations/ce82408c-b2ce-42c3-9efb-7883fa1501c3?api-version=2018-08-01
  response:
    body: {string: "{\r\n  \"status\": \"Succeeded\"\r\n}"}
    headers:
      cache-control: [no-cache]
      content-length: ['29']
      content-type: [application/json; charset=utf-8]
      date: ['Fri, 21 Sep 2018 22:00:39 GMT']
      expires: ['-1']
      pragma: [no-cache]
      server: [Microsoft-HTTPAPI/2.0, Microsoft-HTTPAPI/2.0]
      strict-transport-security: [max-age=31536000; includeSubDomains]
      transfer-encoding: [chunked]
      vary: [Accept-Encoding]
      x-content-type-options: [nosniff]
    status: {code: 200, message: OK}
- request:
    body: null
    headers:
      Accept: [application/json]
      Accept-Encoding: ['gzip, deflate']
      CommandName: [group delete]
      Connection: [keep-alive]
      Content-Length: ['0']
      Content-Type: [application/json; charset=utf-8]
      User-Agent: [python/3.7.0 (Darwin-17.5.0-x86_64-i386-64bit) requests/2.19.1
          msrest/0.5.4 msrest_azure/0.4.34 resourcemanagementclient/2.0.0 Azure-SDK-For-Python
          AZURECLI/2.0.47]
      accept-language: [en-US]
    method: DELETE
    uri: https://management.azure.com/subscriptions/00000000-0000-0000-0000-000000000000/resourcegroups/cli-test_vnet_peering_group_1000002?api-version=2018-05-01
  response:
    body: {string: ''}
    headers:
      cache-control: [no-cache]
      content-length: ['0']
      date: ['Fri, 21 Sep 2018 22:00:41 GMT']
      expires: ['-1']
      location: ['https://management.azure.com/subscriptions/00000000-0000-0000-0000-000000000000/operationresults/eyJqb2JJZCI6IlJFU09VUkNFR1JPVVBERUxFVElPTkpPQi1DTEk6MkRURVNUOjVGVk5FVDo1RlBFRVJJTkc6NUZHUk9VUDo1RjFLRFJCS1ZLM3w3MjYzQUYxMUM1MzhCRDA3LVdFU1RVUyIsImpvYkxvY2F0aW9uIjoid2VzdHVzIn0?api-version=2018-05-01']
      pragma: [no-cache]
      strict-transport-security: [max-age=31536000; includeSubDomains]
      x-content-type-options: [nosniff]
      x-ms-ratelimit-remaining-subscription-deletes: ['14999']
    status: {code: 202, message: Accepted}
- request:
    body: null
    headers:
      Accept: [application/json]
      Accept-Encoding: ['gzip, deflate']
      CommandName: [group delete]
      Connection: [keep-alive]
      Content-Length: ['0']
      Content-Type: [application/json; charset=utf-8]
      User-Agent: [python/3.7.0 (Darwin-17.5.0-x86_64-i386-64bit) requests/2.19.1
          msrest/0.5.4 msrest_azure/0.4.34 resourcemanagementclient/2.0.0 Azure-SDK-For-Python
          AZURECLI/2.0.47]
      accept-language: [en-US]
    method: DELETE
    uri: https://management.azure.com/subscriptions/00000000-0000-0000-0000-000000000000/resourcegroups/cli-test_vnet_peering_group_2000001?api-version=2018-05-01
  response:
    body: {string: ''}
    headers:
      cache-control: [no-cache]
      content-length: ['0']
      date: ['Fri, 21 Sep 2018 22:00:43 GMT']
      expires: ['-1']
      location: ['https://management.azure.com/subscriptions/00000000-0000-0000-0000-000000000000/operationresults/eyJqb2JJZCI6IlJFU09VUkNFR1JPVVBERUxFVElPTkpPQi1DTEk6MkRURVNUOjVGVk5FVDo1RlBFRVJJTkc6NUZHUk9VUDo1RjJGVTZNNElNNHwzNkEzMzJBNkRBRjVDRUE5LVdFU1RVUyIsImpvYkxvY2F0aW9uIjoid2VzdHVzIn0?api-version=2018-05-01']
      pragma: [no-cache]
      strict-transport-security: [max-age=31536000; includeSubDomains]
      x-content-type-options: [nosniff]
      x-ms-ratelimit-remaining-subscription-deletes: ['14999']
    status: {code: 202, message: Accepted}
version: 1
