interactions:
- request:
    body: '{"location": "centraluseuap"}'
    headers:
      Accept:
      - application/json
      Accept-Encoding:
      - gzip, deflate
      CommandName:
      - disk-access create
      Connection:
      - keep-alive
      Content-Length:
      - '29'
      Content-Type:
      - application/json
      ParameterSetName:
      - -g -l -n
      User-Agent:
      - AZURECLI/2.20.0 azsdk-python-azure-mgmt-compute/19.0.0 Python/3.7.3 (Windows-10-10.0.19041-SP0)
    method: PUT
    uri: https://management.azure.com/subscriptions/00000000-0000-0000-0000-000000000000/resourceGroups/test_disk_access_private_endpoint_000001/providers/Microsoft.Compute/diskAccesses/disk_access_name?api-version=2020-05-01
  response:
    body:
      string: "{\r\n  \"name\": \"disk_access_name\",\r\n  \"type\": \"Microsoft.Compute/diskAccesses\",\r\n
        \ \"location\": \"centraluseuap\"\r\n}"
    headers:
      azure-asyncoperation:
      - https://management.azure.com/subscriptions/00000000-0000-0000-0000-000000000000/providers/Microsoft.Compute/locations/centraluseuap/DiskOperations/bee157d2-af69-4094-8fb5-3cf2338735cb?api-version=2020-05-01
      cache-control:
      - no-cache
      content-length:
      - '111'
      content-type:
      - application/json; charset=utf-8
      date:
      - Thu, 04 Mar 2021 07:19:44 GMT
      expires:
      - '-1'
      location:
      - https://management.azure.com/subscriptions/00000000-0000-0000-0000-000000000000/providers/Microsoft.Compute/locations/centraluseuap/DiskOperations/bee157d2-af69-4094-8fb5-3cf2338735cb?monitor=true&api-version=2020-05-01
      pragma:
      - no-cache
      server:
      - Microsoft-HTTPAPI/2.0
      - Microsoft-HTTPAPI/2.0
      strict-transport-security:
      - max-age=31536000; includeSubDomains
      x-content-type-options:
      - nosniff
      x-ms-ratelimit-remaining-subscription-writes:
      - '1168'
    status:
      code: 202
      message: Accepted
- request:
    body: null
    headers:
      Accept:
      - '*/*'
      Accept-Encoding:
      - gzip, deflate
      CommandName:
      - disk-access create
      Connection:
      - keep-alive
      ParameterSetName:
      - -g -l -n
      User-Agent:
      - AZURECLI/2.20.0 azsdk-python-azure-mgmt-compute/19.0.0 Python/3.7.3 (Windows-10-10.0.19041-SP0)
    method: GET
    uri: https://management.azure.com/subscriptions/00000000-0000-0000-0000-000000000000/providers/Microsoft.Compute/locations/centraluseuap/DiskOperations/bee157d2-af69-4094-8fb5-3cf2338735cb?api-version=2020-05-01
  response:
    body:
      string: "{\r\n  \"startTime\": \"2021-03-04T07:19:44.5990252+00:00\",\r\n  \"endTime\":
        \"2021-03-04T07:19:45.9171482+00:00\",\r\n  \"status\": \"Succeeded\",\r\n
        \ \"properties\": {\r\n    \"output\": {\"name\":\"disk_access_name\",\"id\":\"/subscriptions/00000000-0000-0000-0000-000000000000/resourceGroups/test_disk_access_private_endpoint_000001/providers/Microsoft.Compute/diskAccesses/disk_access_name\",\"type\":\"Microsoft.Compute/diskAccesses\",\"location\":\"centraluseuap\",\"properties\":{\"provisioningState\":\"Succeeded\",\"timeCreated\":\"2021-03-04T07:19:44.6039971+00:00\"}}\r\n
        \ },\r\n  \"name\": \"bee157d2-af69-4094-8fb5-3cf2338735cb\"\r\n}"
    headers:
      cache-control:
      - no-cache
      content-length:
      - '624'
      content-type:
      - application/json; charset=utf-8
      date:
      - Thu, 04 Mar 2021 07:20:14 GMT
      expires:
      - '-1'
      pragma:
      - no-cache
      server:
      - Microsoft-HTTPAPI/2.0
      - Microsoft-HTTPAPI/2.0
      strict-transport-security:
      - max-age=31536000; includeSubDomains
      transfer-encoding:
      - chunked
      vary:
      - Accept-Encoding
      x-content-type-options:
      - nosniff
      x-ms-ratelimit-remaining-resource:
      - Microsoft.Compute/GetOperation3Min;49998,Microsoft.Compute/GetOperation30Min;399998
    status:
      code: 200
      message: OK
- request:
    body: null
    headers:
      Accept:
      - '*/*'
      Accept-Encoding:
      - gzip, deflate
      CommandName:
      - disk-access create
      Connection:
      - keep-alive
      ParameterSetName:
      - -g -l -n
      User-Agent:
      - AZURECLI/2.20.0 azsdk-python-azure-mgmt-compute/19.0.0 Python/3.7.3 (Windows-10-10.0.19041-SP0)
    method: GET
    uri: https://management.azure.com/subscriptions/00000000-0000-0000-0000-000000000000/resourceGroups/test_disk_access_private_endpoint_000001/providers/Microsoft.Compute/diskAccesses/disk_access_name?api-version=2020-05-01
  response:
    body:
      string: "{\r\n  \"name\": \"disk_access_name\",\r\n  \"id\": \"/subscriptions/00000000-0000-0000-0000-000000000000/resourceGroups/test_disk_access_private_endpoint_000001/providers/Microsoft.Compute/diskAccesses/disk_access_name\",\r\n
        \ \"type\": \"Microsoft.Compute/diskAccesses\",\r\n  \"location\": \"centraluseuap\",\r\n
        \ \"properties\": {\r\n    \"provisioningState\": \"Succeeded\",\r\n    \"timeCreated\":
        \"2021-03-04T07:19:44.6039971+00:00\"\r\n  }\r\n}"
    headers:
      cache-control:
      - no-cache
      content-length:
      - '444'
      content-type:
      - application/json; charset=utf-8
      date:
      - Thu, 04 Mar 2021 07:20:14 GMT
      expires:
      - '-1'
      pragma:
      - no-cache
      server:
      - Microsoft-HTTPAPI/2.0
      - Microsoft-HTTPAPI/2.0
      strict-transport-security:
      - max-age=31536000; includeSubDomains
      transfer-encoding:
      - chunked
      vary:
      - Accept-Encoding
      x-content-type-options:
      - nosniff
    status:
      code: 200
      message: OK
- request:
    body: null
    headers:
      Accept:
      - '*/*'
      Accept-Encoding:
      - gzip, deflate
      CommandName:
      - network private-link-resource list
      Connection:
      - keep-alive
      ParameterSetName:
      - -g -n --type
      User-Agent:
      - python/3.7.3 (Windows-10-10.0.19041-SP0) AZURECLI/2.20.0
    method: GET
    uri: https://management.azure.com/subscriptions/00000000-0000-0000-0000-000000000000/resourceGroups/test_disk_access_private_endpoint_000001/providers/Microsoft.Compute/diskAccesses/disk_access_name/privateLinkResources?api-version=2020-05-01
  response:
    body:
      string: "{\r\n  \"value\": [\r\n    {\r\n      \"name\": \"disks\",\r\n      \"id\":
        \"/subscriptions/00000000-0000-0000-0000-000000000000/resourceGroups/test_disk_access_private_endpoint_000001/providers/Microsoft.Compute/diskAccesses/disk_access_name/privateLinkResources/disks\",\r\n
        \     \"type\": \"Microsoft.Compute/diskAccesses/privateLinkResources\",\r\n
        \     \"properties\": {\r\n        \"groupId\": \"disks\",\r\n        \"requiredMembers\":
        [\r\n          \"diskAccess_1\"\r\n        ],\r\n        \"requiredZoneNames\":
        [\r\n          \"privatelink.blob.core.windows.net\"\r\n        ]\r\n      }\r\n
        \   }\r\n  ]\r\n}"
    headers:
      cache-control:
      - no-cache
      content-length:
      - '594'
      content-type:
      - application/json; charset=utf-8
      date:
      - Thu, 04 Mar 2021 07:20:17 GMT
      expires:
      - '-1'
      pragma:
      - no-cache
      server:
      - Microsoft-HTTPAPI/2.0
      - Microsoft-HTTPAPI/2.0
      strict-transport-security:
      - max-age=31536000; includeSubDomains
      transfer-encoding:
      - chunked
      vary:
      - Accept-Encoding
      x-content-type-options:
      - nosniff
    status:
      code: 200
      message: OK
- request:
    body: null
    headers:
      Accept:
      - application/json
      Accept-Encoding:
      - gzip, deflate
      CommandName:
      - network vnet create
      Connection:
      - keep-alive
      ParameterSetName:
      - -g -n --subnet-name
      User-Agent:
      - python/3.7.3 (Windows-10-10.0.19041-SP0) msrest/0.6.21 msrest_azure/0.6.3
        azure-mgmt-resource/12.0.0 Azure-SDK-For-Python AZURECLI/2.20.0
      accept-language:
      - en-US
    method: GET
    uri: https://management.azure.com/subscriptions/00000000-0000-0000-0000-000000000000/resourcegroups/test_disk_access_private_endpoint_000001?api-version=2020-10-01
  response:
    body:
      string: '{"id":"/subscriptions/00000000-0000-0000-0000-000000000000/resourceGroups/test_disk_access_private_endpoint_000001","name":"test_disk_access_private_endpoint_000001","type":"Microsoft.Resources/resourceGroups","location":"westus","tags":{"product":"azurecli","cause":"automation","date":"2021-03-04T07:19:37Z"},"properties":{"provisioningState":"Succeeded"}}'
    headers:
      cache-control:
      - no-cache
      content-length:
      - '428'
      content-type:
      - application/json; charset=utf-8
      date:
      - Thu, 04 Mar 2021 07:20:17 GMT
      expires:
      - '-1'
      pragma:
      - no-cache
      strict-transport-security:
      - max-age=31536000; includeSubDomains
      vary:
      - Accept-Encoding
      x-content-type-options:
      - nosniff
    status:
      code: 200
      message: OK
- request:
    body: '{"location": "westus", "tags": {}, "properties": {"addressSpace": {"addressPrefixes":
      ["10.0.0.0/16"]}, "dhcpOptions": {}, "subnets": [{"name": "private_endpoint_subnet",
      "properties": {"addressPrefix": "10.0.0.0/24"}}]}}'
    headers:
      Accept:
      - application/json
      Accept-Encoding:
      - gzip, deflate
      CommandName:
      - network vnet create
      Connection:
      - keep-alive
      Content-Length:
      - '221'
      Content-Type:
      - application/json
      ParameterSetName:
      - -g -n --subnet-name
      User-Agent:
      - AZURECLI/2.20.0 azsdk-python-azure-mgmt-network/17.1.0 Python/3.7.3 (Windows-10-10.0.19041-SP0)
    method: PUT
    uri: https://management.azure.com/subscriptions/00000000-0000-0000-0000-000000000000/resourceGroups/test_disk_access_private_endpoint_000001/providers/Microsoft.Network/virtualNetworks/private_endpoint_vnet?api-version=2020-11-01
  response:
    body:
      string: "{\r\n  \"name\": \"private_endpoint_vnet\",\r\n  \"id\": \"/subscriptions/00000000-0000-0000-0000-000000000000/resourceGroups/test_disk_access_private_endpoint_000001/providers/Microsoft.Network/virtualNetworks/private_endpoint_vnet\",\r\n
        \ \"etag\": \"W/\\\"df99f853-b790-4d2d-bfa9-bc9dfd035fc5\\\"\",\r\n  \"type\":
        \"Microsoft.Network/virtualNetworks\",\r\n  \"location\": \"westus\",\r\n
        \ \"tags\": {},\r\n  \"properties\": {\r\n    \"provisioningState\": \"Updating\",\r\n
        \   \"resourceGuid\": \"4693a064-d4e0-4bf5-b48f-57c78d232eff\",\r\n    \"addressSpace\":
        {\r\n      \"addressPrefixes\": [\r\n        \"10.0.0.0/16\"\r\n      ]\r\n
        \   },\r\n    \"dhcpOptions\": {\r\n      \"dnsServers\": []\r\n    },\r\n
        \   \"subnets\": [\r\n      {\r\n        \"name\": \"private_endpoint_subnet\",\r\n
        \       \"id\": \"/subscriptions/00000000-0000-0000-0000-000000000000/resourceGroups/test_disk_access_private_endpoint_000001/providers/Microsoft.Network/virtualNetworks/private_endpoint_vnet/subnets/private_endpoint_subnet\",\r\n
        \       \"etag\": \"W/\\\"df99f853-b790-4d2d-bfa9-bc9dfd035fc5\\\"\",\r\n
        \       \"properties\": {\r\n          \"provisioningState\": \"Updating\",\r\n
        \         \"addressPrefix\": \"10.0.0.0/24\",\r\n          \"delegations\":
        [],\r\n          \"privateEndpointNetworkPolicies\": \"Enabled\",\r\n          \"privateLinkServiceNetworkPolicies\":
        \"Enabled\"\r\n        },\r\n        \"type\": \"Microsoft.Network/virtualNetworks/subnets\"\r\n
        \     }\r\n    ],\r\n    \"virtualNetworkPeerings\": [],\r\n    \"enableDdosProtection\":
        false\r\n  }\r\n}"
    headers:
      azure-asyncnotification:
      - Enabled
      azure-asyncoperation:
      - https://management.azure.com/subscriptions/00000000-0000-0000-0000-000000000000/providers/Microsoft.Network/locations/westus/operations/b628a65d-4a2f-46f0-b188-d2309cfe9d6c?api-version=2020-11-01
      cache-control:
      - no-cache
      content-length:
      - '1483'
      content-type:
      - application/json; charset=utf-8
      date:
      - Thu, 04 Mar 2021 07:20:24 GMT
      expires:
      - '-1'
      pragma:
      - no-cache
      server:
      - Microsoft-HTTPAPI/2.0
      - Microsoft-HTTPAPI/2.0
      strict-transport-security:
      - max-age=31536000; includeSubDomains
      x-content-type-options:
      - nosniff
      x-ms-arm-service-request-id:
      - 4096361f-c035-4dbe-9a24-948026cbc016
      x-ms-ratelimit-remaining-subscription-writes:
      - '1174'
    status:
      code: 201
      message: Created
- request:
    body: null
    headers:
      Accept:
      - '*/*'
      Accept-Encoding:
      - gzip, deflate
      CommandName:
      - network vnet create
      Connection:
      - keep-alive
      ParameterSetName:
      - -g -n --subnet-name
      User-Agent:
      - AZURECLI/2.20.0 azsdk-python-azure-mgmt-network/17.1.0 Python/3.7.3 (Windows-10-10.0.19041-SP0)
    method: GET
    uri: https://management.azure.com/subscriptions/00000000-0000-0000-0000-000000000000/providers/Microsoft.Network/locations/westus/operations/b628a65d-4a2f-46f0-b188-d2309cfe9d6c?api-version=2020-11-01
  response:
    body:
      string: "{\r\n  \"status\": \"Succeeded\"\r\n}"
    headers:
      cache-control:
      - no-cache
      content-length:
      - '29'
      content-type:
      - application/json; charset=utf-8
      date:
      - Thu, 04 Mar 2021 07:20:27 GMT
      expires:
      - '-1'
      pragma:
      - no-cache
      server:
      - Microsoft-HTTPAPI/2.0
      - Microsoft-HTTPAPI/2.0
      strict-transport-security:
      - max-age=31536000; includeSubDomains
      transfer-encoding:
      - chunked
      vary:
      - Accept-Encoding
      x-content-type-options:
      - nosniff
      x-ms-arm-service-request-id:
      - 2974d6b5-180f-4714-9af1-8f689ad17f8e
    status:
      code: 200
      message: OK
- request:
    body: null
    headers:
      Accept:
      - '*/*'
      Accept-Encoding:
      - gzip, deflate
      CommandName:
      - network vnet create
      Connection:
      - keep-alive
      ParameterSetName:
      - -g -n --subnet-name
      User-Agent:
      - AZURECLI/2.20.0 azsdk-python-azure-mgmt-network/17.1.0 Python/3.7.3 (Windows-10-10.0.19041-SP0)
    method: GET
    uri: https://management.azure.com/subscriptions/00000000-0000-0000-0000-000000000000/resourceGroups/test_disk_access_private_endpoint_000001/providers/Microsoft.Network/virtualNetworks/private_endpoint_vnet?api-version=2020-11-01
  response:
    body:
      string: "{\r\n  \"name\": \"private_endpoint_vnet\",\r\n  \"id\": \"/subscriptions/00000000-0000-0000-0000-000000000000/resourceGroups/test_disk_access_private_endpoint_000001/providers/Microsoft.Network/virtualNetworks/private_endpoint_vnet\",\r\n
        \ \"etag\": \"W/\\\"cda88d52-d6c7-485f-a9f3-c8c3c2b25fb1\\\"\",\r\n  \"type\":
        \"Microsoft.Network/virtualNetworks\",\r\n  \"location\": \"westus\",\r\n
        \ \"tags\": {},\r\n  \"properties\": {\r\n    \"provisioningState\": \"Succeeded\",\r\n
        \   \"resourceGuid\": \"4693a064-d4e0-4bf5-b48f-57c78d232eff\",\r\n    \"addressSpace\":
        {\r\n      \"addressPrefixes\": [\r\n        \"10.0.0.0/16\"\r\n      ]\r\n
        \   },\r\n    \"dhcpOptions\": {\r\n      \"dnsServers\": []\r\n    },\r\n
        \   \"subnets\": [\r\n      {\r\n        \"name\": \"private_endpoint_subnet\",\r\n
        \       \"id\": \"/subscriptions/00000000-0000-0000-0000-000000000000/resourceGroups/test_disk_access_private_endpoint_000001/providers/Microsoft.Network/virtualNetworks/private_endpoint_vnet/subnets/private_endpoint_subnet\",\r\n
        \       \"etag\": \"W/\\\"cda88d52-d6c7-485f-a9f3-c8c3c2b25fb1\\\"\",\r\n
        \       \"properties\": {\r\n          \"provisioningState\": \"Succeeded\",\r\n
        \         \"addressPrefix\": \"10.0.0.0/24\",\r\n          \"delegations\":
        [],\r\n          \"privateEndpointNetworkPolicies\": \"Enabled\",\r\n          \"privateLinkServiceNetworkPolicies\":
        \"Enabled\"\r\n        },\r\n        \"type\": \"Microsoft.Network/virtualNetworks/subnets\"\r\n
        \     }\r\n    ],\r\n    \"virtualNetworkPeerings\": [],\r\n    \"enableDdosProtection\":
        false\r\n  }\r\n}"
    headers:
      cache-control:
      - no-cache
      content-length:
      - '1485'
      content-type:
      - application/json; charset=utf-8
      date:
      - Thu, 04 Mar 2021 07:20:27 GMT
      etag:
      - W/"cda88d52-d6c7-485f-a9f3-c8c3c2b25fb1"
      expires:
      - '-1'
      pragma:
      - no-cache
      server:
      - Microsoft-HTTPAPI/2.0
      - Microsoft-HTTPAPI/2.0
      strict-transport-security:
      - max-age=31536000; includeSubDomains
      transfer-encoding:
      - chunked
      vary:
      - Accept-Encoding
      x-content-type-options:
      - nosniff
      x-ms-arm-service-request-id:
      - 8fa0f500-8360-41af-a566-17d94ce25600
    status:
      code: 200
      message: OK
- request:
    body: null
    headers:
      Accept:
      - application/json
      Accept-Encoding:
      - gzip, deflate
      CommandName:
      - network vnet subnet update
      Connection:
      - keep-alive
      ParameterSetName:
      - -g -n --vnet-name --disable-private-endpoint-network-policies
      User-Agent:
      - AZURECLI/2.20.0 azsdk-python-azure-mgmt-network/17.1.0 Python/3.7.3 (Windows-10-10.0.19041-SP0)
    method: GET
    uri: https://management.azure.com/subscriptions/00000000-0000-0000-0000-000000000000/resourceGroups/test_disk_access_private_endpoint_000001/providers/Microsoft.Network/virtualNetworks/private_endpoint_vnet/subnets/private_endpoint_subnet?api-version=2020-11-01
  response:
    body:
      string: "{\r\n  \"name\": \"private_endpoint_subnet\",\r\n  \"id\": \"/subscriptions/00000000-0000-0000-0000-000000000000/resourceGroups/test_disk_access_private_endpoint_000001/providers/Microsoft.Network/virtualNetworks/private_endpoint_vnet/subnets/private_endpoint_subnet\",\r\n
        \ \"etag\": \"W/\\\"cda88d52-d6c7-485f-a9f3-c8c3c2b25fb1\\\"\",\r\n  \"properties\":
        {\r\n    \"provisioningState\": \"Succeeded\",\r\n    \"addressPrefix\": \"10.0.0.0/24\",\r\n
        \   \"delegations\": [],\r\n    \"privateEndpointNetworkPolicies\": \"Enabled\",\r\n
        \   \"privateLinkServiceNetworkPolicies\": \"Enabled\"\r\n  },\r\n  \"type\":
        \"Microsoft.Network/virtualNetworks/subnets\"\r\n}"
    headers:
      cache-control:
      - no-cache
      content-length:
      - '634'
      content-type:
      - application/json; charset=utf-8
      date:
      - Thu, 04 Mar 2021 07:20:27 GMT
      etag:
      - W/"cda88d52-d6c7-485f-a9f3-c8c3c2b25fb1"
      expires:
      - '-1'
      pragma:
      - no-cache
      server:
      - Microsoft-HTTPAPI/2.0
      - Microsoft-HTTPAPI/2.0
      strict-transport-security:
      - max-age=31536000; includeSubDomains
      transfer-encoding:
      - chunked
      vary:
      - Accept-Encoding
      x-content-type-options:
      - nosniff
      x-ms-arm-service-request-id:
      - ad78dd80-396b-483f-b42b-30b5fe29bb61
    status:
      code: 200
      message: OK
- request:
    body: '{"id": "/subscriptions/00000000-0000-0000-0000-000000000000/resourceGroups/test_disk_access_private_endpoint_000001/providers/Microsoft.Network/virtualNetworks/private_endpoint_vnet/subnets/private_endpoint_subnet",
      "name": "private_endpoint_subnet", "properties": {"addressPrefix": "10.0.0.0/24",
      "delegations": [], "privateEndpointNetworkPolicies": "Disabled", "privateLinkServiceNetworkPolicies":
      "Enabled"}}'
    headers:
      Accept:
      - application/json
      Accept-Encoding:
      - gzip, deflate
      CommandName:
      - network vnet subnet update
      Connection:
      - keep-alive
      Content-Length:
      - '446'
      Content-Type:
      - application/json
      ParameterSetName:
      - -g -n --vnet-name --disable-private-endpoint-network-policies
      User-Agent:
      - AZURECLI/2.20.0 azsdk-python-azure-mgmt-network/17.1.0 Python/3.7.3 (Windows-10-10.0.19041-SP0)
    method: PUT
    uri: https://management.azure.com/subscriptions/00000000-0000-0000-0000-000000000000/resourceGroups/test_disk_access_private_endpoint_000001/providers/Microsoft.Network/virtualNetworks/private_endpoint_vnet/subnets/private_endpoint_subnet?api-version=2020-11-01
  response:
    body:
      string: "{\r\n  \"name\": \"private_endpoint_subnet\",\r\n  \"id\": \"/subscriptions/00000000-0000-0000-0000-000000000000/resourceGroups/test_disk_access_private_endpoint_000001/providers/Microsoft.Network/virtualNetworks/private_endpoint_vnet/subnets/private_endpoint_subnet\",\r\n
        \ \"etag\": \"W/\\\"bf8ae7d0-80f4-4e5c-ae6d-a5ff13773d86\\\"\",\r\n  \"properties\":
        {\r\n    \"provisioningState\": \"Updating\",\r\n    \"addressPrefix\": \"10.0.0.0/24\",\r\n
        \   \"delegations\": [],\r\n    \"privateEndpointNetworkPolicies\": \"Disabled\",\r\n
        \   \"privateLinkServiceNetworkPolicies\": \"Enabled\"\r\n  },\r\n  \"type\":
        \"Microsoft.Network/virtualNetworks/subnets\"\r\n}"
    headers:
      azure-asyncoperation:
      - https://management.azure.com/subscriptions/00000000-0000-0000-0000-000000000000/providers/Microsoft.Network/locations/westus/operations/e7928085-3ebc-4d33-9fa1-186bf12a8aed?api-version=2020-11-01
      cache-control:
      - no-cache
      content-length:
      - '634'
      content-type:
      - application/json; charset=utf-8
      date:
      - Thu, 04 Mar 2021 07:20:29 GMT
      expires:
      - '-1'
      pragma:
      - no-cache
      server:
      - Microsoft-HTTPAPI/2.0
      - Microsoft-HTTPAPI/2.0
      strict-transport-security:
      - max-age=31536000; includeSubDomains
      transfer-encoding:
      - chunked
      vary:
      - Accept-Encoding
      x-content-type-options:
      - nosniff
      x-ms-arm-service-request-id:
      - e416bc7d-bf31-4886-aba8-79c73d6e2678
      x-ms-ratelimit-remaining-subscription-writes:
      - '1182'
    status:
      code: 200
      message: OK
- request:
    body: null
    headers:
      Accept:
      - '*/*'
      Accept-Encoding:
      - gzip, deflate
      CommandName:
      - network vnet subnet update
      Connection:
      - keep-alive
      ParameterSetName:
      - -g -n --vnet-name --disable-private-endpoint-network-policies
      User-Agent:
      - AZURECLI/2.20.0 azsdk-python-azure-mgmt-network/17.1.0 Python/3.7.3 (Windows-10-10.0.19041-SP0)
    method: GET
    uri: https://management.azure.com/subscriptions/00000000-0000-0000-0000-000000000000/providers/Microsoft.Network/locations/westus/operations/e7928085-3ebc-4d33-9fa1-186bf12a8aed?api-version=2020-11-01
  response:
    body:
      string: "{\r\n  \"status\": \"Succeeded\"\r\n}"
    headers:
      cache-control:
      - no-cache
      content-length:
      - '29'
      content-type:
      - application/json; charset=utf-8
      date:
      - Thu, 04 Mar 2021 07:20:32 GMT
      expires:
      - '-1'
      pragma:
      - no-cache
      server:
      - Microsoft-HTTPAPI/2.0
      - Microsoft-HTTPAPI/2.0
      strict-transport-security:
      - max-age=31536000; includeSubDomains
      transfer-encoding:
      - chunked
      vary:
      - Accept-Encoding
      x-content-type-options:
      - nosniff
      x-ms-arm-service-request-id:
      - b9572c2d-4a62-42fb-ae0a-c97154217d8f
    status:
      code: 200
      message: OK
- request:
    body: null
    headers:
      Accept:
      - '*/*'
      Accept-Encoding:
      - gzip, deflate
      CommandName:
      - network vnet subnet update
      Connection:
      - keep-alive
      ParameterSetName:
      - -g -n --vnet-name --disable-private-endpoint-network-policies
      User-Agent:
      - AZURECLI/2.20.0 azsdk-python-azure-mgmt-network/17.1.0 Python/3.7.3 (Windows-10-10.0.19041-SP0)
    method: GET
    uri: https://management.azure.com/subscriptions/00000000-0000-0000-0000-000000000000/resourceGroups/test_disk_access_private_endpoint_000001/providers/Microsoft.Network/virtualNetworks/private_endpoint_vnet/subnets/private_endpoint_subnet?api-version=2020-11-01
  response:
    body:
      string: "{\r\n  \"name\": \"private_endpoint_subnet\",\r\n  \"id\": \"/subscriptions/00000000-0000-0000-0000-000000000000/resourceGroups/test_disk_access_private_endpoint_000001/providers/Microsoft.Network/virtualNetworks/private_endpoint_vnet/subnets/private_endpoint_subnet\",\r\n
        \ \"etag\": \"W/\\\"9aa24cb1-81c6-4ef2-93a3-fedb5caa9651\\\"\",\r\n  \"properties\":
        {\r\n    \"provisioningState\": \"Succeeded\",\r\n    \"addressPrefix\": \"10.0.0.0/24\",\r\n
        \   \"delegations\": [],\r\n    \"privateEndpointNetworkPolicies\": \"Disabled\",\r\n
        \   \"privateLinkServiceNetworkPolicies\": \"Enabled\"\r\n  },\r\n  \"type\":
        \"Microsoft.Network/virtualNetworks/subnets\"\r\n}"
    headers:
      cache-control:
      - no-cache
      content-length:
      - '635'
      content-type:
      - application/json; charset=utf-8
      date:
      - Thu, 04 Mar 2021 07:20:32 GMT
      etag:
      - W/"9aa24cb1-81c6-4ef2-93a3-fedb5caa9651"
      expires:
      - '-1'
      pragma:
      - no-cache
      server:
      - Microsoft-HTTPAPI/2.0
      - Microsoft-HTTPAPI/2.0
      strict-transport-security:
      - max-age=31536000; includeSubDomains
      transfer-encoding:
      - chunked
      vary:
      - Accept-Encoding
      x-content-type-options:
      - nosniff
      x-ms-arm-service-request-id:
      - 2ba79476-1916-4407-95c5-c44a311d8cf8
    status:
      code: 200
      message: OK
- request:
    body: null
    headers:
      Accept:
      - application/json
      Accept-Encoding:
      - gzip, deflate
      CommandName:
      - network private-endpoint create
      Connection:
      - keep-alive
      ParameterSetName:
      - -g -n --vnet-name --subnet --private-connection-resource-id --group-ids --connection-name
      User-Agent:
      - python/3.7.3 (Windows-10-10.0.19041-SP0) msrest/0.6.21 msrest_azure/0.6.3
        azure-mgmt-resource/12.0.0 Azure-SDK-For-Python AZURECLI/2.20.0
      accept-language:
      - en-US
    method: GET
    uri: https://management.azure.com/subscriptions/00000000-0000-0000-0000-000000000000/resourcegroups/test_disk_access_private_endpoint_000001?api-version=2020-10-01
  response:
    body:
      string: '{"id":"/subscriptions/00000000-0000-0000-0000-000000000000/resourceGroups/test_disk_access_private_endpoint_000001","name":"test_disk_access_private_endpoint_000001","type":"Microsoft.Resources/resourceGroups","location":"westus","tags":{"product":"azurecli","cause":"automation","date":"2021-03-04T07:19:37Z"},"properties":{"provisioningState":"Succeeded"}}'
    headers:
      cache-control:
      - no-cache
      content-length:
      - '428'
      content-type:
      - application/json; charset=utf-8
      date:
      - Thu, 04 Mar 2021 07:20:33 GMT
      expires:
      - '-1'
      pragma:
      - no-cache
      strict-transport-security:
      - max-age=31536000; includeSubDomains
      vary:
      - Accept-Encoding
      x-content-type-options:
      - nosniff
    status:
      code: 200
      message: OK
- request:
    body: '{"location": "westus", "properties": {"subnet": {"id": "/subscriptions/00000000-0000-0000-0000-000000000000/resourceGroups/test_disk_access_private_endpoint_000001/providers/Microsoft.Network/virtualNetworks/private_endpoint_vnet/subnets/private_endpoint_subnet"},
      "privateLinkServiceConnections": [{"name": "private_connection_name", "properties":
      {"privateLinkServiceId": "/subscriptions/00000000-0000-0000-0000-000000000000/resourceGroups/test_disk_access_private_endpoint_000001/providers/Microsoft.Compute/diskAccesses/disk_access_name",
      "groupIds": ["disks"]}}]}}'
    headers:
      Accept:
      - application/json
      Accept-Encoding:
      - gzip, deflate
      CommandName:
      - network private-endpoint create
      Connection:
      - keep-alive
      Content-Length:
      - '639'
      Content-Type:
      - application/json
      ParameterSetName:
      - -g -n --vnet-name --subnet --private-connection-resource-id --group-ids --connection-name
      User-Agent:
      - AZURECLI/2.20.0 azsdk-python-azure-mgmt-network/17.1.0 Python/3.7.3 (Windows-10-10.0.19041-SP0)
    method: PUT
    uri: https://management.azure.com/subscriptions/00000000-0000-0000-0000-000000000000/resourceGroups/test_disk_access_private_endpoint_000001/providers/Microsoft.Network/privateEndpoints/private_endpoint_name?api-version=2020-11-01
  response:
    body:
      string: "{\r\n  \"name\": \"private_endpoint_name\",\r\n  \"id\": \"/subscriptions/00000000-0000-0000-0000-000000000000/resourceGroups/test_disk_access_private_endpoint_000001/providers/Microsoft.Network/privateEndpoints/private_endpoint_name\",\r\n
        \ \"etag\": \"W/\\\"35146bb0-3bd4-4ecf-b41d-51a355986790\\\"\",\r\n  \"type\":
        \"Microsoft.Network/privateEndpoints\",\r\n  \"location\": \"westus\",\r\n
        \ \"properties\": {\r\n    \"provisioningState\": \"Updating\",\r\n    \"resourceGuid\":
        \"3ec8bfa1-21d8-45c2-8d63-6d7fa377b269\",\r\n    \"privateLinkServiceConnections\":
        [\r\n      {\r\n        \"name\": \"private_connection_name\",\r\n        \"id\":
        \"/subscriptions/00000000-0000-0000-0000-000000000000/resourceGroups/test_disk_access_private_endpoint_000001/providers/Microsoft.Network/privateEndpoints/private_endpoint_name/privateLinkServiceConnections/private_connection_name\",\r\n
        \       \"etag\": \"W/\\\"35146bb0-3bd4-4ecf-b41d-51a355986790\\\"\",\r\n
        \       \"properties\": {\r\n          \"provisioningState\": \"Succeeded\",\r\n
        \         \"privateLinkServiceId\": \"/subscriptions/00000000-0000-0000-0000-000000000000/resourceGroups/test_disk_access_private_endpoint_000001/providers/Microsoft.Compute/diskAccesses/disk_access_name\",\r\n
        \         \"groupIds\": [\r\n            \"disks\"\r\n          ],\r\n          \"privateLinkServiceConnectionState\":
        {\r\n            \"status\": \"Approved\",\r\n            \"description\":
        \"\",\r\n            \"actionsRequired\": \"None\"\r\n          }\r\n        },\r\n
        \       \"type\": \"Microsoft.Network/privateEndpoints/privateLinkServiceConnections\"\r\n
        \     }\r\n    ],\r\n    \"manualPrivateLinkServiceConnections\": [],\r\n
        \   \"subnet\": {\r\n      \"id\": \"/subscriptions/00000000-0000-0000-0000-000000000000/resourceGroups/test_disk_access_private_endpoint_000001/providers/Microsoft.Network/virtualNetworks/private_endpoint_vnet/subnets/private_endpoint_subnet\"\r\n
        \   },\r\n    \"networkInterfaces\": [\r\n      {\r\n        \"id\": \"/subscriptions/00000000-0000-0000-0000-000000000000/resourceGroups/test_disk_access_private_endpoint_000001/providers/Microsoft.Network/networkInterfaces/private_endpoint_name.nic.28453eb2-8db7-48f0-9ac2-411eff845268\"\r\n
        \     }\r\n    ],\r\n    \"customDnsConfigs\": []\r\n  }\r\n}"
    headers:
      azure-asyncnotification:
      - Enabled
      azure-asyncoperation:
      - https://management.azure.com/subscriptions/00000000-0000-0000-0000-000000000000/providers/Microsoft.Network/locations/westus/operations/4699fad5-6ab4-409e-a3bc-e88822a096c3?api-version=2020-11-01
      cache-control:
      - no-cache
      content-length:
      - '2285'
      content-type:
      - application/json; charset=utf-8
      date:
      - Thu, 04 Mar 2021 07:20:40 GMT
      expires:
      - '-1'
      pragma:
      - no-cache
      server:
      - Microsoft-HTTPAPI/2.0
      - Microsoft-HTTPAPI/2.0
      strict-transport-security:
      - max-age=31536000; includeSubDomains
      x-content-type-options:
      - nosniff
      x-ms-arm-service-request-id:
      - 5d7f2372-bc34-4e26-9788-9de5e518054e
      x-ms-ratelimit-remaining-subscription-writes:
      - '1187'
    status:
      code: 201
      message: Created
- request:
    body: null
    headers:
      Accept:
      - '*/*'
      Accept-Encoding:
      - gzip, deflate
      CommandName:
      - network private-endpoint create
      Connection:
      - keep-alive
      ParameterSetName:
      - -g -n --vnet-name --subnet --private-connection-resource-id --group-ids --connection-name
      User-Agent:
      - AZURECLI/2.20.0 azsdk-python-azure-mgmt-network/17.1.0 Python/3.7.3 (Windows-10-10.0.19041-SP0)
    method: GET
    uri: https://management.azure.com/subscriptions/00000000-0000-0000-0000-000000000000/providers/Microsoft.Network/locations/westus/operations/4699fad5-6ab4-409e-a3bc-e88822a096c3?api-version=2020-11-01
  response:
    body:
      string: "{\r\n  \"status\": \"Succeeded\"\r\n}"
    headers:
      cache-control:
      - no-cache
      content-length:
      - '29'
      content-type:
      - application/json; charset=utf-8
      date:
      - Thu, 04 Mar 2021 07:20:51 GMT
      expires:
      - '-1'
      pragma:
      - no-cache
      server:
      - Microsoft-HTTPAPI/2.0
      - Microsoft-HTTPAPI/2.0
      strict-transport-security:
      - max-age=31536000; includeSubDomains
      transfer-encoding:
      - chunked
      vary:
      - Accept-Encoding
      x-content-type-options:
      - nosniff
      x-ms-arm-service-request-id:
      - 8fc6560e-1f3e-4ec4-8717-f5df11ead214
    status:
      code: 200
      message: OK
- request:
    body: null
    headers:
      Accept:
      - '*/*'
      Accept-Encoding:
      - gzip, deflate
      CommandName:
      - network private-endpoint create
      Connection:
      - keep-alive
      ParameterSetName:
      - -g -n --vnet-name --subnet --private-connection-resource-id --group-ids --connection-name
      User-Agent:
      - AZURECLI/2.20.0 azsdk-python-azure-mgmt-network/17.1.0 Python/3.7.3 (Windows-10-10.0.19041-SP0)
    method: GET
    uri: https://management.azure.com/subscriptions/00000000-0000-0000-0000-000000000000/resourceGroups/test_disk_access_private_endpoint_000001/providers/Microsoft.Network/privateEndpoints/private_endpoint_name?api-version=2020-11-01
  response:
    body:
      string: "{\r\n  \"name\": \"private_endpoint_name\",\r\n  \"id\": \"/subscriptions/00000000-0000-0000-0000-000000000000/resourceGroups/test_disk_access_private_endpoint_000001/providers/Microsoft.Network/privateEndpoints/private_endpoint_name\",\r\n
        \ \"etag\": \"W/\\\"d4d771cd-dfe7-43cd-be79-7de91841be42\\\"\",\r\n  \"type\":
        \"Microsoft.Network/privateEndpoints\",\r\n  \"location\": \"westus\",\r\n
        \ \"properties\": {\r\n    \"provisioningState\": \"Succeeded\",\r\n    \"resourceGuid\":
        \"3ec8bfa1-21d8-45c2-8d63-6d7fa377b269\",\r\n    \"privateLinkServiceConnections\":
        [\r\n      {\r\n        \"name\": \"private_connection_name\",\r\n        \"id\":
        \"/subscriptions/00000000-0000-0000-0000-000000000000/resourceGroups/test_disk_access_private_endpoint_000001/providers/Microsoft.Network/privateEndpoints/private_endpoint_name/privateLinkServiceConnections/private_connection_name\",\r\n
        \       \"etag\": \"W/\\\"d4d771cd-dfe7-43cd-be79-7de91841be42\\\"\",\r\n
        \       \"properties\": {\r\n          \"provisioningState\": \"Succeeded\",\r\n
        \         \"privateLinkServiceId\": \"/subscriptions/00000000-0000-0000-0000-000000000000/resourceGroups/test_disk_access_private_endpoint_000001/providers/Microsoft.Compute/diskAccesses/disk_access_name\",\r\n
        \         \"groupIds\": [\r\n            \"disks\"\r\n          ],\r\n          \"privateLinkServiceConnectionState\":
        {\r\n            \"status\": \"Approved\",\r\n            \"description\":
        \"Auto-Approved\",\r\n            \"actionsRequired\": \"None\"\r\n          }\r\n
        \       },\r\n        \"type\": \"Microsoft.Network/privateEndpoints/privateLinkServiceConnections\"\r\n
        \     }\r\n    ],\r\n    \"manualPrivateLinkServiceConnections\": [],\r\n
        \   \"subnet\": {\r\n      \"id\": \"/subscriptions/00000000-0000-0000-0000-000000000000/resourceGroups/test_disk_access_private_endpoint_000001/providers/Microsoft.Network/virtualNetworks/private_endpoint_vnet/subnets/private_endpoint_subnet\"\r\n
        \   },\r\n    \"networkInterfaces\": [\r\n      {\r\n        \"id\": \"/subscriptions/00000000-0000-0000-0000-000000000000/resourceGroups/test_disk_access_private_endpoint_000001/providers/Microsoft.Network/networkInterfaces/private_endpoint_name.nic.28453eb2-8db7-48f0-9ac2-411eff845268\"\r\n
        \     }\r\n    ],\r\n    \"customDnsConfigs\": [\r\n      {\r\n        \"fqdn\":
        \"md-impexp-kwj120cf5c5f.z18.blob.storage.azure.net\",\r\n        \"ipAddresses\":
        [\r\n          \"10.0.0.4\"\r\n        ]\r\n      }\r\n    ]\r\n  }\r\n}"
    headers:
      cache-control:
      - no-cache
      content-length:
      - '2452'
      content-type:
      - application/json; charset=utf-8
      date:
      - Thu, 04 Mar 2021 07:20:51 GMT
      etag:
      - W/"d4d771cd-dfe7-43cd-be79-7de91841be42"
      expires:
      - '-1'
      pragma:
      - no-cache
      server:
      - Microsoft-HTTPAPI/2.0
      - Microsoft-HTTPAPI/2.0
      strict-transport-security:
      - max-age=31536000; includeSubDomains
      transfer-encoding:
      - chunked
      vary:
      - Accept-Encoding
      x-content-type-options:
      - nosniff
      x-ms-arm-service-request-id:
      - c30574af-91d6-414d-83fa-fad187b2de91
    status:
      code: 200
      message: OK
- request:
    body: null
    headers:
      Accept:
      - '*/*'
      Accept-Encoding:
      - gzip, deflate
      CommandName:
      - network private-endpoint-connection list
      Connection:
      - keep-alive
      ParameterSetName:
      - -g -n --type
      User-Agent:
      - python/3.7.3 (Windows-10-10.0.19041-SP0) AZURECLI/2.20.0
    method: GET
    uri: https://management.azure.com/subscriptions/00000000-0000-0000-0000-000000000000/resourceGroups/test_disk_access_private_endpoint_000001/providers/Microsoft.Compute/diskAccesses/disk_access_name?api-version=2020-05-01
  response:
    body:
      string: "{\r\n  \"name\": \"disk_access_name\",\r\n  \"id\": \"/subscriptions/00000000-0000-0000-0000-000000000000/resourceGroups/test_disk_access_private_endpoint_000001/providers/Microsoft.Compute/diskAccesses/disk_access_name\",\r\n
        \ \"type\": \"Microsoft.Compute/diskAccesses\",\r\n  \"location\": \"centraluseuap\",\r\n
        \ \"properties\": {\r\n    \"privateEndpointConnections\": [\r\n      {\r\n
        \       \"name\": \"disk_access_name.25f47cc2-89f2-4d94-a79c-d5deb048eae1\",\r\n
        \       \"id\": \"/subscriptions/00000000-0000-0000-0000-000000000000/resourceGroups/test_disk_access_private_endpoint_000001/providers/Microsoft.Compute/diskAccesses/disk_access_name/privateEndpointConnections/disk_access_name.25f47cc2-89f2-4d94-a79c-d5deb048eae1\",\r\n
        \       \"type\": \"Microsoft.Compute/diskAccesses/PrivateEndpointConnections\",\r\n
        \       \"properties\": {\r\n          \"provisioningState\": \"Succeeded\",\r\n
        \         \"privateEndpoint\": {\r\n            \"id\": \"/subscriptions/00000000-0000-0000-0000-000000000000/resourceGroups/test_disk_access_private_endpoint_000001/providers/Microsoft.Network/privateEndpoints/private_endpoint_name\"\r\n
        \         },\r\n          \"privateLinkServiceConnectionState\": {\r\n            \"actionsRequired\":
        \"None\",\r\n            \"description\": \"Auto-Approved\",\r\n            \"status\":
        \"Approved\"\r\n          }\r\n        }\r\n      }\r\n    ],\r\n    \"provisioningState\":
        \"Succeeded\",\r\n    \"timeCreated\": \"2021-03-04T07:19:44.6039971+00:00\"\r\n
        \ }\r\n}"
    headers:
      cache-control:
      - no-cache
      content-length:
      - '1499'
      content-type:
      - application/json; charset=utf-8
      date:
      - Thu, 04 Mar 2021 07:20:52 GMT
      expires:
      - '-1'
      pragma:
      - no-cache
      server:
      - Microsoft-HTTPAPI/2.0
      - Microsoft-HTTPAPI/2.0
      strict-transport-security:
      - max-age=31536000; includeSubDomains
      transfer-encoding:
      - chunked
      vary:
      - Accept-Encoding
      x-content-type-options:
      - nosniff
    status:
      code: 200
      message: OK
version: 1
