interactions:
- request:
    body: '{"location": "global", "properties": {"zoneType": "Public"}}'
    headers:
      Accept:
      - application/json
      Accept-Encoding:
      - gzip, deflate
      CommandName:
      - network dns zone import
      Connection:
      - keep-alive
      Content-Length:
      - '60'
      Content-Type:
      - application/json
      ParameterSetName:
      - -n -g --file-name
      User-Agent:
      - AZURECLI/2.22.0 azsdk-python-azure-mgmt-dns/8.0.0 Python/3.7.8 (Windows-10-10.0.19041-SP0)
    method: PUT
    uri: https://management.azure.com/subscriptions/00000000-0000-0000-0000-000000000000/resourceGroups/cli_dns_zone8_import000001/providers/Microsoft.Network/dnsZones/zone8.com?api-version=2018-05-01
  response:
    body:
      string: '{"id":"\/subscriptions\/00000000-0000-0000-0000-000000000000\/resourceGroups\/cli_dns_zone8_import000001\/providers\/Microsoft.Network\/dnszones\/zone8.com","name":"zone8.com","type":"Microsoft.Network\/dnszones","etag":"00000002-0000-0000-c05f-630dba35d701","location":"global","tags":{},"properties":{"maxNumberOfRecordSets":10000,"maxNumberOfRecordsPerRecordSet":null,"nameServers":["ns1-08.azure-dns.com.","ns2-08.azure-dns.net.","ns3-08.azure-dns.org.","ns4-08.azure-dns.info."],"numberOfRecordSets":2,"zoneType":"Public"}}'
    headers:
      cache-control:
      - private
      content-length:
      - '577'
      content-type:
      - application/json; charset=utf-8
      date:
      - Tue, 20 Apr 2021 07:52:05 GMT
      etag:
      - 00000002-0000-0000-c05f-630dba35d701
      server:
      - Microsoft-IIS/10.0
      strict-transport-security:
      - max-age=31536000; includeSubDomains
      x-content-type-options:
      - nosniff
      x-ms-ratelimit-remaining-subscription-resource-requests:
      - '11999'
      x-powered-by:
      - ASP.NET
    status:
      code: 201
      message: Created
- request:
    body: null
    headers:
      Accept:
      - application/json
      Accept-Encoding:
      - gzip, deflate
      CommandName:
      - network dns zone import
      Connection:
      - keep-alive
      ParameterSetName:
      - -n -g --file-name
      User-Agent:
      - AZURECLI/2.22.0 azsdk-python-azure-mgmt-dns/8.0.0 Python/3.7.8 (Windows-10-10.0.19041-SP0)
    method: GET
    uri: https://management.azure.com/subscriptions/00000000-0000-0000-0000-000000000000/resourceGroups/cli_dns_zone8_import000001/providers/Microsoft.Network/dnsZones/zone8.com/SOA/@?api-version=2018-05-01
  response:
    body:
      string: '{"id":"\/subscriptions\/00000000-0000-0000-0000-000000000000\/resourceGroups\/cli_dns_zone8_import000001\/providers\/Microsoft.Network\/dnszones\/zone8.com\/SOA\/@","name":"@","type":"Microsoft.Network\/dnszones\/SOA","etag":"e77daa00-e838-444b-9f3d-3136fc4f0a48","properties":{"fqdn":"zone8.com.","TTL":3600,"SOARecord":{"email":"azuredns-hostmaster.microsoft.com","expireTime":2419200,"host":"ns1-08.azure-dns.com.","minimumTTL":300,"refreshTime":3600,"retryTime":300,"serialNumber":1},"targetResource":{},"provisioningState":"Succeeded"}}'
    headers:
      cache-control:
      - private
      content-length:
      - '590'
      content-type:
      - application/json; charset=utf-8
      date:
      - Tue, 20 Apr 2021 07:52:06 GMT
      etag:
      - e77daa00-e838-444b-9f3d-3136fc4f0a48
      server:
      - Microsoft-IIS/10.0
      strict-transport-security:
      - max-age=31536000; includeSubDomains
      transfer-encoding:
      - chunked
      vary:
      - Accept-Encoding
      x-content-type-options:
      - nosniff
      x-ms-ratelimit-remaining-subscription-resource-requests:
      - '499'
      x-powered-by:
      - ASP.NET
    status:
      code: 200
      message: OK
- request:
    body: '{"properties": {"TTL": 3600, "SOARecord": {"host": "ns1-08.azure-dns.com.",
      "email": "azuredns-hostmaster.microsoft.com.", "serialNumber": 1, "refreshTime":
      3600, "retryTime": 300, "expireTime": 2419200, "minimumTTL": 300}}}'
    headers:
      Accept:
      - application/json
      Accept-Encoding:
      - gzip, deflate
      CommandName:
      - network dns zone import
      Connection:
      - keep-alive
      Content-Length:
      - '224'
      Content-Type:
      - application/json
      ParameterSetName:
      - -n -g --file-name
      User-Agent:
      - AZURECLI/2.22.0 azsdk-python-azure-mgmt-dns/8.0.0 Python/3.7.8 (Windows-10-10.0.19041-SP0)
    method: PUT
    uri: https://management.azure.com/subscriptions/00000000-0000-0000-0000-000000000000/resourceGroups/cli_dns_zone8_import000001/providers/Microsoft.Network/dnsZones/zone8.com/soa/@?api-version=2018-05-01
  response:
    body:
      string: '{"id":"\/subscriptions\/00000000-0000-0000-0000-000000000000\/resourceGroups\/cli_dns_zone8_import000001\/providers\/Microsoft.Network\/dnszones\/zone8.com\/SOA\/@","name":"@","type":"Microsoft.Network\/dnszones\/SOA","etag":"dff50b9c-1166-4fbe-90f7-ee16c9a7ac51","properties":{"fqdn":"zone8.com.","TTL":3600,"SOARecord":{"email":"azuredns-hostmaster.microsoft.com.","expireTime":2419200,"host":"ns1-08.azure-dns.com.","minimumTTL":300,"refreshTime":3600,"retryTime":300,"serialNumber":1},"targetResource":{},"provisioningState":"Succeeded"}}'
    headers:
      cache-control:
      - private
      content-length:
      - '591'
      content-type:
      - application/json; charset=utf-8
      date:
      - Tue, 20 Apr 2021 07:52:07 GMT
      etag:
      - dff50b9c-1166-4fbe-90f7-ee16c9a7ac51
      server:
      - Microsoft-IIS/10.0
      strict-transport-security:
      - max-age=31536000; includeSubDomains
      transfer-encoding:
      - chunked
      vary:
      - Accept-Encoding
      x-content-type-options:
      - nosniff
      x-ms-ratelimit-remaining-subscription-resource-requests:
      - '11999'
      x-powered-by:
      - ASP.NET
    status:
      code: 200
      message: OK
- request:
    body: null
    headers:
      Accept:
      - application/json
      Accept-Encoding:
      - gzip, deflate
      CommandName:
      - network dns zone import
      Connection:
      - keep-alive
      ParameterSetName:
      - -n -g --file-name
      User-Agent:
      - AZURECLI/2.22.0 azsdk-python-azure-mgmt-dns/8.0.0 Python/3.7.8 (Windows-10-10.0.19041-SP0)
    method: GET
    uri: https://management.azure.com/subscriptions/00000000-0000-0000-0000-000000000000/resourceGroups/cli_dns_zone8_import000001/providers/Microsoft.Network/dnsZones/zone8.com/NS/@?api-version=2018-05-01
  response:
    body:
      string: '{"id":"\/subscriptions\/00000000-0000-0000-0000-000000000000\/resourceGroups\/cli_dns_zone8_import000001\/providers\/Microsoft.Network\/dnszones\/zone8.com\/NS\/@","name":"@","type":"Microsoft.Network\/dnszones\/NS","etag":"12102f51-f51e-4b17-8c5c-45d81ac908d6","properties":{"fqdn":"zone8.com.","TTL":172800,"NSRecords":[{"nsdname":"ns1-08.azure-dns.com."},{"nsdname":"ns2-08.azure-dns.net."},{"nsdname":"ns3-08.azure-dns.org."},{"nsdname":"ns4-08.azure-dns.info."}],"targetResource":{},"provisioningState":"Succeeded"}}'
    headers:
      cache-control:
      - private
      content-length:
      - '570'
      content-type:
      - application/json; charset=utf-8
      date:
      - Tue, 20 Apr 2021 07:52:08 GMT
      etag:
      - 12102f51-f51e-4b17-8c5c-45d81ac908d6
      server:
      - Microsoft-IIS/10.0
      strict-transport-security:
      - max-age=31536000; includeSubDomains
      transfer-encoding:
      - chunked
      vary:
      - Accept-Encoding
      x-content-type-options:
      - nosniff
      x-ms-ratelimit-remaining-subscription-resource-requests:
      - '499'
      x-powered-by:
      - ASP.NET
    status:
      code: 200
      message: OK
- request:
    body: '{"etag": "12102f51-f51e-4b17-8c5c-45d81ac908d6", "properties": {"TTL":
      172800, "targetResource": {}, "NSRecords": [{"nsdname": "ns1-08.azure-dns.com."},
      {"nsdname": "ns2-08.azure-dns.net."}, {"nsdname": "ns3-08.azure-dns.org."},
      {"nsdname": "ns4-08.azure-dns.info."}]}}'
    headers:
      Accept:
      - application/json
      Accept-Encoding:
      - gzip, deflate
      CommandName:
      - network dns zone import
      Connection:
      - keep-alive
      Content-Length:
      - '269'
      Content-Type:
      - application/json
      ParameterSetName:
      - -n -g --file-name
      User-Agent:
      - AZURECLI/2.22.0 azsdk-python-azure-mgmt-dns/8.0.0 Python/3.7.8 (Windows-10-10.0.19041-SP0)
    method: PUT
    uri: https://management.azure.com/subscriptions/00000000-0000-0000-0000-000000000000/resourceGroups/cli_dns_zone8_import000001/providers/Microsoft.Network/dnsZones/zone8.com/NS/@?api-version=2018-05-01
  response:
    body:
      string: '{"id":"\/subscriptions\/00000000-0000-0000-0000-000000000000\/resourceGroups\/cli_dns_zone8_import000001\/providers\/Microsoft.Network\/dnszones\/zone8.com\/NS\/@","name":"@","type":"Microsoft.Network\/dnszones\/NS","etag":"bcd073d4-0802-456e-8701-2abf53897fd1","properties":{"fqdn":"zone8.com.","TTL":172800,"NSRecords":[{"nsdname":"ns1-08.azure-dns.com."},{"nsdname":"ns2-08.azure-dns.net."},{"nsdname":"ns3-08.azure-dns.org."},{"nsdname":"ns4-08.azure-dns.info."}],"targetResource":{},"provisioningState":"Succeeded"}}'
    headers:
      cache-control:
      - private
      content-length:
      - '570'
      content-type:
      - application/json; charset=utf-8
      date:
      - Tue, 20 Apr 2021 07:52:10 GMT
      etag:
      - bcd073d4-0802-456e-8701-2abf53897fd1
      server:
      - Microsoft-IIS/10.0
      strict-transport-security:
      - max-age=31536000; includeSubDomains
      transfer-encoding:
      - chunked
      vary:
      - Accept-Encoding
      x-content-type-options:
      - nosniff
      x-ms-ratelimit-remaining-subscription-resource-requests:
      - '11998'
      x-powered-by:
      - ASP.NET
    status:
      code: 200
      message: OK
- request:
    body: '{"properties": {"TTL": 3600, "ARecords": [{"ipv4Address": "1.2.3.4"}]}}'
    headers:
      Accept:
      - application/json
      Accept-Encoding:
      - gzip, deflate
      CommandName:
      - network dns zone import
      Connection:
      - keep-alive
      Content-Length:
      - '71'
      Content-Type:
      - application/json
      ParameterSetName:
      - -n -g --file-name
      User-Agent:
      - AZURECLI/2.22.0 azsdk-python-azure-mgmt-dns/8.0.0 Python/3.7.8 (Windows-10-10.0.19041-SP0)
    method: PUT
    uri: https://management.azure.com/subscriptions/00000000-0000-0000-0000-000000000000/resourceGroups/cli_dns_zone8_import000001/providers/Microsoft.Network/dnsZones/zone8.com/a/ns?api-version=2018-05-01
  response:
    body:
      string: '{"id":"\/subscriptions\/00000000-0000-0000-0000-000000000000\/resourceGroups\/cli_dns_zone8_import000001\/providers\/Microsoft.Network\/dnszones\/zone8.com\/A\/ns","name":"ns","type":"Microsoft.Network\/dnszones\/A","etag":"274d3165-2439-4dbb-8750-b9dc17bb7198","properties":{"fqdn":"ns.zone8.com.","TTL":3600,"ARecords":[{"ipv4Address":"1.2.3.4"}],"targetResource":{},"provisioningState":"Succeeded"}}'
    headers:
      cache-control:
      - private
      content-length:
      - '451'
      content-type:
      - application/json; charset=utf-8
      date:
      - Tue, 20 Apr 2021 07:52:11 GMT
      etag:
      - 274d3165-2439-4dbb-8750-b9dc17bb7198
      server:
      - Microsoft-IIS/10.0
      strict-transport-security:
      - max-age=31536000; includeSubDomains
      x-content-type-options:
      - nosniff
      x-ms-ratelimit-remaining-subscription-resource-requests:
      - '11999'
      x-powered-by:
      - ASP.NET
    status:
      code: 201
      message: Created
- request:
    body: '{"properties": {"TTL": 3600, "ARecords": [{"ipv4Address": "2.3.4.5"}]}}'
    headers:
      Accept:
      - application/json
      Accept-Encoding:
      - gzip, deflate
      CommandName:
      - network dns zone import
      Connection:
      - keep-alive
      Content-Length:
      - '71'
      Content-Type:
      - application/json
      ParameterSetName:
      - -n -g --file-name
      User-Agent:
      - AZURECLI/2.22.0 azsdk-python-azure-mgmt-dns/8.0.0 Python/3.7.8 (Windows-10-10.0.19041-SP0)
    method: PUT
    uri: https://management.azure.com/subscriptions/00000000-0000-0000-0000-000000000000/resourceGroups/cli_dns_zone8_import000001/providers/Microsoft.Network/dnsZones/zone8.com/a/*?api-version=2018-05-01
  response:
    body:
      string: '{"id":"\/subscriptions\/00000000-0000-0000-0000-000000000000\/resourceGroups\/cli_dns_zone8_import000001\/providers\/Microsoft.Network\/dnszones\/zone8.com\/A\/*","name":"*","type":"Microsoft.Network\/dnszones\/A","etag":"a622d06a-9919-4c53-bacb-c13bac72f942","properties":{"fqdn":"*.zone8.com.","TTL":3600,"ARecords":[{"ipv4Address":"2.3.4.5"}],"targetResource":{},"provisioningState":"Succeeded"}}'
    headers:
      cache-control:
      - private
      content-length:
      - '448'
      content-type:
      - application/json; charset=utf-8
      date:
      - Tue, 20 Apr 2021 07:52:12 GMT
      etag:
      - a622d06a-9919-4c53-bacb-c13bac72f942
      server:
      - Microsoft-IIS/10.0
      strict-transport-security:
      - max-age=31536000; includeSubDomains
      x-content-type-options:
      - nosniff
      x-ms-ratelimit-remaining-subscription-resource-requests:
      - '11998'
      x-powered-by:
      - ASP.NET
    status:
      code: 201
      message: Created
- request:
    body: null
    headers:
      Accept:
      - application/json
      Accept-Encoding:
      - gzip, deflate
      CommandName:
      - network dns record-set list
      Connection:
      - keep-alive
      ParameterSetName:
      - -g -z
      User-Agent:
      - AZURECLI/2.22.0 azsdk-python-azure-mgmt-dns/8.0.0 Python/3.7.8 (Windows-10-10.0.19041-SP0)
    method: GET
    uri: https://management.azure.com/subscriptions/00000000-0000-0000-0000-000000000000/resourceGroups/cli_dns_zone8_import000001/providers/Microsoft.Network/dnsZones/zone8.com/recordsets?api-version=2018-05-01
  response:
    body:
      string: '{"value":[{"id":"\/subscriptions\/00000000-0000-0000-0000-000000000000\/resourceGroups\/cli_dns_zone8_import000001\/providers\/Microsoft.Network\/dnszones\/zone8.com\/NS\/@","name":"@","type":"Microsoft.Network\/dnszones\/NS","etag":"bcd073d4-0802-456e-8701-2abf53897fd1","properties":{"fqdn":"zone8.com.","TTL":172800,"NSRecords":[{"nsdname":"ns1-08.azure-dns.com."},{"nsdname":"ns2-08.azure-dns.net."},{"nsdname":"ns3-08.azure-dns.org."},{"nsdname":"ns4-08.azure-dns.info."}],"targetResource":{},"provisioningState":"Succeeded"}},{"id":"\/subscriptions\/00000000-0000-0000-0000-000000000000\/resourceGroups\/cli_dns_zone8_import000001\/providers\/Microsoft.Network\/dnszones\/zone8.com\/SOA\/@","name":"@","type":"Microsoft.Network\/dnszones\/SOA","etag":"dff50b9c-1166-4fbe-90f7-ee16c9a7ac51","properties":{"fqdn":"zone8.com.","TTL":3600,"SOARecord":{"email":"azuredns-hostmaster.microsoft.com.","expireTime":2419200,"host":"ns1-08.azure-dns.com.","minimumTTL":300,"refreshTime":3600,"retryTime":300,"serialNumber":1},"targetResource":{},"provisioningState":"Succeeded"}},{"id":"\/subscriptions\/00000000-0000-0000-0000-000000000000\/resourceGroups\/cli_dns_zone8_import000001\/providers\/Microsoft.Network\/dnszones\/zone8.com\/A\/*","name":"*","type":"Microsoft.Network\/dnszones\/A","etag":"a622d06a-9919-4c53-bacb-c13bac72f942","properties":{"fqdn":"*.zone8.com.","TTL":3600,"ARecords":[{"ipv4Address":"2.3.4.5"}],"targetResource":{},"provisioningState":"Succeeded"}},{"id":"\/subscriptions\/00000000-0000-0000-0000-000000000000\/resourceGroups\/cli_dns_zone8_import000001\/providers\/Microsoft.Network\/dnszones\/zone8.com\/A\/ns","name":"ns","type":"Microsoft.Network\/dnszones\/A","etag":"274d3165-2439-4dbb-8750-b9dc17bb7198","properties":{"fqdn":"ns.zone8.com.","TTL":3600,"ARecords":[{"ipv4Address":"1.2.3.4"}],"targetResource":{},"provisioningState":"Succeeded"}}]}'
    headers:
      cache-control:
      - private
      content-length:
      - '2075'
      content-type:
      - application/json; charset=utf-8
      date:
      - Tue, 20 Apr 2021 07:52:15 GMT
      server:
      - Microsoft-IIS/10.0
      strict-transport-security:
      - max-age=31536000; includeSubDomains
      transfer-encoding:
      - chunked
      vary:
      - Accept-Encoding
      x-content-type-options:
      - nosniff
      x-ms-ratelimit-remaining-subscription-resource-entities-read:
      - '59996'
      x-ms-ratelimit-remaining-subscription-resource-requests:
      - '499'
      x-powered-by:
      - ASP.NET
    status:
      code: 200
      message: OK
- request:
    body: null
    headers:
      Accept:
      - application/json
      Accept-Encoding:
      - gzip, deflate
      CommandName:
      - network dns zone export
      Connection:
      - keep-alive
      ParameterSetName:
      - -g -n --file-name
      User-Agent:
      - AZURECLI/2.22.0 azsdk-python-azure-mgmt-dns/8.0.0 Python/3.7.8 (Windows-10-10.0.19041-SP0)
    method: GET
    uri: https://management.azure.com/subscriptions/00000000-0000-0000-0000-000000000000/resourceGroups/cli_dns_zone8_import000001/providers/Microsoft.Network/dnsZones/zone8.com/recordsets?api-version=2018-05-01
  response:
    body:
      string: '{"value":[{"id":"\/subscriptions\/00000000-0000-0000-0000-000000000000\/resourceGroups\/cli_dns_zone8_import000001\/providers\/Microsoft.Network\/dnszones\/zone8.com\/NS\/@","name":"@","type":"Microsoft.Network\/dnszones\/NS","etag":"bcd073d4-0802-456e-8701-2abf53897fd1","properties":{"fqdn":"zone8.com.","TTL":172800,"NSRecords":[{"nsdname":"ns1-08.azure-dns.com."},{"nsdname":"ns2-08.azure-dns.net."},{"nsdname":"ns3-08.azure-dns.org."},{"nsdname":"ns4-08.azure-dns.info."}],"targetResource":{},"provisioningState":"Succeeded"}},{"id":"\/subscriptions\/00000000-0000-0000-0000-000000000000\/resourceGroups\/cli_dns_zone8_import000001\/providers\/Microsoft.Network\/dnszones\/zone8.com\/SOA\/@","name":"@","type":"Microsoft.Network\/dnszones\/SOA","etag":"dff50b9c-1166-4fbe-90f7-ee16c9a7ac51","properties":{"fqdn":"zone8.com.","TTL":3600,"SOARecord":{"email":"azuredns-hostmaster.microsoft.com.","expireTime":2419200,"host":"ns1-08.azure-dns.com.","minimumTTL":300,"refreshTime":3600,"retryTime":300,"serialNumber":1},"targetResource":{},"provisioningState":"Succeeded"}},{"id":"\/subscriptions\/00000000-0000-0000-0000-000000000000\/resourceGroups\/cli_dns_zone8_import000001\/providers\/Microsoft.Network\/dnszones\/zone8.com\/A\/*","name":"*","type":"Microsoft.Network\/dnszones\/A","etag":"a622d06a-9919-4c53-bacb-c13bac72f942","properties":{"fqdn":"*.zone8.com.","TTL":3600,"ARecords":[{"ipv4Address":"2.3.4.5"}],"targetResource":{},"provisioningState":"Succeeded"}},{"id":"\/subscriptions\/00000000-0000-0000-0000-000000000000\/resourceGroups\/cli_dns_zone8_import000001\/providers\/Microsoft.Network\/dnszones\/zone8.com\/A\/ns","name":"ns","type":"Microsoft.Network\/dnszones\/A","etag":"274d3165-2439-4dbb-8750-b9dc17bb7198","properties":{"fqdn":"ns.zone8.com.","TTL":3600,"ARecords":[{"ipv4Address":"1.2.3.4"}],"targetResource":{},"provisioningState":"Succeeded"}}]}'
    headers:
      cache-control:
      - private
      content-length:
      - '2075'
      content-type:
      - application/json; charset=utf-8
      date:
      - Tue, 20 Apr 2021 07:52:16 GMT
      server:
      - Microsoft-IIS/10.0
      strict-transport-security:
      - max-age=31536000; includeSubDomains
      transfer-encoding:
      - chunked
      vary:
      - Accept-Encoding
      x-content-type-options:
      - nosniff
      x-ms-ratelimit-remaining-subscription-resource-entities-read:
      - '59996'
      x-ms-ratelimit-remaining-subscription-resource-requests:
      - '499'
      x-powered-by:
      - ASP.NET
    status:
      code: 200
      message: OK
- request:
    body: null
    headers:
      Accept:
      - application/json
      Accept-Encoding:
      - gzip, deflate
      CommandName:
      - network dns zone delete
      Connection:
      - keep-alive
      Content-Length:
      - '0'
      ParameterSetName:
      - -g -n -y
      User-Agent:
      - AZURECLI/2.22.0 azsdk-python-azure-mgmt-dns/8.0.0 Python/3.7.8 (Windows-10-10.0.19041-SP0)
    method: DELETE
    uri: https://management.azure.com/subscriptions/00000000-0000-0000-0000-000000000000/resourceGroups/cli_dns_zone8_import000001/providers/Microsoft.Network/dnsZones/zone8.com?api-version=2018-05-01
  response:
    body:
      string: ''
    headers:
      azure-asyncoperation:
      - https://management.azure.com:443/subscriptions/00000000-0000-0000-0000-000000000000/resourceGroups/cli_dns_zone8_import000001/providers/Microsoft.Network/dnsOperationStatuses/delzone63754501940829653266208e6c?api-version=2018-05-01
      cache-control:
      - private
      content-length:
      - '0'
      date:
      - Tue, 20 Apr 2021 07:52:21 GMT
      location:
      - https://management.azure.com/subscriptions/00000000-0000-0000-0000-000000000000/resourceGroups/cli_dns_zone8_import000001/providers/Microsoft.Network/dnsOperationResults/delzone63754501940829653266208e6c?api-version=2018-05-01
      server:
      - Microsoft-IIS/10.0
      strict-transport-security:
      - max-age=31536000; includeSubDomains
      x-content-type-options:
      - nosniff
      x-ms-ratelimit-remaining-subscription-resource-requests:
      - '11999'
      x-powered-by:
      - ASP.NET
    status:
      code: 202
      message: Accepted
- request:
    body: null
    headers:
      Accept:
      - '*/*'
      Accept-Encoding:
      - gzip, deflate
      CommandName:
      - network dns zone delete
      Connection:
      - keep-alive
      ParameterSetName:
      - -g -n -y
      User-Agent:
      - AZURECLI/2.22.0 azsdk-python-azure-mgmt-dns/8.0.0 Python/3.7.8 (Windows-10-10.0.19041-SP0)
    method: GET
    uri: https://management.azure.com/subscriptions/00000000-0000-0000-0000-000000000000/resourceGroups/cli_dns_zone8_import000001/providers/Microsoft.Network/dnsOperationStatuses/delzone63754501940829653266208e6c?api-version=2018-05-01
  response:
    body:
      string: '{"status":"Succeeded"}'
    headers:
      cache-control:
      - private
      content-length:
      - '22'
      content-type:
      - application/json; charset=utf-8
      date:
      - Tue, 20 Apr 2021 07:52:25 GMT
      server:
      - Microsoft-IIS/10.0
      strict-transport-security:
      - max-age=31536000; includeSubDomains
      transfer-encoding:
      - chunked
      vary:
      - Accept-Encoding
      x-content-type-options:
      - nosniff
      x-ms-ratelimit-remaining-subscription-resource-requests:
      - '499'
      x-powered-by:
      - ASP.NET
    status:
      code: 200
      message: OK
- request:
    body: '{"location": "global", "properties": {"zoneType": "Public"}}'
    headers:
      Accept:
      - application/json
      Accept-Encoding:
      - gzip, deflate
      CommandName:
      - network dns zone import
      Connection:
      - keep-alive
      Content-Length:
      - '60'
      Content-Type:
      - application/json
      ParameterSetName:
      - -n -g --file-name
      User-Agent:
      - AZURECLI/2.22.0 azsdk-python-azure-mgmt-dns/8.0.0 Python/3.7.8 (Windows-10-10.0.19041-SP0)
    method: PUT
    uri: https://management.azure.com/subscriptions/00000000-0000-0000-0000-000000000000/resourceGroups/cli_dns_zone8_import000001/providers/Microsoft.Network/dnsZones/zone8.com?api-version=2018-05-01
  response:
    body:
      string: '{"id":"\/subscriptions\/00000000-0000-0000-0000-000000000000\/resourceGroups\/cli_dns_zone8_import000001\/providers\/Microsoft.Network\/dnszones\/zone8.com","name":"zone8.com","type":"Microsoft.Network\/dnszones","etag":"00000002-0000-0000-4fe4-dd1cba35d701","location":"global","tags":{},"properties":{"maxNumberOfRecordSets":10000,"maxNumberOfRecordsPerRecordSet":null,"nameServers":["ns1-08.azure-dns.com.","ns2-08.azure-dns.net.","ns3-08.azure-dns.org.","ns4-08.azure-dns.info."],"numberOfRecordSets":2,"zoneType":"Public"}}'
    headers:
      cache-control:
      - private
      content-length:
      - '577'
      content-type:
      - application/json; charset=utf-8
      date:
      - Tue, 20 Apr 2021 07:52:31 GMT
      etag:
      - 00000002-0000-0000-4fe4-dd1cba35d701
      server:
      - Microsoft-IIS/10.0
      strict-transport-security:
      - max-age=31536000; includeSubDomains
      x-content-type-options:
      - nosniff
      x-ms-ratelimit-remaining-subscription-resource-requests:
      - '11999'
      x-powered-by:
      - ASP.NET
    status:
      code: 201
      message: Created
- request:
    body: null
    headers:
      Accept:
      - application/json
      Accept-Encoding:
      - gzip, deflate
      CommandName:
      - network dns zone import
      Connection:
      - keep-alive
      ParameterSetName:
      - -n -g --file-name
      User-Agent:
      - AZURECLI/2.22.0 azsdk-python-azure-mgmt-dns/8.0.0 Python/3.7.8 (Windows-10-10.0.19041-SP0)
    method: GET
    uri: https://management.azure.com/subscriptions/00000000-0000-0000-0000-000000000000/resourceGroups/cli_dns_zone8_import000001/providers/Microsoft.Network/dnsZones/zone8.com/SOA/@?api-version=2018-05-01
  response:
    body:
      string: '{"id":"\/subscriptions\/00000000-0000-0000-0000-000000000000\/resourceGroups\/cli_dns_zone8_import000001\/providers\/Microsoft.Network\/dnszones\/zone8.com\/SOA\/@","name":"@","type":"Microsoft.Network\/dnszones\/SOA","etag":"607028b2-68b1-4cc9-a881-faab35b74a6e","properties":{"fqdn":"zone8.com.","TTL":3600,"SOARecord":{"email":"azuredns-hostmaster.microsoft.com","expireTime":2419200,"host":"ns1-08.azure-dns.com.","minimumTTL":300,"refreshTime":3600,"retryTime":300,"serialNumber":1},"targetResource":{},"provisioningState":"Succeeded"}}'
    headers:
      cache-control:
      - private
      content-length:
      - '590'
      content-type:
      - application/json; charset=utf-8
      date:
      - Tue, 20 Apr 2021 07:52:32 GMT
      etag:
      - 607028b2-68b1-4cc9-a881-faab35b74a6e
      server:
      - Microsoft-IIS/10.0
      strict-transport-security:
      - max-age=31536000; includeSubDomains
      transfer-encoding:
      - chunked
      vary:
      - Accept-Encoding
      x-content-type-options:
      - nosniff
      x-ms-ratelimit-remaining-subscription-resource-requests:
      - '499'
      x-powered-by:
      - ASP.NET
    status:
      code: 200
      message: OK
- request:
    body: '{"properties": {"TTL": 3600, "SOARecord": {"host": "ns1-08.azure-dns.com.",
      "email": "azuredns-hostmaster.microsoft.com.", "serialNumber": 1, "refreshTime":
      3600, "retryTime": 300, "expireTime": 2419200, "minimumTTL": 300}}}'
    headers:
      Accept:
      - application/json
      Accept-Encoding:
      - gzip, deflate
      CommandName:
      - network dns zone import
      Connection:
      - keep-alive
      Content-Length:
      - '224'
      Content-Type:
      - application/json
      ParameterSetName:
      - -n -g --file-name
      User-Agent:
      - AZURECLI/2.22.0 azsdk-python-azure-mgmt-dns/8.0.0 Python/3.7.8 (Windows-10-10.0.19041-SP0)
    method: PUT
    uri: https://management.azure.com/subscriptions/00000000-0000-0000-0000-000000000000/resourceGroups/cli_dns_zone8_import000001/providers/Microsoft.Network/dnsZones/zone8.com/soa/@?api-version=2018-05-01
  response:
    body:
      string: '{"id":"\/subscriptions\/00000000-0000-0000-0000-000000000000\/resourceGroups\/cli_dns_zone8_import000001\/providers\/Microsoft.Network\/dnszones\/zone8.com\/SOA\/@","name":"@","type":"Microsoft.Network\/dnszones\/SOA","etag":"2a273870-73f2-4c45-8adf-ed4a9f912e36","properties":{"fqdn":"zone8.com.","TTL":3600,"SOARecord":{"email":"azuredns-hostmaster.microsoft.com.","expireTime":2419200,"host":"ns1-08.azure-dns.com.","minimumTTL":300,"refreshTime":3600,"retryTime":300,"serialNumber":1},"targetResource":{},"provisioningState":"Succeeded"}}'
    headers:
      cache-control:
      - private
      content-length:
      - '591'
      content-type:
      - application/json; charset=utf-8
      date:
      - Tue, 20 Apr 2021 07:52:34 GMT
      etag:
      - 2a273870-73f2-4c45-8adf-ed4a9f912e36
      server:
      - Microsoft-IIS/10.0
      strict-transport-security:
      - max-age=31536000; includeSubDomains
      transfer-encoding:
      - chunked
      vary:
      - Accept-Encoding
      x-content-type-options:
      - nosniff
      x-ms-ratelimit-remaining-subscription-resource-requests:
      - '11999'
      x-powered-by:
      - ASP.NET
    status:
      code: 200
      message: OK
- request:
    body: null
    headers:
      Accept:
      - application/json
      Accept-Encoding:
      - gzip, deflate
      CommandName:
      - network dns zone import
      Connection:
      - keep-alive
      ParameterSetName:
      - -n -g --file-name
      User-Agent:
      - AZURECLI/2.22.0 azsdk-python-azure-mgmt-dns/8.0.0 Python/3.7.8 (Windows-10-10.0.19041-SP0)
    method: GET
    uri: https://management.azure.com/subscriptions/00000000-0000-0000-0000-000000000000/resourceGroups/cli_dns_zone8_import000001/providers/Microsoft.Network/dnsZones/zone8.com/NS/@?api-version=2018-05-01
  response:
    body:
      string: '{"id":"\/subscriptions\/00000000-0000-0000-0000-000000000000\/resourceGroups\/cli_dns_zone8_import000001\/providers\/Microsoft.Network\/dnszones\/zone8.com\/NS\/@","name":"@","type":"Microsoft.Network\/dnszones\/NS","etag":"7d05352e-1396-4387-bca6-0a1092e76c1d","properties":{"fqdn":"zone8.com.","TTL":172800,"NSRecords":[{"nsdname":"ns1-08.azure-dns.com."},{"nsdname":"ns2-08.azure-dns.net."},{"nsdname":"ns3-08.azure-dns.org."},{"nsdname":"ns4-08.azure-dns.info."}],"targetResource":{},"provisioningState":"Succeeded"}}'
    headers:
      cache-control:
      - private
      content-length:
      - '570'
      content-type:
      - application/json; charset=utf-8
      date:
      - Tue, 20 Apr 2021 07:52:35 GMT
      etag:
      - 7d05352e-1396-4387-bca6-0a1092e76c1d
      server:
      - Microsoft-IIS/10.0
      strict-transport-security:
      - max-age=31536000; includeSubDomains
      transfer-encoding:
      - chunked
      vary:
      - Accept-Encoding
      x-content-type-options:
      - nosniff
      x-ms-ratelimit-remaining-subscription-resource-requests:
      - '499'
      x-powered-by:
      - ASP.NET
    status:
      code: 200
      message: OK
- request:
    body: '{"etag": "7d05352e-1396-4387-bca6-0a1092e76c1d", "properties": {"TTL":
      172800, "targetResource": {}, "NSRecords": [{"nsdname": "ns1-08.azure-dns.com."},
      {"nsdname": "ns2-08.azure-dns.net."}, {"nsdname": "ns3-08.azure-dns.org."},
      {"nsdname": "ns4-08.azure-dns.info."}]}}'
    headers:
      Accept:
      - application/json
      Accept-Encoding:
      - gzip, deflate
      CommandName:
      - network dns zone import
      Connection:
      - keep-alive
      Content-Length:
      - '269'
      Content-Type:
      - application/json
      ParameterSetName:
      - -n -g --file-name
      User-Agent:
      - AZURECLI/2.22.0 azsdk-python-azure-mgmt-dns/8.0.0 Python/3.7.8 (Windows-10-10.0.19041-SP0)
    method: PUT
    uri: https://management.azure.com/subscriptions/00000000-0000-0000-0000-000000000000/resourceGroups/cli_dns_zone8_import000001/providers/Microsoft.Network/dnsZones/zone8.com/NS/@?api-version=2018-05-01
  response:
    body:
      string: '{"id":"\/subscriptions\/00000000-0000-0000-0000-000000000000\/resourceGroups\/cli_dns_zone8_import000001\/providers\/Microsoft.Network\/dnszones\/zone8.com\/NS\/@","name":"@","type":"Microsoft.Network\/dnszones\/NS","etag":"641a3a14-7515-4512-87c9-82373458ed65","properties":{"fqdn":"zone8.com.","TTL":172800,"NSRecords":[{"nsdname":"ns1-08.azure-dns.com."},{"nsdname":"ns2-08.azure-dns.net."},{"nsdname":"ns3-08.azure-dns.org."},{"nsdname":"ns4-08.azure-dns.info."}],"targetResource":{},"provisioningState":"Succeeded"}}'
    headers:
      cache-control:
      - private
      content-length:
      - '570'
      content-type:
      - application/json; charset=utf-8
      date:
      - Tue, 20 Apr 2021 07:52:36 GMT
      etag:
      - 641a3a14-7515-4512-87c9-82373458ed65
      server:
      - Microsoft-IIS/10.0
      strict-transport-security:
      - max-age=31536000; includeSubDomains
      transfer-encoding:
      - chunked
      vary:
      - Accept-Encoding
      x-content-type-options:
      - nosniff
      x-ms-ratelimit-remaining-subscription-resource-requests:
      - '11999'
      x-powered-by:
      - ASP.NET
    status:
      code: 200
      message: OK
- request:
    body: '{"properties": {"TTL": 3600, "ARecords": [{"ipv4Address": "2.3.4.5"}]}}'
    headers:
      Accept:
      - application/json
      Accept-Encoding:
      - gzip, deflate
      CommandName:
      - network dns zone import
      Connection:
      - keep-alive
      Content-Length:
      - '71'
      Content-Type:
      - application/json
      ParameterSetName:
      - -n -g --file-name
      User-Agent:
      - AZURECLI/2.22.0 azsdk-python-azure-mgmt-dns/8.0.0 Python/3.7.8 (Windows-10-10.0.19041-SP0)
    method: PUT
    uri: https://management.azure.com/subscriptions/00000000-0000-0000-0000-000000000000/resourceGroups/cli_dns_zone8_import000001/providers/Microsoft.Network/dnsZones/zone8.com/a/*?api-version=2018-05-01
  response:
    body:
      string: '{"id":"\/subscriptions\/00000000-0000-0000-0000-000000000000\/resourceGroups\/cli_dns_zone8_import000001\/providers\/Microsoft.Network\/dnszones\/zone8.com\/A\/*","name":"*","type":"Microsoft.Network\/dnszones\/A","etag":"9fbd4cb3-bad5-4086-b2d3-dd0642d1b3e3","properties":{"fqdn":"*.zone8.com.","TTL":3600,"ARecords":[{"ipv4Address":"2.3.4.5"}],"targetResource":{},"provisioningState":"Succeeded"}}'
    headers:
      cache-control:
      - private
      content-length:
      - '448'
      content-type:
      - application/json; charset=utf-8
      date:
      - Tue, 20 Apr 2021 07:52:38 GMT
      etag:
      - 9fbd4cb3-bad5-4086-b2d3-dd0642d1b3e3
      server:
      - Microsoft-IIS/10.0
      strict-transport-security:
      - max-age=31536000; includeSubDomains
      x-content-type-options:
      - nosniff
      x-ms-ratelimit-remaining-subscription-resource-requests:
      - '11999'
      x-powered-by:
      - ASP.NET
    status:
      code: 201
      message: Created
- request:
    body: '{"properties": {"TTL": 3600, "ARecords": [{"ipv4Address": "1.2.3.4"}]}}'
    headers:
      Accept:
      - application/json
      Accept-Encoding:
      - gzip, deflate
      CommandName:
      - network dns zone import
      Connection:
      - keep-alive
      Content-Length:
      - '71'
      Content-Type:
      - application/json
      ParameterSetName:
      - -n -g --file-name
      User-Agent:
      - AZURECLI/2.22.0 azsdk-python-azure-mgmt-dns/8.0.0 Python/3.7.8 (Windows-10-10.0.19041-SP0)
    method: PUT
    uri: https://management.azure.com/subscriptions/00000000-0000-0000-0000-000000000000/resourceGroups/cli_dns_zone8_import000001/providers/Microsoft.Network/dnsZones/zone8.com/a/ns?api-version=2018-05-01
  response:
    body:
      string: '{"id":"\/subscriptions\/00000000-0000-0000-0000-000000000000\/resourceGroups\/cli_dns_zone8_import000001\/providers\/Microsoft.Network\/dnszones\/zone8.com\/A\/ns","name":"ns","type":"Microsoft.Network\/dnszones\/A","etag":"f0475659-14d2-4a10-8835-1d1b48a9349b","properties":{"fqdn":"ns.zone8.com.","TTL":3600,"ARecords":[{"ipv4Address":"1.2.3.4"}],"targetResource":{},"provisioningState":"Succeeded"}}'
    headers:
      cache-control:
      - private
      content-length:
      - '451'
      content-type:
      - application/json; charset=utf-8
      date:
      - Tue, 20 Apr 2021 07:52:39 GMT
      etag:
      - f0475659-14d2-4a10-8835-1d1b48a9349b
      server:
      - Microsoft-IIS/10.0
      strict-transport-security:
      - max-age=31536000; includeSubDomains
      x-content-type-options:
      - nosniff
      x-ms-ratelimit-remaining-subscription-resource-requests:
      - '11998'
      x-powered-by:
      - ASP.NET
    status:
      code: 201
      message: Created
- request:
    body: null
    headers:
      Accept:
      - application/json
      Accept-Encoding:
      - gzip, deflate
      CommandName:
      - network dns record-set list
      Connection:
      - keep-alive
      ParameterSetName:
      - -g -z
      User-Agent:
      - AZURECLI/2.22.0 azsdk-python-azure-mgmt-dns/8.0.0 Python/3.7.8 (Windows-10-10.0.19041-SP0)
    method: GET
    uri: https://management.azure.com/subscriptions/00000000-0000-0000-0000-000000000000/resourceGroups/cli_dns_zone8_import000001/providers/Microsoft.Network/dnsZones/zone8.com/recordsets?api-version=2018-05-01
  response:
    body:
      string: '{"value":[{"id":"\/subscriptions\/00000000-0000-0000-0000-000000000000\/resourceGroups\/cli_dns_zone8_import000001\/providers\/Microsoft.Network\/dnszones\/zone8.com\/NS\/@","name":"@","type":"Microsoft.Network\/dnszones\/NS","etag":"641a3a14-7515-4512-87c9-82373458ed65","properties":{"fqdn":"zone8.com.","TTL":172800,"NSRecords":[{"nsdname":"ns1-08.azure-dns.com."},{"nsdname":"ns2-08.azure-dns.net."},{"nsdname":"ns3-08.azure-dns.org."},{"nsdname":"ns4-08.azure-dns.info."}],"targetResource":{},"provisioningState":"Succeeded"}},{"id":"\/subscriptions\/00000000-0000-0000-0000-000000000000\/resourceGroups\/cli_dns_zone8_import000001\/providers\/Microsoft.Network\/dnszones\/zone8.com\/SOA\/@","name":"@","type":"Microsoft.Network\/dnszones\/SOA","etag":"2a273870-73f2-4c45-8adf-ed4a9f912e36","properties":{"fqdn":"zone8.com.","TTL":3600,"SOARecord":{"email":"azuredns-hostmaster.microsoft.com.","expireTime":2419200,"host":"ns1-08.azure-dns.com.","minimumTTL":300,"refreshTime":3600,"retryTime":300,"serialNumber":1},"targetResource":{},"provisioningState":"Succeeded"}},{"id":"\/subscriptions\/00000000-0000-0000-0000-000000000000\/resourceGroups\/cli_dns_zone8_import000001\/providers\/Microsoft.Network\/dnszones\/zone8.com\/A\/*","name":"*","type":"Microsoft.Network\/dnszones\/A","etag":"9fbd4cb3-bad5-4086-b2d3-dd0642d1b3e3","properties":{"fqdn":"*.zone8.com.","TTL":3600,"ARecords":[{"ipv4Address":"2.3.4.5"}],"targetResource":{},"provisioningState":"Succeeded"}},{"id":"\/subscriptions\/00000000-0000-0000-0000-000000000000\/resourceGroups\/cli_dns_zone8_import000001\/providers\/Microsoft.Network\/dnszones\/zone8.com\/A\/ns","name":"ns","type":"Microsoft.Network\/dnszones\/A","etag":"f0475659-14d2-4a10-8835-1d1b48a9349b","properties":{"fqdn":"ns.zone8.com.","TTL":3600,"ARecords":[{"ipv4Address":"1.2.3.4"}],"targetResource":{},"provisioningState":"Succeeded"}}]}'
    headers:
      cache-control:
      - private
      content-length:
      - '2075'
      content-type:
      - application/json; charset=utf-8
      date:
      - Tue, 20 Apr 2021 07:52:41 GMT
      server:
      - Microsoft-IIS/10.0
      strict-transport-security:
      - max-age=31536000; includeSubDomains
      transfer-encoding:
      - chunked
      vary:
      - Accept-Encoding
      x-content-type-options:
      - nosniff
      x-ms-ratelimit-remaining-subscription-resource-entities-read:
      - '59996'
      x-ms-ratelimit-remaining-subscription-resource-requests:
      - '499'
      x-powered-by:
      - ASP.NET
    status:
      code: 200
      message: OK
version: 1
