interactions:
- request:
    body: null
    headers:
      Accept:
      - application/json
      Accept-Encoding:
      - gzip, deflate
      CommandName:
      - network application-gateway waf-policy create
      Connection:
      - keep-alive
      ParameterSetName:
      - -g -n
      User-Agent:
      - AZURECLI/2.39.0 (PIP) azsdk-python-azure-mgmt-resource/21.1.0b1 Python/3.8.10
        (Windows-10-10.0.19044-SP0)
    method: GET
    uri: https://management.azure.com/subscriptions/00000000-0000-0000-0000-000000000000/resourcegroups/cli_test_app_gateway_waf_custom_rule_000001?api-version=2021-04-01
  response:
    body:
      string: '{"id":"/subscriptions/00000000-0000-0000-0000-000000000000/resourceGroups/cli_test_app_gateway_waf_custom_rule_000001","name":"cli_test_app_gateway_waf_custom_rule_000001","type":"Microsoft.Resources/resourceGroups","location":"westus","tags":{"product":"azurecli","cause":"automation","date":"2022-08-28T13:49:14Z"},"properties":{"provisioningState":"Succeeded"}}'
    headers:
      cache-control:
      - no-cache
      content-length:
      - '364'
      content-type:
      - application/json; charset=utf-8
      date:
      - Sun, 28 Aug 2022 13:49:17 GMT
      expires:
      - '-1'
      pragma:
      - no-cache
      strict-transport-security:
      - max-age=31536000; includeSubDomains
      vary:
      - Accept-Encoding
      x-content-type-options:
      - nosniff
    status:
      code: 200
      message: OK
- request:
    body: '{"location": "westus", "properties": {"managedRules": {"managedRuleSets":
      [{"ruleSetType": "OWASP", "ruleSetVersion": "3.0"}]}}}'
    headers:
      Accept:
      - application/json
      Accept-Encoding:
      - gzip, deflate
      CommandName:
      - network application-gateway waf-policy create
      Connection:
      - keep-alive
      Content-Length:
      - '128'
      Content-Type:
      - application/json
      ParameterSetName:
      - -g -n
      User-Agent:
      - AZURECLI/2.39.0 (PIP) azsdk-python-azure-mgmt-network/21.0.1 Python/3.8.10
        (Windows-10-10.0.19044-SP0)
    method: PUT
    uri: https://management.azure.com/subscriptions/00000000-0000-0000-0000-000000000000/resourceGroups/cli_test_app_gateway_waf_custom_rule_000001/providers/Microsoft.Network/ApplicationGatewayWebApplicationFirewallPolicies/agp1?api-version=2022-01-01
  response:
    body:
      string: "{\r\n  \"name\": \"agp1\",\r\n  \"id\": \"/subscriptions/00000000-0000-0000-0000-000000000000/resourceGroups/cli_test_app_gateway_waf_custom_rule_000001/providers/Microsoft.Network/ApplicationGatewayWebApplicationFirewallPolicies/agp1\",\r\n
        \ \"etag\": \"W/\\\"6493d681-688f-4bdd-9687-dccaa6e4d15d\\\"\",\r\n  \"type\":
        \"Microsoft.Network/ApplicationGatewayWebApplicationFirewallPolicies\",\r\n
        \ \"location\": \"westus\",\r\n  \"properties\": {\r\n    \"provisioningState\":
        \"Updating\",\r\n    \"customRules\": [],\r\n    \"policySettings\": {\r\n
        \     \"requestBodyCheck\": true,\r\n      \"maxRequestBodySizeInKb\": 128,\r\n
        \     \"fileUploadLimitInMb\": 100,\r\n      \"state\": \"Disabled\",\r\n
        \     \"mode\": \"Detection\"\r\n    },\r\n    \"managedRules\": {\r\n      \"managedRuleSets\":
        [\r\n        {\r\n          \"ruleSetType\": \"OWASP\",\r\n          \"ruleSetVersion\":
        \"3.0\",\r\n          \"ruleGroupOverrides\": []\r\n        }\r\n      ],\r\n
        \     \"exclusions\": []\r\n    }\r\n  }\r\n}"
    headers:
      azure-asyncnotification:
      - Enabled
      azure-asyncoperation:
      - https://management.azure.com/subscriptions/00000000-0000-0000-0000-000000000000/providers/Microsoft.Network/locations/westus/operations/bb46e930-5643-4893-b17e-04e9480aa432?api-version=2022-01-01
      cache-control:
      - no-cache
      content-length:
      - '892'
      content-type:
      - application/json; charset=utf-8
      date:
      - Sun, 28 Aug 2022 13:49:22 GMT
      expires:
      - '-1'
      pragma:
      - no-cache
      server:
      - Microsoft-HTTPAPI/2.0
      - Microsoft-HTTPAPI/2.0
      strict-transport-security:
      - max-age=31536000; includeSubDomains
      x-content-type-options:
      - nosniff
      x-ms-arm-service-request-id:
      - 15582986-d983-481b-8513-a0e6c2124fd3
      x-ms-ratelimit-remaining-subscription-writes:
      - '1195'
    status:
      code: 201
      message: Created
- request:
    body: null
    headers:
      Accept:
      - application/json
      Accept-Encoding:
      - gzip, deflate
      CommandName:
      - network application-gateway waf-policy show
      Connection:
      - keep-alive
      ParameterSetName:
      - -g -n
      User-Agent:
      - AZURECLI/2.39.0 (PIP) azsdk-python-azure-mgmt-network/21.0.1 Python/3.8.10
        (Windows-10-10.0.19044-SP0)
    method: GET
    uri: https://management.azure.com/subscriptions/00000000-0000-0000-0000-000000000000/resourceGroups/cli_test_app_gateway_waf_custom_rule_000001/providers/Microsoft.Network/ApplicationGatewayWebApplicationFirewallPolicies/agp1?api-version=2022-01-01
  response:
    body:
      string: "{\r\n  \"name\": \"agp1\",\r\n  \"id\": \"/subscriptions/00000000-0000-0000-0000-000000000000/resourceGroups/cli_test_app_gateway_waf_custom_rule_000001/providers/Microsoft.Network/ApplicationGatewayWebApplicationFirewallPolicies/agp1\",\r\n
        \ \"etag\": \"W/\\\"6ab8665f-0679-4a38-8b19-8aa866f034f2\\\"\",\r\n  \"type\":
        \"Microsoft.Network/ApplicationGatewayWebApplicationFirewallPolicies\",\r\n
        \ \"location\": \"westus\",\r\n  \"properties\": {\r\n    \"provisioningState\":
        \"Succeeded\",\r\n    \"customRules\": [],\r\n    \"policySettings\": {\r\n
        \     \"requestBodyCheck\": true,\r\n      \"maxRequestBodySizeInKb\": 128,\r\n
        \     \"fileUploadLimitInMb\": 100,\r\n      \"state\": \"Disabled\",\r\n
        \     \"mode\": \"Detection\"\r\n    },\r\n    \"managedRules\": {\r\n      \"managedRuleSets\":
        [\r\n        {\r\n          \"ruleSetType\": \"OWASP\",\r\n          \"ruleSetVersion\":
        \"3.0\",\r\n          \"ruleGroupOverrides\": []\r\n        }\r\n      ],\r\n
        \     \"exclusions\": []\r\n    }\r\n  }\r\n}"
    headers:
      cache-control:
      - no-cache
      content-length:
      - '893'
      content-type:
      - application/json; charset=utf-8
      date:
      - Sun, 28 Aug 2022 13:49:24 GMT
      etag:
      - W/"6ab8665f-0679-4a38-8b19-8aa866f034f2"
      expires:
      - '-1'
      pragma:
      - no-cache
      server:
      - Microsoft-HTTPAPI/2.0
      - Microsoft-HTTPAPI/2.0
      strict-transport-security:
      - max-age=31536000; includeSubDomains
      transfer-encoding:
      - chunked
      vary:
      - Accept-Encoding
      x-content-type-options:
      - nosniff
      x-ms-arm-service-request-id:
      - 473712b3-b18c-443c-bef8-03cfea4b5530
    status:
      code: 200
      message: OK
- request:
    body: null
    headers:
      Accept:
      - application/json
      Accept-Encoding:
      - gzip, deflate
      CommandName:
      - network application-gateway waf-policy custom-rule create
      Connection:
      - keep-alive
      ParameterSetName:
      - -g --policy-name -n --priority --action --rule-type
      User-Agent:
      - AZURECLI/2.39.0 (PIP) azsdk-python-azure-mgmt-network/21.0.1 Python/3.8.10
        (Windows-10-10.0.19044-SP0)
    method: GET
    uri: https://management.azure.com/subscriptions/00000000-0000-0000-0000-000000000000/resourceGroups/cli_test_app_gateway_waf_custom_rule_000001/providers/Microsoft.Network/ApplicationGatewayWebApplicationFirewallPolicies/agp1?api-version=2022-01-01
  response:
    body:
      string: "{\r\n  \"name\": \"agp1\",\r\n  \"id\": \"/subscriptions/00000000-0000-0000-0000-000000000000/resourceGroups/cli_test_app_gateway_waf_custom_rule_000001/providers/Microsoft.Network/ApplicationGatewayWebApplicationFirewallPolicies/agp1\",\r\n
        \ \"etag\": \"W/\\\"6ab8665f-0679-4a38-8b19-8aa866f034f2\\\"\",\r\n  \"type\":
        \"Microsoft.Network/ApplicationGatewayWebApplicationFirewallPolicies\",\r\n
        \ \"location\": \"westus\",\r\n  \"properties\": {\r\n    \"provisioningState\":
        \"Succeeded\",\r\n    \"customRules\": [],\r\n    \"policySettings\": {\r\n
        \     \"requestBodyCheck\": true,\r\n      \"maxRequestBodySizeInKb\": 128,\r\n
        \     \"fileUploadLimitInMb\": 100,\r\n      \"state\": \"Disabled\",\r\n
        \     \"mode\": \"Detection\"\r\n    },\r\n    \"managedRules\": {\r\n      \"managedRuleSets\":
        [\r\n        {\r\n          \"ruleSetType\": \"OWASP\",\r\n          \"ruleSetVersion\":
        \"3.0\",\r\n          \"ruleGroupOverrides\": []\r\n        }\r\n      ],\r\n
        \     \"exclusions\": []\r\n    }\r\n  }\r\n}"
    headers:
      cache-control:
      - no-cache
      content-length:
      - '893'
      content-type:
      - application/json; charset=utf-8
      date:
      - Sun, 28 Aug 2022 13:49:25 GMT
      etag:
      - W/"6ab8665f-0679-4a38-8b19-8aa866f034f2"
      expires:
      - '-1'
      pragma:
      - no-cache
      server:
      - Microsoft-HTTPAPI/2.0
      - Microsoft-HTTPAPI/2.0
      strict-transport-security:
      - max-age=31536000; includeSubDomains
      transfer-encoding:
      - chunked
      vary:
      - Accept-Encoding
      x-content-type-options:
      - nosniff
      x-ms-arm-service-request-id:
      - c8862a4d-b493-44dc-8281-226b9c0615ef
    status:
      code: 200
      message: OK
- request:
    body: '{"id": "/subscriptions/00000000-0000-0000-0000-000000000000/resourceGroups/cli_test_app_gateway_waf_custom_rule_000001/providers/Microsoft.Network/ApplicationGatewayWebApplicationFirewallPolicies/agp1",
      "location": "westus", "properties": {"policySettings": {"state": "Disabled",
      "mode": "Detection", "requestBodyCheck": true, "maxRequestBodySizeInKb": 128,
      "fileUploadLimitInMb": 100}, "customRules": [{"name": "rule1", "priority": 50,
      "ruleType": "MatchRule", "matchConditions": [], "action": "Log"}], "managedRules":
      {"exclusions": [], "managedRuleSets": [{"ruleSetType": "OWASP", "ruleSetVersion":
      "3.0", "ruleGroupOverrides": []}]}}}'
    headers:
      Accept:
      - application/json
      Accept-Encoding:
      - gzip, deflate
      CommandName:
      - network application-gateway waf-policy custom-rule create
      Connection:
      - keep-alive
      Content-Length:
      - '638'
      Content-Type:
      - application/json
      ParameterSetName:
      - -g --policy-name -n --priority --action --rule-type
      User-Agent:
      - AZURECLI/2.39.0 (PIP) azsdk-python-azure-mgmt-network/21.0.1 Python/3.8.10
        (Windows-10-10.0.19044-SP0)
    method: PUT
    uri: https://management.azure.com/subscriptions/00000000-0000-0000-0000-000000000000/resourceGroups/cli_test_app_gateway_waf_custom_rule_000001/providers/Microsoft.Network/ApplicationGatewayWebApplicationFirewallPolicies/agp1?api-version=2022-01-01
  response:
    body:
      string: "{\r\n  \"name\": \"agp1\",\r\n  \"id\": \"/subscriptions/00000000-0000-0000-0000-000000000000/resourceGroups/cli_test_app_gateway_waf_custom_rule_000001/providers/Microsoft.Network/ApplicationGatewayWebApplicationFirewallPolicies/agp1\",\r\n
        \ \"etag\": \"W/\\\"9f3cc22c-e841-4d89-bbb4-96ee1eb64358\\\"\",\r\n  \"type\":
        \"Microsoft.Network/ApplicationGatewayWebApplicationFirewallPolicies\",\r\n
        \ \"location\": \"westus\",\r\n  \"properties\": {\r\n    \"provisioningState\":
        \"Updating\",\r\n    \"customRules\": [\r\n      {\r\n        \"name\": \"rule1\",\r\n
        \       \"priority\": 50,\r\n        \"ruleType\": \"MatchRule\",\r\n        \"action\":
        \"Log\",\r\n        \"matchConditions\": [],\r\n        \"skippedManagedRuleSets\":
        []\r\n      }\r\n    ],\r\n    \"policySettings\": {\r\n      \"requestBodyCheck\":
        true,\r\n      \"maxRequestBodySizeInKb\": 128,\r\n      \"fileUploadLimitInMb\":
        100,\r\n      \"state\": \"Disabled\",\r\n      \"mode\": \"Detection\"\r\n
        \   },\r\n    \"managedRules\": {\r\n      \"managedRuleSets\": [\r\n        {\r\n
        \         \"ruleSetType\": \"OWASP\",\r\n          \"ruleSetVersion\": \"3.0\",\r\n
        \         \"ruleGroupOverrides\": []\r\n        }\r\n      ],\r\n      \"exclusions\":
        []\r\n    }\r\n  }\r\n}"
    headers:
      azure-asyncnotification:
      - Enabled
      azure-asyncoperation:
      - https://management.azure.com/subscriptions/00000000-0000-0000-0000-000000000000/providers/Microsoft.Network/locations/westus/operations/907d02f9-9334-492d-a9a8-4647f0b83b9a?api-version=2022-01-01
      cache-control:
      - no-cache
      content-length:
      - '1097'
      content-type:
      - application/json; charset=utf-8
      date:
      - Sun, 28 Aug 2022 13:49:26 GMT
      expires:
      - '-1'
      pragma:
      - no-cache
      server:
      - Microsoft-HTTPAPI/2.0
      - Microsoft-HTTPAPI/2.0
      strict-transport-security:
      - max-age=31536000; includeSubDomains
      transfer-encoding:
      - chunked
      vary:
      - Accept-Encoding
      x-content-type-options:
      - nosniff
      x-ms-arm-service-request-id:
      - 995771ef-c0a9-440f-9a99-fa1b222d45ec
      x-ms-ratelimit-remaining-subscription-writes:
      - '1193'
    status:
      code: 200
      message: OK
- request:
    body: null
    headers:
      Accept:
      - application/json
      Accept-Encoding:
      - gzip, deflate
      CommandName:
      - network application-gateway waf-policy show
      Connection:
      - keep-alive
      ParameterSetName:
      - -g -n
      User-Agent:
      - AZURECLI/2.39.0 (PIP) azsdk-python-azure-mgmt-network/21.0.1 Python/3.8.10
        (Windows-10-10.0.19044-SP0)
    method: GET
    uri: https://management.azure.com/subscriptions/00000000-0000-0000-0000-000000000000/resourceGroups/cli_test_app_gateway_waf_custom_rule_000001/providers/Microsoft.Network/ApplicationGatewayWebApplicationFirewallPolicies/agp1?api-version=2022-01-01
  response:
    body:
      string: "{\r\n  \"name\": \"agp1\",\r\n  \"id\": \"/subscriptions/00000000-0000-0000-0000-000000000000/resourceGroups/cli_test_app_gateway_waf_custom_rule_000001/providers/Microsoft.Network/ApplicationGatewayWebApplicationFirewallPolicies/agp1\",\r\n
        \ \"etag\": \"W/\\\"866df7e5-7e99-49b0-a415-fd50d82c0c50\\\"\",\r\n  \"type\":
        \"Microsoft.Network/ApplicationGatewayWebApplicationFirewallPolicies\",\r\n
        \ \"location\": \"westus\",\r\n  \"properties\": {\r\n    \"provisioningState\":
        \"Succeeded\",\r\n    \"customRules\": [\r\n      {\r\n        \"name\": \"rule1\",\r\n
        \       \"priority\": 50,\r\n        \"ruleType\": \"MatchRule\",\r\n        \"action\":
        \"Log\",\r\n        \"matchConditions\": [],\r\n        \"skippedManagedRuleSets\":
        []\r\n      }\r\n    ],\r\n    \"policySettings\": {\r\n      \"requestBodyCheck\":
        true,\r\n      \"maxRequestBodySizeInKb\": 128,\r\n      \"fileUploadLimitInMb\":
        100,\r\n      \"state\": \"Disabled\",\r\n      \"mode\": \"Detection\"\r\n
        \   },\r\n    \"managedRules\": {\r\n      \"managedRuleSets\": [\r\n        {\r\n
        \         \"ruleSetType\": \"OWASP\",\r\n          \"ruleSetVersion\": \"3.0\",\r\n
        \         \"ruleGroupOverrides\": []\r\n        }\r\n      ],\r\n      \"exclusions\":
        []\r\n    }\r\n  }\r\n}"
    headers:
      cache-control:
      - no-cache
      content-length:
      - '1098'
      content-type:
      - application/json; charset=utf-8
      date:
      - Sun, 28 Aug 2022 13:49:26 GMT
      etag:
      - W/"866df7e5-7e99-49b0-a415-fd50d82c0c50"
      expires:
      - '-1'
      pragma:
      - no-cache
      server:
      - Microsoft-HTTPAPI/2.0
      - Microsoft-HTTPAPI/2.0
      strict-transport-security:
      - max-age=31536000; includeSubDomains
      transfer-encoding:
      - chunked
      vary:
      - Accept-Encoding
      x-content-type-options:
      - nosniff
      x-ms-arm-service-request-id:
      - 1781cd30-a961-494e-a978-af11f6acaa1b
    status:
      code: 200
      message: OK
- request:
    body: null
    headers:
      Accept:
      - application/json
      Accept-Encoding:
      - gzip, deflate
      CommandName:
      - network application-gateway waf-policy custom-rule show
      Connection:
      - keep-alive
      ParameterSetName:
      - -g --policy-name -n
      User-Agent:
      - AZURECLI/2.39.0 (PIP) azsdk-python-azure-mgmt-network/21.0.1 Python/3.8.10
        (Windows-10-10.0.19044-SP0)
    method: GET
    uri: https://management.azure.com/subscriptions/00000000-0000-0000-0000-000000000000/resourceGroups/cli_test_app_gateway_waf_custom_rule_000001/providers/Microsoft.Network/ApplicationGatewayWebApplicationFirewallPolicies/agp1?api-version=2022-01-01
  response:
    body:
      string: "{\r\n  \"name\": \"agp1\",\r\n  \"id\": \"/subscriptions/00000000-0000-0000-0000-000000000000/resourceGroups/cli_test_app_gateway_waf_custom_rule_000001/providers/Microsoft.Network/ApplicationGatewayWebApplicationFirewallPolicies/agp1\",\r\n
        \ \"etag\": \"W/\\\"866df7e5-7e99-49b0-a415-fd50d82c0c50\\\"\",\r\n  \"type\":
        \"Microsoft.Network/ApplicationGatewayWebApplicationFirewallPolicies\",\r\n
        \ \"location\": \"westus\",\r\n  \"properties\": {\r\n    \"provisioningState\":
        \"Succeeded\",\r\n    \"customRules\": [\r\n      {\r\n        \"name\": \"rule1\",\r\n
        \       \"priority\": 50,\r\n        \"ruleType\": \"MatchRule\",\r\n        \"action\":
        \"Log\",\r\n        \"matchConditions\": [],\r\n        \"skippedManagedRuleSets\":
        []\r\n      }\r\n    ],\r\n    \"policySettings\": {\r\n      \"requestBodyCheck\":
        true,\r\n      \"maxRequestBodySizeInKb\": 128,\r\n      \"fileUploadLimitInMb\":
        100,\r\n      \"state\": \"Disabled\",\r\n      \"mode\": \"Detection\"\r\n
        \   },\r\n    \"managedRules\": {\r\n      \"managedRuleSets\": [\r\n        {\r\n
        \         \"ruleSetType\": \"OWASP\",\r\n          \"ruleSetVersion\": \"3.0\",\r\n
        \         \"ruleGroupOverrides\": []\r\n        }\r\n      ],\r\n      \"exclusions\":
        []\r\n    }\r\n  }\r\n}"
    headers:
      cache-control:
      - no-cache
      content-length:
      - '1098'
      content-type:
      - application/json; charset=utf-8
      date:
      - Sun, 28 Aug 2022 13:49:28 GMT
      etag:
      - W/"866df7e5-7e99-49b0-a415-fd50d82c0c50"
      expires:
      - '-1'
      pragma:
      - no-cache
      server:
      - Microsoft-HTTPAPI/2.0
      - Microsoft-HTTPAPI/2.0
      strict-transport-security:
      - max-age=31536000; includeSubDomains
      transfer-encoding:
      - chunked
      vary:
      - Accept-Encoding
      x-content-type-options:
      - nosniff
      x-ms-arm-service-request-id:
      - ddf572cc-470c-422b-929d-e52ce6d536fd
    status:
      code: 200
      message: OK
- request:
    body: null
    headers:
      Accept:
      - application/json
      Accept-Encoding:
      - gzip, deflate
      CommandName:
      - network application-gateway waf-policy custom-rule match-condition add
      Connection:
      - keep-alive
      ParameterSetName:
      - -g --policy-name -n --match-variables --operator --values --transform
      User-Agent:
      - AZURECLI/2.39.0 (PIP) azsdk-python-azure-mgmt-network/21.0.1 Python/3.8.10
        (Windows-10-10.0.19044-SP0)
    method: GET
    uri: https://management.azure.com/subscriptions/00000000-0000-0000-0000-000000000000/resourceGroups/cli_test_app_gateway_waf_custom_rule_000001/providers/Microsoft.Network/ApplicationGatewayWebApplicationFirewallPolicies/agp1?api-version=2022-01-01
  response:
    body:
      string: "{\r\n  \"name\": \"agp1\",\r\n  \"id\": \"/subscriptions/00000000-0000-0000-0000-000000000000/resourceGroups/cli_test_app_gateway_waf_custom_rule_000001/providers/Microsoft.Network/ApplicationGatewayWebApplicationFirewallPolicies/agp1\",\r\n
        \ \"etag\": \"W/\\\"866df7e5-7e99-49b0-a415-fd50d82c0c50\\\"\",\r\n  \"type\":
        \"Microsoft.Network/ApplicationGatewayWebApplicationFirewallPolicies\",\r\n
        \ \"location\": \"westus\",\r\n  \"properties\": {\r\n    \"provisioningState\":
        \"Succeeded\",\r\n    \"customRules\": [\r\n      {\r\n        \"name\": \"rule1\",\r\n
        \       \"priority\": 50,\r\n        \"ruleType\": \"MatchRule\",\r\n        \"action\":
        \"Log\",\r\n        \"matchConditions\": [],\r\n        \"skippedManagedRuleSets\":
        []\r\n      }\r\n    ],\r\n    \"policySettings\": {\r\n      \"requestBodyCheck\":
        true,\r\n      \"maxRequestBodySizeInKb\": 128,\r\n      \"fileUploadLimitInMb\":
        100,\r\n      \"state\": \"Disabled\",\r\n      \"mode\": \"Detection\"\r\n
        \   },\r\n    \"managedRules\": {\r\n      \"managedRuleSets\": [\r\n        {\r\n
        \         \"ruleSetType\": \"OWASP\",\r\n          \"ruleSetVersion\": \"3.0\",\r\n
        \         \"ruleGroupOverrides\": []\r\n        }\r\n      ],\r\n      \"exclusions\":
        []\r\n    }\r\n  }\r\n}"
    headers:
      cache-control:
      - no-cache
      content-length:
      - '1098'
      content-type:
      - application/json; charset=utf-8
      date:
      - Sun, 28 Aug 2022 13:49:29 GMT
      etag:
      - W/"866df7e5-7e99-49b0-a415-fd50d82c0c50"
      expires:
      - '-1'
      pragma:
      - no-cache
      server:
      - Microsoft-HTTPAPI/2.0
      - Microsoft-HTTPAPI/2.0
      strict-transport-security:
      - max-age=31536000; includeSubDomains
      transfer-encoding:
      - chunked
      vary:
      - Accept-Encoding
      x-content-type-options:
      - nosniff
      x-ms-arm-service-request-id:
      - 6c4588c4-d1af-4995-ba99-c6c1bd2b6fb0
    status:
      code: 200
      message: OK
- request:
    body: '{"id": "/subscriptions/00000000-0000-0000-0000-000000000000/resourceGroups/cli_test_app_gateway_waf_custom_rule_000001/providers/Microsoft.Network/ApplicationGatewayWebApplicationFirewallPolicies/agp1",
      "location": "westus", "properties": {"policySettings": {"state": "Disabled",
      "mode": "Detection", "requestBodyCheck": true, "maxRequestBodySizeInKb": 128,
      "fileUploadLimitInMb": 100}, "customRules": [{"name": "rule1", "priority": 50,
      "ruleType": "MatchRule", "matchConditions": [{"matchVariables": [{"variableName":
      "RequestHeaders", "selector": "value"}], "operator": "Contains", "matchValues":
      ["foo", "boo"], "transforms": ["Lowercase"]}], "action": "Log"}], "managedRules":
      {"exclusions": [], "managedRuleSets": [{"ruleSetType": "OWASP", "ruleSetVersion":
      "3.0", "ruleGroupOverrides": []}]}}}'
    headers:
      Accept:
      - application/json
      Accept-Encoding:
      - gzip, deflate
      CommandName:
      - network application-gateway waf-policy custom-rule match-condition add
      Connection:
      - keep-alive
      Content-Length:
      - '799'
      Content-Type:
      - application/json
      ParameterSetName:
      - -g --policy-name -n --match-variables --operator --values --transform
      User-Agent:
      - AZURECLI/2.39.0 (PIP) azsdk-python-azure-mgmt-network/21.0.1 Python/3.8.10
        (Windows-10-10.0.19044-SP0)
    method: PUT
    uri: https://management.azure.com/subscriptions/00000000-0000-0000-0000-000000000000/resourceGroups/cli_test_app_gateway_waf_custom_rule_000001/providers/Microsoft.Network/ApplicationGatewayWebApplicationFirewallPolicies/agp1?api-version=2022-01-01
  response:
    body:
      string: "{\r\n  \"name\": \"agp1\",\r\n  \"id\": \"/subscriptions/00000000-0000-0000-0000-000000000000/resourceGroups/cli_test_app_gateway_waf_custom_rule_000001/providers/Microsoft.Network/ApplicationGatewayWebApplicationFirewallPolicies/agp1\",\r\n
        \ \"etag\": \"W/\\\"815f0bce-efe5-42c9-8bb5-5fc6f6e84f58\\\"\",\r\n  \"type\":
        \"Microsoft.Network/ApplicationGatewayWebApplicationFirewallPolicies\",\r\n
        \ \"location\": \"westus\",\r\n  \"properties\": {\r\n    \"provisioningState\":
        \"Updating\",\r\n    \"customRules\": [\r\n      {\r\n        \"name\": \"rule1\",\r\n
        \       \"priority\": 50,\r\n        \"ruleType\": \"MatchRule\",\r\n        \"action\":
        \"Log\",\r\n        \"matchConditions\": [\r\n          {\r\n            \"matchVariables\":
        [\r\n              {\r\n                \"variableName\": \"RequestHeaders\",\r\n
        \               \"selector\": \"value\"\r\n              }\r\n            ],\r\n
        \           \"operator\": \"Contains\",\r\n            \"negationConditon\":
        false,\r\n            \"matchValues\": [\r\n              \"foo\",\r\n              \"boo\"\r\n
        \           ],\r\n            \"transforms\": [\r\n              \"Lowercase\"\r\n
        \           ]\r\n          }\r\n        ],\r\n        \"skippedManagedRuleSets\":
        []\r\n      }\r\n    ],\r\n    \"policySettings\": {\r\n      \"requestBodyCheck\":
        true,\r\n      \"maxRequestBodySizeInKb\": 128,\r\n      \"fileUploadLimitInMb\":
        100,\r\n      \"state\": \"Disabled\",\r\n      \"mode\": \"Detection\"\r\n
        \   },\r\n    \"managedRules\": {\r\n      \"managedRuleSets\": [\r\n        {\r\n
        \         \"ruleSetType\": \"OWASP\",\r\n          \"ruleSetVersion\": \"3.0\",\r\n
        \         \"ruleGroupOverrides\": []\r\n        }\r\n      ],\r\n      \"exclusions\":
        []\r\n    }\r\n  }\r\n}"
    headers:
      azure-asyncnotification:
      - Enabled
      azure-asyncoperation:
      - https://management.azure.com/subscriptions/00000000-0000-0000-0000-000000000000/providers/Microsoft.Network/locations/westus/operations/68806101-e607-4e1d-b103-9f79d151fb28?api-version=2022-01-01
      cache-control:
      - no-cache
      content-length:
      - '1541'
      content-type:
      - application/json; charset=utf-8
      date:
      - Sun, 28 Aug 2022 13:49:29 GMT
      expires:
      - '-1'
      pragma:
      - no-cache
      server:
      - Microsoft-HTTPAPI/2.0
      - Microsoft-HTTPAPI/2.0
      strict-transport-security:
      - max-age=31536000; includeSubDomains
      transfer-encoding:
      - chunked
      vary:
      - Accept-Encoding
      x-content-type-options:
      - nosniff
      x-ms-arm-service-request-id:
      - 782e0e66-b43d-41dc-a108-62fe6972fba8
      x-ms-ratelimit-remaining-subscription-writes:
      - '1195'
    status:
      code: 200
      message: OK
- request:
    body: null
    headers:
      Accept:
      - application/json
      Accept-Encoding:
      - gzip, deflate
      CommandName:
      - network application-gateway waf-policy custom-rule show
      Connection:
      - keep-alive
      ParameterSetName:
      - -g --policy-name -n
      User-Agent:
      - AZURECLI/2.39.0 (PIP) azsdk-python-azure-mgmt-network/21.0.1 Python/3.8.10
        (Windows-10-10.0.19044-SP0)
    method: GET
    uri: https://management.azure.com/subscriptions/00000000-0000-0000-0000-000000000000/resourceGroups/cli_test_app_gateway_waf_custom_rule_000001/providers/Microsoft.Network/ApplicationGatewayWebApplicationFirewallPolicies/agp1?api-version=2022-01-01
  response:
    body:
      string: "{\r\n  \"name\": \"agp1\",\r\n  \"id\": \"/subscriptions/00000000-0000-0000-0000-000000000000/resourceGroups/cli_test_app_gateway_waf_custom_rule_000001/providers/Microsoft.Network/ApplicationGatewayWebApplicationFirewallPolicies/agp1\",\r\n
        \ \"etag\": \"W/\\\"f50716f7-e2b0-4294-b3d3-bfb27c741062\\\"\",\r\n  \"type\":
        \"Microsoft.Network/ApplicationGatewayWebApplicationFirewallPolicies\",\r\n
        \ \"location\": \"westus\",\r\n  \"properties\": {\r\n    \"provisioningState\":
        \"Succeeded\",\r\n    \"customRules\": [\r\n      {\r\n        \"name\": \"rule1\",\r\n
        \       \"priority\": 50,\r\n        \"ruleType\": \"MatchRule\",\r\n        \"action\":
        \"Log\",\r\n        \"matchConditions\": [\r\n          {\r\n            \"matchVariables\":
        [\r\n              {\r\n                \"variableName\": \"RequestHeaders\",\r\n
        \               \"selector\": \"value\"\r\n              }\r\n            ],\r\n
        \           \"operator\": \"Contains\",\r\n            \"negationConditon\":
        false,\r\n            \"matchValues\": [\r\n              \"foo\",\r\n              \"boo\"\r\n
        \           ],\r\n            \"transforms\": [\r\n              \"Lowercase\"\r\n
        \           ]\r\n          }\r\n        ],\r\n        \"skippedManagedRuleSets\":
        []\r\n      }\r\n    ],\r\n    \"policySettings\": {\r\n      \"requestBodyCheck\":
        true,\r\n      \"maxRequestBodySizeInKb\": 128,\r\n      \"fileUploadLimitInMb\":
        100,\r\n      \"state\": \"Disabled\",\r\n      \"mode\": \"Detection\"\r\n
        \   },\r\n    \"managedRules\": {\r\n      \"managedRuleSets\": [\r\n        {\r\n
        \         \"ruleSetType\": \"OWASP\",\r\n          \"ruleSetVersion\": \"3.0\",\r\n
        \         \"ruleGroupOverrides\": []\r\n        }\r\n      ],\r\n      \"exclusions\":
        []\r\n    }\r\n  }\r\n}"
    headers:
      cache-control:
      - no-cache
      content-length:
      - '1542'
      content-type:
      - application/json; charset=utf-8
      date:
      - Sun, 28 Aug 2022 13:49:30 GMT
      etag:
      - W/"f50716f7-e2b0-4294-b3d3-bfb27c741062"
      expires:
      - '-1'
      pragma:
      - no-cache
      server:
      - Microsoft-HTTPAPI/2.0
      - Microsoft-HTTPAPI/2.0
      strict-transport-security:
      - max-age=31536000; includeSubDomains
      transfer-encoding:
      - chunked
      vary:
      - Accept-Encoding
      x-content-type-options:
      - nosniff
      x-ms-arm-service-request-id:
      - d64901b8-b54c-4db4-b8c9-392394409ceb
    status:
      code: 200
      message: OK
- request:
    body: null
    headers:
      Accept:
      - application/json
      Accept-Encoding:
      - gzip, deflate
      CommandName:
      - network application-gateway waf-policy custom-rule update
      Connection:
      - keep-alive
      ParameterSetName:
      - -g --policy-name -n --priority
      User-Agent:
      - AZURECLI/2.39.0 (PIP) azsdk-python-azure-mgmt-network/21.0.1 Python/3.8.10
        (Windows-10-10.0.19044-SP0)
    method: GET
    uri: https://management.azure.com/subscriptions/00000000-0000-0000-0000-000000000000/resourceGroups/cli_test_app_gateway_waf_custom_rule_000001/providers/Microsoft.Network/ApplicationGatewayWebApplicationFirewallPolicies/agp1?api-version=2022-01-01
  response:
    body:
      string: "{\r\n  \"name\": \"agp1\",\r\n  \"id\": \"/subscriptions/00000000-0000-0000-0000-000000000000/resourceGroups/cli_test_app_gateway_waf_custom_rule_000001/providers/Microsoft.Network/ApplicationGatewayWebApplicationFirewallPolicies/agp1\",\r\n
        \ \"etag\": \"W/\\\"f50716f7-e2b0-4294-b3d3-bfb27c741062\\\"\",\r\n  \"type\":
        \"Microsoft.Network/ApplicationGatewayWebApplicationFirewallPolicies\",\r\n
        \ \"location\": \"westus\",\r\n  \"properties\": {\r\n    \"provisioningState\":
        \"Succeeded\",\r\n    \"customRules\": [\r\n      {\r\n        \"name\": \"rule1\",\r\n
        \       \"priority\": 50,\r\n        \"ruleType\": \"MatchRule\",\r\n        \"action\":
        \"Log\",\r\n        \"matchConditions\": [\r\n          {\r\n            \"matchVariables\":
        [\r\n              {\r\n                \"variableName\": \"RequestHeaders\",\r\n
        \               \"selector\": \"value\"\r\n              }\r\n            ],\r\n
        \           \"operator\": \"Contains\",\r\n            \"negationConditon\":
        false,\r\n            \"matchValues\": [\r\n              \"foo\",\r\n              \"boo\"\r\n
        \           ],\r\n            \"transforms\": [\r\n              \"Lowercase\"\r\n
        \           ]\r\n          }\r\n        ],\r\n        \"skippedManagedRuleSets\":
        []\r\n      }\r\n    ],\r\n    \"policySettings\": {\r\n      \"requestBodyCheck\":
        true,\r\n      \"maxRequestBodySizeInKb\": 128,\r\n      \"fileUploadLimitInMb\":
        100,\r\n      \"state\": \"Disabled\",\r\n      \"mode\": \"Detection\"\r\n
        \   },\r\n    \"managedRules\": {\r\n      \"managedRuleSets\": [\r\n        {\r\n
        \         \"ruleSetType\": \"OWASP\",\r\n          \"ruleSetVersion\": \"3.0\",\r\n
        \         \"ruleGroupOverrides\": []\r\n        }\r\n      ],\r\n      \"exclusions\":
        []\r\n    }\r\n  }\r\n}"
    headers:
      cache-control:
      - no-cache
      content-length:
      - '1542'
      content-type:
      - application/json; charset=utf-8
      date:
      - Sun, 28 Aug 2022 13:49:33 GMT
      etag:
      - W/"f50716f7-e2b0-4294-b3d3-bfb27c741062"
      expires:
      - '-1'
      pragma:
      - no-cache
      server:
      - Microsoft-HTTPAPI/2.0
      - Microsoft-HTTPAPI/2.0
      strict-transport-security:
      - max-age=31536000; includeSubDomains
      transfer-encoding:
      - chunked
      vary:
      - Accept-Encoding
      x-content-type-options:
      - nosniff
      x-ms-arm-service-request-id:
      - 728c983e-b9e4-4420-a7e1-cb00874f28cc
    status:
      code: 200
      message: OK
- request:
    body: '{"id": "/subscriptions/00000000-0000-0000-0000-000000000000/resourceGroups/cli_test_app_gateway_waf_custom_rule_000001/providers/Microsoft.Network/ApplicationGatewayWebApplicationFirewallPolicies/agp1",
      "location": "westus", "properties": {"policySettings": {"state": "Disabled",
      "mode": "Detection", "requestBodyCheck": true, "maxRequestBodySizeInKb": 128,
      "fileUploadLimitInMb": 100}, "customRules": [{"name": "rule1", "priority": 75,
      "ruleType": "MatchRule", "matchConditions": [{"matchVariables": [{"variableName":
      "RequestHeaders", "selector": "value"}], "operator": "Contains", "negationConditon":
      false, "matchValues": ["foo", "boo"], "transforms": ["Lowercase"]}], "action":
      "Log"}], "managedRules": {"exclusions": [], "managedRuleSets": [{"ruleSetType":
      "OWASP", "ruleSetVersion": "3.0", "ruleGroupOverrides": []}]}}}'
    headers:
      Accept:
      - application/json
      Accept-Encoding:
      - gzip, deflate
      CommandName:
      - network application-gateway waf-policy custom-rule update
      Connection:
      - keep-alive
      Content-Length:
      - '826'
      Content-Type:
      - application/json
      ParameterSetName:
      - -g --policy-name -n --priority
      User-Agent:
      - AZURECLI/2.39.0 (PIP) azsdk-python-azure-mgmt-network/21.0.1 Python/3.8.10
        (Windows-10-10.0.19044-SP0)
    method: PUT
    uri: https://management.azure.com/subscriptions/00000000-0000-0000-0000-000000000000/resourceGroups/cli_test_app_gateway_waf_custom_rule_000001/providers/Microsoft.Network/ApplicationGatewayWebApplicationFirewallPolicies/agp1?api-version=2022-01-01
  response:
    body:
      string: "{\r\n  \"name\": \"agp1\",\r\n  \"id\": \"/subscriptions/00000000-0000-0000-0000-000000000000/resourceGroups/cli_test_app_gateway_waf_custom_rule_000001/providers/Microsoft.Network/ApplicationGatewayWebApplicationFirewallPolicies/agp1\",\r\n
        \ \"etag\": \"W/\\\"24cf4836-59be-4055-be3d-ed1071773d9e\\\"\",\r\n  \"type\":
        \"Microsoft.Network/ApplicationGatewayWebApplicationFirewallPolicies\",\r\n
        \ \"location\": \"westus\",\r\n  \"properties\": {\r\n    \"provisioningState\":
        \"Updating\",\r\n    \"customRules\": [\r\n      {\r\n        \"name\": \"rule1\",\r\n
        \       \"priority\": 75,\r\n        \"ruleType\": \"MatchRule\",\r\n        \"action\":
        \"Log\",\r\n        \"matchConditions\": [\r\n          {\r\n            \"matchVariables\":
        [\r\n              {\r\n                \"variableName\": \"RequestHeaders\",\r\n
        \               \"selector\": \"value\"\r\n              }\r\n            ],\r\n
        \           \"operator\": \"Contains\",\r\n            \"negationConditon\":
        false,\r\n            \"matchValues\": [\r\n              \"foo\",\r\n              \"boo\"\r\n
        \           ],\r\n            \"transforms\": [\r\n              \"Lowercase\"\r\n
        \           ]\r\n          }\r\n        ],\r\n        \"skippedManagedRuleSets\":
        []\r\n      }\r\n    ],\r\n    \"policySettings\": {\r\n      \"requestBodyCheck\":
        true,\r\n      \"maxRequestBodySizeInKb\": 128,\r\n      \"fileUploadLimitInMb\":
        100,\r\n      \"state\": \"Disabled\",\r\n      \"mode\": \"Detection\"\r\n
        \   },\r\n    \"managedRules\": {\r\n      \"managedRuleSets\": [\r\n        {\r\n
        \         \"ruleSetType\": \"OWASP\",\r\n          \"ruleSetVersion\": \"3.0\",\r\n
        \         \"ruleGroupOverrides\": []\r\n        }\r\n      ],\r\n      \"exclusions\":
        []\r\n    }\r\n  }\r\n}"
    headers:
      azure-asyncnotification:
      - Enabled
      azure-asyncoperation:
      - https://management.azure.com/subscriptions/00000000-0000-0000-0000-000000000000/providers/Microsoft.Network/locations/westus/operations/83e6ced3-cfec-4096-85b9-18c0c14a34dc?api-version=2022-01-01
      cache-control:
      - no-cache
      content-length:
      - '1541'
      content-type:
      - application/json; charset=utf-8
      date:
      - Sun, 28 Aug 2022 13:49:34 GMT
      expires:
      - '-1'
      pragma:
      - no-cache
      server:
      - Microsoft-HTTPAPI/2.0
      - Microsoft-HTTPAPI/2.0
      strict-transport-security:
      - max-age=31536000; includeSubDomains
      transfer-encoding:
      - chunked
      vary:
      - Accept-Encoding
      x-content-type-options:
      - nosniff
      x-ms-arm-service-request-id:
      - 11b666f2-d7d2-4567-8f46-ca946861d240
      x-ms-ratelimit-remaining-subscription-writes:
      - '1190'
    status:
      code: 200
      message: OK
- request:
    body: null
    headers:
      Accept:
      - application/json
      Accept-Encoding:
      - gzip, deflate
      CommandName:
      - network application-gateway waf-policy custom-rule match-condition add
      Connection:
      - keep-alive
      ParameterSetName:
      - -g --policy-name -n --match-variables --operator --values --transform
      User-Agent:
      - AZURECLI/2.39.0 (PIP) azsdk-python-azure-mgmt-network/21.0.1 Python/3.8.10
        (Windows-10-10.0.19044-SP0)
    method: GET
    uri: https://management.azure.com/subscriptions/00000000-0000-0000-0000-000000000000/resourceGroups/cli_test_app_gateway_waf_custom_rule_000001/providers/Microsoft.Network/ApplicationGatewayWebApplicationFirewallPolicies/agp1?api-version=2022-01-01
  response:
    body:
      string: "{\r\n  \"name\": \"agp1\",\r\n  \"id\": \"/subscriptions/00000000-0000-0000-0000-000000000000/resourceGroups/cli_test_app_gateway_waf_custom_rule_000001/providers/Microsoft.Network/ApplicationGatewayWebApplicationFirewallPolicies/agp1\",\r\n
        \ \"etag\": \"W/\\\"839a72fc-92f2-4c51-be1c-f25804976c77\\\"\",\r\n  \"type\":
        \"Microsoft.Network/ApplicationGatewayWebApplicationFirewallPolicies\",\r\n
        \ \"location\": \"westus\",\r\n  \"properties\": {\r\n    \"provisioningState\":
        \"Succeeded\",\r\n    \"customRules\": [\r\n      {\r\n        \"name\": \"rule1\",\r\n
        \       \"priority\": 75,\r\n        \"ruleType\": \"MatchRule\",\r\n        \"action\":
        \"Log\",\r\n        \"matchConditions\": [\r\n          {\r\n            \"matchVariables\":
        [\r\n              {\r\n                \"variableName\": \"RequestHeaders\",\r\n
        \               \"selector\": \"value\"\r\n              }\r\n            ],\r\n
        \           \"operator\": \"Contains\",\r\n            \"negationConditon\":
        false,\r\n            \"matchValues\": [\r\n              \"foo\",\r\n              \"boo\"\r\n
        \           ],\r\n            \"transforms\": [\r\n              \"Lowercase\"\r\n
        \           ]\r\n          }\r\n        ],\r\n        \"skippedManagedRuleSets\":
        []\r\n      }\r\n    ],\r\n    \"policySettings\": {\r\n      \"requestBodyCheck\":
        true,\r\n      \"maxRequestBodySizeInKb\": 128,\r\n      \"fileUploadLimitInMb\":
        100,\r\n      \"state\": \"Disabled\",\r\n      \"mode\": \"Detection\"\r\n
        \   },\r\n    \"managedRules\": {\r\n      \"managedRuleSets\": [\r\n        {\r\n
        \         \"ruleSetType\": \"OWASP\",\r\n          \"ruleSetVersion\": \"3.0\",\r\n
        \         \"ruleGroupOverrides\": []\r\n        }\r\n      ],\r\n      \"exclusions\":
        []\r\n    }\r\n  }\r\n}"
    headers:
      cache-control:
      - no-cache
      content-length:
      - '1542'
      content-type:
      - application/json; charset=utf-8
      date:
      - Sun, 28 Aug 2022 13:49:35 GMT
      etag:
      - W/"839a72fc-92f2-4c51-be1c-f25804976c77"
      expires:
      - '-1'
      pragma:
      - no-cache
      server:
      - Microsoft-HTTPAPI/2.0
      - Microsoft-HTTPAPI/2.0
      strict-transport-security:
      - max-age=31536000; includeSubDomains
      transfer-encoding:
      - chunked
      vary:
      - Accept-Encoding
      x-content-type-options:
      - nosniff
      x-ms-arm-service-request-id:
      - 5948f130-72bf-4507-b27e-f23b3d8c6de4
    status:
      code: 200
      message: OK
- request:
    body: '{"id": "/subscriptions/00000000-0000-0000-0000-000000000000/resourceGroups/cli_test_app_gateway_waf_custom_rule_000001/providers/Microsoft.Network/ApplicationGatewayWebApplicationFirewallPolicies/agp1",
      "location": "westus", "properties": {"policySettings": {"state": "Disabled",
      "mode": "Detection", "requestBodyCheck": true, "maxRequestBodySizeInKb": 128,
      "fileUploadLimitInMb": 100}, "customRules": [{"name": "rule1", "priority": 75,
      "ruleType": "MatchRule", "matchConditions": [{"matchVariables": [{"variableName":
      "RequestHeaders", "selector": "value"}], "operator": "Contains", "negationConditon":
      false, "matchValues": ["foo", "boo"], "transforms": ["Lowercase"]}, {"matchVariables":
      [{"variableName": "RequestHeaders", "selector": "value"}], "operator": "Contains",
      "matchValues": ["remove", "this"], "transforms": ["Lowercase"]}], "action":
      "Log"}], "managedRules": {"exclusions": [], "managedRuleSets": [{"ruleSetType":
      "OWASP", "ruleSetVersion": "3.0", "ruleGroupOverrides": []}]}}}'
    headers:
      Accept:
      - application/json
      Accept-Encoding:
      - gzip, deflate
      CommandName:
      - network application-gateway waf-policy custom-rule match-condition add
      Connection:
      - keep-alive
      Content-Length:
      - '993'
      Content-Type:
      - application/json
      ParameterSetName:
      - -g --policy-name -n --match-variables --operator --values --transform
      User-Agent:
      - AZURECLI/2.39.0 (PIP) azsdk-python-azure-mgmt-network/21.0.1 Python/3.8.10
        (Windows-10-10.0.19044-SP0)
    method: PUT
    uri: https://management.azure.com/subscriptions/00000000-0000-0000-0000-000000000000/resourceGroups/cli_test_app_gateway_waf_custom_rule_000001/providers/Microsoft.Network/ApplicationGatewayWebApplicationFirewallPolicies/agp1?api-version=2022-01-01
  response:
    body:
      string: "{\r\n  \"name\": \"agp1\",\r\n  \"id\": \"/subscriptions/00000000-0000-0000-0000-000000000000/resourceGroups/cli_test_app_gateway_waf_custom_rule_000001/providers/Microsoft.Network/ApplicationGatewayWebApplicationFirewallPolicies/agp1\",\r\n
        \ \"etag\": \"W/\\\"240484c7-12fc-47bf-a668-2a4f537e3cef\\\"\",\r\n  \"type\":
        \"Microsoft.Network/ApplicationGatewayWebApplicationFirewallPolicies\",\r\n
        \ \"location\": \"westus\",\r\n  \"properties\": {\r\n    \"provisioningState\":
        \"Updating\",\r\n    \"customRules\": [\r\n      {\r\n        \"name\": \"rule1\",\r\n
        \       \"priority\": 75,\r\n        \"ruleType\": \"MatchRule\",\r\n        \"action\":
        \"Log\",\r\n        \"matchConditions\": [\r\n          {\r\n            \"matchVariables\":
        [\r\n              {\r\n                \"variableName\": \"RequestHeaders\",\r\n
        \               \"selector\": \"value\"\r\n              }\r\n            ],\r\n
        \           \"operator\": \"Contains\",\r\n            \"negationConditon\":
        false,\r\n            \"matchValues\": [\r\n              \"foo\",\r\n              \"boo\"\r\n
        \           ],\r\n            \"transforms\": [\r\n              \"Lowercase\"\r\n
        \           ]\r\n          },\r\n          {\r\n            \"matchVariables\":
        [\r\n              {\r\n                \"variableName\": \"RequestHeaders\",\r\n
        \               \"selector\": \"value\"\r\n              }\r\n            ],\r\n
        \           \"operator\": \"Contains\",\r\n            \"negationConditon\":
        false,\r\n            \"matchValues\": [\r\n              \"remove\",\r\n
        \             \"this\"\r\n            ],\r\n            \"transforms\": [\r\n
        \             \"Lowercase\"\r\n            ]\r\n          }\r\n        ],\r\n
        \       \"skippedManagedRuleSets\": []\r\n      }\r\n    ],\r\n    \"policySettings\":
        {\r\n      \"requestBodyCheck\": true,\r\n      \"maxRequestBodySizeInKb\":
        128,\r\n      \"fileUploadLimitInMb\": 100,\r\n      \"state\": \"Disabled\",\r\n
        \     \"mode\": \"Detection\"\r\n    },\r\n    \"managedRules\": {\r\n      \"managedRuleSets\":
        [\r\n        {\r\n          \"ruleSetType\": \"OWASP\",\r\n          \"ruleSetVersion\":
        \"3.0\",\r\n          \"ruleGroupOverrides\": []\r\n        }\r\n      ],\r\n
        \     \"exclusions\": []\r\n    }\r\n  }\r\n}"
    headers:
      azure-asyncnotification:
      - Enabled
      azure-asyncoperation:
      - https://management.azure.com/subscriptions/00000000-0000-0000-0000-000000000000/providers/Microsoft.Network/locations/westus/operations/7f2bc91b-a477-4bf8-aefc-8910e432ca92?api-version=2022-01-01
      cache-control:
      - no-cache
      content-length:
      - '1980'
      content-type:
      - application/json; charset=utf-8
      date:
      - Sun, 28 Aug 2022 13:49:36 GMT
      expires:
      - '-1'
      pragma:
      - no-cache
      server:
      - Microsoft-HTTPAPI/2.0
      - Microsoft-HTTPAPI/2.0
      strict-transport-security:
      - max-age=31536000; includeSubDomains
      transfer-encoding:
      - chunked
      vary:
      - Accept-Encoding
      x-content-type-options:
      - nosniff
      x-ms-arm-service-request-id:
      - ff3a96ff-5269-48b8-83d0-b4ee73f465f5
      x-ms-ratelimit-remaining-subscription-writes:
      - '1190'
    status:
      code: 200
      message: OK
- request:
    body: null
    headers:
      Accept:
      - application/json
      Accept-Encoding:
      - gzip, deflate
      CommandName:
      - network application-gateway waf-policy custom-rule show
      Connection:
      - keep-alive
      ParameterSetName:
      - -g --policy-name -n
      User-Agent:
      - AZURECLI/2.39.0 (PIP) azsdk-python-azure-mgmt-network/21.0.1 Python/3.8.10
        (Windows-10-10.0.19044-SP0)
    method: GET
    uri: https://management.azure.com/subscriptions/00000000-0000-0000-0000-000000000000/resourceGroups/cli_test_app_gateway_waf_custom_rule_000001/providers/Microsoft.Network/ApplicationGatewayWebApplicationFirewallPolicies/agp1?api-version=2022-01-01
  response:
    body:
      string: "{\r\n  \"name\": \"agp1\",\r\n  \"id\": \"/subscriptions/00000000-0000-0000-0000-000000000000/resourceGroups/cli_test_app_gateway_waf_custom_rule_000001/providers/Microsoft.Network/ApplicationGatewayWebApplicationFirewallPolicies/agp1\",\r\n
        \ \"etag\": \"W/\\\"cce5781e-2eb5-444a-97ac-f13c49d8af22\\\"\",\r\n  \"type\":
        \"Microsoft.Network/ApplicationGatewayWebApplicationFirewallPolicies\",\r\n
        \ \"location\": \"westus\",\r\n  \"properties\": {\r\n    \"provisioningState\":
        \"Succeeded\",\r\n    \"customRules\": [\r\n      {\r\n        \"name\": \"rule1\",\r\n
        \       \"priority\": 75,\r\n        \"ruleType\": \"MatchRule\",\r\n        \"action\":
        \"Log\",\r\n        \"matchConditions\": [\r\n          {\r\n            \"matchVariables\":
        [\r\n              {\r\n                \"variableName\": \"RequestHeaders\",\r\n
        \               \"selector\": \"value\"\r\n              }\r\n            ],\r\n
        \           \"operator\": \"Contains\",\r\n            \"negationConditon\":
        false,\r\n            \"matchValues\": [\r\n              \"foo\",\r\n              \"boo\"\r\n
        \           ],\r\n            \"transforms\": [\r\n              \"Lowercase\"\r\n
        \           ]\r\n          },\r\n          {\r\n            \"matchVariables\":
        [\r\n              {\r\n                \"variableName\": \"RequestHeaders\",\r\n
        \               \"selector\": \"value\"\r\n              }\r\n            ],\r\n
        \           \"operator\": \"Contains\",\r\n            \"negationConditon\":
        false,\r\n            \"matchValues\": [\r\n              \"remove\",\r\n
        \             \"this\"\r\n            ],\r\n            \"transforms\": [\r\n
        \             \"Lowercase\"\r\n            ]\r\n          }\r\n        ],\r\n
        \       \"skippedManagedRuleSets\": []\r\n      }\r\n    ],\r\n    \"policySettings\":
        {\r\n      \"requestBodyCheck\": true,\r\n      \"maxRequestBodySizeInKb\":
        128,\r\n      \"fileUploadLimitInMb\": 100,\r\n      \"state\": \"Disabled\",\r\n
        \     \"mode\": \"Detection\"\r\n    },\r\n    \"managedRules\": {\r\n      \"managedRuleSets\":
        [\r\n        {\r\n          \"ruleSetType\": \"OWASP\",\r\n          \"ruleSetVersion\":
        \"3.0\",\r\n          \"ruleGroupOverrides\": []\r\n        }\r\n      ],\r\n
        \     \"exclusions\": []\r\n    }\r\n  }\r\n}"
    headers:
      cache-control:
      - no-cache
      content-length:
      - '1981'
      content-type:
      - application/json; charset=utf-8
      date:
      - Sun, 28 Aug 2022 13:49:36 GMT
      etag:
      - W/"cce5781e-2eb5-444a-97ac-f13c49d8af22"
      expires:
      - '-1'
      pragma:
      - no-cache
      server:
      - Microsoft-HTTPAPI/2.0
      - Microsoft-HTTPAPI/2.0
      strict-transport-security:
      - max-age=31536000; includeSubDomains
      transfer-encoding:
      - chunked
      vary:
      - Accept-Encoding
      x-content-type-options:
      - nosniff
      x-ms-arm-service-request-id:
      - 1071674e-5a10-43d4-8cbe-3d944dd1dd98
    status:
      code: 200
      message: OK
- request:
    body: null
    headers:
      Accept:
      - application/json
      Accept-Encoding:
      - gzip, deflate
      CommandName:
      - network application-gateway waf-policy custom-rule match-condition remove
      Connection:
      - keep-alive
      ParameterSetName:
      - -g --policy-name -n --index
      User-Agent:
      - AZURECLI/2.39.0 (PIP) azsdk-python-azure-mgmt-network/21.0.1 Python/3.8.10
        (Windows-10-10.0.19044-SP0)
    method: GET
    uri: https://management.azure.com/subscriptions/00000000-0000-0000-0000-000000000000/resourceGroups/cli_test_app_gateway_waf_custom_rule_000001/providers/Microsoft.Network/ApplicationGatewayWebApplicationFirewallPolicies/agp1?api-version=2022-01-01
  response:
    body:
      string: "{\r\n  \"name\": \"agp1\",\r\n  \"id\": \"/subscriptions/00000000-0000-0000-0000-000000000000/resourceGroups/cli_test_app_gateway_waf_custom_rule_000001/providers/Microsoft.Network/ApplicationGatewayWebApplicationFirewallPolicies/agp1\",\r\n
        \ \"etag\": \"W/\\\"cce5781e-2eb5-444a-97ac-f13c49d8af22\\\"\",\r\n  \"type\":
        \"Microsoft.Network/ApplicationGatewayWebApplicationFirewallPolicies\",\r\n
        \ \"location\": \"westus\",\r\n  \"properties\": {\r\n    \"provisioningState\":
        \"Succeeded\",\r\n    \"customRules\": [\r\n      {\r\n        \"name\": \"rule1\",\r\n
        \       \"priority\": 75,\r\n        \"ruleType\": \"MatchRule\",\r\n        \"action\":
        \"Log\",\r\n        \"matchConditions\": [\r\n          {\r\n            \"matchVariables\":
        [\r\n              {\r\n                \"variableName\": \"RequestHeaders\",\r\n
        \               \"selector\": \"value\"\r\n              }\r\n            ],\r\n
        \           \"operator\": \"Contains\",\r\n            \"negationConditon\":
        false,\r\n            \"matchValues\": [\r\n              \"foo\",\r\n              \"boo\"\r\n
        \           ],\r\n            \"transforms\": [\r\n              \"Lowercase\"\r\n
        \           ]\r\n          },\r\n          {\r\n            \"matchVariables\":
        [\r\n              {\r\n                \"variableName\": \"RequestHeaders\",\r\n
        \               \"selector\": \"value\"\r\n              }\r\n            ],\r\n
        \           \"operator\": \"Contains\",\r\n            \"negationConditon\":
        false,\r\n            \"matchValues\": [\r\n              \"remove\",\r\n
        \             \"this\"\r\n            ],\r\n            \"transforms\": [\r\n
        \             \"Lowercase\"\r\n            ]\r\n          }\r\n        ],\r\n
        \       \"skippedManagedRuleSets\": []\r\n      }\r\n    ],\r\n    \"policySettings\":
        {\r\n      \"requestBodyCheck\": true,\r\n      \"maxRequestBodySizeInKb\":
        128,\r\n      \"fileUploadLimitInMb\": 100,\r\n      \"state\": \"Disabled\",\r\n
        \     \"mode\": \"Detection\"\r\n    },\r\n    \"managedRules\": {\r\n      \"managedRuleSets\":
        [\r\n        {\r\n          \"ruleSetType\": \"OWASP\",\r\n          \"ruleSetVersion\":
        \"3.0\",\r\n          \"ruleGroupOverrides\": []\r\n        }\r\n      ],\r\n
        \     \"exclusions\": []\r\n    }\r\n  }\r\n}"
    headers:
      cache-control:
      - no-cache
      content-length:
      - '1981'
      content-type:
      - application/json; charset=utf-8
      date:
      - Sun, 28 Aug 2022 13:49:38 GMT
      etag:
      - W/"cce5781e-2eb5-444a-97ac-f13c49d8af22"
      expires:
      - '-1'
      pragma:
      - no-cache
      server:
      - Microsoft-HTTPAPI/2.0
      - Microsoft-HTTPAPI/2.0
      strict-transport-security:
      - max-age=31536000; includeSubDomains
      transfer-encoding:
      - chunked
      vary:
      - Accept-Encoding
      x-content-type-options:
      - nosniff
      x-ms-arm-service-request-id:
      - ec64f969-72a2-49d7-a232-cfdfa4642e2c
    status:
      code: 200
      message: OK
- request:
    body: '{"id": "/subscriptions/00000000-0000-0000-0000-000000000000/resourceGroups/cli_test_app_gateway_waf_custom_rule_000001/providers/Microsoft.Network/ApplicationGatewayWebApplicationFirewallPolicies/agp1",
      "location": "westus", "properties": {"policySettings": {"state": "Disabled",
      "mode": "Detection", "requestBodyCheck": true, "maxRequestBodySizeInKb": 128,
      "fileUploadLimitInMb": 100}, "customRules": [{"name": "rule1", "priority": 75,
      "ruleType": "MatchRule", "matchConditions": [{"matchVariables": [{"variableName":
      "RequestHeaders", "selector": "value"}], "operator": "Contains", "negationConditon":
      false, "matchValues": ["remove", "this"], "transforms": ["Lowercase"]}], "action":
      "Log"}], "managedRules": {"exclusions": [], "managedRuleSets": [{"ruleSetType":
      "OWASP", "ruleSetVersion": "3.0", "ruleGroupOverrides": []}]}}}'
    headers:
      Accept:
      - application/json
      Accept-Encoding:
      - gzip, deflate
      CommandName:
      - network application-gateway waf-policy custom-rule match-condition remove
      Connection:
      - keep-alive
      Content-Length:
      - '830'
      Content-Type:
      - application/json
      ParameterSetName:
      - -g --policy-name -n --index
      User-Agent:
      - AZURECLI/2.39.0 (PIP) azsdk-python-azure-mgmt-network/21.0.1 Python/3.8.10
        (Windows-10-10.0.19044-SP0)
    method: PUT
    uri: https://management.azure.com/subscriptions/00000000-0000-0000-0000-000000000000/resourceGroups/cli_test_app_gateway_waf_custom_rule_000001/providers/Microsoft.Network/ApplicationGatewayWebApplicationFirewallPolicies/agp1?api-version=2022-01-01
  response:
    body:
      string: "{\r\n  \"name\": \"agp1\",\r\n  \"id\": \"/subscriptions/00000000-0000-0000-0000-000000000000/resourceGroups/cli_test_app_gateway_waf_custom_rule_000001/providers/Microsoft.Network/ApplicationGatewayWebApplicationFirewallPolicies/agp1\",\r\n
        \ \"etag\": \"W/\\\"710c7d84-e944-43b3-b4d5-aef97eb302d4\\\"\",\r\n  \"type\":
        \"Microsoft.Network/ApplicationGatewayWebApplicationFirewallPolicies\",\r\n
        \ \"location\": \"westus\",\r\n  \"properties\": {\r\n    \"provisioningState\":
        \"Updating\",\r\n    \"customRules\": [\r\n      {\r\n        \"name\": \"rule1\",\r\n
        \       \"priority\": 75,\r\n        \"ruleType\": \"MatchRule\",\r\n        \"action\":
        \"Log\",\r\n        \"matchConditions\": [\r\n          {\r\n            \"matchVariables\":
        [\r\n              {\r\n                \"variableName\": \"RequestHeaders\",\r\n
        \               \"selector\": \"value\"\r\n              }\r\n            ],\r\n
        \           \"operator\": \"Contains\",\r\n            \"negationConditon\":
        false,\r\n            \"matchValues\": [\r\n              \"remove\",\r\n
        \             \"this\"\r\n            ],\r\n            \"transforms\": [\r\n
        \             \"Lowercase\"\r\n            ]\r\n          }\r\n        ],\r\n
        \       \"skippedManagedRuleSets\": []\r\n      }\r\n    ],\r\n    \"policySettings\":
        {\r\n      \"requestBodyCheck\": true,\r\n      \"maxRequestBodySizeInKb\":
        128,\r\n      \"fileUploadLimitInMb\": 100,\r\n      \"state\": \"Disabled\",\r\n
        \     \"mode\": \"Detection\"\r\n    },\r\n    \"managedRules\": {\r\n      \"managedRuleSets\":
        [\r\n        {\r\n          \"ruleSetType\": \"OWASP\",\r\n          \"ruleSetVersion\":
        \"3.0\",\r\n          \"ruleGroupOverrides\": []\r\n        }\r\n      ],\r\n
        \     \"exclusions\": []\r\n    }\r\n  }\r\n}"
    headers:
      azure-asyncnotification:
      - Enabled
      azure-asyncoperation:
      - https://management.azure.com/subscriptions/00000000-0000-0000-0000-000000000000/providers/Microsoft.Network/locations/westus/operations/79f9f9b5-d8f5-446a-abf5-e048bcac4928?api-version=2022-01-01
      cache-control:
      - no-cache
      content-length:
      - '1545'
      content-type:
      - application/json; charset=utf-8
      date:
      - Sun, 28 Aug 2022 13:49:38 GMT
      expires:
      - '-1'
      pragma:
      - no-cache
      server:
      - Microsoft-HTTPAPI/2.0
      - Microsoft-HTTPAPI/2.0
      strict-transport-security:
      - max-age=31536000; includeSubDomains
      transfer-encoding:
      - chunked
      vary:
      - Accept-Encoding
      x-content-type-options:
      - nosniff
      x-ms-arm-service-request-id:
      - 4e6ecd78-dd96-4151-abe1-9041f21ef68e
      x-ms-ratelimit-remaining-subscription-writes:
      - '1191'
    status:
      code: 200
      message: OK
- request:
    body: null
    headers:
      Accept:
      - application/json
      Accept-Encoding:
      - gzip, deflate
      CommandName:
      - network application-gateway waf-policy custom-rule show
      Connection:
      - keep-alive
      ParameterSetName:
      - -g --policy-name -n
      User-Agent:
      - AZURECLI/2.39.0 (PIP) azsdk-python-azure-mgmt-network/21.0.1 Python/3.8.10
        (Windows-10-10.0.19044-SP0)
    method: GET
    uri: https://management.azure.com/subscriptions/00000000-0000-0000-0000-000000000000/resourceGroups/cli_test_app_gateway_waf_custom_rule_000001/providers/Microsoft.Network/ApplicationGatewayWebApplicationFirewallPolicies/agp1?api-version=2022-01-01
  response:
    body:
      string: "{\r\n  \"name\": \"agp1\",\r\n  \"id\": \"/subscriptions/00000000-0000-0000-0000-000000000000/resourceGroups/cli_test_app_gateway_waf_custom_rule_000001/providers/Microsoft.Network/ApplicationGatewayWebApplicationFirewallPolicies/agp1\",\r\n
        \ \"etag\": \"W/\\\"3b558a5f-fada-4022-87aa-05a1bdc37416\\\"\",\r\n  \"type\":
        \"Microsoft.Network/ApplicationGatewayWebApplicationFirewallPolicies\",\r\n
        \ \"location\": \"westus\",\r\n  \"properties\": {\r\n    \"provisioningState\":
        \"Succeeded\",\r\n    \"customRules\": [\r\n      {\r\n        \"name\": \"rule1\",\r\n
        \       \"priority\": 75,\r\n        \"ruleType\": \"MatchRule\",\r\n        \"action\":
        \"Log\",\r\n        \"matchConditions\": [\r\n          {\r\n            \"matchVariables\":
        [\r\n              {\r\n                \"variableName\": \"RequestHeaders\",\r\n
        \               \"selector\": \"value\"\r\n              }\r\n            ],\r\n
        \           \"operator\": \"Contains\",\r\n            \"negationConditon\":
        false,\r\n            \"matchValues\": [\r\n              \"remove\",\r\n
        \             \"this\"\r\n            ],\r\n            \"transforms\": [\r\n
        \             \"Lowercase\"\r\n            ]\r\n          }\r\n        ],\r\n
        \       \"skippedManagedRuleSets\": []\r\n      }\r\n    ],\r\n    \"policySettings\":
        {\r\n      \"requestBodyCheck\": true,\r\n      \"maxRequestBodySizeInKb\":
        128,\r\n      \"fileUploadLimitInMb\": 100,\r\n      \"state\": \"Disabled\",\r\n
        \     \"mode\": \"Detection\"\r\n    },\r\n    \"managedRules\": {\r\n      \"managedRuleSets\":
        [\r\n        {\r\n          \"ruleSetType\": \"OWASP\",\r\n          \"ruleSetVersion\":
        \"3.0\",\r\n          \"ruleGroupOverrides\": []\r\n        }\r\n      ],\r\n
        \     \"exclusions\": []\r\n    }\r\n  }\r\n}"
    headers:
      cache-control:
      - no-cache
      content-length:
      - '1546'
      content-type:
      - application/json; charset=utf-8
      date:
      - Sun, 28 Aug 2022 13:49:40 GMT
      etag:
      - W/"3b558a5f-fada-4022-87aa-05a1bdc37416"
      expires:
      - '-1'
      pragma:
      - no-cache
      server:
      - Microsoft-HTTPAPI/2.0
      - Microsoft-HTTPAPI/2.0
      strict-transport-security:
      - max-age=31536000; includeSubDomains
      transfer-encoding:
      - chunked
      vary:
      - Accept-Encoding
      x-content-type-options:
      - nosniff
      x-ms-arm-service-request-id:
      - 81f0308d-b9c4-4666-980e-89f173fdcc5d
    status:
      code: 200
      message: OK
version: 1
