interactions:
- request:
    body: null
    headers:
      Accept:
      - application/json
      Accept-Encoding:
      - gzip, deflate
      CommandName:
      - network lb create
      Connection:
      - keep-alive
      ParameterSetName:
      - -n -g
      User-Agent:
      - python/3.7.8 (Windows-10-10.0.19041-SP0) msrest/0.6.18 msrest_azure/0.6.3
        azure-mgmt-resource/10.2.0 Azure-SDK-For-Python AZURECLI/2.15.1
      accept-language:
      - en-US
    method: GET
    uri: https://management.azure.com/subscriptions/00000000-0000-0000-0000-000000000000/resourcegroups/cli_test_load_balancer000001?api-version=2020-06-01
  response:
    body:
      string: '{"id":"/subscriptions/00000000-0000-0000-0000-000000000000/resourceGroups/cli_test_load_balancer000001","name":"cli_test_load_balancer000001","type":"Microsoft.Resources/resourceGroups","location":"westus","tags":{"product":"azurecli","cause":"automation","date":"2020-11-30T16:27:25Z"},"properties":{"provisioningState":"Succeeded"}}'
    headers:
      cache-control:
      - no-cache
      content-length:
      - '428'
      content-type:
      - application/json; charset=utf-8
      date:
      - Mon, 30 Nov 2020 16:27:30 GMT
      expires:
      - '-1'
      pragma:
      - no-cache
      strict-transport-security:
      - max-age=31536000; includeSubDomains
      vary:
      - Accept-Encoding
      x-content-type-options:
      - nosniff
    status:
      code: 200
      message: OK
- request:
    body: null
    headers:
      Accept:
      - application/json
      Accept-Encoding:
      - gzip, deflate
      CommandName:
      - network lb create
      Connection:
      - keep-alive
      ParameterSetName:
      - -n -g
      User-Agent:
      - python/3.7.8 (Windows-10-10.0.19041-SP0) msrest/0.6.18 msrest_azure/0.6.3
        azure-mgmt-resource/10.2.0 Azure-SDK-For-Python AZURECLI/2.15.1
      accept-language:
      - en-US
    method: GET
    uri: https://management.azure.com/subscriptions/00000000-0000-0000-0000-000000000000/resources?$filter=resourceGroup%20eq%20%27cli_test_load_balancer000001%27%20and%20name%20eq%20%27None%27%20and%20resourceType%20eq%20%27Microsoft.Network%2FpublicIPAddresses%27&api-version=2020-06-01
  response:
    body:
      string: '{"value":[]}'
    headers:
      cache-control:
      - no-cache
      content-length:
      - '12'
      content-type:
      - application/json; charset=utf-8
      date:
      - Mon, 30 Nov 2020 16:27:31 GMT
      expires:
      - '-1'
      pragma:
      - no-cache
      strict-transport-security:
      - max-age=31536000; includeSubDomains
      vary:
      - Accept-Encoding
      x-content-type-options:
      - nosniff
    status:
      code: 200
      message: OK
- request:
    body: '{"properties": {"template": {"$schema": "https://schema.management.azure.com/schemas/2015-01-01/deploymentTemplate.json#",
      "contentVersion": "1.0.0.0", "parameters": {}, "variables": {}, "resources":
      [{"apiVersion": "2020-07-01", "type": "Microsoft.Network/publicIPAddresses",
      "name": "PublicIPlb1", "location": "westus", "tags": {}, "dependsOn": [], "properties":
      {"publicIPAllocationMethod": "Dynamic"}, "sku": {"name": "Basic"}}, {"type":
      "Microsoft.Network/loadBalancers", "name": "lb1", "location": "westus", "tags":
      {}, "apiVersion": "2020-07-01", "dependsOn": ["Microsoft.Network/publicIpAddresses/PublicIPlb1"],
      "properties": {"backendAddressPools": [{"name": "lb1bepool"}], "frontendIPConfigurations":
      [{"name": "LoadBalancerFrontEnd", "properties": {"publicIPAddress": {"id": "/subscriptions/00000000-0000-0000-0000-000000000000/resourceGroups/cli_test_load_balancer000001/providers/Microsoft.Network/publicIPAddresses/PublicIPlb1"},
      "privateIPAddressVersion": "IPv4"}}]}, "sku": {"name": "Basic"}}], "outputs":
      {"loadBalancer": {"type": "object", "value": "[reference(''lb1'')]"}}}, "parameters":
      {}, "mode": "Incremental"}}'
    headers:
      Accept:
      - application/json
      Accept-Encoding:
      - gzip, deflate
      CommandName:
      - network lb create
      Connection:
      - keep-alive
      Content-Length:
      - '1180'
      Content-Type:
      - application/json; charset=utf-8
      ParameterSetName:
      - -n -g
      User-Agent:
      - python/3.7.8 (Windows-10-10.0.19041-SP0) msrest/0.6.18 msrest_azure/0.6.3
        azure-mgmt-resource/10.2.0 Azure-SDK-For-Python AZURECLI/2.15.1
      accept-language:
      - en-US
    method: PUT
    uri: https://management.azure.com/subscriptions/00000000-0000-0000-0000-000000000000/resourcegroups/cli_test_load_balancer000001/providers/Microsoft.Resources/deployments/mock-deployment?api-version=2020-06-01
  response:
    body:
      string: '{"id":"/subscriptions/00000000-0000-0000-0000-000000000000/resourceGroups/cli_test_load_balancer000001/providers/Microsoft.Resources/deployments/lb_deploy_jLGyA200FhzcMkTqyeNxhpjmrE9lAVXV","name":"lb_deploy_jLGyA200FhzcMkTqyeNxhpjmrE9lAVXV","type":"Microsoft.Resources/deployments","properties":{"templateHash":"3345873832589854701","parameters":{},"mode":"Incremental","provisioningState":"Accepted","timestamp":"2020-11-30T16:27:35.6135231Z","duration":"PT2.3122719S","correlationId":"dfa5c3be-4c6e-4d79-82da-3090f74dccea","providers":[{"namespace":"Microsoft.Network","resourceTypes":[{"resourceType":"publicIPAddresses","locations":["westus"]},{"resourceType":"loadBalancers","locations":["westus"]}]}],"dependencies":[{"dependsOn":[{"id":"/subscriptions/00000000-0000-0000-0000-000000000000/resourceGroups/cli_test_load_balancer000001/providers/Microsoft.Network/publicIPAddresses/PublicIPlb1","resourceType":"Microsoft.Network/publicIPAddresses","resourceName":"PublicIPlb1"}],"id":"/subscriptions/00000000-0000-0000-0000-000000000000/resourceGroups/cli_test_load_balancer000001/providers/Microsoft.Network/loadBalancers/lb1","resourceType":"Microsoft.Network/loadBalancers","resourceName":"lb1"}]}}'
    headers:
      azure-asyncoperation:
      - https://management.azure.com/subscriptions/00000000-0000-0000-0000-000000000000/resourcegroups/cli_test_load_balancer000001/providers/Microsoft.Resources/deployments/lb_deploy_jLGyA200FhzcMkTqyeNxhpjmrE9lAVXV/operationStatuses/08585948532321763704?api-version=2020-06-01
      cache-control:
      - no-cache
      content-length:
      - '1346'
      content-type:
      - application/json; charset=utf-8
      date:
      - Mon, 30 Nov 2020 16:27:36 GMT
      expires:
      - '-1'
      pragma:
      - no-cache
      strict-transport-security:
      - max-age=31536000; includeSubDomains
      x-content-type-options:
      - nosniff
      x-ms-ratelimit-remaining-subscription-writes:
      - '1188'
    status:
      code: 201
      message: Created
- request:
    body: null
    headers:
      Accept:
      - application/json
      Accept-Encoding:
      - gzip, deflate
      CommandName:
      - network lb create
      Connection:
      - keep-alive
      ParameterSetName:
      - -n -g
      User-Agent:
      - python/3.7.8 (Windows-10-10.0.19041-SP0) msrest/0.6.18 msrest_azure/0.6.3
        azure-mgmt-resource/10.2.0 Azure-SDK-For-Python AZURECLI/2.15.1
    method: GET
    uri: https://management.azure.com/subscriptions/00000000-0000-0000-0000-000000000000/resourcegroups/cli_test_load_balancer000001/providers/Microsoft.Resources/deployments/mock-deployment/operationStatuses/08585948532321763704?api-version=2020-06-01
  response:
    body:
      string: '{"status":"Succeeded"}'
    headers:
      cache-control:
      - no-cache
      content-length:
      - '22'
      content-type:
      - application/json; charset=utf-8
      date:
      - Mon, 30 Nov 2020 16:28:08 GMT
      expires:
      - '-1'
      pragma:
      - no-cache
      strict-transport-security:
      - max-age=31536000; includeSubDomains
      vary:
      - Accept-Encoding
      x-content-type-options:
      - nosniff
    status:
      code: 200
      message: OK
- request:
    body: null
    headers:
      Accept:
      - application/json
      Accept-Encoding:
      - gzip, deflate
      CommandName:
      - network lb create
      Connection:
      - keep-alive
      ParameterSetName:
      - -n -g
      User-Agent:
      - python/3.7.8 (Windows-10-10.0.19041-SP0) msrest/0.6.18 msrest_azure/0.6.3
        azure-mgmt-resource/10.2.0 Azure-SDK-For-Python AZURECLI/2.15.1
    method: GET
    uri: https://management.azure.com/subscriptions/00000000-0000-0000-0000-000000000000/resourcegroups/cli_test_load_balancer000001/providers/Microsoft.Resources/deployments/mock-deployment?api-version=2020-06-01
  response:
    body:
      string: '{"id":"/subscriptions/00000000-0000-0000-0000-000000000000/resourceGroups/cli_test_load_balancer000001/providers/Microsoft.Resources/deployments/lb_deploy_jLGyA200FhzcMkTqyeNxhpjmrE9lAVXV","name":"lb_deploy_jLGyA200FhzcMkTqyeNxhpjmrE9lAVXV","type":"Microsoft.Resources/deployments","properties":{"templateHash":"3345873832589854701","parameters":{},"mode":"Incremental","provisioningState":"Succeeded","timestamp":"2020-11-30T16:28:03.3432601Z","duration":"PT30.0420089S","correlationId":"dfa5c3be-4c6e-4d79-82da-3090f74dccea","providers":[{"namespace":"Microsoft.Network","resourceTypes":[{"resourceType":"publicIPAddresses","locations":["westus"]},{"resourceType":"loadBalancers","locations":["westus"]}]}],"dependencies":[{"dependsOn":[{"id":"/subscriptions/00000000-0000-0000-0000-000000000000/resourceGroups/cli_test_load_balancer000001/providers/Microsoft.Network/publicIPAddresses/PublicIPlb1","resourceType":"Microsoft.Network/publicIPAddresses","resourceName":"PublicIPlb1"}],"id":"/subscriptions/00000000-0000-0000-0000-000000000000/resourceGroups/cli_test_load_balancer000001/providers/Microsoft.Network/loadBalancers/lb1","resourceType":"Microsoft.Network/loadBalancers","resourceName":"lb1"}],"outputs":{"loadBalancer":{"type":"Object","value":{"provisioningState":"Succeeded","resourceGuid":"89d7d0d4-8c0d-4740-a80b-3dbfbe2a1ea8","frontendIPConfigurations":[{"name":"LoadBalancerFrontEnd","id":"/subscriptions/00000000-0000-0000-0000-000000000000/resourceGroups/cli_test_load_balancer000001/providers/Microsoft.Network/loadBalancers/lb1/frontendIPConfigurations/LoadBalancerFrontEnd","etag":"W/\"e527cbd8-9add-48e5-b1d3-0f53fdf37979\"","type":"Microsoft.Network/loadBalancers/frontendIPConfigurations","properties":{"provisioningState":"Succeeded","privateIPAllocationMethod":"Dynamic","publicIPAddress":{"id":"/subscriptions/00000000-0000-0000-0000-000000000000/resourceGroups/cli_test_load_balancer000001/providers/Microsoft.Network/publicIPAddresses/PublicIPlb1"},"privateIPAddressVersion":"IPv4"}}],"backendAddressPools":[{"name":"lb1bepool","id":"/subscriptions/00000000-0000-0000-0000-000000000000/resourceGroups/cli_test_load_balancer000001/providers/Microsoft.Network/loadBalancers/lb1/backendAddressPools/lb1bepool","etag":"W/\"e527cbd8-9add-48e5-b1d3-0f53fdf37979\"","properties":{"provisioningState":"Succeeded"},"type":"Microsoft.Network/loadBalancers/backendAddressPools"}],"loadBalancingRules":[],"probes":[],"inboundNatRules":[],"inboundNatPools":[]}}},"outputResources":[{"id":"/subscriptions/00000000-0000-0000-0000-000000000000/resourceGroups/cli_test_load_balancer000001/providers/Microsoft.Network/loadBalancers/lb1"},{"id":"/subscriptions/00000000-0000-0000-0000-000000000000/resourceGroups/cli_test_load_balancer000001/providers/Microsoft.Network/publicIPAddresses/PublicIPlb1"}]}}'
    headers:
      cache-control:
      - no-cache
      content-length:
      - '3193'
      content-type:
      - application/json; charset=utf-8
      date:
      - Mon, 30 Nov 2020 16:28:09 GMT
      expires:
      - '-1'
      pragma:
      - no-cache
      strict-transport-security:
      - max-age=31536000; includeSubDomains
      vary:
      - Accept-Encoding
      x-content-type-options:
      - nosniff
    status:
      code: 200
      message: OK
- request:
    body: null
    headers:
      Accept:
      - application/json
      Accept-Encoding:
      - gzip, deflate
      CommandName:
      - network lb create
      Connection:
      - keep-alive
      ParameterSetName:
      - -n -g --public-ip-address-allocation --tags
      User-Agent:
      - python/3.7.8 (Windows-10-10.0.19041-SP0) msrest/0.6.18 msrest_azure/0.6.3
        azure-mgmt-resource/10.2.0 Azure-SDK-For-Python AZURECLI/2.15.1
      accept-language:
      - en-US
    method: GET
    uri: https://management.azure.com/subscriptions/00000000-0000-0000-0000-000000000000/resourcegroups/cli_test_load_balancer000001?api-version=2020-06-01
  response:
    body:
      string: '{"id":"/subscriptions/00000000-0000-0000-0000-000000000000/resourceGroups/cli_test_load_balancer000001","name":"cli_test_load_balancer000001","type":"Microsoft.Resources/resourceGroups","location":"westus","tags":{"product":"azurecli","cause":"automation","date":"2020-11-30T16:27:25Z"},"properties":{"provisioningState":"Succeeded"}}'
    headers:
      cache-control:
      - no-cache
      content-length:
      - '428'
      content-type:
      - application/json; charset=utf-8
      date:
      - Mon, 30 Nov 2020 16:28:11 GMT
      expires:
      - '-1'
      pragma:
      - no-cache
      strict-transport-security:
      - max-age=31536000; includeSubDomains
      vary:
      - Accept-Encoding
      x-content-type-options:
      - nosniff
    status:
      code: 200
      message: OK
- request:
    body: null
    headers:
      Accept:
      - application/json
      Accept-Encoding:
      - gzip, deflate
      CommandName:
      - network lb create
      Connection:
      - keep-alive
      ParameterSetName:
      - -n -g --public-ip-address-allocation --tags
      User-Agent:
      - python/3.7.8 (Windows-10-10.0.19041-SP0) msrest/0.6.18 msrest_azure/0.6.3
        azure-mgmt-resource/10.2.0 Azure-SDK-For-Python AZURECLI/2.15.1
      accept-language:
      - en-US
    method: GET
    uri: https://management.azure.com/subscriptions/00000000-0000-0000-0000-000000000000/resources?$filter=resourceGroup%20eq%20%27cli_test_load_balancer000001%27%20and%20name%20eq%20%27None%27%20and%20resourceType%20eq%20%27Microsoft.Network%2FpublicIPAddresses%27&api-version=2020-06-01
  response:
    body:
      string: '{"value":[]}'
    headers:
      cache-control:
      - no-cache
      content-length:
      - '12'
      content-type:
      - application/json; charset=utf-8
      date:
      - Mon, 30 Nov 2020 16:28:12 GMT
      expires:
      - '-1'
      pragma:
      - no-cache
      strict-transport-security:
      - max-age=31536000; includeSubDomains
      vary:
      - Accept-Encoding
      x-content-type-options:
      - nosniff
    status:
      code: 200
      message: OK
- request:
    body: '{"properties": {"template": {"$schema": "https://schema.management.azure.com/schemas/2015-01-01/deploymentTemplate.json#",
      "contentVersion": "1.0.0.0", "parameters": {}, "variables": {}, "resources":
      [{"apiVersion": "2020-07-01", "type": "Microsoft.Network/publicIPAddresses",
      "name": "PublicIPlb2", "location": "westus", "tags": {"foo": "doo"}, "dependsOn":
      [], "properties": {"publicIPAllocationMethod": "Static"}, "sku": {"name": "Basic"}},
      {"type": "Microsoft.Network/loadBalancers", "name": "lb2", "location": "westus",
      "tags": {"foo": "doo"}, "apiVersion": "2020-07-01", "dependsOn": ["Microsoft.Network/publicIpAddresses/PublicIPlb2"],
      "properties": {"backendAddressPools": [{"name": "lb2bepool"}], "frontendIPConfigurations":
      [{"name": "LoadBalancerFrontEnd", "properties": {"publicIPAddress": {"id": "/subscriptions/00000000-0000-0000-0000-000000000000/resourceGroups/cli_test_load_balancer000001/providers/Microsoft.Network/publicIPAddresses/PublicIPlb2"},
      "privateIPAddressVersion": "IPv4"}}]}, "sku": {"name": "Basic"}}], "outputs":
      {"loadBalancer": {"type": "object", "value": "[reference(''lb2'')]"}}}, "parameters":
      {}, "mode": "Incremental"}}'
    headers:
      Accept:
      - application/json
      Accept-Encoding:
      - gzip, deflate
      CommandName:
      - network lb create
      Connection:
      - keep-alive
      Content-Length:
      - '1203'
      Content-Type:
      - application/json; charset=utf-8
      ParameterSetName:
      - -n -g --public-ip-address-allocation --tags
      User-Agent:
      - python/3.7.8 (Windows-10-10.0.19041-SP0) msrest/0.6.18 msrest_azure/0.6.3
        azure-mgmt-resource/10.2.0 Azure-SDK-For-Python AZURECLI/2.15.1
      accept-language:
      - en-US
    method: PUT
    uri: https://management.azure.com/subscriptions/00000000-0000-0000-0000-000000000000/resourcegroups/cli_test_load_balancer000001/providers/Microsoft.Resources/deployments/mock-deployment?api-version=2020-06-01
  response:
    body:
      string: '{"id":"/subscriptions/00000000-0000-0000-0000-000000000000/resourceGroups/cli_test_load_balancer000001/providers/Microsoft.Resources/deployments/lb_deploy_uPG7UIEBGCuKlRKxi4KpLH5LccQIEd27","name":"lb_deploy_uPG7UIEBGCuKlRKxi4KpLH5LccQIEd27","type":"Microsoft.Resources/deployments","properties":{"templateHash":"7326143675506129457","parameters":{},"mode":"Incremental","provisioningState":"Accepted","timestamp":"2020-11-30T16:28:17.780721Z","duration":"PT2.5369869S","correlationId":"62ea1518-d247-44e5-99bf-40b9650812a1","providers":[{"namespace":"Microsoft.Network","resourceTypes":[{"resourceType":"publicIPAddresses","locations":["westus"]},{"resourceType":"loadBalancers","locations":["westus"]}]}],"dependencies":[{"dependsOn":[{"id":"/subscriptions/00000000-0000-0000-0000-000000000000/resourceGroups/cli_test_load_balancer000001/providers/Microsoft.Network/publicIPAddresses/PublicIPlb2","resourceType":"Microsoft.Network/publicIPAddresses","resourceName":"PublicIPlb2"}],"id":"/subscriptions/00000000-0000-0000-0000-000000000000/resourceGroups/cli_test_load_balancer000001/providers/Microsoft.Network/loadBalancers/lb2","resourceType":"Microsoft.Network/loadBalancers","resourceName":"lb2"}]}}'
    headers:
      azure-asyncoperation:
      - https://management.azure.com/subscriptions/00000000-0000-0000-0000-000000000000/resourcegroups/cli_test_load_balancer000001/providers/Microsoft.Resources/deployments/lb_deploy_uPG7UIEBGCuKlRKxi4KpLH5LccQIEd27/operationStatuses/08585948531902338866?api-version=2020-06-01
      cache-control:
      - no-cache
      content-length:
      - '1345'
      content-type:
      - application/json; charset=utf-8
      date:
      - Mon, 30 Nov 2020 16:28:18 GMT
      expires:
      - '-1'
      pragma:
      - no-cache
      strict-transport-security:
      - max-age=31536000; includeSubDomains
      x-content-type-options:
      - nosniff
      x-ms-ratelimit-remaining-subscription-writes:
      - '1192'
    status:
      code: 201
      message: Created
- request:
    body: null
    headers:
      Accept:
      - application/json
      Accept-Encoding:
      - gzip, deflate
      CommandName:
      - network lb create
      Connection:
      - keep-alive
      ParameterSetName:
      - -n -g --public-ip-address-allocation --tags
      User-Agent:
      - python/3.7.8 (Windows-10-10.0.19041-SP0) msrest/0.6.18 msrest_azure/0.6.3
        azure-mgmt-resource/10.2.0 Azure-SDK-For-Python AZURECLI/2.15.1
    method: GET
    uri: https://management.azure.com/subscriptions/00000000-0000-0000-0000-000000000000/resourcegroups/cli_test_load_balancer000001/providers/Microsoft.Resources/deployments/mock-deployment/operationStatuses/08585948531902338866?api-version=2020-06-01
  response:
    body:
      string: '{"status":"Running"}'
    headers:
      cache-control:
      - no-cache
      content-length:
      - '20'
      content-type:
      - application/json; charset=utf-8
      date:
      - Mon, 30 Nov 2020 16:28:50 GMT
      expires:
      - '-1'
      pragma:
      - no-cache
      strict-transport-security:
      - max-age=31536000; includeSubDomains
      vary:
      - Accept-Encoding
      x-content-type-options:
      - nosniff
    status:
      code: 200
      message: OK
- request:
    body: null
    headers:
      Accept:
      - application/json
      Accept-Encoding:
      - gzip, deflate
      CommandName:
      - network lb create
      Connection:
      - keep-alive
      ParameterSetName:
      - -n -g --public-ip-address-allocation --tags
      User-Agent:
      - python/3.7.8 (Windows-10-10.0.19041-SP0) msrest/0.6.18 msrest_azure/0.6.3
        azure-mgmt-resource/10.2.0 Azure-SDK-For-Python AZURECLI/2.15.1
    method: GET
    uri: https://management.azure.com/subscriptions/00000000-0000-0000-0000-000000000000/resourcegroups/cli_test_load_balancer000001/providers/Microsoft.Resources/deployments/mock-deployment/operationStatuses/08585948531902338866?api-version=2020-06-01
  response:
    body:
      string: '{"status":"Succeeded"}'
    headers:
      cache-control:
      - no-cache
      content-length:
      - '22'
      content-type:
      - application/json; charset=utf-8
      date:
      - Mon, 30 Nov 2020 16:29:20 GMT
      expires:
      - '-1'
      pragma:
      - no-cache
      strict-transport-security:
      - max-age=31536000; includeSubDomains
      vary:
      - Accept-Encoding
      x-content-type-options:
      - nosniff
    status:
      code: 200
      message: OK
- request:
    body: null
    headers:
      Accept:
      - application/json
      Accept-Encoding:
      - gzip, deflate
      CommandName:
      - network lb create
      Connection:
      - keep-alive
      ParameterSetName:
      - -n -g --public-ip-address-allocation --tags
      User-Agent:
      - python/3.7.8 (Windows-10-10.0.19041-SP0) msrest/0.6.18 msrest_azure/0.6.3
        azure-mgmt-resource/10.2.0 Azure-SDK-For-Python AZURECLI/2.15.1
    method: GET
    uri: https://management.azure.com/subscriptions/00000000-0000-0000-0000-000000000000/resourcegroups/cli_test_load_balancer000001/providers/Microsoft.Resources/deployments/mock-deployment?api-version=2020-06-01
  response:
    body:
      string: '{"id":"/subscriptions/00000000-0000-0000-0000-000000000000/resourceGroups/cli_test_load_balancer000001/providers/Microsoft.Resources/deployments/lb_deploy_uPG7UIEBGCuKlRKxi4KpLH5LccQIEd27","name":"lb_deploy_uPG7UIEBGCuKlRKxi4KpLH5LccQIEd27","type":"Microsoft.Resources/deployments","properties":{"templateHash":"7326143675506129457","parameters":{},"mode":"Incremental","provisioningState":"Succeeded","timestamp":"2020-11-30T16:29:16.2295506Z","duration":"PT1M0.9858165S","correlationId":"62ea1518-d247-44e5-99bf-40b9650812a1","providers":[{"namespace":"Microsoft.Network","resourceTypes":[{"resourceType":"publicIPAddresses","locations":["westus"]},{"resourceType":"loadBalancers","locations":["westus"]}]}],"dependencies":[{"dependsOn":[{"id":"/subscriptions/00000000-0000-0000-0000-000000000000/resourceGroups/cli_test_load_balancer000001/providers/Microsoft.Network/publicIPAddresses/PublicIPlb2","resourceType":"Microsoft.Network/publicIPAddresses","resourceName":"PublicIPlb2"}],"id":"/subscriptions/00000000-0000-0000-0000-000000000000/resourceGroups/cli_test_load_balancer000001/providers/Microsoft.Network/loadBalancers/lb2","resourceType":"Microsoft.Network/loadBalancers","resourceName":"lb2"}],"outputs":{"loadBalancer":{"type":"Object","value":{"provisioningState":"Succeeded","resourceGuid":"7966af04-b28c-4ac5-a0c1-a3fed6f6ee56","frontendIPConfigurations":[{"name":"LoadBalancerFrontEnd","id":"/subscriptions/00000000-0000-0000-0000-000000000000/resourceGroups/cli_test_load_balancer000001/providers/Microsoft.Network/loadBalancers/lb2/frontendIPConfigurations/LoadBalancerFrontEnd","etag":"W/\"df498d34-6e8a-4d4f-a91c-f0408786b1ff\"","type":"Microsoft.Network/loadBalancers/frontendIPConfigurations","properties":{"provisioningState":"Succeeded","privateIPAllocationMethod":"Dynamic","publicIPAddress":{"id":"/subscriptions/00000000-0000-0000-0000-000000000000/resourceGroups/cli_test_load_balancer000001/providers/Microsoft.Network/publicIPAddresses/PublicIPlb2"},"privateIPAddressVersion":"IPv4"}}],"backendAddressPools":[{"name":"lb2bepool","id":"/subscriptions/00000000-0000-0000-0000-000000000000/resourceGroups/cli_test_load_balancer000001/providers/Microsoft.Network/loadBalancers/lb2/backendAddressPools/lb2bepool","etag":"W/\"df498d34-6e8a-4d4f-a91c-f0408786b1ff\"","properties":{"provisioningState":"Succeeded"},"type":"Microsoft.Network/loadBalancers/backendAddressPools"}],"loadBalancingRules":[],"probes":[],"inboundNatRules":[],"inboundNatPools":[]}}},"outputResources":[{"id":"/subscriptions/00000000-0000-0000-0000-000000000000/resourceGroups/cli_test_load_balancer000001/providers/Microsoft.Network/loadBalancers/lb2"},{"id":"/subscriptions/00000000-0000-0000-0000-000000000000/resourceGroups/cli_test_load_balancer000001/providers/Microsoft.Network/publicIPAddresses/PublicIPlb2"}]}}'
    headers:
      cache-control:
      - no-cache
      content-length:
      - '3194'
      content-type:
      - application/json; charset=utf-8
      date:
      - Mon, 30 Nov 2020 16:29:21 GMT
      expires:
      - '-1'
      pragma:
      - no-cache
      strict-transport-security:
      - max-age=31536000; includeSubDomains
      vary:
      - Accept-Encoding
      x-content-type-options:
      - nosniff
    status:
      code: 200
      message: OK
- request:
    body: null
    headers:
      Accept:
      - application/json
      Accept-Encoding:
      - gzip, deflate
      CommandName:
      - network public-ip show
      Connection:
      - keep-alive
      ParameterSetName:
      - -g -n
      User-Agent:
      - python/3.7.8 (Windows-10-10.0.19041-SP0) msrest/0.6.18 msrest_azure/0.6.3
        azure-mgmt-network/13.0.0 Azure-SDK-For-Python AZURECLI/2.15.1
      accept-language:
      - en-US
    method: GET
    uri: https://management.azure.com/subscriptions/00000000-0000-0000-0000-000000000000/resourceGroups/cli_test_load_balancer000001/providers/Microsoft.Network/publicIPAddresses/PublicIPlb2?api-version=2020-07-01
  response:
    body:
      string: "{\r\n  \"name\": \"PublicIPlb2\",\r\n  \"id\": \"/subscriptions/00000000-0000-0000-0000-000000000000/resourceGroups/cli_test_load_balancer000001/providers/Microsoft.Network/publicIPAddresses/PublicIPlb2\",\r\n
        \ \"etag\": \"W/\\\"25be546d-6c48-4fbb-8e6f-7f72b9cf88b2\\\"\",\r\n  \"location\":
        \"westus\",\r\n  \"tags\": {\r\n    \"foo\": \"doo\"\r\n  },\r\n  \"properties\":
        {\r\n    \"provisioningState\": \"Succeeded\",\r\n    \"resourceGuid\": \"2b9b78ae-311e-4b0d-9b97-c452963a7289\",\r\n
        \   \"ipAddress\": \"13.64.69.50\",\r\n    \"publicIPAddressVersion\": \"IPv4\",\r\n
        \   \"publicIPAllocationMethod\": \"Static\",\r\n    \"idleTimeoutInMinutes\":
        4,\r\n    \"ipTags\": [],\r\n    \"ipConfiguration\": {\r\n      \"id\": \"/subscriptions/00000000-0000-0000-0000-000000000000/resourceGroups/cli_test_load_balancer000001/providers/Microsoft.Network/loadBalancers/lb2/frontendIPConfigurations/LoadBalancerFrontEnd\"\r\n
        \   }\r\n  },\r\n  \"type\": \"Microsoft.Network/publicIPAddresses\",\r\n
        \ \"sku\": {\r\n    \"name\": \"Basic\",\r\n    \"tier\": \"Regional\"\r\n
        \ }\r\n}"
    headers:
      cache-control:
      - no-cache
      content-length:
      - '1049'
      content-type:
      - application/json; charset=utf-8
      date:
      - Mon, 30 Nov 2020 16:29:24 GMT
      etag:
      - W/"25be546d-6c48-4fbb-8e6f-7f72b9cf88b2"
      expires:
      - '-1'
      pragma:
      - no-cache
      server:
      - Microsoft-HTTPAPI/2.0
      - Microsoft-HTTPAPI/2.0
      strict-transport-security:
      - max-age=31536000; includeSubDomains
      transfer-encoding:
      - chunked
      vary:
      - Accept-Encoding
      x-content-type-options:
      - nosniff
      x-ms-arm-service-request-id:
      - 01342ab9-d4de-42e3-9620-c8801ebbe57f
    status:
      code: 200
      message: OK
- request:
    body: null
    headers:
      Accept:
      - application/json
      Accept-Encoding:
      - gzip, deflate
      CommandName:
      - network vnet create
      Connection:
      - keep-alive
      ParameterSetName:
      - -n -g --subnet-name
      User-Agent:
      - python/3.7.8 (Windows-10-10.0.19041-SP0) msrest/0.6.18 msrest_azure/0.6.3
        azure-mgmt-resource/10.2.0 Azure-SDK-For-Python AZURECLI/2.15.1
      accept-language:
      - en-US
    method: GET
    uri: https://management.azure.com/subscriptions/00000000-0000-0000-0000-000000000000/resourcegroups/cli_test_load_balancer000001?api-version=2020-06-01
  response:
    body:
      string: '{"id":"/subscriptions/00000000-0000-0000-0000-000000000000/resourceGroups/cli_test_load_balancer000001","name":"cli_test_load_balancer000001","type":"Microsoft.Resources/resourceGroups","location":"westus","tags":{"product":"azurecli","cause":"automation","date":"2020-11-30T16:27:25Z"},"properties":{"provisioningState":"Succeeded"}}'
    headers:
      cache-control:
      - no-cache
      content-length:
      - '428'
      content-type:
      - application/json; charset=utf-8
      date:
      - Mon, 30 Nov 2020 16:29:24 GMT
      expires:
      - '-1'
      pragma:
      - no-cache
      strict-transport-security:
      - max-age=31536000; includeSubDomains
      vary:
      - Accept-Encoding
      x-content-type-options:
      - nosniff
    status:
      code: 200
      message: OK
- request:
    body: '{"location": "westus", "tags": {}, "properties": {"addressSpace": {"addressPrefixes":
      ["10.0.0.0/16"]}, "dhcpOptions": {}, "subnets": [{"properties": {"addressPrefix":
      "10.0.0.0/24"}, "name": "default"}]}}'
    headers:
      Accept:
      - application/json
      Accept-Encoding:
      - gzip, deflate
      CommandName:
      - network vnet create
      Connection:
      - keep-alive
      Content-Length:
      - '205'
      Content-Type:
      - application/json; charset=utf-8
      ParameterSetName:
      - -n -g --subnet-name
      User-Agent:
      - python/3.7.8 (Windows-10-10.0.19041-SP0) msrest/0.6.18 msrest_azure/0.6.3
        azure-mgmt-network/13.0.0 Azure-SDK-For-Python AZURECLI/2.15.1
      accept-language:
      - en-US
    method: PUT
    uri: https://management.azure.com/subscriptions/00000000-0000-0000-0000-000000000000/resourceGroups/cli_test_load_balancer000001/providers/Microsoft.Network/virtualNetworks/mytestvnet?api-version=2020-07-01
  response:
    body:
      string: "{\r\n  \"name\": \"mytestvnet\",\r\n  \"id\": \"/subscriptions/00000000-0000-0000-0000-000000000000/resourceGroups/cli_test_load_balancer000001/providers/Microsoft.Network/virtualNetworks/mytestvnet\",\r\n
        \ \"etag\": \"W/\\\"d402560e-b80d-4a28-a048-556b877aee60\\\"\",\r\n  \"type\":
        \"Microsoft.Network/virtualNetworks\",\r\n  \"location\": \"westus\",\r\n
        \ \"tags\": {},\r\n  \"properties\": {\r\n    \"provisioningState\": \"Updating\",\r\n
        \   \"resourceGuid\": \"3f17418b-91f7-4172-9f66-92f27d63aa6b\",\r\n    \"addressSpace\":
        {\r\n      \"addressPrefixes\": [\r\n        \"10.0.0.0/16\"\r\n      ]\r\n
        \   },\r\n    \"dhcpOptions\": {\r\n      \"dnsServers\": []\r\n    },\r\n
        \   \"subnets\": [\r\n      {\r\n        \"name\": \"default\",\r\n        \"id\":
        \"/subscriptions/00000000-0000-0000-0000-000000000000/resourceGroups/cli_test_load_balancer000001/providers/Microsoft.Network/virtualNetworks/mytestvnet/subnets/default\",\r\n
        \       \"etag\": \"W/\\\"d402560e-b80d-4a28-a048-556b877aee60\\\"\",\r\n
        \       \"properties\": {\r\n          \"provisioningState\": \"Updating\",\r\n
        \         \"addressPrefix\": \"10.0.0.0/24\",\r\n          \"delegations\":
        [],\r\n          \"privateEndpointNetworkPolicies\": \"Enabled\",\r\n          \"privateLinkServiceNetworkPolicies\":
        \"Enabled\"\r\n        },\r\n        \"type\": \"Microsoft.Network/virtualNetworks/subnets\"\r\n
        \     }\r\n    ],\r\n    \"virtualNetworkPeerings\": [],\r\n    \"enableDdosProtection\":
        false,\r\n    \"enableVmProtection\": false\r\n  }\r\n}"
    headers:
      azure-asyncnotification:
      - Enabled
      azure-asyncoperation:
      - https://management.azure.com/subscriptions/00000000-0000-0000-0000-000000000000/providers/Microsoft.Network/locations/westus/operations/1eb429b2-62ff-4231-a5ad-7610a515743c?api-version=2020-07-01
      cache-control:
      - no-cache
      content-length:
      - '1452'
      content-type:
      - application/json; charset=utf-8
      date:
      - Mon, 30 Nov 2020 16:29:30 GMT
      expires:
      - '-1'
      pragma:
      - no-cache
      server:
      - Microsoft-HTTPAPI/2.0
      - Microsoft-HTTPAPI/2.0
      strict-transport-security:
      - max-age=31536000; includeSubDomains
      x-content-type-options:
      - nosniff
      x-ms-arm-service-request-id:
      - 9622fb9a-ab3b-4e1d-b695-6ea905eeb275
      x-ms-ratelimit-remaining-subscription-writes:
      - '1188'
    status:
      code: 201
      message: Created
- request:
    body: null
    headers:
      Accept:
      - application/json
      Accept-Encoding:
      - gzip, deflate
      CommandName:
      - network vnet create
      Connection:
      - keep-alive
      ParameterSetName:
      - -n -g --subnet-name
      User-Agent:
      - python/3.7.8 (Windows-10-10.0.19041-SP0) msrest/0.6.18 msrest_azure/0.6.3
        azure-mgmt-network/13.0.0 Azure-SDK-For-Python AZURECLI/2.15.1
    method: GET
    uri: https://management.azure.com/subscriptions/00000000-0000-0000-0000-000000000000/providers/Microsoft.Network/locations/westus/operations/1eb429b2-62ff-4231-a5ad-7610a515743c?api-version=2020-07-01
  response:
    body:
      string: "{\r\n  \"status\": \"Succeeded\"\r\n}"
    headers:
      cache-control:
      - no-cache
      content-length:
      - '29'
      content-type:
      - application/json; charset=utf-8
      date:
      - Mon, 30 Nov 2020 16:29:35 GMT
      expires:
      - '-1'
      pragma:
      - no-cache
      server:
      - Microsoft-HTTPAPI/2.0
      - Microsoft-HTTPAPI/2.0
      strict-transport-security:
      - max-age=31536000; includeSubDomains
      transfer-encoding:
      - chunked
      vary:
      - Accept-Encoding
      x-content-type-options:
      - nosniff
      x-ms-arm-service-request-id:
      - 7a7bc7ab-c1c1-4e03-be71-d5e5cb71f3c2
    status:
      code: 200
      message: OK
- request:
    body: null
    headers:
      Accept:
      - application/json
      Accept-Encoding:
      - gzip, deflate
      CommandName:
      - network vnet create
      Connection:
      - keep-alive
      ParameterSetName:
      - -n -g --subnet-name
      User-Agent:
      - python/3.7.8 (Windows-10-10.0.19041-SP0) msrest/0.6.18 msrest_azure/0.6.3
        azure-mgmt-network/13.0.0 Azure-SDK-For-Python AZURECLI/2.15.1
    method: GET
    uri: https://management.azure.com/subscriptions/00000000-0000-0000-0000-000000000000/resourceGroups/cli_test_load_balancer000001/providers/Microsoft.Network/virtualNetworks/mytestvnet?api-version=2020-07-01
  response:
    body:
      string: "{\r\n  \"name\": \"mytestvnet\",\r\n  \"id\": \"/subscriptions/00000000-0000-0000-0000-000000000000/resourceGroups/cli_test_load_balancer000001/providers/Microsoft.Network/virtualNetworks/mytestvnet\",\r\n
        \ \"etag\": \"W/\\\"de4ab088-4960-4f7f-8143-70ff1ceee560\\\"\",\r\n  \"type\":
        \"Microsoft.Network/virtualNetworks\",\r\n  \"location\": \"westus\",\r\n
        \ \"tags\": {},\r\n  \"properties\": {\r\n    \"provisioningState\": \"Succeeded\",\r\n
        \   \"resourceGuid\": \"3f17418b-91f7-4172-9f66-92f27d63aa6b\",\r\n    \"addressSpace\":
        {\r\n      \"addressPrefixes\": [\r\n        \"10.0.0.0/16\"\r\n      ]\r\n
        \   },\r\n    \"dhcpOptions\": {\r\n      \"dnsServers\": []\r\n    },\r\n
        \   \"subnets\": [\r\n      {\r\n        \"name\": \"default\",\r\n        \"id\":
        \"/subscriptions/00000000-0000-0000-0000-000000000000/resourceGroups/cli_test_load_balancer000001/providers/Microsoft.Network/virtualNetworks/mytestvnet/subnets/default\",\r\n
        \       \"etag\": \"W/\\\"de4ab088-4960-4f7f-8143-70ff1ceee560\\\"\",\r\n
        \       \"properties\": {\r\n          \"provisioningState\": \"Succeeded\",\r\n
        \         \"addressPrefix\": \"10.0.0.0/24\",\r\n          \"delegations\":
        [],\r\n          \"privateEndpointNetworkPolicies\": \"Enabled\",\r\n          \"privateLinkServiceNetworkPolicies\":
        \"Enabled\"\r\n        },\r\n        \"type\": \"Microsoft.Network/virtualNetworks/subnets\"\r\n
        \     }\r\n    ],\r\n    \"virtualNetworkPeerings\": [],\r\n    \"enableDdosProtection\":
        false,\r\n    \"enableVmProtection\": false\r\n  }\r\n}"
    headers:
      cache-control:
      - no-cache
      content-length:
      - '1454'
      content-type:
      - application/json; charset=utf-8
      date:
      - Mon, 30 Nov 2020 16:29:36 GMT
      etag:
      - W/"de4ab088-4960-4f7f-8143-70ff1ceee560"
      expires:
      - '-1'
      pragma:
      - no-cache
      server:
      - Microsoft-HTTPAPI/2.0
      - Microsoft-HTTPAPI/2.0
      strict-transport-security:
      - max-age=31536000; includeSubDomains
      transfer-encoding:
      - chunked
      vary:
      - Accept-Encoding
      x-content-type-options:
      - nosniff
      x-ms-arm-service-request-id:
      - 00ac6231-3e5e-4e44-97ea-121b58d3c9ac
    status:
      code: 200
      message: OK
- request:
    body: null
    headers:
      Accept:
      - application/json
      Accept-Encoding:
      - gzip, deflate
      CommandName:
      - network lb create
      Connection:
      - keep-alive
      ParameterSetName:
      - -n -g --subnet --private-ip-address
      User-Agent:
      - python/3.7.8 (Windows-10-10.0.19041-SP0) msrest/0.6.18 msrest_azure/0.6.3
        azure-mgmt-resource/10.2.0 Azure-SDK-For-Python AZURECLI/2.15.1
      accept-language:
      - en-US
    method: GET
    uri: https://management.azure.com/subscriptions/00000000-0000-0000-0000-000000000000/resourcegroups/cli_test_load_balancer000001?api-version=2020-06-01
  response:
    body:
      string: '{"id":"/subscriptions/00000000-0000-0000-0000-000000000000/resourceGroups/cli_test_load_balancer000001","name":"cli_test_load_balancer000001","type":"Microsoft.Resources/resourceGroups","location":"westus","tags":{"product":"azurecli","cause":"automation","date":"2020-11-30T16:27:25Z"},"properties":{"provisioningState":"Succeeded"}}'
    headers:
      cache-control:
      - no-cache
      content-length:
      - '428'
      content-type:
      - application/json; charset=utf-8
      date:
      - Mon, 30 Nov 2020 16:29:38 GMT
      expires:
      - '-1'
      pragma:
      - no-cache
      strict-transport-security:
      - max-age=31536000; includeSubDomains
      vary:
      - Accept-Encoding
      x-content-type-options:
      - nosniff
    status:
      code: 200
      message: OK
- request:
    body: null
    headers:
      Accept:
      - application/json
      Accept-Encoding:
      - gzip, deflate
      CommandName:
      - network lb create
      Connection:
      - keep-alive
      ParameterSetName:
      - -n -g --subnet --private-ip-address
      User-Agent:
      - python/3.7.8 (Windows-10-10.0.19041-SP0) msrest/0.6.18 msrest_azure/0.6.3
        azure-mgmt-resource/10.2.0 Azure-SDK-For-Python AZURECLI/2.15.1
      accept-language:
      - en-US
    method: GET
    uri: https://management.azure.com/subscriptions/00000000-0000-0000-0000-000000000000/resources?$filter=resourceGroup%20eq%20%27cli_test_load_balancer000001%27%20and%20name%20eq%20%27mytestvnet%27%20and%20resourceType%20eq%20%27Microsoft.Network%2FvirtualNetworks%27&api-version=2020-06-01
  response:
    body:
      string: '{"value":[{"id":"/subscriptions/00000000-0000-0000-0000-000000000000/resourceGroups/cli_test_load_balancer000001/providers/Microsoft.Network/virtualNetworks/mytestvnet","name":"mytestvnet","type":"Microsoft.Network/virtualNetworks","location":"westus","tags":{}}]}'
    headers:
      cache-control:
      - no-cache
      content-length:
      - '311'
      content-type:
      - application/json; charset=utf-8
      date:
      - Mon, 30 Nov 2020 16:29:40 GMT
      expires:
      - '-1'
      pragma:
      - no-cache
      strict-transport-security:
      - max-age=31536000; includeSubDomains
      vary:
      - Accept-Encoding
      x-content-type-options:
      - nosniff
    status:
      code: 200
      message: OK
- request:
    body: '{"properties": {"template": {"$schema": "https://schema.management.azure.com/schemas/2015-01-01/deploymentTemplate.json#",
      "contentVersion": "1.0.0.0", "parameters": {}, "variables": {}, "resources":
      [{"type": "Microsoft.Network/loadBalancers", "name": "lb3", "location": "westus",
      "tags": {}, "apiVersion": "2020-07-01", "dependsOn": [], "properties": {"backendAddressPools":
      [{"name": "lb3bepool"}], "frontendIPConfigurations": [{"name": "LoadBalancerFrontEnd",
      "properties": {"privateIPAllocationMethod": "Static", "privateIPAddress": "10.0.0.15",
      "subnet": {"id": "/subscriptions/00000000-0000-0000-0000-000000000000/resourceGroups/cli_test_load_balancer000001/providers/Microsoft.Network/virtualNetworks/mytestvnet/subnets/default"},
      "privateIPAddressVersion": "IPv4"}}]}, "sku": {"name": "Basic"}}], "outputs":
      {"loadBalancer": {"type": "object", "value": "[reference(''lb3'')]"}}}, "parameters":
      {}, "mode": "Incremental"}}'
    headers:
      Accept:
      - application/json
      Accept-Encoding:
      - gzip, deflate
      CommandName:
      - network lb create
      Connection:
      - keep-alive
      Content-Length:
      - '975'
      Content-Type:
      - application/json; charset=utf-8
      ParameterSetName:
      - -n -g --subnet --private-ip-address
      User-Agent:
      - python/3.7.8 (Windows-10-10.0.19041-SP0) msrest/0.6.18 msrest_azure/0.6.3
        azure-mgmt-resource/10.2.0 Azure-SDK-For-Python AZURECLI/2.15.1
      accept-language:
      - en-US
    method: PUT
    uri: https://management.azure.com/subscriptions/00000000-0000-0000-0000-000000000000/resourcegroups/cli_test_load_balancer000001/providers/Microsoft.Resources/deployments/mock-deployment?api-version=2020-06-01
  response:
    body:
      string: '{"id":"/subscriptions/00000000-0000-0000-0000-000000000000/resourceGroups/cli_test_load_balancer000001/providers/Microsoft.Resources/deployments/lb_deploy_TRxE9wnMopXKFKKWAMuTgqb3J1qQ1mgr","name":"lb_deploy_TRxE9wnMopXKFKKWAMuTgqb3J1qQ1mgr","type":"Microsoft.Resources/deployments","properties":{"templateHash":"15830580883227378472","parameters":{},"mode":"Incremental","provisioningState":"Accepted","timestamp":"2020-11-30T16:29:45.267976Z","duration":"PT2.4942382S","correlationId":"1007d14f-5cfc-4c63-95e2-64d2e22e3a45","providers":[{"namespace":"Microsoft.Network","resourceTypes":[{"resourceType":"loadBalancers","locations":["westus"]}]}],"dependencies":[]}}'
    headers:
      azure-asyncoperation:
      - https://management.azure.com/subscriptions/00000000-0000-0000-0000-000000000000/resourcegroups/cli_test_load_balancer000001/providers/Microsoft.Resources/deployments/lb_deploy_TRxE9wnMopXKFKKWAMuTgqb3J1qQ1mgr/operationStatuses/08585948531027038744?api-version=2020-06-01
      cache-control:
      - no-cache
      content-length:
      - '713'
      content-type:
      - application/json; charset=utf-8
      date:
      - Mon, 30 Nov 2020 16:29:46 GMT
      expires:
      - '-1'
      pragma:
      - no-cache
      strict-transport-security:
      - max-age=31536000; includeSubDomains
      x-content-type-options:
      - nosniff
      x-ms-ratelimit-remaining-subscription-writes:
      - '1191'
    status:
      code: 201
      message: Created
- request:
    body: null
    headers:
      Accept:
      - application/json
      Accept-Encoding:
      - gzip, deflate
      CommandName:
      - network lb create
      Connection:
      - keep-alive
      ParameterSetName:
      - -n -g --subnet --private-ip-address
      User-Agent:
      - python/3.7.8 (Windows-10-10.0.19041-SP0) msrest/0.6.18 msrest_azure/0.6.3
        azure-mgmt-resource/10.2.0 Azure-SDK-For-Python AZURECLI/2.15.1
    method: GET
    uri: https://management.azure.com/subscriptions/00000000-0000-0000-0000-000000000000/resourcegroups/cli_test_load_balancer000001/providers/Microsoft.Resources/deployments/mock-deployment/operationStatuses/08585948531027038744?api-version=2020-06-01
  response:
    body:
      string: '{"status":"Succeeded"}'
    headers:
      cache-control:
      - no-cache
      content-length:
      - '22'
      content-type:
      - application/json; charset=utf-8
      date:
      - Mon, 30 Nov 2020 16:30:18 GMT
      expires:
      - '-1'
      pragma:
      - no-cache
      strict-transport-security:
      - max-age=31536000; includeSubDomains
      vary:
      - Accept-Encoding
      x-content-type-options:
      - nosniff
    status:
      code: 200
      message: OK
- request:
    body: null
    headers:
      Accept:
      - application/json
      Accept-Encoding:
      - gzip, deflate
      CommandName:
      - network lb create
      Connection:
      - keep-alive
      ParameterSetName:
      - -n -g --subnet --private-ip-address
      User-Agent:
      - python/3.7.8 (Windows-10-10.0.19041-SP0) msrest/0.6.18 msrest_azure/0.6.3
        azure-mgmt-resource/10.2.0 Azure-SDK-For-Python AZURECLI/2.15.1
    method: GET
    uri: https://management.azure.com/subscriptions/00000000-0000-0000-0000-000000000000/resourcegroups/cli_test_load_balancer000001/providers/Microsoft.Resources/deployments/mock-deployment?api-version=2020-06-01
  response:
    body:
      string: '{"id":"/subscriptions/00000000-0000-0000-0000-000000000000/resourceGroups/cli_test_load_balancer000001/providers/Microsoft.Resources/deployments/lb_deploy_TRxE9wnMopXKFKKWAMuTgqb3J1qQ1mgr","name":"lb_deploy_TRxE9wnMopXKFKKWAMuTgqb3J1qQ1mgr","type":"Microsoft.Resources/deployments","properties":{"templateHash":"15830580883227378472","parameters":{},"mode":"Incremental","provisioningState":"Succeeded","timestamp":"2020-11-30T16:29:57.9397916Z","duration":"PT15.1660538S","correlationId":"1007d14f-5cfc-4c63-95e2-64d2e22e3a45","providers":[{"namespace":"Microsoft.Network","resourceTypes":[{"resourceType":"loadBalancers","locations":["westus"]}]}],"dependencies":[],"outputs":{"loadBalancer":{"type":"Object","value":{"provisioningState":"Succeeded","resourceGuid":"5c7067ca-0141-489c-b8a6-ccb8b7ceb713","frontendIPConfigurations":[{"name":"LoadBalancerFrontEnd","id":"/subscriptions/00000000-0000-0000-0000-000000000000/resourceGroups/cli_test_load_balancer000001/providers/Microsoft.Network/loadBalancers/lb3/frontendIPConfigurations/LoadBalancerFrontEnd","etag":"W/\"a75211d9-2464-4205-bd85-644b489d0aa0\"","type":"Microsoft.Network/loadBalancers/frontendIPConfigurations","properties":{"provisioningState":"Succeeded","privateIPAddress":"10.0.0.15","privateIPAllocationMethod":"Static","subnet":{"id":"/subscriptions/00000000-0000-0000-0000-000000000000/resourceGroups/cli_test_load_balancer000001/providers/Microsoft.Network/virtualNetworks/mytestvnet/subnets/default"},"privateIPAddressVersion":"IPv4"}}],"backendAddressPools":[{"name":"lb3bepool","id":"/subscriptions/00000000-0000-0000-0000-000000000000/resourceGroups/cli_test_load_balancer000001/providers/Microsoft.Network/loadBalancers/lb3/backendAddressPools/lb3bepool","etag":"W/\"a75211d9-2464-4205-bd85-644b489d0aa0\"","properties":{"provisioningState":"Succeeded"},"type":"Microsoft.Network/loadBalancers/backendAddressPools"}],"loadBalancingRules":[],"probes":[],"inboundNatRules":[],"inboundNatPools":[]}}},"outputResources":[{"id":"/subscriptions/00000000-0000-0000-0000-000000000000/resourceGroups/cli_test_load_balancer000001/providers/Microsoft.Network/loadBalancers/lb3"}]}}'
    headers:
      cache-control:
      - no-cache
      content-length:
      - '2385'
      content-type:
      - application/json; charset=utf-8
      date:
      - Mon, 30 Nov 2020 16:30:18 GMT
      expires:
      - '-1'
      pragma:
      - no-cache
      strict-transport-security:
      - max-age=31536000; includeSubDomains
      vary:
      - Accept-Encoding
      x-content-type-options:
      - nosniff
    status:
      code: 200
      message: OK
- request:
    body: null
    headers:
      Accept:
      - application/json
      Accept-Encoding:
      - gzip, deflate
      CommandName:
      - network public-ip create
      Connection:
      - keep-alive
      ParameterSetName:
      - -n -g
      User-Agent:
      - python/3.7.8 (Windows-10-10.0.19041-SP0) msrest/0.6.18 msrest_azure/0.6.3
        azure-mgmt-resource/10.2.0 Azure-SDK-For-Python AZURECLI/2.15.1
      accept-language:
      - en-US
    method: GET
    uri: https://management.azure.com/subscriptions/00000000-0000-0000-0000-000000000000/resourcegroups/cli_test_load_balancer000001?api-version=2020-06-01
  response:
    body:
      string: '{"id":"/subscriptions/00000000-0000-0000-0000-000000000000/resourceGroups/cli_test_load_balancer000001","name":"cli_test_load_balancer000001","type":"Microsoft.Resources/resourceGroups","location":"westus","tags":{"product":"azurecli","cause":"automation","date":"2020-11-30T16:27:25Z"},"properties":{"provisioningState":"Succeeded"}}'
    headers:
      cache-control:
      - no-cache
      content-length:
      - '428'
      content-type:
      - application/json; charset=utf-8
      date:
      - Mon, 30 Nov 2020 16:30:20 GMT
      expires:
      - '-1'
      pragma:
      - no-cache
      strict-transport-security:
      - max-age=31536000; includeSubDomains
      vary:
      - Accept-Encoding
      x-content-type-options:
      - nosniff
    status:
      code: 200
      message: OK
- request:
    body: '{"location": "westus", "properties": {"publicIPAllocationMethod": "Dynamic",
      "publicIPAddressVersion": "IPv4", "idleTimeoutInMinutes": 4}}'
    headers:
      Accept:
      - application/json
      Accept-Encoding:
      - gzip, deflate
      CommandName:
      - network public-ip create
      Connection:
      - keep-alive
      Content-Length:
      - '138'
      Content-Type:
      - application/json; charset=utf-8
      ParameterSetName:
      - -n -g
      User-Agent:
      - python/3.7.8 (Windows-10-10.0.19041-SP0) msrest/0.6.18 msrest_azure/0.6.3
        azure-mgmt-network/13.0.0 Azure-SDK-For-Python AZURECLI/2.15.1
      accept-language:
      - en-US
    method: PUT
    uri: https://management.azure.com/subscriptions/00000000-0000-0000-0000-000000000000/resourceGroups/cli_test_load_balancer000001/providers/Microsoft.Network/publicIPAddresses/publicip4?api-version=2020-07-01
  response:
    body:
      string: "{\r\n  \"name\": \"publicip4\",\r\n  \"id\": \"/subscriptions/00000000-0000-0000-0000-000000000000/resourceGroups/cli_test_load_balancer000001/providers/Microsoft.Network/publicIPAddresses/publicip4\",\r\n
        \ \"etag\": \"W/\\\"4689e86f-af9a-4368-83f9-e460cb2aaf71\\\"\",\r\n  \"location\":
        \"westus\",\r\n  \"properties\": {\r\n    \"provisioningState\": \"Updating\",\r\n
        \   \"resourceGuid\": \"908c0039-9e37-4a6d-a05c-1810d3774a5b\",\r\n    \"publicIPAddressVersion\":
        \"IPv4\",\r\n    \"publicIPAllocationMethod\": \"Dynamic\",\r\n    \"idleTimeoutInMinutes\":
        4,\r\n    \"ipTags\": []\r\n  },\r\n  \"type\": \"Microsoft.Network/publicIPAddresses\",\r\n
        \ \"sku\": {\r\n    \"name\": \"Basic\",\r\n    \"tier\": \"Regional\"\r\n
        \ }\r\n}"
    headers:
      azure-asyncnotification:
      - Enabled
      azure-asyncoperation:
      - https://management.azure.com/subscriptions/00000000-0000-0000-0000-000000000000/providers/Microsoft.Network/locations/westus/operations/23aca805-5a91-415a-8f7c-d6555bd6d26d?api-version=2020-07-01
      cache-control:
      - no-cache
      content-length:
      - '691'
      content-type:
      - application/json; charset=utf-8
      date:
      - Mon, 30 Nov 2020 16:30:27 GMT
      expires:
      - '-1'
      pragma:
      - no-cache
      server:
      - Microsoft-HTTPAPI/2.0
      - Microsoft-HTTPAPI/2.0
      strict-transport-security:
      - max-age=31536000; includeSubDomains
      x-content-type-options:
      - nosniff
      x-ms-arm-service-request-id:
      - c88ae683-900c-4b56-92bc-8bf97f992ec2
      x-ms-ratelimit-remaining-subscription-writes:
      - '1188'
    status:
      code: 201
      message: Created
- request:
    body: null
    headers:
      Accept:
      - application/json
      Accept-Encoding:
      - gzip, deflate
      CommandName:
      - network public-ip create
      Connection:
      - keep-alive
      ParameterSetName:
      - -n -g
      User-Agent:
      - python/3.7.8 (Windows-10-10.0.19041-SP0) msrest/0.6.18 msrest_azure/0.6.3
        azure-mgmt-network/13.0.0 Azure-SDK-For-Python AZURECLI/2.15.1
    method: GET
    uri: https://management.azure.com/subscriptions/00000000-0000-0000-0000-000000000000/providers/Microsoft.Network/locations/westus/operations/23aca805-5a91-415a-8f7c-d6555bd6d26d?api-version=2020-07-01
  response:
    body:
      string: "{\r\n  \"status\": \"Succeeded\"\r\n}"
    headers:
      cache-control:
      - no-cache
      content-length:
      - '29'
      content-type:
      - application/json; charset=utf-8
      date:
      - Mon, 30 Nov 2020 16:30:30 GMT
      expires:
      - '-1'
      pragma:
      - no-cache
      server:
      - Microsoft-HTTPAPI/2.0
      - Microsoft-HTTPAPI/2.0
      strict-transport-security:
      - max-age=31536000; includeSubDomains
      transfer-encoding:
      - chunked
      vary:
      - Accept-Encoding
      x-content-type-options:
      - nosniff
      x-ms-arm-service-request-id:
      - bbe0712d-54b1-4a41-a87a-e56d62d46583
    status:
      code: 200
      message: OK
- request:
    body: null
    headers:
      Accept:
      - application/json
      Accept-Encoding:
      - gzip, deflate
      CommandName:
      - network public-ip create
      Connection:
      - keep-alive
      ParameterSetName:
      - -n -g
      User-Agent:
      - python/3.7.8 (Windows-10-10.0.19041-SP0) msrest/0.6.18 msrest_azure/0.6.3
        azure-mgmt-network/13.0.0 Azure-SDK-For-Python AZURECLI/2.15.1
    method: GET
    uri: https://management.azure.com/subscriptions/00000000-0000-0000-0000-000000000000/resourceGroups/cli_test_load_balancer000001/providers/Microsoft.Network/publicIPAddresses/publicip4?api-version=2020-07-01
  response:
    body:
      string: "{\r\n  \"name\": \"publicip4\",\r\n  \"id\": \"/subscriptions/00000000-0000-0000-0000-000000000000/resourceGroups/cli_test_load_balancer000001/providers/Microsoft.Network/publicIPAddresses/publicip4\",\r\n
        \ \"etag\": \"W/\\\"e065eb21-5d14-42b5-8fe7-8264144c9cf0\\\"\",\r\n  \"location\":
        \"westus\",\r\n  \"properties\": {\r\n    \"provisioningState\": \"Succeeded\",\r\n
        \   \"resourceGuid\": \"908c0039-9e37-4a6d-a05c-1810d3774a5b\",\r\n    \"publicIPAddressVersion\":
        \"IPv4\",\r\n    \"publicIPAllocationMethod\": \"Dynamic\",\r\n    \"idleTimeoutInMinutes\":
        4,\r\n    \"ipTags\": []\r\n  },\r\n  \"type\": \"Microsoft.Network/publicIPAddresses\",\r\n
        \ \"sku\": {\r\n    \"name\": \"Basic\",\r\n    \"tier\": \"Regional\"\r\n
        \ }\r\n}"
    headers:
      cache-control:
      - no-cache
      content-length:
      - '692'
      content-type:
      - application/json; charset=utf-8
      date:
      - Mon, 30 Nov 2020 16:30:31 GMT
      etag:
      - W/"e065eb21-5d14-42b5-8fe7-8264144c9cf0"
      expires:
      - '-1'
      pragma:
      - no-cache
      server:
      - Microsoft-HTTPAPI/2.0
      - Microsoft-HTTPAPI/2.0
      strict-transport-security:
      - max-age=31536000; includeSubDomains
      transfer-encoding:
      - chunked
      vary:
      - Accept-Encoding
      x-content-type-options:
      - nosniff
      x-ms-arm-service-request-id:
      - 6aeb9a7f-3b6a-4f9f-b1f1-a71784828714
    status:
      code: 200
      message: OK
- request:
    body: null
    headers:
      Accept:
      - application/json
      Accept-Encoding:
      - gzip, deflate
      CommandName:
      - network lb create
      Connection:
      - keep-alive
      ParameterSetName:
      - -n -g --public-ip-address
      User-Agent:
      - python/3.7.8 (Windows-10-10.0.19041-SP0) msrest/0.6.18 msrest_azure/0.6.3
        azure-mgmt-resource/10.2.0 Azure-SDK-For-Python AZURECLI/2.15.1
      accept-language:
      - en-US
    method: GET
    uri: https://management.azure.com/subscriptions/00000000-0000-0000-0000-000000000000/resourcegroups/cli_test_load_balancer000001?api-version=2020-06-01
  response:
    body:
      string: '{"id":"/subscriptions/00000000-0000-0000-0000-000000000000/resourceGroups/cli_test_load_balancer000001","name":"cli_test_load_balancer000001","type":"Microsoft.Resources/resourceGroups","location":"westus","tags":{"product":"azurecli","cause":"automation","date":"2020-11-30T16:27:25Z"},"properties":{"provisioningState":"Succeeded"}}'
    headers:
      cache-control:
      - no-cache
      content-length:
      - '428'
      content-type:
      - application/json; charset=utf-8
      date:
      - Mon, 30 Nov 2020 16:30:32 GMT
      expires:
      - '-1'
      pragma:
      - no-cache
      strict-transport-security:
      - max-age=31536000; includeSubDomains
      vary:
      - Accept-Encoding
      x-content-type-options:
      - nosniff
    status:
      code: 200
      message: OK
- request:
    body: null
    headers:
      Accept:
      - application/json
      Accept-Encoding:
      - gzip, deflate
      CommandName:
      - network lb create
      Connection:
      - keep-alive
      ParameterSetName:
      - -n -g --public-ip-address
      User-Agent:
      - python/3.7.8 (Windows-10-10.0.19041-SP0) msrest/0.6.18 msrest_azure/0.6.3
        azure-mgmt-resource/10.2.0 Azure-SDK-For-Python AZURECLI/2.15.1
      accept-language:
      - en-US
    method: GET
    uri: https://management.azure.com/subscriptions/00000000-0000-0000-0000-000000000000/resources?$filter=resourceGroup%20eq%20%27cli_test_load_balancer000001%27%20and%20name%20eq%20%27publicip4%27%20and%20resourceType%20eq%20%27Microsoft.Network%2FpublicIPAddresses%27&api-version=2020-06-01
  response:
    body:
      string: '{"value":[{"id":"/subscriptions/00000000-0000-0000-0000-000000000000/resourceGroups/cli_test_load_balancer000001/providers/Microsoft.Network/publicIPAddresses/publicip4","name":"publicip4","type":"Microsoft.Network/publicIPAddresses","sku":{"name":"Basic","tier":"Regional"},"location":"westus"}]}'
    headers:
      cache-control:
      - no-cache
      content-length:
      - '344'
      content-type:
      - application/json; charset=utf-8
      date:
      - Mon, 30 Nov 2020 16:30:34 GMT
      expires:
      - '-1'
      pragma:
      - no-cache
      strict-transport-security:
      - max-age=31536000; includeSubDomains
      vary:
      - Accept-Encoding
      x-content-type-options:
      - nosniff
    status:
      code: 200
      message: OK
- request:
    body: '{"properties": {"template": {"$schema": "https://schema.management.azure.com/schemas/2015-01-01/deploymentTemplate.json#",
      "contentVersion": "1.0.0.0", "parameters": {}, "variables": {}, "resources":
      [{"type": "Microsoft.Network/loadBalancers", "name": "lb4", "location": "westus",
      "tags": {}, "apiVersion": "2020-07-01", "dependsOn": [], "properties": {"backendAddressPools":
      [{"name": "lb4bepool"}], "frontendIPConfigurations": [{"name": "LoadBalancerFrontEnd",
      "properties": {"publicIPAddress": {"id": "/subscriptions/00000000-0000-0000-0000-000000000000/resourceGroups/cli_test_load_balancer000001/providers/Microsoft.Network/publicIPAddresses/publicip4"},
      "privateIPAddressVersion": "IPv4"}}]}, "sku": {"name": "Basic"}}], "outputs":
      {"loadBalancer": {"type": "object", "value": "[reference(''lb4'')]"}}}, "parameters":
      {}, "mode": "Incremental"}}'
    headers:
      Accept:
      - application/json
      Accept-Encoding:
      - gzip, deflate
      CommandName:
      - network lb create
      Connection:
      - keep-alive
      Content-Length:
      - '897'
      Content-Type:
      - application/json; charset=utf-8
      ParameterSetName:
      - -n -g --public-ip-address
      User-Agent:
      - python/3.7.8 (Windows-10-10.0.19041-SP0) msrest/0.6.18 msrest_azure/0.6.3
        azure-mgmt-resource/10.2.0 Azure-SDK-For-Python AZURECLI/2.15.1
      accept-language:
      - en-US
    method: PUT
    uri: https://management.azure.com/subscriptions/00000000-0000-0000-0000-000000000000/resourcegroups/cli_test_load_balancer000001/providers/Microsoft.Resources/deployments/mock-deployment?api-version=2020-06-01
  response:
    body:
      string: '{"id":"/subscriptions/00000000-0000-0000-0000-000000000000/resourceGroups/cli_test_load_balancer000001/providers/Microsoft.Resources/deployments/lb_deploy_SJbCjCoyrFQ183aVjHeMs86Rp4pZi8F7","name":"lb_deploy_SJbCjCoyrFQ183aVjHeMs86Rp4pZi8F7","type":"Microsoft.Resources/deployments","properties":{"templateHash":"9849029189420268735","parameters":{},"mode":"Incremental","provisioningState":"Accepted","timestamp":"2020-11-30T16:30:39.9574759Z","duration":"PT2.5483526S","correlationId":"bd79c007-8388-42c5-bf74-f9c3344b69c7","providers":[{"namespace":"Microsoft.Network","resourceTypes":[{"resourceType":"loadBalancers","locations":["westus"]}]}],"dependencies":[]}}'
    headers:
      azure-asyncoperation:
      - https://management.azure.com/subscriptions/00000000-0000-0000-0000-000000000000/resourcegroups/cli_test_load_balancer000001/providers/Microsoft.Resources/deployments/lb_deploy_SJbCjCoyrFQ183aVjHeMs86Rp4pZi8F7/operationStatuses/08585948530480684904?api-version=2020-06-01
      cache-control:
      - no-cache
      content-length:
      - '713'
      content-type:
      - application/json; charset=utf-8
      date:
      - Mon, 30 Nov 2020 16:30:40 GMT
      expires:
      - '-1'
      pragma:
      - no-cache
      strict-transport-security:
      - max-age=31536000; includeSubDomains
      x-content-type-options:
      - nosniff
      x-ms-ratelimit-remaining-subscription-writes:
      - '1190'
    status:
      code: 201
      message: Created
- request:
    body: null
    headers:
      Accept:
      - application/json
      Accept-Encoding:
      - gzip, deflate
      CommandName:
      - network lb create
      Connection:
      - keep-alive
      ParameterSetName:
      - -n -g --public-ip-address
      User-Agent:
      - python/3.7.8 (Windows-10-10.0.19041-SP0) msrest/0.6.18 msrest_azure/0.6.3
        azure-mgmt-resource/10.2.0 Azure-SDK-For-Python AZURECLI/2.15.1
    method: GET
    uri: https://management.azure.com/subscriptions/00000000-0000-0000-0000-000000000000/resourcegroups/cli_test_load_balancer000001/providers/Microsoft.Resources/deployments/mock-deployment/operationStatuses/08585948530480684904?api-version=2020-06-01
  response:
    body:
      string: '{"status":"Succeeded"}'
    headers:
      cache-control:
      - no-cache
      content-length:
      - '22'
      content-type:
      - application/json; charset=utf-8
      date:
      - Mon, 30 Nov 2020 16:31:12 GMT
      expires:
      - '-1'
      pragma:
      - no-cache
      strict-transport-security:
      - max-age=31536000; includeSubDomains
      vary:
      - Accept-Encoding
      x-content-type-options:
      - nosniff
    status:
      code: 200
      message: OK
- request:
    body: null
    headers:
      Accept:
      - application/json
      Accept-Encoding:
      - gzip, deflate
      CommandName:
      - network lb create
      Connection:
      - keep-alive
      ParameterSetName:
      - -n -g --public-ip-address
      User-Agent:
      - python/3.7.8 (Windows-10-10.0.19041-SP0) msrest/0.6.18 msrest_azure/0.6.3
        azure-mgmt-resource/10.2.0 Azure-SDK-For-Python AZURECLI/2.15.1
    method: GET
    uri: https://management.azure.com/subscriptions/00000000-0000-0000-0000-000000000000/resourcegroups/cli_test_load_balancer000001/providers/Microsoft.Resources/deployments/mock-deployment?api-version=2020-06-01
  response:
    body:
      string: '{"id":"/subscriptions/00000000-0000-0000-0000-000000000000/resourceGroups/cli_test_load_balancer000001/providers/Microsoft.Resources/deployments/lb_deploy_SJbCjCoyrFQ183aVjHeMs86Rp4pZi8F7","name":"lb_deploy_SJbCjCoyrFQ183aVjHeMs86Rp4pZi8F7","type":"Microsoft.Resources/deployments","properties":{"templateHash":"9849029189420268735","parameters":{},"mode":"Incremental","provisioningState":"Succeeded","timestamp":"2020-11-30T16:30:47.701698Z","duration":"PT10.2925747S","correlationId":"bd79c007-8388-42c5-bf74-f9c3344b69c7","providers":[{"namespace":"Microsoft.Network","resourceTypes":[{"resourceType":"loadBalancers","locations":["westus"]}]}],"dependencies":[],"outputs":{"loadBalancer":{"type":"Object","value":{"provisioningState":"Succeeded","resourceGuid":"57cc07ed-f539-40d3-8764-0267187943fc","frontendIPConfigurations":[{"name":"LoadBalancerFrontEnd","id":"/subscriptions/00000000-0000-0000-0000-000000000000/resourceGroups/cli_test_load_balancer000001/providers/Microsoft.Network/loadBalancers/lb4/frontendIPConfigurations/LoadBalancerFrontEnd","etag":"W/\"7fc56726-08eb-4c8b-9e54-7a3bedccb87c\"","type":"Microsoft.Network/loadBalancers/frontendIPConfigurations","properties":{"provisioningState":"Succeeded","privateIPAllocationMethod":"Dynamic","publicIPAddress":{"id":"/subscriptions/00000000-0000-0000-0000-000000000000/resourceGroups/cli_test_load_balancer000001/providers/Microsoft.Network/publicIPAddresses/publicip4"},"privateIPAddressVersion":"IPv4"}}],"backendAddressPools":[{"name":"lb4bepool","id":"/subscriptions/00000000-0000-0000-0000-000000000000/resourceGroups/cli_test_load_balancer000001/providers/Microsoft.Network/loadBalancers/lb4/backendAddressPools/lb4bepool","etag":"W/\"7fc56726-08eb-4c8b-9e54-7a3bedccb87c\"","properties":{"provisioningState":"Succeeded"},"type":"Microsoft.Network/loadBalancers/backendAddressPools"}],"loadBalancingRules":[],"probes":[],"inboundNatRules":[],"inboundNatPools":[]}}},"outputResources":[{"id":"/subscriptions/00000000-0000-0000-0000-000000000000/resourceGroups/cli_test_load_balancer000001/providers/Microsoft.Network/loadBalancers/lb4"}]}}'
    headers:
      cache-control:
      - no-cache
      content-length:
      - '2347'
      content-type:
      - application/json; charset=utf-8
      date:
      - Mon, 30 Nov 2020 16:31:13 GMT
      expires:
      - '-1'
      pragma:
      - no-cache
      strict-transport-security:
      - max-age=31536000; includeSubDomains
      vary:
      - Accept-Encoding
      x-content-type-options:
      - nosniff
    status:
      code: 200
      message: OK
- request:
    body: null
    headers:
      Accept:
      - application/json
      Accept-Encoding:
      - gzip, deflate
      CommandName:
      - network lb list
      Connection:
      - keep-alive
      User-Agent:
      - python/3.7.8 (Windows-10-10.0.19041-SP0) msrest/0.6.18 msrest_azure/0.6.3
        azure-mgmt-network/13.0.0 Azure-SDK-For-Python AZURECLI/2.15.1
      accept-language:
      - en-US
    method: GET
    uri: https://management.azure.com/subscriptions/00000000-0000-0000-0000-000000000000/providers/Microsoft.Network/loadBalancers?api-version=2020-07-01
  response:
    body:
      string: '{"value":[{"name":"new-lb-cr","id":"/subscriptions/00000000-0000-0000-0000-000000000000/resourceGroups/azure-cli-test-rg/providers/Microsoft.Network/loadBalancers/new-lb-cr","etag":"W/\"854faeff-4014-43e4-ad3e-cef18722736e\"","type":"Microsoft.Network/loadBalancers","location":"westus","tags":{},"properties":{"provisioningState":"Succeeded","resourceGuid":"c69dc4d3-ee52-4825-94f9-d4a785abe1ac","frontendIPConfigurations":[{"name":"LoadBalancerFrontEnd","id":"/subscriptions/00000000-0000-0000-0000-000000000000/resourceGroups/azure-cli-test-rg/providers/Microsoft.Network/loadBalancers/new-lb-cr/frontendIPConfigurations/LoadBalancerFrontEnd","etag":"W/\"854faeff-4014-43e4-ad3e-cef18722736e\"","type":"Microsoft.Network/loadBalancers/frontendIPConfigurations","properties":{"provisioningState":"Succeeded","privateIPAllocationMethod":"Dynamic","publicIPAddress":{"id":"/subscriptions/00000000-0000-0000-0000-000000000000/resourceGroups/azure-cli-test-rg/providers/Microsoft.Network/publicIPAddresses/PublicIPnew-lb-cr"},"privateIPAddressVersion":"IPv4"}}],"backendAddressPools":[{"name":"new-lb-crbepool","id":"/subscriptions/00000000-0000-0000-0000-000000000000/resourceGroups/azure-cli-test-rg/providers/Microsoft.Network/loadBalancers/new-lb-cr/backendAddressPools/new-lb-crbepool","etag":"W/\"854faeff-4014-43e4-ad3e-cef18722736e\"","properties":{"provisioningState":"Succeeded","loadBalancerBackendAddresses":[]},"type":"Microsoft.Network/loadBalancers/backendAddressPools"}],"loadBalancingRules":[],"probes":[],"inboundNatRules":[],"outboundRules":[],"inboundNatPools":[]},"sku":{"name":"Standard","tier":"Global"}},{"name":"old-lb-r","id":"/subscriptions/00000000-0000-0000-0000-000000000000/resourceGroups/azure-cli-test-rg/providers/Microsoft.Network/loadBalancers/old-lb-r","etag":"W/\"4cc930d0-5c71-498d-ab85-82595dfd6295\"","type":"Microsoft.Network/loadBalancers","location":"westus","tags":{},"properties":{"provisioningState":"Succeeded","resourceGuid":"15e72cef-c6c5-4fb0-bdcc-7297f994c407","frontendIPConfigurations":[{"name":"LoadBalancerFrontEnd","id":"/subscriptions/00000000-0000-0000-0000-000000000000/resourceGroups/azure-cli-test-rg/providers/Microsoft.Network/loadBalancers/old-lb-r/frontendIPConfigurations/LoadBalancerFrontEnd","etag":"W/\"4cc930d0-5c71-498d-ab85-82595dfd6295\"","type":"Microsoft.Network/loadBalancers/frontendIPConfigurations","properties":{"provisioningState":"Succeeded","privateIPAllocationMethod":"Dynamic","publicIPAddress":{"id":"/subscriptions/00000000-0000-0000-0000-000000000000/resourceGroups/azure-cli-test-rg/providers/Microsoft.Network/publicIPAddresses/PublicIPold-lb-r"},"privateIPAddressVersion":"IPv4"}}],"backendAddressPools":[{"name":"old-lb-rbepool","id":"/subscriptions/00000000-0000-0000-0000-000000000000/resourceGroups/azure-cli-test-rg/providers/Microsoft.Network/loadBalancers/old-lb-r/backendAddressPools/old-lb-rbepool","etag":"W/\"4cc930d0-5c71-498d-ab85-82595dfd6295\"","properties":{"provisioningState":"Succeeded"},"type":"Microsoft.Network/loadBalancers/backendAddressPools"}],"loadBalancingRules":[],"probes":[],"inboundNatRules":[],"inboundNatPools":[]},"sku":{"name":"Basic","tier":"Regional"}},{"name":"lb1","id":"/subscriptions/00000000-0000-0000-0000-000000000000/resourceGroups/cli_test_load_balancer000001/providers/Microsoft.Network/loadBalancers/lb1","etag":"W/\"e527cbd8-9add-48e5-b1d3-0f53fdf37979\"","type":"Microsoft.Network/loadBalancers","location":"westus","tags":{},"properties":{"provisioningState":"Succeeded","resourceGuid":"89d7d0d4-8c0d-4740-a80b-3dbfbe2a1ea8","frontendIPConfigurations":[{"name":"LoadBalancerFrontEnd","id":"/subscriptions/00000000-0000-0000-0000-000000000000/resourceGroups/cli_test_load_balancer000001/providers/Microsoft.Network/loadBalancers/lb1/frontendIPConfigurations/LoadBalancerFrontEnd","etag":"W/\"e527cbd8-9add-48e5-b1d3-0f53fdf37979\"","type":"Microsoft.Network/loadBalancers/frontendIPConfigurations","properties":{"provisioningState":"Succeeded","privateIPAllocationMethod":"Dynamic","publicIPAddress":{"id":"/subscriptions/00000000-0000-0000-0000-000000000000/resourceGroups/cli_test_load_balancer000001/providers/Microsoft.Network/publicIPAddresses/PublicIPlb1"},"privateIPAddressVersion":"IPv4"}}],"backendAddressPools":[{"name":"lb1bepool","id":"/subscriptions/00000000-0000-0000-0000-000000000000/resourceGroups/cli_test_load_balancer000001/providers/Microsoft.Network/loadBalancers/lb1/backendAddressPools/lb1bepool","etag":"W/\"e527cbd8-9add-48e5-b1d3-0f53fdf37979\"","properties":{"provisioningState":"Succeeded"},"type":"Microsoft.Network/loadBalancers/backendAddressPools"}],"loadBalancingRules":[],"probes":[],"inboundNatRules":[],"inboundNatPools":[]},"sku":{"name":"Basic","tier":"Regional"}},{"name":"lb2","id":"/subscriptions/00000000-0000-0000-0000-000000000000/resourceGroups/cli_test_load_balancer000001/providers/Microsoft.Network/loadBalancers/lb2","etag":"W/\"df498d34-6e8a-4d4f-a91c-f0408786b1ff\"","type":"Microsoft.Network/loadBalancers","location":"westus","tags":{"foo":"doo"},"properties":{"provisioningState":"Succeeded","resourceGuid":"7966af04-b28c-4ac5-a0c1-a3fed6f6ee56","frontendIPConfigurations":[{"name":"LoadBalancerFrontEnd","id":"/subscriptions/00000000-0000-0000-0000-000000000000/resourceGroups/cli_test_load_balancer000001/providers/Microsoft.Network/loadBalancers/lb2/frontendIPConfigurations/LoadBalancerFrontEnd","etag":"W/\"df498d34-6e8a-4d4f-a91c-f0408786b1ff\"","type":"Microsoft.Network/loadBalancers/frontendIPConfigurations","properties":{"provisioningState":"Succeeded","privateIPAllocationMethod":"Dynamic","publicIPAddress":{"id":"/subscriptions/00000000-0000-0000-0000-000000000000/resourceGroups/cli_test_load_balancer000001/providers/Microsoft.Network/publicIPAddresses/PublicIPlb2"},"privateIPAddressVersion":"IPv4"}}],"backendAddressPools":[{"name":"lb2bepool","id":"/subscriptions/00000000-0000-0000-0000-000000000000/resourceGroups/cli_test_load_balancer000001/providers/Microsoft.Network/loadBalancers/lb2/backendAddressPools/lb2bepool","etag":"W/\"df498d34-6e8a-4d4f-a91c-f0408786b1ff\"","properties":{"provisioningState":"Succeeded"},"type":"Microsoft.Network/loadBalancers/backendAddressPools"}],"loadBalancingRules":[],"probes":[],"inboundNatRules":[],"inboundNatPools":[]},"sku":{"name":"Basic","tier":"Regional"}},{"name":"lb3","id":"/subscriptions/00000000-0000-0000-0000-000000000000/resourceGroups/cli_test_load_balancer000001/providers/Microsoft.Network/loadBalancers/lb3","etag":"W/\"a75211d9-2464-4205-bd85-644b489d0aa0\"","type":"Microsoft.Network/loadBalancers","location":"westus","tags":{},"properties":{"provisioningState":"Succeeded","resourceGuid":"5c7067ca-0141-489c-b8a6-ccb8b7ceb713","frontendIPConfigurations":[{"name":"LoadBalancerFrontEnd","id":"/subscriptions/00000000-0000-0000-0000-000000000000/resourceGroups/cli_test_load_balancer000001/providers/Microsoft.Network/loadBalancers/lb3/frontendIPConfigurations/LoadBalancerFrontEnd","etag":"W/\"a75211d9-2464-4205-bd85-644b489d0aa0\"","type":"Microsoft.Network/loadBalancers/frontendIPConfigurations","properties":{"provisioningState":"Succeeded","privateIPAddress":"10.0.0.15","privateIPAllocationMethod":"Static","subnet":{"id":"/subscriptions/00000000-0000-0000-0000-000000000000/resourceGroups/cli_test_load_balancer000001/providers/Microsoft.Network/virtualNetworks/mytestvnet/subnets/default"},"privateIPAddressVersion":"IPv4"}}],"backendAddressPools":[{"name":"lb3bepool","id":"/subscriptions/00000000-0000-0000-0000-000000000000/resourceGroups/cli_test_load_balancer000001/providers/Microsoft.Network/loadBalancers/lb3/backendAddressPools/lb3bepool","etag":"W/\"a75211d9-2464-4205-bd85-644b489d0aa0\"","properties":{"provisioningState":"Succeeded"},"type":"Microsoft.Network/loadBalancers/backendAddressPools"}],"loadBalancingRules":[],"probes":[],"inboundNatRules":[],"inboundNatPools":[]},"sku":{"name":"Basic","tier":"Regional"}},{"name":"lb4","id":"/subscriptions/00000000-0000-0000-0000-000000000000/resourceGroups/cli_test_load_balancer000001/providers/Microsoft.Network/loadBalancers/lb4","etag":"W/\"7fc56726-08eb-4c8b-9e54-7a3bedccb87c\"","type":"Microsoft.Network/loadBalancers","location":"westus","tags":{},"properties":{"provisioningState":"Succeeded","resourceGuid":"57cc07ed-f539-40d3-8764-0267187943fc","frontendIPConfigurations":[{"name":"LoadBalancerFrontEnd","id":"/subscriptions/00000000-0000-0000-0000-000000000000/resourceGroups/cli_test_load_balancer000001/providers/Microsoft.Network/loadBalancers/lb4/frontendIPConfigurations/LoadBalancerFrontEnd","etag":"W/\"7fc56726-08eb-4c8b-9e54-7a3bedccb87c\"","type":"Microsoft.Network/loadBalancers/frontendIPConfigurations","properties":{"provisioningState":"Succeeded","privateIPAllocationMethod":"Dynamic","publicIPAddress":{"id":"/subscriptions/00000000-0000-0000-0000-000000000000/resourceGroups/cli_test_load_balancer000001/providers/Microsoft.Network/publicIPAddresses/publicip4"},"privateIPAddressVersion":"IPv4"}}],"backendAddressPools":[{"name":"lb4bepool","id":"/subscriptions/00000000-0000-0000-0000-000000000000/resourceGroups/cli_test_load_balancer000001/providers/Microsoft.Network/loadBalancers/lb4/backendAddressPools/lb4bepool","etag":"W/\"7fc56726-08eb-4c8b-9e54-7a3bedccb87c\"","properties":{"provisioningState":"Succeeded"},"type":"Microsoft.Network/loadBalancers/backendAddressPools"}],"loadBalancingRules":[],"probes":[],"inboundNatRules":[],"inboundNatPools":[]},"sku":{"name":"Basic","tier":"Regional"}},{"name":"aadds-867b91367ab84a31a54e536fd2199e49-lb","id":"/subscriptions/00000000-0000-0000-0000-000000000000/resourceGroups/zuh/providers/Microsoft.Network/loadBalancers/aadds-867b91367ab84a31a54e536fd2199e49-lb","etag":"W/\"2e4c5e45-2d41-4179-b5b6-14b1645fd93a\"","type":"Microsoft.Network/loadBalancers","location":"eastus","properties":{"provisioningState":"Succeeded","resourceGuid":"c25e7976-4c15-4120-978f-1d716fc9b68f","frontendIPConfigurations":[{"name":"WPZUAOUAH6T7L50Fe","id":"/subscriptions/00000000-0000-0000-0000-000000000000/resourceGroups/zuh/providers/Microsoft.Network/loadBalancers/aadds-867b91367ab84a31a54e536fd2199e49-lb/frontendIPConfigurations/WPZUAOUAH6T7L50Fe","etag":"W/\"2e4c5e45-2d41-4179-b5b6-14b1645fd93a\"","type":"Microsoft.Network/loadBalancers/frontendIPConfigurations","properties":{"provisioningState":"Succeeded","privateIPAllocationMethod":"Dynamic","publicIPAddress":{"id":"/subscriptions/00000000-0000-0000-0000-000000000000/resourceGroups/zuh/providers/Microsoft.Network/publicIPAddresses/aadds-867b91367ab84a31a54e536fd2199e49-pip"},"inboundNatRules":[{"id":"/subscriptions/00000000-0000-0000-0000-000000000000/resourceGroups/zuh/providers/Microsoft.Network/loadBalancers/aadds-867b91367ab84a31a54e536fd2199e49-lb/inboundNatRules/INHGKMIOFO8VWUEPsh"},{"id":"/subscriptions/00000000-0000-0000-0000-000000000000/resourceGroups/zuh/providers/Microsoft.Network/loadBalancers/aadds-867b91367ab84a31a54e536fd2199e49-lb/inboundNatRules/INHGKMIOFO8VWUEHttps"},{"id":"/subscriptions/00000000-0000-0000-0000-000000000000/resourceGroups/zuh/providers/Microsoft.Network/loadBalancers/aadds-867b91367ab84a31a54e536fd2199e49-lb/inboundNatRules/BRMHKF8D4JAW76WPsh"}],"outboundRules":[{"id":"/subscriptions/00000000-0000-0000-0000-000000000000/resourceGroups/zuh/providers/Microsoft.Network/loadBalancers/aadds-867b91367ab84a31a54e536fd2199e49-lb/outboundRules/WPZUAOUAH6T7L50Ge"}],"privateIPAddressVersion":"IPv4"}}],"backendAddressPools":[{"name":"WPZUAOUAH6T7L50Be","id":"/subscriptions/00000000-0000-0000-0000-000000000000/resourceGroups/zuh/providers/Microsoft.Network/loadBalancers/aadds-867b91367ab84a31a54e536fd2199e49-lb/backendAddressPools/WPZUAOUAH6T7L50Be","etag":"W/\"2e4c5e45-2d41-4179-b5b6-14b1645fd93a\"","properties":{"provisioningState":"Succeeded","loadBalancerBackendAddresses":[{"name":"zuh_aadds-d516bde6efd946f4b0bbec1fdd7259ef-nicINHGKMIOFO8VWUEIpcfg","id":"/subscriptions/00000000-0000-0000-0000-000000000000/resourceGroups/zuh/providers/Microsoft.Network/loadBalancers/aadds-867b91367ab84a31a54e536fd2199e49-lb/backendAddressPools/WPZUAOUAH6T7L50Be/loadBalancerBackendAddresses/zuh_aadds-d516bde6efd946f4b0bbec1fdd7259ef-nicINHGKMIOFO8VWUEIpcfg","etag":"W/\"2e4c5e45-2d41-4179-b5b6-14b1645fd93a\"","properties":{"provisioningState":"Succeeded","networkInterfaceIPConfiguration":{"id":"/subscriptions/00000000-0000-0000-0000-000000000000/resourceGroups/zuh/providers/Microsoft.Network/networkInterfaces/aadds-d516bde6efd946f4b0bbec1fdd7259ef-nic/ipConfigurations/INHGKMIOFO8VWUEIpcfg"}},"type":"Microsoft.Network/loadBalancers/backendAddressPools/loadBalancerBackendAddresses"},{"name":"zuh_aadds-e5d46dabe08f4148acfb02778268b842-nicBRMHKF8D4JAW76WIpcfg","id":"/subscriptions/00000000-0000-0000-0000-000000000000/resourceGroups/zuh/providers/Microsoft.Network/loadBalancers/aadds-867b91367ab84a31a54e536fd2199e49-lb/backendAddressPools/WPZUAOUAH6T7L50Be/loadBalancerBackendAddresses/zuh_aadds-e5d46dabe08f4148acfb02778268b842-nicBRMHKF8D4JAW76WIpcfg","etag":"W/\"2e4c5e45-2d41-4179-b5b6-14b1645fd93a\"","properties":{"provisioningState":"Succeeded","networkInterfaceIPConfiguration":{"id":"/subscriptions/00000000-0000-0000-0000-000000000000/resourceGroups/zuh/providers/Microsoft.Network/networkInterfaces/aadds-e5d46dabe08f4148acfb02778268b842-nic/ipConfigurations/BRMHKF8D4JAW76WIpcfg"}},"type":"Microsoft.Network/loadBalancers/backendAddressPools/loadBalancerBackendAddresses"}],"outboundRules":[{"id":"/subscriptions/00000000-0000-0000-0000-000000000000/resourceGroups/zuh/providers/Microsoft.Network/loadBalancers/aadds-867b91367ab84a31a54e536fd2199e49-lb/outboundRules/WPZUAOUAH6T7L50Ge"}],"backendIPConfigurations":[{"id":"/subscriptions/00000000-0000-0000-0000-000000000000/resourceGroups/zuh/providers/Microsoft.Network/networkInterfaces/aadds-d516bde6efd946f4b0bbec1fdd7259ef-nic/ipConfigurations/INHGKMIOFO8VWUEIpcfg"},{"id":"/subscriptions/00000000-0000-0000-0000-000000000000/resourceGroups/zuh/providers/Microsoft.Network/networkInterfaces/aadds-e5d46dabe08f4148acfb02778268b842-nic/ipConfigurations/BRMHKF8D4JAW76WIpcfg"}]},"type":"Microsoft.Network/loadBalancers/backendAddressPools"}],"loadBalancingRules":[],"probes":[],"inboundNatRules":[{"name":"INHGKMIOFO8VWUEPsh","id":"/subscriptions/00000000-0000-0000-0000-000000000000/resourceGroups/zuh/providers/Microsoft.Network/loadBalancers/aadds-867b91367ab84a31a54e536fd2199e49-lb/inboundNatRules/INHGKMIOFO8VWUEPsh","etag":"W/\"2e4c5e45-2d41-4179-b5b6-14b1645fd93a\"","type":"Microsoft.Network/loadBalancers/inboundNatRules","properties":{"provisioningState":"Succeeded","frontendIPConfiguration":{"id":"/subscriptions/00000000-0000-0000-0000-000000000000/resourceGroups/zuh/providers/Microsoft.Network/loadBalancers/aadds-867b91367ab84a31a54e536fd2199e49-lb/frontendIPConfigurations/WPZUAOUAH6T7L50Fe"},"frontendPort":5986,"backendPort":5986,"enableFloatingIP":false,"idleTimeoutInMinutes":15,"protocol":"Tcp","enableDestinationServiceEndpoint":false,"enableTcpReset":false,"allowBackendPortConflict":false,"backendIPConfiguration":{"id":"/subscriptions/00000000-0000-0000-0000-000000000000/resourceGroups/zuh/providers/Microsoft.Network/networkInterfaces/aadds-d516bde6efd946f4b0bbec1fdd7259ef-nic/ipConfigurations/INHGKMIOFO8VWUEIpcfg"}}},{"name":"INHGKMIOFO8VWUEHttps","id":"/subscriptions/00000000-0000-0000-0000-000000000000/resourceGroups/zuh/providers/Microsoft.Network/loadBalancers/aadds-867b91367ab84a31a54e536fd2199e49-lb/inboundNatRules/INHGKMIOFO8VWUEHttps","etag":"W/\"2e4c5e45-2d41-4179-b5b6-14b1645fd93a\"","type":"Microsoft.Network/loadBalancers/inboundNatRules","properties":{"provisioningState":"Succeeded","frontendIPConfiguration":{"id":"/subscriptions/00000000-0000-0000-0000-000000000000/resourceGroups/zuh/providers/Microsoft.Network/loadBalancers/aadds-867b91367ab84a31a54e536fd2199e49-lb/frontendIPConfigurations/WPZUAOUAH6T7L50Fe"},"frontendPort":443,"backendPort":443,"enableFloatingIP":false,"idleTimeoutInMinutes":15,"protocol":"Tcp","enableDestinationServiceEndpoint":false,"enableTcpReset":false,"allowBackendPortConflict":false,"backendIPConfiguration":{"id":"/subscriptions/00000000-0000-0000-0000-000000000000/resourceGroups/zuh/providers/Microsoft.Network/networkInterfaces/aadds-d516bde6efd946f4b0bbec1fdd7259ef-nic/ipConfigurations/INHGKMIOFO8VWUEIpcfg"}}},{"name":"BRMHKF8D4JAW76WPsh","id":"/subscriptions/00000000-0000-0000-0000-000000000000/resourceGroups/zuh/providers/Microsoft.Network/loadBalancers/aadds-867b91367ab84a31a54e536fd2199e49-lb/inboundNatRules/BRMHKF8D4JAW76WPsh","etag":"W/\"2e4c5e45-2d41-4179-b5b6-14b1645fd93a\"","type":"Microsoft.Network/loadBalancers/inboundNatRules","properties":{"provisioningState":"Succeeded","frontendIPConfiguration":{"id":"/subscriptions/00000000-0000-0000-0000-000000000000/resourceGroups/zuh/providers/Microsoft.Network/loadBalancers/aadds-867b91367ab84a31a54e536fd2199e49-lb/frontendIPConfigurations/WPZUAOUAH6T7L50Fe"},"frontendPort":5987,"backendPort":5986,"enableFloatingIP":false,"idleTimeoutInMinutes":15,"protocol":"Tcp","enableDestinationServiceEndpoint":false,"enableTcpReset":false,"allowBackendPortConflict":false,"backendIPConfiguration":{"id":"/subscriptions/00000000-0000-0000-0000-000000000000/resourceGroups/zuh/providers/Microsoft.Network/networkInterfaces/aadds-e5d46dabe08f4148acfb02778268b842-nic/ipConfigurations/BRMHKF8D4JAW76WIpcfg"}}}],"outboundRules":[{"name":"WPZUAOUAH6T7L50Ge","id":"/subscriptions/00000000-0000-0000-0000-000000000000/resourceGroups/zuh/providers/Microsoft.Network/loadBalancers/aadds-867b91367ab84a31a54e536fd2199e49-lb/outboundRules/WPZUAOUAH6T7L50Ge","etag":"W/\"2e4c5e45-2d41-4179-b5b6-14b1645fd93a\"","type":"Microsoft.Network/loadBalancers/outboundRules","properties":{"provisioningState":"Succeeded","allocatedOutboundPorts":1024,"protocol":"Tcp","enableTcpReset":false,"idleTimeoutInMinutes":4,"backendAddressPool":{"id":"/subscriptions/00000000-0000-0000-0000-000000000000/resourceGroups/zuh/providers/Microsoft.Network/loadBalancers/aadds-867b91367ab84a31a54e536fd2199e49-lb/backendAddressPools/WPZUAOUAH6T7L50Be"},"frontendIPConfigurations":[{"id":"/subscriptions/00000000-0000-0000-0000-000000000000/resourceGroups/zuh/providers/Microsoft.Network/loadBalancers/aadds-867b91367ab84a31a54e536fd2199e49-lb/frontendIPConfigurations/WPZUAOUAH6T7L50Fe"}]}}],"inboundNatPools":[]},"sku":{"name":"Standard","tier":"Regional"}}]}'
    headers:
      cache-control:
      - no-cache
      content-length:
      - '19119'
      content-type:
      - application/json; charset=utf-8
      date:
      - Mon, 30 Nov 2020 16:31:16 GMT
      expires:
      - '-1'
      pragma:
      - no-cache
      strict-transport-security:
      - max-age=31536000; includeSubDomains
      vary:
      - Accept-Encoding
      x-content-type-options:
      - nosniff
      x-ms-original-request-ids:
      - 801e2e1d-138f-4b43-bad0-34979f42ce7e
      - 916d5477-6f1a-4527-b633-5a69350db62c
    status:
      code: 200
      message: OK
- request:
    body: null
    headers:
      Accept:
      - application/json
      Accept-Encoding:
      - gzip, deflate
      CommandName:
      - network lb list
      Connection:
      - keep-alive
      ParameterSetName:
      - --resource-group
      User-Agent:
      - python/3.7.8 (Windows-10-10.0.19041-SP0) msrest/0.6.18 msrest_azure/0.6.3
        azure-mgmt-network/13.0.0 Azure-SDK-For-Python AZURECLI/2.15.1
      accept-language:
      - en-US
    method: GET
    uri: https://management.azure.com/subscriptions/00000000-0000-0000-0000-000000000000/resourceGroups/cli_test_load_balancer000001/providers/Microsoft.Network/loadBalancers?api-version=2020-07-01
  response:
    body:
      string: "{\r\n  \"value\": [\r\n    {\r\n      \"name\": \"lb1\",\r\n      \"id\":
        \"/subscriptions/00000000-0000-0000-0000-000000000000/resourceGroups/cli_test_load_balancer000001/providers/Microsoft.Network/loadBalancers/lb1\",\r\n
        \     \"etag\": \"W/\\\"e527cbd8-9add-48e5-b1d3-0f53fdf37979\\\"\",\r\n      \"type\":
        \"Microsoft.Network/loadBalancers\",\r\n      \"location\": \"westus\",\r\n
        \     \"tags\": {},\r\n      \"properties\": {\r\n        \"provisioningState\":
        \"Succeeded\",\r\n        \"resourceGuid\": \"89d7d0d4-8c0d-4740-a80b-3dbfbe2a1ea8\",\r\n
        \       \"frontendIPConfigurations\": [\r\n          {\r\n            \"name\":
        \"LoadBalancerFrontEnd\",\r\n            \"id\": \"/subscriptions/00000000-0000-0000-0000-000000000000/resourceGroups/cli_test_load_balancer000001/providers/Microsoft.Network/loadBalancers/lb1/frontendIPConfigurations/LoadBalancerFrontEnd\",\r\n
        \           \"etag\": \"W/\\\"e527cbd8-9add-48e5-b1d3-0f53fdf37979\\\"\",\r\n
        \           \"type\": \"Microsoft.Network/loadBalancers/frontendIPConfigurations\",\r\n
        \           \"properties\": {\r\n              \"provisioningState\": \"Succeeded\",\r\n
        \             \"privateIPAllocationMethod\": \"Dynamic\",\r\n              \"publicIPAddress\":
        {\r\n                \"id\": \"/subscriptions/00000000-0000-0000-0000-000000000000/resourceGroups/cli_test_load_balancer000001/providers/Microsoft.Network/publicIPAddresses/PublicIPlb1\"\r\n
        \             },\r\n              \"privateIPAddressVersion\": \"IPv4\"\r\n
        \           }\r\n          }\r\n        ],\r\n        \"backendAddressPools\":
        [\r\n          {\r\n            \"name\": \"lb1bepool\",\r\n            \"id\":
        \"/subscriptions/00000000-0000-0000-0000-000000000000/resourceGroups/cli_test_load_balancer000001/providers/Microsoft.Network/loadBalancers/lb1/backendAddressPools/lb1bepool\",\r\n
        \           \"etag\": \"W/\\\"e527cbd8-9add-48e5-b1d3-0f53fdf37979\\\"\",\r\n
        \           \"properties\": {\r\n              \"provisioningState\": \"Succeeded\"\r\n
        \           },\r\n            \"type\": \"Microsoft.Network/loadBalancers/backendAddressPools\"\r\n
        \         }\r\n        ],\r\n        \"loadBalancingRules\": [],\r\n        \"probes\":
        [],\r\n        \"inboundNatRules\": [],\r\n        \"inboundNatPools\": []\r\n
        \     },\r\n      \"sku\": {\r\n        \"name\": \"Basic\",\r\n        \"tier\":
        \"Regional\"\r\n      }\r\n    },\r\n    {\r\n      \"name\": \"lb2\",\r\n
        \     \"id\": \"/subscriptions/00000000-0000-0000-0000-000000000000/resourceGroups/cli_test_load_balancer000001/providers/Microsoft.Network/loadBalancers/lb2\",\r\n
        \     \"etag\": \"W/\\\"df498d34-6e8a-4d4f-a91c-f0408786b1ff\\\"\",\r\n      \"type\":
        \"Microsoft.Network/loadBalancers\",\r\n      \"location\": \"westus\",\r\n
        \     \"tags\": {\r\n        \"foo\": \"doo\"\r\n      },\r\n      \"properties\":
        {\r\n        \"provisioningState\": \"Succeeded\",\r\n        \"resourceGuid\":
        \"7966af04-b28c-4ac5-a0c1-a3fed6f6ee56\",\r\n        \"frontendIPConfigurations\":
        [\r\n          {\r\n            \"name\": \"LoadBalancerFrontEnd\",\r\n            \"id\":
        \"/subscriptions/00000000-0000-0000-0000-000000000000/resourceGroups/cli_test_load_balancer000001/providers/Microsoft.Network/loadBalancers/lb2/frontendIPConfigurations/LoadBalancerFrontEnd\",\r\n
        \           \"etag\": \"W/\\\"df498d34-6e8a-4d4f-a91c-f0408786b1ff\\\"\",\r\n
        \           \"type\": \"Microsoft.Network/loadBalancers/frontendIPConfigurations\",\r\n
        \           \"properties\": {\r\n              \"provisioningState\": \"Succeeded\",\r\n
        \             \"privateIPAllocationMethod\": \"Dynamic\",\r\n              \"publicIPAddress\":
        {\r\n                \"id\": \"/subscriptions/00000000-0000-0000-0000-000000000000/resourceGroups/cli_test_load_balancer000001/providers/Microsoft.Network/publicIPAddresses/PublicIPlb2\"\r\n
        \             },\r\n              \"privateIPAddressVersion\": \"IPv4\"\r\n
        \           }\r\n          }\r\n        ],\r\n        \"backendAddressPools\":
        [\r\n          {\r\n            \"name\": \"lb2bepool\",\r\n            \"id\":
        \"/subscriptions/00000000-0000-0000-0000-000000000000/resourceGroups/cli_test_load_balancer000001/providers/Microsoft.Network/loadBalancers/lb2/backendAddressPools/lb2bepool\",\r\n
        \           \"etag\": \"W/\\\"df498d34-6e8a-4d4f-a91c-f0408786b1ff\\\"\",\r\n
        \           \"properties\": {\r\n              \"provisioningState\": \"Succeeded\"\r\n
        \           },\r\n            \"type\": \"Microsoft.Network/loadBalancers/backendAddressPools\"\r\n
        \         }\r\n        ],\r\n        \"loadBalancingRules\": [],\r\n        \"probes\":
        [],\r\n        \"inboundNatRules\": [],\r\n        \"inboundNatPools\": []\r\n
        \     },\r\n      \"sku\": {\r\n        \"name\": \"Basic\",\r\n        \"tier\":
        \"Regional\"\r\n      }\r\n    },\r\n    {\r\n      \"name\": \"lb3\",\r\n
        \     \"id\": \"/subscriptions/00000000-0000-0000-0000-000000000000/resourceGroups/cli_test_load_balancer000001/providers/Microsoft.Network/loadBalancers/lb3\",\r\n
        \     \"etag\": \"W/\\\"a75211d9-2464-4205-bd85-644b489d0aa0\\\"\",\r\n      \"type\":
        \"Microsoft.Network/loadBalancers\",\r\n      \"location\": \"westus\",\r\n
        \     \"tags\": {},\r\n      \"properties\": {\r\n        \"provisioningState\":
        \"Succeeded\",\r\n        \"resourceGuid\": \"5c7067ca-0141-489c-b8a6-ccb8b7ceb713\",\r\n
        \       \"frontendIPConfigurations\": [\r\n          {\r\n            \"name\":
        \"LoadBalancerFrontEnd\",\r\n            \"id\": \"/subscriptions/00000000-0000-0000-0000-000000000000/resourceGroups/cli_test_load_balancer000001/providers/Microsoft.Network/loadBalancers/lb3/frontendIPConfigurations/LoadBalancerFrontEnd\",\r\n
        \           \"etag\": \"W/\\\"a75211d9-2464-4205-bd85-644b489d0aa0\\\"\",\r\n
        \           \"type\": \"Microsoft.Network/loadBalancers/frontendIPConfigurations\",\r\n
        \           \"properties\": {\r\n              \"provisioningState\": \"Succeeded\",\r\n
        \             \"privateIPAddress\": \"10.0.0.15\",\r\n              \"privateIPAllocationMethod\":
        \"Static\",\r\n              \"subnet\": {\r\n                \"id\": \"/subscriptions/00000000-0000-0000-0000-000000000000/resourceGroups/cli_test_load_balancer000001/providers/Microsoft.Network/virtualNetworks/mytestvnet/subnets/default\"\r\n
        \             },\r\n              \"privateIPAddressVersion\": \"IPv4\"\r\n
        \           }\r\n          }\r\n        ],\r\n        \"backendAddressPools\":
        [\r\n          {\r\n            \"name\": \"lb3bepool\",\r\n            \"id\":
        \"/subscriptions/00000000-0000-0000-0000-000000000000/resourceGroups/cli_test_load_balancer000001/providers/Microsoft.Network/loadBalancers/lb3/backendAddressPools/lb3bepool\",\r\n
        \           \"etag\": \"W/\\\"a75211d9-2464-4205-bd85-644b489d0aa0\\\"\",\r\n
        \           \"properties\": {\r\n              \"provisioningState\": \"Succeeded\"\r\n
        \           },\r\n            \"type\": \"Microsoft.Network/loadBalancers/backendAddressPools\"\r\n
        \         }\r\n        ],\r\n        \"loadBalancingRules\": [],\r\n        \"probes\":
        [],\r\n        \"inboundNatRules\": [],\r\n        \"inboundNatPools\": []\r\n
        \     },\r\n      \"sku\": {\r\n        \"name\": \"Basic\",\r\n        \"tier\":
        \"Regional\"\r\n      }\r\n    },\r\n    {\r\n      \"name\": \"lb4\",\r\n
        \     \"id\": \"/subscriptions/00000000-0000-0000-0000-000000000000/resourceGroups/cli_test_load_balancer000001/providers/Microsoft.Network/loadBalancers/lb4\",\r\n
        \     \"etag\": \"W/\\\"7fc56726-08eb-4c8b-9e54-7a3bedccb87c\\\"\",\r\n      \"type\":
        \"Microsoft.Network/loadBalancers\",\r\n      \"location\": \"westus\",\r\n
        \     \"tags\": {},\r\n      \"properties\": {\r\n        \"provisioningState\":
        \"Succeeded\",\r\n        \"resourceGuid\": \"57cc07ed-f539-40d3-8764-0267187943fc\",\r\n
        \       \"frontendIPConfigurations\": [\r\n          {\r\n            \"name\":
        \"LoadBalancerFrontEnd\",\r\n            \"id\": \"/subscriptions/00000000-0000-0000-0000-000000000000/resourceGroups/cli_test_load_balancer000001/providers/Microsoft.Network/loadBalancers/lb4/frontendIPConfigurations/LoadBalancerFrontEnd\",\r\n
        \           \"etag\": \"W/\\\"7fc56726-08eb-4c8b-9e54-7a3bedccb87c\\\"\",\r\n
        \           \"type\": \"Microsoft.Network/loadBalancers/frontendIPConfigurations\",\r\n
        \           \"properties\": {\r\n              \"provisioningState\": \"Succeeded\",\r\n
        \             \"privateIPAllocationMethod\": \"Dynamic\",\r\n              \"publicIPAddress\":
        {\r\n                \"id\": \"/subscriptions/00000000-0000-0000-0000-000000000000/resourceGroups/cli_test_load_balancer000001/providers/Microsoft.Network/publicIPAddresses/publicip4\"\r\n
        \             },\r\n              \"privateIPAddressVersion\": \"IPv4\"\r\n
        \           }\r\n          }\r\n        ],\r\n        \"backendAddressPools\":
        [\r\n          {\r\n            \"name\": \"lb4bepool\",\r\n            \"id\":
        \"/subscriptions/00000000-0000-0000-0000-000000000000/resourceGroups/cli_test_load_balancer000001/providers/Microsoft.Network/loadBalancers/lb4/backendAddressPools/lb4bepool\",\r\n
        \           \"etag\": \"W/\\\"7fc56726-08eb-4c8b-9e54-7a3bedccb87c\\\"\",\r\n
        \           \"properties\": {\r\n              \"provisioningState\": \"Succeeded\"\r\n
        \           },\r\n            \"type\": \"Microsoft.Network/loadBalancers/backendAddressPools\"\r\n
        \         }\r\n        ],\r\n        \"loadBalancingRules\": [],\r\n        \"probes\":
        [],\r\n        \"inboundNatRules\": [],\r\n        \"inboundNatPools\": []\r\n
        \     },\r\n      \"sku\": {\r\n        \"name\": \"Basic\",\r\n        \"tier\":
        \"Regional\"\r\n      }\r\n    }\r\n  ]\r\n}"
    headers:
      cache-control:
      - no-cache
      content-length:
      - '9413'
      content-type:
      - application/json; charset=utf-8
      date:
      - Mon, 30 Nov 2020 16:31:18 GMT
      expires:
      - '-1'
      pragma:
      - no-cache
      server:
      - Microsoft-HTTPAPI/2.0
      - Microsoft-HTTPAPI/2.0
      strict-transport-security:
      - max-age=31536000; includeSubDomains
      transfer-encoding:
      - chunked
      vary:
      - Accept-Encoding
      x-content-type-options:
      - nosniff
      x-ms-arm-service-request-id:
      - d7f079b6-a168-46a4-84a3-f2bda9f59c08
    status:
      code: 200
      message: OK
- request:
    body: null
    headers:
      Accept:
      - application/json
      Accept-Encoding:
      - gzip, deflate
      CommandName:
      - network lb show
      Connection:
      - keep-alive
      ParameterSetName:
      - --resource-group --name
      User-Agent:
      - python/3.7.8 (Windows-10-10.0.19041-SP0) msrest/0.6.18 msrest_azure/0.6.3
        azure-mgmt-network/13.0.0 Azure-SDK-For-Python AZURECLI/2.15.1
      accept-language:
      - en-US
    method: GET
    uri: https://management.azure.com/subscriptions/00000000-0000-0000-0000-000000000000/resourceGroups/cli_test_load_balancer000001/providers/Microsoft.Network/loadBalancers/lb1?api-version=2020-07-01
  response:
    body:
      string: "{\r\n  \"name\": \"lb1\",\r\n  \"id\": \"/subscriptions/00000000-0000-0000-0000-000000000000/resourceGroups/cli_test_load_balancer000001/providers/Microsoft.Network/loadBalancers/lb1\",\r\n
        \ \"etag\": \"W/\\\"e527cbd8-9add-48e5-b1d3-0f53fdf37979\\\"\",\r\n  \"type\":
        \"Microsoft.Network/loadBalancers\",\r\n  \"location\": \"westus\",\r\n  \"tags\":
        {},\r\n  \"properties\": {\r\n    \"provisioningState\": \"Succeeded\",\r\n
        \   \"resourceGuid\": \"89d7d0d4-8c0d-4740-a80b-3dbfbe2a1ea8\",\r\n    \"frontendIPConfigurations\":
        [\r\n      {\r\n        \"name\": \"LoadBalancerFrontEnd\",\r\n        \"id\":
        \"/subscriptions/00000000-0000-0000-0000-000000000000/resourceGroups/cli_test_load_balancer000001/providers/Microsoft.Network/loadBalancers/lb1/frontendIPConfigurations/LoadBalancerFrontEnd\",\r\n
        \       \"etag\": \"W/\\\"e527cbd8-9add-48e5-b1d3-0f53fdf37979\\\"\",\r\n
        \       \"type\": \"Microsoft.Network/loadBalancers/frontendIPConfigurations\",\r\n
        \       \"properties\": {\r\n          \"provisioningState\": \"Succeeded\",\r\n
        \         \"privateIPAllocationMethod\": \"Dynamic\",\r\n          \"publicIPAddress\":
        {\r\n            \"id\": \"/subscriptions/00000000-0000-0000-0000-000000000000/resourceGroups/cli_test_load_balancer000001/providers/Microsoft.Network/publicIPAddresses/PublicIPlb1\"\r\n
        \         },\r\n          \"privateIPAddressVersion\": \"IPv4\"\r\n        }\r\n
        \     }\r\n    ],\r\n    \"backendAddressPools\": [\r\n      {\r\n        \"name\":
        \"lb1bepool\",\r\n        \"id\": \"/subscriptions/00000000-0000-0000-0000-000000000000/resourceGroups/cli_test_load_balancer000001/providers/Microsoft.Network/loadBalancers/lb1/backendAddressPools/lb1bepool\",\r\n
        \       \"etag\": \"W/\\\"e527cbd8-9add-48e5-b1d3-0f53fdf37979\\\"\",\r\n
        \       \"properties\": {\r\n          \"provisioningState\": \"Succeeded\"\r\n
        \       },\r\n        \"type\": \"Microsoft.Network/loadBalancers/backendAddressPools\"\r\n
        \     }\r\n    ],\r\n    \"loadBalancingRules\": [],\r\n    \"probes\": [],\r\n
        \   \"inboundNatRules\": [],\r\n    \"inboundNatPools\": []\r\n  },\r\n  \"sku\":
        {\r\n    \"name\": \"Basic\",\r\n    \"tier\": \"Regional\"\r\n  }\r\n}"
    headers:
      cache-control:
      - no-cache
      content-length:
      - '2137'
      content-type:
      - application/json; charset=utf-8
      date:
      - Mon, 30 Nov 2020 16:31:19 GMT
      etag:
      - W/"e527cbd8-9add-48e5-b1d3-0f53fdf37979"
      expires:
      - '-1'
      pragma:
      - no-cache
      server:
      - Microsoft-HTTPAPI/2.0
      - Microsoft-HTTPAPI/2.0
      strict-transport-security:
      - max-age=31536000; includeSubDomains
      transfer-encoding:
      - chunked
      vary:
      - Accept-Encoding
      x-content-type-options:
      - nosniff
      x-ms-arm-service-request-id:
      - 2a1f6acb-5ebc-447f-a494-ee09ff08aa03
    status:
      code: 200
      message: OK
- request:
    body: null
    headers:
      Accept:
      - application/json
      Accept-Encoding:
      - gzip, deflate
      CommandName:
      - network lb delete
      Connection:
      - keep-alive
      Content-Length:
      - '0'
      ParameterSetName:
      - --resource-group --name
      User-Agent:
      - python/3.7.8 (Windows-10-10.0.19041-SP0) msrest/0.6.18 msrest_azure/0.6.3
        azure-mgmt-network/13.0.0 Azure-SDK-For-Python AZURECLI/2.15.1
      accept-language:
      - en-US
    method: DELETE
    uri: https://management.azure.com/subscriptions/00000000-0000-0000-0000-000000000000/resourceGroups/cli_test_load_balancer000001/providers/Microsoft.Network/loadBalancers/lb1?api-version=2020-07-01
  response:
    body:
      string: ''
    headers:
      azure-asyncnotification:
      - Enabled
      azure-asyncoperation:
      - https://management.azure.com/subscriptions/00000000-0000-0000-0000-000000000000/providers/Microsoft.Network/locations/westus/operations/e1611ff9-ac17-4838-bae0-c61769b204e1?api-version=2020-07-01
      cache-control:
      - no-cache
      content-length:
      - '0'
      date:
      - Mon, 30 Nov 2020 16:31:23 GMT
      expires:
      - '-1'
      location:
      - https://management.azure.com/subscriptions/00000000-0000-0000-0000-000000000000/providers/Microsoft.Network/locations/westus/operationResults/e1611ff9-ac17-4838-bae0-c61769b204e1?api-version=2020-07-01
      pragma:
      - no-cache
      server:
      - Microsoft-HTTPAPI/2.0
      - Microsoft-HTTPAPI/2.0
      strict-transport-security:
      - max-age=31536000; includeSubDomains
      x-content-type-options:
      - nosniff
      x-ms-arm-service-request-id:
      - 79241136-5400-41fd-82b0-47accd6c207c
      x-ms-ratelimit-remaining-subscription-deletes:
      - '14997'
    status:
      code: 202
      message: Accepted
- request:
    body: null
    headers:
      Accept:
      - application/json
      Accept-Encoding:
      - gzip, deflate
      CommandName:
      - network lb delete
      Connection:
      - keep-alive
      ParameterSetName:
      - --resource-group --name
      User-Agent:
      - python/3.7.8 (Windows-10-10.0.19041-SP0) msrest/0.6.18 msrest_azure/0.6.3
        azure-mgmt-network/13.0.0 Azure-SDK-For-Python AZURECLI/2.15.1
    method: GET
    uri: https://management.azure.com/subscriptions/00000000-0000-0000-0000-000000000000/providers/Microsoft.Network/locations/westus/operations/e1611ff9-ac17-4838-bae0-c61769b204e1?api-version=2020-07-01
  response:
    body:
      string: "{\r\n  \"status\": \"Succeeded\"\r\n}"
    headers:
      cache-control:
      - no-cache
      content-length:
      - '29'
      content-type:
      - application/json; charset=utf-8
      date:
      - Mon, 30 Nov 2020 16:31:34 GMT
      expires:
      - '-1'
      pragma:
      - no-cache
      server:
      - Microsoft-HTTPAPI/2.0
      - Microsoft-HTTPAPI/2.0
      strict-transport-security:
      - max-age=31536000; includeSubDomains
      transfer-encoding:
      - chunked
      vary:
      - Accept-Encoding
      x-content-type-options:
      - nosniff
      x-ms-arm-service-request-id:
      - 81059d4d-738c-4652-abc0-027ae0d060ab
    status:
      code: 200
      message: OK
- request:
    body: null
    headers:
      Accept:
      - application/json
      Accept-Encoding:
      - gzip, deflate
      CommandName:
      - network lb list
      Connection:
      - keep-alive
      ParameterSetName:
      - --resource-group
      User-Agent:
      - python/3.7.8 (Windows-10-10.0.19041-SP0) msrest/0.6.18 msrest_azure/0.6.3
        azure-mgmt-network/13.0.0 Azure-SDK-For-Python AZURECLI/2.15.1
      accept-language:
      - en-US
    method: GET
    uri: https://management.azure.com/subscriptions/00000000-0000-0000-0000-000000000000/resourceGroups/cli_test_load_balancer000001/providers/Microsoft.Network/loadBalancers?api-version=2020-07-01
  response:
    body:
      string: "{\r\n  \"value\": [\r\n    {\r\n      \"name\": \"lb2\",\r\n      \"id\":
        \"/subscriptions/00000000-0000-0000-0000-000000000000/resourceGroups/cli_test_load_balancer000001/providers/Microsoft.Network/loadBalancers/lb2\",\r\n
        \     \"etag\": \"W/\\\"df498d34-6e8a-4d4f-a91c-f0408786b1ff\\\"\",\r\n      \"type\":
        \"Microsoft.Network/loadBalancers\",\r\n      \"location\": \"westus\",\r\n
        \     \"tags\": {\r\n        \"foo\": \"doo\"\r\n      },\r\n      \"properties\":
        {\r\n        \"provisioningState\": \"Succeeded\",\r\n        \"resourceGuid\":
        \"7966af04-b28c-4ac5-a0c1-a3fed6f6ee56\",\r\n        \"frontendIPConfigurations\":
        [\r\n          {\r\n            \"name\": \"LoadBalancerFrontEnd\",\r\n            \"id\":
        \"/subscriptions/00000000-0000-0000-0000-000000000000/resourceGroups/cli_test_load_balancer000001/providers/Microsoft.Network/loadBalancers/lb2/frontendIPConfigurations/LoadBalancerFrontEnd\",\r\n
        \           \"etag\": \"W/\\\"df498d34-6e8a-4d4f-a91c-f0408786b1ff\\\"\",\r\n
        \           \"type\": \"Microsoft.Network/loadBalancers/frontendIPConfigurations\",\r\n
        \           \"properties\": {\r\n              \"provisioningState\": \"Succeeded\",\r\n
        \             \"privateIPAllocationMethod\": \"Dynamic\",\r\n              \"publicIPAddress\":
        {\r\n                \"id\": \"/subscriptions/00000000-0000-0000-0000-000000000000/resourceGroups/cli_test_load_balancer000001/providers/Microsoft.Network/publicIPAddresses/PublicIPlb2\"\r\n
        \             },\r\n              \"privateIPAddressVersion\": \"IPv4\"\r\n
        \           }\r\n          }\r\n        ],\r\n        \"backendAddressPools\":
        [\r\n          {\r\n            \"name\": \"lb2bepool\",\r\n            \"id\":
        \"/subscriptions/00000000-0000-0000-0000-000000000000/resourceGroups/cli_test_load_balancer000001/providers/Microsoft.Network/loadBalancers/lb2/backendAddressPools/lb2bepool\",\r\n
        \           \"etag\": \"W/\\\"df498d34-6e8a-4d4f-a91c-f0408786b1ff\\\"\",\r\n
        \           \"properties\": {\r\n              \"provisioningState\": \"Succeeded\"\r\n
        \           },\r\n            \"type\": \"Microsoft.Network/loadBalancers/backendAddressPools\"\r\n
        \         }\r\n        ],\r\n        \"loadBalancingRules\": [],\r\n        \"probes\":
        [],\r\n        \"inboundNatRules\": [],\r\n        \"inboundNatPools\": []\r\n
        \     },\r\n      \"sku\": {\r\n        \"name\": \"Basic\",\r\n        \"tier\":
        \"Regional\"\r\n      }\r\n    },\r\n    {\r\n      \"name\": \"lb3\",\r\n
        \     \"id\": \"/subscriptions/00000000-0000-0000-0000-000000000000/resourceGroups/cli_test_load_balancer000001/providers/Microsoft.Network/loadBalancers/lb3\",\r\n
        \     \"etag\": \"W/\\\"a75211d9-2464-4205-bd85-644b489d0aa0\\\"\",\r\n      \"type\":
        \"Microsoft.Network/loadBalancers\",\r\n      \"location\": \"westus\",\r\n
        \     \"tags\": {},\r\n      \"properties\": {\r\n        \"provisioningState\":
        \"Succeeded\",\r\n        \"resourceGuid\": \"5c7067ca-0141-489c-b8a6-ccb8b7ceb713\",\r\n
        \       \"frontendIPConfigurations\": [\r\n          {\r\n            \"name\":
        \"LoadBalancerFrontEnd\",\r\n            \"id\": \"/subscriptions/00000000-0000-0000-0000-000000000000/resourceGroups/cli_test_load_balancer000001/providers/Microsoft.Network/loadBalancers/lb3/frontendIPConfigurations/LoadBalancerFrontEnd\",\r\n
        \           \"etag\": \"W/\\\"a75211d9-2464-4205-bd85-644b489d0aa0\\\"\",\r\n
        \           \"type\": \"Microsoft.Network/loadBalancers/frontendIPConfigurations\",\r\n
        \           \"properties\": {\r\n              \"provisioningState\": \"Succeeded\",\r\n
        \             \"privateIPAddress\": \"10.0.0.15\",\r\n              \"privateIPAllocationMethod\":
        \"Static\",\r\n              \"subnet\": {\r\n                \"id\": \"/subscriptions/00000000-0000-0000-0000-000000000000/resourceGroups/cli_test_load_balancer000001/providers/Microsoft.Network/virtualNetworks/mytestvnet/subnets/default\"\r\n
        \             },\r\n              \"privateIPAddressVersion\": \"IPv4\"\r\n
        \           }\r\n          }\r\n        ],\r\n        \"backendAddressPools\":
        [\r\n          {\r\n            \"name\": \"lb3bepool\",\r\n            \"id\":
        \"/subscriptions/00000000-0000-0000-0000-000000000000/resourceGroups/cli_test_load_balancer000001/providers/Microsoft.Network/loadBalancers/lb3/backendAddressPools/lb3bepool\",\r\n
        \           \"etag\": \"W/\\\"a75211d9-2464-4205-bd85-644b489d0aa0\\\"\",\r\n
        \           \"properties\": {\r\n              \"provisioningState\": \"Succeeded\"\r\n
        \           },\r\n            \"type\": \"Microsoft.Network/loadBalancers/backendAddressPools\"\r\n
        \         }\r\n        ],\r\n        \"loadBalancingRules\": [],\r\n        \"probes\":
        [],\r\n        \"inboundNatRules\": [],\r\n        \"inboundNatPools\": []\r\n
        \     },\r\n      \"sku\": {\r\n        \"name\": \"Basic\",\r\n        \"tier\":
        \"Regional\"\r\n      }\r\n    },\r\n    {\r\n      \"name\": \"lb4\",\r\n
        \     \"id\": \"/subscriptions/00000000-0000-0000-0000-000000000000/resourceGroups/cli_test_load_balancer000001/providers/Microsoft.Network/loadBalancers/lb4\",\r\n
        \     \"etag\": \"W/\\\"7fc56726-08eb-4c8b-9e54-7a3bedccb87c\\\"\",\r\n      \"type\":
        \"Microsoft.Network/loadBalancers\",\r\n      \"location\": \"westus\",\r\n
        \     \"tags\": {},\r\n      \"properties\": {\r\n        \"provisioningState\":
        \"Succeeded\",\r\n        \"resourceGuid\": \"57cc07ed-f539-40d3-8764-0267187943fc\",\r\n
        \       \"frontendIPConfigurations\": [\r\n          {\r\n            \"name\":
        \"LoadBalancerFrontEnd\",\r\n            \"id\": \"/subscriptions/00000000-0000-0000-0000-000000000000/resourceGroups/cli_test_load_balancer000001/providers/Microsoft.Network/loadBalancers/lb4/frontendIPConfigurations/LoadBalancerFrontEnd\",\r\n
        \           \"etag\": \"W/\\\"7fc56726-08eb-4c8b-9e54-7a3bedccb87c\\\"\",\r\n
        \           \"type\": \"Microsoft.Network/loadBalancers/frontendIPConfigurations\",\r\n
        \           \"properties\": {\r\n              \"provisioningState\": \"Succeeded\",\r\n
        \             \"privateIPAllocationMethod\": \"Dynamic\",\r\n              \"publicIPAddress\":
        {\r\n                \"id\": \"/subscriptions/00000000-0000-0000-0000-000000000000/resourceGroups/cli_test_load_balancer000001/providers/Microsoft.Network/publicIPAddresses/publicip4\"\r\n
        \             },\r\n              \"privateIPAddressVersion\": \"IPv4\"\r\n
        \           }\r\n          }\r\n        ],\r\n        \"backendAddressPools\":
        [\r\n          {\r\n            \"name\": \"lb4bepool\",\r\n            \"id\":
        \"/subscriptions/00000000-0000-0000-0000-000000000000/resourceGroups/cli_test_load_balancer000001/providers/Microsoft.Network/loadBalancers/lb4/backendAddressPools/lb4bepool\",\r\n
        \           \"etag\": \"W/\\\"7fc56726-08eb-4c8b-9e54-7a3bedccb87c\\\"\",\r\n
        \           \"properties\": {\r\n              \"provisioningState\": \"Succeeded\"\r\n
        \           },\r\n            \"type\": \"Microsoft.Network/loadBalancers/backendAddressPools\"\r\n
        \         }\r\n        ],\r\n        \"loadBalancingRules\": [],\r\n        \"probes\":
        [],\r\n        \"inboundNatRules\": [],\r\n        \"inboundNatPools\": []\r\n
        \     },\r\n      \"sku\": {\r\n        \"name\": \"Basic\",\r\n        \"tier\":
        \"Regional\"\r\n      }\r\n    }\r\n  ]\r\n}"
    headers:
      cache-control:
      - no-cache
      content-length:
      - '7085'
      content-type:
      - application/json; charset=utf-8
      date:
      - Mon, 30 Nov 2020 16:31:36 GMT
      expires:
      - '-1'
      pragma:
      - no-cache
      server:
      - Microsoft-HTTPAPI/2.0
      - Microsoft-HTTPAPI/2.0
      strict-transport-security:
      - max-age=31536000; includeSubDomains
      transfer-encoding:
      - chunked
      vary:
      - Accept-Encoding
      x-content-type-options:
      - nosniff
      x-ms-arm-service-request-id:
      - 38a6564f-42f5-496c-ab33-fd091631686b
    status:
      code: 200
      message: OK
version: 1
