interactions:
- request:
    body: '{"location": "centraluseuap", "sku": {"family": "B", "name": "Standard_B1"},
      "properties": {"tenantId": "54826b22-38d6-4fb2-bad9-b7b93a3e9c5a", "initialAdminObjectIds":
      ["3707fb2f-ac10-4591-a04f-8b0d786ea37d"], "enableSoftDelete": true, "softDeleteRetentionInDays":
      90, "networkAcls": {"bypass": "AzureServices", "defaultAction": "Allow"}}}'
    headers:
      Accept:
      - application/json
      Accept-Encoding:
      - gzip, deflate
      CommandName:
      - keyvault create
      Connection:
      - keep-alive
      Content-Length:
      - '340'
      Content-Type:
      - application/json
      ParameterSetName:
      - --hsm-name -g -l --administrators
      User-Agent:
      - AZURECLI/2.29.0 azsdk-python-azure-mgmt-keyvault/9.1.0 Python/3.8.3 (Windows-10-10.0.18362-SP0)
    method: PUT
    uri: https://management.azure.com/subscriptions/00000000-0000-0000-0000-000000000000/resourceGroups/cli_test_hsm_plr_rg000001/providers/Microsoft.KeyVault/managedHSMs/cli-test-hsm-plr-000002?api-version=2023-02-01
  response:
    body:
      string: '{"error":{"code":"GatewayTimeout","message":"The gateway did not receive
        a response from ''Microsoft.KeyVault'' within the specified time period."}}'
    headers:
      cache-control:
      - no-cache
      connection:
      - close
      content-length:
      - '146'
      content-type:
      - application/json; charset=utf-8
      date:
      - Mon, 11 Oct 2021 13:42:08 GMT
      expires:
      - '-1'
      pragma:
      - no-cache
      strict-transport-security:
      - max-age=31536000; includeSubDomains
      x-content-type-options:
      - nosniff
      x-ms-failure-cause:
      - service
    status:
      code: 504
      message: Gateway Timeout
- request:
    body: '{"location": "centraluseuap", "sku": {"family": "B", "name": "Standard_B1"},
      "properties": {"tenantId": "54826b22-38d6-4fb2-bad9-b7b93a3e9c5a", "initialAdminObjectIds":
      ["3707fb2f-ac10-4591-a04f-8b0d786ea37d"], "enableSoftDelete": true, "softDeleteRetentionInDays":
      90, "networkAcls": {"bypass": "AzureServices", "defaultAction": "Allow"}}}'
    headers:
      Accept:
      - application/json
      Accept-Encoding:
      - gzip, deflate
      CommandName:
      - keyvault create
      Connection:
      - keep-alive
      Content-Length:
      - '340'
      Content-Type:
      - application/json
      ParameterSetName:
      - --hsm-name -g -l --administrators
      User-Agent:
      - AZURECLI/2.29.0 azsdk-python-azure-mgmt-keyvault/9.1.0 Python/3.8.3 (Windows-10-10.0.18362-SP0)
    method: PUT
    uri: https://management.azure.com/subscriptions/00000000-0000-0000-0000-000000000000/resourceGroups/cli_test_hsm_plr_rg000001/providers/Microsoft.KeyVault/managedHSMs/cli-test-hsm-plr-000002?api-version=2023-02-01
  response:
    body:
      string: '{"sku":{"family":"B","name":"Standard_B1"},"id":"/subscriptions/00000000-0000-0000-0000-000000000000/resourceGroups/cli_test_hsm_plr_rg000001/providers/Microsoft.KeyVault/managedHSMs/cli-test-hsm-plr-000002","name":"cli-test-hsm-plr-000002","type":"Microsoft.KeyVault/managedHSMs","location":"centraluseuap","tags":{},"systemData":{"createdBy":"v-kaisun@microsoft.com","createdByType":"User","createdAt":"2021-10-11T13:41:49.516Z","lastModifiedBy":"v-kaisun@microsoft.com","lastModifiedByType":"User","lastModifiedAt":"2021-10-11T13:42:11.232Z"},"properties":{"tenantId":"54826b22-38d6-4fb2-bad9-b7b93a3e9c5a","hsmUri":"https://cli-test-hsm-plr-000002.managedhsm.azure.net/","initialAdminObjectIds":["3707fb2f-ac10-4591-a04f-8b0d786ea37d"],"enableSoftDelete":true,"softDeleteRetentionInDays":90,"enablePurgeProtection":false,"provisioningState":"Provisioning","statusMessage":"Resource
        creation in progress. Allocating hardware...","networkAcls":{"bypass":"AzureServices","defaultAction":"Allow","ipRules":[],"virtualNetworkRules":[]},"publicNetworkAccess":"Enabled"}}'
    headers:
      cache-control:
      - no-cache
      content-length:
      - '1121'
      content-type:
      - application/json; charset=utf-8
      date:
      - Mon, 11 Oct 2021 13:42:15 GMT
      expires:
      - '-1'
      pragma:
      - no-cache
      server:
      - Microsoft-IIS/10.0
      strict-transport-security:
      - max-age=31536000; includeSubDomains
      transfer-encoding:
      - chunked
      vary:
      - Accept-Encoding
      x-aspnet-version:
      - 4.0.30319
      x-content-type-options:
      - nosniff
      x-ms-keyvault-service-version:
      - 1.5.155.0
      x-ms-ratelimit-remaining-subscription-writes:
      - '1193'
      x-powered-by:
      - ASP.NET
    status:
      code: 200
      message: OK
- request:
    body: null
    headers:
      Accept:
      - '*/*'
      Accept-Encoding:
      - gzip, deflate
      CommandName:
      - keyvault create
      Connection:
      - keep-alive
      ParameterSetName:
      - --hsm-name -g -l --administrators
      User-Agent:
      - AZURECLI/2.29.0 azsdk-python-azure-mgmt-keyvault/9.1.0 Python/3.8.3 (Windows-10-10.0.18362-SP0)
    method: GET
    uri: https://management.azure.com/subscriptions/00000000-0000-0000-0000-000000000000/resourceGroups/cli_test_hsm_plr_rg000001/providers/Microsoft.KeyVault/managedHSMs/cli-test-hsm-plr-000002?api-version=2023-02-01
  response:
    body:
      string: '{"sku":{"family":"B","name":"Standard_B1"},"id":"/subscriptions/00000000-0000-0000-0000-000000000000/resourceGroups/cli_test_hsm_plr_rg000001/providers/Microsoft.KeyVault/managedHSMs/cli-test-hsm-plr-000002","name":"cli-test-hsm-plr-000002","type":"Microsoft.KeyVault/managedHSMs","location":"centraluseuap","tags":{},"systemData":{"createdBy":"v-kaisun@microsoft.com","createdByType":"User","createdAt":"2021-10-11T13:41:49.516Z","lastModifiedBy":"v-kaisun@microsoft.com","lastModifiedByType":"User","lastModifiedAt":"2021-10-11T13:42:11.232Z"},"properties":{"tenantId":"54826b22-38d6-4fb2-bad9-b7b93a3e9c5a","hsmUri":"https://cli-test-hsm-plr-000002.managedhsm.azure.net/","initialAdminObjectIds":["3707fb2f-ac10-4591-a04f-8b0d786ea37d"],"enableSoftDelete":true,"softDeleteRetentionInDays":90,"enablePurgeProtection":false,"provisioningState":"Provisioning","statusMessage":"Resource
        creation in progress. Allocating hardware...","networkAcls":{"bypass":"AzureServices","defaultAction":"Allow","ipRules":[],"virtualNetworkRules":[]},"publicNetworkAccess":"Enabled"}}'
    headers:
      cache-control:
      - no-cache
      content-length:
      - '1121'
      content-type:
      - application/json; charset=utf-8
      date:
      - Mon, 11 Oct 2021 13:42:46 GMT
      expires:
      - '-1'
      pragma:
      - no-cache
      server:
      - Microsoft-IIS/10.0
      strict-transport-security:
      - max-age=31536000; includeSubDomains
      transfer-encoding:
      - chunked
      vary:
      - Accept-Encoding
      x-aspnet-version:
      - 4.0.30319
      x-content-type-options:
      - nosniff
      x-ms-keyvault-service-version:
      - 1.5.155.0
      x-powered-by:
      - ASP.NET
    status:
      code: 200
      message: OK
- request:
    body: null
    headers:
      Accept:
      - '*/*'
      Accept-Encoding:
      - gzip, deflate
      CommandName:
      - keyvault create
      Connection:
      - keep-alive
      ParameterSetName:
      - --hsm-name -g -l --administrators
      User-Agent:
      - AZURECLI/2.29.0 azsdk-python-azure-mgmt-keyvault/9.1.0 Python/3.8.3 (Windows-10-10.0.18362-SP0)
    method: GET
    uri: https://management.azure.com/subscriptions/00000000-0000-0000-0000-000000000000/resourceGroups/cli_test_hsm_plr_rg000001/providers/Microsoft.KeyVault/managedHSMs/cli-test-hsm-plr-000002?api-version=2023-02-01
  response:
    body:
      string: '{"sku":{"family":"B","name":"Standard_B1"},"id":"/subscriptions/00000000-0000-0000-0000-000000000000/resourceGroups/cli_test_hsm_plr_rg000001/providers/Microsoft.KeyVault/managedHSMs/cli-test-hsm-plr-000002","name":"cli-test-hsm-plr-000002","type":"Microsoft.KeyVault/managedHSMs","location":"centraluseuap","tags":{},"systemData":{"createdBy":"v-kaisun@microsoft.com","createdByType":"User","createdAt":"2021-10-11T13:41:49.516Z","lastModifiedBy":"v-kaisun@microsoft.com","lastModifiedByType":"User","lastModifiedAt":"2021-10-11T13:42:11.232Z"},"properties":{"tenantId":"54826b22-38d6-4fb2-bad9-b7b93a3e9c5a","hsmUri":"https://cli-test-hsm-plr-000002.managedhsm.azure.net/","initialAdminObjectIds":["3707fb2f-ac10-4591-a04f-8b0d786ea37d"],"enableSoftDelete":true,"softDeleteRetentionInDays":90,"enablePurgeProtection":false,"provisioningState":"Provisioning","statusMessage":"Resource
        creation in progress. Allocating hardware...","networkAcls":{"bypass":"AzureServices","defaultAction":"Allow","ipRules":[],"virtualNetworkRules":[]},"publicNetworkAccess":"Enabled"}}'
    headers:
      cache-control:
      - no-cache
      content-length:
      - '1121'
      content-type:
      - application/json; charset=utf-8
      date:
      - Mon, 11 Oct 2021 13:43:17 GMT
      expires:
      - '-1'
      pragma:
      - no-cache
      server:
      - Microsoft-IIS/10.0
      strict-transport-security:
      - max-age=31536000; includeSubDomains
      transfer-encoding:
      - chunked
      vary:
      - Accept-Encoding
      x-aspnet-version:
      - 4.0.30319
      x-content-type-options:
      - nosniff
      x-ms-keyvault-service-version:
      - 1.5.155.0
      x-powered-by:
      - ASP.NET
    status:
      code: 200
      message: OK
- request:
    body: null
    headers:
      Accept:
      - '*/*'
      Accept-Encoding:
      - gzip, deflate
      CommandName:
      - keyvault create
      Connection:
      - keep-alive
      ParameterSetName:
      - --hsm-name -g -l --administrators
      User-Agent:
      - AZURECLI/2.29.0 azsdk-python-azure-mgmt-keyvault/9.1.0 Python/3.8.3 (Windows-10-10.0.18362-SP0)
    method: GET
    uri: https://management.azure.com/subscriptions/00000000-0000-0000-0000-000000000000/resourceGroups/cli_test_hsm_plr_rg000001/providers/Microsoft.KeyVault/managedHSMs/cli-test-hsm-plr-000002?api-version=2023-02-01
  response:
    body:
      string: '{"sku":{"family":"B","name":"Standard_B1"},"id":"/subscriptions/00000000-0000-0000-0000-000000000000/resourceGroups/cli_test_hsm_plr_rg000001/providers/Microsoft.KeyVault/managedHSMs/cli-test-hsm-plr-000002","name":"cli-test-hsm-plr-000002","type":"Microsoft.KeyVault/managedHSMs","location":"centraluseuap","tags":{},"systemData":{"createdBy":"v-kaisun@microsoft.com","createdByType":"User","createdAt":"2021-10-11T13:41:49.516Z","lastModifiedBy":"v-kaisun@microsoft.com","lastModifiedByType":"User","lastModifiedAt":"2021-10-11T13:42:11.232Z"},"properties":{"tenantId":"54826b22-38d6-4fb2-bad9-b7b93a3e9c5a","hsmUri":"https://cli-test-hsm-plr-000002.managedhsm.azure.net/","initialAdminObjectIds":["3707fb2f-ac10-4591-a04f-8b0d786ea37d"],"enableSoftDelete":true,"softDeleteRetentionInDays":90,"enablePurgeProtection":false,"provisioningState":"Provisioning","statusMessage":"Resource
        creation in progress. Allocating hardware...","networkAcls":{"bypass":"AzureServices","defaultAction":"Allow","ipRules":[],"virtualNetworkRules":[]},"publicNetworkAccess":"Enabled"}}'
    headers:
      cache-control:
      - no-cache
      content-length:
      - '1121'
      content-type:
      - application/json; charset=utf-8
      date:
      - Mon, 11 Oct 2021 13:43:48 GMT
      expires:
      - '-1'
      pragma:
      - no-cache
      server:
      - Microsoft-IIS/10.0
      strict-transport-security:
      - max-age=31536000; includeSubDomains
      transfer-encoding:
      - chunked
      vary:
      - Accept-Encoding
      x-aspnet-version:
      - 4.0.30319
      x-content-type-options:
      - nosniff
      x-ms-keyvault-service-version:
      - 1.5.155.0
      x-powered-by:
      - ASP.NET
    status:
      code: 200
      message: OK
- request:
    body: null
    headers:
      Accept:
      - '*/*'
      Accept-Encoding:
      - gzip, deflate
      CommandName:
      - keyvault create
      Connection:
      - keep-alive
      ParameterSetName:
      - --hsm-name -g -l --administrators
      User-Agent:
      - AZURECLI/2.29.0 azsdk-python-azure-mgmt-keyvault/9.1.0 Python/3.8.3 (Windows-10-10.0.18362-SP0)
    method: GET
    uri: https://management.azure.com/subscriptions/00000000-0000-0000-0000-000000000000/resourceGroups/cli_test_hsm_plr_rg000001/providers/Microsoft.KeyVault/managedHSMs/cli-test-hsm-plr-000002?api-version=2023-02-01
  response:
    body:
      string: '{"sku":{"family":"B","name":"Standard_B1"},"id":"/subscriptions/00000000-0000-0000-0000-000000000000/resourceGroups/cli_test_hsm_plr_rg000001/providers/Microsoft.KeyVault/managedHSMs/cli-test-hsm-plr-000002","name":"cli-test-hsm-plr-000002","type":"Microsoft.KeyVault/managedHSMs","location":"centraluseuap","tags":{},"systemData":{"createdBy":"v-kaisun@microsoft.com","createdByType":"User","createdAt":"2021-10-11T13:41:49.516Z","lastModifiedBy":"v-kaisun@microsoft.com","lastModifiedByType":"User","lastModifiedAt":"2021-10-11T13:42:11.232Z"},"properties":{"tenantId":"54826b22-38d6-4fb2-bad9-b7b93a3e9c5a","hsmUri":"https://cli-test-hsm-plr-000002.managedhsm.azure.net/","initialAdminObjectIds":["3707fb2f-ac10-4591-a04f-8b0d786ea37d"],"enableSoftDelete":true,"softDeleteRetentionInDays":90,"enablePurgeProtection":false,"provisioningState":"Provisioning","statusMessage":"Resource
        creation in progress. Allocating hardware...","networkAcls":{"bypass":"AzureServices","defaultAction":"Allow","ipRules":[],"virtualNetworkRules":[]},"publicNetworkAccess":"Enabled"}}'
    headers:
      cache-control:
      - no-cache
      content-length:
      - '1121'
      content-type:
      - application/json; charset=utf-8
      date:
      - Mon, 11 Oct 2021 13:44:19 GMT
      expires:
      - '-1'
      pragma:
      - no-cache
      server:
      - Microsoft-IIS/10.0
      strict-transport-security:
      - max-age=31536000; includeSubDomains
      transfer-encoding:
      - chunked
      vary:
      - Accept-Encoding
      x-aspnet-version:
      - 4.0.30319
      x-content-type-options:
      - nosniff
      x-ms-keyvault-service-version:
      - 1.5.155.0
      x-powered-by:
      - ASP.NET
    status:
      code: 200
      message: OK
- request:
    body: null
    headers:
      Accept:
      - '*/*'
      Accept-Encoding:
      - gzip, deflate
      CommandName:
      - keyvault create
      Connection:
      - keep-alive
      ParameterSetName:
      - --hsm-name -g -l --administrators
      User-Agent:
      - AZURECLI/2.29.0 azsdk-python-azure-mgmt-keyvault/9.1.0 Python/3.8.3 (Windows-10-10.0.18362-SP0)
    method: GET
    uri: https://management.azure.com/subscriptions/00000000-0000-0000-0000-000000000000/resourceGroups/cli_test_hsm_plr_rg000001/providers/Microsoft.KeyVault/managedHSMs/cli-test-hsm-plr-000002?api-version=2023-02-01
  response:
    body:
      string: '{"sku":{"family":"B","name":"Standard_B1"},"id":"/subscriptions/00000000-0000-0000-0000-000000000000/resourceGroups/cli_test_hsm_plr_rg000001/providers/Microsoft.KeyVault/managedHSMs/cli-test-hsm-plr-000002","name":"cli-test-hsm-plr-000002","type":"Microsoft.KeyVault/managedHSMs","location":"centraluseuap","tags":{},"systemData":{"createdBy":"v-kaisun@microsoft.com","createdByType":"User","createdAt":"2021-10-11T13:41:49.516Z","lastModifiedBy":"v-kaisun@microsoft.com","lastModifiedByType":"User","lastModifiedAt":"2021-10-11T13:42:11.232Z"},"properties":{"tenantId":"54826b22-38d6-4fb2-bad9-b7b93a3e9c5a","hsmUri":"https://cli-test-hsm-plr-000002.managedhsm.azure.net/","initialAdminObjectIds":["3707fb2f-ac10-4591-a04f-8b0d786ea37d"],"enableSoftDelete":true,"softDeleteRetentionInDays":90,"enablePurgeProtection":false,"provisioningState":"Provisioning","statusMessage":"Resource
        creation in progress. Allocating hardware...","networkAcls":{"bypass":"AzureServices","defaultAction":"Allow","ipRules":[],"virtualNetworkRules":[]},"publicNetworkAccess":"Enabled"}}'
    headers:
      cache-control:
      - no-cache
      content-length:
      - '1121'
      content-type:
      - application/json; charset=utf-8
      date:
      - Mon, 11 Oct 2021 13:44:49 GMT
      expires:
      - '-1'
      pragma:
      - no-cache
      server:
      - Microsoft-IIS/10.0
      strict-transport-security:
      - max-age=31536000; includeSubDomains
      transfer-encoding:
      - chunked
      vary:
      - Accept-Encoding
      x-aspnet-version:
      - 4.0.30319
      x-content-type-options:
      - nosniff
      x-ms-keyvault-service-version:
      - 1.5.155.0
      x-powered-by:
      - ASP.NET
    status:
      code: 200
      message: OK
- request:
    body: null
    headers:
      Accept:
      - '*/*'
      Accept-Encoding:
      - gzip, deflate
      CommandName:
      - keyvault create
      Connection:
      - keep-alive
      ParameterSetName:
      - --hsm-name -g -l --administrators
      User-Agent:
      - AZURECLI/2.29.0 azsdk-python-azure-mgmt-keyvault/9.1.0 Python/3.8.3 (Windows-10-10.0.18362-SP0)
    method: GET
    uri: https://management.azure.com/subscriptions/00000000-0000-0000-0000-000000000000/resourceGroups/cli_test_hsm_plr_rg000001/providers/Microsoft.KeyVault/managedHSMs/cli-test-hsm-plr-000002?api-version=2023-02-01
  response:
    body:
      string: '{"sku":{"family":"B","name":"Standard_B1"},"id":"/subscriptions/00000000-0000-0000-0000-000000000000/resourceGroups/cli_test_hsm_plr_rg000001/providers/Microsoft.KeyVault/managedHSMs/cli-test-hsm-plr-000002","name":"cli-test-hsm-plr-000002","type":"Microsoft.KeyVault/managedHSMs","location":"centraluseuap","tags":{},"systemData":{"createdBy":"v-kaisun@microsoft.com","createdByType":"User","createdAt":"2021-10-11T13:41:49.516Z","lastModifiedBy":"v-kaisun@microsoft.com","lastModifiedByType":"User","lastModifiedAt":"2021-10-11T13:42:11.232Z"},"properties":{"tenantId":"54826b22-38d6-4fb2-bad9-b7b93a3e9c5a","hsmUri":"https://cli-test-hsm-plr-000002.managedhsm.azure.net/","initialAdminObjectIds":["3707fb2f-ac10-4591-a04f-8b0d786ea37d"],"enableSoftDelete":true,"softDeleteRetentionInDays":90,"enablePurgeProtection":false,"provisioningState":"Provisioning","statusMessage":"Resource
        creation in progress. Allocating hardware...","networkAcls":{"bypass":"AzureServices","defaultAction":"Allow","ipRules":[],"virtualNetworkRules":[]},"publicNetworkAccess":"Enabled"}}'
    headers:
      cache-control:
      - no-cache
      content-length:
      - '1121'
      content-type:
      - application/json; charset=utf-8
      date:
      - Mon, 11 Oct 2021 13:45:20 GMT
      expires:
      - '-1'
      pragma:
      - no-cache
      server:
      - Microsoft-IIS/10.0
      strict-transport-security:
      - max-age=31536000; includeSubDomains
      transfer-encoding:
      - chunked
      vary:
      - Accept-Encoding
      x-aspnet-version:
      - 4.0.30319
      x-content-type-options:
      - nosniff
      x-ms-keyvault-service-version:
      - 1.5.155.0
      x-powered-by:
      - ASP.NET
    status:
      code: 200
      message: OK
- request:
    body: null
    headers:
      Accept:
      - '*/*'
      Accept-Encoding:
      - gzip, deflate
      CommandName:
      - keyvault create
      Connection:
      - keep-alive
      ParameterSetName:
      - --hsm-name -g -l --administrators
      User-Agent:
      - AZURECLI/2.29.0 azsdk-python-azure-mgmt-keyvault/9.1.0 Python/3.8.3 (Windows-10-10.0.18362-SP0)
    method: GET
    uri: https://management.azure.com/subscriptions/00000000-0000-0000-0000-000000000000/resourceGroups/cli_test_hsm_plr_rg000001/providers/Microsoft.KeyVault/managedHSMs/cli-test-hsm-plr-000002?api-version=2023-02-01
  response:
    body:
      string: '{"sku":{"family":"B","name":"Standard_B1"},"id":"/subscriptions/00000000-0000-0000-0000-000000000000/resourceGroups/cli_test_hsm_plr_rg000001/providers/Microsoft.KeyVault/managedHSMs/cli-test-hsm-plr-000002","name":"cli-test-hsm-plr-000002","type":"Microsoft.KeyVault/managedHSMs","location":"centraluseuap","tags":{},"systemData":{"createdBy":"v-kaisun@microsoft.com","createdByType":"User","createdAt":"2021-10-11T13:41:49.516Z","lastModifiedBy":"v-kaisun@microsoft.com","lastModifiedByType":"User","lastModifiedAt":"2021-10-11T13:42:11.232Z"},"properties":{"tenantId":"54826b22-38d6-4fb2-bad9-b7b93a3e9c5a","hsmUri":"https://cli-test-hsm-plr-000002.managedhsm.azure.net/","initialAdminObjectIds":["3707fb2f-ac10-4591-a04f-8b0d786ea37d"],"enableSoftDelete":true,"softDeleteRetentionInDays":90,"enablePurgeProtection":false,"provisioningState":"Provisioning","statusMessage":"Resource
        creation in progress. Allocating hardware...","networkAcls":{"bypass":"AzureServices","defaultAction":"Allow","ipRules":[],"virtualNetworkRules":[]},"publicNetworkAccess":"Enabled"}}'
    headers:
      cache-control:
      - no-cache
      content-length:
      - '1121'
      content-type:
      - application/json; charset=utf-8
      date:
      - Mon, 11 Oct 2021 13:45:51 GMT
      expires:
      - '-1'
      pragma:
      - no-cache
      server:
      - Microsoft-IIS/10.0
      strict-transport-security:
      - max-age=31536000; includeSubDomains
      transfer-encoding:
      - chunked
      vary:
      - Accept-Encoding
      x-aspnet-version:
      - 4.0.30319
      x-content-type-options:
      - nosniff
      x-ms-keyvault-service-version:
      - 1.5.155.0
      x-powered-by:
      - ASP.NET
    status:
      code: 200
      message: OK
- request:
    body: null
    headers:
      Accept:
      - '*/*'
      Accept-Encoding:
      - gzip, deflate
      CommandName:
      - keyvault create
      Connection:
      - keep-alive
      ParameterSetName:
      - --hsm-name -g -l --administrators
      User-Agent:
      - AZURECLI/2.29.0 azsdk-python-azure-mgmt-keyvault/9.1.0 Python/3.8.3 (Windows-10-10.0.18362-SP0)
    method: GET
    uri: https://management.azure.com/subscriptions/00000000-0000-0000-0000-000000000000/resourceGroups/cli_test_hsm_plr_rg000001/providers/Microsoft.KeyVault/managedHSMs/cli-test-hsm-plr-000002?api-version=2023-02-01
  response:
    body:
      string: '{"sku":{"family":"B","name":"Standard_B1"},"id":"/subscriptions/00000000-0000-0000-0000-000000000000/resourceGroups/cli_test_hsm_plr_rg000001/providers/Microsoft.KeyVault/managedHSMs/cli-test-hsm-plr-000002","name":"cli-test-hsm-plr-000002","type":"Microsoft.KeyVault/managedHSMs","location":"centraluseuap","tags":{},"systemData":{"createdBy":"v-kaisun@microsoft.com","createdByType":"User","createdAt":"2021-10-11T13:41:49.516Z","lastModifiedBy":"v-kaisun@microsoft.com","lastModifiedByType":"User","lastModifiedAt":"2021-10-11T13:42:11.232Z"},"properties":{"tenantId":"54826b22-38d6-4fb2-bad9-b7b93a3e9c5a","hsmUri":"https://cli-test-hsm-plr-000002.managedhsm.azure.net/","initialAdminObjectIds":["3707fb2f-ac10-4591-a04f-8b0d786ea37d"],"enableSoftDelete":true,"softDeleteRetentionInDays":90,"enablePurgeProtection":false,"provisioningState":"Provisioning","statusMessage":"Resource
        creation in progress. Allocating hardware...","networkAcls":{"bypass":"AzureServices","defaultAction":"Allow","ipRules":[],"virtualNetworkRules":[]},"publicNetworkAccess":"Enabled"}}'
    headers:
      cache-control:
      - no-cache
      content-length:
      - '1121'
      content-type:
      - application/json; charset=utf-8
      date:
      - Mon, 11 Oct 2021 13:46:22 GMT
      expires:
      - '-1'
      pragma:
      - no-cache
      server:
      - Microsoft-IIS/10.0
      strict-transport-security:
      - max-age=31536000; includeSubDomains
      transfer-encoding:
      - chunked
      vary:
      - Accept-Encoding
      x-aspnet-version:
      - 4.0.30319
      x-content-type-options:
      - nosniff
      x-ms-keyvault-service-version:
      - 1.5.155.0
      x-powered-by:
      - ASP.NET
    status:
      code: 200
      message: OK
- request:
    body: null
    headers:
      Accept:
      - '*/*'
      Accept-Encoding:
      - gzip, deflate
      CommandName:
      - keyvault create
      Connection:
      - keep-alive
      ParameterSetName:
      - --hsm-name -g -l --administrators
      User-Agent:
      - AZURECLI/2.29.0 azsdk-python-azure-mgmt-keyvault/9.1.0 Python/3.8.3 (Windows-10-10.0.18362-SP0)
    method: GET
    uri: https://management.azure.com/subscriptions/00000000-0000-0000-0000-000000000000/resourceGroups/cli_test_hsm_plr_rg000001/providers/Microsoft.KeyVault/managedHSMs/cli-test-hsm-plr-000002?api-version=2023-02-01
  response:
    body:
      string: '{"sku":{"family":"B","name":"Standard_B1"},"id":"/subscriptions/00000000-0000-0000-0000-000000000000/resourceGroups/cli_test_hsm_plr_rg000001/providers/Microsoft.KeyVault/managedHSMs/cli-test-hsm-plr-000002","name":"cli-test-hsm-plr-000002","type":"Microsoft.KeyVault/managedHSMs","location":"centraluseuap","tags":{},"systemData":{"createdBy":"v-kaisun@microsoft.com","createdByType":"User","createdAt":"2021-10-11T13:41:49.516Z","lastModifiedBy":"v-kaisun@microsoft.com","lastModifiedByType":"User","lastModifiedAt":"2021-10-11T13:42:11.232Z"},"properties":{"tenantId":"54826b22-38d6-4fb2-bad9-b7b93a3e9c5a","hsmUri":"https://cli-test-hsm-plr-000002.managedhsm.azure.net/","initialAdminObjectIds":["3707fb2f-ac10-4591-a04f-8b0d786ea37d"],"enableSoftDelete":true,"softDeleteRetentionInDays":90,"enablePurgeProtection":false,"provisioningState":"Provisioning","statusMessage":"Resource
        creation in progress. Allocating hardware...","networkAcls":{"bypass":"AzureServices","defaultAction":"Allow","ipRules":[],"virtualNetworkRules":[]},"publicNetworkAccess":"Enabled"}}'
    headers:
      cache-control:
      - no-cache
      content-length:
      - '1121'
      content-type:
      - application/json; charset=utf-8
      date:
      - Mon, 11 Oct 2021 13:46:52 GMT
      expires:
      - '-1'
      pragma:
      - no-cache
      server:
      - Microsoft-IIS/10.0
      strict-transport-security:
      - max-age=31536000; includeSubDomains
      transfer-encoding:
      - chunked
      vary:
      - Accept-Encoding
      x-aspnet-version:
      - 4.0.30319
      x-content-type-options:
      - nosniff
      x-ms-keyvault-service-version:
      - 1.5.155.0
      x-powered-by:
      - ASP.NET
    status:
      code: 200
      message: OK
- request:
    body: null
    headers:
      Accept:
      - '*/*'
      Accept-Encoding:
      - gzip, deflate
      CommandName:
      - keyvault create
      Connection:
      - keep-alive
      ParameterSetName:
      - --hsm-name -g -l --administrators
      User-Agent:
      - AZURECLI/2.29.0 azsdk-python-azure-mgmt-keyvault/9.1.0 Python/3.8.3 (Windows-10-10.0.18362-SP0)
    method: GET
    uri: https://management.azure.com/subscriptions/00000000-0000-0000-0000-000000000000/resourceGroups/cli_test_hsm_plr_rg000001/providers/Microsoft.KeyVault/managedHSMs/cli-test-hsm-plr-000002?api-version=2023-02-01
  response:
    body:
      string: '{"sku":{"family":"B","name":"Standard_B1"},"id":"/subscriptions/00000000-0000-0000-0000-000000000000/resourceGroups/cli_test_hsm_plr_rg000001/providers/Microsoft.KeyVault/managedHSMs/cli-test-hsm-plr-000002","name":"cli-test-hsm-plr-000002","type":"Microsoft.KeyVault/managedHSMs","location":"centraluseuap","tags":{},"systemData":{"createdBy":"v-kaisun@microsoft.com","createdByType":"User","createdAt":"2021-10-11T13:41:49.516Z","lastModifiedBy":"v-kaisun@microsoft.com","lastModifiedByType":"User","lastModifiedAt":"2021-10-11T13:42:11.232Z"},"properties":{"tenantId":"54826b22-38d6-4fb2-bad9-b7b93a3e9c5a","hsmUri":"https://cli-test-hsm-plr-000002.managedhsm.azure.net/","initialAdminObjectIds":["3707fb2f-ac10-4591-a04f-8b0d786ea37d"],"enableSoftDelete":true,"softDeleteRetentionInDays":90,"enablePurgeProtection":false,"provisioningState":"Provisioning","statusMessage":"Resource
        creation in progress. Allocating hardware...","networkAcls":{"bypass":"AzureServices","defaultAction":"Allow","ipRules":[],"virtualNetworkRules":[]},"publicNetworkAccess":"Enabled"}}'
    headers:
      cache-control:
      - no-cache
      content-length:
      - '1121'
      content-type:
      - application/json; charset=utf-8
      date:
      - Mon, 11 Oct 2021 13:47:24 GMT
      expires:
      - '-1'
      pragma:
      - no-cache
      server:
      - Microsoft-IIS/10.0
      strict-transport-security:
      - max-age=31536000; includeSubDomains
      transfer-encoding:
      - chunked
      vary:
      - Accept-Encoding
      x-aspnet-version:
      - 4.0.30319
      x-content-type-options:
      - nosniff
      x-ms-keyvault-service-version:
      - 1.5.155.0
      x-powered-by:
      - ASP.NET
    status:
      code: 200
      message: OK
- request:
    body: null
    headers:
      Accept:
      - '*/*'
      Accept-Encoding:
      - gzip, deflate
      CommandName:
      - keyvault create
      Connection:
      - keep-alive
      ParameterSetName:
      - --hsm-name -g -l --administrators
      User-Agent:
      - AZURECLI/2.29.0 azsdk-python-azure-mgmt-keyvault/9.1.0 Python/3.8.3 (Windows-10-10.0.18362-SP0)
    method: GET
    uri: https://management.azure.com/subscriptions/00000000-0000-0000-0000-000000000000/resourceGroups/cli_test_hsm_plr_rg000001/providers/Microsoft.KeyVault/managedHSMs/cli-test-hsm-plr-000002?api-version=2023-02-01
  response:
    body:
      string: '{"sku":{"family":"B","name":"Standard_B1"},"id":"/subscriptions/00000000-0000-0000-0000-000000000000/resourceGroups/cli_test_hsm_plr_rg000001/providers/Microsoft.KeyVault/managedHSMs/cli-test-hsm-plr-000002","name":"cli-test-hsm-plr-000002","type":"Microsoft.KeyVault/managedHSMs","location":"centraluseuap","tags":{},"systemData":{"createdBy":"v-kaisun@microsoft.com","createdByType":"User","createdAt":"2021-10-11T13:41:49.516Z","lastModifiedBy":"v-kaisun@microsoft.com","lastModifiedByType":"User","lastModifiedAt":"2021-10-11T13:42:11.232Z"},"properties":{"tenantId":"54826b22-38d6-4fb2-bad9-b7b93a3e9c5a","hsmUri":"https://cli-test-hsm-plr-000002.managedhsm.azure.net/","initialAdminObjectIds":["3707fb2f-ac10-4591-a04f-8b0d786ea37d"],"enableSoftDelete":true,"softDeleteRetentionInDays":90,"enablePurgeProtection":false,"provisioningState":"Provisioning","statusMessage":"Resource
        creation in progress. Starting service...","networkAcls":{"bypass":"AzureServices","defaultAction":"Allow","ipRules":[],"virtualNetworkRules":[]},"publicNetworkAccess":"Enabled"}}'
    headers:
      cache-control:
      - no-cache
      content-length:
      - '1118'
      content-type:
      - application/json; charset=utf-8
      date:
      - Mon, 11 Oct 2021 13:47:54 GMT
      expires:
      - '-1'
      pragma:
      - no-cache
      server:
      - Microsoft-IIS/10.0
      strict-transport-security:
      - max-age=31536000; includeSubDomains
      transfer-encoding:
      - chunked
      vary:
      - Accept-Encoding
      x-aspnet-version:
      - 4.0.30319
      x-content-type-options:
      - nosniff
      x-ms-keyvault-service-version:
      - 1.5.155.0
      x-powered-by:
      - ASP.NET
    status:
      code: 200
      message: OK
- request:
    body: null
    headers:
      Accept:
      - '*/*'
      Accept-Encoding:
      - gzip, deflate
      CommandName:
      - keyvault create
      Connection:
      - keep-alive
      ParameterSetName:
      - --hsm-name -g -l --administrators
      User-Agent:
      - AZURECLI/2.29.0 azsdk-python-azure-mgmt-keyvault/9.1.0 Python/3.8.3 (Windows-10-10.0.18362-SP0)
    method: GET
    uri: https://management.azure.com/subscriptions/00000000-0000-0000-0000-000000000000/resourceGroups/cli_test_hsm_plr_rg000001/providers/Microsoft.KeyVault/managedHSMs/cli-test-hsm-plr-000002?api-version=2023-02-01
  response:
    body:
      string: '{"sku":{"family":"B","name":"Standard_B1"},"id":"/subscriptions/00000000-0000-0000-0000-000000000000/resourceGroups/cli_test_hsm_plr_rg000001/providers/Microsoft.KeyVault/managedHSMs/cli-test-hsm-plr-000002","name":"cli-test-hsm-plr-000002","type":"Microsoft.KeyVault/managedHSMs","location":"centraluseuap","tags":{},"systemData":{"createdBy":"v-kaisun@microsoft.com","createdByType":"User","createdAt":"2021-10-11T13:41:49.516Z","lastModifiedBy":"v-kaisun@microsoft.com","lastModifiedByType":"User","lastModifiedAt":"2021-10-11T13:42:11.232Z"},"properties":{"tenantId":"54826b22-38d6-4fb2-bad9-b7b93a3e9c5a","hsmUri":"https://cli-test-hsm-plr-000002.managedhsm.azure.net/","initialAdminObjectIds":["3707fb2f-ac10-4591-a04f-8b0d786ea37d"],"enableSoftDelete":true,"softDeleteRetentionInDays":90,"enablePurgeProtection":false,"provisioningState":"Provisioning","statusMessage":"Resource
        creation in progress. Starting service...","networkAcls":{"bypass":"AzureServices","defaultAction":"Allow","ipRules":[],"virtualNetworkRules":[]},"publicNetworkAccess":"Enabled"}}'
    headers:
      cache-control:
      - no-cache
      content-length:
      - '1118'
      content-type:
      - application/json; charset=utf-8
      date:
      - Mon, 11 Oct 2021 13:48:26 GMT
      expires:
      - '-1'
      pragma:
      - no-cache
      server:
      - Microsoft-IIS/10.0
      strict-transport-security:
      - max-age=31536000; includeSubDomains
      transfer-encoding:
      - chunked
      vary:
      - Accept-Encoding
      x-aspnet-version:
      - 4.0.30319
      x-content-type-options:
      - nosniff
      x-ms-keyvault-service-version:
      - 1.5.155.0
      x-powered-by:
      - ASP.NET
    status:
      code: 200
      message: OK
- request:
    body: null
    headers:
      Accept:
      - '*/*'
      Accept-Encoding:
      - gzip, deflate
      CommandName:
      - keyvault create
      Connection:
      - keep-alive
      ParameterSetName:
      - --hsm-name -g -l --administrators
      User-Agent:
      - AZURECLI/2.29.0 azsdk-python-azure-mgmt-keyvault/9.1.0 Python/3.8.3 (Windows-10-10.0.18362-SP0)
    method: GET
    uri: https://management.azure.com/subscriptions/00000000-0000-0000-0000-000000000000/resourceGroups/cli_test_hsm_plr_rg000001/providers/Microsoft.KeyVault/managedHSMs/cli-test-hsm-plr-000002?api-version=2023-02-01
  response:
    body:
      string: '{"sku":{"family":"B","name":"Standard_B1"},"id":"/subscriptions/00000000-0000-0000-0000-000000000000/resourceGroups/cli_test_hsm_plr_rg000001/providers/Microsoft.KeyVault/managedHSMs/cli-test-hsm-plr-000002","name":"cli-test-hsm-plr-000002","type":"Microsoft.KeyVault/managedHSMs","location":"centraluseuap","tags":{},"systemData":{"createdBy":"v-kaisun@microsoft.com","createdByType":"User","createdAt":"2021-10-11T13:41:49.516Z","lastModifiedBy":"v-kaisun@microsoft.com","lastModifiedByType":"User","lastModifiedAt":"2021-10-11T13:42:11.232Z"},"properties":{"tenantId":"54826b22-38d6-4fb2-bad9-b7b93a3e9c5a","hsmUri":"https://cli-test-hsm-plr-000002.managedhsm.azure.net/","initialAdminObjectIds":["3707fb2f-ac10-4591-a04f-8b0d786ea37d"],"enableSoftDelete":true,"softDeleteRetentionInDays":90,"enablePurgeProtection":false,"provisioningState":"Provisioning","statusMessage":"Resource
        creation in progress. Starting service...","networkAcls":{"bypass":"AzureServices","defaultAction":"Allow","ipRules":[],"virtualNetworkRules":[]},"publicNetworkAccess":"Enabled"}}'
    headers:
      cache-control:
      - no-cache
      content-length:
      - '1118'
      content-type:
      - application/json; charset=utf-8
      date:
      - Mon, 11 Oct 2021 13:48:57 GMT
      expires:
      - '-1'
      pragma:
      - no-cache
      server:
      - Microsoft-IIS/10.0
      strict-transport-security:
      - max-age=31536000; includeSubDomains
      transfer-encoding:
      - chunked
      vary:
      - Accept-Encoding
      x-aspnet-version:
      - 4.0.30319
      x-content-type-options:
      - nosniff
      x-ms-keyvault-service-version:
      - 1.5.155.0
      x-powered-by:
      - ASP.NET
    status:
      code: 200
      message: OK
- request:
    body: null
    headers:
      Accept:
      - '*/*'
      Accept-Encoding:
      - gzip, deflate
      CommandName:
      - keyvault create
      Connection:
      - keep-alive
      ParameterSetName:
      - --hsm-name -g -l --administrators
      User-Agent:
      - AZURECLI/2.29.0 azsdk-python-azure-mgmt-keyvault/9.1.0 Python/3.8.3 (Windows-10-10.0.18362-SP0)
    method: GET
    uri: https://management.azure.com/subscriptions/00000000-0000-0000-0000-000000000000/resourceGroups/cli_test_hsm_plr_rg000001/providers/Microsoft.KeyVault/managedHSMs/cli-test-hsm-plr-000002?api-version=2023-02-01
  response:
    body:
      string: '{"sku":{"family":"B","name":"Standard_B1"},"id":"/subscriptions/00000000-0000-0000-0000-000000000000/resourceGroups/cli_test_hsm_plr_rg000001/providers/Microsoft.KeyVault/managedHSMs/cli-test-hsm-plr-000002","name":"cli-test-hsm-plr-000002","type":"Microsoft.KeyVault/managedHSMs","location":"centraluseuap","tags":{},"systemData":{"createdBy":"v-kaisun@microsoft.com","createdByType":"User","createdAt":"2021-10-11T13:41:49.516Z","lastModifiedBy":"v-kaisun@microsoft.com","lastModifiedByType":"User","lastModifiedAt":"2021-10-11T13:42:11.232Z"},"properties":{"tenantId":"54826b22-38d6-4fb2-bad9-b7b93a3e9c5a","hsmUri":"https://cli-test-hsm-plr-000002.managedhsm.azure.net/","initialAdminObjectIds":["3707fb2f-ac10-4591-a04f-8b0d786ea37d"],"enableSoftDelete":true,"softDeleteRetentionInDays":90,"enablePurgeProtection":false,"provisioningState":"Provisioning","statusMessage":"Resource
        creation in progress. Starting service...","networkAcls":{"bypass":"AzureServices","defaultAction":"Allow","ipRules":[],"virtualNetworkRules":[]},"publicNetworkAccess":"Enabled"}}'
    headers:
      cache-control:
      - no-cache
      content-length:
      - '1118'
      content-type:
      - application/json; charset=utf-8
      date:
      - Mon, 11 Oct 2021 13:49:28 GMT
      expires:
      - '-1'
      pragma:
      - no-cache
      server:
      - Microsoft-IIS/10.0
      strict-transport-security:
      - max-age=31536000; includeSubDomains
      transfer-encoding:
      - chunked
      vary:
      - Accept-Encoding
      x-aspnet-version:
      - 4.0.30319
      x-content-type-options:
      - nosniff
      x-ms-keyvault-service-version:
      - 1.5.155.0
      x-powered-by:
      - ASP.NET
    status:
      code: 200
      message: OK
- request:
    body: null
    headers:
      Accept:
      - '*/*'
      Accept-Encoding:
      - gzip, deflate
      CommandName:
      - keyvault create
      Connection:
      - keep-alive
      ParameterSetName:
      - --hsm-name -g -l --administrators
      User-Agent:
      - AZURECLI/2.29.0 azsdk-python-azure-mgmt-keyvault/9.1.0 Python/3.8.3 (Windows-10-10.0.18362-SP0)
    method: GET
    uri: https://management.azure.com/subscriptions/00000000-0000-0000-0000-000000000000/resourceGroups/cli_test_hsm_plr_rg000001/providers/Microsoft.KeyVault/managedHSMs/cli-test-hsm-plr-000002?api-version=2023-02-01
  response:
    body:
      string: '{"sku":{"family":"B","name":"Standard_B1"},"id":"/subscriptions/00000000-0000-0000-0000-000000000000/resourceGroups/cli_test_hsm_plr_rg000001/providers/Microsoft.KeyVault/managedHSMs/cli-test-hsm-plr-000002","name":"cli-test-hsm-plr-000002","type":"Microsoft.KeyVault/managedHSMs","location":"centraluseuap","tags":{},"systemData":{"createdBy":"v-kaisun@microsoft.com","createdByType":"User","createdAt":"2021-10-11T13:41:49.516Z","lastModifiedBy":"v-kaisun@microsoft.com","lastModifiedByType":"User","lastModifiedAt":"2021-10-11T13:42:11.232Z"},"properties":{"tenantId":"54826b22-38d6-4fb2-bad9-b7b93a3e9c5a","hsmUri":"https://cli-test-hsm-plr-000002.managedhsm.azure.net/","initialAdminObjectIds":["3707fb2f-ac10-4591-a04f-8b0d786ea37d"],"enableSoftDelete":true,"softDeleteRetentionInDays":90,"enablePurgeProtection":false,"provisioningState":"Provisioning","statusMessage":"Resource
        creation in progress. Starting service...","networkAcls":{"bypass":"AzureServices","defaultAction":"Allow","ipRules":[],"virtualNetworkRules":[]},"publicNetworkAccess":"Enabled"}}'
    headers:
      cache-control:
      - no-cache
      content-length:
      - '1118'
      content-type:
      - application/json; charset=utf-8
      date:
      - Mon, 11 Oct 2021 13:49:59 GMT
      expires:
      - '-1'
      pragma:
      - no-cache
      server:
      - Microsoft-IIS/10.0
      strict-transport-security:
      - max-age=31536000; includeSubDomains
      transfer-encoding:
      - chunked
      vary:
      - Accept-Encoding
      x-aspnet-version:
      - 4.0.30319
      x-content-type-options:
      - nosniff
      x-ms-keyvault-service-version:
      - 1.5.155.0
      x-powered-by:
      - ASP.NET
    status:
      code: 200
      message: OK
- request:
    body: null
    headers:
      Accept:
      - '*/*'
      Accept-Encoding:
      - gzip, deflate
      CommandName:
      - keyvault create
      Connection:
      - keep-alive
      ParameterSetName:
      - --hsm-name -g -l --administrators
      User-Agent:
      - AZURECLI/2.29.0 azsdk-python-azure-mgmt-keyvault/9.1.0 Python/3.8.3 (Windows-10-10.0.18362-SP0)
    method: GET
    uri: https://management.azure.com/subscriptions/00000000-0000-0000-0000-000000000000/resourceGroups/cli_test_hsm_plr_rg000001/providers/Microsoft.KeyVault/managedHSMs/cli-test-hsm-plr-000002?api-version=2023-02-01
  response:
    body:
      string: '{"sku":{"family":"B","name":"Standard_B1"},"id":"/subscriptions/00000000-0000-0000-0000-000000000000/resourceGroups/cli_test_hsm_plr_rg000001/providers/Microsoft.KeyVault/managedHSMs/cli-test-hsm-plr-000002","name":"cli-test-hsm-plr-000002","type":"Microsoft.KeyVault/managedHSMs","location":"centraluseuap","tags":{},"systemData":{"createdBy":"v-kaisun@microsoft.com","createdByType":"User","createdAt":"2021-10-11T13:41:49.516Z","lastModifiedBy":"v-kaisun@microsoft.com","lastModifiedByType":"User","lastModifiedAt":"2021-10-11T13:42:11.232Z"},"properties":{"tenantId":"54826b22-38d6-4fb2-bad9-b7b93a3e9c5a","hsmUri":"https://cli-test-hsm-plr-000002.managedhsm.azure.net/","initialAdminObjectIds":["3707fb2f-ac10-4591-a04f-8b0d786ea37d"],"enableSoftDelete":true,"softDeleteRetentionInDays":90,"enablePurgeProtection":false,"provisioningState":"Provisioning","statusMessage":"Resource
        creation in progress. Starting service...","networkAcls":{"bypass":"AzureServices","defaultAction":"Allow","ipRules":[],"virtualNetworkRules":[]},"publicNetworkAccess":"Enabled"}}'
    headers:
      cache-control:
      - no-cache
      content-length:
      - '1118'
      content-type:
      - application/json; charset=utf-8
      date:
      - Mon, 11 Oct 2021 13:50:29 GMT
      expires:
      - '-1'
      pragma:
      - no-cache
      server:
      - Microsoft-IIS/10.0
      strict-transport-security:
      - max-age=31536000; includeSubDomains
      transfer-encoding:
      - chunked
      vary:
      - Accept-Encoding
      x-aspnet-version:
      - 4.0.30319
      x-content-type-options:
      - nosniff
      x-ms-keyvault-service-version:
      - 1.5.155.0
      x-powered-by:
      - ASP.NET
    status:
      code: 200
      message: OK
- request:
    body: null
    headers:
      Accept:
      - '*/*'
      Accept-Encoding:
      - gzip, deflate
      CommandName:
      - keyvault create
      Connection:
      - keep-alive
      ParameterSetName:
      - --hsm-name -g -l --administrators
      User-Agent:
      - AZURECLI/2.29.0 azsdk-python-azure-mgmt-keyvault/9.1.0 Python/3.8.3 (Windows-10-10.0.18362-SP0)
    method: GET
    uri: https://management.azure.com/subscriptions/00000000-0000-0000-0000-000000000000/resourceGroups/cli_test_hsm_plr_rg000001/providers/Microsoft.KeyVault/managedHSMs/cli-test-hsm-plr-000002?api-version=2023-02-01
  response:
    body:
      string: '{"sku":{"family":"B","name":"Standard_B1"},"id":"/subscriptions/00000000-0000-0000-0000-000000000000/resourceGroups/cli_test_hsm_plr_rg000001/providers/Microsoft.KeyVault/managedHSMs/cli-test-hsm-plr-000002","name":"cli-test-hsm-plr-000002","type":"Microsoft.KeyVault/managedHSMs","location":"centraluseuap","tags":{},"systemData":{"createdBy":"v-kaisun@microsoft.com","createdByType":"User","createdAt":"2021-10-11T13:41:49.516Z","lastModifiedBy":"v-kaisun@microsoft.com","lastModifiedByType":"User","lastModifiedAt":"2021-10-11T13:42:11.232Z"},"properties":{"tenantId":"54826b22-38d6-4fb2-bad9-b7b93a3e9c5a","hsmUri":"https://cli-test-hsm-plr-000002.managedhsm.azure.net/","initialAdminObjectIds":["3707fb2f-ac10-4591-a04f-8b0d786ea37d"],"enableSoftDelete":true,"softDeleteRetentionInDays":90,"enablePurgeProtection":false,"provisioningState":"Provisioning","statusMessage":"Resource
        creation in progress. Starting service...","networkAcls":{"bypass":"AzureServices","defaultAction":"Allow","ipRules":[],"virtualNetworkRules":[]},"publicNetworkAccess":"Enabled"}}'
    headers:
      cache-control:
      - no-cache
      content-length:
      - '1118'
      content-type:
      - application/json; charset=utf-8
      date:
      - Mon, 11 Oct 2021 13:51:00 GMT
      expires:
      - '-1'
      pragma:
      - no-cache
      server:
      - Microsoft-IIS/10.0
      strict-transport-security:
      - max-age=31536000; includeSubDomains
      transfer-encoding:
      - chunked
      vary:
      - Accept-Encoding
      x-aspnet-version:
      - 4.0.30319
      x-content-type-options:
      - nosniff
      x-ms-keyvault-service-version:
      - 1.5.155.0
      x-powered-by:
      - ASP.NET
    status:
      code: 200
      message: OK
- request:
    body: null
    headers:
      Accept:
      - '*/*'
      Accept-Encoding:
      - gzip, deflate
      CommandName:
      - keyvault create
      Connection:
      - keep-alive
      ParameterSetName:
      - --hsm-name -g -l --administrators
      User-Agent:
      - AZURECLI/2.29.0 azsdk-python-azure-mgmt-keyvault/9.1.0 Python/3.8.3 (Windows-10-10.0.18362-SP0)
    method: GET
    uri: https://management.azure.com/subscriptions/00000000-0000-0000-0000-000000000000/resourceGroups/cli_test_hsm_plr_rg000001/providers/Microsoft.KeyVault/managedHSMs/cli-test-hsm-plr-000002?api-version=2023-02-01
  response:
    body:
      string: '{"sku":{"family":"B","name":"Standard_B1"},"id":"/subscriptions/00000000-0000-0000-0000-000000000000/resourceGroups/cli_test_hsm_plr_rg000001/providers/Microsoft.KeyVault/managedHSMs/cli-test-hsm-plr-000002","name":"cli-test-hsm-plr-000002","type":"Microsoft.KeyVault/managedHSMs","location":"centraluseuap","tags":{},"systemData":{"createdBy":"v-kaisun@microsoft.com","createdByType":"User","createdAt":"2021-10-11T13:41:49.516Z","lastModifiedBy":"v-kaisun@microsoft.com","lastModifiedByType":"User","lastModifiedAt":"2021-10-11T13:42:11.232Z"},"properties":{"tenantId":"54826b22-38d6-4fb2-bad9-b7b93a3e9c5a","hsmUri":"https://cli-test-hsm-plr-000002.managedhsm.azure.net/","initialAdminObjectIds":["3707fb2f-ac10-4591-a04f-8b0d786ea37d"],"enableSoftDelete":true,"softDeleteRetentionInDays":90,"enablePurgeProtection":false,"provisioningState":"Succeeded","statusMessage":"Resource
        creation in progress. Starting service...","networkAcls":{"bypass":"AzureServices","defaultAction":"Allow","ipRules":[],"virtualNetworkRules":[]},"publicNetworkAccess":"Enabled"}}'
    headers:
      cache-control:
      - no-cache
      content-length:
      - '1115'
      content-type:
      - application/json; charset=utf-8
      date:
      - Mon, 11 Oct 2021 13:51:31 GMT
      expires:
      - '-1'
      pragma:
      - no-cache
      server:
      - Microsoft-IIS/10.0
      strict-transport-security:
      - max-age=31536000; includeSubDomains
      transfer-encoding:
      - chunked
      vary:
      - Accept-Encoding
      x-aspnet-version:
      - 4.0.30319
      x-content-type-options:
      - nosniff
      x-ms-keyvault-service-version:
      - 1.5.155.0
      x-powered-by:
      - ASP.NET
    status:
      code: 200
      message: OK
- request:
    body: null
    headers:
      Accept:
      - '*/*'
      Accept-Encoding:
      - gzip, deflate
      CommandName:
      - network private-link-resource list
      Connection:
      - keep-alive
      ParameterSetName:
      - --name -g --type
      User-Agent:
      - python/3.8.3 (Windows-10-10.0.18362-SP0) AZURECLI/2.29.0
    method: GET
    uri: https://management.azure.com/subscriptions/00000000-0000-0000-0000-000000000000/resourceGroups/cli_test_hsm_plr_rg000001/providers/Microsoft.KeyVault/managedHSMs/cli-test-hsm-plr-000002/privateLinkResources?api-version=2021-04-01-preview
  response:
    body:
      string: '{"value":[{"id":"/subscriptions/00000000-0000-0000-0000-000000000000/resourceGroups/cli_test_hsm_plr_rg000001/providers/Microsoft.KeyVault/managedHSMs/cli-test-hsm-plr-000002/privateLinkResources/managedhsm","name":"managedhsm","type":"Microsoft.KeyVault/managedHSMs/privateLinkResources","properties":{"groupId":"managedhsm","requiredMembers":["default"],"requiredZoneNames":["privatelink.managedhsm.azure.net"]}}]}'
    headers:
      cache-control:
      - no-cache
      content-length:
      - '467'
      content-type:
      - application/json; charset=utf-8
      date:
      - Mon, 11 Oct 2021 13:51:35 GMT
      expires:
      - '-1'
      pragma:
      - no-cache
      server:
      - Microsoft-IIS/10.0
      strict-transport-security:
      - max-age=31536000; includeSubDomains
      transfer-encoding:
      - chunked
      vary:
      - Accept-Encoding
      x-aspnet-version:
      - 4.0.30319
      x-content-type-options:
      - nosniff
      x-ms-keyvault-service-version:
      - 1.5.155.0
      x-powered-by:
      - ASP.NET
    status:
      code: 200
      message: OK
- request:
    body: null
    headers:
      Accept:
      - application/json
      Accept-Encoding:
      - gzip, deflate
      CommandName:
      - keyvault delete
      Connection:
      - keep-alive
      Content-Length:
      - '0'
      ParameterSetName:
      - --hsm-name -g
      User-Agent:
      - AZURECLI/2.29.0 azsdk-python-azure-mgmt-keyvault/9.1.0 Python/3.8.3 (Windows-10-10.0.18362-SP0)
    method: DELETE
    uri: https://management.azure.com/subscriptions/00000000-0000-0000-0000-000000000000/resourceGroups/cli_test_hsm_plr_rg000001/providers/Microsoft.KeyVault/managedHSMs/cli-test-hsm-plr-000002?api-version=2023-02-01
  response:
    body:
      string: ''
    headers:
      cache-control:
      - no-cache
      content-length:
      - '0'
      date:
      - Mon, 11 Oct 2021 13:51:38 GMT
      expires:
      - '-1'
      location:
      - https://management.azure.com/subscriptions/00000000-0000-0000-0000-000000000000/resourceGroups/cli_test_hsm_plr_rg000001/providers/Microsoft.KeyVault/managedhsms/cli-test-hsm-plr-000002?api-version=2023-02-01&kv-operation=eyJjb2RlIjoiU29mdERlbGV0ZU1hbmFnZWRIc21Bc3luYyJ9
      pragma:
      - no-cache
      server:
      - Microsoft-IIS/10.0
      strict-transport-security:
      - max-age=31536000; includeSubDomains
      x-aspnet-version:
      - 4.0.30319
      x-content-type-options:
      - nosniff
      x-ms-keyvault-service-version:
      - 1.5.155.0
      x-ms-ratelimit-remaining-subscription-deletes:
      - '14998'
      x-powered-by:
      - ASP.NET
    status:
      code: 202
      message: Accepted
- request:
    body: null
    headers:
      Accept:
      - '*/*'
      Accept-Encoding:
      - gzip, deflate
      CommandName:
      - keyvault delete
      Connection:
      - keep-alive
      ParameterSetName:
      - --hsm-name -g
      User-Agent:
      - AZURECLI/2.29.0 azsdk-python-azure-mgmt-keyvault/9.1.0 Python/3.8.3 (Windows-10-10.0.18362-SP0)
    method: GET
    uri: https://management.azure.com/subscriptions/00000000-0000-0000-0000-000000000000/resourceGroups/cli_test_hsm_plr_rg000001/providers/Microsoft.KeyVault/managedhsms/cli-test-hsm-plr-000002?api-version=2023-02-01&kv-operation=eyJjb2RlIjoiU29mdERlbGV0ZU1hbmFnZWRIc21Bc3luYyJ9
  response:
    body:
      string: '{"error":{"code":"GatewayTimeout","message":"The gateway did not receive
        a response from ''Microsoft.KeyVault'' within the specified time period."}}'
    headers:
      cache-control:
      - no-cache
      connection:
      - close
      content-length:
      - '146'
      content-type:
      - application/json; charset=utf-8
      date:
      - Mon, 11 Oct 2021 13:52:28 GMT
      expires:
      - '-1'
      pragma:
      - no-cache
      strict-transport-security:
      - max-age=31536000; includeSubDomains
      x-content-type-options:
      - nosniff
      x-ms-failure-cause:
      - service
    status:
      code: 504
      message: Gateway Timeout
- request:
    body: null
    headers:
      Accept:
      - '*/*'
      Accept-Encoding:
      - gzip, deflate
      CommandName:
      - keyvault delete
      Connection:
      - keep-alive
      ParameterSetName:
      - --hsm-name -g
      User-Agent:
      - AZURECLI/2.29.0 azsdk-python-azure-mgmt-keyvault/9.1.0 Python/3.8.3 (Windows-10-10.0.18362-SP0)
    method: GET
    uri: https://management.azure.com/subscriptions/00000000-0000-0000-0000-000000000000/resourceGroups/cli_test_hsm_plr_rg000001/providers/Microsoft.KeyVault/managedhsms/cli-test-hsm-plr-000002?api-version=2023-02-01&kv-operation=eyJjb2RlIjoiU29mdERlbGV0ZU1hbmFnZWRIc21Bc3luYyJ9
  response:
    body:
      string: ''
    headers:
      cache-control:
      - no-cache
      content-length:
      - '0'
      date:
      - Mon, 11 Oct 2021 13:52:30 GMT
      expires:
      - '-1'
      location:
      - https://management.azure.com/subscriptions/00000000-0000-0000-0000-000000000000/resourceGroups/cli_test_hsm_plr_rg000001/providers/Microsoft.KeyVault/managedhsms/cli-test-hsm-plr-000002?api-version=2023-02-01&kv-operation=eyJjb2RlIjoiU29mdERlbGV0ZU1hbmFnZWRIc21Bc3luYyJ9
      pragma:
      - no-cache
      server:
      - Microsoft-IIS/10.0
      strict-transport-security:
      - max-age=31536000; includeSubDomains
      x-aspnet-version:
      - 4.0.30319
      x-content-type-options:
      - nosniff
      x-ms-keyvault-service-version:
      - 1.5.155.0
      x-powered-by:
      - ASP.NET
    status:
      code: 202
      message: Accepted
- request:
    body: null
    headers:
      Accept:
      - '*/*'
      Accept-Encoding:
      - gzip, deflate
      CommandName:
      - keyvault delete
      Connection:
      - keep-alive
      ParameterSetName:
      - --hsm-name -g
      User-Agent:
      - AZURECLI/2.29.0 azsdk-python-azure-mgmt-keyvault/9.1.0 Python/3.8.3 (Windows-10-10.0.18362-SP0)
    method: GET
    uri: https://management.azure.com/subscriptions/00000000-0000-0000-0000-000000000000/resourceGroups/cli_test_hsm_plr_rg000001/providers/Microsoft.KeyVault/managedhsms/cli-test-hsm-plr-000002?api-version=2023-02-01&kv-operation=eyJjb2RlIjoiU29mdERlbGV0ZU1hbmFnZWRIc21Bc3luYyJ9
  response:
    body:
      string: '{"error":{"code":"ResourceNotFound","message":"The Resource ''Microsoft.KeyVault/managedHSMs/cli-test-hsm-plr-000002''
        under resource group ''cli_test_hsm_plr_rg000001'' was not found. For more
        details please go to https://aka.ms/ARMResourceNotFoundFix"}}'
    headers:
      cache-control:
      - no-cache
      content-length:
      - '302'
      content-type:
      - application/json; charset=utf-8
      date:
      - Mon, 11 Oct 2021 13:53:02 GMT
      expires:
      - '-1'
      pragma:
      - no-cache
      strict-transport-security:
      - max-age=31536000; includeSubDomains
      x-content-type-options:
      - nosniff
      x-ms-failure-cause:
      - gateway
    status:
      code: 404
      message: Not Found
- request:
    body: null
    headers:
      Accept:
      - application/json
      Accept-Encoding:
      - gzip, deflate
      CommandName:
      - keyvault purge
      Connection:
      - keep-alive
      ParameterSetName:
      - --hsm-name -l
      User-Agent:
      - AZURECLI/2.29.0 azsdk-python-azure-mgmt-keyvault/9.1.0 Python/3.8.3 (Windows-10-10.0.18362-SP0)
    method: GET
    uri: https://management.azure.com/subscriptions/00000000-0000-0000-0000-000000000000/providers/Microsoft.KeyVault/locations/centraluseuap/deletedManagedHSMs/cli-test-hsm-plr-000002?api-version=2023-02-01
  response:
    body:
      string: '{"id":"/subscriptions/00000000-0000-0000-0000-000000000000/providers/Microsoft.KeyVault/locations/centraluseuap/deletedManagedHSMs/cli-test-hsm-plr-000002","name":"cli-test-hsm-plr-000002","type":"Microsoft.Keyvault/deletedManagedHSMs","properties":{"mhsmId":"/subscriptions/00000000-0000-0000-0000-000000000000/resourceGroups/cli_test_hsm_plr_rg000001/providers/Microsoft.KeyVault/managedHSMs/cli-test-hsm-plr-000002","location":"centraluseuap","deletionDate":"2021-10-11T13:51:38Z","scheduledPurgeDate":"2022-01-09T13:51:38Z","purgeProtectionEnabled":false,"tags":{}}}'
    headers:
      cache-control:
      - no-cache
      content-length:
      - '623'
      content-type:
      - application/json; charset=utf-8
      date:
      - Mon, 11 Oct 2021 13:53:05 GMT
      expires:
      - '-1'
      pragma:
      - no-cache
      server:
      - Microsoft-IIS/10.0
      strict-transport-security:
      - max-age=31536000; includeSubDomains
      transfer-encoding:
      - chunked
      vary:
      - Accept-Encoding
      x-aspnet-version:
      - 4.0.30319
      x-content-type-options:
      - nosniff
      x-ms-keyvault-service-version:
      - 1.5.155.0
      x-powered-by:
      - ASP.NET
    status:
      code: 200
      message: OK
- request:
    body: null
    headers:
      Accept:
      - application/json
      Accept-Encoding:
      - gzip, deflate
      CommandName:
      - keyvault purge
      Connection:
      - keep-alive
      Content-Length:
      - '0'
      ParameterSetName:
      - --hsm-name -l
      User-Agent:
      - AZURECLI/2.29.0 azsdk-python-azure-mgmt-keyvault/9.1.0 Python/3.8.3 (Windows-10-10.0.18362-SP0)
    method: POST
    uri: https://management.azure.com/subscriptions/00000000-0000-0000-0000-000000000000/providers/Microsoft.KeyVault/locations/centraluseuap/deletedManagedHSMs/cli-test-hsm-plr-000002/purge?api-version=2023-02-01
  response:
    body:
      string: ''
    headers:
      cache-control:
      - no-cache
      content-length:
      - '0'
      date:
      - Mon, 11 Oct 2021 13:53:10 GMT
      expires:
      - '-1'
      location:
      - https://management.azure.com/subscriptions/00000000-0000-0000-0000-000000000000/providers/Microsoft.KeyVault/locations/centraluseuap/deletedManagedHSMs/cli-test-hsm-plr-000002?api-version=2023-02-01&kv-operation=eyJjb2RlIjoiUHVyZ2VNYW5hZ2VkSHNtQXN5bmMifQ
      pragma:
      - no-cache
      server:
      - Microsoft-IIS/10.0
      strict-transport-security:
      - max-age=31536000; includeSubDomains
      x-aspnet-version:
      - 4.0.30319
      x-content-type-options:
      - nosniff
      x-ms-keyvault-service-version:
      - 1.5.155.0
      x-ms-ratelimit-remaining-subscription-writes:
      - '1199'
      x-powered-by:
      - ASP.NET
    status:
      code: 202
      message: Accepted
- request:
    body: null
    headers:
      Accept:
      - '*/*'
      Accept-Encoding:
      - gzip, deflate
      CommandName:
      - keyvault purge
      Connection:
      - keep-alive
      ParameterSetName:
      - --hsm-name -l
      User-Agent:
      - AZURECLI/2.29.0 azsdk-python-azure-mgmt-keyvault/9.1.0 Python/3.8.3 (Windows-10-10.0.18362-SP0)
    method: GET
    uri: https://management.azure.com/subscriptions/00000000-0000-0000-0000-000000000000/providers/Microsoft.KeyVault/locations/centraluseuap/deletedManagedHSMs/cli-test-hsm-plr-000002?api-version=2023-02-01&kv-operation=eyJjb2RlIjoiUHVyZ2VNYW5hZ2VkSHNtQXN5bmMifQ
  response:
    body:
      string: ''
    headers:
      cache-control:
      - no-cache
      content-length:
      - '0'
      date:
      - Mon, 11 Oct 2021 13:53:41 GMT
      expires:
      - '-1'
      location:
      - https://management.azure.com/subscriptions/00000000-0000-0000-0000-000000000000/providers/Microsoft.KeyVault/locations/centraluseuap/deletedManagedHSMs/cli-test-hsm-plr-000002?api-version=2023-02-01&kv-operation=eyJjb2RlIjoiUHVyZ2VNYW5hZ2VkSHNtQXN5bmMifQ
      pragma:
      - no-cache
      server:
      - Microsoft-IIS/10.0
      strict-transport-security:
      - max-age=31536000; includeSubDomains
      x-aspnet-version:
      - 4.0.30319
      x-content-type-options:
      - nosniff
      x-ms-keyvault-service-version:
      - 1.5.155.0
      x-powered-by:
      - ASP.NET
    status:
      code: 202
      message: Accepted
- request:
    body: null
    headers:
      Accept:
      - '*/*'
      Accept-Encoding:
      - gzip, deflate
      CommandName:
      - keyvault purge
      Connection:
      - keep-alive
      ParameterSetName:
      - --hsm-name -l
      User-Agent:
      - AZURECLI/2.29.0 azsdk-python-azure-mgmt-keyvault/9.1.0 Python/3.8.3 (Windows-10-10.0.18362-SP0)
    method: GET
    uri: https://management.azure.com/subscriptions/00000000-0000-0000-0000-000000000000/providers/Microsoft.KeyVault/locations/centraluseuap/deletedManagedHSMs/cli-test-hsm-plr-000002?api-version=2023-02-01&kv-operation=eyJjb2RlIjoiUHVyZ2VNYW5hZ2VkSHNtQXN5bmMifQ
  response:
    body:
      string: ''
    headers:
      cache-control:
      - no-cache
      content-length:
      - '0'
      date:
      - Mon, 11 Oct 2021 13:54:12 GMT
      expires:
      - '-1'
      location:
      - https://management.azure.com/subscriptions/00000000-0000-0000-0000-000000000000/providers/Microsoft.KeyVault/locations/centraluseuap/deletedManagedHSMs/cli-test-hsm-plr-000002?api-version=2023-02-01&kv-operation=eyJjb2RlIjoiUHVyZ2VNYW5hZ2VkSHNtQXN5bmMifQ
      pragma:
      - no-cache
      server:
      - Microsoft-IIS/10.0
      strict-transport-security:
      - max-age=31536000; includeSubDomains
      x-aspnet-version:
      - 4.0.30319
      x-content-type-options:
      - nosniff
      x-ms-keyvault-service-version:
      - 1.5.155.0
      x-powered-by:
      - ASP.NET
    status:
      code: 202
      message: Accepted
- request:
    body: null
    headers:
      Accept:
      - '*/*'
      Accept-Encoding:
      - gzip, deflate
      CommandName:
      - keyvault purge
      Connection:
      - keep-alive
      ParameterSetName:
      - --hsm-name -l
      User-Agent:
      - AZURECLI/2.29.0 azsdk-python-azure-mgmt-keyvault/9.1.0 Python/3.8.3 (Windows-10-10.0.18362-SP0)
    method: GET
    uri: https://management.azure.com/subscriptions/00000000-0000-0000-0000-000000000000/providers/Microsoft.KeyVault/locations/centraluseuap/deletedManagedHSMs/cli-test-hsm-plr-000002?api-version=2023-02-01&kv-operation=eyJjb2RlIjoiUHVyZ2VNYW5hZ2VkSHNtQXN5bmMifQ
  response:
    body:
      string: ''
    headers:
      cache-control:
      - no-cache
      content-length:
      - '0'
      date:
      - Mon, 11 Oct 2021 13:54:43 GMT
      expires:
      - '-1'
      location:
      - https://management.azure.com/subscriptions/00000000-0000-0000-0000-000000000000/providers/Microsoft.KeyVault/locations/centraluseuap/deletedManagedHSMs/cli-test-hsm-plr-000002?api-version=2023-02-01&kv-operation=eyJjb2RlIjoiUHVyZ2VNYW5hZ2VkSHNtQXN5bmMifQ
      pragma:
      - no-cache
      server:
      - Microsoft-IIS/10.0
      strict-transport-security:
      - max-age=31536000; includeSubDomains
      x-aspnet-version:
      - 4.0.30319
      x-content-type-options:
      - nosniff
      x-ms-keyvault-service-version:
      - 1.5.155.0
      x-powered-by:
      - ASP.NET
    status:
      code: 202
      message: Accepted
- request:
    body: null
    headers:
      Accept:
      - '*/*'
      Accept-Encoding:
      - gzip, deflate
      CommandName:
      - keyvault purge
      Connection:
      - keep-alive
      ParameterSetName:
      - --hsm-name -l
      User-Agent:
      - AZURECLI/2.29.0 azsdk-python-azure-mgmt-keyvault/9.1.0 Python/3.8.3 (Windows-10-10.0.18362-SP0)
    method: GET
    uri: https://management.azure.com/subscriptions/00000000-0000-0000-0000-000000000000/providers/Microsoft.KeyVault/locations/centraluseuap/deletedManagedHSMs/cli-test-hsm-plr-000002?api-version=2023-02-01&kv-operation=eyJjb2RlIjoiUHVyZ2VNYW5hZ2VkSHNtQXN5bmMifQ
  response:
    body:
      string: ''
    headers:
      cache-control:
      - no-cache
      content-length:
      - '0'
      date:
      - Mon, 11 Oct 2021 13:55:13 GMT
      expires:
      - '-1'
      location:
      - https://management.azure.com/subscriptions/00000000-0000-0000-0000-000000000000/providers/Microsoft.KeyVault/locations/centraluseuap/deletedManagedHSMs/cli-test-hsm-plr-000002?api-version=2023-02-01&kv-operation=eyJjb2RlIjoiUHVyZ2VNYW5hZ2VkSHNtQXN5bmMifQ
      pragma:
      - no-cache
      server:
      - Microsoft-IIS/10.0
      strict-transport-security:
      - max-age=31536000; includeSubDomains
      x-aspnet-version:
      - 4.0.30319
      x-content-type-options:
      - nosniff
      x-ms-keyvault-service-version:
      - 1.5.155.0
      x-powered-by:
      - ASP.NET
    status:
      code: 202
      message: Accepted
- request:
    body: null
    headers:
      Accept:
      - '*/*'
      Accept-Encoding:
      - gzip, deflate
      CommandName:
      - keyvault purge
      Connection:
      - keep-alive
      ParameterSetName:
      - --hsm-name -l
      User-Agent:
      - AZURECLI/2.29.0 azsdk-python-azure-mgmt-keyvault/9.1.0 Python/3.8.3 (Windows-10-10.0.18362-SP0)
    method: GET
    uri: https://management.azure.com/subscriptions/00000000-0000-0000-0000-000000000000/providers/Microsoft.KeyVault/locations/centraluseuap/deletedManagedHSMs/cli-test-hsm-plr-000002?api-version=2023-02-01&kv-operation=eyJjb2RlIjoiUHVyZ2VNYW5hZ2VkSHNtQXN5bmMifQ
  response:
    body:
      string: ''
    headers:
      cache-control:
      - no-cache
      content-length:
      - '0'
      date:
      - Mon, 11 Oct 2021 13:55:44 GMT
      expires:
      - '-1'
      location:
      - https://management.azure.com/subscriptions/00000000-0000-0000-0000-000000000000/providers/Microsoft.KeyVault/locations/centraluseuap/deletedManagedHSMs/cli-test-hsm-plr-000002?api-version=2023-02-01&kv-operation=eyJjb2RlIjoiUHVyZ2VNYW5hZ2VkSHNtQXN5bmMifQ
      pragma:
      - no-cache
      server:
      - Microsoft-IIS/10.0
      strict-transport-security:
      - max-age=31536000; includeSubDomains
      x-aspnet-version:
      - 4.0.30319
      x-content-type-options:
      - nosniff
      x-ms-keyvault-service-version:
      - 1.5.155.0
      x-powered-by:
      - ASP.NET
    status:
      code: 202
      message: Accepted
- request:
    body: null
    headers:
      Accept:
      - '*/*'
      Accept-Encoding:
      - gzip, deflate
      CommandName:
      - keyvault purge
      Connection:
      - keep-alive
      ParameterSetName:
      - --hsm-name -l
      User-Agent:
      - AZURECLI/2.29.0 azsdk-python-azure-mgmt-keyvault/9.1.0 Python/3.8.3 (Windows-10-10.0.18362-SP0)
    method: GET
    uri: https://management.azure.com/subscriptions/00000000-0000-0000-0000-000000000000/providers/Microsoft.KeyVault/locations/centraluseuap/deletedManagedHSMs/cli-test-hsm-plr-000002?api-version=2023-02-01&kv-operation=eyJjb2RlIjoiUHVyZ2VNYW5hZ2VkSHNtQXN5bmMifQ
  response:
    body:
      string: ''
    headers:
      cache-control:
      - no-cache
      content-length:
      - '0'
      date:
      - Mon, 11 Oct 2021 13:56:16 GMT
      expires:
      - '-1'
      location:
      - https://management.azure.com/subscriptions/00000000-0000-0000-0000-000000000000/providers/Microsoft.KeyVault/locations/centraluseuap/deletedManagedHSMs/cli-test-hsm-plr-000002?api-version=2023-02-01&kv-operation=eyJjb2RlIjoiUHVyZ2VNYW5hZ2VkSHNtQXN5bmMifQ
      pragma:
      - no-cache
      server:
      - Microsoft-IIS/10.0
      strict-transport-security:
      - max-age=31536000; includeSubDomains
      x-aspnet-version:
      - 4.0.30319
      x-content-type-options:
      - nosniff
      x-ms-keyvault-service-version:
      - 1.5.155.0
      x-powered-by:
      - ASP.NET
    status:
      code: 202
      message: Accepted
- request:
    body: null
    headers:
      Accept:
      - '*/*'
      Accept-Encoding:
      - gzip, deflate
      CommandName:
      - keyvault purge
      Connection:
      - keep-alive
      ParameterSetName:
      - --hsm-name -l
      User-Agent:
      - AZURECLI/2.29.0 azsdk-python-azure-mgmt-keyvault/9.1.0 Python/3.8.3 (Windows-10-10.0.18362-SP0)
    method: GET
    uri: https://management.azure.com/subscriptions/00000000-0000-0000-0000-000000000000/providers/Microsoft.KeyVault/locations/centraluseuap/deletedManagedHSMs/cli-test-hsm-plr-000002?api-version=2023-02-01&kv-operation=eyJjb2RlIjoiUHVyZ2VNYW5hZ2VkSHNtQXN5bmMifQ
  response:
    body:
      string: ''
    headers:
      cache-control:
      - no-cache
      content-length:
      - '0'
      date:
      - Mon, 11 Oct 2021 13:56:46 GMT
      expires:
      - '-1'
      location:
      - https://management.azure.com/subscriptions/00000000-0000-0000-0000-000000000000/providers/Microsoft.KeyVault/locations/centraluseuap/deletedManagedHSMs/cli-test-hsm-plr-000002?api-version=2023-02-01&kv-operation=eyJjb2RlIjoiUHVyZ2VNYW5hZ2VkSHNtQXN5bmMifQ
      pragma:
      - no-cache
      server:
      - Microsoft-IIS/10.0
      strict-transport-security:
      - max-age=31536000; includeSubDomains
      x-aspnet-version:
      - 4.0.30319
      x-content-type-options:
      - nosniff
      x-ms-keyvault-service-version:
      - 1.5.155.0
      x-powered-by:
      - ASP.NET
    status:
      code: 202
      message: Accepted
- request:
    body: null
    headers:
      Accept:
      - '*/*'
      Accept-Encoding:
      - gzip, deflate
      CommandName:
      - keyvault purge
      Connection:
      - keep-alive
      ParameterSetName:
      - --hsm-name -l
      User-Agent:
      - AZURECLI/2.29.0 azsdk-python-azure-mgmt-keyvault/9.1.0 Python/3.8.3 (Windows-10-10.0.18362-SP0)
    method: GET
    uri: https://management.azure.com/subscriptions/00000000-0000-0000-0000-000000000000/providers/Microsoft.KeyVault/locations/centraluseuap/deletedManagedHSMs/cli-test-hsm-plr-000002?api-version=2023-02-01&kv-operation=eyJjb2RlIjoiUHVyZ2VNYW5hZ2VkSHNtQXN5bmMifQ
  response:
    body:
      string: ''
    headers:
      cache-control:
      - no-cache
      content-length:
      - '0'
      date:
      - Mon, 11 Oct 2021 13:57:18 GMT
      expires:
      - '-1'
      location:
      - https://management.azure.com/subscriptions/00000000-0000-0000-0000-000000000000/providers/Microsoft.KeyVault/locations/centraluseuap/deletedManagedHSMs/cli-test-hsm-plr-000002?api-version=2023-02-01&kv-operation=eyJjb2RlIjoiUHVyZ2VNYW5hZ2VkSHNtQXN5bmMifQ
      pragma:
      - no-cache
      server:
      - Microsoft-IIS/10.0
      strict-transport-security:
      - max-age=31536000; includeSubDomains
      x-aspnet-version:
      - 4.0.30319
      x-content-type-options:
      - nosniff
      x-ms-keyvault-service-version:
      - 1.5.155.0
      x-powered-by:
      - ASP.NET
    status:
      code: 202
      message: Accepted
- request:
    body: null
    headers:
      Accept:
      - '*/*'
      Accept-Encoding:
      - gzip, deflate
      CommandName:
      - keyvault purge
      Connection:
      - keep-alive
      ParameterSetName:
      - --hsm-name -l
      User-Agent:
      - AZURECLI/2.29.0 azsdk-python-azure-mgmt-keyvault/9.1.0 Python/3.8.3 (Windows-10-10.0.18362-SP0)
    method: GET
    uri: https://management.azure.com/subscriptions/00000000-0000-0000-0000-000000000000/providers/Microsoft.KeyVault/locations/centraluseuap/deletedManagedHSMs/cli-test-hsm-plr-000002?api-version=2023-02-01&kv-operation=eyJjb2RlIjoiUHVyZ2VNYW5hZ2VkSHNtQXN5bmMifQ
  response:
    body:
      string: ''
    headers:
      cache-control:
      - no-cache
      content-length:
      - '0'
      date:
      - Mon, 11 Oct 2021 13:57:48 GMT
      expires:
      - '-1'
      pragma:
      - no-cache
      server:
      - Microsoft-IIS/10.0
      strict-transport-security:
      - max-age=31536000; includeSubDomains
      x-aspnet-version:
      - 4.0.30319
      x-content-type-options:
      - nosniff
      x-ms-keyvault-service-version:
      - 1.5.155.0
      x-powered-by:
      - ASP.NET
    status:
      code: 200
      message: OK
version: 1
