interactions:
- request:
    body: null
    headers:
      Accept:
      - application/json
      Accept-Encoding:
      - gzip, deflate
      CommandName:
      - vm create
      Connection:
      - keep-alive
      ParameterSetName:
      - -g -n --image --admin-username --admin-password --authentication-type --nsg-rule
      User-Agent:
      - AZURECLI/2.53.0 azsdk-python-azure-mgmt-resource/23.1.0b2 Python/3.9.5 (Windows-10-10.0.22621-SP0)
    method: GET
    uri: https://management.azure.com/subscriptions/00000000-0000-0000-0000-000000000000/resourcegroups/cli_nic_convenience_test000001?api-version=2022-09-01
  response:
    body:
      string: '{"id":"/subscriptions/00000000-0000-0000-0000-000000000000/resourceGroups/cli_nic_convenience_test000001","name":"cli_nic_convenience_test000001","type":"Microsoft.Resources/resourceGroups","location":"westus","tags":{"product":"azurecli","cause":"automation","test":"test_network_nic_convenience_commands","date":"2023-10-30T02:34:52Z","module":"network"},"properties":{"provisioningState":"Succeeded"}}'
    headers:
      cache-control:
      - no-cache
      content-length:
      - '404'
      content-type:
      - application/json; charset=utf-8
      date:
      - Mon, 30 Oct 2023 02:34:56 GMT
      expires:
      - '-1'
      pragma:
      - no-cache
      strict-transport-security:
      - max-age=31536000; includeSubDomains
      vary:
      - Accept-Encoding
      x-content-type-options:
      - nosniff
    status:
      code: 200
      message: OK
- request:
    body: null
    headers:
      Accept:
      - application/json
      Accept-Encoding:
      - gzip, deflate
      CommandName:
      - vm create
      Connection:
      - keep-alive
      ParameterSetName:
      - -g -n --image --admin-username --admin-password --authentication-type --nsg-rule
      User-Agent:
      - AZURECLI/2.53.0 azsdk-python-azure-mgmt-compute/30.2.0 Python/3.9.5 (Windows-10-10.0.22621-SP0)
    method: GET
    uri: https://management.azure.com/subscriptions/00000000-0000-0000-0000-000000000000/providers/Microsoft.Compute/locations/westus/publishers/Canonical/artifacttypes/vmimage/offers/UbuntuServer/skus/18.04-LTS/versions?$top=1&$orderby=name%20desc&api-version=2022-11-01
  response:
    body:
      string: "[\r\n  {\r\n    \"location\": \"westus\",\r\n    \"name\": \"18.04.202306070\",\r\n
        \   \"id\": \"/Subscriptions/00000000-0000-0000-0000-000000000000/Providers/Microsoft.Compute/Locations/westus/Publishers/Canonical/ArtifactTypes/VMImage/Offers/UbuntuServer/Skus/18.04-LTS/Versions/18.04.202306070\"\r\n
        \ }\r\n]"
    headers:
      cache-control:
      - no-cache
      content-length:
      - '286'
      content-type:
      - application/json; charset=utf-8
      date:
      - Mon, 30 Oct 2023 02:34:57 GMT
      expires:
      - '-1'
      pragma:
      - no-cache
      server:
      - Microsoft-HTTPAPI/2.0
      - Microsoft-HTTPAPI/2.0
      strict-transport-security:
      - max-age=31536000; includeSubDomains
      transfer-encoding:
      - chunked
      vary:
      - Accept-Encoding
      x-content-type-options:
      - nosniff
      x-ms-ratelimit-remaining-resource:
      - Microsoft.Compute/ListVMImagesVersionsFromLocation3Min;15999,Microsoft.Compute/ListVMImagesVersionsFromLocation30Min;43999
    status:
      code: 200
      message: OK
- request:
    body: null
    headers:
      Accept:
      - application/json
      Accept-Encoding:
      - gzip, deflate
      CommandName:
      - vm create
      Connection:
      - keep-alive
      ParameterSetName:
      - -g -n --image --admin-username --admin-password --authentication-type --nsg-rule
      User-Agent:
      - AZURECLI/2.53.0 azsdk-python-azure-mgmt-compute/30.2.0 Python/3.9.5 (Windows-10-10.0.22621-SP0)
    method: GET
    uri: https://management.azure.com/subscriptions/00000000-0000-0000-0000-000000000000/providers/Microsoft.Compute/locations/westus/publishers/Canonical/artifacttypes/vmimage/offers/UbuntuServer/skus/18.04-LTS/versions/18.04.202306070?api-version=2022-11-01
  response:
    body:
      string: "{\r\n  \"properties\": {\r\n    \"hyperVGeneration\": \"V1\",\r\n    \"architecture\":
        \"x64\",\r\n    \"replicaType\": \"Unmanaged\",\r\n    \"disallowed\": {\r\n
        \     \"vmDiskType\": \"None\"\r\n    },\r\n    \"automaticOSUpgradeProperties\":
        {\r\n      \"automaticOSUpgradeSupported\": true\r\n    },\r\n    \"imageDeprecationStatus\":
        {\r\n      \"imageState\": \"Active\"\r\n    },\r\n    \"features\": [\r\n
        \     {\r\n        \"name\": \"IsAcceleratedNetworkSupported\",\r\n        \"value\":
        \"True\"\r\n      },\r\n      {\r\n        \"name\": \"DiskControllerTypes\",\r\n
        \       \"value\": \"SCSI, NVMe\"\r\n      },\r\n      {\r\n        \"name\":
        \"IsHibernateSupported\",\r\n        \"value\": \"True\"\r\n      }\r\n    ],\r\n
        \   \"osDiskImage\": {\r\n      \"operatingSystem\": \"Linux\",\r\n      \"sizeInBytes\":
        32213303808\r\n    },\r\n    \"dataDiskImages\": []\r\n  },\r\n  \"location\":
        \"westus\",\r\n  \"name\": \"18.04.202306070\",\r\n  \"id\": \"/Subscriptions/00000000-0000-0000-0000-000000000000/Providers/Microsoft.Compute/Locations/westus/Publishers/Canonical/ArtifactTypes/VMImage/Offers/UbuntuServer/Skus/18.04-LTS/Versions/18.04.202306070\"\r\n}"
    headers:
      cache-control:
      - no-cache
      content-length:
      - '1025'
      content-type:
      - application/json; charset=utf-8
      date:
      - Mon, 30 Oct 2023 02:34:58 GMT
      expires:
      - '-1'
      pragma:
      - no-cache
      server:
      - Microsoft-HTTPAPI/2.0
      - Microsoft-HTTPAPI/2.0
      strict-transport-security:
      - max-age=31536000; includeSubDomains
      transfer-encoding:
      - chunked
      vary:
      - Accept-Encoding
      x-content-type-options:
      - nosniff
      x-ms-ratelimit-remaining-resource:
      - Microsoft.Compute/GetVMImageFromLocation3Min;12999,Microsoft.Compute/GetVMImageFromLocation30Min;73999
    status:
      code: 200
      message: OK
- request:
    body: null
    headers:
      Accept:
      - application/json
      Accept-Encoding:
      - gzip, deflate
      CommandName:
      - vm create
      Connection:
      - keep-alive
      ParameterSetName:
      - -g -n --image --admin-username --admin-password --authentication-type --nsg-rule
      User-Agent:
      - AZURECLI/2.53.0 (AAZ) azsdk-python-core/1.26.0 Python/3.9.5 (Windows-10-10.0.22621-SP0)
    method: GET
    uri: https://management.azure.com/subscriptions/00000000-0000-0000-0000-000000000000/resourceGroups/cli_nic_convenience_test000001/providers/Microsoft.Network/virtualNetworks?api-version=2022-01-01
  response:
    body:
      string: '{"value":[]}'
    headers:
      cache-control:
      - no-cache
      content-length:
      - '12'
      content-type:
      - application/json; charset=utf-8
      date:
      - Mon, 30 Oct 2023 02:34:59 GMT
      expires:
      - '-1'
      pragma:
      - no-cache
      strict-transport-security:
      - max-age=31536000; includeSubDomains
      vary:
      - Accept-Encoding
      x-content-type-options:
      - nosniff
    status:
      code: 200
      message: OK
- request:
    body: null
    headers:
      Accept:
      - application/json
      Accept-Encoding:
      - gzip, deflate
      CommandName:
      - vm create
      Connection:
      - keep-alive
      ParameterSetName:
      - -g -n --image --admin-username --admin-password --authentication-type --nsg-rule
      User-Agent:
      - AZURECLI/2.53.0 azsdk-python-azure-mgmt-compute/30.2.0 Python/3.9.5 (Windows-10-10.0.22621-SP0)
    method: GET
    uri: https://management.azure.com/subscriptions/00000000-0000-0000-0000-000000000000/providers/Microsoft.Compute/locations/westus/publishers/Canonical/artifacttypes/vmimage/offers/UbuntuServer/skus/18.04-LTS/versions?$top=1&$orderby=name%20desc&api-version=2022-11-01
  response:
    body:
      string: "[\r\n  {\r\n    \"location\": \"westus\",\r\n    \"name\": \"18.04.202306070\",\r\n
        \   \"id\": \"/Subscriptions/00000000-0000-0000-0000-000000000000/Providers/Microsoft.Compute/Locations/westus/Publishers/Canonical/ArtifactTypes/VMImage/Offers/UbuntuServer/Skus/18.04-LTS/Versions/18.04.202306070\"\r\n
        \ }\r\n]"
    headers:
      cache-control:
      - no-cache
      content-length:
      - '286'
      content-type:
      - application/json; charset=utf-8
      date:
      - Mon, 30 Oct 2023 02:35:01 GMT
      expires:
      - '-1'
      pragma:
      - no-cache
      server:
      - Microsoft-HTTPAPI/2.0
      - Microsoft-HTTPAPI/2.0
      strict-transport-security:
      - max-age=31536000; includeSubDomains
      transfer-encoding:
      - chunked
      vary:
      - Accept-Encoding
      x-content-type-options:
      - nosniff
      x-ms-ratelimit-remaining-resource:
      - Microsoft.Compute/ListVMImagesVersionsFromLocation3Min;15997,Microsoft.Compute/ListVMImagesVersionsFromLocation30Min;43997
    status:
      code: 200
      message: OK
- request:
    body: null
    headers:
      Accept:
      - application/json
      Accept-Encoding:
      - gzip, deflate
      CommandName:
      - vm create
      Connection:
      - keep-alive
      ParameterSetName:
      - -g -n --image --admin-username --admin-password --authentication-type --nsg-rule
      User-Agent:
      - AZURECLI/2.53.0 azsdk-python-azure-mgmt-compute/30.2.0 Python/3.9.5 (Windows-10-10.0.22621-SP0)
    method: GET
    uri: https://management.azure.com/subscriptions/00000000-0000-0000-0000-000000000000/providers/Microsoft.Compute/locations/westus/publishers/Canonical/artifacttypes/vmimage/offers/UbuntuServer/skus/18.04-LTS/versions/18.04.202306070?api-version=2022-11-01
  response:
    body:
      string: "{\r\n  \"properties\": {\r\n    \"hyperVGeneration\": \"V1\",\r\n    \"architecture\":
        \"x64\",\r\n    \"replicaType\": \"Unmanaged\",\r\n    \"disallowed\": {\r\n
        \     \"vmDiskType\": \"None\"\r\n    },\r\n    \"automaticOSUpgradeProperties\":
        {\r\n      \"automaticOSUpgradeSupported\": true\r\n    },\r\n    \"imageDeprecationStatus\":
        {\r\n      \"imageState\": \"Active\"\r\n    },\r\n    \"features\": [\r\n
        \     {\r\n        \"name\": \"IsAcceleratedNetworkSupported\",\r\n        \"value\":
        \"True\"\r\n      },\r\n      {\r\n        \"name\": \"DiskControllerTypes\",\r\n
        \       \"value\": \"SCSI, NVMe\"\r\n      },\r\n      {\r\n        \"name\":
        \"IsHibernateSupported\",\r\n        \"value\": \"True\"\r\n      }\r\n    ],\r\n
        \   \"osDiskImage\": {\r\n      \"operatingSystem\": \"Linux\",\r\n      \"sizeInBytes\":
        32213303808\r\n    },\r\n    \"dataDiskImages\": []\r\n  },\r\n  \"location\":
        \"westus\",\r\n  \"name\": \"18.04.202306070\",\r\n  \"id\": \"/Subscriptions/00000000-0000-0000-0000-000000000000/Providers/Microsoft.Compute/Locations/westus/Publishers/Canonical/ArtifactTypes/VMImage/Offers/UbuntuServer/Skus/18.04-LTS/Versions/18.04.202306070\"\r\n}"
    headers:
      cache-control:
      - no-cache
      content-length:
      - '1025'
      content-type:
      - application/json; charset=utf-8
      date:
      - Mon, 30 Oct 2023 02:35:02 GMT
      expires:
      - '-1'
      pragma:
      - no-cache
      server:
      - Microsoft-HTTPAPI/2.0
      - Microsoft-HTTPAPI/2.0
      strict-transport-security:
      - max-age=31536000; includeSubDomains
      transfer-encoding:
      - chunked
      vary:
      - Accept-Encoding
      x-content-type-options:
      - nosniff
      x-ms-ratelimit-remaining-resource:
      - Microsoft.Compute/GetVMImageFromLocation3Min;12997,Microsoft.Compute/GetVMImageFromLocation30Min;73997
    status:
      code: 200
      message: OK
- request:
    body: null
    headers:
      Accept:
      - application/json
      Accept-Encoding:
      - gzip, deflate
      CommandName:
      - vm create
      Connection:
      - keep-alive
      ParameterSetName:
      - -g -n --image --admin-username --admin-password --authentication-type --nsg-rule
      User-Agent:
      - AZURECLI/2.53.0 azsdk-python-azure-mgmt-compute/30.2.0 Python/3.9.5 (Windows-10-10.0.22621-SP0)
    method: GET
    uri: https://management.azure.com/subscriptions/00000000-0000-0000-0000-000000000000/providers/Microsoft.Compute/locations/westus/publishers/Canonical/artifacttypes/vmimage/offers/UbuntuServer/skus/18.04-LTS/versions?$top=1&$orderby=name%20desc&api-version=2022-11-01
  response:
    body:
      string: "[\r\n  {\r\n    \"location\": \"westus\",\r\n    \"name\": \"18.04.202306070\",\r\n
        \   \"id\": \"/Subscriptions/00000000-0000-0000-0000-000000000000/Providers/Microsoft.Compute/Locations/westus/Publishers/Canonical/ArtifactTypes/VMImage/Offers/UbuntuServer/Skus/18.04-LTS/Versions/18.04.202306070\"\r\n
        \ }\r\n]"
    headers:
      cache-control:
      - no-cache
      content-length:
      - '286'
      content-type:
      - application/json; charset=utf-8
      date:
      - Mon, 30 Oct 2023 02:35:04 GMT
      expires:
      - '-1'
      pragma:
      - no-cache
      server:
      - Microsoft-HTTPAPI/2.0
      - Microsoft-HTTPAPI/2.0
      strict-transport-security:
      - max-age=31536000; includeSubDomains
      transfer-encoding:
      - chunked
      vary:
      - Accept-Encoding
      x-content-type-options:
      - nosniff
      x-ms-ratelimit-remaining-resource:
      - Microsoft.Compute/ListVMImagesVersionsFromLocation3Min;15995,Microsoft.Compute/ListVMImagesVersionsFromLocation30Min;43995
    status:
      code: 200
      message: OK
- request:
    body: null
    headers:
      Accept:
      - application/json
      Accept-Encoding:
      - gzip, deflate
      CommandName:
      - vm create
      Connection:
      - keep-alive
      ParameterSetName:
      - -g -n --image --admin-username --admin-password --authentication-type --nsg-rule
      User-Agent:
      - AZURECLI/2.53.0 azsdk-python-azure-mgmt-compute/30.2.0 Python/3.9.5 (Windows-10-10.0.22621-SP0)
    method: GET
    uri: https://management.azure.com/subscriptions/00000000-0000-0000-0000-000000000000/providers/Microsoft.Compute/locations/westus/publishers/Canonical/artifacttypes/vmimage/offers/UbuntuServer/skus/18.04-LTS/versions/18.04.202306070?api-version=2022-11-01
  response:
    body:
      string: "{\r\n  \"properties\": {\r\n    \"hyperVGeneration\": \"V1\",\r\n    \"architecture\":
        \"x64\",\r\n    \"replicaType\": \"Unmanaged\",\r\n    \"disallowed\": {\r\n
        \     \"vmDiskType\": \"None\"\r\n    },\r\n    \"automaticOSUpgradeProperties\":
        {\r\n      \"automaticOSUpgradeSupported\": true\r\n    },\r\n    \"imageDeprecationStatus\":
        {\r\n      \"imageState\": \"Active\"\r\n    },\r\n    \"features\": [\r\n
        \     {\r\n        \"name\": \"IsAcceleratedNetworkSupported\",\r\n        \"value\":
        \"True\"\r\n      },\r\n      {\r\n        \"name\": \"DiskControllerTypes\",\r\n
        \       \"value\": \"SCSI, NVMe\"\r\n      },\r\n      {\r\n        \"name\":
        \"IsHibernateSupported\",\r\n        \"value\": \"True\"\r\n      }\r\n    ],\r\n
        \   \"osDiskImage\": {\r\n      \"operatingSystem\": \"Linux\",\r\n      \"sizeInBytes\":
        32213303808\r\n    },\r\n    \"dataDiskImages\": []\r\n  },\r\n  \"location\":
        \"westus\",\r\n  \"name\": \"18.04.202306070\",\r\n  \"id\": \"/Subscriptions/00000000-0000-0000-0000-000000000000/Providers/Microsoft.Compute/Locations/westus/Publishers/Canonical/ArtifactTypes/VMImage/Offers/UbuntuServer/Skus/18.04-LTS/Versions/18.04.202306070\"\r\n}"
    headers:
      cache-control:
      - no-cache
      content-length:
      - '1025'
      content-type:
      - application/json; charset=utf-8
      date:
      - Mon, 30 Oct 2023 02:35:05 GMT
      expires:
      - '-1'
      pragma:
      - no-cache
      server:
      - Microsoft-HTTPAPI/2.0
      - Microsoft-HTTPAPI/2.0
      strict-transport-security:
      - max-age=31536000; includeSubDomains
      transfer-encoding:
      - chunked
      vary:
      - Accept-Encoding
      x-content-type-options:
      - nosniff
      x-ms-ratelimit-remaining-resource:
      - Microsoft.Compute/GetVMImageFromLocation3Min;12995,Microsoft.Compute/GetVMImageFromLocation30Min;73995
    status:
      code: 200
      message: OK
- request:
    body: null
    headers:
      Accept:
      - application/json
      Accept-Encoding:
      - gzip, deflate
      CommandName:
      - vm create
      Connection:
      - keep-alive
      ParameterSetName:
      - -g -n --image --admin-username --admin-password --authentication-type --nsg-rule
      User-Agent:
      - AZURECLI/2.53.0 azsdk-python-azure-mgmt-compute/30.2.0 Python/3.9.5 (Windows-10-10.0.22621-SP0)
    method: GET
    uri: https://management.azure.com/subscriptions/00000000-0000-0000-0000-000000000000/providers/Microsoft.Compute/locations/westus/publishers/Canonical/artifacttypes/vmimage/offers/UbuntuServer/skus/18.04-LTS/versions?$top=1&$orderby=name%20desc&api-version=2022-11-01
  response:
    body:
      string: "[\r\n  {\r\n    \"location\": \"westus\",\r\n    \"name\": \"18.04.202306070\",\r\n
        \   \"id\": \"/Subscriptions/00000000-0000-0000-0000-000000000000/Providers/Microsoft.Compute/Locations/westus/Publishers/Canonical/ArtifactTypes/VMImage/Offers/UbuntuServer/Skus/18.04-LTS/Versions/18.04.202306070\"\r\n
        \ }\r\n]"
    headers:
      cache-control:
      - no-cache
      content-length:
      - '286'
      content-type:
      - application/json; charset=utf-8
      date:
      - Mon, 30 Oct 2023 02:35:06 GMT
      expires:
      - '-1'
      pragma:
      - no-cache
      server:
      - Microsoft-HTTPAPI/2.0
      - Microsoft-HTTPAPI/2.0
      strict-transport-security:
      - max-age=31536000; includeSubDomains
      transfer-encoding:
      - chunked
      vary:
      - Accept-Encoding
      x-content-type-options:
      - nosniff
      x-ms-ratelimit-remaining-resource:
      - Microsoft.Compute/ListVMImagesVersionsFromLocation3Min;15993,Microsoft.Compute/ListVMImagesVersionsFromLocation30Min;43993
    status:
      code: 200
      message: OK
- request:
    body: null
    headers:
      Accept:
      - application/json
      Accept-Encoding:
      - gzip, deflate
      CommandName:
      - vm create
      Connection:
      - keep-alive
      ParameterSetName:
      - -g -n --image --admin-username --admin-password --authentication-type --nsg-rule
      User-Agent:
      - AZURECLI/2.53.0 azsdk-python-azure-mgmt-compute/30.2.0 Python/3.9.5 (Windows-10-10.0.22621-SP0)
    method: GET
    uri: https://management.azure.com/subscriptions/00000000-0000-0000-0000-000000000000/providers/Microsoft.Compute/locations/westus/publishers/Canonical/artifacttypes/vmimage/offers/UbuntuServer/skus/18.04-LTS/versions/18.04.202306070?api-version=2022-11-01
  response:
    body:
      string: "{\r\n  \"properties\": {\r\n    \"hyperVGeneration\": \"V1\",\r\n    \"architecture\":
        \"x64\",\r\n    \"replicaType\": \"Unmanaged\",\r\n    \"disallowed\": {\r\n
        \     \"vmDiskType\": \"None\"\r\n    },\r\n    \"automaticOSUpgradeProperties\":
        {\r\n      \"automaticOSUpgradeSupported\": true\r\n    },\r\n    \"imageDeprecationStatus\":
        {\r\n      \"imageState\": \"Active\"\r\n    },\r\n    \"features\": [\r\n
        \     {\r\n        \"name\": \"IsAcceleratedNetworkSupported\",\r\n        \"value\":
        \"True\"\r\n      },\r\n      {\r\n        \"name\": \"DiskControllerTypes\",\r\n
        \       \"value\": \"SCSI, NVMe\"\r\n      },\r\n      {\r\n        \"name\":
        \"IsHibernateSupported\",\r\n        \"value\": \"True\"\r\n      }\r\n    ],\r\n
        \   \"osDiskImage\": {\r\n      \"operatingSystem\": \"Linux\",\r\n      \"sizeInBytes\":
        32213303808\r\n    },\r\n    \"dataDiskImages\": []\r\n  },\r\n  \"location\":
        \"westus\",\r\n  \"name\": \"18.04.202306070\",\r\n  \"id\": \"/Subscriptions/00000000-0000-0000-0000-000000000000/Providers/Microsoft.Compute/Locations/westus/Publishers/Canonical/ArtifactTypes/VMImage/Offers/UbuntuServer/Skus/18.04-LTS/Versions/18.04.202306070\"\r\n}"
    headers:
      cache-control:
      - no-cache
      content-length:
      - '1025'
      content-type:
      - application/json; charset=utf-8
      date:
      - Mon, 30 Oct 2023 02:35:07 GMT
      expires:
      - '-1'
      pragma:
      - no-cache
      server:
      - Microsoft-HTTPAPI/2.0
      - Microsoft-HTTPAPI/2.0
      strict-transport-security:
      - max-age=31536000; includeSubDomains
      transfer-encoding:
      - chunked
      vary:
      - Accept-Encoding
      x-content-type-options:
      - nosniff
      x-ms-ratelimit-remaining-resource:
      - Microsoft.Compute/GetVMImageFromLocation3Min;12993,Microsoft.Compute/GetVMImageFromLocation30Min;73993
    status:
      code: 200
      message: OK
- request:
    body: '{"properties": {"template": {"$schema": "https://schema.management.azure.com/schemas/2015-01-01/deploymentTemplate.json#",
      "contentVersion": "1.0.0.0", "parameters": {"adminPassword": {"type": "securestring",
      "metadata": {"description": "Secure adminPassword"}}}, "variables": {}, "resources":
      [{"name": "conveniencevm1VNET", "type": "Microsoft.Network/virtualNetworks",
      "location": "westus", "apiVersion": "2015-06-15", "dependsOn": [], "tags": {},
      "properties": {"addressSpace": {"addressPrefixes": ["10.0.0.0/16"]}, "subnets":
      [{"name": "conveniencevm1Subnet", "properties": {"addressPrefix": "10.0.0.0/24"}}]}},
      {"type": "Microsoft.Network/networkSecurityGroups", "name": "conveniencevm1NSG",
      "apiVersion": "2015-06-15", "location": "westus", "tags": {}, "dependsOn": []},
      {"apiVersion": "2022-01-01", "type": "Microsoft.Network/publicIPAddresses",
      "name": "conveniencevm1PublicIP", "location": "westus", "tags": {}, "dependsOn":
      [], "properties": {"publicIPAllocationMethod": null}}, {"apiVersion": "2015-06-15",
      "type": "Microsoft.Network/networkInterfaces", "name": "conveniencevm1VMNic",
      "location": "westus", "tags": {}, "dependsOn": ["Microsoft.Network/virtualNetworks/conveniencevm1VNET",
      "Microsoft.Network/networkSecurityGroups/conveniencevm1NSG", "Microsoft.Network/publicIpAddresses/conveniencevm1PublicIP"],
      "properties": {"ipConfigurations": [{"name": "ipconfigconveniencevm1", "properties":
      {"privateIPAllocationMethod": "Dynamic", "subnet": {"id": "/subscriptions/00000000-0000-0000-0000-000000000000/resourceGroups/cli_nic_convenience_test000001/providers/Microsoft.Network/virtualNetworks/conveniencevm1VNET/subnets/conveniencevm1Subnet"},
      "publicIPAddress": {"id": "/subscriptions/00000000-0000-0000-0000-000000000000/resourceGroups/cli_nic_convenience_test000001/providers/Microsoft.Network/publicIPAddresses/conveniencevm1PublicIP"}}}],
      "networkSecurityGroup": {"id": "/subscriptions/00000000-0000-0000-0000-000000000000/resourceGroups/cli_nic_convenience_test000001/providers/Microsoft.Network/networkSecurityGroups/conveniencevm1NSG"}}},
      {"apiVersion": "2022-11-01", "type": "Microsoft.Compute/virtualMachines", "name":
      "conveniencevm1", "location": "westus", "tags": {}, "dependsOn": ["Microsoft.Network/networkInterfaces/conveniencevm1VMNic"],
      "properties": {"hardwareProfile": {"vmSize": "Standard_DS1_v2"}, "networkProfile":
      {"networkInterfaces": [{"id": "/subscriptions/00000000-0000-0000-0000-000000000000/resourceGroups/cli_nic_convenience_test000001/providers/Microsoft.Network/networkInterfaces/conveniencevm1VMNic",
      "properties": {"deleteOption": null}}]}, "storageProfile": {"osDisk": {"createOption":
      "fromImage", "name": null, "caching": "ReadWrite", "managedDisk": {"storageAccountType":
      null}}, "imageReference": {"publisher": "Canonical", "offer": "UbuntuServer",
      "sku": "18.04-LTS", "version": "latest"}}, "osProfile": {"computerName": "conveniencevm1",
      "adminUsername": "myusername", "adminPassword": "[parameters(''adminPassword'')]"}}}],
      "outputs": {}}, "parameters": {"adminPassword": {"value": "aBcD1234!@#$"}},
      "mode": "incremental"}}'
    headers:
      Accept:
      - application/json
      Accept-Encoding:
      - gzip, deflate
      CommandName:
      - vm create
      Connection:
      - keep-alive
      Content-Length:
      - '3081'
      Content-Type:
      - application/json
      ParameterSetName:
      - -g -n --image --admin-username --admin-password --authentication-type --nsg-rule
      User-Agent:
      - AZURECLI/2.53.0 azsdk-python-azure-mgmt-resource/23.1.0b2 Python/3.9.5 (Windows-10-10.0.22621-SP0)
    method: PUT
    uri: https://management.azure.com/subscriptions/00000000-0000-0000-0000-000000000000/resourcegroups/cli_nic_convenience_test000001/providers/Microsoft.Resources/deployments/mock-deployment?api-version=2022-09-01
  response:
    body:
      string: '{"id":"/subscriptions/00000000-0000-0000-0000-000000000000/resourceGroups/cli_nic_convenience_test000001/providers/Microsoft.Resources/deployments/vm_deploy_zJ79OkVObA1nomZOUbsRfVSfeFjBaPUh","name":"vm_deploy_zJ79OkVObA1nomZOUbsRfVSfeFjBaPUh","type":"Microsoft.Resources/deployments","properties":{"templateHash":"6456577684574133489","parameters":{"adminPassword":{"type":"SecureString"}},"mode":"Incremental","provisioningState":"Accepted","timestamp":"2023-10-30T02:35:15.142976Z","duration":"PT0.0008823S","correlationId":"be4bbde8-8857-41b1-b115-ce9e881bcd80","providers":[{"namespace":"Microsoft.Network","resourceTypes":[{"resourceType":"virtualNetworks","locations":["westus"]},{"resourceType":"networkSecurityGroups","locations":["westus"]},{"resourceType":"publicIPAddresses","locations":["westus"]},{"resourceType":"networkInterfaces","locations":["westus"]}]},{"namespace":"Microsoft.Compute","resourceTypes":[{"resourceType":"virtualMachines","locations":["westus"]}]}],"dependencies":[{"dependsOn":[{"id":"/subscriptions/00000000-0000-0000-0000-000000000000/resourceGroups/cli_nic_convenience_test000001/providers/Microsoft.Network/virtualNetworks/conveniencevm1VNET","resourceType":"Microsoft.Network/virtualNetworks","resourceName":"conveniencevm1VNET"},{"id":"/subscriptions/00000000-0000-0000-0000-000000000000/resourceGroups/cli_nic_convenience_test000001/providers/Microsoft.Network/networkSecurityGroups/conveniencevm1NSG","resourceType":"Microsoft.Network/networkSecurityGroups","resourceName":"conveniencevm1NSG"},{"id":"/subscriptions/00000000-0000-0000-0000-000000000000/resourceGroups/cli_nic_convenience_test000001/providers/Microsoft.Network/publicIPAddresses/conveniencevm1PublicIP","resourceType":"Microsoft.Network/publicIPAddresses","resourceName":"conveniencevm1PublicIP"}],"id":"/subscriptions/00000000-0000-0000-0000-000000000000/resourceGroups/cli_nic_convenience_test000001/providers/Microsoft.Network/networkInterfaces/conveniencevm1VMNic","resourceType":"Microsoft.Network/networkInterfaces","resourceName":"conveniencevm1VMNic"},{"dependsOn":[{"id":"/subscriptions/00000000-0000-0000-0000-000000000000/resourceGroups/cli_nic_convenience_test000001/providers/Microsoft.Network/networkInterfaces/conveniencevm1VMNic","resourceType":"Microsoft.Network/networkInterfaces","resourceName":"conveniencevm1VMNic"}],"id":"/subscriptions/00000000-0000-0000-0000-000000000000/resourceGroups/cli_nic_convenience_test000001/providers/Microsoft.Compute/virtualMachines/conveniencevm1","resourceType":"Microsoft.Compute/virtualMachines","resourceName":"conveniencevm1"}]}}'
    headers:
      azure-asyncoperation:
      - https://management.azure.com/subscriptions/00000000-0000-0000-0000-000000000000/resourcegroups/cli_nic_convenience_test000001/providers/Microsoft.Resources/deployments/vm_deploy_zJ79OkVObA1nomZOUbsRfVSfeFjBaPUh/operationStatuses/08585029735733919914?api-version=2022-09-01
      cache-control:
      - no-cache
      content-length:
      - '2597'
      content-type:
      - application/json; charset=utf-8
      date:
      - Mon, 30 Oct 2023 02:35:16 GMT
      expires:
      - '-1'
      pragma:
      - no-cache
      strict-transport-security:
      - max-age=31536000; includeSubDomains
      x-content-type-options:
      - nosniff
      x-ms-ratelimit-remaining-subscription-writes:
      - '1199'
    status:
      code: 201
      message: Created
- request:
    body: null
    headers:
      Accept:
      - '*/*'
      Accept-Encoding:
      - gzip, deflate
      CommandName:
      - vm create
      Connection:
      - keep-alive
      ParameterSetName:
      - -g -n --image --admin-username --admin-password --authentication-type --nsg-rule
      User-Agent:
      - AZURECLI/2.53.0 azsdk-python-azure-mgmt-resource/23.1.0b2 Python/3.9.5 (Windows-10-10.0.22621-SP0)
    method: GET
    uri: https://management.azure.com/subscriptions/00000000-0000-0000-0000-000000000000/resourcegroups/cli_nic_convenience_test000001/providers/Microsoft.Resources/deployments/mock-deployment/operationStatuses/08585029735733919914?api-version=2022-09-01
  response:
    body:
      string: '{"status":"Accepted"}'
    headers:
      cache-control:
      - no-cache
      content-length:
      - '21'
      content-type:
      - application/json; charset=utf-8
      date:
      - Mon, 30 Oct 2023 02:35:16 GMT
      expires:
      - '-1'
      pragma:
      - no-cache
      strict-transport-security:
      - max-age=31536000; includeSubDomains
      vary:
      - Accept-Encoding
      x-content-type-options:
      - nosniff
    status:
      code: 200
      message: OK
- request:
    body: null
    headers:
      Accept:
      - '*/*'
      Accept-Encoding:
      - gzip, deflate
      CommandName:
      - vm create
      Connection:
      - keep-alive
      ParameterSetName:
      - -g -n --image --admin-username --admin-password --authentication-type --nsg-rule
      User-Agent:
      - AZURECLI/2.53.0 azsdk-python-azure-mgmt-resource/23.1.0b2 Python/3.9.5 (Windows-10-10.0.22621-SP0)
    method: GET
    uri: https://management.azure.com/subscriptions/00000000-0000-0000-0000-000000000000/resourcegroups/cli_nic_convenience_test000001/providers/Microsoft.Resources/deployments/mock-deployment/operationStatuses/08585029735733919914?api-version=2022-09-01
  response:
    body:
      string: '{"status":"Running"}'
    headers:
      cache-control:
      - no-cache
      content-length:
      - '20'
      content-type:
      - application/json; charset=utf-8
      date:
      - Mon, 30 Oct 2023 02:35:47 GMT
      expires:
      - '-1'
      pragma:
      - no-cache
      strict-transport-security:
      - max-age=31536000; includeSubDomains
      vary:
      - Accept-Encoding
      x-content-type-options:
      - nosniff
    status:
      code: 200
      message: OK
- request:
    body: null
    headers:
      Accept:
      - '*/*'
      Accept-Encoding:
      - gzip, deflate
      CommandName:
      - vm create
      Connection:
      - keep-alive
      ParameterSetName:
      - -g -n --image --admin-username --admin-password --authentication-type --nsg-rule
      User-Agent:
      - AZURECLI/2.53.0 azsdk-python-azure-mgmt-resource/23.1.0b2 Python/3.9.5 (Windows-10-10.0.22621-SP0)
    method: GET
    uri: https://management.azure.com/subscriptions/00000000-0000-0000-0000-000000000000/resourcegroups/cli_nic_convenience_test000001/providers/Microsoft.Resources/deployments/mock-deployment/operationStatuses/08585029735733919914?api-version=2022-09-01
  response:
    body:
      string: '{"status":"Succeeded"}'
    headers:
      cache-control:
      - no-cache
      content-length:
      - '22'
      content-type:
      - application/json; charset=utf-8
      date:
      - Mon, 30 Oct 2023 02:36:17 GMT
      expires:
      - '-1'
      pragma:
      - no-cache
      strict-transport-security:
      - max-age=31536000; includeSubDomains
      vary:
      - Accept-Encoding
      x-content-type-options:
      - nosniff
    status:
      code: 200
      message: OK
- request:
    body: null
    headers:
      Accept:
      - '*/*'
      Accept-Encoding:
      - gzip, deflate
      CommandName:
      - vm create
      Connection:
      - keep-alive
      ParameterSetName:
      - -g -n --image --admin-username --admin-password --authentication-type --nsg-rule
      User-Agent:
      - AZURECLI/2.53.0 azsdk-python-azure-mgmt-resource/23.1.0b2 Python/3.9.5 (Windows-10-10.0.22621-SP0)
    method: GET
    uri: https://management.azure.com/subscriptions/00000000-0000-0000-0000-000000000000/resourcegroups/cli_nic_convenience_test000001/providers/Microsoft.Resources/deployments/mock-deployment?api-version=2022-09-01
  response:
    body:
      string: '{"id":"/subscriptions/00000000-0000-0000-0000-000000000000/resourceGroups/cli_nic_convenience_test000001/providers/Microsoft.Resources/deployments/vm_deploy_zJ79OkVObA1nomZOUbsRfVSfeFjBaPUh","name":"vm_deploy_zJ79OkVObA1nomZOUbsRfVSfeFjBaPUh","type":"Microsoft.Resources/deployments","properties":{"templateHash":"6456577684574133489","parameters":{"adminPassword":{"type":"SecureString"}},"mode":"Incremental","provisioningState":"Succeeded","timestamp":"2023-10-30T02:36:03.0026686Z","duration":"PT47.8605749S","correlationId":"be4bbde8-8857-41b1-b115-ce9e881bcd80","providers":[{"namespace":"Microsoft.Network","resourceTypes":[{"resourceType":"virtualNetworks","locations":["westus"]},{"resourceType":"networkSecurityGroups","locations":["westus"]},{"resourceType":"publicIPAddresses","locations":["westus"]},{"resourceType":"networkInterfaces","locations":["westus"]}]},{"namespace":"Microsoft.Compute","resourceTypes":[{"resourceType":"virtualMachines","locations":["westus"]}]}],"dependencies":[{"dependsOn":[{"id":"/subscriptions/00000000-0000-0000-0000-000000000000/resourceGroups/cli_nic_convenience_test000001/providers/Microsoft.Network/virtualNetworks/conveniencevm1VNET","resourceType":"Microsoft.Network/virtualNetworks","resourceName":"conveniencevm1VNET"},{"id":"/subscriptions/00000000-0000-0000-0000-000000000000/resourceGroups/cli_nic_convenience_test000001/providers/Microsoft.Network/networkSecurityGroups/conveniencevm1NSG","resourceType":"Microsoft.Network/networkSecurityGroups","resourceName":"conveniencevm1NSG"},{"id":"/subscriptions/00000000-0000-0000-0000-000000000000/resourceGroups/cli_nic_convenience_test000001/providers/Microsoft.Network/publicIPAddresses/conveniencevm1PublicIP","resourceType":"Microsoft.Network/publicIPAddresses","resourceName":"conveniencevm1PublicIP"}],"id":"/subscriptions/00000000-0000-0000-0000-000000000000/resourceGroups/cli_nic_convenience_test000001/providers/Microsoft.Network/networkInterfaces/conveniencevm1VMNic","resourceType":"Microsoft.Network/networkInterfaces","resourceName":"conveniencevm1VMNic"},{"dependsOn":[{"id":"/subscriptions/00000000-0000-0000-0000-000000000000/resourceGroups/cli_nic_convenience_test000001/providers/Microsoft.Network/networkInterfaces/conveniencevm1VMNic","resourceType":"Microsoft.Network/networkInterfaces","resourceName":"conveniencevm1VMNic"}],"id":"/subscriptions/00000000-0000-0000-0000-000000000000/resourceGroups/cli_nic_convenience_test000001/providers/Microsoft.Compute/virtualMachines/conveniencevm1","resourceType":"Microsoft.Compute/virtualMachines","resourceName":"conveniencevm1"}],"outputs":{},"outputResources":[{"id":"/subscriptions/00000000-0000-0000-0000-000000000000/resourceGroups/cli_nic_convenience_test000001/providers/Microsoft.Compute/virtualMachines/conveniencevm1"},{"id":"/subscriptions/00000000-0000-0000-0000-000000000000/resourceGroups/cli_nic_convenience_test000001/providers/Microsoft.Network/networkInterfaces/conveniencevm1VMNic"},{"id":"/subscriptions/00000000-0000-0000-0000-000000000000/resourceGroups/cli_nic_convenience_test000001/providers/Microsoft.Network/networkSecurityGroups/conveniencevm1NSG"},{"id":"/subscriptions/00000000-0000-0000-0000-000000000000/resourceGroups/cli_nic_convenience_test000001/providers/Microsoft.Network/publicIPAddresses/conveniencevm1PublicIP"},{"id":"/subscriptions/00000000-0000-0000-0000-000000000000/resourceGroups/cli_nic_convenience_test000001/providers/Microsoft.Network/virtualNetworks/conveniencevm1VNET"}]}}'
    headers:
      cache-control:
      - no-cache
      content-length:
      - '3493'
      content-type:
      - application/json; charset=utf-8
      date:
      - Mon, 30 Oct 2023 02:36:17 GMT
      expires:
      - '-1'
      pragma:
      - no-cache
      strict-transport-security:
      - max-age=31536000; includeSubDomains
      vary:
      - Accept-Encoding
      x-content-type-options:
      - nosniff
    status:
      code: 200
      message: OK
- request:
    body: null
    headers:
      Accept:
      - application/json
      Accept-Encoding:
      - gzip, deflate
      CommandName:
      - vm create
      Connection:
      - keep-alive
      ParameterSetName:
      - -g -n --image --admin-username --admin-password --authentication-type --nsg-rule
      User-Agent:
      - AZURECLI/2.53.0 azsdk-python-azure-mgmt-compute/30.2.0 Python/3.9.5 (Windows-10-10.0.22621-SP0)
    method: GET
    uri: https://management.azure.com/subscriptions/00000000-0000-0000-0000-000000000000/resourceGroups/cli_nic_convenience_test000001/providers/Microsoft.Compute/virtualMachines/conveniencevm1?$expand=instanceView&api-version=2022-11-01
  response:
    body:
      string: "{\r\n  \"name\": \"conveniencevm1\",\r\n  \"id\": \"/subscriptions/00000000-0000-0000-0000-000000000000/resourceGroups/cli_nic_convenience_test000001/providers/Microsoft.Compute/virtualMachines/conveniencevm1\",\r\n
        \ \"type\": \"Microsoft.Compute/virtualMachines\",\r\n  \"location\": \"westus\",\r\n
        \ \"tags\": {},\r\n  \"properties\": {\r\n    \"hardwareProfile\": {\r\n      \"vmSize\":
        \"Standard_DS1_v2\"\r\n    },\r\n    \"provisioningState\": \"Succeeded\",\r\n
        \   \"vmId\": \"a5e65b07-b8bb-4e71-b83b-d19506dd8058\",\r\n    \"storageProfile\":
        {\r\n      \"imageReference\": {\r\n        \"publisher\": \"Canonical\",\r\n
        \       \"offer\": \"UbuntuServer\",\r\n        \"sku\": \"18.04-LTS\",\r\n
        \       \"version\": \"latest\",\r\n        \"exactVersion\": \"18.04.202306070\"\r\n
        \     },\r\n      \"osDisk\": {\r\n        \"osType\": \"Linux\",\r\n        \"name\":
        \"conveniencevm1_disk1_9e3ee22f12a24555ac837337ec9151ed\",\r\n        \"createOption\":
        \"FromImage\",\r\n        \"caching\": \"ReadWrite\",\r\n        \"managedDisk\":
        {\r\n          \"storageAccountType\": \"Premium_LRS\",\r\n          \"id\":
        \"/subscriptions/00000000-0000-0000-0000-000000000000/resourceGroups/cli_nic_convenience_test000001/providers/Microsoft.Compute/disks/conveniencevm1_disk1_9e3ee22f12a24555ac837337ec9151ed\"\r\n
        \       },\r\n        \"deleteOption\": \"Detach\",\r\n        \"diskSizeGB\":
        30\r\n      },\r\n      \"dataDisks\": []\r\n    },\r\n    \"osProfile\":
        {\r\n      \"computerName\": \"conveniencevm1\",\r\n      \"adminUsername\":
        \"myusername\",\r\n      \"linuxConfiguration\": {\r\n        \"disablePasswordAuthentication\":
        false,\r\n        \"provisionVMAgent\": true,\r\n        \"patchSettings\":
        {\r\n          \"patchMode\": \"ImageDefault\",\r\n          \"assessmentMode\":
        \"ImageDefault\"\r\n        },\r\n        \"enableVMAgentPlatformUpdates\":
        false\r\n      },\r\n      \"secrets\": [],\r\n      \"allowExtensionOperations\":
        true,\r\n      \"requireGuestProvisionSignal\": true\r\n    },\r\n    \"networkProfile\":
        {\"networkInterfaces\":[{\"id\":\"/subscriptions/00000000-0000-0000-0000-000000000000/resourceGroups/cli_nic_convenience_test000001/providers/Microsoft.Network/networkInterfaces/conveniencevm1VMNic\"}]},\r\n
        \   \"instanceView\": {\r\n      \"computerName\": \"conveniencevm1\",\r\n
        \     \"osName\": \"ubuntu\",\r\n      \"osVersion\": \"18.04\",\r\n      \"vmAgent\":
        {\r\n        \"vmAgentVersion\": \"2.9.1.1\",\r\n        \"statuses\": [\r\n
        \         {\r\n            \"code\": \"ProvisioningState/succeeded\",\r\n
        \           \"level\": \"Info\",\r\n            \"displayStatus\": \"Ready\",\r\n
        \           \"message\": \"Guest Agent is running\",\r\n            \"time\":
        \"2023-10-30T02:36:09+00:00\"\r\n          }\r\n        ],\r\n        \"extensionHandlers\":
        []\r\n      },\r\n      \"disks\": [\r\n        {\r\n          \"name\": \"conveniencevm1_disk1_9e3ee22f12a24555ac837337ec9151ed\",\r\n
        \         \"statuses\": [\r\n            {\r\n              \"code\": \"ProvisioningState/succeeded\",\r\n
        \             \"level\": \"Info\",\r\n              \"displayStatus\": \"Provisioning
        succeeded\",\r\n              \"time\": \"2023-10-30T02:35:37.2962382+00:00\"\r\n
        \           }\r\n          ]\r\n        }\r\n      ],\r\n      \"hyperVGeneration\":
        \"V1\",\r\n      \"statuses\": [\r\n        {\r\n          \"code\": \"ProvisioningState/succeeded\",\r\n
        \         \"level\": \"Info\",\r\n          \"displayStatus\": \"Provisioning
        succeeded\",\r\n          \"time\": \"2023-10-30T02:35:59.7183296+00:00\"\r\n
        \       },\r\n        {\r\n          \"code\": \"PowerState/running\",\r\n
        \         \"level\": \"Info\",\r\n          \"displayStatus\": \"VM running\"\r\n
        \       }\r\n      ]\r\n    },\r\n    \"timeCreated\": \"2023-10-30T02:35:34.702406+00:00\"\r\n
        \ }\r\n}"
    headers:
      cache-control:
      - no-cache
      content-length:
      - '3390'
      content-type:
      - application/json; charset=utf-8
      date:
      - Mon, 30 Oct 2023 02:36:18 GMT
      expires:
      - '-1'
      pragma:
      - no-cache
      server:
      - Microsoft-HTTPAPI/2.0
      - Microsoft-HTTPAPI/2.0
      strict-transport-security:
      - max-age=31536000; includeSubDomains
      transfer-encoding:
      - chunked
      vary:
      - Accept-Encoding
      x-content-type-options:
      - nosniff
      x-ms-ratelimit-remaining-resource:
      - Microsoft.Compute/LowCostGetSubscriptionMaximum;23991,Microsoft.Compute/LowCostGetResource;32
    status:
      code: 200
      message: OK
- request:
    body: null
    headers:
      Accept:
      - application/json
      Accept-Encoding:
      - gzip, deflate
      CommandName:
      - vm create
      Connection:
      - keep-alive
      ParameterSetName:
      - -g -n --image --admin-username --admin-password --authentication-type --nsg-rule
      User-Agent:
      - AZURECLI/2.53.0 (AAZ) azsdk-python-core/1.26.0 Python/3.9.5 (Windows-10-10.0.22621-SP0)
    method: GET
    uri: https://management.azure.com/subscriptions/00000000-0000-0000-0000-000000000000/resourceGroups/cli_nic_convenience_test000001/providers/Microsoft.Network/networkInterfaces/conveniencevm1VMNic?api-version=2022-01-01
  response:
    body:
      string: "{\r\n  \"name\": \"conveniencevm1VMNic\",\r\n  \"id\": \"/subscriptions/00000000-0000-0000-0000-000000000000/resourceGroups/cli_nic_convenience_test000001/providers/Microsoft.Network/networkInterfaces/conveniencevm1VMNic\",\r\n
        \ \"etag\": \"W/\\\"bc11bffb-eada-4773-af54-82dbae4abf1c\\\"\",\r\n  \"tags\":
        {},\r\n  \"properties\": {\r\n    \"provisioningState\": \"Succeeded\",\r\n
        \   \"resourceGuid\": \"6be8cd35-6bd0-42a3-99f5-74594c9f5f9a\",\r\n    \"ipConfigurations\":
        [\r\n      {\r\n        \"name\": \"ipconfigconveniencevm1\",\r\n        \"id\":
        \"/subscriptions/00000000-0000-0000-0000-000000000000/resourceGroups/cli_nic_convenience_test000001/providers/Microsoft.Network/networkInterfaces/conveniencevm1VMNic/ipConfigurations/ipconfigconveniencevm1\",\r\n
        \       \"etag\": \"W/\\\"bc11bffb-eada-4773-af54-82dbae4abf1c\\\"\",\r\n
        \       \"type\": \"Microsoft.Network/networkInterfaces/ipConfigurations\",\r\n
        \       \"properties\": {\r\n          \"provisioningState\": \"Succeeded\",\r\n
        \         \"privateIPAddress\": \"10.0.0.4\",\r\n          \"privateIPAllocationMethod\":
        \"Dynamic\",\r\n          \"publicIPAddress\": {\r\n            \"id\": \"/subscriptions/00000000-0000-0000-0000-000000000000/resourceGroups/cli_nic_convenience_test000001/providers/Microsoft.Network/publicIPAddresses/conveniencevm1PublicIP\"\r\n
        \         },\r\n          \"subnet\": {\r\n            \"id\": \"/subscriptions/00000000-0000-0000-0000-000000000000/resourceGroups/cli_nic_convenience_test000001/providers/Microsoft.Network/virtualNetworks/conveniencevm1VNET/subnets/conveniencevm1Subnet\"\r\n
        \         },\r\n          \"primary\": true,\r\n          \"privateIPAddressVersion\":
        \"IPv4\"\r\n        }\r\n      }\r\n    ],\r\n    \"dnsSettings\": {\r\n      \"dnsServers\":
        [],\r\n      \"appliedDnsServers\": [],\r\n      \"internalDomainNameSuffix\":
        \"1mr13h1qtadedbw2ym0zxf5doh.dx.internal.cloudapp.net\"\r\n    },\r\n    \"macAddress\":
        \"00-22-48-06-BD-64\",\r\n    \"vnetEncryptionSupported\": false,\r\n    \"enableIPForwarding\":
        false,\r\n    \"networkSecurityGroup\": {\r\n      \"id\": \"/subscriptions/00000000-0000-0000-0000-000000000000/resourceGroups/cli_nic_convenience_test000001/providers/Microsoft.Network/networkSecurityGroups/conveniencevm1NSG\"\r\n
        \   },\r\n    \"primary\": true,\r\n    \"virtualMachine\": {\r\n      \"id\":
        \"/subscriptions/00000000-0000-0000-0000-000000000000/resourceGroups/cli_nic_convenience_test000001/providers/Microsoft.Compute/virtualMachines/conveniencevm1\"\r\n
        \   },\r\n    \"hostedWorkloads\": [],\r\n    \"tapConfigurations\": [],\r\n
        \   \"nicType\": \"Standard\",\r\n    \"allowPort25Out\": true,\r\n    \"auxiliaryMode\":
        \"None\"\r\n  },\r\n  \"type\": \"Microsoft.Network/networkInterfaces\",\r\n
        \ \"location\": \"westus\",\r\n  \"kind\": \"Regular\"\r\n}"
    headers:
      cache-control:
      - no-cache
      content-length:
      - '2571'
      content-type:
      - application/json; charset=utf-8
      date:
      - Mon, 30 Oct 2023 02:36:20 GMT
      etag:
      - W/"bc11bffb-eada-4773-af54-82dbae4abf1c"
      expires:
      - '-1'
      pragma:
      - no-cache
      server:
      - Microsoft-HTTPAPI/2.0
      - Microsoft-HTTPAPI/2.0
      strict-transport-security:
      - max-age=31536000; includeSubDomains
      transfer-encoding:
      - chunked
      vary:
      - Accept-Encoding
      x-content-type-options:
      - nosniff
      x-ms-arm-service-request-id:
      - d2179374-7941-4e0d-9b43-b271bcd5e842
    status:
      code: 200
      message: OK
- request:
    body: null
    headers:
      Accept:
      - application/json
      Accept-Encoding:
      - gzip, deflate
      CommandName:
      - vm create
      Connection:
      - keep-alive
      ParameterSetName:
      - -g -n --image --admin-username --admin-password --authentication-type --nsg-rule
      User-Agent:
      - AZURECLI/2.53.0 (AAZ) azsdk-python-core/1.26.0 Python/3.9.5 (Windows-10-10.0.22621-SP0)
    method: GET
    uri: https://management.azure.com/subscriptions/00000000-0000-0000-0000-000000000000/resourceGroups/cli_nic_convenience_test000001/providers/Microsoft.Network/publicIPAddresses/conveniencevm1PublicIP?api-version=2022-01-01
  response:
    body:
      string: "{\r\n  \"name\": \"conveniencevm1PublicIP\",\r\n  \"id\": \"/subscriptions/00000000-0000-0000-0000-000000000000/resourceGroups/cli_nic_convenience_test000001/providers/Microsoft.Network/publicIPAddresses/conveniencevm1PublicIP\",\r\n
        \ \"etag\": \"W/\\\"2211f462-6a07-4a99-aff9-322b71d24e03\\\"\",\r\n  \"location\":
        \"westus\",\r\n  \"tags\": {},\r\n  \"properties\": {\r\n    \"provisioningState\":
        \"Succeeded\",\r\n    \"resourceGuid\": \"1d296130-74b8-4463-a319-d4b3653767aa\",\r\n
        \   \"ipAddress\": \"20.237.238.255\",\r\n    \"publicIPAddressVersion\":
        \"IPv4\",\r\n    \"publicIPAllocationMethod\": \"Dynamic\",\r\n    \"idleTimeoutInMinutes\":
        4,\r\n    \"ipTags\": [],\r\n    \"ipConfiguration\": {\r\n      \"id\": \"/subscriptions/00000000-0000-0000-0000-000000000000/resourceGroups/cli_nic_convenience_test000001/providers/Microsoft.Network/networkInterfaces/conveniencevm1VMNic/ipConfigurations/ipconfigconveniencevm1\"\r\n
        \   }\r\n  },\r\n  \"type\": \"Microsoft.Network/publicIPAddresses\",\r\n
        \ \"sku\": {\r\n    \"name\": \"Basic\",\r\n    \"tier\": \"Regional\"\r\n
        \ }\r\n}"
    headers:
      cache-control:
      - no-cache
      content-length:
      - '977'
      content-type:
      - application/json; charset=utf-8
      date:
      - Mon, 30 Oct 2023 02:36:21 GMT
      etag:
      - W/"2211f462-6a07-4a99-aff9-322b71d24e03"
      expires:
      - '-1'
      pragma:
      - no-cache
      server:
      - Microsoft-HTTPAPI/2.0
      - Microsoft-HTTPAPI/2.0
      strict-transport-security:
      - max-age=31536000; includeSubDomains
      transfer-encoding:
      - chunked
      vary:
      - Accept-Encoding
      x-content-type-options:
      - nosniff
      x-ms-arm-service-request-id:
      - 1a851d1f-848e-4f3a-b9df-8c9ea3bb5cdb
    status:
      code: 200
      message: OK
- request:
    body: null
    headers:
      Accept:
      - application/json
      Accept-Encoding:
      - gzip, deflate
      CommandName:
      - vm show
      Connection:
      - keep-alive
      ParameterSetName:
      - -g -n --query
      User-Agent:
      - AZURECLI/2.53.0 azsdk-python-azure-mgmt-compute/30.2.0 Python/3.9.5 (Windows-10-10.0.22621-SP0)
    method: GET
    uri: https://management.azure.com/subscriptions/00000000-0000-0000-0000-000000000000/resourceGroups/cli_nic_convenience_test000001/providers/Microsoft.Compute/virtualMachines/conveniencevm1?api-version=2022-11-01
  response:
    body:
      string: "{\r\n  \"name\": \"conveniencevm1\",\r\n  \"id\": \"/subscriptions/00000000-0000-0000-0000-000000000000/resourceGroups/cli_nic_convenience_test000001/providers/Microsoft.Compute/virtualMachines/conveniencevm1\",\r\n
        \ \"type\": \"Microsoft.Compute/virtualMachines\",\r\n  \"location\": \"westus\",\r\n
        \ \"tags\": {},\r\n  \"properties\": {\r\n    \"hardwareProfile\": {\r\n      \"vmSize\":
        \"Standard_DS1_v2\"\r\n    },\r\n    \"provisioningState\": \"Succeeded\",\r\n
        \   \"vmId\": \"a5e65b07-b8bb-4e71-b83b-d19506dd8058\",\r\n    \"storageProfile\":
        {\r\n      \"imageReference\": {\r\n        \"publisher\": \"Canonical\",\r\n
        \       \"offer\": \"UbuntuServer\",\r\n        \"sku\": \"18.04-LTS\",\r\n
        \       \"version\": \"latest\",\r\n        \"exactVersion\": \"18.04.202306070\"\r\n
        \     },\r\n      \"osDisk\": {\r\n        \"osType\": \"Linux\",\r\n        \"name\":
        \"conveniencevm1_disk1_9e3ee22f12a24555ac837337ec9151ed\",\r\n        \"createOption\":
        \"FromImage\",\r\n        \"caching\": \"ReadWrite\",\r\n        \"managedDisk\":
        {\r\n          \"storageAccountType\": \"Premium_LRS\",\r\n          \"id\":
        \"/subscriptions/00000000-0000-0000-0000-000000000000/resourceGroups/cli_nic_convenience_test000001/providers/Microsoft.Compute/disks/conveniencevm1_disk1_9e3ee22f12a24555ac837337ec9151ed\"\r\n
        \       },\r\n        \"deleteOption\": \"Detach\",\r\n        \"diskSizeGB\":
        30\r\n      },\r\n      \"dataDisks\": []\r\n    },\r\n    \"osProfile\":
        {\r\n      \"computerName\": \"conveniencevm1\",\r\n      \"adminUsername\":
        \"myusername\",\r\n      \"linuxConfiguration\": {\r\n        \"disablePasswordAuthentication\":
        false,\r\n        \"provisionVMAgent\": true,\r\n        \"patchSettings\":
        {\r\n          \"patchMode\": \"ImageDefault\",\r\n          \"assessmentMode\":
        \"ImageDefault\"\r\n        },\r\n        \"enableVMAgentPlatformUpdates\":
        false\r\n      },\r\n      \"secrets\": [],\r\n      \"allowExtensionOperations\":
        true,\r\n      \"requireGuestProvisionSignal\": true\r\n    },\r\n    \"networkProfile\":
        {\"networkInterfaces\":[{\"id\":\"/subscriptions/00000000-0000-0000-0000-000000000000/resourceGroups/cli_nic_convenience_test000001/providers/Microsoft.Network/networkInterfaces/conveniencevm1VMNic\"}]},\r\n
        \   \"timeCreated\": \"2023-10-30T02:35:34.702406+00:00\"\r\n  }\r\n}"
    headers:
      cache-control:
      - no-cache
      content-length:
      - '2078'
      content-type:
      - application/json; charset=utf-8
      date:
      - Mon, 30 Oct 2023 02:36:23 GMT
      expires:
      - '-1'
      pragma:
      - no-cache
      server:
      - Microsoft-HTTPAPI/2.0
      - Microsoft-HTTPAPI/2.0
      strict-transport-security:
      - max-age=31536000; includeSubDomains
      transfer-encoding:
      - chunked
      vary:
      - Accept-Encoding
      x-content-type-options:
      - nosniff
      x-ms-ratelimit-remaining-resource:
      - Microsoft.Compute/LowCostGetSubscriptionMaximum;23990,Microsoft.Compute/LowCostGetResource;31
    status:
      code: 200
      message: OK
- request:
    body: null
    headers:
      Accept:
      - application/json
      Accept-Encoding:
      - gzip, deflate
      CommandName:
      - network nic list-effective-nsg
      Connection:
      - keep-alive
      Content-Length:
      - '0'
      ParameterSetName:
      - --ids
      User-Agent:
      - AZURECLI/2.53.0 (AAZ) azsdk-python-core/1.26.0 Python/3.9.5 (Windows-10-10.0.22621-SP0)
    method: POST
    uri: https://management.azure.com/subscriptions/00000000-0000-0000-0000-000000000000/resourceGroups/cli_nic_convenience_test000001/providers/Microsoft.Network/networkInterfaces/conveniencevm1VMNic/effectiveNetworkSecurityGroups?api-version=2022-01-01
  response:
    body:
      string: 'null'
    headers:
      azure-asyncnotification:
      - Enabled
      cache-control:
      - no-cache
      content-length:
      - '4'
      content-type:
      - application/json; charset=utf-8
      date:
      - Mon, 30 Oct 2023 02:36:26 GMT
      expires:
      - '-1'
      location:
      - https://management.azure.com/subscriptions/00000000-0000-0000-0000-000000000000/providers/Microsoft.Network/locations/westus/operationResults/e3b8b636-4c2c-4d66-b446-642a0d85e161?api-version=2022-01-01&t=638342301867124303&c=MIIHHjCCBgagAwIBAgITfwHPGb2PGVTN4z3FUwAEAc8ZvTANBgkqhkiG9w0BAQsFADBEMRMwEQYKCZImiZPyLGQBGRYDR0JMMRMwEQYKCZImiZPyLGQBGRYDQU1FMRgwFgYDVQQDEw9BTUUgSW5mcmEgQ0EgMDIwHhcNMjMwODAyMDYzNjM2WhcNMjQwNzI3MDYzNjM2WjBAMT4wPAYDVQQDEzVhc3luY29wZXJhdGlvbnNpZ25pbmdjZXJ0aWZpY2F0ZS5tYW5hZ2VtZW50LmF6dXJlLmNvbTCCASIwDQYJKoZIhvcNAQEBBQADggEPADCCAQoCggEBALA8WMmmEO1CwTnKvAtvibQoh9fKt-nYVdbvRtzIlm4z19BYYfDibvj6l1viYhNR3bs53c9d8fIWknmMKcHdJpnnDk-sfLAVWjMNWlp_buwQ0wqnDDMi-_nqhutQ0ONUbruFxD0-bGPA3RLD9MxnV3XQGNGjXFzj7hqAQauMfHafpxwgDIEYAcWfBtE32aGB9_bxZrY8E2slVewgeS6yws88svVeMAmGPQEGqIrOrqphrXLbmWMcWg6Ixey-FyuliVC6n2ECOpeUOnI3zd3u2YXwLZrTeYxh6zaRuU-ht2zLmkisse4EaaJvcnYB1ET9IBE-LI8SxLbutQtDAe4kiSkCAwEAAaOCBAswggQHMCcGCSsGAQQBgjcVCgQaMBgwCgYIKwYBBQUHAwEwCgYIKwYBBQUHAwIwPQYJKwYBBAGCNxUHBDAwLgYmKwYBBAGCNxUIhpDjDYTVtHiE8Ys-hZvdFs6dEoFggvX2K4Py0SACAWQCAQowggHaBggrBgEFBQcBAQSCAcwwggHIMGYGCCsGAQUFBzAChlpodHRwOi8vY3JsLm1pY3Jvc29mdC5jb20vcGtpaW5mcmEvQ2VydHMvQkwyUEtJSU5UQ0EwMS5BTUUuR0JMX0FNRSUyMEluZnJhJTIwQ0ElMjAwMig0KS5jcnQwVgYIKwYBBQUHMAKGSmh0dHA6Ly9jcmwxLmFtZS5nYmwvYWlhL0JMMlBLSUlOVENBMDEuQU1FLkdCTF9BTUUlMjBJbmZyYSUyMENBJTIwMDIoNCkuY3J0MFYGCCsGAQUFBzAChkpodHRwOi8vY3JsMi5hbWUuZ2JsL2FpYS9CTDJQS0lJTlRDQTAxLkFNRS5HQkxfQU1FJTIwSW5mcmElMjBDQSUyMDAyKDQpLmNydDBWBggrBgEFBQcwAoZKaHR0cDovL2NybDMuYW1lLmdibC9haWEvQkwyUEtJSU5UQ0EwMS5BTUUuR0JMX0FNRSUyMEluZnJhJTIwQ0ElMjAwMig0KS5jcnQwVgYIKwYBBQUHMAKGSmh0dHA6Ly9jcmw0LmFtZS5nYmwvYWlhL0JMMlBLSUlOVENBMDEuQU1FLkdCTF9BTUUlMjBJbmZyYSUyMENBJTIwMDIoNCkuY3J0MB0GA1UdDgQWBBQBTTHZD8UzTofzBwHZRpdtw5XpXjAOBgNVHQ8BAf8EBAMCBaAwggE1BgNVHR8EggEsMIIBKDCCASSgggEgoIIBHIZCaHR0cDovL2NybC5taWNyb3NvZnQuY29tL3BraWluZnJhL0NSTC9BTUUlMjBJbmZyYSUyMENBJTIwMDIoNCkuY3JshjRodHRwOi8vY3JsMS5hbWUuZ2JsL2NybC9BTUUlMjBJbmZyYSUyMENBJTIwMDIoNCkuY3JshjRodHRwOi8vY3JsMi5hbWUuZ2JsL2NybC9BTUUlMjBJbmZyYSUyMENBJTIwMDIoNCkuY3JshjRodHRwOi8vY3JsMy5hbWUuZ2JsL2NybC9BTUUlMjBJbmZyYSUyMENBJTIwMDIoNCkuY3JshjRodHRwOi8vY3JsNC5hbWUuZ2JsL2NybC9BTUUlMjBJbmZyYSUyMENBJTIwMDIoNCkuY3JsMBcGA1UdIAQQMA4wDAYKKwYBBAGCN3sBATAfBgNVHSMEGDAWgBSuecJrXSWIEwb2BwnDl3x7l48dVTAdBgNVHSUEFjAUBggrBgEFBQcDAQYIKwYBBQUHAwIwDQYJKoZIhvcNAQELBQADggEBAD3Zm_z6dHneGOQPVVe1FxHrV2xvtqbjaKZAuH5rSpWUw_DJdOSV4cWnP6mHzxkPNq64LVAwgyif18NOtR825NodQN7r_Il0fGIykE4rt-M_xIqddJaoXHzIGUQ0uCofzHWG-wdvSYVhlbFFtTckqYtEA9-qW-eTU2K1wu1OQ8ry_XahL8OpgJsribT6ANlH0I5odhgLdzGhwvBWfM1-xaqN8ieQA5l7FdmYeOrZYwzX4Lc-478HHPVhkKgLr6pn1L-WJJ1mMn_PPXo4c6q34Uw6i0kyVgPeot9rO0FSHhj-YxHTde4eXuk4k1VEx6v56KK89p9N2LCqwkWf75r3Vdk&s=cgydf3D1-iMNesCzsDc2_IzK7HCwsZo8_LeZV0o4g-RqmKaQmiCTBqnw5NyKV6eyucHgQinyRQz3-1FBQZWlU_Z3vr7qVDWn5BGOW1ronD8mB9NzI98ZXvKOF9m1nfB0Hlxyx5kNKViMRE02Hh3GxeS8zWydf4asXkg76iVsUqyIItTUNCKfP8y99rfbmbQup7Vh5oMbIErbsFAP1rlC9zOYfkED0SzwOrphTGUzIGrVXPmLIvibkcKnrN5VomyW9QHAY79lwIMKOGsS6-0NPF4sExnm1l2_LHDn_o-mk5wNQoMl9OFS2s8A9zl5r0XtAh5obkUcSxEwwRgpfPBFhA&h=XPIZiLfEVYSlylARi8UZhgmSeBDIc5RVLdrpkQoGrlI
      pragma:
      - no-cache
      server:
      - Microsoft-HTTPAPI/2.0
      - Microsoft-HTTPAPI/2.0
      strict-transport-security:
      - max-age=31536000; includeSubDomains
      x-content-type-options:
      - nosniff
      x-ms-arm-service-request-id:
      - 5cdb06f2-390c-4279-a79d-cb5a6433c86e
      x-ms-ratelimit-remaining-subscription-writes:
      - '1199'
    status:
      code: 202
      message: Accepted
- request:
    body: null
    headers:
      Accept:
      - '*/*'
      Accept-Encoding:
      - gzip, deflate
      CommandName:
      - network nic list-effective-nsg
      Connection:
      - keep-alive
      ParameterSetName:
      - --ids
      User-Agent:
      - AZURECLI/2.53.0 (AAZ) azsdk-python-core/1.26.0 Python/3.9.5 (Windows-10-10.0.22621-SP0)
    method: GET
    uri: https://management.azure.com/subscriptions/00000000-0000-0000-0000-000000000000/providers/Microsoft.Network/locations/westus/operationResults/e3b8b636-4c2c-4d66-b446-642a0d85e161?api-version=2022-01-01&t=638342301867124303&c=MIIHHjCCBgagAwIBAgITfwHPGb2PGVTN4z3FUwAEAc8ZvTANBgkqhkiG9w0BAQsFADBEMRMwEQYKCZImiZPyLGQBGRYDR0JMMRMwEQYKCZImiZPyLGQBGRYDQU1FMRgwFgYDVQQDEw9BTUUgSW5mcmEgQ0EgMDIwHhcNMjMwODAyMDYzNjM2WhcNMjQwNzI3MDYzNjM2WjBAMT4wPAYDVQQDEzVhc3luY29wZXJhdGlvbnNpZ25pbmdjZXJ0aWZpY2F0ZS5tYW5hZ2VtZW50LmF6dXJlLmNvbTCCASIwDQYJKoZIhvcNAQEBBQADggEPADCCAQoCggEBALA8WMmmEO1CwTnKvAtvibQoh9fKt-nYVdbvRtzIlm4z19BYYfDibvj6l1viYhNR3bs53c9d8fIWknmMKcHdJpnnDk-sfLAVWjMNWlp_buwQ0wqnDDMi-_nqhutQ0ONUbruFxD0-bGPA3RLD9MxnV3XQGNGjXFzj7hqAQauMfHafpxwgDIEYAcWfBtE32aGB9_bxZrY8E2slVewgeS6yws88svVeMAmGPQEGqIrOrqphrXLbmWMcWg6Ixey-FyuliVC6n2ECOpeUOnI3zd3u2YXwLZrTeYxh6zaRuU-ht2zLmkisse4EaaJvcnYB1ET9IBE-LI8SxLbutQtDAe4kiSkCAwEAAaOCBAswggQHMCcGCSsGAQQBgjcVCgQaMBgwCgYIKwYBBQUHAwEwCgYIKwYBBQUHAwIwPQYJKwYBBAGCNxUHBDAwLgYmKwYBBAGCNxUIhpDjDYTVtHiE8Ys-hZvdFs6dEoFggvX2K4Py0SACAWQCAQowggHaBggrBgEFBQcBAQSCAcwwggHIMGYGCCsGAQUFBzAChlpodHRwOi8vY3JsLm1pY3Jvc29mdC5jb20vcGtpaW5mcmEvQ2VydHMvQkwyUEtJSU5UQ0EwMS5BTUUuR0JMX0FNRSUyMEluZnJhJTIwQ0ElMjAwMig0KS5jcnQwVgYIKwYBBQUHMAKGSmh0dHA6Ly9jcmwxLmFtZS5nYmwvYWlhL0JMMlBLSUlOVENBMDEuQU1FLkdCTF9BTUUlMjBJbmZyYSUyMENBJTIwMDIoNCkuY3J0MFYGCCsGAQUFBzAChkpodHRwOi8vY3JsMi5hbWUuZ2JsL2FpYS9CTDJQS0lJTlRDQTAxLkFNRS5HQkxfQU1FJTIwSW5mcmElMjBDQSUyMDAyKDQpLmNydDBWBggrBgEFBQcwAoZKaHR0cDovL2NybDMuYW1lLmdibC9haWEvQkwyUEtJSU5UQ0EwMS5BTUUuR0JMX0FNRSUyMEluZnJhJTIwQ0ElMjAwMig0KS5jcnQwVgYIKwYBBQUHMAKGSmh0dHA6Ly9jcmw0LmFtZS5nYmwvYWlhL0JMMlBLSUlOVENBMDEuQU1FLkdCTF9BTUUlMjBJbmZyYSUyMENBJTIwMDIoNCkuY3J0MB0GA1UdDgQWBBQBTTHZD8UzTofzBwHZRpdtw5XpXjAOBgNVHQ8BAf8EBAMCBaAwggE1BgNVHR8EggEsMIIBKDCCASSgggEgoIIBHIZCaHR0cDovL2NybC5taWNyb3NvZnQuY29tL3BraWluZnJhL0NSTC9BTUUlMjBJbmZyYSUyMENBJTIwMDIoNCkuY3JshjRodHRwOi8vY3JsMS5hbWUuZ2JsL2NybC9BTUUlMjBJbmZyYSUyMENBJTIwMDIoNCkuY3JshjRodHRwOi8vY3JsMi5hbWUuZ2JsL2NybC9BTUUlMjBJbmZyYSUyMENBJTIwMDIoNCkuY3JshjRodHRwOi8vY3JsMy5hbWUuZ2JsL2NybC9BTUUlMjBJbmZyYSUyMENBJTIwMDIoNCkuY3JshjRodHRwOi8vY3JsNC5hbWUuZ2JsL2NybC9BTUUlMjBJbmZyYSUyMENBJTIwMDIoNCkuY3JsMBcGA1UdIAQQMA4wDAYKKwYBBAGCN3sBATAfBgNVHSMEGDAWgBSuecJrXSWIEwb2BwnDl3x7l48dVTAdBgNVHSUEFjAUBggrBgEFBQcDAQYIKwYBBQUHAwIwDQYJKoZIhvcNAQELBQADggEBAD3Zm_z6dHneGOQPVVe1FxHrV2xvtqbjaKZAuH5rSpWUw_DJdOSV4cWnP6mHzxkPNq64LVAwgyif18NOtR825NodQN7r_Il0fGIykE4rt-M_xIqddJaoXHzIGUQ0uCofzHWG-wdvSYVhlbFFtTckqYtEA9-qW-eTU2K1wu1OQ8ry_XahL8OpgJsribT6ANlH0I5odhgLdzGhwvBWfM1-xaqN8ieQA5l7FdmYeOrZYwzX4Lc-478HHPVhkKgLr6pn1L-WJJ1mMn_PPXo4c6q34Uw6i0kyVgPeot9rO0FSHhj-YxHTde4eXuk4k1VEx6v56KK89p9N2LCqwkWf75r3Vdk&s=cgydf3D1-iMNesCzsDc2_IzK7HCwsZo8_LeZV0o4g-RqmKaQmiCTBqnw5NyKV6eyucHgQinyRQz3-1FBQZWlU_Z3vr7qVDWn5BGOW1ronD8mB9NzI98ZXvKOF9m1nfB0Hlxyx5kNKViMRE02Hh3GxeS8zWydf4asXkg76iVsUqyIItTUNCKfP8y99rfbmbQup7Vh5oMbIErbsFAP1rlC9zOYfkED0SzwOrphTGUzIGrVXPmLIvibkcKnrN5VomyW9QHAY79lwIMKOGsS6-0NPF4sExnm1l2_LHDn_o-mk5wNQoMl9OFS2s8A9zl5r0XtAh5obkUcSxEwwRgpfPBFhA&h=XPIZiLfEVYSlylARi8UZhgmSeBDIc5RVLdrpkQoGrlI
  response:
    body:
      string: 'null'
    headers:
      azure-asyncnotification:
      - Enabled
      cache-control:
      - no-cache
      content-length:
      - '4'
      content-type:
      - application/json; charset=utf-8
      date:
      - Mon, 30 Oct 2023 02:36:26 GMT
      expires:
      - '-1'
      location:
      - https://management.azure.com/subscriptions/00000000-0000-0000-0000-000000000000/providers/Microsoft.Network/locations/westus/operationResults/e3b8b636-4c2c-4d66-b446-642a0d85e161?api-version=2022-01-01&t=638342301870561785&c=MIIHHjCCBgagAwIBAgITfwHPGb2PGVTN4z3FUwAEAc8ZvTANBgkqhkiG9w0BAQsFADBEMRMwEQYKCZImiZPyLGQBGRYDR0JMMRMwEQYKCZImiZPyLGQBGRYDQU1FMRgwFgYDVQQDEw9BTUUgSW5mcmEgQ0EgMDIwHhcNMjMwODAyMDYzNjM2WhcNMjQwNzI3MDYzNjM2WjBAMT4wPAYDVQQDEzVhc3luY29wZXJhdGlvbnNpZ25pbmdjZXJ0aWZpY2F0ZS5tYW5hZ2VtZW50LmF6dXJlLmNvbTCCASIwDQYJKoZIhvcNAQEBBQADggEPADCCAQoCggEBALA8WMmmEO1CwTnKvAtvibQoh9fKt-nYVdbvRtzIlm4z19BYYfDibvj6l1viYhNR3bs53c9d8fIWknmMKcHdJpnnDk-sfLAVWjMNWlp_buwQ0wqnDDMi-_nqhutQ0ONUbruFxD0-bGPA3RLD9MxnV3XQGNGjXFzj7hqAQauMfHafpxwgDIEYAcWfBtE32aGB9_bxZrY8E2slVewgeS6yws88svVeMAmGPQEGqIrOrqphrXLbmWMcWg6Ixey-FyuliVC6n2ECOpeUOnI3zd3u2YXwLZrTeYxh6zaRuU-ht2zLmkisse4EaaJvcnYB1ET9IBE-LI8SxLbutQtDAe4kiSkCAwEAAaOCBAswggQHMCcGCSsGAQQBgjcVCgQaMBgwCgYIKwYBBQUHAwEwCgYIKwYBBQUHAwIwPQYJKwYBBAGCNxUHBDAwLgYmKwYBBAGCNxUIhpDjDYTVtHiE8Ys-hZvdFs6dEoFggvX2K4Py0SACAWQCAQowggHaBggrBgEFBQcBAQSCAcwwggHIMGYGCCsGAQUFBzAChlpodHRwOi8vY3JsLm1pY3Jvc29mdC5jb20vcGtpaW5mcmEvQ2VydHMvQkwyUEtJSU5UQ0EwMS5BTUUuR0JMX0FNRSUyMEluZnJhJTIwQ0ElMjAwMig0KS5jcnQwVgYIKwYBBQUHMAKGSmh0dHA6Ly9jcmwxLmFtZS5nYmwvYWlhL0JMMlBLSUlOVENBMDEuQU1FLkdCTF9BTUUlMjBJbmZyYSUyMENBJTIwMDIoNCkuY3J0MFYGCCsGAQUFBzAChkpodHRwOi8vY3JsMi5hbWUuZ2JsL2FpYS9CTDJQS0lJTlRDQTAxLkFNRS5HQkxfQU1FJTIwSW5mcmElMjBDQSUyMDAyKDQpLmNydDBWBggrBgEFBQcwAoZKaHR0cDovL2NybDMuYW1lLmdibC9haWEvQkwyUEtJSU5UQ0EwMS5BTUUuR0JMX0FNRSUyMEluZnJhJTIwQ0ElMjAwMig0KS5jcnQwVgYIKwYBBQUHMAKGSmh0dHA6Ly9jcmw0LmFtZS5nYmwvYWlhL0JMMlBLSUlOVENBMDEuQU1FLkdCTF9BTUUlMjBJbmZyYSUyMENBJTIwMDIoNCkuY3J0MB0GA1UdDgQWBBQBTTHZD8UzTofzBwHZRpdtw5XpXjAOBgNVHQ8BAf8EBAMCBaAwggE1BgNVHR8EggEsMIIBKDCCASSgggEgoIIBHIZCaHR0cDovL2NybC5taWNyb3NvZnQuY29tL3BraWluZnJhL0NSTC9BTUUlMjBJbmZyYSUyMENBJTIwMDIoNCkuY3JshjRodHRwOi8vY3JsMS5hbWUuZ2JsL2NybC9BTUUlMjBJbmZyYSUyMENBJTIwMDIoNCkuY3JshjRodHRwOi8vY3JsMi5hbWUuZ2JsL2NybC9BTUUlMjBJbmZyYSUyMENBJTIwMDIoNCkuY3JshjRodHRwOi8vY3JsMy5hbWUuZ2JsL2NybC9BTUUlMjBJbmZyYSUyMENBJTIwMDIoNCkuY3JshjRodHRwOi8vY3JsNC5hbWUuZ2JsL2NybC9BTUUlMjBJbmZyYSUyMENBJTIwMDIoNCkuY3JsMBcGA1UdIAQQMA4wDAYKKwYBBAGCN3sBATAfBgNVHSMEGDAWgBSuecJrXSWIEwb2BwnDl3x7l48dVTAdBgNVHSUEFjAUBggrBgEFBQcDAQYIKwYBBQUHAwIwDQYJKoZIhvcNAQELBQADggEBAD3Zm_z6dHneGOQPVVe1FxHrV2xvtqbjaKZAuH5rSpWUw_DJdOSV4cWnP6mHzxkPNq64LVAwgyif18NOtR825NodQN7r_Il0fGIykE4rt-M_xIqddJaoXHzIGUQ0uCofzHWG-wdvSYVhlbFFtTckqYtEA9-qW-eTU2K1wu1OQ8ry_XahL8OpgJsribT6ANlH0I5odhgLdzGhwvBWfM1-xaqN8ieQA5l7FdmYeOrZYwzX4Lc-478HHPVhkKgLr6pn1L-WJJ1mMn_PPXo4c6q34Uw6i0kyVgPeot9rO0FSHhj-YxHTde4eXuk4k1VEx6v56KK89p9N2LCqwkWf75r3Vdk&s=Hm51gHbEX-J6yBE-X1T5oCpRRl6jKhznKI5ZWD3d6xVJvmHtvyzvhRJq5hnM8XrU78dbBIVEd_B34ieYF5Q-mBVo9NlVjED5Sqj5Yp9FQa5uoPmwaPB7C6sx5OutfuOCll-6SInck0BAp8O9RlbaKMV2BY0cNMlaAleqX0oG5OjcGdy4oz6jfwxFtpp28Mi0X-B-bm-TjrIgUNOFasMev3tP7hSaBBNv-DMfmnz_ySabNHfIaEh18jgJj_YLjwSMGU2QXkZ_lHhe0wnW4NlvYiBgPLKM-ncSP_29oxytQ32X9zjtSKuANCfgvQOFL83pTqvxeDUMIAnJQ34FYvCjRA&h=V_IZl9Cw5gO3KD1N1-2JRaqBzZS09TyJIhoo8NkeNSI
      pragma:
      - no-cache
      server:
      - Microsoft-HTTPAPI/2.0
      - Microsoft-HTTPAPI/2.0
      strict-transport-security:
      - max-age=31536000; includeSubDomains
      x-content-type-options:
      - nosniff
      x-ms-arm-service-request-id:
      - 5cdb06f2-390c-4279-a79d-cb5a6433c86e
    status:
      code: 202
      message: Accepted
- request:
    body: null
    headers:
      Accept:
      - '*/*'
      Accept-Encoding:
      - gzip, deflate
      CommandName:
      - network nic list-effective-nsg
      Connection:
      - keep-alive
      ParameterSetName:
      - --ids
      User-Agent:
      - AZURECLI/2.53.0 (AAZ) azsdk-python-core/1.26.0 Python/3.9.5 (Windows-10-10.0.22621-SP0)
    method: GET
    uri: https://management.azure.com/subscriptions/00000000-0000-0000-0000-000000000000/providers/Microsoft.Network/locations/westus/operationResults/e3b8b636-4c2c-4d66-b446-642a0d85e161?api-version=2022-01-01&t=638342301870561785&c=MIIHHjCCBgagAwIBAgITfwHPGb2PGVTN4z3FUwAEAc8ZvTANBgkqhkiG9w0BAQsFADBEMRMwEQYKCZImiZPyLGQBGRYDR0JMMRMwEQYKCZImiZPyLGQBGRYDQU1FMRgwFgYDVQQDEw9BTUUgSW5mcmEgQ0EgMDIwHhcNMjMwODAyMDYzNjM2WhcNMjQwNzI3MDYzNjM2WjBAMT4wPAYDVQQDEzVhc3luY29wZXJhdGlvbnNpZ25pbmdjZXJ0aWZpY2F0ZS5tYW5hZ2VtZW50LmF6dXJlLmNvbTCCASIwDQYJKoZIhvcNAQEBBQADggEPADCCAQoCggEBALA8WMmmEO1CwTnKvAtvibQoh9fKt-nYVdbvRtzIlm4z19BYYfDibvj6l1viYhNR3bs53c9d8fIWknmMKcHdJpnnDk-sfLAVWjMNWlp_buwQ0wqnDDMi-_nqhutQ0ONUbruFxD0-bGPA3RLD9MxnV3XQGNGjXFzj7hqAQauMfHafpxwgDIEYAcWfBtE32aGB9_bxZrY8E2slVewgeS6yws88svVeMAmGPQEGqIrOrqphrXLbmWMcWg6Ixey-FyuliVC6n2ECOpeUOnI3zd3u2YXwLZrTeYxh6zaRuU-ht2zLmkisse4EaaJvcnYB1ET9IBE-LI8SxLbutQtDAe4kiSkCAwEAAaOCBAswggQHMCcGCSsGAQQBgjcVCgQaMBgwCgYIKwYBBQUHAwEwCgYIKwYBBQUHAwIwPQYJKwYBBAGCNxUHBDAwLgYmKwYBBAGCNxUIhpDjDYTVtHiE8Ys-hZvdFs6dEoFggvX2K4Py0SACAWQCAQowggHaBggrBgEFBQcBAQSCAcwwggHIMGYGCCsGAQUFBzAChlpodHRwOi8vY3JsLm1pY3Jvc29mdC5jb20vcGtpaW5mcmEvQ2VydHMvQkwyUEtJSU5UQ0EwMS5BTUUuR0JMX0FNRSUyMEluZnJhJTIwQ0ElMjAwMig0KS5jcnQwVgYIKwYBBQUHMAKGSmh0dHA6Ly9jcmwxLmFtZS5nYmwvYWlhL0JMMlBLSUlOVENBMDEuQU1FLkdCTF9BTUUlMjBJbmZyYSUyMENBJTIwMDIoNCkuY3J0MFYGCCsGAQUFBzAChkpodHRwOi8vY3JsMi5hbWUuZ2JsL2FpYS9CTDJQS0lJTlRDQTAxLkFNRS5HQkxfQU1FJTIwSW5mcmElMjBDQSUyMDAyKDQpLmNydDBWBggrBgEFBQcwAoZKaHR0cDovL2NybDMuYW1lLmdibC9haWEvQkwyUEtJSU5UQ0EwMS5BTUUuR0JMX0FNRSUyMEluZnJhJTIwQ0ElMjAwMig0KS5jcnQwVgYIKwYBBQUHMAKGSmh0dHA6Ly9jcmw0LmFtZS5nYmwvYWlhL0JMMlBLSUlOVENBMDEuQU1FLkdCTF9BTUUlMjBJbmZyYSUyMENBJTIwMDIoNCkuY3J0MB0GA1UdDgQWBBQBTTHZD8UzTofzBwHZRpdtw5XpXjAOBgNVHQ8BAf8EBAMCBaAwggE1BgNVHR8EggEsMIIBKDCCASSgggEgoIIBHIZCaHR0cDovL2NybC5taWNyb3NvZnQuY29tL3BraWluZnJhL0NSTC9BTUUlMjBJbmZyYSUyMENBJTIwMDIoNCkuY3JshjRodHRwOi8vY3JsMS5hbWUuZ2JsL2NybC9BTUUlMjBJbmZyYSUyMENBJTIwMDIoNCkuY3JshjRodHRwOi8vY3JsMi5hbWUuZ2JsL2NybC9BTUUlMjBJbmZyYSUyMENBJTIwMDIoNCkuY3JshjRodHRwOi8vY3JsMy5hbWUuZ2JsL2NybC9BTUUlMjBJbmZyYSUyMENBJTIwMDIoNCkuY3JshjRodHRwOi8vY3JsNC5hbWUuZ2JsL2NybC9BTUUlMjBJbmZyYSUyMENBJTIwMDIoNCkuY3JsMBcGA1UdIAQQMA4wDAYKKwYBBAGCN3sBATAfBgNVHSMEGDAWgBSuecJrXSWIEwb2BwnDl3x7l48dVTAdBgNVHSUEFjAUBggrBgEFBQcDAQYIKwYBBQUHAwIwDQYJKoZIhvcNAQELBQADggEBAD3Zm_z6dHneGOQPVVe1FxHrV2xvtqbjaKZAuH5rSpWUw_DJdOSV4cWnP6mHzxkPNq64LVAwgyif18NOtR825NodQN7r_Il0fGIykE4rt-M_xIqddJaoXHzIGUQ0uCofzHWG-wdvSYVhlbFFtTckqYtEA9-qW-eTU2K1wu1OQ8ry_XahL8OpgJsribT6ANlH0I5odhgLdzGhwvBWfM1-xaqN8ieQA5l7FdmYeOrZYwzX4Lc-478HHPVhkKgLr6pn1L-WJJ1mMn_PPXo4c6q34Uw6i0kyVgPeot9rO0FSHhj-YxHTde4eXuk4k1VEx6v56KK89p9N2LCqwkWf75r3Vdk&s=Hm51gHbEX-J6yBE-X1T5oCpRRl6jKhznKI5ZWD3d6xVJvmHtvyzvhRJq5hnM8XrU78dbBIVEd_B34ieYF5Q-mBVo9NlVjED5Sqj5Yp9FQa5uoPmwaPB7C6sx5OutfuOCll-6SInck0BAp8O9RlbaKMV2BY0cNMlaAleqX0oG5OjcGdy4oz6jfwxFtpp28Mi0X-B-bm-TjrIgUNOFasMev3tP7hSaBBNv-DMfmnz_ySabNHfIaEh18jgJj_YLjwSMGU2QXkZ_lHhe0wnW4NlvYiBgPLKM-ncSP_29oxytQ32X9zjtSKuANCfgvQOFL83pTqvxeDUMIAnJQ34FYvCjRA&h=V_IZl9Cw5gO3KD1N1-2JRaqBzZS09TyJIhoo8NkeNSI
  response:
    body:
      string: "{\r\n  \"value\": [\r\n    {\r\n      \"networkSecurityGroup\": {\r\n
        \       \"id\": \"/subscriptions/00000000-0000-0000-0000-000000000000/resourceGroups/cli_nic_convenience_test000001/providers/Microsoft.Network/networkSecurityGroups/conveniencevm1NSG\"\r\n
        \     },\r\n      \"association\": {\r\n        \"networkInterface\": {\r\n
        \         \"id\": \"/subscriptions/00000000-0000-0000-0000-000000000000/resourceGroups/cli_nic_convenience_test000001/providers/Microsoft.Network/networkInterfaces/conveniencevm1VMNic\"\r\n
        \       }\r\n      },\r\n      \"effectiveSecurityRules\": [\r\n        {\r\n
        \         \"name\": \"defaultSecurityRules/AllowVnetInBound\",\r\n          \"protocol\":
        \"All\",\r\n          \"sourcePortRange\": \"0-65535\",\r\n          \"destinationPortRange\":
        \"0-65535\",\r\n          \"sourcePortRanges\": [\r\n            \"0-65535\"\r\n
        \         ],\r\n          \"destinationPortRanges\": [\r\n            \"0-65535\"\r\n
        \         ],\r\n          \"sourceAddressPrefix\": \"VirtualNetwork\",\r\n
        \         \"destinationAddressPrefix\": \"VirtualNetwork\",\r\n          \"sourceAddressPrefixes\":
        [\r\n            \"VirtualNetwork\"\r\n          ],\r\n          \"destinationAddressPrefixes\":
        [\r\n            \"VirtualNetwork\"\r\n          ],\r\n          \"expandedSourceAddressPrefix\":
        [\r\n            \"10.0.0.0/16\",\r\n            \"168.63.129.16/32\"\r\n
        \         ],\r\n          \"expandedDestinationAddressPrefix\": [\r\n            \"10.0.0.0/16\",\r\n
        \           \"168.63.129.16/32\"\r\n          ],\r\n          \"access\":
        \"Allow\",\r\n          \"priority\": 65000,\r\n          \"direction\": \"Inbound\"\r\n
        \       },\r\n        {\r\n          \"name\": \"defaultSecurityRules/AllowAzureLoadBalancerInBound\",\r\n
        \         \"protocol\": \"All\",\r\n          \"sourcePortRange\": \"0-65535\",\r\n
        \         \"destinationPortRange\": \"0-65535\",\r\n          \"sourcePortRanges\":
        [\r\n            \"0-65535\"\r\n          ],\r\n          \"destinationPortRanges\":
        [\r\n            \"0-65535\"\r\n          ],\r\n          \"sourceAddressPrefix\":
        \"AzureLoadBalancer\",\r\n          \"destinationAddressPrefix\": \"0.0.0.0/0\",\r\n
        \         \"sourceAddressPrefixes\": [\r\n            \"AzureLoadBalancer\"\r\n
        \         ],\r\n          \"destinationAddressPrefixes\": [\r\n            \"0.0.0.0/0\",\r\n
        \           \"0.0.0.0/0\"\r\n          ],\r\n          \"expandedSourceAddressPrefix\":
        [\r\n            \"168.63.129.16/32\",\r\n            \"fe80::1234:5678:9abc/128\"\r\n
        \         ],\r\n          \"access\": \"Allow\",\r\n          \"priority\":
        65001,\r\n          \"direction\": \"Inbound\"\r\n        },\r\n        {\r\n
        \         \"name\": \"defaultSecurityRules/DenyAllInBound\",\r\n          \"protocol\":
        \"All\",\r\n          \"sourcePortRange\": \"0-65535\",\r\n          \"destinationPortRange\":
        \"0-65535\",\r\n          \"sourcePortRanges\": [\r\n            \"0-65535\"\r\n
        \         ],\r\n          \"destinationPortRanges\": [\r\n            \"0-65535\"\r\n
        \         ],\r\n          \"sourceAddressPrefix\": \"0.0.0.0/0\",\r\n          \"destinationAddressPrefix\":
        \"0.0.0.0/0\",\r\n          \"sourceAddressPrefixes\": [\r\n            \"0.0.0.0/0\",\r\n
        \           \"0.0.0.0/0\"\r\n          ],\r\n          \"destinationAddressPrefixes\":
        [\r\n            \"0.0.0.0/0\",\r\n            \"0.0.0.0/0\"\r\n          ],\r\n
        \         \"access\": \"Deny\",\r\n          \"priority\": 65500,\r\n          \"direction\":
        \"Inbound\"\r\n        },\r\n        {\r\n          \"name\": \"defaultSecurityRules/AllowVnetOutBound\",\r\n
        \         \"protocol\": \"All\",\r\n          \"sourcePortRange\": \"0-65535\",\r\n
        \         \"destinationPortRange\": \"0-65535\",\r\n          \"sourcePortRanges\":
        [\r\n            \"0-65535\"\r\n          ],\r\n          \"destinationPortRanges\":
        [\r\n            \"0-65535\"\r\n          ],\r\n          \"sourceAddressPrefix\":
        \"VirtualNetwork\",\r\n          \"destinationAddressPrefix\": \"VirtualNetwork\",\r\n
        \         \"sourceAddressPrefixes\": [\r\n            \"VirtualNetwork\"\r\n
        \         ],\r\n          \"destinationAddressPrefixes\": [\r\n            \"VirtualNetwork\"\r\n
        \         ],\r\n          \"expandedSourceAddressPrefix\": [\r\n            \"10.0.0.0/16\",\r\n
        \           \"168.63.129.16/32\"\r\n          ],\r\n          \"expandedDestinationAddressPrefix\":
        [\r\n            \"10.0.0.0/16\",\r\n            \"168.63.129.16/32\"\r\n
        \         ],\r\n          \"access\": \"Allow\",\r\n          \"priority\":
        65000,\r\n          \"direction\": \"Outbound\"\r\n        },\r\n        {\r\n
        \         \"name\": \"defaultSecurityRules/AllowInternetOutBound\",\r\n          \"protocol\":
        \"All\",\r\n          \"sourcePortRange\": \"0-65535\",\r\n          \"destinationPortRange\":
        \"0-65535\",\r\n          \"sourcePortRanges\": [\r\n            \"0-65535\"\r\n
        \         ],\r\n          \"destinationPortRanges\": [\r\n            \"0-65535\"\r\n
        \         ],\r\n          \"sourceAddressPrefix\": \"0.0.0.0/0\",\r\n          \"destinationAddressPrefix\":
        \"Internet\",\r\n          \"sourceAddressPrefixes\": [\r\n            \"0.0.0.0/0\",\r\n
        \           \"0.0.0.0/0\"\r\n          ],\r\n          \"destinationAddressPrefixes\":
        [\r\n            \"Internet\"\r\n          ],\r\n          \"expandedDestinationAddressPrefix\":
        [\r\n            \"1.0.0.0/8\",\r\n            \"2.0.0.0/7\",\r\n            \"4.0.0.0/9\",\r\n
        \           \"4.144.0.0/12\",\r\n            \"4.160.0.0/11\",\r\n            \"4.192.0.0/10\",\r\n
        \           \"5.0.0.0/8\",\r\n            \"6.0.0.0/7\",\r\n            \"8.0.0.0/7\",\r\n
        \           \"11.0.0.0/8\",\r\n            \"12.0.0.0/8\",\r\n            \"13.0.0.0/10\",\r\n
        \           \"13.64.0.0/11\",\r\n            \"13.104.0.0/13\",\r\n            \"13.112.0.0/12\",\r\n
        \           \"13.128.0.0/9\",\r\n            \"14.0.0.0/7\",\r\n            \"16.0.0.0/6\",\r\n
        \           \"20.0.0.0/11\",\r\n            \"20.32.0.0/15\",\r\n            \"20.34.0.0/16\",\r\n
        \           \"20.35.0.0/17\",\r\n            \"20.35.128.0/18\",\r\n            \"20.35.192.0/19\",\r\n
        \           \"20.35.224.0/20\",\r\n            \"20.35.240.0/21\",\r\n            \"20.35.248.0/22\",\r\n
        \           \"20.36.0.0/14\",\r\n            \"20.40.0.0/13\",\r\n            \"20.48.0.0/12\",\r\n
        \           \"20.64.0.0/10\",\r\n            \"20.129.0.0/16\",\r\n            \"20.131.0.0/16\",\r\n
        \           \"20.132.0.0/14\",\r\n            \"20.136.0.0/13\",\r\n            \"20.148.0.0/14\",\r\n
        \           \"20.152.0.0/13\",\r\n            \"20.160.0.0/12\",\r\n            \"20.184.0.0/13\",\r\n
        \           \"20.192.0.0/10\",\r\n            \"23.0.0.0/10\",\r\n            \"23.64.0.0/11\",\r\n
        \           \"23.96.0.0/14\",\r\n            \"23.100.0.0/15\",\r\n            \"23.102.0.0/16\",\r\n
        \           \"23.103.64.0/18\",\r\n            \"23.103.128.0/17\",\r\n            \"23.104.0.0/13\",\r\n
        \           \"23.112.0.0/12\",\r\n            \"23.128.0.0/9\",\r\n            \"24.0.0.0/8\",\r\n
        \           \"25.1.0.0/16\",\r\n            \"25.2.0.0/15\",\r\n            \"25.8.0.0/13\",\r\n
        \           \"25.16.0.0/13\",\r\n            \"25.24.0.0/14\",\r\n            \"25.32.0.0/16\",\r\n
        \           \"25.34.0.0/15\",\r\n            \"25.36.0.0/14\",\r\n            \"25.40.0.0/16\",\r\n
        \           \"25.41.16.0/20\",\r\n            \"25.41.32.0/19\",\r\n            \"25.41.64.0/18\",\r\n
        \           \"25.41.128.0/17\",\r\n            \"25.42.0.0/15\",\r\n            \"25.44.0.0/14\",\r\n
        \           \"25.132.0.0/14\",\r\n            \"25.136.0.0/14\",\r\n            \"25.140.0.0/15\",\r\n
        \           \"25.240.0.0/14\",\r\n            \"25.250.80.0/22\",\r\n            \"25.250.86.0/23\",\r\n
        \           \"25.250.88.0/21\",\r\n            \"25.250.96.0/19\",\r\n            \"25.250.128.0/17\",\r\n
        \           \"25.254.9.0/24\",\r\n            \"25.254.10.0/23\",\r\n            \"25.254.12.0/22\",\r\n
        \           \"25.254.16.0/20\",\r\n            \"25.254.32.0/19\",\r\n            \"26.0.0.0/7\",\r\n
        \           \"28.0.0.0/6\",\r\n            \"32.0.0.0/5\",\r\n            \"40.0.0.0/10\",\r\n
        \           \"40.64.0.0/15\",\r\n            \"40.66.0.0/17\",\r\n            \"40.67.0.0/16\",\r\n
        \           \"40.68.0.0/14\",\r\n            \"40.72.0.0/13\",\r\n            \"40.80.0.0/12\",\r\n
        \           \"40.96.0.0/13\",\r\n            \"40.104.0.0/14\",\r\n            \"40.108.128.0/17\",\r\n
        \           \"40.110.0.0/15\",\r\n            \"40.112.0.0/12\",\r\n            \"40.128.0.0/9\",\r\n
        \           \"41.0.0.0/8\",\r\n            \"42.0.0.0/7\",\r\n            \"44.0.0.0/6\",\r\n
        \           \"48.0.0.0/6\",\r\n            \"52.0.0.0/9\",\r\n            \"52.128.0.0/14\",\r\n
        \           \"52.136.0.0/13\",\r\n            \"52.144.0.0/16\",\r\n            \"52.146.0.0/15\",\r\n
        \           \"52.148.0.0/14\",\r\n            \"52.152.0.0/13\",\r\n            \"52.160.0.0/11\",\r\n
        \           \"52.192.0.0/10\",\r\n            \"53.0.0.0/8\",\r\n            \"54.0.0.0/7\",\r\n
        \           \"56.0.0.0/5\",\r\n            \"64.0.0.0/6\",\r\n            \"68.0.0.0/12\",\r\n
        \           \"68.16.0.0/15\",\r\n            \"68.20.0.0/14\",\r\n            \"68.24.0.0/13\",\r\n
        \           \"68.32.0.0/11\",\r\n            \"68.64.0.0/10\",\r\n            \"68.128.0.0/9\",\r\n
        \           \"69.0.0.0/8\",\r\n            \"70.0.0.0/7\",\r\n            \"72.0.0.0/5\",\r\n
        \           \"80.0.0.0/4\",\r\n            \"96.0.0.0/6\",\r\n            \"100.0.0.0/10\",\r\n
        \           \"100.128.0.0/9\",\r\n            \"101.0.0.0/8\",\r\n            \"102.0.0.0/8\",\r\n
        \           \"103.0.0.0/10\",\r\n            \"103.64.0.0/12\",\r\n            \"103.80.0.0/13\",\r\n
        \           \"103.88.0.0/16\",\r\n            \"103.89.8.0/21\",\r\n            \"103.89.16.0/20\",\r\n
        \           \"103.89.32.0/19\",\r\n            \"103.89.64.0/18\",\r\n            \"103.89.128.0/17\",\r\n
        \           \"103.90.0.0/15\",\r\n            \"103.92.0.0/14\",\r\n            \"103.96.0.0/11\",\r\n
        \           \"103.128.0.0/9\",\r\n            \"104.0.0.0/9\",\r\n            \"104.128.0.0/12\",\r\n
        \           \"104.144.0.0/15\",\r\n            \"104.146.128.0/17\",\r\n            \"104.148.0.0/14\",\r\n
        \           \"104.152.0.0/13\",\r\n            \"104.160.0.0/11\",\r\n            \"104.192.0.0/12\",\r\n
        \           \"104.208.0.0/14\",\r\n            \"104.212.0.0/19\",\r\n            \"104.212.32.0/22\",\r\n
        \           \"104.212.40.0/21\",\r\n            \"104.212.48.0/22\",\r\n            \"104.212.56.0/21\",\r\n
        \           \"104.212.64.0/18\",\r\n            \"104.212.128.0/17\",\r\n
        \           \"104.213.0.0/16\",\r\n            \"104.214.0.0/15\",\r\n            \"104.216.0.0/13\",\r\n
        \           \"104.224.0.0/11\",\r\n            \"105.0.0.0/8\",\r\n            \"106.0.0.0/7\",\r\n
        \           \"108.0.0.0/6\",\r\n            \"112.0.0.0/5\",\r\n            \"120.0.0.0/6\",\r\n
        \           \"124.0.0.0/7\",\r\n            \"126.0.0.0/8\",\r\n            \"128.0.0.0/8\",\r\n
        \           \"129.0.0.0/10\",\r\n            \"129.64.0.0/13\",\r\n            \"129.72.0.0/15\",\r\n
        \           \"129.74.0.0/16\",\r\n            \"129.76.0.0/14\",\r\n            \"129.80.0.0/12\",\r\n
        \           \"129.96.0.0/11\",\r\n            \"129.128.0.0/9\",\r\n            \"130.0.0.0/7\",\r\n
        \           \"132.0.0.0/7\",\r\n            \"134.0.0.0/9\",\r\n            \"134.128.0.0/11\",\r\n
        \           \"134.160.0.0/12\",\r\n            \"134.176.0.0/16\",\r\n            \"134.178.0.0/15\",\r\n
        \           \"134.180.0.0/14\",\r\n            \"134.184.0.0/13\",\r\n            \"134.192.0.0/10\",\r\n
        \           \"135.0.0.0/8\",\r\n            \"136.0.0.0/7\",\r\n            \"138.0.0.0/9\",\r\n
        \           \"138.128.0.0/10\",\r\n            \"138.192.0.0/14\",\r\n            \"138.197.0.0/16\",\r\n
        \           \"138.198.0.0/15\",\r\n            \"138.200.0.0/13\",\r\n            \"138.208.0.0/12\",\r\n
        \           \"138.224.0.0/11\",\r\n            \"139.0.0.0/8\",\r\n            \"140.0.0.0/8\",\r\n
        \           \"141.0.0.0/9\",\r\n            \"141.128.0.0/10\",\r\n            \"141.192.0.0/11\",\r\n
        \           \"141.224.0.0/12\",\r\n            \"141.240.0.0/13\",\r\n            \"141.248.0.0/15\",\r\n
        \           \"141.250.0.0/16\",\r\n            \"141.252.0.0/14\",\r\n            \"142.0.0.0/7\",\r\n
        \           \"144.0.0.0/7\",\r\n            \"146.0.0.0/9\",\r\n            \"146.128.0.0/12\",\r\n
        \           \"146.144.0.0/15\",\r\n            \"146.146.0.0/16\",\r\n            \"146.148.0.0/14\",\r\n
        \           \"146.152.0.0/13\",\r\n            \"146.160.0.0/11\",\r\n            \"146.192.0.0/10\",\r\n
        \           \"147.0.0.0/8\",\r\n            \"148.0.0.0/6\",\r\n            \"152.0.0.0/6\",\r\n
        \           \"156.0.0.0/8\",\r\n            \"157.0.0.0/11\",\r\n            \"157.32.0.0/12\",\r\n
        \           \"157.48.0.0/13\",\r\n            \"157.56.0.0/15\",\r\n            \"157.58.0.0/16\",\r\n
        \           \"157.60.0.0/14\",\r\n            \"157.64.0.0/10\",\r\n            \"157.128.0.0/9\",\r\n
        \           \"158.0.0.0/7\",\r\n            \"160.0.0.0/5\",\r\n            \"168.0.0.0/8\",\r\n
        \           \"169.0.0.0/9\",\r\n            \"169.128.0.0/10\",\r\n            \"169.192.0.0/11\",\r\n
        \           \"169.224.0.0/12\",\r\n            \"169.240.0.0/13\",\r\n            \"169.248.0.0/14\",\r\n
        \           \"169.252.0.0/15\",\r\n            \"169.255.0.0/16\",\r\n            \"170.0.0.0/7\",\r\n
        \           \"172.0.0.0/12\",\r\n            \"172.32.0.0/11\",\r\n            \"172.64.0.0/10\",\r\n
        \           \"172.128.0.0/9\",\r\n            \"173.0.0.0/8\",\r\n            \"174.0.0.0/7\",\r\n
        \           \"176.0.0.0/4\",\r\n            \"192.0.0.0/23\",\r\n            \"192.0.3.0/24\",\r\n
        \           \"192.0.4.0/22\",\r\n            \"192.0.8.0/21\",\r\n            \"192.0.16.0/20\",\r\n
        \           \"192.0.32.0/19\",\r\n            \"192.0.64.0/18\",\r\n            \"192.0.128.0/17\",\r\n
        \           \"192.1.0.0/16\",\r\n            \"192.2.0.0/15\",\r\n            \"192.4.0.0/14\",\r\n
        \           \"192.8.0.0/13\",\r\n            \"192.16.0.0/12\",\r\n            \"192.33.0.0/16\",\r\n
        \           \"192.34.0.0/15\",\r\n            \"192.36.0.0/14\",\r\n            \"192.40.0.0/13\",\r\n
        \           \"192.48.0.0/12\",\r\n            \"192.64.0.0/10\",\r\n            \"192.128.0.0/11\",\r\n
        \           \"192.160.0.0/13\",\r\n            \"192.169.0.0/16\",\r\n            \"192.170.0.0/15\",\r\n
        \           \"192.172.0.0/14\",\r\n            \"192.176.0.0/12\",\r\n            \"192.192.0.0/10\",\r\n
        \           \"193.0.0.0/8\",\r\n            \"194.0.0.0/7\",\r\n            \"196.0.0.0/7\",\r\n
        \           \"198.0.0.0/12\",\r\n            \"198.16.0.0/15\",\r\n            \"198.20.0.0/14\",\r\n
        \           \"198.24.0.0/13\",\r\n            \"198.32.0.0/11\",\r\n            \"198.64.0.0/10\",\r\n
        \           \"198.128.0.0/9\",\r\n            \"199.0.0.0/8\",\r\n            \"200.0.0.0/5\",\r\n
        \           \"208.0.0.0/4\"\r\n          ],\r\n          \"access\": \"Allow\",\r\n
        \         \"priority\": 65001,\r\n          \"direction\": \"Outbound\"\r\n
        \       },\r\n        {\r\n          \"name\": \"defaultSecurityRules/DenyAllOutBound\",\r\n
        \         \"protocol\": \"All\",\r\n          \"sourcePortRange\": \"0-65535\",\r\n
        \         \"destinationPortRange\": \"0-65535\",\r\n          \"sourcePortRanges\":
        [\r\n            \"0-65535\"\r\n          ],\r\n          \"destinationPortRanges\":
        [\r\n            \"0-65535\"\r\n          ],\r\n          \"sourceAddressPrefix\":
        \"0.0.0.0/0\",\r\n          \"destinationAddressPrefix\": \"0.0.0.0/0\",\r\n
        \         \"sourceAddressPrefixes\": [\r\n            \"0.0.0.0/0\",\r\n            \"0.0.0.0/0\"\r\n
        \         ],\r\n          \"destinationAddressPrefixes\": [\r\n            \"0.0.0.0/0\",\r\n
        \           \"0.0.0.0/0\"\r\n          ],\r\n          \"access\": \"Deny\",\r\n
        \         \"priority\": 65500,\r\n          \"direction\": \"Outbound\"\r\n
        \       }\r\n      ],\r\n      \"tagMap\": {\r\n        \"VirtualNetwork\":
        [\r\n          \"10.0.0.0/16\",\r\n          \"168.63.129.16/32\"\r\n        ],\r\n
        \       \"AzureLoadBalancer\": [\r\n          \"168.63.129.16/32\",\r\n          \"fe80::1234:5678:9abc/128\"\r\n
        \       ],\r\n        \"Internet\": [\r\n          \"1.0.0.0/8\",\r\n          \"2.0.0.0/7\",\r\n
        \         \"4.0.0.0/9\",\r\n          \"4.144.0.0/12\",\r\n          \"4.160.0.0/11\",\r\n
        \         \"4.192.0.0/10\",\r\n          \"5.0.0.0/8\",\r\n          \"6.0.0.0/7\",\r\n
        \         \"8.0.0.0/7\",\r\n          \"11.0.0.0/8\",\r\n          \"12.0.0.0/8\",\r\n
        \         \"13.0.0.0/10\",\r\n          \"13.64.0.0/11\",\r\n          \"13.104.0.0/13\",\r\n
        \         \"13.112.0.0/12\",\r\n          \"13.128.0.0/9\",\r\n          \"14.0.0.0/7\",\r\n
        \         \"16.0.0.0/6\",\r\n          \"20.0.0.0/11\",\r\n          \"20.32.0.0/15\",\r\n
        \         \"20.34.0.0/16\",\r\n          \"20.35.0.0/17\",\r\n          \"20.35.128.0/18\",\r\n
        \         \"20.35.192.0/19\",\r\n          \"20.35.224.0/20\",\r\n          \"20.35.240.0/21\",\r\n
        \         \"20.35.248.0/22\",\r\n          \"20.36.0.0/14\",\r\n          \"20.40.0.0/13\",\r\n
        \         \"20.48.0.0/12\",\r\n          \"20.64.0.0/10\",\r\n          \"20.129.0.0/16\",\r\n
        \         \"20.131.0.0/16\",\r\n          \"20.132.0.0/14\",\r\n          \"20.136.0.0/13\",\r\n
        \         \"20.148.0.0/14\",\r\n          \"20.152.0.0/13\",\r\n          \"20.160.0.0/12\",\r\n
        \         \"20.184.0.0/13\",\r\n          \"20.192.0.0/10\",\r\n          \"23.0.0.0/10\",\r\n
        \         \"23.64.0.0/11\",\r\n          \"23.96.0.0/14\",\r\n          \"23.100.0.0/15\",\r\n
        \         \"23.102.0.0/16\",\r\n          \"23.103.64.0/18\",\r\n          \"23.103.128.0/17\",\r\n
        \         \"23.104.0.0/13\",\r\n          \"23.112.0.0/12\",\r\n          \"23.128.0.0/9\",\r\n
        \         \"24.0.0.0/8\",\r\n          \"25.1.0.0/16\",\r\n          \"25.2.0.0/15\",\r\n
        \         \"25.8.0.0/13\",\r\n          \"25.16.0.0/13\",\r\n          \"25.24.0.0/14\",\r\n
        \         \"25.32.0.0/16\",\r\n          \"25.34.0.0/15\",\r\n          \"25.36.0.0/14\",\r\n
        \         \"25.40.0.0/16\",\r\n          \"25.41.16.0/20\",\r\n          \"25.41.32.0/19\",\r\n
        \         \"25.41.64.0/18\",\r\n          \"25.41.128.0/17\",\r\n          \"25.42.0.0/15\",\r\n
        \         \"25.44.0.0/14\",\r\n          \"25.132.0.0/14\",\r\n          \"25.136.0.0/14\",\r\n
        \         \"25.140.0.0/15\",\r\n          \"25.240.0.0/14\",\r\n          \"25.250.80.0/22\",\r\n
        \         \"25.250.86.0/23\",\r\n          \"25.250.88.0/21\",\r\n          \"25.250.96.0/19\",\r\n
        \         \"25.250.128.0/17\",\r\n          \"25.254.9.0/24\",\r\n          \"25.254.10.0/23\",\r\n
        \         \"25.254.12.0/22\",\r\n          \"25.254.16.0/20\",\r\n          \"25.254.32.0/19\",\r\n
        \         \"26.0.0.0/7\",\r\n          \"28.0.0.0/6\",\r\n          \"32.0.0.0/5\",\r\n
        \         \"40.0.0.0/10\",\r\n          \"40.64.0.0/15\",\r\n          \"40.66.0.0/17\",\r\n
        \         \"40.67.0.0/16\",\r\n          \"40.68.0.0/14\",\r\n          \"40.72.0.0/13\",\r\n
        \         \"40.80.0.0/12\",\r\n          \"40.96.0.0/13\",\r\n          \"40.104.0.0/14\",\r\n
        \         \"40.108.128.0/17\",\r\n          \"40.110.0.0/15\",\r\n          \"40.112.0.0/12\",\r\n
        \         \"40.128.0.0/9\",\r\n          \"41.0.0.0/8\",\r\n          \"42.0.0.0/7\",\r\n
        \         \"44.0.0.0/6\",\r\n          \"48.0.0.0/6\",\r\n          \"52.0.0.0/9\",\r\n
        \         \"52.128.0.0/14\",\r\n          \"52.136.0.0/13\",\r\n          \"52.144.0.0/16\",\r\n
        \         \"52.146.0.0/15\",\r\n          \"52.148.0.0/14\",\r\n          \"52.152.0.0/13\",\r\n
        \         \"52.160.0.0/11\",\r\n          \"52.192.0.0/10\",\r\n          \"53.0.0.0/8\",\r\n
        \         \"54.0.0.0/7\",\r\n          \"56.0.0.0/5\",\r\n          \"64.0.0.0/6\",\r\n
        \         \"68.0.0.0/12\",\r\n          \"68.16.0.0/15\",\r\n          \"68.20.0.0/14\",\r\n
        \         \"68.24.0.0/13\",\r\n          \"68.32.0.0/11\",\r\n          \"68.64.0.0/10\",\r\n
        \         \"68.128.0.0/9\",\r\n          \"69.0.0.0/8\",\r\n          \"70.0.0.0/7\",\r\n
        \         \"72.0.0.0/5\",\r\n          \"80.0.0.0/4\",\r\n          \"96.0.0.0/6\",\r\n
        \         \"100.0.0.0/10\",\r\n          \"100.128.0.0/9\",\r\n          \"101.0.0.0/8\",\r\n
        \         \"102.0.0.0/8\",\r\n          \"103.0.0.0/10\",\r\n          \"103.64.0.0/12\",\r\n
        \         \"103.80.0.0/13\",\r\n          \"103.88.0.0/16\",\r\n          \"103.89.8.0/21\",\r\n
        \         \"103.89.16.0/20\",\r\n          \"103.89.32.0/19\",\r\n          \"103.89.64.0/18\",\r\n
        \         \"103.89.128.0/17\",\r\n          \"103.90.0.0/15\",\r\n          \"103.92.0.0/14\",\r\n
        \         \"103.96.0.0/11\",\r\n          \"103.128.0.0/9\",\r\n          \"104.0.0.0/9\",\r\n
        \         \"104.128.0.0/12\",\r\n          \"104.144.0.0/15\",\r\n          \"104.146.128.0/17\",\r\n
        \         \"104.148.0.0/14\",\r\n          \"104.152.0.0/13\",\r\n          \"104.160.0.0/11\",\r\n
        \         \"104.192.0.0/12\",\r\n          \"104.208.0.0/14\",\r\n          \"104.212.0.0/19\",\r\n
        \         \"104.212.32.0/22\",\r\n          \"104.212.40.0/21\",\r\n          \"104.212.48.0/22\",\r\n
        \         \"104.212.56.0/21\",\r\n          \"104.212.64.0/18\",\r\n          \"104.212.128.0/17\",\r\n
        \         \"104.213.0.0/16\",\r\n          \"104.214.0.0/15\",\r\n          \"104.216.0.0/13\",\r\n
        \         \"104.224.0.0/11\",\r\n          \"105.0.0.0/8\",\r\n          \"106.0.0.0/7\",\r\n
        \         \"108.0.0.0/6\",\r\n          \"112.0.0.0/5\",\r\n          \"120.0.0.0/6\",\r\n
        \         \"124.0.0.0/7\",\r\n          \"126.0.0.0/8\",\r\n          \"128.0.0.0/8\",\r\n
        \         \"129.0.0.0/10\",\r\n          \"129.64.0.0/13\",\r\n          \"129.72.0.0/15\",\r\n
        \         \"129.74.0.0/16\",\r\n          \"129.76.0.0/14\",\r\n          \"129.80.0.0/12\",\r\n
        \         \"129.96.0.0/11\",\r\n          \"129.128.0.0/9\",\r\n          \"130.0.0.0/7\",\r\n
        \         \"132.0.0.0/7\",\r\n          \"134.0.0.0/9\",\r\n          \"134.128.0.0/11\",\r\n
        \         \"134.160.0.0/12\",\r\n          \"134.176.0.0/16\",\r\n          \"134.178.0.0/15\",\r\n
        \         \"134.180.0.0/14\",\r\n          \"134.184.0.0/13\",\r\n          \"134.192.0.0/10\",\r\n
        \         \"135.0.0.0/8\",\r\n          \"136.0.0.0/7\",\r\n          \"138.0.0.0/9\",\r\n
        \         \"138.128.0.0/10\",\r\n          \"138.192.0.0/14\",\r\n          \"138.197.0.0/16\",\r\n
        \         \"138.198.0.0/15\",\r\n          \"138.200.0.0/13\",\r\n          \"138.208.0.0/12\",\r\n
        \         \"138.224.0.0/11\",\r\n          \"139.0.0.0/8\",\r\n          \"140.0.0.0/8\",\r\n
        \         \"141.0.0.0/9\",\r\n          \"141.128.0.0/10\",\r\n          \"141.192.0.0/11\",\r\n
        \         \"141.224.0.0/12\",\r\n          \"141.240.0.0/13\",\r\n          \"141.248.0.0/15\",\r\n
        \         \"141.250.0.0/16\",\r\n          \"141.252.0.0/14\",\r\n          \"142.0.0.0/7\",\r\n
        \         \"144.0.0.0/7\",\r\n          \"146.0.0.0/9\",\r\n          \"146.128.0.0/12\",\r\n
        \         \"146.144.0.0/15\",\r\n          \"146.146.0.0/16\",\r\n          \"146.148.0.0/14\",\r\n
        \         \"146.152.0.0/13\",\r\n          \"146.160.0.0/11\",\r\n          \"146.192.0.0/10\",\r\n
        \         \"147.0.0.0/8\",\r\n          \"148.0.0.0/6\",\r\n          \"152.0.0.0/6\",\r\n
        \         \"156.0.0.0/8\",\r\n          \"157.0.0.0/11\",\r\n          \"157.32.0.0/12\",\r\n
        \         \"157.48.0.0/13\",\r\n          \"157.56.0.0/15\",\r\n          \"157.58.0.0/16\",\r\n
        \         \"157.60.0.0/14\",\r\n          \"157.64.0.0/10\",\r\n          \"157.128.0.0/9\",\r\n
        \         \"158.0.0.0/7\",\r\n          \"160.0.0.0/5\",\r\n          \"168.0.0.0/8\",\r\n
        \         \"169.0.0.0/9\",\r\n          \"169.128.0.0/10\",\r\n          \"169.192.0.0/11\",\r\n
        \         \"169.224.0.0/12\",\r\n          \"169.240.0.0/13\",\r\n          \"169.248.0.0/14\",\r\n
        \         \"169.252.0.0/15\",\r\n          \"169.255.0.0/16\",\r\n          \"170.0.0.0/7\",\r\n
        \         \"172.0.0.0/12\",\r\n          \"172.32.0.0/11\",\r\n          \"172.64.0.0/10\",\r\n
        \         \"172.128.0.0/9\",\r\n          \"173.0.0.0/8\",\r\n          \"174.0.0.0/7\",\r\n
        \         \"176.0.0.0/4\",\r\n          \"192.0.0.0/23\",\r\n          \"192.0.3.0/24\",\r\n
        \         \"192.0.4.0/22\",\r\n          \"192.0.8.0/21\",\r\n          \"192.0.16.0/20\",\r\n
        \         \"192.0.32.0/19\",\r\n          \"192.0.64.0/18\",\r\n          \"192.0.128.0/17\",\r\n
        \         \"192.1.0.0/16\",\r\n          \"192.2.0.0/15\",\r\n          \"192.4.0.0/14\",\r\n
        \         \"192.8.0.0/13\",\r\n          \"192.16.0.0/12\",\r\n          \"192.33.0.0/16\",\r\n
        \         \"192.34.0.0/15\",\r\n          \"192.36.0.0/14\",\r\n          \"192.40.0.0/13\",\r\n
        \         \"192.48.0.0/12\",\r\n          \"192.64.0.0/10\",\r\n          \"192.128.0.0/11\",\r\n
        \         \"192.160.0.0/13\",\r\n          \"192.169.0.0/16\",\r\n          \"192.170.0.0/15\",\r\n
        \         \"192.172.0.0/14\",\r\n          \"192.176.0.0/12\",\r\n          \"192.192.0.0/10\",\r\n
        \         \"193.0.0.0/8\",\r\n          \"194.0.0.0/7\",\r\n          \"196.0.0.0/7\",\r\n
        \         \"198.0.0.0/12\",\r\n          \"198.16.0.0/15\",\r\n          \"198.20.0.0/14\",\r\n
        \         \"198.24.0.0/13\",\r\n          \"198.32.0.0/11\",\r\n          \"198.64.0.0/10\",\r\n
        \         \"198.128.0.0/9\",\r\n          \"199.0.0.0/8\",\r\n          \"200.0.0.0/5\",\r\n
        \         \"208.0.0.0/4\"\r\n        ]\r\n      }\r\n    }\r\n  ]\r\n}"
    headers:
      azure-asyncnotification:
      - Enabled
      cache-control:
      - no-cache
      content-length:
      - '22341'
      content-type:
      - application/json; charset=utf-8
      date:
      - Mon, 30 Oct 2023 02:36:36 GMT
      expires:
      - '-1'
      location:
      - https://management.azure.com/subscriptions/00000000-0000-0000-0000-000000000000/providers/Microsoft.Network/locations/westus/operationResults/e3b8b636-4c2c-4d66-b446-642a0d85e161?api-version=2022-01-01&t=638342301973853227&c=MIIHHjCCBgagAwIBAgITfwHPGb2PGVTN4z3FUwAEAc8ZvTANBgkqhkiG9w0BAQsFADBEMRMwEQYKCZImiZPyLGQBGRYDR0JMMRMwEQYKCZImiZPyLGQBGRYDQU1FMRgwFgYDVQQDEw9BTUUgSW5mcmEgQ0EgMDIwHhcNMjMwODAyMDYzNjM2WhcNMjQwNzI3MDYzNjM2WjBAMT4wPAYDVQQDEzVhc3luY29wZXJhdGlvbnNpZ25pbmdjZXJ0aWZpY2F0ZS5tYW5hZ2VtZW50LmF6dXJlLmNvbTCCASIwDQYJKoZIhvcNAQEBBQADggEPADCCAQoCggEBALA8WMmmEO1CwTnKvAtvibQoh9fKt-nYVdbvRtzIlm4z19BYYfDibvj6l1viYhNR3bs53c9d8fIWknmMKcHdJpnnDk-sfLAVWjMNWlp_buwQ0wqnDDMi-_nqhutQ0ONUbruFxD0-bGPA3RLD9MxnV3XQGNGjXFzj7hqAQauMfHafpxwgDIEYAcWfBtE32aGB9_bxZrY8E2slVewgeS6yws88svVeMAmGPQEGqIrOrqphrXLbmWMcWg6Ixey-FyuliVC6n2ECOpeUOnI3zd3u2YXwLZrTeYxh6zaRuU-ht2zLmkisse4EaaJvcnYB1ET9IBE-LI8SxLbutQtDAe4kiSkCAwEAAaOCBAswggQHMCcGCSsGAQQBgjcVCgQaMBgwCgYIKwYBBQUHAwEwCgYIKwYBBQUHAwIwPQYJKwYBBAGCNxUHBDAwLgYmKwYBBAGCNxUIhpDjDYTVtHiE8Ys-hZvdFs6dEoFggvX2K4Py0SACAWQCAQowggHaBggrBgEFBQcBAQSCAcwwggHIMGYGCCsGAQUFBzAChlpodHRwOi8vY3JsLm1pY3Jvc29mdC5jb20vcGtpaW5mcmEvQ2VydHMvQkwyUEtJSU5UQ0EwMS5BTUUuR0JMX0FNRSUyMEluZnJhJTIwQ0ElMjAwMig0KS5jcnQwVgYIKwYBBQUHMAKGSmh0dHA6Ly9jcmwxLmFtZS5nYmwvYWlhL0JMMlBLSUlOVENBMDEuQU1FLkdCTF9BTUUlMjBJbmZyYSUyMENBJTIwMDIoNCkuY3J0MFYGCCsGAQUFBzAChkpodHRwOi8vY3JsMi5hbWUuZ2JsL2FpYS9CTDJQS0lJTlRDQTAxLkFNRS5HQkxfQU1FJTIwSW5mcmElMjBDQSUyMDAyKDQpLmNydDBWBggrBgEFBQcwAoZKaHR0cDovL2NybDMuYW1lLmdibC9haWEvQkwyUEtJSU5UQ0EwMS5BTUUuR0JMX0FNRSUyMEluZnJhJTIwQ0ElMjAwMig0KS5jcnQwVgYIKwYBBQUHMAKGSmh0dHA6Ly9jcmw0LmFtZS5nYmwvYWlhL0JMMlBLSUlOVENBMDEuQU1FLkdCTF9BTUUlMjBJbmZyYSUyMENBJTIwMDIoNCkuY3J0MB0GA1UdDgQWBBQBTTHZD8UzTofzBwHZRpdtw5XpXjAOBgNVHQ8BAf8EBAMCBaAwggE1BgNVHR8EggEsMIIBKDCCASSgggEgoIIBHIZCaHR0cDovL2NybC5taWNyb3NvZnQuY29tL3BraWluZnJhL0NSTC9BTUUlMjBJbmZyYSUyMENBJTIwMDIoNCkuY3JshjRodHRwOi8vY3JsMS5hbWUuZ2JsL2NybC9BTUUlMjBJbmZyYSUyMENBJTIwMDIoNCkuY3JshjRodHRwOi8vY3JsMi5hbWUuZ2JsL2NybC9BTUUlMjBJbmZyYSUyMENBJTIwMDIoNCkuY3JshjRodHRwOi8vY3JsMy5hbWUuZ2JsL2NybC9BTUUlMjBJbmZyYSUyMENBJTIwMDIoNCkuY3JshjRodHRwOi8vY3JsNC5hbWUuZ2JsL2NybC9BTUUlMjBJbmZyYSUyMENBJTIwMDIoNCkuY3JsMBcGA1UdIAQQMA4wDAYKKwYBBAGCN3sBATAfBgNVHSMEGDAWgBSuecJrXSWIEwb2BwnDl3x7l48dVTAdBgNVHSUEFjAUBggrBgEFBQcDAQYIKwYBBQUHAwIwDQYJKoZIhvcNAQELBQADggEBAD3Zm_z6dHneGOQPVVe1FxHrV2xvtqbjaKZAuH5rSpWUw_DJdOSV4cWnP6mHzxkPNq64LVAwgyif18NOtR825NodQN7r_Il0fGIykE4rt-M_xIqddJaoXHzIGUQ0uCofzHWG-wdvSYVhlbFFtTckqYtEA9-qW-eTU2K1wu1OQ8ry_XahL8OpgJsribT6ANlH0I5odhgLdzGhwvBWfM1-xaqN8ieQA5l7FdmYeOrZYwzX4Lc-478HHPVhkKgLr6pn1L-WJJ1mMn_PPXo4c6q34Uw6i0kyVgPeot9rO0FSHhj-YxHTde4eXuk4k1VEx6v56KK89p9N2LCqwkWf75r3Vdk&s=FHc6bkAgdUEVtO1n6fab8pvKjnHZA1ZEQPHzF0oM1hrw5ECEZOsoO_7gagq1uqowkQPe7aivQ_WiD0SsKkhxCJJubrzmzsYSSOORwPf1zkZcblfiFMdsxxgAitGEZycpAfQN-68wxvMij8vr4R5KU_DMFeDCAbaCQlY8r5LY-L4eAVsDFExYkOYpxFk9C8pyb5Tk98EiONBq2gMNxwH5cUPmTCVcQ68MqrR7RPj-eWb48WxjcXh6kNCSos946WOc3OSJLtG4kDQ5gnUOcw_lUV8J7yIvBV9li7jECIHeVS-hZNdxnDpAFxRXZI38ks_V7cW4BapKEOIq2lndWsp4Eg&h=x5sl2YFqufGoSDMVIOyp6dl47kVGZqj_Fv6nrYqeiIg
      pragma:
      - no-cache
      server:
      - Microsoft-HTTPAPI/2.0
      - Microsoft-HTTPAPI/2.0
      strict-transport-security:
      - max-age=31536000; includeSubDomains
      transfer-encoding:
      - chunked
      vary:
      - Accept-Encoding
      x-content-type-options:
      - nosniff
      x-ms-arm-service-request-id:
      - 5cdb06f2-390c-4279-a79d-cb5a6433c86e
    status:
      code: 200
      message: OK
- request:
    body: null
    headers:
      Accept:
      - application/json
      Accept-Encoding:
      - gzip, deflate
      CommandName:
      - network nic show-effective-route-table
      Connection:
      - keep-alive
      Content-Length:
      - '0'
      ParameterSetName:
      - --ids
      User-Agent:
      - AZURECLI/2.53.0 (AAZ) azsdk-python-core/1.26.0 Python/3.9.5 (Windows-10-10.0.22621-SP0)
    method: POST
    uri: https://management.azure.com/subscriptions/00000000-0000-0000-0000-000000000000/resourceGroups/cli_nic_convenience_test000001/providers/Microsoft.Network/networkInterfaces/conveniencevm1VMNic/effectiveRouteTable?api-version=2022-01-01
  response:
    body:
      string: 'null'
    headers:
      azure-asyncnotification:
      - Enabled
      cache-control:
      - no-cache
      content-length:
      - '4'
      content-type:
      - application/json; charset=utf-8
      date:
      - Mon, 30 Oct 2023 02:36:38 GMT
      expires:
      - '-1'
      location:
      - https://management.azure.com/subscriptions/00000000-0000-0000-0000-000000000000/providers/Microsoft.Network/locations/westus/operationResults/b3326b29-be32-4846-9eb6-d775a5434594?api-version=2022-01-01&t=638342301988523015&c=MIIHHjCCBgagAwIBAgITfwHPGb2PGVTN4z3FUwAEAc8ZvTANBgkqhkiG9w0BAQsFADBEMRMwEQYKCZImiZPyLGQBGRYDR0JMMRMwEQYKCZImiZPyLGQBGRYDQU1FMRgwFgYDVQQDEw9BTUUgSW5mcmEgQ0EgMDIwHhcNMjMwODAyMDYzNjM2WhcNMjQwNzI3MDYzNjM2WjBAMT4wPAYDVQQDEzVhc3luY29wZXJhdGlvbnNpZ25pbmdjZXJ0aWZpY2F0ZS5tYW5hZ2VtZW50LmF6dXJlLmNvbTCCASIwDQYJKoZIhvcNAQEBBQADggEPADCCAQoCggEBALA8WMmmEO1CwTnKvAtvibQoh9fKt-nYVdbvRtzIlm4z19BYYfDibvj6l1viYhNR3bs53c9d8fIWknmMKcHdJpnnDk-sfLAVWjMNWlp_buwQ0wqnDDMi-_nqhutQ0ONUbruFxD0-bGPA3RLD9MxnV3XQGNGjXFzj7hqAQauMfHafpxwgDIEYAcWfBtE32aGB9_bxZrY8E2slVewgeS6yws88svVeMAmGPQEGqIrOrqphrXLbmWMcWg6Ixey-FyuliVC6n2ECOpeUOnI3zd3u2YXwLZrTeYxh6zaRuU-ht2zLmkisse4EaaJvcnYB1ET9IBE-LI8SxLbutQtDAe4kiSkCAwEAAaOCBAswggQHMCcGCSsGAQQBgjcVCgQaMBgwCgYIKwYBBQUHAwEwCgYIKwYBBQUHAwIwPQYJKwYBBAGCNxUHBDAwLgYmKwYBBAGCNxUIhpDjDYTVtHiE8Ys-hZvdFs6dEoFggvX2K4Py0SACAWQCAQowggHaBggrBgEFBQcBAQSCAcwwggHIMGYGCCsGAQUFBzAChlpodHRwOi8vY3JsLm1pY3Jvc29mdC5jb20vcGtpaW5mcmEvQ2VydHMvQkwyUEtJSU5UQ0EwMS5BTUUuR0JMX0FNRSUyMEluZnJhJTIwQ0ElMjAwMig0KS5jcnQwVgYIKwYBBQUHMAKGSmh0dHA6Ly9jcmwxLmFtZS5nYmwvYWlhL0JMMlBLSUlOVENBMDEuQU1FLkdCTF9BTUUlMjBJbmZyYSUyMENBJTIwMDIoNCkuY3J0MFYGCCsGAQUFBzAChkpodHRwOi8vY3JsMi5hbWUuZ2JsL2FpYS9CTDJQS0lJTlRDQTAxLkFNRS5HQkxfQU1FJTIwSW5mcmElMjBDQSUyMDAyKDQpLmNydDBWBggrBgEFBQcwAoZKaHR0cDovL2NybDMuYW1lLmdibC9haWEvQkwyUEtJSU5UQ0EwMS5BTUUuR0JMX0FNRSUyMEluZnJhJTIwQ0ElMjAwMig0KS5jcnQwVgYIKwYBBQUHMAKGSmh0dHA6Ly9jcmw0LmFtZS5nYmwvYWlhL0JMMlBLSUlOVENBMDEuQU1FLkdCTF9BTUUlMjBJbmZyYSUyMENBJTIwMDIoNCkuY3J0MB0GA1UdDgQWBBQBTTHZD8UzTofzBwHZRpdtw5XpXjAOBgNVHQ8BAf8EBAMCBaAwggE1BgNVHR8EggEsMIIBKDCCASSgggEgoIIBHIZCaHR0cDovL2NybC5taWNyb3NvZnQuY29tL3BraWluZnJhL0NSTC9BTUUlMjBJbmZyYSUyMENBJTIwMDIoNCkuY3JshjRodHRwOi8vY3JsMS5hbWUuZ2JsL2NybC9BTUUlMjBJbmZyYSUyMENBJTIwMDIoNCkuY3JshjRodHRwOi8vY3JsMi5hbWUuZ2JsL2NybC9BTUUlMjBJbmZyYSUyMENBJTIwMDIoNCkuY3JshjRodHRwOi8vY3JsMy5hbWUuZ2JsL2NybC9BTUUlMjBJbmZyYSUyMENBJTIwMDIoNCkuY3JshjRodHRwOi8vY3JsNC5hbWUuZ2JsL2NybC9BTUUlMjBJbmZyYSUyMENBJTIwMDIoNCkuY3JsMBcGA1UdIAQQMA4wDAYKKwYBBAGCN3sBATAfBgNVHSMEGDAWgBSuecJrXSWIEwb2BwnDl3x7l48dVTAdBgNVHSUEFjAUBggrBgEFBQcDAQYIKwYBBQUHAwIwDQYJKoZIhvcNAQELBQADggEBAD3Zm_z6dHneGOQPVVe1FxHrV2xvtqbjaKZAuH5rSpWUw_DJdOSV4cWnP6mHzxkPNq64LVAwgyif18NOtR825NodQN7r_Il0fGIykE4rt-M_xIqddJaoXHzIGUQ0uCofzHWG-wdvSYVhlbFFtTckqYtEA9-qW-eTU2K1wu1OQ8ry_XahL8OpgJsribT6ANlH0I5odhgLdzGhwvBWfM1-xaqN8ieQA5l7FdmYeOrZYwzX4Lc-478HHPVhkKgLr6pn1L-WJJ1mMn_PPXo4c6q34Uw6i0kyVgPeot9rO0FSHhj-YxHTde4eXuk4k1VEx6v56KK89p9N2LCqwkWf75r3Vdk&s=dWXlBtV1TDRlHSIl-E-ALxHLa3-biwtR7uk5o4vrN1hw9lyTkzSKcvo0rQH-RZvIv2PrHp-ZGW_F6p5i1na6_sZmjl7f84yuXsk5ANEQcQEyoFdVX-6NnFimHh-IxazwtW2oU82pISieqoniH0rswRS6-P7nNqkHsWfkSc6j4xT_M3xM7ZQXCZI4g1tI7gIZtvfS1OQoUOIBHHS61K5dWkx96z6tfxEvAt-yUgabpYPDIxHf2WV5r19GGDxXgFyGMkdoBu55T__xkjaRw9keEblzQ9gwrnOkiXO_6UeOkuUGz1VIiiYCieRhmVyQAfe7wNnTHmrfEuPK8ekgYXwddw&h=lrLiyIqcFOXeye4bRNxNVyIt_Jj65424KEi8tlVmBd0
      pragma:
      - no-cache
      server:
      - Microsoft-HTTPAPI/2.0
      - Microsoft-HTTPAPI/2.0
      strict-transport-security:
      - max-age=31536000; includeSubDomains
      x-content-type-options:
      - nosniff
      x-ms-arm-service-request-id:
      - 78628729-7888-4318-bd43-d754c54584b6
      x-ms-ratelimit-remaining-subscription-writes:
      - '1199'
    status:
      code: 202
      message: Accepted
- request:
    body: null
    headers:
      Accept:
      - '*/*'
      Accept-Encoding:
      - gzip, deflate
      CommandName:
      - network nic show-effective-route-table
      Connection:
      - keep-alive
      ParameterSetName:
      - --ids
      User-Agent:
      - AZURECLI/2.53.0 (AAZ) azsdk-python-core/1.26.0 Python/3.9.5 (Windows-10-10.0.22621-SP0)
    method: GET
    uri: https://management.azure.com/subscriptions/00000000-0000-0000-0000-000000000000/providers/Microsoft.Network/locations/westus/operationResults/b3326b29-be32-4846-9eb6-d775a5434594?api-version=2022-01-01&t=638342301988523015&c=MIIHHjCCBgagAwIBAgITfwHPGb2PGVTN4z3FUwAEAc8ZvTANBgkqhkiG9w0BAQsFADBEMRMwEQYKCZImiZPyLGQBGRYDR0JMMRMwEQYKCZImiZPyLGQBGRYDQU1FMRgwFgYDVQQDEw9BTUUgSW5mcmEgQ0EgMDIwHhcNMjMwODAyMDYzNjM2WhcNMjQwNzI3MDYzNjM2WjBAMT4wPAYDVQQDEzVhc3luY29wZXJhdGlvbnNpZ25pbmdjZXJ0aWZpY2F0ZS5tYW5hZ2VtZW50LmF6dXJlLmNvbTCCASIwDQYJKoZIhvcNAQEBBQADggEPADCCAQoCggEBALA8WMmmEO1CwTnKvAtvibQoh9fKt-nYVdbvRtzIlm4z19BYYfDibvj6l1viYhNR3bs53c9d8fIWknmMKcHdJpnnDk-sfLAVWjMNWlp_buwQ0wqnDDMi-_nqhutQ0ONUbruFxD0-bGPA3RLD9MxnV3XQGNGjXFzj7hqAQauMfHafpxwgDIEYAcWfBtE32aGB9_bxZrY8E2slVewgeS6yws88svVeMAmGPQEGqIrOrqphrXLbmWMcWg6Ixey-FyuliVC6n2ECOpeUOnI3zd3u2YXwLZrTeYxh6zaRuU-ht2zLmkisse4EaaJvcnYB1ET9IBE-LI8SxLbutQtDAe4kiSkCAwEAAaOCBAswggQHMCcGCSsGAQQBgjcVCgQaMBgwCgYIKwYBBQUHAwEwCgYIKwYBBQUHAwIwPQYJKwYBBAGCNxUHBDAwLgYmKwYBBAGCNxUIhpDjDYTVtHiE8Ys-hZvdFs6dEoFggvX2K4Py0SACAWQCAQowggHaBggrBgEFBQcBAQSCAcwwggHIMGYGCCsGAQUFBzAChlpodHRwOi8vY3JsLm1pY3Jvc29mdC5jb20vcGtpaW5mcmEvQ2VydHMvQkwyUEtJSU5UQ0EwMS5BTUUuR0JMX0FNRSUyMEluZnJhJTIwQ0ElMjAwMig0KS5jcnQwVgYIKwYBBQUHMAKGSmh0dHA6Ly9jcmwxLmFtZS5nYmwvYWlhL0JMMlBLSUlOVENBMDEuQU1FLkdCTF9BTUUlMjBJbmZyYSUyMENBJTIwMDIoNCkuY3J0MFYGCCsGAQUFBzAChkpodHRwOi8vY3JsMi5hbWUuZ2JsL2FpYS9CTDJQS0lJTlRDQTAxLkFNRS5HQkxfQU1FJTIwSW5mcmElMjBDQSUyMDAyKDQpLmNydDBWBggrBgEFBQcwAoZKaHR0cDovL2NybDMuYW1lLmdibC9haWEvQkwyUEtJSU5UQ0EwMS5BTUUuR0JMX0FNRSUyMEluZnJhJTIwQ0ElMjAwMig0KS5jcnQwVgYIKwYBBQUHMAKGSmh0dHA6Ly9jcmw0LmFtZS5nYmwvYWlhL0JMMlBLSUlOVENBMDEuQU1FLkdCTF9BTUUlMjBJbmZyYSUyMENBJTIwMDIoNCkuY3J0MB0GA1UdDgQWBBQBTTHZD8UzTofzBwHZRpdtw5XpXjAOBgNVHQ8BAf8EBAMCBaAwggE1BgNVHR8EggEsMIIBKDCCASSgggEgoIIBHIZCaHR0cDovL2NybC5taWNyb3NvZnQuY29tL3BraWluZnJhL0NSTC9BTUUlMjBJbmZyYSUyMENBJTIwMDIoNCkuY3JshjRodHRwOi8vY3JsMS5hbWUuZ2JsL2NybC9BTUUlMjBJbmZyYSUyMENBJTIwMDIoNCkuY3JshjRodHRwOi8vY3JsMi5hbWUuZ2JsL2NybC9BTUUlMjBJbmZyYSUyMENBJTIwMDIoNCkuY3JshjRodHRwOi8vY3JsMy5hbWUuZ2JsL2NybC9BTUUlMjBJbmZyYSUyMENBJTIwMDIoNCkuY3JshjRodHRwOi8vY3JsNC5hbWUuZ2JsL2NybC9BTUUlMjBJbmZyYSUyMENBJTIwMDIoNCkuY3JsMBcGA1UdIAQQMA4wDAYKKwYBBAGCN3sBATAfBgNVHSMEGDAWgBSuecJrXSWIEwb2BwnDl3x7l48dVTAdBgNVHSUEFjAUBggrBgEFBQcDAQYIKwYBBQUHAwIwDQYJKoZIhvcNAQELBQADggEBAD3Zm_z6dHneGOQPVVe1FxHrV2xvtqbjaKZAuH5rSpWUw_DJdOSV4cWnP6mHzxkPNq64LVAwgyif18NOtR825NodQN7r_Il0fGIykE4rt-M_xIqddJaoXHzIGUQ0uCofzHWG-wdvSYVhlbFFtTckqYtEA9-qW-eTU2K1wu1OQ8ry_XahL8OpgJsribT6ANlH0I5odhgLdzGhwvBWfM1-xaqN8ieQA5l7FdmYeOrZYwzX4Lc-478HHPVhkKgLr6pn1L-WJJ1mMn_PPXo4c6q34Uw6i0kyVgPeot9rO0FSHhj-YxHTde4eXuk4k1VEx6v56KK89p9N2LCqwkWf75r3Vdk&s=dWXlBtV1TDRlHSIl-E-ALxHLa3-biwtR7uk5o4vrN1hw9lyTkzSKcvo0rQH-RZvIv2PrHp-ZGW_F6p5i1na6_sZmjl7f84yuXsk5ANEQcQEyoFdVX-6NnFimHh-IxazwtW2oU82pISieqoniH0rswRS6-P7nNqkHsWfkSc6j4xT_M3xM7ZQXCZI4g1tI7gIZtvfS1OQoUOIBHHS61K5dWkx96z6tfxEvAt-yUgabpYPDIxHf2WV5r19GGDxXgFyGMkdoBu55T__xkjaRw9keEblzQ9gwrnOkiXO_6UeOkuUGz1VIiiYCieRhmVyQAfe7wNnTHmrfEuPK8ekgYXwddw&h=lrLiyIqcFOXeye4bRNxNVyIt_Jj65424KEi8tlVmBd0
  response:
    body:
      string: 'null'
    headers:
      azure-asyncnotification:
      - Enabled
      cache-control:
      - no-cache
      content-length:
      - '4'
      content-type:
      - application/json; charset=utf-8
      date:
      - Mon, 30 Oct 2023 02:36:38 GMT
      expires:
      - '-1'
      location:
      - https://management.azure.com/subscriptions/00000000-0000-0000-0000-000000000000/providers/Microsoft.Network/locations/westus/operationResults/b3326b29-be32-4846-9eb6-d775a5434594?api-version=2022-01-01&t=638342301991804142&c=MIIHHjCCBgagAwIBAgITfwHPGb2PGVTN4z3FUwAEAc8ZvTANBgkqhkiG9w0BAQsFADBEMRMwEQYKCZImiZPyLGQBGRYDR0JMMRMwEQYKCZImiZPyLGQBGRYDQU1FMRgwFgYDVQQDEw9BTUUgSW5mcmEgQ0EgMDIwHhcNMjMwODAyMDYzNjM2WhcNMjQwNzI3MDYzNjM2WjBAMT4wPAYDVQQDEzVhc3luY29wZXJhdGlvbnNpZ25pbmdjZXJ0aWZpY2F0ZS5tYW5hZ2VtZW50LmF6dXJlLmNvbTCCASIwDQYJKoZIhvcNAQEBBQADggEPADCCAQoCggEBALA8WMmmEO1CwTnKvAtvibQoh9fKt-nYVdbvRtzIlm4z19BYYfDibvj6l1viYhNR3bs53c9d8fIWknmMKcHdJpnnDk-sfLAVWjMNWlp_buwQ0wqnDDMi-_nqhutQ0ONUbruFxD0-bGPA3RLD9MxnV3XQGNGjXFzj7hqAQauMfHafpxwgDIEYAcWfBtE32aGB9_bxZrY8E2slVewgeS6yws88svVeMAmGPQEGqIrOrqphrXLbmWMcWg6Ixey-FyuliVC6n2ECOpeUOnI3zd3u2YXwLZrTeYxh6zaRuU-ht2zLmkisse4EaaJvcnYB1ET9IBE-LI8SxLbutQtDAe4kiSkCAwEAAaOCBAswggQHMCcGCSsGAQQBgjcVCgQaMBgwCgYIKwYBBQUHAwEwCgYIKwYBBQUHAwIwPQYJKwYBBAGCNxUHBDAwLgYmKwYBBAGCNxUIhpDjDYTVtHiE8Ys-hZvdFs6dEoFggvX2K4Py0SACAWQCAQowggHaBggrBgEFBQcBAQSCAcwwggHIMGYGCCsGAQUFBzAChlpodHRwOi8vY3JsLm1pY3Jvc29mdC5jb20vcGtpaW5mcmEvQ2VydHMvQkwyUEtJSU5UQ0EwMS5BTUUuR0JMX0FNRSUyMEluZnJhJTIwQ0ElMjAwMig0KS5jcnQwVgYIKwYBBQUHMAKGSmh0dHA6Ly9jcmwxLmFtZS5nYmwvYWlhL0JMMlBLSUlOVENBMDEuQU1FLkdCTF9BTUUlMjBJbmZyYSUyMENBJTIwMDIoNCkuY3J0MFYGCCsGAQUFBzAChkpodHRwOi8vY3JsMi5hbWUuZ2JsL2FpYS9CTDJQS0lJTlRDQTAxLkFNRS5HQkxfQU1FJTIwSW5mcmElMjBDQSUyMDAyKDQpLmNydDBWBggrBgEFBQcwAoZKaHR0cDovL2NybDMuYW1lLmdibC9haWEvQkwyUEtJSU5UQ0EwMS5BTUUuR0JMX0FNRSUyMEluZnJhJTIwQ0ElMjAwMig0KS5jcnQwVgYIKwYBBQUHMAKGSmh0dHA6Ly9jcmw0LmFtZS5nYmwvYWlhL0JMMlBLSUlOVENBMDEuQU1FLkdCTF9BTUUlMjBJbmZyYSUyMENBJTIwMDIoNCkuY3J0MB0GA1UdDgQWBBQBTTHZD8UzTofzBwHZRpdtw5XpXjAOBgNVHQ8BAf8EBAMCBaAwggE1BgNVHR8EggEsMIIBKDCCASSgggEgoIIBHIZCaHR0cDovL2NybC5taWNyb3NvZnQuY29tL3BraWluZnJhL0NSTC9BTUUlMjBJbmZyYSUyMENBJTIwMDIoNCkuY3JshjRodHRwOi8vY3JsMS5hbWUuZ2JsL2NybC9BTUUlMjBJbmZyYSUyMENBJTIwMDIoNCkuY3JshjRodHRwOi8vY3JsMi5hbWUuZ2JsL2NybC9BTUUlMjBJbmZyYSUyMENBJTIwMDIoNCkuY3JshjRodHRwOi8vY3JsMy5hbWUuZ2JsL2NybC9BTUUlMjBJbmZyYSUyMENBJTIwMDIoNCkuY3JshjRodHRwOi8vY3JsNC5hbWUuZ2JsL2NybC9BTUUlMjBJbmZyYSUyMENBJTIwMDIoNCkuY3JsMBcGA1UdIAQQMA4wDAYKKwYBBAGCN3sBATAfBgNVHSMEGDAWgBSuecJrXSWIEwb2BwnDl3x7l48dVTAdBgNVHSUEFjAUBggrBgEFBQcDAQYIKwYBBQUHAwIwDQYJKoZIhvcNAQELBQADggEBAD3Zm_z6dHneGOQPVVe1FxHrV2xvtqbjaKZAuH5rSpWUw_DJdOSV4cWnP6mHzxkPNq64LVAwgyif18NOtR825NodQN7r_Il0fGIykE4rt-M_xIqddJaoXHzIGUQ0uCofzHWG-wdvSYVhlbFFtTckqYtEA9-qW-eTU2K1wu1OQ8ry_XahL8OpgJsribT6ANlH0I5odhgLdzGhwvBWfM1-xaqN8ieQA5l7FdmYeOrZYwzX4Lc-478HHPVhkKgLr6pn1L-WJJ1mMn_PPXo4c6q34Uw6i0kyVgPeot9rO0FSHhj-YxHTde4eXuk4k1VEx6v56KK89p9N2LCqwkWf75r3Vdk&s=YGkygC95Qr8tj62YXfHJSgFNMCOGX0rlQLU3d-QKSPsy6vexATCkyHdcTfTBfmNBJ1gEKRc9Y4eWxRln13t-fzTBNsX9Am-RihAXZsjuQW9rGPpbloTe9sNFP3iWSl-vyjMDpZHKumz7u-xcOS-hjD1ZeXZh8Y8xQeMCdYBUDEyrfkwaeWN6gEWF9NighLvB2J1XgCOphpEGlqXvLN1q7eX5dze-f2Trqecn9BiDmohVvsNLE8XX8tjjAMhoVLR_nzUXVBQHXcuZLBhp-cL8qZ4xXD08ThQn8h94_48L0F2Kg7ylnLs2fDp9pP2YZgqEkCMtuHvfCgC-T6qiosajLg&h=YYiV4ua6G_kQ7TTyczjiFM-jxYn65NYyumhY5AUnYI8
      pragma:
      - no-cache
      server:
      - Microsoft-HTTPAPI/2.0
      - Microsoft-HTTPAPI/2.0
      strict-transport-security:
      - max-age=31536000; includeSubDomains
      x-content-type-options:
      - nosniff
      x-ms-arm-service-request-id:
      - 78628729-7888-4318-bd43-d754c54584b6
    status:
      code: 202
      message: Accepted
- request:
    body: null
    headers:
      Accept:
      - '*/*'
      Accept-Encoding:
      - gzip, deflate
      CommandName:
      - network nic show-effective-route-table
      Connection:
      - keep-alive
      ParameterSetName:
      - --ids
      User-Agent:
      - AZURECLI/2.53.0 (AAZ) azsdk-python-core/1.26.0 Python/3.9.5 (Windows-10-10.0.22621-SP0)
    method: GET
    uri: https://management.azure.com/subscriptions/00000000-0000-0000-0000-000000000000/providers/Microsoft.Network/locations/westus/operationResults/b3326b29-be32-4846-9eb6-d775a5434594?api-version=2022-01-01&t=638342301991804142&c=MIIHHjCCBgagAwIBAgITfwHPGb2PGVTN4z3FUwAEAc8ZvTANBgkqhkiG9w0BAQsFADBEMRMwEQYKCZImiZPyLGQBGRYDR0JMMRMwEQYKCZImiZPyLGQBGRYDQU1FMRgwFgYDVQQDEw9BTUUgSW5mcmEgQ0EgMDIwHhcNMjMwODAyMDYzNjM2WhcNMjQwNzI3MDYzNjM2WjBAMT4wPAYDVQQDEzVhc3luY29wZXJhdGlvbnNpZ25pbmdjZXJ0aWZpY2F0ZS5tYW5hZ2VtZW50LmF6dXJlLmNvbTCCASIwDQYJKoZIhvcNAQEBBQADggEPADCCAQoCggEBALA8WMmmEO1CwTnKvAtvibQoh9fKt-nYVdbvRtzIlm4z19BYYfDibvj6l1viYhNR3bs53c9d8fIWknmMKcHdJpnnDk-sfLAVWjMNWlp_buwQ0wqnDDMi-_nqhutQ0ONUbruFxD0-bGPA3RLD9MxnV3XQGNGjXFzj7hqAQauMfHafpxwgDIEYAcWfBtE32aGB9_bxZrY8E2slVewgeS6yws88svVeMAmGPQEGqIrOrqphrXLbmWMcWg6Ixey-FyuliVC6n2ECOpeUOnI3zd3u2YXwLZrTeYxh6zaRuU-ht2zLmkisse4EaaJvcnYB1ET9IBE-LI8SxLbutQtDAe4kiSkCAwEAAaOCBAswggQHMCcGCSsGAQQBgjcVCgQaMBgwCgYIKwYBBQUHAwEwCgYIKwYBBQUHAwIwPQYJKwYBBAGCNxUHBDAwLgYmKwYBBAGCNxUIhpDjDYTVtHiE8Ys-hZvdFs6dEoFggvX2K4Py0SACAWQCAQowggHaBggrBgEFBQcBAQSCAcwwggHIMGYGCCsGAQUFBzAChlpodHRwOi8vY3JsLm1pY3Jvc29mdC5jb20vcGtpaW5mcmEvQ2VydHMvQkwyUEtJSU5UQ0EwMS5BTUUuR0JMX0FNRSUyMEluZnJhJTIwQ0ElMjAwMig0KS5jcnQwVgYIKwYBBQUHMAKGSmh0dHA6Ly9jcmwxLmFtZS5nYmwvYWlhL0JMMlBLSUlOVENBMDEuQU1FLkdCTF9BTUUlMjBJbmZyYSUyMENBJTIwMDIoNCkuY3J0MFYGCCsGAQUFBzAChkpodHRwOi8vY3JsMi5hbWUuZ2JsL2FpYS9CTDJQS0lJTlRDQTAxLkFNRS5HQkxfQU1FJTIwSW5mcmElMjBDQSUyMDAyKDQpLmNydDBWBggrBgEFBQcwAoZKaHR0cDovL2NybDMuYW1lLmdibC9haWEvQkwyUEtJSU5UQ0EwMS5BTUUuR0JMX0FNRSUyMEluZnJhJTIwQ0ElMjAwMig0KS5jcnQwVgYIKwYBBQUHMAKGSmh0dHA6Ly9jcmw0LmFtZS5nYmwvYWlhL0JMMlBLSUlOVENBMDEuQU1FLkdCTF9BTUUlMjBJbmZyYSUyMENBJTIwMDIoNCkuY3J0MB0GA1UdDgQWBBQBTTHZD8UzTofzBwHZRpdtw5XpXjAOBgNVHQ8BAf8EBAMCBaAwggE1BgNVHR8EggEsMIIBKDCCASSgggEgoIIBHIZCaHR0cDovL2NybC5taWNyb3NvZnQuY29tL3BraWluZnJhL0NSTC9BTUUlMjBJbmZyYSUyMENBJTIwMDIoNCkuY3JshjRodHRwOi8vY3JsMS5hbWUuZ2JsL2NybC9BTUUlMjBJbmZyYSUyMENBJTIwMDIoNCkuY3JshjRodHRwOi8vY3JsMi5hbWUuZ2JsL2NybC9BTUUlMjBJbmZyYSUyMENBJTIwMDIoNCkuY3JshjRodHRwOi8vY3JsMy5hbWUuZ2JsL2NybC9BTUUlMjBJbmZyYSUyMENBJTIwMDIoNCkuY3JshjRodHRwOi8vY3JsNC5hbWUuZ2JsL2NybC9BTUUlMjBJbmZyYSUyMENBJTIwMDIoNCkuY3JsMBcGA1UdIAQQMA4wDAYKKwYBBAGCN3sBATAfBgNVHSMEGDAWgBSuecJrXSWIEwb2BwnDl3x7l48dVTAdBgNVHSUEFjAUBggrBgEFBQcDAQYIKwYBBQUHAwIwDQYJKoZIhvcNAQELBQADggEBAD3Zm_z6dHneGOQPVVe1FxHrV2xvtqbjaKZAuH5rSpWUw_DJdOSV4cWnP6mHzxkPNq64LVAwgyif18NOtR825NodQN7r_Il0fGIykE4rt-M_xIqddJaoXHzIGUQ0uCofzHWG-wdvSYVhlbFFtTckqYtEA9-qW-eTU2K1wu1OQ8ry_XahL8OpgJsribT6ANlH0I5odhgLdzGhwvBWfM1-xaqN8ieQA5l7FdmYeOrZYwzX4Lc-478HHPVhkKgLr6pn1L-WJJ1mMn_PPXo4c6q34Uw6i0kyVgPeot9rO0FSHhj-YxHTde4eXuk4k1VEx6v56KK89p9N2LCqwkWf75r3Vdk&s=YGkygC95Qr8tj62YXfHJSgFNMCOGX0rlQLU3d-QKSPsy6vexATCkyHdcTfTBfmNBJ1gEKRc9Y4eWxRln13t-fzTBNsX9Am-RihAXZsjuQW9rGPpbloTe9sNFP3iWSl-vyjMDpZHKumz7u-xcOS-hjD1ZeXZh8Y8xQeMCdYBUDEyrfkwaeWN6gEWF9NighLvB2J1XgCOphpEGlqXvLN1q7eX5dze-f2Trqecn9BiDmohVvsNLE8XX8tjjAMhoVLR_nzUXVBQHXcuZLBhp-cL8qZ4xXD08ThQn8h94_48L0F2Kg7ylnLs2fDp9pP2YZgqEkCMtuHvfCgC-T6qiosajLg&h=YYiV4ua6G_kQ7TTyczjiFM-jxYn65NYyumhY5AUnYI8
  response:
    body:
      string: "{\r\n  \"value\": [\r\n    {\r\n      \"disableBgpRoutePropagation\":
        false,\r\n      \"source\": \"Default\",\r\n      \"state\": \"Active\",\r\n
        \     \"hasBgpOverride\": false,\r\n      \"addressPrefix\": [\r\n        \"10.0.0.0/16\"\r\n
        \     ],\r\n      \"nextHopType\": \"VnetLocal\",\r\n      \"nextHopIpAddress\":
        [],\r\n      \"destinationServiceTags\": [],\r\n      \"tagMap\": {}\r\n    },\r\n
        \   {\r\n      \"disableBgpRoutePropagation\": false,\r\n      \"source\":
        \"Default\",\r\n      \"state\": \"Active\",\r\n      \"hasBgpOverride\":
        false,\r\n      \"addressPrefix\": [\r\n        \"0.0.0.0/0\"\r\n      ],\r\n
        \     \"nextHopType\": \"Internet\",\r\n      \"nextHopIpAddress\": [],\r\n
        \     \"destinationServiceTags\": [],\r\n      \"tagMap\": {}\r\n    },\r\n
        \   {\r\n      \"disableBgpRoutePropagation\": false,\r\n      \"source\":
        \"Default\",\r\n      \"state\": \"Active\",\r\n      \"hasBgpOverride\":
        false,\r\n      \"addressPrefix\": [\r\n        \"10.0.0.0/8\"\r\n      ],\r\n
        \     \"nextHopType\": \"None\",\r\n      \"nextHopIpAddress\": [],\r\n      \"destinationServiceTags\":
        [],\r\n      \"tagMap\": {}\r\n    },\r\n    {\r\n      \"disableBgpRoutePropagation\":
        false,\r\n      \"source\": \"Default\",\r\n      \"state\": \"Active\",\r\n
        \     \"hasBgpOverride\": false,\r\n      \"addressPrefix\": [\r\n        \"127.0.0.0/8\"\r\n
        \     ],\r\n      \"nextHopType\": \"None\",\r\n      \"nextHopIpAddress\":
        [],\r\n      \"destinationServiceTags\": [],\r\n      \"tagMap\": {}\r\n    },\r\n
        \   {\r\n      \"disableBgpRoutePropagation\": false,\r\n      \"source\":
        \"Default\",\r\n      \"state\": \"Active\",\r\n      \"hasBgpOverride\":
        false,\r\n      \"addressPrefix\": [\r\n        \"100.64.0.0/10\"\r\n      ],\r\n
        \     \"nextHopType\": \"None\",\r\n      \"nextHopIpAddress\": [],\r\n      \"destinationServiceTags\":
        [],\r\n      \"tagMap\": {}\r\n    },\r\n    {\r\n      \"disableBgpRoutePropagation\":
        false,\r\n      \"source\": \"Default\",\r\n      \"state\": \"Active\",\r\n
        \     \"hasBgpOverride\": false,\r\n      \"addressPrefix\": [\r\n        \"172.16.0.0/12\"\r\n
        \     ],\r\n      \"nextHopType\": \"None\",\r\n      \"nextHopIpAddress\":
        [],\r\n      \"destinationServiceTags\": [],\r\n      \"tagMap\": {}\r\n    },\r\n
        \   {\r\n      \"disableBgpRoutePropagation\": false,\r\n      \"source\":
        \"Default\",\r\n      \"state\": \"Active\",\r\n      \"hasBgpOverride\":
        false,\r\n      \"addressPrefix\": [\r\n        \"25.48.0.0/12\"\r\n      ],\r\n
        \     \"nextHopType\": \"None\",\r\n      \"nextHopIpAddress\": [],\r\n      \"destinationServiceTags\":
        [],\r\n      \"tagMap\": {}\r\n    },\r\n    {\r\n      \"disableBgpRoutePropagation\":
        false,\r\n      \"source\": \"Default\",\r\n      \"state\": \"Active\",\r\n
        \     \"hasBgpOverride\": false,\r\n      \"addressPrefix\": [\r\n        \"25.4.0.0/14\"\r\n
        \     ],\r\n      \"nextHopType\": \"None\",\r\n      \"nextHopIpAddress\":
        [],\r\n      \"destinationServiceTags\": [],\r\n      \"tagMap\": {}\r\n    },\r\n
        \   {\r\n      \"disableBgpRoutePropagation\": false,\r\n      \"source\":
        \"Default\",\r\n      \"state\": \"Active\",\r\n      \"hasBgpOverride\":
        false,\r\n      \"addressPrefix\": [\r\n        \"198.18.0.0/15\"\r\n      ],\r\n
        \     \"nextHopType\": \"None\",\r\n      \"nextHopIpAddress\": [],\r\n      \"destinationServiceTags\":
        [],\r\n      \"tagMap\": {}\r\n    },\r\n    {\r\n      \"disableBgpRoutePropagation\":
        false,\r\n      \"source\": \"Default\",\r\n      \"state\": \"Active\",\r\n
        \     \"hasBgpOverride\": false,\r\n      \"addressPrefix\": [\r\n        \"25.33.0.0/16\"\r\n
        \     ],\r\n      \"nextHopType\": \"None\",\r\n      \"nextHopIpAddress\":
        [],\r\n      \"destinationServiceTags\": [],\r\n      \"tagMap\": {}\r\n    },\r\n
        \   {\r\n      \"disableBgpRoutePropagation\": false,\r\n      \"source\":
        \"Default\",\r\n      \"state\": \"Active\",\r\n      \"hasBgpOverride\":
        false,\r\n      \"addressPrefix\": [\r\n        \"40.109.0.0/16\"\r\n      ],\r\n
        \     \"nextHopType\": \"None\",\r\n      \"nextHopIpAddress\": [],\r\n      \"destinationServiceTags\":
        [],\r\n      \"tagMap\": {}\r\n    },\r\n    {\r\n      \"disableBgpRoutePropagation\":
        false,\r\n      \"source\": \"Default\",\r\n      \"state\": \"Active\",\r\n
        \     \"hasBgpOverride\": false,\r\n      \"addressPrefix\": [\r\n        \"104.147.0.0/16\"\r\n
        \     ],\r\n      \"nextHopType\": \"None\",\r\n      \"nextHopIpAddress\":
        [],\r\n      \"destinationServiceTags\": [],\r\n      \"tagMap\": {}\r\n    },\r\n
        \   {\r\n      \"disableBgpRoutePropagation\": false,\r\n      \"source\":
        \"Default\",\r\n      \"state\": \"Active\",\r\n      \"hasBgpOverride\":
        false,\r\n      \"addressPrefix\": [\r\n        \"192.168.0.0/16\"\r\n      ],\r\n
        \     \"nextHopType\": \"None\",\r\n      \"nextHopIpAddress\": [],\r\n      \"destinationServiceTags\":
        [],\r\n      \"tagMap\": {}\r\n    },\r\n    {\r\n      \"disableBgpRoutePropagation\":
        false,\r\n      \"source\": \"Default\",\r\n      \"state\": \"Active\",\r\n
        \     \"hasBgpOverride\": false,\r\n      \"addressPrefix\": [\r\n        \"157.59.0.0/16\"\r\n
        \     ],\r\n      \"nextHopType\": \"None\",\r\n      \"nextHopIpAddress\":
        [],\r\n      \"destinationServiceTags\": [],\r\n      \"tagMap\": {}\r\n    },\r\n
        \   {\r\n      \"disableBgpRoutePropagation\": false,\r\n      \"source\":
        \"Default\",\r\n      \"state\": \"Active\",\r\n      \"hasBgpOverride\":
        false,\r\n      \"addressPrefix\": [\r\n        \"40.108.0.0/17\"\r\n      ],\r\n
        \     \"nextHopType\": \"None\",\r\n      \"nextHopIpAddress\": [],\r\n      \"destinationServiceTags\":
        [],\r\n      \"tagMap\": {}\r\n    },\r\n    {\r\n      \"disableBgpRoutePropagation\":
        false,\r\n      \"source\": \"Default\",\r\n      \"state\": \"Active\",\r\n
        \     \"hasBgpOverride\": false,\r\n      \"addressPrefix\": [\r\n        \"104.146.0.0/17\"\r\n
        \     ],\r\n      \"nextHopType\": \"None\",\r\n      \"nextHopIpAddress\":
        [],\r\n      \"destinationServiceTags\": [],\r\n      \"tagMap\": {}\r\n    },\r\n
        \   {\r\n      \"disableBgpRoutePropagation\": false,\r\n      \"source\":
        \"Default\",\r\n      \"state\": \"Active\",\r\n      \"hasBgpOverride\":
        false,\r\n      \"addressPrefix\": [\r\n        \"23.103.0.0/18\"\r\n      ],\r\n
        \     \"nextHopType\": \"None\",\r\n      \"nextHopIpAddress\": [],\r\n      \"destinationServiceTags\":
        [],\r\n      \"tagMap\": {}\r\n    },\r\n    {\r\n      \"disableBgpRoutePropagation\":
        false,\r\n      \"source\": \"Default\",\r\n      \"state\": \"Active\",\r\n
        \     \"hasBgpOverride\": false,\r\n      \"addressPrefix\": [\r\n        \"25.41.0.0/20\"\r\n
        \     ],\r\n      \"nextHopType\": \"None\",\r\n      \"nextHopIpAddress\":
        [],\r\n      \"destinationServiceTags\": [],\r\n      \"tagMap\": {}\r\n    },\r\n
        \   {\r\n      \"disableBgpRoutePropagation\": false,\r\n      \"source\":
        \"Default\",\r\n      \"state\": \"Active\",\r\n      \"hasBgpOverride\":
        false,\r\n      \"addressPrefix\": [\r\n        \"103.89.0.0/21\"\r\n      ],\r\n
        \     \"nextHopType\": \"None\",\r\n      \"nextHopIpAddress\": [],\r\n      \"destinationServiceTags\":
        [],\r\n      \"tagMap\": {}\r\n    },\r\n    {\r\n      \"disableBgpRoutePropagation\":
        false,\r\n      \"source\": \"Default\",\r\n      \"state\": \"Active\",\r\n
        \     \"hasBgpOverride\": false,\r\n      \"addressPrefix\": [\r\n        \"20.35.252.0/22\"\r\n
        \     ],\r\n      \"nextHopType\": \"None\",\r\n      \"nextHopIpAddress\":
        [],\r\n      \"destinationServiceTags\": [],\r\n      \"tagMap\": {}\r\n    }\r\n
        \ ]\r\n}"
    headers:
      azure-asyncnotification:
      - Enabled
      cache-control:
      - no-cache
      content-length:
      - '6499'
      content-type:
      - application/json; charset=utf-8
      date:
      - Mon, 30 Oct 2023 02:36:49 GMT
      expires:
      - '-1'
      location:
      - https://management.azure.com/subscriptions/00000000-0000-0000-0000-000000000000/providers/Microsoft.Network/locations/westus/operationResults/b3326b29-be32-4846-9eb6-d775a5434594?api-version=2022-01-01&t=638342302094933252&c=MIIHHjCCBgagAwIBAgITfwHPGb2PGVTN4z3FUwAEAc8ZvTANBgkqhkiG9w0BAQsFADBEMRMwEQYKCZImiZPyLGQBGRYDR0JMMRMwEQYKCZImiZPyLGQBGRYDQU1FMRgwFgYDVQQDEw9BTUUgSW5mcmEgQ0EgMDIwHhcNMjMwODAyMDYzNjM2WhcNMjQwNzI3MDYzNjM2WjBAMT4wPAYDVQQDEzVhc3luY29wZXJhdGlvbnNpZ25pbmdjZXJ0aWZpY2F0ZS5tYW5hZ2VtZW50LmF6dXJlLmNvbTCCASIwDQYJKoZIhvcNAQEBBQADggEPADCCAQoCggEBALA8WMmmEO1CwTnKvAtvibQoh9fKt-nYVdbvRtzIlm4z19BYYfDibvj6l1viYhNR3bs53c9d8fIWknmMKcHdJpnnDk-sfLAVWjMNWlp_buwQ0wqnDDMi-_nqhutQ0ONUbruFxD0-bGPA3RLD9MxnV3XQGNGjXFzj7hqAQauMfHafpxwgDIEYAcWfBtE32aGB9_bxZrY8E2slVewgeS6yws88svVeMAmGPQEGqIrOrqphrXLbmWMcWg6Ixey-FyuliVC6n2ECOpeUOnI3zd3u2YXwLZrTeYxh6zaRuU-ht2zLmkisse4EaaJvcnYB1ET9IBE-LI8SxLbutQtDAe4kiSkCAwEAAaOCBAswggQHMCcGCSsGAQQBgjcVCgQaMBgwCgYIKwYBBQUHAwEwCgYIKwYBBQUHAwIwPQYJKwYBBAGCNxUHBDAwLgYmKwYBBAGCNxUIhpDjDYTVtHiE8Ys-hZvdFs6dEoFggvX2K4Py0SACAWQCAQowggHaBggrBgEFBQcBAQSCAcwwggHIMGYGCCsGAQUFBzAChlpodHRwOi8vY3JsLm1pY3Jvc29mdC5jb20vcGtpaW5mcmEvQ2VydHMvQkwyUEtJSU5UQ0EwMS5BTUUuR0JMX0FNRSUyMEluZnJhJTIwQ0ElMjAwMig0KS5jcnQwVgYIKwYBBQUHMAKGSmh0dHA6Ly9jcmwxLmFtZS5nYmwvYWlhL0JMMlBLSUlOVENBMDEuQU1FLkdCTF9BTUUlMjBJbmZyYSUyMENBJTIwMDIoNCkuY3J0MFYGCCsGAQUFBzAChkpodHRwOi8vY3JsMi5hbWUuZ2JsL2FpYS9CTDJQS0lJTlRDQTAxLkFNRS5HQkxfQU1FJTIwSW5mcmElMjBDQSUyMDAyKDQpLmNydDBWBggrBgEFBQcwAoZKaHR0cDovL2NybDMuYW1lLmdibC9haWEvQkwyUEtJSU5UQ0EwMS5BTUUuR0JMX0FNRSUyMEluZnJhJTIwQ0ElMjAwMig0KS5jcnQwVgYIKwYBBQUHMAKGSmh0dHA6Ly9jcmw0LmFtZS5nYmwvYWlhL0JMMlBLSUlOVENBMDEuQU1FLkdCTF9BTUUlMjBJbmZyYSUyMENBJTIwMDIoNCkuY3J0MB0GA1UdDgQWBBQBTTHZD8UzTofzBwHZRpdtw5XpXjAOBgNVHQ8BAf8EBAMCBaAwggE1BgNVHR8EggEsMIIBKDCCASSgggEgoIIBHIZCaHR0cDovL2NybC5taWNyb3NvZnQuY29tL3BraWluZnJhL0NSTC9BTUUlMjBJbmZyYSUyMENBJTIwMDIoNCkuY3JshjRodHRwOi8vY3JsMS5hbWUuZ2JsL2NybC9BTUUlMjBJbmZyYSUyMENBJTIwMDIoNCkuY3JshjRodHRwOi8vY3JsMi5hbWUuZ2JsL2NybC9BTUUlMjBJbmZyYSUyMENBJTIwMDIoNCkuY3JshjRodHRwOi8vY3JsMy5hbWUuZ2JsL2NybC9BTUUlMjBJbmZyYSUyMENBJTIwMDIoNCkuY3JshjRodHRwOi8vY3JsNC5hbWUuZ2JsL2NybC9BTUUlMjBJbmZyYSUyMENBJTIwMDIoNCkuY3JsMBcGA1UdIAQQMA4wDAYKKwYBBAGCN3sBATAfBgNVHSMEGDAWgBSuecJrXSWIEwb2BwnDl3x7l48dVTAdBgNVHSUEFjAUBggrBgEFBQcDAQYIKwYBBQUHAwIwDQYJKoZIhvcNAQELBQADggEBAD3Zm_z6dHneGOQPVVe1FxHrV2xvtqbjaKZAuH5rSpWUw_DJdOSV4cWnP6mHzxkPNq64LVAwgyif18NOtR825NodQN7r_Il0fGIykE4rt-M_xIqddJaoXHzIGUQ0uCofzHWG-wdvSYVhlbFFtTckqYtEA9-qW-eTU2K1wu1OQ8ry_XahL8OpgJsribT6ANlH0I5odhgLdzGhwvBWfM1-xaqN8ieQA5l7FdmYeOrZYwzX4Lc-478HHPVhkKgLr6pn1L-WJJ1mMn_PPXo4c6q34Uw6i0kyVgPeot9rO0FSHhj-YxHTde4eXuk4k1VEx6v56KK89p9N2LCqwkWf75r3Vdk&s=HnU94T351dT6Go0US1y-SrudhNQebzEXI_-NNMuXVfAeepGkrf4m2kMHDbghAJbHZhvIpaUDb6SETMvx8zV9PCSw8MU5ZLSPrKPI9ws3rRc3KCre5mw13_AwBduxscC0U6kxvV7MciPxAF98BrhnaN_M-FvNmeHBcMtC8QmE8EtvAQfxiqkX5svhljjReC7cU95BWEwfzMrSDFk28A7NwX-Iwxx8KXXJEDDqEw0Ih02pQDfdWEd0J_SQ4zy42TCS0hRHm2Kv15TQwOc1nkKTxqocuEhLnpvxo8Fw2c7eA0p8OACmtRtu3FogIiOOcC3C-M1QUZl7csy5b2ZT91uyqQ&h=UuvwchEy6dlD0IATot7bodxAvXmuPOZIMQwO6KYLNJA
      pragma:
      - no-cache
      server:
      - Microsoft-HTTPAPI/2.0
      - Microsoft-HTTPAPI/2.0
      strict-transport-security:
      - max-age=31536000; includeSubDomains
      transfer-encoding:
      - chunked
      vary:
      - Accept-Encoding
      x-content-type-options:
      - nosniff
      x-ms-arm-service-request-id:
      - 78628729-7888-4318-bd43-d754c54584b6
    status:
      code: 200
      message: OK
- request:
    body: null
    headers:
      Accept:
      - application/json
      Accept-Encoding:
      - gzip, deflate
      CommandName:
      - network nic show-effective-route-table
      Connection:
      - keep-alive
      Content-Length:
      - '0'
      ParameterSetName:
      - --ids -o
      User-Agent:
      - AZURECLI/2.53.0 (AAZ) azsdk-python-core/1.26.0 Python/3.9.5 (Windows-10-10.0.22621-SP0)
    method: POST
    uri: https://management.azure.com/subscriptions/00000000-0000-0000-0000-000000000000/resourceGroups/cli_nic_convenience_test000001/providers/Microsoft.Network/networkInterfaces/conveniencevm1VMNic/effectiveRouteTable?api-version=2022-01-01
  response:
    body:
      string: 'null'
    headers:
      azure-asyncnotification:
      - Enabled
      cache-control:
      - no-cache
      content-length:
      - '4'
      content-type:
      - application/json; charset=utf-8
      date:
      - Mon, 30 Oct 2023 02:36:50 GMT
      expires:
      - '-1'
      location:
      - https://management.azure.com/subscriptions/00000000-0000-0000-0000-000000000000/providers/Microsoft.Network/locations/westus/operationResults/1516715f-a70f-489f-8251-57cf3615410f?api-version=2022-01-01&t=638342302113817934&c=MIIHHjCCBgagAwIBAgITfwHPGb2PGVTN4z3FUwAEAc8ZvTANBgkqhkiG9w0BAQsFADBEMRMwEQYKCZImiZPyLGQBGRYDR0JMMRMwEQYKCZImiZPyLGQBGRYDQU1FMRgwFgYDVQQDEw9BTUUgSW5mcmEgQ0EgMDIwHhcNMjMwODAyMDYzNjM2WhcNMjQwNzI3MDYzNjM2WjBAMT4wPAYDVQQDEzVhc3luY29wZXJhdGlvbnNpZ25pbmdjZXJ0aWZpY2F0ZS5tYW5hZ2VtZW50LmF6dXJlLmNvbTCCASIwDQYJKoZIhvcNAQEBBQADggEPADCCAQoCggEBALA8WMmmEO1CwTnKvAtvibQoh9fKt-nYVdbvRtzIlm4z19BYYfDibvj6l1viYhNR3bs53c9d8fIWknmMKcHdJpnnDk-sfLAVWjMNWlp_buwQ0wqnDDMi-_nqhutQ0ONUbruFxD0-bGPA3RLD9MxnV3XQGNGjXFzj7hqAQauMfHafpxwgDIEYAcWfBtE32aGB9_bxZrY8E2slVewgeS6yws88svVeMAmGPQEGqIrOrqphrXLbmWMcWg6Ixey-FyuliVC6n2ECOpeUOnI3zd3u2YXwLZrTeYxh6zaRuU-ht2zLmkisse4EaaJvcnYB1ET9IBE-LI8SxLbutQtDAe4kiSkCAwEAAaOCBAswggQHMCcGCSsGAQQBgjcVCgQaMBgwCgYIKwYBBQUHAwEwCgYIKwYBBQUHAwIwPQYJKwYBBAGCNxUHBDAwLgYmKwYBBAGCNxUIhpDjDYTVtHiE8Ys-hZvdFs6dEoFggvX2K4Py0SACAWQCAQowggHaBggrBgEFBQcBAQSCAcwwggHIMGYGCCsGAQUFBzAChlpodHRwOi8vY3JsLm1pY3Jvc29mdC5jb20vcGtpaW5mcmEvQ2VydHMvQkwyUEtJSU5UQ0EwMS5BTUUuR0JMX0FNRSUyMEluZnJhJTIwQ0ElMjAwMig0KS5jcnQwVgYIKwYBBQUHMAKGSmh0dHA6Ly9jcmwxLmFtZS5nYmwvYWlhL0JMMlBLSUlOVENBMDEuQU1FLkdCTF9BTUUlMjBJbmZyYSUyMENBJTIwMDIoNCkuY3J0MFYGCCsGAQUFBzAChkpodHRwOi8vY3JsMi5hbWUuZ2JsL2FpYS9CTDJQS0lJTlRDQTAxLkFNRS5HQkxfQU1FJTIwSW5mcmElMjBDQSUyMDAyKDQpLmNydDBWBggrBgEFBQcwAoZKaHR0cDovL2NybDMuYW1lLmdibC9haWEvQkwyUEtJSU5UQ0EwMS5BTUUuR0JMX0FNRSUyMEluZnJhJTIwQ0ElMjAwMig0KS5jcnQwVgYIKwYBBQUHMAKGSmh0dHA6Ly9jcmw0LmFtZS5nYmwvYWlhL0JMMlBLSUlOVENBMDEuQU1FLkdCTF9BTUUlMjBJbmZyYSUyMENBJTIwMDIoNCkuY3J0MB0GA1UdDgQWBBQBTTHZD8UzTofzBwHZRpdtw5XpXjAOBgNVHQ8BAf8EBAMCBaAwggE1BgNVHR8EggEsMIIBKDCCASSgggEgoIIBHIZCaHR0cDovL2NybC5taWNyb3NvZnQuY29tL3BraWluZnJhL0NSTC9BTUUlMjBJbmZyYSUyMENBJTIwMDIoNCkuY3JshjRodHRwOi8vY3JsMS5hbWUuZ2JsL2NybC9BTUUlMjBJbmZyYSUyMENBJTIwMDIoNCkuY3JshjRodHRwOi8vY3JsMi5hbWUuZ2JsL2NybC9BTUUlMjBJbmZyYSUyMENBJTIwMDIoNCkuY3JshjRodHRwOi8vY3JsMy5hbWUuZ2JsL2NybC9BTUUlMjBJbmZyYSUyMENBJTIwMDIoNCkuY3JshjRodHRwOi8vY3JsNC5hbWUuZ2JsL2NybC9BTUUlMjBJbmZyYSUyMENBJTIwMDIoNCkuY3JsMBcGA1UdIAQQMA4wDAYKKwYBBAGCN3sBATAfBgNVHSMEGDAWgBSuecJrXSWIEwb2BwnDl3x7l48dVTAdBgNVHSUEFjAUBggrBgEFBQcDAQYIKwYBBQUHAwIwDQYJKoZIhvcNAQELBQADggEBAD3Zm_z6dHneGOQPVVe1FxHrV2xvtqbjaKZAuH5rSpWUw_DJdOSV4cWnP6mHzxkPNq64LVAwgyif18NOtR825NodQN7r_Il0fGIykE4rt-M_xIqddJaoXHzIGUQ0uCofzHWG-wdvSYVhlbFFtTckqYtEA9-qW-eTU2K1wu1OQ8ry_XahL8OpgJsribT6ANlH0I5odhgLdzGhwvBWfM1-xaqN8ieQA5l7FdmYeOrZYwzX4Lc-478HHPVhkKgLr6pn1L-WJJ1mMn_PPXo4c6q34Uw6i0kyVgPeot9rO0FSHhj-YxHTde4eXuk4k1VEx6v56KK89p9N2LCqwkWf75r3Vdk&s=biVAEH4uSpnghKsJ1J-tVrxbQc3bBRdlpoj41Xk_hrrv2L2I4O_4TNZmZ1AgctsBXzcwm3j9klrXj8BLQiv_0YE8V1l8JrJFfOrDB7jMhbvnQ1Zabxm6PZEWNb_vd24SKvpy-sv9vW_pduL-cjU6f6vKaF3Sw2ld1KBB42mbOlW3fBP14WokJEV9-Oq9Y0uqLhFj3O-ARdDmOUiuwvgiLqGd5fpQTUI23X_br89tET5YEI8-d3U-V4eCMvs_f9XcVXzvdywTqZy4JNXtT9f-1kafr7_9vIT3MfMaJhEHAFE-gPKjzLSE1sVYo84MSbu2DcpPyIPDSdSiUj7qHTke7g&h=58HgYZsei6nLHoxvixYK0NwhjFnAkpWgihiLcL-LAFw
      pragma:
      - no-cache
      server:
      - Microsoft-HTTPAPI/2.0
      - Microsoft-HTTPAPI/2.0
      strict-transport-security:
      - max-age=31536000; includeSubDomains
      x-content-type-options:
      - nosniff
      x-ms-arm-service-request-id:
      - 27c4e56c-50cd-4c81-b589-c3b01d44d874
      x-ms-ratelimit-remaining-subscription-writes:
      - '1199'
    status:
      code: 202
      message: Accepted
- request:
    body: null
    headers:
      Accept:
      - '*/*'
      Accept-Encoding:
      - gzip, deflate
      CommandName:
      - network nic show-effective-route-table
      Connection:
      - keep-alive
      ParameterSetName:
      - --ids -o
      User-Agent:
      - AZURECLI/2.53.0 (AAZ) azsdk-python-core/1.26.0 Python/3.9.5 (Windows-10-10.0.22621-SP0)
    method: GET
    uri: https://management.azure.com/subscriptions/00000000-0000-0000-0000-000000000000/providers/Microsoft.Network/locations/westus/operationResults/1516715f-a70f-489f-8251-57cf3615410f?api-version=2022-01-01&t=638342302113817934&c=MIIHHjCCBgagAwIBAgITfwHPGb2PGVTN4z3FUwAEAc8ZvTANBgkqhkiG9w0BAQsFADBEMRMwEQYKCZImiZPyLGQBGRYDR0JMMRMwEQYKCZImiZPyLGQBGRYDQU1FMRgwFgYDVQQDEw9BTUUgSW5mcmEgQ0EgMDIwHhcNMjMwODAyMDYzNjM2WhcNMjQwNzI3MDYzNjM2WjBAMT4wPAYDVQQDEzVhc3luY29wZXJhdGlvbnNpZ25pbmdjZXJ0aWZpY2F0ZS5tYW5hZ2VtZW50LmF6dXJlLmNvbTCCASIwDQYJKoZIhvcNAQEBBQADggEPADCCAQoCggEBALA8WMmmEO1CwTnKvAtvibQoh9fKt-nYVdbvRtzIlm4z19BYYfDibvj6l1viYhNR3bs53c9d8fIWknmMKcHdJpnnDk-sfLAVWjMNWlp_buwQ0wqnDDMi-_nqhutQ0ONUbruFxD0-bGPA3RLD9MxnV3XQGNGjXFzj7hqAQauMfHafpxwgDIEYAcWfBtE32aGB9_bxZrY8E2slVewgeS6yws88svVeMAmGPQEGqIrOrqphrXLbmWMcWg6Ixey-FyuliVC6n2ECOpeUOnI3zd3u2YXwLZrTeYxh6zaRuU-ht2zLmkisse4EaaJvcnYB1ET9IBE-LI8SxLbutQtDAe4kiSkCAwEAAaOCBAswggQHMCcGCSsGAQQBgjcVCgQaMBgwCgYIKwYBBQUHAwEwCgYIKwYBBQUHAwIwPQYJKwYBBAGCNxUHBDAwLgYmKwYBBAGCNxUIhpDjDYTVtHiE8Ys-hZvdFs6dEoFggvX2K4Py0SACAWQCAQowggHaBggrBgEFBQcBAQSCAcwwggHIMGYGCCsGAQUFBzAChlpodHRwOi8vY3JsLm1pY3Jvc29mdC5jb20vcGtpaW5mcmEvQ2VydHMvQkwyUEtJSU5UQ0EwMS5BTUUuR0JMX0FNRSUyMEluZnJhJTIwQ0ElMjAwMig0KS5jcnQwVgYIKwYBBQUHMAKGSmh0dHA6Ly9jcmwxLmFtZS5nYmwvYWlhL0JMMlBLSUlOVENBMDEuQU1FLkdCTF9BTUUlMjBJbmZyYSUyMENBJTIwMDIoNCkuY3J0MFYGCCsGAQUFBzAChkpodHRwOi8vY3JsMi5hbWUuZ2JsL2FpYS9CTDJQS0lJTlRDQTAxLkFNRS5HQkxfQU1FJTIwSW5mcmElMjBDQSUyMDAyKDQpLmNydDBWBggrBgEFBQcwAoZKaHR0cDovL2NybDMuYW1lLmdibC9haWEvQkwyUEtJSU5UQ0EwMS5BTUUuR0JMX0FNRSUyMEluZnJhJTIwQ0ElMjAwMig0KS5jcnQwVgYIKwYBBQUHMAKGSmh0dHA6Ly9jcmw0LmFtZS5nYmwvYWlhL0JMMlBLSUlOVENBMDEuQU1FLkdCTF9BTUUlMjBJbmZyYSUyMENBJTIwMDIoNCkuY3J0MB0GA1UdDgQWBBQBTTHZD8UzTofzBwHZRpdtw5XpXjAOBgNVHQ8BAf8EBAMCBaAwggE1BgNVHR8EggEsMIIBKDCCASSgggEgoIIBHIZCaHR0cDovL2NybC5taWNyb3NvZnQuY29tL3BraWluZnJhL0NSTC9BTUUlMjBJbmZyYSUyMENBJTIwMDIoNCkuY3JshjRodHRwOi8vY3JsMS5hbWUuZ2JsL2NybC9BTUUlMjBJbmZyYSUyMENBJTIwMDIoNCkuY3JshjRodHRwOi8vY3JsMi5hbWUuZ2JsL2NybC9BTUUlMjBJbmZyYSUyMENBJTIwMDIoNCkuY3JshjRodHRwOi8vY3JsMy5hbWUuZ2JsL2NybC9BTUUlMjBJbmZyYSUyMENBJTIwMDIoNCkuY3JshjRodHRwOi8vY3JsNC5hbWUuZ2JsL2NybC9BTUUlMjBJbmZyYSUyMENBJTIwMDIoNCkuY3JsMBcGA1UdIAQQMA4wDAYKKwYBBAGCN3sBATAfBgNVHSMEGDAWgBSuecJrXSWIEwb2BwnDl3x7l48dVTAdBgNVHSUEFjAUBggrBgEFBQcDAQYIKwYBBQUHAwIwDQYJKoZIhvcNAQELBQADggEBAD3Zm_z6dHneGOQPVVe1FxHrV2xvtqbjaKZAuH5rSpWUw_DJdOSV4cWnP6mHzxkPNq64LVAwgyif18NOtR825NodQN7r_Il0fGIykE4rt-M_xIqddJaoXHzIGUQ0uCofzHWG-wdvSYVhlbFFtTckqYtEA9-qW-eTU2K1wu1OQ8ry_XahL8OpgJsribT6ANlH0I5odhgLdzGhwvBWfM1-xaqN8ieQA5l7FdmYeOrZYwzX4Lc-478HHPVhkKgLr6pn1L-WJJ1mMn_PPXo4c6q34Uw6i0kyVgPeot9rO0FSHhj-YxHTde4eXuk4k1VEx6v56KK89p9N2LCqwkWf75r3Vdk&s=biVAEH4uSpnghKsJ1J-tVrxbQc3bBRdlpoj41Xk_hrrv2L2I4O_4TNZmZ1AgctsBXzcwm3j9klrXj8BLQiv_0YE8V1l8JrJFfOrDB7jMhbvnQ1Zabxm6PZEWNb_vd24SKvpy-sv9vW_pduL-cjU6f6vKaF3Sw2ld1KBB42mbOlW3fBP14WokJEV9-Oq9Y0uqLhFj3O-ARdDmOUiuwvgiLqGd5fpQTUI23X_br89tET5YEI8-d3U-V4eCMvs_f9XcVXzvdywTqZy4JNXtT9f-1kafr7_9vIT3MfMaJhEHAFE-gPKjzLSE1sVYo84MSbu2DcpPyIPDSdSiUj7qHTke7g&h=58HgYZsei6nLHoxvixYK0NwhjFnAkpWgihiLcL-LAFw
  response:
    body:
      string: 'null'
    headers:
      azure-asyncnotification:
      - Enabled
      cache-control:
      - no-cache
      content-length:
      - '4'
      content-type:
      - application/json; charset=utf-8
      date:
      - Mon, 30 Oct 2023 02:36:51 GMT
      expires:
      - '-1'
      location:
      - https://management.azure.com/subscriptions/00000000-0000-0000-0000-000000000000/providers/Microsoft.Network/locations/westus/operationResults/1516715f-a70f-489f-8251-57cf3615410f?api-version=2022-01-01&t=638342302116953875&c=MIIHHjCCBgagAwIBAgITfwHPGb2PGVTN4z3FUwAEAc8ZvTANBgkqhkiG9w0BAQsFADBEMRMwEQYKCZImiZPyLGQBGRYDR0JMMRMwEQYKCZImiZPyLGQBGRYDQU1FMRgwFgYDVQQDEw9BTUUgSW5mcmEgQ0EgMDIwHhcNMjMwODAyMDYzNjM2WhcNMjQwNzI3MDYzNjM2WjBAMT4wPAYDVQQDEzVhc3luY29wZXJhdGlvbnNpZ25pbmdjZXJ0aWZpY2F0ZS5tYW5hZ2VtZW50LmF6dXJlLmNvbTCCASIwDQYJKoZIhvcNAQEBBQADggEPADCCAQoCggEBALA8WMmmEO1CwTnKvAtvibQoh9fKt-nYVdbvRtzIlm4z19BYYfDibvj6l1viYhNR3bs53c9d8fIWknmMKcHdJpnnDk-sfLAVWjMNWlp_buwQ0wqnDDMi-_nqhutQ0ONUbruFxD0-bGPA3RLD9MxnV3XQGNGjXFzj7hqAQauMfHafpxwgDIEYAcWfBtE32aGB9_bxZrY8E2slVewgeS6yws88svVeMAmGPQEGqIrOrqphrXLbmWMcWg6Ixey-FyuliVC6n2ECOpeUOnI3zd3u2YXwLZrTeYxh6zaRuU-ht2zLmkisse4EaaJvcnYB1ET9IBE-LI8SxLbutQtDAe4kiSkCAwEAAaOCBAswggQHMCcGCSsGAQQBgjcVCgQaMBgwCgYIKwYBBQUHAwEwCgYIKwYBBQUHAwIwPQYJKwYBBAGCNxUHBDAwLgYmKwYBBAGCNxUIhpDjDYTVtHiE8Ys-hZvdFs6dEoFggvX2K4Py0SACAWQCAQowggHaBggrBgEFBQcBAQSCAcwwggHIMGYGCCsGAQUFBzAChlpodHRwOi8vY3JsLm1pY3Jvc29mdC5jb20vcGtpaW5mcmEvQ2VydHMvQkwyUEtJSU5UQ0EwMS5BTUUuR0JMX0FNRSUyMEluZnJhJTIwQ0ElMjAwMig0KS5jcnQwVgYIKwYBBQUHMAKGSmh0dHA6Ly9jcmwxLmFtZS5nYmwvYWlhL0JMMlBLSUlOVENBMDEuQU1FLkdCTF9BTUUlMjBJbmZyYSUyMENBJTIwMDIoNCkuY3J0MFYGCCsGAQUFBzAChkpodHRwOi8vY3JsMi5hbWUuZ2JsL2FpYS9CTDJQS0lJTlRDQTAxLkFNRS5HQkxfQU1FJTIwSW5mcmElMjBDQSUyMDAyKDQpLmNydDBWBggrBgEFBQcwAoZKaHR0cDovL2NybDMuYW1lLmdibC9haWEvQkwyUEtJSU5UQ0EwMS5BTUUuR0JMX0FNRSUyMEluZnJhJTIwQ0ElMjAwMig0KS5jcnQwVgYIKwYBBQUHMAKGSmh0dHA6Ly9jcmw0LmFtZS5nYmwvYWlhL0JMMlBLSUlOVENBMDEuQU1FLkdCTF9BTUUlMjBJbmZyYSUyMENBJTIwMDIoNCkuY3J0MB0GA1UdDgQWBBQBTTHZD8UzTofzBwHZRpdtw5XpXjAOBgNVHQ8BAf8EBAMCBaAwggE1BgNVHR8EggEsMIIBKDCCASSgggEgoIIBHIZCaHR0cDovL2NybC5taWNyb3NvZnQuY29tL3BraWluZnJhL0NSTC9BTUUlMjBJbmZyYSUyMENBJTIwMDIoNCkuY3JshjRodHRwOi8vY3JsMS5hbWUuZ2JsL2NybC9BTUUlMjBJbmZyYSUyMENBJTIwMDIoNCkuY3JshjRodHRwOi8vY3JsMi5hbWUuZ2JsL2NybC9BTUUlMjBJbmZyYSUyMENBJTIwMDIoNCkuY3JshjRodHRwOi8vY3JsMy5hbWUuZ2JsL2NybC9BTUUlMjBJbmZyYSUyMENBJTIwMDIoNCkuY3JshjRodHRwOi8vY3JsNC5hbWUuZ2JsL2NybC9BTUUlMjBJbmZyYSUyMENBJTIwMDIoNCkuY3JsMBcGA1UdIAQQMA4wDAYKKwYBBAGCN3sBATAfBgNVHSMEGDAWgBSuecJrXSWIEwb2BwnDl3x7l48dVTAdBgNVHSUEFjAUBggrBgEFBQcDAQYIKwYBBQUHAwIwDQYJKoZIhvcNAQELBQADggEBAD3Zm_z6dHneGOQPVVe1FxHrV2xvtqbjaKZAuH5rSpWUw_DJdOSV4cWnP6mHzxkPNq64LVAwgyif18NOtR825NodQN7r_Il0fGIykE4rt-M_xIqddJaoXHzIGUQ0uCofzHWG-wdvSYVhlbFFtTckqYtEA9-qW-eTU2K1wu1OQ8ry_XahL8OpgJsribT6ANlH0I5odhgLdzGhwvBWfM1-xaqN8ieQA5l7FdmYeOrZYwzX4Lc-478HHPVhkKgLr6pn1L-WJJ1mMn_PPXo4c6q34Uw6i0kyVgPeot9rO0FSHhj-YxHTde4eXuk4k1VEx6v56KK89p9N2LCqwkWf75r3Vdk&s=gUGiHjcUhjF484EfJ_w_erwcxeFvDpZ_2Dc3_Ek1vac2QsJ-XmXuuSJB7DElGuxLxwVCg2hnU5VMUyKtBkG7LJVTFmthpQGQYqoyb2PK53WiVpU8aMl5zj2f0P27SsCG8hA8YVeqfPzhUfrEzp2VFaq3yAEGaN1qn_0JeLVN4dOND4tW3GPQ_wS1qt4KydLdBXFRo8eYNGiF8lJOVq1I3qvzh_eC5nISd1bswO1D6HuZcBylg64Kq6U0-AHinuaUD26qO5xzxl_FiStIfQIM0VOFSSH0ogSviv-oHiWcC9bTD6zXHv80himKZUexgGKUuApra03l2KO_92wr2GILJA&h=IUhrl4edYXpH557RVxs2vjgl-bBJZdb9JUFVEQQwMoI
      pragma:
      - no-cache
      server:
      - Microsoft-HTTPAPI/2.0
      - Microsoft-HTTPAPI/2.0
      strict-transport-security:
      - max-age=31536000; includeSubDomains
      x-content-type-options:
      - nosniff
      x-ms-arm-service-request-id:
      - 27c4e56c-50cd-4c81-b589-c3b01d44d874
    status:
      code: 202
      message: Accepted
- request:
    body: null
    headers:
      Accept:
      - '*/*'
      Accept-Encoding:
      - gzip, deflate
      CommandName:
      - network nic show-effective-route-table
      Connection:
      - keep-alive
      ParameterSetName:
      - --ids -o
      User-Agent:
      - AZURECLI/2.53.0 (AAZ) azsdk-python-core/1.26.0 Python/3.9.5 (Windows-10-10.0.22621-SP0)
    method: GET
    uri: https://management.azure.com/subscriptions/00000000-0000-0000-0000-000000000000/providers/Microsoft.Network/locations/westus/operationResults/1516715f-a70f-489f-8251-57cf3615410f?api-version=2022-01-01&t=638342302116953875&c=MIIHHjCCBgagAwIBAgITfwHPGb2PGVTN4z3FUwAEAc8ZvTANBgkqhkiG9w0BAQsFADBEMRMwEQYKCZImiZPyLGQBGRYDR0JMMRMwEQYKCZImiZPyLGQBGRYDQU1FMRgwFgYDVQQDEw9BTUUgSW5mcmEgQ0EgMDIwHhcNMjMwODAyMDYzNjM2WhcNMjQwNzI3MDYzNjM2WjBAMT4wPAYDVQQDEzVhc3luY29wZXJhdGlvbnNpZ25pbmdjZXJ0aWZpY2F0ZS5tYW5hZ2VtZW50LmF6dXJlLmNvbTCCASIwDQYJKoZIhvcNAQEBBQADggEPADCCAQoCggEBALA8WMmmEO1CwTnKvAtvibQoh9fKt-nYVdbvRtzIlm4z19BYYfDibvj6l1viYhNR3bs53c9d8fIWknmMKcHdJpnnDk-sfLAVWjMNWlp_buwQ0wqnDDMi-_nqhutQ0ONUbruFxD0-bGPA3RLD9MxnV3XQGNGjXFzj7hqAQauMfHafpxwgDIEYAcWfBtE32aGB9_bxZrY8E2slVewgeS6yws88svVeMAmGPQEGqIrOrqphrXLbmWMcWg6Ixey-FyuliVC6n2ECOpeUOnI3zd3u2YXwLZrTeYxh6zaRuU-ht2zLmkisse4EaaJvcnYB1ET9IBE-LI8SxLbutQtDAe4kiSkCAwEAAaOCBAswggQHMCcGCSsGAQQBgjcVCgQaMBgwCgYIKwYBBQUHAwEwCgYIKwYBBQUHAwIwPQYJKwYBBAGCNxUHBDAwLgYmKwYBBAGCNxUIhpDjDYTVtHiE8Ys-hZvdFs6dEoFggvX2K4Py0SACAWQCAQowggHaBggrBgEFBQcBAQSCAcwwggHIMGYGCCsGAQUFBzAChlpodHRwOi8vY3JsLm1pY3Jvc29mdC5jb20vcGtpaW5mcmEvQ2VydHMvQkwyUEtJSU5UQ0EwMS5BTUUuR0JMX0FNRSUyMEluZnJhJTIwQ0ElMjAwMig0KS5jcnQwVgYIKwYBBQUHMAKGSmh0dHA6Ly9jcmwxLmFtZS5nYmwvYWlhL0JMMlBLSUlOVENBMDEuQU1FLkdCTF9BTUUlMjBJbmZyYSUyMENBJTIwMDIoNCkuY3J0MFYGCCsGAQUFBzAChkpodHRwOi8vY3JsMi5hbWUuZ2JsL2FpYS9CTDJQS0lJTlRDQTAxLkFNRS5HQkxfQU1FJTIwSW5mcmElMjBDQSUyMDAyKDQpLmNydDBWBggrBgEFBQcwAoZKaHR0cDovL2NybDMuYW1lLmdibC9haWEvQkwyUEtJSU5UQ0EwMS5BTUUuR0JMX0FNRSUyMEluZnJhJTIwQ0ElMjAwMig0KS5jcnQwVgYIKwYBBQUHMAKGSmh0dHA6Ly9jcmw0LmFtZS5nYmwvYWlhL0JMMlBLSUlOVENBMDEuQU1FLkdCTF9BTUUlMjBJbmZyYSUyMENBJTIwMDIoNCkuY3J0MB0GA1UdDgQWBBQBTTHZD8UzTofzBwHZRpdtw5XpXjAOBgNVHQ8BAf8EBAMCBaAwggE1BgNVHR8EggEsMIIBKDCCASSgggEgoIIBHIZCaHR0cDovL2NybC5taWNyb3NvZnQuY29tL3BraWluZnJhL0NSTC9BTUUlMjBJbmZyYSUyMENBJTIwMDIoNCkuY3JshjRodHRwOi8vY3JsMS5hbWUuZ2JsL2NybC9BTUUlMjBJbmZyYSUyMENBJTIwMDIoNCkuY3JshjRodHRwOi8vY3JsMi5hbWUuZ2JsL2NybC9BTUUlMjBJbmZyYSUyMENBJTIwMDIoNCkuY3JshjRodHRwOi8vY3JsMy5hbWUuZ2JsL2NybC9BTUUlMjBJbmZyYSUyMENBJTIwMDIoNCkuY3JshjRodHRwOi8vY3JsNC5hbWUuZ2JsL2NybC9BTUUlMjBJbmZyYSUyMENBJTIwMDIoNCkuY3JsMBcGA1UdIAQQMA4wDAYKKwYBBAGCN3sBATAfBgNVHSMEGDAWgBSuecJrXSWIEwb2BwnDl3x7l48dVTAdBgNVHSUEFjAUBggrBgEFBQcDAQYIKwYBBQUHAwIwDQYJKoZIhvcNAQELBQADggEBAD3Zm_z6dHneGOQPVVe1FxHrV2xvtqbjaKZAuH5rSpWUw_DJdOSV4cWnP6mHzxkPNq64LVAwgyif18NOtR825NodQN7r_Il0fGIykE4rt-M_xIqddJaoXHzIGUQ0uCofzHWG-wdvSYVhlbFFtTckqYtEA9-qW-eTU2K1wu1OQ8ry_XahL8OpgJsribT6ANlH0I5odhgLdzGhwvBWfM1-xaqN8ieQA5l7FdmYeOrZYwzX4Lc-478HHPVhkKgLr6pn1L-WJJ1mMn_PPXo4c6q34Uw6i0kyVgPeot9rO0FSHhj-YxHTde4eXuk4k1VEx6v56KK89p9N2LCqwkWf75r3Vdk&s=gUGiHjcUhjF484EfJ_w_erwcxeFvDpZ_2Dc3_Ek1vac2QsJ-XmXuuSJB7DElGuxLxwVCg2hnU5VMUyKtBkG7LJVTFmthpQGQYqoyb2PK53WiVpU8aMl5zj2f0P27SsCG8hA8YVeqfPzhUfrEzp2VFaq3yAEGaN1qn_0JeLVN4dOND4tW3GPQ_wS1qt4KydLdBXFRo8eYNGiF8lJOVq1I3qvzh_eC5nISd1bswO1D6HuZcBylg64Kq6U0-AHinuaUD26qO5xzxl_FiStIfQIM0VOFSSH0ogSviv-oHiWcC9bTD6zXHv80himKZUexgGKUuApra03l2KO_92wr2GILJA&h=IUhrl4edYXpH557RVxs2vjgl-bBJZdb9JUFVEQQwMoI
  response:
    body:
      string: "{\r\n  \"value\": [\r\n    {\r\n      \"disableBgpRoutePropagation\":
        false,\r\n      \"source\": \"Default\",\r\n      \"state\": \"Active\",\r\n
        \     \"hasBgpOverride\": false,\r\n      \"addressPrefix\": [\r\n        \"10.0.0.0/16\"\r\n
        \     ],\r\n      \"nextHopType\": \"VnetLocal\",\r\n      \"nextHopIpAddress\":
        [],\r\n      \"destinationServiceTags\": [],\r\n      \"tagMap\": {}\r\n    },\r\n
        \   {\r\n      \"disableBgpRoutePropagation\": false,\r\n      \"source\":
        \"Default\",\r\n      \"state\": \"Active\",\r\n      \"hasBgpOverride\":
        false,\r\n      \"addressPrefix\": [\r\n        \"0.0.0.0/0\"\r\n      ],\r\n
        \     \"nextHopType\": \"Internet\",\r\n      \"nextHopIpAddress\": [],\r\n
        \     \"destinationServiceTags\": [],\r\n      \"tagMap\": {}\r\n    },\r\n
        \   {\r\n      \"disableBgpRoutePropagation\": false,\r\n      \"source\":
        \"Default\",\r\n      \"state\": \"Active\",\r\n      \"hasBgpOverride\":
        false,\r\n      \"addressPrefix\": [\r\n        \"10.0.0.0/8\"\r\n      ],\r\n
        \     \"nextHopType\": \"None\",\r\n      \"nextHopIpAddress\": [],\r\n      \"destinationServiceTags\":
        [],\r\n      \"tagMap\": {}\r\n    },\r\n    {\r\n      \"disableBgpRoutePropagation\":
        false,\r\n      \"source\": \"Default\",\r\n      \"state\": \"Active\",\r\n
        \     \"hasBgpOverride\": false,\r\n      \"addressPrefix\": [\r\n        \"127.0.0.0/8\"\r\n
        \     ],\r\n      \"nextHopType\": \"None\",\r\n      \"nextHopIpAddress\":
        [],\r\n      \"destinationServiceTags\": [],\r\n      \"tagMap\": {}\r\n    },\r\n
        \   {\r\n      \"disableBgpRoutePropagation\": false,\r\n      \"source\":
        \"Default\",\r\n      \"state\": \"Active\",\r\n      \"hasBgpOverride\":
        false,\r\n      \"addressPrefix\": [\r\n        \"100.64.0.0/10\"\r\n      ],\r\n
        \     \"nextHopType\": \"None\",\r\n      \"nextHopIpAddress\": [],\r\n      \"destinationServiceTags\":
        [],\r\n      \"tagMap\": {}\r\n    },\r\n    {\r\n      \"disableBgpRoutePropagation\":
        false,\r\n      \"source\": \"Default\",\r\n      \"state\": \"Active\",\r\n
        \     \"hasBgpOverride\": false,\r\n      \"addressPrefix\": [\r\n        \"172.16.0.0/12\"\r\n
        \     ],\r\n      \"nextHopType\": \"None\",\r\n      \"nextHopIpAddress\":
        [],\r\n      \"destinationServiceTags\": [],\r\n      \"tagMap\": {}\r\n    },\r\n
        \   {\r\n      \"disableBgpRoutePropagation\": false,\r\n      \"source\":
        \"Default\",\r\n      \"state\": \"Active\",\r\n      \"hasBgpOverride\":
        false,\r\n      \"addressPrefix\": [\r\n        \"25.48.0.0/12\"\r\n      ],\r\n
        \     \"nextHopType\": \"None\",\r\n      \"nextHopIpAddress\": [],\r\n      \"destinationServiceTags\":
        [],\r\n      \"tagMap\": {}\r\n    },\r\n    {\r\n      \"disableBgpRoutePropagation\":
        false,\r\n      \"source\": \"Default\",\r\n      \"state\": \"Active\",\r\n
        \     \"hasBgpOverride\": false,\r\n      \"addressPrefix\": [\r\n        \"25.4.0.0/14\"\r\n
        \     ],\r\n      \"nextHopType\": \"None\",\r\n      \"nextHopIpAddress\":
        [],\r\n      \"destinationServiceTags\": [],\r\n      \"tagMap\": {}\r\n    },\r\n
        \   {\r\n      \"disableBgpRoutePropagation\": false,\r\n      \"source\":
        \"Default\",\r\n      \"state\": \"Active\",\r\n      \"hasBgpOverride\":
        false,\r\n      \"addressPrefix\": [\r\n        \"198.18.0.0/15\"\r\n      ],\r\n
        \     \"nextHopType\": \"None\",\r\n      \"nextHopIpAddress\": [],\r\n      \"destinationServiceTags\":
        [],\r\n      \"tagMap\": {}\r\n    },\r\n    {\r\n      \"disableBgpRoutePropagation\":
        false,\r\n      \"source\": \"Default\",\r\n      \"state\": \"Active\",\r\n
        \     \"hasBgpOverride\": false,\r\n      \"addressPrefix\": [\r\n        \"25.33.0.0/16\"\r\n
        \     ],\r\n      \"nextHopType\": \"None\",\r\n      \"nextHopIpAddress\":
        [],\r\n      \"destinationServiceTags\": [],\r\n      \"tagMap\": {}\r\n    },\r\n
        \   {\r\n      \"disableBgpRoutePropagation\": false,\r\n      \"source\":
        \"Default\",\r\n      \"state\": \"Active\",\r\n      \"hasBgpOverride\":
        false,\r\n      \"addressPrefix\": [\r\n        \"40.109.0.0/16\"\r\n      ],\r\n
        \     \"nextHopType\": \"None\",\r\n      \"nextHopIpAddress\": [],\r\n      \"destinationServiceTags\":
        [],\r\n      \"tagMap\": {}\r\n    },\r\n    {\r\n      \"disableBgpRoutePropagation\":
        false,\r\n      \"source\": \"Default\",\r\n      \"state\": \"Active\",\r\n
        \     \"hasBgpOverride\": false,\r\n      \"addressPrefix\": [\r\n        \"104.147.0.0/16\"\r\n
        \     ],\r\n      \"nextHopType\": \"None\",\r\n      \"nextHopIpAddress\":
        [],\r\n      \"destinationServiceTags\": [],\r\n      \"tagMap\": {}\r\n    },\r\n
        \   {\r\n      \"disableBgpRoutePropagation\": false,\r\n      \"source\":
        \"Default\",\r\n      \"state\": \"Active\",\r\n      \"hasBgpOverride\":
        false,\r\n      \"addressPrefix\": [\r\n        \"192.168.0.0/16\"\r\n      ],\r\n
        \     \"nextHopType\": \"None\",\r\n      \"nextHopIpAddress\": [],\r\n      \"destinationServiceTags\":
        [],\r\n      \"tagMap\": {}\r\n    },\r\n    {\r\n      \"disableBgpRoutePropagation\":
        false,\r\n      \"source\": \"Default\",\r\n      \"state\": \"Active\",\r\n
        \     \"hasBgpOverride\": false,\r\n      \"addressPrefix\": [\r\n        \"157.59.0.0/16\"\r\n
        \     ],\r\n      \"nextHopType\": \"None\",\r\n      \"nextHopIpAddress\":
        [],\r\n      \"destinationServiceTags\": [],\r\n      \"tagMap\": {}\r\n    },\r\n
        \   {\r\n      \"disableBgpRoutePropagation\": false,\r\n      \"source\":
        \"Default\",\r\n      \"state\": \"Active\",\r\n      \"hasBgpOverride\":
        false,\r\n      \"addressPrefix\": [\r\n        \"40.108.0.0/17\"\r\n      ],\r\n
        \     \"nextHopType\": \"None\",\r\n      \"nextHopIpAddress\": [],\r\n      \"destinationServiceTags\":
        [],\r\n      \"tagMap\": {}\r\n    },\r\n    {\r\n      \"disableBgpRoutePropagation\":
        false,\r\n      \"source\": \"Default\",\r\n      \"state\": \"Active\",\r\n
        \     \"hasBgpOverride\": false,\r\n      \"addressPrefix\": [\r\n        \"104.146.0.0/17\"\r\n
        \     ],\r\n      \"nextHopType\": \"None\",\r\n      \"nextHopIpAddress\":
        [],\r\n      \"destinationServiceTags\": [],\r\n      \"tagMap\": {}\r\n    },\r\n
        \   {\r\n      \"disableBgpRoutePropagation\": false,\r\n      \"source\":
        \"Default\",\r\n      \"state\": \"Active\",\r\n      \"hasBgpOverride\":
        false,\r\n      \"addressPrefix\": [\r\n        \"23.103.0.0/18\"\r\n      ],\r\n
        \     \"nextHopType\": \"None\",\r\n      \"nextHopIpAddress\": [],\r\n      \"destinationServiceTags\":
        [],\r\n      \"tagMap\": {}\r\n    },\r\n    {\r\n      \"disableBgpRoutePropagation\":
        false,\r\n      \"source\": \"Default\",\r\n      \"state\": \"Active\",\r\n
        \     \"hasBgpOverride\": false,\r\n      \"addressPrefix\": [\r\n        \"25.41.0.0/20\"\r\n
        \     ],\r\n      \"nextHopType\": \"None\",\r\n      \"nextHopIpAddress\":
        [],\r\n      \"destinationServiceTags\": [],\r\n      \"tagMap\": {}\r\n    },\r\n
        \   {\r\n      \"disableBgpRoutePropagation\": false,\r\n      \"source\":
        \"Default\",\r\n      \"state\": \"Active\",\r\n      \"hasBgpOverride\":
        false,\r\n      \"addressPrefix\": [\r\n        \"103.89.0.0/21\"\r\n      ],\r\n
        \     \"nextHopType\": \"None\",\r\n      \"nextHopIpAddress\": [],\r\n      \"destinationServiceTags\":
        [],\r\n      \"tagMap\": {}\r\n    },\r\n    {\r\n      \"disableBgpRoutePropagation\":
        false,\r\n      \"source\": \"Default\",\r\n      \"state\": \"Active\",\r\n
        \     \"hasBgpOverride\": false,\r\n      \"addressPrefix\": [\r\n        \"20.35.252.0/22\"\r\n
        \     ],\r\n      \"nextHopType\": \"None\",\r\n      \"nextHopIpAddress\":
        [],\r\n      \"destinationServiceTags\": [],\r\n      \"tagMap\": {}\r\n    }\r\n
        \ ]\r\n}"
    headers:
      azure-asyncnotification:
      - Enabled
      cache-control:
      - no-cache
      content-length:
      - '6499'
      content-type:
      - application/json; charset=utf-8
      date:
      - Mon, 30 Oct 2023 02:37:01 GMT
      expires:
      - '-1'
      location:
      - https://management.azure.com/subscriptions/00000000-0000-0000-0000-000000000000/providers/Microsoft.Network/locations/westus/operationResults/1516715f-a70f-489f-8251-57cf3615410f?api-version=2022-01-01&t=638342302225380781&c=MIIHHjCCBgagAwIBAgITfwHPGb2PGVTN4z3FUwAEAc8ZvTANBgkqhkiG9w0BAQsFADBEMRMwEQYKCZImiZPyLGQBGRYDR0JMMRMwEQYKCZImiZPyLGQBGRYDQU1FMRgwFgYDVQQDEw9BTUUgSW5mcmEgQ0EgMDIwHhcNMjMwODAyMDYzNjM2WhcNMjQwNzI3MDYzNjM2WjBAMT4wPAYDVQQDEzVhc3luY29wZXJhdGlvbnNpZ25pbmdjZXJ0aWZpY2F0ZS5tYW5hZ2VtZW50LmF6dXJlLmNvbTCCASIwDQYJKoZIhvcNAQEBBQADggEPADCCAQoCggEBALA8WMmmEO1CwTnKvAtvibQoh9fKt-nYVdbvRtzIlm4z19BYYfDibvj6l1viYhNR3bs53c9d8fIWknmMKcHdJpnnDk-sfLAVWjMNWlp_buwQ0wqnDDMi-_nqhutQ0ONUbruFxD0-bGPA3RLD9MxnV3XQGNGjXFzj7hqAQauMfHafpxwgDIEYAcWfBtE32aGB9_bxZrY8E2slVewgeS6yws88svVeMAmGPQEGqIrOrqphrXLbmWMcWg6Ixey-FyuliVC6n2ECOpeUOnI3zd3u2YXwLZrTeYxh6zaRuU-ht2zLmkisse4EaaJvcnYB1ET9IBE-LI8SxLbutQtDAe4kiSkCAwEAAaOCBAswggQHMCcGCSsGAQQBgjcVCgQaMBgwCgYIKwYBBQUHAwEwCgYIKwYBBQUHAwIwPQYJKwYBBAGCNxUHBDAwLgYmKwYBBAGCNxUIhpDjDYTVtHiE8Ys-hZvdFs6dEoFggvX2K4Py0SACAWQCAQowggHaBggrBgEFBQcBAQSCAcwwggHIMGYGCCsGAQUFBzAChlpodHRwOi8vY3JsLm1pY3Jvc29mdC5jb20vcGtpaW5mcmEvQ2VydHMvQkwyUEtJSU5UQ0EwMS5BTUUuR0JMX0FNRSUyMEluZnJhJTIwQ0ElMjAwMig0KS5jcnQwVgYIKwYBBQUHMAKGSmh0dHA6Ly9jcmwxLmFtZS5nYmwvYWlhL0JMMlBLSUlOVENBMDEuQU1FLkdCTF9BTUUlMjBJbmZyYSUyMENBJTIwMDIoNCkuY3J0MFYGCCsGAQUFBzAChkpodHRwOi8vY3JsMi5hbWUuZ2JsL2FpYS9CTDJQS0lJTlRDQTAxLkFNRS5HQkxfQU1FJTIwSW5mcmElMjBDQSUyMDAyKDQpLmNydDBWBggrBgEFBQcwAoZKaHR0cDovL2NybDMuYW1lLmdibC9haWEvQkwyUEtJSU5UQ0EwMS5BTUUuR0JMX0FNRSUyMEluZnJhJTIwQ0ElMjAwMig0KS5jcnQwVgYIKwYBBQUHMAKGSmh0dHA6Ly9jcmw0LmFtZS5nYmwvYWlhL0JMMlBLSUlOVENBMDEuQU1FLkdCTF9BTUUlMjBJbmZyYSUyMENBJTIwMDIoNCkuY3J0MB0GA1UdDgQWBBQBTTHZD8UzTofzBwHZRpdtw5XpXjAOBgNVHQ8BAf8EBAMCBaAwggE1BgNVHR8EggEsMIIBKDCCASSgggEgoIIBHIZCaHR0cDovL2NybC5taWNyb3NvZnQuY29tL3BraWluZnJhL0NSTC9BTUUlMjBJbmZyYSUyMENBJTIwMDIoNCkuY3JshjRodHRwOi8vY3JsMS5hbWUuZ2JsL2NybC9BTUUlMjBJbmZyYSUyMENBJTIwMDIoNCkuY3JshjRodHRwOi8vY3JsMi5hbWUuZ2JsL2NybC9BTUUlMjBJbmZyYSUyMENBJTIwMDIoNCkuY3JshjRodHRwOi8vY3JsMy5hbWUuZ2JsL2NybC9BTUUlMjBJbmZyYSUyMENBJTIwMDIoNCkuY3JshjRodHRwOi8vY3JsNC5hbWUuZ2JsL2NybC9BTUUlMjBJbmZyYSUyMENBJTIwMDIoNCkuY3JsMBcGA1UdIAQQMA4wDAYKKwYBBAGCN3sBATAfBgNVHSMEGDAWgBSuecJrXSWIEwb2BwnDl3x7l48dVTAdBgNVHSUEFjAUBggrBgEFBQcDAQYIKwYBBQUHAwIwDQYJKoZIhvcNAQELBQADggEBAD3Zm_z6dHneGOQPVVe1FxHrV2xvtqbjaKZAuH5rSpWUw_DJdOSV4cWnP6mHzxkPNq64LVAwgyif18NOtR825NodQN7r_Il0fGIykE4rt-M_xIqddJaoXHzIGUQ0uCofzHWG-wdvSYVhlbFFtTckqYtEA9-qW-eTU2K1wu1OQ8ry_XahL8OpgJsribT6ANlH0I5odhgLdzGhwvBWfM1-xaqN8ieQA5l7FdmYeOrZYwzX4Lc-478HHPVhkKgLr6pn1L-WJJ1mMn_PPXo4c6q34Uw6i0kyVgPeot9rO0FSHhj-YxHTde4eXuk4k1VEx6v56KK89p9N2LCqwkWf75r3Vdk&s=kj3btOrCUxLCrUbPXwR23colQSv5HPqi7Qt0atJdbHYp1pbm4sNih9GOrLeXSkX60vy_rfm_IhtDuieR8lt6Ch0SgPJQ289JewRo0tEVNcHFE-wYRhy8EEWtO16OzisJ0jOhOL896FSo6bbTPBxRWO00QLUw71EVU_Wf56iQhNdUO0PiTo8RAq7hwfbqGnVrRvsAz-J8rCvVHFYlmhenuLwoe7d65XHNHRIR-eTK1dfa2mlGCkv-8kydQh6RXXUkLPLUSGR4nc-5KbNV8MugN3U_2odkcbT3e75B_kqF8u1q0x2aUpf1La3L9kLIkN777dTTjVGpXLrW_lh082emCg&h=uv8cKE0FGrROJvBZ0qqAeQRKfjSInWEo9iK8MhjyhMg
      pragma:
      - no-cache
      server:
      - Microsoft-HTTPAPI/2.0
      - Microsoft-HTTPAPI/2.0
      strict-transport-security:
      - max-age=31536000; includeSubDomains
      transfer-encoding:
      - chunked
      vary:
      - Accept-Encoding
      x-content-type-options:
      - nosniff
      x-ms-arm-service-request-id:
      - 27c4e56c-50cd-4c81-b589-c3b01d44d874
    status:
      code: 200
      message: OK
version: 1
