interactions:
- request:
    body: '{"location": "eastus2", "tags": {"foo": "doo"}, "sku": {"name": "Standard"},
      "properties": {"publicIPAllocationMethod": "Static", "publicIPAddressVersion":
      "IPv4", "idleTimeoutInMinutes": 4}}'
    headers:
      Accept:
      - application/json
      Accept-Encoding:
      - gzip, deflate
      CommandName:
      - network public-ip create
      Connection:
      - keep-alive
      Content-Length:
      - '191'
      Content-Type:
      - application/json; charset=utf-8
      ParameterSetName:
      - -g -l -n --sku --tags
      User-Agent:
      - python/3.7.4 (Linux-4.15.0-99-generic-x86_64-with-debian-buster-sid) msrest/0.6.16
        msrest_azure/0.6.3 azure-mgmt-network/10.2.0 Azure-SDK-For-Python AZURECLI/2.7.0
      accept-language:
      - en-US
    method: PUT
    uri: https://management.azure.com/subscriptions/00000000-0000-0000-0000-000000000000/resourceGroups/cli_test_network_lb_sku000001/providers/Microsoft.Network/publicIPAddresses/pubip1?api-version=2020-05-01
  response:
    body:
      string: "{\r\n  \"name\": \"pubip1\",\r\n  \"id\": \"/subscriptions/00000000-0000-0000-0000-000000000000/resourceGroups/cli_test_network_lb_sku000001/providers/Microsoft.Network/publicIPAddresses/pubip1\"\
        ,\r\n  \"etag\": \"W/\\\"8f76a5ad-b4a5-49a1-bfee-40f1017b9e59\\\"\",\r\n \
        \ \"location\": \"eastus2\",\r\n  \"tags\": {\r\n    \"foo\": \"doo\"\r\n\
        \  },\r\n  \"properties\": {\r\n    \"provisioningState\": \"Updating\",\r\
        \n    \"resourceGuid\": \"e9beed20-96f1-4129-87d9-f525f7e8efc4\",\r\n    \"\
        publicIPAddressVersion\": \"IPv4\",\r\n    \"publicIPAllocationMethod\": \"\
        Static\",\r\n    \"idleTimeoutInMinutes\": 4,\r\n    \"ipTags\": []\r\n  },\r\
        \n  \"type\": \"Microsoft.Network/publicIPAddresses\",\r\n  \"sku\": {\r\n\
        \    \"name\": \"Standard\"\r\n  }\r\n}"
    headers:
      azure-asyncnotification:
      - Enabled
      azure-asyncoperation:
      - https://management.azure.com/subscriptions/00000000-0000-0000-0000-000000000000/providers/Microsoft.Network/locations/eastus2/operations/eae042f0-0ac1-4ee5-812b-04d89434ae2d?api-version=2020-05-01
      cache-control:
      - no-cache
      content-length:
      - '700'
      content-type:
      - application/json; charset=utf-8
      date:
      - Sun, 14 Jun 2020 12:47:36 GMT
      expires:
      - '-1'
      pragma:
      - no-cache
      server:
      - Microsoft-HTTPAPI/2.0
      - Microsoft-HTTPAPI/2.0
      strict-transport-security:
      - max-age=31536000; includeSubDomains
      x-content-type-options:
      - nosniff
      x-ms-arm-service-request-id:
      - fe2720e6-0e17-446f-bae8-176674d5a227
      x-ms-ratelimit-remaining-subscription-writes:
      - '1198'
    status:
      code: 201
      message: Created
- request:
    body: null
    headers:
      Accept:
      - application/json
      Accept-Encoding:
      - gzip, deflate
      CommandName:
      - network public-ip create
      Connection:
      - keep-alive
      ParameterSetName:
      - -g -l -n --sku --tags
      User-Agent:
      - python/3.7.4 (Linux-4.15.0-99-generic-x86_64-with-debian-buster-sid) msrest/0.6.16
        msrest_azure/0.6.3 azure-mgmt-network/10.2.0 Azure-SDK-For-Python AZURECLI/2.7.0
    method: GET
    uri: https://management.azure.com/subscriptions/00000000-0000-0000-0000-000000000000/providers/Microsoft.Network/locations/eastus2/operations/eae042f0-0ac1-4ee5-812b-04d89434ae2d?api-version=2020-05-01
  response:
    body:
      string: "{\r\n  \"status\": \"Succeeded\"\r\n}"
    headers:
      cache-control:
      - no-cache
      content-length:
      - '29'
      content-type:
      - application/json; charset=utf-8
      date:
      - Sun, 14 Jun 2020 12:47:38 GMT
      expires:
      - '-1'
      pragma:
      - no-cache
      server:
      - Microsoft-HTTPAPI/2.0
      - Microsoft-HTTPAPI/2.0
      strict-transport-security:
      - max-age=31536000; includeSubDomains
      transfer-encoding:
      - chunked
      vary:
      - Accept-Encoding
      x-content-type-options:
      - nosniff
      x-ms-arm-service-request-id:
      - 10bf80e9-9036-48a2-9b6d-71337672a952
    status:
      code: 200
      message: OK
- request:
    body: null
    headers:
      Accept:
      - application/json
      Accept-Encoding:
      - gzip, deflate
      CommandName:
      - network public-ip create
      Connection:
      - keep-alive
      ParameterSetName:
      - -g -l -n --sku --tags
      User-Agent:
      - python/3.7.4 (Linux-4.15.0-99-generic-x86_64-with-debian-buster-sid) msrest/0.6.16
        msrest_azure/0.6.3 azure-mgmt-network/10.2.0 Azure-SDK-For-Python AZURECLI/2.7.0
    method: GET
    uri: https://management.azure.com/subscriptions/00000000-0000-0000-0000-000000000000/resourceGroups/cli_test_network_lb_sku000001/providers/Microsoft.Network/publicIPAddresses/pubip1?api-version=2020-05-01
  response:
    body:
      string: "{\r\n  \"name\": \"pubip1\",\r\n  \"id\": \"/subscriptions/00000000-0000-0000-0000-000000000000/resourceGroups/cli_test_network_lb_sku000001/providers/Microsoft.Network/publicIPAddresses/pubip1\"\
        ,\r\n  \"etag\": \"W/\\\"e0d09f87-959a-48fe-89c6-c3edd7d7ecc8\\\"\",\r\n \
        \ \"location\": \"eastus2\",\r\n  \"tags\": {\r\n    \"foo\": \"doo\"\r\n\
        \  },\r\n  \"properties\": {\r\n    \"provisioningState\": \"Succeeded\",\r\
        \n    \"resourceGuid\": \"e9beed20-96f1-4129-87d9-f525f7e8efc4\",\r\n    \"\
        ipAddress\": \"52.184.252.0\",\r\n    \"publicIPAddressVersion\": \"IPv4\"\
        ,\r\n    \"publicIPAllocationMethod\": \"Static\",\r\n    \"idleTimeoutInMinutes\"\
        : 4,\r\n    \"ipTags\": []\r\n  },\r\n  \"type\": \"Microsoft.Network/publicIPAddresses\"\
        ,\r\n  \"sku\": {\r\n    \"name\": \"Standard\"\r\n  }\r\n}"
    headers:
      cache-control:
      - no-cache
      content-length:
      - '735'
      content-type:
      - application/json; charset=utf-8
      date:
      - Sun, 14 Jun 2020 12:47:40 GMT
      etag:
      - W/"e0d09f87-959a-48fe-89c6-c3edd7d7ecc8"
      expires:
      - '-1'
      pragma:
      - no-cache
      server:
      - Microsoft-HTTPAPI/2.0
      - Microsoft-HTTPAPI/2.0
      strict-transport-security:
      - max-age=31536000; includeSubDomains
      transfer-encoding:
      - chunked
      vary:
      - Accept-Encoding
      x-content-type-options:
      - nosniff
      x-ms-arm-service-request-id:
      - 750c88cd-1644-4691-a2c1-06f5d7d2fb1d
    status:
      code: 200
      message: OK
- request:
    body: null
    headers:
      Accept:
      - application/json
      Accept-Encoding:
      - gzip, deflate
      CommandName:
      - network public-ip show
      Connection:
      - keep-alive
      ParameterSetName:
      - -g -n
      User-Agent:
      - python/3.7.4 (Linux-4.15.0-99-generic-x86_64-with-debian-buster-sid) msrest/0.6.16
        msrest_azure/0.6.3 azure-mgmt-network/10.2.0 Azure-SDK-For-Python AZURECLI/2.7.0
      accept-language:
      - en-US
    method: GET
    uri: https://management.azure.com/subscriptions/00000000-0000-0000-0000-000000000000/resourceGroups/cli_test_network_lb_sku000001/providers/Microsoft.Network/publicIPAddresses/pubip1?api-version=2020-05-01
  response:
    body:
      string: "{\r\n  \"name\": \"pubip1\",\r\n  \"id\": \"/subscriptions/00000000-0000-0000-0000-000000000000/resourceGroups/cli_test_network_lb_sku000001/providers/Microsoft.Network/publicIPAddresses/pubip1\"\
        ,\r\n  \"etag\": \"W/\\\"e0d09f87-959a-48fe-89c6-c3edd7d7ecc8\\\"\",\r\n \
        \ \"location\": \"eastus2\",\r\n  \"tags\": {\r\n    \"foo\": \"doo\"\r\n\
        \  },\r\n  \"properties\": {\r\n    \"provisioningState\": \"Succeeded\",\r\
        \n    \"resourceGuid\": \"e9beed20-96f1-4129-87d9-f525f7e8efc4\",\r\n    \"\
        ipAddress\": \"52.184.252.0\",\r\n    \"publicIPAddressVersion\": \"IPv4\"\
        ,\r\n    \"publicIPAllocationMethod\": \"Static\",\r\n    \"idleTimeoutInMinutes\"\
        : 4,\r\n    \"ipTags\": []\r\n  },\r\n  \"type\": \"Microsoft.Network/publicIPAddresses\"\
        ,\r\n  \"sku\": {\r\n    \"name\": \"Standard\"\r\n  }\r\n}"
    headers:
      cache-control:
      - no-cache
      content-length:
      - '735'
      content-type:
      - application/json; charset=utf-8
      date:
      - Sun, 14 Jun 2020 12:47:40 GMT
      etag:
      - W/"e0d09f87-959a-48fe-89c6-c3edd7d7ecc8"
      expires:
      - '-1'
      pragma:
      - no-cache
      server:
      - Microsoft-HTTPAPI/2.0
      - Microsoft-HTTPAPI/2.0
      strict-transport-security:
      - max-age=31536000; includeSubDomains
      transfer-encoding:
      - chunked
      vary:
      - Accept-Encoding
      x-content-type-options:
      - nosniff
      x-ms-arm-service-request-id:
      - 6995f6cb-dcff-4dad-8f72-47e99ec2cca4
    status:
      code: 200
      message: OK
version: 1
