interactions:
- request:
    body: null
    headers:
      Accept:
      - application/json
      Accept-Encoding:
      - gzip, deflate
      CommandName:
      - network nsg create
      Connection:
      - keep-alive
      ParameterSetName:
      - -g --name
      User-Agent:
      - AZURECLI/2.32.0 azsdk-python-azure-mgmt-resource/20.0.0 Python/3.8.1 (Windows-10-10.0.22000-SP0)
    method: GET
    uri: https://management.azure.com/subscriptions/00000000-0000-0000-0000-000000000000/resourcegroups/test_databricks_private_endpoint000001?api-version=2021-04-01
  response:
    body:
      string: '{"id":"/subscriptions/00000000-0000-0000-0000-000000000000/resourceGroups/test_databricks_private_endpoint000001","name":"test_databricks_private_endpoint000001","type":"Microsoft.Resources/resourceGroups","location":"westus","tags":{"product":"azurecli","cause":"automation","date":"2022-01-17T06:31:31Z"},"properties":{"provisioningState":"Succeeded"}}'
    headers:
      cache-control:
      - no-cache
      content-length:
      - '354'
      content-type:
      - application/json; charset=utf-8
      date:
      - Mon, 17 Jan 2022 06:31:37 GMT
      expires:
      - '-1'
      pragma:
      - no-cache
      strict-transport-security:
      - max-age=31536000; includeSubDomains
      vary:
      - Accept-Encoding
      x-content-type-options:
      - nosniff
    status:
      code: 200
      message: OK
- request:
    body: '{"location": "westus"}'
    headers:
      Accept:
      - application/json
      Accept-Encoding:
      - gzip, deflate
      CommandName:
      - network nsg create
      Connection:
      - keep-alive
      Content-Length:
      - '22'
      Content-Type:
      - application/json
      ParameterSetName:
      - -g --name
      User-Agent:
      - AZURECLI/2.32.0 azsdk-python-azure-mgmt-network/19.3.0 Python/3.8.1 (Windows-10-10.0.22000-SP0)
    method: PUT
    uri: https://management.azure.com/subscriptions/00000000-0000-0000-0000-000000000000/resourceGroups/test_databricks_private_endpoint000001/providers/Microsoft.Network/networkSecurityGroups/nsg000002?api-version=2021-05-01
  response:
    body:
      string: "{\r\n  \"name\": \"nsg000002\",\r\n  \"id\": \"/subscriptions/00000000-0000-0000-0000-000000000000/resourceGroups/test_databricks_private_endpoint000001/providers/Microsoft.Network/networkSecurityGroups/nsg000002\",\r\n
        \ \"etag\": \"W/\\\"0d88c223-e5bf-49b8-b7a5-fc00290a02ce\\\"\",\r\n  \"type\":
        \"Microsoft.Network/networkSecurityGroups\",\r\n  \"location\": \"westus\",\r\n
        \ \"properties\": {\r\n    \"provisioningState\": \"Updating\",\r\n    \"resourceGuid\":
        \"2d38e2c9-54f3-4458-8d03-3ea9c4c23eee\",\r\n    \"securityRules\": [],\r\n
        \   \"defaultSecurityRules\": [\r\n      {\r\n        \"name\": \"AllowVnetInBound\",\r\n
        \       \"id\": \"/subscriptions/00000000-0000-0000-0000-000000000000/resourceGroups/test_databricks_private_endpoint000001/providers/Microsoft.Network/networkSecurityGroups/nsg000002/defaultSecurityRules/AllowVnetInBound\",\r\n
        \       \"etag\": \"W/\\\"0d88c223-e5bf-49b8-b7a5-fc00290a02ce\\\"\",\r\n
        \       \"type\": \"Microsoft.Network/networkSecurityGroups/defaultSecurityRules\",\r\n
        \       \"properties\": {\r\n          \"provisioningState\": \"Updating\",\r\n
        \         \"description\": \"Allow inbound traffic from all VMs in VNET\",\r\n
        \         \"protocol\": \"*\",\r\n          \"sourcePortRange\": \"*\",\r\n
        \         \"destinationPortRange\": \"*\",\r\n          \"sourceAddressPrefix\":
        \"VirtualNetwork\",\r\n          \"destinationAddressPrefix\": \"VirtualNetwork\",\r\n
        \         \"access\": \"Allow\",\r\n          \"priority\": 65000,\r\n          \"direction\":
        \"Inbound\",\r\n          \"sourcePortRanges\": [],\r\n          \"destinationPortRanges\":
        [],\r\n          \"sourceAddressPrefixes\": [],\r\n          \"destinationAddressPrefixes\":
        []\r\n        }\r\n      },\r\n      {\r\n        \"name\": \"AllowAzureLoadBalancerInBound\",\r\n
        \       \"id\": \"/subscriptions/00000000-0000-0000-0000-000000000000/resourceGroups/test_databricks_private_endpoint000001/providers/Microsoft.Network/networkSecurityGroups/nsg000002/defaultSecurityRules/AllowAzureLoadBalancerInBound\",\r\n
        \       \"etag\": \"W/\\\"0d88c223-e5bf-49b8-b7a5-fc00290a02ce\\\"\",\r\n
        \       \"type\": \"Microsoft.Network/networkSecurityGroups/defaultSecurityRules\",\r\n
        \       \"properties\": {\r\n          \"provisioningState\": \"Updating\",\r\n
        \         \"description\": \"Allow inbound traffic from azure load balancer\",\r\n
        \         \"protocol\": \"*\",\r\n          \"sourcePortRange\": \"*\",\r\n
        \         \"destinationPortRange\": \"*\",\r\n          \"sourceAddressPrefix\":
        \"AzureLoadBalancer\",\r\n          \"destinationAddressPrefix\": \"*\",\r\n
        \         \"access\": \"Allow\",\r\n          \"priority\": 65001,\r\n          \"direction\":
        \"Inbound\",\r\n          \"sourcePortRanges\": [],\r\n          \"destinationPortRanges\":
        [],\r\n          \"sourceAddressPrefixes\": [],\r\n          \"destinationAddressPrefixes\":
        []\r\n        }\r\n      },\r\n      {\r\n        \"name\": \"DenyAllInBound\",\r\n
        \       \"id\": \"/subscriptions/00000000-0000-0000-0000-000000000000/resourceGroups/test_databricks_private_endpoint000001/providers/Microsoft.Network/networkSecurityGroups/nsg000002/defaultSecurityRules/DenyAllInBound\",\r\n
        \       \"etag\": \"W/\\\"0d88c223-e5bf-49b8-b7a5-fc00290a02ce\\\"\",\r\n
        \       \"type\": \"Microsoft.Network/networkSecurityGroups/defaultSecurityRules\",\r\n
        \       \"properties\": {\r\n          \"provisioningState\": \"Updating\",\r\n
        \         \"description\": \"Deny all inbound traffic\",\r\n          \"protocol\":
        \"*\",\r\n          \"sourcePortRange\": \"*\",\r\n          \"destinationPortRange\":
        \"*\",\r\n          \"sourceAddressPrefix\": \"*\",\r\n          \"destinationAddressPrefix\":
        \"*\",\r\n          \"access\": \"Deny\",\r\n          \"priority\": 65500,\r\n
        \         \"direction\": \"Inbound\",\r\n          \"sourcePortRanges\": [],\r\n
        \         \"destinationPortRanges\": [],\r\n          \"sourceAddressPrefixes\":
        [],\r\n          \"destinationAddressPrefixes\": []\r\n        }\r\n      },\r\n
        \     {\r\n        \"name\": \"AllowVnetOutBound\",\r\n        \"id\": \"/subscriptions/00000000-0000-0000-0000-000000000000/resourceGroups/test_databricks_private_endpoint000001/providers/Microsoft.Network/networkSecurityGroups/nsg000002/defaultSecurityRules/AllowVnetOutBound\",\r\n
        \       \"etag\": \"W/\\\"0d88c223-e5bf-49b8-b7a5-fc00290a02ce\\\"\",\r\n
        \       \"type\": \"Microsoft.Network/networkSecurityGroups/defaultSecurityRules\",\r\n
        \       \"properties\": {\r\n          \"provisioningState\": \"Updating\",\r\n
        \         \"description\": \"Allow outbound traffic from all VMs to all VMs
        in VNET\",\r\n          \"protocol\": \"*\",\r\n          \"sourcePortRange\":
        \"*\",\r\n          \"destinationPortRange\": \"*\",\r\n          \"sourceAddressPrefix\":
        \"VirtualNetwork\",\r\n          \"destinationAddressPrefix\": \"VirtualNetwork\",\r\n
        \         \"access\": \"Allow\",\r\n          \"priority\": 65000,\r\n          \"direction\":
        \"Outbound\",\r\n          \"sourcePortRanges\": [],\r\n          \"destinationPortRanges\":
        [],\r\n          \"sourceAddressPrefixes\": [],\r\n          \"destinationAddressPrefixes\":
        []\r\n        }\r\n      },\r\n      {\r\n        \"name\": \"AllowInternetOutBound\",\r\n
        \       \"id\": \"/subscriptions/00000000-0000-0000-0000-000000000000/resourceGroups/test_databricks_private_endpoint000001/providers/Microsoft.Network/networkSecurityGroups/nsg000002/defaultSecurityRules/AllowInternetOutBound\",\r\n
        \       \"etag\": \"W/\\\"0d88c223-e5bf-49b8-b7a5-fc00290a02ce\\\"\",\r\n
        \       \"type\": \"Microsoft.Network/networkSecurityGroups/defaultSecurityRules\",\r\n
        \       \"properties\": {\r\n          \"provisioningState\": \"Updating\",\r\n
        \         \"description\": \"Allow outbound traffic from all VMs to Internet\",\r\n
        \         \"protocol\": \"*\",\r\n          \"sourcePortRange\": \"*\",\r\n
        \         \"destinationPortRange\": \"*\",\r\n          \"sourceAddressPrefix\":
        \"*\",\r\n          \"destinationAddressPrefix\": \"Internet\",\r\n          \"access\":
        \"Allow\",\r\n          \"priority\": 65001,\r\n          \"direction\": \"Outbound\",\r\n
        \         \"sourcePortRanges\": [],\r\n          \"destinationPortRanges\":
        [],\r\n          \"sourceAddressPrefixes\": [],\r\n          \"destinationAddressPrefixes\":
        []\r\n        }\r\n      },\r\n      {\r\n        \"name\": \"DenyAllOutBound\",\r\n
        \       \"id\": \"/subscriptions/00000000-0000-0000-0000-000000000000/resourceGroups/test_databricks_private_endpoint000001/providers/Microsoft.Network/networkSecurityGroups/nsg000002/defaultSecurityRules/DenyAllOutBound\",\r\n
        \       \"etag\": \"W/\\\"0d88c223-e5bf-49b8-b7a5-fc00290a02ce\\\"\",\r\n
        \       \"type\": \"Microsoft.Network/networkSecurityGroups/defaultSecurityRules\",\r\n
        \       \"properties\": {\r\n          \"provisioningState\": \"Updating\",\r\n
        \         \"description\": \"Deny all outbound traffic\",\r\n          \"protocol\":
        \"*\",\r\n          \"sourcePortRange\": \"*\",\r\n          \"destinationPortRange\":
        \"*\",\r\n          \"sourceAddressPrefix\": \"*\",\r\n          \"destinationAddressPrefix\":
        \"*\",\r\n          \"access\": \"Deny\",\r\n          \"priority\": 65500,\r\n
        \         \"direction\": \"Outbound\",\r\n          \"sourcePortRanges\":
        [],\r\n          \"destinationPortRanges\": [],\r\n          \"sourceAddressPrefixes\":
        [],\r\n          \"destinationAddressPrefixes\": []\r\n        }\r\n      }\r\n
        \   ]\r\n  }\r\n}"
    headers:
      azure-asyncnotification:
      - Enabled
      azure-asyncoperation:
      - https://management.azure.com/subscriptions/00000000-0000-0000-0000-000000000000/providers/Microsoft.Network/locations/westus/operations/7ed022f7-3c60-44a6-9d1b-599c0b69641c?api-version=2021-05-01
      cache-control:
      - no-cache
      content-length:
      - '6706'
      content-type:
      - application/json; charset=utf-8
      date:
      - Mon, 17 Jan 2022 06:31:43 GMT
      expires:
      - '-1'
      pragma:
      - no-cache
      server:
      - Microsoft-HTTPAPI/2.0
      - Microsoft-HTTPAPI/2.0
      strict-transport-security:
      - max-age=31536000; includeSubDomains
      x-content-type-options:
      - nosniff
      x-ms-arm-service-request-id:
      - 1ca36964-2620-4b56-b7a0-97b56b94e535
      x-ms-ratelimit-remaining-subscription-writes:
      - '1199'
    status:
      code: 201
      message: Created
- request:
    body: null
    headers:
      Accept:
      - '*/*'
      Accept-Encoding:
      - gzip, deflate
      CommandName:
      - network nsg create
      Connection:
      - keep-alive
      ParameterSetName:
      - -g --name
      User-Agent:
      - AZURECLI/2.32.0 azsdk-python-azure-mgmt-network/19.3.0 Python/3.8.1 (Windows-10-10.0.22000-SP0)
    method: GET
    uri: https://management.azure.com/subscriptions/00000000-0000-0000-0000-000000000000/providers/Microsoft.Network/locations/westus/operations/7ed022f7-3c60-44a6-9d1b-599c0b69641c?api-version=2021-05-01
  response:
    body:
      string: "{\r\n  \"status\": \"Succeeded\"\r\n}"
    headers:
      cache-control:
      - no-cache
      content-length:
      - '29'
      content-type:
      - application/json; charset=utf-8
      date:
      - Mon, 17 Jan 2022 06:31:47 GMT
      expires:
      - '-1'
      pragma:
      - no-cache
      server:
      - Microsoft-HTTPAPI/2.0
      - Microsoft-HTTPAPI/2.0
      strict-transport-security:
      - max-age=31536000; includeSubDomains
      transfer-encoding:
      - chunked
      vary:
      - Accept-Encoding
      x-content-type-options:
      - nosniff
      x-ms-arm-service-request-id:
      - 519259ef-f241-447a-9bf8-1611febcc2e0
    status:
      code: 200
      message: OK
- request:
    body: null
    headers:
      Accept:
      - '*/*'
      Accept-Encoding:
      - gzip, deflate
      CommandName:
      - network nsg create
      Connection:
      - keep-alive
      ParameterSetName:
      - -g --name
      User-Agent:
      - AZURECLI/2.32.0 azsdk-python-azure-mgmt-network/19.3.0 Python/3.8.1 (Windows-10-10.0.22000-SP0)
    method: GET
    uri: https://management.azure.com/subscriptions/00000000-0000-0000-0000-000000000000/resourceGroups/test_databricks_private_endpoint000001/providers/Microsoft.Network/networkSecurityGroups/nsg000002?api-version=2021-05-01
  response:
    body:
      string: "{\r\n  \"name\": \"nsg000002\",\r\n  \"id\": \"/subscriptions/00000000-0000-0000-0000-000000000000/resourceGroups/test_databricks_private_endpoint000001/providers/Microsoft.Network/networkSecurityGroups/nsg000002\",\r\n
        \ \"etag\": \"W/\\\"980197db-759a-4614-9781-24ca838ec7fc\\\"\",\r\n  \"type\":
        \"Microsoft.Network/networkSecurityGroups\",\r\n  \"location\": \"westus\",\r\n
        \ \"properties\": {\r\n    \"provisioningState\": \"Succeeded\",\r\n    \"resourceGuid\":
        \"2d38e2c9-54f3-4458-8d03-3ea9c4c23eee\",\r\n    \"securityRules\": [],\r\n
        \   \"defaultSecurityRules\": [\r\n      {\r\n        \"name\": \"AllowVnetInBound\",\r\n
        \       \"id\": \"/subscriptions/00000000-0000-0000-0000-000000000000/resourceGroups/test_databricks_private_endpoint000001/providers/Microsoft.Network/networkSecurityGroups/nsg000002/defaultSecurityRules/AllowVnetInBound\",\r\n
        \       \"etag\": \"W/\\\"980197db-759a-4614-9781-24ca838ec7fc\\\"\",\r\n
        \       \"type\": \"Microsoft.Network/networkSecurityGroups/defaultSecurityRules\",\r\n
        \       \"properties\": {\r\n          \"provisioningState\": \"Succeeded\",\r\n
        \         \"description\": \"Allow inbound traffic from all VMs in VNET\",\r\n
        \         \"protocol\": \"*\",\r\n          \"sourcePortRange\": \"*\",\r\n
        \         \"destinationPortRange\": \"*\",\r\n          \"sourceAddressPrefix\":
        \"VirtualNetwork\",\r\n          \"destinationAddressPrefix\": \"VirtualNetwork\",\r\n
        \         \"access\": \"Allow\",\r\n          \"priority\": 65000,\r\n          \"direction\":
        \"Inbound\",\r\n          \"sourcePortRanges\": [],\r\n          \"destinationPortRanges\":
        [],\r\n          \"sourceAddressPrefixes\": [],\r\n          \"destinationAddressPrefixes\":
        []\r\n        }\r\n      },\r\n      {\r\n        \"name\": \"AllowAzureLoadBalancerInBound\",\r\n
        \       \"id\": \"/subscriptions/00000000-0000-0000-0000-000000000000/resourceGroups/test_databricks_private_endpoint000001/providers/Microsoft.Network/networkSecurityGroups/nsg000002/defaultSecurityRules/AllowAzureLoadBalancerInBound\",\r\n
        \       \"etag\": \"W/\\\"980197db-759a-4614-9781-24ca838ec7fc\\\"\",\r\n
        \       \"type\": \"Microsoft.Network/networkSecurityGroups/defaultSecurityRules\",\r\n
        \       \"properties\": {\r\n          \"provisioningState\": \"Succeeded\",\r\n
        \         \"description\": \"Allow inbound traffic from azure load balancer\",\r\n
        \         \"protocol\": \"*\",\r\n          \"sourcePortRange\": \"*\",\r\n
        \         \"destinationPortRange\": \"*\",\r\n          \"sourceAddressPrefix\":
        \"AzureLoadBalancer\",\r\n          \"destinationAddressPrefix\": \"*\",\r\n
        \         \"access\": \"Allow\",\r\n          \"priority\": 65001,\r\n          \"direction\":
        \"Inbound\",\r\n          \"sourcePortRanges\": [],\r\n          \"destinationPortRanges\":
        [],\r\n          \"sourceAddressPrefixes\": [],\r\n          \"destinationAddressPrefixes\":
        []\r\n        }\r\n      },\r\n      {\r\n        \"name\": \"DenyAllInBound\",\r\n
        \       \"id\": \"/subscriptions/00000000-0000-0000-0000-000000000000/resourceGroups/test_databricks_private_endpoint000001/providers/Microsoft.Network/networkSecurityGroups/nsg000002/defaultSecurityRules/DenyAllInBound\",\r\n
        \       \"etag\": \"W/\\\"980197db-759a-4614-9781-24ca838ec7fc\\\"\",\r\n
        \       \"type\": \"Microsoft.Network/networkSecurityGroups/defaultSecurityRules\",\r\n
        \       \"properties\": {\r\n          \"provisioningState\": \"Succeeded\",\r\n
        \         \"description\": \"Deny all inbound traffic\",\r\n          \"protocol\":
        \"*\",\r\n          \"sourcePortRange\": \"*\",\r\n          \"destinationPortRange\":
        \"*\",\r\n          \"sourceAddressPrefix\": \"*\",\r\n          \"destinationAddressPrefix\":
        \"*\",\r\n          \"access\": \"Deny\",\r\n          \"priority\": 65500,\r\n
        \         \"direction\": \"Inbound\",\r\n          \"sourcePortRanges\": [],\r\n
        \         \"destinationPortRanges\": [],\r\n          \"sourceAddressPrefixes\":
        [],\r\n          \"destinationAddressPrefixes\": []\r\n        }\r\n      },\r\n
        \     {\r\n        \"name\": \"AllowVnetOutBound\",\r\n        \"id\": \"/subscriptions/00000000-0000-0000-0000-000000000000/resourceGroups/test_databricks_private_endpoint000001/providers/Microsoft.Network/networkSecurityGroups/nsg000002/defaultSecurityRules/AllowVnetOutBound\",\r\n
        \       \"etag\": \"W/\\\"980197db-759a-4614-9781-24ca838ec7fc\\\"\",\r\n
        \       \"type\": \"Microsoft.Network/networkSecurityGroups/defaultSecurityRules\",\r\n
        \       \"properties\": {\r\n          \"provisioningState\": \"Succeeded\",\r\n
        \         \"description\": \"Allow outbound traffic from all VMs to all VMs
        in VNET\",\r\n          \"protocol\": \"*\",\r\n          \"sourcePortRange\":
        \"*\",\r\n          \"destinationPortRange\": \"*\",\r\n          \"sourceAddressPrefix\":
        \"VirtualNetwork\",\r\n          \"destinationAddressPrefix\": \"VirtualNetwork\",\r\n
        \         \"access\": \"Allow\",\r\n          \"priority\": 65000,\r\n          \"direction\":
        \"Outbound\",\r\n          \"sourcePortRanges\": [],\r\n          \"destinationPortRanges\":
        [],\r\n          \"sourceAddressPrefixes\": [],\r\n          \"destinationAddressPrefixes\":
        []\r\n        }\r\n      },\r\n      {\r\n        \"name\": \"AllowInternetOutBound\",\r\n
        \       \"id\": \"/subscriptions/00000000-0000-0000-0000-000000000000/resourceGroups/test_databricks_private_endpoint000001/providers/Microsoft.Network/networkSecurityGroups/nsg000002/defaultSecurityRules/AllowInternetOutBound\",\r\n
        \       \"etag\": \"W/\\\"980197db-759a-4614-9781-24ca838ec7fc\\\"\",\r\n
        \       \"type\": \"Microsoft.Network/networkSecurityGroups/defaultSecurityRules\",\r\n
        \       \"properties\": {\r\n          \"provisioningState\": \"Succeeded\",\r\n
        \         \"description\": \"Allow outbound traffic from all VMs to Internet\",\r\n
        \         \"protocol\": \"*\",\r\n          \"sourcePortRange\": \"*\",\r\n
        \         \"destinationPortRange\": \"*\",\r\n          \"sourceAddressPrefix\":
        \"*\",\r\n          \"destinationAddressPrefix\": \"Internet\",\r\n          \"access\":
        \"Allow\",\r\n          \"priority\": 65001,\r\n          \"direction\": \"Outbound\",\r\n
        \         \"sourcePortRanges\": [],\r\n          \"destinationPortRanges\":
        [],\r\n          \"sourceAddressPrefixes\": [],\r\n          \"destinationAddressPrefixes\":
        []\r\n        }\r\n      },\r\n      {\r\n        \"name\": \"DenyAllOutBound\",\r\n
        \       \"id\": \"/subscriptions/00000000-0000-0000-0000-000000000000/resourceGroups/test_databricks_private_endpoint000001/providers/Microsoft.Network/networkSecurityGroups/nsg000002/defaultSecurityRules/DenyAllOutBound\",\r\n
        \       \"etag\": \"W/\\\"980197db-759a-4614-9781-24ca838ec7fc\\\"\",\r\n
        \       \"type\": \"Microsoft.Network/networkSecurityGroups/defaultSecurityRules\",\r\n
        \       \"properties\": {\r\n          \"provisioningState\": \"Succeeded\",\r\n
        \         \"description\": \"Deny all outbound traffic\",\r\n          \"protocol\":
        \"*\",\r\n          \"sourcePortRange\": \"*\",\r\n          \"destinationPortRange\":
        \"*\",\r\n          \"sourceAddressPrefix\": \"*\",\r\n          \"destinationAddressPrefix\":
        \"*\",\r\n          \"access\": \"Deny\",\r\n          \"priority\": 65500,\r\n
        \         \"direction\": \"Outbound\",\r\n          \"sourcePortRanges\":
        [],\r\n          \"destinationPortRanges\": [],\r\n          \"sourceAddressPrefixes\":
        [],\r\n          \"destinationAddressPrefixes\": []\r\n        }\r\n      }\r\n
        \   ]\r\n  }\r\n}"
    headers:
      cache-control:
      - no-cache
      content-length:
      - '6713'
      content-type:
      - application/json; charset=utf-8
      date:
      - Mon, 17 Jan 2022 06:31:47 GMT
      etag:
      - W/"980197db-759a-4614-9781-24ca838ec7fc"
      expires:
      - '-1'
      pragma:
      - no-cache
      server:
      - Microsoft-HTTPAPI/2.0
      - Microsoft-HTTPAPI/2.0
      strict-transport-security:
      - max-age=31536000; includeSubDomains
      transfer-encoding:
      - chunked
      vary:
      - Accept-Encoding
      x-content-type-options:
      - nosniff
      x-ms-arm-service-request-id:
      - 13571182-bc63-4401-8f93-b8248521df64
    status:
      code: 200
      message: OK
- request:
    body: null
    headers:
      Accept:
      - application/json
      Accept-Encoding:
      - gzip, deflate
      CommandName:
      - network vnet create
      Connection:
      - keep-alive
      ParameterSetName:
      - -g -n --subnet-name --network-security-group
      User-Agent:
      - AZURECLI/2.32.0 azsdk-python-azure-mgmt-resource/20.0.0 Python/3.8.1 (Windows-10-10.0.22000-SP0)
    method: GET
    uri: https://management.azure.com/subscriptions/00000000-0000-0000-0000-000000000000/resourcegroups/test_databricks_private_endpoint000001?api-version=2021-04-01
  response:
    body:
      string: '{"id":"/subscriptions/00000000-0000-0000-0000-000000000000/resourceGroups/test_databricks_private_endpoint000001","name":"test_databricks_private_endpoint000001","type":"Microsoft.Resources/resourceGroups","location":"westus","tags":{"product":"azurecli","cause":"automation","date":"2022-01-17T06:31:31Z"},"properties":{"provisioningState":"Succeeded"}}'
    headers:
      cache-control:
      - no-cache
      content-length:
      - '354'
      content-type:
      - application/json; charset=utf-8
      date:
      - Mon, 17 Jan 2022 06:31:48 GMT
      expires:
      - '-1'
      pragma:
      - no-cache
      strict-transport-security:
      - max-age=31536000; includeSubDomains
      vary:
      - Accept-Encoding
      x-content-type-options:
      - nosniff
    status:
      code: 200
      message: OK
- request:
    body: '{"location": "westus", "tags": {}, "properties": {"addressSpace": {"addressPrefixes":
      ["10.0.0.0/16"]}, "dhcpOptions": {}, "subnets": [{"name": "databricks-privatelink-subnet000004",
      "properties": {"addressPrefix": "10.0.0.0/24", "networkSecurityGroup": {"id":
      "/subscriptions/00000000-0000-0000-0000-000000000000/resourceGroups/test_databricks_private_endpoint000001/providers/Microsoft.Network/networkSecurityGroups/nsg000002"},
      "privateEndpointNetworkPolicies": "Enabled", "privateLinkServiceNetworkPolicies":
      "Enabled"}}]}}'
    headers:
      Accept:
      - application/json
      Accept-Encoding:
      - gzip, deflate
      CommandName:
      - network vnet create
      Connection:
      - keep-alive
      Content-Length:
      - '527'
      Content-Type:
      - application/json
      ParameterSetName:
      - -g -n --subnet-name --network-security-group
      User-Agent:
      - AZURECLI/2.32.0 azsdk-python-azure-mgmt-network/19.3.0 Python/3.8.1 (Windows-10-10.0.22000-SP0)
    method: PUT
    uri: https://management.azure.com/subscriptions/00000000-0000-0000-0000-000000000000/resourceGroups/test_databricks_private_endpoint000001/providers/Microsoft.Network/virtualNetworks/databricks-privatelink-vnet000003?api-version=2021-05-01
  response:
    body:
      string: "{\r\n  \"name\": \"databricks-privatelink-vnet000003\",\r\n  \"id\":
        \"/subscriptions/00000000-0000-0000-0000-000000000000/resourceGroups/test_databricks_private_endpoint000001/providers/Microsoft.Network/virtualNetworks/databricks-privatelink-vnet000003\",\r\n
        \ \"etag\": \"W/\\\"80ed9a97-a1cf-464b-ac6a-723f350c6efd\\\"\",\r\n  \"type\":
        \"Microsoft.Network/virtualNetworks\",\r\n  \"location\": \"westus\",\r\n
        \ \"tags\": {},\r\n  \"properties\": {\r\n    \"provisioningState\": \"Updating\",\r\n
        \   \"resourceGuid\": \"34538f32-96bf-4a73-9ebd-3eca35d7f9de\",\r\n    \"addressSpace\":
        {\r\n      \"addressPrefixes\": [\r\n        \"10.0.0.0/16\"\r\n      ]\r\n
        \   },\r\n    \"dhcpOptions\": {\r\n      \"dnsServers\": []\r\n    },\r\n
        \   \"subnets\": [\r\n      {\r\n        \"name\": \"databricks-privatelink-subnet000004\",\r\n
        \       \"id\": \"/subscriptions/00000000-0000-0000-0000-000000000000/resourceGroups/test_databricks_private_endpoint000001/providers/Microsoft.Network/virtualNetworks/databricks-privatelink-vnet000003/subnets/databricks-privatelink-subnet000004\",\r\n
        \       \"etag\": \"W/\\\"80ed9a97-a1cf-464b-ac6a-723f350c6efd\\\"\",\r\n
        \       \"properties\": {\r\n          \"provisioningState\": \"Updating\",\r\n
        \         \"addressPrefix\": \"10.0.0.0/24\",\r\n          \"networkSecurityGroup\":
        {\r\n            \"id\": \"/subscriptions/00000000-0000-0000-0000-000000000000/resourceGroups/test_databricks_private_endpoint000001/providers/Microsoft.Network/networkSecurityGroups/nsg000002\"\r\n
        \         },\r\n          \"delegations\": [],\r\n          \"privateEndpointNetworkPolicies\":
        \"Enabled\",\r\n          \"privateLinkServiceNetworkPolicies\": \"Enabled\"\r\n
        \       },\r\n        \"type\": \"Microsoft.Network/virtualNetworks/subnets\"\r\n
        \     }\r\n    ],\r\n    \"virtualNetworkPeerings\": [],\r\n    \"enableDdosProtection\":
        false\r\n  }\r\n}"
    headers:
      azure-asyncnotification:
      - Enabled
      azure-asyncoperation:
      - https://management.azure.com/subscriptions/00000000-0000-0000-0000-000000000000/providers/Microsoft.Network/locations/westus/operations/f0ae3735-c12e-4b08-b313-3bb121ebf9d9?api-version=2021-05-01
      cache-control:
      - no-cache
      content-length:
      - '1707'
      content-type:
      - application/json; charset=utf-8
      date:
      - Mon, 17 Jan 2022 06:31:55 GMT
      expires:
      - '-1'
      pragma:
      - no-cache
      server:
      - Microsoft-HTTPAPI/2.0
      - Microsoft-HTTPAPI/2.0
      strict-transport-security:
      - max-age=31536000; includeSubDomains
      x-content-type-options:
      - nosniff
      x-ms-arm-service-request-id:
      - 132e96ab-1106-451e-a8fb-8b95b263232a
      x-ms-ratelimit-remaining-subscription-writes:
      - '1199'
    status:
      code: 201
      message: Created
- request:
    body: null
    headers:
      Accept:
      - '*/*'
      Accept-Encoding:
      - gzip, deflate
      CommandName:
      - network vnet create
      Connection:
      - keep-alive
      ParameterSetName:
      - -g -n --subnet-name --network-security-group
      User-Agent:
      - AZURECLI/2.32.0 azsdk-python-azure-mgmt-network/19.3.0 Python/3.8.1 (Windows-10-10.0.22000-SP0)
    method: GET
    uri: https://management.azure.com/subscriptions/00000000-0000-0000-0000-000000000000/providers/Microsoft.Network/locations/westus/operations/f0ae3735-c12e-4b08-b313-3bb121ebf9d9?api-version=2021-05-01
  response:
    body:
      string: "{\r\n  \"status\": \"Succeeded\"\r\n}"
    headers:
      cache-control:
      - no-cache
      content-length:
      - '29'
      content-type:
      - application/json; charset=utf-8
      date:
      - Mon, 17 Jan 2022 06:31:58 GMT
      expires:
      - '-1'
      pragma:
      - no-cache
      server:
      - Microsoft-HTTPAPI/2.0
      - Microsoft-HTTPAPI/2.0
      strict-transport-security:
      - max-age=31536000; includeSubDomains
      transfer-encoding:
      - chunked
      vary:
      - Accept-Encoding
      x-content-type-options:
      - nosniff
      x-ms-arm-service-request-id:
      - bb6b75df-3376-4d07-85fb-40076f721584
    status:
      code: 200
      message: OK
- request:
    body: null
    headers:
      Accept:
      - '*/*'
      Accept-Encoding:
      - gzip, deflate
      CommandName:
      - network vnet create
      Connection:
      - keep-alive
      ParameterSetName:
      - -g -n --subnet-name --network-security-group
      User-Agent:
      - AZURECLI/2.32.0 azsdk-python-azure-mgmt-network/19.3.0 Python/3.8.1 (Windows-10-10.0.22000-SP0)
    method: GET
    uri: https://management.azure.com/subscriptions/00000000-0000-0000-0000-000000000000/resourceGroups/test_databricks_private_endpoint000001/providers/Microsoft.Network/virtualNetworks/databricks-privatelink-vnet000003?api-version=2021-05-01
  response:
    body:
      string: "{\r\n  \"name\": \"databricks-privatelink-vnet000003\",\r\n  \"id\":
        \"/subscriptions/00000000-0000-0000-0000-000000000000/resourceGroups/test_databricks_private_endpoint000001/providers/Microsoft.Network/virtualNetworks/databricks-privatelink-vnet000003\",\r\n
        \ \"etag\": \"W/\\\"70fe0619-a050-4ad0-bc0a-34e70be0f46e\\\"\",\r\n  \"type\":
        \"Microsoft.Network/virtualNetworks\",\r\n  \"location\": \"westus\",\r\n
        \ \"tags\": {},\r\n  \"properties\": {\r\n    \"provisioningState\": \"Succeeded\",\r\n
        \   \"resourceGuid\": \"34538f32-96bf-4a73-9ebd-3eca35d7f9de\",\r\n    \"addressSpace\":
        {\r\n      \"addressPrefixes\": [\r\n        \"10.0.0.0/16\"\r\n      ]\r\n
        \   },\r\n    \"dhcpOptions\": {\r\n      \"dnsServers\": []\r\n    },\r\n
        \   \"subnets\": [\r\n      {\r\n        \"name\": \"databricks-privatelink-subnet000004\",\r\n
        \       \"id\": \"/subscriptions/00000000-0000-0000-0000-000000000000/resourceGroups/test_databricks_private_endpoint000001/providers/Microsoft.Network/virtualNetworks/databricks-privatelink-vnet000003/subnets/databricks-privatelink-subnet000004\",\r\n
        \       \"etag\": \"W/\\\"70fe0619-a050-4ad0-bc0a-34e70be0f46e\\\"\",\r\n
        \       \"properties\": {\r\n          \"provisioningState\": \"Succeeded\",\r\n
        \         \"addressPrefix\": \"10.0.0.0/24\",\r\n          \"networkSecurityGroup\":
        {\r\n            \"id\": \"/subscriptions/00000000-0000-0000-0000-000000000000/resourceGroups/test_databricks_private_endpoint000001/providers/Microsoft.Network/networkSecurityGroups/nsg000002\"\r\n
        \         },\r\n          \"delegations\": [],\r\n          \"privateEndpointNetworkPolicies\":
        \"Enabled\",\r\n          \"privateLinkServiceNetworkPolicies\": \"Enabled\"\r\n
        \       },\r\n        \"type\": \"Microsoft.Network/virtualNetworks/subnets\"\r\n
        \     }\r\n    ],\r\n    \"virtualNetworkPeerings\": [],\r\n    \"enableDdosProtection\":
        false\r\n  }\r\n}"
    headers:
      cache-control:
      - no-cache
      content-length:
      - '1709'
      content-type:
      - application/json; charset=utf-8
      date:
      - Mon, 17 Jan 2022 06:31:59 GMT
      etag:
      - W/"70fe0619-a050-4ad0-bc0a-34e70be0f46e"
      expires:
      - '-1'
      pragma:
      - no-cache
      server:
      - Microsoft-HTTPAPI/2.0
      - Microsoft-HTTPAPI/2.0
      strict-transport-security:
      - max-age=31536000; includeSubDomains
      transfer-encoding:
      - chunked
      vary:
      - Accept-Encoding
      x-content-type-options:
      - nosniff
      x-ms-arm-service-request-id:
      - ecd440bb-e20f-46a0-912f-d582429c84d8
    status:
      code: 200
      message: OK
- request:
    body: null
    headers:
      Accept:
      - application/json
      Accept-Encoding:
      - gzip, deflate
      CommandName:
      - network vnet subnet create
      Connection:
      - keep-alive
      ParameterSetName:
      - -g --vnet-name --name --address-prefixes
      User-Agent:
      - AZURECLI/2.32.0 azsdk-python-azure-mgmt-network/19.3.0 Python/3.8.1 (Windows-10-10.0.22000-SP0)
    method: GET
    uri: https://management.azure.com/subscriptions/00000000-0000-0000-0000-000000000000/resourceGroups/test_databricks_private_endpoint000001/providers/Microsoft.Network/virtualNetworks/databricks-privatelink-vnet000003?api-version=2021-05-01
  response:
    body:
      string: "{\r\n  \"name\": \"databricks-privatelink-vnet000003\",\r\n  \"id\":
        \"/subscriptions/00000000-0000-0000-0000-000000000000/resourceGroups/test_databricks_private_endpoint000001/providers/Microsoft.Network/virtualNetworks/databricks-privatelink-vnet000003\",\r\n
        \ \"etag\": \"W/\\\"70fe0619-a050-4ad0-bc0a-34e70be0f46e\\\"\",\r\n  \"type\":
        \"Microsoft.Network/virtualNetworks\",\r\n  \"location\": \"westus\",\r\n
        \ \"tags\": {},\r\n  \"properties\": {\r\n    \"provisioningState\": \"Succeeded\",\r\n
        \   \"resourceGuid\": \"34538f32-96bf-4a73-9ebd-3eca35d7f9de\",\r\n    \"addressSpace\":
        {\r\n      \"addressPrefixes\": [\r\n        \"10.0.0.0/16\"\r\n      ]\r\n
        \   },\r\n    \"dhcpOptions\": {\r\n      \"dnsServers\": []\r\n    },\r\n
        \   \"subnets\": [\r\n      {\r\n        \"name\": \"databricks-privatelink-subnet000004\",\r\n
        \       \"id\": \"/subscriptions/00000000-0000-0000-0000-000000000000/resourceGroups/test_databricks_private_endpoint000001/providers/Microsoft.Network/virtualNetworks/databricks-privatelink-vnet000003/subnets/databricks-privatelink-subnet000004\",\r\n
        \       \"etag\": \"W/\\\"70fe0619-a050-4ad0-bc0a-34e70be0f46e\\\"\",\r\n
        \       \"properties\": {\r\n          \"provisioningState\": \"Succeeded\",\r\n
        \         \"addressPrefix\": \"10.0.0.0/24\",\r\n          \"networkSecurityGroup\":
        {\r\n            \"id\": \"/subscriptions/00000000-0000-0000-0000-000000000000/resourceGroups/test_databricks_private_endpoint000001/providers/Microsoft.Network/networkSecurityGroups/nsg000002\"\r\n
        \         },\r\n          \"delegations\": [],\r\n          \"privateEndpointNetworkPolicies\":
        \"Enabled\",\r\n          \"privateLinkServiceNetworkPolicies\": \"Enabled\"\r\n
        \       },\r\n        \"type\": \"Microsoft.Network/virtualNetworks/subnets\"\r\n
        \     }\r\n    ],\r\n    \"virtualNetworkPeerings\": [],\r\n    \"enableDdosProtection\":
        false\r\n  }\r\n}"
    headers:
      cache-control:
      - no-cache
      content-length:
      - '1709'
      content-type:
      - application/json; charset=utf-8
      date:
      - Mon, 17 Jan 2022 06:31:59 GMT
      etag:
      - W/"70fe0619-a050-4ad0-bc0a-34e70be0f46e"
      expires:
      - '-1'
      pragma:
      - no-cache
      server:
      - Microsoft-HTTPAPI/2.0
      - Microsoft-HTTPAPI/2.0
      strict-transport-security:
      - max-age=31536000; includeSubDomains
      transfer-encoding:
      - chunked
      vary:
      - Accept-Encoding
      x-content-type-options:
      - nosniff
      x-ms-arm-service-request-id:
      - 464a6f6c-7859-4ca2-ba18-33d3005b3826
    status:
      code: 200
      message: OK
- request:
    body: '{"id": "/subscriptions/00000000-0000-0000-0000-000000000000/resourceGroups/test_databricks_private_endpoint000001/providers/Microsoft.Network/virtualNetworks/databricks-privatelink-vnet000003",
      "location": "westus", "tags": {}, "properties": {"addressSpace": {"addressPrefixes":
      ["10.0.0.0/16"]}, "dhcpOptions": {"dnsServers": []}, "subnets": [{"id": "/subscriptions/00000000-0000-0000-0000-000000000000/resourceGroups/test_databricks_private_endpoint000001/providers/Microsoft.Network/virtualNetworks/databricks-privatelink-vnet000003/subnets/databricks-privatelink-subnet000004",
      "name": "databricks-privatelink-subnet000004", "type": "Microsoft.Network/virtualNetworks/subnets",
      "properties": {"addressPrefix": "10.0.0.0/24", "networkSecurityGroup": {"id":
      "/subscriptions/00000000-0000-0000-0000-000000000000/resourceGroups/test_databricks_private_endpoint000001/providers/Microsoft.Network/networkSecurityGroups/nsg000002"},
      "delegations": [], "privateEndpointNetworkPolicies": "Enabled", "privateLinkServiceNetworkPolicies":
      "Enabled"}}, {"name": "private-subnet", "properties": {"addressPrefix": "10.0.1.0/24",
      "privateEndpointNetworkPolicies": "Enabled", "privateLinkServiceNetworkPolicies":
      "Enabled"}}], "virtualNetworkPeerings": [], "enableDdosProtection": false}}'
    headers:
      Accept:
      - application/json
      Accept-Encoding:
      - gzip, deflate
      CommandName:
      - network vnet subnet create
      Connection:
      - keep-alive
      Content-Length:
      - '1275'
      Content-Type:
      - application/json
      ParameterSetName:
      - -g --vnet-name --name --address-prefixes
      User-Agent:
      - AZURECLI/2.32.0 azsdk-python-azure-mgmt-network/19.3.0 Python/3.8.1 (Windows-10-10.0.22000-SP0)
    method: PUT
    uri: https://management.azure.com/subscriptions/00000000-0000-0000-0000-000000000000/resourceGroups/test_databricks_private_endpoint000001/providers/Microsoft.Network/virtualNetworks/databricks-privatelink-vnet000003?api-version=2021-05-01
  response:
    body:
      string: "{\r\n  \"name\": \"databricks-privatelink-vnet000003\",\r\n  \"id\":
        \"/subscriptions/00000000-0000-0000-0000-000000000000/resourceGroups/test_databricks_private_endpoint000001/providers/Microsoft.Network/virtualNetworks/databricks-privatelink-vnet000003\",\r\n
        \ \"etag\": \"W/\\\"7e845a01-c5ba-4448-919f-02b889a405c2\\\"\",\r\n  \"type\":
        \"Microsoft.Network/virtualNetworks\",\r\n  \"location\": \"westus\",\r\n
        \ \"tags\": {},\r\n  \"properties\": {\r\n    \"provisioningState\": \"Updating\",\r\n
        \   \"resourceGuid\": \"34538f32-96bf-4a73-9ebd-3eca35d7f9de\",\r\n    \"addressSpace\":
        {\r\n      \"addressPrefixes\": [\r\n        \"10.0.0.0/16\"\r\n      ]\r\n
        \   },\r\n    \"dhcpOptions\": {\r\n      \"dnsServers\": []\r\n    },\r\n
        \   \"subnets\": [\r\n      {\r\n        \"name\": \"databricks-privatelink-subnet000004\",\r\n
        \       \"id\": \"/subscriptions/00000000-0000-0000-0000-000000000000/resourceGroups/test_databricks_private_endpoint000001/providers/Microsoft.Network/virtualNetworks/databricks-privatelink-vnet000003/subnets/databricks-privatelink-subnet000004\",\r\n
        \       \"etag\": \"W/\\\"7e845a01-c5ba-4448-919f-02b889a405c2\\\"\",\r\n
        \       \"properties\": {\r\n          \"provisioningState\": \"Updating\",\r\n
        \         \"addressPrefix\": \"10.0.0.0/24\",\r\n          \"networkSecurityGroup\":
        {\r\n            \"id\": \"/subscriptions/00000000-0000-0000-0000-000000000000/resourceGroups/test_databricks_private_endpoint000001/providers/Microsoft.Network/networkSecurityGroups/nsg000002\"\r\n
        \         },\r\n          \"delegations\": [],\r\n          \"privateEndpointNetworkPolicies\":
        \"Enabled\",\r\n          \"privateLinkServiceNetworkPolicies\": \"Enabled\"\r\n
        \       },\r\n        \"type\": \"Microsoft.Network/virtualNetworks/subnets\"\r\n
        \     },\r\n      {\r\n        \"name\": \"private-subnet\",\r\n        \"id\":
        \"/subscriptions/00000000-0000-0000-0000-000000000000/resourceGroups/test_databricks_private_endpoint000001/providers/Microsoft.Network/virtualNetworks/databricks-privatelink-vnet000003/subnets/private-subnet\",\r\n
        \       \"etag\": \"W/\\\"7e845a01-c5ba-4448-919f-02b889a405c2\\\"\",\r\n
        \       \"properties\": {\r\n          \"provisioningState\": \"Updating\",\r\n
        \         \"addressPrefix\": \"10.0.1.0/24\",\r\n          \"delegations\":
        [],\r\n          \"privateEndpointNetworkPolicies\": \"Enabled\",\r\n          \"privateLinkServiceNetworkPolicies\":
        \"Enabled\"\r\n        },\r\n        \"type\": \"Microsoft.Network/virtualNetworks/subnets\"\r\n
        \     }\r\n    ],\r\n    \"virtualNetworkPeerings\": [],\r\n    \"enableDdosProtection\":
        false\r\n  }\r\n}"
    headers:
      azure-asyncnotification:
      - Enabled
      azure-asyncoperation:
      - https://management.azure.com/subscriptions/00000000-0000-0000-0000-000000000000/providers/Microsoft.Network/locations/westus/operations/0825f7b6-85ac-4cb4-b143-13be7e09cf4a?api-version=2021-05-01
      cache-control:
      - no-cache
      content-length:
      - '2378'
      content-type:
      - application/json; charset=utf-8
      date:
      - Mon, 17 Jan 2022 06:32:01 GMT
      expires:
      - '-1'
      pragma:
      - no-cache
      server:
      - Microsoft-HTTPAPI/2.0
      - Microsoft-HTTPAPI/2.0
      strict-transport-security:
      - max-age=31536000; includeSubDomains
      transfer-encoding:
      - chunked
      vary:
      - Accept-Encoding
      x-content-type-options:
      - nosniff
      x-ms-arm-service-request-id:
      - d3c06a80-22ad-46fc-91a3-87c282e1ab37
      x-ms-ratelimit-remaining-subscription-writes:
      - '1199'
    status:
      code: 200
      message: OK
- request:
    body: null
    headers:
      Accept:
      - '*/*'
      Accept-Encoding:
      - gzip, deflate
      CommandName:
      - network vnet subnet create
      Connection:
      - keep-alive
      ParameterSetName:
      - -g --vnet-name --name --address-prefixes
      User-Agent:
      - AZURECLI/2.32.0 azsdk-python-azure-mgmt-network/19.3.0 Python/3.8.1 (Windows-10-10.0.22000-SP0)
    method: GET
    uri: https://management.azure.com/subscriptions/00000000-0000-0000-0000-000000000000/providers/Microsoft.Network/locations/westus/operations/0825f7b6-85ac-4cb4-b143-13be7e09cf4a?api-version=2021-05-01
  response:
    body:
      string: "{\r\n  \"status\": \"Succeeded\"\r\n}"
    headers:
      cache-control:
      - no-cache
      content-length:
      - '29'
      content-type:
      - application/json; charset=utf-8
      date:
      - Mon, 17 Jan 2022 06:32:04 GMT
      expires:
      - '-1'
      pragma:
      - no-cache
      server:
      - Microsoft-HTTPAPI/2.0
      - Microsoft-HTTPAPI/2.0
      strict-transport-security:
      - max-age=31536000; includeSubDomains
      transfer-encoding:
      - chunked
      vary:
      - Accept-Encoding
      x-content-type-options:
      - nosniff
      x-ms-arm-service-request-id:
      - 365413a6-cd7e-40ad-8e29-34fb43230773
    status:
      code: 200
      message: OK
- request:
    body: null
    headers:
      Accept:
      - '*/*'
      Accept-Encoding:
      - gzip, deflate
      CommandName:
      - network vnet subnet create
      Connection:
      - keep-alive
      ParameterSetName:
      - -g --vnet-name --name --address-prefixes
      User-Agent:
      - AZURECLI/2.32.0 azsdk-python-azure-mgmt-network/19.3.0 Python/3.8.1 (Windows-10-10.0.22000-SP0)
    method: GET
    uri: https://management.azure.com/subscriptions/00000000-0000-0000-0000-000000000000/resourceGroups/test_databricks_private_endpoint000001/providers/Microsoft.Network/virtualNetworks/databricks-privatelink-vnet000003?api-version=2021-05-01
  response:
    body:
      string: "{\r\n  \"name\": \"databricks-privatelink-vnet000003\",\r\n  \"id\":
        \"/subscriptions/00000000-0000-0000-0000-000000000000/resourceGroups/test_databricks_private_endpoint000001/providers/Microsoft.Network/virtualNetworks/databricks-privatelink-vnet000003\",\r\n
        \ \"etag\": \"W/\\\"a033e88b-36ca-4d38-81ac-e6457746bc52\\\"\",\r\n  \"type\":
        \"Microsoft.Network/virtualNetworks\",\r\n  \"location\": \"westus\",\r\n
        \ \"tags\": {},\r\n  \"properties\": {\r\n    \"provisioningState\": \"Succeeded\",\r\n
        \   \"resourceGuid\": \"34538f32-96bf-4a73-9ebd-3eca35d7f9de\",\r\n    \"addressSpace\":
        {\r\n      \"addressPrefixes\": [\r\n        \"10.0.0.0/16\"\r\n      ]\r\n
        \   },\r\n    \"dhcpOptions\": {\r\n      \"dnsServers\": []\r\n    },\r\n
        \   \"subnets\": [\r\n      {\r\n        \"name\": \"databricks-privatelink-subnet000004\",\r\n
        \       \"id\": \"/subscriptions/00000000-0000-0000-0000-000000000000/resourceGroups/test_databricks_private_endpoint000001/providers/Microsoft.Network/virtualNetworks/databricks-privatelink-vnet000003/subnets/databricks-privatelink-subnet000004\",\r\n
        \       \"etag\": \"W/\\\"a033e88b-36ca-4d38-81ac-e6457746bc52\\\"\",\r\n
        \       \"properties\": {\r\n          \"provisioningState\": \"Succeeded\",\r\n
        \         \"addressPrefix\": \"10.0.0.0/24\",\r\n          \"networkSecurityGroup\":
        {\r\n            \"id\": \"/subscriptions/00000000-0000-0000-0000-000000000000/resourceGroups/test_databricks_private_endpoint000001/providers/Microsoft.Network/networkSecurityGroups/nsg000002\"\r\n
        \         },\r\n          \"delegations\": [],\r\n          \"privateEndpointNetworkPolicies\":
        \"Enabled\",\r\n          \"privateLinkServiceNetworkPolicies\": \"Enabled\"\r\n
        \       },\r\n        \"type\": \"Microsoft.Network/virtualNetworks/subnets\"\r\n
        \     },\r\n      {\r\n        \"name\": \"private-subnet\",\r\n        \"id\":
        \"/subscriptions/00000000-0000-0000-0000-000000000000/resourceGroups/test_databricks_private_endpoint000001/providers/Microsoft.Network/virtualNetworks/databricks-privatelink-vnet000003/subnets/private-subnet\",\r\n
        \       \"etag\": \"W/\\\"a033e88b-36ca-4d38-81ac-e6457746bc52\\\"\",\r\n
        \       \"properties\": {\r\n          \"provisioningState\": \"Succeeded\",\r\n
        \         \"addressPrefix\": \"10.0.1.0/24\",\r\n          \"delegations\":
        [],\r\n          \"privateEndpointNetworkPolicies\": \"Enabled\",\r\n          \"privateLinkServiceNetworkPolicies\":
        \"Enabled\"\r\n        },\r\n        \"type\": \"Microsoft.Network/virtualNetworks/subnets\"\r\n
        \     }\r\n    ],\r\n    \"virtualNetworkPeerings\": [],\r\n    \"enableDdosProtection\":
        false\r\n  }\r\n}"
    headers:
      cache-control:
      - no-cache
      content-length:
      - '2381'
      content-type:
      - application/json; charset=utf-8
      date:
      - Mon, 17 Jan 2022 06:32:04 GMT
      etag:
      - W/"a033e88b-36ca-4d38-81ac-e6457746bc52"
      expires:
      - '-1'
      pragma:
      - no-cache
      server:
      - Microsoft-HTTPAPI/2.0
      - Microsoft-HTTPAPI/2.0
      strict-transport-security:
      - max-age=31536000; includeSubDomains
      transfer-encoding:
      - chunked
      vary:
      - Accept-Encoding
      x-content-type-options:
      - nosniff
      x-ms-arm-service-request-id:
      - b2c7cfab-d404-4f9f-83fa-aa696a1c57a0
    status:
      code: 200
      message: OK
- request:
    body: null
    headers:
      Accept:
      - application/json
      Accept-Encoding:
      - gzip, deflate
      CommandName:
      - network vnet subnet create
      Connection:
      - keep-alive
      ParameterSetName:
      - -g --vnet-name --name --address-prefixes
      User-Agent:
      - AZURECLI/2.32.0 azsdk-python-azure-mgmt-network/19.3.0 Python/3.8.1 (Windows-10-10.0.22000-SP0)
    method: GET
    uri: https://management.azure.com/subscriptions/00000000-0000-0000-0000-000000000000/resourceGroups/test_databricks_private_endpoint000001/providers/Microsoft.Network/virtualNetworks/databricks-privatelink-vnet000003?api-version=2021-05-01
  response:
    body:
      string: "{\r\n  \"name\": \"databricks-privatelink-vnet000003\",\r\n  \"id\":
        \"/subscriptions/00000000-0000-0000-0000-000000000000/resourceGroups/test_databricks_private_endpoint000001/providers/Microsoft.Network/virtualNetworks/databricks-privatelink-vnet000003\",\r\n
        \ \"etag\": \"W/\\\"a033e88b-36ca-4d38-81ac-e6457746bc52\\\"\",\r\n  \"type\":
        \"Microsoft.Network/virtualNetworks\",\r\n  \"location\": \"westus\",\r\n
        \ \"tags\": {},\r\n  \"properties\": {\r\n    \"provisioningState\": \"Succeeded\",\r\n
        \   \"resourceGuid\": \"34538f32-96bf-4a73-9ebd-3eca35d7f9de\",\r\n    \"addressSpace\":
        {\r\n      \"addressPrefixes\": [\r\n        \"10.0.0.0/16\"\r\n      ]\r\n
        \   },\r\n    \"dhcpOptions\": {\r\n      \"dnsServers\": []\r\n    },\r\n
        \   \"subnets\": [\r\n      {\r\n        \"name\": \"databricks-privatelink-subnet000004\",\r\n
        \       \"id\": \"/subscriptions/00000000-0000-0000-0000-000000000000/resourceGroups/test_databricks_private_endpoint000001/providers/Microsoft.Network/virtualNetworks/databricks-privatelink-vnet000003/subnets/databricks-privatelink-subnet000004\",\r\n
        \       \"etag\": \"W/\\\"a033e88b-36ca-4d38-81ac-e6457746bc52\\\"\",\r\n
        \       \"properties\": {\r\n          \"provisioningState\": \"Succeeded\",\r\n
        \         \"addressPrefix\": \"10.0.0.0/24\",\r\n          \"networkSecurityGroup\":
        {\r\n            \"id\": \"/subscriptions/00000000-0000-0000-0000-000000000000/resourceGroups/test_databricks_private_endpoint000001/providers/Microsoft.Network/networkSecurityGroups/nsg000002\"\r\n
        \         },\r\n          \"delegations\": [],\r\n          \"privateEndpointNetworkPolicies\":
        \"Enabled\",\r\n          \"privateLinkServiceNetworkPolicies\": \"Enabled\"\r\n
        \       },\r\n        \"type\": \"Microsoft.Network/virtualNetworks/subnets\"\r\n
        \     },\r\n      {\r\n        \"name\": \"private-subnet\",\r\n        \"id\":
        \"/subscriptions/00000000-0000-0000-0000-000000000000/resourceGroups/test_databricks_private_endpoint000001/providers/Microsoft.Network/virtualNetworks/databricks-privatelink-vnet000003/subnets/private-subnet\",\r\n
        \       \"etag\": \"W/\\\"a033e88b-36ca-4d38-81ac-e6457746bc52\\\"\",\r\n
        \       \"properties\": {\r\n          \"provisioningState\": \"Succeeded\",\r\n
        \         \"addressPrefix\": \"10.0.1.0/24\",\r\n          \"delegations\":
        [],\r\n          \"privateEndpointNetworkPolicies\": \"Enabled\",\r\n          \"privateLinkServiceNetworkPolicies\":
        \"Enabled\"\r\n        },\r\n        \"type\": \"Microsoft.Network/virtualNetworks/subnets\"\r\n
        \     }\r\n    ],\r\n    \"virtualNetworkPeerings\": [],\r\n    \"enableDdosProtection\":
        false\r\n  }\r\n}"
    headers:
      cache-control:
      - no-cache
      content-length:
      - '2381'
      content-type:
      - application/json; charset=utf-8
      date:
      - Mon, 17 Jan 2022 06:32:05 GMT
      etag:
      - W/"a033e88b-36ca-4d38-81ac-e6457746bc52"
      expires:
      - '-1'
      pragma:
      - no-cache
      server:
      - Microsoft-HTTPAPI/2.0
      - Microsoft-HTTPAPI/2.0
      strict-transport-security:
      - max-age=31536000; includeSubDomains
      transfer-encoding:
      - chunked
      vary:
      - Accept-Encoding
      x-content-type-options:
      - nosniff
      x-ms-arm-service-request-id:
      - fea79ac3-8701-4d3c-9276-6cff0e8191c1
    status:
      code: 200
      message: OK
- request:
    body: '{"id": "/subscriptions/00000000-0000-0000-0000-000000000000/resourceGroups/test_databricks_private_endpoint000001/providers/Microsoft.Network/virtualNetworks/databricks-privatelink-vnet000003",
      "location": "westus", "tags": {}, "properties": {"addressSpace": {"addressPrefixes":
      ["10.0.0.0/16"]}, "dhcpOptions": {"dnsServers": []}, "subnets": [{"id": "/subscriptions/00000000-0000-0000-0000-000000000000/resourceGroups/test_databricks_private_endpoint000001/providers/Microsoft.Network/virtualNetworks/databricks-privatelink-vnet000003/subnets/databricks-privatelink-subnet000004",
      "name": "databricks-privatelink-subnet000004", "type": "Microsoft.Network/virtualNetworks/subnets",
      "properties": {"addressPrefix": "10.0.0.0/24", "networkSecurityGroup": {"id":
      "/subscriptions/00000000-0000-0000-0000-000000000000/resourceGroups/test_databricks_private_endpoint000001/providers/Microsoft.Network/networkSecurityGroups/nsg000002"},
      "delegations": [], "privateEndpointNetworkPolicies": "Enabled", "privateLinkServiceNetworkPolicies":
      "Enabled"}}, {"id": "/subscriptions/00000000-0000-0000-0000-000000000000/resourceGroups/test_databricks_private_endpoint000001/providers/Microsoft.Network/virtualNetworks/databricks-privatelink-vnet000003/subnets/private-subnet",
      "name": "private-subnet", "type": "Microsoft.Network/virtualNetworks/subnets",
      "properties": {"addressPrefix": "10.0.1.0/24", "delegations": [], "privateEndpointNetworkPolicies":
      "Enabled", "privateLinkServiceNetworkPolicies": "Enabled"}}, {"name": "public-subnet",
      "properties": {"addressPrefix": "10.0.2.0/24", "privateEndpointNetworkPolicies":
      "Enabled", "privateLinkServiceNetworkPolicies": "Enabled"}}], "virtualNetworkPeerings":
      [], "enableDdosProtection": false}}'
    headers:
      Accept:
      - application/json
      Accept-Encoding:
      - gzip, deflate
      CommandName:
      - network vnet subnet create
      Connection:
      - keep-alive
      Content-Length:
      - '1731'
      Content-Type:
      - application/json
      ParameterSetName:
      - -g --vnet-name --name --address-prefixes
      User-Agent:
      - AZURECLI/2.32.0 azsdk-python-azure-mgmt-network/19.3.0 Python/3.8.1 (Windows-10-10.0.22000-SP0)
    method: PUT
    uri: https://management.azure.com/subscriptions/00000000-0000-0000-0000-000000000000/resourceGroups/test_databricks_private_endpoint000001/providers/Microsoft.Network/virtualNetworks/databricks-privatelink-vnet000003?api-version=2021-05-01
  response:
    body:
      string: "{\r\n  \"name\": \"databricks-privatelink-vnet000003\",\r\n  \"id\":
        \"/subscriptions/00000000-0000-0000-0000-000000000000/resourceGroups/test_databricks_private_endpoint000001/providers/Microsoft.Network/virtualNetworks/databricks-privatelink-vnet000003\",\r\n
        \ \"etag\": \"W/\\\"6c976674-abec-44fc-a337-d4cb4e6efc1e\\\"\",\r\n  \"type\":
        \"Microsoft.Network/virtualNetworks\",\r\n  \"location\": \"westus\",\r\n
        \ \"tags\": {},\r\n  \"properties\": {\r\n    \"provisioningState\": \"Updating\",\r\n
        \   \"resourceGuid\": \"34538f32-96bf-4a73-9ebd-3eca35d7f9de\",\r\n    \"addressSpace\":
        {\r\n      \"addressPrefixes\": [\r\n        \"10.0.0.0/16\"\r\n      ]\r\n
        \   },\r\n    \"dhcpOptions\": {\r\n      \"dnsServers\": []\r\n    },\r\n
        \   \"subnets\": [\r\n      {\r\n        \"name\": \"databricks-privatelink-subnet000004\",\r\n
        \       \"id\": \"/subscriptions/00000000-0000-0000-0000-000000000000/resourceGroups/test_databricks_private_endpoint000001/providers/Microsoft.Network/virtualNetworks/databricks-privatelink-vnet000003/subnets/databricks-privatelink-subnet000004\",\r\n
        \       \"etag\": \"W/\\\"6c976674-abec-44fc-a337-d4cb4e6efc1e\\\"\",\r\n
        \       \"properties\": {\r\n          \"provisioningState\": \"Updating\",\r\n
        \         \"addressPrefix\": \"10.0.0.0/24\",\r\n          \"networkSecurityGroup\":
        {\r\n            \"id\": \"/subscriptions/00000000-0000-0000-0000-000000000000/resourceGroups/test_databricks_private_endpoint000001/providers/Microsoft.Network/networkSecurityGroups/nsg000002\"\r\n
        \         },\r\n          \"delegations\": [],\r\n          \"privateEndpointNetworkPolicies\":
        \"Enabled\",\r\n          \"privateLinkServiceNetworkPolicies\": \"Enabled\"\r\n
        \       },\r\n        \"type\": \"Microsoft.Network/virtualNetworks/subnets\"\r\n
        \     },\r\n      {\r\n        \"name\": \"private-subnet\",\r\n        \"id\":
        \"/subscriptions/00000000-0000-0000-0000-000000000000/resourceGroups/test_databricks_private_endpoint000001/providers/Microsoft.Network/virtualNetworks/databricks-privatelink-vnet000003/subnets/private-subnet\",\r\n
        \       \"etag\": \"W/\\\"6c976674-abec-44fc-a337-d4cb4e6efc1e\\\"\",\r\n
        \       \"properties\": {\r\n          \"provisioningState\": \"Updating\",\r\n
        \         \"addressPrefix\": \"10.0.1.0/24\",\r\n          \"delegations\":
        [],\r\n          \"privateEndpointNetworkPolicies\": \"Enabled\",\r\n          \"privateLinkServiceNetworkPolicies\":
        \"Enabled\"\r\n        },\r\n        \"type\": \"Microsoft.Network/virtualNetworks/subnets\"\r\n
        \     },\r\n      {\r\n        \"name\": \"public-subnet\",\r\n        \"id\":
        \"/subscriptions/00000000-0000-0000-0000-000000000000/resourceGroups/test_databricks_private_endpoint000001/providers/Microsoft.Network/virtualNetworks/databricks-privatelink-vnet000003/subnets/public-subnet\",\r\n
        \       \"etag\": \"W/\\\"6c976674-abec-44fc-a337-d4cb4e6efc1e\\\"\",\r\n
        \       \"properties\": {\r\n          \"provisioningState\": \"Updating\",\r\n
        \         \"addressPrefix\": \"10.0.2.0/24\",\r\n          \"delegations\":
        [],\r\n          \"privateEndpointNetworkPolicies\": \"Enabled\",\r\n          \"privateLinkServiceNetworkPolicies\":
        \"Enabled\"\r\n        },\r\n        \"type\": \"Microsoft.Network/virtualNetworks/subnets\"\r\n
        \     }\r\n    ],\r\n    \"virtualNetworkPeerings\": [],\r\n    \"enableDdosProtection\":
        false\r\n  }\r\n}"
    headers:
      azure-asyncnotification:
      - Enabled
      azure-asyncoperation:
      - https://management.azure.com/subscriptions/00000000-0000-0000-0000-000000000000/providers/Microsoft.Network/locations/westus/operations/a6038750-374c-4af8-b2c5-25ef7cc3ed7b?api-version=2021-05-01
      cache-control:
      - no-cache
      content-length:
      - '3047'
      content-type:
      - application/json; charset=utf-8
      date:
      - Mon, 17 Jan 2022 06:32:06 GMT
      expires:
      - '-1'
      pragma:
      - no-cache
      server:
      - Microsoft-HTTPAPI/2.0
      - Microsoft-HTTPAPI/2.0
      strict-transport-security:
      - max-age=31536000; includeSubDomains
      transfer-encoding:
      - chunked
      vary:
      - Accept-Encoding
      x-content-type-options:
      - nosniff
      x-ms-arm-service-request-id:
      - ca1a55bc-bd45-46c2-9d08-1e5588f37489
      x-ms-ratelimit-remaining-subscription-writes:
      - '1199'
    status:
      code: 200
      message: OK
- request:
    body: null
    headers:
      Accept:
      - '*/*'
      Accept-Encoding:
      - gzip, deflate
      CommandName:
      - network vnet subnet create
      Connection:
      - keep-alive
      ParameterSetName:
      - -g --vnet-name --name --address-prefixes
      User-Agent:
      - AZURECLI/2.32.0 azsdk-python-azure-mgmt-network/19.3.0 Python/3.8.1 (Windows-10-10.0.22000-SP0)
    method: GET
    uri: https://management.azure.com/subscriptions/00000000-0000-0000-0000-000000000000/providers/Microsoft.Network/locations/westus/operations/a6038750-374c-4af8-b2c5-25ef7cc3ed7b?api-version=2021-05-01
  response:
    body:
      string: "{\r\n  \"status\": \"Succeeded\"\r\n}"
    headers:
      cache-control:
      - no-cache
      content-length:
      - '29'
      content-type:
      - application/json; charset=utf-8
      date:
      - Mon, 17 Jan 2022 06:32:09 GMT
      expires:
      - '-1'
      pragma:
      - no-cache
      server:
      - Microsoft-HTTPAPI/2.0
      - Microsoft-HTTPAPI/2.0
      strict-transport-security:
      - max-age=31536000; includeSubDomains
      transfer-encoding:
      - chunked
      vary:
      - Accept-Encoding
      x-content-type-options:
      - nosniff
      x-ms-arm-service-request-id:
      - 6940f2a3-8960-4b61-9fa0-6b6e3dc4fc81
    status:
      code: 200
      message: OK
- request:
    body: null
    headers:
      Accept:
      - '*/*'
      Accept-Encoding:
      - gzip, deflate
      CommandName:
      - network vnet subnet create
      Connection:
      - keep-alive
      ParameterSetName:
      - -g --vnet-name --name --address-prefixes
      User-Agent:
      - AZURECLI/2.32.0 azsdk-python-azure-mgmt-network/19.3.0 Python/3.8.1 (Windows-10-10.0.22000-SP0)
    method: GET
    uri: https://management.azure.com/subscriptions/00000000-0000-0000-0000-000000000000/resourceGroups/test_databricks_private_endpoint000001/providers/Microsoft.Network/virtualNetworks/databricks-privatelink-vnet000003?api-version=2021-05-01
  response:
    body:
      string: "{\r\n  \"name\": \"databricks-privatelink-vnet000003\",\r\n  \"id\":
        \"/subscriptions/00000000-0000-0000-0000-000000000000/resourceGroups/test_databricks_private_endpoint000001/providers/Microsoft.Network/virtualNetworks/databricks-privatelink-vnet000003\",\r\n
        \ \"etag\": \"W/\\\"986454b2-9b95-4e3a-bade-2602c813774b\\\"\",\r\n  \"type\":
        \"Microsoft.Network/virtualNetworks\",\r\n  \"location\": \"westus\",\r\n
        \ \"tags\": {},\r\n  \"properties\": {\r\n    \"provisioningState\": \"Succeeded\",\r\n
        \   \"resourceGuid\": \"34538f32-96bf-4a73-9ebd-3eca35d7f9de\",\r\n    \"addressSpace\":
        {\r\n      \"addressPrefixes\": [\r\n        \"10.0.0.0/16\"\r\n      ]\r\n
        \   },\r\n    \"dhcpOptions\": {\r\n      \"dnsServers\": []\r\n    },\r\n
        \   \"subnets\": [\r\n      {\r\n        \"name\": \"databricks-privatelink-subnet000004\",\r\n
        \       \"id\": \"/subscriptions/00000000-0000-0000-0000-000000000000/resourceGroups/test_databricks_private_endpoint000001/providers/Microsoft.Network/virtualNetworks/databricks-privatelink-vnet000003/subnets/databricks-privatelink-subnet000004\",\r\n
        \       \"etag\": \"W/\\\"986454b2-9b95-4e3a-bade-2602c813774b\\\"\",\r\n
        \       \"properties\": {\r\n          \"provisioningState\": \"Succeeded\",\r\n
        \         \"addressPrefix\": \"10.0.0.0/24\",\r\n          \"networkSecurityGroup\":
        {\r\n            \"id\": \"/subscriptions/00000000-0000-0000-0000-000000000000/resourceGroups/test_databricks_private_endpoint000001/providers/Microsoft.Network/networkSecurityGroups/nsg000002\"\r\n
        \         },\r\n          \"delegations\": [],\r\n          \"privateEndpointNetworkPolicies\":
        \"Enabled\",\r\n          \"privateLinkServiceNetworkPolicies\": \"Enabled\"\r\n
        \       },\r\n        \"type\": \"Microsoft.Network/virtualNetworks/subnets\"\r\n
        \     },\r\n      {\r\n        \"name\": \"private-subnet\",\r\n        \"id\":
        \"/subscriptions/00000000-0000-0000-0000-000000000000/resourceGroups/test_databricks_private_endpoint000001/providers/Microsoft.Network/virtualNetworks/databricks-privatelink-vnet000003/subnets/private-subnet\",\r\n
        \       \"etag\": \"W/\\\"986454b2-9b95-4e3a-bade-2602c813774b\\\"\",\r\n
        \       \"properties\": {\r\n          \"provisioningState\": \"Succeeded\",\r\n
        \         \"addressPrefix\": \"10.0.1.0/24\",\r\n          \"delegations\":
        [],\r\n          \"privateEndpointNetworkPolicies\": \"Enabled\",\r\n          \"privateLinkServiceNetworkPolicies\":
        \"Enabled\"\r\n        },\r\n        \"type\": \"Microsoft.Network/virtualNetworks/subnets\"\r\n
        \     },\r\n      {\r\n        \"name\": \"public-subnet\",\r\n        \"id\":
        \"/subscriptions/00000000-0000-0000-0000-000000000000/resourceGroups/test_databricks_private_endpoint000001/providers/Microsoft.Network/virtualNetworks/databricks-privatelink-vnet000003/subnets/public-subnet\",\r\n
        \       \"etag\": \"W/\\\"986454b2-9b95-4e3a-bade-2602c813774b\\\"\",\r\n
        \       \"properties\": {\r\n          \"provisioningState\": \"Succeeded\",\r\n
        \         \"addressPrefix\": \"10.0.2.0/24\",\r\n          \"delegations\":
        [],\r\n          \"privateEndpointNetworkPolicies\": \"Enabled\",\r\n          \"privateLinkServiceNetworkPolicies\":
        \"Enabled\"\r\n        },\r\n        \"type\": \"Microsoft.Network/virtualNetworks/subnets\"\r\n
        \     }\r\n    ],\r\n    \"virtualNetworkPeerings\": [],\r\n    \"enableDdosProtection\":
        false\r\n  }\r\n}"
    headers:
      cache-control:
      - no-cache
      content-length:
      - '3051'
      content-type:
      - application/json; charset=utf-8
      date:
      - Mon, 17 Jan 2022 06:32:09 GMT
      etag:
      - W/"986454b2-9b95-4e3a-bade-2602c813774b"
      expires:
      - '-1'
      pragma:
      - no-cache
      server:
      - Microsoft-HTTPAPI/2.0
      - Microsoft-HTTPAPI/2.0
      strict-transport-security:
      - max-age=31536000; includeSubDomains
      transfer-encoding:
      - chunked
      vary:
      - Accept-Encoding
      x-content-type-options:
      - nosniff
      x-ms-arm-service-request-id:
      - 16ad7b6c-801a-43b8-ae90-f18eb6a3b872
    status:
      code: 200
      message: OK
- request:
    body: null
    headers:
      Accept:
      - application/json
      Accept-Encoding:
      - gzip, deflate
      CommandName:
      - network vnet subnet update
      Connection:
      - keep-alive
      ParameterSetName:
      - -g --vnet-name --name --delegation --network-security-group
      User-Agent:
      - AZURECLI/2.32.0 azsdk-python-azure-mgmt-network/19.3.0 Python/3.8.1 (Windows-10-10.0.22000-SP0)
    method: GET
    uri: https://management.azure.com/subscriptions/00000000-0000-0000-0000-000000000000/resourceGroups/test_databricks_private_endpoint000001/providers/Microsoft.Network/virtualNetworks/databricks-privatelink-vnet000003/subnets/private-subnet?api-version=2021-05-01
  response:
    body:
      string: "{\r\n  \"name\": \"private-subnet\",\r\n  \"id\": \"/subscriptions/00000000-0000-0000-0000-000000000000/resourceGroups/test_databricks_private_endpoint000001/providers/Microsoft.Network/virtualNetworks/databricks-privatelink-vnet000003/subnets/private-subnet\",\r\n
        \ \"etag\": \"W/\\\"986454b2-9b95-4e3a-bade-2602c813774b\\\"\",\r\n  \"properties\":
        {\r\n    \"provisioningState\": \"Succeeded\",\r\n    \"addressPrefix\": \"10.0.1.0/24\",\r\n
        \   \"delegations\": [],\r\n    \"privateEndpointNetworkPolicies\": \"Enabled\",\r\n
        \   \"privateLinkServiceNetworkPolicies\": \"Enabled\"\r\n  },\r\n  \"type\":
        \"Microsoft.Network/virtualNetworks/subnets\"\r\n}"
    headers:
      cache-control:
      - no-cache
      content-length:
      - '591'
      content-type:
      - application/json; charset=utf-8
      date:
      - Mon, 17 Jan 2022 06:32:11 GMT
      etag:
      - W/"986454b2-9b95-4e3a-bade-2602c813774b"
      expires:
      - '-1'
      pragma:
      - no-cache
      server:
      - Microsoft-HTTPAPI/2.0
      - Microsoft-HTTPAPI/2.0
      strict-transport-security:
      - max-age=31536000; includeSubDomains
      transfer-encoding:
      - chunked
      vary:
      - Accept-Encoding
      x-content-type-options:
      - nosniff
      x-ms-arm-service-request-id:
      - 8d6cf0f0-c559-4c2e-bdb7-900fc2de1e2f
    status:
      code: 200
      message: OK
- request:
    body: '{"id": "/subscriptions/00000000-0000-0000-0000-000000000000/resourceGroups/test_databricks_private_endpoint000001/providers/Microsoft.Network/virtualNetworks/databricks-privatelink-vnet000003/subnets/private-subnet",
      "name": "private-subnet", "type": "Microsoft.Network/virtualNetworks/subnets",
      "properties": {"addressPrefix": "10.0.1.0/24", "networkSecurityGroup": {"id":
      "/subscriptions/00000000-0000-0000-0000-000000000000/resourceGroups/test_databricks_private_endpoint000001/providers/Microsoft.Network/networkSecurityGroups/nsg000002"},
      "delegations": [{"name": "0", "properties": {"serviceName": "Microsoft.Databricks/workspaces"}}],
      "privateEndpointNetworkPolicies": "Enabled", "privateLinkServiceNetworkPolicies":
      "Enabled"}}'
    headers:
      Accept:
      - application/json
      Accept-Encoding:
      - gzip, deflate
      CommandName:
      - network vnet subnet update
      Connection:
      - keep-alive
      Content-Length:
      - '735'
      Content-Type:
      - application/json
      ParameterSetName:
      - -g --vnet-name --name --delegation --network-security-group
      User-Agent:
      - AZURECLI/2.32.0 azsdk-python-azure-mgmt-network/19.3.0 Python/3.8.1 (Windows-10-10.0.22000-SP0)
    method: PUT
    uri: https://management.azure.com/subscriptions/00000000-0000-0000-0000-000000000000/resourceGroups/test_databricks_private_endpoint000001/providers/Microsoft.Network/virtualNetworks/databricks-privatelink-vnet000003/subnets/private-subnet?api-version=2021-05-01
  response:
    body:
      string: "{\r\n  \"name\": \"private-subnet\",\r\n  \"id\": \"/subscriptions/00000000-0000-0000-0000-000000000000/resourceGroups/test_databricks_private_endpoint000001/providers/Microsoft.Network/virtualNetworks/databricks-privatelink-vnet000003/subnets/private-subnet\",\r\n
        \ \"etag\": \"W/\\\"b7dcfc99-41dc-4d89-abf9-ecaaa930fd1d\\\"\",\r\n  \"properties\":
        {\r\n    \"provisioningState\": \"Updating\",\r\n    \"addressPrefix\": \"10.0.1.0/24\",\r\n
        \   \"networkSecurityGroup\": {\r\n      \"id\": \"/subscriptions/00000000-0000-0000-0000-000000000000/resourceGroups/test_databricks_private_endpoint000001/providers/Microsoft.Network/networkSecurityGroups/nsg000002\"\r\n
        \   },\r\n    \"delegations\": [\r\n      {\r\n        \"name\": \"0\",\r\n
        \       \"id\": \"/subscriptions/00000000-0000-0000-0000-000000000000/resourceGroups/test_databricks_private_endpoint000001/providers/Microsoft.Network/virtualNetworks/databricks-privatelink-vnet000003/subnets/private-subnet/delegations/0\",\r\n
        \       \"etag\": \"W/\\\"b7dcfc99-41dc-4d89-abf9-ecaaa930fd1d\\\"\",\r\n
        \       \"properties\": {\r\n          \"provisioningState\": \"Succeeded\",\r\n
        \         \"serviceName\": \"Microsoft.Databricks/workspaces\",\r\n          \"actions\":
        [\r\n            \"Microsoft.Network/virtualNetworks/subnets/join/action\",\r\n
        \           \"Microsoft.Network/virtualNetworks/subnets/prepareNetworkPolicies/action\",\r\n
        \           \"Microsoft.Network/virtualNetworks/subnets/unprepareNetworkPolicies/action\"\r\n
        \         ]\r\n        },\r\n        \"type\": \"Microsoft.Network/virtualNetworks/subnets/delegations\"\r\n
        \     }\r\n    ],\r\n    \"privateEndpointNetworkPolicies\": \"Enabled\",\r\n
        \   \"privateLinkServiceNetworkPolicies\": \"Enabled\"\r\n  },\r\n  \"type\":
        \"Microsoft.Network/virtualNetworks/subnets\"\r\n}"
    headers:
      azure-asyncoperation:
      - https://management.azure.com/subscriptions/00000000-0000-0000-0000-000000000000/providers/Microsoft.Network/locations/westus/operations/f4ed3ab7-c8a7-4a79-aa2b-dbcdfc4fcb6f?api-version=2021-05-01
      cache-control:
      - no-cache
      content-length:
      - '1658'
      content-type:
      - application/json; charset=utf-8
      date:
      - Mon, 17 Jan 2022 06:32:12 GMT
      expires:
      - '-1'
      pragma:
      - no-cache
      server:
      - Microsoft-HTTPAPI/2.0
      - Microsoft-HTTPAPI/2.0
      strict-transport-security:
      - max-age=31536000; includeSubDomains
      transfer-encoding:
      - chunked
      vary:
      - Accept-Encoding
      x-content-type-options:
      - nosniff
      x-ms-arm-service-request-id:
      - 3b029fef-914d-435f-9e66-b2bbf28c6feb
      x-ms-ratelimit-remaining-subscription-writes:
      - '1199'
    status:
      code: 200
      message: OK
- request:
    body: null
    headers:
      Accept:
      - '*/*'
      Accept-Encoding:
      - gzip, deflate
      CommandName:
      - network vnet subnet update
      Connection:
      - keep-alive
      ParameterSetName:
      - -g --vnet-name --name --delegation --network-security-group
      User-Agent:
      - AZURECLI/2.32.0 azsdk-python-azure-mgmt-network/19.3.0 Python/3.8.1 (Windows-10-10.0.22000-SP0)
    method: GET
    uri: https://management.azure.com/subscriptions/00000000-0000-0000-0000-000000000000/providers/Microsoft.Network/locations/westus/operations/f4ed3ab7-c8a7-4a79-aa2b-dbcdfc4fcb6f?api-version=2021-05-01
  response:
    body:
      string: "{\r\n  \"status\": \"Succeeded\"\r\n}"
    headers:
      cache-control:
      - no-cache
      content-length:
      - '29'
      content-type:
      - application/json; charset=utf-8
      date:
      - Mon, 17 Jan 2022 06:32:15 GMT
      expires:
      - '-1'
      pragma:
      - no-cache
      server:
      - Microsoft-HTTPAPI/2.0
      - Microsoft-HTTPAPI/2.0
      strict-transport-security:
      - max-age=31536000; includeSubDomains
      transfer-encoding:
      - chunked
      vary:
      - Accept-Encoding
      x-content-type-options:
      - nosniff
      x-ms-arm-service-request-id:
      - 9a8e3ed0-718e-4165-ac4e-a322303c5721
    status:
      code: 200
      message: OK
- request:
    body: null
    headers:
      Accept:
      - '*/*'
      Accept-Encoding:
      - gzip, deflate
      CommandName:
      - network vnet subnet update
      Connection:
      - keep-alive
      ParameterSetName:
      - -g --vnet-name --name --delegation --network-security-group
      User-Agent:
      - AZURECLI/2.32.0 azsdk-python-azure-mgmt-network/19.3.0 Python/3.8.1 (Windows-10-10.0.22000-SP0)
    method: GET
    uri: https://management.azure.com/subscriptions/00000000-0000-0000-0000-000000000000/resourceGroups/test_databricks_private_endpoint000001/providers/Microsoft.Network/virtualNetworks/databricks-privatelink-vnet000003/subnets/private-subnet?api-version=2021-05-01
  response:
    body:
      string: "{\r\n  \"name\": \"private-subnet\",\r\n  \"id\": \"/subscriptions/00000000-0000-0000-0000-000000000000/resourceGroups/test_databricks_private_endpoint000001/providers/Microsoft.Network/virtualNetworks/databricks-privatelink-vnet000003/subnets/private-subnet\",\r\n
        \ \"etag\": \"W/\\\"765c16e7-5dc8-434d-807c-3f3862f6ae5b\\\"\",\r\n  \"properties\":
        {\r\n    \"provisioningState\": \"Succeeded\",\r\n    \"addressPrefix\": \"10.0.1.0/24\",\r\n
        \   \"networkSecurityGroup\": {\r\n      \"id\": \"/subscriptions/00000000-0000-0000-0000-000000000000/resourceGroups/test_databricks_private_endpoint000001/providers/Microsoft.Network/networkSecurityGroups/nsg000002\"\r\n
        \   },\r\n    \"delegations\": [\r\n      {\r\n        \"name\": \"0\",\r\n
        \       \"id\": \"/subscriptions/00000000-0000-0000-0000-000000000000/resourceGroups/test_databricks_private_endpoint000001/providers/Microsoft.Network/virtualNetworks/databricks-privatelink-vnet000003/subnets/private-subnet/delegations/0\",\r\n
        \       \"etag\": \"W/\\\"765c16e7-5dc8-434d-807c-3f3862f6ae5b\\\"\",\r\n
        \       \"properties\": {\r\n          \"provisioningState\": \"Succeeded\",\r\n
        \         \"serviceName\": \"Microsoft.Databricks/workspaces\",\r\n          \"actions\":
        [\r\n            \"Microsoft.Network/virtualNetworks/subnets/join/action\",\r\n
        \           \"Microsoft.Network/virtualNetworks/subnets/prepareNetworkPolicies/action\",\r\n
        \           \"Microsoft.Network/virtualNetworks/subnets/unprepareNetworkPolicies/action\"\r\n
        \         ]\r\n        },\r\n        \"type\": \"Microsoft.Network/virtualNetworks/subnets/delegations\"\r\n
        \     }\r\n    ],\r\n    \"privateEndpointNetworkPolicies\": \"Enabled\",\r\n
        \   \"privateLinkServiceNetworkPolicies\": \"Enabled\"\r\n  },\r\n  \"type\":
        \"Microsoft.Network/virtualNetworks/subnets\"\r\n}"
    headers:
      cache-control:
      - no-cache
      content-length:
      - '1659'
      content-type:
      - application/json; charset=utf-8
      date:
      - Mon, 17 Jan 2022 06:32:15 GMT
      etag:
      - W/"765c16e7-5dc8-434d-807c-3f3862f6ae5b"
      expires:
      - '-1'
      pragma:
      - no-cache
      server:
      - Microsoft-HTTPAPI/2.0
      - Microsoft-HTTPAPI/2.0
      strict-transport-security:
      - max-age=31536000; includeSubDomains
      transfer-encoding:
      - chunked
      vary:
      - Accept-Encoding
      x-content-type-options:
      - nosniff
      x-ms-arm-service-request-id:
      - 92c4e1b6-563c-473f-9da5-c078c90c1c9a
    status:
      code: 200
      message: OK
- request:
    body: null
    headers:
      Accept:
      - application/json
      Accept-Encoding:
      - gzip, deflate
      CommandName:
      - network vnet subnet update
      Connection:
      - keep-alive
      ParameterSetName:
      - -g --vnet-name --name --delegation --network-security-group
      User-Agent:
      - AZURECLI/2.32.0 azsdk-python-azure-mgmt-network/19.3.0 Python/3.8.1 (Windows-10-10.0.22000-SP0)
    method: GET
    uri: https://management.azure.com/subscriptions/00000000-0000-0000-0000-000000000000/resourceGroups/test_databricks_private_endpoint000001/providers/Microsoft.Network/virtualNetworks/databricks-privatelink-vnet000003/subnets/public-subnet?api-version=2021-05-01
  response:
    body:
      string: "{\r\n  \"name\": \"public-subnet\",\r\n  \"id\": \"/subscriptions/00000000-0000-0000-0000-000000000000/resourceGroups/test_databricks_private_endpoint000001/providers/Microsoft.Network/virtualNetworks/databricks-privatelink-vnet000003/subnets/public-subnet\",\r\n
        \ \"etag\": \"W/\\\"765c16e7-5dc8-434d-807c-3f3862f6ae5b\\\"\",\r\n  \"properties\":
        {\r\n    \"provisioningState\": \"Succeeded\",\r\n    \"addressPrefix\": \"10.0.2.0/24\",\r\n
        \   \"delegations\": [],\r\n    \"privateEndpointNetworkPolicies\": \"Enabled\",\r\n
        \   \"privateLinkServiceNetworkPolicies\": \"Enabled\"\r\n  },\r\n  \"type\":
        \"Microsoft.Network/virtualNetworks/subnets\"\r\n}"
    headers:
      cache-control:
      - no-cache
      content-length:
      - '589'
      content-type:
      - application/json; charset=utf-8
      date:
      - Mon, 17 Jan 2022 06:32:16 GMT
      etag:
      - W/"765c16e7-5dc8-434d-807c-3f3862f6ae5b"
      expires:
      - '-1'
      pragma:
      - no-cache
      server:
      - Microsoft-HTTPAPI/2.0
      - Microsoft-HTTPAPI/2.0
      strict-transport-security:
      - max-age=31536000; includeSubDomains
      transfer-encoding:
      - chunked
      vary:
      - Accept-Encoding
      x-content-type-options:
      - nosniff
      x-ms-arm-service-request-id:
      - 5a4ad196-54b9-46f5-8436-5c15362349f5
    status:
      code: 200
      message: OK
- request:
    body: '{"id": "/subscriptions/00000000-0000-0000-0000-000000000000/resourceGroups/test_databricks_private_endpoint000001/providers/Microsoft.Network/virtualNetworks/databricks-privatelink-vnet000003/subnets/public-subnet",
      "name": "public-subnet", "type": "Microsoft.Network/virtualNetworks/subnets",
      "properties": {"addressPrefix": "10.0.2.0/24", "networkSecurityGroup": {"id":
      "/subscriptions/00000000-0000-0000-0000-000000000000/resourceGroups/test_databricks_private_endpoint000001/providers/Microsoft.Network/networkSecurityGroups/nsg000002"},
      "delegations": [{"name": "0", "properties": {"serviceName": "Microsoft.Databricks/workspaces"}}],
      "privateEndpointNetworkPolicies": "Enabled", "privateLinkServiceNetworkPolicies":
      "Enabled"}}'
    headers:
      Accept:
      - application/json
      Accept-Encoding:
      - gzip, deflate
      CommandName:
      - network vnet subnet update
      Connection:
      - keep-alive
      Content-Length:
      - '733'
      Content-Type:
      - application/json
      ParameterSetName:
      - -g --vnet-name --name --delegation --network-security-group
      User-Agent:
      - AZURECLI/2.32.0 azsdk-python-azure-mgmt-network/19.3.0 Python/3.8.1 (Windows-10-10.0.22000-SP0)
    method: PUT
    uri: https://management.azure.com/subscriptions/00000000-0000-0000-0000-000000000000/resourceGroups/test_databricks_private_endpoint000001/providers/Microsoft.Network/virtualNetworks/databricks-privatelink-vnet000003/subnets/public-subnet?api-version=2021-05-01
  response:
    body:
      string: "{\r\n  \"name\": \"public-subnet\",\r\n  \"id\": \"/subscriptions/00000000-0000-0000-0000-000000000000/resourceGroups/test_databricks_private_endpoint000001/providers/Microsoft.Network/virtualNetworks/databricks-privatelink-vnet000003/subnets/public-subnet\",\r\n
        \ \"etag\": \"W/\\\"d9a63a98-da0b-4343-881d-c4bbb44bb1c9\\\"\",\r\n  \"properties\":
        {\r\n    \"provisioningState\": \"Updating\",\r\n    \"addressPrefix\": \"10.0.2.0/24\",\r\n
        \   \"networkSecurityGroup\": {\r\n      \"id\": \"/subscriptions/00000000-0000-0000-0000-000000000000/resourceGroups/test_databricks_private_endpoint000001/providers/Microsoft.Network/networkSecurityGroups/nsg000002\"\r\n
        \   },\r\n    \"delegations\": [\r\n      {\r\n        \"name\": \"0\",\r\n
        \       \"id\": \"/subscriptions/00000000-0000-0000-0000-000000000000/resourceGroups/test_databricks_private_endpoint000001/providers/Microsoft.Network/virtualNetworks/databricks-privatelink-vnet000003/subnets/public-subnet/delegations/0\",\r\n
        \       \"etag\": \"W/\\\"d9a63a98-da0b-4343-881d-c4bbb44bb1c9\\\"\",\r\n
        \       \"properties\": {\r\n          \"provisioningState\": \"Succeeded\",\r\n
        \         \"serviceName\": \"Microsoft.Databricks/workspaces\",\r\n          \"actions\":
        [\r\n            \"Microsoft.Network/virtualNetworks/subnets/join/action\",\r\n
        \           \"Microsoft.Network/virtualNetworks/subnets/prepareNetworkPolicies/action\",\r\n
        \           \"Microsoft.Network/virtualNetworks/subnets/unprepareNetworkPolicies/action\"\r\n
        \         ]\r\n        },\r\n        \"type\": \"Microsoft.Network/virtualNetworks/subnets/delegations\"\r\n
        \     }\r\n    ],\r\n    \"privateEndpointNetworkPolicies\": \"Enabled\",\r\n
        \   \"privateLinkServiceNetworkPolicies\": \"Enabled\"\r\n  },\r\n  \"type\":
        \"Microsoft.Network/virtualNetworks/subnets\"\r\n}"
    headers:
      azure-asyncoperation:
      - https://management.azure.com/subscriptions/00000000-0000-0000-0000-000000000000/providers/Microsoft.Network/locations/westus/operations/2b9fe53e-dcc2-4a4f-b001-356d9800e23b?api-version=2021-05-01
      cache-control:
      - no-cache
      content-length:
      - '1655'
      content-type:
      - application/json; charset=utf-8
      date:
      - Mon, 17 Jan 2022 06:32:17 GMT
      expires:
      - '-1'
      pragma:
      - no-cache
      server:
      - Microsoft-HTTPAPI/2.0
      - Microsoft-HTTPAPI/2.0
      strict-transport-security:
      - max-age=31536000; includeSubDomains
      transfer-encoding:
      - chunked
      vary:
      - Accept-Encoding
      x-content-type-options:
      - nosniff
      x-ms-arm-service-request-id:
      - 694e9c57-9807-4bbf-9b21-1ae335bbbb88
      x-ms-ratelimit-remaining-subscription-writes:
      - '1199'
    status:
      code: 200
      message: OK
- request:
    body: null
    headers:
      Accept:
      - '*/*'
      Accept-Encoding:
      - gzip, deflate
      CommandName:
      - network vnet subnet update
      Connection:
      - keep-alive
      ParameterSetName:
      - -g --vnet-name --name --delegation --network-security-group
      User-Agent:
      - AZURECLI/2.32.0 azsdk-python-azure-mgmt-network/19.3.0 Python/3.8.1 (Windows-10-10.0.22000-SP0)
    method: GET
    uri: https://management.azure.com/subscriptions/00000000-0000-0000-0000-000000000000/providers/Microsoft.Network/locations/westus/operations/2b9fe53e-dcc2-4a4f-b001-356d9800e23b?api-version=2021-05-01
  response:
    body:
      string: "{\r\n  \"status\": \"Succeeded\"\r\n}"
    headers:
      cache-control:
      - no-cache
      content-length:
      - '29'
      content-type:
      - application/json; charset=utf-8
      date:
      - Mon, 17 Jan 2022 06:32:20 GMT
      expires:
      - '-1'
      pragma:
      - no-cache
      server:
      - Microsoft-HTTPAPI/2.0
      - Microsoft-HTTPAPI/2.0
      strict-transport-security:
      - max-age=31536000; includeSubDomains
      transfer-encoding:
      - chunked
      vary:
      - Accept-Encoding
      x-content-type-options:
      - nosniff
      x-ms-arm-service-request-id:
      - fd7ce9cf-aa04-492d-9b25-7dc5ba2bbb33
    status:
      code: 200
      message: OK
- request:
    body: null
    headers:
      Accept:
      - '*/*'
      Accept-Encoding:
      - gzip, deflate
      CommandName:
      - network vnet subnet update
      Connection:
      - keep-alive
      ParameterSetName:
      - -g --vnet-name --name --delegation --network-security-group
      User-Agent:
      - AZURECLI/2.32.0 azsdk-python-azure-mgmt-network/19.3.0 Python/3.8.1 (Windows-10-10.0.22000-SP0)
    method: GET
    uri: https://management.azure.com/subscriptions/00000000-0000-0000-0000-000000000000/resourceGroups/test_databricks_private_endpoint000001/providers/Microsoft.Network/virtualNetworks/databricks-privatelink-vnet000003/subnets/public-subnet?api-version=2021-05-01
  response:
    body:
      string: "{\r\n  \"name\": \"public-subnet\",\r\n  \"id\": \"/subscriptions/00000000-0000-0000-0000-000000000000/resourceGroups/test_databricks_private_endpoint000001/providers/Microsoft.Network/virtualNetworks/databricks-privatelink-vnet000003/subnets/public-subnet\",\r\n
        \ \"etag\": \"W/\\\"7942b0f7-b525-4ce1-a0e0-26bdfc9aafc3\\\"\",\r\n  \"properties\":
        {\r\n    \"provisioningState\": \"Succeeded\",\r\n    \"addressPrefix\": \"10.0.2.0/24\",\r\n
        \   \"networkSecurityGroup\": {\r\n      \"id\": \"/subscriptions/00000000-0000-0000-0000-000000000000/resourceGroups/test_databricks_private_endpoint000001/providers/Microsoft.Network/networkSecurityGroups/nsg000002\"\r\n
        \   },\r\n    \"delegations\": [\r\n      {\r\n        \"name\": \"0\",\r\n
        \       \"id\": \"/subscriptions/00000000-0000-0000-0000-000000000000/resourceGroups/test_databricks_private_endpoint000001/providers/Microsoft.Network/virtualNetworks/databricks-privatelink-vnet000003/subnets/public-subnet/delegations/0\",\r\n
        \       \"etag\": \"W/\\\"7942b0f7-b525-4ce1-a0e0-26bdfc9aafc3\\\"\",\r\n
        \       \"properties\": {\r\n          \"provisioningState\": \"Succeeded\",\r\n
        \         \"serviceName\": \"Microsoft.Databricks/workspaces\",\r\n          \"actions\":
        [\r\n            \"Microsoft.Network/virtualNetworks/subnets/join/action\",\r\n
        \           \"Microsoft.Network/virtualNetworks/subnets/prepareNetworkPolicies/action\",\r\n
        \           \"Microsoft.Network/virtualNetworks/subnets/unprepareNetworkPolicies/action\"\r\n
        \         ]\r\n        },\r\n        \"type\": \"Microsoft.Network/virtualNetworks/subnets/delegations\"\r\n
        \     }\r\n    ],\r\n    \"privateEndpointNetworkPolicies\": \"Enabled\",\r\n
        \   \"privateLinkServiceNetworkPolicies\": \"Enabled\"\r\n  },\r\n  \"type\":
        \"Microsoft.Network/virtualNetworks/subnets\"\r\n}"
    headers:
      cache-control:
      - no-cache
      content-length:
      - '1656'
      content-type:
      - application/json; charset=utf-8
      date:
      - Mon, 17 Jan 2022 06:32:21 GMT
      etag:
      - W/"7942b0f7-b525-4ce1-a0e0-26bdfc9aafc3"
      expires:
      - '-1'
      pragma:
      - no-cache
      server:
      - Microsoft-HTTPAPI/2.0
      - Microsoft-HTTPAPI/2.0
      strict-transport-security:
      - max-age=31536000; includeSubDomains
      transfer-encoding:
      - chunked
      vary:
      - Accept-Encoding
      x-content-type-options:
      - nosniff
      x-ms-arm-service-request-id:
      - bd53f5e7-ea13-406e-a5cb-c2a40cca4daf
    status:
      code: 200
      message: OK
- request:
    body: null
    headers:
      Accept:
      - application/json
      Accept-Encoding:
      - gzip, deflate
      CommandName:
      - network vnet subnet update
      Connection:
      - keep-alive
      ParameterSetName:
      - -g --vnet-name --name --disable-private-endpoint-network-policies
      User-Agent:
      - AZURECLI/2.32.0 azsdk-python-azure-mgmt-network/19.3.0 Python/3.8.1 (Windows-10-10.0.22000-SP0)
    method: GET
    uri: https://management.azure.com/subscriptions/00000000-0000-0000-0000-000000000000/resourceGroups/test_databricks_private_endpoint000001/providers/Microsoft.Network/virtualNetworks/databricks-privatelink-vnet000003/subnets/databricks-privatelink-subnet000004?api-version=2021-05-01
  response:
    body:
      string: "{\r\n  \"name\": \"databricks-privatelink-subnet000004\",\r\n  \"id\":
        \"/subscriptions/00000000-0000-0000-0000-000000000000/resourceGroups/test_databricks_private_endpoint000001/providers/Microsoft.Network/virtualNetworks/databricks-privatelink-vnet000003/subnets/databricks-privatelink-subnet000004\",\r\n
        \ \"etag\": \"W/\\\"7942b0f7-b525-4ce1-a0e0-26bdfc9aafc3\\\"\",\r\n  \"properties\":
        {\r\n    \"provisioningState\": \"Succeeded\",\r\n    \"addressPrefix\": \"10.0.0.0/24\",\r\n
        \   \"networkSecurityGroup\": {\r\n      \"id\": \"/subscriptions/00000000-0000-0000-0000-000000000000/resourceGroups/test_databricks_private_endpoint000001/providers/Microsoft.Network/networkSecurityGroups/nsg000002\"\r\n
        \   },\r\n    \"delegations\": [],\r\n    \"privateEndpointNetworkPolicies\":
        \"Enabled\",\r\n    \"privateLinkServiceNetworkPolicies\": \"Enabled\"\r\n
        \ },\r\n  \"type\": \"Microsoft.Network/virtualNetworks/subnets\"\r\n}"
    headers:
      cache-control:
      - no-cache
      content-length:
      - '853'
      content-type:
      - application/json; charset=utf-8
      date:
      - Mon, 17 Jan 2022 06:32:21 GMT
      etag:
      - W/"7942b0f7-b525-4ce1-a0e0-26bdfc9aafc3"
      expires:
      - '-1'
      pragma:
      - no-cache
      server:
      - Microsoft-HTTPAPI/2.0
      - Microsoft-HTTPAPI/2.0
      strict-transport-security:
      - max-age=31536000; includeSubDomains
      transfer-encoding:
      - chunked
      vary:
      - Accept-Encoding
      x-content-type-options:
      - nosniff
      x-ms-arm-service-request-id:
      - dc73cf2f-f3ed-4f2a-bdbe-5744252a54dc
    status:
      code: 200
      message: OK
- request:
    body: '{"id": "/subscriptions/00000000-0000-0000-0000-000000000000/resourceGroups/test_databricks_private_endpoint000001/providers/Microsoft.Network/virtualNetworks/databricks-privatelink-vnet000003/subnets/databricks-privatelink-subnet000004",
      "name": "databricks-privatelink-subnet000004", "type": "Microsoft.Network/virtualNetworks/subnets",
      "properties": {"addressPrefix": "10.0.0.0/24", "networkSecurityGroup": {"id":
      "/subscriptions/00000000-0000-0000-0000-000000000000/resourceGroups/test_databricks_private_endpoint000001/providers/Microsoft.Network/networkSecurityGroups/nsg000002"},
      "delegations": [], "privateEndpointNetworkPolicies": "Disabled", "privateLinkServiceNetworkPolicies":
      "Enabled"}}'
    headers:
      Accept:
      - application/json
      Accept-Encoding:
      - gzip, deflate
      CommandName:
      - network vnet subnet update
      Connection:
      - keep-alive
      Content-Length:
      - '699'
      Content-Type:
      - application/json
      ParameterSetName:
      - -g --vnet-name --name --disable-private-endpoint-network-policies
      User-Agent:
      - AZURECLI/2.32.0 azsdk-python-azure-mgmt-network/19.3.0 Python/3.8.1 (Windows-10-10.0.22000-SP0)
    method: PUT
    uri: https://management.azure.com/subscriptions/00000000-0000-0000-0000-000000000000/resourceGroups/test_databricks_private_endpoint000001/providers/Microsoft.Network/virtualNetworks/databricks-privatelink-vnet000003/subnets/databricks-privatelink-subnet000004?api-version=2021-05-01
  response:
    body:
      string: "{\r\n  \"name\": \"databricks-privatelink-subnet000004\",\r\n  \"id\":
        \"/subscriptions/00000000-0000-0000-0000-000000000000/resourceGroups/test_databricks_private_endpoint000001/providers/Microsoft.Network/virtualNetworks/databricks-privatelink-vnet000003/subnets/databricks-privatelink-subnet000004\",\r\n
        \ \"etag\": \"W/\\\"b331a56a-141e-4e38-93fc-ace38e8d699c\\\"\",\r\n  \"properties\":
        {\r\n    \"provisioningState\": \"Updating\",\r\n    \"addressPrefix\": \"10.0.0.0/24\",\r\n
        \   \"networkSecurityGroup\": {\r\n      \"id\": \"/subscriptions/00000000-0000-0000-0000-000000000000/resourceGroups/test_databricks_private_endpoint000001/providers/Microsoft.Network/networkSecurityGroups/nsg000002\"\r\n
        \   },\r\n    \"delegations\": [],\r\n    \"privateEndpointNetworkPolicies\":
        \"Disabled\",\r\n    \"privateLinkServiceNetworkPolicies\": \"Enabled\"\r\n
        \ },\r\n  \"type\": \"Microsoft.Network/virtualNetworks/subnets\"\r\n}"
    headers:
      azure-asyncoperation:
      - https://management.azure.com/subscriptions/00000000-0000-0000-0000-000000000000/providers/Microsoft.Network/locations/westus/operations/2c48948f-f87d-42a2-9c90-ae7436606e06?api-version=2021-05-01
      cache-control:
      - no-cache
      content-length:
      - '853'
      content-type:
      - application/json; charset=utf-8
      date:
      - Mon, 17 Jan 2022 06:32:22 GMT
      expires:
      - '-1'
      pragma:
      - no-cache
      server:
      - Microsoft-HTTPAPI/2.0
      - Microsoft-HTTPAPI/2.0
      strict-transport-security:
      - max-age=31536000; includeSubDomains
      transfer-encoding:
      - chunked
      vary:
      - Accept-Encoding
      x-content-type-options:
      - nosniff
      x-ms-arm-service-request-id:
      - 16630b08-2bc7-47e0-9899-960d246e0aaa
      x-ms-ratelimit-remaining-subscription-writes:
      - '1199'
    status:
      code: 200
      message: OK
- request:
    body: null
    headers:
      Accept:
      - '*/*'
      Accept-Encoding:
      - gzip, deflate
      CommandName:
      - network vnet subnet update
      Connection:
      - keep-alive
      ParameterSetName:
      - -g --vnet-name --name --disable-private-endpoint-network-policies
      User-Agent:
      - AZURECLI/2.32.0 azsdk-python-azure-mgmt-network/19.3.0 Python/3.8.1 (Windows-10-10.0.22000-SP0)
    method: GET
    uri: https://management.azure.com/subscriptions/00000000-0000-0000-0000-000000000000/providers/Microsoft.Network/locations/westus/operations/2c48948f-f87d-42a2-9c90-ae7436606e06?api-version=2021-05-01
  response:
    body:
      string: "{\r\n  \"status\": \"Succeeded\"\r\n}"
    headers:
      cache-control:
      - no-cache
      content-length:
      - '29'
      content-type:
      - application/json; charset=utf-8
      date:
      - Mon, 17 Jan 2022 06:32:26 GMT
      expires:
      - '-1'
      pragma:
      - no-cache
      server:
      - Microsoft-HTTPAPI/2.0
      - Microsoft-HTTPAPI/2.0
      strict-transport-security:
      - max-age=31536000; includeSubDomains
      transfer-encoding:
      - chunked
      vary:
      - Accept-Encoding
      x-content-type-options:
      - nosniff
      x-ms-arm-service-request-id:
      - aa6ac0d8-b0af-45d1-b12b-00b2b0330d02
    status:
      code: 200
      message: OK
- request:
    body: null
    headers:
      Accept:
      - '*/*'
      Accept-Encoding:
      - gzip, deflate
      CommandName:
      - network vnet subnet update
      Connection:
      - keep-alive
      ParameterSetName:
      - -g --vnet-name --name --disable-private-endpoint-network-policies
      User-Agent:
      - AZURECLI/2.32.0 azsdk-python-azure-mgmt-network/19.3.0 Python/3.8.1 (Windows-10-10.0.22000-SP0)
    method: GET
    uri: https://management.azure.com/subscriptions/00000000-0000-0000-0000-000000000000/resourceGroups/test_databricks_private_endpoint000001/providers/Microsoft.Network/virtualNetworks/databricks-privatelink-vnet000003/subnets/databricks-privatelink-subnet000004?api-version=2021-05-01
  response:
    body:
      string: "{\r\n  \"name\": \"databricks-privatelink-subnet000004\",\r\n  \"id\":
        \"/subscriptions/00000000-0000-0000-0000-000000000000/resourceGroups/test_databricks_private_endpoint000001/providers/Microsoft.Network/virtualNetworks/databricks-privatelink-vnet000003/subnets/databricks-privatelink-subnet000004\",\r\n
        \ \"etag\": \"W/\\\"0ff7ec4f-15f2-4085-a23b-d8c878128804\\\"\",\r\n  \"properties\":
        {\r\n    \"provisioningState\": \"Succeeded\",\r\n    \"addressPrefix\": \"10.0.0.0/24\",\r\n
        \   \"networkSecurityGroup\": {\r\n      \"id\": \"/subscriptions/00000000-0000-0000-0000-000000000000/resourceGroups/test_databricks_private_endpoint000001/providers/Microsoft.Network/networkSecurityGroups/nsg000002\"\r\n
        \   },\r\n    \"delegations\": [],\r\n    \"privateEndpointNetworkPolicies\":
        \"Disabled\",\r\n    \"privateLinkServiceNetworkPolicies\": \"Enabled\"\r\n
        \ },\r\n  \"type\": \"Microsoft.Network/virtualNetworks/subnets\"\r\n}"
    headers:
      cache-control:
      - no-cache
      content-length:
      - '854'
      content-type:
      - application/json; charset=utf-8
      date:
      - Mon, 17 Jan 2022 06:32:26 GMT
      etag:
      - W/"0ff7ec4f-15f2-4085-a23b-d8c878128804"
      expires:
      - '-1'
      pragma:
      - no-cache
      server:
      - Microsoft-HTTPAPI/2.0
      - Microsoft-HTTPAPI/2.0
      strict-transport-security:
      - max-age=31536000; includeSubDomains
      transfer-encoding:
      - chunked
      vary:
      - Accept-Encoding
      x-content-type-options:
      - nosniff
      x-ms-arm-service-request-id:
      - 6f07ec37-5157-4e4c-844c-0911f02583dd
    status:
      code: 200
      message: OK
- request:
    body: '{"location": "westus", "sku": {"name": "premium"}, "properties": {"managedResourceGroupId":
      "/subscriptions/00000000-0000-0000-0000-000000000000/resourceGroups/databricks-rg-test-workspace-0pwzb2hwqsz77",
      "parameters": {"customVirtualNetworkId": {"value": "/subscriptions/00000000-0000-0000-0000-000000000000/resourceGroups/test_databricks_private_endpoint000001/providers/Microsoft.Network/virtualNetworks/databricks-privatelink-vnet000003"},
      "customPublicSubnetName": {"value": "public-subnet"}, "customPrivateSubnetName":
      {"value": "private-subnet"}}}}'
    headers:
      Accept:
      - application/json
      Accept-Encoding:
      - gzip, deflate
      CommandName:
      - databricks workspace create
      Connection:
      - keep-alive
      Content-Length:
      - '555'
      Content-Type:
      - application/json
      ParameterSetName:
      - --name --resource-group --sku --private-subnet --public-subnet --vnet --location
      User-Agent:
      - AZURECLI/2.32.0 azsdk-python-mgmt-databricks/1.0.0 Python/3.8.1 (Windows-10-10.0.22000-SP0)
    method: PUT
    uri: https://management.azure.com/subscriptions/00000000-0000-0000-0000-000000000000/resourceGroups/test_databricks_private_endpoint000001/providers/Microsoft.Databricks/workspaces/test-workspace?api-version=2018-04-01
  response:
    body:
      string: '{"properties":{"managedResourceGroupId":"/subscriptions/00000000-0000-0000-0000-000000000000/resourceGroups/databricks-rg-test-workspace-0pwzb2hwqsz77","provisioningState":"Accepted","authorizations":[{"principalId":"9a74af6f-d153-4348-988a-e2672920bee9","roleDefinitionId":"8e3af657-a8ff-443c-a75c-2fe8c4bcb635"}],"createdBy":{"oid":"674368bb-7eaa-4100-aef7-138f65f50648","puid":"10032001C021F1B6","applicationId":"04b07795-8ddb-461a-bbee-02f9e1bf7b46"},"updatedBy":{"oid":"674368bb-7eaa-4100-aef7-138f65f50648","puid":"10032001C021F1B6","applicationId":"04b07795-8ddb-461a-bbee-02f9e1bf7b46"},"createdDateTime":"2022-01-17T06:32:33.5314059Z"},"id":"/subscriptions/00000000-0000-0000-0000-000000000000/resourceGroups/test_databricks_private_endpoint000001/providers/Microsoft.Databricks/workspaces/test-workspace","name":"test-workspace","type":"Microsoft.Databricks/workspaces","sku":{"name":"premium"},"location":"westus"}'
    headers:
      azure-asyncoperation:
      - https://management.azure.com/subscriptions/00000000-0000-0000-0000-000000000000/resourceGroups/test_databricks_private_endpoint000001/providers/Microsoft.Databricks/locations/westus/operationStatuses/eyJmdWxseVF1YWxpZmllZEFwcGxpYW5jZUlkIjoiL3N1YnNjcmlwdGlvbnMvMGIxZjY0NzEtMWJmMC00ZGRhLWFlYzMtY2I5MjcyZjA5NTkwL3Jlc291cmNlR3JvdXBzL3Rlc3RfZGF0YWJyaWNrc19wcml2YXRlX2VuZHBvaW50d3lheGRja24vcHJvdmlkZXJzL01pY3Jvc29mdC5EYXRhYnJpY2tzL3dvcmtzcGFjZXMvdGVzdC13b3Jrc3BhY2UiLCJqb2JJZCI6IkFwcGxpYW5jZVByb3Zpc2lvbmluZ0pvYjoyRFJHQToyRFRFU1Q6M0E1RkRBVEFCUklDS1M6M0E1RlBSSVZBVEU6M0E1RkVORFBPSU5UV1lBWERDS046MkRURVNUOjNBMkRXT1JLU1BBQ0UifQ?api-version=2018-04-01
      cache-control:
      - no-cache
      content-length:
      - '925'
      content-type:
      - application/json; charset=utf-8
      date:
      - Mon, 17 Jan 2022 06:32:34 GMT
      expires:
      - '-1'
      pragma:
      - no-cache
      strict-transport-security:
      - max-age=31536000; includeSubDomains
      x-content-type-options:
      - nosniff
      x-ms-ratelimit-remaining-subscription-resource-requests:
      - '149'
    status:
      code: 201
      message: Created
- request:
    body: null
    headers:
      Accept:
      - '*/*'
      Accept-Encoding:
      - gzip, deflate
      CommandName:
      - databricks workspace create
      Connection:
      - keep-alive
      ParameterSetName:
      - --name --resource-group --sku --private-subnet --public-subnet --vnet --location
      User-Agent:
      - AZURECLI/2.32.0 azsdk-python-mgmt-databricks/1.0.0 Python/3.8.1 (Windows-10-10.0.22000-SP0)
    method: GET
    uri: https://management.azure.com/subscriptions/00000000-0000-0000-0000-000000000000/resourceGroups/test_databricks_private_endpoint000001/providers/Microsoft.Databricks/locations/westus/operationStatuses/eyJmdWxseVF1YWxpZmllZEFwcGxpYW5jZUlkIjoiL3N1YnNjcmlwdGlvbnMvMGIxZjY0NzEtMWJmMC00ZGRhLWFlYzMtY2I5MjcyZjA5NTkwL3Jlc291cmNlR3JvdXBzL3Rlc3RfZGF0YWJyaWNrc19wcml2YXRlX2VuZHBvaW50d3lheGRja24vcHJvdmlkZXJzL01pY3Jvc29mdC5EYXRhYnJpY2tzL3dvcmtzcGFjZXMvdGVzdC13b3Jrc3BhY2UiLCJqb2JJZCI6IkFwcGxpYW5jZVByb3Zpc2lvbmluZ0pvYjoyRFJHQToyRFRFU1Q6M0E1RkRBVEFCUklDS1M6M0E1RlBSSVZBVEU6M0E1RkVORFBPSU5UV1lBWERDS046MkRURVNUOjNBMkRXT1JLU1BBQ0UifQ?api-version=2018-04-01
  response:
    body:
      string: '{"status":"Accepted"}'
    headers:
      cache-control:
      - no-cache
      content-length:
      - '21'
      content-type:
      - application/json; charset=utf-8
      date:
      - Mon, 17 Jan 2022 06:32:49 GMT
      expires:
      - '-1'
      location:
      - https://management.azure.com/subscriptions/00000000-0000-0000-0000-000000000000/resourceGroups/test_databricks_private_endpoint000001/providers/Microsoft.Databricks/locations/westus/operationStatuses/eyJmdWxseVF1YWxpZmllZEFwcGxpYW5jZUlkIjoiL3N1YnNjcmlwdGlvbnMvMGIxZjY0NzEtMWJmMC00ZGRhLWFlYzMtY2I5MjcyZjA5NTkwL3Jlc291cmNlR3JvdXBzL3Rlc3RfZGF0YWJyaWNrc19wcml2YXRlX2VuZHBvaW50d3lheGRja24vcHJvdmlkZXJzL01pY3Jvc29mdC5EYXRhYnJpY2tzL3dvcmtzcGFjZXMvdGVzdC13b3Jrc3BhY2UiLCJqb2JJZCI6IkFwcGxpYW5jZVByb3Zpc2lvbmluZ0pvYjoyRFJHQToyRFRFU1Q6M0E1RkRBVEFCUklDS1M6M0E1RlBSSVZBVEU6M0E1RkVORFBPSU5UV1lBWERDS046MkRURVNUOjNBMkRXT1JLU1BBQ0UifQ?api-version=2018-04-01
      pragma:
      - no-cache
      strict-transport-security:
      - max-age=31536000; includeSubDomains
      x-content-type-options:
      - nosniff
    status:
      code: 202
      message: Accepted
- request:
    body: null
    headers:
      Accept:
      - '*/*'
      Accept-Encoding:
      - gzip, deflate
      CommandName:
      - databricks workspace create
      Connection:
      - keep-alive
      ParameterSetName:
      - --name --resource-group --sku --private-subnet --public-subnet --vnet --location
      User-Agent:
      - AZURECLI/2.32.0 azsdk-python-mgmt-databricks/1.0.0 Python/3.8.1 (Windows-10-10.0.22000-SP0)
    method: GET
    uri: https://management.azure.com/subscriptions/00000000-0000-0000-0000-000000000000/resourceGroups/test_databricks_private_endpoint000001/providers/Microsoft.Databricks/locations/westus/operationStatuses/eyJmdWxseVF1YWxpZmllZEFwcGxpYW5jZUlkIjoiL3N1YnNjcmlwdGlvbnMvMGIxZjY0NzEtMWJmMC00ZGRhLWFlYzMtY2I5MjcyZjA5NTkwL3Jlc291cmNlR3JvdXBzL3Rlc3RfZGF0YWJyaWNrc19wcml2YXRlX2VuZHBvaW50d3lheGRja24vcHJvdmlkZXJzL01pY3Jvc29mdC5EYXRhYnJpY2tzL3dvcmtzcGFjZXMvdGVzdC13b3Jrc3BhY2UiLCJqb2JJZCI6IkFwcGxpYW5jZVByb3Zpc2lvbmluZ0pvYjoyRFJHQToyRFRFU1Q6M0E1RkRBVEFCUklDS1M6M0E1RlBSSVZBVEU6M0E1RkVORFBPSU5UV1lBWERDS046MkRURVNUOjNBMkRXT1JLU1BBQ0UifQ?api-version=2018-04-01
  response:
    body:
      string: '{"status":"Accepted"}'
    headers:
      cache-control:
      - no-cache
      content-length:
      - '21'
      content-type:
      - application/json; charset=utf-8
      date:
      - Mon, 17 Jan 2022 06:33:04 GMT
      expires:
      - '-1'
      location:
      - https://management.azure.com/subscriptions/00000000-0000-0000-0000-000000000000/resourceGroups/test_databricks_private_endpoint000001/providers/Microsoft.Databricks/locations/westus/operationStatuses/eyJmdWxseVF1YWxpZmllZEFwcGxpYW5jZUlkIjoiL3N1YnNjcmlwdGlvbnMvMGIxZjY0NzEtMWJmMC00ZGRhLWFlYzMtY2I5MjcyZjA5NTkwL3Jlc291cmNlR3JvdXBzL3Rlc3RfZGF0YWJyaWNrc19wcml2YXRlX2VuZHBvaW50d3lheGRja24vcHJvdmlkZXJzL01pY3Jvc29mdC5EYXRhYnJpY2tzL3dvcmtzcGFjZXMvdGVzdC13b3Jrc3BhY2UiLCJqb2JJZCI6IkFwcGxpYW5jZVByb3Zpc2lvbmluZ0pvYjoyRFJHQToyRFRFU1Q6M0E1RkRBVEFCUklDS1M6M0E1RlBSSVZBVEU6M0E1RkVORFBPSU5UV1lBWERDS046MkRURVNUOjNBMkRXT1JLU1BBQ0UifQ?api-version=2018-04-01
      pragma:
      - no-cache
      strict-transport-security:
      - max-age=31536000; includeSubDomains
      x-content-type-options:
      - nosniff
    status:
      code: 202
      message: Accepted
- request:
    body: null
    headers:
      Accept:
      - '*/*'
      Accept-Encoding:
      - gzip, deflate
      CommandName:
      - databricks workspace create
      Connection:
      - keep-alive
      ParameterSetName:
      - --name --resource-group --sku --private-subnet --public-subnet --vnet --location
      User-Agent:
      - AZURECLI/2.32.0 azsdk-python-mgmt-databricks/1.0.0 Python/3.8.1 (Windows-10-10.0.22000-SP0)
    method: GET
    uri: https://management.azure.com/subscriptions/00000000-0000-0000-0000-000000000000/resourceGroups/test_databricks_private_endpoint000001/providers/Microsoft.Databricks/locations/westus/operationStatuses/eyJmdWxseVF1YWxpZmllZEFwcGxpYW5jZUlkIjoiL3N1YnNjcmlwdGlvbnMvMGIxZjY0NzEtMWJmMC00ZGRhLWFlYzMtY2I5MjcyZjA5NTkwL3Jlc291cmNlR3JvdXBzL3Rlc3RfZGF0YWJyaWNrc19wcml2YXRlX2VuZHBvaW50d3lheGRja24vcHJvdmlkZXJzL01pY3Jvc29mdC5EYXRhYnJpY2tzL3dvcmtzcGFjZXMvdGVzdC13b3Jrc3BhY2UiLCJqb2JJZCI6IkFwcGxpYW5jZVByb3Zpc2lvbmluZ0pvYjoyRFJHQToyRFRFU1Q6M0E1RkRBVEFCUklDS1M6M0E1RlBSSVZBVEU6M0E1RkVORFBPSU5UV1lBWERDS046MkRURVNUOjNBMkRXT1JLU1BBQ0UifQ?api-version=2018-04-01
  response:
    body:
      string: '{"status":"Accepted"}'
    headers:
      cache-control:
      - no-cache
      content-length:
      - '21'
      content-type:
      - application/json; charset=utf-8
      date:
      - Mon, 17 Jan 2022 06:33:20 GMT
      expires:
      - '-1'
      location:
      - https://management.azure.com/subscriptions/00000000-0000-0000-0000-000000000000/resourceGroups/test_databricks_private_endpoint000001/providers/Microsoft.Databricks/locations/westus/operationStatuses/eyJmdWxseVF1YWxpZmllZEFwcGxpYW5jZUlkIjoiL3N1YnNjcmlwdGlvbnMvMGIxZjY0NzEtMWJmMC00ZGRhLWFlYzMtY2I5MjcyZjA5NTkwL3Jlc291cmNlR3JvdXBzL3Rlc3RfZGF0YWJyaWNrc19wcml2YXRlX2VuZHBvaW50d3lheGRja24vcHJvdmlkZXJzL01pY3Jvc29mdC5EYXRhYnJpY2tzL3dvcmtzcGFjZXMvdGVzdC13b3Jrc3BhY2UiLCJqb2JJZCI6IkFwcGxpYW5jZVByb3Zpc2lvbmluZ0pvYjoyRFJHQToyRFRFU1Q6M0E1RkRBVEFCUklDS1M6M0E1RlBSSVZBVEU6M0E1RkVORFBPSU5UV1lBWERDS046MkRURVNUOjNBMkRXT1JLU1BBQ0UifQ?api-version=2018-04-01
      pragma:
      - no-cache
      strict-transport-security:
      - max-age=31536000; includeSubDomains
      x-content-type-options:
      - nosniff
    status:
      code: 202
      message: Accepted
- request:
    body: null
    headers:
      Accept:
      - '*/*'
      Accept-Encoding:
      - gzip, deflate
      CommandName:
      - databricks workspace create
      Connection:
      - keep-alive
      ParameterSetName:
      - --name --resource-group --sku --private-subnet --public-subnet --vnet --location
      User-Agent:
      - AZURECLI/2.32.0 azsdk-python-mgmt-databricks/1.0.0 Python/3.8.1 (Windows-10-10.0.22000-SP0)
    method: GET
    uri: https://management.azure.com/subscriptions/00000000-0000-0000-0000-000000000000/resourceGroups/test_databricks_private_endpoint000001/providers/Microsoft.Databricks/locations/westus/operationStatuses/eyJmdWxseVF1YWxpZmllZEFwcGxpYW5jZUlkIjoiL3N1YnNjcmlwdGlvbnMvMGIxZjY0NzEtMWJmMC00ZGRhLWFlYzMtY2I5MjcyZjA5NTkwL3Jlc291cmNlR3JvdXBzL3Rlc3RfZGF0YWJyaWNrc19wcml2YXRlX2VuZHBvaW50d3lheGRja24vcHJvdmlkZXJzL01pY3Jvc29mdC5EYXRhYnJpY2tzL3dvcmtzcGFjZXMvdGVzdC13b3Jrc3BhY2UiLCJqb2JJZCI6IkFwcGxpYW5jZVByb3Zpc2lvbmluZ0pvYjoyRFJHQToyRFRFU1Q6M0E1RkRBVEFCUklDS1M6M0E1RlBSSVZBVEU6M0E1RkVORFBPSU5UV1lBWERDS046MkRURVNUOjNBMkRXT1JLU1BBQ0UifQ?api-version=2018-04-01
  response:
    body:
      string: '{"status":"Accepted"}'
    headers:
      cache-control:
      - no-cache
      content-length:
      - '21'
      content-type:
      - application/json; charset=utf-8
      date:
      - Mon, 17 Jan 2022 06:33:36 GMT
      expires:
      - '-1'
      location:
      - https://management.azure.com/subscriptions/00000000-0000-0000-0000-000000000000/resourceGroups/test_databricks_private_endpoint000001/providers/Microsoft.Databricks/locations/westus/operationStatuses/eyJmdWxseVF1YWxpZmllZEFwcGxpYW5jZUlkIjoiL3N1YnNjcmlwdGlvbnMvMGIxZjY0NzEtMWJmMC00ZGRhLWFlYzMtY2I5MjcyZjA5NTkwL3Jlc291cmNlR3JvdXBzL3Rlc3RfZGF0YWJyaWNrc19wcml2YXRlX2VuZHBvaW50d3lheGRja24vcHJvdmlkZXJzL01pY3Jvc29mdC5EYXRhYnJpY2tzL3dvcmtzcGFjZXMvdGVzdC13b3Jrc3BhY2UiLCJqb2JJZCI6IkFwcGxpYW5jZVByb3Zpc2lvbmluZ0pvYjoyRFJHQToyRFRFU1Q6M0E1RkRBVEFCUklDS1M6M0E1RlBSSVZBVEU6M0E1RkVORFBPSU5UV1lBWERDS046MkRURVNUOjNBMkRXT1JLU1BBQ0UifQ?api-version=2018-04-01
      pragma:
      - no-cache
      strict-transport-security:
      - max-age=31536000; includeSubDomains
      x-content-type-options:
      - nosniff
    status:
      code: 202
      message: Accepted
- request:
    body: null
    headers:
      Accept:
      - '*/*'
      Accept-Encoding:
      - gzip, deflate
      CommandName:
      - databricks workspace create
      Connection:
      - keep-alive
      ParameterSetName:
      - --name --resource-group --sku --private-subnet --public-subnet --vnet --location
      User-Agent:
      - AZURECLI/2.32.0 azsdk-python-mgmt-databricks/1.0.0 Python/3.8.1 (Windows-10-10.0.22000-SP0)
    method: GET
    uri: https://management.azure.com/subscriptions/00000000-0000-0000-0000-000000000000/resourceGroups/test_databricks_private_endpoint000001/providers/Microsoft.Databricks/locations/westus/operationStatuses/eyJmdWxseVF1YWxpZmllZEFwcGxpYW5jZUlkIjoiL3N1YnNjcmlwdGlvbnMvMGIxZjY0NzEtMWJmMC00ZGRhLWFlYzMtY2I5MjcyZjA5NTkwL3Jlc291cmNlR3JvdXBzL3Rlc3RfZGF0YWJyaWNrc19wcml2YXRlX2VuZHBvaW50d3lheGRja24vcHJvdmlkZXJzL01pY3Jvc29mdC5EYXRhYnJpY2tzL3dvcmtzcGFjZXMvdGVzdC13b3Jrc3BhY2UiLCJqb2JJZCI6IkFwcGxpYW5jZVByb3Zpc2lvbmluZ0pvYjoyRFJHQToyRFRFU1Q6M0E1RkRBVEFCUklDS1M6M0E1RlBSSVZBVEU6M0E1RkVORFBPSU5UV1lBWERDS046MkRURVNUOjNBMkRXT1JLU1BBQ0UifQ?api-version=2018-04-01
  response:
    body:
      string: '{"status":"Accepted"}'
    headers:
      cache-control:
      - no-cache
      content-length:
      - '21'
      content-type:
      - application/json; charset=utf-8
      date:
      - Mon, 17 Jan 2022 06:33:51 GMT
      expires:
      - '-1'
      location:
      - https://management.azure.com/subscriptions/00000000-0000-0000-0000-000000000000/resourceGroups/test_databricks_private_endpoint000001/providers/Microsoft.Databricks/locations/westus/operationStatuses/eyJmdWxseVF1YWxpZmllZEFwcGxpYW5jZUlkIjoiL3N1YnNjcmlwdGlvbnMvMGIxZjY0NzEtMWJmMC00ZGRhLWFlYzMtY2I5MjcyZjA5NTkwL3Jlc291cmNlR3JvdXBzL3Rlc3RfZGF0YWJyaWNrc19wcml2YXRlX2VuZHBvaW50d3lheGRja24vcHJvdmlkZXJzL01pY3Jvc29mdC5EYXRhYnJpY2tzL3dvcmtzcGFjZXMvdGVzdC13b3Jrc3BhY2UiLCJqb2JJZCI6IkFwcGxpYW5jZVByb3Zpc2lvbmluZ0pvYjoyRFJHQToyRFRFU1Q6M0E1RkRBVEFCUklDS1M6M0E1RlBSSVZBVEU6M0E1RkVORFBPSU5UV1lBWERDS046MkRURVNUOjNBMkRXT1JLU1BBQ0UifQ?api-version=2018-04-01
      pragma:
      - no-cache
      strict-transport-security:
      - max-age=31536000; includeSubDomains
      x-content-type-options:
      - nosniff
    status:
      code: 202
      message: Accepted
- request:
    body: null
    headers:
      Accept:
      - '*/*'
      Accept-Encoding:
      - gzip, deflate
      CommandName:
      - databricks workspace create
      Connection:
      - keep-alive
      ParameterSetName:
      - --name --resource-group --sku --private-subnet --public-subnet --vnet --location
      User-Agent:
      - AZURECLI/2.32.0 azsdk-python-mgmt-databricks/1.0.0 Python/3.8.1 (Windows-10-10.0.22000-SP0)
    method: GET
    uri: https://management.azure.com/subscriptions/00000000-0000-0000-0000-000000000000/resourceGroups/test_databricks_private_endpoint000001/providers/Microsoft.Databricks/locations/westus/operationStatuses/eyJmdWxseVF1YWxpZmllZEFwcGxpYW5jZUlkIjoiL3N1YnNjcmlwdGlvbnMvMGIxZjY0NzEtMWJmMC00ZGRhLWFlYzMtY2I5MjcyZjA5NTkwL3Jlc291cmNlR3JvdXBzL3Rlc3RfZGF0YWJyaWNrc19wcml2YXRlX2VuZHBvaW50d3lheGRja24vcHJvdmlkZXJzL01pY3Jvc29mdC5EYXRhYnJpY2tzL3dvcmtzcGFjZXMvdGVzdC13b3Jrc3BhY2UiLCJqb2JJZCI6IkFwcGxpYW5jZVByb3Zpc2lvbmluZ0pvYjoyRFJHQToyRFRFU1Q6M0E1RkRBVEFCUklDS1M6M0E1RlBSSVZBVEU6M0E1RkVORFBPSU5UV1lBWERDS046MkRURVNUOjNBMkRXT1JLU1BBQ0UifQ?api-version=2018-04-01
  response:
    body:
      string: '{"status":"Accepted"}'
    headers:
      cache-control:
      - no-cache
      content-length:
      - '21'
      content-type:
      - application/json; charset=utf-8
      date:
      - Mon, 17 Jan 2022 06:34:06 GMT
      expires:
      - '-1'
      location:
      - https://management.azure.com/subscriptions/00000000-0000-0000-0000-000000000000/resourceGroups/test_databricks_private_endpoint000001/providers/Microsoft.Databricks/locations/westus/operationStatuses/eyJmdWxseVF1YWxpZmllZEFwcGxpYW5jZUlkIjoiL3N1YnNjcmlwdGlvbnMvMGIxZjY0NzEtMWJmMC00ZGRhLWFlYzMtY2I5MjcyZjA5NTkwL3Jlc291cmNlR3JvdXBzL3Rlc3RfZGF0YWJyaWNrc19wcml2YXRlX2VuZHBvaW50d3lheGRja24vcHJvdmlkZXJzL01pY3Jvc29mdC5EYXRhYnJpY2tzL3dvcmtzcGFjZXMvdGVzdC13b3Jrc3BhY2UiLCJqb2JJZCI6IkFwcGxpYW5jZVByb3Zpc2lvbmluZ0pvYjoyRFJHQToyRFRFU1Q6M0E1RkRBVEFCUklDS1M6M0E1RlBSSVZBVEU6M0E1RkVORFBPSU5UV1lBWERDS046MkRURVNUOjNBMkRXT1JLU1BBQ0UifQ?api-version=2018-04-01
      pragma:
      - no-cache
      strict-transport-security:
      - max-age=31536000; includeSubDomains
      x-content-type-options:
      - nosniff
    status:
      code: 202
      message: Accepted
- request:
    body: null
    headers:
      Accept:
      - '*/*'
      Accept-Encoding:
      - gzip, deflate
      CommandName:
      - databricks workspace create
      Connection:
      - keep-alive
      ParameterSetName:
      - --name --resource-group --sku --private-subnet --public-subnet --vnet --location
      User-Agent:
      - AZURECLI/2.32.0 azsdk-python-mgmt-databricks/1.0.0 Python/3.8.1 (Windows-10-10.0.22000-SP0)
    method: GET
    uri: https://management.azure.com/subscriptions/00000000-0000-0000-0000-000000000000/resourceGroups/test_databricks_private_endpoint000001/providers/Microsoft.Databricks/locations/westus/operationStatuses/eyJmdWxseVF1YWxpZmllZEFwcGxpYW5jZUlkIjoiL3N1YnNjcmlwdGlvbnMvMGIxZjY0NzEtMWJmMC00ZGRhLWFlYzMtY2I5MjcyZjA5NTkwL3Jlc291cmNlR3JvdXBzL3Rlc3RfZGF0YWJyaWNrc19wcml2YXRlX2VuZHBvaW50d3lheGRja24vcHJvdmlkZXJzL01pY3Jvc29mdC5EYXRhYnJpY2tzL3dvcmtzcGFjZXMvdGVzdC13b3Jrc3BhY2UiLCJqb2JJZCI6IkFwcGxpYW5jZVByb3Zpc2lvbmluZ0pvYjoyRFJHQToyRFRFU1Q6M0E1RkRBVEFCUklDS1M6M0E1RlBSSVZBVEU6M0E1RkVORFBPSU5UV1lBWERDS046MkRURVNUOjNBMkRXT1JLU1BBQ0UifQ?api-version=2018-04-01
  response:
    body:
      string: '{"status":"Accepted"}'
    headers:
      cache-control:
      - no-cache
      content-length:
      - '21'
      content-type:
      - application/json; charset=utf-8
      date:
      - Mon, 17 Jan 2022 06:34:21 GMT
      expires:
      - '-1'
      location:
      - https://management.azure.com/subscriptions/00000000-0000-0000-0000-000000000000/resourceGroups/test_databricks_private_endpoint000001/providers/Microsoft.Databricks/locations/westus/operationStatuses/eyJmdWxseVF1YWxpZmllZEFwcGxpYW5jZUlkIjoiL3N1YnNjcmlwdGlvbnMvMGIxZjY0NzEtMWJmMC00ZGRhLWFlYzMtY2I5MjcyZjA5NTkwL3Jlc291cmNlR3JvdXBzL3Rlc3RfZGF0YWJyaWNrc19wcml2YXRlX2VuZHBvaW50d3lheGRja24vcHJvdmlkZXJzL01pY3Jvc29mdC5EYXRhYnJpY2tzL3dvcmtzcGFjZXMvdGVzdC13b3Jrc3BhY2UiLCJqb2JJZCI6IkFwcGxpYW5jZVByb3Zpc2lvbmluZ0pvYjoyRFJHQToyRFRFU1Q6M0E1RkRBVEFCUklDS1M6M0E1RlBSSVZBVEU6M0E1RkVORFBPSU5UV1lBWERDS046MkRURVNUOjNBMkRXT1JLU1BBQ0UifQ?api-version=2018-04-01
      pragma:
      - no-cache
      strict-transport-security:
      - max-age=31536000; includeSubDomains
      x-content-type-options:
      - nosniff
    status:
      code: 202
      message: Accepted
- request:
    body: null
    headers:
      Accept:
      - '*/*'
      Accept-Encoding:
      - gzip, deflate
      CommandName:
      - databricks workspace create
      Connection:
      - keep-alive
      ParameterSetName:
      - --name --resource-group --sku --private-subnet --public-subnet --vnet --location
      User-Agent:
      - AZURECLI/2.32.0 azsdk-python-mgmt-databricks/1.0.0 Python/3.8.1 (Windows-10-10.0.22000-SP0)
    method: GET
    uri: https://management.azure.com/subscriptions/00000000-0000-0000-0000-000000000000/resourceGroups/test_databricks_private_endpoint000001/providers/Microsoft.Databricks/locations/westus/operationStatuses/eyJmdWxseVF1YWxpZmllZEFwcGxpYW5jZUlkIjoiL3N1YnNjcmlwdGlvbnMvMGIxZjY0NzEtMWJmMC00ZGRhLWFlYzMtY2I5MjcyZjA5NTkwL3Jlc291cmNlR3JvdXBzL3Rlc3RfZGF0YWJyaWNrc19wcml2YXRlX2VuZHBvaW50d3lheGRja24vcHJvdmlkZXJzL01pY3Jvc29mdC5EYXRhYnJpY2tzL3dvcmtzcGFjZXMvdGVzdC13b3Jrc3BhY2UiLCJqb2JJZCI6IkFwcGxpYW5jZVByb3Zpc2lvbmluZ0pvYjoyRFJHQToyRFRFU1Q6M0E1RkRBVEFCUklDS1M6M0E1RlBSSVZBVEU6M0E1RkVORFBPSU5UV1lBWERDS046MkRURVNUOjNBMkRXT1JLU1BBQ0UifQ?api-version=2018-04-01
  response:
    body:
      string: '{"status":"Accepted"}'
    headers:
      cache-control:
      - no-cache
      content-length:
      - '21'
      content-type:
      - application/json; charset=utf-8
      date:
      - Mon, 17 Jan 2022 06:34:36 GMT
      expires:
      - '-1'
      location:
      - https://management.azure.com/subscriptions/00000000-0000-0000-0000-000000000000/resourceGroups/test_databricks_private_endpoint000001/providers/Microsoft.Databricks/locations/westus/operationStatuses/eyJmdWxseVF1YWxpZmllZEFwcGxpYW5jZUlkIjoiL3N1YnNjcmlwdGlvbnMvMGIxZjY0NzEtMWJmMC00ZGRhLWFlYzMtY2I5MjcyZjA5NTkwL3Jlc291cmNlR3JvdXBzL3Rlc3RfZGF0YWJyaWNrc19wcml2YXRlX2VuZHBvaW50d3lheGRja24vcHJvdmlkZXJzL01pY3Jvc29mdC5EYXRhYnJpY2tzL3dvcmtzcGFjZXMvdGVzdC13b3Jrc3BhY2UiLCJqb2JJZCI6IkFwcGxpYW5jZVByb3Zpc2lvbmluZ0pvYjoyRFJHQToyRFRFU1Q6M0E1RkRBVEFCUklDS1M6M0E1RlBSSVZBVEU6M0E1RkVORFBPSU5UV1lBWERDS046MkRURVNUOjNBMkRXT1JLU1BBQ0UifQ?api-version=2018-04-01
      pragma:
      - no-cache
      strict-transport-security:
      - max-age=31536000; includeSubDomains
      x-content-type-options:
      - nosniff
    status:
      code: 202
      message: Accepted
- request:
    body: null
    headers:
      Accept:
      - '*/*'
      Accept-Encoding:
      - gzip, deflate
      CommandName:
      - databricks workspace create
      Connection:
      - keep-alive
      ParameterSetName:
      - --name --resource-group --sku --private-subnet --public-subnet --vnet --location
      User-Agent:
      - AZURECLI/2.32.0 azsdk-python-mgmt-databricks/1.0.0 Python/3.8.1 (Windows-10-10.0.22000-SP0)
    method: GET
    uri: https://management.azure.com/subscriptions/00000000-0000-0000-0000-000000000000/resourceGroups/test_databricks_private_endpoint000001/providers/Microsoft.Databricks/locations/westus/operationStatuses/eyJmdWxseVF1YWxpZmllZEFwcGxpYW5jZUlkIjoiL3N1YnNjcmlwdGlvbnMvMGIxZjY0NzEtMWJmMC00ZGRhLWFlYzMtY2I5MjcyZjA5NTkwL3Jlc291cmNlR3JvdXBzL3Rlc3RfZGF0YWJyaWNrc19wcml2YXRlX2VuZHBvaW50d3lheGRja24vcHJvdmlkZXJzL01pY3Jvc29mdC5EYXRhYnJpY2tzL3dvcmtzcGFjZXMvdGVzdC13b3Jrc3BhY2UiLCJqb2JJZCI6IkFwcGxpYW5jZVByb3Zpc2lvbmluZ0pvYjoyRFJHQToyRFRFU1Q6M0E1RkRBVEFCUklDS1M6M0E1RlBSSVZBVEU6M0E1RkVORFBPSU5UV1lBWERDS046MkRURVNUOjNBMkRXT1JLU1BBQ0UifQ?api-version=2018-04-01
  response:
    body:
      string: '{"status":"Accepted"}'
    headers:
      cache-control:
      - no-cache
      content-length:
      - '21'
      content-type:
      - application/json; charset=utf-8
      date:
      - Mon, 17 Jan 2022 06:34:52 GMT
      expires:
      - '-1'
      location:
      - https://management.azure.com/subscriptions/00000000-0000-0000-0000-000000000000/resourceGroups/test_databricks_private_endpoint000001/providers/Microsoft.Databricks/locations/westus/operationStatuses/eyJmdWxseVF1YWxpZmllZEFwcGxpYW5jZUlkIjoiL3N1YnNjcmlwdGlvbnMvMGIxZjY0NzEtMWJmMC00ZGRhLWFlYzMtY2I5MjcyZjA5NTkwL3Jlc291cmNlR3JvdXBzL3Rlc3RfZGF0YWJyaWNrc19wcml2YXRlX2VuZHBvaW50d3lheGRja24vcHJvdmlkZXJzL01pY3Jvc29mdC5EYXRhYnJpY2tzL3dvcmtzcGFjZXMvdGVzdC13b3Jrc3BhY2UiLCJqb2JJZCI6IkFwcGxpYW5jZVByb3Zpc2lvbmluZ0pvYjoyRFJHQToyRFRFU1Q6M0E1RkRBVEFCUklDS1M6M0E1RlBSSVZBVEU6M0E1RkVORFBPSU5UV1lBWERDS046MkRURVNUOjNBMkRXT1JLU1BBQ0UifQ?api-version=2018-04-01
      pragma:
      - no-cache
      strict-transport-security:
      - max-age=31536000; includeSubDomains
      x-content-type-options:
      - nosniff
    status:
      code: 202
      message: Accepted
- request:
    body: null
    headers:
      Accept:
      - '*/*'
      Accept-Encoding:
      - gzip, deflate
      CommandName:
      - databricks workspace create
      Connection:
      - keep-alive
      ParameterSetName:
      - --name --resource-group --sku --private-subnet --public-subnet --vnet --location
      User-Agent:
      - AZURECLI/2.32.0 azsdk-python-mgmt-databricks/1.0.0 Python/3.8.1 (Windows-10-10.0.22000-SP0)
    method: GET
    uri: https://management.azure.com/subscriptions/00000000-0000-0000-0000-000000000000/resourceGroups/test_databricks_private_endpoint000001/providers/Microsoft.Databricks/locations/westus/operationStatuses/eyJmdWxseVF1YWxpZmllZEFwcGxpYW5jZUlkIjoiL3N1YnNjcmlwdGlvbnMvMGIxZjY0NzEtMWJmMC00ZGRhLWFlYzMtY2I5MjcyZjA5NTkwL3Jlc291cmNlR3JvdXBzL3Rlc3RfZGF0YWJyaWNrc19wcml2YXRlX2VuZHBvaW50d3lheGRja24vcHJvdmlkZXJzL01pY3Jvc29mdC5EYXRhYnJpY2tzL3dvcmtzcGFjZXMvdGVzdC13b3Jrc3BhY2UiLCJqb2JJZCI6IkFwcGxpYW5jZVByb3Zpc2lvbmluZ0pvYjoyRFJHQToyRFRFU1Q6M0E1RkRBVEFCUklDS1M6M0E1RlBSSVZBVEU6M0E1RkVORFBPSU5UV1lBWERDS046MkRURVNUOjNBMkRXT1JLU1BBQ0UifQ?api-version=2018-04-01
  response:
    body:
      string: '{"status":"Accepted"}'
    headers:
      cache-control:
      - no-cache
      content-length:
      - '21'
      content-type:
      - application/json; charset=utf-8
      date:
      - Mon, 17 Jan 2022 06:35:07 GMT
      expires:
      - '-1'
      location:
      - https://management.azure.com/subscriptions/00000000-0000-0000-0000-000000000000/resourceGroups/test_databricks_private_endpoint000001/providers/Microsoft.Databricks/locations/westus/operationStatuses/eyJmdWxseVF1YWxpZmllZEFwcGxpYW5jZUlkIjoiL3N1YnNjcmlwdGlvbnMvMGIxZjY0NzEtMWJmMC00ZGRhLWFlYzMtY2I5MjcyZjA5NTkwL3Jlc291cmNlR3JvdXBzL3Rlc3RfZGF0YWJyaWNrc19wcml2YXRlX2VuZHBvaW50d3lheGRja24vcHJvdmlkZXJzL01pY3Jvc29mdC5EYXRhYnJpY2tzL3dvcmtzcGFjZXMvdGVzdC13b3Jrc3BhY2UiLCJqb2JJZCI6IkFwcGxpYW5jZVByb3Zpc2lvbmluZ0pvYjoyRFJHQToyRFRFU1Q6M0E1RkRBVEFCUklDS1M6M0E1RlBSSVZBVEU6M0E1RkVORFBPSU5UV1lBWERDS046MkRURVNUOjNBMkRXT1JLU1BBQ0UifQ?api-version=2018-04-01
      pragma:
      - no-cache
      strict-transport-security:
      - max-age=31536000; includeSubDomains
      x-content-type-options:
      - nosniff
    status:
      code: 202
      message: Accepted
- request:
    body: null
    headers:
      Accept:
      - '*/*'
      Accept-Encoding:
      - gzip, deflate
      CommandName:
      - databricks workspace create
      Connection:
      - keep-alive
      ParameterSetName:
      - --name --resource-group --sku --private-subnet --public-subnet --vnet --location
      User-Agent:
      - AZURECLI/2.32.0 azsdk-python-mgmt-databricks/1.0.0 Python/3.8.1 (Windows-10-10.0.22000-SP0)
    method: GET
    uri: https://management.azure.com/subscriptions/00000000-0000-0000-0000-000000000000/resourceGroups/test_databricks_private_endpoint000001/providers/Microsoft.Databricks/locations/westus/operationStatuses/eyJmdWxseVF1YWxpZmllZEFwcGxpYW5jZUlkIjoiL3N1YnNjcmlwdGlvbnMvMGIxZjY0NzEtMWJmMC00ZGRhLWFlYzMtY2I5MjcyZjA5NTkwL3Jlc291cmNlR3JvdXBzL3Rlc3RfZGF0YWJyaWNrc19wcml2YXRlX2VuZHBvaW50d3lheGRja24vcHJvdmlkZXJzL01pY3Jvc29mdC5EYXRhYnJpY2tzL3dvcmtzcGFjZXMvdGVzdC13b3Jrc3BhY2UiLCJqb2JJZCI6IkFwcGxpYW5jZVByb3Zpc2lvbmluZ0pvYjoyRFJHQToyRFRFU1Q6M0E1RkRBVEFCUklDS1M6M0E1RlBSSVZBVEU6M0E1RkVORFBPSU5UV1lBWERDS046MkRURVNUOjNBMkRXT1JLU1BBQ0UifQ?api-version=2018-04-01
  response:
    body:
      string: '{"status":"Accepted"}'
    headers:
      cache-control:
      - no-cache
      content-length:
      - '21'
      content-type:
      - application/json; charset=utf-8
      date:
      - Mon, 17 Jan 2022 06:35:23 GMT
      expires:
      - '-1'
      location:
      - https://management.azure.com/subscriptions/00000000-0000-0000-0000-000000000000/resourceGroups/test_databricks_private_endpoint000001/providers/Microsoft.Databricks/locations/westus/operationStatuses/eyJmdWxseVF1YWxpZmllZEFwcGxpYW5jZUlkIjoiL3N1YnNjcmlwdGlvbnMvMGIxZjY0NzEtMWJmMC00ZGRhLWFlYzMtY2I5MjcyZjA5NTkwL3Jlc291cmNlR3JvdXBzL3Rlc3RfZGF0YWJyaWNrc19wcml2YXRlX2VuZHBvaW50d3lheGRja24vcHJvdmlkZXJzL01pY3Jvc29mdC5EYXRhYnJpY2tzL3dvcmtzcGFjZXMvdGVzdC13b3Jrc3BhY2UiLCJqb2JJZCI6IkFwcGxpYW5jZVByb3Zpc2lvbmluZ0pvYjoyRFJHQToyRFRFU1Q6M0E1RkRBVEFCUklDS1M6M0E1RlBSSVZBVEU6M0E1RkVORFBPSU5UV1lBWERDS046MkRURVNUOjNBMkRXT1JLU1BBQ0UifQ?api-version=2018-04-01
      pragma:
      - no-cache
      strict-transport-security:
      - max-age=31536000; includeSubDomains
      x-content-type-options:
      - nosniff
    status:
      code: 202
      message: Accepted
- request:
    body: null
    headers:
      Accept:
      - '*/*'
      Accept-Encoding:
      - gzip, deflate
      CommandName:
      - databricks workspace create
      Connection:
      - keep-alive
      ParameterSetName:
      - --name --resource-group --sku --private-subnet --public-subnet --vnet --location
      User-Agent:
      - AZURECLI/2.32.0 azsdk-python-mgmt-databricks/1.0.0 Python/3.8.1 (Windows-10-10.0.22000-SP0)
    method: GET
    uri: https://management.azure.com/subscriptions/00000000-0000-0000-0000-000000000000/resourceGroups/test_databricks_private_endpoint000001/providers/Microsoft.Databricks/locations/westus/operationStatuses/eyJmdWxseVF1YWxpZmllZEFwcGxpYW5jZUlkIjoiL3N1YnNjcmlwdGlvbnMvMGIxZjY0NzEtMWJmMC00ZGRhLWFlYzMtY2I5MjcyZjA5NTkwL3Jlc291cmNlR3JvdXBzL3Rlc3RfZGF0YWJyaWNrc19wcml2YXRlX2VuZHBvaW50d3lheGRja24vcHJvdmlkZXJzL01pY3Jvc29mdC5EYXRhYnJpY2tzL3dvcmtzcGFjZXMvdGVzdC13b3Jrc3BhY2UiLCJqb2JJZCI6IkFwcGxpYW5jZVByb3Zpc2lvbmluZ0pvYjoyRFJHQToyRFRFU1Q6M0E1RkRBVEFCUklDS1M6M0E1RlBSSVZBVEU6M0E1RkVORFBPSU5UV1lBWERDS046MkRURVNUOjNBMkRXT1JLU1BBQ0UifQ?api-version=2018-04-01
  response:
    body:
      string: '{"status":"Succeeded"}'
    headers:
      cache-control:
      - no-cache
      content-length:
      - '22'
      content-type:
      - application/json; charset=utf-8
      date:
      - Mon, 17 Jan 2022 06:35:38 GMT
      expires:
      - '-1'
      pragma:
      - no-cache
      strict-transport-security:
      - max-age=31536000; includeSubDomains
      transfer-encoding:
      - chunked
      vary:
      - Accept-Encoding,Accept-Encoding
      x-content-type-options:
      - nosniff
    status:
      code: 200
      message: OK
- request:
    body: null
    headers:
      Accept:
      - '*/*'
      Accept-Encoding:
      - gzip, deflate
      CommandName:
      - databricks workspace create
      Connection:
      - keep-alive
      ParameterSetName:
      - --name --resource-group --sku --private-subnet --public-subnet --vnet --location
      User-Agent:
      - AZURECLI/2.32.0 azsdk-python-mgmt-databricks/1.0.0 Python/3.8.1 (Windows-10-10.0.22000-SP0)
    method: GET
    uri: https://management.azure.com/subscriptions/00000000-0000-0000-0000-000000000000/resourceGroups/test_databricks_private_endpoint000001/providers/Microsoft.Databricks/workspaces/test-workspace?api-version=2018-04-01
  response:
    body:
      string: '{"properties":{"managedResourceGroupId":"/subscriptions/00000000-0000-0000-0000-000000000000/resourceGroups/databricks-rg-test-workspace-0pwzb2hwqsz77","parameters":{"customPrivateSubnetName":{"type":"String","value":"private-subnet"},"customPublicSubnetName":{"type":"String","value":"public-subnet"},"customVirtualNetworkId":{"type":"String","value":"/subscriptions/00000000-0000-0000-0000-000000000000/resourceGroups/test_databricks_private_endpoint000001/providers/Microsoft.Network/virtualNetworks/databricks-privatelink-vnet000003"},"enableFedRampCertification":{"type":"Bool","value":false},"enableNoPublicIp":{"type":"Bool","value":false},"natGatewayName":{"type":"String","value":"nat-gateway"},"prepareEncryption":{"type":"Bool","value":false},"publicIpName":{"type":"String","value":"nat-gw-public-ip"},"relayNamespaceName":{"type":"String","value":"dbrelayzv4ffjx467xko"},"requireInfrastructureEncryption":{"type":"Bool","value":false},"resourceTags":{"type":"Object","value":{"application":"databricks","databricks-environment":"true"}},"storageAccountName":{"type":"String","value":"dbstoragezv4ffjx467xko"},"storageAccountSkuName":{"type":"String","value":"Standard_GRS"},"vnetAddressPrefix":{"type":"String","value":"10.139"}},"provisioningState":"Succeeded","authorizations":[{"principalId":"9a74af6f-d153-4348-988a-e2672920bee9","roleDefinitionId":"8e3af657-a8ff-443c-a75c-2fe8c4bcb635"}],"createdBy":{"oid":"674368bb-7eaa-4100-aef7-138f65f50648","puid":"10032001C021F1B6","applicationId":"04b07795-8ddb-461a-bbee-02f9e1bf7b46"},"updatedBy":{"oid":"674368bb-7eaa-4100-aef7-138f65f50648","puid":"10032001C021F1B6","applicationId":"04b07795-8ddb-461a-bbee-02f9e1bf7b46"},"workspaceId":"7657303268350701","workspaceUrl":"adb-7657303268350701.1.azuredatabricks.net","createdDateTime":"2022-01-17T06:32:33.5314059Z"},"id":"/subscriptions/00000000-0000-0000-0000-000000000000/resourceGroups/test_databricks_private_endpoint000001/providers/Microsoft.Databricks/workspaces/test-workspace","name":"test-workspace","type":"Microsoft.Databricks/workspaces","sku":{"name":"premium"},"location":"westus"}'
    headers:
      cache-control:
      - no-cache
      content-length:
      - '2110'
      content-type:
      - application/json; charset=utf-8
      date:
      - Mon, 17 Jan 2022 06:35:38 GMT
      expires:
      - '-1'
      pragma:
      - no-cache
      strict-transport-security:
      - max-age=31536000; includeSubDomains
      transfer-encoding:
      - chunked
      vary:
      - Accept-Encoding,Accept-Encoding
      x-content-type-options:
      - nosniff
      x-ms-ratelimit-remaining-subscription-resource-requests:
      - '1799'
    status:
      code: 200
      message: OK
- request:
    body: null
    headers:
      Accept:
      - '*/*'
      Accept-Encoding:
      - gzip, deflate
      CommandName:
      - network private-link-resource list
      Connection:
      - keep-alive
      ParameterSetName:
      - --id
      User-Agent:
      - python/3.8.1 (Windows-10-10.0.22000-SP0) AZURECLI/2.32.0
    method: GET
    uri: https://management.azure.com/subscriptions/00000000-0000-0000-0000-000000000000/resourceGroups/test_databricks_private_endpoint000001/providers/Microsoft.Databricks/workspaces/test-workspace/privateLinkResources?api-version=2021-04-01-preview
  response:
    body:
      string: '{"value":[{"id":"/subscriptions/00000000-0000-0000-0000-000000000000/resourceGroups/test_databricks_private_endpoint000001/providers/Microsoft.Databricks/workspaces/test-workspace/privateLinkResources/databricks_ui_api","name":"databricks_ui_api","type":"Microsoft.Databricks/workspaces/privateLinkResources","properties":{"groupId":"databricks_ui_api","displayName":"databricks_ui_api","requiredMembers":["databricks_ui_api"],"requiredZoneNames":["privatelink.azuredatabricks.net"]}}]}'
    headers:
      cache-control:
      - no-cache
      content-length:
      - '486'
      content-type:
      - application/json; charset=utf-8
      date:
      - Mon, 17 Jan 2022 06:35:40 GMT
      expires:
      - '-1'
      pragma:
      - no-cache
      strict-transport-security:
      - max-age=31536000; includeSubDomains
      transfer-encoding:
      - chunked
      vary:
      - Accept-Encoding,Accept-Encoding
      x-content-type-options:
      - nosniff
    status:
      code: 200
      message: OK
- request:
    body: null
    headers:
      Accept:
      - application/json
      Accept-Encoding:
      - gzip, deflate
      CommandName:
      - network private-endpoint create
      Connection:
      - keep-alive
      ParameterSetName:
      - -g -n --vnet-name --subnet --private-connection-resource-id --connection-name
        --group-id --manual-request
      User-Agent:
      - AZURECLI/2.32.0 azsdk-python-azure-mgmt-resource/20.0.0 Python/3.8.1 (Windows-10-10.0.22000-SP0)
    method: GET
    uri: https://management.azure.com/subscriptions/00000000-0000-0000-0000-000000000000/resourcegroups/test_databricks_private_endpoint000001?api-version=2021-04-01
  response:
    body:
      string: '{"id":"/subscriptions/00000000-0000-0000-0000-000000000000/resourceGroups/test_databricks_private_endpoint000001","name":"test_databricks_private_endpoint000001","type":"Microsoft.Resources/resourceGroups","location":"westus","tags":{"product":"azurecli","cause":"automation","date":"2022-01-17T06:31:31Z"},"properties":{"provisioningState":"Succeeded"}}'
    headers:
      cache-control:
      - no-cache
      content-length:
      - '354'
      content-type:
      - application/json; charset=utf-8
      date:
      - Mon, 17 Jan 2022 06:35:41 GMT
      expires:
      - '-1'
      pragma:
      - no-cache
      strict-transport-security:
      - max-age=31536000; includeSubDomains
      vary:
      - Accept-Encoding
      x-content-type-options:
      - nosniff
    status:
      code: 200
      message: OK
- request:
    body: '{"location": "westus", "properties": {"subnet": {"id": "/subscriptions/00000000-0000-0000-0000-000000000000/resourceGroups/test_databricks_private_endpoint000001/providers/Microsoft.Network/virtualNetworks/databricks-privatelink-vnet000003/subnets/databricks-privatelink-subnet000004",
      "properties": {"privateEndpointNetworkPolicies": "Enabled", "privateLinkServiceNetworkPolicies":
      "Enabled"}}, "manualPrivateLinkServiceConnections": [{"name": "db-privatelink-endpoint-connection000006",
      "properties": {"privateLinkServiceId": "/subscriptions/00000000-0000-0000-0000-000000000000/resourceGroups/test_databricks_private_endpoint000001/providers/Microsoft.Databricks/workspaces/test-workspace",
      "groupIds": ["databricks_ui_api"]}}]}}'
    headers:
      Accept:
      - application/json
      Accept-Encoding:
      - gzip, deflate
      CommandName:
      - network private-endpoint create
      Connection:
      - keep-alive
      Content-Length:
      - '732'
      Content-Type:
      - application/json
      ParameterSetName:
      - -g -n --vnet-name --subnet --private-connection-resource-id --connection-name
        --group-id --manual-request
      User-Agent:
      - AZURECLI/2.32.0 azsdk-python-azure-mgmt-network/19.3.0 Python/3.8.1 (Windows-10-10.0.22000-SP0)
    method: PUT
    uri: https://management.azure.com/subscriptions/00000000-0000-0000-0000-000000000000/resourceGroups/test_databricks_private_endpoint000001/providers/Microsoft.Network/privateEndpoints/databricks-privatelink-endpoint000005?api-version=2021-05-01
  response:
    body:
      string: "{\r\n  \"name\": \"databricks-privatelink-endpoint000005\",\r\n  \"id\":
        \"/subscriptions/00000000-0000-0000-0000-000000000000/resourceGroups/test_databricks_private_endpoint000001/providers/Microsoft.Network/privateEndpoints/databricks-privatelink-endpoint000005\",\r\n
        \ \"etag\": \"W/\\\"311020dc-ad6f-418e-9ee9-3a4281f9805b\\\"\",\r\n  \"type\":
        \"Microsoft.Network/privateEndpoints\",\r\n  \"location\": \"westus\",\r\n
        \ \"properties\": {\r\n    \"provisioningState\": \"Updating\",\r\n    \"resourceGuid\":
        \"98a50c4c-a168-4bf8-8d91-1a1c054adb37\",\r\n    \"privateLinkServiceConnections\":
        [],\r\n    \"manualPrivateLinkServiceConnections\": [\r\n      {\r\n        \"name\":
        \"db-privatelink-endpoint-connection000006\",\r\n        \"id\": \"/subscriptions/00000000-0000-0000-0000-000000000000/resourceGroups/test_databricks_private_endpoint000001/providers/Microsoft.Network/privateEndpoints/databricks-privatelink-endpoint000005/manualPrivateLinkServiceConnections/db-privatelink-endpoint-connection000006\",\r\n
        \       \"etag\": \"W/\\\"311020dc-ad6f-418e-9ee9-3a4281f9805b\\\"\",\r\n
        \       \"properties\": {\r\n          \"provisioningState\": \"Succeeded\",\r\n
        \         \"privateLinkServiceId\": \"/subscriptions/00000000-0000-0000-0000-000000000000/resourceGroups/test_databricks_private_endpoint000001/providers/Microsoft.Databricks/workspaces/test-workspace\",\r\n
        \         \"groupIds\": [\r\n            \"databricks_ui_api\"\r\n          ],\r\n
        \         \"privateLinkServiceConnectionState\": {\r\n            \"status\":
        \"Pending\",\r\n            \"description\": \"Awaiting Approval\",\r\n            \"actionsRequired\":
        \"None\"\r\n          }\r\n        },\r\n        \"type\": \"Microsoft.Network/privateEndpoints/manualPrivateLinkServiceConnections\"\r\n
        \     }\r\n    ],\r\n    \"customNetworkInterfaceName\": \"\",\r\n    \"subnet\":
        {\r\n      \"id\": \"/subscriptions/00000000-0000-0000-0000-000000000000/resourceGroups/test_databricks_private_endpoint000001/providers/Microsoft.Network/virtualNetworks/databricks-privatelink-vnet000003/subnets/databricks-privatelink-subnet000004\"\r\n
        \   },\r\n    \"ipConfigurations\": [],\r\n    \"networkInterfaces\": [\r\n
        \     {\r\n        \"id\": \"/subscriptions/00000000-0000-0000-0000-000000000000/resourceGroups/test_databricks_private_endpoint000001/providers/Microsoft.Network/networkInterfaces/databricks-privatelink-endpoint000005.nic.acc0c3c8-7e55-4b34-9bdb-b3ecd018687f\"\r\n
        \     }\r\n    ],\r\n    \"customDnsConfigs\": []\r\n  }\r\n}"
    headers:
      azure-asyncnotification:
      - Enabled
      azure-asyncoperation:
      - https://management.azure.com/subscriptions/00000000-0000-0000-0000-000000000000/providers/Microsoft.Network/locations/westus/operations/cc9903ba-45bf-46f2-a834-7e947c6a796a?api-version=2021-05-01
      cache-control:
      - no-cache
      content-length:
      - '2329'
      content-type:
      - application/json; charset=utf-8
      date:
      - Mon, 17 Jan 2022 06:35:47 GMT
      expires:
      - '-1'
      pragma:
      - no-cache
      server:
      - Microsoft-HTTPAPI/2.0
      - Microsoft-HTTPAPI/2.0
      strict-transport-security:
      - max-age=31536000; includeSubDomains
      x-content-type-options:
      - nosniff
      x-ms-arm-service-request-id:
      - 924b0d9c-a70c-4442-873f-3122c3126487
      x-ms-ratelimit-remaining-subscription-writes:
      - '1199'
    status:
      code: 201
      message: Created
- request:
    body: null
    headers:
      Accept:
      - '*/*'
      Accept-Encoding:
      - gzip, deflate
      CommandName:
      - network private-endpoint create
      Connection:
      - keep-alive
      ParameterSetName:
      - -g -n --vnet-name --subnet --private-connection-resource-id --connection-name
        --group-id --manual-request
      User-Agent:
      - AZURECLI/2.32.0 azsdk-python-azure-mgmt-network/19.3.0 Python/3.8.1 (Windows-10-10.0.22000-SP0)
    method: GET
    uri: https://management.azure.com/subscriptions/00000000-0000-0000-0000-000000000000/providers/Microsoft.Network/locations/westus/operations/cc9903ba-45bf-46f2-a834-7e947c6a796a?api-version=2021-05-01
  response:
    body:
      string: "{\r\n  \"status\": \"InProgress\"\r\n}"
    headers:
      cache-control:
      - no-cache
      content-length:
      - '30'
      content-type:
      - application/json; charset=utf-8
      date:
      - Mon, 17 Jan 2022 06:35:58 GMT
      expires:
      - '-1'
      pragma:
      - no-cache
      server:
      - Microsoft-HTTPAPI/2.0
      - Microsoft-HTTPAPI/2.0
      strict-transport-security:
      - max-age=31536000; includeSubDomains
      transfer-encoding:
      - chunked
      vary:
      - Accept-Encoding
      x-content-type-options:
      - nosniff
      x-ms-arm-service-request-id:
      - 43df6934-8e56-4201-9b24-759cd4296d4b
    status:
      code: 200
      message: OK
- request:
    body: null
    headers:
      Accept:
      - '*/*'
      Accept-Encoding:
      - gzip, deflate
      CommandName:
      - network private-endpoint create
      Connection:
      - keep-alive
      ParameterSetName:
      - -g -n --vnet-name --subnet --private-connection-resource-id --connection-name
        --group-id --manual-request
      User-Agent:
      - AZURECLI/2.32.0 azsdk-python-azure-mgmt-network/19.3.0 Python/3.8.1 (Windows-10-10.0.22000-SP0)
    method: GET
    uri: https://management.azure.com/subscriptions/00000000-0000-0000-0000-000000000000/providers/Microsoft.Network/locations/westus/operations/cc9903ba-45bf-46f2-a834-7e947c6a796a?api-version=2021-05-01
  response:
    body:
      string: "{\r\n  \"status\": \"InProgress\"\r\n}"
    headers:
      cache-control:
      - no-cache
      content-length:
      - '30'
      content-type:
      - application/json; charset=utf-8
      date:
      - Mon, 17 Jan 2022 06:36:08 GMT
      expires:
      - '-1'
      pragma:
      - no-cache
      server:
      - Microsoft-HTTPAPI/2.0
      - Microsoft-HTTPAPI/2.0
      strict-transport-security:
      - max-age=31536000; includeSubDomains
      transfer-encoding:
      - chunked
      vary:
      - Accept-Encoding
      x-content-type-options:
      - nosniff
      x-ms-arm-service-request-id:
      - 3e5f67ab-12bc-45c4-a310-94f9a0aaa9d4
    status:
      code: 200
      message: OK
- request:
    body: null
    headers:
      Accept:
      - '*/*'
      Accept-Encoding:
      - gzip, deflate
      CommandName:
      - network private-endpoint create
      Connection:
      - keep-alive
      ParameterSetName:
      - -g -n --vnet-name --subnet --private-connection-resource-id --connection-name
        --group-id --manual-request
      User-Agent:
      - AZURECLI/2.32.0 azsdk-python-azure-mgmt-network/19.3.0 Python/3.8.1 (Windows-10-10.0.22000-SP0)
    method: GET
    uri: https://management.azure.com/subscriptions/00000000-0000-0000-0000-000000000000/providers/Microsoft.Network/locations/westus/operations/cc9903ba-45bf-46f2-a834-7e947c6a796a?api-version=2021-05-01
  response:
    body:
      string: "{\r\n  \"status\": \"InProgress\"\r\n}"
    headers:
      cache-control:
      - no-cache
      content-length:
      - '30'
      content-type:
      - application/json; charset=utf-8
      date:
      - Mon, 17 Jan 2022 06:36:28 GMT
      expires:
      - '-1'
      pragma:
      - no-cache
      server:
      - Microsoft-HTTPAPI/2.0
      - Microsoft-HTTPAPI/2.0
      strict-transport-security:
      - max-age=31536000; includeSubDomains
      transfer-encoding:
      - chunked
      vary:
      - Accept-Encoding
      x-content-type-options:
      - nosniff
      x-ms-arm-service-request-id:
      - 920df7a0-aacd-4836-994c-7dd632f168e3
    status:
      code: 200
      message: OK
- request:
    body: null
    headers:
      Accept:
      - '*/*'
      Accept-Encoding:
      - gzip, deflate
      CommandName:
      - network private-endpoint create
      Connection:
      - keep-alive
      ParameterSetName:
      - -g -n --vnet-name --subnet --private-connection-resource-id --connection-name
        --group-id --manual-request
      User-Agent:
      - AZURECLI/2.32.0 azsdk-python-azure-mgmt-network/19.3.0 Python/3.8.1 (Windows-10-10.0.22000-SP0)
    method: GET
    uri: https://management.azure.com/subscriptions/00000000-0000-0000-0000-000000000000/providers/Microsoft.Network/locations/westus/operations/cc9903ba-45bf-46f2-a834-7e947c6a796a?api-version=2021-05-01
  response:
    body:
      string: "{\r\n  \"status\": \"InProgress\"\r\n}"
    headers:
      cache-control:
      - no-cache
      content-length:
      - '30'
      content-type:
      - application/json; charset=utf-8
      date:
      - Mon, 17 Jan 2022 06:36:48 GMT
      expires:
      - '-1'
      pragma:
      - no-cache
      server:
      - Microsoft-HTTPAPI/2.0
      - Microsoft-HTTPAPI/2.0
      strict-transport-security:
      - max-age=31536000; includeSubDomains
      transfer-encoding:
      - chunked
      vary:
      - Accept-Encoding
      x-content-type-options:
      - nosniff
      x-ms-arm-service-request-id:
      - a757f2af-98e7-4692-aee2-09ed433d1624
    status:
      code: 200
      message: OK
- request:
    body: null
    headers:
      Accept:
      - '*/*'
      Accept-Encoding:
      - gzip, deflate
      CommandName:
      - network private-endpoint create
      Connection:
      - keep-alive
      ParameterSetName:
      - -g -n --vnet-name --subnet --private-connection-resource-id --connection-name
        --group-id --manual-request
      User-Agent:
      - AZURECLI/2.32.0 azsdk-python-azure-mgmt-network/19.3.0 Python/3.8.1 (Windows-10-10.0.22000-SP0)
    method: GET
    uri: https://management.azure.com/subscriptions/00000000-0000-0000-0000-000000000000/providers/Microsoft.Network/locations/westus/operations/cc9903ba-45bf-46f2-a834-7e947c6a796a?api-version=2021-05-01
  response:
    body:
      string: "{\r\n  \"status\": \"Succeeded\"\r\n}"
    headers:
      cache-control:
      - no-cache
      content-length:
      - '29'
      content-type:
      - application/json; charset=utf-8
      date:
      - Mon, 17 Jan 2022 06:37:29 GMT
      expires:
      - '-1'
      pragma:
      - no-cache
      server:
      - Microsoft-HTTPAPI/2.0
      - Microsoft-HTTPAPI/2.0
      strict-transport-security:
      - max-age=31536000; includeSubDomains
      transfer-encoding:
      - chunked
      vary:
      - Accept-Encoding
      x-content-type-options:
      - nosniff
      x-ms-arm-service-request-id:
      - 2fb7ca0a-b161-4a1e-9f33-544c82aec05f
    status:
      code: 200
      message: OK
- request:
    body: null
    headers:
      Accept:
      - '*/*'
      Accept-Encoding:
      - gzip, deflate
      CommandName:
      - network private-endpoint create
      Connection:
      - keep-alive
      ParameterSetName:
      - -g -n --vnet-name --subnet --private-connection-resource-id --connection-name
        --group-id --manual-request
      User-Agent:
      - AZURECLI/2.32.0 azsdk-python-azure-mgmt-network/19.3.0 Python/3.8.1 (Windows-10-10.0.22000-SP0)
    method: GET
    uri: https://management.azure.com/subscriptions/00000000-0000-0000-0000-000000000000/resourceGroups/test_databricks_private_endpoint000001/providers/Microsoft.Network/privateEndpoints/databricks-privatelink-endpoint000005?api-version=2021-05-01
  response:
    body:
      string: "{\r\n  \"name\": \"databricks-privatelink-endpoint000005\",\r\n  \"id\":
        \"/subscriptions/00000000-0000-0000-0000-000000000000/resourceGroups/test_databricks_private_endpoint000001/providers/Microsoft.Network/privateEndpoints/databricks-privatelink-endpoint000005\",\r\n
        \ \"etag\": \"W/\\\"1892dfbf-1bc7-4e65-8a82-55d454e2e106\\\"\",\r\n  \"type\":
        \"Microsoft.Network/privateEndpoints\",\r\n  \"location\": \"westus\",\r\n
        \ \"properties\": {\r\n    \"provisioningState\": \"Succeeded\",\r\n    \"resourceGuid\":
        \"98a50c4c-a168-4bf8-8d91-1a1c054adb37\",\r\n    \"privateLinkServiceConnections\":
        [],\r\n    \"manualPrivateLinkServiceConnections\": [\r\n      {\r\n        \"name\":
        \"db-privatelink-endpoint-connection000006\",\r\n        \"id\": \"/subscriptions/00000000-0000-0000-0000-000000000000/resourceGroups/test_databricks_private_endpoint000001/providers/Microsoft.Network/privateEndpoints/databricks-privatelink-endpoint000005/manualPrivateLinkServiceConnections/db-privatelink-endpoint-connection000006\",\r\n
        \       \"etag\": \"W/\\\"1892dfbf-1bc7-4e65-8a82-55d454e2e106\\\"\",\r\n
        \       \"properties\": {\r\n          \"provisioningState\": \"Succeeded\",\r\n
        \         \"privateLinkServiceId\": \"/subscriptions/00000000-0000-0000-0000-000000000000/resourceGroups/test_databricks_private_endpoint000001/providers/Microsoft.Databricks/workspaces/test-workspace\",\r\n
        \         \"groupIds\": [\r\n            \"databricks_ui_api\"\r\n          ],\r\n
        \         \"privateLinkServiceConnectionState\": {\r\n            \"status\":
        \"Pending\",\r\n            \"description\": \"\",\r\n            \"actionsRequired\":
        \"None\"\r\n          }\r\n        },\r\n        \"type\": \"Microsoft.Network/privateEndpoints/manualPrivateLinkServiceConnections\"\r\n
        \     }\r\n    ],\r\n    \"customNetworkInterfaceName\": \"\",\r\n    \"subnet\":
        {\r\n      \"id\": \"/subscriptions/00000000-0000-0000-0000-000000000000/resourceGroups/test_databricks_private_endpoint000001/providers/Microsoft.Network/virtualNetworks/databricks-privatelink-vnet000003/subnets/databricks-privatelink-subnet000004\"\r\n
        \   },\r\n    \"ipConfigurations\": [],\r\n    \"networkInterfaces\": [\r\n
        \     {\r\n        \"id\": \"/subscriptions/00000000-0000-0000-0000-000000000000/resourceGroups/test_databricks_private_endpoint000001/providers/Microsoft.Network/networkInterfaces/databricks-privatelink-endpoint000005.nic.acc0c3c8-7e55-4b34-9bdb-b3ecd018687f\"\r\n
        \     }\r\n    ],\r\n    \"customDnsConfigs\": []\r\n  }\r\n}"
    headers:
      cache-control:
      - no-cache
      content-length:
      - '2313'
      content-type:
      - application/json; charset=utf-8
      date:
      - Mon, 17 Jan 2022 06:37:30 GMT
      etag:
      - W/"1892dfbf-1bc7-4e65-8a82-55d454e2e106"
      expires:
      - '-1'
      pragma:
      - no-cache
      server:
      - Microsoft-HTTPAPI/2.0
      - Microsoft-HTTPAPI/2.0
      strict-transport-security:
      - max-age=31536000; includeSubDomains
      transfer-encoding:
      - chunked
      vary:
      - Accept-Encoding
      x-content-type-options:
      - nosniff
      x-ms-arm-service-request-id:
      - 2a507c66-bb37-4e41-9b22-3a0ba6aed42c
    status:
      code: 200
      message: OK
- request:
    body: null
    headers:
      Accept:
      - '*/*'
      Accept-Encoding:
      - gzip, deflate
      CommandName:
      - network private-endpoint-connection list
      Connection:
      - keep-alive
      ParameterSetName:
      - --id
      User-Agent:
      - python/3.8.1 (Windows-10-10.0.22000-SP0) AZURECLI/2.32.0
    method: GET
    uri: https://management.azure.com/subscriptions/00000000-0000-0000-0000-000000000000/resourceGroups/test_databricks_private_endpoint000001/providers/Microsoft.Databricks/workspaces/test-workspace/privateEndpointConnections?api-version=2021-04-01-preview
  response:
    body:
      string: '{"value":[{"id":"/subscriptions/00000000-0000-0000-0000-000000000000/resourceGroups/test_databricks_private_endpoint000001/providers/Microsoft.Databricks/workspaces/test-workspace/privateEndpointConnections/db-privatelink-endpoint-connection000006","name":"db-privatelink-endpoint-connection000006","type":"Microsoft.Databricks/workspaces/privateEndpointConnections","properties":{"privateEndpoint":{"id":"/subscriptions/00000000-0000-0000-0000-000000000000/resourceGroups/test_databricks_private_endpoint000001/providers/Microsoft.Network/privateEndpoints/databricks-privatelink-endpoint000005"},"groupIds":["databricks_ui_api"],"privateLinkServiceConnectionState":{"status":"Pending","actionsRequired":"None"},"provisioningState":"Succeeded"}}]}'
    headers:
      cache-control:
      - no-cache
      content-length:
      - '747'
      content-type:
      - application/json; charset=utf-8
      date:
      - Mon, 17 Jan 2022 06:37:31 GMT
      expires:
      - '-1'
      pragma:
      - no-cache
      strict-transport-security:
      - max-age=31536000; includeSubDomains
      transfer-encoding:
      - chunked
      vary:
      - Accept-Encoding,Accept-Encoding
      x-content-type-options:
      - nosniff
    status:
      code: 200
      message: OK
- request:
    body: null
    headers:
      Accept:
      - '*/*'
      Accept-Encoding:
      - gzip, deflate
      CommandName:
      - network private-endpoint-connection approve
      Connection:
      - keep-alive
      ParameterSetName:
      - --id --description
      User-Agent:
      - python/3.8.1 (Windows-10-10.0.22000-SP0) AZURECLI/2.32.0
    method: GET
    uri: https://management.azure.com/subscriptions/00000000-0000-0000-0000-000000000000/resourceGroups/test_databricks_private_endpoint000001/providers/Microsoft.Databricks/workspaces/test-workspace/privateEndpointConnections/db-privatelink-endpoint-connection000006?api-version=2021-04-01-preview
  response:
    body:
      string: '{"id":"/subscriptions/00000000-0000-0000-0000-000000000000/resourceGroups/test_databricks_private_endpoint000001/providers/Microsoft.Databricks/workspaces/test-workspace/privateEndpointConnections/db-privatelink-endpoint-connection000006","name":"db-privatelink-endpoint-connection000006","type":"Microsoft.Databricks/workspaces/privateEndpointConnections","properties":{"privateEndpoint":{"id":"/subscriptions/00000000-0000-0000-0000-000000000000/resourceGroups/test_databricks_private_endpoint000001/providers/Microsoft.Network/privateEndpoints/databricks-privatelink-endpoint000005"},"groupIds":["databricks_ui_api"],"privateLinkServiceConnectionState":{"status":"Pending","actionsRequired":"None"},"provisioningState":"Succeeded"}}'
    headers:
      cache-control:
      - no-cache
      content-length:
      - '735'
      content-type:
      - application/json; charset=utf-8
      date:
      - Mon, 17 Jan 2022 06:37:33 GMT
      expires:
      - '-1'
      pragma:
      - no-cache
      strict-transport-security:
      - max-age=31536000; includeSubDomains
      transfer-encoding:
      - chunked
      vary:
      - Accept-Encoding,Accept-Encoding
      x-content-type-options:
      - nosniff
    status:
      code: 200
      message: OK
- request:
    body: '{"id": "/subscriptions/00000000-0000-0000-0000-000000000000/resourceGroups/test_databricks_private_endpoint000001/providers/Microsoft.Databricks/workspaces/test-workspace/privateEndpointConnections/db-privatelink-endpoint-connection000006",
      "name": "db-privatelink-endpoint-connection000006", "type": "Microsoft.Databricks/workspaces/privateEndpointConnections",
      "properties": {"privateEndpoint": {"id": "/subscriptions/00000000-0000-0000-0000-000000000000/resourceGroups/test_databricks_private_endpoint000001/providers/Microsoft.Network/privateEndpoints/databricks-privatelink-endpoint000005"},
      "groupIds": ["databricks_ui_api"], "privateLinkServiceConnectionState": {"status":
      "Approved", "actionsRequired": "None", "description": "Approved!"}, "provisioningState":
      "Succeeded"}}'
    headers:
      Accept:
      - '*/*'
      Accept-Encoding:
      - gzip, deflate
      CommandName:
      - network private-endpoint-connection approve
      Connection:
      - keep-alive
      Content-Length:
      - '782'
      Content-Type:
      - application/json
      ParameterSetName:
      - --id --description
      User-Agent:
      - python/3.8.1 (Windows-10-10.0.22000-SP0) AZURECLI/2.32.0
    method: PUT
    uri: https://management.azure.com/subscriptions/00000000-0000-0000-0000-000000000000/resourceGroups/test_databricks_private_endpoint000001/providers/Microsoft.Databricks/workspaces/test-workspace/privateEndpointConnections/db-privatelink-endpoint-connection000006?api-version=2021-04-01-preview
  response:
    body:
      string: '{"id":"/subscriptions/00000000-0000-0000-0000-000000000000/resourceGroups/test_databricks_private_endpoint000001/providers/Microsoft.Databricks/workspaces/test-workspace/privateEndpointConnections/db-privatelink-endpoint-connection000006","name":"db-privatelink-endpoint-connection000006","type":"Microsoft.Databricks/workspaces/privateEndpointConnections","properties":{"privateEndpoint":{"id":"/subscriptions/00000000-0000-0000-0000-000000000000/resourceGroups/test_databricks_private_endpoint000001/providers/Microsoft.Network/privateEndpoints/databricks-privatelink-endpoint000005"},"groupIds":["databricks_ui_api"],"privateLinkServiceConnectionState":{"status":"Pending","actionsRequired":"None"},"provisioningState":"Updating"}}'
    headers:
      azure-asyncoperation:
      - https://management.azure.com/subscriptions/00000000-0000-0000-0000-000000000000/resourceGroups/test_databricks_private_endpoint000001/providers/Microsoft.Databricks/locations/westus/operationStatuses/eyJmdWxseVF1YWxpZmllZEFwcGxpYW5jZUlkIjoiL3N1YnNjcmlwdGlvbnMvMGIxZjY0NzEtMWJmMC00ZGRhLWFlYzMtY2I5MjcyZjA5NTkwL3Jlc291cmNlR3JvdXBzL3Rlc3RfZGF0YWJyaWNrc19wcml2YXRlX2VuZHBvaW50d3lheGRja24vcHJvdmlkZXJzL01pY3Jvc29mdC5EYXRhYnJpY2tzL3dvcmtzcGFjZXMvdGVzdC13b3Jrc3BhY2UiLCJqb2JJZCI6IlByaXZhdGVFbmRwb2ludENvbm5lY3Rpb25Kb2JNZXRhZGF0YToyRFJHQToyRFRFU1Q6M0E1RkRBVEFCUklDS1M6M0E1RlBSSVZBVEU6M0E1RkVORFBPSU5UV1lBWERDS046MkRURVNUOjNBMkRXT3w1MjMzQjlEN0Q3QjA4OUUwIn0?api-version=2021-04-01-preview
      cache-control:
      - no-cache
      content-length:
      - '734'
      content-type:
      - application/json; charset=utf-8
      date:
      - Mon, 17 Jan 2022 06:37:35 GMT
      expires:
      - '-1'
      location:
      - https://management.azure.com/subscriptions/00000000-0000-0000-0000-000000000000/resourceGroups/test_databricks_private_endpoint000001/providers/Microsoft.Databricks/locations/westus/operationStatuses/eyJmdWxseVF1YWxpZmllZEFwcGxpYW5jZUlkIjoiL3N1YnNjcmlwdGlvbnMvMGIxZjY0NzEtMWJmMC00ZGRhLWFlYzMtY2I5MjcyZjA5NTkwL3Jlc291cmNlR3JvdXBzL3Rlc3RfZGF0YWJyaWNrc19wcml2YXRlX2VuZHBvaW50d3lheGRja24vcHJvdmlkZXJzL01pY3Jvc29mdC5EYXRhYnJpY2tzL3dvcmtzcGFjZXMvdGVzdC13b3Jrc3BhY2UiLCJqb2JJZCI6IlByaXZhdGVFbmRwb2ludENvbm5lY3Rpb25Kb2JNZXRhZGF0YToyRFJHQToyRFRFU1Q6M0E1RkRBVEFCUklDS1M6M0E1RlBSSVZBVEU6M0E1RkVORFBPSU5UV1lBWERDS046MkRURVNUOjNBMkRXT3w1MjMzQjlEN0Q3QjA4OUUwIn0?api-version=2021-04-01-preview
      pragma:
      - no-cache
      strict-transport-security:
      - max-age=31536000; includeSubDomains
      x-content-type-options:
      - nosniff
      x-ms-ratelimit-remaining-subscription-writes:
      - '1199'
    status:
      code: 202
      message: Accepted
- request:
    body: null
    headers:
      Accept:
      - '*/*'
      Accept-Encoding:
      - gzip, deflate
      CommandName:
      - network private-endpoint-connection approve
      Connection:
      - keep-alive
      ParameterSetName:
      - --id --description
      User-Agent:
      - python/3.8.1 (Windows-10-10.0.22000-SP0) AZURECLI/2.32.0
    method: GET
    uri: https://management.azure.com/subscriptions/00000000-0000-0000-0000-000000000000/resourceGroups/test_databricks_private_endpoint000001/providers/Microsoft.Databricks/workspaces/test-workspace/privateEndpointConnections/db-privatelink-endpoint-connection000006?api-version=2021-04-01-preview
  response:
    body:
      string: '{"id":"/subscriptions/00000000-0000-0000-0000-000000000000/resourceGroups/test_databricks_private_endpoint000001/providers/Microsoft.Databricks/workspaces/test-workspace/privateEndpointConnections/db-privatelink-endpoint-connection000006","name":"db-privatelink-endpoint-connection000006","type":"Microsoft.Databricks/workspaces/privateEndpointConnections","properties":{"privateEndpoint":{"id":"/subscriptions/00000000-0000-0000-0000-000000000000/resourceGroups/test_databricks_private_endpoint000001/providers/Microsoft.Network/privateEndpoints/databricks-privatelink-endpoint000005"},"groupIds":["databricks_ui_api"],"privateLinkServiceConnectionState":{"status":"Pending","actionsRequired":"None"},"provisioningState":"Updating"}}'
    headers:
      cache-control:
      - no-cache
      content-length:
      - '734'
      content-type:
      - application/json; charset=utf-8
      date:
      - Mon, 17 Jan 2022 06:37:46 GMT
      expires:
      - '-1'
      pragma:
      - no-cache
      strict-transport-security:
      - max-age=31536000; includeSubDomains
      transfer-encoding:
      - chunked
      vary:
      - Accept-Encoding,Accept-Encoding
      x-content-type-options:
      - nosniff
    status:
      code: 200
      message: OK
- request:
    body: null
    headers:
      Accept:
      - '*/*'
      Accept-Encoding:
      - gzip, deflate
      CommandName:
      - network private-endpoint-connection approve
      Connection:
      - keep-alive
      ParameterSetName:
      - --id --description
      User-Agent:
      - python/3.8.1 (Windows-10-10.0.22000-SP0) AZURECLI/2.32.0
    method: GET
    uri: https://management.azure.com/subscriptions/00000000-0000-0000-0000-000000000000/resourceGroups/test_databricks_private_endpoint000001/providers/Microsoft.Databricks/workspaces/test-workspace/privateEndpointConnections/db-privatelink-endpoint-connection000006?api-version=2021-04-01-preview
  response:
    body:
      string: '{"id":"/subscriptions/00000000-0000-0000-0000-000000000000/resourceGroups/test_databricks_private_endpoint000001/providers/Microsoft.Databricks/workspaces/test-workspace/privateEndpointConnections/db-privatelink-endpoint-connection000006","name":"db-privatelink-endpoint-connection000006","type":"Microsoft.Databricks/workspaces/privateEndpointConnections","properties":{"privateEndpoint":{"id":"/subscriptions/00000000-0000-0000-0000-000000000000/resourceGroups/test_databricks_private_endpoint000001/providers/Microsoft.Network/privateEndpoints/databricks-privatelink-endpoint000005"},"groupIds":["databricks_ui_api"],"privateLinkServiceConnectionState":{"status":"Pending","actionsRequired":"None"},"provisioningState":"Updating"}}'
    headers:
      cache-control:
      - no-cache
      content-length:
      - '734'
      content-type:
      - application/json; charset=utf-8
      date:
      - Mon, 17 Jan 2022 06:37:59 GMT
      expires:
      - '-1'
      pragma:
      - no-cache
      strict-transport-security:
      - max-age=31536000; includeSubDomains
      transfer-encoding:
      - chunked
      vary:
      - Accept-Encoding,Accept-Encoding
      x-content-type-options:
      - nosniff
    status:
      code: 200
      message: OK
- request:
    body: null
    headers:
      Accept:
      - '*/*'
      Accept-Encoding:
      - gzip, deflate
      CommandName:
      - network private-endpoint-connection approve
      Connection:
      - keep-alive
      ParameterSetName:
      - --id --description
      User-Agent:
      - python/3.8.1 (Windows-10-10.0.22000-SP0) AZURECLI/2.32.0
    method: GET
    uri: https://management.azure.com/subscriptions/00000000-0000-0000-0000-000000000000/resourceGroups/test_databricks_private_endpoint000001/providers/Microsoft.Databricks/workspaces/test-workspace/privateEndpointConnections/db-privatelink-endpoint-connection000006?api-version=2021-04-01-preview
  response:
    body:
      string: '{"id":"/subscriptions/00000000-0000-0000-0000-000000000000/resourceGroups/test_databricks_private_endpoint000001/providers/Microsoft.Databricks/workspaces/test-workspace/privateEndpointConnections/db-privatelink-endpoint-connection000006","name":"db-privatelink-endpoint-connection000006","type":"Microsoft.Databricks/workspaces/privateEndpointConnections","properties":{"privateEndpoint":{"id":"/subscriptions/00000000-0000-0000-0000-000000000000/resourceGroups/test_databricks_private_endpoint000001/providers/Microsoft.Network/privateEndpoints/databricks-privatelink-endpoint000005"},"groupIds":["databricks_ui_api"],"privateLinkServiceConnectionState":{"status":"Pending","actionsRequired":"None"},"provisioningState":"Updating"}}'
    headers:
      cache-control:
      - no-cache
      content-length:
      - '734'
      content-type:
      - application/json; charset=utf-8
      date:
      - Mon, 17 Jan 2022 06:38:10 GMT
      expires:
      - '-1'
      pragma:
      - no-cache
      strict-transport-security:
      - max-age=31536000; includeSubDomains
      transfer-encoding:
      - chunked
      vary:
      - Accept-Encoding,Accept-Encoding
      x-content-type-options:
      - nosniff
    status:
      code: 200
      message: OK
- request:
    body: null
    headers:
      Accept:
      - '*/*'
      Accept-Encoding:
      - gzip, deflate
      CommandName:
      - network private-endpoint-connection approve
      Connection:
      - keep-alive
      ParameterSetName:
      - --id --description
      User-Agent:
      - python/3.8.1 (Windows-10-10.0.22000-SP0) AZURECLI/2.32.0
    method: GET
    uri: https://management.azure.com/subscriptions/00000000-0000-0000-0000-000000000000/resourceGroups/test_databricks_private_endpoint000001/providers/Microsoft.Databricks/workspaces/test-workspace/privateEndpointConnections/db-privatelink-endpoint-connection000006?api-version=2021-04-01-preview
  response:
    body:
      string: '{"id":"/subscriptions/00000000-0000-0000-0000-000000000000/resourceGroups/test_databricks_private_endpoint000001/providers/Microsoft.Databricks/workspaces/test-workspace/privateEndpointConnections/db-privatelink-endpoint-connection000006","name":"db-privatelink-endpoint-connection000006","type":"Microsoft.Databricks/workspaces/privateEndpointConnections","properties":{"privateEndpoint":{"id":"/subscriptions/00000000-0000-0000-0000-000000000000/resourceGroups/test_databricks_private_endpoint000001/providers/Microsoft.Network/privateEndpoints/databricks-privatelink-endpoint000005"},"groupIds":["databricks_ui_api"],"privateLinkServiceConnectionState":{"status":"Approved","description":"Approved!","actionsRequired":"None"},"provisioningState":"Updating"}}'
    headers:
      cache-control:
      - no-cache
      content-length:
      - '761'
      content-type:
      - application/json; charset=utf-8
      date:
      - Mon, 17 Jan 2022 06:38:21 GMT
      expires:
      - '-1'
      pragma:
      - no-cache
      strict-transport-security:
      - max-age=31536000; includeSubDomains
      transfer-encoding:
      - chunked
      vary:
      - Accept-Encoding,Accept-Encoding
      x-content-type-options:
      - nosniff
    status:
      code: 200
      message: OK
- request:
    body: null
    headers:
      Accept:
      - '*/*'
      Accept-Encoding:
      - gzip, deflate
      CommandName:
      - network private-endpoint-connection approve
      Connection:
      - keep-alive
      ParameterSetName:
      - --id --description
      User-Agent:
      - python/3.8.1 (Windows-10-10.0.22000-SP0) AZURECLI/2.32.0
    method: GET
    uri: https://management.azure.com/subscriptions/00000000-0000-0000-0000-000000000000/resourceGroups/test_databricks_private_endpoint000001/providers/Microsoft.Databricks/workspaces/test-workspace/privateEndpointConnections/db-privatelink-endpoint-connection000006?api-version=2021-04-01-preview
  response:
    body:
      string: '{"id":"/subscriptions/00000000-0000-0000-0000-000000000000/resourceGroups/test_databricks_private_endpoint000001/providers/Microsoft.Databricks/workspaces/test-workspace/privateEndpointConnections/db-privatelink-endpoint-connection000006","name":"db-privatelink-endpoint-connection000006","type":"Microsoft.Databricks/workspaces/privateEndpointConnections","properties":{"privateEndpoint":{"id":"/subscriptions/00000000-0000-0000-0000-000000000000/resourceGroups/test_databricks_private_endpoint000001/providers/Microsoft.Network/privateEndpoints/databricks-privatelink-endpoint000005"},"groupIds":["databricks_ui_api"],"privateLinkServiceConnectionState":{"status":"Approved","description":"Approved!","actionsRequired":"None"},"provisioningState":"Updating"}}'
    headers:
      cache-control:
      - no-cache
      content-length:
      - '761'
      content-type:
      - application/json; charset=utf-8
      date:
      - Mon, 17 Jan 2022 06:38:34 GMT
      expires:
      - '-1'
      pragma:
      - no-cache
      strict-transport-security:
      - max-age=31536000; includeSubDomains
      transfer-encoding:
      - chunked
      vary:
      - Accept-Encoding,Accept-Encoding
      x-content-type-options:
      - nosniff
    status:
      code: 200
      message: OK
- request:
    body: null
    headers:
      Accept:
      - '*/*'
      Accept-Encoding:
      - gzip, deflate
      CommandName:
      - network private-endpoint-connection approve
      Connection:
      - keep-alive
      ParameterSetName:
      - --id --description
      User-Agent:
      - python/3.8.1 (Windows-10-10.0.22000-SP0) AZURECLI/2.32.0
    method: GET
    uri: https://management.azure.com/subscriptions/00000000-0000-0000-0000-000000000000/resourceGroups/test_databricks_private_endpoint000001/providers/Microsoft.Databricks/workspaces/test-workspace/privateEndpointConnections/db-privatelink-endpoint-connection000006?api-version=2021-04-01-preview
  response:
    body:
      string: '{"id":"/subscriptions/00000000-0000-0000-0000-000000000000/resourceGroups/test_databricks_private_endpoint000001/providers/Microsoft.Databricks/workspaces/test-workspace/privateEndpointConnections/db-privatelink-endpoint-connection000006","name":"db-privatelink-endpoint-connection000006","type":"Microsoft.Databricks/workspaces/privateEndpointConnections","properties":{"privateEndpoint":{"id":"/subscriptions/00000000-0000-0000-0000-000000000000/resourceGroups/test_databricks_private_endpoint000001/providers/Microsoft.Network/privateEndpoints/databricks-privatelink-endpoint000005"},"groupIds":["databricks_ui_api"],"privateLinkServiceConnectionState":{"status":"Approved","description":"Approved!","actionsRequired":"None"},"provisioningState":"Succeeded"}}'
    headers:
      cache-control:
      - no-cache
      content-length:
      - '762'
      content-type:
      - application/json; charset=utf-8
      date:
      - Mon, 17 Jan 2022 06:38:46 GMT
      expires:
      - '-1'
      pragma:
      - no-cache
      strict-transport-security:
      - max-age=31536000; includeSubDomains
      transfer-encoding:
      - chunked
      vary:
      - Accept-Encoding,Accept-Encoding
      x-content-type-options:
      - nosniff
    status:
      code: 200
      message: OK
- request:
    body: null
    headers:
      Accept:
      - '*/*'
      Accept-Encoding:
      - gzip, deflate
      CommandName:
      - network private-endpoint-connection show
      Connection:
      - keep-alive
      ParameterSetName:
      - --id
      User-Agent:
      - python/3.8.1 (Windows-10-10.0.22000-SP0) AZURECLI/2.32.0
    method: GET
    uri: https://management.azure.com/subscriptions/00000000-0000-0000-0000-000000000000/resourceGroups/test_databricks_private_endpoint000001/providers/Microsoft.Databricks/workspaces/test-workspace/privateEndpointConnections/db-privatelink-endpoint-connection000006?api-version=2021-04-01-preview
  response:
    body:
      string: '{"id":"/subscriptions/00000000-0000-0000-0000-000000000000/resourceGroups/test_databricks_private_endpoint000001/providers/Microsoft.Databricks/workspaces/test-workspace/privateEndpointConnections/db-privatelink-endpoint-connection000006","name":"db-privatelink-endpoint-connection000006","type":"Microsoft.Databricks/workspaces/privateEndpointConnections","properties":{"privateEndpoint":{"id":"/subscriptions/00000000-0000-0000-0000-000000000000/resourceGroups/test_databricks_private_endpoint000001/providers/Microsoft.Network/privateEndpoints/databricks-privatelink-endpoint000005"},"groupIds":["databricks_ui_api"],"privateLinkServiceConnectionState":{"status":"Approved","description":"Approved!","actionsRequired":"None"},"provisioningState":"Succeeded"}}'
    headers:
      cache-control:
      - no-cache
      content-length:
      - '762'
      content-type:
      - application/json; charset=utf-8
      date:
      - Mon, 17 Jan 2022 06:38:46 GMT
      expires:
      - '-1'
      pragma:
      - no-cache
      strict-transport-security:
      - max-age=31536000; includeSubDomains
      transfer-encoding:
      - chunked
      vary:
      - Accept-Encoding,Accept-Encoding
      x-content-type-options:
      - nosniff
    status:
      code: 200
      message: OK
- request:
    body: null
    headers:
      Accept:
      - '*/*'
      Accept-Encoding:
      - gzip, deflate
      CommandName:
      - network private-endpoint-connection reject
      Connection:
      - keep-alive
      ParameterSetName:
      - --id --description
      User-Agent:
      - python/3.8.1 (Windows-10-10.0.22000-SP0) AZURECLI/2.32.0
    method: GET
    uri: https://management.azure.com/subscriptions/00000000-0000-0000-0000-000000000000/resourceGroups/test_databricks_private_endpoint000001/providers/Microsoft.Databricks/workspaces/test-workspace/privateEndpointConnections/db-privatelink-endpoint-connection000006?api-version=2021-04-01-preview
  response:
    body:
      string: '{"id":"/subscriptions/00000000-0000-0000-0000-000000000000/resourceGroups/test_databricks_private_endpoint000001/providers/Microsoft.Databricks/workspaces/test-workspace/privateEndpointConnections/db-privatelink-endpoint-connection000006","name":"db-privatelink-endpoint-connection000006","type":"Microsoft.Databricks/workspaces/privateEndpointConnections","properties":{"privateEndpoint":{"id":"/subscriptions/00000000-0000-0000-0000-000000000000/resourceGroups/test_databricks_private_endpoint000001/providers/Microsoft.Network/privateEndpoints/databricks-privatelink-endpoint000005"},"groupIds":["databricks_ui_api"],"privateLinkServiceConnectionState":{"status":"Approved","description":"Approved!","actionsRequired":"None"},"provisioningState":"Succeeded"}}'
    headers:
      cache-control:
      - no-cache
      content-length:
      - '762'
      content-type:
      - application/json; charset=utf-8
      date:
      - Mon, 17 Jan 2022 06:38:48 GMT
      expires:
      - '-1'
      pragma:
      - no-cache
      strict-transport-security:
      - max-age=31536000; includeSubDomains
      transfer-encoding:
      - chunked
      vary:
      - Accept-Encoding,Accept-Encoding
      x-content-type-options:
      - nosniff
    status:
      code: 200
      message: OK
- request:
    body: '{"id": "/subscriptions/00000000-0000-0000-0000-000000000000/resourceGroups/test_databricks_private_endpoint000001/providers/Microsoft.Databricks/workspaces/test-workspace/privateEndpointConnections/db-privatelink-endpoint-connection000006",
      "name": "db-privatelink-endpoint-connection000006", "type": "Microsoft.Databricks/workspaces/privateEndpointConnections",
      "properties": {"privateEndpoint": {"id": "/subscriptions/00000000-0000-0000-0000-000000000000/resourceGroups/test_databricks_private_endpoint000001/providers/Microsoft.Network/privateEndpoints/databricks-privatelink-endpoint000005"},
      "groupIds": ["databricks_ui_api"], "privateLinkServiceConnectionState": {"status":
      "Rejected", "description": "Rejected!", "actionsRequired": "None"}, "provisioningState":
      "Succeeded"}}'
    headers:
      Accept:
      - '*/*'
      Accept-Encoding:
      - gzip, deflate
      CommandName:
      - network private-endpoint-connection reject
      Connection:
      - keep-alive
      Content-Length:
      - '782'
      Content-Type:
      - application/json
      ParameterSetName:
      - --id --description
      User-Agent:
      - python/3.8.1 (Windows-10-10.0.22000-SP0) AZURECLI/2.32.0
    method: PUT
    uri: https://management.azure.com/subscriptions/00000000-0000-0000-0000-000000000000/resourceGroups/test_databricks_private_endpoint000001/providers/Microsoft.Databricks/workspaces/test-workspace/privateEndpointConnections/db-privatelink-endpoint-connection000006?api-version=2021-04-01-preview
  response:
    body:
      string: '{"id":"/subscriptions/00000000-0000-0000-0000-000000000000/resourceGroups/test_databricks_private_endpoint000001/providers/Microsoft.Databricks/workspaces/test-workspace/privateEndpointConnections/db-privatelink-endpoint-connection000006","name":"db-privatelink-endpoint-connection000006","type":"Microsoft.Databricks/workspaces/privateEndpointConnections","properties":{"privateEndpoint":{"id":"/subscriptions/00000000-0000-0000-0000-000000000000/resourceGroups/test_databricks_private_endpoint000001/providers/Microsoft.Network/privateEndpoints/databricks-privatelink-endpoint000005"},"groupIds":["databricks_ui_api"],"privateLinkServiceConnectionState":{"status":"Approved","description":"Approved!","actionsRequired":"None"},"provisioningState":"Updating"}}'
    headers:
      azure-asyncoperation:
      - https://management.azure.com/subscriptions/00000000-0000-0000-0000-000000000000/resourceGroups/test_databricks_private_endpoint000001/providers/Microsoft.Databricks/locations/westus/operationStatuses/eyJmdWxseVF1YWxpZmllZEFwcGxpYW5jZUlkIjoiL3N1YnNjcmlwdGlvbnMvMGIxZjY0NzEtMWJmMC00ZGRhLWFlYzMtY2I5MjcyZjA5NTkwL3Jlc291cmNlR3JvdXBzL3Rlc3RfZGF0YWJyaWNrc19wcml2YXRlX2VuZHBvaW50d3lheGRja24vcHJvdmlkZXJzL01pY3Jvc29mdC5EYXRhYnJpY2tzL3dvcmtzcGFjZXMvdGVzdC13b3Jrc3BhY2UiLCJqb2JJZCI6IlByaXZhdGVFbmRwb2ludENvbm5lY3Rpb25Kb2JNZXRhZGF0YToyRFJHQToyRFRFU1Q6M0E1RkRBVEFCUklDS1M6M0E1RlBSSVZBVEU6M0E1RkVORFBPSU5UV1lBWERDS046MkRURVNUOjNBMkRXT3w1MjMzQjlEN0Q3QjA4OUUwIn0?api-version=2021-04-01-preview
      cache-control:
      - no-cache
      content-length:
      - '761'
      content-type:
      - application/json; charset=utf-8
      date:
      - Mon, 17 Jan 2022 06:38:50 GMT
      expires:
      - '-1'
      location:
      - https://management.azure.com/subscriptions/00000000-0000-0000-0000-000000000000/resourceGroups/test_databricks_private_endpoint000001/providers/Microsoft.Databricks/locations/westus/operationStatuses/eyJmdWxseVF1YWxpZmllZEFwcGxpYW5jZUlkIjoiL3N1YnNjcmlwdGlvbnMvMGIxZjY0NzEtMWJmMC00ZGRhLWFlYzMtY2I5MjcyZjA5NTkwL3Jlc291cmNlR3JvdXBzL3Rlc3RfZGF0YWJyaWNrc19wcml2YXRlX2VuZHBvaW50d3lheGRja24vcHJvdmlkZXJzL01pY3Jvc29mdC5EYXRhYnJpY2tzL3dvcmtzcGFjZXMvdGVzdC13b3Jrc3BhY2UiLCJqb2JJZCI6IlByaXZhdGVFbmRwb2ludENvbm5lY3Rpb25Kb2JNZXRhZGF0YToyRFJHQToyRFRFU1Q6M0E1RkRBVEFCUklDS1M6M0E1RlBSSVZBVEU6M0E1RkVORFBPSU5UV1lBWERDS046MkRURVNUOjNBMkRXT3w1MjMzQjlEN0Q3QjA4OUUwIn0?api-version=2021-04-01-preview
      pragma:
      - no-cache
      strict-transport-security:
      - max-age=31536000; includeSubDomains
      x-content-type-options:
      - nosniff
      x-ms-ratelimit-remaining-subscription-writes:
      - '1198'
    status:
      code: 202
      message: Accepted
- request:
    body: null
    headers:
      Accept:
      - '*/*'
      Accept-Encoding:
      - gzip, deflate
      CommandName:
      - network private-endpoint-connection reject
      Connection:
      - keep-alive
      ParameterSetName:
      - --id --description
      User-Agent:
      - python/3.8.1 (Windows-10-10.0.22000-SP0) AZURECLI/2.32.0
    method: GET
    uri: https://management.azure.com/subscriptions/00000000-0000-0000-0000-000000000000/resourceGroups/test_databricks_private_endpoint000001/providers/Microsoft.Databricks/workspaces/test-workspace/privateEndpointConnections/db-privatelink-endpoint-connection000006?api-version=2021-04-01-preview
  response:
    body:
      string: '{"id":"/subscriptions/00000000-0000-0000-0000-000000000000/resourceGroups/test_databricks_private_endpoint000001/providers/Microsoft.Databricks/workspaces/test-workspace/privateEndpointConnections/db-privatelink-endpoint-connection000006","name":"db-privatelink-endpoint-connection000006","type":"Microsoft.Databricks/workspaces/privateEndpointConnections","properties":{"privateEndpoint":{"id":"/subscriptions/00000000-0000-0000-0000-000000000000/resourceGroups/test_databricks_private_endpoint000001/providers/Microsoft.Network/privateEndpoints/databricks-privatelink-endpoint000005"},"groupIds":["databricks_ui_api"],"privateLinkServiceConnectionState":{"status":"Approved","description":"Approved!","actionsRequired":"None"},"provisioningState":"Updating"}}'
    headers:
      cache-control:
      - no-cache
      content-length:
      - '761'
      content-type:
      - application/json; charset=utf-8
      date:
      - Mon, 17 Jan 2022 06:39:02 GMT
      expires:
      - '-1'
      pragma:
      - no-cache
      strict-transport-security:
      - max-age=31536000; includeSubDomains
      transfer-encoding:
      - chunked
      vary:
      - Accept-Encoding,Accept-Encoding
      x-content-type-options:
      - nosniff
    status:
      code: 200
      message: OK
- request:
    body: null
    headers:
      Accept:
      - '*/*'
      Accept-Encoding:
      - gzip, deflate
      CommandName:
      - network private-endpoint-connection reject
      Connection:
      - keep-alive
      ParameterSetName:
      - --id --description
      User-Agent:
      - python/3.8.1 (Windows-10-10.0.22000-SP0) AZURECLI/2.32.0
    method: GET
    uri: https://management.azure.com/subscriptions/00000000-0000-0000-0000-000000000000/resourceGroups/test_databricks_private_endpoint000001/providers/Microsoft.Databricks/workspaces/test-workspace/privateEndpointConnections/db-privatelink-endpoint-connection000006?api-version=2021-04-01-preview
  response:
    body:
      string: '{"id":"/subscriptions/00000000-0000-0000-0000-000000000000/resourceGroups/test_databricks_private_endpoint000001/providers/Microsoft.Databricks/workspaces/test-workspace/privateEndpointConnections/db-privatelink-endpoint-connection000006","name":"db-privatelink-endpoint-connection000006","type":"Microsoft.Databricks/workspaces/privateEndpointConnections","properties":{"privateEndpoint":{"id":"/subscriptions/00000000-0000-0000-0000-000000000000/resourceGroups/test_databricks_private_endpoint000001/providers/Microsoft.Network/privateEndpoints/databricks-privatelink-endpoint000005"},"groupIds":["databricks_ui_api"],"privateLinkServiceConnectionState":{"status":"Approved","description":"Approved!","actionsRequired":"None"},"provisioningState":"Updating"}}'
    headers:
      cache-control:
      - no-cache
      content-length:
      - '761'
      content-type:
      - application/json; charset=utf-8
      date:
      - Mon, 17 Jan 2022 06:39:13 GMT
      expires:
      - '-1'
      pragma:
      - no-cache
      strict-transport-security:
      - max-age=31536000; includeSubDomains
      transfer-encoding:
      - chunked
      vary:
      - Accept-Encoding,Accept-Encoding
      x-content-type-options:
      - nosniff
    status:
      code: 200
      message: OK
- request:
    body: null
    headers:
      Accept:
      - '*/*'
      Accept-Encoding:
      - gzip, deflate
      CommandName:
      - network private-endpoint-connection reject
      Connection:
      - keep-alive
      ParameterSetName:
      - --id --description
      User-Agent:
      - python/3.8.1 (Windows-10-10.0.22000-SP0) AZURECLI/2.32.0
    method: GET
    uri: https://management.azure.com/subscriptions/00000000-0000-0000-0000-000000000000/resourceGroups/test_databricks_private_endpoint000001/providers/Microsoft.Databricks/workspaces/test-workspace/privateEndpointConnections/db-privatelink-endpoint-connection000006?api-version=2021-04-01-preview
  response:
    body:
      string: '{"id":"/subscriptions/00000000-0000-0000-0000-000000000000/resourceGroups/test_databricks_private_endpoint000001/providers/Microsoft.Databricks/workspaces/test-workspace/privateEndpointConnections/db-privatelink-endpoint-connection000006","name":"db-privatelink-endpoint-connection000006","type":"Microsoft.Databricks/workspaces/privateEndpointConnections","properties":{"privateEndpoint":{"id":"/subscriptions/00000000-0000-0000-0000-000000000000/resourceGroups/test_databricks_private_endpoint000001/providers/Microsoft.Network/privateEndpoints/databricks-privatelink-endpoint000005"},"groupIds":["databricks_ui_api"],"privateLinkServiceConnectionState":{"status":"Approved","description":"Approved!","actionsRequired":"None"},"provisioningState":"Updating"}}'
    headers:
      cache-control:
      - no-cache
      content-length:
      - '761'
      content-type:
      - application/json; charset=utf-8
      date:
      - Mon, 17 Jan 2022 06:39:24 GMT
      expires:
      - '-1'
      pragma:
      - no-cache
      strict-transport-security:
      - max-age=31536000; includeSubDomains
      transfer-encoding:
      - chunked
      vary:
      - Accept-Encoding,Accept-Encoding
      x-content-type-options:
      - nosniff
    status:
      code: 200
      message: OK
- request:
    body: null
    headers:
      Accept:
      - '*/*'
      Accept-Encoding:
      - gzip, deflate
      CommandName:
      - network private-endpoint-connection reject
      Connection:
      - keep-alive
      ParameterSetName:
      - --id --description
      User-Agent:
      - python/3.8.1 (Windows-10-10.0.22000-SP0) AZURECLI/2.32.0
    method: GET
    uri: https://management.azure.com/subscriptions/00000000-0000-0000-0000-000000000000/resourceGroups/test_databricks_private_endpoint000001/providers/Microsoft.Databricks/workspaces/test-workspace/privateEndpointConnections/db-privatelink-endpoint-connection000006?api-version=2021-04-01-preview
  response:
    body:
      string: '{"id":"/subscriptions/00000000-0000-0000-0000-000000000000/resourceGroups/test_databricks_private_endpoint000001/providers/Microsoft.Databricks/workspaces/test-workspace/privateEndpointConnections/db-privatelink-endpoint-connection000006","name":"db-privatelink-endpoint-connection000006","type":"Microsoft.Databricks/workspaces/privateEndpointConnections","properties":{"privateEndpoint":{"id":"/subscriptions/00000000-0000-0000-0000-000000000000/resourceGroups/test_databricks_private_endpoint000001/providers/Microsoft.Network/privateEndpoints/databricks-privatelink-endpoint000005"},"groupIds":["databricks_ui_api"],"privateLinkServiceConnectionState":{"status":"Rejected","description":"Rejected!","actionsRequired":"None"},"provisioningState":"Updating"}}'
    headers:
      cache-control:
      - no-cache
      content-length:
      - '761'
      content-type:
      - application/json; charset=utf-8
      date:
      - Mon, 17 Jan 2022 06:39:36 GMT
      expires:
      - '-1'
      pragma:
      - no-cache
      strict-transport-security:
      - max-age=31536000; includeSubDomains
      transfer-encoding:
      - chunked
      vary:
      - Accept-Encoding,Accept-Encoding
      x-content-type-options:
      - nosniff
    status:
      code: 200
      message: OK
- request:
    body: null
    headers:
      Accept:
      - '*/*'
      Accept-Encoding:
      - gzip, deflate
      CommandName:
      - network private-endpoint-connection reject
      Connection:
      - keep-alive
      ParameterSetName:
      - --id --description
      User-Agent:
      - python/3.8.1 (Windows-10-10.0.22000-SP0) AZURECLI/2.32.0
    method: GET
    uri: https://management.azure.com/subscriptions/00000000-0000-0000-0000-000000000000/resourceGroups/test_databricks_private_endpoint000001/providers/Microsoft.Databricks/workspaces/test-workspace/privateEndpointConnections/db-privatelink-endpoint-connection000006?api-version=2021-04-01-preview
  response:
    body:
      string: '{"id":"/subscriptions/00000000-0000-0000-0000-000000000000/resourceGroups/test_databricks_private_endpoint000001/providers/Microsoft.Databricks/workspaces/test-workspace/privateEndpointConnections/db-privatelink-endpoint-connection000006","name":"db-privatelink-endpoint-connection000006","type":"Microsoft.Databricks/workspaces/privateEndpointConnections","properties":{"privateEndpoint":{"id":"/subscriptions/00000000-0000-0000-0000-000000000000/resourceGroups/test_databricks_private_endpoint000001/providers/Microsoft.Network/privateEndpoints/databricks-privatelink-endpoint000005"},"groupIds":["databricks_ui_api"],"privateLinkServiceConnectionState":{"status":"Rejected","description":"Rejected!","actionsRequired":"None"},"provisioningState":"Updating"}}'
    headers:
      cache-control:
      - no-cache
      content-length:
      - '761'
      content-type:
      - application/json; charset=utf-8
      date:
      - Mon, 17 Jan 2022 06:39:47 GMT
      expires:
      - '-1'
      pragma:
      - no-cache
      strict-transport-security:
      - max-age=31536000; includeSubDomains
      transfer-encoding:
      - chunked
      vary:
      - Accept-Encoding,Accept-Encoding
      x-content-type-options:
      - nosniff
    status:
      code: 200
      message: OK
- request:
    body: null
    headers:
      Accept:
      - '*/*'
      Accept-Encoding:
      - gzip, deflate
      CommandName:
      - network private-endpoint-connection reject
      Connection:
      - keep-alive
      ParameterSetName:
      - --id --description
      User-Agent:
      - python/3.8.1 (Windows-10-10.0.22000-SP0) AZURECLI/2.32.0
    method: GET
    uri: https://management.azure.com/subscriptions/00000000-0000-0000-0000-000000000000/resourceGroups/test_databricks_private_endpoint000001/providers/Microsoft.Databricks/workspaces/test-workspace/privateEndpointConnections/db-privatelink-endpoint-connection000006?api-version=2021-04-01-preview
  response:
    body:
      string: '{"id":"/subscriptions/00000000-0000-0000-0000-000000000000/resourceGroups/test_databricks_private_endpoint000001/providers/Microsoft.Databricks/workspaces/test-workspace/privateEndpointConnections/db-privatelink-endpoint-connection000006","name":"db-privatelink-endpoint-connection000006","type":"Microsoft.Databricks/workspaces/privateEndpointConnections","properties":{"privateEndpoint":{"id":"/subscriptions/00000000-0000-0000-0000-000000000000/resourceGroups/test_databricks_private_endpoint000001/providers/Microsoft.Network/privateEndpoints/databricks-privatelink-endpoint000005"},"groupIds":["databricks_ui_api"],"privateLinkServiceConnectionState":{"status":"Rejected","description":"Rejected!","actionsRequired":"None"},"provisioningState":"Succeeded"}}'
    headers:
      cache-control:
      - no-cache
      content-length:
      - '762'
      content-type:
      - application/json; charset=utf-8
      date:
      - Mon, 17 Jan 2022 06:39:59 GMT
      expires:
      - '-1'
      pragma:
      - no-cache
      strict-transport-security:
      - max-age=31536000; includeSubDomains
      transfer-encoding:
      - chunked
      vary:
      - Accept-Encoding,Accept-Encoding
      x-content-type-options:
      - nosniff
    status:
      code: 200
      message: OK
- request:
    body: null
    headers:
      Accept:
      - '*/*'
      Accept-Encoding:
      - gzip, deflate
      CommandName:
      - network private-endpoint-connection delete
      Connection:
      - keep-alive
      Content-Length:
      - '0'
      ParameterSetName:
      - --id -y
      User-Agent:
      - python/3.8.1 (Windows-10-10.0.22000-SP0) AZURECLI/2.32.0
    method: DELETE
    uri: https://management.azure.com/subscriptions/00000000-0000-0000-0000-000000000000/resourceGroups/test_databricks_private_endpoint000001/providers/Microsoft.Databricks/workspaces/test-workspace/privateEndpointConnections/db-privatelink-endpoint-connection000006?api-version=2021-04-01-preview
  response:
    body:
      string: '{"id":"/subscriptions/00000000-0000-0000-0000-000000000000/resourceGroups/test_databricks_private_endpoint000001/providers/Microsoft.Databricks/workspaces/test-workspace/privateEndpointConnections/db-privatelink-endpoint-connection000006","name":"db-privatelink-endpoint-connection000006","type":"Microsoft.Databricks/workspaces/privateEndpointConnections","properties":{"privateEndpoint":{"id":"/subscriptions/00000000-0000-0000-0000-000000000000/resourceGroups/test_databricks_private_endpoint000001/providers/Microsoft.Network/privateEndpoints/databricks-privatelink-endpoint000005"},"groupIds":["databricks_ui_api"],"privateLinkServiceConnectionState":{"status":"Rejected","description":"Rejected!","actionsRequired":"None"},"provisioningState":"Deleting"}}'
    headers:
      azure-asyncoperation:
      - https://management.azure.com/subscriptions/00000000-0000-0000-0000-000000000000/resourceGroups/test_databricks_private_endpoint000001/providers/Microsoft.Databricks/locations/westus/operationStatuses/eyJmdWxseVF1YWxpZmllZEFwcGxpYW5jZUlkIjoiL3N1YnNjcmlwdGlvbnMvMGIxZjY0NzEtMWJmMC00ZGRhLWFlYzMtY2I5MjcyZjA5NTkwL3Jlc291cmNlR3JvdXBzL3Rlc3RfZGF0YWJyaWNrc19wcml2YXRlX2VuZHBvaW50d3lheGRja24vcHJvdmlkZXJzL01pY3Jvc29mdC5EYXRhYnJpY2tzL3dvcmtzcGFjZXMvdGVzdC13b3Jrc3BhY2UiLCJqb2JJZCI6IlByaXZhdGVFbmRwb2ludENvbm5lY3Rpb25Kb2JNZXRhZGF0YToyRFJHQToyRFRFU1Q6M0E1RkRBVEFCUklDS1M6M0E1RlBSSVZBVEU6M0E1RkVORFBPSU5UV1lBWERDS046MkRURVNUOjNBMkRXT3w1MjMzQjlEN0Q3QjA4OUUwIn0?api-version=2021-04-01-preview
      cache-control:
      - no-cache
      content-length:
      - '761'
      content-type:
      - application/json; charset=utf-8
      date:
      - Mon, 17 Jan 2022 06:40:02 GMT
      expires:
      - '-1'
      location:
      - https://management.azure.com/subscriptions/00000000-0000-0000-0000-000000000000/resourceGroups/test_databricks_private_endpoint000001/providers/Microsoft.Databricks/locations/westus/operationStatuses/eyJmdWxseVF1YWxpZmllZEFwcGxpYW5jZUlkIjoiL3N1YnNjcmlwdGlvbnMvMGIxZjY0NzEtMWJmMC00ZGRhLWFlYzMtY2I5MjcyZjA5NTkwL3Jlc291cmNlR3JvdXBzL3Rlc3RfZGF0YWJyaWNrc19wcml2YXRlX2VuZHBvaW50d3lheGRja24vcHJvdmlkZXJzL01pY3Jvc29mdC5EYXRhYnJpY2tzL3dvcmtzcGFjZXMvdGVzdC13b3Jrc3BhY2UiLCJqb2JJZCI6IlByaXZhdGVFbmRwb2ludENvbm5lY3Rpb25Kb2JNZXRhZGF0YToyRFJHQToyRFRFU1Q6M0E1RkRBVEFCUklDS1M6M0E1RlBSSVZBVEU6M0E1RkVORFBPSU5UV1lBWERDS046MkRURVNUOjNBMkRXT3w1MjMzQjlEN0Q3QjA4OUUwIn0?api-version=2021-04-01-preview
      pragma:
      - no-cache
      strict-transport-security:
      - max-age=31536000; includeSubDomains
      x-content-type-options:
      - nosniff
      x-ms-ratelimit-remaining-subscription-deletes:
      - '14999'
    status:
      code: 202
      message: Accepted
- request:
    body: null
    headers:
      Accept:
      - '*/*'
      Accept-Encoding:
      - gzip, deflate
      CommandName:
      - network private-endpoint-connection list
      Connection:
      - keep-alive
      ParameterSetName:
      - --id
      User-Agent:
      - python/3.8.1 (Windows-10-10.0.22000-SP0) AZURECLI/2.32.0
    method: GET
    uri: https://management.azure.com/subscriptions/00000000-0000-0000-0000-000000000000/resourceGroups/test_databricks_private_endpoint000001/providers/Microsoft.Databricks/workspaces/test-workspace/privateEndpointConnections?api-version=2021-04-01-preview
  response:
    body:
      string: '{"value":[]}'
    headers:
      cache-control:
      - no-cache
      content-length:
      - '12'
      content-type:
      - application/json; charset=utf-8
      date:
      - Mon, 17 Jan 2022 06:45:03 GMT
      expires:
      - '-1'
      pragma:
      - no-cache
      strict-transport-security:
      - max-age=31536000; includeSubDomains
      transfer-encoding:
      - chunked
      vary:
      - Accept-Encoding,Accept-Encoding
      x-content-type-options:
      - nosniff
    status:
      code: 200
      message: OK
version: 1
