interactions:
- request:
    body: '{"location": "centralus", "properties": {"publicIPAllocationMethod": "Dynamic",
      "publicIPAddressVersion": "IPv4", "idleTimeoutInMinutes": 4}, "zones": ["2"]}'
    headers:
      Accept:
      - application/json
      Accept-Encoding:
      - gzip, deflate
      CommandName:
      - network public-ip create
      Connection:
      - keep-alive
      Content-Length:
      - '157'
      Content-Type:
      - application/json; charset=utf-8
      ParameterSetName:
      - -g -n -l -z
      User-Agent:
      - python/3.7.4 (Windows-10-10.0.18362-SP0) msrest/0.6.10 msrest_azure/0.6.2
        azure-mgmt-network/6.0.0 Azure-SDK-For-Python AZURECLI/2.0.75
      accept-language:
      - en-US
    method: PUT
    uri: https://management.azure.com/subscriptions/00000000-0000-0000-0000-000000000000/resourceGroups/cli_test_zoned_public_ip000001/providers/Microsoft.Network/publicIPAddresses/pubip?api-version=2019-09-01
  response:
    body:
      string: "{\r\n  \"name\": \"pubip\",\r\n  \"id\": \"/subscriptions/00000000-0000-0000-0000-000000000000/resourceGroups/cli_test_zoned_public_ip000001/providers/Microsoft.Network/publicIPAddresses/pubip\",\r\n
        \ \"etag\": \"W/\\\"9de994a4-0526-4705-8971-c154b6afc386\\\"\",\r\n  \"location\":
        \"centralus\",\r\n  \"zones\": [\r\n    \"2\"\r\n  ],\r\n  \"properties\":
        {\r\n    \"provisioningState\": \"Updating\",\r\n    \"resourceGuid\": \"704169ba-084e-4d2c-b366-817e1283c1cc\",\r\n
        \   \"publicIPAddressVersion\": \"IPv4\",\r\n    \"publicIPAllocationMethod\":
        \"Dynamic\",\r\n    \"idleTimeoutInMinutes\": 4,\r\n    \"ipTags\": []\r\n
        \ },\r\n  \"type\": \"Microsoft.Network/publicIPAddresses\",\r\n  \"sku\":
        {\r\n    \"name\": \"Basic\",\r\n    \"tier\": \"Regional\"\r\n  }\r\n}"
    headers:
      azure-asyncoperation:
      - https://management.azure.com/subscriptions/00000000-0000-0000-0000-000000000000/providers/Microsoft.Network/locations/centralus/operations/06175f4d-826f-4c3e-85c5-924b1c3fb33d?api-version=2019-09-01
      cache-control:
      - no-cache
      content-length:
      - '715'
      content-type:
      - application/json; charset=utf-8
      date:
      - Mon, 21 Oct 2019 12:44:57 GMT
      expires:
      - '-1'
      pragma:
      - no-cache
      server:
      - Microsoft-HTTPAPI/2.0
      - Microsoft-HTTPAPI/2.0
      strict-transport-security:
      - max-age=31536000; includeSubDomains
      x-content-type-options:
      - nosniff
      x-ms-arm-service-request-id:
      - 1946832c-fa45-4728-a599-51362a2a4317
      x-ms-ratelimit-remaining-subscription-writes:
      - '1186'
    status:
      code: 201
      message: Created
- request:
    body: null
    headers:
      Accept:
      - application/json
      Accept-Encoding:
      - gzip, deflate
      CommandName:
      - network public-ip create
      Connection:
      - keep-alive
      ParameterSetName:
      - -g -n -l -z
      User-Agent:
      - python/3.7.4 (Windows-10-10.0.18362-SP0) msrest/0.6.10 msrest_azure/0.6.2
        azure-mgmt-network/6.0.0 Azure-SDK-For-Python AZURECLI/2.0.75
    method: GET
    uri: https://management.azure.com/subscriptions/00000000-0000-0000-0000-000000000000/providers/Microsoft.Network/locations/centralus/operations/06175f4d-826f-4c3e-85c5-924b1c3fb33d?api-version=2019-09-01
  response:
    body:
      string: "{\r\n  \"status\": \"Succeeded\"\r\n}"
    headers:
      cache-control:
      - no-cache
      content-length:
      - '29'
      content-type:
      - application/json; charset=utf-8
      date:
      - Mon, 21 Oct 2019 12:44:59 GMT
      expires:
      - '-1'
      pragma:
      - no-cache
      server:
      - Microsoft-HTTPAPI/2.0
      - Microsoft-HTTPAPI/2.0
      strict-transport-security:
      - max-age=31536000; includeSubDomains
      transfer-encoding:
      - chunked
      vary:
      - Accept-Encoding
      x-content-type-options:
      - nosniff
      x-ms-arm-service-request-id:
      - 73bd2dec-398d-4f86-92ec-4db84bc90ded
    status:
      code: 200
      message: OK
- request:
    body: null
    headers:
      Accept:
      - application/json
      Accept-Encoding:
      - gzip, deflate
      CommandName:
      - network public-ip create
      Connection:
      - keep-alive
      ParameterSetName:
      - -g -n -l -z
      User-Agent:
      - python/3.7.4 (Windows-10-10.0.18362-SP0) msrest/0.6.10 msrest_azure/0.6.2
        azure-mgmt-network/6.0.0 Azure-SDK-For-Python AZURECLI/2.0.75
    method: GET
    uri: https://management.azure.com/subscriptions/00000000-0000-0000-0000-000000000000/resourceGroups/cli_test_zoned_public_ip000001/providers/Microsoft.Network/publicIPAddresses/pubip?api-version=2019-09-01
  response:
    body:
      string: "{\r\n  \"name\": \"pubip\",\r\n  \"id\": \"/subscriptions/00000000-0000-0000-0000-000000000000/resourceGroups/cli_test_zoned_public_ip000001/providers/Microsoft.Network/publicIPAddresses/pubip\",\r\n
        \ \"etag\": \"W/\\\"b03d9ce8-0171-4bff-8c06-ec50a1be76bd\\\"\",\r\n  \"location\":
        \"centralus\",\r\n  \"zones\": [\r\n    \"2\"\r\n  ],\r\n  \"properties\":
        {\r\n    \"provisioningState\": \"Succeeded\",\r\n    \"resourceGuid\": \"704169ba-084e-4d2c-b366-817e1283c1cc\",\r\n
        \   \"publicIPAddressVersion\": \"IPv4\",\r\n    \"publicIPAllocationMethod\":
        \"Dynamic\",\r\n    \"idleTimeoutInMinutes\": 4,\r\n    \"ipTags\": []\r\n
        \ },\r\n  \"type\": \"Microsoft.Network/publicIPAddresses\",\r\n  \"sku\":
        {\r\n    \"name\": \"Basic\",\r\n    \"tier\": \"Regional\"\r\n  }\r\n}"
    headers:
      cache-control:
      - no-cache
      content-length:
      - '716'
      content-type:
      - application/json; charset=utf-8
      date:
      - Mon, 21 Oct 2019 12:45:00 GMT
      etag:
      - W/"b03d9ce8-0171-4bff-8c06-ec50a1be76bd"
      expires:
      - '-1'
      pragma:
      - no-cache
      server:
      - Microsoft-HTTPAPI/2.0
      - Microsoft-HTTPAPI/2.0
      strict-transport-security:
      - max-age=31536000; includeSubDomains
      transfer-encoding:
      - chunked
      vary:
      - Accept-Encoding
      x-content-type-options:
      - nosniff
      x-ms-arm-service-request-id:
      - f1dc2243-e766-4b14-b8d3-43b22e6a6c7e
    status:
      code: 200
      message: OK
- request:
    body: null
    headers:
      Accept:
      - application/json
      Accept-Encoding:
      - gzip, deflate
      CommandName:
      - network public-ip show
      Connection:
      - keep-alive
      ParameterSetName:
      - -g -n -o
      User-Agent:
      - python/3.7.4 (Windows-10-10.0.18362-SP0) msrest/0.6.10 msrest_azure/0.6.2
        azure-mgmt-network/6.0.0 Azure-SDK-For-Python AZURECLI/2.0.75
      accept-language:
      - en-US
    method: GET
    uri: https://management.azure.com/subscriptions/00000000-0000-0000-0000-000000000000/resourceGroups/cli_test_zoned_public_ip000001/providers/Microsoft.Network/publicIPAddresses/pubip?api-version=2019-09-01
  response:
    body:
      string: "{\r\n  \"name\": \"pubip\",\r\n  \"id\": \"/subscriptions/00000000-0000-0000-0000-000000000000/resourceGroups/cli_test_zoned_public_ip000001/providers/Microsoft.Network/publicIPAddresses/pubip\",\r\n
        \ \"etag\": \"W/\\\"b03d9ce8-0171-4bff-8c06-ec50a1be76bd\\\"\",\r\n  \"location\":
        \"centralus\",\r\n  \"zones\": [\r\n    \"2\"\r\n  ],\r\n  \"properties\":
        {\r\n    \"provisioningState\": \"Succeeded\",\r\n    \"resourceGuid\": \"704169ba-084e-4d2c-b366-817e1283c1cc\",\r\n
        \   \"publicIPAddressVersion\": \"IPv4\",\r\n    \"publicIPAllocationMethod\":
        \"Dynamic\",\r\n    \"idleTimeoutInMinutes\": 4,\r\n    \"ipTags\": []\r\n
        \ },\r\n  \"type\": \"Microsoft.Network/publicIPAddresses\",\r\n  \"sku\":
        {\r\n    \"name\": \"Basic\",\r\n    \"tier\": \"Regional\"\r\n  }\r\n}"
    headers:
      cache-control:
      - no-cache
      content-length:
      - '716'
      content-type:
      - application/json; charset=utf-8
      date:
      - Mon, 21 Oct 2019 12:45:02 GMT
      etag:
      - W/"b03d9ce8-0171-4bff-8c06-ec50a1be76bd"
      expires:
      - '-1'
      pragma:
      - no-cache
      server:
      - Microsoft-HTTPAPI/2.0
      - Microsoft-HTTPAPI/2.0
      strict-transport-security:
      - max-age=31536000; includeSubDomains
      transfer-encoding:
      - chunked
      vary:
      - Accept-Encoding
      x-content-type-options:
      - nosniff
      x-ms-arm-service-request-id:
      - 137dc962-df30-4019-a197-79096982fd92
    status:
      code: 200
      message: OK
version: 1
