interactions:
- request:
    body: null
    headers:
      Accept:
      - application/json
      Accept-Encoding:
      - gzip, deflate
      CommandName:
      - network public-ip create
      Connection:
      - keep-alive
      ParameterSetName:
      - -g -n
      User-Agent:
      - AZURECLI/2.39.0 (PIP) azsdk-python-azure-mgmt-resource/21.1.0b1 Python/3.8.10
        (Windows-10-10.0.19044-SP0)
    method: GET
    uri: https://management.azure.com/subscriptions/00000000-0000-0000-0000-000000000000/resourcegroups/clitest.rg000001?api-version=2021-04-01
  response:
    body:
      string: '{"id":"/subscriptions/00000000-0000-0000-0000-000000000000/resourceGroups/clitest.rg000001","name":"clitest.rg000001","type":"Microsoft.Resources/resourceGroups","location":"westus","tags":{"product":"azurecli","cause":"automation","date":"2022-08-28T14:05:59Z"},"properties":{"provisioningState":"Succeeded"}}'
    headers:
      cache-control:
      - no-cache
      content-length:
      - '310'
      content-type:
      - application/json; charset=utf-8
      date:
      - Sun, 28 Aug 2022 14:06:02 GMT
      expires:
      - '-1'
      pragma:
      - no-cache
      strict-transport-security:
      - max-age=31536000; includeSubDomains
      vary:
      - Accept-Encoding
      x-content-type-options:
      - nosniff
    status:
      code: 200
      message: OK
- request:
    body: '{"location": "westus", "properties": {"publicIPAllocationMethod": "Dynamic",
      "publicIPAddressVersion": "IPv4", "idleTimeoutInMinutes": 4}}'
    headers:
      Accept:
      - application/json
      Accept-Encoding:
      - gzip, deflate
      CommandName:
      - network public-ip create
      Connection:
      - keep-alive
      Content-Length:
      - '138'
      Content-Type:
      - application/json
      ParameterSetName:
      - -g -n
      User-Agent:
      - AZURECLI/2.39.0 (PIP) azsdk-python-azure-mgmt-network/21.0.1 Python/3.8.10
        (Windows-10-10.0.19044-SP0)
    method: PUT
    uri: https://management.azure.com/subscriptions/00000000-0000-0000-0000-000000000000/resourceGroups/clitest.rg000001/providers/Microsoft.Network/publicIPAddresses/ip?api-version=2022-01-01
  response:
    body:
      string: "{\r\n  \"name\": \"ip\",\r\n  \"id\": \"/subscriptions/00000000-0000-0000-0000-000000000000/resourceGroups/clitest.rg000001/providers/Microsoft.Network/publicIPAddresses/ip\",\r\n
        \ \"etag\": \"W/\\\"f12357ac-bbad-43e6-944f-497b0df7aa8b\\\"\",\r\n  \"location\":
        \"westus\",\r\n  \"properties\": {\r\n    \"provisioningState\": \"Updating\",\r\n
        \   \"resourceGuid\": \"c72b6466-bc4f-47bb-b02c-5476b9d6afe8\",\r\n    \"publicIPAddressVersion\":
        \"IPv4\",\r\n    \"publicIPAllocationMethod\": \"Dynamic\",\r\n    \"idleTimeoutInMinutes\":
        4,\r\n    \"ipTags\": []\r\n  },\r\n  \"type\": \"Microsoft.Network/publicIPAddresses\",\r\n
        \ \"sku\": {\r\n    \"name\": \"Basic\",\r\n    \"tier\": \"Regional\"\r\n
        \ }\r\n}"
    headers:
      azure-asyncnotification:
      - Enabled
      azure-asyncoperation:
      - https://management.azure.com/subscriptions/00000000-0000-0000-0000-000000000000/providers/Microsoft.Network/locations/westus/operations/f41793fc-2683-4512-9d45-563c400a4f81?api-version=2022-01-01
      cache-control:
      - no-cache
      content-length:
      - '618'
      content-type:
      - application/json; charset=utf-8
      date:
      - Sun, 28 Aug 2022 14:06:09 GMT
      expires:
      - '-1'
      pragma:
      - no-cache
      server:
      - Microsoft-HTTPAPI/2.0
      - Microsoft-HTTPAPI/2.0
      strict-transport-security:
      - max-age=31536000; includeSubDomains
      x-content-type-options:
      - nosniff
      x-ms-arm-service-request-id:
      - 1a74e5f4-27dd-492b-8939-fdda7b7b45bc
      x-ms-ratelimit-remaining-subscription-writes:
      - '1193'
    status:
      code: 201
      message: Created
- request:
    body: null
    headers:
      Accept:
      - '*/*'
      Accept-Encoding:
      - gzip, deflate
      CommandName:
      - network public-ip create
      Connection:
      - keep-alive
      ParameterSetName:
      - -g -n
      User-Agent:
      - AZURECLI/2.39.0 (PIP) azsdk-python-azure-mgmt-network/21.0.1 Python/3.8.10
        (Windows-10-10.0.19044-SP0)
    method: GET
    uri: https://management.azure.com/subscriptions/00000000-0000-0000-0000-000000000000/providers/Microsoft.Network/locations/westus/operations/f41793fc-2683-4512-9d45-563c400a4f81?api-version=2022-01-01
  response:
    body:
      string: "{\r\n  \"status\": \"Succeeded\"\r\n}"
    headers:
      cache-control:
      - no-cache
      content-length:
      - '29'
      content-type:
      - application/json; charset=utf-8
      date:
      - Sun, 28 Aug 2022 14:06:10 GMT
      expires:
      - '-1'
      pragma:
      - no-cache
      server:
      - Microsoft-HTTPAPI/2.0
      - Microsoft-HTTPAPI/2.0
      strict-transport-security:
      - max-age=31536000; includeSubDomains
      transfer-encoding:
      - chunked
      vary:
      - Accept-Encoding
      x-content-type-options:
      - nosniff
      x-ms-arm-service-request-id:
      - c3b68c42-7d8d-40b9-8fcb-b97ebda4ec79
    status:
      code: 200
      message: OK
- request:
    body: null
    headers:
      Accept:
      - '*/*'
      Accept-Encoding:
      - gzip, deflate
      CommandName:
      - network public-ip create
      Connection:
      - keep-alive
      ParameterSetName:
      - -g -n
      User-Agent:
      - AZURECLI/2.39.0 (PIP) azsdk-python-azure-mgmt-network/21.0.1 Python/3.8.10
        (Windows-10-10.0.19044-SP0)
    method: GET
    uri: https://management.azure.com/subscriptions/00000000-0000-0000-0000-000000000000/resourceGroups/clitest.rg000001/providers/Microsoft.Network/publicIPAddresses/ip?api-version=2022-01-01
  response:
    body:
      string: "{\r\n  \"name\": \"ip\",\r\n  \"id\": \"/subscriptions/00000000-0000-0000-0000-000000000000/resourceGroups/clitest.rg000001/providers/Microsoft.Network/publicIPAddresses/ip\",\r\n
        \ \"etag\": \"W/\\\"4c3511a2-68d2-4dc9-87c5-acee88583912\\\"\",\r\n  \"location\":
        \"westus\",\r\n  \"properties\": {\r\n    \"provisioningState\": \"Succeeded\",\r\n
        \   \"resourceGuid\": \"c72b6466-bc4f-47bb-b02c-5476b9d6afe8\",\r\n    \"publicIPAddressVersion\":
        \"IPv4\",\r\n    \"publicIPAllocationMethod\": \"Dynamic\",\r\n    \"idleTimeoutInMinutes\":
        4,\r\n    \"ipTags\": []\r\n  },\r\n  \"type\": \"Microsoft.Network/publicIPAddresses\",\r\n
        \ \"sku\": {\r\n    \"name\": \"Basic\",\r\n    \"tier\": \"Regional\"\r\n
        \ }\r\n}"
    headers:
      cache-control:
      - no-cache
      content-length:
      - '619'
      content-type:
      - application/json; charset=utf-8
      date:
      - Sun, 28 Aug 2022 14:06:11 GMT
      etag:
      - W/"4c3511a2-68d2-4dc9-87c5-acee88583912"
      expires:
      - '-1'
      pragma:
      - no-cache
      server:
      - Microsoft-HTTPAPI/2.0
      - Microsoft-HTTPAPI/2.0
      strict-transport-security:
      - max-age=31536000; includeSubDomains
      transfer-encoding:
      - chunked
      vary:
      - Accept-Encoding
      x-content-type-options:
      - nosniff
      x-ms-arm-service-request-id:
      - 22170919-e4c2-4767-93ea-554110edb4c5
    status:
      code: 200
      message: OK
- request:
    body: null
    headers:
      Accept:
      - application/json
      Accept-Encoding:
      - gzip, deflate
      CommandName:
      - network vnet create
      Connection:
      - keep-alive
      ParameterSetName:
      - -g -n --subnet-name
      User-Agent:
      - AZURECLI/2.39.0 (PIP) azsdk-python-azure-mgmt-resource/21.1.0b1 Python/3.8.10
        (Windows-10-10.0.19044-SP0)
    method: GET
    uri: https://management.azure.com/subscriptions/00000000-0000-0000-0000-000000000000/resourcegroups/clitest.rg000001?api-version=2021-04-01
  response:
    body:
      string: '{"id":"/subscriptions/00000000-0000-0000-0000-000000000000/resourceGroups/clitest.rg000001","name":"clitest.rg000001","type":"Microsoft.Resources/resourceGroups","location":"westus","tags":{"product":"azurecli","cause":"automation","date":"2022-08-28T14:05:59Z"},"properties":{"provisioningState":"Succeeded"}}'
    headers:
      cache-control:
      - no-cache
      content-length:
      - '310'
      content-type:
      - application/json; charset=utf-8
      date:
      - Sun, 28 Aug 2022 14:06:13 GMT
      expires:
      - '-1'
      pragma:
      - no-cache
      strict-transport-security:
      - max-age=31536000; includeSubDomains
      vary:
      - Accept-Encoding
      x-content-type-options:
      - nosniff
    status:
      code: 200
      message: OK
- request:
    body: '{"location": "westus", "tags": {}, "properties": {"addressSpace": {"addressPrefixes":
      ["10.0.0.0/16"]}, "dhcpOptions": {}, "subnets": [{"name": "GatewaySubnet", "properties":
      {"addressPrefix": "10.0.0.0/24", "privateEndpointNetworkPolicies": "Disabled",
      "privateLinkServiceNetworkPolicies": "Enabled"}}]}}'
    headers:
      Accept:
      - application/json
      Accept-Encoding:
      - gzip, deflate
      CommandName:
      - network vnet create
      Connection:
      - keep-alive
      Content-Length:
      - '305'
      Content-Type:
      - application/json
      ParameterSetName:
      - -g -n --subnet-name
      User-Agent:
      - AZURECLI/2.39.0 (PIP) azsdk-python-azure-mgmt-network/21.0.1 Python/3.8.10
        (Windows-10-10.0.19044-SP0)
    method: PUT
    uri: https://management.azure.com/subscriptions/00000000-0000-0000-0000-000000000000/resourceGroups/clitest.rg000001/providers/Microsoft.Network/virtualNetworks/vnet?api-version=2022-01-01
  response:
    body:
      string: "{\r\n  \"name\": \"vnet\",\r\n  \"id\": \"/subscriptions/00000000-0000-0000-0000-000000000000/resourceGroups/clitest.rg000001/providers/Microsoft.Network/virtualNetworks/vnet\",\r\n
        \ \"etag\": \"W/\\\"53cc0fe9-8cae-4212-bf67-d7e64bc0d67a\\\"\",\r\n  \"type\":
        \"Microsoft.Network/virtualNetworks\",\r\n  \"location\": \"westus\",\r\n
        \ \"tags\": {},\r\n  \"properties\": {\r\n    \"provisioningState\": \"Updating\",\r\n
        \   \"resourceGuid\": \"84384ab0-74d4-4989-95fa-3f9cbebc307e\",\r\n    \"addressSpace\":
        {\r\n      \"addressPrefixes\": [\r\n        \"10.0.0.0/16\"\r\n      ]\r\n
        \   },\r\n    \"dhcpOptions\": {\r\n      \"dnsServers\": []\r\n    },\r\n
        \   \"subnets\": [\r\n      {\r\n        \"name\": \"GatewaySubnet\",\r\n
        \       \"id\": \"/subscriptions/00000000-0000-0000-0000-000000000000/resourceGroups/clitest.rg000001/providers/Microsoft.Network/virtualNetworks/vnet/subnets/GatewaySubnet\",\r\n
        \       \"etag\": \"W/\\\"53cc0fe9-8cae-4212-bf67-d7e64bc0d67a\\\"\",\r\n
        \       \"properties\": {\r\n          \"provisioningState\": \"Updating\",\r\n
        \         \"addressPrefix\": \"10.0.0.0/24\",\r\n          \"delegations\":
        [],\r\n          \"privateEndpointNetworkPolicies\": \"Disabled\",\r\n          \"privateLinkServiceNetworkPolicies\":
        \"Enabled\"\r\n        },\r\n        \"type\": \"Microsoft.Network/virtualNetworks/subnets\"\r\n
        \     }\r\n    ],\r\n    \"virtualNetworkPeerings\": [],\r\n    \"enableDdosProtection\":
        false\r\n  }\r\n}"
    headers:
      azure-asyncnotification:
      - Enabled
      azure-asyncoperation:
      - https://management.azure.com/subscriptions/00000000-0000-0000-0000-000000000000/providers/Microsoft.Network/locations/westus/operations/5de42423-ae91-45b3-94c6-02c4dc187af4?api-version=2022-01-01
      cache-control:
      - no-cache
      content-length:
      - '1295'
      content-type:
      - application/json; charset=utf-8
      date:
      - Sun, 28 Aug 2022 14:06:18 GMT
      expires:
      - '-1'
      pragma:
      - no-cache
      server:
      - Microsoft-HTTPAPI/2.0
      - Microsoft-HTTPAPI/2.0
      strict-transport-security:
      - max-age=31536000; includeSubDomains
      x-content-type-options:
      - nosniff
      x-ms-arm-service-request-id:
      - b75f6843-2715-4321-a32c-11d73dedafb8
      x-ms-ratelimit-remaining-subscription-writes:
      - '1194'
    status:
      code: 201
      message: Created
- request:
    body: null
    headers:
      Accept:
      - '*/*'
      Accept-Encoding:
      - gzip, deflate
      CommandName:
      - network vnet create
      Connection:
      - keep-alive
      ParameterSetName:
      - -g -n --subnet-name
      User-Agent:
      - AZURECLI/2.39.0 (PIP) azsdk-python-azure-mgmt-network/21.0.1 Python/3.8.10
        (Windows-10-10.0.19044-SP0)
    method: GET
    uri: https://management.azure.com/subscriptions/00000000-0000-0000-0000-000000000000/providers/Microsoft.Network/locations/westus/operations/5de42423-ae91-45b3-94c6-02c4dc187af4?api-version=2022-01-01
  response:
    body:
      string: "{\r\n  \"status\": \"Succeeded\"\r\n}"
    headers:
      cache-control:
      - no-cache
      content-length:
      - '29'
      content-type:
      - application/json; charset=utf-8
      date:
      - Sun, 28 Aug 2022 14:06:22 GMT
      expires:
      - '-1'
      pragma:
      - no-cache
      server:
      - Microsoft-HTTPAPI/2.0
      - Microsoft-HTTPAPI/2.0
      strict-transport-security:
      - max-age=31536000; includeSubDomains
      transfer-encoding:
      - chunked
      vary:
      - Accept-Encoding
      x-content-type-options:
      - nosniff
      x-ms-arm-service-request-id:
      - 48637eae-3721-45fc-8a74-c53f4ece1390
    status:
      code: 200
      message: OK
- request:
    body: null
    headers:
      Accept:
      - '*/*'
      Accept-Encoding:
      - gzip, deflate
      CommandName:
      - network vnet create
      Connection:
      - keep-alive
      ParameterSetName:
      - -g -n --subnet-name
      User-Agent:
      - AZURECLI/2.39.0 (PIP) azsdk-python-azure-mgmt-network/21.0.1 Python/3.8.10
        (Windows-10-10.0.19044-SP0)
    method: GET
    uri: https://management.azure.com/subscriptions/00000000-0000-0000-0000-000000000000/resourceGroups/clitest.rg000001/providers/Microsoft.Network/virtualNetworks/vnet?api-version=2022-01-01
  response:
    body:
      string: "{\r\n  \"name\": \"vnet\",\r\n  \"id\": \"/subscriptions/00000000-0000-0000-0000-000000000000/resourceGroups/clitest.rg000001/providers/Microsoft.Network/virtualNetworks/vnet\",\r\n
        \ \"etag\": \"W/\\\"4bc3c13f-7f1b-4625-8ea8-1acac67978cf\\\"\",\r\n  \"type\":
        \"Microsoft.Network/virtualNetworks\",\r\n  \"location\": \"westus\",\r\n
        \ \"tags\": {},\r\n  \"properties\": {\r\n    \"provisioningState\": \"Succeeded\",\r\n
        \   \"resourceGuid\": \"84384ab0-74d4-4989-95fa-3f9cbebc307e\",\r\n    \"addressSpace\":
        {\r\n      \"addressPrefixes\": [\r\n        \"10.0.0.0/16\"\r\n      ]\r\n
        \   },\r\n    \"dhcpOptions\": {\r\n      \"dnsServers\": []\r\n    },\r\n
        \   \"subnets\": [\r\n      {\r\n        \"name\": \"GatewaySubnet\",\r\n
        \       \"id\": \"/subscriptions/00000000-0000-0000-0000-000000000000/resourceGroups/clitest.rg000001/providers/Microsoft.Network/virtualNetworks/vnet/subnets/GatewaySubnet\",\r\n
        \       \"etag\": \"W/\\\"4bc3c13f-7f1b-4625-8ea8-1acac67978cf\\\"\",\r\n
        \       \"properties\": {\r\n          \"provisioningState\": \"Succeeded\",\r\n
        \         \"addressPrefix\": \"10.0.0.0/24\",\r\n          \"delegations\":
        [],\r\n          \"privateEndpointNetworkPolicies\": \"Disabled\",\r\n          \"privateLinkServiceNetworkPolicies\":
        \"Enabled\"\r\n        },\r\n        \"type\": \"Microsoft.Network/virtualNetworks/subnets\"\r\n
        \     }\r\n    ],\r\n    \"virtualNetworkPeerings\": [],\r\n    \"enableDdosProtection\":
        false\r\n  }\r\n}"
    headers:
      cache-control:
      - no-cache
      content-length:
      - '1297'
      content-type:
      - application/json; charset=utf-8
      date:
      - Sun, 28 Aug 2022 14:06:22 GMT
      etag:
      - W/"4bc3c13f-7f1b-4625-8ea8-1acac67978cf"
      expires:
      - '-1'
      pragma:
      - no-cache
      server:
      - Microsoft-HTTPAPI/2.0
      - Microsoft-HTTPAPI/2.0
      strict-transport-security:
      - max-age=31536000; includeSubDomains
      transfer-encoding:
      - chunked
      vary:
      - Accept-Encoding
      x-content-type-options:
      - nosniff
      x-ms-arm-service-request-id:
      - e29a2de9-8389-4e93-b50f-5c27ebf9f1b5
    status:
      code: 200
      message: OK
- request:
    body: null
    headers:
      Accept:
      - application/json
      Accept-Encoding:
      - gzip, deflate
      CommandName:
      - network vnet-gateway create
      Connection:
      - keep-alive
      ParameterSetName:
      - -g -n --vnet --public-ip-address --sku --nat-rule
      User-Agent:
      - AZURECLI/2.39.0 (PIP) azsdk-python-azure-mgmt-resource/21.1.0b1 Python/3.8.10
        (Windows-10-10.0.19044-SP0)
    method: GET
    uri: https://management.azure.com/subscriptions/00000000-0000-0000-0000-000000000000/resourcegroups/clitest.rg000001?api-version=2021-04-01
  response:
    body:
      string: '{"id":"/subscriptions/00000000-0000-0000-0000-000000000000/resourceGroups/clitest.rg000001","name":"clitest.rg000001","type":"Microsoft.Resources/resourceGroups","location":"westus","tags":{"product":"azurecli","cause":"automation","date":"2022-08-28T14:05:59Z"},"properties":{"provisioningState":"Succeeded"}}'
    headers:
      cache-control:
      - no-cache
      content-length:
      - '310'
      content-type:
      - application/json; charset=utf-8
      date:
      - Sun, 28 Aug 2022 14:06:24 GMT
      expires:
      - '-1'
      pragma:
      - no-cache
      strict-transport-security:
      - max-age=31536000; includeSubDomains
      vary:
      - Accept-Encoding
      x-content-type-options:
      - nosniff
    status:
      code: 200
      message: OK
- request:
    body: '{"location": "westus", "properties": {"ipConfigurations": [{"name": "vnetGatewayConfig0",
      "properties": {"privateIPAllocationMethod": "Dynamic", "subnet": {"id": "/subscriptions/00000000-0000-0000-0000-000000000000/resourceGroups/clitest.rg000001/providers/Microsoft.Network/virtualNetworks/vnet/subnets/GatewaySubnet"},
      "publicIPAddress": {"id": "/subscriptions/00000000-0000-0000-0000-000000000000/resourceGroups/clitest.rg000001/providers/Microsoft.Network/publicIPAddresses/ip"}}}],
      "gatewayType": "Vpn", "vpnType": "RouteBased", "activeActive": false, "sku":
      {"name": "VpnGw2", "tier": "VpnGw2"}, "natRules": [{"name": "nat", "properties":
      {"internalMappings": [{"addressSpace": "10.4.0.0/24"}], "externalMappings":
      [{"addressSpace": "192.168.21.0/24"}]}}]}}'
    headers:
      Accept:
      - application/json
      Accept-Encoding:
      - gzip, deflate
      CommandName:
      - network vnet-gateway create
      Connection:
      - keep-alive
      Content-Length:
      - '763'
      Content-Type:
      - application/json
      ParameterSetName:
      - -g -n --vnet --public-ip-address --sku --nat-rule
      User-Agent:
      - AZURECLI/2.39.0 (PIP) azsdk-python-azure-mgmt-network/21.0.1 Python/3.8.10
        (Windows-10-10.0.19044-SP0)
    method: PUT
    uri: https://management.azure.com/subscriptions/00000000-0000-0000-0000-000000000000/resourceGroups/clitest.rg000001/providers/Microsoft.Network/virtualNetworkGateways/vnet-gateway-name?api-version=2022-01-01
  response:
    body:
      string: "{\r\n  \"name\": \"vnet-gateway-name\",\r\n  \"id\": \"/subscriptions/00000000-0000-0000-0000-000000000000/resourceGroups/clitest.rg000001/providers/Microsoft.Network/virtualNetworkGateways/vnet-gateway-name\",\r\n
        \ \"etag\": \"W/\\\"d03d785a-b541-4220-ab07-2031b0ee49c1\\\"\",\r\n  \"type\":
        \"Microsoft.Network/virtualNetworkGateways\",\r\n  \"location\": \"westus\",\r\n
        \ \"properties\": {\r\n    \"provisioningState\": \"Updating\",\r\n    \"resourceGuid\":
        \"eed34915-af80-49d0-8b43-857bd458bfe6\",\r\n    \"packetCaptureDiagnosticState\":
        \"None\",\r\n    \"enablePrivateIpAddress\": false,\r\n    \"isMigrateToCSES\":
        false,\r\n    \"ipConfigurations\": [\r\n      {\r\n        \"name\": \"vnetGatewayConfig0\",\r\n
        \       \"id\": \"/subscriptions/00000000-0000-0000-0000-000000000000/resourceGroups/clitest.rg000001/providers/Microsoft.Network/virtualNetworkGateways/vnet-gateway-name/ipConfigurations/vnetGatewayConfig0\",\r\n
        \       \"etag\": \"W/\\\"d03d785a-b541-4220-ab07-2031b0ee49c1\\\"\",\r\n
        \       \"type\": \"Microsoft.Network/virtualNetworkGateways/ipConfigurations\",\r\n
        \       \"properties\": {\r\n          \"provisioningState\": \"Updating\",\r\n
        \         \"privateIPAllocationMethod\": \"Dynamic\",\r\n          \"publicIPAddress\":
        {\r\n            \"id\": \"/subscriptions/00000000-0000-0000-0000-000000000000/resourceGroups/clitest.rg000001/providers/Microsoft.Network/publicIPAddresses/ip\"\r\n
        \         },\r\n          \"subnet\": {\r\n            \"id\": \"/subscriptions/00000000-0000-0000-0000-000000000000/resourceGroups/clitest.rg000001/providers/Microsoft.Network/virtualNetworks/vnet/subnets/GatewaySubnet\"\r\n
        \         }\r\n        }\r\n      }\r\n    ],\r\n    \"natRules\": [\r\n      {\r\n
        \       \"name\": \"nat\",\r\n        \"id\": \"/subscriptions/00000000-0000-0000-0000-000000000000/resourceGroups/clitest.rg000001/providers/Microsoft.Network/virtualNetworkGateways/vnet-gateway-name/natRules/nat\",\r\n
        \       \"etag\": \"W/\\\"d03d785a-b541-4220-ab07-2031b0ee49c1\\\"\",\r\n
        \       \"properties\": {\r\n          \"provisioningState\": \"Updating\",\r\n
        \         \"type\": \"Static\",\r\n          \"mode\": \"EgressSnat\",\r\n
        \         \"internalMappings\": [\r\n            {\r\n              \"addressSpace\":
        \"10.4.0.0/24\"\r\n            }\r\n          ],\r\n          \"externalMappings\":
        [\r\n            {\r\n              \"addressSpace\": \"192.168.21.0/24\"\r\n
        \           }\r\n          ]\r\n        },\r\n        \"type\": \"Microsoft.Network/virtualNetworkGateways/natRules\"\r\n
        \     }\r\n    ],\r\n    \"virtualNetworkGatewayPolicyGroups\": [],\r\n    \"enableBgpRouteTranslationForNat\":
        false,\r\n    \"disableIPSecReplayProtection\": false,\r\n    \"sku\": {\r\n
        \     \"name\": \"VpnGw2\",\r\n      \"tier\": \"VpnGw2\",\r\n      \"capacity\":
        2\r\n    },\r\n    \"gatewayType\": \"Vpn\",\r\n    \"vpnType\": \"RouteBased\",\r\n
        \   \"enableBgp\": false,\r\n    \"activeActive\": false,\r\n    \"vpnClientConfiguration\":
        {\r\n      \"vpnClientProtocols\": [\r\n        \"OpenVPN\",\r\n        \"IkeV2\"\r\n
        \     ],\r\n      \"vpnAuthenticationTypes\": [],\r\n      \"vpnClientRootCertificates\":
        [],\r\n      \"vpnClientRevokedCertificates\": [],\r\n      \"vngClientConnectionConfigurations\":
        [],\r\n      \"radiusServers\": [],\r\n      \"vpnClientIpsecPolicies\": []\r\n
        \   },\r\n    \"bgpSettings\": {\r\n      \"asn\": 0,\r\n      \"peerWeight\":
        0,\r\n      \"bgpPeeringAddresses\": [\r\n        {\r\n          \"ipconfigurationId\":
        \"/subscriptions/00000000-0000-0000-0000-000000000000/resourceGroups/clitest.rg000001/providers/Microsoft.Network/virtualNetworkGateways/vnet-gateway-name/ipConfigurations/vnetGatewayConfig0\",\r\n
        \         \"defaultBgpIpAddresses\": [],\r\n          \"customBgpIpAddresses\":
        []\r\n        }\r\n      ]\r\n    },\r\n    \"vpnGatewayGeneration\": \"Generation1\"\r\n
        \ }\r\n}"
    headers:
      azure-asyncnotification:
      - Enabled
      azure-asyncoperation:
      - https://management.azure.com/subscriptions/00000000-0000-0000-0000-000000000000/providers/Microsoft.Network/locations/westus/operations/3fa2ebb7-031e-4379-9dc1-829fc8b7abae?api-version=2022-01-01
      cache-control:
      - no-cache
      content-length:
      - '3503'
      content-type:
      - application/json; charset=utf-8
      date:
      - Sun, 28 Aug 2022 14:06:36 GMT
      expires:
      - '-1'
      pragma:
      - no-cache
      server:
      - Microsoft-HTTPAPI/2.0
      - Microsoft-HTTPAPI/2.0
      strict-transport-security:
      - max-age=31536000; includeSubDomains
      x-content-type-options:
      - nosniff
      x-ms-arm-service-request-id:
      - 148c63d7-27c6-4719-9b19-148dceda249d
      x-ms-ratelimit-remaining-subscription-writes:
      - '1194'
    status:
      code: 201
      message: Created
- request:
    body: null
    headers:
      Accept:
      - '*/*'
      Accept-Encoding:
      - gzip, deflate
      CommandName:
      - network vnet-gateway create
      Connection:
      - keep-alive
      ParameterSetName:
      - -g -n --vnet --public-ip-address --sku --nat-rule
      User-Agent:
      - AZURECLI/2.39.0 (PIP) azsdk-python-azure-mgmt-network/21.0.1 Python/3.8.10
        (Windows-10-10.0.19044-SP0)
    method: GET
    uri: https://management.azure.com/subscriptions/00000000-0000-0000-0000-000000000000/providers/Microsoft.Network/locations/westus/operations/3fa2ebb7-031e-4379-9dc1-829fc8b7abae?api-version=2022-01-01
  response:
    body:
      string: "{\r\n  \"status\": \"InProgress\"\r\n}"
    headers:
      cache-control:
      - no-cache
      content-length:
      - '30'
      content-type:
      - application/json; charset=utf-8
      date:
      - Sun, 28 Aug 2022 14:06:46 GMT
      expires:
      - '-1'
      pragma:
      - no-cache
      server:
      - Microsoft-HTTPAPI/2.0
      - Microsoft-HTTPAPI/2.0
      strict-transport-security:
      - max-age=31536000; includeSubDomains
      transfer-encoding:
      - chunked
      vary:
      - Accept-Encoding
      x-content-type-options:
      - nosniff
      x-ms-arm-service-request-id:
      - 38bc7b34-849a-4522-9408-6fbb8bfc4ebc
    status:
      code: 200
      message: OK
- request:
    body: null
    headers:
      Accept:
      - '*/*'
      Accept-Encoding:
      - gzip, deflate
      CommandName:
      - network vnet-gateway create
      Connection:
      - keep-alive
      ParameterSetName:
      - -g -n --vnet --public-ip-address --sku --nat-rule
      User-Agent:
      - AZURECLI/2.39.0 (PIP) azsdk-python-azure-mgmt-network/21.0.1 Python/3.8.10
        (Windows-10-10.0.19044-SP0)
    method: GET
    uri: https://management.azure.com/subscriptions/00000000-0000-0000-0000-000000000000/providers/Microsoft.Network/locations/westus/operations/3fa2ebb7-031e-4379-9dc1-829fc8b7abae?api-version=2022-01-01
  response:
    body:
      string: "{\r\n  \"status\": \"InProgress\"\r\n}"
    headers:
      cache-control:
      - no-cache
      content-length:
      - '30'
      content-type:
      - application/json; charset=utf-8
      date:
      - Sun, 28 Aug 2022 14:06:57 GMT
      expires:
      - '-1'
      pragma:
      - no-cache
      server:
      - Microsoft-HTTPAPI/2.0
      - Microsoft-HTTPAPI/2.0
      strict-transport-security:
      - max-age=31536000; includeSubDomains
      transfer-encoding:
      - chunked
      vary:
      - Accept-Encoding
      x-content-type-options:
      - nosniff
      x-ms-arm-service-request-id:
      - fe41a829-0c47-4b5e-bdd5-d2ea4277700f
    status:
      code: 200
      message: OK
- request:
    body: null
    headers:
      Accept:
      - '*/*'
      Accept-Encoding:
      - gzip, deflate
      CommandName:
      - network vnet-gateway create
      Connection:
      - keep-alive
      ParameterSetName:
      - -g -n --vnet --public-ip-address --sku --nat-rule
      User-Agent:
      - AZURECLI/2.39.0 (PIP) azsdk-python-azure-mgmt-network/21.0.1 Python/3.8.10
        (Windows-10-10.0.19044-SP0)
    method: GET
    uri: https://management.azure.com/subscriptions/00000000-0000-0000-0000-000000000000/providers/Microsoft.Network/locations/westus/operations/3fa2ebb7-031e-4379-9dc1-829fc8b7abae?api-version=2022-01-01
  response:
    body:
      string: "{\r\n  \"status\": \"InProgress\"\r\n}"
    headers:
      cache-control:
      - no-cache
      content-length:
      - '30'
      content-type:
      - application/json; charset=utf-8
      date:
      - Sun, 28 Aug 2022 14:07:18 GMT
      expires:
      - '-1'
      pragma:
      - no-cache
      server:
      - Microsoft-HTTPAPI/2.0
      - Microsoft-HTTPAPI/2.0
      strict-transport-security:
      - max-age=31536000; includeSubDomains
      transfer-encoding:
      - chunked
      vary:
      - Accept-Encoding
      x-content-type-options:
      - nosniff
      x-ms-arm-service-request-id:
      - 22d02a7a-73c6-4951-bec1-f8f2d8a5cc00
    status:
      code: 200
      message: OK
- request:
    body: null
    headers:
      Accept:
      - '*/*'
      Accept-Encoding:
      - gzip, deflate
      CommandName:
      - network vnet-gateway create
      Connection:
      - keep-alive
      ParameterSetName:
      - -g -n --vnet --public-ip-address --sku --nat-rule
      User-Agent:
      - AZURECLI/2.39.0 (PIP) azsdk-python-azure-mgmt-network/21.0.1 Python/3.8.10
        (Windows-10-10.0.19044-SP0)
    method: GET
    uri: https://management.azure.com/subscriptions/00000000-0000-0000-0000-000000000000/providers/Microsoft.Network/locations/westus/operations/3fa2ebb7-031e-4379-9dc1-829fc8b7abae?api-version=2022-01-01
  response:
    body:
      string: "{\r\n  \"status\": \"InProgress\"\r\n}"
    headers:
      cache-control:
      - no-cache
      content-length:
      - '30'
      content-type:
      - application/json; charset=utf-8
      date:
      - Sun, 28 Aug 2022 14:07:39 GMT
      expires:
      - '-1'
      pragma:
      - no-cache
      server:
      - Microsoft-HTTPAPI/2.0
      - Microsoft-HTTPAPI/2.0
      strict-transport-security:
      - max-age=31536000; includeSubDomains
      transfer-encoding:
      - chunked
      vary:
      - Accept-Encoding
      x-content-type-options:
      - nosniff
      x-ms-arm-service-request-id:
      - 389062a1-1d8a-4f8a-b5e5-e64943058825
    status:
      code: 200
      message: OK
- request:
    body: null
    headers:
      Accept:
      - '*/*'
      Accept-Encoding:
      - gzip, deflate
      CommandName:
      - network vnet-gateway create
      Connection:
      - keep-alive
      ParameterSetName:
      - -g -n --vnet --public-ip-address --sku --nat-rule
      User-Agent:
      - AZURECLI/2.39.0 (PIP) azsdk-python-azure-mgmt-network/21.0.1 Python/3.8.10
        (Windows-10-10.0.19044-SP0)
    method: GET
    uri: https://management.azure.com/subscriptions/00000000-0000-0000-0000-000000000000/providers/Microsoft.Network/locations/westus/operations/3fa2ebb7-031e-4379-9dc1-829fc8b7abae?api-version=2022-01-01
  response:
    body:
      string: "{\r\n  \"status\": \"InProgress\"\r\n}"
    headers:
      cache-control:
      - no-cache
      content-length:
      - '30'
      content-type:
      - application/json; charset=utf-8
      date:
      - Sun, 28 Aug 2022 14:08:20 GMT
      expires:
      - '-1'
      pragma:
      - no-cache
      server:
      - Microsoft-HTTPAPI/2.0
      - Microsoft-HTTPAPI/2.0
      strict-transport-security:
      - max-age=31536000; includeSubDomains
      transfer-encoding:
      - chunked
      vary:
      - Accept-Encoding
      x-content-type-options:
      - nosniff
      x-ms-arm-service-request-id:
      - a1aadddf-5670-4d95-ac30-f20ec27932ec
    status:
      code: 200
      message: OK
- request:
    body: null
    headers:
      Accept:
      - '*/*'
      Accept-Encoding:
      - gzip, deflate
      CommandName:
      - network vnet-gateway create
      Connection:
      - keep-alive
      ParameterSetName:
      - -g -n --vnet --public-ip-address --sku --nat-rule
      User-Agent:
      - AZURECLI/2.39.0 (PIP) azsdk-python-azure-mgmt-network/21.0.1 Python/3.8.10
        (Windows-10-10.0.19044-SP0)
    method: GET
    uri: https://management.azure.com/subscriptions/00000000-0000-0000-0000-000000000000/providers/Microsoft.Network/locations/westus/operations/3fa2ebb7-031e-4379-9dc1-829fc8b7abae?api-version=2022-01-01
  response:
    body:
      string: "{\r\n  \"status\": \"InProgress\"\r\n}"
    headers:
      cache-control:
      - no-cache
      content-length:
      - '30'
      content-type:
      - application/json; charset=utf-8
      date:
      - Sun, 28 Aug 2022 14:09:00 GMT
      expires:
      - '-1'
      pragma:
      - no-cache
      server:
      - Microsoft-HTTPAPI/2.0
      - Microsoft-HTTPAPI/2.0
      strict-transport-security:
      - max-age=31536000; includeSubDomains
      transfer-encoding:
      - chunked
      vary:
      - Accept-Encoding
      x-content-type-options:
      - nosniff
      x-ms-arm-service-request-id:
      - a3c056e6-3c2c-41d7-8e3a-6906fa7cf23b
    status:
      code: 200
      message: OK
- request:
    body: null
    headers:
      Accept:
      - '*/*'
      Accept-Encoding:
      - gzip, deflate
      CommandName:
      - network vnet-gateway create
      Connection:
      - keep-alive
      ParameterSetName:
      - -g -n --vnet --public-ip-address --sku --nat-rule
      User-Agent:
      - AZURECLI/2.39.0 (PIP) azsdk-python-azure-mgmt-network/21.0.1 Python/3.8.10
        (Windows-10-10.0.19044-SP0)
    method: GET
    uri: https://management.azure.com/subscriptions/00000000-0000-0000-0000-000000000000/providers/Microsoft.Network/locations/westus/operations/3fa2ebb7-031e-4379-9dc1-829fc8b7abae?api-version=2022-01-01
  response:
    body:
      string: "{\r\n  \"status\": \"InProgress\"\r\n}"
    headers:
      cache-control:
      - no-cache
      content-length:
      - '30'
      content-type:
      - application/json; charset=utf-8
      date:
      - Sun, 28 Aug 2022 14:10:22 GMT
      expires:
      - '-1'
      pragma:
      - no-cache
      server:
      - Microsoft-HTTPAPI/2.0
      - Microsoft-HTTPAPI/2.0
      strict-transport-security:
      - max-age=31536000; includeSubDomains
      transfer-encoding:
      - chunked
      vary:
      - Accept-Encoding
      x-content-type-options:
      - nosniff
      x-ms-arm-service-request-id:
      - 8f8cfda3-bcef-4f3c-924a-12be7feb563c
    status:
      code: 200
      message: OK
- request:
    body: null
    headers:
      Accept:
      - '*/*'
      Accept-Encoding:
      - gzip, deflate
      CommandName:
      - network vnet-gateway create
      Connection:
      - keep-alive
      ParameterSetName:
      - -g -n --vnet --public-ip-address --sku --nat-rule
      User-Agent:
      - AZURECLI/2.39.0 (PIP) azsdk-python-azure-mgmt-network/21.0.1 Python/3.8.10
        (Windows-10-10.0.19044-SP0)
    method: GET
    uri: https://management.azure.com/subscriptions/00000000-0000-0000-0000-000000000000/providers/Microsoft.Network/locations/westus/operations/3fa2ebb7-031e-4379-9dc1-829fc8b7abae?api-version=2022-01-01
  response:
    body:
      string: "{\r\n  \"status\": \"InProgress\"\r\n}"
    headers:
      cache-control:
      - no-cache
      content-length:
      - '30'
      content-type:
      - application/json; charset=utf-8
      date:
      - Sun, 28 Aug 2022 14:13:03 GMT
      expires:
      - '-1'
      pragma:
      - no-cache
      server:
      - Microsoft-HTTPAPI/2.0
      - Microsoft-HTTPAPI/2.0
      strict-transport-security:
      - max-age=31536000; includeSubDomains
      transfer-encoding:
      - chunked
      vary:
      - Accept-Encoding
      x-content-type-options:
      - nosniff
      x-ms-arm-service-request-id:
      - 477d6c27-d061-451f-a497-055ae70f2c4b
    status:
      code: 200
      message: OK
- request:
    body: null
    headers:
      Accept:
      - '*/*'
      Accept-Encoding:
      - gzip, deflate
      CommandName:
      - network vnet-gateway create
      Connection:
      - keep-alive
      ParameterSetName:
      - -g -n --vnet --public-ip-address --sku --nat-rule
      User-Agent:
      - AZURECLI/2.39.0 (PIP) azsdk-python-azure-mgmt-network/21.0.1 Python/3.8.10
        (Windows-10-10.0.19044-SP0)
    method: GET
    uri: https://management.azure.com/subscriptions/00000000-0000-0000-0000-000000000000/providers/Microsoft.Network/locations/westus/operations/3fa2ebb7-031e-4379-9dc1-829fc8b7abae?api-version=2022-01-01
  response:
    body:
      string: "{\r\n  \"status\": \"InProgress\"\r\n}"
    headers:
      cache-control:
      - no-cache
      content-length:
      - '30'
      content-type:
      - application/json; charset=utf-8
      date:
      - Sun, 28 Aug 2022 14:14:44 GMT
      expires:
      - '-1'
      pragma:
      - no-cache
      server:
      - Microsoft-HTTPAPI/2.0
      - Microsoft-HTTPAPI/2.0
      strict-transport-security:
      - max-age=31536000; includeSubDomains
      transfer-encoding:
      - chunked
      vary:
      - Accept-Encoding
      x-content-type-options:
      - nosniff
      x-ms-arm-service-request-id:
      - e8eb5139-48d8-4857-bfe0-357903f82cf6
    status:
      code: 200
      message: OK
- request:
    body: null
    headers:
      Accept:
      - '*/*'
      Accept-Encoding:
      - gzip, deflate
      CommandName:
      - network vnet-gateway create
      Connection:
      - keep-alive
      ParameterSetName:
      - -g -n --vnet --public-ip-address --sku --nat-rule
      User-Agent:
      - AZURECLI/2.39.0 (PIP) azsdk-python-azure-mgmt-network/21.0.1 Python/3.8.10
        (Windows-10-10.0.19044-SP0)
    method: GET
    uri: https://management.azure.com/subscriptions/00000000-0000-0000-0000-000000000000/providers/Microsoft.Network/locations/westus/operations/3fa2ebb7-031e-4379-9dc1-829fc8b7abae?api-version=2022-01-01
  response:
    body:
      string: "{\r\n  \"status\": \"InProgress\"\r\n}"
    headers:
      cache-control:
      - no-cache
      content-length:
      - '30'
      content-type:
      - application/json; charset=utf-8
      date:
      - Sun, 28 Aug 2022 14:16:24 GMT
      expires:
      - '-1'
      pragma:
      - no-cache
      server:
      - Microsoft-HTTPAPI/2.0
      - Microsoft-HTTPAPI/2.0
      strict-transport-security:
      - max-age=31536000; includeSubDomains
      transfer-encoding:
      - chunked
      vary:
      - Accept-Encoding
      x-content-type-options:
      - nosniff
      x-ms-arm-service-request-id:
      - 3cef3a6b-8273-49d1-95ca-933ba9ae7bca
    status:
      code: 200
      message: OK
- request:
    body: null
    headers:
      Accept:
      - '*/*'
      Accept-Encoding:
      - gzip, deflate
      CommandName:
      - network vnet-gateway create
      Connection:
      - keep-alive
      ParameterSetName:
      - -g -n --vnet --public-ip-address --sku --nat-rule
      User-Agent:
      - AZURECLI/2.39.0 (PIP) azsdk-python-azure-mgmt-network/21.0.1 Python/3.8.10
        (Windows-10-10.0.19044-SP0)
    method: GET
    uri: https://management.azure.com/subscriptions/00000000-0000-0000-0000-000000000000/providers/Microsoft.Network/locations/westus/operations/3fa2ebb7-031e-4379-9dc1-829fc8b7abae?api-version=2022-01-01
  response:
    body:
      string: "{\r\n  \"status\": \"InProgress\"\r\n}"
    headers:
      cache-control:
      - no-cache
      content-length:
      - '30'
      content-type:
      - application/json; charset=utf-8
      date:
      - Sun, 28 Aug 2022 14:18:05 GMT
      expires:
      - '-1'
      pragma:
      - no-cache
      server:
      - Microsoft-HTTPAPI/2.0
      - Microsoft-HTTPAPI/2.0
      strict-transport-security:
      - max-age=31536000; includeSubDomains
      transfer-encoding:
      - chunked
      vary:
      - Accept-Encoding
      x-content-type-options:
      - nosniff
      x-ms-arm-service-request-id:
      - 1888725a-1a2a-4039-9fcb-88963e1cb05f
    status:
      code: 200
      message: OK
- request:
    body: null
    headers:
      Accept:
      - '*/*'
      Accept-Encoding:
      - gzip, deflate
      CommandName:
      - network vnet-gateway create
      Connection:
      - keep-alive
      ParameterSetName:
      - -g -n --vnet --public-ip-address --sku --nat-rule
      User-Agent:
      - AZURECLI/2.39.0 (PIP) azsdk-python-azure-mgmt-network/21.0.1 Python/3.8.10
        (Windows-10-10.0.19044-SP0)
    method: GET
    uri: https://management.azure.com/subscriptions/00000000-0000-0000-0000-000000000000/providers/Microsoft.Network/locations/westus/operations/3fa2ebb7-031e-4379-9dc1-829fc8b7abae?api-version=2022-01-01
  response:
    body:
      string: "{\r\n  \"status\": \"InProgress\"\r\n}"
    headers:
      cache-control:
      - no-cache
      content-length:
      - '30'
      content-type:
      - application/json; charset=utf-8
      date:
      - Sun, 28 Aug 2022 14:19:46 GMT
      expires:
      - '-1'
      pragma:
      - no-cache
      server:
      - Microsoft-HTTPAPI/2.0
      - Microsoft-HTTPAPI/2.0
      strict-transport-security:
      - max-age=31536000; includeSubDomains
      transfer-encoding:
      - chunked
      vary:
      - Accept-Encoding
      x-content-type-options:
      - nosniff
      x-ms-arm-service-request-id:
      - 97be1f71-b23e-4b06-9967-32f6603d97ee
    status:
      code: 200
      message: OK
- request:
    body: null
    headers:
      Accept:
      - '*/*'
      Accept-Encoding:
      - gzip, deflate
      CommandName:
      - network vnet-gateway create
      Connection:
      - keep-alive
      ParameterSetName:
      - -g -n --vnet --public-ip-address --sku --nat-rule
      User-Agent:
      - AZURECLI/2.39.0 (PIP) azsdk-python-azure-mgmt-network/21.0.1 Python/3.8.10
        (Windows-10-10.0.19044-SP0)
    method: GET
    uri: https://management.azure.com/subscriptions/00000000-0000-0000-0000-000000000000/providers/Microsoft.Network/locations/westus/operations/3fa2ebb7-031e-4379-9dc1-829fc8b7abae?api-version=2022-01-01
  response:
    body:
      string: "{\r\n  \"status\": \"InProgress\"\r\n}"
    headers:
      cache-control:
      - no-cache
      content-length:
      - '30'
      content-type:
      - application/json; charset=utf-8
      date:
      - Sun, 28 Aug 2022 14:21:26 GMT
      expires:
      - '-1'
      pragma:
      - no-cache
      server:
      - Microsoft-HTTPAPI/2.0
      - Microsoft-HTTPAPI/2.0
      strict-transport-security:
      - max-age=31536000; includeSubDomains
      transfer-encoding:
      - chunked
      vary:
      - Accept-Encoding
      x-content-type-options:
      - nosniff
      x-ms-arm-service-request-id:
      - d9da834f-c09c-4d64-ac52-fcde21b791e9
    status:
      code: 200
      message: OK
- request:
    body: null
    headers:
      Accept:
      - '*/*'
      Accept-Encoding:
      - gzip, deflate
      CommandName:
      - network vnet-gateway create
      Connection:
      - keep-alive
      ParameterSetName:
      - -g -n --vnet --public-ip-address --sku --nat-rule
      User-Agent:
      - AZURECLI/2.39.0 (PIP) azsdk-python-azure-mgmt-network/21.0.1 Python/3.8.10
        (Windows-10-10.0.19044-SP0)
    method: GET
    uri: https://management.azure.com/subscriptions/00000000-0000-0000-0000-000000000000/providers/Microsoft.Network/locations/westus/operations/3fa2ebb7-031e-4379-9dc1-829fc8b7abae?api-version=2022-01-01
  response:
    body:
      string: "{\r\n  \"status\": \"InProgress\"\r\n}"
    headers:
      cache-control:
      - no-cache
      content-length:
      - '30'
      content-type:
      - application/json; charset=utf-8
      date:
      - Sun, 28 Aug 2022 14:23:06 GMT
      expires:
      - '-1'
      pragma:
      - no-cache
      server:
      - Microsoft-HTTPAPI/2.0
      - Microsoft-HTTPAPI/2.0
      strict-transport-security:
      - max-age=31536000; includeSubDomains
      transfer-encoding:
      - chunked
      vary:
      - Accept-Encoding
      x-content-type-options:
      - nosniff
      x-ms-arm-service-request-id:
      - 0fcd1bee-2665-4504-803b-652e5d83c77d
    status:
      code: 200
      message: OK
- request:
    body: null
    headers:
      Accept:
      - '*/*'
      Accept-Encoding:
      - gzip, deflate
      CommandName:
      - network vnet-gateway create
      Connection:
      - keep-alive
      ParameterSetName:
      - -g -n --vnet --public-ip-address --sku --nat-rule
      User-Agent:
      - AZURECLI/2.39.0 (PIP) azsdk-python-azure-mgmt-network/21.0.1 Python/3.8.10
        (Windows-10-10.0.19044-SP0)
    method: GET
    uri: https://management.azure.com/subscriptions/00000000-0000-0000-0000-000000000000/providers/Microsoft.Network/locations/westus/operations/3fa2ebb7-031e-4379-9dc1-829fc8b7abae?api-version=2022-01-01
  response:
    body:
      string: "{\r\n  \"status\": \"InProgress\"\r\n}"
    headers:
      cache-control:
      - no-cache
      content-length:
      - '30'
      content-type:
      - application/json; charset=utf-8
      date:
      - Sun, 28 Aug 2022 14:24:47 GMT
      expires:
      - '-1'
      pragma:
      - no-cache
      server:
      - Microsoft-HTTPAPI/2.0
      - Microsoft-HTTPAPI/2.0
      strict-transport-security:
      - max-age=31536000; includeSubDomains
      transfer-encoding:
      - chunked
      vary:
      - Accept-Encoding
      x-content-type-options:
      - nosniff
      x-ms-arm-service-request-id:
      - 3a24e694-c1d3-46e6-83fe-5b721bdd48d0
    status:
      code: 200
      message: OK
- request:
    body: null
    headers:
      Accept:
      - '*/*'
      Accept-Encoding:
      - gzip, deflate
      CommandName:
      - network vnet-gateway create
      Connection:
      - keep-alive
      ParameterSetName:
      - -g -n --vnet --public-ip-address --sku --nat-rule
      User-Agent:
      - AZURECLI/2.39.0 (PIP) azsdk-python-azure-mgmt-network/21.0.1 Python/3.8.10
        (Windows-10-10.0.19044-SP0)
    method: GET
    uri: https://management.azure.com/subscriptions/00000000-0000-0000-0000-000000000000/providers/Microsoft.Network/locations/westus/operations/3fa2ebb7-031e-4379-9dc1-829fc8b7abae?api-version=2022-01-01
  response:
    body:
      string: "{\r\n  \"status\": \"Succeeded\"\r\n}"
    headers:
      cache-control:
      - no-cache
      content-length:
      - '29'
      content-type:
      - application/json; charset=utf-8
      date:
      - Sun, 28 Aug 2022 14:26:28 GMT
      expires:
      - '-1'
      pragma:
      - no-cache
      server:
      - Microsoft-HTTPAPI/2.0
      - Microsoft-HTTPAPI/2.0
      strict-transport-security:
      - max-age=31536000; includeSubDomains
      transfer-encoding:
      - chunked
      vary:
      - Accept-Encoding
      x-content-type-options:
      - nosniff
      x-ms-arm-service-request-id:
      - 7b70f85f-1c7d-4509-9d04-42cb2fdfc547
    status:
      code: 200
      message: OK
- request:
    body: null
    headers:
      Accept:
      - '*/*'
      Accept-Encoding:
      - gzip, deflate
      CommandName:
      - network vnet-gateway create
      Connection:
      - keep-alive
      ParameterSetName:
      - -g -n --vnet --public-ip-address --sku --nat-rule
      User-Agent:
      - AZURECLI/2.39.0 (PIP) azsdk-python-azure-mgmt-network/21.0.1 Python/3.8.10
        (Windows-10-10.0.19044-SP0)
    method: GET
    uri: https://management.azure.com/subscriptions/00000000-0000-0000-0000-000000000000/resourceGroups/clitest.rg000001/providers/Microsoft.Network/virtualNetworkGateways/vnet-gateway-name?api-version=2022-01-01
  response:
    body:
      string: "{\r\n  \"name\": \"vnet-gateway-name\",\r\n  \"id\": \"/subscriptions/00000000-0000-0000-0000-000000000000/resourceGroups/clitest.rg000001/providers/Microsoft.Network/virtualNetworkGateways/vnet-gateway-name\",\r\n
        \ \"etag\": \"W/\\\"8699816d-9af1-40d5-a530-4a2cde69a1f2\\\"\",\r\n  \"type\":
        \"Microsoft.Network/virtualNetworkGateways\",\r\n  \"location\": \"westus\",\r\n
        \ \"properties\": {\r\n    \"provisioningState\": \"Succeeded\",\r\n    \"resourceGuid\":
        \"eed34915-af80-49d0-8b43-857bd458bfe6\",\r\n    \"packetCaptureDiagnosticState\":
        \"None\",\r\n    \"enablePrivateIpAddress\": false,\r\n    \"isMigrateToCSES\":
        false,\r\n    \"ipConfigurations\": [\r\n      {\r\n        \"name\": \"vnetGatewayConfig0\",\r\n
        \       \"id\": \"/subscriptions/00000000-0000-0000-0000-000000000000/resourceGroups/clitest.rg000001/providers/Microsoft.Network/virtualNetworkGateways/vnet-gateway-name/ipConfigurations/vnetGatewayConfig0\",\r\n
        \       \"etag\": \"W/\\\"8699816d-9af1-40d5-a530-4a2cde69a1f2\\\"\",\r\n
        \       \"type\": \"Microsoft.Network/virtualNetworkGateways/ipConfigurations\",\r\n
        \       \"properties\": {\r\n          \"provisioningState\": \"Succeeded\",\r\n
        \         \"privateIPAllocationMethod\": \"Dynamic\",\r\n          \"publicIPAddress\":
        {\r\n            \"id\": \"/subscriptions/00000000-0000-0000-0000-000000000000/resourceGroups/clitest.rg000001/providers/Microsoft.Network/publicIPAddresses/ip\"\r\n
        \         },\r\n          \"subnet\": {\r\n            \"id\": \"/subscriptions/00000000-0000-0000-0000-000000000000/resourceGroups/clitest.rg000001/providers/Microsoft.Network/virtualNetworks/vnet/subnets/GatewaySubnet\"\r\n
        \         }\r\n        }\r\n      }\r\n    ],\r\n    \"natRules\": [\r\n      {\r\n
        \       \"name\": \"nat\",\r\n        \"id\": \"/subscriptions/00000000-0000-0000-0000-000000000000/resourceGroups/clitest.rg000001/providers/Microsoft.Network/virtualNetworkGateways/vnet-gateway-name/natRules/nat\",\r\n
        \       \"etag\": \"W/\\\"8699816d-9af1-40d5-a530-4a2cde69a1f2\\\"\",\r\n
        \       \"properties\": {\r\n          \"provisioningState\": \"Succeeded\",\r\n
        \         \"type\": \"Static\",\r\n          \"mode\": \"EgressSnat\",\r\n
        \         \"internalMappings\": [\r\n            {\r\n              \"addressSpace\":
        \"10.4.0.0/24\"\r\n            }\r\n          ],\r\n          \"externalMappings\":
        [\r\n            {\r\n              \"addressSpace\": \"192.168.21.0/24\"\r\n
        \           }\r\n          ]\r\n        },\r\n        \"type\": \"Microsoft.Network/virtualNetworkGateways/natRules\"\r\n
        \     }\r\n    ],\r\n    \"virtualNetworkGatewayPolicyGroups\": [],\r\n    \"enableBgpRouteTranslationForNat\":
        false,\r\n    \"disableIPSecReplayProtection\": false,\r\n    \"sku\": {\r\n
        \     \"name\": \"VpnGw2\",\r\n      \"tier\": \"VpnGw2\",\r\n      \"capacity\":
        2\r\n    },\r\n    \"gatewayType\": \"Vpn\",\r\n    \"vpnType\": \"RouteBased\",\r\n
        \   \"enableBgp\": false,\r\n    \"activeActive\": false,\r\n    \"bgpSettings\":
        {\r\n      \"asn\": 65515,\r\n      \"bgpPeeringAddress\": \"10.0.0.254\",\r\n
        \     \"peerWeight\": 0,\r\n      \"bgpPeeringAddresses\": [\r\n        {\r\n
        \         \"ipconfigurationId\": \"/subscriptions/00000000-0000-0000-0000-000000000000/resourceGroups/clitest.rg000001/providers/Microsoft.Network/virtualNetworkGateways/vnet-gateway-name/ipConfigurations/vnetGatewayConfig0\",\r\n
        \         \"defaultBgpIpAddresses\": [\r\n            \"10.0.0.254\"\r\n          ],\r\n
        \         \"customBgpIpAddresses\": [],\r\n          \"tunnelIpAddresses\":
        [\r\n            \"20.228.118.94\"\r\n          ]\r\n        }\r\n      ]\r\n
        \   },\r\n    \"vpnGatewayGeneration\": \"Generation1\"\r\n  }\r\n}"
    headers:
      cache-control:
      - no-cache
      content-length:
      - '3316'
      content-type:
      - application/json; charset=utf-8
      date:
      - Sun, 28 Aug 2022 14:26:28 GMT
      expires:
      - '-1'
      pragma:
      - no-cache
      server:
      - Microsoft-HTTPAPI/2.0
      - Microsoft-HTTPAPI/2.0
      strict-transport-security:
      - max-age=31536000; includeSubDomains
      transfer-encoding:
      - chunked
      vary:
      - Accept-Encoding
      x-content-type-options:
      - nosniff
      x-ms-arm-service-request-id:
      - af3809cd-257c-4e38-b9f7-2ee2a1a7d769
    status:
      code: 200
      message: OK
- request:
    body: null
    headers:
      Accept:
      - application/json
      Accept-Encoding:
      - gzip, deflate
      CommandName:
      - network public-ip create
      Connection:
      - keep-alive
      ParameterSetName:
      - -g -n
      User-Agent:
      - AZURECLI/2.39.0 (PIP) azsdk-python-azure-mgmt-resource/21.1.0b1 Python/3.8.10
        (Windows-10-10.0.19044-SP0)
    method: GET
    uri: https://management.azure.com/subscriptions/00000000-0000-0000-0000-000000000000/resourcegroups/clitest.rg000001?api-version=2021-04-01
  response:
    body:
      string: '{"id":"/subscriptions/00000000-0000-0000-0000-000000000000/resourceGroups/clitest.rg000001","name":"clitest.rg000001","type":"Microsoft.Resources/resourceGroups","location":"westus","tags":{"product":"azurecli","cause":"automation","date":"2022-08-28T14:05:59Z"},"properties":{"provisioningState":"Succeeded"}}'
    headers:
      cache-control:
      - no-cache
      content-length:
      - '310'
      content-type:
      - application/json; charset=utf-8
      date:
      - Sun, 28 Aug 2022 14:26:29 GMT
      expires:
      - '-1'
      pragma:
      - no-cache
      strict-transport-security:
      - max-age=31536000; includeSubDomains
      vary:
      - Accept-Encoding
      x-content-type-options:
      - nosniff
    status:
      code: 200
      message: OK
- request:
    body: '{"location": "westus", "properties": {"publicIPAllocationMethod": "Dynamic",
      "publicIPAddressVersion": "IPv4", "idleTimeoutInMinutes": 4}}'
    headers:
      Accept:
      - application/json
      Accept-Encoding:
      - gzip, deflate
      CommandName:
      - network public-ip create
      Connection:
      - keep-alive
      Content-Length:
      - '138'
      Content-Type:
      - application/json
      ParameterSetName:
      - -g -n
      User-Agent:
      - AZURECLI/2.39.0 (PIP) azsdk-python-azure-mgmt-network/21.0.1 Python/3.8.10
        (Windows-10-10.0.19044-SP0)
    method: PUT
    uri: https://management.azure.com/subscriptions/00000000-0000-0000-0000-000000000000/resourceGroups/clitest.rg000001/providers/Microsoft.Network/publicIPAddresses/ip1?api-version=2022-01-01
  response:
    body:
      string: "{\r\n  \"name\": \"ip1\",\r\n  \"id\": \"/subscriptions/00000000-0000-0000-0000-000000000000/resourceGroups/clitest.rg000001/providers/Microsoft.Network/publicIPAddresses/ip1\",\r\n
        \ \"etag\": \"W/\\\"c0adffa5-bcf4-4ef8-9dad-a48c3cac510b\\\"\",\r\n  \"location\":
        \"westus\",\r\n  \"properties\": {\r\n    \"provisioningState\": \"Updating\",\r\n
        \   \"resourceGuid\": \"0e24ede9-4d97-454d-a3da-7ae45917a2d6\",\r\n    \"publicIPAddressVersion\":
        \"IPv4\",\r\n    \"publicIPAllocationMethod\": \"Dynamic\",\r\n    \"idleTimeoutInMinutes\":
        4,\r\n    \"ipTags\": []\r\n  },\r\n  \"type\": \"Microsoft.Network/publicIPAddresses\",\r\n
        \ \"sku\": {\r\n    \"name\": \"Basic\",\r\n    \"tier\": \"Regional\"\r\n
        \ }\r\n}"
    headers:
      azure-asyncnotification:
      - Enabled
      azure-asyncoperation:
      - https://management.azure.com/subscriptions/00000000-0000-0000-0000-000000000000/providers/Microsoft.Network/locations/westus/operations/9b243e0f-4adf-4f25-8d12-e0145fc87651?api-version=2022-01-01
      cache-control:
      - no-cache
      content-length:
      - '620'
      content-type:
      - application/json; charset=utf-8
      date:
      - Sun, 28 Aug 2022 14:26:35 GMT
      expires:
      - '-1'
      pragma:
      - no-cache
      server:
      - Microsoft-HTTPAPI/2.0
      - Microsoft-HTTPAPI/2.0
      strict-transport-security:
      - max-age=31536000; includeSubDomains
      x-content-type-options:
      - nosniff
      x-ms-arm-service-request-id:
      - 3d6c32e3-4c71-4153-b837-12ae3fe30cf8
      x-ms-ratelimit-remaining-subscription-writes:
      - '1196'
    status:
      code: 201
      message: Created
- request:
    body: null
    headers:
      Accept:
      - '*/*'
      Accept-Encoding:
      - gzip, deflate
      CommandName:
      - network public-ip create
      Connection:
      - keep-alive
      ParameterSetName:
      - -g -n
      User-Agent:
      - AZURECLI/2.39.0 (PIP) azsdk-python-azure-mgmt-network/21.0.1 Python/3.8.10
        (Windows-10-10.0.19044-SP0)
    method: GET
    uri: https://management.azure.com/subscriptions/00000000-0000-0000-0000-000000000000/providers/Microsoft.Network/locations/westus/operations/9b243e0f-4adf-4f25-8d12-e0145fc87651?api-version=2022-01-01
  response:
    body:
      string: "{\r\n  \"status\": \"Succeeded\"\r\n}"
    headers:
      cache-control:
      - no-cache
      content-length:
      - '29'
      content-type:
      - application/json; charset=utf-8
      date:
      - Sun, 28 Aug 2022 14:26:37 GMT
      expires:
      - '-1'
      pragma:
      - no-cache
      server:
      - Microsoft-HTTPAPI/2.0
      - Microsoft-HTTPAPI/2.0
      strict-transport-security:
      - max-age=31536000; includeSubDomains
      transfer-encoding:
      - chunked
      vary:
      - Accept-Encoding
      x-content-type-options:
      - nosniff
      x-ms-arm-service-request-id:
      - afa7e1a7-ed55-47cd-9846-b28f11cfef5c
    status:
      code: 200
      message: OK
- request:
    body: null
    headers:
      Accept:
      - '*/*'
      Accept-Encoding:
      - gzip, deflate
      CommandName:
      - network public-ip create
      Connection:
      - keep-alive
      ParameterSetName:
      - -g -n
      User-Agent:
      - AZURECLI/2.39.0 (PIP) azsdk-python-azure-mgmt-network/21.0.1 Python/3.8.10
        (Windows-10-10.0.19044-SP0)
    method: GET
    uri: https://management.azure.com/subscriptions/00000000-0000-0000-0000-000000000000/resourceGroups/clitest.rg000001/providers/Microsoft.Network/publicIPAddresses/ip1?api-version=2022-01-01
  response:
    body:
      string: "{\r\n  \"name\": \"ip1\",\r\n  \"id\": \"/subscriptions/00000000-0000-0000-0000-000000000000/resourceGroups/clitest.rg000001/providers/Microsoft.Network/publicIPAddresses/ip1\",\r\n
        \ \"etag\": \"W/\\\"b1650e7a-0f79-422d-ac9d-84cfa90a467c\\\"\",\r\n  \"location\":
        \"westus\",\r\n  \"properties\": {\r\n    \"provisioningState\": \"Succeeded\",\r\n
        \   \"resourceGuid\": \"0e24ede9-4d97-454d-a3da-7ae45917a2d6\",\r\n    \"publicIPAddressVersion\":
        \"IPv4\",\r\n    \"publicIPAllocationMethod\": \"Dynamic\",\r\n    \"idleTimeoutInMinutes\":
        4,\r\n    \"ipTags\": []\r\n  },\r\n  \"type\": \"Microsoft.Network/publicIPAddresses\",\r\n
        \ \"sku\": {\r\n    \"name\": \"Basic\",\r\n    \"tier\": \"Regional\"\r\n
        \ }\r\n}"
    headers:
      cache-control:
      - no-cache
      content-length:
      - '621'
      content-type:
      - application/json; charset=utf-8
      date:
      - Sun, 28 Aug 2022 14:26:37 GMT
      etag:
      - W/"b1650e7a-0f79-422d-ac9d-84cfa90a467c"
      expires:
      - '-1'
      pragma:
      - no-cache
      server:
      - Microsoft-HTTPAPI/2.0
      - Microsoft-HTTPAPI/2.0
      strict-transport-security:
      - max-age=31536000; includeSubDomains
      transfer-encoding:
      - chunked
      vary:
      - Accept-Encoding
      x-content-type-options:
      - nosniff
      x-ms-arm-service-request-id:
      - 013a1fb4-dfbb-4ef0-82cf-fa2b86c5196f
    status:
      code: 200
      message: OK
- request:
    body: null
    headers:
      Accept:
      - application/json
      Accept-Encoding:
      - gzip, deflate
      CommandName:
      - network vnet create
      Connection:
      - keep-alive
      ParameterSetName:
      - -g -n --subnet-name
      User-Agent:
      - AZURECLI/2.39.0 (PIP) azsdk-python-azure-mgmt-resource/21.1.0b1 Python/3.8.10
        (Windows-10-10.0.19044-SP0)
    method: GET
    uri: https://management.azure.com/subscriptions/00000000-0000-0000-0000-000000000000/resourcegroups/clitest.rg000001?api-version=2021-04-01
  response:
    body:
      string: '{"id":"/subscriptions/00000000-0000-0000-0000-000000000000/resourceGroups/clitest.rg000001","name":"clitest.rg000001","type":"Microsoft.Resources/resourceGroups","location":"westus","tags":{"product":"azurecli","cause":"automation","date":"2022-08-28T14:05:59Z"},"properties":{"provisioningState":"Succeeded"}}'
    headers:
      cache-control:
      - no-cache
      content-length:
      - '310'
      content-type:
      - application/json; charset=utf-8
      date:
      - Sun, 28 Aug 2022 14:26:38 GMT
      expires:
      - '-1'
      pragma:
      - no-cache
      strict-transport-security:
      - max-age=31536000; includeSubDomains
      vary:
      - Accept-Encoding
      x-content-type-options:
      - nosniff
    status:
      code: 200
      message: OK
- request:
    body: '{"location": "westus", "tags": {}, "properties": {"addressSpace": {"addressPrefixes":
      ["10.0.0.0/16"]}, "dhcpOptions": {}, "subnets": [{"name": "GatewaySubnet", "properties":
      {"addressPrefix": "10.0.0.0/24", "privateEndpointNetworkPolicies": "Disabled",
      "privateLinkServiceNetworkPolicies": "Enabled"}}]}}'
    headers:
      Accept:
      - application/json
      Accept-Encoding:
      - gzip, deflate
      CommandName:
      - network vnet create
      Connection:
      - keep-alive
      Content-Length:
      - '305'
      Content-Type:
      - application/json
      ParameterSetName:
      - -g -n --subnet-name
      User-Agent:
      - AZURECLI/2.39.0 (PIP) azsdk-python-azure-mgmt-network/21.0.1 Python/3.8.10
        (Windows-10-10.0.19044-SP0)
    method: PUT
    uri: https://management.azure.com/subscriptions/00000000-0000-0000-0000-000000000000/resourceGroups/clitest.rg000001/providers/Microsoft.Network/virtualNetworks/vnet1?api-version=2022-01-01
  response:
    body:
      string: "{\r\n  \"name\": \"vnet1\",\r\n  \"id\": \"/subscriptions/00000000-0000-0000-0000-000000000000/resourceGroups/clitest.rg000001/providers/Microsoft.Network/virtualNetworks/vnet1\",\r\n
        \ \"etag\": \"W/\\\"be2a9ba2-8b58-4a97-8389-9c47bb957f41\\\"\",\r\n  \"type\":
        \"Microsoft.Network/virtualNetworks\",\r\n  \"location\": \"westus\",\r\n
        \ \"tags\": {},\r\n  \"properties\": {\r\n    \"provisioningState\": \"Updating\",\r\n
        \   \"resourceGuid\": \"c2b59ffa-472e-481b-82e7-7085046f32fd\",\r\n    \"addressSpace\":
        {\r\n      \"addressPrefixes\": [\r\n        \"10.0.0.0/16\"\r\n      ]\r\n
        \   },\r\n    \"dhcpOptions\": {\r\n      \"dnsServers\": []\r\n    },\r\n
        \   \"subnets\": [\r\n      {\r\n        \"name\": \"GatewaySubnet\",\r\n
        \       \"id\": \"/subscriptions/00000000-0000-0000-0000-000000000000/resourceGroups/clitest.rg000001/providers/Microsoft.Network/virtualNetworks/vnet1/subnets/GatewaySubnet\",\r\n
        \       \"etag\": \"W/\\\"be2a9ba2-8b58-4a97-8389-9c47bb957f41\\\"\",\r\n
        \       \"properties\": {\r\n          \"provisioningState\": \"Updating\",\r\n
        \         \"addressPrefix\": \"10.0.0.0/24\",\r\n          \"delegations\":
        [],\r\n          \"privateEndpointNetworkPolicies\": \"Disabled\",\r\n          \"privateLinkServiceNetworkPolicies\":
        \"Enabled\"\r\n        },\r\n        \"type\": \"Microsoft.Network/virtualNetworks/subnets\"\r\n
        \     }\r\n    ],\r\n    \"virtualNetworkPeerings\": [],\r\n    \"enableDdosProtection\":
        false\r\n  }\r\n}"
    headers:
      azure-asyncnotification:
      - Enabled
      azure-asyncoperation:
      - https://management.azure.com/subscriptions/00000000-0000-0000-0000-000000000000/providers/Microsoft.Network/locations/westus/operations/9ae82707-248c-4b7f-9e92-49b30a768849?api-version=2022-01-01
      cache-control:
      - no-cache
      content-length:
      - '1298'
      content-type:
      - application/json; charset=utf-8
      date:
      - Sun, 28 Aug 2022 14:26:45 GMT
      expires:
      - '-1'
      pragma:
      - no-cache
      server:
      - Microsoft-HTTPAPI/2.0
      - Microsoft-HTTPAPI/2.0
      strict-transport-security:
      - max-age=31536000; includeSubDomains
      x-content-type-options:
      - nosniff
      x-ms-arm-service-request-id:
      - 2f1c980f-a059-417c-8d9e-845561da7542
      x-ms-ratelimit-remaining-subscription-writes:
      - '1193'
    status:
      code: 201
      message: Created
- request:
    body: null
    headers:
      Accept:
      - '*/*'
      Accept-Encoding:
      - gzip, deflate
      CommandName:
      - network vnet create
      Connection:
      - keep-alive
      ParameterSetName:
      - -g -n --subnet-name
      User-Agent:
      - AZURECLI/2.39.0 (PIP) azsdk-python-azure-mgmt-network/21.0.1 Python/3.8.10
        (Windows-10-10.0.19044-SP0)
    method: GET
    uri: https://management.azure.com/subscriptions/00000000-0000-0000-0000-000000000000/providers/Microsoft.Network/locations/westus/operations/9ae82707-248c-4b7f-9e92-49b30a768849?api-version=2022-01-01
  response:
    body:
      string: "{\r\n  \"status\": \"Succeeded\"\r\n}"
    headers:
      cache-control:
      - no-cache
      content-length:
      - '29'
      content-type:
      - application/json; charset=utf-8
      date:
      - Sun, 28 Aug 2022 14:26:49 GMT
      expires:
      - '-1'
      pragma:
      - no-cache
      server:
      - Microsoft-HTTPAPI/2.0
      - Microsoft-HTTPAPI/2.0
      strict-transport-security:
      - max-age=31536000; includeSubDomains
      transfer-encoding:
      - chunked
      vary:
      - Accept-Encoding
      x-content-type-options:
      - nosniff
      x-ms-arm-service-request-id:
      - 57e8141c-b310-42d7-8391-13f0bd05ae68
    status:
      code: 200
      message: OK
- request:
    body: null
    headers:
      Accept:
      - '*/*'
      Accept-Encoding:
      - gzip, deflate
      CommandName:
      - network vnet create
      Connection:
      - keep-alive
      ParameterSetName:
      - -g -n --subnet-name
      User-Agent:
      - AZURECLI/2.39.0 (PIP) azsdk-python-azure-mgmt-network/21.0.1 Python/3.8.10
        (Windows-10-10.0.19044-SP0)
    method: GET
    uri: https://management.azure.com/subscriptions/00000000-0000-0000-0000-000000000000/resourceGroups/clitest.rg000001/providers/Microsoft.Network/virtualNetworks/vnet1?api-version=2022-01-01
  response:
    body:
      string: "{\r\n  \"name\": \"vnet1\",\r\n  \"id\": \"/subscriptions/00000000-0000-0000-0000-000000000000/resourceGroups/clitest.rg000001/providers/Microsoft.Network/virtualNetworks/vnet1\",\r\n
        \ \"etag\": \"W/\\\"fca734ff-941e-4ddb-b143-621c92c1ba20\\\"\",\r\n  \"type\":
        \"Microsoft.Network/virtualNetworks\",\r\n  \"location\": \"westus\",\r\n
        \ \"tags\": {},\r\n  \"properties\": {\r\n    \"provisioningState\": \"Succeeded\",\r\n
        \   \"resourceGuid\": \"c2b59ffa-472e-481b-82e7-7085046f32fd\",\r\n    \"addressSpace\":
        {\r\n      \"addressPrefixes\": [\r\n        \"10.0.0.0/16\"\r\n      ]\r\n
        \   },\r\n    \"dhcpOptions\": {\r\n      \"dnsServers\": []\r\n    },\r\n
        \   \"subnets\": [\r\n      {\r\n        \"name\": \"GatewaySubnet\",\r\n
        \       \"id\": \"/subscriptions/00000000-0000-0000-0000-000000000000/resourceGroups/clitest.rg000001/providers/Microsoft.Network/virtualNetworks/vnet1/subnets/GatewaySubnet\",\r\n
        \       \"etag\": \"W/\\\"fca734ff-941e-4ddb-b143-621c92c1ba20\\\"\",\r\n
        \       \"properties\": {\r\n          \"provisioningState\": \"Succeeded\",\r\n
        \         \"addressPrefix\": \"10.0.0.0/24\",\r\n          \"delegations\":
        [],\r\n          \"privateEndpointNetworkPolicies\": \"Disabled\",\r\n          \"privateLinkServiceNetworkPolicies\":
        \"Enabled\"\r\n        },\r\n        \"type\": \"Microsoft.Network/virtualNetworks/subnets\"\r\n
        \     }\r\n    ],\r\n    \"virtualNetworkPeerings\": [],\r\n    \"enableDdosProtection\":
        false\r\n  }\r\n}"
    headers:
      cache-control:
      - no-cache
      content-length:
      - '1300'
      content-type:
      - application/json; charset=utf-8
      date:
      - Sun, 28 Aug 2022 14:26:49 GMT
      etag:
      - W/"fca734ff-941e-4ddb-b143-621c92c1ba20"
      expires:
      - '-1'
      pragma:
      - no-cache
      server:
      - Microsoft-HTTPAPI/2.0
      - Microsoft-HTTPAPI/2.0
      strict-transport-security:
      - max-age=31536000; includeSubDomains
      transfer-encoding:
      - chunked
      vary:
      - Accept-Encoding
      x-content-type-options:
      - nosniff
      x-ms-arm-service-request-id:
      - 1a3a140b-b313-4273-8438-950dea2c7bfa
    status:
      code: 200
      message: OK
- request:
    body: null
    headers:
      Accept:
      - application/json
      Accept-Encoding:
      - gzip, deflate
      CommandName:
      - network vnet-gateway create
      Connection:
      - keep-alive
      ParameterSetName:
      - -g -n --vnet --public-ip-address --sku --nat-rule
      User-Agent:
      - AZURECLI/2.39.0 (PIP) azsdk-python-azure-mgmt-resource/21.1.0b1 Python/3.8.10
        (Windows-10-10.0.19044-SP0)
    method: GET
    uri: https://management.azure.com/subscriptions/00000000-0000-0000-0000-000000000000/resourcegroups/clitest.rg000001?api-version=2021-04-01
  response:
    body:
      string: '{"id":"/subscriptions/00000000-0000-0000-0000-000000000000/resourceGroups/clitest.rg000001","name":"clitest.rg000001","type":"Microsoft.Resources/resourceGroups","location":"westus","tags":{"product":"azurecli","cause":"automation","date":"2022-08-28T14:05:59Z"},"properties":{"provisioningState":"Succeeded"}}'
    headers:
      cache-control:
      - no-cache
      content-length:
      - '310'
      content-type:
      - application/json; charset=utf-8
      date:
      - Sun, 28 Aug 2022 14:26:50 GMT
      expires:
      - '-1'
      pragma:
      - no-cache
      strict-transport-security:
      - max-age=31536000; includeSubDomains
      vary:
      - Accept-Encoding
      x-content-type-options:
      - nosniff
    status:
      code: 200
      message: OK
- request:
    body: '{"location": "westus", "properties": {"ipConfigurations": [{"name": "vnetGatewayConfig0",
      "properties": {"privateIPAllocationMethod": "Dynamic", "subnet": {"id": "/subscriptions/00000000-0000-0000-0000-000000000000/resourceGroups/clitest.rg000001/providers/Microsoft.Network/virtualNetworks/vnet1/subnets/GatewaySubnet"},
      "publicIPAddress": {"id": "/subscriptions/00000000-0000-0000-0000-000000000000/resourceGroups/clitest.rg000001/providers/Microsoft.Network/publicIPAddresses/ip1"}}}],
      "gatewayType": "Vpn", "vpnType": "RouteBased", "activeActive": false, "sku":
      {"name": "VpnGw2", "tier": "VpnGw2"}, "natRules": [{"name": "nat", "properties":
      {"type": "Static", "mode": "EgressSnat", "internalMappings": [{"addressSpace":
      "10.4.0.0/24"}], "externalMappings": [{"addressSpace": "192.168.21.0/24"}]}}]}}'
    headers:
      Accept:
      - application/json
      Accept-Encoding:
      - gzip, deflate
      CommandName:
      - network vnet-gateway create
      Connection:
      - keep-alive
      Content-Length:
      - '805'
      Content-Type:
      - application/json
      ParameterSetName:
      - -g -n --vnet --public-ip-address --sku --nat-rule
      User-Agent:
      - AZURECLI/2.39.0 (PIP) azsdk-python-azure-mgmt-network/21.0.1 Python/3.8.10
        (Windows-10-10.0.19044-SP0)
    method: PUT
    uri: https://management.azure.com/subscriptions/00000000-0000-0000-0000-000000000000/resourceGroups/clitest.rg000001/providers/Microsoft.Network/virtualNetworkGateways/vnet-gateway-name1?api-version=2022-01-01
  response:
    body:
      string: "{\r\n  \"name\": \"vnet-gateway-name1\",\r\n  \"id\": \"/subscriptions/00000000-0000-0000-0000-000000000000/resourceGroups/clitest.rg000001/providers/Microsoft.Network/virtualNetworkGateways/vnet-gateway-name1\",\r\n
        \ \"etag\": \"W/\\\"0e702078-7529-4367-bea2-a6c4014e838d\\\"\",\r\n  \"type\":
        \"Microsoft.Network/virtualNetworkGateways\",\r\n  \"location\": \"westus\",\r\n
        \ \"properties\": {\r\n    \"provisioningState\": \"Updating\",\r\n    \"resourceGuid\":
        \"2cd0b96a-5fd0-42f5-b037-04ac0b746d30\",\r\n    \"packetCaptureDiagnosticState\":
        \"None\",\r\n    \"enablePrivateIpAddress\": false,\r\n    \"isMigrateToCSES\":
        false,\r\n    \"ipConfigurations\": [\r\n      {\r\n        \"name\": \"vnetGatewayConfig0\",\r\n
        \       \"id\": \"/subscriptions/00000000-0000-0000-0000-000000000000/resourceGroups/clitest.rg000001/providers/Microsoft.Network/virtualNetworkGateways/vnet-gateway-name1/ipConfigurations/vnetGatewayConfig0\",\r\n
        \       \"etag\": \"W/\\\"0e702078-7529-4367-bea2-a6c4014e838d\\\"\",\r\n
        \       \"type\": \"Microsoft.Network/virtualNetworkGateways/ipConfigurations\",\r\n
        \       \"properties\": {\r\n          \"provisioningState\": \"Updating\",\r\n
        \         \"privateIPAllocationMethod\": \"Dynamic\",\r\n          \"publicIPAddress\":
        {\r\n            \"id\": \"/subscriptions/00000000-0000-0000-0000-000000000000/resourceGroups/clitest.rg000001/providers/Microsoft.Network/publicIPAddresses/ip1\"\r\n
        \         },\r\n          \"subnet\": {\r\n            \"id\": \"/subscriptions/00000000-0000-0000-0000-000000000000/resourceGroups/clitest.rg000001/providers/Microsoft.Network/virtualNetworks/vnet1/subnets/GatewaySubnet\"\r\n
        \         }\r\n        }\r\n      }\r\n    ],\r\n    \"natRules\": [\r\n      {\r\n
        \       \"name\": \"nat\",\r\n        \"id\": \"/subscriptions/00000000-0000-0000-0000-000000000000/resourceGroups/clitest.rg000001/providers/Microsoft.Network/virtualNetworkGateways/vnet-gateway-name1/natRules/nat\",\r\n
        \       \"etag\": \"W/\\\"0e702078-7529-4367-bea2-a6c4014e838d\\\"\",\r\n
        \       \"properties\": {\r\n          \"provisioningState\": \"Updating\",\r\n
        \         \"type\": \"Static\",\r\n          \"mode\": \"EgressSnat\",\r\n
        \         \"internalMappings\": [\r\n            {\r\n              \"addressSpace\":
        \"10.4.0.0/24\"\r\n            }\r\n          ],\r\n          \"externalMappings\":
        [\r\n            {\r\n              \"addressSpace\": \"192.168.21.0/24\"\r\n
        \           }\r\n          ]\r\n        },\r\n        \"type\": \"Microsoft.Network/virtualNetworkGateways/natRules\"\r\n
        \     }\r\n    ],\r\n    \"virtualNetworkGatewayPolicyGroups\": [],\r\n    \"enableBgpRouteTranslationForNat\":
        false,\r\n    \"disableIPSecReplayProtection\": false,\r\n    \"sku\": {\r\n
        \     \"name\": \"VpnGw2\",\r\n      \"tier\": \"VpnGw2\",\r\n      \"capacity\":
        2\r\n    },\r\n    \"gatewayType\": \"Vpn\",\r\n    \"vpnType\": \"RouteBased\",\r\n
        \   \"enableBgp\": false,\r\n    \"activeActive\": false,\r\n    \"vpnClientConfiguration\":
        {\r\n      \"vpnClientProtocols\": [\r\n        \"OpenVPN\",\r\n        \"IkeV2\"\r\n
        \     ],\r\n      \"vpnAuthenticationTypes\": [],\r\n      \"vpnClientRootCertificates\":
        [],\r\n      \"vpnClientRevokedCertificates\": [],\r\n      \"vngClientConnectionConfigurations\":
        [],\r\n      \"radiusServers\": [],\r\n      \"vpnClientIpsecPolicies\": []\r\n
        \   },\r\n    \"bgpSettings\": {\r\n      \"asn\": 0,\r\n      \"peerWeight\":
        0,\r\n      \"bgpPeeringAddresses\": [\r\n        {\r\n          \"ipconfigurationId\":
        \"/subscriptions/00000000-0000-0000-0000-000000000000/resourceGroups/clitest.rg000001/providers/Microsoft.Network/virtualNetworkGateways/vnet-gateway-name1/ipConfigurations/vnetGatewayConfig0\",\r\n
        \         \"defaultBgpIpAddresses\": [],\r\n          \"customBgpIpAddresses\":
        []\r\n        }\r\n      ]\r\n    },\r\n    \"vpnGatewayGeneration\": \"Generation1\"\r\n
        \ }\r\n}"
    headers:
      azure-asyncnotification:
      - Enabled
      azure-asyncoperation:
      - https://management.azure.com/subscriptions/00000000-0000-0000-0000-000000000000/providers/Microsoft.Network/locations/westus/operations/3d6e10ae-4a04-49fb-92dc-8aab3282a081?api-version=2022-01-01
      cache-control:
      - no-cache
      content-length:
      - '3510'
      content-type:
      - application/json; charset=utf-8
      date:
      - Sun, 28 Aug 2022 14:27:00 GMT
      expires:
      - '-1'
      pragma:
      - no-cache
      server:
      - Microsoft-HTTPAPI/2.0
      - Microsoft-HTTPAPI/2.0
      strict-transport-security:
      - max-age=31536000; includeSubDomains
      x-content-type-options:
      - nosniff
      x-ms-arm-service-request-id:
      - aa5f4ec6-2873-4469-a5a9-7b56e0ebdda2
      x-ms-ratelimit-remaining-subscription-writes:
      - '1188'
    status:
      code: 201
      message: Created
- request:
    body: null
    headers:
      Accept:
      - '*/*'
      Accept-Encoding:
      - gzip, deflate
      CommandName:
      - network vnet-gateway create
      Connection:
      - keep-alive
      ParameterSetName:
      - -g -n --vnet --public-ip-address --sku --nat-rule
      User-Agent:
      - AZURECLI/2.39.0 (PIP) azsdk-python-azure-mgmt-network/21.0.1 Python/3.8.10
        (Windows-10-10.0.19044-SP0)
    method: GET
    uri: https://management.azure.com/subscriptions/00000000-0000-0000-0000-000000000000/providers/Microsoft.Network/locations/westus/operations/3d6e10ae-4a04-49fb-92dc-8aab3282a081?api-version=2022-01-01
  response:
    body:
      string: "{\r\n  \"status\": \"InProgress\"\r\n}"
    headers:
      cache-control:
      - no-cache
      content-length:
      - '30'
      content-type:
      - application/json; charset=utf-8
      date:
      - Sun, 28 Aug 2022 14:27:11 GMT
      expires:
      - '-1'
      pragma:
      - no-cache
      server:
      - Microsoft-HTTPAPI/2.0
      - Microsoft-HTTPAPI/2.0
      strict-transport-security:
      - max-age=31536000; includeSubDomains
      transfer-encoding:
      - chunked
      vary:
      - Accept-Encoding
      x-content-type-options:
      - nosniff
      x-ms-arm-service-request-id:
      - 46ab8cc6-858a-443b-9e6d-b80d8115abff
    status:
      code: 200
      message: OK
- request:
    body: null
    headers:
      Accept:
      - '*/*'
      Accept-Encoding:
      - gzip, deflate
      CommandName:
      - network vnet-gateway create
      Connection:
      - keep-alive
      ParameterSetName:
      - -g -n --vnet --public-ip-address --sku --nat-rule
      User-Agent:
      - AZURECLI/2.39.0 (PIP) azsdk-python-azure-mgmt-network/21.0.1 Python/3.8.10
        (Windows-10-10.0.19044-SP0)
    method: GET
    uri: https://management.azure.com/subscriptions/00000000-0000-0000-0000-000000000000/providers/Microsoft.Network/locations/westus/operations/3d6e10ae-4a04-49fb-92dc-8aab3282a081?api-version=2022-01-01
  response:
    body:
      string: "{\r\n  \"status\": \"InProgress\"\r\n}"
    headers:
      cache-control:
      - no-cache
      content-length:
      - '30'
      content-type:
      - application/json; charset=utf-8
      date:
      - Sun, 28 Aug 2022 14:27:21 GMT
      expires:
      - '-1'
      pragma:
      - no-cache
      server:
      - Microsoft-HTTPAPI/2.0
      - Microsoft-HTTPAPI/2.0
      strict-transport-security:
      - max-age=31536000; includeSubDomains
      transfer-encoding:
      - chunked
      vary:
      - Accept-Encoding
      x-content-type-options:
      - nosniff
      x-ms-arm-service-request-id:
      - cff4a64d-9838-471f-ad09-457d94e4a688
    status:
      code: 200
      message: OK
- request:
    body: null
    headers:
      Accept:
      - '*/*'
      Accept-Encoding:
      - gzip, deflate
      CommandName:
      - network vnet-gateway create
      Connection:
      - keep-alive
      ParameterSetName:
      - -g -n --vnet --public-ip-address --sku --nat-rule
      User-Agent:
      - AZURECLI/2.39.0 (PIP) azsdk-python-azure-mgmt-network/21.0.1 Python/3.8.10
        (Windows-10-10.0.19044-SP0)
    method: GET
    uri: https://management.azure.com/subscriptions/00000000-0000-0000-0000-000000000000/providers/Microsoft.Network/locations/westus/operations/3d6e10ae-4a04-49fb-92dc-8aab3282a081?api-version=2022-01-01
  response:
    body:
      string: "{\r\n  \"status\": \"InProgress\"\r\n}"
    headers:
      cache-control:
      - no-cache
      content-length:
      - '30'
      content-type:
      - application/json; charset=utf-8
      date:
      - Sun, 28 Aug 2022 14:27:42 GMT
      expires:
      - '-1'
      pragma:
      - no-cache
      server:
      - Microsoft-HTTPAPI/2.0
      - Microsoft-HTTPAPI/2.0
      strict-transport-security:
      - max-age=31536000; includeSubDomains
      transfer-encoding:
      - chunked
      vary:
      - Accept-Encoding
      x-content-type-options:
      - nosniff
      x-ms-arm-service-request-id:
      - a2569689-3548-406e-b8cd-a9623d884c9e
    status:
      code: 200
      message: OK
- request:
    body: null
    headers:
      Accept:
      - '*/*'
      Accept-Encoding:
      - gzip, deflate
      CommandName:
      - network vnet-gateway create
      Connection:
      - keep-alive
      ParameterSetName:
      - -g -n --vnet --public-ip-address --sku --nat-rule
      User-Agent:
      - AZURECLI/2.39.0 (PIP) azsdk-python-azure-mgmt-network/21.0.1 Python/3.8.10
        (Windows-10-10.0.19044-SP0)
    method: GET
    uri: https://management.azure.com/subscriptions/00000000-0000-0000-0000-000000000000/providers/Microsoft.Network/locations/westus/operations/3d6e10ae-4a04-49fb-92dc-8aab3282a081?api-version=2022-01-01
  response:
    body:
      string: "{\r\n  \"status\": \"InProgress\"\r\n}"
    headers:
      cache-control:
      - no-cache
      content-length:
      - '30'
      content-type:
      - application/json; charset=utf-8
      date:
      - Sun, 28 Aug 2022 14:28:03 GMT
      expires:
      - '-1'
      pragma:
      - no-cache
      server:
      - Microsoft-HTTPAPI/2.0
      - Microsoft-HTTPAPI/2.0
      strict-transport-security:
      - max-age=31536000; includeSubDomains
      transfer-encoding:
      - chunked
      vary:
      - Accept-Encoding
      x-content-type-options:
      - nosniff
      x-ms-arm-service-request-id:
      - 05027189-e549-4598-8935-af8d7aaad974
    status:
      code: 200
      message: OK
- request:
    body: null
    headers:
      Accept:
      - '*/*'
      Accept-Encoding:
      - gzip, deflate
      CommandName:
      - network vnet-gateway create
      Connection:
      - keep-alive
      ParameterSetName:
      - -g -n --vnet --public-ip-address --sku --nat-rule
      User-Agent:
      - AZURECLI/2.39.0 (PIP) azsdk-python-azure-mgmt-network/21.0.1 Python/3.8.10
        (Windows-10-10.0.19044-SP0)
    method: GET
    uri: https://management.azure.com/subscriptions/00000000-0000-0000-0000-000000000000/providers/Microsoft.Network/locations/westus/operations/3d6e10ae-4a04-49fb-92dc-8aab3282a081?api-version=2022-01-01
  response:
    body:
      string: "{\r\n  \"status\": \"InProgress\"\r\n}"
    headers:
      cache-control:
      - no-cache
      content-length:
      - '30'
      content-type:
      - application/json; charset=utf-8
      date:
      - Sun, 28 Aug 2022 14:28:43 GMT
      expires:
      - '-1'
      pragma:
      - no-cache
      server:
      - Microsoft-HTTPAPI/2.0
      - Microsoft-HTTPAPI/2.0
      strict-transport-security:
      - max-age=31536000; includeSubDomains
      transfer-encoding:
      - chunked
      vary:
      - Accept-Encoding
      x-content-type-options:
      - nosniff
      x-ms-arm-service-request-id:
      - 067247b8-47f8-4ad9-89ab-af6ed33e71c8
    status:
      code: 200
      message: OK
- request:
    body: null
    headers:
      Accept:
      - '*/*'
      Accept-Encoding:
      - gzip, deflate
      CommandName:
      - network vnet-gateway create
      Connection:
      - keep-alive
      ParameterSetName:
      - -g -n --vnet --public-ip-address --sku --nat-rule
      User-Agent:
      - AZURECLI/2.39.0 (PIP) azsdk-python-azure-mgmt-network/21.0.1 Python/3.8.10
        (Windows-10-10.0.19044-SP0)
    method: GET
    uri: https://management.azure.com/subscriptions/00000000-0000-0000-0000-000000000000/providers/Microsoft.Network/locations/westus/operations/3d6e10ae-4a04-49fb-92dc-8aab3282a081?api-version=2022-01-01
  response:
    body:
      string: "{\r\n  \"status\": \"InProgress\"\r\n}"
    headers:
      cache-control:
      - no-cache
      content-length:
      - '30'
      content-type:
      - application/json; charset=utf-8
      date:
      - Sun, 28 Aug 2022 14:29:25 GMT
      expires:
      - '-1'
      pragma:
      - no-cache
      server:
      - Microsoft-HTTPAPI/2.0
      - Microsoft-HTTPAPI/2.0
      strict-transport-security:
      - max-age=31536000; includeSubDomains
      transfer-encoding:
      - chunked
      vary:
      - Accept-Encoding
      x-content-type-options:
      - nosniff
      x-ms-arm-service-request-id:
      - da2e6d64-fb33-4c10-b1bf-5ab21861a496
    status:
      code: 200
      message: ''
- request:
    body: null
    headers:
      Accept:
      - '*/*'
      Accept-Encoding:
      - gzip, deflate
      CommandName:
      - network vnet-gateway create
      Connection:
      - keep-alive
      ParameterSetName:
      - -g -n --vnet --public-ip-address --sku --nat-rule
      User-Agent:
      - AZURECLI/2.39.0 (PIP) azsdk-python-azure-mgmt-network/21.0.1 Python/3.8.10
        (Windows-10-10.0.19044-SP0)
    method: GET
    uri: https://management.azure.com/subscriptions/00000000-0000-0000-0000-000000000000/providers/Microsoft.Network/locations/westus/operations/3d6e10ae-4a04-49fb-92dc-8aab3282a081?api-version=2022-01-01
  response:
    body:
      string: "{\r\n  \"status\": \"InProgress\"\r\n}"
    headers:
      cache-control:
      - no-cache
      content-length:
      - '30'
      content-type:
      - application/json; charset=utf-8
      date:
      - Sun, 28 Aug 2022 14:30:46 GMT
      expires:
      - '-1'
      pragma:
      - no-cache
      server:
      - Microsoft-HTTPAPI/2.0
      - Microsoft-HTTPAPI/2.0
      strict-transport-security:
      - max-age=31536000; includeSubDomains
      transfer-encoding:
      - chunked
      vary:
      - Accept-Encoding
      x-content-type-options:
      - nosniff
      x-ms-arm-service-request-id:
      - c139d0a1-14c6-4626-8ac5-58590391913a
    status:
      code: 200
      message: ''
- request:
    body: null
    headers:
      Accept:
      - '*/*'
      Accept-Encoding:
      - gzip, deflate
      CommandName:
      - network vnet-gateway create
      Connection:
      - keep-alive
      ParameterSetName:
      - -g -n --vnet --public-ip-address --sku --nat-rule
      User-Agent:
      - AZURECLI/2.39.0 (PIP) azsdk-python-azure-mgmt-network/21.0.1 Python/3.8.10
        (Windows-10-10.0.19044-SP0)
    method: GET
    uri: https://management.azure.com/subscriptions/00000000-0000-0000-0000-000000000000/providers/Microsoft.Network/locations/westus/operations/3d6e10ae-4a04-49fb-92dc-8aab3282a081?api-version=2022-01-01
  response:
    body:
      string: "{\r\n  \"status\": \"InProgress\"\r\n}"
    headers:
      cache-control:
      - no-cache
      content-length:
      - '30'
      content-type:
      - application/json; charset=utf-8
      date:
      - Sun, 28 Aug 2022 14:33:26 GMT
      expires:
      - '-1'
      pragma:
      - no-cache
      server:
      - Microsoft-HTTPAPI/2.0
      - Microsoft-HTTPAPI/2.0
      strict-transport-security:
      - max-age=31536000; includeSubDomains
      transfer-encoding:
      - chunked
      vary:
      - Accept-Encoding
      x-content-type-options:
      - nosniff
      x-ms-arm-service-request-id:
      - e8ee11b9-4e0a-4c06-8f9a-12697105a13d
    status:
      code: 200
      message: OK
- request:
    body: null
    headers:
      Accept:
      - '*/*'
      Accept-Encoding:
      - gzip, deflate
      CommandName:
      - network vnet-gateway create
      Connection:
      - keep-alive
      ParameterSetName:
      - -g -n --vnet --public-ip-address --sku --nat-rule
      User-Agent:
      - AZURECLI/2.39.0 (PIP) azsdk-python-azure-mgmt-network/21.0.1 Python/3.8.10
        (Windows-10-10.0.19044-SP0)
    method: GET
    uri: https://management.azure.com/subscriptions/00000000-0000-0000-0000-000000000000/providers/Microsoft.Network/locations/westus/operations/3d6e10ae-4a04-49fb-92dc-8aab3282a081?api-version=2022-01-01
  response:
    body:
      string: "{\r\n  \"status\": \"InProgress\"\r\n}"
    headers:
      cache-control:
      - no-cache
      content-length:
      - '30'
      content-type:
      - application/json; charset=utf-8
      date:
      - Sun, 28 Aug 2022 14:35:07 GMT
      expires:
      - '-1'
      pragma:
      - no-cache
      server:
      - Microsoft-HTTPAPI/2.0
      - Microsoft-HTTPAPI/2.0
      strict-transport-security:
      - max-age=31536000; includeSubDomains
      transfer-encoding:
      - chunked
      vary:
      - Accept-Encoding
      x-content-type-options:
      - nosniff
      x-ms-arm-service-request-id:
      - b253a14c-f320-47ac-a1bd-5becdde07928
    status:
      code: 200
      message: OK
- request:
    body: null
    headers:
      Accept:
      - '*/*'
      Accept-Encoding:
      - gzip, deflate
      CommandName:
      - network vnet-gateway create
      Connection:
      - keep-alive
      ParameterSetName:
      - -g -n --vnet --public-ip-address --sku --nat-rule
      User-Agent:
      - AZURECLI/2.39.0 (PIP) azsdk-python-azure-mgmt-network/21.0.1 Python/3.8.10
        (Windows-10-10.0.19044-SP0)
    method: GET
    uri: https://management.azure.com/subscriptions/00000000-0000-0000-0000-000000000000/providers/Microsoft.Network/locations/westus/operations/3d6e10ae-4a04-49fb-92dc-8aab3282a081?api-version=2022-01-01
  response:
    body:
      string: "{\r\n  \"status\": \"InProgress\"\r\n}"
    headers:
      cache-control:
      - no-cache
      content-length:
      - '30'
      content-type:
      - application/json; charset=utf-8
      date:
      - Sun, 28 Aug 2022 14:36:48 GMT
      expires:
      - '-1'
      pragma:
      - no-cache
      server:
      - Microsoft-HTTPAPI/2.0
      - Microsoft-HTTPAPI/2.0
      strict-transport-security:
      - max-age=31536000; includeSubDomains
      transfer-encoding:
      - chunked
      vary:
      - Accept-Encoding
      x-content-type-options:
      - nosniff
      x-ms-arm-service-request-id:
      - 52c8f168-a677-4da6-a774-f5e324cfe2a6
    status:
      code: 200
      message: OK
- request:
    body: null
    headers:
      Accept:
      - '*/*'
      Accept-Encoding:
      - gzip, deflate
      CommandName:
      - network vnet-gateway create
      Connection:
      - keep-alive
      ParameterSetName:
      - -g -n --vnet --public-ip-address --sku --nat-rule
      User-Agent:
      - AZURECLI/2.39.0 (PIP) azsdk-python-azure-mgmt-network/21.0.1 Python/3.8.10
        (Windows-10-10.0.19044-SP0)
    method: GET
    uri: https://management.azure.com/subscriptions/00000000-0000-0000-0000-000000000000/providers/Microsoft.Network/locations/westus/operations/3d6e10ae-4a04-49fb-92dc-8aab3282a081?api-version=2022-01-01
  response:
    body:
      string: "{\r\n  \"status\": \"InProgress\"\r\n}"
    headers:
      cache-control:
      - no-cache
      content-length:
      - '30'
      content-type:
      - application/json; charset=utf-8
      date:
      - Sun, 28 Aug 2022 14:38:28 GMT
      expires:
      - '-1'
      pragma:
      - no-cache
      server:
      - Microsoft-HTTPAPI/2.0
      - Microsoft-HTTPAPI/2.0
      strict-transport-security:
      - max-age=31536000; includeSubDomains
      transfer-encoding:
      - chunked
      vary:
      - Accept-Encoding
      x-content-type-options:
      - nosniff
      x-ms-arm-service-request-id:
      - 83dd7109-af18-455e-8731-415c9867795f
    status:
      code: 200
      message: OK
- request:
    body: null
    headers:
      Accept:
      - '*/*'
      Accept-Encoding:
      - gzip, deflate
      CommandName:
      - network vnet-gateway create
      Connection:
      - keep-alive
      ParameterSetName:
      - -g -n --vnet --public-ip-address --sku --nat-rule
      User-Agent:
      - AZURECLI/2.39.0 (PIP) azsdk-python-azure-mgmt-network/21.0.1 Python/3.8.10
        (Windows-10-10.0.19044-SP0)
    method: GET
    uri: https://management.azure.com/subscriptions/00000000-0000-0000-0000-000000000000/providers/Microsoft.Network/locations/westus/operations/3d6e10ae-4a04-49fb-92dc-8aab3282a081?api-version=2022-01-01
  response:
    body:
      string: "{\r\n  \"status\": \"InProgress\"\r\n}"
    headers:
      cache-control:
      - no-cache
      content-length:
      - '30'
      content-type:
      - application/json; charset=utf-8
      date:
      - Sun, 28 Aug 2022 14:40:09 GMT
      expires:
      - '-1'
      pragma:
      - no-cache
      server:
      - Microsoft-HTTPAPI/2.0
      - Microsoft-HTTPAPI/2.0
      strict-transport-security:
      - max-age=31536000; includeSubDomains
      transfer-encoding:
      - chunked
      vary:
      - Accept-Encoding
      x-content-type-options:
      - nosniff
      x-ms-arm-service-request-id:
      - 7d60148b-cf37-4672-8e65-7fa2c2da5af6
    status:
      code: 200
      message: OK
- request:
    body: null
    headers:
      Accept:
      - '*/*'
      Accept-Encoding:
      - gzip, deflate
      CommandName:
      - network vnet-gateway create
      Connection:
      - keep-alive
      ParameterSetName:
      - -g -n --vnet --public-ip-address --sku --nat-rule
      User-Agent:
      - AZURECLI/2.39.0 (PIP) azsdk-python-azure-mgmt-network/21.0.1 Python/3.8.10
        (Windows-10-10.0.19044-SP0)
    method: GET
    uri: https://management.azure.com/subscriptions/00000000-0000-0000-0000-000000000000/providers/Microsoft.Network/locations/westus/operations/3d6e10ae-4a04-49fb-92dc-8aab3282a081?api-version=2022-01-01
  response:
    body:
      string: "{\r\n  \"status\": \"InProgress\"\r\n}"
    headers:
      cache-control:
      - no-cache
      content-length:
      - '30'
      content-type:
      - application/json; charset=utf-8
      date:
      - Sun, 28 Aug 2022 14:41:49 GMT
      expires:
      - '-1'
      pragma:
      - no-cache
      server:
      - Microsoft-HTTPAPI/2.0
      - Microsoft-HTTPAPI/2.0
      strict-transport-security:
      - max-age=31536000; includeSubDomains
      transfer-encoding:
      - chunked
      vary:
      - Accept-Encoding
      x-content-type-options:
      - nosniff
      x-ms-arm-service-request-id:
      - 82ca57c3-58a8-4d55-a6bb-9b83f73e54a2
    status:
      code: 200
      message: OK
- request:
    body: null
    headers:
      Accept:
      - '*/*'
      Accept-Encoding:
      - gzip, deflate
      CommandName:
      - network vnet-gateway create
      Connection:
      - keep-alive
      ParameterSetName:
      - -g -n --vnet --public-ip-address --sku --nat-rule
      User-Agent:
      - AZURECLI/2.39.0 (PIP) azsdk-python-azure-mgmt-network/21.0.1 Python/3.8.10
        (Windows-10-10.0.19044-SP0)
    method: GET
    uri: https://management.azure.com/subscriptions/00000000-0000-0000-0000-000000000000/providers/Microsoft.Network/locations/westus/operations/3d6e10ae-4a04-49fb-92dc-8aab3282a081?api-version=2022-01-01
  response:
    body:
      string: "{\r\n  \"status\": \"InProgress\"\r\n}"
    headers:
      cache-control:
      - no-cache
      content-length:
      - '30'
      content-type:
      - application/json; charset=utf-8
      date:
      - Sun, 28 Aug 2022 14:43:30 GMT
      expires:
      - '-1'
      pragma:
      - no-cache
      server:
      - Microsoft-HTTPAPI/2.0
      - Microsoft-HTTPAPI/2.0
      strict-transport-security:
      - max-age=31536000; includeSubDomains
      transfer-encoding:
      - chunked
      vary:
      - Accept-Encoding
      x-content-type-options:
      - nosniff
      x-ms-arm-service-request-id:
      - f842b262-b90a-43ab-afba-eca63fa202b9
    status:
      code: 200
      message: OK
- request:
    body: null
    headers:
      Accept:
      - '*/*'
      Accept-Encoding:
      - gzip, deflate
      CommandName:
      - network vnet-gateway create
      Connection:
      - keep-alive
      ParameterSetName:
      - -g -n --vnet --public-ip-address --sku --nat-rule
      User-Agent:
      - AZURECLI/2.39.0 (PIP) azsdk-python-azure-mgmt-network/21.0.1 Python/3.8.10
        (Windows-10-10.0.19044-SP0)
    method: GET
    uri: https://management.azure.com/subscriptions/00000000-0000-0000-0000-000000000000/providers/Microsoft.Network/locations/westus/operations/3d6e10ae-4a04-49fb-92dc-8aab3282a081?api-version=2022-01-01
  response:
    body:
      string: "{\r\n  \"status\": \"Succeeded\"\r\n}"
    headers:
      cache-control:
      - no-cache
      content-length:
      - '29'
      content-type:
      - application/json; charset=utf-8
      date:
      - Sun, 28 Aug 2022 14:45:10 GMT
      expires:
      - '-1'
      pragma:
      - no-cache
      server:
      - Microsoft-HTTPAPI/2.0
      - Microsoft-HTTPAPI/2.0
      strict-transport-security:
      - max-age=31536000; includeSubDomains
      transfer-encoding:
      - chunked
      vary:
      - Accept-Encoding
      x-content-type-options:
      - nosniff
      x-ms-arm-service-request-id:
      - 7f246513-a392-46c6-bd42-db912b867d11
    status:
      code: 200
      message: OK
- request:
    body: null
    headers:
      Accept:
      - '*/*'
      Accept-Encoding:
      - gzip, deflate
      CommandName:
      - network vnet-gateway create
      Connection:
      - keep-alive
      ParameterSetName:
      - -g -n --vnet --public-ip-address --sku --nat-rule
      User-Agent:
      - AZURECLI/2.39.0 (PIP) azsdk-python-azure-mgmt-network/21.0.1 Python/3.8.10
        (Windows-10-10.0.19044-SP0)
    method: GET
    uri: https://management.azure.com/subscriptions/00000000-0000-0000-0000-000000000000/resourceGroups/clitest.rg000001/providers/Microsoft.Network/virtualNetworkGateways/vnet-gateway-name1?api-version=2022-01-01
  response:
    body:
      string: "{\r\n  \"name\": \"vnet-gateway-name1\",\r\n  \"id\": \"/subscriptions/00000000-0000-0000-0000-000000000000/resourceGroups/clitest.rg000001/providers/Microsoft.Network/virtualNetworkGateways/vnet-gateway-name1\",\r\n
        \ \"etag\": \"W/\\\"9ab7529e-e514-4a6d-a323-9bee99c9d9f9\\\"\",\r\n  \"type\":
        \"Microsoft.Network/virtualNetworkGateways\",\r\n  \"location\": \"westus\",\r\n
        \ \"properties\": {\r\n    \"provisioningState\": \"Succeeded\",\r\n    \"resourceGuid\":
        \"2cd0b96a-5fd0-42f5-b037-04ac0b746d30\",\r\n    \"packetCaptureDiagnosticState\":
        \"None\",\r\n    \"enablePrivateIpAddress\": false,\r\n    \"isMigrateToCSES\":
        false,\r\n    \"ipConfigurations\": [\r\n      {\r\n        \"name\": \"vnetGatewayConfig0\",\r\n
        \       \"id\": \"/subscriptions/00000000-0000-0000-0000-000000000000/resourceGroups/clitest.rg000001/providers/Microsoft.Network/virtualNetworkGateways/vnet-gateway-name1/ipConfigurations/vnetGatewayConfig0\",\r\n
        \       \"etag\": \"W/\\\"9ab7529e-e514-4a6d-a323-9bee99c9d9f9\\\"\",\r\n
        \       \"type\": \"Microsoft.Network/virtualNetworkGateways/ipConfigurations\",\r\n
        \       \"properties\": {\r\n          \"provisioningState\": \"Succeeded\",\r\n
        \         \"privateIPAllocationMethod\": \"Dynamic\",\r\n          \"publicIPAddress\":
        {\r\n            \"id\": \"/subscriptions/00000000-0000-0000-0000-000000000000/resourceGroups/clitest.rg000001/providers/Microsoft.Network/publicIPAddresses/ip1\"\r\n
        \         },\r\n          \"subnet\": {\r\n            \"id\": \"/subscriptions/00000000-0000-0000-0000-000000000000/resourceGroups/clitest.rg000001/providers/Microsoft.Network/virtualNetworks/vnet1/subnets/GatewaySubnet\"\r\n
        \         }\r\n        }\r\n      }\r\n    ],\r\n    \"natRules\": [\r\n      {\r\n
        \       \"name\": \"nat\",\r\n        \"id\": \"/subscriptions/00000000-0000-0000-0000-000000000000/resourceGroups/clitest.rg000001/providers/Microsoft.Network/virtualNetworkGateways/vnet-gateway-name1/natRules/nat\",\r\n
        \       \"etag\": \"W/\\\"9ab7529e-e514-4a6d-a323-9bee99c9d9f9\\\"\",\r\n
        \       \"properties\": {\r\n          \"provisioningState\": \"Succeeded\",\r\n
        \         \"type\": \"Static\",\r\n          \"mode\": \"EgressSnat\",\r\n
        \         \"internalMappings\": [\r\n            {\r\n              \"addressSpace\":
        \"10.4.0.0/24\"\r\n            }\r\n          ],\r\n          \"externalMappings\":
        [\r\n            {\r\n              \"addressSpace\": \"192.168.21.0/24\"\r\n
        \           }\r\n          ]\r\n        },\r\n        \"type\": \"Microsoft.Network/virtualNetworkGateways/natRules\"\r\n
        \     }\r\n    ],\r\n    \"virtualNetworkGatewayPolicyGroups\": [],\r\n    \"enableBgpRouteTranslationForNat\":
        false,\r\n    \"disableIPSecReplayProtection\": false,\r\n    \"sku\": {\r\n
        \     \"name\": \"VpnGw2\",\r\n      \"tier\": \"VpnGw2\",\r\n      \"capacity\":
        2\r\n    },\r\n    \"gatewayType\": \"Vpn\",\r\n    \"vpnType\": \"RouteBased\",\r\n
        \   \"enableBgp\": false,\r\n    \"activeActive\": false,\r\n    \"bgpSettings\":
        {\r\n      \"asn\": 65515,\r\n      \"bgpPeeringAddress\": \"10.0.0.254\",\r\n
        \     \"peerWeight\": 0,\r\n      \"bgpPeeringAddresses\": [\r\n        {\r\n
        \         \"ipconfigurationId\": \"/subscriptions/00000000-0000-0000-0000-000000000000/resourceGroups/clitest.rg000001/providers/Microsoft.Network/virtualNetworkGateways/vnet-gateway-name1/ipConfigurations/vnetGatewayConfig0\",\r\n
        \         \"defaultBgpIpAddresses\": [\r\n            \"10.0.0.254\"\r\n          ],\r\n
        \         \"customBgpIpAddresses\": [],\r\n          \"tunnelIpAddresses\":
        [\r\n            \"20.253.241.163\"\r\n          ]\r\n        }\r\n      ]\r\n
        \   },\r\n    \"vpnGatewayGeneration\": \"Generation1\"\r\n  }\r\n}"
    headers:
      cache-control:
      - no-cache
      content-length:
      - '3324'
      content-type:
      - application/json; charset=utf-8
      date:
      - Sun, 28 Aug 2022 14:45:11 GMT
      expires:
      - '-1'
      pragma:
      - no-cache
      server:
      - Microsoft-HTTPAPI/2.0
      - Microsoft-HTTPAPI/2.0
      strict-transport-security:
      - max-age=31536000; includeSubDomains
      transfer-encoding:
      - chunked
      vary:
      - Accept-Encoding
      x-content-type-options:
      - nosniff
      x-ms-arm-service-request-id:
      - 075c8ca7-2ef1-4ac5-9a62-8f271b4cb4be
    status:
      code: 200
      message: OK
- request:
    body: null
    headers:
      Accept:
      - application/json
      Accept-Encoding:
      - gzip, deflate
      CommandName:
      - network vnet-gateway reset
      Connection:
      - keep-alive
      Content-Length:
      - '0'
      ParameterSetName:
      - -g -n
      User-Agent:
      - AZURECLI/2.39.0 (PIP) azsdk-python-azure-mgmt-network/21.0.1 Python/3.8.10
        (Windows-10-10.0.19044-SP0)
    method: POST
    uri: https://management.azure.com/subscriptions/00000000-0000-0000-0000-000000000000/resourceGroups/clitest.rg000001/providers/Microsoft.Network/virtualNetworkGateways/vnet-gateway-name/reset?api-version=2022-01-01
  response:
    body:
      string: ''
    headers:
      azure-asyncoperation:
      - https://management.azure.com/subscriptions/00000000-0000-0000-0000-000000000000/providers/Microsoft.Network/locations/westus/operations/b3e7575c-950c-42ee-a627-3d5208fd5bdf?api-version=2022-01-01
      cache-control:
      - no-cache
      content-length:
      - '0'
      date:
      - Sun, 28 Aug 2022 14:45:13 GMT
      expires:
      - '-1'
      location:
      - https://management.azure.com/subscriptions/00000000-0000-0000-0000-000000000000/providers/Microsoft.Network/locations/westus/operationResults/b3e7575c-950c-42ee-a627-3d5208fd5bdf?api-version=2022-01-01
      pragma:
      - no-cache
      server:
      - Microsoft-HTTPAPI/2.0
      - Microsoft-HTTPAPI/2.0
      strict-transport-security:
      - max-age=31536000; includeSubDomains
      x-content-type-options:
      - nosniff
      x-ms-arm-service-request-id:
      - 45ce156c-6dbe-45a1-8841-b29575852141
      x-ms-ratelimit-remaining-subscription-writes:
      - '1199'
    status:
      code: 202
      message: Accepted
- request:
    body: null
    headers:
      Accept:
      - '*/*'
      Accept-Encoding:
      - gzip, deflate
      CommandName:
      - network vnet-gateway reset
      Connection:
      - keep-alive
      ParameterSetName:
      - -g -n
      User-Agent:
      - AZURECLI/2.39.0 (PIP) azsdk-python-azure-mgmt-network/21.0.1 Python/3.8.10
        (Windows-10-10.0.19044-SP0)
    method: GET
    uri: https://management.azure.com/subscriptions/00000000-0000-0000-0000-000000000000/providers/Microsoft.Network/locations/westus/operations/b3e7575c-950c-42ee-a627-3d5208fd5bdf?api-version=2022-01-01
  response:
    body:
      string: "{\r\n  \"status\": \"InProgress\"\r\n}"
    headers:
      cache-control:
      - no-cache
      content-length:
      - '30'
      content-type:
      - application/json; charset=utf-8
      date:
      - Sun, 28 Aug 2022 14:45:24 GMT
      expires:
      - '-1'
      pragma:
      - no-cache
      server:
      - Microsoft-HTTPAPI/2.0
      - Microsoft-HTTPAPI/2.0
      strict-transport-security:
      - max-age=31536000; includeSubDomains
      transfer-encoding:
      - chunked
      vary:
      - Accept-Encoding
      x-content-type-options:
      - nosniff
      x-ms-arm-service-request-id:
      - 488db5fe-5b8d-45ce-907f-34fb96814d4e
    status:
      code: 200
      message: OK
- request:
    body: null
    headers:
      Accept:
      - '*/*'
      Accept-Encoding:
      - gzip, deflate
      CommandName:
      - network vnet-gateway reset
      Connection:
      - keep-alive
      ParameterSetName:
      - -g -n
      User-Agent:
      - AZURECLI/2.39.0 (PIP) azsdk-python-azure-mgmt-network/21.0.1 Python/3.8.10
        (Windows-10-10.0.19044-SP0)
    method: GET
    uri: https://management.azure.com/subscriptions/00000000-0000-0000-0000-000000000000/providers/Microsoft.Network/locations/westus/operations/b3e7575c-950c-42ee-a627-3d5208fd5bdf?api-version=2022-01-01
  response:
    body:
      string: "{\r\n  \"status\": \"InProgress\"\r\n}"
    headers:
      cache-control:
      - no-cache
      content-length:
      - '30'
      content-type:
      - application/json; charset=utf-8
      date:
      - Sun, 28 Aug 2022 14:45:34 GMT
      expires:
      - '-1'
      pragma:
      - no-cache
      server:
      - Microsoft-HTTPAPI/2.0
      - Microsoft-HTTPAPI/2.0
      strict-transport-security:
      - max-age=31536000; includeSubDomains
      transfer-encoding:
      - chunked
      vary:
      - Accept-Encoding
      x-content-type-options:
      - nosniff
      x-ms-arm-service-request-id:
      - 533cb392-e110-430d-84fc-fbad4142e887
    status:
      code: 200
      message: OK
- request:
    body: null
    headers:
      Accept:
      - '*/*'
      Accept-Encoding:
      - gzip, deflate
      CommandName:
      - network vnet-gateway reset
      Connection:
      - keep-alive
      ParameterSetName:
      - -g -n
      User-Agent:
      - AZURECLI/2.39.0 (PIP) azsdk-python-azure-mgmt-network/21.0.1 Python/3.8.10
        (Windows-10-10.0.19044-SP0)
    method: GET
    uri: https://management.azure.com/subscriptions/00000000-0000-0000-0000-000000000000/providers/Microsoft.Network/locations/westus/operations/b3e7575c-950c-42ee-a627-3d5208fd5bdf?api-version=2022-01-01
  response:
    body:
      string: "{\r\n  \"status\": \"InProgress\"\r\n}"
    headers:
      cache-control:
      - no-cache
      content-length:
      - '30'
      content-type:
      - application/json; charset=utf-8
      date:
      - Sun, 28 Aug 2022 14:45:54 GMT
      expires:
      - '-1'
      pragma:
      - no-cache
      server:
      - Microsoft-HTTPAPI/2.0
      - Microsoft-HTTPAPI/2.0
      strict-transport-security:
      - max-age=31536000; includeSubDomains
      transfer-encoding:
      - chunked
      vary:
      - Accept-Encoding
      x-content-type-options:
      - nosniff
      x-ms-arm-service-request-id:
      - 3cc2918a-ea0f-47ae-9966-95f3b6ffd2f0
    status:
      code: 200
      message: OK
- request:
    body: null
    headers:
      Accept:
      - '*/*'
      Accept-Encoding:
      - gzip, deflate
      CommandName:
      - network vnet-gateway reset
      Connection:
      - keep-alive
      ParameterSetName:
      - -g -n
      User-Agent:
      - AZURECLI/2.39.0 (PIP) azsdk-python-azure-mgmt-network/21.0.1 Python/3.8.10
        (Windows-10-10.0.19044-SP0)
    method: GET
    uri: https://management.azure.com/subscriptions/00000000-0000-0000-0000-000000000000/providers/Microsoft.Network/locations/westus/operations/b3e7575c-950c-42ee-a627-3d5208fd5bdf?api-version=2022-01-01
  response:
    body:
      string: "{\r\n  \"status\": \"InProgress\"\r\n}"
    headers:
      cache-control:
      - no-cache
      content-length:
      - '30'
      content-type:
      - application/json; charset=utf-8
      date:
      - Sun, 28 Aug 2022 14:46:35 GMT
      expires:
      - '-1'
      pragma:
      - no-cache
      server:
      - Microsoft-HTTPAPI/2.0
      - Microsoft-HTTPAPI/2.0
      strict-transport-security:
      - max-age=31536000; includeSubDomains
      transfer-encoding:
      - chunked
      vary:
      - Accept-Encoding
      x-content-type-options:
      - nosniff
      x-ms-arm-service-request-id:
      - 1792239a-1801-4cd5-8661-5a47b767b7a5
    status:
      code: 200
      message: OK
- request:
    body: null
    headers:
      Accept:
      - '*/*'
      Accept-Encoding:
      - gzip, deflate
      CommandName:
      - network vnet-gateway reset
      Connection:
      - keep-alive
      ParameterSetName:
      - -g -n
      User-Agent:
      - AZURECLI/2.39.0 (PIP) azsdk-python-azure-mgmt-network/21.0.1 Python/3.8.10
        (Windows-10-10.0.19044-SP0)
    method: GET
    uri: https://management.azure.com/subscriptions/00000000-0000-0000-0000-000000000000/providers/Microsoft.Network/locations/westus/operations/b3e7575c-950c-42ee-a627-3d5208fd5bdf?api-version=2022-01-01
  response:
    body:
      string: "{\r\n  \"status\": \"InProgress\"\r\n}"
    headers:
      cache-control:
      - no-cache
      content-length:
      - '30'
      content-type:
      - application/json; charset=utf-8
      date:
      - Sun, 28 Aug 2022 14:47:56 GMT
      expires:
      - '-1'
      pragma:
      - no-cache
      server:
      - Microsoft-HTTPAPI/2.0
      - Microsoft-HTTPAPI/2.0
      strict-transport-security:
      - max-age=31536000; includeSubDomains
      transfer-encoding:
      - chunked
      vary:
      - Accept-Encoding
      x-content-type-options:
      - nosniff
      x-ms-arm-service-request-id:
      - 46eec45b-869a-4237-81c8-4bb5a01ab644
    status:
      code: 200
      message: OK
- request:
    body: null
    headers:
      Accept:
      - '*/*'
      Accept-Encoding:
      - gzip, deflate
      CommandName:
      - network vnet-gateway reset
      Connection:
      - keep-alive
      ParameterSetName:
      - -g -n
      User-Agent:
      - AZURECLI/2.39.0 (PIP) azsdk-python-azure-mgmt-network/21.0.1 Python/3.8.10
        (Windows-10-10.0.19044-SP0)
    method: GET
    uri: https://management.azure.com/subscriptions/00000000-0000-0000-0000-000000000000/providers/Microsoft.Network/locations/westus/operations/b3e7575c-950c-42ee-a627-3d5208fd5bdf?api-version=2022-01-01
  response:
    body:
      string: "{\r\n  \"status\": \"InProgress\"\r\n}"
    headers:
      cache-control:
      - no-cache
      content-length:
      - '30'
      content-type:
      - application/json; charset=utf-8
      date:
      - Sun, 28 Aug 2022 14:50:37 GMT
      expires:
      - '-1'
      pragma:
      - no-cache
      server:
      - Microsoft-HTTPAPI/2.0
      - Microsoft-HTTPAPI/2.0
      strict-transport-security:
      - max-age=31536000; includeSubDomains
      transfer-encoding:
      - chunked
      vary:
      - Accept-Encoding
      x-content-type-options:
      - nosniff
      x-ms-arm-service-request-id:
      - 74043bae-bc62-49b2-8b1f-f2f1e0c87924
    status:
      code: 200
      message: OK
- request:
    body: null
    headers:
      Accept:
      - '*/*'
      Accept-Encoding:
      - gzip, deflate
      CommandName:
      - network vnet-gateway reset
      Connection:
      - keep-alive
      ParameterSetName:
      - -g -n
      User-Agent:
      - AZURECLI/2.39.0 (PIP) azsdk-python-azure-mgmt-network/21.0.1 Python/3.8.10
        (Windows-10-10.0.19044-SP0)
    method: GET
    uri: https://management.azure.com/subscriptions/00000000-0000-0000-0000-000000000000/providers/Microsoft.Network/locations/westus/operations/b3e7575c-950c-42ee-a627-3d5208fd5bdf?api-version=2022-01-01
  response:
    body:
      string: "{\r\n  \"status\": \"InProgress\"\r\n}"
    headers:
      cache-control:
      - no-cache
      content-length:
      - '30'
      content-type:
      - application/json; charset=utf-8
      date:
      - Sun, 28 Aug 2022 14:52:18 GMT
      expires:
      - '-1'
      pragma:
      - no-cache
      server:
      - Microsoft-HTTPAPI/2.0
      - Microsoft-HTTPAPI/2.0
      strict-transport-security:
      - max-age=31536000; includeSubDomains
      transfer-encoding:
      - chunked
      vary:
      - Accept-Encoding
      x-content-type-options:
      - nosniff
      x-ms-arm-service-request-id:
      - 8b479cea-dccf-4542-bcc7-b9c1b17fcd1e
    status:
      code: 200
      message: OK
- request:
    body: null
    headers:
      Accept:
      - '*/*'
      Accept-Encoding:
      - gzip, deflate
      CommandName:
      - network vnet-gateway reset
      Connection:
      - keep-alive
      ParameterSetName:
      - -g -n
      User-Agent:
      - AZURECLI/2.39.0 (PIP) azsdk-python-azure-mgmt-network/21.0.1 Python/3.8.10
        (Windows-10-10.0.19044-SP0)
    method: GET
    uri: https://management.azure.com/subscriptions/00000000-0000-0000-0000-000000000000/providers/Microsoft.Network/locations/westus/operations/b3e7575c-950c-42ee-a627-3d5208fd5bdf?api-version=2022-01-01
  response:
    body:
      string: "{\r\n  \"status\": \"InProgress\"\r\n}"
    headers:
      cache-control:
      - no-cache
      content-length:
      - '30'
      content-type:
      - application/json; charset=utf-8
      date:
      - Sun, 28 Aug 2022 14:53:58 GMT
      expires:
      - '-1'
      pragma:
      - no-cache
      server:
      - Microsoft-HTTPAPI/2.0
      - Microsoft-HTTPAPI/2.0
      strict-transport-security:
      - max-age=31536000; includeSubDomains
      transfer-encoding:
      - chunked
      vary:
      - Accept-Encoding
      x-content-type-options:
      - nosniff
      x-ms-arm-service-request-id:
      - 47eb9a4e-9c74-491b-a427-166ae0951a6f
    status:
      code: 200
      message: ''
- request:
    body: null
    headers:
      Accept:
      - '*/*'
      Accept-Encoding:
      - gzip, deflate
      CommandName:
      - network vnet-gateway reset
      Connection:
      - keep-alive
      ParameterSetName:
      - -g -n
      User-Agent:
      - AZURECLI/2.39.0 (PIP) azsdk-python-azure-mgmt-network/21.0.1 Python/3.8.10
        (Windows-10-10.0.19044-SP0)
    method: GET
    uri: https://management.azure.com/subscriptions/00000000-0000-0000-0000-000000000000/providers/Microsoft.Network/locations/westus/operations/b3e7575c-950c-42ee-a627-3d5208fd5bdf?api-version=2022-01-01
  response:
    body:
      string: "{\r\n  \"status\": \"InProgress\"\r\n}"
    headers:
      cache-control:
      - no-cache
      content-length:
      - '30'
      content-type:
      - application/json; charset=utf-8
      date:
      - Sun, 28 Aug 2022 14:55:39 GMT
      expires:
      - '-1'
      pragma:
      - no-cache
      server:
      - Microsoft-HTTPAPI/2.0
      - Microsoft-HTTPAPI/2.0
      strict-transport-security:
      - max-age=31536000; includeSubDomains
      transfer-encoding:
      - chunked
      vary:
      - Accept-Encoding
      x-content-type-options:
      - nosniff
      x-ms-arm-service-request-id:
      - 3594e5b3-9e2e-4949-9009-e0f2ce8ff3b4
    status:
      code: 200
      message: OK
- request:
    body: null
    headers:
      Accept:
      - '*/*'
      Accept-Encoding:
      - gzip, deflate
      CommandName:
      - network vnet-gateway reset
      Connection:
      - keep-alive
      ParameterSetName:
      - -g -n
      User-Agent:
      - AZURECLI/2.39.0 (PIP) azsdk-python-azure-mgmt-network/21.0.1 Python/3.8.10
        (Windows-10-10.0.19044-SP0)
    method: GET
    uri: https://management.azure.com/subscriptions/00000000-0000-0000-0000-000000000000/providers/Microsoft.Network/locations/westus/operations/b3e7575c-950c-42ee-a627-3d5208fd5bdf?api-version=2022-01-01
  response:
    body:
      string: "{\r\n  \"status\": \"InProgress\"\r\n}"
    headers:
      cache-control:
      - no-cache
      content-length:
      - '30'
      content-type:
      - application/json; charset=utf-8
      date:
      - Sun, 28 Aug 2022 14:57:19 GMT
      expires:
      - '-1'
      pragma:
      - no-cache
      server:
      - Microsoft-HTTPAPI/2.0
      - Microsoft-HTTPAPI/2.0
      strict-transport-security:
      - max-age=31536000; includeSubDomains
      transfer-encoding:
      - chunked
      vary:
      - Accept-Encoding
      x-content-type-options:
      - nosniff
      x-ms-arm-service-request-id:
      - 167d4a76-2e88-4bb8-9baf-dc9bae0c0745
    status:
      code: 200
      message: OK
- request:
    body: null
    headers:
      Accept:
      - '*/*'
      Accept-Encoding:
      - gzip, deflate
      CommandName:
      - network vnet-gateway reset
      Connection:
      - keep-alive
      ParameterSetName:
      - -g -n
      User-Agent:
      - AZURECLI/2.39.0 (PIP) azsdk-python-azure-mgmt-network/21.0.1 Python/3.8.10
        (Windows-10-10.0.19044-SP0)
    method: GET
    uri: https://management.azure.com/subscriptions/00000000-0000-0000-0000-000000000000/providers/Microsoft.Network/locations/westus/operations/b3e7575c-950c-42ee-a627-3d5208fd5bdf?api-version=2022-01-01
  response:
    body:
      string: "{\r\n  \"status\": \"Succeeded\",\r\n  \"properties\": {}\r\n}"
    headers:
      cache-control:
      - no-cache
      content-length:
      - '50'
      content-type:
      - application/json; charset=utf-8
      date:
      - Sun, 28 Aug 2022 14:58:59 GMT
      expires:
      - '-1'
      pragma:
      - no-cache
      server:
      - Microsoft-HTTPAPI/2.0
      - Microsoft-HTTPAPI/2.0
      strict-transport-security:
      - max-age=31536000; includeSubDomains
      transfer-encoding:
      - chunked
      vary:
      - Accept-Encoding
      x-content-type-options:
      - nosniff
      x-ms-arm-service-request-id:
      - 9c5371d3-321c-4328-8e5c-8299556e9879
    status:
      code: 200
      message: OK
- request:
    body: null
    headers:
      Accept:
      - '*/*'
      Accept-Encoding:
      - gzip, deflate
      CommandName:
      - network vnet-gateway reset
      Connection:
      - keep-alive
      ParameterSetName:
      - -g -n
      User-Agent:
      - AZURECLI/2.39.0 (PIP) azsdk-python-azure-mgmt-network/21.0.1 Python/3.8.10
        (Windows-10-10.0.19044-SP0)
    method: GET
    uri: https://management.azure.com/subscriptions/00000000-0000-0000-0000-000000000000/providers/Microsoft.Network/locations/westus/operationResults/b3e7575c-950c-42ee-a627-3d5208fd5bdf?api-version=2022-01-01
  response:
    body:
      string: 'null'
    headers:
      azure-asyncoperation:
      - https://management.azure.com/subscriptions/00000000-0000-0000-0000-000000000000/providers/Microsoft.Network/locations/westus/operations/b3e7575c-950c-42ee-a627-3d5208fd5bdf?api-version=2022-01-01
      cache-control:
      - no-cache
      content-length:
      - '4'
      content-type:
      - application/json; charset=utf-8
      date:
      - Sun, 28 Aug 2022 14:59:00 GMT
      expires:
      - '-1'
      location:
      - https://management.azure.com/subscriptions/00000000-0000-0000-0000-000000000000/providers/Microsoft.Network/locations/westus/operationResults/b3e7575c-950c-42ee-a627-3d5208fd5bdf?api-version=2022-01-01
      pragma:
      - no-cache
      server:
      - Microsoft-HTTPAPI/2.0
      - Microsoft-HTTPAPI/2.0
      strict-transport-security:
      - max-age=31536000; includeSubDomains
      transfer-encoding:
      - chunked
      vary:
      - Accept-Encoding
      x-content-type-options:
      - nosniff
      x-ms-arm-service-request-id:
      - 45ce156c-6dbe-45a1-8841-b29575852141
    status:
      code: 200
      message: OK
version: 1
