interactions:
- request:
    body: null
    headers:
      Accept:
      - application/json
      Accept-Encoding:
      - gzip, deflate
      CommandName:
      - network express-route create
      Connection:
      - keep-alive
      ParameterSetName:
      - -g -n --allow-global-reach --bandwidth --peering-location --provider --sku-tier
      User-Agent:
      - AZURECLI/2.29.0 azsdk-python-azure-mgmt-resource/19.0.0 Python/3.8.3 (Windows-10-10.0.18362-SP0)
    method: GET
    uri: https://management.azure.com/subscriptions/00000000-0000-0000-0000-000000000000/resourcegroups/cli_test_express_route_global_reach_config000001?api-version=2021-04-01
  response:
    body:
      string: '{"id":"/subscriptions/00000000-0000-0000-0000-000000000000/resourceGroups/cli_test_express_route_global_reach_config000001","name":"cli_test_express_route_global_reach_config000001","type":"Microsoft.Resources/resourceGroups","location":"westus","tags":{"product":"azurecli","cause":"automation","date":"2021-11-05T07:18:16Z"},"properties":{"provisioningState":"Succeeded"}}'
    headers:
      cache-control:
      - no-cache
      content-length:
      - '428'
      content-type:
      - application/json; charset=utf-8
      date:
      - Fri, 05 Nov 2021 07:18:22 GMT
      expires:
      - '-1'
      pragma:
      - no-cache
      strict-transport-security:
      - max-age=31536000; includeSubDomains
      vary:
      - Accept-Encoding
      x-content-type-options:
      - nosniff
    status:
      code: 200
      message: OK
- request:
    body: '{"location": "westus", "sku": {"name": "Premium_MeteredData", "tier": "Premium",
      "family": "MeteredData"}, "properties": {"serviceProviderProperties": {"serviceProviderName":
      "Microsoft ER Test", "peeringLocation": "Area51", "bandwidthInMbps": 50}}}'
    headers:
      Accept:
      - application/json
      Accept-Encoding:
      - gzip, deflate
      CommandName:
      - network express-route create
      Connection:
      - keep-alive
      Content-Length:
      - '249'
      Content-Type:
      - application/json
      ParameterSetName:
      - -g -n --allow-global-reach --bandwidth --peering-location --provider --sku-tier
      User-Agent:
      - AZURECLI/2.29.0 azsdk-python-azure-mgmt-network/19.2.0 Python/3.8.3 (Windows-10-10.0.18362-SP0)
    method: PUT
    uri: https://management.azure.com/subscriptions/00000000-0000-0000-0000-000000000000/resourceGroups/cli_test_express_route_global_reach_config000001/providers/Microsoft.Network/expressRouteCircuits/er1?api-version=2021-05-01
  response:
    body:
      string: "{\r\n  \"name\": \"er1\",\r\n  \"id\": \"/subscriptions/00000000-0000-0000-0000-000000000000/resourceGroups/cli_test_express_route_global_reach_config000001/providers/Microsoft.Network/expressRouteCircuits/er1\",\r\n
        \ \"etag\": \"W/\\\"03d5b7bd-51ba-4721-a548-3756951c93fd\\\"\",\r\n  \"type\":
        \"Microsoft.Network/expressRouteCircuits\",\r\n  \"location\": \"westus\",\r\n
        \ \"properties\": {\r\n    \"provisioningState\": \"Updating\",\r\n    \"resourceGuid\":
        \"5ecf3922-676c-45a0-bab8-df2dc49f3edc\",\r\n    \"peerings\": [],\r\n    \"authorizations\":
        [],\r\n    \"serviceProviderProperties\": {\r\n      \"serviceProviderName\":
        \"Microsoft ER Test\",\r\n      \"peeringLocation\": \"Area51\",\r\n      \"bandwidthInMbps\":
        50\r\n    },\r\n    \"circuitProvisioningState\": \"Disabled\",\r\n    \"allowClassicOperations\":
        false,\r\n    \"serviceKey\": \"00000000-0000-0000-0000-000000000000\",\r\n
        \   \"serviceProviderProvisioningState\": \"NotProvisioned\",\r\n    \"allowGlobalReach\":
        false,\r\n    \"globalReachEnabled\": false\r\n  },\r\n  \"sku\": {\r\n    \"name\":
        \"Premium_MeteredData\",\r\n    \"tier\": \"Premium\",\r\n    \"family\":
        \"MeteredData\"\r\n  }\r\n}"
    headers:
      azure-asyncnotification:
      - Enabled
      azure-asyncoperation:
      - https://management.azure.com/subscriptions/00000000-0000-0000-0000-000000000000/providers/Microsoft.Network/locations/westus/operations/679ef003-2398-4784-87cd-450222c7313b?api-version=2021-05-01
      cache-control:
      - no-cache
      content-length:
      - '1069'
      content-type:
      - application/json; charset=utf-8
      date:
      - Fri, 05 Nov 2021 07:18:29 GMT
      expires:
      - '-1'
      pragma:
      - no-cache
      server:
      - Microsoft-HTTPAPI/2.0
      - Microsoft-HTTPAPI/2.0
      strict-transport-security:
      - max-age=31536000; includeSubDomains
      x-content-type-options:
      - nosniff
      x-ms-arm-service-request-id:
      - 6a7795bb-817a-4e12-8508-2c5058dc7fac
      x-ms-ratelimit-remaining-subscription-writes:
      - '1199'
    status:
      code: 201
      message: Created
- request:
    body: null
    headers:
      Accept:
      - '*/*'
      Accept-Encoding:
      - gzip, deflate
      CommandName:
      - network express-route create
      Connection:
      - keep-alive
      ParameterSetName:
      - -g -n --allow-global-reach --bandwidth --peering-location --provider --sku-tier
      User-Agent:
      - AZURECLI/2.29.0 azsdk-python-azure-mgmt-network/19.2.0 Python/3.8.3 (Windows-10-10.0.18362-SP0)
    method: GET
    uri: https://management.azure.com/subscriptions/00000000-0000-0000-0000-000000000000/providers/Microsoft.Network/locations/westus/operations/679ef003-2398-4784-87cd-450222c7313b?api-version=2021-05-01
  response:
    body:
      string: "{\r\n  \"status\": \"Succeeded\"\r\n}"
    headers:
      cache-control:
      - no-cache
      content-length:
      - '29'
      content-type:
      - application/json; charset=utf-8
      date:
      - Fri, 05 Nov 2021 07:18:40 GMT
      expires:
      - '-1'
      pragma:
      - no-cache
      server:
      - Microsoft-HTTPAPI/2.0
      - Microsoft-HTTPAPI/2.0
      strict-transport-security:
      - max-age=31536000; includeSubDomains
      transfer-encoding:
      - chunked
      vary:
      - Accept-Encoding
      x-content-type-options:
      - nosniff
      x-ms-arm-service-request-id:
      - 4fc0fc47-7b35-4e6e-a4b2-00970d60d607
    status:
      code: 200
      message: OK
- request:
    body: null
    headers:
      Accept:
      - '*/*'
      Accept-Encoding:
      - gzip, deflate
      CommandName:
      - network express-route create
      Connection:
      - keep-alive
      ParameterSetName:
      - -g -n --allow-global-reach --bandwidth --peering-location --provider --sku-tier
      User-Agent:
      - AZURECLI/2.29.0 azsdk-python-azure-mgmt-network/19.2.0 Python/3.8.3 (Windows-10-10.0.18362-SP0)
    method: GET
    uri: https://management.azure.com/subscriptions/00000000-0000-0000-0000-000000000000/resourceGroups/cli_test_express_route_global_reach_config000001/providers/Microsoft.Network/expressRouteCircuits/er1?api-version=2021-05-01
  response:
    body:
      string: "{\r\n  \"name\": \"er1\",\r\n  \"id\": \"/subscriptions/00000000-0000-0000-0000-000000000000/resourceGroups/cli_test_express_route_global_reach_config000001/providers/Microsoft.Network/expressRouteCircuits/er1\",\r\n
        \ \"etag\": \"W/\\\"e522e33a-7c68-4033-a38b-ee930b6c5dca\\\"\",\r\n  \"type\":
        \"Microsoft.Network/expressRouteCircuits\",\r\n  \"location\": \"westus\",\r\n
        \ \"properties\": {\r\n    \"provisioningState\": \"Succeeded\",\r\n    \"resourceGuid\":
        \"5ecf3922-676c-45a0-bab8-df2dc49f3edc\",\r\n    \"peerings\": [],\r\n    \"authorizations\":
        [],\r\n    \"serviceProviderProperties\": {\r\n      \"serviceProviderName\":
        \"Microsoft ER Test\",\r\n      \"peeringLocation\": \"Area51\",\r\n      \"bandwidthInMbps\":
        50\r\n    },\r\n    \"circuitProvisioningState\": \"Enabled\",\r\n    \"allowClassicOperations\":
        false,\r\n    \"gatewayManagerEtag\": \"\",\r\n    \"serviceKey\": \"a8cd853c-37fc-467b-a37c-28e637999304\",\r\n
        \   \"serviceProviderProvisioningState\": \"NotProvisioned\",\r\n    \"allowGlobalReach\":
        false,\r\n    \"globalReachEnabled\": false,\r\n    \"stag\": 7\r\n  },\r\n
        \ \"sku\": {\r\n    \"name\": \"Premium_MeteredData\",\r\n    \"tier\": \"Premium\",\r\n
        \   \"family\": \"MeteredData\"\r\n  }\r\n}"
    headers:
      cache-control:
      - no-cache
      content-length:
      - '1116'
      content-type:
      - application/json; charset=utf-8
      date:
      - Fri, 05 Nov 2021 07:18:40 GMT
      expires:
      - '-1'
      pragma:
      - no-cache
      server:
      - Microsoft-HTTPAPI/2.0
      - Microsoft-HTTPAPI/2.0
      strict-transport-security:
      - max-age=31536000; includeSubDomains
      transfer-encoding:
      - chunked
      vary:
      - Accept-Encoding
      x-content-type-options:
      - nosniff
      x-ms-arm-service-request-id:
      - fffc8ce1-4799-4e6c-82e1-3b97dc30db36
    status:
      code: 200
      message: OK
- request:
    body: '{"properties": {"peeringType": "AzurePrivatePeering", "peerASN": 10001,
      "primaryPeerAddressPrefix": "102.0.0.0/30", "secondaryPeerAddressPrefix": "103.0.0.0/30",
      "vlanId": 101}}'
    headers:
      Accept:
      - application/json
      Accept-Encoding:
      - gzip, deflate
      CommandName:
      - network express-route peering create
      Connection:
      - keep-alive
      Content-Length:
      - '177'
      Content-Type:
      - application/json
      ParameterSetName:
      - -g --circuit-name --peering-type --peer-asn --vlan-id --primary-peer-subnet
        --secondary-peer-subnet
      User-Agent:
      - AZURECLI/2.29.0 azsdk-python-azure-mgmt-network/19.2.0 Python/3.8.3 (Windows-10-10.0.18362-SP0)
    method: PUT
    uri: https://management.azure.com/subscriptions/00000000-0000-0000-0000-000000000000/resourceGroups/cli_test_express_route_global_reach_config000001/providers/Microsoft.Network/expressRouteCircuits/er1/peerings/AzurePrivatePeering?api-version=2021-05-01
  response:
    body:
      string: "{\r\n  \"name\": \"AzurePrivatePeering\",\r\n  \"id\": \"/subscriptions/00000000-0000-0000-0000-000000000000/resourceGroups/cli_test_express_route_global_reach_config000001/providers/Microsoft.Network/expressRouteCircuits/er1/peerings/AzurePrivatePeering\",\r\n
        \ \"etag\": \"W/\\\"f964cce8-0cfa-4ee3-b041-5cb95d18a7c4\\\"\",\r\n  \"properties\":
        {\r\n    \"provisioningState\": \"Updating\",\r\n    \"peeringType\": \"AzurePrivatePeering\",\r\n
        \   \"azureASN\": 0,\r\n    \"peerASN\": 10001,\r\n    \"primaryPeerAddressPrefix\":
        \"102.0.0.0/30\",\r\n    \"secondaryPeerAddressPrefix\": \"103.0.0.0/30\",\r\n
        \   \"state\": \"Enabled\",\r\n    \"vlanId\": 101,\r\n    \"lastModifiedBy\":
        \"\",\r\n    \"connections\": [],\r\n    \"peeredConnections\": []\r\n  },\r\n
        \ \"type\": \"Microsoft.Network/expressRouteCircuits/peerings\"\r\n}"
    headers:
      azure-asyncoperation:
      - https://management.azure.com/subscriptions/00000000-0000-0000-0000-000000000000/providers/Microsoft.Network/locations/westus/operations/9f551253-d4d9-4dee-a455-210b35c7d9a2?api-version=2021-05-01
      cache-control:
      - no-cache
      content-length:
      - '767'
      content-type:
      - application/json; charset=utf-8
      date:
      - Fri, 05 Nov 2021 07:18:43 GMT
      expires:
      - '-1'
      pragma:
      - no-cache
      server:
      - Microsoft-HTTPAPI/2.0
      - Microsoft-HTTPAPI/2.0
      strict-transport-security:
      - max-age=31536000; includeSubDomains
      x-content-type-options:
      - nosniff
      x-ms-arm-service-request-id:
      - e999c26f-4529-4d72-b08b-18d6f52e54fd
      x-ms-ratelimit-remaining-subscription-writes:
      - '1199'
    status:
      code: 201
      message: Created
- request:
    body: null
    headers:
      Accept:
      - '*/*'
      Accept-Encoding:
      - gzip, deflate
      CommandName:
      - network express-route peering create
      Connection:
      - keep-alive
      ParameterSetName:
      - -g --circuit-name --peering-type --peer-asn --vlan-id --primary-peer-subnet
        --secondary-peer-subnet
      User-Agent:
      - AZURECLI/2.29.0 azsdk-python-azure-mgmt-network/19.2.0 Python/3.8.3 (Windows-10-10.0.18362-SP0)
    method: GET
    uri: https://management.azure.com/subscriptions/00000000-0000-0000-0000-000000000000/providers/Microsoft.Network/locations/westus/operations/9f551253-d4d9-4dee-a455-210b35c7d9a2?api-version=2021-05-01
  response:
    body:
      string: "{\r\n  \"status\": \"Succeeded\"\r\n}"
    headers:
      cache-control:
      - no-cache
      content-length:
      - '29'
      content-type:
      - application/json; charset=utf-8
      date:
      - Fri, 05 Nov 2021 07:18:54 GMT
      expires:
      - '-1'
      pragma:
      - no-cache
      server:
      - Microsoft-HTTPAPI/2.0
      - Microsoft-HTTPAPI/2.0
      strict-transport-security:
      - max-age=31536000; includeSubDomains
      transfer-encoding:
      - chunked
      vary:
      - Accept-Encoding
      x-content-type-options:
      - nosniff
      x-ms-arm-service-request-id:
      - 6b166a73-97fe-4a1e-956d-1b0d36326321
    status:
      code: 200
      message: OK
- request:
    body: null
    headers:
      Accept:
      - '*/*'
      Accept-Encoding:
      - gzip, deflate
      CommandName:
      - network express-route peering create
      Connection:
      - keep-alive
      ParameterSetName:
      - -g --circuit-name --peering-type --peer-asn --vlan-id --primary-peer-subnet
        --secondary-peer-subnet
      User-Agent:
      - AZURECLI/2.29.0 azsdk-python-azure-mgmt-network/19.2.0 Python/3.8.3 (Windows-10-10.0.18362-SP0)
    method: GET
    uri: https://management.azure.com/subscriptions/00000000-0000-0000-0000-000000000000/resourceGroups/cli_test_express_route_global_reach_config000001/providers/Microsoft.Network/expressRouteCircuits/er1/peerings/AzurePrivatePeering?api-version=2021-05-01
  response:
    body:
      string: "{\r\n  \"name\": \"AzurePrivatePeering\",\r\n  \"id\": \"/subscriptions/00000000-0000-0000-0000-000000000000/resourceGroups/cli_test_express_route_global_reach_config000001/providers/Microsoft.Network/expressRouteCircuits/er1/peerings/AzurePrivatePeering\",\r\n
        \ \"etag\": \"W/\\\"002439cd-b5ff-4efc-97f6-235e9383302f\\\"\",\r\n  \"properties\":
        {\r\n    \"provisioningState\": \"Succeeded\",\r\n    \"peeringType\": \"AzurePrivatePeering\",\r\n
        \   \"azureASN\": 12076,\r\n    \"peerASN\": 10001,\r\n    \"primaryPeerAddressPrefix\":
        \"102.0.0.0/30\",\r\n    \"secondaryPeerAddressPrefix\": \"103.0.0.0/30\",\r\n
        \   \"primaryAzurePort\": \"\",\r\n    \"secondaryAzurePort\": \"\",\r\n    \"state\":
        \"Enabled\",\r\n    \"vlanId\": 101,\r\n    \"gatewayManagerEtag\": \"\",\r\n
        \   \"lastModifiedBy\": \"Customer\",\r\n    \"connections\": [],\r\n    \"peeredConnections\":
        []\r\n  },\r\n  \"type\": \"Microsoft.Network/expressRouteCircuits/peerings\"\r\n}"
    headers:
      cache-control:
      - no-cache
      content-length:
      - '871'
      content-type:
      - application/json; charset=utf-8
      date:
      - Fri, 05 Nov 2021 07:18:54 GMT
      expires:
      - '-1'
      pragma:
      - no-cache
      server:
      - Microsoft-HTTPAPI/2.0
      - Microsoft-HTTPAPI/2.0
      strict-transport-security:
      - max-age=31536000; includeSubDomains
      transfer-encoding:
      - chunked
      vary:
      - Accept-Encoding
      x-content-type-options:
      - nosniff
      x-ms-arm-service-request-id:
      - edb9340e-6dcd-4e6c-af15-c3520d2d6fe2
    status:
      code: 200
      message: OK
- request:
    body: null
    headers:
      Accept:
      - application/json
      Accept-Encoding:
      - gzip, deflate
      CommandName:
      - network express-route create
      Connection:
      - keep-alive
      ParameterSetName:
      - -g -n --allow-global-reach --bandwidth --peering-location --provider --sku-tier
      User-Agent:
      - AZURECLI/2.29.0 azsdk-python-azure-mgmt-resource/19.0.0 Python/3.8.3 (Windows-10-10.0.18362-SP0)
    method: GET
    uri: https://management.azure.com/subscriptions/00000000-0000-0000-0000-000000000000/resourcegroups/cli_test_express_route_global_reach_config000001?api-version=2021-04-01
  response:
    body:
      string: '{"id":"/subscriptions/00000000-0000-0000-0000-000000000000/resourceGroups/cli_test_express_route_global_reach_config000001","name":"cli_test_express_route_global_reach_config000001","type":"Microsoft.Resources/resourceGroups","location":"westus","tags":{"product":"azurecli","cause":"automation","date":"2021-11-05T07:18:16Z"},"properties":{"provisioningState":"Succeeded"}}'
    headers:
      cache-control:
      - no-cache
      content-length:
      - '428'
      content-type:
      - application/json; charset=utf-8
      date:
      - Fri, 05 Nov 2021 07:18:56 GMT
      expires:
      - '-1'
      pragma:
      - no-cache
      strict-transport-security:
      - max-age=31536000; includeSubDomains
      vary:
      - Accept-Encoding
      x-content-type-options:
      - nosniff
    status:
      code: 200
      message: OK
- request:
    body: '{"location": "westus", "sku": {"name": "Premium_MeteredData", "tier": "Premium",
      "family": "MeteredData"}, "properties": {"serviceProviderProperties": {"serviceProviderName":
      "Test Provider NW", "peeringLocation": "Denver Test", "bandwidthInMbps": 50}}}'
    headers:
      Accept:
      - application/json
      Accept-Encoding:
      - gzip, deflate
      CommandName:
      - network express-route create
      Connection:
      - keep-alive
      Content-Length:
      - '253'
      Content-Type:
      - application/json
      ParameterSetName:
      - -g -n --allow-global-reach --bandwidth --peering-location --provider --sku-tier
      User-Agent:
      - AZURECLI/2.29.0 azsdk-python-azure-mgmt-network/19.2.0 Python/3.8.3 (Windows-10-10.0.18362-SP0)
    method: PUT
    uri: https://management.azure.com/subscriptions/00000000-0000-0000-0000-000000000000/resourceGroups/cli_test_express_route_global_reach_config000001/providers/Microsoft.Network/expressRouteCircuits/er2?api-version=2021-05-01
  response:
    body:
      string: "{\r\n  \"name\": \"er2\",\r\n  \"id\": \"/subscriptions/00000000-0000-0000-0000-000000000000/resourceGroups/cli_test_express_route_global_reach_config000001/providers/Microsoft.Network/expressRouteCircuits/er2\",\r\n
        \ \"etag\": \"W/\\\"65ca1662-6fed-4631-a4b4-983e2e76cb61\\\"\",\r\n  \"type\":
        \"Microsoft.Network/expressRouteCircuits\",\r\n  \"location\": \"westus\",\r\n
        \ \"properties\": {\r\n    \"provisioningState\": \"Updating\",\r\n    \"resourceGuid\":
        \"aca5392b-5e2d-46ac-b52c-f43a2eeecb9a\",\r\n    \"peerings\": [],\r\n    \"authorizations\":
        [],\r\n    \"serviceProviderProperties\": {\r\n      \"serviceProviderName\":
        \"Test Provider NW\",\r\n      \"peeringLocation\": \"Denver Test\",\r\n      \"bandwidthInMbps\":
        50\r\n    },\r\n    \"circuitProvisioningState\": \"Disabled\",\r\n    \"allowClassicOperations\":
        false,\r\n    \"serviceKey\": \"00000000-0000-0000-0000-000000000000\",\r\n
        \   \"serviceProviderProvisioningState\": \"NotProvisioned\",\r\n    \"allowGlobalReach\":
        false,\r\n    \"globalReachEnabled\": false\r\n  },\r\n  \"sku\": {\r\n    \"name\":
        \"Premium_MeteredData\",\r\n    \"tier\": \"Premium\",\r\n    \"family\":
        \"MeteredData\"\r\n  }\r\n}"
    headers:
      azure-asyncnotification:
      - Enabled
      azure-asyncoperation:
      - https://management.azure.com/subscriptions/00000000-0000-0000-0000-000000000000/providers/Microsoft.Network/locations/westus/operations/c1336647-f597-42cf-9853-b3b7f15a8894?api-version=2021-05-01
      cache-control:
      - no-cache
      content-length:
      - '1073'
      content-type:
      - application/json; charset=utf-8
      date:
      - Fri, 05 Nov 2021 07:19:04 GMT
      expires:
      - '-1'
      pragma:
      - no-cache
      server:
      - Microsoft-HTTPAPI/2.0
      - Microsoft-HTTPAPI/2.0
      strict-transport-security:
      - max-age=31536000; includeSubDomains
      x-content-type-options:
      - nosniff
      x-ms-arm-service-request-id:
      - e3b511b3-fc46-4e1f-ad37-bceedbb0845c
      x-ms-ratelimit-remaining-subscription-writes:
      - '1199'
    status:
      code: 201
      message: Created
- request:
    body: null
    headers:
      Accept:
      - '*/*'
      Accept-Encoding:
      - gzip, deflate
      CommandName:
      - network express-route create
      Connection:
      - keep-alive
      ParameterSetName:
      - -g -n --allow-global-reach --bandwidth --peering-location --provider --sku-tier
      User-Agent:
      - AZURECLI/2.29.0 azsdk-python-azure-mgmt-network/19.2.0 Python/3.8.3 (Windows-10-10.0.18362-SP0)
    method: GET
    uri: https://management.azure.com/subscriptions/00000000-0000-0000-0000-000000000000/providers/Microsoft.Network/locations/westus/operations/c1336647-f597-42cf-9853-b3b7f15a8894?api-version=2021-05-01
  response:
    body:
      string: "{\r\n  \"status\": \"Succeeded\"\r\n}"
    headers:
      cache-control:
      - no-cache
      content-length:
      - '29'
      content-type:
      - application/json; charset=utf-8
      date:
      - Fri, 05 Nov 2021 07:19:16 GMT
      expires:
      - '-1'
      pragma:
      - no-cache
      server:
      - Microsoft-HTTPAPI/2.0
      - Microsoft-HTTPAPI/2.0
      strict-transport-security:
      - max-age=31536000; includeSubDomains
      transfer-encoding:
      - chunked
      vary:
      - Accept-Encoding
      x-content-type-options:
      - nosniff
      x-ms-arm-service-request-id:
      - 54139440-f1f8-4323-9e08-5a3cba908c4c
    status:
      code: 200
      message: OK
- request:
    body: null
    headers:
      Accept:
      - '*/*'
      Accept-Encoding:
      - gzip, deflate
      CommandName:
      - network express-route create
      Connection:
      - keep-alive
      ParameterSetName:
      - -g -n --allow-global-reach --bandwidth --peering-location --provider --sku-tier
      User-Agent:
      - AZURECLI/2.29.0 azsdk-python-azure-mgmt-network/19.2.0 Python/3.8.3 (Windows-10-10.0.18362-SP0)
    method: GET
    uri: https://management.azure.com/subscriptions/00000000-0000-0000-0000-000000000000/resourceGroups/cli_test_express_route_global_reach_config000001/providers/Microsoft.Network/expressRouteCircuits/er2?api-version=2021-05-01
  response:
    body:
      string: "{\r\n  \"name\": \"er2\",\r\n  \"id\": \"/subscriptions/00000000-0000-0000-0000-000000000000/resourceGroups/cli_test_express_route_global_reach_config000001/providers/Microsoft.Network/expressRouteCircuits/er2\",\r\n
        \ \"etag\": \"W/\\\"0e768c6f-5b9e-4417-862b-94df3acf2c8d\\\"\",\r\n  \"type\":
        \"Microsoft.Network/expressRouteCircuits\",\r\n  \"location\": \"westus\",\r\n
        \ \"properties\": {\r\n    \"provisioningState\": \"Succeeded\",\r\n    \"resourceGuid\":
        \"aca5392b-5e2d-46ac-b52c-f43a2eeecb9a\",\r\n    \"peerings\": [],\r\n    \"authorizations\":
        [],\r\n    \"serviceProviderProperties\": {\r\n      \"serviceProviderName\":
        \"Test Provider NW\",\r\n      \"peeringLocation\": \"Denver Test\",\r\n      \"bandwidthInMbps\":
        50\r\n    },\r\n    \"circuitProvisioningState\": \"Enabled\",\r\n    \"allowClassicOperations\":
        false,\r\n    \"gatewayManagerEtag\": \"\",\r\n    \"serviceKey\": \"077d61b3-8d13-483c-afeb-57cee96516b7\",\r\n
        \   \"serviceProviderProvisioningState\": \"NotProvisioned\",\r\n    \"allowGlobalReach\":
        false,\r\n    \"globalReachEnabled\": false,\r\n    \"stag\": 3\r\n  },\r\n
        \ \"sku\": {\r\n    \"name\": \"Premium_MeteredData\",\r\n    \"tier\": \"Premium\",\r\n
        \   \"family\": \"MeteredData\"\r\n  }\r\n}"
    headers:
      cache-control:
      - no-cache
      content-length:
      - '1120'
      content-type:
      - application/json; charset=utf-8
      date:
      - Fri, 05 Nov 2021 07:19:16 GMT
      expires:
      - '-1'
      pragma:
      - no-cache
      server:
      - Microsoft-HTTPAPI/2.0
      - Microsoft-HTTPAPI/2.0
      strict-transport-security:
      - max-age=31536000; includeSubDomains
      transfer-encoding:
      - chunked
      vary:
      - Accept-Encoding
      x-content-type-options:
      - nosniff
      x-ms-arm-service-request-id:
      - f042a0eb-9c50-4d8b-b43a-37fbedffd442
    status:
      code: 200
      message: OK
- request:
    body: '{"properties": {"peeringType": "AzurePrivatePeering", "peerASN": 10002,
      "primaryPeerAddressPrefix": "104.0.0.0/30", "secondaryPeerAddressPrefix": "105.0.0.0/30",
      "vlanId": 102}}'
    headers:
      Accept:
      - application/json
      Accept-Encoding:
      - gzip, deflate
      CommandName:
      - network express-route peering create
      Connection:
      - keep-alive
      Content-Length:
      - '177'
      Content-Type:
      - application/json
      ParameterSetName:
      - -g --circuit-name --peering-type --peer-asn --vlan-id --primary-peer-subnet
        --secondary-peer-subnet
      User-Agent:
      - AZURECLI/2.29.0 azsdk-python-azure-mgmt-network/19.2.0 Python/3.8.3 (Windows-10-10.0.18362-SP0)
    method: PUT
    uri: https://management.azure.com/subscriptions/00000000-0000-0000-0000-000000000000/resourceGroups/cli_test_express_route_global_reach_config000001/providers/Microsoft.Network/expressRouteCircuits/er2/peerings/AzurePrivatePeering?api-version=2021-05-01
  response:
    body:
      string: "{\r\n  \"name\": \"AzurePrivatePeering\",\r\n  \"id\": \"/subscriptions/00000000-0000-0000-0000-000000000000/resourceGroups/cli_test_express_route_global_reach_config000001/providers/Microsoft.Network/expressRouteCircuits/er2/peerings/AzurePrivatePeering\",\r\n
        \ \"etag\": \"W/\\\"8bfa3bf5-c316-4163-bdec-a634377314ba\\\"\",\r\n  \"properties\":
        {\r\n    \"provisioningState\": \"Updating\",\r\n    \"peeringType\": \"AzurePrivatePeering\",\r\n
        \   \"azureASN\": 0,\r\n    \"peerASN\": 10002,\r\n    \"primaryPeerAddressPrefix\":
        \"104.0.0.0/30\",\r\n    \"secondaryPeerAddressPrefix\": \"105.0.0.0/30\",\r\n
        \   \"state\": \"Enabled\",\r\n    \"vlanId\": 102,\r\n    \"lastModifiedBy\":
        \"\",\r\n    \"connections\": [],\r\n    \"peeredConnections\": []\r\n  },\r\n
        \ \"type\": \"Microsoft.Network/expressRouteCircuits/peerings\"\r\n}"
    headers:
      azure-asyncoperation:
      - https://management.azure.com/subscriptions/00000000-0000-0000-0000-000000000000/providers/Microsoft.Network/locations/westus/operations/83bcb8d8-fba2-4dbf-8ed8-7e9fb499df9a?api-version=2021-05-01
      cache-control:
      - no-cache
      content-length:
      - '767'
      content-type:
      - application/json; charset=utf-8
      date:
      - Fri, 05 Nov 2021 07:19:19 GMT
      expires:
      - '-1'
      pragma:
      - no-cache
      server:
      - Microsoft-HTTPAPI/2.0
      - Microsoft-HTTPAPI/2.0
      strict-transport-security:
      - max-age=31536000; includeSubDomains
      x-content-type-options:
      - nosniff
      x-ms-arm-service-request-id:
      - aef537be-20a9-4a5c-ad86-9be67b35e00a
      x-ms-ratelimit-remaining-subscription-writes:
      - '1198'
    status:
      code: 201
      message: Created
- request:
    body: null
    headers:
      Accept:
      - '*/*'
      Accept-Encoding:
      - gzip, deflate
      CommandName:
      - network express-route peering create
      Connection:
      - keep-alive
      ParameterSetName:
      - -g --circuit-name --peering-type --peer-asn --vlan-id --primary-peer-subnet
        --secondary-peer-subnet
      User-Agent:
      - AZURECLI/2.29.0 azsdk-python-azure-mgmt-network/19.2.0 Python/3.8.3 (Windows-10-10.0.18362-SP0)
    method: GET
    uri: https://management.azure.com/subscriptions/00000000-0000-0000-0000-000000000000/providers/Microsoft.Network/locations/westus/operations/83bcb8d8-fba2-4dbf-8ed8-7e9fb499df9a?api-version=2021-05-01
  response:
    body:
      string: "{\r\n  \"status\": \"Succeeded\"\r\n}"
    headers:
      cache-control:
      - no-cache
      content-length:
      - '29'
      content-type:
      - application/json; charset=utf-8
      date:
      - Fri, 05 Nov 2021 07:19:30 GMT
      expires:
      - '-1'
      pragma:
      - no-cache
      server:
      - Microsoft-HTTPAPI/2.0
      - Microsoft-HTTPAPI/2.0
      strict-transport-security:
      - max-age=31536000; includeSubDomains
      transfer-encoding:
      - chunked
      vary:
      - Accept-Encoding
      x-content-type-options:
      - nosniff
      x-ms-arm-service-request-id:
      - e1ce44b8-961d-47c2-b4b4-b9c5152356ac
    status:
      code: 200
      message: OK
- request:
    body: null
    headers:
      Accept:
      - '*/*'
      Accept-Encoding:
      - gzip, deflate
      CommandName:
      - network express-route peering create
      Connection:
      - keep-alive
      ParameterSetName:
      - -g --circuit-name --peering-type --peer-asn --vlan-id --primary-peer-subnet
        --secondary-peer-subnet
      User-Agent:
      - AZURECLI/2.29.0 azsdk-python-azure-mgmt-network/19.2.0 Python/3.8.3 (Windows-10-10.0.18362-SP0)
    method: GET
    uri: https://management.azure.com/subscriptions/00000000-0000-0000-0000-000000000000/resourceGroups/cli_test_express_route_global_reach_config000001/providers/Microsoft.Network/expressRouteCircuits/er2/peerings/AzurePrivatePeering?api-version=2021-05-01
  response:
    body:
      string: "{\r\n  \"name\": \"AzurePrivatePeering\",\r\n  \"id\": \"/subscriptions/00000000-0000-0000-0000-000000000000/resourceGroups/cli_test_express_route_global_reach_config000001/providers/Microsoft.Network/expressRouteCircuits/er2/peerings/AzurePrivatePeering\",\r\n
        \ \"etag\": \"W/\\\"9f935629-6633-42f2-b67c-623ed2ef8212\\\"\",\r\n  \"properties\":
        {\r\n    \"provisioningState\": \"Succeeded\",\r\n    \"peeringType\": \"AzurePrivatePeering\",\r\n
        \   \"azureASN\": 12076,\r\n    \"peerASN\": 10002,\r\n    \"primaryPeerAddressPrefix\":
        \"104.0.0.0/30\",\r\n    \"secondaryPeerAddressPrefix\": \"105.0.0.0/30\",\r\n
        \   \"primaryAzurePort\": \"OC-TEST-06GMR-CIS-1-PRI-A\",\r\n    \"secondaryAzurePort\":
        \"OC-TEST-06GMR-CIS-2-SEC-A\",\r\n    \"state\": \"Enabled\",\r\n    \"vlanId\":
        102,\r\n    \"gatewayManagerEtag\": \"\",\r\n    \"lastModifiedBy\": \"Customer\",\r\n
        \   \"connections\": [],\r\n    \"peeredConnections\": []\r\n  },\r\n  \"type\":
        \"Microsoft.Network/expressRouteCircuits/peerings\"\r\n}"
    headers:
      cache-control:
      - no-cache
      content-length:
      - '921'
      content-type:
      - application/json; charset=utf-8
      date:
      - Fri, 05 Nov 2021 07:19:30 GMT
      expires:
      - '-1'
      pragma:
      - no-cache
      server:
      - Microsoft-HTTPAPI/2.0
      - Microsoft-HTTPAPI/2.0
      strict-transport-security:
      - max-age=31536000; includeSubDomains
      transfer-encoding:
      - chunked
      vary:
      - Accept-Encoding
      x-content-type-options:
      - nosniff
      x-ms-arm-service-request-id:
      - 193b768c-219f-4e5b-90ff-be1b48891388
    status:
      code: 200
      message: OK
- request:
    body: '{"properties": {"expressRouteCircuitPeering": {"id": "/subscriptions/00000000-0000-0000-0000-000000000000/resourceGroups/cli_test_express_route_global_reach_config000001/providers/Microsoft.Network/expressRouteCircuits/er1/peerings/AzurePrivatePeering"},
      "peerExpressRouteCircuitPeering": {"id": "/subscriptions/00000000-0000-0000-0000-000000000000/resourceGroups/cli_test_express_route_global_reach_config000001/providers/Microsoft.Network/expressRouteCircuits/er2/peerings/AzurePrivatePeering"},
      "addressPrefix": "104.0.0.0/29"}}'
    headers:
      Accept:
      - application/json
      Accept-Encoding:
      - gzip, deflate
      CommandName:
      - network express-route peering connection create
      Connection:
      - keep-alive
      Content-Length:
      - '585'
      Content-Type:
      - application/json
      ParameterSetName:
      - -g --circuit-name --peering-name -n --peer-circuit --address-prefix
      User-Agent:
      - AZURECLI/2.29.0 azsdk-python-azure-mgmt-network/19.2.0 Python/3.8.3 (Windows-10-10.0.18362-SP0)
    method: PUT
    uri: https://management.azure.com/subscriptions/00000000-0000-0000-0000-000000000000/resourceGroups/cli_test_express_route_global_reach_config000001/providers/Microsoft.Network/expressRouteCircuits/er1/peerings/AzurePrivatePeering/connections/conn12?api-version=2021-05-01
  response:
    body:
      string: "{\r\n  \"name\": \"conn12\",\r\n  \"id\": \"/subscriptions/00000000-0000-0000-0000-000000000000/resourceGroups/cli_test_express_route_global_reach_config000001/providers/Microsoft.Network/expressRouteCircuits/er1/peerings/AzurePrivatePeering/connections/conn12\",\r\n
        \ \"etag\": \"W/\\\"d825dc26-a78a-41c3-8708-83a244d690b9\\\"\",\r\n  \"properties\":
        {\r\n    \"provisioningState\": \"Updating\",\r\n    \"expressRouteCircuitPeering\":
        {\r\n      \"id\": \"/subscriptions/00000000-0000-0000-0000-000000000000/resourceGroups/cli_test_express_route_global_reach_config000001/providers/Microsoft.Network/expressRouteCircuits/er1/peerings/AzurePrivatePeering\"\r\n
        \   },\r\n    \"peerExpressRouteCircuitPeering\": {\r\n      \"id\": \"/subscriptions/00000000-0000-0000-0000-000000000000/resourceGroups/cli_test_express_route_global_reach_config000001/providers/Microsoft.Network/expressRouteCircuits/er2/peerings/AzurePrivatePeering\"\r\n
        \   },\r\n    \"addressPrefix\": \"104.0.0.0/29\",\r\n    \"circuitConnectionStatus\":
        \"Disconnected\"\r\n  },\r\n  \"type\": \"Microsoft.Network/expressRouteCircuits/peerings/connections\"\r\n}"
    headers:
      azure-asyncoperation:
      - https://management.azure.com/subscriptions/00000000-0000-0000-0000-000000000000/providers/Microsoft.Network/locations/westus/operations/d63d3ce5-de9a-4816-aa14-2e892794aa1f?api-version=2021-05-01
      cache-control:
      - no-cache
      content-length:
      - '1133'
      content-type:
      - application/json; charset=utf-8
      date:
      - Fri, 05 Nov 2021 07:19:31 GMT
      expires:
      - '-1'
      pragma:
      - no-cache
      server:
      - Microsoft-HTTPAPI/2.0
      - Microsoft-HTTPAPI/2.0
      strict-transport-security:
      - max-age=31536000; includeSubDomains
      x-content-type-options:
      - nosniff
      x-ms-arm-service-request-id:
      - 2c2913ae-f81e-4760-afc9-353c858f6a39
      x-ms-ratelimit-remaining-subscription-writes:
      - '1198'
    status:
      code: 201
      message: Created
- request:
    body: null
    headers:
      Accept:
      - '*/*'
      Accept-Encoding:
      - gzip, deflate
      CommandName:
      - network express-route peering connection create
      Connection:
      - keep-alive
      ParameterSetName:
      - -g --circuit-name --peering-name -n --peer-circuit --address-prefix
      User-Agent:
      - AZURECLI/2.29.0 azsdk-python-azure-mgmt-network/19.2.0 Python/3.8.3 (Windows-10-10.0.18362-SP0)
    method: GET
    uri: https://management.azure.com/subscriptions/00000000-0000-0000-0000-000000000000/providers/Microsoft.Network/locations/westus/operations/d63d3ce5-de9a-4816-aa14-2e892794aa1f?api-version=2021-05-01
  response:
    body:
      string: "{\r\n  \"status\": \"Failed\",\r\n  \"error\": {\r\n    \"code\": \"InitiatingCircuitNotProvisioned\",\r\n
        \   \"message\": \"Put Global Reach Connection Initiating Circuit Subscription
        = 0b1f6471-1bf0-4dda-aec3-cb9272f09590, ServiceKey = a8cd853c-37fc-467b-a37c-28e637999304
        is Not Provisioned. Current Status NotProvisioned\",\r\n    \"details\": []\r\n
        \ }\r\n}"
    headers:
      cache-control:
      - no-cache
      content-length:
      - '332'
      content-type:
      - application/json; charset=utf-8
      date:
      - Fri, 05 Nov 2021 07:19:42 GMT
      expires:
      - '-1'
      pragma:
      - no-cache
      server:
      - Microsoft-HTTPAPI/2.0
      - Microsoft-HTTPAPI/2.0
      strict-transport-security:
      - max-age=31536000; includeSubDomains
      transfer-encoding:
      - chunked
      vary:
      - Accept-Encoding
      x-content-type-options:
      - nosniff
      x-ms-arm-service-request-id:
      - 68acb00d-d1e2-4212-8b26-eff1d2908df4
    status:
      code: 200
      message: OK
- request:
    body: null
    headers:
      Accept:
      - application/json
      Accept-Encoding:
      - gzip, deflate
      CommandName:
      - network express-route peering connection config add
      Connection:
      - keep-alive
      ParameterSetName:
      - -g --circuit-name --peering-name -n --address-prefix --address-prefix-type
      User-Agent:
      - AZURECLI/2.29.0 azsdk-python-azure-mgmt-network/19.2.0 Python/3.8.3 (Windows-10-10.0.18362-SP0)
    method: GET
    uri: https://management.azure.com/subscriptions/00000000-0000-0000-0000-000000000000/resourceGroups/cli_test_express_route_global_reach_config000001/providers/Microsoft.Network/expressRouteCircuits/er1/peerings/AzurePrivatePeering/connections/conn12?api-version=2021-05-01
  response:
    body:
      string: "{\r\n  \"name\": \"conn12\",\r\n  \"id\": \"/subscriptions/00000000-0000-0000-0000-000000000000/resourceGroups/cli_test_express_route_global_reach_config000001/providers/Microsoft.Network/expressRouteCircuits/er1/peerings/AzurePrivatePeering/connections/conn12\",\r\n
        \ \"etag\": \"W/\\\"0ae97cea-e179-471d-abf5-329c88045fd5\\\"\",\r\n  \"properties\":
        {\r\n    \"provisioningState\": \"Failed\",\r\n    \"expressRouteCircuitPeering\":
        {\r\n      \"id\": \"/subscriptions/00000000-0000-0000-0000-000000000000/resourceGroups/cli_test_express_route_global_reach_config000001/providers/Microsoft.Network/expressRouteCircuits/er1/peerings/AzurePrivatePeering\"\r\n
        \   },\r\n    \"peerExpressRouteCircuitPeering\": {\r\n      \"id\": \"/subscriptions/00000000-0000-0000-0000-000000000000/resourceGroups/cli_test_express_route_global_reach_config000001/providers/Microsoft.Network/expressRouteCircuits/er2/peerings/AzurePrivatePeering\"\r\n
        \   },\r\n    \"addressPrefix\": \"104.0.0.0/29\",\r\n    \"circuitConnectionStatus\":
        \"Connected\"\r\n  },\r\n  \"type\": \"Microsoft.Network/expressRouteCircuits/peerings/connections\"\r\n}"
    headers:
      cache-control:
      - no-cache
      content-length:
      - '1128'
      content-type:
      - application/json; charset=utf-8
      date:
      - Fri, 05 Nov 2021 07:19:43 GMT
      etag:
      - W/"0ae97cea-e179-471d-abf5-329c88045fd5"
      expires:
      - '-1'
      pragma:
      - no-cache
      server:
      - Microsoft-HTTPAPI/2.0
      - Microsoft-HTTPAPI/2.0
      strict-transport-security:
      - max-age=31536000; includeSubDomains
      transfer-encoding:
      - chunked
      vary:
      - Accept-Encoding
      x-content-type-options:
      - nosniff
      x-ms-arm-service-request-id:
      - 9fabea13-84ab-4c50-b27b-e36533b45d66
    status:
      code: 200
      message: OK
- request:
    body: '{"id": "/subscriptions/00000000-0000-0000-0000-000000000000/resourceGroups/cli_test_express_route_global_reach_config000001/providers/Microsoft.Network/expressRouteCircuits/er1/peerings/AzurePrivatePeering/connections/conn12",
      "name": "conn12", "properties": {"expressRouteCircuitPeering": {"id": "/subscriptions/00000000-0000-0000-0000-000000000000/resourceGroups/cli_test_express_route_global_reach_config000001/providers/Microsoft.Network/expressRouteCircuits/er1/peerings/AzurePrivatePeering"},
      "peerExpressRouteCircuitPeering": {"id": "/subscriptions/00000000-0000-0000-0000-000000000000/resourceGroups/cli_test_express_route_global_reach_config000001/providers/Microsoft.Network/expressRouteCircuits/er2/peerings/AzurePrivatePeering"},
      "addressPrefix": "104.0.0.0/29", "ipv6CircuitConnectionConfig": {"addressPrefix":
      ".../125"}}}'
    headers:
      Accept:
      - application/json
      Accept-Encoding:
      - gzip, deflate
      CommandName:
      - network express-route peering connection config add
      Connection:
      - keep-alive
      Content-Length:
      - '917'
      Content-Type:
      - application/json
      ParameterSetName:
      - -g --circuit-name --peering-name -n --address-prefix --address-prefix-type
      User-Agent:
      - AZURECLI/2.29.0 azsdk-python-azure-mgmt-network/19.2.0 Python/3.8.3 (Windows-10-10.0.18362-SP0)
    method: PUT
    uri: https://management.azure.com/subscriptions/00000000-0000-0000-0000-000000000000/resourceGroups/cli_test_express_route_global_reach_config000001/providers/Microsoft.Network/expressRouteCircuits/er1/peerings/AzurePrivatePeering/connections/conn12?api-version=2021-05-01
  response:
    body:
      string: "{\r\n  \"error\": {\r\n    \"code\": \"ParentResourceIsInFailedState\",\r\n
        \   \"message\": \"PUT operation on child resource /subscriptions/00000000-0000-0000-0000-000000000000/resourceGroups/cli_test_express_route_global_reach_config000001/providers/Microsoft.Network/expressRouteCircuits/er1/peerings/AzurePrivatePeering/connections/conn12
        is blocked because last operation (d63d3ce5-de9a-4816-aa14-2e892794aa1f) on
        parent resource failed leaving it in failed state. Run PUT operation on the
        parent, then retry operation on the child.\",\r\n    \"details\": []\r\n  }\r\n}"
    headers:
      cache-control:
      - no-cache
      content-length:
      - '578'
      content-type:
      - application/json; charset=utf-8
      date:
      - Fri, 05 Nov 2021 07:19:44 GMT
      expires:
      - '-1'
      pragma:
      - no-cache
      server:
      - Microsoft-HTTPAPI/2.0
      - Microsoft-HTTPAPI/2.0
      strict-transport-security:
      - max-age=31536000; includeSubDomains
      x-content-type-options:
      - nosniff
      x-ms-arm-service-request-id:
      - c1fba1d0-485d-4e83-8dbe-5c3b92537642
      x-ms-ratelimit-remaining-subscription-writes:
      - '1199'
    status:
      code: 400
      message: Bad Request
- request:
    body: null
    headers:
      Accept:
      - application/json
      Accept-Encoding:
      - gzip, deflate
      CommandName:
      - network express-route peering connection config remove
      Connection:
      - keep-alive
      ParameterSetName:
      - -g --circuit-name --peering-name -n --address-prefix-type
      User-Agent:
      - AZURECLI/2.29.0 azsdk-python-azure-mgmt-network/19.2.0 Python/3.8.3 (Windows-10-10.0.18362-SP0)
    method: GET
    uri: https://management.azure.com/subscriptions/00000000-0000-0000-0000-000000000000/resourceGroups/cli_test_express_route_global_reach_config000001/providers/Microsoft.Network/expressRouteCircuits/er1/peerings/AzurePrivatePeering/connections/conn12?api-version=2021-05-01
  response:
    body:
      string: "{\r\n  \"name\": \"conn12\",\r\n  \"id\": \"/subscriptions/00000000-0000-0000-0000-000000000000/resourceGroups/cli_test_express_route_global_reach_config000001/providers/Microsoft.Network/expressRouteCircuits/er1/peerings/AzurePrivatePeering/connections/conn12\",\r\n
        \ \"etag\": \"W/\\\"0ae97cea-e179-471d-abf5-329c88045fd5\\\"\",\r\n  \"properties\":
        {\r\n    \"provisioningState\": \"Failed\",\r\n    \"expressRouteCircuitPeering\":
        {\r\n      \"id\": \"/subscriptions/00000000-0000-0000-0000-000000000000/resourceGroups/cli_test_express_route_global_reach_config000001/providers/Microsoft.Network/expressRouteCircuits/er1/peerings/AzurePrivatePeering\"\r\n
        \   },\r\n    \"peerExpressRouteCircuitPeering\": {\r\n      \"id\": \"/subscriptions/00000000-0000-0000-0000-000000000000/resourceGroups/cli_test_express_route_global_reach_config000001/providers/Microsoft.Network/expressRouteCircuits/er2/peerings/AzurePrivatePeering\"\r\n
        \   },\r\n    \"addressPrefix\": \"104.0.0.0/29\",\r\n    \"circuitConnectionStatus\":
        \"Connected\"\r\n  },\r\n  \"type\": \"Microsoft.Network/expressRouteCircuits/peerings/connections\"\r\n}"
    headers:
      cache-control:
      - no-cache
      content-length:
      - '1128'
      content-type:
      - application/json; charset=utf-8
      date:
      - Fri, 05 Nov 2021 07:19:46 GMT
      etag:
      - W/"0ae97cea-e179-471d-abf5-329c88045fd5"
      expires:
      - '-1'
      pragma:
      - no-cache
      server:
      - Microsoft-HTTPAPI/2.0
      - Microsoft-HTTPAPI/2.0
      strict-transport-security:
      - max-age=31536000; includeSubDomains
      transfer-encoding:
      - chunked
      vary:
      - Accept-Encoding
      x-content-type-options:
      - nosniff
      x-ms-arm-service-request-id:
      - c36f3349-aa10-49a5-9256-81ae652f7ce3
    status:
      code: 200
      message: OK
- request:
    body: '{"id": "/subscriptions/00000000-0000-0000-0000-000000000000/resourceGroups/cli_test_express_route_global_reach_config000001/providers/Microsoft.Network/expressRouteCircuits/er1/peerings/AzurePrivatePeering/connections/conn12",
      "name": "conn12", "properties": {"expressRouteCircuitPeering": {"id": "/subscriptions/00000000-0000-0000-0000-000000000000/resourceGroups/cli_test_express_route_global_reach_config000001/providers/Microsoft.Network/expressRouteCircuits/er1/peerings/AzurePrivatePeering"},
      "peerExpressRouteCircuitPeering": {"id": "/subscriptions/00000000-0000-0000-0000-000000000000/resourceGroups/cli_test_express_route_global_reach_config000001/providers/Microsoft.Network/expressRouteCircuits/er2/peerings/AzurePrivatePeering"},
      "addressPrefix": "104.0.0.0/29"}}'
    headers:
      Accept:
      - application/json
      Accept-Encoding:
      - gzip, deflate
      CommandName:
      - network express-route peering connection config remove
      Connection:
      - keep-alive
      Content-Length:
      - '856'
      Content-Type:
      - application/json
      ParameterSetName:
      - -g --circuit-name --peering-name -n --address-prefix-type
      User-Agent:
      - AZURECLI/2.29.0 azsdk-python-azure-mgmt-network/19.2.0 Python/3.8.3 (Windows-10-10.0.18362-SP0)
    method: PUT
    uri: https://management.azure.com/subscriptions/00000000-0000-0000-0000-000000000000/resourceGroups/cli_test_express_route_global_reach_config000001/providers/Microsoft.Network/expressRouteCircuits/er1/peerings/AzurePrivatePeering/connections/conn12?api-version=2021-05-01
  response:
    body:
      string: "{\r\n  \"error\": {\r\n    \"code\": \"ParentResourceIsInFailedState\",\r\n
        \   \"message\": \"PUT operation on child resource /subscriptions/00000000-0000-0000-0000-000000000000/resourceGroups/cli_test_express_route_global_reach_config000001/providers/Microsoft.Network/expressRouteCircuits/er1/peerings/AzurePrivatePeering/connections/conn12
        is blocked because last operation (d63d3ce5-de9a-4816-aa14-2e892794aa1f) on
        parent resource failed leaving it in failed state. Run PUT operation on the
        parent, then retry operation on the child.\",\r\n    \"details\": []\r\n  }\r\n}"
    headers:
      cache-control:
      - no-cache
      content-length:
      - '578'
      content-type:
      - application/json; charset=utf-8
      date:
      - Fri, 05 Nov 2021 07:19:46 GMT
      expires:
      - '-1'
      pragma:
      - no-cache
      server:
      - Microsoft-HTTPAPI/2.0
      - Microsoft-HTTPAPI/2.0
      strict-transport-security:
      - max-age=31536000; includeSubDomains
      x-content-type-options:
      - nosniff
      x-ms-arm-service-request-id:
      - 2c92c10b-6f9d-4fd0-9bce-e46b8ab83308
      x-ms-ratelimit-remaining-subscription-writes:
      - '1198'
    status:
      code: 400
      message: Bad Request
- request:
    body: null
    headers:
      Accept:
      - application/json
      Accept-Encoding:
      - gzip, deflate
      CommandName:
      - network express-route peering connection delete
      Connection:
      - keep-alive
      Content-Length:
      - '0'
      ParameterSetName:
      - -g --circuit-name --peering-name -n
      User-Agent:
      - AZURECLI/2.29.0 azsdk-python-azure-mgmt-network/19.2.0 Python/3.8.3 (Windows-10-10.0.18362-SP0)
    method: DELETE
    uri: https://management.azure.com/subscriptions/00000000-0000-0000-0000-000000000000/resourceGroups/cli_test_express_route_global_reach_config000001/providers/Microsoft.Network/expressRouteCircuits/er1/peerings/AzurePrivatePeering/connections/conn12?api-version=2021-05-01
  response:
    body:
      string: ''
    headers:
      azure-asyncoperation:
      - https://management.azure.com/subscriptions/00000000-0000-0000-0000-000000000000/providers/Microsoft.Network/locations/westus/operations/d1fb8f93-39a4-44a7-8479-1f8a329f840a?api-version=2021-05-01
      cache-control:
      - no-cache
      content-length:
      - '0'
      date:
      - Fri, 05 Nov 2021 07:19:47 GMT
      expires:
      - '-1'
      location:
      - https://management.azure.com/subscriptions/00000000-0000-0000-0000-000000000000/providers/Microsoft.Network/locations/westus/operationResults/d1fb8f93-39a4-44a7-8479-1f8a329f840a?api-version=2021-05-01
      pragma:
      - no-cache
      server:
      - Microsoft-HTTPAPI/2.0
      - Microsoft-HTTPAPI/2.0
      strict-transport-security:
      - max-age=31536000; includeSubDomains
      x-content-type-options:
      - nosniff
      x-ms-arm-service-request-id:
      - 83f52aca-bc06-448b-b500-86f7b06718af
      x-ms-ratelimit-remaining-subscription-deletes:
      - '14999'
    status:
      code: 202
      message: Accepted
- request:
    body: null
    headers:
      Accept:
      - '*/*'
      Accept-Encoding:
      - gzip, deflate
      CommandName:
      - network express-route peering connection delete
      Connection:
      - keep-alive
      ParameterSetName:
      - -g --circuit-name --peering-name -n
      User-Agent:
      - AZURECLI/2.29.0 azsdk-python-azure-mgmt-network/19.2.0 Python/3.8.3 (Windows-10-10.0.18362-SP0)
    method: GET
    uri: https://management.azure.com/subscriptions/00000000-0000-0000-0000-000000000000/providers/Microsoft.Network/locations/westus/operations/d1fb8f93-39a4-44a7-8479-1f8a329f840a?api-version=2021-05-01
  response:
    body:
      string: "{\r\n  \"status\": \"Succeeded\"\r\n}"
    headers:
      cache-control:
      - no-cache
      content-length:
      - '29'
      content-type:
      - application/json; charset=utf-8
      date:
      - Fri, 05 Nov 2021 07:19:58 GMT
      expires:
      - '-1'
      pragma:
      - no-cache
      server:
      - Microsoft-HTTPAPI/2.0
      - Microsoft-HTTPAPI/2.0
      strict-transport-security:
      - max-age=31536000; includeSubDomains
      transfer-encoding:
      - chunked
      vary:
      - Accept-Encoding
      x-content-type-options:
      - nosniff
      x-ms-arm-service-request-id:
      - cbf3e805-9673-465c-8c25-480fc665ac39
    status:
      code: 200
      message: OK
version: 1
