interactions:
- request:
    body: '{"location": "centralus", "properties": {"addressSpace": {"addressPrefixes":
      ["10.0.0.0/16"]}, "enableDdosProtection": false, "enableVmProtection": false,
      "subnets": [{"name": "subnet1", "properties": {"addressPrefix": "10.0.0.0/24"}}]}}'
    headers:
      Accept:
      - application/json
      Accept-Encoding:
      - gzip, deflate
      CommandName:
      - network vnet create
      Connection:
      - keep-alive
      Content-Length:
      - '237'
      Content-Type:
      - application/json
      ParameterSetName:
      - -g -n --subnet-name -l
      User-Agent:
      - AZURECLI/2.44.1 (AAZ) azsdk-python-core/1.24.0 Python/3.10.9 (Linux-5.15.0-1031-azure-x86_64-with-glibc2.31)
        VSTS_7b238909-6802-4b65-b90d-184bca47f458_build_220_0
    method: PUT
    uri: https://management.azure.com/subscriptions/00000000-0000-0000-0000-000000000000/resourceGroups/cli_test_network_private_link_service000001/providers/Microsoft.Network/virtualNetworks/vnet1?api-version=2022-01-01
  response:
    body:
      string: "{\r\n  \"name\": \"vnet1\",\r\n  \"id\": \"/subscriptions/00000000-0000-0000-0000-000000000000/resourceGroups/cli_test_network_private_link_service000001/providers/Microsoft.Network/virtualNetworks/vnet1\",\r\n
        \ \"etag\": \"W/\\\"58b60970-e583-424d-acdd-8c96c87b8f54\\\"\",\r\n  \"type\":
        \"Microsoft.Network/virtualNetworks\",\r\n  \"location\": \"centralus\",\r\n
        \ \"properties\": {\r\n    \"provisioningState\": \"Updating\",\r\n    \"resourceGuid\":
        \"07f49642-46db-4147-85d6-5070e061305c\",\r\n    \"addressSpace\": {\r\n      \"addressPrefixes\":
        [\r\n        \"10.0.0.0/16\"\r\n      ]\r\n    },\r\n    \"subnets\": [\r\n
        \     {\r\n        \"name\": \"subnet1\",\r\n        \"id\": \"/subscriptions/00000000-0000-0000-0000-000000000000/resourceGroups/cli_test_network_private_link_service000001/providers/Microsoft.Network/virtualNetworks/vnet1/subnets/subnet1\",\r\n
        \       \"etag\": \"W/\\\"58b60970-e583-424d-acdd-8c96c87b8f54\\\"\",\r\n
        \       \"properties\": {\r\n          \"provisioningState\": \"Updating\",\r\n
        \         \"addressPrefix\": \"10.0.0.0/24\",\r\n          \"delegations\":
        [],\r\n          \"privateEndpointNetworkPolicies\": \"Disabled\",\r\n          \"privateLinkServiceNetworkPolicies\":
        \"Enabled\"\r\n        },\r\n        \"type\": \"Microsoft.Network/virtualNetworks/subnets\"\r\n
        \     }\r\n    ],\r\n    \"virtualNetworkPeerings\": [],\r\n    \"enableDdosProtection\":
        false\r\n  }\r\n}"
    headers:
      azure-asyncnotification:
      - Enabled
      azure-asyncoperation:
      - https://management.azure.com/subscriptions/00000000-0000-0000-0000-000000000000/providers/Microsoft.Network/locations/centralus/operations/1d67fd5b-5b7b-4479-a273-790847bd3977?api-version=2022-01-01
      cache-control:
      - no-cache
      content-length:
      - '1274'
      content-type:
      - application/json; charset=utf-8
      date:
      - Sat, 28 Jan 2023 12:08:17 GMT
      expires:
      - '-1'
      pragma:
      - no-cache
      server:
      - Microsoft-HTTPAPI/2.0
      - Microsoft-HTTPAPI/2.0
      strict-transport-security:
      - max-age=31536000; includeSubDomains
      x-content-type-options:
      - nosniff
      x-ms-arm-service-request-id:
      - b5172f12-789f-48f9-9891-45e27f8c3ccc
      x-ms-ratelimit-remaining-subscription-writes:
      - '1190'
    status:
      code: 201
      message: Created
- request:
    body: null
    headers:
      Accept:
      - '*/*'
      Accept-Encoding:
      - gzip, deflate
      CommandName:
      - network vnet create
      Connection:
      - keep-alive
      ParameterSetName:
      - -g -n --subnet-name -l
      User-Agent:
      - AZURECLI/2.44.1 (AAZ) azsdk-python-core/1.24.0 Python/3.10.9 (Linux-5.15.0-1031-azure-x86_64-with-glibc2.31)
        VSTS_7b238909-6802-4b65-b90d-184bca47f458_build_220_0
    method: GET
    uri: https://management.azure.com/subscriptions/00000000-0000-0000-0000-000000000000/providers/Microsoft.Network/locations/centralus/operations/1d67fd5b-5b7b-4479-a273-790847bd3977?api-version=2022-01-01
  response:
    body:
      string: "{\r\n  \"status\": \"Succeeded\"\r\n}"
    headers:
      cache-control:
      - no-cache
      content-length:
      - '29'
      content-type:
      - application/json; charset=utf-8
      date:
      - Sat, 28 Jan 2023 12:08:20 GMT
      expires:
      - '-1'
      pragma:
      - no-cache
      server:
      - Microsoft-HTTPAPI/2.0
      - Microsoft-HTTPAPI/2.0
      strict-transport-security:
      - max-age=31536000; includeSubDomains
      transfer-encoding:
      - chunked
      vary:
      - Accept-Encoding
      x-content-type-options:
      - nosniff
      x-ms-arm-service-request-id:
      - 7da9428d-40ad-4f40-aada-eef5cdcf0751
    status:
      code: 200
      message: OK
- request:
    body: null
    headers:
      Accept:
      - '*/*'
      Accept-Encoding:
      - gzip, deflate
      CommandName:
      - network vnet create
      Connection:
      - keep-alive
      ParameterSetName:
      - -g -n --subnet-name -l
      User-Agent:
      - AZURECLI/2.44.1 (AAZ) azsdk-python-core/1.24.0 Python/3.10.9 (Linux-5.15.0-1031-azure-x86_64-with-glibc2.31)
        VSTS_7b238909-6802-4b65-b90d-184bca47f458_build_220_0
    method: GET
    uri: https://management.azure.com/subscriptions/00000000-0000-0000-0000-000000000000/resourceGroups/cli_test_network_private_link_service000001/providers/Microsoft.Network/virtualNetworks/vnet1?api-version=2022-01-01
  response:
    body:
      string: "{\r\n  \"name\": \"vnet1\",\r\n  \"id\": \"/subscriptions/00000000-0000-0000-0000-000000000000/resourceGroups/cli_test_network_private_link_service000001/providers/Microsoft.Network/virtualNetworks/vnet1\",\r\n
        \ \"etag\": \"W/\\\"4033719a-d62f-4a27-865a-5cf3a3425fd7\\\"\",\r\n  \"type\":
        \"Microsoft.Network/virtualNetworks\",\r\n  \"location\": \"centralus\",\r\n
        \ \"properties\": {\r\n    \"provisioningState\": \"Succeeded\",\r\n    \"resourceGuid\":
        \"07f49642-46db-4147-85d6-5070e061305c\",\r\n    \"addressSpace\": {\r\n      \"addressPrefixes\":
        [\r\n        \"10.0.0.0/16\"\r\n      ]\r\n    },\r\n    \"subnets\": [\r\n
        \     {\r\n        \"name\": \"subnet1\",\r\n        \"id\": \"/subscriptions/00000000-0000-0000-0000-000000000000/resourceGroups/cli_test_network_private_link_service000001/providers/Microsoft.Network/virtualNetworks/vnet1/subnets/subnet1\",\r\n
        \       \"etag\": \"W/\\\"4033719a-d62f-4a27-865a-5cf3a3425fd7\\\"\",\r\n
        \       \"properties\": {\r\n          \"provisioningState\": \"Succeeded\",\r\n
        \         \"addressPrefix\": \"10.0.0.0/24\",\r\n          \"delegations\":
        [],\r\n          \"privateEndpointNetworkPolicies\": \"Disabled\",\r\n          \"privateLinkServiceNetworkPolicies\":
        \"Enabled\"\r\n        },\r\n        \"type\": \"Microsoft.Network/virtualNetworks/subnets\"\r\n
        \     }\r\n    ],\r\n    \"virtualNetworkPeerings\": [],\r\n    \"enableDdosProtection\":
        false\r\n  }\r\n}"
    headers:
      cache-control:
      - no-cache
      content-length:
      - '1276'
      content-type:
      - application/json; charset=utf-8
      date:
      - Sat, 28 Jan 2023 12:08:20 GMT
      etag:
      - W/"4033719a-d62f-4a27-865a-5cf3a3425fd7"
      expires:
      - '-1'
      pragma:
      - no-cache
      server:
      - Microsoft-HTTPAPI/2.0
      - Microsoft-HTTPAPI/2.0
      strict-transport-security:
      - max-age=31536000; includeSubDomains
      transfer-encoding:
      - chunked
      vary:
      - Accept-Encoding
      x-content-type-options:
      - nosniff
      x-ms-arm-service-request-id:
      - 744cecec-57fb-4ee5-802c-c213f9e805fd
    status:
      code: 200
      message: OK
- request:
    body: null
    headers:
      Accept:
      - application/json
      Accept-Encoding:
      - gzip, deflate
      CommandName:
      - network lb create
      Connection:
      - keep-alive
      ParameterSetName:
      - -g -l -n --public-ip-address --sku
      User-Agent:
      - AZURECLI/2.44.1 azsdk-python-azure-mgmt-resource/22.0.0 Python/3.10.9 (Linux-5.15.0-1031-azure-x86_64-with-glibc2.31)
        VSTS_7b238909-6802-4b65-b90d-184bca47f458_build_220_0
    method: GET
    uri: https://management.azure.com/subscriptions/00000000-0000-0000-0000-000000000000/resources?$filter=resourceGroup%20eq%20%27cli_test_network_private_link_service000001%27%20and%20name%20eq%20%27pubip1%27%20and%20resourceType%20eq%20%27Microsoft.Network%2FpublicIPAddresses%27&api-version=2022-09-01
  response:
    body:
      string: '{"value":[],"nextLink":"https://management.azure.com/subscriptions/00000000-0000-0000-0000-000000000000/resources?%24filter=resourceGroup+eq+%27cli_test_network_private_link_service000001%27+and+name+eq+%27pubip1%27+and+resourceType+eq+%27Microsoft.Network%2fpublicIPAddresses%27&api-version=2022-09-01&%24skiptoken=eyJuZXh0UGFydGl0aW9uS2V5IjoiMSE4IU9FTTVOa1UtIiwibmV4dFJvd0tleSI6IjEhMjQwIU1FSXhSalkwTnpFeFFrWXdORVJFUVVGRlF6TkRRamt5TnpKR01EazFPVEJmUjFKTUxVTk1TVlJGVTFSTFRWbEVWRmhSVVZkUlJGTTFSRFkzVmtSQ1VsZFVTek15V0VSU1dVcFRXRkUyUmxBM05FNVRmRU0zUXpkRFF6QkZOamMzUkVJd01qa3RUVWxEVWs5VFQwWlVPakpGVTFSUFVrRkhSVG95UmxOVVQxSkJSMFZCUTBOUFZVNVVVem95UmtOTVNWUkZVMVJIVVZkVFJVcElORFphVlZGTVF6VlFUUzFEUlU1VVVrRk1WVk5GVlVGUSJ9"}'
    headers:
      cache-control:
      - no-cache
      content-length:
      - '714'
      content-type:
      - application/json; charset=utf-8
      date:
      - Sat, 28 Jan 2023 12:08:20 GMT
      expires:
      - '-1'
      pragma:
      - no-cache
      strict-transport-security:
      - max-age=31536000; includeSubDomains
      vary:
      - Accept-Encoding
      x-content-type-options:
      - nosniff
    status:
      code: 200
      message: OK
- request:
    body: null
    headers:
      Accept:
      - '*/*'
      Accept-Encoding:
      - gzip, deflate
      CommandName:
      - network lb create
      Connection:
      - keep-alive
      ParameterSetName:
      - -g -l -n --public-ip-address --sku
      User-Agent:
      - AZURECLI/2.44.1 azsdk-python-azure-mgmt-resource/22.0.0 Python/3.10.9 (Linux-5.15.0-1031-azure-x86_64-with-glibc2.31)
        VSTS_7b238909-6802-4b65-b90d-184bca47f458_build_220_0
    method: GET
    uri: https://management.azure.com/subscriptions/00000000-0000-0000-0000-000000000000/resources?$filter=resourceGroup%20eq%20%27cli_test_network_private_link_service000001%27%20and%20name%20eq%20%27pubip1%27%20and%20resourceType%20eq%20%27Microsoft.Network/publicIPAddresses%27&api-version=2022-09-01&$skiptoken=eyJuZXh0UGFydGl0aW9uS2V5IjoiMSE4IU9FTTVOa1UtIiwibmV4dFJvd0tleSI6IjEhMjQwIU1FSXhSalkwTnpFeFFrWXdORVJFUVVGRlF6TkRRamt5TnpKR01EazFPVEJmUjFKTUxVTk1TVlJGVTFSTFRWbEVWRmhSVVZkUlJGTTFSRFkzVmtSQ1VsZFVTek15V0VSU1dVcFRXRkUyUmxBM05FNVRmRU0zUXpkRFF6QkZOamMzUkVJd01qa3RUVWxEVWs5VFQwWlVPakpGVTFSUFVrRkhSVG95UmxOVVQxSkJSMFZCUTBOUFZVNVVVem95UmtOTVNWUkZVMVJIVVZkVFJVcElORFphVlZGTVF6VlFUUzFEUlU1VVVrRk1WVk5GVlVGUSJ9
  response:
    body:
      string: '{"value":[]}'
    headers:
      cache-control:
      - no-cache
      content-length:
      - '12'
      content-type:
      - application/json; charset=utf-8
      date:
      - Sat, 28 Jan 2023 12:08:21 GMT
      expires:
      - '-1'
      pragma:
      - no-cache
      strict-transport-security:
      - max-age=31536000; includeSubDomains
      vary:
      - Accept-Encoding
      x-content-type-options:
      - nosniff
    status:
      code: 200
      message: OK
- request:
    body: '{"properties": {"template": {"$schema": "https://schema.management.azure.com/schemas/2015-01-01/deploymentTemplate.json#",
      "contentVersion": "1.0.0.0", "parameters": {}, "variables": {}, "resources":
      [{"apiVersion": "2022-01-01", "type": "Microsoft.Network/publicIPAddresses",
      "name": "pubip1", "location": "centralus", "tags": {}, "dependsOn": [], "properties":
      {"publicIPAllocationMethod": "Static"}, "sku": {"name": "Standard"}}, {"type":
      "Microsoft.Network/loadBalancers", "name": "lb1", "location": "centralus", "tags":
      {}, "apiVersion": "2022-01-01", "dependsOn": ["Microsoft.Network/publicIpAddresses/pubip1"],
      "properties": {"backendAddressPools": [{"name": "lb1bepool"}], "frontendIPConfigurations":
      [{"name": "LoadBalancerFrontEnd", "properties": {"publicIPAddress": {"id": "/subscriptions/00000000-0000-0000-0000-000000000000/resourceGroups/cli_test_network_private_link_service000001/providers/Microsoft.Network/publicIPAddresses/pubip1"},
      "privateIPAddressVersion": "IPv4"}}]}, "sku": {"name": "Standard"}}], "outputs":
      {"loadBalancer": {"type": "object", "value": "[reference(''lb1'')]"}}}, "parameters":
      {}, "mode": "incremental"}}'
    headers:
      Accept:
      - application/json
      Accept-Encoding:
      - gzip, deflate
      CommandName:
      - network lb create
      Connection:
      - keep-alive
      Content-Length:
      - '1144'
      Content-Type:
      - application/json
      ParameterSetName:
      - -g -l -n --public-ip-address --sku
      User-Agent:
      - AZURECLI/2.44.1 azsdk-python-azure-mgmt-resource/22.0.0 Python/3.10.9 (Linux-5.15.0-1031-azure-x86_64-with-glibc2.31)
        VSTS_7b238909-6802-4b65-b90d-184bca47f458_build_220_0
    method: PUT
    uri: https://management.azure.com/subscriptions/00000000-0000-0000-0000-000000000000/resourcegroups/cli_test_network_private_link_service000001/providers/Microsoft.Resources/deployments/mock-deployment?api-version=2022-09-01
  response:
    body:
      string: '{"id":"/subscriptions/00000000-0000-0000-0000-000000000000/resourceGroups/cli_test_network_private_link_service000001/providers/Microsoft.Resources/deployments/lb_deploy_4PhXKzvKuVz979s5mj4dQDkTom2nmAG6","name":"lb_deploy_4PhXKzvKuVz979s5mj4dQDkTom2nmAG6","type":"Microsoft.Resources/deployments","properties":{"templateHash":"2592128545918706381","parameters":{},"mode":"Incremental","provisioningState":"Accepted","timestamp":"2023-01-28T12:08:23.4709657Z","duration":"PT0.0003437S","correlationId":"5c3918f8-c306-4dca-ad3c-47b577b7745a","providers":[{"namespace":"Microsoft.Network","resourceTypes":[{"resourceType":"publicIPAddresses","locations":["centralus"]},{"resourceType":"loadBalancers","locations":["centralus"]}]}],"dependencies":[{"dependsOn":[{"id":"/subscriptions/00000000-0000-0000-0000-000000000000/resourceGroups/cli_test_network_private_link_service000001/providers/Microsoft.Network/publicIPAddresses/pubip1","resourceType":"Microsoft.Network/publicIPAddresses","resourceName":"pubip1"}],"id":"/subscriptions/00000000-0000-0000-0000-000000000000/resourceGroups/cli_test_network_private_link_service000001/providers/Microsoft.Network/loadBalancers/lb1","resourceType":"Microsoft.Network/loadBalancers","resourceName":"lb1"}]}}'
    headers:
      azure-asyncoperation:
      - https://management.azure.com/subscriptions/00000000-0000-0000-0000-000000000000/resourcegroups/cli_test_network_private_link_service000001/providers/Microsoft.Resources/deployments/lb_deploy_4PhXKzvKuVz979s5mj4dQDkTom2nmAG6/operationStatuses/08585266991826342283?api-version=2022-09-01
      cache-control:
      - no-cache
      content-length:
      - '1246'
      content-type:
      - application/json; charset=utf-8
      date:
      - Sat, 28 Jan 2023 12:08:23 GMT
      expires:
      - '-1'
      pragma:
      - no-cache
      strict-transport-security:
      - max-age=31536000; includeSubDomains
      x-content-type-options:
      - nosniff
      x-ms-ratelimit-remaining-subscription-writes:
      - '1195'
    status:
      code: 201
      message: Created
- request:
    body: null
    headers:
      Accept:
      - '*/*'
      Accept-Encoding:
      - gzip, deflate
      CommandName:
      - network lb create
      Connection:
      - keep-alive
      ParameterSetName:
      - -g -l -n --public-ip-address --sku
      User-Agent:
      - AZURECLI/2.44.1 azsdk-python-azure-mgmt-resource/22.0.0 Python/3.10.9 (Linux-5.15.0-1031-azure-x86_64-with-glibc2.31)
        VSTS_7b238909-6802-4b65-b90d-184bca47f458_build_220_0
    method: GET
    uri: https://management.azure.com/subscriptions/00000000-0000-0000-0000-000000000000/resourcegroups/cli_test_network_private_link_service000001/providers/Microsoft.Resources/deployments/mock-deployment/operationStatuses/08585266991826342283?api-version=2022-09-01
  response:
    body:
      string: '{"status":"Succeeded"}'
    headers:
      cache-control:
      - no-cache
      content-length:
      - '22'
      content-type:
      - application/json; charset=utf-8
      date:
      - Sat, 28 Jan 2023 12:08:53 GMT
      expires:
      - '-1'
      pragma:
      - no-cache
      strict-transport-security:
      - max-age=31536000; includeSubDomains
      vary:
      - Accept-Encoding
      x-content-type-options:
      - nosniff
    status:
      code: 200
      message: OK
- request:
    body: null
    headers:
      Accept:
      - '*/*'
      Accept-Encoding:
      - gzip, deflate
      CommandName:
      - network lb create
      Connection:
      - keep-alive
      ParameterSetName:
      - -g -l -n --public-ip-address --sku
      User-Agent:
      - AZURECLI/2.44.1 azsdk-python-azure-mgmt-resource/22.0.0 Python/3.10.9 (Linux-5.15.0-1031-azure-x86_64-with-glibc2.31)
        VSTS_7b238909-6802-4b65-b90d-184bca47f458_build_220_0
    method: GET
    uri: https://management.azure.com/subscriptions/00000000-0000-0000-0000-000000000000/resourcegroups/cli_test_network_private_link_service000001/providers/Microsoft.Resources/deployments/mock-deployment?api-version=2022-09-01
  response:
    body:
      string: '{"id":"/subscriptions/00000000-0000-0000-0000-000000000000/resourceGroups/cli_test_network_private_link_service000001/providers/Microsoft.Resources/deployments/lb_deploy_4PhXKzvKuVz979s5mj4dQDkTom2nmAG6","name":"lb_deploy_4PhXKzvKuVz979s5mj4dQDkTom2nmAG6","type":"Microsoft.Resources/deployments","properties":{"templateHash":"2592128545918706381","parameters":{},"mode":"Incremental","provisioningState":"Succeeded","timestamp":"2023-01-28T12:08:31.5128606Z","duration":"PT8.0422386S","correlationId":"5c3918f8-c306-4dca-ad3c-47b577b7745a","providers":[{"namespace":"Microsoft.Network","resourceTypes":[{"resourceType":"publicIPAddresses","locations":["centralus"]},{"resourceType":"loadBalancers","locations":["centralus"]}]}],"dependencies":[{"dependsOn":[{"id":"/subscriptions/00000000-0000-0000-0000-000000000000/resourceGroups/cli_test_network_private_link_service000001/providers/Microsoft.Network/publicIPAddresses/pubip1","resourceType":"Microsoft.Network/publicIPAddresses","resourceName":"pubip1"}],"id":"/subscriptions/00000000-0000-0000-0000-000000000000/resourceGroups/cli_test_network_private_link_service000001/providers/Microsoft.Network/loadBalancers/lb1","resourceType":"Microsoft.Network/loadBalancers","resourceName":"lb1"}],"outputs":{"loadBalancer":{"type":"Object","value":{"provisioningState":"Succeeded","resourceGuid":"e02cb9f9-28ca-420d-b8f7-d22e9cb3064b","frontendIPConfigurations":[{"name":"LoadBalancerFrontEnd","id":"/subscriptions/00000000-0000-0000-0000-000000000000/resourceGroups/cli_test_network_private_link_service000001/providers/Microsoft.Network/loadBalancers/lb1/frontendIPConfigurations/LoadBalancerFrontEnd","etag":"W/\"ae5b4dc8-3d61-460d-b7d1-a83ea82540d7\"","type":"Microsoft.Network/loadBalancers/frontendIPConfigurations","properties":{"provisioningState":"Succeeded","privateIPAllocationMethod":"Dynamic","publicIPAddress":{"id":"/subscriptions/00000000-0000-0000-0000-000000000000/resourceGroups/cli_test_network_private_link_service000001/providers/Microsoft.Network/publicIPAddresses/pubip1"}}}],"backendAddressPools":[{"name":"lb1bepool","id":"/subscriptions/00000000-0000-0000-0000-000000000000/resourceGroups/cli_test_network_private_link_service000001/providers/Microsoft.Network/loadBalancers/lb1/backendAddressPools/lb1bepool","etag":"W/\"ae5b4dc8-3d61-460d-b7d1-a83ea82540d7\"","properties":{"provisioningState":"Succeeded","loadBalancerBackendAddresses":[]},"type":"Microsoft.Network/loadBalancers/backendAddressPools"}],"loadBalancingRules":[],"probes":[],"inboundNatRules":[],"outboundRules":[],"inboundNatPools":[]}}},"outputResources":[{"id":"/subscriptions/00000000-0000-0000-0000-000000000000/resourceGroups/cli_test_network_private_link_service000001/providers/Microsoft.Network/loadBalancers/lb1"},{"id":"/subscriptions/00000000-0000-0000-0000-000000000000/resourceGroups/cli_test_network_private_link_service000001/providers/Microsoft.Network/publicIPAddresses/pubip1"}]}}'
    headers:
      cache-control:
      - no-cache
      content-length:
      - '2942'
      content-type:
      - application/json; charset=utf-8
      date:
      - Sat, 28 Jan 2023 12:08:53 GMT
      expires:
      - '-1'
      pragma:
      - no-cache
      strict-transport-security:
      - max-age=31536000; includeSubDomains
      vary:
      - Accept-Encoding
      x-content-type-options:
      - nosniff
    status:
      code: 200
      message: OK
- request:
    body: null
    headers:
      Accept:
      - application/json
      Accept-Encoding:
      - gzip, deflate
      CommandName:
      - network vnet subnet update
      Connection:
      - keep-alive
      ParameterSetName:
      - -g -n --vnet-name --disable-private-link-service-network-policies
      User-Agent:
      - AZURECLI/2.44.1 (AAZ) azsdk-python-core/1.24.0 Python/3.10.9 (Linux-5.15.0-1031-azure-x86_64-with-glibc2.31)
        VSTS_7b238909-6802-4b65-b90d-184bca47f458_build_220_0
    method: GET
    uri: https://management.azure.com/subscriptions/00000000-0000-0000-0000-000000000000/resourceGroups/cli_test_network_private_link_service000001/providers/Microsoft.Network/virtualNetworks/vnet1/subnets/subnet1?api-version=2022-01-01
  response:
    body:
      string: "{\r\n  \"name\": \"subnet1\",\r\n  \"id\": \"/subscriptions/00000000-0000-0000-0000-000000000000/resourceGroups/cli_test_network_private_link_service000001/providers/Microsoft.Network/virtualNetworks/vnet1/subnets/subnet1\",\r\n
        \ \"etag\": \"W/\\\"4033719a-d62f-4a27-865a-5cf3a3425fd7\\\"\",\r\n  \"properties\":
        {\r\n    \"provisioningState\": \"Succeeded\",\r\n    \"addressPrefix\": \"10.0.0.0/24\",\r\n
        \   \"delegations\": [],\r\n    \"privateEndpointNetworkPolicies\": \"Disabled\",\r\n
        \   \"privateLinkServiceNetworkPolicies\": \"Enabled\"\r\n  },\r\n  \"type\":
        \"Microsoft.Network/virtualNetworks/subnets\"\r\n}"
    headers:
      cache-control:
      - no-cache
      content-length:
      - '555'
      content-type:
      - application/json; charset=utf-8
      date:
      - Sat, 28 Jan 2023 12:08:54 GMT
      etag:
      - W/"4033719a-d62f-4a27-865a-5cf3a3425fd7"
      expires:
      - '-1'
      pragma:
      - no-cache
      server:
      - Microsoft-HTTPAPI/2.0
      - Microsoft-HTTPAPI/2.0
      strict-transport-security:
      - max-age=31536000; includeSubDomains
      transfer-encoding:
      - chunked
      vary:
      - Accept-Encoding
      x-content-type-options:
      - nosniff
      x-ms-arm-service-request-id:
      - f596a453-f50d-4f66-bf21-4a42d9a92684
    status:
      code: 200
      message: OK
- request:
    body: '{"id": "/subscriptions/00000000-0000-0000-0000-000000000000/resourceGroups/cli_test_network_private_link_service000001/providers/Microsoft.Network/virtualNetworks/vnet1/subnets/subnet1",
      "name": "subnet1", "properties": {"addressPrefix": "10.0.0.0/24", "delegations":
      [], "privateEndpointNetworkPolicies": "Disabled", "privateLinkServiceNetworkPolicies":
      "Disabled"}, "type": "Microsoft.Network/virtualNetworks/subnets"}'
    headers:
      Accept:
      - application/json
      Accept-Encoding:
      - gzip, deflate
      CommandName:
      - network vnet subnet update
      Connection:
      - keep-alive
      Content-Length:
      - '420'
      Content-Type:
      - application/json
      ParameterSetName:
      - -g -n --vnet-name --disable-private-link-service-network-policies
      User-Agent:
      - AZURECLI/2.44.1 (AAZ) azsdk-python-core/1.24.0 Python/3.10.9 (Linux-5.15.0-1031-azure-x86_64-with-glibc2.31)
        VSTS_7b238909-6802-4b65-b90d-184bca47f458_build_220_0
    method: PUT
    uri: https://management.azure.com/subscriptions/00000000-0000-0000-0000-000000000000/resourceGroups/cli_test_network_private_link_service000001/providers/Microsoft.Network/virtualNetworks/vnet1/subnets/subnet1?api-version=2022-01-01
  response:
    body:
      string: "{\r\n  \"name\": \"subnet1\",\r\n  \"id\": \"/subscriptions/00000000-0000-0000-0000-000000000000/resourceGroups/cli_test_network_private_link_service000001/providers/Microsoft.Network/virtualNetworks/vnet1/subnets/subnet1\",\r\n
        \ \"etag\": \"W/\\\"6add859c-3c92-4583-afb6-5d7e911127bf\\\"\",\r\n  \"properties\":
        {\r\n    \"provisioningState\": \"Updating\",\r\n    \"addressPrefix\": \"10.0.0.0/24\",\r\n
        \   \"delegations\": [],\r\n    \"privateEndpointNetworkPolicies\": \"Disabled\",\r\n
        \   \"privateLinkServiceNetworkPolicies\": \"Disabled\"\r\n  },\r\n  \"type\":
        \"Microsoft.Network/virtualNetworks/subnets\"\r\n}"
    headers:
      azure-asyncnotification:
      - Enabled
      azure-asyncoperation:
      - https://management.azure.com/subscriptions/00000000-0000-0000-0000-000000000000/providers/Microsoft.Network/locations/centralus/operations/969e8981-e456-45cf-bc0c-073371606a39?api-version=2022-01-01
      cache-control:
      - no-cache
      content-length:
      - '555'
      content-type:
      - application/json; charset=utf-8
      date:
      - Sat, 28 Jan 2023 12:08:54 GMT
      expires:
      - '-1'
      pragma:
      - no-cache
      server:
      - Microsoft-HTTPAPI/2.0
      - Microsoft-HTTPAPI/2.0
      strict-transport-security:
      - max-age=31536000; includeSubDomains
      transfer-encoding:
      - chunked
      vary:
      - Accept-Encoding
      x-content-type-options:
      - nosniff
      x-ms-arm-service-request-id:
      - 0bdb71fe-cc6d-4670-8fb3-cea38f09e769
      x-ms-ratelimit-remaining-subscription-writes:
      - '1193'
    status:
      code: 200
      message: OK
- request:
    body: null
    headers:
      Accept:
      - '*/*'
      Accept-Encoding:
      - gzip, deflate
      CommandName:
      - network vnet subnet update
      Connection:
      - keep-alive
      ParameterSetName:
      - -g -n --vnet-name --disable-private-link-service-network-policies
      User-Agent:
      - AZURECLI/2.44.1 (AAZ) azsdk-python-core/1.24.0 Python/3.10.9 (Linux-5.15.0-1031-azure-x86_64-with-glibc2.31)
        VSTS_7b238909-6802-4b65-b90d-184bca47f458_build_220_0
    method: GET
    uri: https://management.azure.com/subscriptions/00000000-0000-0000-0000-000000000000/providers/Microsoft.Network/locations/centralus/operations/969e8981-e456-45cf-bc0c-073371606a39?api-version=2022-01-01
  response:
    body:
      string: "{\r\n  \"status\": \"Succeeded\"\r\n}"
    headers:
      cache-control:
      - no-cache
      content-length:
      - '29'
      content-type:
      - application/json; charset=utf-8
      date:
      - Sat, 28 Jan 2023 12:08:57 GMT
      expires:
      - '-1'
      pragma:
      - no-cache
      server:
      - Microsoft-HTTPAPI/2.0
      - Microsoft-HTTPAPI/2.0
      strict-transport-security:
      - max-age=31536000; includeSubDomains
      transfer-encoding:
      - chunked
      vary:
      - Accept-Encoding
      x-content-type-options:
      - nosniff
      x-ms-arm-service-request-id:
      - 20943734-cdf2-4b8a-9f32-e72d33071892
    status:
      code: 200
      message: OK
- request:
    body: null
    headers:
      Accept:
      - '*/*'
      Accept-Encoding:
      - gzip, deflate
      CommandName:
      - network vnet subnet update
      Connection:
      - keep-alive
      ParameterSetName:
      - -g -n --vnet-name --disable-private-link-service-network-policies
      User-Agent:
      - AZURECLI/2.44.1 (AAZ) azsdk-python-core/1.24.0 Python/3.10.9 (Linux-5.15.0-1031-azure-x86_64-with-glibc2.31)
        VSTS_7b238909-6802-4b65-b90d-184bca47f458_build_220_0
    method: GET
    uri: https://management.azure.com/subscriptions/00000000-0000-0000-0000-000000000000/resourceGroups/cli_test_network_private_link_service000001/providers/Microsoft.Network/virtualNetworks/vnet1/subnets/subnet1?api-version=2022-01-01
  response:
    body:
      string: "{\r\n  \"name\": \"subnet1\",\r\n  \"id\": \"/subscriptions/00000000-0000-0000-0000-000000000000/resourceGroups/cli_test_network_private_link_service000001/providers/Microsoft.Network/virtualNetworks/vnet1/subnets/subnet1\",\r\n
        \ \"etag\": \"W/\\\"d2909438-e2d4-494c-a13a-c083a8ffff73\\\"\",\r\n  \"properties\":
        {\r\n    \"provisioningState\": \"Succeeded\",\r\n    \"addressPrefix\": \"10.0.0.0/24\",\r\n
        \   \"delegations\": [],\r\n    \"privateEndpointNetworkPolicies\": \"Disabled\",\r\n
        \   \"privateLinkServiceNetworkPolicies\": \"Disabled\"\r\n  },\r\n  \"type\":
        \"Microsoft.Network/virtualNetworks/subnets\"\r\n}"
    headers:
      cache-control:
      - no-cache
      content-length:
      - '556'
      content-type:
      - application/json; charset=utf-8
      date:
      - Sat, 28 Jan 2023 12:08:57 GMT
      etag:
      - W/"d2909438-e2d4-494c-a13a-c083a8ffff73"
      expires:
      - '-1'
      pragma:
      - no-cache
      server:
      - Microsoft-HTTPAPI/2.0
      - Microsoft-HTTPAPI/2.0
      strict-transport-security:
      - max-age=31536000; includeSubDomains
      transfer-encoding:
      - chunked
      vary:
      - Accept-Encoding
      x-content-type-options:
      - nosniff
      x-ms-arm-service-request-id:
      - fecb49f3-0000-41da-8b1f-1203bac29132
    status:
      code: 200
      message: OK
- request:
    body: '{"name": "subnet2", "properties": {"addressPrefix": "10.0.2.0/24"}}'
    headers:
      Accept:
      - application/json
      Accept-Encoding:
      - gzip, deflate
      CommandName:
      - network vnet subnet create
      Connection:
      - keep-alive
      Content-Length:
      - '67'
      Content-Type:
      - application/json
      ParameterSetName:
      - -g -n --vnet-name --address-prefixes
      User-Agent:
      - AZURECLI/2.44.1 (AAZ) azsdk-python-core/1.24.0 Python/3.10.9 (Linux-5.15.0-1031-azure-x86_64-with-glibc2.31)
        VSTS_7b238909-6802-4b65-b90d-184bca47f458_build_220_0
    method: PUT
    uri: https://management.azure.com/subscriptions/00000000-0000-0000-0000-000000000000/resourceGroups/cli_test_network_private_link_service000001/providers/Microsoft.Network/virtualNetworks/vnet1/subnets/subnet2?api-version=2022-01-01
  response:
    body:
      string: "{\r\n  \"name\": \"subnet2\",\r\n  \"id\": \"/subscriptions/00000000-0000-0000-0000-000000000000/resourceGroups/cli_test_network_private_link_service000001/providers/Microsoft.Network/virtualNetworks/vnet1/subnets/subnet2\",\r\n
        \ \"etag\": \"W/\\\"4aa57d70-df8c-4127-baa2-a1fa8e31d7ff\\\"\",\r\n  \"properties\":
        {\r\n    \"provisioningState\": \"Updating\",\r\n    \"addressPrefix\": \"10.0.2.0/24\",\r\n
        \   \"delegations\": [],\r\n    \"privateEndpointNetworkPolicies\": \"Disabled\",\r\n
        \   \"privateLinkServiceNetworkPolicies\": \"Enabled\"\r\n  },\r\n  \"type\":
        \"Microsoft.Network/virtualNetworks/subnets\"\r\n}"
    headers:
      azure-asyncnotification:
      - Enabled
      azure-asyncoperation:
      - https://management.azure.com/subscriptions/00000000-0000-0000-0000-000000000000/providers/Microsoft.Network/locations/centralus/operations/301f6cda-02c4-4e45-b0d8-9d43d3ca9f97?api-version=2022-01-01
      cache-control:
      - no-cache
      content-length:
      - '554'
      content-type:
      - application/json; charset=utf-8
      date:
      - Sat, 28 Jan 2023 12:08:58 GMT
      expires:
      - '-1'
      pragma:
      - no-cache
      server:
      - Microsoft-HTTPAPI/2.0
      - Microsoft-HTTPAPI/2.0
      strict-transport-security:
      - max-age=31536000; includeSubDomains
      x-content-type-options:
      - nosniff
      x-ms-arm-service-request-id:
      - c239f56d-f3a0-4291-86e0-5b390644c955
      x-ms-ratelimit-remaining-subscription-writes:
      - '1194'
    status:
      code: 201
      message: Created
- request:
    body: null
    headers:
      Accept:
      - '*/*'
      Accept-Encoding:
      - gzip, deflate
      CommandName:
      - network vnet subnet create
      Connection:
      - keep-alive
      ParameterSetName:
      - -g -n --vnet-name --address-prefixes
      User-Agent:
      - AZURECLI/2.44.1 (AAZ) azsdk-python-core/1.24.0 Python/3.10.9 (Linux-5.15.0-1031-azure-x86_64-with-glibc2.31)
        VSTS_7b238909-6802-4b65-b90d-184bca47f458_build_220_0
    method: GET
    uri: https://management.azure.com/subscriptions/00000000-0000-0000-0000-000000000000/providers/Microsoft.Network/locations/centralus/operations/301f6cda-02c4-4e45-b0d8-9d43d3ca9f97?api-version=2022-01-01
  response:
    body:
      string: "{\r\n  \"status\": \"Succeeded\"\r\n}"
    headers:
      cache-control:
      - no-cache
      content-length:
      - '29'
      content-type:
      - application/json; charset=utf-8
      date:
      - Sat, 28 Jan 2023 12:09:01 GMT
      expires:
      - '-1'
      pragma:
      - no-cache
      server:
      - Microsoft-HTTPAPI/2.0
      - Microsoft-HTTPAPI/2.0
      strict-transport-security:
      - max-age=31536000; includeSubDomains
      transfer-encoding:
      - chunked
      vary:
      - Accept-Encoding
      x-content-type-options:
      - nosniff
      x-ms-arm-service-request-id:
      - 540c3f07-3137-4e54-aaa5-b33423106075
    status:
      code: 200
      message: OK
- request:
    body: null
    headers:
      Accept:
      - '*/*'
      Accept-Encoding:
      - gzip, deflate
      CommandName:
      - network vnet subnet create
      Connection:
      - keep-alive
      ParameterSetName:
      - -g -n --vnet-name --address-prefixes
      User-Agent:
      - AZURECLI/2.44.1 (AAZ) azsdk-python-core/1.24.0 Python/3.10.9 (Linux-5.15.0-1031-azure-x86_64-with-glibc2.31)
        VSTS_7b238909-6802-4b65-b90d-184bca47f458_build_220_0
    method: GET
    uri: https://management.azure.com/subscriptions/00000000-0000-0000-0000-000000000000/resourceGroups/cli_test_network_private_link_service000001/providers/Microsoft.Network/virtualNetworks/vnet1/subnets/subnet2?api-version=2022-01-01
  response:
    body:
      string: "{\r\n  \"name\": \"subnet2\",\r\n  \"id\": \"/subscriptions/00000000-0000-0000-0000-000000000000/resourceGroups/cli_test_network_private_link_service000001/providers/Microsoft.Network/virtualNetworks/vnet1/subnets/subnet2\",\r\n
        \ \"etag\": \"W/\\\"646f542f-30fa-49e3-8ddb-dbc032870ec9\\\"\",\r\n  \"properties\":
        {\r\n    \"provisioningState\": \"Succeeded\",\r\n    \"addressPrefix\": \"10.0.2.0/24\",\r\n
        \   \"delegations\": [],\r\n    \"privateEndpointNetworkPolicies\": \"Disabled\",\r\n
        \   \"privateLinkServiceNetworkPolicies\": \"Enabled\"\r\n  },\r\n  \"type\":
        \"Microsoft.Network/virtualNetworks/subnets\"\r\n}"
    headers:
      cache-control:
      - no-cache
      content-length:
      - '555'
      content-type:
      - application/json; charset=utf-8
      date:
      - Sat, 28 Jan 2023 12:09:01 GMT
      etag:
      - W/"646f542f-30fa-49e3-8ddb-dbc032870ec9"
      expires:
      - '-1'
      pragma:
      - no-cache
      server:
      - Microsoft-HTTPAPI/2.0
      - Microsoft-HTTPAPI/2.0
      strict-transport-security:
      - max-age=31536000; includeSubDomains
      transfer-encoding:
      - chunked
      vary:
      - Accept-Encoding
      x-content-type-options:
      - nosniff
      x-ms-arm-service-request-id:
      - 206a597b-7808-4dc8-8d7a-6b39c4ce51f8
    status:
      code: 200
      message: OK
- request:
    body: null
    headers:
      Accept:
      - application/json
      Accept-Encoding:
      - gzip, deflate
      CommandName:
      - network vnet subnet update
      Connection:
      - keep-alive
      ParameterSetName:
      - -g -n --vnet-name --disable-private-endpoint-network-policies
      User-Agent:
      - AZURECLI/2.44.1 (AAZ) azsdk-python-core/1.24.0 Python/3.10.9 (Linux-5.15.0-1031-azure-x86_64-with-glibc2.31)
        VSTS_7b238909-6802-4b65-b90d-184bca47f458_build_220_0
    method: GET
    uri: https://management.azure.com/subscriptions/00000000-0000-0000-0000-000000000000/resourceGroups/cli_test_network_private_link_service000001/providers/Microsoft.Network/virtualNetworks/vnet1/subnets/subnet2?api-version=2022-01-01
  response:
    body:
      string: "{\r\n  \"name\": \"subnet2\",\r\n  \"id\": \"/subscriptions/00000000-0000-0000-0000-000000000000/resourceGroups/cli_test_network_private_link_service000001/providers/Microsoft.Network/virtualNetworks/vnet1/subnets/subnet2\",\r\n
        \ \"etag\": \"W/\\\"646f542f-30fa-49e3-8ddb-dbc032870ec9\\\"\",\r\n  \"properties\":
        {\r\n    \"provisioningState\": \"Succeeded\",\r\n    \"addressPrefix\": \"10.0.2.0/24\",\r\n
        \   \"delegations\": [],\r\n    \"privateEndpointNetworkPolicies\": \"Disabled\",\r\n
        \   \"privateLinkServiceNetworkPolicies\": \"Enabled\"\r\n  },\r\n  \"type\":
        \"Microsoft.Network/virtualNetworks/subnets\"\r\n}"
    headers:
      cache-control:
      - no-cache
      content-length:
      - '555'
      content-type:
      - application/json; charset=utf-8
      date:
      - Sat, 28 Jan 2023 12:09:02 GMT
      etag:
      - W/"646f542f-30fa-49e3-8ddb-dbc032870ec9"
      expires:
      - '-1'
      pragma:
      - no-cache
      server:
      - Microsoft-HTTPAPI/2.0
      - Microsoft-HTTPAPI/2.0
      strict-transport-security:
      - max-age=31536000; includeSubDomains
      transfer-encoding:
      - chunked
      vary:
      - Accept-Encoding
      x-content-type-options:
      - nosniff
      x-ms-arm-service-request-id:
      - 69031d1b-eb2c-4e74-932a-a09ac608b5ef
    status:
      code: 200
      message: OK
- request:
    body: '{"id": "/subscriptions/00000000-0000-0000-0000-000000000000/resourceGroups/cli_test_network_private_link_service000001/providers/Microsoft.Network/virtualNetworks/vnet1/subnets/subnet2",
      "name": "subnet2", "properties": {"addressPrefix": "10.0.2.0/24", "delegations":
      [], "privateEndpointNetworkPolicies": "Disabled", "privateLinkServiceNetworkPolicies":
      "Enabled"}, "type": "Microsoft.Network/virtualNetworks/subnets"}'
    headers:
      Accept:
      - application/json
      Accept-Encoding:
      - gzip, deflate
      CommandName:
      - network vnet subnet update
      Connection:
      - keep-alive
      Content-Length:
      - '419'
      Content-Type:
      - application/json
      ParameterSetName:
      - -g -n --vnet-name --disable-private-endpoint-network-policies
      User-Agent:
      - AZURECLI/2.44.1 (AAZ) azsdk-python-core/1.24.0 Python/3.10.9 (Linux-5.15.0-1031-azure-x86_64-with-glibc2.31)
        VSTS_7b238909-6802-4b65-b90d-184bca47f458_build_220_0
    method: PUT
    uri: https://management.azure.com/subscriptions/00000000-0000-0000-0000-000000000000/resourceGroups/cli_test_network_private_link_service000001/providers/Microsoft.Network/virtualNetworks/vnet1/subnets/subnet2?api-version=2022-01-01
  response:
    body:
      string: "{\r\n  \"name\": \"subnet2\",\r\n  \"id\": \"/subscriptions/00000000-0000-0000-0000-000000000000/resourceGroups/cli_test_network_private_link_service000001/providers/Microsoft.Network/virtualNetworks/vnet1/subnets/subnet2\",\r\n
        \ \"etag\": \"W/\\\"69ac04b0-0643-4c1a-9df4-c33ae6af9811\\\"\",\r\n  \"properties\":
        {\r\n    \"provisioningState\": \"Succeeded\",\r\n    \"addressPrefix\": \"10.0.2.0/24\",\r\n
        \   \"delegations\": [],\r\n    \"privateEndpointNetworkPolicies\": \"Disabled\",\r\n
        \   \"privateLinkServiceNetworkPolicies\": \"Enabled\"\r\n  },\r\n  \"type\":
        \"Microsoft.Network/virtualNetworks/subnets\"\r\n}"
    headers:
      azure-asyncnotification:
      - Enabled
      azure-asyncoperation:
      - https://management.azure.com/subscriptions/00000000-0000-0000-0000-000000000000/providers/Microsoft.Network/locations/centralus/operations/6a8dfb86-80df-433e-8110-ecabc69f5f80?api-version=2022-01-01
      cache-control:
      - no-cache
      content-length:
      - '555'
      content-type:
      - application/json; charset=utf-8
      date:
      - Sat, 28 Jan 2023 12:09:03 GMT
      expires:
      - '-1'
      pragma:
      - no-cache
      server:
      - Microsoft-HTTPAPI/2.0
      - Microsoft-HTTPAPI/2.0
      strict-transport-security:
      - max-age=31536000; includeSubDomains
      transfer-encoding:
      - chunked
      vary:
      - Accept-Encoding
      x-content-type-options:
      - nosniff
      x-ms-arm-service-request-id:
      - 05becbc3-5ad0-411f-8bf1-0c0663a9447b
      x-ms-ratelimit-remaining-subscription-writes:
      - '1195'
    status:
      code: 200
      message: OK
- request:
    body: null
    headers:
      Accept:
      - '*/*'
      Accept-Encoding:
      - gzip, deflate
      CommandName:
      - network vnet subnet update
      Connection:
      - keep-alive
      ParameterSetName:
      - -g -n --vnet-name --disable-private-endpoint-network-policies
      User-Agent:
      - AZURECLI/2.44.1 (AAZ) azsdk-python-core/1.24.0 Python/3.10.9 (Linux-5.15.0-1031-azure-x86_64-with-glibc2.31)
        VSTS_7b238909-6802-4b65-b90d-184bca47f458_build_220_0
    method: GET
    uri: https://management.azure.com/subscriptions/00000000-0000-0000-0000-000000000000/providers/Microsoft.Network/locations/centralus/operations/6a8dfb86-80df-433e-8110-ecabc69f5f80?api-version=2022-01-01
  response:
    body:
      string: "{\r\n  \"status\": \"Succeeded\"\r\n}"
    headers:
      cache-control:
      - no-cache
      content-length:
      - '29'
      content-type:
      - application/json; charset=utf-8
      date:
      - Sat, 28 Jan 2023 12:09:32 GMT
      expires:
      - '-1'
      pragma:
      - no-cache
      server:
      - Microsoft-HTTPAPI/2.0
      - Microsoft-HTTPAPI/2.0
      strict-transport-security:
      - max-age=31536000; includeSubDomains
      transfer-encoding:
      - chunked
      vary:
      - Accept-Encoding
      x-content-type-options:
      - nosniff
      x-ms-arm-service-request-id:
      - eb05dfdc-8357-418e-899c-40db1223bc30
    status:
      code: 200
      message: OK
- request:
    body: null
    headers:
      Accept:
      - '*/*'
      Accept-Encoding:
      - gzip, deflate
      CommandName:
      - network vnet subnet update
      Connection:
      - keep-alive
      ParameterSetName:
      - -g -n --vnet-name --disable-private-endpoint-network-policies
      User-Agent:
      - AZURECLI/2.44.1 (AAZ) azsdk-python-core/1.24.0 Python/3.10.9 (Linux-5.15.0-1031-azure-x86_64-with-glibc2.31)
        VSTS_7b238909-6802-4b65-b90d-184bca47f458_build_220_0
    method: GET
    uri: https://management.azure.com/subscriptions/00000000-0000-0000-0000-000000000000/resourceGroups/cli_test_network_private_link_service000001/providers/Microsoft.Network/virtualNetworks/vnet1/subnets/subnet2?api-version=2022-01-01
  response:
    body:
      string: "{\r\n  \"name\": \"subnet2\",\r\n  \"id\": \"/subscriptions/00000000-0000-0000-0000-000000000000/resourceGroups/cli_test_network_private_link_service000001/providers/Microsoft.Network/virtualNetworks/vnet1/subnets/subnet2\",\r\n
        \ \"etag\": \"W/\\\"69ac04b0-0643-4c1a-9df4-c33ae6af9811\\\"\",\r\n  \"properties\":
        {\r\n    \"provisioningState\": \"Succeeded\",\r\n    \"addressPrefix\": \"10.0.2.0/24\",\r\n
        \   \"delegations\": [],\r\n    \"privateEndpointNetworkPolicies\": \"Disabled\",\r\n
        \   \"privateLinkServiceNetworkPolicies\": \"Enabled\"\r\n  },\r\n  \"type\":
        \"Microsoft.Network/virtualNetworks/subnets\"\r\n}"
    headers:
      cache-control:
      - no-cache
      content-length:
      - '555'
      content-type:
      - application/json; charset=utf-8
      date:
      - Sat, 28 Jan 2023 12:09:33 GMT
      etag:
      - W/"69ac04b0-0643-4c1a-9df4-c33ae6af9811"
      expires:
      - '-1'
      pragma:
      - no-cache
      server:
      - Microsoft-HTTPAPI/2.0
      - Microsoft-HTTPAPI/2.0
      strict-transport-security:
      - max-age=31536000; includeSubDomains
      transfer-encoding:
      - chunked
      vary:
      - Accept-Encoding
      x-content-type-options:
      - nosniff
      x-ms-arm-service-request-id:
      - fd14e09c-bb8e-447b-8295-a8ee080c7eb0
    status:
      code: 200
      message: OK
- request:
    body: '{"location": "centralus", "properties": {"enableProxyProtocol": true, "ipConfigurations":
      [{"name": "lks1_ipconfig_0", "properties": {"privateIPAddressVersion": "IPv4",
      "subnet": {"id": "/subscriptions/00000000-0000-0000-0000-000000000000/resourceGroups/cli_test_network_private_link_service000001/providers/Microsoft.Network/virtualNetworks/vnet1/subnets/subnet1"}}}],
      "loadBalancerFrontendIpConfigurations": [{"id": "/subscriptions/00000000-0000-0000-0000-000000000000/resourceGroups/cli_test_network_private_link_service000001/providers/Microsoft.Network/loadBalancers/lb1/frontendIpConfigurations/LoadBalancerFrontEnd"}]}}'
    headers:
      Accept:
      - application/json
      Accept-Encoding:
      - gzip, deflate
      CommandName:
      - network private-link-service create
      Connection:
      - keep-alive
      Content-Length:
      - '626'
      Content-Type:
      - application/json
      ParameterSetName:
      - -g -n --vnet-name --subnet --lb-name --lb-frontend-ip-configs -l --enable-proxy-protocol
      User-Agent:
      - AZURECLI/2.44.1 (AAZ) azsdk-python-core/1.24.0 Python/3.10.9 (Linux-5.15.0-1031-azure-x86_64-with-glibc2.31)
        VSTS_7b238909-6802-4b65-b90d-184bca47f458_build_220_0
    method: PUT
    uri: https://management.azure.com/subscriptions/00000000-0000-0000-0000-000000000000/resourceGroups/cli_test_network_private_link_service000001/providers/Microsoft.Network/privateLinkServices/lks1?api-version=2022-01-01
  response:
    body:
      string: "{\r\n  \"name\": \"lks1\",\r\n  \"id\": \"/subscriptions/00000000-0000-0000-0000-000000000000/resourceGroups/cli_test_network_private_link_service000001/providers/Microsoft.Network/privateLinkServices/lks1\",\r\n
        \ \"etag\": \"W/\\\"3287e5ee-efb0-4009-a14f-e1e5b3cc4095\\\"\",\r\n  \"type\":
        \"Microsoft.Network/privateLinkServices\",\r\n  \"location\": \"centralus\",\r\n
        \ \"properties\": {\r\n    \"provisioningState\": \"Updating\",\r\n    \"resourceGuid\":
        \"217aef92-b0a9-4ccc-92fb-3083434e6587\",\r\n    \"fqdns\": [],\r\n    \"alias\":
        \"lks1.9cba90df-a385-4b38-950e-82b904122427.centralus.azure.privatelinkservice\",\r\n
        \   \"enableProxyProtocol\": true,\r\n    \"loadBalancerFrontendIpConfigurations\":
        [\r\n      {\r\n        \"id\": \"/subscriptions/00000000-0000-0000-0000-000000000000/resourceGroups/cli_test_network_private_link_service000001/providers/Microsoft.Network/loadBalancers/lb1/frontendIPConfigurations/LoadBalancerFrontEnd\"\r\n
        \     }\r\n    ],\r\n    \"ipConfigurations\": [\r\n      {\r\n        \"name\":
        \"lks1_ipconfig_0\",\r\n        \"id\": \"/subscriptions/00000000-0000-0000-0000-000000000000/resourceGroups/cli_test_network_private_link_service000001/providers/Microsoft.Network/privateLinkServices/lks1/ipConfigurations/lks1_ipconfig_0\",\r\n
        \       \"etag\": \"W/\\\"3287e5ee-efb0-4009-a14f-e1e5b3cc4095\\\"\",\r\n
        \       \"type\": \"Microsoft.Network/privateLinkServices/ipConfigurations\",\r\n
        \       \"properties\": {\r\n          \"provisioningState\": \"Succeeded\",\r\n
        \         \"privateIPAllocationMethod\": \"Dynamic\",\r\n          \"subnet\":
        {\r\n            \"id\": \"/subscriptions/00000000-0000-0000-0000-000000000000/resourceGroups/cli_test_network_private_link_service000001/providers/Microsoft.Network/virtualNetworks/vnet1/subnets/subnet1\"\r\n
        \         },\r\n          \"primary\": true,\r\n          \"privateIPAddressVersion\":
        \"IPv4\"\r\n        }\r\n      }\r\n    ],\r\n    \"privateEndpointConnections\":
        [],\r\n    \"networkInterfaces\": [\r\n      {\r\n        \"id\": \"/subscriptions/00000000-0000-0000-0000-000000000000/resourceGroups/cli_test_network_private_link_service000001/providers/Microsoft.Network/networkInterfaces/lks1.nic.c4b410ab-14ee-4412-9ef0-95af4552c10d\"\r\n
        \     }\r\n    ]\r\n  }\r\n}"
    headers:
      azure-asyncnotification:
      - Enabled
      azure-asyncoperation:
      - https://management.azure.com/subscriptions/00000000-0000-0000-0000-000000000000/providers/Microsoft.Network/locations/centralus/operations/8f57e0e5-f728-4cf4-a9c3-84800800ee22?api-version=2022-01-01
      cache-control:
      - no-cache
      content-length:
      - '2092'
      content-type:
      - application/json; charset=utf-8
      date:
      - Sat, 28 Jan 2023 12:09:35 GMT
      expires:
      - '-1'
      pragma:
      - no-cache
      server:
      - Microsoft-HTTPAPI/2.0
      - Microsoft-HTTPAPI/2.0
      strict-transport-security:
      - max-age=31536000; includeSubDomains
      x-content-type-options:
      - nosniff
      x-ms-arm-service-request-id:
      - 8f0e9483-6fa9-48ee-9853-1f9f37167e77
      x-ms-ratelimit-remaining-subscription-writes:
      - '1193'
    status:
      code: 201
      message: Created
- request:
    body: null
    headers:
      Accept:
      - '*/*'
      Accept-Encoding:
      - gzip, deflate
      CommandName:
      - network private-link-service create
      Connection:
      - keep-alive
      ParameterSetName:
      - -g -n --vnet-name --subnet --lb-name --lb-frontend-ip-configs -l --enable-proxy-protocol
      User-Agent:
      - AZURECLI/2.44.1 (AAZ) azsdk-python-core/1.24.0 Python/3.10.9 (Linux-5.15.0-1031-azure-x86_64-with-glibc2.31)
        VSTS_7b238909-6802-4b65-b90d-184bca47f458_build_220_0
    method: GET
    uri: https://management.azure.com/subscriptions/00000000-0000-0000-0000-000000000000/providers/Microsoft.Network/locations/centralus/operations/8f57e0e5-f728-4cf4-a9c3-84800800ee22?api-version=2022-01-01
  response:
    body:
      string: "{\r\n  \"status\": \"Succeeded\"\r\n}"
    headers:
      cache-control:
      - no-cache
      content-length:
      - '29'
      content-type:
      - application/json; charset=utf-8
      date:
      - Sat, 28 Jan 2023 12:09:45 GMT
      expires:
      - '-1'
      pragma:
      - no-cache
      server:
      - Microsoft-HTTPAPI/2.0
      - Microsoft-HTTPAPI/2.0
      strict-transport-security:
      - max-age=31536000; includeSubDomains
      transfer-encoding:
      - chunked
      vary:
      - Accept-Encoding
      x-content-type-options:
      - nosniff
      x-ms-arm-service-request-id:
      - 70d01b10-791f-4ee2-90f6-1d464ec9e804
    status:
      code: 200
      message: OK
- request:
    body: null
    headers:
      Accept:
      - '*/*'
      Accept-Encoding:
      - gzip, deflate
      CommandName:
      - network private-link-service create
      Connection:
      - keep-alive
      ParameterSetName:
      - -g -n --vnet-name --subnet --lb-name --lb-frontend-ip-configs -l --enable-proxy-protocol
      User-Agent:
      - AZURECLI/2.44.1 (AAZ) azsdk-python-core/1.24.0 Python/3.10.9 (Linux-5.15.0-1031-azure-x86_64-with-glibc2.31)
        VSTS_7b238909-6802-4b65-b90d-184bca47f458_build_220_0
    method: GET
    uri: https://management.azure.com/subscriptions/00000000-0000-0000-0000-000000000000/resourceGroups/cli_test_network_private_link_service000001/providers/Microsoft.Network/privateLinkServices/lks1?api-version=2022-01-01
  response:
    body:
      string: "{\r\n  \"name\": \"lks1\",\r\n  \"id\": \"/subscriptions/00000000-0000-0000-0000-000000000000/resourceGroups/cli_test_network_private_link_service000001/providers/Microsoft.Network/privateLinkServices/lks1\",\r\n
        \ \"etag\": \"W/\\\"a9fe2ded-24ff-4345-881c-e5e1b992a220\\\"\",\r\n  \"type\":
        \"Microsoft.Network/privateLinkServices\",\r\n  \"location\": \"centralus\",\r\n
        \ \"properties\": {\r\n    \"provisioningState\": \"Succeeded\",\r\n    \"resourceGuid\":
        \"217aef92-b0a9-4ccc-92fb-3083434e6587\",\r\n    \"fqdns\": [],\r\n    \"alias\":
        \"lks1.9cba90df-a385-4b38-950e-82b904122427.centralus.azure.privatelinkservice\",\r\n
        \   \"enableProxyProtocol\": true,\r\n    \"loadBalancerFrontendIpConfigurations\":
        [\r\n      {\r\n        \"id\": \"/subscriptions/00000000-0000-0000-0000-000000000000/resourceGroups/cli_test_network_private_link_service000001/providers/Microsoft.Network/loadBalancers/lb1/frontendIPConfigurations/LoadBalancerFrontEnd\"\r\n
        \     }\r\n    ],\r\n    \"ipConfigurations\": [\r\n      {\r\n        \"name\":
        \"lks1_ipconfig_0\",\r\n        \"id\": \"/subscriptions/00000000-0000-0000-0000-000000000000/resourceGroups/cli_test_network_private_link_service000001/providers/Microsoft.Network/privateLinkServices/lks1/ipConfigurations/lks1_ipconfig_0\",\r\n
        \       \"etag\": \"W/\\\"a9fe2ded-24ff-4345-881c-e5e1b992a220\\\"\",\r\n
        \       \"type\": \"Microsoft.Network/privateLinkServices/ipConfigurations\",\r\n
        \       \"properties\": {\r\n          \"provisioningState\": \"Succeeded\",\r\n
        \         \"privateIPAllocationMethod\": \"Dynamic\",\r\n          \"subnet\":
        {\r\n            \"id\": \"/subscriptions/00000000-0000-0000-0000-000000000000/resourceGroups/cli_test_network_private_link_service000001/providers/Microsoft.Network/virtualNetworks/vnet1/subnets/subnet1\"\r\n
        \         },\r\n          \"primary\": true,\r\n          \"privateIPAddressVersion\":
        \"IPv4\"\r\n        }\r\n      }\r\n    ],\r\n    \"privateEndpointConnections\":
        [],\r\n    \"networkInterfaces\": [\r\n      {\r\n        \"id\": \"/subscriptions/00000000-0000-0000-0000-000000000000/resourceGroups/cli_test_network_private_link_service000001/providers/Microsoft.Network/networkInterfaces/lks1.nic.c4b410ab-14ee-4412-9ef0-95af4552c10d\"\r\n
        \     }\r\n    ]\r\n  }\r\n}"
    headers:
      cache-control:
      - no-cache
      content-length:
      - '2093'
      content-type:
      - application/json; charset=utf-8
      date:
      - Sat, 28 Jan 2023 12:09:45 GMT
      etag:
      - W/"a9fe2ded-24ff-4345-881c-e5e1b992a220"
      expires:
      - '-1'
      pragma:
      - no-cache
      server:
      - Microsoft-HTTPAPI/2.0
      - Microsoft-HTTPAPI/2.0
      strict-transport-security:
      - max-age=31536000; includeSubDomains
      transfer-encoding:
      - chunked
      vary:
      - Accept-Encoding
      x-content-type-options:
      - nosniff
      x-ms-arm-service-request-id:
      - 03cddbce-3987-4686-94b8-3512d8487a0b
    status:
      code: 200
      message: OK
- request:
    body: null
    headers:
      Accept:
      - application/json
      Accept-Encoding:
      - gzip, deflate
      CommandName:
      - network private-link-service update
      Connection:
      - keep-alive
      ParameterSetName:
      - -g -n --visibility --auto-approval --enable-proxy-protocol
      User-Agent:
      - AZURECLI/2.44.1 (AAZ) azsdk-python-core/1.24.0 Python/3.10.9 (Linux-5.15.0-1031-azure-x86_64-with-glibc2.31)
        VSTS_7b238909-6802-4b65-b90d-184bca47f458_build_220_0
    method: GET
    uri: https://management.azure.com/subscriptions/00000000-0000-0000-0000-000000000000/resourceGroups/cli_test_network_private_link_service000001/providers/Microsoft.Network/privateLinkServices/lks1?api-version=2022-01-01
  response:
    body:
      string: "{\r\n  \"name\": \"lks1\",\r\n  \"id\": \"/subscriptions/00000000-0000-0000-0000-000000000000/resourceGroups/cli_test_network_private_link_service000001/providers/Microsoft.Network/privateLinkServices/lks1\",\r\n
        \ \"etag\": \"W/\\\"a9fe2ded-24ff-4345-881c-e5e1b992a220\\\"\",\r\n  \"type\":
        \"Microsoft.Network/privateLinkServices\",\r\n  \"location\": \"centralus\",\r\n
        \ \"properties\": {\r\n    \"provisioningState\": \"Succeeded\",\r\n    \"resourceGuid\":
        \"217aef92-b0a9-4ccc-92fb-3083434e6587\",\r\n    \"fqdns\": [],\r\n    \"alias\":
        \"lks1.9cba90df-a385-4b38-950e-82b904122427.centralus.azure.privatelinkservice\",\r\n
        \   \"enableProxyProtocol\": true,\r\n    \"loadBalancerFrontendIpConfigurations\":
        [\r\n      {\r\n        \"id\": \"/subscriptions/00000000-0000-0000-0000-000000000000/resourceGroups/cli_test_network_private_link_service000001/providers/Microsoft.Network/loadBalancers/lb1/frontendIPConfigurations/LoadBalancerFrontEnd\"\r\n
        \     }\r\n    ],\r\n    \"ipConfigurations\": [\r\n      {\r\n        \"name\":
        \"lks1_ipconfig_0\",\r\n        \"id\": \"/subscriptions/00000000-0000-0000-0000-000000000000/resourceGroups/cli_test_network_private_link_service000001/providers/Microsoft.Network/privateLinkServices/lks1/ipConfigurations/lks1_ipconfig_0\",\r\n
        \       \"etag\": \"W/\\\"a9fe2ded-24ff-4345-881c-e5e1b992a220\\\"\",\r\n
        \       \"type\": \"Microsoft.Network/privateLinkServices/ipConfigurations\",\r\n
        \       \"properties\": {\r\n          \"provisioningState\": \"Succeeded\",\r\n
        \         \"privateIPAllocationMethod\": \"Dynamic\",\r\n          \"subnet\":
        {\r\n            \"id\": \"/subscriptions/00000000-0000-0000-0000-000000000000/resourceGroups/cli_test_network_private_link_service000001/providers/Microsoft.Network/virtualNetworks/vnet1/subnets/subnet1\"\r\n
        \         },\r\n          \"primary\": true,\r\n          \"privateIPAddressVersion\":
        \"IPv4\"\r\n        }\r\n      }\r\n    ],\r\n    \"privateEndpointConnections\":
        [],\r\n    \"networkInterfaces\": [\r\n      {\r\n        \"id\": \"/subscriptions/00000000-0000-0000-0000-000000000000/resourceGroups/cli_test_network_private_link_service000001/providers/Microsoft.Network/networkInterfaces/lks1.nic.c4b410ab-14ee-4412-9ef0-95af4552c10d\"\r\n
        \     }\r\n    ]\r\n  }\r\n}"
    headers:
      cache-control:
      - no-cache
      content-length:
      - '2093'
      content-type:
      - application/json; charset=utf-8
      date:
      - Sat, 28 Jan 2023 12:09:46 GMT
      etag:
      - W/"a9fe2ded-24ff-4345-881c-e5e1b992a220"
      expires:
      - '-1'
      pragma:
      - no-cache
      server:
      - Microsoft-HTTPAPI/2.0
      - Microsoft-HTTPAPI/2.0
      strict-transport-security:
      - max-age=31536000; includeSubDomains
      transfer-encoding:
      - chunked
      vary:
      - Accept-Encoding
      x-content-type-options:
      - nosniff
      x-ms-arm-service-request-id:
      - b6d715d0-45f1-4d2c-b875-96e4b07c2f94
    status:
      code: 200
      message: OK
- request:
    body: '{"id": "/subscriptions/00000000-0000-0000-0000-000000000000/resourceGroups/cli_test_network_private_link_service000001/providers/Microsoft.Network/privateLinkServices/lks1",
      "location": "centralus", "properties": {"autoApproval": {"subscriptions": ["00000000-0000-0000-0000-000000000000",
      "00000000-0000-0000-0000-000000000000"]}, "enableProxyProtocol": false, "fqdns":
      [], "ipConfigurations": [{"id": "/subscriptions/00000000-0000-0000-0000-000000000000/resourceGroups/cli_test_network_private_link_service000001/providers/Microsoft.Network/privateLinkServices/lks1/ipConfigurations/lks1_ipconfig_0",
      "name": "lks1_ipconfig_0", "properties": {"primary": true, "privateIPAddressVersion":
      "IPv4", "privateIPAllocationMethod": "Dynamic", "subnet": {"id": "/subscriptions/00000000-0000-0000-0000-000000000000/resourceGroups/cli_test_network_private_link_service000001/providers/Microsoft.Network/virtualNetworks/vnet1/subnets/subnet1"}}}],
      "loadBalancerFrontendIpConfigurations": [{"id": "/subscriptions/00000000-0000-0000-0000-000000000000/resourceGroups/cli_test_network_private_link_service000001/providers/Microsoft.Network/loadBalancers/lb1/frontendIPConfigurations/LoadBalancerFrontEnd"}],
      "visibility": {"subscriptions": ["00000000-0000-0000-0000-000000000000", "00000000-0000-0000-0000-000000000000"]}}}'
    headers:
      Accept:
      - application/json
      Accept-Encoding:
      - gzip, deflate
      CommandName:
      - network private-link-service update
      Connection:
      - keep-alive
      Content-Length:
      - '1308'
      Content-Type:
      - application/json
      ParameterSetName:
      - -g -n --visibility --auto-approval --enable-proxy-protocol
      User-Agent:
      - AZURECLI/2.44.1 (AAZ) azsdk-python-core/1.24.0 Python/3.10.9 (Linux-5.15.0-1031-azure-x86_64-with-glibc2.31)
        VSTS_7b238909-6802-4b65-b90d-184bca47f458_build_220_0
    method: PUT
    uri: https://management.azure.com/subscriptions/00000000-0000-0000-0000-000000000000/resourceGroups/cli_test_network_private_link_service000001/providers/Microsoft.Network/privateLinkServices/lks1?api-version=2022-01-01
  response:
    body:
      string: "{\r\n  \"name\": \"lks1\",\r\n  \"id\": \"/subscriptions/00000000-0000-0000-0000-000000000000/resourceGroups/cli_test_network_private_link_service000001/providers/Microsoft.Network/privateLinkServices/lks1\",\r\n
        \ \"etag\": \"W/\\\"735982e3-ed52-4d52-b752-d0e5cd2afd6e\\\"\",\r\n  \"type\":
        \"Microsoft.Network/privateLinkServices\",\r\n  \"location\": \"centralus\",\r\n
        \ \"properties\": {\r\n    \"provisioningState\": \"Updating\",\r\n    \"resourceGuid\":
        \"217aef92-b0a9-4ccc-92fb-3083434e6587\",\r\n    \"fqdns\": [],\r\n    \"alias\":
        \"lks1.9cba90df-a385-4b38-950e-82b904122427.centralus.azure.privatelinkservice\",\r\n
        \   \"visibility\": {\r\n      \"subscriptions\": [\r\n        \"00000000-0000-0000-0000-000000000000\",\r\n
        \       \"00000000-0000-0000-0000-000000000000\"\r\n      ]\r\n    },\r\n
        \   \"autoApproval\": {\r\n      \"subscriptions\": [\r\n        \"00000000-0000-0000-0000-000000000000\",\r\n
        \       \"00000000-0000-0000-0000-000000000000\"\r\n      ]\r\n    },\r\n
        \   \"enableProxyProtocol\": false,\r\n    \"loadBalancerFrontendIpConfigurations\":
        [\r\n      {\r\n        \"id\": \"/subscriptions/00000000-0000-0000-0000-000000000000/resourceGroups/cli_test_network_private_link_service000001/providers/Microsoft.Network/loadBalancers/lb1/frontendIPConfigurations/LoadBalancerFrontEnd\"\r\n
        \     }\r\n    ],\r\n    \"ipConfigurations\": [\r\n      {\r\n        \"name\":
        \"lks1_ipconfig_0\",\r\n        \"id\": \"/subscriptions/00000000-0000-0000-0000-000000000000/resourceGroups/cli_test_network_private_link_service000001/providers/Microsoft.Network/privateLinkServices/lks1/ipConfigurations/lks1_ipconfig_0\",\r\n
        \       \"etag\": \"W/\\\"735982e3-ed52-4d52-b752-d0e5cd2afd6e\\\"\",\r\n
        \       \"type\": \"Microsoft.Network/privateLinkServices/ipConfigurations\",\r\n
        \       \"properties\": {\r\n          \"provisioningState\": \"Succeeded\",\r\n
        \         \"privateIPAllocationMethod\": \"Dynamic\",\r\n          \"subnet\":
        {\r\n            \"id\": \"/subscriptions/00000000-0000-0000-0000-000000000000/resourceGroups/cli_test_network_private_link_service000001/providers/Microsoft.Network/virtualNetworks/vnet1/subnets/subnet1\"\r\n
        \         },\r\n          \"primary\": true,\r\n          \"privateIPAddressVersion\":
        \"IPv4\"\r\n        }\r\n      }\r\n    ],\r\n    \"privateEndpointConnections\":
        [],\r\n    \"networkInterfaces\": [\r\n      {\r\n        \"id\": \"/subscriptions/00000000-0000-0000-0000-000000000000/resourceGroups/cli_test_network_private_link_service000001/providers/Microsoft.Network/networkInterfaces/lks1.nic.c4b410ab-14ee-4412-9ef0-95af4552c10d\"\r\n
        \     }\r\n    ]\r\n  }\r\n}"
    headers:
      azure-asyncnotification:
      - Enabled
      azure-asyncoperation:
      - https://management.azure.com/subscriptions/00000000-0000-0000-0000-000000000000/providers/Microsoft.Network/locations/centralus/operations/9919c0a3-4f39-4a3b-8027-9102592f05b6?api-version=2022-01-01
      cache-control:
      - no-cache
      content-length:
      - '2417'
      content-type:
      - application/json; charset=utf-8
      date:
      - Sat, 28 Jan 2023 12:09:47 GMT
      expires:
      - '-1'
      pragma:
      - no-cache
      server:
      - Microsoft-HTTPAPI/2.0
      - Microsoft-HTTPAPI/2.0
      strict-transport-security:
      - max-age=31536000; includeSubDomains
      transfer-encoding:
      - chunked
      vary:
      - Accept-Encoding
      x-content-type-options:
      - nosniff
      x-ms-arm-service-request-id:
      - c9332b70-181a-4226-b2cd-f5a30812fe48
      x-ms-ratelimit-remaining-subscription-writes:
      - '1195'
    status:
      code: 200
      message: OK
- request:
    body: null
    headers:
      Accept:
      - '*/*'
      Accept-Encoding:
      - gzip, deflate
      CommandName:
      - network private-link-service update
      Connection:
      - keep-alive
      ParameterSetName:
      - -g -n --visibility --auto-approval --enable-proxy-protocol
      User-Agent:
      - AZURECLI/2.44.1 (AAZ) azsdk-python-core/1.24.0 Python/3.10.9 (Linux-5.15.0-1031-azure-x86_64-with-glibc2.31)
        VSTS_7b238909-6802-4b65-b90d-184bca47f458_build_220_0
    method: GET
    uri: https://management.azure.com/subscriptions/00000000-0000-0000-0000-000000000000/providers/Microsoft.Network/locations/centralus/operations/9919c0a3-4f39-4a3b-8027-9102592f05b6?api-version=2022-01-01
  response:
    body:
      string: "{\r\n  \"status\": \"Succeeded\"\r\n}"
    headers:
      cache-control:
      - no-cache
      content-length:
      - '29'
      content-type:
      - application/json; charset=utf-8
      date:
      - Sat, 28 Jan 2023 12:09:57 GMT
      expires:
      - '-1'
      pragma:
      - no-cache
      server:
      - Microsoft-HTTPAPI/2.0
      - Microsoft-HTTPAPI/2.0
      strict-transport-security:
      - max-age=31536000; includeSubDomains
      transfer-encoding:
      - chunked
      vary:
      - Accept-Encoding
      x-content-type-options:
      - nosniff
      x-ms-arm-service-request-id:
      - 7b8049c1-f04d-400f-9670-c62267bd7221
    status:
      code: 200
      message: OK
- request:
    body: null
    headers:
      Accept:
      - '*/*'
      Accept-Encoding:
      - gzip, deflate
      CommandName:
      - network private-link-service update
      Connection:
      - keep-alive
      ParameterSetName:
      - -g -n --visibility --auto-approval --enable-proxy-protocol
      User-Agent:
      - AZURECLI/2.44.1 (AAZ) azsdk-python-core/1.24.0 Python/3.10.9 (Linux-5.15.0-1031-azure-x86_64-with-glibc2.31)
        VSTS_7b238909-6802-4b65-b90d-184bca47f458_build_220_0
    method: GET
    uri: https://management.azure.com/subscriptions/00000000-0000-0000-0000-000000000000/resourceGroups/cli_test_network_private_link_service000001/providers/Microsoft.Network/privateLinkServices/lks1?api-version=2022-01-01
  response:
    body:
      string: "{\r\n  \"name\": \"lks1\",\r\n  \"id\": \"/subscriptions/00000000-0000-0000-0000-000000000000/resourceGroups/cli_test_network_private_link_service000001/providers/Microsoft.Network/privateLinkServices/lks1\",\r\n
        \ \"etag\": \"W/\\\"81e72295-45f1-4592-95fa-a80015e876ab\\\"\",\r\n  \"type\":
        \"Microsoft.Network/privateLinkServices\",\r\n  \"location\": \"centralus\",\r\n
        \ \"properties\": {\r\n    \"provisioningState\": \"Succeeded\",\r\n    \"resourceGuid\":
        \"217aef92-b0a9-4ccc-92fb-3083434e6587\",\r\n    \"fqdns\": [],\r\n    \"alias\":
        \"lks1.9cba90df-a385-4b38-950e-82b904122427.centralus.azure.privatelinkservice\",\r\n
        \   \"visibility\": {\r\n      \"subscriptions\": [\r\n        \"00000000-0000-0000-0000-000000000000\",\r\n
        \       \"00000000-0000-0000-0000-000000000000\"\r\n      ]\r\n    },\r\n
        \   \"autoApproval\": {\r\n      \"subscriptions\": [\r\n        \"00000000-0000-0000-0000-000000000000\",\r\n
        \       \"00000000-0000-0000-0000-000000000000\"\r\n      ]\r\n    },\r\n
        \   \"enableProxyProtocol\": false,\r\n    \"loadBalancerFrontendIpConfigurations\":
        [\r\n      {\r\n        \"id\": \"/subscriptions/00000000-0000-0000-0000-000000000000/resourceGroups/cli_test_network_private_link_service000001/providers/Microsoft.Network/loadBalancers/lb1/frontendIPConfigurations/LoadBalancerFrontEnd\"\r\n
        \     }\r\n    ],\r\n    \"ipConfigurations\": [\r\n      {\r\n        \"name\":
        \"lks1_ipconfig_0\",\r\n        \"id\": \"/subscriptions/00000000-0000-0000-0000-000000000000/resourceGroups/cli_test_network_private_link_service000001/providers/Microsoft.Network/privateLinkServices/lks1/ipConfigurations/lks1_ipconfig_0\",\r\n
        \       \"etag\": \"W/\\\"81e72295-45f1-4592-95fa-a80015e876ab\\\"\",\r\n
        \       \"type\": \"Microsoft.Network/privateLinkServices/ipConfigurations\",\r\n
        \       \"properties\": {\r\n          \"provisioningState\": \"Succeeded\",\r\n
        \         \"privateIPAllocationMethod\": \"Dynamic\",\r\n          \"subnet\":
        {\r\n            \"id\": \"/subscriptions/00000000-0000-0000-0000-000000000000/resourceGroups/cli_test_network_private_link_service000001/providers/Microsoft.Network/virtualNetworks/vnet1/subnets/subnet1\"\r\n
        \         },\r\n          \"primary\": true,\r\n          \"privateIPAddressVersion\":
        \"IPv4\"\r\n        }\r\n      }\r\n    ],\r\n    \"privateEndpointConnections\":
        [],\r\n    \"networkInterfaces\": [\r\n      {\r\n        \"id\": \"/subscriptions/00000000-0000-0000-0000-000000000000/resourceGroups/cli_test_network_private_link_service000001/providers/Microsoft.Network/networkInterfaces/lks1.nic.c4b410ab-14ee-4412-9ef0-95af4552c10d\"\r\n
        \     }\r\n    ]\r\n  }\r\n}"
    headers:
      cache-control:
      - no-cache
      content-length:
      - '2418'
      content-type:
      - application/json; charset=utf-8
      date:
      - Sat, 28 Jan 2023 12:09:57 GMT
      etag:
      - W/"81e72295-45f1-4592-95fa-a80015e876ab"
      expires:
      - '-1'
      pragma:
      - no-cache
      server:
      - Microsoft-HTTPAPI/2.0
      - Microsoft-HTTPAPI/2.0
      strict-transport-security:
      - max-age=31536000; includeSubDomains
      transfer-encoding:
      - chunked
      vary:
      - Accept-Encoding
      x-content-type-options:
      - nosniff
      x-ms-arm-service-request-id:
      - 64684c63-8f12-40ab-9a00-4381fe5fd8cd
    status:
      code: 200
      message: OK
- request:
    body: null
    headers:
      Accept:
      - application/json
      Accept-Encoding:
      - gzip, deflate
      CommandName:
      - network private-link-service list
      Connection:
      - keep-alive
      ParameterSetName:
      - -g
      User-Agent:
      - AZURECLI/2.44.1 (AAZ) azsdk-python-core/1.24.0 Python/3.10.9 (Linux-5.15.0-1031-azure-x86_64-with-glibc2.31)
        VSTS_7b238909-6802-4b65-b90d-184bca47f458_build_220_0
    method: GET
    uri: https://management.azure.com/subscriptions/00000000-0000-0000-0000-000000000000/resourceGroups/cli_test_network_private_link_service000001/providers/Microsoft.Network/privateLinkServices?api-version=2022-01-01
  response:
    body:
      string: "{\r\n  \"value\": [\r\n    {\r\n      \"name\": \"lks1\",\r\n      \"id\":
        \"/subscriptions/00000000-0000-0000-0000-000000000000/resourceGroups/cli_test_network_private_link_service000001/providers/Microsoft.Network/privateLinkServices/lks1\",\r\n
        \     \"etag\": \"W/\\\"81e72295-45f1-4592-95fa-a80015e876ab\\\"\",\r\n      \"type\":
        \"Microsoft.Network/privateLinkServices\",\r\n      \"location\": \"centralus\",\r\n
        \     \"properties\": {\r\n        \"provisioningState\": \"Succeeded\",\r\n
        \       \"resourceGuid\": \"217aef92-b0a9-4ccc-92fb-3083434e6587\",\r\n        \"fqdns\":
        [],\r\n        \"alias\": \"lks1.9cba90df-a385-4b38-950e-82b904122427.centralus.azure.privatelinkservice\",\r\n
        \       \"visibility\": {\r\n          \"subscriptions\": [\r\n            \"00000000-0000-0000-0000-000000000000\",\r\n
        \           \"00000000-0000-0000-0000-000000000000\"\r\n          ]\r\n        },\r\n
        \       \"autoApproval\": {\r\n          \"subscriptions\": [\r\n            \"00000000-0000-0000-0000-000000000000\",\r\n
        \           \"00000000-0000-0000-0000-000000000000\"\r\n          ]\r\n        },\r\n
        \       \"enableProxyProtocol\": false,\r\n        \"loadBalancerFrontendIpConfigurations\":
        [\r\n          {\r\n            \"id\": \"/subscriptions/00000000-0000-0000-0000-000000000000/resourceGroups/cli_test_network_private_link_service000001/providers/Microsoft.Network/loadBalancers/lb1/frontendIPConfigurations/LoadBalancerFrontEnd\"\r\n
        \         }\r\n        ],\r\n        \"ipConfigurations\": [\r\n          {\r\n
        \           \"name\": \"lks1_ipconfig_0\",\r\n            \"id\": \"/subscriptions/00000000-0000-0000-0000-000000000000/resourceGroups/cli_test_network_private_link_service000001/providers/Microsoft.Network/privateLinkServices/lks1/ipConfigurations/lks1_ipconfig_0\",\r\n
        \           \"etag\": \"W/\\\"81e72295-45f1-4592-95fa-a80015e876ab\\\"\",\r\n
        \           \"type\": \"Microsoft.Network/privateLinkServices/ipConfigurations\",\r\n
        \           \"properties\": {\r\n              \"provisioningState\": \"Succeeded\",\r\n
        \             \"privateIPAllocationMethod\": \"Dynamic\",\r\n              \"subnet\":
        {\r\n                \"id\": \"/subscriptions/00000000-0000-0000-0000-000000000000/resourceGroups/cli_test_network_private_link_service000001/providers/Microsoft.Network/virtualNetworks/vnet1/subnets/subnet1\"\r\n
        \             },\r\n              \"primary\": true,\r\n              \"privateIPAddressVersion\":
        \"IPv4\"\r\n            }\r\n          }\r\n        ],\r\n        \"privateEndpointConnections\":
        [],\r\n        \"networkInterfaces\": [\r\n          {\r\n            \"id\":
        \"/subscriptions/00000000-0000-0000-0000-000000000000/resourceGroups/cli_test_network_private_link_service000001/providers/Microsoft.Network/networkInterfaces/lks1.nic.c4b410ab-14ee-4412-9ef0-95af4552c10d\"\r\n
        \         }\r\n        ]\r\n      }\r\n    }\r\n  ]\r\n}"
    headers:
      cache-control:
      - no-cache
      content-length:
      - '2659'
      content-type:
      - application/json; charset=utf-8
      date:
      - Sat, 28 Jan 2023 12:09:58 GMT
      expires:
      - '-1'
      pragma:
      - no-cache
      server:
      - Microsoft-HTTPAPI/2.0
      - Microsoft-HTTPAPI/2.0
      strict-transport-security:
      - max-age=31536000; includeSubDomains
      transfer-encoding:
      - chunked
      vary:
      - Accept-Encoding
      x-content-type-options:
      - nosniff
      x-ms-arm-service-request-id:
      - 352f003a-a169-49fd-816a-af454114ee14
    status:
      code: 200
      message: OK
- request:
    body: null
    headers:
      Accept:
      - application/json
      Accept-Encoding:
      - gzip, deflate
      CommandName:
      - network private-link-service show
      Connection:
      - keep-alive
      ParameterSetName:
      - -g -n
      User-Agent:
      - AZURECLI/2.44.1 (AAZ) azsdk-python-core/1.24.0 Python/3.10.9 (Linux-5.15.0-1031-azure-x86_64-with-glibc2.31)
        VSTS_7b238909-6802-4b65-b90d-184bca47f458_build_220_0
    method: GET
    uri: https://management.azure.com/subscriptions/00000000-0000-0000-0000-000000000000/resourceGroups/cli_test_network_private_link_service000001/providers/Microsoft.Network/privateLinkServices/lks1?api-version=2022-01-01
  response:
    body:
      string: "{\r\n  \"name\": \"lks1\",\r\n  \"id\": \"/subscriptions/00000000-0000-0000-0000-000000000000/resourceGroups/cli_test_network_private_link_service000001/providers/Microsoft.Network/privateLinkServices/lks1\",\r\n
        \ \"etag\": \"W/\\\"81e72295-45f1-4592-95fa-a80015e876ab\\\"\",\r\n  \"type\":
        \"Microsoft.Network/privateLinkServices\",\r\n  \"location\": \"centralus\",\r\n
        \ \"properties\": {\r\n    \"provisioningState\": \"Succeeded\",\r\n    \"resourceGuid\":
        \"217aef92-b0a9-4ccc-92fb-3083434e6587\",\r\n    \"fqdns\": [],\r\n    \"alias\":
        \"lks1.9cba90df-a385-4b38-950e-82b904122427.centralus.azure.privatelinkservice\",\r\n
        \   \"visibility\": {\r\n      \"subscriptions\": [\r\n        \"00000000-0000-0000-0000-000000000000\",\r\n
        \       \"00000000-0000-0000-0000-000000000000\"\r\n      ]\r\n    },\r\n
        \   \"autoApproval\": {\r\n      \"subscriptions\": [\r\n        \"00000000-0000-0000-0000-000000000000\",\r\n
        \       \"00000000-0000-0000-0000-000000000000\"\r\n      ]\r\n    },\r\n
        \   \"enableProxyProtocol\": false,\r\n    \"loadBalancerFrontendIpConfigurations\":
        [\r\n      {\r\n        \"id\": \"/subscriptions/00000000-0000-0000-0000-000000000000/resourceGroups/cli_test_network_private_link_service000001/providers/Microsoft.Network/loadBalancers/lb1/frontendIPConfigurations/LoadBalancerFrontEnd\"\r\n
        \     }\r\n    ],\r\n    \"ipConfigurations\": [\r\n      {\r\n        \"name\":
        \"lks1_ipconfig_0\",\r\n        \"id\": \"/subscriptions/00000000-0000-0000-0000-000000000000/resourceGroups/cli_test_network_private_link_service000001/providers/Microsoft.Network/privateLinkServices/lks1/ipConfigurations/lks1_ipconfig_0\",\r\n
        \       \"etag\": \"W/\\\"81e72295-45f1-4592-95fa-a80015e876ab\\\"\",\r\n
        \       \"type\": \"Microsoft.Network/privateLinkServices/ipConfigurations\",\r\n
        \       \"properties\": {\r\n          \"provisioningState\": \"Succeeded\",\r\n
        \         \"privateIPAllocationMethod\": \"Dynamic\",\r\n          \"subnet\":
        {\r\n            \"id\": \"/subscriptions/00000000-0000-0000-0000-000000000000/resourceGroups/cli_test_network_private_link_service000001/providers/Microsoft.Network/virtualNetworks/vnet1/subnets/subnet1\"\r\n
        \         },\r\n          \"primary\": true,\r\n          \"privateIPAddressVersion\":
        \"IPv4\"\r\n        }\r\n      }\r\n    ],\r\n    \"privateEndpointConnections\":
        [],\r\n    \"networkInterfaces\": [\r\n      {\r\n        \"id\": \"/subscriptions/00000000-0000-0000-0000-000000000000/resourceGroups/cli_test_network_private_link_service000001/providers/Microsoft.Network/networkInterfaces/lks1.nic.c4b410ab-14ee-4412-9ef0-95af4552c10d\"\r\n
        \     }\r\n    ]\r\n  }\r\n}"
    headers:
      cache-control:
      - no-cache
      content-length:
      - '2418'
      content-type:
      - application/json; charset=utf-8
      date:
      - Sat, 28 Jan 2023 12:09:58 GMT
      etag:
      - W/"81e72295-45f1-4592-95fa-a80015e876ab"
      expires:
      - '-1'
      pragma:
      - no-cache
      server:
      - Microsoft-HTTPAPI/2.0
      - Microsoft-HTTPAPI/2.0
      strict-transport-security:
      - max-age=31536000; includeSubDomains
      transfer-encoding:
      - chunked
      vary:
      - Accept-Encoding
      x-content-type-options:
      - nosniff
      x-ms-arm-service-request-id:
      - 46d34d69-ae7a-4e63-93e4-39f0d6d52534
    status:
      code: 200
      message: OK
- request:
    body: null
    headers:
      Accept:
      - '*/*'
      Accept-Encoding:
      - gzip, deflate
      CommandName:
      - network private-link-service delete
      Connection:
      - keep-alive
      Content-Length:
      - '0'
      ParameterSetName:
      - -g -n
      User-Agent:
      - AZURECLI/2.44.1 (AAZ) azsdk-python-core/1.24.0 Python/3.10.9 (Linux-5.15.0-1031-azure-x86_64-with-glibc2.31)
        VSTS_7b238909-6802-4b65-b90d-184bca47f458_build_220_0
    method: DELETE
    uri: https://management.azure.com/subscriptions/00000000-0000-0000-0000-000000000000/resourceGroups/cli_test_network_private_link_service000001/providers/Microsoft.Network/privateLinkServices/lks1?api-version=2022-01-01
  response:
    body:
      string: ''
    headers:
      azure-asyncnotification:
      - Enabled
      azure-asyncoperation:
      - https://management.azure.com/subscriptions/00000000-0000-0000-0000-000000000000/providers/Microsoft.Network/locations/centralus/operations/77c1e2a7-7ee1-4942-b3b6-7cc20aeea773?api-version=2022-01-01
      cache-control:
      - no-cache
      content-length:
      - '0'
      date:
      - Sat, 28 Jan 2023 12:10:00 GMT
      expires:
      - '-1'
      location:
      - https://management.azure.com/subscriptions/00000000-0000-0000-0000-000000000000/providers/Microsoft.Network/locations/centralus/operationResults/77c1e2a7-7ee1-4942-b3b6-7cc20aeea773?api-version=2022-01-01
      pragma:
      - no-cache
      server:
      - Microsoft-HTTPAPI/2.0
      - Microsoft-HTTPAPI/2.0
      strict-transport-security:
      - max-age=31536000; includeSubDomains
      x-content-type-options:
      - nosniff
      x-ms-arm-service-request-id:
      - e6a6870b-4008-483e-b5c4-839752885be3
      x-ms-ratelimit-remaining-subscription-deletes:
      - '14999'
    status:
      code: 202
      message: Accepted
- request:
    body: null
    headers:
      Accept:
      - '*/*'
      Accept-Encoding:
      - gzip, deflate
      CommandName:
      - network private-link-service delete
      Connection:
      - keep-alive
      ParameterSetName:
      - -g -n
      User-Agent:
      - AZURECLI/2.44.1 (AAZ) azsdk-python-core/1.24.0 Python/3.10.9 (Linux-5.15.0-1031-azure-x86_64-with-glibc2.31)
        VSTS_7b238909-6802-4b65-b90d-184bca47f458_build_220_0
    method: GET
    uri: https://management.azure.com/subscriptions/00000000-0000-0000-0000-000000000000/providers/Microsoft.Network/locations/centralus/operations/77c1e2a7-7ee1-4942-b3b6-7cc20aeea773?api-version=2022-01-01
  response:
    body:
      string: "{\r\n  \"status\": \"InProgress\"\r\n}"
    headers:
      cache-control:
      - no-cache
      content-length:
      - '30'
      content-type:
      - application/json; charset=utf-8
      date:
      - Sat, 28 Jan 2023 12:10:10 GMT
      expires:
      - '-1'
      pragma:
      - no-cache
      server:
      - Microsoft-HTTPAPI/2.0
      - Microsoft-HTTPAPI/2.0
      strict-transport-security:
      - max-age=31536000; includeSubDomains
      x-content-type-options:
      - nosniff
      x-ms-arm-service-request-id:
      - 5df45f79-214f-4295-8201-4bb3f6cf1a0e
    status:
      code: 200
      message: OK
- request:
    body: null
    headers:
      Accept:
      - '*/*'
      Accept-Encoding:
      - gzip, deflate
      CommandName:
      - network private-link-service delete
      Connection:
      - keep-alive
      ParameterSetName:
      - -g -n
      User-Agent:
      - AZURECLI/2.44.1 (AAZ) azsdk-python-core/1.24.0 Python/3.10.9 (Linux-5.15.0-1031-azure-x86_64-with-glibc2.31)
        VSTS_7b238909-6802-4b65-b90d-184bca47f458_build_220_0
    method: GET
    uri: https://management.azure.com/subscriptions/00000000-0000-0000-0000-000000000000/providers/Microsoft.Network/locations/centralus/operations/77c1e2a7-7ee1-4942-b3b6-7cc20aeea773?api-version=2022-01-01
  response:
    body:
      string: "{\r\n  \"status\": \"Succeeded\"\r\n}"
    headers:
      cache-control:
      - no-cache
      content-length:
      - '29'
      content-type:
      - application/json; charset=utf-8
      date:
      - Sat, 28 Jan 2023 12:10:20 GMT
      expires:
      - '-1'
      pragma:
      - no-cache
      server:
      - Microsoft-HTTPAPI/2.0
      - Microsoft-HTTPAPI/2.0
      strict-transport-security:
      - max-age=31536000; includeSubDomains
      x-content-type-options:
      - nosniff
      x-ms-arm-service-request-id:
      - 7458aa4f-ecb1-4ffe-b01a-b1160cae19a6
    status:
      code: 200
      message: OK
- request:
    body: null
    headers:
      Accept:
      - '*/*'
      Accept-Encoding:
      - gzip, deflate
      CommandName:
      - network private-link-service delete
      Connection:
      - keep-alive
      ParameterSetName:
      - -g -n
      User-Agent:
      - AZURECLI/2.44.1 (AAZ) azsdk-python-core/1.24.0 Python/3.10.9 (Linux-5.15.0-1031-azure-x86_64-with-glibc2.31)
        VSTS_7b238909-6802-4b65-b90d-184bca47f458_build_220_0
    method: GET
    uri: https://management.azure.com/subscriptions/00000000-0000-0000-0000-000000000000/providers/Microsoft.Network/locations/centralus/operationResults/77c1e2a7-7ee1-4942-b3b6-7cc20aeea773?api-version=2022-01-01
  response:
    body:
      string: ''
    headers:
      azure-asyncnotification:
      - Enabled
      azure-asyncoperation:
      - https://management.azure.com/subscriptions/00000000-0000-0000-0000-000000000000/providers/Microsoft.Network/locations/centralus/operations/77c1e2a7-7ee1-4942-b3b6-7cc20aeea773?api-version=2022-01-01
      cache-control:
      - no-cache
      content-type:
      - application/json; charset=utf-8
      date:
      - Sat, 28 Jan 2023 12:10:20 GMT
      expires:
      - '-1'
      location:
      - https://management.azure.com/subscriptions/00000000-0000-0000-0000-000000000000/providers/Microsoft.Network/locations/centralus/operationResults/77c1e2a7-7ee1-4942-b3b6-7cc20aeea773?api-version=2022-01-01
      pragma:
      - no-cache
      server:
      - Microsoft-HTTPAPI/2.0
      - Microsoft-HTTPAPI/2.0
      strict-transport-security:
      - max-age=31536000; includeSubDomains
      x-content-type-options:
      - nosniff
      x-ms-arm-service-request-id:
      - e6a6870b-4008-483e-b5c4-839752885be3
    status:
      code: 204
      message: No Content
- request:
    body: null
    headers:
      Accept:
      - application/json
      Accept-Encoding:
      - gzip, deflate
      CommandName:
      - network vnet subnet update
      Connection:
      - keep-alive
      ParameterSetName:
      - -g -n --vnet-name --disable-private-link-service-network-policies
      User-Agent:
      - AZURECLI/2.44.1 (AAZ) azsdk-python-core/1.24.0 Python/3.10.9 (Linux-5.15.0-1031-azure-x86_64-with-glibc2.31)
        VSTS_7b238909-6802-4b65-b90d-184bca47f458_build_220_0
    method: GET
    uri: https://management.azure.com/subscriptions/00000000-0000-0000-0000-000000000000/resourceGroups/cli_test_network_private_link_service000001/providers/Microsoft.Network/virtualNetworks/vnet1/subnets/subnet1?api-version=2022-01-01
  response:
    body:
      string: "{\r\n  \"name\": \"subnet1\",\r\n  \"id\": \"/subscriptions/00000000-0000-0000-0000-000000000000/resourceGroups/cli_test_network_private_link_service000001/providers/Microsoft.Network/virtualNetworks/vnet1/subnets/subnet1\",\r\n
        \ \"etag\": \"W/\\\"451db700-86c0-4094-956f-e45ea504fed8\\\"\",\r\n  \"properties\":
        {\r\n    \"provisioningState\": \"Succeeded\",\r\n    \"addressPrefix\": \"10.0.0.0/24\",\r\n
        \   \"delegations\": [],\r\n    \"privateEndpointNetworkPolicies\": \"Disabled\",\r\n
        \   \"privateLinkServiceNetworkPolicies\": \"Disabled\"\r\n  },\r\n  \"type\":
        \"Microsoft.Network/virtualNetworks/subnets\"\r\n}"
    headers:
      cache-control:
      - no-cache
      content-length:
      - '556'
      content-type:
      - application/json; charset=utf-8
      date:
      - Sat, 28 Jan 2023 12:10:20 GMT
      etag:
      - W/"451db700-86c0-4094-956f-e45ea504fed8"
      expires:
      - '-1'
      pragma:
      - no-cache
      server:
      - Microsoft-HTTPAPI/2.0
      - Microsoft-HTTPAPI/2.0
      strict-transport-security:
      - max-age=31536000; includeSubDomains
      transfer-encoding:
      - chunked
      vary:
      - Accept-Encoding
      x-content-type-options:
      - nosniff
      x-ms-arm-service-request-id:
      - b2e2544b-b977-45fa-8320-e094fed9e693
    status:
      code: 200
      message: OK
- request:
    body: '{"id": "/subscriptions/00000000-0000-0000-0000-000000000000/resourceGroups/cli_test_network_private_link_service000001/providers/Microsoft.Network/virtualNetworks/vnet1/subnets/subnet1",
      "name": "subnet1", "properties": {"addressPrefix": "10.0.0.0/24", "delegations":
      [], "privateEndpointNetworkPolicies": "Disabled", "privateLinkServiceNetworkPolicies":
      "Enabled"}, "type": "Microsoft.Network/virtualNetworks/subnets"}'
    headers:
      Accept:
      - application/json
      Accept-Encoding:
      - gzip, deflate
      CommandName:
      - network vnet subnet update
      Connection:
      - keep-alive
      Content-Length:
      - '419'
      Content-Type:
      - application/json
      ParameterSetName:
      - -g -n --vnet-name --disable-private-link-service-network-policies
      User-Agent:
      - AZURECLI/2.44.1 (AAZ) azsdk-python-core/1.24.0 Python/3.10.9 (Linux-5.15.0-1031-azure-x86_64-with-glibc2.31)
        VSTS_7b238909-6802-4b65-b90d-184bca47f458_build_220_0
    method: PUT
    uri: https://management.azure.com/subscriptions/00000000-0000-0000-0000-000000000000/resourceGroups/cli_test_network_private_link_service000001/providers/Microsoft.Network/virtualNetworks/vnet1/subnets/subnet1?api-version=2022-01-01
  response:
    body:
      string: "{\r\n  \"name\": \"subnet1\",\r\n  \"id\": \"/subscriptions/00000000-0000-0000-0000-000000000000/resourceGroups/cli_test_network_private_link_service000001/providers/Microsoft.Network/virtualNetworks/vnet1/subnets/subnet1\",\r\n
        \ \"etag\": \"W/\\\"d38892b0-1f78-4818-9b87-6f16e34e0ec4\\\"\",\r\n  \"properties\":
        {\r\n    \"provisioningState\": \"Updating\",\r\n    \"addressPrefix\": \"10.0.0.0/24\",\r\n
        \   \"delegations\": [],\r\n    \"privateEndpointNetworkPolicies\": \"Disabled\",\r\n
        \   \"privateLinkServiceNetworkPolicies\": \"Enabled\"\r\n  },\r\n  \"type\":
        \"Microsoft.Network/virtualNetworks/subnets\"\r\n}"
    headers:
      azure-asyncnotification:
      - Enabled
      azure-asyncoperation:
      - https://management.azure.com/subscriptions/00000000-0000-0000-0000-000000000000/providers/Microsoft.Network/locations/centralus/operations/381f024c-7a02-4750-baa8-7fe679733363?api-version=2022-01-01
      cache-control:
      - no-cache
      content-length:
      - '554'
      content-type:
      - application/json; charset=utf-8
      date:
      - Sat, 28 Jan 2023 12:10:21 GMT
      expires:
      - '-1'
      pragma:
      - no-cache
      server:
      - Microsoft-HTTPAPI/2.0
      - Microsoft-HTTPAPI/2.0
      strict-transport-security:
      - max-age=31536000; includeSubDomains
      transfer-encoding:
      - chunked
      vary:
      - Accept-Encoding
      x-content-type-options:
      - nosniff
      x-ms-arm-service-request-id:
      - 4508e473-bdc0-42bb-9768-7e021393b407
      x-ms-ratelimit-remaining-subscription-writes:
      - '1188'
    status:
      code: 200
      message: OK
- request:
    body: null
    headers:
      Accept:
      - '*/*'
      Accept-Encoding:
      - gzip, deflate
      CommandName:
      - network vnet subnet update
      Connection:
      - keep-alive
      ParameterSetName:
      - -g -n --vnet-name --disable-private-link-service-network-policies
      User-Agent:
      - AZURECLI/2.44.1 (AAZ) azsdk-python-core/1.24.0 Python/3.10.9 (Linux-5.15.0-1031-azure-x86_64-with-glibc2.31)
        VSTS_7b238909-6802-4b65-b90d-184bca47f458_build_220_0
    method: GET
    uri: https://management.azure.com/subscriptions/00000000-0000-0000-0000-000000000000/providers/Microsoft.Network/locations/centralus/operations/381f024c-7a02-4750-baa8-7fe679733363?api-version=2022-01-01
  response:
    body:
      string: "{\r\n  \"status\": \"Succeeded\"\r\n}"
    headers:
      cache-control:
      - no-cache
      content-length:
      - '29'
      content-type:
      - application/json; charset=utf-8
      date:
      - Sat, 28 Jan 2023 12:10:24 GMT
      expires:
      - '-1'
      pragma:
      - no-cache
      server:
      - Microsoft-HTTPAPI/2.0
      - Microsoft-HTTPAPI/2.0
      strict-transport-security:
      - max-age=31536000; includeSubDomains
      transfer-encoding:
      - chunked
      vary:
      - Accept-Encoding
      x-content-type-options:
      - nosniff
      x-ms-arm-service-request-id:
      - ab828ba3-9202-4e30-9a73-f8ffea24d44d
    status:
      code: 200
      message: OK
- request:
    body: null
    headers:
      Accept:
      - '*/*'
      Accept-Encoding:
      - gzip, deflate
      CommandName:
      - network vnet subnet update
      Connection:
      - keep-alive
      ParameterSetName:
      - -g -n --vnet-name --disable-private-link-service-network-policies
      User-Agent:
      - AZURECLI/2.44.1 (AAZ) azsdk-python-core/1.24.0 Python/3.10.9 (Linux-5.15.0-1031-azure-x86_64-with-glibc2.31)
        VSTS_7b238909-6802-4b65-b90d-184bca47f458_build_220_0
    method: GET
    uri: https://management.azure.com/subscriptions/00000000-0000-0000-0000-000000000000/resourceGroups/cli_test_network_private_link_service000001/providers/Microsoft.Network/virtualNetworks/vnet1/subnets/subnet1?api-version=2022-01-01
  response:
    body:
      string: "{\r\n  \"name\": \"subnet1\",\r\n  \"id\": \"/subscriptions/00000000-0000-0000-0000-000000000000/resourceGroups/cli_test_network_private_link_service000001/providers/Microsoft.Network/virtualNetworks/vnet1/subnets/subnet1\",\r\n
        \ \"etag\": \"W/\\\"e27a3034-5359-42cd-ba05-4319034935d0\\\"\",\r\n  \"properties\":
        {\r\n    \"provisioningState\": \"Succeeded\",\r\n    \"addressPrefix\": \"10.0.0.0/24\",\r\n
        \   \"delegations\": [],\r\n    \"privateEndpointNetworkPolicies\": \"Disabled\",\r\n
        \   \"privateLinkServiceNetworkPolicies\": \"Enabled\"\r\n  },\r\n  \"type\":
        \"Microsoft.Network/virtualNetworks/subnets\"\r\n}"
    headers:
      cache-control:
      - no-cache
      content-length:
      - '555'
      content-type:
      - application/json; charset=utf-8
      date:
      - Sat, 28 Jan 2023 12:10:24 GMT
      etag:
      - W/"e27a3034-5359-42cd-ba05-4319034935d0"
      expires:
      - '-1'
      pragma:
      - no-cache
      server:
      - Microsoft-HTTPAPI/2.0
      - Microsoft-HTTPAPI/2.0
      strict-transport-security:
      - max-age=31536000; includeSubDomains
      transfer-encoding:
      - chunked
      vary:
      - Accept-Encoding
      x-content-type-options:
      - nosniff
      x-ms-arm-service-request-id:
      - 62055c3c-42f2-4485-9e60-532e42cf0802
    status:
      code: 200
      message: OK
version: 1
