interactions:
- request:
    body: '{"location": "CentralUSEuap", "properties": {"addressSpace": {"addressPrefixes":
      ["10.0.0.0/16"]}, "enableDdosProtection": false, "enableVmProtection": false,
      "subnets": [{"name": "cli-subnet-000004", "properties": {"addressPrefix": "10.0.0.0/24"}}]}}'
    headers:
      Accept:
      - application/json
      Accept-Encoding:
      - gzip, deflate
      CommandName:
      - network vnet create
      Connection:
      - keep-alive
      Content-Length:
      - '251'
      Content-Type:
      - application/json
      ParameterSetName:
      - -n -g -l --subnet-name
      User-Agent:
      - AZURECLI/2.42.0 (PIP) (AAZ) azsdk-python-core/1.24.0 Python/3.8.10 (Windows-10-10.0.19045-SP0)
    method: PUT
    uri: https://management.azure.com/subscriptions/00000000-0000-0000-0000-000000000000/resourceGroups/fanqiu_cli_test_network_private_endpoints000001/providers/Microsoft.Network/virtualNetworks/cli-vnet-000003?api-version=2022-01-01
  response:
    body:
      string: "{\r\n  \"name\": \"cli-vnet-000003\",\r\n  \"id\": \"/subscriptions/00000000-0000-0000-0000-000000000000/resourceGroups/fanqiu_cli_test_network_private_endpoints000001/providers/Microsoft.Network/virtualNetworks/cli-vnet-000003\",\r\n
        \ \"etag\": \"W/\\\"c0ba6a4c-13d8-4e0c-8dde-88695541c7c5\\\"\",\r\n  \"type\":
        \"Microsoft.Network/virtualNetworks\",\r\n  \"location\": \"centraluseuap\",\r\n
        \ \"properties\": {\r\n    \"provisioningState\": \"Updating\",\r\n    \"resourceGuid\":
        \"9df6921f-22de-4a99-964a-87e402625ce1\",\r\n    \"addressSpace\": {\r\n      \"addressPrefixes\":
        [\r\n        \"10.0.0.0/16\"\r\n      ]\r\n    },\r\n    \"subnets\": [\r\n
        \     {\r\n        \"name\": \"cli-subnet-000004\",\r\n        \"id\": \"/subscriptions/00000000-0000-0000-0000-000000000000/resourceGroups/fanqiu_cli_test_network_private_endpoints000001/providers/Microsoft.Network/virtualNetworks/cli-vnet-000003/subnets/cli-subnet-000004\",\r\n
        \       \"etag\": \"W/\\\"c0ba6a4c-13d8-4e0c-8dde-88695541c7c5\\\"\",\r\n
        \       \"properties\": {\r\n          \"provisioningState\": \"Updating\",\r\n
        \         \"addressPrefix\": \"10.0.0.0/24\",\r\n          \"delegations\":
        [],\r\n          \"privateEndpointNetworkPolicies\": \"Disabled\",\r\n          \"privateLinkServiceNetworkPolicies\":
        \"Enabled\"\r\n        },\r\n        \"type\": \"Microsoft.Network/virtualNetworks/subnets\"\r\n
        \     }\r\n    ],\r\n    \"virtualNetworkPeerings\": [],\r\n    \"enableDdosProtection\":
        false\r\n  }\r\n}"
    headers:
      azure-asyncnotification:
      - Enabled
      azure-asyncoperation:
      - https://management.azure.com/subscriptions/00000000-0000-0000-0000-000000000000/providers/Microsoft.Network/locations/centraluseuap/operations/904497e3-f075-4fcb-b1de-8cac47228935?api-version=2022-01-01
      cache-control:
      - no-cache
      content-length:
      - '1336'
      content-type:
      - application/json; charset=utf-8
      date:
      - Wed, 23 Nov 2022 06:48:06 GMT
      expires:
      - '-1'
      pragma:
      - no-cache
      server:
      - Microsoft-HTTPAPI/2.0
      - Microsoft-HTTPAPI/2.0
      strict-transport-security:
      - max-age=31536000; includeSubDomains
      x-content-type-options:
      - nosniff
      x-ms-arm-service-request-id:
      - 5874c91f-8367-4b73-b026-7cdc35bced3e
      x-ms-ratelimit-remaining-subscription-writes:
      - '1199'
    status:
      code: 201
      message: ''
- request:
    body: null
    headers:
      Accept:
      - '*/*'
      Accept-Encoding:
      - gzip, deflate
      CommandName:
      - network vnet create
      Connection:
      - keep-alive
      ParameterSetName:
      - -n -g -l --subnet-name
      User-Agent:
      - AZURECLI/2.42.0 (PIP) (AAZ) azsdk-python-core/1.24.0 Python/3.8.10 (Windows-10-10.0.19045-SP0)
    method: GET
    uri: https://management.azure.com/subscriptions/00000000-0000-0000-0000-000000000000/providers/Microsoft.Network/locations/centraluseuap/operations/904497e3-f075-4fcb-b1de-8cac47228935?api-version=2022-01-01
  response:
    body:
      string: "{\r\n  \"status\": \"Succeeded\"\r\n}"
    headers:
      cache-control:
      - no-cache
      content-length:
      - '29'
      content-type:
      - application/json; charset=utf-8
      date:
      - Wed, 23 Nov 2022 06:48:10 GMT
      expires:
      - '-1'
      pragma:
      - no-cache
      server:
      - Microsoft-HTTPAPI/2.0
      - Microsoft-HTTPAPI/2.0
      strict-transport-security:
      - max-age=31536000; includeSubDomains
      transfer-encoding:
      - chunked
      vary:
      - Accept-Encoding
      x-content-type-options:
      - nosniff
      x-ms-arm-service-request-id:
      - d1984888-de96-4ded-9b06-0402dbf91f21
    status:
      code: 200
      message: ''
- request:
    body: null
    headers:
      Accept:
      - '*/*'
      Accept-Encoding:
      - gzip, deflate
      CommandName:
      - network vnet create
      Connection:
      - keep-alive
      ParameterSetName:
      - -n -g -l --subnet-name
      User-Agent:
      - AZURECLI/2.42.0 (PIP) (AAZ) azsdk-python-core/1.24.0 Python/3.8.10 (Windows-10-10.0.19045-SP0)
    method: GET
    uri: https://management.azure.com/subscriptions/00000000-0000-0000-0000-000000000000/resourceGroups/fanqiu_cli_test_network_private_endpoints000001/providers/Microsoft.Network/virtualNetworks/cli-vnet-000003?api-version=2022-01-01
  response:
    body:
      string: "{\r\n  \"name\": \"cli-vnet-000003\",\r\n  \"id\": \"/subscriptions/00000000-0000-0000-0000-000000000000/resourceGroups/fanqiu_cli_test_network_private_endpoints000001/providers/Microsoft.Network/virtualNetworks/cli-vnet-000003\",\r\n
        \ \"etag\": \"W/\\\"e9284b83-7714-4a76-a8d2-329b2557c38c\\\"\",\r\n  \"type\":
        \"Microsoft.Network/virtualNetworks\",\r\n  \"location\": \"centraluseuap\",\r\n
        \ \"properties\": {\r\n    \"provisioningState\": \"Succeeded\",\r\n    \"resourceGuid\":
        \"9df6921f-22de-4a99-964a-87e402625ce1\",\r\n    \"addressSpace\": {\r\n      \"addressPrefixes\":
        [\r\n        \"10.0.0.0/16\"\r\n      ]\r\n    },\r\n    \"subnets\": [\r\n
        \     {\r\n        \"name\": \"cli-subnet-000004\",\r\n        \"id\": \"/subscriptions/00000000-0000-0000-0000-000000000000/resourceGroups/fanqiu_cli_test_network_private_endpoints000001/providers/Microsoft.Network/virtualNetworks/cli-vnet-000003/subnets/cli-subnet-000004\",\r\n
        \       \"etag\": \"W/\\\"e9284b83-7714-4a76-a8d2-329b2557c38c\\\"\",\r\n
        \       \"properties\": {\r\n          \"provisioningState\": \"Succeeded\",\r\n
        \         \"addressPrefix\": \"10.0.0.0/24\",\r\n          \"delegations\":
        [],\r\n          \"privateEndpointNetworkPolicies\": \"Disabled\",\r\n          \"privateLinkServiceNetworkPolicies\":
        \"Enabled\"\r\n        },\r\n        \"type\": \"Microsoft.Network/virtualNetworks/subnets\"\r\n
        \     }\r\n    ],\r\n    \"virtualNetworkPeerings\": [],\r\n    \"enableDdosProtection\":
        false\r\n  }\r\n}"
    headers:
      cache-control:
      - no-cache
      content-length:
      - '1338'
      content-type:
      - application/json; charset=utf-8
      date:
      - Wed, 23 Nov 2022 06:48:10 GMT
      etag:
      - W/"e9284b83-7714-4a76-a8d2-329b2557c38c"
      expires:
      - '-1'
      pragma:
      - no-cache
      server:
      - Microsoft-HTTPAPI/2.0
      - Microsoft-HTTPAPI/2.0
      strict-transport-security:
      - max-age=31536000; includeSubDomains
      transfer-encoding:
      - chunked
      vary:
      - Accept-Encoding
      x-content-type-options:
      - nosniff
      x-ms-arm-service-request-id:
      - 1df5a6dd-62f5-4c63-bc60-047e174bfec0
    status:
      code: 200
      message: ''
- request:
    body: null
    headers:
      Accept:
      - application/json
      Accept-Encoding:
      - gzip, deflate
      CommandName:
      - network vnet subnet update
      Connection:
      - keep-alive
      ParameterSetName:
      - -n --vnet-name -g --disable-private-endpoint-network-policies
      User-Agent:
      - AZURECLI/2.42.0 (PIP) (AAZ) azsdk-python-core/1.24.0 Python/3.8.10 (Windows-10-10.0.19045-SP0)
    method: GET
    uri: https://management.azure.com/subscriptions/00000000-0000-0000-0000-000000000000/resourceGroups/fanqiu_cli_test_network_private_endpoints000001/providers/Microsoft.Network/virtualNetworks/cli-vnet-000003/subnets/cli-subnet-000004?api-version=2022-01-01
  response:
    body:
      string: "{\r\n  \"name\": \"cli-subnet-000004\",\r\n  \"id\": \"/subscriptions/00000000-0000-0000-0000-000000000000/resourceGroups/fanqiu_cli_test_network_private_endpoints000001/providers/Microsoft.Network/virtualNetworks/cli-vnet-000003/subnets/cli-subnet-000004\",\r\n
        \ \"etag\": \"W/\\\"e9284b83-7714-4a76-a8d2-329b2557c38c\\\"\",\r\n  \"properties\":
        {\r\n    \"provisioningState\": \"Succeeded\",\r\n    \"addressPrefix\": \"10.0.0.0/24\",\r\n
        \   \"delegations\": [],\r\n    \"privateEndpointNetworkPolicies\": \"Disabled\",\r\n
        \   \"privateLinkServiceNetworkPolicies\": \"Enabled\"\r\n  },\r\n  \"type\":
        \"Microsoft.Network/virtualNetworks/subnets\"\r\n}"
    headers:
      cache-control:
      - no-cache
      content-length:
      - '589'
      content-type:
      - application/json; charset=utf-8
      date:
      - Wed, 23 Nov 2022 06:48:13 GMT
      etag:
      - W/"e9284b83-7714-4a76-a8d2-329b2557c38c"
      expires:
      - '-1'
      pragma:
      - no-cache
      server:
      - Microsoft-HTTPAPI/2.0
      - Microsoft-HTTPAPI/2.0
      strict-transport-security:
      - max-age=31536000; includeSubDomains
      transfer-encoding:
      - chunked
      vary:
      - Accept-Encoding
      x-content-type-options:
      - nosniff
      x-ms-arm-service-request-id:
      - cf2cf2ab-c371-4784-8648-e4e916ea005f
    status:
      code: 200
      message: ''
- request:
    body: '{"id": "/subscriptions/00000000-0000-0000-0000-000000000000/resourceGroups/fanqiu_cli_test_network_private_endpoints000001/providers/Microsoft.Network/virtualNetworks/cli-vnet-000003/subnets/cli-subnet-000004",
      "name": "cli-subnet-000004", "properties": {"addressPrefix": "10.0.0.0/24",
      "delegations": [], "privateEndpointNetworkPolicies": "Disabled", "privateLinkServiceNetworkPolicies":
      "Enabled"}, "type": "Microsoft.Network/virtualNetworks/subnets"}'
    headers:
      Accept:
      - application/json
      Accept-Encoding:
      - gzip, deflate
      CommandName:
      - network vnet subnet update
      Connection:
      - keep-alive
      Content-Length:
      - '453'
      Content-Type:
      - application/json
      ParameterSetName:
      - -n --vnet-name -g --disable-private-endpoint-network-policies
      User-Agent:
      - AZURECLI/2.42.0 (PIP) (AAZ) azsdk-python-core/1.24.0 Python/3.8.10 (Windows-10-10.0.19045-SP0)
    method: PUT
    uri: https://management.azure.com/subscriptions/00000000-0000-0000-0000-000000000000/resourceGroups/fanqiu_cli_test_network_private_endpoints000001/providers/Microsoft.Network/virtualNetworks/cli-vnet-000003/subnets/cli-subnet-000004?api-version=2022-01-01
  response:
    body:
      string: "{\r\n  \"name\": \"cli-subnet-000004\",\r\n  \"id\": \"/subscriptions/00000000-0000-0000-0000-000000000000/resourceGroups/fanqiu_cli_test_network_private_endpoints000001/providers/Microsoft.Network/virtualNetworks/cli-vnet-000003/subnets/cli-subnet-000004\",\r\n
        \ \"etag\": \"W/\\\"2088ad2b-e140-42f8-abae-3a35a8e4a45e\\\"\",\r\n  \"properties\":
        {\r\n    \"provisioningState\": \"Succeeded\",\r\n    \"addressPrefix\": \"10.0.0.0/24\",\r\n
        \   \"delegations\": [],\r\n    \"privateEndpointNetworkPolicies\": \"Disabled\",\r\n
        \   \"privateLinkServiceNetworkPolicies\": \"Enabled\"\r\n  },\r\n  \"type\":
        \"Microsoft.Network/virtualNetworks/subnets\"\r\n}"
    headers:
      azure-asyncnotification:
      - Enabled
      azure-asyncoperation:
      - https://management.azure.com/subscriptions/00000000-0000-0000-0000-000000000000/providers/Microsoft.Network/locations/centraluseuap/operations/f23c492e-7e78-4b44-8236-75e5ada298ec?api-version=2022-01-01
      cache-control:
      - no-cache
      content-length:
      - '589'
      content-type:
      - application/json; charset=utf-8
      date:
      - Wed, 23 Nov 2022 06:48:13 GMT
      expires:
      - '-1'
      pragma:
      - no-cache
      server:
      - Microsoft-HTTPAPI/2.0
      - Microsoft-HTTPAPI/2.0
      strict-transport-security:
      - max-age=31536000; includeSubDomains
      transfer-encoding:
      - chunked
      vary:
      - Accept-Encoding
      x-content-type-options:
      - nosniff
      x-ms-arm-service-request-id:
      - 9f6bf67d-7600-499c-ae8a-a7536f7f998d
      x-ms-ratelimit-remaining-subscription-writes:
      - '1199'
    status:
      code: 200
      message: ''
- request:
    body: null
    headers:
      Accept:
      - '*/*'
      Accept-Encoding:
      - gzip, deflate
      CommandName:
      - network vnet subnet update
      Connection:
      - keep-alive
      ParameterSetName:
      - -n --vnet-name -g --disable-private-endpoint-network-policies
      User-Agent:
      - AZURECLI/2.42.0 (PIP) (AAZ) azsdk-python-core/1.24.0 Python/3.8.10 (Windows-10-10.0.19045-SP0)
    method: GET
    uri: https://management.azure.com/subscriptions/00000000-0000-0000-0000-000000000000/providers/Microsoft.Network/locations/centraluseuap/operations/f23c492e-7e78-4b44-8236-75e5ada298ec?api-version=2022-01-01
  response:
    body:
      string: "{\r\n  \"status\": \"Succeeded\"\r\n}"
    headers:
      cache-control:
      - no-cache
      content-length:
      - '29'
      content-type:
      - application/json; charset=utf-8
      date:
      - Wed, 23 Nov 2022 06:48:44 GMT
      expires:
      - '-1'
      pragma:
      - no-cache
      server:
      - Microsoft-HTTPAPI/2.0
      - Microsoft-HTTPAPI/2.0
      strict-transport-security:
      - max-age=31536000; includeSubDomains
      transfer-encoding:
      - chunked
      vary:
      - Accept-Encoding
      x-content-type-options:
      - nosniff
      x-ms-arm-service-request-id:
      - 365df015-dc21-4524-a41c-09d93db9c4c8
    status:
      code: 200
      message: ''
- request:
    body: null
    headers:
      Accept:
      - '*/*'
      Accept-Encoding:
      - gzip, deflate
      CommandName:
      - network vnet subnet update
      Connection:
      - keep-alive
      ParameterSetName:
      - -n --vnet-name -g --disable-private-endpoint-network-policies
      User-Agent:
      - AZURECLI/2.42.0 (PIP) (AAZ) azsdk-python-core/1.24.0 Python/3.8.10 (Windows-10-10.0.19045-SP0)
    method: GET
    uri: https://management.azure.com/subscriptions/00000000-0000-0000-0000-000000000000/resourceGroups/fanqiu_cli_test_network_private_endpoints000001/providers/Microsoft.Network/virtualNetworks/cli-vnet-000003/subnets/cli-subnet-000004?api-version=2022-01-01
  response:
    body:
      string: "{\r\n  \"name\": \"cli-subnet-000004\",\r\n  \"id\": \"/subscriptions/00000000-0000-0000-0000-000000000000/resourceGroups/fanqiu_cli_test_network_private_endpoints000001/providers/Microsoft.Network/virtualNetworks/cli-vnet-000003/subnets/cli-subnet-000004\",\r\n
        \ \"etag\": \"W/\\\"2088ad2b-e140-42f8-abae-3a35a8e4a45e\\\"\",\r\n  \"properties\":
        {\r\n    \"provisioningState\": \"Succeeded\",\r\n    \"addressPrefix\": \"10.0.0.0/24\",\r\n
        \   \"delegations\": [],\r\n    \"privateEndpointNetworkPolicies\": \"Disabled\",\r\n
        \   \"privateLinkServiceNetworkPolicies\": \"Enabled\"\r\n  },\r\n  \"type\":
        \"Microsoft.Network/virtualNetworks/subnets\"\r\n}"
    headers:
      cache-control:
      - no-cache
      content-length:
      - '589'
      content-type:
      - application/json; charset=utf-8
      date:
      - Wed, 23 Nov 2022 06:48:44 GMT
      etag:
      - W/"2088ad2b-e140-42f8-abae-3a35a8e4a45e"
      expires:
      - '-1'
      pragma:
      - no-cache
      server:
      - Microsoft-HTTPAPI/2.0
      - Microsoft-HTTPAPI/2.0
      strict-transport-security:
      - max-age=31536000; includeSubDomains
      transfer-encoding:
      - chunked
      vary:
      - Accept-Encoding
      x-content-type-options:
      - nosniff
      x-ms-arm-service-request-id:
      - 6877c788-05ca-4228-b9be-e8d8d204eea7
    status:
      code: 200
      message: ''
- request:
    body: null
    headers:
      Accept:
      - application/json
      Accept-Encoding:
      - gzip, deflate
      CommandName:
      - storage account private-link-resource list
      Connection:
      - keep-alive
      ParameterSetName:
      - --account-name -g
      User-Agent:
      - AZURECLI/2.42.0 (PIP) azsdk-python-azure-mgmt-storage/20.1.0 Python/3.8.10
        (Windows-10-10.0.19045-SP0)
    method: GET
    uri: https://management.azure.com/subscriptions/00000000-0000-0000-0000-000000000000/resourceGroups/fanqiu_cli_test_network_private_endpoints000001/providers/Microsoft.Storage/storageAccounts/saplr000002/privateLinkResources?api-version=2022-05-01
  response:
    body:
      string: '{"value":[{"id":"/subscriptions/00000000-0000-0000-0000-000000000000/resourceGroups/fanqiu_cli_test_network_private_endpoints000001/providers/Microsoft.Storage/storageAccounts/saplr000002/privateLinkResources/blob","name":"blob","type":"Microsoft.Storage/storageAccounts/privateLinkResources","properties":{"groupId":"blob","requiredMembers":["blob"],"requiredZoneNames":["privatelink.blob.core.windows.net"]}},{"id":"/subscriptions/00000000-0000-0000-0000-000000000000/resourceGroups/fanqiu_cli_test_network_private_endpoints000001/providers/Microsoft.Storage/storageAccounts/saplr000002/privateLinkResources/table","name":"table","type":"Microsoft.Storage/storageAccounts/privateLinkResources","properties":{"groupId":"table","requiredMembers":["table"],"requiredZoneNames":["privatelink.table.core.windows.net"]}},{"id":"/subscriptions/00000000-0000-0000-0000-000000000000/resourceGroups/fanqiu_cli_test_network_private_endpoints000001/providers/Microsoft.Storage/storageAccounts/saplr000002/privateLinkResources/queue","name":"queue","type":"Microsoft.Storage/storageAccounts/privateLinkResources","properties":{"groupId":"queue","requiredMembers":["queue"],"requiredZoneNames":["privatelink.queue.core.windows.net"]}},{"id":"/subscriptions/00000000-0000-0000-0000-000000000000/resourceGroups/fanqiu_cli_test_network_private_endpoints000001/providers/Microsoft.Storage/storageAccounts/saplr000002/privateLinkResources/file","name":"file","type":"Microsoft.Storage/storageAccounts/privateLinkResources","properties":{"groupId":"file","requiredMembers":["file"],"requiredZoneNames":["privatelink.file.core.windows.net"]}},{"id":"/subscriptions/00000000-0000-0000-0000-000000000000/resourceGroups/fanqiu_cli_test_network_private_endpoints000001/providers/Microsoft.Storage/storageAccounts/saplr000002/privateLinkResources/web","name":"web","type":"Microsoft.Storage/storageAccounts/privateLinkResources","properties":{"groupId":"web","requiredMembers":["web"],"requiredZoneNames":["privatelink.web.core.windows.net"]}},{"id":"/subscriptions/00000000-0000-0000-0000-000000000000/resourceGroups/fanqiu_cli_test_network_private_endpoints000001/providers/Microsoft.Storage/storageAccounts/saplr000002/privateLinkResources/dfs","name":"dfs","type":"Microsoft.Storage/storageAccounts/privateLinkResources","properties":{"groupId":"dfs","requiredMembers":["dfs"],"requiredZoneNames":["privatelink.dfs.core.windows.net"]}}]}'
    headers:
      cache-control:
      - no-cache
      content-length:
      - '2417'
      content-type:
      - application/json
      date:
      - Wed, 23 Nov 2022 06:48:46 GMT
      expires:
      - '-1'
      pragma:
      - no-cache
      server:
      - Microsoft-Azure-Storage-Resource-Provider/1.0,Microsoft-HTTPAPI/2.0 Microsoft-HTTPAPI/2.0
      strict-transport-security:
      - max-age=31536000; includeSubDomains
      transfer-encoding:
      - chunked
      vary:
      - Accept-Encoding
      x-content-type-options:
      - nosniff
    status:
      code: 200
      message: OK
- request:
    body: null
    headers:
      Accept:
      - application/json
      Accept-Encoding:
      - gzip, deflate
      CommandName:
      - storage account show
      Connection:
      - keep-alive
      ParameterSetName:
      - -n -g
      User-Agent:
      - AZURECLI/2.42.0 (PIP) azsdk-python-azure-mgmt-storage/20.1.0 Python/3.8.10
        (Windows-10-10.0.19045-SP0)
    method: GET
    uri: https://management.azure.com/subscriptions/00000000-0000-0000-0000-000000000000/resourceGroups/fanqiu_cli_test_network_private_endpoints000001/providers/Microsoft.Storage/storageAccounts/saplr000002?api-version=2022-05-01
  response:
    body:
      string: '{"sku":{"name":"Standard_LRS","tier":"Standard"},"kind":"StorageV2","id":"/subscriptions/00000000-0000-0000-0000-000000000000/resourceGroups/fanqiu_cli_test_network_private_endpoints000001/providers/Microsoft.Storage/storageAccounts/saplr000002","name":"saplr000002","type":"Microsoft.Storage/storageAccounts","location":"westus","tags":{},"properties":{"keyCreationTime":{"key1":"2022-11-23T06:47:38.6998309Z","key2":"2022-11-23T06:47:38.6998309Z"},"privateEndpointConnections":[],"minimumTlsVersion":"TLS1_0","allowBlobPublicAccess":false,"networkAcls":{"bypass":"AzureServices","virtualNetworkRules":[],"ipRules":[],"defaultAction":"Allow"},"supportsHttpsTrafficOnly":true,"encryption":{"services":{"file":{"keyType":"Account","enabled":true,"lastEnabledTime":"2022-11-23T06:47:38.7154543Z"},"blob":{"keyType":"Account","enabled":true,"lastEnabledTime":"2022-11-23T06:47:38.7154543Z"}},"keySource":"Microsoft.Storage"},"accessTier":"Hot","provisioningState":"Succeeded","creationTime":"2022-11-23T06:47:38.5905257Z","primaryEndpoints":{"dfs":"https://saplr000002.dfs.core.windows.net/","web":"https://saplr000002.z22.web.core.windows.net/","blob":"https://saplr000002.blob.core.windows.net/","queue":"https://saplr000002.queue.core.windows.net/","table":"https://saplr000002.table.core.windows.net/","file":"https://saplr000002.file.core.windows.net/"},"primaryLocation":"westus","statusOfPrimary":"available"}}'
    headers:
      cache-control:
      - no-cache
      content-length:
      - '1414'
      content-type:
      - application/json
      date:
      - Wed, 23 Nov 2022 06:48:48 GMT
      expires:
      - '-1'
      pragma:
      - no-cache
      server:
      - Microsoft-Azure-Storage-Resource-Provider/1.0,Microsoft-HTTPAPI/2.0 Microsoft-HTTPAPI/2.0
      strict-transport-security:
      - max-age=31536000; includeSubDomains
      transfer-encoding:
      - chunked
      vary:
      - Accept-Encoding
      x-content-type-options:
      - nosniff
    status:
      code: 200
      message: OK
- request:
    body: '{"location": "CentralUSEuap", "properties": {"subnet": {"id": "/subscriptions/00000000-0000-0000-0000-000000000000/resourceGroups/fanqiu_cli_test_network_private_endpoints000001/providers/Microsoft.Network/virtualNetworks/cli-vnet-000003/subnets/cli-subnet-000004",
      "properties": {"privateEndpointNetworkPolicies": "Disabled", "privateLinkServiceNetworkPolicies":
      "Enabled"}}, "privateLinkServiceConnections": [{"name": "cli-pec-000006", "properties":
      {"privateLinkServiceId": "/subscriptions/00000000-0000-0000-0000-000000000000/resourceGroups/fanqiu_cli_test_network_private_endpoints000001/providers/Microsoft.Storage/storageAccounts/saplr000002",
      "groupIds": ["blob"]}}]}}'
    headers:
      Accept:
      - application/json
      Accept-Encoding:
      - gzip, deflate
      CommandName:
      - network private-endpoint create
      Connection:
      - keep-alive
      Content-Length:
      - '676'
      Content-Type:
      - application/json
      ParameterSetName:
      - -g -n --vnet-name --subnet -l --connection-name --private-connection-resource-id
        --group-ids
      User-Agent:
      - AZURECLI/2.42.0 (PIP) azsdk-python-azure-mgmt-network/21.0.1 Python/3.8.10
        (Windows-10-10.0.19045-SP0)
    method: PUT
    uri: https://management.azure.com/subscriptions/00000000-0000-0000-0000-000000000000/resourceGroups/fanqiu_cli_test_network_private_endpoints000001/providers/Microsoft.Network/privateEndpoints/cli-pe-000005?api-version=2022-01-01
  response:
    body:
      string: "{\r\n  \"name\": \"cli-pe-000005\",\r\n  \"id\": \"/subscriptions/00000000-0000-0000-0000-000000000000/resourceGroups/fanqiu_cli_test_network_private_endpoints000001/providers/Microsoft.Network/privateEndpoints/cli-pe-000005\",\r\n
        \ \"etag\": \"W/\\\"4a750b3a-49ed-4bc2-94e0-7021e88840c3\\\"\",\r\n  \"type\":
        \"Microsoft.Network/privateEndpoints\",\r\n  \"location\": \"centraluseuap\",\r\n
        \ \"properties\": {\r\n    \"provisioningState\": \"Updating\",\r\n    \"resourceGuid\":
        \"86144fbf-bb30-46af-a998-8f827cb99daf\",\r\n    \"privateLinkServiceConnections\":
        [\r\n      {\r\n        \"name\": \"cli-pec-000006\",\r\n        \"id\": \"/subscriptions/00000000-0000-0000-0000-000000000000/resourceGroups/fanqiu_cli_test_network_private_endpoints000001/providers/Microsoft.Network/privateEndpoints/cli-pe-000005/privateLinkServiceConnections/cli-pec-000006\",\r\n
        \       \"etag\": \"W/\\\"4a750b3a-49ed-4bc2-94e0-7021e88840c3\\\"\",\r\n
        \       \"properties\": {\r\n          \"provisioningState\": \"Succeeded\",\r\n
        \         \"privateLinkServiceId\": \"/subscriptions/00000000-0000-0000-0000-000000000000/resourceGroups/fanqiu_cli_test_network_private_endpoints000001/providers/Microsoft.Storage/storageAccounts/saplr000002\",\r\n
        \         \"groupIds\": [\r\n            \"blob\"\r\n          ],\r\n          \"privateLinkServiceConnectionState\":
        {\r\n            \"status\": \"Approved\",\r\n            \"description\":
        \"Auto Approved\",\r\n            \"actionsRequired\": \"None\"\r\n          }\r\n
        \       },\r\n        \"type\": \"Microsoft.Network/privateEndpoints/privateLinkServiceConnections\"\r\n
        \     }\r\n    ],\r\n    \"manualPrivateLinkServiceConnections\": [],\r\n
        \   \"customNetworkInterfaceName\": \"\",\r\n    \"subnet\": {\r\n      \"id\":
        \"/subscriptions/00000000-0000-0000-0000-000000000000/resourceGroups/fanqiu_cli_test_network_private_endpoints000001/providers/Microsoft.Network/virtualNetworks/cli-vnet-000003/subnets/cli-subnet-000004\"\r\n
        \   },\r\n    \"ipConfigurations\": [],\r\n    \"networkInterfaces\": [\r\n
        \     {\r\n        \"id\": \"/subscriptions/00000000-0000-0000-0000-000000000000/resourceGroups/fanqiu_cli_test_network_private_endpoints000001/providers/Microsoft.Network/networkInterfaces/cli-pe-000005.nic.4ad882bd-7b8a-467e-8e94-22092aa9a4c6\"\r\n
        \     }\r\n    ],\r\n    \"customDnsConfigs\": []\r\n  }\r\n}"
    headers:
      azure-asyncnotification:
      - Enabled
      azure-asyncoperation:
      - https://management.azure.com/subscriptions/00000000-0000-0000-0000-000000000000/providers/Microsoft.Network/locations/centraluseuap/operations/af57a582-d0f7-4b4e-9297-e23f8bbaa45c?api-version=2022-01-01
      cache-control:
      - no-cache
      content-length:
      - '2168'
      content-type:
      - application/json; charset=utf-8
      date:
      - Wed, 23 Nov 2022 06:48:55 GMT
      expires:
      - '-1'
      pragma:
      - no-cache
      server:
      - Microsoft-HTTPAPI/2.0
      - Microsoft-HTTPAPI/2.0
      strict-transport-security:
      - max-age=31536000; includeSubDomains
      x-content-type-options:
      - nosniff
      x-ms-arm-service-request-id:
      - 8a95debf-24f5-4287-8bb6-ec54db8b817d
      x-ms-ratelimit-remaining-subscription-writes:
      - '1198'
    status:
      code: 201
      message: ''
- request:
    body: null
    headers:
      Accept:
      - '*/*'
      Accept-Encoding:
      - gzip, deflate
      CommandName:
      - network private-endpoint create
      Connection:
      - keep-alive
      ParameterSetName:
      - -g -n --vnet-name --subnet -l --connection-name --private-connection-resource-id
        --group-ids
      User-Agent:
      - AZURECLI/2.42.0 (PIP) azsdk-python-azure-mgmt-network/21.0.1 Python/3.8.10
        (Windows-10-10.0.19045-SP0)
    method: GET
    uri: https://management.azure.com/subscriptions/00000000-0000-0000-0000-000000000000/providers/Microsoft.Network/locations/centraluseuap/operations/af57a582-d0f7-4b4e-9297-e23f8bbaa45c?api-version=2022-01-01
  response:
    body:
      string: "{\r\n  \"status\": \"InProgress\"\r\n}"
    headers:
      cache-control:
      - no-cache
      content-length:
      - '30'
      content-type:
      - application/json; charset=utf-8
      date:
      - Wed, 23 Nov 2022 06:49:06 GMT
      expires:
      - '-1'
      pragma:
      - no-cache
      server:
      - Microsoft-HTTPAPI/2.0
      - Microsoft-HTTPAPI/2.0
      strict-transport-security:
      - max-age=31536000; includeSubDomains
      transfer-encoding:
      - chunked
      vary:
      - Accept-Encoding
      x-content-type-options:
      - nosniff
      x-ms-arm-service-request-id:
      - 2d499ca2-0410-4429-aa4c-0d8e30329a76
    status:
      code: 200
      message: ''
- request:
    body: null
    headers:
      Accept:
      - '*/*'
      Accept-Encoding:
      - gzip, deflate
      CommandName:
      - network private-endpoint create
      Connection:
      - keep-alive
      ParameterSetName:
      - -g -n --vnet-name --subnet -l --connection-name --private-connection-resource-id
        --group-ids
      User-Agent:
      - AZURECLI/2.42.0 (PIP) azsdk-python-azure-mgmt-network/21.0.1 Python/3.8.10
        (Windows-10-10.0.19045-SP0)
    method: GET
    uri: https://management.azure.com/subscriptions/00000000-0000-0000-0000-000000000000/providers/Microsoft.Network/locations/centraluseuap/operations/af57a582-d0f7-4b4e-9297-e23f8bbaa45c?api-version=2022-01-01
  response:
    body:
      string: "{\r\n  \"status\": \"InProgress\"\r\n}"
    headers:
      cache-control:
      - no-cache
      content-length:
      - '30'
      content-type:
      - application/json; charset=utf-8
      date:
      - Wed, 23 Nov 2022 06:49:17 GMT
      expires:
      - '-1'
      pragma:
      - no-cache
      server:
      - Microsoft-HTTPAPI/2.0
      - Microsoft-HTTPAPI/2.0
      strict-transport-security:
      - max-age=31536000; includeSubDomains
      transfer-encoding:
      - chunked
      vary:
      - Accept-Encoding
      x-content-type-options:
      - nosniff
      x-ms-arm-service-request-id:
      - fb1f1af8-ca9b-452a-aa93-570d4c0c7fe1
    status:
      code: 200
      message: ''
- request:
    body: null
    headers:
      Accept:
      - '*/*'
      Accept-Encoding:
      - gzip, deflate
      CommandName:
      - network private-endpoint create
      Connection:
      - keep-alive
      ParameterSetName:
      - -g -n --vnet-name --subnet -l --connection-name --private-connection-resource-id
        --group-ids
      User-Agent:
      - AZURECLI/2.42.0 (PIP) azsdk-python-azure-mgmt-network/21.0.1 Python/3.8.10
        (Windows-10-10.0.19045-SP0)
    method: GET
    uri: https://management.azure.com/subscriptions/00000000-0000-0000-0000-000000000000/providers/Microsoft.Network/locations/centraluseuap/operations/af57a582-d0f7-4b4e-9297-e23f8bbaa45c?api-version=2022-01-01
  response:
    body:
      string: "{\r\n  \"status\": \"Succeeded\"\r\n}"
    headers:
      cache-control:
      - no-cache
      content-length:
      - '29'
      content-type:
      - application/json; charset=utf-8
      date:
      - Wed, 23 Nov 2022 06:49:36 GMT
      expires:
      - '-1'
      pragma:
      - no-cache
      server:
      - Microsoft-HTTPAPI/2.0
      - Microsoft-HTTPAPI/2.0
      strict-transport-security:
      - max-age=31536000; includeSubDomains
      transfer-encoding:
      - chunked
      vary:
      - Accept-Encoding
      x-content-type-options:
      - nosniff
      x-ms-arm-service-request-id:
      - aeeffa56-7095-475b-893f-25da6b649ac4
    status:
      code: 200
      message: ''
- request:
    body: null
    headers:
      Accept:
      - '*/*'
      Accept-Encoding:
      - gzip, deflate
      CommandName:
      - network private-endpoint create
      Connection:
      - keep-alive
      ParameterSetName:
      - -g -n --vnet-name --subnet -l --connection-name --private-connection-resource-id
        --group-ids
      User-Agent:
      - AZURECLI/2.42.0 (PIP) azsdk-python-azure-mgmt-network/21.0.1 Python/3.8.10
        (Windows-10-10.0.19045-SP0)
    method: GET
    uri: https://management.azure.com/subscriptions/00000000-0000-0000-0000-000000000000/resourceGroups/fanqiu_cli_test_network_private_endpoints000001/providers/Microsoft.Network/privateEndpoints/cli-pe-000005?api-version=2022-01-01
  response:
    body:
      string: "{\r\n  \"name\": \"cli-pe-000005\",\r\n  \"id\": \"/subscriptions/00000000-0000-0000-0000-000000000000/resourceGroups/fanqiu_cli_test_network_private_endpoints000001/providers/Microsoft.Network/privateEndpoints/cli-pe-000005\",\r\n
        \ \"etag\": \"W/\\\"3f867a8c-ccc4-4f5d-9f2e-38827a8a8cc9\\\"\",\r\n  \"type\":
        \"Microsoft.Network/privateEndpoints\",\r\n  \"location\": \"centraluseuap\",\r\n
        \ \"properties\": {\r\n    \"provisioningState\": \"Succeeded\",\r\n    \"resourceGuid\":
        \"86144fbf-bb30-46af-a998-8f827cb99daf\",\r\n    \"privateLinkServiceConnections\":
        [\r\n      {\r\n        \"name\": \"cli-pec-000006\",\r\n        \"id\": \"/subscriptions/00000000-0000-0000-0000-000000000000/resourceGroups/fanqiu_cli_test_network_private_endpoints000001/providers/Microsoft.Network/privateEndpoints/cli-pe-000005/privateLinkServiceConnections/cli-pec-000006\",\r\n
        \       \"etag\": \"W/\\\"3f867a8c-ccc4-4f5d-9f2e-38827a8a8cc9\\\"\",\r\n
        \       \"properties\": {\r\n          \"provisioningState\": \"Succeeded\",\r\n
        \         \"privateLinkServiceId\": \"/subscriptions/00000000-0000-0000-0000-000000000000/resourceGroups/fanqiu_cli_test_network_private_endpoints000001/providers/Microsoft.Storage/storageAccounts/saplr000002\",\r\n
        \         \"groupIds\": [\r\n            \"blob\"\r\n          ],\r\n          \"privateLinkServiceConnectionState\":
        {\r\n            \"status\": \"Approved\",\r\n            \"description\":
        \"Auto-Approved\",\r\n            \"actionsRequired\": \"None\"\r\n          }\r\n
        \       },\r\n        \"type\": \"Microsoft.Network/privateEndpoints/privateLinkServiceConnections\"\r\n
        \     }\r\n    ],\r\n    \"manualPrivateLinkServiceConnections\": [],\r\n
        \   \"customNetworkInterfaceName\": \"\",\r\n    \"subnet\": {\r\n      \"id\":
        \"/subscriptions/00000000-0000-0000-0000-000000000000/resourceGroups/fanqiu_cli_test_network_private_endpoints000001/providers/Microsoft.Network/virtualNetworks/cli-vnet-000003/subnets/cli-subnet-000004\"\r\n
        \   },\r\n    \"ipConfigurations\": [],\r\n    \"networkInterfaces\": [\r\n
        \     {\r\n        \"id\": \"/subscriptions/00000000-0000-0000-0000-000000000000/resourceGroups/fanqiu_cli_test_network_private_endpoints000001/providers/Microsoft.Network/networkInterfaces/cli-pe-000005.nic.4ad882bd-7b8a-467e-8e94-22092aa9a4c6\"\r\n
        \     }\r\n    ],\r\n    \"customDnsConfigs\": [\r\n      {\r\n        \"fqdn\":
        \"saplr000002.blob.core.windows.net\",\r\n        \"ipAddresses\": [\r\n          \"10.0.0.4\"\r\n
        \       ]\r\n      }\r\n    ]\r\n  }\r\n}"
    headers:
      cache-control:
      - no-cache
      content-length:
      - '2306'
      content-type:
      - application/json; charset=utf-8
      date:
      - Wed, 23 Nov 2022 06:49:37 GMT
      etag:
      - W/"3f867a8c-ccc4-4f5d-9f2e-38827a8a8cc9"
      expires:
      - '-1'
      pragma:
      - no-cache
      server:
      - Microsoft-HTTPAPI/2.0
      - Microsoft-HTTPAPI/2.0
      strict-transport-security:
      - max-age=31536000; includeSubDomains
      transfer-encoding:
      - chunked
      vary:
      - Accept-Encoding
      x-content-type-options:
      - nosniff
      x-ms-arm-service-request-id:
      - 4e71d064-ca3d-4448-af76-ce33ba156179
    status:
      code: 200
      message: ''
- request:
    body: null
    headers:
      Accept:
      - application/json
      Accept-Encoding:
      - gzip, deflate
      CommandName:
      - storage account show
      Connection:
      - keep-alive
      ParameterSetName:
      - -n -g
      User-Agent:
      - AZURECLI/2.42.0 (PIP) azsdk-python-azure-mgmt-storage/20.1.0 Python/3.8.10
        (Windows-10-10.0.19045-SP0)
    method: GET
    uri: https://management.azure.com/subscriptions/00000000-0000-0000-0000-000000000000/resourceGroups/fanqiu_cli_test_network_private_endpoints000001/providers/Microsoft.Storage/storageAccounts/saplr000002?api-version=2022-05-01
  response:
    body:
      string: '{"sku":{"name":"Standard_LRS","tier":"Standard"},"kind":"StorageV2","id":"/subscriptions/00000000-0000-0000-0000-000000000000/resourceGroups/fanqiu_cli_test_network_private_endpoints000001/providers/Microsoft.Storage/storageAccounts/saplr000002","name":"saplr000002","type":"Microsoft.Storage/storageAccounts","location":"westus","tags":{},"properties":{"keyCreationTime":{"key1":"2022-11-23T06:47:38.6998309Z","key2":"2022-11-23T06:47:38.6998309Z"},"privateEndpointConnections":[{"id":"/subscriptions/00000000-0000-0000-0000-000000000000/resourceGroups/fanqiu_cli_test_network_private_endpoints000001/providers/Microsoft.Storage/storageAccounts/saplr000002/privateEndpointConnections/saplr000002.242b6f49-c539-47cc-b008-f8a8d5c13b57","name":"saplr000002.242b6f49-c539-47cc-b008-f8a8d5c13b57","type":"Microsoft.Storage/storageAccounts/privateEndpointConnections","properties":{"provisioningState":"Succeeded","privateEndpoint":{"id":"/subscriptions/00000000-0000-0000-0000-000000000000/resourceGroups/fanqiu_cli_test_network_private_endpoints000001/providers/Microsoft.Network/privateEndpoints/cli-pe-000005"},"privateLinkServiceConnectionState":{"status":"Approved","description":"Auto-Approved","actionRequired":"None"}}}],"minimumTlsVersion":"TLS1_0","allowBlobPublicAccess":false,"networkAcls":{"bypass":"AzureServices","virtualNetworkRules":[],"ipRules":[],"defaultAction":"Allow"},"supportsHttpsTrafficOnly":true,"encryption":{"services":{"file":{"keyType":"Account","enabled":true,"lastEnabledTime":"2022-11-23T06:47:38.7154543Z"},"blob":{"keyType":"Account","enabled":true,"lastEnabledTime":"2022-11-23T06:47:38.7154543Z"}},"keySource":"Microsoft.Storage"},"accessTier":"Hot","provisioningState":"Succeeded","creationTime":"2022-11-23T06:47:38.5905257Z","primaryEndpoints":{"dfs":"https://saplr000002.dfs.core.windows.net/","web":"https://saplr000002.z22.web.core.windows.net/","blob":"https://saplr000002.blob.core.windows.net/","queue":"https://saplr000002.queue.core.windows.net/","table":"https://saplr000002.table.core.windows.net/","file":"https://saplr000002.file.core.windows.net/"},"primaryLocation":"westus","statusOfPrimary":"available"}}'
    headers:
      cache-control:
      - no-cache
      content-length:
      - '2157'
      content-type:
      - application/json
      date:
      - Wed, 23 Nov 2022 06:49:40 GMT
      expires:
      - '-1'
      pragma:
      - no-cache
      server:
      - Microsoft-Azure-Storage-Resource-Provider/1.0,Microsoft-HTTPAPI/2.0 Microsoft-HTTPAPI/2.0
      strict-transport-security:
      - max-age=31536000; includeSubDomains
      transfer-encoding:
      - chunked
      vary:
      - Accept-Encoding
      x-content-type-options:
      - nosniff
    status:
      code: 200
      message: OK
- request:
    body: null
    headers:
      Accept:
      - application/json
      Accept-Encoding:
      - gzip, deflate
      CommandName:
      - storage account private-endpoint-connection show
      Connection:
      - keep-alive
      ParameterSetName:
      - --account-name -g --name
      User-Agent:
      - AZURECLI/2.42.0 (PIP) azsdk-python-azure-mgmt-storage/20.1.0 Python/3.8.10
        (Windows-10-10.0.19045-SP0)
    method: GET
    uri: https://management.azure.com/subscriptions/00000000-0000-0000-0000-000000000000/resourceGroups/fanqiu_cli_test_network_private_endpoints000001/providers/Microsoft.Storage/storageAccounts/saplr000002/privateEndpointConnections/saplr000002.242b6f49-c539-47cc-b008-f8a8d5c13b57?api-version=2022-05-01
  response:
    body:
      string: '{"id":"/subscriptions/00000000-0000-0000-0000-000000000000/resourceGroups/fanqiu_cli_test_network_private_endpoints000001/providers/Microsoft.Storage/storageAccounts/saplr000002/privateEndpointConnections/saplr000002.242b6f49-c539-47cc-b008-f8a8d5c13b57","name":"saplr000002.242b6f49-c539-47cc-b008-f8a8d5c13b57","type":"Microsoft.Storage/storageAccounts/privateEndpointConnections","properties":{"provisioningState":"Succeeded","privateEndpoint":{"id":"/subscriptions/00000000-0000-0000-0000-000000000000/resourceGroups/fanqiu_cli_test_network_private_endpoints000001/providers/Microsoft.Network/privateEndpoints/cli-pe-000005"},"privateLinkServiceConnectionState":{"status":"Approved","description":"Auto-Approved","actionRequired":"None"}}}'
    headers:
      cache-control:
      - no-cache
      content-length:
      - '743'
      content-type:
      - application/json
      date:
      - Wed, 23 Nov 2022 06:49:41 GMT
      expires:
      - '-1'
      pragma:
      - no-cache
      server:
      - Microsoft-Azure-Storage-Resource-Provider/1.0,Microsoft-HTTPAPI/2.0 Microsoft-HTTPAPI/2.0
      strict-transport-security:
      - max-age=31536000; includeSubDomains
      transfer-encoding:
      - chunked
      vary:
      - Accept-Encoding
      x-content-type-options:
      - nosniff
    status:
      code: 200
      message: OK
- request:
    body: null
    headers:
      Accept:
      - application/json
      Accept-Encoding:
      - gzip, deflate
      CommandName:
      - network private-endpoint show
      Connection:
      - keep-alive
      ParameterSetName:
      - -g -n
      User-Agent:
      - AZURECLI/2.42.0 (PIP) azsdk-python-azure-mgmt-network/21.0.1 Python/3.8.10
        (Windows-10-10.0.19045-SP0)
    method: GET
    uri: https://management.azure.com/subscriptions/00000000-0000-0000-0000-000000000000/resourceGroups/fanqiu_cli_test_network_private_endpoints000001/providers/Microsoft.Network/privateEndpoints/cli-pe-000005?api-version=2022-01-01
  response:
    body:
      string: "{\r\n  \"name\": \"cli-pe-000005\",\r\n  \"id\": \"/subscriptions/00000000-0000-0000-0000-000000000000/resourceGroups/fanqiu_cli_test_network_private_endpoints000001/providers/Microsoft.Network/privateEndpoints/cli-pe-000005\",\r\n
        \ \"etag\": \"W/\\\"3f867a8c-ccc4-4f5d-9f2e-38827a8a8cc9\\\"\",\r\n  \"type\":
        \"Microsoft.Network/privateEndpoints\",\r\n  \"location\": \"centraluseuap\",\r\n
        \ \"properties\": {\r\n    \"provisioningState\": \"Succeeded\",\r\n    \"resourceGuid\":
        \"86144fbf-bb30-46af-a998-8f827cb99daf\",\r\n    \"privateLinkServiceConnections\":
        [\r\n      {\r\n        \"name\": \"cli-pec-000006\",\r\n        \"id\": \"/subscriptions/00000000-0000-0000-0000-000000000000/resourceGroups/fanqiu_cli_test_network_private_endpoints000001/providers/Microsoft.Network/privateEndpoints/cli-pe-000005/privateLinkServiceConnections/cli-pec-000006\",\r\n
        \       \"etag\": \"W/\\\"3f867a8c-ccc4-4f5d-9f2e-38827a8a8cc9\\\"\",\r\n
        \       \"properties\": {\r\n          \"provisioningState\": \"Succeeded\",\r\n
        \         \"privateLinkServiceId\": \"/subscriptions/00000000-0000-0000-0000-000000000000/resourceGroups/fanqiu_cli_test_network_private_endpoints000001/providers/Microsoft.Storage/storageAccounts/saplr000002\",\r\n
        \         \"groupIds\": [\r\n            \"blob\"\r\n          ],\r\n          \"privateLinkServiceConnectionState\":
        {\r\n            \"status\": \"Approved\",\r\n            \"description\":
        \"Auto-Approved\",\r\n            \"actionsRequired\": \"None\"\r\n          }\r\n
        \       },\r\n        \"type\": \"Microsoft.Network/privateEndpoints/privateLinkServiceConnections\"\r\n
        \     }\r\n    ],\r\n    \"manualPrivateLinkServiceConnections\": [],\r\n
        \   \"customNetworkInterfaceName\": \"\",\r\n    \"subnet\": {\r\n      \"id\":
        \"/subscriptions/00000000-0000-0000-0000-000000000000/resourceGroups/fanqiu_cli_test_network_private_endpoints000001/providers/Microsoft.Network/virtualNetworks/cli-vnet-000003/subnets/cli-subnet-000004\"\r\n
        \   },\r\n    \"ipConfigurations\": [],\r\n    \"networkInterfaces\": [\r\n
        \     {\r\n        \"id\": \"/subscriptions/00000000-0000-0000-0000-000000000000/resourceGroups/fanqiu_cli_test_network_private_endpoints000001/providers/Microsoft.Network/networkInterfaces/cli-pe-000005.nic.4ad882bd-7b8a-467e-8e94-22092aa9a4c6\"\r\n
        \     }\r\n    ],\r\n    \"customDnsConfigs\": [\r\n      {\r\n        \"fqdn\":
        \"saplr000002.blob.core.windows.net\",\r\n        \"ipAddresses\": [\r\n          \"10.0.0.4\"\r\n
        \       ]\r\n      }\r\n    ]\r\n  }\r\n}"
    headers:
      cache-control:
      - no-cache
      content-length:
      - '2306'
      content-type:
      - application/json; charset=utf-8
      date:
      - Wed, 23 Nov 2022 06:49:44 GMT
      etag:
      - W/"3f867a8c-ccc4-4f5d-9f2e-38827a8a8cc9"
      expires:
      - '-1'
      pragma:
      - no-cache
      server:
      - Microsoft-HTTPAPI/2.0
      - Microsoft-HTTPAPI/2.0
      strict-transport-security:
      - max-age=31536000; includeSubDomains
      transfer-encoding:
      - chunked
      vary:
      - Accept-Encoding
      x-content-type-options:
      - nosniff
      x-ms-arm-service-request-id:
      - 8e10700c-fdc4-4cd2-a337-5769f09993e0
    status:
      code: 200
      message: ''
- request:
    body: '{"location": "global"}'
    headers:
      Accept:
      - application/json
      Accept-Encoding:
      - gzip, deflate
      CommandName:
      - network private-dns zone create
      Connection:
      - keep-alive
      Content-Length:
      - '22'
      Content-Type:
      - application/json
      If-None-Match:
      - '*'
      ParameterSetName:
      - -n -g
      User-Agent:
      - AZURECLI/2.42.0 (PIP) azsdk-python-mgmt-privatedns/1.0.0 Python/3.8.10 (Windows-10-10.0.19045-SP0)
    method: PUT
    uri: https://management.azure.com/subscriptions/00000000-0000-0000-0000-000000000000/resourceGroups/fanqiu_cli_test_network_private_endpoints000001/providers/Microsoft.Network/privateDnsZones/www.clizone1.com?api-version=2018-09-01
  response:
    body:
      string: '{}'
    headers:
      azure-asyncoperation:
      - https://management.azure.com:443/subscriptions/00000000-0000-0000-0000-000000000000/resourceGroups/fanqiu_cli_test_network_private_endpoints000001/providers/Microsoft.Network/privateDnsOperationStatuses/RnJvbnRFbmRBc3luY09wZXJhdGlvbjtVcHNlcnRQcml2YXRlRG5zWm9uZTsxZTlhYmQyZi03NDliLTQzNWQtYmNkZS1lNGI5MmUyYjZjNWJfMGIxZjY0NzEtMWJmMC00ZGRhLWFlYzMtY2I5MjcyZjA5NTkw?api-version=2018-09-01
      cache-control:
      - private
      content-length:
      - '2'
      content-type:
      - application/json; charset=utf-8
      date:
      - Wed, 23 Nov 2022 06:49:51 GMT
      location:
      - https://management.azure.com/subscriptions/00000000-0000-0000-0000-000000000000/resourceGroups/fanqiu_cli_test_network_private_endpoints000001/providers/Microsoft.Network/privateDnsOperationResults/RnJvbnRFbmRBc3luY09wZXJhdGlvbjtVcHNlcnRQcml2YXRlRG5zWm9uZTsxZTlhYmQyZi03NDliLTQzNWQtYmNkZS1lNGI5MmUyYjZjNWJfMGIxZjY0NzEtMWJmMC00ZGRhLWFlYzMtY2I5MjcyZjA5NTkw?api-version=2018-09-01
      server:
      - Microsoft-IIS/10.0
      strict-transport-security:
      - max-age=31536000; includeSubDomains
      x-aspnet-version:
      - 4.0.30319
      x-content-type-options:
      - nosniff
      x-ms-ratelimit-remaining-subscription-resource-requests:
      - '11999'
      x-powered-by:
      - ASP.NET
    status:
      code: 202
      message: Accepted
- request:
    body: null
    headers:
      Accept:
      - '*/*'
      Accept-Encoding:
      - gzip, deflate
      CommandName:
      - network private-dns zone create
      Connection:
      - keep-alive
      ParameterSetName:
      - -n -g
      User-Agent:
      - AZURECLI/2.42.0 (PIP) azsdk-python-mgmt-privatedns/1.0.0 Python/3.8.10 (Windows-10-10.0.19045-SP0)
    method: GET
    uri: https://management.azure.com/subscriptions/00000000-0000-0000-0000-000000000000/resourceGroups/fanqiu_cli_test_network_private_endpoints000001/providers/Microsoft.Network/privateDnsOperationStatuses/RnJvbnRFbmRBc3luY09wZXJhdGlvbjtVcHNlcnRQcml2YXRlRG5zWm9uZTsxZTlhYmQyZi03NDliLTQzNWQtYmNkZS1lNGI5MmUyYjZjNWJfMGIxZjY0NzEtMWJmMC00ZGRhLWFlYzMtY2I5MjcyZjA5NTkw?api-version=2018-09-01
  response:
    body:
      string: '{"status":"Succeeded"}'
    headers:
      cache-control:
      - private
      content-length:
      - '22'
      content-type:
      - application/json; charset=utf-8
      date:
      - Wed, 23 Nov 2022 06:50:21 GMT
      server:
      - Microsoft-IIS/10.0
      strict-transport-security:
      - max-age=31536000; includeSubDomains
      transfer-encoding:
      - chunked
      vary:
      - Accept-Encoding
      x-aspnet-version:
      - 4.0.30319
      x-content-type-options:
      - nosniff
      x-ms-ratelimit-remaining-subscription-resource-requests:
      - '499'
      x-powered-by:
      - ASP.NET
    status:
      code: 200
      message: OK
- request:
    body: null
    headers:
      Accept:
      - '*/*'
      Accept-Encoding:
      - gzip, deflate
      CommandName:
      - network private-dns zone create
      Connection:
      - keep-alive
      ParameterSetName:
      - -n -g
      User-Agent:
      - AZURECLI/2.42.0 (PIP) azsdk-python-mgmt-privatedns/1.0.0 Python/3.8.10 (Windows-10-10.0.19045-SP0)
    method: GET
    uri: https://management.azure.com/subscriptions/00000000-0000-0000-0000-000000000000/resourceGroups/fanqiu_cli_test_network_private_endpoints000001/providers/Microsoft.Network/privateDnsZones/www.clizone1.com?api-version=2018-09-01
  response:
    body:
      string: '{"id":"\/subscriptions\/00000000-0000-0000-0000-000000000000\/resourceGroups\/fanqiu_cli_test_network_private_endpoints000001\/providers\/Microsoft.Network\/privateDnsZones\/www.clizone1.com","name":"www.clizone1.com","type":"Microsoft.Network\/privateDnsZones","etag":"cc31fa27-85ef-4439-8635-742aab97d518","location":"global","properties":{"maxNumberOfRecordSets":25000,"maxNumberOfVirtualNetworkLinks":1000,"maxNumberOfVirtualNetworkLinksWithRegistration":100,"numberOfRecordSets":1,"numberOfVirtualNetworkLinks":0,"numberOfVirtualNetworkLinksWithRegistration":0,"provisioningState":"Succeeded"}}'
    headers:
      cache-control:
      - private
      content-length:
      - '599'
      content-type:
      - application/json; charset=utf-8
      date:
      - Wed, 23 Nov 2022 06:50:21 GMT
      etag:
      - cc31fa27-85ef-4439-8635-742aab97d518
      server:
      - Microsoft-IIS/10.0
      strict-transport-security:
      - max-age=31536000; includeSubDomains
      transfer-encoding:
      - chunked
      vary:
      - Accept-Encoding
      x-aspnet-version:
      - 4.0.30319
      x-content-type-options:
      - nosniff
      x-ms-ratelimit-remaining-subscription-resource-requests:
      - '499'
      x-powered-by:
      - ASP.NET
    status:
      code: 200
      message: OK
- request:
    body: '{"location": "global"}'
    headers:
      Accept:
      - application/json
      Accept-Encoding:
      - gzip, deflate
      CommandName:
      - network private-dns zone create
      Connection:
      - keep-alive
      Content-Length:
      - '22'
      Content-Type:
      - application/json
      If-None-Match:
      - '*'
      ParameterSetName:
      - -n -g
      User-Agent:
      - AZURECLI/2.42.0 (PIP) azsdk-python-mgmt-privatedns/1.0.0 Python/3.8.10 (Windows-10-10.0.19045-SP0)
    method: PUT
    uri: https://management.azure.com/subscriptions/00000000-0000-0000-0000-000000000000/resourceGroups/fanqiu_cli_test_network_private_endpoints000001/providers/Microsoft.Network/privateDnsZones/www.clizone2.com?api-version=2018-09-01
  response:
    body:
      string: '{}'
    headers:
      azure-asyncoperation:
      - https://management.azure.com:443/subscriptions/00000000-0000-0000-0000-000000000000/resourceGroups/fanqiu_cli_test_network_private_endpoints000001/providers/Microsoft.Network/privateDnsOperationStatuses/RnJvbnRFbmRBc3luY09wZXJhdGlvbjtVcHNlcnRQcml2YXRlRG5zWm9uZTszZjdhMjIwYi01OTZkLTQ1OTItYWY3Ni0yNTVkNmZjNjI0MjlfMGIxZjY0NzEtMWJmMC00ZGRhLWFlYzMtY2I5MjcyZjA5NTkw?api-version=2018-09-01
      cache-control:
      - private
      content-length:
      - '2'
      content-type:
      - application/json; charset=utf-8
      date:
      - Wed, 23 Nov 2022 06:50:28 GMT
      location:
      - https://management.azure.com/subscriptions/00000000-0000-0000-0000-000000000000/resourceGroups/fanqiu_cli_test_network_private_endpoints000001/providers/Microsoft.Network/privateDnsOperationResults/RnJvbnRFbmRBc3luY09wZXJhdGlvbjtVcHNlcnRQcml2YXRlRG5zWm9uZTszZjdhMjIwYi01OTZkLTQ1OTItYWY3Ni0yNTVkNmZjNjI0MjlfMGIxZjY0NzEtMWJmMC00ZGRhLWFlYzMtY2I5MjcyZjA5NTkw?api-version=2018-09-01
      server:
      - Microsoft-IIS/10.0
      strict-transport-security:
      - max-age=31536000; includeSubDomains
      x-aspnet-version:
      - 4.0.30319
      x-content-type-options:
      - nosniff
      x-ms-ratelimit-remaining-subscription-resource-requests:
      - '11999'
      x-powered-by:
      - ASP.NET
    status:
      code: 202
      message: Accepted
- request:
    body: null
    headers:
      Accept:
      - '*/*'
      Accept-Encoding:
      - gzip, deflate
      CommandName:
      - network private-dns zone create
      Connection:
      - keep-alive
      ParameterSetName:
      - -n -g
      User-Agent:
      - AZURECLI/2.42.0 (PIP) azsdk-python-mgmt-privatedns/1.0.0 Python/3.8.10 (Windows-10-10.0.19045-SP0)
    method: GET
    uri: https://management.azure.com/subscriptions/00000000-0000-0000-0000-000000000000/resourceGroups/fanqiu_cli_test_network_private_endpoints000001/providers/Microsoft.Network/privateDnsOperationStatuses/RnJvbnRFbmRBc3luY09wZXJhdGlvbjtVcHNlcnRQcml2YXRlRG5zWm9uZTszZjdhMjIwYi01OTZkLTQ1OTItYWY3Ni0yNTVkNmZjNjI0MjlfMGIxZjY0NzEtMWJmMC00ZGRhLWFlYzMtY2I5MjcyZjA5NTkw?api-version=2018-09-01
  response:
    body:
      string: '{"status":"Succeeded"}'
    headers:
      cache-control:
      - private
      content-length:
      - '22'
      content-type:
      - application/json; charset=utf-8
      date:
      - Wed, 23 Nov 2022 06:50:59 GMT
      server:
      - Microsoft-IIS/10.0
      strict-transport-security:
      - max-age=31536000; includeSubDomains
      transfer-encoding:
      - chunked
      vary:
      - Accept-Encoding
      x-aspnet-version:
      - 4.0.30319
      x-content-type-options:
      - nosniff
      x-ms-ratelimit-remaining-subscription-resource-requests:
      - '499'
      x-powered-by:
      - ASP.NET
    status:
      code: 200
      message: OK
- request:
    body: null
    headers:
      Accept:
      - '*/*'
      Accept-Encoding:
      - gzip, deflate
      CommandName:
      - network private-dns zone create
      Connection:
      - keep-alive
      ParameterSetName:
      - -n -g
      User-Agent:
      - AZURECLI/2.42.0 (PIP) azsdk-python-mgmt-privatedns/1.0.0 Python/3.8.10 (Windows-10-10.0.19045-SP0)
    method: GET
    uri: https://management.azure.com/subscriptions/00000000-0000-0000-0000-000000000000/resourceGroups/fanqiu_cli_test_network_private_endpoints000001/providers/Microsoft.Network/privateDnsZones/www.clizone2.com?api-version=2018-09-01
  response:
    body:
      string: '{"id":"\/subscriptions\/00000000-0000-0000-0000-000000000000\/resourceGroups\/fanqiu_cli_test_network_private_endpoints000001\/providers\/Microsoft.Network\/privateDnsZones\/www.clizone2.com","name":"www.clizone2.com","type":"Microsoft.Network\/privateDnsZones","etag":"4ed7a24d-8ddd-4058-9a8c-8946b3c2cafb","location":"global","properties":{"maxNumberOfRecordSets":25000,"maxNumberOfVirtualNetworkLinks":1000,"maxNumberOfVirtualNetworkLinksWithRegistration":100,"numberOfRecordSets":1,"numberOfVirtualNetworkLinks":0,"numberOfVirtualNetworkLinksWithRegistration":0,"provisioningState":"Succeeded"}}'
    headers:
      cache-control:
      - private
      content-length:
      - '599'
      content-type:
      - application/json; charset=utf-8
      date:
      - Wed, 23 Nov 2022 06:50:59 GMT
      etag:
      - 4ed7a24d-8ddd-4058-9a8c-8946b3c2cafb
      server:
      - Microsoft-IIS/10.0
      strict-transport-security:
      - max-age=31536000; includeSubDomains
      transfer-encoding:
      - chunked
      vary:
      - Accept-Encoding
      x-aspnet-version:
      - 4.0.30319
      x-content-type-options:
      - nosniff
      x-ms-ratelimit-remaining-subscription-resource-requests:
      - '499'
      x-powered-by:
      - ASP.NET
    status:
      code: 200
      message: OK
- request:
    body: '{"name": "clidnsgroup", "properties": {"privateDnsZoneConfigs": [{"name":
      "clizone1", "properties": {"privateDnsZoneId": "/subscriptions/00000000-0000-0000-0000-000000000000/resourceGroups/fanqiu_cli_test_network_private_endpoints000001/providers/Microsoft.Network/privateDnsZones/www.clizone1.com"}}]}}'
    headers:
      Accept:
      - application/json
      Accept-Encoding:
      - gzip, deflate
      CommandName:
      - network private-endpoint dns-zone-group create
      Connection:
      - keep-alive
      Content-Length:
      - '303'
      Content-Type:
      - application/json
      ParameterSetName:
      - --endpoint-name -g -n --zone-name --private-dns-zone
      User-Agent:
      - AZURECLI/2.42.0 (PIP) azsdk-python-azure-mgmt-network/21.0.1 Python/3.8.10
        (Windows-10-10.0.19045-SP0)
    method: PUT
    uri: https://management.azure.com/subscriptions/00000000-0000-0000-0000-000000000000/resourceGroups/fanqiu_cli_test_network_private_endpoints000001/providers/Microsoft.Network/privateEndpoints/cli-pe-000005/privateDnsZoneGroups/clidnsgroup?api-version=2022-01-01
  response:
    body:
      string: "{\r\n  \"name\": \"clidnsgroup\",\r\n  \"id\": \"/subscriptions/00000000-0000-0000-0000-000000000000/resourceGroups/fanqiu_cli_test_network_private_endpoints000001/providers/Microsoft.Network/privateEndpoints/cli-pe-000005/privateDnsZoneGroups/clidnsgroup\",\r\n
        \ \"etag\": \"W/\\\"1b4684c5-3832-4023-827f-19fbe888dee8\\\"\",\r\n  \"type\":
        \"Microsoft.Network/privateEndpoints/privateDnsZoneGroups\",\r\n  \"properties\":
        {\r\n    \"provisioningState\": \"Updating\",\r\n    \"privateDnsZoneConfigs\":
        [\r\n      {\r\n        \"name\": \"clizone1\",\r\n        \"id\": \"/subscriptions/00000000-0000-0000-0000-000000000000/resourceGroups/fanqiu_cli_test_network_private_endpoints000001/providers/Microsoft.Network/privateEndpoints/cli-pe-000005/privateDnsZoneGroups/clidnsgroup/privateDnsZoneConfigs/clizone1\",\r\n
        \       \"etag\": \"W/\\\"1b4684c5-3832-4023-827f-19fbe888dee8\\\"\",\r\n
        \       \"type\": \"Microsoft.Network/privateEndpoints/privateDnsZoneGroups/privateDnsZoneConfigs\",\r\n
        \       \"properties\": {\r\n          \"provisioningState\": \"Updating\",\r\n
        \         \"privateDnsZoneId\": \"/subscriptions/00000000-0000-0000-0000-000000000000/resourceGroups/fanqiu_cli_test_network_private_endpoints000001/providers/Microsoft.Network/privateDnsZones/www.clizone1.com\",\r\n
        \         \"recordSets\": []\r\n        }\r\n      }\r\n    ]\r\n  }\r\n}"
    headers:
      azure-asyncnotification:
      - Enabled
      azure-asyncoperation:
      - https://management.azure.com/subscriptions/00000000-0000-0000-0000-000000000000/providers/Microsoft.Network/locations/centraluseuap/operations/840500f9-6a5a-4d8d-8b27-eca4952d9b77?api-version=2022-01-01
      cache-control:
      - no-cache
      content-length:
      - '1259'
      content-type:
      - application/json; charset=utf-8
      date:
      - Wed, 23 Nov 2022 06:51:02 GMT
      expires:
      - '-1'
      pragma:
      - no-cache
      server:
      - Microsoft-HTTPAPI/2.0
      - Microsoft-HTTPAPI/2.0
      strict-transport-security:
      - max-age=31536000; includeSubDomains
      x-content-type-options:
      - nosniff
      x-ms-arm-service-request-id:
      - 6e220e6e-763a-4d2c-9cb5-04091f65a7a0
      x-ms-ratelimit-remaining-subscription-writes:
      - '1198'
    status:
      code: 201
      message: ''
- request:
    body: null
    headers:
      Accept:
      - '*/*'
      Accept-Encoding:
      - gzip, deflate
      CommandName:
      - network private-endpoint dns-zone-group create
      Connection:
      - keep-alive
      ParameterSetName:
      - --endpoint-name -g -n --zone-name --private-dns-zone
      User-Agent:
      - AZURECLI/2.42.0 (PIP) azsdk-python-azure-mgmt-network/21.0.1 Python/3.8.10
        (Windows-10-10.0.19045-SP0)
    method: GET
    uri: https://management.azure.com/subscriptions/00000000-0000-0000-0000-000000000000/providers/Microsoft.Network/locations/centraluseuap/operations/840500f9-6a5a-4d8d-8b27-eca4952d9b77?api-version=2022-01-01
  response:
    body:
      string: "{\r\n  \"status\": \"Succeeded\"\r\n}"
    headers:
      cache-control:
      - no-cache
      content-length:
      - '29'
      content-type:
      - application/json; charset=utf-8
      date:
      - Wed, 23 Nov 2022 06:51:12 GMT
      expires:
      - '-1'
      pragma:
      - no-cache
      server:
      - Microsoft-HTTPAPI/2.0
      - Microsoft-HTTPAPI/2.0
      strict-transport-security:
      - max-age=31536000; includeSubDomains
      transfer-encoding:
      - chunked
      vary:
      - Accept-Encoding
      x-content-type-options:
      - nosniff
      x-ms-arm-service-request-id:
      - 6608e79d-cee2-49f4-8fc9-be31bb1b14ff
    status:
      code: 200
      message: ''
- request:
    body: null
    headers:
      Accept:
      - '*/*'
      Accept-Encoding:
      - gzip, deflate
      CommandName:
      - network private-endpoint dns-zone-group create
      Connection:
      - keep-alive
      ParameterSetName:
      - --endpoint-name -g -n --zone-name --private-dns-zone
      User-Agent:
      - AZURECLI/2.42.0 (PIP) azsdk-python-azure-mgmt-network/21.0.1 Python/3.8.10
        (Windows-10-10.0.19045-SP0)
    method: GET
    uri: https://management.azure.com/subscriptions/00000000-0000-0000-0000-000000000000/resourceGroups/fanqiu_cli_test_network_private_endpoints000001/providers/Microsoft.Network/privateEndpoints/cli-pe-000005/privateDnsZoneGroups/clidnsgroup?api-version=2022-01-01
  response:
    body:
      string: "{\r\n  \"name\": \"clidnsgroup\",\r\n  \"id\": \"/subscriptions/00000000-0000-0000-0000-000000000000/resourceGroups/fanqiu_cli_test_network_private_endpoints000001/providers/Microsoft.Network/privateEndpoints/cli-pe-000005/privateDnsZoneGroups/clidnsgroup\",\r\n
        \ \"etag\": \"W/\\\"ae21d07b-7f5b-4fcb-b836-872bed3864ff\\\"\",\r\n  \"type\":
        \"Microsoft.Network/privateEndpoints/privateDnsZoneGroups\",\r\n  \"properties\":
        {\r\n    \"provisioningState\": \"Succeeded\",\r\n    \"privateDnsZoneConfigs\":
        [\r\n      {\r\n        \"name\": \"clizone1\",\r\n        \"id\": \"/subscriptions/00000000-0000-0000-0000-000000000000/resourceGroups/fanqiu_cli_test_network_private_endpoints000001/providers/Microsoft.Network/privateEndpoints/cli-pe-000005/privateDnsZoneGroups/clidnsgroup/privateDnsZoneConfigs/clizone1\",\r\n
        \       \"etag\": \"W/\\\"ae21d07b-7f5b-4fcb-b836-872bed3864ff\\\"\",\r\n
        \       \"type\": \"Microsoft.Network/privateEndpoints/privateDnsZoneGroups/privateDnsZoneConfigs\",\r\n
        \       \"properties\": {\r\n          \"provisioningState\": \"Succeeded\",\r\n
        \         \"privateDnsZoneId\": \"/subscriptions/00000000-0000-0000-0000-000000000000/resourceGroups/fanqiu_cli_test_network_private_endpoints000001/providers/Microsoft.Network/privateDnsZones/www.clizone1.com\",\r\n
        \         \"recordSets\": []\r\n        }\r\n      }\r\n    ]\r\n  }\r\n}"
    headers:
      cache-control:
      - no-cache
      content-length:
      - '1261'
      content-type:
      - application/json; charset=utf-8
      date:
      - Wed, 23 Nov 2022 06:51:13 GMT
      etag:
      - W/"ae21d07b-7f5b-4fcb-b836-872bed3864ff"
      expires:
      - '-1'
      pragma:
      - no-cache
      server:
      - Microsoft-HTTPAPI/2.0
      - Microsoft-HTTPAPI/2.0
      strict-transport-security:
      - max-age=31536000; includeSubDomains
      transfer-encoding:
      - chunked
      vary:
      - Accept-Encoding
      x-content-type-options:
      - nosniff
      x-ms-arm-service-request-id:
      - c69b34f6-4bdc-457b-923f-58c1c8f4f96b
    status:
      code: 200
      message: ''
- request:
    body: null
    headers:
      Accept:
      - application/json
      Accept-Encoding:
      - gzip, deflate
      CommandName:
      - network private-endpoint dns-zone-group add
      Connection:
      - keep-alive
      ParameterSetName:
      - --endpoint-name -g -n --zone-name --private-dns-zone
      User-Agent:
      - AZURECLI/2.42.0 (PIP) azsdk-python-azure-mgmt-network/21.0.1 Python/3.8.10
        (Windows-10-10.0.19045-SP0)
    method: GET
    uri: https://management.azure.com/subscriptions/00000000-0000-0000-0000-000000000000/resourceGroups/fanqiu_cli_test_network_private_endpoints000001/providers/Microsoft.Network/privateEndpoints/cli-pe-000005/privateDnsZoneGroups/clidnsgroup?api-version=2022-01-01
  response:
    body:
      string: "{\r\n  \"name\": \"clidnsgroup\",\r\n  \"id\": \"/subscriptions/00000000-0000-0000-0000-000000000000/resourceGroups/fanqiu_cli_test_network_private_endpoints000001/providers/Microsoft.Network/privateEndpoints/cli-pe-000005/privateDnsZoneGroups/clidnsgroup\",\r\n
        \ \"etag\": \"W/\\\"ae21d07b-7f5b-4fcb-b836-872bed3864ff\\\"\",\r\n  \"type\":
        \"Microsoft.Network/privateEndpoints/privateDnsZoneGroups\",\r\n  \"properties\":
        {\r\n    \"provisioningState\": \"Succeeded\",\r\n    \"privateDnsZoneConfigs\":
        [\r\n      {\r\n        \"name\": \"clizone1\",\r\n        \"id\": \"/subscriptions/00000000-0000-0000-0000-000000000000/resourceGroups/fanqiu_cli_test_network_private_endpoints000001/providers/Microsoft.Network/privateEndpoints/cli-pe-000005/privateDnsZoneGroups/clidnsgroup/privateDnsZoneConfigs/clizone1\",\r\n
        \       \"etag\": \"W/\\\"ae21d07b-7f5b-4fcb-b836-872bed3864ff\\\"\",\r\n
        \       \"type\": \"Microsoft.Network/privateEndpoints/privateDnsZoneGroups/privateDnsZoneConfigs\",\r\n
        \       \"properties\": {\r\n          \"provisioningState\": \"Succeeded\",\r\n
        \         \"privateDnsZoneId\": \"/subscriptions/00000000-0000-0000-0000-000000000000/resourceGroups/fanqiu_cli_test_network_private_endpoints000001/providers/Microsoft.Network/privateDnsZones/www.clizone1.com\",\r\n
        \         \"recordSets\": []\r\n        }\r\n      }\r\n    ]\r\n  }\r\n}"
    headers:
      cache-control:
      - no-cache
      content-length:
      - '1261'
      content-type:
      - application/json; charset=utf-8
      date:
      - Wed, 23 Nov 2022 06:51:16 GMT
      etag:
      - W/"ae21d07b-7f5b-4fcb-b836-872bed3864ff"
      expires:
      - '-1'
      pragma:
      - no-cache
      server:
      - Microsoft-HTTPAPI/2.0
      - Microsoft-HTTPAPI/2.0
      strict-transport-security:
      - max-age=31536000; includeSubDomains
      transfer-encoding:
      - chunked
      vary:
      - Accept-Encoding
      x-content-type-options:
      - nosniff
      x-ms-arm-service-request-id:
      - 54c18db6-d052-4170-9778-fb6092406fb3
    status:
      code: 200
      message: ''
- request:
    body: '{"id": "/subscriptions/00000000-0000-0000-0000-000000000000/resourceGroups/fanqiu_cli_test_network_private_endpoints000001/providers/Microsoft.Network/privateEndpoints/cli-pe-000005/privateDnsZoneGroups/clidnsgroup",
      "name": "clidnsgroup", "properties": {"privateDnsZoneConfigs": [{"name": "clizone1",
      "properties": {"privateDnsZoneId": "/subscriptions/00000000-0000-0000-0000-000000000000/resourceGroups/fanqiu_cli_test_network_private_endpoints000001/providers/Microsoft.Network/privateDnsZones/www.clizone1.com"}},
      {"name": "clizone2", "properties": {"privateDnsZoneId": "/subscriptions/00000000-0000-0000-0000-000000000000/resourceGroups/fanqiu_cli_test_network_private_endpoints000001/providers/Microsoft.Network/privateDnsZones/www.clizone2.com"}}]}}'
    headers:
      Accept:
      - application/json
      Accept-Encoding:
      - gzip, deflate
      CommandName:
      - network private-endpoint dns-zone-group add
      Connection:
      - keep-alive
      Content-Length:
      - '756'
      Content-Type:
      - application/json
      ParameterSetName:
      - --endpoint-name -g -n --zone-name --private-dns-zone
      User-Agent:
      - AZURECLI/2.42.0 (PIP) azsdk-python-azure-mgmt-network/21.0.1 Python/3.8.10
        (Windows-10-10.0.19045-SP0)
    method: PUT
    uri: https://management.azure.com/subscriptions/00000000-0000-0000-0000-000000000000/resourceGroups/fanqiu_cli_test_network_private_endpoints000001/providers/Microsoft.Network/privateEndpoints/cli-pe-000005/privateDnsZoneGroups/clidnsgroup?api-version=2022-01-01
  response:
    body:
      string: "{\r\n  \"name\": \"clidnsgroup\",\r\n  \"id\": \"/subscriptions/00000000-0000-0000-0000-000000000000/resourceGroups/fanqiu_cli_test_network_private_endpoints000001/providers/Microsoft.Network/privateEndpoints/cli-pe-000005/privateDnsZoneGroups/clidnsgroup\",\r\n
        \ \"etag\": \"W/\\\"e14db866-5910-4edc-9158-16649accb530\\\"\",\r\n  \"type\":
        \"Microsoft.Network/privateEndpoints/privateDnsZoneGroups\",\r\n  \"properties\":
        {\r\n    \"provisioningState\": \"Updating\",\r\n    \"privateDnsZoneConfigs\":
        [\r\n      {\r\n        \"name\": \"clizone1\",\r\n        \"id\": \"/subscriptions/00000000-0000-0000-0000-000000000000/resourceGroups/fanqiu_cli_test_network_private_endpoints000001/providers/Microsoft.Network/privateEndpoints/cli-pe-000005/privateDnsZoneGroups/clidnsgroup/privateDnsZoneConfigs/clizone1\",\r\n
        \       \"etag\": \"W/\\\"e14db866-5910-4edc-9158-16649accb530\\\"\",\r\n
        \       \"type\": \"Microsoft.Network/privateEndpoints/privateDnsZoneGroups/privateDnsZoneConfigs\",\r\n
        \       \"properties\": {\r\n          \"provisioningState\": \"Updating\",\r\n
        \         \"privateDnsZoneId\": \"/subscriptions/00000000-0000-0000-0000-000000000000/resourceGroups/fanqiu_cli_test_network_private_endpoints000001/providers/Microsoft.Network/privateDnsZones/www.clizone1.com\",\r\n
        \         \"recordSets\": []\r\n        }\r\n      },\r\n      {\r\n        \"name\":
        \"clizone2\",\r\n        \"id\": \"/subscriptions/00000000-0000-0000-0000-000000000000/resourceGroups/fanqiu_cli_test_network_private_endpoints000001/providers/Microsoft.Network/privateEndpoints/cli-pe-000005/privateDnsZoneGroups/clidnsgroup/privateDnsZoneConfigs/clizone2\",\r\n
        \       \"etag\": \"W/\\\"e14db866-5910-4edc-9158-16649accb530\\\"\",\r\n
        \       \"type\": \"Microsoft.Network/privateEndpoints/privateDnsZoneGroups/privateDnsZoneConfigs\",\r\n
        \       \"properties\": {\r\n          \"provisioningState\": \"Updating\",\r\n
        \         \"privateDnsZoneId\": \"/subscriptions/00000000-0000-0000-0000-000000000000/resourceGroups/fanqiu_cli_test_network_private_endpoints000001/providers/Microsoft.Network/privateDnsZones/www.clizone2.com\",\r\n
        \         \"recordSets\": []\r\n        }\r\n      }\r\n    ]\r\n  }\r\n}"
    headers:
      azure-asyncnotification:
      - Enabled
      azure-asyncoperation:
      - https://management.azure.com/subscriptions/00000000-0000-0000-0000-000000000000/providers/Microsoft.Network/locations/centraluseuap/operations/5306901d-eac4-4621-bc1a-8c28a8a4c656?api-version=2022-01-01
      cache-control:
      - no-cache
      content-length:
      - '2042'
      content-type:
      - application/json; charset=utf-8
      date:
      - Wed, 23 Nov 2022 06:51:17 GMT
      expires:
      - '-1'
      pragma:
      - no-cache
      server:
      - Microsoft-HTTPAPI/2.0
      - Microsoft-HTTPAPI/2.0
      strict-transport-security:
      - max-age=31536000; includeSubDomains
      transfer-encoding:
      - chunked
      vary:
      - Accept-Encoding
      x-content-type-options:
      - nosniff
      x-ms-arm-service-request-id:
      - 39877ea0-7cc4-4e66-ab64-dcffb7bc7fab
      x-ms-ratelimit-remaining-subscription-writes:
      - '1198'
    status:
      code: 200
      message: ''
- request:
    body: null
    headers:
      Accept:
      - '*/*'
      Accept-Encoding:
      - gzip, deflate
      CommandName:
      - network private-endpoint dns-zone-group add
      Connection:
      - keep-alive
      ParameterSetName:
      - --endpoint-name -g -n --zone-name --private-dns-zone
      User-Agent:
      - AZURECLI/2.42.0 (PIP) azsdk-python-azure-mgmt-network/21.0.1 Python/3.8.10
        (Windows-10-10.0.19045-SP0)
    method: GET
    uri: https://management.azure.com/subscriptions/00000000-0000-0000-0000-000000000000/providers/Microsoft.Network/locations/centraluseuap/operations/5306901d-eac4-4621-bc1a-8c28a8a4c656?api-version=2022-01-01
  response:
    body:
      string: "{\r\n  \"status\": \"Succeeded\"\r\n}"
    headers:
      cache-control:
      - no-cache
      content-length:
      - '29'
      content-type:
      - application/json; charset=utf-8
      date:
      - Wed, 23 Nov 2022 06:51:28 GMT
      expires:
      - '-1'
      pragma:
      - no-cache
      server:
      - Microsoft-HTTPAPI/2.0
      - Microsoft-HTTPAPI/2.0
      strict-transport-security:
      - max-age=31536000; includeSubDomains
      transfer-encoding:
      - chunked
      vary:
      - Accept-Encoding
      x-content-type-options:
      - nosniff
      x-ms-arm-service-request-id:
      - 2f78bed7-4e38-461d-ae7c-de9c05052e7e
    status:
      code: 200
      message: ''
- request:
    body: null
    headers:
      Accept:
      - '*/*'
      Accept-Encoding:
      - gzip, deflate
      CommandName:
      - network private-endpoint dns-zone-group add
      Connection:
      - keep-alive
      ParameterSetName:
      - --endpoint-name -g -n --zone-name --private-dns-zone
      User-Agent:
      - AZURECLI/2.42.0 (PIP) azsdk-python-azure-mgmt-network/21.0.1 Python/3.8.10
        (Windows-10-10.0.19045-SP0)
    method: GET
    uri: https://management.azure.com/subscriptions/00000000-0000-0000-0000-000000000000/resourceGroups/fanqiu_cli_test_network_private_endpoints000001/providers/Microsoft.Network/privateEndpoints/cli-pe-000005/privateDnsZoneGroups/clidnsgroup?api-version=2022-01-01
  response:
    body:
      string: "{\r\n  \"name\": \"clidnsgroup\",\r\n  \"id\": \"/subscriptions/00000000-0000-0000-0000-000000000000/resourceGroups/fanqiu_cli_test_network_private_endpoints000001/providers/Microsoft.Network/privateEndpoints/cli-pe-000005/privateDnsZoneGroups/clidnsgroup\",\r\n
        \ \"etag\": \"W/\\\"98bbad87-41c2-4ed6-ba46-226e7db1be92\\\"\",\r\n  \"type\":
        \"Microsoft.Network/privateEndpoints/privateDnsZoneGroups\",\r\n  \"properties\":
        {\r\n    \"provisioningState\": \"Succeeded\",\r\n    \"privateDnsZoneConfigs\":
        [\r\n      {\r\n        \"name\": \"clizone1\",\r\n        \"id\": \"/subscriptions/00000000-0000-0000-0000-000000000000/resourceGroups/fanqiu_cli_test_network_private_endpoints000001/providers/Microsoft.Network/privateEndpoints/cli-pe-000005/privateDnsZoneGroups/clidnsgroup/privateDnsZoneConfigs/clizone1\",\r\n
        \       \"etag\": \"W/\\\"98bbad87-41c2-4ed6-ba46-226e7db1be92\\\"\",\r\n
        \       \"type\": \"Microsoft.Network/privateEndpoints/privateDnsZoneGroups/privateDnsZoneConfigs\",\r\n
        \       \"properties\": {\r\n          \"provisioningState\": \"Succeeded\",\r\n
        \         \"privateDnsZoneId\": \"/subscriptions/00000000-0000-0000-0000-000000000000/resourceGroups/fanqiu_cli_test_network_private_endpoints000001/providers/Microsoft.Network/privateDnsZones/www.clizone1.com\",\r\n
        \         \"recordSets\": []\r\n        }\r\n      },\r\n      {\r\n        \"name\":
        \"clizone2\",\r\n        \"id\": \"/subscriptions/00000000-0000-0000-0000-000000000000/resourceGroups/fanqiu_cli_test_network_private_endpoints000001/providers/Microsoft.Network/privateEndpoints/cli-pe-000005/privateDnsZoneGroups/clidnsgroup/privateDnsZoneConfigs/clizone2\",\r\n
        \       \"etag\": \"W/\\\"98bbad87-41c2-4ed6-ba46-226e7db1be92\\\"\",\r\n
        \       \"type\": \"Microsoft.Network/privateEndpoints/privateDnsZoneGroups/privateDnsZoneConfigs\",\r\n
        \       \"properties\": {\r\n          \"provisioningState\": \"Succeeded\",\r\n
        \         \"privateDnsZoneId\": \"/subscriptions/00000000-0000-0000-0000-000000000000/resourceGroups/fanqiu_cli_test_network_private_endpoints000001/providers/Microsoft.Network/privateDnsZones/www.clizone2.com\",\r\n
        \         \"recordSets\": []\r\n        }\r\n      }\r\n    ]\r\n  }\r\n}"
    headers:
      cache-control:
      - no-cache
      content-length:
      - '2045'
      content-type:
      - application/json; charset=utf-8
      date:
      - Wed, 23 Nov 2022 06:51:28 GMT
      etag:
      - W/"98bbad87-41c2-4ed6-ba46-226e7db1be92"
      expires:
      - '-1'
      pragma:
      - no-cache
      server:
      - Microsoft-HTTPAPI/2.0
      - Microsoft-HTTPAPI/2.0
      strict-transport-security:
      - max-age=31536000; includeSubDomains
      transfer-encoding:
      - chunked
      vary:
      - Accept-Encoding
      x-content-type-options:
      - nosniff
      x-ms-arm-service-request-id:
      - 0ecb2fbc-962d-4c6e-a637-7532357a079b
    status:
      code: 200
      message: ''
- request:
    body: null
    headers:
      Accept:
      - application/json
      Accept-Encoding:
      - gzip, deflate
      CommandName:
      - network private-endpoint dns-zone-group show
      Connection:
      - keep-alive
      ParameterSetName:
      - --endpoint-name -g -n
      User-Agent:
      - AZURECLI/2.42.0 (PIP) azsdk-python-azure-mgmt-network/21.0.1 Python/3.8.10
        (Windows-10-10.0.19045-SP0)
    method: GET
    uri: https://management.azure.com/subscriptions/00000000-0000-0000-0000-000000000000/resourceGroups/fanqiu_cli_test_network_private_endpoints000001/providers/Microsoft.Network/privateEndpoints/cli-pe-000005/privateDnsZoneGroups/clidnsgroup?api-version=2022-01-01
  response:
    body:
      string: "{\r\n  \"name\": \"clidnsgroup\",\r\n  \"id\": \"/subscriptions/00000000-0000-0000-0000-000000000000/resourceGroups/fanqiu_cli_test_network_private_endpoints000001/providers/Microsoft.Network/privateEndpoints/cli-pe-000005/privateDnsZoneGroups/clidnsgroup\",\r\n
        \ \"etag\": \"W/\\\"98bbad87-41c2-4ed6-ba46-226e7db1be92\\\"\",\r\n  \"type\":
        \"Microsoft.Network/privateEndpoints/privateDnsZoneGroups\",\r\n  \"properties\":
        {\r\n    \"provisioningState\": \"Succeeded\",\r\n    \"privateDnsZoneConfigs\":
        [\r\n      {\r\n        \"name\": \"clizone1\",\r\n        \"id\": \"/subscriptions/00000000-0000-0000-0000-000000000000/resourceGroups/fanqiu_cli_test_network_private_endpoints000001/providers/Microsoft.Network/privateEndpoints/cli-pe-000005/privateDnsZoneGroups/clidnsgroup/privateDnsZoneConfigs/clizone1\",\r\n
        \       \"etag\": \"W/\\\"98bbad87-41c2-4ed6-ba46-226e7db1be92\\\"\",\r\n
        \       \"type\": \"Microsoft.Network/privateEndpoints/privateDnsZoneGroups/privateDnsZoneConfigs\",\r\n
        \       \"properties\": {\r\n          \"provisioningState\": \"Succeeded\",\r\n
        \         \"privateDnsZoneId\": \"/subscriptions/00000000-0000-0000-0000-000000000000/resourceGroups/fanqiu_cli_test_network_private_endpoints000001/providers/Microsoft.Network/privateDnsZones/www.clizone1.com\",\r\n
        \         \"recordSets\": []\r\n        }\r\n      },\r\n      {\r\n        \"name\":
        \"clizone2\",\r\n        \"id\": \"/subscriptions/00000000-0000-0000-0000-000000000000/resourceGroups/fanqiu_cli_test_network_private_endpoints000001/providers/Microsoft.Network/privateEndpoints/cli-pe-000005/privateDnsZoneGroups/clidnsgroup/privateDnsZoneConfigs/clizone2\",\r\n
        \       \"etag\": \"W/\\\"98bbad87-41c2-4ed6-ba46-226e7db1be92\\\"\",\r\n
        \       \"type\": \"Microsoft.Network/privateEndpoints/privateDnsZoneGroups/privateDnsZoneConfigs\",\r\n
        \       \"properties\": {\r\n          \"provisioningState\": \"Succeeded\",\r\n
        \         \"privateDnsZoneId\": \"/subscriptions/00000000-0000-0000-0000-000000000000/resourceGroups/fanqiu_cli_test_network_private_endpoints000001/providers/Microsoft.Network/privateDnsZones/www.clizone2.com\",\r\n
        \         \"recordSets\": []\r\n        }\r\n      }\r\n    ]\r\n  }\r\n}"
    headers:
      cache-control:
      - no-cache
      content-length:
      - '2045'
      content-type:
      - application/json; charset=utf-8
      date:
      - Wed, 23 Nov 2022 06:51:31 GMT
      etag:
      - W/"98bbad87-41c2-4ed6-ba46-226e7db1be92"
      expires:
      - '-1'
      pragma:
      - no-cache
      server:
      - Microsoft-HTTPAPI/2.0
      - Microsoft-HTTPAPI/2.0
      strict-transport-security:
      - max-age=31536000; includeSubDomains
      transfer-encoding:
      - chunked
      vary:
      - Accept-Encoding
      x-content-type-options:
      - nosniff
      x-ms-arm-service-request-id:
      - eaf8c8bd-2444-469f-949c-faaf153437f0
    status:
      code: 200
      message: ''
- request:
    body: null
    headers:
      Accept:
      - application/json
      Accept-Encoding:
      - gzip, deflate
      CommandName:
      - network private-endpoint dns-zone-group list
      Connection:
      - keep-alive
      ParameterSetName:
      - --endpoint-name -g
      User-Agent:
      - AZURECLI/2.42.0 (PIP) azsdk-python-azure-mgmt-network/21.0.1 Python/3.8.10
        (Windows-10-10.0.19045-SP0)
    method: GET
    uri: https://management.azure.com/subscriptions/00000000-0000-0000-0000-000000000000/resourceGroups/fanqiu_cli_test_network_private_endpoints000001/providers/Microsoft.Network/privateEndpoints/cli-pe-000005/privateDnsZoneGroups?api-version=2022-01-01
  response:
    body:
      string: "{\r\n  \"value\": [\r\n    {\r\n      \"name\": \"clidnsgroup\",\r\n
        \     \"id\": \"/subscriptions/00000000-0000-0000-0000-000000000000/resourceGroups/fanqiu_cli_test_network_private_endpoints000001/providers/Microsoft.Network/privateEndpoints/cli-pe-000005/privateDnsZoneGroups/clidnsgroup\",\r\n
        \     \"etag\": \"W/\\\"98bbad87-41c2-4ed6-ba46-226e7db1be92\\\"\",\r\n      \"type\":
        \"Microsoft.Network/privateEndpoints/privateDnsZoneGroups\",\r\n      \"properties\":
        {\r\n        \"provisioningState\": \"Succeeded\",\r\n        \"privateDnsZoneConfigs\":
        [\r\n          {\r\n            \"name\": \"clizone1\",\r\n            \"id\":
        \"/subscriptions/00000000-0000-0000-0000-000000000000/resourceGroups/fanqiu_cli_test_network_private_endpoints000001/providers/Microsoft.Network/privateEndpoints/cli-pe-000005/privateDnsZoneGroups/clidnsgroup/privateDnsZoneConfigs/clizone1\",\r\n
        \           \"etag\": \"W/\\\"98bbad87-41c2-4ed6-ba46-226e7db1be92\\\"\",\r\n
        \           \"type\": \"Microsoft.Network/privateEndpoints/privateDnsZoneGroups/privateDnsZoneConfigs\",\r\n
        \           \"properties\": {\r\n              \"provisioningState\": \"Succeeded\",\r\n
        \             \"privateDnsZoneId\": \"/subscriptions/00000000-0000-0000-0000-000000000000/resourceGroups/fanqiu_cli_test_network_private_endpoints000001/providers/Microsoft.Network/privateDnsZones/www.clizone1.com\",\r\n
        \             \"recordSets\": []\r\n            }\r\n          },\r\n          {\r\n
        \           \"name\": \"clizone2\",\r\n            \"id\": \"/subscriptions/00000000-0000-0000-0000-000000000000/resourceGroups/fanqiu_cli_test_network_private_endpoints000001/providers/Microsoft.Network/privateEndpoints/cli-pe-000005/privateDnsZoneGroups/clidnsgroup/privateDnsZoneConfigs/clizone2\",\r\n
        \           \"etag\": \"W/\\\"98bbad87-41c2-4ed6-ba46-226e7db1be92\\\"\",\r\n
        \           \"type\": \"Microsoft.Network/privateEndpoints/privateDnsZoneGroups/privateDnsZoneConfigs\",\r\n
        \           \"properties\": {\r\n              \"provisioningState\": \"Succeeded\",\r\n
        \             \"privateDnsZoneId\": \"/subscriptions/00000000-0000-0000-0000-000000000000/resourceGroups/fanqiu_cli_test_network_private_endpoints000001/providers/Microsoft.Network/privateDnsZones/www.clizone2.com\",\r\n
        \             \"recordSets\": []\r\n            }\r\n          }\r\n        ]\r\n
        \     }\r\n    }\r\n  ]\r\n}"
    headers:
      cache-control:
      - no-cache
      content-length:
      - '2202'
      content-type:
      - application/json; charset=utf-8
      date:
      - Wed, 23 Nov 2022 06:51:33 GMT
      expires:
      - '-1'
      pragma:
      - no-cache
      server:
      - Microsoft-HTTPAPI/2.0
      - Microsoft-HTTPAPI/2.0
      strict-transport-security:
      - max-age=31536000; includeSubDomains
      transfer-encoding:
      - chunked
      vary:
      - Accept-Encoding
      x-content-type-options:
      - nosniff
      x-ms-arm-service-request-id:
      - ce363e25-25ea-4f77-8134-969b6f3b6098
    status:
      code: 200
      message: ''
- request:
    body: null
    headers:
      Accept:
      - application/json
      Accept-Encoding:
      - gzip, deflate
      CommandName:
      - network private-endpoint dns-zone-group remove
      Connection:
      - keep-alive
      ParameterSetName:
      - --endpoint-name -g -n --zone-name
      User-Agent:
      - AZURECLI/2.42.0 (PIP) azsdk-python-azure-mgmt-network/21.0.1 Python/3.8.10
        (Windows-10-10.0.19045-SP0)
    method: GET
    uri: https://management.azure.com/subscriptions/00000000-0000-0000-0000-000000000000/resourceGroups/fanqiu_cli_test_network_private_endpoints000001/providers/Microsoft.Network/privateEndpoints/cli-pe-000005/privateDnsZoneGroups/clidnsgroup?api-version=2022-01-01
  response:
    body:
      string: "{\r\n  \"name\": \"clidnsgroup\",\r\n  \"id\": \"/subscriptions/00000000-0000-0000-0000-000000000000/resourceGroups/fanqiu_cli_test_network_private_endpoints000001/providers/Microsoft.Network/privateEndpoints/cli-pe-000005/privateDnsZoneGroups/clidnsgroup\",\r\n
        \ \"etag\": \"W/\\\"98bbad87-41c2-4ed6-ba46-226e7db1be92\\\"\",\r\n  \"type\":
        \"Microsoft.Network/privateEndpoints/privateDnsZoneGroups\",\r\n  \"properties\":
        {\r\n    \"provisioningState\": \"Succeeded\",\r\n    \"privateDnsZoneConfigs\":
        [\r\n      {\r\n        \"name\": \"clizone1\",\r\n        \"id\": \"/subscriptions/00000000-0000-0000-0000-000000000000/resourceGroups/fanqiu_cli_test_network_private_endpoints000001/providers/Microsoft.Network/privateEndpoints/cli-pe-000005/privateDnsZoneGroups/clidnsgroup/privateDnsZoneConfigs/clizone1\",\r\n
        \       \"etag\": \"W/\\\"98bbad87-41c2-4ed6-ba46-226e7db1be92\\\"\",\r\n
        \       \"type\": \"Microsoft.Network/privateEndpoints/privateDnsZoneGroups/privateDnsZoneConfigs\",\r\n
        \       \"properties\": {\r\n          \"provisioningState\": \"Succeeded\",\r\n
        \         \"privateDnsZoneId\": \"/subscriptions/00000000-0000-0000-0000-000000000000/resourceGroups/fanqiu_cli_test_network_private_endpoints000001/providers/Microsoft.Network/privateDnsZones/www.clizone1.com\",\r\n
        \         \"recordSets\": []\r\n        }\r\n      },\r\n      {\r\n        \"name\":
        \"clizone2\",\r\n        \"id\": \"/subscriptions/00000000-0000-0000-0000-000000000000/resourceGroups/fanqiu_cli_test_network_private_endpoints000001/providers/Microsoft.Network/privateEndpoints/cli-pe-000005/privateDnsZoneGroups/clidnsgroup/privateDnsZoneConfigs/clizone2\",\r\n
        \       \"etag\": \"W/\\\"98bbad87-41c2-4ed6-ba46-226e7db1be92\\\"\",\r\n
        \       \"type\": \"Microsoft.Network/privateEndpoints/privateDnsZoneGroups/privateDnsZoneConfigs\",\r\n
        \       \"properties\": {\r\n          \"provisioningState\": \"Succeeded\",\r\n
        \         \"privateDnsZoneId\": \"/subscriptions/00000000-0000-0000-0000-000000000000/resourceGroups/fanqiu_cli_test_network_private_endpoints000001/providers/Microsoft.Network/privateDnsZones/www.clizone2.com\",\r\n
        \         \"recordSets\": []\r\n        }\r\n      }\r\n    ]\r\n  }\r\n}"
    headers:
      cache-control:
      - no-cache
      content-length:
      - '2045'
      content-type:
      - application/json; charset=utf-8
      date:
      - Wed, 23 Nov 2022 06:51:36 GMT
      etag:
      - W/"98bbad87-41c2-4ed6-ba46-226e7db1be92"
      expires:
      - '-1'
      pragma:
      - no-cache
      server:
      - Microsoft-HTTPAPI/2.0
      - Microsoft-HTTPAPI/2.0
      strict-transport-security:
      - max-age=31536000; includeSubDomains
      transfer-encoding:
      - chunked
      vary:
      - Accept-Encoding
      x-content-type-options:
      - nosniff
      x-ms-arm-service-request-id:
      - d75db45c-1064-426c-bee2-25ae07d8e826
    status:
      code: 200
      message: ''
- request:
    body: '{"id": "/subscriptions/00000000-0000-0000-0000-000000000000/resourceGroups/fanqiu_cli_test_network_private_endpoints000001/providers/Microsoft.Network/privateEndpoints/cli-pe-000005/privateDnsZoneGroups/clidnsgroup",
      "name": "clidnsgroup", "properties": {"privateDnsZoneConfigs": [{"name": "clizone1",
      "properties": {"privateDnsZoneId": "/subscriptions/00000000-0000-0000-0000-000000000000/resourceGroups/fanqiu_cli_test_network_private_endpoints000001/providers/Microsoft.Network/privateDnsZones/www.clizone1.com"}}]}}'
    headers:
      Accept:
      - application/json
      Accept-Encoding:
      - gzip, deflate
      CommandName:
      - network private-endpoint dns-zone-group remove
      Connection:
      - keep-alive
      Content-Length:
      - '519'
      Content-Type:
      - application/json
      ParameterSetName:
      - --endpoint-name -g -n --zone-name
      User-Agent:
      - AZURECLI/2.42.0 (PIP) azsdk-python-azure-mgmt-network/21.0.1 Python/3.8.10
        (Windows-10-10.0.19045-SP0)
    method: PUT
    uri: https://management.azure.com/subscriptions/00000000-0000-0000-0000-000000000000/resourceGroups/fanqiu_cli_test_network_private_endpoints000001/providers/Microsoft.Network/privateEndpoints/cli-pe-000005/privateDnsZoneGroups/clidnsgroup?api-version=2022-01-01
  response:
    body:
      string: "{\r\n  \"name\": \"clidnsgroup\",\r\n  \"id\": \"/subscriptions/00000000-0000-0000-0000-000000000000/resourceGroups/fanqiu_cli_test_network_private_endpoints000001/providers/Microsoft.Network/privateEndpoints/cli-pe-000005/privateDnsZoneGroups/clidnsgroup\",\r\n
        \ \"etag\": \"W/\\\"6fd1f872-138a-4c42-a0c0-85e0ab19ab3d\\\"\",\r\n  \"type\":
        \"Microsoft.Network/privateEndpoints/privateDnsZoneGroups\",\r\n  \"properties\":
        {\r\n    \"provisioningState\": \"Updating\",\r\n    \"privateDnsZoneConfigs\":
        [\r\n      {\r\n        \"name\": \"clizone1\",\r\n        \"id\": \"/subscriptions/00000000-0000-0000-0000-000000000000/resourceGroups/fanqiu_cli_test_network_private_endpoints000001/providers/Microsoft.Network/privateEndpoints/cli-pe-000005/privateDnsZoneGroups/clidnsgroup/privateDnsZoneConfigs/clizone1\",\r\n
        \       \"etag\": \"W/\\\"6fd1f872-138a-4c42-a0c0-85e0ab19ab3d\\\"\",\r\n
        \       \"type\": \"Microsoft.Network/privateEndpoints/privateDnsZoneGroups/privateDnsZoneConfigs\",\r\n
        \       \"properties\": {\r\n          \"provisioningState\": \"Updating\",\r\n
        \         \"privateDnsZoneId\": \"/subscriptions/00000000-0000-0000-0000-000000000000/resourceGroups/fanqiu_cli_test_network_private_endpoints000001/providers/Microsoft.Network/privateDnsZones/www.clizone1.com\",\r\n
        \         \"recordSets\": []\r\n        }\r\n      }\r\n    ]\r\n  }\r\n}"
    headers:
      azure-asyncnotification:
      - Enabled
      azure-asyncoperation:
      - https://management.azure.com/subscriptions/00000000-0000-0000-0000-000000000000/providers/Microsoft.Network/locations/centraluseuap/operations/4a504fd1-620b-400e-99ef-cd6228ab1d8b?api-version=2022-01-01
      cache-control:
      - no-cache
      content-length:
      - '1259'
      content-type:
      - application/json; charset=utf-8
      date:
      - Wed, 23 Nov 2022 06:51:37 GMT
      expires:
      - '-1'
      pragma:
      - no-cache
      server:
      - Microsoft-HTTPAPI/2.0
      - Microsoft-HTTPAPI/2.0
      strict-transport-security:
      - max-age=31536000; includeSubDomains
      transfer-encoding:
      - chunked
      vary:
      - Accept-Encoding
      x-content-type-options:
      - nosniff
      x-ms-arm-service-request-id:
      - 507f9e27-e12a-42e1-80dc-e82d8a698bd1
      x-ms-ratelimit-remaining-subscription-writes:
      - '1198'
    status:
      code: 200
      message: ''
- request:
    body: null
    headers:
      Accept:
      - '*/*'
      Accept-Encoding:
      - gzip, deflate
      CommandName:
      - network private-endpoint dns-zone-group remove
      Connection:
      - keep-alive
      ParameterSetName:
      - --endpoint-name -g -n --zone-name
      User-Agent:
      - AZURECLI/2.42.0 (PIP) azsdk-python-azure-mgmt-network/21.0.1 Python/3.8.10
        (Windows-10-10.0.19045-SP0)
    method: GET
    uri: https://management.azure.com/subscriptions/00000000-0000-0000-0000-000000000000/providers/Microsoft.Network/locations/centraluseuap/operations/4a504fd1-620b-400e-99ef-cd6228ab1d8b?api-version=2022-01-01
  response:
    body:
      string: "{\r\n  \"status\": \"Succeeded\"\r\n}"
    headers:
      cache-control:
      - no-cache
      content-length:
      - '29'
      content-type:
      - application/json; charset=utf-8
      date:
      - Wed, 23 Nov 2022 06:51:47 GMT
      expires:
      - '-1'
      pragma:
      - no-cache
      server:
      - Microsoft-HTTPAPI/2.0
      - Microsoft-HTTPAPI/2.0
      strict-transport-security:
      - max-age=31536000; includeSubDomains
      transfer-encoding:
      - chunked
      vary:
      - Accept-Encoding
      x-content-type-options:
      - nosniff
      x-ms-arm-service-request-id:
      - e45f4343-6866-43d6-a49c-aae26014f23e
    status:
      code: 200
      message: ''
- request:
    body: null
    headers:
      Accept:
      - '*/*'
      Accept-Encoding:
      - gzip, deflate
      CommandName:
      - network private-endpoint dns-zone-group remove
      Connection:
      - keep-alive
      ParameterSetName:
      - --endpoint-name -g -n --zone-name
      User-Agent:
      - AZURECLI/2.42.0 (PIP) azsdk-python-azure-mgmt-network/21.0.1 Python/3.8.10
        (Windows-10-10.0.19045-SP0)
    method: GET
    uri: https://management.azure.com/subscriptions/00000000-0000-0000-0000-000000000000/resourceGroups/fanqiu_cli_test_network_private_endpoints000001/providers/Microsoft.Network/privateEndpoints/cli-pe-000005/privateDnsZoneGroups/clidnsgroup?api-version=2022-01-01
  response:
    body:
      string: "{\r\n  \"name\": \"clidnsgroup\",\r\n  \"id\": \"/subscriptions/00000000-0000-0000-0000-000000000000/resourceGroups/fanqiu_cli_test_network_private_endpoints000001/providers/Microsoft.Network/privateEndpoints/cli-pe-000005/privateDnsZoneGroups/clidnsgroup\",\r\n
        \ \"etag\": \"W/\\\"43a641d2-5d28-48a6-b52a-7e5e40051a18\\\"\",\r\n  \"type\":
        \"Microsoft.Network/privateEndpoints/privateDnsZoneGroups\",\r\n  \"properties\":
        {\r\n    \"provisioningState\": \"Succeeded\",\r\n    \"privateDnsZoneConfigs\":
        [\r\n      {\r\n        \"name\": \"clizone1\",\r\n        \"id\": \"/subscriptions/00000000-0000-0000-0000-000000000000/resourceGroups/fanqiu_cli_test_network_private_endpoints000001/providers/Microsoft.Network/privateEndpoints/cli-pe-000005/privateDnsZoneGroups/clidnsgroup/privateDnsZoneConfigs/clizone1\",\r\n
        \       \"etag\": \"W/\\\"43a641d2-5d28-48a6-b52a-7e5e40051a18\\\"\",\r\n
        \       \"type\": \"Microsoft.Network/privateEndpoints/privateDnsZoneGroups/privateDnsZoneConfigs\",\r\n
        \       \"properties\": {\r\n          \"provisioningState\": \"Succeeded\",\r\n
        \         \"privateDnsZoneId\": \"/subscriptions/00000000-0000-0000-0000-000000000000/resourceGroups/fanqiu_cli_test_network_private_endpoints000001/providers/Microsoft.Network/privateDnsZones/www.clizone1.com\",\r\n
        \         \"recordSets\": []\r\n        }\r\n      }\r\n    ]\r\n  }\r\n}"
    headers:
      cache-control:
      - no-cache
      content-length:
      - '1261'
      content-type:
      - application/json; charset=utf-8
      date:
      - Wed, 23 Nov 2022 06:51:47 GMT
      etag:
      - W/"43a641d2-5d28-48a6-b52a-7e5e40051a18"
      expires:
      - '-1'
      pragma:
      - no-cache
      server:
      - Microsoft-HTTPAPI/2.0
      - Microsoft-HTTPAPI/2.0
      strict-transport-security:
      - max-age=31536000; includeSubDomains
      transfer-encoding:
      - chunked
      vary:
      - Accept-Encoding
      x-content-type-options:
      - nosniff
      x-ms-arm-service-request-id:
      - c7320dce-52a1-4494-b6cc-6a7628792aac
    status:
      code: 200
      message: ''
- request:
    body: null
    headers:
      Accept:
      - application/json
      Accept-Encoding:
      - gzip, deflate
      CommandName:
      - network private-endpoint dns-zone-group show
      Connection:
      - keep-alive
      ParameterSetName:
      - --endpoint-name -g -n
      User-Agent:
      - AZURECLI/2.42.0 (PIP) azsdk-python-azure-mgmt-network/21.0.1 Python/3.8.10
        (Windows-10-10.0.19045-SP0)
    method: GET
    uri: https://management.azure.com/subscriptions/00000000-0000-0000-0000-000000000000/resourceGroups/fanqiu_cli_test_network_private_endpoints000001/providers/Microsoft.Network/privateEndpoints/cli-pe-000005/privateDnsZoneGroups/clidnsgroup?api-version=2022-01-01
  response:
    body:
      string: "{\r\n  \"name\": \"clidnsgroup\",\r\n  \"id\": \"/subscriptions/00000000-0000-0000-0000-000000000000/resourceGroups/fanqiu_cli_test_network_private_endpoints000001/providers/Microsoft.Network/privateEndpoints/cli-pe-000005/privateDnsZoneGroups/clidnsgroup\",\r\n
        \ \"etag\": \"W/\\\"43a641d2-5d28-48a6-b52a-7e5e40051a18\\\"\",\r\n  \"type\":
        \"Microsoft.Network/privateEndpoints/privateDnsZoneGroups\",\r\n  \"properties\":
        {\r\n    \"provisioningState\": \"Succeeded\",\r\n    \"privateDnsZoneConfigs\":
        [\r\n      {\r\n        \"name\": \"clizone1\",\r\n        \"id\": \"/subscriptions/00000000-0000-0000-0000-000000000000/resourceGroups/fanqiu_cli_test_network_private_endpoints000001/providers/Microsoft.Network/privateEndpoints/cli-pe-000005/privateDnsZoneGroups/clidnsgroup/privateDnsZoneConfigs/clizone1\",\r\n
        \       \"etag\": \"W/\\\"43a641d2-5d28-48a6-b52a-7e5e40051a18\\\"\",\r\n
        \       \"type\": \"Microsoft.Network/privateEndpoints/privateDnsZoneGroups/privateDnsZoneConfigs\",\r\n
        \       \"properties\": {\r\n          \"provisioningState\": \"Succeeded\",\r\n
        \         \"privateDnsZoneId\": \"/subscriptions/00000000-0000-0000-0000-000000000000/resourceGroups/fanqiu_cli_test_network_private_endpoints000001/providers/Microsoft.Network/privateDnsZones/www.clizone1.com\",\r\n
        \         \"recordSets\": []\r\n        }\r\n      }\r\n    ]\r\n  }\r\n}"
    headers:
      cache-control:
      - no-cache
      content-length:
      - '1261'
      content-type:
      - application/json; charset=utf-8
      date:
      - Wed, 23 Nov 2022 06:51:51 GMT
      etag:
      - W/"43a641d2-5d28-48a6-b52a-7e5e40051a18"
      expires:
      - '-1'
      pragma:
      - no-cache
      server:
      - Microsoft-HTTPAPI/2.0
      - Microsoft-HTTPAPI/2.0
      strict-transport-security:
      - max-age=31536000; includeSubDomains
      transfer-encoding:
      - chunked
      vary:
      - Accept-Encoding
      x-content-type-options:
      - nosniff
      x-ms-arm-service-request-id:
      - 19af39ae-1aeb-4f48-8983-e7e5010b37af
    status:
      code: 200
      message: ''
- request:
    body: null
    headers:
      Accept:
      - application/json
      Accept-Encoding:
      - gzip, deflate
      CommandName:
      - network private-endpoint dns-zone-group delete
      Connection:
      - keep-alive
      Content-Length:
      - '0'
      ParameterSetName:
      - --endpoint-name -g -n
      User-Agent:
      - AZURECLI/2.42.0 (PIP) azsdk-python-azure-mgmt-network/21.0.1 Python/3.8.10
        (Windows-10-10.0.19045-SP0)
    method: DELETE
    uri: https://management.azure.com/subscriptions/00000000-0000-0000-0000-000000000000/resourceGroups/fanqiu_cli_test_network_private_endpoints000001/providers/Microsoft.Network/privateEndpoints/cli-pe-000005/privateDnsZoneGroups/clidnsgroup?api-version=2022-01-01
  response:
    body:
      string: ''
    headers:
      azure-asyncnotification:
      - Enabled
      azure-asyncoperation:
      - https://management.azure.com/subscriptions/00000000-0000-0000-0000-000000000000/providers/Microsoft.Network/locations/centraluseuap/operations/e61c3e45-8dbe-4f83-b62d-d4df8e596541?api-version=2022-01-01
      cache-control:
      - no-cache
      content-length:
      - '0'
      date:
      - Wed, 23 Nov 2022 06:51:53 GMT
      expires:
      - '-1'
      location:
      - https://management.azure.com/subscriptions/00000000-0000-0000-0000-000000000000/providers/Microsoft.Network/locations/centraluseuap/operationResults/e61c3e45-8dbe-4f83-b62d-d4df8e596541?api-version=2022-01-01
      pragma:
      - no-cache
      server:
      - Microsoft-HTTPAPI/2.0
      - Microsoft-HTTPAPI/2.0
      strict-transport-security:
      - max-age=31536000; includeSubDomains
      x-content-type-options:
      - nosniff
      x-ms-arm-service-request-id:
      - 4e415f95-58cb-49e9-b9ed-e392c8279849
      x-ms-ratelimit-remaining-subscription-deletes:
      - '14998'
    status:
      code: 202
      message: ''
- request:
    body: null
    headers:
      Accept:
      - '*/*'
      Accept-Encoding:
      - gzip, deflate
      CommandName:
      - network private-endpoint dns-zone-group delete
      Connection:
      - keep-alive
      ParameterSetName:
      - --endpoint-name -g -n
      User-Agent:
      - AZURECLI/2.42.0 (PIP) azsdk-python-azure-mgmt-network/21.0.1 Python/3.8.10
        (Windows-10-10.0.19045-SP0)
    method: GET
    uri: https://management.azure.com/subscriptions/00000000-0000-0000-0000-000000000000/providers/Microsoft.Network/locations/centraluseuap/operations/e61c3e45-8dbe-4f83-b62d-d4df8e596541?api-version=2022-01-01
  response:
    body:
      string: "{\r\n  \"status\": \"Succeeded\"\r\n}"
    headers:
      cache-control:
      - no-cache
      content-length:
      - '29'
      content-type:
      - application/json; charset=utf-8
      date:
      - Wed, 23 Nov 2022 06:52:03 GMT
      expires:
      - '-1'
      pragma:
      - no-cache
      server:
      - Microsoft-HTTPAPI/2.0
      - Microsoft-HTTPAPI/2.0
      strict-transport-security:
      - max-age=31536000; includeSubDomains
      transfer-encoding:
      - chunked
      vary:
      - Accept-Encoding
      x-content-type-options:
      - nosniff
      x-ms-arm-service-request-id:
      - cce039fc-4b77-4eb8-8232-48f461f64a3e
    status:
      code: 200
      message: ''
- request:
    body: null
    headers:
      Accept:
      - '*/*'
      Accept-Encoding:
      - gzip, deflate
      CommandName:
      - network private-endpoint dns-zone-group delete
      Connection:
      - keep-alive
      ParameterSetName:
      - --endpoint-name -g -n
      User-Agent:
      - AZURECLI/2.42.0 (PIP) azsdk-python-azure-mgmt-network/21.0.1 Python/3.8.10
        (Windows-10-10.0.19045-SP0)
    method: GET
    uri: https://management.azure.com/subscriptions/00000000-0000-0000-0000-000000000000/providers/Microsoft.Network/locations/centraluseuap/operationResults/e61c3e45-8dbe-4f83-b62d-d4df8e596541?api-version=2022-01-01
  response:
    body:
      string: ''
    headers:
      azure-asyncnotification:
      - Enabled
      azure-asyncoperation:
      - https://management.azure.com/subscriptions/00000000-0000-0000-0000-000000000000/providers/Microsoft.Network/locations/centraluseuap/operations/e61c3e45-8dbe-4f83-b62d-d4df8e596541?api-version=2022-01-01
      cache-control:
      - no-cache
      content-type:
      - application/json; charset=utf-8
      date:
      - Wed, 23 Nov 2022 06:52:03 GMT
      expires:
      - '-1'
      location:
      - https://management.azure.com/subscriptions/00000000-0000-0000-0000-000000000000/providers/Microsoft.Network/locations/centraluseuap/operationResults/e61c3e45-8dbe-4f83-b62d-d4df8e596541?api-version=2022-01-01
      pragma:
      - no-cache
      server:
      - Microsoft-HTTPAPI/2.0
      - Microsoft-HTTPAPI/2.0
      strict-transport-security:
      - max-age=31536000; includeSubDomains
      x-content-type-options:
      - nosniff
      x-ms-arm-service-request-id:
      - 4e415f95-58cb-49e9-b9ed-e392c8279849
    status:
      code: 204
      message: No Content
version: 1
