interactions:
- request:
    body: null
    headers:
      Accept:
      - application/json
      Accept-Encoding:
      - gzip, deflate
      CommandName:
      - network nsg create
      Connection:
      - keep-alive
      ParameterSetName:
      - -g -n
      User-Agent:
      - AZURECLI/2.32.0 azsdk-python-azure-mgmt-resource/20.0.0 Python/3.8.9 (Windows-10-10.0.22000-SP0)
    method: GET
    uri: https://management.azure.com/subscriptions/00000000-0000-0000-0000-000000000000/resourcegroups/test_nw_flow_log_000001?api-version=2021-04-01
  response:
    body:
      string: '{"id":"/subscriptions/00000000-0000-0000-0000-000000000000/resourceGroups/test_nw_flow_log_000001","name":"test_nw_flow_log_000001","type":"Microsoft.Resources/resourceGroups","location":"westus","tags":{"product":"azurecli","cause":"automation","date":"2022-01-26T09:07:36Z"},"properties":{"provisioningState":"Succeeded"}}'
    headers:
      cache-control:
      - no-cache
      content-length:
      - '324'
      content-type:
      - application/json; charset=utf-8
      date:
      - Wed, 26 Jan 2022 09:08:08 GMT
      expires:
      - '-1'
      pragma:
      - no-cache
      strict-transport-security:
      - max-age=31536000; includeSubDomains
      x-content-type-options:
      - nosniff
    status:
      code: 200
      message: OK
- request:
    body: '{"location": "westus"}'
    headers:
      Accept:
      - application/json
      Accept-Encoding:
      - gzip, deflate
      CommandName:
      - network nsg create
      Connection:
      - keep-alive
      Content-Length:
      - '22'
      Content-Type:
      - application/json
      ParameterSetName:
      - -g -n
      User-Agent:
      - AZURECLI/2.32.0 azsdk-python-azure-mgmt-network/19.3.0 Python/3.8.9 (Windows-10-10.0.22000-SP0)
    method: PUT
    uri: https://management.azure.com/subscriptions/00000000-0000-0000-0000-000000000000/resourceGroups/test_nw_flow_log_000001/providers/Microsoft.Network/networkSecurityGroups/nsg1?api-version=2021-05-01
  response:
    body:
      string: "{\r\n  \"name\": \"nsg1\",\r\n  \"id\": \"/subscriptions/00000000-0000-0000-0000-000000000000/resourceGroups/test_nw_flow_log_000001/providers/Microsoft.Network/networkSecurityGroups/nsg1\",\r\n
        \ \"etag\": \"W/\\\"f0ce816c-6d79-41ef-b37d-b7f7c2c321e6\\\"\",\r\n  \"type\":
        \"Microsoft.Network/networkSecurityGroups\",\r\n  \"location\": \"westus\",\r\n
        \ \"properties\": {\r\n    \"provisioningState\": \"Updating\",\r\n    \"resourceGuid\":
        \"a1e001d2-9b42-4dfc-8c32-ae1fdbafd12d\",\r\n    \"securityRules\": [],\r\n
        \   \"defaultSecurityRules\": [\r\n      {\r\n        \"name\": \"AllowVnetInBound\",\r\n
        \       \"id\": \"/subscriptions/00000000-0000-0000-0000-000000000000/resourceGroups/test_nw_flow_log_000001/providers/Microsoft.Network/networkSecurityGroups/nsg1/defaultSecurityRules/AllowVnetInBound\",\r\n
        \       \"etag\": \"W/\\\"f0ce816c-6d79-41ef-b37d-b7f7c2c321e6\\\"\",\r\n
        \       \"type\": \"Microsoft.Network/networkSecurityGroups/defaultSecurityRules\",\r\n
        \       \"properties\": {\r\n          \"provisioningState\": \"Updating\",\r\n
        \         \"description\": \"Allow inbound traffic from all VMs in VNET\",\r\n
        \         \"protocol\": \"*\",\r\n          \"sourcePortRange\": \"*\",\r\n
        \         \"destinationPortRange\": \"*\",\r\n          \"sourceAddressPrefix\":
        \"VirtualNetwork\",\r\n          \"destinationAddressPrefix\": \"VirtualNetwork\",\r\n
        \         \"access\": \"Allow\",\r\n          \"priority\": 65000,\r\n          \"direction\":
        \"Inbound\",\r\n          \"sourcePortRanges\": [],\r\n          \"destinationPortRanges\":
        [],\r\n          \"sourceAddressPrefixes\": [],\r\n          \"destinationAddressPrefixes\":
        []\r\n        }\r\n      },\r\n      {\r\n        \"name\": \"AllowAzureLoadBalancerInBound\",\r\n
        \       \"id\": \"/subscriptions/00000000-0000-0000-0000-000000000000/resourceGroups/test_nw_flow_log_000001/providers/Microsoft.Network/networkSecurityGroups/nsg1/defaultSecurityRules/AllowAzureLoadBalancerInBound\",\r\n
        \       \"etag\": \"W/\\\"f0ce816c-6d79-41ef-b37d-b7f7c2c321e6\\\"\",\r\n
        \       \"type\": \"Microsoft.Network/networkSecurityGroups/defaultSecurityRules\",\r\n
        \       \"properties\": {\r\n          \"provisioningState\": \"Updating\",\r\n
        \         \"description\": \"Allow inbound traffic from azure load balancer\",\r\n
        \         \"protocol\": \"*\",\r\n          \"sourcePortRange\": \"*\",\r\n
        \         \"destinationPortRange\": \"*\",\r\n          \"sourceAddressPrefix\":
        \"AzureLoadBalancer\",\r\n          \"destinationAddressPrefix\": \"*\",\r\n
        \         \"access\": \"Allow\",\r\n          \"priority\": 65001,\r\n          \"direction\":
        \"Inbound\",\r\n          \"sourcePortRanges\": [],\r\n          \"destinationPortRanges\":
        [],\r\n          \"sourceAddressPrefixes\": [],\r\n          \"destinationAddressPrefixes\":
        []\r\n        }\r\n      },\r\n      {\r\n        \"name\": \"DenyAllInBound\",\r\n
        \       \"id\": \"/subscriptions/00000000-0000-0000-0000-000000000000/resourceGroups/test_nw_flow_log_000001/providers/Microsoft.Network/networkSecurityGroups/nsg1/defaultSecurityRules/DenyAllInBound\",\r\n
        \       \"etag\": \"W/\\\"f0ce816c-6d79-41ef-b37d-b7f7c2c321e6\\\"\",\r\n
        \       \"type\": \"Microsoft.Network/networkSecurityGroups/defaultSecurityRules\",\r\n
        \       \"properties\": {\r\n          \"provisioningState\": \"Updating\",\r\n
        \         \"description\": \"Deny all inbound traffic\",\r\n          \"protocol\":
        \"*\",\r\n          \"sourcePortRange\": \"*\",\r\n          \"destinationPortRange\":
        \"*\",\r\n          \"sourceAddressPrefix\": \"*\",\r\n          \"destinationAddressPrefix\":
        \"*\",\r\n          \"access\": \"Deny\",\r\n          \"priority\": 65500,\r\n
        \         \"direction\": \"Inbound\",\r\n          \"sourcePortRanges\": [],\r\n
        \         \"destinationPortRanges\": [],\r\n          \"sourceAddressPrefixes\":
        [],\r\n          \"destinationAddressPrefixes\": []\r\n        }\r\n      },\r\n
        \     {\r\n        \"name\": \"AllowVnetOutBound\",\r\n        \"id\": \"/subscriptions/00000000-0000-0000-0000-000000000000/resourceGroups/test_nw_flow_log_000001/providers/Microsoft.Network/networkSecurityGroups/nsg1/defaultSecurityRules/AllowVnetOutBound\",\r\n
        \       \"etag\": \"W/\\\"f0ce816c-6d79-41ef-b37d-b7f7c2c321e6\\\"\",\r\n
        \       \"type\": \"Microsoft.Network/networkSecurityGroups/defaultSecurityRules\",\r\n
        \       \"properties\": {\r\n          \"provisioningState\": \"Updating\",\r\n
        \         \"description\": \"Allow outbound traffic from all VMs to all VMs
        in VNET\",\r\n          \"protocol\": \"*\",\r\n          \"sourcePortRange\":
        \"*\",\r\n          \"destinationPortRange\": \"*\",\r\n          \"sourceAddressPrefix\":
        \"VirtualNetwork\",\r\n          \"destinationAddressPrefix\": \"VirtualNetwork\",\r\n
        \         \"access\": \"Allow\",\r\n          \"priority\": 65000,\r\n          \"direction\":
        \"Outbound\",\r\n          \"sourcePortRanges\": [],\r\n          \"destinationPortRanges\":
        [],\r\n          \"sourceAddressPrefixes\": [],\r\n          \"destinationAddressPrefixes\":
        []\r\n        }\r\n      },\r\n      {\r\n        \"name\": \"AllowInternetOutBound\",\r\n
        \       \"id\": \"/subscriptions/00000000-0000-0000-0000-000000000000/resourceGroups/test_nw_flow_log_000001/providers/Microsoft.Network/networkSecurityGroups/nsg1/defaultSecurityRules/AllowInternetOutBound\",\r\n
        \       \"etag\": \"W/\\\"f0ce816c-6d79-41ef-b37d-b7f7c2c321e6\\\"\",\r\n
        \       \"type\": \"Microsoft.Network/networkSecurityGroups/defaultSecurityRules\",\r\n
        \       \"properties\": {\r\n          \"provisioningState\": \"Updating\",\r\n
        \         \"description\": \"Allow outbound traffic from all VMs to Internet\",\r\n
        \         \"protocol\": \"*\",\r\n          \"sourcePortRange\": \"*\",\r\n
        \         \"destinationPortRange\": \"*\",\r\n          \"sourceAddressPrefix\":
        \"*\",\r\n          \"destinationAddressPrefix\": \"Internet\",\r\n          \"access\":
        \"Allow\",\r\n          \"priority\": 65001,\r\n          \"direction\": \"Outbound\",\r\n
        \         \"sourcePortRanges\": [],\r\n          \"destinationPortRanges\":
        [],\r\n          \"sourceAddressPrefixes\": [],\r\n          \"destinationAddressPrefixes\":
        []\r\n        }\r\n      },\r\n      {\r\n        \"name\": \"DenyAllOutBound\",\r\n
        \       \"id\": \"/subscriptions/00000000-0000-0000-0000-000000000000/resourceGroups/test_nw_flow_log_000001/providers/Microsoft.Network/networkSecurityGroups/nsg1/defaultSecurityRules/DenyAllOutBound\",\r\n
        \       \"etag\": \"W/\\\"f0ce816c-6d79-41ef-b37d-b7f7c2c321e6\\\"\",\r\n
        \       \"type\": \"Microsoft.Network/networkSecurityGroups/defaultSecurityRules\",\r\n
        \       \"properties\": {\r\n          \"provisioningState\": \"Updating\",\r\n
        \         \"description\": \"Deny all outbound traffic\",\r\n          \"protocol\":
        \"*\",\r\n          \"sourcePortRange\": \"*\",\r\n          \"destinationPortRange\":
        \"*\",\r\n          \"sourceAddressPrefix\": \"*\",\r\n          \"destinationAddressPrefix\":
        \"*\",\r\n          \"access\": \"Deny\",\r\n          \"priority\": 65500,\r\n
        \         \"direction\": \"Outbound\",\r\n          \"sourcePortRanges\":
        [],\r\n          \"destinationPortRanges\": [],\r\n          \"sourceAddressPrefixes\":
        [],\r\n          \"destinationAddressPrefixes\": []\r\n        }\r\n      }\r\n
        \   ]\r\n  }\r\n}"
    headers:
      azure-asyncnotification:
      - Enabled
      azure-asyncoperation:
      - https://management.azure.com/subscriptions/00000000-0000-0000-0000-000000000000/providers/Microsoft.Network/locations/westus/operations/d5a0a79a-fa54-46d4-a405-d0900934d2dc?api-version=2021-05-01
      cache-control:
      - no-cache
      content-length:
      - '6561'
      content-type:
      - application/json; charset=utf-8
      date:
      - Wed, 26 Jan 2022 09:08:15 GMT
      expires:
      - '-1'
      pragma:
      - no-cache
      server:
      - Microsoft-HTTPAPI/2.0
      - Microsoft-HTTPAPI/2.0
      strict-transport-security:
      - max-age=31536000; includeSubDomains
      x-content-type-options:
      - nosniff
      x-ms-arm-service-request-id:
      - d7a9d2ad-5281-4ae6-a4e8-492bae55993e
      x-ms-ratelimit-remaining-subscription-writes:
      - '1198'
    status:
      code: 201
      message: Created
- request:
    body: null
    headers:
      Accept:
      - '*/*'
      Accept-Encoding:
      - gzip, deflate
      CommandName:
      - network nsg create
      Connection:
      - keep-alive
      ParameterSetName:
      - -g -n
      User-Agent:
      - AZURECLI/2.32.0 azsdk-python-azure-mgmt-network/19.3.0 Python/3.8.9 (Windows-10-10.0.22000-SP0)
    method: GET
    uri: https://management.azure.com/subscriptions/00000000-0000-0000-0000-000000000000/providers/Microsoft.Network/locations/westus/operations/d5a0a79a-fa54-46d4-a405-d0900934d2dc?api-version=2021-05-01
  response:
    body:
      string: "{\r\n  \"status\": \"Succeeded\"\r\n}"
    headers:
      cache-control:
      - no-cache
      content-length:
      - '29'
      content-type:
      - application/json; charset=utf-8
      date:
      - Wed, 26 Jan 2022 09:08:18 GMT
      expires:
      - '-1'
      pragma:
      - no-cache
      server:
      - Microsoft-HTTPAPI/2.0
      - Microsoft-HTTPAPI/2.0
      strict-transport-security:
      - max-age=31536000; includeSubDomains
      transfer-encoding:
      - chunked
      vary:
      - Accept-Encoding
      x-content-type-options:
      - nosniff
      x-ms-arm-service-request-id:
      - f3b0a1cb-b2eb-4d93-a393-7c4e7251f5e7
    status:
      code: 200
      message: OK
- request:
    body: null
    headers:
      Accept:
      - '*/*'
      Accept-Encoding:
      - gzip, deflate
      CommandName:
      - network nsg create
      Connection:
      - keep-alive
      ParameterSetName:
      - -g -n
      User-Agent:
      - AZURECLI/2.32.0 azsdk-python-azure-mgmt-network/19.3.0 Python/3.8.9 (Windows-10-10.0.22000-SP0)
    method: GET
    uri: https://management.azure.com/subscriptions/00000000-0000-0000-0000-000000000000/resourceGroups/test_nw_flow_log_000001/providers/Microsoft.Network/networkSecurityGroups/nsg1?api-version=2021-05-01
  response:
    body:
      string: "{\r\n  \"name\": \"nsg1\",\r\n  \"id\": \"/subscriptions/00000000-0000-0000-0000-000000000000/resourceGroups/test_nw_flow_log_000001/providers/Microsoft.Network/networkSecurityGroups/nsg1\",\r\n
        \ \"etag\": \"W/\\\"5588fde1-c207-4952-86c8-212753539c7f\\\"\",\r\n  \"type\":
        \"Microsoft.Network/networkSecurityGroups\",\r\n  \"location\": \"westus\",\r\n
        \ \"properties\": {\r\n    \"provisioningState\": \"Succeeded\",\r\n    \"resourceGuid\":
        \"a1e001d2-9b42-4dfc-8c32-ae1fdbafd12d\",\r\n    \"securityRules\": [],\r\n
        \   \"defaultSecurityRules\": [\r\n      {\r\n        \"name\": \"AllowVnetInBound\",\r\n
        \       \"id\": \"/subscriptions/00000000-0000-0000-0000-000000000000/resourceGroups/test_nw_flow_log_000001/providers/Microsoft.Network/networkSecurityGroups/nsg1/defaultSecurityRules/AllowVnetInBound\",\r\n
        \       \"etag\": \"W/\\\"5588fde1-c207-4952-86c8-212753539c7f\\\"\",\r\n
        \       \"type\": \"Microsoft.Network/networkSecurityGroups/defaultSecurityRules\",\r\n
        \       \"properties\": {\r\n          \"provisioningState\": \"Succeeded\",\r\n
        \         \"description\": \"Allow inbound traffic from all VMs in VNET\",\r\n
        \         \"protocol\": \"*\",\r\n          \"sourcePortRange\": \"*\",\r\n
        \         \"destinationPortRange\": \"*\",\r\n          \"sourceAddressPrefix\":
        \"VirtualNetwork\",\r\n          \"destinationAddressPrefix\": \"VirtualNetwork\",\r\n
        \         \"access\": \"Allow\",\r\n          \"priority\": 65000,\r\n          \"direction\":
        \"Inbound\",\r\n          \"sourcePortRanges\": [],\r\n          \"destinationPortRanges\":
        [],\r\n          \"sourceAddressPrefixes\": [],\r\n          \"destinationAddressPrefixes\":
        []\r\n        }\r\n      },\r\n      {\r\n        \"name\": \"AllowAzureLoadBalancerInBound\",\r\n
        \       \"id\": \"/subscriptions/00000000-0000-0000-0000-000000000000/resourceGroups/test_nw_flow_log_000001/providers/Microsoft.Network/networkSecurityGroups/nsg1/defaultSecurityRules/AllowAzureLoadBalancerInBound\",\r\n
        \       \"etag\": \"W/\\\"5588fde1-c207-4952-86c8-212753539c7f\\\"\",\r\n
        \       \"type\": \"Microsoft.Network/networkSecurityGroups/defaultSecurityRules\",\r\n
        \       \"properties\": {\r\n          \"provisioningState\": \"Succeeded\",\r\n
        \         \"description\": \"Allow inbound traffic from azure load balancer\",\r\n
        \         \"protocol\": \"*\",\r\n          \"sourcePortRange\": \"*\",\r\n
        \         \"destinationPortRange\": \"*\",\r\n          \"sourceAddressPrefix\":
        \"AzureLoadBalancer\",\r\n          \"destinationAddressPrefix\": \"*\",\r\n
        \         \"access\": \"Allow\",\r\n          \"priority\": 65001,\r\n          \"direction\":
        \"Inbound\",\r\n          \"sourcePortRanges\": [],\r\n          \"destinationPortRanges\":
        [],\r\n          \"sourceAddressPrefixes\": [],\r\n          \"destinationAddressPrefixes\":
        []\r\n        }\r\n      },\r\n      {\r\n        \"name\": \"DenyAllInBound\",\r\n
        \       \"id\": \"/subscriptions/00000000-0000-0000-0000-000000000000/resourceGroups/test_nw_flow_log_000001/providers/Microsoft.Network/networkSecurityGroups/nsg1/defaultSecurityRules/DenyAllInBound\",\r\n
        \       \"etag\": \"W/\\\"5588fde1-c207-4952-86c8-212753539c7f\\\"\",\r\n
        \       \"type\": \"Microsoft.Network/networkSecurityGroups/defaultSecurityRules\",\r\n
        \       \"properties\": {\r\n          \"provisioningState\": \"Succeeded\",\r\n
        \         \"description\": \"Deny all inbound traffic\",\r\n          \"protocol\":
        \"*\",\r\n          \"sourcePortRange\": \"*\",\r\n          \"destinationPortRange\":
        \"*\",\r\n          \"sourceAddressPrefix\": \"*\",\r\n          \"destinationAddressPrefix\":
        \"*\",\r\n          \"access\": \"Deny\",\r\n          \"priority\": 65500,\r\n
        \         \"direction\": \"Inbound\",\r\n          \"sourcePortRanges\": [],\r\n
        \         \"destinationPortRanges\": [],\r\n          \"sourceAddressPrefixes\":
        [],\r\n          \"destinationAddressPrefixes\": []\r\n        }\r\n      },\r\n
        \     {\r\n        \"name\": \"AllowVnetOutBound\",\r\n        \"id\": \"/subscriptions/00000000-0000-0000-0000-000000000000/resourceGroups/test_nw_flow_log_000001/providers/Microsoft.Network/networkSecurityGroups/nsg1/defaultSecurityRules/AllowVnetOutBound\",\r\n
        \       \"etag\": \"W/\\\"5588fde1-c207-4952-86c8-212753539c7f\\\"\",\r\n
        \       \"type\": \"Microsoft.Network/networkSecurityGroups/defaultSecurityRules\",\r\n
        \       \"properties\": {\r\n          \"provisioningState\": \"Succeeded\",\r\n
        \         \"description\": \"Allow outbound traffic from all VMs to all VMs
        in VNET\",\r\n          \"protocol\": \"*\",\r\n          \"sourcePortRange\":
        \"*\",\r\n          \"destinationPortRange\": \"*\",\r\n          \"sourceAddressPrefix\":
        \"VirtualNetwork\",\r\n          \"destinationAddressPrefix\": \"VirtualNetwork\",\r\n
        \         \"access\": \"Allow\",\r\n          \"priority\": 65000,\r\n          \"direction\":
        \"Outbound\",\r\n          \"sourcePortRanges\": [],\r\n          \"destinationPortRanges\":
        [],\r\n          \"sourceAddressPrefixes\": [],\r\n          \"destinationAddressPrefixes\":
        []\r\n        }\r\n      },\r\n      {\r\n        \"name\": \"AllowInternetOutBound\",\r\n
        \       \"id\": \"/subscriptions/00000000-0000-0000-0000-000000000000/resourceGroups/test_nw_flow_log_000001/providers/Microsoft.Network/networkSecurityGroups/nsg1/defaultSecurityRules/AllowInternetOutBound\",\r\n
        \       \"etag\": \"W/\\\"5588fde1-c207-4952-86c8-212753539c7f\\\"\",\r\n
        \       \"type\": \"Microsoft.Network/networkSecurityGroups/defaultSecurityRules\",\r\n
        \       \"properties\": {\r\n          \"provisioningState\": \"Succeeded\",\r\n
        \         \"description\": \"Allow outbound traffic from all VMs to Internet\",\r\n
        \         \"protocol\": \"*\",\r\n          \"sourcePortRange\": \"*\",\r\n
        \         \"destinationPortRange\": \"*\",\r\n          \"sourceAddressPrefix\":
        \"*\",\r\n          \"destinationAddressPrefix\": \"Internet\",\r\n          \"access\":
        \"Allow\",\r\n          \"priority\": 65001,\r\n          \"direction\": \"Outbound\",\r\n
        \         \"sourcePortRanges\": [],\r\n          \"destinationPortRanges\":
        [],\r\n          \"sourceAddressPrefixes\": [],\r\n          \"destinationAddressPrefixes\":
        []\r\n        }\r\n      },\r\n      {\r\n        \"name\": \"DenyAllOutBound\",\r\n
        \       \"id\": \"/subscriptions/00000000-0000-0000-0000-000000000000/resourceGroups/test_nw_flow_log_000001/providers/Microsoft.Network/networkSecurityGroups/nsg1/defaultSecurityRules/DenyAllOutBound\",\r\n
        \       \"etag\": \"W/\\\"5588fde1-c207-4952-86c8-212753539c7f\\\"\",\r\n
        \       \"type\": \"Microsoft.Network/networkSecurityGroups/defaultSecurityRules\",\r\n
        \       \"properties\": {\r\n          \"provisioningState\": \"Succeeded\",\r\n
        \         \"description\": \"Deny all outbound traffic\",\r\n          \"protocol\":
        \"*\",\r\n          \"sourcePortRange\": \"*\",\r\n          \"destinationPortRange\":
        \"*\",\r\n          \"sourceAddressPrefix\": \"*\",\r\n          \"destinationAddressPrefix\":
        \"*\",\r\n          \"access\": \"Deny\",\r\n          \"priority\": 65500,\r\n
        \         \"direction\": \"Outbound\",\r\n          \"sourcePortRanges\":
        [],\r\n          \"destinationPortRanges\": [],\r\n          \"sourceAddressPrefixes\":
        [],\r\n          \"destinationAddressPrefixes\": []\r\n        }\r\n      }\r\n
        \   ]\r\n  }\r\n}"
    headers:
      cache-control:
      - no-cache
      content-length:
      - '6568'
      content-type:
      - application/json; charset=utf-8
      date:
      - Wed, 26 Jan 2022 09:08:19 GMT
      etag:
      - W/"5588fde1-c207-4952-86c8-212753539c7f"
      expires:
      - '-1'
      pragma:
      - no-cache
      server:
      - Microsoft-HTTPAPI/2.0
      - Microsoft-HTTPAPI/2.0
      strict-transport-security:
      - max-age=31536000; includeSubDomains
      transfer-encoding:
      - chunked
      vary:
      - Accept-Encoding
      x-content-type-options:
      - nosniff
      x-ms-arm-service-request-id:
      - c402effc-eb09-49c4-b052-7b501e101f6b
    status:
      code: 200
      message: OK
- request:
    body: '{"location": "westus", "properties": {"sku": {"name": "PerGB2018"}, "retentionInDays":
      30, "workspaceCapping": {}}}'
    headers:
      Accept:
      - application/json
      Accept-Encoding:
      - gzip, deflate
      CommandName:
      - monitor log-analytics workspace create
      Connection:
      - keep-alive
      Content-Length:
      - '115'
      Content-Type:
      - application/json
      ParameterSetName:
      - --resource-group --location --workspace-name
      User-Agent:
      - AZURECLI/2.32.0 azsdk-python-mgmt-loganalytics/13.0.0b1 Python/3.8.9 (Windows-10-10.0.22000-SP0)
    method: PUT
    uri: https://management.azure.com/subscriptions/00000000-0000-0000-0000-000000000000/resourcegroups/test_nw_flow_log_000001/providers/Microsoft.OperationalInsights/workspaces/clitest000003?api-version=2021-12-01-preview
  response:
    body:
      string: "{\r\n  \"properties\": {\r\n    \"source\": \"Azure\",\r\n    \"customerId\":
        \"732341e9-17ad-4249-8708-f8002986dfa2\",\r\n    \"provisioningState\": \"Creating\",\r\n
        \   \"sku\": {\r\n      \"name\": \"pergb2018\",\r\n      \"lastSkuUpdate\":
        \"Wed, 26 Jan 2022 09:08:23 GMT\"\r\n    },\r\n    \"retentionInDays\": 30,\r\n
        \   \"features\": {\r\n      \"legacy\": 0,\r\n      \"searchVersion\": 1,\r\n
        \     \"enableLogAccessUsingOnlyResourcePermissions\": true\r\n    },\r\n
        \   \"workspaceCapping\": {\r\n      \"dailyQuotaGb\": -1.0,\r\n      \"quotaNextResetTime\":
        \"Thu, 27 Jan 2022 03:00:00 GMT\",\r\n      \"dataIngestionStatus\": \"RespectQuota\"\r\n
        \   },\r\n    \"publicNetworkAccessForIngestion\": \"Enabled\",\r\n    \"publicNetworkAccessForQuery\":
        \"Enabled\",\r\n    \"createdDate\": \"Wed, 26 Jan 2022 09:08:23 GMT\",\r\n
        \   \"modifiedDate\": \"Wed, 26 Jan 2022 09:08:23 GMT\"\r\n  },\r\n  \"id\":
        \"/subscriptions/00000000-0000-0000-0000-000000000000/resourcegroups/test_nw_flow_log_000001/providers/microsoft.operationalinsights/workspaces/clitest000003\",\r\n
        \ \"name\": \"clitest000003\",\r\n  \"type\": \"Microsoft.OperationalInsights/workspaces\",\r\n
        \ \"location\": \"westus\"\r\n}"
    headers:
      access-control-allow-origin:
      - '*'
      cache-control:
      - no-cache
      content-length:
      - '1067'
      content-type:
      - application/json
      date:
      - Wed, 26 Jan 2022 09:08:24 GMT
      pragma:
      - no-cache
      request-context:
      - appId=cid-v1:e6336c63-aab2-45f0-996a-e5dbab2a1508
      server:
      - Microsoft-IIS/10.0
      strict-transport-security:
      - max-age=31536000; includeSubDomains
      x-content-type-options:
      - nosniff
      x-ms-ratelimit-remaining-subscription-writes:
      - '1198'
      x-powered-by:
      - ASP.NET
      - ASP.NET
    status:
      code: 201
      message: Created
- request:
    body: null
    headers:
      Accept:
      - '*/*'
      Accept-Encoding:
      - gzip, deflate
      CommandName:
      - monitor log-analytics workspace create
      Connection:
      - keep-alive
      ParameterSetName:
      - --resource-group --location --workspace-name
      User-Agent:
      - AZURECLI/2.32.0 azsdk-python-mgmt-loganalytics/13.0.0b1 Python/3.8.9 (Windows-10-10.0.22000-SP0)
    method: GET
    uri: https://management.azure.com/subscriptions/00000000-0000-0000-0000-000000000000/resourcegroups/test_nw_flow_log_000001/providers/Microsoft.OperationalInsights/workspaces/clitest000003?api-version=2021-12-01-preview
  response:
    body:
      string: "{\r\n  \"properties\": {\r\n    \"source\": \"Azure\",\r\n    \"customerId\":
        \"732341e9-17ad-4249-8708-f8002986dfa2\",\r\n    \"provisioningState\": \"Succeeded\",\r\n
        \   \"sku\": {\r\n      \"name\": \"pergb2018\",\r\n      \"lastSkuUpdate\":
        \"Wed, 26 Jan 2022 09:08:23 GMT\"\r\n    },\r\n    \"retentionInDays\": 30,\r\n
        \   \"features\": {\r\n      \"legacy\": 0,\r\n      \"searchVersion\": 1,\r\n
        \     \"enableLogAccessUsingOnlyResourcePermissions\": true\r\n    },\r\n
        \   \"workspaceCapping\": {\r\n      \"dailyQuotaGb\": -1.0,\r\n      \"quotaNextResetTime\":
        \"Thu, 27 Jan 2022 03:00:00 GMT\",\r\n      \"dataIngestionStatus\": \"RespectQuota\"\r\n
        \   },\r\n    \"publicNetworkAccessForIngestion\": \"Enabled\",\r\n    \"publicNetworkAccessForQuery\":
        \"Enabled\",\r\n    \"createdDate\": \"Wed, 26 Jan 2022 09:08:23 GMT\",\r\n
        \   \"modifiedDate\": \"Wed, 26 Jan 2022 09:08:24 GMT\"\r\n  },\r\n  \"id\":
        \"/subscriptions/00000000-0000-0000-0000-000000000000/resourcegroups/test_nw_flow_log_000001/providers/microsoft.operationalinsights/workspaces/clitest000003\",\r\n
        \ \"name\": \"clitest000003\",\r\n  \"type\": \"Microsoft.OperationalInsights/workspaces\",\r\n
        \ \"location\": \"westus\"\r\n}"
    headers:
      access-control-allow-origin:
      - '*'
      cache-control:
      - no-cache
      content-length:
      - '1068'
      content-type:
      - application/json
      date:
      - Wed, 26 Jan 2022 09:08:55 GMT
      pragma:
      - no-cache
      request-context:
      - appId=cid-v1:e6336c63-aab2-45f0-996a-e5dbab2a1508
      server:
      - Microsoft-IIS/10.0
      strict-transport-security:
      - max-age=31536000; includeSubDomains
      transfer-encoding:
      - chunked
      vary:
      - Accept-Encoding,Accept-Encoding
      x-content-type-options:
      - nosniff
      x-powered-by:
      - ASP.NET
      - ASP.NET
    status:
      code: 200
      message: OK
- request:
    body: null
    headers:
      Accept:
      - application/json
      Accept-Encoding:
      - gzip, deflate
      CommandName:
      - network watcher flow-log create
      Connection:
      - keep-alive
      ParameterSetName:
      - --location --resource-group --nsg --storage-account --workspace --name
      User-Agent:
      - AZURECLI/2.32.0 azsdk-python-azure-mgmt-network/19.3.0 Python/3.8.9 (Windows-10-10.0.22000-SP0)
    method: GET
    uri: https://management.azure.com/subscriptions/00000000-0000-0000-0000-000000000000/providers/Microsoft.Network/networkWatchers?api-version=2021-05-01
  response:
    body:
      string: '{"value":[{"name":"NetworkWatcher_westus","id":"/subscriptions/00000000-0000-0000-0000-000000000000/resourceGroups/NetworkWatcherRG/providers/Microsoft.Network/networkWatchers/NetworkWatcher_westus","etag":"W/\"36a89009-bab1-444c-b4bb-f355ec771bae\"","type":"Microsoft.Network/networkWatchers","location":"westus","properties":{"provisioningState":"Succeeded","runningOperationIds":[]}},{"name":"NetworkWatcher_eastus","id":"/subscriptions/00000000-0000-0000-0000-000000000000/resourceGroups/NetworkWatcherRG/providers/Microsoft.Network/networkWatchers/NetworkWatcher_eastus","etag":"W/\"508aed37-2f98-46ca-841c-f115a2b7593a\"","type":"Microsoft.Network/networkWatchers","location":"eastus","properties":{"provisioningState":"Succeeded","runningOperationIds":[]}},{"name":"NetworkWatcher_northeurope","id":"/subscriptions/00000000-0000-0000-0000-000000000000/resourceGroups/NetworkWatcherRG/providers/Microsoft.Network/networkWatchers/NetworkWatcher_northeurope","etag":"W/\"36759130-bf46-4e60-9d08-8f9228e1fe54\"","type":"Microsoft.Network/networkWatchers","location":"northeurope","properties":{"provisioningState":"Succeeded","runningOperationIds":[]}},{"name":"NetworkWatcher_eastus2","id":"/subscriptions/00000000-0000-0000-0000-000000000000/resourceGroups/NetworkWatcherRG/providers/Microsoft.Network/networkWatchers/NetworkWatcher_eastus2","etag":"W/\"1746d4cd-ec9c-479b-9e30-364fc271fa53\"","type":"Microsoft.Network/networkWatchers","location":"eastus2","properties":{"provisioningState":"Succeeded","runningOperationIds":[]}},{"name":"NetworkWatcher_westus2","id":"/subscriptions/00000000-0000-0000-0000-000000000000/resourceGroups/NetworkWatcherRG/providers/Microsoft.Network/networkWatchers/NetworkWatcher_westus2","etag":"W/\"4f81b4dc-2005-4f9b-87e2-96dd8b73997e\"","type":"Microsoft.Network/networkWatchers","location":"westus2","properties":{"provisioningState":"Succeeded","runningOperationIds":[]}},{"name":"NetworkWatcher_francecentral","id":"/subscriptions/00000000-0000-0000-0000-000000000000/resourceGroups/NetworkWatcherRG/providers/Microsoft.Network/networkWatchers/NetworkWatcher_francecentral","etag":"W/\"f27501e7-0e1e-4e6d-9de0-4739516506a9\"","type":"Microsoft.Network/networkWatchers","location":"francecentral","properties":{"provisioningState":"Succeeded","runningOperationIds":[]}},{"name":"NetworkWatcher_eastus2euap","id":"/subscriptions/00000000-0000-0000-0000-000000000000/resourceGroups/NetworkWatcherRG/providers/Microsoft.Network/networkWatchers/NetworkWatcher_eastus2euap","etag":"W/\"4d6be315-5ea7-4c36-bacd-68837e052007\"","type":"Microsoft.Network/networkWatchers","location":"eastus2euap","properties":{"provisioningState":"Succeeded","runningOperationIds":[]}}]}'
    headers:
      cache-control:
      - no-cache
      content-length:
      - '2707'
      content-type:
      - application/json; charset=utf-8
      date:
      - Wed, 26 Jan 2022 09:08:56 GMT
      expires:
      - '-1'
      pragma:
      - no-cache
      strict-transport-security:
      - max-age=31536000; includeSubDomains
      vary:
      - Accept-Encoding
      x-content-type-options:
      - nosniff
      x-ms-original-request-ids:
      - 048c08eb-2b0e-4935-af1c-6c4854f40a7c
      - 3a808be4-e3a4-485c-86ee-dc6aa2555f5b
      - ab09129b-de10-491a-b8ba-a0f594a2208d
      - 52e558f9-b9f0-4c93-8d10-ff880c51d2aa
      - 93736ab6-cf60-48b1-a644-d0dd858a8b79
      - fe5afc7a-295f-4d7f-afae-240a73a4351a
      - 9288db4b-407f-457d-a923-90411458fa52
    status:
      code: 200
      message: OK
- request:
    body: null
    headers:
      Accept:
      - application/json
      Accept-Encoding:
      - gzip, deflate
      CommandName:
      - network watcher flow-log create
      Connection:
      - keep-alive
      ParameterSetName:
      - --location --resource-group --nsg --storage-account --workspace --name
      User-Agent:
      - AZURECLI/2.32.0 azsdk-python-azure-mgmt-resource/20.0.0 Python/3.8.9 (Windows-10-10.0.22000-SP0)
    method: GET
    uri: https://management.azure.com/subscriptions/00000000-0000-0000-0000-000000000000/providers/microsoft.operationalinsights?api-version=2021-04-01
  response:
    body:
      string: '{"id":"/subscriptions/00000000-0000-0000-0000-000000000000/providers/Microsoft.OperationalInsights","namespace":"Microsoft.OperationalInsights","authorizations":[{"applicationId":"d2a0a418-0aac-4541-82b2-b3142c89da77","roleDefinitionId":"86695298-2eb9-48a7-9ec3-2fdb38b6878b"},{"applicationId":"ca7f3f0b-7d91-482c-8e09-c5d840d0eac5","roleDefinitionId":"5d5a2e56-9835-44aa-93db-d2f19e155438"}],"resourceTypes":[{"resourceType":"workspaces","locations":["East
        US","West Europe","Southeast Asia","Australia Southeast","West Central US","Japan
        East","UK South","Central India","Canada Central","West US 2","Australia Central","Australia
        East","France Central","Korea Central","North Europe","Central US","East Asia","East
        US 2","South Central US","North Central US","West US","UK West","South Africa
        North","Brazil South","Switzerland North","Switzerland West","Germany West
        Central","Australia Central 2","UAE Central","UAE North","Japan West","Brazil
        Southeast","Norway East","Norway West","France South","South India","Jio India
        Central","Jio India West","Canada East","West US 3","Sweden Central","Korea
        South"],"apiVersions":["2021-12-01-preview","2021-06-01","2021-03-01-privatepreview","2020-10-01","2020-08-01","2020-03-01-preview","2017-04-26-preview","2017-03-15-preview","2017-03-03-preview","2017-01-01-preview","2015-11-01-preview","2015-03-20"],"capabilities":"CrossResourceGroupResourceMove,
        CrossSubscriptionResourceMove, SupportsTags, SupportsLocation"},{"resourceType":"querypacks","locations":["West
        Central US","East US","South Central US","North Europe","West Europe","Southeast
        Asia","West US 2","UK South","Canada Central","Central India","Japan East","Australia
        East","Korea Central","France Central","Central US","East US 2","East Asia","West
        US","South Africa North","North Central US","Brazil South","Switzerland North","Norway
        East","Australia Southeast","Australia Central 2","Germany West Central","Switzerland
        West","UAE Central","UK West","Brazil Southeast","Japan West","UAE North","Australia
        Central","France South","South India","Jio India Central","Jio India West","Canada
        East","West US 3","Sweden Central","Korea South"],"apiVersions":["2019-09-01-preview"],"capabilities":"SupportsTags,
        SupportsLocation"},{"resourceType":"locations","locations":[],"apiVersions":["2020-10-01","2020-08-01","2020-03-01-preview","2019-08-01-preview","2017-04-26-preview","2017-03-15-preview","2017-03-03-preview","2017-01-01-preview","2015-11-01-preview","2015-03-20"],"defaultApiVersion":"2020-08-01","capabilities":"None"},{"resourceType":"locations/operationStatuses","locations":["East
        US","West Europe","Southeast Asia","Australia Southeast","West Central US","Japan
        East","UK South","Central India","Canada Central","West US 2","Australia Central","Australia
        East","France Central","Korea Central","North Europe","Central US","East Asia","East
        US 2","South Central US","North Central US","West US","UK West","South Africa
        North","Brazil South","Switzerland North","Switzerland West","Germany West
        Central","Australia Central 2","UAE Central","UAE North","Japan West","Brazil
        Southeast","Norway East","Norway West","France South","South India","Jio India
        Central","Jio India West","Canada East","West US 3","Sweden Central","Korea
        South"],"apiVersions":["2020-10-01","2020-08-01","2020-03-01-preview","2019-08-01-preview","2017-04-26-preview","2017-03-15-preview","2017-03-03-preview","2017-01-01-preview","2015-11-01-preview","2015-03-20"],"defaultApiVersion":"2020-08-01","capabilities":"None"},{"resourceType":"workspaces/scopedPrivateLinkProxies","locations":["East
        US","West Europe","Southeast Asia","Australia Southeast","West Central US","Japan
        East","UK South","Central India","Canada Central","West US 2","Australia Central","Australia
        East","France Central","Korea Central","North Europe","Central US","East Asia","East
        US 2","South Central US","North Central US","West US","UK West","South Africa
        North","Brazil South","Switzerland North","Switzerland West","Germany West
        Central","Australia Central 2","UAE Central","UAE North","Japan West","Brazil
        Southeast","Norway East","Norway West","France South","South India","Jio India
        Central","Jio India West","Canada East","West US 3","Sweden Central","Korea
        South"],"apiVersions":["2020-03-01-preview","2019-08-01-preview","2015-11-01-preview"],"defaultApiVersion":"2020-03-01-preview","capabilities":"None"},{"resourceType":"workspaces/query","locations":[],"apiVersions":["2017-10-01"],"capabilities":"None"},{"resourceType":"workspaces/metadata","locations":[],"apiVersions":["2017-10-01"],"capabilities":"None"},{"resourceType":"workspaces/dataSources","locations":["East
        US","West Europe","Southeast Asia","Australia Southeast","West Central US","Japan
        East","UK South","Central India","Canada Central","West US 2","Australia Central","Australia
        East","France Central","Korea Central","North Europe","Central US","East Asia","East
        US 2","South Central US","North Central US","West US","UK West","South Africa
        North","Brazil South","Switzerland North","Switzerland West","Germany West
        Central","Australia Central 2","UAE Central","UAE North","Japan West","Brazil
        Southeast","Norway East","Norway West","France South","South India","Jio India
        Central","Jio India West","Canada East","West US 3","Sweden Central","Korea
        South"],"apiVersions":["2020-08-01","2020-03-01-preview","2015-11-01-preview"],"defaultApiVersion":"2020-08-01","capabilities":"None"},{"resourceType":"workspaces/linkedStorageAccounts","locations":["East
        US","West Europe","Southeast Asia","Australia Southeast","West Central US","Japan
        East","UK South","Central India","Canada Central","West US 2","Australia Central","Australia
        East","France Central","Korea Central","North Europe","Central US","East Asia","East
        US 2","South Central US","North Central US","West US","UK West","South Africa
        North","Brazil South","Switzerland North","Switzerland West","Germany West
        Central","Australia Central 2","UAE Central","UAE North","Japan West","Brazil
        Southeast","Norway East","Norway West","France South","South India","Jio India
        Central","Jio India West","Canada East","West US 3","Sweden Central","Korea
        South"],"apiVersions":["2020-08-01","2020-03-01-preview","2019-08-01-preview"],"defaultApiVersion":"2020-08-01","capabilities":"None"},{"resourceType":"workspaces/tables","locations":["East
        US","West Europe","Southeast Asia","Australia Southeast","West Central US","Japan
        East","UK South","Central India","Canada Central","West US 2","Australia East","Australia
        Central","France Central","Korea Central","North Europe","Central US","East
        Asia","East US 2","South Central US","North Central US","West US","UK West","South
        Africa North","Brazil South","Switzerland North","Switzerland West","Germany
        West Central","Australia Central 2","UAE Central","UAE North","Japan West","Brazil
        Southeast","Norway East","Norway West","France South","South India","Jio India
        Central","Jio India West","Canada East","West US 3","Sweden Central","East
        US 2 EUAP","Korea South","Sweden South"],"apiVersions":["2021-12-01-preview","2021-07-01-privatepreview","2021-03-01-privatepreview","2020-10-01"],"capabilities":"None"},{"resourceType":"workspaces/storageInsightConfigs","locations":["East
        US","West Europe","Southeast Asia","Australia Southeast","West Central US","Japan
        East","UK South","Central India","Canada Central","West US 2","Australia East","Australia
        Central","France Central","Korea Central","North Europe","Central US","East
        Asia","East US 2","South Central US","North Central US","West US","UK West","South
        Africa North","Brazil South","Switzerland North","Switzerland West","Germany
        West Central","Australia Central 2","UAE Central","UAE North","Japan West","Brazil
        Southeast","Norway East","Norway West","France South","South India","Jio India
        Central","Jio India West","Canada East","West US 3","Sweden Central","Korea
        South"],"apiVersions":["2020-08-01","2020-03-01-preview","2017-04-26-preview","2017-03-15-preview","2017-03-03-preview","2017-01-01-preview","2015-11-01-preview","2015-03-20"],"capabilities":"None"},{"resourceType":"storageInsightConfigs","locations":[],"apiVersions":["2020-08-01","2020-03-01-preview","2014-10-10"],"capabilities":"SupportsExtension"},{"resourceType":"workspaces/linkedServices","locations":["East
        US","West Europe","Southeast Asia","Australia Southeast","West Central US","Japan
        East","UK South","Central India","Canada Central","West US 2","Australia Central","Australia
        East","France Central","Korea Central","North Europe","Central US","East Asia","East
        US 2","South Central US","North Central US","West US","UK West","South Africa
        North","Brazil South","Switzerland North","Switzerland West","Germany West
        Central","Australia Central 2","UAE Central","UAE North","Japan West","Brazil
        Southeast","Norway East","Norway West","France South","South India","Jio India
        Central","Jio India West","Canada East","West US 3","Sweden Central","Korea
        South"],"apiVersions":["2020-08-01","2020-03-01-preview","2019-08-01-preview","2015-11-01-preview"],"defaultApiVersion":"2020-08-01","capabilities":"None"},{"resourceType":"linkTargets","locations":["East
        US"],"apiVersions":["2020-03-01-preview","2015-03-20"],"capabilities":"None"},{"resourceType":"deletedWorkspaces","locations":["East
        US","West Europe","Southeast Asia","Australia Southeast","West Central US","Japan
        East","UK South","Central India","Canada Central","West US 2","Australia Central","Australia
        East","France Central","Korea Central","North Europe","Central US","East Asia","East
        US 2","South Central US","North Central US","West US","UK West","South Africa
        North","Brazil South","Switzerland North","Switzerland West","Germany West
        Central","Australia Central 2","UAE Central","UAE North","Japan West","Brazil
        Southeast","Norway East","Norway West","France South","South India","Jio India
        Central","Jio India West","Canada East","West US 3","Sweden Central","Korea
        South"],"apiVersions":["2020-10-01","2020-08-01","2020-03-01-preview"],"defaultApiVersion":"2020-08-01","capabilities":"None"},{"resourceType":"operations","locations":[],"apiVersions":["2020-10-01","2020-08-01","2020-03-01-preview","2015-11-01-preview","2014-11-10"],"defaultApiVersion":"2020-08-01","capabilities":"None"},{"resourceType":"clusters","locations":["East
        US","West Europe","Southeast Asia","Australia Southeast","West Central US","Japan
        East","UK South","Central India","Canada Central","West US 2","Australia Central","Australia
        East","France Central","Korea Central","North Europe","Central US","East Asia","East
        US 2","South Central US","North Central US","West US","UK West","South Africa
        North","Switzerland North","Switzerland West","Germany West Central","Australia
        Central 2","UAE Central","Brazil South","UAE North","Japan West","Brazil Southeast","Norway
        East","Norway West","France South","South India","Jio India Central","Jio
        India West","Canada East","West US 3","Sweden Central","Korea South"],"apiVersions":["2021-06-01","2020-10-01","2020-08-01","2020-03-01-preview","2019-08-01-preview"],"defaultApiVersion":"2021-06-01","capabilities":"CrossResourceGroupResourceMove,
        CrossSubscriptionResourceMove, SystemAssignedResourceIdentity, SupportsTags,
        SupportsLocation"},{"resourceType":"workspaces/dataExports","locations":["East
        US","West Europe","Southeast Asia","Australia Southeast","West Central US","Japan
        East","UK South","Central India","Canada Central","West US 2","Australia Central","Australia
        East","France Central","Korea Central","North Europe","Central US","East Asia","East
        US 2","South Central US","North Central US","West US","UK West","South Africa
        North","Brazil South","Switzerland North","Switzerland West","Germany West
        Central","Australia Central 2","UAE Central","UAE North","Japan West","Brazil
        Southeast","Norway East","Norway West","France South","South India","Jio India
        West","Canada East","West US 3","Sweden Central"],"apiVersions":["2020-08-01","2020-03-01-preview","2019-08-01-preview"],"defaultApiVersion":"2020-08-01","capabilities":"None"}],"registrationState":"Registered","registrationPolicy":"RegistrationRequired"}'
    headers:
      cache-control:
      - no-cache
      content-length:
      - '12103'
      content-type:
      - application/json; charset=utf-8
      date:
      - Wed, 26 Jan 2022 09:08:57 GMT
      expires:
      - '-1'
      pragma:
      - no-cache
      strict-transport-security:
      - max-age=31536000; includeSubDomains
      vary:
      - Accept-Encoding
      x-content-type-options:
      - nosniff
    status:
      code: 200
      message: OK
- request:
    body: null
    headers:
      Accept:
      - application/json
      Accept-Encoding:
      - gzip, deflate
      CommandName:
      - network watcher flow-log create
      Connection:
      - keep-alive
      ParameterSetName:
      - --location --resource-group --nsg --storage-account --workspace --name
      User-Agent:
      - AZURECLI/2.32.0 azsdk-python-azure-mgmt-resource/20.0.0 Python/3.8.9 (Windows-10-10.0.22000-SP0)
    method: GET
    uri: https://management.azure.com/subscriptions/00000000-0000-0000-0000-000000000000/resourcegroups/test_nw_flow_log_000001/providers/microsoft.operationalinsights/workspaces/clitest000003?api-version=2021-06-01
  response:
    body:
      string: "{\r\n  \"properties\": {\r\n    \"source\": \"Azure\",\r\n    \"customerId\":
        \"732341e9-17ad-4249-8708-f8002986dfa2\",\r\n    \"provisioningState\": \"Succeeded\",\r\n
        \   \"sku\": {\r\n      \"name\": \"pergb2018\",\r\n      \"lastSkuUpdate\":
        \"Wed, 26 Jan 2022 09:08:23 GMT\"\r\n    },\r\n    \"retentionInDays\": 30,\r\n
        \   \"features\": {\r\n      \"legacy\": 0,\r\n      \"searchVersion\": 1,\r\n
        \     \"enableLogAccessUsingOnlyResourcePermissions\": true\r\n    },\r\n
        \   \"workspaceCapping\": {\r\n      \"dailyQuotaGb\": -1.0,\r\n      \"quotaNextResetTime\":
        \"Thu, 27 Jan 2022 03:00:00 GMT\",\r\n      \"dataIngestionStatus\": \"RespectQuota\"\r\n
        \   },\r\n    \"publicNetworkAccessForIngestion\": \"Enabled\",\r\n    \"publicNetworkAccessForQuery\":
        \"Enabled\",\r\n    \"createdDate\": \"Wed, 26 Jan 2022 09:08:23 GMT\",\r\n
        \   \"modifiedDate\": \"Wed, 26 Jan 2022 09:08:24 GMT\"\r\n  },\r\n  \"id\":
        \"/subscriptions/00000000-0000-0000-0000-000000000000/resourcegroups/test_nw_flow_log_000001/providers/microsoft.operationalinsights/workspaces/clitest000003\",\r\n
        \ \"name\": \"clitest000003\",\r\n  \"type\": \"Microsoft.OperationalInsights/workspaces\",\r\n
        \ \"location\": \"westus\"\r\n}"
    headers:
      access-control-allow-origin:
      - '*'
      cache-control:
      - no-cache
      content-length:
      - '1068'
      content-type:
      - application/json
      date:
      - Wed, 26 Jan 2022 09:08:58 GMT
      pragma:
      - no-cache
      request-context:
      - appId=cid-v1:e6336c63-aab2-45f0-996a-e5dbab2a1508
      server:
      - Microsoft-IIS/10.0
      strict-transport-security:
      - max-age=31536000; includeSubDomains
      transfer-encoding:
      - chunked
      vary:
      - Accept-Encoding,Accept-Encoding
      x-content-type-options:
      - nosniff
      x-powered-by:
      - ASP.NET
      - ASP.NET
    status:
      code: 200
      message: OK
- request:
    body: '{"location": "westus", "properties": {"targetResourceId": "/subscriptions/00000000-0000-0000-0000-000000000000/resourceGroups/test_nw_flow_log_000001/providers/Microsoft.Network/networkSecurityGroups/nsg1",
      "storageId": "/subscriptions/00000000-0000-0000-0000-000000000000/resourceGroups/test_nw_flow_log_000001/providers/Microsoft.Storage/storageAccounts/testflowlog000002",
      "enabled": true, "flowAnalyticsConfiguration": {"networkWatcherFlowAnalyticsConfiguration":
      {"workspaceId": "732341e9-17ad-4249-8708-f8002986dfa2", "workspaceRegion": "westus",
      "workspaceResourceId": "/subscriptions/00000000-0000-0000-0000-000000000000/resourcegroups/test_nw_flow_log_000001/providers/microsoft.operationalinsights/workspaces/clitest000003",
      "trafficAnalyticsInterval": 60}}}}'
    headers:
      Accept:
      - application/json
      Accept-Encoding:
      - gzip, deflate
      CommandName:
      - network watcher flow-log create
      Connection:
      - keep-alive
      Content-Length:
      - '769'
      Content-Type:
      - application/json
      ParameterSetName:
      - --location --resource-group --nsg --storage-account --workspace --name
      User-Agent:
      - AZURECLI/2.32.0 azsdk-python-azure-mgmt-network/19.3.0 Python/3.8.9 (Windows-10-10.0.22000-SP0)
    method: PUT
    uri: https://management.azure.com/subscriptions/00000000-0000-0000-0000-000000000000/resourceGroups/NetworkWatcherRG/providers/Microsoft.Network/networkWatchers/NetworkWatcher_westus/flowLogs/flow_log_test2?api-version=2021-05-01
  response:
    body:
      string: "{\r\n  \"name\": \"flow_log_test2\",\r\n  \"id\": \"/subscriptions/00000000-0000-0000-0000-000000000000/resourceGroups/NetworkWatcherRG/providers/Microsoft.Network/networkWatchers/NetworkWatcher_westus/flowLogs/flow_log_test2\",\r\n
        \ \"etag\": \"W/\\\"f94de70e-27ff-4a72-8e01-509dc453d6cf\\\"\",\r\n  \"properties\":
        {\r\n    \"provisioningState\": \"Updating\",\r\n    \"targetResourceId\":
        \"/subscriptions/00000000-0000-0000-0000-000000000000/resourceGroups/test_nw_flow_log_000001/providers/Microsoft.Network/networkSecurityGroups/nsg1\",\r\n
        \   \"targetResourceGuid\": \"a1e001d2-9b42-4dfc-8c32-ae1fdbafd12d\",\r\n
        \   \"storageId\": \"/subscriptions/00000000-0000-0000-0000-000000000000/resourceGroups/test_nw_flow_log_000001/providers/Microsoft.Storage/storageAccounts/testflowlog000002\",\r\n
        \   \"enabled\": true,\r\n    \"flowAnalyticsConfiguration\": {\r\n      \"networkWatcherFlowAnalyticsConfiguration\":
        {\r\n        \"enabled\": false,\r\n        \"workspaceId\": \"732341e9-17ad-4249-8708-f8002986dfa2\",\r\n
        \       \"workspaceRegion\": \"westus\",\r\n        \"workspaceResourceId\":
        \"/subscriptions/00000000-0000-0000-0000-000000000000/resourcegroups/test_nw_flow_log_000001/providers/microsoft.operationalinsights/workspaces/clitest000003\",\r\n
        \       \"trafficAnalyticsInterval\": 60\r\n      }\r\n    },\r\n    \"retentionPolicy\":
        {\r\n      \"days\": 0,\r\n      \"enabled\": false\r\n    },\r\n    \"format\":
        {\r\n      \"type\": \"JSON\",\r\n      \"version\": 1\r\n    }\r\n  },\r\n
        \ \"type\": \"Microsoft.Network/networkWatchers/flowLogs\",\r\n  \"location\":
        \"westus\"\r\n}"
    headers:
      azure-asyncnotification:
      - Enabled
      azure-asyncoperation:
      - https://management.azure.com/subscriptions/00000000-0000-0000-0000-000000000000/providers/Microsoft.Network/locations/westus/operations/c00e5878-85f6-45fe-abe0-c6cfb8d3c3ac?api-version=2021-05-01
      cache-control:
      - no-cache
      content-length:
      - '1467'
      content-type:
      - application/json; charset=utf-8
      date:
      - Wed, 26 Jan 2022 09:08:59 GMT
      expires:
      - '-1'
      pragma:
      - no-cache
      server:
      - Microsoft-HTTPAPI/2.0
      - Microsoft-HTTPAPI/2.0
      strict-transport-security:
      - max-age=31536000; includeSubDomains
      x-content-type-options:
      - nosniff
      x-ms-arm-service-request-id:
      - 77e6e380-0072-4c89-a596-65e2f6991de5
      x-ms-ratelimit-remaining-subscription-writes:
      - '1199'
    status:
      code: 201
      message: Created
- request:
    body: null
    headers:
      Accept:
      - '*/*'
      Accept-Encoding:
      - gzip, deflate
      CommandName:
      - network watcher flow-log create
      Connection:
      - keep-alive
      ParameterSetName:
      - --location --resource-group --nsg --storage-account --workspace --name
      User-Agent:
      - AZURECLI/2.32.0 azsdk-python-azure-mgmt-network/19.3.0 Python/3.8.9 (Windows-10-10.0.22000-SP0)
    method: GET
    uri: https://management.azure.com/subscriptions/00000000-0000-0000-0000-000000000000/providers/Microsoft.Network/locations/westus/operations/c00e5878-85f6-45fe-abe0-c6cfb8d3c3ac?api-version=2021-05-01
  response:
    body:
      string: "{\r\n  \"status\": \"Succeeded\"\r\n}"
    headers:
      cache-control:
      - no-cache
      content-length:
      - '29'
      content-type:
      - application/json; charset=utf-8
      date:
      - Wed, 26 Jan 2022 09:09:09 GMT
      expires:
      - '-1'
      pragma:
      - no-cache
      server:
      - Microsoft-HTTPAPI/2.0
      - Microsoft-HTTPAPI/2.0
      strict-transport-security:
      - max-age=31536000; includeSubDomains
      transfer-encoding:
      - chunked
      vary:
      - Accept-Encoding
      x-content-type-options:
      - nosniff
      x-ms-arm-service-request-id:
      - 8403f3e1-9b10-4c6d-8636-5bc72851f315
    status:
      code: 200
      message: OK
- request:
    body: null
    headers:
      Accept:
      - '*/*'
      Accept-Encoding:
      - gzip, deflate
      CommandName:
      - network watcher flow-log create
      Connection:
      - keep-alive
      ParameterSetName:
      - --location --resource-group --nsg --storage-account --workspace --name
      User-Agent:
      - AZURECLI/2.32.0 azsdk-python-azure-mgmt-network/19.3.0 Python/3.8.9 (Windows-10-10.0.22000-SP0)
    method: GET
    uri: https://management.azure.com/subscriptions/00000000-0000-0000-0000-000000000000/resourceGroups/NetworkWatcherRG/providers/Microsoft.Network/networkWatchers/NetworkWatcher_westus/flowLogs/flow_log_test2?api-version=2021-05-01
  response:
    body:
      string: "{\r\n  \"name\": \"flow_log_test2\",\r\n  \"id\": \"/subscriptions/00000000-0000-0000-0000-000000000000/resourceGroups/NetworkWatcherRG/providers/Microsoft.Network/networkWatchers/NetworkWatcher_westus/flowLogs/flow_log_test2\",\r\n
        \ \"etag\": \"W/\\\"57edf456-c68d-4078-8d8a-e0c40dff7505\\\"\",\r\n  \"properties\":
        {\r\n    \"provisioningState\": \"Succeeded\",\r\n    \"targetResourceId\":
        \"/subscriptions/00000000-0000-0000-0000-000000000000/resourceGroups/test_nw_flow_log_000001/providers/Microsoft.Network/networkSecurityGroups/nsg1\",\r\n
        \   \"targetResourceGuid\": \"a1e001d2-9b42-4dfc-8c32-ae1fdbafd12d\",\r\n
        \   \"storageId\": \"/subscriptions/00000000-0000-0000-0000-000000000000/resourceGroups/test_nw_flow_log_000001/providers/Microsoft.Storage/storageAccounts/testflowlog000002\",\r\n
        \   \"enabled\": true,\r\n    \"flowAnalyticsConfiguration\": {\r\n      \"networkWatcherFlowAnalyticsConfiguration\":
        {\r\n        \"enabled\": false,\r\n        \"workspaceId\": \"732341e9-17ad-4249-8708-f8002986dfa2\",\r\n
        \       \"workspaceRegion\": \"westus\",\r\n        \"workspaceResourceId\":
        \"/subscriptions/00000000-0000-0000-0000-000000000000/resourcegroups/test_nw_flow_log_000001/providers/microsoft.operationalinsights/workspaces/clitest000003\",\r\n
        \       \"trafficAnalyticsInterval\": 60\r\n      }\r\n    },\r\n    \"retentionPolicy\":
        {\r\n      \"days\": 0,\r\n      \"enabled\": false\r\n    },\r\n    \"format\":
        {\r\n      \"type\": \"JSON\",\r\n      \"version\": 1\r\n    }\r\n  },\r\n
        \ \"type\": \"Microsoft.Network/networkWatchers/flowLogs\",\r\n  \"location\":
        \"westus\"\r\n}"
    headers:
      cache-control:
      - no-cache
      content-length:
      - '1468'
      content-type:
      - application/json; charset=utf-8
      date:
      - Wed, 26 Jan 2022 09:09:09 GMT
      expires:
      - '-1'
      pragma:
      - no-cache
      server:
      - Microsoft-HTTPAPI/2.0
      - Microsoft-HTTPAPI/2.0
      strict-transport-security:
      - max-age=31536000; includeSubDomains
      transfer-encoding:
      - chunked
      vary:
      - Accept-Encoding
      x-content-type-options:
      - nosniff
      x-ms-arm-service-request-id:
      - 707ba378-5570-4d28-be91-41c2f3a0b9cc
    status:
      code: 200
      message: OK
- request:
    body: null
    headers:
      Accept:
      - application/json
      Accept-Encoding:
      - gzip, deflate
      CommandName:
      - network watcher flow-log show
      Connection:
      - keep-alive
      ParameterSetName:
      - --location --name
      User-Agent:
      - AZURECLI/2.32.0 azsdk-python-azure-mgmt-network/19.3.0 Python/3.8.9 (Windows-10-10.0.22000-SP0)
    method: GET
    uri: https://management.azure.com/subscriptions/00000000-0000-0000-0000-000000000000/providers/Microsoft.Network/networkWatchers?api-version=2021-05-01
  response:
    body:
      string: '{"value":[{"name":"NetworkWatcher_westus","id":"/subscriptions/00000000-0000-0000-0000-000000000000/resourceGroups/NetworkWatcherRG/providers/Microsoft.Network/networkWatchers/NetworkWatcher_westus","etag":"W/\"57edf456-c68d-4078-8d8a-e0c40dff7505\"","type":"Microsoft.Network/networkWatchers","location":"westus","properties":{"provisioningState":"Succeeded","runningOperationIds":[]}},{"name":"NetworkWatcher_eastus","id":"/subscriptions/00000000-0000-0000-0000-000000000000/resourceGroups/NetworkWatcherRG/providers/Microsoft.Network/networkWatchers/NetworkWatcher_eastus","etag":"W/\"508aed37-2f98-46ca-841c-f115a2b7593a\"","type":"Microsoft.Network/networkWatchers","location":"eastus","properties":{"provisioningState":"Succeeded","runningOperationIds":[]}},{"name":"NetworkWatcher_northeurope","id":"/subscriptions/00000000-0000-0000-0000-000000000000/resourceGroups/NetworkWatcherRG/providers/Microsoft.Network/networkWatchers/NetworkWatcher_northeurope","etag":"W/\"36759130-bf46-4e60-9d08-8f9228e1fe54\"","type":"Microsoft.Network/networkWatchers","location":"northeurope","properties":{"provisioningState":"Succeeded","runningOperationIds":[]}},{"name":"NetworkWatcher_eastus2","id":"/subscriptions/00000000-0000-0000-0000-000000000000/resourceGroups/NetworkWatcherRG/providers/Microsoft.Network/networkWatchers/NetworkWatcher_eastus2","etag":"W/\"1746d4cd-ec9c-479b-9e30-364fc271fa53\"","type":"Microsoft.Network/networkWatchers","location":"eastus2","properties":{"provisioningState":"Succeeded","runningOperationIds":[]}},{"name":"NetworkWatcher_westus2","id":"/subscriptions/00000000-0000-0000-0000-000000000000/resourceGroups/NetworkWatcherRG/providers/Microsoft.Network/networkWatchers/NetworkWatcher_westus2","etag":"W/\"4f81b4dc-2005-4f9b-87e2-96dd8b73997e\"","type":"Microsoft.Network/networkWatchers","location":"westus2","properties":{"provisioningState":"Succeeded","runningOperationIds":[]}},{"name":"NetworkWatcher_francecentral","id":"/subscriptions/00000000-0000-0000-0000-000000000000/resourceGroups/NetworkWatcherRG/providers/Microsoft.Network/networkWatchers/NetworkWatcher_francecentral","etag":"W/\"f27501e7-0e1e-4e6d-9de0-4739516506a9\"","type":"Microsoft.Network/networkWatchers","location":"francecentral","properties":{"provisioningState":"Succeeded","runningOperationIds":[]}},{"name":"NetworkWatcher_eastus2euap","id":"/subscriptions/00000000-0000-0000-0000-000000000000/resourceGroups/NetworkWatcherRG/providers/Microsoft.Network/networkWatchers/NetworkWatcher_eastus2euap","etag":"W/\"4d6be315-5ea7-4c36-bacd-68837e052007\"","type":"Microsoft.Network/networkWatchers","location":"eastus2euap","properties":{"provisioningState":"Succeeded","runningOperationIds":[]}}]}'
    headers:
      cache-control:
      - no-cache
      content-length:
      - '2707'
      content-type:
      - application/json; charset=utf-8
      date:
      - Wed, 26 Jan 2022 09:09:12 GMT
      expires:
      - '-1'
      pragma:
      - no-cache
      strict-transport-security:
      - max-age=31536000; includeSubDomains
      vary:
      - Accept-Encoding
      x-content-type-options:
      - nosniff
      x-ms-original-request-ids:
      - 071f9733-3cca-4fe2-9808-136530593156
      - 8d4437ec-f84b-4548-8bae-384de3fd498f
      - 46c34329-1dcd-4914-b57f-5fef64c18c1e
      - d915f296-68db-499d-be3a-1976b9998e41
      - e262b7f4-fb6c-4582-b7c0-14a693f64285
      - 5fb922f5-d407-4d0a-ac6e-daf3d617a9a2
      - 3669ec3b-2b41-4da8-8e54-299cec513d3b
    status:
      code: 200
      message: OK
- request:
    body: null
    headers:
      Accept:
      - application/json
      Accept-Encoding:
      - gzip, deflate
      CommandName:
      - network watcher flow-log show
      Connection:
      - keep-alive
      ParameterSetName:
      - --location --name
      User-Agent:
      - AZURECLI/2.32.0 azsdk-python-azure-mgmt-network/19.3.0 Python/3.8.9 (Windows-10-10.0.22000-SP0)
    method: GET
    uri: https://management.azure.com/subscriptions/00000000-0000-0000-0000-000000000000/resourceGroups/NetworkWatcherRG/providers/Microsoft.Network/networkWatchers/NetworkWatcher_westus/flowLogs/flow_log_test2?api-version=2021-05-01
  response:
    body:
      string: "{\r\n  \"name\": \"flow_log_test2\",\r\n  \"id\": \"/subscriptions/00000000-0000-0000-0000-000000000000/resourceGroups/NetworkWatcherRG/providers/Microsoft.Network/networkWatchers/NetworkWatcher_westus/flowLogs/flow_log_test2\",\r\n
        \ \"etag\": \"W/\\\"57edf456-c68d-4078-8d8a-e0c40dff7505\\\"\",\r\n  \"properties\":
        {\r\n    \"provisioningState\": \"Succeeded\",\r\n    \"targetResourceId\":
        \"/subscriptions/00000000-0000-0000-0000-000000000000/resourceGroups/test_nw_flow_log_000001/providers/Microsoft.Network/networkSecurityGroups/nsg1\",\r\n
        \   \"targetResourceGuid\": \"a1e001d2-9b42-4dfc-8c32-ae1fdbafd12d\",\r\n
        \   \"storageId\": \"/subscriptions/00000000-0000-0000-0000-000000000000/resourceGroups/test_nw_flow_log_000001/providers/Microsoft.Storage/storageAccounts/testflowlog000002\",\r\n
        \   \"enabled\": true,\r\n    \"flowAnalyticsConfiguration\": {\r\n      \"networkWatcherFlowAnalyticsConfiguration\":
        {\r\n        \"enabled\": false,\r\n        \"workspaceId\": \"732341e9-17ad-4249-8708-f8002986dfa2\",\r\n
        \       \"workspaceRegion\": \"westus\",\r\n        \"workspaceResourceId\":
        \"/subscriptions/00000000-0000-0000-0000-000000000000/resourcegroups/test_nw_flow_log_000001/providers/microsoft.operationalinsights/workspaces/clitest000003\",\r\n
        \       \"trafficAnalyticsInterval\": 60\r\n      }\r\n    },\r\n    \"retentionPolicy\":
        {\r\n      \"days\": 0,\r\n      \"enabled\": false\r\n    },\r\n    \"format\":
        {\r\n      \"type\": \"JSON\",\r\n      \"version\": 1\r\n    }\r\n  },\r\n
        \ \"type\": \"Microsoft.Network/networkWatchers/flowLogs\",\r\n  \"location\":
        \"westus\"\r\n}"
    headers:
      cache-control:
      - no-cache
      content-length:
      - '1468'
      content-type:
      - application/json; charset=utf-8
      date:
      - Wed, 26 Jan 2022 09:09:13 GMT
      expires:
      - '-1'
      pragma:
      - no-cache
      server:
      - Microsoft-HTTPAPI/2.0
      - Microsoft-HTTPAPI/2.0
      strict-transport-security:
      - max-age=31536000; includeSubDomains
      transfer-encoding:
      - chunked
      vary:
      - Accept-Encoding
      x-content-type-options:
      - nosniff
      x-ms-arm-service-request-id:
      - 972fd960-e44a-4d0d-b6ab-9634aa34734f
    status:
      code: 200
      message: OK
- request:
    body: null
    headers:
      Accept:
      - application/json
      Accept-Encoding:
      - gzip, deflate
      CommandName:
      - network watcher flow-log delete
      Connection:
      - keep-alive
      ParameterSetName:
      - --location --name
      User-Agent:
      - AZURECLI/2.32.0 azsdk-python-azure-mgmt-network/19.3.0 Python/3.8.9 (Windows-10-10.0.22000-SP0)
    method: GET
    uri: https://management.azure.com/subscriptions/00000000-0000-0000-0000-000000000000/providers/Microsoft.Network/networkWatchers?api-version=2021-05-01
  response:
    body:
      string: '{"value":[{"name":"NetworkWatcher_westus","id":"/subscriptions/00000000-0000-0000-0000-000000000000/resourceGroups/NetworkWatcherRG/providers/Microsoft.Network/networkWatchers/NetworkWatcher_westus","etag":"W/\"57edf456-c68d-4078-8d8a-e0c40dff7505\"","type":"Microsoft.Network/networkWatchers","location":"westus","properties":{"provisioningState":"Succeeded","runningOperationIds":[]}},{"name":"NetworkWatcher_eastus","id":"/subscriptions/00000000-0000-0000-0000-000000000000/resourceGroups/NetworkWatcherRG/providers/Microsoft.Network/networkWatchers/NetworkWatcher_eastus","etag":"W/\"508aed37-2f98-46ca-841c-f115a2b7593a\"","type":"Microsoft.Network/networkWatchers","location":"eastus","properties":{"provisioningState":"Succeeded","runningOperationIds":[]}},{"name":"NetworkWatcher_northeurope","id":"/subscriptions/00000000-0000-0000-0000-000000000000/resourceGroups/NetworkWatcherRG/providers/Microsoft.Network/networkWatchers/NetworkWatcher_northeurope","etag":"W/\"36759130-bf46-4e60-9d08-8f9228e1fe54\"","type":"Microsoft.Network/networkWatchers","location":"northeurope","properties":{"provisioningState":"Succeeded","runningOperationIds":[]}},{"name":"NetworkWatcher_eastus2","id":"/subscriptions/00000000-0000-0000-0000-000000000000/resourceGroups/NetworkWatcherRG/providers/Microsoft.Network/networkWatchers/NetworkWatcher_eastus2","etag":"W/\"1746d4cd-ec9c-479b-9e30-364fc271fa53\"","type":"Microsoft.Network/networkWatchers","location":"eastus2","properties":{"provisioningState":"Succeeded","runningOperationIds":[]}},{"name":"NetworkWatcher_westus2","id":"/subscriptions/00000000-0000-0000-0000-000000000000/resourceGroups/NetworkWatcherRG/providers/Microsoft.Network/networkWatchers/NetworkWatcher_westus2","etag":"W/\"4f81b4dc-2005-4f9b-87e2-96dd8b73997e\"","type":"Microsoft.Network/networkWatchers","location":"westus2","properties":{"provisioningState":"Succeeded","runningOperationIds":[]}},{"name":"NetworkWatcher_francecentral","id":"/subscriptions/00000000-0000-0000-0000-000000000000/resourceGroups/NetworkWatcherRG/providers/Microsoft.Network/networkWatchers/NetworkWatcher_francecentral","etag":"W/\"f27501e7-0e1e-4e6d-9de0-4739516506a9\"","type":"Microsoft.Network/networkWatchers","location":"francecentral","properties":{"provisioningState":"Succeeded","runningOperationIds":[]}},{"name":"NetworkWatcher_eastus2euap","id":"/subscriptions/00000000-0000-0000-0000-000000000000/resourceGroups/NetworkWatcherRG/providers/Microsoft.Network/networkWatchers/NetworkWatcher_eastus2euap","etag":"W/\"4d6be315-5ea7-4c36-bacd-68837e052007\"","type":"Microsoft.Network/networkWatchers","location":"eastus2euap","properties":{"provisioningState":"Succeeded","runningOperationIds":[]}}]}'
    headers:
      cache-control:
      - no-cache
      content-length:
      - '2707'
      content-type:
      - application/json; charset=utf-8
      date:
      - Wed, 26 Jan 2022 09:09:13 GMT
      expires:
      - '-1'
      pragma:
      - no-cache
      strict-transport-security:
      - max-age=31536000; includeSubDomains
      vary:
      - Accept-Encoding
      x-content-type-options:
      - nosniff
      x-ms-original-request-ids:
      - fca81350-9a4d-46ec-abb8-fc22c19c388f
      - 777633b5-806b-408b-83a1-68db59d6006d
      - 77256ede-0fca-4c9c-bab6-e8b6ea3d6395
      - 757fbce3-9c55-4944-834c-88102c56d669
      - 7c161488-ec1b-4740-8d8f-09246f094931
      - d4227dbe-ffd9-42de-8fea-8d1857117472
      - d6a3952a-0cc3-48d6-b5fe-dd16313c1217
    status:
      code: 200
      message: OK
- request:
    body: null
    headers:
      Accept:
      - application/json
      Accept-Encoding:
      - gzip, deflate
      CommandName:
      - network watcher flow-log delete
      Connection:
      - keep-alive
      Content-Length:
      - '0'
      ParameterSetName:
      - --location --name
      User-Agent:
      - AZURECLI/2.32.0 azsdk-python-azure-mgmt-network/19.3.0 Python/3.8.9 (Windows-10-10.0.22000-SP0)
    method: DELETE
    uri: https://management.azure.com/subscriptions/00000000-0000-0000-0000-000000000000/resourceGroups/NetworkWatcherRG/providers/Microsoft.Network/networkWatchers/NetworkWatcher_westus/flowLogs/flow_log_test2?api-version=2021-05-01
  response:
    body:
      string: ''
    headers:
      azure-asyncnotification:
      - Enabled
      azure-asyncoperation:
      - https://management.azure.com/subscriptions/00000000-0000-0000-0000-000000000000/providers/Microsoft.Network/locations/westus/operations/85e391fa-eab4-4861-99d1-fbd840a1e7ee?api-version=2021-05-01
      cache-control:
      - no-cache
      content-length:
      - '0'
      date:
      - Wed, 26 Jan 2022 09:09:15 GMT
      expires:
      - '-1'
      location:
      - https://management.azure.com/subscriptions/00000000-0000-0000-0000-000000000000/providers/Microsoft.Network/locations/westus/operationResults/85e391fa-eab4-4861-99d1-fbd840a1e7ee?api-version=2021-05-01
      pragma:
      - no-cache
      server:
      - Microsoft-HTTPAPI/2.0
      - Microsoft-HTTPAPI/2.0
      strict-transport-security:
      - max-age=31536000; includeSubDomains
      x-content-type-options:
      - nosniff
      x-ms-arm-service-request-id:
      - 916b13a4-6d53-4bbf-94ca-3c44f0a0053b
      x-ms-ratelimit-remaining-subscription-deletes:
      - '14999'
    status:
      code: 202
      message: Accepted
- request:
    body: null
    headers:
      Accept:
      - '*/*'
      Accept-Encoding:
      - gzip, deflate
      CommandName:
      - network watcher flow-log delete
      Connection:
      - keep-alive
      ParameterSetName:
      - --location --name
      User-Agent:
      - AZURECLI/2.32.0 azsdk-python-azure-mgmt-network/19.3.0 Python/3.8.9 (Windows-10-10.0.22000-SP0)
    method: GET
    uri: https://management.azure.com/subscriptions/00000000-0000-0000-0000-000000000000/providers/Microsoft.Network/locations/westus/operations/85e391fa-eab4-4861-99d1-fbd840a1e7ee?api-version=2021-05-01
  response:
    body:
      string: "{\r\n  \"status\": \"Succeeded\"\r\n}"
    headers:
      cache-control:
      - no-cache
      content-length:
      - '29'
      content-type:
      - application/json; charset=utf-8
      date:
      - Wed, 26 Jan 2022 09:09:26 GMT
      expires:
      - '-1'
      pragma:
      - no-cache
      server:
      - Microsoft-HTTPAPI/2.0
      - Microsoft-HTTPAPI/2.0
      strict-transport-security:
      - max-age=31536000; includeSubDomains
      transfer-encoding:
      - chunked
      vary:
      - Accept-Encoding
      x-content-type-options:
      - nosniff
      x-ms-arm-service-request-id:
      - 6776d0a2-5e6b-4f86-87db-00e6e6f8b15c
    status:
      code: 200
      message: OK
- request:
    body: null
    headers:
      Accept:
      - application/json
      Accept-Encoding:
      - gzip, deflate
      CommandName:
      - network watcher flow-log show
      Connection:
      - keep-alive
      ParameterSetName:
      - --location --name
      User-Agent:
      - AZURECLI/2.32.0 azsdk-python-azure-mgmt-network/19.3.0 Python/3.8.9 (Windows-10-10.0.22000-SP0)
    method: GET
    uri: https://management.azure.com/subscriptions/00000000-0000-0000-0000-000000000000/providers/Microsoft.Network/networkWatchers?api-version=2021-05-01
  response:
    body:
      string: '{"value":[{"name":"NetworkWatcher_westus","id":"/subscriptions/00000000-0000-0000-0000-000000000000/resourceGroups/NetworkWatcherRG/providers/Microsoft.Network/networkWatchers/NetworkWatcher_westus","etag":"W/\"5dc0f65a-bd2c-4e41-bcb2-77a6c03ff80e\"","type":"Microsoft.Network/networkWatchers","location":"westus","properties":{"provisioningState":"Succeeded","runningOperationIds":[]}},{"name":"NetworkWatcher_eastus","id":"/subscriptions/00000000-0000-0000-0000-000000000000/resourceGroups/NetworkWatcherRG/providers/Microsoft.Network/networkWatchers/NetworkWatcher_eastus","etag":"W/\"508aed37-2f98-46ca-841c-f115a2b7593a\"","type":"Microsoft.Network/networkWatchers","location":"eastus","properties":{"provisioningState":"Succeeded","runningOperationIds":[]}},{"name":"NetworkWatcher_northeurope","id":"/subscriptions/00000000-0000-0000-0000-000000000000/resourceGroups/NetworkWatcherRG/providers/Microsoft.Network/networkWatchers/NetworkWatcher_northeurope","etag":"W/\"36759130-bf46-4e60-9d08-8f9228e1fe54\"","type":"Microsoft.Network/networkWatchers","location":"northeurope","properties":{"provisioningState":"Succeeded","runningOperationIds":[]}},{"name":"NetworkWatcher_eastus2","id":"/subscriptions/00000000-0000-0000-0000-000000000000/resourceGroups/NetworkWatcherRG/providers/Microsoft.Network/networkWatchers/NetworkWatcher_eastus2","etag":"W/\"1746d4cd-ec9c-479b-9e30-364fc271fa53\"","type":"Microsoft.Network/networkWatchers","location":"eastus2","properties":{"provisioningState":"Succeeded","runningOperationIds":[]}},{"name":"NetworkWatcher_westus2","id":"/subscriptions/00000000-0000-0000-0000-000000000000/resourceGroups/NetworkWatcherRG/providers/Microsoft.Network/networkWatchers/NetworkWatcher_westus2","etag":"W/\"4f81b4dc-2005-4f9b-87e2-96dd8b73997e\"","type":"Microsoft.Network/networkWatchers","location":"westus2","properties":{"provisioningState":"Succeeded","runningOperationIds":[]}},{"name":"NetworkWatcher_francecentral","id":"/subscriptions/00000000-0000-0000-0000-000000000000/resourceGroups/NetworkWatcherRG/providers/Microsoft.Network/networkWatchers/NetworkWatcher_francecentral","etag":"W/\"f27501e7-0e1e-4e6d-9de0-4739516506a9\"","type":"Microsoft.Network/networkWatchers","location":"francecentral","properties":{"provisioningState":"Succeeded","runningOperationIds":[]}},{"name":"NetworkWatcher_eastus2euap","id":"/subscriptions/00000000-0000-0000-0000-000000000000/resourceGroups/NetworkWatcherRG/providers/Microsoft.Network/networkWatchers/NetworkWatcher_eastus2euap","etag":"W/\"4d6be315-5ea7-4c36-bacd-68837e052007\"","type":"Microsoft.Network/networkWatchers","location":"eastus2euap","properties":{"provisioningState":"Succeeded","runningOperationIds":[]}}]}'
    headers:
      cache-control:
      - no-cache
      content-length:
      - '2707'
      content-type:
      - application/json; charset=utf-8
      date:
      - Wed, 26 Jan 2022 09:09:28 GMT
      expires:
      - '-1'
      pragma:
      - no-cache
      strict-transport-security:
      - max-age=31536000; includeSubDomains
      vary:
      - Accept-Encoding
      x-content-type-options:
      - nosniff
      x-ms-original-request-ids:
      - 8365c62c-4520-4ef3-9b48-b8e5f910d445
      - 6a0bf396-9c3b-4673-9ae2-bbc4968f3a7f
      - 9ce7d80c-7cce-47ea-831d-a30793319e7c
      - 57b08902-00b9-4873-a9df-ddd1ed8ebbce
      - 3fbe55b4-aa31-4cc0-b3ad-b987ab77484f
      - 9000d06b-4d7e-498e-a213-f86720c4bb16
      - 6bb8ea0c-ddf9-42ca-89ee-8df368cffde4
    status:
      code: 200
      message: OK
- request:
    body: null
    headers:
      Accept:
      - application/json
      Accept-Encoding:
      - gzip, deflate
      CommandName:
      - network watcher flow-log show
      Connection:
      - keep-alive
      ParameterSetName:
      - --location --name
      User-Agent:
      - AZURECLI/2.32.0 azsdk-python-azure-mgmt-network/19.3.0 Python/3.8.9 (Windows-10-10.0.22000-SP0)
    method: GET
    uri: https://management.azure.com/subscriptions/00000000-0000-0000-0000-000000000000/resourceGroups/NetworkWatcherRG/providers/Microsoft.Network/networkWatchers/NetworkWatcher_westus/flowLogs/flow_log_test2?api-version=2021-05-01
  response:
    body:
      string: '{"error":{"code":"ResourceNotFound","message":"The Resource ''Microsoft.Network/networkWatchers/NetworkWatcher_westus/flowLogs/flow_log_test2''
        under resource group ''NetworkWatcherRG'' was not found. For more details
        please go to https://aka.ms/ARMResourceNotFoundFix"}}'
    headers:
      cache-control:
      - no-cache
      content-length:
      - '267'
      content-type:
      - application/json; charset=utf-8
      date:
      - Wed, 26 Jan 2022 09:09:29 GMT
      expires:
      - '-1'
      pragma:
      - no-cache
      strict-transport-security:
      - max-age=31536000; includeSubDomains
      x-content-type-options:
      - nosniff
      x-ms-failure-cause:
      - gateway
    status:
      code: 404
      message: Not Found
version: 1
