interactions:
- request:
    body: null
    headers:
      Accept:
      - application/json
      Accept-Encoding:
      - gzip, deflate
      CommandName:
      - network application-gateway create
      Connection:
      - keep-alive
      ParameterSetName:
      - -g -n --no-wait
      User-Agent:
      - python/3.7.4 (Linux-4.15.0-112-generic-x86_64-with-debian-buster-sid) msrest/0.6.18
        msrest_azure/0.6.3 azure-mgmt-resource/10.2.0 Azure-SDK-For-Python AZURECLI/2.14.0
      accept-language:
      - en-US
    method: GET
    uri: https://management.azure.com/subscriptions/00000000-0000-0000-0000-000000000000/resourcegroups/cli_test_ag_http_listener000001?api-version=2020-06-01
  response:
    body:
      string: '{"id":"/subscriptions/00000000-0000-0000-0000-000000000000/resourceGroups/cli_test_ag_http_listener000001","name":"cli_test_ag_http_listener000001","type":"Microsoft.Resources/resourceGroups","location":"westus","tags":{"product":"azurecli","cause":"automation","date":"2020-11-04T04:13:29Z"},"properties":{"provisioningState":"Succeeded"}}'
    headers:
      cache-control:
      - no-cache
      content-length:
      - '428'
      content-type:
      - application/json; charset=utf-8
      date:
      - Wed, 04 Nov 2020 04:13:33 GMT
      expires:
      - '-1'
      pragma:
      - no-cache
      strict-transport-security:
      - max-age=31536000; includeSubDomains
      vary:
      - Accept-Encoding
      x-content-type-options:
      - nosniff
    status:
      code: 200
      message: OK
- request:
    body: null
    headers:
      Accept:
      - application/json
      Accept-Encoding:
      - gzip, deflate
      CommandName:
      - network application-gateway create
      Connection:
      - keep-alive
      ParameterSetName:
      - -g -n --no-wait
      User-Agent:
      - python/3.7.4 (Linux-4.15.0-112-generic-x86_64-with-debian-buster-sid) msrest/0.6.18
        msrest_azure/0.6.3 azure-mgmt-resource/10.2.0 Azure-SDK-For-Python AZURECLI/2.14.0
      accept-language:
      - en-US
    method: GET
    uri: https://management.azure.com/subscriptions/00000000-0000-0000-0000-000000000000/resources?$filter=resourceGroup%20eq%20%27cli_test_ag_http_listener000001%27%20and%20name%20eq%20%27None%27%20and%20resourceType%20eq%20%27Microsoft.Network%2FvirtualNetworks%27&api-version=2020-06-01
  response:
    body:
      string: '{"value":[]}'
    headers:
      cache-control:
      - no-cache
      content-length:
      - '12'
      content-type:
      - application/json; charset=utf-8
      date:
      - Wed, 04 Nov 2020 04:13:34 GMT
      expires:
      - '-1'
      pragma:
      - no-cache
      strict-transport-security:
      - max-age=31536000; includeSubDomains
      vary:
      - Accept-Encoding
      x-content-type-options:
      - nosniff
    status:
      code: 200
      message: OK
- request:
    body: '{"properties": {"template": {"$schema": "https://schema.management.azure.com/schemas/2015-01-01/deploymentTemplate.json#",
      "contentVersion": "1.0.0.0", "parameters": {}, "variables": {"appGwID": "[resourceId(''Microsoft.Network/applicationGateways'',
      ''ag1'')]"}, "resources": [{"name": "ag1Vnet", "type": "Microsoft.Network/virtualNetworks",
      "location": "westus", "apiVersion": "2015-06-15", "dependsOn": [], "tags": {},
      "properties": {"addressSpace": {"addressPrefixes": ["10.0.0.0/16"]}, "subnets":
      [{"name": "default", "properties": {"addressPrefix": "10.0.0.0/24"}}]}}, {"type":
      "Microsoft.Network/applicationGateways", "name": "ag1", "location": "westus",
      "tags": {}, "apiVersion": "2020-06-01", "dependsOn": ["Microsoft.Network/virtualNetworks/ag1Vnet"],
      "properties": {"backendAddressPools": [{"name": "appGatewayBackendPool"}], "backendHttpSettingsCollection":
      [{"name": "appGatewayBackendHttpSettings", "properties": {"Port": 80, "Protocol":
      "Http", "CookieBasedAffinity": "disabled", "connectionDraining": {"enabled":
      false, "drainTimeoutInSec": 1}}}], "frontendIPConfigurations": [{"name": "appGatewayPrivateFrontendIP",
      "properties": {"privateIPAllocationMethod": "Dynamic", "privateIPAddress": "",
      "subnet": {"id": "/subscriptions/00000000-0000-0000-0000-000000000000/resourceGroups/cli_test_ag_http_listener000001/providers/Microsoft.Network/virtualNetworks/ag1Vnet/subnets/default"}}}],
      "frontendPorts": [{"name": "appGatewayFrontendPort", "properties": {"Port":
      80}}], "gatewayIPConfigurations": [{"name": "appGatewayPrivateFrontendIP", "properties":
      {"subnet": {"id": "/subscriptions/00000000-0000-0000-0000-000000000000/resourceGroups/cli_test_ag_http_listener000001/providers/Microsoft.Network/virtualNetworks/ag1Vnet/subnets/default"}}}],
      "httpListeners": [{"name": "appGatewayHttpListener", "properties": {"FrontendIpConfiguration":
      {"Id": "[concat(variables(''appGwID''), ''/frontendIPConfigurations/appGatewayPrivateFrontendIP'')]"},
      "FrontendPort": {"Id": "[concat(variables(''appGwID''), ''/frontendPorts/appGatewayFrontendPort'')]"},
      "Protocol": "http", "SslCertificate": null}}], "sku": {"name": "Standard_Medium",
      "tier": "Standard", "capacity": 2}, "requestRoutingRules": [{"Name": "rule1",
      "properties": {"RuleType": "Basic", "httpListener": {"id": "[concat(variables(''appGwID''),
      ''/httpListeners/appGatewayHttpListener'')]"}, "backendAddressPool": {"id":
      "[concat(variables(''appGwID''), ''/backendAddressPools/appGatewayBackendPool'')]"},
      "backendHttpSettings": {"id": "[concat(variables(''appGwID''), ''/backendHttpSettingsCollection/appGatewayBackendHttpSettings'')]"}}}],
      "privateLinkConfigurations": []}, "zones": null}], "outputs": {"applicationGateway":
      {"type": "object", "value": "[reference(''ag1'')]"}}}, "parameters": {}, "mode":
      "Incremental"}}'
    headers:
      Accept:
      - application/json
      Accept-Encoding:
      - gzip, deflate
      CommandName:
      - network application-gateway create
      Connection:
      - keep-alive
      Content-Length:
      - '2853'
      Content-Type:
      - application/json; charset=utf-8
      ParameterSetName:
      - -g -n --no-wait
      User-Agent:
      - python/3.7.4 (Linux-4.15.0-112-generic-x86_64-with-debian-buster-sid) msrest/0.6.18
        msrest_azure/0.6.3 azure-mgmt-resource/10.2.0 Azure-SDK-For-Python AZURECLI/2.14.0
      accept-language:
      - en-US
    method: PUT
    uri: https://management.azure.com/subscriptions/00000000-0000-0000-0000-000000000000/resourcegroups/cli_test_ag_http_listener000001/providers/Microsoft.Resources/deployments/mock-deployment?api-version=2020-06-01
  response:
    body:
      string: '{"id":"/subscriptions/00000000-0000-0000-0000-000000000000/resourceGroups/cli_test_ag_http_listener000001/providers/Microsoft.Resources/deployments/ag_deploy_AUri2POLwvsVAet0ZkmAWWp2ZHsZz3kG","name":"ag_deploy_AUri2POLwvsVAet0ZkmAWWp2ZHsZz3kG","type":"Microsoft.Resources/deployments","properties":{"templateHash":"11447148325735056130","parameters":{},"mode":"Incremental","provisioningState":"Accepted","timestamp":"2020-11-04T04:13:38.641916Z","duration":"PT2.1936233S","correlationId":"3e71ad47-8a53-442d-bf6c-d8ec8dcf61ff","providers":[{"namespace":"Microsoft.Network","resourceTypes":[{"resourceType":"virtualNetworks","locations":["westus"]},{"resourceType":"applicationGateways","locations":["westus"]}]}],"dependencies":[{"dependsOn":[{"id":"/subscriptions/00000000-0000-0000-0000-000000000000/resourceGroups/cli_test_ag_http_listener000001/providers/Microsoft.Network/virtualNetworks/ag1Vnet","resourceType":"Microsoft.Network/virtualNetworks","resourceName":"ag1Vnet"}],"id":"/subscriptions/00000000-0000-0000-0000-000000000000/resourceGroups/cli_test_ag_http_listener000001/providers/Microsoft.Network/applicationGateways/ag1","resourceType":"Microsoft.Network/applicationGateways","resourceName":"ag1"}]}}'
    headers:
      azure-asyncoperation:
      - https://management.azure.com/subscriptions/00000000-0000-0000-0000-000000000000/resourcegroups/cli_test_ag_http_listener000001/providers/Microsoft.Resources/deployments/ag_deploy_AUri2POLwvsVAet0ZkmAWWp2ZHsZz3kG/operationStatuses/08585971436690293483?api-version=2020-06-01
      cache-control:
      - no-cache
      content-length:
      - '1350'
      content-type:
      - application/json; charset=utf-8
      date:
      - Wed, 04 Nov 2020 04:13:40 GMT
      expires:
      - '-1'
      pragma:
      - no-cache
      strict-transport-security:
      - max-age=31536000; includeSubDomains
      x-content-type-options:
      - nosniff
      x-ms-ratelimit-remaining-subscription-writes:
      - '1196'
    status:
      code: 201
      message: Created
- request:
    body: null
    headers:
      Accept:
      - application/json
      Accept-Encoding:
      - gzip, deflate
      CommandName:
      - network application-gateway wait
      Connection:
      - keep-alive
      ParameterSetName:
      - -g -n --exists
      User-Agent:
      - python/3.7.4 (Linux-4.15.0-112-generic-x86_64-with-debian-buster-sid) msrest/0.6.18
        msrest_azure/0.6.3 azure-mgmt-network/12.0.0 Azure-SDK-For-Python AZURECLI/2.14.0
      accept-language:
      - en-US
    method: GET
    uri: https://management.azure.com/subscriptions/00000000-0000-0000-0000-000000000000/resourceGroups/cli_test_ag_http_listener000001/providers/Microsoft.Network/applicationGateways/ag1?api-version=2020-06-01
  response:
    body:
      string: '{"error":{"code":"ResourceNotFound","message":"The Resource ''Microsoft.Network/applicationGateways/ag1''
        under resource group ''cli_test_ag_http_listener000001'' was not found. For
        more details please go to https://aka.ms/ARMResourceNotFoundFix"}}'
    headers:
      cache-control:
      - no-cache
      content-length:
      - '288'
      content-type:
      - application/json; charset=utf-8
      date:
      - Wed, 04 Nov 2020 04:13:41 GMT
      expires:
      - '-1'
      pragma:
      - no-cache
      strict-transport-security:
      - max-age=31536000; includeSubDomains
      x-content-type-options:
      - nosniff
      x-ms-failure-cause:
      - gateway
    status:
      code: 404
      message: Not Found
- request:
    body: null
    headers:
      Accept:
      - application/json
      Accept-Encoding:
      - gzip, deflate
      CommandName:
      - network application-gateway wait
      Connection:
      - keep-alive
      ParameterSetName:
      - -g -n --exists
      User-Agent:
      - python/3.7.4 (Linux-4.15.0-112-generic-x86_64-with-debian-buster-sid) msrest/0.6.18
        msrest_azure/0.6.3 azure-mgmt-network/12.0.0 Azure-SDK-For-Python AZURECLI/2.14.0
      accept-language:
      - en-US
    method: GET
    uri: https://management.azure.com/subscriptions/00000000-0000-0000-0000-000000000000/resourceGroups/cli_test_ag_http_listener000001/providers/Microsoft.Network/applicationGateways/ag1?api-version=2020-06-01
  response:
    body:
      string: "{\r\n  \"name\": \"ag1\",\r\n  \"id\": \"/subscriptions/00000000-0000-0000-0000-000000000000/resourceGroups/cli_test_ag_http_listener000001/providers/Microsoft.Network/applicationGateways/ag1\"\
        ,\r\n  \"etag\": \"W/\\\"8a8b02df-a3ae-46dc-acdf-2b2b18a81432\\\"\",\r\n \
        \ \"type\": \"Microsoft.Network/applicationGateways\",\r\n  \"location\":\
        \ \"westus\",\r\n  \"tags\": {},\r\n  \"properties\": {\r\n    \"provisioningState\"\
        : \"Updating\",\r\n    \"resourceGuid\": \"4163d964-469f-4b88-9c10-282b00f8736e\"\
        ,\r\n    \"sku\": {\r\n      \"name\": \"Standard_Medium\",\r\n      \"tier\"\
        : \"Standard\",\r\n      \"capacity\": 2\r\n    },\r\n    \"operationalState\"\
        : \"Stopped\",\r\n    \"gatewayIPConfigurations\": [\r\n      {\r\n      \
        \  \"name\": \"appGatewayPrivateFrontendIP\",\r\n        \"id\": \"/subscriptions/00000000-0000-0000-0000-000000000000/resourceGroups/cli_test_ag_http_listener000001/providers/Microsoft.Network/applicationGateways/ag1/gatewayIPConfigurations/appGatewayPrivateFrontendIP\"\
        ,\r\n        \"etag\": \"W/\\\"8a8b02df-a3ae-46dc-acdf-2b2b18a81432\\\"\"\
        ,\r\n        \"properties\": {\r\n          \"provisioningState\": \"Updating\"\
        ,\r\n          \"subnet\": {\r\n            \"id\": \"/subscriptions/00000000-0000-0000-0000-000000000000/resourceGroups/cli_test_ag_http_listener000001/providers/Microsoft.Network/virtualNetworks/ag1Vnet/subnets/default\"\
        \r\n          }\r\n        },\r\n        \"type\": \"Microsoft.Network/applicationGateways/gatewayIPConfigurations\"\
        \r\n      }\r\n    ],\r\n    \"sslCertificates\": [],\r\n    \"authenticationCertificates\"\
        : [],\r\n    \"frontendIPConfigurations\": [\r\n      {\r\n        \"name\"\
        : \"appGatewayPrivateFrontendIP\",\r\n        \"id\": \"/subscriptions/00000000-0000-0000-0000-000000000000/resourceGroups/cli_test_ag_http_listener000001/providers/Microsoft.Network/applicationGateways/ag1/frontendIPConfigurations/appGatewayPrivateFrontendIP\"\
        ,\r\n        \"etag\": \"W/\\\"8a8b02df-a3ae-46dc-acdf-2b2b18a81432\\\"\"\
        ,\r\n        \"type\": \"Microsoft.Network/applicationGateways/frontendIPConfigurations\"\
        ,\r\n        \"properties\": {\r\n          \"provisioningState\": \"Updating\"\
        ,\r\n          \"privateIPAllocationMethod\": \"Dynamic\",\r\n          \"\
        subnet\": {\r\n            \"id\": \"/subscriptions/00000000-0000-0000-0000-000000000000/resourceGroups/cli_test_ag_http_listener000001/providers/Microsoft.Network/virtualNetworks/ag1Vnet/subnets/default\"\
        \r\n          },\r\n          \"httpListeners\": [\r\n            {\r\n  \
        \            \"id\": \"/subscriptions/00000000-0000-0000-0000-000000000000/resourceGroups/cli_test_ag_http_listener000001/providers/Microsoft.Network/applicationGateways/ag1/httpListeners/appGatewayHttpListener\"\
        \r\n            }\r\n          ]\r\n        }\r\n      }\r\n    ],\r\n   \
        \ \"frontendPorts\": [\r\n      {\r\n        \"name\": \"appGatewayFrontendPort\"\
        ,\r\n        \"id\": \"/subscriptions/00000000-0000-0000-0000-000000000000/resourceGroups/cli_test_ag_http_listener000001/providers/Microsoft.Network/applicationGateways/ag1/frontendPorts/appGatewayFrontendPort\"\
        ,\r\n        \"etag\": \"W/\\\"8a8b02df-a3ae-46dc-acdf-2b2b18a81432\\\"\"\
        ,\r\n        \"properties\": {\r\n          \"provisioningState\": \"Updating\"\
        ,\r\n          \"port\": 80,\r\n          \"httpListeners\": [\r\n       \
        \     {\r\n              \"id\": \"/subscriptions/00000000-0000-0000-0000-000000000000/resourceGroups/cli_test_ag_http_listener000001/providers/Microsoft.Network/applicationGateways/ag1/httpListeners/appGatewayHttpListener\"\
        \r\n            }\r\n          ]\r\n        },\r\n        \"type\": \"Microsoft.Network/applicationGateways/frontendPorts\"\
        \r\n      }\r\n    ],\r\n    \"backendAddressPools\": [\r\n      {\r\n   \
        \     \"name\": \"appGatewayBackendPool\",\r\n        \"id\": \"/subscriptions/00000000-0000-0000-0000-000000000000/resourceGroups/cli_test_ag_http_listener000001/providers/Microsoft.Network/applicationGateways/ag1/backendAddressPools/appGatewayBackendPool\"\
        ,\r\n        \"etag\": \"W/\\\"8a8b02df-a3ae-46dc-acdf-2b2b18a81432\\\"\"\
        ,\r\n        \"properties\": {\r\n          \"provisioningState\": \"Updating\"\
        ,\r\n          \"backendAddresses\": [],\r\n          \"requestRoutingRules\"\
        : [\r\n            {\r\n              \"id\": \"/subscriptions/00000000-0000-0000-0000-000000000000/resourceGroups/cli_test_ag_http_listener000001/providers/Microsoft.Network/applicationGateways/ag1/requestRoutingRules/rule1\"\
        \r\n            }\r\n          ]\r\n        },\r\n        \"type\": \"Microsoft.Network/applicationGateways/backendAddressPools\"\
        \r\n      }\r\n    ],\r\n    \"backendHttpSettingsCollection\": [\r\n    \
        \  {\r\n        \"name\": \"appGatewayBackendHttpSettings\",\r\n        \"\
        id\": \"/subscriptions/00000000-0000-0000-0000-000000000000/resourceGroups/cli_test_ag_http_listener000001/providers/Microsoft.Network/applicationGateways/ag1/backendHttpSettingsCollection/appGatewayBackendHttpSettings\"\
        ,\r\n        \"etag\": \"W/\\\"8a8b02df-a3ae-46dc-acdf-2b2b18a81432\\\"\"\
        ,\r\n        \"properties\": {\r\n          \"provisioningState\": \"Updating\"\
        ,\r\n          \"port\": 80,\r\n          \"protocol\": \"Http\",\r\n    \
        \      \"cookieBasedAffinity\": \"Disabled\",\r\n          \"connectionDraining\"\
        : {\r\n            \"enabled\": false,\r\n            \"drainTimeoutInSec\"\
        : 1\r\n          },\r\n          \"pickHostNameFromBackendAddress\": false,\r\
        \n          \"requestTimeout\": 30,\r\n          \"requestRoutingRules\":\
        \ [\r\n            {\r\n              \"id\": \"/subscriptions/00000000-0000-0000-0000-000000000000/resourceGroups/cli_test_ag_http_listener000001/providers/Microsoft.Network/applicationGateways/ag1/requestRoutingRules/rule1\"\
        \r\n            }\r\n          ]\r\n        },\r\n        \"type\": \"Microsoft.Network/applicationGateways/backendHttpSettingsCollection\"\
        \r\n      }\r\n    ],\r\n    \"httpListeners\": [\r\n      {\r\n        \"\
        name\": \"appGatewayHttpListener\",\r\n        \"id\": \"/subscriptions/00000000-0000-0000-0000-000000000000/resourceGroups/cli_test_ag_http_listener000001/providers/Microsoft.Network/applicationGateways/ag1/httpListeners/appGatewayHttpListener\"\
        ,\r\n        \"etag\": \"W/\\\"8a8b02df-a3ae-46dc-acdf-2b2b18a81432\\\"\"\
        ,\r\n        \"properties\": {\r\n          \"provisioningState\": \"Updating\"\
        ,\r\n          \"frontendIPConfiguration\": {\r\n            \"id\": \"/subscriptions/00000000-0000-0000-0000-000000000000/resourceGroups/cli_test_ag_http_listener000001/providers/Microsoft.Network/applicationGateways/ag1/frontendIPConfigurations/appGatewayPrivateFrontendIP\"\
        \r\n          },\r\n          \"frontendPort\": {\r\n            \"id\": \"\
        /subscriptions/00000000-0000-0000-0000-000000000000/resourceGroups/cli_test_ag_http_listener000001/providers/Microsoft.Network/applicationGateways/ag1/frontendPorts/appGatewayFrontendPort\"\
        \r\n          },\r\n          \"protocol\": \"Http\",\r\n          \"hostNames\"\
        : [],\r\n          \"requireServerNameIndication\": false,\r\n          \"\
        requestRoutingRules\": [\r\n            {\r\n              \"id\": \"/subscriptions/00000000-0000-0000-0000-000000000000/resourceGroups/cli_test_ag_http_listener000001/providers/Microsoft.Network/applicationGateways/ag1/requestRoutingRules/rule1\"\
        \r\n            }\r\n          ]\r\n        },\r\n        \"type\": \"Microsoft.Network/applicationGateways/httpListeners\"\
        \r\n      }\r\n    ],\r\n    \"urlPathMaps\": [],\r\n    \"requestRoutingRules\"\
        : [\r\n      {\r\n        \"name\": \"rule1\",\r\n        \"id\": \"/subscriptions/00000000-0000-0000-0000-000000000000/resourceGroups/cli_test_ag_http_listener000001/providers/Microsoft.Network/applicationGateways/ag1/requestRoutingRules/rule1\"\
        ,\r\n        \"etag\": \"W/\\\"8a8b02df-a3ae-46dc-acdf-2b2b18a81432\\\"\"\
        ,\r\n        \"properties\": {\r\n          \"provisioningState\": \"Updating\"\
        ,\r\n          \"ruleType\": \"Basic\",\r\n          \"httpListener\": {\r\
        \n            \"id\": \"/subscriptions/00000000-0000-0000-0000-000000000000/resourceGroups/cli_test_ag_http_listener000001/providers/Microsoft.Network/applicationGateways/ag1/httpListeners/appGatewayHttpListener\"\
        \r\n          },\r\n          \"backendAddressPool\": {\r\n            \"\
        id\": \"/subscriptions/00000000-0000-0000-0000-000000000000/resourceGroups/cli_test_ag_http_listener000001/providers/Microsoft.Network/applicationGateways/ag1/backendAddressPools/appGatewayBackendPool\"\
        \r\n          },\r\n          \"backendHttpSettings\": {\r\n            \"\
        id\": \"/subscriptions/00000000-0000-0000-0000-000000000000/resourceGroups/cli_test_ag_http_listener000001/providers/Microsoft.Network/applicationGateways/ag1/backendHttpSettingsCollection/appGatewayBackendHttpSettings\"\
        \r\n          }\r\n        },\r\n        \"type\": \"Microsoft.Network/applicationGateways/requestRoutingRules\"\
        \r\n      }\r\n    ],\r\n    \"probes\": [],\r\n    \"rewriteRuleSets\": [],\r\
        \n    \"redirectConfigurations\": []\r\n  }\r\n}"
    headers:
      cache-control:
      - no-cache
      content-length:
      - '9123'
      content-type:
      - application/json; charset=utf-8
      date:
      - Wed, 04 Nov 2020 04:14:11 GMT
      etag:
      - W/"8a8b02df-a3ae-46dc-acdf-2b2b18a81432"
      expires:
      - '-1'
      pragma:
      - no-cache
      server:
      - Microsoft-HTTPAPI/2.0
      - Microsoft-HTTPAPI/2.0
      strict-transport-security:
      - max-age=31536000; includeSubDomains
      transfer-encoding:
      - chunked
      vary:
      - Accept-Encoding
      x-content-type-options:
      - nosniff
      x-ms-arm-service-request-id:
      - 3c1ff277-4532-4fbf-90a9-91c0a44737ca
    status:
      code: 200
      message: OK
- request:
    body: null
    headers:
      Accept:
      - application/json
      Accept-Encoding:
      - gzip, deflate
      CommandName:
      - network application-gateway http-listener create
      Connection:
      - keep-alive
      ParameterSetName:
      - -g --gateway-name -n --no-wait --frontend-port --host-name
      User-Agent:
      - python/3.7.4 (Linux-4.15.0-112-generic-x86_64-with-debian-buster-sid) msrest/0.6.18
        msrest_azure/0.6.3 azure-mgmt-network/12.0.0 Azure-SDK-For-Python AZURECLI/2.14.0
      accept-language:
      - en-US
    method: GET
    uri: https://management.azure.com/subscriptions/00000000-0000-0000-0000-000000000000/resourceGroups/cli_test_ag_http_listener000001/providers/Microsoft.Network/applicationGateways/ag1?api-version=2020-06-01
  response:
    body:
      string: "{\r\n  \"name\": \"ag1\",\r\n  \"id\": \"/subscriptions/00000000-0000-0000-0000-000000000000/resourceGroups/cli_test_ag_http_listener000001/providers/Microsoft.Network/applicationGateways/ag1\"\
        ,\r\n  \"etag\": \"W/\\\"8a8b02df-a3ae-46dc-acdf-2b2b18a81432\\\"\",\r\n \
        \ \"type\": \"Microsoft.Network/applicationGateways\",\r\n  \"location\":\
        \ \"westus\",\r\n  \"tags\": {},\r\n  \"properties\": {\r\n    \"provisioningState\"\
        : \"Updating\",\r\n    \"resourceGuid\": \"4163d964-469f-4b88-9c10-282b00f8736e\"\
        ,\r\n    \"sku\": {\r\n      \"name\": \"Standard_Medium\",\r\n      \"tier\"\
        : \"Standard\",\r\n      \"capacity\": 2\r\n    },\r\n    \"operationalState\"\
        : \"Stopped\",\r\n    \"gatewayIPConfigurations\": [\r\n      {\r\n      \
        \  \"name\": \"appGatewayPrivateFrontendIP\",\r\n        \"id\": \"/subscriptions/00000000-0000-0000-0000-000000000000/resourceGroups/cli_test_ag_http_listener000001/providers/Microsoft.Network/applicationGateways/ag1/gatewayIPConfigurations/appGatewayPrivateFrontendIP\"\
        ,\r\n        \"etag\": \"W/\\\"8a8b02df-a3ae-46dc-acdf-2b2b18a81432\\\"\"\
        ,\r\n        \"properties\": {\r\n          \"provisioningState\": \"Updating\"\
        ,\r\n          \"subnet\": {\r\n            \"id\": \"/subscriptions/00000000-0000-0000-0000-000000000000/resourceGroups/cli_test_ag_http_listener000001/providers/Microsoft.Network/virtualNetworks/ag1Vnet/subnets/default\"\
        \r\n          }\r\n        },\r\n        \"type\": \"Microsoft.Network/applicationGateways/gatewayIPConfigurations\"\
        \r\n      }\r\n    ],\r\n    \"sslCertificates\": [],\r\n    \"authenticationCertificates\"\
        : [],\r\n    \"frontendIPConfigurations\": [\r\n      {\r\n        \"name\"\
        : \"appGatewayPrivateFrontendIP\",\r\n        \"id\": \"/subscriptions/00000000-0000-0000-0000-000000000000/resourceGroups/cli_test_ag_http_listener000001/providers/Microsoft.Network/applicationGateways/ag1/frontendIPConfigurations/appGatewayPrivateFrontendIP\"\
        ,\r\n        \"etag\": \"W/\\\"8a8b02df-a3ae-46dc-acdf-2b2b18a81432\\\"\"\
        ,\r\n        \"type\": \"Microsoft.Network/applicationGateways/frontendIPConfigurations\"\
        ,\r\n        \"properties\": {\r\n          \"provisioningState\": \"Updating\"\
        ,\r\n          \"privateIPAllocationMethod\": \"Dynamic\",\r\n          \"\
        subnet\": {\r\n            \"id\": \"/subscriptions/00000000-0000-0000-0000-000000000000/resourceGroups/cli_test_ag_http_listener000001/providers/Microsoft.Network/virtualNetworks/ag1Vnet/subnets/default\"\
        \r\n          },\r\n          \"httpListeners\": [\r\n            {\r\n  \
        \            \"id\": \"/subscriptions/00000000-0000-0000-0000-000000000000/resourceGroups/cli_test_ag_http_listener000001/providers/Microsoft.Network/applicationGateways/ag1/httpListeners/appGatewayHttpListener\"\
        \r\n            }\r\n          ]\r\n        }\r\n      }\r\n    ],\r\n   \
        \ \"frontendPorts\": [\r\n      {\r\n        \"name\": \"appGatewayFrontendPort\"\
        ,\r\n        \"id\": \"/subscriptions/00000000-0000-0000-0000-000000000000/resourceGroups/cli_test_ag_http_listener000001/providers/Microsoft.Network/applicationGateways/ag1/frontendPorts/appGatewayFrontendPort\"\
        ,\r\n        \"etag\": \"W/\\\"8a8b02df-a3ae-46dc-acdf-2b2b18a81432\\\"\"\
        ,\r\n        \"properties\": {\r\n          \"provisioningState\": \"Updating\"\
        ,\r\n          \"port\": 80,\r\n          \"httpListeners\": [\r\n       \
        \     {\r\n              \"id\": \"/subscriptions/00000000-0000-0000-0000-000000000000/resourceGroups/cli_test_ag_http_listener000001/providers/Microsoft.Network/applicationGateways/ag1/httpListeners/appGatewayHttpListener\"\
        \r\n            }\r\n          ]\r\n        },\r\n        \"type\": \"Microsoft.Network/applicationGateways/frontendPorts\"\
        \r\n      }\r\n    ],\r\n    \"backendAddressPools\": [\r\n      {\r\n   \
        \     \"name\": \"appGatewayBackendPool\",\r\n        \"id\": \"/subscriptions/00000000-0000-0000-0000-000000000000/resourceGroups/cli_test_ag_http_listener000001/providers/Microsoft.Network/applicationGateways/ag1/backendAddressPools/appGatewayBackendPool\"\
        ,\r\n        \"etag\": \"W/\\\"8a8b02df-a3ae-46dc-acdf-2b2b18a81432\\\"\"\
        ,\r\n        \"properties\": {\r\n          \"provisioningState\": \"Updating\"\
        ,\r\n          \"backendAddresses\": [],\r\n          \"requestRoutingRules\"\
        : [\r\n            {\r\n              \"id\": \"/subscriptions/00000000-0000-0000-0000-000000000000/resourceGroups/cli_test_ag_http_listener000001/providers/Microsoft.Network/applicationGateways/ag1/requestRoutingRules/rule1\"\
        \r\n            }\r\n          ]\r\n        },\r\n        \"type\": \"Microsoft.Network/applicationGateways/backendAddressPools\"\
        \r\n      }\r\n    ],\r\n    \"backendHttpSettingsCollection\": [\r\n    \
        \  {\r\n        \"name\": \"appGatewayBackendHttpSettings\",\r\n        \"\
        id\": \"/subscriptions/00000000-0000-0000-0000-000000000000/resourceGroups/cli_test_ag_http_listener000001/providers/Microsoft.Network/applicationGateways/ag1/backendHttpSettingsCollection/appGatewayBackendHttpSettings\"\
        ,\r\n        \"etag\": \"W/\\\"8a8b02df-a3ae-46dc-acdf-2b2b18a81432\\\"\"\
        ,\r\n        \"properties\": {\r\n          \"provisioningState\": \"Updating\"\
        ,\r\n          \"port\": 80,\r\n          \"protocol\": \"Http\",\r\n    \
        \      \"cookieBasedAffinity\": \"Disabled\",\r\n          \"connectionDraining\"\
        : {\r\n            \"enabled\": false,\r\n            \"drainTimeoutInSec\"\
        : 1\r\n          },\r\n          \"pickHostNameFromBackendAddress\": false,\r\
        \n          \"requestTimeout\": 30,\r\n          \"requestRoutingRules\":\
        \ [\r\n            {\r\n              \"id\": \"/subscriptions/00000000-0000-0000-0000-000000000000/resourceGroups/cli_test_ag_http_listener000001/providers/Microsoft.Network/applicationGateways/ag1/requestRoutingRules/rule1\"\
        \r\n            }\r\n          ]\r\n        },\r\n        \"type\": \"Microsoft.Network/applicationGateways/backendHttpSettingsCollection\"\
        \r\n      }\r\n    ],\r\n    \"httpListeners\": [\r\n      {\r\n        \"\
        name\": \"appGatewayHttpListener\",\r\n        \"id\": \"/subscriptions/00000000-0000-0000-0000-000000000000/resourceGroups/cli_test_ag_http_listener000001/providers/Microsoft.Network/applicationGateways/ag1/httpListeners/appGatewayHttpListener\"\
        ,\r\n        \"etag\": \"W/\\\"8a8b02df-a3ae-46dc-acdf-2b2b18a81432\\\"\"\
        ,\r\n        \"properties\": {\r\n          \"provisioningState\": \"Updating\"\
        ,\r\n          \"frontendIPConfiguration\": {\r\n            \"id\": \"/subscriptions/00000000-0000-0000-0000-000000000000/resourceGroups/cli_test_ag_http_listener000001/providers/Microsoft.Network/applicationGateways/ag1/frontendIPConfigurations/appGatewayPrivateFrontendIP\"\
        \r\n          },\r\n          \"frontendPort\": {\r\n            \"id\": \"\
        /subscriptions/00000000-0000-0000-0000-000000000000/resourceGroups/cli_test_ag_http_listener000001/providers/Microsoft.Network/applicationGateways/ag1/frontendPorts/appGatewayFrontendPort\"\
        \r\n          },\r\n          \"protocol\": \"Http\",\r\n          \"hostNames\"\
        : [],\r\n          \"requireServerNameIndication\": false,\r\n          \"\
        requestRoutingRules\": [\r\n            {\r\n              \"id\": \"/subscriptions/00000000-0000-0000-0000-000000000000/resourceGroups/cli_test_ag_http_listener000001/providers/Microsoft.Network/applicationGateways/ag1/requestRoutingRules/rule1\"\
        \r\n            }\r\n          ]\r\n        },\r\n        \"type\": \"Microsoft.Network/applicationGateways/httpListeners\"\
        \r\n      }\r\n    ],\r\n    \"urlPathMaps\": [],\r\n    \"requestRoutingRules\"\
        : [\r\n      {\r\n        \"name\": \"rule1\",\r\n        \"id\": \"/subscriptions/00000000-0000-0000-0000-000000000000/resourceGroups/cli_test_ag_http_listener000001/providers/Microsoft.Network/applicationGateways/ag1/requestRoutingRules/rule1\"\
        ,\r\n        \"etag\": \"W/\\\"8a8b02df-a3ae-46dc-acdf-2b2b18a81432\\\"\"\
        ,\r\n        \"properties\": {\r\n          \"provisioningState\": \"Updating\"\
        ,\r\n          \"ruleType\": \"Basic\",\r\n          \"httpListener\": {\r\
        \n            \"id\": \"/subscriptions/00000000-0000-0000-0000-000000000000/resourceGroups/cli_test_ag_http_listener000001/providers/Microsoft.Network/applicationGateways/ag1/httpListeners/appGatewayHttpListener\"\
        \r\n          },\r\n          \"backendAddressPool\": {\r\n            \"\
        id\": \"/subscriptions/00000000-0000-0000-0000-000000000000/resourceGroups/cli_test_ag_http_listener000001/providers/Microsoft.Network/applicationGateways/ag1/backendAddressPools/appGatewayBackendPool\"\
        \r\n          },\r\n          \"backendHttpSettings\": {\r\n            \"\
        id\": \"/subscriptions/00000000-0000-0000-0000-000000000000/resourceGroups/cli_test_ag_http_listener000001/providers/Microsoft.Network/applicationGateways/ag1/backendHttpSettingsCollection/appGatewayBackendHttpSettings\"\
        \r\n          }\r\n        },\r\n        \"type\": \"Microsoft.Network/applicationGateways/requestRoutingRules\"\
        \r\n      }\r\n    ],\r\n    \"probes\": [],\r\n    \"rewriteRuleSets\": [],\r\
        \n    \"redirectConfigurations\": []\r\n  }\r\n}"
    headers:
      cache-control:
      - no-cache
      content-length:
      - '9123'
      content-type:
      - application/json; charset=utf-8
      date:
      - Wed, 04 Nov 2020 04:14:12 GMT
      etag:
      - W/"8a8b02df-a3ae-46dc-acdf-2b2b18a81432"
      expires:
      - '-1'
      pragma:
      - no-cache
      server:
      - Microsoft-HTTPAPI/2.0
      - Microsoft-HTTPAPI/2.0
      strict-transport-security:
      - max-age=31536000; includeSubDomains
      transfer-encoding:
      - chunked
      vary:
      - Accept-Encoding
      x-content-type-options:
      - nosniff
      x-ms-arm-service-request-id:
      - 5b066804-4b70-42e4-8980-33d53590e378
    status:
      code: 200
      message: OK
- request:
    body: '{"id": "/subscriptions/00000000-0000-0000-0000-000000000000/resourceGroups/cli_test_ag_http_listener000001/providers/Microsoft.Network/applicationGateways/ag1",
      "location": "westus", "tags": {}, "properties": {"sku": {"name": "Standard_Medium",
      "tier": "Standard", "capacity": 2}, "gatewayIPConfigurations": [{"id": "/subscriptions/00000000-0000-0000-0000-000000000000/resourceGroups/cli_test_ag_http_listener000001/providers/Microsoft.Network/applicationGateways/ag1/gatewayIPConfigurations/appGatewayPrivateFrontendIP",
      "properties": {"subnet": {"id": "/subscriptions/00000000-0000-0000-0000-000000000000/resourceGroups/cli_test_ag_http_listener000001/providers/Microsoft.Network/virtualNetworks/ag1Vnet/subnets/default"}},
      "name": "appGatewayPrivateFrontendIP"}], "authenticationCertificates": [], "sslCertificates":
      [], "frontendIPConfigurations": [{"id": "/subscriptions/00000000-0000-0000-0000-000000000000/resourceGroups/cli_test_ag_http_listener000001/providers/Microsoft.Network/applicationGateways/ag1/frontendIPConfigurations/appGatewayPrivateFrontendIP",
      "properties": {"privateIPAllocationMethod": "Dynamic", "subnet": {"id": "/subscriptions/00000000-0000-0000-0000-000000000000/resourceGroups/cli_test_ag_http_listener000001/providers/Microsoft.Network/virtualNetworks/ag1Vnet/subnets/default"}},
      "name": "appGatewayPrivateFrontendIP"}], "frontendPorts": [{"id": "/subscriptions/00000000-0000-0000-0000-000000000000/resourceGroups/cli_test_ag_http_listener000001/providers/Microsoft.Network/applicationGateways/ag1/frontendPorts/appGatewayFrontendPort",
      "properties": {"port": 80}, "name": "appGatewayFrontendPort"}], "probes": [],
      "backendAddressPools": [{"id": "/subscriptions/00000000-0000-0000-0000-000000000000/resourceGroups/cli_test_ag_http_listener000001/providers/Microsoft.Network/applicationGateways/ag1/backendAddressPools/appGatewayBackendPool",
      "properties": {"backendAddresses": []}, "name": "appGatewayBackendPool"}], "backendHttpSettingsCollection":
      [{"id": "/subscriptions/00000000-0000-0000-0000-000000000000/resourceGroups/cli_test_ag_http_listener000001/providers/Microsoft.Network/applicationGateways/ag1/backendHttpSettingsCollection/appGatewayBackendHttpSettings",
      "properties": {"port": 80, "protocol": "Http", "cookieBasedAffinity": "Disabled",
      "requestTimeout": 30, "connectionDraining": {"enabled": false, "drainTimeoutInSec":
      1}, "pickHostNameFromBackendAddress": false}, "name": "appGatewayBackendHttpSettings"}],
      "httpListeners": [{"id": "/subscriptions/00000000-0000-0000-0000-000000000000/resourceGroups/cli_test_ag_http_listener000001/providers/Microsoft.Network/applicationGateways/ag1/httpListeners/appGatewayHttpListener",
      "properties": {"frontendIPConfiguration": {"id": "/subscriptions/00000000-0000-0000-0000-000000000000/resourceGroups/cli_test_ag_http_listener000001/providers/Microsoft.Network/applicationGateways/ag1/frontendIPConfigurations/appGatewayPrivateFrontendIP"},
      "frontendPort": {"id": "/subscriptions/00000000-0000-0000-0000-000000000000/resourceGroups/cli_test_ag_http_listener000001/providers/Microsoft.Network/applicationGateways/ag1/frontendPorts/appGatewayFrontendPort"},
      "protocol": "Http", "requireServerNameIndication": false, "hostNames": []},
      "name": "appGatewayHttpListener"}, {"properties": {"frontendIPConfiguration":
      {"id": "/subscriptions/00000000-0000-0000-0000-000000000000/resourceGroups/cli_test_ag_http_listener000001/providers/Microsoft.Network/applicationGateways/ag1/frontendIPConfigurations/appGatewayPrivateFrontendIP"},
      "frontendPort": {"id": "/subscriptions/00000000-0000-0000-0000-000000000000/resourceGroups/cli_test_ag_http_listener000001/providers/Microsoft.Network/applicationGateways/ag1/frontendPorts/appGatewayFrontendPort"},
      "protocol": "http", "hostName": "www.test.com"}, "name": "mylistener"}], "urlPathMaps":
      [], "requestRoutingRules": [{"id": "/subscriptions/00000000-0000-0000-0000-000000000000/resourceGroups/cli_test_ag_http_listener000001/providers/Microsoft.Network/applicationGateways/ag1/requestRoutingRules/rule1",
      "properties": {"ruleType": "Basic", "backendAddressPool": {"id": "/subscriptions/00000000-0000-0000-0000-000000000000/resourceGroups/cli_test_ag_http_listener000001/providers/Microsoft.Network/applicationGateways/ag1/backendAddressPools/appGatewayBackendPool"},
      "backendHttpSettings": {"id": "/subscriptions/00000000-0000-0000-0000-000000000000/resourceGroups/cli_test_ag_http_listener000001/providers/Microsoft.Network/applicationGateways/ag1/backendHttpSettingsCollection/appGatewayBackendHttpSettings"},
      "httpListener": {"id": "/subscriptions/00000000-0000-0000-0000-000000000000/resourceGroups/cli_test_ag_http_listener000001/providers/Microsoft.Network/applicationGateways/ag1/httpListeners/appGatewayHttpListener"}},
      "name": "rule1"}], "rewriteRuleSets": [], "redirectConfigurations": []}}'
    headers:
      Accept:
      - application/json
      Accept-Encoding:
      - gzip, deflate
      CommandName:
      - network application-gateway http-listener create
      Connection:
      - keep-alive
      Content-Length:
      - '5576'
      Content-Type:
      - application/json; charset=utf-8
      ParameterSetName:
      - -g --gateway-name -n --no-wait --frontend-port --host-name
      User-Agent:
      - python/3.7.4 (Linux-4.15.0-112-generic-x86_64-with-debian-buster-sid) msrest/0.6.18
        msrest_azure/0.6.3 azure-mgmt-network/12.0.0 Azure-SDK-For-Python AZURECLI/2.14.0
      accept-language:
      - en-US
    method: PUT
    uri: https://management.azure.com/subscriptions/00000000-0000-0000-0000-000000000000/resourceGroups/cli_test_ag_http_listener000001/providers/Microsoft.Network/applicationGateways/ag1?api-version=2020-06-01
  response:
    body:
      string: "{\r\n  \"name\": \"ag1\",\r\n  \"id\": \"/subscriptions/00000000-0000-0000-0000-000000000000/resourceGroups/cli_test_ag_http_listener000001/providers/Microsoft.Network/applicationGateways/ag1\"\
        ,\r\n  \"etag\": \"W/\\\"32c3243a-7a2d-4c4a-8bf4-cca04b0d514f\\\"\",\r\n \
        \ \"type\": \"Microsoft.Network/applicationGateways\",\r\n  \"location\":\
        \ \"westus\",\r\n  \"tags\": {},\r\n  \"properties\": {\r\n    \"provisioningState\"\
        : \"Updating\",\r\n    \"resourceGuid\": \"4163d964-469f-4b88-9c10-282b00f8736e\"\
        ,\r\n    \"sku\": {\r\n      \"name\": \"Standard_Medium\",\r\n      \"tier\"\
        : \"Standard\",\r\n      \"capacity\": 2\r\n    },\r\n    \"operationalState\"\
        : \"Stopped\",\r\n    \"gatewayIPConfigurations\": [\r\n      {\r\n      \
        \  \"name\": \"appGatewayPrivateFrontendIP\",\r\n        \"id\": \"/subscriptions/00000000-0000-0000-0000-000000000000/resourceGroups/cli_test_ag_http_listener000001/providers/Microsoft.Network/applicationGateways/ag1/gatewayIPConfigurations/appGatewayPrivateFrontendIP\"\
        ,\r\n        \"etag\": \"W/\\\"32c3243a-7a2d-4c4a-8bf4-cca04b0d514f\\\"\"\
        ,\r\n        \"properties\": {\r\n          \"provisioningState\": \"Updating\"\
        ,\r\n          \"subnet\": {\r\n            \"id\": \"/subscriptions/00000000-0000-0000-0000-000000000000/resourceGroups/cli_test_ag_http_listener000001/providers/Microsoft.Network/virtualNetworks/ag1Vnet/subnets/default\"\
        \r\n          }\r\n        },\r\n        \"type\": \"Microsoft.Network/applicationGateways/gatewayIPConfigurations\"\
        \r\n      }\r\n    ],\r\n    \"sslCertificates\": [],\r\n    \"authenticationCertificates\"\
        : [],\r\n    \"frontendIPConfigurations\": [\r\n      {\r\n        \"name\"\
        : \"appGatewayPrivateFrontendIP\",\r\n        \"id\": \"/subscriptions/00000000-0000-0000-0000-000000000000/resourceGroups/cli_test_ag_http_listener000001/providers/Microsoft.Network/applicationGateways/ag1/frontendIPConfigurations/appGatewayPrivateFrontendIP\"\
        ,\r\n        \"etag\": \"W/\\\"32c3243a-7a2d-4c4a-8bf4-cca04b0d514f\\\"\"\
        ,\r\n        \"type\": \"Microsoft.Network/applicationGateways/frontendIPConfigurations\"\
        ,\r\n        \"properties\": {\r\n          \"provisioningState\": \"Updating\"\
        ,\r\n          \"privateIPAllocationMethod\": \"Dynamic\",\r\n          \"\
        subnet\": {\r\n            \"id\": \"/subscriptions/00000000-0000-0000-0000-000000000000/resourceGroups/cli_test_ag_http_listener000001/providers/Microsoft.Network/virtualNetworks/ag1Vnet/subnets/default\"\
        \r\n          },\r\n          \"httpListeners\": [\r\n            {\r\n  \
        \            \"id\": \"/subscriptions/00000000-0000-0000-0000-000000000000/resourceGroups/cli_test_ag_http_listener000001/providers/Microsoft.Network/applicationGateways/ag1/httpListeners/appGatewayHttpListener\"\
        \r\n            },\r\n            {\r\n              \"id\": \"/subscriptions/00000000-0000-0000-0000-000000000000/resourceGroups/cli_test_ag_http_listener000001/providers/Microsoft.Network/applicationGateways/ag1/httpListeners/mylistener\"\
        \r\n            }\r\n          ]\r\n        }\r\n      }\r\n    ],\r\n   \
        \ \"frontendPorts\": [\r\n      {\r\n        \"name\": \"appGatewayFrontendPort\"\
        ,\r\n        \"id\": \"/subscriptions/00000000-0000-0000-0000-000000000000/resourceGroups/cli_test_ag_http_listener000001/providers/Microsoft.Network/applicationGateways/ag1/frontendPorts/appGatewayFrontendPort\"\
        ,\r\n        \"etag\": \"W/\\\"32c3243a-7a2d-4c4a-8bf4-cca04b0d514f\\\"\"\
        ,\r\n        \"properties\": {\r\n          \"provisioningState\": \"Updating\"\
        ,\r\n          \"port\": 80,\r\n          \"httpListeners\": [\r\n       \
        \     {\r\n              \"id\": \"/subscriptions/00000000-0000-0000-0000-000000000000/resourceGroups/cli_test_ag_http_listener000001/providers/Microsoft.Network/applicationGateways/ag1/httpListeners/appGatewayHttpListener\"\
        \r\n            },\r\n            {\r\n              \"id\": \"/subscriptions/00000000-0000-0000-0000-000000000000/resourceGroups/cli_test_ag_http_listener000001/providers/Microsoft.Network/applicationGateways/ag1/httpListeners/mylistener\"\
        \r\n            }\r\n          ]\r\n        },\r\n        \"type\": \"Microsoft.Network/applicationGateways/frontendPorts\"\
        \r\n      }\r\n    ],\r\n    \"backendAddressPools\": [\r\n      {\r\n   \
        \     \"name\": \"appGatewayBackendPool\",\r\n        \"id\": \"/subscriptions/00000000-0000-0000-0000-000000000000/resourceGroups/cli_test_ag_http_listener000001/providers/Microsoft.Network/applicationGateways/ag1/backendAddressPools/appGatewayBackendPool\"\
        ,\r\n        \"etag\": \"W/\\\"32c3243a-7a2d-4c4a-8bf4-cca04b0d514f\\\"\"\
        ,\r\n        \"properties\": {\r\n          \"provisioningState\": \"Updating\"\
        ,\r\n          \"backendAddresses\": [],\r\n          \"requestRoutingRules\"\
        : [\r\n            {\r\n              \"id\": \"/subscriptions/00000000-0000-0000-0000-000000000000/resourceGroups/cli_test_ag_http_listener000001/providers/Microsoft.Network/applicationGateways/ag1/requestRoutingRules/rule1\"\
        \r\n            }\r\n          ]\r\n        },\r\n        \"type\": \"Microsoft.Network/applicationGateways/backendAddressPools\"\
        \r\n      }\r\n    ],\r\n    \"backendHttpSettingsCollection\": [\r\n    \
        \  {\r\n        \"name\": \"appGatewayBackendHttpSettings\",\r\n        \"\
        id\": \"/subscriptions/00000000-0000-0000-0000-000000000000/resourceGroups/cli_test_ag_http_listener000001/providers/Microsoft.Network/applicationGateways/ag1/backendHttpSettingsCollection/appGatewayBackendHttpSettings\"\
        ,\r\n        \"etag\": \"W/\\\"32c3243a-7a2d-4c4a-8bf4-cca04b0d514f\\\"\"\
        ,\r\n        \"properties\": {\r\n          \"provisioningState\": \"Updating\"\
        ,\r\n          \"port\": 80,\r\n          \"protocol\": \"Http\",\r\n    \
        \      \"cookieBasedAffinity\": \"Disabled\",\r\n          \"connectionDraining\"\
        : {\r\n            \"enabled\": false,\r\n            \"drainTimeoutInSec\"\
        : 1\r\n          },\r\n          \"pickHostNameFromBackendAddress\": false,\r\
        \n          \"requestTimeout\": 30,\r\n          \"requestRoutingRules\":\
        \ [\r\n            {\r\n              \"id\": \"/subscriptions/00000000-0000-0000-0000-000000000000/resourceGroups/cli_test_ag_http_listener000001/providers/Microsoft.Network/applicationGateways/ag1/requestRoutingRules/rule1\"\
        \r\n            }\r\n          ]\r\n        },\r\n        \"type\": \"Microsoft.Network/applicationGateways/backendHttpSettingsCollection\"\
        \r\n      }\r\n    ],\r\n    \"httpListeners\": [\r\n      {\r\n        \"\
        name\": \"appGatewayHttpListener\",\r\n        \"id\": \"/subscriptions/00000000-0000-0000-0000-000000000000/resourceGroups/cli_test_ag_http_listener000001/providers/Microsoft.Network/applicationGateways/ag1/httpListeners/appGatewayHttpListener\"\
        ,\r\n        \"etag\": \"W/\\\"32c3243a-7a2d-4c4a-8bf4-cca04b0d514f\\\"\"\
        ,\r\n        \"properties\": {\r\n          \"provisioningState\": \"Updating\"\
        ,\r\n          \"frontendIPConfiguration\": {\r\n            \"id\": \"/subscriptions/00000000-0000-0000-0000-000000000000/resourceGroups/cli_test_ag_http_listener000001/providers/Microsoft.Network/applicationGateways/ag1/frontendIPConfigurations/appGatewayPrivateFrontendIP\"\
        \r\n          },\r\n          \"frontendPort\": {\r\n            \"id\": \"\
        /subscriptions/00000000-0000-0000-0000-000000000000/resourceGroups/cli_test_ag_http_listener000001/providers/Microsoft.Network/applicationGateways/ag1/frontendPorts/appGatewayFrontendPort\"\
        \r\n          },\r\n          \"protocol\": \"Http\",\r\n          \"hostNames\"\
        : [],\r\n          \"requireServerNameIndication\": false,\r\n          \"\
        requestRoutingRules\": [\r\n            {\r\n              \"id\": \"/subscriptions/00000000-0000-0000-0000-000000000000/resourceGroups/cli_test_ag_http_listener000001/providers/Microsoft.Network/applicationGateways/ag1/requestRoutingRules/rule1\"\
        \r\n            }\r\n          ]\r\n        },\r\n        \"type\": \"Microsoft.Network/applicationGateways/httpListeners\"\
        \r\n      },\r\n      {\r\n        \"name\": \"mylistener\",\r\n        \"\
        id\": \"/subscriptions/00000000-0000-0000-0000-000000000000/resourceGroups/cli_test_ag_http_listener000001/providers/Microsoft.Network/applicationGateways/ag1/httpListeners/mylistener\"\
        ,\r\n        \"etag\": \"W/\\\"32c3243a-7a2d-4c4a-8bf4-cca04b0d514f\\\"\"\
        ,\r\n        \"properties\": {\r\n          \"provisioningState\": \"Updating\"\
        ,\r\n          \"frontendIPConfiguration\": {\r\n            \"id\": \"/subscriptions/00000000-0000-0000-0000-000000000000/resourceGroups/cli_test_ag_http_listener000001/providers/Microsoft.Network/applicationGateways/ag1/frontendIPConfigurations/appGatewayPrivateFrontendIP\"\
        \r\n          },\r\n          \"frontendPort\": {\r\n            \"id\": \"\
        /subscriptions/00000000-0000-0000-0000-000000000000/resourceGroups/cli_test_ag_http_listener000001/providers/Microsoft.Network/applicationGateways/ag1/frontendPorts/appGatewayFrontendPort\"\
        \r\n          },\r\n          \"protocol\": \"Http\",\r\n          \"hostName\"\
        : \"www.test.com\",\r\n          \"hostNames\": [],\r\n          \"requireServerNameIndication\"\
        : false\r\n        },\r\n        \"type\": \"Microsoft.Network/applicationGateways/httpListeners\"\
        \r\n      }\r\n    ],\r\n    \"urlPathMaps\": [],\r\n    \"requestRoutingRules\"\
        : [\r\n      {\r\n        \"name\": \"rule1\",\r\n        \"id\": \"/subscriptions/00000000-0000-0000-0000-000000000000/resourceGroups/cli_test_ag_http_listener000001/providers/Microsoft.Network/applicationGateways/ag1/requestRoutingRules/rule1\"\
        ,\r\n        \"etag\": \"W/\\\"32c3243a-7a2d-4c4a-8bf4-cca04b0d514f\\\"\"\
        ,\r\n        \"properties\": {\r\n          \"provisioningState\": \"Updating\"\
        ,\r\n          \"ruleType\": \"Basic\",\r\n          \"httpListener\": {\r\
        \n            \"id\": \"/subscriptions/00000000-0000-0000-0000-000000000000/resourceGroups/cli_test_ag_http_listener000001/providers/Microsoft.Network/applicationGateways/ag1/httpListeners/appGatewayHttpListener\"\
        \r\n          },\r\n          \"backendAddressPool\": {\r\n            \"\
        id\": \"/subscriptions/00000000-0000-0000-0000-000000000000/resourceGroups/cli_test_ag_http_listener000001/providers/Microsoft.Network/applicationGateways/ag1/backendAddressPools/appGatewayBackendPool\"\
        \r\n          },\r\n          \"backendHttpSettings\": {\r\n            \"\
        id\": \"/subscriptions/00000000-0000-0000-0000-000000000000/resourceGroups/cli_test_ag_http_listener000001/providers/Microsoft.Network/applicationGateways/ag1/backendHttpSettingsCollection/appGatewayBackendHttpSettings\"\
        \r\n          }\r\n        },\r\n        \"type\": \"Microsoft.Network/applicationGateways/requestRoutingRules\"\
        \r\n      }\r\n    ],\r\n    \"probes\": [],\r\n    \"rewriteRuleSets\": [],\r\
        \n    \"redirectConfigurations\": []\r\n  }\r\n}"
    headers:
      azure-asyncoperation:
      - https://management.azure.com/subscriptions/00000000-0000-0000-0000-000000000000/providers/Microsoft.Network/locations/westus/operations/5a21854d-482d-4362-ba29-e57762508901?api-version=2020-06-01
      cache-control:
      - no-cache
      content-length:
      - '10939'
      content-type:
      - application/json; charset=utf-8
      date:
      - Wed, 04 Nov 2020 04:14:13 GMT
      expires:
      - '-1'
      pragma:
      - no-cache
      server:
      - Microsoft-HTTPAPI/2.0
      - Microsoft-HTTPAPI/2.0
      strict-transport-security:
      - max-age=31536000; includeSubDomains
      transfer-encoding:
      - chunked
      vary:
      - Accept-Encoding
      x-content-type-options:
      - nosniff
      x-ms-arm-service-request-id:
      - c776241d-9c7b-4604-a3d4-b7b8ac7b2c5e
      x-ms-ratelimit-remaining-subscription-writes:
      - '1194'
    status:
      code: 200
      message: OK
- request:
    body: null
    headers:
      Accept:
      - application/json
      Accept-Encoding:
      - gzip, deflate
      CommandName:
      - network application-gateway http-listener show
      Connection:
      - keep-alive
      ParameterSetName:
      - -g --gateway-name -n
      User-Agent:
      - python/3.7.4 (Linux-4.15.0-112-generic-x86_64-with-debian-buster-sid) msrest/0.6.18
        msrest_azure/0.6.3 azure-mgmt-network/12.0.0 Azure-SDK-For-Python AZURECLI/2.14.0
      accept-language:
      - en-US
    method: GET
    uri: https://management.azure.com/subscriptions/00000000-0000-0000-0000-000000000000/resourceGroups/cli_test_ag_http_listener000001/providers/Microsoft.Network/applicationGateways/ag1?api-version=2020-06-01
  response:
    body:
      string: "{\r\n  \"name\": \"ag1\",\r\n  \"id\": \"/subscriptions/00000000-0000-0000-0000-000000000000/resourceGroups/cli_test_ag_http_listener000001/providers/Microsoft.Network/applicationGateways/ag1\"\
        ,\r\n  \"etag\": \"W/\\\"50f67c26-5316-4fb8-a2f4-a7b24f499308\\\"\",\r\n \
        \ \"type\": \"Microsoft.Network/applicationGateways\",\r\n  \"location\":\
        \ \"westus\",\r\n  \"tags\": {},\r\n  \"properties\": {\r\n    \"provisioningState\"\
        : \"Updating\",\r\n    \"resourceGuid\": \"4163d964-469f-4b88-9c10-282b00f8736e\"\
        ,\r\n    \"sku\": {\r\n      \"name\": \"Standard_Medium\",\r\n      \"tier\"\
        : \"Standard\",\r\n      \"capacity\": 2\r\n    },\r\n    \"operationalState\"\
        : \"Stopped\",\r\n    \"gatewayIPConfigurations\": [\r\n      {\r\n      \
        \  \"name\": \"appGatewayPrivateFrontendIP\",\r\n        \"id\": \"/subscriptions/00000000-0000-0000-0000-000000000000/resourceGroups/cli_test_ag_http_listener000001/providers/Microsoft.Network/applicationGateways/ag1/gatewayIPConfigurations/appGatewayPrivateFrontendIP\"\
        ,\r\n        \"etag\": \"W/\\\"50f67c26-5316-4fb8-a2f4-a7b24f499308\\\"\"\
        ,\r\n        \"properties\": {\r\n          \"provisioningState\": \"Updating\"\
        ,\r\n          \"subnet\": {\r\n            \"id\": \"/subscriptions/00000000-0000-0000-0000-000000000000/resourceGroups/cli_test_ag_http_listener000001/providers/Microsoft.Network/virtualNetworks/ag1Vnet/subnets/default\"\
        \r\n          }\r\n        },\r\n        \"type\": \"Microsoft.Network/applicationGateways/gatewayIPConfigurations\"\
        \r\n      }\r\n    ],\r\n    \"sslCertificates\": [],\r\n    \"authenticationCertificates\"\
        : [],\r\n    \"frontendIPConfigurations\": [\r\n      {\r\n        \"name\"\
        : \"appGatewayPrivateFrontendIP\",\r\n        \"id\": \"/subscriptions/00000000-0000-0000-0000-000000000000/resourceGroups/cli_test_ag_http_listener000001/providers/Microsoft.Network/applicationGateways/ag1/frontendIPConfigurations/appGatewayPrivateFrontendIP\"\
        ,\r\n        \"etag\": \"W/\\\"50f67c26-5316-4fb8-a2f4-a7b24f499308\\\"\"\
        ,\r\n        \"type\": \"Microsoft.Network/applicationGateways/frontendIPConfigurations\"\
        ,\r\n        \"properties\": {\r\n          \"provisioningState\": \"Updating\"\
        ,\r\n          \"privateIPAllocationMethod\": \"Dynamic\",\r\n          \"\
        subnet\": {\r\n            \"id\": \"/subscriptions/00000000-0000-0000-0000-000000000000/resourceGroups/cli_test_ag_http_listener000001/providers/Microsoft.Network/virtualNetworks/ag1Vnet/subnets/default\"\
        \r\n          },\r\n          \"httpListeners\": [\r\n            {\r\n  \
        \            \"id\": \"/subscriptions/00000000-0000-0000-0000-000000000000/resourceGroups/cli_test_ag_http_listener000001/providers/Microsoft.Network/applicationGateways/ag1/httpListeners/appGatewayHttpListener\"\
        \r\n            },\r\n            {\r\n              \"id\": \"/subscriptions/00000000-0000-0000-0000-000000000000/resourceGroups/cli_test_ag_http_listener000001/providers/Microsoft.Network/applicationGateways/ag1/httpListeners/mylistener\"\
        \r\n            }\r\n          ]\r\n        }\r\n      }\r\n    ],\r\n   \
        \ \"frontendPorts\": [\r\n      {\r\n        \"name\": \"appGatewayFrontendPort\"\
        ,\r\n        \"id\": \"/subscriptions/00000000-0000-0000-0000-000000000000/resourceGroups/cli_test_ag_http_listener000001/providers/Microsoft.Network/applicationGateways/ag1/frontendPorts/appGatewayFrontendPort\"\
        ,\r\n        \"etag\": \"W/\\\"50f67c26-5316-4fb8-a2f4-a7b24f499308\\\"\"\
        ,\r\n        \"properties\": {\r\n          \"provisioningState\": \"Updating\"\
        ,\r\n          \"port\": 80,\r\n          \"httpListeners\": [\r\n       \
        \     {\r\n              \"id\": \"/subscriptions/00000000-0000-0000-0000-000000000000/resourceGroups/cli_test_ag_http_listener000001/providers/Microsoft.Network/applicationGateways/ag1/httpListeners/appGatewayHttpListener\"\
        \r\n            },\r\n            {\r\n              \"id\": \"/subscriptions/00000000-0000-0000-0000-000000000000/resourceGroups/cli_test_ag_http_listener000001/providers/Microsoft.Network/applicationGateways/ag1/httpListeners/mylistener\"\
        \r\n            }\r\n          ]\r\n        },\r\n        \"type\": \"Microsoft.Network/applicationGateways/frontendPorts\"\
        \r\n      }\r\n    ],\r\n    \"backendAddressPools\": [\r\n      {\r\n   \
        \     \"name\": \"appGatewayBackendPool\",\r\n        \"id\": \"/subscriptions/00000000-0000-0000-0000-000000000000/resourceGroups/cli_test_ag_http_listener000001/providers/Microsoft.Network/applicationGateways/ag1/backendAddressPools/appGatewayBackendPool\"\
        ,\r\n        \"etag\": \"W/\\\"50f67c26-5316-4fb8-a2f4-a7b24f499308\\\"\"\
        ,\r\n        \"properties\": {\r\n          \"provisioningState\": \"Updating\"\
        ,\r\n          \"backendAddresses\": [],\r\n          \"requestRoutingRules\"\
        : [\r\n            {\r\n              \"id\": \"/subscriptions/00000000-0000-0000-0000-000000000000/resourceGroups/cli_test_ag_http_listener000001/providers/Microsoft.Network/applicationGateways/ag1/requestRoutingRules/rule1\"\
        \r\n            }\r\n          ]\r\n        },\r\n        \"type\": \"Microsoft.Network/applicationGateways/backendAddressPools\"\
        \r\n      }\r\n    ],\r\n    \"backendHttpSettingsCollection\": [\r\n    \
        \  {\r\n        \"name\": \"appGatewayBackendHttpSettings\",\r\n        \"\
        id\": \"/subscriptions/00000000-0000-0000-0000-000000000000/resourceGroups/cli_test_ag_http_listener000001/providers/Microsoft.Network/applicationGateways/ag1/backendHttpSettingsCollection/appGatewayBackendHttpSettings\"\
        ,\r\n        \"etag\": \"W/\\\"50f67c26-5316-4fb8-a2f4-a7b24f499308\\\"\"\
        ,\r\n        \"properties\": {\r\n          \"provisioningState\": \"Updating\"\
        ,\r\n          \"port\": 80,\r\n          \"protocol\": \"Http\",\r\n    \
        \      \"cookieBasedAffinity\": \"Disabled\",\r\n          \"connectionDraining\"\
        : {\r\n            \"enabled\": false,\r\n            \"drainTimeoutInSec\"\
        : 1\r\n          },\r\n          \"pickHostNameFromBackendAddress\": false,\r\
        \n          \"requestTimeout\": 30,\r\n          \"requestRoutingRules\":\
        \ [\r\n            {\r\n              \"id\": \"/subscriptions/00000000-0000-0000-0000-000000000000/resourceGroups/cli_test_ag_http_listener000001/providers/Microsoft.Network/applicationGateways/ag1/requestRoutingRules/rule1\"\
        \r\n            }\r\n          ]\r\n        },\r\n        \"type\": \"Microsoft.Network/applicationGateways/backendHttpSettingsCollection\"\
        \r\n      }\r\n    ],\r\n    \"httpListeners\": [\r\n      {\r\n        \"\
        name\": \"appGatewayHttpListener\",\r\n        \"id\": \"/subscriptions/00000000-0000-0000-0000-000000000000/resourceGroups/cli_test_ag_http_listener000001/providers/Microsoft.Network/applicationGateways/ag1/httpListeners/appGatewayHttpListener\"\
        ,\r\n        \"etag\": \"W/\\\"50f67c26-5316-4fb8-a2f4-a7b24f499308\\\"\"\
        ,\r\n        \"properties\": {\r\n          \"provisioningState\": \"Updating\"\
        ,\r\n          \"frontendIPConfiguration\": {\r\n            \"id\": \"/subscriptions/00000000-0000-0000-0000-000000000000/resourceGroups/cli_test_ag_http_listener000001/providers/Microsoft.Network/applicationGateways/ag1/frontendIPConfigurations/appGatewayPrivateFrontendIP\"\
        \r\n          },\r\n          \"frontendPort\": {\r\n            \"id\": \"\
        /subscriptions/00000000-0000-0000-0000-000000000000/resourceGroups/cli_test_ag_http_listener000001/providers/Microsoft.Network/applicationGateways/ag1/frontendPorts/appGatewayFrontendPort\"\
        \r\n          },\r\n          \"protocol\": \"Http\",\r\n          \"hostNames\"\
        : [],\r\n          \"requireServerNameIndication\": false,\r\n          \"\
        requestRoutingRules\": [\r\n            {\r\n              \"id\": \"/subscriptions/00000000-0000-0000-0000-000000000000/resourceGroups/cli_test_ag_http_listener000001/providers/Microsoft.Network/applicationGateways/ag1/requestRoutingRules/rule1\"\
        \r\n            }\r\n          ]\r\n        },\r\n        \"type\": \"Microsoft.Network/applicationGateways/httpListeners\"\
        \r\n      },\r\n      {\r\n        \"name\": \"mylistener\",\r\n        \"\
        id\": \"/subscriptions/00000000-0000-0000-0000-000000000000/resourceGroups/cli_test_ag_http_listener000001/providers/Microsoft.Network/applicationGateways/ag1/httpListeners/mylistener\"\
        ,\r\n        \"etag\": \"W/\\\"50f67c26-5316-4fb8-a2f4-a7b24f499308\\\"\"\
        ,\r\n        \"properties\": {\r\n          \"provisioningState\": \"Updating\"\
        ,\r\n          \"frontendIPConfiguration\": {\r\n            \"id\": \"/subscriptions/00000000-0000-0000-0000-000000000000/resourceGroups/cli_test_ag_http_listener000001/providers/Microsoft.Network/applicationGateways/ag1/frontendIPConfigurations/appGatewayPrivateFrontendIP\"\
        \r\n          },\r\n          \"frontendPort\": {\r\n            \"id\": \"\
        /subscriptions/00000000-0000-0000-0000-000000000000/resourceGroups/cli_test_ag_http_listener000001/providers/Microsoft.Network/applicationGateways/ag1/frontendPorts/appGatewayFrontendPort\"\
        \r\n          },\r\n          \"protocol\": \"Http\",\r\n          \"hostName\"\
        : \"www.test.com\",\r\n          \"hostNames\": [],\r\n          \"requireServerNameIndication\"\
        : false\r\n        },\r\n        \"type\": \"Microsoft.Network/applicationGateways/httpListeners\"\
        \r\n      }\r\n    ],\r\n    \"urlPathMaps\": [],\r\n    \"requestRoutingRules\"\
        : [\r\n      {\r\n        \"name\": \"rule1\",\r\n        \"id\": \"/subscriptions/00000000-0000-0000-0000-000000000000/resourceGroups/cli_test_ag_http_listener000001/providers/Microsoft.Network/applicationGateways/ag1/requestRoutingRules/rule1\"\
        ,\r\n        \"etag\": \"W/\\\"50f67c26-5316-4fb8-a2f4-a7b24f499308\\\"\"\
        ,\r\n        \"properties\": {\r\n          \"provisioningState\": \"Updating\"\
        ,\r\n          \"ruleType\": \"Basic\",\r\n          \"httpListener\": {\r\
        \n            \"id\": \"/subscriptions/00000000-0000-0000-0000-000000000000/resourceGroups/cli_test_ag_http_listener000001/providers/Microsoft.Network/applicationGateways/ag1/httpListeners/appGatewayHttpListener\"\
        \r\n          },\r\n          \"backendAddressPool\": {\r\n            \"\
        id\": \"/subscriptions/00000000-0000-0000-0000-000000000000/resourceGroups/cli_test_ag_http_listener000001/providers/Microsoft.Network/applicationGateways/ag1/backendAddressPools/appGatewayBackendPool\"\
        \r\n          },\r\n          \"backendHttpSettings\": {\r\n            \"\
        id\": \"/subscriptions/00000000-0000-0000-0000-000000000000/resourceGroups/cli_test_ag_http_listener000001/providers/Microsoft.Network/applicationGateways/ag1/backendHttpSettingsCollection/appGatewayBackendHttpSettings\"\
        \r\n          }\r\n        },\r\n        \"type\": \"Microsoft.Network/applicationGateways/requestRoutingRules\"\
        \r\n      }\r\n    ],\r\n    \"probes\": [],\r\n    \"rewriteRuleSets\": [],\r\
        \n    \"redirectConfigurations\": []\r\n  }\r\n}"
    headers:
      cache-control:
      - no-cache
      content-length:
      - '10939'
      content-type:
      - application/json; charset=utf-8
      date:
      - Wed, 04 Nov 2020 04:14:14 GMT
      etag:
      - W/"50f67c26-5316-4fb8-a2f4-a7b24f499308"
      expires:
      - '-1'
      pragma:
      - no-cache
      server:
      - Microsoft-HTTPAPI/2.0
      - Microsoft-HTTPAPI/2.0
      strict-transport-security:
      - max-age=31536000; includeSubDomains
      transfer-encoding:
      - chunked
      vary:
      - Accept-Encoding
      x-content-type-options:
      - nosniff
      x-ms-arm-service-request-id:
      - 625fa23c-2b6e-4d59-8062-0463aa7440f0
    status:
      code: 200
      message: OK
- request:
    body: null
    headers:
      Accept:
      - application/json
      Accept-Encoding:
      - gzip, deflate
      CommandName:
      - network application-gateway http-listener update
      Connection:
      - keep-alive
      ParameterSetName:
      - -g --gateway-name -n --no-wait --host-name
      User-Agent:
      - python/3.7.4 (Linux-4.15.0-112-generic-x86_64-with-debian-buster-sid) msrest/0.6.18
        msrest_azure/0.6.3 azure-mgmt-network/12.0.0 Azure-SDK-For-Python AZURECLI/2.14.0
      accept-language:
      - en-US
    method: GET
    uri: https://management.azure.com/subscriptions/00000000-0000-0000-0000-000000000000/resourceGroups/cli_test_ag_http_listener000001/providers/Microsoft.Network/applicationGateways/ag1?api-version=2020-06-01
  response:
    body:
      string: "{\r\n  \"name\": \"ag1\",\r\n  \"id\": \"/subscriptions/00000000-0000-0000-0000-000000000000/resourceGroups/cli_test_ag_http_listener000001/providers/Microsoft.Network/applicationGateways/ag1\"\
        ,\r\n  \"etag\": \"W/\\\"50f67c26-5316-4fb8-a2f4-a7b24f499308\\\"\",\r\n \
        \ \"type\": \"Microsoft.Network/applicationGateways\",\r\n  \"location\":\
        \ \"westus\",\r\n  \"tags\": {},\r\n  \"properties\": {\r\n    \"provisioningState\"\
        : \"Updating\",\r\n    \"resourceGuid\": \"4163d964-469f-4b88-9c10-282b00f8736e\"\
        ,\r\n    \"sku\": {\r\n      \"name\": \"Standard_Medium\",\r\n      \"tier\"\
        : \"Standard\",\r\n      \"capacity\": 2\r\n    },\r\n    \"operationalState\"\
        : \"Stopped\",\r\n    \"gatewayIPConfigurations\": [\r\n      {\r\n      \
        \  \"name\": \"appGatewayPrivateFrontendIP\",\r\n        \"id\": \"/subscriptions/00000000-0000-0000-0000-000000000000/resourceGroups/cli_test_ag_http_listener000001/providers/Microsoft.Network/applicationGateways/ag1/gatewayIPConfigurations/appGatewayPrivateFrontendIP\"\
        ,\r\n        \"etag\": \"W/\\\"50f67c26-5316-4fb8-a2f4-a7b24f499308\\\"\"\
        ,\r\n        \"properties\": {\r\n          \"provisioningState\": \"Updating\"\
        ,\r\n          \"subnet\": {\r\n            \"id\": \"/subscriptions/00000000-0000-0000-0000-000000000000/resourceGroups/cli_test_ag_http_listener000001/providers/Microsoft.Network/virtualNetworks/ag1Vnet/subnets/default\"\
        \r\n          }\r\n        },\r\n        \"type\": \"Microsoft.Network/applicationGateways/gatewayIPConfigurations\"\
        \r\n      }\r\n    ],\r\n    \"sslCertificates\": [],\r\n    \"authenticationCertificates\"\
        : [],\r\n    \"frontendIPConfigurations\": [\r\n      {\r\n        \"name\"\
        : \"appGatewayPrivateFrontendIP\",\r\n        \"id\": \"/subscriptions/00000000-0000-0000-0000-000000000000/resourceGroups/cli_test_ag_http_listener000001/providers/Microsoft.Network/applicationGateways/ag1/frontendIPConfigurations/appGatewayPrivateFrontendIP\"\
        ,\r\n        \"etag\": \"W/\\\"50f67c26-5316-4fb8-a2f4-a7b24f499308\\\"\"\
        ,\r\n        \"type\": \"Microsoft.Network/applicationGateways/frontendIPConfigurations\"\
        ,\r\n        \"properties\": {\r\n          \"provisioningState\": \"Updating\"\
        ,\r\n          \"privateIPAllocationMethod\": \"Dynamic\",\r\n          \"\
        subnet\": {\r\n            \"id\": \"/subscriptions/00000000-0000-0000-0000-000000000000/resourceGroups/cli_test_ag_http_listener000001/providers/Microsoft.Network/virtualNetworks/ag1Vnet/subnets/default\"\
        \r\n          },\r\n          \"httpListeners\": [\r\n            {\r\n  \
        \            \"id\": \"/subscriptions/00000000-0000-0000-0000-000000000000/resourceGroups/cli_test_ag_http_listener000001/providers/Microsoft.Network/applicationGateways/ag1/httpListeners/appGatewayHttpListener\"\
        \r\n            },\r\n            {\r\n              \"id\": \"/subscriptions/00000000-0000-0000-0000-000000000000/resourceGroups/cli_test_ag_http_listener000001/providers/Microsoft.Network/applicationGateways/ag1/httpListeners/mylistener\"\
        \r\n            }\r\n          ]\r\n        }\r\n      }\r\n    ],\r\n   \
        \ \"frontendPorts\": [\r\n      {\r\n        \"name\": \"appGatewayFrontendPort\"\
        ,\r\n        \"id\": \"/subscriptions/00000000-0000-0000-0000-000000000000/resourceGroups/cli_test_ag_http_listener000001/providers/Microsoft.Network/applicationGateways/ag1/frontendPorts/appGatewayFrontendPort\"\
        ,\r\n        \"etag\": \"W/\\\"50f67c26-5316-4fb8-a2f4-a7b24f499308\\\"\"\
        ,\r\n        \"properties\": {\r\n          \"provisioningState\": \"Updating\"\
        ,\r\n          \"port\": 80,\r\n          \"httpListeners\": [\r\n       \
        \     {\r\n              \"id\": \"/subscriptions/00000000-0000-0000-0000-000000000000/resourceGroups/cli_test_ag_http_listener000001/providers/Microsoft.Network/applicationGateways/ag1/httpListeners/appGatewayHttpListener\"\
        \r\n            },\r\n            {\r\n              \"id\": \"/subscriptions/00000000-0000-0000-0000-000000000000/resourceGroups/cli_test_ag_http_listener000001/providers/Microsoft.Network/applicationGateways/ag1/httpListeners/mylistener\"\
        \r\n            }\r\n          ]\r\n        },\r\n        \"type\": \"Microsoft.Network/applicationGateways/frontendPorts\"\
        \r\n      }\r\n    ],\r\n    \"backendAddressPools\": [\r\n      {\r\n   \
        \     \"name\": \"appGatewayBackendPool\",\r\n        \"id\": \"/subscriptions/00000000-0000-0000-0000-000000000000/resourceGroups/cli_test_ag_http_listener000001/providers/Microsoft.Network/applicationGateways/ag1/backendAddressPools/appGatewayBackendPool\"\
        ,\r\n        \"etag\": \"W/\\\"50f67c26-5316-4fb8-a2f4-a7b24f499308\\\"\"\
        ,\r\n        \"properties\": {\r\n          \"provisioningState\": \"Updating\"\
        ,\r\n          \"backendAddresses\": [],\r\n          \"requestRoutingRules\"\
        : [\r\n            {\r\n              \"id\": \"/subscriptions/00000000-0000-0000-0000-000000000000/resourceGroups/cli_test_ag_http_listener000001/providers/Microsoft.Network/applicationGateways/ag1/requestRoutingRules/rule1\"\
        \r\n            }\r\n          ]\r\n        },\r\n        \"type\": \"Microsoft.Network/applicationGateways/backendAddressPools\"\
        \r\n      }\r\n    ],\r\n    \"backendHttpSettingsCollection\": [\r\n    \
        \  {\r\n        \"name\": \"appGatewayBackendHttpSettings\",\r\n        \"\
        id\": \"/subscriptions/00000000-0000-0000-0000-000000000000/resourceGroups/cli_test_ag_http_listener000001/providers/Microsoft.Network/applicationGateways/ag1/backendHttpSettingsCollection/appGatewayBackendHttpSettings\"\
        ,\r\n        \"etag\": \"W/\\\"50f67c26-5316-4fb8-a2f4-a7b24f499308\\\"\"\
        ,\r\n        \"properties\": {\r\n          \"provisioningState\": \"Updating\"\
        ,\r\n          \"port\": 80,\r\n          \"protocol\": \"Http\",\r\n    \
        \      \"cookieBasedAffinity\": \"Disabled\",\r\n          \"connectionDraining\"\
        : {\r\n            \"enabled\": false,\r\n            \"drainTimeoutInSec\"\
        : 1\r\n          },\r\n          \"pickHostNameFromBackendAddress\": false,\r\
        \n          \"requestTimeout\": 30,\r\n          \"requestRoutingRules\":\
        \ [\r\n            {\r\n              \"id\": \"/subscriptions/00000000-0000-0000-0000-000000000000/resourceGroups/cli_test_ag_http_listener000001/providers/Microsoft.Network/applicationGateways/ag1/requestRoutingRules/rule1\"\
        \r\n            }\r\n          ]\r\n        },\r\n        \"type\": \"Microsoft.Network/applicationGateways/backendHttpSettingsCollection\"\
        \r\n      }\r\n    ],\r\n    \"httpListeners\": [\r\n      {\r\n        \"\
        name\": \"appGatewayHttpListener\",\r\n        \"id\": \"/subscriptions/00000000-0000-0000-0000-000000000000/resourceGroups/cli_test_ag_http_listener000001/providers/Microsoft.Network/applicationGateways/ag1/httpListeners/appGatewayHttpListener\"\
        ,\r\n        \"etag\": \"W/\\\"50f67c26-5316-4fb8-a2f4-a7b24f499308\\\"\"\
        ,\r\n        \"properties\": {\r\n          \"provisioningState\": \"Updating\"\
        ,\r\n          \"frontendIPConfiguration\": {\r\n            \"id\": \"/subscriptions/00000000-0000-0000-0000-000000000000/resourceGroups/cli_test_ag_http_listener000001/providers/Microsoft.Network/applicationGateways/ag1/frontendIPConfigurations/appGatewayPrivateFrontendIP\"\
        \r\n          },\r\n          \"frontendPort\": {\r\n            \"id\": \"\
        /subscriptions/00000000-0000-0000-0000-000000000000/resourceGroups/cli_test_ag_http_listener000001/providers/Microsoft.Network/applicationGateways/ag1/frontendPorts/appGatewayFrontendPort\"\
        \r\n          },\r\n          \"protocol\": \"Http\",\r\n          \"hostNames\"\
        : [],\r\n          \"requireServerNameIndication\": false,\r\n          \"\
        requestRoutingRules\": [\r\n            {\r\n              \"id\": \"/subscriptions/00000000-0000-0000-0000-000000000000/resourceGroups/cli_test_ag_http_listener000001/providers/Microsoft.Network/applicationGateways/ag1/requestRoutingRules/rule1\"\
        \r\n            }\r\n          ]\r\n        },\r\n        \"type\": \"Microsoft.Network/applicationGateways/httpListeners\"\
        \r\n      },\r\n      {\r\n        \"name\": \"mylistener\",\r\n        \"\
        id\": \"/subscriptions/00000000-0000-0000-0000-000000000000/resourceGroups/cli_test_ag_http_listener000001/providers/Microsoft.Network/applicationGateways/ag1/httpListeners/mylistener\"\
        ,\r\n        \"etag\": \"W/\\\"50f67c26-5316-4fb8-a2f4-a7b24f499308\\\"\"\
        ,\r\n        \"properties\": {\r\n          \"provisioningState\": \"Updating\"\
        ,\r\n          \"frontendIPConfiguration\": {\r\n            \"id\": \"/subscriptions/00000000-0000-0000-0000-000000000000/resourceGroups/cli_test_ag_http_listener000001/providers/Microsoft.Network/applicationGateways/ag1/frontendIPConfigurations/appGatewayPrivateFrontendIP\"\
        \r\n          },\r\n          \"frontendPort\": {\r\n            \"id\": \"\
        /subscriptions/00000000-0000-0000-0000-000000000000/resourceGroups/cli_test_ag_http_listener000001/providers/Microsoft.Network/applicationGateways/ag1/frontendPorts/appGatewayFrontendPort\"\
        \r\n          },\r\n          \"protocol\": \"Http\",\r\n          \"hostName\"\
        : \"www.test.com\",\r\n          \"hostNames\": [],\r\n          \"requireServerNameIndication\"\
        : false\r\n        },\r\n        \"type\": \"Microsoft.Network/applicationGateways/httpListeners\"\
        \r\n      }\r\n    ],\r\n    \"urlPathMaps\": [],\r\n    \"requestRoutingRules\"\
        : [\r\n      {\r\n        \"name\": \"rule1\",\r\n        \"id\": \"/subscriptions/00000000-0000-0000-0000-000000000000/resourceGroups/cli_test_ag_http_listener000001/providers/Microsoft.Network/applicationGateways/ag1/requestRoutingRules/rule1\"\
        ,\r\n        \"etag\": \"W/\\\"50f67c26-5316-4fb8-a2f4-a7b24f499308\\\"\"\
        ,\r\n        \"properties\": {\r\n          \"provisioningState\": \"Updating\"\
        ,\r\n          \"ruleType\": \"Basic\",\r\n          \"httpListener\": {\r\
        \n            \"id\": \"/subscriptions/00000000-0000-0000-0000-000000000000/resourceGroups/cli_test_ag_http_listener000001/providers/Microsoft.Network/applicationGateways/ag1/httpListeners/appGatewayHttpListener\"\
        \r\n          },\r\n          \"backendAddressPool\": {\r\n            \"\
        id\": \"/subscriptions/00000000-0000-0000-0000-000000000000/resourceGroups/cli_test_ag_http_listener000001/providers/Microsoft.Network/applicationGateways/ag1/backendAddressPools/appGatewayBackendPool\"\
        \r\n          },\r\n          \"backendHttpSettings\": {\r\n            \"\
        id\": \"/subscriptions/00000000-0000-0000-0000-000000000000/resourceGroups/cli_test_ag_http_listener000001/providers/Microsoft.Network/applicationGateways/ag1/backendHttpSettingsCollection/appGatewayBackendHttpSettings\"\
        \r\n          }\r\n        },\r\n        \"type\": \"Microsoft.Network/applicationGateways/requestRoutingRules\"\
        \r\n      }\r\n    ],\r\n    \"probes\": [],\r\n    \"rewriteRuleSets\": [],\r\
        \n    \"redirectConfigurations\": []\r\n  }\r\n}"
    headers:
      cache-control:
      - no-cache
      content-length:
      - '10939'
      content-type:
      - application/json; charset=utf-8
      date:
      - Wed, 04 Nov 2020 04:14:15 GMT
      etag:
      - W/"50f67c26-5316-4fb8-a2f4-a7b24f499308"
      expires:
      - '-1'
      pragma:
      - no-cache
      server:
      - Microsoft-HTTPAPI/2.0
      - Microsoft-HTTPAPI/2.0
      strict-transport-security:
      - max-age=31536000; includeSubDomains
      transfer-encoding:
      - chunked
      vary:
      - Accept-Encoding
      x-content-type-options:
      - nosniff
      x-ms-arm-service-request-id:
      - b58fb9ee-ffa5-4a42-bca8-7995a54a6ef0
    status:
      code: 200
      message: OK
- request:
    body: '{"id": "/subscriptions/00000000-0000-0000-0000-000000000000/resourceGroups/cli_test_ag_http_listener000001/providers/Microsoft.Network/applicationGateways/ag1",
      "location": "westus", "tags": {}, "properties": {"sku": {"name": "Standard_Medium",
      "tier": "Standard", "capacity": 2}, "gatewayIPConfigurations": [{"id": "/subscriptions/00000000-0000-0000-0000-000000000000/resourceGroups/cli_test_ag_http_listener000001/providers/Microsoft.Network/applicationGateways/ag1/gatewayIPConfigurations/appGatewayPrivateFrontendIP",
      "properties": {"subnet": {"id": "/subscriptions/00000000-0000-0000-0000-000000000000/resourceGroups/cli_test_ag_http_listener000001/providers/Microsoft.Network/virtualNetworks/ag1Vnet/subnets/default"}},
      "name": "appGatewayPrivateFrontendIP"}], "authenticationCertificates": [], "sslCertificates":
      [], "frontendIPConfigurations": [{"id": "/subscriptions/00000000-0000-0000-0000-000000000000/resourceGroups/cli_test_ag_http_listener000001/providers/Microsoft.Network/applicationGateways/ag1/frontendIPConfigurations/appGatewayPrivateFrontendIP",
      "properties": {"privateIPAllocationMethod": "Dynamic", "subnet": {"id": "/subscriptions/00000000-0000-0000-0000-000000000000/resourceGroups/cli_test_ag_http_listener000001/providers/Microsoft.Network/virtualNetworks/ag1Vnet/subnets/default"}},
      "name": "appGatewayPrivateFrontendIP"}], "frontendPorts": [{"id": "/subscriptions/00000000-0000-0000-0000-000000000000/resourceGroups/cli_test_ag_http_listener000001/providers/Microsoft.Network/applicationGateways/ag1/frontendPorts/appGatewayFrontendPort",
      "properties": {"port": 80}, "name": "appGatewayFrontendPort"}], "probes": [],
      "backendAddressPools": [{"id": "/subscriptions/00000000-0000-0000-0000-000000000000/resourceGroups/cli_test_ag_http_listener000001/providers/Microsoft.Network/applicationGateways/ag1/backendAddressPools/appGatewayBackendPool",
      "properties": {"backendAddresses": []}, "name": "appGatewayBackendPool"}], "backendHttpSettingsCollection":
      [{"id": "/subscriptions/00000000-0000-0000-0000-000000000000/resourceGroups/cli_test_ag_http_listener000001/providers/Microsoft.Network/applicationGateways/ag1/backendHttpSettingsCollection/appGatewayBackendHttpSettings",
      "properties": {"port": 80, "protocol": "Http", "cookieBasedAffinity": "Disabled",
      "requestTimeout": 30, "connectionDraining": {"enabled": false, "drainTimeoutInSec":
      1}, "pickHostNameFromBackendAddress": false}, "name": "appGatewayBackendHttpSettings"}],
      "httpListeners": [{"id": "/subscriptions/00000000-0000-0000-0000-000000000000/resourceGroups/cli_test_ag_http_listener000001/providers/Microsoft.Network/applicationGateways/ag1/httpListeners/appGatewayHttpListener",
      "properties": {"frontendIPConfiguration": {"id": "/subscriptions/00000000-0000-0000-0000-000000000000/resourceGroups/cli_test_ag_http_listener000001/providers/Microsoft.Network/applicationGateways/ag1/frontendIPConfigurations/appGatewayPrivateFrontendIP"},
      "frontendPort": {"id": "/subscriptions/00000000-0000-0000-0000-000000000000/resourceGroups/cli_test_ag_http_listener000001/providers/Microsoft.Network/applicationGateways/ag1/frontendPorts/appGatewayFrontendPort"},
      "protocol": "Http", "requireServerNameIndication": false, "hostNames": []},
      "name": "appGatewayHttpListener"}, {"id": "/subscriptions/00000000-0000-0000-0000-000000000000/resourceGroups/cli_test_ag_http_listener000001/providers/Microsoft.Network/applicationGateways/ag1/httpListeners/mylistener",
      "properties": {"frontendIPConfiguration": {"id": "/subscriptions/00000000-0000-0000-0000-000000000000/resourceGroups/cli_test_ag_http_listener000001/providers/Microsoft.Network/applicationGateways/ag1/frontendIPConfigurations/appGatewayPrivateFrontendIP"},
      "frontendPort": {"id": "/subscriptions/00000000-0000-0000-0000-000000000000/resourceGroups/cli_test_ag_http_listener000001/providers/Microsoft.Network/applicationGateways/ag1/frontendPorts/appGatewayFrontendPort"},
      "protocol": "Http", "hostName": "www.test2.com", "requireServerNameIndication":
      false, "hostNames": []}, "name": "mylistener"}], "urlPathMaps": [], "requestRoutingRules":
      [{"id": "/subscriptions/00000000-0000-0000-0000-000000000000/resourceGroups/cli_test_ag_http_listener000001/providers/Microsoft.Network/applicationGateways/ag1/requestRoutingRules/rule1",
      "properties": {"ruleType": "Basic", "backendAddressPool": {"id": "/subscriptions/00000000-0000-0000-0000-000000000000/resourceGroups/cli_test_ag_http_listener000001/providers/Microsoft.Network/applicationGateways/ag1/backendAddressPools/appGatewayBackendPool"},
      "backendHttpSettings": {"id": "/subscriptions/00000000-0000-0000-0000-000000000000/resourceGroups/cli_test_ag_http_listener000001/providers/Microsoft.Network/applicationGateways/ag1/backendHttpSettingsCollection/appGatewayBackendHttpSettings"},
      "httpListener": {"id": "/subscriptions/00000000-0000-0000-0000-000000000000/resourceGroups/cli_test_ag_http_listener000001/providers/Microsoft.Network/applicationGateways/ag1/httpListeners/appGatewayHttpListener"}},
      "name": "rule1"}], "rewriteRuleSets": [], "redirectConfigurations": []}}'
    headers:
      Accept:
      - application/json
      Accept-Encoding:
      - gzip, deflate
      CommandName:
      - network application-gateway http-listener update
      Connection:
      - keep-alive
      Content-Length:
      - '5861'
      Content-Type:
      - application/json; charset=utf-8
      ParameterSetName:
      - -g --gateway-name -n --no-wait --host-name
      User-Agent:
      - python/3.7.4 (Linux-4.15.0-112-generic-x86_64-with-debian-buster-sid) msrest/0.6.18
        msrest_azure/0.6.3 azure-mgmt-network/12.0.0 Azure-SDK-For-Python AZURECLI/2.14.0
      accept-language:
      - en-US
    method: PUT
    uri: https://management.azure.com/subscriptions/00000000-0000-0000-0000-000000000000/resourceGroups/cli_test_ag_http_listener000001/providers/Microsoft.Network/applicationGateways/ag1?api-version=2020-06-01
  response:
    body:
      string: "{\r\n  \"name\": \"ag1\",\r\n  \"id\": \"/subscriptions/00000000-0000-0000-0000-000000000000/resourceGroups/cli_test_ag_http_listener000001/providers/Microsoft.Network/applicationGateways/ag1\"\
        ,\r\n  \"etag\": \"W/\\\"7021df34-6bd6-4d95-a71a-c25a489d5b97\\\"\",\r\n \
        \ \"type\": \"Microsoft.Network/applicationGateways\",\r\n  \"location\":\
        \ \"westus\",\r\n  \"tags\": {},\r\n  \"properties\": {\r\n    \"provisioningState\"\
        : \"Updating\",\r\n    \"resourceGuid\": \"4163d964-469f-4b88-9c10-282b00f8736e\"\
        ,\r\n    \"sku\": {\r\n      \"name\": \"Standard_Medium\",\r\n      \"tier\"\
        : \"Standard\",\r\n      \"capacity\": 2\r\n    },\r\n    \"operationalState\"\
        : \"Stopped\",\r\n    \"gatewayIPConfigurations\": [\r\n      {\r\n      \
        \  \"name\": \"appGatewayPrivateFrontendIP\",\r\n        \"id\": \"/subscriptions/00000000-0000-0000-0000-000000000000/resourceGroups/cli_test_ag_http_listener000001/providers/Microsoft.Network/applicationGateways/ag1/gatewayIPConfigurations/appGatewayPrivateFrontendIP\"\
        ,\r\n        \"etag\": \"W/\\\"7021df34-6bd6-4d95-a71a-c25a489d5b97\\\"\"\
        ,\r\n        \"properties\": {\r\n          \"provisioningState\": \"Updating\"\
        ,\r\n          \"subnet\": {\r\n            \"id\": \"/subscriptions/00000000-0000-0000-0000-000000000000/resourceGroups/cli_test_ag_http_listener000001/providers/Microsoft.Network/virtualNetworks/ag1Vnet/subnets/default\"\
        \r\n          }\r\n        },\r\n        \"type\": \"Microsoft.Network/applicationGateways/gatewayIPConfigurations\"\
        \r\n      }\r\n    ],\r\n    \"sslCertificates\": [],\r\n    \"authenticationCertificates\"\
        : [],\r\n    \"frontendIPConfigurations\": [\r\n      {\r\n        \"name\"\
        : \"appGatewayPrivateFrontendIP\",\r\n        \"id\": \"/subscriptions/00000000-0000-0000-0000-000000000000/resourceGroups/cli_test_ag_http_listener000001/providers/Microsoft.Network/applicationGateways/ag1/frontendIPConfigurations/appGatewayPrivateFrontendIP\"\
        ,\r\n        \"etag\": \"W/\\\"7021df34-6bd6-4d95-a71a-c25a489d5b97\\\"\"\
        ,\r\n        \"type\": \"Microsoft.Network/applicationGateways/frontendIPConfigurations\"\
        ,\r\n        \"properties\": {\r\n          \"provisioningState\": \"Updating\"\
        ,\r\n          \"privateIPAllocationMethod\": \"Dynamic\",\r\n          \"\
        subnet\": {\r\n            \"id\": \"/subscriptions/00000000-0000-0000-0000-000000000000/resourceGroups/cli_test_ag_http_listener000001/providers/Microsoft.Network/virtualNetworks/ag1Vnet/subnets/default\"\
        \r\n          },\r\n          \"httpListeners\": [\r\n            {\r\n  \
        \            \"id\": \"/subscriptions/00000000-0000-0000-0000-000000000000/resourceGroups/cli_test_ag_http_listener000001/providers/Microsoft.Network/applicationGateways/ag1/httpListeners/appGatewayHttpListener\"\
        \r\n            },\r\n            {\r\n              \"id\": \"/subscriptions/00000000-0000-0000-0000-000000000000/resourceGroups/cli_test_ag_http_listener000001/providers/Microsoft.Network/applicationGateways/ag1/httpListeners/mylistener\"\
        \r\n            }\r\n          ]\r\n        }\r\n      }\r\n    ],\r\n   \
        \ \"frontendPorts\": [\r\n      {\r\n        \"name\": \"appGatewayFrontendPort\"\
        ,\r\n        \"id\": \"/subscriptions/00000000-0000-0000-0000-000000000000/resourceGroups/cli_test_ag_http_listener000001/providers/Microsoft.Network/applicationGateways/ag1/frontendPorts/appGatewayFrontendPort\"\
        ,\r\n        \"etag\": \"W/\\\"7021df34-6bd6-4d95-a71a-c25a489d5b97\\\"\"\
        ,\r\n        \"properties\": {\r\n          \"provisioningState\": \"Updating\"\
        ,\r\n          \"port\": 80,\r\n          \"httpListeners\": [\r\n       \
        \     {\r\n              \"id\": \"/subscriptions/00000000-0000-0000-0000-000000000000/resourceGroups/cli_test_ag_http_listener000001/providers/Microsoft.Network/applicationGateways/ag1/httpListeners/appGatewayHttpListener\"\
        \r\n            },\r\n            {\r\n              \"id\": \"/subscriptions/00000000-0000-0000-0000-000000000000/resourceGroups/cli_test_ag_http_listener000001/providers/Microsoft.Network/applicationGateways/ag1/httpListeners/mylistener\"\
        \r\n            }\r\n          ]\r\n        },\r\n        \"type\": \"Microsoft.Network/applicationGateways/frontendPorts\"\
        \r\n      }\r\n    ],\r\n    \"backendAddressPools\": [\r\n      {\r\n   \
        \     \"name\": \"appGatewayBackendPool\",\r\n        \"id\": \"/subscriptions/00000000-0000-0000-0000-000000000000/resourceGroups/cli_test_ag_http_listener000001/providers/Microsoft.Network/applicationGateways/ag1/backendAddressPools/appGatewayBackendPool\"\
        ,\r\n        \"etag\": \"W/\\\"7021df34-6bd6-4d95-a71a-c25a489d5b97\\\"\"\
        ,\r\n        \"properties\": {\r\n          \"provisioningState\": \"Updating\"\
        ,\r\n          \"backendAddresses\": [],\r\n          \"requestRoutingRules\"\
        : [\r\n            {\r\n              \"id\": \"/subscriptions/00000000-0000-0000-0000-000000000000/resourceGroups/cli_test_ag_http_listener000001/providers/Microsoft.Network/applicationGateways/ag1/requestRoutingRules/rule1\"\
        \r\n            }\r\n          ]\r\n        },\r\n        \"type\": \"Microsoft.Network/applicationGateways/backendAddressPools\"\
        \r\n      }\r\n    ],\r\n    \"backendHttpSettingsCollection\": [\r\n    \
        \  {\r\n        \"name\": \"appGatewayBackendHttpSettings\",\r\n        \"\
        id\": \"/subscriptions/00000000-0000-0000-0000-000000000000/resourceGroups/cli_test_ag_http_listener000001/providers/Microsoft.Network/applicationGateways/ag1/backendHttpSettingsCollection/appGatewayBackendHttpSettings\"\
        ,\r\n        \"etag\": \"W/\\\"7021df34-6bd6-4d95-a71a-c25a489d5b97\\\"\"\
        ,\r\n        \"properties\": {\r\n          \"provisioningState\": \"Updating\"\
        ,\r\n          \"port\": 80,\r\n          \"protocol\": \"Http\",\r\n    \
        \      \"cookieBasedAffinity\": \"Disabled\",\r\n          \"connectionDraining\"\
        : {\r\n            \"enabled\": false,\r\n            \"drainTimeoutInSec\"\
        : 1\r\n          },\r\n          \"pickHostNameFromBackendAddress\": false,\r\
        \n          \"requestTimeout\": 30,\r\n          \"requestRoutingRules\":\
        \ [\r\n            {\r\n              \"id\": \"/subscriptions/00000000-0000-0000-0000-000000000000/resourceGroups/cli_test_ag_http_listener000001/providers/Microsoft.Network/applicationGateways/ag1/requestRoutingRules/rule1\"\
        \r\n            }\r\n          ]\r\n        },\r\n        \"type\": \"Microsoft.Network/applicationGateways/backendHttpSettingsCollection\"\
        \r\n      }\r\n    ],\r\n    \"httpListeners\": [\r\n      {\r\n        \"\
        name\": \"appGatewayHttpListener\",\r\n        \"id\": \"/subscriptions/00000000-0000-0000-0000-000000000000/resourceGroups/cli_test_ag_http_listener000001/providers/Microsoft.Network/applicationGateways/ag1/httpListeners/appGatewayHttpListener\"\
        ,\r\n        \"etag\": \"W/\\\"7021df34-6bd6-4d95-a71a-c25a489d5b97\\\"\"\
        ,\r\n        \"properties\": {\r\n          \"provisioningState\": \"Updating\"\
        ,\r\n          \"frontendIPConfiguration\": {\r\n            \"id\": \"/subscriptions/00000000-0000-0000-0000-000000000000/resourceGroups/cli_test_ag_http_listener000001/providers/Microsoft.Network/applicationGateways/ag1/frontendIPConfigurations/appGatewayPrivateFrontendIP\"\
        \r\n          },\r\n          \"frontendPort\": {\r\n            \"id\": \"\
        /subscriptions/00000000-0000-0000-0000-000000000000/resourceGroups/cli_test_ag_http_listener000001/providers/Microsoft.Network/applicationGateways/ag1/frontendPorts/appGatewayFrontendPort\"\
        \r\n          },\r\n          \"protocol\": \"Http\",\r\n          \"hostNames\"\
        : [],\r\n          \"requireServerNameIndication\": false,\r\n          \"\
        requestRoutingRules\": [\r\n            {\r\n              \"id\": \"/subscriptions/00000000-0000-0000-0000-000000000000/resourceGroups/cli_test_ag_http_listener000001/providers/Microsoft.Network/applicationGateways/ag1/requestRoutingRules/rule1\"\
        \r\n            }\r\n          ]\r\n        },\r\n        \"type\": \"Microsoft.Network/applicationGateways/httpListeners\"\
        \r\n      },\r\n      {\r\n        \"name\": \"mylistener\",\r\n        \"\
        id\": \"/subscriptions/00000000-0000-0000-0000-000000000000/resourceGroups/cli_test_ag_http_listener000001/providers/Microsoft.Network/applicationGateways/ag1/httpListeners/mylistener\"\
        ,\r\n        \"etag\": \"W/\\\"7021df34-6bd6-4d95-a71a-c25a489d5b97\\\"\"\
        ,\r\n        \"properties\": {\r\n          \"provisioningState\": \"Updating\"\
        ,\r\n          \"frontendIPConfiguration\": {\r\n            \"id\": \"/subscriptions/00000000-0000-0000-0000-000000000000/resourceGroups/cli_test_ag_http_listener000001/providers/Microsoft.Network/applicationGateways/ag1/frontendIPConfigurations/appGatewayPrivateFrontendIP\"\
        \r\n          },\r\n          \"frontendPort\": {\r\n            \"id\": \"\
        /subscriptions/00000000-0000-0000-0000-000000000000/resourceGroups/cli_test_ag_http_listener000001/providers/Microsoft.Network/applicationGateways/ag1/frontendPorts/appGatewayFrontendPort\"\
        \r\n          },\r\n          \"protocol\": \"Http\",\r\n          \"hostName\"\
        : \"www.test2.com\",\r\n          \"hostNames\": [],\r\n          \"requireServerNameIndication\"\
        : false\r\n        },\r\n        \"type\": \"Microsoft.Network/applicationGateways/httpListeners\"\
        \r\n      }\r\n    ],\r\n    \"urlPathMaps\": [],\r\n    \"requestRoutingRules\"\
        : [\r\n      {\r\n        \"name\": \"rule1\",\r\n        \"id\": \"/subscriptions/00000000-0000-0000-0000-000000000000/resourceGroups/cli_test_ag_http_listener000001/providers/Microsoft.Network/applicationGateways/ag1/requestRoutingRules/rule1\"\
        ,\r\n        \"etag\": \"W/\\\"7021df34-6bd6-4d95-a71a-c25a489d5b97\\\"\"\
        ,\r\n        \"properties\": {\r\n          \"provisioningState\": \"Updating\"\
        ,\r\n          \"ruleType\": \"Basic\",\r\n          \"httpListener\": {\r\
        \n            \"id\": \"/subscriptions/00000000-0000-0000-0000-000000000000/resourceGroups/cli_test_ag_http_listener000001/providers/Microsoft.Network/applicationGateways/ag1/httpListeners/appGatewayHttpListener\"\
        \r\n          },\r\n          \"backendAddressPool\": {\r\n            \"\
        id\": \"/subscriptions/00000000-0000-0000-0000-000000000000/resourceGroups/cli_test_ag_http_listener000001/providers/Microsoft.Network/applicationGateways/ag1/backendAddressPools/appGatewayBackendPool\"\
        \r\n          },\r\n          \"backendHttpSettings\": {\r\n            \"\
        id\": \"/subscriptions/00000000-0000-0000-0000-000000000000/resourceGroups/cli_test_ag_http_listener000001/providers/Microsoft.Network/applicationGateways/ag1/backendHttpSettingsCollection/appGatewayBackendHttpSettings\"\
        \r\n          }\r\n        },\r\n        \"type\": \"Microsoft.Network/applicationGateways/requestRoutingRules\"\
        \r\n      }\r\n    ],\r\n    \"probes\": [],\r\n    \"rewriteRuleSets\": [],\r\
        \n    \"redirectConfigurations\": []\r\n  }\r\n}"
    headers:
      azure-asyncoperation:
      - https://management.azure.com/subscriptions/00000000-0000-0000-0000-000000000000/providers/Microsoft.Network/locations/westus/operations/da08d863-6fdc-40df-9deb-edb79e597856?api-version=2020-06-01
      cache-control:
      - no-cache
      content-length:
      - '10940'
      content-type:
      - application/json; charset=utf-8
      date:
      - Wed, 04 Nov 2020 04:14:15 GMT
      expires:
      - '-1'
      pragma:
      - no-cache
      server:
      - Microsoft-HTTPAPI/2.0
      - Microsoft-HTTPAPI/2.0
      strict-transport-security:
      - max-age=31536000; includeSubDomains
      transfer-encoding:
      - chunked
      vary:
      - Accept-Encoding
      x-content-type-options:
      - nosniff
      x-ms-arm-service-request-id:
      - e8ff15c9-17c6-4fef-9dcf-15572f8ffcac
      x-ms-ratelimit-remaining-subscription-writes:
      - '1193'
    status:
      code: 200
      message: OK
- request:
    body: null
    headers:
      Accept:
      - application/json
      Accept-Encoding:
      - gzip, deflate
      CommandName:
      - network application-gateway http-listener show
      Connection:
      - keep-alive
      ParameterSetName:
      - -g --gateway-name -n
      User-Agent:
      - python/3.7.4 (Linux-4.15.0-112-generic-x86_64-with-debian-buster-sid) msrest/0.6.18
        msrest_azure/0.6.3 azure-mgmt-network/12.0.0 Azure-SDK-For-Python AZURECLI/2.14.0
      accept-language:
      - en-US
    method: GET
    uri: https://management.azure.com/subscriptions/00000000-0000-0000-0000-000000000000/resourceGroups/cli_test_ag_http_listener000001/providers/Microsoft.Network/applicationGateways/ag1?api-version=2020-06-01
  response:
    body:
      string: "{\r\n  \"name\": \"ag1\",\r\n  \"id\": \"/subscriptions/00000000-0000-0000-0000-000000000000/resourceGroups/cli_test_ag_http_listener000001/providers/Microsoft.Network/applicationGateways/ag1\"\
        ,\r\n  \"etag\": \"W/\\\"2e9f959e-5d2d-41d3-90ea-0d6a6b3582eb\\\"\",\r\n \
        \ \"type\": \"Microsoft.Network/applicationGateways\",\r\n  \"location\":\
        \ \"westus\",\r\n  \"tags\": {},\r\n  \"properties\": {\r\n    \"provisioningState\"\
        : \"Updating\",\r\n    \"resourceGuid\": \"4163d964-469f-4b88-9c10-282b00f8736e\"\
        ,\r\n    \"sku\": {\r\n      \"name\": \"Standard_Medium\",\r\n      \"tier\"\
        : \"Standard\",\r\n      \"capacity\": 2\r\n    },\r\n    \"operationalState\"\
        : \"Stopped\",\r\n    \"gatewayIPConfigurations\": [\r\n      {\r\n      \
        \  \"name\": \"appGatewayPrivateFrontendIP\",\r\n        \"id\": \"/subscriptions/00000000-0000-0000-0000-000000000000/resourceGroups/cli_test_ag_http_listener000001/providers/Microsoft.Network/applicationGateways/ag1/gatewayIPConfigurations/appGatewayPrivateFrontendIP\"\
        ,\r\n        \"etag\": \"W/\\\"2e9f959e-5d2d-41d3-90ea-0d6a6b3582eb\\\"\"\
        ,\r\n        \"properties\": {\r\n          \"provisioningState\": \"Updating\"\
        ,\r\n          \"subnet\": {\r\n            \"id\": \"/subscriptions/00000000-0000-0000-0000-000000000000/resourceGroups/cli_test_ag_http_listener000001/providers/Microsoft.Network/virtualNetworks/ag1Vnet/subnets/default\"\
        \r\n          }\r\n        },\r\n        \"type\": \"Microsoft.Network/applicationGateways/gatewayIPConfigurations\"\
        \r\n      }\r\n    ],\r\n    \"sslCertificates\": [],\r\n    \"authenticationCertificates\"\
        : [],\r\n    \"frontendIPConfigurations\": [\r\n      {\r\n        \"name\"\
        : \"appGatewayPrivateFrontendIP\",\r\n        \"id\": \"/subscriptions/00000000-0000-0000-0000-000000000000/resourceGroups/cli_test_ag_http_listener000001/providers/Microsoft.Network/applicationGateways/ag1/frontendIPConfigurations/appGatewayPrivateFrontendIP\"\
        ,\r\n        \"etag\": \"W/\\\"2e9f959e-5d2d-41d3-90ea-0d6a6b3582eb\\\"\"\
        ,\r\n        \"type\": \"Microsoft.Network/applicationGateways/frontendIPConfigurations\"\
        ,\r\n        \"properties\": {\r\n          \"provisioningState\": \"Updating\"\
        ,\r\n          \"privateIPAllocationMethod\": \"Dynamic\",\r\n          \"\
        subnet\": {\r\n            \"id\": \"/subscriptions/00000000-0000-0000-0000-000000000000/resourceGroups/cli_test_ag_http_listener000001/providers/Microsoft.Network/virtualNetworks/ag1Vnet/subnets/default\"\
        \r\n          },\r\n          \"httpListeners\": [\r\n            {\r\n  \
        \            \"id\": \"/subscriptions/00000000-0000-0000-0000-000000000000/resourceGroups/cli_test_ag_http_listener000001/providers/Microsoft.Network/applicationGateways/ag1/httpListeners/appGatewayHttpListener\"\
        \r\n            },\r\n            {\r\n              \"id\": \"/subscriptions/00000000-0000-0000-0000-000000000000/resourceGroups/cli_test_ag_http_listener000001/providers/Microsoft.Network/applicationGateways/ag1/httpListeners/mylistener\"\
        \r\n            }\r\n          ]\r\n        }\r\n      }\r\n    ],\r\n   \
        \ \"frontendPorts\": [\r\n      {\r\n        \"name\": \"appGatewayFrontendPort\"\
        ,\r\n        \"id\": \"/subscriptions/00000000-0000-0000-0000-000000000000/resourceGroups/cli_test_ag_http_listener000001/providers/Microsoft.Network/applicationGateways/ag1/frontendPorts/appGatewayFrontendPort\"\
        ,\r\n        \"etag\": \"W/\\\"2e9f959e-5d2d-41d3-90ea-0d6a6b3582eb\\\"\"\
        ,\r\n        \"properties\": {\r\n          \"provisioningState\": \"Updating\"\
        ,\r\n          \"port\": 80,\r\n          \"httpListeners\": [\r\n       \
        \     {\r\n              \"id\": \"/subscriptions/00000000-0000-0000-0000-000000000000/resourceGroups/cli_test_ag_http_listener000001/providers/Microsoft.Network/applicationGateways/ag1/httpListeners/appGatewayHttpListener\"\
        \r\n            },\r\n            {\r\n              \"id\": \"/subscriptions/00000000-0000-0000-0000-000000000000/resourceGroups/cli_test_ag_http_listener000001/providers/Microsoft.Network/applicationGateways/ag1/httpListeners/mylistener\"\
        \r\n            }\r\n          ]\r\n        },\r\n        \"type\": \"Microsoft.Network/applicationGateways/frontendPorts\"\
        \r\n      }\r\n    ],\r\n    \"backendAddressPools\": [\r\n      {\r\n   \
        \     \"name\": \"appGatewayBackendPool\",\r\n        \"id\": \"/subscriptions/00000000-0000-0000-0000-000000000000/resourceGroups/cli_test_ag_http_listener000001/providers/Microsoft.Network/applicationGateways/ag1/backendAddressPools/appGatewayBackendPool\"\
        ,\r\n        \"etag\": \"W/\\\"2e9f959e-5d2d-41d3-90ea-0d6a6b3582eb\\\"\"\
        ,\r\n        \"properties\": {\r\n          \"provisioningState\": \"Updating\"\
        ,\r\n          \"backendAddresses\": [],\r\n          \"requestRoutingRules\"\
        : [\r\n            {\r\n              \"id\": \"/subscriptions/00000000-0000-0000-0000-000000000000/resourceGroups/cli_test_ag_http_listener000001/providers/Microsoft.Network/applicationGateways/ag1/requestRoutingRules/rule1\"\
        \r\n            }\r\n          ]\r\n        },\r\n        \"type\": \"Microsoft.Network/applicationGateways/backendAddressPools\"\
        \r\n      }\r\n    ],\r\n    \"backendHttpSettingsCollection\": [\r\n    \
        \  {\r\n        \"name\": \"appGatewayBackendHttpSettings\",\r\n        \"\
        id\": \"/subscriptions/00000000-0000-0000-0000-000000000000/resourceGroups/cli_test_ag_http_listener000001/providers/Microsoft.Network/applicationGateways/ag1/backendHttpSettingsCollection/appGatewayBackendHttpSettings\"\
        ,\r\n        \"etag\": \"W/\\\"2e9f959e-5d2d-41d3-90ea-0d6a6b3582eb\\\"\"\
        ,\r\n        \"properties\": {\r\n          \"provisioningState\": \"Updating\"\
        ,\r\n          \"port\": 80,\r\n          \"protocol\": \"Http\",\r\n    \
        \      \"cookieBasedAffinity\": \"Disabled\",\r\n          \"connectionDraining\"\
        : {\r\n            \"enabled\": false,\r\n            \"drainTimeoutInSec\"\
        : 1\r\n          },\r\n          \"pickHostNameFromBackendAddress\": false,\r\
        \n          \"requestTimeout\": 30,\r\n          \"requestRoutingRules\":\
        \ [\r\n            {\r\n              \"id\": \"/subscriptions/00000000-0000-0000-0000-000000000000/resourceGroups/cli_test_ag_http_listener000001/providers/Microsoft.Network/applicationGateways/ag1/requestRoutingRules/rule1\"\
        \r\n            }\r\n          ]\r\n        },\r\n        \"type\": \"Microsoft.Network/applicationGateways/backendHttpSettingsCollection\"\
        \r\n      }\r\n    ],\r\n    \"httpListeners\": [\r\n      {\r\n        \"\
        name\": \"appGatewayHttpListener\",\r\n        \"id\": \"/subscriptions/00000000-0000-0000-0000-000000000000/resourceGroups/cli_test_ag_http_listener000001/providers/Microsoft.Network/applicationGateways/ag1/httpListeners/appGatewayHttpListener\"\
        ,\r\n        \"etag\": \"W/\\\"2e9f959e-5d2d-41d3-90ea-0d6a6b3582eb\\\"\"\
        ,\r\n        \"properties\": {\r\n          \"provisioningState\": \"Updating\"\
        ,\r\n          \"frontendIPConfiguration\": {\r\n            \"id\": \"/subscriptions/00000000-0000-0000-0000-000000000000/resourceGroups/cli_test_ag_http_listener000001/providers/Microsoft.Network/applicationGateways/ag1/frontendIPConfigurations/appGatewayPrivateFrontendIP\"\
        \r\n          },\r\n          \"frontendPort\": {\r\n            \"id\": \"\
        /subscriptions/00000000-0000-0000-0000-000000000000/resourceGroups/cli_test_ag_http_listener000001/providers/Microsoft.Network/applicationGateways/ag1/frontendPorts/appGatewayFrontendPort\"\
        \r\n          },\r\n          \"protocol\": \"Http\",\r\n          \"hostNames\"\
        : [],\r\n          \"requireServerNameIndication\": false,\r\n          \"\
        requestRoutingRules\": [\r\n            {\r\n              \"id\": \"/subscriptions/00000000-0000-0000-0000-000000000000/resourceGroups/cli_test_ag_http_listener000001/providers/Microsoft.Network/applicationGateways/ag1/requestRoutingRules/rule1\"\
        \r\n            }\r\n          ]\r\n        },\r\n        \"type\": \"Microsoft.Network/applicationGateways/httpListeners\"\
        \r\n      },\r\n      {\r\n        \"name\": \"mylistener\",\r\n        \"\
        id\": \"/subscriptions/00000000-0000-0000-0000-000000000000/resourceGroups/cli_test_ag_http_listener000001/providers/Microsoft.Network/applicationGateways/ag1/httpListeners/mylistener\"\
        ,\r\n        \"etag\": \"W/\\\"2e9f959e-5d2d-41d3-90ea-0d6a6b3582eb\\\"\"\
        ,\r\n        \"properties\": {\r\n          \"provisioningState\": \"Updating\"\
        ,\r\n          \"frontendIPConfiguration\": {\r\n            \"id\": \"/subscriptions/00000000-0000-0000-0000-000000000000/resourceGroups/cli_test_ag_http_listener000001/providers/Microsoft.Network/applicationGateways/ag1/frontendIPConfigurations/appGatewayPrivateFrontendIP\"\
        \r\n          },\r\n          \"frontendPort\": {\r\n            \"id\": \"\
        /subscriptions/00000000-0000-0000-0000-000000000000/resourceGroups/cli_test_ag_http_listener000001/providers/Microsoft.Network/applicationGateways/ag1/frontendPorts/appGatewayFrontendPort\"\
        \r\n          },\r\n          \"protocol\": \"Http\",\r\n          \"hostName\"\
        : \"www.test2.com\",\r\n          \"hostNames\": [],\r\n          \"requireServerNameIndication\"\
        : false\r\n        },\r\n        \"type\": \"Microsoft.Network/applicationGateways/httpListeners\"\
        \r\n      }\r\n    ],\r\n    \"urlPathMaps\": [],\r\n    \"requestRoutingRules\"\
        : [\r\n      {\r\n        \"name\": \"rule1\",\r\n        \"id\": \"/subscriptions/00000000-0000-0000-0000-000000000000/resourceGroups/cli_test_ag_http_listener000001/providers/Microsoft.Network/applicationGateways/ag1/requestRoutingRules/rule1\"\
        ,\r\n        \"etag\": \"W/\\\"2e9f959e-5d2d-41d3-90ea-0d6a6b3582eb\\\"\"\
        ,\r\n        \"properties\": {\r\n          \"provisioningState\": \"Updating\"\
        ,\r\n          \"ruleType\": \"Basic\",\r\n          \"httpListener\": {\r\
        \n            \"id\": \"/subscriptions/00000000-0000-0000-0000-000000000000/resourceGroups/cli_test_ag_http_listener000001/providers/Microsoft.Network/applicationGateways/ag1/httpListeners/appGatewayHttpListener\"\
        \r\n          },\r\n          \"backendAddressPool\": {\r\n            \"\
        id\": \"/subscriptions/00000000-0000-0000-0000-000000000000/resourceGroups/cli_test_ag_http_listener000001/providers/Microsoft.Network/applicationGateways/ag1/backendAddressPools/appGatewayBackendPool\"\
        \r\n          },\r\n          \"backendHttpSettings\": {\r\n            \"\
        id\": \"/subscriptions/00000000-0000-0000-0000-000000000000/resourceGroups/cli_test_ag_http_listener000001/providers/Microsoft.Network/applicationGateways/ag1/backendHttpSettingsCollection/appGatewayBackendHttpSettings\"\
        \r\n          }\r\n        },\r\n        \"type\": \"Microsoft.Network/applicationGateways/requestRoutingRules\"\
        \r\n      }\r\n    ],\r\n    \"probes\": [],\r\n    \"rewriteRuleSets\": [],\r\
        \n    \"redirectConfigurations\": []\r\n  }\r\n}"
    headers:
      cache-control:
      - no-cache
      content-length:
      - '10940'
      content-type:
      - application/json; charset=utf-8
      date:
      - Wed, 04 Nov 2020 04:14:16 GMT
      etag:
      - W/"2e9f959e-5d2d-41d3-90ea-0d6a6b3582eb"
      expires:
      - '-1'
      pragma:
      - no-cache
      server:
      - Microsoft-HTTPAPI/2.0
      - Microsoft-HTTPAPI/2.0
      strict-transport-security:
      - max-age=31536000; includeSubDomains
      transfer-encoding:
      - chunked
      vary:
      - Accept-Encoding
      x-content-type-options:
      - nosniff
      x-ms-arm-service-request-id:
      - 911b623c-1ec6-4244-acff-4c50e62ec6f0
    status:
      code: 200
      message: OK
- request:
    body: null
    headers:
      Accept:
      - application/json
      Accept-Encoding:
      - gzip, deflate
      CommandName:
      - network application-gateway http-listener list
      Connection:
      - keep-alive
      ParameterSetName:
      - -g --gateway-name
      User-Agent:
      - python/3.7.4 (Linux-4.15.0-112-generic-x86_64-with-debian-buster-sid) msrest/0.6.18
        msrest_azure/0.6.3 azure-mgmt-network/12.0.0 Azure-SDK-For-Python AZURECLI/2.14.0
      accept-language:
      - en-US
    method: GET
    uri: https://management.azure.com/subscriptions/00000000-0000-0000-0000-000000000000/resourceGroups/cli_test_ag_http_listener000001/providers/Microsoft.Network/applicationGateways/ag1?api-version=2020-06-01
  response:
    body:
      string: "{\r\n  \"name\": \"ag1\",\r\n  \"id\": \"/subscriptions/00000000-0000-0000-0000-000000000000/resourceGroups/cli_test_ag_http_listener000001/providers/Microsoft.Network/applicationGateways/ag1\"\
        ,\r\n  \"etag\": \"W/\\\"2e9f959e-5d2d-41d3-90ea-0d6a6b3582eb\\\"\",\r\n \
        \ \"type\": \"Microsoft.Network/applicationGateways\",\r\n  \"location\":\
        \ \"westus\",\r\n  \"tags\": {},\r\n  \"properties\": {\r\n    \"provisioningState\"\
        : \"Updating\",\r\n    \"resourceGuid\": \"4163d964-469f-4b88-9c10-282b00f8736e\"\
        ,\r\n    \"sku\": {\r\n      \"name\": \"Standard_Medium\",\r\n      \"tier\"\
        : \"Standard\",\r\n      \"capacity\": 2\r\n    },\r\n    \"operationalState\"\
        : \"Stopped\",\r\n    \"gatewayIPConfigurations\": [\r\n      {\r\n      \
        \  \"name\": \"appGatewayPrivateFrontendIP\",\r\n        \"id\": \"/subscriptions/00000000-0000-0000-0000-000000000000/resourceGroups/cli_test_ag_http_listener000001/providers/Microsoft.Network/applicationGateways/ag1/gatewayIPConfigurations/appGatewayPrivateFrontendIP\"\
        ,\r\n        \"etag\": \"W/\\\"2e9f959e-5d2d-41d3-90ea-0d6a6b3582eb\\\"\"\
        ,\r\n        \"properties\": {\r\n          \"provisioningState\": \"Updating\"\
        ,\r\n          \"subnet\": {\r\n            \"id\": \"/subscriptions/00000000-0000-0000-0000-000000000000/resourceGroups/cli_test_ag_http_listener000001/providers/Microsoft.Network/virtualNetworks/ag1Vnet/subnets/default\"\
        \r\n          }\r\n        },\r\n        \"type\": \"Microsoft.Network/applicationGateways/gatewayIPConfigurations\"\
        \r\n      }\r\n    ],\r\n    \"sslCertificates\": [],\r\n    \"authenticationCertificates\"\
        : [],\r\n    \"frontendIPConfigurations\": [\r\n      {\r\n        \"name\"\
        : \"appGatewayPrivateFrontendIP\",\r\n        \"id\": \"/subscriptions/00000000-0000-0000-0000-000000000000/resourceGroups/cli_test_ag_http_listener000001/providers/Microsoft.Network/applicationGateways/ag1/frontendIPConfigurations/appGatewayPrivateFrontendIP\"\
        ,\r\n        \"etag\": \"W/\\\"2e9f959e-5d2d-41d3-90ea-0d6a6b3582eb\\\"\"\
        ,\r\n        \"type\": \"Microsoft.Network/applicationGateways/frontendIPConfigurations\"\
        ,\r\n        \"properties\": {\r\n          \"provisioningState\": \"Updating\"\
        ,\r\n          \"privateIPAllocationMethod\": \"Dynamic\",\r\n          \"\
        subnet\": {\r\n            \"id\": \"/subscriptions/00000000-0000-0000-0000-000000000000/resourceGroups/cli_test_ag_http_listener000001/providers/Microsoft.Network/virtualNetworks/ag1Vnet/subnets/default\"\
        \r\n          },\r\n          \"httpListeners\": [\r\n            {\r\n  \
        \            \"id\": \"/subscriptions/00000000-0000-0000-0000-000000000000/resourceGroups/cli_test_ag_http_listener000001/providers/Microsoft.Network/applicationGateways/ag1/httpListeners/appGatewayHttpListener\"\
        \r\n            },\r\n            {\r\n              \"id\": \"/subscriptions/00000000-0000-0000-0000-000000000000/resourceGroups/cli_test_ag_http_listener000001/providers/Microsoft.Network/applicationGateways/ag1/httpListeners/mylistener\"\
        \r\n            }\r\n          ]\r\n        }\r\n      }\r\n    ],\r\n   \
        \ \"frontendPorts\": [\r\n      {\r\n        \"name\": \"appGatewayFrontendPort\"\
        ,\r\n        \"id\": \"/subscriptions/00000000-0000-0000-0000-000000000000/resourceGroups/cli_test_ag_http_listener000001/providers/Microsoft.Network/applicationGateways/ag1/frontendPorts/appGatewayFrontendPort\"\
        ,\r\n        \"etag\": \"W/\\\"2e9f959e-5d2d-41d3-90ea-0d6a6b3582eb\\\"\"\
        ,\r\n        \"properties\": {\r\n          \"provisioningState\": \"Updating\"\
        ,\r\n          \"port\": 80,\r\n          \"httpListeners\": [\r\n       \
        \     {\r\n              \"id\": \"/subscriptions/00000000-0000-0000-0000-000000000000/resourceGroups/cli_test_ag_http_listener000001/providers/Microsoft.Network/applicationGateways/ag1/httpListeners/appGatewayHttpListener\"\
        \r\n            },\r\n            {\r\n              \"id\": \"/subscriptions/00000000-0000-0000-0000-000000000000/resourceGroups/cli_test_ag_http_listener000001/providers/Microsoft.Network/applicationGateways/ag1/httpListeners/mylistener\"\
        \r\n            }\r\n          ]\r\n        },\r\n        \"type\": \"Microsoft.Network/applicationGateways/frontendPorts\"\
        \r\n      }\r\n    ],\r\n    \"backendAddressPools\": [\r\n      {\r\n   \
        \     \"name\": \"appGatewayBackendPool\",\r\n        \"id\": \"/subscriptions/00000000-0000-0000-0000-000000000000/resourceGroups/cli_test_ag_http_listener000001/providers/Microsoft.Network/applicationGateways/ag1/backendAddressPools/appGatewayBackendPool\"\
        ,\r\n        \"etag\": \"W/\\\"2e9f959e-5d2d-41d3-90ea-0d6a6b3582eb\\\"\"\
        ,\r\n        \"properties\": {\r\n          \"provisioningState\": \"Updating\"\
        ,\r\n          \"backendAddresses\": [],\r\n          \"requestRoutingRules\"\
        : [\r\n            {\r\n              \"id\": \"/subscriptions/00000000-0000-0000-0000-000000000000/resourceGroups/cli_test_ag_http_listener000001/providers/Microsoft.Network/applicationGateways/ag1/requestRoutingRules/rule1\"\
        \r\n            }\r\n          ]\r\n        },\r\n        \"type\": \"Microsoft.Network/applicationGateways/backendAddressPools\"\
        \r\n      }\r\n    ],\r\n    \"backendHttpSettingsCollection\": [\r\n    \
        \  {\r\n        \"name\": \"appGatewayBackendHttpSettings\",\r\n        \"\
        id\": \"/subscriptions/00000000-0000-0000-0000-000000000000/resourceGroups/cli_test_ag_http_listener000001/providers/Microsoft.Network/applicationGateways/ag1/backendHttpSettingsCollection/appGatewayBackendHttpSettings\"\
        ,\r\n        \"etag\": \"W/\\\"2e9f959e-5d2d-41d3-90ea-0d6a6b3582eb\\\"\"\
        ,\r\n        \"properties\": {\r\n          \"provisioningState\": \"Updating\"\
        ,\r\n          \"port\": 80,\r\n          \"protocol\": \"Http\",\r\n    \
        \      \"cookieBasedAffinity\": \"Disabled\",\r\n          \"connectionDraining\"\
        : {\r\n            \"enabled\": false,\r\n            \"drainTimeoutInSec\"\
        : 1\r\n          },\r\n          \"pickHostNameFromBackendAddress\": false,\r\
        \n          \"requestTimeout\": 30,\r\n          \"requestRoutingRules\":\
        \ [\r\n            {\r\n              \"id\": \"/subscriptions/00000000-0000-0000-0000-000000000000/resourceGroups/cli_test_ag_http_listener000001/providers/Microsoft.Network/applicationGateways/ag1/requestRoutingRules/rule1\"\
        \r\n            }\r\n          ]\r\n        },\r\n        \"type\": \"Microsoft.Network/applicationGateways/backendHttpSettingsCollection\"\
        \r\n      }\r\n    ],\r\n    \"httpListeners\": [\r\n      {\r\n        \"\
        name\": \"appGatewayHttpListener\",\r\n        \"id\": \"/subscriptions/00000000-0000-0000-0000-000000000000/resourceGroups/cli_test_ag_http_listener000001/providers/Microsoft.Network/applicationGateways/ag1/httpListeners/appGatewayHttpListener\"\
        ,\r\n        \"etag\": \"W/\\\"2e9f959e-5d2d-41d3-90ea-0d6a6b3582eb\\\"\"\
        ,\r\n        \"properties\": {\r\n          \"provisioningState\": \"Updating\"\
        ,\r\n          \"frontendIPConfiguration\": {\r\n            \"id\": \"/subscriptions/00000000-0000-0000-0000-000000000000/resourceGroups/cli_test_ag_http_listener000001/providers/Microsoft.Network/applicationGateways/ag1/frontendIPConfigurations/appGatewayPrivateFrontendIP\"\
        \r\n          },\r\n          \"frontendPort\": {\r\n            \"id\": \"\
        /subscriptions/00000000-0000-0000-0000-000000000000/resourceGroups/cli_test_ag_http_listener000001/providers/Microsoft.Network/applicationGateways/ag1/frontendPorts/appGatewayFrontendPort\"\
        \r\n          },\r\n          \"protocol\": \"Http\",\r\n          \"hostNames\"\
        : [],\r\n          \"requireServerNameIndication\": false,\r\n          \"\
        requestRoutingRules\": [\r\n            {\r\n              \"id\": \"/subscriptions/00000000-0000-0000-0000-000000000000/resourceGroups/cli_test_ag_http_listener000001/providers/Microsoft.Network/applicationGateways/ag1/requestRoutingRules/rule1\"\
        \r\n            }\r\n          ]\r\n        },\r\n        \"type\": \"Microsoft.Network/applicationGateways/httpListeners\"\
        \r\n      },\r\n      {\r\n        \"name\": \"mylistener\",\r\n        \"\
        id\": \"/subscriptions/00000000-0000-0000-0000-000000000000/resourceGroups/cli_test_ag_http_listener000001/providers/Microsoft.Network/applicationGateways/ag1/httpListeners/mylistener\"\
        ,\r\n        \"etag\": \"W/\\\"2e9f959e-5d2d-41d3-90ea-0d6a6b3582eb\\\"\"\
        ,\r\n        \"properties\": {\r\n          \"provisioningState\": \"Updating\"\
        ,\r\n          \"frontendIPConfiguration\": {\r\n            \"id\": \"/subscriptions/00000000-0000-0000-0000-000000000000/resourceGroups/cli_test_ag_http_listener000001/providers/Microsoft.Network/applicationGateways/ag1/frontendIPConfigurations/appGatewayPrivateFrontendIP\"\
        \r\n          },\r\n          \"frontendPort\": {\r\n            \"id\": \"\
        /subscriptions/00000000-0000-0000-0000-000000000000/resourceGroups/cli_test_ag_http_listener000001/providers/Microsoft.Network/applicationGateways/ag1/frontendPorts/appGatewayFrontendPort\"\
        \r\n          },\r\n          \"protocol\": \"Http\",\r\n          \"hostName\"\
        : \"www.test2.com\",\r\n          \"hostNames\": [],\r\n          \"requireServerNameIndication\"\
        : false\r\n        },\r\n        \"type\": \"Microsoft.Network/applicationGateways/httpListeners\"\
        \r\n      }\r\n    ],\r\n    \"urlPathMaps\": [],\r\n    \"requestRoutingRules\"\
        : [\r\n      {\r\n        \"name\": \"rule1\",\r\n        \"id\": \"/subscriptions/00000000-0000-0000-0000-000000000000/resourceGroups/cli_test_ag_http_listener000001/providers/Microsoft.Network/applicationGateways/ag1/requestRoutingRules/rule1\"\
        ,\r\n        \"etag\": \"W/\\\"2e9f959e-5d2d-41d3-90ea-0d6a6b3582eb\\\"\"\
        ,\r\n        \"properties\": {\r\n          \"provisioningState\": \"Updating\"\
        ,\r\n          \"ruleType\": \"Basic\",\r\n          \"httpListener\": {\r\
        \n            \"id\": \"/subscriptions/00000000-0000-0000-0000-000000000000/resourceGroups/cli_test_ag_http_listener000001/providers/Microsoft.Network/applicationGateways/ag1/httpListeners/appGatewayHttpListener\"\
        \r\n          },\r\n          \"backendAddressPool\": {\r\n            \"\
        id\": \"/subscriptions/00000000-0000-0000-0000-000000000000/resourceGroups/cli_test_ag_http_listener000001/providers/Microsoft.Network/applicationGateways/ag1/backendAddressPools/appGatewayBackendPool\"\
        \r\n          },\r\n          \"backendHttpSettings\": {\r\n            \"\
        id\": \"/subscriptions/00000000-0000-0000-0000-000000000000/resourceGroups/cli_test_ag_http_listener000001/providers/Microsoft.Network/applicationGateways/ag1/backendHttpSettingsCollection/appGatewayBackendHttpSettings\"\
        \r\n          }\r\n        },\r\n        \"type\": \"Microsoft.Network/applicationGateways/requestRoutingRules\"\
        \r\n      }\r\n    ],\r\n    \"probes\": [],\r\n    \"rewriteRuleSets\": [],\r\
        \n    \"redirectConfigurations\": []\r\n  }\r\n}"
    headers:
      cache-control:
      - no-cache
      content-length:
      - '10940'
      content-type:
      - application/json; charset=utf-8
      date:
      - Wed, 04 Nov 2020 04:14:17 GMT
      etag:
      - W/"2e9f959e-5d2d-41d3-90ea-0d6a6b3582eb"
      expires:
      - '-1'
      pragma:
      - no-cache
      server:
      - Microsoft-HTTPAPI/2.0
      - Microsoft-HTTPAPI/2.0
      strict-transport-security:
      - max-age=31536000; includeSubDomains
      transfer-encoding:
      - chunked
      vary:
      - Accept-Encoding
      x-content-type-options:
      - nosniff
      x-ms-arm-service-request-id:
      - 176a8a7d-ca12-4ea9-a621-1d0048b6c2aa
    status:
      code: 200
      message: OK
- request:
    body: null
    headers:
      Accept:
      - application/json
      Accept-Encoding:
      - gzip, deflate
      CommandName:
      - network application-gateway http-listener delete
      Connection:
      - keep-alive
      ParameterSetName:
      - -g --gateway-name --no-wait -n
      User-Agent:
      - python/3.7.4 (Linux-4.15.0-112-generic-x86_64-with-debian-buster-sid) msrest/0.6.18
        msrest_azure/0.6.3 azure-mgmt-network/12.0.0 Azure-SDK-For-Python AZURECLI/2.14.0
      accept-language:
      - en-US
    method: GET
    uri: https://management.azure.com/subscriptions/00000000-0000-0000-0000-000000000000/resourceGroups/cli_test_ag_http_listener000001/providers/Microsoft.Network/applicationGateways/ag1?api-version=2020-06-01
  response:
    body:
      string: "{\r\n  \"name\": \"ag1\",\r\n  \"id\": \"/subscriptions/00000000-0000-0000-0000-000000000000/resourceGroups/cli_test_ag_http_listener000001/providers/Microsoft.Network/applicationGateways/ag1\"\
        ,\r\n  \"etag\": \"W/\\\"2e9f959e-5d2d-41d3-90ea-0d6a6b3582eb\\\"\",\r\n \
        \ \"type\": \"Microsoft.Network/applicationGateways\",\r\n  \"location\":\
        \ \"westus\",\r\n  \"tags\": {},\r\n  \"properties\": {\r\n    \"provisioningState\"\
        : \"Updating\",\r\n    \"resourceGuid\": \"4163d964-469f-4b88-9c10-282b00f8736e\"\
        ,\r\n    \"sku\": {\r\n      \"name\": \"Standard_Medium\",\r\n      \"tier\"\
        : \"Standard\",\r\n      \"capacity\": 2\r\n    },\r\n    \"operationalState\"\
        : \"Stopped\",\r\n    \"gatewayIPConfigurations\": [\r\n      {\r\n      \
        \  \"name\": \"appGatewayPrivateFrontendIP\",\r\n        \"id\": \"/subscriptions/00000000-0000-0000-0000-000000000000/resourceGroups/cli_test_ag_http_listener000001/providers/Microsoft.Network/applicationGateways/ag1/gatewayIPConfigurations/appGatewayPrivateFrontendIP\"\
        ,\r\n        \"etag\": \"W/\\\"2e9f959e-5d2d-41d3-90ea-0d6a6b3582eb\\\"\"\
        ,\r\n        \"properties\": {\r\n          \"provisioningState\": \"Updating\"\
        ,\r\n          \"subnet\": {\r\n            \"id\": \"/subscriptions/00000000-0000-0000-0000-000000000000/resourceGroups/cli_test_ag_http_listener000001/providers/Microsoft.Network/virtualNetworks/ag1Vnet/subnets/default\"\
        \r\n          }\r\n        },\r\n        \"type\": \"Microsoft.Network/applicationGateways/gatewayIPConfigurations\"\
        \r\n      }\r\n    ],\r\n    \"sslCertificates\": [],\r\n    \"authenticationCertificates\"\
        : [],\r\n    \"frontendIPConfigurations\": [\r\n      {\r\n        \"name\"\
        : \"appGatewayPrivateFrontendIP\",\r\n        \"id\": \"/subscriptions/00000000-0000-0000-0000-000000000000/resourceGroups/cli_test_ag_http_listener000001/providers/Microsoft.Network/applicationGateways/ag1/frontendIPConfigurations/appGatewayPrivateFrontendIP\"\
        ,\r\n        \"etag\": \"W/\\\"2e9f959e-5d2d-41d3-90ea-0d6a6b3582eb\\\"\"\
        ,\r\n        \"type\": \"Microsoft.Network/applicationGateways/frontendIPConfigurations\"\
        ,\r\n        \"properties\": {\r\n          \"provisioningState\": \"Updating\"\
        ,\r\n          \"privateIPAllocationMethod\": \"Dynamic\",\r\n          \"\
        subnet\": {\r\n            \"id\": \"/subscriptions/00000000-0000-0000-0000-000000000000/resourceGroups/cli_test_ag_http_listener000001/providers/Microsoft.Network/virtualNetworks/ag1Vnet/subnets/default\"\
        \r\n          },\r\n          \"httpListeners\": [\r\n            {\r\n  \
        \            \"id\": \"/subscriptions/00000000-0000-0000-0000-000000000000/resourceGroups/cli_test_ag_http_listener000001/providers/Microsoft.Network/applicationGateways/ag1/httpListeners/appGatewayHttpListener\"\
        \r\n            },\r\n            {\r\n              \"id\": \"/subscriptions/00000000-0000-0000-0000-000000000000/resourceGroups/cli_test_ag_http_listener000001/providers/Microsoft.Network/applicationGateways/ag1/httpListeners/mylistener\"\
        \r\n            }\r\n          ]\r\n        }\r\n      }\r\n    ],\r\n   \
        \ \"frontendPorts\": [\r\n      {\r\n        \"name\": \"appGatewayFrontendPort\"\
        ,\r\n        \"id\": \"/subscriptions/00000000-0000-0000-0000-000000000000/resourceGroups/cli_test_ag_http_listener000001/providers/Microsoft.Network/applicationGateways/ag1/frontendPorts/appGatewayFrontendPort\"\
        ,\r\n        \"etag\": \"W/\\\"2e9f959e-5d2d-41d3-90ea-0d6a6b3582eb\\\"\"\
        ,\r\n        \"properties\": {\r\n          \"provisioningState\": \"Updating\"\
        ,\r\n          \"port\": 80,\r\n          \"httpListeners\": [\r\n       \
        \     {\r\n              \"id\": \"/subscriptions/00000000-0000-0000-0000-000000000000/resourceGroups/cli_test_ag_http_listener000001/providers/Microsoft.Network/applicationGateways/ag1/httpListeners/appGatewayHttpListener\"\
        \r\n            },\r\n            {\r\n              \"id\": \"/subscriptions/00000000-0000-0000-0000-000000000000/resourceGroups/cli_test_ag_http_listener000001/providers/Microsoft.Network/applicationGateways/ag1/httpListeners/mylistener\"\
        \r\n            }\r\n          ]\r\n        },\r\n        \"type\": \"Microsoft.Network/applicationGateways/frontendPorts\"\
        \r\n      }\r\n    ],\r\n    \"backendAddressPools\": [\r\n      {\r\n   \
        \     \"name\": \"appGatewayBackendPool\",\r\n        \"id\": \"/subscriptions/00000000-0000-0000-0000-000000000000/resourceGroups/cli_test_ag_http_listener000001/providers/Microsoft.Network/applicationGateways/ag1/backendAddressPools/appGatewayBackendPool\"\
        ,\r\n        \"etag\": \"W/\\\"2e9f959e-5d2d-41d3-90ea-0d6a6b3582eb\\\"\"\
        ,\r\n        \"properties\": {\r\n          \"provisioningState\": \"Updating\"\
        ,\r\n          \"backendAddresses\": [],\r\n          \"requestRoutingRules\"\
        : [\r\n            {\r\n              \"id\": \"/subscriptions/00000000-0000-0000-0000-000000000000/resourceGroups/cli_test_ag_http_listener000001/providers/Microsoft.Network/applicationGateways/ag1/requestRoutingRules/rule1\"\
        \r\n            }\r\n          ]\r\n        },\r\n        \"type\": \"Microsoft.Network/applicationGateways/backendAddressPools\"\
        \r\n      }\r\n    ],\r\n    \"backendHttpSettingsCollection\": [\r\n    \
        \  {\r\n        \"name\": \"appGatewayBackendHttpSettings\",\r\n        \"\
        id\": \"/subscriptions/00000000-0000-0000-0000-000000000000/resourceGroups/cli_test_ag_http_listener000001/providers/Microsoft.Network/applicationGateways/ag1/backendHttpSettingsCollection/appGatewayBackendHttpSettings\"\
        ,\r\n        \"etag\": \"W/\\\"2e9f959e-5d2d-41d3-90ea-0d6a6b3582eb\\\"\"\
        ,\r\n        \"properties\": {\r\n          \"provisioningState\": \"Updating\"\
        ,\r\n          \"port\": 80,\r\n          \"protocol\": \"Http\",\r\n    \
        \      \"cookieBasedAffinity\": \"Disabled\",\r\n          \"connectionDraining\"\
        : {\r\n            \"enabled\": false,\r\n            \"drainTimeoutInSec\"\
        : 1\r\n          },\r\n          \"pickHostNameFromBackendAddress\": false,\r\
        \n          \"requestTimeout\": 30,\r\n          \"requestRoutingRules\":\
        \ [\r\n            {\r\n              \"id\": \"/subscriptions/00000000-0000-0000-0000-000000000000/resourceGroups/cli_test_ag_http_listener000001/providers/Microsoft.Network/applicationGateways/ag1/requestRoutingRules/rule1\"\
        \r\n            }\r\n          ]\r\n        },\r\n        \"type\": \"Microsoft.Network/applicationGateways/backendHttpSettingsCollection\"\
        \r\n      }\r\n    ],\r\n    \"httpListeners\": [\r\n      {\r\n        \"\
        name\": \"appGatewayHttpListener\",\r\n        \"id\": \"/subscriptions/00000000-0000-0000-0000-000000000000/resourceGroups/cli_test_ag_http_listener000001/providers/Microsoft.Network/applicationGateways/ag1/httpListeners/appGatewayHttpListener\"\
        ,\r\n        \"etag\": \"W/\\\"2e9f959e-5d2d-41d3-90ea-0d6a6b3582eb\\\"\"\
        ,\r\n        \"properties\": {\r\n          \"provisioningState\": \"Updating\"\
        ,\r\n          \"frontendIPConfiguration\": {\r\n            \"id\": \"/subscriptions/00000000-0000-0000-0000-000000000000/resourceGroups/cli_test_ag_http_listener000001/providers/Microsoft.Network/applicationGateways/ag1/frontendIPConfigurations/appGatewayPrivateFrontendIP\"\
        \r\n          },\r\n          \"frontendPort\": {\r\n            \"id\": \"\
        /subscriptions/00000000-0000-0000-0000-000000000000/resourceGroups/cli_test_ag_http_listener000001/providers/Microsoft.Network/applicationGateways/ag1/frontendPorts/appGatewayFrontendPort\"\
        \r\n          },\r\n          \"protocol\": \"Http\",\r\n          \"hostNames\"\
        : [],\r\n          \"requireServerNameIndication\": false,\r\n          \"\
        requestRoutingRules\": [\r\n            {\r\n              \"id\": \"/subscriptions/00000000-0000-0000-0000-000000000000/resourceGroups/cli_test_ag_http_listener000001/providers/Microsoft.Network/applicationGateways/ag1/requestRoutingRules/rule1\"\
        \r\n            }\r\n          ]\r\n        },\r\n        \"type\": \"Microsoft.Network/applicationGateways/httpListeners\"\
        \r\n      },\r\n      {\r\n        \"name\": \"mylistener\",\r\n        \"\
        id\": \"/subscriptions/00000000-0000-0000-0000-000000000000/resourceGroups/cli_test_ag_http_listener000001/providers/Microsoft.Network/applicationGateways/ag1/httpListeners/mylistener\"\
        ,\r\n        \"etag\": \"W/\\\"2e9f959e-5d2d-41d3-90ea-0d6a6b3582eb\\\"\"\
        ,\r\n        \"properties\": {\r\n          \"provisioningState\": \"Updating\"\
        ,\r\n          \"frontendIPConfiguration\": {\r\n            \"id\": \"/subscriptions/00000000-0000-0000-0000-000000000000/resourceGroups/cli_test_ag_http_listener000001/providers/Microsoft.Network/applicationGateways/ag1/frontendIPConfigurations/appGatewayPrivateFrontendIP\"\
        \r\n          },\r\n          \"frontendPort\": {\r\n            \"id\": \"\
        /subscriptions/00000000-0000-0000-0000-000000000000/resourceGroups/cli_test_ag_http_listener000001/providers/Microsoft.Network/applicationGateways/ag1/frontendPorts/appGatewayFrontendPort\"\
        \r\n          },\r\n          \"protocol\": \"Http\",\r\n          \"hostName\"\
        : \"www.test2.com\",\r\n          \"hostNames\": [],\r\n          \"requireServerNameIndication\"\
        : false\r\n        },\r\n        \"type\": \"Microsoft.Network/applicationGateways/httpListeners\"\
        \r\n      }\r\n    ],\r\n    \"urlPathMaps\": [],\r\n    \"requestRoutingRules\"\
        : [\r\n      {\r\n        \"name\": \"rule1\",\r\n        \"id\": \"/subscriptions/00000000-0000-0000-0000-000000000000/resourceGroups/cli_test_ag_http_listener000001/providers/Microsoft.Network/applicationGateways/ag1/requestRoutingRules/rule1\"\
        ,\r\n        \"etag\": \"W/\\\"2e9f959e-5d2d-41d3-90ea-0d6a6b3582eb\\\"\"\
        ,\r\n        \"properties\": {\r\n          \"provisioningState\": \"Updating\"\
        ,\r\n          \"ruleType\": \"Basic\",\r\n          \"httpListener\": {\r\
        \n            \"id\": \"/subscriptions/00000000-0000-0000-0000-000000000000/resourceGroups/cli_test_ag_http_listener000001/providers/Microsoft.Network/applicationGateways/ag1/httpListeners/appGatewayHttpListener\"\
        \r\n          },\r\n          \"backendAddressPool\": {\r\n            \"\
        id\": \"/subscriptions/00000000-0000-0000-0000-000000000000/resourceGroups/cli_test_ag_http_listener000001/providers/Microsoft.Network/applicationGateways/ag1/backendAddressPools/appGatewayBackendPool\"\
        \r\n          },\r\n          \"backendHttpSettings\": {\r\n            \"\
        id\": \"/subscriptions/00000000-0000-0000-0000-000000000000/resourceGroups/cli_test_ag_http_listener000001/providers/Microsoft.Network/applicationGateways/ag1/backendHttpSettingsCollection/appGatewayBackendHttpSettings\"\
        \r\n          }\r\n        },\r\n        \"type\": \"Microsoft.Network/applicationGateways/requestRoutingRules\"\
        \r\n      }\r\n    ],\r\n    \"probes\": [],\r\n    \"rewriteRuleSets\": [],\r\
        \n    \"redirectConfigurations\": []\r\n  }\r\n}"
    headers:
      cache-control:
      - no-cache
      content-length:
      - '10940'
      content-type:
      - application/json; charset=utf-8
      date:
      - Wed, 04 Nov 2020 04:14:18 GMT
      etag:
      - W/"2e9f959e-5d2d-41d3-90ea-0d6a6b3582eb"
      expires:
      - '-1'
      pragma:
      - no-cache
      server:
      - Microsoft-HTTPAPI/2.0
      - Microsoft-HTTPAPI/2.0
      strict-transport-security:
      - max-age=31536000; includeSubDomains
      transfer-encoding:
      - chunked
      vary:
      - Accept-Encoding
      x-content-type-options:
      - nosniff
      x-ms-arm-service-request-id:
      - 22804bd5-8ad5-4afe-82b5-0eb12742ce6a
    status:
      code: 200
      message: OK
- request:
    body: '{"id": "/subscriptions/00000000-0000-0000-0000-000000000000/resourceGroups/cli_test_ag_http_listener000001/providers/Microsoft.Network/applicationGateways/ag1",
      "location": "westus", "tags": {}, "properties": {"sku": {"name": "Standard_Medium",
      "tier": "Standard", "capacity": 2}, "gatewayIPConfigurations": [{"id": "/subscriptions/00000000-0000-0000-0000-000000000000/resourceGroups/cli_test_ag_http_listener000001/providers/Microsoft.Network/applicationGateways/ag1/gatewayIPConfigurations/appGatewayPrivateFrontendIP",
      "properties": {"subnet": {"id": "/subscriptions/00000000-0000-0000-0000-000000000000/resourceGroups/cli_test_ag_http_listener000001/providers/Microsoft.Network/virtualNetworks/ag1Vnet/subnets/default"}},
      "name": "appGatewayPrivateFrontendIP"}], "authenticationCertificates": [], "sslCertificates":
      [], "frontendIPConfigurations": [{"id": "/subscriptions/00000000-0000-0000-0000-000000000000/resourceGroups/cli_test_ag_http_listener000001/providers/Microsoft.Network/applicationGateways/ag1/frontendIPConfigurations/appGatewayPrivateFrontendIP",
      "properties": {"privateIPAllocationMethod": "Dynamic", "subnet": {"id": "/subscriptions/00000000-0000-0000-0000-000000000000/resourceGroups/cli_test_ag_http_listener000001/providers/Microsoft.Network/virtualNetworks/ag1Vnet/subnets/default"}},
      "name": "appGatewayPrivateFrontendIP"}], "frontendPorts": [{"id": "/subscriptions/00000000-0000-0000-0000-000000000000/resourceGroups/cli_test_ag_http_listener000001/providers/Microsoft.Network/applicationGateways/ag1/frontendPorts/appGatewayFrontendPort",
      "properties": {"port": 80}, "name": "appGatewayFrontendPort"}], "probes": [],
      "backendAddressPools": [{"id": "/subscriptions/00000000-0000-0000-0000-000000000000/resourceGroups/cli_test_ag_http_listener000001/providers/Microsoft.Network/applicationGateways/ag1/backendAddressPools/appGatewayBackendPool",
      "properties": {"backendAddresses": []}, "name": "appGatewayBackendPool"}], "backendHttpSettingsCollection":
      [{"id": "/subscriptions/00000000-0000-0000-0000-000000000000/resourceGroups/cli_test_ag_http_listener000001/providers/Microsoft.Network/applicationGateways/ag1/backendHttpSettingsCollection/appGatewayBackendHttpSettings",
      "properties": {"port": 80, "protocol": "Http", "cookieBasedAffinity": "Disabled",
      "requestTimeout": 30, "connectionDraining": {"enabled": false, "drainTimeoutInSec":
      1}, "pickHostNameFromBackendAddress": false}, "name": "appGatewayBackendHttpSettings"}],
      "httpListeners": [{"id": "/subscriptions/00000000-0000-0000-0000-000000000000/resourceGroups/cli_test_ag_http_listener000001/providers/Microsoft.Network/applicationGateways/ag1/httpListeners/appGatewayHttpListener",
      "properties": {"frontendIPConfiguration": {"id": "/subscriptions/00000000-0000-0000-0000-000000000000/resourceGroups/cli_test_ag_http_listener000001/providers/Microsoft.Network/applicationGateways/ag1/frontendIPConfigurations/appGatewayPrivateFrontendIP"},
      "frontendPort": {"id": "/subscriptions/00000000-0000-0000-0000-000000000000/resourceGroups/cli_test_ag_http_listener000001/providers/Microsoft.Network/applicationGateways/ag1/frontendPorts/appGatewayFrontendPort"},
      "protocol": "Http", "requireServerNameIndication": false, "hostNames": []},
      "name": "appGatewayHttpListener"}], "urlPathMaps": [], "requestRoutingRules":
      [{"id": "/subscriptions/00000000-0000-0000-0000-000000000000/resourceGroups/cli_test_ag_http_listener000001/providers/Microsoft.Network/applicationGateways/ag1/requestRoutingRules/rule1",
      "properties": {"ruleType": "Basic", "backendAddressPool": {"id": "/subscriptions/00000000-0000-0000-0000-000000000000/resourceGroups/cli_test_ag_http_listener000001/providers/Microsoft.Network/applicationGateways/ag1/backendAddressPools/appGatewayBackendPool"},
      "backendHttpSettings": {"id": "/subscriptions/00000000-0000-0000-0000-000000000000/resourceGroups/cli_test_ag_http_listener000001/providers/Microsoft.Network/applicationGateways/ag1/backendHttpSettingsCollection/appGatewayBackendHttpSettings"},
      "httpListener": {"id": "/subscriptions/00000000-0000-0000-0000-000000000000/resourceGroups/cli_test_ag_http_listener000001/providers/Microsoft.Network/applicationGateways/ag1/httpListeners/appGatewayHttpListener"}},
      "name": "rule1"}], "rewriteRuleSets": [], "redirectConfigurations": []}}'
    headers:
      Accept:
      - application/json
      Accept-Encoding:
      - gzip, deflate
      CommandName:
      - network application-gateway http-listener delete
      Connection:
      - keep-alive
      Content-Length:
      - '4943'
      Content-Type:
      - application/json; charset=utf-8
      ParameterSetName:
      - -g --gateway-name --no-wait -n
      User-Agent:
      - python/3.7.4 (Linux-4.15.0-112-generic-x86_64-with-debian-buster-sid) msrest/0.6.18
        msrest_azure/0.6.3 azure-mgmt-network/12.0.0 Azure-SDK-For-Python AZURECLI/2.14.0
      accept-language:
      - en-US
    method: PUT
    uri: https://management.azure.com/subscriptions/00000000-0000-0000-0000-000000000000/resourceGroups/cli_test_ag_http_listener000001/providers/Microsoft.Network/applicationGateways/ag1?api-version=2020-06-01
  response:
    body:
      string: "{\r\n  \"name\": \"ag1\",\r\n  \"id\": \"/subscriptions/00000000-0000-0000-0000-000000000000/resourceGroups/cli_test_ag_http_listener000001/providers/Microsoft.Network/applicationGateways/ag1\"\
        ,\r\n  \"etag\": \"W/\\\"e056db87-ddd3-4725-961a-9563b8137ffc\\\"\",\r\n \
        \ \"type\": \"Microsoft.Network/applicationGateways\",\r\n  \"location\":\
        \ \"westus\",\r\n  \"tags\": {},\r\n  \"properties\": {\r\n    \"provisioningState\"\
        : \"Updating\",\r\n    \"resourceGuid\": \"4163d964-469f-4b88-9c10-282b00f8736e\"\
        ,\r\n    \"sku\": {\r\n      \"name\": \"Standard_Medium\",\r\n      \"tier\"\
        : \"Standard\",\r\n      \"capacity\": 2\r\n    },\r\n    \"operationalState\"\
        : \"Stopped\",\r\n    \"gatewayIPConfigurations\": [\r\n      {\r\n      \
        \  \"name\": \"appGatewayPrivateFrontendIP\",\r\n        \"id\": \"/subscriptions/00000000-0000-0000-0000-000000000000/resourceGroups/cli_test_ag_http_listener000001/providers/Microsoft.Network/applicationGateways/ag1/gatewayIPConfigurations/appGatewayPrivateFrontendIP\"\
        ,\r\n        \"etag\": \"W/\\\"e056db87-ddd3-4725-961a-9563b8137ffc\\\"\"\
        ,\r\n        \"properties\": {\r\n          \"provisioningState\": \"Updating\"\
        ,\r\n          \"subnet\": {\r\n            \"id\": \"/subscriptions/00000000-0000-0000-0000-000000000000/resourceGroups/cli_test_ag_http_listener000001/providers/Microsoft.Network/virtualNetworks/ag1Vnet/subnets/default\"\
        \r\n          }\r\n        },\r\n        \"type\": \"Microsoft.Network/applicationGateways/gatewayIPConfigurations\"\
        \r\n      }\r\n    ],\r\n    \"sslCertificates\": [],\r\n    \"authenticationCertificates\"\
        : [],\r\n    \"frontendIPConfigurations\": [\r\n      {\r\n        \"name\"\
        : \"appGatewayPrivateFrontendIP\",\r\n        \"id\": \"/subscriptions/00000000-0000-0000-0000-000000000000/resourceGroups/cli_test_ag_http_listener000001/providers/Microsoft.Network/applicationGateways/ag1/frontendIPConfigurations/appGatewayPrivateFrontendIP\"\
        ,\r\n        \"etag\": \"W/\\\"e056db87-ddd3-4725-961a-9563b8137ffc\\\"\"\
        ,\r\n        \"type\": \"Microsoft.Network/applicationGateways/frontendIPConfigurations\"\
        ,\r\n        \"properties\": {\r\n          \"provisioningState\": \"Updating\"\
        ,\r\n          \"privateIPAllocationMethod\": \"Dynamic\",\r\n          \"\
        subnet\": {\r\n            \"id\": \"/subscriptions/00000000-0000-0000-0000-000000000000/resourceGroups/cli_test_ag_http_listener000001/providers/Microsoft.Network/virtualNetworks/ag1Vnet/subnets/default\"\
        \r\n          },\r\n          \"httpListeners\": [\r\n            {\r\n  \
        \            \"id\": \"/subscriptions/00000000-0000-0000-0000-000000000000/resourceGroups/cli_test_ag_http_listener000001/providers/Microsoft.Network/applicationGateways/ag1/httpListeners/appGatewayHttpListener\"\
        \r\n            }\r\n          ]\r\n        }\r\n      }\r\n    ],\r\n   \
        \ \"frontendPorts\": [\r\n      {\r\n        \"name\": \"appGatewayFrontendPort\"\
        ,\r\n        \"id\": \"/subscriptions/00000000-0000-0000-0000-000000000000/resourceGroups/cli_test_ag_http_listener000001/providers/Microsoft.Network/applicationGateways/ag1/frontendPorts/appGatewayFrontendPort\"\
        ,\r\n        \"etag\": \"W/\\\"e056db87-ddd3-4725-961a-9563b8137ffc\\\"\"\
        ,\r\n        \"properties\": {\r\n          \"provisioningState\": \"Updating\"\
        ,\r\n          \"port\": 80,\r\n          \"httpListeners\": [\r\n       \
        \     {\r\n              \"id\": \"/subscriptions/00000000-0000-0000-0000-000000000000/resourceGroups/cli_test_ag_http_listener000001/providers/Microsoft.Network/applicationGateways/ag1/httpListeners/appGatewayHttpListener\"\
        \r\n            }\r\n          ]\r\n        },\r\n        \"type\": \"Microsoft.Network/applicationGateways/frontendPorts\"\
        \r\n      }\r\n    ],\r\n    \"backendAddressPools\": [\r\n      {\r\n   \
        \     \"name\": \"appGatewayBackendPool\",\r\n        \"id\": \"/subscriptions/00000000-0000-0000-0000-000000000000/resourceGroups/cli_test_ag_http_listener000001/providers/Microsoft.Network/applicationGateways/ag1/backendAddressPools/appGatewayBackendPool\"\
        ,\r\n        \"etag\": \"W/\\\"e056db87-ddd3-4725-961a-9563b8137ffc\\\"\"\
        ,\r\n        \"properties\": {\r\n          \"provisioningState\": \"Updating\"\
        ,\r\n          \"backendAddresses\": [],\r\n          \"requestRoutingRules\"\
        : [\r\n            {\r\n              \"id\": \"/subscriptions/00000000-0000-0000-0000-000000000000/resourceGroups/cli_test_ag_http_listener000001/providers/Microsoft.Network/applicationGateways/ag1/requestRoutingRules/rule1\"\
        \r\n            }\r\n          ]\r\n        },\r\n        \"type\": \"Microsoft.Network/applicationGateways/backendAddressPools\"\
        \r\n      }\r\n    ],\r\n    \"backendHttpSettingsCollection\": [\r\n    \
        \  {\r\n        \"name\": \"appGatewayBackendHttpSettings\",\r\n        \"\
        id\": \"/subscriptions/00000000-0000-0000-0000-000000000000/resourceGroups/cli_test_ag_http_listener000001/providers/Microsoft.Network/applicationGateways/ag1/backendHttpSettingsCollection/appGatewayBackendHttpSettings\"\
        ,\r\n        \"etag\": \"W/\\\"e056db87-ddd3-4725-961a-9563b8137ffc\\\"\"\
        ,\r\n        \"properties\": {\r\n          \"provisioningState\": \"Updating\"\
        ,\r\n          \"port\": 80,\r\n          \"protocol\": \"Http\",\r\n    \
        \      \"cookieBasedAffinity\": \"Disabled\",\r\n          \"connectionDraining\"\
        : {\r\n            \"enabled\": false,\r\n            \"drainTimeoutInSec\"\
        : 1\r\n          },\r\n          \"pickHostNameFromBackendAddress\": false,\r\
        \n          \"requestTimeout\": 30,\r\n          \"requestRoutingRules\":\
        \ [\r\n            {\r\n              \"id\": \"/subscriptions/00000000-0000-0000-0000-000000000000/resourceGroups/cli_test_ag_http_listener000001/providers/Microsoft.Network/applicationGateways/ag1/requestRoutingRules/rule1\"\
        \r\n            }\r\n          ]\r\n        },\r\n        \"type\": \"Microsoft.Network/applicationGateways/backendHttpSettingsCollection\"\
        \r\n      }\r\n    ],\r\n    \"httpListeners\": [\r\n      {\r\n        \"\
        name\": \"appGatewayHttpListener\",\r\n        \"id\": \"/subscriptions/00000000-0000-0000-0000-000000000000/resourceGroups/cli_test_ag_http_listener000001/providers/Microsoft.Network/applicationGateways/ag1/httpListeners/appGatewayHttpListener\"\
        ,\r\n        \"etag\": \"W/\\\"e056db87-ddd3-4725-961a-9563b8137ffc\\\"\"\
        ,\r\n        \"properties\": {\r\n          \"provisioningState\": \"Updating\"\
        ,\r\n          \"frontendIPConfiguration\": {\r\n            \"id\": \"/subscriptions/00000000-0000-0000-0000-000000000000/resourceGroups/cli_test_ag_http_listener000001/providers/Microsoft.Network/applicationGateways/ag1/frontendIPConfigurations/appGatewayPrivateFrontendIP\"\
        \r\n          },\r\n          \"frontendPort\": {\r\n            \"id\": \"\
        /subscriptions/00000000-0000-0000-0000-000000000000/resourceGroups/cli_test_ag_http_listener000001/providers/Microsoft.Network/applicationGateways/ag1/frontendPorts/appGatewayFrontendPort\"\
        \r\n          },\r\n          \"protocol\": \"Http\",\r\n          \"hostNames\"\
        : [],\r\n          \"requireServerNameIndication\": false,\r\n          \"\
        requestRoutingRules\": [\r\n            {\r\n              \"id\": \"/subscriptions/00000000-0000-0000-0000-000000000000/resourceGroups/cli_test_ag_http_listener000001/providers/Microsoft.Network/applicationGateways/ag1/requestRoutingRules/rule1\"\
        \r\n            }\r\n          ]\r\n        },\r\n        \"type\": \"Microsoft.Network/applicationGateways/httpListeners\"\
        \r\n      }\r\n    ],\r\n    \"urlPathMaps\": [],\r\n    \"requestRoutingRules\"\
        : [\r\n      {\r\n        \"name\": \"rule1\",\r\n        \"id\": \"/subscriptions/00000000-0000-0000-0000-000000000000/resourceGroups/cli_test_ag_http_listener000001/providers/Microsoft.Network/applicationGateways/ag1/requestRoutingRules/rule1\"\
        ,\r\n        \"etag\": \"W/\\\"e056db87-ddd3-4725-961a-9563b8137ffc\\\"\"\
        ,\r\n        \"properties\": {\r\n          \"provisioningState\": \"Updating\"\
        ,\r\n          \"ruleType\": \"Basic\",\r\n          \"httpListener\": {\r\
        \n            \"id\": \"/subscriptions/00000000-0000-0000-0000-000000000000/resourceGroups/cli_test_ag_http_listener000001/providers/Microsoft.Network/applicationGateways/ag1/httpListeners/appGatewayHttpListener\"\
        \r\n          },\r\n          \"backendAddressPool\": {\r\n            \"\
        id\": \"/subscriptions/00000000-0000-0000-0000-000000000000/resourceGroups/cli_test_ag_http_listener000001/providers/Microsoft.Network/applicationGateways/ag1/backendAddressPools/appGatewayBackendPool\"\
        \r\n          },\r\n          \"backendHttpSettings\": {\r\n            \"\
        id\": \"/subscriptions/00000000-0000-0000-0000-000000000000/resourceGroups/cli_test_ag_http_listener000001/providers/Microsoft.Network/applicationGateways/ag1/backendHttpSettingsCollection/appGatewayBackendHttpSettings\"\
        \r\n          }\r\n        },\r\n        \"type\": \"Microsoft.Network/applicationGateways/requestRoutingRules\"\
        \r\n      }\r\n    ],\r\n    \"probes\": [],\r\n    \"rewriteRuleSets\": [],\r\
        \n    \"redirectConfigurations\": []\r\n  }\r\n}"
    headers:
      azure-asyncoperation:
      - https://management.azure.com/subscriptions/00000000-0000-0000-0000-000000000000/providers/Microsoft.Network/locations/westus/operations/07d26012-7340-43f9-9780-da49911f6096?api-version=2020-06-01
      cache-control:
      - no-cache
      content-length:
      - '9123'
      content-type:
      - application/json; charset=utf-8
      date:
      - Wed, 04 Nov 2020 04:14:18 GMT
      expires:
      - '-1'
      pragma:
      - no-cache
      server:
      - Microsoft-HTTPAPI/2.0
      - Microsoft-HTTPAPI/2.0
      strict-transport-security:
      - max-age=31536000; includeSubDomains
      transfer-encoding:
      - chunked
      vary:
      - Accept-Encoding
      x-content-type-options:
      - nosniff
      x-ms-arm-service-request-id:
      - 538a4a59-b359-4808-aa75-70295e662dbf
      x-ms-ratelimit-remaining-subscription-writes:
      - '1195'
    status:
      code: 200
      message: OK
- request:
    body: null
    headers:
      Accept:
      - application/json
      Accept-Encoding:
      - gzip, deflate
      CommandName:
      - network application-gateway http-listener list
      Connection:
      - keep-alive
      ParameterSetName:
      - -g --gateway-name
      User-Agent:
      - python/3.7.4 (Linux-4.15.0-112-generic-x86_64-with-debian-buster-sid) msrest/0.6.18
        msrest_azure/0.6.3 azure-mgmt-network/12.0.0 Azure-SDK-For-Python AZURECLI/2.14.0
      accept-language:
      - en-US
    method: GET
    uri: https://management.azure.com/subscriptions/00000000-0000-0000-0000-000000000000/resourceGroups/cli_test_ag_http_listener000001/providers/Microsoft.Network/applicationGateways/ag1?api-version=2020-06-01
  response:
    body:
      string: "{\r\n  \"name\": \"ag1\",\r\n  \"id\": \"/subscriptions/00000000-0000-0000-0000-000000000000/resourceGroups/cli_test_ag_http_listener000001/providers/Microsoft.Network/applicationGateways/ag1\"\
        ,\r\n  \"etag\": \"W/\\\"af652dc9-583b-40f3-be87-e346dafedcfd\\\"\",\r\n \
        \ \"type\": \"Microsoft.Network/applicationGateways\",\r\n  \"location\":\
        \ \"westus\",\r\n  \"tags\": {},\r\n  \"properties\": {\r\n    \"provisioningState\"\
        : \"Updating\",\r\n    \"resourceGuid\": \"4163d964-469f-4b88-9c10-282b00f8736e\"\
        ,\r\n    \"sku\": {\r\n      \"name\": \"Standard_Medium\",\r\n      \"tier\"\
        : \"Standard\",\r\n      \"capacity\": 2\r\n    },\r\n    \"operationalState\"\
        : \"Stopped\",\r\n    \"gatewayIPConfigurations\": [\r\n      {\r\n      \
        \  \"name\": \"appGatewayPrivateFrontendIP\",\r\n        \"id\": \"/subscriptions/00000000-0000-0000-0000-000000000000/resourceGroups/cli_test_ag_http_listener000001/providers/Microsoft.Network/applicationGateways/ag1/gatewayIPConfigurations/appGatewayPrivateFrontendIP\"\
        ,\r\n        \"etag\": \"W/\\\"af652dc9-583b-40f3-be87-e346dafedcfd\\\"\"\
        ,\r\n        \"properties\": {\r\n          \"provisioningState\": \"Updating\"\
        ,\r\n          \"subnet\": {\r\n            \"id\": \"/subscriptions/00000000-0000-0000-0000-000000000000/resourceGroups/cli_test_ag_http_listener000001/providers/Microsoft.Network/virtualNetworks/ag1Vnet/subnets/default\"\
        \r\n          }\r\n        },\r\n        \"type\": \"Microsoft.Network/applicationGateways/gatewayIPConfigurations\"\
        \r\n      }\r\n    ],\r\n    \"sslCertificates\": [],\r\n    \"authenticationCertificates\"\
        : [],\r\n    \"frontendIPConfigurations\": [\r\n      {\r\n        \"name\"\
        : \"appGatewayPrivateFrontendIP\",\r\n        \"id\": \"/subscriptions/00000000-0000-0000-0000-000000000000/resourceGroups/cli_test_ag_http_listener000001/providers/Microsoft.Network/applicationGateways/ag1/frontendIPConfigurations/appGatewayPrivateFrontendIP\"\
        ,\r\n        \"etag\": \"W/\\\"af652dc9-583b-40f3-be87-e346dafedcfd\\\"\"\
        ,\r\n        \"type\": \"Microsoft.Network/applicationGateways/frontendIPConfigurations\"\
        ,\r\n        \"properties\": {\r\n          \"provisioningState\": \"Updating\"\
        ,\r\n          \"privateIPAllocationMethod\": \"Dynamic\",\r\n          \"\
        subnet\": {\r\n            \"id\": \"/subscriptions/00000000-0000-0000-0000-000000000000/resourceGroups/cli_test_ag_http_listener000001/providers/Microsoft.Network/virtualNetworks/ag1Vnet/subnets/default\"\
        \r\n          },\r\n          \"httpListeners\": [\r\n            {\r\n  \
        \            \"id\": \"/subscriptions/00000000-0000-0000-0000-000000000000/resourceGroups/cli_test_ag_http_listener000001/providers/Microsoft.Network/applicationGateways/ag1/httpListeners/appGatewayHttpListener\"\
        \r\n            }\r\n          ]\r\n        }\r\n      }\r\n    ],\r\n   \
        \ \"frontendPorts\": [\r\n      {\r\n        \"name\": \"appGatewayFrontendPort\"\
        ,\r\n        \"id\": \"/subscriptions/00000000-0000-0000-0000-000000000000/resourceGroups/cli_test_ag_http_listener000001/providers/Microsoft.Network/applicationGateways/ag1/frontendPorts/appGatewayFrontendPort\"\
        ,\r\n        \"etag\": \"W/\\\"af652dc9-583b-40f3-be87-e346dafedcfd\\\"\"\
        ,\r\n        \"properties\": {\r\n          \"provisioningState\": \"Updating\"\
        ,\r\n          \"port\": 80,\r\n          \"httpListeners\": [\r\n       \
        \     {\r\n              \"id\": \"/subscriptions/00000000-0000-0000-0000-000000000000/resourceGroups/cli_test_ag_http_listener000001/providers/Microsoft.Network/applicationGateways/ag1/httpListeners/appGatewayHttpListener\"\
        \r\n            }\r\n          ]\r\n        },\r\n        \"type\": \"Microsoft.Network/applicationGateways/frontendPorts\"\
        \r\n      }\r\n    ],\r\n    \"backendAddressPools\": [\r\n      {\r\n   \
        \     \"name\": \"appGatewayBackendPool\",\r\n        \"id\": \"/subscriptions/00000000-0000-0000-0000-000000000000/resourceGroups/cli_test_ag_http_listener000001/providers/Microsoft.Network/applicationGateways/ag1/backendAddressPools/appGatewayBackendPool\"\
        ,\r\n        \"etag\": \"W/\\\"af652dc9-583b-40f3-be87-e346dafedcfd\\\"\"\
        ,\r\n        \"properties\": {\r\n          \"provisioningState\": \"Updating\"\
        ,\r\n          \"backendAddresses\": [],\r\n          \"requestRoutingRules\"\
        : [\r\n            {\r\n              \"id\": \"/subscriptions/00000000-0000-0000-0000-000000000000/resourceGroups/cli_test_ag_http_listener000001/providers/Microsoft.Network/applicationGateways/ag1/requestRoutingRules/rule1\"\
        \r\n            }\r\n          ]\r\n        },\r\n        \"type\": \"Microsoft.Network/applicationGateways/backendAddressPools\"\
        \r\n      }\r\n    ],\r\n    \"backendHttpSettingsCollection\": [\r\n    \
        \  {\r\n        \"name\": \"appGatewayBackendHttpSettings\",\r\n        \"\
        id\": \"/subscriptions/00000000-0000-0000-0000-000000000000/resourceGroups/cli_test_ag_http_listener000001/providers/Microsoft.Network/applicationGateways/ag1/backendHttpSettingsCollection/appGatewayBackendHttpSettings\"\
        ,\r\n        \"etag\": \"W/\\\"af652dc9-583b-40f3-be87-e346dafedcfd\\\"\"\
        ,\r\n        \"properties\": {\r\n          \"provisioningState\": \"Updating\"\
        ,\r\n          \"port\": 80,\r\n          \"protocol\": \"Http\",\r\n    \
        \      \"cookieBasedAffinity\": \"Disabled\",\r\n          \"connectionDraining\"\
        : {\r\n            \"enabled\": false,\r\n            \"drainTimeoutInSec\"\
        : 1\r\n          },\r\n          \"pickHostNameFromBackendAddress\": false,\r\
        \n          \"requestTimeout\": 30,\r\n          \"requestRoutingRules\":\
        \ [\r\n            {\r\n              \"id\": \"/subscriptions/00000000-0000-0000-0000-000000000000/resourceGroups/cli_test_ag_http_listener000001/providers/Microsoft.Network/applicationGateways/ag1/requestRoutingRules/rule1\"\
        \r\n            }\r\n          ]\r\n        },\r\n        \"type\": \"Microsoft.Network/applicationGateways/backendHttpSettingsCollection\"\
        \r\n      }\r\n    ],\r\n    \"httpListeners\": [\r\n      {\r\n        \"\
        name\": \"appGatewayHttpListener\",\r\n        \"id\": \"/subscriptions/00000000-0000-0000-0000-000000000000/resourceGroups/cli_test_ag_http_listener000001/providers/Microsoft.Network/applicationGateways/ag1/httpListeners/appGatewayHttpListener\"\
        ,\r\n        \"etag\": \"W/\\\"af652dc9-583b-40f3-be87-e346dafedcfd\\\"\"\
        ,\r\n        \"properties\": {\r\n          \"provisioningState\": \"Updating\"\
        ,\r\n          \"frontendIPConfiguration\": {\r\n            \"id\": \"/subscriptions/00000000-0000-0000-0000-000000000000/resourceGroups/cli_test_ag_http_listener000001/providers/Microsoft.Network/applicationGateways/ag1/frontendIPConfigurations/appGatewayPrivateFrontendIP\"\
        \r\n          },\r\n          \"frontendPort\": {\r\n            \"id\": \"\
        /subscriptions/00000000-0000-0000-0000-000000000000/resourceGroups/cli_test_ag_http_listener000001/providers/Microsoft.Network/applicationGateways/ag1/frontendPorts/appGatewayFrontendPort\"\
        \r\n          },\r\n          \"protocol\": \"Http\",\r\n          \"hostNames\"\
        : [],\r\n          \"requireServerNameIndication\": false,\r\n          \"\
        requestRoutingRules\": [\r\n            {\r\n              \"id\": \"/subscriptions/00000000-0000-0000-0000-000000000000/resourceGroups/cli_test_ag_http_listener000001/providers/Microsoft.Network/applicationGateways/ag1/requestRoutingRules/rule1\"\
        \r\n            }\r\n          ]\r\n        },\r\n        \"type\": \"Microsoft.Network/applicationGateways/httpListeners\"\
        \r\n      }\r\n    ],\r\n    \"urlPathMaps\": [],\r\n    \"requestRoutingRules\"\
        : [\r\n      {\r\n        \"name\": \"rule1\",\r\n        \"id\": \"/subscriptions/00000000-0000-0000-0000-000000000000/resourceGroups/cli_test_ag_http_listener000001/providers/Microsoft.Network/applicationGateways/ag1/requestRoutingRules/rule1\"\
        ,\r\n        \"etag\": \"W/\\\"af652dc9-583b-40f3-be87-e346dafedcfd\\\"\"\
        ,\r\n        \"properties\": {\r\n          \"provisioningState\": \"Updating\"\
        ,\r\n          \"ruleType\": \"Basic\",\r\n          \"httpListener\": {\r\
        \n            \"id\": \"/subscriptions/00000000-0000-0000-0000-000000000000/resourceGroups/cli_test_ag_http_listener000001/providers/Microsoft.Network/applicationGateways/ag1/httpListeners/appGatewayHttpListener\"\
        \r\n          },\r\n          \"backendAddressPool\": {\r\n            \"\
        id\": \"/subscriptions/00000000-0000-0000-0000-000000000000/resourceGroups/cli_test_ag_http_listener000001/providers/Microsoft.Network/applicationGateways/ag1/backendAddressPools/appGatewayBackendPool\"\
        \r\n          },\r\n          \"backendHttpSettings\": {\r\n            \"\
        id\": \"/subscriptions/00000000-0000-0000-0000-000000000000/resourceGroups/cli_test_ag_http_listener000001/providers/Microsoft.Network/applicationGateways/ag1/backendHttpSettingsCollection/appGatewayBackendHttpSettings\"\
        \r\n          }\r\n        },\r\n        \"type\": \"Microsoft.Network/applicationGateways/requestRoutingRules\"\
        \r\n      }\r\n    ],\r\n    \"probes\": [],\r\n    \"rewriteRuleSets\": [],\r\
        \n    \"redirectConfigurations\": []\r\n  }\r\n}"
    headers:
      cache-control:
      - no-cache
      content-length:
      - '9123'
      content-type:
      - application/json; charset=utf-8
      date:
      - Wed, 04 Nov 2020 04:14:19 GMT
      etag:
      - W/"af652dc9-583b-40f3-be87-e346dafedcfd"
      expires:
      - '-1'
      pragma:
      - no-cache
      server:
      - Microsoft-HTTPAPI/2.0
      - Microsoft-HTTPAPI/2.0
      strict-transport-security:
      - max-age=31536000; includeSubDomains
      transfer-encoding:
      - chunked
      vary:
      - Accept-Encoding
      x-content-type-options:
      - nosniff
      x-ms-arm-service-request-id:
      - a451fd54-87a9-414a-bdb4-b3a4b5b7888c
    status:
      code: 200
      message: OK
version: 1
