interactions:
- request:
    body: '{"location": "eastus", "tags": {}, "properties": {"addressSpace": {"addressPrefixes":
      ["10.0.0.0/16"]}, "dhcpOptions": {}, "subnets": [{"name": "cli-subnet-000004",
      "properties": {"addressPrefix": "10.0.0.0/24"}}]}}'
    headers:
      Accept:
      - application/json
      Accept-Encoding:
      - gzip, deflate
      CommandName:
      - network vnet create
      Connection:
      - keep-alive
      Content-Length:
      - '222'
      Content-Type:
      - application/json
      ParameterSetName:
      - -n -g -l --subnet-name
      User-Agent:
      - AZURECLI/2.16.0 azsdk-python-azure-mgmt-network/17.0.0 Python/3.7.8 (Windows-10-10.0.19041-SP0)
    method: PUT
    uri: https://management.azure.com/subscriptions/00000000-0000-0000-0000-000000000000/resourceGroups/cli_test_sa_pe000001/providers/Microsoft.Network/virtualNetworks/cli-vnet-000003?api-version=2020-07-01
  response:
    body:
      string: "{\r\n  \"name\": \"cli-vnet-000003\",\r\n  \"id\": \"/subscriptions/00000000-0000-0000-0000-000000000000/resourceGroups/cli_test_sa_pe000001/providers/Microsoft.Network/virtualNetworks/cli-vnet-000003\",\r\n
        \ \"etag\": \"W/\\\"a8a2b773-a6f5-48a9-9aa3-05c3ff0ed953\\\"\",\r\n  \"type\":
        \"Microsoft.Network/virtualNetworks\",\r\n  \"location\": \"eastus\",\r\n
        \ \"tags\": {},\r\n  \"properties\": {\r\n    \"provisioningState\": \"Updating\",\r\n
        \   \"resourceGuid\": \"73b22e29-d08d-4a2a-8d06-92c76d639fdb\",\r\n    \"addressSpace\":
        {\r\n      \"addressPrefixes\": [\r\n        \"10.0.0.0/16\"\r\n      ]\r\n
        \   },\r\n    \"dhcpOptions\": {\r\n      \"dnsServers\": []\r\n    },\r\n
        \   \"subnets\": [\r\n      {\r\n        \"name\": \"cli-subnet-000004\",\r\n
        \       \"id\": \"/subscriptions/00000000-0000-0000-0000-000000000000/resourceGroups/cli_test_sa_pe000001/providers/Microsoft.Network/virtualNetworks/cli-vnet-000003/subnets/cli-subnet-000004\",\r\n
        \       \"etag\": \"W/\\\"a8a2b773-a6f5-48a9-9aa3-05c3ff0ed953\\\"\",\r\n
        \       \"properties\": {\r\n          \"provisioningState\": \"Updating\",\r\n
        \         \"addressPrefix\": \"10.0.0.0/24\",\r\n          \"delegations\":
        [],\r\n          \"privateEndpointNetworkPolicies\": \"Enabled\",\r\n          \"privateLinkServiceNetworkPolicies\":
        \"Enabled\"\r\n        },\r\n        \"type\": \"Microsoft.Network/virtualNetworks/subnets\"\r\n
        \     }\r\n    ],\r\n    \"virtualNetworkPeerings\": [],\r\n    \"enableDdosProtection\":
        false,\r\n    \"enableVmProtection\": false\r\n  }\r\n}"
    headers:
      azure-asyncnotification:
      - Enabled
      azure-asyncoperation:
      - https://management.azure.com/subscriptions/00000000-0000-0000-0000-000000000000/providers/Microsoft.Network/locations/eastus/operations/1a33bbb1-dbf6-4380-bfe5-8bc160d632e9?api-version=2020-07-01
      cache-control:
      - no-cache
      content-length:
      - '1528'
      content-type:
      - application/json; charset=utf-8
      date:
      - Wed, 16 Dec 2020 09:10:16 GMT
      expires:
      - '-1'
      pragma:
      - no-cache
      server:
      - Microsoft-HTTPAPI/2.0
      - Microsoft-HTTPAPI/2.0
      strict-transport-security:
      - max-age=31536000; includeSubDomains
      x-content-type-options:
      - nosniff
      x-ms-arm-service-request-id:
      - ac323b5a-a78d-456d-9746-952fe7ac3b1a
      x-ms-ratelimit-remaining-subscription-writes:
      - '1192'
    status:
      code: 201
      message: Created
- request:
    body: null
    headers:
      Accept:
      - '*/*'
      Accept-Encoding:
      - gzip, deflate
      CommandName:
      - network vnet create
      Connection:
      - keep-alive
      ParameterSetName:
      - -n -g -l --subnet-name
      User-Agent:
      - AZURECLI/2.16.0 azsdk-python-azure-mgmt-network/17.0.0 Python/3.7.8 (Windows-10-10.0.19041-SP0)
    method: GET
    uri: https://management.azure.com/subscriptions/00000000-0000-0000-0000-000000000000/providers/Microsoft.Network/locations/eastus/operations/1a33bbb1-dbf6-4380-bfe5-8bc160d632e9?api-version=2020-07-01
  response:
    body:
      string: "{\r\n  \"status\": \"Succeeded\"\r\n}"
    headers:
      cache-control:
      - no-cache
      content-length:
      - '29'
      content-type:
      - application/json; charset=utf-8
      date:
      - Wed, 16 Dec 2020 09:10:20 GMT
      expires:
      - '-1'
      pragma:
      - no-cache
      server:
      - Microsoft-HTTPAPI/2.0
      - Microsoft-HTTPAPI/2.0
      strict-transport-security:
      - max-age=31536000; includeSubDomains
      transfer-encoding:
      - chunked
      vary:
      - Accept-Encoding
      x-content-type-options:
      - nosniff
      x-ms-arm-service-request-id:
      - 5b4c972d-93a6-423b-9837-224cc2287c77
    status:
      code: 200
      message: OK
- request:
    body: null
    headers:
      Accept:
      - '*/*'
      Accept-Encoding:
      - gzip, deflate
      CommandName:
      - network vnet create
      Connection:
      - keep-alive
      ParameterSetName:
      - -n -g -l --subnet-name
      User-Agent:
      - AZURECLI/2.16.0 azsdk-python-azure-mgmt-network/17.0.0 Python/3.7.8 (Windows-10-10.0.19041-SP0)
    method: GET
    uri: https://management.azure.com/subscriptions/00000000-0000-0000-0000-000000000000/resourceGroups/cli_test_sa_pe000001/providers/Microsoft.Network/virtualNetworks/cli-vnet-000003?api-version=2020-07-01
  response:
    body:
      string: "{\r\n  \"name\": \"cli-vnet-000003\",\r\n  \"id\": \"/subscriptions/00000000-0000-0000-0000-000000000000/resourceGroups/cli_test_sa_pe000001/providers/Microsoft.Network/virtualNetworks/cli-vnet-000003\",\r\n
        \ \"etag\": \"W/\\\"67e35715-7c1f-45ac-8381-b3c036f176ac\\\"\",\r\n  \"type\":
        \"Microsoft.Network/virtualNetworks\",\r\n  \"location\": \"eastus\",\r\n
        \ \"tags\": {},\r\n  \"properties\": {\r\n    \"provisioningState\": \"Succeeded\",\r\n
        \   \"resourceGuid\": \"73b22e29-d08d-4a2a-8d06-92c76d639fdb\",\r\n    \"addressSpace\":
        {\r\n      \"addressPrefixes\": [\r\n        \"10.0.0.0/16\"\r\n      ]\r\n
        \   },\r\n    \"dhcpOptions\": {\r\n      \"dnsServers\": []\r\n    },\r\n
        \   \"subnets\": [\r\n      {\r\n        \"name\": \"cli-subnet-000004\",\r\n
        \       \"id\": \"/subscriptions/00000000-0000-0000-0000-000000000000/resourceGroups/cli_test_sa_pe000001/providers/Microsoft.Network/virtualNetworks/cli-vnet-000003/subnets/cli-subnet-000004\",\r\n
        \       \"etag\": \"W/\\\"67e35715-7c1f-45ac-8381-b3c036f176ac\\\"\",\r\n
        \       \"properties\": {\r\n          \"provisioningState\": \"Succeeded\",\r\n
        \         \"addressPrefix\": \"10.0.0.0/24\",\r\n          \"delegations\":
        [],\r\n          \"privateEndpointNetworkPolicies\": \"Enabled\",\r\n          \"privateLinkServiceNetworkPolicies\":
        \"Enabled\"\r\n        },\r\n        \"type\": \"Microsoft.Network/virtualNetworks/subnets\"\r\n
        \     }\r\n    ],\r\n    \"virtualNetworkPeerings\": [],\r\n    \"enableDdosProtection\":
        false,\r\n    \"enableVmProtection\": false\r\n  }\r\n}"
    headers:
      cache-control:
      - no-cache
      content-length:
      - '1530'
      content-type:
      - application/json; charset=utf-8
      date:
      - Wed, 16 Dec 2020 09:10:21 GMT
      etag:
      - W/"67e35715-7c1f-45ac-8381-b3c036f176ac"
      expires:
      - '-1'
      pragma:
      - no-cache
      server:
      - Microsoft-HTTPAPI/2.0
      - Microsoft-HTTPAPI/2.0
      strict-transport-security:
      - max-age=31536000; includeSubDomains
      transfer-encoding:
      - chunked
      vary:
      - Accept-Encoding
      x-content-type-options:
      - nosniff
      x-ms-arm-service-request-id:
      - b85735ba-84c1-4a7a-b975-cf457523e9c9
    status:
      code: 200
      message: OK
- request:
    body: null
    headers:
      Accept:
      - application/json
      Accept-Encoding:
      - gzip, deflate
      CommandName:
      - network vnet subnet update
      Connection:
      - keep-alive
      ParameterSetName:
      - -n --vnet-name -g --disable-private-endpoint-network-policies
      User-Agent:
      - AZURECLI/2.16.0 azsdk-python-azure-mgmt-network/17.0.0 Python/3.7.8 (Windows-10-10.0.19041-SP0)
    method: GET
    uri: https://management.azure.com/subscriptions/00000000-0000-0000-0000-000000000000/resourceGroups/cli_test_sa_pe000001/providers/Microsoft.Network/virtualNetworks/cli-vnet-000003/subnets/cli-subnet-000004?api-version=2020-07-01
  response:
    body:
      string: "{\r\n  \"name\": \"cli-subnet-000004\",\r\n  \"id\": \"/subscriptions/00000000-0000-0000-0000-000000000000/resourceGroups/cli_test_sa_pe000001/providers/Microsoft.Network/virtualNetworks/cli-vnet-000003/subnets/cli-subnet-000004\",\r\n
        \ \"etag\": \"W/\\\"67e35715-7c1f-45ac-8381-b3c036f176ac\\\"\",\r\n  \"properties\":
        {\r\n    \"provisioningState\": \"Succeeded\",\r\n    \"addressPrefix\": \"10.0.0.0/24\",\r\n
        \   \"delegations\": [],\r\n    \"privateEndpointNetworkPolicies\": \"Enabled\",\r\n
        \   \"privateLinkServiceNetworkPolicies\": \"Enabled\"\r\n  },\r\n  \"type\":
        \"Microsoft.Network/virtualNetworks/subnets\"\r\n}"
    headers:
      cache-control:
      - no-cache
      content-length:
      - '639'
      content-type:
      - application/json; charset=utf-8
      date:
      - Wed, 16 Dec 2020 09:10:23 GMT
      etag:
      - W/"67e35715-7c1f-45ac-8381-b3c036f176ac"
      expires:
      - '-1'
      pragma:
      - no-cache
      server:
      - Microsoft-HTTPAPI/2.0
      - Microsoft-HTTPAPI/2.0
      strict-transport-security:
      - max-age=31536000; includeSubDomains
      transfer-encoding:
      - chunked
      vary:
      - Accept-Encoding
      x-content-type-options:
      - nosniff
      x-ms-arm-service-request-id:
      - 151aaee0-5325-4137-aac5-f0eb24f4e22c
    status:
      code: 200
      message: OK
- request:
    body: '{"id": "/subscriptions/00000000-0000-0000-0000-000000000000/resourceGroups/cli_test_sa_pe000001/providers/Microsoft.Network/virtualNetworks/cli-vnet-000003/subnets/cli-subnet-000004",
      "name": "cli-subnet-000004", "properties": {"addressPrefix": "10.0.0.0/24",
      "delegations": [], "privateEndpointNetworkPolicies": "Disabled", "privateLinkServiceNetworkPolicies":
      "Enabled"}}'
    headers:
      Accept:
      - application/json
      Accept-Encoding:
      - gzip, deflate
      CommandName:
      - network vnet subnet update
      Connection:
      - keep-alive
      Content-Length:
      - '451'
      Content-Type:
      - application/json
      ParameterSetName:
      - -n --vnet-name -g --disable-private-endpoint-network-policies
      User-Agent:
      - AZURECLI/2.16.0 azsdk-python-azure-mgmt-network/17.0.0 Python/3.7.8 (Windows-10-10.0.19041-SP0)
    method: PUT
    uri: https://management.azure.com/subscriptions/00000000-0000-0000-0000-000000000000/resourceGroups/cli_test_sa_pe000001/providers/Microsoft.Network/virtualNetworks/cli-vnet-000003/subnets/cli-subnet-000004?api-version=2020-07-01
  response:
    body:
      string: "{\r\n  \"name\": \"cli-subnet-000004\",\r\n  \"id\": \"/subscriptions/00000000-0000-0000-0000-000000000000/resourceGroups/cli_test_sa_pe000001/providers/Microsoft.Network/virtualNetworks/cli-vnet-000003/subnets/cli-subnet-000004\",\r\n
        \ \"etag\": \"W/\\\"1efbc387-192b-4b9c-bc2d-9d0c112d8a8c\\\"\",\r\n  \"properties\":
        {\r\n    \"provisioningState\": \"Updating\",\r\n    \"addressPrefix\": \"10.0.0.0/24\",\r\n
        \   \"delegations\": [],\r\n    \"privateEndpointNetworkPolicies\": \"Disabled\",\r\n
        \   \"privateLinkServiceNetworkPolicies\": \"Enabled\"\r\n  },\r\n  \"type\":
        \"Microsoft.Network/virtualNetworks/subnets\"\r\n}"
    headers:
      azure-asyncoperation:
      - https://management.azure.com/subscriptions/00000000-0000-0000-0000-000000000000/providers/Microsoft.Network/locations/eastus/operations/64aa4112-5351-4c62-aa7a-24cea6e48c0d?api-version=2020-07-01
      cache-control:
      - no-cache
      content-length:
      - '639'
      content-type:
      - application/json; charset=utf-8
      date:
      - Wed, 16 Dec 2020 09:10:26 GMT
      expires:
      - '-1'
      pragma:
      - no-cache
      server:
      - Microsoft-HTTPAPI/2.0
      - Microsoft-HTTPAPI/2.0
      strict-transport-security:
      - max-age=31536000; includeSubDomains
      transfer-encoding:
      - chunked
      vary:
      - Accept-Encoding
      x-content-type-options:
      - nosniff
      x-ms-arm-service-request-id:
      - 6f4c6823-c1f7-45d9-b557-bfaec5e5eb24
      x-ms-ratelimit-remaining-subscription-writes:
      - '1191'
    status:
      code: 200
      message: OK
- request:
    body: null
    headers:
      Accept:
      - '*/*'
      Accept-Encoding:
      - gzip, deflate
      CommandName:
      - network vnet subnet update
      Connection:
      - keep-alive
      ParameterSetName:
      - -n --vnet-name -g --disable-private-endpoint-network-policies
      User-Agent:
      - AZURECLI/2.16.0 azsdk-python-azure-mgmt-network/17.0.0 Python/3.7.8 (Windows-10-10.0.19041-SP0)
    method: GET
    uri: https://management.azure.com/subscriptions/00000000-0000-0000-0000-000000000000/providers/Microsoft.Network/locations/eastus/operations/64aa4112-5351-4c62-aa7a-24cea6e48c0d?api-version=2020-07-01
  response:
    body:
      string: "{\r\n  \"status\": \"Succeeded\"\r\n}"
    headers:
      cache-control:
      - no-cache
      content-length:
      - '29'
      content-type:
      - application/json; charset=utf-8
      date:
      - Wed, 16 Dec 2020 09:10:29 GMT
      expires:
      - '-1'
      pragma:
      - no-cache
      server:
      - Microsoft-HTTPAPI/2.0
      - Microsoft-HTTPAPI/2.0
      strict-transport-security:
      - max-age=31536000; includeSubDomains
      transfer-encoding:
      - chunked
      vary:
      - Accept-Encoding
      x-content-type-options:
      - nosniff
      x-ms-arm-service-request-id:
      - 903d9623-62a9-46a3-b9fc-c1bcebc63208
    status:
      code: 200
      message: OK
- request:
    body: null
    headers:
      Accept:
      - '*/*'
      Accept-Encoding:
      - gzip, deflate
      CommandName:
      - network vnet subnet update
      Connection:
      - keep-alive
      ParameterSetName:
      - -n --vnet-name -g --disable-private-endpoint-network-policies
      User-Agent:
      - AZURECLI/2.16.0 azsdk-python-azure-mgmt-network/17.0.0 Python/3.7.8 (Windows-10-10.0.19041-SP0)
    method: GET
    uri: https://management.azure.com/subscriptions/00000000-0000-0000-0000-000000000000/resourceGroups/cli_test_sa_pe000001/providers/Microsoft.Network/virtualNetworks/cli-vnet-000003/subnets/cli-subnet-000004?api-version=2020-07-01
  response:
    body:
      string: "{\r\n  \"name\": \"cli-subnet-000004\",\r\n  \"id\": \"/subscriptions/00000000-0000-0000-0000-000000000000/resourceGroups/cli_test_sa_pe000001/providers/Microsoft.Network/virtualNetworks/cli-vnet-000003/subnets/cli-subnet-000004\",\r\n
        \ \"etag\": \"W/\\\"b500d488-910b-4e4a-ad6b-f249f21b4863\\\"\",\r\n  \"properties\":
        {\r\n    \"provisioningState\": \"Succeeded\",\r\n    \"addressPrefix\": \"10.0.0.0/24\",\r\n
        \   \"delegations\": [],\r\n    \"privateEndpointNetworkPolicies\": \"Disabled\",\r\n
        \   \"privateLinkServiceNetworkPolicies\": \"Enabled\"\r\n  },\r\n  \"type\":
        \"Microsoft.Network/virtualNetworks/subnets\"\r\n}"
    headers:
      cache-control:
      - no-cache
      content-length:
      - '640'
      content-type:
      - application/json; charset=utf-8
      date:
      - Wed, 16 Dec 2020 09:10:31 GMT
      etag:
      - W/"b500d488-910b-4e4a-ad6b-f249f21b4863"
      expires:
      - '-1'
      pragma:
      - no-cache
      server:
      - Microsoft-HTTPAPI/2.0
      - Microsoft-HTTPAPI/2.0
      strict-transport-security:
      - max-age=31536000; includeSubDomains
      transfer-encoding:
      - chunked
      vary:
      - Accept-Encoding
      x-content-type-options:
      - nosniff
      x-ms-arm-service-request-id:
      - 39f9ba55-0a6a-434a-b7a5-636c388c612a
    status:
      code: 200
      message: OK
- request:
    body: null
    headers:
      Accept:
      - application/json
      Accept-Encoding:
      - gzip, deflate
      CommandName:
      - storage account private-link-resource list
      Connection:
      - keep-alive
      ParameterSetName:
      - --account-name -g
      User-Agent:
      - AZURECLI/2.16.0 azsdk-python-azure-mgmt-storage/16.0.0 Python/3.7.8 (Windows-10-10.0.19041-SP0)
    method: GET
    uri: https://management.azure.com/subscriptions/00000000-0000-0000-0000-000000000000/resourceGroups/cli_test_sa_pe000001/providers/Microsoft.Storage/storageAccounts/saplr000002/privateLinkResources?api-version=2019-06-01
  response:
    body:
      string: '{"value":[{"id":"/subscriptions/00000000-0000-0000-0000-000000000000/resourceGroups/cli_test_sa_pe000001/providers/Microsoft.Storage/storageAccounts/saplr000002/privateLinkResources/blob","name":"blob","type":"Microsoft.Storage/storageAccounts/privateLinkResources","properties":{"groupId":"blob","requiredMembers":["blob"],"requiredZoneNames":["privatelink.blob.core.windows.net"]}},{"id":"/subscriptions/00000000-0000-0000-0000-000000000000/resourceGroups/cli_test_sa_pe000001/providers/Microsoft.Storage/storageAccounts/saplr000002/privateLinkResources/table","name":"table","type":"Microsoft.Storage/storageAccounts/privateLinkResources","properties":{"groupId":"table","requiredMembers":["table"],"requiredZoneNames":["privatelink.table.core.windows.net"]}},{"id":"/subscriptions/00000000-0000-0000-0000-000000000000/resourceGroups/cli_test_sa_pe000001/providers/Microsoft.Storage/storageAccounts/saplr000002/privateLinkResources/queue","name":"queue","type":"Microsoft.Storage/storageAccounts/privateLinkResources","properties":{"groupId":"queue","requiredMembers":["queue"],"requiredZoneNames":["privatelink.queue.core.windows.net"]}},{"id":"/subscriptions/00000000-0000-0000-0000-000000000000/resourceGroups/cli_test_sa_pe000001/providers/Microsoft.Storage/storageAccounts/saplr000002/privateLinkResources/file","name":"file","type":"Microsoft.Storage/storageAccounts/privateLinkResources","properties":{"groupId":"file","requiredMembers":["file"],"requiredZoneNames":["privatelink.file.core.windows.net"]}},{"id":"/subscriptions/00000000-0000-0000-0000-000000000000/resourceGroups/cli_test_sa_pe000001/providers/Microsoft.Storage/storageAccounts/saplr000002/privateLinkResources/web","name":"web","type":"Microsoft.Storage/storageAccounts/privateLinkResources","properties":{"groupId":"web","requiredMembers":["web"],"requiredZoneNames":["privatelink.web.core.windows.net"]}},{"id":"/subscriptions/00000000-0000-0000-0000-000000000000/resourceGroups/cli_test_sa_pe000001/providers/Microsoft.Storage/storageAccounts/saplr000002/privateLinkResources/dfs","name":"dfs","type":"Microsoft.Storage/storageAccounts/privateLinkResources","properties":{"groupId":"dfs","requiredMembers":["dfs"],"requiredZoneNames":["privatelink.dfs.core.windows.net"]}}]}'
    headers:
      cache-control:
      - no-cache
      content-length:
      - '2663'
      content-type:
      - application/json
      date:
      - Wed, 16 Dec 2020 09:10:34 GMT
      expires:
      - '-1'
      pragma:
      - no-cache
      server:
      - Microsoft-Azure-Storage-Resource-Provider/1.0,Microsoft-HTTPAPI/2.0 Microsoft-HTTPAPI/2.0
      strict-transport-security:
      - max-age=31536000; includeSubDomains
      transfer-encoding:
      - chunked
      vary:
      - Accept-Encoding
      x-content-type-options:
      - nosniff
    status:
      code: 200
      message: OK
- request:
    body: null
    headers:
      Accept:
      - application/json
      Accept-Encoding:
      - gzip, deflate
      CommandName:
      - storage account show
      Connection:
      - keep-alive
      ParameterSetName:
      - -n -g
      User-Agent:
      - AZURECLI/2.16.0 azsdk-python-azure-mgmt-storage/16.0.0 Python/3.7.8 (Windows-10-10.0.19041-SP0)
    method: GET
    uri: https://management.azure.com/subscriptions/00000000-0000-0000-0000-000000000000/resourceGroups/cli_test_sa_pe000001/providers/Microsoft.Storage/storageAccounts/saplr000002?api-version=2019-06-01
  response:
    body:
      string: '{"sku":{"name":"Standard_LRS","tier":"Standard"},"kind":"StorageV2","id":"/subscriptions/00000000-0000-0000-0000-000000000000/resourceGroups/cli_test_sa_pe000001/providers/Microsoft.Storage/storageAccounts/saplr000002","name":"saplr000002","type":"Microsoft.Storage/storageAccounts","location":"westus","tags":{},"properties":{"privateEndpointConnections":[],"networkAcls":{"bypass":"AzureServices","virtualNetworkRules":[],"ipRules":[],"defaultAction":"Allow"},"supportsHttpsTrafficOnly":true,"encryption":{"services":{"file":{"keyType":"Account","enabled":true,"lastEnabledTime":"2020-12-16T09:09:48.5083347Z"},"blob":{"keyType":"Account","enabled":true,"lastEnabledTime":"2020-12-16T09:09:48.5083347Z"}},"keySource":"Microsoft.Storage"},"accessTier":"Hot","provisioningState":"Succeeded","creationTime":"2020-12-16T09:09:48.4302118Z","primaryEndpoints":{"dfs":"https://saplr000002.dfs.core.windows.net/","web":"https://saplr000002.z22.web.core.windows.net/","blob":"https://saplr000002.blob.core.windows.net/","queue":"https://saplr000002.queue.core.windows.net/","table":"https://saplr000002.table.core.windows.net/","file":"https://saplr000002.file.core.windows.net/"},"primaryLocation":"westus","statusOfPrimary":"available"}}'
    headers:
      cache-control:
      - no-cache
      content-length:
      - '1391'
      content-type:
      - application/json
      date:
      - Wed, 16 Dec 2020 09:10:36 GMT
      expires:
      - '-1'
      pragma:
      - no-cache
      server:
      - Microsoft-Azure-Storage-Resource-Provider/1.0,Microsoft-HTTPAPI/2.0 Microsoft-HTTPAPI/2.0
      strict-transport-security:
      - max-age=31536000; includeSubDomains
      transfer-encoding:
      - chunked
      vary:
      - Accept-Encoding
      x-content-type-options:
      - nosniff
    status:
      code: 200
      message: OK
- request:
    body: '{"location": "eastus", "properties": {"subnet": {"id": "/subscriptions/00000000-0000-0000-0000-000000000000/resourceGroups/cli_test_sa_pe000001/providers/Microsoft.Network/virtualNetworks/cli-vnet-000003/subnets/cli-subnet-000004"},
      "privateLinkServiceConnections": [{"name": "cli-pec-000006", "properties": {"privateLinkServiceId":
      "/subscriptions/00000000-0000-0000-0000-000000000000/resourceGroups/cli_test_sa_pe000001/providers/Microsoft.Storage/storageAccounts/saplr000002",
      "groupIds": ["blob"]}}]}}'
    headers:
      Accept:
      - application/json
      Accept-Encoding:
      - gzip, deflate
      CommandName:
      - network private-endpoint create
      Connection:
      - keep-alive
      Content-Length:
      - '654'
      Content-Type:
      - application/json
      ParameterSetName:
      - -g -n --vnet-name --subnet -l --connection-name --private-connection-resource-id
        --group-id
      User-Agent:
      - AZURECLI/2.16.0 azsdk-python-azure-mgmt-network/17.0.0 Python/3.7.8 (Windows-10-10.0.19041-SP0)
    method: PUT
    uri: https://management.azure.com/subscriptions/00000000-0000-0000-0000-000000000000/resourceGroups/cli_test_sa_pe000001/providers/Microsoft.Network/privateEndpoints/cli-pe-000005?api-version=2020-07-01
  response:
    body:
      string: "{\r\n  \"name\": \"cli-pe-000005\",\r\n  \"id\": \"/subscriptions/00000000-0000-0000-0000-000000000000/resourceGroups/cli_test_sa_pe000001/providers/Microsoft.Network/privateEndpoints/cli-pe-000005\",\r\n
        \ \"etag\": \"W/\\\"a4f5ba47-1aab-4726-89e3-aa6e3c83bf88\\\"\",\r\n  \"type\":
        \"Microsoft.Network/privateEndpoints\",\r\n  \"location\": \"eastus\",\r\n
        \ \"properties\": {\r\n    \"provisioningState\": \"Updating\",\r\n    \"resourceGuid\":
        \"c1764e5e-f2db-40a4-876d-57190cd206de\",\r\n    \"privateLinkServiceConnections\":
        [\r\n      {\r\n        \"name\": \"cli-pec-000006\",\r\n        \"id\": \"/subscriptions/00000000-0000-0000-0000-000000000000/resourceGroups/cli_test_sa_pe000001/providers/Microsoft.Network/privateEndpoints/cli-pe-000005/privateLinkServiceConnections/cli-pec-000006\",\r\n
        \       \"etag\": \"W/\\\"a4f5ba47-1aab-4726-89e3-aa6e3c83bf88\\\"\",\r\n
        \       \"properties\": {\r\n          \"provisioningState\": \"Succeeded\",\r\n
        \         \"privateLinkServiceId\": \"/subscriptions/00000000-0000-0000-0000-000000000000/resourceGroups/cli_test_sa_pe000001/providers/Microsoft.Storage/storageAccounts/saplr000002\",\r\n
        \         \"groupIds\": [\r\n            \"blob\"\r\n          ],\r\n          \"privateLinkServiceConnectionState\":
        {\r\n            \"status\": \"Approved\",\r\n            \"description\":
        \"\",\r\n            \"actionsRequired\": \"None\"\r\n          }\r\n        },\r\n
        \       \"type\": \"Microsoft.Network/privateEndpoints/privateLinkServiceConnections\"\r\n
        \     }\r\n    ],\r\n    \"manualPrivateLinkServiceConnections\": [],\r\n
        \   \"subnet\": {\r\n      \"id\": \"/subscriptions/00000000-0000-0000-0000-000000000000/resourceGroups/cli_test_sa_pe000001/providers/Microsoft.Network/virtualNetworks/cli-vnet-000003/subnets/cli-subnet-000004\"\r\n
        \   },\r\n    \"networkInterfaces\": [\r\n      {\r\n        \"id\": \"/subscriptions/00000000-0000-0000-0000-000000000000/resourceGroups/cli_test_sa_pe000001/providers/Microsoft.Network/networkInterfaces/cli-pe-000005.nic.3eef3104-8fab-4ba4-809e-92f57394d7ce\"\r\n
        \     }\r\n    ],\r\n    \"customDnsConfigs\": []\r\n  }\r\n}"
    headers:
      azure-asyncnotification:
      - Enabled
      azure-asyncoperation:
      - https://management.azure.com/subscriptions/00000000-0000-0000-0000-000000000000/providers/Microsoft.Network/locations/eastus/operations/8c6a6cfb-7324-412e-8e91-835032a81d60?api-version=2020-07-01
      cache-control:
      - no-cache
      content-length:
      - '2313'
      content-type:
      - application/json; charset=utf-8
      date:
      - Wed, 16 Dec 2020 09:10:47 GMT
      expires:
      - '-1'
      pragma:
      - no-cache
      server:
      - Microsoft-HTTPAPI/2.0
      - Microsoft-HTTPAPI/2.0
      strict-transport-security:
      - max-age=31536000; includeSubDomains
      x-content-type-options:
      - nosniff
      x-ms-arm-service-request-id:
      - 68303cba-eaf5-4e89-a0a2-7ad90a63b15a
      x-ms-ratelimit-remaining-subscription-writes:
      - '1188'
    status:
      code: 201
      message: Created
- request:
    body: null
    headers:
      Accept:
      - '*/*'
      Accept-Encoding:
      - gzip, deflate
      CommandName:
      - network private-endpoint create
      Connection:
      - keep-alive
      ParameterSetName:
      - -g -n --vnet-name --subnet -l --connection-name --private-connection-resource-id
        --group-id
      User-Agent:
      - AZURECLI/2.16.0 azsdk-python-azure-mgmt-network/17.0.0 Python/3.7.8 (Windows-10-10.0.19041-SP0)
    method: GET
    uri: https://management.azure.com/subscriptions/00000000-0000-0000-0000-000000000000/providers/Microsoft.Network/locations/eastus/operations/8c6a6cfb-7324-412e-8e91-835032a81d60?api-version=2020-07-01
  response:
    body:
      string: "{\r\n  \"status\": \"Succeeded\"\r\n}"
    headers:
      cache-control:
      - no-cache
      content-length:
      - '29'
      content-type:
      - application/json; charset=utf-8
      date:
      - Wed, 16 Dec 2020 09:11:01 GMT
      expires:
      - '-1'
      pragma:
      - no-cache
      server:
      - Microsoft-HTTPAPI/2.0
      - Microsoft-HTTPAPI/2.0
      strict-transport-security:
      - max-age=31536000; includeSubDomains
      transfer-encoding:
      - chunked
      vary:
      - Accept-Encoding
      x-content-type-options:
      - nosniff
      x-ms-arm-service-request-id:
      - d851b634-4e32-4299-af6e-a9ddb31c2ccd
    status:
      code: 200
      message: OK
- request:
    body: null
    headers:
      Accept:
      - '*/*'
      Accept-Encoding:
      - gzip, deflate
      CommandName:
      - network private-endpoint create
      Connection:
      - keep-alive
      ParameterSetName:
      - -g -n --vnet-name --subnet -l --connection-name --private-connection-resource-id
        --group-id
      User-Agent:
      - AZURECLI/2.16.0 azsdk-python-azure-mgmt-network/17.0.0 Python/3.7.8 (Windows-10-10.0.19041-SP0)
    method: GET
    uri: https://management.azure.com/subscriptions/00000000-0000-0000-0000-000000000000/resourceGroups/cli_test_sa_pe000001/providers/Microsoft.Network/privateEndpoints/cli-pe-000005?api-version=2020-07-01
  response:
    body:
      string: "{\r\n  \"name\": \"cli-pe-000005\",\r\n  \"id\": \"/subscriptions/00000000-0000-0000-0000-000000000000/resourceGroups/cli_test_sa_pe000001/providers/Microsoft.Network/privateEndpoints/cli-pe-000005\",\r\n
        \ \"etag\": \"W/\\\"cc7aff71-e16a-45c2-906b-74d0d550e3cd\\\"\",\r\n  \"type\":
        \"Microsoft.Network/privateEndpoints\",\r\n  \"location\": \"eastus\",\r\n
        \ \"properties\": {\r\n    \"provisioningState\": \"Succeeded\",\r\n    \"resourceGuid\":
        \"c1764e5e-f2db-40a4-876d-57190cd206de\",\r\n    \"privateLinkServiceConnections\":
        [\r\n      {\r\n        \"name\": \"cli-pec-000006\",\r\n        \"id\": \"/subscriptions/00000000-0000-0000-0000-000000000000/resourceGroups/cli_test_sa_pe000001/providers/Microsoft.Network/privateEndpoints/cli-pe-000005/privateLinkServiceConnections/cli-pec-000006\",\r\n
        \       \"etag\": \"W/\\\"cc7aff71-e16a-45c2-906b-74d0d550e3cd\\\"\",\r\n
        \       \"properties\": {\r\n          \"provisioningState\": \"Succeeded\",\r\n
        \         \"privateLinkServiceId\": \"/subscriptions/00000000-0000-0000-0000-000000000000/resourceGroups/cli_test_sa_pe000001/providers/Microsoft.Storage/storageAccounts/saplr000002\",\r\n
        \         \"groupIds\": [\r\n            \"blob\"\r\n          ],\r\n          \"privateLinkServiceConnectionState\":
        {\r\n            \"status\": \"Approved\",\r\n            \"description\":
        \"Auto-Approved\",\r\n            \"actionsRequired\": \"None\"\r\n          }\r\n
        \       },\r\n        \"type\": \"Microsoft.Network/privateEndpoints/privateLinkServiceConnections\"\r\n
        \     }\r\n    ],\r\n    \"manualPrivateLinkServiceConnections\": [],\r\n
        \   \"subnet\": {\r\n      \"id\": \"/subscriptions/00000000-0000-0000-0000-000000000000/resourceGroups/cli_test_sa_pe000001/providers/Microsoft.Network/virtualNetworks/cli-vnet-000003/subnets/cli-subnet-000004\"\r\n
        \   },\r\n    \"networkInterfaces\": [\r\n      {\r\n        \"id\": \"/subscriptions/00000000-0000-0000-0000-000000000000/resourceGroups/cli_test_sa_pe000001/providers/Microsoft.Network/networkInterfaces/cli-pe-000005.nic.3eef3104-8fab-4ba4-809e-92f57394d7ce\"\r\n
        \     }\r\n    ],\r\n    \"customDnsConfigs\": [\r\n      {\r\n        \"fqdn\":
        \"saplr000002.blob.core.windows.net\",\r\n        \"ipAddresses\": [\r\n          \"10.0.0.4\"\r\n
        \       ]\r\n      }\r\n    ]\r\n  }\r\n}"
    headers:
      cache-control:
      - no-cache
      content-length:
      - '2477'
      content-type:
      - application/json; charset=utf-8
      date:
      - Wed, 16 Dec 2020 09:11:02 GMT
      etag:
      - W/"cc7aff71-e16a-45c2-906b-74d0d550e3cd"
      expires:
      - '-1'
      pragma:
      - no-cache
      server:
      - Microsoft-HTTPAPI/2.0
      - Microsoft-HTTPAPI/2.0
      strict-transport-security:
      - max-age=31536000; includeSubDomains
      transfer-encoding:
      - chunked
      vary:
      - Accept-Encoding
      x-content-type-options:
      - nosniff
      x-ms-arm-service-request-id:
      - 73073c26-c887-498b-93e6-b81db38e3553
    status:
      code: 200
      message: OK
- request:
    body: null
    headers:
      Accept:
      - application/json
      Accept-Encoding:
      - gzip, deflate
      CommandName:
      - storage account show
      Connection:
      - keep-alive
      ParameterSetName:
      - -n -g
      User-Agent:
      - AZURECLI/2.16.0 azsdk-python-azure-mgmt-storage/16.0.0 Python/3.7.8 (Windows-10-10.0.19041-SP0)
    method: GET
    uri: https://management.azure.com/subscriptions/00000000-0000-0000-0000-000000000000/resourceGroups/cli_test_sa_pe000001/providers/Microsoft.Storage/storageAccounts/saplr000002?api-version=2019-06-01
  response:
    body:
      string: '{"sku":{"name":"Standard_LRS","tier":"Standard"},"kind":"StorageV2","id":"/subscriptions/00000000-0000-0000-0000-000000000000/resourceGroups/cli_test_sa_pe000001/providers/Microsoft.Storage/storageAccounts/saplr000002","name":"saplr000002","type":"Microsoft.Storage/storageAccounts","location":"westus","tags":{},"properties":{"privateEndpointConnections":[{"id":"/subscriptions/00000000-0000-0000-0000-000000000000/resourceGroups/cli_test_sa_pe000001/providers/Microsoft.Storage/storageAccounts/saplr000002/privateEndpointConnections/saplr000002.61dcd02b-324c-4af8-b449-216f0d5f5a39","name":"saplr000002.61dcd02b-324c-4af8-b449-216f0d5f5a39","type":"Microsoft.Storage/storageAccounts/privateEndpointConnections","properties":{"provisioningState":"Succeeded","privateEndpoint":{"id":"/subscriptions/00000000-0000-0000-0000-000000000000/resourceGroups/cli_test_sa_pe000001/providers/Microsoft.Network/privateEndpoints/cli-pe-000005"},"privateLinkServiceConnectionState":{"status":"Approved","description":"Auto-Approved","actionRequired":"None"}}}],"networkAcls":{"bypass":"AzureServices","virtualNetworkRules":[],"ipRules":[],"defaultAction":"Allow"},"supportsHttpsTrafficOnly":true,"encryption":{"services":{"file":{"keyType":"Account","enabled":true,"lastEnabledTime":"2020-12-16T09:09:48.5083347Z"},"blob":{"keyType":"Account","enabled":true,"lastEnabledTime":"2020-12-16T09:09:48.5083347Z"}},"keySource":"Microsoft.Storage"},"accessTier":"Hot","provisioningState":"Succeeded","creationTime":"2020-12-16T09:09:48.4302118Z","primaryEndpoints":{"dfs":"https://saplr000002.dfs.core.windows.net/","web":"https://saplr000002.z22.web.core.windows.net/","blob":"https://saplr000002.blob.core.windows.net/","queue":"https://saplr000002.queue.core.windows.net/","table":"https://saplr000002.table.core.windows.net/","file":"https://saplr000002.file.core.windows.net/"},"primaryLocation":"westus","statusOfPrimary":"available"}}'
    headers:
      cache-control:
      - no-cache
      content-length:
      - '2240'
      content-type:
      - application/json
      date:
      - Wed, 16 Dec 2020 09:11:07 GMT
      expires:
      - '-1'
      pragma:
      - no-cache
      server:
      - Microsoft-Azure-Storage-Resource-Provider/1.0,Microsoft-HTTPAPI/2.0 Microsoft-HTTPAPI/2.0
      strict-transport-security:
      - max-age=31536000; includeSubDomains
      transfer-encoding:
      - chunked
      vary:
      - Accept-Encoding
      x-content-type-options:
      - nosniff
    status:
      code: 200
      message: OK
- request:
    body: null
    headers:
      Accept:
      - '*/*'
      Accept-Encoding:
      - gzip, deflate
      CommandName:
      - network private-endpoint-connection show
      Connection:
      - keep-alive
      ParameterSetName:
      - --name -g --resource-name --type
      User-Agent:
      - python/3.7.8 (Windows-10-10.0.19041-SP0) AZURECLI/2.16.0
    method: GET
    uri: https://management.azure.com/subscriptions/00000000-0000-0000-0000-000000000000/resourceGroups/cli_test_sa_pe000001/providers/Microsoft.Storage/storageAccounts/saplr000002/privateEndpointConnections/saplr000002.61dcd02b-324c-4af8-b449-216f0d5f5a39?api-version=2019-06-01
  response:
    body:
      string: '{"id":"/subscriptions/00000000-0000-0000-0000-000000000000/resourceGroups/cli_test_sa_pe000001/providers/Microsoft.Storage/storageAccounts/saplr000002/privateEndpointConnections/saplr000002.61dcd02b-324c-4af8-b449-216f0d5f5a39","name":"saplr000002.61dcd02b-324c-4af8-b449-216f0d5f5a39","type":"Microsoft.Storage/storageAccounts/privateEndpointConnections","properties":{"provisioningState":"Succeeded","privateEndpoint":{"id":"/subscriptions/00000000-0000-0000-0000-000000000000/resourceGroups/cli_test_sa_pe000001/providers/Microsoft.Network/privateEndpoints/cli-pe-000005"},"privateLinkServiceConnectionState":{"status":"Approved","description":"Auto-Approved","actionRequired":"None"}}}'
    headers:
      cache-control:
      - no-cache
      content-length:
      - '849'
      content-type:
      - application/json
      date:
      - Wed, 16 Dec 2020 09:11:10 GMT
      expires:
      - '-1'
      pragma:
      - no-cache
      server:
      - Microsoft-Azure-Storage-Resource-Provider/1.0,Microsoft-HTTPAPI/2.0 Microsoft-HTTPAPI/2.0
      strict-transport-security:
      - max-age=31536000; includeSubDomains
      transfer-encoding:
      - chunked
      vary:
      - Accept-Encoding
      x-content-type-options:
      - nosniff
    status:
      code: 200
      message: OK
- request:
    body: null
    headers:
      Accept:
      - '*/*'
      Accept-Encoding:
      - gzip, deflate
      CommandName:
      - network private-endpoint-connection reject
      Connection:
      - keep-alive
      ParameterSetName:
      - --name -g --resource-name --type
      User-Agent:
      - python/3.7.8 (Windows-10-10.0.19041-SP0) AZURECLI/2.16.0
    method: GET
    uri: https://management.azure.com/subscriptions/00000000-0000-0000-0000-000000000000/resourceGroups/cli_test_sa_pe000001/providers/Microsoft.Storage/storageAccounts/saplr000002/privateEndpointConnections/saplr000002.61dcd02b-324c-4af8-b449-216f0d5f5a39?api-version=2019-06-01
  response:
    body:
      string: '{"id":"/subscriptions/00000000-0000-0000-0000-000000000000/resourceGroups/cli_test_sa_pe000001/providers/Microsoft.Storage/storageAccounts/saplr000002/privateEndpointConnections/saplr000002.61dcd02b-324c-4af8-b449-216f0d5f5a39","name":"saplr000002.61dcd02b-324c-4af8-b449-216f0d5f5a39","type":"Microsoft.Storage/storageAccounts/privateEndpointConnections","properties":{"provisioningState":"Succeeded","privateEndpoint":{"id":"/subscriptions/00000000-0000-0000-0000-000000000000/resourceGroups/cli_test_sa_pe000001/providers/Microsoft.Network/privateEndpoints/cli-pe-000005"},"privateLinkServiceConnectionState":{"status":"Approved","description":"Auto-Approved","actionRequired":"None"}}}'
    headers:
      cache-control:
      - no-cache
      content-length:
      - '849'
      content-type:
      - application/json
      date:
      - Wed, 16 Dec 2020 09:11:13 GMT
      expires:
      - '-1'
      pragma:
      - no-cache
      server:
      - Microsoft-Azure-Storage-Resource-Provider/1.0,Microsoft-HTTPAPI/2.0 Microsoft-HTTPAPI/2.0
      strict-transport-security:
      - max-age=31536000; includeSubDomains
      transfer-encoding:
      - chunked
      vary:
      - Accept-Encoding
      x-content-type-options:
      - nosniff
    status:
      code: 200
      message: OK
- request:
    body: '{"id": "/subscriptions/00000000-0000-0000-0000-000000000000/resourceGroups/cli_test_sa_pe000001/providers/Microsoft.Storage/storageAccounts/saplr000002/privateEndpointConnections/saplr000002.61dcd02b-324c-4af8-b449-216f0d5f5a39",
      "name": "saplr000002.61dcd02b-324c-4af8-b449-216f0d5f5a39", "type": "Microsoft.Storage/storageAccounts/privateEndpointConnections",
      "properties": {"provisioningState": "Succeeded", "privateEndpoint": {"id": "/subscriptions/00000000-0000-0000-0000-000000000000/resourceGroups/cli_test_sa_pe000001/providers/Microsoft.Network/privateEndpoints/cli-pe-000005"},
      "privateLinkServiceConnectionState": {"status": "Rejected", "description": null,
      "actionRequired": "None"}}}'
    headers:
      Accept:
      - '*/*'
      Accept-Encoding:
      - gzip, deflate
      CommandName:
      - network private-endpoint-connection reject
      Connection:
      - keep-alive
      Content-Length:
      - '856'
      Content-Type:
      - application/json
      ParameterSetName:
      - --name -g --resource-name --type
      User-Agent:
      - python/3.7.8 (Windows-10-10.0.19041-SP0) AZURECLI/2.16.0
    method: PUT
    uri: https://management.azure.com/subscriptions/00000000-0000-0000-0000-000000000000/resourceGroups/cli_test_sa_pe000001/providers/Microsoft.Storage/storageAccounts/saplr000002/privateEndpointConnections/saplr000002.61dcd02b-324c-4af8-b449-216f0d5f5a39?api-version=2019-06-01
  response:
    body:
      string: '{"id":"/subscriptions/00000000-0000-0000-0000-000000000000/resourceGroups/cli_test_sa_pe000001/providers/Microsoft.Storage/storageAccounts/saplr000002/privateEndpointConnections/saplr000002.61dcd02b-324c-4af8-b449-216f0d5f5a39","name":"saplr000002.61dcd02b-324c-4af8-b449-216f0d5f5a39","type":"Microsoft.Storage/storageAccounts/privateEndpointConnections","properties":{"provisioningState":"Succeeded","privateEndpoint":{"id":"/subscriptions/00000000-0000-0000-0000-000000000000/resourceGroups/cli_test_sa_pe000001/providers/Microsoft.Network/privateEndpoints/cli-pe-000005"},"privateLinkServiceConnectionState":{"status":"Rejected","description":"","actionRequired":"None"}}}'
    headers:
      cache-control:
      - no-cache
      content-length:
      - '836'
      content-type:
      - application/json
      date:
      - Wed, 16 Dec 2020 09:11:17 GMT
      expires:
      - '-1'
      pragma:
      - no-cache
      server:
      - Microsoft-Azure-Storage-Resource-Provider/1.0,Microsoft-HTTPAPI/2.0 Microsoft-HTTPAPI/2.0
      strict-transport-security:
      - max-age=31536000; includeSubDomains
      transfer-encoding:
      - chunked
      vary:
      - Accept-Encoding
      x-content-type-options:
      - nosniff
      x-ms-ratelimit-remaining-subscription-writes:
      - '1188'
    status:
      code: 200
      message: OK
- request:
    body: null
    headers:
      Accept:
      - '*/*'
      Accept-Encoding:
      - gzip, deflate
      CommandName:
      - network private-endpoint-connection reject
      Connection:
      - keep-alive
      ParameterSetName:
      - --name -g --resource-name --type
      User-Agent:
      - python/3.7.8 (Windows-10-10.0.19041-SP0) AZURECLI/2.16.0
    method: GET
    uri: https://management.azure.com/subscriptions/00000000-0000-0000-0000-000000000000/resourceGroups/cli_test_sa_pe000001/providers/Microsoft.Storage/storageAccounts/saplr000002/privateEndpointConnections/saplr000002.61dcd02b-324c-4af8-b449-216f0d5f5a39?api-version=2019-06-01
  response:
    body:
      string: '{"id":"/subscriptions/00000000-0000-0000-0000-000000000000/resourceGroups/cli_test_sa_pe000001/providers/Microsoft.Storage/storageAccounts/saplr000002/privateEndpointConnections/saplr000002.61dcd02b-324c-4af8-b449-216f0d5f5a39","name":"saplr000002.61dcd02b-324c-4af8-b449-216f0d5f5a39","type":"Microsoft.Storage/storageAccounts/privateEndpointConnections","properties":{"provisioningState":"Succeeded","privateEndpoint":{"id":"/subscriptions/00000000-0000-0000-0000-000000000000/resourceGroups/cli_test_sa_pe000001/providers/Microsoft.Network/privateEndpoints/cli-pe-000005"},"privateLinkServiceConnectionState":{"status":"Rejected","description":"","actionRequired":"None"}}}'
    headers:
      cache-control:
      - no-cache
      content-length:
      - '836'
      content-type:
      - application/json
      date:
      - Wed, 16 Dec 2020 09:11:29 GMT
      expires:
      - '-1'
      pragma:
      - no-cache
      server:
      - Microsoft-Azure-Storage-Resource-Provider/1.0,Microsoft-HTTPAPI/2.0 Microsoft-HTTPAPI/2.0
      strict-transport-security:
      - max-age=31536000; includeSubDomains
      transfer-encoding:
      - chunked
      vary:
      - Accept-Encoding
      x-content-type-options:
      - nosniff
    status:
      code: 200
      message: OK
- request:
    body: null
    headers:
      Accept:
      - '*/*'
      Accept-Encoding:
      - gzip, deflate
      CommandName:
      - network private-endpoint-connection list
      Connection:
      - keep-alive
      ParameterSetName:
      - --id
      User-Agent:
      - python/3.7.8 (Windows-10-10.0.19041-SP0) AZURECLI/2.16.0
    method: GET
    uri: https://management.azure.com/subscriptions/00000000-0000-0000-0000-000000000000/resourceGroups/cli_test_sa_pe000001/providers/Microsoft.Storage/storageAccounts/saplr000002?api-version=2019-06-01
  response:
    body:
      string: '{"sku":{"name":"Standard_LRS","tier":"Standard"},"kind":"StorageV2","id":"/subscriptions/00000000-0000-0000-0000-000000000000/resourceGroups/cli_test_sa_pe000001/providers/Microsoft.Storage/storageAccounts/saplr000002","name":"saplr000002","type":"Microsoft.Storage/storageAccounts","location":"westus","tags":{},"properties":{"privateEndpointConnections":[{"id":"/subscriptions/00000000-0000-0000-0000-000000000000/resourceGroups/cli_test_sa_pe000001/providers/Microsoft.Storage/storageAccounts/saplr000002/privateEndpointConnections/saplr000002.61dcd02b-324c-4af8-b449-216f0d5f5a39","name":"saplr000002.61dcd02b-324c-4af8-b449-216f0d5f5a39","type":"Microsoft.Storage/storageAccounts/privateEndpointConnections","properties":{"provisioningState":"Succeeded","privateEndpoint":{"id":"/subscriptions/00000000-0000-0000-0000-000000000000/resourceGroups/cli_test_sa_pe000001/providers/Microsoft.Network/privateEndpoints/cli-pe-000005"},"privateLinkServiceConnectionState":{"status":"Rejected","description":"","actionRequired":"None"}}}],"networkAcls":{"bypass":"AzureServices","virtualNetworkRules":[],"ipRules":[],"defaultAction":"Allow"},"supportsHttpsTrafficOnly":true,"encryption":{"services":{"file":{"keyType":"Account","enabled":true,"lastEnabledTime":"2020-12-16T09:09:48.5083347Z"},"blob":{"keyType":"Account","enabled":true,"lastEnabledTime":"2020-12-16T09:09:48.5083347Z"}},"keySource":"Microsoft.Storage"},"accessTier":"Hot","provisioningState":"Succeeded","creationTime":"2020-12-16T09:09:48.4302118Z","primaryEndpoints":{"dfs":"https://saplr000002.dfs.core.windows.net/","web":"https://saplr000002.z22.web.core.windows.net/","blob":"https://saplr000002.blob.core.windows.net/","queue":"https://saplr000002.queue.core.windows.net/","table":"https://saplr000002.table.core.windows.net/","file":"https://saplr000002.file.core.windows.net/"},"primaryLocation":"westus","statusOfPrimary":"available"}}'
    headers:
      cache-control:
      - no-cache
      content-length:
      - '2227'
      content-type:
      - application/json
      date:
      - Wed, 16 Dec 2020 09:11:32 GMT
      expires:
      - '-1'
      pragma:
      - no-cache
      server:
      - Microsoft-Azure-Storage-Resource-Provider/1.0,Microsoft-HTTPAPI/2.0 Microsoft-HTTPAPI/2.0
      strict-transport-security:
      - max-age=31536000; includeSubDomains
      transfer-encoding:
      - chunked
      vary:
      - Accept-Encoding
      x-content-type-options:
      - nosniff
    status:
      code: 200
      message: OK
- request:
    body: null
    headers:
      Accept:
      - '*/*'
      Accept-Encoding:
      - gzip, deflate
      CommandName:
      - network private-endpoint-connection delete
      Connection:
      - keep-alive
      Content-Length:
      - '0'
      ParameterSetName:
      - --id -y
      User-Agent:
      - python/3.7.8 (Windows-10-10.0.19041-SP0) AZURECLI/2.16.0
    method: DELETE
    uri: https://management.azure.com/subscriptions/00000000-0000-0000-0000-000000000000/resourceGroups/cli_test_sa_pe000001/providers/Microsoft.Storage/storageAccounts/saplr000002/privateEndpointConnections/saplr000002.61dcd02b-324c-4af8-b449-216f0d5f5a39?api-version=2019-06-01
  response:
    body:
      string: ''
    headers:
      cache-control:
      - no-cache
      content-length:
      - '0'
      content-type:
      - text/plain; charset=utf-8
      date:
      - Wed, 16 Dec 2020 09:11:35 GMT
      expires:
      - '-1'
      pragma:
      - no-cache
      server:
      - Microsoft-Azure-Storage-Resource-Provider/1.0,Microsoft-HTTPAPI/2.0 Microsoft-HTTPAPI/2.0
      strict-transport-security:
      - max-age=31536000; includeSubDomains
      x-content-type-options:
      - nosniff
      x-ms-ratelimit-remaining-subscription-deletes:
      - '14997'
    status:
      code: 200
      message: OK
version: 1
