interactions:
- request:
    body: null
    headers:
      Accept:
      - application/json
      Accept-Encoding:
      - gzip, deflate
      CommandName:
      - network lb create
      Connection:
      - keep-alive
      ParameterSetName:
      - -g -n --sku --vnet-name --subnet
      User-Agent:
      - AZURECLI/2.51.0 azsdk-python-azure-mgmt-resource/23.1.0b2 Python/3.9.5 (Windows-10-10.0.22621-SP0)
    method: GET
    uri: https://management.azure.com/subscriptions/00000000-0000-0000-0000-000000000000/resourcegroups/test_network_lb_tunnel_interface000001?api-version=2022-09-01
  response:
    body:
      string: '{"id":"/subscriptions/00000000-0000-0000-0000-000000000000/resourceGroups/test_network_lb_tunnel_interface000001","name":"test_network_lb_tunnel_interface000001","type":"Microsoft.Resources/resourceGroups","location":"eastus","tags":{"product":"azurecli","cause":"automation","test":"test_network_lb_tunnel_interface","date":"2023-09-12T06:47:45Z","module":"network"},"properties":{"provisioningState":"Succeeded"}}'
    headers:
      cache-control:
      - no-cache
      content-length:
      - '415'
      content-type:
      - application/json; charset=utf-8
      date:
      - Tue, 12 Sep 2023 06:47:49 GMT
      expires:
      - '-1'
      pragma:
      - no-cache
      strict-transport-security:
      - max-age=31536000; includeSubDomains
      vary:
      - Accept-Encoding
      x-content-type-options:
      - nosniff
    status:
      code: 200
      message: OK
- request:
    body: null
    headers:
      Accept:
      - application/json
      Accept-Encoding:
      - gzip, deflate
      CommandName:
      - network lb create
      Connection:
      - keep-alive
      ParameterSetName:
      - -g -n --sku --vnet-name --subnet
      User-Agent:
      - AZURECLI/2.51.0 azsdk-python-azure-mgmt-resource/23.1.0b2 Python/3.9.5 (Windows-10-10.0.22621-SP0)
    method: GET
    uri: https://management.azure.com/subscriptions/00000000-0000-0000-0000-000000000000/resources?$filter=resourceGroup%20eq%20%27test_network_lb_tunnel_interface000001%27%20and%20name%20eq%20%27vnet%27%20and%20resourceType%20eq%20%27Microsoft.Network%2FvirtualNetworks%27&api-version=2022-09-01
  response:
    body:
      string: '{"value":[]}'
    headers:
      cache-control:
      - no-cache
      content-length:
      - '12'
      content-type:
      - application/json; charset=utf-8
      date:
      - Tue, 12 Sep 2023 06:47:50 GMT
      expires:
      - '-1'
      pragma:
      - no-cache
      strict-transport-security:
      - max-age=31536000; includeSubDomains
      vary:
      - Accept-Encoding
      x-content-type-options:
      - nosniff
    status:
      code: 200
      message: OK
- request:
    body: '{"properties": {"template": {"$schema": "https://schema.management.azure.com/schemas/2015-01-01/deploymentTemplate.json#",
      "contentVersion": "1.0.0.0", "parameters": {}, "variables": {}, "resources":
      [{"name": "vnet", "type": "Microsoft.Network/virtualNetworks", "location": "eastus",
      "apiVersion": "2015-06-15", "dependsOn": [], "tags": {}, "properties": {"addressSpace":
      {"addressPrefixes": ["10.0.0.0/16"]}, "subnets": [{"name": "subnet", "properties":
      {"addressPrefix": "10.0.0.0/24"}}]}}, {"type": "Microsoft.Network/loadBalancers",
      "name": "lb", "location": "eastus", "tags": {}, "apiVersion": "2022-05-01",
      "dependsOn": ["Microsoft.Network/virtualNetworks/vnet"], "properties": {"backendAddressPools":
      [{"name": "lbbepool", "properties": {"tunnelInterfaces": [{"protocol": "VXLAN",
      "type": "Internal", "identifier": 900}]}}], "frontendIPConfigurations": [{"name":
      "LoadBalancerFrontEnd", "properties": {"privateIPAllocationMethod": "Dynamic",
      "privateIPAddress": null, "subnet": {"id": "/subscriptions/00000000-0000-0000-0000-000000000000/resourceGroups/test_network_lb_tunnel_interface000001/providers/Microsoft.Network/virtualNetworks/vnet/subnets/subnet"},
      "privateIPAddressVersion": "IPv4"}}]}, "sku": {"name": "Gateway"}}], "outputs":
      {"loadBalancer": {"type": "object", "value": "[reference(''lb'')]"}}}, "parameters":
      {}, "mode": "incremental"}}'
    headers:
      Accept:
      - application/json
      Accept-Encoding:
      - gzip, deflate
      CommandName:
      - network lb create
      Connection:
      - keep-alive
      Content-Length:
      - '1357'
      Content-Type:
      - application/json
      ParameterSetName:
      - -g -n --sku --vnet-name --subnet
      User-Agent:
      - AZURECLI/2.51.0 azsdk-python-azure-mgmt-resource/23.1.0b2 Python/3.9.5 (Windows-10-10.0.22621-SP0)
    method: PUT
    uri: https://management.azure.com/subscriptions/00000000-0000-0000-0000-000000000000/resourcegroups/test_network_lb_tunnel_interface000001/providers/Microsoft.Resources/deployments/mock-deployment?api-version=2022-09-01
  response:
    body:
      string: '{"id":"/subscriptions/00000000-0000-0000-0000-000000000000/resourceGroups/test_network_lb_tunnel_interface000001/providers/Microsoft.Resources/deployments/lb_deploy_nCVcDxGbTKdVfIOY7NwbXy6rgjkPc1dk","name":"lb_deploy_nCVcDxGbTKdVfIOY7NwbXy6rgjkPc1dk","type":"Microsoft.Resources/deployments","properties":{"templateHash":"14478348651219074845","parameters":{},"mode":"Incremental","provisioningState":"Accepted","timestamp":"2023-09-12T06:47:56.1600225Z","duration":"PT0.000711S","correlationId":"a588d38c-b604-4227-8967-9963c52a9011","providers":[{"namespace":"Microsoft.Network","resourceTypes":[{"resourceType":"virtualNetworks","locations":["eastus"]},{"resourceType":"loadBalancers","locations":["eastus"]}]}],"dependencies":[{"dependsOn":[{"id":"/subscriptions/00000000-0000-0000-0000-000000000000/resourceGroups/test_network_lb_tunnel_interface000001/providers/Microsoft.Network/virtualNetworks/vnet","resourceType":"Microsoft.Network/virtualNetworks","resourceName":"vnet"}],"id":"/subscriptions/00000000-0000-0000-0000-000000000000/resourceGroups/test_network_lb_tunnel_interface000001/providers/Microsoft.Network/loadBalancers/lb","resourceType":"Microsoft.Network/loadBalancers","resourceName":"lb"}]}}'
    headers:
      azure-asyncoperation:
      - https://management.azure.com/subscriptions/00000000-0000-0000-0000-000000000000/resourcegroups/test_network_lb_tunnel_interface000001/providers/Microsoft.Resources/deployments/lb_deploy_nCVcDxGbTKdVfIOY7NwbXy6rgjkPc1dk/operationStatuses/08585071056120958373?api-version=2022-09-01
      cache-control:
      - no-cache
      content-length:
      - '1213'
      content-type:
      - application/json; charset=utf-8
      date:
      - Tue, 12 Sep 2023 06:47:58 GMT
      expires:
      - '-1'
      pragma:
      - no-cache
      strict-transport-security:
      - max-age=31536000; includeSubDomains
      x-content-type-options:
      - nosniff
      x-ms-ratelimit-remaining-subscription-writes:
      - '1198'
    status:
      code: 201
      message: Created
- request:
    body: null
    headers:
      Accept:
      - '*/*'
      Accept-Encoding:
      - gzip, deflate
      CommandName:
      - network lb create
      Connection:
      - keep-alive
      ParameterSetName:
      - -g -n --sku --vnet-name --subnet
      User-Agent:
      - AZURECLI/2.51.0 azsdk-python-azure-mgmt-resource/23.1.0b2 Python/3.9.5 (Windows-10-10.0.22621-SP0)
    method: GET
    uri: https://management.azure.com/subscriptions/00000000-0000-0000-0000-000000000000/resourcegroups/test_network_lb_tunnel_interface000001/providers/Microsoft.Resources/deployments/mock-deployment/operationStatuses/08585071056120958373?api-version=2022-09-01
  response:
    body:
      string: '{"status":"Running"}'
    headers:
      cache-control:
      - no-cache
      content-length:
      - '20'
      content-type:
      - application/json; charset=utf-8
      date:
      - Tue, 12 Sep 2023 06:47:58 GMT
      expires:
      - '-1'
      pragma:
      - no-cache
      strict-transport-security:
      - max-age=31536000; includeSubDomains
      vary:
      - Accept-Encoding
      x-content-type-options:
      - nosniff
    status:
      code: 200
      message: OK
- request:
    body: null
    headers:
      Accept:
      - '*/*'
      Accept-Encoding:
      - gzip, deflate
      CommandName:
      - network lb create
      Connection:
      - keep-alive
      ParameterSetName:
      - -g -n --sku --vnet-name --subnet
      User-Agent:
      - AZURECLI/2.51.0 azsdk-python-azure-mgmt-resource/23.1.0b2 Python/3.9.5 (Windows-10-10.0.22621-SP0)
    method: GET
    uri: https://management.azure.com/subscriptions/00000000-0000-0000-0000-000000000000/resourcegroups/test_network_lb_tunnel_interface000001/providers/Microsoft.Resources/deployments/mock-deployment/operationStatuses/08585071056120958373?api-version=2022-09-01
  response:
    body:
      string: '{"status":"Succeeded"}'
    headers:
      cache-control:
      - no-cache
      content-length:
      - '22'
      content-type:
      - application/json; charset=utf-8
      date:
      - Tue, 12 Sep 2023 06:48:28 GMT
      expires:
      - '-1'
      pragma:
      - no-cache
      strict-transport-security:
      - max-age=31536000; includeSubDomains
      vary:
      - Accept-Encoding
      x-content-type-options:
      - nosniff
    status:
      code: 200
      message: OK
- request:
    body: null
    headers:
      Accept:
      - '*/*'
      Accept-Encoding:
      - gzip, deflate
      CommandName:
      - network lb create
      Connection:
      - keep-alive
      ParameterSetName:
      - -g -n --sku --vnet-name --subnet
      User-Agent:
      - AZURECLI/2.51.0 azsdk-python-azure-mgmt-resource/23.1.0b2 Python/3.9.5 (Windows-10-10.0.22621-SP0)
    method: GET
    uri: https://management.azure.com/subscriptions/00000000-0000-0000-0000-000000000000/resourcegroups/test_network_lb_tunnel_interface000001/providers/Microsoft.Resources/deployments/mock-deployment?api-version=2022-09-01
  response:
    body:
      string: '{"id":"/subscriptions/00000000-0000-0000-0000-000000000000/resourceGroups/test_network_lb_tunnel_interface000001/providers/Microsoft.Resources/deployments/lb_deploy_nCVcDxGbTKdVfIOY7NwbXy6rgjkPc1dk","name":"lb_deploy_nCVcDxGbTKdVfIOY7NwbXy6rgjkPc1dk","type":"Microsoft.Resources/deployments","properties":{"templateHash":"14478348651219074845","parameters":{},"mode":"Incremental","provisioningState":"Succeeded","timestamp":"2023-09-12T06:48:22.1607424Z","duration":"PT26.0014309S","correlationId":"a588d38c-b604-4227-8967-9963c52a9011","providers":[{"namespace":"Microsoft.Network","resourceTypes":[{"resourceType":"virtualNetworks","locations":["eastus"]},{"resourceType":"loadBalancers","locations":["eastus"]}]}],"dependencies":[{"dependsOn":[{"id":"/subscriptions/00000000-0000-0000-0000-000000000000/resourceGroups/test_network_lb_tunnel_interface000001/providers/Microsoft.Network/virtualNetworks/vnet","resourceType":"Microsoft.Network/virtualNetworks","resourceName":"vnet"}],"id":"/subscriptions/00000000-0000-0000-0000-000000000000/resourceGroups/test_network_lb_tunnel_interface000001/providers/Microsoft.Network/loadBalancers/lb","resourceType":"Microsoft.Network/loadBalancers","resourceName":"lb"}],"outputs":{"loadBalancer":{"type":"Object","value":{"provisioningState":"Succeeded","resourceGuid":"ed6b13d4-62a0-4665-b82a-2acb8e7a9ca8","frontendIPConfigurations":[{"name":"LoadBalancerFrontEnd","id":"/subscriptions/00000000-0000-0000-0000-000000000000/resourceGroups/test_network_lb_tunnel_interface000001/providers/Microsoft.Network/loadBalancers/lb/frontendIPConfigurations/LoadBalancerFrontEnd","etag":"W/\"0ddcb772-dc53-4c64-88e4-eb9378fae07c\"","type":"Microsoft.Network/loadBalancers/frontendIPConfigurations","properties":{"provisioningState":"Succeeded","privateIPAddress":"10.0.0.4","privateIPAllocationMethod":"Dynamic","subnet":{"id":"/subscriptions/00000000-0000-0000-0000-000000000000/resourceGroups/test_network_lb_tunnel_interface000001/providers/Microsoft.Network/virtualNetworks/vnet/subnets/subnet"},"privateIPAddressVersion":"IPv4"}}],"backendAddressPools":[{"name":"lbbepool","id":"/subscriptions/00000000-0000-0000-0000-000000000000/resourceGroups/test_network_lb_tunnel_interface000001/providers/Microsoft.Network/loadBalancers/lb/backendAddressPools/lbbepool","etag":"W/\"0ddcb772-dc53-4c64-88e4-eb9378fae07c\"","properties":{"provisioningState":"Succeeded","loadBalancerBackendAddresses":[],"tunnelInterfaces":[{"port":10800,"identifier":900,"protocol":"VXLAN","type":"Internal"}]},"type":"Microsoft.Network/loadBalancers/backendAddressPools"}],"loadBalancingRules":[],"probes":[],"inboundNatRules":[],"outboundRules":[],"inboundNatPools":[]}}},"outputResources":[{"id":"/subscriptions/00000000-0000-0000-0000-000000000000/resourceGroups/test_network_lb_tunnel_interface000001/providers/Microsoft.Network/loadBalancers/lb"},{"id":"/subscriptions/00000000-0000-0000-0000-000000000000/resourceGroups/test_network_lb_tunnel_interface000001/providers/Microsoft.Network/virtualNetworks/vnet"}]}}'
    headers:
      cache-control:
      - no-cache
      content-length:
      - '3032'
      content-type:
      - application/json; charset=utf-8
      date:
      - Tue, 12 Sep 2023 06:48:28 GMT
      expires:
      - '-1'
      pragma:
      - no-cache
      strict-transport-security:
      - max-age=31536000; includeSubDomains
      vary:
      - Accept-Encoding
      x-content-type-options:
      - nosniff
    status:
      code: 200
      message: OK
- request:
    body: null
    headers:
      Accept:
      - application/json
      Accept-Encoding:
      - gzip, deflate
      CommandName:
      - network lb address-pool create
      Connection:
      - keep-alive
      ParameterSetName:
      - -g --lb-name -n --vnet
      User-Agent:
      - AZURECLI/2.51.0 (AAZ) azsdk-python-core/1.26.0 Python/3.9.5 (Windows-10-10.0.22621-SP0)
    method: GET
    uri: https://management.azure.com/subscriptions/00000000-0000-0000-0000-000000000000/resourceGroups/test_network_lb_tunnel_interface000001/providers/Microsoft.Network/loadBalancers/lb?api-version=2023-04-01
  response:
    body:
      string: '{"name":"lb","id":"/subscriptions/00000000-0000-0000-0000-000000000000/resourceGroups/test_network_lb_tunnel_interface000001/providers/Microsoft.Network/loadBalancers/lb","etag":"W/\"0ddcb772-dc53-4c64-88e4-eb9378fae07c\"","type":"Microsoft.Network/loadBalancers","location":"eastus","tags":{},"properties":{"provisioningState":"Succeeded","resourceGuid":"ed6b13d4-62a0-4665-b82a-2acb8e7a9ca8","frontendIPConfigurations":[{"name":"LoadBalancerFrontEnd","id":"/subscriptions/00000000-0000-0000-0000-000000000000/resourceGroups/test_network_lb_tunnel_interface000001/providers/Microsoft.Network/loadBalancers/lb/frontendIPConfigurations/LoadBalancerFrontEnd","etag":"W/\"0ddcb772-dc53-4c64-88e4-eb9378fae07c\"","type":"Microsoft.Network/loadBalancers/frontendIPConfigurations","properties":{"provisioningState":"Succeeded","privateIPAddress":"10.0.0.4","privateIPAllocationMethod":"Dynamic","subnet":{"id":"/subscriptions/00000000-0000-0000-0000-000000000000/resourceGroups/test_network_lb_tunnel_interface000001/providers/Microsoft.Network/virtualNetworks/vnet/subnets/subnet"},"privateIPAddressVersion":"IPv4"}}],"backendAddressPools":[{"name":"lbbepool","id":"/subscriptions/00000000-0000-0000-0000-000000000000/resourceGroups/test_network_lb_tunnel_interface000001/providers/Microsoft.Network/loadBalancers/lb/backendAddressPools/lbbepool","etag":"W/\"0ddcb772-dc53-4c64-88e4-eb9378fae07c\"","properties":{"provisioningState":"Succeeded","loadBalancerBackendAddresses":[],"tunnelInterfaces":[{"port":10800,"identifier":900,"protocol":"VXLAN","type":"Internal"}]},"type":"Microsoft.Network/loadBalancers/backendAddressPools"}],"loadBalancingRules":[],"probes":[],"inboundNatRules":[],"outboundRules":[],"inboundNatPools":[]},"sku":{"name":"Gateway","tier":"Regional"}}'
    headers:
      cache-control:
      - no-cache
      content-length:
      - '1769'
      content-type:
      - application/json; charset=utf-8
      date:
      - Tue, 12 Sep 2023 06:48:31 GMT
      etag:
      - W/"0ddcb772-dc53-4c64-88e4-eb9378fae07c"
      expires:
      - '-1'
      pragma:
      - no-cache
      server:
      - Microsoft-HTTPAPI/2.0
      - Microsoft-HTTPAPI/2.0
      strict-transport-security:
      - max-age=31536000; includeSubDomains
      transfer-encoding:
      - chunked
      vary:
      - Accept-Encoding
      x-content-type-options:
      - nosniff
      x-ms-arm-service-request-id:
      - b80ad560-fffa-4a65-b281-4edc7ce1f579
    status:
      code: 200
      message: OK
- request:
    body: '{"name": "backend-address-pool-name", "properties": {"tunnelInterfaces":
      [{"identifier": 900, "protocol": "VXLAN", "type": "Internal"}]}}'
    headers:
      Accept:
      - application/json
      Accept-Encoding:
      - gzip, deflate
      CommandName:
      - network lb address-pool create
      Connection:
      - keep-alive
      Content-Length:
      - '137'
      Content-Type:
      - application/json
      ParameterSetName:
      - -g --lb-name -n --vnet
      User-Agent:
      - AZURECLI/2.51.0 (AAZ) azsdk-python-core/1.26.0 Python/3.9.5 (Windows-10-10.0.22621-SP0)
    method: PUT
    uri: https://management.azure.com/subscriptions/00000000-0000-0000-0000-000000000000/resourceGroups/test_network_lb_tunnel_interface000001/providers/Microsoft.Network/loadBalancers/lb/backendAddressPools/backend-address-pool-name?api-version=2023-04-01
  response:
    body:
      string: '{"name":"backend-address-pool-name","id":"/subscriptions/00000000-0000-0000-0000-000000000000/resourceGroups/test_network_lb_tunnel_interface000001/providers/Microsoft.Network/loadBalancers/lb/backendAddressPools/backend-address-pool-name","etag":"W/\"d79c3b81-21e7-460d-8add-7e7e50a683c6\"","properties":{"provisioningState":"Updating","loadBalancerBackendAddresses":[],"tunnelInterfaces":[{"port":0,"identifier":900,"protocol":"VXLAN","type":"Internal"}]},"type":"Microsoft.Network/loadBalancers/backendAddressPools"}'
    headers:
      azure-asyncnotification:
      - Enabled
      azure-asyncoperation:
      - https://management.azure.com/subscriptions/00000000-0000-0000-0000-000000000000/providers/Microsoft.Network/locations/eastus/operations/178065d2-bcbf-44ab-8267-4d186680c70a?api-version=2023-04-01
      cache-control:
      - no-cache
      content-length:
      - '519'
      content-type:
      - application/json; charset=utf-8
      date:
      - Tue, 12 Sep 2023 06:48:32 GMT
      expires:
      - '-1'
      pragma:
      - no-cache
      server:
      - Microsoft-HTTPAPI/2.0
      - Microsoft-HTTPAPI/2.0
      strict-transport-security:
      - max-age=31536000; includeSubDomains
      x-content-type-options:
      - nosniff
      x-ms-arm-service-request-id:
      - b05532ac-01a9-47cf-9f25-bca562168978
      x-ms-ratelimit-remaining-subscription-writes:
      - '1199'
    status:
      code: 201
      message: Created
- request:
    body: null
    headers:
      Accept:
      - '*/*'
      Accept-Encoding:
      - gzip, deflate
      CommandName:
      - network lb address-pool create
      Connection:
      - keep-alive
      ParameterSetName:
      - -g --lb-name -n --vnet
      User-Agent:
      - AZURECLI/2.51.0 (AAZ) azsdk-python-core/1.26.0 Python/3.9.5 (Windows-10-10.0.22621-SP0)
    method: GET
    uri: https://management.azure.com/subscriptions/00000000-0000-0000-0000-000000000000/providers/Microsoft.Network/locations/eastus/operations/178065d2-bcbf-44ab-8267-4d186680c70a?api-version=2023-04-01
  response:
    body:
      string: '{"status":"Succeeded"}'
    headers:
      cache-control:
      - no-cache
      content-length:
      - '22'
      content-type:
      - application/json; charset=utf-8
      date:
      - Tue, 12 Sep 2023 06:48:32 GMT
      expires:
      - '-1'
      pragma:
      - no-cache
      server:
      - Microsoft-HTTPAPI/2.0
      - Microsoft-HTTPAPI/2.0
      strict-transport-security:
      - max-age=31536000; includeSubDomains
      transfer-encoding:
      - chunked
      vary:
      - Accept-Encoding
      x-content-type-options:
      - nosniff
      x-ms-arm-service-request-id:
      - ee3f017a-3612-457d-b79a-6079e7ac6a12
    status:
      code: 200
      message: OK
- request:
    body: null
    headers:
      Accept:
      - '*/*'
      Accept-Encoding:
      - gzip, deflate
      CommandName:
      - network lb address-pool create
      Connection:
      - keep-alive
      ParameterSetName:
      - -g --lb-name -n --vnet
      User-Agent:
      - AZURECLI/2.51.0 (AAZ) azsdk-python-core/1.26.0 Python/3.9.5 (Windows-10-10.0.22621-SP0)
    method: GET
    uri: https://management.azure.com/subscriptions/00000000-0000-0000-0000-000000000000/resourceGroups/test_network_lb_tunnel_interface000001/providers/Microsoft.Network/loadBalancers/lb/backendAddressPools/backend-address-pool-name?api-version=2023-04-01
  response:
    body:
      string: '{"name":"backend-address-pool-name","id":"/subscriptions/00000000-0000-0000-0000-000000000000/resourceGroups/test_network_lb_tunnel_interface000001/providers/Microsoft.Network/loadBalancers/lb/backendAddressPools/backend-address-pool-name","etag":"W/\"e67d524e-41b5-4135-b399-6e90458d42f4\"","properties":{"provisioningState":"Succeeded","loadBalancerBackendAddresses":[],"tunnelInterfaces":[{"port":10800,"identifier":900,"protocol":"VXLAN","type":"Internal"}]},"type":"Microsoft.Network/loadBalancers/backendAddressPools"}'
    headers:
      cache-control:
      - no-cache
      content-length:
      - '524'
      content-type:
      - application/json; charset=utf-8
      date:
      - Tue, 12 Sep 2023 06:48:33 GMT
      etag:
      - W/"e67d524e-41b5-4135-b399-6e90458d42f4"
      expires:
      - '-1'
      pragma:
      - no-cache
      server:
      - Microsoft-HTTPAPI/2.0
      - Microsoft-HTTPAPI/2.0
      strict-transport-security:
      - max-age=31536000; includeSubDomains
      transfer-encoding:
      - chunked
      vary:
      - Accept-Encoding
      x-content-type-options:
      - nosniff
      x-ms-arm-service-request-id:
      - b021d801-a23a-436c-ae26-0b655dcd15b1
    status:
      code: 200
      message: OK
- request:
    body: null
    headers:
      Accept:
      - application/json
      Accept-Encoding:
      - gzip, deflate
      CommandName:
      - network lb address-pool create
      Connection:
      - keep-alive
      ParameterSetName:
      - -g --lb-name -n --vnet
      User-Agent:
      - AZURECLI/2.51.0 (AAZ) azsdk-python-core/1.26.0 Python/3.9.5 (Windows-10-10.0.22621-SP0)
    method: GET
    uri: https://management.azure.com/subscriptions/00000000-0000-0000-0000-000000000000/resourceGroups/test_network_lb_tunnel_interface000001/providers/Microsoft.Network/loadBalancers/lb?api-version=2023-04-01
  response:
    body:
      string: '{"name":"lb","id":"/subscriptions/00000000-0000-0000-0000-000000000000/resourceGroups/test_network_lb_tunnel_interface000001/providers/Microsoft.Network/loadBalancers/lb","etag":"W/\"e67d524e-41b5-4135-b399-6e90458d42f4\"","type":"Microsoft.Network/loadBalancers","location":"eastus","tags":{},"properties":{"provisioningState":"Succeeded","resourceGuid":"ed6b13d4-62a0-4665-b82a-2acb8e7a9ca8","frontendIPConfigurations":[{"name":"LoadBalancerFrontEnd","id":"/subscriptions/00000000-0000-0000-0000-000000000000/resourceGroups/test_network_lb_tunnel_interface000001/providers/Microsoft.Network/loadBalancers/lb/frontendIPConfigurations/LoadBalancerFrontEnd","etag":"W/\"e67d524e-41b5-4135-b399-6e90458d42f4\"","type":"Microsoft.Network/loadBalancers/frontendIPConfigurations","properties":{"provisioningState":"Succeeded","privateIPAddress":"10.0.0.4","privateIPAllocationMethod":"Dynamic","subnet":{"id":"/subscriptions/00000000-0000-0000-0000-000000000000/resourceGroups/test_network_lb_tunnel_interface000001/providers/Microsoft.Network/virtualNetworks/vnet/subnets/subnet"},"privateIPAddressVersion":"IPv4"}}],"backendAddressPools":[{"name":"lbbepool","id":"/subscriptions/00000000-0000-0000-0000-000000000000/resourceGroups/test_network_lb_tunnel_interface000001/providers/Microsoft.Network/loadBalancers/lb/backendAddressPools/lbbepool","etag":"W/\"e67d524e-41b5-4135-b399-6e90458d42f4\"","properties":{"provisioningState":"Succeeded","loadBalancerBackendAddresses":[],"tunnelInterfaces":[{"port":10800,"identifier":900,"protocol":"VXLAN","type":"Internal"}]},"type":"Microsoft.Network/loadBalancers/backendAddressPools"},{"name":"backend-address-pool-name","id":"/subscriptions/00000000-0000-0000-0000-000000000000/resourceGroups/test_network_lb_tunnel_interface000001/providers/Microsoft.Network/loadBalancers/lb/backendAddressPools/backend-address-pool-name","etag":"W/\"e67d524e-41b5-4135-b399-6e90458d42f4\"","properties":{"provisioningState":"Succeeded","loadBalancerBackendAddresses":[],"tunnelInterfaces":[{"port":10800,"identifier":900,"protocol":"VXLAN","type":"Internal"}]},"type":"Microsoft.Network/loadBalancers/backendAddressPools"}],"loadBalancingRules":[],"probes":[],"inboundNatRules":[],"outboundRules":[],"inboundNatPools":[]},"sku":{"name":"Gateway","tier":"Regional"}}'
    headers:
      cache-control:
      - no-cache
      content-length:
      - '2294'
      content-type:
      - application/json; charset=utf-8
      date:
      - Tue, 12 Sep 2023 06:48:33 GMT
      etag:
      - W/"e67d524e-41b5-4135-b399-6e90458d42f4"
      expires:
      - '-1'
      pragma:
      - no-cache
      server:
      - Microsoft-HTTPAPI/2.0
      - Microsoft-HTTPAPI/2.0
      strict-transport-security:
      - max-age=31536000; includeSubDomains
      transfer-encoding:
      - chunked
      vary:
      - Accept-Encoding
      x-content-type-options:
      - nosniff
      x-ms-arm-service-request-id:
      - 4c4467b4-9506-458f-9fb0-ec58b28b07a0
    status:
      code: 200
      message: OK
- request:
    body: null
    headers:
      Accept:
      - application/json
      Accept-Encoding:
      - gzip, deflate
      CommandName:
      - network lb address-pool tunnel-interface add
      Connection:
      - keep-alive
      ParameterSetName:
      - -g --lb-name --address-pool --type --protocol --identifier --port
      User-Agent:
      - AZURECLI/2.51.0 (AAZ) azsdk-python-core/1.26.0 Python/3.9.5 (Windows-10-10.0.22621-SP0)
    method: GET
    uri: https://management.azure.com/subscriptions/00000000-0000-0000-0000-000000000000/resourceGroups/test_network_lb_tunnel_interface000001/providers/Microsoft.Network/loadBalancers/lb/backendAddressPools/backend-address-pool-name?api-version=2023-04-01
  response:
    body:
      string: '{"name":"backend-address-pool-name","id":"/subscriptions/00000000-0000-0000-0000-000000000000/resourceGroups/test_network_lb_tunnel_interface000001/providers/Microsoft.Network/loadBalancers/lb/backendAddressPools/backend-address-pool-name","etag":"W/\"e67d524e-41b5-4135-b399-6e90458d42f4\"","properties":{"provisioningState":"Succeeded","loadBalancerBackendAddresses":[],"tunnelInterfaces":[{"port":10800,"identifier":900,"protocol":"VXLAN","type":"Internal"}]},"type":"Microsoft.Network/loadBalancers/backendAddressPools"}'
    headers:
      cache-control:
      - no-cache
      content-length:
      - '524'
      content-type:
      - application/json; charset=utf-8
      date:
      - Tue, 12 Sep 2023 06:48:35 GMT
      etag:
      - W/"e67d524e-41b5-4135-b399-6e90458d42f4"
      expires:
      - '-1'
      pragma:
      - no-cache
      server:
      - Microsoft-HTTPAPI/2.0
      - Microsoft-HTTPAPI/2.0
      strict-transport-security:
      - max-age=31536000; includeSubDomains
      transfer-encoding:
      - chunked
      vary:
      - Accept-Encoding
      x-content-type-options:
      - nosniff
      x-ms-arm-service-request-id:
      - 063499d0-72f6-4c93-a3b3-467a862ecae5
    status:
      code: 200
      message: OK
- request:
    body: '{"id": "/subscriptions/00000000-0000-0000-0000-000000000000/resourceGroups/test_network_lb_tunnel_interface000001/providers/Microsoft.Network/loadBalancers/lb/backendAddressPools/backend-address-pool-name",
      "name": "backend-address-pool-name", "properties": {"loadBalancerBackendAddresses":
      [], "tunnelInterfaces": [{"identifier": 900, "port": 10800, "protocol": "VXLAN",
      "type": "Internal"}, {"identifier": 950, "port": 15000, "protocol": "VXLAN",
      "type": "External"}]}}'
    headers:
      Accept:
      - application/json
      Accept-Encoding:
      - gzip, deflate
      CommandName:
      - network lb address-pool tunnel-interface add
      Connection:
      - keep-alive
      Content-Length:
      - '471'
      Content-Type:
      - application/json
      ParameterSetName:
      - -g --lb-name --address-pool --type --protocol --identifier --port
      User-Agent:
      - AZURECLI/2.51.0 (AAZ) azsdk-python-core/1.26.0 Python/3.9.5 (Windows-10-10.0.22621-SP0)
    method: PUT
    uri: https://management.azure.com/subscriptions/00000000-0000-0000-0000-000000000000/resourceGroups/test_network_lb_tunnel_interface000001/providers/Microsoft.Network/loadBalancers/lb/backendAddressPools/backend-address-pool-name?api-version=2023-04-01
  response:
    body:
      string: '{"name":"backend-address-pool-name","id":"/subscriptions/00000000-0000-0000-0000-000000000000/resourceGroups/test_network_lb_tunnel_interface000001/providers/Microsoft.Network/loadBalancers/lb/backendAddressPools/backend-address-pool-name","etag":"W/\"2a34de44-45a9-42f0-9f47-a98180a9786c\"","properties":{"provisioningState":"Updating","loadBalancerBackendAddresses":[],"tunnelInterfaces":[{"port":10800,"identifier":900,"protocol":"VXLAN","type":"Internal"},{"port":15000,"identifier":950,"protocol":"VXLAN","type":"External"}]},"type":"Microsoft.Network/loadBalancers/backendAddressPools"}'
    headers:
      azure-asyncnotification:
      - Enabled
      azure-asyncoperation:
      - https://management.azure.com/subscriptions/00000000-0000-0000-0000-000000000000/providers/Microsoft.Network/locations/eastus/operations/062be0ff-b281-489c-b065-9433d1602dec?api-version=2023-04-01
      cache-control:
      - no-cache
      content-length:
      - '592'
      content-type:
      - application/json; charset=utf-8
      date:
      - Tue, 12 Sep 2023 06:48:36 GMT
      expires:
      - '-1'
      pragma:
      - no-cache
      server:
      - Microsoft-HTTPAPI/2.0
      - Microsoft-HTTPAPI/2.0
      strict-transport-security:
      - max-age=31536000; includeSubDomains
      transfer-encoding:
      - chunked
      vary:
      - Accept-Encoding
      x-content-type-options:
      - nosniff
      x-ms-arm-service-request-id:
      - 069cf0e9-0351-48e1-a48e-336fa3fb6f34
      x-ms-ratelimit-remaining-subscription-writes:
      - '1199'
    status:
      code: 200
      message: OK
- request:
    body: null
    headers:
      Accept:
      - '*/*'
      Accept-Encoding:
      - gzip, deflate
      CommandName:
      - network lb address-pool tunnel-interface add
      Connection:
      - keep-alive
      ParameterSetName:
      - -g --lb-name --address-pool --type --protocol --identifier --port
      User-Agent:
      - AZURECLI/2.51.0 (AAZ) azsdk-python-core/1.26.0 Python/3.9.5 (Windows-10-10.0.22621-SP0)
    method: GET
    uri: https://management.azure.com/subscriptions/00000000-0000-0000-0000-000000000000/providers/Microsoft.Network/locations/eastus/operations/062be0ff-b281-489c-b065-9433d1602dec?api-version=2023-04-01
  response:
    body:
      string: '{"status":"Succeeded"}'
    headers:
      cache-control:
      - no-cache
      content-length:
      - '22'
      content-type:
      - application/json; charset=utf-8
      date:
      - Tue, 12 Sep 2023 06:48:36 GMT
      expires:
      - '-1'
      pragma:
      - no-cache
      server:
      - Microsoft-HTTPAPI/2.0
      - Microsoft-HTTPAPI/2.0
      strict-transport-security:
      - max-age=31536000; includeSubDomains
      transfer-encoding:
      - chunked
      vary:
      - Accept-Encoding
      x-content-type-options:
      - nosniff
      x-ms-arm-service-request-id:
      - 9dc29ff7-b957-4402-9106-6a7b7c4b5e5b
    status:
      code: 200
      message: OK
- request:
    body: null
    headers:
      Accept:
      - '*/*'
      Accept-Encoding:
      - gzip, deflate
      CommandName:
      - network lb address-pool tunnel-interface add
      Connection:
      - keep-alive
      ParameterSetName:
      - -g --lb-name --address-pool --type --protocol --identifier --port
      User-Agent:
      - AZURECLI/2.51.0 (AAZ) azsdk-python-core/1.26.0 Python/3.9.5 (Windows-10-10.0.22621-SP0)
    method: GET
    uri: https://management.azure.com/subscriptions/00000000-0000-0000-0000-000000000000/resourceGroups/test_network_lb_tunnel_interface000001/providers/Microsoft.Network/loadBalancers/lb/backendAddressPools/backend-address-pool-name?api-version=2023-04-01
  response:
    body:
      string: '{"name":"backend-address-pool-name","id":"/subscriptions/00000000-0000-0000-0000-000000000000/resourceGroups/test_network_lb_tunnel_interface000001/providers/Microsoft.Network/loadBalancers/lb/backendAddressPools/backend-address-pool-name","etag":"W/\"361349e4-d1b9-42ba-bf35-089eada4cb63\"","properties":{"provisioningState":"Succeeded","loadBalancerBackendAddresses":[],"tunnelInterfaces":[{"port":10800,"identifier":900,"protocol":"VXLAN","type":"Internal"},{"port":15000,"identifier":950,"protocol":"VXLAN","type":"External"}]},"type":"Microsoft.Network/loadBalancers/backendAddressPools"}'
    headers:
      cache-control:
      - no-cache
      content-length:
      - '593'
      content-type:
      - application/json; charset=utf-8
      date:
      - Tue, 12 Sep 2023 06:48:38 GMT
      etag:
      - W/"361349e4-d1b9-42ba-bf35-089eada4cb63"
      expires:
      - '-1'
      pragma:
      - no-cache
      server:
      - Microsoft-HTTPAPI/2.0
      - Microsoft-HTTPAPI/2.0
      strict-transport-security:
      - max-age=31536000; includeSubDomains
      transfer-encoding:
      - chunked
      vary:
      - Accept-Encoding
      x-content-type-options:
      - nosniff
      x-ms-arm-service-request-id:
      - 4596eb3f-03e5-4ff5-8cb1-d7ceb9865593
    status:
      code: 200
      message: OK
- request:
    body: null
    headers:
      Accept:
      - application/json
      Accept-Encoding:
      - gzip, deflate
      CommandName:
      - network lb address-pool tunnel-interface list
      Connection:
      - keep-alive
      ParameterSetName:
      - -g --lb-name --address-pool
      User-Agent:
      - AZURECLI/2.51.0 (AAZ) azsdk-python-core/1.26.0 Python/3.9.5 (Windows-10-10.0.22621-SP0)
    method: GET
    uri: https://management.azure.com/subscriptions/00000000-0000-0000-0000-000000000000/resourceGroups/test_network_lb_tunnel_interface000001/providers/Microsoft.Network/loadBalancers/lb/backendAddressPools/backend-address-pool-name?api-version=2023-04-01
  response:
    body:
      string: '{"name":"backend-address-pool-name","id":"/subscriptions/00000000-0000-0000-0000-000000000000/resourceGroups/test_network_lb_tunnel_interface000001/providers/Microsoft.Network/loadBalancers/lb/backendAddressPools/backend-address-pool-name","etag":"W/\"361349e4-d1b9-42ba-bf35-089eada4cb63\"","properties":{"provisioningState":"Succeeded","loadBalancerBackendAddresses":[],"tunnelInterfaces":[{"port":10800,"identifier":900,"protocol":"VXLAN","type":"Internal"},{"port":15000,"identifier":950,"protocol":"VXLAN","type":"External"}]},"type":"Microsoft.Network/loadBalancers/backendAddressPools"}'
    headers:
      cache-control:
      - no-cache
      content-length:
      - '593'
      content-type:
      - application/json; charset=utf-8
      date:
      - Tue, 12 Sep 2023 06:48:40 GMT
      etag:
      - W/"361349e4-d1b9-42ba-bf35-089eada4cb63"
      expires:
      - '-1'
      pragma:
      - no-cache
      server:
      - Microsoft-HTTPAPI/2.0
      - Microsoft-HTTPAPI/2.0
      strict-transport-security:
      - max-age=31536000; includeSubDomains
      transfer-encoding:
      - chunked
      vary:
      - Accept-Encoding
      x-content-type-options:
      - nosniff
      x-ms-arm-service-request-id:
      - 7cfd4267-67de-4eef-980c-4fd09a6e18d6
    status:
      code: 200
      message: OK
- request:
    body: null
    headers:
      Accept:
      - application/json
      Accept-Encoding:
      - gzip, deflate
      CommandName:
      - network lb address-pool tunnel-interface remove
      Connection:
      - keep-alive
      ParameterSetName:
      - -g --lb-name --address-pool --index
      User-Agent:
      - AZURECLI/2.51.0 (AAZ) azsdk-python-core/1.26.0 Python/3.9.5 (Windows-10-10.0.22621-SP0)
    method: GET
    uri: https://management.azure.com/subscriptions/00000000-0000-0000-0000-000000000000/resourceGroups/test_network_lb_tunnel_interface000001/providers/Microsoft.Network/loadBalancers/lb/backendAddressPools/backend-address-pool-name?api-version=2023-04-01
  response:
    body:
      string: '{"name":"backend-address-pool-name","id":"/subscriptions/00000000-0000-0000-0000-000000000000/resourceGroups/test_network_lb_tunnel_interface000001/providers/Microsoft.Network/loadBalancers/lb/backendAddressPools/backend-address-pool-name","etag":"W/\"361349e4-d1b9-42ba-bf35-089eada4cb63\"","properties":{"provisioningState":"Succeeded","loadBalancerBackendAddresses":[],"tunnelInterfaces":[{"port":10800,"identifier":900,"protocol":"VXLAN","type":"Internal"},{"port":15000,"identifier":950,"protocol":"VXLAN","type":"External"}]},"type":"Microsoft.Network/loadBalancers/backendAddressPools"}'
    headers:
      cache-control:
      - no-cache
      content-length:
      - '593'
      content-type:
      - application/json; charset=utf-8
      date:
      - Tue, 12 Sep 2023 06:48:41 GMT
      etag:
      - W/"361349e4-d1b9-42ba-bf35-089eada4cb63"
      expires:
      - '-1'
      pragma:
      - no-cache
      server:
      - Microsoft-HTTPAPI/2.0
      - Microsoft-HTTPAPI/2.0
      strict-transport-security:
      - max-age=31536000; includeSubDomains
      transfer-encoding:
      - chunked
      vary:
      - Accept-Encoding
      x-content-type-options:
      - nosniff
      x-ms-arm-service-request-id:
      - fdc27bf6-f790-435b-b6d8-cf61ce58526b
    status:
      code: 200
      message: OK
- request:
    body: '{"id": "/subscriptions/00000000-0000-0000-0000-000000000000/resourceGroups/test_network_lb_tunnel_interface000001/providers/Microsoft.Network/loadBalancers/lb/backendAddressPools/backend-address-pool-name",
      "name": "backend-address-pool-name", "properties": {"loadBalancerBackendAddresses":
      [], "tunnelInterfaces": [{"identifier": 950, "port": 15000, "protocol": "VXLAN",
      "type": "External"}]}}'
    headers:
      Accept:
      - application/json
      Accept-Encoding:
      - gzip, deflate
      CommandName:
      - network lb address-pool tunnel-interface remove
      Connection:
      - keep-alive
      Content-Length:
      - '394'
      Content-Type:
      - application/json
      ParameterSetName:
      - -g --lb-name --address-pool --index
      User-Agent:
      - AZURECLI/2.51.0 (AAZ) azsdk-python-core/1.26.0 Python/3.9.5 (Windows-10-10.0.22621-SP0)
    method: PUT
    uri: https://management.azure.com/subscriptions/00000000-0000-0000-0000-000000000000/resourceGroups/test_network_lb_tunnel_interface000001/providers/Microsoft.Network/loadBalancers/lb/backendAddressPools/backend-address-pool-name?api-version=2023-04-01
  response:
    body:
      string: '{"name":"backend-address-pool-name","id":"/subscriptions/00000000-0000-0000-0000-000000000000/resourceGroups/test_network_lb_tunnel_interface000001/providers/Microsoft.Network/loadBalancers/lb/backendAddressPools/backend-address-pool-name","etag":"W/\"ca072e3a-6df5-4191-b38d-756e931a4bc0\"","properties":{"provisioningState":"Updating","loadBalancerBackendAddresses":[],"tunnelInterfaces":[{"port":15000,"identifier":950,"protocol":"VXLAN","type":"External"}]},"type":"Microsoft.Network/loadBalancers/backendAddressPools"}'
    headers:
      azure-asyncnotification:
      - Enabled
      azure-asyncoperation:
      - https://management.azure.com/subscriptions/00000000-0000-0000-0000-000000000000/providers/Microsoft.Network/locations/eastus/operations/7f5b0415-8276-4365-9870-c3d5a87b98ab?api-version=2023-04-01
      cache-control:
      - no-cache
      content-length:
      - '523'
      content-type:
      - application/json; charset=utf-8
      date:
      - Tue, 12 Sep 2023 06:48:42 GMT
      expires:
      - '-1'
      pragma:
      - no-cache
      server:
      - Microsoft-HTTPAPI/2.0
      - Microsoft-HTTPAPI/2.0
      strict-transport-security:
      - max-age=31536000; includeSubDomains
      transfer-encoding:
      - chunked
      vary:
      - Accept-Encoding
      x-content-type-options:
      - nosniff
      x-ms-arm-service-request-id:
      - 08a190db-b40b-48ba-9fe8-dc1137b69a91
      x-ms-ratelimit-remaining-subscription-writes:
      - '1197'
    status:
      code: 200
      message: OK
- request:
    body: null
    headers:
      Accept:
      - '*/*'
      Accept-Encoding:
      - gzip, deflate
      CommandName:
      - network lb address-pool tunnel-interface remove
      Connection:
      - keep-alive
      ParameterSetName:
      - -g --lb-name --address-pool --index
      User-Agent:
      - AZURECLI/2.51.0 (AAZ) azsdk-python-core/1.26.0 Python/3.9.5 (Windows-10-10.0.22621-SP0)
    method: GET
    uri: https://management.azure.com/subscriptions/00000000-0000-0000-0000-000000000000/providers/Microsoft.Network/locations/eastus/operations/7f5b0415-8276-4365-9870-c3d5a87b98ab?api-version=2023-04-01
  response:
    body:
      string: '{"status":"Succeeded"}'
    headers:
      cache-control:
      - no-cache
      content-length:
      - '22'
      content-type:
      - application/json; charset=utf-8
      date:
      - Tue, 12 Sep 2023 06:48:42 GMT
      expires:
      - '-1'
      pragma:
      - no-cache
      server:
      - Microsoft-HTTPAPI/2.0
      - Microsoft-HTTPAPI/2.0
      strict-transport-security:
      - max-age=31536000; includeSubDomains
      transfer-encoding:
      - chunked
      vary:
      - Accept-Encoding
      x-content-type-options:
      - nosniff
      x-ms-arm-service-request-id:
      - 94cbf074-9ccd-43b3-a8eb-6ef9b4ac7569
    status:
      code: 200
      message: OK
- request:
    body: null
    headers:
      Accept:
      - '*/*'
      Accept-Encoding:
      - gzip, deflate
      CommandName:
      - network lb address-pool tunnel-interface remove
      Connection:
      - keep-alive
      ParameterSetName:
      - -g --lb-name --address-pool --index
      User-Agent:
      - AZURECLI/2.51.0 (AAZ) azsdk-python-core/1.26.0 Python/3.9.5 (Windows-10-10.0.22621-SP0)
    method: GET
    uri: https://management.azure.com/subscriptions/00000000-0000-0000-0000-000000000000/resourceGroups/test_network_lb_tunnel_interface000001/providers/Microsoft.Network/loadBalancers/lb/backendAddressPools/backend-address-pool-name?api-version=2023-04-01
  response:
    body:
      string: '{"name":"backend-address-pool-name","id":"/subscriptions/00000000-0000-0000-0000-000000000000/resourceGroups/test_network_lb_tunnel_interface000001/providers/Microsoft.Network/loadBalancers/lb/backendAddressPools/backend-address-pool-name","etag":"W/\"01bcdbd6-64ed-4729-adc9-64f4a7339f56\"","properties":{"provisioningState":"Succeeded","loadBalancerBackendAddresses":[],"tunnelInterfaces":[{"port":15000,"identifier":950,"protocol":"VXLAN","type":"External"}]},"type":"Microsoft.Network/loadBalancers/backendAddressPools"}'
    headers:
      cache-control:
      - no-cache
      content-length:
      - '524'
      content-type:
      - application/json; charset=utf-8
      date:
      - Tue, 12 Sep 2023 06:48:43 GMT
      etag:
      - W/"01bcdbd6-64ed-4729-adc9-64f4a7339f56"
      expires:
      - '-1'
      pragma:
      - no-cache
      server:
      - Microsoft-HTTPAPI/2.0
      - Microsoft-HTTPAPI/2.0
      strict-transport-security:
      - max-age=31536000; includeSubDomains
      transfer-encoding:
      - chunked
      vary:
      - Accept-Encoding
      x-content-type-options:
      - nosniff
      x-ms-arm-service-request-id:
      - e38c82c1-4827-49fa-9e68-ac433152316e
    status:
      code: 200
      message: OK
- request:
    body: null
    headers:
      Accept:
      - application/json
      Accept-Encoding:
      - gzip, deflate
      CommandName:
      - network lb address-pool tunnel-interface update
      Connection:
      - keep-alive
      ParameterSetName:
      - -g --lb-name --address-pool --type --protocol --identifier --port --index
      User-Agent:
      - AZURECLI/2.51.0 (AAZ) azsdk-python-core/1.26.0 Python/3.9.5 (Windows-10-10.0.22621-SP0)
    method: GET
    uri: https://management.azure.com/subscriptions/00000000-0000-0000-0000-000000000000/resourceGroups/test_network_lb_tunnel_interface000001/providers/Microsoft.Network/loadBalancers/lb/backendAddressPools/backend-address-pool-name?api-version=2023-04-01
  response:
    body:
      string: '{"name":"backend-address-pool-name","id":"/subscriptions/00000000-0000-0000-0000-000000000000/resourceGroups/test_network_lb_tunnel_interface000001/providers/Microsoft.Network/loadBalancers/lb/backendAddressPools/backend-address-pool-name","etag":"W/\"01bcdbd6-64ed-4729-adc9-64f4a7339f56\"","properties":{"provisioningState":"Succeeded","loadBalancerBackendAddresses":[],"tunnelInterfaces":[{"port":15000,"identifier":950,"protocol":"VXLAN","type":"External"}]},"type":"Microsoft.Network/loadBalancers/backendAddressPools"}'
    headers:
      cache-control:
      - no-cache
      content-length:
      - '524'
      content-type:
      - application/json; charset=utf-8
      date:
      - Tue, 12 Sep 2023 06:48:45 GMT
      etag:
      - W/"01bcdbd6-64ed-4729-adc9-64f4a7339f56"
      expires:
      - '-1'
      pragma:
      - no-cache
      server:
      - Microsoft-HTTPAPI/2.0
      - Microsoft-HTTPAPI/2.0
      strict-transport-security:
      - max-age=31536000; includeSubDomains
      transfer-encoding:
      - chunked
      vary:
      - Accept-Encoding
      x-content-type-options:
      - nosniff
      x-ms-arm-service-request-id:
      - 61497f18-32c3-4d81-8cdd-2dde6d92059a
    status:
      code: 200
      message: OK
- request:
    body: '{"id": "/subscriptions/00000000-0000-0000-0000-000000000000/resourceGroups/test_network_lb_tunnel_interface000001/providers/Microsoft.Network/loadBalancers/lb/backendAddressPools/backend-address-pool-name",
      "name": "backend-address-pool-name", "properties": {"loadBalancerBackendAddresses":
      [], "tunnelInterfaces": [{"identifier": 960, "port": 10000, "protocol": "VXLAN",
      "type": "Internal"}]}}'
    headers:
      Accept:
      - application/json
      Accept-Encoding:
      - gzip, deflate
      CommandName:
      - network lb address-pool tunnel-interface update
      Connection:
      - keep-alive
      Content-Length:
      - '394'
      Content-Type:
      - application/json
      ParameterSetName:
      - -g --lb-name --address-pool --type --protocol --identifier --port --index
      User-Agent:
      - AZURECLI/2.51.0 (AAZ) azsdk-python-core/1.26.0 Python/3.9.5 (Windows-10-10.0.22621-SP0)
    method: PUT
    uri: https://management.azure.com/subscriptions/00000000-0000-0000-0000-000000000000/resourceGroups/test_network_lb_tunnel_interface000001/providers/Microsoft.Network/loadBalancers/lb/backendAddressPools/backend-address-pool-name?api-version=2023-04-01
  response:
    body:
      string: '{"name":"backend-address-pool-name","id":"/subscriptions/00000000-0000-0000-0000-000000000000/resourceGroups/test_network_lb_tunnel_interface000001/providers/Microsoft.Network/loadBalancers/lb/backendAddressPools/backend-address-pool-name","etag":"W/\"773d93e7-2a35-4e7d-b333-fedbb95dce32\"","properties":{"provisioningState":"Updating","loadBalancerBackendAddresses":[],"tunnelInterfaces":[{"port":10000,"identifier":960,"protocol":"VXLAN","type":"Internal"}]},"type":"Microsoft.Network/loadBalancers/backendAddressPools"}'
    headers:
      azure-asyncnotification:
      - Enabled
      azure-asyncoperation:
      - https://management.azure.com/subscriptions/00000000-0000-0000-0000-000000000000/providers/Microsoft.Network/locations/eastus/operations/ba4232d4-18fe-4bea-8a08-8f4c24e7ca9f?api-version=2023-04-01
      cache-control:
      - no-cache
      content-length:
      - '523'
      content-type:
      - application/json; charset=utf-8
      date:
      - Tue, 12 Sep 2023 06:48:46 GMT
      expires:
      - '-1'
      pragma:
      - no-cache
      server:
      - Microsoft-HTTPAPI/2.0
      - Microsoft-HTTPAPI/2.0
      strict-transport-security:
      - max-age=31536000; includeSubDomains
      transfer-encoding:
      - chunked
      vary:
      - Accept-Encoding
      x-content-type-options:
      - nosniff
      x-ms-arm-service-request-id:
      - 572b9a73-bd33-47dc-8f74-6abe43e56ba7
      x-ms-ratelimit-remaining-subscription-writes:
      - '1198'
    status:
      code: 200
      message: OK
- request:
    body: null
    headers:
      Accept:
      - '*/*'
      Accept-Encoding:
      - gzip, deflate
      CommandName:
      - network lb address-pool tunnel-interface update
      Connection:
      - keep-alive
      ParameterSetName:
      - -g --lb-name --address-pool --type --protocol --identifier --port --index
      User-Agent:
      - AZURECLI/2.51.0 (AAZ) azsdk-python-core/1.26.0 Python/3.9.5 (Windows-10-10.0.22621-SP0)
    method: GET
    uri: https://management.azure.com/subscriptions/00000000-0000-0000-0000-000000000000/providers/Microsoft.Network/locations/eastus/operations/ba4232d4-18fe-4bea-8a08-8f4c24e7ca9f?api-version=2023-04-01
  response:
    body:
      string: '{"status":"Succeeded"}'
    headers:
      cache-control:
      - no-cache
      content-length:
      - '22'
      content-type:
      - application/json; charset=utf-8
      date:
      - Tue, 12 Sep 2023 06:48:46 GMT
      expires:
      - '-1'
      pragma:
      - no-cache
      server:
      - Microsoft-HTTPAPI/2.0
      - Microsoft-HTTPAPI/2.0
      strict-transport-security:
      - max-age=31536000; includeSubDomains
      transfer-encoding:
      - chunked
      vary:
      - Accept-Encoding
      x-content-type-options:
      - nosniff
      x-ms-arm-service-request-id:
      - 7a69f476-fd72-4ccb-b66c-f880e9c615cd
    status:
      code: 200
      message: OK
- request:
    body: null
    headers:
      Accept:
      - '*/*'
      Accept-Encoding:
      - gzip, deflate
      CommandName:
      - network lb address-pool tunnel-interface update
      Connection:
      - keep-alive
      ParameterSetName:
      - -g --lb-name --address-pool --type --protocol --identifier --port --index
      User-Agent:
      - AZURECLI/2.51.0 (AAZ) azsdk-python-core/1.26.0 Python/3.9.5 (Windows-10-10.0.22621-SP0)
    method: GET
    uri: https://management.azure.com/subscriptions/00000000-0000-0000-0000-000000000000/resourceGroups/test_network_lb_tunnel_interface000001/providers/Microsoft.Network/loadBalancers/lb/backendAddressPools/backend-address-pool-name?api-version=2023-04-01
  response:
    body:
      string: '{"name":"backend-address-pool-name","id":"/subscriptions/00000000-0000-0000-0000-000000000000/resourceGroups/test_network_lb_tunnel_interface000001/providers/Microsoft.Network/loadBalancers/lb/backendAddressPools/backend-address-pool-name","etag":"W/\"8ff5c233-96dd-461e-a5ba-2b9af8200c53\"","properties":{"provisioningState":"Succeeded","loadBalancerBackendAddresses":[],"tunnelInterfaces":[{"port":10000,"identifier":960,"protocol":"VXLAN","type":"Internal"}]},"type":"Microsoft.Network/loadBalancers/backendAddressPools"}'
    headers:
      cache-control:
      - no-cache
      content-length:
      - '524'
      content-type:
      - application/json; charset=utf-8
      date:
      - Tue, 12 Sep 2023 06:48:47 GMT
      etag:
      - W/"8ff5c233-96dd-461e-a5ba-2b9af8200c53"
      expires:
      - '-1'
      pragma:
      - no-cache
      server:
      - Microsoft-HTTPAPI/2.0
      - Microsoft-HTTPAPI/2.0
      strict-transport-security:
      - max-age=31536000; includeSubDomains
      transfer-encoding:
      - chunked
      vary:
      - Accept-Encoding
      x-content-type-options:
      - nosniff
      x-ms-arm-service-request-id:
      - b0a22beb-866c-4dff-b1c3-781330d478e8
    status:
      code: 200
      message: OK
version: 1
