interactions:
- request:
    body: null
    headers:
      Accept:
      - application/json
      Accept-Encoding:
      - gzip, deflate
      CommandName:
      - network public-ip create
      Connection:
      - keep-alive
      ParameterSetName:
      - -g -n --sku
      User-Agent:
      - python/3.6.9 (Linux-4.19.121-linuxkit-x86_64-with-Ubuntu-18.04-bionic) msrest/0.6.18
        msrest_azure/0.6.3 azure-mgmt-resource/12.0.0 Azure-SDK-For-Python AZURECLI/2.18.0
      accept-language:
      - en-US
    method: GET
    uri: https://management.azure.com/subscriptions/00000000-0000-0000-0000-000000000000/resourcegroups/cli_test_ag_trusted_client_cert000001?api-version=2020-10-01
  response:
    body:
      string: '{"id":"/subscriptions/00000000-0000-0000-0000-000000000000/resourceGroups/cli_test_ag_trusted_client_cert000001","name":"cli_test_ag_trusted_client_cert000001","type":"Microsoft.Resources/resourceGroups","location":"westus","tags":{"product":"azurecli","cause":"automation","date":"2021-02-02T09:58:09Z"},"properties":{"provisioningState":"Succeeded"}}'
    headers:
      cache-control:
      - no-cache
      content-length:
      - '428'
      content-type:
      - application/json; charset=utf-8
      date:
      - Tue, 02 Feb 2021 09:58:12 GMT
      expires:
      - '-1'
      pragma:
      - no-cache
      strict-transport-security:
      - max-age=31536000; includeSubDomains
      vary:
      - Accept-Encoding
      x-content-type-options:
      - nosniff
    status:
      code: 200
      message: OK
- request:
    body: '{"location": "westus", "sku": {"name": "Standard"}, "properties": {"publicIPAllocationMethod":
      "Static", "publicIPAddressVersion": "IPv4", "idleTimeoutInMinutes": 4}}'
    headers:
      Accept:
      - application/json
      Accept-Encoding:
      - gzip, deflate
      CommandName:
      - network public-ip create
      Connection:
      - keep-alive
      Content-Length:
      - '166'
      Content-Type:
      - application/json
      ParameterSetName:
      - -g -n --sku
      User-Agent:
      - AZURECLI/2.18.0 azsdk-python-azure-mgmt-network/17.0.0 Python/3.6.9 (Linux-4.19.121-linuxkit-x86_64-with-Ubuntu-18.04-bionic)
    method: PUT
    uri: https://management.azure.com/subscriptions/00000000-0000-0000-0000-000000000000/resourceGroups/cli_test_ag_trusted_client_cert000001/providers/Microsoft.Network/publicIPAddresses/ip1?api-version=2020-07-01
  response:
    body:
      string: "{\r\n  \"name\": \"ip1\",\r\n  \"id\": \"/subscriptions/00000000-0000-0000-0000-000000000000/resourceGroups/cli_test_ag_trusted_client_cert000001/providers/Microsoft.Network/publicIPAddresses/ip1\",\r\n
        \ \"etag\": \"W/\\\"cc7c2a88-e4ed-4979-bc6c-6ef085bfc835\\\"\",\r\n  \"location\":
        \"westus\",\r\n  \"properties\": {\r\n    \"provisioningState\": \"Updating\",\r\n
        \   \"resourceGuid\": \"15e34970-d383-47ea-b7f2-280bbfafab91\",\r\n    \"publicIPAddressVersion\":
        \"IPv4\",\r\n    \"publicIPAllocationMethod\": \"Static\",\r\n    \"idleTimeoutInMinutes\":
        4,\r\n    \"ipTags\": []\r\n  },\r\n  \"type\": \"Microsoft.Network/publicIPAddresses\",\r\n
        \ \"sku\": {\r\n    \"name\": \"Standard\",\r\n    \"tier\": \"Regional\"\r\n
        \ }\r\n}"
    headers:
      azure-asyncnotification:
      - Enabled
      azure-asyncoperation:
      - https://management.azure.com/subscriptions/00000000-0000-0000-0000-000000000000/providers/Microsoft.Network/locations/westus/operations/3c36e054-743a-4d17-b23b-2cc73703a39d?api-version=2020-07-01
      cache-control:
      - no-cache
      content-length:
      - '681'
      content-type:
      - application/json; charset=utf-8
      date:
      - Tue, 02 Feb 2021 09:58:20 GMT
      expires:
      - '-1'
      pragma:
      - no-cache
      server:
      - Microsoft-HTTPAPI/2.0
      - Microsoft-HTTPAPI/2.0
      strict-transport-security:
      - max-age=31536000; includeSubDomains
      x-content-type-options:
      - nosniff
      x-ms-arm-service-request-id:
      - de3f941c-65a6-4ab7-911b-b8f2dd19482e
      x-ms-ratelimit-remaining-subscription-writes:
      - '1199'
    status:
      code: 201
      message: Created
- request:
    body: null
    headers:
      Accept:
      - '*/*'
      Accept-Encoding:
      - gzip, deflate
      CommandName:
      - network public-ip create
      Connection:
      - keep-alive
      ParameterSetName:
      - -g -n --sku
      User-Agent:
      - AZURECLI/2.18.0 azsdk-python-azure-mgmt-network/17.0.0 Python/3.6.9 (Linux-4.19.121-linuxkit-x86_64-with-Ubuntu-18.04-bionic)
    method: GET
    uri: https://management.azure.com/subscriptions/00000000-0000-0000-0000-000000000000/providers/Microsoft.Network/locations/westus/operations/3c36e054-743a-4d17-b23b-2cc73703a39d?api-version=2020-07-01
  response:
    body:
      string: "{\r\n  \"status\": \"Succeeded\"\r\n}"
    headers:
      cache-control:
      - no-cache
      content-length:
      - '29'
      content-type:
      - application/json; charset=utf-8
      date:
      - Tue, 02 Feb 2021 09:58:22 GMT
      expires:
      - '-1'
      pragma:
      - no-cache
      server:
      - Microsoft-HTTPAPI/2.0
      - Microsoft-HTTPAPI/2.0
      strict-transport-security:
      - max-age=31536000; includeSubDomains
      transfer-encoding:
      - chunked
      vary:
      - Accept-Encoding
      x-content-type-options:
      - nosniff
      x-ms-arm-service-request-id:
      - 1892650d-9fe8-4f60-b86c-f66887dd5e83
    status:
      code: 200
      message: OK
- request:
    body: null
    headers:
      Accept:
      - '*/*'
      Accept-Encoding:
      - gzip, deflate
      CommandName:
      - network public-ip create
      Connection:
      - keep-alive
      ParameterSetName:
      - -g -n --sku
      User-Agent:
      - AZURECLI/2.18.0 azsdk-python-azure-mgmt-network/17.0.0 Python/3.6.9 (Linux-4.19.121-linuxkit-x86_64-with-Ubuntu-18.04-bionic)
    method: GET
    uri: https://management.azure.com/subscriptions/00000000-0000-0000-0000-000000000000/resourceGroups/cli_test_ag_trusted_client_cert000001/providers/Microsoft.Network/publicIPAddresses/ip1?api-version=2020-07-01
  response:
    body:
      string: "{\r\n  \"name\": \"ip1\",\r\n  \"id\": \"/subscriptions/00000000-0000-0000-0000-000000000000/resourceGroups/cli_test_ag_trusted_client_cert000001/providers/Microsoft.Network/publicIPAddresses/ip1\",\r\n
        \ \"etag\": \"W/\\\"3b5d1cbe-643f-4e94-ab02-b74551344bd0\\\"\",\r\n  \"location\":
        \"westus\",\r\n  \"properties\": {\r\n    \"provisioningState\": \"Succeeded\",\r\n
        \   \"resourceGuid\": \"15e34970-d383-47ea-b7f2-280bbfafab91\",\r\n    \"ipAddress\":
        \"138.91.88.60\",\r\n    \"publicIPAddressVersion\": \"IPv4\",\r\n    \"publicIPAllocationMethod\":
        \"Static\",\r\n    \"idleTimeoutInMinutes\": 4,\r\n    \"ipTags\": []\r\n
        \ },\r\n  \"type\": \"Microsoft.Network/publicIPAddresses\",\r\n  \"sku\":
        {\r\n    \"name\": \"Standard\",\r\n    \"tier\": \"Regional\"\r\n  }\r\n}"
    headers:
      cache-control:
      - no-cache
      content-length:
      - '716'
      content-type:
      - application/json; charset=utf-8
      date:
      - Tue, 02 Feb 2021 09:58:22 GMT
      etag:
      - W/"3b5d1cbe-643f-4e94-ab02-b74551344bd0"
      expires:
      - '-1'
      pragma:
      - no-cache
      server:
      - Microsoft-HTTPAPI/2.0
      - Microsoft-HTTPAPI/2.0
      strict-transport-security:
      - max-age=31536000; includeSubDomains
      transfer-encoding:
      - chunked
      vary:
      - Accept-Encoding
      x-content-type-options:
      - nosniff
      x-ms-arm-service-request-id:
      - 3b2a77f7-5159-4b22-a5fe-aa7552eef075
    status:
      code: 200
      message: OK
- request:
    body: null
    headers:
      Accept:
      - application/json
      Accept-Encoding:
      - gzip, deflate
      CommandName:
      - network application-gateway create
      Connection:
      - keep-alive
      ParameterSetName:
      - -g -n --sku --public-ip-address --trusted-client-cert
      User-Agent:
      - python/3.6.9 (Linux-4.19.121-linuxkit-x86_64-with-Ubuntu-18.04-bionic) msrest/0.6.18
        msrest_azure/0.6.3 azure-mgmt-resource/12.0.0 Azure-SDK-For-Python AZURECLI/2.18.0
      accept-language:
      - en-US
    method: GET
    uri: https://management.azure.com/subscriptions/00000000-0000-0000-0000-000000000000/resourcegroups/cli_test_ag_trusted_client_cert000001?api-version=2020-10-01
  response:
    body:
      string: '{"id":"/subscriptions/00000000-0000-0000-0000-000000000000/resourceGroups/cli_test_ag_trusted_client_cert000001","name":"cli_test_ag_trusted_client_cert000001","type":"Microsoft.Resources/resourceGroups","location":"westus","tags":{"product":"azurecli","cause":"automation","date":"2021-02-02T09:58:09Z"},"properties":{"provisioningState":"Succeeded"}}'
    headers:
      cache-control:
      - no-cache
      content-length:
      - '428'
      content-type:
      - application/json; charset=utf-8
      date:
      - Tue, 02 Feb 2021 09:58:22 GMT
      expires:
      - '-1'
      pragma:
      - no-cache
      strict-transport-security:
      - max-age=31536000; includeSubDomains
      vary:
      - Accept-Encoding
      x-content-type-options:
      - nosniff
    status:
      code: 200
      message: OK
- request:
    body: null
    headers:
      Accept:
      - application/json
      Accept-Encoding:
      - gzip, deflate
      CommandName:
      - network application-gateway create
      Connection:
      - keep-alive
      ParameterSetName:
      - -g -n --sku --public-ip-address --trusted-client-cert
      User-Agent:
      - python/3.6.9 (Linux-4.19.121-linuxkit-x86_64-with-Ubuntu-18.04-bionic) msrest/0.6.18
        msrest_azure/0.6.3 azure-mgmt-resource/12.0.0 Azure-SDK-For-Python AZURECLI/2.18.0
      accept-language:
      - en-US
    method: GET
    uri: https://management.azure.com/subscriptions/00000000-0000-0000-0000-000000000000/resources?$filter=resourceGroup%20eq%20%27cli_test_ag_trusted_client_cert000001%27%20and%20name%20eq%20%27None%27%20and%20resourceType%20eq%20%27Microsoft.Network%2FvirtualNetworks%27&api-version=2020-10-01
  response:
    body:
      string: '{"value":[]}'
    headers:
      cache-control:
      - no-cache
      content-length:
      - '12'
      content-type:
      - application/json; charset=utf-8
      date:
      - Tue, 02 Feb 2021 09:58:23 GMT
      expires:
      - '-1'
      pragma:
      - no-cache
      strict-transport-security:
      - max-age=31536000; includeSubDomains
      vary:
      - Accept-Encoding
      x-content-type-options:
      - nosniff
    status:
      code: 200
      message: OK
- request:
    body: null
    headers:
      Accept:
      - application/json
      Accept-Encoding:
      - gzip, deflate
      CommandName:
      - network application-gateway create
      Connection:
      - keep-alive
      ParameterSetName:
      - -g -n --sku --public-ip-address --trusted-client-cert
      User-Agent:
      - python/3.6.9 (Linux-4.19.121-linuxkit-x86_64-with-Ubuntu-18.04-bionic) msrest/0.6.18
        msrest_azure/0.6.3 azure-mgmt-resource/12.0.0 Azure-SDK-For-Python AZURECLI/2.18.0
      accept-language:
      - en-US
    method: GET
    uri: https://management.azure.com/subscriptions/00000000-0000-0000-0000-000000000000/resources?$filter=resourceGroup%20eq%20%27cli_test_ag_trusted_client_cert000001%27%20and%20name%20eq%20%27ip1%27%20and%20resourceType%20eq%20%27Microsoft.Network%2FpublicIPAddresses%27&api-version=2020-10-01
  response:
    body:
      string: '{"value":[{"id":"/subscriptions/00000000-0000-0000-0000-000000000000/resourceGroups/cli_test_ag_trusted_client_cert000001/providers/Microsoft.Network/publicIPAddresses/ip1","name":"ip1","type":"Microsoft.Network/publicIPAddresses","sku":{"name":"Standard","tier":"Regional"},"location":"westus"}]}'
    headers:
      cache-control:
      - no-cache
      content-length:
      - '335'
      content-type:
      - application/json; charset=utf-8
      date:
      - Tue, 02 Feb 2021 09:58:23 GMT
      expires:
      - '-1'
      pragma:
      - no-cache
      strict-transport-security:
      - max-age=31536000; includeSubDomains
      vary:
      - Accept-Encoding
      x-content-type-options:
      - nosniff
    status:
      code: 200
      message: OK
- request:
    body: '{"properties": {"template": {"$schema": "https://schema.management.azure.com/schemas/2015-01-01/deploymentTemplate.json#",
      "contentVersion": "1.0.0.0", "parameters": {}, "variables": {"appGwID": "[resourceId(''Microsoft.Network/applicationGateways'',
      ''gateway'')]"}, "resources": [{"name": "gatewayVnet", "type": "Microsoft.Network/virtualNetworks",
      "location": "westus", "apiVersion": "2015-06-15", "dependsOn": [], "tags": {},
      "properties": {"addressSpace": {"addressPrefixes": ["10.0.0.0/16"]}, "subnets":
      [{"name": "default", "properties": {"addressPrefix": "10.0.0.0/24"}}]}}, {"type":
      "Microsoft.Network/applicationGateways", "name": "gateway", "location": "westus",
      "tags": {}, "apiVersion": "2020-07-01", "dependsOn": ["Microsoft.Network/virtualNetworks/gatewayVnet"],
      "properties": {"backendAddressPools": [{"name": "appGatewayBackendPool"}], "backendHttpSettingsCollection":
      [{"name": "appGatewayBackendHttpSettings", "properties": {"Port": 80, "Protocol":
      "Http", "CookieBasedAffinity": "disabled", "connectionDraining": {"enabled":
      false, "drainTimeoutInSec": 1}}}], "frontendIPConfigurations": [{"name": "appGatewayFrontendIP",
      "properties": {"publicIPAddress": {"id": "/subscriptions/00000000-0000-0000-0000-000000000000/resourceGroups/cli_test_ag_trusted_client_cert000001/providers/Microsoft.Network/publicIPAddresses/ip1"}}}],
      "frontendPorts": [{"name": "appGatewayFrontendPort", "properties": {"Port":
      80}}], "gatewayIPConfigurations": [{"name": "appGatewayFrontendIP", "properties":
      {"subnet": {"id": "/subscriptions/00000000-0000-0000-0000-000000000000/resourceGroups/cli_test_ag_trusted_client_cert000001/providers/Microsoft.Network/virtualNetworks/gatewayVnet/subnets/default"}}}],
      "httpListeners": [{"name": "appGatewayHttpListener", "properties": {"FrontendIpConfiguration":
      {"Id": "[concat(variables(''appGwID''), ''/frontendIPConfigurations/appGatewayFrontendIP'')]"},
      "FrontendPort": {"Id": "[concat(variables(''appGwID''), ''/frontendPorts/appGatewayFrontendPort'')]"},
      "Protocol": "http", "SslCertificate": null}}], "sku": {"name": "Standard_v2",
      "tier": "Standard_v2", "capacity": 2}, "requestRoutingRules": [{"Name": "rule1",
      "properties": {"RuleType": "Basic", "httpListener": {"id": "[concat(variables(''appGwID''),
      ''/httpListeners/appGatewayHttpListener'')]"}, "backendAddressPool": {"id":
      "[concat(variables(''appGwID''), ''/backendAddressPools/appGatewayBackendPool'')]"},
      "backendHttpSettings": {"id": "[concat(variables(''appGwID''), ''/backendHttpSettingsCollection/appGatewayBackendHttpSettings'')]"}}}],
      "privateLinkConfigurations": [], "trustedClientCertificates": [{"name": "cert_name",
      "properties": {"data": "LS0tLS1CRUdJTiBDRVJUSUZJQ0FURS0tLS0tCk1JSURhekNDQWxPZ0F3SUJBZ0lVSi9lY2lya3FMaGZwRm5rU0p1by9ISytTcTNVd0RRWUpLb1pJaHZjTkFRRUwKQlFBd1JURUxNQWtHQTFVRUJoTUNRVlV4RXpBUkJnTlZCQWdNQ2xOdmJXVXRVM1JoZEdVeElUQWZCZ05WQkFvTQpHRWx1ZEdWeWJtVjBJRmRwWkdkcGRITWdVSFI1SUV4MFpEQWVGdzB5TURFeE1Ua3dOak13TlROYUZ3MHlNVEV4Ck1Ua3dOak13TlROYU1FVXhDekFKQmdOVkJBWVRBa0ZWTVJNd0VRWURWUVFJREFwVGIyMWxMVk4wWVhSbE1TRXcKSHdZRFZRUUtEQmhKYm5SbGNtNWxkQ0JYYVdSbmFYUnpJRkIwZVNCTWRHUXdnZ0VpTUEwR0NTcUdTSWIzRFFFQgpBUVVBQTRJQkR3QXdnZ0VLQW9JQkFRRFdHNnFzMmUyeURmaTFRbnpON1NIdnNkeVgxY3R5QXc0a0RNL005OTV4CklrR2JkU2dkS2hiMDlqbFlmWUdvZlFMbnpyNmhBbWU5Uk8wMXk2NldGSFVtZ25aaGhTbEx6ajBJMkZOSmNDUi8KMHhPa0hqOTNLQ1QyQWRWQ0FkTDhXTi9PR0h5UkNHYm1wdkIrcXVJRGlDNE9TUG9qQ2J0NUVXc1pOTnFDTDNkSworYzJzUGNCZjdCQUd5blp0TW5xcVBFQi9rUVBUa2FrSExCUVRuYUsvcUoweEgyVFlFdWhMblJGWjczcjV4V0lvCmNRWEltQUFhTVd6NFR0T0VSU3p0TWdxMkV0aUJsRjR6azBSRjE0MUdsOEVDOXBMVmRkVVRYWXN6cjU0WDcxQjEKVldKYjIxakVqVktSRFVrSnZuelhQRzlGeDg3ckttWVQ1ZFlkcGxYTzFqL3BBZ01CQUFHalV6QlJNQjBHQTFVZApEZ1FXQkJTV1ZzTERsY0s0SkdXWFNxazk2aG43b05zaUVqQWZCZ05WSFNNRUdEQVdnQlNXVnNMRGxjSzRKR1dYClNxazk2aG43b05zaUVqQVBCZ05WSFJNQkFmOEVCVEFEQVFIL01BMEdDU3FHU0liM0RRRUJDd1VBQTRJQkFRQ1QKcU82aXlWQ2I3b1NhaDVGdUQwV2wrZVNqa1dlaVplckxSVWRKZXNIaXFrYmJXSkVPOUNXbW1HS0R4V05NSVhUbwppbjdCczEwZXIrV0swZjcwekRCbDQxREd2L3ZKSFFHUkVDSlBkQ1FzenAwOWxkSlAzV2VveXBPME8zYzZiMUM1CmRuZmw3UTJnY2haVDcvcS93Z2xUMnI0MncydWx3anIwVGdCT2p0QlV1VGhWL2tuS0phZUZqQTdQbmFWWWI0M3YKMmx2YzlaNjBkTk5sVlA3NG52VnhNQmpURUxncVVMeHVub240M1EvZkFvZjRUdTJ2YlVqcTFIRzMrOHFXU29WYwpSUnJyV2JBS1NHMktIR05FVFEvL1RaUmFKaGJPU21Od2hzdk94VmhrY3phblNTcmRXc1dSYTNVakV2QldKSUlmCnlDQU1TY0YwbXlsczl0a1VydWxXCi0tLS0tRU5EIENFUlRJRklDQVRFLS0tLS0K"}}]},
      "zones": null}], "outputs": {"applicationGateway": {"type": "object", "value":
      "[reference(''gateway'')]"}}}, "parameters": {}, "mode": "Incremental"}}'
    headers:
      Accept:
      - application/json
      Accept-Encoding:
      - gzip, deflate
      CommandName:
      - network application-gateway create
      Connection:
      - keep-alive
      Content-Length:
      - '4524'
      Content-Type:
      - application/json; charset=utf-8
      ParameterSetName:
      - -g -n --sku --public-ip-address --trusted-client-cert
      User-Agent:
      - python/3.6.9 (Linux-4.19.121-linuxkit-x86_64-with-Ubuntu-18.04-bionic) msrest/0.6.18
        msrest_azure/0.6.3 azure-mgmt-resource/12.0.0 Azure-SDK-For-Python AZURECLI/2.18.0
      accept-language:
      - en-US
    method: PUT
    uri: https://management.azure.com/subscriptions/00000000-0000-0000-0000-000000000000/resourcegroups/cli_test_ag_trusted_client_cert000001/providers/Microsoft.Resources/deployments/mock-deployment?api-version=2020-10-01
  response:
    body:
      string: '{"id":"/subscriptions/00000000-0000-0000-0000-000000000000/resourceGroups/cli_test_ag_trusted_client_cert000001/providers/Microsoft.Resources/deployments/ag_deploy_FIacW8Qq2qPLgTz7AuQyFgWnEgEVKyzU","name":"ag_deploy_FIacW8Qq2qPLgTz7AuQyFgWnEgEVKyzU","type":"Microsoft.Resources/deployments","properties":{"templateHash":"8794137537117395515","parameters":{},"mode":"Incremental","provisioningState":"Accepted","timestamp":"2021-02-02T09:58:28.2292153Z","duration":"PT2.2992953S","correlationId":"a7c8be99-ea8d-468e-b5aa-9cfc5aa5d8ae","providers":[{"namespace":"Microsoft.Network","resourceTypes":[{"resourceType":"virtualNetworks","locations":["westus"]},{"resourceType":"applicationGateways","locations":["westus"]}]}],"dependencies":[{"dependsOn":[{"id":"/subscriptions/00000000-0000-0000-0000-000000000000/resourceGroups/cli_test_ag_trusted_client_cert000001/providers/Microsoft.Network/virtualNetworks/gatewayVnet","resourceType":"Microsoft.Network/virtualNetworks","resourceName":"gatewayVnet"}],"id":"/subscriptions/00000000-0000-0000-0000-000000000000/resourceGroups/cli_test_ag_trusted_client_cert000001/providers/Microsoft.Network/applicationGateways/gateway","resourceType":"Microsoft.Network/applicationGateways","resourceName":"gateway"}]}}'
    headers:
      azure-asyncoperation:
      - https://management.azure.com/subscriptions/00000000-0000-0000-0000-000000000000/resourcegroups/cli_test_ag_trusted_client_cert000001/providers/Microsoft.Resources/deployments/ag_deploy_FIacW8Qq2qPLgTz7AuQyFgWnEgEVKyzU/operationStatuses/08585893469795477040?api-version=2020-10-01
      cache-control:
      - no-cache
      content-length:
      - '1366'
      content-type:
      - application/json; charset=utf-8
      date:
      - Tue, 02 Feb 2021 09:58:29 GMT
      expires:
      - '-1'
      pragma:
      - no-cache
      strict-transport-security:
      - max-age=31536000; includeSubDomains
      x-content-type-options:
      - nosniff
      x-ms-ratelimit-remaining-subscription-writes:
      - '1199'
    status:
      code: 201
      message: Created
- request:
    body: null
    headers:
      Accept:
      - application/json
      Accept-Encoding:
      - gzip, deflate
      CommandName:
      - network application-gateway create
      Connection:
      - keep-alive
      ParameterSetName:
      - -g -n --sku --public-ip-address --trusted-client-cert
      User-Agent:
      - python/3.6.9 (Linux-4.19.121-linuxkit-x86_64-with-Ubuntu-18.04-bionic) msrest/0.6.18
        msrest_azure/0.6.3 azure-mgmt-resource/12.0.0 Azure-SDK-For-Python AZURECLI/2.18.0
    method: GET
    uri: https://management.azure.com/subscriptions/00000000-0000-0000-0000-000000000000/resourcegroups/cli_test_ag_trusted_client_cert000001/providers/Microsoft.Resources/deployments/mock-deployment/operationStatuses/08585893469795477040?api-version=2020-10-01
  response:
    body:
      string: '{"status":"Running"}'
    headers:
      cache-control:
      - no-cache
      content-length:
      - '20'
      content-type:
      - application/json; charset=utf-8
      date:
      - Tue, 02 Feb 2021 09:59:00 GMT
      expires:
      - '-1'
      pragma:
      - no-cache
      strict-transport-security:
      - max-age=31536000; includeSubDomains
      vary:
      - Accept-Encoding
      x-content-type-options:
      - nosniff
    status:
      code: 200
      message: OK
- request:
    body: null
    headers:
      Accept:
      - application/json
      Accept-Encoding:
      - gzip, deflate
      CommandName:
      - network application-gateway create
      Connection:
      - keep-alive
      ParameterSetName:
      - -g -n --sku --public-ip-address --trusted-client-cert
      User-Agent:
      - python/3.6.9 (Linux-4.19.121-linuxkit-x86_64-with-Ubuntu-18.04-bionic) msrest/0.6.18
        msrest_azure/0.6.3 azure-mgmt-resource/12.0.0 Azure-SDK-For-Python AZURECLI/2.18.0
    method: GET
    uri: https://management.azure.com/subscriptions/00000000-0000-0000-0000-000000000000/resourcegroups/cli_test_ag_trusted_client_cert000001/providers/Microsoft.Resources/deployments/mock-deployment/operationStatuses/08585893469795477040?api-version=2020-10-01
  response:
    body:
      string: '{"status":"Running"}'
    headers:
      cache-control:
      - no-cache
      content-length:
      - '20'
      content-type:
      - application/json; charset=utf-8
      date:
      - Tue, 02 Feb 2021 09:59:30 GMT
      expires:
      - '-1'
      pragma:
      - no-cache
      strict-transport-security:
      - max-age=31536000; includeSubDomains
      vary:
      - Accept-Encoding
      x-content-type-options:
      - nosniff
    status:
      code: 200
      message: OK
- request:
    body: null
    headers:
      Accept:
      - application/json
      Accept-Encoding:
      - gzip, deflate
      CommandName:
      - network application-gateway create
      Connection:
      - keep-alive
      ParameterSetName:
      - -g -n --sku --public-ip-address --trusted-client-cert
      User-Agent:
      - python/3.6.9 (Linux-4.19.121-linuxkit-x86_64-with-Ubuntu-18.04-bionic) msrest/0.6.18
        msrest_azure/0.6.3 azure-mgmt-resource/12.0.0 Azure-SDK-For-Python AZURECLI/2.18.0
    method: GET
    uri: https://management.azure.com/subscriptions/00000000-0000-0000-0000-000000000000/resourcegroups/cli_test_ag_trusted_client_cert000001/providers/Microsoft.Resources/deployments/mock-deployment/operationStatuses/08585893469795477040?api-version=2020-10-01
  response:
    body:
      string: '{"status":"Running"}'
    headers:
      cache-control:
      - no-cache
      content-length:
      - '20'
      content-type:
      - application/json; charset=utf-8
      date:
      - Tue, 02 Feb 2021 10:00:00 GMT
      expires:
      - '-1'
      pragma:
      - no-cache
      strict-transport-security:
      - max-age=31536000; includeSubDomains
      vary:
      - Accept-Encoding
      x-content-type-options:
      - nosniff
    status:
      code: 200
      message: OK
- request:
    body: null
    headers:
      Accept:
      - application/json
      Accept-Encoding:
      - gzip, deflate
      CommandName:
      - network application-gateway create
      Connection:
      - keep-alive
      ParameterSetName:
      - -g -n --sku --public-ip-address --trusted-client-cert
      User-Agent:
      - python/3.6.9 (Linux-4.19.121-linuxkit-x86_64-with-Ubuntu-18.04-bionic) msrest/0.6.18
        msrest_azure/0.6.3 azure-mgmt-resource/12.0.0 Azure-SDK-For-Python AZURECLI/2.18.0
    method: GET
    uri: https://management.azure.com/subscriptions/00000000-0000-0000-0000-000000000000/resourcegroups/cli_test_ag_trusted_client_cert000001/providers/Microsoft.Resources/deployments/mock-deployment/operationStatuses/08585893469795477040?api-version=2020-10-01
  response:
    body:
      string: '{"status":"Running"}'
    headers:
      cache-control:
      - no-cache
      content-length:
      - '20'
      content-type:
      - application/json; charset=utf-8
      date:
      - Tue, 02 Feb 2021 10:00:31 GMT
      expires:
      - '-1'
      pragma:
      - no-cache
      strict-transport-security:
      - max-age=31536000; includeSubDomains
      vary:
      - Accept-Encoding
      x-content-type-options:
      - nosniff
    status:
      code: 200
      message: OK
- request:
    body: null
    headers:
      Accept:
      - application/json
      Accept-Encoding:
      - gzip, deflate
      CommandName:
      - network application-gateway create
      Connection:
      - keep-alive
      ParameterSetName:
      - -g -n --sku --public-ip-address --trusted-client-cert
      User-Agent:
      - python/3.6.9 (Linux-4.19.121-linuxkit-x86_64-with-Ubuntu-18.04-bionic) msrest/0.6.18
        msrest_azure/0.6.3 azure-mgmt-resource/12.0.0 Azure-SDK-For-Python AZURECLI/2.18.0
    method: GET
    uri: https://management.azure.com/subscriptions/00000000-0000-0000-0000-000000000000/resourcegroups/cli_test_ag_trusted_client_cert000001/providers/Microsoft.Resources/deployments/mock-deployment/operationStatuses/08585893469795477040?api-version=2020-10-01
  response:
    body:
      string: '{"status":"Running"}'
    headers:
      cache-control:
      - no-cache
      content-length:
      - '20'
      content-type:
      - application/json; charset=utf-8
      date:
      - Tue, 02 Feb 2021 10:01:01 GMT
      expires:
      - '-1'
      pragma:
      - no-cache
      strict-transport-security:
      - max-age=31536000; includeSubDomains
      vary:
      - Accept-Encoding
      x-content-type-options:
      - nosniff
    status:
      code: 200
      message: OK
- request:
    body: null
    headers:
      Accept:
      - application/json
      Accept-Encoding:
      - gzip, deflate
      CommandName:
      - network application-gateway create
      Connection:
      - keep-alive
      ParameterSetName:
      - -g -n --sku --public-ip-address --trusted-client-cert
      User-Agent:
      - python/3.6.9 (Linux-4.19.121-linuxkit-x86_64-with-Ubuntu-18.04-bionic) msrest/0.6.18
        msrest_azure/0.6.3 azure-mgmt-resource/12.0.0 Azure-SDK-For-Python AZURECLI/2.18.0
    method: GET
    uri: https://management.azure.com/subscriptions/00000000-0000-0000-0000-000000000000/resourcegroups/cli_test_ag_trusted_client_cert000001/providers/Microsoft.Resources/deployments/mock-deployment/operationStatuses/08585893469795477040?api-version=2020-10-01
  response:
    body:
      string: '{"status":"Running"}'
    headers:
      cache-control:
      - no-cache
      content-length:
      - '20'
      content-type:
      - application/json; charset=utf-8
      date:
      - Tue, 02 Feb 2021 10:01:32 GMT
      expires:
      - '-1'
      pragma:
      - no-cache
      strict-transport-security:
      - max-age=31536000; includeSubDomains
      vary:
      - Accept-Encoding
      x-content-type-options:
      - nosniff
    status:
      code: 200
      message: OK
- request:
    body: null
    headers:
      Accept:
      - application/json
      Accept-Encoding:
      - gzip, deflate
      CommandName:
      - network application-gateway create
      Connection:
      - keep-alive
      ParameterSetName:
      - -g -n --sku --public-ip-address --trusted-client-cert
      User-Agent:
      - python/3.6.9 (Linux-4.19.121-linuxkit-x86_64-with-Ubuntu-18.04-bionic) msrest/0.6.18
        msrest_azure/0.6.3 azure-mgmt-resource/12.0.0 Azure-SDK-For-Python AZURECLI/2.18.0
    method: GET
    uri: https://management.azure.com/subscriptions/00000000-0000-0000-0000-000000000000/resourcegroups/cli_test_ag_trusted_client_cert000001/providers/Microsoft.Resources/deployments/mock-deployment/operationStatuses/08585893469795477040?api-version=2020-10-01
  response:
    body:
      string: '{"status":"Running"}'
    headers:
      cache-control:
      - no-cache
      content-length:
      - '20'
      content-type:
      - application/json; charset=utf-8
      date:
      - Tue, 02 Feb 2021 10:02:02 GMT
      expires:
      - '-1'
      pragma:
      - no-cache
      strict-transport-security:
      - max-age=31536000; includeSubDomains
      vary:
      - Accept-Encoding
      x-content-type-options:
      - nosniff
    status:
      code: 200
      message: OK
- request:
    body: null
    headers:
      Accept:
      - application/json
      Accept-Encoding:
      - gzip, deflate
      CommandName:
      - network application-gateway create
      Connection:
      - keep-alive
      ParameterSetName:
      - -g -n --sku --public-ip-address --trusted-client-cert
      User-Agent:
      - python/3.6.9 (Linux-4.19.121-linuxkit-x86_64-with-Ubuntu-18.04-bionic) msrest/0.6.18
        msrest_azure/0.6.3 azure-mgmt-resource/12.0.0 Azure-SDK-For-Python AZURECLI/2.18.0
    method: GET
    uri: https://management.azure.com/subscriptions/00000000-0000-0000-0000-000000000000/resourcegroups/cli_test_ag_trusted_client_cert000001/providers/Microsoft.Resources/deployments/mock-deployment/operationStatuses/08585893469795477040?api-version=2020-10-01
  response:
    body:
      string: '{"status":"Running"}'
    headers:
      cache-control:
      - no-cache
      content-length:
      - '20'
      content-type:
      - application/json; charset=utf-8
      date:
      - Tue, 02 Feb 2021 10:02:33 GMT
      expires:
      - '-1'
      pragma:
      - no-cache
      strict-transport-security:
      - max-age=31536000; includeSubDomains
      vary:
      - Accept-Encoding
      x-content-type-options:
      - nosniff
    status:
      code: 200
      message: OK
- request:
    body: null
    headers:
      Accept:
      - application/json
      Accept-Encoding:
      - gzip, deflate
      CommandName:
      - network application-gateway create
      Connection:
      - keep-alive
      ParameterSetName:
      - -g -n --sku --public-ip-address --trusted-client-cert
      User-Agent:
      - python/3.6.9 (Linux-4.19.121-linuxkit-x86_64-with-Ubuntu-18.04-bionic) msrest/0.6.18
        msrest_azure/0.6.3 azure-mgmt-resource/12.0.0 Azure-SDK-For-Python AZURECLI/2.18.0
    method: GET
    uri: https://management.azure.com/subscriptions/00000000-0000-0000-0000-000000000000/resourcegroups/cli_test_ag_trusted_client_cert000001/providers/Microsoft.Resources/deployments/mock-deployment/operationStatuses/08585893469795477040?api-version=2020-10-01
  response:
    body:
      string: '{"status":"Succeeded"}'
    headers:
      cache-control:
      - no-cache
      content-length:
      - '22'
      content-type:
      - application/json; charset=utf-8
      date:
      - Tue, 02 Feb 2021 10:03:04 GMT
      expires:
      - '-1'
      pragma:
      - no-cache
      strict-transport-security:
      - max-age=31536000; includeSubDomains
      vary:
      - Accept-Encoding
      x-content-type-options:
      - nosniff
    status:
      code: 200
      message: OK
- request:
    body: null
    headers:
      Accept:
      - application/json
      Accept-Encoding:
      - gzip, deflate
      CommandName:
      - network application-gateway create
      Connection:
      - keep-alive
      ParameterSetName:
      - -g -n --sku --public-ip-address --trusted-client-cert
      User-Agent:
      - python/3.6.9 (Linux-4.19.121-linuxkit-x86_64-with-Ubuntu-18.04-bionic) msrest/0.6.18
        msrest_azure/0.6.3 azure-mgmt-resource/12.0.0 Azure-SDK-For-Python AZURECLI/2.18.0
    method: GET
    uri: https://management.azure.com/subscriptions/00000000-0000-0000-0000-000000000000/resourcegroups/cli_test_ag_trusted_client_cert000001/providers/Microsoft.Resources/deployments/mock-deployment?api-version=2020-10-01
  response:
    body:
      string: '{"id":"/subscriptions/00000000-0000-0000-0000-000000000000/resourceGroups/cli_test_ag_trusted_client_cert000001/providers/Microsoft.Resources/deployments/ag_deploy_FIacW8Qq2qPLgTz7AuQyFgWnEgEVKyzU","name":"ag_deploy_FIacW8Qq2qPLgTz7AuQyFgWnEgEVKyzU","type":"Microsoft.Resources/deployments","properties":{"templateHash":"8794137537117395515","parameters":{},"mode":"Incremental","provisioningState":"Succeeded","timestamp":"2021-02-02T10:02:33.9464189Z","duration":"PT4M8.0164989S","correlationId":"a7c8be99-ea8d-468e-b5aa-9cfc5aa5d8ae","providers":[{"namespace":"Microsoft.Network","resourceTypes":[{"resourceType":"virtualNetworks","locations":["westus"]},{"resourceType":"applicationGateways","locations":["westus"]}]}],"dependencies":[{"dependsOn":[{"id":"/subscriptions/00000000-0000-0000-0000-000000000000/resourceGroups/cli_test_ag_trusted_client_cert000001/providers/Microsoft.Network/virtualNetworks/gatewayVnet","resourceType":"Microsoft.Network/virtualNetworks","resourceName":"gatewayVnet"}],"id":"/subscriptions/00000000-0000-0000-0000-000000000000/resourceGroups/cli_test_ag_trusted_client_cert000001/providers/Microsoft.Network/applicationGateways/gateway","resourceType":"Microsoft.Network/applicationGateways","resourceName":"gateway"}],"outputs":{"applicationGateway":{"type":"Object","value":{"provisioningState":"Succeeded","resourceGuid":"73c91148-ca11-41a8-8a50-a6e30b165115","sku":{"name":"Standard_v2","tier":"Standard_v2","capacity":2},"operationalState":"Running","gatewayIPConfigurations":[{"name":"appGatewayFrontendIP","id":"/subscriptions/00000000-0000-0000-0000-000000000000/resourceGroups/cli_test_ag_trusted_client_cert000001/providers/Microsoft.Network/applicationGateways/gateway/gatewayIPConfigurations/appGatewayFrontendIP","etag":"W/\"10d435c2-5b7b-4662-9ca6-857c2653aa5d\"","properties":{"provisioningState":"Succeeded","subnet":{"id":"/subscriptions/00000000-0000-0000-0000-000000000000/resourceGroups/cli_test_ag_trusted_client_cert000001/providers/Microsoft.Network/virtualNetworks/gatewayVnet/subnets/default"}},"type":"Microsoft.Network/applicationGateways/gatewayIPConfigurations"}],"sslCertificates":[],"trustedRootCertificates":[],"trustedClientCertificates":[{"name":"cert_name","id":"/subscriptions/00000000-0000-0000-0000-000000000000/resourceGroups/cli_test_ag_trusted_client_cert000001/providers/Microsoft.Network/applicationGateways/gateway/trustedClientCertificates/cert_name","etag":"W/\"10d435c2-5b7b-4662-9ca6-857c2653aa5d\"","properties":{"provisioningState":"Succeeded","data":"LS0tLS1CRUdJTiBDRVJUSUZJQ0FURS0tLS0tCk1JSURhekNDQWxPZ0F3SUJBZ0lVSi9lY2lya3FMaGZwRm5rU0p1by9ISytTcTNVd0RRWUpLb1pJaHZjTkFRRUwKQlFBd1JURUxNQWtHQTFVRUJoTUNRVlV4RXpBUkJnTlZCQWdNQ2xOdmJXVXRVM1JoZEdVeElUQWZCZ05WQkFvTQpHRWx1ZEdWeWJtVjBJRmRwWkdkcGRITWdVSFI1SUV4MFpEQWVGdzB5TURFeE1Ua3dOak13TlROYUZ3MHlNVEV4Ck1Ua3dOak13TlROYU1FVXhDekFKQmdOVkJBWVRBa0ZWTVJNd0VRWURWUVFJREFwVGIyMWxMVk4wWVhSbE1TRXcKSHdZRFZRUUtEQmhKYm5SbGNtNWxkQ0JYYVdSbmFYUnpJRkIwZVNCTWRHUXdnZ0VpTUEwR0NTcUdTSWIzRFFFQgpBUVVBQTRJQkR3QXdnZ0VLQW9JQkFRRFdHNnFzMmUyeURmaTFRbnpON1NIdnNkeVgxY3R5QXc0a0RNL005OTV4CklrR2JkU2dkS2hiMDlqbFlmWUdvZlFMbnpyNmhBbWU5Uk8wMXk2NldGSFVtZ25aaGhTbEx6ajBJMkZOSmNDUi8KMHhPa0hqOTNLQ1QyQWRWQ0FkTDhXTi9PR0h5UkNHYm1wdkIrcXVJRGlDNE9TUG9qQ2J0NUVXc1pOTnFDTDNkSworYzJzUGNCZjdCQUd5blp0TW5xcVBFQi9rUVBUa2FrSExCUVRuYUsvcUoweEgyVFlFdWhMblJGWjczcjV4V0lvCmNRWEltQUFhTVd6NFR0T0VSU3p0TWdxMkV0aUJsRjR6azBSRjE0MUdsOEVDOXBMVmRkVVRYWXN6cjU0WDcxQjEKVldKYjIxakVqVktSRFVrSnZuelhQRzlGeDg3ckttWVQ1ZFlkcGxYTzFqL3BBZ01CQUFHalV6QlJNQjBHQTFVZApEZ1FXQkJTV1ZzTERsY0s0SkdXWFNxazk2aG43b05zaUVqQWZCZ05WSFNNRUdEQVdnQlNXVnNMRGxjSzRKR1dYClNxazk2aG43b05zaUVqQVBCZ05WSFJNQkFmOEVCVEFEQVFIL01BMEdDU3FHU0liM0RRRUJDd1VBQTRJQkFRQ1QKcU82aXlWQ2I3b1NhaDVGdUQwV2wrZVNqa1dlaVplckxSVWRKZXNIaXFrYmJXSkVPOUNXbW1HS0R4V05NSVhUbwppbjdCczEwZXIrV0swZjcwekRCbDQxREd2L3ZKSFFHUkVDSlBkQ1FzenAwOWxkSlAzV2VveXBPME8zYzZiMUM1CmRuZmw3UTJnY2haVDcvcS93Z2xUMnI0MncydWx3anIwVGdCT2p0QlV1VGhWL2tuS0phZUZqQTdQbmFWWWI0M3YKMmx2YzlaNjBkTk5sVlA3NG52VnhNQmpURUxncVVMeHVub240M1EvZkFvZjRUdTJ2YlVqcTFIRzMrOHFXU29WYwpSUnJyV2JBS1NHMktIR05FVFEvL1RaUmFKaGJPU21Od2hzdk94VmhrY3phblNTcmRXc1dSYTNVakV2QldKSUlmCnlDQU1TY0YwbXlsczl0a1VydWxXCi0tLS0tRU5EIENFUlRJRklDQVRFLS0tLS0K"},"type":"Microsoft.Network/applicationGateways/trustedClientCertificates"}],"sslProfiles":[],"frontendIPConfigurations":[{"name":"appGatewayFrontendIP","id":"/subscriptions/00000000-0000-0000-0000-000000000000/resourceGroups/cli_test_ag_trusted_client_cert000001/providers/Microsoft.Network/applicationGateways/gateway/frontendIPConfigurations/appGatewayFrontendIP","etag":"W/\"10d435c2-5b7b-4662-9ca6-857c2653aa5d\"","type":"Microsoft.Network/applicationGateways/frontendIPConfigurations","properties":{"provisioningState":"Succeeded","privateIPAllocationMethod":"Dynamic","publicIPAddress":{"id":"/subscriptions/00000000-0000-0000-0000-000000000000/resourceGroups/cli_test_ag_trusted_client_cert000001/providers/Microsoft.Network/publicIPAddresses/ip1"},"httpListeners":[{"id":"/subscriptions/00000000-0000-0000-0000-000000000000/resourceGroups/cli_test_ag_trusted_client_cert000001/providers/Microsoft.Network/applicationGateways/gateway/httpListeners/appGatewayHttpListener"}]}}],"frontendPorts":[{"name":"appGatewayFrontendPort","id":"/subscriptions/00000000-0000-0000-0000-000000000000/resourceGroups/cli_test_ag_trusted_client_cert000001/providers/Microsoft.Network/applicationGateways/gateway/frontendPorts/appGatewayFrontendPort","etag":"W/\"10d435c2-5b7b-4662-9ca6-857c2653aa5d\"","properties":{"provisioningState":"Succeeded","port":80,"httpListeners":[{"id":"/subscriptions/00000000-0000-0000-0000-000000000000/resourceGroups/cli_test_ag_trusted_client_cert000001/providers/Microsoft.Network/applicationGateways/gateway/httpListeners/appGatewayHttpListener"}]},"type":"Microsoft.Network/applicationGateways/frontendPorts"}],"backendAddressPools":[{"name":"appGatewayBackendPool","id":"/subscriptions/00000000-0000-0000-0000-000000000000/resourceGroups/cli_test_ag_trusted_client_cert000001/providers/Microsoft.Network/applicationGateways/gateway/backendAddressPools/appGatewayBackendPool","etag":"W/\"10d435c2-5b7b-4662-9ca6-857c2653aa5d\"","properties":{"provisioningState":"Succeeded","backendAddresses":[],"requestRoutingRules":[{"id":"/subscriptions/00000000-0000-0000-0000-000000000000/resourceGroups/cli_test_ag_trusted_client_cert000001/providers/Microsoft.Network/applicationGateways/gateway/requestRoutingRules/rule1"}]},"type":"Microsoft.Network/applicationGateways/backendAddressPools"}],"loadDistributionPolicies":[],"backendHttpSettingsCollection":[{"name":"appGatewayBackendHttpSettings","id":"/subscriptions/00000000-0000-0000-0000-000000000000/resourceGroups/cli_test_ag_trusted_client_cert000001/providers/Microsoft.Network/applicationGateways/gateway/backendHttpSettingsCollection/appGatewayBackendHttpSettings","etag":"W/\"10d435c2-5b7b-4662-9ca6-857c2653aa5d\"","properties":{"provisioningState":"Succeeded","port":80,"protocol":"Http","cookieBasedAffinity":"Disabled","connectionDraining":{"enabled":false,"drainTimeoutInSec":1},"pickHostNameFromBackendAddress":false,"requestTimeout":30,"requestRoutingRules":[{"id":"/subscriptions/00000000-0000-0000-0000-000000000000/resourceGroups/cli_test_ag_trusted_client_cert000001/providers/Microsoft.Network/applicationGateways/gateway/requestRoutingRules/rule1"}]},"type":"Microsoft.Network/applicationGateways/backendHttpSettingsCollection"}],"httpListeners":[{"name":"appGatewayHttpListener","id":"/subscriptions/00000000-0000-0000-0000-000000000000/resourceGroups/cli_test_ag_trusted_client_cert000001/providers/Microsoft.Network/applicationGateways/gateway/httpListeners/appGatewayHttpListener","etag":"W/\"10d435c2-5b7b-4662-9ca6-857c2653aa5d\"","properties":{"provisioningState":"Succeeded","frontendIPConfiguration":{"id":"/subscriptions/00000000-0000-0000-0000-000000000000/resourceGroups/cli_test_ag_trusted_client_cert000001/providers/Microsoft.Network/applicationGateways/gateway/frontendIPConfigurations/appGatewayFrontendIP"},"frontendPort":{"id":"/subscriptions/00000000-0000-0000-0000-000000000000/resourceGroups/cli_test_ag_trusted_client_cert000001/providers/Microsoft.Network/applicationGateways/gateway/frontendPorts/appGatewayFrontendPort"},"protocol":"Http","hostNames":[],"requireServerNameIndication":false,"requestRoutingRules":[{"id":"/subscriptions/00000000-0000-0000-0000-000000000000/resourceGroups/cli_test_ag_trusted_client_cert000001/providers/Microsoft.Network/applicationGateways/gateway/requestRoutingRules/rule1"}]},"type":"Microsoft.Network/applicationGateways/httpListeners"}],"urlPathMaps":[],"requestRoutingRules":[{"name":"rule1","id":"/subscriptions/00000000-0000-0000-0000-000000000000/resourceGroups/cli_test_ag_trusted_client_cert000001/providers/Microsoft.Network/applicationGateways/gateway/requestRoutingRules/rule1","etag":"W/\"10d435c2-5b7b-4662-9ca6-857c2653aa5d\"","properties":{"provisioningState":"Succeeded","ruleType":"Basic","httpListener":{"id":"/subscriptions/00000000-0000-0000-0000-000000000000/resourceGroups/cli_test_ag_trusted_client_cert000001/providers/Microsoft.Network/applicationGateways/gateway/httpListeners/appGatewayHttpListener"},"backendAddressPool":{"id":"/subscriptions/00000000-0000-0000-0000-000000000000/resourceGroups/cli_test_ag_trusted_client_cert000001/providers/Microsoft.Network/applicationGateways/gateway/backendAddressPools/appGatewayBackendPool"},"backendHttpSettings":{"id":"/subscriptions/00000000-0000-0000-0000-000000000000/resourceGroups/cli_test_ag_trusted_client_cert000001/providers/Microsoft.Network/applicationGateways/gateway/backendHttpSettingsCollection/appGatewayBackendHttpSettings"}},"type":"Microsoft.Network/applicationGateways/requestRoutingRules"}],"probes":[],"rewriteRuleSets":[],"redirectConfigurations":[],"privateLinkConfigurations":[],"privateEndpointConnections":[]}}},"outputResources":[{"id":"/subscriptions/00000000-0000-0000-0000-000000000000/resourceGroups/cli_test_ag_trusted_client_cert000001/providers/Microsoft.Network/applicationGateways/gateway"},{"id":"/subscriptions/00000000-0000-0000-0000-000000000000/resourceGroups/cli_test_ag_trusted_client_cert000001/providers/Microsoft.Network/virtualNetworks/gatewayVnet"}]}}'
    headers:
      cache-control:
      - no-cache
      content-length:
      - '11172'
      content-type:
      - application/json; charset=utf-8
      date:
      - Tue, 02 Feb 2021 10:03:04 GMT
      expires:
      - '-1'
      pragma:
      - no-cache
      strict-transport-security:
      - max-age=31536000; includeSubDomains
      vary:
      - Accept-Encoding
      x-content-type-options:
      - nosniff
    status:
      code: 200
      message: OK
- request:
    body: null
    headers:
      Accept:
      - application/json
      Accept-Encoding:
      - gzip, deflate
      CommandName:
      - network application-gateway client-cert add
      Connection:
      - keep-alive
      ParameterSetName:
      - -g --gateway-name --name --data
      User-Agent:
      - AZURECLI/2.18.0 azsdk-python-azure-mgmt-network/17.0.0 Python/3.6.9 (Linux-4.19.121-linuxkit-x86_64-with-Ubuntu-18.04-bionic)
    method: GET
    uri: https://management.azure.com/subscriptions/00000000-0000-0000-0000-000000000000/resourceGroups/cli_test_ag_trusted_client_cert000001/providers/Microsoft.Network/applicationGateways/gateway?api-version=2020-07-01
  response:
    body:
      string: "{\r\n  \"name\": \"gateway\",\r\n  \"id\": \"/subscriptions/00000000-0000-0000-0000-000000000000/resourceGroups/cli_test_ag_trusted_client_cert000001/providers/Microsoft.Network/applicationGateways/gateway\",\r\n
        \ \"etag\": \"W/\\\"10d435c2-5b7b-4662-9ca6-857c2653aa5d\\\"\",\r\n  \"type\":
        \"Microsoft.Network/applicationGateways\",\r\n  \"location\": \"westus\",\r\n
        \ \"tags\": {},\r\n  \"properties\": {\r\n    \"provisioningState\": \"Succeeded\",\r\n
        \   \"resourceGuid\": \"73c91148-ca11-41a8-8a50-a6e30b165115\",\r\n    \"sku\":
        {\r\n      \"name\": \"Standard_v2\",\r\n      \"tier\": \"Standard_v2\",\r\n
        \     \"capacity\": 2\r\n    },\r\n    \"operationalState\": \"Running\",\r\n
        \   \"gatewayIPConfigurations\": [\r\n      {\r\n        \"name\": \"appGatewayFrontendIP\",\r\n
        \       \"id\": \"/subscriptions/00000000-0000-0000-0000-000000000000/resourceGroups/cli_test_ag_trusted_client_cert000001/providers/Microsoft.Network/applicationGateways/gateway/gatewayIPConfigurations/appGatewayFrontendIP\",\r\n
        \       \"etag\": \"W/\\\"10d435c2-5b7b-4662-9ca6-857c2653aa5d\\\"\",\r\n
        \       \"properties\": {\r\n          \"provisioningState\": \"Succeeded\",\r\n
        \         \"subnet\": {\r\n            \"id\": \"/subscriptions/00000000-0000-0000-0000-000000000000/resourceGroups/cli_test_ag_trusted_client_cert000001/providers/Microsoft.Network/virtualNetworks/gatewayVnet/subnets/default\"\r\n
        \         }\r\n        },\r\n        \"type\": \"Microsoft.Network/applicationGateways/gatewayIPConfigurations\"\r\n
        \     }\r\n    ],\r\n    \"sslCertificates\": [],\r\n    \"trustedRootCertificates\":
        [],\r\n    \"trustedClientCertificates\": [\r\n      {\r\n        \"name\":
        \"cert_name\",\r\n        \"id\": \"/subscriptions/00000000-0000-0000-0000-000000000000/resourceGroups/cli_test_ag_trusted_client_cert000001/providers/Microsoft.Network/applicationGateways/gateway/trustedClientCertificates/cert_name\",\r\n
        \       \"etag\": \"W/\\\"10d435c2-5b7b-4662-9ca6-857c2653aa5d\\\"\",\r\n
        \       \"properties\": {\r\n          \"provisioningState\": \"Succeeded\",\r\n
        \         \"data\": \"LS0tLS1CRUdJTiBDRVJUSUZJQ0FURS0tLS0tCk1JSURhekNDQWxPZ0F3SUJBZ0lVSi9lY2lya3FMaGZwRm5rU0p1by9ISytTcTNVd0RRWUpLb1pJaHZjTkFRRUwKQlFBd1JURUxNQWtHQTFVRUJoTUNRVlV4RXpBUkJnTlZCQWdNQ2xOdmJXVXRVM1JoZEdVeElUQWZCZ05WQkFvTQpHRWx1ZEdWeWJtVjBJRmRwWkdkcGRITWdVSFI1SUV4MFpEQWVGdzB5TURFeE1Ua3dOak13TlROYUZ3MHlNVEV4Ck1Ua3dOak13TlROYU1FVXhDekFKQmdOVkJBWVRBa0ZWTVJNd0VRWURWUVFJREFwVGIyMWxMVk4wWVhSbE1TRXcKSHdZRFZRUUtEQmhKYm5SbGNtNWxkQ0JYYVdSbmFYUnpJRkIwZVNCTWRHUXdnZ0VpTUEwR0NTcUdTSWIzRFFFQgpBUVVBQTRJQkR3QXdnZ0VLQW9JQkFRRFdHNnFzMmUyeURmaTFRbnpON1NIdnNkeVgxY3R5QXc0a0RNL005OTV4CklrR2JkU2dkS2hiMDlqbFlmWUdvZlFMbnpyNmhBbWU5Uk8wMXk2NldGSFVtZ25aaGhTbEx6ajBJMkZOSmNDUi8KMHhPa0hqOTNLQ1QyQWRWQ0FkTDhXTi9PR0h5UkNHYm1wdkIrcXVJRGlDNE9TUG9qQ2J0NUVXc1pOTnFDTDNkSworYzJzUGNCZjdCQUd5blp0TW5xcVBFQi9rUVBUa2FrSExCUVRuYUsvcUoweEgyVFlFdWhMblJGWjczcjV4V0lvCmNRWEltQUFhTVd6NFR0T0VSU3p0TWdxMkV0aUJsRjR6azBSRjE0MUdsOEVDOXBMVmRkVVRYWXN6cjU0WDcxQjEKVldKYjIxakVqVktSRFVrSnZuelhQRzlGeDg3ckttWVQ1ZFlkcGxYTzFqL3BBZ01CQUFHalV6QlJNQjBHQTFVZApEZ1FXQkJTV1ZzTERsY0s0SkdXWFNxazk2aG43b05zaUVqQWZCZ05WSFNNRUdEQVdnQlNXVnNMRGxjSzRKR1dYClNxazk2aG43b05zaUVqQVBCZ05WSFJNQkFmOEVCVEFEQVFIL01BMEdDU3FHU0liM0RRRUJDd1VBQTRJQkFRQ1QKcU82aXlWQ2I3b1NhaDVGdUQwV2wrZVNqa1dlaVplckxSVWRKZXNIaXFrYmJXSkVPOUNXbW1HS0R4V05NSVhUbwppbjdCczEwZXIrV0swZjcwekRCbDQxREd2L3ZKSFFHUkVDSlBkQ1FzenAwOWxkSlAzV2VveXBPME8zYzZiMUM1CmRuZmw3UTJnY2haVDcvcS93Z2xUMnI0MncydWx3anIwVGdCT2p0QlV1VGhWL2tuS0phZUZqQTdQbmFWWWI0M3YKMmx2YzlaNjBkTk5sVlA3NG52VnhNQmpURUxncVVMeHVub240M1EvZkFvZjRUdTJ2YlVqcTFIRzMrOHFXU29WYwpSUnJyV2JBS1NHMktIR05FVFEvL1RaUmFKaGJPU21Od2hzdk94VmhrY3phblNTcmRXc1dSYTNVakV2QldKSUlmCnlDQU1TY0YwbXlsczl0a1VydWxXCi0tLS0tRU5EIENFUlRJRklDQVRFLS0tLS0K\"\r\n
        \       },\r\n        \"type\": \"Microsoft.Network/applicationGateways/trustedClientCertificates\"\r\n
        \     }\r\n    ],\r\n    \"sslProfiles\": [],\r\n    \"frontendIPConfigurations\":
        [\r\n      {\r\n        \"name\": \"appGatewayFrontendIP\",\r\n        \"id\":
        \"/subscriptions/00000000-0000-0000-0000-000000000000/resourceGroups/cli_test_ag_trusted_client_cert000001/providers/Microsoft.Network/applicationGateways/gateway/frontendIPConfigurations/appGatewayFrontendIP\",\r\n
        \       \"etag\": \"W/\\\"10d435c2-5b7b-4662-9ca6-857c2653aa5d\\\"\",\r\n
        \       \"type\": \"Microsoft.Network/applicationGateways/frontendIPConfigurations\",\r\n
        \       \"properties\": {\r\n          \"provisioningState\": \"Succeeded\",\r\n
        \         \"privateIPAllocationMethod\": \"Dynamic\",\r\n          \"publicIPAddress\":
        {\r\n            \"id\": \"/subscriptions/00000000-0000-0000-0000-000000000000/resourceGroups/cli_test_ag_trusted_client_cert000001/providers/Microsoft.Network/publicIPAddresses/ip1\"\r\n
        \         },\r\n          \"httpListeners\": [\r\n            {\r\n              \"id\":
        \"/subscriptions/00000000-0000-0000-0000-000000000000/resourceGroups/cli_test_ag_trusted_client_cert000001/providers/Microsoft.Network/applicationGateways/gateway/httpListeners/appGatewayHttpListener\"\r\n
        \           }\r\n          ]\r\n        }\r\n      }\r\n    ],\r\n    \"frontendPorts\":
        [\r\n      {\r\n        \"name\": \"appGatewayFrontendPort\",\r\n        \"id\":
        \"/subscriptions/00000000-0000-0000-0000-000000000000/resourceGroups/cli_test_ag_trusted_client_cert000001/providers/Microsoft.Network/applicationGateways/gateway/frontendPorts/appGatewayFrontendPort\",\r\n
        \       \"etag\": \"W/\\\"10d435c2-5b7b-4662-9ca6-857c2653aa5d\\\"\",\r\n
        \       \"properties\": {\r\n          \"provisioningState\": \"Succeeded\",\r\n
        \         \"port\": 80,\r\n          \"httpListeners\": [\r\n            {\r\n
        \             \"id\": \"/subscriptions/00000000-0000-0000-0000-000000000000/resourceGroups/cli_test_ag_trusted_client_cert000001/providers/Microsoft.Network/applicationGateways/gateway/httpListeners/appGatewayHttpListener\"\r\n
        \           }\r\n          ]\r\n        },\r\n        \"type\": \"Microsoft.Network/applicationGateways/frontendPorts\"\r\n
        \     }\r\n    ],\r\n    \"backendAddressPools\": [\r\n      {\r\n        \"name\":
        \"appGatewayBackendPool\",\r\n        \"id\": \"/subscriptions/00000000-0000-0000-0000-000000000000/resourceGroups/cli_test_ag_trusted_client_cert000001/providers/Microsoft.Network/applicationGateways/gateway/backendAddressPools/appGatewayBackendPool\",\r\n
        \       \"etag\": \"W/\\\"10d435c2-5b7b-4662-9ca6-857c2653aa5d\\\"\",\r\n
        \       \"properties\": {\r\n          \"provisioningState\": \"Succeeded\",\r\n
        \         \"backendAddresses\": [],\r\n          \"requestRoutingRules\":
        [\r\n            {\r\n              \"id\": \"/subscriptions/00000000-0000-0000-0000-000000000000/resourceGroups/cli_test_ag_trusted_client_cert000001/providers/Microsoft.Network/applicationGateways/gateway/requestRoutingRules/rule1\"\r\n
        \           }\r\n          ]\r\n        },\r\n        \"type\": \"Microsoft.Network/applicationGateways/backendAddressPools\"\r\n
        \     }\r\n    ],\r\n    \"loadDistributionPolicies\": [],\r\n    \"backendHttpSettingsCollection\":
        [\r\n      {\r\n        \"name\": \"appGatewayBackendHttpSettings\",\r\n        \"id\":
        \"/subscriptions/00000000-0000-0000-0000-000000000000/resourceGroups/cli_test_ag_trusted_client_cert000001/providers/Microsoft.Network/applicationGateways/gateway/backendHttpSettingsCollection/appGatewayBackendHttpSettings\",\r\n
        \       \"etag\": \"W/\\\"10d435c2-5b7b-4662-9ca6-857c2653aa5d\\\"\",\r\n
        \       \"properties\": {\r\n          \"provisioningState\": \"Succeeded\",\r\n
        \         \"port\": 80,\r\n          \"protocol\": \"Http\",\r\n          \"cookieBasedAffinity\":
        \"Disabled\",\r\n          \"connectionDraining\": {\r\n            \"enabled\":
        false,\r\n            \"drainTimeoutInSec\": 1\r\n          },\r\n          \"pickHostNameFromBackendAddress\":
        false,\r\n          \"requestTimeout\": 30,\r\n          \"requestRoutingRules\":
        [\r\n            {\r\n              \"id\": \"/subscriptions/00000000-0000-0000-0000-000000000000/resourceGroups/cli_test_ag_trusted_client_cert000001/providers/Microsoft.Network/applicationGateways/gateway/requestRoutingRules/rule1\"\r\n
        \           }\r\n          ]\r\n        },\r\n        \"type\": \"Microsoft.Network/applicationGateways/backendHttpSettingsCollection\"\r\n
        \     }\r\n    ],\r\n    \"httpListeners\": [\r\n      {\r\n        \"name\":
        \"appGatewayHttpListener\",\r\n        \"id\": \"/subscriptions/00000000-0000-0000-0000-000000000000/resourceGroups/cli_test_ag_trusted_client_cert000001/providers/Microsoft.Network/applicationGateways/gateway/httpListeners/appGatewayHttpListener\",\r\n
        \       \"etag\": \"W/\\\"10d435c2-5b7b-4662-9ca6-857c2653aa5d\\\"\",\r\n
        \       \"properties\": {\r\n          \"provisioningState\": \"Succeeded\",\r\n
        \         \"frontendIPConfiguration\": {\r\n            \"id\": \"/subscriptions/00000000-0000-0000-0000-000000000000/resourceGroups/cli_test_ag_trusted_client_cert000001/providers/Microsoft.Network/applicationGateways/gateway/frontendIPConfigurations/appGatewayFrontendIP\"\r\n
        \         },\r\n          \"frontendPort\": {\r\n            \"id\": \"/subscriptions/00000000-0000-0000-0000-000000000000/resourceGroups/cli_test_ag_trusted_client_cert000001/providers/Microsoft.Network/applicationGateways/gateway/frontendPorts/appGatewayFrontendPort\"\r\n
        \         },\r\n          \"protocol\": \"Http\",\r\n          \"hostNames\":
        [],\r\n          \"requireServerNameIndication\": false,\r\n          \"requestRoutingRules\":
        [\r\n            {\r\n              \"id\": \"/subscriptions/00000000-0000-0000-0000-000000000000/resourceGroups/cli_test_ag_trusted_client_cert000001/providers/Microsoft.Network/applicationGateways/gateway/requestRoutingRules/rule1\"\r\n
        \           }\r\n          ]\r\n        },\r\n        \"type\": \"Microsoft.Network/applicationGateways/httpListeners\"\r\n
        \     }\r\n    ],\r\n    \"urlPathMaps\": [],\r\n    \"requestRoutingRules\":
        [\r\n      {\r\n        \"name\": \"rule1\",\r\n        \"id\": \"/subscriptions/00000000-0000-0000-0000-000000000000/resourceGroups/cli_test_ag_trusted_client_cert000001/providers/Microsoft.Network/applicationGateways/gateway/requestRoutingRules/rule1\",\r\n
        \       \"etag\": \"W/\\\"10d435c2-5b7b-4662-9ca6-857c2653aa5d\\\"\",\r\n
        \       \"properties\": {\r\n          \"provisioningState\": \"Succeeded\",\r\n
        \         \"ruleType\": \"Basic\",\r\n          \"httpListener\": {\r\n            \"id\":
        \"/subscriptions/00000000-0000-0000-0000-000000000000/resourceGroups/cli_test_ag_trusted_client_cert000001/providers/Microsoft.Network/applicationGateways/gateway/httpListeners/appGatewayHttpListener\"\r\n
        \         },\r\n          \"backendAddressPool\": {\r\n            \"id\":
        \"/subscriptions/00000000-0000-0000-0000-000000000000/resourceGroups/cli_test_ag_trusted_client_cert000001/providers/Microsoft.Network/applicationGateways/gateway/backendAddressPools/appGatewayBackendPool\"\r\n
        \         },\r\n          \"backendHttpSettings\": {\r\n            \"id\":
        \"/subscriptions/00000000-0000-0000-0000-000000000000/resourceGroups/cli_test_ag_trusted_client_cert000001/providers/Microsoft.Network/applicationGateways/gateway/backendHttpSettingsCollection/appGatewayBackendHttpSettings\"\r\n
        \         }\r\n        },\r\n        \"type\": \"Microsoft.Network/applicationGateways/requestRoutingRules\"\r\n
        \     }\r\n    ],\r\n    \"probes\": [],\r\n    \"rewriteRuleSets\": [],\r\n
        \   \"redirectConfigurations\": [],\r\n    \"privateLinkConfigurations\":
        [],\r\n    \"privateEndpointConnections\": []\r\n  }\r\n}"
    headers:
      cache-control:
      - no-cache
      content-length:
      - '11556'
      content-type:
      - application/json; charset=utf-8
      date:
      - Tue, 02 Feb 2021 10:03:05 GMT
      etag:
      - W/"10d435c2-5b7b-4662-9ca6-857c2653aa5d"
      expires:
      - '-1'
      pragma:
      - no-cache
      server:
      - Microsoft-HTTPAPI/2.0
      - Microsoft-HTTPAPI/2.0
      strict-transport-security:
      - max-age=31536000; includeSubDomains
      transfer-encoding:
      - chunked
      vary:
      - Accept-Encoding
      x-content-type-options:
      - nosniff
      x-ms-arm-service-request-id:
      - 752d1217-186f-44bd-8c57-57abd9b71617
    status:
      code: 200
      message: OK
- request:
    body: '{"id": "/subscriptions/00000000-0000-0000-0000-000000000000/resourceGroups/cli_test_ag_trusted_client_cert000001/providers/Microsoft.Network/applicationGateways/gateway",
      "location": "westus", "tags": {}, "properties": {"sku": {"name": "Standard_v2",
      "tier": "Standard_v2", "capacity": 2}, "gatewayIPConfigurations": [{"id": "/subscriptions/00000000-0000-0000-0000-000000000000/resourceGroups/cli_test_ag_trusted_client_cert000001/providers/Microsoft.Network/applicationGateways/gateway/gatewayIPConfigurations/appGatewayFrontendIP",
      "name": "appGatewayFrontendIP", "properties": {"subnet": {"id": "/subscriptions/00000000-0000-0000-0000-000000000000/resourceGroups/cli_test_ag_trusted_client_cert000001/providers/Microsoft.Network/virtualNetworks/gatewayVnet/subnets/default"}}}],
      "trustedRootCertificates": [], "trustedClientCertificates": [{"id": "/subscriptions/00000000-0000-0000-0000-000000000000/resourceGroups/cli_test_ag_trusted_client_cert000001/providers/Microsoft.Network/applicationGateways/gateway/trustedClientCertificates/cert_name",
      "name": "cert_name", "properties": {"data": "LS0tLS1CRUdJTiBDRVJUSUZJQ0FURS0tLS0tCk1JSURhekNDQWxPZ0F3SUJBZ0lVSi9lY2lya3FMaGZwRm5rU0p1by9ISytTcTNVd0RRWUpLb1pJaHZjTkFRRUwKQlFBd1JURUxNQWtHQTFVRUJoTUNRVlV4RXpBUkJnTlZCQWdNQ2xOdmJXVXRVM1JoZEdVeElUQWZCZ05WQkFvTQpHRWx1ZEdWeWJtVjBJRmRwWkdkcGRITWdVSFI1SUV4MFpEQWVGdzB5TURFeE1Ua3dOak13TlROYUZ3MHlNVEV4Ck1Ua3dOak13TlROYU1FVXhDekFKQmdOVkJBWVRBa0ZWTVJNd0VRWURWUVFJREFwVGIyMWxMVk4wWVhSbE1TRXcKSHdZRFZRUUtEQmhKYm5SbGNtNWxkQ0JYYVdSbmFYUnpJRkIwZVNCTWRHUXdnZ0VpTUEwR0NTcUdTSWIzRFFFQgpBUVVBQTRJQkR3QXdnZ0VLQW9JQkFRRFdHNnFzMmUyeURmaTFRbnpON1NIdnNkeVgxY3R5QXc0a0RNL005OTV4CklrR2JkU2dkS2hiMDlqbFlmWUdvZlFMbnpyNmhBbWU5Uk8wMXk2NldGSFVtZ25aaGhTbEx6ajBJMkZOSmNDUi8KMHhPa0hqOTNLQ1QyQWRWQ0FkTDhXTi9PR0h5UkNHYm1wdkIrcXVJRGlDNE9TUG9qQ2J0NUVXc1pOTnFDTDNkSworYzJzUGNCZjdCQUd5blp0TW5xcVBFQi9rUVBUa2FrSExCUVRuYUsvcUoweEgyVFlFdWhMblJGWjczcjV4V0lvCmNRWEltQUFhTVd6NFR0T0VSU3p0TWdxMkV0aUJsRjR6azBSRjE0MUdsOEVDOXBMVmRkVVRYWXN6cjU0WDcxQjEKVldKYjIxakVqVktSRFVrSnZuelhQRzlGeDg3ckttWVQ1ZFlkcGxYTzFqL3BBZ01CQUFHalV6QlJNQjBHQTFVZApEZ1FXQkJTV1ZzTERsY0s0SkdXWFNxazk2aG43b05zaUVqQWZCZ05WSFNNRUdEQVdnQlNXVnNMRGxjSzRKR1dYClNxazk2aG43b05zaUVqQVBCZ05WSFJNQkFmOEVCVEFEQVFIL01BMEdDU3FHU0liM0RRRUJDd1VBQTRJQkFRQ1QKcU82aXlWQ2I3b1NhaDVGdUQwV2wrZVNqa1dlaVplckxSVWRKZXNIaXFrYmJXSkVPOUNXbW1HS0R4V05NSVhUbwppbjdCczEwZXIrV0swZjcwekRCbDQxREd2L3ZKSFFHUkVDSlBkQ1FzenAwOWxkSlAzV2VveXBPME8zYzZiMUM1CmRuZmw3UTJnY2haVDcvcS93Z2xUMnI0MncydWx3anIwVGdCT2p0QlV1VGhWL2tuS0phZUZqQTdQbmFWWWI0M3YKMmx2YzlaNjBkTk5sVlA3NG52VnhNQmpURUxncVVMeHVub240M1EvZkFvZjRUdTJ2YlVqcTFIRzMrOHFXU29WYwpSUnJyV2JBS1NHMktIR05FVFEvL1RaUmFKaGJPU21Od2hzdk94VmhrY3phblNTcmRXc1dSYTNVakV2QldKSUlmCnlDQU1TY0YwbXlsczl0a1VydWxXCi0tLS0tRU5EIENFUlRJRklDQVRFLS0tLS0K"}},
      {"name": "cert_name1", "properties": {"data": "LS0tLS1CRUdJTiBDRVJUSUZJQ0FURS0tLS0tCk1JSUNyVENDQWhZQ0FRRXdEUVlKS29aSWh2Y05BUUVFQlFBd2daNHhJREFlQmdOVkJBb1RGMDFwWTNKdmMyOW0KZENCVWNuVnpkQ0JPWlhSM2IzSnJNUjR3SEFZRFZRUUxFeFZOYVdOeWIzTnZablFnUTI5eWNHOXlZWFJwYjI0eApMVEFyQmdOVkJBc1RKRTFwWTNKdmMyOW1kQ0JVYVcxbElGTjBZVzF3YVc1bklGTmxjblpwWTJVZ1VtOXZkREVyCk1Da0dBMVVFQ3hNaVEyOXdlWEpwWjJoMElDaGpLU0F4T1RrM0lFMXBZM0p2YzI5bWRDQkRiM0p3TGpBZUZ3MDUKTnpBMU1UTXhOakV5TlRsYUZ3MDVPVEV5TXpBeU16VTVOVGxhTUlHZU1TQXdIZ1lEVlFRS0V4ZE5hV055YjNOdgpablFnVkhKMWMzUWdUbVYwZDI5eWF6RWVNQndHQTFVRUN4TVZUV2xqY205emIyWjBJRU52Y25CdmNtRjBhVzl1Ck1TMHdLd1lEVlFRTEV5Uk5hV055YjNOdlpuUWdWR2x0WlNCVGRHRnRjR2x1WnlCVFpYSjJhV05sSUZKdmIzUXgKS3pBcEJnTlZCQXNUSWtOdmNIbHlhV2RvZENBb1l5a2dNVGs1TnlCTmFXTnliM052Wm5RZ1EyOXljQzR3Z1o4dwpEUVlKS29aSWh2Y05BUUVCQlFBRGdZMEFNSUdKQW9HQkFMZGFPUFVmTjh5cFE4VGNKQmkrOG9WU3RCMWJYeGk1CkM0OUxiYWovelVCUWJOT2cwMXhId3JuM2h1VE5mVFVGYVRjZnJ6M2RILzJQRlRUQ3hIbk1XWFNLYjR3T3crZ1IKNjRRNFI1aFQ0ZkVNRGVRQkRQQWJIaURhS25vOXdoVlNqb3IvZXpLL1dCNGxtSU1teTRySnhBY1VKTHhKbnRkNgpzNGNhSlRPOGJRaEhBZ01CQUFFd0RRWUpLb1pJaHZjTkFRRUVCUUFEZ1lFQVVGdkZhMitOVWxzTnliMnNOSE9ZCnlncUh5cTVNU3JvVXBPdFNjSlVoNExXaFlFNzNRd0pSQWE4ZU9uRE92eGkyaGlpWlorc0k2SmRBWEJhQy9iZ2wKK3padmIzWSt4VXlPNHFkUitzckJZN3BlZ3lSSEM1Tnk5a1NhenFlVk9vOVFFSjRkc1ZrV3E4OCszNE9MeC9yRAphOXhrbjBBckgwVWtCSzVKTC9iZkRKRT0KLS0tLS1FTkQgQ0VSVElGSUNBVEUtLS0tLQo="}}],
      "sslCertificates": [], "frontendIPConfigurations": [{"id": "/subscriptions/00000000-0000-0000-0000-000000000000/resourceGroups/cli_test_ag_trusted_client_cert000001/providers/Microsoft.Network/applicationGateways/gateway/frontendIPConfigurations/appGatewayFrontendIP",
      "name": "appGatewayFrontendIP", "properties": {"privateIPAllocationMethod":
      "Dynamic", "publicIPAddress": {"id": "/subscriptions/00000000-0000-0000-0000-000000000000/resourceGroups/cli_test_ag_trusted_client_cert000001/providers/Microsoft.Network/publicIPAddresses/ip1"}}}],
      "frontendPorts": [{"id": "/subscriptions/00000000-0000-0000-0000-000000000000/resourceGroups/cli_test_ag_trusted_client_cert000001/providers/Microsoft.Network/applicationGateways/gateway/frontendPorts/appGatewayFrontendPort",
      "name": "appGatewayFrontendPort", "properties": {"port": 80}}], "probes": [],
      "backendAddressPools": [{"id": "/subscriptions/00000000-0000-0000-0000-000000000000/resourceGroups/cli_test_ag_trusted_client_cert000001/providers/Microsoft.Network/applicationGateways/gateway/backendAddressPools/appGatewayBackendPool",
      "name": "appGatewayBackendPool", "properties": {"backendAddresses": []}}], "backendHttpSettingsCollection":
      [{"id": "/subscriptions/00000000-0000-0000-0000-000000000000/resourceGroups/cli_test_ag_trusted_client_cert000001/providers/Microsoft.Network/applicationGateways/gateway/backendHttpSettingsCollection/appGatewayBackendHttpSettings",
      "name": "appGatewayBackendHttpSettings", "properties": {"port": 80, "protocol":
      "Http", "cookieBasedAffinity": "Disabled", "requestTimeout": 30, "connectionDraining":
      {"enabled": false, "drainTimeoutInSec": 1}, "pickHostNameFromBackendAddress":
      false}}], "httpListeners": [{"id": "/subscriptions/00000000-0000-0000-0000-000000000000/resourceGroups/cli_test_ag_trusted_client_cert000001/providers/Microsoft.Network/applicationGateways/gateway/httpListeners/appGatewayHttpListener",
      "name": "appGatewayHttpListener", "properties": {"frontendIPConfiguration":
      {"id": "/subscriptions/00000000-0000-0000-0000-000000000000/resourceGroups/cli_test_ag_trusted_client_cert000001/providers/Microsoft.Network/applicationGateways/gateway/frontendIPConfigurations/appGatewayFrontendIP"},
      "frontendPort": {"id": "/subscriptions/00000000-0000-0000-0000-000000000000/resourceGroups/cli_test_ag_trusted_client_cert000001/providers/Microsoft.Network/applicationGateways/gateway/frontendPorts/appGatewayFrontendPort"},
      "protocol": "Http", "requireServerNameIndication": false, "hostNames": []}}],
      "sslProfiles": [], "urlPathMaps": [], "requestRoutingRules": [{"id": "/subscriptions/00000000-0000-0000-0000-000000000000/resourceGroups/cli_test_ag_trusted_client_cert000001/providers/Microsoft.Network/applicationGateways/gateway/requestRoutingRules/rule1",
      "name": "rule1", "properties": {"ruleType": "Basic", "backendAddressPool": {"id":
      "/subscriptions/00000000-0000-0000-0000-000000000000/resourceGroups/cli_test_ag_trusted_client_cert000001/providers/Microsoft.Network/applicationGateways/gateway/backendAddressPools/appGatewayBackendPool"},
      "backendHttpSettings": {"id": "/subscriptions/00000000-0000-0000-0000-000000000000/resourceGroups/cli_test_ag_trusted_client_cert000001/providers/Microsoft.Network/applicationGateways/gateway/backendHttpSettingsCollection/appGatewayBackendHttpSettings"},
      "httpListener": {"id": "/subscriptions/00000000-0000-0000-0000-000000000000/resourceGroups/cli_test_ag_trusted_client_cert000001/providers/Microsoft.Network/applicationGateways/gateway/httpListeners/appGatewayHttpListener"}}}],
      "rewriteRuleSets": [], "redirectConfigurations": [], "privateLinkConfigurations":
      []}}'
    headers:
      Accept:
      - application/json
      Accept-Encoding:
      - gzip, deflate
      CommandName:
      - network application-gateway client-cert add
      Connection:
      - keep-alive
      Content-Length:
      - '8361'
      Content-Type:
      - application/json
      ParameterSetName:
      - -g --gateway-name --name --data
      User-Agent:
      - AZURECLI/2.18.0 azsdk-python-azure-mgmt-network/17.0.0 Python/3.6.9 (Linux-4.19.121-linuxkit-x86_64-with-Ubuntu-18.04-bionic)
    method: PUT
    uri: https://management.azure.com/subscriptions/00000000-0000-0000-0000-000000000000/resourceGroups/cli_test_ag_trusted_client_cert000001/providers/Microsoft.Network/applicationGateways/gateway?api-version=2020-07-01
  response:
    body:
      string: "{\r\n  \"name\": \"gateway\",\r\n  \"id\": \"/subscriptions/00000000-0000-0000-0000-000000000000/resourceGroups/cli_test_ag_trusted_client_cert000001/providers/Microsoft.Network/applicationGateways/gateway\",\r\n
        \ \"etag\": \"W/\\\"9d3e3e61-d748-49ec-9441-f61c53d13c96\\\"\",\r\n  \"type\":
        \"Microsoft.Network/applicationGateways\",\r\n  \"location\": \"westus\",\r\n
        \ \"tags\": {},\r\n  \"properties\": {\r\n    \"provisioningState\": \"Updating\",\r\n
        \   \"resourceGuid\": \"73c91148-ca11-41a8-8a50-a6e30b165115\",\r\n    \"sku\":
        {\r\n      \"name\": \"Standard_v2\",\r\n      \"tier\": \"Standard_v2\",\r\n
        \     \"capacity\": 2\r\n    },\r\n    \"operationalState\": \"Running\",\r\n
        \   \"gatewayIPConfigurations\": [\r\n      {\r\n        \"name\": \"appGatewayFrontendIP\",\r\n
        \       \"id\": \"/subscriptions/00000000-0000-0000-0000-000000000000/resourceGroups/cli_test_ag_trusted_client_cert000001/providers/Microsoft.Network/applicationGateways/gateway/gatewayIPConfigurations/appGatewayFrontendIP\",\r\n
        \       \"etag\": \"W/\\\"9d3e3e61-d748-49ec-9441-f61c53d13c96\\\"\",\r\n
        \       \"properties\": {\r\n          \"provisioningState\": \"Updating\",\r\n
        \         \"subnet\": {\r\n            \"id\": \"/subscriptions/00000000-0000-0000-0000-000000000000/resourceGroups/cli_test_ag_trusted_client_cert000001/providers/Microsoft.Network/virtualNetworks/gatewayVnet/subnets/default\"\r\n
        \         }\r\n        },\r\n        \"type\": \"Microsoft.Network/applicationGateways/gatewayIPConfigurations\"\r\n
        \     }\r\n    ],\r\n    \"sslCertificates\": [],\r\n    \"trustedRootCertificates\":
        [],\r\n    \"trustedClientCertificates\": [\r\n      {\r\n        \"name\":
        \"cert_name\",\r\n        \"id\": \"/subscriptions/00000000-0000-0000-0000-000000000000/resourceGroups/cli_test_ag_trusted_client_cert000001/providers/Microsoft.Network/applicationGateways/gateway/trustedClientCertificates/cert_name\",\r\n
        \       \"etag\": \"W/\\\"9d3e3e61-d748-49ec-9441-f61c53d13c96\\\"\",\r\n
        \       \"properties\": {\r\n          \"provisioningState\": \"Updating\",\r\n
        \         \"data\": \"LS0tLS1CRUdJTiBDRVJUSUZJQ0FURS0tLS0tCk1JSURhekNDQWxPZ0F3SUJBZ0lVSi9lY2lya3FMaGZwRm5rU0p1by9ISytTcTNVd0RRWUpLb1pJaHZjTkFRRUwKQlFBd1JURUxNQWtHQTFVRUJoTUNRVlV4RXpBUkJnTlZCQWdNQ2xOdmJXVXRVM1JoZEdVeElUQWZCZ05WQkFvTQpHRWx1ZEdWeWJtVjBJRmRwWkdkcGRITWdVSFI1SUV4MFpEQWVGdzB5TURFeE1Ua3dOak13TlROYUZ3MHlNVEV4Ck1Ua3dOak13TlROYU1FVXhDekFKQmdOVkJBWVRBa0ZWTVJNd0VRWURWUVFJREFwVGIyMWxMVk4wWVhSbE1TRXcKSHdZRFZRUUtEQmhKYm5SbGNtNWxkQ0JYYVdSbmFYUnpJRkIwZVNCTWRHUXdnZ0VpTUEwR0NTcUdTSWIzRFFFQgpBUVVBQTRJQkR3QXdnZ0VLQW9JQkFRRFdHNnFzMmUyeURmaTFRbnpON1NIdnNkeVgxY3R5QXc0a0RNL005OTV4CklrR2JkU2dkS2hiMDlqbFlmWUdvZlFMbnpyNmhBbWU5Uk8wMXk2NldGSFVtZ25aaGhTbEx6ajBJMkZOSmNDUi8KMHhPa0hqOTNLQ1QyQWRWQ0FkTDhXTi9PR0h5UkNHYm1wdkIrcXVJRGlDNE9TUG9qQ2J0NUVXc1pOTnFDTDNkSworYzJzUGNCZjdCQUd5blp0TW5xcVBFQi9rUVBUa2FrSExCUVRuYUsvcUoweEgyVFlFdWhMblJGWjczcjV4V0lvCmNRWEltQUFhTVd6NFR0T0VSU3p0TWdxMkV0aUJsRjR6azBSRjE0MUdsOEVDOXBMVmRkVVRYWXN6cjU0WDcxQjEKVldKYjIxakVqVktSRFVrSnZuelhQRzlGeDg3ckttWVQ1ZFlkcGxYTzFqL3BBZ01CQUFHalV6QlJNQjBHQTFVZApEZ1FXQkJTV1ZzTERsY0s0SkdXWFNxazk2aG43b05zaUVqQWZCZ05WSFNNRUdEQVdnQlNXVnNMRGxjSzRKR1dYClNxazk2aG43b05zaUVqQVBCZ05WSFJNQkFmOEVCVEFEQVFIL01BMEdDU3FHU0liM0RRRUJDd1VBQTRJQkFRQ1QKcU82aXlWQ2I3b1NhaDVGdUQwV2wrZVNqa1dlaVplckxSVWRKZXNIaXFrYmJXSkVPOUNXbW1HS0R4V05NSVhUbwppbjdCczEwZXIrV0swZjcwekRCbDQxREd2L3ZKSFFHUkVDSlBkQ1FzenAwOWxkSlAzV2VveXBPME8zYzZiMUM1CmRuZmw3UTJnY2haVDcvcS93Z2xUMnI0MncydWx3anIwVGdCT2p0QlV1VGhWL2tuS0phZUZqQTdQbmFWWWI0M3YKMmx2YzlaNjBkTk5sVlA3NG52VnhNQmpURUxncVVMeHVub240M1EvZkFvZjRUdTJ2YlVqcTFIRzMrOHFXU29WYwpSUnJyV2JBS1NHMktIR05FVFEvL1RaUmFKaGJPU21Od2hzdk94VmhrY3phblNTcmRXc1dSYTNVakV2QldKSUlmCnlDQU1TY0YwbXlsczl0a1VydWxXCi0tLS0tRU5EIENFUlRJRklDQVRFLS0tLS0K\"\r\n
        \       },\r\n        \"type\": \"Microsoft.Network/applicationGateways/trustedClientCertificates\"\r\n
        \     },\r\n      {\r\n        \"name\": \"cert_name1\",\r\n        \"id\":
        \"/subscriptions/00000000-0000-0000-0000-000000000000/resourceGroups/cli_test_ag_trusted_client_cert000001/providers/Microsoft.Network/applicationGateways/gateway/trustedClientCertificates/cert_name1\",\r\n
        \       \"etag\": \"W/\\\"9d3e3e61-d748-49ec-9441-f61c53d13c96\\\"\",\r\n
        \       \"properties\": {\r\n          \"provisioningState\": \"Updating\",\r\n
        \         \"data\": \"LS0tLS1CRUdJTiBDRVJUSUZJQ0FURS0tLS0tCk1JSUNyVENDQWhZQ0FRRXdEUVlKS29aSWh2Y05BUUVFQlFBd2daNHhJREFlQmdOVkJBb1RGMDFwWTNKdmMyOW0KZENCVWNuVnpkQ0JPWlhSM2IzSnJNUjR3SEFZRFZRUUxFeFZOYVdOeWIzTnZablFnUTI5eWNHOXlZWFJwYjI0eApMVEFyQmdOVkJBc1RKRTFwWTNKdmMyOW1kQ0JVYVcxbElGTjBZVzF3YVc1bklGTmxjblpwWTJVZ1VtOXZkREVyCk1Da0dBMVVFQ3hNaVEyOXdlWEpwWjJoMElDaGpLU0F4T1RrM0lFMXBZM0p2YzI5bWRDQkRiM0p3TGpBZUZ3MDUKTnpBMU1UTXhOakV5TlRsYUZ3MDVPVEV5TXpBeU16VTVOVGxhTUlHZU1TQXdIZ1lEVlFRS0V4ZE5hV055YjNOdgpablFnVkhKMWMzUWdUbVYwZDI5eWF6RWVNQndHQTFVRUN4TVZUV2xqY205emIyWjBJRU52Y25CdmNtRjBhVzl1Ck1TMHdLd1lEVlFRTEV5Uk5hV055YjNOdlpuUWdWR2x0WlNCVGRHRnRjR2x1WnlCVFpYSjJhV05sSUZKdmIzUXgKS3pBcEJnTlZCQXNUSWtOdmNIbHlhV2RvZENBb1l5a2dNVGs1TnlCTmFXTnliM052Wm5RZ1EyOXljQzR3Z1o4dwpEUVlKS29aSWh2Y05BUUVCQlFBRGdZMEFNSUdKQW9HQkFMZGFPUFVmTjh5cFE4VGNKQmkrOG9WU3RCMWJYeGk1CkM0OUxiYWovelVCUWJOT2cwMXhId3JuM2h1VE5mVFVGYVRjZnJ6M2RILzJQRlRUQ3hIbk1XWFNLYjR3T3crZ1IKNjRRNFI1aFQ0ZkVNRGVRQkRQQWJIaURhS25vOXdoVlNqb3IvZXpLL1dCNGxtSU1teTRySnhBY1VKTHhKbnRkNgpzNGNhSlRPOGJRaEhBZ01CQUFFd0RRWUpLb1pJaHZjTkFRRUVCUUFEZ1lFQVVGdkZhMitOVWxzTnliMnNOSE9ZCnlncUh5cTVNU3JvVXBPdFNjSlVoNExXaFlFNzNRd0pSQWE4ZU9uRE92eGkyaGlpWlorc0k2SmRBWEJhQy9iZ2wKK3padmIzWSt4VXlPNHFkUitzckJZN3BlZ3lSSEM1Tnk5a1NhenFlVk9vOVFFSjRkc1ZrV3E4OCszNE9MeC9yRAphOXhrbjBBckgwVWtCSzVKTC9iZkRKRT0KLS0tLS1FTkQgQ0VSVElGSUNBVEUtLS0tLQo=\"\r\n
        \       },\r\n        \"type\": \"Microsoft.Network/applicationGateways/trustedClientCertificates\"\r\n
        \     }\r\n    ],\r\n    \"sslProfiles\": [],\r\n    \"frontendIPConfigurations\":
        [\r\n      {\r\n        \"name\": \"appGatewayFrontendIP\",\r\n        \"id\":
        \"/subscriptions/00000000-0000-0000-0000-000000000000/resourceGroups/cli_test_ag_trusted_client_cert000001/providers/Microsoft.Network/applicationGateways/gateway/frontendIPConfigurations/appGatewayFrontendIP\",\r\n
        \       \"etag\": \"W/\\\"9d3e3e61-d748-49ec-9441-f61c53d13c96\\\"\",\r\n
        \       \"type\": \"Microsoft.Network/applicationGateways/frontendIPConfigurations\",\r\n
        \       \"properties\": {\r\n          \"provisioningState\": \"Updating\",\r\n
        \         \"privateIPAllocationMethod\": \"Dynamic\",\r\n          \"publicIPAddress\":
        {\r\n            \"id\": \"/subscriptions/00000000-0000-0000-0000-000000000000/resourceGroups/cli_test_ag_trusted_client_cert000001/providers/Microsoft.Network/publicIPAddresses/ip1\"\r\n
        \         },\r\n          \"httpListeners\": [\r\n            {\r\n              \"id\":
        \"/subscriptions/00000000-0000-0000-0000-000000000000/resourceGroups/cli_test_ag_trusted_client_cert000001/providers/Microsoft.Network/applicationGateways/gateway/httpListeners/appGatewayHttpListener\"\r\n
        \           }\r\n          ]\r\n        }\r\n      }\r\n    ],\r\n    \"frontendPorts\":
        [\r\n      {\r\n        \"name\": \"appGatewayFrontendPort\",\r\n        \"id\":
        \"/subscriptions/00000000-0000-0000-0000-000000000000/resourceGroups/cli_test_ag_trusted_client_cert000001/providers/Microsoft.Network/applicationGateways/gateway/frontendPorts/appGatewayFrontendPort\",\r\n
        \       \"etag\": \"W/\\\"9d3e3e61-d748-49ec-9441-f61c53d13c96\\\"\",\r\n
        \       \"properties\": {\r\n          \"provisioningState\": \"Updating\",\r\n
        \         \"port\": 80,\r\n          \"httpListeners\": [\r\n            {\r\n
        \             \"id\": \"/subscriptions/00000000-0000-0000-0000-000000000000/resourceGroups/cli_test_ag_trusted_client_cert000001/providers/Microsoft.Network/applicationGateways/gateway/httpListeners/appGatewayHttpListener\"\r\n
        \           }\r\n          ]\r\n        },\r\n        \"type\": \"Microsoft.Network/applicationGateways/frontendPorts\"\r\n
        \     }\r\n    ],\r\n    \"backendAddressPools\": [\r\n      {\r\n        \"name\":
        \"appGatewayBackendPool\",\r\n        \"id\": \"/subscriptions/00000000-0000-0000-0000-000000000000/resourceGroups/cli_test_ag_trusted_client_cert000001/providers/Microsoft.Network/applicationGateways/gateway/backendAddressPools/appGatewayBackendPool\",\r\n
        \       \"etag\": \"W/\\\"9d3e3e61-d748-49ec-9441-f61c53d13c96\\\"\",\r\n
        \       \"properties\": {\r\n          \"provisioningState\": \"Updating\",\r\n
        \         \"backendAddresses\": [],\r\n          \"requestRoutingRules\":
        [\r\n            {\r\n              \"id\": \"/subscriptions/00000000-0000-0000-0000-000000000000/resourceGroups/cli_test_ag_trusted_client_cert000001/providers/Microsoft.Network/applicationGateways/gateway/requestRoutingRules/rule1\"\r\n
        \           }\r\n          ]\r\n        },\r\n        \"type\": \"Microsoft.Network/applicationGateways/backendAddressPools\"\r\n
        \     }\r\n    ],\r\n    \"loadDistributionPolicies\": [],\r\n    \"backendHttpSettingsCollection\":
        [\r\n      {\r\n        \"name\": \"appGatewayBackendHttpSettings\",\r\n        \"id\":
        \"/subscriptions/00000000-0000-0000-0000-000000000000/resourceGroups/cli_test_ag_trusted_client_cert000001/providers/Microsoft.Network/applicationGateways/gateway/backendHttpSettingsCollection/appGatewayBackendHttpSettings\",\r\n
        \       \"etag\": \"W/\\\"9d3e3e61-d748-49ec-9441-f61c53d13c96\\\"\",\r\n
        \       \"properties\": {\r\n          \"provisioningState\": \"Updating\",\r\n
        \         \"port\": 80,\r\n          \"protocol\": \"Http\",\r\n          \"cookieBasedAffinity\":
        \"Disabled\",\r\n          \"connectionDraining\": {\r\n            \"enabled\":
        false,\r\n            \"drainTimeoutInSec\": 1\r\n          },\r\n          \"pickHostNameFromBackendAddress\":
        false,\r\n          \"requestTimeout\": 30,\r\n          \"requestRoutingRules\":
        [\r\n            {\r\n              \"id\": \"/subscriptions/00000000-0000-0000-0000-000000000000/resourceGroups/cli_test_ag_trusted_client_cert000001/providers/Microsoft.Network/applicationGateways/gateway/requestRoutingRules/rule1\"\r\n
        \           }\r\n          ]\r\n        },\r\n        \"type\": \"Microsoft.Network/applicationGateways/backendHttpSettingsCollection\"\r\n
        \     }\r\n    ],\r\n    \"httpListeners\": [\r\n      {\r\n        \"name\":
        \"appGatewayHttpListener\",\r\n        \"id\": \"/subscriptions/00000000-0000-0000-0000-000000000000/resourceGroups/cli_test_ag_trusted_client_cert000001/providers/Microsoft.Network/applicationGateways/gateway/httpListeners/appGatewayHttpListener\",\r\n
        \       \"etag\": \"W/\\\"9d3e3e61-d748-49ec-9441-f61c53d13c96\\\"\",\r\n
        \       \"properties\": {\r\n          \"provisioningState\": \"Updating\",\r\n
        \         \"frontendIPConfiguration\": {\r\n            \"id\": \"/subscriptions/00000000-0000-0000-0000-000000000000/resourceGroups/cli_test_ag_trusted_client_cert000001/providers/Microsoft.Network/applicationGateways/gateway/frontendIPConfigurations/appGatewayFrontendIP\"\r\n
        \         },\r\n          \"frontendPort\": {\r\n            \"id\": \"/subscriptions/00000000-0000-0000-0000-000000000000/resourceGroups/cli_test_ag_trusted_client_cert000001/providers/Microsoft.Network/applicationGateways/gateway/frontendPorts/appGatewayFrontendPort\"\r\n
        \         },\r\n          \"protocol\": \"Http\",\r\n          \"hostNames\":
        [],\r\n          \"requireServerNameIndication\": false,\r\n          \"requestRoutingRules\":
        [\r\n            {\r\n              \"id\": \"/subscriptions/00000000-0000-0000-0000-000000000000/resourceGroups/cli_test_ag_trusted_client_cert000001/providers/Microsoft.Network/applicationGateways/gateway/requestRoutingRules/rule1\"\r\n
        \           }\r\n          ]\r\n        },\r\n        \"type\": \"Microsoft.Network/applicationGateways/httpListeners\"\r\n
        \     }\r\n    ],\r\n    \"urlPathMaps\": [],\r\n    \"requestRoutingRules\":
        [\r\n      {\r\n        \"name\": \"rule1\",\r\n        \"id\": \"/subscriptions/00000000-0000-0000-0000-000000000000/resourceGroups/cli_test_ag_trusted_client_cert000001/providers/Microsoft.Network/applicationGateways/gateway/requestRoutingRules/rule1\",\r\n
        \       \"etag\": \"W/\\\"9d3e3e61-d748-49ec-9441-f61c53d13c96\\\"\",\r\n
        \       \"properties\": {\r\n          \"provisioningState\": \"Updating\",\r\n
        \         \"ruleType\": \"Basic\",\r\n          \"httpListener\": {\r\n            \"id\":
        \"/subscriptions/00000000-0000-0000-0000-000000000000/resourceGroups/cli_test_ag_trusted_client_cert000001/providers/Microsoft.Network/applicationGateways/gateway/httpListeners/appGatewayHttpListener\"\r\n
        \         },\r\n          \"backendAddressPool\": {\r\n            \"id\":
        \"/subscriptions/00000000-0000-0000-0000-000000000000/resourceGroups/cli_test_ag_trusted_client_cert000001/providers/Microsoft.Network/applicationGateways/gateway/backendAddressPools/appGatewayBackendPool\"\r\n
        \         },\r\n          \"backendHttpSettings\": {\r\n            \"id\":
        \"/subscriptions/00000000-0000-0000-0000-000000000000/resourceGroups/cli_test_ag_trusted_client_cert000001/providers/Microsoft.Network/applicationGateways/gateway/backendHttpSettingsCollection/appGatewayBackendHttpSettings\"\r\n
        \         }\r\n        },\r\n        \"type\": \"Microsoft.Network/applicationGateways/requestRoutingRules\"\r\n
        \     }\r\n    ],\r\n    \"probes\": [],\r\n    \"rewriteRuleSets\": [],\r\n
        \   \"redirectConfigurations\": [],\r\n    \"privateLinkConfigurations\":
        [],\r\n    \"privateEndpointConnections\": []\r\n  }\r\n}"
    headers:
      azure-asyncoperation:
      - https://management.azure.com/subscriptions/00000000-0000-0000-0000-000000000000/providers/Microsoft.Network/locations/westus/operations/711cd6a5-46aa-4a49-8f1f-0b464c018146?api-version=2020-07-01
      cache-control:
      - no-cache
      content-length:
      - '13420'
      content-type:
      - application/json; charset=utf-8
      date:
      - Tue, 02 Feb 2021 10:03:07 GMT
      expires:
      - '-1'
      pragma:
      - no-cache
      server:
      - Microsoft-HTTPAPI/2.0
      - Microsoft-HTTPAPI/2.0
      strict-transport-security:
      - max-age=31536000; includeSubDomains
      transfer-encoding:
      - chunked
      vary:
      - Accept-Encoding
      x-content-type-options:
      - nosniff
      x-ms-arm-service-request-id:
      - 838c7a36-9ba0-4f17-bef4-b64b9503d01b
      x-ms-ratelimit-remaining-subscription-writes:
      - '1199'
    status:
      code: 200
      message: OK
- request:
    body: null
    headers:
      Accept:
      - '*/*'
      Accept-Encoding:
      - gzip, deflate
      CommandName:
      - network application-gateway client-cert add
      Connection:
      - keep-alive
      ParameterSetName:
      - -g --gateway-name --name --data
      User-Agent:
      - AZURECLI/2.18.0 azsdk-python-azure-mgmt-network/17.0.0 Python/3.6.9 (Linux-4.19.121-linuxkit-x86_64-with-Ubuntu-18.04-bionic)
    method: GET
    uri: https://management.azure.com/subscriptions/00000000-0000-0000-0000-000000000000/providers/Microsoft.Network/locations/westus/operations/711cd6a5-46aa-4a49-8f1f-0b464c018146?api-version=2020-07-01
  response:
    body:
      string: "{\r\n  \"status\": \"InProgress\"\r\n}"
    headers:
      cache-control:
      - no-cache
      content-length:
      - '30'
      content-type:
      - application/json; charset=utf-8
      date:
      - Tue, 02 Feb 2021 10:03:17 GMT
      expires:
      - '-1'
      pragma:
      - no-cache
      server:
      - Microsoft-HTTPAPI/2.0
      - Microsoft-HTTPAPI/2.0
      strict-transport-security:
      - max-age=31536000; includeSubDomains
      transfer-encoding:
      - chunked
      vary:
      - Accept-Encoding
      x-content-type-options:
      - nosniff
      x-ms-arm-service-request-id:
      - e8755a40-0caa-4a9e-bcaa-15f7a7e23e72
    status:
      code: 200
      message: OK
- request:
    body: null
    headers:
      Accept:
      - '*/*'
      Accept-Encoding:
      - gzip, deflate
      CommandName:
      - network application-gateway client-cert add
      Connection:
      - keep-alive
      ParameterSetName:
      - -g --gateway-name --name --data
      User-Agent:
      - AZURECLI/2.18.0 azsdk-python-azure-mgmt-network/17.0.0 Python/3.6.9 (Linux-4.19.121-linuxkit-x86_64-with-Ubuntu-18.04-bionic)
    method: GET
    uri: https://management.azure.com/subscriptions/00000000-0000-0000-0000-000000000000/providers/Microsoft.Network/locations/westus/operations/711cd6a5-46aa-4a49-8f1f-0b464c018146?api-version=2020-07-01
  response:
    body:
      string: "{\r\n  \"status\": \"Succeeded\"\r\n}"
    headers:
      cache-control:
      - no-cache
      content-length:
      - '29'
      content-type:
      - application/json; charset=utf-8
      date:
      - Tue, 02 Feb 2021 10:03:27 GMT
      expires:
      - '-1'
      pragma:
      - no-cache
      server:
      - Microsoft-HTTPAPI/2.0
      - Microsoft-HTTPAPI/2.0
      strict-transport-security:
      - max-age=31536000; includeSubDomains
      transfer-encoding:
      - chunked
      vary:
      - Accept-Encoding
      x-content-type-options:
      - nosniff
      x-ms-arm-service-request-id:
      - 9bc0d4a4-f479-44cb-a005-2c94e21c9d64
    status:
      code: 200
      message: OK
- request:
    body: null
    headers:
      Accept:
      - '*/*'
      Accept-Encoding:
      - gzip, deflate
      CommandName:
      - network application-gateway client-cert add
      Connection:
      - keep-alive
      ParameterSetName:
      - -g --gateway-name --name --data
      User-Agent:
      - AZURECLI/2.18.0 azsdk-python-azure-mgmt-network/17.0.0 Python/3.6.9 (Linux-4.19.121-linuxkit-x86_64-with-Ubuntu-18.04-bionic)
    method: GET
    uri: https://management.azure.com/subscriptions/00000000-0000-0000-0000-000000000000/resourceGroups/cli_test_ag_trusted_client_cert000001/providers/Microsoft.Network/applicationGateways/gateway?api-version=2020-07-01
  response:
    body:
      string: "{\r\n  \"name\": \"gateway\",\r\n  \"id\": \"/subscriptions/00000000-0000-0000-0000-000000000000/resourceGroups/cli_test_ag_trusted_client_cert000001/providers/Microsoft.Network/applicationGateways/gateway\",\r\n
        \ \"etag\": \"W/\\\"c3398a24-7505-4bd1-847d-87ea8574516b\\\"\",\r\n  \"type\":
        \"Microsoft.Network/applicationGateways\",\r\n  \"location\": \"westus\",\r\n
        \ \"tags\": {},\r\n  \"properties\": {\r\n    \"provisioningState\": \"Succeeded\",\r\n
        \   \"resourceGuid\": \"73c91148-ca11-41a8-8a50-a6e30b165115\",\r\n    \"sku\":
        {\r\n      \"name\": \"Standard_v2\",\r\n      \"tier\": \"Standard_v2\",\r\n
        \     \"capacity\": 2\r\n    },\r\n    \"operationalState\": \"Running\",\r\n
        \   \"gatewayIPConfigurations\": [\r\n      {\r\n        \"name\": \"appGatewayFrontendIP\",\r\n
        \       \"id\": \"/subscriptions/00000000-0000-0000-0000-000000000000/resourceGroups/cli_test_ag_trusted_client_cert000001/providers/Microsoft.Network/applicationGateways/gateway/gatewayIPConfigurations/appGatewayFrontendIP\",\r\n
        \       \"etag\": \"W/\\\"c3398a24-7505-4bd1-847d-87ea8574516b\\\"\",\r\n
        \       \"properties\": {\r\n          \"provisioningState\": \"Succeeded\",\r\n
        \         \"subnet\": {\r\n            \"id\": \"/subscriptions/00000000-0000-0000-0000-000000000000/resourceGroups/cli_test_ag_trusted_client_cert000001/providers/Microsoft.Network/virtualNetworks/gatewayVnet/subnets/default\"\r\n
        \         }\r\n        },\r\n        \"type\": \"Microsoft.Network/applicationGateways/gatewayIPConfigurations\"\r\n
        \     }\r\n    ],\r\n    \"sslCertificates\": [],\r\n    \"trustedRootCertificates\":
        [],\r\n    \"trustedClientCertificates\": [\r\n      {\r\n        \"name\":
        \"cert_name\",\r\n        \"id\": \"/subscriptions/00000000-0000-0000-0000-000000000000/resourceGroups/cli_test_ag_trusted_client_cert000001/providers/Microsoft.Network/applicationGateways/gateway/trustedClientCertificates/cert_name\",\r\n
        \       \"etag\": \"W/\\\"c3398a24-7505-4bd1-847d-87ea8574516b\\\"\",\r\n
        \       \"properties\": {\r\n          \"provisioningState\": \"Succeeded\",\r\n
        \         \"data\": \"LS0tLS1CRUdJTiBDRVJUSUZJQ0FURS0tLS0tCk1JSURhekNDQWxPZ0F3SUJBZ0lVSi9lY2lya3FMaGZwRm5rU0p1by9ISytTcTNVd0RRWUpLb1pJaHZjTkFRRUwKQlFBd1JURUxNQWtHQTFVRUJoTUNRVlV4RXpBUkJnTlZCQWdNQ2xOdmJXVXRVM1JoZEdVeElUQWZCZ05WQkFvTQpHRWx1ZEdWeWJtVjBJRmRwWkdkcGRITWdVSFI1SUV4MFpEQWVGdzB5TURFeE1Ua3dOak13TlROYUZ3MHlNVEV4Ck1Ua3dOak13TlROYU1FVXhDekFKQmdOVkJBWVRBa0ZWTVJNd0VRWURWUVFJREFwVGIyMWxMVk4wWVhSbE1TRXcKSHdZRFZRUUtEQmhKYm5SbGNtNWxkQ0JYYVdSbmFYUnpJRkIwZVNCTWRHUXdnZ0VpTUEwR0NTcUdTSWIzRFFFQgpBUVVBQTRJQkR3QXdnZ0VLQW9JQkFRRFdHNnFzMmUyeURmaTFRbnpON1NIdnNkeVgxY3R5QXc0a0RNL005OTV4CklrR2JkU2dkS2hiMDlqbFlmWUdvZlFMbnpyNmhBbWU5Uk8wMXk2NldGSFVtZ25aaGhTbEx6ajBJMkZOSmNDUi8KMHhPa0hqOTNLQ1QyQWRWQ0FkTDhXTi9PR0h5UkNHYm1wdkIrcXVJRGlDNE9TUG9qQ2J0NUVXc1pOTnFDTDNkSworYzJzUGNCZjdCQUd5blp0TW5xcVBFQi9rUVBUa2FrSExCUVRuYUsvcUoweEgyVFlFdWhMblJGWjczcjV4V0lvCmNRWEltQUFhTVd6NFR0T0VSU3p0TWdxMkV0aUJsRjR6azBSRjE0MUdsOEVDOXBMVmRkVVRYWXN6cjU0WDcxQjEKVldKYjIxakVqVktSRFVrSnZuelhQRzlGeDg3ckttWVQ1ZFlkcGxYTzFqL3BBZ01CQUFHalV6QlJNQjBHQTFVZApEZ1FXQkJTV1ZzTERsY0s0SkdXWFNxazk2aG43b05zaUVqQWZCZ05WSFNNRUdEQVdnQlNXVnNMRGxjSzRKR1dYClNxazk2aG43b05zaUVqQVBCZ05WSFJNQkFmOEVCVEFEQVFIL01BMEdDU3FHU0liM0RRRUJDd1VBQTRJQkFRQ1QKcU82aXlWQ2I3b1NhaDVGdUQwV2wrZVNqa1dlaVplckxSVWRKZXNIaXFrYmJXSkVPOUNXbW1HS0R4V05NSVhUbwppbjdCczEwZXIrV0swZjcwekRCbDQxREd2L3ZKSFFHUkVDSlBkQ1FzenAwOWxkSlAzV2VveXBPME8zYzZiMUM1CmRuZmw3UTJnY2haVDcvcS93Z2xUMnI0MncydWx3anIwVGdCT2p0QlV1VGhWL2tuS0phZUZqQTdQbmFWWWI0M3YKMmx2YzlaNjBkTk5sVlA3NG52VnhNQmpURUxncVVMeHVub240M1EvZkFvZjRUdTJ2YlVqcTFIRzMrOHFXU29WYwpSUnJyV2JBS1NHMktIR05FVFEvL1RaUmFKaGJPU21Od2hzdk94VmhrY3phblNTcmRXc1dSYTNVakV2QldKSUlmCnlDQU1TY0YwbXlsczl0a1VydWxXCi0tLS0tRU5EIENFUlRJRklDQVRFLS0tLS0K\"\r\n
        \       },\r\n        \"type\": \"Microsoft.Network/applicationGateways/trustedClientCertificates\"\r\n
        \     },\r\n      {\r\n        \"name\": \"cert_name1\",\r\n        \"id\":
        \"/subscriptions/00000000-0000-0000-0000-000000000000/resourceGroups/cli_test_ag_trusted_client_cert000001/providers/Microsoft.Network/applicationGateways/gateway/trustedClientCertificates/cert_name1\",\r\n
        \       \"etag\": \"W/\\\"c3398a24-7505-4bd1-847d-87ea8574516b\\\"\",\r\n
        \       \"properties\": {\r\n          \"provisioningState\": \"Succeeded\",\r\n
        \         \"data\": \"LS0tLS1CRUdJTiBDRVJUSUZJQ0FURS0tLS0tCk1JSUNyVENDQWhZQ0FRRXdEUVlKS29aSWh2Y05BUUVFQlFBd2daNHhJREFlQmdOVkJBb1RGMDFwWTNKdmMyOW0KZENCVWNuVnpkQ0JPWlhSM2IzSnJNUjR3SEFZRFZRUUxFeFZOYVdOeWIzTnZablFnUTI5eWNHOXlZWFJwYjI0eApMVEFyQmdOVkJBc1RKRTFwWTNKdmMyOW1kQ0JVYVcxbElGTjBZVzF3YVc1bklGTmxjblpwWTJVZ1VtOXZkREVyCk1Da0dBMVVFQ3hNaVEyOXdlWEpwWjJoMElDaGpLU0F4T1RrM0lFMXBZM0p2YzI5bWRDQkRiM0p3TGpBZUZ3MDUKTnpBMU1UTXhOakV5TlRsYUZ3MDVPVEV5TXpBeU16VTVOVGxhTUlHZU1TQXdIZ1lEVlFRS0V4ZE5hV055YjNOdgpablFnVkhKMWMzUWdUbVYwZDI5eWF6RWVNQndHQTFVRUN4TVZUV2xqY205emIyWjBJRU52Y25CdmNtRjBhVzl1Ck1TMHdLd1lEVlFRTEV5Uk5hV055YjNOdlpuUWdWR2x0WlNCVGRHRnRjR2x1WnlCVFpYSjJhV05sSUZKdmIzUXgKS3pBcEJnTlZCQXNUSWtOdmNIbHlhV2RvZENBb1l5a2dNVGs1TnlCTmFXTnliM052Wm5RZ1EyOXljQzR3Z1o4dwpEUVlKS29aSWh2Y05BUUVCQlFBRGdZMEFNSUdKQW9HQkFMZGFPUFVmTjh5cFE4VGNKQmkrOG9WU3RCMWJYeGk1CkM0OUxiYWovelVCUWJOT2cwMXhId3JuM2h1VE5mVFVGYVRjZnJ6M2RILzJQRlRUQ3hIbk1XWFNLYjR3T3crZ1IKNjRRNFI1aFQ0ZkVNRGVRQkRQQWJIaURhS25vOXdoVlNqb3IvZXpLL1dCNGxtSU1teTRySnhBY1VKTHhKbnRkNgpzNGNhSlRPOGJRaEhBZ01CQUFFd0RRWUpLb1pJaHZjTkFRRUVCUUFEZ1lFQVVGdkZhMitOVWxzTnliMnNOSE9ZCnlncUh5cTVNU3JvVXBPdFNjSlVoNExXaFlFNzNRd0pSQWE4ZU9uRE92eGkyaGlpWlorc0k2SmRBWEJhQy9iZ2wKK3padmIzWSt4VXlPNHFkUitzckJZN3BlZ3lSSEM1Tnk5a1NhenFlVk9vOVFFSjRkc1ZrV3E4OCszNE9MeC9yRAphOXhrbjBBckgwVWtCSzVKTC9iZkRKRT0KLS0tLS1FTkQgQ0VSVElGSUNBVEUtLS0tLQo=\"\r\n
        \       },\r\n        \"type\": \"Microsoft.Network/applicationGateways/trustedClientCertificates\"\r\n
        \     }\r\n    ],\r\n    \"sslProfiles\": [],\r\n    \"frontendIPConfigurations\":
        [\r\n      {\r\n        \"name\": \"appGatewayFrontendIP\",\r\n        \"id\":
        \"/subscriptions/00000000-0000-0000-0000-000000000000/resourceGroups/cli_test_ag_trusted_client_cert000001/providers/Microsoft.Network/applicationGateways/gateway/frontendIPConfigurations/appGatewayFrontendIP\",\r\n
        \       \"etag\": \"W/\\\"c3398a24-7505-4bd1-847d-87ea8574516b\\\"\",\r\n
        \       \"type\": \"Microsoft.Network/applicationGateways/frontendIPConfigurations\",\r\n
        \       \"properties\": {\r\n          \"provisioningState\": \"Succeeded\",\r\n
        \         \"privateIPAllocationMethod\": \"Dynamic\",\r\n          \"publicIPAddress\":
        {\r\n            \"id\": \"/subscriptions/00000000-0000-0000-0000-000000000000/resourceGroups/cli_test_ag_trusted_client_cert000001/providers/Microsoft.Network/publicIPAddresses/ip1\"\r\n
        \         },\r\n          \"httpListeners\": [\r\n            {\r\n              \"id\":
        \"/subscriptions/00000000-0000-0000-0000-000000000000/resourceGroups/cli_test_ag_trusted_client_cert000001/providers/Microsoft.Network/applicationGateways/gateway/httpListeners/appGatewayHttpListener\"\r\n
        \           }\r\n          ]\r\n        }\r\n      }\r\n    ],\r\n    \"frontendPorts\":
        [\r\n      {\r\n        \"name\": \"appGatewayFrontendPort\",\r\n        \"id\":
        \"/subscriptions/00000000-0000-0000-0000-000000000000/resourceGroups/cli_test_ag_trusted_client_cert000001/providers/Microsoft.Network/applicationGateways/gateway/frontendPorts/appGatewayFrontendPort\",\r\n
        \       \"etag\": \"W/\\\"c3398a24-7505-4bd1-847d-87ea8574516b\\\"\",\r\n
        \       \"properties\": {\r\n          \"provisioningState\": \"Succeeded\",\r\n
        \         \"port\": 80,\r\n          \"httpListeners\": [\r\n            {\r\n
        \             \"id\": \"/subscriptions/00000000-0000-0000-0000-000000000000/resourceGroups/cli_test_ag_trusted_client_cert000001/providers/Microsoft.Network/applicationGateways/gateway/httpListeners/appGatewayHttpListener\"\r\n
        \           }\r\n          ]\r\n        },\r\n        \"type\": \"Microsoft.Network/applicationGateways/frontendPorts\"\r\n
        \     }\r\n    ],\r\n    \"backendAddressPools\": [\r\n      {\r\n        \"name\":
        \"appGatewayBackendPool\",\r\n        \"id\": \"/subscriptions/00000000-0000-0000-0000-000000000000/resourceGroups/cli_test_ag_trusted_client_cert000001/providers/Microsoft.Network/applicationGateways/gateway/backendAddressPools/appGatewayBackendPool\",\r\n
        \       \"etag\": \"W/\\\"c3398a24-7505-4bd1-847d-87ea8574516b\\\"\",\r\n
        \       \"properties\": {\r\n          \"provisioningState\": \"Succeeded\",\r\n
        \         \"backendAddresses\": [],\r\n          \"requestRoutingRules\":
        [\r\n            {\r\n              \"id\": \"/subscriptions/00000000-0000-0000-0000-000000000000/resourceGroups/cli_test_ag_trusted_client_cert000001/providers/Microsoft.Network/applicationGateways/gateway/requestRoutingRules/rule1\"\r\n
        \           }\r\n          ]\r\n        },\r\n        \"type\": \"Microsoft.Network/applicationGateways/backendAddressPools\"\r\n
        \     }\r\n    ],\r\n    \"loadDistributionPolicies\": [],\r\n    \"backendHttpSettingsCollection\":
        [\r\n      {\r\n        \"name\": \"appGatewayBackendHttpSettings\",\r\n        \"id\":
        \"/subscriptions/00000000-0000-0000-0000-000000000000/resourceGroups/cli_test_ag_trusted_client_cert000001/providers/Microsoft.Network/applicationGateways/gateway/backendHttpSettingsCollection/appGatewayBackendHttpSettings\",\r\n
        \       \"etag\": \"W/\\\"c3398a24-7505-4bd1-847d-87ea8574516b\\\"\",\r\n
        \       \"properties\": {\r\n          \"provisioningState\": \"Succeeded\",\r\n
        \         \"port\": 80,\r\n          \"protocol\": \"Http\",\r\n          \"cookieBasedAffinity\":
        \"Disabled\",\r\n          \"connectionDraining\": {\r\n            \"enabled\":
        false,\r\n            \"drainTimeoutInSec\": 1\r\n          },\r\n          \"pickHostNameFromBackendAddress\":
        false,\r\n          \"requestTimeout\": 30,\r\n          \"requestRoutingRules\":
        [\r\n            {\r\n              \"id\": \"/subscriptions/00000000-0000-0000-0000-000000000000/resourceGroups/cli_test_ag_trusted_client_cert000001/providers/Microsoft.Network/applicationGateways/gateway/requestRoutingRules/rule1\"\r\n
        \           }\r\n          ]\r\n        },\r\n        \"type\": \"Microsoft.Network/applicationGateways/backendHttpSettingsCollection\"\r\n
        \     }\r\n    ],\r\n    \"httpListeners\": [\r\n      {\r\n        \"name\":
        \"appGatewayHttpListener\",\r\n        \"id\": \"/subscriptions/00000000-0000-0000-0000-000000000000/resourceGroups/cli_test_ag_trusted_client_cert000001/providers/Microsoft.Network/applicationGateways/gateway/httpListeners/appGatewayHttpListener\",\r\n
        \       \"etag\": \"W/\\\"c3398a24-7505-4bd1-847d-87ea8574516b\\\"\",\r\n
        \       \"properties\": {\r\n          \"provisioningState\": \"Succeeded\",\r\n
        \         \"frontendIPConfiguration\": {\r\n            \"id\": \"/subscriptions/00000000-0000-0000-0000-000000000000/resourceGroups/cli_test_ag_trusted_client_cert000001/providers/Microsoft.Network/applicationGateways/gateway/frontendIPConfigurations/appGatewayFrontendIP\"\r\n
        \         },\r\n          \"frontendPort\": {\r\n            \"id\": \"/subscriptions/00000000-0000-0000-0000-000000000000/resourceGroups/cli_test_ag_trusted_client_cert000001/providers/Microsoft.Network/applicationGateways/gateway/frontendPorts/appGatewayFrontendPort\"\r\n
        \         },\r\n          \"protocol\": \"Http\",\r\n          \"hostNames\":
        [],\r\n          \"requireServerNameIndication\": false,\r\n          \"requestRoutingRules\":
        [\r\n            {\r\n              \"id\": \"/subscriptions/00000000-0000-0000-0000-000000000000/resourceGroups/cli_test_ag_trusted_client_cert000001/providers/Microsoft.Network/applicationGateways/gateway/requestRoutingRules/rule1\"\r\n
        \           }\r\n          ]\r\n        },\r\n        \"type\": \"Microsoft.Network/applicationGateways/httpListeners\"\r\n
        \     }\r\n    ],\r\n    \"urlPathMaps\": [],\r\n    \"requestRoutingRules\":
        [\r\n      {\r\n        \"name\": \"rule1\",\r\n        \"id\": \"/subscriptions/00000000-0000-0000-0000-000000000000/resourceGroups/cli_test_ag_trusted_client_cert000001/providers/Microsoft.Network/applicationGateways/gateway/requestRoutingRules/rule1\",\r\n
        \       \"etag\": \"W/\\\"c3398a24-7505-4bd1-847d-87ea8574516b\\\"\",\r\n
        \       \"properties\": {\r\n          \"provisioningState\": \"Succeeded\",\r\n
        \         \"ruleType\": \"Basic\",\r\n          \"httpListener\": {\r\n            \"id\":
        \"/subscriptions/00000000-0000-0000-0000-000000000000/resourceGroups/cli_test_ag_trusted_client_cert000001/providers/Microsoft.Network/applicationGateways/gateway/httpListeners/appGatewayHttpListener\"\r\n
        \         },\r\n          \"backendAddressPool\": {\r\n            \"id\":
        \"/subscriptions/00000000-0000-0000-0000-000000000000/resourceGroups/cli_test_ag_trusted_client_cert000001/providers/Microsoft.Network/applicationGateways/gateway/backendAddressPools/appGatewayBackendPool\"\r\n
        \         },\r\n          \"backendHttpSettings\": {\r\n            \"id\":
        \"/subscriptions/00000000-0000-0000-0000-000000000000/resourceGroups/cli_test_ag_trusted_client_cert000001/providers/Microsoft.Network/applicationGateways/gateway/backendHttpSettingsCollection/appGatewayBackendHttpSettings\"\r\n
        \         }\r\n        },\r\n        \"type\": \"Microsoft.Network/applicationGateways/requestRoutingRules\"\r\n
        \     }\r\n    ],\r\n    \"probes\": [],\r\n    \"rewriteRuleSets\": [],\r\n
        \   \"redirectConfigurations\": [],\r\n    \"privateLinkConfigurations\":
        [],\r\n    \"privateEndpointConnections\": []\r\n  }\r\n}"
    headers:
      cache-control:
      - no-cache
      content-length:
      - '13430'
      content-type:
      - application/json; charset=utf-8
      date:
      - Tue, 02 Feb 2021 10:03:27 GMT
      etag:
      - W/"c3398a24-7505-4bd1-847d-87ea8574516b"
      expires:
      - '-1'
      pragma:
      - no-cache
      server:
      - Microsoft-HTTPAPI/2.0
      - Microsoft-HTTPAPI/2.0
      strict-transport-security:
      - max-age=31536000; includeSubDomains
      transfer-encoding:
      - chunked
      vary:
      - Accept-Encoding
      x-content-type-options:
      - nosniff
      x-ms-arm-service-request-id:
      - 2a7dc27e-9472-4cc6-9659-f12a86d7d86f
    status:
      code: 200
      message: OK
- request:
    body: null
    headers:
      Accept:
      - application/json
      Accept-Encoding:
      - gzip, deflate
      CommandName:
      - network application-gateway client-cert list
      Connection:
      - keep-alive
      ParameterSetName:
      - -g --gateway-name
      User-Agent:
      - AZURECLI/2.18.0 azsdk-python-azure-mgmt-network/17.0.0 Python/3.6.9 (Linux-4.19.121-linuxkit-x86_64-with-Ubuntu-18.04-bionic)
    method: GET
    uri: https://management.azure.com/subscriptions/00000000-0000-0000-0000-000000000000/resourceGroups/cli_test_ag_trusted_client_cert000001/providers/Microsoft.Network/applicationGateways/gateway?api-version=2020-07-01
  response:
    body:
      string: "{\r\n  \"name\": \"gateway\",\r\n  \"id\": \"/subscriptions/00000000-0000-0000-0000-000000000000/resourceGroups/cli_test_ag_trusted_client_cert000001/providers/Microsoft.Network/applicationGateways/gateway\",\r\n
        \ \"etag\": \"W/\\\"c3398a24-7505-4bd1-847d-87ea8574516b\\\"\",\r\n  \"type\":
        \"Microsoft.Network/applicationGateways\",\r\n  \"location\": \"westus\",\r\n
        \ \"tags\": {},\r\n  \"properties\": {\r\n    \"provisioningState\": \"Succeeded\",\r\n
        \   \"resourceGuid\": \"73c91148-ca11-41a8-8a50-a6e30b165115\",\r\n    \"sku\":
        {\r\n      \"name\": \"Standard_v2\",\r\n      \"tier\": \"Standard_v2\",\r\n
        \     \"capacity\": 2\r\n    },\r\n    \"operationalState\": \"Running\",\r\n
        \   \"gatewayIPConfigurations\": [\r\n      {\r\n        \"name\": \"appGatewayFrontendIP\",\r\n
        \       \"id\": \"/subscriptions/00000000-0000-0000-0000-000000000000/resourceGroups/cli_test_ag_trusted_client_cert000001/providers/Microsoft.Network/applicationGateways/gateway/gatewayIPConfigurations/appGatewayFrontendIP\",\r\n
        \       \"etag\": \"W/\\\"c3398a24-7505-4bd1-847d-87ea8574516b\\\"\",\r\n
        \       \"properties\": {\r\n          \"provisioningState\": \"Succeeded\",\r\n
        \         \"subnet\": {\r\n            \"id\": \"/subscriptions/00000000-0000-0000-0000-000000000000/resourceGroups/cli_test_ag_trusted_client_cert000001/providers/Microsoft.Network/virtualNetworks/gatewayVnet/subnets/default\"\r\n
        \         }\r\n        },\r\n        \"type\": \"Microsoft.Network/applicationGateways/gatewayIPConfigurations\"\r\n
        \     }\r\n    ],\r\n    \"sslCertificates\": [],\r\n    \"trustedRootCertificates\":
        [],\r\n    \"trustedClientCertificates\": [\r\n      {\r\n        \"name\":
        \"cert_name\",\r\n        \"id\": \"/subscriptions/00000000-0000-0000-0000-000000000000/resourceGroups/cli_test_ag_trusted_client_cert000001/providers/Microsoft.Network/applicationGateways/gateway/trustedClientCertificates/cert_name\",\r\n
        \       \"etag\": \"W/\\\"c3398a24-7505-4bd1-847d-87ea8574516b\\\"\",\r\n
        \       \"properties\": {\r\n          \"provisioningState\": \"Succeeded\",\r\n
        \         \"data\": \"LS0tLS1CRUdJTiBDRVJUSUZJQ0FURS0tLS0tCk1JSURhekNDQWxPZ0F3SUJBZ0lVSi9lY2lya3FMaGZwRm5rU0p1by9ISytTcTNVd0RRWUpLb1pJaHZjTkFRRUwKQlFBd1JURUxNQWtHQTFVRUJoTUNRVlV4RXpBUkJnTlZCQWdNQ2xOdmJXVXRVM1JoZEdVeElUQWZCZ05WQkFvTQpHRWx1ZEdWeWJtVjBJRmRwWkdkcGRITWdVSFI1SUV4MFpEQWVGdzB5TURFeE1Ua3dOak13TlROYUZ3MHlNVEV4Ck1Ua3dOak13TlROYU1FVXhDekFKQmdOVkJBWVRBa0ZWTVJNd0VRWURWUVFJREFwVGIyMWxMVk4wWVhSbE1TRXcKSHdZRFZRUUtEQmhKYm5SbGNtNWxkQ0JYYVdSbmFYUnpJRkIwZVNCTWRHUXdnZ0VpTUEwR0NTcUdTSWIzRFFFQgpBUVVBQTRJQkR3QXdnZ0VLQW9JQkFRRFdHNnFzMmUyeURmaTFRbnpON1NIdnNkeVgxY3R5QXc0a0RNL005OTV4CklrR2JkU2dkS2hiMDlqbFlmWUdvZlFMbnpyNmhBbWU5Uk8wMXk2NldGSFVtZ25aaGhTbEx6ajBJMkZOSmNDUi8KMHhPa0hqOTNLQ1QyQWRWQ0FkTDhXTi9PR0h5UkNHYm1wdkIrcXVJRGlDNE9TUG9qQ2J0NUVXc1pOTnFDTDNkSworYzJzUGNCZjdCQUd5blp0TW5xcVBFQi9rUVBUa2FrSExCUVRuYUsvcUoweEgyVFlFdWhMblJGWjczcjV4V0lvCmNRWEltQUFhTVd6NFR0T0VSU3p0TWdxMkV0aUJsRjR6azBSRjE0MUdsOEVDOXBMVmRkVVRYWXN6cjU0WDcxQjEKVldKYjIxakVqVktSRFVrSnZuelhQRzlGeDg3ckttWVQ1ZFlkcGxYTzFqL3BBZ01CQUFHalV6QlJNQjBHQTFVZApEZ1FXQkJTV1ZzTERsY0s0SkdXWFNxazk2aG43b05zaUVqQWZCZ05WSFNNRUdEQVdnQlNXVnNMRGxjSzRKR1dYClNxazk2aG43b05zaUVqQVBCZ05WSFJNQkFmOEVCVEFEQVFIL01BMEdDU3FHU0liM0RRRUJDd1VBQTRJQkFRQ1QKcU82aXlWQ2I3b1NhaDVGdUQwV2wrZVNqa1dlaVplckxSVWRKZXNIaXFrYmJXSkVPOUNXbW1HS0R4V05NSVhUbwppbjdCczEwZXIrV0swZjcwekRCbDQxREd2L3ZKSFFHUkVDSlBkQ1FzenAwOWxkSlAzV2VveXBPME8zYzZiMUM1CmRuZmw3UTJnY2haVDcvcS93Z2xUMnI0MncydWx3anIwVGdCT2p0QlV1VGhWL2tuS0phZUZqQTdQbmFWWWI0M3YKMmx2YzlaNjBkTk5sVlA3NG52VnhNQmpURUxncVVMeHVub240M1EvZkFvZjRUdTJ2YlVqcTFIRzMrOHFXU29WYwpSUnJyV2JBS1NHMktIR05FVFEvL1RaUmFKaGJPU21Od2hzdk94VmhrY3phblNTcmRXc1dSYTNVakV2QldKSUlmCnlDQU1TY0YwbXlsczl0a1VydWxXCi0tLS0tRU5EIENFUlRJRklDQVRFLS0tLS0K\"\r\n
        \       },\r\n        \"type\": \"Microsoft.Network/applicationGateways/trustedClientCertificates\"\r\n
        \     },\r\n      {\r\n        \"name\": \"cert_name1\",\r\n        \"id\":
        \"/subscriptions/00000000-0000-0000-0000-000000000000/resourceGroups/cli_test_ag_trusted_client_cert000001/providers/Microsoft.Network/applicationGateways/gateway/trustedClientCertificates/cert_name1\",\r\n
        \       \"etag\": \"W/\\\"c3398a24-7505-4bd1-847d-87ea8574516b\\\"\",\r\n
        \       \"properties\": {\r\n          \"provisioningState\": \"Succeeded\",\r\n
        \         \"data\": \"LS0tLS1CRUdJTiBDRVJUSUZJQ0FURS0tLS0tCk1JSUNyVENDQWhZQ0FRRXdEUVlKS29aSWh2Y05BUUVFQlFBd2daNHhJREFlQmdOVkJBb1RGMDFwWTNKdmMyOW0KZENCVWNuVnpkQ0JPWlhSM2IzSnJNUjR3SEFZRFZRUUxFeFZOYVdOeWIzTnZablFnUTI5eWNHOXlZWFJwYjI0eApMVEFyQmdOVkJBc1RKRTFwWTNKdmMyOW1kQ0JVYVcxbElGTjBZVzF3YVc1bklGTmxjblpwWTJVZ1VtOXZkREVyCk1Da0dBMVVFQ3hNaVEyOXdlWEpwWjJoMElDaGpLU0F4T1RrM0lFMXBZM0p2YzI5bWRDQkRiM0p3TGpBZUZ3MDUKTnpBMU1UTXhOakV5TlRsYUZ3MDVPVEV5TXpBeU16VTVOVGxhTUlHZU1TQXdIZ1lEVlFRS0V4ZE5hV055YjNOdgpablFnVkhKMWMzUWdUbVYwZDI5eWF6RWVNQndHQTFVRUN4TVZUV2xqY205emIyWjBJRU52Y25CdmNtRjBhVzl1Ck1TMHdLd1lEVlFRTEV5Uk5hV055YjNOdlpuUWdWR2x0WlNCVGRHRnRjR2x1WnlCVFpYSjJhV05sSUZKdmIzUXgKS3pBcEJnTlZCQXNUSWtOdmNIbHlhV2RvZENBb1l5a2dNVGs1TnlCTmFXTnliM052Wm5RZ1EyOXljQzR3Z1o4dwpEUVlKS29aSWh2Y05BUUVCQlFBRGdZMEFNSUdKQW9HQkFMZGFPUFVmTjh5cFE4VGNKQmkrOG9WU3RCMWJYeGk1CkM0OUxiYWovelVCUWJOT2cwMXhId3JuM2h1VE5mVFVGYVRjZnJ6M2RILzJQRlRUQ3hIbk1XWFNLYjR3T3crZ1IKNjRRNFI1aFQ0ZkVNRGVRQkRQQWJIaURhS25vOXdoVlNqb3IvZXpLL1dCNGxtSU1teTRySnhBY1VKTHhKbnRkNgpzNGNhSlRPOGJRaEhBZ01CQUFFd0RRWUpLb1pJaHZjTkFRRUVCUUFEZ1lFQVVGdkZhMitOVWxzTnliMnNOSE9ZCnlncUh5cTVNU3JvVXBPdFNjSlVoNExXaFlFNzNRd0pSQWE4ZU9uRE92eGkyaGlpWlorc0k2SmRBWEJhQy9iZ2wKK3padmIzWSt4VXlPNHFkUitzckJZN3BlZ3lSSEM1Tnk5a1NhenFlVk9vOVFFSjRkc1ZrV3E4OCszNE9MeC9yRAphOXhrbjBBckgwVWtCSzVKTC9iZkRKRT0KLS0tLS1FTkQgQ0VSVElGSUNBVEUtLS0tLQo=\"\r\n
        \       },\r\n        \"type\": \"Microsoft.Network/applicationGateways/trustedClientCertificates\"\r\n
        \     }\r\n    ],\r\n    \"sslProfiles\": [],\r\n    \"frontendIPConfigurations\":
        [\r\n      {\r\n        \"name\": \"appGatewayFrontendIP\",\r\n        \"id\":
        \"/subscriptions/00000000-0000-0000-0000-000000000000/resourceGroups/cli_test_ag_trusted_client_cert000001/providers/Microsoft.Network/applicationGateways/gateway/frontendIPConfigurations/appGatewayFrontendIP\",\r\n
        \       \"etag\": \"W/\\\"c3398a24-7505-4bd1-847d-87ea8574516b\\\"\",\r\n
        \       \"type\": \"Microsoft.Network/applicationGateways/frontendIPConfigurations\",\r\n
        \       \"properties\": {\r\n          \"provisioningState\": \"Succeeded\",\r\n
        \         \"privateIPAllocationMethod\": \"Dynamic\",\r\n          \"publicIPAddress\":
        {\r\n            \"id\": \"/subscriptions/00000000-0000-0000-0000-000000000000/resourceGroups/cli_test_ag_trusted_client_cert000001/providers/Microsoft.Network/publicIPAddresses/ip1\"\r\n
        \         },\r\n          \"httpListeners\": [\r\n            {\r\n              \"id\":
        \"/subscriptions/00000000-0000-0000-0000-000000000000/resourceGroups/cli_test_ag_trusted_client_cert000001/providers/Microsoft.Network/applicationGateways/gateway/httpListeners/appGatewayHttpListener\"\r\n
        \           }\r\n          ]\r\n        }\r\n      }\r\n    ],\r\n    \"frontendPorts\":
        [\r\n      {\r\n        \"name\": \"appGatewayFrontendPort\",\r\n        \"id\":
        \"/subscriptions/00000000-0000-0000-0000-000000000000/resourceGroups/cli_test_ag_trusted_client_cert000001/providers/Microsoft.Network/applicationGateways/gateway/frontendPorts/appGatewayFrontendPort\",\r\n
        \       \"etag\": \"W/\\\"c3398a24-7505-4bd1-847d-87ea8574516b\\\"\",\r\n
        \       \"properties\": {\r\n          \"provisioningState\": \"Succeeded\",\r\n
        \         \"port\": 80,\r\n          \"httpListeners\": [\r\n            {\r\n
        \             \"id\": \"/subscriptions/00000000-0000-0000-0000-000000000000/resourceGroups/cli_test_ag_trusted_client_cert000001/providers/Microsoft.Network/applicationGateways/gateway/httpListeners/appGatewayHttpListener\"\r\n
        \           }\r\n          ]\r\n        },\r\n        \"type\": \"Microsoft.Network/applicationGateways/frontendPorts\"\r\n
        \     }\r\n    ],\r\n    \"backendAddressPools\": [\r\n      {\r\n        \"name\":
        \"appGatewayBackendPool\",\r\n        \"id\": \"/subscriptions/00000000-0000-0000-0000-000000000000/resourceGroups/cli_test_ag_trusted_client_cert000001/providers/Microsoft.Network/applicationGateways/gateway/backendAddressPools/appGatewayBackendPool\",\r\n
        \       \"etag\": \"W/\\\"c3398a24-7505-4bd1-847d-87ea8574516b\\\"\",\r\n
        \       \"properties\": {\r\n          \"provisioningState\": \"Succeeded\",\r\n
        \         \"backendAddresses\": [],\r\n          \"requestRoutingRules\":
        [\r\n            {\r\n              \"id\": \"/subscriptions/00000000-0000-0000-0000-000000000000/resourceGroups/cli_test_ag_trusted_client_cert000001/providers/Microsoft.Network/applicationGateways/gateway/requestRoutingRules/rule1\"\r\n
        \           }\r\n          ]\r\n        },\r\n        \"type\": \"Microsoft.Network/applicationGateways/backendAddressPools\"\r\n
        \     }\r\n    ],\r\n    \"loadDistributionPolicies\": [],\r\n    \"backendHttpSettingsCollection\":
        [\r\n      {\r\n        \"name\": \"appGatewayBackendHttpSettings\",\r\n        \"id\":
        \"/subscriptions/00000000-0000-0000-0000-000000000000/resourceGroups/cli_test_ag_trusted_client_cert000001/providers/Microsoft.Network/applicationGateways/gateway/backendHttpSettingsCollection/appGatewayBackendHttpSettings\",\r\n
        \       \"etag\": \"W/\\\"c3398a24-7505-4bd1-847d-87ea8574516b\\\"\",\r\n
        \       \"properties\": {\r\n          \"provisioningState\": \"Succeeded\",\r\n
        \         \"port\": 80,\r\n          \"protocol\": \"Http\",\r\n          \"cookieBasedAffinity\":
        \"Disabled\",\r\n          \"connectionDraining\": {\r\n            \"enabled\":
        false,\r\n            \"drainTimeoutInSec\": 1\r\n          },\r\n          \"pickHostNameFromBackendAddress\":
        false,\r\n          \"requestTimeout\": 30,\r\n          \"requestRoutingRules\":
        [\r\n            {\r\n              \"id\": \"/subscriptions/00000000-0000-0000-0000-000000000000/resourceGroups/cli_test_ag_trusted_client_cert000001/providers/Microsoft.Network/applicationGateways/gateway/requestRoutingRules/rule1\"\r\n
        \           }\r\n          ]\r\n        },\r\n        \"type\": \"Microsoft.Network/applicationGateways/backendHttpSettingsCollection\"\r\n
        \     }\r\n    ],\r\n    \"httpListeners\": [\r\n      {\r\n        \"name\":
        \"appGatewayHttpListener\",\r\n        \"id\": \"/subscriptions/00000000-0000-0000-0000-000000000000/resourceGroups/cli_test_ag_trusted_client_cert000001/providers/Microsoft.Network/applicationGateways/gateway/httpListeners/appGatewayHttpListener\",\r\n
        \       \"etag\": \"W/\\\"c3398a24-7505-4bd1-847d-87ea8574516b\\\"\",\r\n
        \       \"properties\": {\r\n          \"provisioningState\": \"Succeeded\",\r\n
        \         \"frontendIPConfiguration\": {\r\n            \"id\": \"/subscriptions/00000000-0000-0000-0000-000000000000/resourceGroups/cli_test_ag_trusted_client_cert000001/providers/Microsoft.Network/applicationGateways/gateway/frontendIPConfigurations/appGatewayFrontendIP\"\r\n
        \         },\r\n          \"frontendPort\": {\r\n            \"id\": \"/subscriptions/00000000-0000-0000-0000-000000000000/resourceGroups/cli_test_ag_trusted_client_cert000001/providers/Microsoft.Network/applicationGateways/gateway/frontendPorts/appGatewayFrontendPort\"\r\n
        \         },\r\n          \"protocol\": \"Http\",\r\n          \"hostNames\":
        [],\r\n          \"requireServerNameIndication\": false,\r\n          \"requestRoutingRules\":
        [\r\n            {\r\n              \"id\": \"/subscriptions/00000000-0000-0000-0000-000000000000/resourceGroups/cli_test_ag_trusted_client_cert000001/providers/Microsoft.Network/applicationGateways/gateway/requestRoutingRules/rule1\"\r\n
        \           }\r\n          ]\r\n        },\r\n        \"type\": \"Microsoft.Network/applicationGateways/httpListeners\"\r\n
        \     }\r\n    ],\r\n    \"urlPathMaps\": [],\r\n    \"requestRoutingRules\":
        [\r\n      {\r\n        \"name\": \"rule1\",\r\n        \"id\": \"/subscriptions/00000000-0000-0000-0000-000000000000/resourceGroups/cli_test_ag_trusted_client_cert000001/providers/Microsoft.Network/applicationGateways/gateway/requestRoutingRules/rule1\",\r\n
        \       \"etag\": \"W/\\\"c3398a24-7505-4bd1-847d-87ea8574516b\\\"\",\r\n
        \       \"properties\": {\r\n          \"provisioningState\": \"Succeeded\",\r\n
        \         \"ruleType\": \"Basic\",\r\n          \"httpListener\": {\r\n            \"id\":
        \"/subscriptions/00000000-0000-0000-0000-000000000000/resourceGroups/cli_test_ag_trusted_client_cert000001/providers/Microsoft.Network/applicationGateways/gateway/httpListeners/appGatewayHttpListener\"\r\n
        \         },\r\n          \"backendAddressPool\": {\r\n            \"id\":
        \"/subscriptions/00000000-0000-0000-0000-000000000000/resourceGroups/cli_test_ag_trusted_client_cert000001/providers/Microsoft.Network/applicationGateways/gateway/backendAddressPools/appGatewayBackendPool\"\r\n
        \         },\r\n          \"backendHttpSettings\": {\r\n            \"id\":
        \"/subscriptions/00000000-0000-0000-0000-000000000000/resourceGroups/cli_test_ag_trusted_client_cert000001/providers/Microsoft.Network/applicationGateways/gateway/backendHttpSettingsCollection/appGatewayBackendHttpSettings\"\r\n
        \         }\r\n        },\r\n        \"type\": \"Microsoft.Network/applicationGateways/requestRoutingRules\"\r\n
        \     }\r\n    ],\r\n    \"probes\": [],\r\n    \"rewriteRuleSets\": [],\r\n
        \   \"redirectConfigurations\": [],\r\n    \"privateLinkConfigurations\":
        [],\r\n    \"privateEndpointConnections\": []\r\n  }\r\n}"
    headers:
      cache-control:
      - no-cache
      content-length:
      - '13430'
      content-type:
      - application/json; charset=utf-8
      date:
      - Tue, 02 Feb 2021 10:03:28 GMT
      etag:
      - W/"c3398a24-7505-4bd1-847d-87ea8574516b"
      expires:
      - '-1'
      pragma:
      - no-cache
      server:
      - Microsoft-HTTPAPI/2.0
      - Microsoft-HTTPAPI/2.0
      strict-transport-security:
      - max-age=31536000; includeSubDomains
      transfer-encoding:
      - chunked
      vary:
      - Accept-Encoding
      x-content-type-options:
      - nosniff
      x-ms-arm-service-request-id:
      - 344ea173-c7bf-44c1-998a-4a54bd06f250
    status:
      code: 200
      message: OK
- request:
    body: null
    headers:
      Accept:
      - application/json
      Accept-Encoding:
      - gzip, deflate
      CommandName:
      - network application-gateway client-cert remove
      Connection:
      - keep-alive
      ParameterSetName:
      - -g --gateway-name --name
      User-Agent:
      - AZURECLI/2.18.0 azsdk-python-azure-mgmt-network/17.0.0 Python/3.6.9 (Linux-4.19.121-linuxkit-x86_64-with-Ubuntu-18.04-bionic)
    method: GET
    uri: https://management.azure.com/subscriptions/00000000-0000-0000-0000-000000000000/resourceGroups/cli_test_ag_trusted_client_cert000001/providers/Microsoft.Network/applicationGateways/gateway?api-version=2020-07-01
  response:
    body:
      string: "{\r\n  \"name\": \"gateway\",\r\n  \"id\": \"/subscriptions/00000000-0000-0000-0000-000000000000/resourceGroups/cli_test_ag_trusted_client_cert000001/providers/Microsoft.Network/applicationGateways/gateway\",\r\n
        \ \"etag\": \"W/\\\"c3398a24-7505-4bd1-847d-87ea8574516b\\\"\",\r\n  \"type\":
        \"Microsoft.Network/applicationGateways\",\r\n  \"location\": \"westus\",\r\n
        \ \"tags\": {},\r\n  \"properties\": {\r\n    \"provisioningState\": \"Succeeded\",\r\n
        \   \"resourceGuid\": \"73c91148-ca11-41a8-8a50-a6e30b165115\",\r\n    \"sku\":
        {\r\n      \"name\": \"Standard_v2\",\r\n      \"tier\": \"Standard_v2\",\r\n
        \     \"capacity\": 2\r\n    },\r\n    \"operationalState\": \"Running\",\r\n
        \   \"gatewayIPConfigurations\": [\r\n      {\r\n        \"name\": \"appGatewayFrontendIP\",\r\n
        \       \"id\": \"/subscriptions/00000000-0000-0000-0000-000000000000/resourceGroups/cli_test_ag_trusted_client_cert000001/providers/Microsoft.Network/applicationGateways/gateway/gatewayIPConfigurations/appGatewayFrontendIP\",\r\n
        \       \"etag\": \"W/\\\"c3398a24-7505-4bd1-847d-87ea8574516b\\\"\",\r\n
        \       \"properties\": {\r\n          \"provisioningState\": \"Succeeded\",\r\n
        \         \"subnet\": {\r\n            \"id\": \"/subscriptions/00000000-0000-0000-0000-000000000000/resourceGroups/cli_test_ag_trusted_client_cert000001/providers/Microsoft.Network/virtualNetworks/gatewayVnet/subnets/default\"\r\n
        \         }\r\n        },\r\n        \"type\": \"Microsoft.Network/applicationGateways/gatewayIPConfigurations\"\r\n
        \     }\r\n    ],\r\n    \"sslCertificates\": [],\r\n    \"trustedRootCertificates\":
        [],\r\n    \"trustedClientCertificates\": [\r\n      {\r\n        \"name\":
        \"cert_name\",\r\n        \"id\": \"/subscriptions/00000000-0000-0000-0000-000000000000/resourceGroups/cli_test_ag_trusted_client_cert000001/providers/Microsoft.Network/applicationGateways/gateway/trustedClientCertificates/cert_name\",\r\n
        \       \"etag\": \"W/\\\"c3398a24-7505-4bd1-847d-87ea8574516b\\\"\",\r\n
        \       \"properties\": {\r\n          \"provisioningState\": \"Succeeded\",\r\n
        \         \"data\": \"LS0tLS1CRUdJTiBDRVJUSUZJQ0FURS0tLS0tCk1JSURhekNDQWxPZ0F3SUJBZ0lVSi9lY2lya3FMaGZwRm5rU0p1by9ISytTcTNVd0RRWUpLb1pJaHZjTkFRRUwKQlFBd1JURUxNQWtHQTFVRUJoTUNRVlV4RXpBUkJnTlZCQWdNQ2xOdmJXVXRVM1JoZEdVeElUQWZCZ05WQkFvTQpHRWx1ZEdWeWJtVjBJRmRwWkdkcGRITWdVSFI1SUV4MFpEQWVGdzB5TURFeE1Ua3dOak13TlROYUZ3MHlNVEV4Ck1Ua3dOak13TlROYU1FVXhDekFKQmdOVkJBWVRBa0ZWTVJNd0VRWURWUVFJREFwVGIyMWxMVk4wWVhSbE1TRXcKSHdZRFZRUUtEQmhKYm5SbGNtNWxkQ0JYYVdSbmFYUnpJRkIwZVNCTWRHUXdnZ0VpTUEwR0NTcUdTSWIzRFFFQgpBUVVBQTRJQkR3QXdnZ0VLQW9JQkFRRFdHNnFzMmUyeURmaTFRbnpON1NIdnNkeVgxY3R5QXc0a0RNL005OTV4CklrR2JkU2dkS2hiMDlqbFlmWUdvZlFMbnpyNmhBbWU5Uk8wMXk2NldGSFVtZ25aaGhTbEx6ajBJMkZOSmNDUi8KMHhPa0hqOTNLQ1QyQWRWQ0FkTDhXTi9PR0h5UkNHYm1wdkIrcXVJRGlDNE9TUG9qQ2J0NUVXc1pOTnFDTDNkSworYzJzUGNCZjdCQUd5blp0TW5xcVBFQi9rUVBUa2FrSExCUVRuYUsvcUoweEgyVFlFdWhMblJGWjczcjV4V0lvCmNRWEltQUFhTVd6NFR0T0VSU3p0TWdxMkV0aUJsRjR6azBSRjE0MUdsOEVDOXBMVmRkVVRYWXN6cjU0WDcxQjEKVldKYjIxakVqVktSRFVrSnZuelhQRzlGeDg3ckttWVQ1ZFlkcGxYTzFqL3BBZ01CQUFHalV6QlJNQjBHQTFVZApEZ1FXQkJTV1ZzTERsY0s0SkdXWFNxazk2aG43b05zaUVqQWZCZ05WSFNNRUdEQVdnQlNXVnNMRGxjSzRKR1dYClNxazk2aG43b05zaUVqQVBCZ05WSFJNQkFmOEVCVEFEQVFIL01BMEdDU3FHU0liM0RRRUJDd1VBQTRJQkFRQ1QKcU82aXlWQ2I3b1NhaDVGdUQwV2wrZVNqa1dlaVplckxSVWRKZXNIaXFrYmJXSkVPOUNXbW1HS0R4V05NSVhUbwppbjdCczEwZXIrV0swZjcwekRCbDQxREd2L3ZKSFFHUkVDSlBkQ1FzenAwOWxkSlAzV2VveXBPME8zYzZiMUM1CmRuZmw3UTJnY2haVDcvcS93Z2xUMnI0MncydWx3anIwVGdCT2p0QlV1VGhWL2tuS0phZUZqQTdQbmFWWWI0M3YKMmx2YzlaNjBkTk5sVlA3NG52VnhNQmpURUxncVVMeHVub240M1EvZkFvZjRUdTJ2YlVqcTFIRzMrOHFXU29WYwpSUnJyV2JBS1NHMktIR05FVFEvL1RaUmFKaGJPU21Od2hzdk94VmhrY3phblNTcmRXc1dSYTNVakV2QldKSUlmCnlDQU1TY0YwbXlsczl0a1VydWxXCi0tLS0tRU5EIENFUlRJRklDQVRFLS0tLS0K\"\r\n
        \       },\r\n        \"type\": \"Microsoft.Network/applicationGateways/trustedClientCertificates\"\r\n
        \     },\r\n      {\r\n        \"name\": \"cert_name1\",\r\n        \"id\":
        \"/subscriptions/00000000-0000-0000-0000-000000000000/resourceGroups/cli_test_ag_trusted_client_cert000001/providers/Microsoft.Network/applicationGateways/gateway/trustedClientCertificates/cert_name1\",\r\n
        \       \"etag\": \"W/\\\"c3398a24-7505-4bd1-847d-87ea8574516b\\\"\",\r\n
        \       \"properties\": {\r\n          \"provisioningState\": \"Succeeded\",\r\n
        \         \"data\": \"LS0tLS1CRUdJTiBDRVJUSUZJQ0FURS0tLS0tCk1JSUNyVENDQWhZQ0FRRXdEUVlKS29aSWh2Y05BUUVFQlFBd2daNHhJREFlQmdOVkJBb1RGMDFwWTNKdmMyOW0KZENCVWNuVnpkQ0JPWlhSM2IzSnJNUjR3SEFZRFZRUUxFeFZOYVdOeWIzTnZablFnUTI5eWNHOXlZWFJwYjI0eApMVEFyQmdOVkJBc1RKRTFwWTNKdmMyOW1kQ0JVYVcxbElGTjBZVzF3YVc1bklGTmxjblpwWTJVZ1VtOXZkREVyCk1Da0dBMVVFQ3hNaVEyOXdlWEpwWjJoMElDaGpLU0F4T1RrM0lFMXBZM0p2YzI5bWRDQkRiM0p3TGpBZUZ3MDUKTnpBMU1UTXhOakV5TlRsYUZ3MDVPVEV5TXpBeU16VTVOVGxhTUlHZU1TQXdIZ1lEVlFRS0V4ZE5hV055YjNOdgpablFnVkhKMWMzUWdUbVYwZDI5eWF6RWVNQndHQTFVRUN4TVZUV2xqY205emIyWjBJRU52Y25CdmNtRjBhVzl1Ck1TMHdLd1lEVlFRTEV5Uk5hV055YjNOdlpuUWdWR2x0WlNCVGRHRnRjR2x1WnlCVFpYSjJhV05sSUZKdmIzUXgKS3pBcEJnTlZCQXNUSWtOdmNIbHlhV2RvZENBb1l5a2dNVGs1TnlCTmFXTnliM052Wm5RZ1EyOXljQzR3Z1o4dwpEUVlKS29aSWh2Y05BUUVCQlFBRGdZMEFNSUdKQW9HQkFMZGFPUFVmTjh5cFE4VGNKQmkrOG9WU3RCMWJYeGk1CkM0OUxiYWovelVCUWJOT2cwMXhId3JuM2h1VE5mVFVGYVRjZnJ6M2RILzJQRlRUQ3hIbk1XWFNLYjR3T3crZ1IKNjRRNFI1aFQ0ZkVNRGVRQkRQQWJIaURhS25vOXdoVlNqb3IvZXpLL1dCNGxtSU1teTRySnhBY1VKTHhKbnRkNgpzNGNhSlRPOGJRaEhBZ01CQUFFd0RRWUpLb1pJaHZjTkFRRUVCUUFEZ1lFQVVGdkZhMitOVWxzTnliMnNOSE9ZCnlncUh5cTVNU3JvVXBPdFNjSlVoNExXaFlFNzNRd0pSQWE4ZU9uRE92eGkyaGlpWlorc0k2SmRBWEJhQy9iZ2wKK3padmIzWSt4VXlPNHFkUitzckJZN3BlZ3lSSEM1Tnk5a1NhenFlVk9vOVFFSjRkc1ZrV3E4OCszNE9MeC9yRAphOXhrbjBBckgwVWtCSzVKTC9iZkRKRT0KLS0tLS1FTkQgQ0VSVElGSUNBVEUtLS0tLQo=\"\r\n
        \       },\r\n        \"type\": \"Microsoft.Network/applicationGateways/trustedClientCertificates\"\r\n
        \     }\r\n    ],\r\n    \"sslProfiles\": [],\r\n    \"frontendIPConfigurations\":
        [\r\n      {\r\n        \"name\": \"appGatewayFrontendIP\",\r\n        \"id\":
        \"/subscriptions/00000000-0000-0000-0000-000000000000/resourceGroups/cli_test_ag_trusted_client_cert000001/providers/Microsoft.Network/applicationGateways/gateway/frontendIPConfigurations/appGatewayFrontendIP\",\r\n
        \       \"etag\": \"W/\\\"c3398a24-7505-4bd1-847d-87ea8574516b\\\"\",\r\n
        \       \"type\": \"Microsoft.Network/applicationGateways/frontendIPConfigurations\",\r\n
        \       \"properties\": {\r\n          \"provisioningState\": \"Succeeded\",\r\n
        \         \"privateIPAllocationMethod\": \"Dynamic\",\r\n          \"publicIPAddress\":
        {\r\n            \"id\": \"/subscriptions/00000000-0000-0000-0000-000000000000/resourceGroups/cli_test_ag_trusted_client_cert000001/providers/Microsoft.Network/publicIPAddresses/ip1\"\r\n
        \         },\r\n          \"httpListeners\": [\r\n            {\r\n              \"id\":
        \"/subscriptions/00000000-0000-0000-0000-000000000000/resourceGroups/cli_test_ag_trusted_client_cert000001/providers/Microsoft.Network/applicationGateways/gateway/httpListeners/appGatewayHttpListener\"\r\n
        \           }\r\n          ]\r\n        }\r\n      }\r\n    ],\r\n    \"frontendPorts\":
        [\r\n      {\r\n        \"name\": \"appGatewayFrontendPort\",\r\n        \"id\":
        \"/subscriptions/00000000-0000-0000-0000-000000000000/resourceGroups/cli_test_ag_trusted_client_cert000001/providers/Microsoft.Network/applicationGateways/gateway/frontendPorts/appGatewayFrontendPort\",\r\n
        \       \"etag\": \"W/\\\"c3398a24-7505-4bd1-847d-87ea8574516b\\\"\",\r\n
        \       \"properties\": {\r\n          \"provisioningState\": \"Succeeded\",\r\n
        \         \"port\": 80,\r\n          \"httpListeners\": [\r\n            {\r\n
        \             \"id\": \"/subscriptions/00000000-0000-0000-0000-000000000000/resourceGroups/cli_test_ag_trusted_client_cert000001/providers/Microsoft.Network/applicationGateways/gateway/httpListeners/appGatewayHttpListener\"\r\n
        \           }\r\n          ]\r\n        },\r\n        \"type\": \"Microsoft.Network/applicationGateways/frontendPorts\"\r\n
        \     }\r\n    ],\r\n    \"backendAddressPools\": [\r\n      {\r\n        \"name\":
        \"appGatewayBackendPool\",\r\n        \"id\": \"/subscriptions/00000000-0000-0000-0000-000000000000/resourceGroups/cli_test_ag_trusted_client_cert000001/providers/Microsoft.Network/applicationGateways/gateway/backendAddressPools/appGatewayBackendPool\",\r\n
        \       \"etag\": \"W/\\\"c3398a24-7505-4bd1-847d-87ea8574516b\\\"\",\r\n
        \       \"properties\": {\r\n          \"provisioningState\": \"Succeeded\",\r\n
        \         \"backendAddresses\": [],\r\n          \"requestRoutingRules\":
        [\r\n            {\r\n              \"id\": \"/subscriptions/00000000-0000-0000-0000-000000000000/resourceGroups/cli_test_ag_trusted_client_cert000001/providers/Microsoft.Network/applicationGateways/gateway/requestRoutingRules/rule1\"\r\n
        \           }\r\n          ]\r\n        },\r\n        \"type\": \"Microsoft.Network/applicationGateways/backendAddressPools\"\r\n
        \     }\r\n    ],\r\n    \"loadDistributionPolicies\": [],\r\n    \"backendHttpSettingsCollection\":
        [\r\n      {\r\n        \"name\": \"appGatewayBackendHttpSettings\",\r\n        \"id\":
        \"/subscriptions/00000000-0000-0000-0000-000000000000/resourceGroups/cli_test_ag_trusted_client_cert000001/providers/Microsoft.Network/applicationGateways/gateway/backendHttpSettingsCollection/appGatewayBackendHttpSettings\",\r\n
        \       \"etag\": \"W/\\\"c3398a24-7505-4bd1-847d-87ea8574516b\\\"\",\r\n
        \       \"properties\": {\r\n          \"provisioningState\": \"Succeeded\",\r\n
        \         \"port\": 80,\r\n          \"protocol\": \"Http\",\r\n          \"cookieBasedAffinity\":
        \"Disabled\",\r\n          \"connectionDraining\": {\r\n            \"enabled\":
        false,\r\n            \"drainTimeoutInSec\": 1\r\n          },\r\n          \"pickHostNameFromBackendAddress\":
        false,\r\n          \"requestTimeout\": 30,\r\n          \"requestRoutingRules\":
        [\r\n            {\r\n              \"id\": \"/subscriptions/00000000-0000-0000-0000-000000000000/resourceGroups/cli_test_ag_trusted_client_cert000001/providers/Microsoft.Network/applicationGateways/gateway/requestRoutingRules/rule1\"\r\n
        \           }\r\n          ]\r\n        },\r\n        \"type\": \"Microsoft.Network/applicationGateways/backendHttpSettingsCollection\"\r\n
        \     }\r\n    ],\r\n    \"httpListeners\": [\r\n      {\r\n        \"name\":
        \"appGatewayHttpListener\",\r\n        \"id\": \"/subscriptions/00000000-0000-0000-0000-000000000000/resourceGroups/cli_test_ag_trusted_client_cert000001/providers/Microsoft.Network/applicationGateways/gateway/httpListeners/appGatewayHttpListener\",\r\n
        \       \"etag\": \"W/\\\"c3398a24-7505-4bd1-847d-87ea8574516b\\\"\",\r\n
        \       \"properties\": {\r\n          \"provisioningState\": \"Succeeded\",\r\n
        \         \"frontendIPConfiguration\": {\r\n            \"id\": \"/subscriptions/00000000-0000-0000-0000-000000000000/resourceGroups/cli_test_ag_trusted_client_cert000001/providers/Microsoft.Network/applicationGateways/gateway/frontendIPConfigurations/appGatewayFrontendIP\"\r\n
        \         },\r\n          \"frontendPort\": {\r\n            \"id\": \"/subscriptions/00000000-0000-0000-0000-000000000000/resourceGroups/cli_test_ag_trusted_client_cert000001/providers/Microsoft.Network/applicationGateways/gateway/frontendPorts/appGatewayFrontendPort\"\r\n
        \         },\r\n          \"protocol\": \"Http\",\r\n          \"hostNames\":
        [],\r\n          \"requireServerNameIndication\": false,\r\n          \"requestRoutingRules\":
        [\r\n            {\r\n              \"id\": \"/subscriptions/00000000-0000-0000-0000-000000000000/resourceGroups/cli_test_ag_trusted_client_cert000001/providers/Microsoft.Network/applicationGateways/gateway/requestRoutingRules/rule1\"\r\n
        \           }\r\n          ]\r\n        },\r\n        \"type\": \"Microsoft.Network/applicationGateways/httpListeners\"\r\n
        \     }\r\n    ],\r\n    \"urlPathMaps\": [],\r\n    \"requestRoutingRules\":
        [\r\n      {\r\n        \"name\": \"rule1\",\r\n        \"id\": \"/subscriptions/00000000-0000-0000-0000-000000000000/resourceGroups/cli_test_ag_trusted_client_cert000001/providers/Microsoft.Network/applicationGateways/gateway/requestRoutingRules/rule1\",\r\n
        \       \"etag\": \"W/\\\"c3398a24-7505-4bd1-847d-87ea8574516b\\\"\",\r\n
        \       \"properties\": {\r\n          \"provisioningState\": \"Succeeded\",\r\n
        \         \"ruleType\": \"Basic\",\r\n          \"httpListener\": {\r\n            \"id\":
        \"/subscriptions/00000000-0000-0000-0000-000000000000/resourceGroups/cli_test_ag_trusted_client_cert000001/providers/Microsoft.Network/applicationGateways/gateway/httpListeners/appGatewayHttpListener\"\r\n
        \         },\r\n          \"backendAddressPool\": {\r\n            \"id\":
        \"/subscriptions/00000000-0000-0000-0000-000000000000/resourceGroups/cli_test_ag_trusted_client_cert000001/providers/Microsoft.Network/applicationGateways/gateway/backendAddressPools/appGatewayBackendPool\"\r\n
        \         },\r\n          \"backendHttpSettings\": {\r\n            \"id\":
        \"/subscriptions/00000000-0000-0000-0000-000000000000/resourceGroups/cli_test_ag_trusted_client_cert000001/providers/Microsoft.Network/applicationGateways/gateway/backendHttpSettingsCollection/appGatewayBackendHttpSettings\"\r\n
        \         }\r\n        },\r\n        \"type\": \"Microsoft.Network/applicationGateways/requestRoutingRules\"\r\n
        \     }\r\n    ],\r\n    \"probes\": [],\r\n    \"rewriteRuleSets\": [],\r\n
        \   \"redirectConfigurations\": [],\r\n    \"privateLinkConfigurations\":
        [],\r\n    \"privateEndpointConnections\": []\r\n  }\r\n}"
    headers:
      cache-control:
      - no-cache
      content-length:
      - '13430'
      content-type:
      - application/json; charset=utf-8
      date:
      - Tue, 02 Feb 2021 10:03:29 GMT
      etag:
      - W/"c3398a24-7505-4bd1-847d-87ea8574516b"
      expires:
      - '-1'
      pragma:
      - no-cache
      server:
      - Microsoft-HTTPAPI/2.0
      - Microsoft-HTTPAPI/2.0
      strict-transport-security:
      - max-age=31536000; includeSubDomains
      transfer-encoding:
      - chunked
      vary:
      - Accept-Encoding
      x-content-type-options:
      - nosniff
      x-ms-arm-service-request-id:
      - 9f7a97a5-f62a-427c-b6d8-a7b9766f4839
    status:
      code: 200
      message: OK
- request:
    body: '{"id": "/subscriptions/00000000-0000-0000-0000-000000000000/resourceGroups/cli_test_ag_trusted_client_cert000001/providers/Microsoft.Network/applicationGateways/gateway",
      "location": "westus", "tags": {}, "properties": {"sku": {"name": "Standard_v2",
      "tier": "Standard_v2", "capacity": 2}, "gatewayIPConfigurations": [{"id": "/subscriptions/00000000-0000-0000-0000-000000000000/resourceGroups/cli_test_ag_trusted_client_cert000001/providers/Microsoft.Network/applicationGateways/gateway/gatewayIPConfigurations/appGatewayFrontendIP",
      "name": "appGatewayFrontendIP", "properties": {"subnet": {"id": "/subscriptions/00000000-0000-0000-0000-000000000000/resourceGroups/cli_test_ag_trusted_client_cert000001/providers/Microsoft.Network/virtualNetworks/gatewayVnet/subnets/default"}}}],
      "trustedRootCertificates": [], "trustedClientCertificates": [{"id": "/subscriptions/00000000-0000-0000-0000-000000000000/resourceGroups/cli_test_ag_trusted_client_cert000001/providers/Microsoft.Network/applicationGateways/gateway/trustedClientCertificates/cert_name",
      "name": "cert_name", "properties": {"data": "LS0tLS1CRUdJTiBDRVJUSUZJQ0FURS0tLS0tCk1JSURhekNDQWxPZ0F3SUJBZ0lVSi9lY2lya3FMaGZwRm5rU0p1by9ISytTcTNVd0RRWUpLb1pJaHZjTkFRRUwKQlFBd1JURUxNQWtHQTFVRUJoTUNRVlV4RXpBUkJnTlZCQWdNQ2xOdmJXVXRVM1JoZEdVeElUQWZCZ05WQkFvTQpHRWx1ZEdWeWJtVjBJRmRwWkdkcGRITWdVSFI1SUV4MFpEQWVGdzB5TURFeE1Ua3dOak13TlROYUZ3MHlNVEV4Ck1Ua3dOak13TlROYU1FVXhDekFKQmdOVkJBWVRBa0ZWTVJNd0VRWURWUVFJREFwVGIyMWxMVk4wWVhSbE1TRXcKSHdZRFZRUUtEQmhKYm5SbGNtNWxkQ0JYYVdSbmFYUnpJRkIwZVNCTWRHUXdnZ0VpTUEwR0NTcUdTSWIzRFFFQgpBUVVBQTRJQkR3QXdnZ0VLQW9JQkFRRFdHNnFzMmUyeURmaTFRbnpON1NIdnNkeVgxY3R5QXc0a0RNL005OTV4CklrR2JkU2dkS2hiMDlqbFlmWUdvZlFMbnpyNmhBbWU5Uk8wMXk2NldGSFVtZ25aaGhTbEx6ajBJMkZOSmNDUi8KMHhPa0hqOTNLQ1QyQWRWQ0FkTDhXTi9PR0h5UkNHYm1wdkIrcXVJRGlDNE9TUG9qQ2J0NUVXc1pOTnFDTDNkSworYzJzUGNCZjdCQUd5blp0TW5xcVBFQi9rUVBUa2FrSExCUVRuYUsvcUoweEgyVFlFdWhMblJGWjczcjV4V0lvCmNRWEltQUFhTVd6NFR0T0VSU3p0TWdxMkV0aUJsRjR6azBSRjE0MUdsOEVDOXBMVmRkVVRYWXN6cjU0WDcxQjEKVldKYjIxakVqVktSRFVrSnZuelhQRzlGeDg3ckttWVQ1ZFlkcGxYTzFqL3BBZ01CQUFHalV6QlJNQjBHQTFVZApEZ1FXQkJTV1ZzTERsY0s0SkdXWFNxazk2aG43b05zaUVqQWZCZ05WSFNNRUdEQVdnQlNXVnNMRGxjSzRKR1dYClNxazk2aG43b05zaUVqQVBCZ05WSFJNQkFmOEVCVEFEQVFIL01BMEdDU3FHU0liM0RRRUJDd1VBQTRJQkFRQ1QKcU82aXlWQ2I3b1NhaDVGdUQwV2wrZVNqa1dlaVplckxSVWRKZXNIaXFrYmJXSkVPOUNXbW1HS0R4V05NSVhUbwppbjdCczEwZXIrV0swZjcwekRCbDQxREd2L3ZKSFFHUkVDSlBkQ1FzenAwOWxkSlAzV2VveXBPME8zYzZiMUM1CmRuZmw3UTJnY2haVDcvcS93Z2xUMnI0MncydWx3anIwVGdCT2p0QlV1VGhWL2tuS0phZUZqQTdQbmFWWWI0M3YKMmx2YzlaNjBkTk5sVlA3NG52VnhNQmpURUxncVVMeHVub240M1EvZkFvZjRUdTJ2YlVqcTFIRzMrOHFXU29WYwpSUnJyV2JBS1NHMktIR05FVFEvL1RaUmFKaGJPU21Od2hzdk94VmhrY3phblNTcmRXc1dSYTNVakV2QldKSUlmCnlDQU1TY0YwbXlsczl0a1VydWxXCi0tLS0tRU5EIENFUlRJRklDQVRFLS0tLS0K"}}],
      "sslCertificates": [], "frontendIPConfigurations": [{"id": "/subscriptions/00000000-0000-0000-0000-000000000000/resourceGroups/cli_test_ag_trusted_client_cert000001/providers/Microsoft.Network/applicationGateways/gateway/frontendIPConfigurations/appGatewayFrontendIP",
      "name": "appGatewayFrontendIP", "properties": {"privateIPAllocationMethod":
      "Dynamic", "publicIPAddress": {"id": "/subscriptions/00000000-0000-0000-0000-000000000000/resourceGroups/cli_test_ag_trusted_client_cert000001/providers/Microsoft.Network/publicIPAddresses/ip1"}}}],
      "frontendPorts": [{"id": "/subscriptions/00000000-0000-0000-0000-000000000000/resourceGroups/cli_test_ag_trusted_client_cert000001/providers/Microsoft.Network/applicationGateways/gateway/frontendPorts/appGatewayFrontendPort",
      "name": "appGatewayFrontendPort", "properties": {"port": 80}}], "probes": [],
      "backendAddressPools": [{"id": "/subscriptions/00000000-0000-0000-0000-000000000000/resourceGroups/cli_test_ag_trusted_client_cert000001/providers/Microsoft.Network/applicationGateways/gateway/backendAddressPools/appGatewayBackendPool",
      "name": "appGatewayBackendPool", "properties": {"backendAddresses": []}}], "backendHttpSettingsCollection":
      [{"id": "/subscriptions/00000000-0000-0000-0000-000000000000/resourceGroups/cli_test_ag_trusted_client_cert000001/providers/Microsoft.Network/applicationGateways/gateway/backendHttpSettingsCollection/appGatewayBackendHttpSettings",
      "name": "appGatewayBackendHttpSettings", "properties": {"port": 80, "protocol":
      "Http", "cookieBasedAffinity": "Disabled", "requestTimeout": 30, "connectionDraining":
      {"enabled": false, "drainTimeoutInSec": 1}, "pickHostNameFromBackendAddress":
      false}}], "httpListeners": [{"id": "/subscriptions/00000000-0000-0000-0000-000000000000/resourceGroups/cli_test_ag_trusted_client_cert000001/providers/Microsoft.Network/applicationGateways/gateway/httpListeners/appGatewayHttpListener",
      "name": "appGatewayHttpListener", "properties": {"frontendIPConfiguration":
      {"id": "/subscriptions/00000000-0000-0000-0000-000000000000/resourceGroups/cli_test_ag_trusted_client_cert000001/providers/Microsoft.Network/applicationGateways/gateway/frontendIPConfigurations/appGatewayFrontendIP"},
      "frontendPort": {"id": "/subscriptions/00000000-0000-0000-0000-000000000000/resourceGroups/cli_test_ag_trusted_client_cert000001/providers/Microsoft.Network/applicationGateways/gateway/frontendPorts/appGatewayFrontendPort"},
      "protocol": "Http", "requireServerNameIndication": false, "hostNames": []}}],
      "sslProfiles": [], "urlPathMaps": [], "requestRoutingRules": [{"id": "/subscriptions/00000000-0000-0000-0000-000000000000/resourceGroups/cli_test_ag_trusted_client_cert000001/providers/Microsoft.Network/applicationGateways/gateway/requestRoutingRules/rule1",
      "name": "rule1", "properties": {"ruleType": "Basic", "backendAddressPool": {"id":
      "/subscriptions/00000000-0000-0000-0000-000000000000/resourceGroups/cli_test_ag_trusted_client_cert000001/providers/Microsoft.Network/applicationGateways/gateway/backendAddressPools/appGatewayBackendPool"},
      "backendHttpSettings": {"id": "/subscriptions/00000000-0000-0000-0000-000000000000/resourceGroups/cli_test_ag_trusted_client_cert000001/providers/Microsoft.Network/applicationGateways/gateway/backendHttpSettingsCollection/appGatewayBackendHttpSettings"},
      "httpListener": {"id": "/subscriptions/00000000-0000-0000-0000-000000000000/resourceGroups/cli_test_ag_trusted_client_cert000001/providers/Microsoft.Network/applicationGateways/gateway/httpListeners/appGatewayHttpListener"}}}],
      "rewriteRuleSets": [], "redirectConfigurations": [], "privateLinkConfigurations":
      []}}'
    headers:
      Accept:
      - application/json
      Accept-Encoding:
      - gzip, deflate
      CommandName:
      - network application-gateway client-cert remove
      Connection:
      - keep-alive
      Content-Length:
      - '6989'
      Content-Type:
      - application/json
      ParameterSetName:
      - -g --gateway-name --name
      User-Agent:
      - AZURECLI/2.18.0 azsdk-python-azure-mgmt-network/17.0.0 Python/3.6.9 (Linux-4.19.121-linuxkit-x86_64-with-Ubuntu-18.04-bionic)
    method: PUT
    uri: https://management.azure.com/subscriptions/00000000-0000-0000-0000-000000000000/resourceGroups/cli_test_ag_trusted_client_cert000001/providers/Microsoft.Network/applicationGateways/gateway?api-version=2020-07-01
  response:
    body:
      string: "{\r\n  \"name\": \"gateway\",\r\n  \"id\": \"/subscriptions/00000000-0000-0000-0000-000000000000/resourceGroups/cli_test_ag_trusted_client_cert000001/providers/Microsoft.Network/applicationGateways/gateway\",\r\n
        \ \"etag\": \"W/\\\"d78a179b-14e9-4c98-a482-27b46e083f59\\\"\",\r\n  \"type\":
        \"Microsoft.Network/applicationGateways\",\r\n  \"location\": \"westus\",\r\n
        \ \"tags\": {},\r\n  \"properties\": {\r\n    \"provisioningState\": \"Updating\",\r\n
        \   \"resourceGuid\": \"73c91148-ca11-41a8-8a50-a6e30b165115\",\r\n    \"sku\":
        {\r\n      \"name\": \"Standard_v2\",\r\n      \"tier\": \"Standard_v2\",\r\n
        \     \"capacity\": 2\r\n    },\r\n    \"operationalState\": \"Running\",\r\n
        \   \"gatewayIPConfigurations\": [\r\n      {\r\n        \"name\": \"appGatewayFrontendIP\",\r\n
        \       \"id\": \"/subscriptions/00000000-0000-0000-0000-000000000000/resourceGroups/cli_test_ag_trusted_client_cert000001/providers/Microsoft.Network/applicationGateways/gateway/gatewayIPConfigurations/appGatewayFrontendIP\",\r\n
        \       \"etag\": \"W/\\\"d78a179b-14e9-4c98-a482-27b46e083f59\\\"\",\r\n
        \       \"properties\": {\r\n          \"provisioningState\": \"Updating\",\r\n
        \         \"subnet\": {\r\n            \"id\": \"/subscriptions/00000000-0000-0000-0000-000000000000/resourceGroups/cli_test_ag_trusted_client_cert000001/providers/Microsoft.Network/virtualNetworks/gatewayVnet/subnets/default\"\r\n
        \         }\r\n        },\r\n        \"type\": \"Microsoft.Network/applicationGateways/gatewayIPConfigurations\"\r\n
        \     }\r\n    ],\r\n    \"sslCertificates\": [],\r\n    \"trustedRootCertificates\":
        [],\r\n    \"trustedClientCertificates\": [\r\n      {\r\n        \"name\":
        \"cert_name\",\r\n        \"id\": \"/subscriptions/00000000-0000-0000-0000-000000000000/resourceGroups/cli_test_ag_trusted_client_cert000001/providers/Microsoft.Network/applicationGateways/gateway/trustedClientCertificates/cert_name\",\r\n
        \       \"etag\": \"W/\\\"d78a179b-14e9-4c98-a482-27b46e083f59\\\"\",\r\n
        \       \"properties\": {\r\n          \"provisioningState\": \"Updating\",\r\n
        \         \"data\": \"LS0tLS1CRUdJTiBDRVJUSUZJQ0FURS0tLS0tCk1JSURhekNDQWxPZ0F3SUJBZ0lVSi9lY2lya3FMaGZwRm5rU0p1by9ISytTcTNVd0RRWUpLb1pJaHZjTkFRRUwKQlFBd1JURUxNQWtHQTFVRUJoTUNRVlV4RXpBUkJnTlZCQWdNQ2xOdmJXVXRVM1JoZEdVeElUQWZCZ05WQkFvTQpHRWx1ZEdWeWJtVjBJRmRwWkdkcGRITWdVSFI1SUV4MFpEQWVGdzB5TURFeE1Ua3dOak13TlROYUZ3MHlNVEV4Ck1Ua3dOak13TlROYU1FVXhDekFKQmdOVkJBWVRBa0ZWTVJNd0VRWURWUVFJREFwVGIyMWxMVk4wWVhSbE1TRXcKSHdZRFZRUUtEQmhKYm5SbGNtNWxkQ0JYYVdSbmFYUnpJRkIwZVNCTWRHUXdnZ0VpTUEwR0NTcUdTSWIzRFFFQgpBUVVBQTRJQkR3QXdnZ0VLQW9JQkFRRFdHNnFzMmUyeURmaTFRbnpON1NIdnNkeVgxY3R5QXc0a0RNL005OTV4CklrR2JkU2dkS2hiMDlqbFlmWUdvZlFMbnpyNmhBbWU5Uk8wMXk2NldGSFVtZ25aaGhTbEx6ajBJMkZOSmNDUi8KMHhPa0hqOTNLQ1QyQWRWQ0FkTDhXTi9PR0h5UkNHYm1wdkIrcXVJRGlDNE9TUG9qQ2J0NUVXc1pOTnFDTDNkSworYzJzUGNCZjdCQUd5blp0TW5xcVBFQi9rUVBUa2FrSExCUVRuYUsvcUoweEgyVFlFdWhMblJGWjczcjV4V0lvCmNRWEltQUFhTVd6NFR0T0VSU3p0TWdxMkV0aUJsRjR6azBSRjE0MUdsOEVDOXBMVmRkVVRYWXN6cjU0WDcxQjEKVldKYjIxakVqVktSRFVrSnZuelhQRzlGeDg3ckttWVQ1ZFlkcGxYTzFqL3BBZ01CQUFHalV6QlJNQjBHQTFVZApEZ1FXQkJTV1ZzTERsY0s0SkdXWFNxazk2aG43b05zaUVqQWZCZ05WSFNNRUdEQVdnQlNXVnNMRGxjSzRKR1dYClNxazk2aG43b05zaUVqQVBCZ05WSFJNQkFmOEVCVEFEQVFIL01BMEdDU3FHU0liM0RRRUJDd1VBQTRJQkFRQ1QKcU82aXlWQ2I3b1NhaDVGdUQwV2wrZVNqa1dlaVplckxSVWRKZXNIaXFrYmJXSkVPOUNXbW1HS0R4V05NSVhUbwppbjdCczEwZXIrV0swZjcwekRCbDQxREd2L3ZKSFFHUkVDSlBkQ1FzenAwOWxkSlAzV2VveXBPME8zYzZiMUM1CmRuZmw3UTJnY2haVDcvcS93Z2xUMnI0MncydWx3anIwVGdCT2p0QlV1VGhWL2tuS0phZUZqQTdQbmFWWWI0M3YKMmx2YzlaNjBkTk5sVlA3NG52VnhNQmpURUxncVVMeHVub240M1EvZkFvZjRUdTJ2YlVqcTFIRzMrOHFXU29WYwpSUnJyV2JBS1NHMktIR05FVFEvL1RaUmFKaGJPU21Od2hzdk94VmhrY3phblNTcmRXc1dSYTNVakV2QldKSUlmCnlDQU1TY0YwbXlsczl0a1VydWxXCi0tLS0tRU5EIENFUlRJRklDQVRFLS0tLS0K\"\r\n
        \       },\r\n        \"type\": \"Microsoft.Network/applicationGateways/trustedClientCertificates\"\r\n
        \     }\r\n    ],\r\n    \"sslProfiles\": [],\r\n    \"frontendIPConfigurations\":
        [\r\n      {\r\n        \"name\": \"appGatewayFrontendIP\",\r\n        \"id\":
        \"/subscriptions/00000000-0000-0000-0000-000000000000/resourceGroups/cli_test_ag_trusted_client_cert000001/providers/Microsoft.Network/applicationGateways/gateway/frontendIPConfigurations/appGatewayFrontendIP\",\r\n
        \       \"etag\": \"W/\\\"d78a179b-14e9-4c98-a482-27b46e083f59\\\"\",\r\n
        \       \"type\": \"Microsoft.Network/applicationGateways/frontendIPConfigurations\",\r\n
        \       \"properties\": {\r\n          \"provisioningState\": \"Updating\",\r\n
        \         \"privateIPAllocationMethod\": \"Dynamic\",\r\n          \"publicIPAddress\":
        {\r\n            \"id\": \"/subscriptions/00000000-0000-0000-0000-000000000000/resourceGroups/cli_test_ag_trusted_client_cert000001/providers/Microsoft.Network/publicIPAddresses/ip1\"\r\n
        \         },\r\n          \"httpListeners\": [\r\n            {\r\n              \"id\":
        \"/subscriptions/00000000-0000-0000-0000-000000000000/resourceGroups/cli_test_ag_trusted_client_cert000001/providers/Microsoft.Network/applicationGateways/gateway/httpListeners/appGatewayHttpListener\"\r\n
        \           }\r\n          ]\r\n        }\r\n      }\r\n    ],\r\n    \"frontendPorts\":
        [\r\n      {\r\n        \"name\": \"appGatewayFrontendPort\",\r\n        \"id\":
        \"/subscriptions/00000000-0000-0000-0000-000000000000/resourceGroups/cli_test_ag_trusted_client_cert000001/providers/Microsoft.Network/applicationGateways/gateway/frontendPorts/appGatewayFrontendPort\",\r\n
        \       \"etag\": \"W/\\\"d78a179b-14e9-4c98-a482-27b46e083f59\\\"\",\r\n
        \       \"properties\": {\r\n          \"provisioningState\": \"Updating\",\r\n
        \         \"port\": 80,\r\n          \"httpListeners\": [\r\n            {\r\n
        \             \"id\": \"/subscriptions/00000000-0000-0000-0000-000000000000/resourceGroups/cli_test_ag_trusted_client_cert000001/providers/Microsoft.Network/applicationGateways/gateway/httpListeners/appGatewayHttpListener\"\r\n
        \           }\r\n          ]\r\n        },\r\n        \"type\": \"Microsoft.Network/applicationGateways/frontendPorts\"\r\n
        \     }\r\n    ],\r\n    \"backendAddressPools\": [\r\n      {\r\n        \"name\":
        \"appGatewayBackendPool\",\r\n        \"id\": \"/subscriptions/00000000-0000-0000-0000-000000000000/resourceGroups/cli_test_ag_trusted_client_cert000001/providers/Microsoft.Network/applicationGateways/gateway/backendAddressPools/appGatewayBackendPool\",\r\n
        \       \"etag\": \"W/\\\"d78a179b-14e9-4c98-a482-27b46e083f59\\\"\",\r\n
        \       \"properties\": {\r\n          \"provisioningState\": \"Updating\",\r\n
        \         \"backendAddresses\": [],\r\n          \"requestRoutingRules\":
        [\r\n            {\r\n              \"id\": \"/subscriptions/00000000-0000-0000-0000-000000000000/resourceGroups/cli_test_ag_trusted_client_cert000001/providers/Microsoft.Network/applicationGateways/gateway/requestRoutingRules/rule1\"\r\n
        \           }\r\n          ]\r\n        },\r\n        \"type\": \"Microsoft.Network/applicationGateways/backendAddressPools\"\r\n
        \     }\r\n    ],\r\n    \"loadDistributionPolicies\": [],\r\n    \"backendHttpSettingsCollection\":
        [\r\n      {\r\n        \"name\": \"appGatewayBackendHttpSettings\",\r\n        \"id\":
        \"/subscriptions/00000000-0000-0000-0000-000000000000/resourceGroups/cli_test_ag_trusted_client_cert000001/providers/Microsoft.Network/applicationGateways/gateway/backendHttpSettingsCollection/appGatewayBackendHttpSettings\",\r\n
        \       \"etag\": \"W/\\\"d78a179b-14e9-4c98-a482-27b46e083f59\\\"\",\r\n
        \       \"properties\": {\r\n          \"provisioningState\": \"Updating\",\r\n
        \         \"port\": 80,\r\n          \"protocol\": \"Http\",\r\n          \"cookieBasedAffinity\":
        \"Disabled\",\r\n          \"connectionDraining\": {\r\n            \"enabled\":
        false,\r\n            \"drainTimeoutInSec\": 1\r\n          },\r\n          \"pickHostNameFromBackendAddress\":
        false,\r\n          \"requestTimeout\": 30,\r\n          \"requestRoutingRules\":
        [\r\n            {\r\n              \"id\": \"/subscriptions/00000000-0000-0000-0000-000000000000/resourceGroups/cli_test_ag_trusted_client_cert000001/providers/Microsoft.Network/applicationGateways/gateway/requestRoutingRules/rule1\"\r\n
        \           }\r\n          ]\r\n        },\r\n        \"type\": \"Microsoft.Network/applicationGateways/backendHttpSettingsCollection\"\r\n
        \     }\r\n    ],\r\n    \"httpListeners\": [\r\n      {\r\n        \"name\":
        \"appGatewayHttpListener\",\r\n        \"id\": \"/subscriptions/00000000-0000-0000-0000-000000000000/resourceGroups/cli_test_ag_trusted_client_cert000001/providers/Microsoft.Network/applicationGateways/gateway/httpListeners/appGatewayHttpListener\",\r\n
        \       \"etag\": \"W/\\\"d78a179b-14e9-4c98-a482-27b46e083f59\\\"\",\r\n
        \       \"properties\": {\r\n          \"provisioningState\": \"Updating\",\r\n
        \         \"frontendIPConfiguration\": {\r\n            \"id\": \"/subscriptions/00000000-0000-0000-0000-000000000000/resourceGroups/cli_test_ag_trusted_client_cert000001/providers/Microsoft.Network/applicationGateways/gateway/frontendIPConfigurations/appGatewayFrontendIP\"\r\n
        \         },\r\n          \"frontendPort\": {\r\n            \"id\": \"/subscriptions/00000000-0000-0000-0000-000000000000/resourceGroups/cli_test_ag_trusted_client_cert000001/providers/Microsoft.Network/applicationGateways/gateway/frontendPorts/appGatewayFrontendPort\"\r\n
        \         },\r\n          \"protocol\": \"Http\",\r\n          \"hostNames\":
        [],\r\n          \"requireServerNameIndication\": false,\r\n          \"requestRoutingRules\":
        [\r\n            {\r\n              \"id\": \"/subscriptions/00000000-0000-0000-0000-000000000000/resourceGroups/cli_test_ag_trusted_client_cert000001/providers/Microsoft.Network/applicationGateways/gateway/requestRoutingRules/rule1\"\r\n
        \           }\r\n          ]\r\n        },\r\n        \"type\": \"Microsoft.Network/applicationGateways/httpListeners\"\r\n
        \     }\r\n    ],\r\n    \"urlPathMaps\": [],\r\n    \"requestRoutingRules\":
        [\r\n      {\r\n        \"name\": \"rule1\",\r\n        \"id\": \"/subscriptions/00000000-0000-0000-0000-000000000000/resourceGroups/cli_test_ag_trusted_client_cert000001/providers/Microsoft.Network/applicationGateways/gateway/requestRoutingRules/rule1\",\r\n
        \       \"etag\": \"W/\\\"d78a179b-14e9-4c98-a482-27b46e083f59\\\"\",\r\n
        \       \"properties\": {\r\n          \"provisioningState\": \"Updating\",\r\n
        \         \"ruleType\": \"Basic\",\r\n          \"httpListener\": {\r\n            \"id\":
        \"/subscriptions/00000000-0000-0000-0000-000000000000/resourceGroups/cli_test_ag_trusted_client_cert000001/providers/Microsoft.Network/applicationGateways/gateway/httpListeners/appGatewayHttpListener\"\r\n
        \         },\r\n          \"backendAddressPool\": {\r\n            \"id\":
        \"/subscriptions/00000000-0000-0000-0000-000000000000/resourceGroups/cli_test_ag_trusted_client_cert000001/providers/Microsoft.Network/applicationGateways/gateway/backendAddressPools/appGatewayBackendPool\"\r\n
        \         },\r\n          \"backendHttpSettings\": {\r\n            \"id\":
        \"/subscriptions/00000000-0000-0000-0000-000000000000/resourceGroups/cli_test_ag_trusted_client_cert000001/providers/Microsoft.Network/applicationGateways/gateway/backendHttpSettingsCollection/appGatewayBackendHttpSettings\"\r\n
        \         }\r\n        },\r\n        \"type\": \"Microsoft.Network/applicationGateways/requestRoutingRules\"\r\n
        \     }\r\n    ],\r\n    \"probes\": [],\r\n    \"rewriteRuleSets\": [],\r\n
        \   \"redirectConfigurations\": [],\r\n    \"privateLinkConfigurations\":
        [],\r\n    \"privateEndpointConnections\": []\r\n  }\r\n}"
    headers:
      azure-asyncoperation:
      - https://management.azure.com/subscriptions/00000000-0000-0000-0000-000000000000/providers/Microsoft.Network/locations/westus/operations/09486d15-2439-47fb-8f28-8dc75baa546b?api-version=2020-07-01
      cache-control:
      - no-cache
      content-length:
      - '11547'
      content-type:
      - application/json; charset=utf-8
      date:
      - Tue, 02 Feb 2021 10:03:30 GMT
      expires:
      - '-1'
      pragma:
      - no-cache
      server:
      - Microsoft-HTTPAPI/2.0
      - Microsoft-HTTPAPI/2.0
      strict-transport-security:
      - max-age=31536000; includeSubDomains
      transfer-encoding:
      - chunked
      vary:
      - Accept-Encoding
      x-content-type-options:
      - nosniff
      x-ms-arm-service-request-id:
      - f659c08e-5c0e-461d-9eaa-f729e54ea85d
      x-ms-ratelimit-remaining-subscription-writes:
      - '1199'
    status:
      code: 200
      message: OK
- request:
    body: null
    headers:
      Accept:
      - '*/*'
      Accept-Encoding:
      - gzip, deflate
      CommandName:
      - network application-gateway client-cert remove
      Connection:
      - keep-alive
      ParameterSetName:
      - -g --gateway-name --name
      User-Agent:
      - AZURECLI/2.18.0 azsdk-python-azure-mgmt-network/17.0.0 Python/3.6.9 (Linux-4.19.121-linuxkit-x86_64-with-Ubuntu-18.04-bionic)
    method: GET
    uri: https://management.azure.com/subscriptions/00000000-0000-0000-0000-000000000000/providers/Microsoft.Network/locations/westus/operations/09486d15-2439-47fb-8f28-8dc75baa546b?api-version=2020-07-01
  response:
    body:
      string: "{\r\n  \"status\": \"Succeeded\"\r\n}"
    headers:
      cache-control:
      - no-cache
      content-length:
      - '29'
      content-type:
      - application/json; charset=utf-8
      date:
      - Tue, 02 Feb 2021 10:03:40 GMT
      expires:
      - '-1'
      pragma:
      - no-cache
      server:
      - Microsoft-HTTPAPI/2.0
      - Microsoft-HTTPAPI/2.0
      strict-transport-security:
      - max-age=31536000; includeSubDomains
      transfer-encoding:
      - chunked
      vary:
      - Accept-Encoding
      x-content-type-options:
      - nosniff
      x-ms-arm-service-request-id:
      - 4b14f699-d1e3-40a2-b1f5-206441056d0a
    status:
      code: 200
      message: OK
- request:
    body: null
    headers:
      Accept:
      - '*/*'
      Accept-Encoding:
      - gzip, deflate
      CommandName:
      - network application-gateway client-cert remove
      Connection:
      - keep-alive
      ParameterSetName:
      - -g --gateway-name --name
      User-Agent:
      - AZURECLI/2.18.0 azsdk-python-azure-mgmt-network/17.0.0 Python/3.6.9 (Linux-4.19.121-linuxkit-x86_64-with-Ubuntu-18.04-bionic)
    method: GET
    uri: https://management.azure.com/subscriptions/00000000-0000-0000-0000-000000000000/resourceGroups/cli_test_ag_trusted_client_cert000001/providers/Microsoft.Network/applicationGateways/gateway?api-version=2020-07-01
  response:
    body:
      string: "{\r\n  \"name\": \"gateway\",\r\n  \"id\": \"/subscriptions/00000000-0000-0000-0000-000000000000/resourceGroups/cli_test_ag_trusted_client_cert000001/providers/Microsoft.Network/applicationGateways/gateway\",\r\n
        \ \"etag\": \"W/\\\"4ec11414-b283-4bda-84b2-64e429b74a65\\\"\",\r\n  \"type\":
        \"Microsoft.Network/applicationGateways\",\r\n  \"location\": \"westus\",\r\n
        \ \"tags\": {},\r\n  \"properties\": {\r\n    \"provisioningState\": \"Succeeded\",\r\n
        \   \"resourceGuid\": \"73c91148-ca11-41a8-8a50-a6e30b165115\",\r\n    \"sku\":
        {\r\n      \"name\": \"Standard_v2\",\r\n      \"tier\": \"Standard_v2\",\r\n
        \     \"capacity\": 2\r\n    },\r\n    \"operationalState\": \"Running\",\r\n
        \   \"gatewayIPConfigurations\": [\r\n      {\r\n        \"name\": \"appGatewayFrontendIP\",\r\n
        \       \"id\": \"/subscriptions/00000000-0000-0000-0000-000000000000/resourceGroups/cli_test_ag_trusted_client_cert000001/providers/Microsoft.Network/applicationGateways/gateway/gatewayIPConfigurations/appGatewayFrontendIP\",\r\n
        \       \"etag\": \"W/\\\"4ec11414-b283-4bda-84b2-64e429b74a65\\\"\",\r\n
        \       \"properties\": {\r\n          \"provisioningState\": \"Succeeded\",\r\n
        \         \"subnet\": {\r\n            \"id\": \"/subscriptions/00000000-0000-0000-0000-000000000000/resourceGroups/cli_test_ag_trusted_client_cert000001/providers/Microsoft.Network/virtualNetworks/gatewayVnet/subnets/default\"\r\n
        \         }\r\n        },\r\n        \"type\": \"Microsoft.Network/applicationGateways/gatewayIPConfigurations\"\r\n
        \     }\r\n    ],\r\n    \"sslCertificates\": [],\r\n    \"trustedRootCertificates\":
        [],\r\n    \"trustedClientCertificates\": [\r\n      {\r\n        \"name\":
        \"cert_name\",\r\n        \"id\": \"/subscriptions/00000000-0000-0000-0000-000000000000/resourceGroups/cli_test_ag_trusted_client_cert000001/providers/Microsoft.Network/applicationGateways/gateway/trustedClientCertificates/cert_name\",\r\n
        \       \"etag\": \"W/\\\"4ec11414-b283-4bda-84b2-64e429b74a65\\\"\",\r\n
        \       \"properties\": {\r\n          \"provisioningState\": \"Succeeded\",\r\n
        \         \"data\": \"LS0tLS1CRUdJTiBDRVJUSUZJQ0FURS0tLS0tCk1JSURhekNDQWxPZ0F3SUJBZ0lVSi9lY2lya3FMaGZwRm5rU0p1by9ISytTcTNVd0RRWUpLb1pJaHZjTkFRRUwKQlFBd1JURUxNQWtHQTFVRUJoTUNRVlV4RXpBUkJnTlZCQWdNQ2xOdmJXVXRVM1JoZEdVeElUQWZCZ05WQkFvTQpHRWx1ZEdWeWJtVjBJRmRwWkdkcGRITWdVSFI1SUV4MFpEQWVGdzB5TURFeE1Ua3dOak13TlROYUZ3MHlNVEV4Ck1Ua3dOak13TlROYU1FVXhDekFKQmdOVkJBWVRBa0ZWTVJNd0VRWURWUVFJREFwVGIyMWxMVk4wWVhSbE1TRXcKSHdZRFZRUUtEQmhKYm5SbGNtNWxkQ0JYYVdSbmFYUnpJRkIwZVNCTWRHUXdnZ0VpTUEwR0NTcUdTSWIzRFFFQgpBUVVBQTRJQkR3QXdnZ0VLQW9JQkFRRFdHNnFzMmUyeURmaTFRbnpON1NIdnNkeVgxY3R5QXc0a0RNL005OTV4CklrR2JkU2dkS2hiMDlqbFlmWUdvZlFMbnpyNmhBbWU5Uk8wMXk2NldGSFVtZ25aaGhTbEx6ajBJMkZOSmNDUi8KMHhPa0hqOTNLQ1QyQWRWQ0FkTDhXTi9PR0h5UkNHYm1wdkIrcXVJRGlDNE9TUG9qQ2J0NUVXc1pOTnFDTDNkSworYzJzUGNCZjdCQUd5blp0TW5xcVBFQi9rUVBUa2FrSExCUVRuYUsvcUoweEgyVFlFdWhMblJGWjczcjV4V0lvCmNRWEltQUFhTVd6NFR0T0VSU3p0TWdxMkV0aUJsRjR6azBSRjE0MUdsOEVDOXBMVmRkVVRYWXN6cjU0WDcxQjEKVldKYjIxakVqVktSRFVrSnZuelhQRzlGeDg3ckttWVQ1ZFlkcGxYTzFqL3BBZ01CQUFHalV6QlJNQjBHQTFVZApEZ1FXQkJTV1ZzTERsY0s0SkdXWFNxazk2aG43b05zaUVqQWZCZ05WSFNNRUdEQVdnQlNXVnNMRGxjSzRKR1dYClNxazk2aG43b05zaUVqQVBCZ05WSFJNQkFmOEVCVEFEQVFIL01BMEdDU3FHU0liM0RRRUJDd1VBQTRJQkFRQ1QKcU82aXlWQ2I3b1NhaDVGdUQwV2wrZVNqa1dlaVplckxSVWRKZXNIaXFrYmJXSkVPOUNXbW1HS0R4V05NSVhUbwppbjdCczEwZXIrV0swZjcwekRCbDQxREd2L3ZKSFFHUkVDSlBkQ1FzenAwOWxkSlAzV2VveXBPME8zYzZiMUM1CmRuZmw3UTJnY2haVDcvcS93Z2xUMnI0MncydWx3anIwVGdCT2p0QlV1VGhWL2tuS0phZUZqQTdQbmFWWWI0M3YKMmx2YzlaNjBkTk5sVlA3NG52VnhNQmpURUxncVVMeHVub240M1EvZkFvZjRUdTJ2YlVqcTFIRzMrOHFXU29WYwpSUnJyV2JBS1NHMktIR05FVFEvL1RaUmFKaGJPU21Od2hzdk94VmhrY3phblNTcmRXc1dSYTNVakV2QldKSUlmCnlDQU1TY0YwbXlsczl0a1VydWxXCi0tLS0tRU5EIENFUlRJRklDQVRFLS0tLS0K\"\r\n
        \       },\r\n        \"type\": \"Microsoft.Network/applicationGateways/trustedClientCertificates\"\r\n
        \     }\r\n    ],\r\n    \"sslProfiles\": [],\r\n    \"frontendIPConfigurations\":
        [\r\n      {\r\n        \"name\": \"appGatewayFrontendIP\",\r\n        \"id\":
        \"/subscriptions/00000000-0000-0000-0000-000000000000/resourceGroups/cli_test_ag_trusted_client_cert000001/providers/Microsoft.Network/applicationGateways/gateway/frontendIPConfigurations/appGatewayFrontendIP\",\r\n
        \       \"etag\": \"W/\\\"4ec11414-b283-4bda-84b2-64e429b74a65\\\"\",\r\n
        \       \"type\": \"Microsoft.Network/applicationGateways/frontendIPConfigurations\",\r\n
        \       \"properties\": {\r\n          \"provisioningState\": \"Succeeded\",\r\n
        \         \"privateIPAllocationMethod\": \"Dynamic\",\r\n          \"publicIPAddress\":
        {\r\n            \"id\": \"/subscriptions/00000000-0000-0000-0000-000000000000/resourceGroups/cli_test_ag_trusted_client_cert000001/providers/Microsoft.Network/publicIPAddresses/ip1\"\r\n
        \         },\r\n          \"httpListeners\": [\r\n            {\r\n              \"id\":
        \"/subscriptions/00000000-0000-0000-0000-000000000000/resourceGroups/cli_test_ag_trusted_client_cert000001/providers/Microsoft.Network/applicationGateways/gateway/httpListeners/appGatewayHttpListener\"\r\n
        \           }\r\n          ]\r\n        }\r\n      }\r\n    ],\r\n    \"frontendPorts\":
        [\r\n      {\r\n        \"name\": \"appGatewayFrontendPort\",\r\n        \"id\":
        \"/subscriptions/00000000-0000-0000-0000-000000000000/resourceGroups/cli_test_ag_trusted_client_cert000001/providers/Microsoft.Network/applicationGateways/gateway/frontendPorts/appGatewayFrontendPort\",\r\n
        \       \"etag\": \"W/\\\"4ec11414-b283-4bda-84b2-64e429b74a65\\\"\",\r\n
        \       \"properties\": {\r\n          \"provisioningState\": \"Succeeded\",\r\n
        \         \"port\": 80,\r\n          \"httpListeners\": [\r\n            {\r\n
        \             \"id\": \"/subscriptions/00000000-0000-0000-0000-000000000000/resourceGroups/cli_test_ag_trusted_client_cert000001/providers/Microsoft.Network/applicationGateways/gateway/httpListeners/appGatewayHttpListener\"\r\n
        \           }\r\n          ]\r\n        },\r\n        \"type\": \"Microsoft.Network/applicationGateways/frontendPorts\"\r\n
        \     }\r\n    ],\r\n    \"backendAddressPools\": [\r\n      {\r\n        \"name\":
        \"appGatewayBackendPool\",\r\n        \"id\": \"/subscriptions/00000000-0000-0000-0000-000000000000/resourceGroups/cli_test_ag_trusted_client_cert000001/providers/Microsoft.Network/applicationGateways/gateway/backendAddressPools/appGatewayBackendPool\",\r\n
        \       \"etag\": \"W/\\\"4ec11414-b283-4bda-84b2-64e429b74a65\\\"\",\r\n
        \       \"properties\": {\r\n          \"provisioningState\": \"Succeeded\",\r\n
        \         \"backendAddresses\": [],\r\n          \"requestRoutingRules\":
        [\r\n            {\r\n              \"id\": \"/subscriptions/00000000-0000-0000-0000-000000000000/resourceGroups/cli_test_ag_trusted_client_cert000001/providers/Microsoft.Network/applicationGateways/gateway/requestRoutingRules/rule1\"\r\n
        \           }\r\n          ]\r\n        },\r\n        \"type\": \"Microsoft.Network/applicationGateways/backendAddressPools\"\r\n
        \     }\r\n    ],\r\n    \"loadDistributionPolicies\": [],\r\n    \"backendHttpSettingsCollection\":
        [\r\n      {\r\n        \"name\": \"appGatewayBackendHttpSettings\",\r\n        \"id\":
        \"/subscriptions/00000000-0000-0000-0000-000000000000/resourceGroups/cli_test_ag_trusted_client_cert000001/providers/Microsoft.Network/applicationGateways/gateway/backendHttpSettingsCollection/appGatewayBackendHttpSettings\",\r\n
        \       \"etag\": \"W/\\\"4ec11414-b283-4bda-84b2-64e429b74a65\\\"\",\r\n
        \       \"properties\": {\r\n          \"provisioningState\": \"Succeeded\",\r\n
        \         \"port\": 80,\r\n          \"protocol\": \"Http\",\r\n          \"cookieBasedAffinity\":
        \"Disabled\",\r\n          \"connectionDraining\": {\r\n            \"enabled\":
        false,\r\n            \"drainTimeoutInSec\": 1\r\n          },\r\n          \"pickHostNameFromBackendAddress\":
        false,\r\n          \"requestTimeout\": 30,\r\n          \"requestRoutingRules\":
        [\r\n            {\r\n              \"id\": \"/subscriptions/00000000-0000-0000-0000-000000000000/resourceGroups/cli_test_ag_trusted_client_cert000001/providers/Microsoft.Network/applicationGateways/gateway/requestRoutingRules/rule1\"\r\n
        \           }\r\n          ]\r\n        },\r\n        \"type\": \"Microsoft.Network/applicationGateways/backendHttpSettingsCollection\"\r\n
        \     }\r\n    ],\r\n    \"httpListeners\": [\r\n      {\r\n        \"name\":
        \"appGatewayHttpListener\",\r\n        \"id\": \"/subscriptions/00000000-0000-0000-0000-000000000000/resourceGroups/cli_test_ag_trusted_client_cert000001/providers/Microsoft.Network/applicationGateways/gateway/httpListeners/appGatewayHttpListener\",\r\n
        \       \"etag\": \"W/\\\"4ec11414-b283-4bda-84b2-64e429b74a65\\\"\",\r\n
        \       \"properties\": {\r\n          \"provisioningState\": \"Succeeded\",\r\n
        \         \"frontendIPConfiguration\": {\r\n            \"id\": \"/subscriptions/00000000-0000-0000-0000-000000000000/resourceGroups/cli_test_ag_trusted_client_cert000001/providers/Microsoft.Network/applicationGateways/gateway/frontendIPConfigurations/appGatewayFrontendIP\"\r\n
        \         },\r\n          \"frontendPort\": {\r\n            \"id\": \"/subscriptions/00000000-0000-0000-0000-000000000000/resourceGroups/cli_test_ag_trusted_client_cert000001/providers/Microsoft.Network/applicationGateways/gateway/frontendPorts/appGatewayFrontendPort\"\r\n
        \         },\r\n          \"protocol\": \"Http\",\r\n          \"hostNames\":
        [],\r\n          \"requireServerNameIndication\": false,\r\n          \"requestRoutingRules\":
        [\r\n            {\r\n              \"id\": \"/subscriptions/00000000-0000-0000-0000-000000000000/resourceGroups/cli_test_ag_trusted_client_cert000001/providers/Microsoft.Network/applicationGateways/gateway/requestRoutingRules/rule1\"\r\n
        \           }\r\n          ]\r\n        },\r\n        \"type\": \"Microsoft.Network/applicationGateways/httpListeners\"\r\n
        \     }\r\n    ],\r\n    \"urlPathMaps\": [],\r\n    \"requestRoutingRules\":
        [\r\n      {\r\n        \"name\": \"rule1\",\r\n        \"id\": \"/subscriptions/00000000-0000-0000-0000-000000000000/resourceGroups/cli_test_ag_trusted_client_cert000001/providers/Microsoft.Network/applicationGateways/gateway/requestRoutingRules/rule1\",\r\n
        \       \"etag\": \"W/\\\"4ec11414-b283-4bda-84b2-64e429b74a65\\\"\",\r\n
        \       \"properties\": {\r\n          \"provisioningState\": \"Succeeded\",\r\n
        \         \"ruleType\": \"Basic\",\r\n          \"httpListener\": {\r\n            \"id\":
        \"/subscriptions/00000000-0000-0000-0000-000000000000/resourceGroups/cli_test_ag_trusted_client_cert000001/providers/Microsoft.Network/applicationGateways/gateway/httpListeners/appGatewayHttpListener\"\r\n
        \         },\r\n          \"backendAddressPool\": {\r\n            \"id\":
        \"/subscriptions/00000000-0000-0000-0000-000000000000/resourceGroups/cli_test_ag_trusted_client_cert000001/providers/Microsoft.Network/applicationGateways/gateway/backendAddressPools/appGatewayBackendPool\"\r\n
        \         },\r\n          \"backendHttpSettings\": {\r\n            \"id\":
        \"/subscriptions/00000000-0000-0000-0000-000000000000/resourceGroups/cli_test_ag_trusted_client_cert000001/providers/Microsoft.Network/applicationGateways/gateway/backendHttpSettingsCollection/appGatewayBackendHttpSettings\"\r\n
        \         }\r\n        },\r\n        \"type\": \"Microsoft.Network/applicationGateways/requestRoutingRules\"\r\n
        \     }\r\n    ],\r\n    \"probes\": [],\r\n    \"rewriteRuleSets\": [],\r\n
        \   \"redirectConfigurations\": [],\r\n    \"privateLinkConfigurations\":
        [],\r\n    \"privateEndpointConnections\": []\r\n  }\r\n}"
    headers:
      cache-control:
      - no-cache
      content-length:
      - '11556'
      content-type:
      - application/json; charset=utf-8
      date:
      - Tue, 02 Feb 2021 10:03:41 GMT
      etag:
      - W/"4ec11414-b283-4bda-84b2-64e429b74a65"
      expires:
      - '-1'
      pragma:
      - no-cache
      server:
      - Microsoft-HTTPAPI/2.0
      - Microsoft-HTTPAPI/2.0
      strict-transport-security:
      - max-age=31536000; includeSubDomains
      transfer-encoding:
      - chunked
      vary:
      - Accept-Encoding
      x-content-type-options:
      - nosniff
      x-ms-arm-service-request-id:
      - dd68795d-5b48-4149-bc6f-e3b755738ade
    status:
      code: 200
      message: OK
version: 1
