interactions:
- request:
    body: null
    headers:
      Accept:
      - application/json
      Accept-Encoding:
      - gzip, deflate
      CommandName:
      - cosmosdb create
      Connection:
      - keep-alive
      ParameterSetName:
      - -n -g
      User-Agent:
      - python/3.7.4 (Windows-10-10.0.19041-SP0) msrest/0.6.21 msrest_azure/0.6.3
        azure-mgmt-resource/12.0.0 Azure-SDK-For-Python AZURECLI/2.21.0
      accept-language:
      - en-US
    method: GET
    uri: https://management.azure.com/subscriptions/00000000-0000-0000-0000-000000000000/resourcegroups/cli_test_cosmosdb_plr000001?api-version=2020-10-01
  response:
    body:
      string: '{"id":"/subscriptions/00000000-0000-0000-0000-000000000000/resourceGroups/cli_test_cosmosdb_plr000001","name":"cli_test_cosmosdb_plr000001","type":"Microsoft.Resources/resourceGroups","location":"westus","tags":{"product":"azurecli","cause":"automation","date":"2021-04-08T08:00:50Z"},"properties":{"provisioningState":"Succeeded"}}'
    headers:
      cache-control:
      - no-cache
      content-length:
      - '428'
      content-type:
      - application/json; charset=utf-8
      date:
      - Thu, 08 Apr 2021 08:00:52 GMT
      expires:
      - '-1'
      pragma:
      - no-cache
      strict-transport-security:
      - max-age=31536000; includeSubDomains
      vary:
      - Accept-Encoding
      x-content-type-options:
      - nosniff
    status:
      code: 200
      message: OK
- request:
    body: '{"location": "westus", "kind": "GlobalDocumentDB", "properties": {"locations":
      [{"locationName": "westus", "failoverPriority": 0, "isZoneRedundant": false}],
      "databaseAccountOfferType": "Standard", "apiProperties": {}}}'
    headers:
      Accept:
      - application/json
      Accept-Encoding:
      - gzip, deflate
      CommandName:
      - cosmosdb create
      Connection:
      - keep-alive
      Content-Length:
      - '219'
      Content-Type:
      - application/json; charset=utf-8
      ParameterSetName:
      - -n -g
      User-Agent:
      - python/3.7.4 (Windows-10-10.0.19041-SP0) msrest/0.6.21 msrest_azure/0.6.3
        azure-mgmt-cosmosdb/3.1.0 Azure-SDK-For-Python AZURECLI/2.21.0
      accept-language:
      - en-US
    method: PUT
    uri: https://management.azure.com/subscriptions/00000000-0000-0000-0000-000000000000/resourceGroups/cli_test_cosmosdb_plr000001/providers/Microsoft.DocumentDB/databaseAccounts/cli-test-cosmosdb-plr-000002?api-version=2021-03-15
  response:
    body:
      string: '{"id":"/subscriptions/00000000-0000-0000-0000-000000000000/resourceGroups/cli_test_cosmosdb_plr000001/providers/Microsoft.DocumentDB/databaseAccounts/cli-test-cosmosdb-plr-000002","name":"cli-test-cosmosdb-plr-000002","location":"West
        US","type":"Microsoft.DocumentDB/databaseAccounts","kind":"GlobalDocumentDB","tags":{},"systemData":{"createdAt":"2021-04-08T08:00:59.6152256Z"},"properties":{"provisioningState":"Creating","publicNetworkAccess":"Enabled","enableAutomaticFailover":false,"enableMultipleWriteLocations":false,"enablePartitionKeyMonitor":false,"isVirtualNetworkFilterEnabled":false,"virtualNetworkRules":[],"EnabledApiTypes":"Sql","disableKeyBasedMetadataWriteAccess":false,"enableFreeTier":false,"enableAnalyticalStorage":false,"instanceId":"4d3d0357-5014-4899-9636-b13f11fee903","createMode":"Default","databaseAccountOfferType":"Standard","defaultIdentity":"","networkAclBypass":"None","consistencyPolicy":{"defaultConsistencyLevel":"Session","maxIntervalInSeconds":5,"maxStalenessPrefix":100},"configurationOverrides":{},"writeLocations":[{"id":"cli-test-cosmosdb-plr-000002-westus","locationName":"West
        US","provisioningState":"Creating","failoverPriority":0,"isZoneRedundant":false}],"readLocations":[{"id":"cli-test-cosmosdb-plr-000002-westus","locationName":"West
        US","provisioningState":"Creating","failoverPriority":0,"isZoneRedundant":false}],"locations":[{"id":"cli-test-cosmosdb-plr-000002-westus","locationName":"West
        US","provisioningState":"Creating","failoverPriority":0,"isZoneRedundant":false}],"failoverPolicies":[{"id":"cli-test-cosmosdb-plr-000002-westus","locationName":"West
        US","failoverPriority":0}],"cors":[],"capabilities":[],"ipRules":[],"backupPolicy":{"type":"Periodic","periodicModeProperties":{"backupIntervalInMinutes":240,"backupRetentionIntervalInHours":8,"backupStorageRedundancy":"Geo"}},"networkAclBypassResourceIds":[]},"identity":{"type":"None"}}'
    headers:
      azure-asyncoperation:
      - https://management.azure.com/subscriptions/00000000-0000-0000-0000-000000000000/providers/Microsoft.DocumentDB/locations/westus/operationsStatus/0cb12c08-39dd-4cfc-8f95-6a577bdf922c?api-version=2021-03-15
      cache-control:
      - no-store, no-cache
      content-length:
      - '1951'
      content-type:
      - application/json
      date:
      - Thu, 08 Apr 2021 08:01:02 GMT
      location:
      - https://management.azure.com/subscriptions/00000000-0000-0000-0000-000000000000/resourceGroups/cli_test_cosmosdb_plr000001/providers/Microsoft.DocumentDB/databaseAccounts/cli-test-cosmosdb-plr-000002/operationResults/0cb12c08-39dd-4cfc-8f95-6a577bdf922c?api-version=2021-03-15
      pragma:
      - no-cache
      server:
      - Microsoft-HTTPAPI/2.0
      strict-transport-security:
      - max-age=31536000; includeSubDomains
      transfer-encoding:
      - chunked
      vary:
      - Accept-Encoding
      x-content-type-options:
      - nosniff
      x-ms-gatewayversion:
      - version=2.11.0
      x-ms-ratelimit-remaining-subscription-writes:
      - '1199'
    status:
      code: 200
      message: Ok
- request:
    body: null
    headers:
      Accept:
      - application/json
      Accept-Encoding:
      - gzip, deflate
      CommandName:
      - cosmosdb create
      Connection:
      - keep-alive
      ParameterSetName:
      - -n -g
      User-Agent:
      - python/3.7.4 (Windows-10-10.0.19041-SP0) msrest/0.6.21 msrest_azure/0.6.3
        azure-mgmt-cosmosdb/3.1.0 Azure-SDK-For-Python AZURECLI/2.21.0
    method: GET
    uri: https://management.azure.com/subscriptions/00000000-0000-0000-0000-000000000000/providers/Microsoft.DocumentDB/locations/westus/operationsStatus/0cb12c08-39dd-4cfc-8f95-6a577bdf922c?api-version=2021-03-15
  response:
    body:
      string: '{"status":"Dequeued"}'
    headers:
      cache-control:
      - no-store, no-cache
      content-length:
      - '21'
      content-type:
      - application/json
      date:
      - Thu, 08 Apr 2021 08:01:33 GMT
      pragma:
      - no-cache
      server:
      - Microsoft-HTTPAPI/2.0
      strict-transport-security:
      - max-age=31536000; includeSubDomains
      transfer-encoding:
      - chunked
      vary:
      - Accept-Encoding
      x-content-type-options:
      - nosniff
      x-ms-gatewayversion:
      - version=2.11.0
    status:
      code: 200
      message: Ok
- request:
    body: null
    headers:
      Accept:
      - application/json
      Accept-Encoding:
      - gzip, deflate
      CommandName:
      - cosmosdb create
      Connection:
      - keep-alive
      ParameterSetName:
      - -n -g
      User-Agent:
      - python/3.7.4 (Windows-10-10.0.19041-SP0) msrest/0.6.21 msrest_azure/0.6.3
        azure-mgmt-cosmosdb/3.1.0 Azure-SDK-For-Python AZURECLI/2.21.0
    method: GET
    uri: https://management.azure.com/subscriptions/00000000-0000-0000-0000-000000000000/providers/Microsoft.DocumentDB/locations/westus/operationsStatus/0cb12c08-39dd-4cfc-8f95-6a577bdf922c?api-version=2021-03-15
  response:
    body:
      string: '{"status":"Dequeued"}'
    headers:
      cache-control:
      - no-store, no-cache
      content-length:
      - '21'
      content-type:
      - application/json
      date:
      - Thu, 08 Apr 2021 08:02:03 GMT
      pragma:
      - no-cache
      server:
      - Microsoft-HTTPAPI/2.0
      strict-transport-security:
      - max-age=31536000; includeSubDomains
      transfer-encoding:
      - chunked
      vary:
      - Accept-Encoding
      x-content-type-options:
      - nosniff
      x-ms-gatewayversion:
      - version=2.11.0
    status:
      code: 200
      message: Ok
- request:
    body: null
    headers:
      Accept:
      - application/json
      Accept-Encoding:
      - gzip, deflate
      CommandName:
      - cosmosdb create
      Connection:
      - keep-alive
      ParameterSetName:
      - -n -g
      User-Agent:
      - python/3.7.4 (Windows-10-10.0.19041-SP0) msrest/0.6.21 msrest_azure/0.6.3
        azure-mgmt-cosmosdb/3.1.0 Azure-SDK-For-Python AZURECLI/2.21.0
    method: GET
    uri: https://management.azure.com/subscriptions/00000000-0000-0000-0000-000000000000/providers/Microsoft.DocumentDB/locations/westus/operationsStatus/0cb12c08-39dd-4cfc-8f95-6a577bdf922c?api-version=2021-03-15
  response:
    body:
      string: '{"status":"Succeeded"}'
    headers:
      cache-control:
      - no-store, no-cache
      content-length:
      - '22'
      content-type:
      - application/json
      date:
      - Thu, 08 Apr 2021 08:02:34 GMT
      pragma:
      - no-cache
      server:
      - Microsoft-HTTPAPI/2.0
      strict-transport-security:
      - max-age=31536000; includeSubDomains
      transfer-encoding:
      - chunked
      vary:
      - Accept-Encoding
      x-content-type-options:
      - nosniff
      x-ms-gatewayversion:
      - version=2.11.0
    status:
      code: 200
      message: Ok
- request:
    body: null
    headers:
      Accept:
      - application/json
      Accept-Encoding:
      - gzip, deflate
      CommandName:
      - cosmosdb create
      Connection:
      - keep-alive
      ParameterSetName:
      - -n -g
      User-Agent:
      - python/3.7.4 (Windows-10-10.0.19041-SP0) msrest/0.6.21 msrest_azure/0.6.3
        azure-mgmt-cosmosdb/3.1.0 Azure-SDK-For-Python AZURECLI/2.21.0
    method: GET
    uri: https://management.azure.com/subscriptions/00000000-0000-0000-0000-000000000000/resourceGroups/cli_test_cosmosdb_plr000001/providers/Microsoft.DocumentDB/databaseAccounts/cli-test-cosmosdb-plr-000002?api-version=2021-03-15
  response:
    body:
      string: '{"id":"/subscriptions/00000000-0000-0000-0000-000000000000/resourceGroups/cli_test_cosmosdb_plr000001/providers/Microsoft.DocumentDB/databaseAccounts/cli-test-cosmosdb-plr-000002","name":"cli-test-cosmosdb-plr-000002","location":"West
        US","type":"Microsoft.DocumentDB/databaseAccounts","kind":"GlobalDocumentDB","tags":{},"systemData":{"createdAt":"2021-04-08T08:02:00.6157541Z"},"properties":{"provisioningState":"Succeeded","documentEndpoint":"https://cli-test-cosmosdb-plr-000002.documents.azure.com:443/","publicNetworkAccess":"Enabled","enableAutomaticFailover":false,"enableMultipleWriteLocations":false,"enablePartitionKeyMonitor":false,"isVirtualNetworkFilterEnabled":false,"virtualNetworkRules":[],"EnabledApiTypes":"Sql","disableKeyBasedMetadataWriteAccess":false,"enableFreeTier":false,"enableAnalyticalStorage":false,"instanceId":"4d3d0357-5014-4899-9636-b13f11fee903","createMode":"Default","databaseAccountOfferType":"Standard","defaultIdentity":"FirstPartyIdentity","networkAclBypass":"None","consistencyPolicy":{"defaultConsistencyLevel":"Session","maxIntervalInSeconds":5,"maxStalenessPrefix":100},"configurationOverrides":{},"writeLocations":[{"id":"cli-test-cosmosdb-plr-000002-westus","locationName":"West
        US","documentEndpoint":"https://cli-test-cosmosdb-plr-000002-westus.documents.azure.com:443/","provisioningState":"Succeeded","failoverPriority":0,"isZoneRedundant":false}],"readLocations":[{"id":"cli-test-cosmosdb-plr-000002-westus","locationName":"West
        US","documentEndpoint":"https://cli-test-cosmosdb-plr-000002-westus.documents.azure.com:443/","provisioningState":"Succeeded","failoverPriority":0,"isZoneRedundant":false}],"locations":[{"id":"cli-test-cosmosdb-plr-000002-westus","locationName":"West
        US","documentEndpoint":"https://cli-test-cosmosdb-plr-000002-westus.documents.azure.com:443/","provisioningState":"Succeeded","failoverPriority":0,"isZoneRedundant":false}],"failoverPolicies":[{"id":"cli-test-cosmosdb-plr-000002-westus","locationName":"West
        US","failoverPriority":0}],"cors":[],"capabilities":[],"ipRules":[],"backupPolicy":{"type":"Periodic","periodicModeProperties":{"backupIntervalInMinutes":240,"backupRetentionIntervalInHours":8,"backupStorageRedundancy":"Geo"}},"networkAclBypassResourceIds":[]},"identity":{"type":"None"}}'
    headers:
      cache-control:
      - no-store, no-cache
      content-length:
      - '2326'
      content-type:
      - application/json
      date:
      - Thu, 08 Apr 2021 08:02:34 GMT
      pragma:
      - no-cache
      server:
      - Microsoft-HTTPAPI/2.0
      strict-transport-security:
      - max-age=31536000; includeSubDomains
      transfer-encoding:
      - chunked
      vary:
      - Accept-Encoding
      x-content-type-options:
      - nosniff
      x-ms-gatewayversion:
      - version=2.11.0
    status:
      code: 200
      message: Ok
- request:
    body: null
    headers:
      Accept:
      - application/json
      Accept-Encoding:
      - gzip, deflate
      CommandName:
      - cosmosdb create
      Connection:
      - keep-alive
      ParameterSetName:
      - -n -g
      User-Agent:
      - python/3.7.4 (Windows-10-10.0.19041-SP0) msrest/0.6.21 msrest_azure/0.6.3
        azure-mgmt-cosmosdb/3.1.0 Azure-SDK-For-Python AZURECLI/2.21.0
      accept-language:
      - en-US
    method: GET
    uri: https://management.azure.com/subscriptions/00000000-0000-0000-0000-000000000000/resourceGroups/cli_test_cosmosdb_plr000001/providers/Microsoft.DocumentDB/databaseAccounts/cli-test-cosmosdb-plr-000002?api-version=2021-03-15
  response:
    body:
      string: '{"id":"/subscriptions/00000000-0000-0000-0000-000000000000/resourceGroups/cli_test_cosmosdb_plr000001/providers/Microsoft.DocumentDB/databaseAccounts/cli-test-cosmosdb-plr-000002","name":"cli-test-cosmosdb-plr-000002","location":"West
        US","type":"Microsoft.DocumentDB/databaseAccounts","kind":"GlobalDocumentDB","tags":{},"systemData":{"createdAt":"2021-04-08T08:02:00.6157541Z"},"properties":{"provisioningState":"Succeeded","documentEndpoint":"https://cli-test-cosmosdb-plr-000002.documents.azure.com:443/","publicNetworkAccess":"Enabled","enableAutomaticFailover":false,"enableMultipleWriteLocations":false,"enablePartitionKeyMonitor":false,"isVirtualNetworkFilterEnabled":false,"virtualNetworkRules":[],"EnabledApiTypes":"Sql","disableKeyBasedMetadataWriteAccess":false,"enableFreeTier":false,"enableAnalyticalStorage":false,"instanceId":"4d3d0357-5014-4899-9636-b13f11fee903","createMode":"Default","databaseAccountOfferType":"Standard","defaultIdentity":"FirstPartyIdentity","networkAclBypass":"None","consistencyPolicy":{"defaultConsistencyLevel":"Session","maxIntervalInSeconds":5,"maxStalenessPrefix":100},"configurationOverrides":{},"writeLocations":[{"id":"cli-test-cosmosdb-plr-000002-westus","locationName":"West
        US","documentEndpoint":"https://cli-test-cosmosdb-plr-000002-westus.documents.azure.com:443/","provisioningState":"Succeeded","failoverPriority":0,"isZoneRedundant":false}],"readLocations":[{"id":"cli-test-cosmosdb-plr-000002-westus","locationName":"West
        US","documentEndpoint":"https://cli-test-cosmosdb-plr-000002-westus.documents.azure.com:443/","provisioningState":"Succeeded","failoverPriority":0,"isZoneRedundant":false}],"locations":[{"id":"cli-test-cosmosdb-plr-000002-westus","locationName":"West
        US","documentEndpoint":"https://cli-test-cosmosdb-plr-000002-westus.documents.azure.com:443/","provisioningState":"Succeeded","failoverPriority":0,"isZoneRedundant":false}],"failoverPolicies":[{"id":"cli-test-cosmosdb-plr-000002-westus","locationName":"West
        US","failoverPriority":0}],"cors":[],"capabilities":[],"ipRules":[],"backupPolicy":{"type":"Periodic","periodicModeProperties":{"backupIntervalInMinutes":240,"backupRetentionIntervalInHours":8,"backupStorageRedundancy":"Geo"}},"networkAclBypassResourceIds":[]},"identity":{"type":"None"}}'
    headers:
      cache-control:
      - no-store, no-cache
      content-length:
      - '2326'
      content-type:
      - application/json
      date:
      - Thu, 08 Apr 2021 08:02:36 GMT
      pragma:
      - no-cache
      server:
      - Microsoft-HTTPAPI/2.0
      strict-transport-security:
      - max-age=31536000; includeSubDomains
      transfer-encoding:
      - chunked
      vary:
      - Accept-Encoding
      x-content-type-options:
      - nosniff
      x-ms-gatewayversion:
      - version=2.11.0
    status:
      code: 200
      message: Ok
- request:
    body: null
    headers:
      Accept:
      - '*/*'
      Accept-Encoding:
      - gzip, deflate
      CommandName:
      - network private-link-resource list
      Connection:
      - keep-alive
      ParameterSetName:
      - --name --resource-group --type
      User-Agent:
      - python/3.7.4 (Windows-10-10.0.19041-SP0) AZURECLI/2.21.0
    method: GET
    uri: https://management.azure.com/subscriptions/00000000-0000-0000-0000-000000000000/resourceGroups/cli_test_cosmosdb_plr000001/providers/Microsoft.DocumentDB/databaseAccounts/cli-test-cosmosdb-plr-000002/privateLinkResources?api-version=2019-08-01-preview
  response:
    body:
      string: '{"value":[{"id":"/subscriptions/00000000-0000-0000-0000-000000000000/resourceGroups/cli_test_cosmosdb_plr000001/providers/Microsoft.DocumentDB/databaseAccounts/cli-test-cosmosdb-plr-000002/privateLinkResources/Sql","name":"Sql","type":"Microsoft.DocumentDB/databaseAccounts/privateLinkResources","properties":{"groupId":"Sql","requiredMembers":["cli-test-cosmosdb-plr-000002-westus","cli-test-cosmosdb-plr-000002"],"requiredZoneNames":["privatelink.documents.azure.com"]}}]}'
    headers:
      cache-control:
      - no-store, no-cache
      content-length:
      - '522'
      content-type:
      - application/json
      date:
      - Thu, 08 Apr 2021 08:02:37 GMT
      pragma:
      - no-cache
      server:
      - Microsoft-HTTPAPI/2.0
      strict-transport-security:
      - max-age=31536000; includeSubDomains
      transfer-encoding:
      - chunked
      vary:
      - Accept-Encoding
      x-content-type-options:
      - nosniff
      x-ms-gatewayversion:
      - version=2.11.0
    status:
      code: 200
      message: Ok
version: 1
