interactions:
- request:
    body: null
    headers:
      Accept:
      - application/json
      Accept-Encoding:
      - gzip, deflate
      CommandName:
      - network application-gateway create
      Connection:
      - keep-alive
      ParameterSetName:
      - -g -n --no-wait
      User-Agent:
      - python/3.7.4 (Linux-4.15.0-112-generic-x86_64-with-debian-buster-sid) msrest/0.6.18
        msrest_azure/0.6.3 azure-mgmt-resource/10.2.0 Azure-SDK-For-Python AZURECLI/2.14.0
      accept-language:
      - en-US
    method: GET
    uri: https://management.azure.com/subscriptions/00000000-0000-0000-0000-000000000000/resourcegroups/cli_test_ag_auth_cert000001?api-version=2020-06-01
  response:
    body:
      string: '{"id":"/subscriptions/00000000-0000-0000-0000-000000000000/resourceGroups/cli_test_ag_auth_cert000001","name":"cli_test_ag_auth_cert000001","type":"Microsoft.Resources/resourceGroups","location":"westus","tags":{"product":"azurecli","cause":"automation","date":"2020-11-04T03:53:29Z"},"properties":{"provisioningState":"Succeeded"}}'
    headers:
      cache-control:
      - no-cache
      content-length:
      - '428'
      content-type:
      - application/json; charset=utf-8
      date:
      - Wed, 04 Nov 2020 03:53:32 GMT
      expires:
      - '-1'
      pragma:
      - no-cache
      strict-transport-security:
      - max-age=31536000; includeSubDomains
      vary:
      - Accept-Encoding
      x-content-type-options:
      - nosniff
    status:
      code: 200
      message: OK
- request:
    body: null
    headers:
      Accept:
      - application/json
      Accept-Encoding:
      - gzip, deflate
      CommandName:
      - network application-gateway create
      Connection:
      - keep-alive
      ParameterSetName:
      - -g -n --no-wait
      User-Agent:
      - python/3.7.4 (Linux-4.15.0-112-generic-x86_64-with-debian-buster-sid) msrest/0.6.18
        msrest_azure/0.6.3 azure-mgmt-resource/10.2.0 Azure-SDK-For-Python AZURECLI/2.14.0
      accept-language:
      - en-US
    method: GET
    uri: https://management.azure.com/subscriptions/00000000-0000-0000-0000-000000000000/resources?$filter=resourceGroup%20eq%20%27cli_test_ag_auth_cert000001%27%20and%20name%20eq%20%27None%27%20and%20resourceType%20eq%20%27Microsoft.Network%2FvirtualNetworks%27&api-version=2020-06-01
  response:
    body:
      string: '{"value":[]}'
    headers:
      cache-control:
      - no-cache
      content-length:
      - '12'
      content-type:
      - application/json; charset=utf-8
      date:
      - Wed, 04 Nov 2020 03:53:33 GMT
      expires:
      - '-1'
      pragma:
      - no-cache
      strict-transport-security:
      - max-age=31536000; includeSubDomains
      vary:
      - Accept-Encoding
      x-content-type-options:
      - nosniff
    status:
      code: 200
      message: OK
- request:
    body: '{"properties": {"template": {"$schema": "https://schema.management.azure.com/schemas/2015-01-01/deploymentTemplate.json#",
      "contentVersion": "1.0.0.0", "parameters": {}, "variables": {"appGwID": "[resourceId(''Microsoft.Network/applicationGateways'',
      ''ag1'')]"}, "resources": [{"name": "ag1Vnet", "type": "Microsoft.Network/virtualNetworks",
      "location": "westus", "apiVersion": "2015-06-15", "dependsOn": [], "tags": {},
      "properties": {"addressSpace": {"addressPrefixes": ["10.0.0.0/16"]}, "subnets":
      [{"name": "default", "properties": {"addressPrefix": "10.0.0.0/24"}}]}}, {"type":
      "Microsoft.Network/applicationGateways", "name": "ag1", "location": "westus",
      "tags": {}, "apiVersion": "2020-06-01", "dependsOn": ["Microsoft.Network/virtualNetworks/ag1Vnet"],
      "properties": {"backendAddressPools": [{"name": "appGatewayBackendPool"}], "backendHttpSettingsCollection":
      [{"name": "appGatewayBackendHttpSettings", "properties": {"Port": 80, "Protocol":
      "Http", "CookieBasedAffinity": "disabled", "connectionDraining": {"enabled":
      false, "drainTimeoutInSec": 1}}}], "frontendIPConfigurations": [{"name": "appGatewayPrivateFrontendIP",
      "properties": {"privateIPAllocationMethod": "Dynamic", "privateIPAddress": "",
      "subnet": {"id": "/subscriptions/00000000-0000-0000-0000-000000000000/resourceGroups/cli_test_ag_auth_cert000001/providers/Microsoft.Network/virtualNetworks/ag1Vnet/subnets/default"}}}],
      "frontendPorts": [{"name": "appGatewayFrontendPort", "properties": {"Port":
      80}}], "gatewayIPConfigurations": [{"name": "appGatewayPrivateFrontendIP", "properties":
      {"subnet": {"id": "/subscriptions/00000000-0000-0000-0000-000000000000/resourceGroups/cli_test_ag_auth_cert000001/providers/Microsoft.Network/virtualNetworks/ag1Vnet/subnets/default"}}}],
      "httpListeners": [{"name": "appGatewayHttpListener", "properties": {"FrontendIpConfiguration":
      {"Id": "[concat(variables(''appGwID''), ''/frontendIPConfigurations/appGatewayPrivateFrontendIP'')]"},
      "FrontendPort": {"Id": "[concat(variables(''appGwID''), ''/frontendPorts/appGatewayFrontendPort'')]"},
      "Protocol": "http", "SslCertificate": null}}], "sku": {"name": "Standard_Medium",
      "tier": "Standard", "capacity": 2}, "requestRoutingRules": [{"Name": "rule1",
      "properties": {"RuleType": "Basic", "httpListener": {"id": "[concat(variables(''appGwID''),
      ''/httpListeners/appGatewayHttpListener'')]"}, "backendAddressPool": {"id":
      "[concat(variables(''appGwID''), ''/backendAddressPools/appGatewayBackendPool'')]"},
      "backendHttpSettings": {"id": "[concat(variables(''appGwID''), ''/backendHttpSettingsCollection/appGatewayBackendHttpSettings'')]"}}}],
      "privateLinkConfigurations": []}, "zones": null}], "outputs": {"applicationGateway":
      {"type": "object", "value": "[reference(''ag1'')]"}}}, "parameters": {}, "mode":
      "Incremental"}}'
    headers:
      Accept:
      - application/json
      Accept-Encoding:
      - gzip, deflate
      CommandName:
      - network application-gateway create
      Connection:
      - keep-alive
      Content-Length:
      - '2853'
      Content-Type:
      - application/json; charset=utf-8
      ParameterSetName:
      - -g -n --no-wait
      User-Agent:
      - python/3.7.4 (Linux-4.15.0-112-generic-x86_64-with-debian-buster-sid) msrest/0.6.18
        msrest_azure/0.6.3 azure-mgmt-resource/10.2.0 Azure-SDK-For-Python AZURECLI/2.14.0
      accept-language:
      - en-US
    method: PUT
    uri: https://management.azure.com/subscriptions/00000000-0000-0000-0000-000000000000/resourcegroups/cli_test_ag_auth_cert000001/providers/Microsoft.Resources/deployments/mock-deployment?api-version=2020-06-01
  response:
    body:
      string: '{"id":"/subscriptions/00000000-0000-0000-0000-000000000000/resourceGroups/cli_test_ag_auth_cert000001/providers/Microsoft.Resources/deployments/ag_deploy_SitoJvo51dcyuZvonAmeIpwJ2zagTTyF","name":"ag_deploy_SitoJvo51dcyuZvonAmeIpwJ2zagTTyF","type":"Microsoft.Resources/deployments","properties":{"templateHash":"15443987580133564530","parameters":{},"mode":"Incremental","provisioningState":"Accepted","timestamp":"2020-11-04T03:53:37.2730977Z","duration":"PT2.0816092S","correlationId":"84df205e-38e5-4aea-8640-fa9999b372d8","providers":[{"namespace":"Microsoft.Network","resourceTypes":[{"resourceType":"virtualNetworks","locations":["westus"]},{"resourceType":"applicationGateways","locations":["westus"]}]}],"dependencies":[{"dependsOn":[{"id":"/subscriptions/00000000-0000-0000-0000-000000000000/resourceGroups/cli_test_ag_auth_cert000001/providers/Microsoft.Network/virtualNetworks/ag1Vnet","resourceType":"Microsoft.Network/virtualNetworks","resourceName":"ag1Vnet"}],"id":"/subscriptions/00000000-0000-0000-0000-000000000000/resourceGroups/cli_test_ag_auth_cert000001/providers/Microsoft.Network/applicationGateways/ag1","resourceType":"Microsoft.Network/applicationGateways","resourceName":"ag1"}]}}'
    headers:
      azure-asyncoperation:
      - https://management.azure.com/subscriptions/00000000-0000-0000-0000-000000000000/resourcegroups/cli_test_ag_auth_cert000001/providers/Microsoft.Resources/deployments/ag_deploy_SitoJvo51dcyuZvonAmeIpwJ2zagTTyF/operationStatuses/08585971448702861408?api-version=2020-06-01
      cache-control:
      - no-cache
      content-length:
      - '1351'
      content-type:
      - application/json; charset=utf-8
      date:
      - Wed, 04 Nov 2020 03:53:37 GMT
      expires:
      - '-1'
      pragma:
      - no-cache
      strict-transport-security:
      - max-age=31536000; includeSubDomains
      x-content-type-options:
      - nosniff
      x-ms-ratelimit-remaining-subscription-writes:
      - '1197'
    status:
      code: 201
      message: Created
- request:
    body: null
    headers:
      Accept:
      - application/json
      Accept-Encoding:
      - gzip, deflate
      CommandName:
      - network application-gateway wait
      Connection:
      - keep-alive
      ParameterSetName:
      - -g -n --exists
      User-Agent:
      - python/3.7.4 (Linux-4.15.0-112-generic-x86_64-with-debian-buster-sid) msrest/0.6.18
        msrest_azure/0.6.3 azure-mgmt-network/12.0.0 Azure-SDK-For-Python AZURECLI/2.14.0
      accept-language:
      - en-US
    method: GET
    uri: https://management.azure.com/subscriptions/00000000-0000-0000-0000-000000000000/resourceGroups/cli_test_ag_auth_cert000001/providers/Microsoft.Network/applicationGateways/ag1?api-version=2020-06-01
  response:
    body:
      string: '{"error":{"code":"ResourceNotFound","message":"The Resource ''Microsoft.Network/applicationGateways/ag1''
        under resource group ''cli_test_ag_auth_cert000001'' was not found. For more
        details please go to https://aka.ms/ARMResourceNotFoundFix"}}'
    headers:
      cache-control:
      - no-cache
      content-length:
      - '288'
      content-type:
      - application/json; charset=utf-8
      date:
      - Wed, 04 Nov 2020 03:53:38 GMT
      expires:
      - '-1'
      pragma:
      - no-cache
      strict-transport-security:
      - max-age=31536000; includeSubDomains
      x-content-type-options:
      - nosniff
      x-ms-failure-cause:
      - gateway
    status:
      code: 404
      message: Not Found
- request:
    body: null
    headers:
      Accept:
      - application/json
      Accept-Encoding:
      - gzip, deflate
      CommandName:
      - network application-gateway wait
      Connection:
      - keep-alive
      ParameterSetName:
      - -g -n --exists
      User-Agent:
      - python/3.7.4 (Linux-4.15.0-112-generic-x86_64-with-debian-buster-sid) msrest/0.6.18
        msrest_azure/0.6.3 azure-mgmt-network/12.0.0 Azure-SDK-For-Python AZURECLI/2.14.0
      accept-language:
      - en-US
    method: GET
    uri: https://management.azure.com/subscriptions/00000000-0000-0000-0000-000000000000/resourceGroups/cli_test_ag_auth_cert000001/providers/Microsoft.Network/applicationGateways/ag1?api-version=2020-06-01
  response:
    body:
      string: "{\r\n  \"name\": \"ag1\",\r\n  \"id\": \"/subscriptions/00000000-0000-0000-0000-000000000000/resourceGroups/cli_test_ag_auth_cert000001/providers/Microsoft.Network/applicationGateways/ag1\"\
        ,\r\n  \"etag\": \"W/\\\"ac7e5c5d-e73e-4ee8-8aa6-2ad24fa18149\\\"\",\r\n \
        \ \"type\": \"Microsoft.Network/applicationGateways\",\r\n  \"location\":\
        \ \"westus\",\r\n  \"tags\": {},\r\n  \"properties\": {\r\n    \"provisioningState\"\
        : \"Updating\",\r\n    \"resourceGuid\": \"2b736747-1bb1-49bf-87eb-0240454ea697\"\
        ,\r\n    \"sku\": {\r\n      \"name\": \"Standard_Medium\",\r\n      \"tier\"\
        : \"Standard\",\r\n      \"capacity\": 2\r\n    },\r\n    \"operationalState\"\
        : \"Stopped\",\r\n    \"gatewayIPConfigurations\": [\r\n      {\r\n      \
        \  \"name\": \"appGatewayPrivateFrontendIP\",\r\n        \"id\": \"/subscriptions/00000000-0000-0000-0000-000000000000/resourceGroups/cli_test_ag_auth_cert000001/providers/Microsoft.Network/applicationGateways/ag1/gatewayIPConfigurations/appGatewayPrivateFrontendIP\"\
        ,\r\n        \"etag\": \"W/\\\"ac7e5c5d-e73e-4ee8-8aa6-2ad24fa18149\\\"\"\
        ,\r\n        \"properties\": {\r\n          \"provisioningState\": \"Updating\"\
        ,\r\n          \"subnet\": {\r\n            \"id\": \"/subscriptions/00000000-0000-0000-0000-000000000000/resourceGroups/cli_test_ag_auth_cert000001/providers/Microsoft.Network/virtualNetworks/ag1Vnet/subnets/default\"\
        \r\n          }\r\n        },\r\n        \"type\": \"Microsoft.Network/applicationGateways/gatewayIPConfigurations\"\
        \r\n      }\r\n    ],\r\n    \"sslCertificates\": [],\r\n    \"authenticationCertificates\"\
        : [],\r\n    \"frontendIPConfigurations\": [\r\n      {\r\n        \"name\"\
        : \"appGatewayPrivateFrontendIP\",\r\n        \"id\": \"/subscriptions/00000000-0000-0000-0000-000000000000/resourceGroups/cli_test_ag_auth_cert000001/providers/Microsoft.Network/applicationGateways/ag1/frontendIPConfigurations/appGatewayPrivateFrontendIP\"\
        ,\r\n        \"etag\": \"W/\\\"ac7e5c5d-e73e-4ee8-8aa6-2ad24fa18149\\\"\"\
        ,\r\n        \"type\": \"Microsoft.Network/applicationGateways/frontendIPConfigurations\"\
        ,\r\n        \"properties\": {\r\n          \"provisioningState\": \"Updating\"\
        ,\r\n          \"privateIPAllocationMethod\": \"Dynamic\",\r\n          \"\
        subnet\": {\r\n            \"id\": \"/subscriptions/00000000-0000-0000-0000-000000000000/resourceGroups/cli_test_ag_auth_cert000001/providers/Microsoft.Network/virtualNetworks/ag1Vnet/subnets/default\"\
        \r\n          },\r\n          \"httpListeners\": [\r\n            {\r\n  \
        \            \"id\": \"/subscriptions/00000000-0000-0000-0000-000000000000/resourceGroups/cli_test_ag_auth_cert000001/providers/Microsoft.Network/applicationGateways/ag1/httpListeners/appGatewayHttpListener\"\
        \r\n            }\r\n          ]\r\n        }\r\n      }\r\n    ],\r\n   \
        \ \"frontendPorts\": [\r\n      {\r\n        \"name\": \"appGatewayFrontendPort\"\
        ,\r\n        \"id\": \"/subscriptions/00000000-0000-0000-0000-000000000000/resourceGroups/cli_test_ag_auth_cert000001/providers/Microsoft.Network/applicationGateways/ag1/frontendPorts/appGatewayFrontendPort\"\
        ,\r\n        \"etag\": \"W/\\\"ac7e5c5d-e73e-4ee8-8aa6-2ad24fa18149\\\"\"\
        ,\r\n        \"properties\": {\r\n          \"provisioningState\": \"Updating\"\
        ,\r\n          \"port\": 80,\r\n          \"httpListeners\": [\r\n       \
        \     {\r\n              \"id\": \"/subscriptions/00000000-0000-0000-0000-000000000000/resourceGroups/cli_test_ag_auth_cert000001/providers/Microsoft.Network/applicationGateways/ag1/httpListeners/appGatewayHttpListener\"\
        \r\n            }\r\n          ]\r\n        },\r\n        \"type\": \"Microsoft.Network/applicationGateways/frontendPorts\"\
        \r\n      }\r\n    ],\r\n    \"backendAddressPools\": [\r\n      {\r\n   \
        \     \"name\": \"appGatewayBackendPool\",\r\n        \"id\": \"/subscriptions/00000000-0000-0000-0000-000000000000/resourceGroups/cli_test_ag_auth_cert000001/providers/Microsoft.Network/applicationGateways/ag1/backendAddressPools/appGatewayBackendPool\"\
        ,\r\n        \"etag\": \"W/\\\"ac7e5c5d-e73e-4ee8-8aa6-2ad24fa18149\\\"\"\
        ,\r\n        \"properties\": {\r\n          \"provisioningState\": \"Updating\"\
        ,\r\n          \"backendAddresses\": [],\r\n          \"requestRoutingRules\"\
        : [\r\n            {\r\n              \"id\": \"/subscriptions/00000000-0000-0000-0000-000000000000/resourceGroups/cli_test_ag_auth_cert000001/providers/Microsoft.Network/applicationGateways/ag1/requestRoutingRules/rule1\"\
        \r\n            }\r\n          ]\r\n        },\r\n        \"type\": \"Microsoft.Network/applicationGateways/backendAddressPools\"\
        \r\n      }\r\n    ],\r\n    \"backendHttpSettingsCollection\": [\r\n    \
        \  {\r\n        \"name\": \"appGatewayBackendHttpSettings\",\r\n        \"\
        id\": \"/subscriptions/00000000-0000-0000-0000-000000000000/resourceGroups/cli_test_ag_auth_cert000001/providers/Microsoft.Network/applicationGateways/ag1/backendHttpSettingsCollection/appGatewayBackendHttpSettings\"\
        ,\r\n        \"etag\": \"W/\\\"ac7e5c5d-e73e-4ee8-8aa6-2ad24fa18149\\\"\"\
        ,\r\n        \"properties\": {\r\n          \"provisioningState\": \"Updating\"\
        ,\r\n          \"port\": 80,\r\n          \"protocol\": \"Http\",\r\n    \
        \      \"cookieBasedAffinity\": \"Disabled\",\r\n          \"connectionDraining\"\
        : {\r\n            \"enabled\": false,\r\n            \"drainTimeoutInSec\"\
        : 1\r\n          },\r\n          \"pickHostNameFromBackendAddress\": false,\r\
        \n          \"requestTimeout\": 30,\r\n          \"requestRoutingRules\":\
        \ [\r\n            {\r\n              \"id\": \"/subscriptions/00000000-0000-0000-0000-000000000000/resourceGroups/cli_test_ag_auth_cert000001/providers/Microsoft.Network/applicationGateways/ag1/requestRoutingRules/rule1\"\
        \r\n            }\r\n          ]\r\n        },\r\n        \"type\": \"Microsoft.Network/applicationGateways/backendHttpSettingsCollection\"\
        \r\n      }\r\n    ],\r\n    \"httpListeners\": [\r\n      {\r\n        \"\
        name\": \"appGatewayHttpListener\",\r\n        \"id\": \"/subscriptions/00000000-0000-0000-0000-000000000000/resourceGroups/cli_test_ag_auth_cert000001/providers/Microsoft.Network/applicationGateways/ag1/httpListeners/appGatewayHttpListener\"\
        ,\r\n        \"etag\": \"W/\\\"ac7e5c5d-e73e-4ee8-8aa6-2ad24fa18149\\\"\"\
        ,\r\n        \"properties\": {\r\n          \"provisioningState\": \"Updating\"\
        ,\r\n          \"frontendIPConfiguration\": {\r\n            \"id\": \"/subscriptions/00000000-0000-0000-0000-000000000000/resourceGroups/cli_test_ag_auth_cert000001/providers/Microsoft.Network/applicationGateways/ag1/frontendIPConfigurations/appGatewayPrivateFrontendIP\"\
        \r\n          },\r\n          \"frontendPort\": {\r\n            \"id\": \"\
        /subscriptions/00000000-0000-0000-0000-000000000000/resourceGroups/cli_test_ag_auth_cert000001/providers/Microsoft.Network/applicationGateways/ag1/frontendPorts/appGatewayFrontendPort\"\
        \r\n          },\r\n          \"protocol\": \"Http\",\r\n          \"hostNames\"\
        : [],\r\n          \"requireServerNameIndication\": false,\r\n          \"\
        requestRoutingRules\": [\r\n            {\r\n              \"id\": \"/subscriptions/00000000-0000-0000-0000-000000000000/resourceGroups/cli_test_ag_auth_cert000001/providers/Microsoft.Network/applicationGateways/ag1/requestRoutingRules/rule1\"\
        \r\n            }\r\n          ]\r\n        },\r\n        \"type\": \"Microsoft.Network/applicationGateways/httpListeners\"\
        \r\n      }\r\n    ],\r\n    \"urlPathMaps\": [],\r\n    \"requestRoutingRules\"\
        : [\r\n      {\r\n        \"name\": \"rule1\",\r\n        \"id\": \"/subscriptions/00000000-0000-0000-0000-000000000000/resourceGroups/cli_test_ag_auth_cert000001/providers/Microsoft.Network/applicationGateways/ag1/requestRoutingRules/rule1\"\
        ,\r\n        \"etag\": \"W/\\\"ac7e5c5d-e73e-4ee8-8aa6-2ad24fa18149\\\"\"\
        ,\r\n        \"properties\": {\r\n          \"provisioningState\": \"Updating\"\
        ,\r\n          \"ruleType\": \"Basic\",\r\n          \"httpListener\": {\r\
        \n            \"id\": \"/subscriptions/00000000-0000-0000-0000-000000000000/resourceGroups/cli_test_ag_auth_cert000001/providers/Microsoft.Network/applicationGateways/ag1/httpListeners/appGatewayHttpListener\"\
        \r\n          },\r\n          \"backendAddressPool\": {\r\n            \"\
        id\": \"/subscriptions/00000000-0000-0000-0000-000000000000/resourceGroups/cli_test_ag_auth_cert000001/providers/Microsoft.Network/applicationGateways/ag1/backendAddressPools/appGatewayBackendPool\"\
        \r\n          },\r\n          \"backendHttpSettings\": {\r\n            \"\
        id\": \"/subscriptions/00000000-0000-0000-0000-000000000000/resourceGroups/cli_test_ag_auth_cert000001/providers/Microsoft.Network/applicationGateways/ag1/backendHttpSettingsCollection/appGatewayBackendHttpSettings\"\
        \r\n          }\r\n        },\r\n        \"type\": \"Microsoft.Network/applicationGateways/requestRoutingRules\"\
        \r\n      }\r\n    ],\r\n    \"probes\": [],\r\n    \"rewriteRuleSets\": [],\r\
        \n    \"redirectConfigurations\": []\r\n  }\r\n}"
    headers:
      cache-control:
      - no-cache
      content-length:
      - '9123'
      content-type:
      - application/json; charset=utf-8
      date:
      - Wed, 04 Nov 2020 03:54:08 GMT
      etag:
      - W/"ac7e5c5d-e73e-4ee8-8aa6-2ad24fa18149"
      expires:
      - '-1'
      pragma:
      - no-cache
      server:
      - Microsoft-HTTPAPI/2.0
      - Microsoft-HTTPAPI/2.0
      strict-transport-security:
      - max-age=31536000; includeSubDomains
      transfer-encoding:
      - chunked
      vary:
      - Accept-Encoding
      x-content-type-options:
      - nosniff
      x-ms-arm-service-request-id:
      - 80c204c7-12a5-44f4-a190-57723032e3b8
    status:
      code: 200
      message: OK
- request:
    body: null
    headers:
      Accept:
      - application/json
      Accept-Encoding:
      - gzip, deflate
      CommandName:
      - network application-gateway auth-cert create
      Connection:
      - keep-alive
      ParameterSetName:
      - -g --gateway-name -n --cert-file --no-wait
      User-Agent:
      - python/3.7.4 (Linux-4.15.0-112-generic-x86_64-with-debian-buster-sid) msrest/0.6.18
        msrest_azure/0.6.3 azure-mgmt-network/12.0.0 Azure-SDK-For-Python AZURECLI/2.14.0
      accept-language:
      - en-US
    method: GET
    uri: https://management.azure.com/subscriptions/00000000-0000-0000-0000-000000000000/resourceGroups/cli_test_ag_auth_cert000001/providers/Microsoft.Network/applicationGateways/ag1?api-version=2020-06-01
  response:
    body:
      string: "{\r\n  \"name\": \"ag1\",\r\n  \"id\": \"/subscriptions/00000000-0000-0000-0000-000000000000/resourceGroups/cli_test_ag_auth_cert000001/providers/Microsoft.Network/applicationGateways/ag1\"\
        ,\r\n  \"etag\": \"W/\\\"ac7e5c5d-e73e-4ee8-8aa6-2ad24fa18149\\\"\",\r\n \
        \ \"type\": \"Microsoft.Network/applicationGateways\",\r\n  \"location\":\
        \ \"westus\",\r\n  \"tags\": {},\r\n  \"properties\": {\r\n    \"provisioningState\"\
        : \"Updating\",\r\n    \"resourceGuid\": \"2b736747-1bb1-49bf-87eb-0240454ea697\"\
        ,\r\n    \"sku\": {\r\n      \"name\": \"Standard_Medium\",\r\n      \"tier\"\
        : \"Standard\",\r\n      \"capacity\": 2\r\n    },\r\n    \"operationalState\"\
        : \"Stopped\",\r\n    \"gatewayIPConfigurations\": [\r\n      {\r\n      \
        \  \"name\": \"appGatewayPrivateFrontendIP\",\r\n        \"id\": \"/subscriptions/00000000-0000-0000-0000-000000000000/resourceGroups/cli_test_ag_auth_cert000001/providers/Microsoft.Network/applicationGateways/ag1/gatewayIPConfigurations/appGatewayPrivateFrontendIP\"\
        ,\r\n        \"etag\": \"W/\\\"ac7e5c5d-e73e-4ee8-8aa6-2ad24fa18149\\\"\"\
        ,\r\n        \"properties\": {\r\n          \"provisioningState\": \"Updating\"\
        ,\r\n          \"subnet\": {\r\n            \"id\": \"/subscriptions/00000000-0000-0000-0000-000000000000/resourceGroups/cli_test_ag_auth_cert000001/providers/Microsoft.Network/virtualNetworks/ag1Vnet/subnets/default\"\
        \r\n          }\r\n        },\r\n        \"type\": \"Microsoft.Network/applicationGateways/gatewayIPConfigurations\"\
        \r\n      }\r\n    ],\r\n    \"sslCertificates\": [],\r\n    \"authenticationCertificates\"\
        : [],\r\n    \"frontendIPConfigurations\": [\r\n      {\r\n        \"name\"\
        : \"appGatewayPrivateFrontendIP\",\r\n        \"id\": \"/subscriptions/00000000-0000-0000-0000-000000000000/resourceGroups/cli_test_ag_auth_cert000001/providers/Microsoft.Network/applicationGateways/ag1/frontendIPConfigurations/appGatewayPrivateFrontendIP\"\
        ,\r\n        \"etag\": \"W/\\\"ac7e5c5d-e73e-4ee8-8aa6-2ad24fa18149\\\"\"\
        ,\r\n        \"type\": \"Microsoft.Network/applicationGateways/frontendIPConfigurations\"\
        ,\r\n        \"properties\": {\r\n          \"provisioningState\": \"Updating\"\
        ,\r\n          \"privateIPAllocationMethod\": \"Dynamic\",\r\n          \"\
        subnet\": {\r\n            \"id\": \"/subscriptions/00000000-0000-0000-0000-000000000000/resourceGroups/cli_test_ag_auth_cert000001/providers/Microsoft.Network/virtualNetworks/ag1Vnet/subnets/default\"\
        \r\n          },\r\n          \"httpListeners\": [\r\n            {\r\n  \
        \            \"id\": \"/subscriptions/00000000-0000-0000-0000-000000000000/resourceGroups/cli_test_ag_auth_cert000001/providers/Microsoft.Network/applicationGateways/ag1/httpListeners/appGatewayHttpListener\"\
        \r\n            }\r\n          ]\r\n        }\r\n      }\r\n    ],\r\n   \
        \ \"frontendPorts\": [\r\n      {\r\n        \"name\": \"appGatewayFrontendPort\"\
        ,\r\n        \"id\": \"/subscriptions/00000000-0000-0000-0000-000000000000/resourceGroups/cli_test_ag_auth_cert000001/providers/Microsoft.Network/applicationGateways/ag1/frontendPorts/appGatewayFrontendPort\"\
        ,\r\n        \"etag\": \"W/\\\"ac7e5c5d-e73e-4ee8-8aa6-2ad24fa18149\\\"\"\
        ,\r\n        \"properties\": {\r\n          \"provisioningState\": \"Updating\"\
        ,\r\n          \"port\": 80,\r\n          \"httpListeners\": [\r\n       \
        \     {\r\n              \"id\": \"/subscriptions/00000000-0000-0000-0000-000000000000/resourceGroups/cli_test_ag_auth_cert000001/providers/Microsoft.Network/applicationGateways/ag1/httpListeners/appGatewayHttpListener\"\
        \r\n            }\r\n          ]\r\n        },\r\n        \"type\": \"Microsoft.Network/applicationGateways/frontendPorts\"\
        \r\n      }\r\n    ],\r\n    \"backendAddressPools\": [\r\n      {\r\n   \
        \     \"name\": \"appGatewayBackendPool\",\r\n        \"id\": \"/subscriptions/00000000-0000-0000-0000-000000000000/resourceGroups/cli_test_ag_auth_cert000001/providers/Microsoft.Network/applicationGateways/ag1/backendAddressPools/appGatewayBackendPool\"\
        ,\r\n        \"etag\": \"W/\\\"ac7e5c5d-e73e-4ee8-8aa6-2ad24fa18149\\\"\"\
        ,\r\n        \"properties\": {\r\n          \"provisioningState\": \"Updating\"\
        ,\r\n          \"backendAddresses\": [],\r\n          \"requestRoutingRules\"\
        : [\r\n            {\r\n              \"id\": \"/subscriptions/00000000-0000-0000-0000-000000000000/resourceGroups/cli_test_ag_auth_cert000001/providers/Microsoft.Network/applicationGateways/ag1/requestRoutingRules/rule1\"\
        \r\n            }\r\n          ]\r\n        },\r\n        \"type\": \"Microsoft.Network/applicationGateways/backendAddressPools\"\
        \r\n      }\r\n    ],\r\n    \"backendHttpSettingsCollection\": [\r\n    \
        \  {\r\n        \"name\": \"appGatewayBackendHttpSettings\",\r\n        \"\
        id\": \"/subscriptions/00000000-0000-0000-0000-000000000000/resourceGroups/cli_test_ag_auth_cert000001/providers/Microsoft.Network/applicationGateways/ag1/backendHttpSettingsCollection/appGatewayBackendHttpSettings\"\
        ,\r\n        \"etag\": \"W/\\\"ac7e5c5d-e73e-4ee8-8aa6-2ad24fa18149\\\"\"\
        ,\r\n        \"properties\": {\r\n          \"provisioningState\": \"Updating\"\
        ,\r\n          \"port\": 80,\r\n          \"protocol\": \"Http\",\r\n    \
        \      \"cookieBasedAffinity\": \"Disabled\",\r\n          \"connectionDraining\"\
        : {\r\n            \"enabled\": false,\r\n            \"drainTimeoutInSec\"\
        : 1\r\n          },\r\n          \"pickHostNameFromBackendAddress\": false,\r\
        \n          \"requestTimeout\": 30,\r\n          \"requestRoutingRules\":\
        \ [\r\n            {\r\n              \"id\": \"/subscriptions/00000000-0000-0000-0000-000000000000/resourceGroups/cli_test_ag_auth_cert000001/providers/Microsoft.Network/applicationGateways/ag1/requestRoutingRules/rule1\"\
        \r\n            }\r\n          ]\r\n        },\r\n        \"type\": \"Microsoft.Network/applicationGateways/backendHttpSettingsCollection\"\
        \r\n      }\r\n    ],\r\n    \"httpListeners\": [\r\n      {\r\n        \"\
        name\": \"appGatewayHttpListener\",\r\n        \"id\": \"/subscriptions/00000000-0000-0000-0000-000000000000/resourceGroups/cli_test_ag_auth_cert000001/providers/Microsoft.Network/applicationGateways/ag1/httpListeners/appGatewayHttpListener\"\
        ,\r\n        \"etag\": \"W/\\\"ac7e5c5d-e73e-4ee8-8aa6-2ad24fa18149\\\"\"\
        ,\r\n        \"properties\": {\r\n          \"provisioningState\": \"Updating\"\
        ,\r\n          \"frontendIPConfiguration\": {\r\n            \"id\": \"/subscriptions/00000000-0000-0000-0000-000000000000/resourceGroups/cli_test_ag_auth_cert000001/providers/Microsoft.Network/applicationGateways/ag1/frontendIPConfigurations/appGatewayPrivateFrontendIP\"\
        \r\n          },\r\n          \"frontendPort\": {\r\n            \"id\": \"\
        /subscriptions/00000000-0000-0000-0000-000000000000/resourceGroups/cli_test_ag_auth_cert000001/providers/Microsoft.Network/applicationGateways/ag1/frontendPorts/appGatewayFrontendPort\"\
        \r\n          },\r\n          \"protocol\": \"Http\",\r\n          \"hostNames\"\
        : [],\r\n          \"requireServerNameIndication\": false,\r\n          \"\
        requestRoutingRules\": [\r\n            {\r\n              \"id\": \"/subscriptions/00000000-0000-0000-0000-000000000000/resourceGroups/cli_test_ag_auth_cert000001/providers/Microsoft.Network/applicationGateways/ag1/requestRoutingRules/rule1\"\
        \r\n            }\r\n          ]\r\n        },\r\n        \"type\": \"Microsoft.Network/applicationGateways/httpListeners\"\
        \r\n      }\r\n    ],\r\n    \"urlPathMaps\": [],\r\n    \"requestRoutingRules\"\
        : [\r\n      {\r\n        \"name\": \"rule1\",\r\n        \"id\": \"/subscriptions/00000000-0000-0000-0000-000000000000/resourceGroups/cli_test_ag_auth_cert000001/providers/Microsoft.Network/applicationGateways/ag1/requestRoutingRules/rule1\"\
        ,\r\n        \"etag\": \"W/\\\"ac7e5c5d-e73e-4ee8-8aa6-2ad24fa18149\\\"\"\
        ,\r\n        \"properties\": {\r\n          \"provisioningState\": \"Updating\"\
        ,\r\n          \"ruleType\": \"Basic\",\r\n          \"httpListener\": {\r\
        \n            \"id\": \"/subscriptions/00000000-0000-0000-0000-000000000000/resourceGroups/cli_test_ag_auth_cert000001/providers/Microsoft.Network/applicationGateways/ag1/httpListeners/appGatewayHttpListener\"\
        \r\n          },\r\n          \"backendAddressPool\": {\r\n            \"\
        id\": \"/subscriptions/00000000-0000-0000-0000-000000000000/resourceGroups/cli_test_ag_auth_cert000001/providers/Microsoft.Network/applicationGateways/ag1/backendAddressPools/appGatewayBackendPool\"\
        \r\n          },\r\n          \"backendHttpSettings\": {\r\n            \"\
        id\": \"/subscriptions/00000000-0000-0000-0000-000000000000/resourceGroups/cli_test_ag_auth_cert000001/providers/Microsoft.Network/applicationGateways/ag1/backendHttpSettingsCollection/appGatewayBackendHttpSettings\"\
        \r\n          }\r\n        },\r\n        \"type\": \"Microsoft.Network/applicationGateways/requestRoutingRules\"\
        \r\n      }\r\n    ],\r\n    \"probes\": [],\r\n    \"rewriteRuleSets\": [],\r\
        \n    \"redirectConfigurations\": []\r\n  }\r\n}"
    headers:
      cache-control:
      - no-cache
      content-length:
      - '9123'
      content-type:
      - application/json; charset=utf-8
      date:
      - Wed, 04 Nov 2020 03:54:09 GMT
      etag:
      - W/"ac7e5c5d-e73e-4ee8-8aa6-2ad24fa18149"
      expires:
      - '-1'
      pragma:
      - no-cache
      server:
      - Microsoft-HTTPAPI/2.0
      - Microsoft-HTTPAPI/2.0
      strict-transport-security:
      - max-age=31536000; includeSubDomains
      transfer-encoding:
      - chunked
      vary:
      - Accept-Encoding
      x-content-type-options:
      - nosniff
      x-ms-arm-service-request-id:
      - 64104eba-11e1-4a30-9233-fa66586efbe3
    status:
      code: 200
      message: OK
- request:
    body: '{"id": "/subscriptions/00000000-0000-0000-0000-000000000000/resourceGroups/cli_test_ag_auth_cert000001/providers/Microsoft.Network/applicationGateways/ag1",
      "location": "westus", "tags": {}, "properties": {"sku": {"name": "Standard_Medium",
      "tier": "Standard", "capacity": 2}, "gatewayIPConfigurations": [{"id": "/subscriptions/00000000-0000-0000-0000-000000000000/resourceGroups/cli_test_ag_auth_cert000001/providers/Microsoft.Network/applicationGateways/ag1/gatewayIPConfigurations/appGatewayPrivateFrontendIP",
      "properties": {"subnet": {"id": "/subscriptions/00000000-0000-0000-0000-000000000000/resourceGroups/cli_test_ag_auth_cert000001/providers/Microsoft.Network/virtualNetworks/ag1Vnet/subnets/default"}},
      "name": "appGatewayPrivateFrontendIP"}], "authenticationCertificates": [{"properties":
      {"data": "MIIBvzCCAW2gAwIBAgIQmJtabFWZYp1NjoMbcjRvajAJBgUrDgMCHQUAMBYxFDASBgNVBAMTC1Jvb3QgQWdlbmN5MB4XDTE2MDgyMzEzMjMyNFoXDTM5MTIzMTIzNTk1OVowIjEgMB4GA1UEAxMXSm9lJ3MtU29mdHdhcmUtRW1wb3JpdW0wgZ8wDQYJKoZIhvcNAQEBBQADgY0AMIGJAoGBAKH7RFdzRTwt8QPGQwBlLQox9ZvEjCIKzrB17IkWcAyRHpJMm+b00Ik8Sjm5UXwZY/DkXfkOBQ+RA9eaP5I1Aj043QQREs3MTFX7JppINYUk3gJzKPCHFHDb9qchy4qJjJAO/+PlWTP1M0T63Ln1fSIy3bjlPMfXoZK9+B+RJpIDAgMBAAGjSzBJMEcGA1UdAQRAMD6AEBLkCS0GHR1PAI1hIdwWZGOhGDAWMRQwEgYDVQQDEwtSb290IEFnZW5jeYIQBjdsAKoAZIoRz7jUqlw19DAJBgUrDgMCHQUAA0EAREgh2h7BQW5LImUO9dasVyKcQ+Y30iJ96P+/XQour7g/uAwxj/19JjE7i3Jt4tG5Ljc3o79G6QUspkP+QehBnA=="},
      "name": "cert1"}], "sslCertificates": [], "frontendIPConfigurations": [{"id":
      "/subscriptions/00000000-0000-0000-0000-000000000000/resourceGroups/cli_test_ag_auth_cert000001/providers/Microsoft.Network/applicationGateways/ag1/frontendIPConfigurations/appGatewayPrivateFrontendIP",
      "properties": {"privateIPAllocationMethod": "Dynamic", "subnet": {"id": "/subscriptions/00000000-0000-0000-0000-000000000000/resourceGroups/cli_test_ag_auth_cert000001/providers/Microsoft.Network/virtualNetworks/ag1Vnet/subnets/default"}},
      "name": "appGatewayPrivateFrontendIP"}], "frontendPorts": [{"id": "/subscriptions/00000000-0000-0000-0000-000000000000/resourceGroups/cli_test_ag_auth_cert000001/providers/Microsoft.Network/applicationGateways/ag1/frontendPorts/appGatewayFrontendPort",
      "properties": {"port": 80}, "name": "appGatewayFrontendPort"}], "probes": [],
      "backendAddressPools": [{"id": "/subscriptions/00000000-0000-0000-0000-000000000000/resourceGroups/cli_test_ag_auth_cert000001/providers/Microsoft.Network/applicationGateways/ag1/backendAddressPools/appGatewayBackendPool",
      "properties": {"backendAddresses": []}, "name": "appGatewayBackendPool"}], "backendHttpSettingsCollection":
      [{"id": "/subscriptions/00000000-0000-0000-0000-000000000000/resourceGroups/cli_test_ag_auth_cert000001/providers/Microsoft.Network/applicationGateways/ag1/backendHttpSettingsCollection/appGatewayBackendHttpSettings",
      "properties": {"port": 80, "protocol": "Http", "cookieBasedAffinity": "Disabled",
      "requestTimeout": 30, "connectionDraining": {"enabled": false, "drainTimeoutInSec":
      1}, "pickHostNameFromBackendAddress": false}, "name": "appGatewayBackendHttpSettings"}],
      "httpListeners": [{"id": "/subscriptions/00000000-0000-0000-0000-000000000000/resourceGroups/cli_test_ag_auth_cert000001/providers/Microsoft.Network/applicationGateways/ag1/httpListeners/appGatewayHttpListener",
      "properties": {"frontendIPConfiguration": {"id": "/subscriptions/00000000-0000-0000-0000-000000000000/resourceGroups/cli_test_ag_auth_cert000001/providers/Microsoft.Network/applicationGateways/ag1/frontendIPConfigurations/appGatewayPrivateFrontendIP"},
      "frontendPort": {"id": "/subscriptions/00000000-0000-0000-0000-000000000000/resourceGroups/cli_test_ag_auth_cert000001/providers/Microsoft.Network/applicationGateways/ag1/frontendPorts/appGatewayFrontendPort"},
      "protocol": "Http", "requireServerNameIndication": false, "hostNames": []},
      "name": "appGatewayHttpListener"}], "urlPathMaps": [], "requestRoutingRules":
      [{"id": "/subscriptions/00000000-0000-0000-0000-000000000000/resourceGroups/cli_test_ag_auth_cert000001/providers/Microsoft.Network/applicationGateways/ag1/requestRoutingRules/rule1",
      "properties": {"ruleType": "Basic", "backendAddressPool": {"id": "/subscriptions/00000000-0000-0000-0000-000000000000/resourceGroups/cli_test_ag_auth_cert000001/providers/Microsoft.Network/applicationGateways/ag1/backendAddressPools/appGatewayBackendPool"},
      "backendHttpSettings": {"id": "/subscriptions/00000000-0000-0000-0000-000000000000/resourceGroups/cli_test_ag_auth_cert000001/providers/Microsoft.Network/applicationGateways/ag1/backendHttpSettingsCollection/appGatewayBackendHttpSettings"},
      "httpListener": {"id": "/subscriptions/00000000-0000-0000-0000-000000000000/resourceGroups/cli_test_ag_auth_cert000001/providers/Microsoft.Network/applicationGateways/ag1/httpListeners/appGatewayHttpListener"}},
      "name": "rule1"}], "rewriteRuleSets": [], "redirectConfigurations": []}}'
    headers:
      Accept:
      - application/json
      Accept-Encoding:
      - gzip, deflate
      CommandName:
      - network application-gateway auth-cert create
      Connection:
      - keep-alive
      Content-Length:
      - '5592'
      Content-Type:
      - application/json; charset=utf-8
      ParameterSetName:
      - -g --gateway-name -n --cert-file --no-wait
      User-Agent:
      - python/3.7.4 (Linux-4.15.0-112-generic-x86_64-with-debian-buster-sid) msrest/0.6.18
        msrest_azure/0.6.3 azure-mgmt-network/12.0.0 Azure-SDK-For-Python AZURECLI/2.14.0
      accept-language:
      - en-US
    method: PUT
    uri: https://management.azure.com/subscriptions/00000000-0000-0000-0000-000000000000/resourceGroups/cli_test_ag_auth_cert000001/providers/Microsoft.Network/applicationGateways/ag1?api-version=2020-06-01
  response:
    body:
      string: "{\r\n  \"name\": \"ag1\",\r\n  \"id\": \"/subscriptions/00000000-0000-0000-0000-000000000000/resourceGroups/cli_test_ag_auth_cert000001/providers/Microsoft.Network/applicationGateways/ag1\"\
        ,\r\n  \"etag\": \"W/\\\"36b8902a-7c6e-4b9b-8dc8-6737c420f462\\\"\",\r\n \
        \ \"type\": \"Microsoft.Network/applicationGateways\",\r\n  \"location\":\
        \ \"westus\",\r\n  \"tags\": {},\r\n  \"properties\": {\r\n    \"provisioningState\"\
        : \"Updating\",\r\n    \"resourceGuid\": \"2b736747-1bb1-49bf-87eb-0240454ea697\"\
        ,\r\n    \"sku\": {\r\n      \"name\": \"Standard_Medium\",\r\n      \"tier\"\
        : \"Standard\",\r\n      \"capacity\": 2\r\n    },\r\n    \"operationalState\"\
        : \"Stopped\",\r\n    \"gatewayIPConfigurations\": [\r\n      {\r\n      \
        \  \"name\": \"appGatewayPrivateFrontendIP\",\r\n        \"id\": \"/subscriptions/00000000-0000-0000-0000-000000000000/resourceGroups/cli_test_ag_auth_cert000001/providers/Microsoft.Network/applicationGateways/ag1/gatewayIPConfigurations/appGatewayPrivateFrontendIP\"\
        ,\r\n        \"etag\": \"W/\\\"36b8902a-7c6e-4b9b-8dc8-6737c420f462\\\"\"\
        ,\r\n        \"properties\": {\r\n          \"provisioningState\": \"Updating\"\
        ,\r\n          \"subnet\": {\r\n            \"id\": \"/subscriptions/00000000-0000-0000-0000-000000000000/resourceGroups/cli_test_ag_auth_cert000001/providers/Microsoft.Network/virtualNetworks/ag1Vnet/subnets/default\"\
        \r\n          }\r\n        },\r\n        \"type\": \"Microsoft.Network/applicationGateways/gatewayIPConfigurations\"\
        \r\n      }\r\n    ],\r\n    \"sslCertificates\": [],\r\n    \"authenticationCertificates\"\
        : [\r\n      {\r\n        \"name\": \"cert1\",\r\n        \"id\": \"/subscriptions/00000000-0000-0000-0000-000000000000/resourceGroups/cli_test_ag_auth_cert000001/providers/Microsoft.Network/applicationGateways/ag1/authenticationCertificates/cert1\"\
        ,\r\n        \"etag\": \"W/\\\"36b8902a-7c6e-4b9b-8dc8-6737c420f462\\\"\"\
        ,\r\n        \"properties\": {\r\n          \"provisioningState\": \"Updating\"\
        ,\r\n          \"data\": \"MIIBvzCCAW2gAwIBAgIQmJtabFWZYp1NjoMbcjRvajAJBgUrDgMCHQUAMBYxFDASBgNVBAMTC1Jvb3QgQWdlbmN5MB4XDTE2MDgyMzEzMjMyNFoXDTM5MTIzMTIzNTk1OVowIjEgMB4GA1UEAxMXSm9lJ3MtU29mdHdhcmUtRW1wb3JpdW0wgZ8wDQYJKoZIhvcNAQEBBQADgY0AMIGJAoGBAKH7RFdzRTwt8QPGQwBlLQox9ZvEjCIKzrB17IkWcAyRHpJMm+b00Ik8Sjm5UXwZY/DkXfkOBQ+RA9eaP5I1Aj043QQREs3MTFX7JppINYUk3gJzKPCHFHDb9qchy4qJjJAO/+PlWTP1M0T63Ln1fSIy3bjlPMfXoZK9+B+RJpIDAgMBAAGjSzBJMEcGA1UdAQRAMD6AEBLkCS0GHR1PAI1hIdwWZGOhGDAWMRQwEgYDVQQDEwtSb290IEFnZW5jeYIQBjdsAKoAZIoRz7jUqlw19DAJBgUrDgMCHQUAA0EAREgh2h7BQW5LImUO9dasVyKcQ+Y30iJ96P+/XQour7g/uAwxj/19JjE7i3Jt4tG5Ljc3o79G6QUspkP+QehBnA==\"\
        \r\n        },\r\n        \"type\": \"Microsoft.Network/applicationGateways/authenticationCertificates\"\
        \r\n      }\r\n    ],\r\n    \"frontendIPConfigurations\": [\r\n      {\r\n\
        \        \"name\": \"appGatewayPrivateFrontendIP\",\r\n        \"id\": \"\
        /subscriptions/00000000-0000-0000-0000-000000000000/resourceGroups/cli_test_ag_auth_cert000001/providers/Microsoft.Network/applicationGateways/ag1/frontendIPConfigurations/appGatewayPrivateFrontendIP\"\
        ,\r\n        \"etag\": \"W/\\\"36b8902a-7c6e-4b9b-8dc8-6737c420f462\\\"\"\
        ,\r\n        \"type\": \"Microsoft.Network/applicationGateways/frontendIPConfigurations\"\
        ,\r\n        \"properties\": {\r\n          \"provisioningState\": \"Updating\"\
        ,\r\n          \"privateIPAllocationMethod\": \"Dynamic\",\r\n          \"\
        subnet\": {\r\n            \"id\": \"/subscriptions/00000000-0000-0000-0000-000000000000/resourceGroups/cli_test_ag_auth_cert000001/providers/Microsoft.Network/virtualNetworks/ag1Vnet/subnets/default\"\
        \r\n          },\r\n          \"httpListeners\": [\r\n            {\r\n  \
        \            \"id\": \"/subscriptions/00000000-0000-0000-0000-000000000000/resourceGroups/cli_test_ag_auth_cert000001/providers/Microsoft.Network/applicationGateways/ag1/httpListeners/appGatewayHttpListener\"\
        \r\n            }\r\n          ]\r\n        }\r\n      }\r\n    ],\r\n   \
        \ \"frontendPorts\": [\r\n      {\r\n        \"name\": \"appGatewayFrontendPort\"\
        ,\r\n        \"id\": \"/subscriptions/00000000-0000-0000-0000-000000000000/resourceGroups/cli_test_ag_auth_cert000001/providers/Microsoft.Network/applicationGateways/ag1/frontendPorts/appGatewayFrontendPort\"\
        ,\r\n        \"etag\": \"W/\\\"36b8902a-7c6e-4b9b-8dc8-6737c420f462\\\"\"\
        ,\r\n        \"properties\": {\r\n          \"provisioningState\": \"Updating\"\
        ,\r\n          \"port\": 80,\r\n          \"httpListeners\": [\r\n       \
        \     {\r\n              \"id\": \"/subscriptions/00000000-0000-0000-0000-000000000000/resourceGroups/cli_test_ag_auth_cert000001/providers/Microsoft.Network/applicationGateways/ag1/httpListeners/appGatewayHttpListener\"\
        \r\n            }\r\n          ]\r\n        },\r\n        \"type\": \"Microsoft.Network/applicationGateways/frontendPorts\"\
        \r\n      }\r\n    ],\r\n    \"backendAddressPools\": [\r\n      {\r\n   \
        \     \"name\": \"appGatewayBackendPool\",\r\n        \"id\": \"/subscriptions/00000000-0000-0000-0000-000000000000/resourceGroups/cli_test_ag_auth_cert000001/providers/Microsoft.Network/applicationGateways/ag1/backendAddressPools/appGatewayBackendPool\"\
        ,\r\n        \"etag\": \"W/\\\"36b8902a-7c6e-4b9b-8dc8-6737c420f462\\\"\"\
        ,\r\n        \"properties\": {\r\n          \"provisioningState\": \"Updating\"\
        ,\r\n          \"backendAddresses\": [],\r\n          \"requestRoutingRules\"\
        : [\r\n            {\r\n              \"id\": \"/subscriptions/00000000-0000-0000-0000-000000000000/resourceGroups/cli_test_ag_auth_cert000001/providers/Microsoft.Network/applicationGateways/ag1/requestRoutingRules/rule1\"\
        \r\n            }\r\n          ]\r\n        },\r\n        \"type\": \"Microsoft.Network/applicationGateways/backendAddressPools\"\
        \r\n      }\r\n    ],\r\n    \"backendHttpSettingsCollection\": [\r\n    \
        \  {\r\n        \"name\": \"appGatewayBackendHttpSettings\",\r\n        \"\
        id\": \"/subscriptions/00000000-0000-0000-0000-000000000000/resourceGroups/cli_test_ag_auth_cert000001/providers/Microsoft.Network/applicationGateways/ag1/backendHttpSettingsCollection/appGatewayBackendHttpSettings\"\
        ,\r\n        \"etag\": \"W/\\\"36b8902a-7c6e-4b9b-8dc8-6737c420f462\\\"\"\
        ,\r\n        \"properties\": {\r\n          \"provisioningState\": \"Updating\"\
        ,\r\n          \"port\": 80,\r\n          \"protocol\": \"Http\",\r\n    \
        \      \"cookieBasedAffinity\": \"Disabled\",\r\n          \"connectionDraining\"\
        : {\r\n            \"enabled\": false,\r\n            \"drainTimeoutInSec\"\
        : 1\r\n          },\r\n          \"pickHostNameFromBackendAddress\": false,\r\
        \n          \"requestTimeout\": 30,\r\n          \"requestRoutingRules\":\
        \ [\r\n            {\r\n              \"id\": \"/subscriptions/00000000-0000-0000-0000-000000000000/resourceGroups/cli_test_ag_auth_cert000001/providers/Microsoft.Network/applicationGateways/ag1/requestRoutingRules/rule1\"\
        \r\n            }\r\n          ]\r\n        },\r\n        \"type\": \"Microsoft.Network/applicationGateways/backendHttpSettingsCollection\"\
        \r\n      }\r\n    ],\r\n    \"httpListeners\": [\r\n      {\r\n        \"\
        name\": \"appGatewayHttpListener\",\r\n        \"id\": \"/subscriptions/00000000-0000-0000-0000-000000000000/resourceGroups/cli_test_ag_auth_cert000001/providers/Microsoft.Network/applicationGateways/ag1/httpListeners/appGatewayHttpListener\"\
        ,\r\n        \"etag\": \"W/\\\"36b8902a-7c6e-4b9b-8dc8-6737c420f462\\\"\"\
        ,\r\n        \"properties\": {\r\n          \"provisioningState\": \"Updating\"\
        ,\r\n          \"frontendIPConfiguration\": {\r\n            \"id\": \"/subscriptions/00000000-0000-0000-0000-000000000000/resourceGroups/cli_test_ag_auth_cert000001/providers/Microsoft.Network/applicationGateways/ag1/frontendIPConfigurations/appGatewayPrivateFrontendIP\"\
        \r\n          },\r\n          \"frontendPort\": {\r\n            \"id\": \"\
        /subscriptions/00000000-0000-0000-0000-000000000000/resourceGroups/cli_test_ag_auth_cert000001/providers/Microsoft.Network/applicationGateways/ag1/frontendPorts/appGatewayFrontendPort\"\
        \r\n          },\r\n          \"protocol\": \"Http\",\r\n          \"hostNames\"\
        : [],\r\n          \"requireServerNameIndication\": false,\r\n          \"\
        requestRoutingRules\": [\r\n            {\r\n              \"id\": \"/subscriptions/00000000-0000-0000-0000-000000000000/resourceGroups/cli_test_ag_auth_cert000001/providers/Microsoft.Network/applicationGateways/ag1/requestRoutingRules/rule1\"\
        \r\n            }\r\n          ]\r\n        },\r\n        \"type\": \"Microsoft.Network/applicationGateways/httpListeners\"\
        \r\n      }\r\n    ],\r\n    \"urlPathMaps\": [],\r\n    \"requestRoutingRules\"\
        : [\r\n      {\r\n        \"name\": \"rule1\",\r\n        \"id\": \"/subscriptions/00000000-0000-0000-0000-000000000000/resourceGroups/cli_test_ag_auth_cert000001/providers/Microsoft.Network/applicationGateways/ag1/requestRoutingRules/rule1\"\
        ,\r\n        \"etag\": \"W/\\\"36b8902a-7c6e-4b9b-8dc8-6737c420f462\\\"\"\
        ,\r\n        \"properties\": {\r\n          \"provisioningState\": \"Updating\"\
        ,\r\n          \"ruleType\": \"Basic\",\r\n          \"httpListener\": {\r\
        \n            \"id\": \"/subscriptions/00000000-0000-0000-0000-000000000000/resourceGroups/cli_test_ag_auth_cert000001/providers/Microsoft.Network/applicationGateways/ag1/httpListeners/appGatewayHttpListener\"\
        \r\n          },\r\n          \"backendAddressPool\": {\r\n            \"\
        id\": \"/subscriptions/00000000-0000-0000-0000-000000000000/resourceGroups/cli_test_ag_auth_cert000001/providers/Microsoft.Network/applicationGateways/ag1/backendAddressPools/appGatewayBackendPool\"\
        \r\n          },\r\n          \"backendHttpSettings\": {\r\n            \"\
        id\": \"/subscriptions/00000000-0000-0000-0000-000000000000/resourceGroups/cli_test_ag_auth_cert000001/providers/Microsoft.Network/applicationGateways/ag1/backendHttpSettingsCollection/appGatewayBackendHttpSettings\"\
        \r\n          }\r\n        },\r\n        \"type\": \"Microsoft.Network/applicationGateways/requestRoutingRules\"\
        \r\n      }\r\n    ],\r\n    \"probes\": [],\r\n    \"rewriteRuleSets\": [],\r\
        \n    \"redirectConfigurations\": []\r\n  }\r\n}"
    headers:
      azure-asyncoperation:
      - https://management.azure.com/subscriptions/00000000-0000-0000-0000-000000000000/providers/Microsoft.Network/locations/westus/operations/5cd08a7f-5496-4f8b-9d08-2ec3c6614813?api-version=2020-06-01
      cache-control:
      - no-cache
      content-length:
      - '10273'
      content-type:
      - application/json; charset=utf-8
      date:
      - Wed, 04 Nov 2020 03:54:10 GMT
      expires:
      - '-1'
      pragma:
      - no-cache
      server:
      - Microsoft-HTTPAPI/2.0
      - Microsoft-HTTPAPI/2.0
      strict-transport-security:
      - max-age=31536000; includeSubDomains
      transfer-encoding:
      - chunked
      vary:
      - Accept-Encoding
      x-content-type-options:
      - nosniff
      x-ms-arm-service-request-id:
      - 8a32e0f1-25ef-47f3-85af-015a1041d2a4
      x-ms-ratelimit-remaining-subscription-writes:
      - '1196'
    status:
      code: 200
      message: OK
- request:
    body: null
    headers:
      Accept:
      - application/json
      Accept-Encoding:
      - gzip, deflate
      CommandName:
      - network application-gateway auth-cert create
      Connection:
      - keep-alive
      ParameterSetName:
      - -g --gateway-name -n --cert-file --no-wait
      User-Agent:
      - python/3.7.4 (Linux-4.15.0-112-generic-x86_64-with-debian-buster-sid) msrest/0.6.18
        msrest_azure/0.6.3 azure-mgmt-network/12.0.0 Azure-SDK-For-Python AZURECLI/2.14.0
      accept-language:
      - en-US
    method: GET
    uri: https://management.azure.com/subscriptions/00000000-0000-0000-0000-000000000000/resourceGroups/cli_test_ag_auth_cert000001/providers/Microsoft.Network/applicationGateways/ag1?api-version=2020-06-01
  response:
    body:
      string: "{\r\n  \"name\": \"ag1\",\r\n  \"id\": \"/subscriptions/00000000-0000-0000-0000-000000000000/resourceGroups/cli_test_ag_auth_cert000001/providers/Microsoft.Network/applicationGateways/ag1\"\
        ,\r\n  \"etag\": \"W/\\\"b59e2264-a8b8-4c34-abfd-a4bb3255128d\\\"\",\r\n \
        \ \"type\": \"Microsoft.Network/applicationGateways\",\r\n  \"location\":\
        \ \"westus\",\r\n  \"tags\": {},\r\n  \"properties\": {\r\n    \"provisioningState\"\
        : \"Updating\",\r\n    \"resourceGuid\": \"2b736747-1bb1-49bf-87eb-0240454ea697\"\
        ,\r\n    \"sku\": {\r\n      \"name\": \"Standard_Medium\",\r\n      \"tier\"\
        : \"Standard\",\r\n      \"capacity\": 2\r\n    },\r\n    \"operationalState\"\
        : \"Stopped\",\r\n    \"gatewayIPConfigurations\": [\r\n      {\r\n      \
        \  \"name\": \"appGatewayPrivateFrontendIP\",\r\n        \"id\": \"/subscriptions/00000000-0000-0000-0000-000000000000/resourceGroups/cli_test_ag_auth_cert000001/providers/Microsoft.Network/applicationGateways/ag1/gatewayIPConfigurations/appGatewayPrivateFrontendIP\"\
        ,\r\n        \"etag\": \"W/\\\"b59e2264-a8b8-4c34-abfd-a4bb3255128d\\\"\"\
        ,\r\n        \"properties\": {\r\n          \"provisioningState\": \"Updating\"\
        ,\r\n          \"subnet\": {\r\n            \"id\": \"/subscriptions/00000000-0000-0000-0000-000000000000/resourceGroups/cli_test_ag_auth_cert000001/providers/Microsoft.Network/virtualNetworks/ag1Vnet/subnets/default\"\
        \r\n          }\r\n        },\r\n        \"type\": \"Microsoft.Network/applicationGateways/gatewayIPConfigurations\"\
        \r\n      }\r\n    ],\r\n    \"sslCertificates\": [],\r\n    \"authenticationCertificates\"\
        : [\r\n      {\r\n        \"name\": \"cert1\",\r\n        \"id\": \"/subscriptions/00000000-0000-0000-0000-000000000000/resourceGroups/cli_test_ag_auth_cert000001/providers/Microsoft.Network/applicationGateways/ag1/authenticationCertificates/cert1\"\
        ,\r\n        \"etag\": \"W/\\\"b59e2264-a8b8-4c34-abfd-a4bb3255128d\\\"\"\
        ,\r\n        \"properties\": {\r\n          \"provisioningState\": \"Updating\"\
        ,\r\n          \"data\": \"MIIBvzCCAW2gAwIBAgIQmJtabFWZYp1NjoMbcjRvajAJBgUrDgMCHQUAMBYxFDASBgNVBAMTC1Jvb3QgQWdlbmN5MB4XDTE2MDgyMzEzMjMyNFoXDTM5MTIzMTIzNTk1OVowIjEgMB4GA1UEAxMXSm9lJ3MtU29mdHdhcmUtRW1wb3JpdW0wgZ8wDQYJKoZIhvcNAQEBBQADgY0AMIGJAoGBAKH7RFdzRTwt8QPGQwBlLQox9ZvEjCIKzrB17IkWcAyRHpJMm+b00Ik8Sjm5UXwZY/DkXfkOBQ+RA9eaP5I1Aj043QQREs3MTFX7JppINYUk3gJzKPCHFHDb9qchy4qJjJAO/+PlWTP1M0T63Ln1fSIy3bjlPMfXoZK9+B+RJpIDAgMBAAGjSzBJMEcGA1UdAQRAMD6AEBLkCS0GHR1PAI1hIdwWZGOhGDAWMRQwEgYDVQQDEwtSb290IEFnZW5jeYIQBjdsAKoAZIoRz7jUqlw19DAJBgUrDgMCHQUAA0EAREgh2h7BQW5LImUO9dasVyKcQ+Y30iJ96P+/XQour7g/uAwxj/19JjE7i3Jt4tG5Ljc3o79G6QUspkP+QehBnA==\"\
        \r\n        },\r\n        \"type\": \"Microsoft.Network/applicationGateways/authenticationCertificates\"\
        \r\n      }\r\n    ],\r\n    \"frontendIPConfigurations\": [\r\n      {\r\n\
        \        \"name\": \"appGatewayPrivateFrontendIP\",\r\n        \"id\": \"\
        /subscriptions/00000000-0000-0000-0000-000000000000/resourceGroups/cli_test_ag_auth_cert000001/providers/Microsoft.Network/applicationGateways/ag1/frontendIPConfigurations/appGatewayPrivateFrontendIP\"\
        ,\r\n        \"etag\": \"W/\\\"b59e2264-a8b8-4c34-abfd-a4bb3255128d\\\"\"\
        ,\r\n        \"type\": \"Microsoft.Network/applicationGateways/frontendIPConfigurations\"\
        ,\r\n        \"properties\": {\r\n          \"provisioningState\": \"Updating\"\
        ,\r\n          \"privateIPAllocationMethod\": \"Dynamic\",\r\n          \"\
        subnet\": {\r\n            \"id\": \"/subscriptions/00000000-0000-0000-0000-000000000000/resourceGroups/cli_test_ag_auth_cert000001/providers/Microsoft.Network/virtualNetworks/ag1Vnet/subnets/default\"\
        \r\n          },\r\n          \"httpListeners\": [\r\n            {\r\n  \
        \            \"id\": \"/subscriptions/00000000-0000-0000-0000-000000000000/resourceGroups/cli_test_ag_auth_cert000001/providers/Microsoft.Network/applicationGateways/ag1/httpListeners/appGatewayHttpListener\"\
        \r\n            }\r\n          ]\r\n        }\r\n      }\r\n    ],\r\n   \
        \ \"frontendPorts\": [\r\n      {\r\n        \"name\": \"appGatewayFrontendPort\"\
        ,\r\n        \"id\": \"/subscriptions/00000000-0000-0000-0000-000000000000/resourceGroups/cli_test_ag_auth_cert000001/providers/Microsoft.Network/applicationGateways/ag1/frontendPorts/appGatewayFrontendPort\"\
        ,\r\n        \"etag\": \"W/\\\"b59e2264-a8b8-4c34-abfd-a4bb3255128d\\\"\"\
        ,\r\n        \"properties\": {\r\n          \"provisioningState\": \"Updating\"\
        ,\r\n          \"port\": 80,\r\n          \"httpListeners\": [\r\n       \
        \     {\r\n              \"id\": \"/subscriptions/00000000-0000-0000-0000-000000000000/resourceGroups/cli_test_ag_auth_cert000001/providers/Microsoft.Network/applicationGateways/ag1/httpListeners/appGatewayHttpListener\"\
        \r\n            }\r\n          ]\r\n        },\r\n        \"type\": \"Microsoft.Network/applicationGateways/frontendPorts\"\
        \r\n      }\r\n    ],\r\n    \"backendAddressPools\": [\r\n      {\r\n   \
        \     \"name\": \"appGatewayBackendPool\",\r\n        \"id\": \"/subscriptions/00000000-0000-0000-0000-000000000000/resourceGroups/cli_test_ag_auth_cert000001/providers/Microsoft.Network/applicationGateways/ag1/backendAddressPools/appGatewayBackendPool\"\
        ,\r\n        \"etag\": \"W/\\\"b59e2264-a8b8-4c34-abfd-a4bb3255128d\\\"\"\
        ,\r\n        \"properties\": {\r\n          \"provisioningState\": \"Updating\"\
        ,\r\n          \"backendAddresses\": [],\r\n          \"requestRoutingRules\"\
        : [\r\n            {\r\n              \"id\": \"/subscriptions/00000000-0000-0000-0000-000000000000/resourceGroups/cli_test_ag_auth_cert000001/providers/Microsoft.Network/applicationGateways/ag1/requestRoutingRules/rule1\"\
        \r\n            }\r\n          ]\r\n        },\r\n        \"type\": \"Microsoft.Network/applicationGateways/backendAddressPools\"\
        \r\n      }\r\n    ],\r\n    \"backendHttpSettingsCollection\": [\r\n    \
        \  {\r\n        \"name\": \"appGatewayBackendHttpSettings\",\r\n        \"\
        id\": \"/subscriptions/00000000-0000-0000-0000-000000000000/resourceGroups/cli_test_ag_auth_cert000001/providers/Microsoft.Network/applicationGateways/ag1/backendHttpSettingsCollection/appGatewayBackendHttpSettings\"\
        ,\r\n        \"etag\": \"W/\\\"b59e2264-a8b8-4c34-abfd-a4bb3255128d\\\"\"\
        ,\r\n        \"properties\": {\r\n          \"provisioningState\": \"Updating\"\
        ,\r\n          \"port\": 80,\r\n          \"protocol\": \"Http\",\r\n    \
        \      \"cookieBasedAffinity\": \"Disabled\",\r\n          \"connectionDraining\"\
        : {\r\n            \"enabled\": false,\r\n            \"drainTimeoutInSec\"\
        : 1\r\n          },\r\n          \"pickHostNameFromBackendAddress\": false,\r\
        \n          \"requestTimeout\": 30,\r\n          \"requestRoutingRules\":\
        \ [\r\n            {\r\n              \"id\": \"/subscriptions/00000000-0000-0000-0000-000000000000/resourceGroups/cli_test_ag_auth_cert000001/providers/Microsoft.Network/applicationGateways/ag1/requestRoutingRules/rule1\"\
        \r\n            }\r\n          ]\r\n        },\r\n        \"type\": \"Microsoft.Network/applicationGateways/backendHttpSettingsCollection\"\
        \r\n      }\r\n    ],\r\n    \"httpListeners\": [\r\n      {\r\n        \"\
        name\": \"appGatewayHttpListener\",\r\n        \"id\": \"/subscriptions/00000000-0000-0000-0000-000000000000/resourceGroups/cli_test_ag_auth_cert000001/providers/Microsoft.Network/applicationGateways/ag1/httpListeners/appGatewayHttpListener\"\
        ,\r\n        \"etag\": \"W/\\\"b59e2264-a8b8-4c34-abfd-a4bb3255128d\\\"\"\
        ,\r\n        \"properties\": {\r\n          \"provisioningState\": \"Updating\"\
        ,\r\n          \"frontendIPConfiguration\": {\r\n            \"id\": \"/subscriptions/00000000-0000-0000-0000-000000000000/resourceGroups/cli_test_ag_auth_cert000001/providers/Microsoft.Network/applicationGateways/ag1/frontendIPConfigurations/appGatewayPrivateFrontendIP\"\
        \r\n          },\r\n          \"frontendPort\": {\r\n            \"id\": \"\
        /subscriptions/00000000-0000-0000-0000-000000000000/resourceGroups/cli_test_ag_auth_cert000001/providers/Microsoft.Network/applicationGateways/ag1/frontendPorts/appGatewayFrontendPort\"\
        \r\n          },\r\n          \"protocol\": \"Http\",\r\n          \"hostNames\"\
        : [],\r\n          \"requireServerNameIndication\": false,\r\n          \"\
        requestRoutingRules\": [\r\n            {\r\n              \"id\": \"/subscriptions/00000000-0000-0000-0000-000000000000/resourceGroups/cli_test_ag_auth_cert000001/providers/Microsoft.Network/applicationGateways/ag1/requestRoutingRules/rule1\"\
        \r\n            }\r\n          ]\r\n        },\r\n        \"type\": \"Microsoft.Network/applicationGateways/httpListeners\"\
        \r\n      }\r\n    ],\r\n    \"urlPathMaps\": [],\r\n    \"requestRoutingRules\"\
        : [\r\n      {\r\n        \"name\": \"rule1\",\r\n        \"id\": \"/subscriptions/00000000-0000-0000-0000-000000000000/resourceGroups/cli_test_ag_auth_cert000001/providers/Microsoft.Network/applicationGateways/ag1/requestRoutingRules/rule1\"\
        ,\r\n        \"etag\": \"W/\\\"b59e2264-a8b8-4c34-abfd-a4bb3255128d\\\"\"\
        ,\r\n        \"properties\": {\r\n          \"provisioningState\": \"Updating\"\
        ,\r\n          \"ruleType\": \"Basic\",\r\n          \"httpListener\": {\r\
        \n            \"id\": \"/subscriptions/00000000-0000-0000-0000-000000000000/resourceGroups/cli_test_ag_auth_cert000001/providers/Microsoft.Network/applicationGateways/ag1/httpListeners/appGatewayHttpListener\"\
        \r\n          },\r\n          \"backendAddressPool\": {\r\n            \"\
        id\": \"/subscriptions/00000000-0000-0000-0000-000000000000/resourceGroups/cli_test_ag_auth_cert000001/providers/Microsoft.Network/applicationGateways/ag1/backendAddressPools/appGatewayBackendPool\"\
        \r\n          },\r\n          \"backendHttpSettings\": {\r\n            \"\
        id\": \"/subscriptions/00000000-0000-0000-0000-000000000000/resourceGroups/cli_test_ag_auth_cert000001/providers/Microsoft.Network/applicationGateways/ag1/backendHttpSettingsCollection/appGatewayBackendHttpSettings\"\
        \r\n          }\r\n        },\r\n        \"type\": \"Microsoft.Network/applicationGateways/requestRoutingRules\"\
        \r\n      }\r\n    ],\r\n    \"probes\": [],\r\n    \"rewriteRuleSets\": [],\r\
        \n    \"redirectConfigurations\": []\r\n  }\r\n}"
    headers:
      cache-control:
      - no-cache
      content-length:
      - '10273'
      content-type:
      - application/json; charset=utf-8
      date:
      - Wed, 04 Nov 2020 03:54:10 GMT
      etag:
      - W/"b59e2264-a8b8-4c34-abfd-a4bb3255128d"
      expires:
      - '-1'
      pragma:
      - no-cache
      server:
      - Microsoft-HTTPAPI/2.0
      - Microsoft-HTTPAPI/2.0
      strict-transport-security:
      - max-age=31536000; includeSubDomains
      transfer-encoding:
      - chunked
      vary:
      - Accept-Encoding
      x-content-type-options:
      - nosniff
      x-ms-arm-service-request-id:
      - fefeecb0-764e-43a5-b2c7-b1e9023f5dd5
    status:
      code: 200
      message: OK
- request:
    body: '{"id": "/subscriptions/00000000-0000-0000-0000-000000000000/resourceGroups/cli_test_ag_auth_cert000001/providers/Microsoft.Network/applicationGateways/ag1",
      "location": "westus", "tags": {}, "properties": {"sku": {"name": "Standard_Medium",
      "tier": "Standard", "capacity": 2}, "gatewayIPConfigurations": [{"id": "/subscriptions/00000000-0000-0000-0000-000000000000/resourceGroups/cli_test_ag_auth_cert000001/providers/Microsoft.Network/applicationGateways/ag1/gatewayIPConfigurations/appGatewayPrivateFrontendIP",
      "properties": {"subnet": {"id": "/subscriptions/00000000-0000-0000-0000-000000000000/resourceGroups/cli_test_ag_auth_cert000001/providers/Microsoft.Network/virtualNetworks/ag1Vnet/subnets/default"}},
      "name": "appGatewayPrivateFrontendIP"}], "authenticationCertificates": [{"id":
      "/subscriptions/00000000-0000-0000-0000-000000000000/resourceGroups/cli_test_ag_auth_cert000001/providers/Microsoft.Network/applicationGateways/ag1/authenticationCertificates/cert1",
      "properties": {"data": "MIIBvzCCAW2gAwIBAgIQmJtabFWZYp1NjoMbcjRvajAJBgUrDgMCHQUAMBYxFDASBgNVBAMTC1Jvb3QgQWdlbmN5MB4XDTE2MDgyMzEzMjMyNFoXDTM5MTIzMTIzNTk1OVowIjEgMB4GA1UEAxMXSm9lJ3MtU29mdHdhcmUtRW1wb3JpdW0wgZ8wDQYJKoZIhvcNAQEBBQADgY0AMIGJAoGBAKH7RFdzRTwt8QPGQwBlLQox9ZvEjCIKzrB17IkWcAyRHpJMm+b00Ik8Sjm5UXwZY/DkXfkOBQ+RA9eaP5I1Aj043QQREs3MTFX7JppINYUk3gJzKPCHFHDb9qchy4qJjJAO/+PlWTP1M0T63Ln1fSIy3bjlPMfXoZK9+B+RJpIDAgMBAAGjSzBJMEcGA1UdAQRAMD6AEBLkCS0GHR1PAI1hIdwWZGOhGDAWMRQwEgYDVQQDEwtSb290IEFnZW5jeYIQBjdsAKoAZIoRz7jUqlw19DAJBgUrDgMCHQUAA0EAREgh2h7BQW5LImUO9dasVyKcQ+Y30iJ96P+/XQour7g/uAwxj/19JjE7i3Jt4tG5Ljc3o79G6QUspkP+QehBnA=="},
      "name": "cert1"}, {"properties": {"data": "MIIBvzCCAW2gAwIBAgIQdxrzWOg4waxNCWLqZDjNpjAJBgUrDgMCHQUAMBYxFDASBgNVBAMTC1Jvb3QgQWdlbmN5MB4XDTE2MDgyMzEzMzIzNloXDTM5MTIzMTIzNTk1OVowIjEgMB4GA1UEAxMXSm9lJ3MtU29mdHdhcmUtRW1wb3JpdW0wgZ8wDQYJKoZIhvcNAQEBBQADgY0AMIGJAoGBAKH7RFdzRTwt8QPGQwBlLQox9ZvEjCIKzrB17IkWcAyRHpJMm+b00Ik8Sjm5UXwZY/DkXfkOBQ+RA9eaP5I1Aj043QQREs3MTFX7JppINYUk3gJzKPCHFHDb9qchy4qJjJAO/+PlWTP1M0T63Ln1fSIy3bjlPMfXoZK9+B+RJpIDAgMBAAGjSzBJMEcGA1UdAQRAMD6AEBLkCS0GHR1PAI1hIdwWZGOhGDAWMRQwEgYDVQQDEwtSb290IEFnZW5jeYIQBjdsAKoAZIoRz7jUqlw19DAJBgUrDgMCHQUAA0EAY8c6yN4viFBfeW1aPIfW04IgqXz4nwUlGcKYr4Kdq887PgevaqZdsEcy6okZ7qjFZw4EtafD12cBQ1/Djl5j6Q=="},
      "name": "cert2"}], "sslCertificates": [], "frontendIPConfigurations": [{"id":
      "/subscriptions/00000000-0000-0000-0000-000000000000/resourceGroups/cli_test_ag_auth_cert000001/providers/Microsoft.Network/applicationGateways/ag1/frontendIPConfigurations/appGatewayPrivateFrontendIP",
      "properties": {"privateIPAllocationMethod": "Dynamic", "subnet": {"id": "/subscriptions/00000000-0000-0000-0000-000000000000/resourceGroups/cli_test_ag_auth_cert000001/providers/Microsoft.Network/virtualNetworks/ag1Vnet/subnets/default"}},
      "name": "appGatewayPrivateFrontendIP"}], "frontendPorts": [{"id": "/subscriptions/00000000-0000-0000-0000-000000000000/resourceGroups/cli_test_ag_auth_cert000001/providers/Microsoft.Network/applicationGateways/ag1/frontendPorts/appGatewayFrontendPort",
      "properties": {"port": 80}, "name": "appGatewayFrontendPort"}], "probes": [],
      "backendAddressPools": [{"id": "/subscriptions/00000000-0000-0000-0000-000000000000/resourceGroups/cli_test_ag_auth_cert000001/providers/Microsoft.Network/applicationGateways/ag1/backendAddressPools/appGatewayBackendPool",
      "properties": {"backendAddresses": []}, "name": "appGatewayBackendPool"}], "backendHttpSettingsCollection":
      [{"id": "/subscriptions/00000000-0000-0000-0000-000000000000/resourceGroups/cli_test_ag_auth_cert000001/providers/Microsoft.Network/applicationGateways/ag1/backendHttpSettingsCollection/appGatewayBackendHttpSettings",
      "properties": {"port": 80, "protocol": "Http", "cookieBasedAffinity": "Disabled",
      "requestTimeout": 30, "connectionDraining": {"enabled": false, "drainTimeoutInSec":
      1}, "pickHostNameFromBackendAddress": false}, "name": "appGatewayBackendHttpSettings"}],
      "httpListeners": [{"id": "/subscriptions/00000000-0000-0000-0000-000000000000/resourceGroups/cli_test_ag_auth_cert000001/providers/Microsoft.Network/applicationGateways/ag1/httpListeners/appGatewayHttpListener",
      "properties": {"frontendIPConfiguration": {"id": "/subscriptions/00000000-0000-0000-0000-000000000000/resourceGroups/cli_test_ag_auth_cert000001/providers/Microsoft.Network/applicationGateways/ag1/frontendIPConfigurations/appGatewayPrivateFrontendIP"},
      "frontendPort": {"id": "/subscriptions/00000000-0000-0000-0000-000000000000/resourceGroups/cli_test_ag_auth_cert000001/providers/Microsoft.Network/applicationGateways/ag1/frontendPorts/appGatewayFrontendPort"},
      "protocol": "Http", "requireServerNameIndication": false, "hostNames": []},
      "name": "appGatewayHttpListener"}], "urlPathMaps": [], "requestRoutingRules":
      [{"id": "/subscriptions/00000000-0000-0000-0000-000000000000/resourceGroups/cli_test_ag_auth_cert000001/providers/Microsoft.Network/applicationGateways/ag1/requestRoutingRules/rule1",
      "properties": {"ruleType": "Basic", "backendAddressPool": {"id": "/subscriptions/00000000-0000-0000-0000-000000000000/resourceGroups/cli_test_ag_auth_cert000001/providers/Microsoft.Network/applicationGateways/ag1/backendAddressPools/appGatewayBackendPool"},
      "backendHttpSettings": {"id": "/subscriptions/00000000-0000-0000-0000-000000000000/resourceGroups/cli_test_ag_auth_cert000001/providers/Microsoft.Network/applicationGateways/ag1/backendHttpSettingsCollection/appGatewayBackendHttpSettings"},
      "httpListener": {"id": "/subscriptions/00000000-0000-0000-0000-000000000000/resourceGroups/cli_test_ag_auth_cert000001/providers/Microsoft.Network/applicationGateways/ag1/httpListeners/appGatewayHttpListener"}},
      "name": "rule1"}], "rewriteRuleSets": [], "redirectConfigurations": []}}'
    headers:
      Accept:
      - application/json
      Accept-Encoding:
      - gzip, deflate
      CommandName:
      - network application-gateway auth-cert create
      Connection:
      - keep-alive
      Content-Length:
      - '6480'
      Content-Type:
      - application/json; charset=utf-8
      ParameterSetName:
      - -g --gateway-name -n --cert-file --no-wait
      User-Agent:
      - python/3.7.4 (Linux-4.15.0-112-generic-x86_64-with-debian-buster-sid) msrest/0.6.18
        msrest_azure/0.6.3 azure-mgmt-network/12.0.0 Azure-SDK-For-Python AZURECLI/2.14.0
      accept-language:
      - en-US
    method: PUT
    uri: https://management.azure.com/subscriptions/00000000-0000-0000-0000-000000000000/resourceGroups/cli_test_ag_auth_cert000001/providers/Microsoft.Network/applicationGateways/ag1?api-version=2020-06-01
  response:
    body:
      string: "{\r\n  \"name\": \"ag1\",\r\n  \"id\": \"/subscriptions/00000000-0000-0000-0000-000000000000/resourceGroups/cli_test_ag_auth_cert000001/providers/Microsoft.Network/applicationGateways/ag1\"\
        ,\r\n  \"etag\": \"W/\\\"22e916b2-801b-47ed-83c7-74b2e145972e\\\"\",\r\n \
        \ \"type\": \"Microsoft.Network/applicationGateways\",\r\n  \"location\":\
        \ \"westus\",\r\n  \"tags\": {},\r\n  \"properties\": {\r\n    \"provisioningState\"\
        : \"Updating\",\r\n    \"resourceGuid\": \"2b736747-1bb1-49bf-87eb-0240454ea697\"\
        ,\r\n    \"sku\": {\r\n      \"name\": \"Standard_Medium\",\r\n      \"tier\"\
        : \"Standard\",\r\n      \"capacity\": 2\r\n    },\r\n    \"operationalState\"\
        : \"Stopped\",\r\n    \"gatewayIPConfigurations\": [\r\n      {\r\n      \
        \  \"name\": \"appGatewayPrivateFrontendIP\",\r\n        \"id\": \"/subscriptions/00000000-0000-0000-0000-000000000000/resourceGroups/cli_test_ag_auth_cert000001/providers/Microsoft.Network/applicationGateways/ag1/gatewayIPConfigurations/appGatewayPrivateFrontendIP\"\
        ,\r\n        \"etag\": \"W/\\\"22e916b2-801b-47ed-83c7-74b2e145972e\\\"\"\
        ,\r\n        \"properties\": {\r\n          \"provisioningState\": \"Updating\"\
        ,\r\n          \"subnet\": {\r\n            \"id\": \"/subscriptions/00000000-0000-0000-0000-000000000000/resourceGroups/cli_test_ag_auth_cert000001/providers/Microsoft.Network/virtualNetworks/ag1Vnet/subnets/default\"\
        \r\n          }\r\n        },\r\n        \"type\": \"Microsoft.Network/applicationGateways/gatewayIPConfigurations\"\
        \r\n      }\r\n    ],\r\n    \"sslCertificates\": [],\r\n    \"authenticationCertificates\"\
        : [\r\n      {\r\n        \"name\": \"cert1\",\r\n        \"id\": \"/subscriptions/00000000-0000-0000-0000-000000000000/resourceGroups/cli_test_ag_auth_cert000001/providers/Microsoft.Network/applicationGateways/ag1/authenticationCertificates/cert1\"\
        ,\r\n        \"etag\": \"W/\\\"22e916b2-801b-47ed-83c7-74b2e145972e\\\"\"\
        ,\r\n        \"properties\": {\r\n          \"provisioningState\": \"Updating\"\
        ,\r\n          \"data\": \"MIIBvzCCAW2gAwIBAgIQmJtabFWZYp1NjoMbcjRvajAJBgUrDgMCHQUAMBYxFDASBgNVBAMTC1Jvb3QgQWdlbmN5MB4XDTE2MDgyMzEzMjMyNFoXDTM5MTIzMTIzNTk1OVowIjEgMB4GA1UEAxMXSm9lJ3MtU29mdHdhcmUtRW1wb3JpdW0wgZ8wDQYJKoZIhvcNAQEBBQADgY0AMIGJAoGBAKH7RFdzRTwt8QPGQwBlLQox9ZvEjCIKzrB17IkWcAyRHpJMm+b00Ik8Sjm5UXwZY/DkXfkOBQ+RA9eaP5I1Aj043QQREs3MTFX7JppINYUk3gJzKPCHFHDb9qchy4qJjJAO/+PlWTP1M0T63Ln1fSIy3bjlPMfXoZK9+B+RJpIDAgMBAAGjSzBJMEcGA1UdAQRAMD6AEBLkCS0GHR1PAI1hIdwWZGOhGDAWMRQwEgYDVQQDEwtSb290IEFnZW5jeYIQBjdsAKoAZIoRz7jUqlw19DAJBgUrDgMCHQUAA0EAREgh2h7BQW5LImUO9dasVyKcQ+Y30iJ96P+/XQour7g/uAwxj/19JjE7i3Jt4tG5Ljc3o79G6QUspkP+QehBnA==\"\
        \r\n        },\r\n        \"type\": \"Microsoft.Network/applicationGateways/authenticationCertificates\"\
        \r\n      },\r\n      {\r\n        \"name\": \"cert2\",\r\n        \"id\"\
        : \"/subscriptions/00000000-0000-0000-0000-000000000000/resourceGroups/cli_test_ag_auth_cert000001/providers/Microsoft.Network/applicationGateways/ag1/authenticationCertificates/cert2\"\
        ,\r\n        \"etag\": \"W/\\\"22e916b2-801b-47ed-83c7-74b2e145972e\\\"\"\
        ,\r\n        \"properties\": {\r\n          \"provisioningState\": \"Updating\"\
        ,\r\n          \"data\": \"MIIBvzCCAW2gAwIBAgIQdxrzWOg4waxNCWLqZDjNpjAJBgUrDgMCHQUAMBYxFDASBgNVBAMTC1Jvb3QgQWdlbmN5MB4XDTE2MDgyMzEzMzIzNloXDTM5MTIzMTIzNTk1OVowIjEgMB4GA1UEAxMXSm9lJ3MtU29mdHdhcmUtRW1wb3JpdW0wgZ8wDQYJKoZIhvcNAQEBBQADgY0AMIGJAoGBAKH7RFdzRTwt8QPGQwBlLQox9ZvEjCIKzrB17IkWcAyRHpJMm+b00Ik8Sjm5UXwZY/DkXfkOBQ+RA9eaP5I1Aj043QQREs3MTFX7JppINYUk3gJzKPCHFHDb9qchy4qJjJAO/+PlWTP1M0T63Ln1fSIy3bjlPMfXoZK9+B+RJpIDAgMBAAGjSzBJMEcGA1UdAQRAMD6AEBLkCS0GHR1PAI1hIdwWZGOhGDAWMRQwEgYDVQQDEwtSb290IEFnZW5jeYIQBjdsAKoAZIoRz7jUqlw19DAJBgUrDgMCHQUAA0EAY8c6yN4viFBfeW1aPIfW04IgqXz4nwUlGcKYr4Kdq887PgevaqZdsEcy6okZ7qjFZw4EtafD12cBQ1/Djl5j6Q==\"\
        \r\n        },\r\n        \"type\": \"Microsoft.Network/applicationGateways/authenticationCertificates\"\
        \r\n      }\r\n    ],\r\n    \"frontendIPConfigurations\": [\r\n      {\r\n\
        \        \"name\": \"appGatewayPrivateFrontendIP\",\r\n        \"id\": \"\
        /subscriptions/00000000-0000-0000-0000-000000000000/resourceGroups/cli_test_ag_auth_cert000001/providers/Microsoft.Network/applicationGateways/ag1/frontendIPConfigurations/appGatewayPrivateFrontendIP\"\
        ,\r\n        \"etag\": \"W/\\\"22e916b2-801b-47ed-83c7-74b2e145972e\\\"\"\
        ,\r\n        \"type\": \"Microsoft.Network/applicationGateways/frontendIPConfigurations\"\
        ,\r\n        \"properties\": {\r\n          \"provisioningState\": \"Updating\"\
        ,\r\n          \"privateIPAllocationMethod\": \"Dynamic\",\r\n          \"\
        subnet\": {\r\n            \"id\": \"/subscriptions/00000000-0000-0000-0000-000000000000/resourceGroups/cli_test_ag_auth_cert000001/providers/Microsoft.Network/virtualNetworks/ag1Vnet/subnets/default\"\
        \r\n          },\r\n          \"httpListeners\": [\r\n            {\r\n  \
        \            \"id\": \"/subscriptions/00000000-0000-0000-0000-000000000000/resourceGroups/cli_test_ag_auth_cert000001/providers/Microsoft.Network/applicationGateways/ag1/httpListeners/appGatewayHttpListener\"\
        \r\n            }\r\n          ]\r\n        }\r\n      }\r\n    ],\r\n   \
        \ \"frontendPorts\": [\r\n      {\r\n        \"name\": \"appGatewayFrontendPort\"\
        ,\r\n        \"id\": \"/subscriptions/00000000-0000-0000-0000-000000000000/resourceGroups/cli_test_ag_auth_cert000001/providers/Microsoft.Network/applicationGateways/ag1/frontendPorts/appGatewayFrontendPort\"\
        ,\r\n        \"etag\": \"W/\\\"22e916b2-801b-47ed-83c7-74b2e145972e\\\"\"\
        ,\r\n        \"properties\": {\r\n          \"provisioningState\": \"Updating\"\
        ,\r\n          \"port\": 80,\r\n          \"httpListeners\": [\r\n       \
        \     {\r\n              \"id\": \"/subscriptions/00000000-0000-0000-0000-000000000000/resourceGroups/cli_test_ag_auth_cert000001/providers/Microsoft.Network/applicationGateways/ag1/httpListeners/appGatewayHttpListener\"\
        \r\n            }\r\n          ]\r\n        },\r\n        \"type\": \"Microsoft.Network/applicationGateways/frontendPorts\"\
        \r\n      }\r\n    ],\r\n    \"backendAddressPools\": [\r\n      {\r\n   \
        \     \"name\": \"appGatewayBackendPool\",\r\n        \"id\": \"/subscriptions/00000000-0000-0000-0000-000000000000/resourceGroups/cli_test_ag_auth_cert000001/providers/Microsoft.Network/applicationGateways/ag1/backendAddressPools/appGatewayBackendPool\"\
        ,\r\n        \"etag\": \"W/\\\"22e916b2-801b-47ed-83c7-74b2e145972e\\\"\"\
        ,\r\n        \"properties\": {\r\n          \"provisioningState\": \"Updating\"\
        ,\r\n          \"backendAddresses\": [],\r\n          \"requestRoutingRules\"\
        : [\r\n            {\r\n              \"id\": \"/subscriptions/00000000-0000-0000-0000-000000000000/resourceGroups/cli_test_ag_auth_cert000001/providers/Microsoft.Network/applicationGateways/ag1/requestRoutingRules/rule1\"\
        \r\n            }\r\n          ]\r\n        },\r\n        \"type\": \"Microsoft.Network/applicationGateways/backendAddressPools\"\
        \r\n      }\r\n    ],\r\n    \"backendHttpSettingsCollection\": [\r\n    \
        \  {\r\n        \"name\": \"appGatewayBackendHttpSettings\",\r\n        \"\
        id\": \"/subscriptions/00000000-0000-0000-0000-000000000000/resourceGroups/cli_test_ag_auth_cert000001/providers/Microsoft.Network/applicationGateways/ag1/backendHttpSettingsCollection/appGatewayBackendHttpSettings\"\
        ,\r\n        \"etag\": \"W/\\\"22e916b2-801b-47ed-83c7-74b2e145972e\\\"\"\
        ,\r\n        \"properties\": {\r\n          \"provisioningState\": \"Updating\"\
        ,\r\n          \"port\": 80,\r\n          \"protocol\": \"Http\",\r\n    \
        \      \"cookieBasedAffinity\": \"Disabled\",\r\n          \"connectionDraining\"\
        : {\r\n            \"enabled\": false,\r\n            \"drainTimeoutInSec\"\
        : 1\r\n          },\r\n          \"pickHostNameFromBackendAddress\": false,\r\
        \n          \"requestTimeout\": 30,\r\n          \"requestRoutingRules\":\
        \ [\r\n            {\r\n              \"id\": \"/subscriptions/00000000-0000-0000-0000-000000000000/resourceGroups/cli_test_ag_auth_cert000001/providers/Microsoft.Network/applicationGateways/ag1/requestRoutingRules/rule1\"\
        \r\n            }\r\n          ]\r\n        },\r\n        \"type\": \"Microsoft.Network/applicationGateways/backendHttpSettingsCollection\"\
        \r\n      }\r\n    ],\r\n    \"httpListeners\": [\r\n      {\r\n        \"\
        name\": \"appGatewayHttpListener\",\r\n        \"id\": \"/subscriptions/00000000-0000-0000-0000-000000000000/resourceGroups/cli_test_ag_auth_cert000001/providers/Microsoft.Network/applicationGateways/ag1/httpListeners/appGatewayHttpListener\"\
        ,\r\n        \"etag\": \"W/\\\"22e916b2-801b-47ed-83c7-74b2e145972e\\\"\"\
        ,\r\n        \"properties\": {\r\n          \"provisioningState\": \"Updating\"\
        ,\r\n          \"frontendIPConfiguration\": {\r\n            \"id\": \"/subscriptions/00000000-0000-0000-0000-000000000000/resourceGroups/cli_test_ag_auth_cert000001/providers/Microsoft.Network/applicationGateways/ag1/frontendIPConfigurations/appGatewayPrivateFrontendIP\"\
        \r\n          },\r\n          \"frontendPort\": {\r\n            \"id\": \"\
        /subscriptions/00000000-0000-0000-0000-000000000000/resourceGroups/cli_test_ag_auth_cert000001/providers/Microsoft.Network/applicationGateways/ag1/frontendPorts/appGatewayFrontendPort\"\
        \r\n          },\r\n          \"protocol\": \"Http\",\r\n          \"hostNames\"\
        : [],\r\n          \"requireServerNameIndication\": false,\r\n          \"\
        requestRoutingRules\": [\r\n            {\r\n              \"id\": \"/subscriptions/00000000-0000-0000-0000-000000000000/resourceGroups/cli_test_ag_auth_cert000001/providers/Microsoft.Network/applicationGateways/ag1/requestRoutingRules/rule1\"\
        \r\n            }\r\n          ]\r\n        },\r\n        \"type\": \"Microsoft.Network/applicationGateways/httpListeners\"\
        \r\n      }\r\n    ],\r\n    \"urlPathMaps\": [],\r\n    \"requestRoutingRules\"\
        : [\r\n      {\r\n        \"name\": \"rule1\",\r\n        \"id\": \"/subscriptions/00000000-0000-0000-0000-000000000000/resourceGroups/cli_test_ag_auth_cert000001/providers/Microsoft.Network/applicationGateways/ag1/requestRoutingRules/rule1\"\
        ,\r\n        \"etag\": \"W/\\\"22e916b2-801b-47ed-83c7-74b2e145972e\\\"\"\
        ,\r\n        \"properties\": {\r\n          \"provisioningState\": \"Updating\"\
        ,\r\n          \"ruleType\": \"Basic\",\r\n          \"httpListener\": {\r\
        \n            \"id\": \"/subscriptions/00000000-0000-0000-0000-000000000000/resourceGroups/cli_test_ag_auth_cert000001/providers/Microsoft.Network/applicationGateways/ag1/httpListeners/appGatewayHttpListener\"\
        \r\n          },\r\n          \"backendAddressPool\": {\r\n            \"\
        id\": \"/subscriptions/00000000-0000-0000-0000-000000000000/resourceGroups/cli_test_ag_auth_cert000001/providers/Microsoft.Network/applicationGateways/ag1/backendAddressPools/appGatewayBackendPool\"\
        \r\n          },\r\n          \"backendHttpSettings\": {\r\n            \"\
        id\": \"/subscriptions/00000000-0000-0000-0000-000000000000/resourceGroups/cli_test_ag_auth_cert000001/providers/Microsoft.Network/applicationGateways/ag1/backendHttpSettingsCollection/appGatewayBackendHttpSettings\"\
        \r\n          }\r\n        },\r\n        \"type\": \"Microsoft.Network/applicationGateways/requestRoutingRules\"\
        \r\n      }\r\n    ],\r\n    \"probes\": [],\r\n    \"rewriteRuleSets\": [],\r\
        \n    \"redirectConfigurations\": []\r\n  }\r\n}"
    headers:
      azure-asyncoperation:
      - https://management.azure.com/subscriptions/00000000-0000-0000-0000-000000000000/providers/Microsoft.Network/locations/westus/operations/6915c2b2-7975-4c13-b1a0-5588eabbfc33?api-version=2020-06-01
      cache-control:
      - no-cache
      content-length:
      - '11418'
      content-type:
      - application/json; charset=utf-8
      date:
      - Wed, 04 Nov 2020 03:54:11 GMT
      expires:
      - '-1'
      pragma:
      - no-cache
      server:
      - Microsoft-HTTPAPI/2.0
      - Microsoft-HTTPAPI/2.0
      strict-transport-security:
      - max-age=31536000; includeSubDomains
      transfer-encoding:
      - chunked
      vary:
      - Accept-Encoding
      x-content-type-options:
      - nosniff
      x-ms-arm-service-request-id:
      - 4a716917-98a0-4c6e-b152-dde103aeafe2
      x-ms-ratelimit-remaining-subscription-writes:
      - '1197'
    status:
      code: 200
      message: OK
- request:
    body: null
    headers:
      Accept:
      - application/json
      Accept-Encoding:
      - gzip, deflate
      CommandName:
      - network application-gateway http-settings create
      Connection:
      - keep-alive
      ParameterSetName:
      - -g --gateway-name -n --auth-certs --no-wait --port --protocol
      User-Agent:
      - python/3.7.4 (Linux-4.15.0-112-generic-x86_64-with-debian-buster-sid) msrest/0.6.18
        msrest_azure/0.6.3 azure-mgmt-network/12.0.0 Azure-SDK-For-Python AZURECLI/2.14.0
      accept-language:
      - en-US
    method: GET
    uri: https://management.azure.com/subscriptions/00000000-0000-0000-0000-000000000000/resourceGroups/cli_test_ag_auth_cert000001/providers/Microsoft.Network/applicationGateways/ag1?api-version=2020-06-01
  response:
    body:
      string: "{\r\n  \"name\": \"ag1\",\r\n  \"id\": \"/subscriptions/00000000-0000-0000-0000-000000000000/resourceGroups/cli_test_ag_auth_cert000001/providers/Microsoft.Network/applicationGateways/ag1\"\
        ,\r\n  \"etag\": \"W/\\\"14fd3308-13c2-4421-859d-312c689cfe61\\\"\",\r\n \
        \ \"type\": \"Microsoft.Network/applicationGateways\",\r\n  \"location\":\
        \ \"westus\",\r\n  \"tags\": {},\r\n  \"properties\": {\r\n    \"provisioningState\"\
        : \"Updating\",\r\n    \"resourceGuid\": \"2b736747-1bb1-49bf-87eb-0240454ea697\"\
        ,\r\n    \"sku\": {\r\n      \"name\": \"Standard_Medium\",\r\n      \"tier\"\
        : \"Standard\",\r\n      \"capacity\": 2\r\n    },\r\n    \"operationalState\"\
        : \"Stopped\",\r\n    \"gatewayIPConfigurations\": [\r\n      {\r\n      \
        \  \"name\": \"appGatewayPrivateFrontendIP\",\r\n        \"id\": \"/subscriptions/00000000-0000-0000-0000-000000000000/resourceGroups/cli_test_ag_auth_cert000001/providers/Microsoft.Network/applicationGateways/ag1/gatewayIPConfigurations/appGatewayPrivateFrontendIP\"\
        ,\r\n        \"etag\": \"W/\\\"14fd3308-13c2-4421-859d-312c689cfe61\\\"\"\
        ,\r\n        \"properties\": {\r\n          \"provisioningState\": \"Updating\"\
        ,\r\n          \"subnet\": {\r\n            \"id\": \"/subscriptions/00000000-0000-0000-0000-000000000000/resourceGroups/cli_test_ag_auth_cert000001/providers/Microsoft.Network/virtualNetworks/ag1Vnet/subnets/default\"\
        \r\n          }\r\n        },\r\n        \"type\": \"Microsoft.Network/applicationGateways/gatewayIPConfigurations\"\
        \r\n      }\r\n    ],\r\n    \"sslCertificates\": [],\r\n    \"authenticationCertificates\"\
        : [\r\n      {\r\n        \"name\": \"cert1\",\r\n        \"id\": \"/subscriptions/00000000-0000-0000-0000-000000000000/resourceGroups/cli_test_ag_auth_cert000001/providers/Microsoft.Network/applicationGateways/ag1/authenticationCertificates/cert1\"\
        ,\r\n        \"etag\": \"W/\\\"14fd3308-13c2-4421-859d-312c689cfe61\\\"\"\
        ,\r\n        \"properties\": {\r\n          \"provisioningState\": \"Updating\"\
        ,\r\n          \"data\": \"MIIBvzCCAW2gAwIBAgIQmJtabFWZYp1NjoMbcjRvajAJBgUrDgMCHQUAMBYxFDASBgNVBAMTC1Jvb3QgQWdlbmN5MB4XDTE2MDgyMzEzMjMyNFoXDTM5MTIzMTIzNTk1OVowIjEgMB4GA1UEAxMXSm9lJ3MtU29mdHdhcmUtRW1wb3JpdW0wgZ8wDQYJKoZIhvcNAQEBBQADgY0AMIGJAoGBAKH7RFdzRTwt8QPGQwBlLQox9ZvEjCIKzrB17IkWcAyRHpJMm+b00Ik8Sjm5UXwZY/DkXfkOBQ+RA9eaP5I1Aj043QQREs3MTFX7JppINYUk3gJzKPCHFHDb9qchy4qJjJAO/+PlWTP1M0T63Ln1fSIy3bjlPMfXoZK9+B+RJpIDAgMBAAGjSzBJMEcGA1UdAQRAMD6AEBLkCS0GHR1PAI1hIdwWZGOhGDAWMRQwEgYDVQQDEwtSb290IEFnZW5jeYIQBjdsAKoAZIoRz7jUqlw19DAJBgUrDgMCHQUAA0EAREgh2h7BQW5LImUO9dasVyKcQ+Y30iJ96P+/XQour7g/uAwxj/19JjE7i3Jt4tG5Ljc3o79G6QUspkP+QehBnA==\"\
        \r\n        },\r\n        \"type\": \"Microsoft.Network/applicationGateways/authenticationCertificates\"\
        \r\n      },\r\n      {\r\n        \"name\": \"cert2\",\r\n        \"id\"\
        : \"/subscriptions/00000000-0000-0000-0000-000000000000/resourceGroups/cli_test_ag_auth_cert000001/providers/Microsoft.Network/applicationGateways/ag1/authenticationCertificates/cert2\"\
        ,\r\n        \"etag\": \"W/\\\"14fd3308-13c2-4421-859d-312c689cfe61\\\"\"\
        ,\r\n        \"properties\": {\r\n          \"provisioningState\": \"Updating\"\
        ,\r\n          \"data\": \"MIIBvzCCAW2gAwIBAgIQdxrzWOg4waxNCWLqZDjNpjAJBgUrDgMCHQUAMBYxFDASBgNVBAMTC1Jvb3QgQWdlbmN5MB4XDTE2MDgyMzEzMzIzNloXDTM5MTIzMTIzNTk1OVowIjEgMB4GA1UEAxMXSm9lJ3MtU29mdHdhcmUtRW1wb3JpdW0wgZ8wDQYJKoZIhvcNAQEBBQADgY0AMIGJAoGBAKH7RFdzRTwt8QPGQwBlLQox9ZvEjCIKzrB17IkWcAyRHpJMm+b00Ik8Sjm5UXwZY/DkXfkOBQ+RA9eaP5I1Aj043QQREs3MTFX7JppINYUk3gJzKPCHFHDb9qchy4qJjJAO/+PlWTP1M0T63Ln1fSIy3bjlPMfXoZK9+B+RJpIDAgMBAAGjSzBJMEcGA1UdAQRAMD6AEBLkCS0GHR1PAI1hIdwWZGOhGDAWMRQwEgYDVQQDEwtSb290IEFnZW5jeYIQBjdsAKoAZIoRz7jUqlw19DAJBgUrDgMCHQUAA0EAY8c6yN4viFBfeW1aPIfW04IgqXz4nwUlGcKYr4Kdq887PgevaqZdsEcy6okZ7qjFZw4EtafD12cBQ1/Djl5j6Q==\"\
        \r\n        },\r\n        \"type\": \"Microsoft.Network/applicationGateways/authenticationCertificates\"\
        \r\n      }\r\n    ],\r\n    \"frontendIPConfigurations\": [\r\n      {\r\n\
        \        \"name\": \"appGatewayPrivateFrontendIP\",\r\n        \"id\": \"\
        /subscriptions/00000000-0000-0000-0000-000000000000/resourceGroups/cli_test_ag_auth_cert000001/providers/Microsoft.Network/applicationGateways/ag1/frontendIPConfigurations/appGatewayPrivateFrontendIP\"\
        ,\r\n        \"etag\": \"W/\\\"14fd3308-13c2-4421-859d-312c689cfe61\\\"\"\
        ,\r\n        \"type\": \"Microsoft.Network/applicationGateways/frontendIPConfigurations\"\
        ,\r\n        \"properties\": {\r\n          \"provisioningState\": \"Updating\"\
        ,\r\n          \"privateIPAllocationMethod\": \"Dynamic\",\r\n          \"\
        subnet\": {\r\n            \"id\": \"/subscriptions/00000000-0000-0000-0000-000000000000/resourceGroups/cli_test_ag_auth_cert000001/providers/Microsoft.Network/virtualNetworks/ag1Vnet/subnets/default\"\
        \r\n          },\r\n          \"httpListeners\": [\r\n            {\r\n  \
        \            \"id\": \"/subscriptions/00000000-0000-0000-0000-000000000000/resourceGroups/cli_test_ag_auth_cert000001/providers/Microsoft.Network/applicationGateways/ag1/httpListeners/appGatewayHttpListener\"\
        \r\n            }\r\n          ]\r\n        }\r\n      }\r\n    ],\r\n   \
        \ \"frontendPorts\": [\r\n      {\r\n        \"name\": \"appGatewayFrontendPort\"\
        ,\r\n        \"id\": \"/subscriptions/00000000-0000-0000-0000-000000000000/resourceGroups/cli_test_ag_auth_cert000001/providers/Microsoft.Network/applicationGateways/ag1/frontendPorts/appGatewayFrontendPort\"\
        ,\r\n        \"etag\": \"W/\\\"14fd3308-13c2-4421-859d-312c689cfe61\\\"\"\
        ,\r\n        \"properties\": {\r\n          \"provisioningState\": \"Updating\"\
        ,\r\n          \"port\": 80,\r\n          \"httpListeners\": [\r\n       \
        \     {\r\n              \"id\": \"/subscriptions/00000000-0000-0000-0000-000000000000/resourceGroups/cli_test_ag_auth_cert000001/providers/Microsoft.Network/applicationGateways/ag1/httpListeners/appGatewayHttpListener\"\
        \r\n            }\r\n          ]\r\n        },\r\n        \"type\": \"Microsoft.Network/applicationGateways/frontendPorts\"\
        \r\n      }\r\n    ],\r\n    \"backendAddressPools\": [\r\n      {\r\n   \
        \     \"name\": \"appGatewayBackendPool\",\r\n        \"id\": \"/subscriptions/00000000-0000-0000-0000-000000000000/resourceGroups/cli_test_ag_auth_cert000001/providers/Microsoft.Network/applicationGateways/ag1/backendAddressPools/appGatewayBackendPool\"\
        ,\r\n        \"etag\": \"W/\\\"14fd3308-13c2-4421-859d-312c689cfe61\\\"\"\
        ,\r\n        \"properties\": {\r\n          \"provisioningState\": \"Updating\"\
        ,\r\n          \"backendAddresses\": [],\r\n          \"requestRoutingRules\"\
        : [\r\n            {\r\n              \"id\": \"/subscriptions/00000000-0000-0000-0000-000000000000/resourceGroups/cli_test_ag_auth_cert000001/providers/Microsoft.Network/applicationGateways/ag1/requestRoutingRules/rule1\"\
        \r\n            }\r\n          ]\r\n        },\r\n        \"type\": \"Microsoft.Network/applicationGateways/backendAddressPools\"\
        \r\n      }\r\n    ],\r\n    \"backendHttpSettingsCollection\": [\r\n    \
        \  {\r\n        \"name\": \"appGatewayBackendHttpSettings\",\r\n        \"\
        id\": \"/subscriptions/00000000-0000-0000-0000-000000000000/resourceGroups/cli_test_ag_auth_cert000001/providers/Microsoft.Network/applicationGateways/ag1/backendHttpSettingsCollection/appGatewayBackendHttpSettings\"\
        ,\r\n        \"etag\": \"W/\\\"14fd3308-13c2-4421-859d-312c689cfe61\\\"\"\
        ,\r\n        \"properties\": {\r\n          \"provisioningState\": \"Updating\"\
        ,\r\n          \"port\": 80,\r\n          \"protocol\": \"Http\",\r\n    \
        \      \"cookieBasedAffinity\": \"Disabled\",\r\n          \"connectionDraining\"\
        : {\r\n            \"enabled\": false,\r\n            \"drainTimeoutInSec\"\
        : 1\r\n          },\r\n          \"pickHostNameFromBackendAddress\": false,\r\
        \n          \"requestTimeout\": 30,\r\n          \"requestRoutingRules\":\
        \ [\r\n            {\r\n              \"id\": \"/subscriptions/00000000-0000-0000-0000-000000000000/resourceGroups/cli_test_ag_auth_cert000001/providers/Microsoft.Network/applicationGateways/ag1/requestRoutingRules/rule1\"\
        \r\n            }\r\n          ]\r\n        },\r\n        \"type\": \"Microsoft.Network/applicationGateways/backendHttpSettingsCollection\"\
        \r\n      }\r\n    ],\r\n    \"httpListeners\": [\r\n      {\r\n        \"\
        name\": \"appGatewayHttpListener\",\r\n        \"id\": \"/subscriptions/00000000-0000-0000-0000-000000000000/resourceGroups/cli_test_ag_auth_cert000001/providers/Microsoft.Network/applicationGateways/ag1/httpListeners/appGatewayHttpListener\"\
        ,\r\n        \"etag\": \"W/\\\"14fd3308-13c2-4421-859d-312c689cfe61\\\"\"\
        ,\r\n        \"properties\": {\r\n          \"provisioningState\": \"Updating\"\
        ,\r\n          \"frontendIPConfiguration\": {\r\n            \"id\": \"/subscriptions/00000000-0000-0000-0000-000000000000/resourceGroups/cli_test_ag_auth_cert000001/providers/Microsoft.Network/applicationGateways/ag1/frontendIPConfigurations/appGatewayPrivateFrontendIP\"\
        \r\n          },\r\n          \"frontendPort\": {\r\n            \"id\": \"\
        /subscriptions/00000000-0000-0000-0000-000000000000/resourceGroups/cli_test_ag_auth_cert000001/providers/Microsoft.Network/applicationGateways/ag1/frontendPorts/appGatewayFrontendPort\"\
        \r\n          },\r\n          \"protocol\": \"Http\",\r\n          \"hostNames\"\
        : [],\r\n          \"requireServerNameIndication\": false,\r\n          \"\
        requestRoutingRules\": [\r\n            {\r\n              \"id\": \"/subscriptions/00000000-0000-0000-0000-000000000000/resourceGroups/cli_test_ag_auth_cert000001/providers/Microsoft.Network/applicationGateways/ag1/requestRoutingRules/rule1\"\
        \r\n            }\r\n          ]\r\n        },\r\n        \"type\": \"Microsoft.Network/applicationGateways/httpListeners\"\
        \r\n      }\r\n    ],\r\n    \"urlPathMaps\": [],\r\n    \"requestRoutingRules\"\
        : [\r\n      {\r\n        \"name\": \"rule1\",\r\n        \"id\": \"/subscriptions/00000000-0000-0000-0000-000000000000/resourceGroups/cli_test_ag_auth_cert000001/providers/Microsoft.Network/applicationGateways/ag1/requestRoutingRules/rule1\"\
        ,\r\n        \"etag\": \"W/\\\"14fd3308-13c2-4421-859d-312c689cfe61\\\"\"\
        ,\r\n        \"properties\": {\r\n          \"provisioningState\": \"Updating\"\
        ,\r\n          \"ruleType\": \"Basic\",\r\n          \"httpListener\": {\r\
        \n            \"id\": \"/subscriptions/00000000-0000-0000-0000-000000000000/resourceGroups/cli_test_ag_auth_cert000001/providers/Microsoft.Network/applicationGateways/ag1/httpListeners/appGatewayHttpListener\"\
        \r\n          },\r\n          \"backendAddressPool\": {\r\n            \"\
        id\": \"/subscriptions/00000000-0000-0000-0000-000000000000/resourceGroups/cli_test_ag_auth_cert000001/providers/Microsoft.Network/applicationGateways/ag1/backendAddressPools/appGatewayBackendPool\"\
        \r\n          },\r\n          \"backendHttpSettings\": {\r\n            \"\
        id\": \"/subscriptions/00000000-0000-0000-0000-000000000000/resourceGroups/cli_test_ag_auth_cert000001/providers/Microsoft.Network/applicationGateways/ag1/backendHttpSettingsCollection/appGatewayBackendHttpSettings\"\
        \r\n          }\r\n        },\r\n        \"type\": \"Microsoft.Network/applicationGateways/requestRoutingRules\"\
        \r\n      }\r\n    ],\r\n    \"probes\": [],\r\n    \"rewriteRuleSets\": [],\r\
        \n    \"redirectConfigurations\": []\r\n  }\r\n}"
    headers:
      cache-control:
      - no-cache
      content-length:
      - '11418'
      content-type:
      - application/json; charset=utf-8
      date:
      - Wed, 04 Nov 2020 03:54:12 GMT
      etag:
      - W/"14fd3308-13c2-4421-859d-312c689cfe61"
      expires:
      - '-1'
      pragma:
      - no-cache
      server:
      - Microsoft-HTTPAPI/2.0
      - Microsoft-HTTPAPI/2.0
      strict-transport-security:
      - max-age=31536000; includeSubDomains
      transfer-encoding:
      - chunked
      vary:
      - Accept-Encoding
      x-content-type-options:
      - nosniff
      x-ms-arm-service-request-id:
      - 5359a0bc-1e81-44da-b913-cb48999a7d52
    status:
      code: 200
      message: OK
- request:
    body: '{"id": "/subscriptions/00000000-0000-0000-0000-000000000000/resourceGroups/cli_test_ag_auth_cert000001/providers/Microsoft.Network/applicationGateways/ag1",
      "location": "westus", "tags": {}, "properties": {"sku": {"name": "Standard_Medium",
      "tier": "Standard", "capacity": 2}, "gatewayIPConfigurations": [{"id": "/subscriptions/00000000-0000-0000-0000-000000000000/resourceGroups/cli_test_ag_auth_cert000001/providers/Microsoft.Network/applicationGateways/ag1/gatewayIPConfigurations/appGatewayPrivateFrontendIP",
      "properties": {"subnet": {"id": "/subscriptions/00000000-0000-0000-0000-000000000000/resourceGroups/cli_test_ag_auth_cert000001/providers/Microsoft.Network/virtualNetworks/ag1Vnet/subnets/default"}},
      "name": "appGatewayPrivateFrontendIP"}], "authenticationCertificates": [{"id":
      "/subscriptions/00000000-0000-0000-0000-000000000000/resourceGroups/cli_test_ag_auth_cert000001/providers/Microsoft.Network/applicationGateways/ag1/authenticationCertificates/cert1",
      "properties": {"data": "MIIBvzCCAW2gAwIBAgIQmJtabFWZYp1NjoMbcjRvajAJBgUrDgMCHQUAMBYxFDASBgNVBAMTC1Jvb3QgQWdlbmN5MB4XDTE2MDgyMzEzMjMyNFoXDTM5MTIzMTIzNTk1OVowIjEgMB4GA1UEAxMXSm9lJ3MtU29mdHdhcmUtRW1wb3JpdW0wgZ8wDQYJKoZIhvcNAQEBBQADgY0AMIGJAoGBAKH7RFdzRTwt8QPGQwBlLQox9ZvEjCIKzrB17IkWcAyRHpJMm+b00Ik8Sjm5UXwZY/DkXfkOBQ+RA9eaP5I1Aj043QQREs3MTFX7JppINYUk3gJzKPCHFHDb9qchy4qJjJAO/+PlWTP1M0T63Ln1fSIy3bjlPMfXoZK9+B+RJpIDAgMBAAGjSzBJMEcGA1UdAQRAMD6AEBLkCS0GHR1PAI1hIdwWZGOhGDAWMRQwEgYDVQQDEwtSb290IEFnZW5jeYIQBjdsAKoAZIoRz7jUqlw19DAJBgUrDgMCHQUAA0EAREgh2h7BQW5LImUO9dasVyKcQ+Y30iJ96P+/XQour7g/uAwxj/19JjE7i3Jt4tG5Ljc3o79G6QUspkP+QehBnA=="},
      "name": "cert1"}, {"id": "/subscriptions/00000000-0000-0000-0000-000000000000/resourceGroups/cli_test_ag_auth_cert000001/providers/Microsoft.Network/applicationGateways/ag1/authenticationCertificates/cert2",
      "properties": {"data": "MIIBvzCCAW2gAwIBAgIQdxrzWOg4waxNCWLqZDjNpjAJBgUrDgMCHQUAMBYxFDASBgNVBAMTC1Jvb3QgQWdlbmN5MB4XDTE2MDgyMzEzMzIzNloXDTM5MTIzMTIzNTk1OVowIjEgMB4GA1UEAxMXSm9lJ3MtU29mdHdhcmUtRW1wb3JpdW0wgZ8wDQYJKoZIhvcNAQEBBQADgY0AMIGJAoGBAKH7RFdzRTwt8QPGQwBlLQox9ZvEjCIKzrB17IkWcAyRHpJMm+b00Ik8Sjm5UXwZY/DkXfkOBQ+RA9eaP5I1Aj043QQREs3MTFX7JppINYUk3gJzKPCHFHDb9qchy4qJjJAO/+PlWTP1M0T63Ln1fSIy3bjlPMfXoZK9+B+RJpIDAgMBAAGjSzBJMEcGA1UdAQRAMD6AEBLkCS0GHR1PAI1hIdwWZGOhGDAWMRQwEgYDVQQDEwtSb290IEFnZW5jeYIQBjdsAKoAZIoRz7jUqlw19DAJBgUrDgMCHQUAA0EAY8c6yN4viFBfeW1aPIfW04IgqXz4nwUlGcKYr4Kdq887PgevaqZdsEcy6okZ7qjFZw4EtafD12cBQ1/Djl5j6Q=="},
      "name": "cert2"}], "sslCertificates": [], "frontendIPConfigurations": [{"id":
      "/subscriptions/00000000-0000-0000-0000-000000000000/resourceGroups/cli_test_ag_auth_cert000001/providers/Microsoft.Network/applicationGateways/ag1/frontendIPConfigurations/appGatewayPrivateFrontendIP",
      "properties": {"privateIPAllocationMethod": "Dynamic", "subnet": {"id": "/subscriptions/00000000-0000-0000-0000-000000000000/resourceGroups/cli_test_ag_auth_cert000001/providers/Microsoft.Network/virtualNetworks/ag1Vnet/subnets/default"}},
      "name": "appGatewayPrivateFrontendIP"}], "frontendPorts": [{"id": "/subscriptions/00000000-0000-0000-0000-000000000000/resourceGroups/cli_test_ag_auth_cert000001/providers/Microsoft.Network/applicationGateways/ag1/frontendPorts/appGatewayFrontendPort",
      "properties": {"port": 80}, "name": "appGatewayFrontendPort"}], "probes": [],
      "backendAddressPools": [{"id": "/subscriptions/00000000-0000-0000-0000-000000000000/resourceGroups/cli_test_ag_auth_cert000001/providers/Microsoft.Network/applicationGateways/ag1/backendAddressPools/appGatewayBackendPool",
      "properties": {"backendAddresses": []}, "name": "appGatewayBackendPool"}], "backendHttpSettingsCollection":
      [{"id": "/subscriptions/00000000-0000-0000-0000-000000000000/resourceGroups/cli_test_ag_auth_cert000001/providers/Microsoft.Network/applicationGateways/ag1/backendHttpSettingsCollection/appGatewayBackendHttpSettings",
      "properties": {"port": 80, "protocol": "Http", "cookieBasedAffinity": "Disabled",
      "requestTimeout": 30, "connectionDraining": {"enabled": false, "drainTimeoutInSec":
      1}, "pickHostNameFromBackendAddress": false}, "name": "appGatewayBackendHttpSettings"},
      {"properties": {"port": 443, "protocol": "Https", "cookieBasedAffinity": "Disabled",
      "authenticationCertificates": [{"id": "/subscriptions/00000000-0000-0000-0000-000000000000/resourceGroups/cli_test_ag_auth_cert000001/providers/Microsoft.Network/applicationGateways/ag1/authenticationCertificates/cert1"},
      {"id": "/subscriptions/00000000-0000-0000-0000-000000000000/resourceGroups/cli_test_ag_auth_cert000001/providers/Microsoft.Network/applicationGateways/ag1/authenticationCertificates/cert2"}],
      "trustedRootCertificates": [], "connectionDraining": {"enabled": false, "drainTimeoutInSec":
      1}}, "name": "https_settings"}], "httpListeners": [{"id": "/subscriptions/00000000-0000-0000-0000-000000000000/resourceGroups/cli_test_ag_auth_cert000001/providers/Microsoft.Network/applicationGateways/ag1/httpListeners/appGatewayHttpListener",
      "properties": {"frontendIPConfiguration": {"id": "/subscriptions/00000000-0000-0000-0000-000000000000/resourceGroups/cli_test_ag_auth_cert000001/providers/Microsoft.Network/applicationGateways/ag1/frontendIPConfigurations/appGatewayPrivateFrontendIP"},
      "frontendPort": {"id": "/subscriptions/00000000-0000-0000-0000-000000000000/resourceGroups/cli_test_ag_auth_cert000001/providers/Microsoft.Network/applicationGateways/ag1/frontendPorts/appGatewayFrontendPort"},
      "protocol": "Http", "requireServerNameIndication": false, "hostNames": []},
      "name": "appGatewayHttpListener"}], "urlPathMaps": [], "requestRoutingRules":
      [{"id": "/subscriptions/00000000-0000-0000-0000-000000000000/resourceGroups/cli_test_ag_auth_cert000001/providers/Microsoft.Network/applicationGateways/ag1/requestRoutingRules/rule1",
      "properties": {"ruleType": "Basic", "backendAddressPool": {"id": "/subscriptions/00000000-0000-0000-0000-000000000000/resourceGroups/cli_test_ag_auth_cert000001/providers/Microsoft.Network/applicationGateways/ag1/backendAddressPools/appGatewayBackendPool"},
      "backendHttpSettings": {"id": "/subscriptions/00000000-0000-0000-0000-000000000000/resourceGroups/cli_test_ag_auth_cert000001/providers/Microsoft.Network/applicationGateways/ag1/backendHttpSettingsCollection/appGatewayBackendHttpSettings"},
      "httpListener": {"id": "/subscriptions/00000000-0000-0000-0000-000000000000/resourceGroups/cli_test_ag_auth_cert000001/providers/Microsoft.Network/applicationGateways/ag1/httpListeners/appGatewayHttpListener"}},
      "name": "rule1"}], "rewriteRuleSets": [], "redirectConfigurations": []}}'
    headers:
      Accept:
      - application/json
      Accept-Encoding:
      - gzip, deflate
      CommandName:
      - network application-gateway http-settings create
      Connection:
      - keep-alive
      Content-Length:
      - '7437'
      Content-Type:
      - application/json; charset=utf-8
      ParameterSetName:
      - -g --gateway-name -n --auth-certs --no-wait --port --protocol
      User-Agent:
      - python/3.7.4 (Linux-4.15.0-112-generic-x86_64-with-debian-buster-sid) msrest/0.6.18
        msrest_azure/0.6.3 azure-mgmt-network/12.0.0 Azure-SDK-For-Python AZURECLI/2.14.0
      accept-language:
      - en-US
    method: PUT
    uri: https://management.azure.com/subscriptions/00000000-0000-0000-0000-000000000000/resourceGroups/cli_test_ag_auth_cert000001/providers/Microsoft.Network/applicationGateways/ag1?api-version=2020-06-01
  response:
    body:
      string: "{\r\n  \"name\": \"ag1\",\r\n  \"id\": \"/subscriptions/00000000-0000-0000-0000-000000000000/resourceGroups/cli_test_ag_auth_cert000001/providers/Microsoft.Network/applicationGateways/ag1\"\
        ,\r\n  \"etag\": \"W/\\\"701b0c67-2fe5-4d2e-8d97-3ac265b57287\\\"\",\r\n \
        \ \"type\": \"Microsoft.Network/applicationGateways\",\r\n  \"location\":\
        \ \"westus\",\r\n  \"tags\": {},\r\n  \"properties\": {\r\n    \"provisioningState\"\
        : \"Updating\",\r\n    \"resourceGuid\": \"2b736747-1bb1-49bf-87eb-0240454ea697\"\
        ,\r\n    \"sku\": {\r\n      \"name\": \"Standard_Medium\",\r\n      \"tier\"\
        : \"Standard\",\r\n      \"capacity\": 2\r\n    },\r\n    \"operationalState\"\
        : \"Stopped\",\r\n    \"gatewayIPConfigurations\": [\r\n      {\r\n      \
        \  \"name\": \"appGatewayPrivateFrontendIP\",\r\n        \"id\": \"/subscriptions/00000000-0000-0000-0000-000000000000/resourceGroups/cli_test_ag_auth_cert000001/providers/Microsoft.Network/applicationGateways/ag1/gatewayIPConfigurations/appGatewayPrivateFrontendIP\"\
        ,\r\n        \"etag\": \"W/\\\"701b0c67-2fe5-4d2e-8d97-3ac265b57287\\\"\"\
        ,\r\n        \"properties\": {\r\n          \"provisioningState\": \"Updating\"\
        ,\r\n          \"subnet\": {\r\n            \"id\": \"/subscriptions/00000000-0000-0000-0000-000000000000/resourceGroups/cli_test_ag_auth_cert000001/providers/Microsoft.Network/virtualNetworks/ag1Vnet/subnets/default\"\
        \r\n          }\r\n        },\r\n        \"type\": \"Microsoft.Network/applicationGateways/gatewayIPConfigurations\"\
        \r\n      }\r\n    ],\r\n    \"sslCertificates\": [],\r\n    \"authenticationCertificates\"\
        : [\r\n      {\r\n        \"name\": \"cert1\",\r\n        \"id\": \"/subscriptions/00000000-0000-0000-0000-000000000000/resourceGroups/cli_test_ag_auth_cert000001/providers/Microsoft.Network/applicationGateways/ag1/authenticationCertificates/cert1\"\
        ,\r\n        \"etag\": \"W/\\\"701b0c67-2fe5-4d2e-8d97-3ac265b57287\\\"\"\
        ,\r\n        \"properties\": {\r\n          \"provisioningState\": \"Updating\"\
        ,\r\n          \"data\": \"MIIBvzCCAW2gAwIBAgIQmJtabFWZYp1NjoMbcjRvajAJBgUrDgMCHQUAMBYxFDASBgNVBAMTC1Jvb3QgQWdlbmN5MB4XDTE2MDgyMzEzMjMyNFoXDTM5MTIzMTIzNTk1OVowIjEgMB4GA1UEAxMXSm9lJ3MtU29mdHdhcmUtRW1wb3JpdW0wgZ8wDQYJKoZIhvcNAQEBBQADgY0AMIGJAoGBAKH7RFdzRTwt8QPGQwBlLQox9ZvEjCIKzrB17IkWcAyRHpJMm+b00Ik8Sjm5UXwZY/DkXfkOBQ+RA9eaP5I1Aj043QQREs3MTFX7JppINYUk3gJzKPCHFHDb9qchy4qJjJAO/+PlWTP1M0T63Ln1fSIy3bjlPMfXoZK9+B+RJpIDAgMBAAGjSzBJMEcGA1UdAQRAMD6AEBLkCS0GHR1PAI1hIdwWZGOhGDAWMRQwEgYDVQQDEwtSb290IEFnZW5jeYIQBjdsAKoAZIoRz7jUqlw19DAJBgUrDgMCHQUAA0EAREgh2h7BQW5LImUO9dasVyKcQ+Y30iJ96P+/XQour7g/uAwxj/19JjE7i3Jt4tG5Ljc3o79G6QUspkP+QehBnA==\"\
        ,\r\n          \"backendHttpSettings\": [\r\n            {\r\n           \
        \   \"id\": \"/subscriptions/00000000-0000-0000-0000-000000000000/resourceGroups/cli_test_ag_auth_cert000001/providers/Microsoft.Network/applicationGateways/ag1/backendHttpSettingsCollection/https_settings\"\
        \r\n            }\r\n          ]\r\n        },\r\n        \"type\": \"Microsoft.Network/applicationGateways/authenticationCertificates\"\
        \r\n      },\r\n      {\r\n        \"name\": \"cert2\",\r\n        \"id\"\
        : \"/subscriptions/00000000-0000-0000-0000-000000000000/resourceGroups/cli_test_ag_auth_cert000001/providers/Microsoft.Network/applicationGateways/ag1/authenticationCertificates/cert2\"\
        ,\r\n        \"etag\": \"W/\\\"701b0c67-2fe5-4d2e-8d97-3ac265b57287\\\"\"\
        ,\r\n        \"properties\": {\r\n          \"provisioningState\": \"Updating\"\
        ,\r\n          \"data\": \"MIIBvzCCAW2gAwIBAgIQdxrzWOg4waxNCWLqZDjNpjAJBgUrDgMCHQUAMBYxFDASBgNVBAMTC1Jvb3QgQWdlbmN5MB4XDTE2MDgyMzEzMzIzNloXDTM5MTIzMTIzNTk1OVowIjEgMB4GA1UEAxMXSm9lJ3MtU29mdHdhcmUtRW1wb3JpdW0wgZ8wDQYJKoZIhvcNAQEBBQADgY0AMIGJAoGBAKH7RFdzRTwt8QPGQwBlLQox9ZvEjCIKzrB17IkWcAyRHpJMm+b00Ik8Sjm5UXwZY/DkXfkOBQ+RA9eaP5I1Aj043QQREs3MTFX7JppINYUk3gJzKPCHFHDb9qchy4qJjJAO/+PlWTP1M0T63Ln1fSIy3bjlPMfXoZK9+B+RJpIDAgMBAAGjSzBJMEcGA1UdAQRAMD6AEBLkCS0GHR1PAI1hIdwWZGOhGDAWMRQwEgYDVQQDEwtSb290IEFnZW5jeYIQBjdsAKoAZIoRz7jUqlw19DAJBgUrDgMCHQUAA0EAY8c6yN4viFBfeW1aPIfW04IgqXz4nwUlGcKYr4Kdq887PgevaqZdsEcy6okZ7qjFZw4EtafD12cBQ1/Djl5j6Q==\"\
        ,\r\n          \"backendHttpSettings\": [\r\n            {\r\n           \
        \   \"id\": \"/subscriptions/00000000-0000-0000-0000-000000000000/resourceGroups/cli_test_ag_auth_cert000001/providers/Microsoft.Network/applicationGateways/ag1/backendHttpSettingsCollection/https_settings\"\
        \r\n            }\r\n          ]\r\n        },\r\n        \"type\": \"Microsoft.Network/applicationGateways/authenticationCertificates\"\
        \r\n      }\r\n    ],\r\n    \"frontendIPConfigurations\": [\r\n      {\r\n\
        \        \"name\": \"appGatewayPrivateFrontendIP\",\r\n        \"id\": \"\
        /subscriptions/00000000-0000-0000-0000-000000000000/resourceGroups/cli_test_ag_auth_cert000001/providers/Microsoft.Network/applicationGateways/ag1/frontendIPConfigurations/appGatewayPrivateFrontendIP\"\
        ,\r\n        \"etag\": \"W/\\\"701b0c67-2fe5-4d2e-8d97-3ac265b57287\\\"\"\
        ,\r\n        \"type\": \"Microsoft.Network/applicationGateways/frontendIPConfigurations\"\
        ,\r\n        \"properties\": {\r\n          \"provisioningState\": \"Updating\"\
        ,\r\n          \"privateIPAllocationMethod\": \"Dynamic\",\r\n          \"\
        subnet\": {\r\n            \"id\": \"/subscriptions/00000000-0000-0000-0000-000000000000/resourceGroups/cli_test_ag_auth_cert000001/providers/Microsoft.Network/virtualNetworks/ag1Vnet/subnets/default\"\
        \r\n          },\r\n          \"httpListeners\": [\r\n            {\r\n  \
        \            \"id\": \"/subscriptions/00000000-0000-0000-0000-000000000000/resourceGroups/cli_test_ag_auth_cert000001/providers/Microsoft.Network/applicationGateways/ag1/httpListeners/appGatewayHttpListener\"\
        \r\n            }\r\n          ]\r\n        }\r\n      }\r\n    ],\r\n   \
        \ \"frontendPorts\": [\r\n      {\r\n        \"name\": \"appGatewayFrontendPort\"\
        ,\r\n        \"id\": \"/subscriptions/00000000-0000-0000-0000-000000000000/resourceGroups/cli_test_ag_auth_cert000001/providers/Microsoft.Network/applicationGateways/ag1/frontendPorts/appGatewayFrontendPort\"\
        ,\r\n        \"etag\": \"W/\\\"701b0c67-2fe5-4d2e-8d97-3ac265b57287\\\"\"\
        ,\r\n        \"properties\": {\r\n          \"provisioningState\": \"Updating\"\
        ,\r\n          \"port\": 80,\r\n          \"httpListeners\": [\r\n       \
        \     {\r\n              \"id\": \"/subscriptions/00000000-0000-0000-0000-000000000000/resourceGroups/cli_test_ag_auth_cert000001/providers/Microsoft.Network/applicationGateways/ag1/httpListeners/appGatewayHttpListener\"\
        \r\n            }\r\n          ]\r\n        },\r\n        \"type\": \"Microsoft.Network/applicationGateways/frontendPorts\"\
        \r\n      }\r\n    ],\r\n    \"backendAddressPools\": [\r\n      {\r\n   \
        \     \"name\": \"appGatewayBackendPool\",\r\n        \"id\": \"/subscriptions/00000000-0000-0000-0000-000000000000/resourceGroups/cli_test_ag_auth_cert000001/providers/Microsoft.Network/applicationGateways/ag1/backendAddressPools/appGatewayBackendPool\"\
        ,\r\n        \"etag\": \"W/\\\"701b0c67-2fe5-4d2e-8d97-3ac265b57287\\\"\"\
        ,\r\n        \"properties\": {\r\n          \"provisioningState\": \"Updating\"\
        ,\r\n          \"backendAddresses\": [],\r\n          \"requestRoutingRules\"\
        : [\r\n            {\r\n              \"id\": \"/subscriptions/00000000-0000-0000-0000-000000000000/resourceGroups/cli_test_ag_auth_cert000001/providers/Microsoft.Network/applicationGateways/ag1/requestRoutingRules/rule1\"\
        \r\n            }\r\n          ]\r\n        },\r\n        \"type\": \"Microsoft.Network/applicationGateways/backendAddressPools\"\
        \r\n      }\r\n    ],\r\n    \"backendHttpSettingsCollection\": [\r\n    \
        \  {\r\n        \"name\": \"appGatewayBackendHttpSettings\",\r\n        \"\
        id\": \"/subscriptions/00000000-0000-0000-0000-000000000000/resourceGroups/cli_test_ag_auth_cert000001/providers/Microsoft.Network/applicationGateways/ag1/backendHttpSettingsCollection/appGatewayBackendHttpSettings\"\
        ,\r\n        \"etag\": \"W/\\\"701b0c67-2fe5-4d2e-8d97-3ac265b57287\\\"\"\
        ,\r\n        \"properties\": {\r\n          \"provisioningState\": \"Updating\"\
        ,\r\n          \"port\": 80,\r\n          \"protocol\": \"Http\",\r\n    \
        \      \"cookieBasedAffinity\": \"Disabled\",\r\n          \"connectionDraining\"\
        : {\r\n            \"enabled\": false,\r\n            \"drainTimeoutInSec\"\
        : 1\r\n          },\r\n          \"pickHostNameFromBackendAddress\": false,\r\
        \n          \"requestTimeout\": 30,\r\n          \"requestRoutingRules\":\
        \ [\r\n            {\r\n              \"id\": \"/subscriptions/00000000-0000-0000-0000-000000000000/resourceGroups/cli_test_ag_auth_cert000001/providers/Microsoft.Network/applicationGateways/ag1/requestRoutingRules/rule1\"\
        \r\n            }\r\n          ]\r\n        },\r\n        \"type\": \"Microsoft.Network/applicationGateways/backendHttpSettingsCollection\"\
        \r\n      },\r\n      {\r\n        \"name\": \"https_settings\",\r\n     \
        \   \"id\": \"/subscriptions/00000000-0000-0000-0000-000000000000/resourceGroups/cli_test_ag_auth_cert000001/providers/Microsoft.Network/applicationGateways/ag1/backendHttpSettingsCollection/https_settings\"\
        ,\r\n        \"etag\": \"W/\\\"701b0c67-2fe5-4d2e-8d97-3ac265b57287\\\"\"\
        ,\r\n        \"properties\": {\r\n          \"provisioningState\": \"Updating\"\
        ,\r\n          \"port\": 443,\r\n          \"protocol\": \"Https\",\r\n  \
        \        \"cookieBasedAffinity\": \"Disabled\",\r\n          \"connectionDraining\"\
        : {\r\n            \"enabled\": false,\r\n            \"drainTimeoutInSec\"\
        : 1\r\n          },\r\n          \"pickHostNameFromBackendAddress\": false,\r\
        \n          \"requestTimeout\": 30,\r\n          \"authenticationCertificates\"\
        : [\r\n            {\r\n              \"id\": \"/subscriptions/00000000-0000-0000-0000-000000000000/resourceGroups/cli_test_ag_auth_cert000001/providers/Microsoft.Network/applicationGateways/ag1/authenticationCertificates/cert1\"\
        \r\n            },\r\n            {\r\n              \"id\": \"/subscriptions/00000000-0000-0000-0000-000000000000/resourceGroups/cli_test_ag_auth_cert000001/providers/Microsoft.Network/applicationGateways/ag1/authenticationCertificates/cert2\"\
        \r\n            }\r\n          ]\r\n        },\r\n        \"type\": \"Microsoft.Network/applicationGateways/backendHttpSettingsCollection\"\
        \r\n      }\r\n    ],\r\n    \"httpListeners\": [\r\n      {\r\n        \"\
        name\": \"appGatewayHttpListener\",\r\n        \"id\": \"/subscriptions/00000000-0000-0000-0000-000000000000/resourceGroups/cli_test_ag_auth_cert000001/providers/Microsoft.Network/applicationGateways/ag1/httpListeners/appGatewayHttpListener\"\
        ,\r\n        \"etag\": \"W/\\\"701b0c67-2fe5-4d2e-8d97-3ac265b57287\\\"\"\
        ,\r\n        \"properties\": {\r\n          \"provisioningState\": \"Updating\"\
        ,\r\n          \"frontendIPConfiguration\": {\r\n            \"id\": \"/subscriptions/00000000-0000-0000-0000-000000000000/resourceGroups/cli_test_ag_auth_cert000001/providers/Microsoft.Network/applicationGateways/ag1/frontendIPConfigurations/appGatewayPrivateFrontendIP\"\
        \r\n          },\r\n          \"frontendPort\": {\r\n            \"id\": \"\
        /subscriptions/00000000-0000-0000-0000-000000000000/resourceGroups/cli_test_ag_auth_cert000001/providers/Microsoft.Network/applicationGateways/ag1/frontendPorts/appGatewayFrontendPort\"\
        \r\n          },\r\n          \"protocol\": \"Http\",\r\n          \"hostNames\"\
        : [],\r\n          \"requireServerNameIndication\": false,\r\n          \"\
        requestRoutingRules\": [\r\n            {\r\n              \"id\": \"/subscriptions/00000000-0000-0000-0000-000000000000/resourceGroups/cli_test_ag_auth_cert000001/providers/Microsoft.Network/applicationGateways/ag1/requestRoutingRules/rule1\"\
        \r\n            }\r\n          ]\r\n        },\r\n        \"type\": \"Microsoft.Network/applicationGateways/httpListeners\"\
        \r\n      }\r\n    ],\r\n    \"urlPathMaps\": [],\r\n    \"requestRoutingRules\"\
        : [\r\n      {\r\n        \"name\": \"rule1\",\r\n        \"id\": \"/subscriptions/00000000-0000-0000-0000-000000000000/resourceGroups/cli_test_ag_auth_cert000001/providers/Microsoft.Network/applicationGateways/ag1/requestRoutingRules/rule1\"\
        ,\r\n        \"etag\": \"W/\\\"701b0c67-2fe5-4d2e-8d97-3ac265b57287\\\"\"\
        ,\r\n        \"properties\": {\r\n          \"provisioningState\": \"Updating\"\
        ,\r\n          \"ruleType\": \"Basic\",\r\n          \"httpListener\": {\r\
        \n            \"id\": \"/subscriptions/00000000-0000-0000-0000-000000000000/resourceGroups/cli_test_ag_auth_cert000001/providers/Microsoft.Network/applicationGateways/ag1/httpListeners/appGatewayHttpListener\"\
        \r\n          },\r\n          \"backendAddressPool\": {\r\n            \"\
        id\": \"/subscriptions/00000000-0000-0000-0000-000000000000/resourceGroups/cli_test_ag_auth_cert000001/providers/Microsoft.Network/applicationGateways/ag1/backendAddressPools/appGatewayBackendPool\"\
        \r\n          },\r\n          \"backendHttpSettings\": {\r\n            \"\
        id\": \"/subscriptions/00000000-0000-0000-0000-000000000000/resourceGroups/cli_test_ag_auth_cert000001/providers/Microsoft.Network/applicationGateways/ag1/backendHttpSettingsCollection/appGatewayBackendHttpSettings\"\
        \r\n          }\r\n        },\r\n        \"type\": \"Microsoft.Network/applicationGateways/requestRoutingRules\"\
        \r\n      }\r\n    ],\r\n    \"probes\": [],\r\n    \"rewriteRuleSets\": [],\r\
        \n    \"redirectConfigurations\": []\r\n  }\r\n}"
    headers:
      azure-asyncoperation:
      - https://management.azure.com/subscriptions/00000000-0000-0000-0000-000000000000/providers/Microsoft.Network/locations/westus/operations/7ac15b7c-f255-4481-8984-fd4e5b558004?api-version=2020-06-01
      cache-control:
      - no-cache
      content-length:
      - '13569'
      content-type:
      - application/json; charset=utf-8
      date:
      - Wed, 04 Nov 2020 03:54:13 GMT
      expires:
      - '-1'
      pragma:
      - no-cache
      server:
      - Microsoft-HTTPAPI/2.0
      - Microsoft-HTTPAPI/2.0
      strict-transport-security:
      - max-age=31536000; includeSubDomains
      transfer-encoding:
      - chunked
      vary:
      - Accept-Encoding
      x-content-type-options:
      - nosniff
      x-ms-arm-service-request-id:
      - b6376946-ee98-4464-9c64-2b3cf2450555
      x-ms-ratelimit-remaining-subscription-writes:
      - '1197'
    status:
      code: 200
      message: OK
- request:
    body: null
    headers:
      Accept:
      - application/json
      Accept-Encoding:
      - gzip, deflate
      CommandName:
      - network application-gateway http-settings update
      Connection:
      - keep-alive
      ParameterSetName:
      - -g --gateway-name -n --auth-certs --no-wait
      User-Agent:
      - python/3.7.4 (Linux-4.15.0-112-generic-x86_64-with-debian-buster-sid) msrest/0.6.18
        msrest_azure/0.6.3 azure-mgmt-network/12.0.0 Azure-SDK-For-Python AZURECLI/2.14.0
      accept-language:
      - en-US
    method: GET
    uri: https://management.azure.com/subscriptions/00000000-0000-0000-0000-000000000000/resourceGroups/cli_test_ag_auth_cert000001/providers/Microsoft.Network/applicationGateways/ag1?api-version=2020-06-01
  response:
    body:
      string: "{\r\n  \"name\": \"ag1\",\r\n  \"id\": \"/subscriptions/00000000-0000-0000-0000-000000000000/resourceGroups/cli_test_ag_auth_cert000001/providers/Microsoft.Network/applicationGateways/ag1\"\
        ,\r\n  \"etag\": \"W/\\\"91a4e463-4e65-4565-9bf5-5fe7613ca1bd\\\"\",\r\n \
        \ \"type\": \"Microsoft.Network/applicationGateways\",\r\n  \"location\":\
        \ \"westus\",\r\n  \"tags\": {},\r\n  \"properties\": {\r\n    \"provisioningState\"\
        : \"Updating\",\r\n    \"resourceGuid\": \"2b736747-1bb1-49bf-87eb-0240454ea697\"\
        ,\r\n    \"sku\": {\r\n      \"name\": \"Standard_Medium\",\r\n      \"tier\"\
        : \"Standard\",\r\n      \"capacity\": 2\r\n    },\r\n    \"operationalState\"\
        : \"Stopped\",\r\n    \"gatewayIPConfigurations\": [\r\n      {\r\n      \
        \  \"name\": \"appGatewayPrivateFrontendIP\",\r\n        \"id\": \"/subscriptions/00000000-0000-0000-0000-000000000000/resourceGroups/cli_test_ag_auth_cert000001/providers/Microsoft.Network/applicationGateways/ag1/gatewayIPConfigurations/appGatewayPrivateFrontendIP\"\
        ,\r\n        \"etag\": \"W/\\\"91a4e463-4e65-4565-9bf5-5fe7613ca1bd\\\"\"\
        ,\r\n        \"properties\": {\r\n          \"provisioningState\": \"Updating\"\
        ,\r\n          \"subnet\": {\r\n            \"id\": \"/subscriptions/00000000-0000-0000-0000-000000000000/resourceGroups/cli_test_ag_auth_cert000001/providers/Microsoft.Network/virtualNetworks/ag1Vnet/subnets/default\"\
        \r\n          }\r\n        },\r\n        \"type\": \"Microsoft.Network/applicationGateways/gatewayIPConfigurations\"\
        \r\n      }\r\n    ],\r\n    \"sslCertificates\": [],\r\n    \"authenticationCertificates\"\
        : [\r\n      {\r\n        \"name\": \"cert1\",\r\n        \"id\": \"/subscriptions/00000000-0000-0000-0000-000000000000/resourceGroups/cli_test_ag_auth_cert000001/providers/Microsoft.Network/applicationGateways/ag1/authenticationCertificates/cert1\"\
        ,\r\n        \"etag\": \"W/\\\"91a4e463-4e65-4565-9bf5-5fe7613ca1bd\\\"\"\
        ,\r\n        \"properties\": {\r\n          \"provisioningState\": \"Updating\"\
        ,\r\n          \"data\": \"MIIBvzCCAW2gAwIBAgIQmJtabFWZYp1NjoMbcjRvajAJBgUrDgMCHQUAMBYxFDASBgNVBAMTC1Jvb3QgQWdlbmN5MB4XDTE2MDgyMzEzMjMyNFoXDTM5MTIzMTIzNTk1OVowIjEgMB4GA1UEAxMXSm9lJ3MtU29mdHdhcmUtRW1wb3JpdW0wgZ8wDQYJKoZIhvcNAQEBBQADgY0AMIGJAoGBAKH7RFdzRTwt8QPGQwBlLQox9ZvEjCIKzrB17IkWcAyRHpJMm+b00Ik8Sjm5UXwZY/DkXfkOBQ+RA9eaP5I1Aj043QQREs3MTFX7JppINYUk3gJzKPCHFHDb9qchy4qJjJAO/+PlWTP1M0T63Ln1fSIy3bjlPMfXoZK9+B+RJpIDAgMBAAGjSzBJMEcGA1UdAQRAMD6AEBLkCS0GHR1PAI1hIdwWZGOhGDAWMRQwEgYDVQQDEwtSb290IEFnZW5jeYIQBjdsAKoAZIoRz7jUqlw19DAJBgUrDgMCHQUAA0EAREgh2h7BQW5LImUO9dasVyKcQ+Y30iJ96P+/XQour7g/uAwxj/19JjE7i3Jt4tG5Ljc3o79G6QUspkP+QehBnA==\"\
        ,\r\n          \"backendHttpSettings\": [\r\n            {\r\n           \
        \   \"id\": \"/subscriptions/00000000-0000-0000-0000-000000000000/resourceGroups/cli_test_ag_auth_cert000001/providers/Microsoft.Network/applicationGateways/ag1/backendHttpSettingsCollection/https_settings\"\
        \r\n            }\r\n          ]\r\n        },\r\n        \"type\": \"Microsoft.Network/applicationGateways/authenticationCertificates\"\
        \r\n      },\r\n      {\r\n        \"name\": \"cert2\",\r\n        \"id\"\
        : \"/subscriptions/00000000-0000-0000-0000-000000000000/resourceGroups/cli_test_ag_auth_cert000001/providers/Microsoft.Network/applicationGateways/ag1/authenticationCertificates/cert2\"\
        ,\r\n        \"etag\": \"W/\\\"91a4e463-4e65-4565-9bf5-5fe7613ca1bd\\\"\"\
        ,\r\n        \"properties\": {\r\n          \"provisioningState\": \"Updating\"\
        ,\r\n          \"data\": \"MIIBvzCCAW2gAwIBAgIQdxrzWOg4waxNCWLqZDjNpjAJBgUrDgMCHQUAMBYxFDASBgNVBAMTC1Jvb3QgQWdlbmN5MB4XDTE2MDgyMzEzMzIzNloXDTM5MTIzMTIzNTk1OVowIjEgMB4GA1UEAxMXSm9lJ3MtU29mdHdhcmUtRW1wb3JpdW0wgZ8wDQYJKoZIhvcNAQEBBQADgY0AMIGJAoGBAKH7RFdzRTwt8QPGQwBlLQox9ZvEjCIKzrB17IkWcAyRHpJMm+b00Ik8Sjm5UXwZY/DkXfkOBQ+RA9eaP5I1Aj043QQREs3MTFX7JppINYUk3gJzKPCHFHDb9qchy4qJjJAO/+PlWTP1M0T63Ln1fSIy3bjlPMfXoZK9+B+RJpIDAgMBAAGjSzBJMEcGA1UdAQRAMD6AEBLkCS0GHR1PAI1hIdwWZGOhGDAWMRQwEgYDVQQDEwtSb290IEFnZW5jeYIQBjdsAKoAZIoRz7jUqlw19DAJBgUrDgMCHQUAA0EAY8c6yN4viFBfeW1aPIfW04IgqXz4nwUlGcKYr4Kdq887PgevaqZdsEcy6okZ7qjFZw4EtafD12cBQ1/Djl5j6Q==\"\
        ,\r\n          \"backendHttpSettings\": [\r\n            {\r\n           \
        \   \"id\": \"/subscriptions/00000000-0000-0000-0000-000000000000/resourceGroups/cli_test_ag_auth_cert000001/providers/Microsoft.Network/applicationGateways/ag1/backendHttpSettingsCollection/https_settings\"\
        \r\n            }\r\n          ]\r\n        },\r\n        \"type\": \"Microsoft.Network/applicationGateways/authenticationCertificates\"\
        \r\n      }\r\n    ],\r\n    \"frontendIPConfigurations\": [\r\n      {\r\n\
        \        \"name\": \"appGatewayPrivateFrontendIP\",\r\n        \"id\": \"\
        /subscriptions/00000000-0000-0000-0000-000000000000/resourceGroups/cli_test_ag_auth_cert000001/providers/Microsoft.Network/applicationGateways/ag1/frontendIPConfigurations/appGatewayPrivateFrontendIP\"\
        ,\r\n        \"etag\": \"W/\\\"91a4e463-4e65-4565-9bf5-5fe7613ca1bd\\\"\"\
        ,\r\n        \"type\": \"Microsoft.Network/applicationGateways/frontendIPConfigurations\"\
        ,\r\n        \"properties\": {\r\n          \"provisioningState\": \"Updating\"\
        ,\r\n          \"privateIPAllocationMethod\": \"Dynamic\",\r\n          \"\
        subnet\": {\r\n            \"id\": \"/subscriptions/00000000-0000-0000-0000-000000000000/resourceGroups/cli_test_ag_auth_cert000001/providers/Microsoft.Network/virtualNetworks/ag1Vnet/subnets/default\"\
        \r\n          },\r\n          \"httpListeners\": [\r\n            {\r\n  \
        \            \"id\": \"/subscriptions/00000000-0000-0000-0000-000000000000/resourceGroups/cli_test_ag_auth_cert000001/providers/Microsoft.Network/applicationGateways/ag1/httpListeners/appGatewayHttpListener\"\
        \r\n            }\r\n          ]\r\n        }\r\n      }\r\n    ],\r\n   \
        \ \"frontendPorts\": [\r\n      {\r\n        \"name\": \"appGatewayFrontendPort\"\
        ,\r\n        \"id\": \"/subscriptions/00000000-0000-0000-0000-000000000000/resourceGroups/cli_test_ag_auth_cert000001/providers/Microsoft.Network/applicationGateways/ag1/frontendPorts/appGatewayFrontendPort\"\
        ,\r\n        \"etag\": \"W/\\\"91a4e463-4e65-4565-9bf5-5fe7613ca1bd\\\"\"\
        ,\r\n        \"properties\": {\r\n          \"provisioningState\": \"Updating\"\
        ,\r\n          \"port\": 80,\r\n          \"httpListeners\": [\r\n       \
        \     {\r\n              \"id\": \"/subscriptions/00000000-0000-0000-0000-000000000000/resourceGroups/cli_test_ag_auth_cert000001/providers/Microsoft.Network/applicationGateways/ag1/httpListeners/appGatewayHttpListener\"\
        \r\n            }\r\n          ]\r\n        },\r\n        \"type\": \"Microsoft.Network/applicationGateways/frontendPorts\"\
        \r\n      }\r\n    ],\r\n    \"backendAddressPools\": [\r\n      {\r\n   \
        \     \"name\": \"appGatewayBackendPool\",\r\n        \"id\": \"/subscriptions/00000000-0000-0000-0000-000000000000/resourceGroups/cli_test_ag_auth_cert000001/providers/Microsoft.Network/applicationGateways/ag1/backendAddressPools/appGatewayBackendPool\"\
        ,\r\n        \"etag\": \"W/\\\"91a4e463-4e65-4565-9bf5-5fe7613ca1bd\\\"\"\
        ,\r\n        \"properties\": {\r\n          \"provisioningState\": \"Updating\"\
        ,\r\n          \"backendAddresses\": [],\r\n          \"requestRoutingRules\"\
        : [\r\n            {\r\n              \"id\": \"/subscriptions/00000000-0000-0000-0000-000000000000/resourceGroups/cli_test_ag_auth_cert000001/providers/Microsoft.Network/applicationGateways/ag1/requestRoutingRules/rule1\"\
        \r\n            }\r\n          ]\r\n        },\r\n        \"type\": \"Microsoft.Network/applicationGateways/backendAddressPools\"\
        \r\n      }\r\n    ],\r\n    \"backendHttpSettingsCollection\": [\r\n    \
        \  {\r\n        \"name\": \"appGatewayBackendHttpSettings\",\r\n        \"\
        id\": \"/subscriptions/00000000-0000-0000-0000-000000000000/resourceGroups/cli_test_ag_auth_cert000001/providers/Microsoft.Network/applicationGateways/ag1/backendHttpSettingsCollection/appGatewayBackendHttpSettings\"\
        ,\r\n        \"etag\": \"W/\\\"91a4e463-4e65-4565-9bf5-5fe7613ca1bd\\\"\"\
        ,\r\n        \"properties\": {\r\n          \"provisioningState\": \"Updating\"\
        ,\r\n          \"port\": 80,\r\n          \"protocol\": \"Http\",\r\n    \
        \      \"cookieBasedAffinity\": \"Disabled\",\r\n          \"connectionDraining\"\
        : {\r\n            \"enabled\": false,\r\n            \"drainTimeoutInSec\"\
        : 1\r\n          },\r\n          \"pickHostNameFromBackendAddress\": false,\r\
        \n          \"requestTimeout\": 30,\r\n          \"requestRoutingRules\":\
        \ [\r\n            {\r\n              \"id\": \"/subscriptions/00000000-0000-0000-0000-000000000000/resourceGroups/cli_test_ag_auth_cert000001/providers/Microsoft.Network/applicationGateways/ag1/requestRoutingRules/rule1\"\
        \r\n            }\r\n          ]\r\n        },\r\n        \"type\": \"Microsoft.Network/applicationGateways/backendHttpSettingsCollection\"\
        \r\n      },\r\n      {\r\n        \"name\": \"https_settings\",\r\n     \
        \   \"id\": \"/subscriptions/00000000-0000-0000-0000-000000000000/resourceGroups/cli_test_ag_auth_cert000001/providers/Microsoft.Network/applicationGateways/ag1/backendHttpSettingsCollection/https_settings\"\
        ,\r\n        \"etag\": \"W/\\\"91a4e463-4e65-4565-9bf5-5fe7613ca1bd\\\"\"\
        ,\r\n        \"properties\": {\r\n          \"provisioningState\": \"Updating\"\
        ,\r\n          \"port\": 443,\r\n          \"protocol\": \"Https\",\r\n  \
        \        \"cookieBasedAffinity\": \"Disabled\",\r\n          \"connectionDraining\"\
        : {\r\n            \"enabled\": false,\r\n            \"drainTimeoutInSec\"\
        : 1\r\n          },\r\n          \"pickHostNameFromBackendAddress\": false,\r\
        \n          \"requestTimeout\": 30,\r\n          \"authenticationCertificates\"\
        : [\r\n            {\r\n              \"id\": \"/subscriptions/00000000-0000-0000-0000-000000000000/resourceGroups/cli_test_ag_auth_cert000001/providers/Microsoft.Network/applicationGateways/ag1/authenticationCertificates/cert1\"\
        \r\n            },\r\n            {\r\n              \"id\": \"/subscriptions/00000000-0000-0000-0000-000000000000/resourceGroups/cli_test_ag_auth_cert000001/providers/Microsoft.Network/applicationGateways/ag1/authenticationCertificates/cert2\"\
        \r\n            }\r\n          ]\r\n        },\r\n        \"type\": \"Microsoft.Network/applicationGateways/backendHttpSettingsCollection\"\
        \r\n      }\r\n    ],\r\n    \"httpListeners\": [\r\n      {\r\n        \"\
        name\": \"appGatewayHttpListener\",\r\n        \"id\": \"/subscriptions/00000000-0000-0000-0000-000000000000/resourceGroups/cli_test_ag_auth_cert000001/providers/Microsoft.Network/applicationGateways/ag1/httpListeners/appGatewayHttpListener\"\
        ,\r\n        \"etag\": \"W/\\\"91a4e463-4e65-4565-9bf5-5fe7613ca1bd\\\"\"\
        ,\r\n        \"properties\": {\r\n          \"provisioningState\": \"Updating\"\
        ,\r\n          \"frontendIPConfiguration\": {\r\n            \"id\": \"/subscriptions/00000000-0000-0000-0000-000000000000/resourceGroups/cli_test_ag_auth_cert000001/providers/Microsoft.Network/applicationGateways/ag1/frontendIPConfigurations/appGatewayPrivateFrontendIP\"\
        \r\n          },\r\n          \"frontendPort\": {\r\n            \"id\": \"\
        /subscriptions/00000000-0000-0000-0000-000000000000/resourceGroups/cli_test_ag_auth_cert000001/providers/Microsoft.Network/applicationGateways/ag1/frontendPorts/appGatewayFrontendPort\"\
        \r\n          },\r\n          \"protocol\": \"Http\",\r\n          \"hostNames\"\
        : [],\r\n          \"requireServerNameIndication\": false,\r\n          \"\
        requestRoutingRules\": [\r\n            {\r\n              \"id\": \"/subscriptions/00000000-0000-0000-0000-000000000000/resourceGroups/cli_test_ag_auth_cert000001/providers/Microsoft.Network/applicationGateways/ag1/requestRoutingRules/rule1\"\
        \r\n            }\r\n          ]\r\n        },\r\n        \"type\": \"Microsoft.Network/applicationGateways/httpListeners\"\
        \r\n      }\r\n    ],\r\n    \"urlPathMaps\": [],\r\n    \"requestRoutingRules\"\
        : [\r\n      {\r\n        \"name\": \"rule1\",\r\n        \"id\": \"/subscriptions/00000000-0000-0000-0000-000000000000/resourceGroups/cli_test_ag_auth_cert000001/providers/Microsoft.Network/applicationGateways/ag1/requestRoutingRules/rule1\"\
        ,\r\n        \"etag\": \"W/\\\"91a4e463-4e65-4565-9bf5-5fe7613ca1bd\\\"\"\
        ,\r\n        \"properties\": {\r\n          \"provisioningState\": \"Updating\"\
        ,\r\n          \"ruleType\": \"Basic\",\r\n          \"httpListener\": {\r\
        \n            \"id\": \"/subscriptions/00000000-0000-0000-0000-000000000000/resourceGroups/cli_test_ag_auth_cert000001/providers/Microsoft.Network/applicationGateways/ag1/httpListeners/appGatewayHttpListener\"\
        \r\n          },\r\n          \"backendAddressPool\": {\r\n            \"\
        id\": \"/subscriptions/00000000-0000-0000-0000-000000000000/resourceGroups/cli_test_ag_auth_cert000001/providers/Microsoft.Network/applicationGateways/ag1/backendAddressPools/appGatewayBackendPool\"\
        \r\n          },\r\n          \"backendHttpSettings\": {\r\n            \"\
        id\": \"/subscriptions/00000000-0000-0000-0000-000000000000/resourceGroups/cli_test_ag_auth_cert000001/providers/Microsoft.Network/applicationGateways/ag1/backendHttpSettingsCollection/appGatewayBackendHttpSettings\"\
        \r\n          }\r\n        },\r\n        \"type\": \"Microsoft.Network/applicationGateways/requestRoutingRules\"\
        \r\n      }\r\n    ],\r\n    \"probes\": [],\r\n    \"rewriteRuleSets\": [],\r\
        \n    \"redirectConfigurations\": []\r\n  }\r\n}"
    headers:
      cache-control:
      - no-cache
      content-length:
      - '13569'
      content-type:
      - application/json; charset=utf-8
      date:
      - Wed, 04 Nov 2020 03:54:13 GMT
      etag:
      - W/"91a4e463-4e65-4565-9bf5-5fe7613ca1bd"
      expires:
      - '-1'
      pragma:
      - no-cache
      server:
      - Microsoft-HTTPAPI/2.0
      - Microsoft-HTTPAPI/2.0
      strict-transport-security:
      - max-age=31536000; includeSubDomains
      transfer-encoding:
      - chunked
      vary:
      - Accept-Encoding
      x-content-type-options:
      - nosniff
      x-ms-arm-service-request-id:
      - 65a99d8d-1526-4bb9-96d1-b8f142ab8c57
    status:
      code: 200
      message: OK
- request:
    body: '{"id": "/subscriptions/00000000-0000-0000-0000-000000000000/resourceGroups/cli_test_ag_auth_cert000001/providers/Microsoft.Network/applicationGateways/ag1",
      "location": "westus", "tags": {}, "properties": {"sku": {"name": "Standard_Medium",
      "tier": "Standard", "capacity": 2}, "gatewayIPConfigurations": [{"id": "/subscriptions/00000000-0000-0000-0000-000000000000/resourceGroups/cli_test_ag_auth_cert000001/providers/Microsoft.Network/applicationGateways/ag1/gatewayIPConfigurations/appGatewayPrivateFrontendIP",
      "properties": {"subnet": {"id": "/subscriptions/00000000-0000-0000-0000-000000000000/resourceGroups/cli_test_ag_auth_cert000001/providers/Microsoft.Network/virtualNetworks/ag1Vnet/subnets/default"}},
      "name": "appGatewayPrivateFrontendIP"}], "authenticationCertificates": [{"id":
      "/subscriptions/00000000-0000-0000-0000-000000000000/resourceGroups/cli_test_ag_auth_cert000001/providers/Microsoft.Network/applicationGateways/ag1/authenticationCertificates/cert1",
      "properties": {"data": "MIIBvzCCAW2gAwIBAgIQmJtabFWZYp1NjoMbcjRvajAJBgUrDgMCHQUAMBYxFDASBgNVBAMTC1Jvb3QgQWdlbmN5MB4XDTE2MDgyMzEzMjMyNFoXDTM5MTIzMTIzNTk1OVowIjEgMB4GA1UEAxMXSm9lJ3MtU29mdHdhcmUtRW1wb3JpdW0wgZ8wDQYJKoZIhvcNAQEBBQADgY0AMIGJAoGBAKH7RFdzRTwt8QPGQwBlLQox9ZvEjCIKzrB17IkWcAyRHpJMm+b00Ik8Sjm5UXwZY/DkXfkOBQ+RA9eaP5I1Aj043QQREs3MTFX7JppINYUk3gJzKPCHFHDb9qchy4qJjJAO/+PlWTP1M0T63Ln1fSIy3bjlPMfXoZK9+B+RJpIDAgMBAAGjSzBJMEcGA1UdAQRAMD6AEBLkCS0GHR1PAI1hIdwWZGOhGDAWMRQwEgYDVQQDEwtSb290IEFnZW5jeYIQBjdsAKoAZIoRz7jUqlw19DAJBgUrDgMCHQUAA0EAREgh2h7BQW5LImUO9dasVyKcQ+Y30iJ96P+/XQour7g/uAwxj/19JjE7i3Jt4tG5Ljc3o79G6QUspkP+QehBnA=="},
      "name": "cert1"}, {"id": "/subscriptions/00000000-0000-0000-0000-000000000000/resourceGroups/cli_test_ag_auth_cert000001/providers/Microsoft.Network/applicationGateways/ag1/authenticationCertificates/cert2",
      "properties": {"data": "MIIBvzCCAW2gAwIBAgIQdxrzWOg4waxNCWLqZDjNpjAJBgUrDgMCHQUAMBYxFDASBgNVBAMTC1Jvb3QgQWdlbmN5MB4XDTE2MDgyMzEzMzIzNloXDTM5MTIzMTIzNTk1OVowIjEgMB4GA1UEAxMXSm9lJ3MtU29mdHdhcmUtRW1wb3JpdW0wgZ8wDQYJKoZIhvcNAQEBBQADgY0AMIGJAoGBAKH7RFdzRTwt8QPGQwBlLQox9ZvEjCIKzrB17IkWcAyRHpJMm+b00Ik8Sjm5UXwZY/DkXfkOBQ+RA9eaP5I1Aj043QQREs3MTFX7JppINYUk3gJzKPCHFHDb9qchy4qJjJAO/+PlWTP1M0T63Ln1fSIy3bjlPMfXoZK9+B+RJpIDAgMBAAGjSzBJMEcGA1UdAQRAMD6AEBLkCS0GHR1PAI1hIdwWZGOhGDAWMRQwEgYDVQQDEwtSb290IEFnZW5jeYIQBjdsAKoAZIoRz7jUqlw19DAJBgUrDgMCHQUAA0EAY8c6yN4viFBfeW1aPIfW04IgqXz4nwUlGcKYr4Kdq887PgevaqZdsEcy6okZ7qjFZw4EtafD12cBQ1/Djl5j6Q=="},
      "name": "cert2"}], "sslCertificates": [], "frontendIPConfigurations": [{"id":
      "/subscriptions/00000000-0000-0000-0000-000000000000/resourceGroups/cli_test_ag_auth_cert000001/providers/Microsoft.Network/applicationGateways/ag1/frontendIPConfigurations/appGatewayPrivateFrontendIP",
      "properties": {"privateIPAllocationMethod": "Dynamic", "subnet": {"id": "/subscriptions/00000000-0000-0000-0000-000000000000/resourceGroups/cli_test_ag_auth_cert000001/providers/Microsoft.Network/virtualNetworks/ag1Vnet/subnets/default"}},
      "name": "appGatewayPrivateFrontendIP"}], "frontendPorts": [{"id": "/subscriptions/00000000-0000-0000-0000-000000000000/resourceGroups/cli_test_ag_auth_cert000001/providers/Microsoft.Network/applicationGateways/ag1/frontendPorts/appGatewayFrontendPort",
      "properties": {"port": 80}, "name": "appGatewayFrontendPort"}], "probes": [],
      "backendAddressPools": [{"id": "/subscriptions/00000000-0000-0000-0000-000000000000/resourceGroups/cli_test_ag_auth_cert000001/providers/Microsoft.Network/applicationGateways/ag1/backendAddressPools/appGatewayBackendPool",
      "properties": {"backendAddresses": []}, "name": "appGatewayBackendPool"}], "backendHttpSettingsCollection":
      [{"id": "/subscriptions/00000000-0000-0000-0000-000000000000/resourceGroups/cli_test_ag_auth_cert000001/providers/Microsoft.Network/applicationGateways/ag1/backendHttpSettingsCollection/appGatewayBackendHttpSettings",
      "properties": {"port": 80, "protocol": "Http", "cookieBasedAffinity": "Disabled",
      "requestTimeout": 30, "connectionDraining": {"enabled": false, "drainTimeoutInSec":
      1}, "pickHostNameFromBackendAddress": false}, "name": "appGatewayBackendHttpSettings"},
      {"id": "/subscriptions/00000000-0000-0000-0000-000000000000/resourceGroups/cli_test_ag_auth_cert000001/providers/Microsoft.Network/applicationGateways/ag1/backendHttpSettingsCollection/https_settings",
      "properties": {"port": 443, "protocol": "Https", "cookieBasedAffinity": "Disabled",
      "requestTimeout": 30, "authenticationCertificates": [{"id": "/subscriptions/00000000-0000-0000-0000-000000000000/resourceGroups/cli_test_ag_auth_cert000001/providers/Microsoft.Network/applicationGateways/ag1/authenticationCertificates/cert2"},
      {"id": "/subscriptions/00000000-0000-0000-0000-000000000000/resourceGroups/cli_test_ag_auth_cert000001/providers/Microsoft.Network/applicationGateways/ag1/authenticationCertificates/cert1"}],
      "connectionDraining": {"enabled": false, "drainTimeoutInSec": 1}, "pickHostNameFromBackendAddress":
      false}, "name": "https_settings"}], "httpListeners": [{"id": "/subscriptions/00000000-0000-0000-0000-000000000000/resourceGroups/cli_test_ag_auth_cert000001/providers/Microsoft.Network/applicationGateways/ag1/httpListeners/appGatewayHttpListener",
      "properties": {"frontendIPConfiguration": {"id": "/subscriptions/00000000-0000-0000-0000-000000000000/resourceGroups/cli_test_ag_auth_cert000001/providers/Microsoft.Network/applicationGateways/ag1/frontendIPConfigurations/appGatewayPrivateFrontendIP"},
      "frontendPort": {"id": "/subscriptions/00000000-0000-0000-0000-000000000000/resourceGroups/cli_test_ag_auth_cert000001/providers/Microsoft.Network/applicationGateways/ag1/frontendPorts/appGatewayFrontendPort"},
      "protocol": "Http", "requireServerNameIndication": false, "hostNames": []},
      "name": "appGatewayHttpListener"}], "urlPathMaps": [], "requestRoutingRules":
      [{"id": "/subscriptions/00000000-0000-0000-0000-000000000000/resourceGroups/cli_test_ag_auth_cert000001/providers/Microsoft.Network/applicationGateways/ag1/requestRoutingRules/rule1",
      "properties": {"ruleType": "Basic", "backendAddressPool": {"id": "/subscriptions/00000000-0000-0000-0000-000000000000/resourceGroups/cli_test_ag_auth_cert000001/providers/Microsoft.Network/applicationGateways/ag1/backendAddressPools/appGatewayBackendPool"},
      "backendHttpSettings": {"id": "/subscriptions/00000000-0000-0000-0000-000000000000/resourceGroups/cli_test_ag_auth_cert000001/providers/Microsoft.Network/applicationGateways/ag1/backendHttpSettingsCollection/appGatewayBackendHttpSettings"},
      "httpListener": {"id": "/subscriptions/00000000-0000-0000-0000-000000000000/resourceGroups/cli_test_ag_auth_cert000001/providers/Microsoft.Network/applicationGateways/ag1/httpListeners/appGatewayHttpListener"}},
      "name": "rule1"}], "rewriteRuleSets": [], "redirectConfigurations": []}}'
    headers:
      Accept:
      - application/json
      Accept-Encoding:
      - gzip, deflate
      CommandName:
      - network application-gateway http-settings update
      Connection:
      - keep-alive
      Content-Length:
      - '7718'
      Content-Type:
      - application/json; charset=utf-8
      ParameterSetName:
      - -g --gateway-name -n --auth-certs --no-wait
      User-Agent:
      - python/3.7.4 (Linux-4.15.0-112-generic-x86_64-with-debian-buster-sid) msrest/0.6.18
        msrest_azure/0.6.3 azure-mgmt-network/12.0.0 Azure-SDK-For-Python AZURECLI/2.14.0
      accept-language:
      - en-US
    method: PUT
    uri: https://management.azure.com/subscriptions/00000000-0000-0000-0000-000000000000/resourceGroups/cli_test_ag_auth_cert000001/providers/Microsoft.Network/applicationGateways/ag1?api-version=2020-06-01
  response:
    body:
      string: "{\r\n  \"name\": \"ag1\",\r\n  \"id\": \"/subscriptions/00000000-0000-0000-0000-000000000000/resourceGroups/cli_test_ag_auth_cert000001/providers/Microsoft.Network/applicationGateways/ag1\"\
        ,\r\n  \"etag\": \"W/\\\"7f98432f-4df5-4441-8af3-7e52545d10a9\\\"\",\r\n \
        \ \"type\": \"Microsoft.Network/applicationGateways\",\r\n  \"location\":\
        \ \"westus\",\r\n  \"tags\": {},\r\n  \"properties\": {\r\n    \"provisioningState\"\
        : \"Updating\",\r\n    \"resourceGuid\": \"2b736747-1bb1-49bf-87eb-0240454ea697\"\
        ,\r\n    \"sku\": {\r\n      \"name\": \"Standard_Medium\",\r\n      \"tier\"\
        : \"Standard\",\r\n      \"capacity\": 2\r\n    },\r\n    \"operationalState\"\
        : \"Stopped\",\r\n    \"gatewayIPConfigurations\": [\r\n      {\r\n      \
        \  \"name\": \"appGatewayPrivateFrontendIP\",\r\n        \"id\": \"/subscriptions/00000000-0000-0000-0000-000000000000/resourceGroups/cli_test_ag_auth_cert000001/providers/Microsoft.Network/applicationGateways/ag1/gatewayIPConfigurations/appGatewayPrivateFrontendIP\"\
        ,\r\n        \"etag\": \"W/\\\"7f98432f-4df5-4441-8af3-7e52545d10a9\\\"\"\
        ,\r\n        \"properties\": {\r\n          \"provisioningState\": \"Updating\"\
        ,\r\n          \"subnet\": {\r\n            \"id\": \"/subscriptions/00000000-0000-0000-0000-000000000000/resourceGroups/cli_test_ag_auth_cert000001/providers/Microsoft.Network/virtualNetworks/ag1Vnet/subnets/default\"\
        \r\n          }\r\n        },\r\n        \"type\": \"Microsoft.Network/applicationGateways/gatewayIPConfigurations\"\
        \r\n      }\r\n    ],\r\n    \"sslCertificates\": [],\r\n    \"authenticationCertificates\"\
        : [\r\n      {\r\n        \"name\": \"cert1\",\r\n        \"id\": \"/subscriptions/00000000-0000-0000-0000-000000000000/resourceGroups/cli_test_ag_auth_cert000001/providers/Microsoft.Network/applicationGateways/ag1/authenticationCertificates/cert1\"\
        ,\r\n        \"etag\": \"W/\\\"7f98432f-4df5-4441-8af3-7e52545d10a9\\\"\"\
        ,\r\n        \"properties\": {\r\n          \"provisioningState\": \"Updating\"\
        ,\r\n          \"data\": \"MIIBvzCCAW2gAwIBAgIQmJtabFWZYp1NjoMbcjRvajAJBgUrDgMCHQUAMBYxFDASBgNVBAMTC1Jvb3QgQWdlbmN5MB4XDTE2MDgyMzEzMjMyNFoXDTM5MTIzMTIzNTk1OVowIjEgMB4GA1UEAxMXSm9lJ3MtU29mdHdhcmUtRW1wb3JpdW0wgZ8wDQYJKoZIhvcNAQEBBQADgY0AMIGJAoGBAKH7RFdzRTwt8QPGQwBlLQox9ZvEjCIKzrB17IkWcAyRHpJMm+b00Ik8Sjm5UXwZY/DkXfkOBQ+RA9eaP5I1Aj043QQREs3MTFX7JppINYUk3gJzKPCHFHDb9qchy4qJjJAO/+PlWTP1M0T63Ln1fSIy3bjlPMfXoZK9+B+RJpIDAgMBAAGjSzBJMEcGA1UdAQRAMD6AEBLkCS0GHR1PAI1hIdwWZGOhGDAWMRQwEgYDVQQDEwtSb290IEFnZW5jeYIQBjdsAKoAZIoRz7jUqlw19DAJBgUrDgMCHQUAA0EAREgh2h7BQW5LImUO9dasVyKcQ+Y30iJ96P+/XQour7g/uAwxj/19JjE7i3Jt4tG5Ljc3o79G6QUspkP+QehBnA==\"\
        ,\r\n          \"backendHttpSettings\": [\r\n            {\r\n           \
        \   \"id\": \"/subscriptions/00000000-0000-0000-0000-000000000000/resourceGroups/cli_test_ag_auth_cert000001/providers/Microsoft.Network/applicationGateways/ag1/backendHttpSettingsCollection/https_settings\"\
        \r\n            }\r\n          ]\r\n        },\r\n        \"type\": \"Microsoft.Network/applicationGateways/authenticationCertificates\"\
        \r\n      },\r\n      {\r\n        \"name\": \"cert2\",\r\n        \"id\"\
        : \"/subscriptions/00000000-0000-0000-0000-000000000000/resourceGroups/cli_test_ag_auth_cert000001/providers/Microsoft.Network/applicationGateways/ag1/authenticationCertificates/cert2\"\
        ,\r\n        \"etag\": \"W/\\\"7f98432f-4df5-4441-8af3-7e52545d10a9\\\"\"\
        ,\r\n        \"properties\": {\r\n          \"provisioningState\": \"Updating\"\
        ,\r\n          \"data\": \"MIIBvzCCAW2gAwIBAgIQdxrzWOg4waxNCWLqZDjNpjAJBgUrDgMCHQUAMBYxFDASBgNVBAMTC1Jvb3QgQWdlbmN5MB4XDTE2MDgyMzEzMzIzNloXDTM5MTIzMTIzNTk1OVowIjEgMB4GA1UEAxMXSm9lJ3MtU29mdHdhcmUtRW1wb3JpdW0wgZ8wDQYJKoZIhvcNAQEBBQADgY0AMIGJAoGBAKH7RFdzRTwt8QPGQwBlLQox9ZvEjCIKzrB17IkWcAyRHpJMm+b00Ik8Sjm5UXwZY/DkXfkOBQ+RA9eaP5I1Aj043QQREs3MTFX7JppINYUk3gJzKPCHFHDb9qchy4qJjJAO/+PlWTP1M0T63Ln1fSIy3bjlPMfXoZK9+B+RJpIDAgMBAAGjSzBJMEcGA1UdAQRAMD6AEBLkCS0GHR1PAI1hIdwWZGOhGDAWMRQwEgYDVQQDEwtSb290IEFnZW5jeYIQBjdsAKoAZIoRz7jUqlw19DAJBgUrDgMCHQUAA0EAY8c6yN4viFBfeW1aPIfW04IgqXz4nwUlGcKYr4Kdq887PgevaqZdsEcy6okZ7qjFZw4EtafD12cBQ1/Djl5j6Q==\"\
        ,\r\n          \"backendHttpSettings\": [\r\n            {\r\n           \
        \   \"id\": \"/subscriptions/00000000-0000-0000-0000-000000000000/resourceGroups/cli_test_ag_auth_cert000001/providers/Microsoft.Network/applicationGateways/ag1/backendHttpSettingsCollection/https_settings\"\
        \r\n            }\r\n          ]\r\n        },\r\n        \"type\": \"Microsoft.Network/applicationGateways/authenticationCertificates\"\
        \r\n      }\r\n    ],\r\n    \"frontendIPConfigurations\": [\r\n      {\r\n\
        \        \"name\": \"appGatewayPrivateFrontendIP\",\r\n        \"id\": \"\
        /subscriptions/00000000-0000-0000-0000-000000000000/resourceGroups/cli_test_ag_auth_cert000001/providers/Microsoft.Network/applicationGateways/ag1/frontendIPConfigurations/appGatewayPrivateFrontendIP\"\
        ,\r\n        \"etag\": \"W/\\\"7f98432f-4df5-4441-8af3-7e52545d10a9\\\"\"\
        ,\r\n        \"type\": \"Microsoft.Network/applicationGateways/frontendIPConfigurations\"\
        ,\r\n        \"properties\": {\r\n          \"provisioningState\": \"Updating\"\
        ,\r\n          \"privateIPAllocationMethod\": \"Dynamic\",\r\n          \"\
        subnet\": {\r\n            \"id\": \"/subscriptions/00000000-0000-0000-0000-000000000000/resourceGroups/cli_test_ag_auth_cert000001/providers/Microsoft.Network/virtualNetworks/ag1Vnet/subnets/default\"\
        \r\n          },\r\n          \"httpListeners\": [\r\n            {\r\n  \
        \            \"id\": \"/subscriptions/00000000-0000-0000-0000-000000000000/resourceGroups/cli_test_ag_auth_cert000001/providers/Microsoft.Network/applicationGateways/ag1/httpListeners/appGatewayHttpListener\"\
        \r\n            }\r\n          ]\r\n        }\r\n      }\r\n    ],\r\n   \
        \ \"frontendPorts\": [\r\n      {\r\n        \"name\": \"appGatewayFrontendPort\"\
        ,\r\n        \"id\": \"/subscriptions/00000000-0000-0000-0000-000000000000/resourceGroups/cli_test_ag_auth_cert000001/providers/Microsoft.Network/applicationGateways/ag1/frontendPorts/appGatewayFrontendPort\"\
        ,\r\n        \"etag\": \"W/\\\"7f98432f-4df5-4441-8af3-7e52545d10a9\\\"\"\
        ,\r\n        \"properties\": {\r\n          \"provisioningState\": \"Updating\"\
        ,\r\n          \"port\": 80,\r\n          \"httpListeners\": [\r\n       \
        \     {\r\n              \"id\": \"/subscriptions/00000000-0000-0000-0000-000000000000/resourceGroups/cli_test_ag_auth_cert000001/providers/Microsoft.Network/applicationGateways/ag1/httpListeners/appGatewayHttpListener\"\
        \r\n            }\r\n          ]\r\n        },\r\n        \"type\": \"Microsoft.Network/applicationGateways/frontendPorts\"\
        \r\n      }\r\n    ],\r\n    \"backendAddressPools\": [\r\n      {\r\n   \
        \     \"name\": \"appGatewayBackendPool\",\r\n        \"id\": \"/subscriptions/00000000-0000-0000-0000-000000000000/resourceGroups/cli_test_ag_auth_cert000001/providers/Microsoft.Network/applicationGateways/ag1/backendAddressPools/appGatewayBackendPool\"\
        ,\r\n        \"etag\": \"W/\\\"7f98432f-4df5-4441-8af3-7e52545d10a9\\\"\"\
        ,\r\n        \"properties\": {\r\n          \"provisioningState\": \"Updating\"\
        ,\r\n          \"backendAddresses\": [],\r\n          \"requestRoutingRules\"\
        : [\r\n            {\r\n              \"id\": \"/subscriptions/00000000-0000-0000-0000-000000000000/resourceGroups/cli_test_ag_auth_cert000001/providers/Microsoft.Network/applicationGateways/ag1/requestRoutingRules/rule1\"\
        \r\n            }\r\n          ]\r\n        },\r\n        \"type\": \"Microsoft.Network/applicationGateways/backendAddressPools\"\
        \r\n      }\r\n    ],\r\n    \"backendHttpSettingsCollection\": [\r\n    \
        \  {\r\n        \"name\": \"appGatewayBackendHttpSettings\",\r\n        \"\
        id\": \"/subscriptions/00000000-0000-0000-0000-000000000000/resourceGroups/cli_test_ag_auth_cert000001/providers/Microsoft.Network/applicationGateways/ag1/backendHttpSettingsCollection/appGatewayBackendHttpSettings\"\
        ,\r\n        \"etag\": \"W/\\\"7f98432f-4df5-4441-8af3-7e52545d10a9\\\"\"\
        ,\r\n        \"properties\": {\r\n          \"provisioningState\": \"Updating\"\
        ,\r\n          \"port\": 80,\r\n          \"protocol\": \"Http\",\r\n    \
        \      \"cookieBasedAffinity\": \"Disabled\",\r\n          \"connectionDraining\"\
        : {\r\n            \"enabled\": false,\r\n            \"drainTimeoutInSec\"\
        : 1\r\n          },\r\n          \"pickHostNameFromBackendAddress\": false,\r\
        \n          \"requestTimeout\": 30,\r\n          \"requestRoutingRules\":\
        \ [\r\n            {\r\n              \"id\": \"/subscriptions/00000000-0000-0000-0000-000000000000/resourceGroups/cli_test_ag_auth_cert000001/providers/Microsoft.Network/applicationGateways/ag1/requestRoutingRules/rule1\"\
        \r\n            }\r\n          ]\r\n        },\r\n        \"type\": \"Microsoft.Network/applicationGateways/backendHttpSettingsCollection\"\
        \r\n      },\r\n      {\r\n        \"name\": \"https_settings\",\r\n     \
        \   \"id\": \"/subscriptions/00000000-0000-0000-0000-000000000000/resourceGroups/cli_test_ag_auth_cert000001/providers/Microsoft.Network/applicationGateways/ag1/backendHttpSettingsCollection/https_settings\"\
        ,\r\n        \"etag\": \"W/\\\"7f98432f-4df5-4441-8af3-7e52545d10a9\\\"\"\
        ,\r\n        \"properties\": {\r\n          \"provisioningState\": \"Updating\"\
        ,\r\n          \"port\": 443,\r\n          \"protocol\": \"Https\",\r\n  \
        \        \"cookieBasedAffinity\": \"Disabled\",\r\n          \"connectionDraining\"\
        : {\r\n            \"enabled\": false,\r\n            \"drainTimeoutInSec\"\
        : 1\r\n          },\r\n          \"pickHostNameFromBackendAddress\": false,\r\
        \n          \"requestTimeout\": 30,\r\n          \"authenticationCertificates\"\
        : [\r\n            {\r\n              \"id\": \"/subscriptions/00000000-0000-0000-0000-000000000000/resourceGroups/cli_test_ag_auth_cert000001/providers/Microsoft.Network/applicationGateways/ag1/authenticationCertificates/cert2\"\
        \r\n            },\r\n            {\r\n              \"id\": \"/subscriptions/00000000-0000-0000-0000-000000000000/resourceGroups/cli_test_ag_auth_cert000001/providers/Microsoft.Network/applicationGateways/ag1/authenticationCertificates/cert1\"\
        \r\n            }\r\n          ]\r\n        },\r\n        \"type\": \"Microsoft.Network/applicationGateways/backendHttpSettingsCollection\"\
        \r\n      }\r\n    ],\r\n    \"httpListeners\": [\r\n      {\r\n        \"\
        name\": \"appGatewayHttpListener\",\r\n        \"id\": \"/subscriptions/00000000-0000-0000-0000-000000000000/resourceGroups/cli_test_ag_auth_cert000001/providers/Microsoft.Network/applicationGateways/ag1/httpListeners/appGatewayHttpListener\"\
        ,\r\n        \"etag\": \"W/\\\"7f98432f-4df5-4441-8af3-7e52545d10a9\\\"\"\
        ,\r\n        \"properties\": {\r\n          \"provisioningState\": \"Updating\"\
        ,\r\n          \"frontendIPConfiguration\": {\r\n            \"id\": \"/subscriptions/00000000-0000-0000-0000-000000000000/resourceGroups/cli_test_ag_auth_cert000001/providers/Microsoft.Network/applicationGateways/ag1/frontendIPConfigurations/appGatewayPrivateFrontendIP\"\
        \r\n          },\r\n          \"frontendPort\": {\r\n            \"id\": \"\
        /subscriptions/00000000-0000-0000-0000-000000000000/resourceGroups/cli_test_ag_auth_cert000001/providers/Microsoft.Network/applicationGateways/ag1/frontendPorts/appGatewayFrontendPort\"\
        \r\n          },\r\n          \"protocol\": \"Http\",\r\n          \"hostNames\"\
        : [],\r\n          \"requireServerNameIndication\": false,\r\n          \"\
        requestRoutingRules\": [\r\n            {\r\n              \"id\": \"/subscriptions/00000000-0000-0000-0000-000000000000/resourceGroups/cli_test_ag_auth_cert000001/providers/Microsoft.Network/applicationGateways/ag1/requestRoutingRules/rule1\"\
        \r\n            }\r\n          ]\r\n        },\r\n        \"type\": \"Microsoft.Network/applicationGateways/httpListeners\"\
        \r\n      }\r\n    ],\r\n    \"urlPathMaps\": [],\r\n    \"requestRoutingRules\"\
        : [\r\n      {\r\n        \"name\": \"rule1\",\r\n        \"id\": \"/subscriptions/00000000-0000-0000-0000-000000000000/resourceGroups/cli_test_ag_auth_cert000001/providers/Microsoft.Network/applicationGateways/ag1/requestRoutingRules/rule1\"\
        ,\r\n        \"etag\": \"W/\\\"7f98432f-4df5-4441-8af3-7e52545d10a9\\\"\"\
        ,\r\n        \"properties\": {\r\n          \"provisioningState\": \"Updating\"\
        ,\r\n          \"ruleType\": \"Basic\",\r\n          \"httpListener\": {\r\
        \n            \"id\": \"/subscriptions/00000000-0000-0000-0000-000000000000/resourceGroups/cli_test_ag_auth_cert000001/providers/Microsoft.Network/applicationGateways/ag1/httpListeners/appGatewayHttpListener\"\
        \r\n          },\r\n          \"backendAddressPool\": {\r\n            \"\
        id\": \"/subscriptions/00000000-0000-0000-0000-000000000000/resourceGroups/cli_test_ag_auth_cert000001/providers/Microsoft.Network/applicationGateways/ag1/backendAddressPools/appGatewayBackendPool\"\
        \r\n          },\r\n          \"backendHttpSettings\": {\r\n            \"\
        id\": \"/subscriptions/00000000-0000-0000-0000-000000000000/resourceGroups/cli_test_ag_auth_cert000001/providers/Microsoft.Network/applicationGateways/ag1/backendHttpSettingsCollection/appGatewayBackendHttpSettings\"\
        \r\n          }\r\n        },\r\n        \"type\": \"Microsoft.Network/applicationGateways/requestRoutingRules\"\
        \r\n      }\r\n    ],\r\n    \"probes\": [],\r\n    \"rewriteRuleSets\": [],\r\
        \n    \"redirectConfigurations\": []\r\n  }\r\n}"
    headers:
      azure-asyncoperation:
      - https://management.azure.com/subscriptions/00000000-0000-0000-0000-000000000000/providers/Microsoft.Network/locations/westus/operations/11336896-8507-4ba3-81de-97424f3a5e65?api-version=2020-06-01
      cache-control:
      - no-cache
      content-length:
      - '13569'
      content-type:
      - application/json; charset=utf-8
      date:
      - Wed, 04 Nov 2020 03:54:15 GMT
      expires:
      - '-1'
      pragma:
      - no-cache
      server:
      - Microsoft-HTTPAPI/2.0
      - Microsoft-HTTPAPI/2.0
      strict-transport-security:
      - max-age=31536000; includeSubDomains
      transfer-encoding:
      - chunked
      vary:
      - Accept-Encoding
      x-content-type-options:
      - nosniff
      x-ms-arm-service-request-id:
      - 2f518103-45c2-4fdc-95d2-8e87a35249f0
      x-ms-ratelimit-remaining-subscription-writes:
      - '1196'
    status:
      code: 200
      message: OK
- request:
    body: null
    headers:
      Accept:
      - application/json
      Accept-Encoding:
      - gzip, deflate
      CommandName:
      - network application-gateway show
      Connection:
      - keep-alive
      ParameterSetName:
      - -g -n
      User-Agent:
      - python/3.7.4 (Linux-4.15.0-112-generic-x86_64-with-debian-buster-sid) msrest/0.6.18
        msrest_azure/0.6.3 azure-mgmt-network/12.0.0 Azure-SDK-For-Python AZURECLI/2.14.0
      accept-language:
      - en-US
    method: GET
    uri: https://management.azure.com/subscriptions/00000000-0000-0000-0000-000000000000/resourceGroups/cli_test_ag_auth_cert000001/providers/Microsoft.Network/applicationGateways/ag1?api-version=2020-06-01
  response:
    body:
      string: "{\r\n  \"name\": \"ag1\",\r\n  \"id\": \"/subscriptions/00000000-0000-0000-0000-000000000000/resourceGroups/cli_test_ag_auth_cert000001/providers/Microsoft.Network/applicationGateways/ag1\"\
        ,\r\n  \"etag\": \"W/\\\"0f75f2f1-0939-40f7-82cc-b8131daabde7\\\"\",\r\n \
        \ \"type\": \"Microsoft.Network/applicationGateways\",\r\n  \"location\":\
        \ \"westus\",\r\n  \"tags\": {},\r\n  \"properties\": {\r\n    \"provisioningState\"\
        : \"Updating\",\r\n    \"resourceGuid\": \"2b736747-1bb1-49bf-87eb-0240454ea697\"\
        ,\r\n    \"sku\": {\r\n      \"name\": \"Standard_Medium\",\r\n      \"tier\"\
        : \"Standard\",\r\n      \"capacity\": 2\r\n    },\r\n    \"operationalState\"\
        : \"Stopped\",\r\n    \"gatewayIPConfigurations\": [\r\n      {\r\n      \
        \  \"name\": \"appGatewayPrivateFrontendIP\",\r\n        \"id\": \"/subscriptions/00000000-0000-0000-0000-000000000000/resourceGroups/cli_test_ag_auth_cert000001/providers/Microsoft.Network/applicationGateways/ag1/gatewayIPConfigurations/appGatewayPrivateFrontendIP\"\
        ,\r\n        \"etag\": \"W/\\\"0f75f2f1-0939-40f7-82cc-b8131daabde7\\\"\"\
        ,\r\n        \"properties\": {\r\n          \"provisioningState\": \"Updating\"\
        ,\r\n          \"subnet\": {\r\n            \"id\": \"/subscriptions/00000000-0000-0000-0000-000000000000/resourceGroups/cli_test_ag_auth_cert000001/providers/Microsoft.Network/virtualNetworks/ag1Vnet/subnets/default\"\
        \r\n          }\r\n        },\r\n        \"type\": \"Microsoft.Network/applicationGateways/gatewayIPConfigurations\"\
        \r\n      }\r\n    ],\r\n    \"sslCertificates\": [],\r\n    \"authenticationCertificates\"\
        : [\r\n      {\r\n        \"name\": \"cert1\",\r\n        \"id\": \"/subscriptions/00000000-0000-0000-0000-000000000000/resourceGroups/cli_test_ag_auth_cert000001/providers/Microsoft.Network/applicationGateways/ag1/authenticationCertificates/cert1\"\
        ,\r\n        \"etag\": \"W/\\\"0f75f2f1-0939-40f7-82cc-b8131daabde7\\\"\"\
        ,\r\n        \"properties\": {\r\n          \"provisioningState\": \"Updating\"\
        ,\r\n          \"data\": \"MIIBvzCCAW2gAwIBAgIQmJtabFWZYp1NjoMbcjRvajAJBgUrDgMCHQUAMBYxFDASBgNVBAMTC1Jvb3QgQWdlbmN5MB4XDTE2MDgyMzEzMjMyNFoXDTM5MTIzMTIzNTk1OVowIjEgMB4GA1UEAxMXSm9lJ3MtU29mdHdhcmUtRW1wb3JpdW0wgZ8wDQYJKoZIhvcNAQEBBQADgY0AMIGJAoGBAKH7RFdzRTwt8QPGQwBlLQox9ZvEjCIKzrB17IkWcAyRHpJMm+b00Ik8Sjm5UXwZY/DkXfkOBQ+RA9eaP5I1Aj043QQREs3MTFX7JppINYUk3gJzKPCHFHDb9qchy4qJjJAO/+PlWTP1M0T63Ln1fSIy3bjlPMfXoZK9+B+RJpIDAgMBAAGjSzBJMEcGA1UdAQRAMD6AEBLkCS0GHR1PAI1hIdwWZGOhGDAWMRQwEgYDVQQDEwtSb290IEFnZW5jeYIQBjdsAKoAZIoRz7jUqlw19DAJBgUrDgMCHQUAA0EAREgh2h7BQW5LImUO9dasVyKcQ+Y30iJ96P+/XQour7g/uAwxj/19JjE7i3Jt4tG5Ljc3o79G6QUspkP+QehBnA==\"\
        ,\r\n          \"backendHttpSettings\": [\r\n            {\r\n           \
        \   \"id\": \"/subscriptions/00000000-0000-0000-0000-000000000000/resourceGroups/cli_test_ag_auth_cert000001/providers/Microsoft.Network/applicationGateways/ag1/backendHttpSettingsCollection/https_settings\"\
        \r\n            }\r\n          ]\r\n        },\r\n        \"type\": \"Microsoft.Network/applicationGateways/authenticationCertificates\"\
        \r\n      },\r\n      {\r\n        \"name\": \"cert2\",\r\n        \"id\"\
        : \"/subscriptions/00000000-0000-0000-0000-000000000000/resourceGroups/cli_test_ag_auth_cert000001/providers/Microsoft.Network/applicationGateways/ag1/authenticationCertificates/cert2\"\
        ,\r\n        \"etag\": \"W/\\\"0f75f2f1-0939-40f7-82cc-b8131daabde7\\\"\"\
        ,\r\n        \"properties\": {\r\n          \"provisioningState\": \"Updating\"\
        ,\r\n          \"data\": \"MIIBvzCCAW2gAwIBAgIQdxrzWOg4waxNCWLqZDjNpjAJBgUrDgMCHQUAMBYxFDASBgNVBAMTC1Jvb3QgQWdlbmN5MB4XDTE2MDgyMzEzMzIzNloXDTM5MTIzMTIzNTk1OVowIjEgMB4GA1UEAxMXSm9lJ3MtU29mdHdhcmUtRW1wb3JpdW0wgZ8wDQYJKoZIhvcNAQEBBQADgY0AMIGJAoGBAKH7RFdzRTwt8QPGQwBlLQox9ZvEjCIKzrB17IkWcAyRHpJMm+b00Ik8Sjm5UXwZY/DkXfkOBQ+RA9eaP5I1Aj043QQREs3MTFX7JppINYUk3gJzKPCHFHDb9qchy4qJjJAO/+PlWTP1M0T63Ln1fSIy3bjlPMfXoZK9+B+RJpIDAgMBAAGjSzBJMEcGA1UdAQRAMD6AEBLkCS0GHR1PAI1hIdwWZGOhGDAWMRQwEgYDVQQDEwtSb290IEFnZW5jeYIQBjdsAKoAZIoRz7jUqlw19DAJBgUrDgMCHQUAA0EAY8c6yN4viFBfeW1aPIfW04IgqXz4nwUlGcKYr4Kdq887PgevaqZdsEcy6okZ7qjFZw4EtafD12cBQ1/Djl5j6Q==\"\
        ,\r\n          \"backendHttpSettings\": [\r\n            {\r\n           \
        \   \"id\": \"/subscriptions/00000000-0000-0000-0000-000000000000/resourceGroups/cli_test_ag_auth_cert000001/providers/Microsoft.Network/applicationGateways/ag1/backendHttpSettingsCollection/https_settings\"\
        \r\n            }\r\n          ]\r\n        },\r\n        \"type\": \"Microsoft.Network/applicationGateways/authenticationCertificates\"\
        \r\n      }\r\n    ],\r\n    \"frontendIPConfigurations\": [\r\n      {\r\n\
        \        \"name\": \"appGatewayPrivateFrontendIP\",\r\n        \"id\": \"\
        /subscriptions/00000000-0000-0000-0000-000000000000/resourceGroups/cli_test_ag_auth_cert000001/providers/Microsoft.Network/applicationGateways/ag1/frontendIPConfigurations/appGatewayPrivateFrontendIP\"\
        ,\r\n        \"etag\": \"W/\\\"0f75f2f1-0939-40f7-82cc-b8131daabde7\\\"\"\
        ,\r\n        \"type\": \"Microsoft.Network/applicationGateways/frontendIPConfigurations\"\
        ,\r\n        \"properties\": {\r\n          \"provisioningState\": \"Updating\"\
        ,\r\n          \"privateIPAllocationMethod\": \"Dynamic\",\r\n          \"\
        subnet\": {\r\n            \"id\": \"/subscriptions/00000000-0000-0000-0000-000000000000/resourceGroups/cli_test_ag_auth_cert000001/providers/Microsoft.Network/virtualNetworks/ag1Vnet/subnets/default\"\
        \r\n          },\r\n          \"httpListeners\": [\r\n            {\r\n  \
        \            \"id\": \"/subscriptions/00000000-0000-0000-0000-000000000000/resourceGroups/cli_test_ag_auth_cert000001/providers/Microsoft.Network/applicationGateways/ag1/httpListeners/appGatewayHttpListener\"\
        \r\n            }\r\n          ]\r\n        }\r\n      }\r\n    ],\r\n   \
        \ \"frontendPorts\": [\r\n      {\r\n        \"name\": \"appGatewayFrontendPort\"\
        ,\r\n        \"id\": \"/subscriptions/00000000-0000-0000-0000-000000000000/resourceGroups/cli_test_ag_auth_cert000001/providers/Microsoft.Network/applicationGateways/ag1/frontendPorts/appGatewayFrontendPort\"\
        ,\r\n        \"etag\": \"W/\\\"0f75f2f1-0939-40f7-82cc-b8131daabde7\\\"\"\
        ,\r\n        \"properties\": {\r\n          \"provisioningState\": \"Updating\"\
        ,\r\n          \"port\": 80,\r\n          \"httpListeners\": [\r\n       \
        \     {\r\n              \"id\": \"/subscriptions/00000000-0000-0000-0000-000000000000/resourceGroups/cli_test_ag_auth_cert000001/providers/Microsoft.Network/applicationGateways/ag1/httpListeners/appGatewayHttpListener\"\
        \r\n            }\r\n          ]\r\n        },\r\n        \"type\": \"Microsoft.Network/applicationGateways/frontendPorts\"\
        \r\n      }\r\n    ],\r\n    \"backendAddressPools\": [\r\n      {\r\n   \
        \     \"name\": \"appGatewayBackendPool\",\r\n        \"id\": \"/subscriptions/00000000-0000-0000-0000-000000000000/resourceGroups/cli_test_ag_auth_cert000001/providers/Microsoft.Network/applicationGateways/ag1/backendAddressPools/appGatewayBackendPool\"\
        ,\r\n        \"etag\": \"W/\\\"0f75f2f1-0939-40f7-82cc-b8131daabde7\\\"\"\
        ,\r\n        \"properties\": {\r\n          \"provisioningState\": \"Updating\"\
        ,\r\n          \"backendAddresses\": [],\r\n          \"requestRoutingRules\"\
        : [\r\n            {\r\n              \"id\": \"/subscriptions/00000000-0000-0000-0000-000000000000/resourceGroups/cli_test_ag_auth_cert000001/providers/Microsoft.Network/applicationGateways/ag1/requestRoutingRules/rule1\"\
        \r\n            }\r\n          ]\r\n        },\r\n        \"type\": \"Microsoft.Network/applicationGateways/backendAddressPools\"\
        \r\n      }\r\n    ],\r\n    \"backendHttpSettingsCollection\": [\r\n    \
        \  {\r\n        \"name\": \"appGatewayBackendHttpSettings\",\r\n        \"\
        id\": \"/subscriptions/00000000-0000-0000-0000-000000000000/resourceGroups/cli_test_ag_auth_cert000001/providers/Microsoft.Network/applicationGateways/ag1/backendHttpSettingsCollection/appGatewayBackendHttpSettings\"\
        ,\r\n        \"etag\": \"W/\\\"0f75f2f1-0939-40f7-82cc-b8131daabde7\\\"\"\
        ,\r\n        \"properties\": {\r\n          \"provisioningState\": \"Updating\"\
        ,\r\n          \"port\": 80,\r\n          \"protocol\": \"Http\",\r\n    \
        \      \"cookieBasedAffinity\": \"Disabled\",\r\n          \"connectionDraining\"\
        : {\r\n            \"enabled\": false,\r\n            \"drainTimeoutInSec\"\
        : 1\r\n          },\r\n          \"pickHostNameFromBackendAddress\": false,\r\
        \n          \"requestTimeout\": 30,\r\n          \"requestRoutingRules\":\
        \ [\r\n            {\r\n              \"id\": \"/subscriptions/00000000-0000-0000-0000-000000000000/resourceGroups/cli_test_ag_auth_cert000001/providers/Microsoft.Network/applicationGateways/ag1/requestRoutingRules/rule1\"\
        \r\n            }\r\n          ]\r\n        },\r\n        \"type\": \"Microsoft.Network/applicationGateways/backendHttpSettingsCollection\"\
        \r\n      },\r\n      {\r\n        \"name\": \"https_settings\",\r\n     \
        \   \"id\": \"/subscriptions/00000000-0000-0000-0000-000000000000/resourceGroups/cli_test_ag_auth_cert000001/providers/Microsoft.Network/applicationGateways/ag1/backendHttpSettingsCollection/https_settings\"\
        ,\r\n        \"etag\": \"W/\\\"0f75f2f1-0939-40f7-82cc-b8131daabde7\\\"\"\
        ,\r\n        \"properties\": {\r\n          \"provisioningState\": \"Updating\"\
        ,\r\n          \"port\": 443,\r\n          \"protocol\": \"Https\",\r\n  \
        \        \"cookieBasedAffinity\": \"Disabled\",\r\n          \"connectionDraining\"\
        : {\r\n            \"enabled\": false,\r\n            \"drainTimeoutInSec\"\
        : 1\r\n          },\r\n          \"pickHostNameFromBackendAddress\": false,\r\
        \n          \"requestTimeout\": 30,\r\n          \"authenticationCertificates\"\
        : [\r\n            {\r\n              \"id\": \"/subscriptions/00000000-0000-0000-0000-000000000000/resourceGroups/cli_test_ag_auth_cert000001/providers/Microsoft.Network/applicationGateways/ag1/authenticationCertificates/cert2\"\
        \r\n            },\r\n            {\r\n              \"id\": \"/subscriptions/00000000-0000-0000-0000-000000000000/resourceGroups/cli_test_ag_auth_cert000001/providers/Microsoft.Network/applicationGateways/ag1/authenticationCertificates/cert1\"\
        \r\n            }\r\n          ]\r\n        },\r\n        \"type\": \"Microsoft.Network/applicationGateways/backendHttpSettingsCollection\"\
        \r\n      }\r\n    ],\r\n    \"httpListeners\": [\r\n      {\r\n        \"\
        name\": \"appGatewayHttpListener\",\r\n        \"id\": \"/subscriptions/00000000-0000-0000-0000-000000000000/resourceGroups/cli_test_ag_auth_cert000001/providers/Microsoft.Network/applicationGateways/ag1/httpListeners/appGatewayHttpListener\"\
        ,\r\n        \"etag\": \"W/\\\"0f75f2f1-0939-40f7-82cc-b8131daabde7\\\"\"\
        ,\r\n        \"properties\": {\r\n          \"provisioningState\": \"Updating\"\
        ,\r\n          \"frontendIPConfiguration\": {\r\n            \"id\": \"/subscriptions/00000000-0000-0000-0000-000000000000/resourceGroups/cli_test_ag_auth_cert000001/providers/Microsoft.Network/applicationGateways/ag1/frontendIPConfigurations/appGatewayPrivateFrontendIP\"\
        \r\n          },\r\n          \"frontendPort\": {\r\n            \"id\": \"\
        /subscriptions/00000000-0000-0000-0000-000000000000/resourceGroups/cli_test_ag_auth_cert000001/providers/Microsoft.Network/applicationGateways/ag1/frontendPorts/appGatewayFrontendPort\"\
        \r\n          },\r\n          \"protocol\": \"Http\",\r\n          \"hostNames\"\
        : [],\r\n          \"requireServerNameIndication\": false,\r\n          \"\
        requestRoutingRules\": [\r\n            {\r\n              \"id\": \"/subscriptions/00000000-0000-0000-0000-000000000000/resourceGroups/cli_test_ag_auth_cert000001/providers/Microsoft.Network/applicationGateways/ag1/requestRoutingRules/rule1\"\
        \r\n            }\r\n          ]\r\n        },\r\n        \"type\": \"Microsoft.Network/applicationGateways/httpListeners\"\
        \r\n      }\r\n    ],\r\n    \"urlPathMaps\": [],\r\n    \"requestRoutingRules\"\
        : [\r\n      {\r\n        \"name\": \"rule1\",\r\n        \"id\": \"/subscriptions/00000000-0000-0000-0000-000000000000/resourceGroups/cli_test_ag_auth_cert000001/providers/Microsoft.Network/applicationGateways/ag1/requestRoutingRules/rule1\"\
        ,\r\n        \"etag\": \"W/\\\"0f75f2f1-0939-40f7-82cc-b8131daabde7\\\"\"\
        ,\r\n        \"properties\": {\r\n          \"provisioningState\": \"Updating\"\
        ,\r\n          \"ruleType\": \"Basic\",\r\n          \"httpListener\": {\r\
        \n            \"id\": \"/subscriptions/00000000-0000-0000-0000-000000000000/resourceGroups/cli_test_ag_auth_cert000001/providers/Microsoft.Network/applicationGateways/ag1/httpListeners/appGatewayHttpListener\"\
        \r\n          },\r\n          \"backendAddressPool\": {\r\n            \"\
        id\": \"/subscriptions/00000000-0000-0000-0000-000000000000/resourceGroups/cli_test_ag_auth_cert000001/providers/Microsoft.Network/applicationGateways/ag1/backendAddressPools/appGatewayBackendPool\"\
        \r\n          },\r\n          \"backendHttpSettings\": {\r\n            \"\
        id\": \"/subscriptions/00000000-0000-0000-0000-000000000000/resourceGroups/cli_test_ag_auth_cert000001/providers/Microsoft.Network/applicationGateways/ag1/backendHttpSettingsCollection/appGatewayBackendHttpSettings\"\
        \r\n          }\r\n        },\r\n        \"type\": \"Microsoft.Network/applicationGateways/requestRoutingRules\"\
        \r\n      }\r\n    ],\r\n    \"probes\": [],\r\n    \"rewriteRuleSets\": [],\r\
        \n    \"redirectConfigurations\": []\r\n  }\r\n}"
    headers:
      cache-control:
      - no-cache
      content-length:
      - '13569'
      content-type:
      - application/json; charset=utf-8
      date:
      - Wed, 04 Nov 2020 03:54:15 GMT
      etag:
      - W/"0f75f2f1-0939-40f7-82cc-b8131daabde7"
      expires:
      - '-1'
      pragma:
      - no-cache
      server:
      - Microsoft-HTTPAPI/2.0
      - Microsoft-HTTPAPI/2.0
      strict-transport-security:
      - max-age=31536000; includeSubDomains
      transfer-encoding:
      - chunked
      vary:
      - Accept-Encoding
      x-content-type-options:
      - nosniff
      x-ms-arm-service-request-id:
      - f89cd7cf-90c1-401f-ad4f-6ae68d4b8876
    status:
      code: 200
      message: OK
version: 1
