interactions:
- request:
    body: null
    headers:
      Accept:
      - application/json
      Accept-Encoding:
      - gzip, deflate
      CommandName:
      - network express-route create
      Connection:
      - keep-alive
      ParameterSetName:
      - -g -n --bandwidth --provider --peering-location --sku-tier
      User-Agent:
      - python/3.7.4 (Windows-10-10.0.19041-SP0) msrest/0.6.21 msrest_azure/0.6.3
        azure-mgmt-resource/12.0.0 Azure-SDK-For-Python AZURECLI/2.19.1
      accept-language:
      - en-US
    method: GET
    uri: https://management.azure.com/subscriptions/00000000-0000-0000-0000-000000000000/resourcegroups/cli_test_express_route_ipv6_peering000001?api-version=2020-10-01
  response:
    body:
      string: '{"id":"/subscriptions/00000000-0000-0000-0000-000000000000/resourceGroups/cli_test_express_route_ipv6_peering000001","name":"cli_test_express_route_ipv6_peering000001","type":"Microsoft.Resources/resourceGroups","location":"westus","tags":{"product":"azurecli","cause":"automation","date":"2021-02-24T11:25:54Z"},"properties":{"provisioningState":"Succeeded"}}'
    headers:
      cache-control:
      - no-cache
      content-length:
      - '428'
      content-type:
      - application/json; charset=utf-8
      date:
      - Wed, 24 Feb 2021 11:25:56 GMT
      expires:
      - '-1'
      pragma:
      - no-cache
      strict-transport-security:
      - max-age=31536000; includeSubDomains
      vary:
      - Accept-Encoding
      x-content-type-options:
      - nosniff
    status:
      code: 200
      message: OK
- request:
    body: '{"location": "westus", "sku": {"name": "Premium_MeteredData", "tier": "Premium",
      "family": "MeteredData"}, "properties": {"serviceProviderProperties": {"serviceProviderName":
      "Ibiza Test Provider", "peeringLocation": "Area51", "bandwidthInMbps": 50}}}'
    headers:
      Accept:
      - application/json
      Accept-Encoding:
      - gzip, deflate
      CommandName:
      - network express-route create
      Connection:
      - keep-alive
      Content-Length:
      - '251'
      Content-Type:
      - application/json
      ParameterSetName:
      - -g -n --bandwidth --provider --peering-location --sku-tier
      User-Agent:
      - AZURECLI/2.19.1 azsdk-python-azure-mgmt-network/17.1.0 Python/3.7.4 (Windows-10-10.0.19041-SP0)
    method: PUT
    uri: https://management.azure.com/subscriptions/00000000-0000-0000-0000-000000000000/resourceGroups/cli_test_express_route_ipv6_peering000001/providers/Microsoft.Network/expressRouteCircuits/circuit1?api-version=2020-08-01
  response:
    body:
      string: "{\r\n  \"name\": \"circuit1\",\r\n  \"id\": \"/subscriptions/00000000-0000-0000-0000-000000000000/resourceGroups/cli_test_express_route_ipv6_peering000001/providers/Microsoft.Network/expressRouteCircuits/circuit1\",\r\n
        \ \"etag\": \"W/\\\"85448ba4-942b-4fa7-83fa-3c0dfc42523d\\\"\",\r\n  \"type\":
        \"Microsoft.Network/expressRouteCircuits\",\r\n  \"location\": \"westus\",\r\n
        \ \"properties\": {\r\n    \"provisioningState\": \"Updating\",\r\n    \"resourceGuid\":
        \"945fcc7f-43a5-4309-9ab7-9ebf37c7a020\",\r\n    \"peerings\": [],\r\n    \"authorizations\":
        [],\r\n    \"serviceProviderProperties\": {\r\n      \"serviceProviderName\":
        \"Ibiza Test Provider\",\r\n      \"peeringLocation\": \"Area51\",\r\n      \"bandwidthInMbps\":
        50\r\n    },\r\n    \"circuitProvisioningState\": \"Disabled\",\r\n    \"allowClassicOperations\":
        false,\r\n    \"serviceKey\": \"00000000-0000-0000-0000-000000000000\",\r\n
        \   \"serviceProviderProvisioningState\": \"NotProvisioned\",\r\n    \"allowGlobalReach\":
        false,\r\n    \"globalReachEnabled\": false\r\n  },\r\n  \"sku\": {\r\n    \"name\":
        \"Premium_MeteredData\",\r\n    \"tier\": \"Premium\",\r\n    \"family\":
        \"MeteredData\"\r\n  }\r\n}"
    headers:
      azure-asyncnotification:
      - Enabled
      azure-asyncoperation:
      - https://management.azure.com/subscriptions/00000000-0000-0000-0000-000000000000/providers/Microsoft.Network/locations/westus/operations/99e81850-7a26-4d3b-887d-e42f29045730?api-version=2020-08-01
      cache-control:
      - no-cache
      content-length:
      - '1081'
      content-type:
      - application/json; charset=utf-8
      date:
      - Wed, 24 Feb 2021 11:26:02 GMT
      expires:
      - '-1'
      pragma:
      - no-cache
      server:
      - Microsoft-HTTPAPI/2.0
      - Microsoft-HTTPAPI/2.0
      strict-transport-security:
      - max-age=31536000; includeSubDomains
      x-content-type-options:
      - nosniff
      x-ms-arm-service-request-id:
      - d29bfb28-6a09-41e5-a6a0-8a338fde15e5
      x-ms-ratelimit-remaining-subscription-writes:
      - '1194'
    status:
      code: 201
      message: Created
- request:
    body: null
    headers:
      Accept:
      - '*/*'
      Accept-Encoding:
      - gzip, deflate
      CommandName:
      - network express-route create
      Connection:
      - keep-alive
      ParameterSetName:
      - -g -n --bandwidth --provider --peering-location --sku-tier
      User-Agent:
      - AZURECLI/2.19.1 azsdk-python-azure-mgmt-network/17.1.0 Python/3.7.4 (Windows-10-10.0.19041-SP0)
    method: GET
    uri: https://management.azure.com/subscriptions/00000000-0000-0000-0000-000000000000/providers/Microsoft.Network/locations/westus/operations/99e81850-7a26-4d3b-887d-e42f29045730?api-version=2020-08-01
  response:
    body:
      string: "{\r\n  \"status\": \"InProgress\"\r\n}"
    headers:
      cache-control:
      - no-cache
      content-length:
      - '30'
      content-type:
      - application/json; charset=utf-8
      date:
      - Wed, 24 Feb 2021 11:26:13 GMT
      expires:
      - '-1'
      pragma:
      - no-cache
      server:
      - Microsoft-HTTPAPI/2.0
      - Microsoft-HTTPAPI/2.0
      strict-transport-security:
      - max-age=31536000; includeSubDomains
      transfer-encoding:
      - chunked
      vary:
      - Accept-Encoding
      x-content-type-options:
      - nosniff
      x-ms-arm-service-request-id:
      - 2165d7c6-56a4-48c7-8aa4-92e6ab4c1622
    status:
      code: 200
      message: OK
- request:
    body: null
    headers:
      Accept:
      - '*/*'
      Accept-Encoding:
      - gzip, deflate
      CommandName:
      - network express-route create
      Connection:
      - keep-alive
      ParameterSetName:
      - -g -n --bandwidth --provider --peering-location --sku-tier
      User-Agent:
      - AZURECLI/2.19.1 azsdk-python-azure-mgmt-network/17.1.0 Python/3.7.4 (Windows-10-10.0.19041-SP0)
    method: GET
    uri: https://management.azure.com/subscriptions/00000000-0000-0000-0000-000000000000/providers/Microsoft.Network/locations/westus/operations/99e81850-7a26-4d3b-887d-e42f29045730?api-version=2020-08-01
  response:
    body:
      string: "{\r\n  \"status\": \"Succeeded\"\r\n}"
    headers:
      cache-control:
      - no-cache
      content-length:
      - '29'
      content-type:
      - application/json; charset=utf-8
      date:
      - Wed, 24 Feb 2021 11:26:23 GMT
      expires:
      - '-1'
      pragma:
      - no-cache
      server:
      - Microsoft-HTTPAPI/2.0
      - Microsoft-HTTPAPI/2.0
      strict-transport-security:
      - max-age=31536000; includeSubDomains
      transfer-encoding:
      - chunked
      vary:
      - Accept-Encoding
      x-content-type-options:
      - nosniff
      x-ms-arm-service-request-id:
      - 2735b24e-70ce-4817-9ec4-85336f12b379
    status:
      code: 200
      message: OK
- request:
    body: null
    headers:
      Accept:
      - '*/*'
      Accept-Encoding:
      - gzip, deflate
      CommandName:
      - network express-route create
      Connection:
      - keep-alive
      ParameterSetName:
      - -g -n --bandwidth --provider --peering-location --sku-tier
      User-Agent:
      - AZURECLI/2.19.1 azsdk-python-azure-mgmt-network/17.1.0 Python/3.7.4 (Windows-10-10.0.19041-SP0)
    method: GET
    uri: https://management.azure.com/subscriptions/00000000-0000-0000-0000-000000000000/resourceGroups/cli_test_express_route_ipv6_peering000001/providers/Microsoft.Network/expressRouteCircuits/circuit1?api-version=2020-08-01
  response:
    body:
      string: "{\r\n  \"name\": \"circuit1\",\r\n  \"id\": \"/subscriptions/00000000-0000-0000-0000-000000000000/resourceGroups/cli_test_express_route_ipv6_peering000001/providers/Microsoft.Network/expressRouteCircuits/circuit1\",\r\n
        \ \"etag\": \"W/\\\"8ccc0df6-622d-4a4d-ba5e-c2f375cabb49\\\"\",\r\n  \"type\":
        \"Microsoft.Network/expressRouteCircuits\",\r\n  \"location\": \"westus\",\r\n
        \ \"properties\": {\r\n    \"provisioningState\": \"Succeeded\",\r\n    \"resourceGuid\":
        \"945fcc7f-43a5-4309-9ab7-9ebf37c7a020\",\r\n    \"peerings\": [],\r\n    \"authorizations\":
        [],\r\n    \"serviceProviderProperties\": {\r\n      \"serviceProviderName\":
        \"Ibiza Test Provider\",\r\n      \"peeringLocation\": \"Area51\",\r\n      \"bandwidthInMbps\":
        50\r\n    },\r\n    \"circuitProvisioningState\": \"Enabled\",\r\n    \"allowClassicOperations\":
        false,\r\n    \"gatewayManagerEtag\": \"\",\r\n    \"serviceKey\": \"99ebfa0e-d0e9-4a11-9df0-53665903561f\",\r\n
        \   \"serviceProviderProvisioningState\": \"NotProvisioned\",\r\n    \"allowGlobalReach\":
        false,\r\n    \"globalReachEnabled\": false,\r\n    \"stag\": 3\r\n  },\r\n
        \ \"sku\": {\r\n    \"name\": \"Premium_MeteredData\",\r\n    \"tier\": \"Premium\",\r\n
        \   \"family\": \"MeteredData\"\r\n  }\r\n}"
    headers:
      cache-control:
      - no-cache
      content-length:
      - '1128'
      content-type:
      - application/json; charset=utf-8
      date:
      - Wed, 24 Feb 2021 11:26:23 GMT
      expires:
      - '-1'
      pragma:
      - no-cache
      server:
      - Microsoft-HTTPAPI/2.0
      - Microsoft-HTTPAPI/2.0
      strict-transport-security:
      - max-age=31536000; includeSubDomains
      transfer-encoding:
      - chunked
      vary:
      - Accept-Encoding
      x-content-type-options:
      - nosniff
      x-ms-arm-service-request-id:
      - d9dfa22b-25ce-4414-b2e5-5b1c86bd7e15
    status:
      code: 200
      message: OK
- request:
    body: '{"properties": {"peeringType": "MicrosoftPeering", "peerASN": 10002, "primaryPeerAddressPrefix":
      "104.0.0.0/30", "secondaryPeerAddressPrefix": "105.0.0.0/30", "vlanId": 103,
      "microsoftPeeringConfig": {"advertisedPublicPrefixes": ["104.0.0.0/30"], "customerASN":
      10000, "routingRegistryName": "LEVEL3"}}}'
    headers:
      Accept:
      - application/json
      Accept-Encoding:
      - gzip, deflate
      CommandName:
      - network express-route peering create
      Connection:
      - keep-alive
      Content-Length:
      - '303'
      Content-Type:
      - application/json
      ParameterSetName:
      - -g --circuit-name --peering-type --peer-asn --vlan-id --primary-peer-subnet
        --secondary-peer-subnet --advertised-public-prefixes --customer-asn --routing-registry-name
      User-Agent:
      - AZURECLI/2.19.1 azsdk-python-azure-mgmt-network/17.1.0 Python/3.7.4 (Windows-10-10.0.19041-SP0)
    method: PUT
    uri: https://management.azure.com/subscriptions/00000000-0000-0000-0000-000000000000/resourceGroups/cli_test_express_route_ipv6_peering000001/providers/Microsoft.Network/expressRouteCircuits/circuit1/peerings/MicrosoftPeering?api-version=2020-08-01
  response:
    body:
      string: "{\r\n  \"name\": \"MicrosoftPeering\",\r\n  \"id\": \"/subscriptions/00000000-0000-0000-0000-000000000000/resourceGroups/cli_test_express_route_ipv6_peering000001/providers/Microsoft.Network/expressRouteCircuits/circuit1/peerings/MicrosoftPeering\",\r\n
        \ \"etag\": \"W/\\\"6c3c331c-efe8-4d4e-99f0-bb9ce8d5964e\\\"\",\r\n  \"properties\":
        {\r\n    \"provisioningState\": \"Updating\",\r\n    \"peeringType\": \"MicrosoftPeering\",\r\n
        \   \"azureASN\": 0,\r\n    \"peerASN\": 10002,\r\n    \"primaryPeerAddressPrefix\":
        \"104.0.0.0/30\",\r\n    \"secondaryPeerAddressPrefix\": \"105.0.0.0/30\",\r\n
        \   \"state\": \"Enabled\",\r\n    \"vlanId\": 103,\r\n    \"lastModifiedBy\":
        \"\",\r\n    \"microsoftPeeringConfig\": {\r\n      \"advertisedPublicPrefixes\":
        [\r\n        \"104.0.0.0/30\"\r\n      ],\r\n      \"advertisedPublicPrefixesState\":
        \"NotConfigured\",\r\n      \"customerASN\": 10000,\r\n      \"legacyMode\":
        0,\r\n      \"routingRegistryName\": \"LEVEL3\"\r\n    },\r\n    \"connections\":
        [],\r\n    \"peeredConnections\": []\r\n  },\r\n  \"type\": \"Microsoft.Network/expressRouteCircuits/peerings\"\r\n}"
    headers:
      azure-asyncoperation:
      - https://management.azure.com/subscriptions/00000000-0000-0000-0000-000000000000/providers/Microsoft.Network/locations/westus/operations/efbf7409-05f9-4151-bbe1-dd9b55a3ed2d?api-version=2020-08-01
      cache-control:
      - no-cache
      content-length:
      - '1024'
      content-type:
      - application/json; charset=utf-8
      date:
      - Wed, 24 Feb 2021 11:26:24 GMT
      expires:
      - '-1'
      pragma:
      - no-cache
      server:
      - Microsoft-HTTPAPI/2.0
      - Microsoft-HTTPAPI/2.0
      strict-transport-security:
      - max-age=31536000; includeSubDomains
      x-content-type-options:
      - nosniff
      x-ms-arm-service-request-id:
      - 6c3ab7bc-b7e0-4b0a-b7d9-dfaf1b369ada
      x-ms-ratelimit-remaining-subscription-writes:
      - '1191'
    status:
      code: 201
      message: Created
- request:
    body: null
    headers:
      Accept:
      - '*/*'
      Accept-Encoding:
      - gzip, deflate
      CommandName:
      - network express-route peering create
      Connection:
      - keep-alive
      ParameterSetName:
      - -g --circuit-name --peering-type --peer-asn --vlan-id --primary-peer-subnet
        --secondary-peer-subnet --advertised-public-prefixes --customer-asn --routing-registry-name
      User-Agent:
      - AZURECLI/2.19.1 azsdk-python-azure-mgmt-network/17.1.0 Python/3.7.4 (Windows-10-10.0.19041-SP0)
    method: GET
    uri: https://management.azure.com/subscriptions/00000000-0000-0000-0000-000000000000/providers/Microsoft.Network/locations/westus/operations/efbf7409-05f9-4151-bbe1-dd9b55a3ed2d?api-version=2020-08-01
  response:
    body:
      string: "{\r\n  \"status\": \"InProgress\"\r\n}"
    headers:
      cache-control:
      - no-cache
      content-length:
      - '30'
      content-type:
      - application/json; charset=utf-8
      date:
      - Wed, 24 Feb 2021 11:26:35 GMT
      expires:
      - '-1'
      pragma:
      - no-cache
      server:
      - Microsoft-HTTPAPI/2.0
      - Microsoft-HTTPAPI/2.0
      strict-transport-security:
      - max-age=31536000; includeSubDomains
      transfer-encoding:
      - chunked
      vary:
      - Accept-Encoding
      x-content-type-options:
      - nosniff
      x-ms-arm-service-request-id:
      - 4f8f8513-0608-49ce-8012-462b4e7fdbf1
    status:
      code: 200
      message: OK
- request:
    body: null
    headers:
      Accept:
      - '*/*'
      Accept-Encoding:
      - gzip, deflate
      CommandName:
      - network express-route peering create
      Connection:
      - keep-alive
      ParameterSetName:
      - -g --circuit-name --peering-type --peer-asn --vlan-id --primary-peer-subnet
        --secondary-peer-subnet --advertised-public-prefixes --customer-asn --routing-registry-name
      User-Agent:
      - AZURECLI/2.19.1 azsdk-python-azure-mgmt-network/17.1.0 Python/3.7.4 (Windows-10-10.0.19041-SP0)
    method: GET
    uri: https://management.azure.com/subscriptions/00000000-0000-0000-0000-000000000000/providers/Microsoft.Network/locations/westus/operations/efbf7409-05f9-4151-bbe1-dd9b55a3ed2d?api-version=2020-08-01
  response:
    body:
      string: "{\r\n  \"status\": \"Succeeded\"\r\n}"
    headers:
      cache-control:
      - no-cache
      content-length:
      - '29'
      content-type:
      - application/json; charset=utf-8
      date:
      - Wed, 24 Feb 2021 11:26:46 GMT
      expires:
      - '-1'
      pragma:
      - no-cache
      server:
      - Microsoft-HTTPAPI/2.0
      - Microsoft-HTTPAPI/2.0
      strict-transport-security:
      - max-age=31536000; includeSubDomains
      transfer-encoding:
      - chunked
      vary:
      - Accept-Encoding
      x-content-type-options:
      - nosniff
      x-ms-arm-service-request-id:
      - 5ab493e2-1201-4b86-a322-f8774aabef6c
    status:
      code: 200
      message: OK
- request:
    body: null
    headers:
      Accept:
      - '*/*'
      Accept-Encoding:
      - gzip, deflate
      CommandName:
      - network express-route peering create
      Connection:
      - keep-alive
      ParameterSetName:
      - -g --circuit-name --peering-type --peer-asn --vlan-id --primary-peer-subnet
        --secondary-peer-subnet --advertised-public-prefixes --customer-asn --routing-registry-name
      User-Agent:
      - AZURECLI/2.19.1 azsdk-python-azure-mgmt-network/17.1.0 Python/3.7.4 (Windows-10-10.0.19041-SP0)
    method: GET
    uri: https://management.azure.com/subscriptions/00000000-0000-0000-0000-000000000000/resourceGroups/cli_test_express_route_ipv6_peering000001/providers/Microsoft.Network/expressRouteCircuits/circuit1/peerings/MicrosoftPeering?api-version=2020-08-01
  response:
    body:
      string: "{\r\n  \"name\": \"MicrosoftPeering\",\r\n  \"id\": \"/subscriptions/00000000-0000-0000-0000-000000000000/resourceGroups/cli_test_express_route_ipv6_peering000001/providers/Microsoft.Network/expressRouteCircuits/circuit1/peerings/MicrosoftPeering\",\r\n
        \ \"etag\": \"W/\\\"f2875486-a0d9-43c8-b25d-659c057ccedf\\\"\",\r\n  \"properties\":
        {\r\n    \"provisioningState\": \"Succeeded\",\r\n    \"peeringType\": \"MicrosoftPeering\",\r\n
        \   \"azureASN\": 12076,\r\n    \"peerASN\": 10002,\r\n    \"primaryPeerAddressPrefix\":
        \"104.0.0.0/30\",\r\n    \"secondaryPeerAddressPrefix\": \"105.0.0.0/30\",\r\n
        \   \"primaryAzurePort\": \"A51-IBIZA-06GMR-CIS-1-PRI-A\",\r\n    \"secondaryAzurePort\":
        \"A51-IBIZA-06GMR-CIS-2-SEC-A\",\r\n    \"state\": \"Enabled\",\r\n    \"vlanId\":
        103,\r\n    \"gatewayManagerEtag\": \"\",\r\n    \"lastModifiedBy\": \"Customer\",\r\n
        \   \"microsoftPeeringConfig\": {\r\n      \"advertisedPublicPrefixes\": [\r\n
        \       \"104.0.0.0/30\"\r\n      ],\r\n      \"advertisedPublicPrefixesState\":
        \"ValidationNeeded\",\r\n      \"customerASN\": 10000,\r\n      \"legacyMode\":
        0,\r\n      \"routingRegistryName\": \"LEVEL3\"\r\n    },\r\n    \"connections\":
        [],\r\n    \"peeredConnections\": []\r\n  },\r\n  \"type\": \"Microsoft.Network/expressRouteCircuits/peerings\"\r\n}"
    headers:
      cache-control:
      - no-cache
      content-length:
      - '1185'
      content-type:
      - application/json; charset=utf-8
      date:
      - Wed, 24 Feb 2021 11:26:46 GMT
      expires:
      - '-1'
      pragma:
      - no-cache
      server:
      - Microsoft-HTTPAPI/2.0
      - Microsoft-HTTPAPI/2.0
      strict-transport-security:
      - max-age=31536000; includeSubDomains
      transfer-encoding:
      - chunked
      vary:
      - Accept-Encoding
      x-content-type-options:
      - nosniff
      x-ms-arm-service-request-id:
      - 951448b4-2910-4d3e-bee0-6ee8f075e191
    status:
      code: 200
      message: OK
- request:
    body: null
    headers:
      Accept:
      - application/json
      Accept-Encoding:
      - gzip, deflate
      CommandName:
      - network express-route peering update
      Connection:
      - keep-alive
      ParameterSetName:
      - -g --circuit-name -n --ip-version --primary-peer-subnet --secondary-peer-subnet
        --advertised-public-prefixes --customer-asn --routing-registry-name
      User-Agent:
      - AZURECLI/2.19.1 azsdk-python-azure-mgmt-network/17.1.0 Python/3.7.4 (Windows-10-10.0.19041-SP0)
    method: GET
    uri: https://management.azure.com/subscriptions/00000000-0000-0000-0000-000000000000/resourceGroups/cli_test_express_route_ipv6_peering000001/providers/Microsoft.Network/expressRouteCircuits/circuit1/peerings/MicrosoftPeering?api-version=2020-08-01
  response:
    body:
      string: "{\r\n  \"name\": \"MicrosoftPeering\",\r\n  \"id\": \"/subscriptions/00000000-0000-0000-0000-000000000000/resourceGroups/cli_test_express_route_ipv6_peering000001/providers/Microsoft.Network/expressRouteCircuits/circuit1/peerings/MicrosoftPeering\",\r\n
        \ \"etag\": \"W/\\\"f2875486-a0d9-43c8-b25d-659c057ccedf\\\"\",\r\n  \"properties\":
        {\r\n    \"provisioningState\": \"Succeeded\",\r\n    \"peeringType\": \"MicrosoftPeering\",\r\n
        \   \"azureASN\": 12076,\r\n    \"peerASN\": 10002,\r\n    \"primaryPeerAddressPrefix\":
        \"104.0.0.0/30\",\r\n    \"secondaryPeerAddressPrefix\": \"105.0.0.0/30\",\r\n
        \   \"primaryAzurePort\": \"A51-IBIZA-06GMR-CIS-1-PRI-A\",\r\n    \"secondaryAzurePort\":
        \"A51-IBIZA-06GMR-CIS-2-SEC-A\",\r\n    \"state\": \"Enabled\",\r\n    \"vlanId\":
        103,\r\n    \"gatewayManagerEtag\": \"\",\r\n    \"lastModifiedBy\": \"Customer\",\r\n
        \   \"microsoftPeeringConfig\": {\r\n      \"advertisedPublicPrefixes\": [\r\n
        \       \"104.0.0.0/30\"\r\n      ],\r\n      \"advertisedPublicPrefixesState\":
        \"ValidationNeeded\",\r\n      \"customerASN\": 10000,\r\n      \"legacyMode\":
        0,\r\n      \"routingRegistryName\": \"LEVEL3\"\r\n    },\r\n    \"connections\":
        [],\r\n    \"peeredConnections\": []\r\n  },\r\n  \"type\": \"Microsoft.Network/expressRouteCircuits/peerings\"\r\n}"
    headers:
      cache-control:
      - no-cache
      content-length:
      - '1185'
      content-type:
      - application/json; charset=utf-8
      date:
      - Wed, 24 Feb 2021 11:26:48 GMT
      expires:
      - '-1'
      pragma:
      - no-cache
      server:
      - Microsoft-HTTPAPI/2.0
      - Microsoft-HTTPAPI/2.0
      strict-transport-security:
      - max-age=31536000; includeSubDomains
      transfer-encoding:
      - chunked
      vary:
      - Accept-Encoding
      x-content-type-options:
      - nosniff
      x-ms-arm-service-request-id:
      - b923a168-ae6f-4005-bf20-78604fdc9939
    status:
      code: 200
      message: OK
- request:
    body: '{"id": "/subscriptions/00000000-0000-0000-0000-000000000000/resourceGroups/cli_test_express_route_ipv6_peering000001/providers/Microsoft.Network/expressRouteCircuits/circuit1/peerings/MicrosoftPeering",
      "name": "MicrosoftPeering", "properties": {"peeringType": "MicrosoftPeering",
      "state": "Enabled", "azureASN": 12076, "peerASN": 10002, "primaryPeerAddressPrefix":
      "104.0.0.0/30", "secondaryPeerAddressPrefix": "105.0.0.0/30", "primaryAzurePort":
      "A51-IBIZA-06GMR-CIS-1-PRI-A", "secondaryAzurePort": "A51-IBIZA-06GMR-CIS-2-SEC-A",
      "vlanId": 103, "microsoftPeeringConfig": {"advertisedPublicPrefixes": ["104.0.0.0/30"],
      "legacyMode": 0, "customerASN": 10000, "routingRegistryName": "LEVEL3"}, "gatewayManagerEtag":
      "", "ipv6PeeringConfig": {"primaryPeerAddressPrefix": "2001:db00::/126", "secondaryPeerAddressPrefix":
      "2002:db00::/126", "microsoftPeeringConfig": {"advertisedPublicPrefixes": ["2001:db00::/126"],
      "customerASN": 100001, "routingRegistryName": "LEVEL3"}}, "connections": []}}'
    headers:
      Accept:
      - application/json
      Accept-Encoding:
      - gzip, deflate
      CommandName:
      - network express-route peering update
      Connection:
      - keep-alive
      Content-Length:
      - '1024'
      Content-Type:
      - application/json
      ParameterSetName:
      - -g --circuit-name -n --ip-version --primary-peer-subnet --secondary-peer-subnet
        --advertised-public-prefixes --customer-asn --routing-registry-name
      User-Agent:
      - AZURECLI/2.19.1 azsdk-python-azure-mgmt-network/17.1.0 Python/3.7.4 (Windows-10-10.0.19041-SP0)
    method: PUT
    uri: https://management.azure.com/subscriptions/00000000-0000-0000-0000-000000000000/resourceGroups/cli_test_express_route_ipv6_peering000001/providers/Microsoft.Network/expressRouteCircuits/circuit1/peerings/MicrosoftPeering?api-version=2020-08-01
  response:
    body:
      string: "{\r\n  \"name\": \"MicrosoftPeering\",\r\n  \"id\": \"/subscriptions/00000000-0000-0000-0000-000000000000/resourceGroups/cli_test_express_route_ipv6_peering000001/providers/Microsoft.Network/expressRouteCircuits/circuit1/peerings/MicrosoftPeering\",\r\n
        \ \"etag\": \"W/\\\"2e862c42-ec86-4545-8a09-a01e27fd14c1\\\"\",\r\n  \"properties\":
        {\r\n    \"provisioningState\": \"Updating\",\r\n    \"peeringType\": \"MicrosoftPeering\",\r\n
        \   \"azureASN\": 12076,\r\n    \"peerASN\": 10002,\r\n    \"primaryPeerAddressPrefix\":
        \"104.0.0.0/30\",\r\n    \"secondaryPeerAddressPrefix\": \"105.0.0.0/30\",\r\n
        \   \"primaryAzurePort\": \"A51-IBIZA-06GMR-CIS-1-PRI-A\",\r\n    \"secondaryAzurePort\":
        \"A51-IBIZA-06GMR-CIS-2-SEC-A\",\r\n    \"state\": \"Enabled\",\r\n    \"vlanId\":
        103,\r\n    \"gatewayManagerEtag\": \"\",\r\n    \"lastModifiedBy\": \"Customer\",\r\n
        \   \"microsoftPeeringConfig\": {\r\n      \"advertisedPublicPrefixes\": [\r\n
        \       \"104.0.0.0/30\"\r\n      ],\r\n      \"advertisedPublicPrefixesState\":
        \"ValidationNeeded\",\r\n      \"customerASN\": 10000,\r\n      \"legacyMode\":
        0,\r\n      \"routingRegistryName\": \"LEVEL3\"\r\n    },\r\n    \"ipv6PeeringConfig\":
        {\r\n      \"primaryPeerAddressPrefix\": \"2001:db00::/126\",\r\n      \"secondaryPeerAddressPrefix\":
        \"2002:db00::/126\",\r\n      \"state\": \"Enabled\",\r\n      \"microsoftPeeringConfig\":
        {\r\n        \"advertisedPublicPrefixes\": [\r\n          \"2001:db00::/126\"\r\n
        \       ],\r\n        \"advertisedPublicPrefixesState\": \"NotConfigured\",\r\n
        \       \"customerASN\": 100001,\r\n        \"legacyMode\": 0,\r\n        \"routingRegistryName\":
        \"LEVEL3\"\r\n      }\r\n    },\r\n    \"connections\": [],\r\n    \"peeredConnections\":
        []\r\n  },\r\n  \"type\": \"Microsoft.Network/expressRouteCircuits/peerings\"\r\n}"
    headers:
      azure-asyncoperation:
      - https://management.azure.com/subscriptions/00000000-0000-0000-0000-000000000000/providers/Microsoft.Network/locations/westus/operations/b37c3872-dd10-4028-95d8-a82c2dc9223d?api-version=2020-08-01
      cache-control:
      - no-cache
      content-length:
      - '1639'
      content-type:
      - application/json; charset=utf-8
      date:
      - Wed, 24 Feb 2021 11:26:48 GMT
      expires:
      - '-1'
      pragma:
      - no-cache
      server:
      - Microsoft-HTTPAPI/2.0
      - Microsoft-HTTPAPI/2.0
      strict-transport-security:
      - max-age=31536000; includeSubDomains
      transfer-encoding:
      - chunked
      vary:
      - Accept-Encoding
      x-content-type-options:
      - nosniff
      x-ms-arm-service-request-id:
      - 8eaa71d0-246b-4ac3-af44-e5426459f064
      x-ms-ratelimit-remaining-subscription-writes:
      - '1184'
    status:
      code: 200
      message: OK
- request:
    body: null
    headers:
      Accept:
      - '*/*'
      Accept-Encoding:
      - gzip, deflate
      CommandName:
      - network express-route peering update
      Connection:
      - keep-alive
      ParameterSetName:
      - -g --circuit-name -n --ip-version --primary-peer-subnet --secondary-peer-subnet
        --advertised-public-prefixes --customer-asn --routing-registry-name
      User-Agent:
      - AZURECLI/2.19.1 azsdk-python-azure-mgmt-network/17.1.0 Python/3.7.4 (Windows-10-10.0.19041-SP0)
    method: GET
    uri: https://management.azure.com/subscriptions/00000000-0000-0000-0000-000000000000/providers/Microsoft.Network/locations/westus/operations/b37c3872-dd10-4028-95d8-a82c2dc9223d?api-version=2020-08-01
  response:
    body:
      string: "{\r\n  \"status\": \"InProgress\"\r\n}"
    headers:
      cache-control:
      - no-cache
      content-length:
      - '30'
      content-type:
      - application/json; charset=utf-8
      date:
      - Wed, 24 Feb 2021 11:26:58 GMT
      expires:
      - '-1'
      pragma:
      - no-cache
      server:
      - Microsoft-HTTPAPI/2.0
      - Microsoft-HTTPAPI/2.0
      strict-transport-security:
      - max-age=31536000; includeSubDomains
      transfer-encoding:
      - chunked
      vary:
      - Accept-Encoding
      x-content-type-options:
      - nosniff
      x-ms-arm-service-request-id:
      - 49bdb56a-4d43-404c-88e2-76c74343465a
    status:
      code: 200
      message: OK
- request:
    body: null
    headers:
      Accept:
      - '*/*'
      Accept-Encoding:
      - gzip, deflate
      CommandName:
      - network express-route peering update
      Connection:
      - keep-alive
      ParameterSetName:
      - -g --circuit-name -n --ip-version --primary-peer-subnet --secondary-peer-subnet
        --advertised-public-prefixes --customer-asn --routing-registry-name
      User-Agent:
      - AZURECLI/2.19.1 azsdk-python-azure-mgmt-network/17.1.0 Python/3.7.4 (Windows-10-10.0.19041-SP0)
    method: GET
    uri: https://management.azure.com/subscriptions/00000000-0000-0000-0000-000000000000/providers/Microsoft.Network/locations/westus/operations/b37c3872-dd10-4028-95d8-a82c2dc9223d?api-version=2020-08-01
  response:
    body:
      string: "{\r\n  \"status\": \"Succeeded\"\r\n}"
    headers:
      cache-control:
      - no-cache
      content-length:
      - '29'
      content-type:
      - application/json; charset=utf-8
      date:
      - Wed, 24 Feb 2021 11:27:08 GMT
      expires:
      - '-1'
      pragma:
      - no-cache
      server:
      - Microsoft-HTTPAPI/2.0
      - Microsoft-HTTPAPI/2.0
      strict-transport-security:
      - max-age=31536000; includeSubDomains
      transfer-encoding:
      - chunked
      vary:
      - Accept-Encoding
      x-content-type-options:
      - nosniff
      x-ms-arm-service-request-id:
      - 5a55559c-3a9e-44bb-9f4e-1651225766d2
    status:
      code: 200
      message: OK
- request:
    body: null
    headers:
      Accept:
      - '*/*'
      Accept-Encoding:
      - gzip, deflate
      CommandName:
      - network express-route peering update
      Connection:
      - keep-alive
      ParameterSetName:
      - -g --circuit-name -n --ip-version --primary-peer-subnet --secondary-peer-subnet
        --advertised-public-prefixes --customer-asn --routing-registry-name
      User-Agent:
      - AZURECLI/2.19.1 azsdk-python-azure-mgmt-network/17.1.0 Python/3.7.4 (Windows-10-10.0.19041-SP0)
    method: GET
    uri: https://management.azure.com/subscriptions/00000000-0000-0000-0000-000000000000/resourceGroups/cli_test_express_route_ipv6_peering000001/providers/Microsoft.Network/expressRouteCircuits/circuit1/peerings/MicrosoftPeering?api-version=2020-08-01
  response:
    body:
      string: "{\r\n  \"name\": \"MicrosoftPeering\",\r\n  \"id\": \"/subscriptions/00000000-0000-0000-0000-000000000000/resourceGroups/cli_test_express_route_ipv6_peering000001/providers/Microsoft.Network/expressRouteCircuits/circuit1/peerings/MicrosoftPeering\",\r\n
        \ \"etag\": \"W/\\\"6f5b4a62-1162-48ca-b1d8-ba85cc9a124b\\\"\",\r\n  \"properties\":
        {\r\n    \"provisioningState\": \"Succeeded\",\r\n    \"peeringType\": \"MicrosoftPeering\",\r\n
        \   \"azureASN\": 12076,\r\n    \"peerASN\": 10002,\r\n    \"primaryPeerAddressPrefix\":
        \"104.0.0.0/30\",\r\n    \"secondaryPeerAddressPrefix\": \"105.0.0.0/30\",\r\n
        \   \"primaryAzurePort\": \"A51-IBIZA-06GMR-CIS-1-PRI-A\",\r\n    \"secondaryAzurePort\":
        \"A51-IBIZA-06GMR-CIS-2-SEC-A\",\r\n    \"state\": \"Enabled\",\r\n    \"vlanId\":
        103,\r\n    \"gatewayManagerEtag\": \"\",\r\n    \"lastModifiedBy\": \"Customer\",\r\n
        \   \"microsoftPeeringConfig\": {\r\n      \"advertisedPublicPrefixes\": [\r\n
        \       \"104.0.0.0/30\"\r\n      ],\r\n      \"advertisedPublicPrefixesState\":
        \"ValidationNeeded\",\r\n      \"customerASN\": 10000,\r\n      \"legacyMode\":
        0,\r\n      \"routingRegistryName\": \"LEVEL3\"\r\n    },\r\n    \"ipv6PeeringConfig\":
        {\r\n      \"primaryPeerAddressPrefix\": \"2001:db00::/126\",\r\n      \"secondaryPeerAddressPrefix\":
        \"2002:db00::/126\",\r\n      \"state\": \"Enabled\",\r\n      \"microsoftPeeringConfig\":
        {\r\n        \"advertisedPublicPrefixes\": [\r\n          \"2001:db00::/126\"\r\n
        \       ],\r\n        \"advertisedPublicPrefixesState\": \"ValidationNeeded\",\r\n
        \       \"customerASN\": 100001,\r\n        \"legacyMode\": 0,\r\n        \"routingRegistryName\":
        \"LEVEL3\"\r\n      }\r\n    },\r\n    \"connections\": [],\r\n    \"peeredConnections\":
        []\r\n  },\r\n  \"type\": \"Microsoft.Network/expressRouteCircuits/peerings\"\r\n}"
    headers:
      cache-control:
      - no-cache
      content-length:
      - '1643'
      content-type:
      - application/json; charset=utf-8
      date:
      - Wed, 24 Feb 2021 11:27:10 GMT
      expires:
      - '-1'
      pragma:
      - no-cache
      server:
      - Microsoft-HTTPAPI/2.0
      - Microsoft-HTTPAPI/2.0
      strict-transport-security:
      - max-age=31536000; includeSubDomains
      transfer-encoding:
      - chunked
      vary:
      - Accept-Encoding
      x-content-type-options:
      - nosniff
      x-ms-arm-service-request-id:
      - 42049dad-6964-498c-b06b-b288d3c1a60a
    status:
      code: 200
      message: OK
- request:
    body: null
    headers:
      Accept:
      - application/json
      Accept-Encoding:
      - gzip, deflate
      CommandName:
      - network express-route peering show
      Connection:
      - keep-alive
      ParameterSetName:
      - -g --circuit-name -n
      User-Agent:
      - AZURECLI/2.19.1 azsdk-python-azure-mgmt-network/17.1.0 Python/3.7.4 (Windows-10-10.0.19041-SP0)
    method: GET
    uri: https://management.azure.com/subscriptions/00000000-0000-0000-0000-000000000000/resourceGroups/cli_test_express_route_ipv6_peering000001/providers/Microsoft.Network/expressRouteCircuits/circuit1/peerings/MicrosoftPeering?api-version=2020-08-01
  response:
    body:
      string: "{\r\n  \"name\": \"MicrosoftPeering\",\r\n  \"id\": \"/subscriptions/00000000-0000-0000-0000-000000000000/resourceGroups/cli_test_express_route_ipv6_peering000001/providers/Microsoft.Network/expressRouteCircuits/circuit1/peerings/MicrosoftPeering\",\r\n
        \ \"etag\": \"W/\\\"6f5b4a62-1162-48ca-b1d8-ba85cc9a124b\\\"\",\r\n  \"properties\":
        {\r\n    \"provisioningState\": \"Succeeded\",\r\n    \"peeringType\": \"MicrosoftPeering\",\r\n
        \   \"azureASN\": 12076,\r\n    \"peerASN\": 10002,\r\n    \"primaryPeerAddressPrefix\":
        \"104.0.0.0/30\",\r\n    \"secondaryPeerAddressPrefix\": \"105.0.0.0/30\",\r\n
        \   \"primaryAzurePort\": \"A51-IBIZA-06GMR-CIS-1-PRI-A\",\r\n    \"secondaryAzurePort\":
        \"A51-IBIZA-06GMR-CIS-2-SEC-A\",\r\n    \"state\": \"Enabled\",\r\n    \"vlanId\":
        103,\r\n    \"gatewayManagerEtag\": \"\",\r\n    \"lastModifiedBy\": \"Customer\",\r\n
        \   \"microsoftPeeringConfig\": {\r\n      \"advertisedPublicPrefixes\": [\r\n
        \       \"104.0.0.0/30\"\r\n      ],\r\n      \"advertisedPublicPrefixesState\":
        \"ValidationNeeded\",\r\n      \"customerASN\": 10000,\r\n      \"legacyMode\":
        0,\r\n      \"routingRegistryName\": \"LEVEL3\"\r\n    },\r\n    \"ipv6PeeringConfig\":
        {\r\n      \"primaryPeerAddressPrefix\": \"2001:db00::/126\",\r\n      \"secondaryPeerAddressPrefix\":
        \"2002:db00::/126\",\r\n      \"state\": \"Enabled\",\r\n      \"microsoftPeeringConfig\":
        {\r\n        \"advertisedPublicPrefixes\": [\r\n          \"2001:db00::/126\"\r\n
        \       ],\r\n        \"advertisedPublicPrefixesState\": \"ValidationNeeded\",\r\n
        \       \"customerASN\": 100001,\r\n        \"legacyMode\": 0,\r\n        \"routingRegistryName\":
        \"LEVEL3\"\r\n      }\r\n    },\r\n    \"connections\": [],\r\n    \"peeredConnections\":
        []\r\n  },\r\n  \"type\": \"Microsoft.Network/expressRouteCircuits/peerings\"\r\n}"
    headers:
      cache-control:
      - no-cache
      content-length:
      - '1643'
      content-type:
      - application/json; charset=utf-8
      date:
      - Wed, 24 Feb 2021 11:27:10 GMT
      expires:
      - '-1'
      pragma:
      - no-cache
      server:
      - Microsoft-HTTPAPI/2.0
      - Microsoft-HTTPAPI/2.0
      strict-transport-security:
      - max-age=31536000; includeSubDomains
      transfer-encoding:
      - chunked
      vary:
      - Accept-Encoding
      x-content-type-options:
      - nosniff
      x-ms-arm-service-request-id:
      - da33ddee-f92b-4d74-8fd8-380d4c815b47
    status:
      code: 200
      message: OK
version: 1
