interactions:
- request:
    body: '{"tags": {"use": "az-test"}, "location": "westus"}'
    headers:
      Accept: [application/json]
      Accept-Encoding: ['gzip, deflate']
      CommandName: [group create]
      Connection: [keep-alive]
      Content-Length: ['50']
      Content-Type: [application/json; charset=utf-8]
      User-Agent: [python/3.5.3 (Windows-10-10.0.16299-SP0) requests/2.18.4 msrest/0.4.18
          msrest_azure/0.4.16 resourcemanagementclient/1.2.1 Azure-SDK-For-Python
          AZURECLI/2.0.21]
      accept-language: [en-US]
    method: PUT
    uri: https://management.azure.com/subscriptions/00000000-0000-0000-0000-000000000000/resourcegroups/clitest.rg000001?api-version=2017-05-10
  response:
    body: {string: '{"id":"/subscriptions/00000000-0000-0000-0000-000000000000/resourceGroups/clitest.rg000001","name":"clitest.rg000001","location":"westus","tags":{"use":"az-test"},"properties":{"provisioningState":"Succeeded"}}'}
    headers:
      cache-control: [no-cache]
      content-length: ['328']
      content-type: [application/json; charset=utf-8]
      date: ['Wed, 15 Nov 2017 21:11:41 GMT']
      expires: ['-1']
      pragma: [no-cache]
      strict-transport-security: [max-age=31536000; includeSubDomains]
      x-ms-ratelimit-remaining-subscription-writes: ['1199']
    status: {code: 201, message: Created}
- request:
    body: '{"location": "westus", "properties": {"administratorLogin": "admin123",
      "administratorLoginPassword": "SecretPassword123"}}'
    headers:
      Accept: [application/json]
      Accept-Encoding: ['gzip, deflate']
      CommandName: [sql server create]
      Connection: [keep-alive]
      Content-Length: ['123']
      Content-Type: [application/json; charset=utf-8]
      User-Agent: [python/3.5.3 (Windows-10-10.0.16299-SP0) requests/2.18.4 msrest/0.4.18
          msrest_azure/0.4.16 sqlmanagementclient/0.8.4 Azure-SDK-For-Python AZURECLI/2.0.21]
      accept-language: [en-US]
    method: PUT
    uri: https://management.azure.com/subscriptions/00000000-0000-0000-0000-000000000000/resourceGroups/clitest.rg000001/providers/Microsoft.Sql/servers/clitestserver000002?api-version=2015-05-01-preview
  response:
    body: {string: '{"operation":"UpsertLogicalServer","startTime":"2017-11-15T21:11:45.02Z"}'}
    headers:
      azure-asyncoperation: ['https://management.azure.com/subscriptions/00000000-0000-0000-0000-000000000000/resourceGroups/clitest.rg000001/providers/Microsoft.Sql/locations/westus/serverAzureAsyncOperation/5ed7d607-857c-48c7-9ad4-54b296a3ab40?api-version=2015-05-01-preview']
      cache-control: [no-cache]
      content-length: ['73']
      content-type: [application/json; charset=utf-8]
      date: ['Wed, 15 Nov 2017 21:11:43 GMT']
      expires: ['-1']
      location: ['https://management.azure.com/subscriptions/00000000-0000-0000-0000-000000000000/resourceGroups/clitest.rg000001/providers/Microsoft.Sql/locations/westus/serverOperationResults/5ed7d607-857c-48c7-9ad4-54b296a3ab40?api-version=2015-05-01-preview']
      pragma: [no-cache]
      server: [Microsoft-HTTPAPI/2.0]
      strict-transport-security: [max-age=31536000; includeSubDomains]
      x-ms-ratelimit-remaining-subscription-writes: ['1199']
    status: {code: 202, message: Accepted}
- request:
    body: null
    headers:
      Accept: [application/json]
      Accept-Encoding: ['gzip, deflate']
      CommandName: [sql server create]
      Connection: [keep-alive]
      Content-Type: [application/json; charset=utf-8]
      User-Agent: [python/3.5.3 (Windows-10-10.0.16299-SP0) requests/2.18.4 msrest/0.4.18
          msrest_azure/0.4.16 sqlmanagementclient/0.8.4 Azure-SDK-For-Python AZURECLI/2.0.21]
      accept-language: [en-US]
    method: GET
    uri: https://management.azure.com/subscriptions/00000000-0000-0000-0000-000000000000/resourceGroups/clitest.rg000001/providers/Microsoft.Sql/locations/westus/serverAzureAsyncOperation/5ed7d607-857c-48c7-9ad4-54b296a3ab40?api-version=2015-05-01-preview
  response:
    body: {string: '{"name":"5ed7d607-857c-48c7-9ad4-54b296a3ab40","status":"InProgress","startTime":"2017-11-15T21:11:45.02Z"}'}
    headers:
      cache-control: [no-cache]
      content-length: ['107']
      content-type: [application/json; charset=utf-8]
      date: ['Wed, 15 Nov 2017 21:11:45 GMT']
      expires: ['-1']
      pragma: [no-cache]
      server: [Microsoft-HTTPAPI/2.0]
      strict-transport-security: [max-age=31536000; includeSubDomains]
      transfer-encoding: [chunked]
      vary: [Accept-Encoding]
    status: {code: 200, message: OK}
- request:
    body: null
    headers:
      Accept: [application/json]
      Accept-Encoding: ['gzip, deflate']
      CommandName: [sql server create]
      Connection: [keep-alive]
      Content-Type: [application/json; charset=utf-8]
      User-Agent: [python/3.5.3 (Windows-10-10.0.16299-SP0) requests/2.18.4 msrest/0.4.18
          msrest_azure/0.4.16 sqlmanagementclient/0.8.4 Azure-SDK-For-Python AZURECLI/2.0.21]
      accept-language: [en-US]
    method: GET
    uri: https://management.azure.com/subscriptions/00000000-0000-0000-0000-000000000000/resourceGroups/clitest.rg000001/providers/Microsoft.Sql/locations/westus/serverAzureAsyncOperation/5ed7d607-857c-48c7-9ad4-54b296a3ab40?api-version=2015-05-01-preview
  response:
    body: {string: '{"name":"5ed7d607-857c-48c7-9ad4-54b296a3ab40","status":"InProgress","startTime":"2017-11-15T21:11:45.02Z"}'}
    headers:
      cache-control: [no-cache]
      content-length: ['107']
      content-type: [application/json; charset=utf-8]
      date: ['Wed, 15 Nov 2017 21:11:48 GMT']
      expires: ['-1']
      pragma: [no-cache]
      server: [Microsoft-HTTPAPI/2.0]
      strict-transport-security: [max-age=31536000; includeSubDomains]
      transfer-encoding: [chunked]
      vary: [Accept-Encoding]
    status: {code: 200, message: OK}
- request:
    body: null
    headers:
      Accept: [application/json]
      Accept-Encoding: ['gzip, deflate']
      CommandName: [sql server create]
      Connection: [keep-alive]
      Content-Type: [application/json; charset=utf-8]
      User-Agent: [python/3.5.3 (Windows-10-10.0.16299-SP0) requests/2.18.4 msrest/0.4.18
          msrest_azure/0.4.16 sqlmanagementclient/0.8.4 Azure-SDK-For-Python AZURECLI/2.0.21]
      accept-language: [en-US]
    method: GET
    uri: https://management.azure.com/subscriptions/00000000-0000-0000-0000-000000000000/resourceGroups/clitest.rg000001/providers/Microsoft.Sql/locations/westus/serverAzureAsyncOperation/5ed7d607-857c-48c7-9ad4-54b296a3ab40?api-version=2015-05-01-preview
  response:
    body: {string: '{"name":"5ed7d607-857c-48c7-9ad4-54b296a3ab40","status":"InProgress","startTime":"2017-11-15T21:11:45.02Z"}'}
    headers:
      cache-control: [no-cache]
      content-length: ['107']
      content-type: [application/json; charset=utf-8]
      date: ['Wed, 15 Nov 2017 21:11:50 GMT']
      expires: ['-1']
      pragma: [no-cache]
      server: [Microsoft-HTTPAPI/2.0]
      strict-transport-security: [max-age=31536000; includeSubDomains]
      transfer-encoding: [chunked]
      vary: [Accept-Encoding]
    status: {code: 200, message: OK}
- request:
    body: null
    headers:
      Accept: [application/json]
      Accept-Encoding: ['gzip, deflate']
      CommandName: [sql server create]
      Connection: [keep-alive]
      Content-Type: [application/json; charset=utf-8]
      User-Agent: [python/3.5.3 (Windows-10-10.0.16299-SP0) requests/2.18.4 msrest/0.4.18
          msrest_azure/0.4.16 sqlmanagementclient/0.8.4 Azure-SDK-For-Python AZURECLI/2.0.21]
      accept-language: [en-US]
    method: GET
    uri: https://management.azure.com/subscriptions/00000000-0000-0000-0000-000000000000/resourceGroups/clitest.rg000001/providers/Microsoft.Sql/locations/westus/serverAzureAsyncOperation/5ed7d607-857c-48c7-9ad4-54b296a3ab40?api-version=2015-05-01-preview
  response:
    body: {string: '{"name":"5ed7d607-857c-48c7-9ad4-54b296a3ab40","status":"InProgress","startTime":"2017-11-15T21:11:45.02Z"}'}
    headers:
      cache-control: [no-cache]
      content-length: ['107']
      content-type: [application/json; charset=utf-8]
      date: ['Wed, 15 Nov 2017 21:12:10 GMT']
      expires: ['-1']
      pragma: [no-cache]
      server: [Microsoft-HTTPAPI/2.0]
      strict-transport-security: [max-age=31536000; includeSubDomains]
      transfer-encoding: [chunked]
      vary: [Accept-Encoding]
    status: {code: 200, message: OK}
- request:
    body: null
    headers:
      Accept: [application/json]
      Accept-Encoding: ['gzip, deflate']
      CommandName: [sql server create]
      Connection: [keep-alive]
      Content-Type: [application/json; charset=utf-8]
      User-Agent: [python/3.5.3 (Windows-10-10.0.16299-SP0) requests/2.18.4 msrest/0.4.18
          msrest_azure/0.4.16 sqlmanagementclient/0.8.4 Azure-SDK-For-Python AZURECLI/2.0.21]
      accept-language: [en-US]
    method: GET
    uri: https://management.azure.com/subscriptions/00000000-0000-0000-0000-000000000000/resourceGroups/clitest.rg000001/providers/Microsoft.Sql/locations/westus/serverAzureAsyncOperation/5ed7d607-857c-48c7-9ad4-54b296a3ab40?api-version=2015-05-01-preview
  response:
    body: {string: '{"name":"5ed7d607-857c-48c7-9ad4-54b296a3ab40","status":"Succeeded","startTime":"2017-11-15T21:11:45.02Z"}'}
    headers:
      cache-control: [no-cache]
      content-length: ['106']
      content-type: [application/json; charset=utf-8]
      date: ['Wed, 15 Nov 2017 21:12:30 GMT']
      expires: ['-1']
      pragma: [no-cache]
      server: [Microsoft-HTTPAPI/2.0]
      strict-transport-security: [max-age=31536000; includeSubDomains]
      transfer-encoding: [chunked]
      vary: [Accept-Encoding]
    status: {code: 200, message: OK}
- request:
    body: null
    headers:
      Accept: [application/json]
      Accept-Encoding: ['gzip, deflate']
      CommandName: [sql server create]
      Connection: [keep-alive]
      Content-Type: [application/json; charset=utf-8]
      User-Agent: [python/3.5.3 (Windows-10-10.0.16299-SP0) requests/2.18.4 msrest/0.4.18
          msrest_azure/0.4.16 sqlmanagementclient/0.8.4 Azure-SDK-For-Python AZURECLI/2.0.21]
      accept-language: [en-US]
    method: GET
    uri: https://management.azure.com/subscriptions/00000000-0000-0000-0000-000000000000/resourceGroups/clitest.rg000001/providers/Microsoft.Sql/servers/clitestserver000002?api-version=2015-05-01-preview
  response:
    body: {string: '{"kind":"v12.0","properties":{"administratorLogin":"admin123","version":"12.0","state":"Ready","fullyQualifiedDomainName":"clitestserver000002.database.windows.net"},"location":"westus","id":"/subscriptions/00000000-0000-0000-0000-000000000000/resourceGroups/clitest.rg000001/providers/Microsoft.Sql/servers/clitestserver000002","name":"clitestserver000002","type":"Microsoft.Sql/servers"}'}
    headers:
      cache-control: [no-cache]
      content-length: ['580']
      content-type: [application/json; charset=utf-8]
      date: ['Wed, 15 Nov 2017 21:12:30 GMT']
      expires: ['-1']
      pragma: [no-cache]
      server: [Microsoft-HTTPAPI/2.0]
      strict-transport-security: [max-age=31536000; includeSubDomains]
      transfer-encoding: [chunked]
      vary: [Accept-Encoding]
    status: {code: 200, message: OK}
- request:
    body: null
    headers:
      Accept: [application/json]
      Accept-Encoding: ['gzip, deflate']
      CommandName: [sql server conn-policy show]
      Connection: [keep-alive]
      Content-Type: [application/json; charset=utf-8]
      User-Agent: [python/3.5.3 (Windows-10-10.0.16299-SP0) requests/2.18.4 msrest/0.4.18
          msrest_azure/0.4.16 sqlmanagementclient/0.8.4 Azure-SDK-For-Python AZURECLI/2.0.21]
      accept-language: [en-US]
    method: GET
    uri: https://management.azure.com/subscriptions/00000000-0000-0000-0000-000000000000/resourceGroups/clitest.rg000001/providers/Microsoft.Sql/servers/clitestserver000002/connectionPolicies/default?api-version=2014-04-01
  response:
    body: {string: '{"id":"/subscriptions/00000000-0000-0000-0000-000000000000/resourceGroups/clitest.rg000001/providers/Microsoft.Sql/servers/clitestserver000002/connectionPolicies/default","name":"default","type":"Microsoft.Sql/servers/connectionPolicies","location":"West
        US","kind":null,"properties":{"connectionType":"Default"}}'}
    headers:
      cache-control: ['no-store, no-cache']
      content-length: ['416']
      content-type: [application/json; odata=minimalmetadata; streaming=true; charset=utf-8]
      dataserviceversion: [3.0;]
      date: ['Wed, 15 Nov 2017 21:12:33 GMT']
      server: [Microsoft-HTTPAPI/2.0]
      strict-transport-security: [max-age=31536000; includeSubDomains]
      transfer-encoding: [chunked]
      vary: [Accept-Encoding]
      x-content-type-options: [nosniff]
    status: {code: 200, message: OK}
- request:
    body: null
    headers:
      Accept: [application/json]
      Accept-Encoding: ['gzip, deflate']
      CommandName: [sql server conn-policy update]
      Connection: [keep-alive]
      Content-Type: [application/json; charset=utf-8]
      User-Agent: [python/3.5.3 (Windows-10-10.0.16299-SP0) requests/2.18.4 msrest/0.4.18
          msrest_azure/0.4.16 sqlmanagementclient/0.8.4 Azure-SDK-For-Python AZURECLI/2.0.21]
      accept-language: [en-US]
    method: GET
    uri: https://management.azure.com/subscriptions/00000000-0000-0000-0000-000000000000/resourceGroups/clitest.rg000001/providers/Microsoft.Sql/servers/clitestserver000002/connectionPolicies/default?api-version=2014-04-01
  response:
    body: {string: '{"id":"/subscriptions/00000000-0000-0000-0000-000000000000/resourceGroups/clitest.rg000001/providers/Microsoft.Sql/servers/clitestserver000002/connectionPolicies/default","name":"default","type":"Microsoft.Sql/servers/connectionPolicies","location":"West
        US","kind":null,"properties":{"connectionType":"Default"}}'}
    headers:
      cache-control: ['no-store, no-cache']
      content-length: ['416']
      content-type: [application/json; odata=minimalmetadata; streaming=true; charset=utf-8]
      dataserviceversion: [3.0;]
      date: ['Wed, 15 Nov 2017 21:12:35 GMT']
      server: [Microsoft-HTTPAPI/2.0]
      strict-transport-security: [max-age=31536000; includeSubDomains]
      transfer-encoding: [chunked]
      vary: [Accept-Encoding]
      x-content-type-options: [nosniff]
    status: {code: 200, message: OK}
- request:
    body: '{"properties": {"connectionType": "Proxy"}}'
    headers:
      Accept: [application/json]
      Accept-Encoding: ['gzip, deflate']
      CommandName: [sql server conn-policy update]
      Connection: [keep-alive]
      Content-Length: ['43']
      Content-Type: [application/json; charset=utf-8]
      User-Agent: [python/3.5.3 (Windows-10-10.0.16299-SP0) requests/2.18.4 msrest/0.4.18
          msrest_azure/0.4.16 sqlmanagementclient/0.8.4 Azure-SDK-For-Python AZURECLI/2.0.21]
      accept-language: [en-US]
    method: PUT
    uri: https://management.azure.com/subscriptions/00000000-0000-0000-0000-000000000000/resourceGroups/clitest.rg000001/providers/Microsoft.Sql/servers/clitestserver000002/connectionPolicies/default?api-version=2014-04-01
  response:
    body: {string: '{"id":"/subscriptions/00000000-0000-0000-0000-000000000000/resourceGroups/clitest.rg000001/providers/Microsoft.Sql/servers/clitestserver000002/connectionPolicies/default","name":"default","type":"Microsoft.Sql/servers/connectionPolicies","location":null,"kind":null,"properties":{"connectionType":"Proxy"}}'}
    headers:
      cache-control: ['no-store, no-cache']
      content-length: ['409']
      content-type: [application/json; odata=minimalmetadata; streaming=true; charset=utf-8]
      dataserviceversion: [3.0;]
      date: ['Wed, 15 Nov 2017 21:12:35 GMT']
      preference-applied: [return-content]
      server: [Microsoft-HTTPAPI/2.0]
      strict-transport-security: [max-age=31536000; includeSubDomains]
      transfer-encoding: [chunked]
      vary: [Accept-Encoding]
      x-content-type-options: [nosniff]
      x-ms-ratelimit-remaining-subscription-writes: ['1199']
    status: {code: 200, message: OK}
- request:
    body: null
    headers:
      Accept: [application/json]
      Accept-Encoding: ['gzip, deflate']
      CommandName: [sql server conn-policy update]
      Connection: [keep-alive]
      Content-Type: [application/json; charset=utf-8]
      User-Agent: [python/3.5.3 (Windows-10-10.0.16299-SP0) requests/2.18.4 msrest/0.4.18
          msrest_azure/0.4.16 sqlmanagementclient/0.8.4 Azure-SDK-For-Python AZURECLI/2.0.21]
      accept-language: [en-US]
    method: GET
    uri: https://management.azure.com/subscriptions/00000000-0000-0000-0000-000000000000/resourceGroups/clitest.rg000001/providers/Microsoft.Sql/servers/clitestserver000002/connectionPolicies/default?api-version=2014-04-01
  response:
    body: {string: '{"id":"/subscriptions/00000000-0000-0000-0000-000000000000/resourceGroups/clitest.rg000001/providers/Microsoft.Sql/servers/clitestserver000002/connectionPolicies/default","name":"default","type":"Microsoft.Sql/servers/connectionPolicies","location":"West
        US","kind":null,"properties":{"connectionType":"Proxy"}}'}
    headers:
      cache-control: ['no-store, no-cache']
      content-length: ['414']
      content-type: [application/json; odata=minimalmetadata; streaming=true; charset=utf-8]
      dataserviceversion: [3.0;]
      date: ['Wed, 15 Nov 2017 21:12:36 GMT']
      server: [Microsoft-HTTPAPI/2.0]
      strict-transport-security: [max-age=31536000; includeSubDomains]
      transfer-encoding: [chunked]
      vary: [Accept-Encoding]
      x-content-type-options: [nosniff]
    status: {code: 200, message: OK}
- request:
    body: '{"properties": {"connectionType": "Default"}}'
    headers:
      Accept: [application/json]
      Accept-Encoding: ['gzip, deflate']
      CommandName: [sql server conn-policy update]
      Connection: [keep-alive]
      Content-Length: ['45']
      Content-Type: [application/json; charset=utf-8]
      User-Agent: [python/3.5.3 (Windows-10-10.0.16299-SP0) requests/2.18.4 msrest/0.4.18
          msrest_azure/0.4.16 sqlmanagementclient/0.8.4 Azure-SDK-For-Python AZURECLI/2.0.21]
      accept-language: [en-US]
    method: PUT
    uri: https://management.azure.com/subscriptions/00000000-0000-0000-0000-000000000000/resourceGroups/clitest.rg000001/providers/Microsoft.Sql/servers/clitestserver000002/connectionPolicies/default?api-version=2014-04-01
  response:
    body: {string: '{"id":"/subscriptions/00000000-0000-0000-0000-000000000000/resourceGroups/clitest.rg000001/providers/Microsoft.Sql/servers/clitestserver000002/connectionPolicies/default","name":"default","type":"Microsoft.Sql/servers/connectionPolicies","location":null,"kind":null,"properties":{"connectionType":"Default"}}'}
    headers:
      cache-control: ['no-store, no-cache']
      content-length: ['411']
      content-type: [application/json; odata=minimalmetadata; streaming=true; charset=utf-8]
      dataserviceversion: [3.0;]
      date: ['Wed, 15 Nov 2017 21:12:36 GMT']
      preference-applied: [return-content]
      server: [Microsoft-HTTPAPI/2.0]
      strict-transport-security: [max-age=31536000; includeSubDomains]
      transfer-encoding: [chunked]
      vary: [Accept-Encoding]
      x-content-type-options: [nosniff]
      x-ms-ratelimit-remaining-subscription-writes: ['1199']
    status: {code: 200, message: OK}
- request:
    body: null
    headers:
      Accept: [application/json]
      Accept-Encoding: ['gzip, deflate']
      CommandName: [sql server conn-policy update]
      Connection: [keep-alive]
      Content-Type: [application/json; charset=utf-8]
      User-Agent: [python/3.5.3 (Windows-10-10.0.16299-SP0) requests/2.18.4 msrest/0.4.18
          msrest_azure/0.4.16 sqlmanagementclient/0.8.4 Azure-SDK-For-Python AZURECLI/2.0.21]
      accept-language: [en-US]
    method: GET
    uri: https://management.azure.com/subscriptions/00000000-0000-0000-0000-000000000000/resourceGroups/clitest.rg000001/providers/Microsoft.Sql/servers/clitestserver000002/connectionPolicies/default?api-version=2014-04-01
  response:
    body: {string: '{"id":"/subscriptions/00000000-0000-0000-0000-000000000000/resourceGroups/clitest.rg000001/providers/Microsoft.Sql/servers/clitestserver000002/connectionPolicies/default","name":"default","type":"Microsoft.Sql/servers/connectionPolicies","location":"West
        US","kind":null,"properties":{"connectionType":"Default"}}'}
    headers:
      cache-control: ['no-store, no-cache']
      content-length: ['416']
      content-type: [application/json; odata=minimalmetadata; streaming=true; charset=utf-8]
      dataserviceversion: [3.0;]
      date: ['Wed, 15 Nov 2017 21:12:37 GMT']
      server: [Microsoft-HTTPAPI/2.0]
      strict-transport-security: [max-age=31536000; includeSubDomains]
      transfer-encoding: [chunked]
      vary: [Accept-Encoding]
      x-content-type-options: [nosniff]
    status: {code: 200, message: OK}
- request:
    body: '{"properties": {"connectionType": "Redirect"}}'
    headers:
      Accept: [application/json]
      Accept-Encoding: ['gzip, deflate']
      CommandName: [sql server conn-policy update]
      Connection: [keep-alive]
      Content-Length: ['46']
      Content-Type: [application/json; charset=utf-8]
      User-Agent: [python/3.5.3 (Windows-10-10.0.16299-SP0) requests/2.18.4 msrest/0.4.18
          msrest_azure/0.4.16 sqlmanagementclient/0.8.4 Azure-SDK-For-Python AZURECLI/2.0.21]
      accept-language: [en-US]
    method: PUT
    uri: https://management.azure.com/subscriptions/00000000-0000-0000-0000-000000000000/resourceGroups/clitest.rg000001/providers/Microsoft.Sql/servers/clitestserver000002/connectionPolicies/default?api-version=2014-04-01
  response:
    body: {string: '{"id":"/subscriptions/00000000-0000-0000-0000-000000000000/resourceGroups/clitest.rg000001/providers/Microsoft.Sql/servers/clitestserver000002/connectionPolicies/default","name":"default","type":"Microsoft.Sql/servers/connectionPolicies","location":null,"kind":null,"properties":{"connectionType":"Redirect"}}'}
    headers:
      cache-control: ['no-store, no-cache']
      content-length: ['412']
      content-type: [application/json; odata=minimalmetadata; streaming=true; charset=utf-8]
      dataserviceversion: [3.0;]
      date: ['Wed, 15 Nov 2017 21:12:39 GMT']
      preference-applied: [return-content]
      server: [Microsoft-HTTPAPI/2.0]
      strict-transport-security: [max-age=31536000; includeSubDomains]
      transfer-encoding: [chunked]
      vary: [Accept-Encoding]
      x-content-type-options: [nosniff]
      x-ms-ratelimit-remaining-subscription-writes: ['1199']
    status: {code: 200, message: OK}
- request:
    body: null
    headers:
      Accept: [application/json]
      Accept-Encoding: ['gzip, deflate']
      CommandName: [group delete]
      Connection: [keep-alive]
      Content-Length: ['0']
      Content-Type: [application/json; charset=utf-8]
      User-Agent: [python/3.5.3 (Windows-10-10.0.16299-SP0) requests/2.18.4 msrest/0.4.18
          msrest_azure/0.4.16 resourcemanagementclient/1.2.1 Azure-SDK-For-Python
          AZURECLI/2.0.21]
      accept-language: [en-US]
    method: DELETE
    uri: https://management.azure.com/subscriptions/00000000-0000-0000-0000-000000000000/resourcegroups/clitest.rg000001?api-version=2017-05-10
  response:
    body: {string: ''}
    headers:
      cache-control: [no-cache]
      content-length: ['0']
      date: ['Wed, 15 Nov 2017 21:12:39 GMT']
      expires: ['-1']
      location: ['https://management.azure.com/subscriptions/00000000-0000-0000-0000-000000000000/operationresults/eyJqb2JJZCI6IlJFU09VUkNFR1JPVVBERUxFVElPTkpPQi1DTElURVNUOjJFUkdRRTdFQ0dGT0xRS1VNSjRRNllWNlFLSUdFMkJHQzM0VkxJTXxGODFCRkU0RTYxOTQ5MjA0LVdFU1RVUyIsImpvYkxvY2F0aW9uIjoid2VzdHVzIn0?api-version=2017-05-10']
      pragma: [no-cache]
      strict-transport-security: [max-age=31536000; includeSubDomains]
      x-ms-ratelimit-remaining-subscription-writes: ['1199']
    status: {code: 202, message: Accepted}
version: 1
