interactions:
- request:
    body: '{"location": "eastus2", "properties": {"encryptionState": "Disabled"}}'
    headers:
      Accept:
      - application/json
      Accept-Encoding:
      - gzip, deflate
      CommandName:
      - dls account create
      Connection:
      - keep-alive
      Content-Length:
      - '70'
      Content-Type:
      - application/json; charset=utf-8
      ParameterSetName:
      - -g -n -l --disable-encryption
      User-Agent:
      - python/3.7.8 (Windows-10-10.0.19041-SP0) msrest/0.6.18 msrest_azure/0.6.3
        azure-mgmt-datalake-store/0.5.0 Azure-SDK-For-Python AZURECLI/2.14.0
      accept-language:
      - en-US
    method: PUT
    uri: https://management.azure.com/subscriptions/00000000-0000-0000-0000-000000000000/resourceGroups/cli_test_adla_mgmt000001/providers/Microsoft.DataLakeStore/accounts/cliadls000002?api-version=2016-11-01
  response:
    body:
      string: '{"properties":{"encryptionState":"Disabled","provisioningState":"Creating","state":null,"endpoint":null,"accountId":"14811a7d-2743-49c4-b1c4-03216f2ae09e"},"location":"eastus2","id":"/subscriptions/00000000-0000-0000-0000-000000000000/resourceGroups/cli_test_adla_mgmt000001/providers/Microsoft.DataLakeStore/accounts/cliadls000002","name":"cliadls000002","type":"Microsoft.DataLakeStore/accounts"}'
    headers:
      azure-asyncoperation:
      - https://management.azure.com/subscriptions/00000000-0000-0000-0000-000000000000/providers/Microsoft.DataLakeStore/locations/eastus2/operationResults/14811a7d-2743-49c4-b1c4-03216f2ae09e_0?api-version=2016-11-01
      cache-control:
      - no-cache
      content-length:
      - '447'
      content-type:
      - application/json
      date:
      - Wed, 11 Nov 2020 03:04:07 GMT
      expires:
      - '-1'
      location:
      - https://management.azure.com/subscriptions/00000000-0000-0000-0000-000000000000/resourcegroups/cli_test_adla_mgmt000001/providers/Microsoft.DataLakeStore/accounts/cliadls000002/operationresults/0?api-version=2016-11-01
      pragma:
      - no-cache
      server:
      - Microsoft-IIS/10.0
      strict-transport-security:
      - max-age=31536000; includeSubDomains
      x-aspnet-version:
      - 4.0.30319
      x-content-type-options:
      - nosniff
      x-ms-ratelimit-remaining-subscription-writes:
      - '1197'
      x-powered-by:
      - ASP.NET
    status:
      code: 201
      message: Created
- request:
    body: null
    headers:
      Accept:
      - application/json
      Accept-Encoding:
      - gzip, deflate
      CommandName:
      - dls account create
      Connection:
      - keep-alive
      ParameterSetName:
      - -g -n -l --disable-encryption
      User-Agent:
      - python/3.7.8 (Windows-10-10.0.19041-SP0) msrest/0.6.18 msrest_azure/0.6.3
        azure-mgmt-datalake-store/0.5.0 Azure-SDK-For-Python AZURECLI/2.14.0
    method: GET
    uri: https://management.azure.com/subscriptions/00000000-0000-0000-0000-000000000000/providers/Microsoft.DataLakeStore/locations/eastus2/operationResults/14811a7d-2743-49c4-b1c4-03216f2ae09e_0?api-version=2016-11-01
  response:
    body:
      string: '{"status":"InProgress"}'
    headers:
      cache-control:
      - no-cache
      content-length:
      - '23'
      content-type:
      - application/json
      date:
      - Wed, 11 Nov 2020 03:04:18 GMT
      expires:
      - '-1'
      pragma:
      - no-cache
      server:
      - Microsoft-IIS/10.0
      strict-transport-security:
      - max-age=31536000; includeSubDomains
      transfer-encoding:
      - chunked
      vary:
      - Accept-Encoding
      x-aspnet-version:
      - 4.0.30319
      x-content-type-options:
      - nosniff
      x-powered-by:
      - ASP.NET
    status:
      code: 200
      message: OK
- request:
    body: null
    headers:
      Accept:
      - application/json
      Accept-Encoding:
      - gzip, deflate
      CommandName:
      - dls account create
      Connection:
      - keep-alive
      ParameterSetName:
      - -g -n -l --disable-encryption
      User-Agent:
      - python/3.7.8 (Windows-10-10.0.19041-SP0) msrest/0.6.18 msrest_azure/0.6.3
        azure-mgmt-datalake-store/0.5.0 Azure-SDK-For-Python AZURECLI/2.14.0
    method: GET
    uri: https://management.azure.com/subscriptions/00000000-0000-0000-0000-000000000000/providers/Microsoft.DataLakeStore/locations/eastus2/operationResults/14811a7d-2743-49c4-b1c4-03216f2ae09e_0?api-version=2016-11-01
  response:
    body:
      string: '{"status":"Succeeded"}'
    headers:
      cache-control:
      - no-cache
      content-length:
      - '22'
      content-type:
      - application/json
      date:
      - Wed, 11 Nov 2020 03:04:50 GMT
      expires:
      - '-1'
      pragma:
      - no-cache
      server:
      - Microsoft-IIS/10.0
      strict-transport-security:
      - max-age=31536000; includeSubDomains
      transfer-encoding:
      - chunked
      vary:
      - Accept-Encoding
      x-aspnet-version:
      - 4.0.30319
      x-content-type-options:
      - nosniff
      x-powered-by:
      - ASP.NET
    status:
      code: 200
      message: OK
- request:
    body: null
    headers:
      Accept:
      - application/json
      Accept-Encoding:
      - gzip, deflate
      CommandName:
      - dls account create
      Connection:
      - keep-alive
      ParameterSetName:
      - -g -n -l --disable-encryption
      User-Agent:
      - python/3.7.8 (Windows-10-10.0.19041-SP0) msrest/0.6.18 msrest_azure/0.6.3
        azure-mgmt-datalake-store/0.5.0 Azure-SDK-For-Python AZURECLI/2.14.0
    method: GET
    uri: https://management.azure.com/subscriptions/00000000-0000-0000-0000-000000000000/resourceGroups/cli_test_adla_mgmt000001/providers/Microsoft.DataLakeStore/accounts/cliadls000002?api-version=2016-11-01
  response:
    body:
      string: '{"properties":{"firewallState":"Disabled","firewallAllowAzureIps":"Disabled","firewallAllowDataLakeAnalytics":"Disabled","firewallRules":[],"virtualNetworkRules":[],"trustedIdProviderState":"Disabled","trustedIdProviders":[],"encryptionState":"Disabled","encryptionConfig":{},"currentTier":"Consumption","newTier":"Consumption","dataLakePerformanceTierState":"Disabled","provisioningState":"Succeeded","state":"Active","endpoint":"cliadls000002.azuredatalakestore.net","accountId":"14811a7d-2743-49c4-b1c4-03216f2ae09e","creationTime":"2020-11-11T03:04:07.0612514Z","lastModifiedTime":"2020-11-11T03:04:07.0612514Z"},"location":"eastus2","id":"/subscriptions/00000000-0000-0000-0000-000000000000/resourceGroups/cli_test_adla_mgmt000001/providers/Microsoft.DataLakeStore/accounts/cliadls000002","name":"cliadls000002","type":"Microsoft.DataLakeStore/accounts"}'
    headers:
      cache-control:
      - no-cache
      content-length:
      - '907'
      content-type:
      - application/json
      date:
      - Wed, 11 Nov 2020 03:04:52 GMT
      expires:
      - '-1'
      pragma:
      - no-cache
      server:
      - Microsoft-IIS/10.0
      strict-transport-security:
      - max-age=31536000; includeSubDomains
      transfer-encoding:
      - chunked
      vary:
      - Accept-Encoding
      x-aspnet-version:
      - 4.0.30319
      x-content-type-options:
      - nosniff
      x-powered-by:
      - ASP.NET
    status:
      code: 200
      message: OK
- request:
    body: '{"location": "eastus2", "properties": {"encryptionState": "Disabled"}}'
    headers:
      Accept:
      - application/json
      Accept-Encoding:
      - gzip, deflate
      CommandName:
      - dls account create
      Connection:
      - keep-alive
      Content-Length:
      - '70'
      Content-Type:
      - application/json; charset=utf-8
      ParameterSetName:
      - -g -n -l --disable-encryption
      User-Agent:
      - python/3.7.8 (Windows-10-10.0.19041-SP0) msrest/0.6.18 msrest_azure/0.6.3
        azure-mgmt-datalake-store/0.5.0 Azure-SDK-For-Python AZURECLI/2.14.0
      accept-language:
      - en-US
    method: PUT
    uri: https://management.azure.com/subscriptions/00000000-0000-0000-0000-000000000000/resourceGroups/cli_test_adla_mgmt000001/providers/Microsoft.DataLakeStore/accounts/cliadls000003?api-version=2016-11-01
  response:
    body:
      string: '{"properties":{"encryptionState":"Disabled","provisioningState":"Creating","state":null,"endpoint":null,"accountId":"aaa8b2a9-7b4b-43e9-9d1d-7076ca1aad33"},"location":"eastus2","id":"/subscriptions/00000000-0000-0000-0000-000000000000/resourceGroups/cli_test_adla_mgmt000001/providers/Microsoft.DataLakeStore/accounts/cliadls000003","name":"cliadls000003","type":"Microsoft.DataLakeStore/accounts"}'
    headers:
      azure-asyncoperation:
      - https://management.azure.com/subscriptions/00000000-0000-0000-0000-000000000000/providers/Microsoft.DataLakeStore/locations/eastus2/operationResults/aaa8b2a9-7b4b-43e9-9d1d-7076ca1aad33_0?api-version=2016-11-01
      cache-control:
      - no-cache
      content-length:
      - '447'
      content-type:
      - application/json
      date:
      - Wed, 11 Nov 2020 03:05:02 GMT
      expires:
      - '-1'
      location:
      - https://management.azure.com/subscriptions/00000000-0000-0000-0000-000000000000/resourcegroups/cli_test_adla_mgmt000001/providers/Microsoft.DataLakeStore/accounts/cliadls000003/operationresults/0?api-version=2016-11-01
      pragma:
      - no-cache
      server:
      - Microsoft-IIS/10.0
      strict-transport-security:
      - max-age=31536000; includeSubDomains
      x-aspnet-version:
      - 4.0.30319
      x-content-type-options:
      - nosniff
      x-ms-ratelimit-remaining-subscription-writes:
      - '1189'
      x-powered-by:
      - ASP.NET
    status:
      code: 201
      message: Created
- request:
    body: null
    headers:
      Accept:
      - application/json
      Accept-Encoding:
      - gzip, deflate
      CommandName:
      - dls account create
      Connection:
      - keep-alive
      ParameterSetName:
      - -g -n -l --disable-encryption
      User-Agent:
      - python/3.7.8 (Windows-10-10.0.19041-SP0) msrest/0.6.18 msrest_azure/0.6.3
        azure-mgmt-datalake-store/0.5.0 Azure-SDK-For-Python AZURECLI/2.14.0
    method: GET
    uri: https://management.azure.com/subscriptions/00000000-0000-0000-0000-000000000000/providers/Microsoft.DataLakeStore/locations/eastus2/operationResults/aaa8b2a9-7b4b-43e9-9d1d-7076ca1aad33_0?api-version=2016-11-01
  response:
    body:
      string: '{"status":"InProgress"}'
    headers:
      cache-control:
      - no-cache
      content-length:
      - '23'
      content-type:
      - application/json
      date:
      - Wed, 11 Nov 2020 03:05:14 GMT
      expires:
      - '-1'
      pragma:
      - no-cache
      server:
      - Microsoft-IIS/10.0
      strict-transport-security:
      - max-age=31536000; includeSubDomains
      transfer-encoding:
      - chunked
      vary:
      - Accept-Encoding
      x-aspnet-version:
      - 4.0.30319
      x-content-type-options:
      - nosniff
      x-powered-by:
      - ASP.NET
    status:
      code: 200
      message: OK
- request:
    body: null
    headers:
      Accept:
      - application/json
      Accept-Encoding:
      - gzip, deflate
      CommandName:
      - dls account create
      Connection:
      - keep-alive
      ParameterSetName:
      - -g -n -l --disable-encryption
      User-Agent:
      - python/3.7.8 (Windows-10-10.0.19041-SP0) msrest/0.6.18 msrest_azure/0.6.3
        azure-mgmt-datalake-store/0.5.0 Azure-SDK-For-Python AZURECLI/2.14.0
    method: GET
    uri: https://management.azure.com/subscriptions/00000000-0000-0000-0000-000000000000/providers/Microsoft.DataLakeStore/locations/eastus2/operationResults/aaa8b2a9-7b4b-43e9-9d1d-7076ca1aad33_0?api-version=2016-11-01
  response:
    body:
      string: '{"status":"Succeeded"}'
    headers:
      cache-control:
      - no-cache
      content-length:
      - '22'
      content-type:
      - application/json
      date:
      - Wed, 11 Nov 2020 03:05:47 GMT
      expires:
      - '-1'
      pragma:
      - no-cache
      server:
      - Microsoft-IIS/10.0
      strict-transport-security:
      - max-age=31536000; includeSubDomains
      transfer-encoding:
      - chunked
      vary:
      - Accept-Encoding
      x-aspnet-version:
      - 4.0.30319
      x-content-type-options:
      - nosniff
      x-powered-by:
      - ASP.NET
    status:
      code: 200
      message: OK
- request:
    body: null
    headers:
      Accept:
      - application/json
      Accept-Encoding:
      - gzip, deflate
      CommandName:
      - dls account create
      Connection:
      - keep-alive
      ParameterSetName:
      - -g -n -l --disable-encryption
      User-Agent:
      - python/3.7.8 (Windows-10-10.0.19041-SP0) msrest/0.6.18 msrest_azure/0.6.3
        azure-mgmt-datalake-store/0.5.0 Azure-SDK-For-Python AZURECLI/2.14.0
    method: GET
    uri: https://management.azure.com/subscriptions/00000000-0000-0000-0000-000000000000/resourceGroups/cli_test_adla_mgmt000001/providers/Microsoft.DataLakeStore/accounts/cliadls000003?api-version=2016-11-01
  response:
    body:
      string: '{"properties":{"firewallState":"Disabled","firewallAllowAzureIps":"Disabled","firewallAllowDataLakeAnalytics":"Disabled","firewallRules":[],"virtualNetworkRules":[],"trustedIdProviderState":"Disabled","trustedIdProviders":[],"encryptionState":"Disabled","encryptionConfig":{},"currentTier":"Consumption","newTier":"Consumption","dataLakePerformanceTierState":"Disabled","provisioningState":"Succeeded","state":"Active","endpoint":"cliadls000003.azuredatalakestore.net","accountId":"aaa8b2a9-7b4b-43e9-9d1d-7076ca1aad33","creationTime":"2020-11-11T03:05:03.2104227Z","lastModifiedTime":"2020-11-11T03:05:03.2104227Z"},"location":"eastus2","id":"/subscriptions/00000000-0000-0000-0000-000000000000/resourceGroups/cli_test_adla_mgmt000001/providers/Microsoft.DataLakeStore/accounts/cliadls000003","name":"cliadls000003","type":"Microsoft.DataLakeStore/accounts"}'
    headers:
      cache-control:
      - no-cache
      content-length:
      - '907'
      content-type:
      - application/json
      date:
      - Wed, 11 Nov 2020 03:05:49 GMT
      expires:
      - '-1'
      pragma:
      - no-cache
      server:
      - Microsoft-IIS/10.0
      strict-transport-security:
      - max-age=31536000; includeSubDomains
      transfer-encoding:
      - chunked
      vary:
      - Accept-Encoding
      x-aspnet-version:
      - 4.0.30319
      x-content-type-options:
      - nosniff
      x-powered-by:
      - ASP.NET
    status:
      code: 200
      message: OK
- request:
    body: '{"sku": {"name": "Standard_GRS"}, "kind": "StorageV2", "location": "eastus2",
      "properties": {"encryption": {"services": {"blob": {}}, "keySource": "Microsoft.Storage"}}}'
    headers:
      Accept:
      - application/json
      Accept-Encoding:
      - gzip, deflate
      CommandName:
      - storage account create
      Connection:
      - keep-alive
      Content-Length:
      - '169'
      Content-Type:
      - application/json
      ParameterSetName:
      - -g -n -l --sku
      User-Agent:
      - AZURECLI/2.14.0 azsdk-python-azure-mgmt-storage/16.0.0 Python/3.7.8 (Windows-10-10.0.19041-SP0)
    method: PUT
    uri: https://management.azure.com/subscriptions/00000000-0000-0000-0000-000000000000/resourceGroups/cli_test_adla_mgmt000001/providers/Microsoft.Storage/storageAccounts/cliwasb000005?api-version=2019-06-01
  response:
    body:
      string: ''
    headers:
      cache-control:
      - no-cache
      content-length:
      - '0'
      content-type:
      - text/plain; charset=utf-8
      date:
      - Wed, 11 Nov 2020 03:05:57 GMT
      expires:
      - '-1'
      location:
      - https://management.azure.com/subscriptions/00000000-0000-0000-0000-000000000000/providers/Microsoft.Storage/locations/eastus2/asyncoperations/2025e8ef-a31e-4371-a432-11695b5b6c4c?monitor=true&api-version=2019-06-01
      pragma:
      - no-cache
      server:
      - Microsoft-Azure-Storage-Resource-Provider/1.0,Microsoft-HTTPAPI/2.0 Microsoft-HTTPAPI/2.0
      strict-transport-security:
      - max-age=31536000; includeSubDomains
      x-content-type-options:
      - nosniff
      x-ms-ratelimit-remaining-subscription-writes:
      - '1193'
    status:
      code: 202
      message: Accepted
- request:
    body: null
    headers:
      Accept:
      - '*/*'
      Accept-Encoding:
      - gzip, deflate
      CommandName:
      - storage account create
      Connection:
      - keep-alive
      ParameterSetName:
      - -g -n -l --sku
      User-Agent:
      - AZURECLI/2.14.0 azsdk-python-azure-mgmt-storage/16.0.0 Python/3.7.8 (Windows-10-10.0.19041-SP0)
    method: GET
    uri: https://management.azure.com/subscriptions/00000000-0000-0000-0000-000000000000/providers/Microsoft.Storage/locations/eastus2/asyncoperations/2025e8ef-a31e-4371-a432-11695b5b6c4c?monitor=true&api-version=2019-06-01
  response:
    body:
      string: '{"sku":{"name":"Standard_GRS","tier":"Standard"},"kind":"StorageV2","id":"/subscriptions/00000000-0000-0000-0000-000000000000/resourceGroups/cli_test_adla_mgmt000001/providers/Microsoft.Storage/storageAccounts/cliwasb000005","name":"cliwasb000005","type":"Microsoft.Storage/storageAccounts","location":"eastus2","tags":{},"properties":{"privateEndpointConnections":[],"networkAcls":{"bypass":"AzureServices","virtualNetworkRules":[],"ipRules":[],"defaultAction":"Allow"},"supportsHttpsTrafficOnly":true,"encryption":{"services":{"file":{"keyType":"Account","enabled":true,"lastEnabledTime":"2020-11-11T03:05:57.2088256Z"},"blob":{"keyType":"Account","enabled":true,"lastEnabledTime":"2020-11-11T03:05:57.2088256Z"}},"keySource":"Microsoft.Storage"},"accessTier":"Hot","provisioningState":"Succeeded","creationTime":"2020-11-11T03:05:57.1150856Z","primaryEndpoints":{"dfs":"https://cliwasb000005.dfs.core.windows.net/","web":"https://cliwasb000005.z20.web.core.windows.net/","blob":"https://cliwasb000005.blob.core.windows.net/","queue":"https://cliwasb000005.queue.core.windows.net/","table":"https://cliwasb000005.table.core.windows.net/","file":"https://cliwasb000005.file.core.windows.net/"},"primaryLocation":"eastus2","statusOfPrimary":"available","secondaryLocation":"centralus","statusOfSecondary":"available"}}'
    headers:
      cache-control:
      - no-cache
      content-length:
      - '1361'
      content-type:
      - application/json
      date:
      - Wed, 11 Nov 2020 03:06:14 GMT
      expires:
      - '-1'
      pragma:
      - no-cache
      server:
      - Microsoft-Azure-Storage-Resource-Provider/1.0,Microsoft-HTTPAPI/2.0 Microsoft-HTTPAPI/2.0
      strict-transport-security:
      - max-age=31536000; includeSubDomains
      transfer-encoding:
      - chunked
      vary:
      - Accept-Encoding
      x-content-type-options:
      - nosniff
    status:
      code: 200
      message: OK
- request:
    body: null
    headers:
      Accept:
      - application/json
      Accept-Encoding:
      - gzip, deflate
      CommandName:
      - storage account keys list
      Connection:
      - keep-alive
      Content-Length:
      - '0'
      ParameterSetName:
      - -g -n
      User-Agent:
      - AZURECLI/2.14.0 azsdk-python-azure-mgmt-storage/16.0.0 Python/3.7.8 (Windows-10-10.0.19041-SP0)
    method: POST
    uri: https://management.azure.com/subscriptions/00000000-0000-0000-0000-000000000000/resourceGroups/cli_test_adla_mgmt000001/providers/Microsoft.Storage/storageAccounts/cliwasb000005/listKeys?api-version=2019-06-01&$expand=kerb
  response:
    body:
      string: '{"keys":[{"keyName":"key1","value":"veryFakedStorageAccountKey==","permissions":"FULL"},{"keyName":"key2","value":"veryFakedStorageAccountKey==","permissions":"FULL"}]}'
    headers:
      cache-control:
      - no-cache
      content-length:
      - '288'
      content-type:
      - application/json
      date:
      - Wed, 11 Nov 2020 03:06:16 GMT
      expires:
      - '-1'
      pragma:
      - no-cache
      server:
      - Microsoft-Azure-Storage-Resource-Provider/1.0,Microsoft-HTTPAPI/2.0 Microsoft-HTTPAPI/2.0
      strict-transport-security:
      - max-age=31536000; includeSubDomains
      transfer-encoding:
      - chunked
      vary:
      - Accept-Encoding
      x-content-type-options:
      - nosniff
      x-ms-ratelimit-remaining-subscription-resource-requests:
      - '11994'
    status:
      code: 200
      message: OK
- request:
    body: '{"location": "eastus2", "properties": {"defaultDataLakeStoreAccount": "cliadls000002",
      "maxDegreeOfParallelism": 30, "queryStoreRetention": 30, "maxJobCount": 3, "dataLakeStoreAccounts":
      [{"name": "cliadls000002"}]}}'
    headers:
      Accept:
      - application/json
      Accept-Encoding:
      - gzip, deflate
      CommandName:
      - dla account create
      Connection:
      - keep-alive
      Content-Length:
      - '214'
      Content-Type:
      - application/json; charset=utf-8
      ParameterSetName:
      - -g -n -l --default-data-lake-store
      User-Agent:
      - python/3.7.8 (Windows-10-10.0.19041-SP0) msrest/0.6.18 msrest_azure/0.6.3
        datalakeanalyticsaccountmanagementclient/0.1.6 Azure-SDK-For-Python AZURECLI/2.14.0
      accept-language:
      - en-US
    method: PUT
    uri: https://management.azure.com/subscriptions/00000000-0000-0000-0000-000000000000/resourceGroups/cli_test_adla_mgmt000001/providers/Microsoft.DataLakeAnalytics/accounts/cliadla000004?api-version=2016-11-01
  response:
    body:
      string: '{"properties":{"defaultDataLakeStoreAccount":"cliadls000002","dataLakeStoreAccounts":[{"properties":{"suffix":"azuredatalakestore.net"},"name":"cliadls000002"}],"maxDegreeOfParallelism":30,"maxJobCount":3,"queryStoreRetention":30,"provisioningState":"Creating","state":null,"endpoint":null,"accountId":"570f27f0-e77d-44d7-b949-03bcb8678c25"},"location":"eastus2","id":"/subscriptions/00000000-0000-0000-0000-000000000000/resourceGroups/cli_test_adla_mgmt000001/providers/Microsoft.DataLakeAnalytics/accounts/cliadla000004","name":"cliadla000004","type":"Microsoft.DataLakeAnalytics/accounts"}'
    headers:
      azure-asyncoperation:
      - https://management.azure.com/subscriptions/00000000-0000-0000-0000-000000000000/providers/Microsoft.DataLakeAnalytics/locations/eastus2/operationResults/570f27f0-e77d-44d7-b949-03bcb8678c25_0?api-version=2016-11-01
      cache-control:
      - no-cache
      content-length:
      - '639'
      content-type:
      - application/json
      date:
      - Wed, 11 Nov 2020 03:06:26 GMT
      expires:
      - '-1'
      location:
      - https://management.azure.com/subscriptions/00000000-0000-0000-0000-000000000000/resourcegroups/cli_test_adla_mgmt000001/providers/Microsoft.DataLakeAnalytics/accounts/cliadla000004/operationresults/0?api-version=2016-11-01
      pragma:
      - no-cache
      server:
      - Microsoft-IIS/10.0
      strict-transport-security:
      - max-age=31536000; includeSubDomains
      x-aspnet-version:
      - 4.0.30319
      x-content-type-options:
      - nosniff
      x-ms-ratelimit-remaining-subscription-writes:
      - '1184'
      x-powered-by:
      - ASP.NET
    status:
      code: 201
      message: Created
- request:
    body: null
    headers:
      Accept:
      - application/json
      Accept-Encoding:
      - gzip, deflate
      CommandName:
      - dla account create
      Connection:
      - keep-alive
      Content-Type:
      - application/json; charset=utf-8
      ParameterSetName:
      - -g -n -l --default-data-lake-store
      User-Agent:
      - python/3.7.8 (Windows-10-10.0.19041-SP0) msrest/0.6.18 msrest_azure/0.6.3
        datalakeanalyticsaccountmanagementclient/0.1.6 Azure-SDK-For-Python AZURECLI/2.14.0
      accept-language:
      - en-US
    method: GET
    uri: https://management.azure.com/subscriptions/00000000-0000-0000-0000-000000000000/providers/Microsoft.DataLakeAnalytics/locations/eastus2/operationResults/570f27f0-e77d-44d7-b949-03bcb8678c25_0?api-version=2016-11-01
  response:
    body:
      string: '{"status":"InProgress"}'
    headers:
      cache-control:
      - no-cache
      content-length:
      - '23'
      content-type:
      - application/json
      date:
      - Wed, 11 Nov 2020 03:06:38 GMT
      expires:
      - '-1'
      pragma:
      - no-cache
      server:
      - Microsoft-IIS/10.0
      strict-transport-security:
      - max-age=31536000; includeSubDomains
      transfer-encoding:
      - chunked
      vary:
      - Accept-Encoding
      x-aspnet-version:
      - 4.0.30319
      x-content-type-options:
      - nosniff
      x-powered-by:
      - ASP.NET
    status:
      code: 200
      message: OK
- request:
    body: null
    headers:
      Accept:
      - application/json
      Accept-Encoding:
      - gzip, deflate
      CommandName:
      - dla account create
      Connection:
      - keep-alive
      Content-Type:
      - application/json; charset=utf-8
      ParameterSetName:
      - -g -n -l --default-data-lake-store
      User-Agent:
      - python/3.7.8 (Windows-10-10.0.19041-SP0) msrest/0.6.18 msrest_azure/0.6.3
        datalakeanalyticsaccountmanagementclient/0.1.6 Azure-SDK-For-Python AZURECLI/2.14.0
      accept-language:
      - en-US
    method: GET
    uri: https://management.azure.com/subscriptions/00000000-0000-0000-0000-000000000000/providers/Microsoft.DataLakeAnalytics/locations/eastus2/operationResults/570f27f0-e77d-44d7-b949-03bcb8678c25_0?api-version=2016-11-01
  response:
    body:
      string: '{"status":"Succeeded"}'
    headers:
      cache-control:
      - no-cache
      content-length:
      - '22'
      content-type:
      - application/json
      date:
      - Wed, 11 Nov 2020 03:07:10 GMT
      expires:
      - '-1'
      pragma:
      - no-cache
      server:
      - Microsoft-IIS/10.0
      strict-transport-security:
      - max-age=31536000; includeSubDomains
      transfer-encoding:
      - chunked
      vary:
      - Accept-Encoding
      x-aspnet-version:
      - 4.0.30319
      x-content-type-options:
      - nosniff
      x-powered-by:
      - ASP.NET
    status:
      code: 200
      message: OK
- request:
    body: null
    headers:
      Accept:
      - application/json
      Accept-Encoding:
      - gzip, deflate
      CommandName:
      - dla account create
      Connection:
      - keep-alive
      Content-Type:
      - application/json; charset=utf-8
      ParameterSetName:
      - -g -n -l --default-data-lake-store
      User-Agent:
      - python/3.7.8 (Windows-10-10.0.19041-SP0) msrest/0.6.18 msrest_azure/0.6.3
        datalakeanalyticsaccountmanagementclient/0.1.6 Azure-SDK-For-Python AZURECLI/2.14.0
      accept-language:
      - en-US
    method: GET
    uri: https://management.azure.com/subscriptions/00000000-0000-0000-0000-000000000000/resourceGroups/cli_test_adla_mgmt000001/providers/Microsoft.DataLakeAnalytics/accounts/cliadla000004?api-version=2016-11-01
  response:
    body:
      string: '{"properties":{"firewallState":"Disabled","firewallAllowAzureIps":"Disabled","firewallRules":[],"virtualNetworkRules":[],"debugDataAccessLevel":"All","defaultDataLakeStoreAccount":"cliadls000002","dataLakeStoreAccounts":[{"properties":{"suffix":"azuredatalakestore.net"},"name":"cliadls000002"}],"publicDataLakeStoreAccounts":[{"properties":{"suffix":"azuredatalakestore.net"},"name":"adltrainingsampledata"},{"properties":{"suffix":"azuredatalakestore.net"},"name":"ghinsights"}],"storageAccounts":[],"maxDegreeOfParallelism":30,"maxJobCount":3,"systemMaxDegreeOfParallelism":100,"systemMaxJobCount":20,"maxDegreeOfParallelismPerJob":30,"minPriorityPerJob":1,"computePolicies":[],"queryStoreRetention":30,"hiveMetastores":[],"currentTier":"Consumption","newTier":"Consumption","provisioningState":"Succeeded","state":"Active","endpoint":"cliadla000004.azuredatalakeanalytics.net","accountId":"570f27f0-e77d-44d7-b949-03bcb8678c25","creationTime":"2020-11-11T03:06:29.256005Z","lastModifiedTime":"2020-11-11T03:06:29.256005Z"},"location":"eastus2","id":"/subscriptions/00000000-0000-0000-0000-000000000000/resourceGroups/cli_test_adla_mgmt000001/providers/Microsoft.DataLakeAnalytics/accounts/cliadla000004","name":"cliadla000004","type":"Microsoft.DataLakeAnalytics/accounts"}'
    headers:
      cache-control:
      - no-cache
      content-length:
      - '1323'
      content-type:
      - application/json
      date:
      - Wed, 11 Nov 2020 03:07:11 GMT
      expires:
      - '-1'
      pragma:
      - no-cache
      server:
      - Microsoft-IIS/10.0
      strict-transport-security:
      - max-age=31536000; includeSubDomains
      transfer-encoding:
      - chunked
      vary:
      - Accept-Encoding
      x-aspnet-version:
      - 4.0.30319
      x-content-type-options:
      - nosniff
      x-powered-by:
      - ASP.NET
    status:
      code: 200
      message: OK
- request:
    body: null
    headers:
      Accept:
      - application/json
      Accept-Encoding:
      - gzip, deflate
      CommandName:
      - dla account show
      Connection:
      - keep-alive
      Content-Type:
      - application/json; charset=utf-8
      ParameterSetName:
      - -n -g
      User-Agent:
      - python/3.7.8 (Windows-10-10.0.19041-SP0) msrest/0.6.18 msrest_azure/0.6.3
        datalakeanalyticsaccountmanagementclient/0.1.6 Azure-SDK-For-Python AZURECLI/2.14.0
      accept-language:
      - en-US
    method: GET
    uri: https://management.azure.com/subscriptions/00000000-0000-0000-0000-000000000000/resourceGroups/cli_test_adla_mgmt000001/providers/Microsoft.DataLakeAnalytics/accounts/cliadla000004?api-version=2016-11-01
  response:
    body:
      string: '{"properties":{"firewallState":"Disabled","firewallAllowAzureIps":"Disabled","firewallRules":[],"virtualNetworkRules":[],"debugDataAccessLevel":"All","defaultDataLakeStoreAccount":"cliadls000002","dataLakeStoreAccounts":[{"properties":{"suffix":"azuredatalakestore.net"},"name":"cliadls000002"}],"publicDataLakeStoreAccounts":[{"properties":{"suffix":"azuredatalakestore.net"},"name":"adltrainingsampledata"},{"properties":{"suffix":"azuredatalakestore.net"},"name":"ghinsights"}],"storageAccounts":[],"maxDegreeOfParallelism":30,"maxJobCount":3,"systemMaxDegreeOfParallelism":100,"systemMaxJobCount":20,"maxDegreeOfParallelismPerJob":30,"minPriorityPerJob":1,"computePolicies":[],"queryStoreRetention":30,"hiveMetastores":[],"currentTier":"Consumption","newTier":"Consumption","provisioningState":"Succeeded","state":"Active","endpoint":"cliadla000004.azuredatalakeanalytics.net","accountId":"570f27f0-e77d-44d7-b949-03bcb8678c25","creationTime":"2020-11-11T03:06:29.256005Z","lastModifiedTime":"2020-11-11T03:06:29.256005Z"},"location":"eastus2","id":"/subscriptions/00000000-0000-0000-0000-000000000000/resourceGroups/cli_test_adla_mgmt000001/providers/Microsoft.DataLakeAnalytics/accounts/cliadla000004","name":"cliadla000004","type":"Microsoft.DataLakeAnalytics/accounts"}'
    headers:
      cache-control:
      - no-cache
      content-length:
      - '1323'
      content-type:
      - application/json
      date:
      - Wed, 11 Nov 2020 03:07:13 GMT
      expires:
      - '-1'
      pragma:
      - no-cache
      server:
      - Microsoft-IIS/10.0
      strict-transport-security:
      - max-age=31536000; includeSubDomains
      transfer-encoding:
      - chunked
      vary:
      - Accept-Encoding
      x-aspnet-version:
      - 4.0.30319
      x-content-type-options:
      - nosniff
      x-powered-by:
      - ASP.NET
    status:
      code: 200
      message: OK
- request:
    body: null
    headers:
      Accept:
      - application/json
      Accept-Encoding:
      - gzip, deflate
      CommandName:
      - dla account list
      Connection:
      - keep-alive
      Content-Type:
      - application/json; charset=utf-8
      ParameterSetName:
      - -g
      User-Agent:
      - python/3.7.8 (Windows-10-10.0.19041-SP0) msrest/0.6.18 msrest_azure/0.6.3
        datalakeanalyticsaccountmanagementclient/0.1.6 Azure-SDK-For-Python AZURECLI/2.14.0
      accept-language:
      - en-US
    method: GET
    uri: https://management.azure.com/subscriptions/00000000-0000-0000-0000-000000000000/resourceGroups/cli_test_adla_mgmt000001/providers/Microsoft.DataLakeAnalytics/accounts?api-version=2016-11-01
  response:
    body:
      string: '{"value":[{"properties":{"provisioningState":"Succeeded","state":"Active","endpoint":"cliadla000004.azuredatalakeanalytics.net","accountId":"570f27f0-e77d-44d7-b949-03bcb8678c25","creationTime":"2020-11-11T03:06:29.256005Z","lastModifiedTime":"2020-11-11T03:06:29.256005Z"},"location":"eastus2","id":"/subscriptions/00000000-0000-0000-0000-000000000000/resourceGroups/cli_test_adla_mgmt000001/providers/Microsoft.DataLakeAnalytics/accounts/cliadla000004","name":"cliadla000004","type":"Microsoft.DataLakeAnalytics/accounts"}]}'
    headers:
      cache-control:
      - no-cache
      content-length:
      - '574'
      content-type:
      - application/json
      date:
      - Wed, 11 Nov 2020 03:07:16 GMT
      expires:
      - '-1'
      pragma:
      - no-cache
      server:
      - Microsoft-IIS/10.0
      strict-transport-security:
      - max-age=31536000; includeSubDomains
      transfer-encoding:
      - chunked
      vary:
      - Accept-Encoding
      x-aspnet-version:
      - 4.0.30319
      x-content-type-options:
      - nosniff
      x-powered-by:
      - ASP.NET
    status:
      code: 200
      message: OK
- request:
    body: null
    headers:
      Accept:
      - application/json
      Accept-Encoding:
      - gzip, deflate
      CommandName:
      - dla account list
      Connection:
      - keep-alive
      Content-Type:
      - application/json; charset=utf-8
      User-Agent:
      - python/3.7.8 (Windows-10-10.0.19041-SP0) msrest/0.6.18 msrest_azure/0.6.3
        datalakeanalyticsaccountmanagementclient/0.1.6 Azure-SDK-For-Python AZURECLI/2.14.0
      accept-language:
      - en-US
    method: GET
    uri: https://management.azure.com/subscriptions/00000000-0000-0000-0000-000000000000/providers/Microsoft.DataLakeAnalytics/accounts?api-version=2016-11-01
  response:
    body:
      string: '{"value":[{"properties":{"provisioningState":"Succeeded","state":"Active","endpoint":"cliadla000004.azuredatalakeanalytics.net","accountId":"570f27f0-e77d-44d7-b949-03bcb8678c25","creationTime":"2020-11-11T03:06:29.256005Z","lastModifiedTime":"2020-11-11T03:06:29.256005Z"},"location":"eastus2","id":"/subscriptions/00000000-0000-0000-0000-000000000000/resourceGroups/cli_test_adla_mgmt000001/providers/Microsoft.DataLakeAnalytics/accounts/cliadla000004","name":"cliadla000004","type":"Microsoft.DataLakeAnalytics/accounts"}]}'
    headers:
      cache-control:
      - no-cache
      content-length:
      - '574'
      content-type:
      - application/json
      date:
      - Wed, 11 Nov 2020 03:07:17 GMT
      expires:
      - '-1'
      pragma:
      - no-cache
      server:
      - Microsoft-IIS/10.0
      strict-transport-security:
      - max-age=31536000; includeSubDomains
      transfer-encoding:
      - chunked
      vary:
      - Accept-Encoding
      x-aspnet-version:
      - 4.0.30319
      x-content-type-options:
      - nosniff
      x-powered-by:
      - ASP.NET
    status:
      code: 200
      message: OK
- request:
    body: '{"properties": {"maxDegreeOfParallelism": 15, "queryStoreRetention": 15,
      "maxJobCount": 2, "firewallState": "Enabled", "firewallAllowAzureIps": "Enabled"}}'
    headers:
      Accept:
      - application/json
      Accept-Encoding:
      - gzip, deflate
      CommandName:
      - dla account update
      Connection:
      - keep-alive
      Content-Length:
      - '155'
      Content-Type:
      - application/json; charset=utf-8
      ParameterSetName:
      - -g -n --firewall-state --max-degree-of-parallelism --max-job-count --query-store-retention
        --allow-azure-ips
      User-Agent:
      - python/3.7.8 (Windows-10-10.0.19041-SP0) msrest/0.6.18 msrest_azure/0.6.3
        datalakeanalyticsaccountmanagementclient/0.1.6 Azure-SDK-For-Python AZURECLI/2.14.0
      accept-language:
      - en-US
    method: PATCH
    uri: https://management.azure.com/subscriptions/00000000-0000-0000-0000-000000000000/resourceGroups/cli_test_adla_mgmt000001/providers/Microsoft.DataLakeAnalytics/accounts/cliadla000004?api-version=2016-11-01
  response:
    body:
      string: '{"properties":{"firewallState":"Enabled","firewallAllowAzureIps":"Enabled","firewallRules":[],"virtualNetworkRules":[],"debugDataAccessLevel":"All","defaultDataLakeStoreAccount":"cliadls000002","dataLakeStoreAccounts":[{"properties":{"suffix":"azuredatalakestore.net"},"name":"cliadls000002"}],"storageAccounts":[],"maxDegreeOfParallelism":30,"maxJobCount":3,"maxDegreeOfParallelismPerJob":30,"minPriorityPerJob":1,"computePolicies":[],"queryStoreRetention":30,"hiveMetastores":[],"currentTier":"Consumption","newTier":"Consumption","provisioningState":"Succeeded","state":"Active","endpoint":"cliadla000004.azuredatalakeanalytics.net","accountId":"570f27f0-e77d-44d7-b949-03bcb8678c25","creationTime":"2020-11-11T03:06:29.256005Z","lastModifiedTime":"2020-11-11T03:07:20.8149321Z"},"location":"eastus2","id":"/subscriptions/00000000-0000-0000-0000-000000000000/resourceGroups/cli_test_adla_mgmt000001/providers/Microsoft.DataLakeAnalytics/accounts/cliadla000004","name":"cliadla000004","type":"Microsoft.DataLakeAnalytics/accounts"}'
    headers:
      cache-control:
      - no-cache
      content-length:
      - '1079'
      content-type:
      - application/json
      date:
      - Wed, 11 Nov 2020 03:07:20 GMT
      expires:
      - '-1'
      pragma:
      - no-cache
      server:
      - Microsoft-IIS/10.0
      strict-transport-security:
      - max-age=31536000; includeSubDomains
      transfer-encoding:
      - chunked
      vary:
      - Accept-Encoding
      x-aspnet-version:
      - 4.0.30319
      x-content-type-options:
      - nosniff
      x-ms-ratelimit-remaining-subscription-writes:
      - '1178'
      x-powered-by:
      - ASP.NET
    status:
      code: 200
      message: OK
- request:
    body: null
    headers:
      Accept:
      - application/json
      Accept-Encoding:
      - gzip, deflate
      CommandName:
      - dla account show
      Connection:
      - keep-alive
      Content-Type:
      - application/json; charset=utf-8
      ParameterSetName:
      - -n -g
      User-Agent:
      - python/3.7.8 (Windows-10-10.0.19041-SP0) msrest/0.6.18 msrest_azure/0.6.3
        datalakeanalyticsaccountmanagementclient/0.1.6 Azure-SDK-For-Python AZURECLI/2.14.0
      accept-language:
      - en-US
    method: GET
    uri: https://management.azure.com/subscriptions/00000000-0000-0000-0000-000000000000/resourceGroups/cli_test_adla_mgmt000001/providers/Microsoft.DataLakeAnalytics/accounts/cliadla000004?api-version=2016-11-01
  response:
    body:
      string: '{"properties":{"firewallState":"Enabled","firewallAllowAzureIps":"Enabled","firewallRules":[],"virtualNetworkRules":[],"debugDataAccessLevel":"All","defaultDataLakeStoreAccount":"cliadls000002","dataLakeStoreAccounts":[{"properties":{"suffix":"azuredatalakestore.net"},"name":"cliadls000002"}],"publicDataLakeStoreAccounts":[{"properties":{"suffix":"azuredatalakestore.net"},"name":"adltrainingsampledata"},{"properties":{"suffix":"azuredatalakestore.net"},"name":"ghinsights"}],"storageAccounts":[],"maxDegreeOfParallelism":15,"maxJobCount":2,"systemMaxDegreeOfParallelism":100,"systemMaxJobCount":20,"maxDegreeOfParallelismPerJob":15,"minPriorityPerJob":1,"computePolicies":[],"queryStoreRetention":15,"hiveMetastores":[],"currentTier":"Consumption","newTier":"Consumption","provisioningState":"Succeeded","state":"Active","endpoint":"cliadla000004.azuredatalakeanalytics.net","accountId":"570f27f0-e77d-44d7-b949-03bcb8678c25","creationTime":"2020-11-11T03:06:29.256005Z","lastModifiedTime":"2020-11-11T03:07:20.8149321Z"},"location":"eastus2","id":"/subscriptions/00000000-0000-0000-0000-000000000000/resourceGroups/cli_test_adla_mgmt000001/providers/Microsoft.DataLakeAnalytics/accounts/cliadla000004","name":"cliadla000004","type":"Microsoft.DataLakeAnalytics/accounts"}'
    headers:
      cache-control:
      - no-cache
      content-length:
      - '1322'
      content-type:
      - application/json
      date:
      - Wed, 11 Nov 2020 03:07:23 GMT
      expires:
      - '-1'
      pragma:
      - no-cache
      server:
      - Microsoft-IIS/10.0
      strict-transport-security:
      - max-age=31536000; includeSubDomains
      transfer-encoding:
      - chunked
      vary:
      - Accept-Encoding
      x-aspnet-version:
      - 4.0.30319
      x-content-type-options:
      - nosniff
      x-powered-by:
      - ASP.NET
    status:
      code: 200
      message: OK
- request:
    body: '{"properties": {"accessKey": "veryFakedStorageAccountKey=="}}'
    headers:
      Accept:
      - application/json
      Accept-Encoding:
      - gzip, deflate
      CommandName:
      - dla account blob-storage add
      Connection:
      - keep-alive
      Content-Length:
      - '121'
      Content-Type:
      - application/json; charset=utf-8
      ParameterSetName:
      - -g -n --storage-account-name --access-key
      User-Agent:
      - python/3.7.8 (Windows-10-10.0.19041-SP0) msrest/0.6.18 msrest_azure/0.6.3
        datalakeanalyticsaccountmanagementclient/0.1.6 Azure-SDK-For-Python AZURECLI/2.14.0
      accept-language:
      - en-US
    method: PUT
    uri: https://management.azure.com/subscriptions/00000000-0000-0000-0000-000000000000/resourceGroups/cli_test_adla_mgmt000001/providers/Microsoft.DataLakeAnalytics/accounts/cliadla000004/StorageAccounts/cliwasb000005?api-version=2016-11-01
  response:
    body:
      string: '{"properties":{"suffix":"core.windows.net"},"id":"/subscriptions/00000000-0000-0000-0000-000000000000/resourceGroups/cli_test_adla_mgmt000001/providers/Microsoft.DataLakeAnalytics/accounts/cliadla000004/storageAccounts/cliwasb000005","name":"cliwasb000005","type":"Microsoft.DataLakeAnalytics/accounts/storageAccounts"}'
    headers:
      cache-control:
      - no-cache
      content-length:
      - '367'
      content-type:
      - application/json
      date:
      - Wed, 11 Nov 2020 03:07:26 GMT
      expires:
      - '-1'
      pragma:
      - no-cache
      server:
      - Microsoft-IIS/10.0
      strict-transport-security:
      - max-age=31536000; includeSubDomains
      transfer-encoding:
      - chunked
      vary:
      - Accept-Encoding
      x-aspnet-version:
      - 4.0.30319
      x-content-type-options:
      - nosniff
      x-ms-ratelimit-remaining-subscription-writes:
      - '1176'
      x-powered-by:
      - ASP.NET
    status:
      code: 200
      message: OK
- request:
    body: null
    headers:
      Accept:
      - application/json
      Accept-Encoding:
      - gzip, deflate
      CommandName:
      - dla account blob-storage show
      Connection:
      - keep-alive
      Content-Type:
      - application/json; charset=utf-8
      ParameterSetName:
      - -g -n --storage-account-name
      User-Agent:
      - python/3.7.8 (Windows-10-10.0.19041-SP0) msrest/0.6.18 msrest_azure/0.6.3
        datalakeanalyticsaccountmanagementclient/0.1.6 Azure-SDK-For-Python AZURECLI/2.14.0
      accept-language:
      - en-US
    method: GET
    uri: https://management.azure.com/subscriptions/00000000-0000-0000-0000-000000000000/resourceGroups/cli_test_adla_mgmt000001/providers/Microsoft.DataLakeAnalytics/accounts/cliadla000004/StorageAccounts/cliwasb000005?api-version=2016-11-01
  response:
    body:
      string: '{"properties":{"suffix":"core.windows.net"},"id":"/subscriptions/00000000-0000-0000-0000-000000000000/resourceGroups/cli_test_adla_mgmt000001/providers/Microsoft.DataLakeAnalytics/accounts/cliadla000004/storageAccounts/cliwasb000005","name":"cliwasb000005","type":"Microsoft.DataLakeAnalytics/accounts/storageAccounts"}'
    headers:
      cache-control:
      - no-cache
      content-length:
      - '367'
      content-type:
      - application/json
      date:
      - Wed, 11 Nov 2020 03:07:28 GMT
      expires:
      - '-1'
      pragma:
      - no-cache
      server:
      - Microsoft-IIS/10.0
      strict-transport-security:
      - max-age=31536000; includeSubDomains
      transfer-encoding:
      - chunked
      vary:
      - Accept-Encoding
      x-aspnet-version:
      - 4.0.30319
      x-content-type-options:
      - nosniff
      x-powered-by:
      - ASP.NET
    status:
      code: 200
      message: OK
- request:
    body: null
    headers:
      Accept:
      - application/json
      Accept-Encoding:
      - gzip, deflate
      CommandName:
      - dla account blob-storage list
      Connection:
      - keep-alive
      Content-Type:
      - application/json; charset=utf-8
      ParameterSetName:
      - -g -n
      User-Agent:
      - python/3.7.8 (Windows-10-10.0.19041-SP0) msrest/0.6.18 msrest_azure/0.6.3
        datalakeanalyticsaccountmanagementclient/0.1.6 Azure-SDK-For-Python AZURECLI/2.14.0
      accept-language:
      - en-US
    method: GET
    uri: https://management.azure.com/subscriptions/00000000-0000-0000-0000-000000000000/resourceGroups/cli_test_adla_mgmt000001/providers/Microsoft.DataLakeAnalytics/accounts/cliadla000004/StorageAccounts/?api-version=2016-11-01
  response:
    body:
      string: '{"value":[{"properties":{"suffix":"core.windows.net"},"id":"/subscriptions/00000000-0000-0000-0000-000000000000/resourceGroups/cli_test_adla_mgmt000001/providers/Microsoft.DataLakeAnalytics/accounts/cliadla000004/storageAccounts/cliwasb000005","name":"cliwasb000005","type":"Microsoft.DataLakeAnalytics/accounts/storageAccounts"}]}'
    headers:
      cache-control:
      - no-cache
      content-length:
      - '379'
      content-type:
      - application/json
      date:
      - Wed, 11 Nov 2020 03:07:31 GMT
      expires:
      - '-1'
      pragma:
      - no-cache
      server:
      - Microsoft-IIS/10.0
      strict-transport-security:
      - max-age=31536000; includeSubDomains
      transfer-encoding:
      - chunked
      vary:
      - Accept-Encoding
      x-aspnet-version:
      - 4.0.30319
      x-content-type-options:
      - nosniff
      x-powered-by:
      - ASP.NET
    status:
      code: 200
      message: OK
- request:
    body: null
    headers:
      Accept:
      - application/json
      Accept-Encoding:
      - gzip, deflate
      CommandName:
      - dla account blob-storage delete
      Connection:
      - keep-alive
      Content-Length:
      - '0'
      Content-Type:
      - application/json; charset=utf-8
      ParameterSetName:
      - -g -n --storage-account-name
      User-Agent:
      - python/3.7.8 (Windows-10-10.0.19041-SP0) msrest/0.6.18 msrest_azure/0.6.3
        datalakeanalyticsaccountmanagementclient/0.1.6 Azure-SDK-For-Python AZURECLI/2.14.0
      accept-language:
      - en-US
    method: DELETE
    uri: https://management.azure.com/subscriptions/00000000-0000-0000-0000-000000000000/resourceGroups/cli_test_adla_mgmt000001/providers/Microsoft.DataLakeAnalytics/accounts/cliadla000004/StorageAccounts/cliwasb000005?api-version=2016-11-01
  response:
    body:
      string: ''
    headers:
      cache-control:
      - no-cache
      content-length:
      - '0'
      date:
      - Wed, 11 Nov 2020 03:07:33 GMT
      expires:
      - '-1'
      pragma:
      - no-cache
      server:
      - Microsoft-IIS/10.0
      strict-transport-security:
      - max-age=31536000; includeSubDomains
      x-aspnet-version:
      - 4.0.30319
      x-content-type-options:
      - nosniff
      x-ms-ratelimit-remaining-subscription-deletes:
      - '14997'
      x-powered-by:
      - ASP.NET
    status:
      code: 200
      message: OK
- request:
    body: null
    headers:
      Accept:
      - application/json
      Accept-Encoding:
      - gzip, deflate
      CommandName:
      - dla account blob-storage list
      Connection:
      - keep-alive
      Content-Type:
      - application/json; charset=utf-8
      ParameterSetName:
      - -g -n
      User-Agent:
      - python/3.7.8 (Windows-10-10.0.19041-SP0) msrest/0.6.18 msrest_azure/0.6.3
        datalakeanalyticsaccountmanagementclient/0.1.6 Azure-SDK-For-Python AZURECLI/2.14.0
      accept-language:
      - en-US
    method: GET
    uri: https://management.azure.com/subscriptions/00000000-0000-0000-0000-000000000000/resourceGroups/cli_test_adla_mgmt000001/providers/Microsoft.DataLakeAnalytics/accounts/cliadla000004/StorageAccounts/?api-version=2016-11-01
  response:
    body:
      string: '{"value":[]}'
    headers:
      cache-control:
      - no-cache
      content-length:
      - '12'
      content-type:
      - application/json
      date:
      - Wed, 11 Nov 2020 03:07:36 GMT
      expires:
      - '-1'
      pragma:
      - no-cache
      server:
      - Microsoft-IIS/10.0
      strict-transport-security:
      - max-age=31536000; includeSubDomains
      transfer-encoding:
      - chunked
      vary:
      - Accept-Encoding
      x-aspnet-version:
      - 4.0.30319
      x-content-type-options:
      - nosniff
      x-powered-by:
      - ASP.NET
    status:
      code: 200
      message: OK
- request:
    body: null
    headers:
      Accept:
      - application/json
      Accept-Encoding:
      - gzip, deflate
      CommandName:
      - dla account data-lake-store add
      Connection:
      - keep-alive
      Content-Length:
      - '0'
      Content-Type:
      - application/json; charset=utf-8
      ParameterSetName:
      - -g -n --data-lake-store-account-name
      User-Agent:
      - python/3.7.8 (Windows-10-10.0.19041-SP0) msrest/0.6.18 msrest_azure/0.6.3
        datalakeanalyticsaccountmanagementclient/0.1.6 Azure-SDK-For-Python AZURECLI/2.14.0
      accept-language:
      - en-US
    method: PUT
    uri: https://management.azure.com/subscriptions/00000000-0000-0000-0000-000000000000/resourceGroups/cli_test_adla_mgmt000001/providers/Microsoft.DataLakeAnalytics/accounts/cliadla000004/DataLakeStoreAccounts/cliadls000003?api-version=2016-11-01
  response:
    body:
      string: '{"properties":{"suffix":"azuredatalakestore.net"},"id":"/subscriptions/00000000-0000-0000-0000-000000000000/resourceGroups/cli_test_adla_mgmt000001/providers/Microsoft.DataLakeAnalytics/accounts/cliadla000004/dataLakeStoreAccounts/cliadls000003","name":"cliadls000003","type":"Microsoft.DataLakeAnalytics/accounts/dataLakeStoreAccounts"}'
    headers:
      cache-control:
      - no-cache
      content-length:
      - '385'
      content-type:
      - application/json
      date:
      - Wed, 11 Nov 2020 03:07:38 GMT
      expires:
      - '-1'
      pragma:
      - no-cache
      server:
      - Microsoft-IIS/10.0
      strict-transport-security:
      - max-age=31536000; includeSubDomains
      transfer-encoding:
      - chunked
      vary:
      - Accept-Encoding
      x-aspnet-version:
      - 4.0.30319
      x-content-type-options:
      - nosniff
      x-ms-ratelimit-remaining-subscription-writes:
      - '1182'
      x-powered-by:
      - ASP.NET
    status:
      code: 200
      message: OK
- request:
    body: null
    headers:
      Accept:
      - application/json
      Accept-Encoding:
      - gzip, deflate
      CommandName:
      - dla account data-lake-store show
      Connection:
      - keep-alive
      Content-Type:
      - application/json; charset=utf-8
      ParameterSetName:
      - -g -n --data-lake-store-account-name
      User-Agent:
      - python/3.7.8 (Windows-10-10.0.19041-SP0) msrest/0.6.18 msrest_azure/0.6.3
        datalakeanalyticsaccountmanagementclient/0.1.6 Azure-SDK-For-Python AZURECLI/2.14.0
      accept-language:
      - en-US
    method: GET
    uri: https://management.azure.com/subscriptions/00000000-0000-0000-0000-000000000000/resourceGroups/cli_test_adla_mgmt000001/providers/Microsoft.DataLakeAnalytics/accounts/cliadla000004/DataLakeStoreAccounts/cliadls000003?api-version=2016-11-01
  response:
    body:
      string: '{"properties":{"suffix":"azuredatalakestore.net"},"id":"/subscriptions/00000000-0000-0000-0000-000000000000/resourceGroups/cli_test_adla_mgmt000001/providers/Microsoft.DataLakeAnalytics/accounts/cliadla000004/dataLakeStoreAccounts/cliadls000003","name":"cliadls000003","type":"Microsoft.DataLakeAnalytics/accounts/dataLakeStoreAccounts"}'
    headers:
      cache-control:
      - no-cache
      content-length:
      - '385'
      content-type:
      - application/json
      date:
      - Wed, 11 Nov 2020 03:07:40 GMT
      expires:
      - '-1'
      pragma:
      - no-cache
      server:
      - Microsoft-IIS/10.0
      strict-transport-security:
      - max-age=31536000; includeSubDomains
      transfer-encoding:
      - chunked
      vary:
      - Accept-Encoding
      x-aspnet-version:
      - 4.0.30319
      x-content-type-options:
      - nosniff
      x-powered-by:
      - ASP.NET
    status:
      code: 200
      message: OK
- request:
    body: null
    headers:
      Accept:
      - application/json
      Accept-Encoding:
      - gzip, deflate
      CommandName:
      - dla account data-lake-store list
      Connection:
      - keep-alive
      Content-Type:
      - application/json; charset=utf-8
      ParameterSetName:
      - -g -n
      User-Agent:
      - python/3.7.8 (Windows-10-10.0.19041-SP0) msrest/0.6.18 msrest_azure/0.6.3
        datalakeanalyticsaccountmanagementclient/0.1.6 Azure-SDK-For-Python AZURECLI/2.14.0
      accept-language:
      - en-US
    method: GET
    uri: https://management.azure.com/subscriptions/00000000-0000-0000-0000-000000000000/resourceGroups/cli_test_adla_mgmt000001/providers/Microsoft.DataLakeAnalytics/accounts/cliadla000004/DataLakeStoreAccounts/?api-version=2016-11-01
  response:
    body:
      string: '{"value":[{"properties":{"suffix":"azuredatalakestore.net"},"id":"/subscriptions/00000000-0000-0000-0000-000000000000/resourceGroups/cli_test_adla_mgmt000001/providers/Microsoft.DataLakeAnalytics/accounts/cliadla000004/dataLakeStoreAccounts/cliadls000002","name":"cliadls000002","type":"Microsoft.DataLakeAnalytics/accounts/dataLakeStoreAccounts"},{"properties":{"suffix":"azuredatalakestore.net"},"id":"/subscriptions/00000000-0000-0000-0000-000000000000/resourceGroups/cli_test_adla_mgmt000001/providers/Microsoft.DataLakeAnalytics/accounts/cliadla000004/dataLakeStoreAccounts/cliadls000003","name":"cliadls000003","type":"Microsoft.DataLakeAnalytics/accounts/dataLakeStoreAccounts"}]}'
    headers:
      cache-control:
      - no-cache
      content-length:
      - '783'
      content-type:
      - application/json
      date:
      - Wed, 11 Nov 2020 03:07:42 GMT
      expires:
      - '-1'
      pragma:
      - no-cache
      server:
      - Microsoft-IIS/10.0
      strict-transport-security:
      - max-age=31536000; includeSubDomains
      transfer-encoding:
      - chunked
      vary:
      - Accept-Encoding
      x-aspnet-version:
      - 4.0.30319
      x-content-type-options:
      - nosniff
      x-powered-by:
      - ASP.NET
    status:
      code: 200
      message: OK
- request:
    body: null
    headers:
      Accept:
      - application/json
      Accept-Encoding:
      - gzip, deflate
      CommandName:
      - dla account data-lake-store delete
      Connection:
      - keep-alive
      Content-Length:
      - '0'
      Content-Type:
      - application/json; charset=utf-8
      ParameterSetName:
      - -g -n --data-lake-store-account-name
      User-Agent:
      - python/3.7.8 (Windows-10-10.0.19041-SP0) msrest/0.6.18 msrest_azure/0.6.3
        datalakeanalyticsaccountmanagementclient/0.1.6 Azure-SDK-For-Python AZURECLI/2.14.0
      accept-language:
      - en-US
    method: DELETE
    uri: https://management.azure.com/subscriptions/00000000-0000-0000-0000-000000000000/resourceGroups/cli_test_adla_mgmt000001/providers/Microsoft.DataLakeAnalytics/accounts/cliadla000004/DataLakeStoreAccounts/cliadls000003?api-version=2016-11-01
  response:
    body:
      string: ''
    headers:
      cache-control:
      - no-cache
      content-length:
      - '0'
      date:
      - Wed, 11 Nov 2020 03:07:44 GMT
      expires:
      - '-1'
      pragma:
      - no-cache
      server:
      - Microsoft-IIS/10.0
      strict-transport-security:
      - max-age=31536000; includeSubDomains
      x-aspnet-version:
      - 4.0.30319
      x-content-type-options:
      - nosniff
      x-ms-ratelimit-remaining-subscription-deletes:
      - '14996'
      x-powered-by:
      - ASP.NET
    status:
      code: 200
      message: OK
- request:
    body: null
    headers:
      Accept:
      - application/json
      Accept-Encoding:
      - gzip, deflate
      CommandName:
      - dla account data-lake-store list
      Connection:
      - keep-alive
      Content-Type:
      - application/json; charset=utf-8
      ParameterSetName:
      - -g -n
      User-Agent:
      - python/3.7.8 (Windows-10-10.0.19041-SP0) msrest/0.6.18 msrest_azure/0.6.3
        datalakeanalyticsaccountmanagementclient/0.1.6 Azure-SDK-For-Python AZURECLI/2.14.0
      accept-language:
      - en-US
    method: GET
    uri: https://management.azure.com/subscriptions/00000000-0000-0000-0000-000000000000/resourceGroups/cli_test_adla_mgmt000001/providers/Microsoft.DataLakeAnalytics/accounts/cliadla000004/DataLakeStoreAccounts/?api-version=2016-11-01
  response:
    body:
      string: '{"value":[{"properties":{"suffix":"azuredatalakestore.net"},"id":"/subscriptions/00000000-0000-0000-0000-000000000000/resourceGroups/cli_test_adla_mgmt000001/providers/Microsoft.DataLakeAnalytics/accounts/cliadla000004/dataLakeStoreAccounts/cliadls000002","name":"cliadls000002","type":"Microsoft.DataLakeAnalytics/accounts/dataLakeStoreAccounts"}]}'
    headers:
      cache-control:
      - no-cache
      content-length:
      - '397'
      content-type:
      - application/json
      date:
      - Wed, 11 Nov 2020 03:07:47 GMT
      expires:
      - '-1'
      pragma:
      - no-cache
      server:
      - Microsoft-IIS/10.0
      strict-transport-security:
      - max-age=31536000; includeSubDomains
      transfer-encoding:
      - chunked
      vary:
      - Accept-Encoding
      x-aspnet-version:
      - 4.0.30319
      x-content-type-options:
      - nosniff
      x-powered-by:
      - ASP.NET
    status:
      code: 200
      message: OK
- request:
    body: '{"properties": {"objectId": "181c08fa-7ac8-48a6-a869-342ab74566a4", "objectType":
      "User", "maxDegreeOfParallelismPerJob": 2}}'
    headers:
      Accept:
      - application/json
      Accept-Encoding:
      - gzip, deflate
      CommandName:
      - dla account compute-policy create
      Connection:
      - keep-alive
      Content-Length:
      - '125'
      Content-Type:
      - application/json; charset=utf-8
      ParameterSetName:
      - -g -n --compute-policy-name --object-id --object-type --max-dop-per-job
      User-Agent:
      - python/3.7.8 (Windows-10-10.0.19041-SP0) msrest/0.6.18 msrest_azure/0.6.3
        datalakeanalyticsaccountmanagementclient/0.1.6 Azure-SDK-For-Python AZURECLI/2.14.0
      accept-language:
      - en-US
    method: PUT
    uri: https://management.azure.com/subscriptions/00000000-0000-0000-0000-000000000000/resourceGroups/cli_test_adla_mgmt000001/providers/Microsoft.DataLakeAnalytics/accounts/cliadla000004/computePolicies/pycliuserpolicy?api-version=2016-11-01
  response:
    body:
      string: '{"properties":{"objectId":"181c08fa-7ac8-48a6-a869-342ab74566a4","objectType":"User","maxDegreeOfParallelismPerJob":2},"id":"/subscriptions/00000000-0000-0000-0000-000000000000/resourceGroups/cli_test_adla_mgmt000001/providers/Microsoft.DataLakeAnalytics/accounts/cliadla000004/computePolicies/pycliuserpolicy","name":"pycliuserpolicy","type":"Microsoft.DataLakeAnalytics/accounts/computePolicies"}'
    headers:
      cache-control:
      - no-cache
      content-length:
      - '448'
      content-type:
      - application/json
      date:
      - Wed, 11 Nov 2020 03:07:51 GMT
      expires:
      - '-1'
      pragma:
      - no-cache
      server:
      - Microsoft-IIS/10.0
      strict-transport-security:
      - max-age=31536000; includeSubDomains
      transfer-encoding:
      - chunked
      vary:
      - Accept-Encoding
      x-aspnet-version:
      - 4.0.30319
      x-content-type-options:
      - nosniff
      x-ms-ratelimit-remaining-subscription-writes:
      - '1186'
      x-powered-by:
      - ASP.NET
    status:
      code: 200
      message: OK
- request:
    body: null
    headers:
      Accept:
      - application/json
      Accept-Encoding:
      - gzip, deflate
      CommandName:
      - dla account compute-policy show
      Connection:
      - keep-alive
      Content-Type:
      - application/json; charset=utf-8
      ParameterSetName:
      - -g -n --compute-policy-name
      User-Agent:
      - python/3.7.8 (Windows-10-10.0.19041-SP0) msrest/0.6.18 msrest_azure/0.6.3
        datalakeanalyticsaccountmanagementclient/0.1.6 Azure-SDK-For-Python AZURECLI/2.14.0
      accept-language:
      - en-US
    method: GET
    uri: https://management.azure.com/subscriptions/00000000-0000-0000-0000-000000000000/resourceGroups/cli_test_adla_mgmt000001/providers/Microsoft.DataLakeAnalytics/accounts/cliadla000004/computePolicies/pycliuserpolicy?api-version=2016-11-01
  response:
    body:
      string: '{"properties":{"objectId":"181c08fa-7ac8-48a6-a869-342ab74566a4","objectType":"User","maxDegreeOfParallelismPerJob":2},"id":"/subscriptions/00000000-0000-0000-0000-000000000000/resourceGroups/cli_test_adla_mgmt000001/providers/Microsoft.DataLakeAnalytics/accounts/cliadla000004/computePolicies/pycliuserpolicy","name":"pycliuserpolicy","type":"Microsoft.DataLakeAnalytics/accounts/computePolicies"}'
    headers:
      cache-control:
      - no-cache
      content-length:
      - '448'
      content-type:
      - application/json
      date:
      - Wed, 11 Nov 2020 03:07:53 GMT
      expires:
      - '-1'
      pragma:
      - no-cache
      server:
      - Microsoft-IIS/10.0
      strict-transport-security:
      - max-age=31536000; includeSubDomains
      transfer-encoding:
      - chunked
      vary:
      - Accept-Encoding
      x-aspnet-version:
      - 4.0.30319
      x-content-type-options:
      - nosniff
      x-powered-by:
      - ASP.NET
    status:
      code: 200
      message: OK
- request:
    body: '{"properties": {"objectId": "f0bec09f-45a4-4c58-ac5b-cf0516d7bc68", "objectType":
      "Group", "maxDegreeOfParallelismPerJob": 2}}'
    headers:
      Accept:
      - application/json
      Accept-Encoding:
      - gzip, deflate
      CommandName:
      - dla account compute-policy create
      Connection:
      - keep-alive
      Content-Length:
      - '126'
      Content-Type:
      - application/json; charset=utf-8
      ParameterSetName:
      - -g -n --compute-policy-name --object-id --object-type --max-dop-per-job
      User-Agent:
      - python/3.7.8 (Windows-10-10.0.19041-SP0) msrest/0.6.18 msrest_azure/0.6.3
        datalakeanalyticsaccountmanagementclient/0.1.6 Azure-SDK-For-Python AZURECLI/2.14.0
      accept-language:
      - en-US
    method: PUT
    uri: https://management.azure.com/subscriptions/00000000-0000-0000-0000-000000000000/resourceGroups/cli_test_adla_mgmt000001/providers/Microsoft.DataLakeAnalytics/accounts/cliadla000004/computePolicies/pycligrouppolicy?api-version=2016-11-01
  response:
    body:
      string: '{"properties":{"objectId":"f0bec09f-45a4-4c58-ac5b-cf0516d7bc68","objectType":"Group","maxDegreeOfParallelismPerJob":2},"id":"/subscriptions/00000000-0000-0000-0000-000000000000/resourceGroups/cli_test_adla_mgmt000001/providers/Microsoft.DataLakeAnalytics/accounts/cliadla000004/computePolicies/pycligrouppolicy","name":"pycligrouppolicy","type":"Microsoft.DataLakeAnalytics/accounts/computePolicies"}'
    headers:
      cache-control:
      - no-cache
      content-length:
      - '451'
      content-type:
      - application/json
      date:
      - Wed, 11 Nov 2020 03:07:57 GMT
      expires:
      - '-1'
      pragma:
      - no-cache
      server:
      - Microsoft-IIS/10.0
      strict-transport-security:
      - max-age=31536000; includeSubDomains
      transfer-encoding:
      - chunked
      vary:
      - Accept-Encoding
      x-aspnet-version:
      - 4.0.30319
      x-content-type-options:
      - nosniff
      x-ms-ratelimit-remaining-subscription-writes:
      - '1185'
      x-powered-by:
      - ASP.NET
    status:
      code: 200
      message: OK
- request:
    body: '{"properties": {"minPriorityPerJob": 2}}'
    headers:
      Accept:
      - application/json
      Accept-Encoding:
      - gzip, deflate
      CommandName:
      - dla account compute-policy update
      Connection:
      - keep-alive
      Content-Length:
      - '40'
      Content-Type:
      - application/json; charset=utf-8
      ParameterSetName:
      - -g -n --compute-policy-name --min-priority-per-job
      User-Agent:
      - python/3.7.8 (Windows-10-10.0.19041-SP0) msrest/0.6.18 msrest_azure/0.6.3
        datalakeanalyticsaccountmanagementclient/0.1.6 Azure-SDK-For-Python AZURECLI/2.14.0
      accept-language:
      - en-US
    method: PATCH
    uri: https://management.azure.com/subscriptions/00000000-0000-0000-0000-000000000000/resourceGroups/cli_test_adla_mgmt000001/providers/Microsoft.DataLakeAnalytics/accounts/cliadla000004/computePolicies/pycliuserpolicy?api-version=2016-11-01
  response:
    body:
      string: '{"properties":{"objectId":"181c08fa-7ac8-48a6-a869-342ab74566a4","objectType":"User","maxDegreeOfParallelismPerJob":2,"minPriorityPerJob":2},"id":"/subscriptions/00000000-0000-0000-0000-000000000000/resourceGroups/cli_test_adla_mgmt000001/providers/Microsoft.DataLakeAnalytics/accounts/cliadla000004/computePolicies/pycliuserpolicy","name":"pycliuserpolicy","type":"Microsoft.DataLakeAnalytics/accounts/computePolicies"}'
    headers:
      cache-control:
      - no-cache
      content-length:
      - '470'
      content-type:
      - application/json
      date:
      - Wed, 11 Nov 2020 03:08:00 GMT
      expires:
      - '-1'
      pragma:
      - no-cache
      server:
      - Microsoft-IIS/10.0
      strict-transport-security:
      - max-age=31536000; includeSubDomains
      transfer-encoding:
      - chunked
      vary:
      - Accept-Encoding
      x-aspnet-version:
      - 4.0.30319
      x-content-type-options:
      - nosniff
      x-ms-ratelimit-remaining-subscription-writes:
      - '1176'
      x-powered-by:
      - ASP.NET
    status:
      code: 200
      message: OK
- request:
    body: null
    headers:
      Accept:
      - application/json
      Accept-Encoding:
      - gzip, deflate
      CommandName:
      - dla account compute-policy list
      Connection:
      - keep-alive
      Content-Type:
      - application/json; charset=utf-8
      ParameterSetName:
      - -g -n
      User-Agent:
      - python/3.7.8 (Windows-10-10.0.19041-SP0) msrest/0.6.18 msrest_azure/0.6.3
        datalakeanalyticsaccountmanagementclient/0.1.6 Azure-SDK-For-Python AZURECLI/2.14.0
      accept-language:
      - en-US
    method: GET
    uri: https://management.azure.com/subscriptions/00000000-0000-0000-0000-000000000000/resourceGroups/cli_test_adla_mgmt000001/providers/Microsoft.DataLakeAnalytics/accounts/cliadla000004/computePolicies?api-version=2016-11-01
  response:
    body:
      string: '{"value":[{"properties":{"objectId":"f0bec09f-45a4-4c58-ac5b-cf0516d7bc68","objectType":"Group","maxDegreeOfParallelismPerJob":2},"id":"/subscriptions/00000000-0000-0000-0000-000000000000/resourceGroups/cli_test_adla_mgmt000001/providers/Microsoft.DataLakeAnalytics/accounts/cliadla000004/computePolicies/pycligrouppolicy","name":"pycligrouppolicy","type":"Microsoft.DataLakeAnalytics/accounts/computePolicies"},{"properties":{"objectId":"181c08fa-7ac8-48a6-a869-342ab74566a4","objectType":"User","maxDegreeOfParallelismPerJob":2,"minPriorityPerJob":2},"id":"/subscriptions/00000000-0000-0000-0000-000000000000/resourceGroups/cli_test_adla_mgmt000001/providers/Microsoft.DataLakeAnalytics/accounts/cliadla000004/computePolicies/pycliuserpolicy","name":"pycliuserpolicy","type":"Microsoft.DataLakeAnalytics/accounts/computePolicies"}]}'
    headers:
      cache-control:
      - no-cache
      content-length:
      - '934'
      content-type:
      - application/json
      date:
      - Wed, 11 Nov 2020 03:08:02 GMT
      expires:
      - '-1'
      pragma:
      - no-cache
      server:
      - Microsoft-IIS/10.0
      strict-transport-security:
      - max-age=31536000; includeSubDomains
      transfer-encoding:
      - chunked
      vary:
      - Accept-Encoding
      x-aspnet-version:
      - 4.0.30319
      x-content-type-options:
      - nosniff
      x-powered-by:
      - ASP.NET
    status:
      code: 200
      message: OK
- request:
    body: null
    headers:
      Accept:
      - application/json
      Accept-Encoding:
      - gzip, deflate
      CommandName:
      - dla account compute-policy delete
      Connection:
      - keep-alive
      Content-Length:
      - '0'
      Content-Type:
      - application/json; charset=utf-8
      ParameterSetName:
      - -g -n --compute-policy-name
      User-Agent:
      - python/3.7.8 (Windows-10-10.0.19041-SP0) msrest/0.6.18 msrest_azure/0.6.3
        datalakeanalyticsaccountmanagementclient/0.1.6 Azure-SDK-For-Python AZURECLI/2.14.0
      accept-language:
      - en-US
    method: DELETE
    uri: https://management.azure.com/subscriptions/00000000-0000-0000-0000-000000000000/resourceGroups/cli_test_adla_mgmt000001/providers/Microsoft.DataLakeAnalytics/accounts/cliadla000004/computePolicies/pycliuserpolicy?api-version=2016-11-01
  response:
    body:
      string: ''
    headers:
      cache-control:
      - no-cache
      content-length:
      - '0'
      date:
      - Wed, 11 Nov 2020 03:08:05 GMT
      expires:
      - '-1'
      pragma:
      - no-cache
      server:
      - Microsoft-IIS/10.0
      strict-transport-security:
      - max-age=31536000; includeSubDomains
      x-aspnet-version:
      - 4.0.30319
      x-content-type-options:
      - nosniff
      x-ms-ratelimit-remaining-subscription-deletes:
      - '14993'
      x-powered-by:
      - ASP.NET
    status:
      code: 200
      message: OK
- request:
    body: null
    headers:
      Accept:
      - application/json
      Accept-Encoding:
      - gzip, deflate
      CommandName:
      - dla account compute-policy list
      Connection:
      - keep-alive
      Content-Type:
      - application/json; charset=utf-8
      ParameterSetName:
      - -g -n
      User-Agent:
      - python/3.7.8 (Windows-10-10.0.19041-SP0) msrest/0.6.18 msrest_azure/0.6.3
        datalakeanalyticsaccountmanagementclient/0.1.6 Azure-SDK-For-Python AZURECLI/2.14.0
      accept-language:
      - en-US
    method: GET
    uri: https://management.azure.com/subscriptions/00000000-0000-0000-0000-000000000000/resourceGroups/cli_test_adla_mgmt000001/providers/Microsoft.DataLakeAnalytics/accounts/cliadla000004/computePolicies?api-version=2016-11-01
  response:
    body:
      string: '{"value":[{"properties":{"objectId":"f0bec09f-45a4-4c58-ac5b-cf0516d7bc68","objectType":"Group","maxDegreeOfParallelismPerJob":2},"id":"/subscriptions/00000000-0000-0000-0000-000000000000/resourceGroups/cli_test_adla_mgmt000001/providers/Microsoft.DataLakeAnalytics/accounts/cliadla000004/computePolicies/pycligrouppolicy","name":"pycligrouppolicy","type":"Microsoft.DataLakeAnalytics/accounts/computePolicies"}]}'
    headers:
      cache-control:
      - no-cache
      content-length:
      - '463'
      content-type:
      - application/json
      date:
      - Wed, 11 Nov 2020 03:08:07 GMT
      expires:
      - '-1'
      pragma:
      - no-cache
      server:
      - Microsoft-IIS/10.0
      strict-transport-security:
      - max-age=31536000; includeSubDomains
      transfer-encoding:
      - chunked
      vary:
      - Accept-Encoding
      x-aspnet-version:
      - 4.0.30319
      x-content-type-options:
      - nosniff
      x-powered-by:
      - ASP.NET
    status:
      code: 200
      message: OK
- request:
    body: null
    headers:
      Accept:
      - application/json
      Accept-Encoding:
      - gzip, deflate
      CommandName:
      - dla account delete
      Connection:
      - keep-alive
      Content-Length:
      - '0'
      Content-Type:
      - application/json; charset=utf-8
      ParameterSetName:
      - -g -n
      User-Agent:
      - python/3.7.8 (Windows-10-10.0.19041-SP0) msrest/0.6.18 msrest_azure/0.6.3
        datalakeanalyticsaccountmanagementclient/0.1.6 Azure-SDK-For-Python AZURECLI/2.14.0
      accept-language:
      - en-US
    method: DELETE
    uri: https://management.azure.com/subscriptions/00000000-0000-0000-0000-000000000000/resourceGroups/cli_test_adla_mgmt000001/providers/Microsoft.DataLakeAnalytics/accounts/cliadla000004?api-version=2016-11-01
  response:
    body:
      string: ''
    headers:
      cache-control:
      - no-cache
      content-length:
      - '0'
      date:
      - Wed, 11 Nov 2020 03:08:18 GMT
      expires:
      - '-1'
      pragma:
      - no-cache
      server:
      - Microsoft-IIS/10.0
      strict-transport-security:
      - max-age=31536000; includeSubDomains
      x-aspnet-version:
      - 4.0.30319
      x-content-type-options:
      - nosniff
      x-ms-ratelimit-remaining-subscription-deletes:
      - '14990'
      x-powered-by:
      - ASP.NET
    status:
      code: 200
      message: OK
- request:
    body: null
    headers:
      Accept:
      - application/json
      Accept-Encoding:
      - gzip, deflate
      CommandName:
      - dla account list
      Connection:
      - keep-alive
      Content-Type:
      - application/json; charset=utf-8
      ParameterSetName:
      - -g
      User-Agent:
      - python/3.7.8 (Windows-10-10.0.19041-SP0) msrest/0.6.18 msrest_azure/0.6.3
        datalakeanalyticsaccountmanagementclient/0.1.6 Azure-SDK-For-Python AZURECLI/2.14.0
      accept-language:
      - en-US
    method: GET
    uri: https://management.azure.com/subscriptions/00000000-0000-0000-0000-000000000000/resourceGroups/cli_test_adla_mgmt000001/providers/Microsoft.DataLakeAnalytics/accounts?api-version=2016-11-01
  response:
    body:
      string: '{"value":[]}'
    headers:
      cache-control:
      - no-cache
      content-length:
      - '12'
      content-type:
      - application/json; charset=utf-8
      date:
      - Wed, 11 Nov 2020 03:08:19 GMT
      expires:
      - '-1'
      pragma:
      - no-cache
      strict-transport-security:
      - max-age=31536000; includeSubDomains
      vary:
      - Accept-Encoding
      x-content-type-options:
      - nosniff
    status:
      code: 200
      message: OK
version: 1
