interactions:
- request:
    body: '{"location": "westus", "tags": {"product": "azurecli", "cause": "automation",
      "date": "2019-06-21T15:18:07Z"}}'
    headers:
      Accept:
      - application/json
      Accept-Encoding:
      - gzip, deflate
      CommandName:
      - group create
      Connection:
      - keep-alive
      Content-Length:
      - '110'
      Content-Type:
      - application/json; charset=utf-8
      ParameterSetName:
      - --location --name --tag
      User-Agent:
      - python/3.7.3 (Darwin-18.6.0-x86_64-i386-64bit) msrest/0.6.7 msrest_azure/0.6.1
        resourcemanagementclient/2.2.0 Azure-SDK-For-Python AZURECLI/2.0.67
      accept-language:
      - en-US
    method: PUT
    uri: https://management.azure.com/subscriptions/00000000-0000-0000-0000-000000000000/resourcegroups/cli_test_lock_commands_with_ids000001?api-version=2018-02-01
  response:
    body:
      string: '{"id":"/subscriptions/00000000-0000-0000-0000-000000000000/resourceGroups/cli_test_lock_commands_with_ids000001","name":"cli_test_lock_commands_with_ids000001","location":"westus","tags":{"product":"azurecli","cause":"automation","date":"2019-06-21T15:18:07Z"},"properties":{"provisioningState":"Succeeded"}}'
    headers:
      cache-control:
      - no-cache
      content-length:
      - '384'
      content-type:
      - application/json; charset=utf-8
      date:
      - Fri, 21 Jun 2019 15:18:10 GMT
      expires:
      - '-1'
      pragma:
      - no-cache
      strict-transport-security:
      - max-age=31536000; includeSubDomains
      x-content-type-options:
      - nosniff
      x-ms-ratelimit-remaining-subscription-writes:
      - '1199'
    status:
      code: 201
      message: Created
- request:
    body: null
    headers:
      Accept:
      - application/json
      Accept-Encoding:
      - gzip, deflate
      CommandName:
      - network vnet create
      Connection:
      - keep-alive
      ParameterSetName:
      - -n -g
      User-Agent:
      - python/3.7.3 (Darwin-18.6.0-x86_64-i386-64bit) msrest/0.6.7 msrest_azure/0.6.1
        resourcemanagementclient/2.2.0 Azure-SDK-For-Python AZURECLI/2.0.67
      accept-language:
      - en-US
    method: GET
    uri: https://management.azure.com/subscriptions/00000000-0000-0000-0000-000000000000/resourcegroups/cli_test_lock_commands_with_ids000001?api-version=2018-02-01
  response:
    body:
      string: '{"id":"/subscriptions/00000000-0000-0000-0000-000000000000/resourceGroups/cli_test_lock_commands_with_ids000001","name":"cli_test_lock_commands_with_ids000001","location":"westus","tags":{"product":"azurecli","cause":"automation","date":"2019-06-21T15:18:07Z"},"properties":{"provisioningState":"Succeeded"}}'
    headers:
      cache-control:
      - no-cache
      content-length:
      - '384'
      content-type:
      - application/json; charset=utf-8
      date:
      - Fri, 21 Jun 2019 15:18:11 GMT
      expires:
      - '-1'
      pragma:
      - no-cache
      strict-transport-security:
      - max-age=31536000; includeSubDomains
      vary:
      - Accept-Encoding
      x-content-type-options:
      - nosniff
    status:
      code: 200
      message: OK
- request:
    body: '{"location": "westus", "tags": {}, "properties": {"addressSpace": {"addressPrefixes":
      ["10.0.0.0/16"]}, "dhcpOptions": {}}}'
    headers:
      Accept:
      - application/json
      Accept-Encoding:
      - gzip, deflate
      CommandName:
      - network vnet create
      Connection:
      - keep-alive
      Content-Length:
      - '123'
      Content-Type:
      - application/json; charset=utf-8
      ParameterSetName:
      - -n -g
      User-Agent:
      - python/3.7.3 (Darwin-18.6.0-x86_64-i386-64bit) msrest/0.6.7 msrest_azure/0.6.1
        networkmanagementclient/3.0.0 Azure-SDK-For-Python AZURECLI/2.0.67
      accept-language:
      - en-US
    method: PUT
    uri: https://management.azure.com/subscriptions/00000000-0000-0000-0000-000000000000/resourceGroups/cli_test_lock_commands_with_ids000001/providers/Microsoft.Network/virtualNetworks/cli-lock-vnet000002?api-version=2017-10-01
  response:
    body:
      string: "{\r\n  \"name\": \"cli-lock-vnet000002\",\r\n  \"id\": \"/subscriptions/00000000-0000-0000-0000-000000000000/resourceGroups/cli_test_lock_commands_with_ids000001/providers/Microsoft.Network/virtualNetworks/cli-lock-vnet000002\",\r\n
        \ \"etag\": \"W/\\\"0296752c-65c3-49df-88f2-87fc533b51a8\\\"\",\r\n  \"type\":
        \"Microsoft.Network/virtualNetworks\",\r\n  \"location\": \"westus\",\r\n
        \ \"tags\": {},\r\n  \"properties\": {\r\n    \"provisioningState\": \"Updating\",\r\n
        \   \"resourceGuid\": \"39c0e520-934e-48fd-b0ba-87525a1d82d6\",\r\n    \"addressSpace\":
        {\r\n      \"addressPrefixes\": [\r\n        \"10.0.0.0/16\"\r\n      ]\r\n
        \   },\r\n    \"dhcpOptions\": {\r\n      \"dnsServers\": []\r\n    },\r\n
        \   \"subnets\": [],\r\n    \"virtualNetworkPeerings\": [],\r\n    \"enableDdosProtection\":
        false,\r\n    \"enableVmProtection\": false\r\n  }\r\n}"
    headers:
      azure-asyncoperation:
      - https://management.azure.com/subscriptions/00000000-0000-0000-0000-000000000000/providers/Microsoft.Network/locations/westus/operations/15a35fce-e143-4b27-aa36-b61e69463293?api-version=2017-10-01
      cache-control:
      - no-cache
      content-length:
      - '816'
      content-type:
      - application/json; charset=utf-8
      date:
      - Fri, 21 Jun 2019 15:18:12 GMT
      expires:
      - '-1'
      pragma:
      - no-cache
      server:
      - Microsoft-HTTPAPI/2.0
      - Microsoft-HTTPAPI/2.0
      strict-transport-security:
      - max-age=31536000; includeSubDomains
      x-content-type-options:
      - nosniff
      x-ms-ratelimit-remaining-subscription-writes:
      - '1199'
    status:
      code: 201
      message: Created
- request:
    body: null
    headers:
      Accept:
      - application/json
      Accept-Encoding:
      - gzip, deflate
      CommandName:
      - network vnet create
      Connection:
      - keep-alive
      ParameterSetName:
      - -n -g
      User-Agent:
      - python/3.7.3 (Darwin-18.6.0-x86_64-i386-64bit) msrest/0.6.7 msrest_azure/0.6.1
        networkmanagementclient/3.0.0 Azure-SDK-For-Python AZURECLI/2.0.67
    method: GET
    uri: https://management.azure.com/subscriptions/00000000-0000-0000-0000-000000000000/providers/Microsoft.Network/locations/westus/operations/15a35fce-e143-4b27-aa36-b61e69463293?api-version=2017-10-01
  response:
    body:
      string: "{\r\n  \"status\": \"Succeeded\"\r\n}"
    headers:
      cache-control:
      - no-cache
      content-length:
      - '29'
      content-type:
      - application/json; charset=utf-8
      date:
      - Fri, 21 Jun 2019 15:18:15 GMT
      expires:
      - '-1'
      pragma:
      - no-cache
      server:
      - Microsoft-HTTPAPI/2.0
      - Microsoft-HTTPAPI/2.0
      strict-transport-security:
      - max-age=31536000; includeSubDomains
      transfer-encoding:
      - chunked
      vary:
      - Accept-Encoding
      x-content-type-options:
      - nosniff
    status:
      code: 200
      message: OK
- request:
    body: null
    headers:
      Accept:
      - application/json
      Accept-Encoding:
      - gzip, deflate
      CommandName:
      - network vnet create
      Connection:
      - keep-alive
      ParameterSetName:
      - -n -g
      User-Agent:
      - python/3.7.3 (Darwin-18.6.0-x86_64-i386-64bit) msrest/0.6.7 msrest_azure/0.6.1
        networkmanagementclient/3.0.0 Azure-SDK-For-Python AZURECLI/2.0.67
    method: GET
    uri: https://management.azure.com/subscriptions/00000000-0000-0000-0000-000000000000/resourceGroups/cli_test_lock_commands_with_ids000001/providers/Microsoft.Network/virtualNetworks/cli-lock-vnet000002?api-version=2017-10-01
  response:
    body:
      string: "{\r\n  \"name\": \"cli-lock-vnet000002\",\r\n  \"id\": \"/subscriptions/00000000-0000-0000-0000-000000000000/resourceGroups/cli_test_lock_commands_with_ids000001/providers/Microsoft.Network/virtualNetworks/cli-lock-vnet000002\",\r\n
        \ \"etag\": \"W/\\\"049fa0f6-ee17-4229-bbe0-42bab4ba3864\\\"\",\r\n  \"type\":
        \"Microsoft.Network/virtualNetworks\",\r\n  \"location\": \"westus\",\r\n
        \ \"tags\": {},\r\n  \"properties\": {\r\n    \"provisioningState\": \"Succeeded\",\r\n
        \   \"resourceGuid\": \"39c0e520-934e-48fd-b0ba-87525a1d82d6\",\r\n    \"addressSpace\":
        {\r\n      \"addressPrefixes\": [\r\n        \"10.0.0.0/16\"\r\n      ]\r\n
        \   },\r\n    \"dhcpOptions\": {\r\n      \"dnsServers\": []\r\n    },\r\n
        \   \"subnets\": [],\r\n    \"virtualNetworkPeerings\": [],\r\n    \"enableDdosProtection\":
        false,\r\n    \"enableVmProtection\": false\r\n  }\r\n}"
    headers:
      cache-control:
      - no-cache
      content-length:
      - '817'
      content-type:
      - application/json; charset=utf-8
      date:
      - Fri, 21 Jun 2019 15:18:16 GMT
      etag:
      - W/"049fa0f6-ee17-4229-bbe0-42bab4ba3864"
      expires:
      - '-1'
      pragma:
      - no-cache
      server:
      - Microsoft-HTTPAPI/2.0
      - Microsoft-HTTPAPI/2.0
      strict-transport-security:
      - max-age=31536000; includeSubDomains
      transfer-encoding:
      - chunked
      vary:
      - Accept-Encoding
      x-content-type-options:
      - nosniff
    status:
      code: 200
      message: OK
- request:
    body: null
    headers:
      Accept:
      - application/json
      Accept-Encoding:
      - gzip, deflate
      CommandName:
      - network vnet subnet create
      Connection:
      - keep-alive
      ParameterSetName:
      - -n --address-prefix --vnet-name -g
      User-Agent:
      - python/3.7.3 (Darwin-18.6.0-x86_64-i386-64bit) msrest/0.6.7 msrest_azure/0.6.1
        networkmanagementclient/3.0.0 Azure-SDK-For-Python AZURECLI/2.0.67
      accept-language:
      - en-US
    method: GET
    uri: https://management.azure.com/subscriptions/00000000-0000-0000-0000-000000000000/resourceGroups/cli_test_lock_commands_with_ids000001/providers/Microsoft.Network/virtualNetworks/cli-lock-vnet000002?api-version=2017-10-01
  response:
    body:
      string: "{\r\n  \"name\": \"cli-lock-vnet000002\",\r\n  \"id\": \"/subscriptions/00000000-0000-0000-0000-000000000000/resourceGroups/cli_test_lock_commands_with_ids000001/providers/Microsoft.Network/virtualNetworks/cli-lock-vnet000002\",\r\n
        \ \"etag\": \"W/\\\"049fa0f6-ee17-4229-bbe0-42bab4ba3864\\\"\",\r\n  \"type\":
        \"Microsoft.Network/virtualNetworks\",\r\n  \"location\": \"westus\",\r\n
        \ \"tags\": {},\r\n  \"properties\": {\r\n    \"provisioningState\": \"Succeeded\",\r\n
        \   \"resourceGuid\": \"39c0e520-934e-48fd-b0ba-87525a1d82d6\",\r\n    \"addressSpace\":
        {\r\n      \"addressPrefixes\": [\r\n        \"10.0.0.0/16\"\r\n      ]\r\n
        \   },\r\n    \"dhcpOptions\": {\r\n      \"dnsServers\": []\r\n    },\r\n
        \   \"subnets\": [],\r\n    \"virtualNetworkPeerings\": [],\r\n    \"enableDdosProtection\":
        false,\r\n    \"enableVmProtection\": false\r\n  }\r\n}"
    headers:
      cache-control:
      - no-cache
      content-length:
      - '817'
      content-type:
      - application/json; charset=utf-8
      date:
      - Fri, 21 Jun 2019 15:18:17 GMT
      etag:
      - W/"049fa0f6-ee17-4229-bbe0-42bab4ba3864"
      expires:
      - '-1'
      pragma:
      - no-cache
      server:
      - Microsoft-HTTPAPI/2.0
      - Microsoft-HTTPAPI/2.0
      strict-transport-security:
      - max-age=31536000; includeSubDomains
      transfer-encoding:
      - chunked
      vary:
      - Accept-Encoding
      x-content-type-options:
      - nosniff
    status:
      code: 200
      message: OK
- request:
    body: 'b''b\''b\\\''{"id": "/subscriptions/00000000-0000-0000-0000-000000000000/resourceGroups/cli_test_lock_commands_with_ids000001/providers/Microsoft.Network/virtualNetworks/cli-lock-vnet000002",
      "location": "westus", "tags": {}, "properties": {"addressSpace": {"addressPrefixes":
      ["10.0.0.0/16"]}, "dhcpOptions": {"dnsServers": []}, "subnets": [{"properties":
      {"addressPrefix": "10.0.0.0/16"}, "name": "cli-lock-subnet000003"}], "virtualNetworkPeerings":
      [], "resourceGuid": "39c0e520-934e-48fd-b0ba-87525a1d82d6", "provisioningState":
      "Succeeded", "enableDdosProtection": false, "enableVmProtection": false}, "etag":
      "W/\\\\\\\\"049fa0f6-ee17-4229-bbe0-42bab4ba3864\\\\\\\\""}\\\''\'''''
    headers:
      Accept:
      - application/json
      Accept-Encoding:
      - gzip, deflate
      CommandName:
      - network vnet subnet create
      Connection:
      - keep-alive
      Content-Length:
      - '705'
      Content-Type:
      - application/json; charset=utf-8
      ParameterSetName:
      - -n --address-prefix --vnet-name -g
      User-Agent:
      - python/3.7.3 (Darwin-18.6.0-x86_64-i386-64bit) msrest/0.6.7 msrest_azure/0.6.1
        networkmanagementclient/3.0.0 Azure-SDK-For-Python AZURECLI/2.0.67
      accept-language:
      - en-US
    method: PUT
    uri: https://management.azure.com/subscriptions/00000000-0000-0000-0000-000000000000/resourceGroups/cli_test_lock_commands_with_ids000001/providers/Microsoft.Network/virtualNetworks/cli-lock-vnet000002?api-version=2017-10-01
  response:
    body:
      string: "{\r\n  \"name\": \"cli-lock-vnet000002\",\r\n  \"id\": \"/subscriptions/00000000-0000-0000-0000-000000000000/resourceGroups/cli_test_lock_commands_with_ids000001/providers/Microsoft.Network/virtualNetworks/cli-lock-vnet000002\",\r\n
        \ \"etag\": \"W/\\\"339a5606-0541-48fc-87ec-bb4191723233\\\"\",\r\n  \"type\":
        \"Microsoft.Network/virtualNetworks\",\r\n  \"location\": \"westus\",\r\n
        \ \"tags\": {},\r\n  \"properties\": {\r\n    \"provisioningState\": \"Updating\",\r\n
        \   \"resourceGuid\": \"39c0e520-934e-48fd-b0ba-87525a1d82d6\",\r\n    \"addressSpace\":
        {\r\n      \"addressPrefixes\": [\r\n        \"10.0.0.0/16\"\r\n      ]\r\n
        \   },\r\n    \"dhcpOptions\": {\r\n      \"dnsServers\": []\r\n    },\r\n
        \   \"subnets\": [\r\n      {\r\n        \"name\": \"cli-lock-subnet000003\",\r\n
        \       \"id\": \"/subscriptions/00000000-0000-0000-0000-000000000000/resourceGroups/cli_test_lock_commands_with_ids000001/providers/Microsoft.Network/virtualNetworks/cli-lock-vnet000002/subnets/cli-lock-subnet000003\",\r\n
        \       \"etag\": \"W/\\\"339a5606-0541-48fc-87ec-bb4191723233\\\"\",\r\n
        \       \"properties\": {\r\n          \"provisioningState\": \"Updating\",\r\n
        \         \"addressPrefix\": \"10.0.0.0/16\"\r\n        },\r\n        \"type\":
        \"Microsoft.Network/virtualNetworks/subnets\"\r\n      }\r\n    ],\r\n    \"virtualNetworkPeerings\":
        [],\r\n    \"enableDdosProtection\": false,\r\n    \"enableVmProtection\":
        false\r\n  }\r\n}"
    headers:
      azure-asyncoperation:
      - https://management.azure.com/subscriptions/00000000-0000-0000-0000-000000000000/providers/Microsoft.Network/locations/westus/operations/624973aa-d159-4cb5-b1d0-5e5b2d6510ee?api-version=2017-10-01
      cache-control:
      - no-cache
      content-length:
      - '1413'
      content-type:
      - application/json; charset=utf-8
      date:
      - Fri, 21 Jun 2019 15:18:18 GMT
      expires:
      - '-1'
      pragma:
      - no-cache
      server:
      - Microsoft-HTTPAPI/2.0
      - Microsoft-HTTPAPI/2.0
      strict-transport-security:
      - max-age=31536000; includeSubDomains
      transfer-encoding:
      - chunked
      vary:
      - Accept-Encoding
      x-content-type-options:
      - nosniff
      x-ms-ratelimit-remaining-subscription-writes:
      - '1198'
    status:
      code: 200
      message: OK
- request:
    body: null
    headers:
      Accept:
      - application/json
      Accept-Encoding:
      - gzip, deflate
      CommandName:
      - network vnet subnet create
      Connection:
      - keep-alive
      ParameterSetName:
      - -n --address-prefix --vnet-name -g
      User-Agent:
      - python/3.7.3 (Darwin-18.6.0-x86_64-i386-64bit) msrest/0.6.7 msrest_azure/0.6.1
        networkmanagementclient/3.0.0 Azure-SDK-For-Python AZURECLI/2.0.67
    method: GET
    uri: https://management.azure.com/subscriptions/00000000-0000-0000-0000-000000000000/providers/Microsoft.Network/locations/westus/operations/624973aa-d159-4cb5-b1d0-5e5b2d6510ee?api-version=2017-10-01
  response:
    body:
      string: "{\r\n  \"status\": \"Succeeded\"\r\n}"
    headers:
      cache-control:
      - no-cache
      content-length:
      - '29'
      content-type:
      - application/json; charset=utf-8
      date:
      - Fri, 21 Jun 2019 15:18:21 GMT
      expires:
      - '-1'
      pragma:
      - no-cache
      server:
      - Microsoft-HTTPAPI/2.0
      - Microsoft-HTTPAPI/2.0
      strict-transport-security:
      - max-age=31536000; includeSubDomains
      transfer-encoding:
      - chunked
      vary:
      - Accept-Encoding
      x-content-type-options:
      - nosniff
    status:
      code: 200
      message: OK
- request:
    body: null
    headers:
      Accept:
      - application/json
      Accept-Encoding:
      - gzip, deflate
      CommandName:
      - network vnet subnet create
      Connection:
      - keep-alive
      ParameterSetName:
      - -n --address-prefix --vnet-name -g
      User-Agent:
      - python/3.7.3 (Darwin-18.6.0-x86_64-i386-64bit) msrest/0.6.7 msrest_azure/0.6.1
        networkmanagementclient/3.0.0 Azure-SDK-For-Python AZURECLI/2.0.67
    method: GET
    uri: https://management.azure.com/subscriptions/00000000-0000-0000-0000-000000000000/resourceGroups/cli_test_lock_commands_with_ids000001/providers/Microsoft.Network/virtualNetworks/cli-lock-vnet000002?api-version=2017-10-01
  response:
    body:
      string: "{\r\n  \"name\": \"cli-lock-vnet000002\",\r\n  \"id\": \"/subscriptions/00000000-0000-0000-0000-000000000000/resourceGroups/cli_test_lock_commands_with_ids000001/providers/Microsoft.Network/virtualNetworks/cli-lock-vnet000002\",\r\n
        \ \"etag\": \"W/\\\"724f17ab-66a6-42ae-a88b-b76d8b50370b\\\"\",\r\n  \"type\":
        \"Microsoft.Network/virtualNetworks\",\r\n  \"location\": \"westus\",\r\n
        \ \"tags\": {},\r\n  \"properties\": {\r\n    \"provisioningState\": \"Succeeded\",\r\n
        \   \"resourceGuid\": \"39c0e520-934e-48fd-b0ba-87525a1d82d6\",\r\n    \"addressSpace\":
        {\r\n      \"addressPrefixes\": [\r\n        \"10.0.0.0/16\"\r\n      ]\r\n
        \   },\r\n    \"dhcpOptions\": {\r\n      \"dnsServers\": []\r\n    },\r\n
        \   \"subnets\": [\r\n      {\r\n        \"name\": \"cli-lock-subnet000003\",\r\n
        \       \"id\": \"/subscriptions/00000000-0000-0000-0000-000000000000/resourceGroups/cli_test_lock_commands_with_ids000001/providers/Microsoft.Network/virtualNetworks/cli-lock-vnet000002/subnets/cli-lock-subnet000003\",\r\n
        \       \"etag\": \"W/\\\"724f17ab-66a6-42ae-a88b-b76d8b50370b\\\"\",\r\n
        \       \"properties\": {\r\n          \"provisioningState\": \"Succeeded\",\r\n
        \         \"addressPrefix\": \"10.0.0.0/16\"\r\n        },\r\n        \"type\":
        \"Microsoft.Network/virtualNetworks/subnets\"\r\n      }\r\n    ],\r\n    \"virtualNetworkPeerings\":
        [],\r\n    \"enableDdosProtection\": false,\r\n    \"enableVmProtection\":
        false\r\n  }\r\n}"
    headers:
      cache-control:
      - no-cache
      content-length:
      - '1415'
      content-type:
      - application/json; charset=utf-8
      date:
      - Fri, 21 Jun 2019 15:18:21 GMT
      etag:
      - W/"724f17ab-66a6-42ae-a88b-b76d8b50370b"
      expires:
      - '-1'
      pragma:
      - no-cache
      server:
      - Microsoft-HTTPAPI/2.0
      - Microsoft-HTTPAPI/2.0
      strict-transport-security:
      - max-age=31536000; includeSubDomains
      transfer-encoding:
      - chunked
      vary:
      - Accept-Encoding
      x-content-type-options:
      - nosniff
    status:
      code: 200
      message: OK
- request:
    body: '{"properties": {"level": "CanNotDelete"}}'
    headers:
      Accept:
      - application/json
      Accept-Encoding:
      - gzip, deflate
      CommandName:
      - lock create
      Connection:
      - keep-alive
      Content-Length:
      - '41'
      Content-Type:
      - application/json; charset=utf-8
      ParameterSetName:
      - -n -g --lock-type
      User-Agent:
      - python/3.7.3 (Darwin-18.6.0-x86_64-i386-64bit) msrest/0.6.7 msrest_azure/0.6.1
        managementlockclient/2.2.0 Azure-SDK-For-Python AZURECLI/2.0.67
      accept-language:
      - en-US
    method: PUT
    uri: https://management.azure.com/subscriptions/00000000-0000-0000-0000-000000000000/resourceGroups/cli_test_lock_commands_with_ids000001/providers/Microsoft.Authorization/locks/cli-test-lock000004?api-version=2016-09-01
  response:
    body:
      string: '{"properties":{"level":"CanNotDelete"},"id":"/subscriptions/00000000-0000-0000-0000-000000000000/resourceGroups/cli_test_lock_commands_with_ids000001/providers/Microsoft.Authorization/locks/cli-test-lock000004","type":"Microsoft.Authorization/locks","name":"cli-test-lock000004"}'
    headers:
      cache-control:
      - no-cache
      content-length:
      - '379'
      content-type:
      - application/json; charset=utf-8
      date:
      - Fri, 21 Jun 2019 15:18:22 GMT
      expires:
      - '-1'
      pragma:
      - no-cache
      strict-transport-security:
      - max-age=31536000; includeSubDomains
      x-content-type-options:
      - nosniff
      x-ms-ratelimit-remaining-subscription-writes:
      - '1199'
    status:
      code: 201
      message: Created
- request:
    body: '{"properties": {"level": "CanNotDelete"}}'
    headers:
      Accept:
      - application/json
      Accept-Encoding:
      - gzip, deflate
      CommandName:
      - lock create
      Connection:
      - keep-alive
      Content-Length:
      - '41'
      Content-Type:
      - application/json; charset=utf-8
      ParameterSetName:
      - -n -g --resource-type --resource-name --lock-type
      User-Agent:
      - python/3.7.3 (Darwin-18.6.0-x86_64-i386-64bit) msrest/0.6.7 msrest_azure/0.6.1
        managementlockclient/2.2.0 Azure-SDK-For-Python AZURECLI/2.0.67
      accept-language:
      - en-US
    method: PUT
    uri: https://management.azure.com/subscriptions/00000000-0000-0000-0000-000000000000/resourcegroups/cli_test_lock_commands_with_ids000001/providers/Microsoft.Network/virtualNetworks/cli-lock-vnet000002/providers/Microsoft.Authorization/locks/cli-test-lock000005?api-version=2016-09-01
  response:
    body:
      string: '{"properties":{"level":"CanNotDelete"},"id":"/subscriptions/00000000-0000-0000-0000-000000000000/resourcegroups/cli_test_lock_commands_with_ids000001/providers/Microsoft.Network/virtualNetworks/cli-lock-vnet000002/providers/Microsoft.Authorization/locks/cli-test-lock000005","type":"Microsoft.Authorization/locks","name":"cli-test-lock000005"}'
    headers:
      cache-control:
      - no-cache
      content-length:
      - '454'
      content-type:
      - application/json; charset=utf-8
      date:
      - Fri, 21 Jun 2019 15:18:23 GMT
      expires:
      - '-1'
      pragma:
      - no-cache
      strict-transport-security:
      - max-age=31536000; includeSubDomains
      x-content-type-options:
      - nosniff
      x-ms-ratelimit-remaining-subscription-writes:
      - '1199'
    status:
      code: 201
      message: Created
- request:
    body: '{"properties": {"level": "CanNotDelete"}}'
    headers:
      Accept:
      - application/json
      Accept-Encoding:
      - gzip, deflate
      CommandName:
      - lock create
      Connection:
      - keep-alive
      Content-Length:
      - '41'
      Content-Type:
      - application/json; charset=utf-8
      ParameterSetName:
      - -n -g --resource-name --resource-type --namespace --parent --lock-type
      User-Agent:
      - python/3.7.3 (Darwin-18.6.0-x86_64-i386-64bit) msrest/0.6.7 msrest_azure/0.6.1
        managementlockclient/2.2.0 Azure-SDK-For-Python AZURECLI/2.0.67
      accept-language:
      - en-US
    method: PUT
    uri: https://management.azure.com/subscriptions/00000000-0000-0000-0000-000000000000/resourcegroups/cli_test_lock_commands_with_ids000001/providers/Microsoft.Network/virtualNetworks/cli-lock-vnet000002/subnets/cli-lock-subnet000003/providers/Microsoft.Authorization/locks/cli-test-lock000006?api-version=2016-09-01
  response:
    body:
      string: '{"properties":{"level":"CanNotDelete"},"id":"/subscriptions/00000000-0000-0000-0000-000000000000/resourcegroups/cli_test_lock_commands_with_ids000001/providers/Microsoft.Network/virtualNetworks/cli-lock-vnet000002/subnets/cli-lock-subnet000003/providers/Microsoft.Authorization/locks/cli-test-lock000006","type":"Microsoft.Authorization/locks","name":"cli-test-lock000006"}'
    headers:
      cache-control:
      - no-cache
      content-length:
      - '433'
      content-type:
      - application/json; charset=utf-8
      date:
      - Fri, 21 Jun 2019 15:18:24 GMT
      expires:
      - '-1'
      pragma:
      - no-cache
      strict-transport-security:
      - max-age=31536000; includeSubDomains
      x-content-type-options:
      - nosniff
      x-ms-ratelimit-remaining-subscription-writes:
      - '1199'
    status:
      code: 201
      message: Created
- request:
    body: null
    headers:
      Accept:
      - application/json
      Accept-Encoding:
      - gzip, deflate
      CommandName:
      - lock show
      Connection:
      - keep-alive
      ParameterSetName:
      - --ids --query
      User-Agent:
      - python/3.7.3 (Darwin-18.6.0-x86_64-i386-64bit) msrest/0.6.7 msrest_azure/0.6.1
        managementlockclient/2.2.0 Azure-SDK-For-Python AZURECLI/2.0.67
      accept-language:
      - en-US
    method: GET
    uri: https://management.azure.com/subscriptions/00000000-0000-0000-0000-000000000000/providers/Microsoft.Authorization/locks?api-version=2016-09-01
  response:
    body:
      string: '{"value":[{"properties":{"level":"CanNotDelete","notes":"Prevent deleting
        my cloudshell store"},"id":"/subscriptions/00000000-0000-0000-0000-000000000000/resourceGroups/mccloudshellstore/providers/Microsoft.Authorization/locks/mccloudshellstorelock","type":"Microsoft.Authorization/locks","name":"mccloudshellstorelock"},{"properties":{"level":"CanNotDelete","notes":"Automation
        account for automation repros"},"id":"/subscriptions/00000000-0000-0000-0000-000000000000/resourceGroups/automationrepro2/providers/Microsoft.Authorization/locks/NoDeleteRG","type":"Microsoft.Authorization/locks","name":"NoDeleteRG"},{"properties":{"level":"CanNotDelete","notes":""},"id":"/subscriptions/00000000-0000-0000-0000-000000000000/resourceGroups/cleanupservice/providers/Microsoft.Authorization/locks/donotdelete","type":"Microsoft.Authorization/locks","name":"donotdelete"},{"properties":{"level":"CanNotDelete"},"id":"/subscriptions/00000000-0000-0000-0000-000000000000/resourceGroups/cli_test_lock_commands_with_ids000001/providers/Microsoft.Authorization/locks/cli-test-lock000004","type":"Microsoft.Authorization/locks","name":"cli-test-lock000004"},{"properties":{"level":"CanNotDelete"},"id":"/subscriptions/00000000-0000-0000-0000-000000000000/resourcegroups/cli_test_lock_commands_with_ids000001/providers/Microsoft.Network/virtualNetworks/cli-lock-vnet000002/providers/Microsoft.Authorization/locks/cli-test-lock000005","type":"Microsoft.Authorization/locks","name":"cli-test-lock000005"},{"properties":{"level":"CanNotDelete"},"id":"/subscriptions/00000000-0000-0000-0000-000000000000/resourcegroups/cli_test_lock_commands_with_ids000001/providers/Microsoft.Network/virtualNetworks/cli-lock-vnet000002/subnets/cli-lock-subnet000003/providers/Microsoft.Authorization/locks/cli-test-lock000006","type":"Microsoft.Authorization/locks","name":"cli-test-lock000006"}]}'
    headers:
      cache-control:
      - no-cache
      content-length:
      - '2135'
      content-type:
      - application/json; charset=utf-8
      date:
      - Fri, 21 Jun 2019 15:18:29 GMT
      expires:
      - '-1'
      pragma:
      - no-cache
      strict-transport-security:
      - max-age=31536000; includeSubDomains
      transfer-encoding:
      - chunked
      vary:
      - Accept-Encoding,Accept-Encoding
      x-content-type-options:
      - nosniff
    status:
      code: 200
      message: OK
- request:
    body: null
    headers:
      Accept:
      - application/json
      Accept-Encoding:
      - gzip, deflate
      CommandName:
      - lock show
      Connection:
      - keep-alive
      ParameterSetName:
      - --ids --query
      User-Agent:
      - python/3.7.3 (Darwin-18.6.0-x86_64-i386-64bit) msrest/0.6.7 msrest_azure/0.6.1
        managementlockclient/2.2.0 Azure-SDK-For-Python AZURECLI/2.0.67
      accept-language:
      - en-US
    method: GET
    uri: https://management.azure.com/subscriptions/00000000-0000-0000-0000-000000000000/resourceGroups/cli_test_lock_commands_with_ids000001/providers/Microsoft.Authorization/locks/cli-test-lock000004?api-version=2016-09-01
  response:
    body:
      string: '{"properties":{"level":"CanNotDelete"},"id":"/subscriptions/00000000-0000-0000-0000-000000000000/resourceGroups/cli_test_lock_commands_with_ids000001/providers/Microsoft.Authorization/locks/cli-test-lock000004","type":"Microsoft.Authorization/locks","name":"cli-test-lock000004"}'
    headers:
      cache-control:
      - no-cache
      content-length:
      - '379'
      content-type:
      - application/json; charset=utf-8
      date:
      - Fri, 21 Jun 2019 15:18:29 GMT
      expires:
      - '-1'
      pragma:
      - no-cache
      strict-transport-security:
      - max-age=31536000; includeSubDomains
      transfer-encoding:
      - chunked
      vary:
      - Accept-Encoding,Accept-Encoding
      x-content-type-options:
      - nosniff
    status:
      code: 200
      message: OK
- request:
    body: null
    headers:
      Accept:
      - application/json
      Accept-Encoding:
      - gzip, deflate
      CommandName:
      - lock show
      Connection:
      - keep-alive
      ParameterSetName:
      - --ids --query
      User-Agent:
      - python/3.7.3 (Darwin-18.6.0-x86_64-i386-64bit) msrest/0.6.7 msrest_azure/0.6.1
        managementlockclient/2.2.0 Azure-SDK-For-Python AZURECLI/2.0.67
      accept-language:
      - en-US
    method: GET
    uri: https://management.azure.com/subscriptions/00000000-0000-0000-0000-000000000000/providers/Microsoft.Authorization/locks?api-version=2016-09-01
  response:
    body:
      string: '{"value":[{"properties":{"level":"CanNotDelete","notes":"Prevent deleting
        my cloudshell store"},"id":"/subscriptions/00000000-0000-0000-0000-000000000000/resourceGroups/mccloudshellstore/providers/Microsoft.Authorization/locks/mccloudshellstorelock","type":"Microsoft.Authorization/locks","name":"mccloudshellstorelock"},{"properties":{"level":"CanNotDelete","notes":"Automation
        account for automation repros"},"id":"/subscriptions/00000000-0000-0000-0000-000000000000/resourceGroups/automationrepro2/providers/Microsoft.Authorization/locks/NoDeleteRG","type":"Microsoft.Authorization/locks","name":"NoDeleteRG"},{"properties":{"level":"CanNotDelete","notes":""},"id":"/subscriptions/00000000-0000-0000-0000-000000000000/resourceGroups/cleanupservice/providers/Microsoft.Authorization/locks/donotdelete","type":"Microsoft.Authorization/locks","name":"donotdelete"},{"properties":{"level":"CanNotDelete"},"id":"/subscriptions/00000000-0000-0000-0000-000000000000/resourceGroups/cli_test_lock_commands_with_ids000001/providers/Microsoft.Authorization/locks/cli-test-lock000004","type":"Microsoft.Authorization/locks","name":"cli-test-lock000004"},{"properties":{"level":"CanNotDelete"},"id":"/subscriptions/00000000-0000-0000-0000-000000000000/resourcegroups/cli_test_lock_commands_with_ids000001/providers/Microsoft.Network/virtualNetworks/cli-lock-vnet000002/providers/Microsoft.Authorization/locks/cli-test-lock000005","type":"Microsoft.Authorization/locks","name":"cli-test-lock000005"},{"properties":{"level":"CanNotDelete"},"id":"/subscriptions/00000000-0000-0000-0000-000000000000/resourcegroups/cli_test_lock_commands_with_ids000001/providers/Microsoft.Network/virtualNetworks/cli-lock-vnet000002/subnets/cli-lock-subnet000003/providers/Microsoft.Authorization/locks/cli-test-lock000006","type":"Microsoft.Authorization/locks","name":"cli-test-lock000006"}]}'
    headers:
      cache-control:
      - no-cache
      content-length:
      - '2135'
      content-type:
      - application/json; charset=utf-8
      date:
      - Fri, 21 Jun 2019 15:18:30 GMT
      expires:
      - '-1'
      pragma:
      - no-cache
      strict-transport-security:
      - max-age=31536000; includeSubDomains
      transfer-encoding:
      - chunked
      vary:
      - Accept-Encoding,Accept-Encoding
      x-content-type-options:
      - nosniff
    status:
      code: 200
      message: OK
- request:
    body: null
    headers:
      Accept:
      - application/json
      Accept-Encoding:
      - gzip, deflate
      CommandName:
      - lock show
      Connection:
      - keep-alive
      ParameterSetName:
      - --ids --query
      User-Agent:
      - python/3.7.3 (Darwin-18.6.0-x86_64-i386-64bit) msrest/0.6.7 msrest_azure/0.6.1
        managementlockclient/2.2.0 Azure-SDK-For-Python AZURECLI/2.0.67
      accept-language:
      - en-US
    method: GET
    uri: https://management.azure.com/subscriptions/00000000-0000-0000-0000-000000000000/resourcegroups/cli_test_lock_commands_with_ids000001/providers/Microsoft.Network/virtualNetworks/cli-lock-vnet000002/providers/Microsoft.Authorization/locks/cli-test-lock000005?api-version=2016-09-01
  response:
    body:
      string: '{"properties":{"level":"CanNotDelete"},"id":"/subscriptions/00000000-0000-0000-0000-000000000000/resourcegroups/cli_test_lock_commands_with_ids000001/providers/Microsoft.Network/virtualNetworks/cli-lock-vnet000002/providers/Microsoft.Authorization/locks/cli-test-lock000005","type":"Microsoft.Authorization/locks","name":"cli-test-lock000005"}'
    headers:
      cache-control:
      - no-cache
      content-length:
      - '454'
      content-type:
      - application/json; charset=utf-8
      date:
      - Fri, 21 Jun 2019 15:18:30 GMT
      expires:
      - '-1'
      pragma:
      - no-cache
      strict-transport-security:
      - max-age=31536000; includeSubDomains
      transfer-encoding:
      - chunked
      vary:
      - Accept-Encoding,Accept-Encoding
      x-content-type-options:
      - nosniff
    status:
      code: 200
      message: OK
- request:
    body: null
    headers:
      Accept:
      - application/json
      Accept-Encoding:
      - gzip, deflate
      CommandName:
      - lock show
      Connection:
      - keep-alive
      ParameterSetName:
      - --ids --query
      User-Agent:
      - python/3.7.3 (Darwin-18.6.0-x86_64-i386-64bit) msrest/0.6.7 msrest_azure/0.6.1
        managementlockclient/2.2.0 Azure-SDK-For-Python AZURECLI/2.0.67
      accept-language:
      - en-US
    method: GET
    uri: https://management.azure.com/subscriptions/00000000-0000-0000-0000-000000000000/providers/Microsoft.Authorization/locks?api-version=2016-09-01
  response:
    body:
      string: '{"value":[{"properties":{"level":"CanNotDelete","notes":"Prevent deleting
        my cloudshell store"},"id":"/subscriptions/00000000-0000-0000-0000-000000000000/resourceGroups/mccloudshellstore/providers/Microsoft.Authorization/locks/mccloudshellstorelock","type":"Microsoft.Authorization/locks","name":"mccloudshellstorelock"},{"properties":{"level":"CanNotDelete","notes":"Automation
        account for automation repros"},"id":"/subscriptions/00000000-0000-0000-0000-000000000000/resourceGroups/automationrepro2/providers/Microsoft.Authorization/locks/NoDeleteRG","type":"Microsoft.Authorization/locks","name":"NoDeleteRG"},{"properties":{"level":"CanNotDelete","notes":""},"id":"/subscriptions/00000000-0000-0000-0000-000000000000/resourceGroups/cleanupservice/providers/Microsoft.Authorization/locks/donotdelete","type":"Microsoft.Authorization/locks","name":"donotdelete"},{"properties":{"level":"CanNotDelete"},"id":"/subscriptions/00000000-0000-0000-0000-000000000000/resourceGroups/cli_test_lock_commands_with_ids000001/providers/Microsoft.Authorization/locks/cli-test-lock000004","type":"Microsoft.Authorization/locks","name":"cli-test-lock000004"},{"properties":{"level":"CanNotDelete"},"id":"/subscriptions/00000000-0000-0000-0000-000000000000/resourcegroups/cli_test_lock_commands_with_ids000001/providers/Microsoft.Network/virtualNetworks/cli-lock-vnet000002/providers/Microsoft.Authorization/locks/cli-test-lock000005","type":"Microsoft.Authorization/locks","name":"cli-test-lock000005"},{"properties":{"level":"CanNotDelete"},"id":"/subscriptions/00000000-0000-0000-0000-000000000000/resourcegroups/cli_test_lock_commands_with_ids000001/providers/Microsoft.Network/virtualNetworks/cli-lock-vnet000002/subnets/cli-lock-subnet000003/providers/Microsoft.Authorization/locks/cli-test-lock000006","type":"Microsoft.Authorization/locks","name":"cli-test-lock000006"}]}'
    headers:
      cache-control:
      - no-cache
      content-length:
      - '2135'
      content-type:
      - application/json; charset=utf-8
      date:
      - Fri, 21 Jun 2019 15:18:31 GMT
      expires:
      - '-1'
      pragma:
      - no-cache
      strict-transport-security:
      - max-age=31536000; includeSubDomains
      transfer-encoding:
      - chunked
      vary:
      - Accept-Encoding,Accept-Encoding
      x-content-type-options:
      - nosniff
    status:
      code: 200
      message: OK
- request:
    body: null
    headers:
      Accept:
      - application/json
      Accept-Encoding:
      - gzip, deflate
      CommandName:
      - lock show
      Connection:
      - keep-alive
      ParameterSetName:
      - --ids --query
      User-Agent:
      - python/3.7.3 (Darwin-18.6.0-x86_64-i386-64bit) msrest/0.6.7 msrest_azure/0.6.1
        managementlockclient/2.2.0 Azure-SDK-For-Python AZURECLI/2.0.67
      accept-language:
      - en-US
    method: GET
    uri: https://management.azure.com/subscriptions/00000000-0000-0000-0000-000000000000/resourcegroups/cli_test_lock_commands_with_ids000001/providers/Microsoft.Network/virtualNetworks/cli-lock-vnet000002/subnets/cli-lock-subnet000003/providers/Microsoft.Authorization/locks/cli-test-lock000006?api-version=2016-09-01
  response:
    body:
      string: '{"properties":{"level":"CanNotDelete"},"id":"/subscriptions/00000000-0000-0000-0000-000000000000/resourcegroups/cli_test_lock_commands_with_ids000001/providers/Microsoft.Network/virtualNetworks/cli-lock-vnet000002/subnets/cli-lock-subnet000003/providers/Microsoft.Authorization/locks/cli-test-lock000006","type":"Microsoft.Authorization/locks","name":"cli-test-lock000006"}'
    headers:
      cache-control:
      - no-cache
      content-length:
      - '433'
      content-type:
      - application/json; charset=utf-8
      date:
      - Fri, 21 Jun 2019 15:18:31 GMT
      expires:
      - '-1'
      pragma:
      - no-cache
      strict-transport-security:
      - max-age=31536000; includeSubDomains
      transfer-encoding:
      - chunked
      vary:
      - Accept-Encoding,Accept-Encoding
      x-content-type-options:
      - nosniff
    status:
      code: 200
      message: OK
- request:
    body: null
    headers:
      Accept:
      - application/json
      Accept-Encoding:
      - gzip, deflate
      CommandName:
      - lock update
      Connection:
      - keep-alive
      ParameterSetName:
      - --ids --notes --lock-type
      User-Agent:
      - python/3.7.3 (Darwin-18.6.0-x86_64-i386-64bit) msrest/0.6.7 msrest_azure/0.6.1
        managementlockclient/2.2.0 Azure-SDK-For-Python AZURECLI/2.0.67
      accept-language:
      - en-US
    method: GET
    uri: https://management.azure.com/subscriptions/00000000-0000-0000-0000-000000000000/providers/Microsoft.Authorization/locks?api-version=2016-09-01
  response:
    body:
      string: '{"value":[{"properties":{"level":"CanNotDelete","notes":"Prevent deleting
        my cloudshell store"},"id":"/subscriptions/00000000-0000-0000-0000-000000000000/resourceGroups/mccloudshellstore/providers/Microsoft.Authorization/locks/mccloudshellstorelock","type":"Microsoft.Authorization/locks","name":"mccloudshellstorelock"},{"properties":{"level":"CanNotDelete","notes":"Automation
        account for automation repros"},"id":"/subscriptions/00000000-0000-0000-0000-000000000000/resourceGroups/automationrepro2/providers/Microsoft.Authorization/locks/NoDeleteRG","type":"Microsoft.Authorization/locks","name":"NoDeleteRG"},{"properties":{"level":"CanNotDelete","notes":""},"id":"/subscriptions/00000000-0000-0000-0000-000000000000/resourceGroups/cleanupservice/providers/Microsoft.Authorization/locks/donotdelete","type":"Microsoft.Authorization/locks","name":"donotdelete"},{"properties":{"level":"CanNotDelete"},"id":"/subscriptions/00000000-0000-0000-0000-000000000000/resourceGroups/cli_test_lock_commands_with_ids000001/providers/Microsoft.Authorization/locks/cli-test-lock000004","type":"Microsoft.Authorization/locks","name":"cli-test-lock000004"},{"properties":{"level":"CanNotDelete"},"id":"/subscriptions/00000000-0000-0000-0000-000000000000/resourcegroups/cli_test_lock_commands_with_ids000001/providers/Microsoft.Network/virtualNetworks/cli-lock-vnet000002/providers/Microsoft.Authorization/locks/cli-test-lock000005","type":"Microsoft.Authorization/locks","name":"cli-test-lock000005"},{"properties":{"level":"CanNotDelete"},"id":"/subscriptions/00000000-0000-0000-0000-000000000000/resourcegroups/cli_test_lock_commands_with_ids000001/providers/Microsoft.Network/virtualNetworks/cli-lock-vnet000002/subnets/cli-lock-subnet000003/providers/Microsoft.Authorization/locks/cli-test-lock000006","type":"Microsoft.Authorization/locks","name":"cli-test-lock000006"}]}'
    headers:
      cache-control:
      - no-cache
      content-length:
      - '2135'
      content-type:
      - application/json; charset=utf-8
      date:
      - Fri, 21 Jun 2019 15:18:31 GMT
      expires:
      - '-1'
      pragma:
      - no-cache
      strict-transport-security:
      - max-age=31536000; includeSubDomains
      transfer-encoding:
      - chunked
      vary:
      - Accept-Encoding,Accept-Encoding
      x-content-type-options:
      - nosniff
    status:
      code: 200
      message: OK
- request:
    body: null
    headers:
      Accept:
      - application/json
      Accept-Encoding:
      - gzip, deflate
      CommandName:
      - lock update
      Connection:
      - keep-alive
      ParameterSetName:
      - --ids --notes --lock-type
      User-Agent:
      - python/3.7.3 (Darwin-18.6.0-x86_64-i386-64bit) msrest/0.6.7 msrest_azure/0.6.1
        managementlockclient/2.2.0 Azure-SDK-For-Python AZURECLI/2.0.67
      accept-language:
      - en-US
    method: GET
    uri: https://management.azure.com/subscriptions/00000000-0000-0000-0000-000000000000/resourceGroups/cli_test_lock_commands_with_ids000001/providers/Microsoft.Authorization/locks/cli-test-lock000004?api-version=2016-09-01
  response:
    body:
      string: '{"properties":{"level":"CanNotDelete"},"id":"/subscriptions/00000000-0000-0000-0000-000000000000/resourceGroups/cli_test_lock_commands_with_ids000001/providers/Microsoft.Authorization/locks/cli-test-lock000004","type":"Microsoft.Authorization/locks","name":"cli-test-lock000004"}'
    headers:
      cache-control:
      - no-cache
      content-length:
      - '379'
      content-type:
      - application/json; charset=utf-8
      date:
      - Fri, 21 Jun 2019 15:18:31 GMT
      expires:
      - '-1'
      pragma:
      - no-cache
      strict-transport-security:
      - max-age=31536000; includeSubDomains
      transfer-encoding:
      - chunked
      vary:
      - Accept-Encoding,Accept-Encoding
      x-content-type-options:
      - nosniff
    status:
      code: 200
      message: OK
- request:
    body: '{"properties": {"level": "ReadOnly", "notes": "somenotes"}}'
    headers:
      Accept:
      - application/json
      Accept-Encoding:
      - gzip, deflate
      CommandName:
      - lock update
      Connection:
      - keep-alive
      Content-Length:
      - '59'
      Content-Type:
      - application/json; charset=utf-8
      ParameterSetName:
      - --ids --notes --lock-type
      User-Agent:
      - python/3.7.3 (Darwin-18.6.0-x86_64-i386-64bit) msrest/0.6.7 msrest_azure/0.6.1
        managementlockclient/2.2.0 Azure-SDK-For-Python AZURECLI/2.0.67
      accept-language:
      - en-US
    method: PUT
    uri: https://management.azure.com/subscriptions/00000000-0000-0000-0000-000000000000/resourceGroups/cli_test_lock_commands_with_ids000001/providers/Microsoft.Authorization/locks/cli-test-lock000004?api-version=2016-09-01
  response:
    body:
      string: '{"properties":{"level":"ReadOnly","notes":"somenotes"},"id":"/subscriptions/00000000-0000-0000-0000-000000000000/resourceGroups/cli_test_lock_commands_with_ids000001/providers/Microsoft.Authorization/locks/cli-test-lock000004","type":"Microsoft.Authorization/locks","name":"cli-test-lock000004"}'
    headers:
      cache-control:
      - no-cache
      content-length:
      - '395'
      content-type:
      - application/json; charset=utf-8
      date:
      - Fri, 21 Jun 2019 15:18:31 GMT
      expires:
      - '-1'
      pragma:
      - no-cache
      strict-transport-security:
      - max-age=31536000; includeSubDomains
      transfer-encoding:
      - chunked
      vary:
      - Accept-Encoding,Accept-Encoding
      x-content-type-options:
      - nosniff
      x-ms-ratelimit-remaining-subscription-writes:
      - '1198'
    status:
      code: 200
      message: OK
- request:
    body: null
    headers:
      Accept:
      - application/json
      Accept-Encoding:
      - gzip, deflate
      CommandName:
      - lock update
      Connection:
      - keep-alive
      ParameterSetName:
      - --ids --notes --lock-type
      User-Agent:
      - python/3.7.3 (Darwin-18.6.0-x86_64-i386-64bit) msrest/0.6.7 msrest_azure/0.6.1
        managementlockclient/2.2.0 Azure-SDK-For-Python AZURECLI/2.0.67
      accept-language:
      - en-US
    method: GET
    uri: https://management.azure.com/subscriptions/00000000-0000-0000-0000-000000000000/providers/Microsoft.Authorization/locks?api-version=2016-09-01
  response:
    body:
      string: '{"value":[{"properties":{"level":"CanNotDelete","notes":"Prevent deleting
        my cloudshell store"},"id":"/subscriptions/00000000-0000-0000-0000-000000000000/resourceGroups/mccloudshellstore/providers/Microsoft.Authorization/locks/mccloudshellstorelock","type":"Microsoft.Authorization/locks","name":"mccloudshellstorelock"},{"properties":{"level":"CanNotDelete","notes":"Automation
        account for automation repros"},"id":"/subscriptions/00000000-0000-0000-0000-000000000000/resourceGroups/automationrepro2/providers/Microsoft.Authorization/locks/NoDeleteRG","type":"Microsoft.Authorization/locks","name":"NoDeleteRG"},{"properties":{"level":"CanNotDelete","notes":""},"id":"/subscriptions/00000000-0000-0000-0000-000000000000/resourceGroups/cleanupservice/providers/Microsoft.Authorization/locks/donotdelete","type":"Microsoft.Authorization/locks","name":"donotdelete"},{"properties":{"level":"ReadOnly","notes":"somenotes"},"id":"/subscriptions/00000000-0000-0000-0000-000000000000/resourceGroups/cli_test_lock_commands_with_ids000001/providers/Microsoft.Authorization/locks/cli-test-lock000004","type":"Microsoft.Authorization/locks","name":"cli-test-lock000004"},{"properties":{"level":"CanNotDelete"},"id":"/subscriptions/00000000-0000-0000-0000-000000000000/resourcegroups/cli_test_lock_commands_with_ids000001/providers/Microsoft.Network/virtualNetworks/cli-lock-vnet000002/providers/Microsoft.Authorization/locks/cli-test-lock000005","type":"Microsoft.Authorization/locks","name":"cli-test-lock000005"},{"properties":{"level":"CanNotDelete"},"id":"/subscriptions/00000000-0000-0000-0000-000000000000/resourcegroups/cli_test_lock_commands_with_ids000001/providers/Microsoft.Network/virtualNetworks/cli-lock-vnet000002/subnets/cli-lock-subnet000003/providers/Microsoft.Authorization/locks/cli-test-lock000006","type":"Microsoft.Authorization/locks","name":"cli-test-lock000006"}]}'
    headers:
      cache-control:
      - no-cache
      content-length:
      - '2151'
      content-type:
      - application/json; charset=utf-8
      date:
      - Fri, 21 Jun 2019 15:18:31 GMT
      expires:
      - '-1'
      pragma:
      - no-cache
      strict-transport-security:
      - max-age=31536000; includeSubDomains
      transfer-encoding:
      - chunked
      vary:
      - Accept-Encoding,Accept-Encoding
      x-content-type-options:
      - nosniff
    status:
      code: 200
      message: OK
- request:
    body: null
    headers:
      Accept:
      - application/json
      Accept-Encoding:
      - gzip, deflate
      CommandName:
      - lock update
      Connection:
      - keep-alive
      ParameterSetName:
      - --ids --notes --lock-type
      User-Agent:
      - python/3.7.3 (Darwin-18.6.0-x86_64-i386-64bit) msrest/0.6.7 msrest_azure/0.6.1
        managementlockclient/2.2.0 Azure-SDK-For-Python AZURECLI/2.0.67
      accept-language:
      - en-US
    method: GET
    uri: https://management.azure.com/subscriptions/00000000-0000-0000-0000-000000000000/resourcegroups/cli_test_lock_commands_with_ids000001/providers/Microsoft.Network/virtualNetworks/cli-lock-vnet000002/providers/Microsoft.Authorization/locks/cli-test-lock000005?api-version=2016-09-01
  response:
    body:
      string: '{"properties":{"level":"CanNotDelete"},"id":"/subscriptions/00000000-0000-0000-0000-000000000000/resourcegroups/cli_test_lock_commands_with_ids000001/providers/Microsoft.Network/virtualNetworks/cli-lock-vnet000002/providers/Microsoft.Authorization/locks/cli-test-lock000005","type":"Microsoft.Authorization/locks","name":"cli-test-lock000005"}'
    headers:
      cache-control:
      - no-cache
      content-length:
      - '454'
      content-type:
      - application/json; charset=utf-8
      date:
      - Fri, 21 Jun 2019 15:18:31 GMT
      expires:
      - '-1'
      pragma:
      - no-cache
      strict-transport-security:
      - max-age=31536000; includeSubDomains
      transfer-encoding:
      - chunked
      vary:
      - Accept-Encoding,Accept-Encoding
      x-content-type-options:
      - nosniff
    status:
      code: 200
      message: OK
- request:
    body: '{"properties": {"level": "ReadOnly", "notes": "somenotes"}}'
    headers:
      Accept:
      - application/json
      Accept-Encoding:
      - gzip, deflate
      CommandName:
      - lock update
      Connection:
      - keep-alive
      Content-Length:
      - '59'
      Content-Type:
      - application/json; charset=utf-8
      ParameterSetName:
      - --ids --notes --lock-type
      User-Agent:
      - python/3.7.3 (Darwin-18.6.0-x86_64-i386-64bit) msrest/0.6.7 msrest_azure/0.6.1
        managementlockclient/2.2.0 Azure-SDK-For-Python AZURECLI/2.0.67
      accept-language:
      - en-US
    method: PUT
    uri: https://management.azure.com/subscriptions/00000000-0000-0000-0000-000000000000/resourcegroups/cli_test_lock_commands_with_ids000001/providers/Microsoft.Network/virtualNetworks/cli-lock-vnet000002/providers/Microsoft.Authorization/locks/cli-test-lock000005?api-version=2016-09-01
  response:
    body:
      string: '{"properties":{"level":"ReadOnly","notes":"somenotes"},"id":"/subscriptions/00000000-0000-0000-0000-000000000000/resourcegroups/cli_test_lock_commands_with_ids000001/providers/Microsoft.Network/virtualNetworks/cli-lock-vnet000002/providers/Microsoft.Authorization/locks/cli-test-lock000005","type":"Microsoft.Authorization/locks","name":"cli-test-lock000005"}'
    headers:
      cache-control:
      - no-cache
      content-length:
      - '470'
      content-type:
      - application/json; charset=utf-8
      date:
      - Fri, 21 Jun 2019 15:18:33 GMT
      expires:
      - '-1'
      pragma:
      - no-cache
      strict-transport-security:
      - max-age=31536000; includeSubDomains
      transfer-encoding:
      - chunked
      vary:
      - Accept-Encoding,Accept-Encoding
      x-content-type-options:
      - nosniff
      x-ms-ratelimit-remaining-subscription-writes:
      - '1199'
    status:
      code: 200
      message: OK
- request:
    body: null
    headers:
      Accept:
      - application/json
      Accept-Encoding:
      - gzip, deflate
      CommandName:
      - lock update
      Connection:
      - keep-alive
      ParameterSetName:
      - --ids --notes --lock-type
      User-Agent:
      - python/3.7.3 (Darwin-18.6.0-x86_64-i386-64bit) msrest/0.6.7 msrest_azure/0.6.1
        managementlockclient/2.2.0 Azure-SDK-For-Python AZURECLI/2.0.67
      accept-language:
      - en-US
    method: GET
    uri: https://management.azure.com/subscriptions/00000000-0000-0000-0000-000000000000/providers/Microsoft.Authorization/locks?api-version=2016-09-01
  response:
    body:
      string: '{"value":[{"properties":{"level":"CanNotDelete","notes":"Prevent deleting
        my cloudshell store"},"id":"/subscriptions/00000000-0000-0000-0000-000000000000/resourceGroups/mccloudshellstore/providers/Microsoft.Authorization/locks/mccloudshellstorelock","type":"Microsoft.Authorization/locks","name":"mccloudshellstorelock"},{"properties":{"level":"CanNotDelete","notes":"Automation
        account for automation repros"},"id":"/subscriptions/00000000-0000-0000-0000-000000000000/resourceGroups/automationrepro2/providers/Microsoft.Authorization/locks/NoDeleteRG","type":"Microsoft.Authorization/locks","name":"NoDeleteRG"},{"properties":{"level":"CanNotDelete","notes":""},"id":"/subscriptions/00000000-0000-0000-0000-000000000000/resourceGroups/cleanupservice/providers/Microsoft.Authorization/locks/donotdelete","type":"Microsoft.Authorization/locks","name":"donotdelete"},{"properties":{"level":"ReadOnly","notes":"somenotes"},"id":"/subscriptions/00000000-0000-0000-0000-000000000000/resourceGroups/cli_test_lock_commands_with_ids000001/providers/Microsoft.Authorization/locks/cli-test-lock000004","type":"Microsoft.Authorization/locks","name":"cli-test-lock000004"},{"properties":{"level":"ReadOnly","notes":"somenotes"},"id":"/subscriptions/00000000-0000-0000-0000-000000000000/resourcegroups/cli_test_lock_commands_with_ids000001/providers/Microsoft.Network/virtualNetworks/cli-lock-vnet000002/providers/Microsoft.Authorization/locks/cli-test-lock000005","type":"Microsoft.Authorization/locks","name":"cli-test-lock000005"},{"properties":{"level":"CanNotDelete"},"id":"/subscriptions/00000000-0000-0000-0000-000000000000/resourcegroups/cli_test_lock_commands_with_ids000001/providers/Microsoft.Network/virtualNetworks/cli-lock-vnet000002/subnets/cli-lock-subnet000003/providers/Microsoft.Authorization/locks/cli-test-lock000006","type":"Microsoft.Authorization/locks","name":"cli-test-lock000006"}]}'
    headers:
      cache-control:
      - no-cache
      content-length:
      - '2167'
      content-type:
      - application/json; charset=utf-8
      date:
      - Fri, 21 Jun 2019 15:18:32 GMT
      expires:
      - '-1'
      pragma:
      - no-cache
      strict-transport-security:
      - max-age=31536000; includeSubDomains
      transfer-encoding:
      - chunked
      vary:
      - Accept-Encoding,Accept-Encoding
      x-content-type-options:
      - nosniff
    status:
      code: 200
      message: OK
- request:
    body: null
    headers:
      Accept:
      - application/json
      Accept-Encoding:
      - gzip, deflate
      CommandName:
      - lock update
      Connection:
      - keep-alive
      ParameterSetName:
      - --ids --notes --lock-type
      User-Agent:
      - python/3.7.3 (Darwin-18.6.0-x86_64-i386-64bit) msrest/0.6.7 msrest_azure/0.6.1
        managementlockclient/2.2.0 Azure-SDK-For-Python AZURECLI/2.0.67
      accept-language:
      - en-US
    method: GET
    uri: https://management.azure.com/subscriptions/00000000-0000-0000-0000-000000000000/resourcegroups/cli_test_lock_commands_with_ids000001/providers/Microsoft.Network/virtualNetworks/cli-lock-vnet000002/subnets/cli-lock-subnet000003/providers/Microsoft.Authorization/locks/cli-test-lock000006?api-version=2016-09-01
  response:
    body:
      string: '{"properties":{"level":"CanNotDelete"},"id":"/subscriptions/00000000-0000-0000-0000-000000000000/resourcegroups/cli_test_lock_commands_with_ids000001/providers/Microsoft.Network/virtualNetworks/cli-lock-vnet000002/subnets/cli-lock-subnet000003/providers/Microsoft.Authorization/locks/cli-test-lock000006","type":"Microsoft.Authorization/locks","name":"cli-test-lock000006"}'
    headers:
      cache-control:
      - no-cache
      content-length:
      - '433'
      content-type:
      - application/json; charset=utf-8
      date:
      - Fri, 21 Jun 2019 15:18:33 GMT
      expires:
      - '-1'
      pragma:
      - no-cache
      strict-transport-security:
      - max-age=31536000; includeSubDomains
      transfer-encoding:
      - chunked
      vary:
      - Accept-Encoding,Accept-Encoding
      x-content-type-options:
      - nosniff
    status:
      code: 200
      message: OK
- request:
    body: '{"properties": {"level": "ReadOnly", "notes": "somenotes"}}'
    headers:
      Accept:
      - application/json
      Accept-Encoding:
      - gzip, deflate
      CommandName:
      - lock update
      Connection:
      - keep-alive
      Content-Length:
      - '59'
      Content-Type:
      - application/json; charset=utf-8
      ParameterSetName:
      - --ids --notes --lock-type
      User-Agent:
      - python/3.7.3 (Darwin-18.6.0-x86_64-i386-64bit) msrest/0.6.7 msrest_azure/0.6.1
        managementlockclient/2.2.0 Azure-SDK-For-Python AZURECLI/2.0.67
      accept-language:
      - en-US
    method: PUT
    uri: https://management.azure.com/subscriptions/00000000-0000-0000-0000-000000000000/resourcegroups/cli_test_lock_commands_with_ids000001/providers/Microsoft.Network/virtualNetworks/cli-lock-vnet000002/subnets/cli-lock-subnet000003/providers/Microsoft.Authorization/locks/cli-test-lock000006?api-version=2016-09-01
  response:
    body:
      string: '{"properties":{"level":"ReadOnly","notes":"somenotes"},"id":"/subscriptions/00000000-0000-0000-0000-000000000000/resourcegroups/cli_test_lock_commands_with_ids000001/providers/Microsoft.Network/virtualNetworks/cli-lock-vnet000002/subnets/cli-lock-subnet000003/providers/Microsoft.Authorization/locks/cli-test-lock000006","type":"Microsoft.Authorization/locks","name":"cli-test-lock000006"}'
    headers:
      cache-control:
      - no-cache
      content-length:
      - '449'
      content-type:
      - application/json; charset=utf-8
      date:
      - Fri, 21 Jun 2019 15:18:34 GMT
      expires:
      - '-1'
      pragma:
      - no-cache
      strict-transport-security:
      - max-age=31536000; includeSubDomains
      transfer-encoding:
      - chunked
      vary:
      - Accept-Encoding,Accept-Encoding
      x-content-type-options:
      - nosniff
      x-ms-ratelimit-remaining-subscription-writes:
      - '1199'
    status:
      code: 200
      message: OK
- request:
    body: null
    headers:
      Accept:
      - application/json
      Accept-Encoding:
      - gzip, deflate
      CommandName:
      - lock delete
      Connection:
      - keep-alive
      ParameterSetName:
      - --ids
      User-Agent:
      - python/3.7.3 (Darwin-18.6.0-x86_64-i386-64bit) msrest/0.6.7 msrest_azure/0.6.1
        managementlockclient/2.2.0 Azure-SDK-For-Python AZURECLI/2.0.67
      accept-language:
      - en-US
    method: GET
    uri: https://management.azure.com/subscriptions/00000000-0000-0000-0000-000000000000/providers/Microsoft.Authorization/locks?api-version=2016-09-01
  response:
    body:
      string: '{"value":[{"properties":{"level":"CanNotDelete","notes":"Prevent deleting
        my cloudshell store"},"id":"/subscriptions/00000000-0000-0000-0000-000000000000/resourceGroups/mccloudshellstore/providers/Microsoft.Authorization/locks/mccloudshellstorelock","type":"Microsoft.Authorization/locks","name":"mccloudshellstorelock"},{"properties":{"level":"CanNotDelete","notes":"Automation
        account for automation repros"},"id":"/subscriptions/00000000-0000-0000-0000-000000000000/resourceGroups/automationrepro2/providers/Microsoft.Authorization/locks/NoDeleteRG","type":"Microsoft.Authorization/locks","name":"NoDeleteRG"},{"properties":{"level":"CanNotDelete","notes":""},"id":"/subscriptions/00000000-0000-0000-0000-000000000000/resourceGroups/cleanupservice/providers/Microsoft.Authorization/locks/donotdelete","type":"Microsoft.Authorization/locks","name":"donotdelete"},{"properties":{"level":"ReadOnly","notes":"somenotes"},"id":"/subscriptions/00000000-0000-0000-0000-000000000000/resourceGroups/cli_test_lock_commands_with_ids000001/providers/Microsoft.Authorization/locks/cli-test-lock000004","type":"Microsoft.Authorization/locks","name":"cli-test-lock000004"},{"properties":{"level":"ReadOnly","notes":"somenotes"},"id":"/subscriptions/00000000-0000-0000-0000-000000000000/resourcegroups/cli_test_lock_commands_with_ids000001/providers/Microsoft.Network/virtualNetworks/cli-lock-vnet000002/providers/Microsoft.Authorization/locks/cli-test-lock000005","type":"Microsoft.Authorization/locks","name":"cli-test-lock000005"},{"properties":{"level":"ReadOnly","notes":"somenotes"},"id":"/subscriptions/00000000-0000-0000-0000-000000000000/resourcegroups/cli_test_lock_commands_with_ids000001/providers/Microsoft.Network/virtualNetworks/cli-lock-vnet000002/subnets/cli-lock-subnet000003/providers/Microsoft.Authorization/locks/cli-test-lock000006","type":"Microsoft.Authorization/locks","name":"cli-test-lock000006"}]}'
    headers:
      cache-control:
      - no-cache
      content-length:
      - '2183'
      content-type:
      - application/json; charset=utf-8
      date:
      - Fri, 21 Jun 2019 15:18:34 GMT
      expires:
      - '-1'
      pragma:
      - no-cache
      strict-transport-security:
      - max-age=31536000; includeSubDomains
      transfer-encoding:
      - chunked
      vary:
      - Accept-Encoding,Accept-Encoding
      x-content-type-options:
      - nosniff
    status:
      code: 200
      message: OK
- request:
    body: null
    headers:
      Accept:
      - application/json
      Accept-Encoding:
      - gzip, deflate
      CommandName:
      - lock delete
      Connection:
      - keep-alive
      Content-Length:
      - '0'
      ParameterSetName:
      - --ids
      User-Agent:
      - python/3.7.3 (Darwin-18.6.0-x86_64-i386-64bit) msrest/0.6.7 msrest_azure/0.6.1
        managementlockclient/2.2.0 Azure-SDK-For-Python AZURECLI/2.0.67
      accept-language:
      - en-US
    method: DELETE
    uri: https://management.azure.com/subscriptions/00000000-0000-0000-0000-000000000000/resourceGroups/cli_test_lock_commands_with_ids000001/providers/Microsoft.Authorization/locks/cli-test-lock000004?api-version=2016-09-01
  response:
    body:
      string: ''
    headers:
      cache-control:
      - no-cache
      content-length:
      - '0'
      date:
      - Fri, 21 Jun 2019 15:18:35 GMT
      expires:
      - '-1'
      pragma:
      - no-cache
      strict-transport-security:
      - max-age=31536000; includeSubDomains
      x-content-type-options:
      - nosniff
      x-ms-ratelimit-remaining-subscription-deletes:
      - '14999'
    status:
      code: 200
      message: OK
- request:
    body: null
    headers:
      Accept:
      - application/json
      Accept-Encoding:
      - gzip, deflate
      CommandName:
      - lock delete
      Connection:
      - keep-alive
      ParameterSetName:
      - --ids
      User-Agent:
      - python/3.7.3 (Darwin-18.6.0-x86_64-i386-64bit) msrest/0.6.7 msrest_azure/0.6.1
        managementlockclient/2.2.0 Azure-SDK-For-Python AZURECLI/2.0.67
      accept-language:
      - en-US
    method: GET
    uri: https://management.azure.com/subscriptions/00000000-0000-0000-0000-000000000000/providers/Microsoft.Authorization/locks?api-version=2016-09-01
  response:
    body:
      string: '{"value":[{"properties":{"level":"CanNotDelete","notes":"Prevent deleting
        my cloudshell store"},"id":"/subscriptions/00000000-0000-0000-0000-000000000000/resourceGroups/mccloudshellstore/providers/Microsoft.Authorization/locks/mccloudshellstorelock","type":"Microsoft.Authorization/locks","name":"mccloudshellstorelock"},{"properties":{"level":"CanNotDelete","notes":"Automation
        account for automation repros"},"id":"/subscriptions/00000000-0000-0000-0000-000000000000/resourceGroups/automationrepro2/providers/Microsoft.Authorization/locks/NoDeleteRG","type":"Microsoft.Authorization/locks","name":"NoDeleteRG"},{"properties":{"level":"CanNotDelete","notes":""},"id":"/subscriptions/00000000-0000-0000-0000-000000000000/resourceGroups/cleanupservice/providers/Microsoft.Authorization/locks/donotdelete","type":"Microsoft.Authorization/locks","name":"donotdelete"},{"properties":{"level":"ReadOnly","notes":"somenotes"},"id":"/subscriptions/00000000-0000-0000-0000-000000000000/resourcegroups/cli_test_lock_commands_with_ids000001/providers/Microsoft.Network/virtualNetworks/cli-lock-vnet000002/providers/Microsoft.Authorization/locks/cli-test-lock000005","type":"Microsoft.Authorization/locks","name":"cli-test-lock000005"},{"properties":{"level":"ReadOnly","notes":"somenotes"},"id":"/subscriptions/00000000-0000-0000-0000-000000000000/resourcegroups/cli_test_lock_commands_with_ids000001/providers/Microsoft.Network/virtualNetworks/cli-lock-vnet000002/subnets/cli-lock-subnet000003/providers/Microsoft.Authorization/locks/cli-test-lock000006","type":"Microsoft.Authorization/locks","name":"cli-test-lock000006"}]}'
    headers:
      cache-control:
      - no-cache
      content-length:
      - '1787'
      content-type:
      - application/json; charset=utf-8
      date:
      - Fri, 21 Jun 2019 15:18:35 GMT
      expires:
      - '-1'
      pragma:
      - no-cache
      strict-transport-security:
      - max-age=31536000; includeSubDomains
      transfer-encoding:
      - chunked
      vary:
      - Accept-Encoding,Accept-Encoding
      x-content-type-options:
      - nosniff
    status:
      code: 200
      message: OK
- request:
    body: null
    headers:
      Accept:
      - application/json
      Accept-Encoding:
      - gzip, deflate
      CommandName:
      - lock delete
      Connection:
      - keep-alive
      Content-Length:
      - '0'
      ParameterSetName:
      - --ids
      User-Agent:
      - python/3.7.3 (Darwin-18.6.0-x86_64-i386-64bit) msrest/0.6.7 msrest_azure/0.6.1
        managementlockclient/2.2.0 Azure-SDK-For-Python AZURECLI/2.0.67
      accept-language:
      - en-US
    method: DELETE
    uri: https://management.azure.com/subscriptions/00000000-0000-0000-0000-000000000000/resourcegroups/cli_test_lock_commands_with_ids000001/providers/Microsoft.Network/virtualNetworks/cli-lock-vnet000002/providers/Microsoft.Authorization/locks/cli-test-lock000005?api-version=2016-09-01
  response:
    body:
      string: ''
    headers:
      cache-control:
      - no-cache
      content-length:
      - '0'
      date:
      - Fri, 21 Jun 2019 15:18:36 GMT
      expires:
      - '-1'
      pragma:
      - no-cache
      strict-transport-security:
      - max-age=31536000; includeSubDomains
      x-content-type-options:
      - nosniff
      x-ms-ratelimit-remaining-subscription-deletes:
      - '14999'
    status:
      code: 200
      message: OK
- request:
    body: null
    headers:
      Accept:
      - application/json
      Accept-Encoding:
      - gzip, deflate
      CommandName:
      - lock delete
      Connection:
      - keep-alive
      ParameterSetName:
      - --ids
      User-Agent:
      - python/3.7.3 (Darwin-18.6.0-x86_64-i386-64bit) msrest/0.6.7 msrest_azure/0.6.1
        managementlockclient/2.2.0 Azure-SDK-For-Python AZURECLI/2.0.67
      accept-language:
      - en-US
    method: GET
    uri: https://management.azure.com/subscriptions/00000000-0000-0000-0000-000000000000/providers/Microsoft.Authorization/locks?api-version=2016-09-01
  response:
    body:
      string: '{"value":[{"properties":{"level":"CanNotDelete","notes":"Prevent deleting
        my cloudshell store"},"id":"/subscriptions/00000000-0000-0000-0000-000000000000/resourceGroups/mccloudshellstore/providers/Microsoft.Authorization/locks/mccloudshellstorelock","type":"Microsoft.Authorization/locks","name":"mccloudshellstorelock"},{"properties":{"level":"CanNotDelete","notes":"Automation
        account for automation repros"},"id":"/subscriptions/00000000-0000-0000-0000-000000000000/resourceGroups/automationrepro2/providers/Microsoft.Authorization/locks/NoDeleteRG","type":"Microsoft.Authorization/locks","name":"NoDeleteRG"},{"properties":{"level":"CanNotDelete","notes":""},"id":"/subscriptions/00000000-0000-0000-0000-000000000000/resourceGroups/cleanupservice/providers/Microsoft.Authorization/locks/donotdelete","type":"Microsoft.Authorization/locks","name":"donotdelete"},{"properties":{"level":"ReadOnly","notes":"somenotes"},"id":"/subscriptions/00000000-0000-0000-0000-000000000000/resourcegroups/cli_test_lock_commands_with_ids000001/providers/Microsoft.Network/virtualNetworks/cli-lock-vnet000002/subnets/cli-lock-subnet000003/providers/Microsoft.Authorization/locks/cli-test-lock000006","type":"Microsoft.Authorization/locks","name":"cli-test-lock000006"}]}'
    headers:
      cache-control:
      - no-cache
      content-length:
      - '1316'
      content-type:
      - application/json; charset=utf-8
      date:
      - Fri, 21 Jun 2019 15:18:36 GMT
      expires:
      - '-1'
      pragma:
      - no-cache
      strict-transport-security:
      - max-age=31536000; includeSubDomains
      transfer-encoding:
      - chunked
      vary:
      - Accept-Encoding,Accept-Encoding
      x-content-type-options:
      - nosniff
    status:
      code: 200
      message: OK
- request:
    body: null
    headers:
      Accept:
      - application/json
      Accept-Encoding:
      - gzip, deflate
      CommandName:
      - lock delete
      Connection:
      - keep-alive
      Content-Length:
      - '0'
      ParameterSetName:
      - --ids
      User-Agent:
      - python/3.7.3 (Darwin-18.6.0-x86_64-i386-64bit) msrest/0.6.7 msrest_azure/0.6.1
        managementlockclient/2.2.0 Azure-SDK-For-Python AZURECLI/2.0.67
      accept-language:
      - en-US
    method: DELETE
    uri: https://management.azure.com/subscriptions/00000000-0000-0000-0000-000000000000/resourcegroups/cli_test_lock_commands_with_ids000001/providers/Microsoft.Network/virtualNetworks/cli-lock-vnet000002/subnets/cli-lock-subnet000003/providers/Microsoft.Authorization/locks/cli-test-lock000006?api-version=2016-09-01
  response:
    body:
      string: ''
    headers:
      cache-control:
      - no-cache
      content-length:
      - '0'
      date:
      - Fri, 21 Jun 2019 15:18:37 GMT
      expires:
      - '-1'
      pragma:
      - no-cache
      strict-transport-security:
      - max-age=31536000; includeSubDomains
      x-content-type-options:
      - nosniff
      x-ms-ratelimit-remaining-subscription-deletes:
      - '14999'
    status:
      code: 200
      message: OK
- request:
    body: null
    headers:
      Accept:
      - application/json
      Accept-Encoding:
      - gzip, deflate
      CommandName:
      - lock list
      Connection:
      - keep-alive
      ParameterSetName:
      - -g -o
      User-Agent:
      - python/3.7.3 (Darwin-18.6.0-x86_64-i386-64bit) msrest/0.6.7 msrest_azure/0.6.1
        managementlockclient/2.2.0 Azure-SDK-For-Python AZURECLI/2.0.67
      accept-language:
      - en-US
    method: GET
    uri: https://management.azure.com/subscriptions/00000000-0000-0000-0000-000000000000/resourceGroups/cli_test_lock_commands_with_ids000001/providers/Microsoft.Authorization/locks?api-version=2016-09-01
  response:
    body:
      string: '{"value":[]}'
    headers:
      cache-control:
      - no-cache
      content-length:
      - '12'
      content-type:
      - application/json; charset=utf-8
      date:
      - Fri, 21 Jun 2019 15:18:42 GMT
      expires:
      - '-1'
      pragma:
      - no-cache
      strict-transport-security:
      - max-age=31536000; includeSubDomains
      transfer-encoding:
      - chunked
      vary:
      - Accept-Encoding,Accept-Encoding
      x-content-type-options:
      - nosniff
    status:
      code: 200
      message: OK
- request:
    body: null
    headers:
      Accept:
      - application/json
      Accept-Encoding:
      - gzip, deflate
      CommandName:
      - group delete
      Connection:
      - keep-alive
      Content-Length:
      - '0'
      ParameterSetName:
      - --name --yes --no-wait
      User-Agent:
      - python/3.7.3 (Darwin-18.6.0-x86_64-i386-64bit) msrest/0.6.7 msrest_azure/0.6.1
        resourcemanagementclient/2.2.0 Azure-SDK-For-Python AZURECLI/2.0.67
      accept-language:
      - en-US
    method: DELETE
    uri: https://management.azure.com/subscriptions/00000000-0000-0000-0000-000000000000/resourcegroups/cli_test_lock_commands_with_ids000001?api-version=2018-02-01
  response:
    body:
      string: ''
    headers:
      cache-control:
      - no-cache
      content-length:
      - '0'
      date:
      - Fri, 21 Jun 2019 15:18:44 GMT
      expires:
      - '-1'
      location:
      - https://management.azure.com/subscriptions/00000000-0000-0000-0000-000000000000/operationresults/eyJqb2JJZCI6IlJFU09VUkNFR1JPVVBERUxFVElPTkpPQi1DTEk6NUZURVNUOjVGTE9DSzo1RkNPTU1BTkRTOjVGV0lUSDo1RklEU0FYQVo0U3wxQ0ZFMTBDNzM0OTlCN0NDLVdFU1RVUyIsImpvYkxvY2F0aW9uIjoid2VzdHVzIn0?api-version=2018-02-01
      pragma:
      - no-cache
      strict-transport-security:
      - max-age=31536000; includeSubDomains
      x-content-type-options:
      - nosniff
      x-ms-ratelimit-remaining-subscription-deletes:
      - '14999'
    status:
      code: 202
      message: Accepted
version: 1
