interactions:
- request:
    body: "{\"properties\": {\"parameters\": {\"location\": {\"value\": \"westus\"},
      \"name\": {\"value\": \"azure-cli-deploy-test-nsg1\"}}, \"mode\": \"Incremental\",
      template:{\r\n  \"$schema\": \"https://schema.management.azure.com/schemas/2015-01-01/deploymentTemplate.json#\",\r\n
      \ \"contentVersion\": \"1.0.0.0\",\r\n  \"parameters\": {\r\n    \"location\":
      {\r\n      \"type\": \"string\",\r\n      \"defaultValue\": \"[resourceGroup().location]\",\r\n
      \     \"metadata\": {\r\n        \"description\": \"Location for the network
      security group.\"\r\n      }\r\n    },\r\n    \"name\": {\r\n      \"type\":
      \"string\",\r\n      \"metadata\": {\r\n        \"description\": \"Name of the
      network security group.\"\r\n      }\r\n    }\r\n  },\r\n  \"variables\": {\r\n
      \ },\r\n  \"resources\": [\r\n    {\r\n      \"type\": \"Microsoft.Network/networkSecurityGroups\",\r\n
      \     \"name\": \"[parameters('name')]\",\r\n      \"apiVersion\": \"2015-06-15\",\r\n
      \     \"location\": \"[parameters('location')]\",\r\n      \"properties\": {\r\n
      \       \"securityRules\": [\r\n        ]\r\n      },\r\n      \"dependsOn\":
      [ ]\r\n    }\r\n  ],\r\n  \"outputs\": {\r\n    \"NewNSG\": {\r\n      \"type\":
      \"object\",\r\n      \"value\": \"[reference(parameters('name'))]\"\r\n    }\r\n
      \ }\r\n}\r\n}}"
    headers:
      Accept:
      - application/json
      Accept-Encoding:
      - gzip, deflate
      CommandName:
      - group deployment create
      Connection:
      - keep-alive
      Content-Length:
      - '1106'
      Content-Type:
      - application/json
      ParameterSetName:
      - -g -n --template-file --parameters --no-wait
      User-Agent:
      - AZURECLI/2.21.0 azsdk-python-azure-mgmt-resource/16.0.0 Python/3.8.0 (Windows-10-10.0.19041-SP0)
    method: POST
    uri: https://management.azure.com/subscriptions/00000000-0000-0000-0000-000000000000/resourcegroups/cli_test_group_deployment_no_wait000001/providers/Microsoft.Resources/deployments/mock-deployment/validate?api-version=2018-02-01
  response:
    body:
      string: '{"id":"/subscriptions/00000000-0000-0000-0000-000000000000/resourceGroups/cli_test_group_deployment_no_wait000001/providers/Microsoft.Resources/deployments/azure-cli-deployment","name":"azure-cli-deployment","properties":{"templateHash":"18214098974183646216","parameters":{"location":{"type":"String","value":"westus"},"name":{"type":"String","value":"azure-cli-deploy-test-nsg1"}},"mode":"Incremental","provisioningState":"Succeeded","timestamp":"2021-04-16T09:03:42.5861339Z","duration":"PT0S","correlationId":"f1a6c99a-ec7e-4325-b425-6f85a200515f","providers":[{"namespace":"Microsoft.Network","resourceTypes":[{"resourceType":"networkSecurityGroups","locations":["westus"]}]}],"dependencies":[],"validatedResources":[{"apiVersion":"2015-06-15","id":"/subscriptions/00000000-0000-0000-0000-000000000000/resourceGroups/cli_test_group_deployment_no_wait000001/providers/Microsoft.Network/networkSecurityGroups/azure-cli-deploy-test-nsg1","name":"azure-cli-deploy-test-nsg1","type":"Microsoft.Network/networkSecurityGroups","location":"westus","properties":{"securityRules":[]}}]}}'
    headers:
      cache-control:
      - no-cache
      content-length:
      - '1154'
      content-type:
      - application/json; charset=utf-8
      date:
      - Fri, 16 Apr 2021 09:03:42 GMT
      expires:
      - '-1'
      pragma:
      - no-cache
      strict-transport-security:
      - max-age=31536000; includeSubDomains
      transfer-encoding:
      - chunked
      vary:
      - Accept-Encoding
      x-content-type-options:
      - nosniff
      x-ms-ratelimit-remaining-subscription-writes:
      - '1199'
    status:
      code: 200
      message: OK
- request:
    body: "{\"properties\": {\"parameters\": {\"location\": {\"value\": \"westus\"},
      \"name\": {\"value\": \"azure-cli-deploy-test-nsg1\"}}, \"mode\": \"Incremental\",
      template:{\r\n  \"$schema\": \"https://schema.management.azure.com/schemas/2015-01-01/deploymentTemplate.json#\",\r\n
      \ \"contentVersion\": \"1.0.0.0\",\r\n  \"parameters\": {\r\n    \"location\":
      {\r\n      \"type\": \"string\",\r\n      \"defaultValue\": \"[resourceGroup().location]\",\r\n
      \     \"metadata\": {\r\n        \"description\": \"Location for the network
      security group.\"\r\n      }\r\n    },\r\n    \"name\": {\r\n      \"type\":
      \"string\",\r\n      \"metadata\": {\r\n        \"description\": \"Name of the
      network security group.\"\r\n      }\r\n    }\r\n  },\r\n  \"variables\": {\r\n
      \ },\r\n  \"resources\": [\r\n    {\r\n      \"type\": \"Microsoft.Network/networkSecurityGroups\",\r\n
      \     \"name\": \"[parameters('name')]\",\r\n      \"apiVersion\": \"2015-06-15\",\r\n
      \     \"location\": \"[parameters('location')]\",\r\n      \"properties\": {\r\n
      \       \"securityRules\": [\r\n        ]\r\n      },\r\n      \"dependsOn\":
      [ ]\r\n    }\r\n  ],\r\n  \"outputs\": {\r\n    \"NewNSG\": {\r\n      \"type\":
      \"object\",\r\n      \"value\": \"[reference(parameters('name'))]\"\r\n    }\r\n
      \ }\r\n}\r\n}}"
    headers:
      Accept:
      - application/json
      Accept-Encoding:
      - gzip, deflate
      CommandName:
      - group deployment create
      Connection:
      - keep-alive
      Content-Length:
      - '1106'
      Content-Type:
      - application/json
      ParameterSetName:
      - -g -n --template-file --parameters --no-wait
      User-Agent:
      - AZURECLI/2.21.0 azsdk-python-azure-mgmt-resource/16.0.0 Python/3.8.0 (Windows-10-10.0.19041-SP0)
    method: PUT
    uri: https://management.azure.com/subscriptions/00000000-0000-0000-0000-000000000000/resourcegroups/cli_test_group_deployment_no_wait000001/providers/Microsoft.Resources/deployments/mock-deployment?api-version=2018-02-01
  response:
    body:
      string: '{"id":"/subscriptions/00000000-0000-0000-0000-000000000000/resourceGroups/cli_test_group_deployment_no_wait000001/providers/Microsoft.Resources/deployments/azure-cli-deployment","name":"azure-cli-deployment","properties":{"templateHash":"18214098974183646216","parameters":{"location":{"type":"String","value":"westus"},"name":{"type":"String","value":"azure-cli-deploy-test-nsg1"}},"mode":"Incremental","provisioningState":"Accepted","timestamp":"2021-04-16T09:03:45.42646Z","duration":"PT1.8738361S","correlationId":"c691f1cd-4c2a-4ffd-b9aa-3e966d3d99b8","providers":[{"namespace":"Microsoft.Network","resourceTypes":[{"resourceType":"networkSecurityGroups","locations":["westus"]}]}],"dependencies":[]}}'
    headers:
      azure-asyncoperation:
      - https://management.azure.com/subscriptions/00000000-0000-0000-0000-000000000000/resourcegroups/cli_test_group_deployment_no_wait000001/providers/Microsoft.Resources/deployments/azure-cli-deployment/operationStatuses/08585830430619250112?api-version=2018-02-01
      cache-control:
      - no-cache
      content-length:
      - '742'
      content-type:
      - application/json; charset=utf-8
      date:
      - Fri, 16 Apr 2021 09:03:46 GMT
      expires:
      - '-1'
      pragma:
      - no-cache
      strict-transport-security:
      - max-age=31536000; includeSubDomains
      x-content-type-options:
      - nosniff
      x-ms-ratelimit-remaining-subscription-writes:
      - '1193'
    status:
      code: 201
      message: Created
- request:
    body: null
    headers:
      Accept:
      - application/json
      Accept-Encoding:
      - gzip, deflate
      CommandName:
      - group deployment wait
      Connection:
      - keep-alive
      ParameterSetName:
      - -g -n --created
      User-Agent:
      - AZURECLI/2.21.0 azsdk-python-azure-mgmt-resource/16.0.0 Python/3.8.0 (Windows-10-10.0.19041-SP0)
    method: GET
    uri: https://management.azure.com/subscriptions/00000000-0000-0000-0000-000000000000/resourcegroups/cli_test_group_deployment_no_wait000001/providers/Microsoft.Resources/deployments/mock-deployment?api-version=2018-02-01
  response:
    body:
      string: '{"id":"/subscriptions/00000000-0000-0000-0000-000000000000/resourceGroups/cli_test_group_deployment_no_wait000001/providers/Microsoft.Resources/deployments/azure-cli-deployment","name":"azure-cli-deployment","properties":{"templateHash":"18214098974183646216","parameters":{"location":{"type":"String","value":"westus"},"name":{"type":"String","value":"azure-cli-deploy-test-nsg1"}},"mode":"Incremental","provisioningState":"Running","timestamp":"2021-04-16T09:03:47.3488769Z","duration":"PT3.796253S","correlationId":"c691f1cd-4c2a-4ffd-b9aa-3e966d3d99b8","providers":[{"namespace":"Microsoft.Network","resourceTypes":[{"resourceType":"networkSecurityGroups","locations":["westus"]}]}],"dependencies":[]}}'
    headers:
      cache-control:
      - no-cache
      content-length:
      - '742'
      content-type:
      - application/json; charset=utf-8
      date:
      - Fri, 16 Apr 2021 09:03:47 GMT
      expires:
      - '-1'
      pragma:
      - no-cache
      strict-transport-security:
      - max-age=31536000; includeSubDomains
      vary:
      - Accept-Encoding
      x-content-type-options:
      - nosniff
    status:
      code: 200
      message: OK
- request:
    body: null
    headers:
      Accept:
      - application/json
      Accept-Encoding:
      - gzip, deflate
      CommandName:
      - group deployment wait
      Connection:
      - keep-alive
      ParameterSetName:
      - -g -n --created
      User-Agent:
      - AZURECLI/2.21.0 azsdk-python-azure-mgmt-resource/16.0.0 Python/3.8.0 (Windows-10-10.0.19041-SP0)
    method: GET
    uri: https://management.azure.com/subscriptions/00000000-0000-0000-0000-000000000000/resourcegroups/cli_test_group_deployment_no_wait000001/providers/Microsoft.Resources/deployments/mock-deployment?api-version=2018-02-01
  response:
    body:
      string: '{"id":"/subscriptions/00000000-0000-0000-0000-000000000000/resourceGroups/cli_test_group_deployment_no_wait000001/providers/Microsoft.Resources/deployments/azure-cli-deployment","name":"azure-cli-deployment","properties":{"templateHash":"18214098974183646216","parameters":{"location":{"type":"String","value":"westus"},"name":{"type":"String","value":"azure-cli-deploy-test-nsg1"}},"mode":"Incremental","provisioningState":"Succeeded","timestamp":"2021-04-16T09:04:00.1781898Z","duration":"PT16.6255659S","correlationId":"c691f1cd-4c2a-4ffd-b9aa-3e966d3d99b8","providers":[{"namespace":"Microsoft.Network","resourceTypes":[{"resourceType":"networkSecurityGroups","locations":["westus"]}]}],"dependencies":[],"outputs":{"newNSG":{"type":"Object","value":{"provisioningState":"Succeeded","resourceGuid":"7e2f497f-10d8-47bc-86a7-44817ec0bba6","securityRules":[],"defaultSecurityRules":[{"name":"AllowVnetInBound","id":"/subscriptions/00000000-0000-0000-0000-000000000000/resourceGroups/cli_test_group_deployment_no_wait000001/providers/Microsoft.Network/networkSecurityGroups/azure-cli-deploy-test-nsg1/defaultSecurityRules/AllowVnetInBound","etag":"W/\"9dddb449-c9e3-47cb-be24-29c82aee8730\"","type":"Microsoft.Network/networkSecurityGroups/defaultSecurityRules","properties":{"provisioningState":"Succeeded","description":"Allow
        inbound traffic from all VMs in VNET","protocol":"*","sourcePortRange":"*","destinationPortRange":"*","sourceAddressPrefix":"VirtualNetwork","destinationAddressPrefix":"VirtualNetwork","access":"Allow","priority":65000,"direction":"Inbound"}},{"name":"AllowAzureLoadBalancerInBound","id":"/subscriptions/00000000-0000-0000-0000-000000000000/resourceGroups/cli_test_group_deployment_no_wait000001/providers/Microsoft.Network/networkSecurityGroups/azure-cli-deploy-test-nsg1/defaultSecurityRules/AllowAzureLoadBalancerInBound","etag":"W/\"9dddb449-c9e3-47cb-be24-29c82aee8730\"","type":"Microsoft.Network/networkSecurityGroups/defaultSecurityRules","properties":{"provisioningState":"Succeeded","description":"Allow
        inbound traffic from azure load balancer","protocol":"*","sourcePortRange":"*","destinationPortRange":"*","sourceAddressPrefix":"AzureLoadBalancer","destinationAddressPrefix":"*","access":"Allow","priority":65001,"direction":"Inbound"}},{"name":"DenyAllInBound","id":"/subscriptions/00000000-0000-0000-0000-000000000000/resourceGroups/cli_test_group_deployment_no_wait000001/providers/Microsoft.Network/networkSecurityGroups/azure-cli-deploy-test-nsg1/defaultSecurityRules/DenyAllInBound","etag":"W/\"9dddb449-c9e3-47cb-be24-29c82aee8730\"","type":"Microsoft.Network/networkSecurityGroups/defaultSecurityRules","properties":{"provisioningState":"Succeeded","description":"Deny
        all inbound traffic","protocol":"*","sourcePortRange":"*","destinationPortRange":"*","sourceAddressPrefix":"*","destinationAddressPrefix":"*","access":"Deny","priority":65500,"direction":"Inbound"}},{"name":"AllowVnetOutBound","id":"/subscriptions/00000000-0000-0000-0000-000000000000/resourceGroups/cli_test_group_deployment_no_wait000001/providers/Microsoft.Network/networkSecurityGroups/azure-cli-deploy-test-nsg1/defaultSecurityRules/AllowVnetOutBound","etag":"W/\"9dddb449-c9e3-47cb-be24-29c82aee8730\"","type":"Microsoft.Network/networkSecurityGroups/defaultSecurityRules","properties":{"provisioningState":"Succeeded","description":"Allow
        outbound traffic from all VMs to all VMs in VNET","protocol":"*","sourcePortRange":"*","destinationPortRange":"*","sourceAddressPrefix":"VirtualNetwork","destinationAddressPrefix":"VirtualNetwork","access":"Allow","priority":65000,"direction":"Outbound"}},{"name":"AllowInternetOutBound","id":"/subscriptions/00000000-0000-0000-0000-000000000000/resourceGroups/cli_test_group_deployment_no_wait000001/providers/Microsoft.Network/networkSecurityGroups/azure-cli-deploy-test-nsg1/defaultSecurityRules/AllowInternetOutBound","etag":"W/\"9dddb449-c9e3-47cb-be24-29c82aee8730\"","type":"Microsoft.Network/networkSecurityGroups/defaultSecurityRules","properties":{"provisioningState":"Succeeded","description":"Allow
        outbound traffic from all VMs to Internet","protocol":"*","sourcePortRange":"*","destinationPortRange":"*","sourceAddressPrefix":"*","destinationAddressPrefix":"Internet","access":"Allow","priority":65001,"direction":"Outbound"}},{"name":"DenyAllOutBound","id":"/subscriptions/00000000-0000-0000-0000-000000000000/resourceGroups/cli_test_group_deployment_no_wait000001/providers/Microsoft.Network/networkSecurityGroups/azure-cli-deploy-test-nsg1/defaultSecurityRules/DenyAllOutBound","etag":"W/\"9dddb449-c9e3-47cb-be24-29c82aee8730\"","type":"Microsoft.Network/networkSecurityGroups/defaultSecurityRules","properties":{"provisioningState":"Succeeded","description":"Deny
        all outbound traffic","protocol":"*","sourcePortRange":"*","destinationPortRange":"*","sourceAddressPrefix":"*","destinationAddressPrefix":"*","access":"Deny","priority":65500,"direction":"Outbound"}}]}}},"outputResources":[{"id":"/subscriptions/00000000-0000-0000-0000-000000000000/resourceGroups/cli_test_group_deployment_no_wait000001/providers/Microsoft.Network/networkSecurityGroups/azure-cli-deploy-test-nsg1"}]}}'
    headers:
      cache-control:
      - no-cache
      content-length:
      - '5456'
      content-type:
      - application/json; charset=utf-8
      date:
      - Fri, 16 Apr 2021 09:04:17 GMT
      expires:
      - '-1'
      pragma:
      - no-cache
      strict-transport-security:
      - max-age=31536000; includeSubDomains
      vary:
      - Accept-Encoding
      x-content-type-options:
      - nosniff
    status:
      code: 200
      message: OK
- request:
    body: null
    headers:
      Accept:
      - application/json
      Accept-Encoding:
      - gzip, deflate
      CommandName:
      - group deployment show
      Connection:
      - keep-alive
      ParameterSetName:
      - -g -n
      User-Agent:
      - AZURECLI/2.21.0 azsdk-python-azure-mgmt-resource/16.0.0 Python/3.8.0 (Windows-10-10.0.19041-SP0)
    method: GET
    uri: https://management.azure.com/subscriptions/00000000-0000-0000-0000-000000000000/resourcegroups/cli_test_group_deployment_no_wait000001/providers/Microsoft.Resources/deployments/mock-deployment?api-version=2018-02-01
  response:
    body:
      string: '{"id":"/subscriptions/00000000-0000-0000-0000-000000000000/resourceGroups/cli_test_group_deployment_no_wait000001/providers/Microsoft.Resources/deployments/azure-cli-deployment","name":"azure-cli-deployment","properties":{"templateHash":"18214098974183646216","parameters":{"location":{"type":"String","value":"westus"},"name":{"type":"String","value":"azure-cli-deploy-test-nsg1"}},"mode":"Incremental","provisioningState":"Succeeded","timestamp":"2021-04-16T09:04:00.1781898Z","duration":"PT16.6255659S","correlationId":"c691f1cd-4c2a-4ffd-b9aa-3e966d3d99b8","providers":[{"namespace":"Microsoft.Network","resourceTypes":[{"resourceType":"networkSecurityGroups","locations":["westus"]}]}],"dependencies":[],"outputs":{"newNSG":{"type":"Object","value":{"provisioningState":"Succeeded","resourceGuid":"7e2f497f-10d8-47bc-86a7-44817ec0bba6","securityRules":[],"defaultSecurityRules":[{"name":"AllowVnetInBound","id":"/subscriptions/00000000-0000-0000-0000-000000000000/resourceGroups/cli_test_group_deployment_no_wait000001/providers/Microsoft.Network/networkSecurityGroups/azure-cli-deploy-test-nsg1/defaultSecurityRules/AllowVnetInBound","etag":"W/\"9dddb449-c9e3-47cb-be24-29c82aee8730\"","type":"Microsoft.Network/networkSecurityGroups/defaultSecurityRules","properties":{"provisioningState":"Succeeded","description":"Allow
        inbound traffic from all VMs in VNET","protocol":"*","sourcePortRange":"*","destinationPortRange":"*","sourceAddressPrefix":"VirtualNetwork","destinationAddressPrefix":"VirtualNetwork","access":"Allow","priority":65000,"direction":"Inbound"}},{"name":"AllowAzureLoadBalancerInBound","id":"/subscriptions/00000000-0000-0000-0000-000000000000/resourceGroups/cli_test_group_deployment_no_wait000001/providers/Microsoft.Network/networkSecurityGroups/azure-cli-deploy-test-nsg1/defaultSecurityRules/AllowAzureLoadBalancerInBound","etag":"W/\"9dddb449-c9e3-47cb-be24-29c82aee8730\"","type":"Microsoft.Network/networkSecurityGroups/defaultSecurityRules","properties":{"provisioningState":"Succeeded","description":"Allow
        inbound traffic from azure load balancer","protocol":"*","sourcePortRange":"*","destinationPortRange":"*","sourceAddressPrefix":"AzureLoadBalancer","destinationAddressPrefix":"*","access":"Allow","priority":65001,"direction":"Inbound"}},{"name":"DenyAllInBound","id":"/subscriptions/00000000-0000-0000-0000-000000000000/resourceGroups/cli_test_group_deployment_no_wait000001/providers/Microsoft.Network/networkSecurityGroups/azure-cli-deploy-test-nsg1/defaultSecurityRules/DenyAllInBound","etag":"W/\"9dddb449-c9e3-47cb-be24-29c82aee8730\"","type":"Microsoft.Network/networkSecurityGroups/defaultSecurityRules","properties":{"provisioningState":"Succeeded","description":"Deny
        all inbound traffic","protocol":"*","sourcePortRange":"*","destinationPortRange":"*","sourceAddressPrefix":"*","destinationAddressPrefix":"*","access":"Deny","priority":65500,"direction":"Inbound"}},{"name":"AllowVnetOutBound","id":"/subscriptions/00000000-0000-0000-0000-000000000000/resourceGroups/cli_test_group_deployment_no_wait000001/providers/Microsoft.Network/networkSecurityGroups/azure-cli-deploy-test-nsg1/defaultSecurityRules/AllowVnetOutBound","etag":"W/\"9dddb449-c9e3-47cb-be24-29c82aee8730\"","type":"Microsoft.Network/networkSecurityGroups/defaultSecurityRules","properties":{"provisioningState":"Succeeded","description":"Allow
        outbound traffic from all VMs to all VMs in VNET","protocol":"*","sourcePortRange":"*","destinationPortRange":"*","sourceAddressPrefix":"VirtualNetwork","destinationAddressPrefix":"VirtualNetwork","access":"Allow","priority":65000,"direction":"Outbound"}},{"name":"AllowInternetOutBound","id":"/subscriptions/00000000-0000-0000-0000-000000000000/resourceGroups/cli_test_group_deployment_no_wait000001/providers/Microsoft.Network/networkSecurityGroups/azure-cli-deploy-test-nsg1/defaultSecurityRules/AllowInternetOutBound","etag":"W/\"9dddb449-c9e3-47cb-be24-29c82aee8730\"","type":"Microsoft.Network/networkSecurityGroups/defaultSecurityRules","properties":{"provisioningState":"Succeeded","description":"Allow
        outbound traffic from all VMs to Internet","protocol":"*","sourcePortRange":"*","destinationPortRange":"*","sourceAddressPrefix":"*","destinationAddressPrefix":"Internet","access":"Allow","priority":65001,"direction":"Outbound"}},{"name":"DenyAllOutBound","id":"/subscriptions/00000000-0000-0000-0000-000000000000/resourceGroups/cli_test_group_deployment_no_wait000001/providers/Microsoft.Network/networkSecurityGroups/azure-cli-deploy-test-nsg1/defaultSecurityRules/DenyAllOutBound","etag":"W/\"9dddb449-c9e3-47cb-be24-29c82aee8730\"","type":"Microsoft.Network/networkSecurityGroups/defaultSecurityRules","properties":{"provisioningState":"Succeeded","description":"Deny
        all outbound traffic","protocol":"*","sourcePortRange":"*","destinationPortRange":"*","sourceAddressPrefix":"*","destinationAddressPrefix":"*","access":"Deny","priority":65500,"direction":"Outbound"}}]}}},"outputResources":[{"id":"/subscriptions/00000000-0000-0000-0000-000000000000/resourceGroups/cli_test_group_deployment_no_wait000001/providers/Microsoft.Network/networkSecurityGroups/azure-cli-deploy-test-nsg1"}]}}'
    headers:
      cache-control:
      - no-cache
      content-length:
      - '5456'
      content-type:
      - application/json; charset=utf-8
      date:
      - Fri, 16 Apr 2021 09:04:19 GMT
      expires:
      - '-1'
      pragma:
      - no-cache
      strict-transport-security:
      - max-age=31536000; includeSubDomains
      vary:
      - Accept-Encoding
      x-content-type-options:
      - nosniff
    status:
      code: 200
      message: OK
version: 1
