interactions:
- request:
    body: '{"location": "westus", "tags": {"use": "az-test"}}'
    headers:
      Accept: [application/json]
      Accept-Encoding: ['gzip, deflate']
      CommandName: [group create]
      Connection: [keep-alive]
      Content-Length: ['50']
      Content-Type: [application/json; charset=utf-8]
      User-Agent: [python/3.5.3 (Darwin-16.5.0-x86_64-i386-64bit) requests/2.9.1 msrest/0.4.6
          msrest_azure/0.4.7 resourcemanagementclient/0.30.2 Azure-SDK-For-Python
          AZURECLI/2.0.2+dev]
      accept-language: [en-US]
    method: PUT
    uri: https://management.azure.com/subscriptions/00000000-0000-0000-0000-000000000000/resourcegroups/clitest.rg000001?api-version=2016-09-01
  response:
    body: {string: '{"id":"/subscriptions/00000000-0000-0000-0000-000000000000/resourceGroups/clitest.rg000001","name":"clitest.rg000001","location":"westus","tags":{"use":"az-test"},"properties":{"provisioningState":"Succeeded"}}'}
    headers:
      cache-control: [no-cache]
      content-length: ['326']
      content-type: [application/json; charset=utf-8]
      date: ['Wed, 12 Apr 2017 22:13:30 GMT']
      expires: ['-1']
      pragma: [no-cache]
      strict-transport-security: [max-age=31536000; includeSubDomains]
      x-ms-ratelimit-remaining-subscription-writes: ['1198']
    status: {code: 201, message: Created}
- request:
    body: '{"location": "westus", "sku": {"name": "Standard_LRS"}, "kind": "Storage"}'
    headers:
      Accept: [application/json]
      Accept-Encoding: ['gzip, deflate']
      CommandName: [storage account create]
      Connection: [keep-alive]
      Content-Length: ['74']
      Content-Type: [application/json; charset=utf-8]
      User-Agent: [python/3.5.3 (Darwin-16.5.0-x86_64-i386-64bit) requests/2.9.1 msrest/0.4.6
          msrest_azure/0.4.7 storagemanagementclient/0.31.0 Azure-SDK-For-Python AZURECLI/2.0.2+dev]
      accept-language: [en-US]
    method: PUT
    uri: https://management.azure.com/subscriptions/00000000-0000-0000-0000-000000000000/resourceGroups/clitest.rg000001/providers/Microsoft.Storage/storageAccounts/clitest000002?api-version=2016-12-01
  response:
    body: {string: ''}
    headers:
      cache-control: [no-cache]
      content-length: ['0']
      date: ['Wed, 12 Apr 2017 22:13:31 GMT']
      expires: ['-1']
      location: ['https://management.azure.com/subscriptions/00000000-0000-0000-0000-000000000000/providers/Microsoft.Storage/operations/03101929-2126-4504-89fb-2f460dd62ded?monitor=true&api-version=2016-12-01']
      pragma: [no-cache]
      retry-after: ['17']
      server: [Microsoft-Azure-Storage-Resource-Provider/1.0, Microsoft-HTTPAPI/2.0]
      strict-transport-security: [max-age=31536000; includeSubDomains]
      x-ms-ratelimit-remaining-subscription-writes: ['1196']
    status: {code: 202, message: Accepted}
- request:
    body: null
    headers:
      Accept: [application/json]
      Accept-Encoding: ['gzip, deflate']
      CommandName: [storage account create]
      Connection: [keep-alive]
      Content-Type: [application/json; charset=utf-8]
      User-Agent: [python/3.5.3 (Darwin-16.5.0-x86_64-i386-64bit) requests/2.9.1 msrest/0.4.6
          msrest_azure/0.4.7 storagemanagementclient/0.31.0 Azure-SDK-For-Python AZURECLI/2.0.2+dev]
      accept-language: [en-US]
    method: GET
    uri: https://management.azure.com/subscriptions/00000000-0000-0000-0000-000000000000/providers/Microsoft.Storage/operations/03101929-2126-4504-89fb-2f460dd62ded?monitor=true&api-version=2016-12-01
  response:
    body: {string: '{"id":"/subscriptions/00000000-0000-0000-0000-000000000000/resourceGroups/clitest.rg000001/providers/Microsoft.Storage/storageAccounts/clitest000002","kind":"Storage","location":"westus","name":"clitest000002","properties":{"creationTime":"2017-04-12T22:13:32.9377302Z","primaryEndpoints":{"blob":"https://clitest000002.blob.core.windows.net/","file":"https://clitest000002.file.core.windows.net/","queue":"https://clitest000002.queue.core.windows.net/","table":"https://clitest000002.table.core.windows.net/"},"primaryLocation":"westus","provisioningState":"Succeeded","statusOfPrimary":"available","supportsHttpsTrafficOnly":false},"sku":{"name":"Standard_LRS","tier":"Standard"},"tags":{},"type":"Microsoft.Storage/storageAccounts"}

'}
    headers:
      cache-control: [no-cache]
      content-length: ['860']
      content-type: [application/json]
      date: ['Wed, 12 Apr 2017 22:13:49 GMT']
      expires: ['-1']
      pragma: [no-cache]
      server: [Microsoft-Azure-Storage-Resource-Provider/1.0, Microsoft-HTTPAPI/2.0]
      strict-transport-security: [max-age=31536000; includeSubDomains]
      transfer-encoding: [chunked]
      vary: [Accept-Encoding]
    status: {code: 200, message: OK}
- request:
    body: null
    headers:
      Accept: [application/json]
      Accept-Encoding: ['gzip, deflate']
      CommandName: [storage account keys list]
      Connection: [keep-alive]
      Content-Length: ['0']
      Content-Type: [application/json; charset=utf-8]
      User-Agent: [python/3.5.3 (Darwin-16.5.0-x86_64-i386-64bit) requests/2.9.1 msrest/0.4.6
          msrest_azure/0.4.7 storagemanagementclient/0.31.0 Azure-SDK-For-Python AZURECLI/2.0.2+dev]
      accept-language: [en-US]
    method: POST
    uri: https://management.azure.com/subscriptions/00000000-0000-0000-0000-000000000000/resourceGroups/clitest.rg000001/providers/Microsoft.Storage/storageAccounts/clitest000002/listKeys?api-version=2016-12-01
  response:
    body: {string: '{"keys":[{"keyName":"key1","permissions":"Full","value":"q5bA5BcGSvFq/XgF9nrPeB5Bigda6fAMgDhi64miU+xA6Y3XZ15LjjM4RHl6tg5Fm90DUfKYk+bpMQEZtmSXng=="},{"keyName":"key2","permissions":"Full","value":"BYTKY5akKLzwUJ1Qi6kvcmvaKkeXHYEjUIXiLyA8/hssAGOsWcCkEO1Gzz0/Xzxs9i5mUNX8NvoF2RayhR5GDA=="}]}

'}
    headers:
      cache-control: [no-cache]
      content-length: ['289']
      content-type: [application/json]
      date: ['Wed, 12 Apr 2017 22:13:50 GMT']
      expires: ['-1']
      pragma: [no-cache]
      server: [Microsoft-Azure-Storage-Resource-Provider/1.0, Microsoft-HTTPAPI/2.0]
      strict-transport-security: [max-age=31536000; includeSubDomains]
      transfer-encoding: [chunked]
      vary: [Accept-Encoding]
      x-ms-ratelimit-remaining-subscription-writes: ['1195']
    status: {code: 200, message: OK}
- request:
    body: null
    headers:
      Connection: [keep-alive]
      Content-Length: ['0']
      User-Agent: [Azure-Storage/0.34.0 (Python CPython 3.5.3; Darwin 16.5.0) AZURECLI/2.0.2+dev]
      x-ms-date: ['Wed, 12 Apr 2017 22:13:50 GMT']
      x-ms-version: ['2016-05-31']
    method: PUT
    uri: https://clitest000002.blob.core.windows.net/cont000004?restype=container
  response:
    body: {string: ''}
    headers:
      date: ['Wed, 12 Apr 2017 22:13:50 GMT']
      etag: ['"0x8D481F132F2D535"']
      last-modified: ['Wed, 12 Apr 2017 22:13:50 GMT']
      server: [Windows-Azure-Blob/1.0 Microsoft-HTTPAPI/2.0]
      transfer-encoding: [chunked]
      x-ms-version: ['2016-05-31']
    status: {code: 201, message: Created}
- request:
    body: null
    headers:
      Connection: [keep-alive]
      User-Agent: [Azure-Storage/0.34.0 (Python CPython 3.5.3; Darwin 16.5.0) AZURECLI/2.0.2+dev]
      x-ms-date: ['Wed, 12 Apr 2017 22:13:51 GMT']
      x-ms-version: ['2016-05-31']
    method: HEAD
    uri: https://clitest000002.blob.core.windows.net/cont000004/blob000003
  response:
    body: {string: ''}
    headers:
      date: ['Wed, 12 Apr 2017 22:13:50 GMT']
      server: [Windows-Azure-Blob/1.0 Microsoft-HTTPAPI/2.0]
      transfer-encoding: [chunked]
      x-ms-version: ['2016-05-31']
    status: {code: 404, message: The specified blob does not exist.}
- request:
    body: '!!! The request body has been omitted from the recording because its size
      4194304 is larger than 128KB. !!!'
    headers:
      Connection: [keep-alive]
      Content-Length: ['4194304']
      User-Agent: [Azure-Storage/0.34.0 (Python CPython 3.5.3; Darwin 16.5.0) AZURECLI/2.0.2+dev]
      x-ms-date: ['Wed, 12 Apr 2017 22:13:51 GMT']
      x-ms-version: ['2016-05-31']
    method: PUT
    uri: https://clitest000002.blob.core.windows.net/cont000004/blob000003?comp=block&blockid=TURBd01EQXdNREF3TURBd01EQXdNREF3TURBd01EQXdNREF3TURBd01EQSUzRA%3D%3D
  response:
    body: {string: ''}
    headers:
      content-md5: [tc+p1sj+vWGPkawoQ9UKHA==]
      date: ['Wed, 12 Apr 2017 22:13:51 GMT']
      server: [Windows-Azure-Blob/1.0 Microsoft-HTTPAPI/2.0]
      transfer-encoding: [chunked]
      x-ms-request-server-encrypted: ['false']
      x-ms-version: ['2016-05-31']
    status: {code: 201, message: Created}
- request:
    body: '!!! The request body has been omitted from the recording because its size
      4194304 is larger than 128KB. !!!'
    headers:
      Connection: [keep-alive]
      Content-Length: ['4194304']
      User-Agent: [Azure-Storage/0.34.0 (Python CPython 3.5.3; Darwin 16.5.0) AZURECLI/2.0.2+dev]
      x-ms-date: ['Wed, 12 Apr 2017 22:13:52 GMT']
      x-ms-version: ['2016-05-31']
    method: PUT
    uri: https://clitest000002.blob.core.windows.net/cont000004/blob000003?comp=block&blockid=TURBd01EQXdNREF3TURBd01EQXdNREF3TURBd01EQXdNVEkxT0RJNU1USSUzRA%3D%3D
  response:
    body: {string: ''}
    headers:
      content-md5: [tc+p1sj+vWGPkawoQ9UKHA==]
      date: ['Wed, 12 Apr 2017 22:13:51 GMT']
      server: [Windows-Azure-Blob/1.0 Microsoft-HTTPAPI/2.0]
      transfer-encoding: [chunked]
      x-ms-request-server-encrypted: ['false']
      x-ms-version: ['2016-05-31']
    status: {code: 201, message: Created}
- request:
    body: '!!! The request body has been omitted from the recording because its size
      4194304 is larger than 128KB. !!!'
    headers:
      Connection: [keep-alive]
      Content-Length: ['4194304']
      User-Agent: [Azure-Storage/0.34.0 (Python CPython 3.5.3; Darwin 16.5.0) AZURECLI/2.0.2+dev]
      x-ms-date: ['Wed, 12 Apr 2017 22:13:52 GMT']
      x-ms-version: ['2016-05-31']
    method: PUT
    uri: https://clitest000002.blob.core.windows.net/cont000004/blob000003?comp=block&blockid=TURBd01EQXdNREF3TURBd01EQXdNREF3TURBd01EQXdNVFkzTnpjeU1UWSUzRA%3D%3D
  response:
    body: {string: ''}
    headers:
      content-md5: [tc+p1sj+vWGPkawoQ9UKHA==]
      date: ['Wed, 12 Apr 2017 22:13:51 GMT']
      server: [Windows-Azure-Blob/1.0 Microsoft-HTTPAPI/2.0]
      transfer-encoding: [chunked]
      x-ms-request-server-encrypted: ['false']
      x-ms-version: ['2016-05-31']
    status: {code: 201, message: Created}
- request:
    body: '!!! The request body has been omitted from the recording because its size
      4194304 is larger than 128KB. !!!'
    headers:
      Connection: [keep-alive]
      Content-Length: ['4194304']
      User-Agent: [Azure-Storage/0.34.0 (Python CPython 3.5.3; Darwin 16.5.0) AZURECLI/2.0.2+dev]
      x-ms-date: ['Wed, 12 Apr 2017 22:13:52 GMT']
      x-ms-version: ['2016-05-31']
    method: PUT
    uri: https://clitest000002.blob.core.windows.net/cont000004/blob000003?comp=block&blockid=TURBd01EQXdNREF3TURBd01EQXdNREF3TURBd01EQXdNakE1TnpFMU1qQSUzRA%3D%3D
  response:
    body: {string: ''}
    headers:
      content-md5: [tc+p1sj+vWGPkawoQ9UKHA==]
      date: ['Wed, 12 Apr 2017 22:13:51 GMT']
      server: [Windows-Azure-Blob/1.0 Microsoft-HTTPAPI/2.0]
      transfer-encoding: [chunked]
      x-ms-request-server-encrypted: ['false']
      x-ms-version: ['2016-05-31']
    status: {code: 201, message: Created}
- request:
    body: '!!! The request body has been omitted from the recording because its size
      4194304 is larger than 128KB. !!!'
    headers:
      Connection: [keep-alive]
      Content-Length: ['4194304']
      User-Agent: [Azure-Storage/0.34.0 (Python CPython 3.5.3; Darwin 16.5.0) AZURECLI/2.0.2+dev]
      x-ms-date: ['Wed, 12 Apr 2017 22:13:51 GMT']
      x-ms-version: ['2016-05-31']
    method: PUT
    uri: https://clitest000002.blob.core.windows.net/cont000004/blob000003?comp=block&blockid=TURBd01EQXdNREF3TURBd01EQXdNREF3TURBd01EQXdNRGd6T0RnMk1EZyUzRA%3D%3D
  response:
    body: {string: ''}
    headers:
      content-md5: [tc+p1sj+vWGPkawoQ9UKHA==]
      date: ['Wed, 12 Apr 2017 22:13:52 GMT']
      server: [Windows-Azure-Blob/1.0 Microsoft-HTTPAPI/2.0]
      transfer-encoding: [chunked]
      x-ms-request-server-encrypted: ['false']
      x-ms-version: ['2016-05-31']
    status: {code: 201, message: Created}
- request:
    body: '!!! The request body has been omitted from the recording because its size
      4194304 is larger than 128KB. !!!'
    headers:
      Connection: [keep-alive]
      Content-Length: ['4194304']
      User-Agent: [Azure-Storage/0.34.0 (Python CPython 3.5.3; Darwin 16.5.0) AZURECLI/2.0.2+dev]
      x-ms-date: ['Wed, 12 Apr 2017 22:13:52 GMT']
      x-ms-version: ['2016-05-31']
    method: PUT
    uri: https://clitest000002.blob.core.windows.net/cont000004/blob000003?comp=block&blockid=TURBd01EQXdNREF3TURBd01EQXdNREF3TURBd01EQXdNalV4TmpVNE1qUSUzRA%3D%3D
  response:
    body: {string: ''}
    headers:
      content-md5: [tc+p1sj+vWGPkawoQ9UKHA==]
      date: ['Wed, 12 Apr 2017 22:13:51 GMT']
      server: [Windows-Azure-Blob/1.0 Microsoft-HTTPAPI/2.0]
      transfer-encoding: [chunked]
      x-ms-request-server-encrypted: ['false']
      x-ms-version: ['2016-05-31']
    status: {code: 201, message: Created}
- request:
    body: '!!! The request body has been omitted from the recording because its size
      4194304 is larger than 128KB. !!!'
    headers:
      Connection: [keep-alive]
      Content-Length: ['4194304']
      User-Agent: [Azure-Storage/0.34.0 (Python CPython 3.5.3; Darwin 16.5.0) AZURECLI/2.0.2+dev]
      x-ms-date: ['Wed, 12 Apr 2017 22:13:52 GMT']
      x-ms-version: ['2016-05-31']
    method: PUT
    uri: https://clitest000002.blob.core.windows.net/cont000004/blob000003?comp=block&blockid=TURBd01EQXdNREF3TURBd01EQXdNREF3TURBd01EQXdNamt6TmpBeE1qZyUzRA%3D%3D
  response:
    body: {string: ''}
    headers:
      content-md5: [tc+p1sj+vWGPkawoQ9UKHA==]
      date: ['Wed, 12 Apr 2017 22:13:52 GMT']
      server: [Windows-Azure-Blob/1.0 Microsoft-HTTPAPI/2.0]
      transfer-encoding: [chunked]
      x-ms-request-server-encrypted: ['false']
      x-ms-version: ['2016-05-31']
    status: {code: 201, message: Created}
- request:
    body: '!!! The request body has been omitted from the recording because its size
      4194304 is larger than 128KB. !!!'
    headers:
      Connection: [keep-alive]
      Content-Length: ['4194304']
      User-Agent: [Azure-Storage/0.34.0 (Python CPython 3.5.3; Darwin 16.5.0) AZURECLI/2.0.2+dev]
      x-ms-date: ['Wed, 12 Apr 2017 22:13:52 GMT']
      x-ms-version: ['2016-05-31']
    method: PUT
    uri: https://clitest000002.blob.core.windows.net/cont000004/blob000003?comp=block&blockid=TURBd01EQXdNREF3TURBd01EQXdNREF3TURBd01EQXdNek0xTlRRME16SSUzRA%3D%3D
  response:
    body: {string: ''}
    headers:
      content-md5: [tc+p1sj+vWGPkawoQ9UKHA==]
      date: ['Wed, 12 Apr 2017 22:13:52 GMT']
      server: [Windows-Azure-Blob/1.0 Microsoft-HTTPAPI/2.0]
      transfer-encoding: [chunked]
      x-ms-request-server-encrypted: ['false']
      x-ms-version: ['2016-05-31']
    status: {code: 201, message: Created}
- request:
    body: '!!! The request body has been omitted from the recording because its size
      4194304 is larger than 128KB. !!!'
    headers:
      Connection: [keep-alive]
      Content-Length: ['4194304']
      User-Agent: [Azure-Storage/0.34.0 (Python CPython 3.5.3; Darwin 16.5.0) AZURECLI/2.0.2+dev]
      x-ms-date: ['Wed, 12 Apr 2017 22:13:52 GMT']
      x-ms-version: ['2016-05-31']
    method: PUT
    uri: https://clitest000002.blob.core.windows.net/cont000004/blob000003?comp=block&blockid=TURBd01EQXdNREF3TURBd01EQXdNREF3TURBd01EQXdNemMzTkRnM016WSUzRA%3D%3D
  response:
    body: {string: ''}
    headers:
      content-md5: [tc+p1sj+vWGPkawoQ9UKHA==]
      date: ['Wed, 12 Apr 2017 22:13:52 GMT']
      server: [Windows-Azure-Blob/1.0 Microsoft-HTTPAPI/2.0]
      transfer-encoding: [chunked]
      x-ms-request-server-encrypted: ['false']
      x-ms-version: ['2016-05-31']
    status: {code: 201, message: Created}
- request:
    body: '!!! The request body has been omitted from the recording because its size
      4194304 is larger than 128KB. !!!'
    headers:
      Connection: [keep-alive]
      Content-Length: ['4194304']
      User-Agent: [Azure-Storage/0.34.0 (Python CPython 3.5.3; Darwin 16.5.0) AZURECLI/2.0.2+dev]
      x-ms-date: ['Wed, 12 Apr 2017 22:13:53 GMT']
      x-ms-version: ['2016-05-31']
    method: PUT
    uri: https://clitest000002.blob.core.windows.net/cont000004/blob000003?comp=block&blockid=TURBd01EQXdNREF3TURBd01EQXdNREF3TURBd01EQXdOREU1TkRNd05EQSUzRA%3D%3D
  response:
    body: {string: ''}
    headers:
      content-md5: [tc+p1sj+vWGPkawoQ9UKHA==]
      date: ['Wed, 12 Apr 2017 22:13:52 GMT']
      server: [Windows-Azure-Blob/1.0 Microsoft-HTTPAPI/2.0]
      transfer-encoding: [chunked]
      x-ms-request-server-encrypted: ['false']
      x-ms-version: ['2016-05-31']
    status: {code: 201, message: Created}
- request:
    body: '!!! The request body has been omitted from the recording because its size
      4194304 is larger than 128KB. !!!'
    headers:
      Connection: [keep-alive]
      Content-Length: ['4194304']
      User-Agent: [Azure-Storage/0.34.0 (Python CPython 3.5.3; Darwin 16.5.0) AZURECLI/2.0.2+dev]
      x-ms-date: ['Wed, 12 Apr 2017 22:13:53 GMT']
      x-ms-version: ['2016-05-31']
    method: PUT
    uri: https://clitest000002.blob.core.windows.net/cont000004/blob000003?comp=block&blockid=TURBd01EQXdNREF3TURBd01EQXdNREF3TURBd01EQXdORFl4TXpjek5EUSUzRA%3D%3D
  response:
    body: {string: ''}
    headers:
      content-md5: [tc+p1sj+vWGPkawoQ9UKHA==]
      date: ['Wed, 12 Apr 2017 22:13:52 GMT']
      server: [Windows-Azure-Blob/1.0 Microsoft-HTTPAPI/2.0]
      transfer-encoding: [chunked]
      x-ms-request-server-encrypted: ['false']
      x-ms-version: ['2016-05-31']
    status: {code: 201, message: Created}
- request:
    body: '!!! The request body has been omitted from the recording because its size
      4194304 is larger than 128KB. !!!'
    headers:
      Connection: [keep-alive]
      Content-Length: ['4194304']
      User-Agent: [Azure-Storage/0.34.0 (Python CPython 3.5.3; Darwin 16.5.0) AZURECLI/2.0.2+dev]
      x-ms-date: ['Wed, 12 Apr 2017 22:13:53 GMT']
      x-ms-version: ['2016-05-31']
    method: PUT
    uri: https://clitest000002.blob.core.windows.net/cont000004/blob000003?comp=block&blockid=TURBd01EQXdNREF3TURBd01EQXdNREF3TURBd01EQXdOVEF6TXpFMk5EZyUzRA%3D%3D
  response:
    body: {string: ''}
    headers:
      content-md5: [tc+p1sj+vWGPkawoQ9UKHA==]
      date: ['Wed, 12 Apr 2017 22:13:52 GMT']
      server: [Windows-Azure-Blob/1.0 Microsoft-HTTPAPI/2.0]
      transfer-encoding: [chunked]
      x-ms-request-server-encrypted: ['false']
      x-ms-version: ['2016-05-31']
    status: {code: 201, message: Created}
- request:
    body: '!!! The request body has been omitted from the recording because its size
      4194304 is larger than 128KB. !!!'
    headers:
      Connection: [keep-alive]
      Content-Length: ['4194304']
      User-Agent: [Azure-Storage/0.34.0 (Python CPython 3.5.3; Darwin 16.5.0) AZURECLI/2.0.2+dev]
      x-ms-date: ['Wed, 12 Apr 2017 22:13:53 GMT']
      x-ms-version: ['2016-05-31']
    method: PUT
    uri: https://clitest000002.blob.core.windows.net/cont000004/blob000003?comp=block&blockid=TURBd01EQXdNREF3TURBd01EQXdNREF3TURBd01EQXdOVFExTWpVNU5USSUzRA%3D%3D
  response:
    body: {string: ''}
    headers:
      content-md5: [tc+p1sj+vWGPkawoQ9UKHA==]
      date: ['Wed, 12 Apr 2017 22:13:53 GMT']
      server: [Windows-Azure-Blob/1.0 Microsoft-HTTPAPI/2.0]
      transfer-encoding: [chunked]
      x-ms-request-server-encrypted: ['false']
      x-ms-version: ['2016-05-31']
    status: {code: 201, message: Created}
- request:
    body: '!!! The request body has been omitted from the recording because its size
      4194304 is larger than 128KB. !!!'
    headers:
      Connection: [keep-alive]
      Content-Length: ['4194304']
      User-Agent: [Azure-Storage/0.34.0 (Python CPython 3.5.3; Darwin 16.5.0) AZURECLI/2.0.2+dev]
      x-ms-date: ['Wed, 12 Apr 2017 22:13:53 GMT']
      x-ms-version: ['2016-05-31']
    method: PUT
    uri: https://clitest000002.blob.core.windows.net/cont000004/blob000003?comp=block&blockid=TURBd01EQXdNREF3TURBd01EQXdNREF3TURBd01EQXdOVGczTWpBeU5UWSUzRA%3D%3D
  response:
    body: {string: ''}
    headers:
      content-md5: [tc+p1sj+vWGPkawoQ9UKHA==]
      date: ['Wed, 12 Apr 2017 22:13:52 GMT']
      server: [Windows-Azure-Blob/1.0 Microsoft-HTTPAPI/2.0]
      transfer-encoding: [chunked]
      x-ms-request-server-encrypted: ['false']
      x-ms-version: ['2016-05-31']
    status: {code: 201, message: Created}
- request:
    body: '!!! The request body has been omitted from the recording because its size
      4194304 is larger than 128KB. !!!'
    headers:
      Connection: [keep-alive]
      Content-Length: ['4194304']
      User-Agent: [Azure-Storage/0.34.0 (Python CPython 3.5.3; Darwin 16.5.0) AZURECLI/2.0.2+dev]
      x-ms-date: ['Wed, 12 Apr 2017 22:13:53 GMT']
      x-ms-version: ['2016-05-31']
    method: PUT
    uri: https://clitest000002.blob.core.windows.net/cont000004/blob000003?comp=block&blockid=TURBd01EQXdNREF3TURBd01EQXdNREF3TURBd01EQXdOakk1TVRRMU5qQSUzRA%3D%3D
  response:
    body: {string: ''}
    headers:
      content-md5: [tc+p1sj+vWGPkawoQ9UKHA==]
      date: ['Wed, 12 Apr 2017 22:13:53 GMT']
      server: [Windows-Azure-Blob/1.0 Microsoft-HTTPAPI/2.0]
      transfer-encoding: [chunked]
      x-ms-request-server-encrypted: ['false']
      x-ms-version: ['2016-05-31']
    status: {code: 201, message: Created}
- request:
    body: '<?xml version=''1.0'' encoding=''utf-8''?>

      <BlockList><Latest>TURBd01EQXdNREF3TURBd01EQXdNREF3TURBd01EQXdNREF3TURBd01EQSUzRA==</Latest><Latest>TURBd01EQXdNREF3TURBd01EQXdNREF3TURBd01EQXdNRFF4T1RRek1EUSUzRA==</Latest><Latest>TURBd01EQXdNREF3TURBd01EQXdNREF3TURBd01EQXdNRGd6T0RnMk1EZyUzRA==</Latest><Latest>TURBd01EQXdNREF3TURBd01EQXdNREF3TURBd01EQXdNVEkxT0RJNU1USSUzRA==</Latest><Latest>TURBd01EQXdNREF3TURBd01EQXdNREF3TURBd01EQXdNVFkzTnpjeU1UWSUzRA==</Latest><Latest>TURBd01EQXdNREF3TURBd01EQXdNREF3TURBd01EQXdNakE1TnpFMU1qQSUzRA==</Latest><Latest>TURBd01EQXdNREF3TURBd01EQXdNREF3TURBd01EQXdNalV4TmpVNE1qUSUzRA==</Latest><Latest>TURBd01EQXdNREF3TURBd01EQXdNREF3TURBd01EQXdNamt6TmpBeE1qZyUzRA==</Latest><Latest>TURBd01EQXdNREF3TURBd01EQXdNREF3TURBd01EQXdNek0xTlRRME16SSUzRA==</Latest><Latest>TURBd01EQXdNREF3TURBd01EQXdNREF3TURBd01EQXdNemMzTkRnM016WSUzRA==</Latest><Latest>TURBd01EQXdNREF3TURBd01EQXdNREF3TURBd01EQXdOREU1TkRNd05EQSUzRA==</Latest><Latest>TURBd01EQXdNREF3TURBd01EQXdNREF3TURBd01EQXdORFl4TXpjek5EUSUzRA==</Latest><Latest>TURBd01EQXdNREF3TURBd01EQXdNREF3TURBd01EQXdOVEF6TXpFMk5EZyUzRA==</Latest><Latest>TURBd01EQXdNREF3TURBd01EQXdNREF3TURBd01EQXdOVFExTWpVNU5USSUzRA==</Latest><Latest>TURBd01EQXdNREF3TURBd01EQXdNREF3TURBd01EQXdOVGczTWpBeU5UWSUzRA==</Latest><Latest>TURBd01EQXdNREF3TURBd01EQXdNREF3TURBd01EQXdOakk1TVRRMU5qQSUzRA==</Latest></BlockList>'
    headers:
      Connection: [keep-alive]
      Content-Length: ['1358']
      User-Agent: [Azure-Storage/0.34.0 (Python CPython 3.5.3; Darwin 16.5.0) AZURECLI/2.0.2+dev]
      x-ms-date: ['Wed, 12 Apr 2017 22:13:53 GMT']
      x-ms-version: ['2016-05-31']
    method: PUT
    uri: https://clitest000002.blob.core.windows.net/cont000004/blob000003?comp=blocklist
  response:
    body: {string: ''}
    headers:
      content-md5: [3n1Wn5onWkQf7ogldWIKXA==]
      date: ['Wed, 12 Apr 2017 22:13:53 GMT']
      etag: ['"0x8D481F1349DAE2E"']
      last-modified: ['Wed, 12 Apr 2017 22:13:53 GMT']
      server: [Windows-Azure-Blob/1.0 Microsoft-HTTPAPI/2.0]
      transfer-encoding: [chunked]
      x-ms-request-server-encrypted: ['false']
      x-ms-version: ['2016-05-31']
    status: {code: 201, message: Created}
version: 1
