interactions:
- request:
    body: null
    headers:
      Accept: [application/json]
      Accept-Encoding: ['gzip, deflate']
      Connection: [keep-alive]
      Content-Length: ['0']
      Content-Type: [application/json; charset=utf-8]
      User-Agent: [python/2.7.13 (Darwin-16.4.0-x86_64-i386-64bit) requests/2.9.1
          msrest/0.4.4 msrest_azure/0.4.7 storagemanagementclient/0.31.0 Azure-SDK-For-Python
          AZURECLI/TEST/0.1.1b3+dev]
      accept-language: [en-US]
      x-ms-client-request-id: [855a9640-ecc4-11e6-95b6-3c15c2cf0610]
    method: POST
    uri: https://management.azure.com/subscriptions/00000000-0000-0000-0000-000000000000/resourceGroups/vcr_resource_group/providers/Microsoft.Storage/storageAccounts/dummystorage.listKeys?api-version=2016-12-01
  response:
    body: {string: !!python/unicode '{"keys":[{"keyName":"key1","permissions":"Full","value":"6gPs4fLluwqOLStKm0W6m5FSixbyG8MwwNkgJwC2swaRsA2+1plPc6NzL0JrHqawXl3DLOmv+lTTEAWibnPOXA=="},{"keyName":"key2","permissions":"Full","value":"qEXIeydWu+ar7x/aMlICgF3iW4KWZOJd8by7hET2LTVF/bKf1onIJrE+fqXzfyV5oo+RYQarP2ZNLOF+4Zkekw=="}]}

        '}
    headers:
      cache-control: [no-cache]
      content-length: ['289']
      content-type: [application/json]
      date: ['Mon, 06 Feb 2017 23:32:27 GMT']
      expires: ['-1']
      pragma: [no-cache]
      server: [Microsoft-Azure-Storage-Resource-Provider/1.0, Microsoft-HTTPAPI/2.0]
      strict-transport-security: [max-age=31536000; includeSubDomains]
      transfer-encoding: [chunked]
      vary: [Accept-Encoding]
      x-ms-ratelimit-remaining-subscription-writes: ['1193']
    status: {code: 200, message: OK}
- request:
    body: null
    headers:
      Connection: [keep-alive]
      User-Agent: [Azure-Storage/0.33.0 (Python CPython 2.7.13; Darwin 16.4.0) AZURECLI/0.1.1b3+dev]
      x-ms-client-request-id: [7571acf0-ecc4-11e6-be16-3c15c2cf0610]
      x-ms-date: ['Mon, 06 Feb 2017 23:32:29 GMT']
      x-ms-version: ['2015-07-08']
    method: GET
    uri: https://dummystorage.blob.core.windows.net/acltestcontainer?comp=acl&restype=container
  response:
    body: {string: "\uFEFF<?xml version=\"1.0\" encoding=\"utf-8\"?><SignedIdentifiers\
        \ />"}
    headers:
      content-type: [application/xml]
      date: ['Mon, 06 Feb 2017 23:32:29 GMT']
      etag: ['"0x8D44EE8697D1004"']
      last-modified: ['Mon, 06 Feb 2017 23:32:27 GMT']
      server: [Windows-Azure-Blob/1.0 Microsoft-HTTPAPI/2.0]
      transfer-encoding: [chunked]
      x-ms-version: ['2015-07-08']
    status: {code: 200, message: OK}
- request:
    body: null
    headers:
      Connection: [keep-alive]
      User-Agent: [Azure-Storage/0.33.0 (Python CPython 2.7.13; Darwin 16.4.0) AZURECLI/0.1.1b3+dev]
      x-ms-client-request-id: [7571acf0-ecc4-11e6-be16-3c15c2cf0610]
      x-ms-date: ['Mon, 06 Feb 2017 23:32:30 GMT']
      x-ms-version: ['2015-07-08']
    method: GET
    uri: https://dummystorage.blob.core.windows.net/acltestcontainer?comp=acl&restype=container
  response:
    body: {string: "\uFEFF<?xml version=\"1.0\" encoding=\"utf-8\"?><SignedIdentifiers\
        \ />"}
    headers:
      content-type: [application/xml]
      date: ['Mon, 06 Feb 2017 23:32:30 GMT']
      etag: ['"0x8D44EE8697D1004"']
      last-modified: ['Mon, 06 Feb 2017 23:32:27 GMT']
      server: [Windows-Azure-Blob/1.0 Microsoft-HTTPAPI/2.0]
      transfer-encoding: [chunked]
      x-ms-version: ['2015-07-08']
    status: {code: 200, message: OK}
- request:
    body: !!python/unicode '<?xml version=''1.0'' encoding=''utf-8''?>

      <SignedIdentifiers><SignedIdentifier><Id>test1</Id><AccessPolicy><Permission>l</Permission></AccessPolicy></SignedIdentifier></SignedIdentifiers>'
    headers:
      Connection: [keep-alive]
      Content-Length: ['184']
      User-Agent: [Azure-Storage/0.33.0 (Python CPython 2.7.13; Darwin 16.4.0) AZURECLI/0.1.1b3+dev]
      x-ms-client-request-id: [7571acf0-ecc4-11e6-be16-3c15c2cf0610]
      x-ms-date: ['Mon, 06 Feb 2017 23:32:30 GMT']
      x-ms-version: ['2015-07-08']
    method: PUT
    uri: https://dummystorage.blob.core.windows.net/acltestcontainer?comp=acl&restype=container
  response:
    body: {string: !!python/unicode ''}
    headers:
      date: ['Mon, 06 Feb 2017 23:32:32 GMT']
      etag: ['"0x8D44EE86B91EFBB"']
      last-modified: ['Mon, 06 Feb 2017 23:32:31 GMT']
      server: [Windows-Azure-Blob/1.0 Microsoft-HTTPAPI/2.0]
      transfer-encoding: [chunked]
      x-ms-version: ['2015-07-08']
    status: {code: 200, message: OK}
- request:
    body: null
    headers:
      Connection: [keep-alive]
      User-Agent: [Azure-Storage/0.33.0 (Python CPython 2.7.13; Darwin 16.4.0) AZURECLI/0.1.1b3+dev]
      x-ms-client-request-id: [7571acf0-ecc4-11e6-be16-3c15c2cf0610]
      x-ms-date: ['Mon, 06 Feb 2017 23:32:32 GMT']
      x-ms-version: ['2015-07-08']
    method: GET
    uri: https://dummystorage.blob.core.windows.net/acltestcontainer?comp=acl&restype=container
  response:
    body: {string: "\uFEFF<?xml version=\"1.0\" encoding=\"utf-8\"?><SignedIdentifiers><SignedIdentifier><Id>test1</Id><AccessPolicy><Permission>l</Permission></AccessPolicy></SignedIdentifier></SignedIdentifiers>"}
    headers:
      content-type: [application/xml]
      date: ['Mon, 06 Feb 2017 23:32:32 GMT']
      etag: ['"0x8D44EE86B91EFBB"']
      last-modified: ['Mon, 06 Feb 2017 23:32:31 GMT']
      server: [Windows-Azure-Blob/1.0 Microsoft-HTTPAPI/2.0]
      transfer-encoding: [chunked]
      x-ms-version: ['2015-07-08']
    status: {code: 200, message: OK}
- request:
    body: !!python/unicode '<?xml version=''1.0'' encoding=''utf-8''?>

      <SignedIdentifiers><SignedIdentifier><Id>test1</Id><AccessPolicy><Permission>l</Permission></AccessPolicy></SignedIdentifier><SignedIdentifier><Id>test2</Id><AccessPolicy><Start>2016-01-01T00:00Z</Start></AccessPolicy></SignedIdentifier></SignedIdentifiers>'
    headers:
      Connection: [keep-alive]
      Content-Length: ['296']
      User-Agent: [Azure-Storage/0.33.0 (Python CPython 2.7.13; Darwin 16.4.0) AZURECLI/0.1.1b3+dev]
      x-ms-client-request-id: [7571acf0-ecc4-11e6-be16-3c15c2cf0610]
      x-ms-date: ['Mon, 06 Feb 2017 23:32:33 GMT']
      x-ms-version: ['2015-07-08']
    method: PUT
    uri: https://dummystorage.blob.core.windows.net/acltestcontainer?comp=acl&restype=container
  response:
    body: {string: !!python/unicode ''}
    headers:
      date: ['Mon, 06 Feb 2017 23:32:32 GMT']
      etag: ['"0x8D44EE86D2ACDA8"']
      last-modified: ['Mon, 06 Feb 2017 23:32:33 GMT']
      server: [Windows-Azure-Blob/1.0 Microsoft-HTTPAPI/2.0]
      transfer-encoding: [chunked]
      x-ms-version: ['2015-07-08']
    status: {code: 200, message: OK}
- request:
    body: null
    headers:
      Connection: [keep-alive]
      User-Agent: [Azure-Storage/0.33.0 (Python CPython 2.7.13; Darwin 16.4.0) AZURECLI/0.1.1b3+dev]
      x-ms-client-request-id: [7571acf0-ecc4-11e6-be16-3c15c2cf0610]
      x-ms-date: ['Mon, 06 Feb 2017 23:32:33 GMT']
      x-ms-version: ['2015-07-08']
    method: GET
    uri: https://dummystorage.blob.core.windows.net/acltestcontainer?comp=acl&restype=container
  response:
    body: {string: "\uFEFF<?xml version=\"1.0\" encoding=\"utf-8\"?><SignedIdentifiers><SignedIdentifier><Id>test1</Id><AccessPolicy><Permission>l</Permission></AccessPolicy></SignedIdentifier><SignedIdentifier><Id>test2</Id><AccessPolicy><Start>2016-01-01T00:00:00.0000000Z</Start></AccessPolicy></SignedIdentifier></SignedIdentifiers>"}
    headers:
      content-type: [application/xml]
      date: ['Mon, 06 Feb 2017 23:32:34 GMT']
      etag: ['"0x8D44EE86D2ACDA8"']
      last-modified: ['Mon, 06 Feb 2017 23:32:33 GMT']
      server: [Windows-Azure-Blob/1.0 Microsoft-HTTPAPI/2.0]
      transfer-encoding: [chunked]
      x-ms-version: ['2015-07-08']
    status: {code: 200, message: OK}
- request:
    body: !!python/unicode '<?xml version=''1.0'' encoding=''utf-8''?>

      <SignedIdentifiers><SignedIdentifier><Id>test1</Id><AccessPolicy><Permission>l</Permission></AccessPolicy></SignedIdentifier><SignedIdentifier><Id>test3</Id><AccessPolicy><Expiry>2018-01-01T00:00Z</Expiry></AccessPolicy></SignedIdentifier><SignedIdentifier><Id>test2</Id><AccessPolicy><Start>2016-01-01T00:00:00Z</Start></AccessPolicy></SignedIdentifier></SignedIdentifiers>'
    headers:
      Connection: [keep-alive]
      Content-Length: ['413']
      User-Agent: [Azure-Storage/0.33.0 (Python CPython 2.7.13; Darwin 16.4.0) AZURECLI/0.1.1b3+dev]
      x-ms-client-request-id: [7571acf0-ecc4-11e6-be16-3c15c2cf0610]
      x-ms-date: ['Mon, 06 Feb 2017 23:32:34 GMT']
      x-ms-version: ['2015-07-08']
    method: PUT
    uri: https://dummystorage.blob.core.windows.net/acltestcontainer?comp=acl&restype=container
  response:
    body: {string: !!python/unicode ''}
    headers:
      date: ['Mon, 06 Feb 2017 23:32:34 GMT']
      etag: ['"0x8D44EE86DCD4FB3"']
      last-modified: ['Mon, 06 Feb 2017 23:32:34 GMT']
      server: [Windows-Azure-Blob/1.0 Microsoft-HTTPAPI/2.0]
      transfer-encoding: [chunked]
      x-ms-version: ['2015-07-08']
    status: {code: 200, message: OK}
- request:
    body: null
    headers:
      Connection: [keep-alive]
      User-Agent: [Azure-Storage/0.33.0 (Python CPython 2.7.13; Darwin 16.4.0) AZURECLI/0.1.1b3+dev]
      x-ms-client-request-id: [7571acf0-ecc4-11e6-be16-3c15c2cf0610]
      x-ms-date: ['Mon, 06 Feb 2017 23:32:34 GMT']
      x-ms-version: ['2015-07-08']
    method: GET
    uri: https://dummystorage.blob.core.windows.net/acltestcontainer?comp=acl&restype=container
  response:
    body: {string: "\uFEFF<?xml version=\"1.0\" encoding=\"utf-8\"?><SignedIdentifiers><SignedIdentifier><Id>test1</Id><AccessPolicy><Permission>l</Permission></AccessPolicy></SignedIdentifier><SignedIdentifier><Id>test3</Id><AccessPolicy><Expiry>2018-01-01T00:00:00.0000000Z</Expiry></AccessPolicy></SignedIdentifier><SignedIdentifier><Id>test2</Id><AccessPolicy><Start>2016-01-01T00:00:00.0000000Z</Start></AccessPolicy></SignedIdentifier></SignedIdentifiers>"}
    headers:
      content-type: [application/xml]
      date: ['Mon, 06 Feb 2017 23:32:34 GMT']
      etag: ['"0x8D44EE86DCD4FB3"']
      last-modified: ['Mon, 06 Feb 2017 23:32:34 GMT']
      server: [Windows-Azure-Blob/1.0 Microsoft-HTTPAPI/2.0]
      transfer-encoding: [chunked]
      x-ms-version: ['2015-07-08']
    status: {code: 200, message: OK}
- request:
    body: !!python/unicode '<?xml version=''1.0'' encoding=''utf-8''?>

      <SignedIdentifiers><SignedIdentifier><Id>test1</Id><AccessPolicy><Permission>l</Permission></AccessPolicy></SignedIdentifier><SignedIdentifier><Id>test3</Id><AccessPolicy><Expiry>2018-01-01T00:00:00Z</Expiry></AccessPolicy></SignedIdentifier><SignedIdentifier><Id>test2</Id><AccessPolicy><Start>2016-01-01T00:00:00Z</Start></AccessPolicy></SignedIdentifier><SignedIdentifier><Id>test4</Id><AccessPolicy><Start>2016-01-01T00:00Z</Start><Expiry>2016-05-01T00:00Z</Expiry><Permission>rwdl</Permission></AccessPolicy></SignedIdentifier></SignedIdentifiers>'
    headers:
      Connection: [keep-alive]
      Content-Length: ['591']
      User-Agent: [Azure-Storage/0.33.0 (Python CPython 2.7.13; Darwin 16.4.0) AZURECLI/0.1.1b3+dev]
      x-ms-client-request-id: [7571acf0-ecc4-11e6-be16-3c15c2cf0610]
      x-ms-date: ['Mon, 06 Feb 2017 23:32:35 GMT']
      x-ms-version: ['2015-07-08']
    method: PUT
    uri: https://dummystorage.blob.core.windows.net/acltestcontainer?comp=acl&restype=container
  response:
    body: {string: !!python/unicode ''}
    headers:
      date: ['Mon, 06 Feb 2017 23:32:34 GMT']
      etag: ['"0x8D44EE86E6212D8"']
      last-modified: ['Mon, 06 Feb 2017 23:32:35 GMT']
      server: [Windows-Azure-Blob/1.0 Microsoft-HTTPAPI/2.0]
      transfer-encoding: [chunked]
      x-ms-version: ['2015-07-08']
    status: {code: 200, message: OK}
- request:
    body: null
    headers:
      Connection: [keep-alive]
      User-Agent: [Azure-Storage/0.33.0 (Python CPython 2.7.13; Darwin 16.4.0) AZURECLI/0.1.1b3+dev]
      x-ms-client-request-id: [7571acf0-ecc4-11e6-be16-3c15c2cf0610]
      x-ms-date: ['Mon, 06 Feb 2017 23:32:35 GMT']
      x-ms-version: ['2015-07-08']
    method: GET
    uri: https://dummystorage.blob.core.windows.net/acltestcontainer?comp=acl&restype=container
  response:
    body: {string: "\uFEFF<?xml version=\"1.0\" encoding=\"utf-8\"?><SignedIdentifiers><SignedIdentifier><Id>test1</Id><AccessPolicy><Permission>l</Permission></AccessPolicy></SignedIdentifier><SignedIdentifier><Id>test3</Id><AccessPolicy><Expiry>2018-01-01T00:00:00.0000000Z</Expiry></AccessPolicy></SignedIdentifier><SignedIdentifier><Id>test2</Id><AccessPolicy><Start>2016-01-01T00:00:00.0000000Z</Start></AccessPolicy></SignedIdentifier><SignedIdentifier><Id>test4</Id><AccessPolicy><Start>2016-01-01T00:00:00.0000000Z</Start><Expiry>2016-05-01T00:00:00.0000000Z</Expiry><Permission>rwdl</Permission></AccessPolicy></SignedIdentifier></SignedIdentifiers>"}
    headers:
      content-type: [application/xml]
      date: ['Mon, 06 Feb 2017 23:32:36 GMT']
      etag: ['"0x8D44EE86E6212D8"']
      last-modified: ['Mon, 06 Feb 2017 23:32:35 GMT']
      server: [Windows-Azure-Blob/1.0 Microsoft-HTTPAPI/2.0]
      transfer-encoding: [chunked]
      x-ms-version: ['2015-07-08']
    status: {code: 200, message: OK}
- request:
    body: null
    headers:
      Connection: [keep-alive]
      User-Agent: [Azure-Storage/0.33.0 (Python CPython 2.7.13; Darwin 16.4.0) AZURECLI/0.1.1b3+dev]
      x-ms-client-request-id: [7571acf0-ecc4-11e6-be16-3c15c2cf0610]
      x-ms-date: ['Mon, 06 Feb 2017 23:32:36 GMT']
      x-ms-version: ['2015-07-08']
    method: GET
    uri: https://dummystorage.blob.core.windows.net/acltestcontainer?comp=acl&restype=container
  response:
    body: {string: "\uFEFF<?xml version=\"1.0\" encoding=\"utf-8\"?><SignedIdentifiers><SignedIdentifier><Id>test1</Id><AccessPolicy><Permission>l</Permission></AccessPolicy></SignedIdentifier><SignedIdentifier><Id>test3</Id><AccessPolicy><Expiry>2018-01-01T00:00:00.0000000Z</Expiry></AccessPolicy></SignedIdentifier><SignedIdentifier><Id>test2</Id><AccessPolicy><Start>2016-01-01T00:00:00.0000000Z</Start></AccessPolicy></SignedIdentifier><SignedIdentifier><Id>test4</Id><AccessPolicy><Start>2016-01-01T00:00:00.0000000Z</Start><Expiry>2016-05-01T00:00:00.0000000Z</Expiry><Permission>rwdl</Permission></AccessPolicy></SignedIdentifier></SignedIdentifiers>"}
    headers:
      content-type: [application/xml]
      date: ['Mon, 06 Feb 2017 23:32:37 GMT']
      etag: ['"0x8D44EE86E6212D8"']
      last-modified: ['Mon, 06 Feb 2017 23:32:35 GMT']
      server: [Windows-Azure-Blob/1.0 Microsoft-HTTPAPI/2.0]
      transfer-encoding: [chunked]
      x-ms-version: ['2015-07-08']
    status: {code: 200, message: OK}
- request:
    body: null
    headers:
      Connection: [keep-alive]
      User-Agent: [Azure-Storage/0.33.0 (Python CPython 2.7.13; Darwin 16.4.0) AZURECLI/0.1.1b3+dev]
      x-ms-client-request-id: [7571acf0-ecc4-11e6-be16-3c15c2cf0610]
      x-ms-date: ['Mon, 06 Feb 2017 23:32:37 GMT']
      x-ms-version: ['2015-07-08']
    method: GET
    uri: https://dummystorage.blob.core.windows.net/acltestcontainer?comp=acl&restype=container
  response:
    body: {string: "\uFEFF<?xml version=\"1.0\" encoding=\"utf-8\"?><SignedIdentifiers><SignedIdentifier><Id>test1</Id><AccessPolicy><Permission>l</Permission></AccessPolicy></SignedIdentifier><SignedIdentifier><Id>test3</Id><AccessPolicy><Expiry>2018-01-01T00:00:00.0000000Z</Expiry></AccessPolicy></SignedIdentifier><SignedIdentifier><Id>test2</Id><AccessPolicy><Start>2016-01-01T00:00:00.0000000Z</Start></AccessPolicy></SignedIdentifier><SignedIdentifier><Id>test4</Id><AccessPolicy><Start>2016-01-01T00:00:00.0000000Z</Start><Expiry>2016-05-01T00:00:00.0000000Z</Expiry><Permission>rwdl</Permission></AccessPolicy></SignedIdentifier></SignedIdentifiers>"}
    headers:
      content-type: [application/xml]
      date: ['Mon, 06 Feb 2017 23:32:37 GMT']
      etag: ['"0x8D44EE86E6212D8"']
      last-modified: ['Mon, 06 Feb 2017 23:32:35 GMT']
      server: [Windows-Azure-Blob/1.0 Microsoft-HTTPAPI/2.0]
      transfer-encoding: [chunked]
      x-ms-version: ['2015-07-08']
    status: {code: 200, message: OK}
- request:
    body: null
    headers:
      Connection: [keep-alive]
      User-Agent: [Azure-Storage/0.33.0 (Python CPython 2.7.13; Darwin 16.4.0) AZURECLI/0.1.1b3+dev]
      x-ms-client-request-id: [7571acf0-ecc4-11e6-be16-3c15c2cf0610]
      x-ms-date: ['Mon, 06 Feb 2017 23:32:38 GMT']
      x-ms-version: ['2015-07-08']
    method: GET
    uri: https://dummystorage.blob.core.windows.net/acltestcontainer?comp=acl&restype=container
  response:
    body: {string: "\uFEFF<?xml version=\"1.0\" encoding=\"utf-8\"?><SignedIdentifiers><SignedIdentifier><Id>test1</Id><AccessPolicy><Permission>l</Permission></AccessPolicy></SignedIdentifier><SignedIdentifier><Id>test3</Id><AccessPolicy><Expiry>2018-01-01T00:00:00.0000000Z</Expiry></AccessPolicy></SignedIdentifier><SignedIdentifier><Id>test2</Id><AccessPolicy><Start>2016-01-01T00:00:00.0000000Z</Start></AccessPolicy></SignedIdentifier><SignedIdentifier><Id>test4</Id><AccessPolicy><Start>2016-01-01T00:00:00.0000000Z</Start><Expiry>2016-05-01T00:00:00.0000000Z</Expiry><Permission>rwdl</Permission></AccessPolicy></SignedIdentifier></SignedIdentifiers>"}
    headers:
      content-type: [application/xml]
      date: ['Mon, 06 Feb 2017 23:32:38 GMT']
      etag: ['"0x8D44EE86E6212D8"']
      last-modified: ['Mon, 06 Feb 2017 23:32:35 GMT']
      server: [Windows-Azure-Blob/1.0 Microsoft-HTTPAPI/2.0]
      transfer-encoding: [chunked]
      x-ms-version: ['2015-07-08']
    status: {code: 200, message: OK}
- request:
    body: null
    headers:
      Connection: [keep-alive]
      User-Agent: [Azure-Storage/0.33.0 (Python CPython 2.7.13; Darwin 16.4.0) AZURECLI/0.1.1b3+dev]
      x-ms-client-request-id: [7571acf0-ecc4-11e6-be16-3c15c2cf0610]
      x-ms-date: ['Mon, 06 Feb 2017 23:32:39 GMT']
      x-ms-version: ['2015-07-08']
    method: GET
    uri: https://dummystorage.blob.core.windows.net/acltestcontainer?comp=acl&restype=container
  response:
    body: {string: "\uFEFF<?xml version=\"1.0\" encoding=\"utf-8\"?><SignedIdentifiers><SignedIdentifier><Id>test1</Id><AccessPolicy><Permission>l</Permission></AccessPolicy></SignedIdentifier><SignedIdentifier><Id>test3</Id><AccessPolicy><Expiry>2018-01-01T00:00:00.0000000Z</Expiry></AccessPolicy></SignedIdentifier><SignedIdentifier><Id>test2</Id><AccessPolicy><Start>2016-01-01T00:00:00.0000000Z</Start></AccessPolicy></SignedIdentifier><SignedIdentifier><Id>test4</Id><AccessPolicy><Start>2016-01-01T00:00:00.0000000Z</Start><Expiry>2016-05-01T00:00:00.0000000Z</Expiry><Permission>rwdl</Permission></AccessPolicy></SignedIdentifier></SignedIdentifiers>"}
    headers:
      content-type: [application/xml]
      date: ['Mon, 06 Feb 2017 23:32:41 GMT']
      etag: ['"0x8D44EE86E6212D8"']
      last-modified: ['Mon, 06 Feb 2017 23:32:35 GMT']
      server: [Windows-Azure-Blob/1.0 Microsoft-HTTPAPI/2.0]
      transfer-encoding: [chunked]
      x-ms-version: ['2015-07-08']
    status: {code: 200, message: OK}
- request:
    body: null
    headers:
      Connection: [keep-alive]
      User-Agent: [Azure-Storage/0.33.0 (Python CPython 2.7.13; Darwin 16.4.0) AZURECLI/0.1.1b3+dev]
      x-ms-client-request-id: [7571acf0-ecc4-11e6-be16-3c15c2cf0610]
      x-ms-date: ['Mon, 06 Feb 2017 23:32:40 GMT']
      x-ms-version: ['2015-07-08']
    method: GET
    uri: https://dummystorage.blob.core.windows.net/acltestcontainer?comp=acl&restype=container
  response:
    body: {string: "\uFEFF<?xml version=\"1.0\" encoding=\"utf-8\"?><SignedIdentifiers><SignedIdentifier><Id>test1</Id><AccessPolicy><Permission>l</Permission></AccessPolicy></SignedIdentifier><SignedIdentifier><Id>test3</Id><AccessPolicy><Expiry>2018-01-01T00:00:00.0000000Z</Expiry></AccessPolicy></SignedIdentifier><SignedIdentifier><Id>test2</Id><AccessPolicy><Start>2016-01-01T00:00:00.0000000Z</Start></AccessPolicy></SignedIdentifier><SignedIdentifier><Id>test4</Id><AccessPolicy><Start>2016-01-01T00:00:00.0000000Z</Start><Expiry>2016-05-01T00:00:00.0000000Z</Expiry><Permission>rwdl</Permission></AccessPolicy></SignedIdentifier></SignedIdentifiers>"}
    headers:
      content-type: [application/xml]
      date: ['Mon, 06 Feb 2017 23:32:40 GMT']
      etag: ['"0x8D44EE86E6212D8"']
      last-modified: ['Mon, 06 Feb 2017 23:32:35 GMT']
      server: [Windows-Azure-Blob/1.0 Microsoft-HTTPAPI/2.0]
      transfer-encoding: [chunked]
      x-ms-version: ['2015-07-08']
    status: {code: 200, message: OK}
- request:
    body: !!python/unicode '<?xml version=''1.0'' encoding=''utf-8''?>

      <SignedIdentifiers><SignedIdentifier><Id>test1</Id><AccessPolicy><Permission>r</Permission></AccessPolicy></SignedIdentifier><SignedIdentifier><Id>test3</Id><AccessPolicy><Expiry>2018-01-01T00:00:00Z</Expiry></AccessPolicy></SignedIdentifier><SignedIdentifier><Id>test2</Id><AccessPolicy><Start>2016-01-01T00:00:00Z</Start></AccessPolicy></SignedIdentifier><SignedIdentifier><Id>test4</Id><AccessPolicy><Start>2016-01-01T00:00:00Z</Start><Expiry>2016-05-01T00:00:00Z</Expiry><Permission>rwdl</Permission></AccessPolicy></SignedIdentifier></SignedIdentifiers>'
    headers:
      Connection: [keep-alive]
      Content-Length: ['597']
      User-Agent: [Azure-Storage/0.33.0 (Python CPython 2.7.13; Darwin 16.4.0) AZURECLI/0.1.1b3+dev]
      x-ms-client-request-id: [7571acf0-ecc4-11e6-be16-3c15c2cf0610]
      x-ms-date: ['Mon, 06 Feb 2017 23:32:40 GMT']
      x-ms-version: ['2015-07-08']
    method: PUT
    uri: https://dummystorage.blob.core.windows.net/acltestcontainer?comp=acl&restype=container
  response:
    body: {string: !!python/unicode ''}
    headers:
      date: ['Mon, 06 Feb 2017 23:32:40 GMT']
      etag: ['"0x8D44EE871C34EA2"']
      last-modified: ['Mon, 06 Feb 2017 23:32:41 GMT']
      server: [Windows-Azure-Blob/1.0 Microsoft-HTTPAPI/2.0]
      transfer-encoding: [chunked]
      x-ms-version: ['2015-07-08']
    status: {code: 200, message: OK}
- request:
    body: null
    headers:
      Connection: [keep-alive]
      User-Agent: [Azure-Storage/0.33.0 (Python CPython 2.7.13; Darwin 16.4.0) AZURECLI/0.1.1b3+dev]
      x-ms-client-request-id: [7571acf0-ecc4-11e6-be16-3c15c2cf0610]
      x-ms-date: ['Mon, 06 Feb 2017 23:32:41 GMT']
      x-ms-version: ['2015-07-08']
    method: GET
    uri: https://dummystorage.blob.core.windows.net/acltestcontainer?comp=acl&restype=container
  response:
    body: {string: "\uFEFF<?xml version=\"1.0\" encoding=\"utf-8\"?><SignedIdentifiers><SignedIdentifier><Id>test1</Id><AccessPolicy><Permission>r</Permission></AccessPolicy></SignedIdentifier><SignedIdentifier><Id>test3</Id><AccessPolicy><Expiry>2018-01-01T00:00:00.0000000Z</Expiry></AccessPolicy></SignedIdentifier><SignedIdentifier><Id>test2</Id><AccessPolicy><Start>2016-01-01T00:00:00.0000000Z</Start></AccessPolicy></SignedIdentifier><SignedIdentifier><Id>test4</Id><AccessPolicy><Start>2016-01-01T00:00:00.0000000Z</Start><Expiry>2016-05-01T00:00:00.0000000Z</Expiry><Permission>rwdl</Permission></AccessPolicy></SignedIdentifier></SignedIdentifiers>"}
    headers:
      content-type: [application/xml]
      date: ['Mon, 06 Feb 2017 23:32:41 GMT']
      etag: ['"0x8D44EE871C34EA2"']
      last-modified: ['Mon, 06 Feb 2017 23:32:41 GMT']
      server: [Windows-Azure-Blob/1.0 Microsoft-HTTPAPI/2.0]
      transfer-encoding: [chunked]
      x-ms-version: ['2015-07-08']
    status: {code: 200, message: OK}
- request:
    body: null
    headers:
      Connection: [keep-alive]
      User-Agent: [Azure-Storage/0.33.0 (Python CPython 2.7.13; Darwin 16.4.0) AZURECLI/0.1.1b3+dev]
      x-ms-client-request-id: [7571acf0-ecc4-11e6-be16-3c15c2cf0610]
      x-ms-date: ['Mon, 06 Feb 2017 23:32:42 GMT']
      x-ms-version: ['2015-07-08']
    method: GET
    uri: https://dummystorage.blob.core.windows.net/acltestcontainer?comp=acl&restype=container
  response:
    body: {string: "\uFEFF<?xml version=\"1.0\" encoding=\"utf-8\"?><SignedIdentifiers><SignedIdentifier><Id>test1</Id><AccessPolicy><Permission>r</Permission></AccessPolicy></SignedIdentifier><SignedIdentifier><Id>test3</Id><AccessPolicy><Expiry>2018-01-01T00:00:00.0000000Z</Expiry></AccessPolicy></SignedIdentifier><SignedIdentifier><Id>test2</Id><AccessPolicy><Start>2016-01-01T00:00:00.0000000Z</Start></AccessPolicy></SignedIdentifier><SignedIdentifier><Id>test4</Id><AccessPolicy><Start>2016-01-01T00:00:00.0000000Z</Start><Expiry>2016-05-01T00:00:00.0000000Z</Expiry><Permission>rwdl</Permission></AccessPolicy></SignedIdentifier></SignedIdentifiers>"}
    headers:
      content-type: [application/xml]
      date: ['Mon, 06 Feb 2017 23:32:42 GMT']
      etag: ['"0x8D44EE871C34EA2"']
      last-modified: ['Mon, 06 Feb 2017 23:32:41 GMT']
      server: [Windows-Azure-Blob/1.0 Microsoft-HTTPAPI/2.0]
      transfer-encoding: [chunked]
      x-ms-version: ['2015-07-08']
    status: {code: 200, message: OK}
- request:
    body: !!python/unicode '<?xml version=''1.0'' encoding=''utf-8''?>

      <SignedIdentifiers><SignedIdentifier><Id>test3</Id><AccessPolicy><Expiry>2018-01-01T00:00:00Z</Expiry></AccessPolicy></SignedIdentifier><SignedIdentifier><Id>test2</Id><AccessPolicy><Start>2016-01-01T00:00:00Z</Start></AccessPolicy></SignedIdentifier><SignedIdentifier><Id>test4</Id><AccessPolicy><Start>2016-01-01T00:00:00Z</Start><Expiry>2016-05-01T00:00:00Z</Expiry><Permission>rwdl</Permission></AccessPolicy></SignedIdentifier></SignedIdentifiers>'
    headers:
      Connection: [keep-alive]
      Content-Length: ['491']
      User-Agent: [Azure-Storage/0.33.0 (Python CPython 2.7.13; Darwin 16.4.0) AZURECLI/0.1.1b3+dev]
      x-ms-client-request-id: [7571acf0-ecc4-11e6-be16-3c15c2cf0610]
      x-ms-date: ['Mon, 06 Feb 2017 23:32:42 GMT']
      x-ms-version: ['2015-07-08']
    method: PUT
    uri: https://dummystorage.blob.core.windows.net/acltestcontainer?comp=acl&restype=container
  response:
    body: {string: !!python/unicode ''}
    headers:
      date: ['Mon, 06 Feb 2017 23:32:42 GMT']
      etag: ['"0x8D44EE872D9481F"']
      last-modified: ['Mon, 06 Feb 2017 23:32:43 GMT']
      server: [Windows-Azure-Blob/1.0 Microsoft-HTTPAPI/2.0]
      transfer-encoding: [chunked]
      x-ms-version: ['2015-07-08']
    status: {code: 200, message: OK}
- request:
    body: null
    headers:
      Connection: [keep-alive]
      User-Agent: [Azure-Storage/0.33.0 (Python CPython 2.7.13; Darwin 16.4.0) AZURECLI/0.1.1b3+dev]
      x-ms-client-request-id: [7571acf0-ecc4-11e6-be16-3c15c2cf0610]
      x-ms-date: ['Mon, 06 Feb 2017 23:32:43 GMT']
      x-ms-version: ['2015-07-08']
    method: GET
    uri: https://dummystorage.blob.core.windows.net/acltestcontainer?comp=acl&restype=container
  response:
    body: {string: "\uFEFF<?xml version=\"1.0\" encoding=\"utf-8\"?><SignedIdentifiers><SignedIdentifier><Id>test3</Id><AccessPolicy><Expiry>2018-01-01T00:00:00.0000000Z</Expiry></AccessPolicy></SignedIdentifier><SignedIdentifier><Id>test2</Id><AccessPolicy><Start>2016-01-01T00:00:00.0000000Z</Start></AccessPolicy></SignedIdentifier><SignedIdentifier><Id>test4</Id><AccessPolicy><Start>2016-01-01T00:00:00.0000000Z</Start><Expiry>2016-05-01T00:00:00.0000000Z</Expiry><Permission>rwdl</Permission></AccessPolicy></SignedIdentifier></SignedIdentifiers>"}
    headers:
      content-type: [application/xml]
      date: ['Mon, 06 Feb 2017 23:32:43 GMT']
      etag: ['"0x8D44EE872D9481F"']
      last-modified: ['Mon, 06 Feb 2017 23:32:43 GMT']
      server: [Windows-Azure-Blob/1.0 Microsoft-HTTPAPI/2.0]
      transfer-encoding: [chunked]
      x-ms-version: ['2015-07-08']
    status: {code: 200, message: OK}
version: 1
