interactions:
- request:
    body: '{"tags": {"use": "az-test"}, "location": "westus"}'
    headers:
      Accept: [application/json]
      Accept-Encoding: ['gzip, deflate']
      CommandName: [group create]
      Connection: [keep-alive]
      Content-Length: ['50']
      Content-Type: [application/json; charset=utf-8]
      User-Agent: [python/3.5.3 (Darwin-16.5.0-x86_64-i386-64bit) requests/2.9.1 msrest/0.4.6
          msrest_azure/0.4.7 resourcemanagementclient/0.30.2 Azure-SDK-For-Python
          AZURECLI/2.0.1+dev]
      accept-language: [en-US]
    method: PUT
    uri: https://management.azure.com/subscriptions/00000000-0000-0000-0000-000000000000/resourcegroups/clitest.rg000001?api-version=2016-09-01
  response:
    body: {string: '{"id":"/subscriptions/00000000-0000-0000-0000-000000000000/resourceGroups/clitest.rg000001","name":"clitest.rg000001","location":"westus","tags":{"use":"az-test"},"properties":{"provisioningState":"Succeeded"}}'}
    headers:
      cache-control: [no-cache]
      content-length: ['326']
      content-type: [application/json; charset=utf-8]
      date: ['Thu, 30 Mar 2017 22:22:02 GMT']
      expires: ['-1']
      pragma: [no-cache]
      strict-transport-security: [max-age=31536000; includeSubDomains]
      x-ms-ratelimit-remaining-subscription-writes: ['1197']
    status: {code: 201, message: Created}
- request:
    body: '{"kind": "Storage", "sku": {"name": "Standard_LRS"}, "location": "westus"}'
    headers:
      Accept: [application/json]
      Accept-Encoding: ['gzip, deflate']
      CommandName: [storage account create]
      Connection: [keep-alive]
      Content-Length: ['74']
      Content-Type: [application/json; charset=utf-8]
      User-Agent: [python/3.5.3 (Darwin-16.5.0-x86_64-i386-64bit) requests/2.9.1 msrest/0.4.6
          msrest_azure/0.4.7 storagemanagementclient/0.31.0 Azure-SDK-For-Python AZURECLI/2.0.1+dev]
      accept-language: [en-US]
    method: PUT
    uri: https://management.azure.com/subscriptions/00000000-0000-0000-0000-000000000000/resourceGroups/clitest.rg000001/providers/Microsoft.Storage/storageAccounts/clitest000002?api-version=2016-12-01
  response:
    body: {string: ''}
    headers:
      cache-control: [no-cache]
      content-length: ['0']
      date: ['Thu, 30 Mar 2017 22:22:04 GMT']
      expires: ['-1']
      location: ['https://management.azure.com/subscriptions/00000000-0000-0000-0000-000000000000/providers/Microsoft.Storage/operations/5b88f5fa-379c-464a-9daa-3da458d662bc?monitor=true&api-version=2016-12-01']
      pragma: [no-cache]
      retry-after: ['17']
      server: [Microsoft-Azure-Storage-Resource-Provider/1.0, Microsoft-HTTPAPI/2.0]
      strict-transport-security: [max-age=31536000; includeSubDomains]
      x-ms-ratelimit-remaining-subscription-writes: ['1197']
    status: {code: 202, message: Accepted}
- request:
    body: null
    headers:
      Accept: [application/json]
      Accept-Encoding: ['gzip, deflate']
      CommandName: [storage account create]
      Connection: [keep-alive]
      Content-Type: [application/json; charset=utf-8]
      User-Agent: [python/3.5.3 (Darwin-16.5.0-x86_64-i386-64bit) requests/2.9.1 msrest/0.4.6
          msrest_azure/0.4.7 storagemanagementclient/0.31.0 Azure-SDK-For-Python AZURECLI/2.0.1+dev]
      accept-language: [en-US]
    method: GET
    uri: https://management.azure.com/subscriptions/00000000-0000-0000-0000-000000000000/providers/Microsoft.Storage/operations/5b88f5fa-379c-464a-9daa-3da458d662bc?monitor=true&api-version=2016-12-01
  response:
    body: {string: '{"id":"/subscriptions/00000000-0000-0000-0000-000000000000/resourceGroups/clitest.rg000001/providers/Microsoft.Storage/storageAccounts/clitest000002","kind":"Storage","location":"westus","name":"clitest000002","properties":{"creationTime":"2017-03-30T22:22:05.6228691Z","primaryEndpoints":{"blob":"https://clitest000002.blob.core.windows.net/","file":"https://clitest000002.file.core.windows.net/","queue":"https://clitest000002.queue.core.windows.net/","table":"https://clitest000002.table.core.windows.net/"},"primaryLocation":"westus","provisioningState":"Succeeded","statusOfPrimary":"available"},"sku":{"name":"Standard_LRS","tier":"Standard"},"tags":{},"type":"Microsoft.Storage/storageAccounts"}

'}
    headers:
      cache-control: [no-cache]
      content-length: ['827']
      content-type: [application/json]
      date: ['Thu, 30 Mar 2017 22:22:22 GMT']
      expires: ['-1']
      pragma: [no-cache]
      server: [Microsoft-Azure-Storage-Resource-Provider/1.0, Microsoft-HTTPAPI/2.0]
      strict-transport-security: [max-age=31536000; includeSubDomains]
      transfer-encoding: [chunked]
      vary: [Accept-Encoding]
    status: {code: 200, message: OK}
- request:
    body: null
    headers:
      Accept: [application/json]
      Accept-Encoding: ['gzip, deflate']
      CommandName: [storage account keys list]
      Connection: [keep-alive]
      Content-Length: ['0']
      Content-Type: [application/json; charset=utf-8]
      User-Agent: [python/3.5.3 (Darwin-16.5.0-x86_64-i386-64bit) requests/2.9.1 msrest/0.4.6
          msrest_azure/0.4.7 storagemanagementclient/0.31.0 Azure-SDK-For-Python AZURECLI/2.0.1+dev]
      accept-language: [en-US]
    method: POST
    uri: https://management.azure.com/subscriptions/00000000-0000-0000-0000-000000000000/resourceGroups/clitest.rg000001/providers/Microsoft.Storage/storageAccounts/clitest000002/listKeys?api-version=2016-12-01
  response:
    body: {string: '{"keys":[{"keyName":"key1","permissions":"Full","value":"vWxzfKn/TS6CzhR9jTdEDWaZHoF9+Njyt2y4ua2Qp3mMWEFBvJ4DtpKgPU3PxGpHXBvSCRCBLWx1Dgn6UkWD7Q=="},{"keyName":"key2","permissions":"Full","value":"f0+iwjNwqsDDd54Em0my0AmaW4F0BdqI7khjjvwk9rrMPNST19wbdc7XyjaTNNd6f/bLBVI30qpTEvYKTO45Wg=="}]}

'}
    headers:
      cache-control: [no-cache]
      content-length: ['289']
      content-type: [application/json]
      date: ['Thu, 30 Mar 2017 22:22:24 GMT']
      expires: ['-1']
      pragma: [no-cache]
      server: [Microsoft-Azure-Storage-Resource-Provider/1.0, Microsoft-HTTPAPI/2.0]
      strict-transport-security: [max-age=31536000; includeSubDomains]
      transfer-encoding: [chunked]
      vary: [Accept-Encoding]
      x-ms-ratelimit-remaining-subscription-writes: ['1198']
    status: {code: 200, message: OK}
- request:
    body: null
    headers:
      Connection: [keep-alive]
      Content-Length: ['0']
      User-Agent: [Azure-Storage/0.34.0 (Python CPython 3.5.3; Darwin 16.5.0) AZURECLI/2.0.1+dev]
      x-ms-date: ['Thu, 30 Mar 2017 22:22:24 GMT']
      x-ms-version: ['2016-05-31']
    method: PUT
    uri: https://clitest000002.blob.core.windows.net/cont000003?restype=container
  response:
    body: {string: ''}
    headers:
      date: ['Thu, 30 Mar 2017 22:22:25 GMT']
      etag: ['"0x8D477BB3EA27853"']
      last-modified: ['Thu, 30 Mar 2017 22:22:25 GMT']
      server: [Windows-Azure-Blob/1.0 Microsoft-HTTPAPI/2.0]
      transfer-encoding: [chunked]
      x-ms-version: ['2016-05-31']
    status: {code: 201, message: Created}
- request:
    body: null
    headers:
      Connection: [keep-alive]
      User-Agent: [Azure-Storage/0.34.0 (Python CPython 3.5.3; Darwin 16.5.0) AZURECLI/2.0.1+dev]
      x-ms-date: ['Thu, 30 Mar 2017 22:22:25 GMT']
      x-ms-version: ['2016-05-31']
    method: HEAD
    uri: https://clitest000002.blob.core.windows.net/cont000003/blob000004
  response:
    body: {string: ''}
    headers:
      date: ['Thu, 30 Mar 2017 22:22:26 GMT']
      server: [Windows-Azure-Blob/1.0 Microsoft-HTTPAPI/2.0]
      transfer-encoding: [chunked]
      x-ms-version: ['2016-05-31']
    status: {code: 404, message: The specified blob does not exist.}
- request:
    body: '!!! The request body has been omitted from the recording because its size
      4194304 is larger than 128KB. !!!'
    headers:
      Connection: [keep-alive]
      Content-Length: ['4194304']
      User-Agent: [Azure-Storage/0.34.0 (Python CPython 3.5.3; Darwin 16.5.0) AZURECLI/2.0.1+dev]
      x-ms-blob-type: [BlockBlob]
      x-ms-date: ['Thu, 30 Mar 2017 22:22:26 GMT']
      x-ms-version: ['2016-05-31']
    method: PUT
    uri: https://clitest000002.blob.core.windows.net/cont000003/blob000004
  response:
    body: {string: ''}
    headers:
      content-md5: [tc+p1sj+vWGPkawoQ9UKHA==]
      date: ['Thu, 30 Mar 2017 22:22:28 GMT']
      etag: ['"0x8D477BB4004A49D"']
      last-modified: ['Thu, 30 Mar 2017 22:22:28 GMT']
      server: [Windows-Azure-Blob/1.0 Microsoft-HTTPAPI/2.0]
      transfer-encoding: [chunked]
      x-ms-request-server-encrypted: ['false']
      x-ms-version: ['2016-05-31']
    status: {code: 201, message: Created}
- request:
    body: null
    headers:
      Connection: [keep-alive]
      User-Agent: [Azure-Storage/0.34.0 (Python CPython 3.5.3; Darwin 16.5.0) AZURECLI/2.0.1+dev]
      x-ms-date: ['Thu, 30 Mar 2017 22:22:28 GMT']
      x-ms-version: ['2016-05-31']
    method: HEAD
    uri: https://clitest000002.blob.core.windows.net/cont000003/blob000004
  response:
    body: {string: ''}
    headers:
      accept-ranges: [bytes]
      content-length: ['4194304']
      content-md5: [tc+p1sj+vWGPkawoQ9UKHA==]
      content-type: [application/octet-stream]
      date: ['Thu, 30 Mar 2017 22:22:28 GMT']
      etag: ['"0x8D477BB4004A49D"']
      last-modified: ['Thu, 30 Mar 2017 22:22:28 GMT']
      server: [Windows-Azure-Blob/1.0 Microsoft-HTTPAPI/2.0]
      x-ms-blob-type: [BlockBlob]
      x-ms-lease-state: [available]
      x-ms-lease-status: [unlocked]
      x-ms-server-encrypted: ['false']
      x-ms-version: ['2016-05-31']
    status: {code: 200, message: OK}
- request:
    body: null
    headers:
      Connection: [keep-alive]
      User-Agent: [Azure-Storage/0.34.0 (Python CPython 3.5.3; Darwin 16.5.0) AZURECLI/2.0.1+dev]
      x-ms-date: ['Thu, 30 Mar 2017 22:22:29 GMT']
      x-ms-version: ['2016-05-31']
    method: HEAD
    uri: https://clitest000002.blob.core.windows.net/cont000003/blob000004
  response:
    body: {string: ''}
    headers:
      accept-ranges: [bytes]
      content-length: ['4194304']
      content-md5: [tc+p1sj+vWGPkawoQ9UKHA==]
      content-type: [application/octet-stream]
      date: ['Thu, 30 Mar 2017 22:22:30 GMT']
      etag: ['"0x8D477BB4004A49D"']
      last-modified: ['Thu, 30 Mar 2017 22:22:28 GMT']
      server: [Windows-Azure-Blob/1.0 Microsoft-HTTPAPI/2.0]
      x-ms-blob-type: [BlockBlob]
      x-ms-lease-state: [available]
      x-ms-lease-status: [unlocked]
      x-ms-server-encrypted: ['false']
      x-ms-version: ['2016-05-31']
    status: {code: 200, message: OK}
- request:
    body: null
    headers:
      Connection: [keep-alive]
      User-Agent: [Azure-Storage/0.34.0 (Python CPython 3.5.3; Darwin 16.5.0) AZURECLI/2.0.1+dev]
      x-ms-date: ['Thu, 30 Mar 2017 22:22:31 GMT']
      x-ms-version: ['2016-05-31']
    method: HEAD
    uri: https://clitest000002.blob.core.windows.net/cont000003/blob000004
  response:
    body: {string: ''}
    headers:
      accept-ranges: [bytes]
      content-length: ['4194304']
      content-md5: [tc+p1sj+vWGPkawoQ9UKHA==]
      content-type: [application/octet-stream]
      date: ['Thu, 30 Mar 2017 22:22:32 GMT']
      etag: ['"0x8D477BB4004A49D"']
      last-modified: ['Thu, 30 Mar 2017 22:22:28 GMT']
      server: [Windows-Azure-Blob/1.0 Microsoft-HTTPAPI/2.0]
      x-ms-blob-type: [BlockBlob]
      x-ms-lease-state: [available]
      x-ms-lease-status: [unlocked]
      x-ms-server-encrypted: ['false']
      x-ms-version: ['2016-05-31']
    status: {code: 200, message: OK}
- request:
    body: null
    headers:
      Connection: [keep-alive]
      Content-Length: ['0']
      User-Agent: [Azure-Storage/0.34.0 (Python CPython 3.5.3; Darwin 16.5.0) AZURECLI/2.0.1+dev]
      x-ms-blob-content-md5: [tc+p1sj+vWGPkawoQ9UKHA==]
      x-ms-blob-content-type: [application/test-content]
      x-ms-date: ['Thu, 30 Mar 2017 22:22:31 GMT']
      x-ms-version: ['2016-05-31']
    method: PUT
    uri: https://clitest000002.blob.core.windows.net/cont000003/blob000004?comp=properties
  response:
    body: {string: ''}
    headers:
      date: ['Thu, 30 Mar 2017 22:22:32 GMT']
      etag: ['"0x8D477BB42BA096D"']
      last-modified: ['Thu, 30 Mar 2017 22:22:32 GMT']
      server: [Windows-Azure-Blob/1.0 Microsoft-HTTPAPI/2.0]
      transfer-encoding: [chunked]
      x-ms-version: ['2016-05-31']
    status: {code: 200, message: OK}
- request:
    body: null
    headers:
      Connection: [keep-alive]
      User-Agent: [Azure-Storage/0.34.0 (Python CPython 3.5.3; Darwin 16.5.0) AZURECLI/2.0.1+dev]
      x-ms-date: ['Thu, 30 Mar 2017 22:22:32 GMT']
      x-ms-version: ['2016-05-31']
    method: HEAD
    uri: https://clitest000002.blob.core.windows.net/cont000003/blob000004
  response:
    body: {string: ''}
    headers:
      accept-ranges: [bytes]
      content-length: ['4194304']
      content-md5: [tc+p1sj+vWGPkawoQ9UKHA==]
      content-type: [application/test-content]
      date: ['Thu, 30 Mar 2017 22:22:33 GMT']
      etag: ['"0x8D477BB42BA096D"']
      last-modified: ['Thu, 30 Mar 2017 22:22:32 GMT']
      server: [Windows-Azure-Blob/1.0 Microsoft-HTTPAPI/2.0]
      x-ms-blob-type: [BlockBlob]
      x-ms-lease-state: [available]
      x-ms-lease-status: [unlocked]
      x-ms-server-encrypted: ['false']
      x-ms-version: ['2016-05-31']
    status: {code: 200, message: OK}
- request:
    body: null
    headers:
      Connection: [keep-alive]
      User-Agent: [Azure-Storage/0.34.0 (Python CPython 3.5.3; Darwin 16.5.0) AZURECLI/2.0.1+dev]
      x-ms-date: ['Thu, 30 Mar 2017 22:22:33 GMT']
      x-ms-version: ['2016-05-31']
    method: GET
    uri: https://clitest000002.blob.core.windows.net/?comp=properties&restype=service
  response:
    body: {string: "\uFEFF<?xml version=\"1.0\" encoding=\"utf-8\"?><StorageServiceProperties><Logging><Version>1.0</Version><Read>false</Read><Write>false</Write><Delete>false</Delete><RetentionPolicy><Enabled>false</Enabled></RetentionPolicy></Logging><HourMetrics><Version>1.0</Version><Enabled>true</Enabled><IncludeAPIs>true</IncludeAPIs><RetentionPolicy><Enabled>true</Enabled><Days>7</Days></RetentionPolicy></HourMetrics><MinuteMetrics><Version>1.0</Version><Enabled>false</Enabled><RetentionPolicy><Enabled>false</Enabled></RetentionPolicy></MinuteMetrics><Cors
        /></StorageServiceProperties>"}
    headers:
      content-type: [application/xml]
      date: ['Thu, 30 Mar 2017 22:22:34 GMT']
      server: [Windows-Azure-Blob/1.0 Microsoft-HTTPAPI/2.0]
      transfer-encoding: [chunked]
      x-ms-version: ['2016-05-31']
    status: {code: 200, message: OK}
- request:
    body: null
    headers:
      Connection: [keep-alive]
      User-Agent: [Azure-Storage/0.34.0 (Python CPython 3.5.3; Darwin 16.5.0) AZURECLI/2.0.1+dev]
      x-ms-date: ['Thu, 30 Mar 2017 22:22:34 GMT']
      x-ms-range: [bytes=0-33554431]
      x-ms-version: ['2016-05-31']
    method: GET
    uri: https://clitest000002.blob.core.windows.net/cont000003/blob000004
  response:
    body: {string: '!!! The response body has been omitted from the recording because
        it is larger than 128 KB. It will be replaced with blank content of 4194304
        bytes while replay. <CTRL-REPLACE>4194304'}
    headers:
      accept-ranges: [bytes]
      content-length: ['4194304']
      content-range: [bytes 0-4194303/4194304]
      content-type: [application/test-content]
      date: ['Thu, 30 Mar 2017 22:22:35 GMT']
      etag: ['"0x8D477BB42BA096D"']
      last-modified: ['Thu, 30 Mar 2017 22:22:32 GMT']
      server: [Windows-Azure-Blob/1.0 Microsoft-HTTPAPI/2.0]
      x-ms-blob-content-md5: [tc+p1sj+vWGPkawoQ9UKHA==]
      x-ms-blob-type: [BlockBlob]
      x-ms-lease-state: [available]
      x-ms-lease-status: [unlocked]
      x-ms-server-encrypted: ['false']
      x-ms-version: ['2016-05-31']
    status: {code: 206, message: Partial Content}
- request:
    body: null
    headers:
      Accept: [application/json]
      Accept-Encoding: ['gzip, deflate']
      CommandName: [group delete]
      Connection: [keep-alive]
      Content-Length: ['0']
      Content-Type: [application/json; charset=utf-8]
      User-Agent: [python/3.5.3 (Darwin-16.5.0-x86_64-i386-64bit) requests/2.9.1 msrest/0.4.6
          msrest_azure/0.4.7 resourcemanagementclient/0.30.2 Azure-SDK-For-Python
          AZURECLI/2.0.1+dev]
      accept-language: [en-US]
    method: DELETE
    uri: https://management.azure.com/subscriptions/00000000-0000-0000-0000-000000000000/resourcegroups/clitest.rg000001?api-version=2016-09-01
  response:
    body: {string: ''}
    headers:
      cache-control: [no-cache]
      content-length: ['0']
      date: ['Thu, 30 Mar 2017 22:22:36 GMT']
      expires: ['-1']
      location: ['https://management.azure.com/subscriptions/00000000-0000-0000-0000-000000000000/operationresults/eyJqb2JJZCI6IlJFU09VUkNFR1JPVVBERUxFVElPTkpPQi1DTElURVNUOjJFUkc1NzczMzFGRkEwQTlEODBEQjZBNUQxOUM5RjY5RTZCMTUyOHxDNkQ4ODE3RDhFNzBCMzc3LVdFU1RVUyIsImpvYkxvY2F0aW9uIjoid2VzdHVzIn0?api-version=2016-09-01']
      pragma: [no-cache]
      retry-after: ['15']
      strict-transport-security: [max-age=31536000; includeSubDomains]
      x-ms-ratelimit-remaining-subscription-writes: ['1196']
    status: {code: 202, message: Accepted}
version: 1
