interactions:
- request:
    body: !!python/unicode '{"location": "westus", "tags": {"use": "az-test"}}'
    headers:
      Accept: [application/json]
      Accept-Encoding: ['gzip, deflate']
      CommandName: [group create]
      Connection: [keep-alive]
      Content-Length: ['50']
      Content-Type: [application/json; charset=utf-8]
      User-Agent: [python/2.7.13 (Darwin-16.5.0-x86_64-i386-64bit) requests/2.9.1
          msrest/0.4.7 msrest_azure/0.4.7 resourcemanagementclient/1.0.0rc3 Azure-SDK-For-Python
          AZURECLI/2.0.4+dev]
      accept-language: [en-US]
    method: PUT
    uri: https://management.azure.com/subscriptions/00000000-0000-0000-0000-000000000000/resourcegroups/clitest.rg000001?api-version=2016-09-01
  response:
    body: {string: !!python/unicode '{"id":"/subscriptions/00000000-0000-0000-0000-000000000000/resourceGroups/clitest.rg000001","name":"clitest.rg000001","location":"westus","tags":{"use":"az-test"},"properties":{"provisioningState":"Succeeded"}}'}
    headers:
      cache-control: [no-cache]
      content-length: ['328']
      content-type: [application/json; charset=utf-8]
      date: ['Fri, 05 May 2017 21:14:34 GMT']
      expires: ['-1']
      pragma: [no-cache]
      strict-transport-security: [max-age=31536000; includeSubDomains]
      x-ms-ratelimit-remaining-subscription-writes: ['1193']
    status: {code: 201, message: Created}
- request:
    body: !!python/unicode '{"sku": {"name": "Standard_LRS"}, "kind": "Storage", "location":
      "westus"}'
    headers:
      Accept: [application/json]
      Accept-Encoding: ['gzip, deflate']
      CommandName: [storage account create]
      Connection: [keep-alive]
      Content-Length: ['74']
      Content-Type: [application/json; charset=utf-8]
      User-Agent: [python/2.7.13 (Darwin-16.5.0-x86_64-i386-64bit) requests/2.9.1
          msrest/0.4.7 msrest_azure/0.4.7 storagemanagementclient/1.0.0rc1 Azure-SDK-For-Python
          AZURECLI/2.0.4+dev]
      accept-language: [en-US]
    method: PUT
    uri: https://management.azure.com/subscriptions/00000000-0000-0000-0000-000000000000/resourceGroups/clitest.rg000001/providers/Microsoft.Storage/storageAccounts/clitest000002?api-version=2016-12-01
  response:
    body: {string: !!python/unicode ''}
    headers:
      cache-control: [no-cache]
      content-length: ['0']
      date: ['Fri, 05 May 2017 21:14:34 GMT']
      expires: ['-1']
      location: ['https://management.azure.com/subscriptions/00000000-0000-0000-0000-000000000000/providers/Microsoft.Storage/operations/422ecfce-e73e-4623-8c9e-55c224a318d2?monitor=true&api-version=2016-12-01']
      pragma: [no-cache]
      retry-after: ['17']
      server: [Microsoft-Azure-Storage-Resource-Provider/1.0, Microsoft-HTTPAPI/2.0]
      strict-transport-security: [max-age=31536000; includeSubDomains]
      x-ms-ratelimit-remaining-subscription-writes: ['1194']
    status: {code: 202, message: Accepted}
- request:
    body: null
    headers:
      Accept: [application/json]
      Accept-Encoding: ['gzip, deflate']
      CommandName: [storage account create]
      Connection: [keep-alive]
      Content-Type: [application/json; charset=utf-8]
      User-Agent: [python/2.7.13 (Darwin-16.5.0-x86_64-i386-64bit) requests/2.9.1
          msrest/0.4.7 msrest_azure/0.4.7 storagemanagementclient/1.0.0rc1 Azure-SDK-For-Python
          AZURECLI/2.0.4+dev]
      accept-language: [en-US]
    method: GET
    uri: https://management.azure.com/subscriptions/00000000-0000-0000-0000-000000000000/providers/Microsoft.Storage/operations/422ecfce-e73e-4623-8c9e-55c224a318d2?monitor=true&api-version=2016-12-01
  response:
    body: {string: !!python/unicode '{"id":"/subscriptions/00000000-0000-0000-0000-000000000000/resourceGroups/clitest.rg000001/providers/Microsoft.Storage/storageAccounts/clitest000002","kind":"Storage","location":"westus","name":"clitest000002","properties":{"creationTime":"2017-05-05T21:14:35.0476410Z","primaryEndpoints":{"blob":"https://clitest000002.blob.core.windows.net/","file":"https://clitest000002.file.core.windows.net/","queue":"https://clitest000002.queue.core.windows.net/","table":"https://clitest000002.table.core.windows.net/"},"primaryLocation":"westus","provisioningState":"Succeeded","statusOfPrimary":"available","supportsHttpsTrafficOnly":false},"sku":{"name":"Standard_LRS","tier":"Standard"},"tags":{},"type":"Microsoft.Storage/storageAccounts"}

'}
    headers:
      cache-control: [no-cache]
      content-length: ['861']
      content-type: [application/json]
      date: ['Fri, 05 May 2017 21:14:52 GMT']
      expires: ['-1']
      pragma: [no-cache]
      server: [Microsoft-Azure-Storage-Resource-Provider/1.0, Microsoft-HTTPAPI/2.0]
      strict-transport-security: [max-age=31536000; includeSubDomains]
      transfer-encoding: [chunked]
      vary: [Accept-Encoding]
    status: {code: 200, message: OK}
- request:
    body: null
    headers:
      Accept: [application/json]
      Accept-Encoding: ['gzip, deflate']
      CommandName: [storage account keys list]
      Connection: [keep-alive]
      Content-Length: ['0']
      Content-Type: [application/json; charset=utf-8]
      User-Agent: [python/2.7.13 (Darwin-16.5.0-x86_64-i386-64bit) requests/2.9.1
          msrest/0.4.7 msrest_azure/0.4.7 storagemanagementclient/1.0.0rc1 Azure-SDK-For-Python
          AZURECLI/2.0.4+dev]
      accept-language: [en-US]
    method: POST
    uri: https://management.azure.com/subscriptions/00000000-0000-0000-0000-000000000000/resourceGroups/clitest.rg000001/providers/Microsoft.Storage/storageAccounts/clitest000002/listKeys?api-version=2016-12-01
  response:
    body: {string: !!python/unicode '{"keys":[{"keyName":"key1","permissions":"Full","value":"TYsU/TOESsikquYFS2onNQgTz0zupXKCWSsYycSyvpkonQVs/NsMOl0/55sOVCNXLMyyPn1lmBogEWTWLipW3Q=="},{"keyName":"key2","permissions":"Full","value":"vTiGaaXQL3lL2f4hjaxsF9STAvcWwmhcZWZDnf/5LsywOxWR1QIHsmAmDpDRzHk+F9ttdTP/NyOqh2nVIZa9Hw=="}]}

'}
    headers:
      cache-control: [no-cache]
      content-length: ['289']
      content-type: [application/json]
      date: ['Fri, 05 May 2017 21:14:51 GMT']
      expires: ['-1']
      pragma: [no-cache]
      server: [Microsoft-Azure-Storage-Resource-Provider/1.0, Microsoft-HTTPAPI/2.0]
      strict-transport-security: [max-age=31536000; includeSubDomains]
      transfer-encoding: [chunked]
      vary: [Accept-Encoding]
      x-ms-ratelimit-remaining-subscription-writes: ['1191']
    status: {code: 200, message: OK}
- request:
    body: null
    headers:
      Accept: [application/json]
      Accept-Encoding: ['gzip, deflate']
      CommandName: [storage account keys list]
      Connection: [keep-alive]
      Content-Length: ['0']
      Content-Type: [application/json; charset=utf-8]
      User-Agent: [python/2.7.13 (Darwin-16.5.0-x86_64-i386-64bit) requests/2.9.1
          msrest/0.4.7 msrest_azure/0.4.7 storagemanagementclient/1.0.0rc1 Azure-SDK-For-Python
          AZURECLI/2.0.4+dev]
      accept-language: [en-US]
    method: POST
    uri: https://management.azure.com/subscriptions/00000000-0000-0000-0000-000000000000/resourceGroups/clitest.rg000001/providers/Microsoft.Storage/storageAccounts/clitest000002/listKeys?api-version=2016-12-01
  response:
    body: {string: !!python/unicode '{"keys":[{"keyName":"key1","permissions":"Full","value":"TYsU/TOESsikquYFS2onNQgTz0zupXKCWSsYycSyvpkonQVs/NsMOl0/55sOVCNXLMyyPn1lmBogEWTWLipW3Q=="},{"keyName":"key2","permissions":"Full","value":"vTiGaaXQL3lL2f4hjaxsF9STAvcWwmhcZWZDnf/5LsywOxWR1QIHsmAmDpDRzHk+F9ttdTP/NyOqh2nVIZa9Hw=="}]}

'}
    headers:
      cache-control: [no-cache]
      content-length: ['289']
      content-type: [application/json]
      date: ['Fri, 05 May 2017 21:14:52 GMT']
      expires: ['-1']
      pragma: [no-cache]
      server: [Microsoft-Azure-Storage-Resource-Provider/1.0, Microsoft-HTTPAPI/2.0]
      strict-transport-security: [max-age=31536000; includeSubDomains]
      transfer-encoding: [chunked]
      vary: [Accept-Encoding]
      x-ms-ratelimit-remaining-subscription-writes: ['1193']
    status: {code: 200, message: OK}
- request:
    body: null
    headers:
      Connection: [keep-alive]
      Content-Length: ['0']
      User-Agent: [Azure-Storage/0.34.0 (Python CPython 2.7.13; Darwin 16.5.0) AZURECLI/2.0.4+dev]
      x-ms-date: ['Fri, 05 May 2017 21:14:53 GMT']
      x-ms-version: ['2016-05-31']
    method: PUT
    uri: https://clitest000002.blob.core.windows.net/cont000004?restype=container
  response:
    body: {string: !!python/unicode ''}
    headers:
      date: ['Fri, 05 May 2017 21:14:52 GMT']
      etag: ['"0x8D493FBC5EEE58C"']
      last-modified: ['Fri, 05 May 2017 21:14:53 GMT']
      server: [Windows-Azure-Blob/1.0 Microsoft-HTTPAPI/2.0]
      transfer-encoding: [chunked]
      x-ms-version: ['2016-05-31']
    status: {code: 201, message: Created}
- request:
    body: null
    headers:
      Connection: [keep-alive]
      User-Agent: [Azure-Storage/0.34.0 (Python CPython 2.7.13; Darwin 16.5.0) AZURECLI/2.0.4+dev]
      x-ms-date: ['Fri, 05 May 2017 21:14:53 GMT']
      x-ms-version: ['2016-05-31']
    method: HEAD
    uri: https://clitest000002.blob.core.windows.net/cont000004/blob000003
  response:
    body: {string: !!python/unicode ''}
    headers:
      date: ['Fri, 05 May 2017 21:14:50 GMT']
      server: [Windows-Azure-Blob/1.0 Microsoft-HTTPAPI/2.0]
      transfer-encoding: [chunked]
      x-ms-version: ['2016-05-31']
    status: {code: 404, message: The specified blob does not exist.}
- request:
    body: !!python/unicode '!!! The request body has been omitted from the recording
      because its size 4194304 is larger than 128KB. !!!'
    headers:
      Connection: [keep-alive]
      Content-Length: ['4194304']
      User-Agent: [Azure-Storage/0.34.0 (Python CPython 2.7.13; Darwin 16.5.0) AZURECLI/2.0.4+dev]
      x-ms-blob-type: [BlockBlob]
      x-ms-date: ['Fri, 05 May 2017 21:14:53 GMT']
      x-ms-version: ['2016-05-31']
    method: PUT
    uri: https://clitest000002.blob.core.windows.net/cont000004/blob000003
  response:
    body: {string: !!python/unicode ''}
    headers:
      content-md5: [tc+p1sj+vWGPkawoQ9UKHA==]
      date: ['Fri, 05 May 2017 21:14:54 GMT']
      etag: ['"0x8D493FBC6E22CAF"']
      last-modified: ['Fri, 05 May 2017 21:14:54 GMT']
      server: [Windows-Azure-Blob/1.0 Microsoft-HTTPAPI/2.0]
      transfer-encoding: [chunked]
      x-ms-request-server-encrypted: ['false']
      x-ms-version: ['2016-05-31']
    status: {code: 201, message: Created}
- request:
    body: null
    headers:
      Connection: [keep-alive]
      User-Agent: [Azure-Storage/0.34.0 (Python CPython 2.7.13; Darwin 16.5.0) AZURECLI/2.0.4+dev]
      x-ms-date: ['Fri, 05 May 2017 21:14:54 GMT']
      x-ms-version: ['2016-05-31']
    method: HEAD
    uri: https://clitest000002.blob.core.windows.net/cont000004/blob000003
  response:
    body: {string: !!python/unicode ''}
    headers:
      accept-ranges: [bytes]
      content-length: ['4194304']
      content-md5: [tc+p1sj+vWGPkawoQ9UKHA==]
      content-type: [application/octet-stream]
      date: ['Fri, 05 May 2017 21:14:54 GMT']
      etag: ['"0x8D493FBC6E22CAF"']
      last-modified: ['Fri, 05 May 2017 21:14:54 GMT']
      server: [Windows-Azure-Blob/1.0 Microsoft-HTTPAPI/2.0]
      x-ms-blob-type: [BlockBlob]
      x-ms-lease-state: [available]
      x-ms-lease-status: [unlocked]
      x-ms-server-encrypted: ['false']
      x-ms-version: ['2016-05-31']
    status: {code: 200, message: OK}
- request:
    body: null
    headers:
      Connection: [keep-alive]
      User-Agent: [Azure-Storage/0.34.0 (Python CPython 2.7.13; Darwin 16.5.0) AZURECLI/2.0.4+dev]
      x-ms-date: ['Fri, 05 May 2017 21:14:54 GMT']
      x-ms-version: ['2016-05-31']
    method: HEAD
    uri: https://clitest000002.blob.core.windows.net/cont000004/blob000003
  response:
    body: {string: !!python/unicode ''}
    headers:
      accept-ranges: [bytes]
      content-length: ['4194304']
      content-md5: [tc+p1sj+vWGPkawoQ9UKHA==]
      content-type: [application/octet-stream]
      date: ['Fri, 05 May 2017 21:14:54 GMT']
      etag: ['"0x8D493FBC6E22CAF"']
      last-modified: ['Fri, 05 May 2017 21:14:54 GMT']
      server: [Windows-Azure-Blob/1.0 Microsoft-HTTPAPI/2.0]
      x-ms-blob-type: [BlockBlob]
      x-ms-lease-state: [available]
      x-ms-lease-status: [unlocked]
      x-ms-server-encrypted: ['false']
      x-ms-version: ['2016-05-31']
    status: {code: 200, message: OK}
- request:
    body: null
    headers:
      Connection: [keep-alive]
      User-Agent: [Azure-Storage/0.34.0 (Python CPython 2.7.13; Darwin 16.5.0) AZURECLI/2.0.4+dev]
      x-ms-date: ['Fri, 05 May 2017 21:14:54 GMT']
      x-ms-version: ['2016-05-31']
    method: HEAD
    uri: https://clitest000002.blob.core.windows.net/cont000004/blob000003
  response:
    body: {string: !!python/unicode ''}
    headers:
      accept-ranges: [bytes]
      content-length: ['4194304']
      content-md5: [tc+p1sj+vWGPkawoQ9UKHA==]
      content-type: [application/octet-stream]
      date: ['Fri, 05 May 2017 21:14:54 GMT']
      etag: ['"0x8D493FBC6E22CAF"']
      last-modified: ['Fri, 05 May 2017 21:14:54 GMT']
      server: [Windows-Azure-Blob/1.0 Microsoft-HTTPAPI/2.0]
      x-ms-blob-type: [BlockBlob]
      x-ms-lease-state: [available]
      x-ms-lease-status: [unlocked]
      x-ms-server-encrypted: ['false']
      x-ms-version: ['2016-05-31']
    status: {code: 200, message: OK}
- request:
    body: null
    headers:
      Connection: [keep-alive]
      Content-Length: ['0']
      User-Agent: [Azure-Storage/0.34.0 (Python CPython 2.7.13; Darwin 16.5.0) AZURECLI/2.0.4+dev]
      x-ms-blob-content-md5: [tc+p1sj+vWGPkawoQ9UKHA==]
      x-ms-blob-content-type: [application/test-content]
      x-ms-date: ['Fri, 05 May 2017 21:14:54 GMT']
      x-ms-version: ['2016-05-31']
    method: PUT
    uri: https://clitest000002.blob.core.windows.net/cont000004/blob000003?comp=properties
  response:
    body: {string: !!python/unicode ''}
    headers:
      date: ['Fri, 05 May 2017 21:14:53 GMT']
      etag: ['"0x8D493FBC74FCD92"']
      last-modified: ['Fri, 05 May 2017 21:14:55 GMT']
      server: [Windows-Azure-Blob/1.0 Microsoft-HTTPAPI/2.0]
      transfer-encoding: [chunked]
      x-ms-version: ['2016-05-31']
    status: {code: 200, message: OK}
- request:
    body: null
    headers:
      Connection: [keep-alive]
      User-Agent: [Azure-Storage/0.34.0 (Python CPython 2.7.13; Darwin 16.5.0) AZURECLI/2.0.4+dev]
      x-ms-date: ['Fri, 05 May 2017 21:14:55 GMT']
      x-ms-version: ['2016-05-31']
    method: HEAD
    uri: https://clitest000002.blob.core.windows.net/cont000004/blob000003
  response:
    body: {string: !!python/unicode ''}
    headers:
      accept-ranges: [bytes]
      content-length: ['4194304']
      content-md5: [tc+p1sj+vWGPkawoQ9UKHA==]
      content-type: [application/test-content]
      date: ['Fri, 05 May 2017 21:14:54 GMT']
      etag: ['"0x8D493FBC74FCD92"']
      last-modified: ['Fri, 05 May 2017 21:14:55 GMT']
      server: [Windows-Azure-Blob/1.0 Microsoft-HTTPAPI/2.0]
      x-ms-blob-type: [BlockBlob]
      x-ms-lease-state: [available]
      x-ms-lease-status: [unlocked]
      x-ms-server-encrypted: ['false']
      x-ms-version: ['2016-05-31']
    status: {code: 200, message: OK}
- request:
    body: null
    headers:
      Connection: [keep-alive]
      User-Agent: [Azure-Storage/0.34.0 (Python CPython 2.7.13; Darwin 16.5.0) AZURECLI/2.0.4+dev]
      x-ms-date: ['Fri, 05 May 2017 21:14:55 GMT']
      x-ms-version: ['2016-05-31']
    method: GET
    uri: https://clitest000002.blob.core.windows.net/?comp=properties&restype=service
  response:
    body: {string: "\uFEFF<?xml version=\"1.0\" encoding=\"utf-8\"?><StorageServiceProperties><Logging><Version>1.0</Version><Read>false</Read><Write>false</Write><Delete>false</Delete><RetentionPolicy><Enabled>false</Enabled></RetentionPolicy></Logging><HourMetrics><Version>1.0</Version><Enabled>true</Enabled><IncludeAPIs>true</IncludeAPIs><RetentionPolicy><Enabled>true</Enabled><Days>7</Days></RetentionPolicy></HourMetrics><MinuteMetrics><Version>1.0</Version><Enabled>false</Enabled><RetentionPolicy><Enabled>false</Enabled></RetentionPolicy></MinuteMetrics><Cors
        /></StorageServiceProperties>"}
    headers:
      content-type: [application/xml]
      date: ['Fri, 05 May 2017 21:14:54 GMT']
      server: [Windows-Azure-Blob/1.0 Microsoft-HTTPAPI/2.0]
      transfer-encoding: [chunked]
      x-ms-version: ['2016-05-31']
    status: {code: 200, message: OK}
- request:
    body: null
    headers:
      Connection: [keep-alive]
      User-Agent: [Azure-Storage/0.34.0 (Python CPython 2.7.13; Darwin 16.5.0) AZURECLI/2.0.4+dev]
      x-ms-date: ['Fri, 05 May 2017 21:14:55 GMT']
      x-ms-range: [bytes=0-33554431]
      x-ms-version: ['2016-05-31']
    method: GET
    uri: https://clitest000002.blob.core.windows.net/cont000004/blob000003
  response:
    body: {string: !!python/unicode '!!! The response body has been omitted from the
        recording because it is larger than 128 KB. It will be replaced with blank
        content of 4194304 bytes while replay. <CTRL-REPLACE>4194304'}
    headers:
      accept-ranges: [bytes]
      content-length: ['4194304']
      content-range: [bytes 0-4194303/4194304]
      content-type: [application/test-content]
      date: ['Fri, 05 May 2017 21:14:55 GMT']
      etag: ['"0x8D493FBC74FCD92"']
      last-modified: ['Fri, 05 May 2017 21:14:55 GMT']
      server: [Windows-Azure-Blob/1.0 Microsoft-HTTPAPI/2.0]
      x-ms-blob-content-md5: [tc+p1sj+vWGPkawoQ9UKHA==]
      x-ms-blob-type: [BlockBlob]
      x-ms-lease-state: [available]
      x-ms-lease-status: [unlocked]
      x-ms-server-encrypted: ['false']
      x-ms-version: ['2016-05-31']
    status: {code: 206, message: Partial Content}
- request:
    body: null
    headers:
      Accept: [application/json]
      Accept-Encoding: ['gzip, deflate']
      CommandName: [group delete]
      Connection: [keep-alive]
      Content-Length: ['0']
      Content-Type: [application/json; charset=utf-8]
      User-Agent: [python/2.7.13 (Darwin-16.5.0-x86_64-i386-64bit) requests/2.9.1
          msrest/0.4.7 msrest_azure/0.4.7 resourcemanagementclient/1.0.0rc3 Azure-SDK-For-Python
          AZURECLI/2.0.4+dev]
      accept-language: [en-US]
    method: DELETE
    uri: https://management.azure.com/subscriptions/00000000-0000-0000-0000-000000000000/resourcegroups/clitest.rg000001?api-version=2016-09-01
  response:
    body: {string: !!python/unicode ''}
    headers:
      cache-control: [no-cache]
      content-length: ['0']
      date: ['Fri, 05 May 2017 21:14:56 GMT']
      expires: ['-1']
      location: ['https://management.azure.com/subscriptions/00000000-0000-0000-0000-000000000000/operationresults/eyJqb2JJZCI6IlJFU09VUkNFR1JPVVBERUxFVElPTkpPQi1DTElURVNUOjJFUkdDWk82NVlJTkpGQjJDTkhDRVlZTlBMQ0tDWlQzR1dIWVhSRHw1NjZBRkU5MTNDQzlFNzJDLVdFU1RVUyIsImpvYkxvY2F0aW9uIjoid2VzdHVzIn0?api-version=2016-09-01']
      pragma: [no-cache]
      retry-after: ['15']
      strict-transport-security: [max-age=31536000; includeSubDomains]
      x-ms-ratelimit-remaining-subscription-writes: ['1188']
    status: {code: 202, message: Accepted}
version: 1
