interactions:
- request:
    body: '{"tags": {"use": "az-test"}, "location": "westus"}'
    headers:
      Accept: [application/json]
      Accept-Encoding: ['gzip, deflate']
      CommandName: [group create]
      Connection: [keep-alive]
      Content-Length: ['50']
      Content-Type: [application/json; charset=utf-8]
      User-Agent: [python/3.5.3 (Darwin-16.5.0-x86_64-i386-64bit) requests/2.9.1 msrest/0.4.7
          msrest_azure/0.4.7 resourcemanagementclient/1.0.0rc1 Azure-SDK-For-Python
          AZURECLI/2.0.3+dev]
      accept-language: [en-US]
    method: PUT
    uri: https://management.azure.com/subscriptions/00000000-0000-0000-0000-000000000000/resourcegroups/clitest.rg000001?api-version=2016-09-01
  response:
    body: {string: '{"id":"/subscriptions/00000000-0000-0000-0000-000000000000/resourceGroups/clitest.rg000001","name":"clitest.rg000001","location":"westus","tags":{"use":"az-test"},"properties":{"provisioningState":"Succeeded"}}'}
    headers:
      cache-control: [no-cache]
      content-length: ['326']
      content-type: [application/json; charset=utf-8]
      date: ['Wed, 26 Apr 2017 22:23:54 GMT']
      expires: ['-1']
      pragma: [no-cache]
      strict-transport-security: [max-age=31536000; includeSubDomains]
      x-ms-ratelimit-remaining-subscription-writes: ['1198']
    status: {code: 201, message: Created}
- request:
    body: '{"kind": "Storage", "sku": {"name": "Standard_LRS"}, "location": "westus"}'
    headers:
      Accept: [application/json]
      Accept-Encoding: ['gzip, deflate']
      CommandName: [storage account create]
      Connection: [keep-alive]
      Content-Length: ['74']
      Content-Type: [application/json; charset=utf-8]
      User-Agent: [python/3.5.3 (Darwin-16.5.0-x86_64-i386-64bit) requests/2.9.1 msrest/0.4.7
          msrest_azure/0.4.7 storagemanagementclient/1.0.0rc1 Azure-SDK-For-Python
          AZURECLI/2.0.3+dev]
      accept-language: [en-US]
    method: PUT
    uri: https://management.azure.com/subscriptions/00000000-0000-0000-0000-000000000000/resourceGroups/clitest.rg000001/providers/Microsoft.Storage/storageAccounts/clitest000002?api-version=2016-12-01
  response:
    body: {string: ''}
    headers:
      cache-control: [no-cache]
      content-length: ['0']
      date: ['Wed, 26 Apr 2017 22:23:56 GMT']
      expires: ['-1']
      location: ['https://management.azure.com/subscriptions/00000000-0000-0000-0000-000000000000/providers/Microsoft.Storage/operations/f538de0c-5fbe-4e09-ba7d-d648a3b530d2?monitor=true&api-version=2016-12-01']
      pragma: [no-cache]
      retry-after: ['17']
      server: [Microsoft-Azure-Storage-Resource-Provider/1.0, Microsoft-HTTPAPI/2.0]
      strict-transport-security: [max-age=31536000; includeSubDomains]
      x-ms-ratelimit-remaining-subscription-writes: ['1192']
    status: {code: 202, message: Accepted}
- request:
    body: null
    headers:
      Accept: [application/json]
      Accept-Encoding: ['gzip, deflate']
      CommandName: [storage account create]
      Connection: [keep-alive]
      Content-Type: [application/json; charset=utf-8]
      User-Agent: [python/3.5.3 (Darwin-16.5.0-x86_64-i386-64bit) requests/2.9.1 msrest/0.4.7
          msrest_azure/0.4.7 storagemanagementclient/1.0.0rc1 Azure-SDK-For-Python
          AZURECLI/2.0.3+dev]
      accept-language: [en-US]
    method: GET
    uri: https://management.azure.com/subscriptions/00000000-0000-0000-0000-000000000000/providers/Microsoft.Storage/operations/f538de0c-5fbe-4e09-ba7d-d648a3b530d2?monitor=true&api-version=2016-12-01
  response:
    body: {string: '{"id":"/subscriptions/00000000-0000-0000-0000-000000000000/resourceGroups/clitest.rg000001/providers/Microsoft.Storage/storageAccounts/clitest000002","kind":"Storage","location":"westus","name":"clitest000002","properties":{"creationTime":"2017-04-26T22:23:56.7371802Z","primaryEndpoints":{"blob":"https://clitest000002.blob.core.windows.net/","file":"https://clitest000002.file.core.windows.net/","queue":"https://clitest000002.queue.core.windows.net/","table":"https://clitest000002.table.core.windows.net/"},"primaryLocation":"westus","provisioningState":"Succeeded","statusOfPrimary":"available","supportsHttpsTrafficOnly":false},"sku":{"name":"Standard_LRS","tier":"Standard"},"tags":{},"type":"Microsoft.Storage/storageAccounts"}

'}
    headers:
      cache-control: [no-cache]
      content-length: ['860']
      content-type: [application/json]
      date: ['Wed, 26 Apr 2017 22:24:13 GMT']
      expires: ['-1']
      pragma: [no-cache]
      server: [Microsoft-Azure-Storage-Resource-Provider/1.0, Microsoft-HTTPAPI/2.0]
      strict-transport-security: [max-age=31536000; includeSubDomains]
      transfer-encoding: [chunked]
      vary: [Accept-Encoding]
    status: {code: 200, message: OK}
- request:
    body: null
    headers:
      Accept: [application/json]
      Accept-Encoding: ['gzip, deflate']
      CommandName: [storage account show-connection-string]
      Connection: [keep-alive]
      Content-Length: ['0']
      Content-Type: [application/json; charset=utf-8]
      User-Agent: [python/3.5.3 (Darwin-16.5.0-x86_64-i386-64bit) requests/2.9.1 msrest/0.4.7
          msrest_azure/0.4.7 storagemanagementclient/1.0.0rc1 Azure-SDK-For-Python
          AZURECLI/2.0.3+dev]
      accept-language: [en-US]
    method: POST
    uri: https://management.azure.com/subscriptions/00000000-0000-0000-0000-000000000000/resourceGroups/clitest.rg000001/providers/Microsoft.Storage/storageAccounts/clitest000002/listKeys?api-version=2016-12-01
  response:
    body: {string: '{"keys":[{"keyName":"key1","permissions":"Full","value":"x8hwbn/Vz/xEQ23uAQbEI0vmifz2GwM0O+oRIk4gIwqnWkXvBcwquHOrQQS5g2Lh6LYOqTFqQEO0fb9BKP2O9w=="},{"keyName":"key2","permissions":"Full","value":"F8WBtpUVaFKtB8LjNOnulMh3/ySLXxPpG4mDoscN3rHHcFWxTvR5UAeFQcf/Rzutc+mvBpNhqXK7BsOR58Z7gg=="}]}

'}
    headers:
      cache-control: [no-cache]
      content-length: ['289']
      content-type: [application/json]
      date: ['Wed, 26 Apr 2017 22:24:14 GMT']
      expires: ['-1']
      pragma: [no-cache]
      server: [Microsoft-Azure-Storage-Resource-Provider/1.0, Microsoft-HTTPAPI/2.0]
      strict-transport-security: [max-age=31536000; includeSubDomains]
      transfer-encoding: [chunked]
      vary: [Accept-Encoding]
      x-ms-ratelimit-remaining-subscription-writes: ['1192']
    status: {code: 200, message: OK}
- request:
    body: null
    headers:
      Connection: [keep-alive]
      User-Agent: [Azure-Storage/0.34.0 (Python CPython 3.5.3; Darwin 16.5.0) AZURECLI/2.0.3+dev]
      x-ms-date: ['Wed, 26 Apr 2017 22:24:15 GMT']
      x-ms-version: ['2016-05-31']
    method: GET
    uri: https://clitest000002.blob.core.windows.net/?restype=service&comp=properties
  response:
    body: {string: "\uFEFF<?xml version=\"1.0\" encoding=\"utf-8\"?><StorageServiceProperties><Logging><Version>1.0</Version><Read>false</Read><Write>false</Write><Delete>false</Delete><RetentionPolicy><Enabled>false</Enabled></RetentionPolicy></Logging><HourMetrics><Version>1.0</Version><Enabled>true</Enabled><IncludeAPIs>true</IncludeAPIs><RetentionPolicy><Enabled>true</Enabled><Days>7</Days></RetentionPolicy></HourMetrics><MinuteMetrics><Version>1.0</Version><Enabled>false</Enabled><RetentionPolicy><Enabled>false</Enabled></RetentionPolicy></MinuteMetrics><Cors
        /></StorageServiceProperties>"}
    headers:
      content-type: [application/xml]
      date: ['Wed, 26 Apr 2017 22:24:14 GMT']
      server: [Windows-Azure-Blob/1.0 Microsoft-HTTPAPI/2.0]
      transfer-encoding: [chunked]
      x-ms-version: ['2016-05-31']
    status: {code: 200, message: OK}
- request:
    body: null
    headers:
      Connection: [keep-alive]
      User-Agent: [Azure-Storage/0.34.0 (Python CPython 3.5.3; Darwin 16.5.0) AZURECLI/2.0.3+dev]
      x-ms-date: ['Wed, 26 Apr 2017 22:24:15 GMT']
      x-ms-version: ['2016-05-31']
    method: GET
    uri: https://clitest000002.queue.core.windows.net/?restype=service&comp=properties
  response:
    body: {string: "\uFEFF<?xml version=\"1.0\" encoding=\"utf-8\"?><StorageServiceProperties><Logging><Version>1.0</Version><Read>false</Read><Write>false</Write><Delete>false</Delete><RetentionPolicy><Enabled>false</Enabled></RetentionPolicy></Logging><HourMetrics><Version>1.0</Version><Enabled>true</Enabled><IncludeAPIs>true</IncludeAPIs><RetentionPolicy><Enabled>true</Enabled><Days>7</Days></RetentionPolicy></HourMetrics><MinuteMetrics><Version>1.0</Version><Enabled>false</Enabled><RetentionPolicy><Enabled>false</Enabled></RetentionPolicy></MinuteMetrics><Cors
        /></StorageServiceProperties>"}
    headers:
      cache-control: [no-cache]
      content-type: [application/xml]
      date: ['Wed, 26 Apr 2017 22:24:14 GMT']
      server: [Windows-Azure-Queue/1.0 Microsoft-HTTPAPI/2.0]
      transfer-encoding: [chunked]
      x-ms-version: ['2016-05-31']
    status: {code: 200, message: OK}
- request:
    body: null
    headers:
      Connection: [keep-alive]
      DataServiceVersion: [3.0;NetFx]
      MaxDataServiceVersion: ['3.0']
      User-Agent: [Azure-Storage/0.34.0 (Python CPython 3.5.3; Darwin 16.5.0) AZURECLI/2.0.3+dev]
      x-ms-date: ['Wed, 26 Apr 2017 22:24:15 GMT']
      x-ms-version: ['2016-05-31']
    method: GET
    uri: https://clitest000002.table.core.windows.net/?restype=service&comp=properties
  response:
    body: {string: "\uFEFF<?xml version=\"1.0\" encoding=\"utf-8\"?><StorageServiceProperties><Logging><Version>1.0</Version><Read>false</Read><Write>false</Write><Delete>false</Delete><RetentionPolicy><Enabled>false</Enabled></RetentionPolicy></Logging><HourMetrics><Version>1.0</Version><Enabled>true</Enabled><IncludeAPIs>true</IncludeAPIs><RetentionPolicy><Enabled>true</Enabled><Days>7</Days></RetentionPolicy></HourMetrics><MinuteMetrics><Version>1.0</Version><Enabled>false</Enabled><RetentionPolicy><Enabled>false</Enabled></RetentionPolicy></MinuteMetrics><Cors
        /></StorageServiceProperties>"}
    headers:
      content-type: [application/xml]
      date: ['Wed, 26 Apr 2017 22:24:15 GMT']
      server: [Windows-Azure-Table/1.0 Microsoft-HTTPAPI/2.0]
      transfer-encoding: [chunked]
      x-ms-version: ['2016-05-31']
    status: {code: 200, message: OK}
- request:
    body: '<?xml version=''1.0'' encoding=''utf-8''?>

      <StorageServiceProperties><Logging><Version>1.0</Version><Delete>False</Delete><Read>True</Read><Write>False</Write><RetentionPolicy><Enabled>True</Enabled><Days>1</Days></RetentionPolicy></Logging></StorageServiceProperties>'
    headers:
      Connection: [keep-alive]
      Content-Length: ['264']
      User-Agent: [Azure-Storage/0.34.0 (Python CPython 3.5.3; Darwin 16.5.0) AZURECLI/2.0.3+dev]
      x-ms-date: ['Wed, 26 Apr 2017 22:24:15 GMT']
      x-ms-version: ['2016-05-31']
    method: PUT
    uri: https://clitest000002.blob.core.windows.net/?restype=service&comp=properties
  response:
    body: {string: ''}
    headers:
      date: ['Wed, 26 Apr 2017 22:24:14 GMT']
      server: [Windows-Azure-Blob/1.0 Microsoft-HTTPAPI/2.0]
      transfer-encoding: [chunked]
      x-ms-version: ['2016-05-31']
    status: {code: 202, message: Accepted}
- request:
    body: null
    headers:
      Connection: [keep-alive]
      User-Agent: [Azure-Storage/0.34.0 (Python CPython 3.5.3; Darwin 16.5.0) AZURECLI/2.0.3+dev]
      x-ms-date: ['Wed, 26 Apr 2017 22:24:15 GMT']
      x-ms-version: ['2016-05-31']
    method: GET
    uri: https://clitest000002.blob.core.windows.net/?restype=service&comp=properties
  response:
    body: {string: "\uFEFF<?xml version=\"1.0\" encoding=\"utf-8\"?><StorageServiceProperties><Logging><Version>1.0</Version><Read>true</Read><Write>false</Write><Delete>false</Delete><RetentionPolicy><Enabled>true</Enabled><Days>1</Days></RetentionPolicy></Logging><HourMetrics><Version>1.0</Version><Enabled>true</Enabled><IncludeAPIs>true</IncludeAPIs><RetentionPolicy><Enabled>true</Enabled><Days>7</Days></RetentionPolicy></HourMetrics><MinuteMetrics><Version>1.0</Version><Enabled>false</Enabled><RetentionPolicy><Enabled>false</Enabled></RetentionPolicy></MinuteMetrics><Cors
        /></StorageServiceProperties>"}
    headers:
      content-type: [application/xml]
      date: ['Wed, 26 Apr 2017 22:24:14 GMT']
      server: [Windows-Azure-Blob/1.0 Microsoft-HTTPAPI/2.0]
      transfer-encoding: [chunked]
      x-ms-version: ['2016-05-31']
    status: {code: 200, message: OK}
- request:
    body: null
    headers:
      Connection: [keep-alive]
      User-Agent: [Azure-Storage/0.34.0 (Python CPython 3.5.3; Darwin 16.5.0) AZURECLI/2.0.3+dev]
      x-ms-date: ['Wed, 26 Apr 2017 22:24:15 GMT']
      x-ms-version: ['2016-05-31']
    method: GET
    uri: https://clitest000002.queue.core.windows.net/?restype=service&comp=properties
  response:
    body: {string: "\uFEFF<?xml version=\"1.0\" encoding=\"utf-8\"?><StorageServiceProperties><Logging><Version>1.0</Version><Read>false</Read><Write>false</Write><Delete>false</Delete><RetentionPolicy><Enabled>false</Enabled></RetentionPolicy></Logging><HourMetrics><Version>1.0</Version><Enabled>true</Enabled><IncludeAPIs>true</IncludeAPIs><RetentionPolicy><Enabled>true</Enabled><Days>7</Days></RetentionPolicy></HourMetrics><MinuteMetrics><Version>1.0</Version><Enabled>false</Enabled><RetentionPolicy><Enabled>false</Enabled></RetentionPolicy></MinuteMetrics><Cors
        /></StorageServiceProperties>"}
    headers:
      cache-control: [no-cache]
      content-type: [application/xml]
      date: ['Wed, 26 Apr 2017 22:24:15 GMT']
      server: [Windows-Azure-Queue/1.0 Microsoft-HTTPAPI/2.0]
      transfer-encoding: [chunked]
      x-ms-version: ['2016-05-31']
    status: {code: 200, message: OK}
- request:
    body: null
    headers:
      Connection: [keep-alive]
      DataServiceVersion: [3.0;NetFx]
      MaxDataServiceVersion: ['3.0']
      User-Agent: [Azure-Storage/0.34.0 (Python CPython 3.5.3; Darwin 16.5.0) AZURECLI/2.0.3+dev]
      x-ms-date: ['Wed, 26 Apr 2017 22:24:15 GMT']
      x-ms-version: ['2016-05-31']
    method: GET
    uri: https://clitest000002.table.core.windows.net/?restype=service&comp=properties
  response:
    body: {string: "\uFEFF<?xml version=\"1.0\" encoding=\"utf-8\"?><StorageServiceProperties><Logging><Version>1.0</Version><Read>false</Read><Write>false</Write><Delete>false</Delete><RetentionPolicy><Enabled>false</Enabled></RetentionPolicy></Logging><HourMetrics><Version>1.0</Version><Enabled>true</Enabled><IncludeAPIs>true</IncludeAPIs><RetentionPolicy><Enabled>true</Enabled><Days>7</Days></RetentionPolicy></HourMetrics><MinuteMetrics><Version>1.0</Version><Enabled>false</Enabled><RetentionPolicy><Enabled>false</Enabled></RetentionPolicy></MinuteMetrics><Cors
        /></StorageServiceProperties>"}
    headers:
      content-type: [application/xml]
      date: ['Wed, 26 Apr 2017 22:24:15 GMT']
      server: [Windows-Azure-Table/1.0 Microsoft-HTTPAPI/2.0]
      transfer-encoding: [chunked]
      x-ms-version: ['2016-05-31']
    status: {code: 200, message: OK}
- request:
    body: null
    headers:
      Accept: [application/json]
      Accept-Encoding: ['gzip, deflate']
      CommandName: [group delete]
      Connection: [keep-alive]
      Content-Length: ['0']
      Content-Type: [application/json; charset=utf-8]
      User-Agent: [python/3.5.3 (Darwin-16.5.0-x86_64-i386-64bit) requests/2.9.1 msrest/0.4.7
          msrest_azure/0.4.7 resourcemanagementclient/1.0.0rc1 Azure-SDK-For-Python
          AZURECLI/2.0.3+dev]
      accept-language: [en-US]
    method: DELETE
    uri: https://management.azure.com/subscriptions/00000000-0000-0000-0000-000000000000/resourcegroups/clitest.rg000001?api-version=2016-09-01
  response:
    body: {string: ''}
    headers:
      cache-control: [no-cache]
      content-length: ['0']
      date: ['Wed, 26 Apr 2017 22:24:16 GMT']
      expires: ['-1']
      location: ['https://management.azure.com/subscriptions/00000000-0000-0000-0000-000000000000/operationresults/eyJqb2JJZCI6IlJFU09VUkNFR1JPVVBERUxFVElPTkpPQi1DTElURVNUOjJFUkdBOUIzNEE5RTA0NjNDQ0FEMEVFRDQzM0U2RjMxN0M1Rjk4M3wwQUFCNDExMDg5NzVDQTFGLVdFU1RVUyIsImpvYkxvY2F0aW9uIjoid2VzdHVzIn0?api-version=2016-09-01']
      pragma: [no-cache]
      retry-after: ['15']
      strict-transport-security: [max-age=31536000; includeSubDomains]
      x-ms-ratelimit-remaining-subscription-writes: ['1196']
    status: {code: 202, message: Accepted}
version: 1
