interactions:
- request:
    body: '{"location": "westus", "tags": {"cause": "automation", "product": "azurecli",
      "date": "2019-03-14T22:11:00Z"}}'
    headers:
      Accept: [application/json]
      Accept-Encoding: ['gzip, deflate']
      CommandName: [group create]
      Connection: [keep-alive]
      Content-Length: ['110']
      Content-Type: [application/json; charset=utf-8]
      ParameterSetName: [--location --name --tag]
      User-Agent: [python/3.5.2 (Windows-10-10.0.17763-SP0) msrest/0.6.2 msrest_azure/0.4.34
          resourcemanagementclient/2.1.0 Azure-SDK-For-Python AZURECLI/2.0.60]
      accept-language: [en-US]
    method: PUT
    uri: https://management.azure.com/subscriptions/00000000-0000-0000-0000-000000000000/resourcegroups/cli_test_invoke_action000001?api-version=2018-05-01
  response:
    body: {string: '{"id":"/subscriptions/00000000-0000-0000-0000-000000000000/resourceGroups/cli_test_invoke_action000001","name":"cli_test_invoke_action000001","location":"westus","tags":{"cause":"automation","product":"azurecli","date":"2019-03-14T22:11:00Z"},"properties":{"provisioningState":"Succeeded"}}'}
    headers:
      cache-control: [no-cache]
      content-length: ['384']
      content-type: [application/json; charset=utf-8]
      date: ['Thu, 14 Mar 2019 22:11:02 GMT']
      expires: ['-1']
      pragma: [no-cache]
      strict-transport-security: [max-age=31536000; includeSubDomains]
      x-content-type-options: [nosniff]
      x-ms-ratelimit-remaining-subscription-writes: ['1199']
    status: {code: 201, message: Created}
- request:
    body: null
    headers:
      Accept: [application/json]
      Accept-Encoding: ['gzip, deflate']
      CommandName: [vm create]
      Connection: [keep-alive]
      ParameterSetName: [-g -n --use-unmanaged-disk --image --admin-username --admin-password
          --authentication-type]
      User-Agent: [python/3.5.2 (Windows-10-10.0.17763-SP0) msrest/0.6.2 msrest_azure/0.4.34
          resourcemanagementclient/2.1.0 Azure-SDK-For-Python AZURECLI/2.0.60]
      accept-language: [en-US]
    method: GET
    uri: https://management.azure.com/subscriptions/00000000-0000-0000-0000-000000000000/resourcegroups/cli_test_invoke_action000001?api-version=2018-05-01
  response:
    body: {string: '{"id":"/subscriptions/00000000-0000-0000-0000-000000000000/resourceGroups/cli_test_invoke_action000001","name":"cli_test_invoke_action000001","location":"westus","tags":{"cause":"automation","product":"azurecli","date":"2019-03-14T22:11:00Z"},"properties":{"provisioningState":"Succeeded"}}'}
    headers:
      cache-control: [no-cache]
      content-length: ['384']
      content-type: [application/json; charset=utf-8]
      date: ['Thu, 14 Mar 2019 22:11:04 GMT']
      expires: ['-1']
      pragma: [no-cache]
      strict-transport-security: [max-age=31536000; includeSubDomains]
      vary: [Accept-Encoding]
      x-content-type-options: [nosniff]
    status: {code: 200, message: OK}
- request:
    body: null
    headers:
      Accept: ['*/*']
      Accept-Encoding: ['gzip, deflate']
      Connection: [keep-alive]
      User-Agent: [python-requests/2.21.0]
    method: GET
    uri: https://raw.githubusercontent.com/Azure/azure-rest-api-specs/master/arm-compute/quickstart-templates/aliases.json
  response:
    body: {string: "{\n  \"$schema\":\"http://schema.management.azure.com/schemas/2015-01-01/deploymentTemplate.json\"\
        ,\n  \"contentVersion\":\"1.0.0.0\",\n  \"parameters\":{},\n  \"variables\"\
        :{},\n  \"resources\":[],\n\n  \"outputs\":{\n    \"aliases\":{\n      \"\
        type\":\"object\",\n      \"value\":{\n\n        \"Linux\":{\n          \"\
        CentOS\":{\n            \"publisher\":\"OpenLogic\",\n            \"offer\"\
        :\"CentOS\",\n            \"sku\":\"7.5\",\n            \"version\":\"latest\"\
        \n          },\n          \"CoreOS\":{\n            \"publisher\":\"CoreOS\"\
        ,\n            \"offer\":\"CoreOS\",\n            \"sku\":\"Stable\",\n  \
        \          \"version\":\"latest\"\n          },\n          \"Debian\":{\n\
        \            \"publisher\":\"credativ\",\n            \"offer\":\"Debian\"\
        ,\n            \"sku\":\"9\",\n            \"version\":\"latest\"\n      \
        \    },\n          \"openSUSE-Leap\": {\n            \"publisher\":\"SUSE\"\
        ,\n            \"offer\":\"openSUSE-Leap\",\n            \"sku\":\"42.3\"\
        ,\n            \"version\": \"latest\"\n          },\n          \"RHEL\":{\n\
        \            \"publisher\":\"RedHat\",\n            \"offer\":\"RHEL\",\n\
        \            \"sku\":\"7-RAW\",\n            \"version\":\"latest\"\n    \
        \      },\n          \"SLES\":{\n            \"publisher\":\"SUSE\",\n   \
        \         \"offer\":\"SLES\",\n            \"sku\":\"15\",\n            \"\
        version\":\"latest\"\n          },\n          \"UbuntuLTS\":{\n          \
        \  \"publisher\":\"Canonical\",\n            \"offer\":\"UbuntuServer\",\n\
        \            \"sku\":\"18.04-LTS\",\n            \"version\":\"latest\"\n\
        \          }\n        },\n\n        \"Windows\":{\n          \"Win2019Datacenter\"\
        :{\n            \"publisher\":\"MicrosoftWindowsServer\",\n            \"\
        offer\":\"WindowsServer\",\n            \"sku\":\"2019-Datacenter\",\n   \
        \         \"version\":\"latest\"\n          },\n          \"Win2016Datacenter\"\
        :{\n            \"publisher\":\"MicrosoftWindowsServer\",\n            \"\
        offer\":\"WindowsServer\",\n            \"sku\":\"2016-Datacenter\",\n   \
        \         \"version\":\"latest\"\n          },\n          \"Win2012R2Datacenter\"\
        :{\n            \"publisher\":\"MicrosoftWindowsServer\",\n            \"\
        offer\":\"WindowsServer\",\n            \"sku\":\"2012-R2-Datacenter\",\n\
        \            \"version\":\"latest\"\n          },\n          \"Win2012Datacenter\"\
        :{\n            \"publisher\":\"MicrosoftWindowsServer\",\n            \"\
        offer\":\"WindowsServer\",\n            \"sku\":\"2012-Datacenter\",\n   \
        \         \"version\":\"latest\"\n          },\n          \"Win2008R2SP1\"\
        :{\n            \"publisher\":\"MicrosoftWindowsServer\",\n            \"\
        offer\":\"WindowsServer\",\n            \"sku\":\"2008-R2-SP1\",\n       \
        \     \"version\":\"latest\"\n          }\n        }\n      }\n    }\n  }\n\
        }\n"}
    headers:
      accept-ranges: [bytes]
      access-control-allow-origin: ['*']
      cache-control: [max-age=300]
      connection: [keep-alive]
      content-length: ['2433']
      content-security-policy: [default-src 'none'; style-src 'unsafe-inline'; sandbox]
      content-type: [text/plain; charset=utf-8]
      date: ['Thu, 14 Mar 2019 22:11:04 GMT']
      etag: ['"f5944d69cdbfb4a2bb2ddda8c5f050bde5bbcb32"']
      expires: ['Thu, 14 Mar 2019 22:16:04 GMT']
      source-age: ['87']
      strict-transport-security: [max-age=31536000]
      vary: ['Authorization,Accept-Encoding']
      via: [1.1 varnish]
      x-cache: [HIT]
      x-cache-hits: ['1']
      x-content-type-options: [nosniff]
      x-fastly-request-id: [802b5d28025587c0a6ddf1dcb79e1315dcecdbe6]
      x-frame-options: [deny]
      x-geo-block-list: ['']
      x-github-request-id: ['BD76:9363:408A5E:44CB6E:5C8AD122']
      x-served-by: [cache-sea1025-SEA]
      x-timer: ['S1552601465.929106,VS0,VE1']
      x-xss-protection: [1; mode=block]
    status: {code: 200, message: OK}
- request:
    body: null
    headers:
      Accept: [application/json]
      Accept-Encoding: ['gzip, deflate']
      CommandName: [vm create]
      Connection: [keep-alive]
      ParameterSetName: [-g -n --use-unmanaged-disk --image --admin-username --admin-password
          --authentication-type]
      User-Agent: [python/3.5.2 (Windows-10-10.0.17763-SP0) msrest/0.6.2 msrest_azure/0.4.34
          azure-mgmt-storage/3.1.1 Azure-SDK-For-Python AZURECLI/2.0.60]
      accept-language: [en-US]
    method: GET
    uri: https://management.azure.com/subscriptions/00000000-0000-0000-0000-000000000000/resourceGroups/cli_test_invoke_action000001/providers/Microsoft.Storage/storageAccounts?api-version=2017-10-01
  response:
    body: {string: '{"value":[]}'}
    headers:
      cache-control: [no-cache]
      content-length: ['12']
      content-type: [application/json; charset=utf-8]
      date: ['Thu, 14 Mar 2019 22:11:04 GMT']
      expires: ['-1']
      pragma: [no-cache]
      strict-transport-security: [max-age=31536000; includeSubDomains]
      vary: [Accept-Encoding]
      x-content-type-options: [nosniff]
    status: {code: 200, message: OK}
- request:
    body: null
    headers:
      Accept: [application/json]
      Accept-Encoding: ['gzip, deflate']
      CommandName: [vm create]
      Connection: [keep-alive]
      ParameterSetName: [-g -n --use-unmanaged-disk --image --admin-username --admin-password
          --authentication-type]
      User-Agent: [python/3.5.2 (Windows-10-10.0.17763-SP0) msrest/0.6.2 msrest_azure/0.4.34
          networkmanagementclient/2.6.0rc1 Azure-SDK-For-Python AZURECLI/2.0.60]
      accept-language: [en-US]
    method: GET
    uri: https://management.azure.com/subscriptions/00000000-0000-0000-0000-000000000000/resourceGroups/cli_test_invoke_action000001/providers/Microsoft.Network/virtualNetworks?api-version=2017-10-01
  response:
    body: {string: '{"value":[]}'}
    headers:
      cache-control: [no-cache]
      content-length: ['12']
      content-type: [application/json; charset=utf-8]
      date: ['Thu, 14 Mar 2019 22:11:04 GMT']
      expires: ['-1']
      pragma: [no-cache]
      strict-transport-security: [max-age=31536000; includeSubDomains]
      vary: [Accept-Encoding]
      x-content-type-options: [nosniff]
    status: {code: 200, message: OK}
- request:
    body: 'b''b\''b\\\''{"properties": {"template": {"outputs": {}, "variables": {},
      "$schema": "https://schema.management.azure.com/schemas/2015-01-01/deploymentTemplate.json#",
      "parameters": {"adminPassword": {"metadata": {"description": "Secure adminPassword"},
      "type": "securestring"}}, "resources": [{"location": "westus", "dependsOn":
      [], "type": "Microsoft.Storage/storageAccounts", "apiVersion": "2015-06-15",
      "properties": {"accountType": "Premium_LRS"}, "tags": {}, "name": "vhdstorageb100ff75f326dd"},
      {"location": "westus", "dependsOn": [], "type": "Microsoft.Network/virtualNetworks",
      "apiVersion": "2015-06-15", "properties": {"addressSpace": {"addressPrefixes":
      ["10.0.0.0/16"]}, "subnets": [{"properties": {"addressPrefix": "10.0.0.0/24"},
      "name": "cli-test-vm000002Subnet"}]}, "tags": {}, "name": "cli-test-vm000002VNET"},
      {"location": "westus", "dependsOn": [], "type": "Microsoft.Network/networkSecurityGroups",
      "apiVersion": "2015-06-15", "properties": {"securityRules": [{"properties":
      {"destinationAddressPrefix": "*", "protocol": "Tcp", "destinationPortRange":
      "22", "sourceAddressPrefix": "*", "sourcePortRange": "*", "priority": 1000,
      "access": "Allow", "direction": "Inbound"}, "name": "default-allow-ssh"}]},
      "tags": {}, "name": "cli-test-vm000002NSG"}, {"location": "westus", "dependsOn":
      [], "type": "Microsoft.Network/publicIPAddresses", "apiVersion": "2017-10-01",
      "properties": {"publicIPAllocationMethod": null}, "tags": {}, "name": "cli-test-vm000002PublicIP"},
      {"location": "westus", "dependsOn": ["Microsoft.Network/virtualNetworks/cli-test-vm000002VNET",
      "Microsoft.Network/networkSecurityGroups/cli-test-vm000002NSG", "Microsoft.Network/publicIpAddresses/cli-test-vm000002PublicIP"],
      "type": "Microsoft.Network/networkInterfaces", "apiVersion": "2015-06-15", "properties":
      {"ipConfigurations": [{"properties": {"privateIPAllocationMethod": "Dynamic",
      "subnet": {"id": "/subscriptions/00000000-0000-0000-0000-000000000000/resourceGroups/cli_test_invoke_action000001/providers/Microsoft.Network/virtualNetworks/cli-test-vm000002VNET/subnets/cli-test-vm000002Subnet"},
      "publicIPAddress": {"id": "/subscriptions/00000000-0000-0000-0000-000000000000/resourceGroups/cli_test_invoke_action000001/providers/Microsoft.Network/publicIPAddresses/cli-test-vm000002PublicIP"}},
      "name": "ipconfigcli-test-vm000002"}], "networkSecurityGroup": {"id": "/subscriptions/00000000-0000-0000-0000-000000000000/resourceGroups/cli_test_invoke_action000001/providers/Microsoft.Network/networkSecurityGroups/cli-test-vm000002NSG"}},
      "tags": {}, "name": "cli-test-vm000002VMNic"}, {"location": "westus", "dependsOn":
      ["Microsoft.Storage/storageAccounts/vhdstorageb100ff75f326dd", "Microsoft.Network/networkInterfaces/cli-test-vm000002VMNic"],
      "type": "Microsoft.Compute/virtualMachines", "apiVersion": "2017-12-01", "properties":
      {"hardwareProfile": {"vmSize": "Standard_DS1_v2"}, "osProfile": {"computerName":
      "cli-test-vm000002", "adminUsername": "ubuntu", "adminPassword": "[parameters(\\\\\\\''adminPassword\\\\\\\'')]"},
      "storageProfile": {"imageReference": {"publisher": "Canonical", "offer": "UbuntuServer",
      "sku": "18.04-LTS", "version": "latest"}, "osDisk": {"name": "osdisk_b100ff75f3",
      "createOption": "fromImage", "vhd": {"uri": "https://vhdstorageb100ff75f326dd.blob.core.windows.net/vhds/osdisk_b100ff75f3.vhd"},
      "caching": "ReadWrite"}}, "networkProfile": {"networkInterfaces": [{"id": "/subscriptions/00000000-0000-0000-0000-000000000000/resourceGroups/cli_test_invoke_action000001/providers/Microsoft.Network/networkInterfaces/cli-test-vm000002VMNic"}]}},
      "tags": {}, "name": "cli-test-vm000002"}], "contentVersion": "1.0.0.0"}, "parameters":
      {"adminPassword": {"value": "Longpassword#1000003"}}, "mode": "Incremental"}}\\\''\'''''
    headers:
      Accept: [application/json]
      Accept-Encoding: ['gzip, deflate']
      CommandName: [vm create]
      Connection: [keep-alive]
      Content-Length: ['4127']
      Content-Type: [application/json; charset=utf-8]
      ParameterSetName: [-g -n --use-unmanaged-disk --image --admin-username --admin-password
          --authentication-type]
      User-Agent: [python/3.5.2 (Windows-10-10.0.17763-SP0) msrest/0.6.2 msrest_azure/0.4.34
          resourcemanagementclient/2.1.0 Azure-SDK-For-Python AZURECLI/2.0.60]
      accept-language: [en-US]
    method: PUT
    uri: https://management.azure.com/subscriptions/00000000-0000-0000-0000-000000000000/resourcegroups/cli_test_invoke_action000001/providers/Microsoft.Resources/deployments/mock-deployment?api-version=2018-05-01
  response:
    body: {string: '{"id":"/subscriptions/00000000-0000-0000-0000-000000000000/resourceGroups/cli_test_invoke_action000001/providers/Microsoft.Resources/deployments/vm_deploy_QUkEZeqlSrhAlR74FihdU8f4Dq75q1ll","name":"vm_deploy_QUkEZeqlSrhAlR74FihdU8f4Dq75q1ll","properties":{"templateHash":"10201856183612216694","parameters":{"adminPassword":{"type":"SecureString"}},"mode":"Incremental","provisioningState":"Accepted","timestamp":"2019-03-14T22:11:08.5897108Z","duration":"PT1.1548966S","correlationId":"86ee6f77-0570-4d5f-a77b-4e79c25f401a","providers":[{"namespace":"Microsoft.Storage","resourceTypes":[{"resourceType":"storageAccounts","locations":["westus"]}]},{"namespace":"Microsoft.Network","resourceTypes":[{"resourceType":"virtualNetworks","locations":["westus"]},{"resourceType":"networkSecurityGroups","locations":["westus"]},{"resourceType":"publicIPAddresses","locations":["westus"]},{"resourceType":"networkInterfaces","locations":["westus"]}]},{"namespace":"Microsoft.Compute","resourceTypes":[{"resourceType":"virtualMachines","locations":["westus"]}]}],"dependencies":[{"dependsOn":[{"id":"/subscriptions/00000000-0000-0000-0000-000000000000/resourceGroups/cli_test_invoke_action000001/providers/Microsoft.Network/virtualNetworks/cli-test-vm000002VNET","resourceType":"Microsoft.Network/virtualNetworks","resourceName":"cli-test-vm000002VNET"},{"id":"/subscriptions/00000000-0000-0000-0000-000000000000/resourceGroups/cli_test_invoke_action000001/providers/Microsoft.Network/networkSecurityGroups/cli-test-vm000002NSG","resourceType":"Microsoft.Network/networkSecurityGroups","resourceName":"cli-test-vm000002NSG"},{"id":"/subscriptions/00000000-0000-0000-0000-000000000000/resourceGroups/cli_test_invoke_action000001/providers/Microsoft.Network/publicIPAddresses/cli-test-vm000002PublicIP","resourceType":"Microsoft.Network/publicIPAddresses","resourceName":"cli-test-vm000002PublicIP"}],"id":"/subscriptions/00000000-0000-0000-0000-000000000000/resourceGroups/cli_test_invoke_action000001/providers/Microsoft.Network/networkInterfaces/cli-test-vm000002VMNic","resourceType":"Microsoft.Network/networkInterfaces","resourceName":"cli-test-vm000002VMNic"},{"dependsOn":[{"id":"/subscriptions/00000000-0000-0000-0000-000000000000/resourceGroups/cli_test_invoke_action000001/providers/Microsoft.Storage/storageAccounts/vhdstorageb100ff75f326dd","resourceType":"Microsoft.Storage/storageAccounts","resourceName":"vhdstorageb100ff75f326dd"},{"id":"/subscriptions/00000000-0000-0000-0000-000000000000/resourceGroups/cli_test_invoke_action000001/providers/Microsoft.Network/networkInterfaces/cli-test-vm000002VMNic","resourceType":"Microsoft.Network/networkInterfaces","resourceName":"cli-test-vm000002VMNic"}],"id":"/subscriptions/00000000-0000-0000-0000-000000000000/resourceGroups/cli_test_invoke_action000001/providers/Microsoft.Compute/virtualMachines/cli-test-vm000002","resourceType":"Microsoft.Compute/virtualMachines","resourceName":"cli-test-vm000002"}]}}'}
    headers:
      azure-asyncoperation: ['https://management.azure.com/subscriptions/00000000-0000-0000-0000-000000000000/resourcegroups/cli_test_invoke_action000001/providers/Microsoft.Resources/deployments/vm_deploy_QUkEZeqlSrhAlR74FihdU8f4Dq75q1ll/operationStatuses/08586490054180428253?api-version=2018-05-01']
      cache-control: [no-cache]
      content-length: ['3489']
      content-type: [application/json; charset=utf-8]
      date: ['Thu, 14 Mar 2019 22:11:08 GMT']
      expires: ['-1']
      pragma: [no-cache]
      strict-transport-security: [max-age=31536000; includeSubDomains]
      x-content-type-options: [nosniff]
      x-ms-ratelimit-remaining-subscription-writes: ['1199']
    status: {code: 201, message: Created}
- request:
    body: null
    headers:
      Accept: [application/json]
      Accept-Encoding: ['gzip, deflate']
      CommandName: [vm create]
      Connection: [keep-alive]
      ParameterSetName: [-g -n --use-unmanaged-disk --image --admin-username --admin-password
          --authentication-type]
      User-Agent: [python/3.5.2 (Windows-10-10.0.17763-SP0) msrest/0.6.2 msrest_azure/0.4.34
          resourcemanagementclient/2.1.0 Azure-SDK-For-Python AZURECLI/2.0.60]
    method: GET
    uri: https://management.azure.com/subscriptions/00000000-0000-0000-0000-000000000000/resourcegroups/cli_test_invoke_action000001/providers/Microsoft.Resources/deployments/mock-deployment/operationStatuses/08586490054180428253?api-version=2018-05-01
  response:
    body: {string: '{"status":"Running"}'}
    headers:
      cache-control: [no-cache]
      content-length: ['20']
      content-type: [application/json; charset=utf-8]
      date: ['Thu, 14 Mar 2019 22:11:38 GMT']
      expires: ['-1']
      pragma: [no-cache]
      strict-transport-security: [max-age=31536000; includeSubDomains]
      vary: [Accept-Encoding]
      x-content-type-options: [nosniff]
    status: {code: 200, message: OK}
- request:
    body: null
    headers:
      Accept: [application/json]
      Accept-Encoding: ['gzip, deflate']
      CommandName: [vm create]
      Connection: [keep-alive]
      ParameterSetName: [-g -n --use-unmanaged-disk --image --admin-username --admin-password
          --authentication-type]
      User-Agent: [python/3.5.2 (Windows-10-10.0.17763-SP0) msrest/0.6.2 msrest_azure/0.4.34
          resourcemanagementclient/2.1.0 Azure-SDK-For-Python AZURECLI/2.0.60]
    method: GET
    uri: https://management.azure.com/subscriptions/00000000-0000-0000-0000-000000000000/resourcegroups/cli_test_invoke_action000001/providers/Microsoft.Resources/deployments/mock-deployment/operationStatuses/08586490054180428253?api-version=2018-05-01
  response:
    body: {string: '{"status":"Running"}'}
    headers:
      cache-control: [no-cache]
      content-length: ['20']
      content-type: [application/json; charset=utf-8]
      date: ['Thu, 14 Mar 2019 22:12:08 GMT']
      expires: ['-1']
      pragma: [no-cache]
      strict-transport-security: [max-age=31536000; includeSubDomains]
      vary: [Accept-Encoding]
      x-content-type-options: [nosniff]
    status: {code: 200, message: OK}
- request:
    body: null
    headers:
      Accept: [application/json]
      Accept-Encoding: ['gzip, deflate']
      CommandName: [vm create]
      Connection: [keep-alive]
      ParameterSetName: [-g -n --use-unmanaged-disk --image --admin-username --admin-password
          --authentication-type]
      User-Agent: [python/3.5.2 (Windows-10-10.0.17763-SP0) msrest/0.6.2 msrest_azure/0.4.34
          resourcemanagementclient/2.1.0 Azure-SDK-For-Python AZURECLI/2.0.60]
    method: GET
    uri: https://management.azure.com/subscriptions/00000000-0000-0000-0000-000000000000/resourcegroups/cli_test_invoke_action000001/providers/Microsoft.Resources/deployments/mock-deployment/operationStatuses/08586490054180428253?api-version=2018-05-01
  response:
    body: {string: '{"status":"Running"}'}
    headers:
      cache-control: [no-cache]
      content-length: ['20']
      content-type: [application/json; charset=utf-8]
      date: ['Thu, 14 Mar 2019 22:12:40 GMT']
      expires: ['-1']
      pragma: [no-cache]
      strict-transport-security: [max-age=31536000; includeSubDomains]
      vary: [Accept-Encoding]
      x-content-type-options: [nosniff]
    status: {code: 200, message: OK}
- request:
    body: null
    headers:
      Accept: [application/json]
      Accept-Encoding: ['gzip, deflate']
      CommandName: [vm create]
      Connection: [keep-alive]
      ParameterSetName: [-g -n --use-unmanaged-disk --image --admin-username --admin-password
          --authentication-type]
      User-Agent: [python/3.5.2 (Windows-10-10.0.17763-SP0) msrest/0.6.2 msrest_azure/0.4.34
          resourcemanagementclient/2.1.0 Azure-SDK-For-Python AZURECLI/2.0.60]
    method: GET
    uri: https://management.azure.com/subscriptions/00000000-0000-0000-0000-000000000000/resourcegroups/cli_test_invoke_action000001/providers/Microsoft.Resources/deployments/mock-deployment/operationStatuses/08586490054180428253?api-version=2018-05-01
  response:
    body: {string: '{"status":"Succeeded"}'}
    headers:
      cache-control: [no-cache]
      content-length: ['22']
      content-type: [application/json; charset=utf-8]
      date: ['Thu, 14 Mar 2019 22:13:11 GMT']
      expires: ['-1']
      pragma: [no-cache]
      strict-transport-security: [max-age=31536000; includeSubDomains]
      vary: [Accept-Encoding]
      x-content-type-options: [nosniff]
    status: {code: 200, message: OK}
- request:
    body: null
    headers:
      Accept: [application/json]
      Accept-Encoding: ['gzip, deflate']
      CommandName: [vm create]
      Connection: [keep-alive]
      ParameterSetName: [-g -n --use-unmanaged-disk --image --admin-username --admin-password
          --authentication-type]
      User-Agent: [python/3.5.2 (Windows-10-10.0.17763-SP0) msrest/0.6.2 msrest_azure/0.4.34
          resourcemanagementclient/2.1.0 Azure-SDK-For-Python AZURECLI/2.0.60]
    method: GET
    uri: https://management.azure.com/subscriptions/00000000-0000-0000-0000-000000000000/resourcegroups/cli_test_invoke_action000001/providers/Microsoft.Resources/deployments/mock-deployment?api-version=2018-05-01
  response:
    body: {string: '{"id":"/subscriptions/00000000-0000-0000-0000-000000000000/resourceGroups/cli_test_invoke_action000001/providers/Microsoft.Resources/deployments/vm_deploy_QUkEZeqlSrhAlR74FihdU8f4Dq75q1ll","name":"vm_deploy_QUkEZeqlSrhAlR74FihdU8f4Dq75q1ll","properties":{"templateHash":"10201856183612216694","parameters":{"adminPassword":{"type":"SecureString"}},"mode":"Incremental","provisioningState":"Succeeded","timestamp":"2019-03-14T22:12:45.41532Z","duration":"PT1M37.9805058S","correlationId":"86ee6f77-0570-4d5f-a77b-4e79c25f401a","providers":[{"namespace":"Microsoft.Storage","resourceTypes":[{"resourceType":"storageAccounts","locations":["westus"]}]},{"namespace":"Microsoft.Network","resourceTypes":[{"resourceType":"virtualNetworks","locations":["westus"]},{"resourceType":"networkSecurityGroups","locations":["westus"]},{"resourceType":"publicIPAddresses","locations":["westus"]},{"resourceType":"networkInterfaces","locations":["westus"]}]},{"namespace":"Microsoft.Compute","resourceTypes":[{"resourceType":"virtualMachines","locations":["westus"]}]}],"dependencies":[{"dependsOn":[{"id":"/subscriptions/00000000-0000-0000-0000-000000000000/resourceGroups/cli_test_invoke_action000001/providers/Microsoft.Network/virtualNetworks/cli-test-vm000002VNET","resourceType":"Microsoft.Network/virtualNetworks","resourceName":"cli-test-vm000002VNET"},{"id":"/subscriptions/00000000-0000-0000-0000-000000000000/resourceGroups/cli_test_invoke_action000001/providers/Microsoft.Network/networkSecurityGroups/cli-test-vm000002NSG","resourceType":"Microsoft.Network/networkSecurityGroups","resourceName":"cli-test-vm000002NSG"},{"id":"/subscriptions/00000000-0000-0000-0000-000000000000/resourceGroups/cli_test_invoke_action000001/providers/Microsoft.Network/publicIPAddresses/cli-test-vm000002PublicIP","resourceType":"Microsoft.Network/publicIPAddresses","resourceName":"cli-test-vm000002PublicIP"}],"id":"/subscriptions/00000000-0000-0000-0000-000000000000/resourceGroups/cli_test_invoke_action000001/providers/Microsoft.Network/networkInterfaces/cli-test-vm000002VMNic","resourceType":"Microsoft.Network/networkInterfaces","resourceName":"cli-test-vm000002VMNic"},{"dependsOn":[{"id":"/subscriptions/00000000-0000-0000-0000-000000000000/resourceGroups/cli_test_invoke_action000001/providers/Microsoft.Storage/storageAccounts/vhdstorageb100ff75f326dd","resourceType":"Microsoft.Storage/storageAccounts","resourceName":"vhdstorageb100ff75f326dd"},{"id":"/subscriptions/00000000-0000-0000-0000-000000000000/resourceGroups/cli_test_invoke_action000001/providers/Microsoft.Network/networkInterfaces/cli-test-vm000002VMNic","resourceType":"Microsoft.Network/networkInterfaces","resourceName":"cli-test-vm000002VMNic"}],"id":"/subscriptions/00000000-0000-0000-0000-000000000000/resourceGroups/cli_test_invoke_action000001/providers/Microsoft.Compute/virtualMachines/cli-test-vm000002","resourceType":"Microsoft.Compute/virtualMachines","resourceName":"cli-test-vm000002"}],"outputs":{},"outputResources":[{"id":"/subscriptions/00000000-0000-0000-0000-000000000000/resourceGroups/cli_test_invoke_action000001/providers/Microsoft.Compute/virtualMachines/cli-test-vm000002"},{"id":"/subscriptions/00000000-0000-0000-0000-000000000000/resourceGroups/cli_test_invoke_action000001/providers/Microsoft.Network/networkInterfaces/cli-test-vm000002VMNic"},{"id":"/subscriptions/00000000-0000-0000-0000-000000000000/resourceGroups/cli_test_invoke_action000001/providers/Microsoft.Network/networkSecurityGroups/cli-test-vm000002NSG"},{"id":"/subscriptions/00000000-0000-0000-0000-000000000000/resourceGroups/cli_test_invoke_action000001/providers/Microsoft.Network/publicIPAddresses/cli-test-vm000002PublicIP"},{"id":"/subscriptions/00000000-0000-0000-0000-000000000000/resourceGroups/cli_test_invoke_action000001/providers/Microsoft.Network/virtualNetworks/cli-test-vm000002VNET"},{"id":"/subscriptions/00000000-0000-0000-0000-000000000000/resourceGroups/cli_test_invoke_action000001/providers/Microsoft.Storage/storageAccounts/vhdstorageb100ff75f326dd"}]}}'}
    headers:
      cache-control: [no-cache]
      content-length: ['4910']
      content-type: [application/json; charset=utf-8]
      date: ['Thu, 14 Mar 2019 22:13:10 GMT']
      expires: ['-1']
      pragma: [no-cache]
      strict-transport-security: [max-age=31536000; includeSubDomains]
      vary: [Accept-Encoding]
      x-content-type-options: [nosniff]
    status: {code: 200, message: OK}
- request:
    body: null
    headers:
      Accept: [application/json]
      Accept-Encoding: ['gzip, deflate']
      CommandName: [vm create]
      Connection: [keep-alive]
      ParameterSetName: [-g -n --use-unmanaged-disk --image --admin-username --admin-password
          --authentication-type]
      User-Agent: [python/3.5.2 (Windows-10-10.0.17763-SP0) msrest/0.6.2 msrest_azure/0.4.34
          computemanagementclient/4.4.0 Azure-SDK-For-Python AZURECLI/2.0.60]
      accept-language: [en-US]
    method: GET
    uri: https://management.azure.com/subscriptions/00000000-0000-0000-0000-000000000000/resourceGroups/cli_test_invoke_action000001/providers/Microsoft.Compute/virtualMachines/cli-test-vm000002?$expand=instanceView&api-version=2017-12-01
  response:
    body: {string: "{\r\n  \"properties\": {\r\n    \"vmId\": \"c39da300-31f7-487e-9045-92ce8706c518\"\
        ,\r\n    \"hardwareProfile\": {\r\n      \"vmSize\": \"Standard_DS1_v2\"\r\
        \n    },\r\n    \"storageProfile\": {\r\n      \"imageReference\": {\r\n \
        \       \"publisher\": \"Canonical\",\r\n        \"offer\": \"UbuntuServer\"\
        ,\r\n        \"sku\": \"18.04-LTS\",\r\n        \"version\": \"latest\"\r\n\
        \      },\r\n      \"osDisk\": {\r\n        \"osType\": \"Linux\",\r\n   \
        \     \"name\": \"osdisk_b100ff75f3\",\r\n        \"createOption\": \"FromImage\"\
        ,\r\n        \"vhd\": {\r\n          \"uri\": \"https://vhdstorageb100ff75f326dd.blob.core.windows.net/vhds/osdisk_b100ff75f3.vhd\"\
        \r\n        },\r\n        \"caching\": \"ReadWrite\",\r\n        \"diskSizeGB\"\
        : 30\r\n      },\r\n      \"dataDisks\": []\r\n    },\r\n    \"osProfile\"\
        : {\r\n      \"computerName\": \"cli-test-vm000002\",\r\n      \"adminUsername\"\
        : \"ubuntu\",\r\n      \"linuxConfiguration\": {\r\n        \"disablePasswordAuthentication\"\
        : false\r\n      },\r\n      \"secrets\": []\r\n    },\r\n    \"networkProfile\"\
        : {\"networkInterfaces\":[{\"id\":\"/subscriptions/00000000-0000-0000-0000-000000000000/resourceGroups/cli_test_invoke_action000001/providers/Microsoft.Network/networkInterfaces/cli-test-vm000002VMNic\"\
        }]},\r\n    \"provisioningState\": \"Succeeded\",\r\n    \"instanceView\"\
        : {\r\n      \"computerName\": \"cli-test-vm000002\",\r\n      \"osName\"\
        : \"ubuntu\",\r\n      \"osVersion\": \"18.04\",\r\n      \"vmAgent\": {\r\
        \n        \"vmAgentVersion\": \"2.2.37\",\r\n        \"statuses\": [\r\n \
        \         {\r\n            \"code\": \"ProvisioningState/succeeded\",\r\n\
        \            \"level\": \"Info\",\r\n            \"displayStatus\": \"Ready\"\
        ,\r\n            \"message\": \"Guest Agent is running\",\r\n            \"\
        time\": \"2019-03-14T22:13:10+00:00\"\r\n          }\r\n        ],\r\n   \
        \     \"extensionHandlers\": []\r\n      },\r\n      \"disks\": [\r\n    \
        \    {\r\n          \"name\": \"osdisk_b100ff75f3\",\r\n          \"statuses\"\
        : [\r\n            {\r\n              \"code\": \"ProvisioningState/succeeded\"\
        ,\r\n              \"level\": \"Info\",\r\n              \"displayStatus\"\
        : \"Provisioning succeeded\",\r\n              \"time\": \"2019-03-14T22:11:34.7023679+00:00\"\
        \r\n            }\r\n          ]\r\n        }\r\n      ],\r\n      \"statuses\"\
        : [\r\n        {\r\n          \"code\": \"ProvisioningState/succeeded\",\r\
        \n          \"level\": \"Info\",\r\n          \"displayStatus\": \"Provisioning\
        \ succeeded\",\r\n          \"time\": \"2019-03-14T22:12:43.0929861+00:00\"\
        \r\n        },\r\n        {\r\n          \"code\": \"PowerState/running\"\
        ,\r\n          \"level\": \"Info\",\r\n          \"displayStatus\": \"VM running\"\
        \r\n        }\r\n      ]\r\n    }\r\n  },\r\n  \"type\": \"Microsoft.Compute/virtualMachines\"\
        ,\r\n  \"location\": \"westus\",\r\n  \"tags\": {},\r\n  \"id\": \"/subscriptions/00000000-0000-0000-0000-000000000000/resourceGroups/cli_test_invoke_action000001/providers/Microsoft.Compute/virtualMachines/cli-test-vm000002\"\
        ,\r\n  \"name\": \"cli-test-vm000002\"\r\n}"}
    headers:
      cache-control: [no-cache]
      content-length: ['2864']
      content-type: [application/json; charset=utf-8]
      date: ['Thu, 14 Mar 2019 22:13:11 GMT']
      expires: ['-1']
      pragma: [no-cache]
      server: [Microsoft-HTTPAPI/2.0, Microsoft-HTTPAPI/2.0]
      strict-transport-security: [max-age=31536000; includeSubDomains]
      transfer-encoding: [chunked]
      vary: [Accept-Encoding]
      x-content-type-options: [nosniff]
      x-ms-ratelimit-remaining-resource: ['Microsoft.Compute/LowCostGet3Min;3993,Microsoft.Compute/LowCostGet30Min;31993']
    status: {code: 200, message: OK}
- request:
    body: null
    headers:
      Accept: [application/json]
      Accept-Encoding: ['gzip, deflate']
      CommandName: [vm create]
      Connection: [keep-alive]
      ParameterSetName: [-g -n --use-unmanaged-disk --image --admin-username --admin-password
          --authentication-type]
      User-Agent: [python/3.5.2 (Windows-10-10.0.17763-SP0) msrest/0.6.2 msrest_azure/0.4.34
          networkmanagementclient/2.6.0rc1 Azure-SDK-For-Python AZURECLI/2.0.60]
      accept-language: [en-US]
    method: GET
    uri: https://management.azure.com/subscriptions/00000000-0000-0000-0000-000000000000/resourceGroups/cli_test_invoke_action000001/providers/Microsoft.Network/networkInterfaces/cli-test-vm000002VMNic?api-version=2017-10-01
  response:
    body: {string: "{\r\n  \"name\": \"cli-test-vm000002VMNic\",\r\n  \"id\": \"/subscriptions/00000000-0000-0000-0000-000000000000/resourceGroups/cli_test_invoke_action000001/providers/Microsoft.Network/networkInterfaces/cli-test-vm000002VMNic\"\
        ,\r\n  \"etag\": \"W/\\\"d91a76dc-d86c-49b6-85ba-74dc077ebba9\\\"\",\r\n \
        \ \"location\": \"westus\",\r\n  \"tags\": {},\r\n  \"properties\": {\r\n\
        \    \"provisioningState\": \"Succeeded\",\r\n    \"resourceGuid\": \"98b388b4-f121-44f4-8ca4-1a4866c46046\"\
        ,\r\n    \"ipConfigurations\": [\r\n      {\r\n        \"name\": \"ipconfigcli-test-vm000002\"\
        ,\r\n        \"id\": \"/subscriptions/00000000-0000-0000-0000-000000000000/resourceGroups/cli_test_invoke_action000001/providers/Microsoft.Network/networkInterfaces/cli-test-vm000002VMNic/ipConfigurations/ipconfigcli-test-vm000002\"\
        ,\r\n        \"etag\": \"W/\\\"d91a76dc-d86c-49b6-85ba-74dc077ebba9\\\"\"\
        ,\r\n        \"type\": \"Microsoft.Network/networkInterfaces/ipConfigurations\"\
        ,\r\n        \"properties\": {\r\n          \"provisioningState\": \"Succeeded\"\
        ,\r\n          \"privateIPAddress\": \"10.0.0.4\",\r\n          \"privateIPAllocationMethod\"\
        : \"Dynamic\",\r\n          \"publicIPAddress\": {\r\n            \"id\":\
        \ \"/subscriptions/00000000-0000-0000-0000-000000000000/resourceGroups/cli_test_invoke_action000001/providers/Microsoft.Network/publicIPAddresses/cli-test-vm000002PublicIP\"\
        \r\n          },\r\n          \"subnet\": {\r\n            \"id\": \"/subscriptions/00000000-0000-0000-0000-000000000000/resourceGroups/cli_test_invoke_action000001/providers/Microsoft.Network/virtualNetworks/cli-test-vm000002VNET/subnets/cli-test-vm000002Subnet\"\
        \r\n          },\r\n          \"primary\": true,\r\n          \"privateIPAddressVersion\"\
        : \"IPv4\"\r\n        }\r\n      }\r\n    ],\r\n    \"dnsSettings\": {\r\n\
        \      \"dnsServers\": [],\r\n      \"appliedDnsServers\": [],\r\n      \"\
        internalDomainNameSuffix\": \"imxfkuidpgfefmrkno1kvmzc3a.dx.internal.cloudapp.net\"\
        \r\n    },\r\n    \"macAddress\": \"00-0D-3A-31-6C-97\",\r\n    \"enableAcceleratedNetworking\"\
        : false,\r\n    \"enableIPForwarding\": false,\r\n    \"networkSecurityGroup\"\
        : {\r\n      \"id\": \"/subscriptions/00000000-0000-0000-0000-000000000000/resourceGroups/cli_test_invoke_action000001/providers/Microsoft.Network/networkSecurityGroups/cli-test-vm000002NSG\"\
        \r\n    },\r\n    \"primary\": true,\r\n    \"virtualMachine\": {\r\n    \
        \  \"id\": \"/subscriptions/00000000-0000-0000-0000-000000000000/resourceGroups/cli_test_invoke_action000001/providers/Microsoft.Compute/virtualMachines/cli-test-vm000002\"\
        \r\n    }\r\n  },\r\n  \"type\": \"Microsoft.Network/networkInterfaces\"\r\
        \n}"}
    headers:
      cache-control: [no-cache]
      content-length: ['2838']
      content-type: [application/json; charset=utf-8]
      date: ['Thu, 14 Mar 2019 22:13:11 GMT']
      etag: [W/"d91a76dc-d86c-49b6-85ba-74dc077ebba9"]
      expires: ['-1']
      pragma: [no-cache]
      server: [Microsoft-HTTPAPI/2.0, Microsoft-HTTPAPI/2.0]
      strict-transport-security: [max-age=31536000; includeSubDomains]
      transfer-encoding: [chunked]
      vary: [Accept-Encoding]
      x-content-type-options: [nosniff]
    status: {code: 200, message: OK}
- request:
    body: null
    headers:
      Accept: [application/json]
      Accept-Encoding: ['gzip, deflate']
      CommandName: [vm create]
      Connection: [keep-alive]
      ParameterSetName: [-g -n --use-unmanaged-disk --image --admin-username --admin-password
          --authentication-type]
      User-Agent: [python/3.5.2 (Windows-10-10.0.17763-SP0) msrest/0.6.2 msrest_azure/0.4.34
          networkmanagementclient/2.6.0rc1 Azure-SDK-For-Python AZURECLI/2.0.60]
      accept-language: [en-US]
    method: GET
    uri: https://management.azure.com/subscriptions/00000000-0000-0000-0000-000000000000/resourceGroups/cli_test_invoke_action000001/providers/Microsoft.Network/publicIPAddresses/cli-test-vm000002PublicIP?api-version=2017-10-01
  response:
    body: {string: "{\r\n  \"name\": \"cli-test-vm000002PublicIP\",\r\n  \"id\": \"\
        /subscriptions/00000000-0000-0000-0000-000000000000/resourceGroups/cli_test_invoke_action000001/providers/Microsoft.Network/publicIPAddresses/cli-test-vm000002PublicIP\"\
        ,\r\n  \"etag\": \"W/\\\"ec0f0df1-b71f-4004-9d92-b89242341d21\\\"\",\r\n \
        \ \"location\": \"westus\",\r\n  \"tags\": {},\r\n  \"properties\": {\r\n\
        \    \"provisioningState\": \"Succeeded\",\r\n    \"resourceGuid\": \"279f2e39-1f3e-4875-a2b7-53729e1c2d9f\"\
        ,\r\n    \"ipAddress\": \"104.42.42.33\",\r\n    \"publicIPAddressVersion\"\
        : \"IPv4\",\r\n    \"publicIPAllocationMethod\": \"Dynamic\",\r\n    \"idleTimeoutInMinutes\"\
        : 4,\r\n    \"ipTags\": [],\r\n    \"ipConfiguration\": {\r\n      \"id\"\
        : \"/subscriptions/00000000-0000-0000-0000-000000000000/resourceGroups/cli_test_invoke_action000001/providers/Microsoft.Network/networkInterfaces/cli-test-vm000002VMNic/ipConfigurations/ipconfigcli-test-vm000002\"\
        \r\n    }\r\n  },\r\n  \"type\": \"Microsoft.Network/publicIPAddresses\",\r\
        \n  \"sku\": {\r\n    \"name\": \"Basic\",\r\n    \"tier\": \"Regional\"\r\
        \n  }\r\n}"}
    headers:
      cache-control: [no-cache]
      content-length: ['1129']
      content-type: [application/json; charset=utf-8]
      date: ['Thu, 14 Mar 2019 22:13:12 GMT']
      etag: [W/"ec0f0df1-b71f-4004-9d92-b89242341d21"]
      expires: ['-1']
      pragma: [no-cache]
      server: [Microsoft-HTTPAPI/2.0, Microsoft-HTTPAPI/2.0]
      strict-transport-security: [max-age=31536000; includeSubDomains]
      transfer-encoding: [chunked]
      vary: [Accept-Encoding]
      x-content-type-options: [nosniff]
    status: {code: 200, message: OK}
- request:
    body: null
    headers:
      Accept: [application/json]
      Accept-Encoding: ['gzip, deflate']
      CommandName: [resource invoke-action]
      Connection: [keep-alive]
      ParameterSetName: [--action --ids]
      User-Agent: [python/3.5.2 (Windows-10-10.0.17763-SP0) msrest/0.6.2 msrest_azure/0.4.34
          resourcemanagementclient/2.1.0 Azure-SDK-For-Python AZURECLI/2.0.60]
      accept-language: [en-US]
    method: GET
    uri: https://management.azure.com/subscriptions/00000000-0000-0000-0000-000000000000/providers/Microsoft.Compute?api-version=2018-05-01
  response:
    body: {string: '{"id":"/subscriptions/00000000-0000-0000-0000-000000000000/providers/Microsoft.Compute","namespace":"Microsoft.Compute","authorizations":[{"applicationId":"60e6cd67-9c8c-4951-9b3c-23c25a2169af","roleDefinitionId":"e4770acb-272e-4dc8-87f3-12f44a612224"},{"applicationId":"a303894e-f1d8-4a37-bf10-67aa654a0596","roleDefinitionId":"903ac751-8ad5-4e5a-bfc2-5e49f450a241"},{"applicationId":"a8b6bf88-1d1a-4626-b040-9a729ea93c65","roleDefinitionId":"45c8267c-80ba-4b96-9a43-115b8f49fccd"},{"applicationId":"184909ca-69f1-4368-a6a7-c558ee6eb0bd","roleDefinitionId":"45c8267c-80ba-4b96-9a43-115b8f49fccd"},{"applicationId":"5e5e43d4-54da-4211-86a4-c6e7f3715801","roleDefinitionId":"ffcd6e5b-8772-457d-bb17-89703c03428f"},{"applicationId":"ce6ff14a-7fdc-4685-bbe0-f6afdfcfa8e0","roleDefinitionId":"cb17cddc-dbac-4ae0-ae79-8db34eddfca0"},{"applicationId":"372140e0-b3b7-4226-8ef9-d57986796201","roleDefinitionId":"cb17cddc-dbac-4ae0-ae79-8db34eddfca0"}],"resourceTypes":[{"resourceType":"availabilitySets","locations":["East
        US","East US 2","West US","Central US","North Central US","South Central US","North
        Europe","West Europe","East Asia","Southeast Asia","Japan East","Japan West","Australia
        East","Australia Southeast","Brazil South","South India","Central India","West
        India","Canada Central","Canada East","West US 2","West Central US","UK South","UK
        West","Korea Central","Korea South","France Central","South Africa North"],"apiVersions":["2019-03-01","2018-10-01","2018-06-01","2018-04-01","2017-12-01","2017-03-30","2016-08-30","2016-04-30-preview","2016-03-30","2015-06-15","2015-05-01-preview"],"defaultApiVersion":"2018-06-01","apiProfiles":[{"profileVersion":"2017-03-09-profile","apiVersion":"2016-03-30"},{"profileVersion":"2018-03-01-hybrid","apiVersion":"2017-03-30"},{"profileVersion":"2018-06-01-profile","apiVersion":"2017-12-01"}],"capabilities":"CrossResourceGroupResourceMove,
        CrossSubscriptionResourceMove"},{"resourceType":"virtualMachines","locations":["East
        US","East US 2","West US","Central US","North Central US","South Central US","North
        Europe","West Europe","East Asia","Southeast Asia","Japan East","Japan West","Australia
        East","Australia Southeast","Brazil South","South India","Central India","West
        India","Canada Central","Canada East","West US 2","West Central US","UK South","UK
        West","Korea Central","Korea South","France Central","South Africa North"],"apiVersions":["2019-03-01","2018-10-01","2018-06-01","2018-04-01","2017-12-01","2017-03-30","2016-08-30","2016-04-30-preview","2016-03-30","2015-06-15","2015-05-01-preview"],"defaultApiVersion":"2018-06-01","apiProfiles":[{"profileVersion":"2017-03-09-profile","apiVersion":"2016-03-30"},{"profileVersion":"2018-03-01-hybrid","apiVersion":"2017-03-30"},{"profileVersion":"2018-06-01-profile","apiVersion":"2017-12-01"}],"zoneMappings":[{"location":"East
        US 2","zones":["1","2","3"]},{"location":"Central US","zones":["1","2","3"]},{"location":"West
        Europe","zones":["1","2","3"]},{"location":"France Central","zones":["1","2","3"]},{"location":"Southeast
        Asia","zones":["1","2","3"]},{"location":"West US 2","zones":["1","2","3"]},{"location":"North
        Europe","zones":["1","2","3"]},{"location":"East US","zones":["1","2","3"]},{"location":"UK
        South","zones":[]},{"location":"Japan East","zones":["1","2","3"]},{"location":"Australia
        East","zones":[]}],"capabilities":"CrossResourceGroupResourceMove, CrossSubscriptionResourceMove,
        SystemAssignedResourceIdentity"},{"resourceType":"virtualMachines/extensions","locations":["East
        US","East US 2","West US","Central US","North Central US","South Central US","North
        Europe","West Europe","East Asia","Southeast Asia","Japan East","Japan West","Australia
        East","Australia Southeast","Brazil South","South India","Central India","West
        India","Canada Central","Canada East","West US 2","West Central US","UK South","UK
        West","Korea Central","Korea South","France Central","South Africa North"],"apiVersions":["2019-03-01","2018-10-01","2018-06-01","2018-04-01","2017-12-01","2017-03-30","2016-08-30","2016-04-30-preview","2016-03-30","2015-06-15","2015-05-01-preview"],"defaultApiVersion":"2018-06-01","apiProfiles":[{"profileVersion":"2017-03-09-profile","apiVersion":"2016-03-30"},{"profileVersion":"2018-03-01-hybrid","apiVersion":"2017-03-30"},{"profileVersion":"2018-06-01-profile","apiVersion":"2017-12-01"}],"capabilities":"CrossResourceGroupResourceMove,
        CrossSubscriptionResourceMove"},{"resourceType":"virtualMachineScaleSets","locations":["East
        US","East US 2","West US","Central US","North Central US","South Central US","North
        Europe","West Europe","East Asia","Southeast Asia","Japan East","Japan West","Australia
        East","Australia Southeast","Brazil South","South India","Central India","West
        India","Canada Central","Canada East","West US 2","West Central US","UK South","UK
        West","Korea Central","Korea South","France Central","South Africa North"],"apiVersions":["2019-03-01","2018-10-01","2018-06-01","2018-04-01","2017-12-01","2017-10-30-preview","2017-03-30","2016-08-30","2016-04-30-preview","2016-03-30","2015-06-15","2015-05-01-preview"],"defaultApiVersion":"2018-06-01","apiProfiles":[{"profileVersion":"2017-03-09-profile","apiVersion":"2016-03-30"},{"profileVersion":"2018-03-01-hybrid","apiVersion":"2017-03-30"},{"profileVersion":"2018-06-01-profile","apiVersion":"2017-12-01"}],"zoneMappings":[{"location":"East
        US 2","zones":["1","2","3"]},{"location":"Central US","zones":["1","2","3"]},{"location":"West
        Europe","zones":["1","2","3"]},{"location":"France Central","zones":["1","2","3"]},{"location":"Southeast
        Asia","zones":["1","2","3"]},{"location":"West US 2","zones":["1","2","3"]},{"location":"North
        Europe","zones":["1","2","3"]},{"location":"East US","zones":["1","2","3"]},{"location":"UK
        South","zones":[]},{"location":"Japan East","zones":["1","2","3"]},{"location":"Australia
        East","zones":[]}],"capabilities":"CrossResourceGroupResourceMove, CrossSubscriptionResourceMove,
        SystemAssignedResourceIdentity"},{"resourceType":"virtualMachineScaleSets/extensions","locations":["East
        US","East US 2","West US","Central US","North Central US","South Central US","North
        Europe","West Europe","East Asia","Southeast Asia","Japan East","Japan West","Australia
        East","Australia Southeast","Brazil South","South India","Central India","West
        India","Canada Central","Canada East","West US 2","West Central US","UK South","UK
        West","Korea Central","Korea South","France Central","South Africa North"],"apiVersions":["2019-03-01","2018-10-01","2018-06-01","2018-04-01","2017-12-01","2017-10-30-preview","2017-03-30","2016-08-30","2016-04-30-preview","2016-03-30","2015-06-15","2015-05-01-preview"],"defaultApiVersion":"2015-06-15","apiProfiles":[{"profileVersion":"2017-03-09-profile","apiVersion":"2016-03-30"},{"profileVersion":"2018-03-01-hybrid","apiVersion":"2017-03-30"},{"profileVersion":"2018-06-01-profile","apiVersion":"2017-12-01"}]},{"resourceType":"virtualMachineScaleSets/virtualMachines","locations":["East
        US","East US 2","West US","Central US","North Central US","South Central US","North
        Europe","West Europe","East Asia","Southeast Asia","Japan East","Japan West","Australia
        East","Australia Southeast","Brazil South","South India","Central India","West
        India","Canada Central","Canada East","West US 2","West Central US","UK South","UK
        West","Korea Central","Korea South","France Central","South Africa North"],"apiVersions":["2019-03-01","2018-10-01","2018-06-01","2018-04-01","2017-12-01","2017-10-30-preview","2017-03-30","2016-08-30","2016-04-30-preview","2016-03-30","2015-06-15","2015-05-01-preview"],"apiProfiles":[{"profileVersion":"2017-03-09-profile","apiVersion":"2016-03-30"},{"profileVersion":"2018-03-01-hybrid","apiVersion":"2017-03-30"},{"profileVersion":"2018-06-01-profile","apiVersion":"2017-12-01"}]},{"resourceType":"virtualMachineScaleSets/networkInterfaces","locations":["East
        US","East US 2","West US","Central US","North Central US","South Central US","North
        Europe","West Europe","East Asia","Southeast Asia","Japan East","Japan West","Australia
        East","Australia Southeast","Brazil South","South India","Central India","West
        India","Canada Central","Canada East","West US 2","West Central US","UK South","UK
        West","Korea Central","Korea South","France Central","South Africa North"],"apiVersions":["2018-10-01","2018-06-01","2018-04-01","2017-12-01","2017-03-30","2016-09-01","2016-08-01","2016-07-01","2016-06-01","2016-04-30-preview","2016-03-30","2015-06-15","2015-05-01-preview"],"apiProfiles":[{"profileVersion":"2017-03-09-profile","apiVersion":"2016-03-30"},{"profileVersion":"2018-03-01-hybrid","apiVersion":"2017-03-30"},{"profileVersion":"2018-06-01-profile","apiVersion":"2017-12-01"}]},{"resourceType":"virtualMachineScaleSets/virtualMachines/networkInterfaces","locations":["East
        US","East US 2","West US","Central US","North Central US","South Central US","North
        Europe","West Europe","East Asia","Southeast Asia","Japan East","Japan West","Australia
        East","Australia Southeast","Brazil South","South India","Central India","West
        India","Canada Central","Canada East","West US 2","West Central US","UK South","UK
        West","Korea Central","Korea South","France Central","South Africa North"],"apiVersions":["2018-10-01","2018-06-01","2018-04-01","2017-12-01","2017-03-30","2016-09-01","2016-08-01","2016-07-01","2016-06-01","2016-04-30-preview","2016-03-30","2015-06-15","2015-05-01-preview"],"apiProfiles":[{"profileVersion":"2017-03-09-profile","apiVersion":"2016-03-30"},{"profileVersion":"2018-03-01-hybrid","apiVersion":"2017-03-30"},{"profileVersion":"2018-06-01-profile","apiVersion":"2017-12-01"}]},{"resourceType":"virtualMachineScaleSets/publicIPAddresses","locations":["East
        US","East US 2","West US","Central US","North Central US","South Central US","North
        Europe","West Europe","East Asia","Southeast Asia","Japan East","Japan West","Australia
        East","Australia Southeast","Brazil South","South India","Central India","West
        India","Canada Central","Canada East","West US 2","West Central US","UK South","UK
        West","Korea Central","Korea South","France Central","South Africa North"],"apiVersions":["2018-10-01","2018-06-01","2018-04-01","2017-12-01","2017-03-30"],"apiProfiles":[{"profileVersion":"2018-03-01-hybrid","apiVersion":"2017-03-30"},{"profileVersion":"2018-06-01-profile","apiVersion":"2017-12-01"}]},{"resourceType":"locations","locations":[],"apiVersions":["2019-03-01","2018-10-01","2018-06-01","2018-04-01","2017-12-01","2017-03-30","2016-08-30","2016-04-30-preview","2016-03-30","2015-06-15","2015-05-01-preview"]},{"resourceType":"locations/operations","locations":["East
        US","East US 2","West US","Central US","North Central US","South Central US","North
        Europe","West Europe","East Asia","Southeast Asia","Japan East","Japan West","Australia
        East","Australia Southeast","Brazil South","South India","Central India","West
        India","Canada Central","Canada East","West US 2","West Central US","UK South","UK
        West","Korea Central","Korea South","France Central","South Africa North"],"apiVersions":["2019-03-01","2018-10-01","2018-06-01","2018-04-01","2017-12-01","2017-10-30-preview","2017-03-30","2016-08-30","2016-04-30-preview","2016-03-30","2015-06-15","2015-05-01-preview"],"apiProfiles":[{"profileVersion":"2017-03-09-profile","apiVersion":"2016-03-30"},{"profileVersion":"2018-03-01-hybrid","apiVersion":"2017-03-30"},{"profileVersion":"2018-06-01-profile","apiVersion":"2017-12-01"}]},{"resourceType":"locations/vmSizes","locations":["East
        US","East US 2","West US","Central US","North Central US","South Central US","North
        Europe","West Europe","East Asia","Southeast Asia","Japan East","Japan West","Australia
        East","Australia Southeast","Brazil South","South India","Central India","West
        India","Canada Central","Canada East","West US 2","West Central US","UK South","UK
        West","Korea Central","Korea South","France Central","South Africa North"],"apiVersions":["2019-03-01","2018-10-01","2018-06-01","2018-04-01","2017-12-01","2017-03-30","2016-08-30","2016-04-30-preview","2016-03-30","2015-06-15","2015-05-01-preview"],"apiProfiles":[{"profileVersion":"2017-03-09-profile","apiVersion":"2016-03-30"},{"profileVersion":"2018-03-01-hybrid","apiVersion":"2017-03-30"},{"profileVersion":"2018-06-01-profile","apiVersion":"2017-12-01"}]},{"resourceType":"locations/runCommands","locations":["East
        US","East US 2","West US","Central US","North Central US","South Central US","North
        Europe","West Europe","East Asia","Southeast Asia","Japan East","Japan West","Australia
        East","Australia Southeast","Brazil South","South India","Central India","West
        India","Canada Central","Canada East","West US 2","West Central US","UK South","UK
        West","Korea Central","Korea South","France Central","South Africa North"],"apiVersions":["2019-03-01","2018-10-01","2018-06-01","2018-04-01","2017-12-01","2017-03-30"],"apiProfiles":[{"profileVersion":"2018-03-01-hybrid","apiVersion":"2017-03-30"},{"profileVersion":"2018-06-01-profile","apiVersion":"2017-12-01"}]},{"resourceType":"locations/usages","locations":["East
        US","East US 2","West US","Central US","North Central US","South Central US","North
        Europe","West Europe","East Asia","Southeast Asia","Japan East","Japan West","Australia
        East","Australia Southeast","Brazil South","South India","Central India","West
        India","Canada Central","Canada East","West US 2","West Central US","UK South","UK
        West","Korea Central","Korea South","France Central","South Africa North"],"apiVersions":["2019-03-01","2018-10-01","2018-06-01","2018-04-01","2017-12-01","2017-03-30","2016-08-30","2016-04-30-preview","2016-03-30","2015-06-15","2015-05-01-preview"],"apiProfiles":[{"profileVersion":"2017-03-09-profile","apiVersion":"2016-03-30"},{"profileVersion":"2018-03-01-hybrid","apiVersion":"2017-03-30"},{"profileVersion":"2018-06-01-profile","apiVersion":"2017-12-01"}]},{"resourceType":"locations/virtualMachines","locations":["East
        US","East US 2","West US","Central US","North Central US","South Central US","North
        Europe","West Europe","East Asia","Southeast Asia","Japan East","Japan West","Australia
        East","Australia Southeast","Brazil South","South India","Central India","West
        India","Canada Central","Canada East","West US 2","West Central US","UK South","UK
        West","Korea Central","Korea South","France Central","South Africa North"],"apiVersions":["2019-03-01","2018-10-01","2018-06-01","2018-04-01","2017-12-01","2017-03-30","2016-08-30"],"defaultApiVersion":"2018-06-01","apiProfiles":[{"profileVersion":"2018-03-01-hybrid","apiVersion":"2017-03-30"},{"profileVersion":"2018-06-01-profile","apiVersion":"2017-12-01"}]},{"resourceType":"locations/publishers","locations":["East
        US","East US 2","West US","Central US","North Central US","South Central US","North
        Europe","West Europe","East Asia","Southeast Asia","Japan East","Japan West","Australia
        East","Australia Southeast","Brazil South","South India","Central India","West
        India","Canada Central","Canada East","West US 2","West Central US","UK South","UK
        West","Korea Central","Korea South","France Central","South Africa North"],"apiVersions":["2019-03-01","2018-10-01","2018-06-01","2018-04-01","2017-12-01","2017-03-30","2016-08-30","2016-04-30-preview","2016-03-30","2015-06-15","2015-05-01-preview"],"apiProfiles":[{"profileVersion":"2017-03-09-profile","apiVersion":"2016-03-30"},{"profileVersion":"2018-03-01-hybrid","apiVersion":"2017-03-30"},{"profileVersion":"2018-06-01-profile","apiVersion":"2017-12-01"}]},{"resourceType":"operations","locations":["East
        US","East US 2","West US","Central US","North Central US","South Central US","North
        Europe","West Europe","East Asia","Southeast Asia","Japan East","Japan West","Australia
        East","Australia Southeast","Brazil South","South India","Central India","West
        India","Canada Central","Canada East","West US 2","West Central US","UK South","UK
        West","Korea Central","Korea South","France Central","South Africa North"],"apiVersions":["2019-03-01","2018-10-01","2018-06-01","2018-04-01","2017-12-01","2017-03-30","2016-08-30","2016-03-30","2015-06-15","2015-05-01-preview"]},{"resourceType":"restorePointCollections","locations":["Southeast
        Asia","East US 2","Central US","West Europe","East US","North Central US","South
        Central US","West US","North Europe","East Asia","Brazil South","West US 2","West
        Central US","UK West","UK South","Japan East","Japan West","Canada Central","Canada
        East","Central India","South India","Australia East","Australia Southeast","Korea
        Central","Korea South","West India","France Central","South Africa North"],"apiVersions":["2019-03-01","2018-10-01","2018-06-01","2018-04-01","2017-12-01","2017-03-30"],"capabilities":"None"},{"resourceType":"restorePointCollections/restorePoints","locations":["Southeast
        Asia","East US 2","Central US","West Europe","East US","North Central US","South
        Central US","West US","North Europe","East Asia","Brazil South","West US 2","West
        Central US","UK West","UK South","Japan East","Japan West","Canada Central","Canada
        East","Central India","South India","Australia East","Australia Southeast","Korea
        Central","Korea South","West India","France Central","South Africa North"],"apiVersions":["2019-03-01","2018-10-01","2018-06-01","2018-04-01","2017-12-01","2017-03-30"]},{"resourceType":"virtualMachines/diagnosticSettings","locations":["East
        US","East US 2","West US","Central US","North Central US","South Central US","North
        Europe","West Europe","East Asia","Southeast Asia","Japan East","Japan West","Australia
        East","Australia Southeast","Brazil South","South India","Central India","West
        India","Canada Central","Canada East","West US 2","West Central US","UK South","UK
        West","Korea Central","Korea South","France Central","South Africa North"],"apiVersions":["2014-04-01"]},{"resourceType":"virtualMachines/metricDefinitions","locations":["East
        US","East US 2","West US","Central US","North Central US","South Central US","North
        Europe","West Europe","East Asia","Southeast Asia","Japan East","Japan West","Australia
        East","Australia Southeast","Brazil South","South India","Central India","West
        India","Canada Central","Canada East","West US 2","West Central US","UK South","UK
        West","Korea Central","Korea South","France Central","South Africa North"],"apiVersions":["2014-04-01"]},{"resourceType":"sharedVMImages","locations":["West
        Central US","South Central US","East US 2","Southeast Asia","West Europe","West
        US","East US","Canada Central","North Europe","North Central US","Brazil South","UK
        West","West India","East Asia","Australia East","Japan East","Korea South","West
        US 2","Canada East","UK South","Central India","South India","Australia Southeast","Japan
        West","Korea Central","France Central","Central US"],"apiVersions":["2017-10-15-preview"],"capabilities":"None"},{"resourceType":"sharedVMImages/versions","locations":["West
        Central US","South Central US","East US 2","Southeast Asia","West Europe","West
        US","East US","Canada Central","North Europe","North Central US","Brazil South","UK
        West","West India","East Asia","Australia East","Japan East","Korea South","West
        US 2","Canada East","UK South","Central India","South India","Australia Southeast","Japan
        West","Korea Central","France Central","Central US"],"apiVersions":["2017-10-15-preview"],"capabilities":"None"},{"resourceType":"locations/artifactPublishers","locations":["West
        Central US","South Central US","East US 2","Southeast Asia","West Europe","West
        US","East US","Canada Central","North Europe","North Central US","Brazil South","UK
        West","West India","East Asia","Australia East","Japan East","Korea South","West
        US 2","Canada East","UK South","Central India","South India","Australia Southeast","Japan
        West","Korea Central","France Central","Central US"],"apiVersions":["2017-10-15-preview"]},{"resourceType":"locations/capsoperations","locations":["West
        Central US","South Central US","East US 2","Southeast Asia","West Europe","West
        US","East US","Canada Central","North Europe","North Central US","Brazil South","UK
        West","West India","East Asia","Australia East","Japan East","Korea South","West
        US 2","Canada East","UK South","Central India","South India","Australia Southeast","Japan
        West","Korea Central","France Central","Central US"],"apiVersions":["2018-06-01","2017-10-15-preview"]},{"resourceType":"disks","locations":["Southeast
        Asia","East US 2","Central US","West Europe","East US","North Central US","South
        Central US","West US","North Europe","East Asia","Brazil South","West US 2","West
        Central US","UK West","UK South","Japan East","Japan West","Canada Central","Canada
        East","Central India","South India","Australia East","Australia Southeast","Korea
        Central","Korea South","West India","France Central","South Africa North"],"apiVersions":["2018-09-30","2018-06-01","2018-04-01","2017-03-30","2016-04-30-preview"],"apiProfiles":[{"profileVersion":"2018-03-01-hybrid","apiVersion":"2017-03-30"},{"profileVersion":"2018-06-01-profile","apiVersion":"2018-04-01"}],"zoneMappings":[{"location":"East
        US 2","zones":["1","2","3"]},{"location":"Central US","zones":["1","2","3"]},{"location":"West
        Europe","zones":["1","2","3"]},{"location":"France Central","zones":["1","2","3"]},{"location":"Southeast
        Asia","zones":["1","2","3"]},{"location":"West US 2","zones":["1","2","3"]},{"location":"North
        Europe","zones":["1","2","3"]},{"location":"East US","zones":["1","2","3"]},{"location":"UK
        South","zones":[]},{"location":"Japan East","zones":["1","2","3"]},{"location":"Australia
        East","zones":[]}],"capabilities":"CrossResourceGroupResourceMove, CrossSubscriptionResourceMove"},{"resourceType":"snapshots","locations":["Southeast
        Asia","East US 2","Central US","West Europe","East US","North Central US","South
        Central US","West US","North Europe","East Asia","Brazil South","West US 2","West
        Central US","UK West","UK South","Japan East","Japan West","Canada Central","Canada
        East","Central India","South India","Australia East","Australia Southeast","Korea
        Central","Korea South","West India","France Central","South Africa North"],"apiVersions":["2018-09-30","2018-06-01","2018-04-01","2017-03-30","2016-04-30-preview"],"apiProfiles":[{"profileVersion":"2018-03-01-hybrid","apiVersion":"2017-03-30"},{"profileVersion":"2018-06-01-profile","apiVersion":"2018-04-01"}],"capabilities":"CrossResourceGroupResourceMove,
        CrossSubscriptionResourceMove"},{"resourceType":"locations/diskoperations","locations":["Southeast
        Asia","East US 2","Central US","West Europe","East US","North Central US","South
        Central US","West US","North Europe","East Asia","Brazil South","West US 2","West
        Central US","UK West","UK South","Japan East","Japan West","Canada Central","Canada
        East","Central India","South India","Australia East","Australia Southeast","Korea
        Central","Korea South","West India","France Central","South Africa North"],"apiVersions":["2018-09-30","2018-06-01","2018-04-01","2017-03-30","2016-04-30-preview"],"apiProfiles":[{"profileVersion":"2018-03-01-hybrid","apiVersion":"2017-03-30"},{"profileVersion":"2018-06-01-profile","apiVersion":"2018-04-01"}]},{"resourceType":"images","locations":["Southeast
        Asia","East US 2","Central US","West Europe","East US","North Central US","South
        Central US","West US","North Europe","East Asia","Brazil South","West US 2","West
        Central US","UK West","UK South","Japan East","Japan West","Canada Central","Canada
        East","Central India","South India","Australia East","Australia Southeast","Korea
        Central","Korea South","West India","France Central","South Africa North"],"apiVersions":["2019-03-01","2018-10-01","2018-06-01","2018-04-01","2017-12-01","2017-03-30","2016-08-30","2016-04-30-preview"],"apiProfiles":[{"profileVersion":"2018-03-01-hybrid","apiVersion":"2017-03-30"},{"profileVersion":"2018-06-01-profile","apiVersion":"2018-04-01"}],"capabilities":"CrossResourceGroupResourceMove,
        CrossSubscriptionResourceMove"},{"resourceType":"locations/logAnalytics","locations":["East
        US","East US 2","West US","Central US","North Central US","South Central US","North
        Europe","West Europe","East Asia","Southeast Asia","Japan East","Japan West","Australia
        East","Australia Southeast","Brazil South","South India","Central India","West
        India","Canada Central","Canada East","West US 2","West Central US","UK South","UK
        West","Korea Central","Korea South","France Central","South Africa North"],"apiVersions":["2019-03-01","2018-10-01","2018-06-01","2018-04-01","2017-12-01"]}],"registrationState":"Registered"}'}
    headers:
      cache-control: [no-cache]
      content-length: ['24439']
      content-type: [application/json; charset=utf-8]
      date: ['Thu, 14 Mar 2019 22:13:12 GMT']
      expires: ['-1']
      pragma: [no-cache]
      strict-transport-security: [max-age=31536000; includeSubDomains]
      vary: [Accept-Encoding]
      x-content-type-options: [nosniff]
    status: {code: 200, message: OK}
- request:
    body: null
    headers:
      Accept: [application/json]
      Accept-Encoding: ['gzip, deflate']
      CommandName: [resource invoke-action]
      Connection: [keep-alive]
      Content-Length: ['0']
      Content-Type: [application/json; charset=utf-8]
      ParameterSetName: [--action --ids]
      User-Agent: [python/3.5.2 (Windows-10-10.0.17763-SP0) msrest/0.6.2 msrest_azure/0.4.34
          resourcemanagementclient/2.1.0 Azure-SDK-For-Python AZURECLI/2.0.60]
      accept-language: [en-US]
    method: POST
    uri: https://management.azure.com/subscriptions/00000000-0000-0000-0000-000000000000/resourceGroups/cli_test_invoke_action000001/providers/Microsoft.Compute/virtualMachines/cli-test-vm000002/powerOff?api-version=2019-03-01
  response:
    body: {string: ''}
    headers:
      azure-asyncoperation: ['https://management.azure.com/subscriptions/00000000-0000-0000-0000-000000000000/providers/Microsoft.Compute/locations/westus/operations/8532ebef-15a4-4d96-94b2-a699b0ba4670?api-version=2019-03-01']
      cache-control: [no-cache]
      content-length: ['0']
      date: ['Thu, 14 Mar 2019 22:13:12 GMT']
      expires: ['-1']
      location: ['https://management.azure.com/subscriptions/00000000-0000-0000-0000-000000000000/providers/Microsoft.Compute/locations/westus/operations/8532ebef-15a4-4d96-94b2-a699b0ba4670?monitor=true&api-version=2019-03-01']
      pragma: [no-cache]
      server: [Microsoft-HTTPAPI/2.0, Microsoft-HTTPAPI/2.0]
      strict-transport-security: [max-age=31536000; includeSubDomains]
      x-content-type-options: [nosniff]
      x-ms-ratelimit-remaining-resource: ['Microsoft.Compute/UpdateVM3Min;239,Microsoft.Compute/UpdateVM30Min;1199']
      x-ms-ratelimit-remaining-subscription-writes: ['1199']
    status: {code: 202, message: Accepted}
- request:
    body: null
    headers:
      Accept: [application/json]
      Accept-Encoding: ['gzip, deflate']
      CommandName: [resource invoke-action]
      Connection: [keep-alive]
      Content-Type: [application/json; charset=utf-8]
      ParameterSetName: [--action --ids]
      User-Agent: [python/3.5.2 (Windows-10-10.0.17763-SP0) msrest/0.6.2 msrest_azure/0.4.34
          resourcemanagementclient/2.1.0 Azure-SDK-For-Python AZURECLI/2.0.60]
      accept-language: [en-US]
    method: GET
    uri: https://management.azure.com/subscriptions/00000000-0000-0000-0000-000000000000/providers/Microsoft.Compute/locations/westus/operations/8532ebef-15a4-4d96-94b2-a699b0ba4670?api-version=2019-03-01
  response:
    body: {string: "{\r\n  \"startTime\": \"2019-03-14T22:13:13.4219797+00:00\",\r\
        \n  \"endTime\": \"2019-03-14T22:13:22.5938353+00:00\",\r\n  \"status\": \"\
        Succeeded\",\r\n  \"name\": \"8532ebef-15a4-4d96-94b2-a699b0ba4670\"\r\n}"}
    headers:
      cache-control: [no-cache]
      content-length: ['184']
      content-type: [application/json; charset=utf-8]
      date: ['Thu, 14 Mar 2019 22:13:43 GMT']
      expires: ['-1']
      pragma: [no-cache]
      server: [Microsoft-HTTPAPI/2.0, Microsoft-HTTPAPI/2.0]
      strict-transport-security: [max-age=31536000; includeSubDomains]
      transfer-encoding: [chunked]
      vary: [Accept-Encoding]
      x-content-type-options: [nosniff]
      x-ms-ratelimit-remaining-resource: ['Microsoft.Compute/GetOperation3Min;14993,Microsoft.Compute/GetOperation30Min;29993']
    status: {code: 200, message: OK}
- request:
    body: null
    headers:
      Accept: [application/json]
      Accept-Encoding: ['gzip, deflate']
      CommandName: [resource invoke-action]
      Connection: [keep-alive]
      ParameterSetName: [--action --ids]
      User-Agent: [python/3.5.2 (Windows-10-10.0.17763-SP0) msrest/0.6.2 msrest_azure/0.4.34
          resourcemanagementclient/2.1.0 Azure-SDK-For-Python AZURECLI/2.0.60]
      accept-language: [en-US]
    method: GET
    uri: https://management.azure.com/subscriptions/00000000-0000-0000-0000-000000000000/providers/Microsoft.Compute?api-version=2018-05-01
  response:
    body: {string: '{"id":"/subscriptions/00000000-0000-0000-0000-000000000000/providers/Microsoft.Compute","namespace":"Microsoft.Compute","authorizations":[{"applicationId":"60e6cd67-9c8c-4951-9b3c-23c25a2169af","roleDefinitionId":"e4770acb-272e-4dc8-87f3-12f44a612224"},{"applicationId":"a303894e-f1d8-4a37-bf10-67aa654a0596","roleDefinitionId":"903ac751-8ad5-4e5a-bfc2-5e49f450a241"},{"applicationId":"a8b6bf88-1d1a-4626-b040-9a729ea93c65","roleDefinitionId":"45c8267c-80ba-4b96-9a43-115b8f49fccd"},{"applicationId":"184909ca-69f1-4368-a6a7-c558ee6eb0bd","roleDefinitionId":"45c8267c-80ba-4b96-9a43-115b8f49fccd"},{"applicationId":"5e5e43d4-54da-4211-86a4-c6e7f3715801","roleDefinitionId":"ffcd6e5b-8772-457d-bb17-89703c03428f"},{"applicationId":"ce6ff14a-7fdc-4685-bbe0-f6afdfcfa8e0","roleDefinitionId":"cb17cddc-dbac-4ae0-ae79-8db34eddfca0"},{"applicationId":"372140e0-b3b7-4226-8ef9-d57986796201","roleDefinitionId":"cb17cddc-dbac-4ae0-ae79-8db34eddfca0"}],"resourceTypes":[{"resourceType":"availabilitySets","locations":["East
        US","East US 2","West US","Central US","North Central US","South Central US","North
        Europe","West Europe","East Asia","Southeast Asia","Japan East","Japan West","Australia
        East","Australia Southeast","Brazil South","South India","Central India","West
        India","Canada Central","Canada East","West US 2","West Central US","UK South","UK
        West","Korea Central","Korea South","France Central","South Africa North"],"apiVersions":["2019-03-01","2018-10-01","2018-06-01","2018-04-01","2017-12-01","2017-03-30","2016-08-30","2016-04-30-preview","2016-03-30","2015-06-15","2015-05-01-preview"],"defaultApiVersion":"2018-06-01","apiProfiles":[{"profileVersion":"2017-03-09-profile","apiVersion":"2016-03-30"},{"profileVersion":"2018-03-01-hybrid","apiVersion":"2017-03-30"},{"profileVersion":"2018-06-01-profile","apiVersion":"2017-12-01"}],"capabilities":"CrossResourceGroupResourceMove,
        CrossSubscriptionResourceMove"},{"resourceType":"virtualMachines","locations":["East
        US","East US 2","West US","Central US","North Central US","South Central US","North
        Europe","West Europe","East Asia","Southeast Asia","Japan East","Japan West","Australia
        East","Australia Southeast","Brazil South","South India","Central India","West
        India","Canada Central","Canada East","West US 2","West Central US","UK South","UK
        West","Korea Central","Korea South","France Central","South Africa North"],"apiVersions":["2019-03-01","2018-10-01","2018-06-01","2018-04-01","2017-12-01","2017-03-30","2016-08-30","2016-04-30-preview","2016-03-30","2015-06-15","2015-05-01-preview"],"defaultApiVersion":"2018-06-01","apiProfiles":[{"profileVersion":"2017-03-09-profile","apiVersion":"2016-03-30"},{"profileVersion":"2018-03-01-hybrid","apiVersion":"2017-03-30"},{"profileVersion":"2018-06-01-profile","apiVersion":"2017-12-01"}],"zoneMappings":[{"location":"East
        US 2","zones":["1","2","3"]},{"location":"Central US","zones":["1","2","3"]},{"location":"West
        Europe","zones":["1","2","3"]},{"location":"France Central","zones":["1","2","3"]},{"location":"Southeast
        Asia","zones":["1","2","3"]},{"location":"West US 2","zones":["1","2","3"]},{"location":"North
        Europe","zones":["1","2","3"]},{"location":"East US","zones":["1","2","3"]},{"location":"UK
        South","zones":[]},{"location":"Japan East","zones":["1","2","3"]},{"location":"Australia
        East","zones":[]}],"capabilities":"CrossResourceGroupResourceMove, CrossSubscriptionResourceMove,
        SystemAssignedResourceIdentity"},{"resourceType":"virtualMachines/extensions","locations":["East
        US","East US 2","West US","Central US","North Central US","South Central US","North
        Europe","West Europe","East Asia","Southeast Asia","Japan East","Japan West","Australia
        East","Australia Southeast","Brazil South","South India","Central India","West
        India","Canada Central","Canada East","West US 2","West Central US","UK South","UK
        West","Korea Central","Korea South","France Central","South Africa North"],"apiVersions":["2019-03-01","2018-10-01","2018-06-01","2018-04-01","2017-12-01","2017-03-30","2016-08-30","2016-04-30-preview","2016-03-30","2015-06-15","2015-05-01-preview"],"defaultApiVersion":"2018-06-01","apiProfiles":[{"profileVersion":"2017-03-09-profile","apiVersion":"2016-03-30"},{"profileVersion":"2018-03-01-hybrid","apiVersion":"2017-03-30"},{"profileVersion":"2018-06-01-profile","apiVersion":"2017-12-01"}],"capabilities":"CrossResourceGroupResourceMove,
        CrossSubscriptionResourceMove"},{"resourceType":"virtualMachineScaleSets","locations":["East
        US","East US 2","West US","Central US","North Central US","South Central US","North
        Europe","West Europe","East Asia","Southeast Asia","Japan East","Japan West","Australia
        East","Australia Southeast","Brazil South","South India","Central India","West
        India","Canada Central","Canada East","West US 2","West Central US","UK South","UK
        West","Korea Central","Korea South","France Central","South Africa North"],"apiVersions":["2019-03-01","2018-10-01","2018-06-01","2018-04-01","2017-12-01","2017-10-30-preview","2017-03-30","2016-08-30","2016-04-30-preview","2016-03-30","2015-06-15","2015-05-01-preview"],"defaultApiVersion":"2018-06-01","apiProfiles":[{"profileVersion":"2017-03-09-profile","apiVersion":"2016-03-30"},{"profileVersion":"2018-03-01-hybrid","apiVersion":"2017-03-30"},{"profileVersion":"2018-06-01-profile","apiVersion":"2017-12-01"}],"zoneMappings":[{"location":"East
        US 2","zones":["1","2","3"]},{"location":"Central US","zones":["1","2","3"]},{"location":"West
        Europe","zones":["1","2","3"]},{"location":"France Central","zones":["1","2","3"]},{"location":"Southeast
        Asia","zones":["1","2","3"]},{"location":"West US 2","zones":["1","2","3"]},{"location":"North
        Europe","zones":["1","2","3"]},{"location":"East US","zones":["1","2","3"]},{"location":"UK
        South","zones":[]},{"location":"Japan East","zones":["1","2","3"]},{"location":"Australia
        East","zones":[]}],"capabilities":"CrossResourceGroupResourceMove, CrossSubscriptionResourceMove,
        SystemAssignedResourceIdentity"},{"resourceType":"virtualMachineScaleSets/extensions","locations":["East
        US","East US 2","West US","Central US","North Central US","South Central US","North
        Europe","West Europe","East Asia","Southeast Asia","Japan East","Japan West","Australia
        East","Australia Southeast","Brazil South","South India","Central India","West
        India","Canada Central","Canada East","West US 2","West Central US","UK South","UK
        West","Korea Central","Korea South","France Central","South Africa North"],"apiVersions":["2019-03-01","2018-10-01","2018-06-01","2018-04-01","2017-12-01","2017-10-30-preview","2017-03-30","2016-08-30","2016-04-30-preview","2016-03-30","2015-06-15","2015-05-01-preview"],"defaultApiVersion":"2015-06-15","apiProfiles":[{"profileVersion":"2017-03-09-profile","apiVersion":"2016-03-30"},{"profileVersion":"2018-03-01-hybrid","apiVersion":"2017-03-30"},{"profileVersion":"2018-06-01-profile","apiVersion":"2017-12-01"}]},{"resourceType":"virtualMachineScaleSets/virtualMachines","locations":["East
        US","East US 2","West US","Central US","North Central US","South Central US","North
        Europe","West Europe","East Asia","Southeast Asia","Japan East","Japan West","Australia
        East","Australia Southeast","Brazil South","South India","Central India","West
        India","Canada Central","Canada East","West US 2","West Central US","UK South","UK
        West","Korea Central","Korea South","France Central","South Africa North"],"apiVersions":["2019-03-01","2018-10-01","2018-06-01","2018-04-01","2017-12-01","2017-10-30-preview","2017-03-30","2016-08-30","2016-04-30-preview","2016-03-30","2015-06-15","2015-05-01-preview"],"apiProfiles":[{"profileVersion":"2017-03-09-profile","apiVersion":"2016-03-30"},{"profileVersion":"2018-03-01-hybrid","apiVersion":"2017-03-30"},{"profileVersion":"2018-06-01-profile","apiVersion":"2017-12-01"}]},{"resourceType":"virtualMachineScaleSets/networkInterfaces","locations":["East
        US","East US 2","West US","Central US","North Central US","South Central US","North
        Europe","West Europe","East Asia","Southeast Asia","Japan East","Japan West","Australia
        East","Australia Southeast","Brazil South","South India","Central India","West
        India","Canada Central","Canada East","West US 2","West Central US","UK South","UK
        West","Korea Central","Korea South","France Central","South Africa North"],"apiVersions":["2018-10-01","2018-06-01","2018-04-01","2017-12-01","2017-03-30","2016-09-01","2016-08-01","2016-07-01","2016-06-01","2016-04-30-preview","2016-03-30","2015-06-15","2015-05-01-preview"],"apiProfiles":[{"profileVersion":"2017-03-09-profile","apiVersion":"2016-03-30"},{"profileVersion":"2018-03-01-hybrid","apiVersion":"2017-03-30"},{"profileVersion":"2018-06-01-profile","apiVersion":"2017-12-01"}]},{"resourceType":"virtualMachineScaleSets/virtualMachines/networkInterfaces","locations":["East
        US","East US 2","West US","Central US","North Central US","South Central US","North
        Europe","West Europe","East Asia","Southeast Asia","Japan East","Japan West","Australia
        East","Australia Southeast","Brazil South","South India","Central India","West
        India","Canada Central","Canada East","West US 2","West Central US","UK South","UK
        West","Korea Central","Korea South","France Central","South Africa North"],"apiVersions":["2018-10-01","2018-06-01","2018-04-01","2017-12-01","2017-03-30","2016-09-01","2016-08-01","2016-07-01","2016-06-01","2016-04-30-preview","2016-03-30","2015-06-15","2015-05-01-preview"],"apiProfiles":[{"profileVersion":"2017-03-09-profile","apiVersion":"2016-03-30"},{"profileVersion":"2018-03-01-hybrid","apiVersion":"2017-03-30"},{"profileVersion":"2018-06-01-profile","apiVersion":"2017-12-01"}]},{"resourceType":"virtualMachineScaleSets/publicIPAddresses","locations":["East
        US","East US 2","West US","Central US","North Central US","South Central US","North
        Europe","West Europe","East Asia","Southeast Asia","Japan East","Japan West","Australia
        East","Australia Southeast","Brazil South","South India","Central India","West
        India","Canada Central","Canada East","West US 2","West Central US","UK South","UK
        West","Korea Central","Korea South","France Central","South Africa North"],"apiVersions":["2018-10-01","2018-06-01","2018-04-01","2017-12-01","2017-03-30"],"apiProfiles":[{"profileVersion":"2018-03-01-hybrid","apiVersion":"2017-03-30"},{"profileVersion":"2018-06-01-profile","apiVersion":"2017-12-01"}]},{"resourceType":"locations","locations":[],"apiVersions":["2019-03-01","2018-10-01","2018-06-01","2018-04-01","2017-12-01","2017-03-30","2016-08-30","2016-04-30-preview","2016-03-30","2015-06-15","2015-05-01-preview"]},{"resourceType":"locations/operations","locations":["East
        US","East US 2","West US","Central US","North Central US","South Central US","North
        Europe","West Europe","East Asia","Southeast Asia","Japan East","Japan West","Australia
        East","Australia Southeast","Brazil South","South India","Central India","West
        India","Canada Central","Canada East","West US 2","West Central US","UK South","UK
        West","Korea Central","Korea South","France Central","South Africa North"],"apiVersions":["2019-03-01","2018-10-01","2018-06-01","2018-04-01","2017-12-01","2017-10-30-preview","2017-03-30","2016-08-30","2016-04-30-preview","2016-03-30","2015-06-15","2015-05-01-preview"],"apiProfiles":[{"profileVersion":"2017-03-09-profile","apiVersion":"2016-03-30"},{"profileVersion":"2018-03-01-hybrid","apiVersion":"2017-03-30"},{"profileVersion":"2018-06-01-profile","apiVersion":"2017-12-01"}]},{"resourceType":"locations/vmSizes","locations":["East
        US","East US 2","West US","Central US","North Central US","South Central US","North
        Europe","West Europe","East Asia","Southeast Asia","Japan East","Japan West","Australia
        East","Australia Southeast","Brazil South","South India","Central India","West
        India","Canada Central","Canada East","West US 2","West Central US","UK South","UK
        West","Korea Central","Korea South","France Central","South Africa North"],"apiVersions":["2019-03-01","2018-10-01","2018-06-01","2018-04-01","2017-12-01","2017-03-30","2016-08-30","2016-04-30-preview","2016-03-30","2015-06-15","2015-05-01-preview"],"apiProfiles":[{"profileVersion":"2017-03-09-profile","apiVersion":"2016-03-30"},{"profileVersion":"2018-03-01-hybrid","apiVersion":"2017-03-30"},{"profileVersion":"2018-06-01-profile","apiVersion":"2017-12-01"}]},{"resourceType":"locations/runCommands","locations":["East
        US","East US 2","West US","Central US","North Central US","South Central US","North
        Europe","West Europe","East Asia","Southeast Asia","Japan East","Japan West","Australia
        East","Australia Southeast","Brazil South","South India","Central India","West
        India","Canada Central","Canada East","West US 2","West Central US","UK South","UK
        West","Korea Central","Korea South","France Central","South Africa North"],"apiVersions":["2019-03-01","2018-10-01","2018-06-01","2018-04-01","2017-12-01","2017-03-30"],"apiProfiles":[{"profileVersion":"2018-03-01-hybrid","apiVersion":"2017-03-30"},{"profileVersion":"2018-06-01-profile","apiVersion":"2017-12-01"}]},{"resourceType":"locations/usages","locations":["East
        US","East US 2","West US","Central US","North Central US","South Central US","North
        Europe","West Europe","East Asia","Southeast Asia","Japan East","Japan West","Australia
        East","Australia Southeast","Brazil South","South India","Central India","West
        India","Canada Central","Canada East","West US 2","West Central US","UK South","UK
        West","Korea Central","Korea South","France Central","South Africa North"],"apiVersions":["2019-03-01","2018-10-01","2018-06-01","2018-04-01","2017-12-01","2017-03-30","2016-08-30","2016-04-30-preview","2016-03-30","2015-06-15","2015-05-01-preview"],"apiProfiles":[{"profileVersion":"2017-03-09-profile","apiVersion":"2016-03-30"},{"profileVersion":"2018-03-01-hybrid","apiVersion":"2017-03-30"},{"profileVersion":"2018-06-01-profile","apiVersion":"2017-12-01"}]},{"resourceType":"locations/virtualMachines","locations":["East
        US","East US 2","West US","Central US","North Central US","South Central US","North
        Europe","West Europe","East Asia","Southeast Asia","Japan East","Japan West","Australia
        East","Australia Southeast","Brazil South","South India","Central India","West
        India","Canada Central","Canada East","West US 2","West Central US","UK South","UK
        West","Korea Central","Korea South","France Central","South Africa North"],"apiVersions":["2019-03-01","2018-10-01","2018-06-01","2018-04-01","2017-12-01","2017-03-30","2016-08-30"],"defaultApiVersion":"2018-06-01","apiProfiles":[{"profileVersion":"2018-03-01-hybrid","apiVersion":"2017-03-30"},{"profileVersion":"2018-06-01-profile","apiVersion":"2017-12-01"}]},{"resourceType":"locations/publishers","locations":["East
        US","East US 2","West US","Central US","North Central US","South Central US","North
        Europe","West Europe","East Asia","Southeast Asia","Japan East","Japan West","Australia
        East","Australia Southeast","Brazil South","South India","Central India","West
        India","Canada Central","Canada East","West US 2","West Central US","UK South","UK
        West","Korea Central","Korea South","France Central","South Africa North"],"apiVersions":["2019-03-01","2018-10-01","2018-06-01","2018-04-01","2017-12-01","2017-03-30","2016-08-30","2016-04-30-preview","2016-03-30","2015-06-15","2015-05-01-preview"],"apiProfiles":[{"profileVersion":"2017-03-09-profile","apiVersion":"2016-03-30"},{"profileVersion":"2018-03-01-hybrid","apiVersion":"2017-03-30"},{"profileVersion":"2018-06-01-profile","apiVersion":"2017-12-01"}]},{"resourceType":"operations","locations":["East
        US","East US 2","West US","Central US","North Central US","South Central US","North
        Europe","West Europe","East Asia","Southeast Asia","Japan East","Japan West","Australia
        East","Australia Southeast","Brazil South","South India","Central India","West
        India","Canada Central","Canada East","West US 2","West Central US","UK South","UK
        West","Korea Central","Korea South","France Central","South Africa North"],"apiVersions":["2019-03-01","2018-10-01","2018-06-01","2018-04-01","2017-12-01","2017-03-30","2016-08-30","2016-03-30","2015-06-15","2015-05-01-preview"]},{"resourceType":"restorePointCollections","locations":["Southeast
        Asia","East US 2","Central US","West Europe","East US","North Central US","South
        Central US","West US","North Europe","East Asia","Brazil South","West US 2","West
        Central US","UK West","UK South","Japan East","Japan West","Canada Central","Canada
        East","Central India","South India","Australia East","Australia Southeast","Korea
        Central","Korea South","West India","France Central","South Africa North"],"apiVersions":["2019-03-01","2018-10-01","2018-06-01","2018-04-01","2017-12-01","2017-03-30"],"capabilities":"None"},{"resourceType":"restorePointCollections/restorePoints","locations":["Southeast
        Asia","East US 2","Central US","West Europe","East US","North Central US","South
        Central US","West US","North Europe","East Asia","Brazil South","West US 2","West
        Central US","UK West","UK South","Japan East","Japan West","Canada Central","Canada
        East","Central India","South India","Australia East","Australia Southeast","Korea
        Central","Korea South","West India","France Central","South Africa North"],"apiVersions":["2019-03-01","2018-10-01","2018-06-01","2018-04-01","2017-12-01","2017-03-30"]},{"resourceType":"virtualMachines/diagnosticSettings","locations":["East
        US","East US 2","West US","Central US","North Central US","South Central US","North
        Europe","West Europe","East Asia","Southeast Asia","Japan East","Japan West","Australia
        East","Australia Southeast","Brazil South","South India","Central India","West
        India","Canada Central","Canada East","West US 2","West Central US","UK South","UK
        West","Korea Central","Korea South","France Central","South Africa North"],"apiVersions":["2014-04-01"]},{"resourceType":"virtualMachines/metricDefinitions","locations":["East
        US","East US 2","West US","Central US","North Central US","South Central US","North
        Europe","West Europe","East Asia","Southeast Asia","Japan East","Japan West","Australia
        East","Australia Southeast","Brazil South","South India","Central India","West
        India","Canada Central","Canada East","West US 2","West Central US","UK South","UK
        West","Korea Central","Korea South","France Central","South Africa North"],"apiVersions":["2014-04-01"]},{"resourceType":"sharedVMImages","locations":["West
        Central US","South Central US","East US 2","Southeast Asia","West Europe","West
        US","East US","Canada Central","North Europe","North Central US","Brazil South","UK
        West","West India","East Asia","Australia East","Japan East","Korea South","West
        US 2","Canada East","UK South","Central India","South India","Australia Southeast","Japan
        West","Korea Central","France Central","Central US"],"apiVersions":["2017-10-15-preview"],"capabilities":"None"},{"resourceType":"sharedVMImages/versions","locations":["West
        Central US","South Central US","East US 2","Southeast Asia","West Europe","West
        US","East US","Canada Central","North Europe","North Central US","Brazil South","UK
        West","West India","East Asia","Australia East","Japan East","Korea South","West
        US 2","Canada East","UK South","Central India","South India","Australia Southeast","Japan
        West","Korea Central","France Central","Central US"],"apiVersions":["2017-10-15-preview"],"capabilities":"None"},{"resourceType":"locations/artifactPublishers","locations":["West
        Central US","South Central US","East US 2","Southeast Asia","West Europe","West
        US","East US","Canada Central","North Europe","North Central US","Brazil South","UK
        West","West India","East Asia","Australia East","Japan East","Korea South","West
        US 2","Canada East","UK South","Central India","South India","Australia Southeast","Japan
        West","Korea Central","France Central","Central US"],"apiVersions":["2017-10-15-preview"]},{"resourceType":"locations/capsoperations","locations":["West
        Central US","South Central US","East US 2","Southeast Asia","West Europe","West
        US","East US","Canada Central","North Europe","North Central US","Brazil South","UK
        West","West India","East Asia","Australia East","Japan East","Korea South","West
        US 2","Canada East","UK South","Central India","South India","Australia Southeast","Japan
        West","Korea Central","France Central","Central US"],"apiVersions":["2018-06-01","2017-10-15-preview"]},{"resourceType":"disks","locations":["Southeast
        Asia","East US 2","Central US","West Europe","East US","North Central US","South
        Central US","West US","North Europe","East Asia","Brazil South","West US 2","West
        Central US","UK West","UK South","Japan East","Japan West","Canada Central","Canada
        East","Central India","South India","Australia East","Australia Southeast","Korea
        Central","Korea South","West India","France Central","South Africa North"],"apiVersions":["2018-09-30","2018-06-01","2018-04-01","2017-03-30","2016-04-30-preview"],"apiProfiles":[{"profileVersion":"2018-03-01-hybrid","apiVersion":"2017-03-30"},{"profileVersion":"2018-06-01-profile","apiVersion":"2018-04-01"}],"zoneMappings":[{"location":"East
        US 2","zones":["1","2","3"]},{"location":"Central US","zones":["1","2","3"]},{"location":"West
        Europe","zones":["1","2","3"]},{"location":"France Central","zones":["1","2","3"]},{"location":"Southeast
        Asia","zones":["1","2","3"]},{"location":"West US 2","zones":["1","2","3"]},{"location":"North
        Europe","zones":["1","2","3"]},{"location":"East US","zones":["1","2","3"]},{"location":"UK
        South","zones":[]},{"location":"Japan East","zones":["1","2","3"]},{"location":"Australia
        East","zones":[]}],"capabilities":"CrossResourceGroupResourceMove, CrossSubscriptionResourceMove"},{"resourceType":"snapshots","locations":["Southeast
        Asia","East US 2","Central US","West Europe","East US","North Central US","South
        Central US","West US","North Europe","East Asia","Brazil South","West US 2","West
        Central US","UK West","UK South","Japan East","Japan West","Canada Central","Canada
        East","Central India","South India","Australia East","Australia Southeast","Korea
        Central","Korea South","West India","France Central","South Africa North"],"apiVersions":["2018-09-30","2018-06-01","2018-04-01","2017-03-30","2016-04-30-preview"],"apiProfiles":[{"profileVersion":"2018-03-01-hybrid","apiVersion":"2017-03-30"},{"profileVersion":"2018-06-01-profile","apiVersion":"2018-04-01"}],"capabilities":"CrossResourceGroupResourceMove,
        CrossSubscriptionResourceMove"},{"resourceType":"locations/diskoperations","locations":["Southeast
        Asia","East US 2","Central US","West Europe","East US","North Central US","South
        Central US","West US","North Europe","East Asia","Brazil South","West US 2","West
        Central US","UK West","UK South","Japan East","Japan West","Canada Central","Canada
        East","Central India","South India","Australia East","Australia Southeast","Korea
        Central","Korea South","West India","France Central","South Africa North"],"apiVersions":["2018-09-30","2018-06-01","2018-04-01","2017-03-30","2016-04-30-preview"],"apiProfiles":[{"profileVersion":"2018-03-01-hybrid","apiVersion":"2017-03-30"},{"profileVersion":"2018-06-01-profile","apiVersion":"2018-04-01"}]},{"resourceType":"images","locations":["Southeast
        Asia","East US 2","Central US","West Europe","East US","North Central US","South
        Central US","West US","North Europe","East Asia","Brazil South","West US 2","West
        Central US","UK West","UK South","Japan East","Japan West","Canada Central","Canada
        East","Central India","South India","Australia East","Australia Southeast","Korea
        Central","Korea South","West India","France Central","South Africa North"],"apiVersions":["2019-03-01","2018-10-01","2018-06-01","2018-04-01","2017-12-01","2017-03-30","2016-08-30","2016-04-30-preview"],"apiProfiles":[{"profileVersion":"2018-03-01-hybrid","apiVersion":"2017-03-30"},{"profileVersion":"2018-06-01-profile","apiVersion":"2018-04-01"}],"capabilities":"CrossResourceGroupResourceMove,
        CrossSubscriptionResourceMove"},{"resourceType":"locations/logAnalytics","locations":["East
        US","East US 2","West US","Central US","North Central US","South Central US","North
        Europe","West Europe","East Asia","Southeast Asia","Japan East","Japan West","Australia
        East","Australia Southeast","Brazil South","South India","Central India","West
        India","Canada Central","Canada East","West US 2","West Central US","UK South","UK
        West","Korea Central","Korea South","France Central","South Africa North"],"apiVersions":["2019-03-01","2018-10-01","2018-06-01","2018-04-01","2017-12-01"]}],"registrationState":"Registered"}'}
    headers:
      cache-control: [no-cache]
      content-length: ['24439']
      content-type: [application/json; charset=utf-8]
      date: ['Thu, 14 Mar 2019 22:13:44 GMT']
      expires: ['-1']
      pragma: [no-cache]
      strict-transport-security: [max-age=31536000; includeSubDomains]
      vary: [Accept-Encoding]
      x-content-type-options: [nosniff]
    status: {code: 200, message: OK}
- request:
    body: null
    headers:
      Accept: [application/json]
      Accept-Encoding: ['gzip, deflate']
      CommandName: [resource invoke-action]
      Connection: [keep-alive]
      Content-Length: ['0']
      Content-Type: [application/json; charset=utf-8]
      ParameterSetName: [--action --ids]
      User-Agent: [python/3.5.2 (Windows-10-10.0.17763-SP0) msrest/0.6.2 msrest_azure/0.4.34
          resourcemanagementclient/2.1.0 Azure-SDK-For-Python AZURECLI/2.0.60]
      accept-language: [en-US]
    method: POST
    uri: https://management.azure.com/subscriptions/00000000-0000-0000-0000-000000000000/resourceGroups/cli_test_invoke_action000001/providers/Microsoft.Compute/virtualMachines/cli-test-vm000002/generalize?api-version=2019-03-01
  response:
    body: {string: ''}
    headers:
      cache-control: [no-cache]
      content-length: ['0']
      date: ['Thu, 14 Mar 2019 22:13:44 GMT']
      expires: ['-1']
      pragma: [no-cache]
      server: [Microsoft-HTTPAPI/2.0, Microsoft-HTTPAPI/2.0]
      strict-transport-security: [max-age=31536000; includeSubDomains]
      x-content-type-options: [nosniff]
      x-ms-ratelimit-remaining-resource: ['Microsoft.Compute/UpdateVM3Min;238,Microsoft.Compute/UpdateVM30Min;1198']
      x-ms-ratelimit-remaining-subscription-writes: ['1199']
    status: {code: 200, message: OK}
- request:
    body: null
    headers:
      Accept: [application/json]
      Accept-Encoding: ['gzip, deflate']
      CommandName: [resource invoke-action]
      Connection: [keep-alive]
      ParameterSetName: [--action --ids]
      User-Agent: [python/3.5.2 (Windows-10-10.0.17763-SP0) msrest/0.6.2 msrest_azure/0.4.34
          resourcemanagementclient/2.1.0 Azure-SDK-For-Python AZURECLI/2.0.60]
      accept-language: [en-US]
    method: GET
    uri: https://management.azure.com/subscriptions/00000000-0000-0000-0000-000000000000/providers/Microsoft.Compute?api-version=2018-05-01
  response:
    body: {string: '{"id":"/subscriptions/00000000-0000-0000-0000-000000000000/providers/Microsoft.Compute","namespace":"Microsoft.Compute","authorizations":[{"applicationId":"60e6cd67-9c8c-4951-9b3c-23c25a2169af","roleDefinitionId":"e4770acb-272e-4dc8-87f3-12f44a612224"},{"applicationId":"a303894e-f1d8-4a37-bf10-67aa654a0596","roleDefinitionId":"903ac751-8ad5-4e5a-bfc2-5e49f450a241"},{"applicationId":"a8b6bf88-1d1a-4626-b040-9a729ea93c65","roleDefinitionId":"45c8267c-80ba-4b96-9a43-115b8f49fccd"},{"applicationId":"184909ca-69f1-4368-a6a7-c558ee6eb0bd","roleDefinitionId":"45c8267c-80ba-4b96-9a43-115b8f49fccd"},{"applicationId":"5e5e43d4-54da-4211-86a4-c6e7f3715801","roleDefinitionId":"ffcd6e5b-8772-457d-bb17-89703c03428f"},{"applicationId":"ce6ff14a-7fdc-4685-bbe0-f6afdfcfa8e0","roleDefinitionId":"cb17cddc-dbac-4ae0-ae79-8db34eddfca0"},{"applicationId":"372140e0-b3b7-4226-8ef9-d57986796201","roleDefinitionId":"cb17cddc-dbac-4ae0-ae79-8db34eddfca0"}],"resourceTypes":[{"resourceType":"availabilitySets","locations":["East
        US","East US 2","West US","Central US","North Central US","South Central US","North
        Europe","West Europe","East Asia","Southeast Asia","Japan East","Japan West","Australia
        East","Australia Southeast","Brazil South","South India","Central India","West
        India","Canada Central","Canada East","West US 2","West Central US","UK South","UK
        West","Korea Central","Korea South","France Central","South Africa North"],"apiVersions":["2019-03-01","2018-10-01","2018-06-01","2018-04-01","2017-12-01","2017-03-30","2016-08-30","2016-04-30-preview","2016-03-30","2015-06-15","2015-05-01-preview"],"defaultApiVersion":"2018-06-01","apiProfiles":[{"profileVersion":"2017-03-09-profile","apiVersion":"2016-03-30"},{"profileVersion":"2018-03-01-hybrid","apiVersion":"2017-03-30"},{"profileVersion":"2018-06-01-profile","apiVersion":"2017-12-01"}],"capabilities":"CrossResourceGroupResourceMove,
        CrossSubscriptionResourceMove"},{"resourceType":"virtualMachines","locations":["East
        US","East US 2","West US","Central US","North Central US","South Central US","North
        Europe","West Europe","East Asia","Southeast Asia","Japan East","Japan West","Australia
        East","Australia Southeast","Brazil South","South India","Central India","West
        India","Canada Central","Canada East","West US 2","West Central US","UK South","UK
        West","Korea Central","Korea South","France Central","South Africa North"],"apiVersions":["2019-03-01","2018-10-01","2018-06-01","2018-04-01","2017-12-01","2017-03-30","2016-08-30","2016-04-30-preview","2016-03-30","2015-06-15","2015-05-01-preview"],"defaultApiVersion":"2018-06-01","apiProfiles":[{"profileVersion":"2017-03-09-profile","apiVersion":"2016-03-30"},{"profileVersion":"2018-03-01-hybrid","apiVersion":"2017-03-30"},{"profileVersion":"2018-06-01-profile","apiVersion":"2017-12-01"}],"zoneMappings":[{"location":"East
        US 2","zones":["1","2","3"]},{"location":"Central US","zones":["1","2","3"]},{"location":"West
        Europe","zones":["1","2","3"]},{"location":"France Central","zones":["1","2","3"]},{"location":"Southeast
        Asia","zones":["1","2","3"]},{"location":"West US 2","zones":["1","2","3"]},{"location":"North
        Europe","zones":["1","2","3"]},{"location":"East US","zones":["1","2","3"]},{"location":"UK
        South","zones":[]},{"location":"Japan East","zones":["1","2","3"]},{"location":"Australia
        East","zones":[]}],"capabilities":"CrossResourceGroupResourceMove, CrossSubscriptionResourceMove,
        SystemAssignedResourceIdentity"},{"resourceType":"virtualMachines/extensions","locations":["East
        US","East US 2","West US","Central US","North Central US","South Central US","North
        Europe","West Europe","East Asia","Southeast Asia","Japan East","Japan West","Australia
        East","Australia Southeast","Brazil South","South India","Central India","West
        India","Canada Central","Canada East","West US 2","West Central US","UK South","UK
        West","Korea Central","Korea South","France Central","South Africa North"],"apiVersions":["2019-03-01","2018-10-01","2018-06-01","2018-04-01","2017-12-01","2017-03-30","2016-08-30","2016-04-30-preview","2016-03-30","2015-06-15","2015-05-01-preview"],"defaultApiVersion":"2018-06-01","apiProfiles":[{"profileVersion":"2017-03-09-profile","apiVersion":"2016-03-30"},{"profileVersion":"2018-03-01-hybrid","apiVersion":"2017-03-30"},{"profileVersion":"2018-06-01-profile","apiVersion":"2017-12-01"}],"capabilities":"CrossResourceGroupResourceMove,
        CrossSubscriptionResourceMove"},{"resourceType":"virtualMachineScaleSets","locations":["East
        US","East US 2","West US","Central US","North Central US","South Central US","North
        Europe","West Europe","East Asia","Southeast Asia","Japan East","Japan West","Australia
        East","Australia Southeast","Brazil South","South India","Central India","West
        India","Canada Central","Canada East","West US 2","West Central US","UK South","UK
        West","Korea Central","Korea South","France Central","South Africa North"],"apiVersions":["2019-03-01","2018-10-01","2018-06-01","2018-04-01","2017-12-01","2017-10-30-preview","2017-03-30","2016-08-30","2016-04-30-preview","2016-03-30","2015-06-15","2015-05-01-preview"],"defaultApiVersion":"2018-06-01","apiProfiles":[{"profileVersion":"2017-03-09-profile","apiVersion":"2016-03-30"},{"profileVersion":"2018-03-01-hybrid","apiVersion":"2017-03-30"},{"profileVersion":"2018-06-01-profile","apiVersion":"2017-12-01"}],"zoneMappings":[{"location":"East
        US 2","zones":["1","2","3"]},{"location":"Central US","zones":["1","2","3"]},{"location":"West
        Europe","zones":["1","2","3"]},{"location":"France Central","zones":["1","2","3"]},{"location":"Southeast
        Asia","zones":["1","2","3"]},{"location":"West US 2","zones":["1","2","3"]},{"location":"North
        Europe","zones":["1","2","3"]},{"location":"East US","zones":["1","2","3"]},{"location":"UK
        South","zones":[]},{"location":"Japan East","zones":["1","2","3"]},{"location":"Australia
        East","zones":[]}],"capabilities":"CrossResourceGroupResourceMove, CrossSubscriptionResourceMove,
        SystemAssignedResourceIdentity"},{"resourceType":"virtualMachineScaleSets/extensions","locations":["East
        US","East US 2","West US","Central US","North Central US","South Central US","North
        Europe","West Europe","East Asia","Southeast Asia","Japan East","Japan West","Australia
        East","Australia Southeast","Brazil South","South India","Central India","West
        India","Canada Central","Canada East","West US 2","West Central US","UK South","UK
        West","Korea Central","Korea South","France Central","South Africa North"],"apiVersions":["2019-03-01","2018-10-01","2018-06-01","2018-04-01","2017-12-01","2017-10-30-preview","2017-03-30","2016-08-30","2016-04-30-preview","2016-03-30","2015-06-15","2015-05-01-preview"],"defaultApiVersion":"2015-06-15","apiProfiles":[{"profileVersion":"2017-03-09-profile","apiVersion":"2016-03-30"},{"profileVersion":"2018-03-01-hybrid","apiVersion":"2017-03-30"},{"profileVersion":"2018-06-01-profile","apiVersion":"2017-12-01"}]},{"resourceType":"virtualMachineScaleSets/virtualMachines","locations":["East
        US","East US 2","West US","Central US","North Central US","South Central US","North
        Europe","West Europe","East Asia","Southeast Asia","Japan East","Japan West","Australia
        East","Australia Southeast","Brazil South","South India","Central India","West
        India","Canada Central","Canada East","West US 2","West Central US","UK South","UK
        West","Korea Central","Korea South","France Central","South Africa North"],"apiVersions":["2019-03-01","2018-10-01","2018-06-01","2018-04-01","2017-12-01","2017-10-30-preview","2017-03-30","2016-08-30","2016-04-30-preview","2016-03-30","2015-06-15","2015-05-01-preview"],"apiProfiles":[{"profileVersion":"2017-03-09-profile","apiVersion":"2016-03-30"},{"profileVersion":"2018-03-01-hybrid","apiVersion":"2017-03-30"},{"profileVersion":"2018-06-01-profile","apiVersion":"2017-12-01"}]},{"resourceType":"virtualMachineScaleSets/networkInterfaces","locations":["East
        US","East US 2","West US","Central US","North Central US","South Central US","North
        Europe","West Europe","East Asia","Southeast Asia","Japan East","Japan West","Australia
        East","Australia Southeast","Brazil South","South India","Central India","West
        India","Canada Central","Canada East","West US 2","West Central US","UK South","UK
        West","Korea Central","Korea South","France Central","South Africa North"],"apiVersions":["2018-10-01","2018-06-01","2018-04-01","2017-12-01","2017-03-30","2016-09-01","2016-08-01","2016-07-01","2016-06-01","2016-04-30-preview","2016-03-30","2015-06-15","2015-05-01-preview"],"apiProfiles":[{"profileVersion":"2017-03-09-profile","apiVersion":"2016-03-30"},{"profileVersion":"2018-03-01-hybrid","apiVersion":"2017-03-30"},{"profileVersion":"2018-06-01-profile","apiVersion":"2017-12-01"}]},{"resourceType":"virtualMachineScaleSets/virtualMachines/networkInterfaces","locations":["East
        US","East US 2","West US","Central US","North Central US","South Central US","North
        Europe","West Europe","East Asia","Southeast Asia","Japan East","Japan West","Australia
        East","Australia Southeast","Brazil South","South India","Central India","West
        India","Canada Central","Canada East","West US 2","West Central US","UK South","UK
        West","Korea Central","Korea South","France Central","South Africa North"],"apiVersions":["2018-10-01","2018-06-01","2018-04-01","2017-12-01","2017-03-30","2016-09-01","2016-08-01","2016-07-01","2016-06-01","2016-04-30-preview","2016-03-30","2015-06-15","2015-05-01-preview"],"apiProfiles":[{"profileVersion":"2017-03-09-profile","apiVersion":"2016-03-30"},{"profileVersion":"2018-03-01-hybrid","apiVersion":"2017-03-30"},{"profileVersion":"2018-06-01-profile","apiVersion":"2017-12-01"}]},{"resourceType":"virtualMachineScaleSets/publicIPAddresses","locations":["East
        US","East US 2","West US","Central US","North Central US","South Central US","North
        Europe","West Europe","East Asia","Southeast Asia","Japan East","Japan West","Australia
        East","Australia Southeast","Brazil South","South India","Central India","West
        India","Canada Central","Canada East","West US 2","West Central US","UK South","UK
        West","Korea Central","Korea South","France Central","South Africa North"],"apiVersions":["2018-10-01","2018-06-01","2018-04-01","2017-12-01","2017-03-30"],"apiProfiles":[{"profileVersion":"2018-03-01-hybrid","apiVersion":"2017-03-30"},{"profileVersion":"2018-06-01-profile","apiVersion":"2017-12-01"}]},{"resourceType":"locations","locations":[],"apiVersions":["2019-03-01","2018-10-01","2018-06-01","2018-04-01","2017-12-01","2017-03-30","2016-08-30","2016-04-30-preview","2016-03-30","2015-06-15","2015-05-01-preview"]},{"resourceType":"locations/operations","locations":["East
        US","East US 2","West US","Central US","North Central US","South Central US","North
        Europe","West Europe","East Asia","Southeast Asia","Japan East","Japan West","Australia
        East","Australia Southeast","Brazil South","South India","Central India","West
        India","Canada Central","Canada East","West US 2","West Central US","UK South","UK
        West","Korea Central","Korea South","France Central","South Africa North"],"apiVersions":["2019-03-01","2018-10-01","2018-06-01","2018-04-01","2017-12-01","2017-10-30-preview","2017-03-30","2016-08-30","2016-04-30-preview","2016-03-30","2015-06-15","2015-05-01-preview"],"apiProfiles":[{"profileVersion":"2017-03-09-profile","apiVersion":"2016-03-30"},{"profileVersion":"2018-03-01-hybrid","apiVersion":"2017-03-30"},{"profileVersion":"2018-06-01-profile","apiVersion":"2017-12-01"}]},{"resourceType":"locations/vmSizes","locations":["East
        US","East US 2","West US","Central US","North Central US","South Central US","North
        Europe","West Europe","East Asia","Southeast Asia","Japan East","Japan West","Australia
        East","Australia Southeast","Brazil South","South India","Central India","West
        India","Canada Central","Canada East","West US 2","West Central US","UK South","UK
        West","Korea Central","Korea South","France Central","South Africa North"],"apiVersions":["2019-03-01","2018-10-01","2018-06-01","2018-04-01","2017-12-01","2017-03-30","2016-08-30","2016-04-30-preview","2016-03-30","2015-06-15","2015-05-01-preview"],"apiProfiles":[{"profileVersion":"2017-03-09-profile","apiVersion":"2016-03-30"},{"profileVersion":"2018-03-01-hybrid","apiVersion":"2017-03-30"},{"profileVersion":"2018-06-01-profile","apiVersion":"2017-12-01"}]},{"resourceType":"locations/runCommands","locations":["East
        US","East US 2","West US","Central US","North Central US","South Central US","North
        Europe","West Europe","East Asia","Southeast Asia","Japan East","Japan West","Australia
        East","Australia Southeast","Brazil South","South India","Central India","West
        India","Canada Central","Canada East","West US 2","West Central US","UK South","UK
        West","Korea Central","Korea South","France Central","South Africa North"],"apiVersions":["2019-03-01","2018-10-01","2018-06-01","2018-04-01","2017-12-01","2017-03-30"],"apiProfiles":[{"profileVersion":"2018-03-01-hybrid","apiVersion":"2017-03-30"},{"profileVersion":"2018-06-01-profile","apiVersion":"2017-12-01"}]},{"resourceType":"locations/usages","locations":["East
        US","East US 2","West US","Central US","North Central US","South Central US","North
        Europe","West Europe","East Asia","Southeast Asia","Japan East","Japan West","Australia
        East","Australia Southeast","Brazil South","South India","Central India","West
        India","Canada Central","Canada East","West US 2","West Central US","UK South","UK
        West","Korea Central","Korea South","France Central","South Africa North"],"apiVersions":["2019-03-01","2018-10-01","2018-06-01","2018-04-01","2017-12-01","2017-03-30","2016-08-30","2016-04-30-preview","2016-03-30","2015-06-15","2015-05-01-preview"],"apiProfiles":[{"profileVersion":"2017-03-09-profile","apiVersion":"2016-03-30"},{"profileVersion":"2018-03-01-hybrid","apiVersion":"2017-03-30"},{"profileVersion":"2018-06-01-profile","apiVersion":"2017-12-01"}]},{"resourceType":"locations/virtualMachines","locations":["East
        US","East US 2","West US","Central US","North Central US","South Central US","North
        Europe","West Europe","East Asia","Southeast Asia","Japan East","Japan West","Australia
        East","Australia Southeast","Brazil South","South India","Central India","West
        India","Canada Central","Canada East","West US 2","West Central US","UK South","UK
        West","Korea Central","Korea South","France Central","South Africa North"],"apiVersions":["2019-03-01","2018-10-01","2018-06-01","2018-04-01","2017-12-01","2017-03-30","2016-08-30"],"defaultApiVersion":"2018-06-01","apiProfiles":[{"profileVersion":"2018-03-01-hybrid","apiVersion":"2017-03-30"},{"profileVersion":"2018-06-01-profile","apiVersion":"2017-12-01"}]},{"resourceType":"locations/publishers","locations":["East
        US","East US 2","West US","Central US","North Central US","South Central US","North
        Europe","West Europe","East Asia","Southeast Asia","Japan East","Japan West","Australia
        East","Australia Southeast","Brazil South","South India","Central India","West
        India","Canada Central","Canada East","West US 2","West Central US","UK South","UK
        West","Korea Central","Korea South","France Central","South Africa North"],"apiVersions":["2019-03-01","2018-10-01","2018-06-01","2018-04-01","2017-12-01","2017-03-30","2016-08-30","2016-04-30-preview","2016-03-30","2015-06-15","2015-05-01-preview"],"apiProfiles":[{"profileVersion":"2017-03-09-profile","apiVersion":"2016-03-30"},{"profileVersion":"2018-03-01-hybrid","apiVersion":"2017-03-30"},{"profileVersion":"2018-06-01-profile","apiVersion":"2017-12-01"}]},{"resourceType":"operations","locations":["East
        US","East US 2","West US","Central US","North Central US","South Central US","North
        Europe","West Europe","East Asia","Southeast Asia","Japan East","Japan West","Australia
        East","Australia Southeast","Brazil South","South India","Central India","West
        India","Canada Central","Canada East","West US 2","West Central US","UK South","UK
        West","Korea Central","Korea South","France Central","South Africa North"],"apiVersions":["2019-03-01","2018-10-01","2018-06-01","2018-04-01","2017-12-01","2017-03-30","2016-08-30","2016-03-30","2015-06-15","2015-05-01-preview"]},{"resourceType":"restorePointCollections","locations":["Southeast
        Asia","East US 2","Central US","West Europe","East US","North Central US","South
        Central US","West US","North Europe","East Asia","Brazil South","West US 2","West
        Central US","UK West","UK South","Japan East","Japan West","Canada Central","Canada
        East","Central India","South India","Australia East","Australia Southeast","Korea
        Central","Korea South","West India","France Central","South Africa North"],"apiVersions":["2019-03-01","2018-10-01","2018-06-01","2018-04-01","2017-12-01","2017-03-30"],"capabilities":"None"},{"resourceType":"restorePointCollections/restorePoints","locations":["Southeast
        Asia","East US 2","Central US","West Europe","East US","North Central US","South
        Central US","West US","North Europe","East Asia","Brazil South","West US 2","West
        Central US","UK West","UK South","Japan East","Japan West","Canada Central","Canada
        East","Central India","South India","Australia East","Australia Southeast","Korea
        Central","Korea South","West India","France Central","South Africa North"],"apiVersions":["2019-03-01","2018-10-01","2018-06-01","2018-04-01","2017-12-01","2017-03-30"]},{"resourceType":"virtualMachines/diagnosticSettings","locations":["East
        US","East US 2","West US","Central US","North Central US","South Central US","North
        Europe","West Europe","East Asia","Southeast Asia","Japan East","Japan West","Australia
        East","Australia Southeast","Brazil South","South India","Central India","West
        India","Canada Central","Canada East","West US 2","West Central US","UK South","UK
        West","Korea Central","Korea South","France Central","South Africa North"],"apiVersions":["2014-04-01"]},{"resourceType":"virtualMachines/metricDefinitions","locations":["East
        US","East US 2","West US","Central US","North Central US","South Central US","North
        Europe","West Europe","East Asia","Southeast Asia","Japan East","Japan West","Australia
        East","Australia Southeast","Brazil South","South India","Central India","West
        India","Canada Central","Canada East","West US 2","West Central US","UK South","UK
        West","Korea Central","Korea South","France Central","South Africa North"],"apiVersions":["2014-04-01"]},{"resourceType":"sharedVMImages","locations":["West
        Central US","South Central US","East US 2","Southeast Asia","West Europe","West
        US","East US","Canada Central","North Europe","North Central US","Brazil South","UK
        West","West India","East Asia","Australia East","Japan East","Korea South","West
        US 2","Canada East","UK South","Central India","South India","Australia Southeast","Japan
        West","Korea Central","France Central","Central US"],"apiVersions":["2017-10-15-preview"],"capabilities":"None"},{"resourceType":"sharedVMImages/versions","locations":["West
        Central US","South Central US","East US 2","Southeast Asia","West Europe","West
        US","East US","Canada Central","North Europe","North Central US","Brazil South","UK
        West","West India","East Asia","Australia East","Japan East","Korea South","West
        US 2","Canada East","UK South","Central India","South India","Australia Southeast","Japan
        West","Korea Central","France Central","Central US"],"apiVersions":["2017-10-15-preview"],"capabilities":"None"},{"resourceType":"locations/artifactPublishers","locations":["West
        Central US","South Central US","East US 2","Southeast Asia","West Europe","West
        US","East US","Canada Central","North Europe","North Central US","Brazil South","UK
        West","West India","East Asia","Australia East","Japan East","Korea South","West
        US 2","Canada East","UK South","Central India","South India","Australia Southeast","Japan
        West","Korea Central","France Central","Central US"],"apiVersions":["2017-10-15-preview"]},{"resourceType":"locations/capsoperations","locations":["West
        Central US","South Central US","East US 2","Southeast Asia","West Europe","West
        US","East US","Canada Central","North Europe","North Central US","Brazil South","UK
        West","West India","East Asia","Australia East","Japan East","Korea South","West
        US 2","Canada East","UK South","Central India","South India","Australia Southeast","Japan
        West","Korea Central","France Central","Central US"],"apiVersions":["2018-06-01","2017-10-15-preview"]},{"resourceType":"disks","locations":["Southeast
        Asia","East US 2","Central US","West Europe","East US","North Central US","South
        Central US","West US","North Europe","East Asia","Brazil South","West US 2","West
        Central US","UK West","UK South","Japan East","Japan West","Canada Central","Canada
        East","Central India","South India","Australia East","Australia Southeast","Korea
        Central","Korea South","West India","France Central","South Africa North"],"apiVersions":["2018-09-30","2018-06-01","2018-04-01","2017-03-30","2016-04-30-preview"],"apiProfiles":[{"profileVersion":"2018-03-01-hybrid","apiVersion":"2017-03-30"},{"profileVersion":"2018-06-01-profile","apiVersion":"2018-04-01"}],"zoneMappings":[{"location":"East
        US 2","zones":["1","2","3"]},{"location":"Central US","zones":["1","2","3"]},{"location":"West
        Europe","zones":["1","2","3"]},{"location":"France Central","zones":["1","2","3"]},{"location":"Southeast
        Asia","zones":["1","2","3"]},{"location":"West US 2","zones":["1","2","3"]},{"location":"North
        Europe","zones":["1","2","3"]},{"location":"East US","zones":["1","2","3"]},{"location":"UK
        South","zones":[]},{"location":"Japan East","zones":["1","2","3"]},{"location":"Australia
        East","zones":[]}],"capabilities":"CrossResourceGroupResourceMove, CrossSubscriptionResourceMove"},{"resourceType":"snapshots","locations":["Southeast
        Asia","East US 2","Central US","West Europe","East US","North Central US","South
        Central US","West US","North Europe","East Asia","Brazil South","West US 2","West
        Central US","UK West","UK South","Japan East","Japan West","Canada Central","Canada
        East","Central India","South India","Australia East","Australia Southeast","Korea
        Central","Korea South","West India","France Central","South Africa North"],"apiVersions":["2018-09-30","2018-06-01","2018-04-01","2017-03-30","2016-04-30-preview"],"apiProfiles":[{"profileVersion":"2018-03-01-hybrid","apiVersion":"2017-03-30"},{"profileVersion":"2018-06-01-profile","apiVersion":"2018-04-01"}],"capabilities":"CrossResourceGroupResourceMove,
        CrossSubscriptionResourceMove"},{"resourceType":"locations/diskoperations","locations":["Southeast
        Asia","East US 2","Central US","West Europe","East US","North Central US","South
        Central US","West US","North Europe","East Asia","Brazil South","West US 2","West
        Central US","UK West","UK South","Japan East","Japan West","Canada Central","Canada
        East","Central India","South India","Australia East","Australia Southeast","Korea
        Central","Korea South","West India","France Central","South Africa North"],"apiVersions":["2018-09-30","2018-06-01","2018-04-01","2017-03-30","2016-04-30-preview"],"apiProfiles":[{"profileVersion":"2018-03-01-hybrid","apiVersion":"2017-03-30"},{"profileVersion":"2018-06-01-profile","apiVersion":"2018-04-01"}]},{"resourceType":"images","locations":["Southeast
        Asia","East US 2","Central US","West Europe","East US","North Central US","South
        Central US","West US","North Europe","East Asia","Brazil South","West US 2","West
        Central US","UK West","UK South","Japan East","Japan West","Canada Central","Canada
        East","Central India","South India","Australia East","Australia Southeast","Korea
        Central","Korea South","West India","France Central","South Africa North"],"apiVersions":["2019-03-01","2018-10-01","2018-06-01","2018-04-01","2017-12-01","2017-03-30","2016-08-30","2016-04-30-preview"],"apiProfiles":[{"profileVersion":"2018-03-01-hybrid","apiVersion":"2017-03-30"},{"profileVersion":"2018-06-01-profile","apiVersion":"2018-04-01"}],"capabilities":"CrossResourceGroupResourceMove,
        CrossSubscriptionResourceMove"},{"resourceType":"locations/logAnalytics","locations":["East
        US","East US 2","West US","Central US","North Central US","South Central US","North
        Europe","West Europe","East Asia","Southeast Asia","Japan East","Japan West","Australia
        East","Australia Southeast","Brazil South","South India","Central India","West
        India","Canada Central","Canada East","West US 2","West Central US","UK South","UK
        West","Korea Central","Korea South","France Central","South Africa North"],"apiVersions":["2019-03-01","2018-10-01","2018-06-01","2018-04-01","2017-12-01"]}],"registrationState":"Registered"}'}
    headers:
      cache-control: [no-cache]
      content-length: ['24439']
      content-type: [application/json; charset=utf-8]
      date: ['Thu, 14 Mar 2019 22:13:45 GMT']
      expires: ['-1']
      pragma: [no-cache]
      strict-transport-security: [max-age=31536000; includeSubDomains]
      vary: [Accept-Encoding]
      x-content-type-options: [nosniff]
    status: {code: 200, message: OK}
- request:
    body: null
    headers:
      Accept: [application/json]
      Accept-Encoding: ['gzip, deflate']
      CommandName: [resource invoke-action]
      Connection: [keep-alive]
      Content-Length: ['0']
      Content-Type: [application/json; charset=utf-8]
      ParameterSetName: [--action --ids]
      User-Agent: [python/3.5.2 (Windows-10-10.0.17763-SP0) msrest/0.6.2 msrest_azure/0.4.34
          resourcemanagementclient/2.1.0 Azure-SDK-For-Python AZURECLI/2.0.60]
      accept-language: [en-US]
    method: POST
    uri: https://management.azure.com/subscriptions/00000000-0000-0000-0000-000000000000/resourceGroups/cli_test_invoke_action000001/providers/Microsoft.Compute/virtualMachines/cli-test-vm000002/deallocate?api-version=2019-03-01
  response:
    body: {string: ''}
    headers:
      azure-asyncoperation: ['https://management.azure.com/subscriptions/00000000-0000-0000-0000-000000000000/providers/Microsoft.Compute/locations/westus/operations/ff14e4dc-e8eb-411a-b641-027f3bdeda71?api-version=2019-03-01']
      cache-control: [no-cache]
      content-length: ['0']
      date: ['Thu, 14 Mar 2019 22:13:45 GMT']
      expires: ['-1']
      location: ['https://management.azure.com/subscriptions/00000000-0000-0000-0000-000000000000/providers/Microsoft.Compute/locations/westus/operations/ff14e4dc-e8eb-411a-b641-027f3bdeda71?monitor=true&api-version=2019-03-01']
      pragma: [no-cache]
      server: [Microsoft-HTTPAPI/2.0, Microsoft-HTTPAPI/2.0]
      strict-transport-security: [max-age=31536000; includeSubDomains]
      x-content-type-options: [nosniff]
      x-ms-ratelimit-remaining-resource: ['Microsoft.Compute/DeleteVM3Min;239,Microsoft.Compute/DeleteVM30Min;1199']
      x-ms-ratelimit-remaining-subscription-writes: ['1199']
    status: {code: 202, message: Accepted}
- request:
    body: null
    headers:
      Accept: [application/json]
      Accept-Encoding: ['gzip, deflate']
      CommandName: [resource invoke-action]
      Connection: [keep-alive]
      Content-Type: [application/json; charset=utf-8]
      ParameterSetName: [--action --ids]
      User-Agent: [python/3.5.2 (Windows-10-10.0.17763-SP0) msrest/0.6.2 msrest_azure/0.4.34
          resourcemanagementclient/2.1.0 Azure-SDK-For-Python AZURECLI/2.0.60]
      accept-language: [en-US]
    method: GET
    uri: https://management.azure.com/subscriptions/00000000-0000-0000-0000-000000000000/providers/Microsoft.Compute/locations/westus/operations/ff14e4dc-e8eb-411a-b641-027f3bdeda71?api-version=2019-03-01
  response:
    body: {string: "{\r\n  \"startTime\": \"2019-03-14T22:13:45.7970015+00:00\",\r\
        \n  \"status\": \"InProgress\",\r\n  \"name\": \"ff14e4dc-e8eb-411a-b641-027f3bdeda71\"\
        \r\n}"}
    headers:
      cache-control: [no-cache]
      content-length: ['134']
      content-type: [application/json; charset=utf-8]
      date: ['Thu, 14 Mar 2019 22:13:55 GMT']
      expires: ['-1']
      pragma: [no-cache]
      server: [Microsoft-HTTPAPI/2.0, Microsoft-HTTPAPI/2.0]
      strict-transport-security: [max-age=31536000; includeSubDomains]
      transfer-encoding: [chunked]
      vary: [Accept-Encoding]
      x-content-type-options: [nosniff]
      x-ms-ratelimit-remaining-resource: ['Microsoft.Compute/GetOperation3Min;14992,Microsoft.Compute/GetOperation30Min;29992']
    status: {code: 200, message: OK}
- request:
    body: null
    headers:
      Accept: [application/json]
      Accept-Encoding: ['gzip, deflate']
      CommandName: [resource invoke-action]
      Connection: [keep-alive]
      Content-Type: [application/json; charset=utf-8]
      ParameterSetName: [--action --ids]
      User-Agent: [python/3.5.2 (Windows-10-10.0.17763-SP0) msrest/0.6.2 msrest_azure/0.4.34
          resourcemanagementclient/2.1.0 Azure-SDK-For-Python AZURECLI/2.0.60]
      accept-language: [en-US]
    method: GET
    uri: https://management.azure.com/subscriptions/00000000-0000-0000-0000-000000000000/providers/Microsoft.Compute/locations/westus/operations/ff14e4dc-e8eb-411a-b641-027f3bdeda71?api-version=2019-03-01
  response:
    body: {string: "{\r\n  \"startTime\": \"2019-03-14T22:13:45.7970015+00:00\",\r\
        \n  \"status\": \"InProgress\",\r\n  \"name\": \"ff14e4dc-e8eb-411a-b641-027f3bdeda71\"\
        \r\n}"}
    headers:
      cache-control: [no-cache]
      content-length: ['134']
      content-type: [application/json; charset=utf-8]
      date: ['Thu, 14 Mar 2019 22:14:31 GMT']
      expires: ['-1']
      pragma: [no-cache]
      server: [Microsoft-HTTPAPI/2.0, Microsoft-HTTPAPI/2.0]
      strict-transport-security: [max-age=31536000; includeSubDomains]
      transfer-encoding: [chunked]
      vary: [Accept-Encoding]
      x-content-type-options: [nosniff]
      x-ms-ratelimit-remaining-resource: ['Microsoft.Compute/GetOperation3Min;14989,Microsoft.Compute/GetOperation30Min;29988']
    status: {code: 200, message: OK}
- request:
    body: null
    headers:
      Accept: [application/json]
      Accept-Encoding: ['gzip, deflate']
      CommandName: [resource invoke-action]
      Connection: [keep-alive]
      Content-Type: [application/json; charset=utf-8]
      ParameterSetName: [--action --ids]
      User-Agent: [python/3.5.2 (Windows-10-10.0.17763-SP0) msrest/0.6.2 msrest_azure/0.4.34
          resourcemanagementclient/2.1.0 Azure-SDK-For-Python AZURECLI/2.0.60]
      accept-language: [en-US]
    method: GET
    uri: https://management.azure.com/subscriptions/00000000-0000-0000-0000-000000000000/providers/Microsoft.Compute/locations/westus/operations/ff14e4dc-e8eb-411a-b641-027f3bdeda71?api-version=2019-03-01
  response:
    body: {string: "{\r\n  \"startTime\": \"2019-03-14T22:13:45.7970015+00:00\",\r\
        \n  \"status\": \"InProgress\",\r\n  \"name\": \"ff14e4dc-e8eb-411a-b641-027f3bdeda71\"\
        \r\n}"}
    headers:
      cache-control: [no-cache]
      content-length: ['134']
      content-type: [application/json; charset=utf-8]
      date: ['Thu, 14 Mar 2019 22:15:01 GMT']
      expires: ['-1']
      pragma: [no-cache]
      server: [Microsoft-HTTPAPI/2.0, Microsoft-HTTPAPI/2.0]
      strict-transport-security: [max-age=31536000; includeSubDomains]
      transfer-encoding: [chunked]
      vary: [Accept-Encoding]
      x-content-type-options: [nosniff]
      x-ms-ratelimit-remaining-resource: ['Microsoft.Compute/GetOperation3Min;14987,Microsoft.Compute/GetOperation30Min;29985']
    status: {code: 200, message: OK}
- request:
    body: null
    headers:
      Accept: [application/json]
      Accept-Encoding: ['gzip, deflate']
      CommandName: [resource invoke-action]
      Connection: [keep-alive]
      Content-Type: [application/json; charset=utf-8]
      ParameterSetName: [--action --ids]
      User-Agent: [python/3.5.2 (Windows-10-10.0.17763-SP0) msrest/0.6.2 msrest_azure/0.4.34
          resourcemanagementclient/2.1.0 Azure-SDK-For-Python AZURECLI/2.0.60]
      accept-language: [en-US]
    method: GET
    uri: https://management.azure.com/subscriptions/00000000-0000-0000-0000-000000000000/providers/Microsoft.Compute/locations/westus/operations/ff14e4dc-e8eb-411a-b641-027f3bdeda71?api-version=2019-03-01
  response:
    body: {string: "{\r\n  \"startTime\": \"2019-03-14T22:13:45.7970015+00:00\",\r\
        \n  \"status\": \"InProgress\",\r\n  \"name\": \"ff14e4dc-e8eb-411a-b641-027f3bdeda71\"\
        \r\n}"}
    headers:
      cache-control: [no-cache]
      content-length: ['134']
      content-type: [application/json; charset=utf-8]
      date: ['Thu, 14 Mar 2019 22:15:32 GMT']
      expires: ['-1']
      pragma: [no-cache]
      server: [Microsoft-HTTPAPI/2.0, Microsoft-HTTPAPI/2.0]
      strict-transport-security: [max-age=31536000; includeSubDomains]
      transfer-encoding: [chunked]
      vary: [Accept-Encoding]
      x-content-type-options: [nosniff]
      x-ms-ratelimit-remaining-resource: ['Microsoft.Compute/GetOperation3Min;14987,Microsoft.Compute/GetOperation30Min;29982']
    status: {code: 200, message: OK}
- request:
    body: null
    headers:
      Accept: [application/json]
      Accept-Encoding: ['gzip, deflate']
      CommandName: [resource invoke-action]
      Connection: [keep-alive]
      Content-Type: [application/json; charset=utf-8]
      ParameterSetName: [--action --ids]
      User-Agent: [python/3.5.2 (Windows-10-10.0.17763-SP0) msrest/0.6.2 msrest_azure/0.4.34
          resourcemanagementclient/2.1.0 Azure-SDK-For-Python AZURECLI/2.0.60]
      accept-language: [en-US]
    method: GET
    uri: https://management.azure.com/subscriptions/00000000-0000-0000-0000-000000000000/providers/Microsoft.Compute/locations/westus/operations/ff14e4dc-e8eb-411a-b641-027f3bdeda71?api-version=2019-03-01
  response:
    body: {string: "{\r\n  \"startTime\": \"2019-03-14T22:13:45.7970015+00:00\",\r\
        \n  \"status\": \"InProgress\",\r\n  \"name\": \"ff14e4dc-e8eb-411a-b641-027f3bdeda71\"\
        \r\n}"}
    headers:
      cache-control: [no-cache]
      content-length: ['134']
      content-type: [application/json; charset=utf-8]
      date: ['Thu, 14 Mar 2019 22:16:01 GMT']
      expires: ['-1']
      pragma: [no-cache]
      server: [Microsoft-HTTPAPI/2.0, Microsoft-HTTPAPI/2.0]
      strict-transport-security: [max-age=31536000; includeSubDomains]
      transfer-encoding: [chunked]
      vary: [Accept-Encoding]
      x-content-type-options: [nosniff]
      x-ms-ratelimit-remaining-resource: ['Microsoft.Compute/GetOperation3Min;14986,Microsoft.Compute/GetOperation30Min;29980']
    status: {code: 200, message: OK}
- request:
    body: null
    headers:
      Accept: [application/json]
      Accept-Encoding: ['gzip, deflate']
      CommandName: [resource invoke-action]
      Connection: [keep-alive]
      Content-Type: [application/json; charset=utf-8]
      ParameterSetName: [--action --ids]
      User-Agent: [python/3.5.2 (Windows-10-10.0.17763-SP0) msrest/0.6.2 msrest_azure/0.4.34
          resourcemanagementclient/2.1.0 Azure-SDK-For-Python AZURECLI/2.0.60]
      accept-language: [en-US]
    method: GET
    uri: https://management.azure.com/subscriptions/00000000-0000-0000-0000-000000000000/providers/Microsoft.Compute/locations/westus/operations/ff14e4dc-e8eb-411a-b641-027f3bdeda71?api-version=2019-03-01
  response:
    body: {string: "{\r\n  \"startTime\": \"2019-03-14T22:13:45.7970015+00:00\",\r\
        \n  \"status\": \"InProgress\",\r\n  \"name\": \"ff14e4dc-e8eb-411a-b641-027f3bdeda71\"\
        \r\n}"}
    headers:
      cache-control: [no-cache]
      content-length: ['134']
      content-type: [application/json; charset=utf-8]
      date: ['Thu, 14 Mar 2019 22:16:32 GMT']
      expires: ['-1']
      pragma: [no-cache]
      server: [Microsoft-HTTPAPI/2.0, Microsoft-HTTPAPI/2.0]
      strict-transport-security: [max-age=31536000; includeSubDomains]
      transfer-encoding: [chunked]
      vary: [Accept-Encoding]
      x-content-type-options: [nosniff]
      x-ms-ratelimit-remaining-resource: ['Microsoft.Compute/GetOperation3Min;14986,Microsoft.Compute/GetOperation30Min;29977']
    status: {code: 200, message: OK}
- request:
    body: null
    headers:
      Accept: [application/json]
      Accept-Encoding: ['gzip, deflate']
      CommandName: [resource invoke-action]
      Connection: [keep-alive]
      Content-Type: [application/json; charset=utf-8]
      ParameterSetName: [--action --ids]
      User-Agent: [python/3.5.2 (Windows-10-10.0.17763-SP0) msrest/0.6.2 msrest_azure/0.4.34
          resourcemanagementclient/2.1.0 Azure-SDK-For-Python AZURECLI/2.0.60]
      accept-language: [en-US]
    method: GET
    uri: https://management.azure.com/subscriptions/00000000-0000-0000-0000-000000000000/providers/Microsoft.Compute/locations/westus/operations/ff14e4dc-e8eb-411a-b641-027f3bdeda71?api-version=2019-03-01
  response:
    body: {string: "{\r\n  \"startTime\": \"2019-03-14T22:13:45.7970015+00:00\",\r\
        \n  \"status\": \"InProgress\",\r\n  \"name\": \"ff14e4dc-e8eb-411a-b641-027f3bdeda71\"\
        \r\n}"}
    headers:
      cache-control: [no-cache]
      content-length: ['134']
      content-type: [application/json; charset=utf-8]
      date: ['Thu, 14 Mar 2019 22:17:01 GMT']
      expires: ['-1']
      pragma: [no-cache]
      server: [Microsoft-HTTPAPI/2.0, Microsoft-HTTPAPI/2.0]
      strict-transport-security: [max-age=31536000; includeSubDomains]
      transfer-encoding: [chunked]
      vary: [Accept-Encoding]
      x-content-type-options: [nosniff]
      x-ms-ratelimit-remaining-resource: ['Microsoft.Compute/GetOperation3Min;14985,Microsoft.Compute/GetOperation30Min;29974']
    status: {code: 200, message: OK}
- request:
    body: null
    headers:
      Accept: [application/json]
      Accept-Encoding: ['gzip, deflate']
      CommandName: [resource invoke-action]
      Connection: [keep-alive]
      Content-Type: [application/json; charset=utf-8]
      ParameterSetName: [--action --ids]
      User-Agent: [python/3.5.2 (Windows-10-10.0.17763-SP0) msrest/0.6.2 msrest_azure/0.4.34
          resourcemanagementclient/2.1.0 Azure-SDK-For-Python AZURECLI/2.0.60]
      accept-language: [en-US]
    method: GET
    uri: https://management.azure.com/subscriptions/00000000-0000-0000-0000-000000000000/providers/Microsoft.Compute/locations/westus/operations/ff14e4dc-e8eb-411a-b641-027f3bdeda71?api-version=2019-03-01
  response:
    body: {string: "{\r\n  \"startTime\": \"2019-03-14T22:13:45.7970015+00:00\",\r\
        \n  \"status\": \"InProgress\",\r\n  \"name\": \"ff14e4dc-e8eb-411a-b641-027f3bdeda71\"\
        \r\n}"}
    headers:
      cache-control: [no-cache]
      content-length: ['134']
      content-type: [application/json; charset=utf-8]
      date: ['Thu, 14 Mar 2019 22:17:32 GMT']
      expires: ['-1']
      pragma: [no-cache]
      server: [Microsoft-HTTPAPI/2.0, Microsoft-HTTPAPI/2.0]
      strict-transport-security: [max-age=31536000; includeSubDomains]
      transfer-encoding: [chunked]
      vary: [Accept-Encoding]
      x-content-type-options: [nosniff]
      x-ms-ratelimit-remaining-resource: ['Microsoft.Compute/GetOperation3Min;14985,Microsoft.Compute/GetOperation30Min;29971']
    status: {code: 200, message: OK}
- request:
    body: null
    headers:
      Accept: [application/json]
      Accept-Encoding: ['gzip, deflate']
      CommandName: [resource invoke-action]
      Connection: [keep-alive]
      Content-Type: [application/json; charset=utf-8]
      ParameterSetName: [--action --ids]
      User-Agent: [python/3.5.2 (Windows-10-10.0.17763-SP0) msrest/0.6.2 msrest_azure/0.4.34
          resourcemanagementclient/2.1.0 Azure-SDK-For-Python AZURECLI/2.0.60]
      accept-language: [en-US]
    method: GET
    uri: https://management.azure.com/subscriptions/00000000-0000-0000-0000-000000000000/providers/Microsoft.Compute/locations/westus/operations/ff14e4dc-e8eb-411a-b641-027f3bdeda71?api-version=2019-03-01
  response:
    body: {string: "{\r\n  \"startTime\": \"2019-03-14T22:13:45.7970015+00:00\",\r\
        \n  \"status\": \"InProgress\",\r\n  \"name\": \"ff14e4dc-e8eb-411a-b641-027f3bdeda71\"\
        \r\n}"}
    headers:
      cache-control: [no-cache]
      content-length: ['134']
      content-type: [application/json; charset=utf-8]
      date: ['Thu, 14 Mar 2019 22:18:02 GMT']
      expires: ['-1']
      pragma: [no-cache]
      server: [Microsoft-HTTPAPI/2.0, Microsoft-HTTPAPI/2.0]
      strict-transport-security: [max-age=31536000; includeSubDomains]
      transfer-encoding: [chunked]
      vary: [Accept-Encoding]
      x-content-type-options: [nosniff]
      x-ms-ratelimit-remaining-resource: ['Microsoft.Compute/GetOperation3Min;14984,Microsoft.Compute/GetOperation30Min;29968']
    status: {code: 200, message: OK}
- request:
    body: null
    headers:
      Accept: [application/json]
      Accept-Encoding: ['gzip, deflate']
      CommandName: [resource invoke-action]
      Connection: [keep-alive]
      Content-Type: [application/json; charset=utf-8]
      ParameterSetName: [--action --ids]
      User-Agent: [python/3.5.2 (Windows-10-10.0.17763-SP0) msrest/0.6.2 msrest_azure/0.4.34
          resourcemanagementclient/2.1.0 Azure-SDK-For-Python AZURECLI/2.0.60]
      accept-language: [en-US]
    method: GET
    uri: https://management.azure.com/subscriptions/00000000-0000-0000-0000-000000000000/providers/Microsoft.Compute/locations/westus/operations/ff14e4dc-e8eb-411a-b641-027f3bdeda71?api-version=2019-03-01
  response:
    body: {string: "{\r\n  \"startTime\": \"2019-03-14T22:13:45.7970015+00:00\",\r\
        \n  \"status\": \"InProgress\",\r\n  \"name\": \"ff14e4dc-e8eb-411a-b641-027f3bdeda71\"\
        \r\n}"}
    headers:
      cache-control: [no-cache]
      content-length: ['134']
      content-type: [application/json; charset=utf-8]
      date: ['Thu, 14 Mar 2019 22:18:32 GMT']
      expires: ['-1']
      pragma: [no-cache]
      server: [Microsoft-HTTPAPI/2.0, Microsoft-HTTPAPI/2.0]
      strict-transport-security: [max-age=31536000; includeSubDomains]
      transfer-encoding: [chunked]
      vary: [Accept-Encoding]
      x-content-type-options: [nosniff]
      x-ms-ratelimit-remaining-resource: ['Microsoft.Compute/GetOperation3Min;14985,Microsoft.Compute/GetOperation30Min;29966']
    status: {code: 200, message: OK}
- request:
    body: null
    headers:
      Accept: [application/json]
      Accept-Encoding: ['gzip, deflate']
      CommandName: [resource invoke-action]
      Connection: [keep-alive]
      Content-Type: [application/json; charset=utf-8]
      ParameterSetName: [--action --ids]
      User-Agent: [python/3.5.2 (Windows-10-10.0.17763-SP0) msrest/0.6.2 msrest_azure/0.4.34
          resourcemanagementclient/2.1.0 Azure-SDK-For-Python AZURECLI/2.0.60]
      accept-language: [en-US]
    method: GET
    uri: https://management.azure.com/subscriptions/00000000-0000-0000-0000-000000000000/providers/Microsoft.Compute/locations/westus/operations/ff14e4dc-e8eb-411a-b641-027f3bdeda71?api-version=2019-03-01
  response:
    body: {string: "{\r\n  \"startTime\": \"2019-03-14T22:13:45.7970015+00:00\",\r\
        \n  \"status\": \"InProgress\",\r\n  \"name\": \"ff14e4dc-e8eb-411a-b641-027f3bdeda71\"\
        \r\n}"}
    headers:
      cache-control: [no-cache]
      content-length: ['134']
      content-type: [application/json; charset=utf-8]
      date: ['Thu, 14 Mar 2019 22:19:02 GMT']
      expires: ['-1']
      pragma: [no-cache]
      server: [Microsoft-HTTPAPI/2.0, Microsoft-HTTPAPI/2.0]
      strict-transport-security: [max-age=31536000; includeSubDomains]
      transfer-encoding: [chunked]
      vary: [Accept-Encoding]
      x-content-type-options: [nosniff]
      x-ms-ratelimit-remaining-resource: ['Microsoft.Compute/GetOperation3Min;14985,Microsoft.Compute/GetOperation30Min;29963']
    status: {code: 200, message: OK}
- request:
    body: null
    headers:
      Accept: [application/json]
      Accept-Encoding: ['gzip, deflate']
      CommandName: [resource invoke-action]
      Connection: [keep-alive]
      Content-Type: [application/json; charset=utf-8]
      ParameterSetName: [--action --ids]
      User-Agent: [python/3.5.2 (Windows-10-10.0.17763-SP0) msrest/0.6.2 msrest_azure/0.4.34
          resourcemanagementclient/2.1.0 Azure-SDK-For-Python AZURECLI/2.0.60]
      accept-language: [en-US]
    method: GET
    uri: https://management.azure.com/subscriptions/00000000-0000-0000-0000-000000000000/providers/Microsoft.Compute/locations/westus/operations/ff14e4dc-e8eb-411a-b641-027f3bdeda71?api-version=2019-03-01
  response:
    body: {string: "{\r\n  \"startTime\": \"2019-03-14T22:13:45.7970015+00:00\",\r\
        \n  \"status\": \"InProgress\",\r\n  \"name\": \"ff14e4dc-e8eb-411a-b641-027f3bdeda71\"\
        \r\n}"}
    headers:
      cache-control: [no-cache]
      content-length: ['134']
      content-type: [application/json; charset=utf-8]
      date: ['Thu, 14 Mar 2019 22:19:32 GMT']
      expires: ['-1']
      pragma: [no-cache]
      server: [Microsoft-HTTPAPI/2.0, Microsoft-HTTPAPI/2.0]
      strict-transport-security: [max-age=31536000; includeSubDomains]
      transfer-encoding: [chunked]
      vary: [Accept-Encoding]
      x-content-type-options: [nosniff]
      x-ms-ratelimit-remaining-resource: ['Microsoft.Compute/GetOperation3Min;14985,Microsoft.Compute/GetOperation30Min;29960']
    status: {code: 200, message: OK}
- request:
    body: null
    headers:
      Accept: [application/json]
      Accept-Encoding: ['gzip, deflate']
      CommandName: [resource invoke-action]
      Connection: [keep-alive]
      Content-Type: [application/json; charset=utf-8]
      ParameterSetName: [--action --ids]
      User-Agent: [python/3.5.2 (Windows-10-10.0.17763-SP0) msrest/0.6.2 msrest_azure/0.4.34
          resourcemanagementclient/2.1.0 Azure-SDK-For-Python AZURECLI/2.0.60]
      accept-language: [en-US]
    method: GET
    uri: https://management.azure.com/subscriptions/00000000-0000-0000-0000-000000000000/providers/Microsoft.Compute/locations/westus/operations/ff14e4dc-e8eb-411a-b641-027f3bdeda71?api-version=2019-03-01
  response:
    body: {string: "{\r\n  \"startTime\": \"2019-03-14T22:13:45.7970015+00:00\",\r\
        \n  \"status\": \"InProgress\",\r\n  \"name\": \"ff14e4dc-e8eb-411a-b641-027f3bdeda71\"\
        \r\n}"}
    headers:
      cache-control: [no-cache]
      content-length: ['134']
      content-type: [application/json; charset=utf-8]
      date: ['Thu, 14 Mar 2019 22:20:02 GMT']
      expires: ['-1']
      pragma: [no-cache]
      server: [Microsoft-HTTPAPI/2.0, Microsoft-HTTPAPI/2.0]
      strict-transport-security: [max-age=31536000; includeSubDomains]
      transfer-encoding: [chunked]
      vary: [Accept-Encoding]
      x-content-type-options: [nosniff]
      x-ms-ratelimit-remaining-resource: ['Microsoft.Compute/GetOperation3Min;14985,Microsoft.Compute/GetOperation30Min;29957']
    status: {code: 200, message: OK}
- request:
    body: null
    headers:
      Accept: [application/json]
      Accept-Encoding: ['gzip, deflate']
      CommandName: [resource invoke-action]
      Connection: [keep-alive]
      Content-Type: [application/json; charset=utf-8]
      ParameterSetName: [--action --ids]
      User-Agent: [python/3.5.2 (Windows-10-10.0.17763-SP0) msrest/0.6.2 msrest_azure/0.4.34
          resourcemanagementclient/2.1.0 Azure-SDK-For-Python AZURECLI/2.0.60]
      accept-language: [en-US]
    method: GET
    uri: https://management.azure.com/subscriptions/00000000-0000-0000-0000-000000000000/providers/Microsoft.Compute/locations/westus/operations/ff14e4dc-e8eb-411a-b641-027f3bdeda71?api-version=2019-03-01
  response:
    body: {string: "{\r\n  \"startTime\": \"2019-03-14T22:13:45.7970015+00:00\",\r\
        \n  \"status\": \"InProgress\",\r\n  \"name\": \"ff14e4dc-e8eb-411a-b641-027f3bdeda71\"\
        \r\n}"}
    headers:
      cache-control: [no-cache]
      content-length: ['134']
      content-type: [application/json; charset=utf-8]
      date: ['Thu, 14 Mar 2019 22:20:33 GMT']
      expires: ['-1']
      pragma: [no-cache]
      server: [Microsoft-HTTPAPI/2.0, Microsoft-HTTPAPI/2.0]
      strict-transport-security: [max-age=31536000; includeSubDomains]
      transfer-encoding: [chunked]
      vary: [Accept-Encoding]
      x-content-type-options: [nosniff]
      x-ms-ratelimit-remaining-resource: ['Microsoft.Compute/GetOperation3Min;14985,Microsoft.Compute/GetOperation30Min;29954']
    status: {code: 200, message: OK}
- request:
    body: null
    headers:
      Accept: [application/json]
      Accept-Encoding: ['gzip, deflate']
      CommandName: [resource invoke-action]
      Connection: [keep-alive]
      Content-Type: [application/json; charset=utf-8]
      ParameterSetName: [--action --ids]
      User-Agent: [python/3.5.2 (Windows-10-10.0.17763-SP0) msrest/0.6.2 msrest_azure/0.4.34
          resourcemanagementclient/2.1.0 Azure-SDK-For-Python AZURECLI/2.0.60]
      accept-language: [en-US]
    method: GET
    uri: https://management.azure.com/subscriptions/00000000-0000-0000-0000-000000000000/providers/Microsoft.Compute/locations/westus/operations/ff14e4dc-e8eb-411a-b641-027f3bdeda71?api-version=2019-03-01
  response:
    body: {string: "{\r\n  \"startTime\": \"2019-03-14T22:13:45.7970015+00:00\",\r\
        \n  \"endTime\": \"2019-03-14T22:20:38.6164265+00:00\",\r\n  \"status\": \"\
        Succeeded\",\r\n  \"name\": \"ff14e4dc-e8eb-411a-b641-027f3bdeda71\"\r\n}"}
    headers:
      cache-control: [no-cache]
      content-length: ['184']
      content-type: [application/json; charset=utf-8]
      date: ['Thu, 14 Mar 2019 22:21:02 GMT']
      expires: ['-1']
      pragma: [no-cache]
      server: [Microsoft-HTTPAPI/2.0, Microsoft-HTTPAPI/2.0]
      strict-transport-security: [max-age=31536000; includeSubDomains]
      transfer-encoding: [chunked]
      vary: [Accept-Encoding]
      x-content-type-options: [nosniff]
      x-ms-ratelimit-remaining-resource: ['Microsoft.Compute/GetOperation3Min;14985,Microsoft.Compute/GetOperation30Min;29952']
    status: {code: 200, message: OK}
- request:
    body: null
    headers:
      Accept: [application/json]
      Accept-Encoding: ['gzip, deflate']
      CommandName: [resource invoke-action]
      Connection: [keep-alive]
      ParameterSetName: [--action --ids --request-body]
      User-Agent: [python/3.5.2 (Windows-10-10.0.17763-SP0) msrest/0.6.2 msrest_azure/0.4.34
          resourcemanagementclient/2.1.0 Azure-SDK-For-Python AZURECLI/2.0.60]
      accept-language: [en-US]
    method: GET
    uri: https://management.azure.com/subscriptions/00000000-0000-0000-0000-000000000000/providers/Microsoft.Compute?api-version=2018-05-01
  response:
    body: {string: '{"id":"/subscriptions/00000000-0000-0000-0000-000000000000/providers/Microsoft.Compute","namespace":"Microsoft.Compute","authorizations":[{"applicationId":"60e6cd67-9c8c-4951-9b3c-23c25a2169af","roleDefinitionId":"e4770acb-272e-4dc8-87f3-12f44a612224"},{"applicationId":"a303894e-f1d8-4a37-bf10-67aa654a0596","roleDefinitionId":"903ac751-8ad5-4e5a-bfc2-5e49f450a241"},{"applicationId":"a8b6bf88-1d1a-4626-b040-9a729ea93c65","roleDefinitionId":"45c8267c-80ba-4b96-9a43-115b8f49fccd"},{"applicationId":"184909ca-69f1-4368-a6a7-c558ee6eb0bd","roleDefinitionId":"45c8267c-80ba-4b96-9a43-115b8f49fccd"},{"applicationId":"5e5e43d4-54da-4211-86a4-c6e7f3715801","roleDefinitionId":"ffcd6e5b-8772-457d-bb17-89703c03428f"},{"applicationId":"ce6ff14a-7fdc-4685-bbe0-f6afdfcfa8e0","roleDefinitionId":"cb17cddc-dbac-4ae0-ae79-8db34eddfca0"},{"applicationId":"372140e0-b3b7-4226-8ef9-d57986796201","roleDefinitionId":"cb17cddc-dbac-4ae0-ae79-8db34eddfca0"}],"resourceTypes":[{"resourceType":"availabilitySets","locations":["East
        US","East US 2","West US","Central US","North Central US","South Central US","North
        Europe","West Europe","East Asia","Southeast Asia","Japan East","Japan West","Australia
        East","Australia Southeast","Brazil South","South India","Central India","West
        India","Canada Central","Canada East","West US 2","West Central US","UK South","UK
        West","Korea Central","Korea South","France Central","South Africa North"],"apiVersions":["2019-03-01","2018-10-01","2018-06-01","2018-04-01","2017-12-01","2017-03-30","2016-08-30","2016-04-30-preview","2016-03-30","2015-06-15","2015-05-01-preview"],"defaultApiVersion":"2018-06-01","apiProfiles":[{"profileVersion":"2017-03-09-profile","apiVersion":"2016-03-30"},{"profileVersion":"2018-03-01-hybrid","apiVersion":"2017-03-30"},{"profileVersion":"2018-06-01-profile","apiVersion":"2017-12-01"}],"capabilities":"CrossResourceGroupResourceMove,
        CrossSubscriptionResourceMove"},{"resourceType":"virtualMachines","locations":["East
        US","East US 2","West US","Central US","North Central US","South Central US","North
        Europe","West Europe","East Asia","Southeast Asia","Japan East","Japan West","Australia
        East","Australia Southeast","Brazil South","South India","Central India","West
        India","Canada Central","Canada East","West US 2","West Central US","UK South","UK
        West","Korea Central","Korea South","France Central","South Africa North"],"apiVersions":["2019-03-01","2018-10-01","2018-06-01","2018-04-01","2017-12-01","2017-03-30","2016-08-30","2016-04-30-preview","2016-03-30","2015-06-15","2015-05-01-preview"],"defaultApiVersion":"2018-06-01","apiProfiles":[{"profileVersion":"2017-03-09-profile","apiVersion":"2016-03-30"},{"profileVersion":"2018-03-01-hybrid","apiVersion":"2017-03-30"},{"profileVersion":"2018-06-01-profile","apiVersion":"2017-12-01"}],"zoneMappings":[{"location":"East
        US 2","zones":["1","2","3"]},{"location":"Central US","zones":["1","2","3"]},{"location":"West
        Europe","zones":["1","2","3"]},{"location":"France Central","zones":["1","2","3"]},{"location":"Southeast
        Asia","zones":["1","2","3"]},{"location":"West US 2","zones":["1","2","3"]},{"location":"North
        Europe","zones":["1","2","3"]},{"location":"East US","zones":["1","2","3"]},{"location":"UK
        South","zones":[]},{"location":"Japan East","zones":["1","2","3"]},{"location":"Australia
        East","zones":[]}],"capabilities":"CrossResourceGroupResourceMove, CrossSubscriptionResourceMove,
        SystemAssignedResourceIdentity"},{"resourceType":"virtualMachines/extensions","locations":["East
        US","East US 2","West US","Central US","North Central US","South Central US","North
        Europe","West Europe","East Asia","Southeast Asia","Japan East","Japan West","Australia
        East","Australia Southeast","Brazil South","South India","Central India","West
        India","Canada Central","Canada East","West US 2","West Central US","UK South","UK
        West","Korea Central","Korea South","France Central","South Africa North"],"apiVersions":["2019-03-01","2018-10-01","2018-06-01","2018-04-01","2017-12-01","2017-03-30","2016-08-30","2016-04-30-preview","2016-03-30","2015-06-15","2015-05-01-preview"],"defaultApiVersion":"2018-06-01","apiProfiles":[{"profileVersion":"2017-03-09-profile","apiVersion":"2016-03-30"},{"profileVersion":"2018-03-01-hybrid","apiVersion":"2017-03-30"},{"profileVersion":"2018-06-01-profile","apiVersion":"2017-12-01"}],"capabilities":"CrossResourceGroupResourceMove,
        CrossSubscriptionResourceMove"},{"resourceType":"virtualMachineScaleSets","locations":["East
        US","East US 2","West US","Central US","North Central US","South Central US","North
        Europe","West Europe","East Asia","Southeast Asia","Japan East","Japan West","Australia
        East","Australia Southeast","Brazil South","South India","Central India","West
        India","Canada Central","Canada East","West US 2","West Central US","UK South","UK
        West","Korea Central","Korea South","France Central","South Africa North"],"apiVersions":["2019-03-01","2018-10-01","2018-06-01","2018-04-01","2017-12-01","2017-10-30-preview","2017-03-30","2016-08-30","2016-04-30-preview","2016-03-30","2015-06-15","2015-05-01-preview"],"defaultApiVersion":"2018-06-01","apiProfiles":[{"profileVersion":"2017-03-09-profile","apiVersion":"2016-03-30"},{"profileVersion":"2018-03-01-hybrid","apiVersion":"2017-03-30"},{"profileVersion":"2018-06-01-profile","apiVersion":"2017-12-01"}],"zoneMappings":[{"location":"East
        US 2","zones":["1","2","3"]},{"location":"Central US","zones":["1","2","3"]},{"location":"West
        Europe","zones":["1","2","3"]},{"location":"France Central","zones":["1","2","3"]},{"location":"Southeast
        Asia","zones":["1","2","3"]},{"location":"West US 2","zones":["1","2","3"]},{"location":"North
        Europe","zones":["1","2","3"]},{"location":"East US","zones":["1","2","3"]},{"location":"UK
        South","zones":[]},{"location":"Japan East","zones":["1","2","3"]},{"location":"Australia
        East","zones":[]}],"capabilities":"CrossResourceGroupResourceMove, CrossSubscriptionResourceMove,
        SystemAssignedResourceIdentity"},{"resourceType":"virtualMachineScaleSets/extensions","locations":["East
        US","East US 2","West US","Central US","North Central US","South Central US","North
        Europe","West Europe","East Asia","Southeast Asia","Japan East","Japan West","Australia
        East","Australia Southeast","Brazil South","South India","Central India","West
        India","Canada Central","Canada East","West US 2","West Central US","UK South","UK
        West","Korea Central","Korea South","France Central","South Africa North"],"apiVersions":["2019-03-01","2018-10-01","2018-06-01","2018-04-01","2017-12-01","2017-10-30-preview","2017-03-30","2016-08-30","2016-04-30-preview","2016-03-30","2015-06-15","2015-05-01-preview"],"defaultApiVersion":"2015-06-15","apiProfiles":[{"profileVersion":"2017-03-09-profile","apiVersion":"2016-03-30"},{"profileVersion":"2018-03-01-hybrid","apiVersion":"2017-03-30"},{"profileVersion":"2018-06-01-profile","apiVersion":"2017-12-01"}]},{"resourceType":"virtualMachineScaleSets/virtualMachines","locations":["East
        US","East US 2","West US","Central US","North Central US","South Central US","North
        Europe","West Europe","East Asia","Southeast Asia","Japan East","Japan West","Australia
        East","Australia Southeast","Brazil South","South India","Central India","West
        India","Canada Central","Canada East","West US 2","West Central US","UK South","UK
        West","Korea Central","Korea South","France Central","South Africa North"],"apiVersions":["2019-03-01","2018-10-01","2018-06-01","2018-04-01","2017-12-01","2017-10-30-preview","2017-03-30","2016-08-30","2016-04-30-preview","2016-03-30","2015-06-15","2015-05-01-preview"],"apiProfiles":[{"profileVersion":"2017-03-09-profile","apiVersion":"2016-03-30"},{"profileVersion":"2018-03-01-hybrid","apiVersion":"2017-03-30"},{"profileVersion":"2018-06-01-profile","apiVersion":"2017-12-01"}]},{"resourceType":"virtualMachineScaleSets/networkInterfaces","locations":["East
        US","East US 2","West US","Central US","North Central US","South Central US","North
        Europe","West Europe","East Asia","Southeast Asia","Japan East","Japan West","Australia
        East","Australia Southeast","Brazil South","South India","Central India","West
        India","Canada Central","Canada East","West US 2","West Central US","UK South","UK
        West","Korea Central","Korea South","France Central","South Africa North"],"apiVersions":["2018-10-01","2018-06-01","2018-04-01","2017-12-01","2017-03-30","2016-09-01","2016-08-01","2016-07-01","2016-06-01","2016-04-30-preview","2016-03-30","2015-06-15","2015-05-01-preview"],"apiProfiles":[{"profileVersion":"2017-03-09-profile","apiVersion":"2016-03-30"},{"profileVersion":"2018-03-01-hybrid","apiVersion":"2017-03-30"},{"profileVersion":"2018-06-01-profile","apiVersion":"2017-12-01"}]},{"resourceType":"virtualMachineScaleSets/virtualMachines/networkInterfaces","locations":["East
        US","East US 2","West US","Central US","North Central US","South Central US","North
        Europe","West Europe","East Asia","Southeast Asia","Japan East","Japan West","Australia
        East","Australia Southeast","Brazil South","South India","Central India","West
        India","Canada Central","Canada East","West US 2","West Central US","UK South","UK
        West","Korea Central","Korea South","France Central","South Africa North"],"apiVersions":["2018-10-01","2018-06-01","2018-04-01","2017-12-01","2017-03-30","2016-09-01","2016-08-01","2016-07-01","2016-06-01","2016-04-30-preview","2016-03-30","2015-06-15","2015-05-01-preview"],"apiProfiles":[{"profileVersion":"2017-03-09-profile","apiVersion":"2016-03-30"},{"profileVersion":"2018-03-01-hybrid","apiVersion":"2017-03-30"},{"profileVersion":"2018-06-01-profile","apiVersion":"2017-12-01"}]},{"resourceType":"virtualMachineScaleSets/publicIPAddresses","locations":["East
        US","East US 2","West US","Central US","North Central US","South Central US","North
        Europe","West Europe","East Asia","Southeast Asia","Japan East","Japan West","Australia
        East","Australia Southeast","Brazil South","South India","Central India","West
        India","Canada Central","Canada East","West US 2","West Central US","UK South","UK
        West","Korea Central","Korea South","France Central","South Africa North"],"apiVersions":["2018-10-01","2018-06-01","2018-04-01","2017-12-01","2017-03-30"],"apiProfiles":[{"profileVersion":"2018-03-01-hybrid","apiVersion":"2017-03-30"},{"profileVersion":"2018-06-01-profile","apiVersion":"2017-12-01"}]},{"resourceType":"locations","locations":[],"apiVersions":["2019-03-01","2018-10-01","2018-06-01","2018-04-01","2017-12-01","2017-03-30","2016-08-30","2016-04-30-preview","2016-03-30","2015-06-15","2015-05-01-preview"]},{"resourceType":"locations/operations","locations":["East
        US","East US 2","West US","Central US","North Central US","South Central US","North
        Europe","West Europe","East Asia","Southeast Asia","Japan East","Japan West","Australia
        East","Australia Southeast","Brazil South","South India","Central India","West
        India","Canada Central","Canada East","West US 2","West Central US","UK South","UK
        West","Korea Central","Korea South","France Central","South Africa North"],"apiVersions":["2019-03-01","2018-10-01","2018-06-01","2018-04-01","2017-12-01","2017-10-30-preview","2017-03-30","2016-08-30","2016-04-30-preview","2016-03-30","2015-06-15","2015-05-01-preview"],"apiProfiles":[{"profileVersion":"2017-03-09-profile","apiVersion":"2016-03-30"},{"profileVersion":"2018-03-01-hybrid","apiVersion":"2017-03-30"},{"profileVersion":"2018-06-01-profile","apiVersion":"2017-12-01"}]},{"resourceType":"locations/vmSizes","locations":["East
        US","East US 2","West US","Central US","North Central US","South Central US","North
        Europe","West Europe","East Asia","Southeast Asia","Japan East","Japan West","Australia
        East","Australia Southeast","Brazil South","South India","Central India","West
        India","Canada Central","Canada East","West US 2","West Central US","UK South","UK
        West","Korea Central","Korea South","France Central","South Africa North"],"apiVersions":["2019-03-01","2018-10-01","2018-06-01","2018-04-01","2017-12-01","2017-03-30","2016-08-30","2016-04-30-preview","2016-03-30","2015-06-15","2015-05-01-preview"],"apiProfiles":[{"profileVersion":"2017-03-09-profile","apiVersion":"2016-03-30"},{"profileVersion":"2018-03-01-hybrid","apiVersion":"2017-03-30"},{"profileVersion":"2018-06-01-profile","apiVersion":"2017-12-01"}]},{"resourceType":"locations/runCommands","locations":["East
        US","East US 2","West US","Central US","North Central US","South Central US","North
        Europe","West Europe","East Asia","Southeast Asia","Japan East","Japan West","Australia
        East","Australia Southeast","Brazil South","South India","Central India","West
        India","Canada Central","Canada East","West US 2","West Central US","UK South","UK
        West","Korea Central","Korea South","France Central","South Africa North"],"apiVersions":["2019-03-01","2018-10-01","2018-06-01","2018-04-01","2017-12-01","2017-03-30"],"apiProfiles":[{"profileVersion":"2018-03-01-hybrid","apiVersion":"2017-03-30"},{"profileVersion":"2018-06-01-profile","apiVersion":"2017-12-01"}]},{"resourceType":"locations/usages","locations":["East
        US","East US 2","West US","Central US","North Central US","South Central US","North
        Europe","West Europe","East Asia","Southeast Asia","Japan East","Japan West","Australia
        East","Australia Southeast","Brazil South","South India","Central India","West
        India","Canada Central","Canada East","West US 2","West Central US","UK South","UK
        West","Korea Central","Korea South","France Central","South Africa North"],"apiVersions":["2019-03-01","2018-10-01","2018-06-01","2018-04-01","2017-12-01","2017-03-30","2016-08-30","2016-04-30-preview","2016-03-30","2015-06-15","2015-05-01-preview"],"apiProfiles":[{"profileVersion":"2017-03-09-profile","apiVersion":"2016-03-30"},{"profileVersion":"2018-03-01-hybrid","apiVersion":"2017-03-30"},{"profileVersion":"2018-06-01-profile","apiVersion":"2017-12-01"}]},{"resourceType":"locations/virtualMachines","locations":["East
        US","East US 2","West US","Central US","North Central US","South Central US","North
        Europe","West Europe","East Asia","Southeast Asia","Japan East","Japan West","Australia
        East","Australia Southeast","Brazil South","South India","Central India","West
        India","Canada Central","Canada East","West US 2","West Central US","UK South","UK
        West","Korea Central","Korea South","France Central","South Africa North"],"apiVersions":["2019-03-01","2018-10-01","2018-06-01","2018-04-01","2017-12-01","2017-03-30","2016-08-30"],"defaultApiVersion":"2018-06-01","apiProfiles":[{"profileVersion":"2018-03-01-hybrid","apiVersion":"2017-03-30"},{"profileVersion":"2018-06-01-profile","apiVersion":"2017-12-01"}]},{"resourceType":"locations/publishers","locations":["East
        US","East US 2","West US","Central US","North Central US","South Central US","North
        Europe","West Europe","East Asia","Southeast Asia","Japan East","Japan West","Australia
        East","Australia Southeast","Brazil South","South India","Central India","West
        India","Canada Central","Canada East","West US 2","West Central US","UK South","UK
        West","Korea Central","Korea South","France Central","South Africa North"],"apiVersions":["2019-03-01","2018-10-01","2018-06-01","2018-04-01","2017-12-01","2017-03-30","2016-08-30","2016-04-30-preview","2016-03-30","2015-06-15","2015-05-01-preview"],"apiProfiles":[{"profileVersion":"2017-03-09-profile","apiVersion":"2016-03-30"},{"profileVersion":"2018-03-01-hybrid","apiVersion":"2017-03-30"},{"profileVersion":"2018-06-01-profile","apiVersion":"2017-12-01"}]},{"resourceType":"operations","locations":["East
        US","East US 2","West US","Central US","North Central US","South Central US","North
        Europe","West Europe","East Asia","Southeast Asia","Japan East","Japan West","Australia
        East","Australia Southeast","Brazil South","South India","Central India","West
        India","Canada Central","Canada East","West US 2","West Central US","UK South","UK
        West","Korea Central","Korea South","France Central","South Africa North"],"apiVersions":["2019-03-01","2018-10-01","2018-06-01","2018-04-01","2017-12-01","2017-03-30","2016-08-30","2016-03-30","2015-06-15","2015-05-01-preview"]},{"resourceType":"restorePointCollections","locations":["Southeast
        Asia","East US 2","Central US","West Europe","East US","North Central US","South
        Central US","West US","North Europe","East Asia","Brazil South","West US 2","West
        Central US","UK West","UK South","Japan East","Japan West","Canada Central","Canada
        East","Central India","South India","Australia East","Australia Southeast","Korea
        Central","Korea South","West India","France Central","South Africa North"],"apiVersions":["2019-03-01","2018-10-01","2018-06-01","2018-04-01","2017-12-01","2017-03-30"],"capabilities":"None"},{"resourceType":"restorePointCollections/restorePoints","locations":["Southeast
        Asia","East US 2","Central US","West Europe","East US","North Central US","South
        Central US","West US","North Europe","East Asia","Brazil South","West US 2","West
        Central US","UK West","UK South","Japan East","Japan West","Canada Central","Canada
        East","Central India","South India","Australia East","Australia Southeast","Korea
        Central","Korea South","West India","France Central","South Africa North"],"apiVersions":["2019-03-01","2018-10-01","2018-06-01","2018-04-01","2017-12-01","2017-03-30"]},{"resourceType":"virtualMachines/diagnosticSettings","locations":["East
        US","East US 2","West US","Central US","North Central US","South Central US","North
        Europe","West Europe","East Asia","Southeast Asia","Japan East","Japan West","Australia
        East","Australia Southeast","Brazil South","South India","Central India","West
        India","Canada Central","Canada East","West US 2","West Central US","UK South","UK
        West","Korea Central","Korea South","France Central","South Africa North"],"apiVersions":["2014-04-01"]},{"resourceType":"virtualMachines/metricDefinitions","locations":["East
        US","East US 2","West US","Central US","North Central US","South Central US","North
        Europe","West Europe","East Asia","Southeast Asia","Japan East","Japan West","Australia
        East","Australia Southeast","Brazil South","South India","Central India","West
        India","Canada Central","Canada East","West US 2","West Central US","UK South","UK
        West","Korea Central","Korea South","France Central","South Africa North"],"apiVersions":["2014-04-01"]},{"resourceType":"sharedVMImages","locations":["West
        Central US","South Central US","East US 2","Southeast Asia","West Europe","West
        US","East US","Canada Central","North Europe","North Central US","Brazil South","UK
        West","West India","East Asia","Australia East","Japan East","Korea South","West
        US 2","Canada East","UK South","Central India","South India","Australia Southeast","Japan
        West","Korea Central","France Central","Central US"],"apiVersions":["2017-10-15-preview"],"capabilities":"None"},{"resourceType":"sharedVMImages/versions","locations":["West
        Central US","South Central US","East US 2","Southeast Asia","West Europe","West
        US","East US","Canada Central","North Europe","North Central US","Brazil South","UK
        West","West India","East Asia","Australia East","Japan East","Korea South","West
        US 2","Canada East","UK South","Central India","South India","Australia Southeast","Japan
        West","Korea Central","France Central","Central US"],"apiVersions":["2017-10-15-preview"],"capabilities":"None"},{"resourceType":"locations/artifactPublishers","locations":["West
        Central US","South Central US","East US 2","Southeast Asia","West Europe","West
        US","East US","Canada Central","North Europe","North Central US","Brazil South","UK
        West","West India","East Asia","Australia East","Japan East","Korea South","West
        US 2","Canada East","UK South","Central India","South India","Australia Southeast","Japan
        West","Korea Central","France Central","Central US"],"apiVersions":["2017-10-15-preview"]},{"resourceType":"locations/capsoperations","locations":["West
        Central US","South Central US","East US 2","Southeast Asia","West Europe","West
        US","East US","Canada Central","North Europe","North Central US","Brazil South","UK
        West","West India","East Asia","Australia East","Japan East","Korea South","West
        US 2","Canada East","UK South","Central India","South India","Australia Southeast","Japan
        West","Korea Central","France Central","Central US"],"apiVersions":["2018-06-01","2017-10-15-preview"]},{"resourceType":"disks","locations":["Southeast
        Asia","East US 2","Central US","West Europe","East US","North Central US","South
        Central US","West US","North Europe","East Asia","Brazil South","West US 2","West
        Central US","UK West","UK South","Japan East","Japan West","Canada Central","Canada
        East","Central India","South India","Australia East","Australia Southeast","Korea
        Central","Korea South","West India","France Central","South Africa North"],"apiVersions":["2018-09-30","2018-06-01","2018-04-01","2017-03-30","2016-04-30-preview"],"apiProfiles":[{"profileVersion":"2018-03-01-hybrid","apiVersion":"2017-03-30"},{"profileVersion":"2018-06-01-profile","apiVersion":"2018-04-01"}],"zoneMappings":[{"location":"East
        US 2","zones":["1","2","3"]},{"location":"Central US","zones":["1","2","3"]},{"location":"West
        Europe","zones":["1","2","3"]},{"location":"France Central","zones":["1","2","3"]},{"location":"Southeast
        Asia","zones":["1","2","3"]},{"location":"West US 2","zones":["1","2","3"]},{"location":"North
        Europe","zones":["1","2","3"]},{"location":"East US","zones":["1","2","3"]},{"location":"UK
        South","zones":[]},{"location":"Japan East","zones":["1","2","3"]},{"location":"Australia
        East","zones":[]}],"capabilities":"CrossResourceGroupResourceMove, CrossSubscriptionResourceMove"},{"resourceType":"snapshots","locations":["Southeast
        Asia","East US 2","Central US","West Europe","East US","North Central US","South
        Central US","West US","North Europe","East Asia","Brazil South","West US 2","West
        Central US","UK West","UK South","Japan East","Japan West","Canada Central","Canada
        East","Central India","South India","Australia East","Australia Southeast","Korea
        Central","Korea South","West India","France Central","South Africa North"],"apiVersions":["2018-09-30","2018-06-01","2018-04-01","2017-03-30","2016-04-30-preview"],"apiProfiles":[{"profileVersion":"2018-03-01-hybrid","apiVersion":"2017-03-30"},{"profileVersion":"2018-06-01-profile","apiVersion":"2018-04-01"}],"capabilities":"CrossResourceGroupResourceMove,
        CrossSubscriptionResourceMove"},{"resourceType":"locations/diskoperations","locations":["Southeast
        Asia","East US 2","Central US","West Europe","East US","North Central US","South
        Central US","West US","North Europe","East Asia","Brazil South","West US 2","West
        Central US","UK West","UK South","Japan East","Japan West","Canada Central","Canada
        East","Central India","South India","Australia East","Australia Southeast","Korea
        Central","Korea South","West India","France Central","South Africa North"],"apiVersions":["2018-09-30","2018-06-01","2018-04-01","2017-03-30","2016-04-30-preview"],"apiProfiles":[{"profileVersion":"2018-03-01-hybrid","apiVersion":"2017-03-30"},{"profileVersion":"2018-06-01-profile","apiVersion":"2018-04-01"}]},{"resourceType":"images","locations":["Southeast
        Asia","East US 2","Central US","West Europe","East US","North Central US","South
        Central US","West US","North Europe","East Asia","Brazil South","West US 2","West
        Central US","UK West","UK South","Japan East","Japan West","Canada Central","Canada
        East","Central India","South India","Australia East","Australia Southeast","Korea
        Central","Korea South","West India","France Central","South Africa North"],"apiVersions":["2019-03-01","2018-10-01","2018-06-01","2018-04-01","2017-12-01","2017-03-30","2016-08-30","2016-04-30-preview"],"apiProfiles":[{"profileVersion":"2018-03-01-hybrid","apiVersion":"2017-03-30"},{"profileVersion":"2018-06-01-profile","apiVersion":"2018-04-01"}],"capabilities":"CrossResourceGroupResourceMove,
        CrossSubscriptionResourceMove"},{"resourceType":"locations/logAnalytics","locations":["East
        US","East US 2","West US","Central US","North Central US","South Central US","North
        Europe","West Europe","East Asia","Southeast Asia","Japan East","Japan West","Australia
        East","Australia Southeast","Brazil South","South India","Central India","West
        India","Canada Central","Canada East","West US 2","West Central US","UK South","UK
        West","Korea Central","Korea South","France Central","South Africa North"],"apiVersions":["2019-03-01","2018-10-01","2018-06-01","2018-04-01","2017-12-01"]}],"registrationState":"Registered"}'}
    headers:
      cache-control: [no-cache]
      content-length: ['24439']
      content-type: [application/json; charset=utf-8]
      date: ['Thu, 14 Mar 2019 22:21:04 GMT']
      expires: ['-1']
      pragma: [no-cache]
      strict-transport-security: [max-age=31536000; includeSubDomains]
      vary: [Accept-Encoding]
      x-content-type-options: [nosniff]
    status: {code: 200, message: OK}
- request:
    body: '{"destinationContainerName": "container", "overwriteVhds": "true", "vhdPrefix":
      "myPrefix"}'
    headers:
      Accept: [application/json]
      Accept-Encoding: ['gzip, deflate']
      CommandName: [resource invoke-action]
      Connection: [keep-alive]
      Content-Length: ['91']
      Content-Type: [application/json; charset=utf-8]
      ParameterSetName: [--action --ids --request-body]
      User-Agent: [python/3.5.2 (Windows-10-10.0.17763-SP0) msrest/0.6.2 msrest_azure/0.4.34
          resourcemanagementclient/2.1.0 Azure-SDK-For-Python AZURECLI/2.0.60]
      accept-language: [en-US]
    method: POST
    uri: https://management.azure.com/subscriptions/00000000-0000-0000-0000-000000000000/resourceGroups/cli_test_invoke_action000001/providers/Microsoft.Compute/virtualMachines/cli-test-vm000002/capture?api-version=2019-03-01
  response:
    body: {string: ''}
    headers:
      azure-asyncoperation: ['https://management.azure.com/subscriptions/00000000-0000-0000-0000-000000000000/providers/Microsoft.Compute/locations/westus/operations/9032b419-125c-4e7b-8f5d-a5bd3fdbd9b6?api-version=2019-03-01']
      cache-control: [no-cache]
      content-length: ['0']
      date: ['Thu, 14 Mar 2019 22:21:04 GMT']
      expires: ['-1']
      location: ['https://management.azure.com/subscriptions/00000000-0000-0000-0000-000000000000/providers/Microsoft.Compute/locations/westus/operations/9032b419-125c-4e7b-8f5d-a5bd3fdbd9b6?monitor=true&api-version=2019-03-01']
      pragma: [no-cache]
      server: [Microsoft-HTTPAPI/2.0, Microsoft-HTTPAPI/2.0]
      strict-transport-security: [max-age=31536000; includeSubDomains]
      x-content-type-options: [nosniff]
      x-ms-ratelimit-remaining-resource: ['Microsoft.Compute/UpdateVM3Min;239,Microsoft.Compute/UpdateVM30Min;1197']
      x-ms-ratelimit-remaining-subscription-writes: ['1199']
    status: {code: 202, message: Accepted}
- request:
    body: null
    headers:
      Accept: [application/json]
      Accept-Encoding: ['gzip, deflate']
      CommandName: [resource invoke-action]
      Connection: [keep-alive]
      Content-Type: [application/json; charset=utf-8]
      ParameterSetName: [--action --ids --request-body]
      User-Agent: [python/3.5.2 (Windows-10-10.0.17763-SP0) msrest/0.6.2 msrest_azure/0.4.34
          resourcemanagementclient/2.1.0 Azure-SDK-For-Python AZURECLI/2.0.60]
      accept-language: [en-US]
    method: GET
    uri: https://management.azure.com/subscriptions/00000000-0000-0000-0000-000000000000/providers/Microsoft.Compute/locations/westus/operations/9032b419-125c-4e7b-8f5d-a5bd3fdbd9b6?api-version=2019-03-01
  response:
    body: {string: "{\r\n  \"startTime\": \"2019-03-14T22:21:04.8820472+00:00\",\r\
        \n  \"endTime\": \"2019-03-14T22:21:05.069551+00:00\",\r\n  \"status\": \"\
        Succeeded\",\r\n  \"properties\": {\r\n    \"output\": {\"$schema\":\"http://schema.management.azure.com/schemas/2014-04-01-preview/VM_IP.json\"\
        ,\"contentVersion\":\"1.0.0.0\",\"parameters\":{\"vmName\":{\"type\":\"string\"\
        },\"vmSize\":{\"type\":\"string\",\"defaultValue\":\"Standard_DS1_v2\"},\"\
        adminUserName\":{\"type\":\"string\"},\"adminPassword\":{\"type\":\"securestring\"\
        },\"networkInterfaceId\":{\"type\":\"string\"}},\"resources\":[{\"apiVersion\"\
        :\"2019-03-01\",\"properties\":{\"hardwareProfile\":{\"vmSize\":\"[parameters('vmSize')]\"\
        },\"storageProfile\":{\"osDisk\":{\"osType\":\"Linux\",\"name\":\"myPrefix-osDisk.c39da300-31f7-487e-9045-92ce8706c518.vhd\"\
        ,\"createOption\":\"FromImage\",\"image\":{\"uri\":\"https://vhdstorageb100ff75f326dd.blob.core.windows.net/system/Microsoft.Compute/Images/container/myPrefix-osDisk.c39da300-31f7-487e-9045-92ce8706c518.vhd\"\
        },\"vhd\":{\"uri\":\"https://vhdstorageb100ff75f326dd.blob.core.windows.net/vmcontainerac62b0ae-fe69-46b1-ba20-900c4929ed5d/osDisk.ac62b0ae-fe69-46b1-ba20-900c4929ed5d.vhd\"\
        },\"caching\":\"ReadWrite\"}},\"osProfile\":{\"computerName\":\"[parameters('vmName')]\"\
        ,\"adminUsername\":\"[parameters('adminUsername')]\",\"adminPassword\":\"\
        [parameters('adminPassword')]\"},\"networkProfile\":{\"networkInterfaces\"\
        :[{\"id\":\"[parameters('networkInterfaceId')]\"}]},\"provisioningState\"\
        :0},\"type\":\"Microsoft.Compute/virtualMachines\",\"location\":\"westus\"\
        ,\"name\":\"[parameters('vmName')]\"}]}\r\n  },\r\n  \"name\": \"9032b419-125c-4e7b-8f5d-a5bd3fdbd9b6\"\
        \r\n}"}
    headers:
      cache-control: [no-cache]
      content-length: ['1516']
      content-type: [application/json; charset=utf-8]
      date: ['Thu, 14 Mar 2019 22:21:35 GMT']
      expires: ['-1']
      pragma: [no-cache]
      server: [Microsoft-HTTPAPI/2.0, Microsoft-HTTPAPI/2.0]
      strict-transport-security: [max-age=31536000; includeSubDomains]
      transfer-encoding: [chunked]
      vary: [Accept-Encoding]
      x-content-type-options: [nosniff]
      x-ms-ratelimit-remaining-resource: ['Microsoft.Compute/GetOperation3Min;14986,Microsoft.Compute/GetOperation30Min;29950']
    status: {code: 200, message: OK}
- request:
    body: null
    headers:
      Accept: [application/json]
      Accept-Encoding: ['gzip, deflate']
      CommandName: [group delete]
      Connection: [keep-alive]
      Content-Length: ['0']
      ParameterSetName: [--name --yes --no-wait]
      User-Agent: [python/3.5.2 (Windows-10-10.0.17763-SP0) msrest/0.6.2 msrest_azure/0.4.34
          resourcemanagementclient/2.1.0 Azure-SDK-For-Python AZURECLI/2.0.60]
      accept-language: [en-US]
    method: DELETE
    uri: https://management.azure.com/subscriptions/00000000-0000-0000-0000-000000000000/resourcegroups/cli_test_invoke_action000001?api-version=2018-05-01
  response:
    body: {string: ''}
    headers:
      cache-control: [no-cache]
      content-length: ['0']
      date: ['Thu, 14 Mar 2019 22:21:35 GMT']
      expires: ['-1']
      location: ['https://management.azure.com/subscriptions/00000000-0000-0000-0000-000000000000/operationresults/eyJqb2JJZCI6IlJFU09VUkNFR1JPVVBERUxFVElPTkpPQi1DTEk6NUZURVNUOjVGSU5WT0tFOjVGQUNUSU9OSUZDTzVHUk5QS1JDWUNHV1dGNHwzRkI4OUZBNzRERDU3N0M3LVdFU1RVUyIsImpvYkxvY2F0aW9uIjoid2VzdHVzIn0?api-version=2018-05-01']
      pragma: [no-cache]
      strict-transport-security: [max-age=31536000; includeSubDomains]
      x-content-type-options: [nosniff]
      x-ms-ratelimit-remaining-subscription-deletes: ['14999']
    status: {code: 202, message: Accepted}
version: 1
