interactions:
- request:
    body: null
    headers:
      Accept:
      - application/json
      Accept-Encoding:
      - gzip, deflate
      CommandName:
      - search service create
      Connection:
      - keep-alive
      ParameterSetName:
      - -n -g --sku --ip-rules
      User-Agent:
      - AZURECLI/2.75.0 azsdk-python-core/1.31.0 Python/3.10.11 (Windows-10-10.0.26100-SP0)
    method: GET
    uri: https://management.azure.com/subscriptions/00000000-0000-0000-0000-000000000000/resourcegroups/azure_search_cli_test000001?api-version=2025-04-01
  response:
    body:
      string: '{"id":"/subscriptions/00000000-0000-0000-0000-000000000000/resourceGroups/azure_search_cli_test000001","name":"azure_search_cli_test000001","type":"Microsoft.Resources/resourceGroups","location":"eastus2euap","tags":{"product":"azurecli","cause":"automation","test":"test_service_create_ip_rules","date":"2025-07-04T10:56:55Z","module":"search"},"properties":{"provisioningState":"Succeeded"}}'
    headers:
      cache-control:
      - no-cache
      content-length:
      - '393'
      content-type:
      - application/json; charset=utf-8
      date:
      - Fri, 04 Jul 2025 10:56:57 GMT
      expires:
      - '-1'
      pragma:
      - no-cache
      strict-transport-security:
      - max-age=31536000; includeSubDomains
      x-cache:
      - CONFIG_NOCACHE
      x-content-type-options:
      - nosniff
      x-ms-ratelimit-remaining-subscription-global-reads:
      - '3749'
      x-msedge-ref:
      - 'Ref A: 6D4A988112E044DDB4CB840B40BE93F3 Ref B: MAA201060513045 Ref C: 2025-07-04T10:56:57Z'
    status:
      code: 200
      message: OK
- request:
    body: '{"location": "eastus2euap", "properties": {"hostingMode": "default", "networkRuleSet":
      {"ipRules": [{"value": "123.4.5.6"}, {"value": "123.5.6.7"}, {"value": "123.6.7.8"}]},
      "partitionCount": 1, "publicNetworkAccess": "enabled", "replicaCount": 1}, "sku":
      {"name": "standard"}}'
    headers:
      Accept:
      - application/json
      Accept-Encoding:
      - gzip, deflate
      CommandName:
      - search service create
      Connection:
      - keep-alive
      Content-Length:
      - '277'
      Content-Type:
      - application/json
      ParameterSetName:
      - -n -g --sku --ip-rules
      User-Agent:
      - AZURECLI/2.75.0 azsdk-python-core/1.31.0 Python/3.10.11 (Windows-10-10.0.26100-SP0)
    method: PUT
    uri: https://management.azure.com/subscriptions/00000000-0000-0000-0000-000000000000/resourceGroups/azure_search_cli_test000001/providers/Microsoft.Search/searchServices/test000002?api-version=2023-11-01
  response:
    body:
      string: '{"location":"East US 2 EUAP","tags":{},"properties":{"replicaCount":1,"partitionCount":1,"status":"provisioning","statusDetails":"","provisioningState":"provisioning","hostingMode":"default","publicNetworkAccess":"Enabled","networkRuleSet":{"ipRules":[{"value":"123.4.5.6"},{"value":"123.5.6.7"},{"value":"123.6.7.8"}],"bypass":"None"},"privateEndpointConnections":[],"sharedPrivateLinkResources":[],"encryptionWithCmk":{"enforcement":"Unspecified","encryptionComplianceStatus":"Compliant"},"disableLocalAuth":false,"authOptions":{"apiKeyOnly":{}},"semanticSearch":"free"},"id":"/subscriptions/00000000-0000-0000-0000-000000000000/resourceGroups/azure_search_cli_test000001/providers/Microsoft.Search/searchServices/test000002","name":"test000002","type":"Microsoft.Search/searchServices","sku":{"name":"standard"}}'
    headers:
      cache-control:
      - no-cache
      content-length:
      - '815'
      content-type:
      - application/json; charset=utf-8
      date:
      - Fri, 04 Jul 2025 10:57:08 GMT
      elapsed-time:
      - '6835'
      etag:
      - W/"datetime'2025-07-04T10%3A57%3A07.9401522Z'"
      expires:
      - '-1'
      pragma:
      - no-cache
      request-id:
      - 9bc58241-58c5-11f0-854a-644ed7a2823f
      strict-transport-security:
      - max-age=31536000; includeSubDomains
      x-cache:
      - CONFIG_NOCACHE
      x-content-type-options:
      - nosniff
      x-ms-operation-identifier:
      - tenantId=213e87ed-8e08-4eb4-a63c-c073058f7b00,objectId=5c08bcb5-6bd6-45f5-b8be-e844d7d448d9/southindia/2e8dc57b-3e9a-4aa6-998f-2ce6cd2a581f
      x-ms-ratelimit-remaining-subscription-global-writes:
      - '2999'
      x-ms-ratelimit-remaining-subscription-writes:
      - '199'
      x-msedge-ref:
      - 'Ref A: 31015035BC7B472F84D076830ADECF98 Ref B: MAA201060515047 Ref C: 2025-07-04T10:56:58Z'
    status:
      code: 201
      message: Created
- request:
    body: null
    headers:
      Accept:
      - '*/*'
      Accept-Encoding:
      - gzip, deflate
      CommandName:
      - search service create
      Connection:
      - keep-alive
      ParameterSetName:
      - -n -g --sku --ip-rules
      User-Agent:
      - AZURECLI/2.75.0 azsdk-python-core/1.31.0 Python/3.10.11 (Windows-10-10.0.26100-SP0)
    method: GET
    uri: https://management.azure.com/subscriptions/00000000-0000-0000-0000-000000000000/resourceGroups/azure_search_cli_test000001/providers/Microsoft.Search/searchServices/test000002?api-version=2023-11-01
  response:
    body:
      string: '{"location":"East US 2 EUAP","tags":{},"properties":{"replicaCount":1,"partitionCount":1,"status":"provisioning","statusDetails":"","provisioningState":"provisioning","hostingMode":"default","publicNetworkAccess":"Enabled","networkRuleSet":{"ipRules":[{"value":"123.4.5.6"},{"value":"123.5.6.7"},{"value":"123.6.7.8"}],"bypass":"None"},"privateEndpointConnections":[],"sharedPrivateLinkResources":[],"encryptionWithCmk":{"enforcement":"Unspecified","encryptionComplianceStatus":"Compliant"},"disableLocalAuth":false,"authOptions":{"apiKeyOnly":{}},"semanticSearch":"free"},"id":"/subscriptions/00000000-0000-0000-0000-000000000000/resourceGroups/azure_search_cli_test000001/providers/Microsoft.Search/searchServices/test000002","name":"test000002","type":"Microsoft.Search/searchServices","sku":{"name":"standard"}}'
    headers:
      cache-control:
      - no-cache
      content-length:
      - '815'
      content-type:
      - application/json; charset=utf-8
      date:
      - Fri, 04 Jul 2025 10:57:11 GMT
      elapsed-time:
      - '72'
      etag:
      - W/"datetime'2025-07-04T10%3A57%3A07.9401522Z'"
      expires:
      - '-1'
      pragma:
      - no-cache
      request-id:
      - 9bc58241-58c5-11f0-854a-644ed7a2823f
      strict-transport-security:
      - max-age=31536000; includeSubDomains
      x-cache:
      - CONFIG_NOCACHE
      x-content-type-options:
      - nosniff
      x-ms-ratelimit-remaining-subscription-global-reads:
      - '3749'
      x-msedge-ref:
      - 'Ref A: 1A1C50147ACB4601A645F68460BA46CA Ref B: MAA201060516029 Ref C: 2025-07-04T10:57:09Z'
    status:
      code: 200
      message: OK
- request:
    body: null
    headers:
      Accept:
      - '*/*'
      Accept-Encoding:
      - gzip, deflate
      CommandName:
      - search service create
      Connection:
      - keep-alive
      ParameterSetName:
      - -n -g --sku --ip-rules
      User-Agent:
      - AZURECLI/2.75.0 azsdk-python-core/1.31.0 Python/3.10.11 (Windows-10-10.0.26100-SP0)
    method: GET
    uri: https://management.azure.com/subscriptions/00000000-0000-0000-0000-000000000000/resourceGroups/azure_search_cli_test000001/providers/Microsoft.Search/searchServices/test000002?api-version=2023-11-01
  response:
    body:
      string: '{"location":"East US 2 EUAP","tags":{},"properties":{"replicaCount":1,"partitionCount":1,"status":"provisioning","statusDetails":"","provisioningState":"provisioning","hostingMode":"default","publicNetworkAccess":"Enabled","networkRuleSet":{"ipRules":[{"value":"123.4.5.6"},{"value":"123.5.6.7"},{"value":"123.6.7.8"}],"bypass":"None"},"privateEndpointConnections":[],"sharedPrivateLinkResources":[],"encryptionWithCmk":{"enforcement":"Unspecified","encryptionComplianceStatus":"Compliant"},"disableLocalAuth":false,"authOptions":{"apiKeyOnly":{}},"semanticSearch":"free"},"id":"/subscriptions/00000000-0000-0000-0000-000000000000/resourceGroups/azure_search_cli_test000001/providers/Microsoft.Search/searchServices/test000002","name":"test000002","type":"Microsoft.Search/searchServices","sku":{"name":"standard"}}'
    headers:
      cache-control:
      - no-cache
      content-length:
      - '815'
      content-type:
      - application/json; charset=utf-8
      date:
      - Fri, 04 Jul 2025 10:57:42 GMT
      elapsed-time:
      - '70'
      etag:
      - W/"datetime'2025-07-04T10%3A57%3A07.9401522Z'"
      expires:
      - '-1'
      pragma:
      - no-cache
      request-id:
      - 9bc58241-58c5-11f0-854a-644ed7a2823f
      strict-transport-security:
      - max-age=31536000; includeSubDomains
      x-cache:
      - CONFIG_NOCACHE
      x-content-type-options:
      - nosniff
      x-ms-ratelimit-remaining-subscription-global-reads:
      - '3749'
      x-msedge-ref:
      - 'Ref A: BAFECA88919F418CBC478901421DDE0B Ref B: MAA201060513023 Ref C: 2025-07-04T10:57:41Z'
    status:
      code: 200
      message: OK
- request:
    body: null
    headers:
      Accept:
      - '*/*'
      Accept-Encoding:
      - gzip, deflate
      CommandName:
      - search service create
      Connection:
      - keep-alive
      ParameterSetName:
      - -n -g --sku --ip-rules
      User-Agent:
      - AZURECLI/2.75.0 azsdk-python-core/1.31.0 Python/3.10.11 (Windows-10-10.0.26100-SP0)
    method: GET
    uri: https://management.azure.com/subscriptions/00000000-0000-0000-0000-000000000000/resourceGroups/azure_search_cli_test000001/providers/Microsoft.Search/searchServices/test000002?api-version=2023-11-01
  response:
    body:
      string: '{"location":"East US 2 EUAP","tags":{},"properties":{"replicaCount":1,"partitionCount":1,"status":"provisioning","statusDetails":"","provisioningState":"provisioning","hostingMode":"default","publicNetworkAccess":"Enabled","networkRuleSet":{"ipRules":[{"value":"123.4.5.6"},{"value":"123.5.6.7"},{"value":"123.6.7.8"}],"bypass":"None"},"privateEndpointConnections":[],"sharedPrivateLinkResources":[],"encryptionWithCmk":{"enforcement":"Unspecified","encryptionComplianceStatus":"Compliant"},"disableLocalAuth":false,"authOptions":{"apiKeyOnly":{}},"semanticSearch":"free"},"id":"/subscriptions/00000000-0000-0000-0000-000000000000/resourceGroups/azure_search_cli_test000001/providers/Microsoft.Search/searchServices/test000002","name":"test000002","type":"Microsoft.Search/searchServices","sku":{"name":"standard"}}'
    headers:
      cache-control:
      - no-cache
      content-length:
      - '815'
      content-type:
      - application/json; charset=utf-8
      date:
      - Fri, 04 Jul 2025 10:58:14 GMT
      elapsed-time:
      - '126'
      etag:
      - W/"datetime'2025-07-04T10%3A57%3A07.9401522Z'"
      expires:
      - '-1'
      pragma:
      - no-cache
      request-id:
      - 9bc58241-58c5-11f0-854a-644ed7a2823f
      strict-transport-security:
      - max-age=31536000; includeSubDomains
      x-cache:
      - CONFIG_NOCACHE
      x-content-type-options:
      - nosniff
      x-ms-ratelimit-remaining-subscription-global-reads:
      - '3749'
      x-msedge-ref:
      - 'Ref A: 9A291A24BA164888B86796F80C999DA5 Ref B: MAA201060515047 Ref C: 2025-07-04T10:58:13Z'
    status:
      code: 200
      message: OK
- request:
    body: null
    headers:
      Accept:
      - '*/*'
      Accept-Encoding:
      - gzip, deflate
      CommandName:
      - search service create
      Connection:
      - keep-alive
      ParameterSetName:
      - -n -g --sku --ip-rules
      User-Agent:
      - AZURECLI/2.75.0 azsdk-python-core/1.31.0 Python/3.10.11 (Windows-10-10.0.26100-SP0)
    method: GET
    uri: https://management.azure.com/subscriptions/00000000-0000-0000-0000-000000000000/resourceGroups/azure_search_cli_test000001/providers/Microsoft.Search/searchServices/test000002?api-version=2023-11-01
  response:
    body:
      string: '{"location":"East US 2 EUAP","tags":{},"properties":{"replicaCount":1,"partitionCount":1,"status":"provisioning","statusDetails":"","provisioningState":"provisioning","hostingMode":"default","publicNetworkAccess":"Enabled","networkRuleSet":{"ipRules":[{"value":"123.4.5.6"},{"value":"123.5.6.7"},{"value":"123.6.7.8"}],"bypass":"None"},"privateEndpointConnections":[],"sharedPrivateLinkResources":[],"encryptionWithCmk":{"enforcement":"Unspecified","encryptionComplianceStatus":"Compliant"},"disableLocalAuth":false,"authOptions":{"apiKeyOnly":{}},"semanticSearch":"free"},"id":"/subscriptions/00000000-0000-0000-0000-000000000000/resourceGroups/azure_search_cli_test000001/providers/Microsoft.Search/searchServices/test000002","name":"test000002","type":"Microsoft.Search/searchServices","sku":{"name":"standard"}}'
    headers:
      cache-control:
      - no-cache
      content-length:
      - '815'
      content-type:
      - application/json; charset=utf-8
      date:
      - Fri, 04 Jul 2025 10:58:45 GMT
      elapsed-time:
      - '68'
      etag:
      - W/"datetime'2025-07-04T10%3A57%3A07.9401522Z'"
      expires:
      - '-1'
      pragma:
      - no-cache
      request-id:
      - 9bc58241-58c5-11f0-854a-644ed7a2823f
      strict-transport-security:
      - max-age=31536000; includeSubDomains
      x-cache:
      - CONFIG_NOCACHE
      x-content-type-options:
      - nosniff
      x-ms-ratelimit-remaining-subscription-global-reads:
      - '3749'
      x-msedge-ref:
      - 'Ref A: A848CC78F99F4648917749E6319C95C0 Ref B: MAA201060513019 Ref C: 2025-07-04T10:58:45Z'
    status:
      code: 200
      message: OK
- request:
    body: null
    headers:
      Accept:
      - '*/*'
      Accept-Encoding:
      - gzip, deflate
      CommandName:
      - search service create
      Connection:
      - keep-alive
      ParameterSetName:
      - -n -g --sku --ip-rules
      User-Agent:
      - AZURECLI/2.75.0 azsdk-python-core/1.31.0 Python/3.10.11 (Windows-10-10.0.26100-SP0)
    method: GET
    uri: https://management.azure.com/subscriptions/00000000-0000-0000-0000-000000000000/resourceGroups/azure_search_cli_test000001/providers/Microsoft.Search/searchServices/test000002?api-version=2023-11-01
  response:
    body:
      string: '{"location":"East US 2 EUAP","tags":{},"properties":{"replicaCount":1,"partitionCount":1,"status":"provisioning","statusDetails":"","provisioningState":"provisioning","hostingMode":"default","publicNetworkAccess":"Enabled","networkRuleSet":{"ipRules":[{"value":"123.4.5.6"},{"value":"123.5.6.7"},{"value":"123.6.7.8"}],"bypass":"None"},"privateEndpointConnections":[],"sharedPrivateLinkResources":[],"encryptionWithCmk":{"enforcement":"Unspecified","encryptionComplianceStatus":"Compliant"},"disableLocalAuth":false,"authOptions":{"apiKeyOnly":{}},"semanticSearch":"free"},"id":"/subscriptions/00000000-0000-0000-0000-000000000000/resourceGroups/azure_search_cli_test000001/providers/Microsoft.Search/searchServices/test000002","name":"test000002","type":"Microsoft.Search/searchServices","sku":{"name":"standard"}}'
    headers:
      cache-control:
      - no-cache
      content-length:
      - '815'
      content-type:
      - application/json; charset=utf-8
      date:
      - Fri, 04 Jul 2025 10:59:17 GMT
      elapsed-time:
      - '68'
      etag:
      - W/"datetime'2025-07-04T10%3A57%3A07.9401522Z'"
      expires:
      - '-1'
      pragma:
      - no-cache
      request-id:
      - 9bc58241-58c5-11f0-854a-644ed7a2823f
      strict-transport-security:
      - max-age=31536000; includeSubDomains
      x-cache:
      - CONFIG_NOCACHE
      x-content-type-options:
      - nosniff
      x-ms-ratelimit-remaining-subscription-global-reads:
      - '3749'
      x-msedge-ref:
      - 'Ref A: 561AEF8515514865AE0BAA9AF35E73A6 Ref B: MAA201060514031 Ref C: 2025-07-04T10:59:17Z'
    status:
      code: 200
      message: OK
- request:
    body: null
    headers:
      Accept:
      - '*/*'
      Accept-Encoding:
      - gzip, deflate
      CommandName:
      - search service create
      Connection:
      - keep-alive
      ParameterSetName:
      - -n -g --sku --ip-rules
      User-Agent:
      - AZURECLI/2.75.0 azsdk-python-core/1.31.0 Python/3.10.11 (Windows-10-10.0.26100-SP0)
    method: GET
    uri: https://management.azure.com/subscriptions/00000000-0000-0000-0000-000000000000/resourceGroups/azure_search_cli_test000001/providers/Microsoft.Search/searchServices/test000002?api-version=2023-11-01
  response:
    body:
      string: '{"location":"East US 2 EUAP","tags":{},"properties":{"replicaCount":1,"partitionCount":1,"status":"provisioning","statusDetails":"","provisioningState":"provisioning","hostingMode":"default","publicNetworkAccess":"Enabled","networkRuleSet":{"ipRules":[{"value":"123.4.5.6"},{"value":"123.5.6.7"},{"value":"123.6.7.8"}],"bypass":"None"},"privateEndpointConnections":[],"sharedPrivateLinkResources":[],"encryptionWithCmk":{"enforcement":"Unspecified","encryptionComplianceStatus":"Compliant"},"disableLocalAuth":false,"authOptions":{"apiKeyOnly":{}},"semanticSearch":"free"},"id":"/subscriptions/00000000-0000-0000-0000-000000000000/resourceGroups/azure_search_cli_test000001/providers/Microsoft.Search/searchServices/test000002","name":"test000002","type":"Microsoft.Search/searchServices","sku":{"name":"standard"}}'
    headers:
      cache-control:
      - no-cache
      content-length:
      - '815'
      content-type:
      - application/json; charset=utf-8
      date:
      - Fri, 04 Jul 2025 10:59:50 GMT
      elapsed-time:
      - '72'
      etag:
      - W/"datetime'2025-07-04T10%3A57%3A07.9401522Z'"
      expires:
      - '-1'
      pragma:
      - no-cache
      request-id:
      - 9bc58241-58c5-11f0-854a-644ed7a2823f
      strict-transport-security:
      - max-age=31536000; includeSubDomains
      x-cache:
      - CONFIG_NOCACHE
      x-content-type-options:
      - nosniff
      x-ms-ratelimit-remaining-subscription-global-reads:
      - '3749'
      x-msedge-ref:
      - 'Ref A: C6BF708A241F48FD8374AC9C1E06DA04 Ref B: MAA201060515053 Ref C: 2025-07-04T10:59:49Z'
    status:
      code: 200
      message: OK
- request:
    body: null
    headers:
      Accept:
      - '*/*'
      Accept-Encoding:
      - gzip, deflate
      CommandName:
      - search service create
      Connection:
      - keep-alive
      ParameterSetName:
      - -n -g --sku --ip-rules
      User-Agent:
      - AZURECLI/2.75.0 azsdk-python-core/1.31.0 Python/3.10.11 (Windows-10-10.0.26100-SP0)
    method: GET
    uri: https://management.azure.com/subscriptions/00000000-0000-0000-0000-000000000000/resourceGroups/azure_search_cli_test000001/providers/Microsoft.Search/searchServices/test000002?api-version=2023-11-01
  response:
    body:
      string: '{"location":"East US 2 EUAP","tags":{},"properties":{"replicaCount":1,"partitionCount":1,"status":"provisioning","statusDetails":"","provisioningState":"provisioning","hostingMode":"default","publicNetworkAccess":"Enabled","networkRuleSet":{"ipRules":[{"value":"123.4.5.6"},{"value":"123.5.6.7"},{"value":"123.6.7.8"}],"bypass":"None"},"privateEndpointConnections":[],"sharedPrivateLinkResources":[],"encryptionWithCmk":{"enforcement":"Unspecified","encryptionComplianceStatus":"Compliant"},"disableLocalAuth":false,"authOptions":{"apiKeyOnly":{}},"semanticSearch":"free"},"id":"/subscriptions/00000000-0000-0000-0000-000000000000/resourceGroups/azure_search_cli_test000001/providers/Microsoft.Search/searchServices/test000002","name":"test000002","type":"Microsoft.Search/searchServices","sku":{"name":"standard"}}'
    headers:
      cache-control:
      - no-cache
      content-length:
      - '815'
      content-type:
      - application/json; charset=utf-8
      date:
      - Fri, 04 Jul 2025 11:00:22 GMT
      elapsed-time:
      - '65'
      etag:
      - W/"datetime'2025-07-04T10%3A57%3A07.9401522Z'"
      expires:
      - '-1'
      pragma:
      - no-cache
      request-id:
      - 9bc58241-58c5-11f0-854a-644ed7a2823f
      strict-transport-security:
      - max-age=31536000; includeSubDomains
      x-cache:
      - CONFIG_NOCACHE
      x-content-type-options:
      - nosniff
      x-ms-ratelimit-remaining-subscription-global-reads:
      - '3749'
      x-msedge-ref:
      - 'Ref A: A5CAB8E302B4472EADD51CF248F97D00 Ref B: MAA201060513049 Ref C: 2025-07-04T11:00:20Z'
    status:
      code: 200
      message: OK
- request:
    body: null
    headers:
      Accept:
      - '*/*'
      Accept-Encoding:
      - gzip, deflate
      CommandName:
      - search service create
      Connection:
      - keep-alive
      ParameterSetName:
      - -n -g --sku --ip-rules
      User-Agent:
      - AZURECLI/2.75.0 azsdk-python-core/1.31.0 Python/3.10.11 (Windows-10-10.0.26100-SP0)
    method: GET
    uri: https://management.azure.com/subscriptions/00000000-0000-0000-0000-000000000000/resourceGroups/azure_search_cli_test000001/providers/Microsoft.Search/searchServices/test000002?api-version=2023-11-01
  response:
    body:
      string: '{"location":"East US 2 EUAP","tags":{},"properties":{"replicaCount":1,"partitionCount":1,"status":"provisioning","statusDetails":"","provisioningState":"provisioning","hostingMode":"default","publicNetworkAccess":"Enabled","networkRuleSet":{"ipRules":[{"value":"123.4.5.6"},{"value":"123.5.6.7"},{"value":"123.6.7.8"}],"bypass":"None"},"privateEndpointConnections":[],"sharedPrivateLinkResources":[],"encryptionWithCmk":{"enforcement":"Unspecified","encryptionComplianceStatus":"Compliant"},"disableLocalAuth":false,"authOptions":{"apiKeyOnly":{}},"semanticSearch":"free"},"id":"/subscriptions/00000000-0000-0000-0000-000000000000/resourceGroups/azure_search_cli_test000001/providers/Microsoft.Search/searchServices/test000002","name":"test000002","type":"Microsoft.Search/searchServices","sku":{"name":"standard"}}'
    headers:
      cache-control:
      - no-cache
      content-length:
      - '815'
      content-type:
      - application/json; charset=utf-8
      date:
      - Fri, 04 Jul 2025 11:00:53 GMT
      elapsed-time:
      - '128'
      etag:
      - W/"datetime'2025-07-04T10%3A57%3A07.9401522Z'"
      expires:
      - '-1'
      pragma:
      - no-cache
      request-id:
      - 9bc58241-58c5-11f0-854a-644ed7a2823f
      strict-transport-security:
      - max-age=31536000; includeSubDomains
      x-cache:
      - CONFIG_NOCACHE
      x-content-type-options:
      - nosniff
      x-ms-ratelimit-remaining-subscription-global-reads:
      - '3749'
      x-msedge-ref:
      - 'Ref A: 6E5DACCB0F4846FAB41C2EE108FBCBD6 Ref B: MAA201060515029 Ref C: 2025-07-04T11:00:52Z'
    status:
      code: 200
      message: OK
- request:
    body: null
    headers:
      Accept:
      - '*/*'
      Accept-Encoding:
      - gzip, deflate
      CommandName:
      - search service create
      Connection:
      - keep-alive
      ParameterSetName:
      - -n -g --sku --ip-rules
      User-Agent:
      - AZURECLI/2.75.0 azsdk-python-core/1.31.0 Python/3.10.11 (Windows-10-10.0.26100-SP0)
    method: GET
    uri: https://management.azure.com/subscriptions/00000000-0000-0000-0000-000000000000/resourceGroups/azure_search_cli_test000001/providers/Microsoft.Search/searchServices/test000002?api-version=2023-11-01
  response:
    body:
      string: '{"location":"East US 2 EUAP","tags":{},"properties":{"replicaCount":1,"partitionCount":1,"status":"provisioning","statusDetails":"","provisioningState":"provisioning","hostingMode":"default","publicNetworkAccess":"Enabled","networkRuleSet":{"ipRules":[{"value":"123.4.5.6"},{"value":"123.5.6.7"},{"value":"123.6.7.8"}],"bypass":"None"},"privateEndpointConnections":[],"sharedPrivateLinkResources":[],"encryptionWithCmk":{"enforcement":"Unspecified","encryptionComplianceStatus":"Compliant"},"disableLocalAuth":false,"authOptions":{"apiKeyOnly":{}},"semanticSearch":"free"},"id":"/subscriptions/00000000-0000-0000-0000-000000000000/resourceGroups/azure_search_cli_test000001/providers/Microsoft.Search/searchServices/test000002","name":"test000002","type":"Microsoft.Search/searchServices","sku":{"name":"standard"}}'
    headers:
      cache-control:
      - no-cache
      content-length:
      - '815'
      content-type:
      - application/json; charset=utf-8
      date:
      - Fri, 04 Jul 2025 11:01:25 GMT
      elapsed-time:
      - '79'
      etag:
      - W/"datetime'2025-07-04T10%3A57%3A07.9401522Z'"
      expires:
      - '-1'
      pragma:
      - no-cache
      request-id:
      - 9bc58241-58c5-11f0-854a-644ed7a2823f
      strict-transport-security:
      - max-age=31536000; includeSubDomains
      x-cache:
      - CONFIG_NOCACHE
      x-content-type-options:
      - nosniff
      x-ms-ratelimit-remaining-subscription-global-reads:
      - '3749'
      x-msedge-ref:
      - 'Ref A: 5A8E4B225DE64EF0961EEAC8D0EA9D73 Ref B: MAA201060516019 Ref C: 2025-07-04T11:01:24Z'
    status:
      code: 200
      message: OK
- request:
    body: null
    headers:
      Accept:
      - '*/*'
      Accept-Encoding:
      - gzip, deflate
      CommandName:
      - search service create
      Connection:
      - keep-alive
      ParameterSetName:
      - -n -g --sku --ip-rules
      User-Agent:
      - AZURECLI/2.75.0 azsdk-python-core/1.31.0 Python/3.10.11 (Windows-10-10.0.26100-SP0)
    method: GET
    uri: https://management.azure.com/subscriptions/00000000-0000-0000-0000-000000000000/resourceGroups/azure_search_cli_test000001/providers/Microsoft.Search/searchServices/test000002?api-version=2023-11-01
  response:
    body:
      string: '{"location":"East US 2 EUAP","tags":{},"properties":{"replicaCount":1,"partitionCount":1,"status":"provisioning","statusDetails":"","provisioningState":"provisioning","hostingMode":"default","publicNetworkAccess":"Enabled","networkRuleSet":{"ipRules":[{"value":"123.4.5.6"},{"value":"123.5.6.7"},{"value":"123.6.7.8"}],"bypass":"None"},"privateEndpointConnections":[],"sharedPrivateLinkResources":[],"encryptionWithCmk":{"enforcement":"Unspecified","encryptionComplianceStatus":"Compliant"},"disableLocalAuth":false,"authOptions":{"apiKeyOnly":{}},"semanticSearch":"free"},"id":"/subscriptions/00000000-0000-0000-0000-000000000000/resourceGroups/azure_search_cli_test000001/providers/Microsoft.Search/searchServices/test000002","name":"test000002","type":"Microsoft.Search/searchServices","sku":{"name":"standard"}}'
    headers:
      cache-control:
      - no-cache
      content-length:
      - '815'
      content-type:
      - application/json; charset=utf-8
      date:
      - Fri, 04 Jul 2025 11:01:56 GMT
      elapsed-time:
      - '75'
      etag:
      - W/"datetime'2025-07-04T10%3A57%3A07.9401522Z'"
      expires:
      - '-1'
      pragma:
      - no-cache
      request-id:
      - 9bc58241-58c5-11f0-854a-644ed7a2823f
      strict-transport-security:
      - max-age=31536000; includeSubDomains
      x-cache:
      - CONFIG_NOCACHE
      x-content-type-options:
      - nosniff
      x-ms-ratelimit-remaining-subscription-global-reads:
      - '3749'
      x-msedge-ref:
      - 'Ref A: 024BED6B5F984FED84D805F224780869 Ref B: MAA201060514009 Ref C: 2025-07-04T11:01:56Z'
    status:
      code: 200
      message: OK
- request:
    body: null
    headers:
      Accept:
      - '*/*'
      Accept-Encoding:
      - gzip, deflate
      CommandName:
      - search service create
      Connection:
      - keep-alive
      ParameterSetName:
      - -n -g --sku --ip-rules
      User-Agent:
      - AZURECLI/2.75.0 azsdk-python-core/1.31.0 Python/3.10.11 (Windows-10-10.0.26100-SP0)
    method: GET
    uri: https://management.azure.com/subscriptions/00000000-0000-0000-0000-000000000000/resourceGroups/azure_search_cli_test000001/providers/Microsoft.Search/searchServices/test000002?api-version=2023-11-01
  response:
    body:
      string: '{"location":"East US 2 EUAP","tags":{},"properties":{"replicaCount":1,"partitionCount":1,"status":"provisioning","statusDetails":"","provisioningState":"provisioning","hostingMode":"default","publicNetworkAccess":"Enabled","networkRuleSet":{"ipRules":[{"value":"123.4.5.6"},{"value":"123.5.6.7"},{"value":"123.6.7.8"}],"bypass":"None"},"privateEndpointConnections":[],"sharedPrivateLinkResources":[],"encryptionWithCmk":{"enforcement":"Unspecified","encryptionComplianceStatus":"Compliant"},"disableLocalAuth":false,"authOptions":{"apiKeyOnly":{}},"semanticSearch":"free"},"id":"/subscriptions/00000000-0000-0000-0000-000000000000/resourceGroups/azure_search_cli_test000001/providers/Microsoft.Search/searchServices/test000002","name":"test000002","type":"Microsoft.Search/searchServices","sku":{"name":"standard"}}'
    headers:
      cache-control:
      - no-cache
      content-length:
      - '815'
      content-type:
      - application/json; charset=utf-8
      date:
      - Fri, 04 Jul 2025 11:02:29 GMT
      elapsed-time:
      - '86'
      etag:
      - W/"datetime'2025-07-04T10%3A57%3A07.9401522Z'"
      expires:
      - '-1'
      pragma:
      - no-cache
      request-id:
      - 9bc58241-58c5-11f0-854a-644ed7a2823f
      strict-transport-security:
      - max-age=31536000; includeSubDomains
      x-cache:
      - CONFIG_NOCACHE
      x-content-type-options:
      - nosniff
      x-ms-ratelimit-remaining-subscription-global-reads:
      - '3749'
      x-msedge-ref:
      - 'Ref A: 9FEC12D165AF4500A7CD547AD2BE67AA Ref B: MAA201060515025 Ref C: 2025-07-04T11:02:28Z'
    status:
      code: 200
      message: OK
- request:
    body: null
    headers:
      Accept:
      - '*/*'
      Accept-Encoding:
      - gzip, deflate
      CommandName:
      - search service create
      Connection:
      - keep-alive
      ParameterSetName:
      - -n -g --sku --ip-rules
      User-Agent:
      - AZURECLI/2.75.0 azsdk-python-core/1.31.0 Python/3.10.11 (Windows-10-10.0.26100-SP0)
    method: GET
    uri: https://management.azure.com/subscriptions/00000000-0000-0000-0000-000000000000/resourceGroups/azure_search_cli_test000001/providers/Microsoft.Search/searchServices/test000002?api-version=2023-11-01
  response:
    body:
      string: '{"location":"East US 2 EUAP","tags":{},"properties":{"replicaCount":1,"partitionCount":1,"status":"provisioning","statusDetails":"","provisioningState":"provisioning","hostingMode":"default","publicNetworkAccess":"Enabled","networkRuleSet":{"ipRules":[{"value":"123.4.5.6"},{"value":"123.5.6.7"},{"value":"123.6.7.8"}],"bypass":"None"},"privateEndpointConnections":[],"sharedPrivateLinkResources":[],"encryptionWithCmk":{"enforcement":"Unspecified","encryptionComplianceStatus":"Compliant"},"disableLocalAuth":false,"authOptions":{"apiKeyOnly":{}},"semanticSearch":"free"},"id":"/subscriptions/00000000-0000-0000-0000-000000000000/resourceGroups/azure_search_cli_test000001/providers/Microsoft.Search/searchServices/test000002","name":"test000002","type":"Microsoft.Search/searchServices","sku":{"name":"standard"}}'
    headers:
      cache-control:
      - no-cache
      content-length:
      - '815'
      content-type:
      - application/json; charset=utf-8
      date:
      - Fri, 04 Jul 2025 11:03:00 GMT
      elapsed-time:
      - '66'
      etag:
      - W/"datetime'2025-07-04T10%3A57%3A07.9401522Z'"
      expires:
      - '-1'
      pragma:
      - no-cache
      request-id:
      - 9bc58241-58c5-11f0-854a-644ed7a2823f
      strict-transport-security:
      - max-age=31536000; includeSubDomains
      x-cache:
      - CONFIG_NOCACHE
      x-content-type-options:
      - nosniff
      x-ms-ratelimit-remaining-subscription-global-reads:
      - '3749'
      x-msedge-ref:
      - 'Ref A: 06D635DBFE4F47558E7DD5AF555B511A Ref B: MAA201060516021 Ref C: 2025-07-04T11:02:59Z'
    status:
      code: 200
      message: OK
- request:
    body: null
    headers:
      Accept:
      - '*/*'
      Accept-Encoding:
      - gzip, deflate
      CommandName:
      - search service create
      Connection:
      - keep-alive
      ParameterSetName:
      - -n -g --sku --ip-rules
      User-Agent:
      - AZURECLI/2.75.0 azsdk-python-core/1.31.0 Python/3.10.11 (Windows-10-10.0.26100-SP0)
    method: GET
    uri: https://management.azure.com/subscriptions/00000000-0000-0000-0000-000000000000/resourceGroups/azure_search_cli_test000001/providers/Microsoft.Search/searchServices/test000002?api-version=2023-11-01
  response:
    body:
      string: '{"location":"East US 2 EUAP","tags":{},"properties":{"replicaCount":1,"partitionCount":1,"status":"provisioning","statusDetails":"","provisioningState":"provisioning","hostingMode":"default","publicNetworkAccess":"Enabled","networkRuleSet":{"ipRules":[{"value":"123.4.5.6"},{"value":"123.5.6.7"},{"value":"123.6.7.8"}],"bypass":"None"},"privateEndpointConnections":[],"sharedPrivateLinkResources":[],"encryptionWithCmk":{"enforcement":"Unspecified","encryptionComplianceStatus":"Compliant"},"disableLocalAuth":false,"authOptions":{"apiKeyOnly":{}},"semanticSearch":"free"},"id":"/subscriptions/00000000-0000-0000-0000-000000000000/resourceGroups/azure_search_cli_test000001/providers/Microsoft.Search/searchServices/test000002","name":"test000002","type":"Microsoft.Search/searchServices","sku":{"name":"standard"}}'
    headers:
      cache-control:
      - no-cache
      content-length:
      - '815'
      content-type:
      - application/json; charset=utf-8
      date:
      - Fri, 04 Jul 2025 11:03:33 GMT
      elapsed-time:
      - '89'
      etag:
      - W/"datetime'2025-07-04T10%3A57%3A07.9401522Z'"
      expires:
      - '-1'
      pragma:
      - no-cache
      request-id:
      - 9bc58241-58c5-11f0-854a-644ed7a2823f
      strict-transport-security:
      - max-age=31536000; includeSubDomains
      x-cache:
      - CONFIG_NOCACHE
      x-content-type-options:
      - nosniff
      x-ms-ratelimit-remaining-subscription-global-reads:
      - '3749'
      x-msedge-ref:
      - 'Ref A: 74F11E5C3D204FA285A95A770D2E9DC9 Ref B: MAA201060513053 Ref C: 2025-07-04T11:03:32Z'
    status:
      code: 200
      message: OK
- request:
    body: null
    headers:
      Accept:
      - '*/*'
      Accept-Encoding:
      - gzip, deflate
      CommandName:
      - search service create
      Connection:
      - keep-alive
      ParameterSetName:
      - -n -g --sku --ip-rules
      User-Agent:
      - AZURECLI/2.75.0 azsdk-python-core/1.31.0 Python/3.10.11 (Windows-10-10.0.26100-SP0)
    method: GET
    uri: https://management.azure.com/subscriptions/00000000-0000-0000-0000-000000000000/resourceGroups/azure_search_cli_test000001/providers/Microsoft.Search/searchServices/test000002?api-version=2023-11-01
  response:
    body:
      string: '{"location":"East US 2 EUAP","tags":{},"properties":{"replicaCount":1,"partitionCount":1,"status":"provisioning","statusDetails":"","provisioningState":"provisioning","hostingMode":"default","publicNetworkAccess":"Enabled","networkRuleSet":{"ipRules":[{"value":"123.4.5.6"},{"value":"123.5.6.7"},{"value":"123.6.7.8"}],"bypass":"None"},"privateEndpointConnections":[],"sharedPrivateLinkResources":[],"encryptionWithCmk":{"enforcement":"Unspecified","encryptionComplianceStatus":"Compliant"},"disableLocalAuth":false,"authOptions":{"apiKeyOnly":{}},"semanticSearch":"free"},"id":"/subscriptions/00000000-0000-0000-0000-000000000000/resourceGroups/azure_search_cli_test000001/providers/Microsoft.Search/searchServices/test000002","name":"test000002","type":"Microsoft.Search/searchServices","sku":{"name":"standard"}}'
    headers:
      cache-control:
      - no-cache
      content-length:
      - '815'
      content-type:
      - application/json; charset=utf-8
      date:
      - Fri, 04 Jul 2025 11:04:04 GMT
      elapsed-time:
      - '70'
      etag:
      - W/"datetime'2025-07-04T10%3A57%3A07.9401522Z'"
      expires:
      - '-1'
      pragma:
      - no-cache
      request-id:
      - 9bc58241-58c5-11f0-854a-644ed7a2823f
      strict-transport-security:
      - max-age=31536000; includeSubDomains
      x-cache:
      - CONFIG_NOCACHE
      x-content-type-options:
      - nosniff
      x-ms-ratelimit-remaining-subscription-global-reads:
      - '3749'
      x-msedge-ref:
      - 'Ref A: 9EEA9BAB91594177A7AFEFD8DACDD691 Ref B: MAA201060515051 Ref C: 2025-07-04T11:04:04Z'
    status:
      code: 200
      message: OK
- request:
    body: null
    headers:
      Accept:
      - '*/*'
      Accept-Encoding:
      - gzip, deflate
      CommandName:
      - search service create
      Connection:
      - keep-alive
      ParameterSetName:
      - -n -g --sku --ip-rules
      User-Agent:
      - AZURECLI/2.75.0 azsdk-python-core/1.31.0 Python/3.10.11 (Windows-10-10.0.26100-SP0)
    method: GET
    uri: https://management.azure.com/subscriptions/00000000-0000-0000-0000-000000000000/resourceGroups/azure_search_cli_test000001/providers/Microsoft.Search/searchServices/test000002?api-version=2023-11-01
  response:
    body:
      string: '{"location":"East US 2 EUAP","tags":{},"properties":{"replicaCount":1,"partitionCount":1,"status":"provisioning","statusDetails":"","provisioningState":"provisioning","hostingMode":"default","publicNetworkAccess":"Enabled","networkRuleSet":{"ipRules":[{"value":"123.4.5.6"},{"value":"123.5.6.7"},{"value":"123.6.7.8"}],"bypass":"None"},"privateEndpointConnections":[],"sharedPrivateLinkResources":[],"encryptionWithCmk":{"enforcement":"Unspecified","encryptionComplianceStatus":"Compliant"},"disableLocalAuth":false,"authOptions":{"apiKeyOnly":{}},"semanticSearch":"free"},"id":"/subscriptions/00000000-0000-0000-0000-000000000000/resourceGroups/azure_search_cli_test000001/providers/Microsoft.Search/searchServices/test000002","name":"test000002","type":"Microsoft.Search/searchServices","sku":{"name":"standard"}}'
    headers:
      cache-control:
      - no-cache
      content-length:
      - '815'
      content-type:
      - application/json; charset=utf-8
      date:
      - Fri, 04 Jul 2025 11:04:38 GMT
      elapsed-time:
      - '77'
      etag:
      - W/"datetime'2025-07-04T10%3A57%3A07.9401522Z'"
      expires:
      - '-1'
      pragma:
      - no-cache
      request-id:
      - 9bc58241-58c5-11f0-854a-644ed7a2823f
      strict-transport-security:
      - max-age=31536000; includeSubDomains
      x-cache:
      - CONFIG_NOCACHE
      x-content-type-options:
      - nosniff
      x-ms-ratelimit-remaining-subscription-global-reads:
      - '3749'
      x-msedge-ref:
      - 'Ref A: B35FCD726A8B4749A381C882AB0CB027 Ref B: MAA201060515035 Ref C: 2025-07-04T11:04:36Z'
    status:
      code: 200
      message: OK
- request:
    body: null
    headers:
      Accept:
      - '*/*'
      Accept-Encoding:
      - gzip, deflate
      CommandName:
      - search service create
      Connection:
      - keep-alive
      ParameterSetName:
      - -n -g --sku --ip-rules
      User-Agent:
      - AZURECLI/2.75.0 azsdk-python-core/1.31.0 Python/3.10.11 (Windows-10-10.0.26100-SP0)
    method: GET
    uri: https://management.azure.com/subscriptions/00000000-0000-0000-0000-000000000000/resourceGroups/azure_search_cli_test000001/providers/Microsoft.Search/searchServices/test000002?api-version=2023-11-01
  response:
    body:
      string: '{"location":"East US 2 EUAP","tags":{},"properties":{"replicaCount":1,"partitionCount":1,"status":"provisioning","statusDetails":"","provisioningState":"provisioning","hostingMode":"default","publicNetworkAccess":"Enabled","networkRuleSet":{"ipRules":[{"value":"123.4.5.6"},{"value":"123.5.6.7"},{"value":"123.6.7.8"}],"bypass":"None"},"privateEndpointConnections":[],"sharedPrivateLinkResources":[],"encryptionWithCmk":{"enforcement":"Unspecified","encryptionComplianceStatus":"Compliant"},"disableLocalAuth":false,"authOptions":{"apiKeyOnly":{}},"semanticSearch":"free"},"id":"/subscriptions/00000000-0000-0000-0000-000000000000/resourceGroups/azure_search_cli_test000001/providers/Microsoft.Search/searchServices/test000002","name":"test000002","type":"Microsoft.Search/searchServices","sku":{"name":"standard"}}'
    headers:
      cache-control:
      - no-cache
      content-length:
      - '815'
      content-type:
      - application/json; charset=utf-8
      date:
      - Fri, 04 Jul 2025 11:05:10 GMT
      elapsed-time:
      - '102'
      etag:
      - W/"datetime'2025-07-04T10%3A57%3A07.9401522Z'"
      expires:
      - '-1'
      pragma:
      - no-cache
      request-id:
      - 9bc58241-58c5-11f0-854a-644ed7a2823f
      strict-transport-security:
      - max-age=31536000; includeSubDomains
      x-cache:
      - CONFIG_NOCACHE
      x-content-type-options:
      - nosniff
      x-ms-ratelimit-remaining-subscription-global-reads:
      - '3749'
      x-msedge-ref:
      - 'Ref A: F2817F4083964F69B895CA7DC39E5819 Ref B: MAA201060515011 Ref C: 2025-07-04T11:05:09Z'
    status:
      code: 200
      message: OK
- request:
    body: null
    headers:
      Accept:
      - '*/*'
      Accept-Encoding:
      - gzip, deflate
      CommandName:
      - search service create
      Connection:
      - keep-alive
      ParameterSetName:
      - -n -g --sku --ip-rules
      User-Agent:
      - AZURECLI/2.75.0 azsdk-python-core/1.31.0 Python/3.10.11 (Windows-10-10.0.26100-SP0)
    method: GET
    uri: https://management.azure.com/subscriptions/00000000-0000-0000-0000-000000000000/resourceGroups/azure_search_cli_test000001/providers/Microsoft.Search/searchServices/test000002?api-version=2023-11-01
  response:
    body:
      string: '{"location":"East US 2 EUAP","tags":{},"properties":{"replicaCount":1,"partitionCount":1,"status":"provisioning","statusDetails":"","provisioningState":"provisioning","hostingMode":"default","publicNetworkAccess":"Enabled","networkRuleSet":{"ipRules":[{"value":"123.4.5.6"},{"value":"123.5.6.7"},{"value":"123.6.7.8"}],"bypass":"None"},"privateEndpointConnections":[],"sharedPrivateLinkResources":[],"encryptionWithCmk":{"enforcement":"Unspecified","encryptionComplianceStatus":"Compliant"},"disableLocalAuth":false,"authOptions":{"apiKeyOnly":{}},"semanticSearch":"free"},"id":"/subscriptions/00000000-0000-0000-0000-000000000000/resourceGroups/azure_search_cli_test000001/providers/Microsoft.Search/searchServices/test000002","name":"test000002","type":"Microsoft.Search/searchServices","sku":{"name":"standard"}}'
    headers:
      cache-control:
      - no-cache
      content-length:
      - '815'
      content-type:
      - application/json; charset=utf-8
      date:
      - Fri, 04 Jul 2025 11:05:43 GMT
      elapsed-time:
      - '68'
      etag:
      - W/"datetime'2025-07-04T10%3A57%3A07.9401522Z'"
      expires:
      - '-1'
      pragma:
      - no-cache
      request-id:
      - 9bc58241-58c5-11f0-854a-644ed7a2823f
      strict-transport-security:
      - max-age=31536000; includeSubDomains
      x-cache:
      - CONFIG_NOCACHE
      x-content-type-options:
      - nosniff
      x-ms-ratelimit-remaining-subscription-global-reads:
      - '3749'
      x-msedge-ref:
      - 'Ref A: BF1FFFD101514F26A6C4BFBCDAAABE32 Ref B: MAA201060514009 Ref C: 2025-07-04T11:05:43Z'
    status:
      code: 200
      message: OK
- request:
    body: null
    headers:
      Accept:
      - '*/*'
      Accept-Encoding:
      - gzip, deflate
      CommandName:
      - search service create
      Connection:
      - keep-alive
      ParameterSetName:
      - -n -g --sku --ip-rules
      User-Agent:
      - AZURECLI/2.75.0 azsdk-python-core/1.31.0 Python/3.10.11 (Windows-10-10.0.26100-SP0)
    method: GET
    uri: https://management.azure.com/subscriptions/00000000-0000-0000-0000-000000000000/resourceGroups/azure_search_cli_test000001/providers/Microsoft.Search/searchServices/test000002?api-version=2023-11-01
  response:
    body:
      string: '{"location":"East US 2 EUAP","tags":{},"properties":{"replicaCount":1,"partitionCount":1,"status":"provisioning","statusDetails":"","provisioningState":"provisioning","hostingMode":"default","publicNetworkAccess":"Enabled","networkRuleSet":{"ipRules":[{"value":"123.4.5.6"},{"value":"123.5.6.7"},{"value":"123.6.7.8"}],"bypass":"None"},"privateEndpointConnections":[],"sharedPrivateLinkResources":[],"encryptionWithCmk":{"enforcement":"Unspecified","encryptionComplianceStatus":"Compliant"},"disableLocalAuth":false,"authOptions":{"apiKeyOnly":{}},"semanticSearch":"free"},"id":"/subscriptions/00000000-0000-0000-0000-000000000000/resourceGroups/azure_search_cli_test000001/providers/Microsoft.Search/searchServices/test000002","name":"test000002","type":"Microsoft.Search/searchServices","sku":{"name":"standard"}}'
    headers:
      cache-control:
      - no-cache
      content-length:
      - '815'
      content-type:
      - application/json; charset=utf-8
      date:
      - Fri, 04 Jul 2025 11:06:16 GMT
      elapsed-time:
      - '65'
      etag:
      - W/"datetime'2025-07-04T10%3A57%3A07.9401522Z'"
      expires:
      - '-1'
      pragma:
      - no-cache
      request-id:
      - 9bc58241-58c5-11f0-854a-644ed7a2823f
      strict-transport-security:
      - max-age=31536000; includeSubDomains
      x-cache:
      - CONFIG_NOCACHE
      x-content-type-options:
      - nosniff
      x-ms-ratelimit-remaining-subscription-global-reads:
      - '3749'
      x-msedge-ref:
      - 'Ref A: B85C7A9D31F842288CF9811999534236 Ref B: MAA201060515023 Ref C: 2025-07-04T11:06:15Z'
    status:
      code: 200
      message: OK
- request:
    body: null
    headers:
      Accept:
      - '*/*'
      Accept-Encoding:
      - gzip, deflate
      CommandName:
      - search service create
      Connection:
      - keep-alive
      ParameterSetName:
      - -n -g --sku --ip-rules
      User-Agent:
      - AZURECLI/2.75.0 azsdk-python-core/1.31.0 Python/3.10.11 (Windows-10-10.0.26100-SP0)
    method: GET
    uri: https://management.azure.com/subscriptions/00000000-0000-0000-0000-000000000000/resourceGroups/azure_search_cli_test000001/providers/Microsoft.Search/searchServices/test000002?api-version=2023-11-01
  response:
    body:
      string: '{"location":"East US 2 EUAP","tags":{},"properties":{"replicaCount":1,"partitionCount":1,"status":"provisioning","statusDetails":"","provisioningState":"provisioning","hostingMode":"default","publicNetworkAccess":"Enabled","networkRuleSet":{"ipRules":[{"value":"123.4.5.6"},{"value":"123.5.6.7"},{"value":"123.6.7.8"}],"bypass":"None"},"privateEndpointConnections":[],"sharedPrivateLinkResources":[],"encryptionWithCmk":{"enforcement":"Unspecified","encryptionComplianceStatus":"Compliant"},"disableLocalAuth":false,"authOptions":{"apiKeyOnly":{}},"semanticSearch":"free"},"id":"/subscriptions/00000000-0000-0000-0000-000000000000/resourceGroups/azure_search_cli_test000001/providers/Microsoft.Search/searchServices/test000002","name":"test000002","type":"Microsoft.Search/searchServices","sku":{"name":"standard"}}'
    headers:
      cache-control:
      - no-cache
      content-length:
      - '815'
      content-type:
      - application/json; charset=utf-8
      date:
      - Fri, 04 Jul 2025 11:06:48 GMT
      elapsed-time:
      - '82'
      etag:
      - W/"datetime'2025-07-04T10%3A57%3A07.9401522Z'"
      expires:
      - '-1'
      pragma:
      - no-cache
      request-id:
      - 9bc58241-58c5-11f0-854a-644ed7a2823f
      strict-transport-security:
      - max-age=31536000; includeSubDomains
      x-cache:
      - CONFIG_NOCACHE
      x-content-type-options:
      - nosniff
      x-ms-ratelimit-remaining-subscription-global-reads:
      - '3748'
      x-msedge-ref:
      - 'Ref A: A0553FD931A24ABC8C3803A36DC3F6D5 Ref B: MAA201060516035 Ref C: 2025-07-04T11:06:46Z'
    status:
      code: 200
      message: OK
- request:
    body: null
    headers:
      Accept:
      - '*/*'
      Accept-Encoding:
      - gzip, deflate
      CommandName:
      - search service create
      Connection:
      - keep-alive
      ParameterSetName:
      - -n -g --sku --ip-rules
      User-Agent:
      - AZURECLI/2.75.0 azsdk-python-core/1.31.0 Python/3.10.11 (Windows-10-10.0.26100-SP0)
    method: GET
    uri: https://management.azure.com/subscriptions/00000000-0000-0000-0000-000000000000/resourceGroups/azure_search_cli_test000001/providers/Microsoft.Search/searchServices/test000002?api-version=2023-11-01
  response:
    body:
      string: '{"location":"East US 2 EUAP","tags":{},"properties":{"replicaCount":1,"partitionCount":1,"status":"provisioning","statusDetails":"","provisioningState":"provisioning","hostingMode":"default","publicNetworkAccess":"Enabled","networkRuleSet":{"ipRules":[{"value":"123.4.5.6"},{"value":"123.5.6.7"},{"value":"123.6.7.8"}],"bypass":"None"},"privateEndpointConnections":[],"sharedPrivateLinkResources":[],"encryptionWithCmk":{"enforcement":"Unspecified","encryptionComplianceStatus":"Compliant"},"disableLocalAuth":false,"authOptions":{"apiKeyOnly":{}},"semanticSearch":"free"},"id":"/subscriptions/00000000-0000-0000-0000-000000000000/resourceGroups/azure_search_cli_test000001/providers/Microsoft.Search/searchServices/test000002","name":"test000002","type":"Microsoft.Search/searchServices","sku":{"name":"standard"}}'
    headers:
      cache-control:
      - no-cache
      content-length:
      - '815'
      content-type:
      - application/json; charset=utf-8
      date:
      - Fri, 04 Jul 2025 11:07:19 GMT
      elapsed-time:
      - '118'
      etag:
      - W/"datetime'2025-07-04T10%3A57%3A07.9401522Z'"
      expires:
      - '-1'
      pragma:
      - no-cache
      request-id:
      - 9bc58241-58c5-11f0-854a-644ed7a2823f
      strict-transport-security:
      - max-age=31536000; includeSubDomains
      x-cache:
      - CONFIG_NOCACHE
      x-content-type-options:
      - nosniff
      x-ms-ratelimit-remaining-subscription-global-reads:
      - '3749'
      x-msedge-ref:
      - 'Ref A: 544819458FAD4521A6AE426456B191B1 Ref B: MAA201060514009 Ref C: 2025-07-04T11:07:18Z'
    status:
      code: 200
      message: OK
- request:
    body: null
    headers:
      Accept:
      - '*/*'
      Accept-Encoding:
      - gzip, deflate
      CommandName:
      - search service create
      Connection:
      - keep-alive
      ParameterSetName:
      - -n -g --sku --ip-rules
      User-Agent:
      - AZURECLI/2.75.0 azsdk-python-core/1.31.0 Python/3.10.11 (Windows-10-10.0.26100-SP0)
    method: GET
    uri: https://management.azure.com/subscriptions/00000000-0000-0000-0000-000000000000/resourceGroups/azure_search_cli_test000001/providers/Microsoft.Search/searchServices/test000002?api-version=2023-11-01
  response:
    body:
      string: '{"location":"East US 2 EUAP","tags":{},"properties":{"replicaCount":1,"partitionCount":1,"status":"provisioning","statusDetails":"","provisioningState":"provisioning","hostingMode":"default","publicNetworkAccess":"Enabled","networkRuleSet":{"ipRules":[{"value":"123.4.5.6"},{"value":"123.5.6.7"},{"value":"123.6.7.8"}],"bypass":"None"},"privateEndpointConnections":[],"sharedPrivateLinkResources":[],"encryptionWithCmk":{"enforcement":"Unspecified","encryptionComplianceStatus":"Compliant"},"disableLocalAuth":false,"authOptions":{"apiKeyOnly":{}},"semanticSearch":"free"},"id":"/subscriptions/00000000-0000-0000-0000-000000000000/resourceGroups/azure_search_cli_test000001/providers/Microsoft.Search/searchServices/test000002","name":"test000002","type":"Microsoft.Search/searchServices","sku":{"name":"standard"}}'
    headers:
      cache-control:
      - no-cache
      content-length:
      - '815'
      content-type:
      - application/json; charset=utf-8
      date:
      - Fri, 04 Jul 2025 11:07:52 GMT
      elapsed-time:
      - '76'
      etag:
      - W/"datetime'2025-07-04T10%3A57%3A07.9401522Z'"
      expires:
      - '-1'
      pragma:
      - no-cache
      request-id:
      - 9bc58241-58c5-11f0-854a-644ed7a2823f
      strict-transport-security:
      - max-age=31536000; includeSubDomains
      x-cache:
      - CONFIG_NOCACHE
      x-content-type-options:
      - nosniff
      x-ms-ratelimit-remaining-subscription-global-reads:
      - '3748'
      x-msedge-ref:
      - 'Ref A: B9A30DE3E65A4225B4DB72B62D9AEAEE Ref B: MAA201060515027 Ref C: 2025-07-04T11:07:51Z'
    status:
      code: 200
      message: OK
- request:
    body: null
    headers:
      Accept:
      - '*/*'
      Accept-Encoding:
      - gzip, deflate
      CommandName:
      - search service create
      Connection:
      - keep-alive
      ParameterSetName:
      - -n -g --sku --ip-rules
      User-Agent:
      - AZURECLI/2.75.0 azsdk-python-core/1.31.0 Python/3.10.11 (Windows-10-10.0.26100-SP0)
    method: GET
    uri: https://management.azure.com/subscriptions/00000000-0000-0000-0000-000000000000/resourceGroups/azure_search_cli_test000001/providers/Microsoft.Search/searchServices/test000002?api-version=2023-11-01
  response:
    body:
      string: '{"location":"East US 2 EUAP","tags":{},"properties":{"replicaCount":1,"partitionCount":1,"status":"provisioning","statusDetails":"","provisioningState":"provisioning","hostingMode":"default","publicNetworkAccess":"Enabled","networkRuleSet":{"ipRules":[{"value":"123.4.5.6"},{"value":"123.5.6.7"},{"value":"123.6.7.8"}],"bypass":"None"},"privateEndpointConnections":[],"sharedPrivateLinkResources":[],"encryptionWithCmk":{"enforcement":"Unspecified","encryptionComplianceStatus":"Compliant"},"disableLocalAuth":false,"authOptions":{"apiKeyOnly":{}},"semanticSearch":"free"},"id":"/subscriptions/00000000-0000-0000-0000-000000000000/resourceGroups/azure_search_cli_test000001/providers/Microsoft.Search/searchServices/test000002","name":"test000002","type":"Microsoft.Search/searchServices","sku":{"name":"standard"}}'
    headers:
      cache-control:
      - no-cache
      content-length:
      - '815'
      content-type:
      - application/json; charset=utf-8
      date:
      - Fri, 04 Jul 2025 11:08:24 GMT
      elapsed-time:
      - '66'
      etag:
      - W/"datetime'2025-07-04T10%3A57%3A07.9401522Z'"
      expires:
      - '-1'
      pragma:
      - no-cache
      request-id:
      - 9bc58241-58c5-11f0-854a-644ed7a2823f
      strict-transport-security:
      - max-age=31536000; includeSubDomains
      x-cache:
      - CONFIG_NOCACHE
      x-content-type-options:
      - nosniff
      x-ms-ratelimit-remaining-subscription-global-reads:
      - '3748'
      x-msedge-ref:
      - 'Ref A: FCBE9F2F4814490A81335190B7C92218 Ref B: MAA201060514045 Ref C: 2025-07-04T11:08:23Z'
    status:
      code: 200
      message: OK
- request:
    body: null
    headers:
      Accept:
      - '*/*'
      Accept-Encoding:
      - gzip, deflate
      CommandName:
      - search service create
      Connection:
      - keep-alive
      ParameterSetName:
      - -n -g --sku --ip-rules
      User-Agent:
      - AZURECLI/2.75.0 azsdk-python-core/1.31.0 Python/3.10.11 (Windows-10-10.0.26100-SP0)
    method: GET
    uri: https://management.azure.com/subscriptions/00000000-0000-0000-0000-000000000000/resourceGroups/azure_search_cli_test000001/providers/Microsoft.Search/searchServices/test000002?api-version=2023-11-01
  response:
    body:
      string: '{"location":"East US 2 EUAP","tags":{},"properties":{"replicaCount":1,"partitionCount":1,"status":"provisioning","statusDetails":"","provisioningState":"provisioning","hostingMode":"default","publicNetworkAccess":"Enabled","networkRuleSet":{"ipRules":[{"value":"123.4.5.6"},{"value":"123.5.6.7"},{"value":"123.6.7.8"}],"bypass":"None"},"privateEndpointConnections":[],"sharedPrivateLinkResources":[],"encryptionWithCmk":{"enforcement":"Unspecified","encryptionComplianceStatus":"Compliant"},"disableLocalAuth":false,"authOptions":{"apiKeyOnly":{}},"semanticSearch":"free"},"id":"/subscriptions/00000000-0000-0000-0000-000000000000/resourceGroups/azure_search_cli_test000001/providers/Microsoft.Search/searchServices/test000002","name":"test000002","type":"Microsoft.Search/searchServices","sku":{"name":"standard"}}'
    headers:
      cache-control:
      - no-cache
      content-length:
      - '815'
      content-type:
      - application/json; charset=utf-8
      date:
      - Fri, 04 Jul 2025 11:08:56 GMT
      elapsed-time:
      - '70'
      etag:
      - W/"datetime'2025-07-04T10%3A57%3A07.9401522Z'"
      expires:
      - '-1'
      pragma:
      - no-cache
      request-id:
      - 9bc58241-58c5-11f0-854a-644ed7a2823f
      strict-transport-security:
      - max-age=31536000; includeSubDomains
      x-cache:
      - CONFIG_NOCACHE
      x-content-type-options:
      - nosniff
      x-ms-ratelimit-remaining-subscription-global-reads:
      - '3749'
      x-msedge-ref:
      - 'Ref A: A04EF7A733414849843ABEB500E8779D Ref B: MAA201060514051 Ref C: 2025-07-04T11:08:54Z'
    status:
      code: 200
      message: OK
- request:
    body: null
    headers:
      Accept:
      - '*/*'
      Accept-Encoding:
      - gzip, deflate
      CommandName:
      - search service create
      Connection:
      - keep-alive
      ParameterSetName:
      - -n -g --sku --ip-rules
      User-Agent:
      - AZURECLI/2.75.0 azsdk-python-core/1.31.0 Python/3.10.11 (Windows-10-10.0.26100-SP0)
    method: GET
    uri: https://management.azure.com/subscriptions/00000000-0000-0000-0000-000000000000/resourceGroups/azure_search_cli_test000001/providers/Microsoft.Search/searchServices/test000002?api-version=2023-11-01
  response:
    body:
      string: '{"location":"East US 2 EUAP","tags":{},"properties":{"replicaCount":1,"partitionCount":1,"status":"provisioning","statusDetails":"","provisioningState":"provisioning","hostingMode":"default","publicNetworkAccess":"Enabled","networkRuleSet":{"ipRules":[{"value":"123.4.5.6"},{"value":"123.5.6.7"},{"value":"123.6.7.8"}],"bypass":"None"},"privateEndpointConnections":[],"sharedPrivateLinkResources":[],"encryptionWithCmk":{"enforcement":"Unspecified","encryptionComplianceStatus":"Compliant"},"disableLocalAuth":false,"authOptions":{"apiKeyOnly":{}},"semanticSearch":"free"},"id":"/subscriptions/00000000-0000-0000-0000-000000000000/resourceGroups/azure_search_cli_test000001/providers/Microsoft.Search/searchServices/test000002","name":"test000002","type":"Microsoft.Search/searchServices","sku":{"name":"standard"}}'
    headers:
      cache-control:
      - no-cache
      content-length:
      - '815'
      content-type:
      - application/json; charset=utf-8
      date:
      - Fri, 04 Jul 2025 11:09:38 GMT
      elapsed-time:
      - '117'
      etag:
      - W/"datetime'2025-07-04T10%3A57%3A07.9401522Z'"
      expires:
      - '-1'
      pragma:
      - no-cache
      request-id:
      - 9bc58241-58c5-11f0-854a-644ed7a2823f
      strict-transport-security:
      - max-age=31536000; includeSubDomains
      x-cache:
      - CONFIG_NOCACHE
      x-content-type-options:
      - nosniff
      x-ms-ratelimit-remaining-subscription-global-reads:
      - '3749'
      x-msedge-ref:
      - 'Ref A: BF60273F75E2414F844134CEF4D9BBFF Ref B: MAA201060514023 Ref C: 2025-07-04T11:09:37Z'
    status:
      code: 200
      message: OK
- request:
    body: null
    headers:
      Accept:
      - '*/*'
      Accept-Encoding:
      - gzip, deflate
      CommandName:
      - search service create
      Connection:
      - keep-alive
      ParameterSetName:
      - -n -g --sku --ip-rules
      User-Agent:
      - AZURECLI/2.75.0 azsdk-python-core/1.31.0 Python/3.10.11 (Windows-10-10.0.26100-SP0)
    method: GET
    uri: https://management.azure.com/subscriptions/00000000-0000-0000-0000-000000000000/resourceGroups/azure_search_cli_test000001/providers/Microsoft.Search/searchServices/test000002?api-version=2023-11-01
  response:
    body:
      string: '{"location":"East US 2 EUAP","tags":{},"properties":{"replicaCount":1,"partitionCount":1,"status":"provisioning","statusDetails":"","provisioningState":"provisioning","hostingMode":"default","publicNetworkAccess":"Enabled","networkRuleSet":{"ipRules":[{"value":"123.4.5.6"},{"value":"123.5.6.7"},{"value":"123.6.7.8"}],"bypass":"None"},"privateEndpointConnections":[],"sharedPrivateLinkResources":[],"encryptionWithCmk":{"enforcement":"Unspecified","encryptionComplianceStatus":"Compliant"},"disableLocalAuth":false,"authOptions":{"apiKeyOnly":{}},"semanticSearch":"free"},"id":"/subscriptions/00000000-0000-0000-0000-000000000000/resourceGroups/azure_search_cli_test000001/providers/Microsoft.Search/searchServices/test000002","name":"test000002","type":"Microsoft.Search/searchServices","sku":{"name":"standard"}}'
    headers:
      cache-control:
      - no-cache
      content-length:
      - '815'
      content-type:
      - application/json; charset=utf-8
      date:
      - Fri, 04 Jul 2025 11:10:10 GMT
      elapsed-time:
      - '83'
      etag:
      - W/"datetime'2025-07-04T10%3A57%3A07.9401522Z'"
      expires:
      - '-1'
      pragma:
      - no-cache
      request-id:
      - 9bc58241-58c5-11f0-854a-644ed7a2823f
      strict-transport-security:
      - max-age=31536000; includeSubDomains
      x-cache:
      - CONFIG_NOCACHE
      x-content-type-options:
      - nosniff
      x-ms-ratelimit-remaining-subscription-global-reads:
      - '3749'
      x-msedge-ref:
      - 'Ref A: FBAD045D704648F5AD58EBA18D99D6BC Ref B: MAA201060516029 Ref C: 2025-07-04T11:10:09Z'
    status:
      code: 200
      message: OK
- request:
    body: null
    headers:
      Accept:
      - '*/*'
      Accept-Encoding:
      - gzip, deflate
      CommandName:
      - search service create
      Connection:
      - keep-alive
      ParameterSetName:
      - -n -g --sku --ip-rules
      User-Agent:
      - AZURECLI/2.75.0 azsdk-python-core/1.31.0 Python/3.10.11 (Windows-10-10.0.26100-SP0)
    method: GET
    uri: https://management.azure.com/subscriptions/00000000-0000-0000-0000-000000000000/resourceGroups/azure_search_cli_test000001/providers/Microsoft.Search/searchServices/test000002?api-version=2023-11-01
  response:
    body:
      string: '{"location":"East US 2 EUAP","tags":{},"properties":{"replicaCount":1,"partitionCount":1,"status":"provisioning","statusDetails":"","provisioningState":"provisioning","hostingMode":"default","publicNetworkAccess":"Enabled","networkRuleSet":{"ipRules":[{"value":"123.4.5.6"},{"value":"123.5.6.7"},{"value":"123.6.7.8"}],"bypass":"None"},"privateEndpointConnections":[],"sharedPrivateLinkResources":[],"encryptionWithCmk":{"enforcement":"Unspecified","encryptionComplianceStatus":"Compliant"},"disableLocalAuth":false,"authOptions":{"apiKeyOnly":{}},"semanticSearch":"free"},"id":"/subscriptions/00000000-0000-0000-0000-000000000000/resourceGroups/azure_search_cli_test000001/providers/Microsoft.Search/searchServices/test000002","name":"test000002","type":"Microsoft.Search/searchServices","sku":{"name":"standard"}}'
    headers:
      cache-control:
      - no-cache
      content-length:
      - '815'
      content-type:
      - application/json; charset=utf-8
      date:
      - Fri, 04 Jul 2025 11:10:42 GMT
      elapsed-time:
      - '69'
      etag:
      - W/"datetime'2025-07-04T10%3A57%3A07.9401522Z'"
      expires:
      - '-1'
      pragma:
      - no-cache
      request-id:
      - 9bc58241-58c5-11f0-854a-644ed7a2823f
      strict-transport-security:
      - max-age=31536000; includeSubDomains
      x-cache:
      - CONFIG_NOCACHE
      x-content-type-options:
      - nosniff
      x-ms-ratelimit-remaining-subscription-global-reads:
      - '3749'
      x-msedge-ref:
      - 'Ref A: 987EB4C67BBE486A9C560D383BC41BC6 Ref B: MAA201060515029 Ref C: 2025-07-04T11:10:41Z'
    status:
      code: 200
      message: OK
- request:
    body: null
    headers:
      Accept:
      - '*/*'
      Accept-Encoding:
      - gzip, deflate
      CommandName:
      - search service create
      Connection:
      - keep-alive
      ParameterSetName:
      - -n -g --sku --ip-rules
      User-Agent:
      - AZURECLI/2.75.0 azsdk-python-core/1.31.0 Python/3.10.11 (Windows-10-10.0.26100-SP0)
    method: GET
    uri: https://management.azure.com/subscriptions/00000000-0000-0000-0000-000000000000/resourceGroups/azure_search_cli_test000001/providers/Microsoft.Search/searchServices/test000002?api-version=2023-11-01
  response:
    body:
      string: '{"location":"East US 2 EUAP","tags":{},"properties":{"replicaCount":1,"partitionCount":1,"status":"provisioning","statusDetails":"","provisioningState":"provisioning","hostingMode":"default","publicNetworkAccess":"Enabled","networkRuleSet":{"ipRules":[{"value":"123.4.5.6"},{"value":"123.5.6.7"},{"value":"123.6.7.8"}],"bypass":"None"},"privateEndpointConnections":[],"sharedPrivateLinkResources":[],"encryptionWithCmk":{"enforcement":"Unspecified","encryptionComplianceStatus":"Compliant"},"disableLocalAuth":false,"authOptions":{"apiKeyOnly":{}},"semanticSearch":"free"},"id":"/subscriptions/00000000-0000-0000-0000-000000000000/resourceGroups/azure_search_cli_test000001/providers/Microsoft.Search/searchServices/test000002","name":"test000002","type":"Microsoft.Search/searchServices","sku":{"name":"standard"}}'
    headers:
      cache-control:
      - no-cache
      content-length:
      - '815'
      content-type:
      - application/json; charset=utf-8
      date:
      - Fri, 04 Jul 2025 11:11:14 GMT
      elapsed-time:
      - '68'
      etag:
      - W/"datetime'2025-07-04T10%3A57%3A07.9401522Z'"
      expires:
      - '-1'
      pragma:
      - no-cache
      request-id:
      - 9bc58241-58c5-11f0-854a-644ed7a2823f
      strict-transport-security:
      - max-age=31536000; includeSubDomains
      x-cache:
      - CONFIG_NOCACHE
      x-content-type-options:
      - nosniff
      x-ms-ratelimit-remaining-subscription-global-reads:
      - '3749'
      x-msedge-ref:
      - 'Ref A: EC5E8F76558745978060CB10963888FF Ref B: MAA201060513051 Ref C: 2025-07-04T11:11:14Z'
    status:
      code: 200
      message: OK
- request:
    body: null
    headers:
      Accept:
      - '*/*'
      Accept-Encoding:
      - gzip, deflate
      CommandName:
      - search service create
      Connection:
      - keep-alive
      ParameterSetName:
      - -n -g --sku --ip-rules
      User-Agent:
      - AZURECLI/2.75.0 azsdk-python-core/1.31.0 Python/3.10.11 (Windows-10-10.0.26100-SP0)
    method: GET
    uri: https://management.azure.com/subscriptions/00000000-0000-0000-0000-000000000000/resourceGroups/azure_search_cli_test000001/providers/Microsoft.Search/searchServices/test000002?api-version=2023-11-01
  response:
    body:
      string: '{"location":"East US 2 EUAP","tags":{},"properties":{"replicaCount":1,"partitionCount":1,"status":"provisioning","statusDetails":"","provisioningState":"provisioning","hostingMode":"default","publicNetworkAccess":"Enabled","networkRuleSet":{"ipRules":[{"value":"123.4.5.6"},{"value":"123.5.6.7"},{"value":"123.6.7.8"}],"bypass":"None"},"privateEndpointConnections":[],"sharedPrivateLinkResources":[],"encryptionWithCmk":{"enforcement":"Unspecified","encryptionComplianceStatus":"Compliant"},"disableLocalAuth":false,"authOptions":{"apiKeyOnly":{}},"semanticSearch":"free"},"id":"/subscriptions/00000000-0000-0000-0000-000000000000/resourceGroups/azure_search_cli_test000001/providers/Microsoft.Search/searchServices/test000002","name":"test000002","type":"Microsoft.Search/searchServices","sku":{"name":"standard"}}'
    headers:
      cache-control:
      - no-cache
      content-length:
      - '815'
      content-type:
      - application/json; charset=utf-8
      date:
      - Fri, 04 Jul 2025 11:11:47 GMT
      elapsed-time:
      - '123'
      etag:
      - W/"datetime'2025-07-04T10%3A57%3A07.9401522Z'"
      expires:
      - '-1'
      pragma:
      - no-cache
      request-id:
      - 9bc58241-58c5-11f0-854a-644ed7a2823f
      strict-transport-security:
      - max-age=31536000; includeSubDomains
      x-cache:
      - CONFIG_NOCACHE
      x-content-type-options:
      - nosniff
      x-ms-ratelimit-remaining-subscription-global-reads:
      - '3749'
      x-msedge-ref:
      - 'Ref A: 488475B498EC44BABABFF970738FD245 Ref B: MAA201060514051 Ref C: 2025-07-04T11:11:46Z'
    status:
      code: 200
      message: OK
- request:
    body: null
    headers:
      Accept:
      - '*/*'
      Accept-Encoding:
      - gzip, deflate
      CommandName:
      - search service create
      Connection:
      - keep-alive
      ParameterSetName:
      - -n -g --sku --ip-rules
      User-Agent:
      - AZURECLI/2.75.0 azsdk-python-core/1.31.0 Python/3.10.11 (Windows-10-10.0.26100-SP0)
    method: GET
    uri: https://management.azure.com/subscriptions/00000000-0000-0000-0000-000000000000/resourceGroups/azure_search_cli_test000001/providers/Microsoft.Search/searchServices/test000002?api-version=2023-11-01
  response:
    body:
      string: '{"location":"East US 2 EUAP","tags":{},"properties":{"replicaCount":1,"partitionCount":1,"status":"running","statusDetails":"","provisioningState":"succeeded","hostingMode":"default","publicNetworkAccess":"Enabled","networkRuleSet":{"ipRules":[{"value":"123.4.5.6"},{"value":"123.5.6.7"},{"value":"123.6.7.8"}],"bypass":"None"},"privateEndpointConnections":[],"sharedPrivateLinkResources":[],"encryptionWithCmk":{"enforcement":"Unspecified","encryptionComplianceStatus":"Compliant"},"disableLocalAuth":false,"authOptions":{"apiKeyOnly":{}},"semanticSearch":"free"},"id":"/subscriptions/00000000-0000-0000-0000-000000000000/resourceGroups/azure_search_cli_test000001/providers/Microsoft.Search/searchServices/test000002","name":"test000002","type":"Microsoft.Search/searchServices","sku":{"name":"standard"}}'
    headers:
      cache-control:
      - no-cache
      content-length:
      - '807'
      content-type:
      - application/json; charset=utf-8
      date:
      - Fri, 04 Jul 2025 11:12:18 GMT
      elapsed-time:
      - '86'
      etag:
      - W/"datetime'2025-07-04T10%3A57%3A07.9401522Z'"
      expires:
      - '-1'
      pragma:
      - no-cache
      request-id:
      - 9bc58241-58c5-11f0-854a-644ed7a2823f
      strict-transport-security:
      - max-age=31536000; includeSubDomains
      x-cache:
      - CONFIG_NOCACHE
      x-content-type-options:
      - nosniff
      x-ms-ratelimit-remaining-subscription-global-reads:
      - '3749'
      x-msedge-ref:
      - 'Ref A: 78F0346E05B94F928D2C0A651ACD857D Ref B: MAA201060516025 Ref C: 2025-07-04T11:12:18Z'
    status:
      code: 200
      message: OK
version: 1
