interactions:
- request:
    body: null
    headers:
      Accept:
      - application/json
      Accept-Encoding:
      - gzip, deflate
      CommandName:
      - search service create
      Connection:
      - keep-alive
      ParameterSetName:
      - -n -g --sku --public-access
      User-Agent:
      - AZURECLI/2.53.0 azsdk-python-azure-mgmt-resource/23.1.0b2 Python/3.10.11 (Windows-10-10.0.22621-SP0)
    method: GET
    uri: https://eastus2euap.management.azure.com/subscriptions/00000000-0000-0000-0000-000000000000/resourcegroups/azure_search_cli_test000001?api-version=2022-09-01
  response:
    body:
      string: '{"id":"/subscriptions/00000000-0000-0000-0000-000000000000/resourceGroups/azure_search_cli_test000001","name":"azure_search_cli_test000001","type":"Microsoft.Resources/resourceGroups","location":"eastus2euap","tags":{"product":"azurecli","cause":"automation","test":"test_service_update_private_endpoint","date":"2023-10-18T23:27:22Z","module":"search"},"properties":{"provisioningState":"Succeeded"}}'
    headers:
      cache-control:
      - no-cache
      content-length:
      - '401'
      content-type:
      - application/json; charset=utf-8
      date:
      - Wed, 18 Oct 2023 23:27:22 GMT
      expires:
      - '-1'
      pragma:
      - no-cache
      strict-transport-security:
      - max-age=31536000; includeSubDomains
      x-cache:
      - CONFIG_NOCACHE
      x-content-type-options:
      - nosniff
      x-msedge-ref:
      - 'Ref A: A5354249432842078B3412BCE66543FD Ref B: CO6AA3150218039 Ref C: 2023-10-18T23:27:23Z'
    status:
      code: 200
      message: OK
- request:
    body: '{"location": "eastus2euap", "properties": {"hostingMode": "default", "partitionCount":
      1, "publicNetworkAccess": "disabled", "replicaCount": 1}, "sku": {"name": "basic"}}'
    headers:
      Accept:
      - application/json
      Accept-Encoding:
      - gzip, deflate
      CommandName:
      - search service create
      Connection:
      - keep-alive
      Content-Length:
      - '170'
      Content-Type:
      - application/json
      ParameterSetName:
      - -n -g --sku --public-access
      User-Agent:
      - AZURECLI/2.53.0 (AAZ) azsdk-python-core/1.26.0 Python/3.10.11 (Windows-10-10.0.22621-SP0)
    method: PUT
    uri: https://eastus2euap.management.azure.com/subscriptions/00000000-0000-0000-0000-000000000000/resourceGroups/azure_search_cli_test000001/providers/Microsoft.Search/searchServices/test000002?api-version=2023-11-01
  response:
    body:
      string: '{"id":"/subscriptions/00000000-0000-0000-0000-000000000000/resourceGroups/azure_search_cli_test000001/providers/Microsoft.Search/searchServices/test000002","name":"test000002","type":"Microsoft.Search/searchServices","location":"East
        US 2 EUAP","properties":{"replicaCount":1,"partitionCount":1,"status":"provisioning","statusDetails":"","provisioningState":"provisioning","hostingMode":"default","publicNetworkAccess":"Disabled","networkRuleSet":{"ipRules":[],"bypass":"None"},"privateEndpointConnections":[],"sharedPrivateLinkResources":[],"encryptionWithCmk":{"enforcement":"Unspecified","encryptionComplianceStatus":"Compliant"},"disableLocalAuth":false,"authOptions":{"apiKeyOnly":{}},"semanticSearch":"free"},"sku":{"name":"basic"}}'
    headers:
      cache-control:
      - no-cache
      content-length:
      - '738'
      content-type:
      - application/json; charset=utf-8
      date:
      - Wed, 18 Oct 2023 23:27:28 GMT
      elapsed-time:
      - '5262'
      etag:
      - W/"datetime'2023-10-18T23%3A27%3A29.0162446Z'"
      expires:
      - '-1'
      pragma:
      - no-cache
      request-id:
      - e405e8b8-6e0d-11ee-8cd2-000d3aff5613
      strict-transport-security:
      - max-age=31536000; includeSubDomains
      x-cache:
      - CONFIG_NOCACHE
      x-content-type-options:
      - nosniff
      x-ms-operation-identifier:
      - tenantId=72f988bf-86f1-41af-91ab-2d7cd011db47,objectId=44e5f686-35a1-4e2c-9ff3-7b6adafcd3c3/eastus2euap/025e4149-dba9-49b1-838e-bc6703e91a0f
      x-ms-ratelimit-remaining-subscription-writes:
      - '1199'
      x-msedge-ref:
      - 'Ref A: 104651480E7B4F1DA9047707708AEB38 Ref B: CO6AA3150217025 Ref C: 2023-10-18T23:27:23Z'
    status:
      code: 201
      message: Created
- request:
    body: null
    headers:
      Accept:
      - '*/*'
      Accept-Encoding:
      - gzip, deflate
      CommandName:
      - search service create
      Connection:
      - keep-alive
      ParameterSetName:
      - -n -g --sku --public-access
      User-Agent:
      - AZURECLI/2.53.0 (AAZ) azsdk-python-core/1.26.0 Python/3.10.11 (Windows-10-10.0.22621-SP0)
    method: GET
    uri: https://eastus2euap.management.azure.com/subscriptions/00000000-0000-0000-0000-000000000000/resourceGroups/azure_search_cli_test000001/providers/Microsoft.Search/searchServices/test000002?api-version=2023-11-01
  response:
    body:
      string: '{"id":"/subscriptions/00000000-0000-0000-0000-000000000000/resourceGroups/azure_search_cli_test000001/providers/Microsoft.Search/searchServices/test000002","name":"test000002","type":"Microsoft.Search/searchServices","location":"East
        US 2 EUAP","properties":{"replicaCount":1,"partitionCount":1,"status":"provisioning","statusDetails":"","provisioningState":"provisioning","hostingMode":"default","publicNetworkAccess":"Disabled","networkRuleSet":{"ipRules":[],"bypass":"None"},"privateEndpointConnections":[],"sharedPrivateLinkResources":[],"encryptionWithCmk":{"enforcement":"Unspecified","encryptionComplianceStatus":"Compliant"},"disableLocalAuth":false,"authOptions":{"apiKeyOnly":{}},"semanticSearch":"free"},"sku":{"name":"basic"}}'
    headers:
      cache-control:
      - no-cache
      content-length:
      - '738'
      content-type:
      - application/json; charset=utf-8
      date:
      - Wed, 18 Oct 2023 23:27:29 GMT
      elapsed-time:
      - '232'
      etag:
      - W/"datetime'2023-10-18T23%3A27%3A29.0162446Z'"
      expires:
      - '-1'
      pragma:
      - no-cache
      request-id:
      - e405e8b8-6e0d-11ee-8cd2-000d3aff5613
      strict-transport-security:
      - max-age=31536000; includeSubDomains
      x-cache:
      - CONFIG_NOCACHE
      x-content-type-options:
      - nosniff
      x-msedge-ref:
      - 'Ref A: 768C74557A2A46728F4EEC8C21B2E4FE Ref B: CO6AA3150217025 Ref C: 2023-10-18T23:27:29Z'
    status:
      code: 200
      message: OK
- request:
    body: null
    headers:
      Accept:
      - '*/*'
      Accept-Encoding:
      - gzip, deflate
      CommandName:
      - search service create
      Connection:
      - keep-alive
      ParameterSetName:
      - -n -g --sku --public-access
      User-Agent:
      - AZURECLI/2.53.0 (AAZ) azsdk-python-core/1.26.0 Python/3.10.11 (Windows-10-10.0.22621-SP0)
    method: GET
    uri: https://eastus2euap.management.azure.com/subscriptions/00000000-0000-0000-0000-000000000000/resourceGroups/azure_search_cli_test000001/providers/Microsoft.Search/searchServices/test000002?api-version=2023-11-01
  response:
    body:
      string: '{"id":"/subscriptions/00000000-0000-0000-0000-000000000000/resourceGroups/azure_search_cli_test000001/providers/Microsoft.Search/searchServices/test000002","name":"test000002","type":"Microsoft.Search/searchServices","location":"East
        US 2 EUAP","properties":{"replicaCount":1,"partitionCount":1,"status":"provisioning","statusDetails":"","provisioningState":"provisioning","hostingMode":"default","publicNetworkAccess":"Disabled","networkRuleSet":{"ipRules":[],"bypass":"None"},"privateEndpointConnections":[],"sharedPrivateLinkResources":[],"encryptionWithCmk":{"enforcement":"Unspecified","encryptionComplianceStatus":"Compliant"},"disableLocalAuth":false,"authOptions":{"apiKeyOnly":{}},"semanticSearch":"free"},"sku":{"name":"basic"}}'
    headers:
      cache-control:
      - no-cache
      content-length:
      - '738'
      content-type:
      - application/json; charset=utf-8
      date:
      - Wed, 18 Oct 2023 23:27:59 GMT
      elapsed-time:
      - '176'
      etag:
      - W/"datetime'2023-10-18T23%3A27%3A29.0162446Z'"
      expires:
      - '-1'
      pragma:
      - no-cache
      request-id:
      - e405e8b8-6e0d-11ee-8cd2-000d3aff5613
      strict-transport-security:
      - max-age=31536000; includeSubDomains
      x-cache:
      - CONFIG_NOCACHE
      x-content-type-options:
      - nosniff
      x-msedge-ref:
      - 'Ref A: 51A80777ABC04359B149FE1010E614CE Ref B: CO6AA3150217025 Ref C: 2023-10-18T23:27:59Z'
    status:
      code: 200
      message: OK
- request:
    body: null
    headers:
      Accept:
      - '*/*'
      Accept-Encoding:
      - gzip, deflate
      CommandName:
      - search service create
      Connection:
      - keep-alive
      ParameterSetName:
      - -n -g --sku --public-access
      User-Agent:
      - AZURECLI/2.53.0 (AAZ) azsdk-python-core/1.26.0 Python/3.10.11 (Windows-10-10.0.22621-SP0)
    method: GET
    uri: https://eastus2euap.management.azure.com/subscriptions/00000000-0000-0000-0000-000000000000/resourceGroups/azure_search_cli_test000001/providers/Microsoft.Search/searchServices/test000002?api-version=2023-11-01
  response:
    body:
      string: '{"id":"/subscriptions/00000000-0000-0000-0000-000000000000/resourceGroups/azure_search_cli_test000001/providers/Microsoft.Search/searchServices/test000002","name":"test000002","type":"Microsoft.Search/searchServices","location":"East
        US 2 EUAP","properties":{"replicaCount":1,"partitionCount":1,"status":"provisioning","statusDetails":"","provisioningState":"provisioning","hostingMode":"default","publicNetworkAccess":"Disabled","networkRuleSet":{"ipRules":[],"bypass":"None"},"privateEndpointConnections":[],"sharedPrivateLinkResources":[],"encryptionWithCmk":{"enforcement":"Unspecified","encryptionComplianceStatus":"Compliant"},"disableLocalAuth":false,"authOptions":{"apiKeyOnly":{}},"semanticSearch":"free"},"sku":{"name":"basic"}}'
    headers:
      cache-control:
      - no-cache
      content-length:
      - '738'
      content-type:
      - application/json; charset=utf-8
      date:
      - Wed, 18 Oct 2023 23:28:29 GMT
      elapsed-time:
      - '255'
      etag:
      - W/"datetime'2023-10-18T23%3A27%3A29.0162446Z'"
      expires:
      - '-1'
      pragma:
      - no-cache
      request-id:
      - e405e8b8-6e0d-11ee-8cd2-000d3aff5613
      strict-transport-security:
      - max-age=31536000; includeSubDomains
      x-cache:
      - CONFIG_NOCACHE
      x-content-type-options:
      - nosniff
      x-msedge-ref:
      - 'Ref A: E7D0E917114E4418B3373BF3D8D72AE8 Ref B: CO6AA3150217025 Ref C: 2023-10-18T23:28:30Z'
    status:
      code: 200
      message: OK
- request:
    body: null
    headers:
      Accept:
      - '*/*'
      Accept-Encoding:
      - gzip, deflate
      CommandName:
      - search service create
      Connection:
      - keep-alive
      ParameterSetName:
      - -n -g --sku --public-access
      User-Agent:
      - AZURECLI/2.53.0 (AAZ) azsdk-python-core/1.26.0 Python/3.10.11 (Windows-10-10.0.22621-SP0)
    method: GET
    uri: https://eastus2euap.management.azure.com/subscriptions/00000000-0000-0000-0000-000000000000/resourceGroups/azure_search_cli_test000001/providers/Microsoft.Search/searchServices/test000002?api-version=2023-11-01
  response:
    body:
      string: '{"id":"/subscriptions/00000000-0000-0000-0000-000000000000/resourceGroups/azure_search_cli_test000001/providers/Microsoft.Search/searchServices/test000002","name":"test000002","type":"Microsoft.Search/searchServices","location":"East
        US 2 EUAP","properties":{"replicaCount":1,"partitionCount":1,"status":"provisioning","statusDetails":"","provisioningState":"provisioning","hostingMode":"default","publicNetworkAccess":"Disabled","networkRuleSet":{"ipRules":[],"bypass":"None"},"privateEndpointConnections":[],"sharedPrivateLinkResources":[],"encryptionWithCmk":{"enforcement":"Unspecified","encryptionComplianceStatus":"Compliant"},"disableLocalAuth":false,"authOptions":{"apiKeyOnly":{}},"semanticSearch":"free"},"sku":{"name":"basic"}}'
    headers:
      cache-control:
      - no-cache
      content-length:
      - '738'
      content-type:
      - application/json; charset=utf-8
      date:
      - Wed, 18 Oct 2023 23:29:00 GMT
      elapsed-time:
      - '297'
      etag:
      - W/"datetime'2023-10-18T23%3A27%3A29.0162446Z'"
      expires:
      - '-1'
      pragma:
      - no-cache
      request-id:
      - e405e8b8-6e0d-11ee-8cd2-000d3aff5613
      strict-transport-security:
      - max-age=31536000; includeSubDomains
      x-cache:
      - CONFIG_NOCACHE
      x-content-type-options:
      - nosniff
      x-msedge-ref:
      - 'Ref A: 37E6373DB8AA4DDE8B8F43E3D9F9036D Ref B: CO6AA3150217025 Ref C: 2023-10-18T23:29:00Z'
    status:
      code: 200
      message: OK
- request:
    body: null
    headers:
      Accept:
      - '*/*'
      Accept-Encoding:
      - gzip, deflate
      CommandName:
      - search service create
      Connection:
      - keep-alive
      ParameterSetName:
      - -n -g --sku --public-access
      User-Agent:
      - AZURECLI/2.53.0 (AAZ) azsdk-python-core/1.26.0 Python/3.10.11 (Windows-10-10.0.22621-SP0)
    method: GET
    uri: https://eastus2euap.management.azure.com/subscriptions/00000000-0000-0000-0000-000000000000/resourceGroups/azure_search_cli_test000001/providers/Microsoft.Search/searchServices/test000002?api-version=2023-11-01
  response:
    body:
      string: '{"id":"/subscriptions/00000000-0000-0000-0000-000000000000/resourceGroups/azure_search_cli_test000001/providers/Microsoft.Search/searchServices/test000002","name":"test000002","type":"Microsoft.Search/searchServices","location":"East
        US 2 EUAP","properties":{"replicaCount":1,"partitionCount":1,"status":"provisioning","statusDetails":"","provisioningState":"provisioning","hostingMode":"default","publicNetworkAccess":"Disabled","networkRuleSet":{"ipRules":[],"bypass":"None"},"privateEndpointConnections":[],"sharedPrivateLinkResources":[],"encryptionWithCmk":{"enforcement":"Unspecified","encryptionComplianceStatus":"Compliant"},"disableLocalAuth":false,"authOptions":{"apiKeyOnly":{}},"semanticSearch":"free"},"sku":{"name":"basic"}}'
    headers:
      cache-control:
      - no-cache
      content-length:
      - '738'
      content-type:
      - application/json; charset=utf-8
      date:
      - Wed, 18 Oct 2023 23:29:30 GMT
      elapsed-time:
      - '318'
      etag:
      - W/"datetime'2023-10-18T23%3A27%3A29.0162446Z'"
      expires:
      - '-1'
      pragma:
      - no-cache
      request-id:
      - e405e8b8-6e0d-11ee-8cd2-000d3aff5613
      strict-transport-security:
      - max-age=31536000; includeSubDomains
      x-cache:
      - CONFIG_NOCACHE
      x-content-type-options:
      - nosniff
      x-msedge-ref:
      - 'Ref A: B2015E15C77E42309452840CD7A74EFF Ref B: CO6AA3150217025 Ref C: 2023-10-18T23:29:30Z'
    status:
      code: 200
      message: OK
- request:
    body: null
    headers:
      Accept:
      - '*/*'
      Accept-Encoding:
      - gzip, deflate
      CommandName:
      - search service create
      Connection:
      - keep-alive
      ParameterSetName:
      - -n -g --sku --public-access
      User-Agent:
      - AZURECLI/2.53.0 (AAZ) azsdk-python-core/1.26.0 Python/3.10.11 (Windows-10-10.0.22621-SP0)
    method: GET
    uri: https://eastus2euap.management.azure.com/subscriptions/00000000-0000-0000-0000-000000000000/resourceGroups/azure_search_cli_test000001/providers/Microsoft.Search/searchServices/test000002?api-version=2023-11-01
  response:
    body:
      string: '{"id":"/subscriptions/00000000-0000-0000-0000-000000000000/resourceGroups/azure_search_cli_test000001/providers/Microsoft.Search/searchServices/test000002","name":"test000002","type":"Microsoft.Search/searchServices","location":"East
        US 2 EUAP","properties":{"replicaCount":1,"partitionCount":1,"status":"provisioning","statusDetails":"","provisioningState":"provisioning","hostingMode":"default","publicNetworkAccess":"Disabled","networkRuleSet":{"ipRules":[],"bypass":"None"},"privateEndpointConnections":[],"sharedPrivateLinkResources":[],"encryptionWithCmk":{"enforcement":"Unspecified","encryptionComplianceStatus":"Compliant"},"disableLocalAuth":false,"authOptions":{"apiKeyOnly":{}},"semanticSearch":"free"},"sku":{"name":"basic"}}'
    headers:
      cache-control:
      - no-cache
      content-length:
      - '738'
      content-type:
      - application/json; charset=utf-8
      date:
      - Wed, 18 Oct 2023 23:30:00 GMT
      elapsed-time:
      - '254'
      etag:
      - W/"datetime'2023-10-18T23%3A27%3A29.0162446Z'"
      expires:
      - '-1'
      pragma:
      - no-cache
      request-id:
      - e405e8b8-6e0d-11ee-8cd2-000d3aff5613
      strict-transport-security:
      - max-age=31536000; includeSubDomains
      x-cache:
      - CONFIG_NOCACHE
      x-content-type-options:
      - nosniff
      x-msedge-ref:
      - 'Ref A: 741DA65153F44105B04F8D8672F35B38 Ref B: CO6AA3150217025 Ref C: 2023-10-18T23:30:01Z'
    status:
      code: 200
      message: OK
- request:
    body: null
    headers:
      Accept:
      - '*/*'
      Accept-Encoding:
      - gzip, deflate
      CommandName:
      - search service create
      Connection:
      - keep-alive
      ParameterSetName:
      - -n -g --sku --public-access
      User-Agent:
      - AZURECLI/2.53.0 (AAZ) azsdk-python-core/1.26.0 Python/3.10.11 (Windows-10-10.0.22621-SP0)
    method: GET
    uri: https://eastus2euap.management.azure.com/subscriptions/00000000-0000-0000-0000-000000000000/resourceGroups/azure_search_cli_test000001/providers/Microsoft.Search/searchServices/test000002?api-version=2023-11-01
  response:
    body:
      string: '{"id":"/subscriptions/00000000-0000-0000-0000-000000000000/resourceGroups/azure_search_cli_test000001/providers/Microsoft.Search/searchServices/test000002","name":"test000002","type":"Microsoft.Search/searchServices","location":"East
        US 2 EUAP","properties":{"replicaCount":1,"partitionCount":1,"status":"provisioning","statusDetails":"","provisioningState":"provisioning","hostingMode":"default","publicNetworkAccess":"Disabled","networkRuleSet":{"ipRules":[],"bypass":"None"},"privateEndpointConnections":[],"sharedPrivateLinkResources":[],"encryptionWithCmk":{"enforcement":"Unspecified","encryptionComplianceStatus":"Compliant"},"disableLocalAuth":false,"authOptions":{"apiKeyOnly":{}},"semanticSearch":"free"},"sku":{"name":"basic"}}'
    headers:
      cache-control:
      - no-cache
      content-length:
      - '738'
      content-type:
      - application/json; charset=utf-8
      date:
      - Wed, 18 Oct 2023 23:30:31 GMT
      elapsed-time:
      - '305'
      etag:
      - W/"datetime'2023-10-18T23%3A27%3A29.0162446Z'"
      expires:
      - '-1'
      pragma:
      - no-cache
      request-id:
      - e405e8b8-6e0d-11ee-8cd2-000d3aff5613
      strict-transport-security:
      - max-age=31536000; includeSubDomains
      x-cache:
      - CONFIG_NOCACHE
      x-content-type-options:
      - nosniff
      x-msedge-ref:
      - 'Ref A: 1D04B41E48D148EA998927C439116C8D Ref B: CO6AA3150217025 Ref C: 2023-10-18T23:30:31Z'
    status:
      code: 200
      message: OK
- request:
    body: null
    headers:
      Accept:
      - '*/*'
      Accept-Encoding:
      - gzip, deflate
      CommandName:
      - search service create
      Connection:
      - keep-alive
      ParameterSetName:
      - -n -g --sku --public-access
      User-Agent:
      - AZURECLI/2.53.0 (AAZ) azsdk-python-core/1.26.0 Python/3.10.11 (Windows-10-10.0.22621-SP0)
    method: GET
    uri: https://eastus2euap.management.azure.com/subscriptions/00000000-0000-0000-0000-000000000000/resourceGroups/azure_search_cli_test000001/providers/Microsoft.Search/searchServices/test000002?api-version=2023-11-01
  response:
    body:
      string: '{"id":"/subscriptions/00000000-0000-0000-0000-000000000000/resourceGroups/azure_search_cli_test000001/providers/Microsoft.Search/searchServices/test000002","name":"test000002","type":"Microsoft.Search/searchServices","location":"East
        US 2 EUAP","properties":{"replicaCount":1,"partitionCount":1,"status":"provisioning","statusDetails":"","provisioningState":"provisioning","hostingMode":"default","publicNetworkAccess":"Disabled","networkRuleSet":{"ipRules":[],"bypass":"None"},"privateEndpointConnections":[],"sharedPrivateLinkResources":[],"encryptionWithCmk":{"enforcement":"Unspecified","encryptionComplianceStatus":"Compliant"},"disableLocalAuth":false,"authOptions":{"apiKeyOnly":{}},"semanticSearch":"free"},"sku":{"name":"basic"}}'
    headers:
      cache-control:
      - no-cache
      content-length:
      - '738'
      content-type:
      - application/json; charset=utf-8
      date:
      - Wed, 18 Oct 2023 23:31:01 GMT
      elapsed-time:
      - '235'
      etag:
      - W/"datetime'2023-10-18T23%3A27%3A29.0162446Z'"
      expires:
      - '-1'
      pragma:
      - no-cache
      request-id:
      - e405e8b8-6e0d-11ee-8cd2-000d3aff5613
      strict-transport-security:
      - max-age=31536000; includeSubDomains
      x-cache:
      - CONFIG_NOCACHE
      x-content-type-options:
      - nosniff
      x-msedge-ref:
      - 'Ref A: 03DF13F4E18543FABB8E96F1C715266D Ref B: CO6AA3150217025 Ref C: 2023-10-18T23:31:02Z'
    status:
      code: 200
      message: OK
- request:
    body: null
    headers:
      Accept:
      - '*/*'
      Accept-Encoding:
      - gzip, deflate
      CommandName:
      - search service create
      Connection:
      - keep-alive
      ParameterSetName:
      - -n -g --sku --public-access
      User-Agent:
      - AZURECLI/2.53.0 (AAZ) azsdk-python-core/1.26.0 Python/3.10.11 (Windows-10-10.0.22621-SP0)
    method: GET
    uri: https://eastus2euap.management.azure.com/subscriptions/00000000-0000-0000-0000-000000000000/resourceGroups/azure_search_cli_test000001/providers/Microsoft.Search/searchServices/test000002?api-version=2023-11-01
  response:
    body:
      string: '{"id":"/subscriptions/00000000-0000-0000-0000-000000000000/resourceGroups/azure_search_cli_test000001/providers/Microsoft.Search/searchServices/test000002","name":"test000002","type":"Microsoft.Search/searchServices","location":"East
        US 2 EUAP","properties":{"replicaCount":1,"partitionCount":1,"status":"provisioning","statusDetails":"","provisioningState":"provisioning","hostingMode":"default","publicNetworkAccess":"Disabled","networkRuleSet":{"ipRules":[],"bypass":"None"},"privateEndpointConnections":[],"sharedPrivateLinkResources":[],"encryptionWithCmk":{"enforcement":"Unspecified","encryptionComplianceStatus":"Compliant"},"disableLocalAuth":false,"authOptions":{"apiKeyOnly":{}},"semanticSearch":"free"},"sku":{"name":"basic"}}'
    headers:
      cache-control:
      - no-cache
      content-length:
      - '738'
      content-type:
      - application/json; charset=utf-8
      date:
      - Wed, 18 Oct 2023 23:31:31 GMT
      elapsed-time:
      - '208'
      etag:
      - W/"datetime'2023-10-18T23%3A27%3A29.0162446Z'"
      expires:
      - '-1'
      pragma:
      - no-cache
      request-id:
      - e405e8b8-6e0d-11ee-8cd2-000d3aff5613
      strict-transport-security:
      - max-age=31536000; includeSubDomains
      x-cache:
      - CONFIG_NOCACHE
      x-content-type-options:
      - nosniff
      x-msedge-ref:
      - 'Ref A: 945F986DE7F24438BC23ADCFD933256C Ref B: CO6AA3150217025 Ref C: 2023-10-18T23:31:32Z'
    status:
      code: 200
      message: OK
- request:
    body: null
    headers:
      Accept:
      - '*/*'
      Accept-Encoding:
      - gzip, deflate
      CommandName:
      - search service create
      Connection:
      - keep-alive
      ParameterSetName:
      - -n -g --sku --public-access
      User-Agent:
      - AZURECLI/2.53.0 (AAZ) azsdk-python-core/1.26.0 Python/3.10.11 (Windows-10-10.0.22621-SP0)
    method: GET
    uri: https://eastus2euap.management.azure.com/subscriptions/00000000-0000-0000-0000-000000000000/resourceGroups/azure_search_cli_test000001/providers/Microsoft.Search/searchServices/test000002?api-version=2023-11-01
  response:
    body:
      string: '{"id":"/subscriptions/00000000-0000-0000-0000-000000000000/resourceGroups/azure_search_cli_test000001/providers/Microsoft.Search/searchServices/test000002","name":"test000002","type":"Microsoft.Search/searchServices","location":"East
        US 2 EUAP","properties":{"replicaCount":1,"partitionCount":1,"status":"provisioning","statusDetails":"","provisioningState":"provisioning","hostingMode":"default","publicNetworkAccess":"Disabled","networkRuleSet":{"ipRules":[],"bypass":"None"},"privateEndpointConnections":[],"sharedPrivateLinkResources":[],"encryptionWithCmk":{"enforcement":"Unspecified","encryptionComplianceStatus":"Compliant"},"disableLocalAuth":false,"authOptions":{"apiKeyOnly":{}},"semanticSearch":"free"},"sku":{"name":"basic"}}'
    headers:
      cache-control:
      - no-cache
      content-length:
      - '738'
      content-type:
      - application/json; charset=utf-8
      date:
      - Wed, 18 Oct 2023 23:32:02 GMT
      elapsed-time:
      - '189'
      etag:
      - W/"datetime'2023-10-18T23%3A27%3A29.0162446Z'"
      expires:
      - '-1'
      pragma:
      - no-cache
      request-id:
      - e405e8b8-6e0d-11ee-8cd2-000d3aff5613
      strict-transport-security:
      - max-age=31536000; includeSubDomains
      x-cache:
      - CONFIG_NOCACHE
      x-content-type-options:
      - nosniff
      x-msedge-ref:
      - 'Ref A: FF953D926E2E4F33B17BC51701A3B172 Ref B: CO6AA3150217025 Ref C: 2023-10-18T23:32:02Z'
    status:
      code: 200
      message: OK
- request:
    body: null
    headers:
      Accept:
      - '*/*'
      Accept-Encoding:
      - gzip, deflate
      CommandName:
      - search service create
      Connection:
      - keep-alive
      ParameterSetName:
      - -n -g --sku --public-access
      User-Agent:
      - AZURECLI/2.53.0 (AAZ) azsdk-python-core/1.26.0 Python/3.10.11 (Windows-10-10.0.22621-SP0)
    method: GET
    uri: https://eastus2euap.management.azure.com/subscriptions/00000000-0000-0000-0000-000000000000/resourceGroups/azure_search_cli_test000001/providers/Microsoft.Search/searchServices/test000002?api-version=2023-11-01
  response:
    body:
      string: '{"id":"/subscriptions/00000000-0000-0000-0000-000000000000/resourceGroups/azure_search_cli_test000001/providers/Microsoft.Search/searchServices/test000002","name":"test000002","type":"Microsoft.Search/searchServices","location":"East
        US 2 EUAP","properties":{"replicaCount":1,"partitionCount":1,"status":"provisioning","statusDetails":"","provisioningState":"provisioning","hostingMode":"default","publicNetworkAccess":"Disabled","networkRuleSet":{"ipRules":[],"bypass":"None"},"privateEndpointConnections":[],"sharedPrivateLinkResources":[],"encryptionWithCmk":{"enforcement":"Unspecified","encryptionComplianceStatus":"Compliant"},"disableLocalAuth":false,"authOptions":{"apiKeyOnly":{}},"semanticSearch":"free"},"sku":{"name":"basic"}}'
    headers:
      cache-control:
      - no-cache
      content-length:
      - '738'
      content-type:
      - application/json; charset=utf-8
      date:
      - Wed, 18 Oct 2023 23:32:32 GMT
      elapsed-time:
      - '263'
      etag:
      - W/"datetime'2023-10-18T23%3A27%3A29.0162446Z'"
      expires:
      - '-1'
      pragma:
      - no-cache
      request-id:
      - e405e8b8-6e0d-11ee-8cd2-000d3aff5613
      strict-transport-security:
      - max-age=31536000; includeSubDomains
      x-cache:
      - CONFIG_NOCACHE
      x-content-type-options:
      - nosniff
      x-msedge-ref:
      - 'Ref A: 18238CB777F9440A943A9313F2035048 Ref B: CO6AA3150217025 Ref C: 2023-10-18T23:32:33Z'
    status:
      code: 200
      message: OK
- request:
    body: null
    headers:
      Accept:
      - '*/*'
      Accept-Encoding:
      - gzip, deflate
      CommandName:
      - search service create
      Connection:
      - keep-alive
      ParameterSetName:
      - -n -g --sku --public-access
      User-Agent:
      - AZURECLI/2.53.0 (AAZ) azsdk-python-core/1.26.0 Python/3.10.11 (Windows-10-10.0.22621-SP0)
    method: GET
    uri: https://eastus2euap.management.azure.com/subscriptions/00000000-0000-0000-0000-000000000000/resourceGroups/azure_search_cli_test000001/providers/Microsoft.Search/searchServices/test000002?api-version=2023-11-01
  response:
    body:
      string: '{"id":"/subscriptions/00000000-0000-0000-0000-000000000000/resourceGroups/azure_search_cli_test000001/providers/Microsoft.Search/searchServices/test000002","name":"test000002","type":"Microsoft.Search/searchServices","location":"East
        US 2 EUAP","properties":{"replicaCount":1,"partitionCount":1,"status":"provisioning","statusDetails":"","provisioningState":"provisioning","hostingMode":"default","publicNetworkAccess":"Disabled","networkRuleSet":{"ipRules":[],"bypass":"None"},"privateEndpointConnections":[],"sharedPrivateLinkResources":[],"encryptionWithCmk":{"enforcement":"Unspecified","encryptionComplianceStatus":"Compliant"},"disableLocalAuth":false,"authOptions":{"apiKeyOnly":{}},"semanticSearch":"free"},"sku":{"name":"basic"}}'
    headers:
      cache-control:
      - no-cache
      content-length:
      - '738'
      content-type:
      - application/json; charset=utf-8
      date:
      - Wed, 18 Oct 2023 23:33:02 GMT
      elapsed-time:
      - '207'
      etag:
      - W/"datetime'2023-10-18T23%3A27%3A29.0162446Z'"
      expires:
      - '-1'
      pragma:
      - no-cache
      request-id:
      - e405e8b8-6e0d-11ee-8cd2-000d3aff5613
      strict-transport-security:
      - max-age=31536000; includeSubDomains
      x-cache:
      - CONFIG_NOCACHE
      x-content-type-options:
      - nosniff
      x-msedge-ref:
      - 'Ref A: 0B7B2D82941F40549FD87C5184AC9B9C Ref B: CO6AA3150217025 Ref C: 2023-10-18T23:33:03Z'
    status:
      code: 200
      message: OK
- request:
    body: null
    headers:
      Accept:
      - '*/*'
      Accept-Encoding:
      - gzip, deflate
      CommandName:
      - search service create
      Connection:
      - keep-alive
      ParameterSetName:
      - -n -g --sku --public-access
      User-Agent:
      - AZURECLI/2.53.0 (AAZ) azsdk-python-core/1.26.0 Python/3.10.11 (Windows-10-10.0.22621-SP0)
    method: GET
    uri: https://eastus2euap.management.azure.com/subscriptions/00000000-0000-0000-0000-000000000000/resourceGroups/azure_search_cli_test000001/providers/Microsoft.Search/searchServices/test000002?api-version=2023-11-01
  response:
    body:
      string: '{"id":"/subscriptions/00000000-0000-0000-0000-000000000000/resourceGroups/azure_search_cli_test000001/providers/Microsoft.Search/searchServices/test000002","name":"test000002","type":"Microsoft.Search/searchServices","location":"East
        US 2 EUAP","properties":{"replicaCount":1,"partitionCount":1,"status":"provisioning","statusDetails":"","provisioningState":"provisioning","hostingMode":"default","publicNetworkAccess":"Disabled","networkRuleSet":{"ipRules":[],"bypass":"None"},"privateEndpointConnections":[],"sharedPrivateLinkResources":[],"encryptionWithCmk":{"enforcement":"Unspecified","encryptionComplianceStatus":"Compliant"},"disableLocalAuth":false,"authOptions":{"apiKeyOnly":{}},"semanticSearch":"free"},"sku":{"name":"basic"}}'
    headers:
      cache-control:
      - no-cache
      content-length:
      - '738'
      content-type:
      - application/json; charset=utf-8
      date:
      - Wed, 18 Oct 2023 23:33:34 GMT
      elapsed-time:
      - '211'
      etag:
      - W/"datetime'2023-10-18T23%3A27%3A29.0162446Z'"
      expires:
      - '-1'
      pragma:
      - no-cache
      request-id:
      - e405e8b8-6e0d-11ee-8cd2-000d3aff5613
      strict-transport-security:
      - max-age=31536000; includeSubDomains
      x-cache:
      - CONFIG_NOCACHE
      x-content-type-options:
      - nosniff
      x-msedge-ref:
      - 'Ref A: 8274D5452FA8457099824D8C3490F4D2 Ref B: CO6AA3150217025 Ref C: 2023-10-18T23:33:33Z'
    status:
      code: 200
      message: OK
- request:
    body: null
    headers:
      Accept:
      - '*/*'
      Accept-Encoding:
      - gzip, deflate
      CommandName:
      - search service create
      Connection:
      - keep-alive
      ParameterSetName:
      - -n -g --sku --public-access
      User-Agent:
      - AZURECLI/2.53.0 (AAZ) azsdk-python-core/1.26.0 Python/3.10.11 (Windows-10-10.0.22621-SP0)
    method: GET
    uri: https://eastus2euap.management.azure.com/subscriptions/00000000-0000-0000-0000-000000000000/resourceGroups/azure_search_cli_test000001/providers/Microsoft.Search/searchServices/test000002?api-version=2023-11-01
  response:
    body:
      string: '{"id":"/subscriptions/00000000-0000-0000-0000-000000000000/resourceGroups/azure_search_cli_test000001/providers/Microsoft.Search/searchServices/test000002","name":"test000002","type":"Microsoft.Search/searchServices","location":"East
        US 2 EUAP","properties":{"replicaCount":1,"partitionCount":1,"status":"provisioning","statusDetails":"","provisioningState":"provisioning","hostingMode":"default","publicNetworkAccess":"Disabled","networkRuleSet":{"ipRules":[],"bypass":"None"},"privateEndpointConnections":[],"sharedPrivateLinkResources":[],"encryptionWithCmk":{"enforcement":"Unspecified","encryptionComplianceStatus":"Compliant"},"disableLocalAuth":false,"authOptions":{"apiKeyOnly":{}},"semanticSearch":"free"},"sku":{"name":"basic"}}'
    headers:
      cache-control:
      - no-cache
      content-length:
      - '738'
      content-type:
      - application/json; charset=utf-8
      date:
      - Wed, 18 Oct 2023 23:34:04 GMT
      elapsed-time:
      - '173'
      etag:
      - W/"datetime'2023-10-18T23%3A27%3A29.0162446Z'"
      expires:
      - '-1'
      pragma:
      - no-cache
      request-id:
      - e405e8b8-6e0d-11ee-8cd2-000d3aff5613
      strict-transport-security:
      - max-age=31536000; includeSubDomains
      x-cache:
      - CONFIG_NOCACHE
      x-content-type-options:
      - nosniff
      x-msedge-ref:
      - 'Ref A: 841536E9086A4F2B9F421EE72E200CE8 Ref B: CO6AA3150217025 Ref C: 2023-10-18T23:34:04Z'
    status:
      code: 200
      message: OK
- request:
    body: null
    headers:
      Accept:
      - '*/*'
      Accept-Encoding:
      - gzip, deflate
      CommandName:
      - search service create
      Connection:
      - keep-alive
      ParameterSetName:
      - -n -g --sku --public-access
      User-Agent:
      - AZURECLI/2.53.0 (AAZ) azsdk-python-core/1.26.0 Python/3.10.11 (Windows-10-10.0.22621-SP0)
    method: GET
    uri: https://eastus2euap.management.azure.com/subscriptions/00000000-0000-0000-0000-000000000000/resourceGroups/azure_search_cli_test000001/providers/Microsoft.Search/searchServices/test000002?api-version=2023-11-01
  response:
    body:
      string: '{"id":"/subscriptions/00000000-0000-0000-0000-000000000000/resourceGroups/azure_search_cli_test000001/providers/Microsoft.Search/searchServices/test000002","name":"test000002","type":"Microsoft.Search/searchServices","location":"East
        US 2 EUAP","properties":{"replicaCount":1,"partitionCount":1,"status":"provisioning","statusDetails":"","provisioningState":"provisioning","hostingMode":"default","publicNetworkAccess":"Disabled","networkRuleSet":{"ipRules":[],"bypass":"None"},"privateEndpointConnections":[],"sharedPrivateLinkResources":[],"encryptionWithCmk":{"enforcement":"Unspecified","encryptionComplianceStatus":"Compliant"},"disableLocalAuth":false,"authOptions":{"apiKeyOnly":{}},"semanticSearch":"free"},"sku":{"name":"basic"}}'
    headers:
      cache-control:
      - no-cache
      content-length:
      - '738'
      content-type:
      - application/json; charset=utf-8
      date:
      - Wed, 18 Oct 2023 23:34:34 GMT
      elapsed-time:
      - '241'
      etag:
      - W/"datetime'2023-10-18T23%3A27%3A29.0162446Z'"
      expires:
      - '-1'
      pragma:
      - no-cache
      request-id:
      - e405e8b8-6e0d-11ee-8cd2-000d3aff5613
      strict-transport-security:
      - max-age=31536000; includeSubDomains
      x-cache:
      - CONFIG_NOCACHE
      x-content-type-options:
      - nosniff
      x-msedge-ref:
      - 'Ref A: F25C83AA0EEC4678BBF750508B7DFA24 Ref B: CO6AA3150217025 Ref C: 2023-10-18T23:34:34Z'
    status:
      code: 200
      message: OK
- request:
    body: null
    headers:
      Accept:
      - '*/*'
      Accept-Encoding:
      - gzip, deflate
      CommandName:
      - search service create
      Connection:
      - keep-alive
      ParameterSetName:
      - -n -g --sku --public-access
      User-Agent:
      - AZURECLI/2.53.0 (AAZ) azsdk-python-core/1.26.0 Python/3.10.11 (Windows-10-10.0.22621-SP0)
    method: GET
    uri: https://eastus2euap.management.azure.com/subscriptions/00000000-0000-0000-0000-000000000000/resourceGroups/azure_search_cli_test000001/providers/Microsoft.Search/searchServices/test000002?api-version=2023-11-01
  response:
    body:
      string: '{"id":"/subscriptions/00000000-0000-0000-0000-000000000000/resourceGroups/azure_search_cli_test000001/providers/Microsoft.Search/searchServices/test000002","name":"test000002","type":"Microsoft.Search/searchServices","location":"East
        US 2 EUAP","properties":{"replicaCount":1,"partitionCount":1,"status":"provisioning","statusDetails":"","provisioningState":"provisioning","hostingMode":"default","publicNetworkAccess":"Disabled","networkRuleSet":{"ipRules":[],"bypass":"None"},"privateEndpointConnections":[],"sharedPrivateLinkResources":[],"encryptionWithCmk":{"enforcement":"Unspecified","encryptionComplianceStatus":"Compliant"},"disableLocalAuth":false,"authOptions":{"apiKeyOnly":{}},"semanticSearch":"free"},"sku":{"name":"basic"}}'
    headers:
      cache-control:
      - no-cache
      content-length:
      - '738'
      content-type:
      - application/json; charset=utf-8
      date:
      - Wed, 18 Oct 2023 23:35:05 GMT
      elapsed-time:
      - '220'
      etag:
      - W/"datetime'2023-10-18T23%3A27%3A29.0162446Z'"
      expires:
      - '-1'
      pragma:
      - no-cache
      request-id:
      - e405e8b8-6e0d-11ee-8cd2-000d3aff5613
      strict-transport-security:
      - max-age=31536000; includeSubDomains
      x-cache:
      - CONFIG_NOCACHE
      x-content-type-options:
      - nosniff
      x-msedge-ref:
      - 'Ref A: 6035B60240FC450083A2522F1D15DA0B Ref B: CO6AA3150217025 Ref C: 2023-10-18T23:35:05Z'
    status:
      code: 200
      message: OK
- request:
    body: null
    headers:
      Accept:
      - '*/*'
      Accept-Encoding:
      - gzip, deflate
      CommandName:
      - search service create
      Connection:
      - keep-alive
      ParameterSetName:
      - -n -g --sku --public-access
      User-Agent:
      - AZURECLI/2.53.0 (AAZ) azsdk-python-core/1.26.0 Python/3.10.11 (Windows-10-10.0.22621-SP0)
    method: GET
    uri: https://eastus2euap.management.azure.com/subscriptions/00000000-0000-0000-0000-000000000000/resourceGroups/azure_search_cli_test000001/providers/Microsoft.Search/searchServices/test000002?api-version=2023-11-01
  response:
    body:
      string: '{"id":"/subscriptions/00000000-0000-0000-0000-000000000000/resourceGroups/azure_search_cli_test000001/providers/Microsoft.Search/searchServices/test000002","name":"test000002","type":"Microsoft.Search/searchServices","location":"East
        US 2 EUAP","properties":{"replicaCount":1,"partitionCount":1,"status":"provisioning","statusDetails":"","provisioningState":"provisioning","hostingMode":"default","publicNetworkAccess":"Disabled","networkRuleSet":{"ipRules":[],"bypass":"None"},"privateEndpointConnections":[],"sharedPrivateLinkResources":[],"encryptionWithCmk":{"enforcement":"Unspecified","encryptionComplianceStatus":"Compliant"},"disableLocalAuth":false,"authOptions":{"apiKeyOnly":{}},"semanticSearch":"free"},"sku":{"name":"basic"}}'
    headers:
      cache-control:
      - no-cache
      content-length:
      - '738'
      content-type:
      - application/json; charset=utf-8
      date:
      - Wed, 18 Oct 2023 23:35:35 GMT
      elapsed-time:
      - '184'
      etag:
      - W/"datetime'2023-10-18T23%3A27%3A29.0162446Z'"
      expires:
      - '-1'
      pragma:
      - no-cache
      request-id:
      - e405e8b8-6e0d-11ee-8cd2-000d3aff5613
      strict-transport-security:
      - max-age=31536000; includeSubDomains
      x-cache:
      - CONFIG_NOCACHE
      x-content-type-options:
      - nosniff
      x-msedge-ref:
      - 'Ref A: CB12D53EA5DC44D0B7C544CD0DB5EF10 Ref B: CO6AA3150217025 Ref C: 2023-10-18T23:35:35Z'
    status:
      code: 200
      message: OK
- request:
    body: null
    headers:
      Accept:
      - '*/*'
      Accept-Encoding:
      - gzip, deflate
      CommandName:
      - search service create
      Connection:
      - keep-alive
      ParameterSetName:
      - -n -g --sku --public-access
      User-Agent:
      - AZURECLI/2.53.0 (AAZ) azsdk-python-core/1.26.0 Python/3.10.11 (Windows-10-10.0.22621-SP0)
    method: GET
    uri: https://eastus2euap.management.azure.com/subscriptions/00000000-0000-0000-0000-000000000000/resourceGroups/azure_search_cli_test000001/providers/Microsoft.Search/searchServices/test000002?api-version=2023-11-01
  response:
    body:
      string: '{"id":"/subscriptions/00000000-0000-0000-0000-000000000000/resourceGroups/azure_search_cli_test000001/providers/Microsoft.Search/searchServices/test000002","name":"test000002","type":"Microsoft.Search/searchServices","location":"East
        US 2 EUAP","properties":{"replicaCount":1,"partitionCount":1,"status":"running","statusDetails":"","provisioningState":"succeeded","hostingMode":"default","publicNetworkAccess":"Disabled","networkRuleSet":{"ipRules":[],"bypass":"None"},"privateEndpointConnections":[],"sharedPrivateLinkResources":[],"encryptionWithCmk":{"enforcement":"Unspecified","encryptionComplianceStatus":"Compliant"},"disableLocalAuth":false,"authOptions":{"apiKeyOnly":{}},"semanticSearch":"free"},"sku":{"name":"basic"}}'
    headers:
      cache-control:
      - no-cache
      content-length:
      - '730'
      content-type:
      - application/json; charset=utf-8
      date:
      - Wed, 18 Oct 2023 23:36:05 GMT
      elapsed-time:
      - '239'
      etag:
      - W/"datetime'2023-10-18T23%3A27%3A29.0162446Z'"
      expires:
      - '-1'
      pragma:
      - no-cache
      request-id:
      - e405e8b8-6e0d-11ee-8cd2-000d3aff5613
      strict-transport-security:
      - max-age=31536000; includeSubDomains
      x-cache:
      - CONFIG_NOCACHE
      x-content-type-options:
      - nosniff
      x-msedge-ref:
      - 'Ref A: 91AC093EE8A74E75A87FD58BA2C0083E Ref B: CO6AA3150217025 Ref C: 2023-10-18T23:36:05Z'
    status:
      code: 200
      message: OK
- request:
    body: null
    headers:
      Accept:
      - application/json
      Accept-Encoding:
      - gzip, deflate
      CommandName:
      - search service update
      Connection:
      - keep-alive
      ParameterSetName:
      - -n -g --public-access
      User-Agent:
      - AZURECLI/2.53.0 (AAZ) azsdk-python-core/1.26.0 Python/3.10.11 (Windows-10-10.0.22621-SP0)
    method: GET
    uri: https://eastus2euap.management.azure.com/subscriptions/00000000-0000-0000-0000-000000000000/resourceGroups/azure_search_cli_test000001/providers/Microsoft.Search/searchServices/test000002?api-version=2022-09-01
  response:
    body:
      string: '{"id":"/subscriptions/00000000-0000-0000-0000-000000000000/resourceGroups/azure_search_cli_test000001/providers/Microsoft.Search/searchServices/test000002","name":"test000002","type":"Microsoft.Search/searchServices","location":"East
        US 2 EUAP","properties":{"replicaCount":1,"partitionCount":1,"status":"running","statusDetails":"","provisioningState":"succeeded","hostingMode":"default","publicNetworkAccess":"Disabled","networkRuleSet":{"ipRules":[],"bypass":"None"},"privateEndpointConnections":[],"sharedPrivateLinkResources":[],"encryptionWithCmk":{"enforcement":"Unspecified","encryptionComplianceStatus":"Compliant"},"disableLocalAuth":false,"authOptions":{"apiKeyOnly":{}}},"sku":{"name":"basic"}}'
    headers:
      cache-control:
      - no-cache
      content-length:
      - '706'
      content-type:
      - application/json; charset=utf-8
      date:
      - Wed, 18 Oct 2023 23:36:05 GMT
      elapsed-time:
      - '205'
      etag:
      - W/"datetime'2023-10-18T23%3A27%3A29.0162446Z'"
      expires:
      - '-1'
      pragma:
      - no-cache
      request-id:
      - 1b9d2c2c-6e0f-11ee-a1f5-000d3aff5613
      strict-transport-security:
      - max-age=31536000; includeSubDomains
      x-cache:
      - CONFIG_NOCACHE
      x-content-type-options:
      - nosniff
      x-msedge-ref:
      - 'Ref A: 8A1AC8C7E9094995A64D0FA00F5B16B5 Ref B: CO6AA3150219051 Ref C: 2023-10-18T23:36:06Z'
    status:
      code: 200
      message: OK
- request:
    body: '{"location": "East US 2 EUAP", "properties": {"authOptions": {"apiKeyOnly":
      {}}, "disableLocalAuth": false, "encryptionWithCmk": {"enforcement": "Unspecified"},
      "hostingMode": "default", "networkRuleSet": {"ipRules": []}, "partitionCount":
      1, "publicNetworkAccess": "enabled", "replicaCount": 1}, "sku": {"name": "basic"}}'
    headers:
      Accept:
      - application/json
      Accept-Encoding:
      - gzip, deflate
      CommandName:
      - search service update
      Connection:
      - keep-alive
      Content-Length:
      - '322'
      Content-Type:
      - application/json
      ParameterSetName:
      - -n -g --public-access
      User-Agent:
      - AZURECLI/2.53.0 (AAZ) azsdk-python-core/1.26.0 Python/3.10.11 (Windows-10-10.0.22621-SP0)
    method: PUT
    uri: https://eastus2euap.management.azure.com/subscriptions/00000000-0000-0000-0000-000000000000/resourceGroups/azure_search_cli_test000001/providers/Microsoft.Search/searchServices/test000002?api-version=2022-09-01
  response:
    body:
      string: '{"id":"/subscriptions/00000000-0000-0000-0000-000000000000/resourceGroups/azure_search_cli_test000001/providers/Microsoft.Search/searchServices/test000002","name":"test000002","type":"Microsoft.Search/searchServices","location":"East
        US 2 EUAP","properties":{"replicaCount":1,"partitionCount":1,"status":"provisioning","statusDetails":"","provisioningState":"provisioning","hostingMode":"default","publicNetworkAccess":"Enabled","networkRuleSet":{"ipRules":[],"bypass":"None"},"privateEndpointConnections":[],"sharedPrivateLinkResources":[],"encryptionWithCmk":{"enforcement":"Unspecified","encryptionComplianceStatus":"Compliant"},"disableLocalAuth":false,"authOptions":{"apiKeyOnly":{}}},"sku":{"name":"basic"}}'
    headers:
      cache-control:
      - no-cache
      content-length:
      - '713'
      content-type:
      - application/json; charset=utf-8
      date:
      - Wed, 18 Oct 2023 23:36:09 GMT
      elapsed-time:
      - '3374'
      etag:
      - W/"datetime'2023-10-18T23%3A36%3A10.0225334Z'"
      expires:
      - '-1'
      pragma:
      - no-cache
      request-id:
      - 1b9d2c2c-6e0f-11ee-a1f5-000d3aff5613
      strict-transport-security:
      - max-age=31536000; includeSubDomains
      x-cache:
      - CONFIG_NOCACHE
      x-content-type-options:
      - nosniff
      x-ms-operation-identifier:
      - tenantId=72f988bf-86f1-41af-91ab-2d7cd011db47,objectId=44e5f686-35a1-4e2c-9ff3-7b6adafcd3c3/eastus2euap/06da9927-dfb7-4a91-beeb-d43681e6313f
      x-ms-ratelimit-remaining-subscription-writes:
      - '1197'
      x-msedge-ref:
      - 'Ref A: 574FF44E39C94AC6ACC214AB35B09438 Ref B: CO6AA3150219051 Ref C: 2023-10-18T23:36:06Z'
    status:
      code: 200
      message: OK
- request:
    body: null
    headers:
      Accept:
      - '*/*'
      Accept-Encoding:
      - gzip, deflate
      CommandName:
      - search service update
      Connection:
      - keep-alive
      ParameterSetName:
      - -n -g --public-access
      User-Agent:
      - AZURECLI/2.53.0 (AAZ) azsdk-python-core/1.26.0 Python/3.10.11 (Windows-10-10.0.22621-SP0)
    method: GET
    uri: https://eastus2euap.management.azure.com/subscriptions/00000000-0000-0000-0000-000000000000/resourceGroups/azure_search_cli_test000001/providers/Microsoft.Search/searchServices/test000002?api-version=2022-09-01
  response:
    body:
      string: '{"id":"/subscriptions/00000000-0000-0000-0000-000000000000/resourceGroups/azure_search_cli_test000001/providers/Microsoft.Search/searchServices/test000002","name":"test000002","type":"Microsoft.Search/searchServices","location":"East
        US 2 EUAP","properties":{"replicaCount":1,"partitionCount":1,"status":"provisioning","statusDetails":"","provisioningState":"provisioning","hostingMode":"default","publicNetworkAccess":"Enabled","networkRuleSet":{"ipRules":[],"bypass":"None"},"privateEndpointConnections":[],"sharedPrivateLinkResources":[],"encryptionWithCmk":{"enforcement":"Unspecified","encryptionComplianceStatus":"Compliant"},"disableLocalAuth":false,"authOptions":{"apiKeyOnly":{}}},"sku":{"name":"basic"}}'
    headers:
      cache-control:
      - no-cache
      content-length:
      - '713'
      content-type:
      - application/json; charset=utf-8
      date:
      - Wed, 18 Oct 2023 23:36:09 GMT
      elapsed-time:
      - '181'
      etag:
      - W/"datetime'2023-10-18T23%3A36%3A10.0225334Z'"
      expires:
      - '-1'
      pragma:
      - no-cache
      request-id:
      - 1b9d2c2c-6e0f-11ee-a1f5-000d3aff5613
      strict-transport-security:
      - max-age=31536000; includeSubDomains
      x-cache:
      - CONFIG_NOCACHE
      x-content-type-options:
      - nosniff
      x-msedge-ref:
      - 'Ref A: 00889F58B76F45F08C6B8191EDFC0072 Ref B: CO6AA3150219051 Ref C: 2023-10-18T23:36:10Z'
    status:
      code: 200
      message: OK
- request:
    body: null
    headers:
      Accept:
      - '*/*'
      Accept-Encoding:
      - gzip, deflate
      CommandName:
      - search service update
      Connection:
      - keep-alive
      ParameterSetName:
      - -n -g --public-access
      User-Agent:
      - AZURECLI/2.53.0 (AAZ) azsdk-python-core/1.26.0 Python/3.10.11 (Windows-10-10.0.22621-SP0)
    method: GET
    uri: https://eastus2euap.management.azure.com/subscriptions/00000000-0000-0000-0000-000000000000/resourceGroups/azure_search_cli_test000001/providers/Microsoft.Search/searchServices/test000002?api-version=2022-09-01
  response:
    body:
      string: '{"id":"/subscriptions/00000000-0000-0000-0000-000000000000/resourceGroups/azure_search_cli_test000001/providers/Microsoft.Search/searchServices/test000002","name":"test000002","type":"Microsoft.Search/searchServices","location":"East
        US 2 EUAP","properties":{"replicaCount":1,"partitionCount":1,"status":"provisioning","statusDetails":"","provisioningState":"provisioning","hostingMode":"default","publicNetworkAccess":"Enabled","networkRuleSet":{"ipRules":[],"bypass":"None"},"privateEndpointConnections":[],"sharedPrivateLinkResources":[],"encryptionWithCmk":{"enforcement":"Unspecified","encryptionComplianceStatus":"Compliant"},"disableLocalAuth":false,"authOptions":{"apiKeyOnly":{}}},"sku":{"name":"basic"}}'
    headers:
      cache-control:
      - no-cache
      content-length:
      - '713'
      content-type:
      - application/json; charset=utf-8
      date:
      - Wed, 18 Oct 2023 23:36:39 GMT
      elapsed-time:
      - '204'
      etag:
      - W/"datetime'2023-10-18T23%3A36%3A10.0225334Z'"
      expires:
      - '-1'
      pragma:
      - no-cache
      request-id:
      - 1b9d2c2c-6e0f-11ee-a1f5-000d3aff5613
      strict-transport-security:
      - max-age=31536000; includeSubDomains
      x-cache:
      - CONFIG_NOCACHE
      x-content-type-options:
      - nosniff
      x-msedge-ref:
      - 'Ref A: 533591EF168F434F9E57EF3C6EB916B5 Ref B: CO6AA3150219051 Ref C: 2023-10-18T23:36:40Z'
    status:
      code: 200
      message: OK
- request:
    body: null
    headers:
      Accept:
      - '*/*'
      Accept-Encoding:
      - gzip, deflate
      CommandName:
      - search service update
      Connection:
      - keep-alive
      ParameterSetName:
      - -n -g --public-access
      User-Agent:
      - AZURECLI/2.53.0 (AAZ) azsdk-python-core/1.26.0 Python/3.10.11 (Windows-10-10.0.22621-SP0)
    method: GET
    uri: https://eastus2euap.management.azure.com/subscriptions/00000000-0000-0000-0000-000000000000/resourceGroups/azure_search_cli_test000001/providers/Microsoft.Search/searchServices/test000002?api-version=2022-09-01
  response:
    body:
      string: '{"id":"/subscriptions/00000000-0000-0000-0000-000000000000/resourceGroups/azure_search_cli_test000001/providers/Microsoft.Search/searchServices/test000002","name":"test000002","type":"Microsoft.Search/searchServices","location":"East
        US 2 EUAP","properties":{"replicaCount":1,"partitionCount":1,"status":"provisioning","statusDetails":"","provisioningState":"provisioning","hostingMode":"default","publicNetworkAccess":"Enabled","networkRuleSet":{"ipRules":[],"bypass":"None"},"privateEndpointConnections":[],"sharedPrivateLinkResources":[],"encryptionWithCmk":{"enforcement":"Unspecified","encryptionComplianceStatus":"Compliant"},"disableLocalAuth":false,"authOptions":{"apiKeyOnly":{}}},"sku":{"name":"basic"}}'
    headers:
      cache-control:
      - no-cache
      content-length:
      - '713'
      content-type:
      - application/json; charset=utf-8
      date:
      - Wed, 18 Oct 2023 23:37:11 GMT
      elapsed-time:
      - '185'
      etag:
      - W/"datetime'2023-10-18T23%3A36%3A10.0225334Z'"
      expires:
      - '-1'
      pragma:
      - no-cache
      request-id:
      - 1b9d2c2c-6e0f-11ee-a1f5-000d3aff5613
      strict-transport-security:
      - max-age=31536000; includeSubDomains
      x-cache:
      - CONFIG_NOCACHE
      x-content-type-options:
      - nosniff
      x-msedge-ref:
      - 'Ref A: 9C45A7ED28084A4380AA40703C3CBA38 Ref B: CO6AA3150219051 Ref C: 2023-10-18T23:37:10Z'
    status:
      code: 200
      message: OK
- request:
    body: null
    headers:
      Accept:
      - '*/*'
      Accept-Encoding:
      - gzip, deflate
      CommandName:
      - search service update
      Connection:
      - keep-alive
      ParameterSetName:
      - -n -g --public-access
      User-Agent:
      - AZURECLI/2.53.0 (AAZ) azsdk-python-core/1.26.0 Python/3.10.11 (Windows-10-10.0.22621-SP0)
    method: GET
    uri: https://eastus2euap.management.azure.com/subscriptions/00000000-0000-0000-0000-000000000000/resourceGroups/azure_search_cli_test000001/providers/Microsoft.Search/searchServices/test000002?api-version=2022-09-01
  response:
    body:
      string: '{"id":"/subscriptions/00000000-0000-0000-0000-000000000000/resourceGroups/azure_search_cli_test000001/providers/Microsoft.Search/searchServices/test000002","name":"test000002","type":"Microsoft.Search/searchServices","location":"East
        US 2 EUAP","properties":{"replicaCount":1,"partitionCount":1,"status":"provisioning","statusDetails":"","provisioningState":"provisioning","hostingMode":"default","publicNetworkAccess":"Enabled","networkRuleSet":{"ipRules":[],"bypass":"None"},"privateEndpointConnections":[],"sharedPrivateLinkResources":[],"encryptionWithCmk":{"enforcement":"Unspecified","encryptionComplianceStatus":"Compliant"},"disableLocalAuth":false,"authOptions":{"apiKeyOnly":{}}},"sku":{"name":"basic"}}'
    headers:
      cache-control:
      - no-cache
      content-length:
      - '713'
      content-type:
      - application/json; charset=utf-8
      date:
      - Wed, 18 Oct 2023 23:37:41 GMT
      elapsed-time:
      - '243'
      etag:
      - W/"datetime'2023-10-18T23%3A36%3A10.0225334Z'"
      expires:
      - '-1'
      pragma:
      - no-cache
      request-id:
      - 1b9d2c2c-6e0f-11ee-a1f5-000d3aff5613
      strict-transport-security:
      - max-age=31536000; includeSubDomains
      x-cache:
      - CONFIG_NOCACHE
      x-content-type-options:
      - nosniff
      x-msedge-ref:
      - 'Ref A: ABC970BF48FE4F3391263D59F105B08C Ref B: CO6AA3150219051 Ref C: 2023-10-18T23:37:41Z'
    status:
      code: 200
      message: OK
- request:
    body: null
    headers:
      Accept:
      - '*/*'
      Accept-Encoding:
      - gzip, deflate
      CommandName:
      - search service update
      Connection:
      - keep-alive
      ParameterSetName:
      - -n -g --public-access
      User-Agent:
      - AZURECLI/2.53.0 (AAZ) azsdk-python-core/1.26.0 Python/3.10.11 (Windows-10-10.0.22621-SP0)
    method: GET
    uri: https://eastus2euap.management.azure.com/subscriptions/00000000-0000-0000-0000-000000000000/resourceGroups/azure_search_cli_test000001/providers/Microsoft.Search/searchServices/test000002?api-version=2022-09-01
  response:
    body:
      string: '{"id":"/subscriptions/00000000-0000-0000-0000-000000000000/resourceGroups/azure_search_cli_test000001/providers/Microsoft.Search/searchServices/test000002","name":"test000002","type":"Microsoft.Search/searchServices","location":"East
        US 2 EUAP","properties":{"replicaCount":1,"partitionCount":1,"status":"provisioning","statusDetails":"","provisioningState":"provisioning","hostingMode":"default","publicNetworkAccess":"Enabled","networkRuleSet":{"ipRules":[],"bypass":"None"},"privateEndpointConnections":[],"sharedPrivateLinkResources":[],"encryptionWithCmk":{"enforcement":"Unspecified","encryptionComplianceStatus":"Compliant"},"disableLocalAuth":false,"authOptions":{"apiKeyOnly":{}}},"sku":{"name":"basic"}}'
    headers:
      cache-control:
      - no-cache
      content-length:
      - '713'
      content-type:
      - application/json; charset=utf-8
      date:
      - Wed, 18 Oct 2023 23:38:12 GMT
      elapsed-time:
      - '530'
      etag:
      - W/"datetime'2023-10-18T23%3A36%3A10.0225334Z'"
      expires:
      - '-1'
      pragma:
      - no-cache
      request-id:
      - 1b9d2c2c-6e0f-11ee-a1f5-000d3aff5613
      strict-transport-security:
      - max-age=31536000; includeSubDomains
      x-cache:
      - CONFIG_NOCACHE
      x-content-type-options:
      - nosniff
      x-msedge-ref:
      - 'Ref A: 42368E73EFEF4436B2554618B8461ABF Ref B: CO6AA3150219051 Ref C: 2023-10-18T23:38:11Z'
    status:
      code: 200
      message: OK
- request:
    body: null
    headers:
      Accept:
      - '*/*'
      Accept-Encoding:
      - gzip, deflate
      CommandName:
      - search service update
      Connection:
      - keep-alive
      ParameterSetName:
      - -n -g --public-access
      User-Agent:
      - AZURECLI/2.53.0 (AAZ) azsdk-python-core/1.26.0 Python/3.10.11 (Windows-10-10.0.22621-SP0)
    method: GET
    uri: https://eastus2euap.management.azure.com/subscriptions/00000000-0000-0000-0000-000000000000/resourceGroups/azure_search_cli_test000001/providers/Microsoft.Search/searchServices/test000002?api-version=2022-09-01
  response:
    body:
      string: '{"id":"/subscriptions/00000000-0000-0000-0000-000000000000/resourceGroups/azure_search_cli_test000001/providers/Microsoft.Search/searchServices/test000002","name":"test000002","type":"Microsoft.Search/searchServices","location":"East
        US 2 EUAP","properties":{"replicaCount":1,"partitionCount":1,"status":"provisioning","statusDetails":"","provisioningState":"provisioning","hostingMode":"default","publicNetworkAccess":"Enabled","networkRuleSet":{"ipRules":[],"bypass":"None"},"privateEndpointConnections":[],"sharedPrivateLinkResources":[],"encryptionWithCmk":{"enforcement":"Unspecified","encryptionComplianceStatus":"Compliant"},"disableLocalAuth":false,"authOptions":{"apiKeyOnly":{}}},"sku":{"name":"basic"}}'
    headers:
      cache-control:
      - no-cache
      content-length:
      - '713'
      content-type:
      - application/json; charset=utf-8
      date:
      - Wed, 18 Oct 2023 23:38:42 GMT
      elapsed-time:
      - '285'
      etag:
      - W/"datetime'2023-10-18T23%3A36%3A10.0225334Z'"
      expires:
      - '-1'
      pragma:
      - no-cache
      request-id:
      - 1b9d2c2c-6e0f-11ee-a1f5-000d3aff5613
      strict-transport-security:
      - max-age=31536000; includeSubDomains
      x-cache:
      - CONFIG_NOCACHE
      x-content-type-options:
      - nosniff
      x-msedge-ref:
      - 'Ref A: 577D062373F642A2860DE73FB349035C Ref B: CO6AA3150219051 Ref C: 2023-10-18T23:38:42Z'
    status:
      code: 200
      message: OK
- request:
    body: null
    headers:
      Accept:
      - '*/*'
      Accept-Encoding:
      - gzip, deflate
      CommandName:
      - search service update
      Connection:
      - keep-alive
      ParameterSetName:
      - -n -g --public-access
      User-Agent:
      - AZURECLI/2.53.0 (AAZ) azsdk-python-core/1.26.0 Python/3.10.11 (Windows-10-10.0.22621-SP0)
    method: GET
    uri: https://eastus2euap.management.azure.com/subscriptions/00000000-0000-0000-0000-000000000000/resourceGroups/azure_search_cli_test000001/providers/Microsoft.Search/searchServices/test000002?api-version=2022-09-01
  response:
    body:
      string: '{"id":"/subscriptions/00000000-0000-0000-0000-000000000000/resourceGroups/azure_search_cli_test000001/providers/Microsoft.Search/searchServices/test000002","name":"test000002","type":"Microsoft.Search/searchServices","location":"East
        US 2 EUAP","properties":{"replicaCount":1,"partitionCount":1,"status":"provisioning","statusDetails":"","provisioningState":"provisioning","hostingMode":"default","publicNetworkAccess":"Enabled","networkRuleSet":{"ipRules":[],"bypass":"None"},"privateEndpointConnections":[],"sharedPrivateLinkResources":[],"encryptionWithCmk":{"enforcement":"Unspecified","encryptionComplianceStatus":"Compliant"},"disableLocalAuth":false,"authOptions":{"apiKeyOnly":{}}},"sku":{"name":"basic"}}'
    headers:
      cache-control:
      - no-cache
      content-length:
      - '713'
      content-type:
      - application/json; charset=utf-8
      date:
      - Wed, 18 Oct 2023 23:39:12 GMT
      elapsed-time:
      - '170'
      etag:
      - W/"datetime'2023-10-18T23%3A36%3A10.0225334Z'"
      expires:
      - '-1'
      pragma:
      - no-cache
      request-id:
      - 1b9d2c2c-6e0f-11ee-a1f5-000d3aff5613
      strict-transport-security:
      - max-age=31536000; includeSubDomains
      x-cache:
      - CONFIG_NOCACHE
      x-content-type-options:
      - nosniff
      x-msedge-ref:
      - 'Ref A: 50DF24CA598A46CFB878BBB4CA4EFCBC Ref B: CO6AA3150219051 Ref C: 2023-10-18T23:39:12Z'
    status:
      code: 200
      message: OK
- request:
    body: null
    headers:
      Accept:
      - '*/*'
      Accept-Encoding:
      - gzip, deflate
      CommandName:
      - search service update
      Connection:
      - keep-alive
      ParameterSetName:
      - -n -g --public-access
      User-Agent:
      - AZURECLI/2.53.0 (AAZ) azsdk-python-core/1.26.0 Python/3.10.11 (Windows-10-10.0.22621-SP0)
    method: GET
    uri: https://eastus2euap.management.azure.com/subscriptions/00000000-0000-0000-0000-000000000000/resourceGroups/azure_search_cli_test000001/providers/Microsoft.Search/searchServices/test000002?api-version=2022-09-01
  response:
    body:
      string: '{"id":"/subscriptions/00000000-0000-0000-0000-000000000000/resourceGroups/azure_search_cli_test000001/providers/Microsoft.Search/searchServices/test000002","name":"test000002","type":"Microsoft.Search/searchServices","location":"East
        US 2 EUAP","properties":{"replicaCount":1,"partitionCount":1,"status":"provisioning","statusDetails":"","provisioningState":"provisioning","hostingMode":"default","publicNetworkAccess":"Enabled","networkRuleSet":{"ipRules":[],"bypass":"None"},"privateEndpointConnections":[],"sharedPrivateLinkResources":[],"encryptionWithCmk":{"enforcement":"Unspecified","encryptionComplianceStatus":"Compliant"},"disableLocalAuth":false,"authOptions":{"apiKeyOnly":{}}},"sku":{"name":"basic"}}'
    headers:
      cache-control:
      - no-cache
      content-length:
      - '713'
      content-type:
      - application/json; charset=utf-8
      date:
      - Wed, 18 Oct 2023 23:39:43 GMT
      elapsed-time:
      - '199'
      etag:
      - W/"datetime'2023-10-18T23%3A36%3A10.0225334Z'"
      expires:
      - '-1'
      pragma:
      - no-cache
      request-id:
      - 1b9d2c2c-6e0f-11ee-a1f5-000d3aff5613
      strict-transport-security:
      - max-age=31536000; includeSubDomains
      x-cache:
      - CONFIG_NOCACHE
      x-content-type-options:
      - nosniff
      x-msedge-ref:
      - 'Ref A: E0799DB211834C6BB8D4688BF87F96C4 Ref B: CO6AA3150219051 Ref C: 2023-10-18T23:39:43Z'
    status:
      code: 200
      message: OK
- request:
    body: null
    headers:
      Accept:
      - '*/*'
      Accept-Encoding:
      - gzip, deflate
      CommandName:
      - search service update
      Connection:
      - keep-alive
      ParameterSetName:
      - -n -g --public-access
      User-Agent:
      - AZURECLI/2.53.0 (AAZ) azsdk-python-core/1.26.0 Python/3.10.11 (Windows-10-10.0.22621-SP0)
    method: GET
    uri: https://eastus2euap.management.azure.com/subscriptions/00000000-0000-0000-0000-000000000000/resourceGroups/azure_search_cli_test000001/providers/Microsoft.Search/searchServices/test000002?api-version=2022-09-01
  response:
    body:
      string: '{"id":"/subscriptions/00000000-0000-0000-0000-000000000000/resourceGroups/azure_search_cli_test000001/providers/Microsoft.Search/searchServices/test000002","name":"test000002","type":"Microsoft.Search/searchServices","location":"East
        US 2 EUAP","properties":{"replicaCount":1,"partitionCount":1,"status":"provisioning","statusDetails":"","provisioningState":"provisioning","hostingMode":"default","publicNetworkAccess":"Enabled","networkRuleSet":{"ipRules":[],"bypass":"None"},"privateEndpointConnections":[],"sharedPrivateLinkResources":[],"encryptionWithCmk":{"enforcement":"Unspecified","encryptionComplianceStatus":"Compliant"},"disableLocalAuth":false,"authOptions":{"apiKeyOnly":{}}},"sku":{"name":"basic"}}'
    headers:
      cache-control:
      - no-cache
      content-length:
      - '713'
      content-type:
      - application/json; charset=utf-8
      date:
      - Wed, 18 Oct 2023 23:40:13 GMT
      elapsed-time:
      - '225'
      etag:
      - W/"datetime'2023-10-18T23%3A36%3A10.0225334Z'"
      expires:
      - '-1'
      pragma:
      - no-cache
      request-id:
      - 1b9d2c2c-6e0f-11ee-a1f5-000d3aff5613
      strict-transport-security:
      - max-age=31536000; includeSubDomains
      x-cache:
      - CONFIG_NOCACHE
      x-content-type-options:
      - nosniff
      x-msedge-ref:
      - 'Ref A: CA7BEE05865141B99FD834266DC907E1 Ref B: CO6AA3150219051 Ref C: 2023-10-18T23:40:13Z'
    status:
      code: 200
      message: OK
- request:
    body: null
    headers:
      Accept:
      - '*/*'
      Accept-Encoding:
      - gzip, deflate
      CommandName:
      - search service update
      Connection:
      - keep-alive
      ParameterSetName:
      - -n -g --public-access
      User-Agent:
      - AZURECLI/2.53.0 (AAZ) azsdk-python-core/1.26.0 Python/3.10.11 (Windows-10-10.0.22621-SP0)
    method: GET
    uri: https://eastus2euap.management.azure.com/subscriptions/00000000-0000-0000-0000-000000000000/resourceGroups/azure_search_cli_test000001/providers/Microsoft.Search/searchServices/test000002?api-version=2022-09-01
  response:
    body:
      string: '{"id":"/subscriptions/00000000-0000-0000-0000-000000000000/resourceGroups/azure_search_cli_test000001/providers/Microsoft.Search/searchServices/test000002","name":"test000002","type":"Microsoft.Search/searchServices","location":"East
        US 2 EUAP","properties":{"replicaCount":1,"partitionCount":1,"status":"provisioning","statusDetails":"","provisioningState":"provisioning","hostingMode":"default","publicNetworkAccess":"Enabled","networkRuleSet":{"ipRules":[],"bypass":"None"},"privateEndpointConnections":[],"sharedPrivateLinkResources":[],"encryptionWithCmk":{"enforcement":"Unspecified","encryptionComplianceStatus":"Compliant"},"disableLocalAuth":false,"authOptions":{"apiKeyOnly":{}}},"sku":{"name":"basic"}}'
    headers:
      cache-control:
      - no-cache
      content-length:
      - '713'
      content-type:
      - application/json; charset=utf-8
      date:
      - Wed, 18 Oct 2023 23:40:43 GMT
      elapsed-time:
      - '225'
      etag:
      - W/"datetime'2023-10-18T23%3A36%3A10.0225334Z'"
      expires:
      - '-1'
      pragma:
      - no-cache
      request-id:
      - 1b9d2c2c-6e0f-11ee-a1f5-000d3aff5613
      strict-transport-security:
      - max-age=31536000; includeSubDomains
      x-cache:
      - CONFIG_NOCACHE
      x-content-type-options:
      - nosniff
      x-msedge-ref:
      - 'Ref A: 4D2CDD19F7CF4CF59337B33FE287FD41 Ref B: CO6AA3150219051 Ref C: 2023-10-18T23:40:43Z'
    status:
      code: 200
      message: OK
- request:
    body: null
    headers:
      Accept:
      - '*/*'
      Accept-Encoding:
      - gzip, deflate
      CommandName:
      - search service update
      Connection:
      - keep-alive
      ParameterSetName:
      - -n -g --public-access
      User-Agent:
      - AZURECLI/2.53.0 (AAZ) azsdk-python-core/1.26.0 Python/3.10.11 (Windows-10-10.0.22621-SP0)
    method: GET
    uri: https://eastus2euap.management.azure.com/subscriptions/00000000-0000-0000-0000-000000000000/resourceGroups/azure_search_cli_test000001/providers/Microsoft.Search/searchServices/test000002?api-version=2022-09-01
  response:
    body:
      string: '{"id":"/subscriptions/00000000-0000-0000-0000-000000000000/resourceGroups/azure_search_cli_test000001/providers/Microsoft.Search/searchServices/test000002","name":"test000002","type":"Microsoft.Search/searchServices","location":"East
        US 2 EUAP","properties":{"replicaCount":1,"partitionCount":1,"status":"provisioning","statusDetails":"","provisioningState":"provisioning","hostingMode":"default","publicNetworkAccess":"Enabled","networkRuleSet":{"ipRules":[],"bypass":"None"},"privateEndpointConnections":[],"sharedPrivateLinkResources":[],"encryptionWithCmk":{"enforcement":"Unspecified","encryptionComplianceStatus":"Compliant"},"disableLocalAuth":false,"authOptions":{"apiKeyOnly":{}}},"sku":{"name":"basic"}}'
    headers:
      cache-control:
      - no-cache
      content-length:
      - '713'
      content-type:
      - application/json; charset=utf-8
      date:
      - Wed, 18 Oct 2023 23:41:14 GMT
      elapsed-time:
      - '238'
      etag:
      - W/"datetime'2023-10-18T23%3A36%3A10.0225334Z'"
      expires:
      - '-1'
      pragma:
      - no-cache
      request-id:
      - 1b9d2c2c-6e0f-11ee-a1f5-000d3aff5613
      strict-transport-security:
      - max-age=31536000; includeSubDomains
      x-cache:
      - CONFIG_NOCACHE
      x-content-type-options:
      - nosniff
      x-msedge-ref:
      - 'Ref A: 717E6BEFC9DE4D45A78F70AF9E007EFD Ref B: CO6AA3150219051 Ref C: 2023-10-18T23:41:14Z'
    status:
      code: 200
      message: OK
- request:
    body: null
    headers:
      Accept:
      - '*/*'
      Accept-Encoding:
      - gzip, deflate
      CommandName:
      - search service update
      Connection:
      - keep-alive
      ParameterSetName:
      - -n -g --public-access
      User-Agent:
      - AZURECLI/2.53.0 (AAZ) azsdk-python-core/1.26.0 Python/3.10.11 (Windows-10-10.0.22621-SP0)
    method: GET
    uri: https://eastus2euap.management.azure.com/subscriptions/00000000-0000-0000-0000-000000000000/resourceGroups/azure_search_cli_test000001/providers/Microsoft.Search/searchServices/test000002?api-version=2022-09-01
  response:
    body:
      string: '{"id":"/subscriptions/00000000-0000-0000-0000-000000000000/resourceGroups/azure_search_cli_test000001/providers/Microsoft.Search/searchServices/test000002","name":"test000002","type":"Microsoft.Search/searchServices","location":"East
        US 2 EUAP","properties":{"replicaCount":1,"partitionCount":1,"status":"provisioning","statusDetails":"","provisioningState":"provisioning","hostingMode":"default","publicNetworkAccess":"Enabled","networkRuleSet":{"ipRules":[],"bypass":"None"},"privateEndpointConnections":[],"sharedPrivateLinkResources":[],"encryptionWithCmk":{"enforcement":"Unspecified","encryptionComplianceStatus":"Compliant"},"disableLocalAuth":false,"authOptions":{"apiKeyOnly":{}}},"sku":{"name":"basic"}}'
    headers:
      cache-control:
      - no-cache
      content-length:
      - '713'
      content-type:
      - application/json; charset=utf-8
      date:
      - Wed, 18 Oct 2023 23:41:44 GMT
      elapsed-time:
      - '225'
      etag:
      - W/"datetime'2023-10-18T23%3A36%3A10.0225334Z'"
      expires:
      - '-1'
      pragma:
      - no-cache
      request-id:
      - 1b9d2c2c-6e0f-11ee-a1f5-000d3aff5613
      strict-transport-security:
      - max-age=31536000; includeSubDomains
      x-cache:
      - CONFIG_NOCACHE
      x-content-type-options:
      - nosniff
      x-msedge-ref:
      - 'Ref A: E5A0B1891CED4270B2A02A3DA696909B Ref B: CO6AA3150219051 Ref C: 2023-10-18T23:41:44Z'
    status:
      code: 200
      message: OK
- request:
    body: null
    headers:
      Accept:
      - '*/*'
      Accept-Encoding:
      - gzip, deflate
      CommandName:
      - search service update
      Connection:
      - keep-alive
      ParameterSetName:
      - -n -g --public-access
      User-Agent:
      - AZURECLI/2.53.0 (AAZ) azsdk-python-core/1.26.0 Python/3.10.11 (Windows-10-10.0.22621-SP0)
    method: GET
    uri: https://eastus2euap.management.azure.com/subscriptions/00000000-0000-0000-0000-000000000000/resourceGroups/azure_search_cli_test000001/providers/Microsoft.Search/searchServices/test000002?api-version=2022-09-01
  response:
    body:
      string: '{"id":"/subscriptions/00000000-0000-0000-0000-000000000000/resourceGroups/azure_search_cli_test000001/providers/Microsoft.Search/searchServices/test000002","name":"test000002","type":"Microsoft.Search/searchServices","location":"East
        US 2 EUAP","properties":{"replicaCount":1,"partitionCount":1,"status":"provisioning","statusDetails":"","provisioningState":"provisioning","hostingMode":"default","publicNetworkAccess":"Enabled","networkRuleSet":{"ipRules":[],"bypass":"None"},"privateEndpointConnections":[],"sharedPrivateLinkResources":[],"encryptionWithCmk":{"enforcement":"Unspecified","encryptionComplianceStatus":"Compliant"},"disableLocalAuth":false,"authOptions":{"apiKeyOnly":{}}},"sku":{"name":"basic"}}'
    headers:
      cache-control:
      - no-cache
      content-length:
      - '713'
      content-type:
      - application/json; charset=utf-8
      date:
      - Wed, 18 Oct 2023 23:42:14 GMT
      elapsed-time:
      - '210'
      etag:
      - W/"datetime'2023-10-18T23%3A36%3A10.0225334Z'"
      expires:
      - '-1'
      pragma:
      - no-cache
      request-id:
      - 1b9d2c2c-6e0f-11ee-a1f5-000d3aff5613
      strict-transport-security:
      - max-age=31536000; includeSubDomains
      x-cache:
      - CONFIG_NOCACHE
      x-content-type-options:
      - nosniff
      x-msedge-ref:
      - 'Ref A: 03BF691760404224AE2D177950650676 Ref B: CO6AA3150219051 Ref C: 2023-10-18T23:42:14Z'
    status:
      code: 200
      message: OK
- request:
    body: null
    headers:
      Accept:
      - '*/*'
      Accept-Encoding:
      - gzip, deflate
      CommandName:
      - search service update
      Connection:
      - keep-alive
      ParameterSetName:
      - -n -g --public-access
      User-Agent:
      - AZURECLI/2.53.0 (AAZ) azsdk-python-core/1.26.0 Python/3.10.11 (Windows-10-10.0.22621-SP0)
    method: GET
    uri: https://eastus2euap.management.azure.com/subscriptions/00000000-0000-0000-0000-000000000000/resourceGroups/azure_search_cli_test000001/providers/Microsoft.Search/searchServices/test000002?api-version=2022-09-01
  response:
    body:
      string: '{"id":"/subscriptions/00000000-0000-0000-0000-000000000000/resourceGroups/azure_search_cli_test000001/providers/Microsoft.Search/searchServices/test000002","name":"test000002","type":"Microsoft.Search/searchServices","location":"East
        US 2 EUAP","properties":{"replicaCount":1,"partitionCount":1,"status":"provisioning","statusDetails":"","provisioningState":"provisioning","hostingMode":"default","publicNetworkAccess":"Enabled","networkRuleSet":{"ipRules":[],"bypass":"None"},"privateEndpointConnections":[],"sharedPrivateLinkResources":[],"encryptionWithCmk":{"enforcement":"Unspecified","encryptionComplianceStatus":"Compliant"},"disableLocalAuth":false,"authOptions":{"apiKeyOnly":{}}},"sku":{"name":"basic"}}'
    headers:
      cache-control:
      - no-cache
      content-length:
      - '713'
      content-type:
      - application/json; charset=utf-8
      date:
      - Wed, 18 Oct 2023 23:42:45 GMT
      elapsed-time:
      - '202'
      etag:
      - W/"datetime'2023-10-18T23%3A36%3A10.0225334Z'"
      expires:
      - '-1'
      pragma:
      - no-cache
      request-id:
      - 1b9d2c2c-6e0f-11ee-a1f5-000d3aff5613
      strict-transport-security:
      - max-age=31536000; includeSubDomains
      x-cache:
      - CONFIG_NOCACHE
      x-content-type-options:
      - nosniff
      x-msedge-ref:
      - 'Ref A: DC79F4BF2EB942419BDB2DC8BDA71622 Ref B: CO6AA3150219051 Ref C: 2023-10-18T23:42:45Z'
    status:
      code: 200
      message: OK
- request:
    body: null
    headers:
      Accept:
      - '*/*'
      Accept-Encoding:
      - gzip, deflate
      CommandName:
      - search service update
      Connection:
      - keep-alive
      ParameterSetName:
      - -n -g --public-access
      User-Agent:
      - AZURECLI/2.53.0 (AAZ) azsdk-python-core/1.26.0 Python/3.10.11 (Windows-10-10.0.22621-SP0)
    method: GET
    uri: https://eastus2euap.management.azure.com/subscriptions/00000000-0000-0000-0000-000000000000/resourceGroups/azure_search_cli_test000001/providers/Microsoft.Search/searchServices/test000002?api-version=2022-09-01
  response:
    body:
      string: '{"id":"/subscriptions/00000000-0000-0000-0000-000000000000/resourceGroups/azure_search_cli_test000001/providers/Microsoft.Search/searchServices/test000002","name":"test000002","type":"Microsoft.Search/searchServices","location":"East
        US 2 EUAP","properties":{"replicaCount":1,"partitionCount":1,"status":"provisioning","statusDetails":"","provisioningState":"provisioning","hostingMode":"default","publicNetworkAccess":"Enabled","networkRuleSet":{"ipRules":[],"bypass":"None"},"privateEndpointConnections":[],"sharedPrivateLinkResources":[],"encryptionWithCmk":{"enforcement":"Unspecified","encryptionComplianceStatus":"Compliant"},"disableLocalAuth":false,"authOptions":{"apiKeyOnly":{}}},"sku":{"name":"basic"}}'
    headers:
      cache-control:
      - no-cache
      content-length:
      - '713'
      content-type:
      - application/json; charset=utf-8
      date:
      - Wed, 18 Oct 2023 23:43:15 GMT
      elapsed-time:
      - '229'
      etag:
      - W/"datetime'2023-10-18T23%3A36%3A10.0225334Z'"
      expires:
      - '-1'
      pragma:
      - no-cache
      request-id:
      - 1b9d2c2c-6e0f-11ee-a1f5-000d3aff5613
      strict-transport-security:
      - max-age=31536000; includeSubDomains
      x-cache:
      - CONFIG_NOCACHE
      x-content-type-options:
      - nosniff
      x-msedge-ref:
      - 'Ref A: 08D0F0023F9B4B10839B484FD85BD841 Ref B: CO6AA3150219051 Ref C: 2023-10-18T23:43:15Z'
    status:
      code: 200
      message: OK
- request:
    body: null
    headers:
      Accept:
      - '*/*'
      Accept-Encoding:
      - gzip, deflate
      CommandName:
      - search service update
      Connection:
      - keep-alive
      ParameterSetName:
      - -n -g --public-access
      User-Agent:
      - AZURECLI/2.53.0 (AAZ) azsdk-python-core/1.26.0 Python/3.10.11 (Windows-10-10.0.22621-SP0)
    method: GET
    uri: https://eastus2euap.management.azure.com/subscriptions/00000000-0000-0000-0000-000000000000/resourceGroups/azure_search_cli_test000001/providers/Microsoft.Search/searchServices/test000002?api-version=2022-09-01
  response:
    body:
      string: '{"id":"/subscriptions/00000000-0000-0000-0000-000000000000/resourceGroups/azure_search_cli_test000001/providers/Microsoft.Search/searchServices/test000002","name":"test000002","type":"Microsoft.Search/searchServices","location":"East
        US 2 EUAP","properties":{"replicaCount":1,"partitionCount":1,"status":"provisioning","statusDetails":"","provisioningState":"provisioning","hostingMode":"default","publicNetworkAccess":"Enabled","networkRuleSet":{"ipRules":[],"bypass":"None"},"privateEndpointConnections":[],"sharedPrivateLinkResources":[],"encryptionWithCmk":{"enforcement":"Unspecified","encryptionComplianceStatus":"Compliant"},"disableLocalAuth":false,"authOptions":{"apiKeyOnly":{}}},"sku":{"name":"basic"}}'
    headers:
      cache-control:
      - no-cache
      content-length:
      - '713'
      content-type:
      - application/json; charset=utf-8
      date:
      - Wed, 18 Oct 2023 23:43:45 GMT
      elapsed-time:
      - '270'
      etag:
      - W/"datetime'2023-10-18T23%3A36%3A10.0225334Z'"
      expires:
      - '-1'
      pragma:
      - no-cache
      request-id:
      - 1b9d2c2c-6e0f-11ee-a1f5-000d3aff5613
      strict-transport-security:
      - max-age=31536000; includeSubDomains
      x-cache:
      - CONFIG_NOCACHE
      x-content-type-options:
      - nosniff
      x-msedge-ref:
      - 'Ref A: C279DBD25E2C4A2A9153FC997F2FD263 Ref B: CO6AA3150219051 Ref C: 2023-10-18T23:43:45Z'
    status:
      code: 200
      message: OK
- request:
    body: null
    headers:
      Accept:
      - '*/*'
      Accept-Encoding:
      - gzip, deflate
      CommandName:
      - search service update
      Connection:
      - keep-alive
      ParameterSetName:
      - -n -g --public-access
      User-Agent:
      - AZURECLI/2.53.0 (AAZ) azsdk-python-core/1.26.0 Python/3.10.11 (Windows-10-10.0.22621-SP0)
    method: GET
    uri: https://eastus2euap.management.azure.com/subscriptions/00000000-0000-0000-0000-000000000000/resourceGroups/azure_search_cli_test000001/providers/Microsoft.Search/searchServices/test000002?api-version=2022-09-01
  response:
    body:
      string: '{"id":"/subscriptions/00000000-0000-0000-0000-000000000000/resourceGroups/azure_search_cli_test000001/providers/Microsoft.Search/searchServices/test000002","name":"test000002","type":"Microsoft.Search/searchServices","location":"East
        US 2 EUAP","properties":{"replicaCount":1,"partitionCount":1,"status":"provisioning","statusDetails":"","provisioningState":"provisioning","hostingMode":"default","publicNetworkAccess":"Enabled","networkRuleSet":{"ipRules":[],"bypass":"None"},"privateEndpointConnections":[],"sharedPrivateLinkResources":[],"encryptionWithCmk":{"enforcement":"Unspecified","encryptionComplianceStatus":"Compliant"},"disableLocalAuth":false,"authOptions":{"apiKeyOnly":{}}},"sku":{"name":"basic"}}'
    headers:
      cache-control:
      - no-cache
      content-length:
      - '713'
      content-type:
      - application/json; charset=utf-8
      date:
      - Wed, 18 Oct 2023 23:44:16 GMT
      elapsed-time:
      - '192'
      etag:
      - W/"datetime'2023-10-18T23%3A36%3A10.0225334Z'"
      expires:
      - '-1'
      pragma:
      - no-cache
      request-id:
      - 1b9d2c2c-6e0f-11ee-a1f5-000d3aff5613
      strict-transport-security:
      - max-age=31536000; includeSubDomains
      x-cache:
      - CONFIG_NOCACHE
      x-content-type-options:
      - nosniff
      x-msedge-ref:
      - 'Ref A: 89B5824414BC477693C64C66C5BC8231 Ref B: CO6AA3150219051 Ref C: 2023-10-18T23:44:16Z'
    status:
      code: 200
      message: OK
- request:
    body: null
    headers:
      Accept:
      - '*/*'
      Accept-Encoding:
      - gzip, deflate
      CommandName:
      - search service update
      Connection:
      - keep-alive
      ParameterSetName:
      - -n -g --public-access
      User-Agent:
      - AZURECLI/2.53.0 (AAZ) azsdk-python-core/1.26.0 Python/3.10.11 (Windows-10-10.0.22621-SP0)
    method: GET
    uri: https://eastus2euap.management.azure.com/subscriptions/00000000-0000-0000-0000-000000000000/resourceGroups/azure_search_cli_test000001/providers/Microsoft.Search/searchServices/test000002?api-version=2022-09-01
  response:
    body:
      string: '{"id":"/subscriptions/00000000-0000-0000-0000-000000000000/resourceGroups/azure_search_cli_test000001/providers/Microsoft.Search/searchServices/test000002","name":"test000002","type":"Microsoft.Search/searchServices","location":"East
        US 2 EUAP","properties":{"replicaCount":1,"partitionCount":1,"status":"provisioning","statusDetails":"","provisioningState":"provisioning","hostingMode":"default","publicNetworkAccess":"Enabled","networkRuleSet":{"ipRules":[],"bypass":"None"},"privateEndpointConnections":[],"sharedPrivateLinkResources":[],"encryptionWithCmk":{"enforcement":"Unspecified","encryptionComplianceStatus":"Compliant"},"disableLocalAuth":false,"authOptions":{"apiKeyOnly":{}}},"sku":{"name":"basic"}}'
    headers:
      cache-control:
      - no-cache
      content-length:
      - '713'
      content-type:
      - application/json; charset=utf-8
      date:
      - Wed, 18 Oct 2023 23:44:46 GMT
      elapsed-time:
      - '263'
      etag:
      - W/"datetime'2023-10-18T23%3A36%3A10.0225334Z'"
      expires:
      - '-1'
      pragma:
      - no-cache
      request-id:
      - 1b9d2c2c-6e0f-11ee-a1f5-000d3aff5613
      strict-transport-security:
      - max-age=31536000; includeSubDomains
      x-cache:
      - CONFIG_NOCACHE
      x-content-type-options:
      - nosniff
      x-msedge-ref:
      - 'Ref A: 5B933A05C73A4D019ACBDF34612F97C6 Ref B: CO6AA3150219051 Ref C: 2023-10-18T23:44:46Z'
    status:
      code: 200
      message: OK
- request:
    body: null
    headers:
      Accept:
      - '*/*'
      Accept-Encoding:
      - gzip, deflate
      CommandName:
      - search service update
      Connection:
      - keep-alive
      ParameterSetName:
      - -n -g --public-access
      User-Agent:
      - AZURECLI/2.53.0 (AAZ) azsdk-python-core/1.26.0 Python/3.10.11 (Windows-10-10.0.22621-SP0)
    method: GET
    uri: https://eastus2euap.management.azure.com/subscriptions/00000000-0000-0000-0000-000000000000/resourceGroups/azure_search_cli_test000001/providers/Microsoft.Search/searchServices/test000002?api-version=2022-09-01
  response:
    body:
      string: '{"id":"/subscriptions/00000000-0000-0000-0000-000000000000/resourceGroups/azure_search_cli_test000001/providers/Microsoft.Search/searchServices/test000002","name":"test000002","type":"Microsoft.Search/searchServices","location":"East
        US 2 EUAP","properties":{"replicaCount":1,"partitionCount":1,"status":"provisioning","statusDetails":"","provisioningState":"provisioning","hostingMode":"default","publicNetworkAccess":"Enabled","networkRuleSet":{"ipRules":[],"bypass":"None"},"privateEndpointConnections":[],"sharedPrivateLinkResources":[],"encryptionWithCmk":{"enforcement":"Unspecified","encryptionComplianceStatus":"Compliant"},"disableLocalAuth":false,"authOptions":{"apiKeyOnly":{}}},"sku":{"name":"basic"}}'
    headers:
      cache-control:
      - no-cache
      content-length:
      - '713'
      content-type:
      - application/json; charset=utf-8
      date:
      - Wed, 18 Oct 2023 23:45:16 GMT
      elapsed-time:
      - '194'
      etag:
      - W/"datetime'2023-10-18T23%3A36%3A10.0225334Z'"
      expires:
      - '-1'
      pragma:
      - no-cache
      request-id:
      - 1b9d2c2c-6e0f-11ee-a1f5-000d3aff5613
      strict-transport-security:
      - max-age=31536000; includeSubDomains
      x-cache:
      - CONFIG_NOCACHE
      x-content-type-options:
      - nosniff
      x-msedge-ref:
      - 'Ref A: A43003C58EF144FAA6809BB940689A7C Ref B: CO6AA3150219051 Ref C: 2023-10-18T23:45:16Z'
    status:
      code: 200
      message: OK
- request:
    body: null
    headers:
      Accept:
      - '*/*'
      Accept-Encoding:
      - gzip, deflate
      CommandName:
      - search service update
      Connection:
      - keep-alive
      ParameterSetName:
      - -n -g --public-access
      User-Agent:
      - AZURECLI/2.53.0 (AAZ) azsdk-python-core/1.26.0 Python/3.10.11 (Windows-10-10.0.22621-SP0)
    method: GET
    uri: https://eastus2euap.management.azure.com/subscriptions/00000000-0000-0000-0000-000000000000/resourceGroups/azure_search_cli_test000001/providers/Microsoft.Search/searchServices/test000002?api-version=2022-09-01
  response:
    body:
      string: '{"id":"/subscriptions/00000000-0000-0000-0000-000000000000/resourceGroups/azure_search_cli_test000001/providers/Microsoft.Search/searchServices/test000002","name":"test000002","type":"Microsoft.Search/searchServices","location":"East
        US 2 EUAP","properties":{"replicaCount":1,"partitionCount":1,"status":"provisioning","statusDetails":"","provisioningState":"provisioning","hostingMode":"default","publicNetworkAccess":"Enabled","networkRuleSet":{"ipRules":[],"bypass":"None"},"privateEndpointConnections":[],"sharedPrivateLinkResources":[],"encryptionWithCmk":{"enforcement":"Unspecified","encryptionComplianceStatus":"Compliant"},"disableLocalAuth":false,"authOptions":{"apiKeyOnly":{}}},"sku":{"name":"basic"}}'
    headers:
      cache-control:
      - no-cache
      content-length:
      - '713'
      content-type:
      - application/json; charset=utf-8
      date:
      - Wed, 18 Oct 2023 23:45:47 GMT
      elapsed-time:
      - '237'
      etag:
      - W/"datetime'2023-10-18T23%3A36%3A10.0225334Z'"
      expires:
      - '-1'
      pragma:
      - no-cache
      request-id:
      - 1b9d2c2c-6e0f-11ee-a1f5-000d3aff5613
      strict-transport-security:
      - max-age=31536000; includeSubDomains
      x-cache:
      - CONFIG_NOCACHE
      x-content-type-options:
      - nosniff
      x-msedge-ref:
      - 'Ref A: 80DD7A90F12E4793A453804F9FF048D8 Ref B: CO6AA3150219051 Ref C: 2023-10-18T23:45:47Z'
    status:
      code: 200
      message: OK
- request:
    body: null
    headers:
      Accept:
      - '*/*'
      Accept-Encoding:
      - gzip, deflate
      CommandName:
      - search service update
      Connection:
      - keep-alive
      ParameterSetName:
      - -n -g --public-access
      User-Agent:
      - AZURECLI/2.53.0 (AAZ) azsdk-python-core/1.26.0 Python/3.10.11 (Windows-10-10.0.22621-SP0)
    method: GET
    uri: https://eastus2euap.management.azure.com/subscriptions/00000000-0000-0000-0000-000000000000/resourceGroups/azure_search_cli_test000001/providers/Microsoft.Search/searchServices/test000002?api-version=2022-09-01
  response:
    body:
      string: '{"id":"/subscriptions/00000000-0000-0000-0000-000000000000/resourceGroups/azure_search_cli_test000001/providers/Microsoft.Search/searchServices/test000002","name":"test000002","type":"Microsoft.Search/searchServices","location":"East
        US 2 EUAP","properties":{"replicaCount":1,"partitionCount":1,"status":"running","statusDetails":"","provisioningState":"succeeded","hostingMode":"default","publicNetworkAccess":"Enabled","networkRuleSet":{"ipRules":[],"bypass":"None"},"privateEndpointConnections":[],"sharedPrivateLinkResources":[],"encryptionWithCmk":{"enforcement":"Unspecified","encryptionComplianceStatus":"Compliant"},"disableLocalAuth":false,"authOptions":{"apiKeyOnly":{}}},"sku":{"name":"basic"}}'
    headers:
      cache-control:
      - no-cache
      content-length:
      - '705'
      content-type:
      - application/json; charset=utf-8
      date:
      - Wed, 18 Oct 2023 23:46:17 GMT
      elapsed-time:
      - '187'
      etag:
      - W/"datetime'2023-10-18T23%3A36%3A10.0225334Z'"
      expires:
      - '-1'
      pragma:
      - no-cache
      request-id:
      - 1b9d2c2c-6e0f-11ee-a1f5-000d3aff5613
      strict-transport-security:
      - max-age=31536000; includeSubDomains
      x-cache:
      - CONFIG_NOCACHE
      x-content-type-options:
      - nosniff
      x-msedge-ref:
      - 'Ref A: 6C643E669B044D7F82697F6BA00C9EA5 Ref B: CO6AA3150219051 Ref C: 2023-10-18T23:46:17Z'
    status:
      code: 200
      message: OK
- request:
    body: null
    headers:
      Accept:
      - application/json
      Accept-Encoding:
      - gzip, deflate
      CommandName:
      - search service update
      Connection:
      - keep-alive
      ParameterSetName:
      - -n -g --public-access
      User-Agent:
      - AZURECLI/2.53.0 (AAZ) azsdk-python-core/1.26.0 Python/3.10.11 (Windows-10-10.0.22621-SP0)
    method: GET
    uri: https://eastus2euap.management.azure.com/subscriptions/00000000-0000-0000-0000-000000000000/resourceGroups/azure_search_cli_test000001/providers/Microsoft.Search/searchServices/test000002?api-version=2022-09-01
  response:
    body:
      string: '{"id":"/subscriptions/00000000-0000-0000-0000-000000000000/resourceGroups/azure_search_cli_test000001/providers/Microsoft.Search/searchServices/test000002","name":"test000002","type":"Microsoft.Search/searchServices","location":"East
        US 2 EUAP","properties":{"replicaCount":1,"partitionCount":1,"status":"running","statusDetails":"","provisioningState":"succeeded","hostingMode":"default","publicNetworkAccess":"Enabled","networkRuleSet":{"ipRules":[],"bypass":"None"},"privateEndpointConnections":[],"sharedPrivateLinkResources":[],"encryptionWithCmk":{"enforcement":"Unspecified","encryptionComplianceStatus":"Compliant"},"disableLocalAuth":false,"authOptions":{"apiKeyOnly":{}}},"sku":{"name":"basic"}}'
    headers:
      cache-control:
      - no-cache
      content-length:
      - '705'
      content-type:
      - application/json; charset=utf-8
      date:
      - Wed, 18 Oct 2023 23:46:17 GMT
      elapsed-time:
      - '166'
      etag:
      - W/"datetime'2023-10-18T23%3A36%3A10.0225334Z'"
      expires:
      - '-1'
      pragma:
      - no-cache
      request-id:
      - 888b3cf1-6e10-11ee-acb1-000d3aff5613
      strict-transport-security:
      - max-age=31536000; includeSubDomains
      x-cache:
      - CONFIG_NOCACHE
      x-content-type-options:
      - nosniff
      x-msedge-ref:
      - 'Ref A: FF472BA4CF1F43D1A16D4B19B00F27CE Ref B: CO6AA3150220033 Ref C: 2023-10-18T23:46:18Z'
    status:
      code: 200
      message: OK
- request:
    body: '{"location": "East US 2 EUAP", "properties": {"authOptions": {"apiKeyOnly":
      {}}, "disableLocalAuth": false, "encryptionWithCmk": {"enforcement": "Unspecified"},
      "hostingMode": "default", "networkRuleSet": {"ipRules": []}, "partitionCount":
      1, "publicNetworkAccess": "disabled", "replicaCount": 1}, "sku": {"name": "basic"}}'
    headers:
      Accept:
      - application/json
      Accept-Encoding:
      - gzip, deflate
      CommandName:
      - search service update
      Connection:
      - keep-alive
      Content-Length:
      - '323'
      Content-Type:
      - application/json
      ParameterSetName:
      - -n -g --public-access
      User-Agent:
      - AZURECLI/2.53.0 (AAZ) azsdk-python-core/1.26.0 Python/3.10.11 (Windows-10-10.0.22621-SP0)
    method: PUT
    uri: https://eastus2euap.management.azure.com/subscriptions/00000000-0000-0000-0000-000000000000/resourceGroups/azure_search_cli_test000001/providers/Microsoft.Search/searchServices/test000002?api-version=2022-09-01
  response:
    body:
      string: '{"id":"/subscriptions/00000000-0000-0000-0000-000000000000/resourceGroups/azure_search_cli_test000001/providers/Microsoft.Search/searchServices/test000002","name":"test000002","type":"Microsoft.Search/searchServices","location":"East
        US 2 EUAP","properties":{"replicaCount":1,"partitionCount":1,"status":"provisioning","statusDetails":"","provisioningState":"provisioning","hostingMode":"default","publicNetworkAccess":"Disabled","networkRuleSet":{"ipRules":[],"bypass":"None"},"privateEndpointConnections":[],"sharedPrivateLinkResources":[],"encryptionWithCmk":{"enforcement":"Unspecified","encryptionComplianceStatus":"Compliant"},"disableLocalAuth":false,"authOptions":{"apiKeyOnly":{}}},"sku":{"name":"basic"}}'
    headers:
      cache-control:
      - no-cache
      content-length:
      - '714'
      content-type:
      - application/json; charset=utf-8
      date:
      - Wed, 18 Oct 2023 23:46:23 GMT
      elapsed-time:
      - '3418'
      etag:
      - W/"datetime'2023-10-18T23%3A46%3A22.892088Z'"
      expires:
      - '-1'
      pragma:
      - no-cache
      request-id:
      - 888b3cf1-6e10-11ee-acb1-000d3aff5613
      strict-transport-security:
      - max-age=31536000; includeSubDomains
      x-cache:
      - CONFIG_NOCACHE
      x-content-type-options:
      - nosniff
      x-ms-operation-identifier:
      - tenantId=72f988bf-86f1-41af-91ab-2d7cd011db47,objectId=44e5f686-35a1-4e2c-9ff3-7b6adafcd3c3/eastus2euap/c444c2dc-0dea-4d66-99a6-13f5becb57d5
      x-ms-ratelimit-remaining-subscription-writes:
      - '1198'
      x-msedge-ref:
      - 'Ref A: 845EA03EC2CF4131A25BBB8B773BDAE2 Ref B: CO6AA3150220033 Ref C: 2023-10-18T23:46:18Z'
    status:
      code: 200
      message: OK
- request:
    body: null
    headers:
      Accept:
      - '*/*'
      Accept-Encoding:
      - gzip, deflate
      CommandName:
      - search service update
      Connection:
      - keep-alive
      ParameterSetName:
      - -n -g --public-access
      User-Agent:
      - AZURECLI/2.53.0 (AAZ) azsdk-python-core/1.26.0 Python/3.10.11 (Windows-10-10.0.22621-SP0)
    method: GET
    uri: https://eastus2euap.management.azure.com/subscriptions/00000000-0000-0000-0000-000000000000/resourceGroups/azure_search_cli_test000001/providers/Microsoft.Search/searchServices/test000002?api-version=2022-09-01
  response:
    body:
      string: '{"id":"/subscriptions/00000000-0000-0000-0000-000000000000/resourceGroups/azure_search_cli_test000001/providers/Microsoft.Search/searchServices/test000002","name":"test000002","type":"Microsoft.Search/searchServices","location":"East
        US 2 EUAP","properties":{"replicaCount":1,"partitionCount":1,"status":"provisioning","statusDetails":"","provisioningState":"provisioning","hostingMode":"default","publicNetworkAccess":"Disabled","networkRuleSet":{"ipRules":[],"bypass":"None"},"privateEndpointConnections":[],"sharedPrivateLinkResources":[],"encryptionWithCmk":{"enforcement":"Unspecified","encryptionComplianceStatus":"Compliant"},"disableLocalAuth":false,"authOptions":{"apiKeyOnly":{}}},"sku":{"name":"basic"}}'
    headers:
      cache-control:
      - no-cache
      content-length:
      - '714'
      content-type:
      - application/json; charset=utf-8
      date:
      - Wed, 18 Oct 2023 23:46:23 GMT
      elapsed-time:
      - '217'
      etag:
      - W/"datetime'2023-10-18T23%3A46%3A22.892088Z'"
      expires:
      - '-1'
      pragma:
      - no-cache
      request-id:
      - 888b3cf1-6e10-11ee-acb1-000d3aff5613
      strict-transport-security:
      - max-age=31536000; includeSubDomains
      x-cache:
      - CONFIG_NOCACHE
      x-content-type-options:
      - nosniff
      x-msedge-ref:
      - 'Ref A: BF76C62FB0A542BE9595AADD32E21464 Ref B: CO6AA3150220033 Ref C: 2023-10-18T23:46:23Z'
    status:
      code: 200
      message: OK
- request:
    body: null
    headers:
      Accept:
      - '*/*'
      Accept-Encoding:
      - gzip, deflate
      CommandName:
      - search service update
      Connection:
      - keep-alive
      ParameterSetName:
      - -n -g --public-access
      User-Agent:
      - AZURECLI/2.53.0 (AAZ) azsdk-python-core/1.26.0 Python/3.10.11 (Windows-10-10.0.22621-SP0)
    method: GET
    uri: https://eastus2euap.management.azure.com/subscriptions/00000000-0000-0000-0000-000000000000/resourceGroups/azure_search_cli_test000001/providers/Microsoft.Search/searchServices/test000002?api-version=2022-09-01
  response:
    body:
      string: '{"id":"/subscriptions/00000000-0000-0000-0000-000000000000/resourceGroups/azure_search_cli_test000001/providers/Microsoft.Search/searchServices/test000002","name":"test000002","type":"Microsoft.Search/searchServices","location":"East
        US 2 EUAP","properties":{"replicaCount":1,"partitionCount":1,"status":"provisioning","statusDetails":"","provisioningState":"provisioning","hostingMode":"default","publicNetworkAccess":"Disabled","networkRuleSet":{"ipRules":[],"bypass":"None"},"privateEndpointConnections":[],"sharedPrivateLinkResources":[],"encryptionWithCmk":{"enforcement":"Unspecified","encryptionComplianceStatus":"Compliant"},"disableLocalAuth":false,"authOptions":{"apiKeyOnly":{}}},"sku":{"name":"basic"}}'
    headers:
      cache-control:
      - no-cache
      content-length:
      - '714'
      content-type:
      - application/json; charset=utf-8
      date:
      - Wed, 18 Oct 2023 23:46:53 GMT
      elapsed-time:
      - '338'
      etag:
      - W/"datetime'2023-10-18T23%3A46%3A22.892088Z'"
      expires:
      - '-1'
      pragma:
      - no-cache
      request-id:
      - 888b3cf1-6e10-11ee-acb1-000d3aff5613
      strict-transport-security:
      - max-age=31536000; includeSubDomains
      x-cache:
      - CONFIG_NOCACHE
      x-content-type-options:
      - nosniff
      x-msedge-ref:
      - 'Ref A: AB757579D72144139129DB32CFD5D22E Ref B: CO6AA3150220033 Ref C: 2023-10-18T23:46:53Z'
    status:
      code: 200
      message: OK
- request:
    body: null
    headers:
      Accept:
      - '*/*'
      Accept-Encoding:
      - gzip, deflate
      CommandName:
      - search service update
      Connection:
      - keep-alive
      ParameterSetName:
      - -n -g --public-access
      User-Agent:
      - AZURECLI/2.53.0 (AAZ) azsdk-python-core/1.26.0 Python/3.10.11 (Windows-10-10.0.22621-SP0)
    method: GET
    uri: https://eastus2euap.management.azure.com/subscriptions/00000000-0000-0000-0000-000000000000/resourceGroups/azure_search_cli_test000001/providers/Microsoft.Search/searchServices/test000002?api-version=2022-09-01
  response:
    body:
      string: '{"id":"/subscriptions/00000000-0000-0000-0000-000000000000/resourceGroups/azure_search_cli_test000001/providers/Microsoft.Search/searchServices/test000002","name":"test000002","type":"Microsoft.Search/searchServices","location":"East
        US 2 EUAP","properties":{"replicaCount":1,"partitionCount":1,"status":"provisioning","statusDetails":"","provisioningState":"provisioning","hostingMode":"default","publicNetworkAccess":"Disabled","networkRuleSet":{"ipRules":[],"bypass":"None"},"privateEndpointConnections":[],"sharedPrivateLinkResources":[],"encryptionWithCmk":{"enforcement":"Unspecified","encryptionComplianceStatus":"Compliant"},"disableLocalAuth":false,"authOptions":{"apiKeyOnly":{}}},"sku":{"name":"basic"}}'
    headers:
      cache-control:
      - no-cache
      content-length:
      - '714'
      content-type:
      - application/json; charset=utf-8
      date:
      - Wed, 18 Oct 2023 23:47:24 GMT
      elapsed-time:
      - '217'
      etag:
      - W/"datetime'2023-10-18T23%3A46%3A22.892088Z'"
      expires:
      - '-1'
      pragma:
      - no-cache
      request-id:
      - 888b3cf1-6e10-11ee-acb1-000d3aff5613
      strict-transport-security:
      - max-age=31536000; includeSubDomains
      x-cache:
      - CONFIG_NOCACHE
      x-content-type-options:
      - nosniff
      x-msedge-ref:
      - 'Ref A: B889BD3783EA49F7AE72C998C7BFE701 Ref B: CO6AA3150220033 Ref C: 2023-10-18T23:47:23Z'
    status:
      code: 200
      message: OK
- request:
    body: null
    headers:
      Accept:
      - '*/*'
      Accept-Encoding:
      - gzip, deflate
      CommandName:
      - search service update
      Connection:
      - keep-alive
      ParameterSetName:
      - -n -g --public-access
      User-Agent:
      - AZURECLI/2.53.0 (AAZ) azsdk-python-core/1.26.0 Python/3.10.11 (Windows-10-10.0.22621-SP0)
    method: GET
    uri: https://eastus2euap.management.azure.com/subscriptions/00000000-0000-0000-0000-000000000000/resourceGroups/azure_search_cli_test000001/providers/Microsoft.Search/searchServices/test000002?api-version=2022-09-01
  response:
    body:
      string: '{"id":"/subscriptions/00000000-0000-0000-0000-000000000000/resourceGroups/azure_search_cli_test000001/providers/Microsoft.Search/searchServices/test000002","name":"test000002","type":"Microsoft.Search/searchServices","location":"East
        US 2 EUAP","properties":{"replicaCount":1,"partitionCount":1,"status":"provisioning","statusDetails":"","provisioningState":"provisioning","hostingMode":"default","publicNetworkAccess":"Disabled","networkRuleSet":{"ipRules":[],"bypass":"None"},"privateEndpointConnections":[],"sharedPrivateLinkResources":[],"encryptionWithCmk":{"enforcement":"Unspecified","encryptionComplianceStatus":"Compliant"},"disableLocalAuth":false,"authOptions":{"apiKeyOnly":{}}},"sku":{"name":"basic"}}'
    headers:
      cache-control:
      - no-cache
      content-length:
      - '714'
      content-type:
      - application/json; charset=utf-8
      date:
      - Wed, 18 Oct 2023 23:47:54 GMT
      elapsed-time:
      - '364'
      etag:
      - W/"datetime'2023-10-18T23%3A46%3A22.892088Z'"
      expires:
      - '-1'
      pragma:
      - no-cache
      request-id:
      - 888b3cf1-6e10-11ee-acb1-000d3aff5613
      strict-transport-security:
      - max-age=31536000; includeSubDomains
      x-cache:
      - CONFIG_NOCACHE
      x-content-type-options:
      - nosniff
      x-msedge-ref:
      - 'Ref A: 136754627616484FABDE63B8411A4ECA Ref B: CO6AA3150220033 Ref C: 2023-10-18T23:47:54Z'
    status:
      code: 200
      message: OK
- request:
    body: null
    headers:
      Accept:
      - '*/*'
      Accept-Encoding:
      - gzip, deflate
      CommandName:
      - search service update
      Connection:
      - keep-alive
      ParameterSetName:
      - -n -g --public-access
      User-Agent:
      - AZURECLI/2.53.0 (AAZ) azsdk-python-core/1.26.0 Python/3.10.11 (Windows-10-10.0.22621-SP0)
    method: GET
    uri: https://eastus2euap.management.azure.com/subscriptions/00000000-0000-0000-0000-000000000000/resourceGroups/azure_search_cli_test000001/providers/Microsoft.Search/searchServices/test000002?api-version=2022-09-01
  response:
    body:
      string: '{"id":"/subscriptions/00000000-0000-0000-0000-000000000000/resourceGroups/azure_search_cli_test000001/providers/Microsoft.Search/searchServices/test000002","name":"test000002","type":"Microsoft.Search/searchServices","location":"East
        US 2 EUAP","properties":{"replicaCount":1,"partitionCount":1,"status":"provisioning","statusDetails":"","provisioningState":"provisioning","hostingMode":"default","publicNetworkAccess":"Disabled","networkRuleSet":{"ipRules":[],"bypass":"None"},"privateEndpointConnections":[],"sharedPrivateLinkResources":[],"encryptionWithCmk":{"enforcement":"Unspecified","encryptionComplianceStatus":"Compliant"},"disableLocalAuth":false,"authOptions":{"apiKeyOnly":{}}},"sku":{"name":"basic"}}'
    headers:
      cache-control:
      - no-cache
      content-length:
      - '714'
      content-type:
      - application/json; charset=utf-8
      date:
      - Wed, 18 Oct 2023 23:48:24 GMT
      elapsed-time:
      - '230'
      etag:
      - W/"datetime'2023-10-18T23%3A46%3A22.892088Z'"
      expires:
      - '-1'
      pragma:
      - no-cache
      request-id:
      - 888b3cf1-6e10-11ee-acb1-000d3aff5613
      strict-transport-security:
      - max-age=31536000; includeSubDomains
      x-cache:
      - CONFIG_NOCACHE
      x-content-type-options:
      - nosniff
      x-msedge-ref:
      - 'Ref A: 08EDA21BE4CE46088F53FD1BCADA7474 Ref B: CO6AA3150220033 Ref C: 2023-10-18T23:48:24Z'
    status:
      code: 200
      message: OK
- request:
    body: null
    headers:
      Accept:
      - '*/*'
      Accept-Encoding:
      - gzip, deflate
      CommandName:
      - search service update
      Connection:
      - keep-alive
      ParameterSetName:
      - -n -g --public-access
      User-Agent:
      - AZURECLI/2.53.0 (AAZ) azsdk-python-core/1.26.0 Python/3.10.11 (Windows-10-10.0.22621-SP0)
    method: GET
    uri: https://eastus2euap.management.azure.com/subscriptions/00000000-0000-0000-0000-000000000000/resourceGroups/azure_search_cli_test000001/providers/Microsoft.Search/searchServices/test000002?api-version=2022-09-01
  response:
    body:
      string: '{"id":"/subscriptions/00000000-0000-0000-0000-000000000000/resourceGroups/azure_search_cli_test000001/providers/Microsoft.Search/searchServices/test000002","name":"test000002","type":"Microsoft.Search/searchServices","location":"East
        US 2 EUAP","properties":{"replicaCount":1,"partitionCount":1,"status":"provisioning","statusDetails":"","provisioningState":"provisioning","hostingMode":"default","publicNetworkAccess":"Disabled","networkRuleSet":{"ipRules":[],"bypass":"None"},"privateEndpointConnections":[],"sharedPrivateLinkResources":[],"encryptionWithCmk":{"enforcement":"Unspecified","encryptionComplianceStatus":"Compliant"},"disableLocalAuth":false,"authOptions":{"apiKeyOnly":{}}},"sku":{"name":"basic"}}'
    headers:
      cache-control:
      - no-cache
      content-length:
      - '714'
      content-type:
      - application/json; charset=utf-8
      date:
      - Wed, 18 Oct 2023 23:48:55 GMT
      elapsed-time:
      - '184'
      etag:
      - W/"datetime'2023-10-18T23%3A46%3A22.892088Z'"
      expires:
      - '-1'
      pragma:
      - no-cache
      request-id:
      - 888b3cf1-6e10-11ee-acb1-000d3aff5613
      strict-transport-security:
      - max-age=31536000; includeSubDomains
      x-cache:
      - CONFIG_NOCACHE
      x-content-type-options:
      - nosniff
      x-msedge-ref:
      - 'Ref A: 122566CABD424056A8D203F1AC53A96A Ref B: CO6AA3150220033 Ref C: 2023-10-18T23:48:55Z'
    status:
      code: 200
      message: OK
- request:
    body: null
    headers:
      Accept:
      - '*/*'
      Accept-Encoding:
      - gzip, deflate
      CommandName:
      - search service update
      Connection:
      - keep-alive
      ParameterSetName:
      - -n -g --public-access
      User-Agent:
      - AZURECLI/2.53.0 (AAZ) azsdk-python-core/1.26.0 Python/3.10.11 (Windows-10-10.0.22621-SP0)
    method: GET
    uri: https://eastus2euap.management.azure.com/subscriptions/00000000-0000-0000-0000-000000000000/resourceGroups/azure_search_cli_test000001/providers/Microsoft.Search/searchServices/test000002?api-version=2022-09-01
  response:
    body:
      string: '{"id":"/subscriptions/00000000-0000-0000-0000-000000000000/resourceGroups/azure_search_cli_test000001/providers/Microsoft.Search/searchServices/test000002","name":"test000002","type":"Microsoft.Search/searchServices","location":"East
        US 2 EUAP","properties":{"replicaCount":1,"partitionCount":1,"status":"provisioning","statusDetails":"","provisioningState":"provisioning","hostingMode":"default","publicNetworkAccess":"Disabled","networkRuleSet":{"ipRules":[],"bypass":"None"},"privateEndpointConnections":[],"sharedPrivateLinkResources":[],"encryptionWithCmk":{"enforcement":"Unspecified","encryptionComplianceStatus":"Compliant"},"disableLocalAuth":false,"authOptions":{"apiKeyOnly":{}}},"sku":{"name":"basic"}}'
    headers:
      cache-control:
      - no-cache
      content-length:
      - '714'
      content-type:
      - application/json; charset=utf-8
      date:
      - Wed, 18 Oct 2023 23:49:25 GMT
      elapsed-time:
      - '222'
      etag:
      - W/"datetime'2023-10-18T23%3A46%3A22.892088Z'"
      expires:
      - '-1'
      pragma:
      - no-cache
      request-id:
      - 888b3cf1-6e10-11ee-acb1-000d3aff5613
      strict-transport-security:
      - max-age=31536000; includeSubDomains
      x-cache:
      - CONFIG_NOCACHE
      x-content-type-options:
      - nosniff
      x-msedge-ref:
      - 'Ref A: 78A21D2DF023479C9C2DC7BE0C8DEC9D Ref B: CO6AA3150220033 Ref C: 2023-10-18T23:49:25Z'
    status:
      code: 200
      message: OK
- request:
    body: null
    headers:
      Accept:
      - '*/*'
      Accept-Encoding:
      - gzip, deflate
      CommandName:
      - search service update
      Connection:
      - keep-alive
      ParameterSetName:
      - -n -g --public-access
      User-Agent:
      - AZURECLI/2.53.0 (AAZ) azsdk-python-core/1.26.0 Python/3.10.11 (Windows-10-10.0.22621-SP0)
    method: GET
    uri: https://eastus2euap.management.azure.com/subscriptions/00000000-0000-0000-0000-000000000000/resourceGroups/azure_search_cli_test000001/providers/Microsoft.Search/searchServices/test000002?api-version=2022-09-01
  response:
    body:
      string: '{"id":"/subscriptions/00000000-0000-0000-0000-000000000000/resourceGroups/azure_search_cli_test000001/providers/Microsoft.Search/searchServices/test000002","name":"test000002","type":"Microsoft.Search/searchServices","location":"East
        US 2 EUAP","properties":{"replicaCount":1,"partitionCount":1,"status":"provisioning","statusDetails":"","provisioningState":"provisioning","hostingMode":"default","publicNetworkAccess":"Disabled","networkRuleSet":{"ipRules":[],"bypass":"None"},"privateEndpointConnections":[],"sharedPrivateLinkResources":[],"encryptionWithCmk":{"enforcement":"Unspecified","encryptionComplianceStatus":"Compliant"},"disableLocalAuth":false,"authOptions":{"apiKeyOnly":{}}},"sku":{"name":"basic"}}'
    headers:
      cache-control:
      - no-cache
      content-length:
      - '714'
      content-type:
      - application/json; charset=utf-8
      date:
      - Wed, 18 Oct 2023 23:49:55 GMT
      elapsed-time:
      - '279'
      etag:
      - W/"datetime'2023-10-18T23%3A46%3A22.892088Z'"
      expires:
      - '-1'
      pragma:
      - no-cache
      request-id:
      - 888b3cf1-6e10-11ee-acb1-000d3aff5613
      strict-transport-security:
      - max-age=31536000; includeSubDomains
      x-cache:
      - CONFIG_NOCACHE
      x-content-type-options:
      - nosniff
      x-msedge-ref:
      - 'Ref A: A692D21928F9452B961A45379A2FAB1E Ref B: CO6AA3150220033 Ref C: 2023-10-18T23:49:55Z'
    status:
      code: 200
      message: OK
- request:
    body: null
    headers:
      Accept:
      - '*/*'
      Accept-Encoding:
      - gzip, deflate
      CommandName:
      - search service update
      Connection:
      - keep-alive
      ParameterSetName:
      - -n -g --public-access
      User-Agent:
      - AZURECLI/2.53.0 (AAZ) azsdk-python-core/1.26.0 Python/3.10.11 (Windows-10-10.0.22621-SP0)
    method: GET
    uri: https://eastus2euap.management.azure.com/subscriptions/00000000-0000-0000-0000-000000000000/resourceGroups/azure_search_cli_test000001/providers/Microsoft.Search/searchServices/test000002?api-version=2022-09-01
  response:
    body:
      string: '{"id":"/subscriptions/00000000-0000-0000-0000-000000000000/resourceGroups/azure_search_cli_test000001/providers/Microsoft.Search/searchServices/test000002","name":"test000002","type":"Microsoft.Search/searchServices","location":"East
        US 2 EUAP","properties":{"replicaCount":1,"partitionCount":1,"status":"provisioning","statusDetails":"","provisioningState":"provisioning","hostingMode":"default","publicNetworkAccess":"Disabled","networkRuleSet":{"ipRules":[],"bypass":"None"},"privateEndpointConnections":[],"sharedPrivateLinkResources":[],"encryptionWithCmk":{"enforcement":"Unspecified","encryptionComplianceStatus":"Compliant"},"disableLocalAuth":false,"authOptions":{"apiKeyOnly":{}}},"sku":{"name":"basic"}}'
    headers:
      cache-control:
      - no-cache
      content-length:
      - '714'
      content-type:
      - application/json; charset=utf-8
      date:
      - Wed, 18 Oct 2023 23:50:26 GMT
      elapsed-time:
      - '312'
      etag:
      - W/"datetime'2023-10-18T23%3A46%3A22.892088Z'"
      expires:
      - '-1'
      pragma:
      - no-cache
      request-id:
      - 888b3cf1-6e10-11ee-acb1-000d3aff5613
      strict-transport-security:
      - max-age=31536000; includeSubDomains
      x-cache:
      - CONFIG_NOCACHE
      x-content-type-options:
      - nosniff
      x-msedge-ref:
      - 'Ref A: AA68609899D94E5B813A4AEE70CF7B95 Ref B: CO6AA3150220033 Ref C: 2023-10-18T23:50:26Z'
    status:
      code: 200
      message: OK
- request:
    body: null
    headers:
      Accept:
      - '*/*'
      Accept-Encoding:
      - gzip, deflate
      CommandName:
      - search service update
      Connection:
      - keep-alive
      ParameterSetName:
      - -n -g --public-access
      User-Agent:
      - AZURECLI/2.53.0 (AAZ) azsdk-python-core/1.26.0 Python/3.10.11 (Windows-10-10.0.22621-SP0)
    method: GET
    uri: https://eastus2euap.management.azure.com/subscriptions/00000000-0000-0000-0000-000000000000/resourceGroups/azure_search_cli_test000001/providers/Microsoft.Search/searchServices/test000002?api-version=2022-09-01
  response:
    body:
      string: '{"id":"/subscriptions/00000000-0000-0000-0000-000000000000/resourceGroups/azure_search_cli_test000001/providers/Microsoft.Search/searchServices/test000002","name":"test000002","type":"Microsoft.Search/searchServices","location":"East
        US 2 EUAP","properties":{"replicaCount":1,"partitionCount":1,"status":"provisioning","statusDetails":"","provisioningState":"provisioning","hostingMode":"default","publicNetworkAccess":"Disabled","networkRuleSet":{"ipRules":[],"bypass":"None"},"privateEndpointConnections":[],"sharedPrivateLinkResources":[],"encryptionWithCmk":{"enforcement":"Unspecified","encryptionComplianceStatus":"Compliant"},"disableLocalAuth":false,"authOptions":{"apiKeyOnly":{}}},"sku":{"name":"basic"}}'
    headers:
      cache-control:
      - no-cache
      content-length:
      - '714'
      content-type:
      - application/json; charset=utf-8
      date:
      - Wed, 18 Oct 2023 23:50:56 GMT
      elapsed-time:
      - '386'
      etag:
      - W/"datetime'2023-10-18T23%3A46%3A22.892088Z'"
      expires:
      - '-1'
      pragma:
      - no-cache
      request-id:
      - 888b3cf1-6e10-11ee-acb1-000d3aff5613
      strict-transport-security:
      - max-age=31536000; includeSubDomains
      x-cache:
      - CONFIG_NOCACHE
      x-content-type-options:
      - nosniff
      x-msedge-ref:
      - 'Ref A: 96E1F740A7344F8D800C82C2FFB79EB8 Ref B: CO6AA3150220033 Ref C: 2023-10-18T23:50:56Z'
    status:
      code: 200
      message: OK
- request:
    body: null
    headers:
      Accept:
      - '*/*'
      Accept-Encoding:
      - gzip, deflate
      CommandName:
      - search service update
      Connection:
      - keep-alive
      ParameterSetName:
      - -n -g --public-access
      User-Agent:
      - AZURECLI/2.53.0 (AAZ) azsdk-python-core/1.26.0 Python/3.10.11 (Windows-10-10.0.22621-SP0)
    method: GET
    uri: https://eastus2euap.management.azure.com/subscriptions/00000000-0000-0000-0000-000000000000/resourceGroups/azure_search_cli_test000001/providers/Microsoft.Search/searchServices/test000002?api-version=2022-09-01
  response:
    body:
      string: '{"id":"/subscriptions/00000000-0000-0000-0000-000000000000/resourceGroups/azure_search_cli_test000001/providers/Microsoft.Search/searchServices/test000002","name":"test000002","type":"Microsoft.Search/searchServices","location":"East
        US 2 EUAP","properties":{"replicaCount":1,"partitionCount":1,"status":"provisioning","statusDetails":"","provisioningState":"provisioning","hostingMode":"default","publicNetworkAccess":"Disabled","networkRuleSet":{"ipRules":[],"bypass":"None"},"privateEndpointConnections":[],"sharedPrivateLinkResources":[],"encryptionWithCmk":{"enforcement":"Unspecified","encryptionComplianceStatus":"Compliant"},"disableLocalAuth":false,"authOptions":{"apiKeyOnly":{}}},"sku":{"name":"basic"}}'
    headers:
      cache-control:
      - no-cache
      content-length:
      - '714'
      content-type:
      - application/json; charset=utf-8
      date:
      - Wed, 18 Oct 2023 23:51:27 GMT
      elapsed-time:
      - '192'
      etag:
      - W/"datetime'2023-10-18T23%3A46%3A22.892088Z'"
      expires:
      - '-1'
      pragma:
      - no-cache
      request-id:
      - 888b3cf1-6e10-11ee-acb1-000d3aff5613
      strict-transport-security:
      - max-age=31536000; includeSubDomains
      x-cache:
      - CONFIG_NOCACHE
      x-content-type-options:
      - nosniff
      x-msedge-ref:
      - 'Ref A: 77992BAFDEBE4224841B6A6C19FD4935 Ref B: CO6AA3150220033 Ref C: 2023-10-18T23:51:27Z'
    status:
      code: 200
      message: OK
- request:
    body: null
    headers:
      Accept:
      - '*/*'
      Accept-Encoding:
      - gzip, deflate
      CommandName:
      - search service update
      Connection:
      - keep-alive
      ParameterSetName:
      - -n -g --public-access
      User-Agent:
      - AZURECLI/2.53.0 (AAZ) azsdk-python-core/1.26.0 Python/3.10.11 (Windows-10-10.0.22621-SP0)
    method: GET
    uri: https://eastus2euap.management.azure.com/subscriptions/00000000-0000-0000-0000-000000000000/resourceGroups/azure_search_cli_test000001/providers/Microsoft.Search/searchServices/test000002?api-version=2022-09-01
  response:
    body:
      string: '{"id":"/subscriptions/00000000-0000-0000-0000-000000000000/resourceGroups/azure_search_cli_test000001/providers/Microsoft.Search/searchServices/test000002","name":"test000002","type":"Microsoft.Search/searchServices","location":"East
        US 2 EUAP","properties":{"replicaCount":1,"partitionCount":1,"status":"provisioning","statusDetails":"","provisioningState":"provisioning","hostingMode":"default","publicNetworkAccess":"Disabled","networkRuleSet":{"ipRules":[],"bypass":"None"},"privateEndpointConnections":[],"sharedPrivateLinkResources":[],"encryptionWithCmk":{"enforcement":"Unspecified","encryptionComplianceStatus":"Compliant"},"disableLocalAuth":false,"authOptions":{"apiKeyOnly":{}}},"sku":{"name":"basic"}}'
    headers:
      cache-control:
      - no-cache
      content-length:
      - '714'
      content-type:
      - application/json; charset=utf-8
      date:
      - Wed, 18 Oct 2023 23:51:57 GMT
      elapsed-time:
      - '212'
      etag:
      - W/"datetime'2023-10-18T23%3A46%3A22.892088Z'"
      expires:
      - '-1'
      pragma:
      - no-cache
      request-id:
      - 888b3cf1-6e10-11ee-acb1-000d3aff5613
      strict-transport-security:
      - max-age=31536000; includeSubDomains
      x-cache:
      - CONFIG_NOCACHE
      x-content-type-options:
      - nosniff
      x-msedge-ref:
      - 'Ref A: 141A1AFF3BBB4DAA94F35D3B22083EF9 Ref B: CO6AA3150220033 Ref C: 2023-10-18T23:51:57Z'
    status:
      code: 200
      message: OK
- request:
    body: null
    headers:
      Accept:
      - '*/*'
      Accept-Encoding:
      - gzip, deflate
      CommandName:
      - search service update
      Connection:
      - keep-alive
      ParameterSetName:
      - -n -g --public-access
      User-Agent:
      - AZURECLI/2.53.0 (AAZ) azsdk-python-core/1.26.0 Python/3.10.11 (Windows-10-10.0.22621-SP0)
    method: GET
    uri: https://eastus2euap.management.azure.com/subscriptions/00000000-0000-0000-0000-000000000000/resourceGroups/azure_search_cli_test000001/providers/Microsoft.Search/searchServices/test000002?api-version=2022-09-01
  response:
    body:
      string: '{"id":"/subscriptions/00000000-0000-0000-0000-000000000000/resourceGroups/azure_search_cli_test000001/providers/Microsoft.Search/searchServices/test000002","name":"test000002","type":"Microsoft.Search/searchServices","location":"East
        US 2 EUAP","properties":{"replicaCount":1,"partitionCount":1,"status":"provisioning","statusDetails":"","provisioningState":"provisioning","hostingMode":"default","publicNetworkAccess":"Disabled","networkRuleSet":{"ipRules":[],"bypass":"None"},"privateEndpointConnections":[],"sharedPrivateLinkResources":[],"encryptionWithCmk":{"enforcement":"Unspecified","encryptionComplianceStatus":"Compliant"},"disableLocalAuth":false,"authOptions":{"apiKeyOnly":{}}},"sku":{"name":"basic"}}'
    headers:
      cache-control:
      - no-cache
      content-length:
      - '714'
      content-type:
      - application/json; charset=utf-8
      date:
      - Wed, 18 Oct 2023 23:52:27 GMT
      elapsed-time:
      - '210'
      etag:
      - W/"datetime'2023-10-18T23%3A46%3A22.892088Z'"
      expires:
      - '-1'
      pragma:
      - no-cache
      request-id:
      - 888b3cf1-6e10-11ee-acb1-000d3aff5613
      strict-transport-security:
      - max-age=31536000; includeSubDomains
      x-cache:
      - CONFIG_NOCACHE
      x-content-type-options:
      - nosniff
      x-msedge-ref:
      - 'Ref A: 563BBDC140364F3CA38EE423C0EA6776 Ref B: CO6AA3150220033 Ref C: 2023-10-18T23:52:27Z'
    status:
      code: 200
      message: OK
- request:
    body: null
    headers:
      Accept:
      - '*/*'
      Accept-Encoding:
      - gzip, deflate
      CommandName:
      - search service update
      Connection:
      - keep-alive
      ParameterSetName:
      - -n -g --public-access
      User-Agent:
      - AZURECLI/2.53.0 (AAZ) azsdk-python-core/1.26.0 Python/3.10.11 (Windows-10-10.0.22621-SP0)
    method: GET
    uri: https://eastus2euap.management.azure.com/subscriptions/00000000-0000-0000-0000-000000000000/resourceGroups/azure_search_cli_test000001/providers/Microsoft.Search/searchServices/test000002?api-version=2022-09-01
  response:
    body:
      string: '{"id":"/subscriptions/00000000-0000-0000-0000-000000000000/resourceGroups/azure_search_cli_test000001/providers/Microsoft.Search/searchServices/test000002","name":"test000002","type":"Microsoft.Search/searchServices","location":"East
        US 2 EUAP","properties":{"replicaCount":1,"partitionCount":1,"status":"provisioning","statusDetails":"","provisioningState":"provisioning","hostingMode":"default","publicNetworkAccess":"Disabled","networkRuleSet":{"ipRules":[],"bypass":"None"},"privateEndpointConnections":[],"sharedPrivateLinkResources":[],"encryptionWithCmk":{"enforcement":"Unspecified","encryptionComplianceStatus":"Compliant"},"disableLocalAuth":false,"authOptions":{"apiKeyOnly":{}}},"sku":{"name":"basic"}}'
    headers:
      cache-control:
      - no-cache
      content-length:
      - '714'
      content-type:
      - application/json; charset=utf-8
      date:
      - Wed, 18 Oct 2023 23:52:58 GMT
      elapsed-time:
      - '196'
      etag:
      - W/"datetime'2023-10-18T23%3A46%3A22.892088Z'"
      expires:
      - '-1'
      pragma:
      - no-cache
      request-id:
      - 888b3cf1-6e10-11ee-acb1-000d3aff5613
      strict-transport-security:
      - max-age=31536000; includeSubDomains
      x-cache:
      - CONFIG_NOCACHE
      x-content-type-options:
      - nosniff
      x-msedge-ref:
      - 'Ref A: 7579B992526A4A91B52CCA96A05CA253 Ref B: CO6AA3150220033 Ref C: 2023-10-18T23:52:58Z'
    status:
      code: 200
      message: OK
- request:
    body: null
    headers:
      Accept:
      - '*/*'
      Accept-Encoding:
      - gzip, deflate
      CommandName:
      - search service update
      Connection:
      - keep-alive
      ParameterSetName:
      - -n -g --public-access
      User-Agent:
      - AZURECLI/2.53.0 (AAZ) azsdk-python-core/1.26.0 Python/3.10.11 (Windows-10-10.0.22621-SP0)
    method: GET
    uri: https://eastus2euap.management.azure.com/subscriptions/00000000-0000-0000-0000-000000000000/resourceGroups/azure_search_cli_test000001/providers/Microsoft.Search/searchServices/test000002?api-version=2022-09-01
  response:
    body:
      string: '{"id":"/subscriptions/00000000-0000-0000-0000-000000000000/resourceGroups/azure_search_cli_test000001/providers/Microsoft.Search/searchServices/test000002","name":"test000002","type":"Microsoft.Search/searchServices","location":"East
        US 2 EUAP","properties":{"replicaCount":1,"partitionCount":1,"status":"provisioning","statusDetails":"","provisioningState":"provisioning","hostingMode":"default","publicNetworkAccess":"Disabled","networkRuleSet":{"ipRules":[],"bypass":"None"},"privateEndpointConnections":[],"sharedPrivateLinkResources":[],"encryptionWithCmk":{"enforcement":"Unspecified","encryptionComplianceStatus":"Compliant"},"disableLocalAuth":false,"authOptions":{"apiKeyOnly":{}}},"sku":{"name":"basic"}}'
    headers:
      cache-control:
      - no-cache
      content-length:
      - '714'
      content-type:
      - application/json; charset=utf-8
      date:
      - Wed, 18 Oct 2023 23:53:28 GMT
      elapsed-time:
      - '361'
      etag:
      - W/"datetime'2023-10-18T23%3A46%3A22.892088Z'"
      expires:
      - '-1'
      pragma:
      - no-cache
      request-id:
      - 888b3cf1-6e10-11ee-acb1-000d3aff5613
      strict-transport-security:
      - max-age=31536000; includeSubDomains
      x-cache:
      - CONFIG_NOCACHE
      x-content-type-options:
      - nosniff
      x-msedge-ref:
      - 'Ref A: AFCD104B8ABA4966B201D92BB3E94674 Ref B: CO6AA3150220033 Ref C: 2023-10-18T23:53:28Z'
    status:
      code: 200
      message: OK
- request:
    body: null
    headers:
      Accept:
      - '*/*'
      Accept-Encoding:
      - gzip, deflate
      CommandName:
      - search service update
      Connection:
      - keep-alive
      ParameterSetName:
      - -n -g --public-access
      User-Agent:
      - AZURECLI/2.53.0 (AAZ) azsdk-python-core/1.26.0 Python/3.10.11 (Windows-10-10.0.22621-SP0)
    method: GET
    uri: https://eastus2euap.management.azure.com/subscriptions/00000000-0000-0000-0000-000000000000/resourceGroups/azure_search_cli_test000001/providers/Microsoft.Search/searchServices/test000002?api-version=2022-09-01
  response:
    body:
      string: '{"id":"/subscriptions/00000000-0000-0000-0000-000000000000/resourceGroups/azure_search_cli_test000001/providers/Microsoft.Search/searchServices/test000002","name":"test000002","type":"Microsoft.Search/searchServices","location":"East
        US 2 EUAP","properties":{"replicaCount":1,"partitionCount":1,"status":"provisioning","statusDetails":"","provisioningState":"provisioning","hostingMode":"default","publicNetworkAccess":"Disabled","networkRuleSet":{"ipRules":[],"bypass":"None"},"privateEndpointConnections":[],"sharedPrivateLinkResources":[],"encryptionWithCmk":{"enforcement":"Unspecified","encryptionComplianceStatus":"Compliant"},"disableLocalAuth":false,"authOptions":{"apiKeyOnly":{}}},"sku":{"name":"basic"}}'
    headers:
      cache-control:
      - no-cache
      content-length:
      - '714'
      content-type:
      - application/json; charset=utf-8
      date:
      - Wed, 18 Oct 2023 23:53:58 GMT
      elapsed-time:
      - '286'
      etag:
      - W/"datetime'2023-10-18T23%3A46%3A22.892088Z'"
      expires:
      - '-1'
      pragma:
      - no-cache
      request-id:
      - 888b3cf1-6e10-11ee-acb1-000d3aff5613
      strict-transport-security:
      - max-age=31536000; includeSubDomains
      x-cache:
      - CONFIG_NOCACHE
      x-content-type-options:
      - nosniff
      x-msedge-ref:
      - 'Ref A: 8DD613606D874DC49F4829A6B056B4EE Ref B: CO6AA3150220033 Ref C: 2023-10-18T23:53:59Z'
    status:
      code: 200
      message: OK
- request:
    body: null
    headers:
      Accept:
      - '*/*'
      Accept-Encoding:
      - gzip, deflate
      CommandName:
      - search service update
      Connection:
      - keep-alive
      ParameterSetName:
      - -n -g --public-access
      User-Agent:
      - AZURECLI/2.53.0 (AAZ) azsdk-python-core/1.26.0 Python/3.10.11 (Windows-10-10.0.22621-SP0)
    method: GET
    uri: https://eastus2euap.management.azure.com/subscriptions/00000000-0000-0000-0000-000000000000/resourceGroups/azure_search_cli_test000001/providers/Microsoft.Search/searchServices/test000002?api-version=2022-09-01
  response:
    body:
      string: '{"id":"/subscriptions/00000000-0000-0000-0000-000000000000/resourceGroups/azure_search_cli_test000001/providers/Microsoft.Search/searchServices/test000002","name":"test000002","type":"Microsoft.Search/searchServices","location":"East
        US 2 EUAP","properties":{"replicaCount":1,"partitionCount":1,"status":"provisioning","statusDetails":"","provisioningState":"provisioning","hostingMode":"default","publicNetworkAccess":"Disabled","networkRuleSet":{"ipRules":[],"bypass":"None"},"privateEndpointConnections":[],"sharedPrivateLinkResources":[],"encryptionWithCmk":{"enforcement":"Unspecified","encryptionComplianceStatus":"Compliant"},"disableLocalAuth":false,"authOptions":{"apiKeyOnly":{}}},"sku":{"name":"basic"}}'
    headers:
      cache-control:
      - no-cache
      content-length:
      - '714'
      content-type:
      - application/json; charset=utf-8
      date:
      - Wed, 18 Oct 2023 23:54:29 GMT
      elapsed-time:
      - '169'
      etag:
      - W/"datetime'2023-10-18T23%3A46%3A22.892088Z'"
      expires:
      - '-1'
      pragma:
      - no-cache
      request-id:
      - 888b3cf1-6e10-11ee-acb1-000d3aff5613
      strict-transport-security:
      - max-age=31536000; includeSubDomains
      x-cache:
      - CONFIG_NOCACHE
      x-content-type-options:
      - nosniff
      x-msedge-ref:
      - 'Ref A: 883364150C3448419D5DBEB8A6F595A1 Ref B: CO6AA3150220033 Ref C: 2023-10-18T23:54:29Z'
    status:
      code: 200
      message: OK
- request:
    body: null
    headers:
      Accept:
      - '*/*'
      Accept-Encoding:
      - gzip, deflate
      CommandName:
      - search service update
      Connection:
      - keep-alive
      ParameterSetName:
      - -n -g --public-access
      User-Agent:
      - AZURECLI/2.53.0 (AAZ) azsdk-python-core/1.26.0 Python/3.10.11 (Windows-10-10.0.22621-SP0)
    method: GET
    uri: https://eastus2euap.management.azure.com/subscriptions/00000000-0000-0000-0000-000000000000/resourceGroups/azure_search_cli_test000001/providers/Microsoft.Search/searchServices/test000002?api-version=2022-09-01
  response:
    body:
      string: '{"id":"/subscriptions/00000000-0000-0000-0000-000000000000/resourceGroups/azure_search_cli_test000001/providers/Microsoft.Search/searchServices/test000002","name":"test000002","type":"Microsoft.Search/searchServices","location":"East
        US 2 EUAP","properties":{"replicaCount":1,"partitionCount":1,"status":"provisioning","statusDetails":"","provisioningState":"provisioning","hostingMode":"default","publicNetworkAccess":"Disabled","networkRuleSet":{"ipRules":[],"bypass":"None"},"privateEndpointConnections":[],"sharedPrivateLinkResources":[],"encryptionWithCmk":{"enforcement":"Unspecified","encryptionComplianceStatus":"Compliant"},"disableLocalAuth":false,"authOptions":{"apiKeyOnly":{}}},"sku":{"name":"basic"}}'
    headers:
      cache-control:
      - no-cache
      content-length:
      - '714'
      content-type:
      - application/json; charset=utf-8
      date:
      - Wed, 18 Oct 2023 23:54:59 GMT
      elapsed-time:
      - '177'
      etag:
      - W/"datetime'2023-10-18T23%3A46%3A22.892088Z'"
      expires:
      - '-1'
      pragma:
      - no-cache
      request-id:
      - 888b3cf1-6e10-11ee-acb1-000d3aff5613
      strict-transport-security:
      - max-age=31536000; includeSubDomains
      x-cache:
      - CONFIG_NOCACHE
      x-content-type-options:
      - nosniff
      x-msedge-ref:
      - 'Ref A: AFD795A62F9D4E61B0F1416D74680DFE Ref B: CO6AA3150220033 Ref C: 2023-10-18T23:54:59Z'
    status:
      code: 200
      message: OK
- request:
    body: null
    headers:
      Accept:
      - '*/*'
      Accept-Encoding:
      - gzip, deflate
      CommandName:
      - search service update
      Connection:
      - keep-alive
      ParameterSetName:
      - -n -g --public-access
      User-Agent:
      - AZURECLI/2.53.0 (AAZ) azsdk-python-core/1.26.0 Python/3.10.11 (Windows-10-10.0.22621-SP0)
    method: GET
    uri: https://eastus2euap.management.azure.com/subscriptions/00000000-0000-0000-0000-000000000000/resourceGroups/azure_search_cli_test000001/providers/Microsoft.Search/searchServices/test000002?api-version=2022-09-01
  response:
    body:
      string: '{"id":"/subscriptions/00000000-0000-0000-0000-000000000000/resourceGroups/azure_search_cli_test000001/providers/Microsoft.Search/searchServices/test000002","name":"test000002","type":"Microsoft.Search/searchServices","location":"East
        US 2 EUAP","properties":{"replicaCount":1,"partitionCount":1,"status":"provisioning","statusDetails":"","provisioningState":"provisioning","hostingMode":"default","publicNetworkAccess":"Disabled","networkRuleSet":{"ipRules":[],"bypass":"None"},"privateEndpointConnections":[],"sharedPrivateLinkResources":[],"encryptionWithCmk":{"enforcement":"Unspecified","encryptionComplianceStatus":"Compliant"},"disableLocalAuth":false,"authOptions":{"apiKeyOnly":{}}},"sku":{"name":"basic"}}'
    headers:
      cache-control:
      - no-cache
      content-length:
      - '714'
      content-type:
      - application/json; charset=utf-8
      date:
      - Wed, 18 Oct 2023 23:55:29 GMT
      elapsed-time:
      - '259'
      etag:
      - W/"datetime'2023-10-18T23%3A46%3A22.892088Z'"
      expires:
      - '-1'
      pragma:
      - no-cache
      request-id:
      - 888b3cf1-6e10-11ee-acb1-000d3aff5613
      strict-transport-security:
      - max-age=31536000; includeSubDomains
      x-cache:
      - CONFIG_NOCACHE
      x-content-type-options:
      - nosniff
      x-msedge-ref:
      - 'Ref A: 1AC89811D64D463880538FA0F38AF30A Ref B: CO6AA3150220033 Ref C: 2023-10-18T23:55:30Z'
    status:
      code: 200
      message: OK
- request:
    body: null
    headers:
      Accept:
      - '*/*'
      Accept-Encoding:
      - gzip, deflate
      CommandName:
      - search service update
      Connection:
      - keep-alive
      ParameterSetName:
      - -n -g --public-access
      User-Agent:
      - AZURECLI/2.53.0 (AAZ) azsdk-python-core/1.26.0 Python/3.10.11 (Windows-10-10.0.22621-SP0)
    method: GET
    uri: https://eastus2euap.management.azure.com/subscriptions/00000000-0000-0000-0000-000000000000/resourceGroups/azure_search_cli_test000001/providers/Microsoft.Search/searchServices/test000002?api-version=2022-09-01
  response:
    body:
      string: '{"id":"/subscriptions/00000000-0000-0000-0000-000000000000/resourceGroups/azure_search_cli_test000001/providers/Microsoft.Search/searchServices/test000002","name":"test000002","type":"Microsoft.Search/searchServices","location":"East
        US 2 EUAP","properties":{"replicaCount":1,"partitionCount":1,"status":"provisioning","statusDetails":"","provisioningState":"provisioning","hostingMode":"default","publicNetworkAccess":"Disabled","networkRuleSet":{"ipRules":[],"bypass":"None"},"privateEndpointConnections":[],"sharedPrivateLinkResources":[],"encryptionWithCmk":{"enforcement":"Unspecified","encryptionComplianceStatus":"Compliant"},"disableLocalAuth":false,"authOptions":{"apiKeyOnly":{}}},"sku":{"name":"basic"}}'
    headers:
      cache-control:
      - no-cache
      content-length:
      - '714'
      content-type:
      - application/json; charset=utf-8
      date:
      - Wed, 18 Oct 2023 23:56:00 GMT
      elapsed-time:
      - '239'
      etag:
      - W/"datetime'2023-10-18T23%3A46%3A22.892088Z'"
      expires:
      - '-1'
      pragma:
      - no-cache
      request-id:
      - 888b3cf1-6e10-11ee-acb1-000d3aff5613
      strict-transport-security:
      - max-age=31536000; includeSubDomains
      x-cache:
      - CONFIG_NOCACHE
      x-content-type-options:
      - nosniff
      x-msedge-ref:
      - 'Ref A: DC0D8B49E9DB43C69BE5C227704CA4DB Ref B: CO6AA3150220033 Ref C: 2023-10-18T23:56:00Z'
    status:
      code: 200
      message: OK
- request:
    body: null
    headers:
      Accept:
      - '*/*'
      Accept-Encoding:
      - gzip, deflate
      CommandName:
      - search service update
      Connection:
      - keep-alive
      ParameterSetName:
      - -n -g --public-access
      User-Agent:
      - AZURECLI/2.53.0 (AAZ) azsdk-python-core/1.26.0 Python/3.10.11 (Windows-10-10.0.22621-SP0)
    method: GET
    uri: https://eastus2euap.management.azure.com/subscriptions/00000000-0000-0000-0000-000000000000/resourceGroups/azure_search_cli_test000001/providers/Microsoft.Search/searchServices/test000002?api-version=2022-09-01
  response:
    body:
      string: '{"id":"/subscriptions/00000000-0000-0000-0000-000000000000/resourceGroups/azure_search_cli_test000001/providers/Microsoft.Search/searchServices/test000002","name":"test000002","type":"Microsoft.Search/searchServices","location":"East
        US 2 EUAP","properties":{"replicaCount":1,"partitionCount":1,"status":"provisioning","statusDetails":"","provisioningState":"provisioning","hostingMode":"default","publicNetworkAccess":"Disabled","networkRuleSet":{"ipRules":[],"bypass":"None"},"privateEndpointConnections":[],"sharedPrivateLinkResources":[],"encryptionWithCmk":{"enforcement":"Unspecified","encryptionComplianceStatus":"Compliant"},"disableLocalAuth":false,"authOptions":{"apiKeyOnly":{}}},"sku":{"name":"basic"}}'
    headers:
      cache-control:
      - no-cache
      content-length:
      - '714'
      content-type:
      - application/json; charset=utf-8
      date:
      - Wed, 18 Oct 2023 23:56:30 GMT
      elapsed-time:
      - '247'
      etag:
      - W/"datetime'2023-10-18T23%3A46%3A22.892088Z'"
      expires:
      - '-1'
      pragma:
      - no-cache
      request-id:
      - 888b3cf1-6e10-11ee-acb1-000d3aff5613
      strict-transport-security:
      - max-age=31536000; includeSubDomains
      x-cache:
      - CONFIG_NOCACHE
      x-content-type-options:
      - nosniff
      x-msedge-ref:
      - 'Ref A: 04D1A8E530B849B88AA5C0CF48C5B2D5 Ref B: CO6AA3150220033 Ref C: 2023-10-18T23:56:30Z'
    status:
      code: 200
      message: OK
- request:
    body: null
    headers:
      Accept:
      - '*/*'
      Accept-Encoding:
      - gzip, deflate
      CommandName:
      - search service update
      Connection:
      - keep-alive
      ParameterSetName:
      - -n -g --public-access
      User-Agent:
      - AZURECLI/2.53.0 (AAZ) azsdk-python-core/1.26.0 Python/3.10.11 (Windows-10-10.0.22621-SP0)
    method: GET
    uri: https://eastus2euap.management.azure.com/subscriptions/00000000-0000-0000-0000-000000000000/resourceGroups/azure_search_cli_test000001/providers/Microsoft.Search/searchServices/test000002?api-version=2022-09-01
  response:
    body:
      string: '{"id":"/subscriptions/00000000-0000-0000-0000-000000000000/resourceGroups/azure_search_cli_test000001/providers/Microsoft.Search/searchServices/test000002","name":"test000002","type":"Microsoft.Search/searchServices","location":"East
        US 2 EUAP","properties":{"replicaCount":1,"partitionCount":1,"status":"provisioning","statusDetails":"","provisioningState":"provisioning","hostingMode":"default","publicNetworkAccess":"Disabled","networkRuleSet":{"ipRules":[],"bypass":"None"},"privateEndpointConnections":[],"sharedPrivateLinkResources":[],"encryptionWithCmk":{"enforcement":"Unspecified","encryptionComplianceStatus":"Compliant"},"disableLocalAuth":false,"authOptions":{"apiKeyOnly":{}}},"sku":{"name":"basic"}}'
    headers:
      cache-control:
      - no-cache
      content-length:
      - '714'
      content-type:
      - application/json; charset=utf-8
      date:
      - Wed, 18 Oct 2023 23:57:00 GMT
      elapsed-time:
      - '293'
      etag:
      - W/"datetime'2023-10-18T23%3A46%3A22.892088Z'"
      expires:
      - '-1'
      pragma:
      - no-cache
      request-id:
      - 888b3cf1-6e10-11ee-acb1-000d3aff5613
      strict-transport-security:
      - max-age=31536000; includeSubDomains
      x-cache:
      - CONFIG_NOCACHE
      x-content-type-options:
      - nosniff
      x-msedge-ref:
      - 'Ref A: E3602070F620408FADB87B2D9FA51076 Ref B: CO6AA3150220033 Ref C: 2023-10-18T23:57:01Z'
    status:
      code: 200
      message: OK
- request:
    body: null
    headers:
      Accept:
      - '*/*'
      Accept-Encoding:
      - gzip, deflate
      CommandName:
      - search service update
      Connection:
      - keep-alive
      ParameterSetName:
      - -n -g --public-access
      User-Agent:
      - AZURECLI/2.53.0 (AAZ) azsdk-python-core/1.26.0 Python/3.10.11 (Windows-10-10.0.22621-SP0)
    method: GET
    uri: https://eastus2euap.management.azure.com/subscriptions/00000000-0000-0000-0000-000000000000/resourceGroups/azure_search_cli_test000001/providers/Microsoft.Search/searchServices/test000002?api-version=2022-09-01
  response:
    body:
      string: '{"id":"/subscriptions/00000000-0000-0000-0000-000000000000/resourceGroups/azure_search_cli_test000001/providers/Microsoft.Search/searchServices/test000002","name":"test000002","type":"Microsoft.Search/searchServices","location":"East
        US 2 EUAP","properties":{"replicaCount":1,"partitionCount":1,"status":"provisioning","statusDetails":"","provisioningState":"provisioning","hostingMode":"default","publicNetworkAccess":"Disabled","networkRuleSet":{"ipRules":[],"bypass":"None"},"privateEndpointConnections":[],"sharedPrivateLinkResources":[],"encryptionWithCmk":{"enforcement":"Unspecified","encryptionComplianceStatus":"Compliant"},"disableLocalAuth":false,"authOptions":{"apiKeyOnly":{}}},"sku":{"name":"basic"}}'
    headers:
      cache-control:
      - no-cache
      content-length:
      - '714'
      content-type:
      - application/json; charset=utf-8
      date:
      - Wed, 18 Oct 2023 23:57:31 GMT
      elapsed-time:
      - '263'
      etag:
      - W/"datetime'2023-10-18T23%3A46%3A22.892088Z'"
      expires:
      - '-1'
      pragma:
      - no-cache
      request-id:
      - 888b3cf1-6e10-11ee-acb1-000d3aff5613
      strict-transport-security:
      - max-age=31536000; includeSubDomains
      x-cache:
      - CONFIG_NOCACHE
      x-content-type-options:
      - nosniff
      x-msedge-ref:
      - 'Ref A: 8CB9DA6EB16E40E0A1D426F64F9DD9C9 Ref B: CO6AA3150220033 Ref C: 2023-10-18T23:57:31Z'
    status:
      code: 200
      message: OK
- request:
    body: null
    headers:
      Accept:
      - '*/*'
      Accept-Encoding:
      - gzip, deflate
      CommandName:
      - search service update
      Connection:
      - keep-alive
      ParameterSetName:
      - -n -g --public-access
      User-Agent:
      - AZURECLI/2.53.0 (AAZ) azsdk-python-core/1.26.0 Python/3.10.11 (Windows-10-10.0.22621-SP0)
    method: GET
    uri: https://eastus2euap.management.azure.com/subscriptions/00000000-0000-0000-0000-000000000000/resourceGroups/azure_search_cli_test000001/providers/Microsoft.Search/searchServices/test000002?api-version=2022-09-01
  response:
    body:
      string: '{"id":"/subscriptions/00000000-0000-0000-0000-000000000000/resourceGroups/azure_search_cli_test000001/providers/Microsoft.Search/searchServices/test000002","name":"test000002","type":"Microsoft.Search/searchServices","location":"East
        US 2 EUAP","properties":{"replicaCount":1,"partitionCount":1,"status":"provisioning","statusDetails":"","provisioningState":"provisioning","hostingMode":"default","publicNetworkAccess":"Disabled","networkRuleSet":{"ipRules":[],"bypass":"None"},"privateEndpointConnections":[],"sharedPrivateLinkResources":[],"encryptionWithCmk":{"enforcement":"Unspecified","encryptionComplianceStatus":"Compliant"},"disableLocalAuth":false,"authOptions":{"apiKeyOnly":{}}},"sku":{"name":"basic"}}'
    headers:
      cache-control:
      - no-cache
      content-length:
      - '714'
      content-type:
      - application/json; charset=utf-8
      date:
      - Wed, 18 Oct 2023 23:58:01 GMT
      elapsed-time:
      - '208'
      etag:
      - W/"datetime'2023-10-18T23%3A46%3A22.892088Z'"
      expires:
      - '-1'
      pragma:
      - no-cache
      request-id:
      - 888b3cf1-6e10-11ee-acb1-000d3aff5613
      strict-transport-security:
      - max-age=31536000; includeSubDomains
      x-cache:
      - CONFIG_NOCACHE
      x-content-type-options:
      - nosniff
      x-msedge-ref:
      - 'Ref A: 342CFE98B1F345719A7EA6453567F011 Ref B: CO6AA3150220033 Ref C: 2023-10-18T23:58:01Z'
    status:
      code: 200
      message: OK
- request:
    body: null
    headers:
      Accept:
      - '*/*'
      Accept-Encoding:
      - gzip, deflate
      CommandName:
      - search service update
      Connection:
      - keep-alive
      ParameterSetName:
      - -n -g --public-access
      User-Agent:
      - AZURECLI/2.53.0 (AAZ) azsdk-python-core/1.26.0 Python/3.10.11 (Windows-10-10.0.22621-SP0)
    method: GET
    uri: https://eastus2euap.management.azure.com/subscriptions/00000000-0000-0000-0000-000000000000/resourceGroups/azure_search_cli_test000001/providers/Microsoft.Search/searchServices/test000002?api-version=2022-09-01
  response:
    body:
      string: '{"id":"/subscriptions/00000000-0000-0000-0000-000000000000/resourceGroups/azure_search_cli_test000001/providers/Microsoft.Search/searchServices/test000002","name":"test000002","type":"Microsoft.Search/searchServices","location":"East
        US 2 EUAP","properties":{"replicaCount":1,"partitionCount":1,"status":"provisioning","statusDetails":"","provisioningState":"provisioning","hostingMode":"default","publicNetworkAccess":"Disabled","networkRuleSet":{"ipRules":[],"bypass":"None"},"privateEndpointConnections":[],"sharedPrivateLinkResources":[],"encryptionWithCmk":{"enforcement":"Unspecified","encryptionComplianceStatus":"Compliant"},"disableLocalAuth":false,"authOptions":{"apiKeyOnly":{}}},"sku":{"name":"basic"}}'
    headers:
      cache-control:
      - no-cache
      content-length:
      - '714'
      content-type:
      - application/json; charset=utf-8
      date:
      - Wed, 18 Oct 2023 23:58:31 GMT
      elapsed-time:
      - '320'
      etag:
      - W/"datetime'2023-10-18T23%3A46%3A22.892088Z'"
      expires:
      - '-1'
      pragma:
      - no-cache
      request-id:
      - 888b3cf1-6e10-11ee-acb1-000d3aff5613
      strict-transport-security:
      - max-age=31536000; includeSubDomains
      x-cache:
      - CONFIG_NOCACHE
      x-content-type-options:
      - nosniff
      x-msedge-ref:
      - 'Ref A: 2F2F219F171D48EF9345A9842276B71C Ref B: CO6AA3150220033 Ref C: 2023-10-18T23:58:32Z'
    status:
      code: 200
      message: OK
- request:
    body: null
    headers:
      Accept:
      - '*/*'
      Accept-Encoding:
      - gzip, deflate
      CommandName:
      - search service update
      Connection:
      - keep-alive
      ParameterSetName:
      - -n -g --public-access
      User-Agent:
      - AZURECLI/2.53.0 (AAZ) azsdk-python-core/1.26.0 Python/3.10.11 (Windows-10-10.0.22621-SP0)
    method: GET
    uri: https://eastus2euap.management.azure.com/subscriptions/00000000-0000-0000-0000-000000000000/resourceGroups/azure_search_cli_test000001/providers/Microsoft.Search/searchServices/test000002?api-version=2022-09-01
  response:
    body:
      string: '{"id":"/subscriptions/00000000-0000-0000-0000-000000000000/resourceGroups/azure_search_cli_test000001/providers/Microsoft.Search/searchServices/test000002","name":"test000002","type":"Microsoft.Search/searchServices","location":"East
        US 2 EUAP","properties":{"replicaCount":1,"partitionCount":1,"status":"provisioning","statusDetails":"","provisioningState":"provisioning","hostingMode":"default","publicNetworkAccess":"Disabled","networkRuleSet":{"ipRules":[],"bypass":"None"},"privateEndpointConnections":[],"sharedPrivateLinkResources":[],"encryptionWithCmk":{"enforcement":"Unspecified","encryptionComplianceStatus":"Compliant"},"disableLocalAuth":false,"authOptions":{"apiKeyOnly":{}}},"sku":{"name":"basic"}}'
    headers:
      cache-control:
      - no-cache
      content-length:
      - '714'
      content-type:
      - application/json; charset=utf-8
      date:
      - Wed, 18 Oct 2023 23:59:02 GMT
      elapsed-time:
      - '216'
      etag:
      - W/"datetime'2023-10-18T23%3A46%3A22.892088Z'"
      expires:
      - '-1'
      pragma:
      - no-cache
      request-id:
      - 888b3cf1-6e10-11ee-acb1-000d3aff5613
      strict-transport-security:
      - max-age=31536000; includeSubDomains
      x-cache:
      - CONFIG_NOCACHE
      x-content-type-options:
      - nosniff
      x-msedge-ref:
      - 'Ref A: 08E1CF095AF84D959B16E54BB653F50D Ref B: CO6AA3150220033 Ref C: 2023-10-18T23:59:02Z'
    status:
      code: 200
      message: OK
- request:
    body: null
    headers:
      Accept:
      - '*/*'
      Accept-Encoding:
      - gzip, deflate
      CommandName:
      - search service update
      Connection:
      - keep-alive
      ParameterSetName:
      - -n -g --public-access
      User-Agent:
      - AZURECLI/2.53.0 (AAZ) azsdk-python-core/1.26.0 Python/3.10.11 (Windows-10-10.0.22621-SP0)
    method: GET
    uri: https://eastus2euap.management.azure.com/subscriptions/00000000-0000-0000-0000-000000000000/resourceGroups/azure_search_cli_test000001/providers/Microsoft.Search/searchServices/test000002?api-version=2022-09-01
  response:
    body:
      string: '{"id":"/subscriptions/00000000-0000-0000-0000-000000000000/resourceGroups/azure_search_cli_test000001/providers/Microsoft.Search/searchServices/test000002","name":"test000002","type":"Microsoft.Search/searchServices","location":"East
        US 2 EUAP","properties":{"replicaCount":1,"partitionCount":1,"status":"provisioning","statusDetails":"","provisioningState":"provisioning","hostingMode":"default","publicNetworkAccess":"Disabled","networkRuleSet":{"ipRules":[],"bypass":"None"},"privateEndpointConnections":[],"sharedPrivateLinkResources":[],"encryptionWithCmk":{"enforcement":"Unspecified","encryptionComplianceStatus":"Compliant"},"disableLocalAuth":false,"authOptions":{"apiKeyOnly":{}}},"sku":{"name":"basic"}}'
    headers:
      cache-control:
      - no-cache
      content-length:
      - '714'
      content-type:
      - application/json; charset=utf-8
      date:
      - Wed, 18 Oct 2023 23:59:32 GMT
      elapsed-time:
      - '208'
      etag:
      - W/"datetime'2023-10-18T23%3A46%3A22.892088Z'"
      expires:
      - '-1'
      pragma:
      - no-cache
      request-id:
      - 888b3cf1-6e10-11ee-acb1-000d3aff5613
      strict-transport-security:
      - max-age=31536000; includeSubDomains
      x-cache:
      - CONFIG_NOCACHE
      x-content-type-options:
      - nosniff
      x-msedge-ref:
      - 'Ref A: 48E33E32C06A462AADADD14D3E28690B Ref B: CO6AA3150220033 Ref C: 2023-10-18T23:59:33Z'
    status:
      code: 200
      message: OK
- request:
    body: null
    headers:
      Accept:
      - '*/*'
      Accept-Encoding:
      - gzip, deflate
      CommandName:
      - search service update
      Connection:
      - keep-alive
      ParameterSetName:
      - -n -g --public-access
      User-Agent:
      - AZURECLI/2.53.0 (AAZ) azsdk-python-core/1.26.0 Python/3.10.11 (Windows-10-10.0.22621-SP0)
    method: GET
    uri: https://eastus2euap.management.azure.com/subscriptions/00000000-0000-0000-0000-000000000000/resourceGroups/azure_search_cli_test000001/providers/Microsoft.Search/searchServices/test000002?api-version=2022-09-01
  response:
    body:
      string: '{"id":"/subscriptions/00000000-0000-0000-0000-000000000000/resourceGroups/azure_search_cli_test000001/providers/Microsoft.Search/searchServices/test000002","name":"test000002","type":"Microsoft.Search/searchServices","location":"East
        US 2 EUAP","properties":{"replicaCount":1,"partitionCount":1,"status":"provisioning","statusDetails":"","provisioningState":"provisioning","hostingMode":"default","publicNetworkAccess":"Disabled","networkRuleSet":{"ipRules":[],"bypass":"None"},"privateEndpointConnections":[],"sharedPrivateLinkResources":[],"encryptionWithCmk":{"enforcement":"Unspecified","encryptionComplianceStatus":"Compliant"},"disableLocalAuth":false,"authOptions":{"apiKeyOnly":{}}},"sku":{"name":"basic"}}'
    headers:
      cache-control:
      - no-cache
      content-length:
      - '714'
      content-type:
      - application/json; charset=utf-8
      date:
      - Thu, 19 Oct 2023 00:00:03 GMT
      elapsed-time:
      - '169'
      etag:
      - W/"datetime'2023-10-18T23%3A46%3A22.892088Z'"
      expires:
      - '-1'
      pragma:
      - no-cache
      request-id:
      - 888b3cf1-6e10-11ee-acb1-000d3aff5613
      strict-transport-security:
      - max-age=31536000; includeSubDomains
      x-cache:
      - CONFIG_NOCACHE
      x-content-type-options:
      - nosniff
      x-msedge-ref:
      - 'Ref A: 8365667438D94D2D8F2ADDAE1233628E Ref B: CO6AA3150220033 Ref C: 2023-10-19T00:00:03Z'
    status:
      code: 200
      message: OK
- request:
    body: null
    headers:
      Accept:
      - '*/*'
      Accept-Encoding:
      - gzip, deflate
      CommandName:
      - search service update
      Connection:
      - keep-alive
      ParameterSetName:
      - -n -g --public-access
      User-Agent:
      - AZURECLI/2.53.0 (AAZ) azsdk-python-core/1.26.0 Python/3.10.11 (Windows-10-10.0.22621-SP0)
    method: GET
    uri: https://eastus2euap.management.azure.com/subscriptions/00000000-0000-0000-0000-000000000000/resourceGroups/azure_search_cli_test000001/providers/Microsoft.Search/searchServices/test000002?api-version=2022-09-01
  response:
    body:
      string: '{"id":"/subscriptions/00000000-0000-0000-0000-000000000000/resourceGroups/azure_search_cli_test000001/providers/Microsoft.Search/searchServices/test000002","name":"test000002","type":"Microsoft.Search/searchServices","location":"East
        US 2 EUAP","properties":{"replicaCount":1,"partitionCount":1,"status":"provisioning","statusDetails":"","provisioningState":"provisioning","hostingMode":"default","publicNetworkAccess":"Disabled","networkRuleSet":{"ipRules":[],"bypass":"None"},"privateEndpointConnections":[],"sharedPrivateLinkResources":[],"encryptionWithCmk":{"enforcement":"Unspecified","encryptionComplianceStatus":"Compliant"},"disableLocalAuth":false,"authOptions":{"apiKeyOnly":{}}},"sku":{"name":"basic"}}'
    headers:
      cache-control:
      - no-cache
      content-length:
      - '714'
      content-type:
      - application/json; charset=utf-8
      date:
      - Thu, 19 Oct 2023 00:00:34 GMT
      elapsed-time:
      - '247'
      etag:
      - W/"datetime'2023-10-18T23%3A46%3A22.892088Z'"
      expires:
      - '-1'
      pragma:
      - no-cache
      request-id:
      - 888b3cf1-6e10-11ee-acb1-000d3aff5613
      strict-transport-security:
      - max-age=31536000; includeSubDomains
      x-cache:
      - CONFIG_NOCACHE
      x-content-type-options:
      - nosniff
      x-msedge-ref:
      - 'Ref A: 95D35628A1E34A609358EEE808E32D7B Ref B: CO6AA3150220033 Ref C: 2023-10-19T00:00:33Z'
    status:
      code: 200
      message: OK
- request:
    body: null
    headers:
      Accept:
      - '*/*'
      Accept-Encoding:
      - gzip, deflate
      CommandName:
      - search service update
      Connection:
      - keep-alive
      ParameterSetName:
      - -n -g --public-access
      User-Agent:
      - AZURECLI/2.53.0 (AAZ) azsdk-python-core/1.26.0 Python/3.10.11 (Windows-10-10.0.22621-SP0)
    method: GET
    uri: https://eastus2euap.management.azure.com/subscriptions/00000000-0000-0000-0000-000000000000/resourceGroups/azure_search_cli_test000001/providers/Microsoft.Search/searchServices/test000002?api-version=2022-09-01
  response:
    body:
      string: '{"id":"/subscriptions/00000000-0000-0000-0000-000000000000/resourceGroups/azure_search_cli_test000001/providers/Microsoft.Search/searchServices/test000002","name":"test000002","type":"Microsoft.Search/searchServices","location":"East
        US 2 EUAP","properties":{"replicaCount":1,"partitionCount":1,"status":"provisioning","statusDetails":"","provisioningState":"provisioning","hostingMode":"default","publicNetworkAccess":"Disabled","networkRuleSet":{"ipRules":[],"bypass":"None"},"privateEndpointConnections":[],"sharedPrivateLinkResources":[],"encryptionWithCmk":{"enforcement":"Unspecified","encryptionComplianceStatus":"Compliant"},"disableLocalAuth":false,"authOptions":{"apiKeyOnly":{}}},"sku":{"name":"basic"}}'
    headers:
      cache-control:
      - no-cache
      content-length:
      - '714'
      content-type:
      - application/json; charset=utf-8
      date:
      - Thu, 19 Oct 2023 00:01:04 GMT
      elapsed-time:
      - '320'
      etag:
      - W/"datetime'2023-10-18T23%3A46%3A22.892088Z'"
      expires:
      - '-1'
      pragma:
      - no-cache
      request-id:
      - 888b3cf1-6e10-11ee-acb1-000d3aff5613
      strict-transport-security:
      - max-age=31536000; includeSubDomains
      x-cache:
      - CONFIG_NOCACHE
      x-content-type-options:
      - nosniff
      x-msedge-ref:
      - 'Ref A: B60BB1225CD64EF3A5E61761CC9687E8 Ref B: CO6AA3150220033 Ref C: 2023-10-19T00:01:04Z'
    status:
      code: 200
      message: OK
- request:
    body: null
    headers:
      Accept:
      - '*/*'
      Accept-Encoding:
      - gzip, deflate
      CommandName:
      - search service update
      Connection:
      - keep-alive
      ParameterSetName:
      - -n -g --public-access
      User-Agent:
      - AZURECLI/2.53.0 (AAZ) azsdk-python-core/1.26.0 Python/3.10.11 (Windows-10-10.0.22621-SP0)
    method: GET
    uri: https://eastus2euap.management.azure.com/subscriptions/00000000-0000-0000-0000-000000000000/resourceGroups/azure_search_cli_test000001/providers/Microsoft.Search/searchServices/test000002?api-version=2022-09-01
  response:
    body:
      string: '{"id":"/subscriptions/00000000-0000-0000-0000-000000000000/resourceGroups/azure_search_cli_test000001/providers/Microsoft.Search/searchServices/test000002","name":"test000002","type":"Microsoft.Search/searchServices","location":"East
        US 2 EUAP","properties":{"replicaCount":1,"partitionCount":1,"status":"provisioning","statusDetails":"","provisioningState":"provisioning","hostingMode":"default","publicNetworkAccess":"Disabled","networkRuleSet":{"ipRules":[],"bypass":"None"},"privateEndpointConnections":[],"sharedPrivateLinkResources":[],"encryptionWithCmk":{"enforcement":"Unspecified","encryptionComplianceStatus":"Compliant"},"disableLocalAuth":false,"authOptions":{"apiKeyOnly":{}}},"sku":{"name":"basic"}}'
    headers:
      cache-control:
      - no-cache
      content-length:
      - '714'
      content-type:
      - application/json; charset=utf-8
      date:
      - Thu, 19 Oct 2023 00:01:34 GMT
      elapsed-time:
      - '289'
      etag:
      - W/"datetime'2023-10-18T23%3A46%3A22.892088Z'"
      expires:
      - '-1'
      pragma:
      - no-cache
      request-id:
      - 888b3cf1-6e10-11ee-acb1-000d3aff5613
      strict-transport-security:
      - max-age=31536000; includeSubDomains
      x-cache:
      - CONFIG_NOCACHE
      x-content-type-options:
      - nosniff
      x-msedge-ref:
      - 'Ref A: E5C50AD6AEAF41BBA621757DA7031E3D Ref B: CO6AA3150220033 Ref C: 2023-10-19T00:01:34Z'
    status:
      code: 200
      message: OK
- request:
    body: null
    headers:
      Accept:
      - '*/*'
      Accept-Encoding:
      - gzip, deflate
      CommandName:
      - search service update
      Connection:
      - keep-alive
      ParameterSetName:
      - -n -g --public-access
      User-Agent:
      - AZURECLI/2.53.0 (AAZ) azsdk-python-core/1.26.0 Python/3.10.11 (Windows-10-10.0.22621-SP0)
    method: GET
    uri: https://eastus2euap.management.azure.com/subscriptions/00000000-0000-0000-0000-000000000000/resourceGroups/azure_search_cli_test000001/providers/Microsoft.Search/searchServices/test000002?api-version=2022-09-01
  response:
    body:
      string: '{"id":"/subscriptions/00000000-0000-0000-0000-000000000000/resourceGroups/azure_search_cli_test000001/providers/Microsoft.Search/searchServices/test000002","name":"test000002","type":"Microsoft.Search/searchServices","location":"East
        US 2 EUAP","properties":{"replicaCount":1,"partitionCount":1,"status":"provisioning","statusDetails":"","provisioningState":"provisioning","hostingMode":"default","publicNetworkAccess":"Disabled","networkRuleSet":{"ipRules":[],"bypass":"None"},"privateEndpointConnections":[],"sharedPrivateLinkResources":[],"encryptionWithCmk":{"enforcement":"Unspecified","encryptionComplianceStatus":"Compliant"},"disableLocalAuth":false,"authOptions":{"apiKeyOnly":{}}},"sku":{"name":"basic"}}'
    headers:
      cache-control:
      - no-cache
      content-length:
      - '714'
      content-type:
      - application/json; charset=utf-8
      date:
      - Thu, 19 Oct 2023 00:02:05 GMT
      elapsed-time:
      - '181'
      etag:
      - W/"datetime'2023-10-18T23%3A46%3A22.892088Z'"
      expires:
      - '-1'
      pragma:
      - no-cache
      request-id:
      - 888b3cf1-6e10-11ee-acb1-000d3aff5613
      strict-transport-security:
      - max-age=31536000; includeSubDomains
      x-cache:
      - CONFIG_NOCACHE
      x-content-type-options:
      - nosniff
      x-msedge-ref:
      - 'Ref A: FD1341365B8B4BC6A22CA1E1A9F6EAA6 Ref B: CO6AA3150220033 Ref C: 2023-10-19T00:02:04Z'
    status:
      code: 200
      message: OK
- request:
    body: null
    headers:
      Accept:
      - '*/*'
      Accept-Encoding:
      - gzip, deflate
      CommandName:
      - search service update
      Connection:
      - keep-alive
      ParameterSetName:
      - -n -g --public-access
      User-Agent:
      - AZURECLI/2.53.0 (AAZ) azsdk-python-core/1.26.0 Python/3.10.11 (Windows-10-10.0.22621-SP0)
    method: GET
    uri: https://eastus2euap.management.azure.com/subscriptions/00000000-0000-0000-0000-000000000000/resourceGroups/azure_search_cli_test000001/providers/Microsoft.Search/searchServices/test000002?api-version=2022-09-01
  response:
    body:
      string: '{"id":"/subscriptions/00000000-0000-0000-0000-000000000000/resourceGroups/azure_search_cli_test000001/providers/Microsoft.Search/searchServices/test000002","name":"test000002","type":"Microsoft.Search/searchServices","location":"East
        US 2 EUAP","properties":{"replicaCount":1,"partitionCount":1,"status":"provisioning","statusDetails":"","provisioningState":"provisioning","hostingMode":"default","publicNetworkAccess":"Disabled","networkRuleSet":{"ipRules":[],"bypass":"None"},"privateEndpointConnections":[],"sharedPrivateLinkResources":[],"encryptionWithCmk":{"enforcement":"Unspecified","encryptionComplianceStatus":"Compliant"},"disableLocalAuth":false,"authOptions":{"apiKeyOnly":{}}},"sku":{"name":"basic"}}'
    headers:
      cache-control:
      - no-cache
      content-length:
      - '714'
      content-type:
      - application/json; charset=utf-8
      date:
      - Thu, 19 Oct 2023 00:02:35 GMT
      elapsed-time:
      - '192'
      etag:
      - W/"datetime'2023-10-18T23%3A46%3A22.892088Z'"
      expires:
      - '-1'
      pragma:
      - no-cache
      request-id:
      - 888b3cf1-6e10-11ee-acb1-000d3aff5613
      strict-transport-security:
      - max-age=31536000; includeSubDomains
      x-cache:
      - CONFIG_NOCACHE
      x-content-type-options:
      - nosniff
      x-msedge-ref:
      - 'Ref A: E2021405018841B79813045D4D98792E Ref B: CO6AA3150220033 Ref C: 2023-10-19T00:02:35Z'
    status:
      code: 200
      message: OK
- request:
    body: null
    headers:
      Accept:
      - '*/*'
      Accept-Encoding:
      - gzip, deflate
      CommandName:
      - search service update
      Connection:
      - keep-alive
      ParameterSetName:
      - -n -g --public-access
      User-Agent:
      - AZURECLI/2.53.0 (AAZ) azsdk-python-core/1.26.0 Python/3.10.11 (Windows-10-10.0.22621-SP0)
    method: GET
    uri: https://eastus2euap.management.azure.com/subscriptions/00000000-0000-0000-0000-000000000000/resourceGroups/azure_search_cli_test000001/providers/Microsoft.Search/searchServices/test000002?api-version=2022-09-01
  response:
    body:
      string: '{"id":"/subscriptions/00000000-0000-0000-0000-000000000000/resourceGroups/azure_search_cli_test000001/providers/Microsoft.Search/searchServices/test000002","name":"test000002","type":"Microsoft.Search/searchServices","location":"East
        US 2 EUAP","properties":{"replicaCount":1,"partitionCount":1,"status":"provisioning","statusDetails":"","provisioningState":"provisioning","hostingMode":"default","publicNetworkAccess":"Disabled","networkRuleSet":{"ipRules":[],"bypass":"None"},"privateEndpointConnections":[],"sharedPrivateLinkResources":[],"encryptionWithCmk":{"enforcement":"Unspecified","encryptionComplianceStatus":"Compliant"},"disableLocalAuth":false,"authOptions":{"apiKeyOnly":{}}},"sku":{"name":"basic"}}'
    headers:
      cache-control:
      - no-cache
      content-length:
      - '714'
      content-type:
      - application/json; charset=utf-8
      date:
      - Thu, 19 Oct 2023 00:03:05 GMT
      elapsed-time:
      - '178'
      etag:
      - W/"datetime'2023-10-18T23%3A46%3A22.892088Z'"
      expires:
      - '-1'
      pragma:
      - no-cache
      request-id:
      - 888b3cf1-6e10-11ee-acb1-000d3aff5613
      strict-transport-security:
      - max-age=31536000; includeSubDomains
      x-cache:
      - CONFIG_NOCACHE
      x-content-type-options:
      - nosniff
      x-msedge-ref:
      - 'Ref A: B7BA14DA68CB434D8A9980872B74F2E0 Ref B: CO6AA3150220033 Ref C: 2023-10-19T00:03:05Z'
    status:
      code: 200
      message: OK
- request:
    body: null
    headers:
      Accept:
      - '*/*'
      Accept-Encoding:
      - gzip, deflate
      CommandName:
      - search service update
      Connection:
      - keep-alive
      ParameterSetName:
      - -n -g --public-access
      User-Agent:
      - AZURECLI/2.53.0 (AAZ) azsdk-python-core/1.26.0 Python/3.10.11 (Windows-10-10.0.22621-SP0)
    method: GET
    uri: https://eastus2euap.management.azure.com/subscriptions/00000000-0000-0000-0000-000000000000/resourceGroups/azure_search_cli_test000001/providers/Microsoft.Search/searchServices/test000002?api-version=2022-09-01
  response:
    body:
      string: '{"id":"/subscriptions/00000000-0000-0000-0000-000000000000/resourceGroups/azure_search_cli_test000001/providers/Microsoft.Search/searchServices/test000002","name":"test000002","type":"Microsoft.Search/searchServices","location":"East
        US 2 EUAP","properties":{"replicaCount":1,"partitionCount":1,"status":"running","statusDetails":"","provisioningState":"succeeded","hostingMode":"default","publicNetworkAccess":"Disabled","networkRuleSet":{"ipRules":[],"bypass":"None"},"privateEndpointConnections":[],"sharedPrivateLinkResources":[],"encryptionWithCmk":{"enforcement":"Unspecified","encryptionComplianceStatus":"Compliant"},"disableLocalAuth":false,"authOptions":{"apiKeyOnly":{}}},"sku":{"name":"basic"}}'
    headers:
      cache-control:
      - no-cache
      content-length:
      - '706'
      content-type:
      - application/json; charset=utf-8
      date:
      - Thu, 19 Oct 2023 00:03:36 GMT
      elapsed-time:
      - '300'
      etag:
      - W/"datetime'2023-10-18T23%3A46%3A22.892088Z'"
      expires:
      - '-1'
      pragma:
      - no-cache
      request-id:
      - 888b3cf1-6e10-11ee-acb1-000d3aff5613
      strict-transport-security:
      - max-age=31536000; includeSubDomains
      x-cache:
      - CONFIG_NOCACHE
      x-content-type-options:
      - nosniff
      x-msedge-ref:
      - 'Ref A: C7FDCA0249D9412D9E0ACC98394EE143 Ref B: CO6AA3150220033 Ref C: 2023-10-19T00:03:35Z'
    status:
      code: 200
      message: OK
version: 1
