interactions:
- request:
    body: null
    headers:
      Accept:
      - application/json
      Accept-Encoding:
      - gzip, deflate
      CommandName:
      - search service create
      Connection:
      - keep-alive
      ParameterSetName:
      - -n -g --sku --public-access
      User-Agent:
      - AZURECLI/2.36.0 azsdk-python-azure-mgmt-resource/21.1.0b1 Python/3.8.10 (Windows-10-10.0.19044-SP0)
    method: GET
    uri: https://management.azure.com/subscriptions/00000000-0000-0000-0000-000000000000/resourcegroups/azure_search_cli_test000001?api-version=2021-04-01
  response:
    body:
      string: '{"id":"/subscriptions/00000000-0000-0000-0000-000000000000/resourceGroups/azure_search_cli_test000001","name":"azure_search_cli_test000001","type":"Microsoft.Resources/resourceGroups","location":"westus","tags":{"product":"azurecli","cause":"automation","date":"2022-05-12T19:23:26Z"},"properties":{"provisioningState":"Succeeded"}}'
    headers:
      cache-control:
      - no-cache
      content-length:
      - '332'
      content-type:
      - application/json; charset=utf-8
      date:
      - Thu, 12 May 2022 19:23:27 GMT
      expires:
      - '-1'
      pragma:
      - no-cache
      strict-transport-security:
      - max-age=31536000; includeSubDomains
      vary:
      - Accept-Encoding
      x-content-type-options:
      - nosniff
    status:
      code: 200
      message: OK
- request:
    body: '{"location": "westus", "sku": {"name": "basic"}, "properties": {"replicaCount":
      1, "partitionCount": 1, "hostingMode": "default", "publicNetworkAccess": "Disabled"}}'
    headers:
      Accept:
      - application/json
      Accept-Encoding:
      - gzip, deflate
      CommandName:
      - search service create
      Connection:
      - keep-alive
      Content-Length:
      - '165'
      Content-Type:
      - application/json
      ParameterSetName:
      - -n -g --sku --public-access
      User-Agent:
      - AZURECLI/2.36.0 azsdk-python-mgmt-search/8.0.0 Python/3.8.10 (Windows-10-10.0.19044-SP0)
    method: PUT
    uri: https://management.azure.com/subscriptions/00000000-0000-0000-0000-000000000000/resourceGroups/azure_search_cli_test000001/providers/Microsoft.Search/searchServices/test000002?api-version=2020-08-01
  response:
    body:
      string: '{"id":"/subscriptions/00000000-0000-0000-0000-000000000000/resourceGroups/azure_search_cli_test000001/providers/Microsoft.Search/searchServices/test000002","name":"test000002","type":"Microsoft.Search/searchServices","location":"West
        US","properties":{"replicaCount":1,"partitionCount":1,"status":"provisioning","statusDetails":"","provisioningState":"provisioning","hostingMode":"default","publicNetworkAccess":"Disabled","networkRuleSet":{"ipRules":[],"bypass":"None"},"privateEndpointConnections":[],"sharedPrivateLinkResources":[]},"sku":{"name":"basic"}}'
    headers:
      cache-control:
      - no-cache
      content-length:
      - '559'
      content-type:
      - application/json; charset=utf-8
      date:
      - Thu, 12 May 2022 19:23:37 GMT
      elapsed-time:
      - '5213'
      etag:
      - W/"datetime'2022-05-12T19%3A23%3A37.62502Z'"
      expires:
      - '-1'
      pragma:
      - no-cache
      request-id:
      - ffe4896a-d228-11ec-92e7-00a619196125
      strict-transport-security:
      - max-age=31536000; includeSubDomains
      x-content-type-options:
      - nosniff
      x-ms-ratelimit-remaining-subscription-writes:
      - '1194'
    status:
      code: 201
      message: Created
- request:
    body: null
    headers:
      Accept:
      - '*/*'
      Accept-Encoding:
      - gzip, deflate
      CommandName:
      - search service create
      Connection:
      - keep-alive
      ParameterSetName:
      - -n -g --sku --public-access
      User-Agent:
      - AZURECLI/2.36.0 azsdk-python-mgmt-search/8.0.0 Python/3.8.10 (Windows-10-10.0.19044-SP0)
    method: GET
    uri: https://management.azure.com/subscriptions/00000000-0000-0000-0000-000000000000/resourceGroups/azure_search_cli_test000001/providers/Microsoft.Search/searchServices/test000002?api-version=2020-08-01
  response:
    body:
      string: '{"id":"/subscriptions/00000000-0000-0000-0000-000000000000/resourceGroups/azure_search_cli_test000001/providers/Microsoft.Search/searchServices/test000002","name":"test000002","type":"Microsoft.Search/searchServices","location":"West
        US","properties":{"replicaCount":1,"partitionCount":1,"status":"provisioning","statusDetails":"","provisioningState":"provisioning","hostingMode":"default","publicNetworkAccess":"Disabled","networkRuleSet":{"ipRules":[],"bypass":"None"},"privateEndpointConnections":[],"sharedPrivateLinkResources":[]},"sku":{"name":"basic"}}'
    headers:
      cache-control:
      - no-cache
      content-length:
      - '559'
      content-type:
      - application/json; charset=utf-8
      date:
      - Thu, 12 May 2022 19:24:09 GMT
      elapsed-time:
      - '196'
      etag:
      - W/"datetime'2022-05-12T19%3A23%3A37.62502Z'"
      expires:
      - '-1'
      pragma:
      - no-cache
      request-id:
      - ffe4896a-d228-11ec-92e7-00a619196125
      strict-transport-security:
      - max-age=31536000; includeSubDomains
      transfer-encoding:
      - chunked
      vary:
      - Accept-Encoding,Accept-Encoding
      x-content-type-options:
      - nosniff
    status:
      code: 200
      message: OK
- request:
    body: null
    headers:
      Accept:
      - '*/*'
      Accept-Encoding:
      - gzip, deflate
      CommandName:
      - search service create
      Connection:
      - keep-alive
      ParameterSetName:
      - -n -g --sku --public-access
      User-Agent:
      - AZURECLI/2.36.0 azsdk-python-mgmt-search/8.0.0 Python/3.8.10 (Windows-10-10.0.19044-SP0)
    method: GET
    uri: https://management.azure.com/subscriptions/00000000-0000-0000-0000-000000000000/resourceGroups/azure_search_cli_test000001/providers/Microsoft.Search/searchServices/test000002?api-version=2020-08-01
  response:
    body:
      string: '{"id":"/subscriptions/00000000-0000-0000-0000-000000000000/resourceGroups/azure_search_cli_test000001/providers/Microsoft.Search/searchServices/test000002","name":"test000002","type":"Microsoft.Search/searchServices","location":"West
        US","properties":{"replicaCount":1,"partitionCount":1,"status":"provisioning","statusDetails":"","provisioningState":"provisioning","hostingMode":"default","publicNetworkAccess":"Disabled","networkRuleSet":{"ipRules":[],"bypass":"None"},"privateEndpointConnections":[],"sharedPrivateLinkResources":[]},"sku":{"name":"basic"}}'
    headers:
      cache-control:
      - no-cache
      content-length:
      - '559'
      content-type:
      - application/json; charset=utf-8
      date:
      - Thu, 12 May 2022 19:24:39 GMT
      elapsed-time:
      - '210'
      etag:
      - W/"datetime'2022-05-12T19%3A23%3A37.62502Z'"
      expires:
      - '-1'
      pragma:
      - no-cache
      request-id:
      - ffe4896a-d228-11ec-92e7-00a619196125
      strict-transport-security:
      - max-age=31536000; includeSubDomains
      transfer-encoding:
      - chunked
      vary:
      - Accept-Encoding,Accept-Encoding
      x-content-type-options:
      - nosniff
    status:
      code: 200
      message: OK
- request:
    body: null
    headers:
      Accept:
      - '*/*'
      Accept-Encoding:
      - gzip, deflate
      CommandName:
      - search service create
      Connection:
      - keep-alive
      ParameterSetName:
      - -n -g --sku --public-access
      User-Agent:
      - AZURECLI/2.36.0 azsdk-python-mgmt-search/8.0.0 Python/3.8.10 (Windows-10-10.0.19044-SP0)
    method: GET
    uri: https://management.azure.com/subscriptions/00000000-0000-0000-0000-000000000000/resourceGroups/azure_search_cli_test000001/providers/Microsoft.Search/searchServices/test000002?api-version=2020-08-01
  response:
    body:
      string: '{"id":"/subscriptions/00000000-0000-0000-0000-000000000000/resourceGroups/azure_search_cli_test000001/providers/Microsoft.Search/searchServices/test000002","name":"test000002","type":"Microsoft.Search/searchServices","location":"West
        US","properties":{"replicaCount":1,"partitionCount":1,"status":"provisioning","statusDetails":"","provisioningState":"provisioning","hostingMode":"default","publicNetworkAccess":"Disabled","networkRuleSet":{"ipRules":[],"bypass":"None"},"privateEndpointConnections":[],"sharedPrivateLinkResources":[]},"sku":{"name":"basic"}}'
    headers:
      cache-control:
      - no-cache
      content-length:
      - '559'
      content-type:
      - application/json; charset=utf-8
      date:
      - Thu, 12 May 2022 19:25:09 GMT
      elapsed-time:
      - '285'
      etag:
      - W/"datetime'2022-05-12T19%3A23%3A37.62502Z'"
      expires:
      - '-1'
      pragma:
      - no-cache
      request-id:
      - ffe4896a-d228-11ec-92e7-00a619196125
      strict-transport-security:
      - max-age=31536000; includeSubDomains
      transfer-encoding:
      - chunked
      vary:
      - Accept-Encoding,Accept-Encoding
      x-content-type-options:
      - nosniff
    status:
      code: 200
      message: OK
- request:
    body: null
    headers:
      Accept:
      - '*/*'
      Accept-Encoding:
      - gzip, deflate
      CommandName:
      - search service create
      Connection:
      - keep-alive
      ParameterSetName:
      - -n -g --sku --public-access
      User-Agent:
      - AZURECLI/2.36.0 azsdk-python-mgmt-search/8.0.0 Python/3.8.10 (Windows-10-10.0.19044-SP0)
    method: GET
    uri: https://management.azure.com/subscriptions/00000000-0000-0000-0000-000000000000/resourceGroups/azure_search_cli_test000001/providers/Microsoft.Search/searchServices/test000002?api-version=2020-08-01
  response:
    body:
      string: '{"id":"/subscriptions/00000000-0000-0000-0000-000000000000/resourceGroups/azure_search_cli_test000001/providers/Microsoft.Search/searchServices/test000002","name":"test000002","type":"Microsoft.Search/searchServices","location":"West
        US","properties":{"replicaCount":1,"partitionCount":1,"status":"provisioning","statusDetails":"","provisioningState":"provisioning","hostingMode":"default","publicNetworkAccess":"Disabled","networkRuleSet":{"ipRules":[],"bypass":"None"},"privateEndpointConnections":[],"sharedPrivateLinkResources":[]},"sku":{"name":"basic"}}'
    headers:
      cache-control:
      - no-cache
      content-length:
      - '559'
      content-type:
      - application/json; charset=utf-8
      date:
      - Thu, 12 May 2022 19:25:41 GMT
      elapsed-time:
      - '207'
      etag:
      - W/"datetime'2022-05-12T19%3A23%3A37.62502Z'"
      expires:
      - '-1'
      pragma:
      - no-cache
      request-id:
      - ffe4896a-d228-11ec-92e7-00a619196125
      strict-transport-security:
      - max-age=31536000; includeSubDomains
      transfer-encoding:
      - chunked
      vary:
      - Accept-Encoding,Accept-Encoding
      x-content-type-options:
      - nosniff
    status:
      code: 200
      message: OK
- request:
    body: null
    headers:
      Accept:
      - '*/*'
      Accept-Encoding:
      - gzip, deflate
      CommandName:
      - search service create
      Connection:
      - keep-alive
      ParameterSetName:
      - -n -g --sku --public-access
      User-Agent:
      - AZURECLI/2.36.0 azsdk-python-mgmt-search/8.0.0 Python/3.8.10 (Windows-10-10.0.19044-SP0)
    method: GET
    uri: https://management.azure.com/subscriptions/00000000-0000-0000-0000-000000000000/resourceGroups/azure_search_cli_test000001/providers/Microsoft.Search/searchServices/test000002?api-version=2020-08-01
  response:
    body:
      string: '{"id":"/subscriptions/00000000-0000-0000-0000-000000000000/resourceGroups/azure_search_cli_test000001/providers/Microsoft.Search/searchServices/test000002","name":"test000002","type":"Microsoft.Search/searchServices","location":"West
        US","properties":{"replicaCount":1,"partitionCount":1,"status":"provisioning","statusDetails":"","provisioningState":"provisioning","hostingMode":"default","publicNetworkAccess":"Disabled","networkRuleSet":{"ipRules":[],"bypass":"None"},"privateEndpointConnections":[],"sharedPrivateLinkResources":[]},"sku":{"name":"basic"}}'
    headers:
      cache-control:
      - no-cache
      content-length:
      - '559'
      content-type:
      - application/json; charset=utf-8
      date:
      - Thu, 12 May 2022 19:26:11 GMT
      elapsed-time:
      - '206'
      etag:
      - W/"datetime'2022-05-12T19%3A23%3A37.62502Z'"
      expires:
      - '-1'
      pragma:
      - no-cache
      request-id:
      - ffe4896a-d228-11ec-92e7-00a619196125
      strict-transport-security:
      - max-age=31536000; includeSubDomains
      transfer-encoding:
      - chunked
      vary:
      - Accept-Encoding,Accept-Encoding
      x-content-type-options:
      - nosniff
    status:
      code: 200
      message: OK
- request:
    body: null
    headers:
      Accept:
      - '*/*'
      Accept-Encoding:
      - gzip, deflate
      CommandName:
      - search service create
      Connection:
      - keep-alive
      ParameterSetName:
      - -n -g --sku --public-access
      User-Agent:
      - AZURECLI/2.36.0 azsdk-python-mgmt-search/8.0.0 Python/3.8.10 (Windows-10-10.0.19044-SP0)
    method: GET
    uri: https://management.azure.com/subscriptions/00000000-0000-0000-0000-000000000000/resourceGroups/azure_search_cli_test000001/providers/Microsoft.Search/searchServices/test000002?api-version=2020-08-01
  response:
    body:
      string: '{"id":"/subscriptions/00000000-0000-0000-0000-000000000000/resourceGroups/azure_search_cli_test000001/providers/Microsoft.Search/searchServices/test000002","name":"test000002","type":"Microsoft.Search/searchServices","location":"West
        US","properties":{"replicaCount":1,"partitionCount":1,"status":"provisioning","statusDetails":"","provisioningState":"provisioning","hostingMode":"default","publicNetworkAccess":"Disabled","networkRuleSet":{"ipRules":[],"bypass":"None"},"privateEndpointConnections":[],"sharedPrivateLinkResources":[]},"sku":{"name":"basic"}}'
    headers:
      cache-control:
      - no-cache
      content-length:
      - '559'
      content-type:
      - application/json; charset=utf-8
      date:
      - Thu, 12 May 2022 19:26:44 GMT
      elapsed-time:
      - '203'
      etag:
      - W/"datetime'2022-05-12T19%3A23%3A37.62502Z'"
      expires:
      - '-1'
      pragma:
      - no-cache
      request-id:
      - ffe4896a-d228-11ec-92e7-00a619196125
      strict-transport-security:
      - max-age=31536000; includeSubDomains
      transfer-encoding:
      - chunked
      vary:
      - Accept-Encoding,Accept-Encoding
      x-content-type-options:
      - nosniff
    status:
      code: 200
      message: OK
- request:
    body: null
    headers:
      Accept:
      - '*/*'
      Accept-Encoding:
      - gzip, deflate
      CommandName:
      - search service create
      Connection:
      - keep-alive
      ParameterSetName:
      - -n -g --sku --public-access
      User-Agent:
      - AZURECLI/2.36.0 azsdk-python-mgmt-search/8.0.0 Python/3.8.10 (Windows-10-10.0.19044-SP0)
    method: GET
    uri: https://management.azure.com/subscriptions/00000000-0000-0000-0000-000000000000/resourceGroups/azure_search_cli_test000001/providers/Microsoft.Search/searchServices/test000002?api-version=2020-08-01
  response:
    body:
      string: '{"id":"/subscriptions/00000000-0000-0000-0000-000000000000/resourceGroups/azure_search_cli_test000001/providers/Microsoft.Search/searchServices/test000002","name":"test000002","type":"Microsoft.Search/searchServices","location":"West
        US","properties":{"replicaCount":1,"partitionCount":1,"status":"provisioning","statusDetails":"","provisioningState":"provisioning","hostingMode":"default","publicNetworkAccess":"Disabled","networkRuleSet":{"ipRules":[],"bypass":"None"},"privateEndpointConnections":[],"sharedPrivateLinkResources":[]},"sku":{"name":"basic"}}'
    headers:
      cache-control:
      - no-cache
      content-length:
      - '559'
      content-type:
      - application/json; charset=utf-8
      date:
      - Thu, 12 May 2022 19:27:15 GMT
      elapsed-time:
      - '286'
      etag:
      - W/"datetime'2022-05-12T19%3A23%3A37.62502Z'"
      expires:
      - '-1'
      pragma:
      - no-cache
      request-id:
      - ffe4896a-d228-11ec-92e7-00a619196125
      strict-transport-security:
      - max-age=31536000; includeSubDomains
      transfer-encoding:
      - chunked
      vary:
      - Accept-Encoding,Accept-Encoding
      x-content-type-options:
      - nosniff
    status:
      code: 200
      message: OK
- request:
    body: null
    headers:
      Accept:
      - '*/*'
      Accept-Encoding:
      - gzip, deflate
      CommandName:
      - search service create
      Connection:
      - keep-alive
      ParameterSetName:
      - -n -g --sku --public-access
      User-Agent:
      - AZURECLI/2.36.0 azsdk-python-mgmt-search/8.0.0 Python/3.8.10 (Windows-10-10.0.19044-SP0)
    method: GET
    uri: https://management.azure.com/subscriptions/00000000-0000-0000-0000-000000000000/resourceGroups/azure_search_cli_test000001/providers/Microsoft.Search/searchServices/test000002?api-version=2020-08-01
  response:
    body:
      string: '{"id":"/subscriptions/00000000-0000-0000-0000-000000000000/resourceGroups/azure_search_cli_test000001/providers/Microsoft.Search/searchServices/test000002","name":"test000002","type":"Microsoft.Search/searchServices","location":"West
        US","properties":{"replicaCount":1,"partitionCount":1,"status":"provisioning","statusDetails":"","provisioningState":"provisioning","hostingMode":"default","publicNetworkAccess":"Disabled","networkRuleSet":{"ipRules":[],"bypass":"None"},"privateEndpointConnections":[],"sharedPrivateLinkResources":[]},"sku":{"name":"basic"}}'
    headers:
      cache-control:
      - no-cache
      content-length:
      - '559'
      content-type:
      - application/json; charset=utf-8
      date:
      - Thu, 12 May 2022 19:27:45 GMT
      elapsed-time:
      - '213'
      etag:
      - W/"datetime'2022-05-12T19%3A23%3A37.62502Z'"
      expires:
      - '-1'
      pragma:
      - no-cache
      request-id:
      - ffe4896a-d228-11ec-92e7-00a619196125
      strict-transport-security:
      - max-age=31536000; includeSubDomains
      transfer-encoding:
      - chunked
      vary:
      - Accept-Encoding,Accept-Encoding
      x-content-type-options:
      - nosniff
    status:
      code: 200
      message: OK
- request:
    body: null
    headers:
      Accept:
      - '*/*'
      Accept-Encoding:
      - gzip, deflate
      CommandName:
      - search service create
      Connection:
      - keep-alive
      ParameterSetName:
      - -n -g --sku --public-access
      User-Agent:
      - AZURECLI/2.36.0 azsdk-python-mgmt-search/8.0.0 Python/3.8.10 (Windows-10-10.0.19044-SP0)
    method: GET
    uri: https://management.azure.com/subscriptions/00000000-0000-0000-0000-000000000000/resourceGroups/azure_search_cli_test000001/providers/Microsoft.Search/searchServices/test000002?api-version=2020-08-01
  response:
    body:
      string: '{"id":"/subscriptions/00000000-0000-0000-0000-000000000000/resourceGroups/azure_search_cli_test000001/providers/Microsoft.Search/searchServices/test000002","name":"test000002","type":"Microsoft.Search/searchServices","location":"West
        US","properties":{"replicaCount":1,"partitionCount":1,"status":"provisioning","statusDetails":"","provisioningState":"provisioning","hostingMode":"default","publicNetworkAccess":"Disabled","networkRuleSet":{"ipRules":[],"bypass":"None"},"privateEndpointConnections":[],"sharedPrivateLinkResources":[]},"sku":{"name":"basic"}}'
    headers:
      cache-control:
      - no-cache
      content-length:
      - '559'
      content-type:
      - application/json; charset=utf-8
      date:
      - Thu, 12 May 2022 19:28:16 GMT
      elapsed-time:
      - '202'
      etag:
      - W/"datetime'2022-05-12T19%3A23%3A37.62502Z'"
      expires:
      - '-1'
      pragma:
      - no-cache
      request-id:
      - ffe4896a-d228-11ec-92e7-00a619196125
      strict-transport-security:
      - max-age=31536000; includeSubDomains
      transfer-encoding:
      - chunked
      vary:
      - Accept-Encoding,Accept-Encoding
      x-content-type-options:
      - nosniff
    status:
      code: 200
      message: OK
- request:
    body: null
    headers:
      Accept:
      - '*/*'
      Accept-Encoding:
      - gzip, deflate
      CommandName:
      - search service create
      Connection:
      - keep-alive
      ParameterSetName:
      - -n -g --sku --public-access
      User-Agent:
      - AZURECLI/2.36.0 azsdk-python-mgmt-search/8.0.0 Python/3.8.10 (Windows-10-10.0.19044-SP0)
    method: GET
    uri: https://management.azure.com/subscriptions/00000000-0000-0000-0000-000000000000/resourceGroups/azure_search_cli_test000001/providers/Microsoft.Search/searchServices/test000002?api-version=2020-08-01
  response:
    body:
      string: '{"id":"/subscriptions/00000000-0000-0000-0000-000000000000/resourceGroups/azure_search_cli_test000001/providers/Microsoft.Search/searchServices/test000002","name":"test000002","type":"Microsoft.Search/searchServices","location":"West
        US","properties":{"replicaCount":1,"partitionCount":1,"status":"provisioning","statusDetails":"","provisioningState":"provisioning","hostingMode":"default","publicNetworkAccess":"Disabled","networkRuleSet":{"ipRules":[],"bypass":"None"},"privateEndpointConnections":[],"sharedPrivateLinkResources":[]},"sku":{"name":"basic"}}'
    headers:
      cache-control:
      - no-cache
      content-length:
      - '559'
      content-type:
      - application/json; charset=utf-8
      date:
      - Thu, 12 May 2022 19:28:47 GMT
      elapsed-time:
      - '259'
      etag:
      - W/"datetime'2022-05-12T19%3A23%3A37.62502Z'"
      expires:
      - '-1'
      pragma:
      - no-cache
      request-id:
      - ffe4896a-d228-11ec-92e7-00a619196125
      strict-transport-security:
      - max-age=31536000; includeSubDomains
      transfer-encoding:
      - chunked
      vary:
      - Accept-Encoding,Accept-Encoding
      x-content-type-options:
      - nosniff
    status:
      code: 200
      message: OK
- request:
    body: null
    headers:
      Accept:
      - '*/*'
      Accept-Encoding:
      - gzip, deflate
      CommandName:
      - search service create
      Connection:
      - keep-alive
      ParameterSetName:
      - -n -g --sku --public-access
      User-Agent:
      - AZURECLI/2.36.0 azsdk-python-mgmt-search/8.0.0 Python/3.8.10 (Windows-10-10.0.19044-SP0)
    method: GET
    uri: https://management.azure.com/subscriptions/00000000-0000-0000-0000-000000000000/resourceGroups/azure_search_cli_test000001/providers/Microsoft.Search/searchServices/test000002?api-version=2020-08-01
  response:
    body:
      string: '{"id":"/subscriptions/00000000-0000-0000-0000-000000000000/resourceGroups/azure_search_cli_test000001/providers/Microsoft.Search/searchServices/test000002","name":"test000002","type":"Microsoft.Search/searchServices","location":"West
        US","properties":{"replicaCount":1,"partitionCount":1,"status":"provisioning","statusDetails":"","provisioningState":"provisioning","hostingMode":"default","publicNetworkAccess":"Disabled","networkRuleSet":{"ipRules":[],"bypass":"None"},"privateEndpointConnections":[],"sharedPrivateLinkResources":[]},"sku":{"name":"basic"}}'
    headers:
      cache-control:
      - no-cache
      content-length:
      - '559'
      content-type:
      - application/json; charset=utf-8
      date:
      - Thu, 12 May 2022 19:29:17 GMT
      elapsed-time:
      - '280'
      etag:
      - W/"datetime'2022-05-12T19%3A23%3A37.62502Z'"
      expires:
      - '-1'
      pragma:
      - no-cache
      request-id:
      - ffe4896a-d228-11ec-92e7-00a619196125
      strict-transport-security:
      - max-age=31536000; includeSubDomains
      transfer-encoding:
      - chunked
      vary:
      - Accept-Encoding,Accept-Encoding
      x-content-type-options:
      - nosniff
    status:
      code: 200
      message: OK
- request:
    body: null
    headers:
      Accept:
      - '*/*'
      Accept-Encoding:
      - gzip, deflate
      CommandName:
      - search service create
      Connection:
      - keep-alive
      ParameterSetName:
      - -n -g --sku --public-access
      User-Agent:
      - AZURECLI/2.36.0 azsdk-python-mgmt-search/8.0.0 Python/3.8.10 (Windows-10-10.0.19044-SP0)
    method: GET
    uri: https://management.azure.com/subscriptions/00000000-0000-0000-0000-000000000000/resourceGroups/azure_search_cli_test000001/providers/Microsoft.Search/searchServices/test000002?api-version=2020-08-01
  response:
    body:
      string: '{"id":"/subscriptions/00000000-0000-0000-0000-000000000000/resourceGroups/azure_search_cli_test000001/providers/Microsoft.Search/searchServices/test000002","name":"test000002","type":"Microsoft.Search/searchServices","location":"West
        US","properties":{"replicaCount":1,"partitionCount":1,"status":"provisioning","statusDetails":"","provisioningState":"provisioning","hostingMode":"default","publicNetworkAccess":"Disabled","networkRuleSet":{"ipRules":[],"bypass":"None"},"privateEndpointConnections":[],"sharedPrivateLinkResources":[]},"sku":{"name":"basic"}}'
    headers:
      cache-control:
      - no-cache
      content-length:
      - '559'
      content-type:
      - application/json; charset=utf-8
      date:
      - Thu, 12 May 2022 19:29:50 GMT
      elapsed-time:
      - '205'
      etag:
      - W/"datetime'2022-05-12T19%3A23%3A37.62502Z'"
      expires:
      - '-1'
      pragma:
      - no-cache
      request-id:
      - ffe4896a-d228-11ec-92e7-00a619196125
      strict-transport-security:
      - max-age=31536000; includeSubDomains
      transfer-encoding:
      - chunked
      vary:
      - Accept-Encoding,Accept-Encoding
      x-content-type-options:
      - nosniff
    status:
      code: 200
      message: OK
- request:
    body: null
    headers:
      Accept:
      - '*/*'
      Accept-Encoding:
      - gzip, deflate
      CommandName:
      - search service create
      Connection:
      - keep-alive
      ParameterSetName:
      - -n -g --sku --public-access
      User-Agent:
      - AZURECLI/2.36.0 azsdk-python-mgmt-search/8.0.0 Python/3.8.10 (Windows-10-10.0.19044-SP0)
    method: GET
    uri: https://management.azure.com/subscriptions/00000000-0000-0000-0000-000000000000/resourceGroups/azure_search_cli_test000001/providers/Microsoft.Search/searchServices/test000002?api-version=2020-08-01
  response:
    body:
      string: '{"id":"/subscriptions/00000000-0000-0000-0000-000000000000/resourceGroups/azure_search_cli_test000001/providers/Microsoft.Search/searchServices/test000002","name":"test000002","type":"Microsoft.Search/searchServices","location":"West
        US","properties":{"replicaCount":1,"partitionCount":1,"status":"provisioning","statusDetails":"","provisioningState":"provisioning","hostingMode":"default","publicNetworkAccess":"Disabled","networkRuleSet":{"ipRules":[],"bypass":"None"},"privateEndpointConnections":[],"sharedPrivateLinkResources":[]},"sku":{"name":"basic"}}'
    headers:
      cache-control:
      - no-cache
      content-length:
      - '559'
      content-type:
      - application/json; charset=utf-8
      date:
      - Thu, 12 May 2022 19:30:20 GMT
      elapsed-time:
      - '278'
      etag:
      - W/"datetime'2022-05-12T19%3A23%3A37.62502Z'"
      expires:
      - '-1'
      pragma:
      - no-cache
      request-id:
      - ffe4896a-d228-11ec-92e7-00a619196125
      strict-transport-security:
      - max-age=31536000; includeSubDomains
      transfer-encoding:
      - chunked
      vary:
      - Accept-Encoding,Accept-Encoding
      x-content-type-options:
      - nosniff
    status:
      code: 200
      message: OK
- request:
    body: null
    headers:
      Accept:
      - '*/*'
      Accept-Encoding:
      - gzip, deflate
      CommandName:
      - search service create
      Connection:
      - keep-alive
      ParameterSetName:
      - -n -g --sku --public-access
      User-Agent:
      - AZURECLI/2.36.0 azsdk-python-mgmt-search/8.0.0 Python/3.8.10 (Windows-10-10.0.19044-SP0)
    method: GET
    uri: https://management.azure.com/subscriptions/00000000-0000-0000-0000-000000000000/resourceGroups/azure_search_cli_test000001/providers/Microsoft.Search/searchServices/test000002?api-version=2020-08-01
  response:
    body:
      string: '{"id":"/subscriptions/00000000-0000-0000-0000-000000000000/resourceGroups/azure_search_cli_test000001/providers/Microsoft.Search/searchServices/test000002","name":"test000002","type":"Microsoft.Search/searchServices","location":"West
        US","properties":{"replicaCount":1,"partitionCount":1,"status":"provisioning","statusDetails":"","provisioningState":"provisioning","hostingMode":"default","publicNetworkAccess":"Disabled","networkRuleSet":{"ipRules":[],"bypass":"None"},"privateEndpointConnections":[],"sharedPrivateLinkResources":[]},"sku":{"name":"basic"}}'
    headers:
      cache-control:
      - no-cache
      content-length:
      - '559'
      content-type:
      - application/json; charset=utf-8
      date:
      - Thu, 12 May 2022 19:30:51 GMT
      elapsed-time:
      - '332'
      etag:
      - W/"datetime'2022-05-12T19%3A23%3A37.62502Z'"
      expires:
      - '-1'
      pragma:
      - no-cache
      request-id:
      - ffe4896a-d228-11ec-92e7-00a619196125
      strict-transport-security:
      - max-age=31536000; includeSubDomains
      transfer-encoding:
      - chunked
      vary:
      - Accept-Encoding,Accept-Encoding
      x-content-type-options:
      - nosniff
    status:
      code: 200
      message: OK
- request:
    body: null
    headers:
      Accept:
      - '*/*'
      Accept-Encoding:
      - gzip, deflate
      CommandName:
      - search service create
      Connection:
      - keep-alive
      ParameterSetName:
      - -n -g --sku --public-access
      User-Agent:
      - AZURECLI/2.36.0 azsdk-python-mgmt-search/8.0.0 Python/3.8.10 (Windows-10-10.0.19044-SP0)
    method: GET
    uri: https://management.azure.com/subscriptions/00000000-0000-0000-0000-000000000000/resourceGroups/azure_search_cli_test000001/providers/Microsoft.Search/searchServices/test000002?api-version=2020-08-01
  response:
    body:
      string: '{"id":"/subscriptions/00000000-0000-0000-0000-000000000000/resourceGroups/azure_search_cli_test000001/providers/Microsoft.Search/searchServices/test000002","name":"test000002","type":"Microsoft.Search/searchServices","location":"West
        US","properties":{"replicaCount":1,"partitionCount":1,"status":"provisioning","statusDetails":"","provisioningState":"provisioning","hostingMode":"default","publicNetworkAccess":"Disabled","networkRuleSet":{"ipRules":[],"bypass":"None"},"privateEndpointConnections":[],"sharedPrivateLinkResources":[]},"sku":{"name":"basic"}}'
    headers:
      cache-control:
      - no-cache
      content-length:
      - '559'
      content-type:
      - application/json; charset=utf-8
      date:
      - Thu, 12 May 2022 19:31:21 GMT
      elapsed-time:
      - '229'
      etag:
      - W/"datetime'2022-05-12T19%3A23%3A37.62502Z'"
      expires:
      - '-1'
      pragma:
      - no-cache
      request-id:
      - ffe4896a-d228-11ec-92e7-00a619196125
      strict-transport-security:
      - max-age=31536000; includeSubDomains
      transfer-encoding:
      - chunked
      vary:
      - Accept-Encoding,Accept-Encoding
      x-content-type-options:
      - nosniff
    status:
      code: 200
      message: OK
- request:
    body: null
    headers:
      Accept:
      - '*/*'
      Accept-Encoding:
      - gzip, deflate
      CommandName:
      - search service create
      Connection:
      - keep-alive
      ParameterSetName:
      - -n -g --sku --public-access
      User-Agent:
      - AZURECLI/2.36.0 azsdk-python-mgmt-search/8.0.0 Python/3.8.10 (Windows-10-10.0.19044-SP0)
    method: GET
    uri: https://management.azure.com/subscriptions/00000000-0000-0000-0000-000000000000/resourceGroups/azure_search_cli_test000001/providers/Microsoft.Search/searchServices/test000002?api-version=2020-08-01
  response:
    body:
      string: '{"id":"/subscriptions/00000000-0000-0000-0000-000000000000/resourceGroups/azure_search_cli_test000001/providers/Microsoft.Search/searchServices/test000002","name":"test000002","type":"Microsoft.Search/searchServices","location":"West
        US","properties":{"replicaCount":1,"partitionCount":1,"status":"running","statusDetails":"","provisioningState":"succeeded","hostingMode":"default","publicNetworkAccess":"Disabled","networkRuleSet":{"ipRules":[],"bypass":"None"},"privateEndpointConnections":[],"sharedPrivateLinkResources":[]},"sku":{"name":"basic"}}'
    headers:
      cache-control:
      - no-cache
      content-length:
      - '551'
      content-type:
      - application/json; charset=utf-8
      date:
      - Thu, 12 May 2022 19:31:53 GMT
      elapsed-time:
      - '303'
      etag:
      - W/"datetime'2022-05-12T19%3A23%3A37.62502Z'"
      expires:
      - '-1'
      pragma:
      - no-cache
      request-id:
      - ffe4896a-d228-11ec-92e7-00a619196125
      strict-transport-security:
      - max-age=31536000; includeSubDomains
      transfer-encoding:
      - chunked
      vary:
      - Accept-Encoding,Accept-Encoding
      x-content-type-options:
      - nosniff
    status:
      code: 200
      message: OK
- request:
    body: null
    headers:
      Accept:
      - application/json
      Accept-Encoding:
      - gzip, deflate
      CommandName:
      - network vnet create
      Connection:
      - keep-alive
      ParameterSetName:
      - --resource-group --name --address-prefix
      User-Agent:
      - AZURECLI/2.36.0 azsdk-python-azure-mgmt-resource/21.1.0b1 Python/3.8.10 (Windows-10-10.0.19044-SP0)
    method: GET
    uri: https://management.azure.com/subscriptions/00000000-0000-0000-0000-000000000000/resourcegroups/azure_search_cli_test000001?api-version=2021-04-01
  response:
    body:
      string: '{"id":"/subscriptions/00000000-0000-0000-0000-000000000000/resourceGroups/azure_search_cli_test000001","name":"azure_search_cli_test000001","type":"Microsoft.Resources/resourceGroups","location":"westus","tags":{"product":"azurecli","cause":"automation","date":"2022-05-12T19:23:26Z"},"properties":{"provisioningState":"Succeeded"}}'
    headers:
      cache-control:
      - no-cache
      content-length:
      - '332'
      content-type:
      - application/json; charset=utf-8
      date:
      - Thu, 12 May 2022 19:31:53 GMT
      expires:
      - '-1'
      pragma:
      - no-cache
      strict-transport-security:
      - max-age=31536000; includeSubDomains
      vary:
      - Accept-Encoding
      x-content-type-options:
      - nosniff
    status:
      code: 200
      message: OK
- request:
    body: '{"location": "westus", "tags": {}, "properties": {"addressSpace": {"addressPrefixes":
      ["10.0.0.0/16"]}, "dhcpOptions": {}}}'
    headers:
      Accept:
      - application/json
      Accept-Encoding:
      - gzip, deflate
      CommandName:
      - network vnet create
      Connection:
      - keep-alive
      Content-Length:
      - '123'
      Content-Type:
      - application/json
      ParameterSetName:
      - --resource-group --name --address-prefix
      User-Agent:
      - AZURECLI/2.36.0 azsdk-python-azure-mgmt-network/20.0.0 Python/3.8.10 (Windows-10-10.0.19044-SP0)
    method: PUT
    uri: https://management.azure.com/subscriptions/00000000-0000-0000-0000-000000000000/resourceGroups/azure_search_cli_test000001/providers/Microsoft.Network/virtualNetworks/vnet000003?api-version=2021-08-01
  response:
    body:
      string: "{\r\n  \"name\": \"vnet000003\",\r\n  \"id\": \"/subscriptions/00000000-0000-0000-0000-000000000000/resourceGroups/azure_search_cli_test000001/providers/Microsoft.Network/virtualNetworks/vnet000003\",\r\n
        \ \"etag\": \"W/\\\"3434ca70-f510-49be-b7e1-ea94addbb6ac\\\"\",\r\n  \"type\":
        \"Microsoft.Network/virtualNetworks\",\r\n  \"location\": \"westus\",\r\n
        \ \"tags\": {},\r\n  \"properties\": {\r\n    \"provisioningState\": \"Updating\",\r\n
        \   \"resourceGuid\": \"87ae423f-fabd-42ab-9303-4d3ab84d04f3\",\r\n    \"addressSpace\":
        {\r\n      \"addressPrefixes\": [\r\n        \"10.0.0.0/16\"\r\n      ]\r\n
        \   },\r\n    \"dhcpOptions\": {\r\n      \"dnsServers\": []\r\n    },\r\n
        \   \"subnets\": [],\r\n    \"virtualNetworkPeerings\": [],\r\n    \"enableDdosProtection\":
        false\r\n  }\r\n}"
    headers:
      azure-asyncnotification:
      - Enabled
      azure-asyncoperation:
      - https://management.azure.com/subscriptions/00000000-0000-0000-0000-000000000000/providers/Microsoft.Network/locations/westus/operations/f60e5fc4-5846-4912-a68b-d08665c99237?api-version=2021-08-01
      cache-control:
      - no-cache
      content-length:
      - '694'
      content-type:
      - application/json; charset=utf-8
      date:
      - Thu, 12 May 2022 19:32:01 GMT
      expires:
      - '-1'
      pragma:
      - no-cache
      server:
      - Microsoft-HTTPAPI/2.0
      - Microsoft-HTTPAPI/2.0
      strict-transport-security:
      - max-age=31536000; includeSubDomains
      x-content-type-options:
      - nosniff
      x-ms-arm-service-request-id:
      - 648649f7-5394-47f4-b5a6-6e48d58e9c72
      x-ms-ratelimit-remaining-subscription-writes:
      - '1199'
    status:
      code: 201
      message: Created
- request:
    body: null
    headers:
      Accept:
      - '*/*'
      Accept-Encoding:
      - gzip, deflate
      CommandName:
      - network vnet create
      Connection:
      - keep-alive
      ParameterSetName:
      - --resource-group --name --address-prefix
      User-Agent:
      - AZURECLI/2.36.0 azsdk-python-azure-mgmt-network/20.0.0 Python/3.8.10 (Windows-10-10.0.19044-SP0)
    method: GET
    uri: https://management.azure.com/subscriptions/00000000-0000-0000-0000-000000000000/providers/Microsoft.Network/locations/westus/operations/f60e5fc4-5846-4912-a68b-d08665c99237?api-version=2021-08-01
  response:
    body:
      string: "{\r\n  \"status\": \"Succeeded\"\r\n}"
    headers:
      cache-control:
      - no-cache
      content-length:
      - '29'
      content-type:
      - application/json; charset=utf-8
      date:
      - Thu, 12 May 2022 19:32:05 GMT
      expires:
      - '-1'
      pragma:
      - no-cache
      server:
      - Microsoft-HTTPAPI/2.0
      - Microsoft-HTTPAPI/2.0
      strict-transport-security:
      - max-age=31536000; includeSubDomains
      transfer-encoding:
      - chunked
      vary:
      - Accept-Encoding
      x-content-type-options:
      - nosniff
      x-ms-arm-service-request-id:
      - 0fe9d449-dd1e-4098-b3ed-d81083b104fa
    status:
      code: 200
      message: OK
- request:
    body: null
    headers:
      Accept:
      - '*/*'
      Accept-Encoding:
      - gzip, deflate
      CommandName:
      - network vnet create
      Connection:
      - keep-alive
      ParameterSetName:
      - --resource-group --name --address-prefix
      User-Agent:
      - AZURECLI/2.36.0 azsdk-python-azure-mgmt-network/20.0.0 Python/3.8.10 (Windows-10-10.0.19044-SP0)
    method: GET
    uri: https://management.azure.com/subscriptions/00000000-0000-0000-0000-000000000000/resourceGroups/azure_search_cli_test000001/providers/Microsoft.Network/virtualNetworks/vnet000003?api-version=2021-08-01
  response:
    body:
      string: "{\r\n  \"name\": \"vnet000003\",\r\n  \"id\": \"/subscriptions/00000000-0000-0000-0000-000000000000/resourceGroups/azure_search_cli_test000001/providers/Microsoft.Network/virtualNetworks/vnet000003\",\r\n
        \ \"etag\": \"W/\\\"97161ad3-899a-489c-a4d9-2e69c8e0b9c0\\\"\",\r\n  \"type\":
        \"Microsoft.Network/virtualNetworks\",\r\n  \"location\": \"westus\",\r\n
        \ \"tags\": {},\r\n  \"properties\": {\r\n    \"provisioningState\": \"Succeeded\",\r\n
        \   \"resourceGuid\": \"87ae423f-fabd-42ab-9303-4d3ab84d04f3\",\r\n    \"addressSpace\":
        {\r\n      \"addressPrefixes\": [\r\n        \"10.0.0.0/16\"\r\n      ]\r\n
        \   },\r\n    \"dhcpOptions\": {\r\n      \"dnsServers\": []\r\n    },\r\n
        \   \"subnets\": [],\r\n    \"virtualNetworkPeerings\": [],\r\n    \"enableDdosProtection\":
        false\r\n  }\r\n}"
    headers:
      cache-control:
      - no-cache
      content-length:
      - '695'
      content-type:
      - application/json; charset=utf-8
      date:
      - Thu, 12 May 2022 19:32:05 GMT
      etag:
      - W/"97161ad3-899a-489c-a4d9-2e69c8e0b9c0"
      expires:
      - '-1'
      pragma:
      - no-cache
      server:
      - Microsoft-HTTPAPI/2.0
      - Microsoft-HTTPAPI/2.0
      strict-transport-security:
      - max-age=31536000; includeSubDomains
      transfer-encoding:
      - chunked
      vary:
      - Accept-Encoding
      x-content-type-options:
      - nosniff
      x-ms-arm-service-request-id:
      - 360f1697-ef12-4263-a0d6-dc869f85772d
    status:
      code: 200
      message: OK
- request:
    body: null
    headers:
      Accept:
      - application/json
      Accept-Encoding:
      - gzip, deflate
      CommandName:
      - network vnet subnet create
      Connection:
      - keep-alive
      ParameterSetName:
      - --resource-group --vnet-name --name --address-prefixes
      User-Agent:
      - AZURECLI/2.36.0 azsdk-python-azure-mgmt-network/20.0.0 Python/3.8.10 (Windows-10-10.0.19044-SP0)
    method: GET
    uri: https://management.azure.com/subscriptions/00000000-0000-0000-0000-000000000000/resourceGroups/azure_search_cli_test000001/providers/Microsoft.Network/virtualNetworks/vnet000003?api-version=2021-08-01
  response:
    body:
      string: "{\r\n  \"name\": \"vnet000003\",\r\n  \"id\": \"/subscriptions/00000000-0000-0000-0000-000000000000/resourceGroups/azure_search_cli_test000001/providers/Microsoft.Network/virtualNetworks/vnet000003\",\r\n
        \ \"etag\": \"W/\\\"97161ad3-899a-489c-a4d9-2e69c8e0b9c0\\\"\",\r\n  \"type\":
        \"Microsoft.Network/virtualNetworks\",\r\n  \"location\": \"westus\",\r\n
        \ \"tags\": {},\r\n  \"properties\": {\r\n    \"provisioningState\": \"Succeeded\",\r\n
        \   \"resourceGuid\": \"87ae423f-fabd-42ab-9303-4d3ab84d04f3\",\r\n    \"addressSpace\":
        {\r\n      \"addressPrefixes\": [\r\n        \"10.0.0.0/16\"\r\n      ]\r\n
        \   },\r\n    \"dhcpOptions\": {\r\n      \"dnsServers\": []\r\n    },\r\n
        \   \"subnets\": [],\r\n    \"virtualNetworkPeerings\": [],\r\n    \"enableDdosProtection\":
        false\r\n  }\r\n}"
    headers:
      cache-control:
      - no-cache
      content-length:
      - '695'
      content-type:
      - application/json; charset=utf-8
      date:
      - Thu, 12 May 2022 19:32:07 GMT
      etag:
      - W/"97161ad3-899a-489c-a4d9-2e69c8e0b9c0"
      expires:
      - '-1'
      pragma:
      - no-cache
      server:
      - Microsoft-HTTPAPI/2.0
      - Microsoft-HTTPAPI/2.0
      strict-transport-security:
      - max-age=31536000; includeSubDomains
      transfer-encoding:
      - chunked
      vary:
      - Accept-Encoding
      x-content-type-options:
      - nosniff
      x-ms-arm-service-request-id:
      - 2a62a6b4-fef8-4f8b-badb-52097d2f8bc1
    status:
      code: 200
      message: OK
- request:
    body: '{"id": "/subscriptions/00000000-0000-0000-0000-000000000000/resourceGroups/azure_search_cli_test000001/providers/Microsoft.Network/virtualNetworks/vnet000003",
      "location": "westus", "tags": {}, "properties": {"addressSpace": {"addressPrefixes":
      ["10.0.0.0/16"]}, "dhcpOptions": {"dnsServers": []}, "subnets": [{"name": "subnet000004",
      "properties": {"addressPrefix": "10.0.0.0/24", "privateEndpointNetworkPolicies":
      "Enabled", "privateLinkServiceNetworkPolicies": "Enabled"}}], "virtualNetworkPeerings":
      [], "enableDdosProtection": false}}'
    headers:
      Accept:
      - application/json
      Accept-Encoding:
      - gzip, deflate
      CommandName:
      - network vnet subnet create
      Connection:
      - keep-alive
      Content-Length:
      - '539'
      Content-Type:
      - application/json
      ParameterSetName:
      - --resource-group --vnet-name --name --address-prefixes
      User-Agent:
      - AZURECLI/2.36.0 azsdk-python-azure-mgmt-network/20.0.0 Python/3.8.10 (Windows-10-10.0.19044-SP0)
    method: PUT
    uri: https://management.azure.com/subscriptions/00000000-0000-0000-0000-000000000000/resourceGroups/azure_search_cli_test000001/providers/Microsoft.Network/virtualNetworks/vnet000003?api-version=2021-08-01
  response:
    body:
      string: "{\r\n  \"name\": \"vnet000003\",\r\n  \"id\": \"/subscriptions/00000000-0000-0000-0000-000000000000/resourceGroups/azure_search_cli_test000001/providers/Microsoft.Network/virtualNetworks/vnet000003\",\r\n
        \ \"etag\": \"W/\\\"f7a8209a-dc52-4ca9-ac4a-b413fd8dd7d3\\\"\",\r\n  \"type\":
        \"Microsoft.Network/virtualNetworks\",\r\n  \"location\": \"westus\",\r\n
        \ \"tags\": {},\r\n  \"properties\": {\r\n    \"provisioningState\": \"Updating\",\r\n
        \   \"resourceGuid\": \"87ae423f-fabd-42ab-9303-4d3ab84d04f3\",\r\n    \"addressSpace\":
        {\r\n      \"addressPrefixes\": [\r\n        \"10.0.0.0/16\"\r\n      ]\r\n
        \   },\r\n    \"dhcpOptions\": {\r\n      \"dnsServers\": []\r\n    },\r\n
        \   \"subnets\": [\r\n      {\r\n        \"name\": \"subnet000004\",\r\n        \"id\":
        \"/subscriptions/00000000-0000-0000-0000-000000000000/resourceGroups/azure_search_cli_test000001/providers/Microsoft.Network/virtualNetworks/vnet000003/subnets/subnet000004\",\r\n
        \       \"etag\": \"W/\\\"f7a8209a-dc52-4ca9-ac4a-b413fd8dd7d3\\\"\",\r\n
        \       \"properties\": {\r\n          \"provisioningState\": \"Updating\",\r\n
        \         \"addressPrefix\": \"10.0.0.0/24\",\r\n          \"delegations\":
        [],\r\n          \"privateEndpointNetworkPolicies\": \"Enabled\",\r\n          \"privateLinkServiceNetworkPolicies\":
        \"Enabled\"\r\n        },\r\n        \"type\": \"Microsoft.Network/virtualNetworks/subnets\"\r\n
        \     }\r\n    ],\r\n    \"virtualNetworkPeerings\": [],\r\n    \"enableDdosProtection\":
        false\r\n  }\r\n}"
    headers:
      azure-asyncnotification:
      - Enabled
      azure-asyncoperation:
      - https://management.azure.com/subscriptions/00000000-0000-0000-0000-000000000000/providers/Microsoft.Network/locations/westus/operations/462e3523-6879-41e0-a298-3a27565135df?api-version=2021-08-01
      cache-control:
      - no-cache
      content-length:
      - '1332'
      content-type:
      - application/json; charset=utf-8
      date:
      - Thu, 12 May 2022 19:32:09 GMT
      expires:
      - '-1'
      pragma:
      - no-cache
      server:
      - Microsoft-HTTPAPI/2.0
      - Microsoft-HTTPAPI/2.0
      strict-transport-security:
      - max-age=31536000; includeSubDomains
      transfer-encoding:
      - chunked
      vary:
      - Accept-Encoding
      x-content-type-options:
      - nosniff
      x-ms-arm-service-request-id:
      - 061d6d34-4c64-4d40-838c-d9392c24240d
      x-ms-ratelimit-remaining-subscription-writes:
      - '1195'
    status:
      code: 200
      message: OK
- request:
    body: null
    headers:
      Accept:
      - '*/*'
      Accept-Encoding:
      - gzip, deflate
      CommandName:
      - network vnet subnet create
      Connection:
      - keep-alive
      ParameterSetName:
      - --resource-group --vnet-name --name --address-prefixes
      User-Agent:
      - AZURECLI/2.36.0 azsdk-python-azure-mgmt-network/20.0.0 Python/3.8.10 (Windows-10-10.0.19044-SP0)
    method: GET
    uri: https://management.azure.com/subscriptions/00000000-0000-0000-0000-000000000000/providers/Microsoft.Network/locations/westus/operations/462e3523-6879-41e0-a298-3a27565135df?api-version=2021-08-01
  response:
    body:
      string: "{\r\n  \"status\": \"Succeeded\"\r\n}"
    headers:
      cache-control:
      - no-cache
      content-length:
      - '29'
      content-type:
      - application/json; charset=utf-8
      date:
      - Thu, 12 May 2022 19:32:13 GMT
      expires:
      - '-1'
      pragma:
      - no-cache
      server:
      - Microsoft-HTTPAPI/2.0
      - Microsoft-HTTPAPI/2.0
      strict-transport-security:
      - max-age=31536000; includeSubDomains
      transfer-encoding:
      - chunked
      vary:
      - Accept-Encoding
      x-content-type-options:
      - nosniff
      x-ms-arm-service-request-id:
      - 7fe6f847-aef3-49ac-9ee0-97e38e9af88d
    status:
      code: 200
      message: OK
- request:
    body: null
    headers:
      Accept:
      - '*/*'
      Accept-Encoding:
      - gzip, deflate
      CommandName:
      - network vnet subnet create
      Connection:
      - keep-alive
      ParameterSetName:
      - --resource-group --vnet-name --name --address-prefixes
      User-Agent:
      - AZURECLI/2.36.0 azsdk-python-azure-mgmt-network/20.0.0 Python/3.8.10 (Windows-10-10.0.19044-SP0)
    method: GET
    uri: https://management.azure.com/subscriptions/00000000-0000-0000-0000-000000000000/resourceGroups/azure_search_cli_test000001/providers/Microsoft.Network/virtualNetworks/vnet000003?api-version=2021-08-01
  response:
    body:
      string: "{\r\n  \"name\": \"vnet000003\",\r\n  \"id\": \"/subscriptions/00000000-0000-0000-0000-000000000000/resourceGroups/azure_search_cli_test000001/providers/Microsoft.Network/virtualNetworks/vnet000003\",\r\n
        \ \"etag\": \"W/\\\"f7fffa64-26b3-4156-93bc-b965aacf2b6a\\\"\",\r\n  \"type\":
        \"Microsoft.Network/virtualNetworks\",\r\n  \"location\": \"westus\",\r\n
        \ \"tags\": {},\r\n  \"properties\": {\r\n    \"provisioningState\": \"Succeeded\",\r\n
        \   \"resourceGuid\": \"87ae423f-fabd-42ab-9303-4d3ab84d04f3\",\r\n    \"addressSpace\":
        {\r\n      \"addressPrefixes\": [\r\n        \"10.0.0.0/16\"\r\n      ]\r\n
        \   },\r\n    \"dhcpOptions\": {\r\n      \"dnsServers\": []\r\n    },\r\n
        \   \"subnets\": [\r\n      {\r\n        \"name\": \"subnet000004\",\r\n        \"id\":
        \"/subscriptions/00000000-0000-0000-0000-000000000000/resourceGroups/azure_search_cli_test000001/providers/Microsoft.Network/virtualNetworks/vnet000003/subnets/subnet000004\",\r\n
        \       \"etag\": \"W/\\\"f7fffa64-26b3-4156-93bc-b965aacf2b6a\\\"\",\r\n
        \       \"properties\": {\r\n          \"provisioningState\": \"Succeeded\",\r\n
        \         \"addressPrefix\": \"10.0.0.0/24\",\r\n          \"delegations\":
        [],\r\n          \"privateEndpointNetworkPolicies\": \"Enabled\",\r\n          \"privateLinkServiceNetworkPolicies\":
        \"Enabled\"\r\n        },\r\n        \"type\": \"Microsoft.Network/virtualNetworks/subnets\"\r\n
        \     }\r\n    ],\r\n    \"virtualNetworkPeerings\": [],\r\n    \"enableDdosProtection\":
        false\r\n  }\r\n}"
    headers:
      cache-control:
      - no-cache
      content-length:
      - '1334'
      content-type:
      - application/json; charset=utf-8
      date:
      - Thu, 12 May 2022 19:32:13 GMT
      etag:
      - W/"f7fffa64-26b3-4156-93bc-b965aacf2b6a"
      expires:
      - '-1'
      pragma:
      - no-cache
      server:
      - Microsoft-HTTPAPI/2.0
      - Microsoft-HTTPAPI/2.0
      strict-transport-security:
      - max-age=31536000; includeSubDomains
      transfer-encoding:
      - chunked
      vary:
      - Accept-Encoding
      x-content-type-options:
      - nosniff
      x-ms-arm-service-request-id:
      - 3444723b-3227-46b8-a28b-2986e01298d6
    status:
      code: 200
      message: OK
- request:
    body: null
    headers:
      Accept:
      - application/json
      Accept-Encoding:
      - gzip, deflate
      CommandName:
      - network vnet subnet update
      Connection:
      - keep-alive
      ParameterSetName:
      - --resource-group --vnet-name --name --disable-private-endpoint-network-policies
      User-Agent:
      - AZURECLI/2.36.0 azsdk-python-azure-mgmt-network/20.0.0 Python/3.8.10 (Windows-10-10.0.19044-SP0)
    method: GET
    uri: https://management.azure.com/subscriptions/00000000-0000-0000-0000-000000000000/resourceGroups/azure_search_cli_test000001/providers/Microsoft.Network/virtualNetworks/vnet000003/subnets/subnet000004?api-version=2021-08-01
  response:
    body:
      string: "{\r\n  \"name\": \"subnet000004\",\r\n  \"id\": \"/subscriptions/00000000-0000-0000-0000-000000000000/resourceGroups/azure_search_cli_test000001/providers/Microsoft.Network/virtualNetworks/vnet000003/subnets/subnet000004\",\r\n
        \ \"etag\": \"W/\\\"f7fffa64-26b3-4156-93bc-b965aacf2b6a\\\"\",\r\n  \"properties\":
        {\r\n    \"provisioningState\": \"Succeeded\",\r\n    \"addressPrefix\": \"10.0.0.0/24\",\r\n
        \   \"delegations\": [],\r\n    \"privateEndpointNetworkPolicies\": \"Enabled\",\r\n
        \   \"privateLinkServiceNetworkPolicies\": \"Enabled\"\r\n  },\r\n  \"type\":
        \"Microsoft.Network/virtualNetworks/subnets\"\r\n}"
    headers:
      cache-control:
      - no-cache
      content-length:
      - '553'
      content-type:
      - application/json; charset=utf-8
      date:
      - Thu, 12 May 2022 19:32:15 GMT
      etag:
      - W/"f7fffa64-26b3-4156-93bc-b965aacf2b6a"
      expires:
      - '-1'
      pragma:
      - no-cache
      server:
      - Microsoft-HTTPAPI/2.0
      - Microsoft-HTTPAPI/2.0
      strict-transport-security:
      - max-age=31536000; includeSubDomains
      transfer-encoding:
      - chunked
      vary:
      - Accept-Encoding
      x-content-type-options:
      - nosniff
      x-ms-arm-service-request-id:
      - afdffd5c-035f-47b1-80b4-cff9a3906265
    status:
      code: 200
      message: OK
- request:
    body: '{"id": "/subscriptions/00000000-0000-0000-0000-000000000000/resourceGroups/azure_search_cli_test000001/providers/Microsoft.Network/virtualNetworks/vnet000003/subnets/subnet000004",
      "name": "subnet000004", "type": "Microsoft.Network/virtualNetworks/subnets",
      "properties": {"addressPrefix": "10.0.0.0/24", "delegations": [], "privateEndpointNetworkPolicies":
      "Disabled", "privateLinkServiceNetworkPolicies": "Enabled"}}'
    headers:
      Accept:
      - application/json
      Accept-Encoding:
      - gzip, deflate
      CommandName:
      - network vnet subnet update
      Connection:
      - keep-alive
      Content-Length:
      - '418'
      Content-Type:
      - application/json
      ParameterSetName:
      - --resource-group --vnet-name --name --disable-private-endpoint-network-policies
      User-Agent:
      - AZURECLI/2.36.0 azsdk-python-azure-mgmt-network/20.0.0 Python/3.8.10 (Windows-10-10.0.19044-SP0)
    method: PUT
    uri: https://management.azure.com/subscriptions/00000000-0000-0000-0000-000000000000/resourceGroups/azure_search_cli_test000001/providers/Microsoft.Network/virtualNetworks/vnet000003/subnets/subnet000004?api-version=2021-08-01
  response:
    body:
      string: "{\r\n  \"name\": \"subnet000004\",\r\n  \"id\": \"/subscriptions/00000000-0000-0000-0000-000000000000/resourceGroups/azure_search_cli_test000001/providers/Microsoft.Network/virtualNetworks/vnet000003/subnets/subnet000004\",\r\n
        \ \"etag\": \"W/\\\"d3f26f81-6c5f-40ff-b089-c536839d0605\\\"\",\r\n  \"properties\":
        {\r\n    \"provisioningState\": \"Updating\",\r\n    \"addressPrefix\": \"10.0.0.0/24\",\r\n
        \   \"delegations\": [],\r\n    \"privateEndpointNetworkPolicies\": \"Disabled\",\r\n
        \   \"privateLinkServiceNetworkPolicies\": \"Enabled\"\r\n  },\r\n  \"type\":
        \"Microsoft.Network/virtualNetworks/subnets\"\r\n}"
    headers:
      azure-asyncoperation:
      - https://management.azure.com/subscriptions/00000000-0000-0000-0000-000000000000/providers/Microsoft.Network/locations/westus/operations/f191048b-9dbd-4955-9870-00ca843789d1?api-version=2021-08-01
      cache-control:
      - no-cache
      content-length:
      - '553'
      content-type:
      - application/json; charset=utf-8
      date:
      - Thu, 12 May 2022 19:32:16 GMT
      expires:
      - '-1'
      pragma:
      - no-cache
      server:
      - Microsoft-HTTPAPI/2.0
      - Microsoft-HTTPAPI/2.0
      strict-transport-security:
      - max-age=31536000; includeSubDomains
      transfer-encoding:
      - chunked
      vary:
      - Accept-Encoding
      x-content-type-options:
      - nosniff
      x-ms-arm-service-request-id:
      - a4a28378-675d-4397-b8b7-1bb623961e60
      x-ms-ratelimit-remaining-subscription-writes:
      - '1194'
    status:
      code: 200
      message: OK
- request:
    body: null
    headers:
      Accept:
      - '*/*'
      Accept-Encoding:
      - gzip, deflate
      CommandName:
      - network vnet subnet update
      Connection:
      - keep-alive
      ParameterSetName:
      - --resource-group --vnet-name --name --disable-private-endpoint-network-policies
      User-Agent:
      - AZURECLI/2.36.0 azsdk-python-azure-mgmt-network/20.0.0 Python/3.8.10 (Windows-10-10.0.19044-SP0)
    method: GET
    uri: https://management.azure.com/subscriptions/00000000-0000-0000-0000-000000000000/providers/Microsoft.Network/locations/westus/operations/f191048b-9dbd-4955-9870-00ca843789d1?api-version=2021-08-01
  response:
    body:
      string: "{\r\n  \"status\": \"Succeeded\"\r\n}"
    headers:
      cache-control:
      - no-cache
      content-length:
      - '29'
      content-type:
      - application/json; charset=utf-8
      date:
      - Thu, 12 May 2022 19:32:19 GMT
      expires:
      - '-1'
      pragma:
      - no-cache
      server:
      - Microsoft-HTTPAPI/2.0
      - Microsoft-HTTPAPI/2.0
      strict-transport-security:
      - max-age=31536000; includeSubDomains
      transfer-encoding:
      - chunked
      vary:
      - Accept-Encoding
      x-content-type-options:
      - nosniff
      x-ms-arm-service-request-id:
      - 87f1ac4f-10a0-4ae0-b475-dc45be038ca2
    status:
      code: 200
      message: OK
- request:
    body: null
    headers:
      Accept:
      - '*/*'
      Accept-Encoding:
      - gzip, deflate
      CommandName:
      - network vnet subnet update
      Connection:
      - keep-alive
      ParameterSetName:
      - --resource-group --vnet-name --name --disable-private-endpoint-network-policies
      User-Agent:
      - AZURECLI/2.36.0 azsdk-python-azure-mgmt-network/20.0.0 Python/3.8.10 (Windows-10-10.0.19044-SP0)
    method: GET
    uri: https://management.azure.com/subscriptions/00000000-0000-0000-0000-000000000000/resourceGroups/azure_search_cli_test000001/providers/Microsoft.Network/virtualNetworks/vnet000003/subnets/subnet000004?api-version=2021-08-01
  response:
    body:
      string: "{\r\n  \"name\": \"subnet000004\",\r\n  \"id\": \"/subscriptions/00000000-0000-0000-0000-000000000000/resourceGroups/azure_search_cli_test000001/providers/Microsoft.Network/virtualNetworks/vnet000003/subnets/subnet000004\",\r\n
        \ \"etag\": \"W/\\\"454f4872-47af-4720-ae66-bf4912a95c84\\\"\",\r\n  \"properties\":
        {\r\n    \"provisioningState\": \"Succeeded\",\r\n    \"addressPrefix\": \"10.0.0.0/24\",\r\n
        \   \"delegations\": [],\r\n    \"privateEndpointNetworkPolicies\": \"Disabled\",\r\n
        \   \"privateLinkServiceNetworkPolicies\": \"Enabled\"\r\n  },\r\n  \"type\":
        \"Microsoft.Network/virtualNetworks/subnets\"\r\n}"
    headers:
      cache-control:
      - no-cache
      content-length:
      - '554'
      content-type:
      - application/json; charset=utf-8
      date:
      - Thu, 12 May 2022 19:32:20 GMT
      etag:
      - W/"454f4872-47af-4720-ae66-bf4912a95c84"
      expires:
      - '-1'
      pragma:
      - no-cache
      server:
      - Microsoft-HTTPAPI/2.0
      - Microsoft-HTTPAPI/2.0
      strict-transport-security:
      - max-age=31536000; includeSubDomains
      transfer-encoding:
      - chunked
      vary:
      - Accept-Encoding
      x-content-type-options:
      - nosniff
      x-ms-arm-service-request-id:
      - 05804f30-687a-4226-8817-0f493ae0f781
    status:
      code: 200
      message: OK
- request:
    body: null
    headers:
      Accept:
      - application/json
      Accept-Encoding:
      - gzip, deflate
      CommandName:
      - network private-endpoint create
      Connection:
      - keep-alive
      ParameterSetName:
      - --resource-group --name --vnet-name --subnet --private-connection-resource-id
        --connection-name --group-id
      User-Agent:
      - AZURECLI/2.36.0 azsdk-python-azure-mgmt-resource/21.1.0b1 Python/3.8.10 (Windows-10-10.0.19044-SP0)
    method: GET
    uri: https://management.azure.com/subscriptions/00000000-0000-0000-0000-000000000000/resourcegroups/azure_search_cli_test000001?api-version=2021-04-01
  response:
    body:
      string: '{"id":"/subscriptions/00000000-0000-0000-0000-000000000000/resourceGroups/azure_search_cli_test000001","name":"azure_search_cli_test000001","type":"Microsoft.Resources/resourceGroups","location":"westus","tags":{"product":"azurecli","cause":"automation","date":"2022-05-12T19:23:26Z"},"properties":{"provisioningState":"Succeeded"}}'
    headers:
      cache-control:
      - no-cache
      content-length:
      - '332'
      content-type:
      - application/json; charset=utf-8
      date:
      - Thu, 12 May 2022 19:32:20 GMT
      expires:
      - '-1'
      pragma:
      - no-cache
      strict-transport-security:
      - max-age=31536000; includeSubDomains
      vary:
      - Accept-Encoding
      x-content-type-options:
      - nosniff
    status:
      code: 200
      message: OK
- request:
    body: '{"location": "westus", "properties": {"subnet": {"id": "/subscriptions/00000000-0000-0000-0000-000000000000/resourceGroups/azure_search_cli_test000001/providers/Microsoft.Network/virtualNetworks/vnet000003/subnets/subnet000004",
      "properties": {"privateEndpointNetworkPolicies": "Enabled", "privateLinkServiceNetworkPolicies":
      "Enabled"}}, "privateLinkServiceConnections": [{"name": "testpec000006", "properties":
      {"privateLinkServiceId": "/subscriptions/00000000-0000-0000-0000-000000000000/resourceGroups/azure_search_cli_test000001/providers/Microsoft.Search/searchServices/test000002",
      "groupIds": ["searchService"]}}]}}'
    headers:
      Accept:
      - application/json
      Accept-Encoding:
      - gzip, deflate
      CommandName:
      - network private-endpoint create
      Connection:
      - keep-alive
      Content-Length:
      - '623'
      Content-Type:
      - application/json
      ParameterSetName:
      - --resource-group --name --vnet-name --subnet --private-connection-resource-id
        --connection-name --group-id
      User-Agent:
      - AZURECLI/2.36.0 azsdk-python-azure-mgmt-network/20.0.0 Python/3.8.10 (Windows-10-10.0.19044-SP0)
    method: PUT
    uri: https://management.azure.com/subscriptions/00000000-0000-0000-0000-000000000000/resourceGroups/azure_search_cli_test000001/providers/Microsoft.Network/privateEndpoints/testpe000005?api-version=2021-08-01
  response:
    body:
      string: "{\r\n  \"name\": \"testpe000005\",\r\n  \"id\": \"/subscriptions/00000000-0000-0000-0000-000000000000/resourceGroups/azure_search_cli_test000001/providers/Microsoft.Network/privateEndpoints/testpe000005\",\r\n
        \ \"etag\": \"W/\\\"327cb554-c772-430e-b644-ab41150dc6cd\\\"\",\r\n  \"type\":
        \"Microsoft.Network/privateEndpoints\",\r\n  \"location\": \"westus\",\r\n
        \ \"properties\": {\r\n    \"provisioningState\": \"Updating\",\r\n    \"resourceGuid\":
        \"dc6a1fbb-9009-4e92-86b4-ee9a2dca02b6\",\r\n    \"privateLinkServiceConnections\":
        [\r\n      {\r\n        \"name\": \"testpec000006\",\r\n        \"id\": \"/subscriptions/00000000-0000-0000-0000-000000000000/resourceGroups/azure_search_cli_test000001/providers/Microsoft.Network/privateEndpoints/testpe000005/privateLinkServiceConnections/testpec000006\",\r\n
        \       \"etag\": \"W/\\\"327cb554-c772-430e-b644-ab41150dc6cd\\\"\",\r\n
        \       \"properties\": {\r\n          \"provisioningState\": \"Succeeded\",\r\n
        \         \"privateLinkServiceId\": \"/subscriptions/00000000-0000-0000-0000-000000000000/resourceGroups/azure_search_cli_test000001/providers/Microsoft.Search/searchServices/test000002\",\r\n
        \         \"groupIds\": [\r\n            \"searchService\"\r\n          ],\r\n
        \         \"privateLinkServiceConnectionState\": {\r\n            \"status\":
        \"Approved\",\r\n            \"description\": \"Auto Approved\",\r\n            \"actionsRequired\":
        \"None\"\r\n          }\r\n        },\r\n        \"type\": \"Microsoft.Network/privateEndpoints/privateLinkServiceConnections\"\r\n
        \     }\r\n    ],\r\n    \"manualPrivateLinkServiceConnections\": [],\r\n
        \   \"customNetworkInterfaceName\": \"\",\r\n    \"subnet\": {\r\n      \"id\":
        \"/subscriptions/00000000-0000-0000-0000-000000000000/resourceGroups/azure_search_cli_test000001/providers/Microsoft.Network/virtualNetworks/vnet000003/subnets/subnet000004\"\r\n
        \   },\r\n    \"ipConfigurations\": [],\r\n    \"networkInterfaces\": [\r\n
        \     {\r\n        \"id\": \"/subscriptions/00000000-0000-0000-0000-000000000000/resourceGroups/azure_search_cli_test000001/providers/Microsoft.Network/networkInterfaces/testpe000005.nic.6cb6f9dd-2ad9-44ff-b4f6-f92dd11343fe\"\r\n
        \     }\r\n    ],\r\n    \"customDnsConfigs\": []\r\n  }\r\n}"
    headers:
      azure-asyncnotification:
      - Enabled
      azure-asyncoperation:
      - https://management.azure.com/subscriptions/00000000-0000-0000-0000-000000000000/providers/Microsoft.Network/locations/westus/operations/c0d928d2-32e7-4eb5-a39c-e45721b04a5d?api-version=2021-08-01
      cache-control:
      - no-cache
      content-length:
      - '2051'
      content-type:
      - application/json; charset=utf-8
      date:
      - Thu, 12 May 2022 19:32:25 GMT
      expires:
      - '-1'
      pragma:
      - no-cache
      server:
      - Microsoft-HTTPAPI/2.0
      - Microsoft-HTTPAPI/2.0
      strict-transport-security:
      - max-age=31536000; includeSubDomains
      x-content-type-options:
      - nosniff
      x-ms-arm-service-request-id:
      - 318999c4-aa54-418d-9b73-8be87b549a9b
      x-ms-ratelimit-remaining-subscription-writes:
      - '1195'
    status:
      code: 201
      message: Created
- request:
    body: null
    headers:
      Accept:
      - '*/*'
      Accept-Encoding:
      - gzip, deflate
      CommandName:
      - network private-endpoint create
      Connection:
      - keep-alive
      ParameterSetName:
      - --resource-group --name --vnet-name --subnet --private-connection-resource-id
        --connection-name --group-id
      User-Agent:
      - AZURECLI/2.36.0 azsdk-python-azure-mgmt-network/20.0.0 Python/3.8.10 (Windows-10-10.0.19044-SP0)
    method: GET
    uri: https://management.azure.com/subscriptions/00000000-0000-0000-0000-000000000000/providers/Microsoft.Network/locations/westus/operations/c0d928d2-32e7-4eb5-a39c-e45721b04a5d?api-version=2021-08-01
  response:
    body:
      string: "{\r\n  \"status\": \"InProgress\"\r\n}"
    headers:
      cache-control:
      - no-cache
      content-length:
      - '30'
      content-type:
      - application/json; charset=utf-8
      date:
      - Thu, 12 May 2022 19:32:36 GMT
      expires:
      - '-1'
      pragma:
      - no-cache
      server:
      - Microsoft-HTTPAPI/2.0
      - Microsoft-HTTPAPI/2.0
      strict-transport-security:
      - max-age=31536000; includeSubDomains
      transfer-encoding:
      - chunked
      vary:
      - Accept-Encoding
      x-content-type-options:
      - nosniff
      x-ms-arm-service-request-id:
      - b8b9aecc-e672-4938-be87-3118eb88a618
    status:
      code: 200
      message: OK
- request:
    body: null
    headers:
      Accept:
      - '*/*'
      Accept-Encoding:
      - gzip, deflate
      CommandName:
      - network private-endpoint create
      Connection:
      - keep-alive
      ParameterSetName:
      - --resource-group --name --vnet-name --subnet --private-connection-resource-id
        --connection-name --group-id
      User-Agent:
      - AZURECLI/2.36.0 azsdk-python-azure-mgmt-network/20.0.0 Python/3.8.10 (Windows-10-10.0.19044-SP0)
    method: GET
    uri: https://management.azure.com/subscriptions/00000000-0000-0000-0000-000000000000/providers/Microsoft.Network/locations/westus/operations/c0d928d2-32e7-4eb5-a39c-e45721b04a5d?api-version=2021-08-01
  response:
    body:
      string: "{\r\n  \"status\": \"InProgress\"\r\n}"
    headers:
      cache-control:
      - no-cache
      content-length:
      - '30'
      content-type:
      - application/json; charset=utf-8
      date:
      - Thu, 12 May 2022 19:32:46 GMT
      expires:
      - '-1'
      pragma:
      - no-cache
      server:
      - Microsoft-HTTPAPI/2.0
      - Microsoft-HTTPAPI/2.0
      strict-transport-security:
      - max-age=31536000; includeSubDomains
      transfer-encoding:
      - chunked
      vary:
      - Accept-Encoding
      x-content-type-options:
      - nosniff
      x-ms-arm-service-request-id:
      - 809e0f9e-a9b7-4fec-9a53-b54ef37bb6f2
    status:
      code: 200
      message: OK
- request:
    body: null
    headers:
      Accept:
      - '*/*'
      Accept-Encoding:
      - gzip, deflate
      CommandName:
      - network private-endpoint create
      Connection:
      - keep-alive
      ParameterSetName:
      - --resource-group --name --vnet-name --subnet --private-connection-resource-id
        --connection-name --group-id
      User-Agent:
      - AZURECLI/2.36.0 azsdk-python-azure-mgmt-network/20.0.0 Python/3.8.10 (Windows-10-10.0.19044-SP0)
    method: GET
    uri: https://management.azure.com/subscriptions/00000000-0000-0000-0000-000000000000/providers/Microsoft.Network/locations/westus/operations/c0d928d2-32e7-4eb5-a39c-e45721b04a5d?api-version=2021-08-01
  response:
    body:
      string: "{\r\n  \"status\": \"Succeeded\"\r\n}"
    headers:
      cache-control:
      - no-cache
      content-length:
      - '29'
      content-type:
      - application/json; charset=utf-8
      date:
      - Thu, 12 May 2022 19:33:07 GMT
      expires:
      - '-1'
      pragma:
      - no-cache
      server:
      - Microsoft-HTTPAPI/2.0
      - Microsoft-HTTPAPI/2.0
      strict-transport-security:
      - max-age=31536000; includeSubDomains
      transfer-encoding:
      - chunked
      vary:
      - Accept-Encoding
      x-content-type-options:
      - nosniff
      x-ms-arm-service-request-id:
      - 9f1f45c4-e3a5-4c7c-860d-4b6b767c2944
    status:
      code: 200
      message: OK
- request:
    body: null
    headers:
      Accept:
      - '*/*'
      Accept-Encoding:
      - gzip, deflate
      CommandName:
      - network private-endpoint create
      Connection:
      - keep-alive
      ParameterSetName:
      - --resource-group --name --vnet-name --subnet --private-connection-resource-id
        --connection-name --group-id
      User-Agent:
      - AZURECLI/2.36.0 azsdk-python-azure-mgmt-network/20.0.0 Python/3.8.10 (Windows-10-10.0.19044-SP0)
    method: GET
    uri: https://management.azure.com/subscriptions/00000000-0000-0000-0000-000000000000/resourceGroups/azure_search_cli_test000001/providers/Microsoft.Network/privateEndpoints/testpe000005?api-version=2021-08-01
  response:
    body:
      string: "{\r\n  \"name\": \"testpe000005\",\r\n  \"id\": \"/subscriptions/00000000-0000-0000-0000-000000000000/resourceGroups/azure_search_cli_test000001/providers/Microsoft.Network/privateEndpoints/testpe000005\",\r\n
        \ \"etag\": \"W/\\\"8826b94c-e93c-45c7-9853-7d8e1f5072ee\\\"\",\r\n  \"type\":
        \"Microsoft.Network/privateEndpoints\",\r\n  \"location\": \"westus\",\r\n
        \ \"properties\": {\r\n    \"provisioningState\": \"Succeeded\",\r\n    \"resourceGuid\":
        \"dc6a1fbb-9009-4e92-86b4-ee9a2dca02b6\",\r\n    \"privateLinkServiceConnections\":
        [\r\n      {\r\n        \"name\": \"testpec000006\",\r\n        \"id\": \"/subscriptions/00000000-0000-0000-0000-000000000000/resourceGroups/azure_search_cli_test000001/providers/Microsoft.Network/privateEndpoints/testpe000005/privateLinkServiceConnections/testpec000006\",\r\n
        \       \"etag\": \"W/\\\"8826b94c-e93c-45c7-9853-7d8e1f5072ee\\\"\",\r\n
        \       \"properties\": {\r\n          \"provisioningState\": \"Succeeded\",\r\n
        \         \"privateLinkServiceId\": \"/subscriptions/00000000-0000-0000-0000-000000000000/resourceGroups/azure_search_cli_test000001/providers/Microsoft.Search/searchServices/test000002\",\r\n
        \         \"groupIds\": [\r\n            \"searchService\"\r\n          ],\r\n
        \         \"privateLinkServiceConnectionState\": {\r\n            \"status\":
        \"Approved\",\r\n            \"description\": \"Auto-approved\",\r\n            \"actionsRequired\":
        \"None\"\r\n          }\r\n        },\r\n        \"type\": \"Microsoft.Network/privateEndpoints/privateLinkServiceConnections\"\r\n
        \     }\r\n    ],\r\n    \"manualPrivateLinkServiceConnections\": [],\r\n
        \   \"customNetworkInterfaceName\": \"\",\r\n    \"subnet\": {\r\n      \"id\":
        \"/subscriptions/00000000-0000-0000-0000-000000000000/resourceGroups/azure_search_cli_test000001/providers/Microsoft.Network/virtualNetworks/vnet000003/subnets/subnet000004\"\r\n
        \   },\r\n    \"ipConfigurations\": [],\r\n    \"networkInterfaces\": [\r\n
        \     {\r\n        \"id\": \"/subscriptions/00000000-0000-0000-0000-000000000000/resourceGroups/azure_search_cli_test000001/providers/Microsoft.Network/networkInterfaces/testpe000005.nic.6cb6f9dd-2ad9-44ff-b4f6-f92dd11343fe\"\r\n
        \     }\r\n    ],\r\n    \"customDnsConfigs\": [\r\n      {\r\n        \"fqdn\":
        \"test000002.search.windows.net\",\r\n        \"ipAddresses\": [\r\n          \"10.0.0.4\"\r\n
        \       ]\r\n      }\r\n    ]\r\n  }\r\n}"
    headers:
      cache-control:
      - no-cache
      content-length:
      - '2185'
      content-type:
      - application/json; charset=utf-8
      date:
      - Thu, 12 May 2022 19:33:07 GMT
      etag:
      - W/"8826b94c-e93c-45c7-9853-7d8e1f5072ee"
      expires:
      - '-1'
      pragma:
      - no-cache
      server:
      - Microsoft-HTTPAPI/2.0
      - Microsoft-HTTPAPI/2.0
      strict-transport-security:
      - max-age=31536000; includeSubDomains
      transfer-encoding:
      - chunked
      vary:
      - Accept-Encoding
      x-content-type-options:
      - nosniff
      x-ms-arm-service-request-id:
      - bc4ec0dd-f01d-4412-9420-e28b851f2c8d
    status:
      code: 200
      message: OK
- request:
    body: null
    headers:
      Accept:
      - application/json
      Accept-Encoding:
      - gzip, deflate
      CommandName:
      - search service show
      Connection:
      - keep-alive
      ParameterSetName:
      - -n -g
      User-Agent:
      - AZURECLI/2.36.0 azsdk-python-mgmt-search/8.0.0 Python/3.8.10 (Windows-10-10.0.19044-SP0)
    method: GET
    uri: https://management.azure.com/subscriptions/00000000-0000-0000-0000-000000000000/resourceGroups/azure_search_cli_test000001/providers/Microsoft.Search/searchServices/test000002?api-version=2020-08-01
  response:
    body:
      string: '{"id":"/subscriptions/00000000-0000-0000-0000-000000000000/resourceGroups/azure_search_cli_test000001/providers/Microsoft.Search/searchServices/test000002","name":"test000002","type":"Microsoft.Search/searchServices","location":"West
        US","properties":{"replicaCount":1,"partitionCount":1,"status":"running","statusDetails":"","provisioningState":"succeeded","hostingMode":"default","publicNetworkAccess":"Disabled","networkRuleSet":{"ipRules":[],"bypass":"None"},"privateEndpointConnections":[{"id":"/subscriptions/00000000-0000-0000-0000-000000000000/resourceGroups/azure_search_cli_test000001/providers/Microsoft.Search/searchServices/test000002/privateEndpointConnections/testpe000005.dc6a1fbb-9009-4e92-86b4-ee9a2dca02b6","name":"testpe000005.dc6a1fbb-9009-4e92-86b4-ee9a2dca02b6","type":"Microsoft.Search/searchServices/privateEndpointConnections","properties":{"privateEndpoint":{"id":"/subscriptions/00000000-0000-0000-0000-000000000000/resourceGroups/azure_search_cli_test000001/providers/Microsoft.Network/privateEndpoints/testpe000005"},"privateLinkServiceConnectionState":{"status":"Approved","description":"Auto-approved","actionsRequired":"None"},"provisioningState":"Succeeded","groupId":"searchService"}}],"sharedPrivateLinkResources":[]},"sku":{"name":"basic"}}'
    headers:
      cache-control:
      - no-cache
      content-length:
      - '1277'
      content-type:
      - application/json; charset=utf-8
      date:
      - Thu, 12 May 2022 19:33:09 GMT
      elapsed-time:
      - '186'
      etag:
      - W/"datetime'2022-05-12T19%3A32%3A43.3972517Z'"
      expires:
      - '-1'
      pragma:
      - no-cache
      request-id:
      - 5a0a5123-d22a-11ec-9ec0-00a619196125
      strict-transport-security:
      - max-age=31536000; includeSubDomains
      transfer-encoding:
      - chunked
      vary:
      - Accept-Encoding,Accept-Encoding
      x-content-type-options:
      - nosniff
    status:
      code: 200
      message: OK
- request:
    body: null
    headers:
      Accept:
      - application/json
      Accept-Encoding:
      - gzip, deflate
      CommandName:
      - search private-endpoint-connection list
      Connection:
      - keep-alive
      ParameterSetName:
      - -g --service-name
      User-Agent:
      - AZURECLI/2.36.0 azsdk-python-mgmt-search/8.0.0 Python/3.8.10 (Windows-10-10.0.19044-SP0)
    method: GET
    uri: https://management.azure.com/subscriptions/00000000-0000-0000-0000-000000000000/resourceGroups/azure_search_cli_test000001/providers/Microsoft.Search/searchServices/test000002/privateEndpointConnections?api-version=2020-08-01
  response:
    body:
      string: '{"value":[{"id":"/subscriptions/00000000-0000-0000-0000-000000000000/resourceGroups/azure_search_cli_test000001/providers/Microsoft.Search/searchServices/test000002/privateEndpointConnections/testpe000005.dc6a1fbb-9009-4e92-86b4-ee9a2dca02b6","name":"testpe000005.dc6a1fbb-9009-4e92-86b4-ee9a2dca02b6","type":"Microsoft.Search/searchServices/privateEndpointConnections","properties":{"privateEndpoint":{"id":"/subscriptions/00000000-0000-0000-0000-000000000000/resourceGroups/azure_search_cli_test000001/providers/Microsoft.Network/privateEndpoints/testpe000005"},"privateLinkServiceConnectionState":{"status":"Approved","description":"Auto-approved","actionsRequired":"None"},"provisioningState":"Succeeded","groupId":"searchService"}}],"nextLink":null}'
    headers:
      cache-control:
      - no-cache
      content-length:
      - '754'
      content-type:
      - application/json; charset=utf-8
      date:
      - Thu, 12 May 2022 19:33:11 GMT
      elapsed-time:
      - '88'
      expires:
      - '-1'
      pragma:
      - no-cache
      request-id:
      - 5b634db5-d22a-11ec-9994-00a619196125
      strict-transport-security:
      - max-age=31536000; includeSubDomains
      transfer-encoding:
      - chunked
      vary:
      - Accept-Encoding,Accept-Encoding
      x-content-type-options:
      - nosniff
    status:
      code: 200
      message: OK
- request:
    body: null
    headers:
      Accept:
      - application/json
      Accept-Encoding:
      - gzip, deflate
      CommandName:
      - search private-endpoint-connection show
      Connection:
      - keep-alive
      ParameterSetName:
      - --name -g --service-name
      User-Agent:
      - AZURECLI/2.36.0 azsdk-python-mgmt-search/8.0.0 Python/3.8.10 (Windows-10-10.0.19044-SP0)
    method: GET
    uri: https://management.azure.com/subscriptions/00000000-0000-0000-0000-000000000000/resourceGroups/azure_search_cli_test000001/providers/Microsoft.Search/searchServices/test000002/privateEndpointConnections/testpe000005.dc6a1fbb-9009-4e92-86b4-ee9a2dca02b6?api-version=2020-08-01
  response:
    body:
      string: '{"id":"/subscriptions/00000000-0000-0000-0000-000000000000/resourceGroups/azure_search_cli_test000001/providers/Microsoft.Search/searchServices/test000002/privateEndpointConnections/testpe000005.dc6a1fbb-9009-4e92-86b4-ee9a2dca02b6","name":"testpe000005.dc6a1fbb-9009-4e92-86b4-ee9a2dca02b6","type":"Microsoft.Search/searchServices/privateEndpointConnections","properties":{"privateEndpoint":{"id":"/subscriptions/00000000-0000-0000-0000-000000000000/resourceGroups/azure_search_cli_test000001/providers/Microsoft.Network/privateEndpoints/testpe000005"},"privateLinkServiceConnectionState":{"status":"Approved","description":"Auto-approved","actionsRequired":"None"},"provisioningState":"Succeeded","groupId":"searchService"}}'
    headers:
      cache-control:
      - no-cache
      content-length:
      - '726'
      content-type:
      - application/json; charset=utf-8
      date:
      - Thu, 12 May 2022 19:33:13 GMT
      elapsed-time:
      - '69'
      expires:
      - '-1'
      pragma:
      - no-cache
      request-id:
      - 5c984e82-d22a-11ec-b9ad-00a619196125
      strict-transport-security:
      - max-age=31536000; includeSubDomains
      transfer-encoding:
      - chunked
      vary:
      - Accept-Encoding,Accept-Encoding
      x-content-type-options:
      - nosniff
    status:
      code: 200
      message: OK
- request:
    body: '{"properties": {"privateLinkServiceConnectionState": {"status": "Rejected",
      "description": "Rejected by test", "actionsRequired": "No action required"}}}'
    headers:
      Accept:
      - application/json
      Accept-Encoding:
      - gzip, deflate
      CommandName:
      - search private-endpoint-connection update
      Connection:
      - keep-alive
      Content-Length:
      - '153'
      Content-Type:
      - application/json
      ParameterSetName:
      - --service-name -g --name --status --description --actions-required
      User-Agent:
      - AZURECLI/2.36.0 azsdk-python-mgmt-search/8.0.0 Python/3.8.10 (Windows-10-10.0.19044-SP0)
    method: PUT
    uri: https://management.azure.com/subscriptions/00000000-0000-0000-0000-000000000000/resourceGroups/azure_search_cli_test000001/providers/Microsoft.Search/searchServices/test000002/privateEndpointConnections/testpe000005.dc6a1fbb-9009-4e92-86b4-ee9a2dca02b6?api-version=2020-08-01
  response:
    body:
      string: '{"id":"/subscriptions/00000000-0000-0000-0000-000000000000/resourceGroups/azure_search_cli_test000001/providers/Microsoft.Search/searchServices/test000002/privateEndpointConnections/testpe000005.dc6a1fbb-9009-4e92-86b4-ee9a2dca02b6","name":"testpe000005.dc6a1fbb-9009-4e92-86b4-ee9a2dca02b6","type":"Microsoft.Search/searchServices/privateEndpointConnections","properties":{"privateEndpoint":{"id":"/subscriptions/00000000-0000-0000-0000-000000000000/resourceGroups/azure_search_cli_test000001/providers/Microsoft.Network/privateEndpoints/testpe000005"},"privateLinkServiceConnectionState":{"status":"Rejected","description":"Rejected
        by test","actionsRequired":"None"},"provisioningState":"Succeeded","groupId":"searchService"}}'
    headers:
      cache-control:
      - no-cache
      content-length:
      - '729'
      content-type:
      - application/json; charset=utf-8
      date:
      - Thu, 12 May 2022 19:33:17 GMT
      elapsed-time:
      - '1523'
      expires:
      - '-1'
      pragma:
      - no-cache
      request-id:
      - 5dc91087-d22a-11ec-a9e0-00a619196125
      strict-transport-security:
      - max-age=31536000; includeSubDomains
      transfer-encoding:
      - chunked
      vary:
      - Accept-Encoding,Accept-Encoding
      x-content-type-options:
      - nosniff
      x-ms-ratelimit-remaining-subscription-writes:
      - '1199'
    status:
      code: 200
      message: OK
- request:
    body: '{"properties": {"privateLinkServiceConnectionState": {"status": "Pending",
      "description": "Pending by test", "actionsRequired": "No action required"}}}'
    headers:
      Accept:
      - application/json
      Accept-Encoding:
      - gzip, deflate
      CommandName:
      - search private-endpoint-connection update
      Connection:
      - keep-alive
      Content-Length:
      - '151'
      Content-Type:
      - application/json
      ParameterSetName:
      - --service-name -g --name --status --description --actions-required
      User-Agent:
      - AZURECLI/2.36.0 azsdk-python-mgmt-search/8.0.0 Python/3.8.10 (Windows-10-10.0.19044-SP0)
    method: PUT
    uri: https://management.azure.com/subscriptions/00000000-0000-0000-0000-000000000000/resourceGroups/azure_search_cli_test000001/providers/Microsoft.Search/searchServices/test000002/privateEndpointConnections/testpe000005.dc6a1fbb-9009-4e92-86b4-ee9a2dca02b6?api-version=2020-08-01
  response:
    body:
      string: '{"id":"/subscriptions/00000000-0000-0000-0000-000000000000/resourceGroups/azure_search_cli_test000001/providers/Microsoft.Search/searchServices/test000002/privateEndpointConnections/testpe000005.dc6a1fbb-9009-4e92-86b4-ee9a2dca02b6","name":"testpe000005.dc6a1fbb-9009-4e92-86b4-ee9a2dca02b6","type":"Microsoft.Search/searchServices/privateEndpointConnections","properties":{"privateEndpoint":{"id":"/subscriptions/00000000-0000-0000-0000-000000000000/resourceGroups/azure_search_cli_test000001/providers/Microsoft.Network/privateEndpoints/testpe000005"},"privateLinkServiceConnectionState":{"status":"Pending","description":"Pending
        by test","actionsRequired":"None"},"provisioningState":"Succeeded","groupId":"searchService"}}'
    headers:
      cache-control:
      - no-cache
      content-length:
      - '727'
      content-type:
      - application/json; charset=utf-8
      date:
      - Thu, 12 May 2022 19:33:19 GMT
      elapsed-time:
      - '804'
      expires:
      - '-1'
      pragma:
      - no-cache
      request-id:
      - 600d7e12-d22a-11ec-8884-00a619196125
      strict-transport-security:
      - max-age=31536000; includeSubDomains
      transfer-encoding:
      - chunked
      vary:
      - Accept-Encoding,Accept-Encoding
      x-content-type-options:
      - nosniff
      x-ms-ratelimit-remaining-subscription-writes:
      - '1194'
    status:
      code: 200
      message: OK
- request:
    body: '{"properties": {"privateLinkServiceConnectionState": {"status": "Approved",
      "description": "Approved by test", "actionsRequired": "No action required"}}}'
    headers:
      Accept:
      - application/json
      Accept-Encoding:
      - gzip, deflate
      CommandName:
      - search private-endpoint-connection update
      Connection:
      - keep-alive
      Content-Length:
      - '153'
      Content-Type:
      - application/json
      ParameterSetName:
      - --service-name -g --name --status --description --actions-required
      User-Agent:
      - AZURECLI/2.36.0 azsdk-python-mgmt-search/8.0.0 Python/3.8.10 (Windows-10-10.0.19044-SP0)
    method: PUT
    uri: https://management.azure.com/subscriptions/00000000-0000-0000-0000-000000000000/resourceGroups/azure_search_cli_test000001/providers/Microsoft.Search/searchServices/test000002/privateEndpointConnections/testpe000005.dc6a1fbb-9009-4e92-86b4-ee9a2dca02b6?api-version=2020-08-01
  response:
    body:
      string: '{"id":"/subscriptions/00000000-0000-0000-0000-000000000000/resourceGroups/azure_search_cli_test000001/providers/Microsoft.Search/searchServices/test000002/privateEndpointConnections/testpe000005.dc6a1fbb-9009-4e92-86b4-ee9a2dca02b6","name":"testpe000005.dc6a1fbb-9009-4e92-86b4-ee9a2dca02b6","type":"Microsoft.Search/searchServices/privateEndpointConnections","properties":{"privateEndpoint":{"id":"/subscriptions/00000000-0000-0000-0000-000000000000/resourceGroups/azure_search_cli_test000001/providers/Microsoft.Network/privateEndpoints/testpe000005"},"privateLinkServiceConnectionState":{"status":"Approved","description":"Approved
        by test","actionsRequired":"None"},"provisioningState":"Succeeded","groupId":"searchService"}}'
    headers:
      cache-control:
      - no-cache
      content-length:
      - '729'
      content-type:
      - application/json; charset=utf-8
      date:
      - Thu, 12 May 2022 19:33:22 GMT
      elapsed-time:
      - '956'
      expires:
      - '-1'
      pragma:
      - no-cache
      request-id:
      - 612f4577-d22a-11ec-a5d6-00a619196125
      strict-transport-security:
      - max-age=31536000; includeSubDomains
      transfer-encoding:
      - chunked
      vary:
      - Accept-Encoding,Accept-Encoding
      x-content-type-options:
      - nosniff
      x-ms-ratelimit-remaining-subscription-writes:
      - '1197'
    status:
      code: 200
      message: OK
- request:
    body: null
    headers:
      Accept:
      - application/json
      Accept-Encoding:
      - gzip, deflate
      CommandName:
      - search private-endpoint-connection delete
      Connection:
      - keep-alive
      Content-Length:
      - '0'
      ParameterSetName:
      - --service-name -g --name -y
      User-Agent:
      - AZURECLI/2.36.0 azsdk-python-mgmt-search/8.0.0 Python/3.8.10 (Windows-10-10.0.19044-SP0)
    method: DELETE
    uri: https://management.azure.com/subscriptions/00000000-0000-0000-0000-000000000000/resourceGroups/azure_search_cli_test000001/providers/Microsoft.Search/searchServices/test000002/privateEndpointConnections/testpe000005.dc6a1fbb-9009-4e92-86b4-ee9a2dca02b6?api-version=2020-08-01
  response:
    body:
      string: '{"id":"/subscriptions/00000000-0000-0000-0000-000000000000/resourceGroups/azure_search_cli_test000001/providers/Microsoft.Search/searchServices/test000002/privateEndpointConnections/testpe000005.dc6a1fbb-9009-4e92-86b4-ee9a2dca02b6","name":"testpe000005.dc6a1fbb-9009-4e92-86b4-ee9a2dca02b6","type":"Microsoft.Search/searchServices/privateEndpointConnections","properties":{"privateEndpoint":{"id":"/subscriptions/00000000-0000-0000-0000-000000000000/resourceGroups/azure_search_cli_test000001/providers/Microsoft.Network/privateEndpoints/testpe000005"},"privateLinkServiceConnectionState":{"status":"Disconnected","description":"Remove
        request from customer.","actionsRequired":"None"},"provisioningState":"Succeeded","groupId":"searchService"}}'
    headers:
      cache-control:
      - no-cache
      content-length:
      - '746'
      content-type:
      - application/json; charset=utf-8
      date:
      - Thu, 12 May 2022 19:33:25 GMT
      elapsed-time:
      - '572'
      expires:
      - '-1'
      pragma:
      - no-cache
      request-id:
      - 62efd911-d22a-11ec-85e3-00a619196125
      strict-transport-security:
      - max-age=31536000; includeSubDomains
      transfer-encoding:
      - chunked
      vary:
      - Accept-Encoding,Accept-Encoding
      x-content-type-options:
      - nosniff
      x-ms-ratelimit-remaining-subscription-deletes:
      - '14997'
    status:
      code: 200
      message: OK
- request:
    body: null
    headers:
      Accept:
      - application/json
      Accept-Encoding:
      - gzip, deflate
      CommandName:
      - search private-endpoint-connection show
      Connection:
      - keep-alive
      ParameterSetName:
      - --name -g --service-name
      User-Agent:
      - AZURECLI/2.36.0 azsdk-python-mgmt-search/8.0.0 Python/3.8.10 (Windows-10-10.0.19044-SP0)
    method: GET
    uri: https://management.azure.com/subscriptions/00000000-0000-0000-0000-000000000000/resourceGroups/azure_search_cli_test000001/providers/Microsoft.Search/searchServices/test000002/privateEndpointConnections/testpe000005.dc6a1fbb-9009-4e92-86b4-ee9a2dca02b6?api-version=2020-08-01
  response:
    body:
      string: '{"error":{"code":"ResourceNotFound","message":"Could not find private
        endpoint connection ''testpe000005.dc6a1fbb-9009-4e92-86b4-ee9a2dca02b6''
        in subscription ''0b1f6471-1bf0-4dda-aec3-cb9272f09590'', resourceGroupName
        ''azure_search_cli_test000001'', searchService ''test000002''. RequestId:
        646fdfa4-d22a-11ec-b506-00a619196125","target":null,"details":null}}'
    headers:
      cache-control:
      - no-cache
      content-language:
      - en
      content-length:
      - '354'
      content-type:
      - application/json; charset=utf-8
      date:
      - Thu, 12 May 2022 19:33:26 GMT
      elapsed-time:
      - '78'
      expires:
      - '-1'
      pragma:
      - no-cache
      request-id:
      - 646fdfa4-d22a-11ec-b506-00a619196125
      strict-transport-security:
      - max-age=31536000; includeSubDomains
      x-content-type-options:
      - nosniff
    status:
      code: 404
      message: Not Found
- request:
    body: null
    headers:
      Accept:
      - application/json
      Accept-Encoding:
      - gzip, deflate
      CommandName:
      - search private-endpoint-connection list
      Connection:
      - keep-alive
      ParameterSetName:
      - -g --service-name
      User-Agent:
      - AZURECLI/2.36.0 azsdk-python-mgmt-search/8.0.0 Python/3.8.10 (Windows-10-10.0.19044-SP0)
    method: GET
    uri: https://management.azure.com/subscriptions/00000000-0000-0000-0000-000000000000/resourceGroups/azure_search_cli_test000001/providers/Microsoft.Search/searchServices/test000002/privateEndpointConnections?api-version=2020-08-01
  response:
    body:
      string: '{"value":[],"nextLink":null}'
    headers:
      cache-control:
      - no-cache
      content-length:
      - '28'
      content-type:
      - application/json; charset=utf-8
      date:
      - Thu, 12 May 2022 19:33:27 GMT
      elapsed-time:
      - '64'
      expires:
      - '-1'
      pragma:
      - no-cache
      request-id:
      - 652977ae-d22a-11ec-b4f2-00a619196125
      strict-transport-security:
      - max-age=31536000; includeSubDomains
      transfer-encoding:
      - chunked
      vary:
      - Accept-Encoding,Accept-Encoding
      x-content-type-options:
      - nosniff
    status:
      code: 200
      message: OK
version: 1
