interactions:
- request:
    body: null
    headers:
      Accept:
      - application/json
      Accept-Encoding:
      - gzip, deflate
      CommandName:
      - search service create
      Connection:
      - keep-alive
      ParameterSetName:
      - -n -g --sku --replica-count --partition-count
      User-Agent:
      - AZURECLI/2.46.0 azsdk-python-azure-mgmt-resource/21.1.0b1 Python/3.10.4 (Windows-10-10.0.22621-SP0)
    method: GET
    uri: https://management.azure.com/subscriptions/00000000-0000-0000-0000-000000000000/resourcegroups/azure_search_cli_test000001?api-version=2021-04-01
  response:
    body:
      string: '{"id":"/subscriptions/00000000-0000-0000-0000-000000000000/resourceGroups/azure_search_cli_test000001","name":"azure_search_cli_test000001","type":"Microsoft.Resources/resourceGroups","location":"westus","tags":{"product":"azurecli","cause":"automation","date":"2023-03-03T22:24:06Z"},"properties":{"provisioningState":"Succeeded"}}'
    headers:
      cache-control:
      - no-cache
      connection:
      - close
      content-length:
      - '332'
      content-type:
      - application/json; charset=utf-8
      date:
      - Fri, 03 Mar 2023 22:24:07 GMT
      expires:
      - '-1'
      pragma:
      - no-cache
      strict-transport-security:
      - max-age=31536000; includeSubDomains
      vary:
      - Accept-Encoding
      x-content-type-options:
      - nosniff
    status:
      code: 200
      message: OK
- request:
    body: '{"location": "westus", "sku": {"name": "standard"}, "properties": {"replicaCount":
      1, "partitionCount": 2, "hostingMode": "default", "publicNetworkAccess": "enabled"}}'
    headers:
      Accept:
      - application/json
      Accept-Encoding:
      - gzip, deflate
      CommandName:
      - search service create
      Connection:
      - keep-alive
      Content-Length:
      - '167'
      Content-Type:
      - application/json
      ParameterSetName:
      - -n -g --sku --replica-count --partition-count
      User-Agent:
      - AZURECLI/2.46.0 azsdk-python-mgmt-search/9.0.0 Python/3.10.4 (Windows-10-10.0.22621-SP0)
    method: PUT
    uri: https://management.azure.com/subscriptions/00000000-0000-0000-0000-000000000000/resourceGroups/azure_search_cli_test000001/providers/Microsoft.Search/searchServices/test000002?api-version=2022-09-01
  response:
    body:
      string: '{"id":"/subscriptions/00000000-0000-0000-0000-000000000000/resourceGroups/azure_search_cli_test000001/providers/Microsoft.Search/searchServices/test000002","name":"test000002","type":"Microsoft.Search/searchServices","location":"West
        US","properties":{"replicaCount":1,"partitionCount":2,"status":"provisioning","statusDetails":"","provisioningState":"provisioning","hostingMode":"default","publicNetworkAccess":"Enabled","networkRuleSet":{"ipRules":[],"bypass":"None"},"privateEndpointConnections":[],"sharedPrivateLinkResources":[],"disableLocalAuth":false,"authOptions":{"apiKeyOnly":{}}},"sku":{"name":"standard"}}'
    headers:
      cache-control:
      - no-cache
      content-length:
      - '618'
      content-type:
      - application/json; charset=utf-8
      date:
      - Fri, 03 Mar 2023 22:24:15 GMT
      elapsed-time:
      - '7511'
      etag:
      - W/"datetime'2023-03-03T22%3A24%3A15.276944Z'"
      expires:
      - '-1'
      pragma:
      - no-cache
      request-id:
      - 1cbf51e7-ba12-11ed-b18f-40b0341d0842
      strict-transport-security:
      - max-age=31536000; includeSubDomains
      x-content-type-options:
      - nosniff
      x-ms-ratelimit-remaining-subscription-writes:
      - '1199'
    status:
      code: 201
      message: Created
- request:
    body: null
    headers:
      Accept:
      - '*/*'
      Accept-Encoding:
      - gzip, deflate
      CommandName:
      - search service create
      Connection:
      - keep-alive
      ParameterSetName:
      - -n -g --sku --replica-count --partition-count
      User-Agent:
      - AZURECLI/2.46.0 azsdk-python-mgmt-search/9.0.0 Python/3.10.4 (Windows-10-10.0.22621-SP0)
    method: GET
    uri: https://management.azure.com/subscriptions/00000000-0000-0000-0000-000000000000/resourceGroups/azure_search_cli_test000001/providers/Microsoft.Search/searchServices/test000002?api-version=2022-09-01
  response:
    body:
      string: '{"id":"/subscriptions/00000000-0000-0000-0000-000000000000/resourceGroups/azure_search_cli_test000001/providers/Microsoft.Search/searchServices/test000002","name":"test000002","type":"Microsoft.Search/searchServices","location":"West
        US","properties":{"replicaCount":1,"partitionCount":2,"status":"provisioning","statusDetails":"","provisioningState":"provisioning","hostingMode":"default","publicNetworkAccess":"Enabled","networkRuleSet":{"ipRules":[],"bypass":"None"},"privateEndpointConnections":[],"sharedPrivateLinkResources":[],"disableLocalAuth":false,"authOptions":{"apiKeyOnly":{}}},"sku":{"name":"standard"}}'
    headers:
      cache-control:
      - no-cache
      content-length:
      - '618'
      content-type:
      - application/json; charset=utf-8
      date:
      - Fri, 03 Mar 2023 22:24:45 GMT
      elapsed-time:
      - '175'
      etag:
      - W/"datetime'2023-03-03T22%3A24%3A15.276944Z'"
      expires:
      - '-1'
      pragma:
      - no-cache
      request-id:
      - 1cbf51e7-ba12-11ed-b18f-40b0341d0842
      strict-transport-security:
      - max-age=31536000; includeSubDomains
      transfer-encoding:
      - chunked
      vary:
      - Accept-Encoding,Accept-Encoding
      x-content-type-options:
      - nosniff
    status:
      code: 200
      message: OK
- request:
    body: null
    headers:
      Accept:
      - '*/*'
      Accept-Encoding:
      - gzip, deflate
      CommandName:
      - search service create
      Connection:
      - keep-alive
      ParameterSetName:
      - -n -g --sku --replica-count --partition-count
      User-Agent:
      - AZURECLI/2.46.0 azsdk-python-mgmt-search/9.0.0 Python/3.10.4 (Windows-10-10.0.22621-SP0)
    method: GET
    uri: https://management.azure.com/subscriptions/00000000-0000-0000-0000-000000000000/resourceGroups/azure_search_cli_test000001/providers/Microsoft.Search/searchServices/test000002?api-version=2022-09-01
  response:
    body:
      string: '{"id":"/subscriptions/00000000-0000-0000-0000-000000000000/resourceGroups/azure_search_cli_test000001/providers/Microsoft.Search/searchServices/test000002","name":"test000002","type":"Microsoft.Search/searchServices","location":"West
        US","properties":{"replicaCount":1,"partitionCount":2,"status":"provisioning","statusDetails":"","provisioningState":"provisioning","hostingMode":"default","publicNetworkAccess":"Enabled","networkRuleSet":{"ipRules":[],"bypass":"None"},"privateEndpointConnections":[],"sharedPrivateLinkResources":[],"disableLocalAuth":false,"authOptions":{"apiKeyOnly":{}}},"sku":{"name":"standard"}}'
    headers:
      cache-control:
      - no-cache
      content-length:
      - '618'
      content-type:
      - application/json; charset=utf-8
      date:
      - Fri, 03 Mar 2023 22:25:15 GMT
      elapsed-time:
      - '155'
      etag:
      - W/"datetime'2023-03-03T22%3A24%3A15.276944Z'"
      expires:
      - '-1'
      pragma:
      - no-cache
      request-id:
      - 1cbf51e7-ba12-11ed-b18f-40b0341d0842
      strict-transport-security:
      - max-age=31536000; includeSubDomains
      transfer-encoding:
      - chunked
      vary:
      - Accept-Encoding,Accept-Encoding
      x-content-type-options:
      - nosniff
    status:
      code: 200
      message: OK
- request:
    body: null
    headers:
      Accept:
      - '*/*'
      Accept-Encoding:
      - gzip, deflate
      CommandName:
      - search service create
      Connection:
      - keep-alive
      ParameterSetName:
      - -n -g --sku --replica-count --partition-count
      User-Agent:
      - AZURECLI/2.46.0 azsdk-python-mgmt-search/9.0.0 Python/3.10.4 (Windows-10-10.0.22621-SP0)
    method: GET
    uri: https://management.azure.com/subscriptions/00000000-0000-0000-0000-000000000000/resourceGroups/azure_search_cli_test000001/providers/Microsoft.Search/searchServices/test000002?api-version=2022-09-01
  response:
    body:
      string: '{"id":"/subscriptions/00000000-0000-0000-0000-000000000000/resourceGroups/azure_search_cli_test000001/providers/Microsoft.Search/searchServices/test000002","name":"test000002","type":"Microsoft.Search/searchServices","location":"West
        US","properties":{"replicaCount":1,"partitionCount":2,"status":"provisioning","statusDetails":"","provisioningState":"provisioning","hostingMode":"default","publicNetworkAccess":"Enabled","networkRuleSet":{"ipRules":[],"bypass":"None"},"privateEndpointConnections":[],"sharedPrivateLinkResources":[],"disableLocalAuth":false,"authOptions":{"apiKeyOnly":{}}},"sku":{"name":"standard"}}'
    headers:
      cache-control:
      - no-cache
      content-length:
      - '618'
      content-type:
      - application/json; charset=utf-8
      date:
      - Fri, 03 Mar 2023 22:25:45 GMT
      elapsed-time:
      - '145'
      etag:
      - W/"datetime'2023-03-03T22%3A24%3A15.276944Z'"
      expires:
      - '-1'
      pragma:
      - no-cache
      request-id:
      - 1cbf51e7-ba12-11ed-b18f-40b0341d0842
      strict-transport-security:
      - max-age=31536000; includeSubDomains
      transfer-encoding:
      - chunked
      vary:
      - Accept-Encoding,Accept-Encoding
      x-content-type-options:
      - nosniff
    status:
      code: 200
      message: OK
- request:
    body: null
    headers:
      Accept:
      - '*/*'
      Accept-Encoding:
      - gzip, deflate
      CommandName:
      - search service create
      Connection:
      - keep-alive
      ParameterSetName:
      - -n -g --sku --replica-count --partition-count
      User-Agent:
      - AZURECLI/2.46.0 azsdk-python-mgmt-search/9.0.0 Python/3.10.4 (Windows-10-10.0.22621-SP0)
    method: GET
    uri: https://management.azure.com/subscriptions/00000000-0000-0000-0000-000000000000/resourceGroups/azure_search_cli_test000001/providers/Microsoft.Search/searchServices/test000002?api-version=2022-09-01
  response:
    body:
      string: '{"id":"/subscriptions/00000000-0000-0000-0000-000000000000/resourceGroups/azure_search_cli_test000001/providers/Microsoft.Search/searchServices/test000002","name":"test000002","type":"Microsoft.Search/searchServices","location":"West
        US","properties":{"replicaCount":1,"partitionCount":2,"status":"provisioning","statusDetails":"","provisioningState":"provisioning","hostingMode":"default","publicNetworkAccess":"Enabled","networkRuleSet":{"ipRules":[],"bypass":"None"},"privateEndpointConnections":[],"sharedPrivateLinkResources":[],"disableLocalAuth":false,"authOptions":{"apiKeyOnly":{}}},"sku":{"name":"standard"}}'
    headers:
      cache-control:
      - no-cache
      content-length:
      - '618'
      content-type:
      - application/json; charset=utf-8
      date:
      - Fri, 03 Mar 2023 22:26:15 GMT
      elapsed-time:
      - '171'
      etag:
      - W/"datetime'2023-03-03T22%3A24%3A15.276944Z'"
      expires:
      - '-1'
      pragma:
      - no-cache
      request-id:
      - 1cbf51e7-ba12-11ed-b18f-40b0341d0842
      strict-transport-security:
      - max-age=31536000; includeSubDomains
      transfer-encoding:
      - chunked
      vary:
      - Accept-Encoding,Accept-Encoding
      x-content-type-options:
      - nosniff
    status:
      code: 200
      message: OK
- request:
    body: null
    headers:
      Accept:
      - '*/*'
      Accept-Encoding:
      - gzip, deflate
      CommandName:
      - search service create
      Connection:
      - keep-alive
      ParameterSetName:
      - -n -g --sku --replica-count --partition-count
      User-Agent:
      - AZURECLI/2.46.0 azsdk-python-mgmt-search/9.0.0 Python/3.10.4 (Windows-10-10.0.22621-SP0)
    method: GET
    uri: https://management.azure.com/subscriptions/00000000-0000-0000-0000-000000000000/resourceGroups/azure_search_cli_test000001/providers/Microsoft.Search/searchServices/test000002?api-version=2022-09-01
  response:
    body:
      string: '{"id":"/subscriptions/00000000-0000-0000-0000-000000000000/resourceGroups/azure_search_cli_test000001/providers/Microsoft.Search/searchServices/test000002","name":"test000002","type":"Microsoft.Search/searchServices","location":"West
        US","properties":{"replicaCount":1,"partitionCount":2,"status":"provisioning","statusDetails":"","provisioningState":"provisioning","hostingMode":"default","publicNetworkAccess":"Enabled","networkRuleSet":{"ipRules":[],"bypass":"None"},"privateEndpointConnections":[],"sharedPrivateLinkResources":[],"disableLocalAuth":false,"authOptions":{"apiKeyOnly":{}}},"sku":{"name":"standard"}}'
    headers:
      cache-control:
      - no-cache
      content-length:
      - '618'
      content-type:
      - application/json; charset=utf-8
      date:
      - Fri, 03 Mar 2023 22:26:46 GMT
      elapsed-time:
      - '511'
      etag:
      - W/"datetime'2023-03-03T22%3A24%3A15.276944Z'"
      expires:
      - '-1'
      pragma:
      - no-cache
      request-id:
      - 1cbf51e7-ba12-11ed-b18f-40b0341d0842
      strict-transport-security:
      - max-age=31536000; includeSubDomains
      transfer-encoding:
      - chunked
      vary:
      - Accept-Encoding,Accept-Encoding
      x-content-type-options:
      - nosniff
    status:
      code: 200
      message: OK
- request:
    body: null
    headers:
      Accept:
      - '*/*'
      Accept-Encoding:
      - gzip, deflate
      CommandName:
      - search service create
      Connection:
      - keep-alive
      ParameterSetName:
      - -n -g --sku --replica-count --partition-count
      User-Agent:
      - AZURECLI/2.46.0 azsdk-python-mgmt-search/9.0.0 Python/3.10.4 (Windows-10-10.0.22621-SP0)
    method: GET
    uri: https://management.azure.com/subscriptions/00000000-0000-0000-0000-000000000000/resourceGroups/azure_search_cli_test000001/providers/Microsoft.Search/searchServices/test000002?api-version=2022-09-01
  response:
    body:
      string: '{"id":"/subscriptions/00000000-0000-0000-0000-000000000000/resourceGroups/azure_search_cli_test000001/providers/Microsoft.Search/searchServices/test000002","name":"test000002","type":"Microsoft.Search/searchServices","location":"West
        US","properties":{"replicaCount":1,"partitionCount":2,"status":"provisioning","statusDetails":"","provisioningState":"provisioning","hostingMode":"default","publicNetworkAccess":"Enabled","networkRuleSet":{"ipRules":[],"bypass":"None"},"privateEndpointConnections":[],"sharedPrivateLinkResources":[],"disableLocalAuth":false,"authOptions":{"apiKeyOnly":{}}},"sku":{"name":"standard"}}'
    headers:
      cache-control:
      - no-cache
      content-length:
      - '618'
      content-type:
      - application/json; charset=utf-8
      date:
      - Fri, 03 Mar 2023 22:27:16 GMT
      elapsed-time:
      - '204'
      etag:
      - W/"datetime'2023-03-03T22%3A24%3A15.276944Z'"
      expires:
      - '-1'
      pragma:
      - no-cache
      request-id:
      - 1cbf51e7-ba12-11ed-b18f-40b0341d0842
      strict-transport-security:
      - max-age=31536000; includeSubDomains
      transfer-encoding:
      - chunked
      vary:
      - Accept-Encoding,Accept-Encoding
      x-content-type-options:
      - nosniff
    status:
      code: 200
      message: OK
- request:
    body: null
    headers:
      Accept:
      - '*/*'
      Accept-Encoding:
      - gzip, deflate
      CommandName:
      - search service create
      Connection:
      - keep-alive
      ParameterSetName:
      - -n -g --sku --replica-count --partition-count
      User-Agent:
      - AZURECLI/2.46.0 azsdk-python-mgmt-search/9.0.0 Python/3.10.4 (Windows-10-10.0.22621-SP0)
    method: GET
    uri: https://management.azure.com/subscriptions/00000000-0000-0000-0000-000000000000/resourceGroups/azure_search_cli_test000001/providers/Microsoft.Search/searchServices/test000002?api-version=2022-09-01
  response:
    body:
      string: '{"id":"/subscriptions/00000000-0000-0000-0000-000000000000/resourceGroups/azure_search_cli_test000001/providers/Microsoft.Search/searchServices/test000002","name":"test000002","type":"Microsoft.Search/searchServices","location":"West
        US","properties":{"replicaCount":1,"partitionCount":2,"status":"provisioning","statusDetails":"","provisioningState":"provisioning","hostingMode":"default","publicNetworkAccess":"Enabled","networkRuleSet":{"ipRules":[],"bypass":"None"},"privateEndpointConnections":[],"sharedPrivateLinkResources":[],"disableLocalAuth":false,"authOptions":{"apiKeyOnly":{}}},"sku":{"name":"standard"}}'
    headers:
      cache-control:
      - no-cache
      content-length:
      - '618'
      content-type:
      - application/json; charset=utf-8
      date:
      - Fri, 03 Mar 2023 22:27:46 GMT
      elapsed-time:
      - '163'
      etag:
      - W/"datetime'2023-03-03T22%3A24%3A15.276944Z'"
      expires:
      - '-1'
      pragma:
      - no-cache
      request-id:
      - 1cbf51e7-ba12-11ed-b18f-40b0341d0842
      strict-transport-security:
      - max-age=31536000; includeSubDomains
      transfer-encoding:
      - chunked
      vary:
      - Accept-Encoding,Accept-Encoding
      x-content-type-options:
      - nosniff
    status:
      code: 200
      message: OK
- request:
    body: null
    headers:
      Accept:
      - '*/*'
      Accept-Encoding:
      - gzip, deflate
      CommandName:
      - search service create
      Connection:
      - keep-alive
      ParameterSetName:
      - -n -g --sku --replica-count --partition-count
      User-Agent:
      - AZURECLI/2.46.0 azsdk-python-mgmt-search/9.0.0 Python/3.10.4 (Windows-10-10.0.22621-SP0)
    method: GET
    uri: https://management.azure.com/subscriptions/00000000-0000-0000-0000-000000000000/resourceGroups/azure_search_cli_test000001/providers/Microsoft.Search/searchServices/test000002?api-version=2022-09-01
  response:
    body:
      string: '{"id":"/subscriptions/00000000-0000-0000-0000-000000000000/resourceGroups/azure_search_cli_test000001/providers/Microsoft.Search/searchServices/test000002","name":"test000002","type":"Microsoft.Search/searchServices","location":"West
        US","properties":{"replicaCount":1,"partitionCount":2,"status":"provisioning","statusDetails":"","provisioningState":"provisioning","hostingMode":"default","publicNetworkAccess":"Enabled","networkRuleSet":{"ipRules":[],"bypass":"None"},"privateEndpointConnections":[],"sharedPrivateLinkResources":[],"disableLocalAuth":false,"authOptions":{"apiKeyOnly":{}}},"sku":{"name":"standard"}}'
    headers:
      cache-control:
      - no-cache
      content-length:
      - '618'
      content-type:
      - application/json; charset=utf-8
      date:
      - Fri, 03 Mar 2023 22:28:17 GMT
      elapsed-time:
      - '152'
      etag:
      - W/"datetime'2023-03-03T22%3A24%3A15.276944Z'"
      expires:
      - '-1'
      pragma:
      - no-cache
      request-id:
      - 1cbf51e7-ba12-11ed-b18f-40b0341d0842
      strict-transport-security:
      - max-age=31536000; includeSubDomains
      transfer-encoding:
      - chunked
      vary:
      - Accept-Encoding,Accept-Encoding
      x-content-type-options:
      - nosniff
    status:
      code: 200
      message: OK
- request:
    body: null
    headers:
      Accept:
      - '*/*'
      Accept-Encoding:
      - gzip, deflate
      CommandName:
      - search service create
      Connection:
      - keep-alive
      ParameterSetName:
      - -n -g --sku --replica-count --partition-count
      User-Agent:
      - AZURECLI/2.46.0 azsdk-python-mgmt-search/9.0.0 Python/3.10.4 (Windows-10-10.0.22621-SP0)
    method: GET
    uri: https://management.azure.com/subscriptions/00000000-0000-0000-0000-000000000000/resourceGroups/azure_search_cli_test000001/providers/Microsoft.Search/searchServices/test000002?api-version=2022-09-01
  response:
    body:
      string: '{"id":"/subscriptions/00000000-0000-0000-0000-000000000000/resourceGroups/azure_search_cli_test000001/providers/Microsoft.Search/searchServices/test000002","name":"test000002","type":"Microsoft.Search/searchServices","location":"West
        US","properties":{"replicaCount":1,"partitionCount":2,"status":"provisioning","statusDetails":"","provisioningState":"provisioning","hostingMode":"default","publicNetworkAccess":"Enabled","networkRuleSet":{"ipRules":[],"bypass":"None"},"privateEndpointConnections":[],"sharedPrivateLinkResources":[],"disableLocalAuth":false,"authOptions":{"apiKeyOnly":{}}},"sku":{"name":"standard"}}'
    headers:
      cache-control:
      - no-cache
      content-length:
      - '618'
      content-type:
      - application/json; charset=utf-8
      date:
      - Fri, 03 Mar 2023 22:28:48 GMT
      elapsed-time:
      - '158'
      etag:
      - W/"datetime'2023-03-03T22%3A24%3A15.276944Z'"
      expires:
      - '-1'
      pragma:
      - no-cache
      request-id:
      - 1cbf51e7-ba12-11ed-b18f-40b0341d0842
      strict-transport-security:
      - max-age=31536000; includeSubDomains
      transfer-encoding:
      - chunked
      vary:
      - Accept-Encoding,Accept-Encoding
      x-content-type-options:
      - nosniff
    status:
      code: 200
      message: OK
- request:
    body: null
    headers:
      Accept:
      - '*/*'
      Accept-Encoding:
      - gzip, deflate
      CommandName:
      - search service create
      Connection:
      - keep-alive
      ParameterSetName:
      - -n -g --sku --replica-count --partition-count
      User-Agent:
      - AZURECLI/2.46.0 azsdk-python-mgmt-search/9.0.0 Python/3.10.4 (Windows-10-10.0.22621-SP0)
    method: GET
    uri: https://management.azure.com/subscriptions/00000000-0000-0000-0000-000000000000/resourceGroups/azure_search_cli_test000001/providers/Microsoft.Search/searchServices/test000002?api-version=2022-09-01
  response:
    body:
      string: '{"id":"/subscriptions/00000000-0000-0000-0000-000000000000/resourceGroups/azure_search_cli_test000001/providers/Microsoft.Search/searchServices/test000002","name":"test000002","type":"Microsoft.Search/searchServices","location":"West
        US","properties":{"replicaCount":1,"partitionCount":2,"status":"provisioning","statusDetails":"","provisioningState":"provisioning","hostingMode":"default","publicNetworkAccess":"Enabled","networkRuleSet":{"ipRules":[],"bypass":"None"},"privateEndpointConnections":[],"sharedPrivateLinkResources":[],"disableLocalAuth":false,"authOptions":{"apiKeyOnly":{}}},"sku":{"name":"standard"}}'
    headers:
      cache-control:
      - no-cache
      content-length:
      - '618'
      content-type:
      - application/json; charset=utf-8
      date:
      - Fri, 03 Mar 2023 22:29:18 GMT
      elapsed-time:
      - '172'
      etag:
      - W/"datetime'2023-03-03T22%3A24%3A15.276944Z'"
      expires:
      - '-1'
      pragma:
      - no-cache
      request-id:
      - 1cbf51e7-ba12-11ed-b18f-40b0341d0842
      strict-transport-security:
      - max-age=31536000; includeSubDomains
      transfer-encoding:
      - chunked
      vary:
      - Accept-Encoding,Accept-Encoding
      x-content-type-options:
      - nosniff
    status:
      code: 200
      message: OK
- request:
    body: null
    headers:
      Accept:
      - '*/*'
      Accept-Encoding:
      - gzip, deflate
      CommandName:
      - search service create
      Connection:
      - keep-alive
      ParameterSetName:
      - -n -g --sku --replica-count --partition-count
      User-Agent:
      - AZURECLI/2.46.0 azsdk-python-mgmt-search/9.0.0 Python/3.10.4 (Windows-10-10.0.22621-SP0)
    method: GET
    uri: https://management.azure.com/subscriptions/00000000-0000-0000-0000-000000000000/resourceGroups/azure_search_cli_test000001/providers/Microsoft.Search/searchServices/test000002?api-version=2022-09-01
  response:
    body:
      string: '{"id":"/subscriptions/00000000-0000-0000-0000-000000000000/resourceGroups/azure_search_cli_test000001/providers/Microsoft.Search/searchServices/test000002","name":"test000002","type":"Microsoft.Search/searchServices","location":"West
        US","properties":{"replicaCount":1,"partitionCount":2,"status":"provisioning","statusDetails":"","provisioningState":"provisioning","hostingMode":"default","publicNetworkAccess":"Enabled","networkRuleSet":{"ipRules":[],"bypass":"None"},"privateEndpointConnections":[],"sharedPrivateLinkResources":[],"disableLocalAuth":false,"authOptions":{"apiKeyOnly":{}}},"sku":{"name":"standard"}}'
    headers:
      cache-control:
      - no-cache
      content-length:
      - '618'
      content-type:
      - application/json; charset=utf-8
      date:
      - Fri, 03 Mar 2023 22:29:48 GMT
      elapsed-time:
      - '155'
      etag:
      - W/"datetime'2023-03-03T22%3A24%3A15.276944Z'"
      expires:
      - '-1'
      pragma:
      - no-cache
      request-id:
      - 1cbf51e7-ba12-11ed-b18f-40b0341d0842
      strict-transport-security:
      - max-age=31536000; includeSubDomains
      transfer-encoding:
      - chunked
      vary:
      - Accept-Encoding,Accept-Encoding
      x-content-type-options:
      - nosniff
    status:
      code: 200
      message: OK
- request:
    body: null
    headers:
      Accept:
      - '*/*'
      Accept-Encoding:
      - gzip, deflate
      CommandName:
      - search service create
      Connection:
      - keep-alive
      ParameterSetName:
      - -n -g --sku --replica-count --partition-count
      User-Agent:
      - AZURECLI/2.46.0 azsdk-python-mgmt-search/9.0.0 Python/3.10.4 (Windows-10-10.0.22621-SP0)
    method: GET
    uri: https://management.azure.com/subscriptions/00000000-0000-0000-0000-000000000000/resourceGroups/azure_search_cli_test000001/providers/Microsoft.Search/searchServices/test000002?api-version=2022-09-01
  response:
    body:
      string: '{"id":"/subscriptions/00000000-0000-0000-0000-000000000000/resourceGroups/azure_search_cli_test000001/providers/Microsoft.Search/searchServices/test000002","name":"test000002","type":"Microsoft.Search/searchServices","location":"West
        US","properties":{"replicaCount":1,"partitionCount":2,"status":"provisioning","statusDetails":"","provisioningState":"provisioning","hostingMode":"default","publicNetworkAccess":"Enabled","networkRuleSet":{"ipRules":[],"bypass":"None"},"privateEndpointConnections":[],"sharedPrivateLinkResources":[],"disableLocalAuth":false,"authOptions":{"apiKeyOnly":{}}},"sku":{"name":"standard"}}'
    headers:
      cache-control:
      - no-cache
      content-length:
      - '618'
      content-type:
      - application/json; charset=utf-8
      date:
      - Fri, 03 Mar 2023 22:30:18 GMT
      elapsed-time:
      - '180'
      etag:
      - W/"datetime'2023-03-03T22%3A24%3A15.276944Z'"
      expires:
      - '-1'
      pragma:
      - no-cache
      request-id:
      - 1cbf51e7-ba12-11ed-b18f-40b0341d0842
      strict-transport-security:
      - max-age=31536000; includeSubDomains
      transfer-encoding:
      - chunked
      vary:
      - Accept-Encoding,Accept-Encoding
      x-content-type-options:
      - nosniff
    status:
      code: 200
      message: OK
- request:
    body: null
    headers:
      Accept:
      - '*/*'
      Accept-Encoding:
      - gzip, deflate
      CommandName:
      - search service create
      Connection:
      - keep-alive
      ParameterSetName:
      - -n -g --sku --replica-count --partition-count
      User-Agent:
      - AZURECLI/2.46.0 azsdk-python-mgmt-search/9.0.0 Python/3.10.4 (Windows-10-10.0.22621-SP0)
    method: GET
    uri: https://management.azure.com/subscriptions/00000000-0000-0000-0000-000000000000/resourceGroups/azure_search_cli_test000001/providers/Microsoft.Search/searchServices/test000002?api-version=2022-09-01
  response:
    body:
      string: '{"id":"/subscriptions/00000000-0000-0000-0000-000000000000/resourceGroups/azure_search_cli_test000001/providers/Microsoft.Search/searchServices/test000002","name":"test000002","type":"Microsoft.Search/searchServices","location":"West
        US","properties":{"replicaCount":1,"partitionCount":2,"status":"provisioning","statusDetails":"","provisioningState":"provisioning","hostingMode":"default","publicNetworkAccess":"Enabled","networkRuleSet":{"ipRules":[],"bypass":"None"},"privateEndpointConnections":[],"sharedPrivateLinkResources":[],"disableLocalAuth":false,"authOptions":{"apiKeyOnly":{}}},"sku":{"name":"standard"}}'
    headers:
      cache-control:
      - no-cache
      content-length:
      - '618'
      content-type:
      - application/json; charset=utf-8
      date:
      - Fri, 03 Mar 2023 22:30:49 GMT
      elapsed-time:
      - '182'
      etag:
      - W/"datetime'2023-03-03T22%3A24%3A15.276944Z'"
      expires:
      - '-1'
      pragma:
      - no-cache
      request-id:
      - 1cbf51e7-ba12-11ed-b18f-40b0341d0842
      strict-transport-security:
      - max-age=31536000; includeSubDomains
      transfer-encoding:
      - chunked
      vary:
      - Accept-Encoding,Accept-Encoding
      x-content-type-options:
      - nosniff
    status:
      code: 200
      message: OK
- request:
    body: null
    headers:
      Accept:
      - '*/*'
      Accept-Encoding:
      - gzip, deflate
      CommandName:
      - search service create
      Connection:
      - keep-alive
      ParameterSetName:
      - -n -g --sku --replica-count --partition-count
      User-Agent:
      - AZURECLI/2.46.0 azsdk-python-mgmt-search/9.0.0 Python/3.10.4 (Windows-10-10.0.22621-SP0)
    method: GET
    uri: https://management.azure.com/subscriptions/00000000-0000-0000-0000-000000000000/resourceGroups/azure_search_cli_test000001/providers/Microsoft.Search/searchServices/test000002?api-version=2022-09-01
  response:
    body:
      string: '{"id":"/subscriptions/00000000-0000-0000-0000-000000000000/resourceGroups/azure_search_cli_test000001/providers/Microsoft.Search/searchServices/test000002","name":"test000002","type":"Microsoft.Search/searchServices","location":"West
        US","properties":{"replicaCount":1,"partitionCount":2,"status":"provisioning","statusDetails":"","provisioningState":"provisioning","hostingMode":"default","publicNetworkAccess":"Enabled","networkRuleSet":{"ipRules":[],"bypass":"None"},"privateEndpointConnections":[],"sharedPrivateLinkResources":[],"disableLocalAuth":false,"authOptions":{"apiKeyOnly":{}}},"sku":{"name":"standard"}}'
    headers:
      cache-control:
      - no-cache
      content-length:
      - '618'
      content-type:
      - application/json; charset=utf-8
      date:
      - Fri, 03 Mar 2023 22:31:19 GMT
      elapsed-time:
      - '173'
      etag:
      - W/"datetime'2023-03-03T22%3A24%3A15.276944Z'"
      expires:
      - '-1'
      pragma:
      - no-cache
      request-id:
      - 1cbf51e7-ba12-11ed-b18f-40b0341d0842
      strict-transport-security:
      - max-age=31536000; includeSubDomains
      transfer-encoding:
      - chunked
      vary:
      - Accept-Encoding,Accept-Encoding
      x-content-type-options:
      - nosniff
    status:
      code: 200
      message: OK
- request:
    body: null
    headers:
      Accept:
      - '*/*'
      Accept-Encoding:
      - gzip, deflate
      CommandName:
      - search service create
      Connection:
      - keep-alive
      ParameterSetName:
      - -n -g --sku --replica-count --partition-count
      User-Agent:
      - AZURECLI/2.46.0 azsdk-python-mgmt-search/9.0.0 Python/3.10.4 (Windows-10-10.0.22621-SP0)
    method: GET
    uri: https://management.azure.com/subscriptions/00000000-0000-0000-0000-000000000000/resourceGroups/azure_search_cli_test000001/providers/Microsoft.Search/searchServices/test000002?api-version=2022-09-01
  response:
    body:
      string: '{"id":"/subscriptions/00000000-0000-0000-0000-000000000000/resourceGroups/azure_search_cli_test000001/providers/Microsoft.Search/searchServices/test000002","name":"test000002","type":"Microsoft.Search/searchServices","location":"West
        US","properties":{"replicaCount":1,"partitionCount":2,"status":"provisioning","statusDetails":"","provisioningState":"provisioning","hostingMode":"default","publicNetworkAccess":"Enabled","networkRuleSet":{"ipRules":[],"bypass":"None"},"privateEndpointConnections":[],"sharedPrivateLinkResources":[],"disableLocalAuth":false,"authOptions":{"apiKeyOnly":{}}},"sku":{"name":"standard"}}'
    headers:
      cache-control:
      - no-cache
      content-length:
      - '618'
      content-type:
      - application/json; charset=utf-8
      date:
      - Fri, 03 Mar 2023 22:31:49 GMT
      elapsed-time:
      - '178'
      etag:
      - W/"datetime'2023-03-03T22%3A24%3A15.276944Z'"
      expires:
      - '-1'
      pragma:
      - no-cache
      request-id:
      - 1cbf51e7-ba12-11ed-b18f-40b0341d0842
      strict-transport-security:
      - max-age=31536000; includeSubDomains
      transfer-encoding:
      - chunked
      vary:
      - Accept-Encoding,Accept-Encoding
      x-content-type-options:
      - nosniff
    status:
      code: 200
      message: OK
- request:
    body: null
    headers:
      Accept:
      - '*/*'
      Accept-Encoding:
      - gzip, deflate
      CommandName:
      - search service create
      Connection:
      - keep-alive
      ParameterSetName:
      - -n -g --sku --replica-count --partition-count
      User-Agent:
      - AZURECLI/2.46.0 azsdk-python-mgmt-search/9.0.0 Python/3.10.4 (Windows-10-10.0.22621-SP0)
    method: GET
    uri: https://management.azure.com/subscriptions/00000000-0000-0000-0000-000000000000/resourceGroups/azure_search_cli_test000001/providers/Microsoft.Search/searchServices/test000002?api-version=2022-09-01
  response:
    body:
      string: '{"id":"/subscriptions/00000000-0000-0000-0000-000000000000/resourceGroups/azure_search_cli_test000001/providers/Microsoft.Search/searchServices/test000002","name":"test000002","type":"Microsoft.Search/searchServices","location":"West
        US","properties":{"replicaCount":1,"partitionCount":2,"status":"provisioning","statusDetails":"","provisioningState":"provisioning","hostingMode":"default","publicNetworkAccess":"Enabled","networkRuleSet":{"ipRules":[],"bypass":"None"},"privateEndpointConnections":[],"sharedPrivateLinkResources":[],"disableLocalAuth":false,"authOptions":{"apiKeyOnly":{}}},"sku":{"name":"standard"}}'
    headers:
      cache-control:
      - no-cache
      content-length:
      - '618'
      content-type:
      - application/json; charset=utf-8
      date:
      - Fri, 03 Mar 2023 22:32:19 GMT
      elapsed-time:
      - '234'
      etag:
      - W/"datetime'2023-03-03T22%3A24%3A15.276944Z'"
      expires:
      - '-1'
      pragma:
      - no-cache
      request-id:
      - 1cbf51e7-ba12-11ed-b18f-40b0341d0842
      strict-transport-security:
      - max-age=31536000; includeSubDomains
      transfer-encoding:
      - chunked
      vary:
      - Accept-Encoding,Accept-Encoding
      x-content-type-options:
      - nosniff
    status:
      code: 200
      message: OK
- request:
    body: null
    headers:
      Accept:
      - '*/*'
      Accept-Encoding:
      - gzip, deflate
      CommandName:
      - search service create
      Connection:
      - keep-alive
      ParameterSetName:
      - -n -g --sku --replica-count --partition-count
      User-Agent:
      - AZURECLI/2.46.0 azsdk-python-mgmt-search/9.0.0 Python/3.10.4 (Windows-10-10.0.22621-SP0)
    method: GET
    uri: https://management.azure.com/subscriptions/00000000-0000-0000-0000-000000000000/resourceGroups/azure_search_cli_test000001/providers/Microsoft.Search/searchServices/test000002?api-version=2022-09-01
  response:
    body:
      string: '{"id":"/subscriptions/00000000-0000-0000-0000-000000000000/resourceGroups/azure_search_cli_test000001/providers/Microsoft.Search/searchServices/test000002","name":"test000002","type":"Microsoft.Search/searchServices","location":"West
        US","properties":{"replicaCount":1,"partitionCount":2,"status":"provisioning","statusDetails":"","provisioningState":"provisioning","hostingMode":"default","publicNetworkAccess":"Enabled","networkRuleSet":{"ipRules":[],"bypass":"None"},"privateEndpointConnections":[],"sharedPrivateLinkResources":[],"disableLocalAuth":false,"authOptions":{"apiKeyOnly":{}}},"sku":{"name":"standard"}}'
    headers:
      cache-control:
      - no-cache
      content-length:
      - '618'
      content-type:
      - application/json; charset=utf-8
      date:
      - Fri, 03 Mar 2023 22:32:50 GMT
      elapsed-time:
      - '235'
      etag:
      - W/"datetime'2023-03-03T22%3A24%3A15.276944Z'"
      expires:
      - '-1'
      pragma:
      - no-cache
      request-id:
      - 1cbf51e7-ba12-11ed-b18f-40b0341d0842
      strict-transport-security:
      - max-age=31536000; includeSubDomains
      transfer-encoding:
      - chunked
      vary:
      - Accept-Encoding,Accept-Encoding
      x-content-type-options:
      - nosniff
    status:
      code: 200
      message: OK
- request:
    body: null
    headers:
      Accept:
      - '*/*'
      Accept-Encoding:
      - gzip, deflate
      CommandName:
      - search service create
      Connection:
      - keep-alive
      ParameterSetName:
      - -n -g --sku --replica-count --partition-count
      User-Agent:
      - AZURECLI/2.46.0 azsdk-python-mgmt-search/9.0.0 Python/3.10.4 (Windows-10-10.0.22621-SP0)
    method: GET
    uri: https://management.azure.com/subscriptions/00000000-0000-0000-0000-000000000000/resourceGroups/azure_search_cli_test000001/providers/Microsoft.Search/searchServices/test000002?api-version=2022-09-01
  response:
    body:
      string: '{"id":"/subscriptions/00000000-0000-0000-0000-000000000000/resourceGroups/azure_search_cli_test000001/providers/Microsoft.Search/searchServices/test000002","name":"test000002","type":"Microsoft.Search/searchServices","location":"West
        US","properties":{"replicaCount":1,"partitionCount":2,"status":"provisioning","statusDetails":"","provisioningState":"provisioning","hostingMode":"default","publicNetworkAccess":"Enabled","networkRuleSet":{"ipRules":[],"bypass":"None"},"privateEndpointConnections":[],"sharedPrivateLinkResources":[],"disableLocalAuth":false,"authOptions":{"apiKeyOnly":{}}},"sku":{"name":"standard"}}'
    headers:
      cache-control:
      - no-cache
      content-length:
      - '618'
      content-type:
      - application/json; charset=utf-8
      date:
      - Fri, 03 Mar 2023 22:33:20 GMT
      elapsed-time:
      - '152'
      etag:
      - W/"datetime'2023-03-03T22%3A24%3A15.276944Z'"
      expires:
      - '-1'
      pragma:
      - no-cache
      request-id:
      - 1cbf51e7-ba12-11ed-b18f-40b0341d0842
      strict-transport-security:
      - max-age=31536000; includeSubDomains
      transfer-encoding:
      - chunked
      vary:
      - Accept-Encoding,Accept-Encoding
      x-content-type-options:
      - nosniff
    status:
      code: 200
      message: OK
- request:
    body: null
    headers:
      Accept:
      - '*/*'
      Accept-Encoding:
      - gzip, deflate
      CommandName:
      - search service create
      Connection:
      - keep-alive
      ParameterSetName:
      - -n -g --sku --replica-count --partition-count
      User-Agent:
      - AZURECLI/2.46.0 azsdk-python-mgmt-search/9.0.0 Python/3.10.4 (Windows-10-10.0.22621-SP0)
    method: GET
    uri: https://management.azure.com/subscriptions/00000000-0000-0000-0000-000000000000/resourceGroups/azure_search_cli_test000001/providers/Microsoft.Search/searchServices/test000002?api-version=2022-09-01
  response:
    body:
      string: '{"id":"/subscriptions/00000000-0000-0000-0000-000000000000/resourceGroups/azure_search_cli_test000001/providers/Microsoft.Search/searchServices/test000002","name":"test000002","type":"Microsoft.Search/searchServices","location":"West
        US","properties":{"replicaCount":1,"partitionCount":2,"status":"provisioning","statusDetails":"","provisioningState":"provisioning","hostingMode":"default","publicNetworkAccess":"Enabled","networkRuleSet":{"ipRules":[],"bypass":"None"},"privateEndpointConnections":[],"sharedPrivateLinkResources":[],"disableLocalAuth":false,"authOptions":{"apiKeyOnly":{}}},"sku":{"name":"standard"}}'
    headers:
      cache-control:
      - no-cache
      content-length:
      - '618'
      content-type:
      - application/json; charset=utf-8
      date:
      - Fri, 03 Mar 2023 22:33:50 GMT
      elapsed-time:
      - '140'
      etag:
      - W/"datetime'2023-03-03T22%3A24%3A15.276944Z'"
      expires:
      - '-1'
      pragma:
      - no-cache
      request-id:
      - 1cbf51e7-ba12-11ed-b18f-40b0341d0842
      strict-transport-security:
      - max-age=31536000; includeSubDomains
      transfer-encoding:
      - chunked
      vary:
      - Accept-Encoding,Accept-Encoding
      x-content-type-options:
      - nosniff
    status:
      code: 200
      message: OK
- request:
    body: null
    headers:
      Accept:
      - '*/*'
      Accept-Encoding:
      - gzip, deflate
      CommandName:
      - search service create
      Connection:
      - keep-alive
      ParameterSetName:
      - -n -g --sku --replica-count --partition-count
      User-Agent:
      - AZURECLI/2.46.0 azsdk-python-mgmt-search/9.0.0 Python/3.10.4 (Windows-10-10.0.22621-SP0)
    method: GET
    uri: https://management.azure.com/subscriptions/00000000-0000-0000-0000-000000000000/resourceGroups/azure_search_cli_test000001/providers/Microsoft.Search/searchServices/test000002?api-version=2022-09-01
  response:
    body:
      string: '{"id":"/subscriptions/00000000-0000-0000-0000-000000000000/resourceGroups/azure_search_cli_test000001/providers/Microsoft.Search/searchServices/test000002","name":"test000002","type":"Microsoft.Search/searchServices","location":"West
        US","properties":{"replicaCount":1,"partitionCount":2,"status":"provisioning","statusDetails":"","provisioningState":"provisioning","hostingMode":"default","publicNetworkAccess":"Enabled","networkRuleSet":{"ipRules":[],"bypass":"None"},"privateEndpointConnections":[],"sharedPrivateLinkResources":[],"disableLocalAuth":false,"authOptions":{"apiKeyOnly":{}}},"sku":{"name":"standard"}}'
    headers:
      cache-control:
      - no-cache
      content-length:
      - '618'
      content-type:
      - application/json; charset=utf-8
      date:
      - Fri, 03 Mar 2023 22:34:20 GMT
      elapsed-time:
      - '157'
      etag:
      - W/"datetime'2023-03-03T22%3A24%3A15.276944Z'"
      expires:
      - '-1'
      pragma:
      - no-cache
      request-id:
      - 1cbf51e7-ba12-11ed-b18f-40b0341d0842
      strict-transport-security:
      - max-age=31536000; includeSubDomains
      transfer-encoding:
      - chunked
      vary:
      - Accept-Encoding,Accept-Encoding
      x-content-type-options:
      - nosniff
    status:
      code: 200
      message: OK
- request:
    body: null
    headers:
      Accept:
      - '*/*'
      Accept-Encoding:
      - gzip, deflate
      CommandName:
      - search service create
      Connection:
      - keep-alive
      ParameterSetName:
      - -n -g --sku --replica-count --partition-count
      User-Agent:
      - AZURECLI/2.46.0 azsdk-python-mgmt-search/9.0.0 Python/3.10.4 (Windows-10-10.0.22621-SP0)
    method: GET
    uri: https://management.azure.com/subscriptions/00000000-0000-0000-0000-000000000000/resourceGroups/azure_search_cli_test000001/providers/Microsoft.Search/searchServices/test000002?api-version=2022-09-01
  response:
    body:
      string: '{"id":"/subscriptions/00000000-0000-0000-0000-000000000000/resourceGroups/azure_search_cli_test000001/providers/Microsoft.Search/searchServices/test000002","name":"test000002","type":"Microsoft.Search/searchServices","location":"West
        US","properties":{"replicaCount":1,"partitionCount":2,"status":"provisioning","statusDetails":"","provisioningState":"provisioning","hostingMode":"default","publicNetworkAccess":"Enabled","networkRuleSet":{"ipRules":[],"bypass":"None"},"privateEndpointConnections":[],"sharedPrivateLinkResources":[],"disableLocalAuth":false,"authOptions":{"apiKeyOnly":{}}},"sku":{"name":"standard"}}'
    headers:
      cache-control:
      - no-cache
      content-length:
      - '618'
      content-type:
      - application/json; charset=utf-8
      date:
      - Fri, 03 Mar 2023 22:34:50 GMT
      elapsed-time:
      - '248'
      etag:
      - W/"datetime'2023-03-03T22%3A24%3A15.276944Z'"
      expires:
      - '-1'
      pragma:
      - no-cache
      request-id:
      - 1cbf51e7-ba12-11ed-b18f-40b0341d0842
      strict-transport-security:
      - max-age=31536000; includeSubDomains
      transfer-encoding:
      - chunked
      vary:
      - Accept-Encoding,Accept-Encoding
      x-content-type-options:
      - nosniff
    status:
      code: 200
      message: OK
- request:
    body: null
    headers:
      Accept:
      - '*/*'
      Accept-Encoding:
      - gzip, deflate
      CommandName:
      - search service create
      Connection:
      - keep-alive
      ParameterSetName:
      - -n -g --sku --replica-count --partition-count
      User-Agent:
      - AZURECLI/2.46.0 azsdk-python-mgmt-search/9.0.0 Python/3.10.4 (Windows-10-10.0.22621-SP0)
    method: GET
    uri: https://management.azure.com/subscriptions/00000000-0000-0000-0000-000000000000/resourceGroups/azure_search_cli_test000001/providers/Microsoft.Search/searchServices/test000002?api-version=2022-09-01
  response:
    body:
      string: '{"id":"/subscriptions/00000000-0000-0000-0000-000000000000/resourceGroups/azure_search_cli_test000001/providers/Microsoft.Search/searchServices/test000002","name":"test000002","type":"Microsoft.Search/searchServices","location":"West
        US","properties":{"replicaCount":1,"partitionCount":2,"status":"provisioning","statusDetails":"","provisioningState":"provisioning","hostingMode":"default","publicNetworkAccess":"Enabled","networkRuleSet":{"ipRules":[],"bypass":"None"},"privateEndpointConnections":[],"sharedPrivateLinkResources":[],"disableLocalAuth":false,"authOptions":{"apiKeyOnly":{}}},"sku":{"name":"standard"}}'
    headers:
      cache-control:
      - no-cache
      content-length:
      - '618'
      content-type:
      - application/json; charset=utf-8
      date:
      - Fri, 03 Mar 2023 22:35:21 GMT
      elapsed-time:
      - '184'
      etag:
      - W/"datetime'2023-03-03T22%3A24%3A15.276944Z'"
      expires:
      - '-1'
      pragma:
      - no-cache
      request-id:
      - 1cbf51e7-ba12-11ed-b18f-40b0341d0842
      strict-transport-security:
      - max-age=31536000; includeSubDomains
      transfer-encoding:
      - chunked
      vary:
      - Accept-Encoding,Accept-Encoding
      x-content-type-options:
      - nosniff
    status:
      code: 200
      message: OK
- request:
    body: null
    headers:
      Accept:
      - '*/*'
      Accept-Encoding:
      - gzip, deflate
      CommandName:
      - search service create
      Connection:
      - keep-alive
      ParameterSetName:
      - -n -g --sku --replica-count --partition-count
      User-Agent:
      - AZURECLI/2.46.0 azsdk-python-mgmt-search/9.0.0 Python/3.10.4 (Windows-10-10.0.22621-SP0)
    method: GET
    uri: https://management.azure.com/subscriptions/00000000-0000-0000-0000-000000000000/resourceGroups/azure_search_cli_test000001/providers/Microsoft.Search/searchServices/test000002?api-version=2022-09-01
  response:
    body:
      string: '{"id":"/subscriptions/00000000-0000-0000-0000-000000000000/resourceGroups/azure_search_cli_test000001/providers/Microsoft.Search/searchServices/test000002","name":"test000002","type":"Microsoft.Search/searchServices","location":"West
        US","properties":{"replicaCount":1,"partitionCount":2,"status":"provisioning","statusDetails":"","provisioningState":"provisioning","hostingMode":"default","publicNetworkAccess":"Enabled","networkRuleSet":{"ipRules":[],"bypass":"None"},"privateEndpointConnections":[],"sharedPrivateLinkResources":[],"disableLocalAuth":false,"authOptions":{"apiKeyOnly":{}}},"sku":{"name":"standard"}}'
    headers:
      cache-control:
      - no-cache
      content-length:
      - '618'
      content-type:
      - application/json; charset=utf-8
      date:
      - Fri, 03 Mar 2023 22:35:51 GMT
      elapsed-time:
      - '252'
      etag:
      - W/"datetime'2023-03-03T22%3A24%3A15.276944Z'"
      expires:
      - '-1'
      pragma:
      - no-cache
      request-id:
      - 1cbf51e7-ba12-11ed-b18f-40b0341d0842
      strict-transport-security:
      - max-age=31536000; includeSubDomains
      transfer-encoding:
      - chunked
      vary:
      - Accept-Encoding,Accept-Encoding
      x-content-type-options:
      - nosniff
    status:
      code: 200
      message: OK
- request:
    body: null
    headers:
      Accept:
      - '*/*'
      Accept-Encoding:
      - gzip, deflate
      CommandName:
      - search service create
      Connection:
      - keep-alive
      ParameterSetName:
      - -n -g --sku --replica-count --partition-count
      User-Agent:
      - AZURECLI/2.46.0 azsdk-python-mgmt-search/9.0.0 Python/3.10.4 (Windows-10-10.0.22621-SP0)
    method: GET
    uri: https://management.azure.com/subscriptions/00000000-0000-0000-0000-000000000000/resourceGroups/azure_search_cli_test000001/providers/Microsoft.Search/searchServices/test000002?api-version=2022-09-01
  response:
    body:
      string: '{"id":"/subscriptions/00000000-0000-0000-0000-000000000000/resourceGroups/azure_search_cli_test000001/providers/Microsoft.Search/searchServices/test000002","name":"test000002","type":"Microsoft.Search/searchServices","location":"West
        US","properties":{"replicaCount":1,"partitionCount":2,"status":"provisioning","statusDetails":"","provisioningState":"provisioning","hostingMode":"default","publicNetworkAccess":"Enabled","networkRuleSet":{"ipRules":[],"bypass":"None"},"privateEndpointConnections":[],"sharedPrivateLinkResources":[],"disableLocalAuth":false,"authOptions":{"apiKeyOnly":{}}},"sku":{"name":"standard"}}'
    headers:
      cache-control:
      - no-cache
      content-length:
      - '618'
      content-type:
      - application/json; charset=utf-8
      date:
      - Fri, 03 Mar 2023 22:36:21 GMT
      elapsed-time:
      - '182'
      etag:
      - W/"datetime'2023-03-03T22%3A24%3A15.276944Z'"
      expires:
      - '-1'
      pragma:
      - no-cache
      request-id:
      - 1cbf51e7-ba12-11ed-b18f-40b0341d0842
      strict-transport-security:
      - max-age=31536000; includeSubDomains
      transfer-encoding:
      - chunked
      vary:
      - Accept-Encoding,Accept-Encoding
      x-content-type-options:
      - nosniff
    status:
      code: 200
      message: OK
- request:
    body: null
    headers:
      Accept:
      - '*/*'
      Accept-Encoding:
      - gzip, deflate
      CommandName:
      - search service create
      Connection:
      - keep-alive
      ParameterSetName:
      - -n -g --sku --replica-count --partition-count
      User-Agent:
      - AZURECLI/2.46.0 azsdk-python-mgmt-search/9.0.0 Python/3.10.4 (Windows-10-10.0.22621-SP0)
    method: GET
    uri: https://management.azure.com/subscriptions/00000000-0000-0000-0000-000000000000/resourceGroups/azure_search_cli_test000001/providers/Microsoft.Search/searchServices/test000002?api-version=2022-09-01
  response:
    body:
      string: '{"id":"/subscriptions/00000000-0000-0000-0000-000000000000/resourceGroups/azure_search_cli_test000001/providers/Microsoft.Search/searchServices/test000002","name":"test000002","type":"Microsoft.Search/searchServices","location":"West
        US","properties":{"replicaCount":1,"partitionCount":2,"status":"provisioning","statusDetails":"","provisioningState":"provisioning","hostingMode":"default","publicNetworkAccess":"Enabled","networkRuleSet":{"ipRules":[],"bypass":"None"},"privateEndpointConnections":[],"sharedPrivateLinkResources":[],"disableLocalAuth":false,"authOptions":{"apiKeyOnly":{}}},"sku":{"name":"standard"}}'
    headers:
      cache-control:
      - no-cache
      content-length:
      - '618'
      content-type:
      - application/json; charset=utf-8
      date:
      - Fri, 03 Mar 2023 22:36:51 GMT
      elapsed-time:
      - '172'
      etag:
      - W/"datetime'2023-03-03T22%3A24%3A15.276944Z'"
      expires:
      - '-1'
      pragma:
      - no-cache
      request-id:
      - 1cbf51e7-ba12-11ed-b18f-40b0341d0842
      strict-transport-security:
      - max-age=31536000; includeSubDomains
      transfer-encoding:
      - chunked
      vary:
      - Accept-Encoding,Accept-Encoding
      x-content-type-options:
      - nosniff
    status:
      code: 200
      message: OK
- request:
    body: null
    headers:
      Accept:
      - '*/*'
      Accept-Encoding:
      - gzip, deflate
      CommandName:
      - search service create
      Connection:
      - keep-alive
      ParameterSetName:
      - -n -g --sku --replica-count --partition-count
      User-Agent:
      - AZURECLI/2.46.0 azsdk-python-mgmt-search/9.0.0 Python/3.10.4 (Windows-10-10.0.22621-SP0)
    method: GET
    uri: https://management.azure.com/subscriptions/00000000-0000-0000-0000-000000000000/resourceGroups/azure_search_cli_test000001/providers/Microsoft.Search/searchServices/test000002?api-version=2022-09-01
  response:
    body:
      string: '{"id":"/subscriptions/00000000-0000-0000-0000-000000000000/resourceGroups/azure_search_cli_test000001/providers/Microsoft.Search/searchServices/test000002","name":"test000002","type":"Microsoft.Search/searchServices","location":"West
        US","properties":{"replicaCount":1,"partitionCount":2,"status":"provisioning","statusDetails":"","provisioningState":"provisioning","hostingMode":"default","publicNetworkAccess":"Enabled","networkRuleSet":{"ipRules":[],"bypass":"None"},"privateEndpointConnections":[],"sharedPrivateLinkResources":[],"disableLocalAuth":false,"authOptions":{"apiKeyOnly":{}}},"sku":{"name":"standard"}}'
    headers:
      cache-control:
      - no-cache
      content-length:
      - '618'
      content-type:
      - application/json; charset=utf-8
      date:
      - Fri, 03 Mar 2023 22:37:22 GMT
      elapsed-time:
      - '215'
      etag:
      - W/"datetime'2023-03-03T22%3A24%3A15.276944Z'"
      expires:
      - '-1'
      pragma:
      - no-cache
      request-id:
      - 1cbf51e7-ba12-11ed-b18f-40b0341d0842
      strict-transport-security:
      - max-age=31536000; includeSubDomains
      transfer-encoding:
      - chunked
      vary:
      - Accept-Encoding,Accept-Encoding
      x-content-type-options:
      - nosniff
    status:
      code: 200
      message: OK
- request:
    body: null
    headers:
      Accept:
      - '*/*'
      Accept-Encoding:
      - gzip, deflate
      CommandName:
      - search service create
      Connection:
      - keep-alive
      ParameterSetName:
      - -n -g --sku --replica-count --partition-count
      User-Agent:
      - AZURECLI/2.46.0 azsdk-python-mgmt-search/9.0.0 Python/3.10.4 (Windows-10-10.0.22621-SP0)
    method: GET
    uri: https://management.azure.com/subscriptions/00000000-0000-0000-0000-000000000000/resourceGroups/azure_search_cli_test000001/providers/Microsoft.Search/searchServices/test000002?api-version=2022-09-01
  response:
    body:
      string: '{"id":"/subscriptions/00000000-0000-0000-0000-000000000000/resourceGroups/azure_search_cli_test000001/providers/Microsoft.Search/searchServices/test000002","name":"test000002","type":"Microsoft.Search/searchServices","location":"West
        US","properties":{"replicaCount":1,"partitionCount":2,"status":"running","statusDetails":"","provisioningState":"succeeded","hostingMode":"default","publicNetworkAccess":"Enabled","networkRuleSet":{"ipRules":[],"bypass":"None"},"privateEndpointConnections":[],"sharedPrivateLinkResources":[],"disableLocalAuth":false,"authOptions":{"apiKeyOnly":{}}},"sku":{"name":"standard"}}'
    headers:
      cache-control:
      - no-cache
      content-length:
      - '610'
      content-type:
      - application/json; charset=utf-8
      date:
      - Fri, 03 Mar 2023 22:37:52 GMT
      elapsed-time:
      - '149'
      etag:
      - W/"datetime'2023-03-03T22%3A24%3A15.276944Z'"
      expires:
      - '-1'
      pragma:
      - no-cache
      request-id:
      - 1cbf51e7-ba12-11ed-b18f-40b0341d0842
      strict-transport-security:
      - max-age=31536000; includeSubDomains
      transfer-encoding:
      - chunked
      vary:
      - Accept-Encoding,Accept-Encoding
      x-content-type-options:
      - nosniff
    status:
      code: 200
      message: OK
version: 1
