interactions:
- request:
    body: null
    headers:
      Accept:
      - application/json
      Accept-Encoding:
      - gzip, deflate
      CommandName:
      - search service create
      Connection:
      - keep-alive
      ParameterSetName:
      - -n -g --sku
      User-Agent:
      - python/3.8.6 (Windows-10-10.0.19041-SP0) msrest/0.6.18 msrest_azure/0.6.3
        azure-mgmt-resource/12.0.0 Azure-SDK-For-Python AZURECLI/2.18.0
      accept-language:
      - en-US
    method: GET
    uri: https://management.azure.com/subscriptions/00000000-0000-0000-0000-000000000000/resourcegroups/azure_search_cli_test000001?api-version=2021-04-01
  response:
    body:
      string: '{"id":"/subscriptions/00000000-0000-0000-0000-000000000000/resourceGroups/azure_search_cli_test000001","name":"azure_search_cli_test000001","type":"Microsoft.Resources/resourceGroups","location":"westus","tags":{"product":"azurecli","cause":"automation","date":"2021-01-28T07:11:12Z"},"properties":{"provisioningState":"Succeeded"}}'
    headers:
      cache-control:
      - no-cache
      content-length:
      - '428'
      content-type:
      - application/json; charset=utf-8
      date:
      - Thu, 28 Jan 2021 07:11:15 GMT
      expires:
      - '-1'
      pragma:
      - no-cache
      strict-transport-security:
      - max-age=31536000; includeSubDomains
      vary:
      - Accept-Encoding
      x-content-type-options:
      - nosniff
    status:
      code: 200
      message: OK
- request:
    body: '{"location": "westus", "sku": {"name": "standard"}, "properties": {"replicaCount":
      1, "partitionCount": 1, "hostingMode": "default", "publicNetworkAccess": "enabled"}}'
    headers:
      Accept:
      - application/json
      Accept-Encoding:
      - gzip, deflate
      CommandName:
      - search service create
      Connection:
      - keep-alive
      Content-Length:
      - '167'
      Content-Type:
      - application/json
      ParameterSetName:
      - -n -g --sku
      User-Agent:
      - AZURECLI/2.18.0 azsdk-python-mgmt-search/8.0.0 Python/3.8.6 (Windows-10-10.0.19041-SP0)
    method: PUT
    uri: https://management.azure.com/subscriptions/00000000-0000-0000-0000-000000000000/resourceGroups/azure_search_cli_test000001/providers/Microsoft.Search/searchServices/test000002?api-version=2020-08-01
  response:
    body:
      string: '{"id":"/subscriptions/00000000-0000-0000-0000-000000000000/resourceGroups/azure_search_cli_test000001/providers/Microsoft.Search/searchServices/test000002","name":"test000002","type":"Microsoft.Search/searchServices","location":"West
        US","properties":{"replicaCount":1,"partitionCount":1,"status":"provisioning","statusDetails":"","provisioningState":"provisioning","hostingMode":"default","publicNetworkAccess":"Enabled","networkRuleSet":{"ipRules":[],"bypass":"None"},"privateEndpointConnections":[],"sharedPrivateLinkResources":[]},"sku":{"name":"standard"}}'
    headers:
      cache-control:
      - no-cache
      content-length:
      - '637'
      content-type:
      - application/json; charset=utf-8
      date:
      - Thu, 28 Jan 2021 07:11:22 GMT
      elapsed-time:
      - '5398'
      etag:
      - W/"datetime'2021-01-28T07%3A11%3A22.4303629Z'"
      expires:
      - '-1'
      pragma:
      - no-cache
      request-id:
      - 02b37aa0-6138-11eb-b912-c8348e613252
      strict-transport-security:
      - max-age=31536000; includeSubDomains
      x-content-type-options:
      - nosniff
      x-ms-ratelimit-remaining-subscription-writes:
      - '1199'
    status:
      code: 201
      message: Created
- request:
    body: null
    headers:
      Accept:
      - '*/*'
      Accept-Encoding:
      - gzip, deflate
      CommandName:
      - search service create
      Connection:
      - keep-alive
      ParameterSetName:
      - -n -g --sku
      User-Agent:
      - AZURECLI/2.18.0 azsdk-python-mgmt-search/8.0.0 Python/3.8.6 (Windows-10-10.0.19041-SP0)
    method: GET
    uri: https://management.azure.com/subscriptions/00000000-0000-0000-0000-000000000000/resourceGroups/azure_search_cli_test000001/providers/Microsoft.Search/searchServices/test000002?api-version=2020-08-01
  response:
    body:
      string: '{"id":"/subscriptions/00000000-0000-0000-0000-000000000000/resourceGroups/azure_search_cli_test000001/providers/Microsoft.Search/searchServices/test000002","name":"test000002","type":"Microsoft.Search/searchServices","location":"West
        US","properties":{"replicaCount":1,"partitionCount":1,"status":"provisioning","statusDetails":"","provisioningState":"provisioning","hostingMode":"default","publicNetworkAccess":"Enabled","networkRuleSet":{"ipRules":[],"bypass":"None"},"privateEndpointConnections":[],"sharedPrivateLinkResources":[]},"sku":{"name":"standard"}}'
    headers:
      cache-control:
      - no-cache
      content-length:
      - '637'
      content-type:
      - application/json; charset=utf-8
      date:
      - Thu, 28 Jan 2021 07:11:53 GMT
      elapsed-time:
      - '496'
      etag:
      - W/"datetime'2021-01-28T07%3A11%3A22.4303629Z'"
      expires:
      - '-1'
      pragma:
      - no-cache
      request-id:
      - 02b37aa0-6138-11eb-b912-c8348e613252
      strict-transport-security:
      - max-age=31536000; includeSubDomains
      transfer-encoding:
      - chunked
      vary:
      - Accept-Encoding,Accept-Encoding
      x-content-type-options:
      - nosniff
    status:
      code: 200
      message: OK
- request:
    body: null
    headers:
      Accept:
      - '*/*'
      Accept-Encoding:
      - gzip, deflate
      CommandName:
      - search service create
      Connection:
      - keep-alive
      ParameterSetName:
      - -n -g --sku
      User-Agent:
      - AZURECLI/2.18.0 azsdk-python-mgmt-search/8.0.0 Python/3.8.6 (Windows-10-10.0.19041-SP0)
    method: GET
    uri: https://management.azure.com/subscriptions/00000000-0000-0000-0000-000000000000/resourceGroups/azure_search_cli_test000001/providers/Microsoft.Search/searchServices/test000002?api-version=2020-08-01
  response:
    body:
      string: '{"id":"/subscriptions/00000000-0000-0000-0000-000000000000/resourceGroups/azure_search_cli_test000001/providers/Microsoft.Search/searchServices/test000002","name":"test000002","type":"Microsoft.Search/searchServices","location":"West
        US","properties":{"replicaCount":1,"partitionCount":1,"status":"provisioning","statusDetails":"","provisioningState":"provisioning","hostingMode":"default","publicNetworkAccess":"Enabled","networkRuleSet":{"ipRules":[],"bypass":"None"},"privateEndpointConnections":[],"sharedPrivateLinkResources":[]},"sku":{"name":"standard"}}'
    headers:
      cache-control:
      - no-cache
      content-length:
      - '637'
      content-type:
      - application/json; charset=utf-8
      date:
      - Thu, 28 Jan 2021 07:12:22 GMT
      elapsed-time:
      - '193'
      etag:
      - W/"datetime'2021-01-28T07%3A11%3A22.4303629Z'"
      expires:
      - '-1'
      pragma:
      - no-cache
      request-id:
      - 02b37aa0-6138-11eb-b912-c8348e613252
      strict-transport-security:
      - max-age=31536000; includeSubDomains
      transfer-encoding:
      - chunked
      vary:
      - Accept-Encoding,Accept-Encoding
      x-content-type-options:
      - nosniff
    status:
      code: 200
      message: OK
- request:
    body: null
    headers:
      Accept:
      - '*/*'
      Accept-Encoding:
      - gzip, deflate
      CommandName:
      - search service create
      Connection:
      - keep-alive
      ParameterSetName:
      - -n -g --sku
      User-Agent:
      - AZURECLI/2.18.0 azsdk-python-mgmt-search/8.0.0 Python/3.8.6 (Windows-10-10.0.19041-SP0)
    method: GET
    uri: https://management.azure.com/subscriptions/00000000-0000-0000-0000-000000000000/resourceGroups/azure_search_cli_test000001/providers/Microsoft.Search/searchServices/test000002?api-version=2020-08-01
  response:
    body:
      string: '{"id":"/subscriptions/00000000-0000-0000-0000-000000000000/resourceGroups/azure_search_cli_test000001/providers/Microsoft.Search/searchServices/test000002","name":"test000002","type":"Microsoft.Search/searchServices","location":"West
        US","properties":{"replicaCount":1,"partitionCount":1,"status":"provisioning","statusDetails":"","provisioningState":"provisioning","hostingMode":"default","publicNetworkAccess":"Enabled","networkRuleSet":{"ipRules":[],"bypass":"None"},"privateEndpointConnections":[],"sharedPrivateLinkResources":[]},"sku":{"name":"standard"}}'
    headers:
      cache-control:
      - no-cache
      content-length:
      - '637'
      content-type:
      - application/json; charset=utf-8
      date:
      - Thu, 28 Jan 2021 07:12:54 GMT
      elapsed-time:
      - '383'
      etag:
      - W/"datetime'2021-01-28T07%3A11%3A22.4303629Z'"
      expires:
      - '-1'
      pragma:
      - no-cache
      request-id:
      - 02b37aa0-6138-11eb-b912-c8348e613252
      strict-transport-security:
      - max-age=31536000; includeSubDomains
      transfer-encoding:
      - chunked
      vary:
      - Accept-Encoding,Accept-Encoding
      x-content-type-options:
      - nosniff
    status:
      code: 200
      message: OK
- request:
    body: null
    headers:
      Accept:
      - '*/*'
      Accept-Encoding:
      - gzip, deflate
      CommandName:
      - search service create
      Connection:
      - keep-alive
      ParameterSetName:
      - -n -g --sku
      User-Agent:
      - AZURECLI/2.18.0 azsdk-python-mgmt-search/8.0.0 Python/3.8.6 (Windows-10-10.0.19041-SP0)
    method: GET
    uri: https://management.azure.com/subscriptions/00000000-0000-0000-0000-000000000000/resourceGroups/azure_search_cli_test000001/providers/Microsoft.Search/searchServices/test000002?api-version=2020-08-01
  response:
    body:
      string: '{"id":"/subscriptions/00000000-0000-0000-0000-000000000000/resourceGroups/azure_search_cli_test000001/providers/Microsoft.Search/searchServices/test000002","name":"test000002","type":"Microsoft.Search/searchServices","location":"West
        US","properties":{"replicaCount":1,"partitionCount":1,"status":"provisioning","statusDetails":"","provisioningState":"provisioning","hostingMode":"default","publicNetworkAccess":"Enabled","networkRuleSet":{"ipRules":[],"bypass":"None"},"privateEndpointConnections":[],"sharedPrivateLinkResources":[]},"sku":{"name":"standard"}}'
    headers:
      cache-control:
      - no-cache
      content-length:
      - '637'
      content-type:
      - application/json; charset=utf-8
      date:
      - Thu, 28 Jan 2021 07:13:24 GMT
      elapsed-time:
      - '154'
      etag:
      - W/"datetime'2021-01-28T07%3A11%3A22.4303629Z'"
      expires:
      - '-1'
      pragma:
      - no-cache
      request-id:
      - 02b37aa0-6138-11eb-b912-c8348e613252
      strict-transport-security:
      - max-age=31536000; includeSubDomains
      transfer-encoding:
      - chunked
      vary:
      - Accept-Encoding,Accept-Encoding
      x-content-type-options:
      - nosniff
    status:
      code: 200
      message: OK
- request:
    body: null
    headers:
      Accept:
      - '*/*'
      Accept-Encoding:
      - gzip, deflate
      CommandName:
      - search service create
      Connection:
      - keep-alive
      ParameterSetName:
      - -n -g --sku
      User-Agent:
      - AZURECLI/2.18.0 azsdk-python-mgmt-search/8.0.0 Python/3.8.6 (Windows-10-10.0.19041-SP0)
    method: GET
    uri: https://management.azure.com/subscriptions/00000000-0000-0000-0000-000000000000/resourceGroups/azure_search_cli_test000001/providers/Microsoft.Search/searchServices/test000002?api-version=2020-08-01
  response:
    body:
      string: '{"id":"/subscriptions/00000000-0000-0000-0000-000000000000/resourceGroups/azure_search_cli_test000001/providers/Microsoft.Search/searchServices/test000002","name":"test000002","type":"Microsoft.Search/searchServices","location":"West
        US","properties":{"replicaCount":1,"partitionCount":1,"status":"provisioning","statusDetails":"","provisioningState":"provisioning","hostingMode":"default","publicNetworkAccess":"Enabled","networkRuleSet":{"ipRules":[],"bypass":"None"},"privateEndpointConnections":[],"sharedPrivateLinkResources":[]},"sku":{"name":"standard"}}'
    headers:
      cache-control:
      - no-cache
      content-length:
      - '637'
      content-type:
      - application/json; charset=utf-8
      date:
      - Thu, 28 Jan 2021 07:13:54 GMT
      elapsed-time:
      - '432'
      etag:
      - W/"datetime'2021-01-28T07%3A11%3A22.4303629Z'"
      expires:
      - '-1'
      pragma:
      - no-cache
      request-id:
      - 02b37aa0-6138-11eb-b912-c8348e613252
      strict-transport-security:
      - max-age=31536000; includeSubDomains
      transfer-encoding:
      - chunked
      vary:
      - Accept-Encoding,Accept-Encoding
      x-content-type-options:
      - nosniff
    status:
      code: 200
      message: OK
- request:
    body: null
    headers:
      Accept:
      - '*/*'
      Accept-Encoding:
      - gzip, deflate
      CommandName:
      - search service create
      Connection:
      - keep-alive
      ParameterSetName:
      - -n -g --sku
      User-Agent:
      - AZURECLI/2.18.0 azsdk-python-mgmt-search/8.0.0 Python/3.8.6 (Windows-10-10.0.19041-SP0)
    method: GET
    uri: https://management.azure.com/subscriptions/00000000-0000-0000-0000-000000000000/resourceGroups/azure_search_cli_test000001/providers/Microsoft.Search/searchServices/test000002?api-version=2020-08-01
  response:
    body:
      string: '{"id":"/subscriptions/00000000-0000-0000-0000-000000000000/resourceGroups/azure_search_cli_test000001/providers/Microsoft.Search/searchServices/test000002","name":"test000002","type":"Microsoft.Search/searchServices","location":"West
        US","properties":{"replicaCount":1,"partitionCount":1,"status":"provisioning","statusDetails":"","provisioningState":"provisioning","hostingMode":"default","publicNetworkAccess":"Enabled","networkRuleSet":{"ipRules":[],"bypass":"None"},"privateEndpointConnections":[],"sharedPrivateLinkResources":[]},"sku":{"name":"standard"}}'
    headers:
      cache-control:
      - no-cache
      content-length:
      - '637'
      content-type:
      - application/json; charset=utf-8
      date:
      - Thu, 28 Jan 2021 07:14:25 GMT
      elapsed-time:
      - '174'
      etag:
      - W/"datetime'2021-01-28T07%3A11%3A22.4303629Z'"
      expires:
      - '-1'
      pragma:
      - no-cache
      request-id:
      - 02b37aa0-6138-11eb-b912-c8348e613252
      strict-transport-security:
      - max-age=31536000; includeSubDomains
      transfer-encoding:
      - chunked
      vary:
      - Accept-Encoding,Accept-Encoding
      x-content-type-options:
      - nosniff
    status:
      code: 200
      message: OK
- request:
    body: null
    headers:
      Accept:
      - '*/*'
      Accept-Encoding:
      - gzip, deflate
      CommandName:
      - search service create
      Connection:
      - keep-alive
      ParameterSetName:
      - -n -g --sku
      User-Agent:
      - AZURECLI/2.18.0 azsdk-python-mgmt-search/8.0.0 Python/3.8.6 (Windows-10-10.0.19041-SP0)
    method: GET
    uri: https://management.azure.com/subscriptions/00000000-0000-0000-0000-000000000000/resourceGroups/azure_search_cli_test000001/providers/Microsoft.Search/searchServices/test000002?api-version=2020-08-01
  response:
    body:
      string: '{"id":"/subscriptions/00000000-0000-0000-0000-000000000000/resourceGroups/azure_search_cli_test000001/providers/Microsoft.Search/searchServices/test000002","name":"test000002","type":"Microsoft.Search/searchServices","location":"West
        US","properties":{"replicaCount":1,"partitionCount":1,"status":"provisioning","statusDetails":"","provisioningState":"provisioning","hostingMode":"default","publicNetworkAccess":"Enabled","networkRuleSet":{"ipRules":[],"bypass":"None"},"privateEndpointConnections":[],"sharedPrivateLinkResources":[]},"sku":{"name":"standard"}}'
    headers:
      cache-control:
      - no-cache
      content-length:
      - '637'
      content-type:
      - application/json; charset=utf-8
      date:
      - Thu, 28 Jan 2021 07:14:55 GMT
      elapsed-time:
      - '467'
      etag:
      - W/"datetime'2021-01-28T07%3A11%3A22.4303629Z'"
      expires:
      - '-1'
      pragma:
      - no-cache
      request-id:
      - 02b37aa0-6138-11eb-b912-c8348e613252
      strict-transport-security:
      - max-age=31536000; includeSubDomains
      transfer-encoding:
      - chunked
      vary:
      - Accept-Encoding,Accept-Encoding
      x-content-type-options:
      - nosniff
    status:
      code: 200
      message: OK
- request:
    body: null
    headers:
      Accept:
      - '*/*'
      Accept-Encoding:
      - gzip, deflate
      CommandName:
      - search service create
      Connection:
      - keep-alive
      ParameterSetName:
      - -n -g --sku
      User-Agent:
      - AZURECLI/2.18.0 azsdk-python-mgmt-search/8.0.0 Python/3.8.6 (Windows-10-10.0.19041-SP0)
    method: GET
    uri: https://management.azure.com/subscriptions/00000000-0000-0000-0000-000000000000/resourceGroups/azure_search_cli_test000001/providers/Microsoft.Search/searchServices/test000002?api-version=2020-08-01
  response:
    body:
      string: '{"id":"/subscriptions/00000000-0000-0000-0000-000000000000/resourceGroups/azure_search_cli_test000001/providers/Microsoft.Search/searchServices/test000002","name":"test000002","type":"Microsoft.Search/searchServices","location":"West
        US","properties":{"replicaCount":1,"partitionCount":1,"status":"provisioning","statusDetails":"","provisioningState":"provisioning","hostingMode":"default","publicNetworkAccess":"Enabled","networkRuleSet":{"ipRules":[],"bypass":"None"},"privateEndpointConnections":[],"sharedPrivateLinkResources":[]},"sku":{"name":"standard"}}'
    headers:
      cache-control:
      - no-cache
      content-length:
      - '637'
      content-type:
      - application/json; charset=utf-8
      date:
      - Thu, 28 Jan 2021 07:15:25 GMT
      elapsed-time:
      - '242'
      etag:
      - W/"datetime'2021-01-28T07%3A11%3A22.4303629Z'"
      expires:
      - '-1'
      pragma:
      - no-cache
      request-id:
      - 02b37aa0-6138-11eb-b912-c8348e613252
      strict-transport-security:
      - max-age=31536000; includeSubDomains
      transfer-encoding:
      - chunked
      vary:
      - Accept-Encoding,Accept-Encoding
      x-content-type-options:
      - nosniff
    status:
      code: 200
      message: OK
- request:
    body: null
    headers:
      Accept:
      - '*/*'
      Accept-Encoding:
      - gzip, deflate
      CommandName:
      - search service create
      Connection:
      - keep-alive
      ParameterSetName:
      - -n -g --sku
      User-Agent:
      - AZURECLI/2.18.0 azsdk-python-mgmt-search/8.0.0 Python/3.8.6 (Windows-10-10.0.19041-SP0)
    method: GET
    uri: https://management.azure.com/subscriptions/00000000-0000-0000-0000-000000000000/resourceGroups/azure_search_cli_test000001/providers/Microsoft.Search/searchServices/test000002?api-version=2020-08-01
  response:
    body:
      string: '{"id":"/subscriptions/00000000-0000-0000-0000-000000000000/resourceGroups/azure_search_cli_test000001/providers/Microsoft.Search/searchServices/test000002","name":"test000002","type":"Microsoft.Search/searchServices","location":"West
        US","properties":{"replicaCount":1,"partitionCount":1,"status":"provisioning","statusDetails":"","provisioningState":"provisioning","hostingMode":"default","publicNetworkAccess":"Enabled","networkRuleSet":{"ipRules":[],"bypass":"None"},"privateEndpointConnections":[],"sharedPrivateLinkResources":[]},"sku":{"name":"standard"}}'
    headers:
      cache-control:
      - no-cache
      content-length:
      - '637'
      content-type:
      - application/json; charset=utf-8
      date:
      - Thu, 28 Jan 2021 07:15:56 GMT
      elapsed-time:
      - '573'
      etag:
      - W/"datetime'2021-01-28T07%3A11%3A22.4303629Z'"
      expires:
      - '-1'
      pragma:
      - no-cache
      request-id:
      - 02b37aa0-6138-11eb-b912-c8348e613252
      strict-transport-security:
      - max-age=31536000; includeSubDomains
      transfer-encoding:
      - chunked
      vary:
      - Accept-Encoding,Accept-Encoding
      x-content-type-options:
      - nosniff
    status:
      code: 200
      message: OK
- request:
    body: null
    headers:
      Accept:
      - '*/*'
      Accept-Encoding:
      - gzip, deflate
      CommandName:
      - search service create
      Connection:
      - keep-alive
      ParameterSetName:
      - -n -g --sku
      User-Agent:
      - AZURECLI/2.18.0 azsdk-python-mgmt-search/8.0.0 Python/3.8.6 (Windows-10-10.0.19041-SP0)
    method: GET
    uri: https://management.azure.com/subscriptions/00000000-0000-0000-0000-000000000000/resourceGroups/azure_search_cli_test000001/providers/Microsoft.Search/searchServices/test000002?api-version=2020-08-01
  response:
    body:
      string: '{"id":"/subscriptions/00000000-0000-0000-0000-000000000000/resourceGroups/azure_search_cli_test000001/providers/Microsoft.Search/searchServices/test000002","name":"test000002","type":"Microsoft.Search/searchServices","location":"West
        US","properties":{"replicaCount":1,"partitionCount":1,"status":"provisioning","statusDetails":"","provisioningState":"provisioning","hostingMode":"default","publicNetworkAccess":"Enabled","networkRuleSet":{"ipRules":[],"bypass":"None"},"privateEndpointConnections":[],"sharedPrivateLinkResources":[]},"sku":{"name":"standard"}}'
    headers:
      cache-control:
      - no-cache
      content-length:
      - '637'
      content-type:
      - application/json; charset=utf-8
      date:
      - Thu, 28 Jan 2021 07:16:26 GMT
      elapsed-time:
      - '183'
      etag:
      - W/"datetime'2021-01-28T07%3A11%3A22.4303629Z'"
      expires:
      - '-1'
      pragma:
      - no-cache
      request-id:
      - 02b37aa0-6138-11eb-b912-c8348e613252
      strict-transport-security:
      - max-age=31536000; includeSubDomains
      transfer-encoding:
      - chunked
      vary:
      - Accept-Encoding,Accept-Encoding
      x-content-type-options:
      - nosniff
    status:
      code: 200
      message: OK
- request:
    body: null
    headers:
      Accept:
      - '*/*'
      Accept-Encoding:
      - gzip, deflate
      CommandName:
      - search service create
      Connection:
      - keep-alive
      ParameterSetName:
      - -n -g --sku
      User-Agent:
      - AZURECLI/2.18.0 azsdk-python-mgmt-search/8.0.0 Python/3.8.6 (Windows-10-10.0.19041-SP0)
    method: GET
    uri: https://management.azure.com/subscriptions/00000000-0000-0000-0000-000000000000/resourceGroups/azure_search_cli_test000001/providers/Microsoft.Search/searchServices/test000002?api-version=2020-08-01
  response:
    body:
      string: '{"id":"/subscriptions/00000000-0000-0000-0000-000000000000/resourceGroups/azure_search_cli_test000001/providers/Microsoft.Search/searchServices/test000002","name":"test000002","type":"Microsoft.Search/searchServices","location":"West
        US","properties":{"replicaCount":1,"partitionCount":1,"status":"provisioning","statusDetails":"","provisioningState":"provisioning","hostingMode":"default","publicNetworkAccess":"Enabled","networkRuleSet":{"ipRules":[],"bypass":"None"},"privateEndpointConnections":[],"sharedPrivateLinkResources":[]},"sku":{"name":"standard"}}'
    headers:
      cache-control:
      - no-cache
      content-length:
      - '637'
      content-type:
      - application/json; charset=utf-8
      date:
      - Thu, 28 Jan 2021 07:16:56 GMT
      elapsed-time:
      - '198'
      etag:
      - W/"datetime'2021-01-28T07%3A11%3A22.4303629Z'"
      expires:
      - '-1'
      pragma:
      - no-cache
      request-id:
      - 02b37aa0-6138-11eb-b912-c8348e613252
      strict-transport-security:
      - max-age=31536000; includeSubDomains
      transfer-encoding:
      - chunked
      vary:
      - Accept-Encoding,Accept-Encoding
      x-content-type-options:
      - nosniff
    status:
      code: 200
      message: OK
- request:
    body: null
    headers:
      Accept:
      - '*/*'
      Accept-Encoding:
      - gzip, deflate
      CommandName:
      - search service create
      Connection:
      - keep-alive
      ParameterSetName:
      - -n -g --sku
      User-Agent:
      - AZURECLI/2.18.0 azsdk-python-mgmt-search/8.0.0 Python/3.8.6 (Windows-10-10.0.19041-SP0)
    method: GET
    uri: https://management.azure.com/subscriptions/00000000-0000-0000-0000-000000000000/resourceGroups/azure_search_cli_test000001/providers/Microsoft.Search/searchServices/test000002?api-version=2020-08-01
  response:
    body:
      string: '{"id":"/subscriptions/00000000-0000-0000-0000-000000000000/resourceGroups/azure_search_cli_test000001/providers/Microsoft.Search/searchServices/test000002","name":"test000002","type":"Microsoft.Search/searchServices","location":"West
        US","properties":{"replicaCount":1,"partitionCount":1,"status":"provisioning","statusDetails":"","provisioningState":"provisioning","hostingMode":"default","publicNetworkAccess":"Enabled","networkRuleSet":{"ipRules":[],"bypass":"None"},"privateEndpointConnections":[],"sharedPrivateLinkResources":[]},"sku":{"name":"standard"}}'
    headers:
      cache-control:
      - no-cache
      content-length:
      - '637'
      content-type:
      - application/json; charset=utf-8
      date:
      - Thu, 28 Jan 2021 07:17:26 GMT
      elapsed-time:
      - '236'
      etag:
      - W/"datetime'2021-01-28T07%3A11%3A22.4303629Z'"
      expires:
      - '-1'
      pragma:
      - no-cache
      request-id:
      - 02b37aa0-6138-11eb-b912-c8348e613252
      strict-transport-security:
      - max-age=31536000; includeSubDomains
      transfer-encoding:
      - chunked
      vary:
      - Accept-Encoding,Accept-Encoding
      x-content-type-options:
      - nosniff
    status:
      code: 200
      message: OK
- request:
    body: null
    headers:
      Accept:
      - '*/*'
      Accept-Encoding:
      - gzip, deflate
      CommandName:
      - search service create
      Connection:
      - keep-alive
      ParameterSetName:
      - -n -g --sku
      User-Agent:
      - AZURECLI/2.18.0 azsdk-python-mgmt-search/8.0.0 Python/3.8.6 (Windows-10-10.0.19041-SP0)
    method: GET
    uri: https://management.azure.com/subscriptions/00000000-0000-0000-0000-000000000000/resourceGroups/azure_search_cli_test000001/providers/Microsoft.Search/searchServices/test000002?api-version=2020-08-01
  response:
    body:
      string: '{"id":"/subscriptions/00000000-0000-0000-0000-000000000000/resourceGroups/azure_search_cli_test000001/providers/Microsoft.Search/searchServices/test000002","name":"test000002","type":"Microsoft.Search/searchServices","location":"West
        US","properties":{"replicaCount":1,"partitionCount":1,"status":"provisioning","statusDetails":"","provisioningState":"provisioning","hostingMode":"default","publicNetworkAccess":"Enabled","networkRuleSet":{"ipRules":[],"bypass":"None"},"privateEndpointConnections":[],"sharedPrivateLinkResources":[]},"sku":{"name":"standard"}}'
    headers:
      cache-control:
      - no-cache
      content-length:
      - '637'
      content-type:
      - application/json; charset=utf-8
      date:
      - Thu, 28 Jan 2021 07:17:57 GMT
      elapsed-time:
      - '195'
      etag:
      - W/"datetime'2021-01-28T07%3A11%3A22.4303629Z'"
      expires:
      - '-1'
      pragma:
      - no-cache
      request-id:
      - 02b37aa0-6138-11eb-b912-c8348e613252
      strict-transport-security:
      - max-age=31536000; includeSubDomains
      transfer-encoding:
      - chunked
      vary:
      - Accept-Encoding,Accept-Encoding
      x-content-type-options:
      - nosniff
    status:
      code: 200
      message: OK
- request:
    body: null
    headers:
      Accept:
      - '*/*'
      Accept-Encoding:
      - gzip, deflate
      CommandName:
      - search service create
      Connection:
      - keep-alive
      ParameterSetName:
      - -n -g --sku
      User-Agent:
      - AZURECLI/2.18.0 azsdk-python-mgmt-search/8.0.0 Python/3.8.6 (Windows-10-10.0.19041-SP0)
    method: GET
    uri: https://management.azure.com/subscriptions/00000000-0000-0000-0000-000000000000/resourceGroups/azure_search_cli_test000001/providers/Microsoft.Search/searchServices/test000002?api-version=2020-08-01
  response:
    body:
      string: '{"id":"/subscriptions/00000000-0000-0000-0000-000000000000/resourceGroups/azure_search_cli_test000001/providers/Microsoft.Search/searchServices/test000002","name":"test000002","type":"Microsoft.Search/searchServices","location":"West
        US","properties":{"replicaCount":1,"partitionCount":1,"status":"provisioning","statusDetails":"","provisioningState":"provisioning","hostingMode":"default","publicNetworkAccess":"Enabled","networkRuleSet":{"ipRules":[],"bypass":"None"},"privateEndpointConnections":[],"sharedPrivateLinkResources":[]},"sku":{"name":"standard"}}'
    headers:
      cache-control:
      - no-cache
      content-length:
      - '637'
      content-type:
      - application/json; charset=utf-8
      date:
      - Thu, 28 Jan 2021 07:18:27 GMT
      elapsed-time:
      - '187'
      etag:
      - W/"datetime'2021-01-28T07%3A11%3A22.4303629Z'"
      expires:
      - '-1'
      pragma:
      - no-cache
      request-id:
      - 02b37aa0-6138-11eb-b912-c8348e613252
      strict-transport-security:
      - max-age=31536000; includeSubDomains
      transfer-encoding:
      - chunked
      vary:
      - Accept-Encoding,Accept-Encoding
      x-content-type-options:
      - nosniff
    status:
      code: 200
      message: OK
- request:
    body: null
    headers:
      Accept:
      - '*/*'
      Accept-Encoding:
      - gzip, deflate
      CommandName:
      - search service create
      Connection:
      - keep-alive
      ParameterSetName:
      - -n -g --sku
      User-Agent:
      - AZURECLI/2.18.0 azsdk-python-mgmt-search/8.0.0 Python/3.8.6 (Windows-10-10.0.19041-SP0)
    method: GET
    uri: https://management.azure.com/subscriptions/00000000-0000-0000-0000-000000000000/resourceGroups/azure_search_cli_test000001/providers/Microsoft.Search/searchServices/test000002?api-version=2020-08-01
  response:
    body:
      string: '{"id":"/subscriptions/00000000-0000-0000-0000-000000000000/resourceGroups/azure_search_cli_test000001/providers/Microsoft.Search/searchServices/test000002","name":"test000002","type":"Microsoft.Search/searchServices","location":"West
        US","properties":{"replicaCount":1,"partitionCount":1,"status":"provisioning","statusDetails":"","provisioningState":"provisioning","hostingMode":"default","publicNetworkAccess":"Enabled","networkRuleSet":{"ipRules":[],"bypass":"None"},"privateEndpointConnections":[],"sharedPrivateLinkResources":[]},"sku":{"name":"standard"}}'
    headers:
      cache-control:
      - no-cache
      content-length:
      - '637'
      content-type:
      - application/json; charset=utf-8
      date:
      - Thu, 28 Jan 2021 07:18:57 GMT
      elapsed-time:
      - '217'
      etag:
      - W/"datetime'2021-01-28T07%3A11%3A22.4303629Z'"
      expires:
      - '-1'
      pragma:
      - no-cache
      request-id:
      - 02b37aa0-6138-11eb-b912-c8348e613252
      strict-transport-security:
      - max-age=31536000; includeSubDomains
      transfer-encoding:
      - chunked
      vary:
      - Accept-Encoding,Accept-Encoding
      x-content-type-options:
      - nosniff
    status:
      code: 200
      message: OK
- request:
    body: null
    headers:
      Accept:
      - '*/*'
      Accept-Encoding:
      - gzip, deflate
      CommandName:
      - search service create
      Connection:
      - keep-alive
      ParameterSetName:
      - -n -g --sku
      User-Agent:
      - AZURECLI/2.18.0 azsdk-python-mgmt-search/8.0.0 Python/3.8.6 (Windows-10-10.0.19041-SP0)
    method: GET
    uri: https://management.azure.com/subscriptions/00000000-0000-0000-0000-000000000000/resourceGroups/azure_search_cli_test000001/providers/Microsoft.Search/searchServices/test000002?api-version=2020-08-01
  response:
    body:
      string: '{"id":"/subscriptions/00000000-0000-0000-0000-000000000000/resourceGroups/azure_search_cli_test000001/providers/Microsoft.Search/searchServices/test000002","name":"test000002","type":"Microsoft.Search/searchServices","location":"West
        US","properties":{"replicaCount":1,"partitionCount":1,"status":"provisioning","statusDetails":"","provisioningState":"provisioning","hostingMode":"default","publicNetworkAccess":"Enabled","networkRuleSet":{"ipRules":[],"bypass":"None"},"privateEndpointConnections":[],"sharedPrivateLinkResources":[]},"sku":{"name":"standard"}}'
    headers:
      cache-control:
      - no-cache
      content-length:
      - '637'
      content-type:
      - application/json; charset=utf-8
      date:
      - Thu, 28 Jan 2021 07:19:28 GMT
      elapsed-time:
      - '175'
      etag:
      - W/"datetime'2021-01-28T07%3A11%3A22.4303629Z'"
      expires:
      - '-1'
      pragma:
      - no-cache
      request-id:
      - 02b37aa0-6138-11eb-b912-c8348e613252
      strict-transport-security:
      - max-age=31536000; includeSubDomains
      transfer-encoding:
      - chunked
      vary:
      - Accept-Encoding,Accept-Encoding
      x-content-type-options:
      - nosniff
    status:
      code: 200
      message: OK
- request:
    body: null
    headers:
      Accept:
      - '*/*'
      Accept-Encoding:
      - gzip, deflate
      CommandName:
      - search service create
      Connection:
      - keep-alive
      ParameterSetName:
      - -n -g --sku
      User-Agent:
      - AZURECLI/2.18.0 azsdk-python-mgmt-search/8.0.0 Python/3.8.6 (Windows-10-10.0.19041-SP0)
    method: GET
    uri: https://management.azure.com/subscriptions/00000000-0000-0000-0000-000000000000/resourceGroups/azure_search_cli_test000001/providers/Microsoft.Search/searchServices/test000002?api-version=2020-08-01
  response:
    body:
      string: '{"id":"/subscriptions/00000000-0000-0000-0000-000000000000/resourceGroups/azure_search_cli_test000001/providers/Microsoft.Search/searchServices/test000002","name":"test000002","type":"Microsoft.Search/searchServices","location":"West
        US","properties":{"replicaCount":1,"partitionCount":1,"status":"provisioning","statusDetails":"","provisioningState":"provisioning","hostingMode":"default","publicNetworkAccess":"Enabled","networkRuleSet":{"ipRules":[],"bypass":"None"},"privateEndpointConnections":[],"sharedPrivateLinkResources":[]},"sku":{"name":"standard"}}'
    headers:
      cache-control:
      - no-cache
      content-length:
      - '637'
      content-type:
      - application/json; charset=utf-8
      date:
      - Thu, 28 Jan 2021 07:19:58 GMT
      elapsed-time:
      - '165'
      etag:
      - W/"datetime'2021-01-28T07%3A11%3A22.4303629Z'"
      expires:
      - '-1'
      pragma:
      - no-cache
      request-id:
      - 02b37aa0-6138-11eb-b912-c8348e613252
      strict-transport-security:
      - max-age=31536000; includeSubDomains
      transfer-encoding:
      - chunked
      vary:
      - Accept-Encoding,Accept-Encoding
      x-content-type-options:
      - nosniff
    status:
      code: 200
      message: OK
- request:
    body: null
    headers:
      Accept:
      - '*/*'
      Accept-Encoding:
      - gzip, deflate
      CommandName:
      - search service create
      Connection:
      - keep-alive
      ParameterSetName:
      - -n -g --sku
      User-Agent:
      - AZURECLI/2.18.0 azsdk-python-mgmt-search/8.0.0 Python/3.8.6 (Windows-10-10.0.19041-SP0)
    method: GET
    uri: https://management.azure.com/subscriptions/00000000-0000-0000-0000-000000000000/resourceGroups/azure_search_cli_test000001/providers/Microsoft.Search/searchServices/test000002?api-version=2020-08-01
  response:
    body:
      string: '{"id":"/subscriptions/00000000-0000-0000-0000-000000000000/resourceGroups/azure_search_cli_test000001/providers/Microsoft.Search/searchServices/test000002","name":"test000002","type":"Microsoft.Search/searchServices","location":"West
        US","properties":{"replicaCount":1,"partitionCount":1,"status":"provisioning","statusDetails":"","provisioningState":"provisioning","hostingMode":"default","publicNetworkAccess":"Enabled","networkRuleSet":{"ipRules":[],"bypass":"None"},"privateEndpointConnections":[],"sharedPrivateLinkResources":[]},"sku":{"name":"standard"}}'
    headers:
      cache-control:
      - no-cache
      content-length:
      - '637'
      content-type:
      - application/json; charset=utf-8
      date:
      - Thu, 28 Jan 2021 07:20:28 GMT
      elapsed-time:
      - '169'
      etag:
      - W/"datetime'2021-01-28T07%3A11%3A22.4303629Z'"
      expires:
      - '-1'
      pragma:
      - no-cache
      request-id:
      - 02b37aa0-6138-11eb-b912-c8348e613252
      strict-transport-security:
      - max-age=31536000; includeSubDomains
      transfer-encoding:
      - chunked
      vary:
      - Accept-Encoding,Accept-Encoding
      x-content-type-options:
      - nosniff
    status:
      code: 200
      message: OK
- request:
    body: null
    headers:
      Accept:
      - '*/*'
      Accept-Encoding:
      - gzip, deflate
      CommandName:
      - search service create
      Connection:
      - keep-alive
      ParameterSetName:
      - -n -g --sku
      User-Agent:
      - AZURECLI/2.18.0 azsdk-python-mgmt-search/8.0.0 Python/3.8.6 (Windows-10-10.0.19041-SP0)
    method: GET
    uri: https://management.azure.com/subscriptions/00000000-0000-0000-0000-000000000000/resourceGroups/azure_search_cli_test000001/providers/Microsoft.Search/searchServices/test000002?api-version=2020-08-01
  response:
    body:
      string: '{"id":"/subscriptions/00000000-0000-0000-0000-000000000000/resourceGroups/azure_search_cli_test000001/providers/Microsoft.Search/searchServices/test000002","name":"test000002","type":"Microsoft.Search/searchServices","location":"West
        US","properties":{"replicaCount":1,"partitionCount":1,"status":"provisioning","statusDetails":"","provisioningState":"provisioning","hostingMode":"default","publicNetworkAccess":"Enabled","networkRuleSet":{"ipRules":[],"bypass":"None"},"privateEndpointConnections":[],"sharedPrivateLinkResources":[]},"sku":{"name":"standard"}}'
    headers:
      cache-control:
      - no-cache
      content-length:
      - '637'
      content-type:
      - application/json; charset=utf-8
      date:
      - Thu, 28 Jan 2021 07:20:59 GMT
      elapsed-time:
      - '184'
      etag:
      - W/"datetime'2021-01-28T07%3A11%3A22.4303629Z'"
      expires:
      - '-1'
      pragma:
      - no-cache
      request-id:
      - 02b37aa0-6138-11eb-b912-c8348e613252
      strict-transport-security:
      - max-age=31536000; includeSubDomains
      transfer-encoding:
      - chunked
      vary:
      - Accept-Encoding,Accept-Encoding
      x-content-type-options:
      - nosniff
    status:
      code: 200
      message: OK
- request:
    body: null
    headers:
      Accept:
      - '*/*'
      Accept-Encoding:
      - gzip, deflate
      CommandName:
      - search service create
      Connection:
      - keep-alive
      ParameterSetName:
      - -n -g --sku
      User-Agent:
      - AZURECLI/2.18.0 azsdk-python-mgmt-search/8.0.0 Python/3.8.6 (Windows-10-10.0.19041-SP0)
    method: GET
    uri: https://management.azure.com/subscriptions/00000000-0000-0000-0000-000000000000/resourceGroups/azure_search_cli_test000001/providers/Microsoft.Search/searchServices/test000002?api-version=2020-08-01
  response:
    body:
      string: '{"id":"/subscriptions/00000000-0000-0000-0000-000000000000/resourceGroups/azure_search_cli_test000001/providers/Microsoft.Search/searchServices/test000002","name":"test000002","type":"Microsoft.Search/searchServices","location":"West
        US","properties":{"replicaCount":1,"partitionCount":1,"status":"provisioning","statusDetails":"","provisioningState":"provisioning","hostingMode":"default","publicNetworkAccess":"Enabled","networkRuleSet":{"ipRules":[],"bypass":"None"},"privateEndpointConnections":[],"sharedPrivateLinkResources":[]},"sku":{"name":"standard"}}'
    headers:
      cache-control:
      - no-cache
      content-length:
      - '637'
      content-type:
      - application/json; charset=utf-8
      date:
      - Thu, 28 Jan 2021 07:21:29 GMT
      elapsed-time:
      - '177'
      etag:
      - W/"datetime'2021-01-28T07%3A11%3A22.4303629Z'"
      expires:
      - '-1'
      pragma:
      - no-cache
      request-id:
      - 02b37aa0-6138-11eb-b912-c8348e613252
      strict-transport-security:
      - max-age=31536000; includeSubDomains
      transfer-encoding:
      - chunked
      vary:
      - Accept-Encoding,Accept-Encoding
      x-content-type-options:
      - nosniff
    status:
      code: 200
      message: OK
- request:
    body: null
    headers:
      Accept:
      - '*/*'
      Accept-Encoding:
      - gzip, deflate
      CommandName:
      - search service create
      Connection:
      - keep-alive
      ParameterSetName:
      - -n -g --sku
      User-Agent:
      - AZURECLI/2.18.0 azsdk-python-mgmt-search/8.0.0 Python/3.8.6 (Windows-10-10.0.19041-SP0)
    method: GET
    uri: https://management.azure.com/subscriptions/00000000-0000-0000-0000-000000000000/resourceGroups/azure_search_cli_test000001/providers/Microsoft.Search/searchServices/test000002?api-version=2020-08-01
  response:
    body:
      string: '{"id":"/subscriptions/00000000-0000-0000-0000-000000000000/resourceGroups/azure_search_cli_test000001/providers/Microsoft.Search/searchServices/test000002","name":"test000002","type":"Microsoft.Search/searchServices","location":"West
        US","properties":{"replicaCount":1,"partitionCount":1,"status":"provisioning","statusDetails":"","provisioningState":"provisioning","hostingMode":"default","publicNetworkAccess":"Enabled","networkRuleSet":{"ipRules":[],"bypass":"None"},"privateEndpointConnections":[],"sharedPrivateLinkResources":[]},"sku":{"name":"standard"}}'
    headers:
      cache-control:
      - no-cache
      content-length:
      - '637'
      content-type:
      - application/json; charset=utf-8
      date:
      - Thu, 28 Jan 2021 07:21:59 GMT
      elapsed-time:
      - '160'
      etag:
      - W/"datetime'2021-01-28T07%3A11%3A22.4303629Z'"
      expires:
      - '-1'
      pragma:
      - no-cache
      request-id:
      - 02b37aa0-6138-11eb-b912-c8348e613252
      strict-transport-security:
      - max-age=31536000; includeSubDomains
      transfer-encoding:
      - chunked
      vary:
      - Accept-Encoding,Accept-Encoding
      x-content-type-options:
      - nosniff
    status:
      code: 200
      message: OK
- request:
    body: null
    headers:
      Accept:
      - '*/*'
      Accept-Encoding:
      - gzip, deflate
      CommandName:
      - search service create
      Connection:
      - keep-alive
      ParameterSetName:
      - -n -g --sku
      User-Agent:
      - AZURECLI/2.18.0 azsdk-python-mgmt-search/8.0.0 Python/3.8.6 (Windows-10-10.0.19041-SP0)
    method: GET
    uri: https://management.azure.com/subscriptions/00000000-0000-0000-0000-000000000000/resourceGroups/azure_search_cli_test000001/providers/Microsoft.Search/searchServices/test000002?api-version=2020-08-01
  response:
    body:
      string: '{"id":"/subscriptions/00000000-0000-0000-0000-000000000000/resourceGroups/azure_search_cli_test000001/providers/Microsoft.Search/searchServices/test000002","name":"test000002","type":"Microsoft.Search/searchServices","location":"West
        US","properties":{"replicaCount":1,"partitionCount":1,"status":"provisioning","statusDetails":"","provisioningState":"provisioning","hostingMode":"default","publicNetworkAccess":"Enabled","networkRuleSet":{"ipRules":[],"bypass":"None"},"privateEndpointConnections":[],"sharedPrivateLinkResources":[]},"sku":{"name":"standard"}}'
    headers:
      cache-control:
      - no-cache
      content-length:
      - '637'
      content-type:
      - application/json; charset=utf-8
      date:
      - Thu, 28 Jan 2021 07:22:30 GMT
      elapsed-time:
      - '172'
      etag:
      - W/"datetime'2021-01-28T07%3A11%3A22.4303629Z'"
      expires:
      - '-1'
      pragma:
      - no-cache
      request-id:
      - 02b37aa0-6138-11eb-b912-c8348e613252
      strict-transport-security:
      - max-age=31536000; includeSubDomains
      transfer-encoding:
      - chunked
      vary:
      - Accept-Encoding,Accept-Encoding
      x-content-type-options:
      - nosniff
    status:
      code: 200
      message: OK
- request:
    body: null
    headers:
      Accept:
      - '*/*'
      Accept-Encoding:
      - gzip, deflate
      CommandName:
      - search service create
      Connection:
      - keep-alive
      ParameterSetName:
      - -n -g --sku
      User-Agent:
      - AZURECLI/2.18.0 azsdk-python-mgmt-search/8.0.0 Python/3.8.6 (Windows-10-10.0.19041-SP0)
    method: GET
    uri: https://management.azure.com/subscriptions/00000000-0000-0000-0000-000000000000/resourceGroups/azure_search_cli_test000001/providers/Microsoft.Search/searchServices/test000002?api-version=2020-08-01
  response:
    body:
      string: '{"id":"/subscriptions/00000000-0000-0000-0000-000000000000/resourceGroups/azure_search_cli_test000001/providers/Microsoft.Search/searchServices/test000002","name":"test000002","type":"Microsoft.Search/searchServices","location":"West
        US","properties":{"replicaCount":1,"partitionCount":1,"status":"provisioning","statusDetails":"","provisioningState":"provisioning","hostingMode":"default","publicNetworkAccess":"Enabled","networkRuleSet":{"ipRules":[],"bypass":"None"},"privateEndpointConnections":[],"sharedPrivateLinkResources":[]},"sku":{"name":"standard"}}'
    headers:
      cache-control:
      - no-cache
      content-length:
      - '637'
      content-type:
      - application/json; charset=utf-8
      date:
      - Thu, 28 Jan 2021 07:23:13 GMT
      elapsed-time:
      - '1447'
      etag:
      - W/"datetime'2021-01-28T07%3A11%3A22.4303629Z'"
      expires:
      - '-1'
      pragma:
      - no-cache
      request-id:
      - 02b37aa0-6138-11eb-b912-c8348e613252
      strict-transport-security:
      - max-age=31536000; includeSubDomains
      transfer-encoding:
      - chunked
      vary:
      - Accept-Encoding,Accept-Encoding
      x-content-type-options:
      - nosniff
    status:
      code: 200
      message: OK
- request:
    body: null
    headers:
      Accept:
      - '*/*'
      Accept-Encoding:
      - gzip, deflate
      CommandName:
      - search service create
      Connection:
      - keep-alive
      ParameterSetName:
      - -n -g --sku
      User-Agent:
      - AZURECLI/2.18.0 azsdk-python-mgmt-search/8.0.0 Python/3.8.6 (Windows-10-10.0.19041-SP0)
    method: GET
    uri: https://management.azure.com/subscriptions/00000000-0000-0000-0000-000000000000/resourceGroups/azure_search_cli_test000001/providers/Microsoft.Search/searchServices/test000002?api-version=2020-08-01
  response:
    body:
      string: '{"id":"/subscriptions/00000000-0000-0000-0000-000000000000/resourceGroups/azure_search_cli_test000001/providers/Microsoft.Search/searchServices/test000002","name":"test000002","type":"Microsoft.Search/searchServices","location":"West
        US","properties":{"replicaCount":1,"partitionCount":1,"status":"provisioning","statusDetails":"","provisioningState":"provisioning","hostingMode":"default","publicNetworkAccess":"Enabled","networkRuleSet":{"ipRules":[],"bypass":"None"},"privateEndpointConnections":[],"sharedPrivateLinkResources":[]},"sku":{"name":"standard"}}'
    headers:
      cache-control:
      - no-cache
      content-length:
      - '637'
      content-type:
      - application/json; charset=utf-8
      date:
      - Thu, 28 Jan 2021 07:23:43 GMT
      elapsed-time:
      - '185'
      etag:
      - W/"datetime'2021-01-28T07%3A11%3A22.4303629Z'"
      expires:
      - '-1'
      pragma:
      - no-cache
      request-id:
      - 02b37aa0-6138-11eb-b912-c8348e613252
      strict-transport-security:
      - max-age=31536000; includeSubDomains
      transfer-encoding:
      - chunked
      vary:
      - Accept-Encoding,Accept-Encoding
      x-content-type-options:
      - nosniff
    status:
      code: 200
      message: OK
- request:
    body: null
    headers:
      Accept:
      - '*/*'
      Accept-Encoding:
      - gzip, deflate
      CommandName:
      - search service create
      Connection:
      - keep-alive
      ParameterSetName:
      - -n -g --sku
      User-Agent:
      - AZURECLI/2.18.0 azsdk-python-mgmt-search/8.0.0 Python/3.8.6 (Windows-10-10.0.19041-SP0)
    method: GET
    uri: https://management.azure.com/subscriptions/00000000-0000-0000-0000-000000000000/resourceGroups/azure_search_cli_test000001/providers/Microsoft.Search/searchServices/test000002?api-version=2020-08-01
  response:
    body:
      string: '{"id":"/subscriptions/00000000-0000-0000-0000-000000000000/resourceGroups/azure_search_cli_test000001/providers/Microsoft.Search/searchServices/test000002","name":"test000002","type":"Microsoft.Search/searchServices","location":"West
        US","properties":{"replicaCount":1,"partitionCount":1,"status":"provisioning","statusDetails":"","provisioningState":"provisioning","hostingMode":"default","publicNetworkAccess":"Enabled","networkRuleSet":{"ipRules":[],"bypass":"None"},"privateEndpointConnections":[],"sharedPrivateLinkResources":[]},"sku":{"name":"standard"}}'
    headers:
      cache-control:
      - no-cache
      content-length:
      - '637'
      content-type:
      - application/json; charset=utf-8
      date:
      - Thu, 28 Jan 2021 07:24:14 GMT
      elapsed-time:
      - '189'
      etag:
      - W/"datetime'2021-01-28T07%3A11%3A22.4303629Z'"
      expires:
      - '-1'
      pragma:
      - no-cache
      request-id:
      - 02b37aa0-6138-11eb-b912-c8348e613252
      strict-transport-security:
      - max-age=31536000; includeSubDomains
      transfer-encoding:
      - chunked
      vary:
      - Accept-Encoding,Accept-Encoding
      x-content-type-options:
      - nosniff
    status:
      code: 200
      message: OK
- request:
    body: null
    headers:
      Accept:
      - '*/*'
      Accept-Encoding:
      - gzip, deflate
      CommandName:
      - search service create
      Connection:
      - keep-alive
      ParameterSetName:
      - -n -g --sku
      User-Agent:
      - AZURECLI/2.18.0 azsdk-python-mgmt-search/8.0.0 Python/3.8.6 (Windows-10-10.0.19041-SP0)
    method: GET
    uri: https://management.azure.com/subscriptions/00000000-0000-0000-0000-000000000000/resourceGroups/azure_search_cli_test000001/providers/Microsoft.Search/searchServices/test000002?api-version=2020-08-01
  response:
    body:
      string: '{"id":"/subscriptions/00000000-0000-0000-0000-000000000000/resourceGroups/azure_search_cli_test000001/providers/Microsoft.Search/searchServices/test000002","name":"test000002","type":"Microsoft.Search/searchServices","location":"West
        US","properties":{"replicaCount":1,"partitionCount":1,"status":"provisioning","statusDetails":"","provisioningState":"provisioning","hostingMode":"default","publicNetworkAccess":"Enabled","networkRuleSet":{"ipRules":[],"bypass":"None"},"privateEndpointConnections":[],"sharedPrivateLinkResources":[]},"sku":{"name":"standard"}}'
    headers:
      cache-control:
      - no-cache
      content-length:
      - '637'
      content-type:
      - application/json; charset=utf-8
      date:
      - Thu, 28 Jan 2021 07:24:50 GMT
      elapsed-time:
      - '1019'
      etag:
      - W/"datetime'2021-01-28T07%3A11%3A22.4303629Z'"
      expires:
      - '-1'
      pragma:
      - no-cache
      request-id:
      - 02b37aa0-6138-11eb-b912-c8348e613252
      strict-transport-security:
      - max-age=31536000; includeSubDomains
      transfer-encoding:
      - chunked
      vary:
      - Accept-Encoding,Accept-Encoding
      x-content-type-options:
      - nosniff
    status:
      code: 200
      message: OK
- request:
    body: null
    headers:
      Accept:
      - '*/*'
      Accept-Encoding:
      - gzip, deflate
      CommandName:
      - search service create
      Connection:
      - keep-alive
      ParameterSetName:
      - -n -g --sku
      User-Agent:
      - AZURECLI/2.18.0 azsdk-python-mgmt-search/8.0.0 Python/3.8.6 (Windows-10-10.0.19041-SP0)
    method: GET
    uri: https://management.azure.com/subscriptions/00000000-0000-0000-0000-000000000000/resourceGroups/azure_search_cli_test000001/providers/Microsoft.Search/searchServices/test000002?api-version=2020-08-01
  response:
    body:
      string: '{"id":"/subscriptions/00000000-0000-0000-0000-000000000000/resourceGroups/azure_search_cli_test000001/providers/Microsoft.Search/searchServices/test000002","name":"test000002","type":"Microsoft.Search/searchServices","location":"West
        US","properties":{"replicaCount":1,"partitionCount":1,"status":"provisioning","statusDetails":"","provisioningState":"provisioning","hostingMode":"default","publicNetworkAccess":"Enabled","networkRuleSet":{"ipRules":[],"bypass":"None"},"privateEndpointConnections":[],"sharedPrivateLinkResources":[]},"sku":{"name":"standard"}}'
    headers:
      cache-control:
      - no-cache
      content-length:
      - '637'
      content-type:
      - application/json; charset=utf-8
      date:
      - Thu, 28 Jan 2021 07:25:20 GMT
      elapsed-time:
      - '176'
      etag:
      - W/"datetime'2021-01-28T07%3A11%3A22.4303629Z'"
      expires:
      - '-1'
      pragma:
      - no-cache
      request-id:
      - 02b37aa0-6138-11eb-b912-c8348e613252
      strict-transport-security:
      - max-age=31536000; includeSubDomains
      transfer-encoding:
      - chunked
      vary:
      - Accept-Encoding,Accept-Encoding
      x-content-type-options:
      - nosniff
    status:
      code: 200
      message: OK
- request:
    body: null
    headers:
      Accept:
      - '*/*'
      Accept-Encoding:
      - gzip, deflate
      CommandName:
      - search service create
      Connection:
      - keep-alive
      ParameterSetName:
      - -n -g --sku
      User-Agent:
      - AZURECLI/2.18.0 azsdk-python-mgmt-search/8.0.0 Python/3.8.6 (Windows-10-10.0.19041-SP0)
    method: GET
    uri: https://management.azure.com/subscriptions/00000000-0000-0000-0000-000000000000/resourceGroups/azure_search_cli_test000001/providers/Microsoft.Search/searchServices/test000002?api-version=2020-08-01
  response:
    body:
      string: '{"id":"/subscriptions/00000000-0000-0000-0000-000000000000/resourceGroups/azure_search_cli_test000001/providers/Microsoft.Search/searchServices/test000002","name":"test000002","type":"Microsoft.Search/searchServices","location":"West
        US","properties":{"replicaCount":1,"partitionCount":1,"status":"provisioning","statusDetails":"","provisioningState":"provisioning","hostingMode":"default","publicNetworkAccess":"Enabled","networkRuleSet":{"ipRules":[],"bypass":"None"},"privateEndpointConnections":[],"sharedPrivateLinkResources":[]},"sku":{"name":"standard"}}'
    headers:
      cache-control:
      - no-cache
      content-length:
      - '637'
      content-type:
      - application/json; charset=utf-8
      date:
      - Thu, 28 Jan 2021 07:25:50 GMT
      elapsed-time:
      - '217'
      etag:
      - W/"datetime'2021-01-28T07%3A11%3A22.4303629Z'"
      expires:
      - '-1'
      pragma:
      - no-cache
      request-id:
      - 02b37aa0-6138-11eb-b912-c8348e613252
      strict-transport-security:
      - max-age=31536000; includeSubDomains
      transfer-encoding:
      - chunked
      vary:
      - Accept-Encoding,Accept-Encoding
      x-content-type-options:
      - nosniff
    status:
      code: 200
      message: OK
- request:
    body: null
    headers:
      Accept:
      - '*/*'
      Accept-Encoding:
      - gzip, deflate
      CommandName:
      - search service create
      Connection:
      - keep-alive
      ParameterSetName:
      - -n -g --sku
      User-Agent:
      - AZURECLI/2.18.0 azsdk-python-mgmt-search/8.0.0 Python/3.8.6 (Windows-10-10.0.19041-SP0)
    method: GET
    uri: https://management.azure.com/subscriptions/00000000-0000-0000-0000-000000000000/resourceGroups/azure_search_cli_test000001/providers/Microsoft.Search/searchServices/test000002?api-version=2020-08-01
  response:
    body:
      string: '{"id":"/subscriptions/00000000-0000-0000-0000-000000000000/resourceGroups/azure_search_cli_test000001/providers/Microsoft.Search/searchServices/test000002","name":"test000002","type":"Microsoft.Search/searchServices","location":"West
        US","properties":{"replicaCount":1,"partitionCount":1,"status":"provisioning","statusDetails":"","provisioningState":"provisioning","hostingMode":"default","publicNetworkAccess":"Enabled","networkRuleSet":{"ipRules":[],"bypass":"None"},"privateEndpointConnections":[],"sharedPrivateLinkResources":[]},"sku":{"name":"standard"}}'
    headers:
      cache-control:
      - no-cache
      content-length:
      - '637'
      content-type:
      - application/json; charset=utf-8
      date:
      - Thu, 28 Jan 2021 07:26:22 GMT
      elapsed-time:
      - '228'
      etag:
      - W/"datetime'2021-01-28T07%3A11%3A22.4303629Z'"
      expires:
      - '-1'
      pragma:
      - no-cache
      request-id:
      - 02b37aa0-6138-11eb-b912-c8348e613252
      strict-transport-security:
      - max-age=31536000; includeSubDomains
      transfer-encoding:
      - chunked
      vary:
      - Accept-Encoding,Accept-Encoding
      x-content-type-options:
      - nosniff
    status:
      code: 200
      message: OK
- request:
    body: null
    headers:
      Accept:
      - '*/*'
      Accept-Encoding:
      - gzip, deflate
      CommandName:
      - search service create
      Connection:
      - keep-alive
      ParameterSetName:
      - -n -g --sku
      User-Agent:
      - AZURECLI/2.18.0 azsdk-python-mgmt-search/8.0.0 Python/3.8.6 (Windows-10-10.0.19041-SP0)
    method: GET
    uri: https://management.azure.com/subscriptions/00000000-0000-0000-0000-000000000000/resourceGroups/azure_search_cli_test000001/providers/Microsoft.Search/searchServices/test000002?api-version=2020-08-01
  response:
    body:
      string: '{"id":"/subscriptions/00000000-0000-0000-0000-000000000000/resourceGroups/azure_search_cli_test000001/providers/Microsoft.Search/searchServices/test000002","name":"test000002","type":"Microsoft.Search/searchServices","location":"West
        US","properties":{"replicaCount":1,"partitionCount":1,"status":"provisioning","statusDetails":"","provisioningState":"provisioning","hostingMode":"default","publicNetworkAccess":"Enabled","networkRuleSet":{"ipRules":[],"bypass":"None"},"privateEndpointConnections":[],"sharedPrivateLinkResources":[]},"sku":{"name":"standard"}}'
    headers:
      cache-control:
      - no-cache
      content-length:
      - '637'
      content-type:
      - application/json; charset=utf-8
      date:
      - Thu, 28 Jan 2021 07:26:52 GMT
      elapsed-time:
      - '340'
      etag:
      - W/"datetime'2021-01-28T07%3A11%3A22.4303629Z'"
      expires:
      - '-1'
      pragma:
      - no-cache
      request-id:
      - 02b37aa0-6138-11eb-b912-c8348e613252
      strict-transport-security:
      - max-age=31536000; includeSubDomains
      transfer-encoding:
      - chunked
      vary:
      - Accept-Encoding,Accept-Encoding
      x-content-type-options:
      - nosniff
    status:
      code: 200
      message: OK
- request:
    body: null
    headers:
      Accept:
      - '*/*'
      Accept-Encoding:
      - gzip, deflate
      CommandName:
      - search service create
      Connection:
      - keep-alive
      ParameterSetName:
      - -n -g --sku
      User-Agent:
      - AZURECLI/2.18.0 azsdk-python-mgmt-search/8.0.0 Python/3.8.6 (Windows-10-10.0.19041-SP0)
    method: GET
    uri: https://management.azure.com/subscriptions/00000000-0000-0000-0000-000000000000/resourceGroups/azure_search_cli_test000001/providers/Microsoft.Search/searchServices/test000002?api-version=2020-08-01
  response:
    body:
      string: '{"id":"/subscriptions/00000000-0000-0000-0000-000000000000/resourceGroups/azure_search_cli_test000001/providers/Microsoft.Search/searchServices/test000002","name":"test000002","type":"Microsoft.Search/searchServices","location":"West
        US","properties":{"replicaCount":1,"partitionCount":1,"status":"provisioning","statusDetails":"","provisioningState":"provisioning","hostingMode":"default","publicNetworkAccess":"Enabled","networkRuleSet":{"ipRules":[],"bypass":"None"},"privateEndpointConnections":[],"sharedPrivateLinkResources":[]},"sku":{"name":"standard"}}'
    headers:
      cache-control:
      - no-cache
      content-length:
      - '637'
      content-type:
      - application/json; charset=utf-8
      date:
      - Thu, 28 Jan 2021 07:27:22 GMT
      elapsed-time:
      - '234'
      etag:
      - W/"datetime'2021-01-28T07%3A11%3A22.4303629Z'"
      expires:
      - '-1'
      pragma:
      - no-cache
      request-id:
      - 02b37aa0-6138-11eb-b912-c8348e613252
      strict-transport-security:
      - max-age=31536000; includeSubDomains
      transfer-encoding:
      - chunked
      vary:
      - Accept-Encoding,Accept-Encoding
      x-content-type-options:
      - nosniff
    status:
      code: 200
      message: OK
- request:
    body: null
    headers:
      Accept:
      - '*/*'
      Accept-Encoding:
      - gzip, deflate
      CommandName:
      - search service create
      Connection:
      - keep-alive
      ParameterSetName:
      - -n -g --sku
      User-Agent:
      - AZURECLI/2.18.0 azsdk-python-mgmt-search/8.0.0 Python/3.8.6 (Windows-10-10.0.19041-SP0)
    method: GET
    uri: https://management.azure.com/subscriptions/00000000-0000-0000-0000-000000000000/resourceGroups/azure_search_cli_test000001/providers/Microsoft.Search/searchServices/test000002?api-version=2020-08-01
  response:
    body:
      string: '{"id":"/subscriptions/00000000-0000-0000-0000-000000000000/resourceGroups/azure_search_cli_test000001/providers/Microsoft.Search/searchServices/test000002","name":"test000002","type":"Microsoft.Search/searchServices","location":"West
        US","properties":{"replicaCount":1,"partitionCount":1,"status":"provisioning","statusDetails":"","provisioningState":"provisioning","hostingMode":"default","publicNetworkAccess":"Enabled","networkRuleSet":{"ipRules":[],"bypass":"None"},"privateEndpointConnections":[],"sharedPrivateLinkResources":[]},"sku":{"name":"standard"}}'
    headers:
      cache-control:
      - no-cache
      content-length:
      - '637'
      content-type:
      - application/json; charset=utf-8
      date:
      - Thu, 28 Jan 2021 07:27:53 GMT
      elapsed-time:
      - '320'
      etag:
      - W/"datetime'2021-01-28T07%3A11%3A22.4303629Z'"
      expires:
      - '-1'
      pragma:
      - no-cache
      request-id:
      - 02b37aa0-6138-11eb-b912-c8348e613252
      strict-transport-security:
      - max-age=31536000; includeSubDomains
      transfer-encoding:
      - chunked
      vary:
      - Accept-Encoding,Accept-Encoding
      x-content-type-options:
      - nosniff
    status:
      code: 200
      message: OK
- request:
    body: null
    headers:
      Accept:
      - '*/*'
      Accept-Encoding:
      - gzip, deflate
      CommandName:
      - search service create
      Connection:
      - keep-alive
      ParameterSetName:
      - -n -g --sku
      User-Agent:
      - AZURECLI/2.18.0 azsdk-python-mgmt-search/8.0.0 Python/3.8.6 (Windows-10-10.0.19041-SP0)
    method: GET
    uri: https://management.azure.com/subscriptions/00000000-0000-0000-0000-000000000000/resourceGroups/azure_search_cli_test000001/providers/Microsoft.Search/searchServices/test000002?api-version=2020-08-01
  response:
    body:
      string: '{"id":"/subscriptions/00000000-0000-0000-0000-000000000000/resourceGroups/azure_search_cli_test000001/providers/Microsoft.Search/searchServices/test000002","name":"test000002","type":"Microsoft.Search/searchServices","location":"West
        US","properties":{"replicaCount":1,"partitionCount":1,"status":"provisioning","statusDetails":"","provisioningState":"provisioning","hostingMode":"default","publicNetworkAccess":"Enabled","networkRuleSet":{"ipRules":[],"bypass":"None"},"privateEndpointConnections":[],"sharedPrivateLinkResources":[]},"sku":{"name":"standard"}}'
    headers:
      cache-control:
      - no-cache
      content-length:
      - '637'
      content-type:
      - application/json; charset=utf-8
      date:
      - Thu, 28 Jan 2021 07:28:23 GMT
      elapsed-time:
      - '160'
      etag:
      - W/"datetime'2021-01-28T07%3A11%3A22.4303629Z'"
      expires:
      - '-1'
      pragma:
      - no-cache
      request-id:
      - 02b37aa0-6138-11eb-b912-c8348e613252
      strict-transport-security:
      - max-age=31536000; includeSubDomains
      transfer-encoding:
      - chunked
      vary:
      - Accept-Encoding,Accept-Encoding
      x-content-type-options:
      - nosniff
    status:
      code: 200
      message: OK
- request:
    body: null
    headers:
      Accept:
      - '*/*'
      Accept-Encoding:
      - gzip, deflate
      CommandName:
      - search service create
      Connection:
      - keep-alive
      ParameterSetName:
      - -n -g --sku
      User-Agent:
      - AZURECLI/2.18.0 azsdk-python-mgmt-search/8.0.0 Python/3.8.6 (Windows-10-10.0.19041-SP0)
    method: GET
    uri: https://management.azure.com/subscriptions/00000000-0000-0000-0000-000000000000/resourceGroups/azure_search_cli_test000001/providers/Microsoft.Search/searchServices/test000002?api-version=2020-08-01
  response:
    body:
      string: '{"id":"/subscriptions/00000000-0000-0000-0000-000000000000/resourceGroups/azure_search_cli_test000001/providers/Microsoft.Search/searchServices/test000002","name":"test000002","type":"Microsoft.Search/searchServices","location":"West
        US","properties":{"replicaCount":1,"partitionCount":1,"status":"provisioning","statusDetails":"","provisioningState":"provisioning","hostingMode":"default","publicNetworkAccess":"Enabled","networkRuleSet":{"ipRules":[],"bypass":"None"},"privateEndpointConnections":[],"sharedPrivateLinkResources":[]},"sku":{"name":"standard"}}'
    headers:
      cache-control:
      - no-cache
      content-length:
      - '637'
      content-type:
      - application/json; charset=utf-8
      date:
      - Thu, 28 Jan 2021 07:28:53 GMT
      elapsed-time:
      - '316'
      etag:
      - W/"datetime'2021-01-28T07%3A11%3A22.4303629Z'"
      expires:
      - '-1'
      pragma:
      - no-cache
      request-id:
      - 02b37aa0-6138-11eb-b912-c8348e613252
      strict-transport-security:
      - max-age=31536000; includeSubDomains
      transfer-encoding:
      - chunked
      vary:
      - Accept-Encoding,Accept-Encoding
      x-content-type-options:
      - nosniff
    status:
      code: 200
      message: OK
- request:
    body: null
    headers:
      Accept:
      - '*/*'
      Accept-Encoding:
      - gzip, deflate
      CommandName:
      - search service create
      Connection:
      - keep-alive
      ParameterSetName:
      - -n -g --sku
      User-Agent:
      - AZURECLI/2.18.0 azsdk-python-mgmt-search/8.0.0 Python/3.8.6 (Windows-10-10.0.19041-SP0)
    method: GET
    uri: https://management.azure.com/subscriptions/00000000-0000-0000-0000-000000000000/resourceGroups/azure_search_cli_test000001/providers/Microsoft.Search/searchServices/test000002?api-version=2020-08-01
  response:
    body:
      string: '{"id":"/subscriptions/00000000-0000-0000-0000-000000000000/resourceGroups/azure_search_cli_test000001/providers/Microsoft.Search/searchServices/test000002","name":"test000002","type":"Microsoft.Search/searchServices","location":"West
        US","properties":{"replicaCount":1,"partitionCount":1,"status":"provisioning","statusDetails":"","provisioningState":"provisioning","hostingMode":"default","publicNetworkAccess":"Enabled","networkRuleSet":{"ipRules":[],"bypass":"None"},"privateEndpointConnections":[],"sharedPrivateLinkResources":[]},"sku":{"name":"standard"}}'
    headers:
      cache-control:
      - no-cache
      content-length:
      - '637'
      content-type:
      - application/json; charset=utf-8
      date:
      - Thu, 28 Jan 2021 07:29:24 GMT
      elapsed-time:
      - '193'
      etag:
      - W/"datetime'2021-01-28T07%3A11%3A22.4303629Z'"
      expires:
      - '-1'
      pragma:
      - no-cache
      request-id:
      - 02b37aa0-6138-11eb-b912-c8348e613252
      strict-transport-security:
      - max-age=31536000; includeSubDomains
      transfer-encoding:
      - chunked
      vary:
      - Accept-Encoding,Accept-Encoding
      x-content-type-options:
      - nosniff
    status:
      code: 200
      message: OK
- request:
    body: null
    headers:
      Accept:
      - '*/*'
      Accept-Encoding:
      - gzip, deflate
      CommandName:
      - search service create
      Connection:
      - keep-alive
      ParameterSetName:
      - -n -g --sku
      User-Agent:
      - AZURECLI/2.18.0 azsdk-python-mgmt-search/8.0.0 Python/3.8.6 (Windows-10-10.0.19041-SP0)
    method: GET
    uri: https://management.azure.com/subscriptions/00000000-0000-0000-0000-000000000000/resourceGroups/azure_search_cli_test000001/providers/Microsoft.Search/searchServices/test000002?api-version=2020-08-01
  response:
    body:
      string: '{"id":"/subscriptions/00000000-0000-0000-0000-000000000000/resourceGroups/azure_search_cli_test000001/providers/Microsoft.Search/searchServices/test000002","name":"test000002","type":"Microsoft.Search/searchServices","location":"West
        US","properties":{"replicaCount":1,"partitionCount":1,"status":"provisioning","statusDetails":"","provisioningState":"provisioning","hostingMode":"default","publicNetworkAccess":"Enabled","networkRuleSet":{"ipRules":[],"bypass":"None"},"privateEndpointConnections":[],"sharedPrivateLinkResources":[]},"sku":{"name":"standard"}}'
    headers:
      cache-control:
      - no-cache
      content-length:
      - '637'
      content-type:
      - application/json; charset=utf-8
      date:
      - Thu, 28 Jan 2021 07:29:54 GMT
      elapsed-time:
      - '167'
      etag:
      - W/"datetime'2021-01-28T07%3A11%3A22.4303629Z'"
      expires:
      - '-1'
      pragma:
      - no-cache
      request-id:
      - 02b37aa0-6138-11eb-b912-c8348e613252
      strict-transport-security:
      - max-age=31536000; includeSubDomains
      transfer-encoding:
      - chunked
      vary:
      - Accept-Encoding,Accept-Encoding
      x-content-type-options:
      - nosniff
    status:
      code: 200
      message: OK
- request:
    body: null
    headers:
      Accept:
      - '*/*'
      Accept-Encoding:
      - gzip, deflate
      CommandName:
      - search service create
      Connection:
      - keep-alive
      ParameterSetName:
      - -n -g --sku
      User-Agent:
      - AZURECLI/2.18.0 azsdk-python-mgmt-search/8.0.0 Python/3.8.6 (Windows-10-10.0.19041-SP0)
    method: GET
    uri: https://management.azure.com/subscriptions/00000000-0000-0000-0000-000000000000/resourceGroups/azure_search_cli_test000001/providers/Microsoft.Search/searchServices/test000002?api-version=2020-08-01
  response:
    body:
      string: '{"id":"/subscriptions/00000000-0000-0000-0000-000000000000/resourceGroups/azure_search_cli_test000001/providers/Microsoft.Search/searchServices/test000002","name":"test000002","type":"Microsoft.Search/searchServices","location":"West
        US","properties":{"replicaCount":1,"partitionCount":1,"status":"provisioning","statusDetails":"","provisioningState":"provisioning","hostingMode":"default","publicNetworkAccess":"Enabled","networkRuleSet":{"ipRules":[],"bypass":"None"},"privateEndpointConnections":[],"sharedPrivateLinkResources":[]},"sku":{"name":"standard"}}'
    headers:
      cache-control:
      - no-cache
      content-length:
      - '637'
      content-type:
      - application/json; charset=utf-8
      date:
      - Thu, 28 Jan 2021 07:30:24 GMT
      elapsed-time:
      - '159'
      etag:
      - W/"datetime'2021-01-28T07%3A11%3A22.4303629Z'"
      expires:
      - '-1'
      pragma:
      - no-cache
      request-id:
      - 02b37aa0-6138-11eb-b912-c8348e613252
      strict-transport-security:
      - max-age=31536000; includeSubDomains
      transfer-encoding:
      - chunked
      vary:
      - Accept-Encoding,Accept-Encoding
      x-content-type-options:
      - nosniff
    status:
      code: 200
      message: OK
- request:
    body: null
    headers:
      Accept:
      - '*/*'
      Accept-Encoding:
      - gzip, deflate
      CommandName:
      - search service create
      Connection:
      - keep-alive
      ParameterSetName:
      - -n -g --sku
      User-Agent:
      - AZURECLI/2.18.0 azsdk-python-mgmt-search/8.0.0 Python/3.8.6 (Windows-10-10.0.19041-SP0)
    method: GET
    uri: https://management.azure.com/subscriptions/00000000-0000-0000-0000-000000000000/resourceGroups/azure_search_cli_test000001/providers/Microsoft.Search/searchServices/test000002?api-version=2020-08-01
  response:
    body:
      string: '{"id":"/subscriptions/00000000-0000-0000-0000-000000000000/resourceGroups/azure_search_cli_test000001/providers/Microsoft.Search/searchServices/test000002","name":"test000002","type":"Microsoft.Search/searchServices","location":"West
        US","properties":{"replicaCount":1,"partitionCount":1,"status":"provisioning","statusDetails":"","provisioningState":"provisioning","hostingMode":"default","publicNetworkAccess":"Enabled","networkRuleSet":{"ipRules":[],"bypass":"None"},"privateEndpointConnections":[],"sharedPrivateLinkResources":[]},"sku":{"name":"standard"}}'
    headers:
      cache-control:
      - no-cache
      content-length:
      - '637'
      content-type:
      - application/json; charset=utf-8
      date:
      - Thu, 28 Jan 2021 07:30:54 GMT
      elapsed-time:
      - '455'
      etag:
      - W/"datetime'2021-01-28T07%3A11%3A22.4303629Z'"
      expires:
      - '-1'
      pragma:
      - no-cache
      request-id:
      - 02b37aa0-6138-11eb-b912-c8348e613252
      strict-transport-security:
      - max-age=31536000; includeSubDomains
      transfer-encoding:
      - chunked
      vary:
      - Accept-Encoding,Accept-Encoding
      x-content-type-options:
      - nosniff
    status:
      code: 200
      message: OK
- request:
    body: null
    headers:
      Accept:
      - '*/*'
      Accept-Encoding:
      - gzip, deflate
      CommandName:
      - search service create
      Connection:
      - keep-alive
      ParameterSetName:
      - -n -g --sku
      User-Agent:
      - AZURECLI/2.18.0 azsdk-python-mgmt-search/8.0.0 Python/3.8.6 (Windows-10-10.0.19041-SP0)
    method: GET
    uri: https://management.azure.com/subscriptions/00000000-0000-0000-0000-000000000000/resourceGroups/azure_search_cli_test000001/providers/Microsoft.Search/searchServices/test000002?api-version=2020-08-01
  response:
    body:
      string: '{"id":"/subscriptions/00000000-0000-0000-0000-000000000000/resourceGroups/azure_search_cli_test000001/providers/Microsoft.Search/searchServices/test000002","name":"test000002","type":"Microsoft.Search/searchServices","location":"West
        US","properties":{"replicaCount":1,"partitionCount":1,"status":"running","statusDetails":"","provisioningState":"succeeded","hostingMode":"default","publicNetworkAccess":"Enabled","networkRuleSet":{"ipRules":[],"bypass":"None"},"privateEndpointConnections":[],"sharedPrivateLinkResources":[]},"sku":{"name":"standard"}}'
    headers:
      cache-control:
      - no-cache
      content-length:
      - '629'
      content-type:
      - application/json; charset=utf-8
      date:
      - Thu, 28 Jan 2021 07:31:25 GMT
      elapsed-time:
      - '165'
      etag:
      - W/"datetime'2021-01-28T07%3A11%3A22.4303629Z'"
      expires:
      - '-1'
      pragma:
      - no-cache
      request-id:
      - 02b37aa0-6138-11eb-b912-c8348e613252
      strict-transport-security:
      - max-age=31536000; includeSubDomains
      transfer-encoding:
      - chunked
      vary:
      - Accept-Encoding,Accept-Encoding
      x-content-type-options:
      - nosniff
    status:
      code: 200
      message: OK
- request:
    body: null
    headers:
      Accept:
      - application/json
      Accept-Encoding:
      - gzip, deflate
      CommandName:
      - search admin-key show
      Connection:
      - keep-alive
      Content-Length:
      - '0'
      ParameterSetName:
      - --service-name -g
      User-Agent:
      - AZURECLI/2.18.0 azsdk-python-mgmt-search/8.0.0 Python/3.8.6 (Windows-10-10.0.19041-SP0)
    method: POST
    uri: https://management.azure.com/subscriptions/00000000-0000-0000-0000-000000000000/resourceGroups/azure_search_cli_test000001/providers/Microsoft.Search/searchServices/test000002/listAdminKeys?api-version=2020-08-01
  response:
    body:
      string: '{"primaryKey":"55E96B70EAB5CE280B2E918BDC21815D","secondaryKey":"9BF1594010643BA8D10F0E5615005709"}'
    headers:
      cache-control:
      - no-cache
      content-length:
      - '99'
      content-type:
      - application/json; charset=utf-8
      date:
      - Thu, 28 Jan 2021 07:31:25 GMT
      elapsed-time:
      - '103'
      expires:
      - '-1'
      pragma:
      - no-cache
      request-id:
      - d437ccf2-613a-11eb-8276-c8348e613252
      strict-transport-security:
      - max-age=31536000; includeSubDomains
      transfer-encoding:
      - chunked
      vary:
      - Accept-Encoding,Accept-Encoding
      x-content-type-options:
      - nosniff
      x-ms-ratelimit-remaining-subscription-writes:
      - '1198'
    status:
      code: 200
      message: OK
- request:
    body: null
    headers:
      Accept:
      - application/json
      Accept-Encoding:
      - gzip, deflate
      CommandName:
      - search admin-key renew
      Connection:
      - keep-alive
      Content-Length:
      - '0'
      ParameterSetName:
      - --service-name -g --key-kind
      User-Agent:
      - AZURECLI/2.18.0 azsdk-python-mgmt-search/8.0.0 Python/3.8.6 (Windows-10-10.0.19041-SP0)
    method: POST
    uri: https://management.azure.com/subscriptions/00000000-0000-0000-0000-000000000000/resourceGroups/azure_search_cli_test000001/providers/Microsoft.Search/searchServices/test000002/regenerateAdminKey/primary?api-version=2020-08-01
  response:
    body:
      string: '{"primaryKey":"C3AC03D61D3473A45903736CBF4C9093","secondaryKey":"9BF1594010643BA8D10F0E5615005709"}'
    headers:
      cache-control:
      - no-cache
      content-length:
      - '99'
      content-type:
      - application/json; charset=utf-8
      date:
      - Thu, 28 Jan 2021 07:31:26 GMT
      elapsed-time:
      - '253'
      expires:
      - '-1'
      pragma:
      - no-cache
      request-id:
      - d48258b2-613a-11eb-8245-c8348e613252
      strict-transport-security:
      - max-age=31536000; includeSubDomains
      transfer-encoding:
      - chunked
      vary:
      - Accept-Encoding,Accept-Encoding
      x-content-type-options:
      - nosniff
      x-ms-ratelimit-remaining-subscription-writes:
      - '1199'
    status:
      code: 200
      message: OK
- request:
    body: null
    headers:
      Accept:
      - application/json
      Accept-Encoding:
      - gzip, deflate
      CommandName:
      - search admin-key show
      Connection:
      - keep-alive
      Content-Length:
      - '0'
      ParameterSetName:
      - --service-name -g
      User-Agent:
      - AZURECLI/2.18.0 azsdk-python-mgmt-search/8.0.0 Python/3.8.6 (Windows-10-10.0.19041-SP0)
    method: POST
    uri: https://management.azure.com/subscriptions/00000000-0000-0000-0000-000000000000/resourceGroups/azure_search_cli_test000001/providers/Microsoft.Search/searchServices/test000002/listAdminKeys?api-version=2020-08-01
  response:
    body:
      string: '{"primaryKey":"C3AC03D61D3473A45903736CBF4C9093","secondaryKey":"9BF1594010643BA8D10F0E5615005709"}'
    headers:
      cache-control:
      - no-cache
      content-length:
      - '99'
      content-type:
      - application/json; charset=utf-8
      date:
      - Thu, 28 Jan 2021 07:31:27 GMT
      elapsed-time:
      - '102'
      expires:
      - '-1'
      pragma:
      - no-cache
      request-id:
      - d4e78413-613a-11eb-9436-c8348e613252
      strict-transport-security:
      - max-age=31536000; includeSubDomains
      transfer-encoding:
      - chunked
      vary:
      - Accept-Encoding,Accept-Encoding
      x-content-type-options:
      - nosniff
      x-ms-ratelimit-remaining-subscription-writes:
      - '1199'
    status:
      code: 200
      message: OK
- request:
    body: null
    headers:
      Accept:
      - application/json
      Accept-Encoding:
      - gzip, deflate
      CommandName:
      - search admin-key renew
      Connection:
      - keep-alive
      Content-Length:
      - '0'
      ParameterSetName:
      - --service-name -g --key-kind
      User-Agent:
      - AZURECLI/2.18.0 azsdk-python-mgmt-search/8.0.0 Python/3.8.6 (Windows-10-10.0.19041-SP0)
    method: POST
    uri: https://management.azure.com/subscriptions/00000000-0000-0000-0000-000000000000/resourceGroups/azure_search_cli_test000001/providers/Microsoft.Search/searchServices/test000002/regenerateAdminKey/secondary?api-version=2020-08-01
  response:
    body:
      string: '{"primaryKey":"C3AC03D61D3473A45903736CBF4C9093","secondaryKey":"BAB531839AC1FD0B23A3D37A23A4E145"}'
    headers:
      cache-control:
      - no-cache
      content-length:
      - '99'
      content-type:
      - application/json; charset=utf-8
      date:
      - Thu, 28 Jan 2021 07:31:28 GMT
      elapsed-time:
      - '239'
      expires:
      - '-1'
      pragma:
      - no-cache
      request-id:
      - d5296b4d-613a-11eb-ac3e-c8348e613252
      strict-transport-security:
      - max-age=31536000; includeSubDomains
      transfer-encoding:
      - chunked
      vary:
      - Accept-Encoding,Accept-Encoding
      x-content-type-options:
      - nosniff
      x-ms-ratelimit-remaining-subscription-writes:
      - '1199'
    status:
      code: 200
      message: OK
- request:
    body: null
    headers:
      Accept:
      - application/json
      Accept-Encoding:
      - gzip, deflate
      CommandName:
      - search admin-key show
      Connection:
      - keep-alive
      Content-Length:
      - '0'
      ParameterSetName:
      - --service-name -g
      User-Agent:
      - AZURECLI/2.18.0 azsdk-python-mgmt-search/8.0.0 Python/3.8.6 (Windows-10-10.0.19041-SP0)
    method: POST
    uri: https://management.azure.com/subscriptions/00000000-0000-0000-0000-000000000000/resourceGroups/azure_search_cli_test000001/providers/Microsoft.Search/searchServices/test000002/listAdminKeys?api-version=2020-08-01
  response:
    body:
      string: '{"primaryKey":"C3AC03D61D3473A45903736CBF4C9093","secondaryKey":"BAB531839AC1FD0B23A3D37A23A4E145"}'
    headers:
      cache-control:
      - no-cache
      content-length:
      - '99'
      content-type:
      - application/json; charset=utf-8
      date:
      - Thu, 28 Jan 2021 07:31:28 GMT
      elapsed-time:
      - '107'
      expires:
      - '-1'
      pragma:
      - no-cache
      request-id:
      - d584d4f8-613a-11eb-9ac3-c8348e613252
      strict-transport-security:
      - max-age=31536000; includeSubDomains
      transfer-encoding:
      - chunked
      vary:
      - Accept-Encoding,Accept-Encoding
      x-content-type-options:
      - nosniff
      x-ms-ratelimit-remaining-subscription-writes:
      - '1199'
    status:
      code: 200
      message: OK
version: 1
