interactions:
- request:
    body: null
    headers:
      Accept:
      - application/json
      Accept-Encoding:
      - gzip, deflate
      CommandName:
      - search service create
      Connection:
      - keep-alive
      ParameterSetName:
      - -n -g --sku
      User-Agent:
      - AZURECLI/2.53.0 azsdk-python-azure-mgmt-resource/23.1.0b2 Python/3.10.11 (Windows-10-10.0.22621-SP0)
    method: GET
    uri: https://eastus2euap.management.azure.com/subscriptions/00000000-0000-0000-0000-000000000000/resourcegroups/azure_search_cli_test000001?api-version=2022-09-01
  response:
    body:
      string: '{"id":"/subscriptions/00000000-0000-0000-0000-000000000000/resourceGroups/azure_search_cli_test000001","name":"azure_search_cli_test000001","type":"Microsoft.Resources/resourceGroups","location":"eastus2euap","tags":{"product":"azurecli","cause":"automation","test":"test_service_create_delete_show","date":"2023-10-19T16:41:19Z","module":"search"},"properties":{"provisioningState":"Succeeded"}}'
    headers:
      cache-control:
      - no-cache
      content-length:
      - '396'
      content-type:
      - application/json; charset=utf-8
      date:
      - Thu, 19 Oct 2023 16:41:20 GMT
      expires:
      - '-1'
      pragma:
      - no-cache
      strict-transport-security:
      - max-age=31536000; includeSubDomains
      x-cache:
      - CONFIG_NOCACHE
      x-content-type-options:
      - nosniff
      x-msedge-ref:
      - 'Ref A: B80E8E2417F644849B925E8997893D94 Ref B: CO6AA3150218039 Ref C: 2023-10-19T16:41:20Z'
    status:
      code: 200
      message: OK
- request:
    body: '{"location": "eastus2euap", "properties": {"hostingMode": "default", "partitionCount":
      1, "publicNetworkAccess": "enabled", "replicaCount": 1}, "sku": {"name": "standard"}}'
    headers:
      Accept:
      - application/json
      Accept-Encoding:
      - gzip, deflate
      CommandName:
      - search service create
      Connection:
      - keep-alive
      Content-Length:
      - '172'
      Content-Type:
      - application/json
      ParameterSetName:
      - -n -g --sku
      User-Agent:
      - AZURECLI/2.53.0 (AAZ) azsdk-python-core/1.26.0 Python/3.10.11 (Windows-10-10.0.22621-SP0)
    method: PUT
    uri: https://eastus2euap.management.azure.com/subscriptions/00000000-0000-0000-0000-000000000000/resourceGroups/azure_search_cli_test000001/providers/Microsoft.Search/searchServices/test000002?api-version=2023-11-01
  response:
    body:
      string: '{"id":"/subscriptions/00000000-0000-0000-0000-000000000000/resourceGroups/azure_search_cli_test000001/providers/Microsoft.Search/searchServices/test000002","name":"test000002","type":"Microsoft.Search/searchServices","location":"East
        US 2 EUAP","properties":{"replicaCount":1,"partitionCount":1,"status":"running","statusDetails":"","provisioningState":"succeeded","hostingMode":"default","publicNetworkAccess":"Enabled","networkRuleSet":{"ipRules":[],"bypass":"None"},"privateEndpointConnections":[],"sharedPrivateLinkResources":[],"encryptionWithCmk":{"enforcement":"Unspecified","encryptionComplianceStatus":"Compliant"},"disableLocalAuth":false,"authOptions":{"apiKeyOnly":{}},"semanticSearch":"free"},"sku":{"name":"standard"}}'
    headers:
      cache-control:
      - no-cache
      content-length:
      - '732'
      content-type:
      - application/json; charset=utf-8
      date:
      - Thu, 19 Oct 2023 16:41:24 GMT
      elapsed-time:
      - '3539'
      etag:
      - W/"datetime'2023-10-19T16%3A41%3A24.8364553Z'"
      expires:
      - '-1'
      pragma:
      - no-cache
      request-id:
      - 550a4e49-6e9e-11ee-9110-000d3aff5613
      strict-transport-security:
      - max-age=31536000; includeSubDomains
      x-cache:
      - CONFIG_NOCACHE
      x-content-type-options:
      - nosniff
      x-ms-operation-identifier:
      - tenantId=72f988bf-86f1-41af-91ab-2d7cd011db47,objectId=44e5f686-35a1-4e2c-9ff3-7b6adafcd3c3/eastus2euap/6e864d61-3e8a-4d20-9115-ec43f46eacb7
      x-ms-ratelimit-remaining-subscription-writes:
      - '1198'
      x-msedge-ref:
      - 'Ref A: 92FD1D07CF5B4871AE7CDDC2A544FB74 Ref B: CO6AA3150219037 Ref C: 2023-10-19T16:41:20Z'
    status:
      code: 201
      message: Created
- request:
    body: null
    headers:
      Accept:
      - application/json
      Accept-Encoding:
      - gzip, deflate
      CommandName:
      - search service show
      Connection:
      - keep-alive
      ParameterSetName:
      - -n -g
      User-Agent:
      - AZURECLI/2.53.0 (AAZ) azsdk-python-core/1.26.0 Python/3.10.11 (Windows-10-10.0.22621-SP0)
    method: GET
    uri: https://eastus2euap.management.azure.com/subscriptions/00000000-0000-0000-0000-000000000000/resourceGroups/azure_search_cli_test000001/providers/Microsoft.Search/searchServices/test000002?api-version=2023-11-01
  response:
    body:
      string: '{"id":"/subscriptions/00000000-0000-0000-0000-000000000000/resourceGroups/azure_search_cli_test000001/providers/Microsoft.Search/searchServices/test000002","name":"test000002","type":"Microsoft.Search/searchServices","location":"East
        US 2 EUAP","properties":{"replicaCount":1,"partitionCount":1,"status":"running","statusDetails":"","provisioningState":"succeeded","hostingMode":"default","publicNetworkAccess":"Enabled","networkRuleSet":{"ipRules":[],"bypass":"None"},"privateEndpointConnections":[],"sharedPrivateLinkResources":[],"encryptionWithCmk":{"enforcement":"Unspecified","encryptionComplianceStatus":"Compliant"},"disableLocalAuth":false,"authOptions":{"apiKeyOnly":{}},"semanticSearch":"free"},"sku":{"name":"standard"}}'
    headers:
      cache-control:
      - no-cache
      content-length:
      - '732'
      content-type:
      - application/json; charset=utf-8
      date:
      - Thu, 19 Oct 2023 16:41:25 GMT
      elapsed-time:
      - '170'
      etag:
      - W/"datetime'2023-10-19T16%3A41%3A24.8364553Z'"
      expires:
      - '-1'
      pragma:
      - no-cache
      request-id:
      - 57e45344-6e9e-11ee-8e6c-000d3aff5613
      strict-transport-security:
      - max-age=31536000; includeSubDomains
      x-cache:
      - CONFIG_NOCACHE
      x-content-type-options:
      - nosniff
      x-msedge-ref:
      - 'Ref A: B13DBDA1D8794F4ABADDD7C6D8696F1C Ref B: CO6AA3150217027 Ref C: 2023-10-19T16:41:25Z'
    status:
      code: 200
      message: OK
- request:
    body: null
    headers:
      Accept:
      - '*/*'
      Accept-Encoding:
      - gzip, deflate
      CommandName:
      - search service delete
      Connection:
      - keep-alive
      Content-Length:
      - '0'
      ParameterSetName:
      - -n -g -y
      User-Agent:
      - AZURECLI/2.53.0 (AAZ) azsdk-python-core/1.26.0 Python/3.10.11 (Windows-10-10.0.22621-SP0)
    method: DELETE
    uri: https://eastus2euap.management.azure.com/subscriptions/00000000-0000-0000-0000-000000000000/resourceGroups/azure_search_cli_test000001/providers/Microsoft.Search/searchServices/test000002?api-version=2022-09-01
  response:
    body:
      string: ''
    headers:
      cache-control:
      - no-cache
      content-length:
      - '0'
      date:
      - Thu, 19 Oct 2023 16:41:30 GMT
      elapsed-time:
      - '2391'
      expires:
      - '-1'
      pragma:
      - no-cache
      request-id:
      - 58434e2f-6e9e-11ee-af2f-000d3aff5613
      strict-transport-security:
      - max-age=31536000; includeSubDomains
      x-cache:
      - CONFIG_NOCACHE
      x-content-type-options:
      - nosniff
      x-ms-ratelimit-remaining-subscription-deletes:
      - '14999'
      x-msedge-ref:
      - 'Ref A: 0D755FC3CFA448FDBCBB68FFE2B2A23E Ref B: CO6AA3150218033 Ref C: 2023-10-19T16:41:26Z'
    status:
      code: 200
      message: OK
- request:
    body: null
    headers:
      Accept:
      - application/json
      Accept-Encoding:
      - gzip, deflate
      CommandName:
      - search service show
      Connection:
      - keep-alive
      ParameterSetName:
      - -n -g
      User-Agent:
      - AZURECLI/2.53.0 (AAZ) azsdk-python-core/1.26.0 Python/3.10.11 (Windows-10-10.0.22621-SP0)
    method: GET
    uri: https://eastus2euap.management.azure.com/subscriptions/00000000-0000-0000-0000-000000000000/resourceGroups/azure_search_cli_test000001/providers/Microsoft.Search/searchServices/test000002?api-version=2023-11-01
  response:
    body:
      string: '{"error":{"code":"ResourceNotFound","message":"The Resource ''Microsoft.Search/searchServices/test000002''
        under resource group ''azure_search_cli_test000001'' was not found. For more
        details please go to https://aka.ms/ARMResourceNotFoundFix"}}'
    headers:
      cache-control:
      - no-cache
      content-length:
      - '241'
      content-type:
      - application/json; charset=utf-8
      date:
      - Thu, 19 Oct 2023 16:41:31 GMT
      expires:
      - '-1'
      pragma:
      - no-cache
      strict-transport-security:
      - max-age=31536000; includeSubDomains
      x-cache:
      - CONFIG_NOCACHE
      x-content-type-options:
      - nosniff
      x-ms-failure-cause:
      - gateway
      x-msedge-ref:
      - 'Ref A: 1378ADE797E14D9B99E08800A541A3CE Ref B: CO6AA3150217029 Ref C: 2023-10-19T16:41:31Z'
    status:
      code: 404
      message: Not Found
version: 1
