interactions:
- request:
    body: '{"location": "westus", "tags": {"use": "az-test"}}'
    headers:
      Accept: [application/json]
      Accept-Encoding: ['gzip, deflate']
      CommandName: [unknown]
      Connection: [keep-alive]
      Content-Length: ['50']
      Content-Type: [application/json; charset=utf-8]
      User-Agent: [python/3.5.3 (Windows-10-10.0.15063-SP0) requests/2.9.1 msrest/0.4.14
          msrest_azure/0.4.14 resourcemanagementclient/1.2.0rc2 Azure-SDK-For-Python
          AZURECLI/2.0.17+dev]
      accept-language: [en-US]
    method: PUT
    uri: https://management.azure.com/subscriptions/00000000-0000-0000-0000-000000000000/resourcegroups/clitest.rg000001?api-version=2017-05-10
  response:
    body: {string: '{"id":"/subscriptions/00000000-0000-0000-0000-000000000000/resourceGroups/clitest.rg000001","name":"clitest.rg000001","location":"westus","tags":{"use":"az-test"},"properties":{"provisioningState":"Succeeded"}}'}
    headers:
      cache-control: [no-cache]
      content-length: ['328']
      content-type: [application/json; charset=utf-8]
      date: ['Tue, 03 Oct 2017 20:38:22 GMT']
      expires: ['-1']
      pragma: [no-cache]
      strict-transport-security: [max-age=31536000; includeSubDomains]
      x-ms-ratelimit-remaining-subscription-writes: ['1199']
    status: {code: 201, message: Created}
- request:
    body: null
    headers:
      Accept: [application/json]
      Accept-Encoding: ['gzip, deflate']
      CommandName: [unknown]
      Connection: [keep-alive]
      Content-Type: [application/json; charset=utf-8]
      User-Agent: [python/3.5.3 (Windows-10-10.0.15063-SP0) requests/2.9.1 msrest/0.4.14
          msrest_azure/0.4.14 cdnmanagementclient/1.0.0 Azure-SDK-For-Python AZURECLI/2.0.17+dev]
      accept-language: [en-US]
    method: GET
    uri: https://management.azure.com/subscriptions/00000000-0000-0000-0000-000000000000/resourceGroups/clitest.rg000001/providers/Microsoft.Cdn/profiles/profile123/endpoints?api-version=2016-10-02
  response:
    body: {string: '{"error":{"code":"ParentResourceNotFound","message":"Can not perform
        requested operation on nested resource. Parent resource ''profile123'' not
        found."}}'}
    headers:
      cache-control: [no-cache]
      content-length: ['151']
      content-type: [application/json; charset=utf-8]
      date: ['Tue, 03 Oct 2017 20:38:21 GMT']
      expires: ['-1']
      pragma: [no-cache]
      strict-transport-security: [max-age=31536000; includeSubDomains]
      x-ms-failure-cause: [gateway]
    status: {code: 404, message: Not Found}
- request:
    body: null
    headers:
      Accept: [application/json]
      Accept-Encoding: ['gzip, deflate']
      CommandName: [unknown]
      Connection: [keep-alive]
      Content-Type: [application/json; charset=utf-8]
      User-Agent: [python/3.5.3 (Windows-10-10.0.15063-SP0) requests/2.9.1 msrest/0.4.14
          msrest_azure/0.4.14 resourcemanagementclient/1.2.0rc2 Azure-SDK-For-Python
          AZURECLI/2.0.17+dev]
      accept-language: [en-US]
    method: GET
    uri: https://management.azure.com/subscriptions/00000000-0000-0000-0000-000000000000/resourcegroups/clitest.rg000001?api-version=2017-05-10
  response:
    body: {string: '{"id":"/subscriptions/00000000-0000-0000-0000-000000000000/resourceGroups/clitest.rg000001","name":"clitest.rg000001","location":"westus","tags":{"use":"az-test"},"properties":{"provisioningState":"Succeeded"}}'}
    headers:
      cache-control: [no-cache]
      content-length: ['328']
      content-type: [application/json; charset=utf-8]
      date: ['Tue, 03 Oct 2017 20:38:22 GMT']
      expires: ['-1']
      pragma: [no-cache]
      strict-transport-security: [max-age=31536000; includeSubDomains]
      vary: [Accept-Encoding]
    status: {code: 200, message: OK}
- request:
    body: '{"sku": {"name": "Standard_Akamai"}, "location": "westus"}'
    headers:
      Accept: [application/json]
      Accept-Encoding: ['gzip, deflate']
      CommandName: [unknown]
      Connection: [keep-alive]
      Content-Length: ['58']
      Content-Type: [application/json; charset=utf-8]
      User-Agent: [python/3.5.3 (Windows-10-10.0.15063-SP0) requests/2.9.1 msrest/0.4.14
          msrest_azure/0.4.14 cdnmanagementclient/1.0.0 Azure-SDK-For-Python AZURECLI/2.0.17+dev]
      accept-language: [en-US]
    method: PUT
    uri: https://management.azure.com/subscriptions/00000000-0000-0000-0000-000000000000/resourceGroups/clitest.rg000001/providers/Microsoft.Cdn/profiles/profile123?api-version=2016-10-02
  response:
    body: {string: "{\r\n  \"name\":\"profile123\",\"id\":\"/subscriptions/00000000-0000-0000-0000-000000000000/resourcegroups/clitest.rg000001/providers/Microsoft.Cdn/profiles/profile123\"\
        ,\"type\":\"Microsoft.Cdn/profiles\",\"tags\":{\r\n    \r\n  },\"location\"\
        :\"WestUs\",\"sku\":{\r\n    \"name\":\"Standard_Akamai\"\r\n  },\"properties\"\
        :{\r\n    \"provisioningState\":\"Creating\",\"resourceState\":\"Creating\"\
        \r\n  }\r\n}"}
    headers:
      azure-asyncoperation: ['https://management.azure.com/subscriptions/00000000-0000-0000-0000-000000000000/resourcegroups/clitest.rg000001/providers/Microsoft.Cdn/operationresults/efb88cd2-513f-4691-afda-a7651bc15d37?api-version=2016-10-02']
      cache-control: [no-cache]
      content-length: ['419']
      content-type: [application/json; odata.metadata=minimal]
      date: ['Tue, 03 Oct 2017 20:38:24 GMT']
      expires: ['-1']
      odata-version: ['4.0']
      pragma: [no-cache]
      server: [Microsoft-IIS/8.5]
      strict-transport-security: [max-age=31536000; includeSubDomains]
      x-aspnet-version: [4.0.30319]
      x-ms-ratelimit-remaining-subscription-writes: ['1198']
      x-powered-by: [ASP.NET]
    status: {code: 201, message: Created}
- request:
    body: null
    headers:
      Accept: [application/json]
      Accept-Encoding: ['gzip, deflate']
      CommandName: [unknown]
      Connection: [keep-alive]
      Content-Type: [application/json; charset=utf-8]
      User-Agent: [python/3.5.3 (Windows-10-10.0.15063-SP0) requests/2.9.1 msrest/0.4.14
          msrest_azure/0.4.14 cdnmanagementclient/1.0.0 Azure-SDK-For-Python AZURECLI/2.0.17+dev]
      accept-language: [en-US]
    method: GET
    uri: https://management.azure.com/subscriptions/00000000-0000-0000-0000-000000000000/resourcegroups/clitest.rg000001/providers/Microsoft.Cdn/operationresults/efb88cd2-513f-4691-afda-a7651bc15d37?api-version=2016-10-02
  response:
    body: {string: "{\r\n  \"status\":\"Succeeded\",\"error\":{\r\n    \"code\":\"\
        None\",\"message\":null\r\n  }\r\n}"}
    headers:
      cache-control: [no-cache]
      content-length: ['77']
      content-type: [application/json; odata.metadata=minimal]
      date: ['Tue, 03 Oct 2017 20:38:35 GMT']
      expires: ['-1']
      odata-version: ['4.0']
      pragma: [no-cache]
      server: [Microsoft-IIS/8.5]
      strict-transport-security: [max-age=31536000; includeSubDomains]
      transfer-encoding: [chunked]
      vary: [Accept-Encoding]
      x-aspnet-version: [4.0.30319]
      x-powered-by: [ASP.NET]
    status: {code: 200, message: OK}
- request:
    body: null
    headers:
      Accept: [application/json]
      Accept-Encoding: ['gzip, deflate']
      CommandName: [unknown]
      Connection: [keep-alive]
      Content-Type: [application/json; charset=utf-8]
      User-Agent: [python/3.5.3 (Windows-10-10.0.15063-SP0) requests/2.9.1 msrest/0.4.14
          msrest_azure/0.4.14 cdnmanagementclient/1.0.0 Azure-SDK-For-Python AZURECLI/2.0.17+dev]
      accept-language: [en-US]
    method: GET
    uri: https://management.azure.com/subscriptions/00000000-0000-0000-0000-000000000000/resourceGroups/clitest.rg000001/providers/Microsoft.Cdn/profiles/profile123?api-version=2016-10-02
  response:
    body: {string: "{\r\n  \"name\":\"profile123\",\"id\":\"/subscriptions/00000000-0000-0000-0000-000000000000/resourcegroups/clitest.rg000001/providers/Microsoft.Cdn/profiles/profile123\"\
        ,\"type\":\"Microsoft.Cdn/profiles\",\"tags\":{\r\n    \r\n  },\"location\"\
        :\"WestUs\",\"sku\":{\r\n    \"name\":\"Standard_Akamai\"\r\n  },\"properties\"\
        :{\r\n    \"provisioningState\":\"Succeeded\",\"resourceState\":\"Active\"\
        \r\n  }\r\n}"}
    headers:
      cache-control: [no-cache]
      content-length: ['418']
      content-type: [application/json; odata.metadata=minimal]
      date: ['Tue, 03 Oct 2017 20:38:35 GMT']
      expires: ['-1']
      odata-version: ['4.0']
      pragma: [no-cache]
      server: [Microsoft-IIS/8.5]
      strict-transport-security: [max-age=31536000; includeSubDomains]
      transfer-encoding: [chunked]
      vary: [Accept-Encoding]
      x-aspnet-version: [4.0.30319]
      x-powered-by: [ASP.NET]
    status: {code: 200, message: OK}
- request:
    body: null
    headers:
      Accept: [application/json]
      Accept-Encoding: ['gzip, deflate']
      CommandName: [unknown]
      Connection: [keep-alive]
      Content-Type: [application/json; charset=utf-8]
      User-Agent: [python/3.5.3 (Windows-10-10.0.15063-SP0) requests/2.9.1 msrest/0.4.14
          msrest_azure/0.4.14 cdnmanagementclient/1.0.0 Azure-SDK-For-Python AZURECLI/2.0.17+dev]
      accept-language: [en-US]
    method: GET
    uri: https://management.azure.com/subscriptions/00000000-0000-0000-0000-000000000000/resourceGroups/clitest.rg000001/providers/Microsoft.Cdn/profiles/profile123/endpoints?api-version=2016-10-02
  response:
    body: {string: "{\r\n  \"value\":[\r\n    \r\n  ]\r\n}"}
    headers:
      cache-control: [no-cache]
      content-length: ['28']
      content-type: [application/json; odata.metadata=minimal]
      date: ['Tue, 03 Oct 2017 20:38:37 GMT']
      expires: ['-1']
      odata-version: ['4.0']
      pragma: [no-cache]
      server: [Microsoft-IIS/8.5]
      strict-transport-security: [max-age=31536000; includeSubDomains]
      transfer-encoding: [chunked]
      vary: [Accept-Encoding]
      x-aspnet-version: [4.0.30319]
      x-powered-by: [ASP.NET]
    status: {code: 200, message: OK}
- request:
    body: null
    headers:
      Accept: [application/json]
      Accept-Encoding: ['gzip, deflate']
      CommandName: [unknown]
      Connection: [keep-alive]
      Content-Type: [application/json; charset=utf-8]
      User-Agent: [python/3.5.3 (Windows-10-10.0.15063-SP0) requests/2.9.1 msrest/0.4.14
          msrest_azure/0.4.14 resourcemanagementclient/1.2.0rc2 Azure-SDK-For-Python
          AZURECLI/2.0.17+dev]
      accept-language: [en-US]
    method: GET
    uri: https://management.azure.com/subscriptions/00000000-0000-0000-0000-000000000000/resourcegroups/clitest.rg000001?api-version=2017-05-10
  response:
    body: {string: '{"id":"/subscriptions/00000000-0000-0000-0000-000000000000/resourceGroups/clitest.rg000001","name":"clitest.rg000001","location":"westus","tags":{"use":"az-test"},"properties":{"provisioningState":"Succeeded"}}'}
    headers:
      cache-control: [no-cache]
      content-length: ['328']
      content-type: [application/json; charset=utf-8]
      date: ['Tue, 03 Oct 2017 20:38:37 GMT']
      expires: ['-1']
      pragma: [no-cache]
      strict-transport-security: [max-age=31536000; includeSubDomains]
      vary: [Accept-Encoding]
    status: {code: 200, message: OK}
- request:
    body: '{"location": "westus", "properties": {"queryStringCachingBehavior": "IgnoreQueryString",
      "origins": [{"name": "origin-0", "properties": {"httpsPort": 443, "httpPort":
      80, "hostName": "www.example.com"}}], "isCompressionEnabled": false, "isHttpsAllowed":
      true, "isHttpAllowed": true}}'
    headers:
      Accept: [application/json]
      Accept-Encoding: ['gzip, deflate']
      CommandName: [unknown]
      Connection: [keep-alive]
      Content-Length: ['283']
      Content-Type: [application/json; charset=utf-8]
      User-Agent: [python/3.5.3 (Windows-10-10.0.15063-SP0) requests/2.9.1 msrest/0.4.14
          msrest_azure/0.4.14 cdnmanagementclient/1.0.0 Azure-SDK-For-Python AZURECLI/2.0.17+dev]
      accept-language: [en-US]
    method: PUT
    uri: https://management.azure.com/subscriptions/00000000-0000-0000-0000-000000000000/resourceGroups/clitest.rg000001/providers/Microsoft.Cdn/profiles/profile123/endpoints/endpoint000002?api-version=2016-10-02
  response:
    body: {string: "{\r\n  \"name\":\"endpoint000002\",\"id\":\"/subscriptions/00000000-0000-0000-0000-000000000000/resourcegroups/clitest.rg000001/providers/Microsoft.Cdn/profiles/profile123/endpoints/endpoint000002\"\
        ,\"type\":\"Microsoft.Cdn/profiles/endpoints\",\"tags\":{\r\n    \r\n  },\"\
        location\":\"WestUs\",\"properties\":{\r\n    \"hostName\":\"endpoint000002.azureedge.net\"\
        ,\"originHostHeader\":null,\"provisioningState\":\"Creating\",\"resourceState\"\
        :\"Creating\",\"isHttpAllowed\":true,\"isHttpsAllowed\":true,\"queryStringCachingBehavior\"\
        :\"IgnoreQueryString\",\"originPath\":null,\"origins\":[\r\n      {\r\n  \
        \      \"name\":\"origin-0\",\"properties\":{\r\n          \"hostName\":\"\
        www.example.com\",\"httpPort\":80,\"httpsPort\":443\r\n        }\r\n     \
        \ }\r\n    ],\"customDomains\":[\r\n      \r\n    ],\"contentTypesToCompress\"\
        :[\r\n      \r\n    ],\"isCompressionEnabled\":false,\"optimizationType\"\
        :null,\"geoFilters\":[\r\n      \r\n    ]\r\n  }\r\n}"}
    headers:
      azure-asyncoperation: ['https://management.azure.com/subscriptions/00000000-0000-0000-0000-000000000000/resourcegroups/clitest.rg000001/providers/Microsoft.Cdn/operationresults/9922f0ad-46d0-4798-a6dc-92153d84f3e5?api-version=2016-10-02']
      cache-control: [no-cache]
      content-length: ['939']
      content-type: [application/json; odata.metadata=minimal]
      date: ['Tue, 03 Oct 2017 20:38:39 GMT']
      expires: ['-1']
      odata-version: ['4.0']
      pragma: [no-cache]
      server: [Microsoft-IIS/8.5]
      strict-transport-security: [max-age=31536000; includeSubDomains]
      x-aspnet-version: [4.0.30319]
      x-ms-ratelimit-remaining-subscription-writes: ['1199']
      x-powered-by: [ASP.NET]
    status: {code: 201, message: Created}
- request:
    body: null
    headers:
      Accept: [application/json]
      Accept-Encoding: ['gzip, deflate']
      CommandName: [unknown]
      Connection: [keep-alive]
      Content-Type: [application/json; charset=utf-8]
      User-Agent: [python/3.5.3 (Windows-10-10.0.15063-SP0) requests/2.9.1 msrest/0.4.14
          msrest_azure/0.4.14 cdnmanagementclient/1.0.0 Azure-SDK-For-Python AZURECLI/2.0.17+dev]
      accept-language: [en-US]
    method: GET
    uri: https://management.azure.com/subscriptions/00000000-0000-0000-0000-000000000000/resourcegroups/clitest.rg000001/providers/Microsoft.Cdn/operationresults/9922f0ad-46d0-4798-a6dc-92153d84f3e5?api-version=2016-10-02
  response:
    body: {string: "{\r\n  \"status\":\"Succeeded\",\"error\":{\r\n    \"code\":\"\
        None\",\"message\":null\r\n  }\r\n}"}
    headers:
      cache-control: [no-cache]
      content-length: ['77']
      content-type: [application/json; odata.metadata=minimal]
      date: ['Tue, 03 Oct 2017 20:38:50 GMT']
      expires: ['-1']
      odata-version: ['4.0']
      pragma: [no-cache]
      server: [Microsoft-IIS/8.5]
      strict-transport-security: [max-age=31536000; includeSubDomains]
      transfer-encoding: [chunked]
      vary: [Accept-Encoding]
      x-aspnet-version: [4.0.30319]
      x-powered-by: [ASP.NET]
    status: {code: 200, message: OK}
- request:
    body: null
    headers:
      Accept: [application/json]
      Accept-Encoding: ['gzip, deflate']
      CommandName: [unknown]
      Connection: [keep-alive]
      Content-Type: [application/json; charset=utf-8]
      User-Agent: [python/3.5.3 (Windows-10-10.0.15063-SP0) requests/2.9.1 msrest/0.4.14
          msrest_azure/0.4.14 cdnmanagementclient/1.0.0 Azure-SDK-For-Python AZURECLI/2.0.17+dev]
      accept-language: [en-US]
    method: GET
    uri: https://management.azure.com/subscriptions/00000000-0000-0000-0000-000000000000/resourceGroups/clitest.rg000001/providers/Microsoft.Cdn/profiles/profile123/endpoints/endpoint000002?api-version=2016-10-02
  response:
    body: {string: "{\r\n  \"name\":\"endpoint000002\",\"id\":\"/subscriptions/00000000-0000-0000-0000-000000000000/resourcegroups/clitest.rg000001/providers/Microsoft.Cdn/profiles/profile123/endpoints/endpoint000002\"\
        ,\"type\":\"Microsoft.Cdn/profiles/endpoints\",\"tags\":{\r\n    \r\n  },\"\
        location\":\"WestUs\",\"properties\":{\r\n    \"hostName\":\"endpoint000002.azureedge.net\"\
        ,\"originHostHeader\":null,\"provisioningState\":\"Succeeded\",\"resourceState\"\
        :\"Running\",\"isHttpAllowed\":true,\"isHttpsAllowed\":true,\"queryStringCachingBehavior\"\
        :\"IgnoreQueryString\",\"originPath\":null,\"origins\":[\r\n      {\r\n  \
        \      \"name\":\"origin-0\",\"properties\":{\r\n          \"hostName\":\"\
        www.example.com\",\"httpPort\":80,\"httpsPort\":443\r\n        }\r\n     \
        \ }\r\n    ],\"customDomains\":[\r\n      \r\n    ],\"contentTypesToCompress\"\
        :[\r\n      \r\n    ],\"isCompressionEnabled\":false,\"optimizationType\"\
        :null,\"geoFilters\":[\r\n      \r\n    ]\r\n  }\r\n}"}
    headers:
      cache-control: [no-cache]
      content-length: ['939']
      content-type: [application/json; odata.metadata=minimal]
      date: ['Tue, 03 Oct 2017 20:38:51 GMT']
      expires: ['-1']
      odata-version: ['4.0']
      pragma: [no-cache]
      server: [Microsoft-IIS/8.5]
      strict-transport-security: [max-age=31536000; includeSubDomains]
      transfer-encoding: [chunked]
      vary: [Accept-Encoding]
      x-aspnet-version: [4.0.30319]
      x-powered-by: [ASP.NET]
    status: {code: 200, message: OK}
- request:
    body: null
    headers:
      Accept: [application/json]
      Accept-Encoding: ['gzip, deflate']
      CommandName: [unknown]
      Connection: [keep-alive]
      Content-Type: [application/json; charset=utf-8]
      User-Agent: [python/3.5.3 (Windows-10-10.0.15063-SP0) requests/2.9.1 msrest/0.4.14
          msrest_azure/0.4.14 cdnmanagementclient/1.0.0 Azure-SDK-For-Python AZURECLI/2.0.17+dev]
      accept-language: [en-US]
    method: GET
    uri: https://management.azure.com/subscriptions/00000000-0000-0000-0000-000000000000/resourceGroups/clitest.rg000001/providers/Microsoft.Cdn/profiles/profile123/endpoints?api-version=2016-10-02
  response:
    body: {string: "{\r\n  \"value\":[\r\n    {\r\n      \"name\":\"endpoint000002\"\
        ,\"id\":\"/subscriptions/00000000-0000-0000-0000-000000000000/resourcegroups/clitest.rg000001/providers/Microsoft.Cdn/profiles/profile123/endpoints/endpoint000002\"\
        ,\"type\":\"Microsoft.Cdn/profiles/endpoints\",\"tags\":{\r\n        \r\n\
        \      },\"location\":\"WestUs\",\"properties\":{\r\n        \"hostName\"\
        :\"endpoint000002.azureedge.net\",\"originHostHeader\":null,\"provisioningState\"\
        :\"Succeeded\",\"resourceState\":\"Running\",\"isHttpAllowed\":true,\"isHttpsAllowed\"\
        :true,\"queryStringCachingBehavior\":\"IgnoreQueryString\",\"originPath\"\
        :null,\"origins\":[\r\n          {\r\n            \"name\":\"origin-0\",\"\
        properties\":{\r\n              \"hostName\":\"www.example.com\",\"httpPort\"\
        :80,\"httpsPort\":443\r\n            }\r\n          }\r\n        ],\"customDomains\"\
        :[\r\n          \r\n        ],\"contentTypesToCompress\":[\r\n          \r\
        \n        ],\"isCompressionEnabled\":false,\"optimizationType\":null,\"geoFilters\"\
        :[\r\n          \r\n        ]\r\n      }\r\n    }\r\n  ]\r\n}"}
    headers:
      cache-control: [no-cache]
      content-length: ['1039']
      content-type: [application/json; odata.metadata=minimal]
      date: ['Tue, 03 Oct 2017 20:38:53 GMT']
      expires: ['-1']
      odata-version: ['4.0']
      pragma: [no-cache]
      server: [Microsoft-IIS/8.5]
      strict-transport-security: [max-age=31536000; includeSubDomains]
      transfer-encoding: [chunked]
      vary: [Accept-Encoding]
      x-aspnet-version: [4.0.30319]
      x-powered-by: [ASP.NET]
    status: {code: 200, message: OK}
- request:
    body: null
    headers:
      Accept: [application/json]
      Accept-Encoding: ['gzip, deflate']
      CommandName: [unknown]
      Connection: [keep-alive]
      Content-Type: [application/json; charset=utf-8]
      User-Agent: [python/3.5.3 (Windows-10-10.0.15063-SP0) requests/2.9.1 msrest/0.4.14
          msrest_azure/0.4.14 cdnmanagementclient/1.0.0 Azure-SDK-For-Python AZURECLI/2.0.17+dev]
      accept-language: [en-US]
    method: GET
    uri: https://management.azure.com/subscriptions/00000000-0000-0000-0000-000000000000/resourceGroups/clitest.rg000001/providers/Microsoft.Cdn/profiles/profile123/endpoints/endpoint000002?api-version=2016-10-02
  response:
    body: {string: "{\r\n  \"name\":\"endpoint000002\",\"id\":\"/subscriptions/00000000-0000-0000-0000-000000000000/resourcegroups/clitest.rg000001/providers/Microsoft.Cdn/profiles/profile123/endpoints/endpoint000002\"\
        ,\"type\":\"Microsoft.Cdn/profiles/endpoints\",\"tags\":{\r\n    \r\n  },\"\
        location\":\"WestUs\",\"properties\":{\r\n    \"hostName\":\"endpoint000002.azureedge.net\"\
        ,\"originHostHeader\":null,\"provisioningState\":\"Succeeded\",\"resourceState\"\
        :\"Running\",\"isHttpAllowed\":true,\"isHttpsAllowed\":true,\"queryStringCachingBehavior\"\
        :\"IgnoreQueryString\",\"originPath\":null,\"origins\":[\r\n      {\r\n  \
        \      \"name\":\"origin-0\",\"properties\":{\r\n          \"hostName\":\"\
        www.example.com\",\"httpPort\":80,\"httpsPort\":443\r\n        }\r\n     \
        \ }\r\n    ],\"customDomains\":[\r\n      \r\n    ],\"contentTypesToCompress\"\
        :[\r\n      \r\n    ],\"isCompressionEnabled\":false,\"optimizationType\"\
        :null,\"geoFilters\":[\r\n      \r\n    ]\r\n  }\r\n}"}
    headers:
      cache-control: [no-cache]
      content-length: ['939']
      content-type: [application/json; odata.metadata=minimal]
      date: ['Tue, 03 Oct 2017 20:38:53 GMT']
      expires: ['-1']
      odata-version: ['4.0']
      pragma: [no-cache]
      server: [Microsoft-IIS/8.5]
      strict-transport-security: [max-age=31536000; includeSubDomains]
      transfer-encoding: [chunked]
      vary: [Accept-Encoding]
      x-aspnet-version: [4.0.30319]
      x-powered-by: [ASP.NET]
    status: {code: 200, message: OK}
- request:
    body: '{"tags": {}, "properties": {"queryStringCachingBehavior": "IgnoreQueryString",
      "contentTypesToCompress": ["text/plain", "text/html", "text/css", "text/javascript",
      "application/x-javascript", "application/javascript", "application/json", "application/xml"],
      "isCompressionEnabled": true, "isHttpsAllowed": true, "isHttpAllowed": false}}'
    headers:
      Accept: [application/json]
      Accept-Encoding: ['gzip, deflate']
      CommandName: [unknown]
      Connection: [keep-alive]
      Content-Length: ['336']
      Content-Type: [application/json; charset=utf-8]
      User-Agent: [python/3.5.3 (Windows-10-10.0.15063-SP0) requests/2.9.1 msrest/0.4.14
          msrest_azure/0.4.14 cdnmanagementclient/1.0.0 Azure-SDK-For-Python AZURECLI/2.0.17+dev]
      accept-language: [en-US]
    method: PATCH
    uri: https://management.azure.com/subscriptions/00000000-0000-0000-0000-000000000000/resourceGroups/clitest.rg000001/providers/Microsoft.Cdn/profiles/profile123/endpoints/endpoint000002?api-version=2016-10-02
  response:
    body: {string: "{\r\n  \"name\":\"endpoint000002\",\"id\":\"/subscriptions/00000000-0000-0000-0000-000000000000/resourcegroups/clitest.rg000001/providers/Microsoft.Cdn/profiles/profile123/endpoints/endpoint000002\"\
        ,\"type\":\"Microsoft.Cdn/profiles/endpoints\",\"tags\":{\r\n    \r\n  },\"\
        location\":\"WestUs\",\"properties\":{\r\n    \"hostName\":\"endpoint000002.azureedge.net\"\
        ,\"originHostHeader\":null,\"provisioningState\":\"Succeeded\",\"resourceState\"\
        :\"Running\",\"isHttpAllowed\":false,\"isHttpsAllowed\":true,\"queryStringCachingBehavior\"\
        :\"IgnoreQueryString\",\"originPath\":null,\"origins\":[\r\n      {\r\n  \
        \      \"name\":\"origin-0\",\"properties\":{\r\n          \"hostName\":\"\
        www.example.com\",\"httpPort\":80,\"httpsPort\":443\r\n        }\r\n     \
        \ }\r\n    ],\"customDomains\":[\r\n      \r\n    ],\"contentTypesToCompress\"\
        :[\r\n      \"text/plain\",\"text/html\",\"text/css\",\"text/javascript\"\
        ,\"application/x-javascript\",\"application/javascript\",\"application/json\"\
        ,\"application/xml\"\r\n    ],\"isCompressionEnabled\":true,\"optimizationType\"\
        :null,\"geoFilters\":[\r\n      \r\n    ]\r\n  }\r\n}"}
    headers:
      azure-asyncoperation: ['https://management.azure.com/subscriptions/00000000-0000-0000-0000-000000000000/resourcegroups/clitest.rg000001/providers/Microsoft.Cdn/operationresults/e6a357d3-b5ba-4368-9fd2-3ef486621686?api-version=2016-10-02']
      cache-control: [no-cache]
      content-length: ['1081']
      content-type: [application/json; odata.metadata=minimal]
      date: ['Tue, 03 Oct 2017 20:38:55 GMT']
      expires: ['-1']
      location: ['https://management.azure.com/subscriptions/00000000-0000-0000-0000-000000000000/resourcegroups/clitest.rg000001/providers/Microsoft.Cdn/operationresults/e6a357d3-b5ba-4368-9fd2-3ef486621686/profileresults/profile123/endpointresults/endpoint000002?api-version=2016-10-02']
      odata-version: ['4.0']
      pragma: [no-cache]
      server: [Microsoft-IIS/8.5]
      strict-transport-security: [max-age=31536000; includeSubDomains]
      x-aspnet-version: [4.0.30319]
      x-ms-ratelimit-remaining-subscription-writes: ['1198']
      x-powered-by: [ASP.NET]
    status: {code: 202, message: Accepted}
- request:
    body: null
    headers:
      Accept: [application/json]
      Accept-Encoding: ['gzip, deflate']
      CommandName: [unknown]
      Connection: [keep-alive]
      Content-Type: [application/json; charset=utf-8]
      User-Agent: [python/3.5.3 (Windows-10-10.0.15063-SP0) requests/2.9.1 msrest/0.4.14
          msrest_azure/0.4.14 cdnmanagementclient/1.0.0 Azure-SDK-For-Python AZURECLI/2.0.17+dev]
      accept-language: [en-US]
    method: GET
    uri: https://management.azure.com/subscriptions/00000000-0000-0000-0000-000000000000/resourcegroups/clitest.rg000001/providers/Microsoft.Cdn/operationresults/e6a357d3-b5ba-4368-9fd2-3ef486621686?api-version=2016-10-02
  response:
    body: {string: "{\r\n  \"status\":\"Succeeded\",\"error\":{\r\n    \"code\":\"\
        None\",\"message\":null\r\n  }\r\n}"}
    headers:
      cache-control: [no-cache]
      content-length: ['77']
      content-type: [application/json; odata.metadata=minimal]
      date: ['Tue, 03 Oct 2017 20:39:05 GMT']
      expires: ['-1']
      odata-version: ['4.0']
      pragma: [no-cache]
      server: [Microsoft-IIS/8.5]
      strict-transport-security: [max-age=31536000; includeSubDomains]
      transfer-encoding: [chunked]
      vary: [Accept-Encoding]
      x-aspnet-version: [4.0.30319]
      x-powered-by: [ASP.NET]
    status: {code: 200, message: OK}
- request:
    body: null
    headers:
      Accept: [application/json]
      Accept-Encoding: ['gzip, deflate']
      CommandName: [unknown]
      Connection: [keep-alive]
      Content-Type: [application/json; charset=utf-8]
      User-Agent: [python/3.5.3 (Windows-10-10.0.15063-SP0) requests/2.9.1 msrest/0.4.14
          msrest_azure/0.4.14 cdnmanagementclient/1.0.0 Azure-SDK-For-Python AZURECLI/2.0.17+dev]
      accept-language: [en-US]
    method: GET
    uri: https://management.azure.com/subscriptions/00000000-0000-0000-0000-000000000000/resourceGroups/clitest.rg000001/providers/Microsoft.Cdn/profiles/profile123/endpoints/endpoint000002?api-version=2016-10-02
  response:
    body: {string: "{\r\n  \"name\":\"endpoint000002\",\"id\":\"/subscriptions/00000000-0000-0000-0000-000000000000/resourcegroups/clitest.rg000001/providers/Microsoft.Cdn/profiles/profile123/endpoints/endpoint000002\"\
        ,\"type\":\"Microsoft.Cdn/profiles/endpoints\",\"tags\":{\r\n    \r\n  },\"\
        location\":\"WestUs\",\"properties\":{\r\n    \"hostName\":\"endpoint000002.azureedge.net\"\
        ,\"originHostHeader\":null,\"provisioningState\":\"Succeeded\",\"resourceState\"\
        :\"Running\",\"isHttpAllowed\":false,\"isHttpsAllowed\":true,\"queryStringCachingBehavior\"\
        :\"IgnoreQueryString\",\"originPath\":null,\"origins\":[\r\n      {\r\n  \
        \      \"name\":\"origin-0\",\"properties\":{\r\n          \"hostName\":\"\
        www.example.com\",\"httpPort\":80,\"httpsPort\":443\r\n        }\r\n     \
        \ }\r\n    ],\"customDomains\":[\r\n      \r\n    ],\"contentTypesToCompress\"\
        :[\r\n      \"text/plain\",\"text/html\",\"text/css\",\"text/javascript\"\
        ,\"application/x-javascript\",\"application/javascript\",\"application/json\"\
        ,\"application/xml\"\r\n    ],\"isCompressionEnabled\":true,\"optimizationType\"\
        :null,\"geoFilters\":[\r\n      \r\n    ]\r\n  }\r\n}"}
    headers:
      cache-control: [no-cache]
      content-length: ['1081']
      content-type: [application/json; odata.metadata=minimal]
      date: ['Tue, 03 Oct 2017 20:39:06 GMT']
      expires: ['-1']
      odata-version: ['4.0']
      pragma: [no-cache]
      server: [Microsoft-IIS/8.5]
      strict-transport-security: [max-age=31536000; includeSubDomains]
      transfer-encoding: [chunked]
      vary: [Accept-Encoding]
      x-aspnet-version: [4.0.30319]
      x-powered-by: [ASP.NET]
    status: {code: 200, message: OK}
- request:
    body: null
    headers:
      Accept: [application/json]
      Accept-Encoding: ['gzip, deflate']
      CommandName: [unknown]
      Connection: [keep-alive]
      Content-Type: [application/json; charset=utf-8]
      User-Agent: [python/3.5.3 (Windows-10-10.0.15063-SP0) requests/2.9.1 msrest/0.4.14
          msrest_azure/0.4.14 cdnmanagementclient/1.0.0 Azure-SDK-For-Python AZURECLI/2.0.17+dev]
      accept-language: [en-US]
    method: GET
    uri: https://management.azure.com/subscriptions/00000000-0000-0000-0000-000000000000/resourceGroups/clitest.rg000001/providers/Microsoft.Cdn/profiles/profile123/endpoints/endpoint000002?api-version=2016-10-02
  response:
    body: {string: "{\r\n  \"name\":\"endpoint000002\",\"id\":\"/subscriptions/00000000-0000-0000-0000-000000000000/resourcegroups/clitest.rg000001/providers/Microsoft.Cdn/profiles/profile123/endpoints/endpoint000002\"\
        ,\"type\":\"Microsoft.Cdn/profiles/endpoints\",\"tags\":{\r\n    \r\n  },\"\
        location\":\"WestUs\",\"properties\":{\r\n    \"hostName\":\"endpoint000002.azureedge.net\"\
        ,\"originHostHeader\":null,\"provisioningState\":\"Succeeded\",\"resourceState\"\
        :\"Running\",\"isHttpAllowed\":false,\"isHttpsAllowed\":true,\"queryStringCachingBehavior\"\
        :\"IgnoreQueryString\",\"originPath\":null,\"origins\":[\r\n      {\r\n  \
        \      \"name\":\"origin-0\",\"properties\":{\r\n          \"hostName\":\"\
        www.example.com\",\"httpPort\":80,\"httpsPort\":443\r\n        }\r\n     \
        \ }\r\n    ],\"customDomains\":[\r\n      \r\n    ],\"contentTypesToCompress\"\
        :[\r\n      \"text/plain\",\"text/html\",\"text/css\",\"text/javascript\"\
        ,\"application/x-javascript\",\"application/javascript\",\"application/json\"\
        ,\"application/xml\"\r\n    ],\"isCompressionEnabled\":true,\"optimizationType\"\
        :null,\"geoFilters\":[\r\n      \r\n    ]\r\n  }\r\n}"}
    headers:
      cache-control: [no-cache]
      content-length: ['1081']
      content-type: [application/json; odata.metadata=minimal]
      date: ['Tue, 03 Oct 2017 20:39:06 GMT']
      expires: ['-1']
      odata-version: ['4.0']
      pragma: [no-cache]
      server: [Microsoft-IIS/8.5]
      strict-transport-security: [max-age=31536000; includeSubDomains]
      transfer-encoding: [chunked]
      vary: [Accept-Encoding]
      x-aspnet-version: [4.0.30319]
      x-powered-by: [ASP.NET]
    status: {code: 200, message: OK}
- request:
    body: '{"tags": {}, "properties": {"queryStringCachingBehavior": "IgnoreQueryString",
      "contentTypesToCompress": ["text/plain", "text/html", "text/css", "text/javascript",
      "application/x-javascript", "application/javascript", "application/json", "application/xml"],
      "isCompressionEnabled": false, "isHttpsAllowed": false, "isHttpAllowed": true}}'
    headers:
      Accept: [application/json]
      Accept-Encoding: ['gzip, deflate']
      CommandName: [unknown]
      Connection: [keep-alive]
      Content-Length: ['337']
      Content-Type: [application/json; charset=utf-8]
      User-Agent: [python/3.5.3 (Windows-10-10.0.15063-SP0) requests/2.9.1 msrest/0.4.14
          msrest_azure/0.4.14 cdnmanagementclient/1.0.0 Azure-SDK-For-Python AZURECLI/2.0.17+dev]
      accept-language: [en-US]
    method: PATCH
    uri: https://management.azure.com/subscriptions/00000000-0000-0000-0000-000000000000/resourceGroups/clitest.rg000001/providers/Microsoft.Cdn/profiles/profile123/endpoints/endpoint000002?api-version=2016-10-02
  response:
    body: {string: "{\r\n  \"name\":\"endpoint000002\",\"id\":\"/subscriptions/00000000-0000-0000-0000-000000000000/resourcegroups/clitest.rg000001/providers/Microsoft.Cdn/profiles/profile123/endpoints/endpoint000002\"\
        ,\"type\":\"Microsoft.Cdn/profiles/endpoints\",\"tags\":{\r\n    \r\n  },\"\
        location\":\"WestUs\",\"properties\":{\r\n    \"hostName\":\"endpoint000002.azureedge.net\"\
        ,\"originHostHeader\":null,\"provisioningState\":\"Succeeded\",\"resourceState\"\
        :\"Running\",\"isHttpAllowed\":true,\"isHttpsAllowed\":false,\"queryStringCachingBehavior\"\
        :\"IgnoreQueryString\",\"originPath\":null,\"origins\":[\r\n      {\r\n  \
        \      \"name\":\"origin-0\",\"properties\":{\r\n          \"hostName\":\"\
        www.example.com\",\"httpPort\":80,\"httpsPort\":443\r\n        }\r\n     \
        \ }\r\n    ],\"customDomains\":[\r\n      \r\n    ],\"contentTypesToCompress\"\
        :[\r\n      \"text/plain\",\"text/html\",\"text/css\",\"text/javascript\"\
        ,\"application/x-javascript\",\"application/javascript\",\"application/json\"\
        ,\"application/xml\"\r\n    ],\"isCompressionEnabled\":false,\"optimizationType\"\
        :null,\"geoFilters\":[\r\n      \r\n    ]\r\n  }\r\n}"}
    headers:
      azure-asyncoperation: ['https://management.azure.com/subscriptions/00000000-0000-0000-0000-000000000000/resourcegroups/clitest.rg000001/providers/Microsoft.Cdn/operationresults/38747ff5-998a-4df3-8ca2-1e5aa206344a?api-version=2016-10-02']
      cache-control: [no-cache]
      content-length: ['1082']
      content-type: [application/json; odata.metadata=minimal]
      date: ['Tue, 03 Oct 2017 20:39:08 GMT']
      expires: ['-1']
      location: ['https://management.azure.com/subscriptions/00000000-0000-0000-0000-000000000000/resourcegroups/clitest.rg000001/providers/Microsoft.Cdn/operationresults/38747ff5-998a-4df3-8ca2-1e5aa206344a/profileresults/profile123/endpointresults/endpoint000002?api-version=2016-10-02']
      odata-version: ['4.0']
      pragma: [no-cache]
      server: [Microsoft-IIS/8.5]
      strict-transport-security: [max-age=31536000; includeSubDomains]
      x-aspnet-version: [4.0.30319]
      x-ms-ratelimit-remaining-subscription-writes: ['1197']
      x-powered-by: [ASP.NET]
    status: {code: 202, message: Accepted}
- request:
    body: null
    headers:
      Accept: [application/json]
      Accept-Encoding: ['gzip, deflate']
      CommandName: [unknown]
      Connection: [keep-alive]
      Content-Type: [application/json; charset=utf-8]
      User-Agent: [python/3.5.3 (Windows-10-10.0.15063-SP0) requests/2.9.1 msrest/0.4.14
          msrest_azure/0.4.14 cdnmanagementclient/1.0.0 Azure-SDK-For-Python AZURECLI/2.0.17+dev]
      accept-language: [en-US]
    method: GET
    uri: https://management.azure.com/subscriptions/00000000-0000-0000-0000-000000000000/resourcegroups/clitest.rg000001/providers/Microsoft.Cdn/operationresults/38747ff5-998a-4df3-8ca2-1e5aa206344a?api-version=2016-10-02
  response:
    body: {string: "{\r\n  \"status\":\"Succeeded\",\"error\":{\r\n    \"code\":\"\
        None\",\"message\":null\r\n  }\r\n}"}
    headers:
      cache-control: [no-cache]
      content-length: ['77']
      content-type: [application/json; odata.metadata=minimal]
      date: ['Tue, 03 Oct 2017 20:39:18 GMT']
      expires: ['-1']
      odata-version: ['4.0']
      pragma: [no-cache]
      server: [Microsoft-IIS/8.5]
      strict-transport-security: [max-age=31536000; includeSubDomains]
      transfer-encoding: [chunked]
      vary: [Accept-Encoding]
      x-aspnet-version: [4.0.30319]
      x-powered-by: [ASP.NET]
    status: {code: 200, message: OK}
- request:
    body: null
    headers:
      Accept: [application/json]
      Accept-Encoding: ['gzip, deflate']
      CommandName: [unknown]
      Connection: [keep-alive]
      Content-Type: [application/json; charset=utf-8]
      User-Agent: [python/3.5.3 (Windows-10-10.0.15063-SP0) requests/2.9.1 msrest/0.4.14
          msrest_azure/0.4.14 cdnmanagementclient/1.0.0 Azure-SDK-For-Python AZURECLI/2.0.17+dev]
      accept-language: [en-US]
    method: GET
    uri: https://management.azure.com/subscriptions/00000000-0000-0000-0000-000000000000/resourceGroups/clitest.rg000001/providers/Microsoft.Cdn/profiles/profile123/endpoints/endpoint000002?api-version=2016-10-02
  response:
    body: {string: "{\r\n  \"name\":\"endpoint000002\",\"id\":\"/subscriptions/00000000-0000-0000-0000-000000000000/resourcegroups/clitest.rg000001/providers/Microsoft.Cdn/profiles/profile123/endpoints/endpoint000002\"\
        ,\"type\":\"Microsoft.Cdn/profiles/endpoints\",\"tags\":{\r\n    \r\n  },\"\
        location\":\"WestUs\",\"properties\":{\r\n    \"hostName\":\"endpoint000002.azureedge.net\"\
        ,\"originHostHeader\":null,\"provisioningState\":\"Succeeded\",\"resourceState\"\
        :\"Running\",\"isHttpAllowed\":true,\"isHttpsAllowed\":false,\"queryStringCachingBehavior\"\
        :\"IgnoreQueryString\",\"originPath\":null,\"origins\":[\r\n      {\r\n  \
        \      \"name\":\"origin-0\",\"properties\":{\r\n          \"hostName\":\"\
        www.example.com\",\"httpPort\":80,\"httpsPort\":443\r\n        }\r\n     \
        \ }\r\n    ],\"customDomains\":[\r\n      \r\n    ],\"contentTypesToCompress\"\
        :[\r\n      \"text/plain\",\"text/html\",\"text/css\",\"text/javascript\"\
        ,\"application/x-javascript\",\"application/javascript\",\"application/json\"\
        ,\"application/xml\"\r\n    ],\"isCompressionEnabled\":false,\"optimizationType\"\
        :null,\"geoFilters\":[\r\n      \r\n    ]\r\n  }\r\n}"}
    headers:
      cache-control: [no-cache]
      content-length: ['1082']
      content-type: [application/json; odata.metadata=minimal]
      date: ['Tue, 03 Oct 2017 20:39:18 GMT']
      expires: ['-1']
      odata-version: ['4.0']
      pragma: [no-cache]
      server: [Microsoft-IIS/8.5]
      strict-transport-security: [max-age=31536000; includeSubDomains]
      transfer-encoding: [chunked]
      vary: [Accept-Encoding]
      x-aspnet-version: [4.0.30319]
      x-powered-by: [ASP.NET]
    status: {code: 200, message: OK}
- request:
    body: null
    headers:
      Accept: [application/json]
      Accept-Encoding: ['gzip, deflate']
      CommandName: [unknown]
      Connection: [keep-alive]
      Content-Length: ['0']
      Content-Type: [application/json; charset=utf-8]
      User-Agent: [python/3.5.3 (Windows-10-10.0.15063-SP0) requests/2.9.1 msrest/0.4.14
          msrest_azure/0.4.14 cdnmanagementclient/1.0.0 Azure-SDK-For-Python AZURECLI/2.0.17+dev]
      accept-language: [en-US]
    method: DELETE
    uri: https://management.azure.com/subscriptions/00000000-0000-0000-0000-000000000000/resourceGroups/clitest.rg000001/providers/Microsoft.Cdn/profiles/profile123/endpoints/endpoint000002?api-version=2016-10-02
  response:
    body: {string: ''}
    headers:
      azure-asyncoperation: ['https://management.azure.com/subscriptions/00000000-0000-0000-0000-000000000000/resourcegroups/clitest.rg000001/providers/Microsoft.Cdn/operationresults/e5263f6b-99ee-46ff-9f66-8f13d7e4bf1c?api-version=2016-10-02']
      cache-control: [no-cache]
      content-length: ['0']
      date: ['Tue, 03 Oct 2017 20:39:19 GMT']
      expires: ['-1']
      location: ['https://management.azure.com/subscriptions/00000000-0000-0000-0000-000000000000/resourcegroups/clitest.rg000001/providers/Microsoft.Cdn/operationresults/e5263f6b-99ee-46ff-9f66-8f13d7e4bf1c/profileresults/profile123/endpointresults/endpoint000002?api-version=2016-10-02']
      pragma: [no-cache]
      server: [Microsoft-IIS/8.5]
      strict-transport-security: [max-age=31536000; includeSubDomains]
      x-aspnet-version: [4.0.30319]
      x-ms-ratelimit-remaining-subscription-writes: ['1197']
      x-powered-by: [ASP.NET]
    status: {code: 202, message: Accepted}
- request:
    body: null
    headers:
      Accept: [application/json]
      Accept-Encoding: ['gzip, deflate']
      CommandName: [unknown]
      Connection: [keep-alive]
      Content-Type: [application/json; charset=utf-8]
      User-Agent: [python/3.5.3 (Windows-10-10.0.15063-SP0) requests/2.9.1 msrest/0.4.14
          msrest_azure/0.4.14 cdnmanagementclient/1.0.0 Azure-SDK-For-Python AZURECLI/2.0.17+dev]
      accept-language: [en-US]
    method: GET
    uri: https://management.azure.com/subscriptions/00000000-0000-0000-0000-000000000000/resourcegroups/clitest.rg000001/providers/Microsoft.Cdn/operationresults/e5263f6b-99ee-46ff-9f66-8f13d7e4bf1c?api-version=2016-10-02
  response:
    body: {string: "{\r\n  \"status\":\"Succeeded\",\"error\":{\r\n    \"code\":\"\
        None\",\"message\":null\r\n  }\r\n}"}
    headers:
      cache-control: [no-cache]
      content-length: ['77']
      content-type: [application/json; odata.metadata=minimal]
      date: ['Tue, 03 Oct 2017 20:39:31 GMT']
      expires: ['-1']
      odata-version: ['4.0']
      pragma: [no-cache]
      server: [Microsoft-IIS/8.5]
      strict-transport-security: [max-age=31536000; includeSubDomains]
      transfer-encoding: [chunked]
      vary: [Accept-Encoding]
      x-aspnet-version: [4.0.30319]
      x-powered-by: [ASP.NET]
    status: {code: 200, message: OK}
- request:
    body: null
    headers:
      Accept: [application/json]
      Accept-Encoding: ['gzip, deflate']
      CommandName: [unknown]
      Connection: [keep-alive]
      Content-Length: ['0']
      Content-Type: [application/json; charset=utf-8]
      User-Agent: [python/3.5.3 (Windows-10-10.0.15063-SP0) requests/2.9.1 msrest/0.4.14
          msrest_azure/0.4.14 resourcemanagementclient/1.2.0rc2 Azure-SDK-For-Python
          AZURECLI/2.0.17+dev]
      accept-language: [en-US]
    method: DELETE
    uri: https://management.azure.com/subscriptions/00000000-0000-0000-0000-000000000000/resourcegroups/clitest.rg000001?api-version=2017-05-10
  response:
    body: {string: ''}
    headers:
      cache-control: [no-cache]
      content-length: ['0']
      date: ['Tue, 03 Oct 2017 20:39:31 GMT']
      expires: ['-1']
      location: ['https://management.azure.com/subscriptions/00000000-0000-0000-0000-000000000000/operationresults/eyJqb2JJZCI6IlJFU09VUkNFR1JPVVBERUxFVElPTkpPQi1DTElURVNUOjJFUkdERlVUMlVNNjJaRk9FSjNaN0dHT04yTTVHT0xOMzdDUTRFS3w3M0YxOEU3NENCM0JBOTBGLVdFU1RVUyIsImpvYkxvY2F0aW9uIjoid2VzdHVzIn0?api-version=2017-05-10']
      pragma: [no-cache]
      strict-transport-security: [max-age=31536000; includeSubDomains]
      x-ms-ratelimit-remaining-subscription-writes: ['1199']
    status: {code: 202, message: Accepted}
version: 1
