interactions:
- request:
    body: null
    headers:
      Accept: [application/json]
      Accept-Encoding: ['gzip, deflate']
      Connection: [keep-alive]
      Content-Type: [application/json; charset=utf-8]
      User-Agent: [python/3.6.0 (Windows-10-10.0.14393-SP0) requests/2.9.1 msrest/0.4.4
          msrest_azure/0.4.7 websitemanagementclient/0.30.1 Azure-SDK-For-Python AZURECLI/TEST/0.1.1b3+dev]
      accept-language: [en-US]
      x-ms-client-request-id: [38c648dc-ee71-11e6-b46a-98588a06bf8b]
    method: GET
    uri: https://management.azure.com/subscriptions/00000000-0000-0000-0000-000000000000/resourceGroups/cli-webapp-backup/providers/Microsoft.Web/sites/azurecli-webapp-backuptest?api-version=2015-08-01
  response:
    body: {string: '{"id":"/subscriptions/00000000-0000-0000-0000-000000000000/resourceGroups/cli-webapp-backup/providers/Microsoft.Web/sites/azurecli-webapp-backuptest","name":"azurecli-webapp-backuptest","type":"Microsoft.Web/sites","kind":"app","location":"West
        US","tags":null,"properties":{"name":"azurecli-webapp-backuptest","state":"Running","hostNames":["azurecli-webapp-backuptest.azurewebsites.net"],"webSpace":"cli-webapp-backup-WestUSwebspace","selfLink":"https://waws-prod-bay-075.api.azurewebsites.windows.net:454/subscriptions/00000000-0000-0000-0000-000000000000/webspaces/cli-webapp-backup-WestUSwebspace/sites/azurecli-webapp-backuptest","repositorySiteName":"azurecli-webapp-backuptest","owner":null,"usageState":0,"enabled":true,"adminEnabled":true,"enabledHostNames":["azurecli-webapp-backuptest.azurewebsites.net","azurecli-webapp-backuptest.scm.azurewebsites.net"],"siteProperties":{"metadata":null,"properties":[],"appSettings":null},"availabilityState":0,"sslCertificates":null,"csrs":[],"cers":null,"siteMode":null,"hostNameSslStates":[{"name":"azurecli-webapp-backuptest.azurewebsites.net","sslState":0,"ipBasedSslResult":null,"virtualIP":null,"thumbprint":null,"toUpdate":null,"toUpdateIpBasedSsl":null,"ipBasedSslState":0,"hostType":0},{"name":"azurecli-webapp-backuptest.scm.azurewebsites.net","sslState":0,"ipBasedSslResult":null,"virtualIP":null,"thumbprint":null,"toUpdate":null,"toUpdateIpBasedSsl":null,"ipBasedSslState":0,"hostType":1}],"computeMode":null,"serverFarm":null,"serverFarmId":"/subscriptions/00000000-0000-0000-0000-000000000000/resourceGroups/cli-webapp-backup/providers/Microsoft.Web/serverfarms/webapp-backup-plan","reserved":false,"lastModifiedTimeUtc":"2017-02-09T02:41:09.44","storageRecoveryDefaultState":"Running","contentAvailabilityState":0,"runtimeAvailabilityState":0,"siteConfig":null,"deploymentId":"azurecli-webapp-backuptest","trafficManagerHostNames":null,"sku":"Standard","premiumAppDeployed":null,"scmSiteAlsoStopped":false,"targetSwapSlot":null,"hostingEnvironment":null,"hostingEnvironmentProfile":null,"microService":"WebSites","gatewaySiteName":null,"clientAffinityEnabled":true,"clientCertEnabled":false,"hostNamesDisabled":false,"domainVerificationIdentifiers":null,"kind":"app","outboundIpAddresses":"104.40.3.53,104.40.18.224,104.40.21.79,104.40.21.56,104.40.23.196","containerSize":0,"dailyMemoryTimeQuota":0,"suspendedTill":null,"siteDisabledReason":0,"functionExecutionUnitsCache":null,"maxNumberOfWorkers":null,"homeStamp":"waws-prod-bay-075","cloningInfo":null,"hostingEnvironmentId":null,"tags":null,"resourceGroup":"cli-webapp-backup","defaultHostName":"azurecli-webapp-backuptest.azurewebsites.net","slotSwapStatus":null}}'}
    headers:
      Cache-Control: [no-cache]
      Content-Type: [application/json]
      Date: ['Thu, 09 Feb 2017 02:41:12 GMT']
      ETag: ['"1D2827DF83C7400"']
      Expires: ['-1']
      Pragma: [no-cache]
      Server: [Microsoft-IIS/8.0]
      Strict-Transport-Security: [max-age=31536000; includeSubDomains]
      Transfer-Encoding: [chunked]
      Vary: [Accept-Encoding]
      X-AspNet-Version: [4.0.30319]
      X-Powered-By: [ASP.NET]
      content-length: ['2716']
    status: {code: 200, message: OK}
- request:
    body: '{"location": "West US", "properties": {"enabled": true, "storageAccountUrl":
      "https://azureclistore.blob.core.windows.net/sitebackups?sv=2015-04-05&sr=c&sig=OMVqCzulgUou3XyUeUUJbNbhc1sF25iMZw4weAXZ%2FVw%3D&se=2017-02-09T12%3A27%3A14Z&sp=rwdl",
      "backupSchedule": {"frequencyInterval": 1, "frequencyUnit": "Day", "keepAtLeastOneBackup":
      true, "retentionPeriodInDays": 7}, "databases": [{"databaseType": "SqlAzure",
      "name": "cli-db", "connectionString": "Server=tcp:cli-backup.database.windows.net,1433;Initial
      Catalog=cli-db;Persist Security Info=False;User ID=cliuser;Password=cli!password1;MultipleActiveResultSets=False;Encrypt=True;TrustServerCertificate=False;Connection
      Timeout=30;"}]}}'
    headers:
      Accept: [application/json]
      Accept-Encoding: ['gzip, deflate']
      Connection: [keep-alive]
      Content-Length: ['690']
      Content-Type: [application/json; charset=utf-8]
      User-Agent: [python/3.6.0 (Windows-10-10.0.14393-SP0) requests/2.9.1 msrest/0.4.4
          msrest_azure/0.4.7 websitemanagementclient/0.30.1 Azure-SDK-For-Python AZURECLI/TEST/0.1.1b3+dev]
      accept-language: [en-US]
      x-ms-client-request-id: [39170324-ee71-11e6-82c7-98588a06bf8b]
    method: PUT
    uri: https://management.azure.com/subscriptions/00000000-0000-0000-0000-000000000000/resourceGroups/cli-webapp-backup/providers/Microsoft.Web/sites/azurecli-webapp-backuptest/config/backup?api-version=2015-08-01
  response:
    body: {string: ''}
    headers:
      Cache-Control: [no-cache]
      Content-Length: ['0']
      Date: ['Thu, 09 Feb 2017 02:41:16 GMT']
      Expires: ['-1']
      Pragma: [no-cache]
      Server: [Microsoft-IIS/8.0]
      Strict-Transport-Security: [max-age=31536000; includeSubDomains]
      X-AspNet-Version: [4.0.30319]
      X-Powered-By: [ASP.NET]
      x-ms-ratelimit-remaining-subscription-writes: ['1198']
    status: {code: 200, message: OK}
- request:
    body: null
    headers:
      Accept: [application/json]
      Accept-Encoding: ['gzip, deflate']
      Connection: [keep-alive]
      Content-Length: ['0']
      Content-Type: [application/json; charset=utf-8]
      User-Agent: [python/3.6.0 (Windows-10-10.0.14393-SP0) requests/2.9.1 msrest/0.4.4
          msrest_azure/0.4.7 websitemanagementclient/0.30.1 Azure-SDK-For-Python AZURECLI/TEST/0.1.1b3+dev]
      accept-language: [en-US]
      x-ms-client-request-id: [3b30a048-ee71-11e6-80f7-98588a06bf8b]
    method: POST
    uri: https://management.azure.com/subscriptions/00000000-0000-0000-0000-000000000000/resourceGroups/cli-webapp-backup/providers/Microsoft.Web/sites/azurecli-webapp-backuptest/config/backup/list?api-version=2015-08-01
  response:
    body: {string: '{"id":"/subscriptions/00000000-0000-0000-0000-000000000000/resourceGroups/cli-webapp-backup/providers/Microsoft.Web/sites/azurecli-webapp-backuptest","name":"azurecli-webapp-backuptest","type":"Microsoft.Web/sites","location":"West
        US","tags":null,"properties":{"name":"azurecli-webapp-backuptest","enabled":true,"storageAccountUrl":"https://azureclistore.blob.core.windows.net/sitebackups?sv=2015-04-05&sr=c&sig=OMVqCzulgUou3XyUeUUJbNbhc1sF25iMZw4weAXZ%2FVw%3D&se=2017-02-09T12%3A27%3A14Z&sp=rwdl","backupSchedule":{"frequencyInterval":1,"frequencyUnit":0,"keepAtLeastOneBackup":true,"retentionPeriodInDays":7,"startTime":"2017-02-09T02:41:17.0631338"},"databases":[{"databaseType":"SqlAzure","name":"cli-db","connectionStringName":null,"connectionString":"Server=tcp:cli-backup.database.windows.net,1433;Initial
        Catalog=cli-db;Persist Security Info=False;User ID=cliuser;Password=cli!password1;MultipleActiveResultSets=False;Encrypt=True;TrustServerCertificate=False;Connection
        Timeout=30;"}],"type":0}}'}
    headers:
      Cache-Control: [no-cache]
      Content-Type: [application/json]
      Date: ['Thu, 09 Feb 2017 02:41:16 GMT']
      Expires: ['-1']
      Pragma: [no-cache]
      Server: [Microsoft-IIS/8.0]
      Strict-Transport-Security: [max-age=31536000; includeSubDomains]
      Transfer-Encoding: [chunked]
      Vary: [Accept-Encoding]
      X-AspNet-Version: [4.0.30319]
      X-Powered-By: [ASP.NET]
      content-length: ['1011']
      x-ms-ratelimit-remaining-subscription-resource-requests: ['11914']
    status: {code: 200, message: OK}
version: 1
