interactions:
- request:
    body: '{"location": "eastus2", "identity": {"type": "SystemAssigned"}, "properties":
      {"encryptionConfig": {"type": "ServiceManaged"}}}'
    headers:
      Accept:
      - application/json
      Accept-Encoding:
      - gzip, deflate
      CommandName:
      - dls account create
      Connection:
      - keep-alive
      Content-Length:
      - '127'
      Content-Type:
      - application/json; charset=utf-8
      ParameterSetName:
      - -g -n -l
      User-Agent:
      - python/3.8.10 (Windows-10-10.0.19045-SP0) msrest/0.7.1 msrest_azure/0.6.4
        azure-mgmt-datalake-store/0.5.0 Azure-SDK-For-Python AZURECLI/2.42.0
      accept-language:
      - en-US
    method: PUT
    uri: https://management.azure.com/subscriptions/00000000-0000-0000-0000-000000000000/resourceGroups/cli_test_adls_mgmt000001/providers/Microsoft.DataLakeStore/accounts/cliadls000003?api-version=2016-11-01
  response:
    body:
      string: '{"properties":{"encryptionConfig":{"type":"ServiceManaged"},"provisioningState":"Creating","state":null,"endpoint":null,"accountId":"70946140-cd87-4e8c-a6fc-59a4b4369089"},"location":"eastus2","identity":{"type":"SystemAssigned","principalId":"00000000-0000-0000-0000-000000000000","tenantId":"00000000-0000-0000-0000-000000000000"},"id":"/subscriptions/00000000-0000-0000-0000-000000000000/resourceGroups/cli_test_adls_mgmt000001/providers/Microsoft.DataLakeStore/accounts/cliadls000003","name":"cliadls000003","type":"Microsoft.DataLakeStore/accounts"}'
    headers:
      azure-asyncoperation:
      - https://management.azure.com/subscriptions/00000000-0000-0000-0000-000000000000/providers/Microsoft.DataLakeStore/locations/eastus2/operationResults/70946140-cd87-4e8c-a6fc-59a4b4369089_0?api-version=2016-11-01
      cache-control:
      - no-cache
      content-length:
      - '554'
      content-type:
      - application/json
      date:
      - Thu, 17 Nov 2022 14:24:52 GMT
      expires:
      - '-1'
      location:
      - https://management.azure.com/subscriptions/00000000-0000-0000-0000-000000000000/resourcegroups/cli_test_adls_mgmt000001/providers/Microsoft.DataLakeStore/accounts/cliadls000003/operationresults/0?api-version=2016-11-01
      pragma:
      - no-cache
      server:
      - Microsoft-IIS/10.0
      strict-transport-security:
      - max-age=31536000; includeSubDomains
      x-aspnet-version:
      - 4.0.30319
      x-content-type-options:
      - nosniff
      x-ms-ratelimit-remaining-subscription-writes:
      - '1195'
      x-powered-by:
      - ASP.NET
    status:
      code: 201
      message: Created
- request:
    body: null
    headers:
      Accept:
      - application/json
      Accept-Encoding:
      - gzip, deflate
      CommandName:
      - dls account create
      Connection:
      - keep-alive
      ParameterSetName:
      - -g -n -l
      User-Agent:
      - python/3.8.10 (Windows-10-10.0.19045-SP0) msrest/0.7.1 msrest_azure/0.6.4
        azure-mgmt-datalake-store/0.5.0 Azure-SDK-For-Python AZURECLI/2.42.0
    method: GET
    uri: https://management.azure.com/subscriptions/00000000-0000-0000-0000-000000000000/providers/Microsoft.DataLakeStore/locations/eastus2/operationResults/70946140-cd87-4e8c-a6fc-59a4b4369089_0?api-version=2016-11-01
  response:
    body:
      string: '{"status":"InProgress","startTime":"2022-11-17T14:24:51.6587012Z"}'
    headers:
      cache-control:
      - no-cache
      content-length:
      - '66'
      content-type:
      - application/json
      date:
      - Thu, 17 Nov 2022 14:25:03 GMT
      expires:
      - '-1'
      pragma:
      - no-cache
      server:
      - Microsoft-IIS/10.0
      strict-transport-security:
      - max-age=31536000; includeSubDomains
      transfer-encoding:
      - chunked
      vary:
      - Accept-Encoding
      x-aspnet-version:
      - 4.0.30319
      x-content-type-options:
      - nosniff
      x-powered-by:
      - ASP.NET
    status:
      code: 200
      message: OK
- request:
    body: null
    headers:
      Accept:
      - application/json
      Accept-Encoding:
      - gzip, deflate
      CommandName:
      - dls account create
      Connection:
      - keep-alive
      ParameterSetName:
      - -g -n -l
      User-Agent:
      - python/3.8.10 (Windows-10-10.0.19045-SP0) msrest/0.7.1 msrest_azure/0.6.4
        azure-mgmt-datalake-store/0.5.0 Azure-SDK-For-Python AZURECLI/2.42.0
    method: GET
    uri: https://management.azure.com/subscriptions/00000000-0000-0000-0000-000000000000/providers/Microsoft.DataLakeStore/locations/eastus2/operationResults/70946140-cd87-4e8c-a6fc-59a4b4369089_0?api-version=2016-11-01
  response:
    body:
      string: '{"status":"Succeeded","startTime":"2022-11-17T14:24:51.6587012Z","endTime":"2022-11-17T14:25:22.5025835Z"}'
    headers:
      cache-control:
      - no-cache
      content-length:
      - '106'
      content-type:
      - application/json
      date:
      - Thu, 17 Nov 2022 14:25:34 GMT
      expires:
      - '-1'
      pragma:
      - no-cache
      server:
      - Microsoft-IIS/10.0
      strict-transport-security:
      - max-age=31536000; includeSubDomains
      transfer-encoding:
      - chunked
      vary:
      - Accept-Encoding
      x-aspnet-version:
      - 4.0.30319
      x-content-type-options:
      - nosniff
      x-powered-by:
      - ASP.NET
    status:
      code: 200
      message: OK
- request:
    body: null
    headers:
      Accept:
      - application/json
      Accept-Encoding:
      - gzip, deflate
      CommandName:
      - dls account create
      Connection:
      - keep-alive
      ParameterSetName:
      - -g -n -l
      User-Agent:
      - python/3.8.10 (Windows-10-10.0.19045-SP0) msrest/0.7.1 msrest_azure/0.6.4
        azure-mgmt-datalake-store/0.5.0 Azure-SDK-For-Python AZURECLI/2.42.0
    method: GET
    uri: https://management.azure.com/subscriptions/00000000-0000-0000-0000-000000000000/resourceGroups/cli_test_adls_mgmt000001/providers/Microsoft.DataLakeStore/accounts/cliadls000003?api-version=2016-11-01
  response:
    body:
      string: '{"properties":{"firewallState":"Disabled","firewallAllowAzureIps":"Disabled","firewallAllowDataLakeAnalytics":"Disabled","firewallRules":[],"virtualNetworkRules":[],"trustedIdProviderState":"Disabled","trustedIdProviders":[],"encryptionState":"Enabled","encryptionConfig":{"type":"ServiceManaged"},"currentTier":"Consumption","newTier":"Consumption","dataLakePerformanceTierState":"Disabled","migrationInfo":{"state":"RequestConsent","mode":"Offline","strategy":"Id"},"provisioningState":"Succeeded","state":"Active","endpoint":"cliadls000003.azuredatalakestore.net","accountId":"70946140-cd87-4e8c-a6fc-59a4b4369089","creationTime":"2022-11-17T14:24:54.3599933Z","lastModifiedTime":"2022-11-17T14:24:54.3599933Z"},"location":"eastus2","identity":{"type":"SystemAssigned","principalId":"e9092366-81c9-47a7-9b79-082882eb5308","tenantId":"54826b22-38d6-4fb2-bad9-b7b93a3e9c5a"},"id":"/subscriptions/00000000-0000-0000-0000-000000000000/resourceGroups/cli_test_adls_mgmt000001/providers/Microsoft.DataLakeStore/accounts/cliadls000003","name":"cliadls000003","type":"Microsoft.DataLakeStore/accounts"}'
    headers:
      cache-control:
      - no-cache
      content-length:
      - '1097'
      content-type:
      - application/json
      date:
      - Thu, 17 Nov 2022 14:25:36 GMT
      expires:
      - '-1'
      pragma:
      - no-cache
      server:
      - Microsoft-IIS/10.0
      strict-transport-security:
      - max-age=31536000; includeSubDomains
      transfer-encoding:
      - chunked
      vary:
      - Accept-Encoding
      x-aspnet-version:
      - 4.0.30319
      x-content-type-options:
      - nosniff
      x-powered-by:
      - ASP.NET
    status:
      code: 200
      message: OK
- request:
    body: null
    headers:
      Accept:
      - application/json
      Accept-Encoding:
      - gzip, deflate
      CommandName:
      - dls account show
      Connection:
      - keep-alive
      Content-Type:
      - application/json; charset=utf-8
      ParameterSetName:
      - -n -g
      User-Agent:
      - python/3.8.10 (Windows-10-10.0.19045-SP0) msrest/0.7.1 msrest_azure/0.6.4
        azure-mgmt-datalake-store/0.5.0 Azure-SDK-For-Python AZURECLI/2.42.0
      accept-language:
      - en-US
    method: GET
    uri: https://management.azure.com/subscriptions/00000000-0000-0000-0000-000000000000/resourceGroups/cli_test_adls_mgmt000001/providers/Microsoft.DataLakeStore/accounts/cliadls000003?api-version=2016-11-01
  response:
    body:
      string: '{"properties":{"firewallState":"Disabled","firewallAllowAzureIps":"Disabled","firewallAllowDataLakeAnalytics":"Disabled","firewallRules":[],"virtualNetworkRules":[],"trustedIdProviderState":"Disabled","trustedIdProviders":[],"encryptionState":"Enabled","encryptionConfig":{"type":"ServiceManaged"},"currentTier":"Consumption","newTier":"Consumption","dataLakePerformanceTierState":"Disabled","migrationInfo":{"state":"RequestConsent","mode":"Offline","strategy":"Id"},"provisioningState":"Succeeded","state":"Active","endpoint":"cliadls000003.azuredatalakestore.net","accountId":"70946140-cd87-4e8c-a6fc-59a4b4369089","creationTime":"2022-11-17T14:24:54.3599933Z","lastModifiedTime":"2022-11-17T14:24:54.3599933Z"},"location":"eastus2","identity":{"type":"SystemAssigned","principalId":"e9092366-81c9-47a7-9b79-082882eb5308","tenantId":"54826b22-38d6-4fb2-bad9-b7b93a3e9c5a"},"id":"/subscriptions/00000000-0000-0000-0000-000000000000/resourceGroups/cli_test_adls_mgmt000001/providers/Microsoft.DataLakeStore/accounts/cliadls000003","name":"cliadls000003","type":"Microsoft.DataLakeStore/accounts"}'
    headers:
      cache-control:
      - no-cache
      content-length:
      - '1097'
      content-type:
      - application/json
      date:
      - Thu, 17 Nov 2022 14:25:37 GMT
      expires:
      - '-1'
      pragma:
      - no-cache
      server:
      - Microsoft-IIS/10.0
      strict-transport-security:
      - max-age=31536000; includeSubDomains
      transfer-encoding:
      - chunked
      vary:
      - Accept-Encoding
      x-aspnet-version:
      - 4.0.30319
      x-content-type-options:
      - nosniff
      x-powered-by:
      - ASP.NET
    status:
      code: 200
      message: OK
- request:
    body: null
    headers:
      Accept:
      - application/json
      Accept-Encoding:
      - gzip, deflate
      CommandName:
      - dls account enable-key-vault
      Connection:
      - keep-alive
      Content-Length:
      - '0'
      Content-Type:
      - application/json; charset=utf-8
      ParameterSetName:
      - -n -g
      User-Agent:
      - python/3.8.10 (Windows-10-10.0.19045-SP0) msrest/0.7.1 msrest_azure/0.6.4
        azure-mgmt-datalake-store/0.5.0 Azure-SDK-For-Python AZURECLI/2.42.0
      accept-language:
      - en-US
    method: POST
    uri: https://management.azure.com/subscriptions/00000000-0000-0000-0000-000000000000/resourceGroups/cli_test_adls_mgmt000001/providers/Microsoft.DataLakeStore/accounts/cliadls000003/enableKeyVault?api-version=2016-11-01
  response:
    body:
      string: '{"error":{"code":"InvalidOperation","message":"Operation EnableKeyVault
        is invalid under current encryption state or config of account."}}'
    headers:
      cache-control:
      - no-cache
      content-length:
      - '138'
      content-type:
      - application/json
      date:
      - Thu, 17 Nov 2022 14:25:40 GMT
      expires:
      - '-1'
      pragma:
      - no-cache
      server:
      - Microsoft-IIS/10.0
      strict-transport-security:
      - max-age=31536000; includeSubDomains
      x-aspnet-version:
      - 4.0.30319
      x-content-type-options:
      - nosniff
      x-ms-ratelimit-remaining-subscription-writes:
      - '1199'
      x-powered-by:
      - ASP.NET
    status:
      code: 400
      message: Bad Request
- request:
    body: null
    headers:
      Accept:
      - application/json
      Accept-Encoding:
      - gzip, deflate
      CommandName:
      - dls account list
      Connection:
      - keep-alive
      Content-Type:
      - application/json; charset=utf-8
      ParameterSetName:
      - -g
      User-Agent:
      - python/3.8.10 (Windows-10-10.0.19045-SP0) msrest/0.7.1 msrest_azure/0.6.4
        azure-mgmt-datalake-store/0.5.0 Azure-SDK-For-Python AZURECLI/2.42.0
      accept-language:
      - en-US
    method: GET
    uri: https://management.azure.com/subscriptions/00000000-0000-0000-0000-000000000000/resourceGroups/cli_test_adls_mgmt000001/providers/Microsoft.DataLakeStore/accounts?api-version=2016-11-01
  response:
    body:
      string: '{"value":[{"properties":{"provisioningState":"Succeeded","state":"Active","endpoint":"cliadls000003.azuredatalakestore.net","accountId":"70946140-cd87-4e8c-a6fc-59a4b4369089","creationTime":"2022-11-17T14:24:54.3599933Z","lastModifiedTime":"2022-11-17T14:24:54.3599933Z"},"location":"eastus2","id":"/subscriptions/00000000-0000-0000-0000-000000000000/resourceGroups/cli_test_adls_mgmt000001/providers/Microsoft.DataLakeStore/accounts/cliadls000003","name":"cliadls000003","type":"Microsoft.DataLakeStore/accounts"}]}'
    headers:
      cache-control:
      - no-cache
      content-length:
      - '516'
      content-type:
      - application/json
      date:
      - Thu, 17 Nov 2022 14:25:42 GMT
      expires:
      - '-1'
      pragma:
      - no-cache
      server:
      - Microsoft-IIS/10.0
      strict-transport-security:
      - max-age=31536000; includeSubDomains
      transfer-encoding:
      - chunked
      vary:
      - Accept-Encoding
      x-aspnet-version:
      - 4.0.30319
      x-content-type-options:
      - nosniff
      x-powered-by:
      - ASP.NET
    status:
      code: 200
      message: OK
- request:
    body: null
    headers:
      Accept:
      - application/json
      Accept-Encoding:
      - gzip, deflate
      CommandName:
      - dls account list
      Connection:
      - keep-alive
      Content-Type:
      - application/json; charset=utf-8
      User-Agent:
      - python/3.8.10 (Windows-10-10.0.19045-SP0) msrest/0.7.1 msrest_azure/0.6.4
        azure-mgmt-datalake-store/0.5.0 Azure-SDK-For-Python AZURECLI/2.42.0
      accept-language:
      - en-US
    method: GET
    uri: https://management.azure.com/subscriptions/00000000-0000-0000-0000-000000000000/providers/Microsoft.DataLakeStore/accounts?api-version=2016-11-01
  response:
    body:
      string: '{"value":[{"properties":{"provisioningState":"Succeeded","state":"Active","endpoint":"cliadls000003.azuredatalakestore.net","accountId":"70946140-cd87-4e8c-a6fc-59a4b4369089","creationTime":"2022-11-17T14:24:54.3599933Z","lastModifiedTime":"2022-11-17T14:24:54.3599933Z"},"location":"eastus2","id":"/subscriptions/00000000-0000-0000-0000-000000000000/resourceGroups/cli_test_adls_mgmt000001/providers/Microsoft.DataLakeStore/accounts/cliadls000003","name":"cliadls000003","type":"Microsoft.DataLakeStore/accounts"}]}'
    headers:
      cache-control:
      - no-cache
      content-length:
      - '516'
      content-type:
      - application/json
      date:
      - Thu, 17 Nov 2022 14:25:43 GMT
      expires:
      - '-1'
      pragma:
      - no-cache
      server:
      - Microsoft-IIS/10.0
      strict-transport-security:
      - max-age=31536000; includeSubDomains
      transfer-encoding:
      - chunked
      vary:
      - Accept-Encoding
      x-aspnet-version:
      - 4.0.30319
      x-content-type-options:
      - nosniff
      x-powered-by:
      - ASP.NET
    status:
      code: 200
      message: OK
- request:
    body: '{"properties": {"firewallState": "Enabled", "trustedIdProviderState": "Enabled"}}'
    headers:
      Accept:
      - application/json
      Accept-Encoding:
      - gzip, deflate
      CommandName:
      - dls account update
      Connection:
      - keep-alive
      Content-Length:
      - '81'
      Content-Type:
      - application/json; charset=utf-8
      ParameterSetName:
      - -g -n --firewall-state --trusted-id-provider-state
      User-Agent:
      - python/3.8.10 (Windows-10-10.0.19045-SP0) msrest/0.7.1 msrest_azure/0.6.4
        azure-mgmt-datalake-store/0.5.0 Azure-SDK-For-Python AZURECLI/2.42.0
      accept-language:
      - en-US
    method: PATCH
    uri: https://management.azure.com/subscriptions/00000000-0000-0000-0000-000000000000/resourceGroups/cli_test_adls_mgmt000001/providers/Microsoft.DataLakeStore/accounts/cliadls000003?api-version=2016-11-01
  response:
    body:
      string: '{"properties":{"firewallState":"Enabled","firewallAllowAzureIps":"Disabled","firewallAllowDataLakeAnalytics":"Disabled","firewallRules":[],"virtualNetworkRules":[],"trustedIdProviderState":"Enabled","trustedIdProviders":[],"encryptionState":"Enabled","encryptionConfig":{"type":"ServiceManaged"},"currentTier":"Consumption","newTier":"Consumption","dataLakePerformanceTierState":"Disabled","migrationInfo":{"state":"RequestConsent","mode":"Offline","strategy":"Id"},"provisioningState":"Succeeded","state":"Active","endpoint":"cliadls000003.azuredatalakestore.net","accountId":"70946140-cd87-4e8c-a6fc-59a4b4369089","creationTime":"2022-11-17T14:24:54.3599933Z","lastModifiedTime":"2022-11-17T14:25:45.9878424Z"},"location":"eastus2","identity":{"type":"SystemAssigned","principalId":"e9092366-81c9-47a7-9b79-082882eb5308","tenantId":"54826b22-38d6-4fb2-bad9-b7b93a3e9c5a"},"id":"/subscriptions/00000000-0000-0000-0000-000000000000/resourceGroups/cli_test_adls_mgmt000001/providers/Microsoft.DataLakeStore/accounts/cliadls000003","name":"cliadls000003","type":"Microsoft.DataLakeStore/accounts"}'
    headers:
      cache-control:
      - no-cache
      content-length:
      - '1095'
      content-type:
      - application/json
      date:
      - Thu, 17 Nov 2022 14:25:48 GMT
      expires:
      - '-1'
      pragma:
      - no-cache
      server:
      - Microsoft-IIS/10.0
      strict-transport-security:
      - max-age=31536000; includeSubDomains
      transfer-encoding:
      - chunked
      vary:
      - Accept-Encoding
      x-aspnet-version:
      - 4.0.30319
      x-content-type-options:
      - nosniff
      x-ms-ratelimit-remaining-subscription-writes:
      - '1196'
      x-powered-by:
      - ASP.NET
    status:
      code: 200
      message: OK
- request:
    body: null
    headers:
      Accept:
      - application/json
      Accept-Encoding:
      - gzip, deflate
      CommandName:
      - dls account show
      Connection:
      - keep-alive
      Content-Type:
      - application/json; charset=utf-8
      ParameterSetName:
      - -n -g
      User-Agent:
      - python/3.8.10 (Windows-10-10.0.19045-SP0) msrest/0.7.1 msrest_azure/0.6.4
        azure-mgmt-datalake-store/0.5.0 Azure-SDK-For-Python AZURECLI/2.42.0
      accept-language:
      - en-US
    method: GET
    uri: https://management.azure.com/subscriptions/00000000-0000-0000-0000-000000000000/resourceGroups/cli_test_adls_mgmt000001/providers/Microsoft.DataLakeStore/accounts/cliadls000003?api-version=2016-11-01
  response:
    body:
      string: '{"properties":{"firewallState":"Enabled","firewallAllowAzureIps":"Disabled","firewallAllowDataLakeAnalytics":"Disabled","firewallRules":[],"virtualNetworkRules":[],"trustedIdProviderState":"Enabled","trustedIdProviders":[],"encryptionState":"Enabled","encryptionConfig":{"type":"ServiceManaged"},"currentTier":"Consumption","newTier":"Consumption","dataLakePerformanceTierState":"Disabled","migrationInfo":{"state":"RequestConsent","mode":"Offline","strategy":"Id"},"provisioningState":"Succeeded","state":"Active","endpoint":"cliadls000003.azuredatalakestore.net","accountId":"70946140-cd87-4e8c-a6fc-59a4b4369089","creationTime":"2022-11-17T14:24:54.3599933Z","lastModifiedTime":"2022-11-17T14:25:45.9878424Z"},"location":"eastus2","identity":{"type":"SystemAssigned","principalId":"e9092366-81c9-47a7-9b79-082882eb5308","tenantId":"54826b22-38d6-4fb2-bad9-b7b93a3e9c5a"},"id":"/subscriptions/00000000-0000-0000-0000-000000000000/resourceGroups/cli_test_adls_mgmt000001/providers/Microsoft.DataLakeStore/accounts/cliadls000003","name":"cliadls000003","type":"Microsoft.DataLakeStore/accounts"}'
    headers:
      cache-control:
      - no-cache
      content-length:
      - '1095'
      content-type:
      - application/json
      date:
      - Thu, 17 Nov 2022 14:25:49 GMT
      expires:
      - '-1'
      pragma:
      - no-cache
      server:
      - Microsoft-IIS/10.0
      strict-transport-security:
      - max-age=31536000; includeSubDomains
      transfer-encoding:
      - chunked
      vary:
      - Accept-Encoding
      x-aspnet-version:
      - 4.0.30319
      x-content-type-options:
      - nosniff
      x-powered-by:
      - ASP.NET
    status:
      code: 200
      message: OK
- request:
    body: '{"properties": {"startIpAddress": "127.0.0.1", "endIpAddress": "127.0.0.2"}}'
    headers:
      Accept:
      - application/json
      Accept-Encoding:
      - gzip, deflate
      CommandName:
      - dls account firewall create
      Connection:
      - keep-alive
      Content-Length:
      - '76'
      Content-Type:
      - application/json; charset=utf-8
      ParameterSetName:
      - -g -n --firewall-rule-name --start-ip-address --end-ip-address
      User-Agent:
      - python/3.8.10 (Windows-10-10.0.19045-SP0) msrest/0.7.1 msrest_azure/0.6.4
        azure-mgmt-datalake-store/0.5.0 Azure-SDK-For-Python AZURECLI/2.42.0
      accept-language:
      - en-US
    method: PUT
    uri: https://management.azure.com/subscriptions/00000000-0000-0000-0000-000000000000/resourceGroups/cli_test_adls_mgmt000001/providers/Microsoft.DataLakeStore/accounts/cliadls000003/firewallRules/testfirewallrule01?api-version=2016-11-01
  response:
    body:
      string: '{"properties":{"startIpAddress":"127.0.0.1","endIpAddress":"127.0.0.2"},"id":"/subscriptions/00000000-0000-0000-0000-000000000000/resourceGroups/cli_test_adls_mgmt000001/providers/Microsoft.DataLakeStore/accounts/cliadls000003/firewallRules/testfirewallrule01","name":"testfirewallrule01","type":"Microsoft.DataLakeStore/accounts/firewallRules"}'
    headers:
      cache-control:
      - no-cache
      content-length:
      - '345'
      content-type:
      - application/json
      date:
      - Thu, 17 Nov 2022 14:25:51 GMT
      expires:
      - '-1'
      pragma:
      - no-cache
      server:
      - Microsoft-IIS/10.0
      strict-transport-security:
      - max-age=31536000; includeSubDomains
      transfer-encoding:
      - chunked
      vary:
      - Accept-Encoding
      x-aspnet-version:
      - 4.0.30319
      x-content-type-options:
      - nosniff
      x-ms-ratelimit-remaining-subscription-writes:
      - '1194'
      x-powered-by:
      - ASP.NET
    status:
      code: 200
      message: OK
- request:
    body: null
    headers:
      Accept:
      - application/json
      Accept-Encoding:
      - gzip, deflate
      CommandName:
      - dls account firewall show
      Connection:
      - keep-alive
      Content-Type:
      - application/json; charset=utf-8
      ParameterSetName:
      - -g -n --firewall-rule-name
      User-Agent:
      - python/3.8.10 (Windows-10-10.0.19045-SP0) msrest/0.7.1 msrest_azure/0.6.4
        azure-mgmt-datalake-store/0.5.0 Azure-SDK-For-Python AZURECLI/2.42.0
      accept-language:
      - en-US
    method: GET
    uri: https://management.azure.com/subscriptions/00000000-0000-0000-0000-000000000000/resourceGroups/cli_test_adls_mgmt000001/providers/Microsoft.DataLakeStore/accounts/cliadls000003/firewallRules/testfirewallrule01?api-version=2016-11-01
  response:
    body:
      string: '{"properties":{"startIpAddress":"127.0.0.1","endIpAddress":"127.0.0.2"},"id":"/subscriptions/00000000-0000-0000-0000-000000000000/resourceGroups/cli_test_adls_mgmt000001/providers/Microsoft.DataLakeStore/accounts/cliadls000003/firewallRules/testfirewallrule01","name":"testfirewallrule01","type":"Microsoft.DataLakeStore/accounts/firewallRules"}'
    headers:
      cache-control:
      - no-cache
      content-length:
      - '345'
      content-type:
      - application/json
      date:
      - Thu, 17 Nov 2022 14:25:53 GMT
      expires:
      - '-1'
      pragma:
      - no-cache
      server:
      - Microsoft-IIS/10.0
      strict-transport-security:
      - max-age=31536000; includeSubDomains
      transfer-encoding:
      - chunked
      vary:
      - Accept-Encoding
      x-aspnet-version:
      - 4.0.30319
      x-content-type-options:
      - nosniff
      x-powered-by:
      - ASP.NET
    status:
      code: 200
      message: OK
- request:
    body: '{"properties": {"endIpAddress": "127.0.0.3"}}'
    headers:
      Accept:
      - application/json
      Accept-Encoding:
      - gzip, deflate
      CommandName:
      - dls account firewall update
      Connection:
      - keep-alive
      Content-Length:
      - '45'
      Content-Type:
      - application/json; charset=utf-8
      ParameterSetName:
      - -g -n --firewall-rule-name --end-ip-address
      User-Agent:
      - python/3.8.10 (Windows-10-10.0.19045-SP0) msrest/0.7.1 msrest_azure/0.6.4
        azure-mgmt-datalake-store/0.5.0 Azure-SDK-For-Python AZURECLI/2.42.0
      accept-language:
      - en-US
    method: PATCH
    uri: https://management.azure.com/subscriptions/00000000-0000-0000-0000-000000000000/resourceGroups/cli_test_adls_mgmt000001/providers/Microsoft.DataLakeStore/accounts/cliadls000003/firewallRules/testfirewallrule01?api-version=2016-11-01
  response:
    body:
      string: '{"properties":{"startIpAddress":"127.0.0.1","endIpAddress":"127.0.0.3"},"id":"/subscriptions/00000000-0000-0000-0000-000000000000/resourceGroups/cli_test_adls_mgmt000001/providers/Microsoft.DataLakeStore/accounts/cliadls000003/firewallRules/testfirewallrule01","name":"testfirewallrule01","type":"Microsoft.DataLakeStore/accounts/firewallRules"}'
    headers:
      cache-control:
      - no-cache
      content-length:
      - '345'
      content-type:
      - application/json
      date:
      - Thu, 17 Nov 2022 14:25:55 GMT
      expires:
      - '-1'
      pragma:
      - no-cache
      server:
      - Microsoft-IIS/10.0
      strict-transport-security:
      - max-age=31536000; includeSubDomains
      transfer-encoding:
      - chunked
      vary:
      - Accept-Encoding
      x-aspnet-version:
      - 4.0.30319
      x-content-type-options:
      - nosniff
      x-ms-ratelimit-remaining-subscription-writes:
      - '1196'
      x-powered-by:
      - ASP.NET
    status:
      code: 200
      message: OK
- request:
    body: null
    headers:
      Accept:
      - application/json
      Accept-Encoding:
      - gzip, deflate
      CommandName:
      - dls account firewall show
      Connection:
      - keep-alive
      Content-Type:
      - application/json; charset=utf-8
      ParameterSetName:
      - -g -n --firewall-rule-name
      User-Agent:
      - python/3.8.10 (Windows-10-10.0.19045-SP0) msrest/0.7.1 msrest_azure/0.6.4
        azure-mgmt-datalake-store/0.5.0 Azure-SDK-For-Python AZURECLI/2.42.0
      accept-language:
      - en-US
    method: GET
    uri: https://management.azure.com/subscriptions/00000000-0000-0000-0000-000000000000/resourceGroups/cli_test_adls_mgmt000001/providers/Microsoft.DataLakeStore/accounts/cliadls000003/firewallRules/testfirewallrule01?api-version=2016-11-01
  response:
    body:
      string: '{"properties":{"startIpAddress":"127.0.0.1","endIpAddress":"127.0.0.3"},"id":"/subscriptions/00000000-0000-0000-0000-000000000000/resourceGroups/cli_test_adls_mgmt000001/providers/Microsoft.DataLakeStore/accounts/cliadls000003/firewallRules/testfirewallrule01","name":"testfirewallrule01","type":"Microsoft.DataLakeStore/accounts/firewallRules"}'
    headers:
      cache-control:
      - no-cache
      content-length:
      - '345'
      content-type:
      - application/json
      date:
      - Thu, 17 Nov 2022 14:25:56 GMT
      expires:
      - '-1'
      pragma:
      - no-cache
      server:
      - Microsoft-IIS/10.0
      strict-transport-security:
      - max-age=31536000; includeSubDomains
      transfer-encoding:
      - chunked
      vary:
      - Accept-Encoding
      x-aspnet-version:
      - 4.0.30319
      x-content-type-options:
      - nosniff
      x-powered-by:
      - ASP.NET
    status:
      code: 200
      message: OK
- request:
    body: null
    headers:
      Accept:
      - application/json
      Accept-Encoding:
      - gzip, deflate
      CommandName:
      - dls account firewall list
      Connection:
      - keep-alive
      Content-Type:
      - application/json; charset=utf-8
      ParameterSetName:
      - -g -n
      User-Agent:
      - python/3.8.10 (Windows-10-10.0.19045-SP0) msrest/0.7.1 msrest_azure/0.6.4
        azure-mgmt-datalake-store/0.5.0 Azure-SDK-For-Python AZURECLI/2.42.0
      accept-language:
      - en-US
    method: GET
    uri: https://management.azure.com/subscriptions/00000000-0000-0000-0000-000000000000/resourceGroups/cli_test_adls_mgmt000001/providers/Microsoft.DataLakeStore/accounts/cliadls000003/firewallRules?api-version=2016-11-01
  response:
    body:
      string: '{"value":[{"properties":{"startIpAddress":"127.0.0.1","endIpAddress":"127.0.0.3"},"id":"/subscriptions/00000000-0000-0000-0000-000000000000/resourceGroups/cli_test_adls_mgmt000001/providers/Microsoft.DataLakeStore/accounts/cliadls000003/firewallRules/testfirewallrule01","name":"testfirewallrule01","type":"Microsoft.DataLakeStore/accounts/firewallRules"}]}'
    headers:
      cache-control:
      - no-cache
      content-length:
      - '357'
      content-type:
      - application/json
      date:
      - Thu, 17 Nov 2022 14:25:58 GMT
      expires:
      - '-1'
      pragma:
      - no-cache
      server:
      - Microsoft-IIS/10.0
      strict-transport-security:
      - max-age=31536000; includeSubDomains
      transfer-encoding:
      - chunked
      vary:
      - Accept-Encoding
      x-aspnet-version:
      - 4.0.30319
      x-content-type-options:
      - nosniff
      x-powered-by:
      - ASP.NET
    status:
      code: 200
      message: OK
- request:
    body: null
    headers:
      Accept:
      - application/json
      Accept-Encoding:
      - gzip, deflate
      CommandName:
      - dls account firewall delete
      Connection:
      - keep-alive
      Content-Length:
      - '0'
      Content-Type:
      - application/json; charset=utf-8
      ParameterSetName:
      - -g -n --firewall-rule-name
      User-Agent:
      - python/3.8.10 (Windows-10-10.0.19045-SP0) msrest/0.7.1 msrest_azure/0.6.4
        azure-mgmt-datalake-store/0.5.0 Azure-SDK-For-Python AZURECLI/2.42.0
      accept-language:
      - en-US
    method: DELETE
    uri: https://management.azure.com/subscriptions/00000000-0000-0000-0000-000000000000/resourceGroups/cli_test_adls_mgmt000001/providers/Microsoft.DataLakeStore/accounts/cliadls000003/firewallRules/testfirewallrule01?api-version=2016-11-01
  response:
    body:
      string: ''
    headers:
      cache-control:
      - no-cache
      content-length:
      - '0'
      date:
      - Thu, 17 Nov 2022 14:25:59 GMT
      expires:
      - '-1'
      pragma:
      - no-cache
      server:
      - Microsoft-IIS/10.0
      strict-transport-security:
      - max-age=31536000; includeSubDomains
      x-aspnet-version:
      - 4.0.30319
      x-content-type-options:
      - nosniff
      x-ms-ratelimit-remaining-subscription-deletes:
      - '14999'
      x-powered-by:
      - ASP.NET
    status:
      code: 200
      message: OK
- request:
    body: null
    headers:
      Accept:
      - application/json
      Accept-Encoding:
      - gzip, deflate
      CommandName:
      - dls account firewall list
      Connection:
      - keep-alive
      Content-Type:
      - application/json; charset=utf-8
      ParameterSetName:
      - -g -n
      User-Agent:
      - python/3.8.10 (Windows-10-10.0.19045-SP0) msrest/0.7.1 msrest_azure/0.6.4
        azure-mgmt-datalake-store/0.5.0 Azure-SDK-For-Python AZURECLI/2.42.0
      accept-language:
      - en-US
    method: GET
    uri: https://management.azure.com/subscriptions/00000000-0000-0000-0000-000000000000/resourceGroups/cli_test_adls_mgmt000001/providers/Microsoft.DataLakeStore/accounts/cliadls000003/firewallRules?api-version=2016-11-01
  response:
    body:
      string: '{"value":[]}'
    headers:
      cache-control:
      - no-cache
      content-length:
      - '12'
      content-type:
      - application/json
      date:
      - Thu, 17 Nov 2022 14:26:01 GMT
      expires:
      - '-1'
      pragma:
      - no-cache
      server:
      - Microsoft-IIS/10.0
      strict-transport-security:
      - max-age=31536000; includeSubDomains
      transfer-encoding:
      - chunked
      vary:
      - Accept-Encoding
      x-aspnet-version:
      - 4.0.30319
      x-content-type-options:
      - nosniff
      x-powered-by:
      - ASP.NET
    status:
      code: 200
      message: OK
- request:
    body: null
    headers:
      Accept:
      - application/json
      Accept-Encoding:
      - gzip, deflate
      CommandName:
      - network vnet subnet show
      Connection:
      - keep-alive
      ParameterSetName:
      - -g -n --vnet-name
      User-Agent:
      - AZURECLI/2.42.0 (AAZ) azsdk-python-core/1.24.0 Python/3.8.10 (Windows-10-10.0.19045-SP0)
    method: GET
    uri: https://management.azure.com/subscriptions/00000000-0000-0000-0000-000000000000/resourceGroups/cli_test_adls_mgmt000001/providers/Microsoft.Network/virtualNetworks/clitest.vn000002/subnets/default?api-version=2023-05-01
  response:
    body:
      string: "{\r\n  \"name\": \"default\",\r\n  \"id\": \"/subscriptions/00000000-0000-0000-0000-000000000000/resourceGroups/cli_test_adls_mgmt000001/providers/Microsoft.Network/virtualNetworks/clitest.vn000002/subnets/default\",\r\n
        \ \"etag\": \"W/\\\"8b020ea1-c4c0-44f3-9984-a2f44957eb41\\\"\",\r\n  \"properties\":
        {\r\n    \"provisioningState\": \"Succeeded\",\r\n    \"addressPrefix\": \"10.0.0.0/24\",\r\n
        \   \"delegations\": [],\r\n    \"privateEndpointNetworkPolicies\": \"Disabled\",\r\n
        \   \"privateLinkServiceNetworkPolicies\": \"Enabled\"\r\n  },\r\n  \"type\":
        \"Microsoft.Network/virtualNetworks/subnets\"\r\n}"
    headers:
      cache-control:
      - no-cache
      content-length:
      - '547'
      content-type:
      - application/json; charset=utf-8
      date:
      - Thu, 17 Nov 2022 14:26:03 GMT
      etag:
      - W/"8b020ea1-c4c0-44f3-9984-a2f44957eb41"
      expires:
      - '-1'
      pragma:
      - no-cache
      server:
      - Microsoft-HTTPAPI/2.0
      - Microsoft-HTTPAPI/2.0
      strict-transport-security:
      - max-age=31536000; includeSubDomains
      transfer-encoding:
      - chunked
      vary:
      - Accept-Encoding
      x-content-type-options:
      - nosniff
      x-ms-arm-service-request-id:
      - 89d26df0-0063-4e51-be46-b964d5908b57
    status:
      code: 200
      message: OK
- request:
    body: '{"name": "updatedSubnet", "properties": {"addressPrefix": "10.0.1.0/24"}}'
    headers:
      Accept:
      - application/json
      Accept-Encoding:
      - gzip, deflate
      CommandName:
      - network vnet subnet create
      Connection:
      - keep-alive
      Content-Length:
      - '73'
      Content-Type:
      - application/json
      ParameterSetName:
      - --resource-group --vnet-name --name --address-prefixes
      User-Agent:
      - AZURECLI/2.42.0 (AAZ) azsdk-python-core/1.24.0 Python/3.8.10 (Windows-10-10.0.19045-SP0)
    method: PUT
    uri: https://management.azure.com/subscriptions/00000000-0000-0000-0000-000000000000/resourceGroups/cli_test_adls_mgmt000001/providers/Microsoft.Network/virtualNetworks/clitest.vn000002/subnets/updatedSubnet?api-version=2023-05-01
  response:
    body:
      string: "{\r\n  \"name\": \"updatedSubnet\",\r\n  \"id\": \"/subscriptions/00000000-0000-0000-0000-000000000000/resourceGroups/cli_test_adls_mgmt000001/providers/Microsoft.Network/virtualNetworks/clitest.vn000002/subnets/updatedSubnet\",\r\n
        \ \"etag\": \"W/\\\"d87a616f-6992-4df9-aeec-5ba01c2e7761\\\"\",\r\n  \"properties\":
        {\r\n    \"provisioningState\": \"Updating\",\r\n    \"addressPrefix\": \"10.0.1.0/24\",\r\n
        \   \"delegations\": [],\r\n    \"privateEndpointNetworkPolicies\": \"Disabled\",\r\n
        \   \"privateLinkServiceNetworkPolicies\": \"Enabled\"\r\n  },\r\n  \"type\":
        \"Microsoft.Network/virtualNetworks/subnets\"\r\n}"
    headers:
      azure-asyncnotification:
      - Enabled
      azure-asyncoperation:
      - https://management.azure.com/subscriptions/00000000-0000-0000-0000-000000000000/providers/Microsoft.Network/locations/westus/operations/6e0f215d-a440-4fbe-8174-09b03db66174?api-version=2022-01-01
      cache-control:
      - no-cache
      content-length:
      - '558'
      content-type:
      - application/json; charset=utf-8
      date:
      - Thu, 17 Nov 2022 14:26:04 GMT
      expires:
      - '-1'
      pragma:
      - no-cache
      server:
      - Microsoft-HTTPAPI/2.0
      - Microsoft-HTTPAPI/2.0
      strict-transport-security:
      - max-age=31536000; includeSubDomains
      x-content-type-options:
      - nosniff
      x-ms-arm-service-request-id:
      - 1778b1f2-86de-4732-833b-c15f5ea57913
      x-ms-ratelimit-remaining-subscription-writes:
      - '1195'
    status:
      code: 201
      message: Created
- request:
    body: null
    headers:
      Accept:
      - '*/*'
      Accept-Encoding:
      - gzip, deflate
      CommandName:
      - network vnet subnet create
      Connection:
      - keep-alive
      ParameterSetName:
      - --resource-group --vnet-name --name --address-prefixes
      User-Agent:
      - AZURECLI/2.42.0 (AAZ) azsdk-python-core/1.24.0 Python/3.8.10 (Windows-10-10.0.19045-SP0)
    method: GET
    uri: https://management.azure.com/subscriptions/00000000-0000-0000-0000-000000000000/providers/Microsoft.Network/locations/westus/operations/6e0f215d-a440-4fbe-8174-09b03db66174?api-version=2022-01-01
  response:
    body:
      string: "{\r\n  \"status\": \"Succeeded\"\r\n}"
    headers:
      cache-control:
      - no-cache
      content-length:
      - '29'
      content-type:
      - application/json; charset=utf-8
      date:
      - Thu, 17 Nov 2022 14:26:07 GMT
      expires:
      - '-1'
      pragma:
      - no-cache
      server:
      - Microsoft-HTTPAPI/2.0
      - Microsoft-HTTPAPI/2.0
      strict-transport-security:
      - max-age=31536000; includeSubDomains
      transfer-encoding:
      - chunked
      vary:
      - Accept-Encoding
      x-content-type-options:
      - nosniff
      x-ms-arm-service-request-id:
      - 12fb9e5f-80ea-4e98-9cec-386cd21769e7
    status:
      code: 200
      message: OK
- request:
    body: null
    headers:
      Accept:
      - '*/*'
      Accept-Encoding:
      - gzip, deflate
      CommandName:
      - network vnet subnet create
      Connection:
      - keep-alive
      ParameterSetName:
      - --resource-group --vnet-name --name --address-prefixes
      User-Agent:
      - AZURECLI/2.42.0 (AAZ) azsdk-python-core/1.24.0 Python/3.8.10 (Windows-10-10.0.19045-SP0)
    method: GET
    uri: https://management.azure.com/subscriptions/00000000-0000-0000-0000-000000000000/resourceGroups/cli_test_adls_mgmt000001/providers/Microsoft.Network/virtualNetworks/clitest.vn000002/subnets/updatedSubnet?api-version=2023-05-01
  response:
    body:
      string: "{\r\n  \"name\": \"updatedSubnet\",\r\n  \"id\": \"/subscriptions/00000000-0000-0000-0000-000000000000/resourceGroups/cli_test_adls_mgmt000001/providers/Microsoft.Network/virtualNetworks/clitest.vn000002/subnets/updatedSubnet\",\r\n
        \ \"etag\": \"W/\\\"732ac5c2-43a0-4b0b-8b91-c55d8d81da58\\\"\",\r\n  \"properties\":
        {\r\n    \"provisioningState\": \"Succeeded\",\r\n    \"addressPrefix\": \"10.0.1.0/24\",\r\n
        \   \"delegations\": [],\r\n    \"privateEndpointNetworkPolicies\": \"Disabled\",\r\n
        \   \"privateLinkServiceNetworkPolicies\": \"Enabled\"\r\n  },\r\n  \"type\":
        \"Microsoft.Network/virtualNetworks/subnets\"\r\n}"
    headers:
      cache-control:
      - no-cache
      content-length:
      - '559'
      content-type:
      - application/json; charset=utf-8
      date:
      - Thu, 17 Nov 2022 14:26:08 GMT
      etag:
      - W/"732ac5c2-43a0-4b0b-8b91-c55d8d81da58"
      expires:
      - '-1'
      pragma:
      - no-cache
      server:
      - Microsoft-HTTPAPI/2.0
      - Microsoft-HTTPAPI/2.0
      strict-transport-security:
      - max-age=31536000; includeSubDomains
      transfer-encoding:
      - chunked
      vary:
      - Accept-Encoding
      x-content-type-options:
      - nosniff
      x-ms-arm-service-request-id:
      - ac8562fe-7a89-462f-9cc4-d7678be52953
    status:
      code: 200
      message: OK
- request:
    body: null
    headers:
      Accept:
      - application/json
      Accept-Encoding:
      - gzip, deflate
      CommandName:
      - network vnet subnet update
      Connection:
      - keep-alive
      ParameterSetName:
      - --service-endpoints --ids
      User-Agent:
      - AZURECLI/2.42.0 (AAZ) azsdk-python-core/1.24.0 Python/3.8.10 (Windows-10-10.0.19045-SP0)
    method: GET
    uri: https://management.azure.com/subscriptions/00000000-0000-0000-0000-000000000000/resourceGroups/cli_test_adls_mgmt000001/providers/Microsoft.Network/virtualNetworks/clitest.vn000002/subnets/default?api-version=2023-05-01
  response:
    body:
      string: "{\r\n  \"name\": \"default\",\r\n  \"id\": \"/subscriptions/00000000-0000-0000-0000-000000000000/resourceGroups/cli_test_adls_mgmt000001/providers/Microsoft.Network/virtualNetworks/clitest.vn000002/subnets/default\",\r\n
        \ \"etag\": \"W/\\\"732ac5c2-43a0-4b0b-8b91-c55d8d81da58\\\"\",\r\n  \"properties\":
        {\r\n    \"provisioningState\": \"Succeeded\",\r\n    \"addressPrefix\": \"10.0.0.0/24\",\r\n
        \   \"delegations\": [],\r\n    \"privateEndpointNetworkPolicies\": \"Disabled\",\r\n
        \   \"privateLinkServiceNetworkPolicies\": \"Enabled\"\r\n  },\r\n  \"type\":
        \"Microsoft.Network/virtualNetworks/subnets\"\r\n}"
    headers:
      cache-control:
      - no-cache
      content-length:
      - '547'
      content-type:
      - application/json; charset=utf-8
      date:
      - Thu, 17 Nov 2022 14:26:10 GMT
      etag:
      - W/"732ac5c2-43a0-4b0b-8b91-c55d8d81da58"
      expires:
      - '-1'
      pragma:
      - no-cache
      server:
      - Microsoft-HTTPAPI/2.0
      - Microsoft-HTTPAPI/2.0
      strict-transport-security:
      - max-age=31536000; includeSubDomains
      transfer-encoding:
      - chunked
      vary:
      - Accept-Encoding
      x-content-type-options:
      - nosniff
      x-ms-arm-service-request-id:
      - 9f2046e1-d484-4d59-8f8a-a287923a7300
    status:
      code: 200
      message: OK
- request:
    body: '{"id": "/subscriptions/00000000-0000-0000-0000-000000000000/resourceGroups/cli_test_adls_mgmt000001/providers/Microsoft.Network/virtualNetworks/clitest.vn000002/subnets/default",
      "name": "default", "properties": {"addressPrefix": "10.0.0.0/24", "delegations":
      [], "privateEndpointNetworkPolicies": "Disabled", "privateLinkServiceNetworkPolicies":
      "Enabled", "serviceEndpoints": [{"service": "Microsoft.AzureActiveDirectory"}]},
      "type": "Microsoft.Network/virtualNetworks/subnets"}'
    headers:
      Accept:
      - application/json
      Accept-Encoding:
      - gzip, deflate
      CommandName:
      - network vnet subnet update
      Connection:
      - keep-alive
      Content-Length:
      - '480'
      Content-Type:
      - application/json
      ParameterSetName:
      - --service-endpoints --ids
      User-Agent:
      - AZURECLI/2.42.0 (AAZ) azsdk-python-core/1.24.0 Python/3.8.10 (Windows-10-10.0.19045-SP0)
    method: PUT
    uri: https://management.azure.com/subscriptions/00000000-0000-0000-0000-000000000000/resourceGroups/cli_test_adls_mgmt000001/providers/Microsoft.Network/virtualNetworks/clitest.vn000002/subnets/default?api-version=2023-05-01
  response:
    body:
      string: "{\r\n  \"name\": \"default\",\r\n  \"id\": \"/subscriptions/00000000-0000-0000-0000-000000000000/resourceGroups/cli_test_adls_mgmt000001/providers/Microsoft.Network/virtualNetworks/clitest.vn000002/subnets/default\",\r\n
        \ \"etag\": \"W/\\\"a48c90c9-c41a-4a58-9f8d-4f95a24c7e10\\\"\",\r\n  \"properties\":
        {\r\n    \"provisioningState\": \"Updating\",\r\n    \"addressPrefix\": \"10.0.0.0/24\",\r\n
        \   \"serviceEndpoints\": [\r\n      {\r\n        \"provisioningState\": \"Updating\",\r\n
        \       \"service\": \"Microsoft.AzureActiveDirectory\",\r\n        \"locations\":
        [\r\n          \"*\"\r\n        ]\r\n      }\r\n    ],\r\n    \"delegations\":
        [],\r\n    \"privateEndpointNetworkPolicies\": \"Disabled\",\r\n    \"privateLinkServiceNetworkPolicies\":
        \"Enabled\"\r\n  },\r\n  \"type\": \"Microsoft.Network/virtualNetworks/subnets\"\r\n}"
    headers:
      azure-asyncnotification:
      - Enabled
      azure-asyncoperation:
      - https://management.azure.com/subscriptions/00000000-0000-0000-0000-000000000000/providers/Microsoft.Network/locations/westus/operations/37b60c76-5b8d-4730-b281-72027efb9af3?api-version=2022-01-01
      cache-control:
      - no-cache
      content-length:
      - '745'
      content-type:
      - application/json; charset=utf-8
      date:
      - Thu, 17 Nov 2022 14:26:10 GMT
      expires:
      - '-1'
      pragma:
      - no-cache
      server:
      - Microsoft-HTTPAPI/2.0
      - Microsoft-HTTPAPI/2.0
      strict-transport-security:
      - max-age=31536000; includeSubDomains
      transfer-encoding:
      - chunked
      vary:
      - Accept-Encoding
      x-content-type-options:
      - nosniff
      x-ms-arm-service-request-id:
      - 77b40587-f7f4-45aa-be7b-9d8bd37c6f85
      x-ms-ratelimit-remaining-subscription-writes:
      - '1197'
    status:
      code: 200
      message: OK
- request:
    body: null
    headers:
      Accept:
      - '*/*'
      Accept-Encoding:
      - gzip, deflate
      CommandName:
      - network vnet subnet update
      Connection:
      - keep-alive
      ParameterSetName:
      - --service-endpoints --ids
      User-Agent:
      - AZURECLI/2.42.0 (AAZ) azsdk-python-core/1.24.0 Python/3.8.10 (Windows-10-10.0.19045-SP0)
    method: GET
    uri: https://management.azure.com/subscriptions/00000000-0000-0000-0000-000000000000/providers/Microsoft.Network/locations/westus/operations/37b60c76-5b8d-4730-b281-72027efb9af3?api-version=2022-01-01
  response:
    body:
      string: "{\r\n  \"status\": \"Succeeded\"\r\n}"
    headers:
      cache-control:
      - no-cache
      content-length:
      - '29'
      content-type:
      - application/json; charset=utf-8
      date:
      - Thu, 17 Nov 2022 14:26:13 GMT
      expires:
      - '-1'
      pragma:
      - no-cache
      server:
      - Microsoft-HTTPAPI/2.0
      - Microsoft-HTTPAPI/2.0
      strict-transport-security:
      - max-age=31536000; includeSubDomains
      transfer-encoding:
      - chunked
      vary:
      - Accept-Encoding
      x-content-type-options:
      - nosniff
      x-ms-arm-service-request-id:
      - 83c2403d-45e4-437a-9f5a-7f182967de60
    status:
      code: 200
      message: OK
- request:
    body: null
    headers:
      Accept:
      - '*/*'
      Accept-Encoding:
      - gzip, deflate
      CommandName:
      - network vnet subnet update
      Connection:
      - keep-alive
      ParameterSetName:
      - --service-endpoints --ids
      User-Agent:
      - AZURECLI/2.42.0 (AAZ) azsdk-python-core/1.24.0 Python/3.8.10 (Windows-10-10.0.19045-SP0)
    method: GET
    uri: https://management.azure.com/subscriptions/00000000-0000-0000-0000-000000000000/resourceGroups/cli_test_adls_mgmt000001/providers/Microsoft.Network/virtualNetworks/clitest.vn000002/subnets/default?api-version=2023-05-01
  response:
    body:
      string: "{\r\n  \"name\": \"default\",\r\n  \"id\": \"/subscriptions/00000000-0000-0000-0000-000000000000/resourceGroups/cli_test_adls_mgmt000001/providers/Microsoft.Network/virtualNetworks/clitest.vn000002/subnets/default\",\r\n
        \ \"etag\": \"W/\\\"805503c8-b16d-4f87-9401-c80f25cff5f8\\\"\",\r\n  \"properties\":
        {\r\n    \"provisioningState\": \"Succeeded\",\r\n    \"addressPrefix\": \"10.0.0.0/24\",\r\n
        \   \"serviceEndpoints\": [\r\n      {\r\n        \"provisioningState\": \"Succeeded\",\r\n
        \       \"service\": \"Microsoft.AzureActiveDirectory\",\r\n        \"locations\":
        [\r\n          \"*\"\r\n        ]\r\n      }\r\n    ],\r\n    \"delegations\":
        [],\r\n    \"privateEndpointNetworkPolicies\": \"Disabled\",\r\n    \"privateLinkServiceNetworkPolicies\":
        \"Enabled\"\r\n  },\r\n  \"type\": \"Microsoft.Network/virtualNetworks/subnets\"\r\n}"
    headers:
      cache-control:
      - no-cache
      content-length:
      - '747'
      content-type:
      - application/json; charset=utf-8
      date:
      - Thu, 17 Nov 2022 14:26:14 GMT
      etag:
      - W/"805503c8-b16d-4f87-9401-c80f25cff5f8"
      expires:
      - '-1'
      pragma:
      - no-cache
      server:
      - Microsoft-HTTPAPI/2.0
      - Microsoft-HTTPAPI/2.0
      strict-transport-security:
      - max-age=31536000; includeSubDomains
      transfer-encoding:
      - chunked
      vary:
      - Accept-Encoding
      x-content-type-options:
      - nosniff
      x-ms-arm-service-request-id:
      - db86670f-0ffa-4bf0-8a67-32672aa5b383
    status:
      code: 200
      message: OK
- request:
    body: null
    headers:
      Accept:
      - application/json
      Accept-Encoding:
      - gzip, deflate
      CommandName:
      - network vnet subnet update
      Connection:
      - keep-alive
      ParameterSetName:
      - --service-endpoints --ids
      User-Agent:
      - AZURECLI/2.42.0 (AAZ) azsdk-python-core/1.24.0 Python/3.8.10 (Windows-10-10.0.19045-SP0)
    method: GET
    uri: https://management.azure.com/subscriptions/00000000-0000-0000-0000-000000000000/resourceGroups/cli_test_adls_mgmt000001/providers/Microsoft.Network/virtualNetworks/clitest.vn000002/subnets/updatedSubnet?api-version=2023-05-01
  response:
    body:
      string: "{\r\n  \"name\": \"updatedSubnet\",\r\n  \"id\": \"/subscriptions/00000000-0000-0000-0000-000000000000/resourceGroups/cli_test_adls_mgmt000001/providers/Microsoft.Network/virtualNetworks/clitest.vn000002/subnets/updatedSubnet\",\r\n
        \ \"etag\": \"W/\\\"805503c8-b16d-4f87-9401-c80f25cff5f8\\\"\",\r\n  \"properties\":
        {\r\n    \"provisioningState\": \"Succeeded\",\r\n    \"addressPrefix\": \"10.0.1.0/24\",\r\n
        \   \"delegations\": [],\r\n    \"privateEndpointNetworkPolicies\": \"Disabled\",\r\n
        \   \"privateLinkServiceNetworkPolicies\": \"Enabled\"\r\n  },\r\n  \"type\":
        \"Microsoft.Network/virtualNetworks/subnets\"\r\n}"
    headers:
      cache-control:
      - no-cache
      content-length:
      - '559'
      content-type:
      - application/json; charset=utf-8
      date:
      - Thu, 17 Nov 2022 14:26:15 GMT
      etag:
      - W/"805503c8-b16d-4f87-9401-c80f25cff5f8"
      expires:
      - '-1'
      pragma:
      - no-cache
      server:
      - Microsoft-HTTPAPI/2.0
      - Microsoft-HTTPAPI/2.0
      strict-transport-security:
      - max-age=31536000; includeSubDomains
      transfer-encoding:
      - chunked
      vary:
      - Accept-Encoding
      x-content-type-options:
      - nosniff
      x-ms-arm-service-request-id:
      - cbef6d52-93a1-4050-9344-04e901b68bb0
    status:
      code: 200
      message: OK
- request:
    body: '{"id": "/subscriptions/00000000-0000-0000-0000-000000000000/resourceGroups/cli_test_adls_mgmt000001/providers/Microsoft.Network/virtualNetworks/clitest.vn000002/subnets/updatedSubnet",
      "name": "updatedSubnet", "properties": {"addressPrefix": "10.0.1.0/24", "delegations":
      [], "privateEndpointNetworkPolicies": "Disabled", "privateLinkServiceNetworkPolicies":
      "Enabled", "serviceEndpoints": [{"service": "Microsoft.AzureActiveDirectory"}]},
      "type": "Microsoft.Network/virtualNetworks/subnets"}'
    headers:
      Accept:
      - application/json
      Accept-Encoding:
      - gzip, deflate
      CommandName:
      - network vnet subnet update
      Connection:
      - keep-alive
      Content-Length:
      - '492'
      Content-Type:
      - application/json
      ParameterSetName:
      - --service-endpoints --ids
      User-Agent:
      - AZURECLI/2.42.0 (AAZ) azsdk-python-core/1.24.0 Python/3.8.10 (Windows-10-10.0.19045-SP0)
    method: PUT
    uri: https://management.azure.com/subscriptions/00000000-0000-0000-0000-000000000000/resourceGroups/cli_test_adls_mgmt000001/providers/Microsoft.Network/virtualNetworks/clitest.vn000002/subnets/updatedSubnet?api-version=2023-05-01
  response:
    body:
      string: "{\r\n  \"name\": \"updatedSubnet\",\r\n  \"id\": \"/subscriptions/00000000-0000-0000-0000-000000000000/resourceGroups/cli_test_adls_mgmt000001/providers/Microsoft.Network/virtualNetworks/clitest.vn000002/subnets/updatedSubnet\",\r\n
        \ \"etag\": \"W/\\\"770ba1c9-1a3a-4a8b-8d7a-2443b65340f7\\\"\",\r\n  \"properties\":
        {\r\n    \"provisioningState\": \"Updating\",\r\n    \"addressPrefix\": \"10.0.1.0/24\",\r\n
        \   \"serviceEndpoints\": [\r\n      {\r\n        \"provisioningState\": \"Updating\",\r\n
        \       \"service\": \"Microsoft.AzureActiveDirectory\",\r\n        \"locations\":
        [\r\n          \"*\"\r\n        ]\r\n      }\r\n    ],\r\n    \"delegations\":
        [],\r\n    \"privateEndpointNetworkPolicies\": \"Disabled\",\r\n    \"privateLinkServiceNetworkPolicies\":
        \"Enabled\"\r\n  },\r\n  \"type\": \"Microsoft.Network/virtualNetworks/subnets\"\r\n}"
    headers:
      azure-asyncnotification:
      - Enabled
      azure-asyncoperation:
      - https://management.azure.com/subscriptions/00000000-0000-0000-0000-000000000000/providers/Microsoft.Network/locations/westus/operations/06900f7e-6e57-40ac-9955-54cdad5f2814?api-version=2022-01-01
      cache-control:
      - no-cache
      content-length:
      - '757'
      content-type:
      - application/json; charset=utf-8
      date:
      - Thu, 17 Nov 2022 14:26:15 GMT
      expires:
      - '-1'
      pragma:
      - no-cache
      server:
      - Microsoft-HTTPAPI/2.0
      - Microsoft-HTTPAPI/2.0
      strict-transport-security:
      - max-age=31536000; includeSubDomains
      transfer-encoding:
      - chunked
      vary:
      - Accept-Encoding
      x-content-type-options:
      - nosniff
      x-ms-arm-service-request-id:
      - 731e8d71-afed-4a68-8fbb-b99a69d7eb79
      x-ms-ratelimit-remaining-subscription-writes:
      - '1192'
    status:
      code: 200
      message: OK
- request:
    body: null
    headers:
      Accept:
      - '*/*'
      Accept-Encoding:
      - gzip, deflate
      CommandName:
      - network vnet subnet update
      Connection:
      - keep-alive
      ParameterSetName:
      - --service-endpoints --ids
      User-Agent:
      - AZURECLI/2.42.0 (AAZ) azsdk-python-core/1.24.0 Python/3.8.10 (Windows-10-10.0.19045-SP0)
    method: GET
    uri: https://management.azure.com/subscriptions/00000000-0000-0000-0000-000000000000/providers/Microsoft.Network/locations/westus/operations/06900f7e-6e57-40ac-9955-54cdad5f2814?api-version=2022-01-01
  response:
    body:
      string: "{\r\n  \"status\": \"Succeeded\"\r\n}"
    headers:
      cache-control:
      - no-cache
      content-length:
      - '29'
      content-type:
      - application/json; charset=utf-8
      date:
      - Thu, 17 Nov 2022 14:26:19 GMT
      expires:
      - '-1'
      pragma:
      - no-cache
      server:
      - Microsoft-HTTPAPI/2.0
      - Microsoft-HTTPAPI/2.0
      strict-transport-security:
      - max-age=31536000; includeSubDomains
      transfer-encoding:
      - chunked
      vary:
      - Accept-Encoding
      x-content-type-options:
      - nosniff
      x-ms-arm-service-request-id:
      - 19fe7d27-8ff7-43c4-ab9d-9b2c1dedee08
    status:
      code: 200
      message: OK
- request:
    body: null
    headers:
      Accept:
      - '*/*'
      Accept-Encoding:
      - gzip, deflate
      CommandName:
      - network vnet subnet update
      Connection:
      - keep-alive
      ParameterSetName:
      - --service-endpoints --ids
      User-Agent:
      - AZURECLI/2.42.0 (AAZ) azsdk-python-core/1.24.0 Python/3.8.10 (Windows-10-10.0.19045-SP0)
    method: GET
    uri: https://management.azure.com/subscriptions/00000000-0000-0000-0000-000000000000/resourceGroups/cli_test_adls_mgmt000001/providers/Microsoft.Network/virtualNetworks/clitest.vn000002/subnets/updatedSubnet?api-version=2023-05-01
  response:
    body:
      string: "{\r\n  \"name\": \"updatedSubnet\",\r\n  \"id\": \"/subscriptions/00000000-0000-0000-0000-000000000000/resourceGroups/cli_test_adls_mgmt000001/providers/Microsoft.Network/virtualNetworks/clitest.vn000002/subnets/updatedSubnet\",\r\n
        \ \"etag\": \"W/\\\"92cb374f-d110-49b3-8b01-b3246873a0cb\\\"\",\r\n  \"properties\":
        {\r\n    \"provisioningState\": \"Succeeded\",\r\n    \"addressPrefix\": \"10.0.1.0/24\",\r\n
        \   \"serviceEndpoints\": [\r\n      {\r\n        \"provisioningState\": \"Succeeded\",\r\n
        \       \"service\": \"Microsoft.AzureActiveDirectory\",\r\n        \"locations\":
        [\r\n          \"*\"\r\n        ]\r\n      }\r\n    ],\r\n    \"delegations\":
        [],\r\n    \"privateEndpointNetworkPolicies\": \"Disabled\",\r\n    \"privateLinkServiceNetworkPolicies\":
        \"Enabled\"\r\n  },\r\n  \"type\": \"Microsoft.Network/virtualNetworks/subnets\"\r\n}"
    headers:
      cache-control:
      - no-cache
      content-length:
      - '759'
      content-type:
      - application/json; charset=utf-8
      date:
      - Thu, 17 Nov 2022 14:26:19 GMT
      etag:
      - W/"92cb374f-d110-49b3-8b01-b3246873a0cb"
      expires:
      - '-1'
      pragma:
      - no-cache
      server:
      - Microsoft-HTTPAPI/2.0
      - Microsoft-HTTPAPI/2.0
      strict-transport-security:
      - max-age=31536000; includeSubDomains
      transfer-encoding:
      - chunked
      vary:
      - Accept-Encoding
      x-content-type-options:
      - nosniff
      x-ms-arm-service-request-id:
      - a37a7a23-a46f-472e-a999-c83e5d2bdfdd
    status:
      code: 200
      message: OK
- request:
    body: '{"properties": {"subnetId": "/subscriptions/00000000-0000-0000-0000-000000000000/resourceGroups/cli_test_adls_mgmt000001/providers/Microsoft.Network/virtualNetworks/clitest.vn000002/subnets/default"}}'
    headers:
      Accept:
      - application/json
      Accept-Encoding:
      - gzip, deflate
      CommandName:
      - dls account network-rule create
      Connection:
      - keep-alive
      Content-Length:
      - '200'
      Content-Type:
      - application/json; charset=utf-8
      ParameterSetName:
      - -g --account-name --name --subnet
      User-Agent:
      - python/3.8.10 (Windows-10-10.0.19045-SP0) msrest/0.7.1 msrest_azure/0.6.4
        azure-mgmt-datalake-store/0.5.0 Azure-SDK-For-Python AZURECLI/2.42.0
      accept-language:
      - en-US
    method: PUT
    uri: https://management.azure.com/subscriptions/00000000-0000-0000-0000-000000000000/resourceGroups/cli_test_adls_mgmt000001/providers/Microsoft.DataLakeStore/accounts/cliadls000003/virtualNetworkRules/dlsVnetRule?api-version=2016-11-01
  response:
    body:
      string: '{"properties":{"subnetId":"/subscriptions/00000000-0000-0000-0000-000000000000/resourceGroups/cli_test_adls_mgmt000001/providers/Microsoft.Network/virtualNetworks/clitest.vn000002/subnets/default"},"id":"/subscriptions/00000000-0000-0000-0000-000000000000/resourceGroups/cli_test_adls_mgmt000001/providers/Microsoft.DataLakeStore/accounts/cliadls000003/virtualNetworkRules/dlsVnetRule","name":"dlsVnetRule","type":"Microsoft.DataLakeStore/accounts/virtualNetworkRules"}'
    headers:
      cache-control:
      - no-cache
      content-length:
      - '469'
      content-type:
      - application/json
      date:
      - Thu, 17 Nov 2022 14:26:22 GMT
      expires:
      - '-1'
      pragma:
      - no-cache
      server:
      - Microsoft-IIS/10.0
      strict-transport-security:
      - max-age=31536000; includeSubDomains
      transfer-encoding:
      - chunked
      vary:
      - Accept-Encoding
      x-aspnet-version:
      - 4.0.30319
      x-content-type-options:
      - nosniff
      x-ms-ratelimit-remaining-subscription-writes:
      - '1195'
      x-powered-by:
      - ASP.NET
    status:
      code: 200
      message: OK
- request:
    body: null
    headers:
      Accept:
      - application/json
      Accept-Encoding:
      - gzip, deflate
      CommandName:
      - dls account network-rule show
      Connection:
      - keep-alive
      Content-Type:
      - application/json; charset=utf-8
      ParameterSetName:
      - -g --account-name --name
      User-Agent:
      - python/3.8.10 (Windows-10-10.0.19045-SP0) msrest/0.7.1 msrest_azure/0.6.4
        azure-mgmt-datalake-store/0.5.0 Azure-SDK-For-Python AZURECLI/2.42.0
      accept-language:
      - en-US
    method: GET
    uri: https://management.azure.com/subscriptions/00000000-0000-0000-0000-000000000000/resourceGroups/cli_test_adls_mgmt000001/providers/Microsoft.DataLakeStore/accounts/cliadls000003/virtualNetworkRules/dlsVnetRule?api-version=2016-11-01
  response:
    body:
      string: '{"properties":{"subnetId":"/subscriptions/00000000-0000-0000-0000-000000000000/resourceGroups/cli_test_adls_mgmt000001/providers/Microsoft.Network/virtualNetworks/clitest.vn000002/subnets/default","state":"Active"},"id":"/subscriptions/00000000-0000-0000-0000-000000000000/resourceGroups/cli_test_adls_mgmt000001/providers/Microsoft.DataLakeStore/accounts/cliadls000003/virtualNetworkRules/dlsVnetRule","name":"dlsVnetRule","type":"Microsoft.DataLakeStore/accounts/virtualNetworkRules"}'
    headers:
      cache-control:
      - no-cache
      content-length:
      - '486'
      content-type:
      - application/json
      date:
      - Thu, 17 Nov 2022 14:26:24 GMT
      expires:
      - '-1'
      pragma:
      - no-cache
      server:
      - Microsoft-IIS/10.0
      strict-transport-security:
      - max-age=31536000; includeSubDomains
      transfer-encoding:
      - chunked
      vary:
      - Accept-Encoding
      x-aspnet-version:
      - 4.0.30319
      x-content-type-options:
      - nosniff
      x-powered-by:
      - ASP.NET
    status:
      code: 200
      message: OK
- request:
    body: null
    headers:
      Accept:
      - application/json
      Accept-Encoding:
      - gzip, deflate
      CommandName:
      - dls account network-rule update
      Connection:
      - keep-alive
      Content-Type:
      - application/json; charset=utf-8
      ParameterSetName:
      - -g --account-name --name --subnet
      User-Agent:
      - python/3.8.10 (Windows-10-10.0.19045-SP0) msrest/0.7.1 msrest_azure/0.6.4
        azure-mgmt-datalake-store/0.5.0 Azure-SDK-For-Python AZURECLI/2.42.0
      accept-language:
      - en-US
    method: GET
    uri: https://management.azure.com/subscriptions/00000000-0000-0000-0000-000000000000/resourceGroups/cli_test_adls_mgmt000001/providers/Microsoft.DataLakeStore/accounts/cliadls000003/virtualNetworkRules/dlsVnetRule?api-version=2016-11-01
  response:
    body:
      string: '{"properties":{"subnetId":"/subscriptions/00000000-0000-0000-0000-000000000000/resourceGroups/cli_test_adls_mgmt000001/providers/Microsoft.Network/virtualNetworks/clitest.vn000002/subnets/default","state":"Active"},"id":"/subscriptions/00000000-0000-0000-0000-000000000000/resourceGroups/cli_test_adls_mgmt000001/providers/Microsoft.DataLakeStore/accounts/cliadls000003/virtualNetworkRules/dlsVnetRule","name":"dlsVnetRule","type":"Microsoft.DataLakeStore/accounts/virtualNetworkRules"}'
    headers:
      cache-control:
      - no-cache
      content-length:
      - '486'
      content-type:
      - application/json
      date:
      - Thu, 17 Nov 2022 14:26:26 GMT
      expires:
      - '-1'
      pragma:
      - no-cache
      server:
      - Microsoft-IIS/10.0
      strict-transport-security:
      - max-age=31536000; includeSubDomains
      transfer-encoding:
      - chunked
      vary:
      - Accept-Encoding
      x-aspnet-version:
      - 4.0.30319
      x-content-type-options:
      - nosniff
      x-powered-by:
      - ASP.NET
    status:
      code: 200
      message: OK
- request:
    body: '{"properties": {"subnetId": "/subscriptions/00000000-0000-0000-0000-000000000000/resourceGroups/cli_test_adls_mgmt000001/providers/Microsoft.Network/virtualNetworks/clitest.vn000002/subnets/updatedSubnet"}}'
    headers:
      Accept:
      - application/json
      Accept-Encoding:
      - gzip, deflate
      CommandName:
      - dls account network-rule update
      Connection:
      - keep-alive
      Content-Length:
      - '206'
      Content-Type:
      - application/json; charset=utf-8
      ParameterSetName:
      - -g --account-name --name --subnet
      User-Agent:
      - python/3.8.10 (Windows-10-10.0.19045-SP0) msrest/0.7.1 msrest_azure/0.6.4
        azure-mgmt-datalake-store/0.5.0 Azure-SDK-For-Python AZURECLI/2.42.0
      accept-language:
      - en-US
    method: PUT
    uri: https://management.azure.com/subscriptions/00000000-0000-0000-0000-000000000000/resourceGroups/cli_test_adls_mgmt000001/providers/Microsoft.DataLakeStore/accounts/cliadls000003/virtualNetworkRules/dlsVnetRule?api-version=2016-11-01
  response:
    body:
      string: '{"properties":{"subnetId":"/subscriptions/00000000-0000-0000-0000-000000000000/resourceGroups/cli_test_adls_mgmt000001/providers/Microsoft.Network/virtualNetworks/clitest.vn000002/subnets/updatedSubnet"},"id":"/subscriptions/00000000-0000-0000-0000-000000000000/resourceGroups/cli_test_adls_mgmt000001/providers/Microsoft.DataLakeStore/accounts/cliadls000003/virtualNetworkRules/dlsVnetRule","name":"dlsVnetRule","type":"Microsoft.DataLakeStore/accounts/virtualNetworkRules"}'
    headers:
      cache-control:
      - no-cache
      content-length:
      - '475'
      content-type:
      - application/json
      date:
      - Thu, 17 Nov 2022 14:26:28 GMT
      expires:
      - '-1'
      pragma:
      - no-cache
      server:
      - Microsoft-IIS/10.0
      strict-transport-security:
      - max-age=31536000; includeSubDomains
      transfer-encoding:
      - chunked
      vary:
      - Accept-Encoding
      x-aspnet-version:
      - 4.0.30319
      x-content-type-options:
      - nosniff
      x-ms-ratelimit-remaining-subscription-writes:
      - '1191'
      x-powered-by:
      - ASP.NET
    status:
      code: 200
      message: OK
- request:
    body: null
    headers:
      Accept:
      - application/json
      Accept-Encoding:
      - gzip, deflate
      CommandName:
      - dls account network-rule show
      Connection:
      - keep-alive
      Content-Type:
      - application/json; charset=utf-8
      ParameterSetName:
      - -g --account-name --name
      User-Agent:
      - python/3.8.10 (Windows-10-10.0.19045-SP0) msrest/0.7.1 msrest_azure/0.6.4
        azure-mgmt-datalake-store/0.5.0 Azure-SDK-For-Python AZURECLI/2.42.0
      accept-language:
      - en-US
    method: GET
    uri: https://management.azure.com/subscriptions/00000000-0000-0000-0000-000000000000/resourceGroups/cli_test_adls_mgmt000001/providers/Microsoft.DataLakeStore/accounts/cliadls000003/virtualNetworkRules/dlsVnetRule?api-version=2016-11-01
  response:
    body:
      string: '{"properties":{"subnetId":"/subscriptions/00000000-0000-0000-0000-000000000000/resourceGroups/cli_test_adls_mgmt000001/providers/Microsoft.Network/virtualNetworks/clitest.vn000002/subnets/updatedSubnet","state":"Active"},"id":"/subscriptions/00000000-0000-0000-0000-000000000000/resourceGroups/cli_test_adls_mgmt000001/providers/Microsoft.DataLakeStore/accounts/cliadls000003/virtualNetworkRules/dlsVnetRule","name":"dlsVnetRule","type":"Microsoft.DataLakeStore/accounts/virtualNetworkRules"}'
    headers:
      cache-control:
      - no-cache
      content-length:
      - '492'
      content-type:
      - application/json
      date:
      - Thu, 17 Nov 2022 14:26:30 GMT
      expires:
      - '-1'
      pragma:
      - no-cache
      server:
      - Microsoft-IIS/10.0
      strict-transport-security:
      - max-age=31536000; includeSubDomains
      transfer-encoding:
      - chunked
      vary:
      - Accept-Encoding
      x-aspnet-version:
      - 4.0.30319
      x-content-type-options:
      - nosniff
      x-powered-by:
      - ASP.NET
    status:
      code: 200
      message: OK
- request:
    body: null
    headers:
      Accept:
      - application/json
      Accept-Encoding:
      - gzip, deflate
      CommandName:
      - dls account network-rule list
      Connection:
      - keep-alive
      Content-Type:
      - application/json; charset=utf-8
      ParameterSetName:
      - -g --account-name
      User-Agent:
      - python/3.8.10 (Windows-10-10.0.19045-SP0) msrest/0.7.1 msrest_azure/0.6.4
        azure-mgmt-datalake-store/0.5.0 Azure-SDK-For-Python AZURECLI/2.42.0
      accept-language:
      - en-US
    method: GET
    uri: https://management.azure.com/subscriptions/00000000-0000-0000-0000-000000000000/resourceGroups/cli_test_adls_mgmt000001/providers/Microsoft.DataLakeStore/accounts/cliadls000003/virtualNetworkRules?api-version=2016-11-01
  response:
    body:
      string: '{"value":[{"properties":{"subnetId":"/subscriptions/00000000-0000-0000-0000-000000000000/resourceGroups/cli_test_adls_mgmt000001/providers/Microsoft.Network/virtualNetworks/clitest.vn000002/subnets/updatedSubnet","state":"Active"},"id":"/subscriptions/00000000-0000-0000-0000-000000000000/resourceGroups/cli_test_adls_mgmt000001/providers/Microsoft.DataLakeStore/accounts/cliadls000003/virtualNetworkRules/dlsVnetRule","name":"dlsVnetRule","type":"Microsoft.DataLakeStore/accounts/virtualNetworkRules"}]}'
    headers:
      cache-control:
      - no-cache
      content-length:
      - '504'
      content-type:
      - application/json
      date:
      - Thu, 17 Nov 2022 14:26:31 GMT
      expires:
      - '-1'
      pragma:
      - no-cache
      server:
      - Microsoft-IIS/10.0
      strict-transport-security:
      - max-age=31536000; includeSubDomains
      transfer-encoding:
      - chunked
      vary:
      - Accept-Encoding
      x-aspnet-version:
      - 4.0.30319
      x-content-type-options:
      - nosniff
      x-powered-by:
      - ASP.NET
    status:
      code: 200
      message: OK
- request:
    body: null
    headers:
      Accept:
      - application/json
      Accept-Encoding:
      - gzip, deflate
      CommandName:
      - dls account network-rule delete
      Connection:
      - keep-alive
      Content-Length:
      - '0'
      Content-Type:
      - application/json; charset=utf-8
      ParameterSetName:
      - -g --account-name --name
      User-Agent:
      - python/3.8.10 (Windows-10-10.0.19045-SP0) msrest/0.7.1 msrest_azure/0.6.4
        azure-mgmt-datalake-store/0.5.0 Azure-SDK-For-Python AZURECLI/2.42.0
      accept-language:
      - en-US
    method: DELETE
    uri: https://management.azure.com/subscriptions/00000000-0000-0000-0000-000000000000/resourceGroups/cli_test_adls_mgmt000001/providers/Microsoft.DataLakeStore/accounts/cliadls000003/virtualNetworkRules/dlsVnetRule?api-version=2016-11-01
  response:
    body:
      string: ''
    headers:
      cache-control:
      - no-cache
      content-length:
      - '0'
      date:
      - Thu, 17 Nov 2022 14:26:33 GMT
      expires:
      - '-1'
      pragma:
      - no-cache
      server:
      - Microsoft-IIS/10.0
      strict-transport-security:
      - max-age=31536000; includeSubDomains
      x-aspnet-version:
      - 4.0.30319
      x-content-type-options:
      - nosniff
      x-ms-ratelimit-remaining-subscription-deletes:
      - '14998'
      x-powered-by:
      - ASP.NET
    status:
      code: 200
      message: OK
- request:
    body: null
    headers:
      Accept:
      - application/json
      Accept-Encoding:
      - gzip, deflate
      CommandName:
      - dls account network-rule list
      Connection:
      - keep-alive
      Content-Type:
      - application/json; charset=utf-8
      ParameterSetName:
      - -g --account-name
      User-Agent:
      - python/3.8.10 (Windows-10-10.0.19045-SP0) msrest/0.7.1 msrest_azure/0.6.4
        azure-mgmt-datalake-store/0.5.0 Azure-SDK-For-Python AZURECLI/2.42.0
      accept-language:
      - en-US
    method: GET
    uri: https://management.azure.com/subscriptions/00000000-0000-0000-0000-000000000000/resourceGroups/cli_test_adls_mgmt000001/providers/Microsoft.DataLakeStore/accounts/cliadls000003/virtualNetworkRules?api-version=2016-11-01
  response:
    body:
      string: '{"value":[]}'
    headers:
      cache-control:
      - no-cache
      content-length:
      - '12'
      content-type:
      - application/json
      date:
      - Thu, 17 Nov 2022 14:26:35 GMT
      expires:
      - '-1'
      pragma:
      - no-cache
      server:
      - Microsoft-IIS/10.0
      strict-transport-security:
      - max-age=31536000; includeSubDomains
      transfer-encoding:
      - chunked
      vary:
      - Accept-Encoding
      x-aspnet-version:
      - 4.0.30319
      x-content-type-options:
      - nosniff
      x-powered-by:
      - ASP.NET
    status:
      code: 200
      message: OK
- request:
    body: '{"properties": {"idProvider": "https://sts.windows.net/9d5b43a0-804c-4c82-8791-36aca2f72342"}}'
    headers:
      Accept:
      - application/json
      Accept-Encoding:
      - gzip, deflate
      CommandName:
      - dls account trusted-provider create
      Connection:
      - keep-alive
      Content-Length:
      - '94'
      Content-Type:
      - application/json; charset=utf-8
      ParameterSetName:
      - -g -n --trusted-id-provider-name --id-provider
      User-Agent:
      - python/3.8.10 (Windows-10-10.0.19045-SP0) msrest/0.7.1 msrest_azure/0.6.4
        azure-mgmt-datalake-store/0.5.0 Azure-SDK-For-Python AZURECLI/2.42.0
      accept-language:
      - en-US
    method: PUT
    uri: https://management.azure.com/subscriptions/00000000-0000-0000-0000-000000000000/resourceGroups/cli_test_adls_mgmt000001/providers/Microsoft.DataLakeStore/accounts/cliadls000003/trustedIdProviders/testprovider01?api-version=2016-11-01
  response:
    body:
      string: '{"properties":{"idProvider":"https://sts.windows.net/9d5b43a0-804c-4c82-8791-36aca2f72342"},"id":"/subscriptions/00000000-0000-0000-0000-000000000000/resourceGroups/cli_test_adls_mgmt000001/providers/Microsoft.DataLakeStore/accounts/cliadls000003/trustedIdProviders/testprovider01","name":"testprovider01","type":"Microsoft.DataLakeStore/accounts/trustedIdProviders"}'
    headers:
      cache-control:
      - no-cache
      content-length:
      - '367'
      content-type:
      - application/json
      date:
      - Thu, 17 Nov 2022 14:26:37 GMT
      expires:
      - '-1'
      pragma:
      - no-cache
      server:
      - Microsoft-IIS/10.0
      strict-transport-security:
      - max-age=31536000; includeSubDomains
      transfer-encoding:
      - chunked
      vary:
      - Accept-Encoding
      x-aspnet-version:
      - 4.0.30319
      x-content-type-options:
      - nosniff
      x-ms-ratelimit-remaining-subscription-writes:
      - '1194'
      x-powered-by:
      - ASP.NET
    status:
      code: 200
      message: OK
- request:
    body: null
    headers:
      Accept:
      - application/json
      Accept-Encoding:
      - gzip, deflate
      CommandName:
      - dls account trusted-provider show
      Connection:
      - keep-alive
      Content-Type:
      - application/json; charset=utf-8
      ParameterSetName:
      - -g -n --trusted-id-provider-name
      User-Agent:
      - python/3.8.10 (Windows-10-10.0.19045-SP0) msrest/0.7.1 msrest_azure/0.6.4
        azure-mgmt-datalake-store/0.5.0 Azure-SDK-For-Python AZURECLI/2.42.0
      accept-language:
      - en-US
    method: GET
    uri: https://management.azure.com/subscriptions/00000000-0000-0000-0000-000000000000/resourceGroups/cli_test_adls_mgmt000001/providers/Microsoft.DataLakeStore/accounts/cliadls000003/trustedIdProviders/testprovider01?api-version=2016-11-01
  response:
    body:
      string: '{"properties":{"idProvider":"https://sts.windows.net/9d5b43a0-804c-4c82-8791-36aca2f72342"},"id":"/subscriptions/00000000-0000-0000-0000-000000000000/resourceGroups/cli_test_adls_mgmt000001/providers/Microsoft.DataLakeStore/accounts/cliadls000003/trustedIdProviders/testprovider01","name":"testprovider01","type":"Microsoft.DataLakeStore/accounts/trustedIdProviders"}'
    headers:
      cache-control:
      - no-cache
      content-length:
      - '367'
      content-type:
      - application/json
      date:
      - Thu, 17 Nov 2022 14:26:39 GMT
      expires:
      - '-1'
      pragma:
      - no-cache
      server:
      - Microsoft-IIS/10.0
      strict-transport-security:
      - max-age=31536000; includeSubDomains
      transfer-encoding:
      - chunked
      vary:
      - Accept-Encoding
      x-aspnet-version:
      - 4.0.30319
      x-content-type-options:
      - nosniff
      x-powered-by:
      - ASP.NET
    status:
      code: 200
      message: OK
- request:
    body: '{"properties": {"idProvider": "https://sts.windows.net/fceb709f-96f1-4c65-b06f-2541114bffb3"}}'
    headers:
      Accept:
      - application/json
      Accept-Encoding:
      - gzip, deflate
      CommandName:
      - dls account trusted-provider update
      Connection:
      - keep-alive
      Content-Length:
      - '94'
      Content-Type:
      - application/json; charset=utf-8
      ParameterSetName:
      - -g -n --trusted-id-provider-name --id-provider
      User-Agent:
      - python/3.8.10 (Windows-10-10.0.19045-SP0) msrest/0.7.1 msrest_azure/0.6.4
        azure-mgmt-datalake-store/0.5.0 Azure-SDK-For-Python AZURECLI/2.42.0
      accept-language:
      - en-US
    method: PATCH
    uri: https://management.azure.com/subscriptions/00000000-0000-0000-0000-000000000000/resourceGroups/cli_test_adls_mgmt000001/providers/Microsoft.DataLakeStore/accounts/cliadls000003/trustedIdProviders/testprovider01?api-version=2016-11-01
  response:
    body:
      string: '{"properties":{"idProvider":"https://sts.windows.net/fceb709f-96f1-4c65-b06f-2541114bffb3"},"id":"/subscriptions/00000000-0000-0000-0000-000000000000/resourceGroups/cli_test_adls_mgmt000001/providers/Microsoft.DataLakeStore/accounts/cliadls000003/trustedIdProviders/testprovider01","name":"testprovider01","type":"Microsoft.DataLakeStore/accounts/trustedIdProviders"}'
    headers:
      cache-control:
      - no-cache
      content-length:
      - '367'
      content-type:
      - application/json
      date:
      - Thu, 17 Nov 2022 14:26:41 GMT
      expires:
      - '-1'
      pragma:
      - no-cache
      server:
      - Microsoft-IIS/10.0
      strict-transport-security:
      - max-age=31536000; includeSubDomains
      transfer-encoding:
      - chunked
      vary:
      - Accept-Encoding
      x-aspnet-version:
      - 4.0.30319
      x-content-type-options:
      - nosniff
      x-ms-ratelimit-remaining-subscription-writes:
      - '1190'
      x-powered-by:
      - ASP.NET
    status:
      code: 200
      message: OK
- request:
    body: null
    headers:
      Accept:
      - application/json
      Accept-Encoding:
      - gzip, deflate
      CommandName:
      - dls account trusted-provider show
      Connection:
      - keep-alive
      Content-Type:
      - application/json; charset=utf-8
      ParameterSetName:
      - -g -n --trusted-id-provider-name
      User-Agent:
      - python/3.8.10 (Windows-10-10.0.19045-SP0) msrest/0.7.1 msrest_azure/0.6.4
        azure-mgmt-datalake-store/0.5.0 Azure-SDK-For-Python AZURECLI/2.42.0
      accept-language:
      - en-US
    method: GET
    uri: https://management.azure.com/subscriptions/00000000-0000-0000-0000-000000000000/resourceGroups/cli_test_adls_mgmt000001/providers/Microsoft.DataLakeStore/accounts/cliadls000003/trustedIdProviders/testprovider01?api-version=2016-11-01
  response:
    body:
      string: '{"properties":{"idProvider":"https://sts.windows.net/fceb709f-96f1-4c65-b06f-2541114bffb3"},"id":"/subscriptions/00000000-0000-0000-0000-000000000000/resourceGroups/cli_test_adls_mgmt000001/providers/Microsoft.DataLakeStore/accounts/cliadls000003/trustedIdProviders/testprovider01","name":"testprovider01","type":"Microsoft.DataLakeStore/accounts/trustedIdProviders"}'
    headers:
      cache-control:
      - no-cache
      content-length:
      - '367'
      content-type:
      - application/json
      date:
      - Thu, 17 Nov 2022 14:26:43 GMT
      expires:
      - '-1'
      pragma:
      - no-cache
      server:
      - Microsoft-IIS/10.0
      strict-transport-security:
      - max-age=31536000; includeSubDomains
      transfer-encoding:
      - chunked
      vary:
      - Accept-Encoding
      x-aspnet-version:
      - 4.0.30319
      x-content-type-options:
      - nosniff
      x-powered-by:
      - ASP.NET
    status:
      code: 200
      message: OK
- request:
    body: null
    headers:
      Accept:
      - application/json
      Accept-Encoding:
      - gzip, deflate
      CommandName:
      - dls account trusted-provider list
      Connection:
      - keep-alive
      Content-Type:
      - application/json; charset=utf-8
      ParameterSetName:
      - -g -n
      User-Agent:
      - python/3.8.10 (Windows-10-10.0.19045-SP0) msrest/0.7.1 msrest_azure/0.6.4
        azure-mgmt-datalake-store/0.5.0 Azure-SDK-For-Python AZURECLI/2.42.0
      accept-language:
      - en-US
    method: GET
    uri: https://management.azure.com/subscriptions/00000000-0000-0000-0000-000000000000/resourceGroups/cli_test_adls_mgmt000001/providers/Microsoft.DataLakeStore/accounts/cliadls000003/trustedIdProviders?api-version=2016-11-01
  response:
    body:
      string: '{"value":[{"properties":{"idProvider":"https://sts.windows.net/fceb709f-96f1-4c65-b06f-2541114bffb3"},"id":"/subscriptions/00000000-0000-0000-0000-000000000000/resourceGroups/cli_test_adls_mgmt000001/providers/Microsoft.DataLakeStore/accounts/cliadls000003/trustedIdProviders/testprovider01","name":"testprovider01","type":"Microsoft.DataLakeStore/accounts/trustedIdProviders"}]}'
    headers:
      cache-control:
      - no-cache
      content-length:
      - '379'
      content-type:
      - application/json
      date:
      - Thu, 17 Nov 2022 14:26:44 GMT
      expires:
      - '-1'
      pragma:
      - no-cache
      server:
      - Microsoft-IIS/10.0
      strict-transport-security:
      - max-age=31536000; includeSubDomains
      transfer-encoding:
      - chunked
      vary:
      - Accept-Encoding
      x-aspnet-version:
      - 4.0.30319
      x-content-type-options:
      - nosniff
      x-powered-by:
      - ASP.NET
    status:
      code: 200
      message: OK
- request:
    body: null
    headers:
      Accept:
      - application/json
      Accept-Encoding:
      - gzip, deflate
      CommandName:
      - dls account trusted-provider delete
      Connection:
      - keep-alive
      Content-Length:
      - '0'
      Content-Type:
      - application/json; charset=utf-8
      ParameterSetName:
      - -g -n --trusted-id-provider-name
      User-Agent:
      - python/3.8.10 (Windows-10-10.0.19045-SP0) msrest/0.7.1 msrest_azure/0.6.4
        azure-mgmt-datalake-store/0.5.0 Azure-SDK-For-Python AZURECLI/2.42.0
      accept-language:
      - en-US
    method: DELETE
    uri: https://management.azure.com/subscriptions/00000000-0000-0000-0000-000000000000/resourceGroups/cli_test_adls_mgmt000001/providers/Microsoft.DataLakeStore/accounts/cliadls000003/trustedIdProviders/testprovider01?api-version=2016-11-01
  response:
    body:
      string: ''
    headers:
      cache-control:
      - no-cache
      content-length:
      - '0'
      date:
      - Thu, 17 Nov 2022 14:26:46 GMT
      expires:
      - '-1'
      pragma:
      - no-cache
      server:
      - Microsoft-IIS/10.0
      strict-transport-security:
      - max-age=31536000; includeSubDomains
      x-aspnet-version:
      - 4.0.30319
      x-content-type-options:
      - nosniff
      x-ms-ratelimit-remaining-subscription-deletes:
      - '14998'
      x-powered-by:
      - ASP.NET
    status:
      code: 200
      message: OK
- request:
    body: null
    headers:
      Accept:
      - application/json
      Accept-Encoding:
      - gzip, deflate
      CommandName:
      - dls account trusted-provider list
      Connection:
      - keep-alive
      Content-Type:
      - application/json; charset=utf-8
      ParameterSetName:
      - -g -n
      User-Agent:
      - python/3.8.10 (Windows-10-10.0.19045-SP0) msrest/0.7.1 msrest_azure/0.6.4
        azure-mgmt-datalake-store/0.5.0 Azure-SDK-For-Python AZURECLI/2.42.0
      accept-language:
      - en-US
    method: GET
    uri: https://management.azure.com/subscriptions/00000000-0000-0000-0000-000000000000/resourceGroups/cli_test_adls_mgmt000001/providers/Microsoft.DataLakeStore/accounts/cliadls000003/trustedIdProviders?api-version=2016-11-01
  response:
    body:
      string: '{"value":[]}'
    headers:
      cache-control:
      - no-cache
      content-length:
      - '12'
      content-type:
      - application/json
      date:
      - Thu, 17 Nov 2022 14:26:48 GMT
      expires:
      - '-1'
      pragma:
      - no-cache
      server:
      - Microsoft-IIS/10.0
      strict-transport-security:
      - max-age=31536000; includeSubDomains
      transfer-encoding:
      - chunked
      vary:
      - Accept-Encoding
      x-aspnet-version:
      - 4.0.30319
      x-content-type-options:
      - nosniff
      x-powered-by:
      - ASP.NET
    status:
      code: 200
      message: OK
- request:
    body: null
    headers:
      Accept:
      - application/json
      Accept-Encoding:
      - gzip, deflate
      CommandName:
      - dls account delete
      Connection:
      - keep-alive
      Content-Length:
      - '0'
      Content-Type:
      - application/json; charset=utf-8
      ParameterSetName:
      - -g -n
      User-Agent:
      - python/3.8.10 (Windows-10-10.0.19045-SP0) msrest/0.7.1 msrest_azure/0.6.4
        azure-mgmt-datalake-store/0.5.0 Azure-SDK-For-Python AZURECLI/2.42.0
      accept-language:
      - en-US
    method: DELETE
    uri: https://management.azure.com/subscriptions/00000000-0000-0000-0000-000000000000/resourceGroups/cli_test_adls_mgmt000001/providers/Microsoft.DataLakeStore/accounts/cliadls000003?api-version=2016-11-01
  response:
    body:
      string: ''
    headers:
      cache-control:
      - no-cache
      content-length:
      - '0'
      date:
      - Thu, 17 Nov 2022 14:26:55 GMT
      expires:
      - '-1'
      pragma:
      - no-cache
      server:
      - Microsoft-IIS/10.0
      strict-transport-security:
      - max-age=31536000; includeSubDomains
      x-aspnet-version:
      - 4.0.30319
      x-content-type-options:
      - nosniff
      x-ms-ratelimit-remaining-subscription-deletes:
      - '14999'
      x-powered-by:
      - ASP.NET
    status:
      code: 200
      message: OK
- request:
    body: null
    headers:
      Accept:
      - application/json
      Accept-Encoding:
      - gzip, deflate
      CommandName:
      - dls account list
      Connection:
      - keep-alive
      Content-Type:
      - application/json; charset=utf-8
      ParameterSetName:
      - -g
      User-Agent:
      - python/3.8.10 (Windows-10-10.0.19045-SP0) msrest/0.7.1 msrest_azure/0.6.4
        azure-mgmt-datalake-store/0.5.0 Azure-SDK-For-Python AZURECLI/2.42.0
      accept-language:
      - en-US
    method: GET
    uri: https://management.azure.com/subscriptions/00000000-0000-0000-0000-000000000000/resourceGroups/cli_test_adls_mgmt000001/providers/Microsoft.DataLakeStore/accounts?api-version=2016-11-01
  response:
    body:
      string: '{"value":[]}'
    headers:
      cache-control:
      - no-cache
      content-length:
      - '12'
      content-type:
      - application/json; charset=utf-8
      date:
      - Thu, 17 Nov 2022 14:26:55 GMT
      expires:
      - '-1'
      pragma:
      - no-cache
      strict-transport-security:
      - max-age=31536000; includeSubDomains
      vary:
      - Accept-Encoding
      x-content-type-options:
      - nosniff
    status:
      code: 200
      message: OK
version: 1
