interactions:
- request:
    body: '{"location": "westus", "tags": {"product": "azurecli", "cause": "automation",
      "date": "2019-06-11T23:47:57Z"}}'
    headers:
      Accept:
      - application/json
      Accept-Encoding:
      - gzip, deflate
      CommandName:
      - group create
      Connection:
      - keep-alive
      Content-Length:
      - '110'
      Content-Type:
      - application/json; charset=utf-8
      ParameterSetName:
      - --location --name --tag
      User-Agent:
      - python/3.6.8 (Linux-4.15.0-51-generic-x86_64-with-Ubuntu-18.04-bionic) msrest/0.6.6
        msrest_azure/0.6.1 resourcemanagementclient/2.1.0 Azure-SDK-For-Python AZURECLI/2.0.65
      accept-language:
      - en-US
    method: PUT
    uri: https://management.azure.com/subscriptions/00000000-0000-0000-0000-000000000000/resourcegroups/cli_test_adls_mgmt000001?api-version=2018-05-01
  response:
    body:
      string: '{"id":"/subscriptions/00000000-0000-0000-0000-000000000000/resourceGroups/cli_test_adls_mgmt000001","name":"cli_test_adls_mgmt000001","location":"westus","tags":{"product":"azurecli","cause":"automation","date":"2019-06-11T23:47:57Z"},"properties":{"provisioningState":"Succeeded"}}'
    headers:
      cache-control:
      - no-cache
      content-length:
      - '384'
      content-type:
      - application/json; charset=utf-8
      date:
      - Tue, 11 Jun 2019 23:47:59 GMT
      expires:
      - '-1'
      pragma:
      - no-cache
      strict-transport-security:
      - max-age=31536000; includeSubDomains
      x-content-type-options:
      - nosniff
      x-ms-ratelimit-remaining-subscription-writes:
      - '1199'
    status:
      code: 201
      message: Created
- request:
    body: '{"location": "eastus2", "identity": {"type": "SystemAssigned"}, "properties":
      {"encryptionConfig": {"type": "ServiceManaged"}}}'
    headers:
      Accept:
      - application/json
      Accept-Encoding:
      - gzip, deflate
      CommandName:
      - dls account create
      Connection:
      - keep-alive
      Content-Length:
      - '127'
      Content-Type:
      - application/json; charset=utf-8
      ParameterSetName:
      - -g -n -l
      User-Agent:
      - python/3.6.8 (Linux-4.15.0-51-generic-x86_64-with-Ubuntu-18.04-bionic) msrest/0.6.6
        msrest_azure/0.6.1 azure-mgmt-datalake-store/0.5.0 Azure-SDK-For-Python AZURECLI/2.0.65
      accept-language:
      - en-US
    method: PUT
    uri: https://management.azure.com/subscriptions/00000000-0000-0000-0000-000000000000/resourceGroups/cli_test_adls_mgmt000001/providers/Microsoft.DataLakeStore/accounts/cliadls000002?api-version=2016-11-01
  response:
    body:
      string: '{"properties":{"encryptionConfig":{"type":"ServiceManaged"},"provisioningState":"Creating","state":null,"endpoint":null,"accountId":"4e7f8f92-3c0a-4b3a-8430-bf1632251399"},"location":"eastus2","identity":{"type":"SystemAssigned","principalId":"00000000-0000-0000-0000-000000000000","tenantId":"00000000-0000-0000-0000-000000000000"},"id":"/subscriptions/00000000-0000-0000-0000-000000000000/resourceGroups/cli_test_adls_mgmt000001/providers/Microsoft.DataLakeStore/accounts/cliadls000002","name":"cliadls000002","type":"Microsoft.DataLakeStore/accounts"}'
    headers:
      azure-asyncoperation:
      - https://management.azure.com/subscriptions/00000000-0000-0000-0000-000000000000/providers/Microsoft.DataLakeStore/locations/eastus2/operationResults/4e7f8f92-3c0a-4b3a-8430-bf16322513990?api-version=2016-11-01&expanded=true
      cache-control:
      - no-cache
      content-length:
      - '627'
      content-type:
      - application/json
      date:
      - Tue, 11 Jun 2019 23:48:04 GMT
      expires:
      - '-1'
      location:
      - https://management.azure.com/subscriptions/00000000-0000-0000-0000-000000000000/resourcegroups/cli_test_adls_mgmt000001/providers/Microsoft.DataLakeStore/accounts/cliadls000002/operationresults/0?api-version=2016-11-01
      pragma:
      - no-cache
      server:
      - Microsoft-IIS/10.0
      strict-transport-security:
      - max-age=31536000; includeSubDomains
      x-aspnet-version:
      - 4.0.30319
      x-content-type-options:
      - nosniff
      x-ms-ratelimit-remaining-subscription-writes:
      - '1199'
      x-powered-by:
      - ASP.NET
    status:
      code: 201
      message: Created
- request:
    body: null
    headers:
      Accept:
      - application/json
      Accept-Encoding:
      - gzip, deflate
      CommandName:
      - dls account create
      Connection:
      - keep-alive
      ParameterSetName:
      - -g -n -l
      User-Agent:
      - python/3.6.8 (Linux-4.15.0-51-generic-x86_64-with-Ubuntu-18.04-bionic) msrest/0.6.6
        msrest_azure/0.6.1 azure-mgmt-datalake-store/0.5.0 Azure-SDK-For-Python AZURECLI/2.0.65
    method: GET
    uri: https://management.azure.com/subscriptions/00000000-0000-0000-0000-000000000000/providers/Microsoft.DataLakeStore/locations/eastus2/operationResults/4e7f8f92-3c0a-4b3a-8430-bf16322513990?api-version=2016-11-01&expanded=true
  response:
    body:
      string: '{"status":"InProgress"}'
    headers:
      cache-control:
      - no-cache
      content-length:
      - '23'
      content-type:
      - application/json
      date:
      - Tue, 11 Jun 2019 23:48:15 GMT
      expires:
      - '-1'
      pragma:
      - no-cache
      server:
      - Microsoft-IIS/10.0
      strict-transport-security:
      - max-age=31536000; includeSubDomains
      transfer-encoding:
      - chunked
      vary:
      - Accept-Encoding
      x-aspnet-version:
      - 4.0.30319
      x-content-type-options:
      - nosniff
      x-powered-by:
      - ASP.NET
    status:
      code: 200
      message: OK
- request:
    body: null
    headers:
      Accept:
      - application/json
      Accept-Encoding:
      - gzip, deflate
      CommandName:
      - dls account create
      Connection:
      - keep-alive
      ParameterSetName:
      - -g -n -l
      User-Agent:
      - python/3.6.8 (Linux-4.15.0-51-generic-x86_64-with-Ubuntu-18.04-bionic) msrest/0.6.6
        msrest_azure/0.6.1 azure-mgmt-datalake-store/0.5.0 Azure-SDK-For-Python AZURECLI/2.0.65
    method: GET
    uri: https://management.azure.com/subscriptions/00000000-0000-0000-0000-000000000000/providers/Microsoft.DataLakeStore/locations/eastus2/operationResults/4e7f8f92-3c0a-4b3a-8430-bf16322513990?api-version=2016-11-01&expanded=true
  response:
    body:
      string: '{"status":"Succeeded"}'
    headers:
      cache-control:
      - no-cache
      content-length:
      - '22'
      content-type:
      - application/json
      date:
      - Tue, 11 Jun 2019 23:48:45 GMT
      expires:
      - '-1'
      pragma:
      - no-cache
      server:
      - Microsoft-IIS/10.0
      strict-transport-security:
      - max-age=31536000; includeSubDomains
      transfer-encoding:
      - chunked
      vary:
      - Accept-Encoding
      x-aspnet-version:
      - 4.0.30319
      x-content-type-options:
      - nosniff
      x-powered-by:
      - ASP.NET
    status:
      code: 200
      message: OK
- request:
    body: null
    headers:
      Accept:
      - application/json
      Accept-Encoding:
      - gzip, deflate
      CommandName:
      - dls account create
      Connection:
      - keep-alive
      ParameterSetName:
      - -g -n -l
      User-Agent:
      - python/3.6.8 (Linux-4.15.0-51-generic-x86_64-with-Ubuntu-18.04-bionic) msrest/0.6.6
        msrest_azure/0.6.1 azure-mgmt-datalake-store/0.5.0 Azure-SDK-For-Python AZURECLI/2.0.65
    method: GET
    uri: https://management.azure.com/subscriptions/00000000-0000-0000-0000-000000000000/resourceGroups/cli_test_adls_mgmt000001/providers/Microsoft.DataLakeStore/accounts/cliadls000002?api-version=2016-11-01
  response:
    body:
      string: '{"properties":{"firewallState":"Disabled","firewallAllowAzureIps":"Disabled","firewallAllowDataLakeAnalytics":"Disabled","firewallRules":[],"virtualNetworkRules":[],"trustedIdProviderState":"Disabled","trustedIdProviders":[],"encryptionState":"Enabled","encryptionConfig":{"type":"ServiceManaged"},"currentTier":"Consumption","newTier":"Consumption","dataLakePerformanceTierState":"Disabled","provisioningState":"Succeeded","state":"Active","endpoint":"cliadls000002.azuredatalakestore.net","accountId":"4e7f8f92-3c0a-4b3a-8430-bf1632251399","creationTime":"2019-06-11T23:48:05.9171103Z","lastModifiedTime":"2019-06-11T23:48:05.9171103Z"},"location":"eastus2","identity":{"type":"SystemAssigned","principalId":"f914e589-eadb-425f-80a4-c4a1d54c74c6","tenantId":"72f988bf-86f1-41af-91ab-2d7cd011db47"},"id":"/subscriptions/00000000-0000-0000-0000-000000000000/resourceGroups/cli_test_adls_mgmt000001/providers/Microsoft.DataLakeStore/accounts/cliadls000002","name":"cliadls000002","type":"Microsoft.DataLakeStore/accounts"}'
    headers:
      cache-control:
      - no-cache
      content-length:
      - '1105'
      content-type:
      - application/json
      date:
      - Tue, 11 Jun 2019 23:48:46 GMT
      expires:
      - '-1'
      pragma:
      - no-cache
      server:
      - Microsoft-IIS/10.0
      strict-transport-security:
      - max-age=31536000; includeSubDomains
      transfer-encoding:
      - chunked
      vary:
      - Accept-Encoding
      x-aspnet-version:
      - 4.0.30319
      x-content-type-options:
      - nosniff
      x-powered-by:
      - ASP.NET
    status:
      code: 200
      message: OK
- request:
    body: null
    headers:
      Accept:
      - application/json
      Accept-Encoding:
      - gzip, deflate
      CommandName:
      - dls account show
      Connection:
      - keep-alive
      Content-Type:
      - application/json; charset=utf-8
      ParameterSetName:
      - -n -g
      User-Agent:
      - python/3.6.8 (Linux-4.15.0-51-generic-x86_64-with-Ubuntu-18.04-bionic) msrest/0.6.6
        msrest_azure/0.6.1 azure-mgmt-datalake-store/0.5.0 Azure-SDK-For-Python AZURECLI/2.0.65
      accept-language:
      - en-US
    method: GET
    uri: https://management.azure.com/subscriptions/00000000-0000-0000-0000-000000000000/resourceGroups/cli_test_adls_mgmt000001/providers/Microsoft.DataLakeStore/accounts/cliadls000002?api-version=2016-11-01
  response:
    body:
      string: '{"properties":{"firewallState":"Disabled","firewallAllowAzureIps":"Disabled","firewallAllowDataLakeAnalytics":"Disabled","firewallRules":[],"virtualNetworkRules":[],"trustedIdProviderState":"Disabled","trustedIdProviders":[],"encryptionState":"Enabled","encryptionConfig":{"type":"ServiceManaged"},"currentTier":"Consumption","newTier":"Consumption","dataLakePerformanceTierState":"Disabled","provisioningState":"Succeeded","state":"Active","endpoint":"cliadls000002.azuredatalakestore.net","accountId":"4e7f8f92-3c0a-4b3a-8430-bf1632251399","creationTime":"2019-06-11T23:48:05.9171103Z","lastModifiedTime":"2019-06-11T23:48:05.9171103Z"},"location":"eastus2","identity":{"type":"SystemAssigned","principalId":"f914e589-eadb-425f-80a4-c4a1d54c74c6","tenantId":"72f988bf-86f1-41af-91ab-2d7cd011db47"},"id":"/subscriptions/00000000-0000-0000-0000-000000000000/resourceGroups/cli_test_adls_mgmt000001/providers/Microsoft.DataLakeStore/accounts/cliadls000002","name":"cliadls000002","type":"Microsoft.DataLakeStore/accounts"}'
    headers:
      cache-control:
      - no-cache
      content-length:
      - '1105'
      content-type:
      - application/json
      date:
      - Tue, 11 Jun 2019 23:48:46 GMT
      expires:
      - '-1'
      pragma:
      - no-cache
      server:
      - Microsoft-IIS/10.0
      strict-transport-security:
      - max-age=31536000; includeSubDomains
      transfer-encoding:
      - chunked
      vary:
      - Accept-Encoding
      x-aspnet-version:
      - 4.0.30319
      x-content-type-options:
      - nosniff
      x-powered-by:
      - ASP.NET
    status:
      code: 200
      message: OK
- request:
    body: null
    headers:
      Accept:
      - application/json
      Accept-Encoding:
      - gzip, deflate
      CommandName:
      - dls account enable-key-vault
      Connection:
      - keep-alive
      Content-Length:
      - '0'
      Content-Type:
      - application/json; charset=utf-8
      ParameterSetName:
      - -n -g
      User-Agent:
      - python/3.6.8 (Linux-4.15.0-51-generic-x86_64-with-Ubuntu-18.04-bionic) msrest/0.6.6
        msrest_azure/0.6.1 azure-mgmt-datalake-store/0.5.0 Azure-SDK-For-Python AZURECLI/2.0.65
      accept-language:
      - en-US
    method: POST
    uri: https://management.azure.com/subscriptions/00000000-0000-0000-0000-000000000000/resourceGroups/cli_test_adls_mgmt000001/providers/Microsoft.DataLakeStore/accounts/cliadls000002/enableKeyVault?api-version=2016-11-01
  response:
    body:
      string: '{"error":{"code":"InvalidOperation","message":"Operation EnableKeyVault
        is invalid under current encryption state or config of account."}}'
    headers:
      cache-control:
      - no-cache
      content-length:
      - '138'
      content-type:
      - application/json
      date:
      - Tue, 11 Jun 2019 23:48:48 GMT
      expires:
      - '-1'
      pragma:
      - no-cache
      server:
      - Microsoft-IIS/10.0
      strict-transport-security:
      - max-age=31536000; includeSubDomains
      x-aspnet-version:
      - 4.0.30319
      x-content-type-options:
      - nosniff
      x-ms-ratelimit-remaining-subscription-writes:
      - '1199'
      x-powered-by:
      - ASP.NET
    status:
      code: 400
      message: Bad Request
- request:
    body: null
    headers:
      Accept:
      - application/json
      Accept-Encoding:
      - gzip, deflate
      CommandName:
      - dls account list
      Connection:
      - keep-alive
      Content-Type:
      - application/json; charset=utf-8
      ParameterSetName:
      - -g
      User-Agent:
      - python/3.6.8 (Linux-4.15.0-51-generic-x86_64-with-Ubuntu-18.04-bionic) msrest/0.6.6
        msrest_azure/0.6.1 azure-mgmt-datalake-store/0.5.0 Azure-SDK-For-Python AZURECLI/2.0.65
      accept-language:
      - en-US
    method: GET
    uri: https://management.azure.com/subscriptions/00000000-0000-0000-0000-000000000000/resourceGroups/cli_test_adls_mgmt000001/providers/Microsoft.DataLakeStore/accounts?api-version=2016-11-01
  response:
    body:
      string: '{"value":[{"properties":{"provisioningState":"Succeeded","state":"Active","endpoint":"cliadls000002.azuredatalakestore.net","accountId":"4e7f8f92-3c0a-4b3a-8430-bf1632251399","creationTime":"2019-06-11T23:48:05.9171103Z","lastModifiedTime":"2019-06-11T23:48:05.9171103Z"},"location":"eastus2","id":"/subscriptions/00000000-0000-0000-0000-000000000000/resourceGroups/cli_test_adls_mgmt000001/providers/Microsoft.DataLakeStore/accounts/cliadls000002","name":"cliadls000002","type":"Microsoft.DataLakeStore/accounts"}]}'
    headers:
      cache-control:
      - no-cache
      content-length:
      - '600'
      content-type:
      - application/json
      date:
      - Tue, 11 Jun 2019 23:48:49 GMT
      expires:
      - '-1'
      pragma:
      - no-cache
      server:
      - Microsoft-IIS/10.0
      strict-transport-security:
      - max-age=31536000; includeSubDomains
      transfer-encoding:
      - chunked
      vary:
      - Accept-Encoding
      x-aspnet-version:
      - 4.0.30319
      x-content-type-options:
      - nosniff
      x-powered-by:
      - ASP.NET
    status:
      code: 200
      message: OK
- request:
    body: null
    headers:
      Accept:
      - application/json
      Accept-Encoding:
      - gzip, deflate
      CommandName:
      - dls account list
      Connection:
      - keep-alive
      Content-Type:
      - application/json; charset=utf-8
      User-Agent:
      - python/3.6.8 (Linux-4.15.0-51-generic-x86_64-with-Ubuntu-18.04-bionic) msrest/0.6.6
        msrest_azure/0.6.1 azure-mgmt-datalake-store/0.5.0 Azure-SDK-For-Python AZURECLI/2.0.65
      accept-language:
      - en-US
    method: GET
    uri: https://management.azure.com/subscriptions/00000000-0000-0000-0000-000000000000/providers/Microsoft.DataLakeStore/accounts?api-version=2016-11-01
  response:
    body:
      string: '{"value":[{"properties":{"provisioningState":"Succeeded","state":"Active","endpoint":"cliadlsokyvtzoe2qv6ceivi.azuredatalakestore.net","accountId":"36680cfa-9881-4d72-b95c-ba3eea3256a5","creationTime":"2019-06-11T23:48:01.1837593Z","lastModifiedTime":"2019-06-11T23:48:01.1837593Z"},"location":"eastus2","id":"/subscriptions/00000000-0000-0000-0000-000000000000/resourceGroups/cli_test_adls_access5wpcus5fuay2v2uiyl4we2iytmu3nhu6obblgbpxdkughicxb7wwkph/providers/Microsoft.DataLakeStore/accounts/cliadlsokyvtzoe2qv6ceivi","name":"cliadlsokyvtzoe2qv6ceivi","type":"Microsoft.DataLakeStore/accounts"},{"properties":{"provisioningState":"Succeeded","state":"Active","endpoint":"cliadls000002.azuredatalakestore.net","accountId":"4e7f8f92-3c0a-4b3a-8430-bf1632251399","creationTime":"2019-06-11T23:48:05.9171103Z","lastModifiedTime":"2019-06-11T23:48:05.9171103Z"},"location":"eastus2","id":"/subscriptions/00000000-0000-0000-0000-000000000000/resourceGroups/cli_test_adls_mgmt000001/providers/Microsoft.DataLakeStore/accounts/cliadls000002","name":"cliadls000002","type":"Microsoft.DataLakeStore/accounts"}]}'
    headers:
      cache-control:
      - no-cache
      content-length:
      - '1189'
      content-type:
      - application/json
      date:
      - Tue, 11 Jun 2019 23:48:50 GMT
      expires:
      - '-1'
      pragma:
      - no-cache
      server:
      - Microsoft-IIS/10.0
      strict-transport-security:
      - max-age=31536000; includeSubDomains
      transfer-encoding:
      - chunked
      vary:
      - Accept-Encoding
      x-aspnet-version:
      - 4.0.30319
      x-content-type-options:
      - nosniff
      x-powered-by:
      - ASP.NET
    status:
      code: 200
      message: OK
- request:
    body: '{"properties": {"firewallState": "Enabled", "trustedIdProviderState": "Enabled"}}'
    headers:
      Accept:
      - application/json
      Accept-Encoding:
      - gzip, deflate
      CommandName:
      - dls account update
      Connection:
      - keep-alive
      Content-Length:
      - '81'
      Content-Type:
      - application/json; charset=utf-8
      ParameterSetName:
      - -g -n --firewall-state --trusted-id-provider-state
      User-Agent:
      - python/3.6.8 (Linux-4.15.0-51-generic-x86_64-with-Ubuntu-18.04-bionic) msrest/0.6.6
        msrest_azure/0.6.1 azure-mgmt-datalake-store/0.5.0 Azure-SDK-For-Python AZURECLI/2.0.65
      accept-language:
      - en-US
    method: PATCH
    uri: https://management.azure.com/subscriptions/00000000-0000-0000-0000-000000000000/resourceGroups/cli_test_adls_mgmt000001/providers/Microsoft.DataLakeStore/accounts/cliadls000002?api-version=2016-11-01
  response:
    body:
      string: '{"properties":{"firewallState":"Enabled","firewallAllowAzureIps":"Disabled","firewallAllowDataLakeAnalytics":"Disabled","firewallRules":[],"virtualNetworkRules":[],"trustedIdProviderState":"Enabled","trustedIdProviders":[],"encryptionState":"Enabled","encryptionConfig":{"type":"ServiceManaged"},"currentTier":"Consumption","newTier":"Consumption","dataLakePerformanceTierState":"Disabled","provisioningState":"Succeeded","state":"Active","endpoint":"cliadls000002.azuredatalakestore.net","accountId":"4e7f8f92-3c0a-4b3a-8430-bf1632251399","creationTime":"2019-06-11T23:48:05.9171103Z","lastModifiedTime":"2019-06-11T23:48:51.7673098Z"},"location":"eastus2","identity":{"type":"SystemAssigned","principalId":"f914e589-eadb-425f-80a4-c4a1d54c74c6","tenantId":"72f988bf-86f1-41af-91ab-2d7cd011db47"},"id":"/subscriptions/00000000-0000-0000-0000-000000000000/resourceGroups/cli_test_adls_mgmt000001/providers/Microsoft.DataLakeStore/accounts/cliadls000002","name":"cliadls000002","type":"Microsoft.DataLakeStore/accounts"}'
    headers:
      cache-control:
      - no-cache
      content-length:
      - '1103'
      content-type:
      - application/json
      date:
      - Tue, 11 Jun 2019 23:48:50 GMT
      expires:
      - '-1'
      pragma:
      - no-cache
      server:
      - Microsoft-IIS/10.0
      strict-transport-security:
      - max-age=31536000; includeSubDomains
      transfer-encoding:
      - chunked
      vary:
      - Accept-Encoding
      x-aspnet-version:
      - 4.0.30319
      x-content-type-options:
      - nosniff
      x-ms-ratelimit-remaining-subscription-writes:
      - '1199'
      x-powered-by:
      - ASP.NET
    status:
      code: 200
      message: OK
- request:
    body: null
    headers:
      Accept:
      - application/json
      Accept-Encoding:
      - gzip, deflate
      CommandName:
      - dls account show
      Connection:
      - keep-alive
      Content-Type:
      - application/json; charset=utf-8
      ParameterSetName:
      - -n -g
      User-Agent:
      - python/3.6.8 (Linux-4.15.0-51-generic-x86_64-with-Ubuntu-18.04-bionic) msrest/0.6.6
        msrest_azure/0.6.1 azure-mgmt-datalake-store/0.5.0 Azure-SDK-For-Python AZURECLI/2.0.65
      accept-language:
      - en-US
    method: GET
    uri: https://management.azure.com/subscriptions/00000000-0000-0000-0000-000000000000/resourceGroups/cli_test_adls_mgmt000001/providers/Microsoft.DataLakeStore/accounts/cliadls000002?api-version=2016-11-01
  response:
    body:
      string: '{"properties":{"firewallState":"Enabled","firewallAllowAzureIps":"Disabled","firewallAllowDataLakeAnalytics":"Disabled","firewallRules":[],"virtualNetworkRules":[],"trustedIdProviderState":"Enabled","trustedIdProviders":[],"encryptionState":"Enabled","encryptionConfig":{"type":"ServiceManaged"},"currentTier":"Consumption","newTier":"Consumption","dataLakePerformanceTierState":"Disabled","provisioningState":"Succeeded","state":"Active","endpoint":"cliadls000002.azuredatalakestore.net","accountId":"4e7f8f92-3c0a-4b3a-8430-bf1632251399","creationTime":"2019-06-11T23:48:05.9171103Z","lastModifiedTime":"2019-06-11T23:48:51.7673098Z"},"location":"eastus2","identity":{"type":"SystemAssigned","principalId":"f914e589-eadb-425f-80a4-c4a1d54c74c6","tenantId":"72f988bf-86f1-41af-91ab-2d7cd011db47"},"id":"/subscriptions/00000000-0000-0000-0000-000000000000/resourceGroups/cli_test_adls_mgmt000001/providers/Microsoft.DataLakeStore/accounts/cliadls000002","name":"cliadls000002","type":"Microsoft.DataLakeStore/accounts"}'
    headers:
      cache-control:
      - no-cache
      content-length:
      - '1103'
      content-type:
      - application/json
      date:
      - Tue, 11 Jun 2019 23:48:51 GMT
      expires:
      - '-1'
      pragma:
      - no-cache
      server:
      - Microsoft-IIS/10.0
      strict-transport-security:
      - max-age=31536000; includeSubDomains
      transfer-encoding:
      - chunked
      vary:
      - Accept-Encoding
      x-aspnet-version:
      - 4.0.30319
      x-content-type-options:
      - nosniff
      x-powered-by:
      - ASP.NET
    status:
      code: 200
      message: OK
- request:
    body: '{"properties": {"startIpAddress": "127.0.0.1", "endIpAddress": "127.0.0.2"}}'
    headers:
      Accept:
      - application/json
      Accept-Encoding:
      - gzip, deflate
      CommandName:
      - dls account firewall create
      Connection:
      - keep-alive
      Content-Length:
      - '76'
      Content-Type:
      - application/json; charset=utf-8
      ParameterSetName:
      - -g -n --firewall-rule-name --start-ip-address --end-ip-address
      User-Agent:
      - python/3.6.8 (Linux-4.15.0-51-generic-x86_64-with-Ubuntu-18.04-bionic) msrest/0.6.6
        msrest_azure/0.6.1 azure-mgmt-datalake-store/0.5.0 Azure-SDK-For-Python AZURECLI/2.0.65
      accept-language:
      - en-US
    method: PUT
    uri: https://management.azure.com/subscriptions/00000000-0000-0000-0000-000000000000/resourceGroups/cli_test_adls_mgmt000001/providers/Microsoft.DataLakeStore/accounts/cliadls000002/firewallRules/testfirewallrule01?api-version=2016-11-01
  response:
    body:
      string: '{"properties":{"startIpAddress":"127.0.0.1","endIpAddress":"127.0.0.2"},"id":"/subscriptions/00000000-0000-0000-0000-000000000000/resourceGroups/cli_test_adls_mgmt000001/providers/Microsoft.DataLakeStore/accounts/cliadls000002/firewallRules/testfirewallrule01","name":"testfirewallrule01","type":"Microsoft.DataLakeStore/accounts/firewallRules"}'
    headers:
      cache-control:
      - no-cache
      content-length:
      - '407'
      content-type:
      - application/json
      date:
      - Tue, 11 Jun 2019 23:48:53 GMT
      expires:
      - '-1'
      pragma:
      - no-cache
      server:
      - Microsoft-IIS/10.0
      strict-transport-security:
      - max-age=31536000; includeSubDomains
      transfer-encoding:
      - chunked
      vary:
      - Accept-Encoding
      x-aspnet-version:
      - 4.0.30319
      x-content-type-options:
      - nosniff
      x-ms-ratelimit-remaining-subscription-writes:
      - '1199'
      x-powered-by:
      - ASP.NET
    status:
      code: 200
      message: OK
- request:
    body: null
    headers:
      Accept:
      - application/json
      Accept-Encoding:
      - gzip, deflate
      CommandName:
      - dls account firewall show
      Connection:
      - keep-alive
      Content-Type:
      - application/json; charset=utf-8
      ParameterSetName:
      - -g -n --firewall-rule-name
      User-Agent:
      - python/3.6.8 (Linux-4.15.0-51-generic-x86_64-with-Ubuntu-18.04-bionic) msrest/0.6.6
        msrest_azure/0.6.1 azure-mgmt-datalake-store/0.5.0 Azure-SDK-For-Python AZURECLI/2.0.65
      accept-language:
      - en-US
    method: GET
    uri: https://management.azure.com/subscriptions/00000000-0000-0000-0000-000000000000/resourceGroups/cli_test_adls_mgmt000001/providers/Microsoft.DataLakeStore/accounts/cliadls000002/firewallRules/testfirewallrule01?api-version=2016-11-01
  response:
    body:
      string: '{"properties":{"startIpAddress":"127.0.0.1","endIpAddress":"127.0.0.2"},"id":"/subscriptions/00000000-0000-0000-0000-000000000000/resourceGroups/cli_test_adls_mgmt000001/providers/Microsoft.DataLakeStore/accounts/cliadls000002/firewallRules/testfirewallrule01","name":"testfirewallrule01","type":"Microsoft.DataLakeStore/accounts/firewallRules"}'
    headers:
      cache-control:
      - no-cache
      content-length:
      - '407'
      content-type:
      - application/json
      date:
      - Tue, 11 Jun 2019 23:48:55 GMT
      expires:
      - '-1'
      pragma:
      - no-cache
      server:
      - Microsoft-IIS/10.0
      strict-transport-security:
      - max-age=31536000; includeSubDomains
      transfer-encoding:
      - chunked
      vary:
      - Accept-Encoding
      x-aspnet-version:
      - 4.0.30319
      x-content-type-options:
      - nosniff
      x-powered-by:
      - ASP.NET
    status:
      code: 200
      message: OK
- request:
    body: '{"properties": {"endIpAddress": "127.0.0.3"}}'
    headers:
      Accept:
      - application/json
      Accept-Encoding:
      - gzip, deflate
      CommandName:
      - dls account firewall update
      Connection:
      - keep-alive
      Content-Length:
      - '45'
      Content-Type:
      - application/json; charset=utf-8
      ParameterSetName:
      - -g -n --firewall-rule-name --end-ip-address
      User-Agent:
      - python/3.6.8 (Linux-4.15.0-51-generic-x86_64-with-Ubuntu-18.04-bionic) msrest/0.6.6
        msrest_azure/0.6.1 azure-mgmt-datalake-store/0.5.0 Azure-SDK-For-Python AZURECLI/2.0.65
      accept-language:
      - en-US
    method: PATCH
    uri: https://management.azure.com/subscriptions/00000000-0000-0000-0000-000000000000/resourceGroups/cli_test_adls_mgmt000001/providers/Microsoft.DataLakeStore/accounts/cliadls000002/firewallRules/testfirewallrule01?api-version=2016-11-01
  response:
    body:
      string: '{"properties":{"startIpAddress":"127.0.0.1","endIpAddress":"127.0.0.3"},"id":"/subscriptions/00000000-0000-0000-0000-000000000000/resourceGroups/cli_test_adls_mgmt000001/providers/Microsoft.DataLakeStore/accounts/cliadls000002/firewallRules/testfirewallrule01","name":"testfirewallrule01","type":"Microsoft.DataLakeStore/accounts/firewallRules"}'
    headers:
      cache-control:
      - no-cache
      content-length:
      - '407'
      content-type:
      - application/json
      date:
      - Tue, 11 Jun 2019 23:48:56 GMT
      expires:
      - '-1'
      pragma:
      - no-cache
      server:
      - Microsoft-IIS/10.0
      strict-transport-security:
      - max-age=31536000; includeSubDomains
      transfer-encoding:
      - chunked
      vary:
      - Accept-Encoding
      x-aspnet-version:
      - 4.0.30319
      x-content-type-options:
      - nosniff
      x-ms-ratelimit-remaining-subscription-writes:
      - '1199'
      x-powered-by:
      - ASP.NET
    status:
      code: 200
      message: OK
- request:
    body: null
    headers:
      Accept:
      - application/json
      Accept-Encoding:
      - gzip, deflate
      CommandName:
      - dls account firewall show
      Connection:
      - keep-alive
      Content-Type:
      - application/json; charset=utf-8
      ParameterSetName:
      - -g -n --firewall-rule-name
      User-Agent:
      - python/3.6.8 (Linux-4.15.0-51-generic-x86_64-with-Ubuntu-18.04-bionic) msrest/0.6.6
        msrest_azure/0.6.1 azure-mgmt-datalake-store/0.5.0 Azure-SDK-For-Python AZURECLI/2.0.65
      accept-language:
      - en-US
    method: GET
    uri: https://management.azure.com/subscriptions/00000000-0000-0000-0000-000000000000/resourceGroups/cli_test_adls_mgmt000001/providers/Microsoft.DataLakeStore/accounts/cliadls000002/firewallRules/testfirewallrule01?api-version=2016-11-01
  response:
    body:
      string: '{"properties":{"startIpAddress":"127.0.0.1","endIpAddress":"127.0.0.3"},"id":"/subscriptions/00000000-0000-0000-0000-000000000000/resourceGroups/cli_test_adls_mgmt000001/providers/Microsoft.DataLakeStore/accounts/cliadls000002/firewallRules/testfirewallrule01","name":"testfirewallrule01","type":"Microsoft.DataLakeStore/accounts/firewallRules"}'
    headers:
      cache-control:
      - no-cache
      content-length:
      - '407'
      content-type:
      - application/json
      date:
      - Tue, 11 Jun 2019 23:48:57 GMT
      expires:
      - '-1'
      pragma:
      - no-cache
      server:
      - Microsoft-IIS/10.0
      strict-transport-security:
      - max-age=31536000; includeSubDomains
      transfer-encoding:
      - chunked
      vary:
      - Accept-Encoding
      x-aspnet-version:
      - 4.0.30319
      x-content-type-options:
      - nosniff
      x-powered-by:
      - ASP.NET
    status:
      code: 200
      message: OK
- request:
    body: null
    headers:
      Accept:
      - application/json
      Accept-Encoding:
      - gzip, deflate
      CommandName:
      - dls account firewall list
      Connection:
      - keep-alive
      Content-Type:
      - application/json; charset=utf-8
      ParameterSetName:
      - -g -n
      User-Agent:
      - python/3.6.8 (Linux-4.15.0-51-generic-x86_64-with-Ubuntu-18.04-bionic) msrest/0.6.6
        msrest_azure/0.6.1 azure-mgmt-datalake-store/0.5.0 Azure-SDK-For-Python AZURECLI/2.0.65
      accept-language:
      - en-US
    method: GET
    uri: https://management.azure.com/subscriptions/00000000-0000-0000-0000-000000000000/resourceGroups/cli_test_adls_mgmt000001/providers/Microsoft.DataLakeStore/accounts/cliadls000002/firewallRules?api-version=2016-11-01
  response:
    body:
      string: '{"value":[{"properties":{"startIpAddress":"127.0.0.1","endIpAddress":"127.0.0.3"},"id":"/subscriptions/00000000-0000-0000-0000-000000000000/resourceGroups/cli_test_adls_mgmt000001/providers/Microsoft.DataLakeStore/accounts/cliadls000002/firewallRules/testfirewallrule01","name":"testfirewallrule01","type":"Microsoft.DataLakeStore/accounts/firewallRules"}]}'
    headers:
      cache-control:
      - no-cache
      content-length:
      - '419'
      content-type:
      - application/json
      date:
      - Tue, 11 Jun 2019 23:48:58 GMT
      expires:
      - '-1'
      pragma:
      - no-cache
      server:
      - Microsoft-IIS/10.0
      strict-transport-security:
      - max-age=31536000; includeSubDomains
      transfer-encoding:
      - chunked
      vary:
      - Accept-Encoding
      x-aspnet-version:
      - 4.0.30319
      x-content-type-options:
      - nosniff
      x-powered-by:
      - ASP.NET
    status:
      code: 200
      message: OK
- request:
    body: null
    headers:
      Accept:
      - application/json
      Accept-Encoding:
      - gzip, deflate
      CommandName:
      - dls account firewall delete
      Connection:
      - keep-alive
      Content-Length:
      - '0'
      Content-Type:
      - application/json; charset=utf-8
      ParameterSetName:
      - -g -n --firewall-rule-name
      User-Agent:
      - python/3.6.8 (Linux-4.15.0-51-generic-x86_64-with-Ubuntu-18.04-bionic) msrest/0.6.6
        msrest_azure/0.6.1 azure-mgmt-datalake-store/0.5.0 Azure-SDK-For-Python AZURECLI/2.0.65
      accept-language:
      - en-US
    method: DELETE
    uri: https://management.azure.com/subscriptions/00000000-0000-0000-0000-000000000000/resourceGroups/cli_test_adls_mgmt000001/providers/Microsoft.DataLakeStore/accounts/cliadls000002/firewallRules/testfirewallrule01?api-version=2016-11-01
  response:
    body:
      string: ''
    headers:
      cache-control:
      - no-cache
      content-length:
      - '0'
      date:
      - Tue, 11 Jun 2019 23:49:00 GMT
      expires:
      - '-1'
      pragma:
      - no-cache
      server:
      - Microsoft-IIS/10.0
      strict-transport-security:
      - max-age=31536000; includeSubDomains
      x-aspnet-version:
      - 4.0.30319
      x-content-type-options:
      - nosniff
      x-ms-ratelimit-remaining-subscription-deletes:
      - '14999'
      x-powered-by:
      - ASP.NET
    status:
      code: 200
      message: OK
- request:
    body: null
    headers:
      Accept:
      - application/json
      Accept-Encoding:
      - gzip, deflate
      CommandName:
      - dls account firewall list
      Connection:
      - keep-alive
      Content-Type:
      - application/json; charset=utf-8
      ParameterSetName:
      - -g -n
      User-Agent:
      - python/3.6.8 (Linux-4.15.0-51-generic-x86_64-with-Ubuntu-18.04-bionic) msrest/0.6.6
        msrest_azure/0.6.1 azure-mgmt-datalake-store/0.5.0 Azure-SDK-For-Python AZURECLI/2.0.65
      accept-language:
      - en-US
    method: GET
    uri: https://management.azure.com/subscriptions/00000000-0000-0000-0000-000000000000/resourceGroups/cli_test_adls_mgmt000001/providers/Microsoft.DataLakeStore/accounts/cliadls000002/firewallRules?api-version=2016-11-01
  response:
    body:
      string: '{"value":[]}'
    headers:
      cache-control:
      - no-cache
      content-length:
      - '12'
      content-type:
      - application/json
      date:
      - Tue, 11 Jun 2019 23:49:00 GMT
      expires:
      - '-1'
      pragma:
      - no-cache
      server:
      - Microsoft-IIS/10.0
      strict-transport-security:
      - max-age=31536000; includeSubDomains
      transfer-encoding:
      - chunked
      vary:
      - Accept-Encoding
      x-aspnet-version:
      - 4.0.30319
      x-content-type-options:
      - nosniff
      x-powered-by:
      - ASP.NET
    status:
      code: 200
      message: OK
- request:
    body: '{"properties": {"subnetId": "/subscriptions/00000000-0000-0000-0000-000000000000/resourceGroups/lewu-rg/providers/Microsoft.Network/virtualNetworks/lewuVNET/subnets/default"}}'
    headers:
      Accept:
      - application/json
      Accept-Encoding:
      - gzip, deflate
      CommandName:
      - dls account network-rule create
      Connection:
      - keep-alive
      Content-Length:
      - '175'
      Content-Type:
      - application/json; charset=utf-8
      ParameterSetName:
      - -g --account-name --name --subnet
      User-Agent:
      - python/3.6.8 (Linux-4.15.0-51-generic-x86_64-with-Ubuntu-18.04-bionic) msrest/0.6.6
        msrest_azure/0.6.1 azure-mgmt-datalake-store/0.5.0 Azure-SDK-For-Python AZURECLI/2.0.65
      accept-language:
      - en-US
    method: PUT
    uri: https://management.azure.com/subscriptions/00000000-0000-0000-0000-000000000000/resourceGroups/cli_test_adls_mgmt000001/providers/Microsoft.DataLakeStore/accounts/cliadls000002/virtualNetworkRules/lewuVNET?api-version=2016-11-01
  response:
    body:
      string: '{"properties":{"subnetId":"/subscriptions/00000000-0000-0000-0000-000000000000/resourceGroups/lewu-rg/providers/Microsoft.Network/virtualNetworks/lewuVNET/subnets/default"},"id":"/subscriptions/00000000-0000-0000-0000-000000000000/resourceGroups/cli_test_adls_mgmt000001/providers/Microsoft.DataLakeStore/accounts/cliadls000002/virtualNetworkRules/lewuVNET","name":"lewuVNET","type":"Microsoft.DataLakeStore/accounts/virtualNetworkRules"}'
    headers:
      cache-control:
      - no-cache
      content-length:
      - '500'
      content-type:
      - application/json
      date:
      - Tue, 11 Jun 2019 23:49:03 GMT
      expires:
      - '-1'
      pragma:
      - no-cache
      server:
      - Microsoft-IIS/10.0
      strict-transport-security:
      - max-age=31536000; includeSubDomains
      transfer-encoding:
      - chunked
      vary:
      - Accept-Encoding
      x-aspnet-version:
      - 4.0.30319
      x-content-type-options:
      - nosniff
      x-ms-ratelimit-remaining-subscription-writes:
      - '1198'
      x-powered-by:
      - ASP.NET
    status:
      code: 200
      message: OK
- request:
    body: null
    headers:
      Accept:
      - application/json
      Accept-Encoding:
      - gzip, deflate
      CommandName:
      - dls account network-rule show
      Connection:
      - keep-alive
      Content-Type:
      - application/json; charset=utf-8
      ParameterSetName:
      - -g --account-name --name
      User-Agent:
      - python/3.6.8 (Linux-4.15.0-51-generic-x86_64-with-Ubuntu-18.04-bionic) msrest/0.6.6
        msrest_azure/0.6.1 azure-mgmt-datalake-store/0.5.0 Azure-SDK-For-Python AZURECLI/2.0.65
      accept-language:
      - en-US
    method: GET
    uri: https://management.azure.com/subscriptions/00000000-0000-0000-0000-000000000000/resourceGroups/cli_test_adls_mgmt000001/providers/Microsoft.DataLakeStore/accounts/cliadls000002/virtualNetworkRules/lewuVNET?api-version=2016-11-01
  response:
    body:
      string: '{"properties":{"subnetId":"/subscriptions/00000000-0000-0000-0000-000000000000/resourceGroups/lewu-rg/providers/Microsoft.Network/virtualNetworks/lewuVNET/subnets/default","state":"Active"},"id":"/subscriptions/00000000-0000-0000-0000-000000000000/resourceGroups/cli_test_adls_mgmt000001/providers/Microsoft.DataLakeStore/accounts/cliadls000002/virtualNetworkRules/lewuVNET","name":"lewuVNET","type":"Microsoft.DataLakeStore/accounts/virtualNetworkRules"}'
    headers:
      cache-control:
      - no-cache
      content-length:
      - '517'
      content-type:
      - application/json
      date:
      - Tue, 11 Jun 2019 23:49:04 GMT
      expires:
      - '-1'
      pragma:
      - no-cache
      server:
      - Microsoft-IIS/10.0
      strict-transport-security:
      - max-age=31536000; includeSubDomains
      transfer-encoding:
      - chunked
      vary:
      - Accept-Encoding
      x-aspnet-version:
      - 4.0.30319
      x-content-type-options:
      - nosniff
      x-powered-by:
      - ASP.NET
    status:
      code: 200
      message: OK
- request:
    body: null
    headers:
      Accept:
      - application/json
      Accept-Encoding:
      - gzip, deflate
      CommandName:
      - dls account network-rule update
      Connection:
      - keep-alive
      Content-Type:
      - application/json; charset=utf-8
      ParameterSetName:
      - -g --account-name --name --subnet
      User-Agent:
      - python/3.6.8 (Linux-4.15.0-51-generic-x86_64-with-Ubuntu-18.04-bionic) msrest/0.6.6
        msrest_azure/0.6.1 azure-mgmt-datalake-store/0.5.0 Azure-SDK-For-Python AZURECLI/2.0.65
      accept-language:
      - en-US
    method: GET
    uri: https://management.azure.com/subscriptions/00000000-0000-0000-0000-000000000000/resourceGroups/cli_test_adls_mgmt000001/providers/Microsoft.DataLakeStore/accounts/cliadls000002/virtualNetworkRules/lewuVNET?api-version=2016-11-01
  response:
    body:
      string: '{"properties":{"subnetId":"/subscriptions/00000000-0000-0000-0000-000000000000/resourceGroups/lewu-rg/providers/Microsoft.Network/virtualNetworks/lewuVNET/subnets/default","state":"Active"},"id":"/subscriptions/00000000-0000-0000-0000-000000000000/resourceGroups/cli_test_adls_mgmt000001/providers/Microsoft.DataLakeStore/accounts/cliadls000002/virtualNetworkRules/lewuVNET","name":"lewuVNET","type":"Microsoft.DataLakeStore/accounts/virtualNetworkRules"}'
    headers:
      cache-control:
      - no-cache
      content-length:
      - '517'
      content-type:
      - application/json
      date:
      - Tue, 11 Jun 2019 23:49:04 GMT
      expires:
      - '-1'
      pragma:
      - no-cache
      server:
      - Microsoft-IIS/10.0
      strict-transport-security:
      - max-age=31536000; includeSubDomains
      transfer-encoding:
      - chunked
      vary:
      - Accept-Encoding
      x-aspnet-version:
      - 4.0.30319
      x-content-type-options:
      - nosniff
      x-powered-by:
      - ASP.NET
    status:
      code: 200
      message: OK
- request:
    body: '{"properties": {"subnetId": "/subscriptions/00000000-0000-0000-0000-000000000000/resourceGroups/lewu-rg/providers/Microsoft.Network/virtualNetworks/lewuVNET/subnets/updatedSubnetId"}}'
    headers:
      Accept:
      - application/json
      Accept-Encoding:
      - gzip, deflate
      CommandName:
      - dls account network-rule update
      Connection:
      - keep-alive
      Content-Length:
      - '183'
      Content-Type:
      - application/json; charset=utf-8
      ParameterSetName:
      - -g --account-name --name --subnet
      User-Agent:
      - python/3.6.8 (Linux-4.15.0-51-generic-x86_64-with-Ubuntu-18.04-bionic) msrest/0.6.6
        msrest_azure/0.6.1 azure-mgmt-datalake-store/0.5.0 Azure-SDK-For-Python AZURECLI/2.0.65
      accept-language:
      - en-US
    method: PUT
    uri: https://management.azure.com/subscriptions/00000000-0000-0000-0000-000000000000/resourceGroups/cli_test_adls_mgmt000001/providers/Microsoft.DataLakeStore/accounts/cliadls000002/virtualNetworkRules/lewuVNET?api-version=2016-11-01
  response:
    body:
      string: '{"properties":{"subnetId":"/subscriptions/00000000-0000-0000-0000-000000000000/resourceGroups/lewu-rg/providers/Microsoft.Network/virtualNetworks/lewuVNET/subnets/updatedSubnetId"},"id":"/subscriptions/00000000-0000-0000-0000-000000000000/resourceGroups/cli_test_adls_mgmt000001/providers/Microsoft.DataLakeStore/accounts/cliadls000002/virtualNetworkRules/lewuVNET","name":"lewuVNET","type":"Microsoft.DataLakeStore/accounts/virtualNetworkRules"}'
    headers:
      cache-control:
      - no-cache
      content-length:
      - '508'
      content-type:
      - application/json
      date:
      - Tue, 11 Jun 2019 23:49:06 GMT
      expires:
      - '-1'
      pragma:
      - no-cache
      server:
      - Microsoft-IIS/10.0
      strict-transport-security:
      - max-age=31536000; includeSubDomains
      transfer-encoding:
      - chunked
      vary:
      - Accept-Encoding
      x-aspnet-version:
      - 4.0.30319
      x-content-type-options:
      - nosniff
      x-ms-ratelimit-remaining-subscription-writes:
      - '1199'
      x-powered-by:
      - ASP.NET
    status:
      code: 200
      message: OK
- request:
    body: null
    headers:
      Accept:
      - application/json
      Accept-Encoding:
      - gzip, deflate
      CommandName:
      - dls account network-rule show
      Connection:
      - keep-alive
      Content-Type:
      - application/json; charset=utf-8
      ParameterSetName:
      - -g --account-name --name
      User-Agent:
      - python/3.6.8 (Linux-4.15.0-51-generic-x86_64-with-Ubuntu-18.04-bionic) msrest/0.6.6
        msrest_azure/0.6.1 azure-mgmt-datalake-store/0.5.0 Azure-SDK-For-Python AZURECLI/2.0.65
      accept-language:
      - en-US
    method: GET
    uri: https://management.azure.com/subscriptions/00000000-0000-0000-0000-000000000000/resourceGroups/cli_test_adls_mgmt000001/providers/Microsoft.DataLakeStore/accounts/cliadls000002/virtualNetworkRules/lewuVNET?api-version=2016-11-01
  response:
    body:
      string: '{"properties":{"subnetId":"/subscriptions/00000000-0000-0000-0000-000000000000/resourceGroups/lewu-rg/providers/Microsoft.Network/virtualNetworks/lewuVNET/subnets/updatedSubnetId","state":"Active"},"id":"/subscriptions/00000000-0000-0000-0000-000000000000/resourceGroups/cli_test_adls_mgmt000001/providers/Microsoft.DataLakeStore/accounts/cliadls000002/virtualNetworkRules/lewuVNET","name":"lewuVNET","type":"Microsoft.DataLakeStore/accounts/virtualNetworkRules"}'
    headers:
      cache-control:
      - no-cache
      content-length:
      - '525'
      content-type:
      - application/json
      date:
      - Tue, 11 Jun 2019 23:49:08 GMT
      expires:
      - '-1'
      pragma:
      - no-cache
      server:
      - Microsoft-IIS/10.0
      strict-transport-security:
      - max-age=31536000; includeSubDomains
      transfer-encoding:
      - chunked
      vary:
      - Accept-Encoding
      x-aspnet-version:
      - 4.0.30319
      x-content-type-options:
      - nosniff
      x-powered-by:
      - ASP.NET
    status:
      code: 200
      message: OK
- request:
    body: null
    headers:
      Accept:
      - application/json
      Accept-Encoding:
      - gzip, deflate
      CommandName:
      - dls account network-rule list
      Connection:
      - keep-alive
      Content-Type:
      - application/json; charset=utf-8
      ParameterSetName:
      - -g --account-name
      User-Agent:
      - python/3.6.8 (Linux-4.15.0-51-generic-x86_64-with-Ubuntu-18.04-bionic) msrest/0.6.6
        msrest_azure/0.6.1 azure-mgmt-datalake-store/0.5.0 Azure-SDK-For-Python AZURECLI/2.0.65
      accept-language:
      - en-US
    method: GET
    uri: https://management.azure.com/subscriptions/00000000-0000-0000-0000-000000000000/resourceGroups/cli_test_adls_mgmt000001/providers/Microsoft.DataLakeStore/accounts/cliadls000002/virtualNetworkRules?api-version=2016-11-01
  response:
    body:
      string: '{"value":[{"properties":{"subnetId":"/subscriptions/00000000-0000-0000-0000-000000000000/resourceGroups/lewu-rg/providers/Microsoft.Network/virtualNetworks/lewuVNET/subnets/updatedSubnetId","state":"Active"},"id":"/subscriptions/00000000-0000-0000-0000-000000000000/resourceGroups/cli_test_adls_mgmt000001/providers/Microsoft.DataLakeStore/accounts/cliadls000002/virtualNetworkRules/lewuVNET","name":"lewuVNET","type":"Microsoft.DataLakeStore/accounts/virtualNetworkRules"}]}'
    headers:
      cache-control:
      - no-cache
      content-length:
      - '537'
      content-type:
      - application/json
      date:
      - Tue, 11 Jun 2019 23:49:09 GMT
      expires:
      - '-1'
      pragma:
      - no-cache
      server:
      - Microsoft-IIS/10.0
      strict-transport-security:
      - max-age=31536000; includeSubDomains
      transfer-encoding:
      - chunked
      vary:
      - Accept-Encoding
      x-aspnet-version:
      - 4.0.30319
      x-content-type-options:
      - nosniff
      x-powered-by:
      - ASP.NET
    status:
      code: 200
      message: OK
- request:
    body: null
    headers:
      Accept:
      - application/json
      Accept-Encoding:
      - gzip, deflate
      CommandName:
      - dls account network-rule delete
      Connection:
      - keep-alive
      Content-Length:
      - '0'
      Content-Type:
      - application/json; charset=utf-8
      ParameterSetName:
      - -g --account-name --name
      User-Agent:
      - python/3.6.8 (Linux-4.15.0-51-generic-x86_64-with-Ubuntu-18.04-bionic) msrest/0.6.6
        msrest_azure/0.6.1 azure-mgmt-datalake-store/0.5.0 Azure-SDK-For-Python AZURECLI/2.0.65
      accept-language:
      - en-US
    method: DELETE
    uri: https://management.azure.com/subscriptions/00000000-0000-0000-0000-000000000000/resourceGroups/cli_test_adls_mgmt000001/providers/Microsoft.DataLakeStore/accounts/cliadls000002/virtualNetworkRules/lewuVNET?api-version=2016-11-01
  response:
    body:
      string: ''
    headers:
      cache-control:
      - no-cache
      content-length:
      - '0'
      date:
      - Tue, 11 Jun 2019 23:49:10 GMT
      expires:
      - '-1'
      pragma:
      - no-cache
      server:
      - Microsoft-IIS/10.0
      strict-transport-security:
      - max-age=31536000; includeSubDomains
      x-aspnet-version:
      - 4.0.30319
      x-content-type-options:
      - nosniff
      x-ms-ratelimit-remaining-subscription-deletes:
      - '14999'
      x-powered-by:
      - ASP.NET
    status:
      code: 200
      message: OK
- request:
    body: null
    headers:
      Accept:
      - application/json
      Accept-Encoding:
      - gzip, deflate
      CommandName:
      - dls account network-rule list
      Connection:
      - keep-alive
      Content-Type:
      - application/json; charset=utf-8
      ParameterSetName:
      - -g --account-name
      User-Agent:
      - python/3.6.8 (Linux-4.15.0-51-generic-x86_64-with-Ubuntu-18.04-bionic) msrest/0.6.6
        msrest_azure/0.6.1 azure-mgmt-datalake-store/0.5.0 Azure-SDK-For-Python AZURECLI/2.0.65
      accept-language:
      - en-US
    method: GET
    uri: https://management.azure.com/subscriptions/00000000-0000-0000-0000-000000000000/resourceGroups/cli_test_adls_mgmt000001/providers/Microsoft.DataLakeStore/accounts/cliadls000002/virtualNetworkRules?api-version=2016-11-01
  response:
    body:
      string: '{"value":[]}'
    headers:
      cache-control:
      - no-cache
      content-length:
      - '12'
      content-type:
      - application/json
      date:
      - Tue, 11 Jun 2019 23:49:11 GMT
      expires:
      - '-1'
      pragma:
      - no-cache
      server:
      - Microsoft-IIS/10.0
      strict-transport-security:
      - max-age=31536000; includeSubDomains
      transfer-encoding:
      - chunked
      vary:
      - Accept-Encoding
      x-aspnet-version:
      - 4.0.30319
      x-content-type-options:
      - nosniff
      x-powered-by:
      - ASP.NET
    status:
      code: 200
      message: OK
- request:
    body: '{"properties": {"idProvider": "https://sts.windows.net/9d5b43a0-804c-4c82-8791-36aca2f72342"}}'
    headers:
      Accept:
      - application/json
      Accept-Encoding:
      - gzip, deflate
      CommandName:
      - dls account trusted-provider create
      Connection:
      - keep-alive
      Content-Length:
      - '94'
      Content-Type:
      - application/json; charset=utf-8
      ParameterSetName:
      - -g -n --trusted-id-provider-name --id-provider
      User-Agent:
      - python/3.6.8 (Linux-4.15.0-51-generic-x86_64-with-Ubuntu-18.04-bionic) msrest/0.6.6
        msrest_azure/0.6.1 azure-mgmt-datalake-store/0.5.0 Azure-SDK-For-Python AZURECLI/2.0.65
      accept-language:
      - en-US
    method: PUT
    uri: https://management.azure.com/subscriptions/00000000-0000-0000-0000-000000000000/resourceGroups/cli_test_adls_mgmt000001/providers/Microsoft.DataLakeStore/accounts/cliadls000002/trustedIdProviders/testprovider01?api-version=2016-11-01
  response:
    body:
      string: '{"properties":{"idProvider":"https://sts.windows.net/9d5b43a0-804c-4c82-8791-36aca2f72342"},"id":"/subscriptions/00000000-0000-0000-0000-000000000000/resourceGroups/cli_test_adls_mgmt000001/providers/Microsoft.DataLakeStore/accounts/cliadls000002/trustedIdProviders/testprovider01","name":"testprovider01","type":"Microsoft.DataLakeStore/accounts/trustedIdProviders"}'
    headers:
      cache-control:
      - no-cache
      content-length:
      - '429'
      content-type:
      - application/json
      date:
      - Tue, 11 Jun 2019 23:49:13 GMT
      expires:
      - '-1'
      pragma:
      - no-cache
      server:
      - Microsoft-IIS/10.0
      strict-transport-security:
      - max-age=31536000; includeSubDomains
      transfer-encoding:
      - chunked
      vary:
      - Accept-Encoding
      x-aspnet-version:
      - 4.0.30319
      x-content-type-options:
      - nosniff
      x-ms-ratelimit-remaining-subscription-writes:
      - '1199'
      x-powered-by:
      - ASP.NET
    status:
      code: 200
      message: OK
- request:
    body: null
    headers:
      Accept:
      - application/json
      Accept-Encoding:
      - gzip, deflate
      CommandName:
      - dls account trusted-provider show
      Connection:
      - keep-alive
      Content-Type:
      - application/json; charset=utf-8
      ParameterSetName:
      - -g -n --trusted-id-provider-name
      User-Agent:
      - python/3.6.8 (Linux-4.15.0-51-generic-x86_64-with-Ubuntu-18.04-bionic) msrest/0.6.6
        msrest_azure/0.6.1 azure-mgmt-datalake-store/0.5.0 Azure-SDK-For-Python AZURECLI/2.0.65
      accept-language:
      - en-US
    method: GET
    uri: https://management.azure.com/subscriptions/00000000-0000-0000-0000-000000000000/resourceGroups/cli_test_adls_mgmt000001/providers/Microsoft.DataLakeStore/accounts/cliadls000002/trustedIdProviders/testprovider01?api-version=2016-11-01
  response:
    body:
      string: '{"properties":{"idProvider":"https://sts.windows.net/9d5b43a0-804c-4c82-8791-36aca2f72342"},"id":"/subscriptions/00000000-0000-0000-0000-000000000000/resourceGroups/cli_test_adls_mgmt000001/providers/Microsoft.DataLakeStore/accounts/cliadls000002/trustedIdProviders/testprovider01","name":"testprovider01","type":"Microsoft.DataLakeStore/accounts/trustedIdProviders"}'
    headers:
      cache-control:
      - no-cache
      content-length:
      - '429'
      content-type:
      - application/json
      date:
      - Tue, 11 Jun 2019 23:49:13 GMT
      expires:
      - '-1'
      pragma:
      - no-cache
      server:
      - Microsoft-IIS/10.0
      strict-transport-security:
      - max-age=31536000; includeSubDomains
      transfer-encoding:
      - chunked
      vary:
      - Accept-Encoding
      x-aspnet-version:
      - 4.0.30319
      x-content-type-options:
      - nosniff
      x-powered-by:
      - ASP.NET
    status:
      code: 200
      message: OK
- request:
    body: '{"properties": {"idProvider": "https://sts.windows.net/fceb709f-96f1-4c65-b06f-2541114bffb3"}}'
    headers:
      Accept:
      - application/json
      Accept-Encoding:
      - gzip, deflate
      CommandName:
      - dls account trusted-provider update
      Connection:
      - keep-alive
      Content-Length:
      - '94'
      Content-Type:
      - application/json; charset=utf-8
      ParameterSetName:
      - -g -n --trusted-id-provider-name --id-provider
      User-Agent:
      - python/3.6.8 (Linux-4.15.0-51-generic-x86_64-with-Ubuntu-18.04-bionic) msrest/0.6.6
        msrest_azure/0.6.1 azure-mgmt-datalake-store/0.5.0 Azure-SDK-For-Python AZURECLI/2.0.65
      accept-language:
      - en-US
    method: PATCH
    uri: https://management.azure.com/subscriptions/00000000-0000-0000-0000-000000000000/resourceGroups/cli_test_adls_mgmt000001/providers/Microsoft.DataLakeStore/accounts/cliadls000002/trustedIdProviders/testprovider01?api-version=2016-11-01
  response:
    body:
      string: '{"properties":{"idProvider":"https://sts.windows.net/fceb709f-96f1-4c65-b06f-2541114bffb3"},"id":"/subscriptions/00000000-0000-0000-0000-000000000000/resourceGroups/cli_test_adls_mgmt000001/providers/Microsoft.DataLakeStore/accounts/cliadls000002/trustedIdProviders/testprovider01","name":"testprovider01","type":"Microsoft.DataLakeStore/accounts/trustedIdProviders"}'
    headers:
      cache-control:
      - no-cache
      content-length:
      - '429'
      content-type:
      - application/json
      date:
      - Tue, 11 Jun 2019 23:49:16 GMT
      expires:
      - '-1'
      pragma:
      - no-cache
      server:
      - Microsoft-IIS/10.0
      strict-transport-security:
      - max-age=31536000; includeSubDomains
      transfer-encoding:
      - chunked
      vary:
      - Accept-Encoding
      x-aspnet-version:
      - 4.0.30319
      x-content-type-options:
      - nosniff
      x-ms-ratelimit-remaining-subscription-writes:
      - '1199'
      x-powered-by:
      - ASP.NET
    status:
      code: 200
      message: OK
- request:
    body: null
    headers:
      Accept:
      - application/json
      Accept-Encoding:
      - gzip, deflate
      CommandName:
      - dls account trusted-provider show
      Connection:
      - keep-alive
      Content-Type:
      - application/json; charset=utf-8
      ParameterSetName:
      - -g -n --trusted-id-provider-name
      User-Agent:
      - python/3.6.8 (Linux-4.15.0-51-generic-x86_64-with-Ubuntu-18.04-bionic) msrest/0.6.6
        msrest_azure/0.6.1 azure-mgmt-datalake-store/0.5.0 Azure-SDK-For-Python AZURECLI/2.0.65
      accept-language:
      - en-US
    method: GET
    uri: https://management.azure.com/subscriptions/00000000-0000-0000-0000-000000000000/resourceGroups/cli_test_adls_mgmt000001/providers/Microsoft.DataLakeStore/accounts/cliadls000002/trustedIdProviders/testprovider01?api-version=2016-11-01
  response:
    body:
      string: '{"properties":{"idProvider":"https://sts.windows.net/fceb709f-96f1-4c65-b06f-2541114bffb3"},"id":"/subscriptions/00000000-0000-0000-0000-000000000000/resourceGroups/cli_test_adls_mgmt000001/providers/Microsoft.DataLakeStore/accounts/cliadls000002/trustedIdProviders/testprovider01","name":"testprovider01","type":"Microsoft.DataLakeStore/accounts/trustedIdProviders"}'
    headers:
      cache-control:
      - no-cache
      content-length:
      - '429'
      content-type:
      - application/json
      date:
      - Tue, 11 Jun 2019 23:49:17 GMT
      expires:
      - '-1'
      pragma:
      - no-cache
      server:
      - Microsoft-IIS/10.0
      strict-transport-security:
      - max-age=31536000; includeSubDomains
      transfer-encoding:
      - chunked
      vary:
      - Accept-Encoding
      x-aspnet-version:
      - 4.0.30319
      x-content-type-options:
      - nosniff
      x-powered-by:
      - ASP.NET
    status:
      code: 200
      message: OK
- request:
    body: null
    headers:
      Accept:
      - application/json
      Accept-Encoding:
      - gzip, deflate
      CommandName:
      - dls account trusted-provider list
      Connection:
      - keep-alive
      Content-Type:
      - application/json; charset=utf-8
      ParameterSetName:
      - -g -n
      User-Agent:
      - python/3.6.8 (Linux-4.15.0-51-generic-x86_64-with-Ubuntu-18.04-bionic) msrest/0.6.6
        msrest_azure/0.6.1 azure-mgmt-datalake-store/0.5.0 Azure-SDK-For-Python AZURECLI/2.0.65
      accept-language:
      - en-US
    method: GET
    uri: https://management.azure.com/subscriptions/00000000-0000-0000-0000-000000000000/resourceGroups/cli_test_adls_mgmt000001/providers/Microsoft.DataLakeStore/accounts/cliadls000002/trustedIdProviders?api-version=2016-11-01
  response:
    body:
      string: '{"value":[{"properties":{"idProvider":"https://sts.windows.net/fceb709f-96f1-4c65-b06f-2541114bffb3"},"id":"/subscriptions/00000000-0000-0000-0000-000000000000/resourceGroups/cli_test_adls_mgmt000001/providers/Microsoft.DataLakeStore/accounts/cliadls000002/trustedIdProviders/testprovider01","name":"testprovider01","type":"Microsoft.DataLakeStore/accounts/trustedIdProviders"}]}'
    headers:
      cache-control:
      - no-cache
      content-length:
      - '441'
      content-type:
      - application/json
      date:
      - Tue, 11 Jun 2019 23:49:18 GMT
      expires:
      - '-1'
      pragma:
      - no-cache
      server:
      - Microsoft-IIS/10.0
      strict-transport-security:
      - max-age=31536000; includeSubDomains
      transfer-encoding:
      - chunked
      vary:
      - Accept-Encoding
      x-aspnet-version:
      - 4.0.30319
      x-content-type-options:
      - nosniff
      x-powered-by:
      - ASP.NET
    status:
      code: 200
      message: OK
- request:
    body: null
    headers:
      Accept:
      - application/json
      Accept-Encoding:
      - gzip, deflate
      CommandName:
      - dls account trusted-provider delete
      Connection:
      - keep-alive
      Content-Length:
      - '0'
      Content-Type:
      - application/json; charset=utf-8
      ParameterSetName:
      - -g -n --trusted-id-provider-name
      User-Agent:
      - python/3.6.8 (Linux-4.15.0-51-generic-x86_64-with-Ubuntu-18.04-bionic) msrest/0.6.6
        msrest_azure/0.6.1 azure-mgmt-datalake-store/0.5.0 Azure-SDK-For-Python AZURECLI/2.0.65
      accept-language:
      - en-US
    method: DELETE
    uri: https://management.azure.com/subscriptions/00000000-0000-0000-0000-000000000000/resourceGroups/cli_test_adls_mgmt000001/providers/Microsoft.DataLakeStore/accounts/cliadls000002/trustedIdProviders/testprovider01?api-version=2016-11-01
  response:
    body:
      string: ''
    headers:
      cache-control:
      - no-cache
      content-length:
      - '0'
      date:
      - Tue, 11 Jun 2019 23:49:18 GMT
      expires:
      - '-1'
      pragma:
      - no-cache
      server:
      - Microsoft-IIS/10.0
      strict-transport-security:
      - max-age=31536000; includeSubDomains
      x-aspnet-version:
      - 4.0.30319
      x-content-type-options:
      - nosniff
      x-ms-ratelimit-remaining-subscription-deletes:
      - '14999'
      x-powered-by:
      - ASP.NET
    status:
      code: 200
      message: OK
- request:
    body: null
    headers:
      Accept:
      - application/json
      Accept-Encoding:
      - gzip, deflate
      CommandName:
      - dls account trusted-provider list
      Connection:
      - keep-alive
      Content-Type:
      - application/json; charset=utf-8
      ParameterSetName:
      - -g -n
      User-Agent:
      - python/3.6.8 (Linux-4.15.0-51-generic-x86_64-with-Ubuntu-18.04-bionic) msrest/0.6.6
        msrest_azure/0.6.1 azure-mgmt-datalake-store/0.5.0 Azure-SDK-For-Python AZURECLI/2.0.65
      accept-language:
      - en-US
    method: GET
    uri: https://management.azure.com/subscriptions/00000000-0000-0000-0000-000000000000/resourceGroups/cli_test_adls_mgmt000001/providers/Microsoft.DataLakeStore/accounts/cliadls000002/trustedIdProviders?api-version=2016-11-01
  response:
    body:
      string: '{"value":[]}'
    headers:
      cache-control:
      - no-cache
      content-length:
      - '12'
      content-type:
      - application/json
      date:
      - Tue, 11 Jun 2019 23:49:20 GMT
      expires:
      - '-1'
      pragma:
      - no-cache
      server:
      - Microsoft-IIS/10.0
      strict-transport-security:
      - max-age=31536000; includeSubDomains
      transfer-encoding:
      - chunked
      vary:
      - Accept-Encoding
      x-aspnet-version:
      - 4.0.30319
      x-content-type-options:
      - nosniff
      x-powered-by:
      - ASP.NET
    status:
      code: 200
      message: OK
- request:
    body: null
    headers:
      Accept:
      - application/json
      Accept-Encoding:
      - gzip, deflate
      CommandName:
      - dls account delete
      Connection:
      - keep-alive
      Content-Length:
      - '0'
      Content-Type:
      - application/json; charset=utf-8
      ParameterSetName:
      - -g -n
      User-Agent:
      - python/3.6.8 (Linux-4.15.0-51-generic-x86_64-with-Ubuntu-18.04-bionic) msrest/0.6.6
        msrest_azure/0.6.1 azure-mgmt-datalake-store/0.5.0 Azure-SDK-For-Python AZURECLI/2.0.65
      accept-language:
      - en-US
    method: DELETE
    uri: https://management.azure.com/subscriptions/00000000-0000-0000-0000-000000000000/resourceGroups/cli_test_adls_mgmt000001/providers/Microsoft.DataLakeStore/accounts/cliadls000002?api-version=2016-11-01
  response:
    body:
      string: ''
    headers:
      cache-control:
      - no-cache
      content-length:
      - '0'
      date:
      - Tue, 11 Jun 2019 23:49:23 GMT
      expires:
      - '-1'
      pragma:
      - no-cache
      server:
      - Microsoft-IIS/10.0
      strict-transport-security:
      - max-age=31536000; includeSubDomains
      x-aspnet-version:
      - 4.0.30319
      x-content-type-options:
      - nosniff
      x-ms-ratelimit-remaining-subscription-deletes:
      - '14999'
      x-powered-by:
      - ASP.NET
    status:
      code: 200
      message: OK
- request:
    body: null
    headers:
      Accept:
      - application/json
      Accept-Encoding:
      - gzip, deflate
      CommandName:
      - dls account list
      Connection:
      - keep-alive
      Content-Type:
      - application/json; charset=utf-8
      ParameterSetName:
      - -g
      User-Agent:
      - python/3.6.8 (Linux-4.15.0-51-generic-x86_64-with-Ubuntu-18.04-bionic) msrest/0.6.6
        msrest_azure/0.6.1 azure-mgmt-datalake-store/0.5.0 Azure-SDK-For-Python AZURECLI/2.0.65
      accept-language:
      - en-US
    method: GET
    uri: https://management.azure.com/subscriptions/00000000-0000-0000-0000-000000000000/resourceGroups/cli_test_adls_mgmt000001/providers/Microsoft.DataLakeStore/accounts?api-version=2016-11-01
  response:
    body:
      string: '{"value":[]}'
    headers:
      cache-control:
      - no-cache
      content-length:
      - '12'
      content-type:
      - application/json; charset=utf-8
      date:
      - Tue, 11 Jun 2019 23:49:24 GMT
      expires:
      - '-1'
      pragma:
      - no-cache
      strict-transport-security:
      - max-age=31536000; includeSubDomains
      vary:
      - Accept-Encoding
      x-content-type-options:
      - nosniff
    status:
      code: 200
      message: OK
- request:
    body: null
    headers:
      Accept:
      - application/json
      Accept-Encoding:
      - gzip, deflate
      CommandName:
      - group delete
      Connection:
      - keep-alive
      Content-Length:
      - '0'
      ParameterSetName:
      - --name --yes --no-wait
      User-Agent:
      - python/3.6.8 (Linux-4.15.0-51-generic-x86_64-with-Ubuntu-18.04-bionic) msrest/0.6.6
        msrest_azure/0.6.1 resourcemanagementclient/2.1.0 Azure-SDK-For-Python AZURECLI/2.0.65
      accept-language:
      - en-US
    method: DELETE
    uri: https://management.azure.com/subscriptions/00000000-0000-0000-0000-000000000000/resourcegroups/cli_test_adls_mgmt000001?api-version=2018-05-01
  response:
    body:
      string: ''
    headers:
      cache-control:
      - no-cache
      content-length:
      - '0'
      date:
      - Tue, 11 Jun 2019 23:49:25 GMT
      expires:
      - '-1'
      location:
      - https://management.azure.com/subscriptions/00000000-0000-0000-0000-000000000000/operationresults/eyJqb2JJZCI6IlJFU09VUkNFR1JPVVBERUxFVElPTkpPQi1DTEk6NUZURVNUOjVGQURMUzo1Rk1HTVRBNEkzQUsyQVVGN0NWUzVZWjZPM01MSnxDNDkyNzBBRDRDNEZFREU5LVdFU1RVUyIsImpvYkxvY2F0aW9uIjoid2VzdHVzIn0?api-version=2018-05-01
      pragma:
      - no-cache
      strict-transport-security:
      - max-age=31536000; includeSubDomains
      x-content-type-options:
      - nosniff
      x-ms-ratelimit-remaining-subscription-deletes:
      - '14999'
    status:
      code: 202
      message: Accepted
version: 1
