interactions:
- request:
    body: '{"location": "eastus2", "properties": {"encryptionState": "Disabled"}}'
    headers:
      Accept:
      - application/json
      Accept-Encoding:
      - gzip, deflate
      CommandName:
      - dls account create
      Connection:
      - keep-alive
      Content-Length:
      - '70'
      Content-Type:
      - application/json; charset=utf-8
      ParameterSetName:
      - -g -n -l --disable-encryption
      User-Agent:
      - python/3.8.0 (Windows-10-10.0.18362-SP0) msrest/0.6.10 msrest_azure/0.6.3
        azure-mgmt-datalake-store/0.5.0 Azure-SDK-For-Python AZURECLI/2.3.1
      accept-language:
      - en-US
    method: PUT
    uri: https://management.azure.com/subscriptions/00000000-0000-0000-0000-000000000000/resourceGroups/cls_test_adls_file000001/providers/Microsoft.DataLakeStore/accounts/cliadls000002?api-version=2016-11-01
  response:
    body:
      string: '{"properties":{"encryptionState":"Disabled","provisioningState":"Creating","state":null,"endpoint":null,"accountId":"d740fdf0-3a3c-45c0-bc71-778da044edf1"},"location":"eastus2","id":"/subscriptions/00000000-0000-0000-0000-000000000000/resourceGroups/cls_test_adls_file000001/providers/Microsoft.DataLakeStore/accounts/cliadls000002","name":"cliadls000002","type":"Microsoft.DataLakeStore/accounts"}'
    headers:
      azure-asyncoperation:
      - https://management.azure.com/subscriptions/00000000-0000-0000-0000-000000000000/providers/Microsoft.DataLakeStore/locations/eastus2/operationResults/d740fdf0-3a3c-45c0-bc71-778da044edf1_0?api-version=2016-11-01
      cache-control:
      - no-cache
      content-length:
      - '471'
      content-type:
      - application/json
      date:
      - Wed, 15 Apr 2020 06:45:01 GMT
      expires:
      - '-1'
      location:
      - https://management.azure.com/subscriptions/00000000-0000-0000-0000-000000000000/resourcegroups/cls_test_adls_file000001/providers/Microsoft.DataLakeStore/accounts/cliadls000002/operationresults/0?api-version=2016-11-01
      pragma:
      - no-cache
      server:
      - Microsoft-IIS/10.0
      strict-transport-security:
      - max-age=31536000; includeSubDomains
      x-aspnet-version:
      - 4.0.30319
      x-content-type-options:
      - nosniff
      x-ms-ratelimit-remaining-subscription-writes:
      - '1197'
      x-powered-by:
      - ASP.NET
    status:
      code: 201
      message: Created
- request:
    body: null
    headers:
      Accept:
      - application/json
      Accept-Encoding:
      - gzip, deflate
      CommandName:
      - dls account create
      Connection:
      - keep-alive
      ParameterSetName:
      - -g -n -l --disable-encryption
      User-Agent:
      - python/3.8.0 (Windows-10-10.0.18362-SP0) msrest/0.6.10 msrest_azure/0.6.3
        azure-mgmt-datalake-store/0.5.0 Azure-SDK-For-Python AZURECLI/2.3.1
    method: GET
    uri: https://management.azure.com/subscriptions/00000000-0000-0000-0000-000000000000/providers/Microsoft.DataLakeStore/locations/eastus2/operationResults/d740fdf0-3a3c-45c0-bc71-778da044edf1_0?api-version=2016-11-01
  response:
    body:
      string: '{"status":"InProgress"}'
    headers:
      cache-control:
      - no-cache
      content-length:
      - '23'
      content-type:
      - application/json
      date:
      - Wed, 15 Apr 2020 06:45:13 GMT
      expires:
      - '-1'
      pragma:
      - no-cache
      server:
      - Microsoft-IIS/10.0
      strict-transport-security:
      - max-age=31536000; includeSubDomains
      transfer-encoding:
      - chunked
      vary:
      - Accept-Encoding
      x-aspnet-version:
      - 4.0.30319
      x-content-type-options:
      - nosniff
      x-powered-by:
      - ASP.NET
    status:
      code: 200
      message: OK
- request:
    body: null
    headers:
      Accept:
      - application/json
      Accept-Encoding:
      - gzip, deflate
      CommandName:
      - dls account create
      Connection:
      - keep-alive
      ParameterSetName:
      - -g -n -l --disable-encryption
      User-Agent:
      - python/3.8.0 (Windows-10-10.0.18362-SP0) msrest/0.6.10 msrest_azure/0.6.3
        azure-mgmt-datalake-store/0.5.0 Azure-SDK-For-Python AZURECLI/2.3.1
    method: GET
    uri: https://management.azure.com/subscriptions/00000000-0000-0000-0000-000000000000/providers/Microsoft.DataLakeStore/locations/eastus2/operationResults/d740fdf0-3a3c-45c0-bc71-778da044edf1_0?api-version=2016-11-01
  response:
    body:
      string: '{"status":"Succeeded"}'
    headers:
      cache-control:
      - no-cache
      content-length:
      - '22'
      content-type:
      - application/json
      date:
      - Wed, 15 Apr 2020 06:45:45 GMT
      expires:
      - '-1'
      pragma:
      - no-cache
      server:
      - Microsoft-IIS/10.0
      strict-transport-security:
      - max-age=31536000; includeSubDomains
      transfer-encoding:
      - chunked
      vary:
      - Accept-Encoding
      x-aspnet-version:
      - 4.0.30319
      x-content-type-options:
      - nosniff
      x-powered-by:
      - ASP.NET
    status:
      code: 200
      message: OK
- request:
    body: null
    headers:
      Accept:
      - application/json
      Accept-Encoding:
      - gzip, deflate
      CommandName:
      - dls account create
      Connection:
      - keep-alive
      ParameterSetName:
      - -g -n -l --disable-encryption
      User-Agent:
      - python/3.8.0 (Windows-10-10.0.18362-SP0) msrest/0.6.10 msrest_azure/0.6.3
        azure-mgmt-datalake-store/0.5.0 Azure-SDK-For-Python AZURECLI/2.3.1
    method: GET
    uri: https://management.azure.com/subscriptions/00000000-0000-0000-0000-000000000000/resourceGroups/cls_test_adls_file000001/providers/Microsoft.DataLakeStore/accounts/cliadls000002?api-version=2016-11-01
  response:
    body:
      string: '{"properties":{"firewallState":"Disabled","firewallAllowAzureIps":"Disabled","firewallAllowDataLakeAnalytics":"Disabled","firewallRules":[],"virtualNetworkRules":[],"trustedIdProviderState":"Disabled","trustedIdProviders":[],"encryptionState":"Disabled","encryptionConfig":{},"currentTier":"Consumption","newTier":"Consumption","dataLakePerformanceTierState":"Disabled","provisioningState":"Succeeded","state":"Active","endpoint":"cliadls000002.azuredatalakestore.net","accountId":"d740fdf0-3a3c-45c0-bc71-778da044edf1","creationTime":"2020-04-15T06:45:01.4060757Z","lastModifiedTime":"2020-04-15T06:45:01.4060757Z"},"location":"eastus2","id":"/subscriptions/00000000-0000-0000-0000-000000000000/resourceGroups/cls_test_adls_file000001/providers/Microsoft.DataLakeStore/accounts/cliadls000002","name":"cliadls000002","type":"Microsoft.DataLakeStore/accounts"}'
    headers:
      cache-control:
      - no-cache
      content-length:
      - '943'
      content-type:
      - application/json
      date:
      - Wed, 15 Apr 2020 06:45:47 GMT
      expires:
      - '-1'
      pragma:
      - no-cache
      server:
      - Microsoft-IIS/10.0
      strict-transport-security:
      - max-age=31536000; includeSubDomains
      transfer-encoding:
      - chunked
      vary:
      - Accept-Encoding
      x-aspnet-version:
      - 4.0.30319
      x-content-type-options:
      - nosniff
      x-powered-by:
      - ASP.NET
    status:
      code: 200
      message: OK
- request:
    body: null
    headers:
      Accept:
      - application/json
      Accept-Encoding:
      - gzip, deflate
      CommandName:
      - dls account show
      Connection:
      - keep-alive
      Content-Type:
      - application/json; charset=utf-8
      ParameterSetName:
      - -g -n
      User-Agent:
      - python/3.8.0 (Windows-10-10.0.18362-SP0) msrest/0.6.10 msrest_azure/0.6.3
        azure-mgmt-datalake-store/0.5.0 Azure-SDK-For-Python AZURECLI/2.3.1
      accept-language:
      - en-US
    method: GET
    uri: https://management.azure.com/subscriptions/00000000-0000-0000-0000-000000000000/resourceGroups/cls_test_adls_file000001/providers/Microsoft.DataLakeStore/accounts/cliadls000002?api-version=2016-11-01
  response:
    body:
      string: '{"properties":{"firewallState":"Disabled","firewallAllowAzureIps":"Disabled","firewallAllowDataLakeAnalytics":"Disabled","firewallRules":[],"virtualNetworkRules":[],"trustedIdProviderState":"Disabled","trustedIdProviders":[],"encryptionState":"Disabled","encryptionConfig":{},"currentTier":"Consumption","newTier":"Consumption","dataLakePerformanceTierState":"Disabled","provisioningState":"Succeeded","state":"Active","endpoint":"cliadls000002.azuredatalakestore.net","accountId":"d740fdf0-3a3c-45c0-bc71-778da044edf1","creationTime":"2020-04-15T06:45:01.4060757Z","lastModifiedTime":"2020-04-15T06:45:01.4060757Z"},"location":"eastus2","id":"/subscriptions/00000000-0000-0000-0000-000000000000/resourceGroups/cls_test_adls_file000001/providers/Microsoft.DataLakeStore/accounts/cliadls000002","name":"cliadls000002","type":"Microsoft.DataLakeStore/accounts"}'
    headers:
      cache-control:
      - no-cache
      content-length:
      - '943'
      content-type:
      - application/json
      date:
      - Wed, 15 Apr 2020 06:45:49 GMT
      expires:
      - '-1'
      pragma:
      - no-cache
      server:
      - Microsoft-IIS/10.0
      strict-transport-security:
      - max-age=31536000; includeSubDomains
      transfer-encoding:
      - chunked
      vary:
      - Accept-Encoding
      x-aspnet-version:
      - 4.0.30319
      x-content-type-options:
      - nosniff
      x-powered-by:
      - ASP.NET
    status:
      code: 200
      message: OK
- request:
    body: null
    headers:
      Accept:
      - '*/*'
      Accept-Encoding:
      - gzip, deflate
      Connection:
      - keep-alive
      User-Agent:
      - python/3.8.0 (Windows-10-10.0.18362-SP0) azure.datalake.store.lib/0.0.48 Azure-Data-Lake-Store-SDK-For-Python
    method: GET
    uri: https://cliadls000002.azuredatalakestore.net/webhdfs/v1/adltestfolder01?OP=GETFILESTATUS&api-version=2018-09-01
  response:
    body:
      string: '{"RemoteException":{"exception":"FileNotFoundException","message":"File/Folder
        does not exist: /adltestfolder01 [e330e2cf-b8c2-4879-9f8e-a316bc22719a][2020-04-14T23:45:55.3162912-07:00]","javaClassName":"java.io.FileNotFoundException"}}'
    headers:
      cache-control:
      - no-cache, no-cache, no-store, max-age=0
      content-length:
      - '236'
      content-type:
      - application/json; charset=utf-8
      date:
      - Wed, 15 Apr 2020 06:45:54 GMT
      expires:
      - '-1'
      pragma:
      - no-cache
      status:
      - '0x8309000A'
      strict-transport-security:
      - max-age=15724800; includeSubDomains
      x-content-type-options:
      - nosniff
      x-ms-webhdfs-version:
      - 17.04.24.00
    status:
      code: 404
      message: Not Found
- request:
    body: null
    headers:
      Accept:
      - '*/*'
      Accept-Encoding:
      - gzip, deflate
      Connection:
      - keep-alive
      Content-Length:
      - '0'
      User-Agent:
      - python/3.8.0 (Windows-10-10.0.18362-SP0) azure.datalake.store.lib/0.0.48 Azure-Data-Lake-Store-SDK-For-Python
    method: PUT
    uri: https://cliadls000002.azuredatalakestore.net/webhdfs/v1/adltestfolder01?OP=MKDIRS&api-version=2018-09-01
  response:
    body:
      string: '{"boolean":true}'
    headers:
      cache-control:
      - no-cache, no-cache, no-store, max-age=0
      content-length:
      - '16'
      content-type:
      - application/json; charset=utf-8
      date:
      - Wed, 15 Apr 2020 06:45:54 GMT
      expires:
      - '-1'
      pragma:
      - no-cache
      status:
      - '0x0'
      strict-transport-security:
      - max-age=15724800; includeSubDomains
      x-content-type-options:
      - nosniff
      x-ms-webhdfs-version:
      - 17.04.24.00
    status:
      code: 200
      message: OK
- request:
    body: null
    headers:
      Accept:
      - '*/*'
      Accept-Encoding:
      - gzip, deflate
      Connection:
      - keep-alive
      User-Agent:
      - python/3.8.0 (Windows-10-10.0.18362-SP0) azure.datalake.store.lib/0.0.48 Azure-Data-Lake-Store-SDK-For-Python
    method: GET
    uri: https://cliadls000002.azuredatalakestore.net/webhdfs/v1/adltestfolder01?OP=GETFILESTATUS&api-version=2018-09-01
  response:
    body:
      string: '{"FileStatus":{"length":0,"pathSuffix":"","type":"DIRECTORY","blockSize":0,"accessTime":1586933155888,"modificationTime":1586933155888,"replication":0,"permission":"770","owner":"9a0f0a3f-b307-4ae3-bb6a-27a65244de7e","group":"00000000-0000-0000-0000-000000000000","aclBit":false}}'
    headers:
      cache-control:
      - no-cache, no-cache, no-store, max-age=0
      content-length:
      - '280'
      content-type:
      - application/json; charset=utf-8
      date:
      - Wed, 15 Apr 2020 06:45:57 GMT
      expires:
      - '-1'
      pragma:
      - no-cache
      status:
      - '0x0'
      strict-transport-security:
      - max-age=15724800; includeSubDomains
      x-content-type-options:
      - nosniff
      x-ms-webhdfs-version:
      - 17.04.24.00
    status:
      code: 200
      message: OK
- request:
    body: null
    headers:
      Accept:
      - '*/*'
      Accept-Encoding:
      - gzip, deflate
      Connection:
      - keep-alive
      User-Agent:
      - python/3.8.0 (Windows-10-10.0.18362-SP0) azure.datalake.store.lib/0.0.48 Azure-Data-Lake-Store-SDK-For-Python
    method: GET
    uri: https://cliadls000002.azuredatalakestore.net/webhdfs/v1/adltestfolder01/adltestfile01?OP=GETFILESTATUS&api-version=2018-09-01
  response:
    body:
      string: '{"RemoteException":{"exception":"FileNotFoundException","message":"File/Folder
        does not exist: /adltestfolder01/adltestfile01 [5b3038f5-5355-43f0-9297-0a1875bc1440][2020-04-14T23:45:59.5353735-07:00]","javaClassName":"java.io.FileNotFoundException"}}'
    headers:
      cache-control:
      - no-cache, no-cache, no-store, max-age=0
      content-length:
      - '250'
      content-type:
      - application/json; charset=utf-8
      date:
      - Wed, 15 Apr 2020 06:45:58 GMT
      expires:
      - '-1'
      pragma:
      - no-cache
      status:
      - '0x8309000A'
      strict-transport-security:
      - max-age=15724800; includeSubDomains
      x-content-type-options:
      - nosniff
      x-ms-webhdfs-version:
      - 17.04.24.00
    status:
      code: 404
      message: Not Found
- request:
    body: null
    headers:
      Accept:
      - '*/*'
      Accept-Encoding:
      - gzip, deflate
      Connection:
      - keep-alive
      User-Agent:
      - python/3.8.0 (Windows-10-10.0.18362-SP0) azure.datalake.store.lib/0.0.48 Azure-Data-Lake-Store-SDK-For-Python
    method: GET
    uri: https://cliadls000002.azuredatalakestore.net/webhdfs/v1/adltestfolder01/adltestfile01?OP=GETFILESTATUS&api-version=2018-09-01
  response:
    body:
      string: '{"RemoteException":{"exception":"FileNotFoundException","message":"File/Folder
        does not exist: /adltestfolder01/adltestfile01 [8094b4b1-4eed-4560-a88b-e64ec86ddcf5][2020-04-14T23:45:59.8478524-07:00]","javaClassName":"java.io.FileNotFoundException"}}'
    headers:
      cache-control:
      - no-cache, no-cache, no-store, max-age=0
      content-length:
      - '250'
      content-type:
      - application/json; charset=utf-8
      date:
      - Wed, 15 Apr 2020 06:45:59 GMT
      expires:
      - '-1'
      pragma:
      - no-cache
      status:
      - '0x8309000A'
      strict-transport-security:
      - max-age=15724800; includeSubDomains
      x-content-type-options:
      - nosniff
      x-ms-webhdfs-version:
      - 17.04.24.00
    status:
      code: 404
      message: Not Found
- request:
    body: null
    headers:
      Accept:
      - '*/*'
      Accept-Encoding:
      - gzip, deflate
      Connection:
      - keep-alive
      Content-Length:
      - '0'
      User-Agent:
      - python/3.8.0 (Windows-10-10.0.18362-SP0) azure.datalake.store.lib/0.0.48 Azure-Data-Lake-Store-SDK-For-Python
    method: PUT
    uri: https://cliadls000002.azuredatalakestore.net/webhdfs/v1/adltestfolder01/adltestfile01?OP=CREATE&api-version=2018-09-01&overwrite=true&write=true&syncFlag=DATA&leaseid=12345678-1234-5678-1234-567812345678&filesessionid=12345678-1234-5678-1234-567812345678
  response:
    body:
      string: ''
    headers:
      cache-control:
      - no-cache, no-cache, no-store, max-age=0
      content-length:
      - '0'
      contentlength:
      - '0'
      date:
      - Wed, 15 Apr 2020 06:45:59 GMT
      expires:
      - '-1'
      location:
      - https://cliadls000002.azuredatalakestore.net/webhdfs/v1/adltestfolder01/adltestfile01?OP=CREATE&api-version=2018-09-01&overwrite=true&write=true&syncFlag=DATA&leaseid=12345678-1234-5678-1234-567812345678&filesessionid=12345678-1234-5678-1234-567812345678
      pragma:
      - no-cache
      status:
      - '0x0'
      strict-transport-security:
      - max-age=15724800; includeSubDomains
      x-content-type-options:
      - nosniff
      x-ms-webhdfs-version:
      - 17.04.24.00
    status:
      code: 201
      message: Created
- request:
    body: '123456'
    headers:
      Accept:
      - '*/*'
      Accept-Encoding:
      - gzip, deflate
      Connection:
      - keep-alive
      Content-Length:
      - '6'
      User-Agent:
      - python/3.8.0 (Windows-10-10.0.18362-SP0) azure.datalake.store.lib/0.0.48 Azure-Data-Lake-Store-SDK-For-Python
    method: POST
    uri: https://cliadls000002.azuredatalakestore.net/webhdfs/v1/adltestfolder01/adltestfile01?OP=APPEND&api-version=2018-09-01&syncFlag=CLOSE&offset=0&append=true&leaseid=12345678-1234-5678-1234-567812345678&filesessionid=12345678-1234-5678-1234-567812345678
  response:
    body:
      string: ''
    headers:
      cache-control:
      - no-cache, no-cache, no-store, max-age=0
      content-length:
      - '0'
      date:
      - Wed, 15 Apr 2020 06:45:59 GMT
      expires:
      - '-1'
      pragma:
      - no-cache
      status:
      - '0x0'
      strict-transport-security:
      - max-age=15724800; includeSubDomains
      x-content-type-options:
      - nosniff
      x-ms-webhdfs-version:
      - 17.04.24.00
    status:
      code: 200
      message: OK
- request:
    body: null
    headers:
      Accept:
      - '*/*'
      Accept-Encoding:
      - gzip, deflate
      Connection:
      - keep-alive
      User-Agent:
      - python/3.8.0 (Windows-10-10.0.18362-SP0) azure.datalake.store.lib/0.0.48 Azure-Data-Lake-Store-SDK-For-Python
    method: GET
    uri: https://cliadls000002.azuredatalakestore.net/webhdfs/v1/adltestfolder01/adltestfile01?OP=GETFILESTATUS&api-version=2018-09-01
  response:
    body:
      string: '{"FileStatus":{"length":6,"pathSuffix":"","type":"FILE","blockSize":268435456,"accessTime":1586933160183,"modificationTime":1586933160535,"replication":1,"permission":"770","owner":"9a0f0a3f-b307-4ae3-bb6a-27a65244de7e","group":"00000000-0000-0000-0000-000000000000","msExpirationTime":0,"aclBit":false}}'
    headers:
      cache-control:
      - no-cache, no-cache, no-store, max-age=0
      content-length:
      - '304'
      content-type:
      - application/json; charset=utf-8
      date:
      - Wed, 15 Apr 2020 06:46:02 GMT
      expires:
      - '-1'
      pragma:
      - no-cache
      status:
      - '0x0'
      strict-transport-security:
      - max-age=15724800; includeSubDomains
      x-content-type-options:
      - nosniff
      x-ms-webhdfs-version:
      - 17.04.24.00
    status:
      code: 200
      message: OK
- request:
    body: null
    headers:
      Accept:
      - '*/*'
      Accept-Encoding:
      - gzip, deflate
      Connection:
      - keep-alive
      User-Agent:
      - python/3.8.0 (Windows-10-10.0.18362-SP0) azure.datalake.store.lib/0.0.48 Azure-Data-Lake-Store-SDK-For-Python
    method: GET
    uri: https://cliadls000002.azuredatalakestore.net/webhdfs/v1/adltestfolder01/adltestfile01?OP=GETFILESTATUS&api-version=2018-09-01
  response:
    body:
      string: '{"FileStatus":{"length":6,"pathSuffix":"","type":"FILE","blockSize":268435456,"accessTime":1586933160183,"modificationTime":1586933160535,"replication":1,"permission":"770","owner":"9a0f0a3f-b307-4ae3-bb6a-27a65244de7e","group":"00000000-0000-0000-0000-000000000000","msExpirationTime":0,"aclBit":false}}'
    headers:
      cache-control:
      - no-cache, no-cache, no-store, max-age=0
      content-length:
      - '304'
      content-type:
      - application/json; charset=utf-8
      date:
      - Wed, 15 Apr 2020 06:46:03 GMT
      expires:
      - '-1'
      pragma:
      - no-cache
      status:
      - '0x0'
      strict-transport-security:
      - max-age=15724800; includeSubDomains
      x-content-type-options:
      - nosniff
      x-ms-webhdfs-version:
      - 17.04.24.00
    status:
      code: 200
      message: OK
- request:
    body: null
    headers:
      Accept:
      - '*/*'
      Accept-Encoding:
      - gzip, deflate
      Connection:
      - keep-alive
      Content-Length:
      - '0'
      User-Agent:
      - python/3.8.0 (Windows-10-10.0.18362-SP0) azure.datalake.store.lib/0.0.48 Azure-Data-Lake-Store-SDK-For-Python
    method: PUT
    uri: https://cliadls000002.azuredatalakestore.net/webhdfsext/adltestfolder01/adltestfile01?OP=SETEXPIRY&api-version=2018-09-01&expiryOption=Absolute&expireTime=1896091200000
  response:
    body:
      string: ''
    headers:
      cache-control:
      - no-cache, no-cache, no-store, max-age=0
      content-length:
      - '0'
      date:
      - Wed, 15 Apr 2020 06:46:03 GMT
      expires:
      - '-1'
      pragma:
      - no-cache
      status:
      - '0x0'
      strict-transport-security:
      - max-age=15724800; includeSubDomains
      x-content-type-options:
      - nosniff
    status:
      code: 200
      message: OK
- request:
    body: null
    headers:
      Accept:
      - '*/*'
      Accept-Encoding:
      - gzip, deflate
      Connection:
      - keep-alive
      User-Agent:
      - python/3.8.0 (Windows-10-10.0.18362-SP0) azure.datalake.store.lib/0.0.48 Azure-Data-Lake-Store-SDK-For-Python
    method: GET
    uri: https://cliadls000002.azuredatalakestore.net/webhdfs/v1/adltestfolder01/adltestfile01?OP=GETFILESTATUS&api-version=2018-09-01
  response:
    body:
      string: '{"FileStatus":{"length":6,"pathSuffix":"","type":"FILE","blockSize":268435456,"accessTime":1586933160183,"modificationTime":1586933160535,"replication":1,"permission":"770","owner":"9a0f0a3f-b307-4ae3-bb6a-27a65244de7e","group":"00000000-0000-0000-0000-000000000000","msExpirationTime":1896091200015,"aclBit":false}}'
    headers:
      cache-control:
      - no-cache, no-cache, no-store, max-age=0
      content-length:
      - '316'
      content-type:
      - application/json; charset=utf-8
      date:
      - Wed, 15 Apr 2020 06:46:06 GMT
      expires:
      - '-1'
      pragma:
      - no-cache
      status:
      - '0x0'
      strict-transport-security:
      - max-age=15724800; includeSubDomains
      x-content-type-options:
      - nosniff
      x-ms-webhdfs-version:
      - 17.04.24.00
    status:
      code: 200
      message: OK
- request:
    body: null
    headers:
      Accept:
      - '*/*'
      Accept-Encoding:
      - gzip, deflate
      Connection:
      - keep-alive
      User-Agent:
      - python/3.8.0 (Windows-10-10.0.18362-SP0) azure.datalake.store.lib/0.0.48 Azure-Data-Lake-Store-SDK-For-Python
    method: GET
    uri: https://cliadls000002.azuredatalakestore.net/webhdfs/v1/adltestfolder01/adltestfile01?OP=GETFILESTATUS&api-version=2018-09-01
  response:
    body:
      string: '{"FileStatus":{"length":6,"pathSuffix":"","type":"FILE","blockSize":268435456,"accessTime":1586933160183,"modificationTime":1586933160535,"replication":1,"permission":"770","owner":"9a0f0a3f-b307-4ae3-bb6a-27a65244de7e","group":"00000000-0000-0000-0000-000000000000","msExpirationTime":1896091200015,"aclBit":false}}'
    headers:
      cache-control:
      - no-cache, no-cache, no-store, max-age=0
      content-length:
      - '316'
      content-type:
      - application/json; charset=utf-8
      date:
      - Wed, 15 Apr 2020 06:46:08 GMT
      expires:
      - '-1'
      pragma:
      - no-cache
      status:
      - '0x0'
      strict-transport-security:
      - max-age=15724800; includeSubDomains
      x-content-type-options:
      - nosniff
      x-ms-webhdfs-version:
      - 17.04.24.00
    status:
      code: 200
      message: OK
- request:
    body: null
    headers:
      Accept:
      - '*/*'
      Accept-Encoding:
      - gzip, deflate
      Connection:
      - keep-alive
      Content-Length:
      - '0'
      User-Agent:
      - python/3.8.0 (Windows-10-10.0.18362-SP0) azure.datalake.store.lib/0.0.48 Azure-Data-Lake-Store-SDK-For-Python
    method: PUT
    uri: https://cliadls000002.azuredatalakestore.net/webhdfsext/adltestfolder01/adltestfile01?OP=SETEXPIRY&api-version=2018-09-01&expiryOption=NeverExpire
  response:
    body:
      string: ''
    headers:
      cache-control:
      - no-cache, no-cache, no-store, max-age=0
      content-length:
      - '0'
      date:
      - Wed, 15 Apr 2020 06:46:08 GMT
      expires:
      - '-1'
      pragma:
      - no-cache
      status:
      - '0x0'
      strict-transport-security:
      - max-age=15724800; includeSubDomains
      x-content-type-options:
      - nosniff
    status:
      code: 200
      message: OK
- request:
    body: null
    headers:
      Accept:
      - '*/*'
      Accept-Encoding:
      - gzip, deflate
      Connection:
      - keep-alive
      User-Agent:
      - python/3.8.0 (Windows-10-10.0.18362-SP0) azure.datalake.store.lib/0.0.48 Azure-Data-Lake-Store-SDK-For-Python
    method: GET
    uri: https://cliadls000002.azuredatalakestore.net/webhdfs/v1/adltestfolder01/adltestfile01?OP=GETFILESTATUS&api-version=2018-09-01
  response:
    body:
      string: '{"FileStatus":{"length":6,"pathSuffix":"","type":"FILE","blockSize":268435456,"accessTime":1586933160183,"modificationTime":1586933160535,"replication":1,"permission":"770","owner":"9a0f0a3f-b307-4ae3-bb6a-27a65244de7e","group":"00000000-0000-0000-0000-000000000000","msExpirationTime":0,"aclBit":false}}'
    headers:
      cache-control:
      - no-cache, no-cache, no-store, max-age=0
      content-length:
      - '304'
      content-type:
      - application/json; charset=utf-8
      date:
      - Wed, 15 Apr 2020 06:46:09 GMT
      expires:
      - '-1'
      pragma:
      - no-cache
      status:
      - '0x0'
      strict-transport-security:
      - max-age=15724800; includeSubDomains
      x-content-type-options:
      - nosniff
      x-ms-webhdfs-version:
      - 17.04.24.00
    status:
      code: 200
      message: OK
- request:
    body: null
    headers:
      Accept:
      - '*/*'
      Accept-Encoding:
      - gzip, deflate
      Connection:
      - keep-alive
      User-Agent:
      - python/3.8.0 (Windows-10-10.0.18362-SP0) azure.datalake.store.lib/0.0.48 Azure-Data-Lake-Store-SDK-For-Python
    method: GET
    uri: https://cliadls000002.azuredatalakestore.net/webhdfs/v1/adltestfolder02?OP=GETFILESTATUS&api-version=2018-09-01
  response:
    body:
      string: '{"RemoteException":{"exception":"FileNotFoundException","message":"File/Folder
        does not exist: /adltestfolder02 [c225cd6f-571e-476c-916a-a37642207ef4][2020-04-14T23:46:12.7011287-07:00]","javaClassName":"java.io.FileNotFoundException"}}'
    headers:
      cache-control:
      - no-cache, no-cache, no-store, max-age=0
      content-length:
      - '236'
      content-type:
      - application/json; charset=utf-8
      date:
      - Wed, 15 Apr 2020 06:46:12 GMT
      expires:
      - '-1'
      pragma:
      - no-cache
      status:
      - '0x8309000A'
      strict-transport-security:
      - max-age=15724800; includeSubDomains
      x-content-type-options:
      - nosniff
      x-ms-webhdfs-version:
      - 17.04.24.00
    status:
      code: 404
      message: Not Found
- request:
    body: null
    headers:
      Accept:
      - '*/*'
      Accept-Encoding:
      - gzip, deflate
      Connection:
      - keep-alive
      Content-Length:
      - '0'
      User-Agent:
      - python/3.8.0 (Windows-10-10.0.18362-SP0) azure.datalake.store.lib/0.0.48 Azure-Data-Lake-Store-SDK-For-Python
    method: PUT
    uri: https://cliadls000002.azuredatalakestore.net/webhdfs/v1/adltestfolder02?OP=MKDIRS&api-version=2018-09-01
  response:
    body:
      string: '{"boolean":true}'
    headers:
      cache-control:
      - no-cache, no-cache, no-store, max-age=0
      content-length:
      - '16'
      content-type:
      - application/json; charset=utf-8
      date:
      - Wed, 15 Apr 2020 06:46:12 GMT
      expires:
      - '-1'
      pragma:
      - no-cache
      status:
      - '0x0'
      strict-transport-security:
      - max-age=15724800; includeSubDomains
      x-content-type-options:
      - nosniff
      x-ms-webhdfs-version:
      - 17.04.24.00
    status:
      code: 200
      message: OK
- request:
    body: null
    headers:
      Accept:
      - '*/*'
      Accept-Encoding:
      - gzip, deflate
      Connection:
      - keep-alive
      Content-Length:
      - '0'
      User-Agent:
      - python/3.8.0 (Windows-10-10.0.18362-SP0) azure.datalake.store.lib/0.0.48 Azure-Data-Lake-Store-SDK-For-Python
    method: PUT
    uri: https://cliadls000002.azuredatalakestore.net/webhdfs/v1/adltestfolder01/adltestfile01?OP=RENAME&api-version=2018-09-01&destination=adltestfolder02%2Fadltestfile01
  response:
    body:
      string: '{"boolean":true}'
    headers:
      cache-control:
      - no-cache, no-cache, no-store, max-age=0
      content-length:
      - '16'
      content-type:
      - application/json; charset=utf-8
      date:
      - Wed, 15 Apr 2020 06:46:14 GMT
      expires:
      - '-1'
      pragma:
      - no-cache
      status:
      - '0x0'
      strict-transport-security:
      - max-age=15724800; includeSubDomains
      x-content-type-options:
      - nosniff
      x-ms-webhdfs-version:
      - 17.04.24.00
    status:
      code: 200
      message: OK
- request:
    body: null
    headers:
      Accept:
      - '*/*'
      Accept-Encoding:
      - gzip, deflate
      Connection:
      - keep-alive
      User-Agent:
      - python/3.8.0 (Windows-10-10.0.18362-SP0) azure.datalake.store.lib/0.0.48 Azure-Data-Lake-Store-SDK-For-Python
    method: GET
    uri: https://cliadls000002.azuredatalakestore.net/webhdfs/v1/adltestfolder02/adltestfile01?OP=GETFILESTATUS&api-version=2018-09-01
  response:
    body:
      string: '{"FileStatus":{"length":6,"pathSuffix":"","type":"FILE","blockSize":268435456,"accessTime":1586933160183,"modificationTime":1586933160535,"replication":1,"permission":"770","owner":"9a0f0a3f-b307-4ae3-bb6a-27a65244de7e","group":"00000000-0000-0000-0000-000000000000","msExpirationTime":0,"aclBit":false}}'
    headers:
      cache-control:
      - no-cache, no-cache, no-store, max-age=0
      content-length:
      - '304'
      content-type:
      - application/json; charset=utf-8
      date:
      - Wed, 15 Apr 2020 06:46:16 GMT
      expires:
      - '-1'
      pragma:
      - no-cache
      status:
      - '0x0'
      strict-transport-security:
      - max-age=15724800; includeSubDomains
      x-content-type-options:
      - nosniff
      x-ms-webhdfs-version:
      - 17.04.24.00
    status:
      code: 200
      message: OK
- request:
    body: null
    headers:
      Accept:
      - '*/*'
      Accept-Encoding:
      - gzip, deflate
      Connection:
      - keep-alive
      User-Agent:
      - python/3.8.0 (Windows-10-10.0.18362-SP0) azure.datalake.store.lib/0.0.48 Azure-Data-Lake-Store-SDK-For-Python
    method: GET
    uri: https://cliadls000002.azuredatalakestore.net/webhdfs/v1/adltestfolder02/adltestfile01?OP=GETFILESTATUS&api-version=2018-09-01
  response:
    body:
      string: '{"FileStatus":{"length":6,"pathSuffix":"","type":"FILE","blockSize":268435456,"accessTime":1586933160183,"modificationTime":1586933160535,"replication":1,"permission":"770","owner":"9a0f0a3f-b307-4ae3-bb6a-27a65244de7e","group":"00000000-0000-0000-0000-000000000000","msExpirationTime":0,"aclBit":false}}'
    headers:
      cache-control:
      - no-cache, no-cache, no-store, max-age=0
      content-length:
      - '304'
      content-type:
      - application/json; charset=utf-8
      date:
      - Wed, 15 Apr 2020 06:46:18 GMT
      expires:
      - '-1'
      pragma:
      - no-cache
      status:
      - '0x0'
      strict-transport-security:
      - max-age=15724800; includeSubDomains
      x-content-type-options:
      - nosniff
      x-ms-webhdfs-version:
      - 17.04.24.00
    status:
      code: 200
      message: OK
- request:
    body: null
    headers:
      Accept:
      - '*/*'
      Accept-Encoding:
      - gzip, deflate
      Connection:
      - keep-alive
      User-Agent:
      - python/3.8.0 (Windows-10-10.0.18362-SP0) azure.datalake.store.lib/0.0.48 Azure-Data-Lake-Store-SDK-For-Python
    method: GET
    uri: https://cliadls000002.azuredatalakestore.net/webhdfs/v1/adltestfolder02/adltestfile01?OP=GETFILESTATUS&api-version=2018-09-01
  response:
    body:
      string: '{"FileStatus":{"length":6,"pathSuffix":"","type":"FILE","blockSize":268435456,"accessTime":1586933160183,"modificationTime":1586933160535,"replication":1,"permission":"770","owner":"9a0f0a3f-b307-4ae3-bb6a-27a65244de7e","group":"00000000-0000-0000-0000-000000000000","msExpirationTime":0,"aclBit":false}}'
    headers:
      cache-control:
      - no-cache, no-cache, no-store, max-age=0
      content-length:
      - '304'
      content-type:
      - application/json; charset=utf-8
      date:
      - Wed, 15 Apr 2020 06:46:18 GMT
      expires:
      - '-1'
      pragma:
      - no-cache
      status:
      - '0x0'
      strict-transport-security:
      - max-age=15724800; includeSubDomains
      x-content-type-options:
      - nosniff
      x-ms-webhdfs-version:
      - 17.04.24.00
    status:
      code: 200
      message: OK
- request:
    body: null
    headers:
      Accept:
      - '*/*'
      Accept-Encoding:
      - gzip, deflate
      Connection:
      - keep-alive
      User-Agent:
      - python/3.8.0 (Windows-10-10.0.18362-SP0) azure.datalake.store.lib/0.0.48 Azure-Data-Lake-Store-SDK-For-Python
    method: GET
    uri: https://cliadls000002.azuredatalakestore.net/webhdfs/v1/adltestfolder02/adltestfile01?OP=GETFILESTATUS&api-version=2018-09-01
  response:
    body:
      string: '{"FileStatus":{"length":6,"pathSuffix":"","type":"FILE","blockSize":268435456,"accessTime":1586933160183,"modificationTime":1586933160535,"replication":1,"permission":"770","owner":"9a0f0a3f-b307-4ae3-bb6a-27a65244de7e","group":"00000000-0000-0000-0000-000000000000","msExpirationTime":0,"aclBit":false}}'
    headers:
      cache-control:
      - no-cache, no-cache, no-store, max-age=0
      content-length:
      - '304'
      content-type:
      - application/json; charset=utf-8
      date:
      - Wed, 15 Apr 2020 06:46:18 GMT
      expires:
      - '-1'
      pragma:
      - no-cache
      status:
      - '0x0'
      strict-transport-security:
      - max-age=15724800; includeSubDomains
      x-content-type-options:
      - nosniff
      x-ms-webhdfs-version:
      - 17.04.24.00
    status:
      code: 200
      message: OK
- request:
    body: null
    headers:
      Accept:
      - '*/*'
      Accept-Encoding:
      - gzip, deflate
      Connection:
      - keep-alive
      User-Agent:
      - python/3.8.0 (Windows-10-10.0.18362-SP0) azure.datalake.store.lib/0.0.48 Azure-Data-Lake-Store-SDK-For-Python
    method: GET
    uri: https://cliadls000002.azuredatalakestore.net/webhdfs/v1/adltestfolder02/adltestfile01?OP=OPEN&api-version=2018-09-01&offset=0&length=6&read=true&filesessionid=12345678-1234-5678-1234-567812345678
  response:
    body:
      string: '123456'
    headers:
      cache-control:
      - no-cache, no-cache, no-store, max-age=0
      content-type:
      - application/octet-stream
      date:
      - Wed, 15 Apr 2020 06:46:19 GMT
      expires:
      - '-1'
      pragma:
      - no-cache
      status:
      - '0x0'
      strict-transport-security:
      - max-age=15724800; includeSubDomains
      transfer-encoding:
      - chunked
      x-content-type-options:
      - nosniff
      x-ms-webhdfs-version:
      - 17.04.24.00
    status:
      code: 200
      message: OK
- request:
    body: null
    headers:
      Accept:
      - '*/*'
      Accept-Encoding:
      - gzip, deflate
      Connection:
      - keep-alive
      User-Agent:
      - python/3.8.0 (Windows-10-10.0.18362-SP0) azure.datalake.store.lib/0.0.48 Azure-Data-Lake-Store-SDK-For-Python
    method: GET
    uri: https://cliadls000002.azuredatalakestore.net/webhdfs/v1/adltestfolder02/adltestfile01?OP=GETFILESTATUS&api-version=2018-09-01
  response:
    body:
      string: '{"FileStatus":{"length":6,"pathSuffix":"","type":"FILE","blockSize":268435456,"accessTime":1586933160183,"modificationTime":1586933160535,"replication":1,"permission":"770","owner":"9a0f0a3f-b307-4ae3-bb6a-27a65244de7e","group":"00000000-0000-0000-0000-000000000000","msExpirationTime":0,"aclBit":false}}'
    headers:
      cache-control:
      - no-cache, no-cache, no-store, max-age=0
      content-length:
      - '304'
      content-type:
      - application/json; charset=utf-8
      date:
      - Wed, 15 Apr 2020 06:46:21 GMT
      expires:
      - '-1'
      pragma:
      - no-cache
      status:
      - '0x0'
      strict-transport-security:
      - max-age=15724800; includeSubDomains
      x-content-type-options:
      - nosniff
      x-ms-webhdfs-version:
      - 17.04.24.00
    status:
      code: 200
      message: OK
- request:
    body: null
    headers:
      Accept:
      - '*/*'
      Accept-Encoding:
      - gzip, deflate
      Connection:
      - keep-alive
      User-Agent:
      - python/3.8.0 (Windows-10-10.0.18362-SP0) azure.datalake.store.lib/0.0.48 Azure-Data-Lake-Store-SDK-For-Python
    method: GET
    uri: https://cliadls000002.azuredatalakestore.net/webhdfs/v1/adltestfolder02/adltestfile01?OP=GETFILESTATUS&api-version=2018-09-01
  response:
    body:
      string: '{"FileStatus":{"length":6,"pathSuffix":"","type":"FILE","blockSize":268435456,"accessTime":1586933160183,"modificationTime":1586933160535,"replication":1,"permission":"770","owner":"9a0f0a3f-b307-4ae3-bb6a-27a65244de7e","group":"00000000-0000-0000-0000-000000000000","msExpirationTime":0,"aclBit":false}}'
    headers:
      cache-control:
      - no-cache, no-cache, no-store, max-age=0
      content-length:
      - '304'
      content-type:
      - application/json; charset=utf-8
      date:
      - Wed, 15 Apr 2020 06:46:21 GMT
      expires:
      - '-1'
      pragma:
      - no-cache
      status:
      - '0x0'
      strict-transport-security:
      - max-age=15724800; includeSubDomains
      x-content-type-options:
      - nosniff
      x-ms-webhdfs-version:
      - 17.04.24.00
    status:
      code: 200
      message: OK
- request:
    body: null
    headers:
      Accept:
      - '*/*'
      Accept-Encoding:
      - gzip, deflate
      Connection:
      - keep-alive
      User-Agent:
      - python/3.8.0 (Windows-10-10.0.18362-SP0) azure.datalake.store.lib/0.0.48 Azure-Data-Lake-Store-SDK-For-Python
    method: GET
    uri: https://cliadls000002.azuredatalakestore.net/webhdfs/v1/adltestfolder02/adltestfile01?OP=OPEN&api-version=2018-09-01&offset=3&length=3&read=true&filesessionid=12345678-1234-5678-1234-567812345678
  response:
    body:
      string: '456'
    headers:
      cache-control:
      - no-cache, no-cache, no-store, max-age=0
      content-type:
      - application/octet-stream
      date:
      - Wed, 15 Apr 2020 06:46:21 GMT
      expires:
      - '-1'
      pragma:
      - no-cache
      status:
      - '0x0'
      strict-transport-security:
      - max-age=15724800; includeSubDomains
      transfer-encoding:
      - chunked
      x-content-type-options:
      - nosniff
      x-ms-webhdfs-version:
      - 17.04.24.00
    status:
      code: 200
      message: OK
- request:
    body: null
    headers:
      Accept:
      - '*/*'
      Accept-Encoding:
      - gzip, deflate
      Connection:
      - keep-alive
      User-Agent:
      - python/3.8.0 (Windows-10-10.0.18362-SP0) azure.datalake.store.lib/0.0.48 Azure-Data-Lake-Store-SDK-For-Python
    method: GET
    uri: https://cliadls000002.azuredatalakestore.net/webhdfs/v1/adltestfolder02?OP=LISTSTATUS&api-version=2018-09-01&listSize=4000
  response:
    body:
      string: '{"FileStatuses":{"continuationToken":"","FileStatus":[{"length":6,"pathSuffix":"adltestfile01","type":"FILE","blockSize":268435456,"accessTime":1586933160183,"modificationTime":1586933160535,"replication":1,"permission":"770","owner":"9a0f0a3f-b307-4ae3-bb6a-27a65244de7e","group":"00000000-0000-0000-0000-000000000000","msExpirationTime":0,"aclBit":false}]}}'
    headers:
      cache-control:
      - no-cache, no-cache, no-store, max-age=0
      content-length:
      - '359'
      content-type:
      - application/json; charset=utf-8
      date:
      - Wed, 15 Apr 2020 06:46:24 GMT
      expires:
      - '-1'
      pragma:
      - no-cache
      status:
      - '0x0'
      strict-transport-security:
      - max-age=15724800; includeSubDomains
      x-content-type-options:
      - nosniff
      x-ms-webhdfs-version:
      - 17.04.24.00
    status:
      code: 200
      message: OK
- request:
    body: null
    headers:
      Accept:
      - '*/*'
      Accept-Encoding:
      - gzip, deflate
      Connection:
      - keep-alive
      User-Agent:
      - python/3.8.0 (Windows-10-10.0.18362-SP0) azure.datalake.store.lib/0.0.48 Azure-Data-Lake-Store-SDK-For-Python
    method: GET
    uri: https://cliadls000002.azuredatalakestore.net/webhdfs/v1/adltestfolder02/adltestfile01?OP=GETFILESTATUS&api-version=2018-09-01
  response:
    body:
      string: '{"FileStatus":{"length":6,"pathSuffix":"","type":"FILE","blockSize":268435456,"accessTime":1586933160183,"modificationTime":1586933160535,"replication":1,"permission":"770","owner":"9a0f0a3f-b307-4ae3-bb6a-27a65244de7e","group":"00000000-0000-0000-0000-000000000000","msExpirationTime":0,"aclBit":false}}'
    headers:
      cache-control:
      - no-cache, no-cache, no-store, max-age=0
      content-length:
      - '304'
      content-type:
      - application/json; charset=utf-8
      date:
      - Wed, 15 Apr 2020 06:46:25 GMT
      expires:
      - '-1'
      pragma:
      - no-cache
      status:
      - '0x0'
      strict-transport-security:
      - max-age=15724800; includeSubDomains
      x-content-type-options:
      - nosniff
      x-ms-webhdfs-version:
      - 17.04.24.00
    status:
      code: 200
      message: OK
- request:
    body: null
    headers:
      Accept:
      - '*/*'
      Accept-Encoding:
      - gzip, deflate
      Connection:
      - keep-alive
      User-Agent:
      - python/3.8.0 (Windows-10-10.0.18362-SP0) azure.datalake.store.lib/0.0.48 Azure-Data-Lake-Store-SDK-For-Python
    method: GET
    uri: https://cliadls000002.azuredatalakestore.net/webhdfs/v1/adltestfolder02/adltestfile01?OP=GETFILESTATUS&api-version=2018-09-01
  response:
    body:
      string: '{"FileStatus":{"length":6,"pathSuffix":"","type":"FILE","blockSize":268435456,"accessTime":1586933160183,"modificationTime":1586933160535,"replication":1,"permission":"770","owner":"9a0f0a3f-b307-4ae3-bb6a-27a65244de7e","group":"00000000-0000-0000-0000-000000000000","msExpirationTime":0,"aclBit":false}}'
    headers:
      cache-control:
      - no-cache, no-cache, no-store, max-age=0
      content-length:
      - '304'
      content-type:
      - application/json; charset=utf-8
      date:
      - Wed, 15 Apr 2020 06:46:26 GMT
      expires:
      - '-1'
      pragma:
      - no-cache
      status:
      - '0x0'
      strict-transport-security:
      - max-age=15724800; includeSubDomains
      x-content-type-options:
      - nosniff
      x-ms-webhdfs-version:
      - 17.04.24.00
    status:
      code: 200
      message: OK
- request:
    body: '123456'
    headers:
      Accept:
      - '*/*'
      Accept-Encoding:
      - gzip, deflate
      Connection:
      - keep-alive
      Content-Length:
      - '6'
      User-Agent:
      - python/3.8.0 (Windows-10-10.0.18362-SP0) azure.datalake.store.lib/0.0.48 Azure-Data-Lake-Store-SDK-For-Python
    method: POST
    uri: https://cliadls000002.azuredatalakestore.net/webhdfs/v1/adltestfolder02/adltestfile01?OP=APPEND&api-version=2018-09-01&syncFlag=CLOSE&offset=6&append=true&leaseid=12345678-1234-5678-1234-567812345678&filesessionid=12345678-1234-5678-1234-567812345678
  response:
    body:
      string: ''
    headers:
      cache-control:
      - no-cache, no-cache, no-store, max-age=0
      content-length:
      - '0'
      date:
      - Wed, 15 Apr 2020 06:46:26 GMT
      expires:
      - '-1'
      pragma:
      - no-cache
      status:
      - '0x0'
      strict-transport-security:
      - max-age=15724800; includeSubDomains
      x-content-type-options:
      - nosniff
      x-ms-webhdfs-version:
      - 17.04.24.00
    status:
      code: 200
      message: OK
- request:
    body: null
    headers:
      Accept:
      - '*/*'
      Accept-Encoding:
      - gzip, deflate
      Connection:
      - keep-alive
      User-Agent:
      - python/3.8.0 (Windows-10-10.0.18362-SP0) azure.datalake.store.lib/0.0.48 Azure-Data-Lake-Store-SDK-For-Python
    method: GET
    uri: https://cliadls000002.azuredatalakestore.net/webhdfs/v1/adltestfolder02/adltestfile01?OP=GETFILESTATUS&api-version=2018-09-01
  response:
    body:
      string: '{"FileStatus":{"length":12,"pathSuffix":"","type":"FILE","blockSize":268435456,"accessTime":1586933160183,"modificationTime":1586933187231,"replication":1,"permission":"770","owner":"9a0f0a3f-b307-4ae3-bb6a-27a65244de7e","group":"00000000-0000-0000-0000-000000000000","msExpirationTime":0,"aclBit":false}}'
    headers:
      cache-control:
      - no-cache, no-cache, no-store, max-age=0
      content-length:
      - '305'
      content-type:
      - application/json; charset=utf-8
      date:
      - Wed, 15 Apr 2020 06:46:28 GMT
      expires:
      - '-1'
      pragma:
      - no-cache
      status:
      - '0x0'
      strict-transport-security:
      - max-age=15724800; includeSubDomains
      x-content-type-options:
      - nosniff
      x-ms-webhdfs-version:
      - 17.04.24.00
    status:
      code: 200
      message: OK
- request:
    body: null
    headers:
      Accept:
      - '*/*'
      Accept-Encoding:
      - gzip, deflate
      Connection:
      - keep-alive
      User-Agent:
      - python/3.8.0 (Windows-10-10.0.18362-SP0) azure.datalake.store.lib/0.0.48 Azure-Data-Lake-Store-SDK-For-Python
    method: GET
    uri: https://cliadls000002.azuredatalakestore.net/webhdfs/v1/adltestfolder01/adltestfile02?OP=GETFILESTATUS&api-version=2018-09-01
  response:
    body:
      string: '{"RemoteException":{"exception":"FileNotFoundException","message":"File/Folder
        does not exist: /adltestfolder01/adltestfile02 [11972cba-bc52-4cbc-9ced-9c76d9a16595][2020-04-14T23:46:31.1049027-07:00]","javaClassName":"java.io.FileNotFoundException"}}'
    headers:
      cache-control:
      - no-cache, no-cache, no-store, max-age=0
      content-length:
      - '250'
      content-type:
      - application/json; charset=utf-8
      date:
      - Wed, 15 Apr 2020 06:46:30 GMT
      expires:
      - '-1'
      pragma:
      - no-cache
      status:
      - '0x8309000A'
      strict-transport-security:
      - max-age=15724800; includeSubDomains
      x-content-type-options:
      - nosniff
      x-ms-webhdfs-version:
      - 17.04.24.00
    status:
      code: 404
      message: Not Found
- request:
    body: null
    headers:
      Accept:
      - '*/*'
      Accept-Encoding:
      - gzip, deflate
      Connection:
      - keep-alive
      User-Agent:
      - python/3.8.0 (Windows-10-10.0.18362-SP0) azure.datalake.store.lib/0.0.48 Azure-Data-Lake-Store-SDK-For-Python
    method: GET
    uri: https://cliadls000002.azuredatalakestore.net/webhdfs/v1/adltestfolder01?OP=LISTSTATUS&api-version=2018-09-01&listSize=4000
  response:
    body:
      string: '{"FileStatuses":{"continuationToken":"","FileStatus":[]}}'
    headers:
      cache-control:
      - no-cache, no-cache, no-store, max-age=0
      content-length:
      - '57'
      content-type:
      - application/json; charset=utf-8
      date:
      - Wed, 15 Apr 2020 06:46:31 GMT
      expires:
      - '-1'
      pragma:
      - no-cache
      status:
      - '0x0'
      strict-transport-security:
      - max-age=15724800; includeSubDomains
      x-content-type-options:
      - nosniff
      x-ms-webhdfs-version:
      - 17.04.24.00
    status:
      code: 200
      message: OK
- request:
    body: null
    headers:
      Accept:
      - '*/*'
      Accept-Encoding:
      - gzip, deflate
      Connection:
      - keep-alive
      User-Agent:
      - python/3.8.0 (Windows-10-10.0.18362-SP0) azure.datalake.store.lib/0.0.48 Azure-Data-Lake-Store-SDK-For-Python
    method: GET
    uri: https://cliadls000002.azuredatalakestore.net/webhdfs/v1/adltestfolder01/adltestfile02?OP=GETFILESTATUS&api-version=2018-09-01
  response:
    body:
      string: '{"RemoteException":{"exception":"FileNotFoundException","message":"File/Folder
        does not exist: /adltestfolder01/adltestfile02 [9c3f9313-9152-4d68-b9bc-e00a84114182][2020-04-14T23:46:32.8224535-07:00]","javaClassName":"java.io.FileNotFoundException"}}'
    headers:
      cache-control:
      - no-cache, no-cache, no-store, max-age=0
      content-length:
      - '250'
      content-type:
      - application/json; charset=utf-8
      date:
      - Wed, 15 Apr 2020 06:46:32 GMT
      expires:
      - '-1'
      pragma:
      - no-cache
      status:
      - '0x8309000A'
      strict-transport-security:
      - max-age=15724800; includeSubDomains
      x-content-type-options:
      - nosniff
      x-ms-webhdfs-version:
      - 17.04.24.00
    status:
      code: 404
      message: Not Found
- request:
    body: null
    headers:
      Accept:
      - '*/*'
      Accept-Encoding:
      - gzip, deflate
      Connection:
      - keep-alive
      Content-Length:
      - '0'
      User-Agent:
      - python/3.8.0 (Windows-10-10.0.18362-SP0) azure.datalake.store.lib/0.0.48 Azure-Data-Lake-Store-SDK-For-Python
    method: PUT
    uri: https://cliadls000002.azuredatalakestore.net/webhdfs/v1/adltestfolder01/adltestfile02?OP=CREATE&api-version=2018-09-01&overwrite=true&write=true&syncFlag=DATA&leaseid=12345678-1234-5678-1234-567812345678&filesessionid=12345678-1234-5678-1234-567812345678
  response:
    body:
      string: ''
    headers:
      cache-control:
      - no-cache, no-cache, no-store, max-age=0
      content-length:
      - '0'
      contentlength:
      - '0'
      date:
      - Wed, 15 Apr 2020 06:46:32 GMT
      expires:
      - '-1'
      location:
      - https://cliadls000002.azuredatalakestore.net/webhdfs/v1/adltestfolder01/adltestfile02?OP=CREATE&api-version=2018-09-01&overwrite=true&write=true&syncFlag=DATA&leaseid=12345678-1234-5678-1234-567812345678&filesessionid=12345678-1234-5678-1234-567812345678
      pragma:
      - no-cache
      status:
      - '0x0'
      strict-transport-security:
      - max-age=15724800; includeSubDomains
      x-content-type-options:
      - nosniff
      x-ms-webhdfs-version:
      - 17.04.24.00
    status:
      code: 201
      message: Created
- request:
    body: Local File Content
    headers:
      Accept:
      - '*/*'
      Accept-Encoding:
      - gzip, deflate
      Connection:
      - keep-alive
      Content-Length:
      - '18'
      User-Agent:
      - python/3.8.0 (Windows-10-10.0.18362-SP0) azure.datalake.store.lib/0.0.48 Azure-Data-Lake-Store-SDK-For-Python
    method: POST
    uri: https://cliadls000002.azuredatalakestore.net/webhdfs/v1/adltestfolder01/adltestfile02?OP=APPEND&api-version=2018-09-01&syncFlag=CLOSE&offset=0&append=true&leaseid=12345678-1234-5678-1234-567812345678&filesessionid=12345678-1234-5678-1234-567812345678
  response:
    body:
      string: ''
    headers:
      cache-control:
      - no-cache, no-cache, no-store, max-age=0
      content-length:
      - '0'
      date:
      - Wed, 15 Apr 2020 06:46:32 GMT
      expires:
      - '-1'
      pragma:
      - no-cache
      status:
      - '0x0'
      strict-transport-security:
      - max-age=15724800; includeSubDomains
      x-content-type-options:
      - nosniff
      x-ms-webhdfs-version:
      - 17.04.24.00
    status:
      code: 200
      message: OK
- request:
    body: null
    headers:
      Accept:
      - '*/*'
      Accept-Encoding:
      - gzip, deflate
      Connection:
      - keep-alive
      User-Agent:
      - python/3.8.0 (Windows-10-10.0.18362-SP0) azure.datalake.store.lib/0.0.48 Azure-Data-Lake-Store-SDK-For-Python
    method: GET
    uri: https://cliadls000002.azuredatalakestore.net/webhdfs/v1/adltestfolder01/adltestfile02?OP=GETFILESTATUS&api-version=2018-09-01
  response:
    body:
      string: '{"FileStatus":{"length":18,"pathSuffix":"","type":"FILE","blockSize":268435456,"accessTime":1586933193180,"modificationTime":1586933193619,"replication":1,"permission":"770","owner":"9a0f0a3f-b307-4ae3-bb6a-27a65244de7e","group":"00000000-0000-0000-0000-000000000000","msExpirationTime":0,"aclBit":false}}'
    headers:
      cache-control:
      - no-cache, no-cache, no-store, max-age=0
      content-length:
      - '305'
      content-type:
      - application/json; charset=utf-8
      date:
      - Wed, 15 Apr 2020 06:46:35 GMT
      expires:
      - '-1'
      pragma:
      - no-cache
      status:
      - '0x0'
      strict-transport-security:
      - max-age=15724800; includeSubDomains
      x-content-type-options:
      - nosniff
      x-ms-webhdfs-version:
      - 17.04.24.00
    status:
      code: 200
      message: OK
- request:
    body: '{"sources":["adltestfolder01/adltestfile02","adltestfolder02/adltestfile01"]}'
    headers:
      Accept:
      - '*/*'
      Accept-Encoding:
      - gzip, deflate
      Connection:
      - keep-alive
      Content-Length:
      - '77'
      Content-Type:
      - application/json
      User-Agent:
      - python/3.8.0 (Windows-10-10.0.18362-SP0) azure.datalake.store.lib/0.0.48 Azure-Data-Lake-Store-SDK-For-Python
    method: POST
    uri: https://cliadls000002.azuredatalakestore.net/webhdfs/v1/adltestfolder01/adltestfile03?OP=MSCONCAT&api-version=2018-09-01&deleteSourceDirectory=false
  response:
    body:
      string: ''
    headers:
      cache-control:
      - no-cache, no-cache, no-store, max-age=0
      content-length:
      - '0'
      date:
      - Wed, 15 Apr 2020 06:46:36 GMT
      expires:
      - '-1'
      pragma:
      - no-cache
      status:
      - '0x0'
      strict-transport-security:
      - max-age=15724800; includeSubDomains
      x-content-type-options:
      - nosniff
      x-ms-webhdfs-version:
      - 17.04.24.00
    status:
      code: 200
      message: OK
- request:
    body: null
    headers:
      Accept:
      - '*/*'
      Accept-Encoding:
      - gzip, deflate
      Connection:
      - keep-alive
      User-Agent:
      - python/3.8.0 (Windows-10-10.0.18362-SP0) azure.datalake.store.lib/0.0.48 Azure-Data-Lake-Store-SDK-For-Python
    method: GET
    uri: https://cliadls000002.azuredatalakestore.net/webhdfs/v1/adltestfolder01/adltestfile03?OP=GETFILESTATUS&api-version=2018-09-01
  response:
    body:
      string: '{"FileStatus":{"length":30,"pathSuffix":"","type":"FILE","blockSize":268435456,"accessTime":1586933197516,"modificationTime":1586933197524,"replication":1,"permission":"770","owner":"9a0f0a3f-b307-4ae3-bb6a-27a65244de7e","group":"00000000-0000-0000-0000-000000000000","msExpirationTime":0,"aclBit":false}}'
    headers:
      cache-control:
      - no-cache, no-cache, no-store, max-age=0
      content-length:
      - '305'
      content-type:
      - application/json; charset=utf-8
      date:
      - Wed, 15 Apr 2020 06:46:39 GMT
      expires:
      - '-1'
      pragma:
      - no-cache
      status:
      - '0x0'
      strict-transport-security:
      - max-age=15724800; includeSubDomains
      x-content-type-options:
      - nosniff
      x-ms-webhdfs-version:
      - 17.04.24.00
    status:
      code: 200
      message: OK
- request:
    body: null
    headers:
      Accept:
      - '*/*'
      Accept-Encoding:
      - gzip, deflate
      Connection:
      - keep-alive
      User-Agent:
      - python/3.8.0 (Windows-10-10.0.18362-SP0) azure.datalake.store.lib/0.0.48 Azure-Data-Lake-Store-SDK-For-Python
    method: GET
    uri: https://cliadls000002.azuredatalakestore.net/webhdfs/v1/adltestfolder01/adltestfile03?OP=GETFILESTATUS&api-version=2018-09-01
  response:
    body:
      string: '{"FileStatus":{"length":30,"pathSuffix":"","type":"FILE","blockSize":268435456,"accessTime":1586933197516,"modificationTime":1586933197524,"replication":1,"permission":"770","owner":"9a0f0a3f-b307-4ae3-bb6a-27a65244de7e","group":"00000000-0000-0000-0000-000000000000","msExpirationTime":0,"aclBit":false}}'
    headers:
      cache-control:
      - no-cache, no-cache, no-store, max-age=0
      content-length:
      - '305'
      content-type:
      - application/json; charset=utf-8
      date:
      - Wed, 15 Apr 2020 06:46:41 GMT
      expires:
      - '-1'
      pragma:
      - no-cache
      status:
      - '0x0'
      strict-transport-security:
      - max-age=15724800; includeSubDomains
      x-content-type-options:
      - nosniff
      x-ms-webhdfs-version:
      - 17.04.24.00
    status:
      code: 200
      message: OK
- request:
    body: null
    headers:
      Accept:
      - '*/*'
      Accept-Encoding:
      - gzip, deflate
      Connection:
      - keep-alive
      User-Agent:
      - python/3.8.0 (Windows-10-10.0.18362-SP0) azure.datalake.store.lib/0.0.48 Azure-Data-Lake-Store-SDK-For-Python
    method: GET
    uri: https://cliadls000002.azuredatalakestore.net/webhdfs/v1/adltestfolder01/adltestfile03?OP=LISTSTATUS&api-version=2018-09-01&listSize=4000
  response:
    body:
      string: '{"FileStatuses":{"continuationToken":"","FileStatus":[{"length":30,"pathSuffix":"","type":"FILE","blockSize":268435456,"accessTime":1586933197516,"modificationTime":1586933197524,"replication":1,"permission":"770","owner":"9a0f0a3f-b307-4ae3-bb6a-27a65244de7e","group":"00000000-0000-0000-0000-000000000000","msExpirationTime":0,"aclBit":false}]}}'
    headers:
      cache-control:
      - no-cache, no-cache, no-store, max-age=0
      content-length:
      - '347'
      content-type:
      - application/json; charset=utf-8
      date:
      - Wed, 15 Apr 2020 06:46:41 GMT
      expires:
      - '-1'
      pragma:
      - no-cache
      status:
      - '0x0'
      strict-transport-security:
      - max-age=15724800; includeSubDomains
      x-content-type-options:
      - nosniff
      x-ms-webhdfs-version:
      - 17.04.24.00
    status:
      code: 200
      message: OK
- request:
    body: null
    headers:
      Accept:
      - '*/*'
      Accept-Encoding:
      - gzip, deflate
      Connection:
      - keep-alive
      User-Agent:
      - python/3.8.0 (Windows-10-10.0.18362-SP0) azure.datalake.store.lib/0.0.48 Azure-Data-Lake-Store-SDK-For-Python
    method: GET
    uri: https://cliadls000002.azuredatalakestore.net/webhdfs/v1/adltestfolder01/adltestfile03?OP=GETFILESTATUS&api-version=2018-09-01
  response:
    body:
      string: '{"FileStatus":{"length":30,"pathSuffix":"","type":"FILE","blockSize":268435456,"accessTime":1586933197516,"modificationTime":1586933197524,"replication":1,"permission":"770","owner":"9a0f0a3f-b307-4ae3-bb6a-27a65244de7e","group":"00000000-0000-0000-0000-000000000000","msExpirationTime":0,"aclBit":false}}'
    headers:
      cache-control:
      - no-cache, no-cache, no-store, max-age=0
      content-length:
      - '305'
      content-type:
      - application/json; charset=utf-8
      date:
      - Wed, 15 Apr 2020 06:46:42 GMT
      expires:
      - '-1'
      pragma:
      - no-cache
      status:
      - '0x0'
      strict-transport-security:
      - max-age=15724800; includeSubDomains
      x-content-type-options:
      - nosniff
      x-ms-webhdfs-version:
      - 17.04.24.00
    status:
      code: 200
      message: OK
- request:
    body: null
    headers:
      Accept:
      - '*/*'
      Accept-Encoding:
      - gzip, deflate
      Connection:
      - keep-alive
      User-Agent:
      - python/3.8.0 (Windows-10-10.0.18362-SP0) azure.datalake.store.lib/0.0.48 Azure-Data-Lake-Store-SDK-For-Python
    method: GET
    uri: https://cliadls000002.azuredatalakestore.net/webhdfs/v1/adltestfolder01/adltestfile03?OP=OPEN&api-version=2018-09-01&offset=0&length=30&read=true&filesessionid=12345678-1234-5678-1234-567812345678
  response:
    body:
      string: Local File Content123456123456
    headers:
      cache-control:
      - no-cache, no-cache, no-store, max-age=0
      content-type:
      - application/octet-stream
      date:
      - Wed, 15 Apr 2020 06:46:42 GMT
      expires:
      - '-1'
      pragma:
      - no-cache
      status:
      - '0x0'
      strict-transport-security:
      - max-age=15724800; includeSubDomains
      transfer-encoding:
      - chunked
      x-content-type-options:
      - nosniff
      x-ms-webhdfs-version:
      - 17.04.24.00
    status:
      code: 200
      message: OK
- request:
    body: null
    headers:
      Accept:
      - '*/*'
      Accept-Encoding:
      - gzip, deflate
      Connection:
      - keep-alive
      User-Agent:
      - python/3.8.0 (Windows-10-10.0.18362-SP0) azure.datalake.store.lib/0.0.48 Azure-Data-Lake-Store-SDK-For-Python
    method: GET
    uri: https://cliadls000002.azuredatalakestore.net/webhdfs/v1/adltestfolder01/adltestfile03?OP=GETFILESTATUS&api-version=2018-09-01
  response:
    body:
      string: '{"FileStatus":{"length":30,"pathSuffix":"","type":"FILE","blockSize":268435456,"accessTime":1586933197516,"modificationTime":1586933197524,"replication":1,"permission":"770","owner":"9a0f0a3f-b307-4ae3-bb6a-27a65244de7e","group":"00000000-0000-0000-0000-000000000000","msExpirationTime":0,"aclBit":false}}'
    headers:
      cache-control:
      - no-cache, no-cache, no-store, max-age=0
      content-length:
      - '305'
      content-type:
      - application/json; charset=utf-8
      date:
      - Wed, 15 Apr 2020 06:46:45 GMT
      expires:
      - '-1'
      pragma:
      - no-cache
      status:
      - '0x0'
      strict-transport-security:
      - max-age=15724800; includeSubDomains
      x-content-type-options:
      - nosniff
      x-ms-webhdfs-version:
      - 17.04.24.00
    status:
      code: 200
      message: OK
- request:
    body: null
    headers:
      Accept:
      - '*/*'
      Accept-Encoding:
      - gzip, deflate
      Connection:
      - keep-alive
      Content-Length:
      - '0'
      User-Agent:
      - python/3.8.0 (Windows-10-10.0.18362-SP0) azure.datalake.store.lib/0.0.48 Azure-Data-Lake-Store-SDK-For-Python
    method: DELETE
    uri: https://cliadls000002.azuredatalakestore.net/webhdfs/v1/adltestfolder01/adltestfile03?OP=DELETE&api-version=2018-09-01&recursive=False
  response:
    body:
      string: '{"boolean":true}'
    headers:
      cache-control:
      - no-cache, no-cache, no-store, max-age=0
      content-length:
      - '16'
      content-type:
      - application/json; charset=utf-8
      date:
      - Wed, 15 Apr 2020 06:46:46 GMT
      expires:
      - '-1'
      pragma:
      - no-cache
      status:
      - '0x0'
      strict-transport-security:
      - max-age=15724800; includeSubDomains
      x-content-type-options:
      - nosniff
      x-ms-webhdfs-version:
      - 17.04.24.00
    status:
      code: 200
      message: OK
- request:
    body: null
    headers:
      Accept:
      - '*/*'
      Accept-Encoding:
      - gzip, deflate
      Connection:
      - keep-alive
      User-Agent:
      - python/3.8.0 (Windows-10-10.0.18362-SP0) azure.datalake.store.lib/0.0.48 Azure-Data-Lake-Store-SDK-For-Python
    method: GET
    uri: https://cliadls000002.azuredatalakestore.net/webhdfs/v1/adltestfolder01?OP=LISTSTATUS&api-version=2018-09-01&listSize=4000
  response:
    body:
      string: '{"FileStatuses":{"continuationToken":"","FileStatus":[]}}'
    headers:
      cache-control:
      - no-cache, no-cache, no-store, max-age=0
      content-length:
      - '57'
      content-type:
      - application/json; charset=utf-8
      date:
      - Wed, 15 Apr 2020 06:46:47 GMT
      expires:
      - '-1'
      pragma:
      - no-cache
      status:
      - '0x0'
      strict-transport-security:
      - max-age=15724800; includeSubDomains
      x-content-type-options:
      - nosniff
      x-ms-webhdfs-version:
      - 17.04.24.00
    status:
      code: 200
      message: OK
- request:
    body: null
    headers:
      Accept:
      - '*/*'
      Accept-Encoding:
      - gzip, deflate
      Connection:
      - keep-alive
      User-Agent:
      - python/3.8.0 (Windows-10-10.0.18362-SP0) azure.datalake.store.lib/0.0.48 Azure-Data-Lake-Store-SDK-For-Python
    method: GET
    uri: https://cliadls000002.azuredatalakestore.net/webhdfs/v1/.?OP=LISTSTATUS&api-version=2018-09-01&listSize=4000
  response:
    body:
      string: '{"FileStatuses":{"continuationToken":"","FileStatus":[{"length":0,"pathSuffix":"adltestfolder01","type":"DIRECTORY","blockSize":0,"accessTime":1586933155888,"modificationTime":1586933206174,"replication":0,"permission":"770","owner":"9a0f0a3f-b307-4ae3-bb6a-27a65244de7e","group":"00000000-0000-0000-0000-000000000000","aclBit":false}]}}'
    headers:
      cache-control:
      - no-cache, no-cache, no-store, max-age=0
      content-length:
      - '337'
      content-type:
      - application/json; charset=utf-8
      date:
      - Wed, 15 Apr 2020 06:46:48 GMT
      expires:
      - '-1'
      pragma:
      - no-cache
      status:
      - '0x0'
      strict-transport-security:
      - max-age=15724800; includeSubDomains
      x-content-type-options:
      - nosniff
      x-ms-webhdfs-version:
      - 17.04.24.00
    status:
      code: 200
      message: OK
- request:
    body: null
    headers:
      Accept:
      - '*/*'
      Accept-Encoding:
      - gzip, deflate
      Connection:
      - keep-alive
      User-Agent:
      - python/3.8.0 (Windows-10-10.0.18362-SP0) azure.datalake.store.lib/0.0.48 Azure-Data-Lake-Store-SDK-For-Python
    method: GET
    uri: https://cliadls000002.azuredatalakestore.net/webhdfs/v1/adltestfolder02?OP=GETFILESTATUS&api-version=2018-09-01
  response:
    body:
      string: '{"RemoteException":{"exception":"FileNotFoundException","message":"File/Folder
        does not exist: /adltestfolder02 [c37c4e55-d35b-4694-8c56-08f0711a522e][2020-04-14T23:46:50.4991961-07:00]","javaClassName":"java.io.FileNotFoundException"}}'
    headers:
      cache-control:
      - no-cache, no-cache, no-store, max-age=0
      content-length:
      - '236'
      content-type:
      - application/json; charset=utf-8
      date:
      - Wed, 15 Apr 2020 06:46:49 GMT
      expires:
      - '-1'
      pragma:
      - no-cache
      status:
      - '0x8309000A'
      strict-transport-security:
      - max-age=15724800; includeSubDomains
      x-content-type-options:
      - nosniff
      x-ms-webhdfs-version:
      - 17.04.24.00
    status:
      code: 404
      message: Not Found
- request:
    body: null
    headers:
      Accept:
      - '*/*'
      Accept-Encoding:
      - gzip, deflate
      Connection:
      - keep-alive
      Content-Length:
      - '0'
      User-Agent:
      - python/3.8.0 (Windows-10-10.0.18362-SP0) azure.datalake.store.lib/0.0.48 Azure-Data-Lake-Store-SDK-For-Python
    method: PUT
    uri: https://cliadls000002.azuredatalakestore.net/webhdfs/v1/adltestfolder02?OP=MKDIRS&api-version=2018-09-01
  response:
    body:
      string: '{"boolean":true}'
    headers:
      cache-control:
      - no-cache, no-cache, no-store, max-age=0
      content-length:
      - '16'
      content-type:
      - application/json; charset=utf-8
      date:
      - Wed, 15 Apr 2020 06:46:50 GMT
      expires:
      - '-1'
      pragma:
      - no-cache
      status:
      - '0x0'
      strict-transport-security:
      - max-age=15724800; includeSubDomains
      x-content-type-options:
      - nosniff
      x-ms-webhdfs-version:
      - 17.04.24.00
    status:
      code: 200
      message: OK
- request:
    body: null
    headers:
      Accept:
      - '*/*'
      Accept-Encoding:
      - gzip, deflate
      Connection:
      - keep-alive
      User-Agent:
      - python/3.8.0 (Windows-10-10.0.18362-SP0) azure.datalake.store.lib/0.0.48 Azure-Data-Lake-Store-SDK-For-Python
    method: GET
    uri: https://cliadls000002.azuredatalakestore.net/webhdfs/v1/adltestfolder02/tempfile01.txt?OP=GETFILESTATUS&api-version=2018-09-01
  response:
    body:
      string: '{"RemoteException":{"exception":"FileNotFoundException","message":"File/Folder
        does not exist: /adltestfolder02/tempfile01.txt [31515dd1-ca95-4927-8726-705c60636be9][2020-04-14T23:46:52.7441831-07:00]","javaClassName":"java.io.FileNotFoundException"}}'
    headers:
      cache-control:
      - no-cache, no-cache, no-store, max-age=0
      content-length:
      - '251'
      content-type:
      - application/json; charset=utf-8
      date:
      - Wed, 15 Apr 2020 06:46:51 GMT
      expires:
      - '-1'
      pragma:
      - no-cache
      status:
      - '0x8309000A'
      strict-transport-security:
      - max-age=15724800; includeSubDomains
      x-content-type-options:
      - nosniff
      x-ms-webhdfs-version:
      - 17.04.24.00
    status:
      code: 404
      message: Not Found
- request:
    body: null
    headers:
      Accept:
      - '*/*'
      Accept-Encoding:
      - gzip, deflate
      Connection:
      - keep-alive
      User-Agent:
      - python/3.8.0 (Windows-10-10.0.18362-SP0) azure.datalake.store.lib/0.0.48 Azure-Data-Lake-Store-SDK-For-Python
    method: GET
    uri: https://cliadls000002.azuredatalakestore.net/webhdfs/v1/adltestfolder02/tempfile01.txt?OP=GETFILESTATUS&api-version=2018-09-01
  response:
    body:
      string: '{"RemoteException":{"exception":"FileNotFoundException","message":"File/Folder
        does not exist: /adltestfolder02/tempfile01.txt [ac8cde7c-9d57-4458-9c48-358ba6283129][2020-04-14T23:46:53.1037453-07:00]","javaClassName":"java.io.FileNotFoundException"}}'
    headers:
      cache-control:
      - no-cache, no-cache, no-store, max-age=0
      content-length:
      - '251'
      content-type:
      - application/json; charset=utf-8
      date:
      - Wed, 15 Apr 2020 06:46:52 GMT
      expires:
      - '-1'
      pragma:
      - no-cache
      status:
      - '0x8309000A'
      strict-transport-security:
      - max-age=15724800; includeSubDomains
      x-content-type-options:
      - nosniff
      x-ms-webhdfs-version:
      - 17.04.24.00
    status:
      code: 404
      message: Not Found
- request:
    body: null
    headers:
      Accept:
      - '*/*'
      Accept-Encoding:
      - gzip, deflate
      Connection:
      - keep-alive
      Content-Length:
      - '0'
      User-Agent:
      - python/3.8.0 (Windows-10-10.0.18362-SP0) azure.datalake.store.lib/0.0.48 Azure-Data-Lake-Store-SDK-For-Python
    method: PUT
    uri: https://cliadls000002.azuredatalakestore.net/webhdfs/v1/adltestfolder02/tempfile01.txt?OP=CREATE&api-version=2018-09-01&overwrite=true&write=true&syncFlag=DATA&leaseid=12345678-1234-5678-1234-567812345678&filesessionid=12345678-1234-5678-1234-567812345678
  response:
    body:
      string: ''
    headers:
      cache-control:
      - no-cache, no-cache, no-store, max-age=0
      content-length:
      - '0'
      contentlength:
      - '0'
      date:
      - Wed, 15 Apr 2020 06:46:52 GMT
      expires:
      - '-1'
      location:
      - https://cliadls000002.azuredatalakestore.net/webhdfs/v1/adltestfolder02/tempfile01.txt?OP=CREATE&api-version=2018-09-01&overwrite=true&write=true&syncFlag=DATA&leaseid=12345678-1234-5678-1234-567812345678&filesessionid=12345678-1234-5678-1234-567812345678
      pragma:
      - no-cache
      status:
      - '0x0'
      strict-transport-security:
      - max-age=15724800; includeSubDomains
      x-content-type-options:
      - nosniff
      x-ms-webhdfs-version:
      - 17.04.24.00
    status:
      code: 201
      message: Created
- request:
    body: null
    headers:
      Accept:
      - '*/*'
      Accept-Encoding:
      - gzip, deflate
      Connection:
      - keep-alive
      Content-Length:
      - '0'
      User-Agent:
      - python/3.8.0 (Windows-10-10.0.18362-SP0) azure.datalake.store.lib/0.0.48 Azure-Data-Lake-Store-SDK-For-Python
    method: POST
    uri: https://cliadls000002.azuredatalakestore.net/webhdfs/v1/adltestfolder02/tempfile01.txt?OP=APPEND&api-version=2018-09-01&syncFlag=CLOSE&offset=0&append=true&leaseid=12345678-1234-5678-1234-567812345678&filesessionid=12345678-1234-5678-1234-567812345678
  response:
    body:
      string: ''
    headers:
      cache-control:
      - no-cache, no-cache, no-store, max-age=0
      content-length:
      - '0'
      date:
      - Wed, 15 Apr 2020 06:46:53 GMT
      expires:
      - '-1'
      pragma:
      - no-cache
      status:
      - '0x0'
      strict-transport-security:
      - max-age=15724800; includeSubDomains
      x-content-type-options:
      - nosniff
      x-ms-webhdfs-version:
      - 17.04.24.00
    status:
      code: 200
      message: OK
- request:
    body: null
    headers:
      Accept:
      - '*/*'
      Accept-Encoding:
      - gzip, deflate
      Connection:
      - keep-alive
      User-Agent:
      - python/3.8.0 (Windows-10-10.0.18362-SP0) azure.datalake.store.lib/0.0.48 Azure-Data-Lake-Store-SDK-For-Python
    method: GET
    uri: https://cliadls000002.azuredatalakestore.net/webhdfs/v1/adltestfolder02?OP=GETFILESTATUS&api-version=2018-09-01
  response:
    body:
      string: '{"FileStatus":{"length":0,"pathSuffix":"","type":"DIRECTORY","blockSize":0,"accessTime":1586933210866,"modificationTime":1586933213485,"replication":0,"permission":"770","owner":"9a0f0a3f-b307-4ae3-bb6a-27a65244de7e","group":"00000000-0000-0000-0000-000000000000","aclBit":false}}'
    headers:
      cache-control:
      - no-cache, no-cache, no-store, max-age=0
      content-length:
      - '280'
      content-type:
      - application/json; charset=utf-8
      date:
      - Wed, 15 Apr 2020 06:46:55 GMT
      expires:
      - '-1'
      pragma:
      - no-cache
      status:
      - '0x0'
      strict-transport-security:
      - max-age=15724800; includeSubDomains
      x-content-type-options:
      - nosniff
      x-ms-webhdfs-version:
      - 17.04.24.00
    status:
      code: 200
      message: OK
- request:
    body: null
    headers:
      Accept:
      - '*/*'
      Accept-Encoding:
      - gzip, deflate
      Connection:
      - keep-alive
      Content-Length:
      - '0'
      User-Agent:
      - python/3.8.0 (Windows-10-10.0.18362-SP0) azure.datalake.store.lib/0.0.48 Azure-Data-Lake-Store-SDK-For-Python
    method: DELETE
    uri: https://cliadls000002.azuredatalakestore.net/webhdfs/v1/adltestfolder02?OP=DELETE&api-version=2018-09-01&recursive=True
  response:
    body:
      string: '{"boolean":true}'
    headers:
      cache-control:
      - no-cache, no-cache, no-store, max-age=0
      content-length:
      - '16'
      content-type:
      - application/json; charset=utf-8
      date:
      - Wed, 15 Apr 2020 06:46:55 GMT
      expires:
      - '-1'
      pragma:
      - no-cache
      status:
      - '0x0'
      strict-transport-security:
      - max-age=15724800; includeSubDomains
      x-content-type-options:
      - nosniff
      x-ms-webhdfs-version:
      - 17.04.24.00
    status:
      code: 200
      message: OK
- request:
    body: null
    headers:
      Accept:
      - '*/*'
      Accept-Encoding:
      - gzip, deflate
      Connection:
      - keep-alive
      User-Agent:
      - python/3.8.0 (Windows-10-10.0.18362-SP0) azure.datalake.store.lib/0.0.48 Azure-Data-Lake-Store-SDK-For-Python
    method: GET
    uri: https://cliadls000002.azuredatalakestore.net/webhdfs/v1/adltestfolder02?OP=GETFILESTATUS&api-version=2018-09-01
  response:
    body:
      string: '{"RemoteException":{"exception":"FileNotFoundException","message":"File/Folder
        does not exist: /adltestfolder02 [646225cb-c335-48e6-85bc-0528013e0088][2020-04-14T23:47:08.5913914-07:00]","javaClassName":"java.io.FileNotFoundException"}}'
    headers:
      cache-control:
      - no-cache, no-cache, no-store, max-age=0
      content-length:
      - '236'
      content-type:
      - application/json; charset=utf-8
      date:
      - Wed, 15 Apr 2020 06:47:07 GMT
      expires:
      - '-1'
      pragma:
      - no-cache
      status:
      - '0x8309000A'
      strict-transport-security:
      - max-age=15724800; includeSubDomains
      x-content-type-options:
      - nosniff
      x-ms-webhdfs-version:
      - 17.04.24.00
    status:
      code: 404
      message: Not Found
- request:
    body: null
    headers:
      Accept:
      - '*/*'
      Accept-Encoding:
      - gzip, deflate
      Connection:
      - keep-alive
      User-Agent:
      - python/3.8.0 (Windows-10-10.0.18362-SP0) azure.datalake.store.lib/0.0.48 Azure-Data-Lake-Store-SDK-For-Python
    method: GET
    uri: https://cliadls000002.azuredatalakestore.net/webhdfs/v1/adltestfolder01?OP=GETFILESTATUS&api-version=2018-09-01
  response:
    body:
      string: '{"FileStatus":{"length":0,"pathSuffix":"","type":"DIRECTORY","blockSize":0,"accessTime":1586933155888,"modificationTime":1586933206174,"replication":0,"permission":"770","owner":"9a0f0a3f-b307-4ae3-bb6a-27a65244de7e","group":"00000000-0000-0000-0000-000000000000","aclBit":false}}'
    headers:
      cache-control:
      - no-cache, no-cache, no-store, max-age=0
      content-length:
      - '280'
      content-type:
      - application/json; charset=utf-8
      date:
      - Wed, 15 Apr 2020 06:47:10 GMT
      expires:
      - '-1'
      pragma:
      - no-cache
      status:
      - '0x0'
      strict-transport-security:
      - max-age=15724800; includeSubDomains
      x-content-type-options:
      - nosniff
      x-ms-webhdfs-version:
      - 17.04.24.00
    status:
      code: 200
      message: OK
version: 1
