interactions:
- request:
    body: null
    headers:
      Accept:
      - application/json
      Accept-Encoding:
      - gzip, deflate
      CommandName:
      - network vnet create
      Connection:
      - keep-alive
      ParameterSetName:
      - -n -g --address-prefix --subnet-name --subnet-prefix
      User-Agent:
      - AZURECLI/2.23.0 azsdk-python-azure-mgmt-resource/16.1.0 Python/3.7.4 (Windows-10-10.0.19041-SP0)
    method: GET
    uri: https://management.azure.com/subscriptions/00000000-0000-0000-0000-000000000000/resourcegroups/acscliapi11?api-version=2019-10-01
  response:
    body:
      string: '{"id":"/subscriptions/00000000-0000-0000-0000-000000000000/resourceGroups/acscliapi11","name":"acscliapi11","type":"Microsoft.Resources/resourceGroups","location":"westus2","tags":{},"properties":{"provisioningState":"Succeeded"}}'
    headers:
      cache-control:
      - no-cache
      content-length:
      - '230'
      content-type:
      - application/json; charset=utf-8
      date:
      - Thu, 10 Jun 2021 09:13:47 GMT
      expires:
      - '-1'
      pragma:
      - no-cache
      strict-transport-security:
      - max-age=31536000; includeSubDomains
      vary:
      - Accept-Encoding
      x-content-type-options:
      - nosniff
    status:
      code: 200
      message: OK
- request:
    body: '{"location": "westus2", "tags": {}, "properties": {"addressSpace": {"addressPrefixes":
      ["192.168.0.0/16"]}, "dhcpOptions": {}, "subnets": [{"name": "clisubnet000003",
      "properties": {"addressPrefix": "192.168.0.0/24"}}]}}'
    headers:
      Accept:
      - application/json
      Accept-Encoding:
      - gzip, deflate
      CommandName:
      - network vnet create
      Connection:
      - keep-alive
      Content-Length:
      - '221'
      Content-Type:
      - application/json
      ParameterSetName:
      - -n -g --address-prefix --subnet-name --subnet-prefix
      User-Agent:
      - AZURECLI/2.23.0 azsdk-python-azure-mgmt-network/18.0.0 Python/3.7.4 (Windows-10-10.0.19041-SP0)
    method: PUT
    uri: https://management.azure.com/subscriptions/00000000-0000-0000-0000-000000000000/resourceGroups/acscliapi11/providers/Microsoft.Network/virtualNetworks/clivnet000002?api-version=2018-11-01
  response:
    body:
      string: "{\r\n  \"name\": \"clivnet000002\",\r\n  \"id\": \"/subscriptions/00000000-0000-0000-0000-000000000000/resourceGroups/acscliapi11/providers/Microsoft.Network/virtualNetworks/clivnet000002\",\r\n
        \ \"etag\": \"W/\\\"3c328131-5f17-4a16-8d4b-3771a86b15d8\\\"\",\r\n  \"type\":
        \"Microsoft.Network/virtualNetworks\",\r\n  \"location\": \"westus2\",\r\n
        \ \"tags\": {},\r\n  \"properties\": {\r\n    \"provisioningState\": \"Updating\",\r\n
        \   \"resourceGuid\": \"7b88b96f-afdb-4ca4-a0b5-5a5f7b33e7f4\",\r\n    \"addressSpace\":
        {\r\n      \"addressPrefixes\": [\r\n        \"192.168.0.0/16\"\r\n      ]\r\n
        \   },\r\n    \"dhcpOptions\": {\r\n      \"dnsServers\": []\r\n    },\r\n
        \   \"subnets\": [\r\n      {\r\n        \"name\": \"clisubnet000003\",\r\n
        \       \"id\": \"/subscriptions/00000000-0000-0000-0000-000000000000/resourceGroups/acscliapi11/providers/Microsoft.Network/virtualNetworks/clivnet000002/subnets/clisubnet000003\",\r\n
        \       \"etag\": \"W/\\\"3c328131-5f17-4a16-8d4b-3771a86b15d8\\\"\",\r\n
        \       \"properties\": {\r\n          \"provisioningState\": \"Updating\",\r\n
        \         \"addressPrefix\": \"192.168.0.0/24\",\r\n          \"delegations\":
        []\r\n        },\r\n        \"type\": \"Microsoft.Network/virtualNetworks/subnets\"\r\n
        \     }\r\n    ],\r\n    \"virtualNetworkPeerings\": [],\r\n    \"enableDdosProtection\":
        false\r\n  }\r\n}"
    headers:
      azure-asyncnotification:
      - Enabled
      azure-asyncoperation:
      - https://management.azure.com/subscriptions/00000000-0000-0000-0000-000000000000/providers/Microsoft.Network/locations/westus2/operations/4e40a97c-1d29-4c7d-af25-be016c5af959?api-version=2018-11-01
      cache-control:
      - no-cache
      content-length:
      - '1218'
      content-type:
      - application/json; charset=utf-8
      date:
      - Thu, 10 Jun 2021 09:13:47 GMT
      expires:
      - '-1'
      pragma:
      - no-cache
      server:
      - Microsoft-HTTPAPI/2.0
      - Microsoft-HTTPAPI/2.0
      strict-transport-security:
      - max-age=31536000; includeSubDomains
      x-content-type-options:
      - nosniff
      x-ms-arm-service-request-id:
      - 43e3bcb9-471f-4e97-87e9-d7a890ba63bb
      x-ms-ratelimit-remaining-subscription-writes:
      - '1199'
    status:
      code: 201
      message: Created
- request:
    body: null
    headers:
      Accept:
      - '*/*'
      Accept-Encoding:
      - gzip, deflate
      CommandName:
      - network vnet create
      Connection:
      - keep-alive
      ParameterSetName:
      - -n -g --address-prefix --subnet-name --subnet-prefix
      User-Agent:
      - AZURECLI/2.23.0 azsdk-python-azure-mgmt-network/18.0.0 Python/3.7.4 (Windows-10-10.0.19041-SP0)
    method: GET
    uri: https://management.azure.com/subscriptions/00000000-0000-0000-0000-000000000000/providers/Microsoft.Network/locations/westus2/operations/4e40a97c-1d29-4c7d-af25-be016c5af959?api-version=2018-11-01
  response:
    body:
      string: "{\r\n  \"status\": \"Succeeded\"\r\n}"
    headers:
      cache-control:
      - no-cache
      content-length:
      - '29'
      content-type:
      - application/json; charset=utf-8
      date:
      - Thu, 10 Jun 2021 09:13:50 GMT
      expires:
      - '-1'
      pragma:
      - no-cache
      server:
      - Microsoft-HTTPAPI/2.0
      - Microsoft-HTTPAPI/2.0
      strict-transport-security:
      - max-age=31536000; includeSubDomains
      transfer-encoding:
      - chunked
      vary:
      - Accept-Encoding
      x-content-type-options:
      - nosniff
      x-ms-arm-service-request-id:
      - a028acc8-d073-4ae2-b1fb-aac418f7930b
    status:
      code: 200
      message: OK
- request:
    body: null
    headers:
      Accept:
      - '*/*'
      Accept-Encoding:
      - gzip, deflate
      CommandName:
      - network vnet create
      Connection:
      - keep-alive
      ParameterSetName:
      - -n -g --address-prefix --subnet-name --subnet-prefix
      User-Agent:
      - AZURECLI/2.23.0 azsdk-python-azure-mgmt-network/18.0.0 Python/3.7.4 (Windows-10-10.0.19041-SP0)
    method: GET
    uri: https://management.azure.com/subscriptions/00000000-0000-0000-0000-000000000000/resourceGroups/acscliapi11/providers/Microsoft.Network/virtualNetworks/clivnet000002?api-version=2018-11-01
  response:
    body:
      string: "{\r\n  \"name\": \"clivnet000002\",\r\n  \"id\": \"/subscriptions/00000000-0000-0000-0000-000000000000/resourceGroups/acscliapi11/providers/Microsoft.Network/virtualNetworks/clivnet000002\",\r\n
        \ \"etag\": \"W/\\\"26de2362-a585-404b-8afa-5205e6e506cc\\\"\",\r\n  \"type\":
        \"Microsoft.Network/virtualNetworks\",\r\n  \"location\": \"westus2\",\r\n
        \ \"tags\": {},\r\n  \"properties\": {\r\n    \"provisioningState\": \"Succeeded\",\r\n
        \   \"resourceGuid\": \"7b88b96f-afdb-4ca4-a0b5-5a5f7b33e7f4\",\r\n    \"addressSpace\":
        {\r\n      \"addressPrefixes\": [\r\n        \"192.168.0.0/16\"\r\n      ]\r\n
        \   },\r\n    \"dhcpOptions\": {\r\n      \"dnsServers\": []\r\n    },\r\n
        \   \"subnets\": [\r\n      {\r\n        \"name\": \"clisubnet000003\",\r\n
        \       \"id\": \"/subscriptions/00000000-0000-0000-0000-000000000000/resourceGroups/acscliapi11/providers/Microsoft.Network/virtualNetworks/clivnet000002/subnets/clisubnet000003\",\r\n
        \       \"etag\": \"W/\\\"26de2362-a585-404b-8afa-5205e6e506cc\\\"\",\r\n
        \       \"properties\": {\r\n          \"provisioningState\": \"Succeeded\",\r\n
        \         \"addressPrefix\": \"192.168.0.0/24\",\r\n          \"delegations\":
        []\r\n        },\r\n        \"type\": \"Microsoft.Network/virtualNetworks/subnets\"\r\n
        \     }\r\n    ],\r\n    \"virtualNetworkPeerings\": [],\r\n    \"enableDdosProtection\":
        false\r\n  }\r\n}"
    headers:
      cache-control:
      - no-cache
      content-length:
      - '1220'
      content-type:
      - application/json; charset=utf-8
      date:
      - Thu, 10 Jun 2021 09:13:50 GMT
      etag:
      - W/"26de2362-a585-404b-8afa-5205e6e506cc"
      expires:
      - '-1'
      pragma:
      - no-cache
      server:
      - Microsoft-HTTPAPI/2.0
      - Microsoft-HTTPAPI/2.0
      strict-transport-security:
      - max-age=31536000; includeSubDomains
      transfer-encoding:
      - chunked
      vary:
      - Accept-Encoding
      x-content-type-options:
      - nosniff
      x-ms-arm-service-request-id:
      - e5e94ffe-a3b5-409a-8b22-48000a9766b4
    status:
      code: 200
      message: OK
- request:
    body: null
    headers:
      Accept:
      - application/json
      Accept-Encoding:
      - gzip, deflate
      CommandName:
      - aks create
      Connection:
      - keep-alive
      ParameterSetName:
      - --resource-group --name --location --node-count --vnet-subnet-id --no-ssh-key
        --yes
      User-Agent:
      - AZURECLI/2.23.0 azsdk-python-azure-mgmt-resource/16.1.0 Python/3.7.4 (Windows-10-10.0.19041-SP0)
    method: GET
    uri: https://management.azure.com/subscriptions/00000000-0000-0000-0000-000000000000/resourcegroups/acscliapi11?api-version=2019-10-01
  response:
    body:
      string: '{"id":"/subscriptions/00000000-0000-0000-0000-000000000000/resourceGroups/acscliapi11","name":"acscliapi11","type":"Microsoft.Resources/resourceGroups","location":"westus2","tags":{},"properties":{"provisioningState":"Succeeded"}}'
    headers:
      cache-control:
      - no-cache
      content-length:
      - '230'
      content-type:
      - application/json; charset=utf-8
      date:
      - Thu, 10 Jun 2021 09:13:51 GMT
      expires:
      - '-1'
      pragma:
      - no-cache
      strict-transport-security:
      - max-age=31536000; includeSubDomains
      vary:
      - Accept-Encoding
      x-content-type-options:
      - nosniff
    status:
      code: 200
      message: OK
- request:
    body: '{"location": "WestUS2", "properties": {"kubernetesVersion": "", "dnsPrefix":
      "cliakstest-acscliapi11-8a4f68", "agentPoolProfiles": [{"count": 1, "vmSize":
      "Standard_DS2_v2", "vnetSubnetID": "/subscriptions/00000000-0000-0000-0000-000000000000/resourceGroups/acscliapi11/providers/Microsoft.Network/virtualNetworks/clivnet000002/subnets/clisubnet000003",
      "osType": "Linux", "type": "VirtualMachineScaleSets", "mode": "System", "enableNodePublicIP":
      false, "scaleSetPriority": "Regular", "scaleSetEvictionPolicy": "Delete", "name":
      "nodepool1"}], "addonProfiles": {}, "enableRBAC": true, "networkProfile": {"networkPlugin":
      "kubenet", "podCidr": "10.244.0.0/16", "serviceCidr": "10.0.0.0/16", "dnsServiceIP":
      "10.0.0.10", "dockerBridgeCidr": "172.17.0.1/16", "outboundType": "loadBalancer",
      "loadBalancerSku": "standard"}}, "identity": {"type": "SystemAssigned"}}'
    headers:
      Accept:
      - application/json
      Accept-Encoding:
      - gzip, deflate
      CommandName:
      - aks create
      Connection:
      - keep-alive
      Content-Length:
      - '865'
      Content-Type:
      - application/json; charset=utf-8
      ParameterSetName:
      - --resource-group --name --location --node-count --vnet-subnet-id --no-ssh-key
        --yes
      User-Agent:
      - python/3.7.4 (Windows-10-10.0.19041-SP0) msrest/0.6.21 msrest_azure/0.6.3
        azure-mgmt-containerservice/11.2.0 Azure-SDK-For-Python AZURECLI/2.23.0
      accept-language:
      - en-US
    method: PUT
    uri: https://management.azure.com/subscriptions/00000000-0000-0000-0000-000000000000/resourceGroups/acscliapi11/providers/Microsoft.ContainerService/managedClusters/cliakstest000001?api-version=2020-11-01
  response:
    body:
      string: "{\n  \"id\": \"/subscriptions/00000000-0000-0000-0000-000000000000/resourcegroups/acscliapi11/providers/Microsoft.ContainerService/managedClusters/cliakstest000001\",\n
        \ \"location\": \"westus2\",\n  \"name\": \"cliakstest000001\",\n  \"type\":
        \"Microsoft.ContainerService/ManagedClusters\",\n  \"properties\": {\n   \"provisioningState\":
        \"Creating\",\n   \"powerState\": {\n    \"code\": \"Running\"\n   },\n   \"kubernetesVersion\":
        \"1.19.11\",\n   \"dnsPrefix\": \"cliakstest-acscliapi11-8a4f68\",\n   \"fqdn\":
        \"cliakstest-acscliapi11-8a4f68-ba86e7da.hcp.westus2.azmk8s.io\",\n   \"agentPoolProfiles\":
        [\n    {\n     \"name\": \"nodepool1\",\n     \"count\": 1,\n     \"vmSize\":
        \"Standard_DS2_v2\",\n     \"osDiskSizeGB\": 128,\n     \"osDiskType\": \"Managed\",\n
        \    \"vnetSubnetID\": \"/subscriptions/00000000-0000-0000-0000-000000000000/resourceGroups/acscliapi11/providers/Microsoft.Network/virtualNetworks/clivnet000002/subnets/clisubnet000003\",\n
        \    \"maxPods\": 110,\n     \"type\": \"VirtualMachineScaleSets\",\n     \"provisioningState\":
        \"Creating\",\n     \"powerState\": {\n      \"code\": \"Running\"\n     },\n
        \    \"orchestratorVersion\": \"1.19.11\",\n     \"enableNodePublicIP\": false,\n
        \    \"nodeLabels\": {},\n     \"mode\": \"System\",\n     \"osType\": \"Linux\",\n
        \    \"nodeImageVersion\": \"AKSUbuntu-1804gen2containerd-2021.05.19\"\n    }\n
        \  ],\n   \"servicePrincipalProfile\": {\n    \"clientId\":\"00000000-0000-0000-0000-000000000001\"\n
        \  },\n   \"nodeResourceGroup\": \"MC_acscliapi11_cliakstest000001_westus2\",\n
        \  \"enableRBAC\": true,\n   \"networkProfile\": {\n    \"networkPlugin\":
        \"kubenet\",\n    \"loadBalancerSku\": \"standard\",\n    \"loadBalancerProfile\":
        {\n     \"managedOutboundIPs\": {\n      \"count\": 1\n     }\n    },\n    \"podCidr\":
        \"10.244.0.0/16\",\n    \"serviceCidr\": \"10.0.0.0/16\",\n    \"dnsServiceIP\":
        \"10.0.0.10\",\n    \"dockerBridgeCidr\": \"172.17.0.1/16\",\n    \"outboundType\":
        \"loadBalancer\"\n   },\n   \"maxAgentPools\": 100\n  },\n  \"identity\":
        {\n   \"type\": \"SystemAssigned\",\n   \"principalId\":\"00000000-0000-0000-0000-000000000001\",\n
        \  \"tenantId\": \"657a2bb7-9a58-4be7-87f3-643bb3b7cbb5\"\n  },\n  \"sku\":
        {\n   \"name\": \"Basic\",\n   \"tier\": \"Free\"\n  }\n }"
    headers:
      azure-asyncoperation:
      - https://management.azure.com/subscriptions/00000000-0000-0000-0000-000000000000/providers/Microsoft.ContainerService/locations/westus2/operations/20fc11d8-10cc-4776-8f27-e6a782e60d96?api-version=2016-03-30
      cache-control:
      - no-cache
      content-length:
      - '2017'
      content-type:
      - application/json
      date:
      - Thu, 10 Jun 2021 09:13:59 GMT
      expires:
      - '-1'
      pragma:
      - no-cache
      server:
      - nginx
      strict-transport-security:
      - max-age=31536000; includeSubDomains
      x-content-type-options:
      - nosniff
      x-ms-ratelimit-remaining-subscription-writes:
      - '1199'
    status:
      code: 201
      message: Created
- request:
    body: null
    headers:
      Accept:
      - application/json
      Accept-Encoding:
      - gzip, deflate
      CommandName:
      - aks create
      Connection:
      - keep-alive
      ParameterSetName:
      - --resource-group --name --location --node-count --vnet-subnet-id --no-ssh-key
        --yes
      User-Agent:
      - python/3.7.4 (Windows-10-10.0.19041-SP0) msrest/0.6.21 msrest_azure/0.6.3
        azure-mgmt-containerservice/11.2.0 Azure-SDK-For-Python AZURECLI/2.23.0
    method: GET
    uri: https://management.azure.com/subscriptions/00000000-0000-0000-0000-000000000000/providers/Microsoft.ContainerService/locations/westus2/operations/20fc11d8-10cc-4776-8f27-e6a782e60d96?api-version=2016-03-30
  response:
    body:
      string: "{\n  \"name\": \"d811fc20-cc10-7647-8f27-e6a782e60d96\",\n  \"status\":
        \"InProgress\",\n  \"startTime\": \"2021-06-10T09:14:00.15Z\"\n }"
    headers:
      cache-control:
      - no-cache
      content-length:
      - '121'
      content-type:
      - application/json
      date:
      - Thu, 10 Jun 2021 09:14:30 GMT
      expires:
      - '-1'
      pragma:
      - no-cache
      server:
      - nginx
      strict-transport-security:
      - max-age=31536000; includeSubDomains
      transfer-encoding:
      - chunked
      vary:
      - Accept-Encoding
      x-content-type-options:
      - nosniff
    status:
      code: 200
      message: OK
- request:
    body: null
    headers:
      Accept:
      - application/json
      Accept-Encoding:
      - gzip, deflate
      CommandName:
      - aks create
      Connection:
      - keep-alive
      ParameterSetName:
      - --resource-group --name --location --node-count --vnet-subnet-id --no-ssh-key
        --yes
      User-Agent:
      - python/3.7.4 (Windows-10-10.0.19041-SP0) msrest/0.6.21 msrest_azure/0.6.3
        azure-mgmt-containerservice/11.2.0 Azure-SDK-For-Python AZURECLI/2.23.0
    method: GET
    uri: https://management.azure.com/subscriptions/00000000-0000-0000-0000-000000000000/providers/Microsoft.ContainerService/locations/westus2/operations/20fc11d8-10cc-4776-8f27-e6a782e60d96?api-version=2016-03-30
  response:
    body:
      string: "{\n  \"name\": \"d811fc20-cc10-7647-8f27-e6a782e60d96\",\n  \"status\":
        \"InProgress\",\n  \"startTime\": \"2021-06-10T09:14:00.15Z\"\n }"
    headers:
      cache-control:
      - no-cache
      content-length:
      - '121'
      content-type:
      - application/json
      date:
      - Thu, 10 Jun 2021 09:14:59 GMT
      expires:
      - '-1'
      pragma:
      - no-cache
      server:
      - nginx
      strict-transport-security:
      - max-age=31536000; includeSubDomains
      transfer-encoding:
      - chunked
      vary:
      - Accept-Encoding
      x-content-type-options:
      - nosniff
    status:
      code: 200
      message: OK
- request:
    body: null
    headers:
      Accept:
      - application/json
      Accept-Encoding:
      - gzip, deflate
      CommandName:
      - aks create
      Connection:
      - keep-alive
      ParameterSetName:
      - --resource-group --name --location --node-count --vnet-subnet-id --no-ssh-key
        --yes
      User-Agent:
      - python/3.7.4 (Windows-10-10.0.19041-SP0) msrest/0.6.21 msrest_azure/0.6.3
        azure-mgmt-containerservice/11.2.0 Azure-SDK-For-Python AZURECLI/2.23.0
    method: GET
    uri: https://management.azure.com/subscriptions/00000000-0000-0000-0000-000000000000/providers/Microsoft.ContainerService/locations/westus2/operations/20fc11d8-10cc-4776-8f27-e6a782e60d96?api-version=2016-03-30
  response:
    body:
      string: "{\n  \"name\": \"d811fc20-cc10-7647-8f27-e6a782e60d96\",\n  \"status\":
        \"InProgress\",\n  \"startTime\": \"2021-06-10T09:14:00.15Z\"\n }"
    headers:
      cache-control:
      - no-cache
      content-length:
      - '121'
      content-type:
      - application/json
      date:
      - Thu, 10 Jun 2021 09:15:30 GMT
      expires:
      - '-1'
      pragma:
      - no-cache
      server:
      - nginx
      strict-transport-security:
      - max-age=31536000; includeSubDomains
      transfer-encoding:
      - chunked
      vary:
      - Accept-Encoding
      x-content-type-options:
      - nosniff
    status:
      code: 200
      message: OK
- request:
    body: null
    headers:
      Accept:
      - application/json
      Accept-Encoding:
      - gzip, deflate
      CommandName:
      - aks create
      Connection:
      - keep-alive
      ParameterSetName:
      - --resource-group --name --location --node-count --vnet-subnet-id --no-ssh-key
        --yes
      User-Agent:
      - python/3.7.4 (Windows-10-10.0.19041-SP0) msrest/0.6.21 msrest_azure/0.6.3
        azure-mgmt-containerservice/11.2.0 Azure-SDK-For-Python AZURECLI/2.23.0
    method: GET
    uri: https://management.azure.com/subscriptions/00000000-0000-0000-0000-000000000000/providers/Microsoft.ContainerService/locations/westus2/operations/20fc11d8-10cc-4776-8f27-e6a782e60d96?api-version=2016-03-30
  response:
    body:
      string: "{\n  \"name\": \"d811fc20-cc10-7647-8f27-e6a782e60d96\",\n  \"status\":
        \"InProgress\",\n  \"startTime\": \"2021-06-10T09:14:00.15Z\"\n }"
    headers:
      cache-control:
      - no-cache
      content-length:
      - '121'
      content-type:
      - application/json
      date:
      - Thu, 10 Jun 2021 09:16:00 GMT
      expires:
      - '-1'
      pragma:
      - no-cache
      server:
      - nginx
      strict-transport-security:
      - max-age=31536000; includeSubDomains
      transfer-encoding:
      - chunked
      vary:
      - Accept-Encoding
      x-content-type-options:
      - nosniff
    status:
      code: 200
      message: OK
- request:
    body: null
    headers:
      Accept:
      - application/json
      Accept-Encoding:
      - gzip, deflate
      CommandName:
      - aks create
      Connection:
      - keep-alive
      ParameterSetName:
      - --resource-group --name --location --node-count --vnet-subnet-id --no-ssh-key
        --yes
      User-Agent:
      - python/3.7.4 (Windows-10-10.0.19041-SP0) msrest/0.6.21 msrest_azure/0.6.3
        azure-mgmt-containerservice/11.2.0 Azure-SDK-For-Python AZURECLI/2.23.0
    method: GET
    uri: https://management.azure.com/subscriptions/00000000-0000-0000-0000-000000000000/providers/Microsoft.ContainerService/locations/westus2/operations/20fc11d8-10cc-4776-8f27-e6a782e60d96?api-version=2016-03-30
  response:
    body:
      string: "{\n  \"name\": \"d811fc20-cc10-7647-8f27-e6a782e60d96\",\n  \"status\":
        \"InProgress\",\n  \"startTime\": \"2021-06-10T09:14:00.15Z\"\n }"
    headers:
      cache-control:
      - no-cache
      content-length:
      - '121'
      content-type:
      - application/json
      date:
      - Thu, 10 Jun 2021 09:16:30 GMT
      expires:
      - '-1'
      pragma:
      - no-cache
      server:
      - nginx
      strict-transport-security:
      - max-age=31536000; includeSubDomains
      transfer-encoding:
      - chunked
      vary:
      - Accept-Encoding
      x-content-type-options:
      - nosniff
    status:
      code: 200
      message: OK
- request:
    body: null
    headers:
      Accept:
      - application/json
      Accept-Encoding:
      - gzip, deflate
      CommandName:
      - aks create
      Connection:
      - keep-alive
      ParameterSetName:
      - --resource-group --name --location --node-count --vnet-subnet-id --no-ssh-key
        --yes
      User-Agent:
      - python/3.7.4 (Windows-10-10.0.19041-SP0) msrest/0.6.21 msrest_azure/0.6.3
        azure-mgmt-containerservice/11.2.0 Azure-SDK-For-Python AZURECLI/2.23.0
    method: GET
    uri: https://management.azure.com/subscriptions/00000000-0000-0000-0000-000000000000/providers/Microsoft.ContainerService/locations/westus2/operations/20fc11d8-10cc-4776-8f27-e6a782e60d96?api-version=2016-03-30
  response:
    body:
      string: "{\n  \"name\": \"d811fc20-cc10-7647-8f27-e6a782e60d96\",\n  \"status\":
        \"InProgress\",\n  \"startTime\": \"2021-06-10T09:14:00.15Z\"\n }"
    headers:
      cache-control:
      - no-cache
      content-length:
      - '121'
      content-type:
      - application/json
      date:
      - Thu, 10 Jun 2021 09:17:00 GMT
      expires:
      - '-1'
      pragma:
      - no-cache
      server:
      - nginx
      strict-transport-security:
      - max-age=31536000; includeSubDomains
      transfer-encoding:
      - chunked
      vary:
      - Accept-Encoding
      x-content-type-options:
      - nosniff
    status:
      code: 200
      message: OK
- request:
    body: null
    headers:
      Accept:
      - application/json
      Accept-Encoding:
      - gzip, deflate
      CommandName:
      - aks create
      Connection:
      - keep-alive
      ParameterSetName:
      - --resource-group --name --location --node-count --vnet-subnet-id --no-ssh-key
        --yes
      User-Agent:
      - python/3.7.4 (Windows-10-10.0.19041-SP0) msrest/0.6.21 msrest_azure/0.6.3
        azure-mgmt-containerservice/11.2.0 Azure-SDK-For-Python AZURECLI/2.23.0
    method: GET
    uri: https://management.azure.com/subscriptions/00000000-0000-0000-0000-000000000000/providers/Microsoft.ContainerService/locations/westus2/operations/20fc11d8-10cc-4776-8f27-e6a782e60d96?api-version=2016-03-30
  response:
    body:
      string: "{\n  \"name\": \"d811fc20-cc10-7647-8f27-e6a782e60d96\",\n  \"status\":
        \"Succeeded\",\n  \"startTime\": \"2021-06-10T09:14:00.15Z\",\n  \"endTime\":
        \"2021-06-10T09:17:06.8595333Z\"\n }"
    headers:
      cache-control:
      - no-cache
      content-length:
      - '165'
      content-type:
      - application/json
      date:
      - Thu, 10 Jun 2021 09:17:31 GMT
      expires:
      - '-1'
      pragma:
      - no-cache
      server:
      - nginx
      strict-transport-security:
      - max-age=31536000; includeSubDomains
      transfer-encoding:
      - chunked
      vary:
      - Accept-Encoding
      x-content-type-options:
      - nosniff
    status:
      code: 200
      message: OK
- request:
    body: null
    headers:
      Accept:
      - application/json
      Accept-Encoding:
      - gzip, deflate
      CommandName:
      - aks create
      Connection:
      - keep-alive
      ParameterSetName:
      - --resource-group --name --location --node-count --vnet-subnet-id --no-ssh-key
        --yes
      User-Agent:
      - python/3.7.4 (Windows-10-10.0.19041-SP0) msrest/0.6.21 msrest_azure/0.6.3
        azure-mgmt-containerservice/11.2.0 Azure-SDK-For-Python AZURECLI/2.23.0
    method: GET
    uri: https://management.azure.com/subscriptions/00000000-0000-0000-0000-000000000000/resourceGroups/acscliapi11/providers/Microsoft.ContainerService/managedClusters/cliakstest000001?api-version=2020-11-01
  response:
    body:
      string: "{\n  \"id\": \"/subscriptions/00000000-0000-0000-0000-000000000000/resourcegroups/acscliapi11/providers/Microsoft.ContainerService/managedClusters/cliakstest000001\",\n
        \ \"location\": \"westus2\",\n  \"name\": \"cliakstest000001\",\n  \"type\":
        \"Microsoft.ContainerService/ManagedClusters\",\n  \"properties\": {\n   \"provisioningState\":
        \"Succeeded\",\n   \"powerState\": {\n    \"code\": \"Running\"\n   },\n   \"kubernetesVersion\":
        \"1.19.11\",\n   \"dnsPrefix\": \"cliakstest-acscliapi11-8a4f68\",\n   \"fqdn\":
        \"cliakstest-acscliapi11-8a4f68-ba86e7da.hcp.westus2.azmk8s.io\",\n   \"agentPoolProfiles\":
        [\n    {\n     \"name\": \"nodepool1\",\n     \"count\": 1,\n     \"vmSize\":
        \"Standard_DS2_v2\",\n     \"osDiskSizeGB\": 128,\n     \"osDiskType\": \"Managed\",\n
        \    \"vnetSubnetID\": \"/subscriptions/00000000-0000-0000-0000-000000000000/resourceGroups/acscliapi11/providers/Microsoft.Network/virtualNetworks/clivnet000002/subnets/clisubnet000003\",\n
        \    \"maxPods\": 110,\n     \"type\": \"VirtualMachineScaleSets\",\n     \"provisioningState\":
        \"Succeeded\",\n     \"powerState\": {\n      \"code\": \"Running\"\n     },\n
        \    \"orchestratorVersion\": \"1.19.11\",\n     \"enableNodePublicIP\": false,\n
        \    \"nodeLabels\": {},\n     \"mode\": \"System\",\n     \"osType\": \"Linux\",\n
        \    \"nodeImageVersion\": \"AKSUbuntu-1804gen2containerd-2021.05.19\"\n    }\n
        \  ],\n   \"servicePrincipalProfile\": {\n    \"clientId\":\"00000000-0000-0000-0000-000000000001\"\n
        \  },\n   \"nodeResourceGroup\": \"MC_acscliapi11_cliakstest000001_westus2\",\n
        \  \"enableRBAC\": true,\n   \"networkProfile\": {\n    \"networkPlugin\":
        \"kubenet\",\n    \"loadBalancerSku\": \"Standard\",\n    \"loadBalancerProfile\":
        {\n     \"managedOutboundIPs\": {\n      \"count\": 1\n     },\n     \"effectiveOutboundIPs\":
        [\n      {\n       \"id\": \"/subscriptions/00000000-0000-0000-0000-000000000000/resourceGroups/MC_acscliapi11_cliakstest000001_westus2/providers/Microsoft.Network/publicIPAddresses/0a8b71e3-6351-4655-a18d-5107cd9b75f2\"\n
        \     }\n     ]\n    },\n    \"podCidr\": \"10.244.0.0/16\",\n    \"serviceCidr\":
        \"10.0.0.0/16\",\n    \"dnsServiceIP\": \"10.0.0.10\",\n    \"dockerBridgeCidr\":
        \"172.17.0.1/16\",\n    \"outboundType\": \"loadBalancer\"\n   },\n   \"maxAgentPools\":
        100,\n   \"identityProfile\": {\n    \"kubeletidentity\": {\n     \"resourceId\":
        \"/subscriptions/00000000-0000-0000-0000-000000000000/resourcegroups/MC_acscliapi11_cliakstest000001_westus2/providers/Microsoft.ManagedIdentity/userAssignedIdentities/cliakstest000001-agentpool\",\n
        \    \"clientId\":\"00000000-0000-0000-0000-000000000001\",\n     \"objectId\":\"00000000-0000-0000-0000-000000000001\"\n
        \   }\n   }\n  },\n  \"identity\": {\n   \"type\": \"SystemAssigned\",\n   \"principalId\":\"00000000-0000-0000-0000-000000000001\",\n
        \  \"tenantId\": \"657a2bb7-9a58-4be7-87f3-643bb3b7cbb5\"\n  },\n  \"sku\":
        {\n   \"name\": \"Basic\",\n   \"tier\": \"Free\"\n  }\n }"
    headers:
      cache-control:
      - no-cache
      content-length:
      - '2668'
      content-type:
      - application/json
      date:
      - Thu, 10 Jun 2021 09:17:31 GMT
      expires:
      - '-1'
      pragma:
      - no-cache
      server:
      - nginx
      strict-transport-security:
      - max-age=31536000; includeSubDomains
      transfer-encoding:
      - chunked
      vary:
      - Accept-Encoding
      x-content-type-options:
      - nosniff
    status:
      code: 200
      message: OK
- request:
    body: null
    headers:
      Accept:
      - application/json
      Accept-Encoding:
      - gzip, deflate
      CommandName:
      - aks create
      Connection:
      - keep-alive
      ParameterSetName:
      - --resource-group --name --location --node-count --vnet-subnet-id --no-ssh-key
        --yes
      User-Agent:
      - python/3.7.4 (Windows-10-10.0.19041-SP0) msrest/0.6.21 msrest_azure/0.6.3
        azure-mgmt-authorization/0.61.0 Azure-SDK-For-Python AZURECLI/2.23.0
      accept-language:
      - en-US
    method: GET
    uri: https://management.azure.com/subscriptions/00000000-0000-0000-0000-000000000000/resourceGroups/acscliapi11/providers/Microsoft.Network/virtualNetworks/clivnet000002/subnets/clisubnet000003/providers/Microsoft.Authorization/roleDefinitions?$filter=roleName%20eq%20%27Network%20Contributor%27&api-version=2015-07-01
  response:
    body:
      string: '{"value":[{"properties":{"roleName":"Network Contributor","type":"BuiltInRole","description":"Lets
        you manage networks, but not access to them.","assignableScopes":["/"],"permissions":[{"actions":["Microsoft.Authorization/*/read","Microsoft.Insights/alertRules/*","Microsoft.Network/*","Microsoft.ResourceHealth/availabilityStatuses/read","Microsoft.Resources/deployments/*","Microsoft.Resources/subscriptions/resourceGroups/read","Microsoft.Support/*"],"notActions":[]}],"createdOn":"2015-06-02T00:18:27.3542698Z","updatedOn":"2016-05-31T23:14:00.3326359Z","createdBy":null,"updatedBy":null},"id":"/subscriptions/00000000-0000-0000-0000-000000000000/providers/Microsoft.Authorization/roleDefinitions/4d97b98b-1d4f-4787-a291-c67834d212e7","type":"Microsoft.Authorization/roleDefinitions","name":"4d97b98b-1d4f-4787-a291-c67834d212e7"}]}'
    headers:
      cache-control:
      - no-cache
      content-length:
      - '836'
      content-type:
      - application/json; charset=utf-8
      date:
      - Thu, 10 Jun 2021 09:17:31 GMT
      expires:
      - '-1'
      pragma:
      - no-cache
      set-cookie:
      - x-ms-gateway-slice=Production; path=/; secure; samesite=none; httponly
      strict-transport-security:
      - max-age=31536000; includeSubDomains
      transfer-encoding:
      - chunked
      vary:
      - Accept-Encoding
      x-content-type-options:
      - nosniff
    status:
      code: 200
      message: OK
- request:
    body: '{"properties": {"roleDefinitionId": "/subscriptions/00000000-0000-0000-0000-000000000000/providers/Microsoft.Authorization/roleDefinitions/4d97b98b-1d4f-4787-a291-c67834d212e7",
      "principalId":"00000000-0000-0000-0000-000000000001"}}'
    headers:
      Accept:
      - application/json
      Accept-Encoding:
      - gzip, deflate
      CommandName:
      - aks create
      Connection:
      - keep-alive
      Content-Length:
      - '233'
      Content-Type:
      - application/json; charset=utf-8
      Cookie:
      - x-ms-gateway-slice=Production
      ParameterSetName:
      - --resource-group --name --location --node-count --vnet-subnet-id --no-ssh-key
        --yes
      User-Agent:
      - python/3.7.4 (Windows-10-10.0.19041-SP0) msrest/0.6.21 msrest_azure/0.6.3
        azure-mgmt-authorization/0.61.0 Azure-SDK-For-Python AZURECLI/2.23.0
      accept-language:
      - en-US
    method: PUT
    uri: https://management.azure.com/subscriptions/00000000-0000-0000-0000-000000000000/resourceGroups/acscliapi11/providers/Microsoft.Network/virtualNetworks/clivnet000002/subnets/clisubnet000003/providers/Microsoft.Authorization/roleAssignments/0c854b36-6fd5-43d3-8b34-2860d27ce2b9?api-version=2015-07-01
  response:
    body:
      string: '{"properties":{"roleDefinitionId":"/subscriptions/00000000-0000-0000-0000-000000000000/providers/Microsoft.Authorization/roleDefinitions/4d97b98b-1d4f-4787-a291-c67834d212e7","principalId":"00000000-0000-0000-0000-000000000001","scope":"/subscriptions/00000000-0000-0000-0000-000000000000/resourceGroups/acscliapi11/providers/Microsoft.Network/virtualNetworks/clivnet000002/subnets/clisubnet000003","createdOn":"2021-06-10T09:17:32.3473279Z","updatedOn":"2021-06-10T09:17:32.8073257Z","createdBy":null,"updatedBy":"a83f01a1-34f4-43fc-a943-6984c2bd80ca"},"id":"/subscriptions/00000000-0000-0000-0000-000000000000/resourceGroups/acscliapi11/providers/Microsoft.Network/virtualNetworks/clivnet000002/subnets/clisubnet000003/providers/Microsoft.Authorization/roleAssignments/0c854b36-6fd5-43d3-8b34-2860d27ce2b9","type":"Microsoft.Authorization/roleAssignments","name":"0c854b36-6fd5-43d3-8b34-2860d27ce2b9"}'
    headers:
      cache-control:
      - no-cache
      content-length:
      - '912'
      content-type:
      - application/json; charset=utf-8
      date:
      - Thu, 10 Jun 2021 09:17:33 GMT
      expires:
      - '-1'
      pragma:
      - no-cache
      set-cookie:
      - x-ms-gateway-slice=Production; path=/; secure; samesite=none; httponly
      strict-transport-security:
      - max-age=31536000; includeSubDomains
      x-content-type-options:
      - nosniff
      x-ms-ratelimit-remaining-subscription-writes:
      - '1199'
    status:
      code: 201
      message: Created
- request:
    body: null
    headers:
      Accept:
      - application/json
      Accept-Encoding:
      - gzip, deflate
      CommandName:
      - role assignment list
      Connection:
      - keep-alive
      ParameterSetName:
      - --scope
      User-Agent:
      - python/3.7.4 (Windows-10-10.0.19041-SP0) msrest/0.6.21 msrest_azure/0.6.3
        azure-mgmt-authorization/0.61.0 Azure-SDK-For-Python AZURECLI/2.23.0
      accept-language:
      - en-US
    method: GET
    uri: https://management.azure.com/subscriptions/00000000-0000-0000-0000-000000000000/resourceGroups/acscliapi11/providers/Microsoft.Network/virtualNetworks/clivnet000002/subnets/clisubnet000003/providers/Microsoft.Authorization/roleAssignments?$filter=atScope%28%29&api-version=2015-07-01
  response:
    body:
      string: '{"value":[{"properties":{"roleDefinitionId":"/subscriptions/00000000-0000-0000-0000-000000000000/providers/Microsoft.Authorization/roleDefinitions/8e3af657-a8ff-443c-a75c-2fe8c4bcb635","principalId":"00000000-0000-0000-0000-000000000001","scope":"/subscriptions/00000000-0000-0000-0000-000000000000","createdOn":"2019-07-30T22:45:24.4855474Z","updatedOn":"2019-07-30T22:45:24.4855474Z","createdBy":"a83f01a1-34f4-43fc-a943-6984c2bd80ca","updatedBy":"a83f01a1-34f4-43fc-a943-6984c2bd80ca"},"id":"/subscriptions/00000000-0000-0000-0000-000000000000/providers/Microsoft.Authorization/roleAssignments/35a9d31f-01c6-4f75-92a1-0e689e999345","type":"Microsoft.Authorization/roleAssignments","name":"35a9d31f-01c6-4f75-92a1-0e689e999345"},{"properties":{"roleDefinitionId":"/subscriptions/00000000-0000-0000-0000-000000000000/providers/Microsoft.Authorization/roleDefinitions/b24988ac-6180-42a0-ab88-20f7382dd24c","principalId":"00000000-0000-0000-0000-000000000001","scope":"/subscriptions/00000000-0000-0000-0000-000000000000","createdOn":"2018-10-11T20:36:34.7771596Z","updatedOn":"2018-10-11T20:36:34.7771596Z","createdBy":"a83f01a1-34f4-43fc-a943-6984c2bd80ca","updatedBy":"a83f01a1-34f4-43fc-a943-6984c2bd80ca"},"id":"/subscriptions/00000000-0000-0000-0000-000000000000/providers/Microsoft.Authorization/roleAssignments/ed8ad5ef-4a15-4f33-9d43-ab6fbeca3cc9","type":"Microsoft.Authorization/roleAssignments","name":"ed8ad5ef-4a15-4f33-9d43-ab6fbeca3cc9"}]}'
    headers:
      cache-control:
      - no-cache
      content-length:
      - '1453'
      content-type:
      - application/json; charset=utf-8
      date:
      - Thu, 10 Jun 2021 09:17:34 GMT
      expires:
      - '-1'
      pragma:
      - no-cache
      set-cookie:
      - x-ms-gateway-slice=Production; path=/; secure; samesite=none; httponly
      strict-transport-security:
      - max-age=31536000; includeSubDomains
      transfer-encoding:
      - chunked
      vary:
      - Accept-Encoding
      x-content-type-options:
      - nosniff
    status:
      code: 200
      message: OK
version: 1
