interactions:
- request:
    body: '{"location": "westus", "tags": {"product": "azurecli", "cause": "automation",
      "date": "2018-12-11T21:33:18Z"}}'
    headers:
      Accept: [application/json]
      Accept-Encoding: ['gzip, deflate']
      CommandName: [group create]
      Connection: [keep-alive]
      Content-Length: ['110']
      Content-Type: [application/json; charset=utf-8]
      ParameterSetName: [--location --name --tag]
      User-Agent: [python/3.6.4 (Windows-10-10.0.17763-SP0) msrest/0.6.2 msrest_azure/0.4.34
          resourcemanagementclient/2.0.0 Azure-SDK-For-Python AZURECLI/2.0.52]
      accept-language: [en-US]
    method: PUT
    uri: https://management.azure.com/subscriptions/00000000-0000-0000-0000-000000000000/resourcegroups/clitest.rg000001?api-version=2018-05-01
  response:
    body: {string: '{"id":"/subscriptions/00000000-0000-0000-0000-000000000000/resourceGroups/clitest.rg000001","name":"clitest.rg000001","location":"westus","tags":{"product":"azurecli","cause":"automation","date":"2018-12-11T21:33:18Z"},"properties":{"provisioningState":"Succeeded"}}'}
    headers:
      cache-control: [no-cache]
      content-length: ['384']
      content-type: [application/json; charset=utf-8]
      date: ['Tue, 11 Dec 2018 21:33:19 GMT']
      expires: ['-1']
      pragma: [no-cache]
      strict-transport-security: [max-age=31536000; includeSubDomains]
      x-content-type-options: [nosniff]
      x-ms-ratelimit-remaining-subscription-writes: ['1199']
    status: {code: 201, message: Created}
- request:
    body: '{"location": "westus"}'
    headers:
      Accept: [application/json]
      Accept-Encoding: ['gzip, deflate']
      CommandName: [group create]
      Connection: [keep-alive]
      Content-Length: ['22']
      Content-Type: [application/json; charset=utf-8]
      ParameterSetName: [-n -l]
      User-Agent: [python/3.6.4 (Windows-10-10.0.17763-SP0) msrest/0.6.2 msrest_azure/0.4.34
          resourcemanagementclient/2.0.0 Azure-SDK-For-Python AZURECLI/2.0.52]
      accept-language: [en-US]
    method: PUT
    uri: https://management.azure.com/subscriptions/00000000-0000-0000-0000-000000000000/resourcegroups/resourcegroupsamesub?api-version=2018-05-01
  response:
    body: {string: '{"id":"/subscriptions/00000000-0000-0000-0000-000000000000/resourceGroups/resourcegroupsamesub","name":"resourcegroupsamesub","location":"westus","properties":{"provisioningState":"Succeeded"}}'}
    headers:
      cache-control: [no-cache]
      content-length: ['193']
      content-type: [application/json; charset=utf-8]
      date: ['Tue, 11 Dec 2018 21:33:21 GMT']
      expires: ['-1']
      pragma: [no-cache]
      strict-transport-security: [max-age=31536000; includeSubDomains]
      x-content-type-options: [nosniff]
      x-ms-ratelimit-remaining-subscription-writes: ['1198']
    status: {code: 201, message: Created}
- request:
    body: '{"location": "westus", "sku": {"name": "Standard"}, "properties": {"adminUserEnabled":
      false}}'
    headers:
      Accept: [application/json]
      Accept-Encoding: ['gzip, deflate']
      CommandName: [acr create]
      Connection: [keep-alive]
      Content-Length: ['94']
      Content-Type: [application/json; charset=utf-8]
      ParameterSetName: [-n -g -l --sku]
      User-Agent: [python/3.6.4 (Windows-10-10.0.17763-SP0) msrest/0.6.2 msrest_azure/0.4.34
          containerregistrymanagementclient/2.4.0 Azure-SDK-For-Python AZURECLI/2.0.52]
      accept-language: [en-US]
    method: PUT
    uri: https://management.azure.com/subscriptions/00000000-0000-0000-0000-000000000000/resourceGroups/resourcegroupsamesub/providers/Microsoft.ContainerRegistry/registries/sourceregistrysamesub000002?api-version=2017-10-01
  response:
    body: {string: '{"sku":{"name":"Standard","tier":"Standard"},"type":"Microsoft.ContainerRegistry/registries","id":"/subscriptions/00000000-0000-0000-0000-000000000000/resourceGroups/resourcegroupsamesub/providers/Microsoft.ContainerRegistry/registries/sourceregistrysamesub000002","name":"sourceregistrysamesub000002","location":"westus","tags":{},"properties":{"loginServer":"sourceregistrysamesub000002.azurecr.io","creationDate":"2018-12-11T21:33:22.547772Z","provisioningState":"Succeeded","adminUserEnabled":false,"firewallRulesEnabled":false,"firewallRules":[]}}'}
    headers:
      cache-control: [no-cache]
      content-length: ['591']
      content-type: [application/json; charset=utf-8]
      date: ['Tue, 11 Dec 2018 21:33:24 GMT']
      expires: ['-1']
      pragma: [no-cache]
      server: [Microsoft-HTTPAPI/2.0]
      strict-transport-security: [max-age=31536000; includeSubDomains]
      transfer-encoding: [chunked]
      vary: [Accept-Encoding]
      x-content-type-options: [nosniff]
      x-ms-ratelimit-remaining-subscription-writes: ['1199']
    status: {code: 200, message: OK}
- request:
    body: null
    headers:
      Accept: [application/json]
      Accept-Encoding: ['gzip, deflate']
      CommandName: [acr import]
      Connection: [keep-alive]
      Content-Type: [application/json; charset=utf-8]
      ParameterSetName: [-n -r --source]
      User-Agent: [python/3.6.4 (Windows-10-10.0.17763-SP0) msrest/0.6.2 msrest_azure/0.4.34
          resourcemanagementclient/2.0.0 Azure-SDK-For-Python AZURECLI/2.0.52]
      accept-language: [en-US]
    method: GET
    uri: https://management.azure.com/subscriptions/00000000-0000-0000-0000-000000000000/resources?$filter=resourceType%20eq%20%27Microsoft.ContainerRegistry%2Fregistries%27&api-version=2018-05-01
  response:
    body: {string: '{"value":[{"id":"/subscriptions/00000000-0000-0000-0000-000000000000/resourceGroups/Natalie/providers/Microsoft.ContainerRegistry/registries/natalie","name":"natalie","type":"Microsoft.ContainerRegistry/registries","sku":{"name":"Premium","tier":"Premium"},"location":"westus","tags":{}},{"id":"/subscriptions/00000000-0000-0000-0000-000000000000/resourceGroups/natalie/providers/Microsoft.ContainerRegistry/registries/natalieClassicRegistry","name":"natalieClassicRegistry","type":"Microsoft.ContainerRegistry/registries","sku":{"name":"Classic","tier":"Classic"},"location":"westus","tags":{}},{"id":"/subscriptions/00000000-0000-0000-0000-000000000000/resourceGroups/resourcegroupsamesub/providers/Microsoft.ContainerRegistry/registries/sourceregistrysamesub000002","name":"sourceregistrysamesub000002","type":"Microsoft.ContainerRegistry/registries","sku":{"name":"Standard","tier":"Standard"},"location":"westus","tags":{}}]}'}
    headers:
      cache-control: [no-cache]
      content-length: ['956']
      content-type: [application/json; charset=utf-8]
      date: ['Tue, 11 Dec 2018 21:33:24 GMT']
      expires: ['-1']
      pragma: [no-cache]
      strict-transport-security: [max-age=31536000; includeSubDomains]
      vary: [Accept-Encoding]
      x-content-type-options: [nosniff]
    status: {code: 200, message: OK}
- request:
    body: null
    headers:
      Accept: [application/json]
      Accept-Encoding: ['gzip, deflate']
      CommandName: [acr import]
      Connection: [keep-alive]
      ParameterSetName: [-n -r --source]
      User-Agent: [python/3.6.4 (Windows-10-10.0.17763-SP0) msrest/0.6.2 msrest_azure/0.4.34
          containerregistrymanagementclient/2.4.0 Azure-SDK-For-Python AZURECLI/2.0.52]
      accept-language: [en-US]
    method: GET
    uri: https://management.azure.com/subscriptions/00000000-0000-0000-0000-000000000000/resourceGroups/resourcegroupsamesub/providers/Microsoft.ContainerRegistry/registries/sourceregistrysamesub000002?api-version=2017-10-01
  response:
    body: {string: '{"sku":{"name":"Standard","tier":"Standard"},"type":"Microsoft.ContainerRegistry/registries","id":"/subscriptions/00000000-0000-0000-0000-000000000000/resourceGroups/resourcegroupsamesub/providers/Microsoft.ContainerRegistry/registries/sourceregistrysamesub000002","name":"sourceregistrysamesub000002","location":"westus","tags":{},"properties":{"loginServer":"sourceregistrysamesub000002.azurecr.io","creationDate":"2018-12-11T21:33:22.547772Z","provisioningState":"Succeeded","adminUserEnabled":false,"firewallRulesEnabled":false,"firewallRules":[]}}'}
    headers:
      cache-control: [no-cache]
      content-length: ['591']
      content-type: [application/json; charset=utf-8]
      date: ['Tue, 11 Dec 2018 21:33:24 GMT']
      expires: ['-1']
      pragma: [no-cache]
      server: [Microsoft-HTTPAPI/2.0]
      strict-transport-security: [max-age=31536000; includeSubDomains]
      transfer-encoding: [chunked]
      vary: [Accept-Encoding]
      x-content-type-options: [nosniff]
    status: {code: 200, message: OK}
- request:
    body: '{"source": {"resourceId": "/subscriptions/00000000-0000-0000-0000-000000000000/resourcegroups/resourcegroupdiffsub/providers/Microsoft.ContainerRegistry/registries/sourceregistrydiffsub",
      "sourceImage": "microsoft:azure-cli"}, "targetTags": ["microsoft:azure-cli"],
      "mode": "NoForce"}'
    headers:
      Accept: [application/json]
      Accept-Encoding: ['gzip, deflate']
      CommandName: [acr import]
      Connection: [keep-alive]
      Content-Length: ['284']
      Content-Type: [application/json; charset=utf-8]
      ParameterSetName: [-n -r --source]
      User-Agent: [python/3.6.4 (Windows-10-10.0.17763-SP0) msrest/0.6.2 msrest_azure/0.4.34
          containerregistrymanagementclient/2.4.0 Azure-SDK-For-Python AZURECLI/2.0.52]
      accept-language: [en-US]
    method: POST
    uri: https://management.azure.com/subscriptions/00000000-0000-0000-0000-000000000000/resourceGroups/resourcegroupsamesub/providers/Microsoft.ContainerRegistry/registries/sourceregistrysamesub000002/importImage?api-version=2017-10-01
  response:
    body: {string: 'null'}
    headers:
      cache-control: [no-cache]
      content-length: ['4']
      content-type: [application/json; charset=utf-8]
      date: ['Tue, 11 Dec 2018 21:33:25 GMT']
      expires: ['-1']
      location: ['https://management.azure.com/subscriptions/00000000-0000-0000-0000-000000000000/providers/Microsoft.ContainerRegistry/locations/WESTUS/operationResults/registries-63ba0d7e-fd8c-11e8-b9e9-3c52826df3b6?api-version=2017-10-01']
      pragma: [no-cache]
      server: [Microsoft-HTTPAPI/2.0]
      strict-transport-security: [max-age=31536000; includeSubDomains]
      x-content-type-options: [nosniff]
      x-ms-ratelimit-remaining-subscription-writes: ['1198']
    status: {code: 202, message: Accepted}
- request:
    body: null
    headers:
      Accept: [application/json]
      Accept-Encoding: ['gzip, deflate']
      CommandName: [acr import]
      Connection: [keep-alive]
      ParameterSetName: [-n -r --source]
      User-Agent: [python/3.6.4 (Windows-10-10.0.17763-SP0) msrest/0.6.2 msrest_azure/0.4.34
          containerregistrymanagementclient/2.4.0 Azure-SDK-For-Python AZURECLI/2.0.52]
    method: GET
    uri: https://management.azure.com/subscriptions/00000000-0000-0000-0000-000000000000/providers/Microsoft.ContainerRegistry/locations/WESTUS/operationResults/registries-63ba0d7e-fd8c-11e8-b9e9-3c52826df3b6?api-version=2017-10-01
  response:
    body: {string: '{"status":"Succeeded"}'}
    headers:
      cache-control: [no-cache]
      content-length: ['22']
      content-type: [application/json; charset=utf-8]
      date: ['Tue, 11 Dec 2018 21:33:35 GMT']
      expires: ['-1']
      pragma: [no-cache]
      server: [Microsoft-HTTPAPI/2.0]
      strict-transport-security: [max-age=31536000; includeSubDomains]
      transfer-encoding: [chunked]
      vary: [Accept-Encoding]
      x-content-type-options: [nosniff]
    status: {code: 200, message: OK}
- request:
    body: '{"location": "eastus", "sku": {"name": "Standard"}, "properties": {"adminUserEnabled":
      false}}'
    headers:
      Accept: [application/json]
      Accept-Encoding: ['gzip, deflate']
      CommandName: [acr create]
      Connection: [keep-alive]
      Content-Length: ['94']
      Content-Type: [application/json; charset=utf-8]
      ParameterSetName: [-n -g -l --sku]
      User-Agent: [python/3.6.4 (Windows-10-10.0.17763-SP0) msrest/0.6.2 msrest_azure/0.4.34
          containerregistrymanagementclient/2.4.0 Azure-SDK-For-Python AZURECLI/2.0.52]
      accept-language: [en-US]
    method: PUT
    uri: https://management.azure.com/subscriptions/00000000-0000-0000-0000-000000000000/resourceGroups/clitest.rg000001/providers/Microsoft.ContainerRegistry/registries/targetregistry000003?api-version=2017-10-01
  response:
    body: {string: '{"sku":{"name":"Standard","tier":"Standard"},"type":"Microsoft.ContainerRegistry/registries","id":"/subscriptions/00000000-0000-0000-0000-000000000000/resourceGroups/clitest.rg000001/providers/Microsoft.ContainerRegistry/registries/targetregistry000003","name":"targetregistry000003","location":"eastus","tags":{},"properties":{"loginServer":"targetregistry000003.azurecr.io","creationDate":"2018-12-11T21:33:37.8788083Z","provisioningState":"Succeeded","adminUserEnabled":false,"firewallRulesEnabled":false,"firewallRules":[]}}'}
    headers:
      cache-control: [no-cache]
      content-length: ['587']
      content-type: [application/json; charset=utf-8]
      date: ['Tue, 11 Dec 2018 21:33:38 GMT']
      expires: ['-1']
      pragma: [no-cache]
      server: [Microsoft-HTTPAPI/2.0]
      strict-transport-security: [max-age=31536000; includeSubDomains]
      transfer-encoding: [chunked]
      vary: [Accept-Encoding]
      x-content-type-options: [nosniff]
      x-ms-ratelimit-remaining-subscription-writes: ['1198']
    status: {code: 200, message: OK}
- request:
    body: null
    headers:
      Accept: [application/json]
      Accept-Encoding: ['gzip, deflate']
      CommandName: [acr import]
      Connection: [keep-alive]
      Content-Type: [application/json; charset=utf-8]
      ParameterSetName: [-n --source -t]
      User-Agent: [python/3.6.4 (Windows-10-10.0.17763-SP0) msrest/0.6.2 msrest_azure/0.4.34
          resourcemanagementclient/2.0.0 Azure-SDK-For-Python AZURECLI/2.0.52]
      accept-language: [en-US]
    method: GET
    uri: https://management.azure.com/subscriptions/00000000-0000-0000-0000-000000000000/resources?$filter=resourceType%20eq%20%27Microsoft.ContainerRegistry%2Fregistries%27&api-version=2018-05-01
  response:
    body: {string: '{"value":[{"id":"/subscriptions/00000000-0000-0000-0000-000000000000/resourceGroups/clitest.rg000001/providers/Microsoft.ContainerRegistry/registries/targetregistry000003","name":"targetregistry000003","type":"Microsoft.ContainerRegistry/registries","sku":{"name":"Standard","tier":"Standard"},"location":"eastus","tags":{}},{"id":"/subscriptions/00000000-0000-0000-0000-000000000000/resourceGroups/Natalie/providers/Microsoft.ContainerRegistry/registries/natalie","name":"natalie","type":"Microsoft.ContainerRegistry/registries","sku":{"name":"Premium","tier":"Premium"},"location":"westus","tags":{}},{"id":"/subscriptions/00000000-0000-0000-0000-000000000000/resourceGroups/natalie/providers/Microsoft.ContainerRegistry/registries/natalieClassicRegistry","name":"natalieClassicRegistry","type":"Microsoft.ContainerRegistry/registries","sku":{"name":"Classic","tier":"Classic"},"location":"westus","tags":{}},{"id":"/subscriptions/00000000-0000-0000-0000-000000000000/resourceGroups/resourcegroupsamesub/providers/Microsoft.ContainerRegistry/registries/sourceregistrysamesub000002","name":"sourceregistrysamesub000002","type":"Microsoft.ContainerRegistry/registries","sku":{"name":"Standard","tier":"Standard"},"location":"westus","tags":{}}]}'}
    headers:
      cache-control: [no-cache]
      content-length: ['1330']
      content-type: [application/json; charset=utf-8]
      date: ['Tue, 11 Dec 2018 21:33:39 GMT']
      expires: ['-1']
      pragma: [no-cache]
      strict-transport-security: [max-age=31536000; includeSubDomains]
      vary: [Accept-Encoding]
      x-content-type-options: [nosniff]
    status: {code: 200, message: OK}
- request:
    body: null
    headers:
      Accept: [application/json]
      Accept-Encoding: ['gzip, deflate']
      CommandName: [acr import]
      Connection: [keep-alive]
      ParameterSetName: [-n --source -t]
      User-Agent: [python/3.6.4 (Windows-10-10.0.17763-SP0) msrest/0.6.2 msrest_azure/0.4.34
          containerregistrymanagementclient/2.4.0 Azure-SDK-For-Python AZURECLI/2.0.52]
      accept-language: [en-US]
    method: GET
    uri: https://management.azure.com/subscriptions/00000000-0000-0000-0000-000000000000/resourceGroups/clitest.rg000001/providers/Microsoft.ContainerRegistry/registries/targetregistry000003?api-version=2017-10-01
  response:
    body: {string: '{"sku":{"name":"Standard","tier":"Standard"},"type":"Microsoft.ContainerRegistry/registries","id":"/subscriptions/00000000-0000-0000-0000-000000000000/resourceGroups/clitest.rg000001/providers/Microsoft.ContainerRegistry/registries/targetregistry000003","name":"targetregistry000003","location":"eastus","tags":{},"properties":{"loginServer":"targetregistry000003.azurecr.io","creationDate":"2018-12-11T21:33:37.8788083Z","provisioningState":"Succeeded","adminUserEnabled":false,"firewallRulesEnabled":false,"firewallRules":[]}}'}
    headers:
      cache-control: [no-cache]
      content-length: ['587']
      content-type: [application/json; charset=utf-8]
      date: ['Tue, 11 Dec 2018 21:33:39 GMT']
      expires: ['-1']
      pragma: [no-cache]
      server: [Microsoft-HTTPAPI/2.0]
      strict-transport-security: [max-age=31536000; includeSubDomains]
      transfer-encoding: [chunked]
      vary: [Accept-Encoding]
      x-content-type-options: [nosniff]
    status: {code: 200, message: OK}
- request:
    body: null
    headers:
      Accept: [application/json]
      Accept-Encoding: ['gzip, deflate']
      CommandName: [acr import]
      Connection: [keep-alive]
      ParameterSetName: [-n --source -t]
      User-Agent: [python/3.6.4 (Windows-10-10.0.17763-SP0) msrest/0.6.2 msrest_azure/0.4.34
          containerregistrymanagementclient/2.4.0 Azure-SDK-For-Python AZURECLI/2.0.52]
      accept-language: [en-US]
    method: GET
    uri: https://management.azure.com/subscriptions/00000000-0000-0000-0000-000000000000/providers/Microsoft.ContainerRegistry/registries?api-version=2017-10-01
  response:
    body: {string: '{"value":[{"sku":{"name":"Premium","tier":"Premium"},"type":"Microsoft.ContainerRegistry/registries","id":"/subscriptions/00000000-0000-0000-0000-000000000000/resourceGroups/Natalie/providers/Microsoft.ContainerRegistry/registries/natalie","name":"natalie","location":"westus","tags":{},"properties":{"loginServer":"natalie.azurecr.io","creationDate":"2018-09-12T20:53:13.1484885Z","provisioningState":"Succeeded","adminUserEnabled":true,"firewallRulesEnabled":false,"firewallRules":[]}},{"sku":{"name":"Classic","tier":"Classic"},"type":"Microsoft.ContainerRegistry/registries","id":"/subscriptions/00000000-0000-0000-0000-000000000000/resourceGroups/natalie/providers/Microsoft.ContainerRegistry/registries/natalieClassicRegistry","name":"natalieClassicRegistry","location":"westus","tags":{},"properties":{"loginServer":"natalieclassicregistry.azurecr.io","creationDate":"2018-10-02T21:22:56.1077459Z","provisioningState":"Succeeded","adminUserEnabled":true,"storageAccount":{"id":"/subscriptions/00000000-0000-0000-0000-000000000000/resourceGroups/Natalie/providers/Microsoft.Storage/storageAccounts/natalieclassicregi212216"},"firewallRulesEnabled":false,"firewallRules":[]}},{"sku":{"name":"Standard","tier":"Standard"},"type":"Microsoft.ContainerRegistry/registries","id":"/subscriptions/00000000-0000-0000-0000-000000000000/resourceGroups/resourcegroupsamesub/providers/Microsoft.ContainerRegistry/registries/sourceregistrysamesub000002","name":"sourceregistrysamesub000002","location":"westus","tags":{},"properties":{"loginServer":"sourceregistrysamesub000002.azurecr.io","creationDate":"2018-12-11T21:33:22.547772Z","provisioningState":"Succeeded","adminUserEnabled":false,"firewallRulesEnabled":false,"firewallRules":[]}},{"sku":{"name":"Standard","tier":"Standard"},"type":"Microsoft.ContainerRegistry/registries","id":"/subscriptions/00000000-0000-0000-0000-000000000000/resourceGroups/clitest.rg000001/providers/Microsoft.ContainerRegistry/registries/targetregistry000003","name":"targetregistry000003","location":"eastus","tags":{},"properties":{"loginServer":"targetregistry000003.azurecr.io","creationDate":"2018-12-11T21:33:37.8788083Z","provisioningState":"Succeeded","adminUserEnabled":false,"firewallRulesEnabled":false,"firewallRules":[]}}]}'}
    headers:
      cache-control: [no-cache]
      content-length: ['2362']
      content-type: [application/json; charset=utf-8]
      date: ['Tue, 11 Dec 2018 21:33:40 GMT']
      expires: ['-1']
      pragma: [no-cache]
      strict-transport-security: [max-age=31536000; includeSubDomains]
      vary: [Accept-Encoding]
      x-content-type-options: [nosniff]
      x-ms-original-request-ids: ['', '']
    status: {code: 200, message: OK}
- request:
    body: 'b''{"source": {"resourceId": "/subscriptions/00000000-0000-0000-0000-000000000000/resourceGroups/resourcegroupsamesub/providers/Microsoft.ContainerRegistry/registries/sourceregistrysamesub000002",
      "sourceImage": "microsoft:azure-cli"}, "targetTags": ["repository_same_sub:tag_same_sub"],
      "mode": "NoForce"}'''
    headers:
      Accept: [application/json]
      Accept-Encoding: ['gzip, deflate']
      CommandName: [acr import]
      Connection: [keep-alive]
      Content-Length: ['316']
      Content-Type: [application/json; charset=utf-8]
      ParameterSetName: [-n --source -t]
      User-Agent: [python/3.6.4 (Windows-10-10.0.17763-SP0) msrest/0.6.2 msrest_azure/0.4.34
          containerregistrymanagementclient/2.4.0 Azure-SDK-For-Python AZURECLI/2.0.52]
      accept-language: [en-US]
    method: POST
    uri: https://management.azure.com/subscriptions/00000000-0000-0000-0000-000000000000/resourceGroups/clitest.rg000001/providers/Microsoft.ContainerRegistry/registries/targetregistry000003/importImage?api-version=2017-10-01
  response:
    body: {string: 'null'}
    headers:
      cache-control: [no-cache]
      content-length: ['4']
      content-type: [application/json; charset=utf-8]
      date: ['Tue, 11 Dec 2018 21:33:41 GMT']
      expires: ['-1']
      location: ['https://management.azure.com/subscriptions/00000000-0000-0000-0000-000000000000/providers/Microsoft.ContainerRegistry/locations/EASTUS/operationResults/registries-6cbecd48-fd8c-11e8-96e3-3c52826df3b6?api-version=2017-10-01']
      pragma: [no-cache]
      server: [Microsoft-HTTPAPI/2.0]
      strict-transport-security: [max-age=31536000; includeSubDomains]
      x-content-type-options: [nosniff]
      x-ms-ratelimit-remaining-subscription-writes: ['1198']
    status: {code: 202, message: Accepted}
- request:
    body: null
    headers:
      Accept: [application/json]
      Accept-Encoding: ['gzip, deflate']
      CommandName: [acr import]
      Connection: [keep-alive]
      ParameterSetName: [-n --source -t]
      User-Agent: [python/3.6.4 (Windows-10-10.0.17763-SP0) msrest/0.6.2 msrest_azure/0.4.34
          containerregistrymanagementclient/2.4.0 Azure-SDK-For-Python AZURECLI/2.0.52]
    method: GET
    uri: https://management.azure.com/subscriptions/00000000-0000-0000-0000-000000000000/providers/Microsoft.ContainerRegistry/locations/EASTUS/operationResults/registries-6cbecd48-fd8c-11e8-96e3-3c52826df3b6?api-version=2017-10-01
  response:
    body: {string: '{"status":"Succeeded"}'}
    headers:
      cache-control: [no-cache]
      content-length: ['22']
      content-type: [application/json; charset=utf-8]
      date: ['Tue, 11 Dec 2018 21:33:52 GMT']
      expires: ['-1']
      pragma: [no-cache]
      server: [Microsoft-HTTPAPI/2.0]
      strict-transport-security: [max-age=31536000; includeSubDomains]
      transfer-encoding: [chunked]
      vary: [Accept-Encoding]
      x-content-type-options: [nosniff]
    status: {code: 200, message: OK}
- request:
    body: null
    headers:
      Accept: [application/json]
      Accept-Encoding: ['gzip, deflate']
      CommandName: [acr import]
      Connection: [keep-alive]
      Content-Type: [application/json; charset=utf-8]
      ParameterSetName: [-n --source]
      User-Agent: [python/3.6.4 (Windows-10-10.0.17763-SP0) msrest/0.6.2 msrest_azure/0.4.34
          resourcemanagementclient/2.0.0 Azure-SDK-For-Python AZURECLI/2.0.52]
      accept-language: [en-US]
    method: GET
    uri: https://management.azure.com/subscriptions/00000000-0000-0000-0000-000000000000/resources?$filter=resourceType%20eq%20%27Microsoft.ContainerRegistry%2Fregistries%27&api-version=2018-05-01
  response:
    body: {string: '{"value":[{"id":"/subscriptions/00000000-0000-0000-0000-000000000000/resourceGroups/clitest.rg000001/providers/Microsoft.ContainerRegistry/registries/targetregistry000003","name":"targetregistry000003","type":"Microsoft.ContainerRegistry/registries","sku":{"name":"Standard","tier":"Standard"},"location":"eastus","tags":{}},{"id":"/subscriptions/00000000-0000-0000-0000-000000000000/resourceGroups/Natalie/providers/Microsoft.ContainerRegistry/registries/natalie","name":"natalie","type":"Microsoft.ContainerRegistry/registries","sku":{"name":"Premium","tier":"Premium"},"location":"westus","tags":{}},{"id":"/subscriptions/00000000-0000-0000-0000-000000000000/resourceGroups/natalie/providers/Microsoft.ContainerRegistry/registries/natalieClassicRegistry","name":"natalieClassicRegistry","type":"Microsoft.ContainerRegistry/registries","sku":{"name":"Classic","tier":"Classic"},"location":"westus","tags":{}},{"id":"/subscriptions/00000000-0000-0000-0000-000000000000/resourceGroups/resourcegroupsamesub/providers/Microsoft.ContainerRegistry/registries/sourceregistrysamesub000002","name":"sourceregistrysamesub000002","type":"Microsoft.ContainerRegistry/registries","sku":{"name":"Standard","tier":"Standard"},"location":"westus","tags":{}}]}'}
    headers:
      cache-control: [no-cache]
      content-length: ['1330']
      content-type: [application/json; charset=utf-8]
      date: ['Tue, 11 Dec 2018 21:33:53 GMT']
      expires: ['-1']
      pragma: [no-cache]
      strict-transport-security: [max-age=31536000; includeSubDomains]
      vary: [Accept-Encoding]
      x-content-type-options: [nosniff]
    status: {code: 200, message: OK}
- request:
    body: null
    headers:
      Accept: [application/json]
      Accept-Encoding: ['gzip, deflate']
      CommandName: [acr import]
      Connection: [keep-alive]
      ParameterSetName: [-n --source]
      User-Agent: [python/3.6.4 (Windows-10-10.0.17763-SP0) msrest/0.6.2 msrest_azure/0.4.34
          containerregistrymanagementclient/2.4.0 Azure-SDK-For-Python AZURECLI/2.0.52]
      accept-language: [en-US]
    method: GET
    uri: https://management.azure.com/subscriptions/00000000-0000-0000-0000-000000000000/resourceGroups/clitest.rg000001/providers/Microsoft.ContainerRegistry/registries/targetregistry000003?api-version=2017-10-01
  response:
    body: {string: '{"sku":{"name":"Standard","tier":"Standard"},"type":"Microsoft.ContainerRegistry/registries","id":"/subscriptions/00000000-0000-0000-0000-000000000000/resourceGroups/clitest.rg000001/providers/Microsoft.ContainerRegistry/registries/targetregistry000003","name":"targetregistry000003","location":"eastus","tags":{},"properties":{"loginServer":"targetregistry000003.azurecr.io","creationDate":"2018-12-11T21:33:37.8788083Z","provisioningState":"Succeeded","adminUserEnabled":false,"firewallRulesEnabled":false,"firewallRules":[]}}'}
    headers:
      cache-control: [no-cache]
      content-length: ['587']
      content-type: [application/json; charset=utf-8]
      date: ['Tue, 11 Dec 2018 21:33:54 GMT']
      expires: ['-1']
      pragma: [no-cache]
      server: [Microsoft-HTTPAPI/2.0]
      strict-transport-security: [max-age=31536000; includeSubDomains]
      transfer-encoding: [chunked]
      vary: [Accept-Encoding]
      x-content-type-options: [nosniff]
    status: {code: 200, message: OK}
- request:
    body: null
    headers:
      Accept: [application/json]
      Accept-Encoding: ['gzip, deflate']
      CommandName: [acr import]
      Connection: [keep-alive]
      ParameterSetName: [-n --source]
      User-Agent: [python/3.6.4 (Windows-10-10.0.17763-SP0) msrest/0.6.2 msrest_azure/0.4.34
          containerregistrymanagementclient/2.4.0 Azure-SDK-For-Python AZURECLI/2.0.52]
      accept-language: [en-US]
    method: GET
    uri: https://management.azure.com/subscriptions/00000000-0000-0000-0000-000000000000/providers/Microsoft.ContainerRegistry/registries?api-version=2017-10-01
  response:
    body: {string: '{"value":[{"sku":{"name":"Premium","tier":"Premium"},"type":"Microsoft.ContainerRegistry/registries","id":"/subscriptions/00000000-0000-0000-0000-000000000000/resourceGroups/Natalie/providers/Microsoft.ContainerRegistry/registries/natalie","name":"natalie","location":"westus","tags":{},"properties":{"loginServer":"natalie.azurecr.io","creationDate":"2018-09-12T20:53:13.1484885Z","provisioningState":"Succeeded","adminUserEnabled":true,"firewallRulesEnabled":false,"firewallRules":[]}},{"sku":{"name":"Classic","tier":"Classic"},"type":"Microsoft.ContainerRegistry/registries","id":"/subscriptions/00000000-0000-0000-0000-000000000000/resourceGroups/natalie/providers/Microsoft.ContainerRegistry/registries/natalieClassicRegistry","name":"natalieClassicRegistry","location":"westus","tags":{},"properties":{"loginServer":"natalieclassicregistry.azurecr.io","creationDate":"2018-10-02T21:22:56.1077459Z","provisioningState":"Succeeded","adminUserEnabled":true,"storageAccount":{"id":"/subscriptions/00000000-0000-0000-0000-000000000000/resourceGroups/Natalie/providers/Microsoft.Storage/storageAccounts/natalieclassicregi212216"},"firewallRulesEnabled":false,"firewallRules":[]}},{"sku":{"name":"Standard","tier":"Standard"},"type":"Microsoft.ContainerRegistry/registries","id":"/subscriptions/00000000-0000-0000-0000-000000000000/resourceGroups/resourcegroupsamesub/providers/Microsoft.ContainerRegistry/registries/sourceregistrysamesub000002","name":"sourceregistrysamesub000002","location":"westus","tags":{},"properties":{"loginServer":"sourceregistrysamesub000002.azurecr.io","creationDate":"2018-12-11T21:33:22.547772Z","provisioningState":"Succeeded","adminUserEnabled":false,"firewallRulesEnabled":false,"firewallRules":[]}},{"sku":{"name":"Standard","tier":"Standard"},"type":"Microsoft.ContainerRegistry/registries","id":"/subscriptions/00000000-0000-0000-0000-000000000000/resourceGroups/clitest.rg000001/providers/Microsoft.ContainerRegistry/registries/targetregistry000003","name":"targetregistry000003","location":"eastus","tags":{},"properties":{"loginServer":"targetregistry000003.azurecr.io","creationDate":"2018-12-11T21:33:37.8788083Z","provisioningState":"Succeeded","adminUserEnabled":false,"firewallRulesEnabled":false,"firewallRules":[]}}]}'}
    headers:
      cache-control: [no-cache]
      content-length: ['2362']
      content-type: [application/json; charset=utf-8]
      date: ['Tue, 11 Dec 2018 21:33:54 GMT']
      expires: ['-1']
      pragma: [no-cache]
      strict-transport-security: [max-age=31536000; includeSubDomains]
      vary: [Accept-Encoding]
      x-content-type-options: [nosniff]
      x-ms-original-request-ids: ['', '']
    status: {code: 200, message: OK}
- request:
    body: 'b''{"source": {"resourceId": "/subscriptions/00000000-0000-0000-0000-000000000000/resourceGroups/resourcegroupsamesub/providers/Microsoft.ContainerRegistry/registries/sourceregistrysamesub000002",
      "sourceImage": "microsoft:azure-cli"}, "targetTags": ["microsoft:azure-cli"],
      "mode": "NoForce"}'''
    headers:
      Accept: [application/json]
      Accept-Encoding: ['gzip, deflate']
      CommandName: [acr import]
      Connection: [keep-alive]
      Content-Length: ['303']
      Content-Type: [application/json; charset=utf-8]
      ParameterSetName: [-n --source]
      User-Agent: [python/3.6.4 (Windows-10-10.0.17763-SP0) msrest/0.6.2 msrest_azure/0.4.34
          containerregistrymanagementclient/2.4.0 Azure-SDK-For-Python AZURECLI/2.0.52]
      accept-language: [en-US]
    method: POST
    uri: https://management.azure.com/subscriptions/00000000-0000-0000-0000-000000000000/resourceGroups/clitest.rg000001/providers/Microsoft.ContainerRegistry/registries/targetregistry000003/importImage?api-version=2017-10-01
  response:
    body: {string: 'null'}
    headers:
      cache-control: [no-cache]
      content-length: ['4']
      content-type: [application/json; charset=utf-8]
      date: ['Tue, 11 Dec 2018 21:33:54 GMT']
      expires: ['-1']
      location: ['https://management.azure.com/subscriptions/00000000-0000-0000-0000-000000000000/providers/Microsoft.ContainerRegistry/locations/EASTUS/operationResults/registries-74b3ecd8-fd8c-11e8-a8e0-3c52826df3b6?api-version=2017-10-01']
      pragma: [no-cache]
      server: [Microsoft-HTTPAPI/2.0]
      strict-transport-security: [max-age=31536000; includeSubDomains]
      x-content-type-options: [nosniff]
      x-ms-ratelimit-remaining-subscription-writes: ['1197']
    status: {code: 202, message: Accepted}
- request:
    body: null
    headers:
      Accept: [application/json]
      Accept-Encoding: ['gzip, deflate']
      CommandName: [acr import]
      Connection: [keep-alive]
      ParameterSetName: [-n --source]
      User-Agent: [python/3.6.4 (Windows-10-10.0.17763-SP0) msrest/0.6.2 msrest_azure/0.4.34
          containerregistrymanagementclient/2.4.0 Azure-SDK-For-Python AZURECLI/2.0.52]
    method: GET
    uri: https://management.azure.com/subscriptions/00000000-0000-0000-0000-000000000000/providers/Microsoft.ContainerRegistry/locations/EASTUS/operationResults/registries-74b3ecd8-fd8c-11e8-a8e0-3c52826df3b6?api-version=2017-10-01
  response:
    body: {string: '{"status":"Succeeded"}'}
    headers:
      cache-control: [no-cache]
      content-length: ['22']
      content-type: [application/json; charset=utf-8]
      date: ['Tue, 11 Dec 2018 21:34:05 GMT']
      expires: ['-1']
      pragma: [no-cache]
      server: [Microsoft-HTTPAPI/2.0]
      strict-transport-security: [max-age=31536000; includeSubDomains]
      transfer-encoding: [chunked]
      vary: [Accept-Encoding]
      x-content-type-options: [nosniff]
    status: {code: 200, message: OK}
- request:
    body: null
    headers:
      Accept: [application/json]
      Accept-Encoding: ['gzip, deflate']
      CommandName: [acr import]
      Connection: [keep-alive]
      Content-Type: [application/json; charset=utf-8]
      ParameterSetName: [-n --source -t -t]
      User-Agent: [python/3.6.4 (Windows-10-10.0.17763-SP0) msrest/0.6.2 msrest_azure/0.4.34
          resourcemanagementclient/2.0.0 Azure-SDK-For-Python AZURECLI/2.0.52]
      accept-language: [en-US]
    method: GET
    uri: https://management.azure.com/subscriptions/00000000-0000-0000-0000-000000000000/resources?$filter=resourceType%20eq%20%27Microsoft.ContainerRegistry%2Fregistries%27&api-version=2018-05-01
  response:
    body: {string: '{"value":[{"id":"/subscriptions/00000000-0000-0000-0000-000000000000/resourceGroups/clitest.rg000001/providers/Microsoft.ContainerRegistry/registries/targetregistry000003","name":"targetregistry000003","type":"Microsoft.ContainerRegistry/registries","sku":{"name":"Standard","tier":"Standard"},"location":"eastus","tags":{}},{"id":"/subscriptions/00000000-0000-0000-0000-000000000000/resourceGroups/Natalie/providers/Microsoft.ContainerRegistry/registries/natalie","name":"natalie","type":"Microsoft.ContainerRegistry/registries","sku":{"name":"Premium","tier":"Premium"},"location":"westus","tags":{}},{"id":"/subscriptions/00000000-0000-0000-0000-000000000000/resourceGroups/natalie/providers/Microsoft.ContainerRegistry/registries/natalieClassicRegistry","name":"natalieClassicRegistry","type":"Microsoft.ContainerRegistry/registries","sku":{"name":"Classic","tier":"Classic"},"location":"westus","tags":{}},{"id":"/subscriptions/00000000-0000-0000-0000-000000000000/resourceGroups/resourcegroupsamesub/providers/Microsoft.ContainerRegistry/registries/sourceregistrysamesub000002","name":"sourceregistrysamesub000002","type":"Microsoft.ContainerRegistry/registries","sku":{"name":"Standard","tier":"Standard"},"location":"westus","tags":{}}]}'}
    headers:
      cache-control: [no-cache]
      content-length: ['1330']
      content-type: [application/json; charset=utf-8]
      date: ['Tue, 11 Dec 2018 21:34:06 GMT']
      expires: ['-1']
      pragma: [no-cache]
      strict-transport-security: [max-age=31536000; includeSubDomains]
      vary: [Accept-Encoding]
      x-content-type-options: [nosniff]
    status: {code: 200, message: OK}
- request:
    body: null
    headers:
      Accept: [application/json]
      Accept-Encoding: ['gzip, deflate']
      CommandName: [acr import]
      Connection: [keep-alive]
      ParameterSetName: [-n --source -t -t]
      User-Agent: [python/3.6.4 (Windows-10-10.0.17763-SP0) msrest/0.6.2 msrest_azure/0.4.34
          containerregistrymanagementclient/2.4.0 Azure-SDK-For-Python AZURECLI/2.0.52]
      accept-language: [en-US]
    method: GET
    uri: https://management.azure.com/subscriptions/00000000-0000-0000-0000-000000000000/resourceGroups/clitest.rg000001/providers/Microsoft.ContainerRegistry/registries/targetregistry000003?api-version=2017-10-01
  response:
    body: {string: '{"sku":{"name":"Standard","tier":"Standard"},"type":"Microsoft.ContainerRegistry/registries","id":"/subscriptions/00000000-0000-0000-0000-000000000000/resourceGroups/clitest.rg000001/providers/Microsoft.ContainerRegistry/registries/targetregistry000003","name":"targetregistry000003","location":"eastus","tags":{},"properties":{"loginServer":"targetregistry000003.azurecr.io","creationDate":"2018-12-11T21:33:37.8788083Z","provisioningState":"Succeeded","adminUserEnabled":false,"firewallRulesEnabled":false,"firewallRules":[]}}'}
    headers:
      cache-control: [no-cache]
      content-length: ['587']
      content-type: [application/json; charset=utf-8]
      date: ['Tue, 11 Dec 2018 21:34:06 GMT']
      expires: ['-1']
      pragma: [no-cache]
      server: [Microsoft-HTTPAPI/2.0]
      strict-transport-security: [max-age=31536000; includeSubDomains]
      transfer-encoding: [chunked]
      vary: [Accept-Encoding]
      x-content-type-options: [nosniff]
    status: {code: 200, message: OK}
- request:
    body: null
    headers:
      Accept: [application/json]
      Accept-Encoding: ['gzip, deflate']
      CommandName: [acr import]
      Connection: [keep-alive]
      ParameterSetName: [-n --source -t -t]
      User-Agent: [python/3.6.4 (Windows-10-10.0.17763-SP0) msrest/0.6.2 msrest_azure/0.4.34
          containerregistrymanagementclient/2.4.0 Azure-SDK-For-Python AZURECLI/2.0.52]
      accept-language: [en-US]
    method: GET
    uri: https://management.azure.com/subscriptions/00000000-0000-0000-0000-000000000000/providers/Microsoft.ContainerRegistry/registries?api-version=2017-10-01
  response:
    body: {string: '{"value":[{"sku":{"name":"Premium","tier":"Premium"},"type":"Microsoft.ContainerRegistry/registries","id":"/subscriptions/00000000-0000-0000-0000-000000000000/resourceGroups/Natalie/providers/Microsoft.ContainerRegistry/registries/natalie","name":"natalie","location":"westus","tags":{},"properties":{"loginServer":"natalie.azurecr.io","creationDate":"2018-09-12T20:53:13.1484885Z","provisioningState":"Succeeded","adminUserEnabled":true,"firewallRulesEnabled":false,"firewallRules":[]}},{"sku":{"name":"Classic","tier":"Classic"},"type":"Microsoft.ContainerRegistry/registries","id":"/subscriptions/00000000-0000-0000-0000-000000000000/resourceGroups/natalie/providers/Microsoft.ContainerRegistry/registries/natalieClassicRegistry","name":"natalieClassicRegistry","location":"westus","tags":{},"properties":{"loginServer":"natalieclassicregistry.azurecr.io","creationDate":"2018-10-02T21:22:56.1077459Z","provisioningState":"Succeeded","adminUserEnabled":true,"storageAccount":{"id":"/subscriptions/00000000-0000-0000-0000-000000000000/resourceGroups/Natalie/providers/Microsoft.Storage/storageAccounts/natalieclassicregi212216"},"firewallRulesEnabled":false,"firewallRules":[]}},{"sku":{"name":"Standard","tier":"Standard"},"type":"Microsoft.ContainerRegistry/registries","id":"/subscriptions/00000000-0000-0000-0000-000000000000/resourceGroups/resourcegroupsamesub/providers/Microsoft.ContainerRegistry/registries/sourceregistrysamesub000002","name":"sourceregistrysamesub000002","location":"westus","tags":{},"properties":{"loginServer":"sourceregistrysamesub000002.azurecr.io","creationDate":"2018-12-11T21:33:22.547772Z","provisioningState":"Succeeded","adminUserEnabled":false,"firewallRulesEnabled":false,"firewallRules":[]}},{"sku":{"name":"Standard","tier":"Standard"},"type":"Microsoft.ContainerRegistry/registries","id":"/subscriptions/00000000-0000-0000-0000-000000000000/resourceGroups/clitest.rg000001/providers/Microsoft.ContainerRegistry/registries/targetregistry000003","name":"targetregistry000003","location":"eastus","tags":{},"properties":{"loginServer":"targetregistry000003.azurecr.io","creationDate":"2018-12-11T21:33:37.8788083Z","provisioningState":"Succeeded","adminUserEnabled":false,"firewallRulesEnabled":false,"firewallRules":[]}}]}'}
    headers:
      cache-control: [no-cache]
      content-length: ['2362']
      content-type: [application/json; charset=utf-8]
      date: ['Tue, 11 Dec 2018 21:34:07 GMT']
      expires: ['-1']
      pragma: [no-cache]
      strict-transport-security: [max-age=31536000; includeSubDomains]
      vary: [Accept-Encoding]
      x-content-type-options: [nosniff]
      x-ms-original-request-ids: ['', '']
    status: {code: 200, message: OK}
- request:
    body: 'b''{"source": {"resourceId": "/subscriptions/00000000-0000-0000-0000-000000000000/resourceGroups/resourcegroupsamesub/providers/Microsoft.ContainerRegistry/registries/sourceregistrysamesub000002",
      "sourceImage": "microsoft:azure-cli"}, "targetTags": ["repository_multi1:tag_multi1",
      "repository_multi2:tag_multi2"], "mode": "NoForce"}'''
    headers:
      Accept: [application/json]
      Accept-Encoding: ['gzip, deflate']
      CommandName: [acr import]
      Connection: [keep-alive]
      Content-Length: ['344']
      Content-Type: [application/json; charset=utf-8]
      ParameterSetName: [-n --source -t -t]
      User-Agent: [python/3.6.4 (Windows-10-10.0.17763-SP0) msrest/0.6.2 msrest_azure/0.4.34
          containerregistrymanagementclient/2.4.0 Azure-SDK-For-Python AZURECLI/2.0.52]
      accept-language: [en-US]
    method: POST
    uri: https://management.azure.com/subscriptions/00000000-0000-0000-0000-000000000000/resourceGroups/clitest.rg000001/providers/Microsoft.ContainerRegistry/registries/targetregistry000003/importImage?api-version=2017-10-01
  response:
    body: {string: 'null'}
    headers:
      cache-control: [no-cache]
      content-length: ['4']
      content-type: [application/json; charset=utf-8]
      date: ['Tue, 11 Dec 2018 21:34:07 GMT']
      expires: ['-1']
      location: ['https://management.azure.com/subscriptions/00000000-0000-0000-0000-000000000000/providers/Microsoft.ContainerRegistry/locations/EASTUS/operationResults/registries-7cc5680c-fd8c-11e8-9fa2-3c52826df3b6?api-version=2017-10-01']
      pragma: [no-cache]
      server: [Microsoft-HTTPAPI/2.0]
      strict-transport-security: [max-age=31536000; includeSubDomains]
      x-content-type-options: [nosniff]
      x-ms-ratelimit-remaining-subscription-writes: ['1199']
    status: {code: 202, message: Accepted}
- request:
    body: null
    headers:
      Accept: [application/json]
      Accept-Encoding: ['gzip, deflate']
      CommandName: [acr import]
      Connection: [keep-alive]
      ParameterSetName: [-n --source -t -t]
      User-Agent: [python/3.6.4 (Windows-10-10.0.17763-SP0) msrest/0.6.2 msrest_azure/0.4.34
          containerregistrymanagementclient/2.4.0 Azure-SDK-For-Python AZURECLI/2.0.52]
    method: GET
    uri: https://management.azure.com/subscriptions/00000000-0000-0000-0000-000000000000/providers/Microsoft.ContainerRegistry/locations/EASTUS/operationResults/registries-7cc5680c-fd8c-11e8-9fa2-3c52826df3b6?api-version=2017-10-01
  response:
    body: {string: '{"status":"Succeeded"}'}
    headers:
      cache-control: [no-cache]
      content-length: ['22']
      content-type: [application/json; charset=utf-8]
      date: ['Tue, 11 Dec 2018 21:34:18 GMT']
      expires: ['-1']
      pragma: [no-cache]
      server: [Microsoft-HTTPAPI/2.0]
      strict-transport-security: [max-age=31536000; includeSubDomains]
      transfer-encoding: [chunked]
      vary: [Accept-Encoding]
      x-content-type-options: [nosniff]
    status: {code: 200, message: OK}
- request:
    body: null
    headers:
      Accept: [application/json]
      Accept-Encoding: ['gzip, deflate']
      CommandName: [acr import]
      Connection: [keep-alive]
      Content-Type: [application/json; charset=utf-8]
      ParameterSetName: [-n --source -t]
      User-Agent: [python/3.6.4 (Windows-10-10.0.17763-SP0) msrest/0.6.2 msrest_azure/0.4.34
          resourcemanagementclient/2.0.0 Azure-SDK-For-Python AZURECLI/2.0.52]
      accept-language: [en-US]
    method: GET
    uri: https://management.azure.com/subscriptions/00000000-0000-0000-0000-000000000000/resources?$filter=resourceType%20eq%20%27Microsoft.ContainerRegistry%2Fregistries%27&api-version=2018-05-01
  response:
    body: {string: '{"value":[{"id":"/subscriptions/00000000-0000-0000-0000-000000000000/resourceGroups/clitest.rg000001/providers/Microsoft.ContainerRegistry/registries/targetregistry000003","name":"targetregistry000003","type":"Microsoft.ContainerRegistry/registries","sku":{"name":"Standard","tier":"Standard"},"location":"eastus","tags":{}},{"id":"/subscriptions/00000000-0000-0000-0000-000000000000/resourceGroups/Natalie/providers/Microsoft.ContainerRegistry/registries/natalie","name":"natalie","type":"Microsoft.ContainerRegistry/registries","sku":{"name":"Premium","tier":"Premium"},"location":"westus","tags":{}},{"id":"/subscriptions/00000000-0000-0000-0000-000000000000/resourceGroups/natalie/providers/Microsoft.ContainerRegistry/registries/natalieClassicRegistry","name":"natalieClassicRegistry","type":"Microsoft.ContainerRegistry/registries","sku":{"name":"Classic","tier":"Classic"},"location":"westus","tags":{}},{"id":"/subscriptions/00000000-0000-0000-0000-000000000000/resourceGroups/resourcegroupsamesub/providers/Microsoft.ContainerRegistry/registries/sourceregistrysamesub000002","name":"sourceregistrysamesub000002","type":"Microsoft.ContainerRegistry/registries","sku":{"name":"Standard","tier":"Standard"},"location":"westus","tags":{}}]}'}
    headers:
      cache-control: [no-cache]
      content-length: ['1330']
      content-type: [application/json; charset=utf-8]
      date: ['Tue, 11 Dec 2018 21:34:18 GMT']
      expires: ['-1']
      pragma: [no-cache]
      strict-transport-security: [max-age=31536000; includeSubDomains]
      vary: [Accept-Encoding]
      x-content-type-options: [nosniff]
    status: {code: 200, message: OK}
- request:
    body: null
    headers:
      Accept: [application/json]
      Accept-Encoding: ['gzip, deflate']
      CommandName: [acr import]
      Connection: [keep-alive]
      ParameterSetName: [-n --source -t]
      User-Agent: [python/3.6.4 (Windows-10-10.0.17763-SP0) msrest/0.6.2 msrest_azure/0.4.34
          containerregistrymanagementclient/2.4.0 Azure-SDK-For-Python AZURECLI/2.0.52]
      accept-language: [en-US]
    method: GET
    uri: https://management.azure.com/subscriptions/00000000-0000-0000-0000-000000000000/resourceGroups/clitest.rg000001/providers/Microsoft.ContainerRegistry/registries/targetregistry000003?api-version=2017-10-01
  response:
    body: {string: '{"sku":{"name":"Standard","tier":"Standard"},"type":"Microsoft.ContainerRegistry/registries","id":"/subscriptions/00000000-0000-0000-0000-000000000000/resourceGroups/clitest.rg000001/providers/Microsoft.ContainerRegistry/registries/targetregistry000003","name":"targetregistry000003","location":"eastus","tags":{},"properties":{"loginServer":"targetregistry000003.azurecr.io","creationDate":"2018-12-11T21:33:37.8788083Z","provisioningState":"Succeeded","adminUserEnabled":false,"firewallRulesEnabled":false,"firewallRules":[]}}'}
    headers:
      cache-control: [no-cache]
      content-length: ['587']
      content-type: [application/json; charset=utf-8]
      date: ['Tue, 11 Dec 2018 21:34:19 GMT']
      expires: ['-1']
      pragma: [no-cache]
      server: [Microsoft-HTTPAPI/2.0]
      strict-transport-security: [max-age=31536000; includeSubDomains]
      transfer-encoding: [chunked]
      vary: [Accept-Encoding]
      x-content-type-options: [nosniff]
    status: {code: 200, message: OK}
- request:
    body: null
    headers:
      Accept: [application/json]
      Accept-Encoding: ['gzip, deflate']
      CommandName: [acr import]
      Connection: [keep-alive]
      ParameterSetName: [-n --source -t]
      User-Agent: [python/3.6.4 (Windows-10-10.0.17763-SP0) msrest/0.6.2 msrest_azure/0.4.34
          containerregistrymanagementclient/2.4.0 Azure-SDK-For-Python AZURECLI/2.0.52]
      accept-language: [en-US]
    method: GET
    uri: https://management.azure.com/subscriptions/00000000-0000-0000-0000-000000000000/providers/Microsoft.ContainerRegistry/registries?api-version=2017-10-01
  response:
    body: {string: '{"value":[{"sku":{"name":"Premium","tier":"Premium"},"type":"Microsoft.ContainerRegistry/registries","id":"/subscriptions/00000000-0000-0000-0000-000000000000/resourceGroups/Natalie/providers/Microsoft.ContainerRegistry/registries/natalie","name":"natalie","location":"westus","tags":{},"properties":{"loginServer":"natalie.azurecr.io","creationDate":"2018-09-12T20:53:13.1484885Z","provisioningState":"Succeeded","adminUserEnabled":true,"firewallRulesEnabled":false,"firewallRules":[]}},{"sku":{"name":"Classic","tier":"Classic"},"type":"Microsoft.ContainerRegistry/registries","id":"/subscriptions/00000000-0000-0000-0000-000000000000/resourceGroups/natalie/providers/Microsoft.ContainerRegistry/registries/natalieClassicRegistry","name":"natalieClassicRegistry","location":"westus","tags":{},"properties":{"loginServer":"natalieclassicregistry.azurecr.io","creationDate":"2018-10-02T21:22:56.1077459Z","provisioningState":"Succeeded","adminUserEnabled":true,"storageAccount":{"id":"/subscriptions/00000000-0000-0000-0000-000000000000/resourceGroups/Natalie/providers/Microsoft.Storage/storageAccounts/natalieclassicregi212216"},"firewallRulesEnabled":false,"firewallRules":[]}},{"sku":{"name":"Standard","tier":"Standard"},"type":"Microsoft.ContainerRegistry/registries","id":"/subscriptions/00000000-0000-0000-0000-000000000000/resourceGroups/resourcegroupsamesub/providers/Microsoft.ContainerRegistry/registries/sourceregistrysamesub000002","name":"sourceregistrysamesub000002","location":"westus","tags":{},"properties":{"loginServer":"sourceregistrysamesub000002.azurecr.io","creationDate":"2018-12-11T21:33:22.547772Z","provisioningState":"Succeeded","adminUserEnabled":false,"firewallRulesEnabled":false,"firewallRules":[]}},{"sku":{"name":"Standard","tier":"Standard"},"type":"Microsoft.ContainerRegistry/registries","id":"/subscriptions/00000000-0000-0000-0000-000000000000/resourceGroups/clitest.rg000001/providers/Microsoft.ContainerRegistry/registries/targetregistry000003","name":"targetregistry000003","location":"eastus","tags":{},"properties":{"loginServer":"targetregistry000003.azurecr.io","creationDate":"2018-12-11T21:33:37.8788083Z","provisioningState":"Succeeded","adminUserEnabled":false,"firewallRulesEnabled":false,"firewallRules":[]}}]}'}
    headers:
      cache-control: [no-cache]
      content-length: ['2362']
      content-type: [application/json; charset=utf-8]
      date: ['Tue, 11 Dec 2018 21:34:20 GMT']
      expires: ['-1']
      pragma: [no-cache]
      strict-transport-security: [max-age=31536000; includeSubDomains]
      vary: [Accept-Encoding]
      x-content-type-options: [nosniff]
      x-ms-original-request-ids: ['', '']
    status: {code: 200, message: OK}
- request:
    body: 'b''b\''{"source": {"resourceId": "/subscriptions/00000000-0000-0000-0000-000000000000/resourceGroups/clitest.rg000001/providers/Microsoft.ContainerRegistry/registries/targetregistry000003",
      "sourceImage": "microsoft:azure-cli"}, "targetTags": ["repository_same_registry:tag_same_registry"],
      "mode": "NoForce"}\'''''
    headers:
      Accept: [application/json]
      Accept-Encoding: ['gzip, deflate']
      CommandName: [acr import]
      Connection: [keep-alive]
      Content-Length: ['361']
      Content-Type: [application/json; charset=utf-8]
      ParameterSetName: [-n --source -t]
      User-Agent: [python/3.6.4 (Windows-10-10.0.17763-SP0) msrest/0.6.2 msrest_azure/0.4.34
          containerregistrymanagementclient/2.4.0 Azure-SDK-For-Python AZURECLI/2.0.52]
      accept-language: [en-US]
    method: POST
    uri: https://management.azure.com/subscriptions/00000000-0000-0000-0000-000000000000/resourceGroups/clitest.rg000001/providers/Microsoft.ContainerRegistry/registries/targetregistry000003/importImage?api-version=2017-10-01
  response:
    body: {string: 'null'}
    headers:
      cache-control: [no-cache]
      content-length: ['4']
      content-type: [application/json; charset=utf-8]
      date: ['Tue, 11 Dec 2018 21:34:21 GMT']
      expires: ['-1']
      location: ['https://management.azure.com/subscriptions/00000000-0000-0000-0000-000000000000/providers/Microsoft.ContainerRegistry/locations/EASTUS/operationResults/registries-84487f1c-fd8c-11e8-8909-3c52826df3b6?api-version=2017-10-01']
      pragma: [no-cache]
      server: [Microsoft-HTTPAPI/2.0]
      strict-transport-security: [max-age=31536000; includeSubDomains]
      x-content-type-options: [nosniff]
      x-ms-ratelimit-remaining-subscription-writes: ['1198']
    status: {code: 202, message: Accepted}
- request:
    body: null
    headers:
      Accept: [application/json]
      Accept-Encoding: ['gzip, deflate']
      CommandName: [acr import]
      Connection: [keep-alive]
      ParameterSetName: [-n --source -t]
      User-Agent: [python/3.6.4 (Windows-10-10.0.17763-SP0) msrest/0.6.2 msrest_azure/0.4.34
          containerregistrymanagementclient/2.4.0 Azure-SDK-For-Python AZURECLI/2.0.52]
    method: GET
    uri: https://management.azure.com/subscriptions/00000000-0000-0000-0000-000000000000/providers/Microsoft.ContainerRegistry/locations/EASTUS/operationResults/registries-84487f1c-fd8c-11e8-8909-3c52826df3b6?api-version=2017-10-01
  response:
    body: {string: '{"status":"Succeeded"}'}
    headers:
      cache-control: [no-cache]
      content-length: ['22']
      content-type: [application/json; charset=utf-8]
      date: ['Tue, 11 Dec 2018 21:34:31 GMT']
      expires: ['-1']
      pragma: [no-cache]
      server: [Microsoft-HTTPAPI/2.0]
      strict-transport-security: [max-age=31536000; includeSubDomains]
      transfer-encoding: [chunked]
      vary: [Accept-Encoding]
      x-content-type-options: [nosniff]
    status: {code: 200, message: OK}
- request:
    body: null
    headers:
      Accept: [application/json]
      Accept-Encoding: ['gzip, deflate']
      CommandName: [acr import]
      Connection: [keep-alive]
      Content-Type: [application/json; charset=utf-8]
      ParameterSetName: [-n --source -t]
      User-Agent: [python/3.6.4 (Windows-10-10.0.17763-SP0) msrest/0.6.2 msrest_azure/0.4.34
          resourcemanagementclient/2.0.0 Azure-SDK-For-Python AZURECLI/2.0.52]
      accept-language: [en-US]
    method: GET
    uri: https://management.azure.com/subscriptions/00000000-0000-0000-0000-000000000000/resources?$filter=resourceType%20eq%20%27Microsoft.ContainerRegistry%2Fregistries%27&api-version=2018-05-01
  response:
    body: {string: '{"value":[{"id":"/subscriptions/00000000-0000-0000-0000-000000000000/resourceGroups/clitest.rg000001/providers/Microsoft.ContainerRegistry/registries/targetregistry000003","name":"targetregistry000003","type":"Microsoft.ContainerRegistry/registries","sku":{"name":"Standard","tier":"Standard"},"location":"eastus","tags":{}},{"id":"/subscriptions/00000000-0000-0000-0000-000000000000/resourceGroups/Natalie/providers/Microsoft.ContainerRegistry/registries/natalie","name":"natalie","type":"Microsoft.ContainerRegistry/registries","sku":{"name":"Premium","tier":"Premium"},"location":"westus","tags":{}},{"id":"/subscriptions/00000000-0000-0000-0000-000000000000/resourceGroups/natalie/providers/Microsoft.ContainerRegistry/registries/natalieClassicRegistry","name":"natalieClassicRegistry","type":"Microsoft.ContainerRegistry/registries","sku":{"name":"Classic","tier":"Classic"},"location":"westus","tags":{}},{"id":"/subscriptions/00000000-0000-0000-0000-000000000000/resourceGroups/resourcegroupsamesub/providers/Microsoft.ContainerRegistry/registries/sourceregistrysamesub000002","name":"sourceregistrysamesub000002","type":"Microsoft.ContainerRegistry/registries","sku":{"name":"Standard","tier":"Standard"},"location":"westus","tags":{}}]}'}
    headers:
      cache-control: [no-cache]
      content-length: ['1330']
      content-type: [application/json; charset=utf-8]
      date: ['Tue, 11 Dec 2018 21:34:32 GMT']
      expires: ['-1']
      pragma: [no-cache]
      strict-transport-security: [max-age=31536000; includeSubDomains]
      vary: [Accept-Encoding]
      x-content-type-options: [nosniff]
    status: {code: 200, message: OK}
- request:
    body: null
    headers:
      Accept: [application/json]
      Accept-Encoding: ['gzip, deflate']
      CommandName: [acr import]
      Connection: [keep-alive]
      ParameterSetName: [-n --source -t]
      User-Agent: [python/3.6.4 (Windows-10-10.0.17763-SP0) msrest/0.6.2 msrest_azure/0.4.34
          containerregistrymanagementclient/2.4.0 Azure-SDK-For-Python AZURECLI/2.0.52]
      accept-language: [en-US]
    method: GET
    uri: https://management.azure.com/subscriptions/00000000-0000-0000-0000-000000000000/resourceGroups/clitest.rg000001/providers/Microsoft.ContainerRegistry/registries/targetregistry000003?api-version=2017-10-01
  response:
    body: {string: '{"sku":{"name":"Standard","tier":"Standard"},"type":"Microsoft.ContainerRegistry/registries","id":"/subscriptions/00000000-0000-0000-0000-000000000000/resourceGroups/clitest.rg000001/providers/Microsoft.ContainerRegistry/registries/targetregistry000003","name":"targetregistry000003","location":"eastus","tags":{},"properties":{"loginServer":"targetregistry000003.azurecr.io","creationDate":"2018-12-11T21:33:37.8788083Z","provisioningState":"Succeeded","adminUserEnabled":false,"firewallRulesEnabled":false,"firewallRules":[]}}'}
    headers:
      cache-control: [no-cache]
      content-length: ['587']
      content-type: [application/json; charset=utf-8]
      date: ['Tue, 11 Dec 2018 21:34:32 GMT']
      expires: ['-1']
      pragma: [no-cache]
      server: [Microsoft-HTTPAPI/2.0]
      strict-transport-security: [max-age=31536000; includeSubDomains]
      transfer-encoding: [chunked]
      vary: [Accept-Encoding]
      x-content-type-options: [nosniff]
    status: {code: 200, message: OK}
- request:
    body: null
    headers:
      Accept: [application/json]
      Accept-Encoding: ['gzip, deflate']
      CommandName: [acr import]
      Connection: [keep-alive]
      ParameterSetName: [-n --source -t]
      User-Agent: [python/3.6.4 (Windows-10-10.0.17763-SP0) msrest/0.6.2 msrest_azure/0.4.34
          containerregistrymanagementclient/2.4.0 Azure-SDK-For-Python AZURECLI/2.0.52]
      accept-language: [en-US]
    method: GET
    uri: https://management.azure.com/subscriptions/00000000-0000-0000-0000-000000000000/providers/Microsoft.ContainerRegistry/registries?api-version=2017-10-01
  response:
    body: {string: '{"value":[{"sku":{"name":"Premium","tier":"Premium"},"type":"Microsoft.ContainerRegistry/registries","id":"/subscriptions/00000000-0000-0000-0000-000000000000/resourceGroups/Natalie/providers/Microsoft.ContainerRegistry/registries/natalie","name":"natalie","location":"westus","tags":{},"properties":{"loginServer":"natalie.azurecr.io","creationDate":"2018-09-12T20:53:13.1484885Z","provisioningState":"Succeeded","adminUserEnabled":true,"firewallRulesEnabled":false,"firewallRules":[]}},{"sku":{"name":"Classic","tier":"Classic"},"type":"Microsoft.ContainerRegistry/registries","id":"/subscriptions/00000000-0000-0000-0000-000000000000/resourceGroups/natalie/providers/Microsoft.ContainerRegistry/registries/natalieClassicRegistry","name":"natalieClassicRegistry","location":"westus","tags":{},"properties":{"loginServer":"natalieclassicregistry.azurecr.io","creationDate":"2018-10-02T21:22:56.1077459Z","provisioningState":"Succeeded","adminUserEnabled":true,"storageAccount":{"id":"/subscriptions/00000000-0000-0000-0000-000000000000/resourceGroups/Natalie/providers/Microsoft.Storage/storageAccounts/natalieclassicregi212216"},"firewallRulesEnabled":false,"firewallRules":[]}},{"sku":{"name":"Standard","tier":"Standard"},"type":"Microsoft.ContainerRegistry/registries","id":"/subscriptions/00000000-0000-0000-0000-000000000000/resourceGroups/resourcegroupsamesub/providers/Microsoft.ContainerRegistry/registries/sourceregistrysamesub000002","name":"sourceregistrysamesub000002","location":"westus","tags":{},"properties":{"loginServer":"sourceregistrysamesub000002.azurecr.io","creationDate":"2018-12-11T21:33:22.547772Z","provisioningState":"Succeeded","adminUserEnabled":false,"firewallRulesEnabled":false,"firewallRules":[]}},{"sku":{"name":"Standard","tier":"Standard"},"type":"Microsoft.ContainerRegistry/registries","id":"/subscriptions/00000000-0000-0000-0000-000000000000/resourceGroups/clitest.rg000001/providers/Microsoft.ContainerRegistry/registries/targetregistry000003","name":"targetregistry000003","location":"eastus","tags":{},"properties":{"loginServer":"targetregistry000003.azurecr.io","creationDate":"2018-12-11T21:33:37.8788083Z","provisioningState":"Succeeded","adminUserEnabled":false,"firewallRulesEnabled":false,"firewallRules":[]}}]}'}
    headers:
      cache-control: [no-cache]
      content-length: ['2362']
      content-type: [application/json; charset=utf-8]
      date: ['Tue, 11 Dec 2018 21:34:33 GMT']
      expires: ['-1']
      pragma: [no-cache]
      strict-transport-security: [max-age=31536000; includeSubDomains]
      vary: [Accept-Encoding]
      x-content-type-options: [nosniff]
      x-ms-original-request-ids: ['', '']
    status: {code: 200, message: OK}
- request:
    body: 'b''{"source": {"resourceId": "/subscriptions/00000000-0000-0000-0000-000000000000/resourceGroups/resourcegroupsamesub/providers/Microsoft.ContainerRegistry/registries/sourceregistrysamesub000002",
      "sourceImage": "azure-cli@sha256:2d00e582eb3bff20a7febc04222aafda5bdc58df64bc1ddf74efbaf0e51dbba5"},
      "targetTags": ["repository_by_digest:tag_by_digest"], "mode": "NoForce"}'''
    headers:
      Accept: [application/json]
      Accept-Encoding: ['gzip, deflate']
      CommandName: [acr import]
      Connection: [keep-alive]
      Content-Length: ['380']
      Content-Type: [application/json; charset=utf-8]
      ParameterSetName: [-n --source -t]
      User-Agent: [python/3.6.4 (Windows-10-10.0.17763-SP0) msrest/0.6.2 msrest_azure/0.4.34
          containerregistrymanagementclient/2.4.0 Azure-SDK-For-Python AZURECLI/2.0.52]
      accept-language: [en-US]
    method: POST
    uri: https://management.azure.com/subscriptions/00000000-0000-0000-0000-000000000000/resourceGroups/clitest.rg000001/providers/Microsoft.ContainerRegistry/registries/targetregistry000003/importImage?api-version=2017-10-01
  response:
    body: {string: 'null'}
    headers:
      cache-control: [no-cache]
      content-length: ['4']
      content-type: [application/json; charset=utf-8]
      date: ['Tue, 11 Dec 2018 21:34:33 GMT']
      expires: ['-1']
      location: ['https://management.azure.com/subscriptions/00000000-0000-0000-0000-000000000000/providers/Microsoft.ContainerRegistry/locations/EASTUS/operationResults/registries-8c4aa85a-fd8c-11e8-8a3e-3c52826df3b6?api-version=2017-10-01']
      pragma: [no-cache]
      server: [Microsoft-HTTPAPI/2.0]
      strict-transport-security: [max-age=31536000; includeSubDomains]
      x-content-type-options: [nosniff]
      x-ms-ratelimit-remaining-subscription-writes: ['1195']
    status: {code: 202, message: Accepted}
- request:
    body: null
    headers:
      Accept: [application/json]
      Accept-Encoding: ['gzip, deflate']
      CommandName: [acr import]
      Connection: [keep-alive]
      ParameterSetName: [-n --source -t]
      User-Agent: [python/3.6.4 (Windows-10-10.0.17763-SP0) msrest/0.6.2 msrest_azure/0.4.34
          containerregistrymanagementclient/2.4.0 Azure-SDK-For-Python AZURECLI/2.0.52]
    method: GET
    uri: https://management.azure.com/subscriptions/00000000-0000-0000-0000-000000000000/providers/Microsoft.ContainerRegistry/locations/EASTUS/operationResults/registries-8c4aa85a-fd8c-11e8-8a3e-3c52826df3b6?api-version=2017-10-01
  response:
    body: {string: '{"repository_by_digest:tag_by_digest":"Pending","status":"Accepted"}'}
    headers:
      cache-control: [no-cache]
      content-length: ['68']
      content-type: [application/json; charset=utf-8]
      date: ['Tue, 11 Dec 2018 21:34:43 GMT']
      expires: ['-1']
      location: ['https://management.azure.com/subscriptions/00000000-0000-0000-0000-000000000000/providers/Microsoft.ContainerRegistry/locations/EASTUS/operationResults/registries-8c4aa85a-fd8c-11e8-8a3e-3c52826df3b6?api-version=2017-10-01']
      pragma: [no-cache]
      server: [Microsoft-HTTPAPI/2.0]
      strict-transport-security: [max-age=31536000; includeSubDomains]
      x-content-type-options: [nosniff]
    status: {code: 202, message: Accepted}
- request:
    body: null
    headers:
      Accept: [application/json]
      Accept-Encoding: ['gzip, deflate']
      CommandName: [acr import]
      Connection: [keep-alive]
      ParameterSetName: [-n --source -t]
      User-Agent: [python/3.6.4 (Windows-10-10.0.17763-SP0) msrest/0.6.2 msrest_azure/0.4.34
          containerregistrymanagementclient/2.4.0 Azure-SDK-For-Python AZURECLI/2.0.52]
    method: GET
    uri: https://management.azure.com/subscriptions/00000000-0000-0000-0000-000000000000/providers/Microsoft.ContainerRegistry/locations/EASTUS/operationResults/registries-8c4aa85a-fd8c-11e8-8a3e-3c52826df3b6?api-version=2017-10-01
  response:
    body: {string: '{"repository_by_digest:tag_by_digest":"Pending","status":"Accepted"}'}
    headers:
      cache-control: [no-cache]
      content-length: ['68']
      content-type: [application/json; charset=utf-8]
      date: ['Tue, 11 Dec 2018 21:34:54 GMT']
      expires: ['-1']
      location: ['https://management.azure.com/subscriptions/00000000-0000-0000-0000-000000000000/providers/Microsoft.ContainerRegistry/locations/EASTUS/operationResults/registries-8c4aa85a-fd8c-11e8-8a3e-3c52826df3b6?api-version=2017-10-01']
      pragma: [no-cache]
      server: [Microsoft-HTTPAPI/2.0]
      strict-transport-security: [max-age=31536000; includeSubDomains]
      x-content-type-options: [nosniff]
    status: {code: 202, message: Accepted}
- request:
    body: null
    headers:
      Accept: [application/json]
      Accept-Encoding: ['gzip, deflate']
      CommandName: [acr import]
      Connection: [keep-alive]
      ParameterSetName: [-n --source -t]
      User-Agent: [python/3.6.4 (Windows-10-10.0.17763-SP0) msrest/0.6.2 msrest_azure/0.4.34
          containerregistrymanagementclient/2.4.0 Azure-SDK-For-Python AZURECLI/2.0.52]
    method: GET
    uri: https://management.azure.com/subscriptions/00000000-0000-0000-0000-000000000000/providers/Microsoft.ContainerRegistry/locations/EASTUS/operationResults/registries-8c4aa85a-fd8c-11e8-8a3e-3c52826df3b6?api-version=2017-10-01
  response:
    body: {string: '{"status":"Succeeded"}'}
    headers:
      cache-control: [no-cache]
      content-length: ['22']
      content-type: [application/json; charset=utf-8]
      date: ['Tue, 11 Dec 2018 21:35:05 GMT']
      expires: ['-1']
      pragma: [no-cache]
      server: [Microsoft-HTTPAPI/2.0]
      strict-transport-security: [max-age=31536000; includeSubDomains]
      transfer-encoding: [chunked]
      vary: [Accept-Encoding]
      x-content-type-options: [nosniff]
    status: {code: 200, message: OK}
- request:
    body: null
    headers:
      Accept: [application/json]
      Accept-Encoding: ['gzip, deflate']
      CommandName: [acr import]
      Connection: [keep-alive]
      Content-Type: [application/json; charset=utf-8]
      ParameterSetName: [-n --source]
      User-Agent: [python/3.6.4 (Windows-10-10.0.17763-SP0) msrest/0.6.2 msrest_azure/0.4.34
          resourcemanagementclient/2.0.0 Azure-SDK-For-Python AZURECLI/2.0.52]
      accept-language: [en-US]
    method: GET
    uri: https://management.azure.com/subscriptions/00000000-0000-0000-0000-000000000000/resources?$filter=resourceType%20eq%20%27Microsoft.ContainerRegistry%2Fregistries%27&api-version=2018-05-01
  response:
    body: {string: '{"value":[{"id":"/subscriptions/00000000-0000-0000-0000-000000000000/resourceGroups/clitest.rg000001/providers/Microsoft.ContainerRegistry/registries/targetregistry000003","name":"targetregistry000003","type":"Microsoft.ContainerRegistry/registries","sku":{"name":"Standard","tier":"Standard"},"location":"eastus","tags":{}},{"id":"/subscriptions/00000000-0000-0000-0000-000000000000/resourceGroups/Natalie/providers/Microsoft.ContainerRegistry/registries/natalie","name":"natalie","type":"Microsoft.ContainerRegistry/registries","sku":{"name":"Premium","tier":"Premium"},"location":"westus","tags":{}},{"id":"/subscriptions/00000000-0000-0000-0000-000000000000/resourceGroups/natalie/providers/Microsoft.ContainerRegistry/registries/natalieClassicRegistry","name":"natalieClassicRegistry","type":"Microsoft.ContainerRegistry/registries","sku":{"name":"Classic","tier":"Classic"},"location":"westus","tags":{}},{"id":"/subscriptions/00000000-0000-0000-0000-000000000000/resourceGroups/resourcegroupsamesub/providers/Microsoft.ContainerRegistry/registries/sourceregistrysamesub000002","name":"sourceregistrysamesub000002","type":"Microsoft.ContainerRegistry/registries","sku":{"name":"Standard","tier":"Standard"},"location":"westus","tags":{}}]}'}
    headers:
      cache-control: [no-cache]
      content-length: ['1330']
      content-type: [application/json; charset=utf-8]
      date: ['Tue, 11 Dec 2018 21:35:06 GMT']
      expires: ['-1']
      pragma: [no-cache]
      strict-transport-security: [max-age=31536000; includeSubDomains]
      vary: [Accept-Encoding]
      x-content-type-options: [nosniff]
    status: {code: 200, message: OK}
- request:
    body: null
    headers:
      Accept: [application/json]
      Accept-Encoding: ['gzip, deflate']
      CommandName: [acr import]
      Connection: [keep-alive]
      ParameterSetName: [-n --source]
      User-Agent: [python/3.6.4 (Windows-10-10.0.17763-SP0) msrest/0.6.2 msrest_azure/0.4.34
          containerregistrymanagementclient/2.4.0 Azure-SDK-For-Python AZURECLI/2.0.52]
      accept-language: [en-US]
    method: GET
    uri: https://management.azure.com/subscriptions/00000000-0000-0000-0000-000000000000/resourceGroups/clitest.rg000001/providers/Microsoft.ContainerRegistry/registries/targetregistry000003?api-version=2017-10-01
  response:
    body: {string: '{"sku":{"name":"Standard","tier":"Standard"},"type":"Microsoft.ContainerRegistry/registries","id":"/subscriptions/00000000-0000-0000-0000-000000000000/resourceGroups/clitest.rg000001/providers/Microsoft.ContainerRegistry/registries/targetregistry000003","name":"targetregistry000003","location":"eastus","tags":{},"properties":{"loginServer":"targetregistry000003.azurecr.io","creationDate":"2018-12-11T21:33:37.8788083Z","provisioningState":"Succeeded","adminUserEnabled":false,"firewallRulesEnabled":false,"firewallRules":[]}}'}
    headers:
      cache-control: [no-cache]
      content-length: ['587']
      content-type: [application/json; charset=utf-8]
      date: ['Tue, 11 Dec 2018 21:35:07 GMT']
      expires: ['-1']
      pragma: [no-cache]
      server: [Microsoft-HTTPAPI/2.0]
      strict-transport-security: [max-age=31536000; includeSubDomains]
      transfer-encoding: [chunked]
      vary: [Accept-Encoding]
      x-content-type-options: [nosniff]
    status: {code: 200, message: OK}
- request:
    body: null
    headers:
      Accept: [application/json]
      Accept-Encoding: ['gzip, deflate']
      CommandName: [acr import]
      Connection: [keep-alive]
      ParameterSetName: [-n --source]
      User-Agent: [python/3.6.4 (Windows-10-10.0.17763-SP0) msrest/0.6.2 msrest_azure/0.4.34
          containerregistrymanagementclient/2.4.0 Azure-SDK-For-Python AZURECLI/2.0.52]
      accept-language: [en-US]
    method: GET
    uri: https://management.azure.com/subscriptions/00000000-0000-0000-0000-000000000000/providers/Microsoft.ContainerRegistry/registries?api-version=2017-10-01
  response:
    body: {string: '{"value":[{"sku":{"name":"Premium","tier":"Premium"},"type":"Microsoft.ContainerRegistry/registries","id":"/subscriptions/00000000-0000-0000-0000-000000000000/resourceGroups/Natalie/providers/Microsoft.ContainerRegistry/registries/natalie","name":"natalie","location":"westus","tags":{},"properties":{"loginServer":"natalie.azurecr.io","creationDate":"2018-09-12T20:53:13.1484885Z","provisioningState":"Succeeded","adminUserEnabled":true,"firewallRulesEnabled":false,"firewallRules":[]}},{"sku":{"name":"Classic","tier":"Classic"},"type":"Microsoft.ContainerRegistry/registries","id":"/subscriptions/00000000-0000-0000-0000-000000000000/resourceGroups/natalie/providers/Microsoft.ContainerRegistry/registries/natalieClassicRegistry","name":"natalieClassicRegistry","location":"westus","tags":{},"properties":{"loginServer":"natalieclassicregistry.azurecr.io","creationDate":"2018-10-02T21:22:56.1077459Z","provisioningState":"Succeeded","adminUserEnabled":true,"storageAccount":{"id":"/subscriptions/00000000-0000-0000-0000-000000000000/resourceGroups/Natalie/providers/Microsoft.Storage/storageAccounts/natalieclassicregi212216"},"firewallRulesEnabled":false,"firewallRules":[]}},{"sku":{"name":"Standard","tier":"Standard"},"type":"Microsoft.ContainerRegistry/registries","id":"/subscriptions/00000000-0000-0000-0000-000000000000/resourceGroups/resourcegroupsamesub/providers/Microsoft.ContainerRegistry/registries/sourceregistrysamesub000002","name":"sourceregistrysamesub000002","location":"westus","tags":{},"properties":{"loginServer":"sourceregistrysamesub000002.azurecr.io","creationDate":"2018-12-11T21:33:22.547772Z","provisioningState":"Succeeded","adminUserEnabled":false,"firewallRulesEnabled":false,"firewallRules":[]}},{"sku":{"name":"Standard","tier":"Standard"},"type":"Microsoft.ContainerRegistry/registries","id":"/subscriptions/00000000-0000-0000-0000-000000000000/resourceGroups/clitest.rg000001/providers/Microsoft.ContainerRegistry/registries/targetregistry000003","name":"targetregistry000003","location":"eastus","tags":{},"properties":{"loginServer":"targetregistry000003.azurecr.io","creationDate":"2018-12-11T21:33:37.8788083Z","provisioningState":"Succeeded","adminUserEnabled":false,"firewallRulesEnabled":false,"firewallRules":[]}}]}'}
    headers:
      cache-control: [no-cache]
      content-length: ['2362']
      content-type: [application/json; charset=utf-8]
      date: ['Tue, 11 Dec 2018 21:35:07 GMT']
      expires: ['-1']
      pragma: [no-cache]
      strict-transport-security: [max-age=31536000; includeSubDomains]
      vary: [Accept-Encoding]
      x-content-type-options: [nosniff]
      x-ms-original-request-ids: ['', '']
    status: {code: 200, message: OK}
- request:
    body: '{"source": {"registryUri": "registry.hub.docker.com", "sourceImage": "library/hello-world"},
      "targetTags": ["library/hello-world"], "mode": "NoForce"}'
    headers:
      Accept: [application/json]
      Accept-Encoding: ['gzip, deflate']
      CommandName: [acr import]
      Connection: [keep-alive]
      Content-Length: ['150']
      Content-Type: [application/json; charset=utf-8]
      ParameterSetName: [-n --source]
      User-Agent: [python/3.6.4 (Windows-10-10.0.17763-SP0) msrest/0.6.2 msrest_azure/0.4.34
          containerregistrymanagementclient/2.4.0 Azure-SDK-For-Python AZURECLI/2.0.52]
      accept-language: [en-US]
    method: POST
    uri: https://management.azure.com/subscriptions/00000000-0000-0000-0000-000000000000/resourceGroups/clitest.rg000001/providers/Microsoft.ContainerRegistry/registries/targetregistry000003/importImage?api-version=2017-10-01
  response:
    body: {string: 'null'}
    headers:
      cache-control: [no-cache]
      content-length: ['4']
      content-type: [application/json; charset=utf-8]
      date: ['Tue, 11 Dec 2018 21:35:08 GMT']
      expires: ['-1']
      location: ['https://management.azure.com/subscriptions/00000000-0000-0000-0000-000000000000/providers/Microsoft.ContainerRegistry/locations/EASTUS/operationResults/registries-a054a274-fd8c-11e8-96c6-3c52826df3b6?api-version=2017-10-01']
      pragma: [no-cache]
      server: [Microsoft-HTTPAPI/2.0]
      strict-transport-security: [max-age=31536000; includeSubDomains]
      x-content-type-options: [nosniff]
      x-ms-ratelimit-remaining-subscription-writes: ['1195']
    status: {code: 202, message: Accepted}
- request:
    body: null
    headers:
      Accept: [application/json]
      Accept-Encoding: ['gzip, deflate']
      CommandName: [acr import]
      Connection: [keep-alive]
      ParameterSetName: [-n --source]
      User-Agent: [python/3.6.4 (Windows-10-10.0.17763-SP0) msrest/0.6.2 msrest_azure/0.4.34
          containerregistrymanagementclient/2.4.0 Azure-SDK-For-Python AZURECLI/2.0.52]
    method: GET
    uri: https://management.azure.com/subscriptions/00000000-0000-0000-0000-000000000000/providers/Microsoft.ContainerRegistry/locations/EASTUS/operationResults/registries-a054a274-fd8c-11e8-96c6-3c52826df3b6?api-version=2017-10-01
  response:
    body: {string: '{"status":"Succeeded"}'}
    headers:
      cache-control: [no-cache]
      content-length: ['22']
      content-type: [application/json; charset=utf-8]
      date: ['Tue, 11 Dec 2018 21:35:17 GMT']
      expires: ['-1']
      pragma: [no-cache]
      server: [Microsoft-HTTPAPI/2.0]
      strict-transport-security: [max-age=31536000; includeSubDomains]
      transfer-encoding: [chunked]
      vary: [Accept-Encoding]
      x-content-type-options: [nosniff]
    status: {code: 200, message: OK}
- request:
    body: null
    headers:
      Accept: [application/json]
      Accept-Encoding: ['gzip, deflate']
      CommandName: [ad sp create-for-rbac]
      Connection: [keep-alive]
      ParameterSetName: [--name --scopes --role]
      User-Agent: [python/3.6.4 (Windows-10-10.0.17763-SP0) msrest/0.6.2 msrest_azure/0.4.34
          azure-graphrbac/0.53.0 Azure-SDK-For-Python AZURECLI/2.0.52]
      accept-language: [en-US]
    method: GET
    uri: https://graph.windows.net/00000000-0000-0000-0000-000000000000/servicePrincipals?$filter=servicePrincipalNames%2Fany%28x%3Ax%20eq%20%27http%3A%2F%2Fsp_access_source_registry%27%29&api-version=1.6
  response:
    body: {string: '{"odata.metadata":"https://graph.windows.net/00000000-0000-0000-0000-000000000000/$metadata#directoryObjects","value":[]}'}
    headers:
      access-control-allow-origin: ['*']
      cache-control: [no-cache]
      content-length: ['121']
      content-type: [application/json; odata=minimalmetadata; streaming=true; charset=utf-8]
      dataserviceversion: [3.0;]
      date: ['Tue, 11 Dec 2018 21:35:21 GMT']
      duration: ['615269']
      expires: ['-1']
      ocp-aad-diagnostics-server-name: [qg62oDc8M5MhsuZ0i0axkKSX8o9O0cpnMKv2rNkFY8w=]
      ocp-aad-session-key: [N3WFeXLduJzzIJaXyOFrrtU7NqS8yBYcBUDNu9HFT_6vgKXS3TEEhbBNHuT81lC9uIg0RC2DKkruT3OCCLIXOXXwMYtUu6KxDTqaua5iRbpsgm_McqPXqcGD6gqi3G7j1te6HSgGyxcuM0WK0NJkkQ.GbBKEpNtuyjvJ3gHsaRu5gr7XYS2NVD_Joa0xrauL_0]
      pragma: [no-cache]
      request-id: [282155bb-f75d-452c-82ac-23493ba4cd70]
      server: [Microsoft-IIS/10.0]
      strict-transport-security: [max-age=31536000; includeSubDomains]
      x-aspnet-version: [4.0.30319]
      x-ms-dirapi-data-contract-version: ['1.6']
      x-powered-by: [ASP.NET]
    status: {code: 200, message: OK}
- request:
    body: '{"availableToOtherTenants": false, "displayName": "sp_access_source_registry",
      "homepage": "https://sp_access_source_registry", "identifierUris": ["http://sp_access_source_registry"],
      "passwordCredentials": [{"startDate": "2018-12-11T21:35:21.335746Z", "endDate":
      "2019-12-11T21:35:21.335746Z", "keyId": "e480e864-4978-438e-85fc-45a8ac904d9a",
      "value": "2dfb0ee4-80c5-4a39-9b6f-9d0b6265cce1", "customKeyIdentifier": "//5yAGIAYQBjAA=="}]}'
    headers:
      Accept: [application/json]
      Accept-Encoding: ['gzip, deflate']
      CommandName: [ad sp create-for-rbac]
      Connection: [keep-alive]
      Content-Length: ['437']
      Content-Type: [application/json; charset=utf-8]
      ParameterSetName: [--name --scopes --role]
      User-Agent: [python/3.6.4 (Windows-10-10.0.17763-SP0) msrest/0.6.2 msrest_azure/0.4.34
          azure-graphrbac/0.53.0 Azure-SDK-For-Python AZURECLI/2.0.52]
      accept-language: [en-US]
    method: POST
    uri: https://graph.windows.net/00000000-0000-0000-0000-000000000000/applications?api-version=1.6
  response:
    body: {string: '{"odata.metadata":"https://graph.windows.net/00000000-0000-0000-0000-000000000000/$metadata#directoryObjects/Microsoft.DirectoryServices.Application/@Element","odata.type":"Microsoft.DirectoryServices.Application","objectType":"Application","objectId":"c08531b7-9484-4ce3-bb82-5952fa6c5745","deletionTimestamp":null,"acceptMappedClaims":null,"addIns":[],"appId":"fe03ad63-508d-46fb-b307-9b08138d1f9f","appRoles":[],"availableToOtherTenants":false,"displayName":"sp_access_source_registry","errorUrl":null,"groupMembershipClaims":null,"homepage":"https://sp_access_source_registry","identifierUris":["http://sp_access_source_registry"],"informationalUrls":{"termsOfService":null,"support":null,"privacy":null,"marketing":null},"isDeviceOnlyAuthSupported":null,"keyCredentials":[],"knownClientApplications":[],"logoutUrl":null,"logo@odata.mediaContentType":"application/json;odata=minimalmetadata;
        charset=utf-8","logoUrl":null,"oauth2AllowIdTokenImplicitFlow":true,"oauth2AllowImplicitFlow":false,"oauth2AllowUrlPathMatching":false,"oauth2Permissions":[{"adminConsentDescription":"Allow
        the application to access sp_access_source_registry on behalf of the signed-in
        user.","adminConsentDisplayName":"Access sp_access_source_registry","id":"a48dec26-2cac-4392-9d6c-d782f006acab","isEnabled":true,"type":"User","userConsentDescription":"Allow
        the application to access sp_access_source_registry on your behalf.","userConsentDisplayName":"Access
        sp_access_source_registry","value":"user_impersonation"}],"oauth2RequirePostResponse":false,"optionalClaims":null,"orgRestrictions":[],"parentalControlSettings":{"countriesBlockedForMinors":[],"legalAgeGroupRule":"Allow"},"passwordCredentials":[{"customKeyIdentifier":"//5yAGIAYQBjAA==","endDate":"2019-12-11T21:35:21.335746Z","keyId":"e480e864-4978-438e-85fc-45a8ac904d9a","startDate":"2018-12-11T21:35:21.335746Z","value":null}],"publicClient":null,"publisherDomain":"microsoft.onmicrosoft.com","recordConsentConditions":null,"replyUrls":[],"requiredResourceAccess":[],"samlMetadataUrl":null,"signInAudience":"AzureADMyOrg","tokenEncryptionKeyId":null}'}
    headers:
      access-control-allow-origin: ['*']
      cache-control: [no-cache]
      content-length: ['2096']
      content-type: [application/json; odata=minimalmetadata; streaming=true; charset=utf-8]
      dataserviceversion: [3.0;]
      date: ['Tue, 11 Dec 2018 21:35:21 GMT']
      duration: ['3073975']
      expires: ['-1']
      location: ['https://graph.windows.net/00000000-0000-0000-0000-000000000000/directoryObjects/c08531b7-9484-4ce3-bb82-5952fa6c5745/Microsoft.DirectoryServices.Application']
      ocp-aad-diagnostics-server-name: [PkCvv/QKIhw9uu/OmXUHm5LBeaURLjYgLYT6Rc6GAzs=]
      ocp-aad-session-key: [YMgYNoBFQnd2rMDF41AAx4UBZpP2qm5GCgNCpJSousmfP4DDoN-tjm2HK8zRJZSeTqYzwhcP0N13kT1XVln05lD4z_kWUnKxBsF-x5i910x3H9oKIe8vTt5WyGThpjg-BKeIy0B57Xn5guDeRM2iVw.hSZrw3WYL_212qSRlEwPaMxgHqNOneULseFk8Rq7d40]
      pragma: [no-cache]
      request-id: [3b1a4ef7-969c-4132-9cf5-495a90b89cf3]
      server: [Microsoft-IIS/10.0]
      strict-transport-security: [max-age=31536000; includeSubDomains]
      x-aspnet-version: [4.0.30319]
      x-content-type-options: [nosniff]
      x-ms-dirapi-data-contract-version: ['1.6']
      x-powered-by: [ASP.NET]
    status: {code: 201, message: Created}
- request:
    body: '{"accountEnabled": true, "appId": "fe03ad63-508d-46fb-b307-9b08138d1f9f"}'
    headers:
      Accept: [application/json]
      Accept-Encoding: ['gzip, deflate']
      CommandName: [ad sp create-for-rbac]
      Connection: [keep-alive]
      Content-Length: ['73']
      Content-Type: [application/json; charset=utf-8]
      ParameterSetName: [--name --scopes --role]
      User-Agent: [python/3.6.4 (Windows-10-10.0.17763-SP0) msrest/0.6.2 msrest_azure/0.4.34
          azure-graphrbac/0.53.0 Azure-SDK-For-Python AZURECLI/2.0.52]
      accept-language: [en-US]
    method: POST
    uri: https://graph.windows.net/00000000-0000-0000-0000-000000000000/servicePrincipals?api-version=1.6
  response:
    body: {string: '{"odata.metadata":"https://graph.windows.net/00000000-0000-0000-0000-000000000000/$metadata#directoryObjects/Microsoft.DirectoryServices.ServicePrincipal/@Element","odata.type":"Microsoft.DirectoryServices.ServicePrincipal","objectType":"ServicePrincipal","objectId":"1602b18b-ae95-4955-970f-82875a8bab47","deletionTimestamp":null,"accountEnabled":true,"addIns":[],"alternativeNames":[],"appDisplayName":"sp_access_source_registry","appId":"fe03ad63-508d-46fb-b307-9b08138d1f9f","appOwnerTenantId":"72f988bf-86f1-41af-91ab-2d7cd011db47","appRoleAssignmentRequired":false,"appRoles":[],"displayName":"sp_access_source_registry","errorUrl":null,"homepage":"https://sp_access_source_registry","keyCredentials":[],"logoutUrl":null,"oauth2Permissions":[{"adminConsentDescription":"Allow
        the application to access sp_access_source_registry on behalf of the signed-in
        user.","adminConsentDisplayName":"Access sp_access_source_registry","id":"a48dec26-2cac-4392-9d6c-d782f006acab","isEnabled":true,"type":"User","userConsentDescription":"Allow
        the application to access sp_access_source_registry on your behalf.","userConsentDisplayName":"Access
        sp_access_source_registry","value":"user_impersonation"}],"passwordCredentials":[],"preferredTokenSigningKeyThumbprint":null,"publisherName":"Microsoft","replyUrls":[],"samlMetadataUrl":null,"servicePrincipalNames":["fe03ad63-508d-46fb-b307-9b08138d1f9f","http://sp_access_source_registry"],"servicePrincipalType":"Application","signInAudience":"AzureADMyOrg","tags":[],"tokenEncryptionKeyId":null}'}
    headers:
      access-control-allow-origin: ['*']
      cache-control: [no-cache]
      content-length: ['1536']
      content-type: [application/json; odata=minimalmetadata; streaming=true; charset=utf-8]
      dataserviceversion: [3.0;]
      date: ['Tue, 11 Dec 2018 21:35:21 GMT']
      duration: ['2390687']
      expires: ['-1']
      location: ['https://graph.windows.net/00000000-0000-0000-0000-000000000000/directoryObjects/1602b18b-ae95-4955-970f-82875a8bab47/Microsoft.DirectoryServices.ServicePrincipal']
      ocp-aad-diagnostics-server-name: [1Sw93lDg24rWQqiNnfxG0tmtbhuAcSA9P0X1MIiqPnE=]
      ocp-aad-session-key: [0d_BiQBsFKUJrFdLG0LxBLbjVdOGAVmMf2gjuFGSuJrhggZRH701gOy4BQFLNhSDwB04j3GOal6QLTzuIo-I-O_2fk9HYqeaHrqK9QbBXuYyqDWeoFjgogJAlIZa5MCO-7QB9g69IsCF43DFXCLFNg.dUiZNPlMCb2x5_Lf-edTEQFfEEHIT6Pd6YywsBFlXt0]
      pragma: [no-cache]
      request-id: [322f9d83-2e5d-42f2-b895-47f968312314]
      server: [Microsoft-IIS/10.0]
      strict-transport-security: [max-age=31536000; includeSubDomains]
      x-aspnet-version: [4.0.30319]
      x-content-type-options: [nosniff]
      x-ms-dirapi-data-contract-version: ['1.6']
      x-powered-by: [ASP.NET]
    status: {code: 201, message: Created}
- request:
    body: null
    headers:
      Accept: [application/json]
      Accept-Encoding: ['gzip, deflate']
      CommandName: [ad sp create-for-rbac]
      Connection: [keep-alive]
      Content-Type: [application/json; charset=utf-8]
      ParameterSetName: [--name --scopes --role]
      User-Agent: [python/3.6.4 (Windows-10-10.0.17763-SP0) msrest/0.6.2 msrest_azure/0.4.34
          azure-mgmt-authorization/0.50.0 Azure-SDK-For-Python AZURECLI/2.0.52]
      accept-language: [en-US]
    method: GET
    uri: https://management.azure.com/subscriptions/00000000-0000-0000-0000-000000000000/resourcegroups/resourcegroupdiffsub/providers/Microsoft.ContainerRegistry/registries/sourceregistrydiffsub/providers/Microsoft.Authorization/roleDefinitions?$filter=roleName%20eq%20%27owner%27&api-version=2018-01-01-preview
  response:
    body: {string: '{"value":[{"properties":{"roleName":"Owner","type":"BuiltInRole","description":"Lets
        you manage everything, including access to resources.","assignableScopes":["/"],"permissions":[{"actions":["*"],"notActions":[],"dataActions":[],"notDataActions":[]}],"createdOn":"0001-01-01T08:00:00.0000000Z","updatedOn":"2016-05-31T23:14:00.9179619Z","createdBy":null,"updatedBy":null},"id":"/subscriptions/00000000-0000-0000-0000-000000000000/providers/Microsoft.Authorization/roleDefinitions/8e3af657-a8ff-443c-a75c-2fe8c4bcb635","type":"Microsoft.Authorization/roleDefinitions","name":"8e3af657-a8ff-443c-a75c-2fe8c4bcb635"}]}'}
    headers:
      cache-control: [no-cache]
      content-length: ['616']
      content-type: [application/json; charset=utf-8]
      date: ['Tue, 11 Dec 2018 21:35:22 GMT']
      expires: ['-1']
      pragma: [no-cache]
      server: [Microsoft-IIS/10.0]
      set-cookie: [x-ms-gateway-slice=productionb; path=/; secure; HttpOnly]
      strict-transport-security: [max-age=31536000; includeSubDomains]
      transfer-encoding: [chunked]
      vary: [Accept-Encoding]
      x-content-type-options: [nosniff]
      x-ms-request-charge: ['1']
    status: {code: 200, message: OK}
- request:
    body: '{"properties": {"roleDefinitionId": "/subscriptions/00000000-0000-0000-0000-000000000000/providers/Microsoft.Authorization/roleDefinitions/8e3af657-a8ff-443c-a75c-2fe8c4bcb635",
      "principalId": "1602b18b-ae95-4955-970f-82875a8bab47"}}'
    headers:
      Accept: [application/json]
      Accept-Encoding: ['gzip, deflate']
      CommandName: [ad sp create-for-rbac]
      Connection: [keep-alive]
      Content-Length: ['233']
      Content-Type: [application/json; charset=utf-8]
      Cookie: [x-ms-gateway-slice=productionb]
      ParameterSetName: [--name --scopes --role]
      User-Agent: [python/3.6.4 (Windows-10-10.0.17763-SP0) msrest/0.6.2 msrest_azure/0.4.34
          azure-mgmt-authorization/0.50.0 Azure-SDK-For-Python AZURECLI/2.0.52]
      accept-language: [en-US]
    method: PUT
    uri: https://management.azure.com/subscriptions/00000000-0000-0000-0000-000000000000/resourcegroups/resourcegroupdiffsub/providers/Microsoft.ContainerRegistry/registries/sourceregistrydiffsub/providers/Microsoft.Authorization/roleAssignments/5ec4be8f-66b8-4de4-b7a4-928adcbebda2?api-version=2018-01-01-preview
  response:
    body: {string: '{"error":{"code":"PrincipalNotFound","message":"Principal 1602b18bae954955970f82875a8bab47
        does not exist in the directory 72f988bf-86f1-41af-91ab-2d7cd011db47."}}'}
    headers:
      cache-control: [no-cache]
      content-length: ['163']
      content-type: [application/json; charset=utf-8]
      date: ['Tue, 11 Dec 2018 21:35:23 GMT']
      expires: ['-1']
      pragma: [no-cache]
      server: [Microsoft-IIS/10.0]
      set-cookie: [x-ms-gateway-slice=productionb; path=/; secure; HttpOnly]
      strict-transport-security: [max-age=31536000; includeSubDomains]
      x-content-type-options: [nosniff]
      x-ms-ratelimit-remaining-subscription-writes: ['1198']
    status: {code: 400, message: Bad Request}
- request:
    body: null
    headers:
      Accept: [application/json]
      Accept-Encoding: ['gzip, deflate']
      CommandName: [ad sp create-for-rbac]
      Connection: [keep-alive]
      Content-Type: [application/json; charset=utf-8]
      ParameterSetName: [--name --scopes --role]
      User-Agent: [python/3.6.4 (Windows-10-10.0.17763-SP0) msrest/0.6.2 msrest_azure/0.4.34
          azure-mgmt-authorization/0.50.0 Azure-SDK-For-Python AZURECLI/2.0.52]
      accept-language: [en-US]
    method: GET
    uri: https://management.azure.com/subscriptions/00000000-0000-0000-0000-000000000000/resourcegroups/resourcegroupdiffsub/providers/Microsoft.ContainerRegistry/registries/sourceregistrydiffsub/providers/Microsoft.Authorization/roleDefinitions?$filter=roleName%20eq%20%27owner%27&api-version=2018-01-01-preview
  response:
    body: {string: '{"value":[{"properties":{"roleName":"Owner","type":"BuiltInRole","description":"Lets
        you manage everything, including access to resources.","assignableScopes":["/"],"permissions":[{"actions":["*"],"notActions":[],"dataActions":[],"notDataActions":[]}],"createdOn":"0001-01-01T08:00:00.0000000Z","updatedOn":"2016-05-31T23:14:00.9179619Z","createdBy":null,"updatedBy":null},"id":"/subscriptions/00000000-0000-0000-0000-000000000000/providers/Microsoft.Authorization/roleDefinitions/8e3af657-a8ff-443c-a75c-2fe8c4bcb635","type":"Microsoft.Authorization/roleDefinitions","name":"8e3af657-a8ff-443c-a75c-2fe8c4bcb635"}]}'}
    headers:
      cache-control: [no-cache]
      content-length: ['616']
      content-type: [application/json; charset=utf-8]
      date: ['Tue, 11 Dec 2018 21:35:29 GMT']
      expires: ['-1']
      pragma: [no-cache]
      server: [Microsoft-IIS/10.0]
      set-cookie: [x-ms-gateway-slice=productionb; path=/; secure; HttpOnly]
      strict-transport-security: [max-age=31536000; includeSubDomains]
      transfer-encoding: [chunked]
      vary: [Accept-Encoding]
      x-content-type-options: [nosniff]
      x-ms-request-charge: ['1']
    status: {code: 200, message: OK}
- request:
    body: '{"properties": {"roleDefinitionId": "/subscriptions/00000000-0000-0000-0000-000000000000/providers/Microsoft.Authorization/roleDefinitions/8e3af657-a8ff-443c-a75c-2fe8c4bcb635",
      "principalId": "1602b18b-ae95-4955-970f-82875a8bab47"}}'
    headers:
      Accept: [application/json]
      Accept-Encoding: ['gzip, deflate']
      CommandName: [ad sp create-for-rbac]
      Connection: [keep-alive]
      Content-Length: ['233']
      Content-Type: [application/json; charset=utf-8]
      Cookie: [x-ms-gateway-slice=productionb]
      ParameterSetName: [--name --scopes --role]
      User-Agent: [python/3.6.4 (Windows-10-10.0.17763-SP0) msrest/0.6.2 msrest_azure/0.4.34
          azure-mgmt-authorization/0.50.0 Azure-SDK-For-Python AZURECLI/2.0.52]
      accept-language: [en-US]
    method: PUT
    uri: https://management.azure.com/subscriptions/00000000-0000-0000-0000-000000000000/resourcegroups/resourcegroupdiffsub/providers/Microsoft.ContainerRegistry/registries/sourceregistrydiffsub/providers/Microsoft.Authorization/roleAssignments/18dd918c-e9b3-4988-98cd-7e5f36e428ce?api-version=2018-01-01-preview
  response:
    body: {string: '{"properties":{"roleDefinitionId":"/subscriptions/00000000-0000-0000-0000-000000000000/providers/Microsoft.Authorization/roleDefinitions/8e3af657-a8ff-443c-a75c-2fe8c4bcb635","principalId":"1602b18b-ae95-4955-970f-82875a8bab47","principalType":"ServicePrincipal","scope":"/subscriptions/00000000-0000-0000-0000-000000000000/resourcegroups/resourcegroupdiffsub/providers/Microsoft.ContainerRegistry/registries/sourceregistrydiffsub","createdOn":"2018-12-11T21:35:30.1598175Z","updatedOn":"2018-12-11T21:35:30.1598175Z","createdBy":null,"updatedBy":"9220bc58-9577-4c88-a515-17de1d839b2b"},"id":"/subscriptions/00000000-0000-0000-0000-000000000000/resourcegroups/resourcegroupdiffsub/providers/Microsoft.ContainerRegistry/registries/sourceregistrydiffsub/providers/Microsoft.Authorization/roleAssignments/18dd918c-e9b3-4988-98cd-7e5f36e428ce","type":"Microsoft.Authorization/roleAssignments","name":"18dd918c-e9b3-4988-98cd-7e5f36e428ce"}'}
    headers:
      cache-control: [no-cache]
      content-length: ['935']
      content-type: [application/json; charset=utf-8]
      date: ['Tue, 11 Dec 2018 21:35:31 GMT']
      expires: ['-1']
      pragma: [no-cache]
      server: [Microsoft-IIS/10.0]
      set-cookie: [x-ms-gateway-slice=productionb; path=/; secure; HttpOnly]
      strict-transport-security: [max-age=31536000; includeSubDomains]
      x-content-type-options: [nosniff]
      x-ms-ratelimit-remaining-subscription-writes: ['1198']
      x-ms-request-charge: ['2']
    status: {code: 201, message: Created}
- request:
    body: null
    headers:
      Accept: [application/json]
      Accept-Encoding: ['gzip, deflate']
      CommandName: [acr import]
      Connection: [keep-alive]
      Content-Type: [application/json; charset=utf-8]
      ParameterSetName: [-n --source -u -p]
      User-Agent: [python/3.6.4 (Windows-10-10.0.17763-SP0) msrest/0.6.2 msrest_azure/0.4.34
          resourcemanagementclient/2.0.0 Azure-SDK-For-Python AZURECLI/2.0.52]
      accept-language: [en-US]
    method: GET
    uri: https://management.azure.com/subscriptions/00000000-0000-0000-0000-000000000000/resources?$filter=resourceType%20eq%20%27Microsoft.ContainerRegistry%2Fregistries%27&api-version=2018-05-01
  response:
    body: {string: '{"value":[{"id":"/subscriptions/00000000-0000-0000-0000-000000000000/resourceGroups/clitest.rg000001/providers/Microsoft.ContainerRegistry/registries/targetregistry000003","name":"targetregistry000003","type":"Microsoft.ContainerRegistry/registries","sku":{"name":"Standard","tier":"Standard"},"location":"eastus","tags":{}},{"id":"/subscriptions/00000000-0000-0000-0000-000000000000/resourceGroups/Natalie/providers/Microsoft.ContainerRegistry/registries/natalie","name":"natalie","type":"Microsoft.ContainerRegistry/registries","sku":{"name":"Premium","tier":"Premium"},"location":"westus","tags":{}},{"id":"/subscriptions/00000000-0000-0000-0000-000000000000/resourceGroups/natalie/providers/Microsoft.ContainerRegistry/registries/natalieClassicRegistry","name":"natalieClassicRegistry","type":"Microsoft.ContainerRegistry/registries","sku":{"name":"Classic","tier":"Classic"},"location":"westus","tags":{}},{"id":"/subscriptions/00000000-0000-0000-0000-000000000000/resourceGroups/resourcegroupsamesub/providers/Microsoft.ContainerRegistry/registries/sourceregistrysamesub000002","name":"sourceregistrysamesub000002","type":"Microsoft.ContainerRegistry/registries","sku":{"name":"Standard","tier":"Standard"},"location":"westus","tags":{}}]}'}
    headers:
      cache-control: [no-cache]
      content-length: ['1330']
      content-type: [application/json; charset=utf-8]
      date: ['Tue, 11 Dec 2018 21:35:31 GMT']
      expires: ['-1']
      pragma: [no-cache]
      strict-transport-security: [max-age=31536000; includeSubDomains]
      vary: [Accept-Encoding]
      x-content-type-options: [nosniff]
    status: {code: 200, message: OK}
- request:
    body: null
    headers:
      Accept: [application/json]
      Accept-Encoding: ['gzip, deflate']
      CommandName: [acr import]
      Connection: [keep-alive]
      ParameterSetName: [-n --source -u -p]
      User-Agent: [python/3.6.4 (Windows-10-10.0.17763-SP0) msrest/0.6.2 msrest_azure/0.4.34
          containerregistrymanagementclient/2.4.0 Azure-SDK-For-Python AZURECLI/2.0.52]
      accept-language: [en-US]
    method: GET
    uri: https://management.azure.com/subscriptions/00000000-0000-0000-0000-000000000000/resourceGroups/clitest.rg000001/providers/Microsoft.ContainerRegistry/registries/targetregistry000003?api-version=2017-10-01
  response:
    body: {string: '{"sku":{"name":"Standard","tier":"Standard"},"type":"Microsoft.ContainerRegistry/registries","id":"/subscriptions/00000000-0000-0000-0000-000000000000/resourceGroups/clitest.rg000001/providers/Microsoft.ContainerRegistry/registries/targetregistry000003","name":"targetregistry000003","location":"eastus","tags":{},"properties":{"loginServer":"targetregistry000003.azurecr.io","creationDate":"2018-12-11T21:33:37.8788083Z","provisioningState":"Succeeded","adminUserEnabled":false,"firewallRulesEnabled":false,"firewallRules":[]}}'}
    headers:
      cache-control: [no-cache]
      content-length: ['587']
      content-type: [application/json; charset=utf-8]
      date: ['Tue, 11 Dec 2018 21:35:31 GMT']
      expires: ['-1']
      pragma: [no-cache]
      server: [Microsoft-HTTPAPI/2.0]
      strict-transport-security: [max-age=31536000; includeSubDomains]
      transfer-encoding: [chunked]
      vary: [Accept-Encoding]
      x-content-type-options: [nosniff]
    status: {code: 200, message: OK}
- request:
    body: null
    headers:
      Accept: [application/json]
      Accept-Encoding: ['gzip, deflate']
      CommandName: [acr import]
      Connection: [keep-alive]
      ParameterSetName: [-n --source -u -p]
      User-Agent: [python/3.6.4 (Windows-10-10.0.17763-SP0) msrest/0.6.2 msrest_azure/0.4.34
          containerregistrymanagementclient/2.4.0 Azure-SDK-For-Python AZURECLI/2.0.52]
      accept-language: [en-US]
    method: GET
    uri: https://management.azure.com/subscriptions/00000000-0000-0000-0000-000000000000/providers/Microsoft.ContainerRegistry/registries?api-version=2017-10-01
  response:
    body: {string: '{"value":[{"sku":{"name":"Premium","tier":"Premium"},"type":"Microsoft.ContainerRegistry/registries","id":"/subscriptions/00000000-0000-0000-0000-000000000000/resourceGroups/Natalie/providers/Microsoft.ContainerRegistry/registries/natalie","name":"natalie","location":"westus","tags":{},"properties":{"loginServer":"natalie.azurecr.io","creationDate":"2018-09-12T20:53:13.1484885Z","provisioningState":"Succeeded","adminUserEnabled":true,"firewallRulesEnabled":false,"firewallRules":[]}},{"sku":{"name":"Classic","tier":"Classic"},"type":"Microsoft.ContainerRegistry/registries","id":"/subscriptions/00000000-0000-0000-0000-000000000000/resourceGroups/natalie/providers/Microsoft.ContainerRegistry/registries/natalieClassicRegistry","name":"natalieClassicRegistry","location":"westus","tags":{},"properties":{"loginServer":"natalieclassicregistry.azurecr.io","creationDate":"2018-10-02T21:22:56.1077459Z","provisioningState":"Succeeded","adminUserEnabled":true,"storageAccount":{"id":"/subscriptions/00000000-0000-0000-0000-000000000000/resourceGroups/Natalie/providers/Microsoft.Storage/storageAccounts/natalieclassicregi212216"},"firewallRulesEnabled":false,"firewallRules":[]}},{"sku":{"name":"Standard","tier":"Standard"},"type":"Microsoft.ContainerRegistry/registries","id":"/subscriptions/00000000-0000-0000-0000-000000000000/resourceGroups/resourcegroupsamesub/providers/Microsoft.ContainerRegistry/registries/sourceregistrysamesub000002","name":"sourceregistrysamesub000002","location":"westus","tags":{},"properties":{"loginServer":"sourceregistrysamesub000002.azurecr.io","creationDate":"2018-12-11T21:33:22.547772Z","provisioningState":"Succeeded","adminUserEnabled":false,"firewallRulesEnabled":false,"firewallRules":[]}},{"sku":{"name":"Standard","tier":"Standard"},"type":"Microsoft.ContainerRegistry/registries","id":"/subscriptions/00000000-0000-0000-0000-000000000000/resourceGroups/clitest.rg000001/providers/Microsoft.ContainerRegistry/registries/targetregistry000003","name":"targetregistry000003","location":"eastus","tags":{},"properties":{"loginServer":"targetregistry000003.azurecr.io","creationDate":"2018-12-11T21:33:37.8788083Z","provisioningState":"Succeeded","adminUserEnabled":false,"firewallRulesEnabled":false,"firewallRules":[]}}]}'}
    headers:
      cache-control: [no-cache]
      content-length: ['2362']
      content-type: [application/json; charset=utf-8]
      date: ['Tue, 11 Dec 2018 21:35:32 GMT']
      expires: ['-1']
      pragma: [no-cache]
      strict-transport-security: [max-age=31536000; includeSubDomains]
      vary: [Accept-Encoding]
      x-content-type-options: [nosniff]
      x-ms-original-request-ids: ['', '']
    status: {code: 200, message: OK}
- request:
    body: '{"source": {"registryUri": "sourceregistrydiffsub.azurecr.io", "credentials":
      {"username": "fe03ad63-508d-46fb-b307-9b08138d1f9f", "password": "2dfb0ee4-80c5-4a39-9b6f-9d0b6265cce1"},
      "sourceImage": "microsoft:azure-cli-1"}, "targetTags": ["microsoft:azure-cli-1"],
      "mode": "NoForce"}'
    headers:
      Accept: [application/json]
      Accept-Encoding: ['gzip, deflate']
      CommandName: [acr import]
      Connection: [keep-alive]
      Content-Length: ['284']
      Content-Type: [application/json; charset=utf-8]
      ParameterSetName: [-n --source -u -p]
      User-Agent: [python/3.6.4 (Windows-10-10.0.17763-SP0) msrest/0.6.2 msrest_azure/0.4.34
          containerregistrymanagementclient/2.4.0 Azure-SDK-For-Python AZURECLI/2.0.52]
      accept-language: [en-US]
    method: POST
    uri: https://management.azure.com/subscriptions/00000000-0000-0000-0000-000000000000/resourceGroups/clitest.rg000001/providers/Microsoft.ContainerRegistry/registries/targetregistry000003/importImage?api-version=2017-10-01
  response:
    body: {string: 'null'}
    headers:
      cache-control: [no-cache]
      content-length: ['4']
      content-type: [application/json; charset=utf-8]
      date: ['Tue, 11 Dec 2018 21:35:33 GMT']
      expires: ['-1']
      location: ['https://management.azure.com/subscriptions/00000000-0000-0000-0000-000000000000/providers/Microsoft.ContainerRegistry/locations/EASTUS/operationResults/registries-af804f46-fd8c-11e8-ae27-3c52826df3b6?api-version=2017-10-01']
      pragma: [no-cache]
      server: [Microsoft-HTTPAPI/2.0]
      strict-transport-security: [max-age=31536000; includeSubDomains]
      x-content-type-options: [nosniff]
      x-ms-ratelimit-remaining-subscription-writes: ['1198']
    status: {code: 202, message: Accepted}
- request:
    body: null
    headers:
      Accept: [application/json]
      Accept-Encoding: ['gzip, deflate']
      CommandName: [acr import]
      Connection: [keep-alive]
      ParameterSetName: [-n --source -u -p]
      User-Agent: [python/3.6.4 (Windows-10-10.0.17763-SP0) msrest/0.6.2 msrest_azure/0.4.34
          containerregistrymanagementclient/2.4.0 Azure-SDK-For-Python AZURECLI/2.0.52]
    method: GET
    uri: https://management.azure.com/subscriptions/00000000-0000-0000-0000-000000000000/providers/Microsoft.ContainerRegistry/locations/EASTUS/operationResults/registries-af804f46-fd8c-11e8-ae27-3c52826df3b6?api-version=2017-10-01
  response:
    body: {string: '{"status":"Succeeded"}'}
    headers:
      cache-control: [no-cache]
      content-length: ['22']
      content-type: [application/json; charset=utf-8]
      date: ['Tue, 11 Dec 2018 21:35:43 GMT']
      expires: ['-1']
      pragma: [no-cache]
      server: [Microsoft-HTTPAPI/2.0]
      strict-transport-security: [max-age=31536000; includeSubDomains]
      transfer-encoding: [chunked]
      vary: [Accept-Encoding]
      x-content-type-options: [nosniff]
    status: {code: 200, message: OK}
- request:
    body: null
    headers:
      Accept: [application/json]
      Accept-Encoding: ['gzip, deflate']
      CommandName: [acr import]
      Connection: [keep-alive]
      Content-Type: [application/json; charset=utf-8]
      ParameterSetName: [-n --source -p]
      User-Agent: [python/3.6.4 (Windows-10-10.0.17763-SP0) msrest/0.6.2 msrest_azure/0.4.34
          resourcemanagementclient/2.0.0 Azure-SDK-For-Python AZURECLI/2.0.52]
      accept-language: [en-US]
    method: GET
    uri: https://management.azure.com/subscriptions/00000000-0000-0000-0000-000000000000/resources?$filter=resourceType%20eq%20%27Microsoft.ContainerRegistry%2Fregistries%27&api-version=2018-05-01
  response:
    body: {string: '{"value":[{"id":"/subscriptions/00000000-0000-0000-0000-000000000000/resourceGroups/clitest.rg000001/providers/Microsoft.ContainerRegistry/registries/targetregistry000003","name":"targetregistry000003","type":"Microsoft.ContainerRegistry/registries","sku":{"name":"Standard","tier":"Standard"},"location":"eastus","tags":{}},{"id":"/subscriptions/00000000-0000-0000-0000-000000000000/resourceGroups/Natalie/providers/Microsoft.ContainerRegistry/registries/natalie","name":"natalie","type":"Microsoft.ContainerRegistry/registries","sku":{"name":"Premium","tier":"Premium"},"location":"westus","tags":{}},{"id":"/subscriptions/00000000-0000-0000-0000-000000000000/resourceGroups/natalie/providers/Microsoft.ContainerRegistry/registries/natalieClassicRegistry","name":"natalieClassicRegistry","type":"Microsoft.ContainerRegistry/registries","sku":{"name":"Classic","tier":"Classic"},"location":"westus","tags":{}},{"id":"/subscriptions/00000000-0000-0000-0000-000000000000/resourceGroups/resourcegroupsamesub/providers/Microsoft.ContainerRegistry/registries/sourceregistrysamesub000002","name":"sourceregistrysamesub000002","type":"Microsoft.ContainerRegistry/registries","sku":{"name":"Standard","tier":"Standard"},"location":"westus","tags":{}}]}'}
    headers:
      cache-control: [no-cache]
      content-length: ['1330']
      content-type: [application/json; charset=utf-8]
      date: ['Tue, 11 Dec 2018 21:35:44 GMT']
      expires: ['-1']
      pragma: [no-cache]
      strict-transport-security: [max-age=31536000; includeSubDomains]
      vary: [Accept-Encoding]
      x-content-type-options: [nosniff]
    status: {code: 200, message: OK}
- request:
    body: null
    headers:
      Accept: [application/json]
      Accept-Encoding: ['gzip, deflate']
      CommandName: [acr import]
      Connection: [keep-alive]
      ParameterSetName: [-n --source -p]
      User-Agent: [python/3.6.4 (Windows-10-10.0.17763-SP0) msrest/0.6.2 msrest_azure/0.4.34
          containerregistrymanagementclient/2.4.0 Azure-SDK-For-Python AZURECLI/2.0.52]
      accept-language: [en-US]
    method: GET
    uri: https://management.azure.com/subscriptions/00000000-0000-0000-0000-000000000000/resourceGroups/clitest.rg000001/providers/Microsoft.ContainerRegistry/registries/targetregistry000003?api-version=2017-10-01
  response:
    body: {string: '{"sku":{"name":"Standard","tier":"Standard"},"type":"Microsoft.ContainerRegistry/registries","id":"/subscriptions/00000000-0000-0000-0000-000000000000/resourceGroups/clitest.rg000001/providers/Microsoft.ContainerRegistry/registries/targetregistry000003","name":"targetregistry000003","location":"eastus","tags":{},"properties":{"loginServer":"targetregistry000003.azurecr.io","creationDate":"2018-12-11T21:33:37.8788083Z","provisioningState":"Succeeded","adminUserEnabled":false,"firewallRulesEnabled":false,"firewallRules":[]}}'}
    headers:
      cache-control: [no-cache]
      content-length: ['587']
      content-type: [application/json; charset=utf-8]
      date: ['Tue, 11 Dec 2018 21:35:45 GMT']
      expires: ['-1']
      pragma: [no-cache]
      server: [Microsoft-HTTPAPI/2.0]
      strict-transport-security: [max-age=31536000; includeSubDomains]
      transfer-encoding: [chunked]
      vary: [Accept-Encoding]
      x-content-type-options: [nosniff]
    status: {code: 200, message: OK}
- request:
    body: null
    headers:
      Accept: [application/json]
      Accept-Encoding: ['gzip, deflate']
      CommandName: [acr import]
      Connection: [keep-alive]
      ParameterSetName: [-n --source -p]
      User-Agent: [python/3.6.4 (Windows-10-10.0.17763-SP0) msrest/0.6.2 msrest_azure/0.4.34
          containerregistrymanagementclient/2.4.0 Azure-SDK-For-Python AZURECLI/2.0.52]
      accept-language: [en-US]
    method: GET
    uri: https://management.azure.com/subscriptions/00000000-0000-0000-0000-000000000000/providers/Microsoft.ContainerRegistry/registries?api-version=2017-10-01
  response:
    body: {string: '{"value":[{"sku":{"name":"Premium","tier":"Premium"},"type":"Microsoft.ContainerRegistry/registries","id":"/subscriptions/00000000-0000-0000-0000-000000000000/resourceGroups/Natalie/providers/Microsoft.ContainerRegistry/registries/natalie","name":"natalie","location":"westus","tags":{},"properties":{"loginServer":"natalie.azurecr.io","creationDate":"2018-09-12T20:53:13.1484885Z","provisioningState":"Succeeded","adminUserEnabled":true,"firewallRulesEnabled":false,"firewallRules":[]}},{"sku":{"name":"Classic","tier":"Classic"},"type":"Microsoft.ContainerRegistry/registries","id":"/subscriptions/00000000-0000-0000-0000-000000000000/resourceGroups/natalie/providers/Microsoft.ContainerRegistry/registries/natalieClassicRegistry","name":"natalieClassicRegistry","location":"westus","tags":{},"properties":{"loginServer":"natalieclassicregistry.azurecr.io","creationDate":"2018-10-02T21:22:56.1077459Z","provisioningState":"Succeeded","adminUserEnabled":true,"storageAccount":{"id":"/subscriptions/00000000-0000-0000-0000-000000000000/resourceGroups/Natalie/providers/Microsoft.Storage/storageAccounts/natalieclassicregi212216"},"firewallRulesEnabled":false,"firewallRules":[]}},{"sku":{"name":"Standard","tier":"Standard"},"type":"Microsoft.ContainerRegistry/registries","id":"/subscriptions/00000000-0000-0000-0000-000000000000/resourceGroups/resourcegroupsamesub/providers/Microsoft.ContainerRegistry/registries/sourceregistrysamesub000002","name":"sourceregistrysamesub000002","location":"westus","tags":{},"properties":{"loginServer":"sourceregistrysamesub000002.azurecr.io","creationDate":"2018-12-11T21:33:22.547772Z","provisioningState":"Succeeded","adminUserEnabled":false,"firewallRulesEnabled":false,"firewallRules":[]}},{"sku":{"name":"Standard","tier":"Standard"},"type":"Microsoft.ContainerRegistry/registries","id":"/subscriptions/00000000-0000-0000-0000-000000000000/resourceGroups/clitest.rg000001/providers/Microsoft.ContainerRegistry/registries/targetregistry000003","name":"targetregistry000003","location":"eastus","tags":{},"properties":{"loginServer":"targetregistry000003.azurecr.io","creationDate":"2018-12-11T21:33:37.8788083Z","provisioningState":"Succeeded","adminUserEnabled":false,"firewallRulesEnabled":false,"firewallRules":[]}}]}'}
    headers:
      cache-control: [no-cache]
      content-length: ['2362']
      content-type: [application/json; charset=utf-8]
      date: ['Tue, 11 Dec 2018 21:35:46 GMT']
      expires: ['-1']
      pragma: [no-cache]
      strict-transport-security: [max-age=31536000; includeSubDomains]
      vary: [Accept-Encoding]
      x-content-type-options: [nosniff]
      x-ms-original-request-ids: ['', '']
    status: {code: 200, message: OK}
- request:
    body: '{"source": {"registryUri": "sourceregistrydiffsub.azurecr.io", "credentials":
      {"password": "eyJ0eXAiOiJKV1QiLCJhbGciOiJSUzI1NiIsIng1dCI6Im5iQ3dXMTF3M1hrQi14VWFYd0tSU0xqTUhHUSIsImtpZCI6Im5iQ3dXMTF3M1hrQi14VWFYd0tSU0xqTUhHUSJ9.eyJhdWQiOiJodHRwczovL21hbmFnZW1lbnQuY29yZS53aW5kb3dzLm5ldC8iLCJpc3MiOiJodHRwczovL3N0cy53aW5kb3dzLm5ldC83MmY5ODhiZi04NmYxLTQxYWYtOTFhYi0yZDdjZDAxMWRiNDcvIiwiaWF0IjoxNTQ0NTYyMzI4LCJuYmYiOjE1NDQ1NjIzMjgsImV4cCI6MTU0NDU2NjIyOCwiX2NsYWltX25hbWVzIjp7Imdyb3VwcyI6InNyYzEifSwiX2NsYWltX3NvdXJjZXMiOnsic3JjMSI6eyJlbmRwb2ludCI6Imh0dHBzOi8vZ3JhcGgud2luZG93cy5uZXQvNzJmOTg4YmYtODZmMS00MWFmLTkxYWItMmQ3Y2QwMTFkYjQ3L3VzZXJzLzkyMjBiYzU4LTk1NzctNGM4OC1hNTE1LTE3ZGUxZDgzOWIyYi9nZXRNZW1iZXJPYmplY3RzIn19LCJhY3IiOiIxIiwiYWlvIjoiQVVRQXUvOEpBQUFBcWl0V3NqNittMDdPclZ3ekhCOVd3WFJLdnBkT3N6UFRDSHdJZWJHaVBnTnkwQld0bXBJMG9xN2NUOU5SRnFCbVljdk00dFpCYkcxQnU1Z0hvWk1xVkE9PSIsImFtciI6WyJyc2EiLCJtZmEiXSwiYXBwaWQiOiIwNGIwNzc5NS04ZGRiLTQ2MWEtYmJlZS0wMmY5ZTFiZjdiNDYiLCJhcHBpZGFjciI6IjAiLCJkZXZpY2VpZCI6ImU4YzFkNTYwLWU0ZWMtNDhkZC1hM2M1LWFlZWMzYTM1OGIyMSIsImZhbWlseV9uYW1lIjoiR29uZyIsImdpdmVuX25hbWUiOiJOYXRhbGllIiwiaXBhZGRyIjoiMTMxLjEwNy4xNzQuMTg5IiwibmFtZSI6Ik5hdGFsaWUgR29uZyIsIm9pZCI6IjkyMjBiYzU4LTk1NzctNGM4OC1hNTE1LTE3ZGUxZDgzOWIyYiIsIm9ucHJlbV9zaWQiOiJTLTEtNS0yMS0yMTI3NTIxMTg0LTE2MDQwMTI5MjAtMTg4NzkyNzUyNy0zMDc0MTY5MSIsInB1aWQiOiIxMDAzN0ZGRUE4QTIzNDMwIiwic2NwIjoidXNlcl9pbXBlcnNvbmF0aW9uIiwic3ViIjoiZjNSNUJpcHJXNEZycTJWTExzYXFpWkdyeVdpa0hDbGJoNEt2VGhnQTU3byIsInRpZCI6IjcyZjk4OGJmLTg2ZjEtNDFhZi05MWFiLTJkN2NkMDExZGI0NyIsInVuaXF1ZV9uYW1lIjoieXVnb25nQG1pY3Jvc29mdC5jb20iLCJ1cG4iOiJ5dWdvbmdAbWljcm9zb2Z0LmNvbSIsInV0aSI6IjZhS2stQnRRekV1bDIybGtDZDl2QUEiLCJ2ZXIiOiIxLjAifQ.leod6eGMT_x-tXXrvoFrzyScjI3PY9GmD24UHZ2Cr-KuiYcvpp8pHfucco-iZRnUTikR693tLCYKwNzYjl1shlvUTMaZrm2XjSNxrHzRl9TFacOqZrE8e0qhGpS3aRlslTbYjHHB8W_wDcx8lcVOH1UG1EUbV-zjRih0kAc0JiskYosSYm3GM_YtNG8wgshTBgvmSibmEAl_w6id73mt3Ct9jzE24pEja2JdPPCl9lyrwEXvt0Nrg7y2BwomtxblzxjeLWnZZoN4dObl8DCyRIGUCGay63L0TiCPvC8frzqdF2UcW0eLd3L49YscfccPz5V-HTEV_SZl-h0ph0jYHw"},
      "sourceImage": "microsoft:azure-cli-2"}, "targetTags": ["microsoft:azure-cli-2"],
      "mode": "NoForce"}'
    headers:
      Accept: [application/json]
      Accept-Encoding: ['gzip, deflate']
      CommandName: [acr import]
      Connection: [keep-alive]
      Content-Length: ['2110']
      Content-Type: [application/json; charset=utf-8]
      ParameterSetName: [-n --source -p]
      User-Agent: [python/3.6.4 (Windows-10-10.0.17763-SP0) msrest/0.6.2 msrest_azure/0.4.34
          containerregistrymanagementclient/2.4.0 Azure-SDK-For-Python AZURECLI/2.0.52]
      accept-language: [en-US]
    method: POST
    uri: https://management.azure.com/subscriptions/00000000-0000-0000-0000-000000000000/resourceGroups/clitest.rg000001/providers/Microsoft.ContainerRegistry/registries/targetregistry000003/importImage?api-version=2017-10-01
  response:
    body: {string: 'null'}
    headers:
      cache-control: [no-cache]
      content-length: ['4']
      content-type: [application/json; charset=utf-8]
      date: ['Tue, 11 Dec 2018 21:35:46 GMT']
      expires: ['-1']
      location: ['https://management.azure.com/subscriptions/00000000-0000-0000-0000-000000000000/providers/Microsoft.ContainerRegistry/locations/EASTUS/operationResults/registries-b7447f9e-fd8c-11e8-9cd1-3c52826df3b6?api-version=2017-10-01']
      pragma: [no-cache]
      server: [Microsoft-HTTPAPI/2.0]
      strict-transport-security: [max-age=31536000; includeSubDomains]
      x-content-type-options: [nosniff]
      x-ms-ratelimit-remaining-subscription-writes: ['1199']
    status: {code: 202, message: Accepted}
- request:
    body: null
    headers:
      Accept: [application/json]
      Accept-Encoding: ['gzip, deflate']
      CommandName: [acr import]
      Connection: [keep-alive]
      ParameterSetName: [-n --source -p]
      User-Agent: [python/3.6.4 (Windows-10-10.0.17763-SP0) msrest/0.6.2 msrest_azure/0.4.34
          containerregistrymanagementclient/2.4.0 Azure-SDK-For-Python AZURECLI/2.0.52]
    method: GET
    uri: https://management.azure.com/subscriptions/00000000-0000-0000-0000-000000000000/providers/Microsoft.ContainerRegistry/locations/EASTUS/operationResults/registries-b7447f9e-fd8c-11e8-9cd1-3c52826df3b6?api-version=2017-10-01
  response:
    body: {string: '{"status":"Succeeded"}'}
    headers:
      cache-control: [no-cache]
      content-length: ['22']
      content-type: [application/json; charset=utf-8]
      date: ['Tue, 11 Dec 2018 21:35:57 GMT']
      expires: ['-1']
      pragma: [no-cache]
      server: [Microsoft-HTTPAPI/2.0]
      strict-transport-security: [max-age=31536000; includeSubDomains]
      transfer-encoding: [chunked]
      vary: [Accept-Encoding]
      x-content-type-options: [nosniff]
    status: {code: 200, message: OK}
- request:
    body: null
    headers:
      Accept: [application/json]
      Accept-Encoding: ['gzip, deflate']
      CommandName: [acr delete]
      Connection: [keep-alive]
      Content-Type: [application/json; charset=utf-8]
      ParameterSetName: [-n]
      User-Agent: [python/3.6.4 (Windows-10-10.0.17763-SP0) msrest/0.6.2 msrest_azure/0.4.34
          resourcemanagementclient/2.0.0 Azure-SDK-For-Python AZURECLI/2.0.52]
      accept-language: [en-US]
    method: GET
    uri: https://management.azure.com/subscriptions/00000000-0000-0000-0000-000000000000/resources?$filter=resourceType%20eq%20%27Microsoft.ContainerRegistry%2Fregistries%27&api-version=2018-05-01
  response:
    body: {string: '{"value":[{"id":"/subscriptions/00000000-0000-0000-0000-000000000000/resourceGroups/clitest.rg000001/providers/Microsoft.ContainerRegistry/registries/targetregistry000003","name":"targetregistry000003","type":"Microsoft.ContainerRegistry/registries","sku":{"name":"Standard","tier":"Standard"},"location":"eastus","tags":{}},{"id":"/subscriptions/00000000-0000-0000-0000-000000000000/resourceGroups/Natalie/providers/Microsoft.ContainerRegistry/registries/natalie","name":"natalie","type":"Microsoft.ContainerRegistry/registries","sku":{"name":"Premium","tier":"Premium"},"location":"westus","tags":{}},{"id":"/subscriptions/00000000-0000-0000-0000-000000000000/resourceGroups/natalie/providers/Microsoft.ContainerRegistry/registries/natalieClassicRegistry","name":"natalieClassicRegistry","type":"Microsoft.ContainerRegistry/registries","sku":{"name":"Classic","tier":"Classic"},"location":"westus","tags":{}},{"id":"/subscriptions/00000000-0000-0000-0000-000000000000/resourceGroups/resourcegroupsamesub/providers/Microsoft.ContainerRegistry/registries/sourceregistrysamesub000002","name":"sourceregistrysamesub000002","type":"Microsoft.ContainerRegistry/registries","sku":{"name":"Standard","tier":"Standard"},"location":"westus","tags":{}}]}'}
    headers:
      cache-control: [no-cache]
      content-length: ['1330']
      content-type: [application/json; charset=utf-8]
      date: ['Tue, 11 Dec 2018 21:35:58 GMT']
      expires: ['-1']
      pragma: [no-cache]
      strict-transport-security: [max-age=31536000; includeSubDomains]
      vary: [Accept-Encoding]
      x-content-type-options: [nosniff]
    status: {code: 200, message: OK}
- request:
    body: null
    headers:
      Accept: [application/json]
      Accept-Encoding: ['gzip, deflate']
      CommandName: [acr delete]
      Connection: [keep-alive]
      Content-Length: ['0']
      ParameterSetName: [-n]
      User-Agent: [python/3.6.4 (Windows-10-10.0.17763-SP0) msrest/0.6.2 msrest_azure/0.4.34
          containerregistrymanagementclient/2.4.0 Azure-SDK-For-Python AZURECLI/2.0.52]
      accept-language: [en-US]
    method: DELETE
    uri: https://management.azure.com/subscriptions/00000000-0000-0000-0000-000000000000/resourceGroups/clitest.rg000001/providers/Microsoft.ContainerRegistry/registries/targetregistry000003?api-version=2017-10-01
  response:
    body: {string: ''}
    headers:
      cache-control: [no-cache]
      content-length: ['0']
      date: ['Tue, 11 Dec 2018 21:35:59 GMT']
      expires: ['-1']
      pragma: [no-cache]
      server: [Microsoft-HTTPAPI/2.0]
      strict-transport-security: [max-age=31536000; includeSubDomains]
      x-content-type-options: [nosniff]
      x-ms-ratelimit-remaining-subscription-deletes: ['14997']
    status: {code: 200, message: OK}
- request:
    body: null
    headers:
      Accept: [application/json]
      Accept-Encoding: ['gzip, deflate']
      CommandName: [acr show]
      Connection: [keep-alive]
      Content-Type: [application/json; charset=utf-8]
      ParameterSetName: [-n]
      User-Agent: [python/3.6.4 (Windows-10-10.0.17763-SP0) msrest/0.6.2 msrest_azure/0.4.34
          resourcemanagementclient/2.0.0 Azure-SDK-For-Python AZURECLI/2.0.52]
      accept-language: [en-US]
    method: GET
    uri: https://management.azure.com/subscriptions/00000000-0000-0000-0000-000000000000/resources?$filter=resourceType%20eq%20%27Microsoft.ContainerRegistry%2Fregistries%27&api-version=2018-05-01
  response:
    body: {string: '{"value":[{"id":"/subscriptions/00000000-0000-0000-0000-000000000000/resourceGroups/Natalie/providers/Microsoft.ContainerRegistry/registries/natalie","name":"natalie","type":"Microsoft.ContainerRegistry/registries","sku":{"name":"Premium","tier":"Premium"},"location":"westus","tags":{}},{"id":"/subscriptions/00000000-0000-0000-0000-000000000000/resourceGroups/natalie/providers/Microsoft.ContainerRegistry/registries/natalieClassicRegistry","name":"natalieClassicRegistry","type":"Microsoft.ContainerRegistry/registries","sku":{"name":"Classic","tier":"Classic"},"location":"westus","tags":{}},{"id":"/subscriptions/00000000-0000-0000-0000-000000000000/resourceGroups/resourcegroupsamesub/providers/Microsoft.ContainerRegistry/registries/sourceregistrysamesub000002","name":"sourceregistrysamesub000002","type":"Microsoft.ContainerRegistry/registries","sku":{"name":"Standard","tier":"Standard"},"location":"westus","tags":{}}]}'}
    headers:
      cache-control: [no-cache]
      content-length: ['956']
      content-type: [application/json; charset=utf-8]
      date: ['Tue, 11 Dec 2018 21:36:00 GMT']
      expires: ['-1']
      pragma: [no-cache]
      strict-transport-security: [max-age=31536000; includeSubDomains]
      vary: [Accept-Encoding]
      x-content-type-options: [nosniff]
    status: {code: 200, message: OK}
- request:
    body: null
    headers:
      Accept: [application/json]
      Accept-Encoding: ['gzip, deflate']
      CommandName: [group delete]
      Connection: [keep-alive]
      Content-Length: ['0']
      Content-Type: [application/json; charset=utf-8]
      ParameterSetName: [-n --yes]
      User-Agent: [python/3.6.4 (Windows-10-10.0.17763-SP0) msrest/0.6.2 msrest_azure/0.4.34
          resourcemanagementclient/2.0.0 Azure-SDK-For-Python AZURECLI/2.0.52]
      accept-language: [en-US]
    method: DELETE
    uri: https://management.azure.com/subscriptions/00000000-0000-0000-0000-000000000000/resourcegroups/resourcegroupsamesub?api-version=2018-05-01
  response:
    body: {string: ''}
    headers:
      cache-control: [no-cache]
      content-length: ['0']
      date: ['Tue, 11 Dec 2018 21:36:01 GMT']
      expires: ['-1']
      location: ['https://management.azure.com/subscriptions/00000000-0000-0000-0000-000000000000/operationresults/eyJqb2JJZCI6IlJFU09VUkNFR1JPVVBERUxFVElPTkpPQi1SRVNPVVJDRUdST1VQU0FNRVNVQi1XRVNUVVMiLCJqb2JMb2NhdGlvbiI6Indlc3R1cyJ9?api-version=2018-05-01']
      pragma: [no-cache]
      strict-transport-security: [max-age=31536000; includeSubDomains]
      x-content-type-options: [nosniff]
      x-ms-ratelimit-remaining-subscription-deletes: ['14999']
    status: {code: 202, message: Accepted}
- request:
    body: null
    headers:
      Accept: [application/json]
      Accept-Encoding: ['gzip, deflate']
      CommandName: [group delete]
      Connection: [keep-alive]
      ParameterSetName: [-n --yes]
      User-Agent: [python/3.6.4 (Windows-10-10.0.17763-SP0) msrest/0.6.2 msrest_azure/0.4.34
          resourcemanagementclient/2.0.0 Azure-SDK-For-Python AZURECLI/2.0.52]
    method: GET
    uri: https://management.azure.com/subscriptions/00000000-0000-0000-0000-000000000000/operationresults/eyJqb2JJZCI6IlJFU09VUkNFR1JPVVBERUxFVElPTkpPQi1SRVNPVVJDRUdST1VQU0FNRVNVQi1XRVNUVVMiLCJqb2JMb2NhdGlvbiI6Indlc3R1cyJ9?api-version=2018-05-01
  response:
    body: {string: ''}
    headers:
      cache-control: [no-cache]
      content-length: ['0']
      date: ['Tue, 11 Dec 2018 21:36:17 GMT']
      expires: ['-1']
      location: ['https://management.azure.com/subscriptions/00000000-0000-0000-0000-000000000000/operationresults/eyJqb2JJZCI6IlJFU09VUkNFR1JPVVBERUxFVElPTkpPQi1SRVNPVVJDRUdST1VQU0FNRVNVQi1XRVNUVVMiLCJqb2JMb2NhdGlvbiI6Indlc3R1cyJ9?api-version=2018-05-01']
      pragma: [no-cache]
      strict-transport-security: [max-age=31536000; includeSubDomains]
      x-content-type-options: [nosniff]
    status: {code: 202, message: Accepted}
- request:
    body: null
    headers:
      Accept: [application/json]
      Accept-Encoding: ['gzip, deflate']
      CommandName: [group delete]
      Connection: [keep-alive]
      ParameterSetName: [-n --yes]
      User-Agent: [python/3.6.4 (Windows-10-10.0.17763-SP0) msrest/0.6.2 msrest_azure/0.4.34
          resourcemanagementclient/2.0.0 Azure-SDK-For-Python AZURECLI/2.0.52]
    method: GET
    uri: https://management.azure.com/subscriptions/00000000-0000-0000-0000-000000000000/operationresults/eyJqb2JJZCI6IlJFU09VUkNFR1JPVVBERUxFVElPTkpPQi1SRVNPVVJDRUdST1VQU0FNRVNVQi1XRVNUVVMiLCJqb2JMb2NhdGlvbiI6Indlc3R1cyJ9?api-version=2018-05-01
  response:
    body: {string: ''}
    headers:
      cache-control: [no-cache]
      content-length: ['0']
      date: ['Tue, 11 Dec 2018 21:36:31 GMT']
      expires: ['-1']
      location: ['https://management.azure.com/subscriptions/00000000-0000-0000-0000-000000000000/operationresults/eyJqb2JJZCI6IlJFU09VUkNFR1JPVVBERUxFVElPTkpPQi1SRVNPVVJDRUdST1VQU0FNRVNVQi1XRVNUVVMiLCJqb2JMb2NhdGlvbiI6Indlc3R1cyJ9?api-version=2018-05-01']
      pragma: [no-cache]
      strict-transport-security: [max-age=31536000; includeSubDomains]
      x-content-type-options: [nosniff]
    status: {code: 202, message: Accepted}
- request:
    body: null
    headers:
      Accept: [application/json]
      Accept-Encoding: ['gzip, deflate']
      CommandName: [group delete]
      Connection: [keep-alive]
      ParameterSetName: [-n --yes]
      User-Agent: [python/3.6.4 (Windows-10-10.0.17763-SP0) msrest/0.6.2 msrest_azure/0.4.34
          resourcemanagementclient/2.0.0 Azure-SDK-For-Python AZURECLI/2.0.52]
    method: GET
    uri: https://management.azure.com/subscriptions/00000000-0000-0000-0000-000000000000/operationresults/eyJqb2JJZCI6IlJFU09VUkNFR1JPVVBERUxFVElPTkpPQi1SRVNPVVJDRUdST1VQU0FNRVNVQi1XRVNUVVMiLCJqb2JMb2NhdGlvbiI6Indlc3R1cyJ9?api-version=2018-05-01
  response:
    body: {string: ''}
    headers:
      cache-control: [no-cache]
      content-length: ['0']
      date: ['Tue, 11 Dec 2018 21:36:46 GMT']
      expires: ['-1']
      location: ['https://management.azure.com/subscriptions/00000000-0000-0000-0000-000000000000/operationresults/eyJqb2JJZCI6IlJFU09VUkNFR1JPVVBERUxFVElPTkpPQi1SRVNPVVJDRUdST1VQU0FNRVNVQi1XRVNUVVMiLCJqb2JMb2NhdGlvbiI6Indlc3R1cyJ9?api-version=2018-05-01']
      pragma: [no-cache]
      strict-transport-security: [max-age=31536000; includeSubDomains]
      x-content-type-options: [nosniff]
    status: {code: 202, message: Accepted}
- request:
    body: null
    headers:
      Accept: [application/json]
      Accept-Encoding: ['gzip, deflate']
      CommandName: [group delete]
      Connection: [keep-alive]
      ParameterSetName: [-n --yes]
      User-Agent: [python/3.6.4 (Windows-10-10.0.17763-SP0) msrest/0.6.2 msrest_azure/0.4.34
          resourcemanagementclient/2.0.0 Azure-SDK-For-Python AZURECLI/2.0.52]
    method: GET
    uri: https://management.azure.com/subscriptions/00000000-0000-0000-0000-000000000000/operationresults/eyJqb2JJZCI6IlJFU09VUkNFR1JPVVBERUxFVElPTkpPQi1SRVNPVVJDRUdST1VQU0FNRVNVQi1XRVNUVVMiLCJqb2JMb2NhdGlvbiI6Indlc3R1cyJ9?api-version=2018-05-01
  response:
    body: {string: ''}
    headers:
      cache-control: [no-cache]
      content-length: ['0']
      date: ['Tue, 11 Dec 2018 21:37:02 GMT']
      expires: ['-1']
      location: ['https://management.azure.com/subscriptions/00000000-0000-0000-0000-000000000000/operationresults/eyJqb2JJZCI6IlJFU09VUkNFR1JPVVBERUxFVElPTkpPQi1SRVNPVVJDRUdST1VQU0FNRVNVQi1XRVNUVVMiLCJqb2JMb2NhdGlvbiI6Indlc3R1cyJ9?api-version=2018-05-01']
      pragma: [no-cache]
      strict-transport-security: [max-age=31536000; includeSubDomains]
      x-content-type-options: [nosniff]
    status: {code: 202, message: Accepted}
- request:
    body: null
    headers:
      Accept: [application/json]
      Accept-Encoding: ['gzip, deflate']
      CommandName: [group delete]
      Connection: [keep-alive]
      ParameterSetName: [-n --yes]
      User-Agent: [python/3.6.4 (Windows-10-10.0.17763-SP0) msrest/0.6.2 msrest_azure/0.4.34
          resourcemanagementclient/2.0.0 Azure-SDK-For-Python AZURECLI/2.0.52]
    method: GET
    uri: https://management.azure.com/subscriptions/00000000-0000-0000-0000-000000000000/operationresults/eyJqb2JJZCI6IlJFU09VUkNFR1JPVVBERUxFVElPTkpPQi1SRVNPVVJDRUdST1VQU0FNRVNVQi1XRVNUVVMiLCJqb2JMb2NhdGlvbiI6Indlc3R1cyJ9?api-version=2018-05-01
  response:
    body: {string: ''}
    headers:
      cache-control: [no-cache]
      content-length: ['0']
      date: ['Tue, 11 Dec 2018 21:37:17 GMT']
      expires: ['-1']
      location: ['https://management.azure.com/subscriptions/00000000-0000-0000-0000-000000000000/operationresults/eyJqb2JJZCI6IlJFU09VUkNFR1JPVVBERUxFVElPTkpPQi1SRVNPVVJDRUdST1VQU0FNRVNVQi1XRVNUVVMiLCJqb2JMb2NhdGlvbiI6Indlc3R1cyJ9?api-version=2018-05-01']
      pragma: [no-cache]
      strict-transport-security: [max-age=31536000; includeSubDomains]
      x-content-type-options: [nosniff]
    status: {code: 202, message: Accepted}
- request:
    body: null
    headers:
      Accept: [application/json]
      Accept-Encoding: ['gzip, deflate']
      CommandName: [group delete]
      Connection: [keep-alive]
      ParameterSetName: [-n --yes]
      User-Agent: [python/3.6.4 (Windows-10-10.0.17763-SP0) msrest/0.6.2 msrest_azure/0.4.34
          resourcemanagementclient/2.0.0 Azure-SDK-For-Python AZURECLI/2.0.52]
    method: GET
    uri: https://management.azure.com/subscriptions/00000000-0000-0000-0000-000000000000/operationresults/eyJqb2JJZCI6IlJFU09VUkNFR1JPVVBERUxFVElPTkpPQi1SRVNPVVJDRUdST1VQU0FNRVNVQi1XRVNUVVMiLCJqb2JMb2NhdGlvbiI6Indlc3R1cyJ9?api-version=2018-05-01
  response:
    body: {string: ''}
    headers:
      cache-control: [no-cache]
      content-length: ['0']
      date: ['Tue, 11 Dec 2018 21:37:32 GMT']
      expires: ['-1']
      pragma: [no-cache]
      strict-transport-security: [max-age=31536000; includeSubDomains]
      x-content-type-options: [nosniff]
    status: {code: 200, message: OK}
- request:
    body: null
    headers:
      Accept: [application/json]
      Accept-Encoding: ['gzip, deflate']
      CommandName: [group exists]
      Connection: [keep-alive]
      Content-Type: [application/json; charset=utf-8]
      ParameterSetName: [-n]
      User-Agent: [python/3.6.4 (Windows-10-10.0.17763-SP0) msrest/0.6.2 msrest_azure/0.4.34
          resourcemanagementclient/2.0.0 Azure-SDK-For-Python AZURECLI/2.0.52]
      accept-language: [en-US]
    method: HEAD
    uri: https://management.azure.com/subscriptions/00000000-0000-0000-0000-000000000000/resourcegroups/resourcegroupsamesub?api-version=2018-05-01
  response:
    body: {string: ''}
    headers:
      cache-control: [no-cache]
      content-length: ['112']
      content-type: [application/json; charset=utf-8]
      date: ['Tue, 11 Dec 2018 21:37:33 GMT']
      expires: ['-1']
      pragma: [no-cache]
      strict-transport-security: [max-age=31536000; includeSubDomains]
      x-content-type-options: [nosniff]
      x-ms-failure-cause: [gateway]
    status: {code: 404, message: Not Found}
- request:
    body: null
    headers:
      Accept: [application/json]
      Accept-Encoding: ['gzip, deflate']
      CommandName: [ad sp delete]
      Connection: [keep-alive]
      ParameterSetName: [--id]
      User-Agent: [python/3.6.4 (Windows-10-10.0.17763-SP0) msrest/0.6.2 msrest_azure/0.4.34
          azure-graphrbac/0.53.0 Azure-SDK-For-Python AZURECLI/2.0.52]
      accept-language: [en-US]
    method: GET
    uri: https://graph.windows.net/00000000-0000-0000-0000-000000000000/servicePrincipals?$filter=servicePrincipalNames%2Fany%28c%3Ac%20eq%20%27http%3A%2F%2Fsp_access_source_registry%27%29&api-version=1.6
  response:
    body: {string: '{"odata.metadata":"https://graph.windows.net/00000000-0000-0000-0000-000000000000/$metadata#directoryObjects","value":[{"odata.type":"Microsoft.DirectoryServices.ServicePrincipal","objectType":"ServicePrincipal","objectId":"1602b18b-ae95-4955-970f-82875a8bab47","deletionTimestamp":null,"accountEnabled":true,"addIns":[],"alternativeNames":[],"appDisplayName":"sp_access_source_registry","appId":"fe03ad63-508d-46fb-b307-9b08138d1f9f","appOwnerTenantId":"72f988bf-86f1-41af-91ab-2d7cd011db47","appRoleAssignmentRequired":false,"appRoles":[],"displayName":"sp_access_source_registry","errorUrl":null,"homepage":"https://sp_access_source_registry","keyCredentials":[],"logoutUrl":null,"oauth2Permissions":[{"adminConsentDescription":"Allow
        the application to access sp_access_source_registry on behalf of the signed-in
        user.","adminConsentDisplayName":"Access sp_access_source_registry","id":"a48dec26-2cac-4392-9d6c-d782f006acab","isEnabled":true,"type":"User","userConsentDescription":"Allow
        the application to access sp_access_source_registry on your behalf.","userConsentDisplayName":"Access
        sp_access_source_registry","value":"user_impersonation"}],"passwordCredentials":[],"preferredTokenSigningKeyThumbprint":null,"publisherName":"Microsoft","replyUrls":[],"samlMetadataUrl":null,"servicePrincipalNames":["http://sp_access_source_registry","fe03ad63-508d-46fb-b307-9b08138d1f9f"],"servicePrincipalType":"Application","signInAudience":"AzureADMyOrg","tags":[],"tokenEncryptionKeyId":null}]}'}
    headers:
      access-control-allow-origin: ['*']
      cache-control: [no-cache]
      content-length: ['1494']
      content-type: [application/json; odata=minimalmetadata; streaming=true; charset=utf-8]
      dataserviceversion: [3.0;]
      date: ['Tue, 11 Dec 2018 21:37:34 GMT']
      duration: ['661797']
      expires: ['-1']
      ocp-aad-diagnostics-server-name: [BaUpzbcpe8CsfbLiSVe623GjwTzlV5c+gfKgkBtBCJY=]
      ocp-aad-session-key: [6W25WspghzBIf6g0I50UUmRNr1qFOB9xOwiTyc6l6fLarw9F1U1-B8WNmY8EiVYXBssAOXATu14UqgOgtUQrfNc_FgMZyZfXXdi0pWec6pv_2HG7WR5QMcdDS5C9ud9rff-A6fJ4XJuQTktd0PIjqA.XygT5ZBf7sXW2XVgMjjgmcfzQQZfbhEb5n4Lm1H7SaA]
      pragma: [no-cache]
      request-id: [3e2faa9e-b4c2-4773-b4dc-2ab801da4d48]
      server: [Microsoft-IIS/10.0]
      strict-transport-security: [max-age=31536000; includeSubDomains]
      x-aspnet-version: [4.0.30319]
      x-ms-dirapi-data-contract-version: ['1.6']
      x-powered-by: [ASP.NET]
    status: {code: 200, message: OK}
- request:
    body: null
    headers:
      Accept: [application/json]
      Accept-Encoding: ['gzip, deflate']
      CommandName: [ad sp delete]
      Connection: [keep-alive]
      ParameterSetName: [--id]
      User-Agent: [python/3.6.4 (Windows-10-10.0.17763-SP0) msrest/0.6.2 msrest_azure/0.4.34
          azure-graphrbac/0.53.0 Azure-SDK-For-Python AZURECLI/2.0.52]
      accept-language: [en-US]
    method: GET
    uri: https://graph.windows.net/00000000-0000-0000-0000-000000000000/servicePrincipals/1602b18b-ae95-4955-970f-82875a8bab47?api-version=1.6
  response:
    body: {string: '{"odata.metadata":"https://graph.windows.net/00000000-0000-0000-0000-000000000000/$metadata#directoryObjects/@Element","odata.type":"Microsoft.DirectoryServices.ServicePrincipal","objectType":"ServicePrincipal","objectId":"1602b18b-ae95-4955-970f-82875a8bab47","deletionTimestamp":null,"accountEnabled":true,"addIns":[],"alternativeNames":[],"appDisplayName":"sp_access_source_registry","appId":"fe03ad63-508d-46fb-b307-9b08138d1f9f","appOwnerTenantId":"72f988bf-86f1-41af-91ab-2d7cd011db47","appRoleAssignmentRequired":false,"appRoles":[],"displayName":"sp_access_source_registry","errorUrl":null,"homepage":"https://sp_access_source_registry","keyCredentials":[],"logoutUrl":null,"oauth2Permissions":[{"adminConsentDescription":"Allow
        the application to access sp_access_source_registry on behalf of the signed-in
        user.","adminConsentDisplayName":"Access sp_access_source_registry","id":"a48dec26-2cac-4392-9d6c-d782f006acab","isEnabled":true,"type":"User","userConsentDescription":"Allow
        the application to access sp_access_source_registry on your behalf.","userConsentDisplayName":"Access
        sp_access_source_registry","value":"user_impersonation"}],"passwordCredentials":[],"preferredTokenSigningKeyThumbprint":null,"publisherName":"Microsoft","replyUrls":[],"samlMetadataUrl":null,"servicePrincipalNames":["http://sp_access_source_registry","fe03ad63-508d-46fb-b307-9b08138d1f9f"],"servicePrincipalType":"Application","signInAudience":"AzureADMyOrg","tags":[],"tokenEncryptionKeyId":null}'}
    headers:
      access-control-allow-origin: ['*']
      cache-control: [no-cache]
      content-length: ['1491']
      content-type: [application/json; odata=minimalmetadata; streaming=true; charset=utf-8]
      dataserviceversion: [3.0;]
      date: ['Tue, 11 Dec 2018 21:37:34 GMT']
      duration: ['521905']
      expires: ['-1']
      ocp-aad-diagnostics-server-name: [UOr32UtAMU+Eq0/F3AdEK7cYLW38EohupmMJWMjvI+Q=]
      ocp-aad-session-key: [j-nBeNdUi1Y8zo1PnhuQXOFMT52H89wNb8qySzsMYSuRxpAaUEFgxIy-vQYQ66lNEcDs3yCdcoeI2bNJn8WuD2EXPG8GKarFYDrUM5SkVJSN7aC_B8F_rMVTWQVjSHkASId4ttN70-vk6gt2Oi9wWw.TwfXYdOrQynTDui6INCsR_-8VX_eeLCNQdOCnTFUCzw]
      pragma: [no-cache]
      request-id: [f6780845-fe1d-466d-8578-41562f3db14f]
      server: [Microsoft-IIS/10.0]
      strict-transport-security: [max-age=31536000; includeSubDomains]
      x-aspnet-version: [4.0.30319]
      x-ms-dirapi-data-contract-version: ['1.6']
      x-powered-by: [ASP.NET]
    status: {code: 200, message: OK}
- request:
    body: null
    headers:
      Accept: [application/json]
      Accept-Encoding: ['gzip, deflate']
      CommandName: [ad sp delete]
      Connection: [keep-alive]
      ParameterSetName: [--id]
      User-Agent: [python/3.6.4 (Windows-10-10.0.17763-SP0) msrest/0.6.2 msrest_azure/0.4.34
          azure-graphrbac/0.53.0 Azure-SDK-For-Python AZURECLI/2.0.52]
      accept-language: [en-US]
    method: GET
    uri: https://graph.windows.net/00000000-0000-0000-0000-000000000000/applications?$filter=identifierUris%2Fany%28s%3As%20eq%20%27http%3A%2F%2Fsp_access_source_registry%27%29&api-version=1.6
  response:
    body: {string: '{"odata.metadata":"https://graph.windows.net/00000000-0000-0000-0000-000000000000/$metadata#directoryObjects","value":[{"odata.type":"Microsoft.DirectoryServices.Application","objectType":"Application","objectId":"c08531b7-9484-4ce3-bb82-5952fa6c5745","deletionTimestamp":null,"acceptMappedClaims":null,"addIns":[],"appId":"fe03ad63-508d-46fb-b307-9b08138d1f9f","appRoles":[],"availableToOtherTenants":false,"displayName":"sp_access_source_registry","errorUrl":null,"groupMembershipClaims":null,"homepage":"https://sp_access_source_registry","identifierUris":["http://sp_access_source_registry"],"informationalUrls":{"termsOfService":null,"support":null,"privacy":null,"marketing":null},"isDeviceOnlyAuthSupported":null,"keyCredentials":[],"knownClientApplications":[],"logoutUrl":null,"logo@odata.mediaEditLink":"directoryObjects/c08531b7-9484-4ce3-bb82-5952fa6c5745/Microsoft.DirectoryServices.Application/logo","logoUrl":null,"mainLogo@odata.mediaEditLink":"directoryObjects/c08531b7-9484-4ce3-bb82-5952fa6c5745/Microsoft.DirectoryServices.Application/mainLogo","oauth2AllowIdTokenImplicitFlow":true,"oauth2AllowImplicitFlow":false,"oauth2AllowUrlPathMatching":false,"oauth2Permissions":[{"adminConsentDescription":"Allow
        the application to access sp_access_source_registry on behalf of the signed-in
        user.","adminConsentDisplayName":"Access sp_access_source_registry","id":"a48dec26-2cac-4392-9d6c-d782f006acab","isEnabled":true,"type":"User","userConsentDescription":"Allow
        the application to access sp_access_source_registry on your behalf.","userConsentDisplayName":"Access
        sp_access_source_registry","value":"user_impersonation"}],"oauth2RequirePostResponse":false,"optionalClaims":null,"orgRestrictions":[],"parentalControlSettings":{"countriesBlockedForMinors":[],"legalAgeGroupRule":"Allow"},"passwordCredentials":[{"customKeyIdentifier":"//5yAGIAYQBjAA==","endDate":"2019-12-11T21:35:21.335746Z","keyId":"e480e864-4978-438e-85fc-45a8ac904d9a","startDate":"2018-12-11T21:35:21.335746Z","value":null}],"publicClient":null,"publisherDomain":"microsoft.onmicrosoft.com","recordConsentConditions":null,"replyUrls":[],"requiredResourceAccess":[],"samlMetadataUrl":null,"signInAudience":"AzureADMyOrg","tokenEncryptionKeyId":null}]}'}
    headers:
      access-control-allow-origin: ['*']
      cache-control: [no-cache]
      content-length: ['2237']
      content-type: [application/json; odata=minimalmetadata; streaming=true; charset=utf-8]
      dataserviceversion: [3.0;]
      date: ['Tue, 11 Dec 2018 21:37:35 GMT']
      duration: ['680643']
      expires: ['-1']
      ocp-aad-diagnostics-server-name: [pMP8f8RT8BuYgTu1dfMWey3W85KBh0EioUNuKG1c8Zw=]
      ocp-aad-session-key: [hKpDNSR8PgrxE7OLXJZzzHkniEfbcTg2CvcqhtTFCsLWkv_eywLJOsikj92xYVL2-wUbkQ77ao6H3TdweMj0XMr91H9yTr_HXn5xSoLBvnqprtj52uJ_MyHmVgbFp4m4_7Ef0R7fUuNWX6VJr81Z9g.PDzQ1evzqYTxRvTBtyUMCg9w7PWKZrWdqaP6kKWTyM0]
      pragma: [no-cache]
      request-id: [0066b37d-feab-483a-aa54-3c188a02a81c]
      server: [Microsoft-IIS/10.0]
      strict-transport-security: [max-age=31536000; includeSubDomains]
      x-aspnet-version: [4.0.30319]
      x-ms-dirapi-data-contract-version: ['1.6']
      x-powered-by: [ASP.NET]
    status: {code: 200, message: OK}
- request:
    body: null
    headers:
      Accept: [application/json]
      Accept-Encoding: ['gzip, deflate']
      CommandName: [ad sp delete]
      Connection: [keep-alive]
      ParameterSetName: [--id]
      User-Agent: [python/3.6.4 (Windows-10-10.0.17763-SP0) msrest/0.6.2 msrest_azure/0.4.34
          azure-graphrbac/0.53.0 Azure-SDK-For-Python AZURECLI/2.0.52]
      accept-language: [en-US]
    method: GET
    uri: https://graph.windows.net/00000000-0000-0000-0000-000000000000/servicePrincipals?$filter=servicePrincipalNames%2Fany%28c%3Ac%20eq%20%27http%3A%2F%2Fsp_access_source_registry%27%29&api-version=1.6
  response:
    body: {string: '{"odata.metadata":"https://graph.windows.net/00000000-0000-0000-0000-000000000000/$metadata#directoryObjects","value":[{"odata.type":"Microsoft.DirectoryServices.ServicePrincipal","objectType":"ServicePrincipal","objectId":"1602b18b-ae95-4955-970f-82875a8bab47","deletionTimestamp":null,"accountEnabled":true,"addIns":[],"alternativeNames":[],"appDisplayName":"sp_access_source_registry","appId":"fe03ad63-508d-46fb-b307-9b08138d1f9f","appOwnerTenantId":"72f988bf-86f1-41af-91ab-2d7cd011db47","appRoleAssignmentRequired":false,"appRoles":[],"displayName":"sp_access_source_registry","errorUrl":null,"homepage":"https://sp_access_source_registry","keyCredentials":[],"logoutUrl":null,"oauth2Permissions":[{"adminConsentDescription":"Allow
        the application to access sp_access_source_registry on behalf of the signed-in
        user.","adminConsentDisplayName":"Access sp_access_source_registry","id":"a48dec26-2cac-4392-9d6c-d782f006acab","isEnabled":true,"type":"User","userConsentDescription":"Allow
        the application to access sp_access_source_registry on your behalf.","userConsentDisplayName":"Access
        sp_access_source_registry","value":"user_impersonation"}],"passwordCredentials":[],"preferredTokenSigningKeyThumbprint":null,"publisherName":"Microsoft","replyUrls":[],"samlMetadataUrl":null,"servicePrincipalNames":["http://sp_access_source_registry","fe03ad63-508d-46fb-b307-9b08138d1f9f"],"servicePrincipalType":"Application","signInAudience":"AzureADMyOrg","tags":[],"tokenEncryptionKeyId":null}]}'}
    headers:
      access-control-allow-origin: ['*']
      cache-control: [no-cache]
      content-length: ['1494']
      content-type: [application/json; odata=minimalmetadata; streaming=true; charset=utf-8]
      dataserviceversion: [3.0;]
      date: ['Tue, 11 Dec 2018 21:37:35 GMT']
      duration: ['583283']
      expires: ['-1']
      ocp-aad-diagnostics-server-name: [YF0m9VfRaICKZ7BaPBWJYnZAznG+rGxvI3UhMCQZVCo=]
      ocp-aad-session-key: [Y7fIPv6ourHJ2n8jFNXuTGLtEbLDCKl9eDcl9wqXxtW6au-sWk_yJtzu68vI-1MWK1Q-nYgbjILwl8POO8lCYroPAlK7JbGMnhn6K0bnADWk8mcrilSRftnLoue65YPm_HEYcDJFE_BMJEJEuJdvKA.836Vl7wvQBFh_9rD3-pKlqcOIUcz0levr8B5sxjMH1Q]
      pragma: [no-cache]
      request-id: [a7782423-f006-448d-a6e3-c342652b8b88]
      server: [Microsoft-IIS/10.0]
      strict-transport-security: [max-age=31536000; includeSubDomains]
      x-aspnet-version: [4.0.30319]
      x-ms-dirapi-data-contract-version: ['1.6']
      x-powered-by: [ASP.NET]
    status: {code: 200, message: OK}
- request:
    body: null
    headers:
      Accept: [application/json]
      Accept-Encoding: ['gzip, deflate']
      CommandName: [ad sp delete]
      Connection: [keep-alive]
      Content-Type: [application/json; charset=utf-8]
      ParameterSetName: [--id]
      User-Agent: [python/3.6.4 (Windows-10-10.0.17763-SP0) msrest/0.6.2 msrest_azure/0.4.34
          azure-mgmt-authorization/0.50.0 Azure-SDK-For-Python AZURECLI/2.0.52]
      accept-language: [en-US]
    method: GET
    uri: https://management.azure.com/subscriptions/00000000-0000-0000-0000-000000000000/providers/Microsoft.Authorization/roleAssignments?$filter=principalId%20eq%20%271602b18b-ae95-4955-970f-82875a8bab47%27&api-version=2018-01-01-preview
  response:
    body: {string: '{"value":[]}'}
    headers:
      cache-control: [no-cache]
      content-length: ['12']
      content-type: [application/json; charset=utf-8]
      date: ['Tue, 11 Dec 2018 21:37:35 GMT']
      expires: ['-1']
      pragma: [no-cache]
      server: [Microsoft-IIS/10.0]
      set-cookie: [x-ms-gateway-slice=productionb; path=/; secure; HttpOnly]
      strict-transport-security: [max-age=31536000; includeSubDomains]
      transfer-encoding: [chunked]
      vary: [Accept-Encoding]
      x-content-type-options: [nosniff]
      x-ms-request-charge: ['1']
    status: {code: 200, message: OK}
- request:
    body: null
    headers:
      Accept: [application/json]
      Accept-Encoding: ['gzip, deflate']
      CommandName: [ad sp delete]
      Connection: [keep-alive]
      Content-Length: ['0']
      ParameterSetName: [--id]
      User-Agent: [python/3.6.4 (Windows-10-10.0.17763-SP0) msrest/0.6.2 msrest_azure/0.4.34
          azure-graphrbac/0.53.0 Azure-SDK-For-Python AZURECLI/2.0.52]
      accept-language: [en-US]
    method: DELETE
    uri: https://graph.windows.net/00000000-0000-0000-0000-000000000000/applications/c08531b7-9484-4ce3-bb82-5952fa6c5745?api-version=1.6
  response:
    body: {string: ''}
    headers:
      access-control-allow-origin: ['*']
      cache-control: [no-cache]
      date: ['Tue, 11 Dec 2018 21:37:35 GMT']
      duration: ['1859425']
      expires: ['-1']
      ocp-aad-diagnostics-server-name: [c+jbw+ZBrEliCN+SCvWixDretq0U48+gk/t2P/iP65E=]
      ocp-aad-session-key: [l-cCpT6thwlRazqNFtMjKBSHnqUO5CQN2zQCoyfKrWBq6bZOH9FVyYnAFXNwmtkmPlsFw8IFZqYy7XmBQuf2UX_gM0KBmkarXU_eOlMAEXi2WhWeqcGDS-hLIFcavqe5TyHhyPVVnu6T4JBbC-Bcaw.6cyBng7GpC1aCzy_SFzUgWDTMGjykgQaIB2_ic6u814]
      pragma: [no-cache]
      request-id: [e813b678-b72b-4600-b8ad-2ff72b955b28]
      server: [Microsoft-IIS/10.0]
      strict-transport-security: [max-age=31536000; includeSubDomains]
      x-aspnet-version: [4.0.30319]
      x-ms-dirapi-data-contract-version: ['1.6']
      x-powered-by: [ASP.NET]
    status: {code: 204, message: No Content}
- request:
    body: null
    headers:
      Accept: [application/json]
      Accept-Encoding: ['gzip, deflate']
      CommandName: [ad sp show]
      Connection: [keep-alive]
      ParameterSetName: [--id]
      User-Agent: [python/3.6.4 (Windows-10-10.0.17763-SP0) msrest/0.6.2 msrest_azure/0.4.34
          azure-graphrbac/0.53.0 Azure-SDK-For-Python AZURECLI/2.0.52]
      accept-language: [en-US]
    method: GET
    uri: https://graph.windows.net/00000000-0000-0000-0000-000000000000/servicePrincipals?$filter=servicePrincipalNames%2Fany%28c%3Ac%20eq%20%27http%3A%2F%2Fsp_access_source_registry%27%29&api-version=1.6
  response:
    body: {string: '{"odata.metadata":"https://graph.windows.net/00000000-0000-0000-0000-000000000000/$metadata#directoryObjects","value":[]}'}
    headers:
      access-control-allow-origin: ['*']
      cache-control: [no-cache]
      content-length: ['121']
      content-type: [application/json; odata=minimalmetadata; streaming=true; charset=utf-8]
      dataserviceversion: [3.0;]
      date: ['Tue, 11 Dec 2018 21:37:36 GMT']
      duration: ['481604']
      expires: ['-1']
      ocp-aad-diagnostics-server-name: [q5Xbh3MZA2oHL2aMV5BkPDdbnE4y3W66Ql7+EgkvqGE=]
      ocp-aad-session-key: [nvnGDrMPndNZOWZZ7lZbWDwSP2MXZE56GNlKKcLqumVU6CQFM6nll9nx34CKMexBhPR_EocGtjLr7XSkmdj7hpBjKDWuejOjnLGV1-vFiZcD4NGR7sJyFW9o4dz1h4TyBTJHIC25bBzTksho8fwSpA.r5DFkbOLw4nymrYCz58ito_K1nU9a2qw98UN7FMNgu0]
      pragma: [no-cache]
      request-id: [efb0a28e-f950-4493-b4e7-af26694462d0]
      server: [Microsoft-IIS/10.0]
      strict-transport-security: [max-age=31536000; includeSubDomains]
      x-aspnet-version: [4.0.30319]
      x-ms-dirapi-data-contract-version: ['1.6']
      x-powered-by: [ASP.NET]
    status: {code: 200, message: OK}
- request:
    body: null
    headers:
      Accept: [application/json]
      Accept-Encoding: ['gzip, deflate']
      CommandName: [group delete]
      Connection: [keep-alive]
      Content-Length: ['0']
      Content-Type: [application/json; charset=utf-8]
      ParameterSetName: [--name --yes --no-wait]
      User-Agent: [python/3.6.4 (Windows-10-10.0.17763-SP0) msrest/0.6.2 msrest_azure/0.4.34
          resourcemanagementclient/2.0.0 Azure-SDK-For-Python AZURECLI/2.0.52]
      accept-language: [en-US]
    method: DELETE
    uri: https://management.azure.com/subscriptions/00000000-0000-0000-0000-000000000000/resourcegroups/clitest.rg000001?api-version=2018-05-01
  response:
    body: {string: ''}
    headers:
      cache-control: [no-cache]
      content-length: ['0']
      date: ['Tue, 11 Dec 2018 21:37:37 GMT']
      expires: ['-1']
      location: ['https://management.azure.com/subscriptions/00000000-0000-0000-0000-000000000000/operationresults/eyJqb2JJZCI6IlJFU09VUkNFR1JPVVBERUxFVElPTkpPQi1DTElURVNUOjJFUkdCRzJPRldOR1dWV0NEMlhSUkZGSEVRNTRNWEdVQTZKUFJHR3wxRDQyQkYxQjU1MDc3M0Y5LVdFU1RVUyIsImpvYkxvY2F0aW9uIjoid2VzdHVzIn0?api-version=2018-05-01']
      pragma: [no-cache]
      strict-transport-security: [max-age=31536000; includeSubDomains]
      x-content-type-options: [nosniff]
      x-ms-ratelimit-remaining-subscription-deletes: ['14999']
    status: {code: 202, message: Accepted}
version: 1
