interactions:
- request:
    body: null
    headers:
      Connection: [close]
      Host: [raw.githubusercontent.com]
      User-Agent: [Python-urllib/3.5]
    method: GET
    uri: https://raw.githubusercontent.com/Azure/azure-rest-api-specs/master/arm-compute/quickstart-templates/aliases.json
  response:
    body: {string: "{\n  \"$schema\":\"http://schema.management.azure.com/schemas/2015-01-01/deploymentTemplate.json\"\
        ,\n  \"contentVersion\":\"1.0.0.0\",\n  \"parameters\":{},\n  \"variables\"\
        :{},\n  \"resources\":[],\n\n  \"outputs\":{\n    \"aliases\":{\n      \"\
        type\":\"object\",\n      \"value\":{\n\n        \"Linux\":{\n          \"\
        CentOS\":{\n            \"publisher\":\"OpenLogic\",\n            \"offer\"\
        :\"CentOS\",\n            \"sku\":\"7.3\",\n            \"version\":\"latest\"\
        \n          },\n          \"CoreOS\":{\n            \"publisher\":\"CoreOS\"\
        ,\n            \"offer\":\"CoreOS\",\n            \"sku\":\"Stable\",\n  \
        \          \"version\":\"latest\"\n          },\n          \"Debian\":{\n\
        \            \"publisher\":\"credativ\",\n            \"offer\":\"Debian\"\
        ,\n            \"sku\":\"8\",\n            \"version\":\"latest\"\n      \
        \    },\n          \"openSUSE-Leap\": {\n            \"publisher\":\"SUSE\"\
        ,\n            \"offer\":\"openSUSE-Leap\",\n            \"sku\":\"42.2\"\
        ,\n            \"version\": \"latest\"\n          },\n          \"RHEL\":{\n\
        \            \"publisher\":\"RedHat\",\n            \"offer\":\"RHEL\",\n\
        \            \"sku\":\"7.3\",\n            \"version\":\"latest\"\n      \
        \    },\n          \"SLES\":{\n            \"publisher\":\"SUSE\",\n     \
        \       \"offer\":\"SLES\",\n            \"sku\":\"12-SP2\",\n           \
        \ \"version\":\"latest\"\n          },\n          \"UbuntuLTS\":{\n      \
        \      \"publisher\":\"Canonical\",\n            \"offer\":\"UbuntuServer\"\
        ,\n            \"sku\":\"16.04-LTS\",\n            \"version\":\"latest\"\n\
        \          }\n        },\n\n        \"Windows\":{\n          \"Win2016Datacenter\"\
        :{\n            \"publisher\":\"MicrosoftWindowsServer\",\n            \"\
        offer\":\"WindowsServer\",\n            \"sku\":\"2016-Datacenter\",\n   \
        \         \"version\":\"latest\"\n          },\n          \"Win2012R2Datacenter\"\
        :{\n            \"publisher\":\"MicrosoftWindowsServer\",\n            \"\
        offer\":\"WindowsServer\",\n            \"sku\":\"2012-R2-Datacenter\",\n\
        \            \"version\":\"latest\"\n          },\n          \"Win2012Datacenter\"\
        :{\n            \"publisher\":\"MicrosoftWindowsServer\",\n            \"\
        offer\":\"WindowsServer\",\n            \"sku\":\"2012-Datacenter\",\n   \
        \         \"version\":\"latest\"\n          },\n          \"Win2008R2SP1\"\
        :{\n            \"publisher\":\"MicrosoftWindowsServer\",\n            \"\
        offer\":\"WindowsServer\",\n            \"sku\":\"2008-R2-SP1\",\n       \
        \     \"version\":\"latest\"\n          }\n        }\n      }\n    }\n  }\n\
        }\n"}
    headers:
      Accept-Ranges: [bytes]
      Access-Control-Allow-Origin: ['*']
      Cache-Control: [max-age=300]
      Connection: [close]
      Content-Length: ['2235']
      Content-Security-Policy: [default-src 'none'; style-src 'unsafe-inline']
      Content-Type: [text/plain; charset=utf-8]
      Date: ['Mon, 03 Jul 2017 22:37:13 GMT']
      ETag: ['"d6824855d13e27c5258a680eb60f635d088fd05e"']
      Expires: ['Mon, 03 Jul 2017 22:42:13 GMT']
      Source-Age: ['201']
      Strict-Transport-Security: [max-age=31536000]
      Vary: ['Authorization,Accept-Encoding, Accept-Encoding']
      Via: [1.1 varnish]
      X-Cache: [HIT]
      X-Cache-Hits: ['1']
      X-Content-Type-Options: [nosniff]
      X-Fastly-Request-ID: [21d868f7c31530fad84f8ece553e775701b9d870]
      X-Frame-Options: [deny]
      X-Geo-Block-List: ['']
      X-GitHub-Request-Id: ['63C0:1482B:1A5767:1D098B:595AC64F']
      X-Served-By: [cache-sea1022-SEA]
      X-Timer: ['S1499121433.286587,VS0,VE0']
      X-XSS-Protection: [1; mode=block]
    status: {code: 200, message: OK}
- request:
    body: null
    headers:
      Accept: [application/json]
      Accept-Encoding: ['gzip, deflate']
      Connection: [keep-alive]
      Content-Type: [application/json; charset=utf-8]
      User-Agent: [python/3.5.3 (Windows-10-10.0.15063-SP0) requests/2.9.1 msrest/0.4.9
          msrest_azure/0.4.8 networkmanagementclient/1.1.0 Azure-SDK-For-Python AZURECLI/TEST/2.0.10+dev]
      accept-language: [en-US]
      x-ms-client-request-id: [29bb3098-6040-11e7-86e4-74c63bed1137]
    method: GET
    uri: https://management.azure.com/subscriptions/00000000-0000-0000-0000-000000000000/resourceGroups/cli_test_vmss_create_options/providers/Microsoft.Network/virtualNetworks?api-version=2017-06-01
  response:
    body: {string: '{"value":[]}'}
    headers:
      Cache-Control: [no-cache]
      Content-Type: [application/json; charset=utf-8]
      Date: ['Mon, 03 Jul 2017 22:37:12 GMT']
      Expires: ['-1']
      Pragma: [no-cache]
      Strict-Transport-Security: [max-age=31536000; includeSubDomains]
      Vary: [Accept-Encoding]
      content-length: ['12']
    status: {code: 200, message: OK}
- request:
    body: null
    headers:
      Accept: [application/json]
      Accept-Encoding: ['gzip, deflate']
      Connection: [keep-alive]
      Content-Type: [application/json; charset=utf-8]
      User-Agent: [python/3.5.3 (Windows-10-10.0.15063-SP0) requests/2.9.1 msrest/0.4.9
          msrest_azure/0.4.8 resourcemanagementclient/1.1.0 Azure-SDK-For-Python AZURECLI/TEST/2.0.10+dev]
      accept-language: [en-US]
      x-ms-client-request-id: [2a047c94-6040-11e7-b176-74c63bed1137]
    method: GET
    uri: https://management.azure.com/subscriptions/00000000-0000-0000-0000-000000000000/providers/Microsoft.Network?api-version=2017-05-10
  response:
    body: {string: '{"id":"/subscriptions/00000000-0000-0000-0000-000000000000/providers/Microsoft.Network","namespace":"Microsoft.Network","authorization":{"applicationId":"2cf9eb86-36b5-49dc-86ae-9a63135dfa8c","roleDefinitionId":"13ba9ab4-19f0-4804-adc4-14ece36cc7a1"},"resourceTypes":[{"resourceType":"virtualNetworks","locations":["West
        US","East US","North Europe","West Europe","East Asia","Southeast Asia","North
        Central US","South Central US","Central US","East US 2","Japan East","Japan
        West","Brazil South","Australia East","Australia Southeast","Central India","South
        India","West India","Canada Central","Canada East","West Central US","West
        US 2","UK West","UK South","Korea Central","Korea South"],"apiVersions":["2017-06-01","2017-04-01","2017-03-01","2016-12-01","2016-11-01","2016-10-01","2016-09-01","2016-08-01","2016-07-01","2016-06-01","2016-03-30","2015-06-15","2015-05-01-preview","2014-12-01-preview"],"apiProfiles":[{"profileVersion":"2017-03-09-profile","apiVersion":"2015-06-15"}],"capabilities":"CrossResourceGroupResourceMove,
        CrossSubscriptionResourceMove"},{"resourceType":"publicIPAddresses","locations":["West
        US","East US","North Europe","West Europe","East Asia","Southeast Asia","North
        Central US","South Central US","Central US","East US 2","Japan East","Japan
        West","Brazil South","Australia East","Australia Southeast","Central India","South
        India","West India","Canada Central","Canada East","West Central US","West
        US 2","UK West","UK South","Korea Central","Korea South"],"apiVersions":["2017-06-01","2017-04-01","2017-03-01","2016-12-01","2016-11-01","2016-10-01","2016-09-01","2016-08-01","2016-07-01","2016-06-01","2016-03-30","2015-06-15","2015-05-01-preview","2014-12-01-preview"],"apiProfiles":[{"profileVersion":"2017-03-09-profile","apiVersion":"2015-06-15"}],"capabilities":"CrossResourceGroupResourceMove,
        CrossSubscriptionResourceMove"},{"resourceType":"networkInterfaces","locations":["West
        US","East US","North Europe","West Europe","East Asia","Southeast Asia","North
        Central US","South Central US","Central US","East US 2","Japan East","Japan
        West","Brazil South","Australia East","Australia Southeast","Central India","South
        India","West India","Canada Central","Canada East","West Central US","West
        US 2","UK West","UK South","Korea Central","Korea South"],"apiVersions":["2017-06-01","2017-04-01","2017-03-01","2016-12-01","2016-11-01","2016-10-01","2016-09-01","2016-08-01","2016-07-01","2016-06-01","2016-03-30","2015-06-15","2015-05-01-preview","2014-12-01-preview"],"apiProfiles":[{"profileVersion":"2017-03-09-profile","apiVersion":"2015-06-15"}],"capabilities":"CrossResourceGroupResourceMove,
        CrossSubscriptionResourceMove"},{"resourceType":"loadBalancers","locations":["West
        US","East US","North Europe","West Europe","East Asia","Southeast Asia","North
        Central US","South Central US","Central US","East US 2","Japan East","Japan
        West","Brazil South","Australia East","Australia Southeast","Central India","South
        India","West India","Canada Central","Canada East","West Central US","West
        US 2","UK West","UK South","Korea Central","Korea South"],"apiVersions":["2017-06-01","2017-04-01","2017-03-01","2016-12-01","2016-11-01","2016-10-01","2016-09-01","2016-08-01","2016-07-01","2016-06-01","2016-03-30","2015-06-15","2015-05-01-preview","2014-12-01-preview"],"apiProfiles":[{"profileVersion":"2017-03-09-profile","apiVersion":"2015-06-15"}],"capabilities":"CrossResourceGroupResourceMove,
        CrossSubscriptionResourceMove"},{"resourceType":"networkSecurityGroups","locations":["West
        US","East US","North Europe","West Europe","East Asia","Southeast Asia","North
        Central US","South Central US","Central US","East US 2","Japan East","Japan
        West","Brazil South","Australia East","Australia Southeast","Central India","South
        India","West India","Canada Central","Canada East","West Central US","West
        US 2","UK West","UK South","Korea Central","Korea South"],"apiVersions":["2017-06-01","2017-04-01","2017-03-01","2016-12-01","2016-11-01","2016-10-01","2016-09-01","2016-08-01","2016-07-01","2016-06-01","2016-03-30","2015-06-15","2015-05-01-preview","2014-12-01-preview"],"apiProfiles":[{"profileVersion":"2017-03-09-profile","apiVersion":"2015-06-15"}],"capabilities":"CrossResourceGroupResourceMove,
        CrossSubscriptionResourceMove"},{"resourceType":"routeTables","locations":["West
        US","East US","North Europe","West Europe","East Asia","Southeast Asia","North
        Central US","South Central US","Central US","East US 2","Japan East","Japan
        West","Brazil South","Australia East","Australia Southeast","Central India","South
        India","West India","Canada Central","Canada East","West Central US","West
        US 2","UK West","UK South","Korea Central","Korea South"],"apiVersions":["2017-06-01","2017-04-01","2017-03-01","2016-12-01","2016-11-01","2016-10-01","2016-09-01","2016-08-01","2016-07-01","2016-06-01","2016-03-30","2015-06-15","2015-05-01-preview","2014-12-01-preview"],"apiProfiles":[{"profileVersion":"2017-03-09-profile","apiVersion":"2015-06-15"}],"capabilities":"CrossResourceGroupResourceMove,
        CrossSubscriptionResourceMove"},{"resourceType":"networkWatchers","locations":["West
        US","East US","North Europe","West Europe","East Asia","Southeast Asia","North
        Central US","South Central US","Central US","East US 2","Japan East","Japan
        West","Brazil South","Australia East","Australia Southeast","Central India","South
        India","West India","Canada Central","Canada East","West Central US","West
        US 2","UK West","UK South","Korea Central","Korea South"],"apiVersions":["2017-06-01","2017-04-01","2017-03-01","2016-12-01","2016-11-01","2016-10-01","2016-09-01","2016-08-01","2016-07-01","2016-06-01","2016-03-30"],"capabilities":"CrossResourceGroupResourceMove,
        CrossSubscriptionResourceMove"},{"resourceType":"virtualNetworkGateways","locations":["West
        US","East US","North Europe","West Europe","East Asia","Southeast Asia","North
        Central US","South Central US","Central US","East US 2","Japan East","Japan
        West","Brazil South","Australia East","Australia Southeast","Central India","South
        India","West India","Canada Central","Canada East","West Central US","West
        US 2","UK West","UK South","Korea Central","Korea South"],"apiVersions":["2017-06-01","2017-04-01","2017-03-01","2016-12-01","2016-11-01","2016-10-01","2016-09-01","2016-08-01","2016-07-01","2016-06-01","2016-03-30","2015-06-15","2015-05-01-preview","2014-12-01-preview"],"apiProfiles":[{"profileVersion":"2017-03-09-profile","apiVersion":"2015-06-15"}],"capabilities":"CrossResourceGroupResourceMove,
        CrossSubscriptionResourceMove"},{"resourceType":"localNetworkGateways","locations":["West
        US","East US","North Europe","West Europe","East Asia","Southeast Asia","North
        Central US","South Central US","Central US","East US 2","Japan East","Japan
        West","Brazil South","Australia East","Australia Southeast","Central India","South
        India","West India","Canada Central","Canada East","West Central US","West
        US 2","UK West","UK South","Korea Central","Korea South"],"apiVersions":["2017-06-01","2017-04-01","2017-03-01","2016-12-01","2016-11-01","2016-10-01","2016-09-01","2016-08-01","2016-07-01","2016-06-01","2016-03-30","2015-06-15","2015-05-01-preview","2014-12-01-preview"],"apiProfiles":[{"profileVersion":"2017-03-09-profile","apiVersion":"2015-06-15"}],"capabilities":"CrossResourceGroupResourceMove,
        CrossSubscriptionResourceMove"},{"resourceType":"connections","locations":["West
        US","East US","North Europe","West Europe","East Asia","Southeast Asia","North
        Central US","South Central US","Central US","East US 2","Japan East","Japan
        West","Brazil South","Australia East","Australia Southeast","Central India","South
        India","West India","Canada Central","Canada East","West Central US","West
        US 2","UK West","UK South","Korea Central","Korea South"],"apiVersions":["2017-06-01","2017-04-01","2017-03-01","2016-12-01","2016-11-01","2016-10-01","2016-09-01","2016-08-01","2016-07-01","2016-06-01","2016-03-30","2015-06-15","2015-05-01-preview","2014-12-01-preview"],"apiProfiles":[{"profileVersion":"2017-03-09-profile","apiVersion":"2015-06-15"}],"capabilities":"CrossResourceGroupResourceMove,
        CrossSubscriptionResourceMove"},{"resourceType":"applicationGateways","locations":["West
        US","East US","North Europe","West Europe","East Asia","Southeast Asia","North
        Central US","South Central US","Central US","East US 2","Japan East","Japan
        West","Brazil South","Australia East","Australia Southeast","Central India","South
        India","West India","Canada Central","Canada East","West Central US","West
        US 2","UK West","UK South","Korea Central","Korea South"],"apiVersions":["2017-06-01","2017-04-01","2017-03-01","2016-12-01","2016-11-01","2016-10-01","2016-09-01","2016-08-01","2016-07-01","2016-06-01","2016-03-30","2015-06-15","2015-05-01-preview","2014-12-01-preview"],"capabilities":"None"},{"resourceType":"locations","locations":[],"apiVersions":["2017-06-01","2017-04-01","2017-03-01","2016-12-01","2016-11-01","2016-10-01","2016-09-01","2016-08-01","2016-07-01","2016-06-01","2016-03-30","2015-06-15","2015-05-01-preview","2014-12-01-preview"],"apiProfiles":[{"profileVersion":"2017-03-09-profile","apiVersion":"2015-06-15"}]},{"resourceType":"locations/operations","locations":[],"apiVersions":["2017-06-01","2017-04-01","2017-03-01","2016-12-01","2016-11-01","2016-10-01","2016-09-01","2016-08-01","2016-07-01","2016-06-01","2016-03-30","2015-06-15","2015-05-01-preview","2014-12-01-preview"],"apiProfiles":[{"profileVersion":"2017-03-09-profile","apiVersion":"2015-06-15"}]},{"resourceType":"locations/operationResults","locations":[],"apiVersions":["2017-06-01","2017-04-01","2017-03-01","2016-12-01","2016-11-01","2016-10-01","2016-09-01","2016-08-01","2016-07-01","2016-06-01","2016-03-30","2015-06-15","2015-05-01-preview","2014-12-01-preview"],"apiProfiles":[{"profileVersion":"2017-03-09-profile","apiVersion":"2015-06-15"}]},{"resourceType":"locations/CheckDnsNameAvailability","locations":["West
        US","East US","North Europe","West Europe","East Asia","Southeast Asia","North
        Central US","South Central US","Central US","East US 2","Japan East","Japan
        West","Brazil South","Australia East","Australia Southeast","Central India","South
        India","West India","Canada Central","Canada East","West Central US","West
        US 2","UK West","UK South","Korea Central","Korea South"],"apiVersions":["2017-06-01","2017-04-01","2017-03-01","2016-12-01","2016-11-01","2016-10-01","2016-09-01","2016-08-01","2016-07-01","2016-06-01","2016-03-30","2015-06-15","2015-05-01-preview","2014-12-01-preview"]},{"resourceType":"locations/usages","locations":["West
        US","East US","North Europe","West Europe","East Asia","Southeast Asia","North
        Central US","South Central US","Central US","East US 2","Japan East","Japan
        West","Brazil South","Australia East","Australia Southeast","Central India","South
        India","West India","Canada Central","Canada East","West Central US","West
        US 2","UK West","UK South","Korea Central","Korea South"],"apiVersions":["2017-06-01","2017-04-01","2017-03-01","2016-12-01","2016-11-01","2016-10-01","2016-09-01","2016-08-01","2016-07-01","2016-06-01","2016-03-30","2015-06-15","2015-05-01-preview","2014-12-01-preview"],"apiProfiles":[{"profileVersion":"2017-03-09-profile","apiVersion":"2015-06-15"}]},{"resourceType":"operations","locations":[],"apiVersions":["2017-06-01","2017-04-01","2017-03-01","2016-12-01","2016-11-01","2016-10-01","2016-09-01","2016-08-01","2016-07-01","2016-06-01","2016-03-30","2015-06-15","2015-05-01-preview","2014-12-01-preview"]},{"resourceType":"dnszones","locations":["global"],"apiVersions":["2016-04-01","2015-05-04-preview"],"apiProfiles":[{"profileVersion":"2017-03-09-profile","apiVersion":"2016-04-01"}],"capabilities":"CrossResourceGroupResourceMove,
        CrossSubscriptionResourceMove"},{"resourceType":"dnsOperationResults","locations":["global"],"apiVersions":["2016-04-01"]},{"resourceType":"dnsOperationStatuses","locations":["global"],"apiVersions":["2016-04-01"]},{"resourceType":"dnszones/A","locations":["global"],"apiVersions":["2016-04-01","2015-05-04-preview"]},{"resourceType":"dnszones/AAAA","locations":["global"],"apiVersions":["2016-04-01","2015-05-04-preview"]},{"resourceType":"dnszones/CNAME","locations":["global"],"apiVersions":["2016-04-01","2015-05-04-preview"]},{"resourceType":"dnszones/PTR","locations":["global"],"apiVersions":["2016-04-01","2015-05-04-preview"]},{"resourceType":"dnszones/MX","locations":["global"],"apiVersions":["2016-04-01","2015-05-04-preview"]},{"resourceType":"dnszones/TXT","locations":["global"],"apiVersions":["2016-04-01","2015-05-04-preview"]},{"resourceType":"dnszones/SRV","locations":["global"],"apiVersions":["2016-04-01","2015-05-04-preview"]},{"resourceType":"dnszones/SOA","locations":["global"],"apiVersions":["2016-04-01","2015-05-04-preview"]},{"resourceType":"dnszones/NS","locations":["global"],"apiVersions":["2016-04-01","2015-05-04-preview"]},{"resourceType":"trafficmanagerprofiles","locations":["global"],"apiVersions":["2017-05-01","2017-03-01","2015-11-01","2015-04-28-preview"],"capabilities":"CrossResourceGroupResourceMove,
        CrossSubscriptionResourceMove"},{"resourceType":"checkTrafficManagerNameAvailability","locations":["global"],"apiVersions":["2017-05-01","2017-03-01","2015-11-01","2015-04-28-preview"]},{"resourceType":"trafficManagerGeographicHierarchies","locations":["global"],"apiVersions":["2017-05-01","2017-03-01"]},{"resourceType":"expressRouteCircuits","locations":["West
        US","East US","North Europe","West Europe","East Asia","Southeast Asia","North
        Central US","South Central US","Central US","East US 2","Japan East","Japan
        West","Brazil South","Australia East","Australia Southeast","Central India","South
        India","West India","Canada Central","Canada East","West Central US","West
        US 2","UK West","UK South","Korea Central","Korea South"],"apiVersions":["2017-06-01","2017-04-01","2017-03-01","2016-12-01","2016-11-01","2016-10-01","2016-09-01","2016-08-01","2016-07-01","2016-06-01","2016-03-30","2015-06-15","2015-05-01-preview","2014-12-01-preview"],"capabilities":"None"},{"resourceType":"expressRouteServiceProviders","locations":[],"apiVersions":["2017-06-01","2017-04-01","2017-03-01","2016-12-01","2016-11-01","2016-10-01","2016-09-01","2016-08-01","2016-07-01","2016-06-01","2016-03-30","2015-06-15","2015-05-01-preview","2014-12-01-preview"]},{"resourceType":"applicationGatewayAvailableWafRuleSets","locations":[],"apiVersions":["2017-06-01","2017-04-01","2017-03-01"]},{"resourceType":"routeFilters","locations":["West
        US","East US","North Europe","West Europe","East Asia","Southeast Asia","North
        Central US","South Central US","Central US","East US 2","Japan East","Japan
        West","Brazil South","Australia East","Australia Southeast","Central India","South
        India","West India","Canada Central","Canada East","West Central US","West
        US 2","UK West","UK South","Korea Central","Korea South"],"apiVersions":["2017-06-01","2017-04-01","2017-03-01","2016-12-01"],"capabilities":"None"},{"resourceType":"bgpServiceCommunities","locations":[],"apiVersions":["2017-06-01","2017-04-01","2017-03-01","2016-12-01"]},{"resourceType":"serviceTunnelServices","locations":[],"apiVersions":["2017-06-01","2017-04-01"]}],"registrationState":"Registered"}'}
    headers:
      Cache-Control: [no-cache]
      Content-Type: [application/json; charset=utf-8]
      Date: ['Mon, 03 Jul 2017 22:37:13 GMT']
      Expires: ['-1']
      Pragma: [no-cache]
      Strict-Transport-Security: [max-age=31536000; includeSubDomains]
      Vary: [Accept-Encoding]
      content-length: ['15217']
    status: {code: 200, message: OK}
- request:
    body: null
    headers:
      Accept: [application/json]
      Accept-Encoding: ['gzip, deflate']
      Connection: [keep-alive]
      Content-Type: [application/json; charset=utf-8]
      User-Agent: [python/3.5.3 (Windows-10-10.0.15063-SP0) requests/2.9.1 msrest/0.4.9
          msrest_azure/0.4.8 resourcemanagementclient/1.1.0 Azure-SDK-For-Python AZURECLI/TEST/2.0.10+dev]
      accept-language: [en-US]
      x-ms-client-request-id: [2a51b550-6040-11e7-88fd-74c63bed1137]
    method: GET
    uri: https://management.azure.com/subscriptions/00000000-0000-0000-0000-000000000000/resourcegroups/cli_test_vmss_create_options/providers/Microsoft.Network/publicIPAddresses/vrfpubip?api-version=2017-06-01
  response:
    body: {string: "{\r\n  \"name\": \"vrfpubip\",\r\n  \"id\": \"/subscriptions/00000000-0000-0000-0000-000000000000/resourceGroups/cli_test_vmss_create_options/providers/Microsoft.Network/publicIPAddresses/vrfpubip\"\
        ,\r\n  \"etag\": \"W/\\\"ea424e08-97da-465f-afda-a051259dd6f5\\\"\",\r\n \
        \ \"location\": \"westus\",\r\n  \"properties\": {\r\n    \"provisioningState\"\
        : \"Succeeded\",\r\n    \"resourceGuid\": \"e0d1a6f8-79f1-4542-b3c4-3cd50c424927\"\
        ,\r\n    \"publicIPAddressVersion\": \"IPv4\",\r\n    \"publicIPAllocationMethod\"\
        : \"Dynamic\",\r\n    \"idleTimeoutInMinutes\": 4\r\n  },\r\n  \"type\": \"\
        Microsoft.Network/publicIPAddresses\"\r\n}"}
    headers:
      Cache-Control: [no-cache]
      Content-Type: [application/json; charset=utf-8]
      Date: ['Mon, 03 Jul 2017 22:37:14 GMT']
      ETag: [W/"ea424e08-97da-465f-afda-a051259dd6f5"]
      Expires: ['-1']
      Pragma: [no-cache]
      Server: [Microsoft-HTTPAPI/2.0, Microsoft-HTTPAPI/2.0]
      Strict-Transport-Security: [max-age=31536000; includeSubDomains]
      Transfer-Encoding: [chunked]
      Vary: [Accept-Encoding]
      content-length: ['566']
    status: {code: 200, message: OK}
- request:
    body: '{"properties": {"parameters": {}, "mode": "Incremental", "template": {"outputs":
      {"VMSS": {"value": "[reference(resourceId(''Microsoft.Compute/virtualMachineScaleSets'',
      ''vrfvmss''),providers(''Microsoft.Compute'', ''virtualMachineScaleSets'').apiVersions[0])]",
      "type": "object"}}, "contentVersion": "1.0.0.0", "resources": [{"properties":
      {"subnets": [{"properties": {"addressPrefix": "10.0.0.0/24"}, "name": "vrfvmssSubnet"}],
      "addressSpace": {"addressPrefixes": ["10.0.0.0/16"]}}, "name": "vrfvmssVNET",
      "dependsOn": [], "apiVersion": "2015-06-15", "location": "westus", "type": "Microsoft.Network/virtualNetworks",
      "tags": {}}, {"properties": {"backendAddressPools": [{"name": "vrfvmssLBBEPool"}],
      "inboundNatPools": [{"properties": {"frontendPortRangeStart": "50000", "backendPort":
      22, "protocol": "tcp", "frontendIPConfiguration": {"id": "[concat(resourceId(''Microsoft.Network/loadBalancers'',
      ''vrfvmssLB''), ''/frontendIPConfigurations/'', ''loadBalancerFrontEnd'')]"},
      "frontendPortRangeEnd": "50119"}, "name": "vrfvmssLBNatPool"}], "frontendIPConfigurations":
      [{"properties": {"publicIPAddress": {"id": "/subscriptions/0b1f6471-1bf0-4dda-aec3-cb9272f09590/resourceGroups/cli_test_vmss_create_options/providers/Microsoft.Network/publicIPAddresses/vrfpubip"}},
      "name": "loadBalancerFrontEnd"}]}, "name": "vrfvmssLB", "dependsOn": [], "apiVersion":
      "2015-06-15", "location": "westus", "type": "Microsoft.Network/loadBalancers",
      "tags": {}}, {"properties": {"overprovision": false, "virtualMachineProfile":
      {"osProfile": {"computerNamePrefix": "vrfvm3c30", "adminPassword": "testPassword0",
      "adminUsername": "myadmin"}, "storageProfile": {"dataDisks": [{"lun": 0, "managedDisk":
      {"storageAccountType": "Standard_LRS"}, "createOption": "empty", "caching":
      null, "diskSizeGB": 1}], "imageReference": {"version": "latest", "sku": "8",
      "offer": "Debian", "publisher": "credativ"}, "osDisk": {"managedDisk": {"storageAccountType":
      "Standard_LRS"}, "createOption": "FromImage", "caching": "ReadWrite"}}, "networkProfile":
      {"networkInterfaceConfigurations": [{"properties": {"ipConfigurations": [{"properties":
      {"subnet": {"id": "/subscriptions/0b1f6471-1bf0-4dda-aec3-cb9272f09590/resourceGroups/cli_test_vmss_create_options/providers/Microsoft.Network/virtualNetworks/vrfvmssVNET/subnets/vrfvmssSubnet"},
      "loadBalancerBackendAddressPools": [{"id": "/subscriptions/0b1f6471-1bf0-4dda-aec3-cb9272f09590/resourceGroups/cli_test_vmss_create_options/providers/Microsoft.Network/loadBalancers/vrfvmssLB/backendAddressPools/vrfvmssLBBEPool"}],
      "loadBalancerInboundNatPools": [{"id": "/subscriptions/0b1f6471-1bf0-4dda-aec3-cb9272f09590/resourceGroups/cli_test_vmss_create_options/providers/Microsoft.Network/loadBalancers/vrfvmssLB/inboundNatPools/vrfvmssLBNatPool"}]},
      "name": "vrfvm3c30IPConfig"}], "primary": "true"}, "name": "vrfvm3c30Nic"}]}},
      "upgradePolicy": {"mode": "Automatic"}, "singlePlacementGroup": true}, "name":
      "vrfvmss", "dependsOn": ["Microsoft.Network/virtualNetworks/vrfvmssVNET", "Microsoft.Network/loadBalancers/vrfvmssLB"],
      "apiVersion": "2017-03-30", "location": "westus", "sku": {"name": "Standard_D2_v2",
      "capacity": 2, "tier": "Standard"}, "type": "Microsoft.Compute/virtualMachineScaleSets",
      "tags": {}}], "variables": {}, "parameters": {}, "$schema": "https://schema.management.azure.com/schemas/2015-01-01/deploymentTemplate.json#"}}}'
    headers:
      Accept: [application/json]
      Accept-Encoding: ['gzip, deflate']
      Connection: [keep-alive]
      Content-Length: ['3371']
      Content-Type: [application/json; charset=utf-8]
      User-Agent: [python/3.5.3 (Windows-10-10.0.15063-SP0) requests/2.9.1 msrest/0.4.9
          msrest_azure/0.4.8 resourcemanagementclient/1.1.0 Azure-SDK-For-Python AZURECLI/TEST/2.0.10+dev]
      accept-language: [en-US]
      x-ms-client-request-id: [2ac909e8-6040-11e7-b0ef-74c63bed1137]
    method: PUT
    uri: https://management.azure.com/subscriptions/00000000-0000-0000-0000-000000000000/resourcegroups/cli_test_vmss_create_options/providers/Microsoft.Resources/deployments/mock-deployment?api-version=2017-05-10
  response:
    body: {string: '{"id":"/subscriptions/00000000-0000-0000-0000-000000000000/resourceGroups/cli_test_vmss_create_options/providers/Microsoft.Resources/deployments/vmss_deploy_wMMgZ95iTrTlvZBYyPVRA8J6Vvahue9T","name":"vmss_deploy_wMMgZ95iTrTlvZBYyPVRA8J6Vvahue9T","properties":{"templateHash":"14113245932407875685","parameters":{},"mode":"Incremental","provisioningState":"Accepted","timestamp":"2017-07-03T22:37:17.1744962Z","duration":"PT1.1308376S","correlationId":"4f078a04-749e-4676-a22e-ea5db5144bcb","providers":[{"namespace":"Microsoft.Network","resourceTypes":[{"resourceType":"virtualNetworks","locations":["westus"]},{"resourceType":"loadBalancers","locations":["westus"]}]},{"namespace":"Microsoft.Compute","resourceTypes":[{"resourceType":"virtualMachineScaleSets","locations":["westus"]}]}],"dependencies":[{"dependsOn":[{"id":"/subscriptions/00000000-0000-0000-0000-000000000000/resourceGroups/cli_test_vmss_create_options/providers/Microsoft.Network/virtualNetworks/vrfvmssVNET","resourceType":"Microsoft.Network/virtualNetworks","resourceName":"vrfvmssVNET"},{"id":"/subscriptions/00000000-0000-0000-0000-000000000000/resourceGroups/cli_test_vmss_create_options/providers/Microsoft.Network/loadBalancers/vrfvmssLB","resourceType":"Microsoft.Network/loadBalancers","resourceName":"vrfvmssLB"}],"id":"/subscriptions/00000000-0000-0000-0000-000000000000/resourceGroups/cli_test_vmss_create_options/providers/Microsoft.Compute/virtualMachineScaleSets/vrfvmss","resourceType":"Microsoft.Compute/virtualMachineScaleSets","resourceName":"vrfvmss"}]}}'}
    headers:
      Azure-AsyncOperation: ['https://management.azure.com/subscriptions/0b1f6471-1bf0-4dda-aec3-cb9272f09590/resourcegroups/cli_test_vmss_create_options/providers/Microsoft.Resources/deployments/vmss_deploy_wMMgZ95iTrTlvZBYyPVRA8J6Vvahue9T/operationStatuses/08587024854494339639?api-version=2017-05-10']
      Cache-Control: [no-cache]
      Content-Length: ['1566']
      Content-Type: [application/json; charset=utf-8]
      Date: ['Mon, 03 Jul 2017 22:37:17 GMT']
      Expires: ['-1']
      Pragma: [no-cache]
      Strict-Transport-Security: [max-age=31536000; includeSubDomains]
      x-ms-ratelimit-remaining-subscription-writes: ['1193']
    status: {code: 201, message: Created}
- request:
    body: null
    headers:
      Accept: [application/json]
      Accept-Encoding: ['gzip, deflate']
      Connection: [keep-alive]
      Content-Type: [application/json; charset=utf-8]
      User-Agent: [python/3.5.3 (Windows-10-10.0.15063-SP0) requests/2.9.1 msrest/0.4.9
          msrest_azure/0.4.8 resourcemanagementclient/1.1.0 Azure-SDK-For-Python AZURECLI/TEST/2.0.10+dev]
      accept-language: [en-US]
      x-ms-client-request-id: [2ac909e8-6040-11e7-b0ef-74c63bed1137]
    method: GET
    uri: https://management.azure.com/subscriptions/00000000-0000-0000-0000-000000000000/resourcegroups/cli_test_vmss_create_options/providers/Microsoft.Resources/deployments/mock-deployment/operationStatuses/08587024854494339639?api-version=2017-05-10
  response:
    body: {string: '{"status":"Running"}'}
    headers:
      Cache-Control: [no-cache]
      Content-Type: [application/json; charset=utf-8]
      Date: ['Mon, 03 Jul 2017 22:37:47 GMT']
      Expires: ['-1']
      Pragma: [no-cache]
      Strict-Transport-Security: [max-age=31536000; includeSubDomains]
      Vary: [Accept-Encoding]
      content-length: ['20']
    status: {code: 200, message: OK}
- request:
    body: null
    headers:
      Accept: [application/json]
      Accept-Encoding: ['gzip, deflate']
      Connection: [keep-alive]
      Content-Type: [application/json; charset=utf-8]
      User-Agent: [python/3.5.3 (Windows-10-10.0.15063-SP0) requests/2.9.1 msrest/0.4.9
          msrest_azure/0.4.8 resourcemanagementclient/1.1.0 Azure-SDK-For-Python AZURECLI/TEST/2.0.10+dev]
      accept-language: [en-US]
      x-ms-client-request-id: [2ac909e8-6040-11e7-b0ef-74c63bed1137]
    method: GET
    uri: https://management.azure.com/subscriptions/00000000-0000-0000-0000-000000000000/resourcegroups/cli_test_vmss_create_options/providers/Microsoft.Resources/deployments/mock-deployment/operationStatuses/08587024854494339639?api-version=2017-05-10
  response:
    body: {string: '{"status":"Running"}'}
    headers:
      Cache-Control: [no-cache]
      Content-Type: [application/json; charset=utf-8]
      Date: ['Mon, 03 Jul 2017 22:38:18 GMT']
      Expires: ['-1']
      Pragma: [no-cache]
      Strict-Transport-Security: [max-age=31536000; includeSubDomains]
      Vary: [Accept-Encoding]
      content-length: ['20']
    status: {code: 200, message: OK}
- request:
    body: null
    headers:
      Accept: [application/json]
      Accept-Encoding: ['gzip, deflate']
      Connection: [keep-alive]
      Content-Type: [application/json; charset=utf-8]
      User-Agent: [python/3.5.3 (Windows-10-10.0.15063-SP0) requests/2.9.1 msrest/0.4.9
          msrest_azure/0.4.8 resourcemanagementclient/1.1.0 Azure-SDK-For-Python AZURECLI/TEST/2.0.10+dev]
      accept-language: [en-US]
      x-ms-client-request-id: [2ac909e8-6040-11e7-b0ef-74c63bed1137]
    method: GET
    uri: https://management.azure.com/subscriptions/00000000-0000-0000-0000-000000000000/resourcegroups/cli_test_vmss_create_options/providers/Microsoft.Resources/deployments/mock-deployment/operationStatuses/08587024854494339639?api-version=2017-05-10
  response:
    body: {string: '{"status":"Running"}'}
    headers:
      Cache-Control: [no-cache]
      Content-Type: [application/json; charset=utf-8]
      Date: ['Mon, 03 Jul 2017 22:38:49 GMT']
      Expires: ['-1']
      Pragma: [no-cache]
      Strict-Transport-Security: [max-age=31536000; includeSubDomains]
      Vary: [Accept-Encoding]
      content-length: ['20']
    status: {code: 200, message: OK}
- request:
    body: null
    headers:
      Accept: [application/json]
      Accept-Encoding: ['gzip, deflate']
      Connection: [keep-alive]
      Content-Type: [application/json; charset=utf-8]
      User-Agent: [python/3.5.3 (Windows-10-10.0.15063-SP0) requests/2.9.1 msrest/0.4.9
          msrest_azure/0.4.8 resourcemanagementclient/1.1.0 Azure-SDK-For-Python AZURECLI/TEST/2.0.10+dev]
      accept-language: [en-US]
      x-ms-client-request-id: [2ac909e8-6040-11e7-b0ef-74c63bed1137]
    method: GET
    uri: https://management.azure.com/subscriptions/00000000-0000-0000-0000-000000000000/resourcegroups/cli_test_vmss_create_options/providers/Microsoft.Resources/deployments/mock-deployment/operationStatuses/08587024854494339639?api-version=2017-05-10
  response:
    body: {string: '{"status":"Running"}'}
    headers:
      Cache-Control: [no-cache]
      Content-Type: [application/json; charset=utf-8]
      Date: ['Mon, 03 Jul 2017 22:39:20 GMT']
      Expires: ['-1']
      Pragma: [no-cache]
      Strict-Transport-Security: [max-age=31536000; includeSubDomains]
      Vary: [Accept-Encoding]
      content-length: ['20']
    status: {code: 200, message: OK}
- request:
    body: null
    headers:
      Accept: [application/json]
      Accept-Encoding: ['gzip, deflate']
      Connection: [keep-alive]
      Content-Type: [application/json; charset=utf-8]
      User-Agent: [python/3.5.3 (Windows-10-10.0.15063-SP0) requests/2.9.1 msrest/0.4.9
          msrest_azure/0.4.8 resourcemanagementclient/1.1.0 Azure-SDK-For-Python AZURECLI/TEST/2.0.10+dev]
      accept-language: [en-US]
      x-ms-client-request-id: [2ac909e8-6040-11e7-b0ef-74c63bed1137]
    method: GET
    uri: https://management.azure.com/subscriptions/00000000-0000-0000-0000-000000000000/resourcegroups/cli_test_vmss_create_options/providers/Microsoft.Resources/deployments/mock-deployment/operationStatuses/08587024854494339639?api-version=2017-05-10
  response:
    body: {string: '{"status":"Succeeded"}'}
    headers:
      Cache-Control: [no-cache]
      Content-Type: [application/json; charset=utf-8]
      Date: ['Mon, 03 Jul 2017 22:39:50 GMT']
      Expires: ['-1']
      Pragma: [no-cache]
      Strict-Transport-Security: [max-age=31536000; includeSubDomains]
      Vary: [Accept-Encoding]
      content-length: ['22']
    status: {code: 200, message: OK}
- request:
    body: null
    headers:
      Accept: [application/json]
      Accept-Encoding: ['gzip, deflate']
      Connection: [keep-alive]
      Content-Type: [application/json; charset=utf-8]
      User-Agent: [python/3.5.3 (Windows-10-10.0.15063-SP0) requests/2.9.1 msrest/0.4.9
          msrest_azure/0.4.8 resourcemanagementclient/1.1.0 Azure-SDK-For-Python AZURECLI/TEST/2.0.10+dev]
      accept-language: [en-US]
      x-ms-client-request-id: [2ac909e8-6040-11e7-b0ef-74c63bed1137]
    method: GET
    uri: https://management.azure.com/subscriptions/00000000-0000-0000-0000-000000000000/resourcegroups/cli_test_vmss_create_options/providers/Microsoft.Resources/deployments/mock-deployment?api-version=2017-05-10
  response:
    body: {string: '{"id":"/subscriptions/00000000-0000-0000-0000-000000000000/resourceGroups/cli_test_vmss_create_options/providers/Microsoft.Resources/deployments/vmss_deploy_wMMgZ95iTrTlvZBYyPVRA8J6Vvahue9T","name":"vmss_deploy_wMMgZ95iTrTlvZBYyPVRA8J6Vvahue9T","properties":{"templateHash":"14113245932407875685","parameters":{},"mode":"Incremental","provisioningState":"Succeeded","timestamp":"2017-07-03T22:39:42.3269054Z","duration":"PT2M26.2832468S","correlationId":"4f078a04-749e-4676-a22e-ea5db5144bcb","providers":[{"namespace":"Microsoft.Network","resourceTypes":[{"resourceType":"virtualNetworks","locations":["westus"]},{"resourceType":"loadBalancers","locations":["westus"]}]},{"namespace":"Microsoft.Compute","resourceTypes":[{"resourceType":"virtualMachineScaleSets","locations":["westus"]}]}],"dependencies":[{"dependsOn":[{"id":"/subscriptions/00000000-0000-0000-0000-000000000000/resourceGroups/cli_test_vmss_create_options/providers/Microsoft.Network/virtualNetworks/vrfvmssVNET","resourceType":"Microsoft.Network/virtualNetworks","resourceName":"vrfvmssVNET"},{"id":"/subscriptions/00000000-0000-0000-0000-000000000000/resourceGroups/cli_test_vmss_create_options/providers/Microsoft.Network/loadBalancers/vrfvmssLB","resourceType":"Microsoft.Network/loadBalancers","resourceName":"vrfvmssLB"}],"id":"/subscriptions/00000000-0000-0000-0000-000000000000/resourceGroups/cli_test_vmss_create_options/providers/Microsoft.Compute/virtualMachineScaleSets/vrfvmss","resourceType":"Microsoft.Compute/virtualMachineScaleSets","resourceName":"vrfvmss"}],"outputs":{"vmss":{"type":"Object","value":{"singlePlacementGroup":true,"upgradePolicy":{"mode":"Automatic"},"virtualMachineProfile":{"osProfile":{"computerNamePrefix":"vrfvm3c30","adminUsername":"myadmin","linuxConfiguration":{"disablePasswordAuthentication":false},"secrets":[]},"storageProfile":{"osDisk":{"createOption":"FromImage","caching":"ReadWrite","managedDisk":{"storageAccountType":"Standard_LRS"}},"imageReference":{"publisher":"credativ","offer":"Debian","sku":"8","version":"latest"},"dataDisks":[{"lun":0,"createOption":"Empty","caching":"None","managedDisk":{"storageAccountType":"Standard_LRS"},"diskSizeGB":1}]},"networkProfile":{"networkInterfaceConfigurations":[{"name":"vrfvm3c30Nic","properties":{"primary":true,"enableAcceleratedNetworking":false,"dnsSettings":{"dnsServers":[]},"ipConfigurations":[{"name":"vrfvm3c30IPConfig","properties":{"subnet":{"id":"/subscriptions/00000000-0000-0000-0000-000000000000/resourceGroups/cli_test_vmss_create_options/providers/Microsoft.Network/virtualNetworks/vrfvmssVNET/subnets/vrfvmssSubnet"},"privateIPAddressVersion":"IPv4","loadBalancerBackendAddressPools":[{"id":"/subscriptions/00000000-0000-0000-0000-000000000000/resourceGroups/cli_test_vmss_create_options/providers/Microsoft.Network/loadBalancers/vrfvmssLB/backendAddressPools/vrfvmssLBBEPool"}],"loadBalancerInboundNatPools":[{"id":"/subscriptions/00000000-0000-0000-0000-000000000000/resourceGroups/cli_test_vmss_create_options/providers/Microsoft.Network/loadBalancers/vrfvmssLB/inboundNatPools/vrfvmssLBNatPool"}]}}]}}]}},"provisioningState":"Succeeded","overprovision":false,"uniqueId":"37f0b432-d1d1-413f-9586-d65fbf7f162e"}}},"outputResources":[{"id":"/subscriptions/00000000-0000-0000-0000-000000000000/resourceGroups/cli_test_vmss_create_options/providers/Microsoft.Compute/virtualMachineScaleSets/vrfvmss"},{"id":"/subscriptions/00000000-0000-0000-0000-000000000000/resourceGroups/cli_test_vmss_create_options/providers/Microsoft.Network/loadBalancers/vrfvmssLB"},{"id":"/subscriptions/00000000-0000-0000-0000-000000000000/resourceGroups/cli_test_vmss_create_options/providers/Microsoft.Network/virtualNetworks/vrfvmssVNET"}]}}'}
    headers:
      Cache-Control: [no-cache]
      Content-Type: [application/json; charset=utf-8]
      Date: ['Mon, 03 Jul 2017 22:39:50 GMT']
      Expires: ['-1']
      Pragma: [no-cache]
      Strict-Transport-Security: [max-age=31536000; includeSubDomains]
      Vary: [Accept-Encoding]
      content-length: ['3765']
    status: {code: 200, message: OK}
- request:
    body: null
    headers:
      Accept: [application/json]
      Accept-Encoding: ['gzip, deflate']
      Connection: [keep-alive]
      Content-Type: [application/json; charset=utf-8]
      User-Agent: [python/3.5.3 (Windows-10-10.0.15063-SP0) requests/2.9.1 msrest/0.4.9
          msrest_azure/0.4.8 networkmanagementclient/1.1.0 Azure-SDK-For-Python AZURECLI/TEST/2.0.10+dev]
      accept-language: [en-US]
      x-ms-client-request-id: [8832dbe6-6040-11e7-824b-74c63bed1137]
    method: GET
    uri: https://management.azure.com/subscriptions/00000000-0000-0000-0000-000000000000/resourceGroups/cli_test_vmss_create_options/providers/Microsoft.Network/loadBalancers/vrfvmsslb?api-version=2017-06-01
  response:
    body: {string: "{\r\n  \"name\": \"vrfvmssLB\",\r\n  \"id\": \"/subscriptions/00000000-0000-0000-0000-000000000000/resourceGroups/cli_test_vmss_create_options/providers/Microsoft.Network/loadBalancers/vrfvmssLB\"\
        ,\r\n  \"etag\": \"W/\\\"d2d5ad11-f1e0-4775-b001-21a19e59028d\\\"\",\r\n \
        \ \"type\": \"Microsoft.Network/loadBalancers\",\r\n  \"location\": \"westus\"\
        ,\r\n  \"tags\": {},\r\n  \"properties\": {\r\n    \"provisioningState\":\
        \ \"Succeeded\",\r\n    \"resourceGuid\": \"56e3bf96-62bc-4d57-822e-5528a39550da\"\
        ,\r\n    \"frontendIPConfigurations\": [\r\n      {\r\n        \"name\": \"\
        loadBalancerFrontEnd\",\r\n        \"id\": \"/subscriptions/00000000-0000-0000-0000-000000000000/resourceGroups/cli_test_vmss_create_options/providers/Microsoft.Network/loadBalancers/vrfvmssLB/frontendIPConfigurations/loadBalancerFrontEnd\"\
        ,\r\n        \"etag\": \"W/\\\"d2d5ad11-f1e0-4775-b001-21a19e59028d\\\"\"\
        ,\r\n        \"properties\": {\r\n          \"provisioningState\": \"Succeeded\"\
        ,\r\n          \"privateIPAllocationMethod\": \"Dynamic\",\r\n          \"\
        publicIPAddress\": {\r\n            \"id\": \"/subscriptions/00000000-0000-0000-0000-000000000000/resourceGroups/cli_test_vmss_create_options/providers/Microsoft.Network/publicIPAddresses/vrfpubip\"\
        \r\n          },\r\n          \"inboundNatRules\": [\r\n            {\r\n\
        \              \"id\": \"/subscriptions/00000000-0000-0000-0000-000000000000/resourceGroups/cli_test_vmss_create_options/providers/Microsoft.Network/loadBalancers/vrfvmssLB/inboundNatRules/vrfvmssLBNatPool.0\"\
        \r\n            },\r\n            {\r\n              \"id\": \"/subscriptions/00000000-0000-0000-0000-000000000000/resourceGroups/cli_test_vmss_create_options/providers/Microsoft.Network/loadBalancers/vrfvmssLB/inboundNatRules/vrfvmssLBNatPool.1\"\
        \r\n            }\r\n          ],\r\n          \"inboundNatPools\": [\r\n\
        \            {\r\n              \"id\": \"/subscriptions/00000000-0000-0000-0000-000000000000/resourceGroups/cli_test_vmss_create_options/providers/Microsoft.Network/loadBalancers/vrfvmssLB/inboundNatPools/vrfvmssLBNatPool\"\
        \r\n            }\r\n          ]\r\n        }\r\n      }\r\n    ],\r\n   \
        \ \"backendAddressPools\": [\r\n      {\r\n        \"name\": \"vrfvmssLBBEPool\"\
        ,\r\n        \"id\": \"/subscriptions/00000000-0000-0000-0000-000000000000/resourceGroups/cli_test_vmss_create_options/providers/Microsoft.Network/loadBalancers/vrfvmssLB/backendAddressPools/vrfvmssLBBEPool\"\
        ,\r\n        \"etag\": \"W/\\\"d2d5ad11-f1e0-4775-b001-21a19e59028d\\\"\"\
        ,\r\n        \"properties\": {\r\n          \"provisioningState\": \"Succeeded\"\
        ,\r\n          \"backendIPConfigurations\": [\r\n            {\r\n       \
        \       \"id\": \"/subscriptions/00000000-0000-0000-0000-000000000000/resourceGroups/cli_test_vmss_create_options/providers/Microsoft.Compute/virtualMachineScaleSets/vrfvmss/virtualMachines/0/networkInterfaces/vrfvm3c30Nic/ipConfigurations/vrfvm3c30IPConfig\"\
        \r\n            },\r\n            {\r\n              \"id\": \"/subscriptions/00000000-0000-0000-0000-000000000000/resourceGroups/cli_test_vmss_create_options/providers/Microsoft.Compute/virtualMachineScaleSets/vrfvmss/virtualMachines/1/networkInterfaces/vrfvm3c30Nic/ipConfigurations/vrfvm3c30IPConfig\"\
        \r\n            }\r\n          ]\r\n        }\r\n      }\r\n    ],\r\n   \
        \ \"loadBalancingRules\": [],\r\n    \"probes\": [],\r\n    \"inboundNatRules\"\
        : [\r\n      {\r\n        \"name\": \"vrfvmssLBNatPool.0\",\r\n        \"\
        id\": \"/subscriptions/00000000-0000-0000-0000-000000000000/resourceGroups/cli_test_vmss_create_options/providers/Microsoft.Network/loadBalancers/vrfvmssLB/inboundNatRules/vrfvmssLBNatPool.0\"\
        ,\r\n        \"etag\": \"W/\\\"d2d5ad11-f1e0-4775-b001-21a19e59028d\\\"\"\
        ,\r\n        \"properties\": {\r\n          \"provisioningState\": \"Succeeded\"\
        ,\r\n          \"frontendIPConfiguration\": {\r\n            \"id\": \"/subscriptions/00000000-0000-0000-0000-000000000000/resourceGroups/cli_test_vmss_create_options/providers/Microsoft.Network/loadBalancers/vrfvmssLB/frontendIPConfigurations/loadBalancerFrontEnd\"\
        \r\n          },\r\n          \"frontendPort\": 50000,\r\n          \"backendPort\"\
        : 22,\r\n          \"enableFloatingIP\": false,\r\n          \"idleTimeoutInMinutes\"\
        : 4,\r\n          \"protocol\": \"Tcp\",\r\n          \"backendIPConfiguration\"\
        : {\r\n            \"id\": \"/subscriptions/00000000-0000-0000-0000-000000000000/resourceGroups/cli_test_vmss_create_options/providers/Microsoft.Compute/virtualMachineScaleSets/vrfvmss/virtualMachines/0/networkInterfaces/vrfvm3c30Nic/ipConfigurations/vrfvm3c30IPConfig\"\
        \r\n          }\r\n        }\r\n      },\r\n      {\r\n        \"name\": \"\
        vrfvmssLBNatPool.1\",\r\n        \"id\": \"/subscriptions/00000000-0000-0000-0000-000000000000/resourceGroups/cli_test_vmss_create_options/providers/Microsoft.Network/loadBalancers/vrfvmssLB/inboundNatRules/vrfvmssLBNatPool.1\"\
        ,\r\n        \"etag\": \"W/\\\"d2d5ad11-f1e0-4775-b001-21a19e59028d\\\"\"\
        ,\r\n        \"properties\": {\r\n          \"provisioningState\": \"Succeeded\"\
        ,\r\n          \"frontendIPConfiguration\": {\r\n            \"id\": \"/subscriptions/00000000-0000-0000-0000-000000000000/resourceGroups/cli_test_vmss_create_options/providers/Microsoft.Network/loadBalancers/vrfvmssLB/frontendIPConfigurations/loadBalancerFrontEnd\"\
        \r\n          },\r\n          \"frontendPort\": 50001,\r\n          \"backendPort\"\
        : 22,\r\n          \"enableFloatingIP\": false,\r\n          \"idleTimeoutInMinutes\"\
        : 4,\r\n          \"protocol\": \"Tcp\",\r\n          \"backendIPConfiguration\"\
        : {\r\n            \"id\": \"/subscriptions/00000000-0000-0000-0000-000000000000/resourceGroups/cli_test_vmss_create_options/providers/Microsoft.Compute/virtualMachineScaleSets/vrfvmss/virtualMachines/1/networkInterfaces/vrfvm3c30Nic/ipConfigurations/vrfvm3c30IPConfig\"\
        \r\n          }\r\n        }\r\n      }\r\n    ],\r\n    \"outboundNatRules\"\
        : [],\r\n    \"inboundNatPools\": [\r\n      {\r\n        \"name\": \"vrfvmssLBNatPool\"\
        ,\r\n        \"id\": \"/subscriptions/00000000-0000-0000-0000-000000000000/resourceGroups/cli_test_vmss_create_options/providers/Microsoft.Network/loadBalancers/vrfvmssLB/inboundNatPools/vrfvmssLBNatPool\"\
        ,\r\n        \"etag\": \"W/\\\"d2d5ad11-f1e0-4775-b001-21a19e59028d\\\"\"\
        ,\r\n        \"properties\": {\r\n          \"provisioningState\": \"Succeeded\"\
        ,\r\n          \"frontendPortRangeStart\": 50000,\r\n          \"frontendPortRangeEnd\"\
        : 50119,\r\n          \"backendPort\": 22,\r\n          \"protocol\": \"Tcp\"\
        ,\r\n          \"frontendIPConfiguration\": {\r\n            \"id\": \"/subscriptions/00000000-0000-0000-0000-000000000000/resourceGroups/cli_test_vmss_create_options/providers/Microsoft.Network/loadBalancers/vrfvmssLB/frontendIPConfigurations/loadBalancerFrontEnd\"\
        \r\n          }\r\n        }\r\n      }\r\n    ]\r\n  }\r\n}"}
    headers:
      Cache-Control: [no-cache]
      Content-Type: [application/json; charset=utf-8]
      Date: ['Mon, 03 Jul 2017 22:39:52 GMT']
      ETag: [W/"d2d5ad11-f1e0-4775-b001-21a19e59028d"]
      Expires: ['-1']
      Pragma: [no-cache]
      Server: [Microsoft-HTTPAPI/2.0, Microsoft-HTTPAPI/2.0]
      Strict-Transport-Security: [max-age=31536000; includeSubDomains]
      Transfer-Encoding: [chunked]
      Vary: [Accept-Encoding]
      content-length: ['6427']
    status: {code: 200, message: OK}
- request:
    body: null
    headers:
      Accept: [application/json]
      Accept-Encoding: ['gzip, deflate']
      Connection: [keep-alive]
      Content-Type: [application/json; charset=utf-8]
      User-Agent: [python/3.5.3 (Windows-10-10.0.15063-SP0) requests/2.9.1 msrest/0.4.9
          msrest_azure/0.4.8 computemanagementclient/2.0.0 Azure-SDK-For-Python AZURECLI/TEST/2.0.10+dev]
      accept-language: [en-US]
      x-ms-client-request-id: [88baac68-6040-11e7-8dfd-74c63bed1137]
    method: GET
    uri: https://management.azure.com/subscriptions/00000000-0000-0000-0000-000000000000/resourceGroups/cli_test_vmss_create_options/providers/Microsoft.Compute/virtualMachineScaleSets/vrfvmss?api-version=2017-03-30
  response:
    body: {string: "{\r\n  \"sku\": {\r\n    \"name\": \"Standard_D2_v2\",\r\n   \
        \ \"tier\": \"Standard\",\r\n    \"capacity\": 2\r\n  },\r\n  \"properties\"\
        : {\r\n    \"singlePlacementGroup\": true,\r\n    \"upgradePolicy\": {\r\n\
        \      \"mode\": \"Automatic\"\r\n    },\r\n    \"virtualMachineProfile\"\
        : {\r\n      \"osProfile\": {\r\n        \"computerNamePrefix\": \"vrfvm3c30\"\
        ,\r\n        \"adminUsername\": \"myadmin\",\r\n        \"linuxConfiguration\"\
        : {\r\n          \"disablePasswordAuthentication\": false\r\n        },\r\n\
        \        \"secrets\": []\r\n      },\r\n      \"storageProfile\": {\r\n  \
        \      \"osDisk\": {\r\n          \"createOption\": \"FromImage\",\r\n   \
        \       \"caching\": \"ReadWrite\",\r\n          \"managedDisk\": {\r\n  \
        \          \"storageAccountType\": \"Standard_LRS\"\r\n          }\r\n   \
        \     },\r\n        \"imageReference\": {\r\n          \"publisher\": \"credativ\"\
        ,\r\n          \"offer\": \"Debian\",\r\n          \"sku\": \"8\",\r\n   \
        \       \"version\": \"latest\"\r\n        },\r\n        \"dataDisks\": [\r\
        \n          {\r\n            \"lun\": 0,\r\n            \"createOption\":\
        \ \"Empty\",\r\n            \"caching\": \"None\",\r\n            \"managedDisk\"\
        : {\r\n              \"storageAccountType\": \"Standard_LRS\"\r\n        \
        \    },\r\n            \"diskSizeGB\": 1\r\n          }\r\n        ]\r\n \
        \     },\r\n      \"networkProfile\": {\"networkInterfaceConfigurations\"\
        :[{\"name\":\"vrfvm3c30Nic\",\"properties\":{\"primary\":true,\"enableAcceleratedNetworking\"\
        :false,\"dnsSettings\":{\"dnsServers\":[]},\"ipConfigurations\":[{\"name\"\
        :\"vrfvm3c30IPConfig\",\"properties\":{\"subnet\":{\"id\":\"/subscriptions/00000000-0000-0000-0000-000000000000/resourceGroups/cli_test_vmss_create_options/providers/Microsoft.Network/virtualNetworks/vrfvmssVNET/subnets/vrfvmssSubnet\"\
        },\"privateIPAddressVersion\":\"IPv4\",\"loadBalancerBackendAddressPools\"\
        :[{\"id\":\"/subscriptions/00000000-0000-0000-0000-000000000000/resourceGroups/cli_test_vmss_create_options/providers/Microsoft.Network/loadBalancers/vrfvmssLB/backendAddressPools/vrfvmssLBBEPool\"\
        }],\"loadBalancerInboundNatPools\":[{\"id\":\"/subscriptions/00000000-0000-0000-0000-000000000000/resourceGroups/cli_test_vmss_create_options/providers/Microsoft.Network/loadBalancers/vrfvmssLB/inboundNatPools/vrfvmssLBNatPool\"\
        }]}}]}}]}\r\n    },\r\n    \"provisioningState\": \"Succeeded\",\r\n    \"\
        overprovision\": false,\r\n    \"uniqueId\": \"37f0b432-d1d1-413f-9586-d65fbf7f162e\"\
        \r\n  },\r\n  \"type\": \"Microsoft.Compute/virtualMachineScaleSets\",\r\n\
        \  \"location\": \"westus\",\r\n  \"tags\": {},\r\n  \"id\": \"/subscriptions/00000000-0000-0000-0000-000000000000/resourceGroups/cli_test_vmss_create_options/providers/Microsoft.Compute/virtualMachineScaleSets/vrfvmss\"\
        ,\r\n  \"name\": \"vrfvmss\"\r\n}"}
    headers:
      Cache-Control: [no-cache]
      Content-Type: [application/json; charset=utf-8]
      Date: ['Mon, 03 Jul 2017 22:39:52 GMT']
      Expires: ['-1']
      Pragma: [no-cache]
      Server: [Microsoft-HTTPAPI/2.0, Microsoft-HTTPAPI/2.0]
      Strict-Transport-Security: [max-age=31536000; includeSubDomains]
      Transfer-Encoding: [chunked]
      Vary: [Accept-Encoding]
      content-length: ['2523']
    status: {code: 200, message: OK}
- request:
    body: null
    headers:
      Accept: [application/json]
      Accept-Encoding: ['gzip, deflate']
      Connection: [keep-alive]
      Content-Type: [application/json; charset=utf-8]
      User-Agent: [python/3.5.3 (Windows-10-10.0.15063-SP0) requests/2.9.1 msrest/0.4.9
          msrest_azure/0.4.8 computemanagementclient/2.0.0 Azure-SDK-For-Python AZURECLI/TEST/2.0.10+dev]
      accept-language: [en-US]
      x-ms-client-request-id: [894729be-6040-11e7-9c08-74c63bed1137]
    method: GET
    uri: https://management.azure.com/subscriptions/00000000-0000-0000-0000-000000000000/resourceGroups/cli_test_vmss_create_options/providers/Microsoft.Compute/virtualMachineScaleSets/vrfvmss/virtualMachines?api-version=2017-03-30
  response:
    body: {string: "{\r\n  \"value\": [\r\n    {\r\n      \"instanceId\": \"0\",\r\
        \n      \"sku\": {\r\n        \"name\": \"Standard_D2_v2\",\r\n        \"\
        tier\": \"Standard\"\r\n      },\r\n      \"properties\": {\r\n        \"\
        latestModelApplied\": true,\r\n        \"vmId\": \"0de553ac-d3f7-4540-8b8a-d79be357f740\"\
        ,\r\n        \"storageProfile\": {\r\n          \"imageReference\": {\r\n\
        \            \"publisher\": \"credativ\",\r\n            \"offer\": \"Debian\"\
        ,\r\n            \"sku\": \"8\",\r\n            \"version\": \"8.0.201706210\"\
        \r\n          },\r\n          \"osDisk\": {\r\n            \"osType\": \"\
        Linux\",\r\n            \"name\": \"vrfvmss_vrfvmss_0_OsDisk_1_fd94ca1d5a7c44ddb4ed6de345ce0731\"\
        ,\r\n            \"createOption\": \"FromImage\",\r\n            \"caching\"\
        : \"ReadWrite\",\r\n            \"managedDisk\": {\r\n              \"storageAccountType\"\
        : \"Standard_LRS\",\r\n              \"id\": \"/subscriptions/00000000-0000-0000-0000-000000000000/resourceGroups/cli_test_vmss_create_options/providers/Microsoft.Compute/disks/vrfvmss_vrfvmss_0_OsDisk_1_fd94ca1d5a7c44ddb4ed6de345ce0731\"\
        \r\n            },\r\n            \"diskSizeGB\": 30\r\n          },\r\n \
        \         \"dataDisks\": [\r\n            {\r\n              \"lun\": 0,\r\
        \n              \"name\": \"vrfvmss_vrfvmss_0_disk2_de7964d4e4254e1091a5d5d5c200ea14\"\
        ,\r\n              \"createOption\": \"Empty\",\r\n              \"caching\"\
        : \"None\",\r\n              \"managedDisk\": {\r\n                \"storageAccountType\"\
        : \"Standard_LRS\",\r\n                \"id\": \"/subscriptions/00000000-0000-0000-0000-000000000000/resourceGroups/cli_test_vmss_create_options/providers/Microsoft.Compute/disks/vrfvmss_vrfvmss_0_disk2_de7964d4e4254e1091a5d5d5c200ea14\"\
        \r\n              },\r\n              \"diskSizeGB\": 1\r\n            }\r\
        \n          ]\r\n        },\r\n        \"osProfile\": {\r\n          \"computerName\"\
        : \"vrfvm3c30000000\",\r\n          \"adminUsername\": \"myadmin\",\r\n  \
        \        \"linuxConfiguration\": {\r\n            \"disablePasswordAuthentication\"\
        : false\r\n          },\r\n          \"secrets\": []\r\n        },\r\n   \
        \     \"networkProfile\": {\"networkInterfaces\":[{\"id\":\"/subscriptions/00000000-0000-0000-0000-000000000000/resourceGroups/cli_test_vmss_create_options/providers/Microsoft.Compute/virtualMachineScaleSets/vrfvmss/virtualMachines/0/networkInterfaces/vrfvm3c30Nic\"\
        }]},\r\n        \"provisioningState\": \"Succeeded\"\r\n      },\r\n     \
        \ \"type\": \"Microsoft.Compute/virtualMachineScaleSets/virtualMachines\"\
        ,\r\n      \"location\": \"westus\",\r\n      \"tags\": {},\r\n      \"id\"\
        : \"/subscriptions/00000000-0000-0000-0000-000000000000/resourceGroups/CLI_TEST_VMSS_CREATE_OPTIONS_LBY2_/providers/Microsoft.Compute/virtualMachineScaleSets/vrfvmss/virtualMachines/0\"\
        ,\r\n      \"name\": \"vrfvmss_0\"\r\n    },\r\n    {\r\n      \"instanceId\"\
        : \"1\",\r\n      \"sku\": {\r\n        \"name\": \"Standard_D2_v2\",\r\n\
        \        \"tier\": \"Standard\"\r\n      },\r\n      \"properties\": {\r\n\
        \        \"latestModelApplied\": true,\r\n        \"vmId\": \"6a9aec5e-a1a7-475f-adf9-e7d1ea737a6c\"\
        ,\r\n        \"storageProfile\": {\r\n          \"imageReference\": {\r\n\
        \            \"publisher\": \"credativ\",\r\n            \"offer\": \"Debian\"\
        ,\r\n            \"sku\": \"8\",\r\n            \"version\": \"8.0.201706210\"\
        \r\n          },\r\n          \"osDisk\": {\r\n            \"osType\": \"\
        Linux\",\r\n            \"name\": \"vrfvmss_vrfvmss_1_OsDisk_1_581f34fa9b3c42f59a942a92401391f1\"\
        ,\r\n            \"createOption\": \"FromImage\",\r\n            \"caching\"\
        : \"ReadWrite\",\r\n            \"managedDisk\": {\r\n              \"storageAccountType\"\
        : \"Standard_LRS\",\r\n              \"id\": \"/subscriptions/00000000-0000-0000-0000-000000000000/resourceGroups/cli_test_vmss_create_options/providers/Microsoft.Compute/disks/vrfvmss_vrfvmss_1_OsDisk_1_581f34fa9b3c42f59a942a92401391f1\"\
        \r\n            },\r\n            \"diskSizeGB\": 30\r\n          },\r\n \
        \         \"dataDisks\": [\r\n            {\r\n              \"lun\": 0,\r\
        \n              \"name\": \"vrfvmss_vrfvmss_1_disk2_c47157f077724e38bea5b5273e5e1c2b\"\
        ,\r\n              \"createOption\": \"Empty\",\r\n              \"caching\"\
        : \"None\",\r\n              \"managedDisk\": {\r\n                \"storageAccountType\"\
        : \"Standard_LRS\",\r\n                \"id\": \"/subscriptions/00000000-0000-0000-0000-000000000000/resourceGroups/cli_test_vmss_create_options/providers/Microsoft.Compute/disks/vrfvmss_vrfvmss_1_disk2_c47157f077724e38bea5b5273e5e1c2b\"\
        \r\n              },\r\n              \"diskSizeGB\": 1\r\n            }\r\
        \n          ]\r\n        },\r\n        \"osProfile\": {\r\n          \"computerName\"\
        : \"vrfvm3c30000001\",\r\n          \"adminUsername\": \"myadmin\",\r\n  \
        \        \"linuxConfiguration\": {\r\n            \"disablePasswordAuthentication\"\
        : false\r\n          },\r\n          \"secrets\": []\r\n        },\r\n   \
        \     \"networkProfile\": {\"networkInterfaces\":[{\"id\":\"/subscriptions/00000000-0000-0000-0000-000000000000/resourceGroups/cli_test_vmss_create_options/providers/Microsoft.Compute/virtualMachineScaleSets/vrfvmss/virtualMachines/1/networkInterfaces/vrfvm3c30Nic\"\
        }]},\r\n        \"provisioningState\": \"Succeeded\"\r\n      },\r\n     \
        \ \"type\": \"Microsoft.Compute/virtualMachineScaleSets/virtualMachines\"\
        ,\r\n      \"location\": \"westus\",\r\n      \"tags\": {},\r\n      \"id\"\
        : \"/subscriptions/00000000-0000-0000-0000-000000000000/resourceGroups/CLI_TEST_VMSS_CREATE_OPTIONS_LBY2_/providers/Microsoft.Compute/virtualMachineScaleSets/vrfvmss/virtualMachines/1\"\
        ,\r\n      \"name\": \"vrfvmss_1\"\r\n    }\r\n  ]\r\n}"}
    headers:
      Cache-Control: [no-cache]
      Content-Type: [application/json; charset=utf-8]
      Date: ['Mon, 03 Jul 2017 22:39:54 GMT']
      Expires: ['-1']
      Pragma: [no-cache]
      Server: [Microsoft-HTTPAPI/2.0, Microsoft-HTTPAPI/2.0]
      Strict-Transport-Security: [max-age=31536000; includeSubDomains]
      Transfer-Encoding: [chunked]
      Vary: [Accept-Encoding]
      content-length: ['5164']
    status: {code: 200, message: OK}
- request:
    body: null
    headers:
      Accept: [application/json]
      Accept-Encoding: ['gzip, deflate']
      Connection: [keep-alive]
      Content-Type: [application/json; charset=utf-8]
      User-Agent: [python/3.5.3 (Windows-10-10.0.15063-SP0) requests/2.9.1 msrest/0.4.9
          msrest_azure/0.4.8 computemanagementclient/2.0.0 Azure-SDK-For-Python AZURECLI/TEST/2.0.10+dev]
      accept-language: [en-US]
      x-ms-client-request-id: [89cd7b40-6040-11e7-9850-74c63bed1137]
    method: GET
    uri: https://management.azure.com/subscriptions/00000000-0000-0000-0000-000000000000/resourceGroups/cli_test_vmss_create_options/providers/Microsoft.Compute/virtualMachineScaleSets/vrfvmss/virtualmachines/0?api-version=2017-03-30
  response:
    body: {string: "{\r\n  \"instanceId\": \"0\",\r\n  \"sku\": {\r\n    \"name\"\
        : \"Standard_D2_v2\",\r\n    \"tier\": \"Standard\"\r\n  },\r\n  \"properties\"\
        : {\r\n    \"latestModelApplied\": true,\r\n    \"vmId\": \"0de553ac-d3f7-4540-8b8a-d79be357f740\"\
        ,\r\n    \"storageProfile\": {\r\n      \"imageReference\": {\r\n        \"\
        publisher\": \"credativ\",\r\n        \"offer\": \"Debian\",\r\n        \"\
        sku\": \"8\",\r\n        \"version\": \"8.0.201706210\"\r\n      },\r\n  \
        \    \"osDisk\": {\r\n        \"osType\": \"Linux\",\r\n        \"name\":\
        \ \"vrfvmss_vrfvmss_0_OsDisk_1_fd94ca1d5a7c44ddb4ed6de345ce0731\",\r\n   \
        \     \"createOption\": \"FromImage\",\r\n        \"caching\": \"ReadWrite\"\
        ,\r\n        \"managedDisk\": {\r\n          \"storageAccountType\": \"Standard_LRS\"\
        ,\r\n          \"id\": \"/subscriptions/00000000-0000-0000-0000-000000000000/resourceGroups/cli_test_vmss_create_options/providers/Microsoft.Compute/disks/vrfvmss_vrfvmss_0_OsDisk_1_fd94ca1d5a7c44ddb4ed6de345ce0731\"\
        \r\n        },\r\n        \"diskSizeGB\": 30\r\n      },\r\n      \"dataDisks\"\
        : [\r\n        {\r\n          \"lun\": 0,\r\n          \"name\": \"vrfvmss_vrfvmss_0_disk2_de7964d4e4254e1091a5d5d5c200ea14\"\
        ,\r\n          \"createOption\": \"Empty\",\r\n          \"caching\": \"None\"\
        ,\r\n          \"managedDisk\": {\r\n            \"storageAccountType\": \"\
        Standard_LRS\",\r\n            \"id\": \"/subscriptions/00000000-0000-0000-0000-000000000000/resourceGroups/cli_test_vmss_create_options/providers/Microsoft.Compute/disks/vrfvmss_vrfvmss_0_disk2_de7964d4e4254e1091a5d5d5c200ea14\"\
        \r\n          },\r\n          \"diskSizeGB\": 1\r\n        }\r\n      ]\r\n\
        \    },\r\n    \"osProfile\": {\r\n      \"computerName\": \"vrfvm3c30000000\"\
        ,\r\n      \"adminUsername\": \"myadmin\",\r\n      \"linuxConfiguration\"\
        : {\r\n        \"disablePasswordAuthentication\": false\r\n      },\r\n  \
        \    \"secrets\": []\r\n    },\r\n    \"networkProfile\": {\"networkInterfaces\"\
        :[{\"id\":\"/subscriptions/00000000-0000-0000-0000-000000000000/resourceGroups/cli_test_vmss_create_options/providers/Microsoft.Compute/virtualMachineScaleSets/vrfvmss/virtualMachines/0/networkInterfaces/vrfvm3c30Nic\"\
        }]},\r\n    \"provisioningState\": \"Succeeded\"\r\n  },\r\n  \"type\": \"\
        Microsoft.Compute/virtualMachineScaleSets/virtualMachines\",\r\n  \"location\"\
        : \"westus\",\r\n  \"tags\": {},\r\n  \"id\": \"/subscriptions/00000000-0000-0000-0000-000000000000/resourceGroups/cli_test_vmss_create_options/providers/Microsoft.Compute/virtualMachineScaleSets/vrfvmss/virtualMachines/0\"\
        ,\r\n  \"name\": \"vrfvmss_0\"\r\n}"}
    headers:
      Cache-Control: [no-cache]
      Content-Type: [application/json; charset=utf-8]
      Date: ['Mon, 03 Jul 2017 22:39:54 GMT']
      Expires: ['-1']
      Pragma: [no-cache]
      Server: [Microsoft-HTTPAPI/2.0, Microsoft-HTTPAPI/2.0]
      Strict-Transport-Security: [max-age=31536000; includeSubDomains]
      Transfer-Encoding: [chunked]
      Vary: [Accept-Encoding]
      content-length: ['2336']
    status: {code: 200, message: OK}
- request:
    body: null
    headers:
      Accept: [application/json]
      Accept-Encoding: ['gzip, deflate']
      Connection: [keep-alive]
      Content-Type: [application/json; charset=utf-8]
      User-Agent: [python/3.5.3 (Windows-10-10.0.15063-SP0) requests/2.9.1 msrest/0.4.9
          msrest_azure/0.4.8 computemanagementclient/2.0.0 Azure-SDK-For-Python AZURECLI/TEST/2.0.10+dev]
      accept-language: [en-US]
      x-ms-client-request-id: [8a5a9470-6040-11e7-b947-74c63bed1137]
    method: GET
    uri: https://management.azure.com/subscriptions/00000000-0000-0000-0000-000000000000/resourceGroups/cli_test_vmss_create_options/providers/Microsoft.Compute/virtualMachineScaleSets/vrfvmss?api-version=2017-03-30
  response:
    body: {string: "{\r\n  \"sku\": {\r\n    \"name\": \"Standard_D2_v2\",\r\n   \
        \ \"tier\": \"Standard\",\r\n    \"capacity\": 2\r\n  },\r\n  \"properties\"\
        : {\r\n    \"singlePlacementGroup\": true,\r\n    \"upgradePolicy\": {\r\n\
        \      \"mode\": \"Automatic\"\r\n    },\r\n    \"virtualMachineProfile\"\
        : {\r\n      \"osProfile\": {\r\n        \"computerNamePrefix\": \"vrfvm3c30\"\
        ,\r\n        \"adminUsername\": \"myadmin\",\r\n        \"linuxConfiguration\"\
        : {\r\n          \"disablePasswordAuthentication\": false\r\n        },\r\n\
        \        \"secrets\": []\r\n      },\r\n      \"storageProfile\": {\r\n  \
        \      \"osDisk\": {\r\n          \"createOption\": \"FromImage\",\r\n   \
        \       \"caching\": \"ReadWrite\",\r\n          \"managedDisk\": {\r\n  \
        \          \"storageAccountType\": \"Standard_LRS\"\r\n          }\r\n   \
        \     },\r\n        \"imageReference\": {\r\n          \"publisher\": \"credativ\"\
        ,\r\n          \"offer\": \"Debian\",\r\n          \"sku\": \"8\",\r\n   \
        \       \"version\": \"latest\"\r\n        },\r\n        \"dataDisks\": [\r\
        \n          {\r\n            \"lun\": 0,\r\n            \"createOption\":\
        \ \"Empty\",\r\n            \"caching\": \"None\",\r\n            \"managedDisk\"\
        : {\r\n              \"storageAccountType\": \"Standard_LRS\"\r\n        \
        \    },\r\n            \"diskSizeGB\": 1\r\n          }\r\n        ]\r\n \
        \     },\r\n      \"networkProfile\": {\"networkInterfaceConfigurations\"\
        :[{\"name\":\"vrfvm3c30Nic\",\"properties\":{\"primary\":true,\"enableAcceleratedNetworking\"\
        :false,\"dnsSettings\":{\"dnsServers\":[]},\"ipConfigurations\":[{\"name\"\
        :\"vrfvm3c30IPConfig\",\"properties\":{\"subnet\":{\"id\":\"/subscriptions/00000000-0000-0000-0000-000000000000/resourceGroups/cli_test_vmss_create_options/providers/Microsoft.Network/virtualNetworks/vrfvmssVNET/subnets/vrfvmssSubnet\"\
        },\"privateIPAddressVersion\":\"IPv4\",\"loadBalancerBackendAddressPools\"\
        :[{\"id\":\"/subscriptions/00000000-0000-0000-0000-000000000000/resourceGroups/cli_test_vmss_create_options/providers/Microsoft.Network/loadBalancers/vrfvmssLB/backendAddressPools/vrfvmssLBBEPool\"\
        }],\"loadBalancerInboundNatPools\":[{\"id\":\"/subscriptions/00000000-0000-0000-0000-000000000000/resourceGroups/cli_test_vmss_create_options/providers/Microsoft.Network/loadBalancers/vrfvmssLB/inboundNatPools/vrfvmssLBNatPool\"\
        }]}}]}}]}\r\n    },\r\n    \"provisioningState\": \"Succeeded\",\r\n    \"\
        overprovision\": false,\r\n    \"uniqueId\": \"37f0b432-d1d1-413f-9586-d65fbf7f162e\"\
        \r\n  },\r\n  \"type\": \"Microsoft.Compute/virtualMachineScaleSets\",\r\n\
        \  \"location\": \"westus\",\r\n  \"tags\": {},\r\n  \"id\": \"/subscriptions/00000000-0000-0000-0000-000000000000/resourceGroups/cli_test_vmss_create_options/providers/Microsoft.Compute/virtualMachineScaleSets/vrfvmss\"\
        ,\r\n  \"name\": \"vrfvmss\"\r\n}"}
    headers:
      Cache-Control: [no-cache]
      Content-Type: [application/json; charset=utf-8]
      Date: ['Mon, 03 Jul 2017 22:39:55 GMT']
      Expires: ['-1']
      Pragma: [no-cache]
      Server: [Microsoft-HTTPAPI/2.0, Microsoft-HTTPAPI/2.0]
      Strict-Transport-Security: [max-age=31536000; includeSubDomains]
      Transfer-Encoding: [chunked]
      Vary: [Accept-Encoding]
      content-length: ['2523']
    status: {code: 200, message: OK}
- request:
    body: '{"properties": {"overprovision": false, "virtualMachineProfile": {"osProfile":
      {"secrets": [], "computerNamePrefix": "vrfvm3c30", "linuxConfiguration": {"disablePasswordAuthentication":
      false}, "adminUsername": "myadmin"}, "storageProfile": {"dataDisks": [{"lun":
      0, "managedDisk": {"storageAccountType": "Standard_LRS"}, "createOption": "empty",
      "caching": "None", "diskSizeGB": 1}, {"lun": 1, "createOption": "empty", "diskSizeGB":
      3}], "imageReference": {"version": "latest", "sku": "8", "offer": "Debian",
      "publisher": "credativ"}, "osDisk": {"managedDisk": {"storageAccountType": "Standard_LRS"},
      "createOption": "fromImage", "caching": "ReadWrite"}}, "networkProfile": {"networkInterfaceConfigurations":
      [{"properties": {"ipConfigurations": [{"properties": {"subnet": {"id": "/subscriptions/0b1f6471-1bf0-4dda-aec3-cb9272f09590/resourceGroups/cli_test_vmss_create_options/providers/Microsoft.Network/virtualNetworks/vrfvmssVNET/subnets/vrfvmssSubnet"},
      "loadBalancerBackendAddressPools": [{"id": "/subscriptions/0b1f6471-1bf0-4dda-aec3-cb9272f09590/resourceGroups/cli_test_vmss_create_options/providers/Microsoft.Network/loadBalancers/vrfvmssLB/backendAddressPools/vrfvmssLBBEPool"}],
      "privateIPAddressVersion": "IPv4", "loadBalancerInboundNatPools": [{"id": "/subscriptions/0b1f6471-1bf0-4dda-aec3-cb9272f09590/resourceGroups/cli_test_vmss_create_options/providers/Microsoft.Network/loadBalancers/vrfvmssLB/inboundNatPools/vrfvmssLBNatPool"}]},
      "name": "vrfvm3c30IPConfig"}], "dnsSettings": {"dnsServers": []}, "primary":
      true}, "name": "vrfvm3c30Nic"}]}}, "upgradePolicy": {"mode": "Automatic"}, "singlePlacementGroup":
      true}, "location": "westus", "sku": {"name": "Standard_D2_v2", "tier": "Standard",
      "capacity": 2}, "tags": {}}'
    headers:
      Accept: [application/json]
      Accept-Encoding: ['gzip, deflate']
      Connection: [keep-alive]
      Content-Length: ['1756']
      Content-Type: [application/json; charset=utf-8]
      User-Agent: [python/3.5.3 (Windows-10-10.0.15063-SP0) requests/2.9.1 msrest/0.4.9
          msrest_azure/0.4.8 computemanagementclient/2.0.0 Azure-SDK-For-Python AZURECLI/TEST/2.0.10+dev]
      accept-language: [en-US]
      x-ms-client-request-id: [8ade5026-6040-11e7-8cec-74c63bed1137]
    method: PUT
    uri: https://management.azure.com/subscriptions/00000000-0000-0000-0000-000000000000/resourceGroups/cli_test_vmss_create_options/providers/Microsoft.Compute/virtualMachineScaleSets/vrfvmss?api-version=2017-03-30
  response:
    body: {string: "{\r\n  \"sku\": {\r\n    \"name\": \"Standard_D2_v2\",\r\n   \
        \ \"tier\": \"Standard\",\r\n    \"capacity\": 2\r\n  },\r\n  \"properties\"\
        : {\r\n    \"singlePlacementGroup\": true,\r\n    \"upgradePolicy\": {\r\n\
        \      \"mode\": \"Automatic\"\r\n    },\r\n    \"virtualMachineProfile\"\
        : {\r\n      \"osProfile\": {\r\n        \"computerNamePrefix\": \"vrfvm3c30\"\
        ,\r\n        \"adminUsername\": \"myadmin\",\r\n        \"linuxConfiguration\"\
        : {\r\n          \"disablePasswordAuthentication\": false\r\n        },\r\n\
        \        \"secrets\": []\r\n      },\r\n      \"storageProfile\": {\r\n  \
        \      \"osDisk\": {\r\n          \"createOption\": \"FromImage\",\r\n   \
        \       \"caching\": \"ReadWrite\",\r\n          \"managedDisk\": {\r\n  \
        \          \"storageAccountType\": \"Standard_LRS\"\r\n          }\r\n   \
        \     },\r\n        \"imageReference\": {\r\n          \"publisher\": \"credativ\"\
        ,\r\n          \"offer\": \"Debian\",\r\n          \"sku\": \"8\",\r\n   \
        \       \"version\": \"latest\"\r\n        },\r\n        \"dataDisks\": [\r\
        \n          {\r\n            \"lun\": 0,\r\n            \"createOption\":\
        \ \"Empty\",\r\n            \"caching\": \"None\",\r\n            \"managedDisk\"\
        : {\r\n              \"storageAccountType\": \"Standard_LRS\"\r\n        \
        \    },\r\n            \"diskSizeGB\": 1\r\n          },\r\n          {\r\n\
        \            \"lun\": 1,\r\n            \"createOption\": \"Empty\",\r\n \
        \           \"caching\": \"None\",\r\n            \"managedDisk\": {\r\n \
        \             \"storageAccountType\": \"Standard_LRS\"\r\n            },\r\
        \n            \"diskSizeGB\": 3\r\n          }\r\n        ]\r\n      },\r\n\
        \      \"networkProfile\": {\"networkInterfaceConfigurations\":[{\"name\"\
        :\"vrfvm3c30Nic\",\"properties\":{\"primary\":true,\"enableAcceleratedNetworking\"\
        :false,\"dnsSettings\":{\"dnsServers\":[]},\"ipConfigurations\":[{\"name\"\
        :\"vrfvm3c30IPConfig\",\"properties\":{\"subnet\":{\"id\":\"/subscriptions/00000000-0000-0000-0000-000000000000/resourceGroups/cli_test_vmss_create_options/providers/Microsoft.Network/virtualNetworks/vrfvmssVNET/subnets/vrfvmssSubnet\"\
        },\"privateIPAddressVersion\":\"IPv4\",\"loadBalancerBackendAddressPools\"\
        :[{\"id\":\"/subscriptions/00000000-0000-0000-0000-000000000000/resourceGroups/cli_test_vmss_create_options/providers/Microsoft.Network/loadBalancers/vrfvmssLB/backendAddressPools/vrfvmssLBBEPool\"\
        }],\"loadBalancerInboundNatPools\":[{\"id\":\"/subscriptions/00000000-0000-0000-0000-000000000000/resourceGroups/cli_test_vmss_create_options/providers/Microsoft.Network/loadBalancers/vrfvmssLB/inboundNatPools/vrfvmssLBNatPool\"\
        }]}}]}}]}\r\n    },\r\n    \"provisioningState\": \"Updating\",\r\n    \"\
        overprovision\": false,\r\n    \"uniqueId\": \"37f0b432-d1d1-413f-9586-d65fbf7f162e\"\
        \r\n  },\r\n  \"type\": \"Microsoft.Compute/virtualMachineScaleSets\",\r\n\
        \  \"location\": \"westus\",\r\n  \"tags\": {},\r\n  \"id\": \"/subscriptions/00000000-0000-0000-0000-000000000000/resourceGroups/cli_test_vmss_create_options/providers/Microsoft.Compute/virtualMachineScaleSets/vrfvmss\"\
        ,\r\n  \"name\": \"vrfvmss\"\r\n}"}
    headers:
      Azure-AsyncOperation: ['https://management.azure.com/subscriptions/0b1f6471-1bf0-4dda-aec3-cb9272f09590/providers/Microsoft.Compute/locations/westus/operations/a0cc0252-d892-41b1-b0e4-7e6307c4f7c6?api-version=2017-03-30']
      Cache-Control: [no-cache]
      Content-Type: [application/json; charset=utf-8]
      Date: ['Mon, 03 Jul 2017 22:39:58 GMT']
      Expires: ['-1']
      Pragma: [no-cache]
      Server: [Microsoft-HTTPAPI/2.0, Microsoft-HTTPAPI/2.0]
      Strict-Transport-Security: [max-age=31536000; includeSubDomains]
      Transfer-Encoding: [chunked]
      Vary: [Accept-Encoding]
      content-length: ['2769']
      x-ms-ratelimit-remaining-subscription-writes: ['1193']
    status: {code: 200, message: OK}
- request:
    body: null
    headers:
      Accept: [application/json]
      Accept-Encoding: ['gzip, deflate']
      Connection: [keep-alive]
      Content-Type: [application/json; charset=utf-8]
      User-Agent: [python/3.5.3 (Windows-10-10.0.15063-SP0) requests/2.9.1 msrest/0.4.9
          msrest_azure/0.4.8 computemanagementclient/2.0.0 Azure-SDK-For-Python AZURECLI/TEST/2.0.10+dev]
      accept-language: [en-US]
      x-ms-client-request-id: [8ade5026-6040-11e7-8cec-74c63bed1137]
    method: GET
    uri: https://management.azure.com/subscriptions/00000000-0000-0000-0000-000000000000/providers/Microsoft.Compute/locations/westus/operations/a0cc0252-d892-41b1-b0e4-7e6307c4f7c6?api-version=2017-03-30
  response:
    body: {string: "{\r\n  \"startTime\": \"2017-07-03T22:39:56.5807032+00:00\",\r\
        \n  \"endTime\": \"2017-07-03T22:40:16.6128065+00:00\",\r\n  \"status\": \"\
        Succeeded\",\r\n  \"name\": \"a0cc0252-d892-41b1-b0e4-7e6307c4f7c6\"\r\n}"}
    headers:
      Cache-Control: [no-cache]
      Content-Type: [application/json; charset=utf-8]
      Date: ['Mon, 03 Jul 2017 22:40:28 GMT']
      Expires: ['-1']
      Pragma: [no-cache]
      Server: [Microsoft-HTTPAPI/2.0, Microsoft-HTTPAPI/2.0]
      Strict-Transport-Security: [max-age=31536000; includeSubDomains]
      Transfer-Encoding: [chunked]
      Vary: [Accept-Encoding]
      content-length: ['184']
    status: {code: 200, message: OK}
- request:
    body: null
    headers:
      Accept: [application/json]
      Accept-Encoding: ['gzip, deflate']
      Connection: [keep-alive]
      Content-Type: [application/json; charset=utf-8]
      User-Agent: [python/3.5.3 (Windows-10-10.0.15063-SP0) requests/2.9.1 msrest/0.4.9
          msrest_azure/0.4.8 computemanagementclient/2.0.0 Azure-SDK-For-Python AZURECLI/TEST/2.0.10+dev]
      accept-language: [en-US]
      x-ms-client-request-id: [8ade5026-6040-11e7-8cec-74c63bed1137]
    method: GET
    uri: https://management.azure.com/subscriptions/00000000-0000-0000-0000-000000000000/resourceGroups/cli_test_vmss_create_options/providers/Microsoft.Compute/virtualMachineScaleSets/vrfvmss?api-version=2017-03-30
  response:
    body: {string: "{\r\n  \"sku\": {\r\n    \"name\": \"Standard_D2_v2\",\r\n   \
        \ \"tier\": \"Standard\",\r\n    \"capacity\": 2\r\n  },\r\n  \"properties\"\
        : {\r\n    \"singlePlacementGroup\": true,\r\n    \"upgradePolicy\": {\r\n\
        \      \"mode\": \"Automatic\"\r\n    },\r\n    \"virtualMachineProfile\"\
        : {\r\n      \"osProfile\": {\r\n        \"computerNamePrefix\": \"vrfvm3c30\"\
        ,\r\n        \"adminUsername\": \"myadmin\",\r\n        \"linuxConfiguration\"\
        : {\r\n          \"disablePasswordAuthentication\": false\r\n        },\r\n\
        \        \"secrets\": []\r\n      },\r\n      \"storageProfile\": {\r\n  \
        \      \"osDisk\": {\r\n          \"createOption\": \"FromImage\",\r\n   \
        \       \"caching\": \"ReadWrite\",\r\n          \"managedDisk\": {\r\n  \
        \          \"storageAccountType\": \"Standard_LRS\"\r\n          }\r\n   \
        \     },\r\n        \"imageReference\": {\r\n          \"publisher\": \"credativ\"\
        ,\r\n          \"offer\": \"Debian\",\r\n          \"sku\": \"8\",\r\n   \
        \       \"version\": \"latest\"\r\n        },\r\n        \"dataDisks\": [\r\
        \n          {\r\n            \"lun\": 0,\r\n            \"createOption\":\
        \ \"Empty\",\r\n            \"caching\": \"None\",\r\n            \"managedDisk\"\
        : {\r\n              \"storageAccountType\": \"Standard_LRS\"\r\n        \
        \    },\r\n            \"diskSizeGB\": 1\r\n          },\r\n          {\r\n\
        \            \"lun\": 1,\r\n            \"createOption\": \"Empty\",\r\n \
        \           \"caching\": \"None\",\r\n            \"managedDisk\": {\r\n \
        \             \"storageAccountType\": \"Standard_LRS\"\r\n            },\r\
        \n            \"diskSizeGB\": 3\r\n          }\r\n        ]\r\n      },\r\n\
        \      \"networkProfile\": {\"networkInterfaceConfigurations\":[{\"name\"\
        :\"vrfvm3c30Nic\",\"properties\":{\"primary\":true,\"enableAcceleratedNetworking\"\
        :false,\"dnsSettings\":{\"dnsServers\":[]},\"ipConfigurations\":[{\"name\"\
        :\"vrfvm3c30IPConfig\",\"properties\":{\"subnet\":{\"id\":\"/subscriptions/00000000-0000-0000-0000-000000000000/resourceGroups/cli_test_vmss_create_options/providers/Microsoft.Network/virtualNetworks/vrfvmssVNET/subnets/vrfvmssSubnet\"\
        },\"privateIPAddressVersion\":\"IPv4\",\"loadBalancerBackendAddressPools\"\
        :[{\"id\":\"/subscriptions/00000000-0000-0000-0000-000000000000/resourceGroups/cli_test_vmss_create_options/providers/Microsoft.Network/loadBalancers/vrfvmssLB/backendAddressPools/vrfvmssLBBEPool\"\
        }],\"loadBalancerInboundNatPools\":[{\"id\":\"/subscriptions/00000000-0000-0000-0000-000000000000/resourceGroups/cli_test_vmss_create_options/providers/Microsoft.Network/loadBalancers/vrfvmssLB/inboundNatPools/vrfvmssLBNatPool\"\
        }]}}]}}]}\r\n    },\r\n    \"provisioningState\": \"Succeeded\",\r\n    \"\
        overprovision\": false,\r\n    \"uniqueId\": \"37f0b432-d1d1-413f-9586-d65fbf7f162e\"\
        \r\n  },\r\n  \"type\": \"Microsoft.Compute/virtualMachineScaleSets\",\r\n\
        \  \"location\": \"westus\",\r\n  \"tags\": {},\r\n  \"id\": \"/subscriptions/00000000-0000-0000-0000-000000000000/resourceGroups/cli_test_vmss_create_options/providers/Microsoft.Compute/virtualMachineScaleSets/vrfvmss\"\
        ,\r\n  \"name\": \"vrfvmss\"\r\n}"}
    headers:
      Cache-Control: [no-cache]
      Content-Type: [application/json; charset=utf-8]
      Date: ['Mon, 03 Jul 2017 22:40:29 GMT']
      Expires: ['-1']
      Pragma: [no-cache]
      Server: [Microsoft-HTTPAPI/2.0, Microsoft-HTTPAPI/2.0]
      Strict-Transport-Security: [max-age=31536000; includeSubDomains]
      Transfer-Encoding: [chunked]
      Vary: [Accept-Encoding]
      content-length: ['2770']
    status: {code: 200, message: OK}
- request:
    body: null
    headers:
      Accept: [application/json]
      Accept-Encoding: ['gzip, deflate']
      Connection: [keep-alive]
      Content-Type: [application/json; charset=utf-8]
      User-Agent: [python/3.5.3 (Windows-10-10.0.15063-SP0) requests/2.9.1 msrest/0.4.9
          msrest_azure/0.4.8 computemanagementclient/2.0.0 Azure-SDK-For-Python AZURECLI/TEST/2.0.10+dev]
      accept-language: [en-US]
      x-ms-client-request-id: [9f179164-6040-11e7-88f4-74c63bed1137]
    method: GET
    uri: https://management.azure.com/subscriptions/00000000-0000-0000-0000-000000000000/resourceGroups/cli_test_vmss_create_options/providers/Microsoft.Compute/virtualMachineScaleSets/vrfvmss?api-version=2017-03-30
  response:
    body: {string: "{\r\n  \"sku\": {\r\n    \"name\": \"Standard_D2_v2\",\r\n   \
        \ \"tier\": \"Standard\",\r\n    \"capacity\": 2\r\n  },\r\n  \"properties\"\
        : {\r\n    \"singlePlacementGroup\": true,\r\n    \"upgradePolicy\": {\r\n\
        \      \"mode\": \"Automatic\"\r\n    },\r\n    \"virtualMachineProfile\"\
        : {\r\n      \"osProfile\": {\r\n        \"computerNamePrefix\": \"vrfvm3c30\"\
        ,\r\n        \"adminUsername\": \"myadmin\",\r\n        \"linuxConfiguration\"\
        : {\r\n          \"disablePasswordAuthentication\": false\r\n        },\r\n\
        \        \"secrets\": []\r\n      },\r\n      \"storageProfile\": {\r\n  \
        \      \"osDisk\": {\r\n          \"createOption\": \"FromImage\",\r\n   \
        \       \"caching\": \"ReadWrite\",\r\n          \"managedDisk\": {\r\n  \
        \          \"storageAccountType\": \"Standard_LRS\"\r\n          }\r\n   \
        \     },\r\n        \"imageReference\": {\r\n          \"publisher\": \"credativ\"\
        ,\r\n          \"offer\": \"Debian\",\r\n          \"sku\": \"8\",\r\n   \
        \       \"version\": \"latest\"\r\n        },\r\n        \"dataDisks\": [\r\
        \n          {\r\n            \"lun\": 0,\r\n            \"createOption\":\
        \ \"Empty\",\r\n            \"caching\": \"None\",\r\n            \"managedDisk\"\
        : {\r\n              \"storageAccountType\": \"Standard_LRS\"\r\n        \
        \    },\r\n            \"diskSizeGB\": 1\r\n          },\r\n          {\r\n\
        \            \"lun\": 1,\r\n            \"createOption\": \"Empty\",\r\n \
        \           \"caching\": \"None\",\r\n            \"managedDisk\": {\r\n \
        \             \"storageAccountType\": \"Standard_LRS\"\r\n            },\r\
        \n            \"diskSizeGB\": 3\r\n          }\r\n        ]\r\n      },\r\n\
        \      \"networkProfile\": {\"networkInterfaceConfigurations\":[{\"name\"\
        :\"vrfvm3c30Nic\",\"properties\":{\"primary\":true,\"enableAcceleratedNetworking\"\
        :false,\"dnsSettings\":{\"dnsServers\":[]},\"ipConfigurations\":[{\"name\"\
        :\"vrfvm3c30IPConfig\",\"properties\":{\"subnet\":{\"id\":\"/subscriptions/00000000-0000-0000-0000-000000000000/resourceGroups/cli_test_vmss_create_options/providers/Microsoft.Network/virtualNetworks/vrfvmssVNET/subnets/vrfvmssSubnet\"\
        },\"privateIPAddressVersion\":\"IPv4\",\"loadBalancerBackendAddressPools\"\
        :[{\"id\":\"/subscriptions/00000000-0000-0000-0000-000000000000/resourceGroups/cli_test_vmss_create_options/providers/Microsoft.Network/loadBalancers/vrfvmssLB/backendAddressPools/vrfvmssLBBEPool\"\
        }],\"loadBalancerInboundNatPools\":[{\"id\":\"/subscriptions/00000000-0000-0000-0000-000000000000/resourceGroups/cli_test_vmss_create_options/providers/Microsoft.Network/loadBalancers/vrfvmssLB/inboundNatPools/vrfvmssLBNatPool\"\
        }]}}]}}]}\r\n    },\r\n    \"provisioningState\": \"Succeeded\",\r\n    \"\
        overprovision\": false,\r\n    \"uniqueId\": \"37f0b432-d1d1-413f-9586-d65fbf7f162e\"\
        \r\n  },\r\n  \"type\": \"Microsoft.Compute/virtualMachineScaleSets\",\r\n\
        \  \"location\": \"westus\",\r\n  \"tags\": {},\r\n  \"id\": \"/subscriptions/00000000-0000-0000-0000-000000000000/resourceGroups/cli_test_vmss_create_options/providers/Microsoft.Compute/virtualMachineScaleSets/vrfvmss\"\
        ,\r\n  \"name\": \"vrfvmss\"\r\n}"}
    headers:
      Cache-Control: [no-cache]
      Content-Type: [application/json; charset=utf-8]
      Date: ['Mon, 03 Jul 2017 22:40:30 GMT']
      Expires: ['-1']
      Pragma: [no-cache]
      Server: [Microsoft-HTTPAPI/2.0, Microsoft-HTTPAPI/2.0]
      Strict-Transport-Security: [max-age=31536000; includeSubDomains]
      Transfer-Encoding: [chunked]
      Vary: [Accept-Encoding]
      content-length: ['2770']
    status: {code: 200, message: OK}
- request:
    body: null
    headers:
      Accept: [application/json]
      Accept-Encoding: ['gzip, deflate']
      Connection: [keep-alive]
      Content-Type: [application/json; charset=utf-8]
      User-Agent: [python/3.5.3 (Windows-10-10.0.15063-SP0) requests/2.9.1 msrest/0.4.9
          msrest_azure/0.4.8 computemanagementclient/2.0.0 Azure-SDK-For-Python AZURECLI/TEST/2.0.10+dev]
      accept-language: [en-US]
      x-ms-client-request-id: [9f4f24d8-6040-11e7-8613-74c63bed1137]
    method: GET
    uri: https://management.azure.com/subscriptions/00000000-0000-0000-0000-000000000000/resourceGroups/cli_test_vmss_create_options/providers/Microsoft.Compute/virtualMachineScaleSets/vrfvmss?api-version=2017-03-30
  response:
    body: {string: "{\r\n  \"sku\": {\r\n    \"name\": \"Standard_D2_v2\",\r\n   \
        \ \"tier\": \"Standard\",\r\n    \"capacity\": 2\r\n  },\r\n  \"properties\"\
        : {\r\n    \"singlePlacementGroup\": true,\r\n    \"upgradePolicy\": {\r\n\
        \      \"mode\": \"Automatic\"\r\n    },\r\n    \"virtualMachineProfile\"\
        : {\r\n      \"osProfile\": {\r\n        \"computerNamePrefix\": \"vrfvm3c30\"\
        ,\r\n        \"adminUsername\": \"myadmin\",\r\n        \"linuxConfiguration\"\
        : {\r\n          \"disablePasswordAuthentication\": false\r\n        },\r\n\
        \        \"secrets\": []\r\n      },\r\n      \"storageProfile\": {\r\n  \
        \      \"osDisk\": {\r\n          \"createOption\": \"FromImage\",\r\n   \
        \       \"caching\": \"ReadWrite\",\r\n          \"managedDisk\": {\r\n  \
        \          \"storageAccountType\": \"Standard_LRS\"\r\n          }\r\n   \
        \     },\r\n        \"imageReference\": {\r\n          \"publisher\": \"credativ\"\
        ,\r\n          \"offer\": \"Debian\",\r\n          \"sku\": \"8\",\r\n   \
        \       \"version\": \"latest\"\r\n        },\r\n        \"dataDisks\": [\r\
        \n          {\r\n            \"lun\": 0,\r\n            \"createOption\":\
        \ \"Empty\",\r\n            \"caching\": \"None\",\r\n            \"managedDisk\"\
        : {\r\n              \"storageAccountType\": \"Standard_LRS\"\r\n        \
        \    },\r\n            \"diskSizeGB\": 1\r\n          },\r\n          {\r\n\
        \            \"lun\": 1,\r\n            \"createOption\": \"Empty\",\r\n \
        \           \"caching\": \"None\",\r\n            \"managedDisk\": {\r\n \
        \             \"storageAccountType\": \"Standard_LRS\"\r\n            },\r\
        \n            \"diskSizeGB\": 3\r\n          }\r\n        ]\r\n      },\r\n\
        \      \"networkProfile\": {\"networkInterfaceConfigurations\":[{\"name\"\
        :\"vrfvm3c30Nic\",\"properties\":{\"primary\":true,\"enableAcceleratedNetworking\"\
        :false,\"dnsSettings\":{\"dnsServers\":[]},\"ipConfigurations\":[{\"name\"\
        :\"vrfvm3c30IPConfig\",\"properties\":{\"subnet\":{\"id\":\"/subscriptions/00000000-0000-0000-0000-000000000000/resourceGroups/cli_test_vmss_create_options/providers/Microsoft.Network/virtualNetworks/vrfvmssVNET/subnets/vrfvmssSubnet\"\
        },\"privateIPAddressVersion\":\"IPv4\",\"loadBalancerBackendAddressPools\"\
        :[{\"id\":\"/subscriptions/00000000-0000-0000-0000-000000000000/resourceGroups/cli_test_vmss_create_options/providers/Microsoft.Network/loadBalancers/vrfvmssLB/backendAddressPools/vrfvmssLBBEPool\"\
        }],\"loadBalancerInboundNatPools\":[{\"id\":\"/subscriptions/00000000-0000-0000-0000-000000000000/resourceGroups/cli_test_vmss_create_options/providers/Microsoft.Network/loadBalancers/vrfvmssLB/inboundNatPools/vrfvmssLBNatPool\"\
        }]}}]}}]}\r\n    },\r\n    \"provisioningState\": \"Succeeded\",\r\n    \"\
        overprovision\": false,\r\n    \"uniqueId\": \"37f0b432-d1d1-413f-9586-d65fbf7f162e\"\
        \r\n  },\r\n  \"type\": \"Microsoft.Compute/virtualMachineScaleSets\",\r\n\
        \  \"location\": \"westus\",\r\n  \"tags\": {},\r\n  \"id\": \"/subscriptions/00000000-0000-0000-0000-000000000000/resourceGroups/cli_test_vmss_create_options/providers/Microsoft.Compute/virtualMachineScaleSets/vrfvmss\"\
        ,\r\n  \"name\": \"vrfvmss\"\r\n}"}
    headers:
      Cache-Control: [no-cache]
      Content-Type: [application/json; charset=utf-8]
      Date: ['Mon, 03 Jul 2017 22:40:30 GMT']
      Expires: ['-1']
      Pragma: [no-cache]
      Server: [Microsoft-HTTPAPI/2.0, Microsoft-HTTPAPI/2.0]
      Strict-Transport-Security: [max-age=31536000; includeSubDomains]
      Transfer-Encoding: [chunked]
      Vary: [Accept-Encoding]
      content-length: ['2770']
    status: {code: 200, message: OK}
- request:
    body: '{"properties": {"overprovision": false, "virtualMachineProfile": {"osProfile":
      {"secrets": [], "computerNamePrefix": "vrfvm3c30", "linuxConfiguration": {"disablePasswordAuthentication":
      false}, "adminUsername": "myadmin"}, "storageProfile": {"dataDisks": [{"lun":
      0, "managedDisk": {"storageAccountType": "Standard_LRS"}, "createOption": "empty",
      "caching": "None", "diskSizeGB": 1}], "imageReference": {"version": "latest",
      "sku": "8", "offer": "Debian", "publisher": "credativ"}, "osDisk": {"managedDisk":
      {"storageAccountType": "Standard_LRS"}, "createOption": "fromImage", "caching":
      "ReadWrite"}}, "networkProfile": {"networkInterfaceConfigurations": [{"properties":
      {"ipConfigurations": [{"properties": {"subnet": {"id": "/subscriptions/0b1f6471-1bf0-4dda-aec3-cb9272f09590/resourceGroups/cli_test_vmss_create_options/providers/Microsoft.Network/virtualNetworks/vrfvmssVNET/subnets/vrfvmssSubnet"},
      "loadBalancerBackendAddressPools": [{"id": "/subscriptions/0b1f6471-1bf0-4dda-aec3-cb9272f09590/resourceGroups/cli_test_vmss_create_options/providers/Microsoft.Network/loadBalancers/vrfvmssLB/backendAddressPools/vrfvmssLBBEPool"}],
      "privateIPAddressVersion": "IPv4", "loadBalancerInboundNatPools": [{"id": "/subscriptions/0b1f6471-1bf0-4dda-aec3-cb9272f09590/resourceGroups/cli_test_vmss_create_options/providers/Microsoft.Network/loadBalancers/vrfvmssLB/inboundNatPools/vrfvmssLBNatPool"}]},
      "name": "vrfvm3c30IPConfig"}], "dnsSettings": {"dnsServers": []}, "primary":
      true}, "name": "vrfvm3c30Nic"}]}}, "upgradePolicy": {"mode": "Automatic"}, "singlePlacementGroup":
      true}, "location": "westus", "sku": {"name": "Standard_D2_v2", "tier": "Standard",
      "capacity": 2}, "tags": {}}'
    headers:
      Accept: [application/json]
      Accept-Encoding: ['gzip, deflate']
      Connection: [keep-alive]
      Content-Length: ['1702']
      Content-Type: [application/json; charset=utf-8]
      User-Agent: [python/3.5.3 (Windows-10-10.0.15063-SP0) requests/2.9.1 msrest/0.4.9
          msrest_azure/0.4.8 computemanagementclient/2.0.0 Azure-SDK-For-Python AZURECLI/TEST/2.0.10+dev]
      accept-language: [en-US]
      x-ms-client-request-id: [9f7a0578-6040-11e7-a84c-74c63bed1137]
    method: PUT
    uri: https://management.azure.com/subscriptions/00000000-0000-0000-0000-000000000000/resourceGroups/cli_test_vmss_create_options/providers/Microsoft.Compute/virtualMachineScaleSets/vrfvmss?api-version=2017-03-30
  response:
    body: {string: "{\r\n  \"sku\": {\r\n    \"name\": \"Standard_D2_v2\",\r\n   \
        \ \"tier\": \"Standard\",\r\n    \"capacity\": 2\r\n  },\r\n  \"properties\"\
        : {\r\n    \"singlePlacementGroup\": true,\r\n    \"upgradePolicy\": {\r\n\
        \      \"mode\": \"Automatic\"\r\n    },\r\n    \"virtualMachineProfile\"\
        : {\r\n      \"osProfile\": {\r\n        \"computerNamePrefix\": \"vrfvm3c30\"\
        ,\r\n        \"adminUsername\": \"myadmin\",\r\n        \"linuxConfiguration\"\
        : {\r\n          \"disablePasswordAuthentication\": false\r\n        },\r\n\
        \        \"secrets\": []\r\n      },\r\n      \"storageProfile\": {\r\n  \
        \      \"osDisk\": {\r\n          \"createOption\": \"FromImage\",\r\n   \
        \       \"caching\": \"ReadWrite\",\r\n          \"managedDisk\": {\r\n  \
        \          \"storageAccountType\": \"Standard_LRS\"\r\n          }\r\n   \
        \     },\r\n        \"imageReference\": {\r\n          \"publisher\": \"credativ\"\
        ,\r\n          \"offer\": \"Debian\",\r\n          \"sku\": \"8\",\r\n   \
        \       \"version\": \"latest\"\r\n        },\r\n        \"dataDisks\": [\r\
        \n          {\r\n            \"lun\": 0,\r\n            \"createOption\":\
        \ \"Empty\",\r\n            \"caching\": \"None\",\r\n            \"managedDisk\"\
        : {\r\n              \"storageAccountType\": \"Standard_LRS\"\r\n        \
        \    },\r\n            \"diskSizeGB\": 1\r\n          }\r\n        ]\r\n \
        \     },\r\n      \"networkProfile\": {\"networkInterfaceConfigurations\"\
        :[{\"name\":\"vrfvm3c30Nic\",\"properties\":{\"primary\":true,\"enableAcceleratedNetworking\"\
        :false,\"dnsSettings\":{\"dnsServers\":[]},\"ipConfigurations\":[{\"name\"\
        :\"vrfvm3c30IPConfig\",\"properties\":{\"subnet\":{\"id\":\"/subscriptions/00000000-0000-0000-0000-000000000000/resourceGroups/cli_test_vmss_create_options/providers/Microsoft.Network/virtualNetworks/vrfvmssVNET/subnets/vrfvmssSubnet\"\
        },\"privateIPAddressVersion\":\"IPv4\",\"loadBalancerBackendAddressPools\"\
        :[{\"id\":\"/subscriptions/00000000-0000-0000-0000-000000000000/resourceGroups/cli_test_vmss_create_options/providers/Microsoft.Network/loadBalancers/vrfvmssLB/backendAddressPools/vrfvmssLBBEPool\"\
        }],\"loadBalancerInboundNatPools\":[{\"id\":\"/subscriptions/00000000-0000-0000-0000-000000000000/resourceGroups/cli_test_vmss_create_options/providers/Microsoft.Network/loadBalancers/vrfvmssLB/inboundNatPools/vrfvmssLBNatPool\"\
        }]}}]}}]}\r\n    },\r\n    \"provisioningState\": \"Updating\",\r\n    \"\
        overprovision\": false,\r\n    \"uniqueId\": \"37f0b432-d1d1-413f-9586-d65fbf7f162e\"\
        \r\n  },\r\n  \"type\": \"Microsoft.Compute/virtualMachineScaleSets\",\r\n\
        \  \"location\": \"westus\",\r\n  \"tags\": {},\r\n  \"id\": \"/subscriptions/00000000-0000-0000-0000-000000000000/resourceGroups/cli_test_vmss_create_options/providers/Microsoft.Compute/virtualMachineScaleSets/vrfvmss\"\
        ,\r\n  \"name\": \"vrfvmss\"\r\n}"}
    headers:
      Azure-AsyncOperation: ['https://management.azure.com/subscriptions/0b1f6471-1bf0-4dda-aec3-cb9272f09590/providers/Microsoft.Compute/locations/westus/operations/470e6f12-1e7c-4758-8111-b8011454c23f?api-version=2017-03-30']
      Cache-Control: [no-cache]
      Content-Type: [application/json; charset=utf-8]
      Date: ['Mon, 03 Jul 2017 22:40:31 GMT']
      Expires: ['-1']
      Pragma: [no-cache]
      Server: [Microsoft-HTTPAPI/2.0, Microsoft-HTTPAPI/2.0]
      Strict-Transport-Security: [max-age=31536000; includeSubDomains]
      Transfer-Encoding: [chunked]
      Vary: [Accept-Encoding]
      content-length: ['2522']
      x-ms-ratelimit-remaining-subscription-writes: ['1198']
    status: {code: 200, message: OK}
- request:
    body: null
    headers:
      Accept: [application/json]
      Accept-Encoding: ['gzip, deflate']
      Connection: [keep-alive]
      Content-Type: [application/json; charset=utf-8]
      User-Agent: [python/3.5.3 (Windows-10-10.0.15063-SP0) requests/2.9.1 msrest/0.4.9
          msrest_azure/0.4.8 computemanagementclient/2.0.0 Azure-SDK-For-Python AZURECLI/TEST/2.0.10+dev]
      accept-language: [en-US]
      x-ms-client-request-id: [9f7a0578-6040-11e7-a84c-74c63bed1137]
    method: GET
    uri: https://management.azure.com/subscriptions/00000000-0000-0000-0000-000000000000/providers/Microsoft.Compute/locations/westus/operations/470e6f12-1e7c-4758-8111-b8011454c23f?api-version=2017-03-30
  response:
    body: {string: "{\r\n  \"startTime\": \"2017-07-03T22:40:29.9268777+00:00\",\r\
        \n  \"endTime\": \"2017-07-03T22:40:57.4751863+00:00\",\r\n  \"status\": \"\
        Succeeded\",\r\n  \"name\": \"470e6f12-1e7c-4758-8111-b8011454c23f\"\r\n}"}
    headers:
      Cache-Control: [no-cache]
      Content-Type: [application/json; charset=utf-8]
      Date: ['Mon, 03 Jul 2017 22:41:01 GMT']
      Expires: ['-1']
      Pragma: [no-cache]
      Server: [Microsoft-HTTPAPI/2.0, Microsoft-HTTPAPI/2.0]
      Strict-Transport-Security: [max-age=31536000; includeSubDomains]
      Transfer-Encoding: [chunked]
      Vary: [Accept-Encoding]
      content-length: ['184']
    status: {code: 200, message: OK}
- request:
    body: null
    headers:
      Accept: [application/json]
      Accept-Encoding: ['gzip, deflate']
      Connection: [keep-alive]
      Content-Type: [application/json; charset=utf-8]
      User-Agent: [python/3.5.3 (Windows-10-10.0.15063-SP0) requests/2.9.1 msrest/0.4.9
          msrest_azure/0.4.8 computemanagementclient/2.0.0 Azure-SDK-For-Python AZURECLI/TEST/2.0.10+dev]
      accept-language: [en-US]
      x-ms-client-request-id: [9f7a0578-6040-11e7-a84c-74c63bed1137]
    method: GET
    uri: https://management.azure.com/subscriptions/00000000-0000-0000-0000-000000000000/resourceGroups/cli_test_vmss_create_options/providers/Microsoft.Compute/virtualMachineScaleSets/vrfvmss?api-version=2017-03-30
  response:
    body: {string: "{\r\n  \"sku\": {\r\n    \"name\": \"Standard_D2_v2\",\r\n   \
        \ \"tier\": \"Standard\",\r\n    \"capacity\": 2\r\n  },\r\n  \"properties\"\
        : {\r\n    \"singlePlacementGroup\": true,\r\n    \"upgradePolicy\": {\r\n\
        \      \"mode\": \"Automatic\"\r\n    },\r\n    \"virtualMachineProfile\"\
        : {\r\n      \"osProfile\": {\r\n        \"computerNamePrefix\": \"vrfvm3c30\"\
        ,\r\n        \"adminUsername\": \"myadmin\",\r\n        \"linuxConfiguration\"\
        : {\r\n          \"disablePasswordAuthentication\": false\r\n        },\r\n\
        \        \"secrets\": []\r\n      },\r\n      \"storageProfile\": {\r\n  \
        \      \"osDisk\": {\r\n          \"createOption\": \"FromImage\",\r\n   \
        \       \"caching\": \"ReadWrite\",\r\n          \"managedDisk\": {\r\n  \
        \          \"storageAccountType\": \"Standard_LRS\"\r\n          }\r\n   \
        \     },\r\n        \"imageReference\": {\r\n          \"publisher\": \"credativ\"\
        ,\r\n          \"offer\": \"Debian\",\r\n          \"sku\": \"8\",\r\n   \
        \       \"version\": \"latest\"\r\n        },\r\n        \"dataDisks\": [\r\
        \n          {\r\n            \"lun\": 0,\r\n            \"createOption\":\
        \ \"Empty\",\r\n            \"caching\": \"None\",\r\n            \"managedDisk\"\
        : {\r\n              \"storageAccountType\": \"Standard_LRS\"\r\n        \
        \    },\r\n            \"diskSizeGB\": 1\r\n          }\r\n        ]\r\n \
        \     },\r\n      \"networkProfile\": {\"networkInterfaceConfigurations\"\
        :[{\"name\":\"vrfvm3c30Nic\",\"properties\":{\"primary\":true,\"enableAcceleratedNetworking\"\
        :false,\"dnsSettings\":{\"dnsServers\":[]},\"ipConfigurations\":[{\"name\"\
        :\"vrfvm3c30IPConfig\",\"properties\":{\"subnet\":{\"id\":\"/subscriptions/00000000-0000-0000-0000-000000000000/resourceGroups/cli_test_vmss_create_options/providers/Microsoft.Network/virtualNetworks/vrfvmssVNET/subnets/vrfvmssSubnet\"\
        },\"privateIPAddressVersion\":\"IPv4\",\"loadBalancerBackendAddressPools\"\
        :[{\"id\":\"/subscriptions/00000000-0000-0000-0000-000000000000/resourceGroups/cli_test_vmss_create_options/providers/Microsoft.Network/loadBalancers/vrfvmssLB/backendAddressPools/vrfvmssLBBEPool\"\
        }],\"loadBalancerInboundNatPools\":[{\"id\":\"/subscriptions/00000000-0000-0000-0000-000000000000/resourceGroups/cli_test_vmss_create_options/providers/Microsoft.Network/loadBalancers/vrfvmssLB/inboundNatPools/vrfvmssLBNatPool\"\
        }]}}]}}]}\r\n    },\r\n    \"provisioningState\": \"Succeeded\",\r\n    \"\
        overprovision\": false,\r\n    \"uniqueId\": \"37f0b432-d1d1-413f-9586-d65fbf7f162e\"\
        \r\n  },\r\n  \"type\": \"Microsoft.Compute/virtualMachineScaleSets\",\r\n\
        \  \"location\": \"westus\",\r\n  \"tags\": {},\r\n  \"id\": \"/subscriptions/00000000-0000-0000-0000-000000000000/resourceGroups/cli_test_vmss_create_options/providers/Microsoft.Compute/virtualMachineScaleSets/vrfvmss\"\
        ,\r\n  \"name\": \"vrfvmss\"\r\n}"}
    headers:
      Cache-Control: [no-cache]
      Content-Type: [application/json; charset=utf-8]
      Date: ['Mon, 03 Jul 2017 22:41:02 GMT']
      Expires: ['-1']
      Pragma: [no-cache]
      Server: [Microsoft-HTTPAPI/2.0, Microsoft-HTTPAPI/2.0]
      Strict-Transport-Security: [max-age=31536000; includeSubDomains]
      Transfer-Encoding: [chunked]
      Vary: [Accept-Encoding]
      content-length: ['2523']
    status: {code: 200, message: OK}
- request:
    body: null
    headers:
      Accept: [application/json]
      Accept-Encoding: ['gzip, deflate']
      Connection: [keep-alive]
      Content-Type: [application/json; charset=utf-8]
      User-Agent: [python/3.5.3 (Windows-10-10.0.15063-SP0) requests/2.9.1 msrest/0.4.9
          msrest_azure/0.4.8 computemanagementclient/2.0.0 Azure-SDK-For-Python AZURECLI/TEST/2.0.10+dev]
      accept-language: [en-US]
      x-ms-client-request-id: [b28376f4-6040-11e7-84fb-74c63bed1137]
    method: GET
    uri: https://management.azure.com/subscriptions/00000000-0000-0000-0000-000000000000/resourceGroups/cli_test_vmss_create_options/providers/Microsoft.Compute/virtualMachineScaleSets/vrfvmss?api-version=2017-03-30
  response:
    body: {string: "{\r\n  \"sku\": {\r\n    \"name\": \"Standard_D2_v2\",\r\n   \
        \ \"tier\": \"Standard\",\r\n    \"capacity\": 2\r\n  },\r\n  \"properties\"\
        : {\r\n    \"singlePlacementGroup\": true,\r\n    \"upgradePolicy\": {\r\n\
        \      \"mode\": \"Automatic\"\r\n    },\r\n    \"virtualMachineProfile\"\
        : {\r\n      \"osProfile\": {\r\n        \"computerNamePrefix\": \"vrfvm3c30\"\
        ,\r\n        \"adminUsername\": \"myadmin\",\r\n        \"linuxConfiguration\"\
        : {\r\n          \"disablePasswordAuthentication\": false\r\n        },\r\n\
        \        \"secrets\": []\r\n      },\r\n      \"storageProfile\": {\r\n  \
        \      \"osDisk\": {\r\n          \"createOption\": \"FromImage\",\r\n   \
        \       \"caching\": \"ReadWrite\",\r\n          \"managedDisk\": {\r\n  \
        \          \"storageAccountType\": \"Standard_LRS\"\r\n          }\r\n   \
        \     },\r\n        \"imageReference\": {\r\n          \"publisher\": \"credativ\"\
        ,\r\n          \"offer\": \"Debian\",\r\n          \"sku\": \"8\",\r\n   \
        \       \"version\": \"latest\"\r\n        },\r\n        \"dataDisks\": [\r\
        \n          {\r\n            \"lun\": 0,\r\n            \"createOption\":\
        \ \"Empty\",\r\n            \"caching\": \"None\",\r\n            \"managedDisk\"\
        : {\r\n              \"storageAccountType\": \"Standard_LRS\"\r\n        \
        \    },\r\n            \"diskSizeGB\": 1\r\n          }\r\n        ]\r\n \
        \     },\r\n      \"networkProfile\": {\"networkInterfaceConfigurations\"\
        :[{\"name\":\"vrfvm3c30Nic\",\"properties\":{\"primary\":true,\"enableAcceleratedNetworking\"\
        :false,\"dnsSettings\":{\"dnsServers\":[]},\"ipConfigurations\":[{\"name\"\
        :\"vrfvm3c30IPConfig\",\"properties\":{\"subnet\":{\"id\":\"/subscriptions/00000000-0000-0000-0000-000000000000/resourceGroups/cli_test_vmss_create_options/providers/Microsoft.Network/virtualNetworks/vrfvmssVNET/subnets/vrfvmssSubnet\"\
        },\"privateIPAddressVersion\":\"IPv4\",\"loadBalancerBackendAddressPools\"\
        :[{\"id\":\"/subscriptions/00000000-0000-0000-0000-000000000000/resourceGroups/cli_test_vmss_create_options/providers/Microsoft.Network/loadBalancers/vrfvmssLB/backendAddressPools/vrfvmssLBBEPool\"\
        }],\"loadBalancerInboundNatPools\":[{\"id\":\"/subscriptions/00000000-0000-0000-0000-000000000000/resourceGroups/cli_test_vmss_create_options/providers/Microsoft.Network/loadBalancers/vrfvmssLB/inboundNatPools/vrfvmssLBNatPool\"\
        }]}}]}}]}\r\n    },\r\n    \"provisioningState\": \"Succeeded\",\r\n    \"\
        overprovision\": false,\r\n    \"uniqueId\": \"37f0b432-d1d1-413f-9586-d65fbf7f162e\"\
        \r\n  },\r\n  \"type\": \"Microsoft.Compute/virtualMachineScaleSets\",\r\n\
        \  \"location\": \"westus\",\r\n  \"tags\": {},\r\n  \"id\": \"/subscriptions/00000000-0000-0000-0000-000000000000/resourceGroups/cli_test_vmss_create_options/providers/Microsoft.Compute/virtualMachineScaleSets/vrfvmss\"\
        ,\r\n  \"name\": \"vrfvmss\"\r\n}"}
    headers:
      Cache-Control: [no-cache]
      Content-Type: [application/json; charset=utf-8]
      Date: ['Mon, 03 Jul 2017 22:41:01 GMT']
      Expires: ['-1']
      Pragma: [no-cache]
      Server: [Microsoft-HTTPAPI/2.0, Microsoft-HTTPAPI/2.0]
      Strict-Transport-Security: [max-age=31536000; includeSubDomains]
      Transfer-Encoding: [chunked]
      Vary: [Accept-Encoding]
      content-length: ['2523']
    status: {code: 200, message: OK}
version: 1
