interactions:
- request:
    body: null
    headers:
      Accept: [application/json]
      Accept-Encoding: ['gzip, deflate']
      Connection: [keep-alive]
      Content-Type: [application/json; charset=utf-8]
      User-Agent: [python/3.5.3 (Windows-10-10.0.15063-SP0) requests/2.18.4 msrest/0.4.19
          msrest_azure/0.4.18 subscriptionclient/1.2.1 Azure-SDK-For-Python AZURECLI/TEST/2.0.23]
      accept-language: [en-US]
      x-ms-client-request-id: [51d9838a-e002-11e7-9967-f4b7e2e85440]
    method: GET
    uri: https://management.azure.com/subscriptions/00000000-0000-0000-0000-000000000000/locations?api-version=2016-06-01
  response:
    body: {string: '{"value":[{"id":"/subscriptions/00000000-0000-0000-0000-000000000000/locations/eastasia","name":"eastasia","displayName":"East
        Asia","longitude":"114.188","latitude":"22.267"},{"id":"/subscriptions/00000000-0000-0000-0000-000000000000/locations/southeastasia","name":"southeastasia","displayName":"Southeast
        Asia","longitude":"103.833","latitude":"1.283"},{"id":"/subscriptions/00000000-0000-0000-0000-000000000000/locations/centralus","name":"centralus","displayName":"Central
        US","longitude":"-93.6208","latitude":"41.5908"},{"id":"/subscriptions/00000000-0000-0000-0000-000000000000/locations/eastus","name":"eastus","displayName":"East
        US","longitude":"-79.8164","latitude":"37.3719"},{"id":"/subscriptions/00000000-0000-0000-0000-000000000000/locations/eastus2","name":"eastus2","displayName":"East
        US 2","longitude":"-78.3889","latitude":"36.6681"},{"id":"/subscriptions/00000000-0000-0000-0000-000000000000/locations/westus","name":"westus","displayName":"West
        US","longitude":"-122.417","latitude":"37.783"},{"id":"/subscriptions/00000000-0000-0000-0000-000000000000/locations/northcentralus","name":"northcentralus","displayName":"North
        Central US","longitude":"-87.6278","latitude":"41.8819"},{"id":"/subscriptions/00000000-0000-0000-0000-000000000000/locations/southcentralus","name":"southcentralus","displayName":"South
        Central US","longitude":"-98.5","latitude":"29.4167"},{"id":"/subscriptions/00000000-0000-0000-0000-000000000000/locations/northeurope","name":"northeurope","displayName":"North
        Europe","longitude":"-6.2597","latitude":"53.3478"},{"id":"/subscriptions/00000000-0000-0000-0000-000000000000/locations/westeurope","name":"westeurope","displayName":"West
        Europe","longitude":"4.9","latitude":"52.3667"},{"id":"/subscriptions/00000000-0000-0000-0000-000000000000/locations/japanwest","name":"japanwest","displayName":"Japan
        West","longitude":"135.5022","latitude":"34.6939"},{"id":"/subscriptions/00000000-0000-0000-0000-000000000000/locations/japaneast","name":"japaneast","displayName":"Japan
        East","longitude":"139.77","latitude":"35.68"},{"id":"/subscriptions/00000000-0000-0000-0000-000000000000/locations/brazilsouth","name":"brazilsouth","displayName":"Brazil
        South","longitude":"-46.633","latitude":"-23.55"},{"id":"/subscriptions/00000000-0000-0000-0000-000000000000/locations/australiaeast","name":"australiaeast","displayName":"Australia
        East","longitude":"151.2094","latitude":"-33.86"},{"id":"/subscriptions/00000000-0000-0000-0000-000000000000/locations/australiasoutheast","name":"australiasoutheast","displayName":"Australia
        Southeast","longitude":"144.9631","latitude":"-37.8136"},{"id":"/subscriptions/00000000-0000-0000-0000-000000000000/locations/southindia","name":"southindia","displayName":"South
        India","longitude":"80.1636","latitude":"12.9822"},{"id":"/subscriptions/00000000-0000-0000-0000-000000000000/locations/centralindia","name":"centralindia","displayName":"Central
        India","longitude":"73.9197","latitude":"18.5822"},{"id":"/subscriptions/00000000-0000-0000-0000-000000000000/locations/westindia","name":"westindia","displayName":"West
        India","longitude":"72.868","latitude":"19.088"},{"id":"/subscriptions/00000000-0000-0000-0000-000000000000/locations/canadacentral","name":"canadacentral","displayName":"Canada
        Central","longitude":"-79.383","latitude":"43.653"},{"id":"/subscriptions/00000000-0000-0000-0000-000000000000/locations/canadaeast","name":"canadaeast","displayName":"Canada
        East","longitude":"-71.217","latitude":"46.817"},{"id":"/subscriptions/00000000-0000-0000-0000-000000000000/locations/uksouth","name":"uksouth","displayName":"UK
        South","longitude":"-0.799","latitude":"50.941"},{"id":"/subscriptions/00000000-0000-0000-0000-000000000000/locations/ukwest","name":"ukwest","displayName":"UK
        West","longitude":"-3.084","latitude":"53.427"},{"id":"/subscriptions/00000000-0000-0000-0000-000000000000/locations/westcentralus","name":"westcentralus","displayName":"West
        Central US","longitude":"-110.234","latitude":"40.890"},{"id":"/subscriptions/00000000-0000-0000-0000-000000000000/locations/westus2","name":"westus2","displayName":"West
        US 2","longitude":"-119.852","latitude":"47.233"},{"id":"/subscriptions/00000000-0000-0000-0000-000000000000/locations/koreacentral","name":"koreacentral","displayName":"Korea
        Central","longitude":"126.9780","latitude":"37.5665"},{"id":"/subscriptions/00000000-0000-0000-0000-000000000000/locations/koreasouth","name":"koreasouth","displayName":"Korea
        South","longitude":"129.0756","latitude":"35.1796"}]}'}
    headers:
      Cache-Control: [no-cache]
      Content-Type: [application/json; charset=utf-8]
      Date: ['Wed, 13 Dec 2017 12:37:01 GMT']
      Expires: ['-1']
      Pragma: [no-cache]
      Strict-Transport-Security: [max-age=31536000; includeSubDomains]
      Vary: [Accept-Encoding]
      content-length: ['4523']
    status: {code: 200, message: OK}
- request:
    body: null
    headers:
      Connection: [close]
      Host: [raw.githubusercontent.com]
      User-Agent: [Python-urllib/3.5]
    method: GET
    uri: https://raw.githubusercontent.com/Azure/azure-rest-api-specs/master/arm-compute/quickstart-templates/aliases.json
  response:
    body: {string: "{\n  \"$schema\":\"http://schema.management.azure.com/schemas/2015-01-01/deploymentTemplate.json\"\
        ,\n  \"contentVersion\":\"1.0.0.0\",\n  \"parameters\":{},\n  \"variables\"\
        :{},\n  \"resources\":[],\n\n  \"outputs\":{\n    \"aliases\":{\n      \"\
        type\":\"object\",\n      \"value\":{\n\n        \"Linux\":{\n          \"\
        CentOS\":{\n            \"publisher\":\"OpenLogic\",\n            \"offer\"\
        :\"CentOS\",\n            \"sku\":\"7.3\",\n            \"version\":\"latest\"\
        \n          },\n          \"CoreOS\":{\n            \"publisher\":\"CoreOS\"\
        ,\n            \"offer\":\"CoreOS\",\n            \"sku\":\"Stable\",\n  \
        \          \"version\":\"latest\"\n          },\n          \"Debian\":{\n\
        \            \"publisher\":\"credativ\",\n            \"offer\":\"Debian\"\
        ,\n            \"sku\":\"8\",\n            \"version\":\"latest\"\n      \
        \    },\n          \"openSUSE-Leap\": {\n            \"publisher\":\"SUSE\"\
        ,\n            \"offer\":\"openSUSE-Leap\",\n            \"sku\":\"42.2\"\
        ,\n            \"version\": \"latest\"\n          },\n          \"RHEL\":{\n\
        \            \"publisher\":\"RedHat\",\n            \"offer\":\"RHEL\",\n\
        \            \"sku\":\"7.3\",\n            \"version\":\"latest\"\n      \
        \    },\n          \"SLES\":{\n            \"publisher\":\"SUSE\",\n     \
        \       \"offer\":\"SLES\",\n            \"sku\":\"12-SP2\",\n           \
        \ \"version\":\"latest\"\n          },\n          \"UbuntuLTS\":{\n      \
        \      \"publisher\":\"Canonical\",\n            \"offer\":\"UbuntuServer\"\
        ,\n            \"sku\":\"16.04-LTS\",\n            \"version\":\"latest\"\n\
        \          }\n        },\n\n        \"Windows\":{\n          \"Win2016Datacenter\"\
        :{\n            \"publisher\":\"MicrosoftWindowsServer\",\n            \"\
        offer\":\"WindowsServer\",\n            \"sku\":\"2016-Datacenter\",\n   \
        \         \"version\":\"latest\"\n          },\n          \"Win2012R2Datacenter\"\
        :{\n            \"publisher\":\"MicrosoftWindowsServer\",\n            \"\
        offer\":\"WindowsServer\",\n            \"sku\":\"2012-R2-Datacenter\",\n\
        \            \"version\":\"latest\"\n          },\n          \"Win2012Datacenter\"\
        :{\n            \"publisher\":\"MicrosoftWindowsServer\",\n            \"\
        offer\":\"WindowsServer\",\n            \"sku\":\"2012-Datacenter\",\n   \
        \         \"version\":\"latest\"\n          },\n          \"Win2008R2SP1\"\
        :{\n            \"publisher\":\"MicrosoftWindowsServer\",\n            \"\
        offer\":\"WindowsServer\",\n            \"sku\":\"2008-R2-SP1\",\n       \
        \     \"version\":\"latest\"\n          }\n        }\n      }\n    }\n  }\n\
        }\n"}
    headers:
      Accept-Ranges: [bytes]
      Access-Control-Allow-Origin: ['*']
      Cache-Control: [max-age=300]
      Connection: [close]
      Content-Length: ['2235']
      Content-Security-Policy: [default-src 'none'; style-src 'unsafe-inline'; sandbox]
      Content-Type: [text/plain; charset=utf-8]
      Date: ['Wed, 13 Dec 2017 12:37:03 GMT']
      ETag: ['"d6824855d13e27c5258a680eb60f635d088fd05e"']
      Expires: ['Wed, 13 Dec 2017 12:42:03 GMT']
      Source-Age: ['0']
      Strict-Transport-Security: [max-age=31536000]
      Vary: ['Authorization,Accept-Encoding']
      Via: [1.1 varnish]
      X-Cache: [MISS]
      X-Cache-Hits: ['0']
      X-Content-Type-Options: [nosniff]
      X-Fastly-Request-ID: [e819e7807b99b7bdbc003cf92b581ea9c622e0e2]
      X-Frame-Options: [deny]
      X-Geo-Block-List: ['']
      X-GitHub-Request-Id: ['9E70:2BF91:781A4B:7FC3F1:5A311EEF']
      X-Served-By: [cache-sea1040-SEA]
      X-Timer: ['S1513168624.828647,VS0,VE23']
      X-XSS-Protection: [1; mode=block]
    status: {code: 200, message: OK}
- request:
    body: null
    headers:
      Accept: [application/json]
      Accept-Encoding: ['gzip, deflate']
      Connection: [keep-alive]
      Content-Type: [application/json; charset=utf-8]
      User-Agent: [python/3.5.3 (Windows-10-10.0.15063-SP0) requests/2.18.4 msrest/0.4.19
          msrest_azure/0.4.18 resourcemanagementclient/1.2.1 Azure-SDK-For-Python
          AZURECLI/TEST/2.0.23]
      accept-language: [en-US]
      x-ms-client-request-id: [52d3da76-e002-11e7-a50d-f4b7e2e85440]
    method: GET
    uri: https://management.azure.com/subscriptions/00000000-0000-0000-0000-000000000000/providers/Microsoft.Network?api-version=2017-05-10
  response:
    body: {string: '{"id":"/subscriptions/00000000-0000-0000-0000-000000000000/providers/Microsoft.Network","namespace":"Microsoft.Network","authorizations":[{"applicationId":"2cf9eb86-36b5-49dc-86ae-9a63135dfa8c","roleDefinitionId":"13ba9ab4-19f0-4804-adc4-14ece36cc7a1"},{"applicationId":"7c33bfcb-8d33-48d6-8e60-dc6404003489","roleDefinitionId":"ad6261e4-fa9a-4642-aa5f-104f1b67e9e3"},{"applicationId":"1e3e4475-288f-4018-a376-df66fd7fac5f","roleDefinitionId":"1d538b69-3d87-4e56-8ff8-25786fd48261"},{"applicationId":"a0be0c72-870e-46f0-9c49-c98333a996f7","roleDefinitionId":"7ce22727-ffce-45a9-930c-ddb2e56fa131"}],"resourceTypes":[{"resourceType":"virtualNetworks","locations":["West
        US","East US","North Europe","West Europe","East Asia","Southeast Asia","North
        Central US","South Central US","Central US","East US 2","Japan East","Japan
        West","Brazil South","Australia East","Australia Southeast","Central India","South
        India","West India","Canada Central","Canada East","West Central US","West
        US 2","UK West","UK South","Korea Central","Korea South","Central US EUAP","East
        US 2 EUAP"],"apiVersions":["2017-11-01","2017-10-01","2017-09-01","2017-08-01","2017-06-01","2017-04-01","2017-03-01","2016-12-01","2016-11-01","2016-10-01","2016-09-01","2016-08-01","2016-07-01","2016-06-01","2016-03-30","2015-06-15","2015-05-01-preview","2014-12-01-preview"],"apiProfiles":[{"profileVersion":"2017-03-09-profile","apiVersion":"2015-06-15"}],"capabilities":"CrossResourceGroupResourceMove,
        CrossSubscriptionResourceMove"},{"resourceType":"publicIPAddresses","locations":["West
        US","East US","East Asia","Southeast Asia","North Central US","South Central
        US","Japan East","Japan West","Brazil South","Australia East","Australia Southeast","Central
        India","South India","West India","Canada Central","Canada East","West Central
        US","West US 2","UK West","UK South","Korea Central","Korea South","North
        Europe","West Europe","Central US","East US 2","Central US EUAP","East US
        2 EUAP"],"apiVersions":["2017-11-01","2017-10-01","2017-09-01","2017-08-01","2017-06-01","2017-04-01","2017-03-01","2016-12-01","2016-11-01","2016-10-01","2016-09-01","2016-08-01","2016-07-01","2016-06-01","2016-03-30","2015-06-15","2015-05-01-preview","2014-12-01-preview"],"apiProfiles":[{"profileVersion":"2017-03-09-profile","apiVersion":"2015-06-15"}],"zoneMappings":[{"location":"East
        US 2","zones":["1","2","3"]},{"location":"Central US","zones":["1","2","3"]},{"location":"West
        Europe","zones":["1","2","3"]},{"location":"East US 2 EUAP","zones":["1","2","3"]},{"location":"Central
        US EUAP","zones":["1","2"]}],"capabilities":"CrossResourceGroupResourceMove,
        CrossSubscriptionResourceMove"},{"resourceType":"networkInterfaces","locations":["West
        US","East US","North Europe","West Europe","East Asia","Southeast Asia","North
        Central US","South Central US","Central US","East US 2","Japan East","Japan
        West","Brazil South","Australia East","Australia Southeast","Central India","South
        India","West India","Canada Central","Canada East","West Central US","West
        US 2","UK West","UK South","Korea Central","Korea South","Central US EUAP","East
        US 2 EUAP"],"apiVersions":["2017-11-01","2017-10-01","2017-09-01","2017-08-01","2017-06-01","2017-04-01","2017-03-01","2016-12-01","2016-11-01","2016-10-01","2016-09-01","2016-08-01","2016-07-01","2016-06-01","2016-03-30","2015-06-15","2015-05-01-preview","2014-12-01-preview"],"apiProfiles":[{"profileVersion":"2017-03-09-profile","apiVersion":"2015-06-15"}],"capabilities":"CrossResourceGroupResourceMove,
        CrossSubscriptionResourceMove"},{"resourceType":"loadBalancers","locations":["West
        US","East US","North Europe","West Europe","East Asia","Southeast Asia","North
        Central US","South Central US","Central US","East US 2","Japan East","Japan
        West","Brazil South","Australia East","Australia Southeast","Central India","South
        India","West India","Canada Central","Canada East","West Central US","West
        US 2","UK West","UK South","Korea Central","Korea South","Central US EUAP","East
        US 2 EUAP"],"apiVersions":["2017-11-01","2017-10-01","2017-09-01","2017-08-01","2017-06-01","2017-04-01","2017-03-01","2016-12-01","2016-11-01","2016-10-01","2016-09-01","2016-08-01","2016-07-01","2016-06-01","2016-03-30","2015-06-15","2015-05-01-preview","2014-12-01-preview"],"apiProfiles":[{"profileVersion":"2017-03-09-profile","apiVersion":"2015-06-15"}],"capabilities":"CrossResourceGroupResourceMove,
        CrossSubscriptionResourceMove"},{"resourceType":"networkSecurityGroups","locations":["West
        US","East US","North Europe","West Europe","East Asia","Southeast Asia","North
        Central US","South Central US","Central US","East US 2","Japan East","Japan
        West","Brazil South","Australia East","Australia Southeast","Central India","South
        India","West India","Canada Central","Canada East","West Central US","West
        US 2","UK West","UK South","Korea Central","Korea South","Central US EUAP","East
        US 2 EUAP"],"apiVersions":["2017-11-01","2017-10-01","2017-09-01","2017-08-01","2017-06-01","2017-04-01","2017-03-01","2016-12-01","2016-11-01","2016-10-01","2016-09-01","2016-08-01","2016-07-01","2016-06-01","2016-03-30","2015-06-15","2015-05-01-preview","2014-12-01-preview"],"apiProfiles":[{"profileVersion":"2017-03-09-profile","apiVersion":"2015-06-15"}],"capabilities":"CrossResourceGroupResourceMove,
        CrossSubscriptionResourceMove"},{"resourceType":"applicationSecurityGroups","locations":["West
        US","East US","North Europe","West Europe","East Asia","Southeast Asia","North
        Central US","South Central US","Central US","East US 2","Japan East","Japan
        West","Brazil South","Australia East","Australia Southeast","Central India","South
        India","West India","Canada Central","Canada East","West Central US","West
        US 2","UK West","UK South","Korea Central","Korea South","Central US EUAP","East
        US 2 EUAP"],"apiVersions":["2017-11-01","2017-10-01","2017-09-01"],"apiProfiles":[{"profileVersion":"2017-03-09-profile","apiVersion":"2017-09-01"}],"capabilities":"CrossResourceGroupResourceMove,
        CrossSubscriptionResourceMove"},{"resourceType":"routeTables","locations":["West
        US","East US","North Europe","West Europe","East Asia","Southeast Asia","North
        Central US","South Central US","Central US","East US 2","Japan East","Japan
        West","Brazil South","Australia East","Australia Southeast","Central India","South
        India","West India","Canada Central","Canada East","West Central US","West
        US 2","UK West","UK South","Korea Central","Korea South","Central US EUAP","East
        US 2 EUAP"],"apiVersions":["2017-11-01","2017-10-01","2017-09-01","2017-08-01","2017-06-01","2017-04-01","2017-03-01","2016-12-01","2016-11-01","2016-10-01","2016-09-01","2016-08-01","2016-07-01","2016-06-01","2016-03-30","2015-06-15","2015-05-01-preview","2014-12-01-preview"],"apiProfiles":[{"profileVersion":"2017-03-09-profile","apiVersion":"2015-06-15"}],"capabilities":"CrossResourceGroupResourceMove,
        CrossSubscriptionResourceMove"},{"resourceType":"networkWatchers","locations":["West
        US","East US","North Europe","West Europe","East Asia","Southeast Asia","North
        Central US","South Central US","Central US","East US 2","Japan East","Japan
        West","Brazil South","Australia East","Australia Southeast","Central India","South
        India","West India","Canada Central","Canada East","West Central US","West
        US 2","UK West","UK South","Korea Central","Korea South","Central US EUAP","East
        US 2 EUAP"],"apiVersions":["2017-11-01","2017-10-01","2017-09-01","2017-08-01","2017-06-01","2017-04-01","2017-03-01","2016-12-01","2016-11-01","2016-10-01","2016-09-01","2016-08-01","2016-07-01","2016-06-01","2016-03-30"],"capabilities":"CrossResourceGroupResourceMove,
        CrossSubscriptionResourceMove"},{"resourceType":"networkWatchers/connectionMonitors","locations":["West
        US","East US","North Europe","West Europe","East Asia","Southeast Asia","North
        Central US","South Central US","Central US","East US 2","Japan East","Japan
        West","Brazil South","Australia East","Australia Southeast","Central India","South
        India","West India","Canada Central","Canada East","West Central US","West
        US 2","UK West","UK South","Korea Central","Korea South","Central US EUAP","East
        US 2 EUAP"],"apiVersions":["2017-11-01","2017-10-01","2017-09-01"]},{"resourceType":"virtualNetworkGateways","locations":["West
        US","East US","North Europe","West Europe","East Asia","Southeast Asia","North
        Central US","South Central US","Central US","East US 2","Japan East","Japan
        West","Brazil South","Australia East","Australia Southeast","Central India","South
        India","West India","Canada Central","Canada East","West Central US","West
        US 2","UK West","UK South","Korea Central","Korea South","Central US EUAP","East
        US 2 EUAP"],"apiVersions":["2017-11-01","2017-10-01","2017-09-01","2017-08-01","2017-06-01","2017-04-01","2017-03-01","2016-12-01","2016-11-01","2016-10-01","2016-09-01","2016-08-01","2016-07-01","2016-06-01","2016-03-30","2015-06-15","2015-05-01-preview","2014-12-01-preview"],"apiProfiles":[{"profileVersion":"2017-03-09-profile","apiVersion":"2015-06-15"}],"capabilities":"CrossResourceGroupResourceMove,
        CrossSubscriptionResourceMove"},{"resourceType":"localNetworkGateways","locations":["West
        US","East US","North Europe","West Europe","East Asia","Southeast Asia","North
        Central US","South Central US","Central US","East US 2","Japan East","Japan
        West","Brazil South","Australia East","Australia Southeast","Central India","South
        India","West India","Canada Central","Canada East","West Central US","West
        US 2","UK West","UK South","Korea Central","Korea South","Central US EUAP","East
        US 2 EUAP"],"apiVersions":["2017-11-01","2017-10-01","2017-09-01","2017-08-01","2017-06-01","2017-04-01","2017-03-01","2016-12-01","2016-11-01","2016-10-01","2016-09-01","2016-08-01","2016-07-01","2016-06-01","2016-03-30","2015-06-15","2015-05-01-preview","2014-12-01-preview"],"apiProfiles":[{"profileVersion":"2017-03-09-profile","apiVersion":"2015-06-15"}],"capabilities":"CrossResourceGroupResourceMove,
        CrossSubscriptionResourceMove"},{"resourceType":"connections","locations":["West
        US","East US","North Europe","West Europe","East Asia","Southeast Asia","North
        Central US","South Central US","Central US","East US 2","Japan East","Japan
        West","Brazil South","Australia East","Australia Southeast","Central India","South
        India","West India","Canada Central","Canada East","West Central US","West
        US 2","UK West","UK South","Korea Central","Korea South","Central US EUAP","East
        US 2 EUAP"],"apiVersions":["2017-11-01","2017-10-01","2017-09-01","2017-08-01","2017-06-01","2017-04-01","2017-03-01","2016-12-01","2016-11-01","2016-10-01","2016-09-01","2016-08-01","2016-07-01","2016-06-01","2016-03-30","2015-06-15","2015-05-01-preview","2014-12-01-preview"],"apiProfiles":[{"profileVersion":"2017-03-09-profile","apiVersion":"2015-06-15"}],"capabilities":"CrossResourceGroupResourceMove,
        CrossSubscriptionResourceMove"},{"resourceType":"applicationGateways","locations":["West
        US","East US","North Europe","West Europe","East Asia","Southeast Asia","North
        Central US","South Central US","Central US","East US 2","Japan East","Japan
        West","Brazil South","Australia East","Australia Southeast","Central India","South
        India","West India","Canada Central","Canada East","West Central US","West
        US 2","UK West","UK South","Korea Central","Korea South","Central US EUAP","East
        US 2 EUAP"],"apiVersions":["2017-11-01","2017-10-01","2017-09-01","2017-08-01","2017-06-01","2017-04-01","2017-03-01","2016-12-01","2016-11-01","2016-10-01","2016-09-01","2016-08-01","2016-07-01","2016-06-01","2016-03-30","2015-06-15","2015-05-01-preview","2014-12-01-preview"],"capabilities":"SystemAssignedResourceIdentity"},{"resourceType":"locations","locations":[],"apiVersions":["2017-11-01","2017-10-01","2017-09-01","2017-08-01","2017-06-01","2017-04-01","2017-03-01","2016-12-01","2016-11-01","2016-10-01","2016-09-01","2016-08-01","2016-07-01","2016-06-01","2016-03-30","2015-06-15","2015-05-01-preview","2014-12-01-preview"],"apiProfiles":[{"profileVersion":"2017-03-09-profile","apiVersion":"2015-06-15"}]},{"resourceType":"locations/operations","locations":[],"apiVersions":["2017-11-01","2017-10-01","2017-09-01","2017-08-01","2017-06-01","2017-04-01","2017-03-01","2016-12-01","2016-11-01","2016-10-01","2016-09-01","2016-08-01","2016-07-01","2016-06-01","2016-03-30","2015-06-15","2015-05-01-preview","2014-12-01-preview"],"apiProfiles":[{"profileVersion":"2017-03-09-profile","apiVersion":"2015-06-15"}]},{"resourceType":"locations/operationResults","locations":[],"apiVersions":["2017-11-01","2017-10-01","2017-09-01","2017-08-01","2017-06-01","2017-04-01","2017-03-01","2016-12-01","2016-11-01","2016-10-01","2016-09-01","2016-08-01","2016-07-01","2016-06-01","2016-03-30","2015-06-15","2015-05-01-preview","2014-12-01-preview"],"apiProfiles":[{"profileVersion":"2017-03-09-profile","apiVersion":"2015-06-15"}]},{"resourceType":"locations/CheckDnsNameAvailability","locations":["West
        US","East US","North Europe","West Europe","East Asia","Southeast Asia","North
        Central US","South Central US","Central US","East US 2","Japan East","Japan
        West","Brazil South","Australia East","Australia Southeast","Central India","South
        India","West India","Canada Central","Canada East","West Central US","West
        US 2","UK West","UK South","Korea Central","Korea South","Central US EUAP","East
        US 2 EUAP"],"apiVersions":["2017-11-01","2017-10-01","2017-09-01","2017-08-01","2017-06-01","2017-04-01","2017-03-01","2016-12-01","2016-11-01","2016-10-01","2016-09-01","2016-08-01","2016-07-01","2016-06-01","2016-03-30","2015-06-15","2015-05-01-preview","2014-12-01-preview"]},{"resourceType":"locations/usages","locations":["West
        US","East US","North Europe","West Europe","East Asia","Southeast Asia","North
        Central US","South Central US","Central US","East US 2","Japan East","Japan
        West","Brazil South","Australia East","Australia Southeast","Central India","South
        India","West India","Canada Central","Canada East","West Central US","West
        US 2","UK West","UK South","Korea Central","Korea South","Central US EUAP","East
        US 2 EUAP"],"apiVersions":["2017-11-01","2017-10-01","2017-09-01","2017-08-01","2017-06-01","2017-04-01","2017-03-01","2016-12-01","2016-11-01","2016-10-01","2016-09-01","2016-08-01","2016-07-01","2016-06-01","2016-03-30","2015-06-15","2015-05-01-preview","2014-12-01-preview"],"apiProfiles":[{"profileVersion":"2017-03-09-profile","apiVersion":"2015-06-15"}]},{"resourceType":"locations/virtualNetworkAvailableEndpointServices","locations":["West
        US","East US","North Europe","West Europe","East Asia","Southeast Asia","North
        Central US","South Central US","Central US","East US 2","Japan East","Japan
        West","Brazil South","Australia East","Australia Southeast","Central India","South
        India","West India","Canada Central","Canada East","West Central US","West
        US 2","UK West","UK South","Korea Central","Korea South","Central US EUAP","East
        US 2 EUAP"],"apiVersions":["2017-11-01","2017-10-01","2017-09-01","2017-08-01","2017-06-01","2017-04-01"]},{"resourceType":"operations","locations":[],"apiVersions":["2017-11-01","2017-10-01","2017-09-01","2017-08-01","2017-06-01","2017-04-01","2017-03-01","2016-12-01","2016-11-01","2016-10-01","2016-09-01","2016-08-01","2016-07-01","2016-06-01","2016-03-30","2015-06-15","2015-05-01-preview","2014-12-01-preview"]},{"resourceType":"dnszones","locations":["global"],"apiVersions":["2017-09-01","2016-04-01","2015-05-04-preview"],"apiProfiles":[{"profileVersion":"2017-03-09-profile","apiVersion":"2016-04-01"}],"capabilities":"CrossResourceGroupResourceMove,
        CrossSubscriptionResourceMove"},{"resourceType":"dnsOperationResults","locations":["global"],"apiVersions":["2017-09-01","2016-04-01"]},{"resourceType":"dnsOperationStatuses","locations":["global"],"apiVersions":["2017-09-01","2016-04-01"]},{"resourceType":"dnszones/A","locations":["global"],"apiVersions":["2017-09-01","2016-04-01","2015-05-04-preview"]},{"resourceType":"dnszones/AAAA","locations":["global"],"apiVersions":["2017-09-01","2016-04-01","2015-05-04-preview"]},{"resourceType":"dnszones/CNAME","locations":["global"],"apiVersions":["2017-09-01","2016-04-01","2015-05-04-preview"]},{"resourceType":"dnszones/PTR","locations":["global"],"apiVersions":["2017-09-01","2016-04-01","2015-05-04-preview"]},{"resourceType":"dnszones/MX","locations":["global"],"apiVersions":["2017-09-01","2016-04-01","2015-05-04-preview"]},{"resourceType":"dnszones/TXT","locations":["global"],"apiVersions":["2017-09-01","2016-04-01","2015-05-04-preview"]},{"resourceType":"dnszones/SRV","locations":["global"],"apiVersions":["2017-09-01","2016-04-01","2015-05-04-preview"]},{"resourceType":"dnszones/SOA","locations":["global"],"apiVersions":["2017-09-01","2016-04-01","2015-05-04-preview"]},{"resourceType":"dnszones/NS","locations":["global"],"apiVersions":["2017-09-01","2016-04-01","2015-05-04-preview"]},{"resourceType":"dnszones/CAA","locations":["global"],"apiVersions":["2017-09-01"]},{"resourceType":"dnszones/recordsets","locations":["global"],"apiVersions":["2017-09-01","2016-04-01","2015-05-04-preview"]},{"resourceType":"dnszones/all","locations":["global"],"apiVersions":["2017-09-01","2016-04-01","2015-05-04-preview"]},{"resourceType":"trafficmanagerprofiles","locations":["global"],"apiVersions":["2017-05-01","2017-03-01","2015-11-01","2015-04-28-preview"],"capabilities":"CrossResourceGroupResourceMove,
        CrossSubscriptionResourceMove"},{"resourceType":"checkTrafficManagerNameAvailability","locations":["global"],"apiVersions":["2017-05-01","2017-03-01","2015-11-01","2015-04-28-preview"]},{"resourceType":"trafficManagerUserMetricsKeys","locations":["global"],"apiVersions":["2017-09-01-preview"]},{"resourceType":"trafficManagerGeographicHierarchies","locations":["global"],"apiVersions":["2017-05-01","2017-03-01"]},{"resourceType":"expressRouteCircuits","locations":["West
        US","East US","North Europe","West Europe","East Asia","Southeast Asia","North
        Central US","South Central US","Central US","East US 2","Japan East","Japan
        West","Brazil South","Australia East","Australia Southeast","Central India","South
        India","West India","Canada Central","Canada East","West Central US","West
        US 2","UK West","UK South","Korea Central","Korea South","Central US EUAP","East
        US 2 EUAP"],"apiVersions":["2017-11-01","2017-10-01","2017-09-01","2017-08-01","2017-06-01","2017-04-01","2017-03-01","2016-12-01","2016-11-01","2016-10-01","2016-09-01","2016-08-01","2016-07-01","2016-06-01","2016-03-30","2015-06-15","2015-05-01-preview","2014-12-01-preview"],"capabilities":"None"},{"resourceType":"expressRouteServiceProviders","locations":[],"apiVersions":["2017-11-01","2017-10-01","2017-09-01","2017-08-01","2017-06-01","2017-04-01","2017-03-01","2016-12-01","2016-11-01","2016-10-01","2016-09-01","2016-08-01","2016-07-01","2016-06-01","2016-03-30","2015-06-15","2015-05-01-preview","2014-12-01-preview"]},{"resourceType":"applicationGatewayAvailableWafRuleSets","locations":[],"apiVersions":["2017-11-01","2017-10-01","2017-09-01","2017-08-01","2017-06-01","2017-04-01","2017-03-01"]},{"resourceType":"applicationGatewayAvailableSslOptions","locations":[],"apiVersions":["2017-11-01","2017-10-01","2017-09-01","2017-08-01","2017-06-01"]},{"resourceType":"routeFilters","locations":["West
        US","East US","North Europe","West Europe","East Asia","Southeast Asia","North
        Central US","South Central US","Central US","East US 2","Japan East","Japan
        West","Brazil South","Australia East","Australia Southeast","Central India","South
        India","West India","Canada Central","Canada East","West Central US","West
        US 2","UK West","UK South","Korea Central","Korea South","Central US EUAP","East
        US 2 EUAP"],"apiVersions":["2017-11-01","2017-10-01","2017-09-01","2017-08-01","2017-06-01","2017-04-01","2017-03-01","2016-12-01"],"capabilities":"None"},{"resourceType":"bgpServiceCommunities","locations":[],"apiVersions":["2017-11-01","2017-10-01","2017-09-01","2017-08-01","2017-06-01","2017-04-01","2017-03-01","2016-12-01"]}],"registrationState":"Registered"}'}
    headers:
      Cache-Control: [no-cache]
      Content-Type: [application/json; charset=utf-8]
      Date: ['Wed, 13 Dec 2017 12:37:03 GMT']
      Expires: ['-1']
      Pragma: [no-cache]
      Strict-Transport-Security: [max-age=31536000; includeSubDomains]
      Vary: [Accept-Encoding]
      content-length: ['19977']
    status: {code: 200, message: OK}
- request:
    body: null
    headers:
      Accept: [application/json]
      Accept-Encoding: ['gzip, deflate']
      Connection: [keep-alive]
      Content-Type: [application/json; charset=utf-8]
      User-Agent: [python/3.5.3 (Windows-10-10.0.15063-SP0) requests/2.18.4 msrest/0.4.19
          msrest_azure/0.4.18 resourcemanagementclient/1.2.1 Azure-SDK-For-Python
          AZURECLI/TEST/2.0.23]
      accept-language: [en-US]
      x-ms-client-request-id: [5305ec26-e002-11e7-8b0c-f4b7e2e85440]
    method: GET
    uri: https://management.azure.com/subscriptions/00000000-0000-0000-0000-000000000000/resourcegroups/cli_test_vmss_create_existing_ids_options/providers/Microsoft.Network/virtualNetworks/vrfvnet?api-version=2017-11-01
  response:
    body: {string: "{\r\n  \"name\": \"vrfvnet\",\r\n  \"id\": \"/subscriptions/00000000-0000-0000-0000-000000000000/resourceGroups/cli_test_vmss_create_existing_ids_options/providers/Microsoft.Network/virtualNetworks/vrfvnet\"\
        ,\r\n  \"etag\": \"W/\\\"cf6e8726-4bea-4b9a-a6d9-f82cc646a1dc\\\"\",\r\n \
        \ \"type\": \"Microsoft.Network/virtualNetworks\",\r\n  \"location\": \"westus\"\
        ,\r\n  \"tags\": {},\r\n  \"properties\": {\r\n    \"provisioningState\":\
        \ \"Succeeded\",\r\n    \"resourceGuid\": \"eacd199c-3172-4233-8343-56e5a8f2bc6f\"\
        ,\r\n    \"addressSpace\": {\r\n      \"addressPrefixes\": [\r\n        \"\
        10.0.0.0/16\"\r\n      ]\r\n    },\r\n    \"dhcpOptions\": {\r\n      \"dnsServers\"\
        : []\r\n    },\r\n    \"subnets\": [\r\n      {\r\n        \"name\": \"vrfsubnet\"\
        ,\r\n        \"id\": \"/subscriptions/00000000-0000-0000-0000-000000000000/resourceGroups/cli_test_vmss_create_existing_ids_options/providers/Microsoft.Network/virtualNetworks/vrfvnet/subnets/vrfsubnet\"\
        ,\r\n        \"etag\": \"W/\\\"cf6e8726-4bea-4b9a-a6d9-f82cc646a1dc\\\"\"\
        ,\r\n        \"properties\": {\r\n          \"provisioningState\": \"Succeeded\"\
        ,\r\n          \"addressPrefix\": \"10.0.0.0/24\"\r\n        }\r\n      }\r\
        \n    ],\r\n    \"virtualNetworkPeerings\": [],\r\n    \"enableDdosProtection\"\
        : false,\r\n    \"enableVmProtection\": false\r\n  }\r\n}"}
    headers:
      Cache-Control: [no-cache]
      Content-Type: [application/json; charset=utf-8]
      Date: ['Wed, 13 Dec 2017 12:37:03 GMT']
      ETag: [W/"cf6e8726-4bea-4b9a-a6d9-f82cc646a1dc"]
      Expires: ['-1']
      Pragma: [no-cache]
      Server: [Microsoft-HTTPAPI/2.0, Microsoft-HTTPAPI/2.0]
      Strict-Transport-Security: [max-age=31536000; includeSubDomains]
      Transfer-Encoding: [chunked]
      Vary: [Accept-Encoding]
      content-length: ['1186']
    status: {code: 200, message: OK}
- request:
    body: null
    headers:
      Accept: [application/json]
      Accept-Encoding: ['gzip, deflate']
      Connection: [keep-alive]
      Content-Type: [application/json; charset=utf-8]
      User-Agent: [python/3.5.3 (Windows-10-10.0.15063-SP0) requests/2.18.4 msrest/0.4.19
          msrest_azure/0.4.18 networkmanagementclient/1.6.0 Azure-SDK-For-Python AZURECLI/TEST/2.0.23]
      accept-language: [en-US]
      x-ms-client-request-id: [5337fd4c-e002-11e7-b1ba-f4b7e2e85440]
    method: GET
    uri: https://management.azure.com/subscriptions/00000000-0000-0000-0000-000000000000/resourceGroups/cli_test_vmss_create_existing_ids_options/providers/Microsoft.Network/loadBalancers/vrflb?api-version=2017-10-01
  response:
    body: {string: "{\r\n  \"name\": \"vrflb\",\r\n  \"id\": \"/subscriptions/00000000-0000-0000-0000-000000000000/resourceGroups/cli_test_vmss_create_existing_ids_options/providers/Microsoft.Network/loadBalancers/vrflb\"\
        ,\r\n  \"etag\": \"W/\\\"6579d685-1668-47f0-a6f9-fdd5348c4252\\\"\",\r\n \
        \ \"type\": \"Microsoft.Network/loadBalancers\",\r\n  \"location\": \"westus\"\
        ,\r\n  \"tags\": {},\r\n  \"properties\": {\r\n    \"provisioningState\":\
        \ \"Succeeded\",\r\n    \"resourceGuid\": \"c8b5e1ac-78f2-4eff-98a1-91ef78ad991b\"\
        ,\r\n    \"frontendIPConfigurations\": [\r\n      {\r\n        \"name\": \"\
        LoadBalancerFrontEnd\",\r\n        \"id\": \"/subscriptions/00000000-0000-0000-0000-000000000000/resourceGroups/cli_test_vmss_create_existing_ids_options/providers/Microsoft.Network/loadBalancers/vrflb/frontendIPConfigurations/LoadBalancerFrontEnd\"\
        ,\r\n        \"etag\": \"W/\\\"6579d685-1668-47f0-a6f9-fdd5348c4252\\\"\"\
        ,\r\n        \"properties\": {\r\n          \"provisioningState\": \"Succeeded\"\
        ,\r\n          \"privateIPAllocationMethod\": \"Dynamic\",\r\n          \"\
        publicIPAddress\": {\r\n            \"id\": \"/subscriptions/00000000-0000-0000-0000-000000000000/resourceGroups/cli_test_vmss_create_existing_ids_options/providers/Microsoft.Network/publicIPAddresses/PublicIPvrflb\"\
        \r\n          }\r\n        }\r\n      }\r\n    ],\r\n    \"backendAddressPools\"\
        : [\r\n      {\r\n        \"name\": \"mybepool\",\r\n        \"id\": \"/subscriptions/00000000-0000-0000-0000-000000000000/resourceGroups/cli_test_vmss_create_existing_ids_options/providers/Microsoft.Network/loadBalancers/vrflb/backendAddressPools/mybepool\"\
        ,\r\n        \"etag\": \"W/\\\"6579d685-1668-47f0-a6f9-fdd5348c4252\\\"\"\
        ,\r\n        \"properties\": {\r\n          \"provisioningState\": \"Succeeded\"\
        \r\n        }\r\n      }\r\n    ],\r\n    \"loadBalancingRules\": [],\r\n\
        \    \"probes\": [],\r\n    \"inboundNatRules\": [],\r\n    \"outboundNatRules\"\
        : [],\r\n    \"inboundNatPools\": []\r\n  },\r\n  \"sku\": {\r\n    \"name\"\
        : \"Basic\"\r\n  }\r\n}"}
    headers:
      Cache-Control: [no-cache]
      Content-Type: [application/json; charset=utf-8]
      Date: ['Wed, 13 Dec 2017 12:37:04 GMT']
      ETag: [W/"6579d685-1668-47f0-a6f9-fdd5348c4252"]
      Expires: ['-1']
      Pragma: [no-cache]
      Server: [Microsoft-HTTPAPI/2.0, Microsoft-HTTPAPI/2.0]
      Strict-Transport-Security: [max-age=31536000; includeSubDomains]
      Transfer-Encoding: [chunked]
      Vary: [Accept-Encoding]
      content-length: ['1842']
    status: {code: 200, message: OK}
- request:
    body: '{"properties": {"mode": "Incremental", "template": {"$schema": "https://schema.management.azure.com/schemas/2015-01-01/deploymentTemplate.json#",
      "contentVersion": "1.0.0.0", "resources": [{"type": "Microsoft.Storage/storageAccounts",
      "tags": {}, "apiVersion": "2015-06-15", "copy": {"count": 5, "name": "storageLoop"},
      "location": "westus", "properties": {"accountType": "Standard_LRS"}, "name":
      "[variables(''storageAccountNames'')[copyIndex()]]"}, {"sku": {"capacity": 2,
      "name": "Standard_A3"}, "type": "Microsoft.Compute/virtualMachineScaleSets",
      "tags": {}, "apiVersion": "2017-12-01", "dependsOn": ["storageLoop"], "properties":
      {"singlePlacementGroup": true, "virtualMachineProfile": {"storageProfile": {"osDisk":
      {"name": "vrfosdisk", "createOption": "FromImage", "caching": "ReadWrite", "vhdContainers":
      "[variables(''vhdContainers'')]"}, "imageReference": {"publisher": "OpenLogic",
      "offer": "CentOS", "version": "latest", "sku": "7.3"}}, "osProfile": {"adminUsername":
      "ubuntu", "computerNamePrefix": "vrfvm9ac0", "linuxConfiguration": {"disablePasswordAuthentication":
      true, "ssh": {"publicKeys": [{"keyData": "ssh-rsa AAAAB3NzaC1yc2EAAAADAQABAAACAQCbIg1guRHbI0lV11wWDt1r2cUdcNd27CJsg+SfgC7miZeubtwUhbsPdhMQsfDyhOWHq1+ZL0M+nJZV63d/1dhmhtgyOqejUwrPlzKhydsbrsdUor+JmNJDdW01v7BXHyuymT8G4s09jCasNOwiufbP/qp72ruu0bIA1nySsvlf9pCQAuFkAnVnf/rFhUlOkhtRpwcq8SUNY2zRHR/EKb/4NWY1JzR4sa3q2fWIJdrrX0DvLoa5g9bIEd4Df79ba7v+yiUBOS0zT2ll+z4g9izHK3EO5d8hL4jYxcjKs+wcslSYRWrascfscLgMlMGh0CdKeNTDjHpGPncaf3Z+FwwwjWeuiNBxv7bJo13/8B/098KlVDl4GZqsoBCEjPyJfV6hO0y/LkRGkk7oHWKgeWAfKtfLItRp00eZ4fcJNK9kCaSMmEugoZWcI7NGbZXzqFWqbpRI7NcDP9+WIQ+i9U5vqWsqd/zng4kbuAJ6UuKqIzB0upYrLShfQE3SAck8oaLhJqqq56VfDuASNpJKidV+zq27HfSBmbXnkR/5AK337dc3MXKJypoK/QPMLKUAP5XLPbs+NddJQV7EZXd29DLgp+fRIg3edpKdO7ZErWhv7d+3Kws+e1Y+ypmR2WIVSwVyBEUfgv2C8Ts9gnTF4pNcEY/S2aBicz5Ew2+jdyGNQQ==
      test@example.com\n", "path": "/home/ubuntu/.ssh/authorized_keys"}]}}}, "networkProfile":
      {"networkInterfaceConfigurations": [{"properties": {"ipConfigurations": [{"properties":
      {"subnet": {"id": "/subscriptions/0b1f6471-1bf0-4dda-aec3-cb9272f09590/resourceGroups/cli_test_vmss_create_existing_ids_options/providers/Microsoft.Network/virtualNetworks/vrfvnet/subnets/vrfsubnet"},
      "loadBalancerBackendAddressPools": [{"id": "/subscriptions/0b1f6471-1bf0-4dda-aec3-cb9272f09590/resourceGroups/cli_test_vmss_create_existing_ids_options/providers/Microsoft.Network/loadBalancers/vrflb/backendAddressPools/mybepool"}]},
      "name": "vrfvm9ac0IPConfig"}], "primary": "true"}, "name": "vrfvm9ac0Nic"}]}},
      "upgradePolicy": {"mode": "Manual"}, "overprovision": true}, "location": "westus",
      "name": "vrfvmss"}], "parameters": {}, "outputs": {"VMSS": {"type": "object",
      "value": "[reference(resourceId(''Microsoft.Compute/virtualMachineScaleSets'',
      ''vrfvmss''),providers(''Microsoft.Compute'', ''virtualMachineScaleSets'').apiVersions[0])]"}},
      "variables": {"storageAccountNames": ["vrfvm9ac00", "vrfvm9ac01", "vrfvm9ac02",
      "vrfvm9ac03", "vrfvm9ac04"], "vhdContainers": ["[concat(''https://'', variables(''storageAccountNames'')[0],
      ''.blob.core.windows.net/vrfcontainer'')]", "[concat(''https://'', variables(''storageAccountNames'')[1],
      ''.blob.core.windows.net/vrfcontainer'')]", "[concat(''https://'', variables(''storageAccountNames'')[2],
      ''.blob.core.windows.net/vrfcontainer'')]", "[concat(''https://'', variables(''storageAccountNames'')[3],
      ''.blob.core.windows.net/vrfcontainer'')]", "[concat(''https://'', variables(''storageAccountNames'')[4],
      ''.blob.core.windows.net/vrfcontainer'')]"]}}, "parameters": {}}}'
    headers:
      Accept: [application/json]
      Accept-Encoding: ['gzip, deflate']
      Connection: [keep-alive]
      Content-Length: ['3525']
      Content-Type: [application/json; charset=utf-8]
      User-Agent: [python/3.5.3 (Windows-10-10.0.15063-SP0) requests/2.18.4 msrest/0.4.19
          msrest_azure/0.4.18 resourcemanagementclient/1.2.1 Azure-SDK-For-Python
          AZURECLI/TEST/2.0.23]
      accept-language: [en-US]
      x-ms-client-request-id: [5367ac46-e002-11e7-b74d-f4b7e2e85440]
    method: PUT
    uri: https://management.azure.com/subscriptions/00000000-0000-0000-0000-000000000000/resourcegroups/cli_test_vmss_create_existing_ids_options/providers/Microsoft.Resources/deployments/mock-deployment?api-version=2017-05-10
  response:
    body: {string: '{"id":"/subscriptions/00000000-0000-0000-0000-000000000000/resourceGroups/cli_test_vmss_create_existing_ids_options/providers/Microsoft.Resources/deployments/vmss_deploy_QIntaV3jX0OXz82yHUTXqkwxNZOBiu6x","name":"vmss_deploy_QIntaV3jX0OXz82yHUTXqkwxNZOBiu6x","properties":{"templateHash":"620990734603714294","parameters":{},"mode":"Incremental","provisioningState":"Accepted","timestamp":"2017-12-13T12:37:06.1998005Z","duration":"PT0.4393922S","correlationId":"d2434027-539f-4500-807e-289f087c69e1","providers":[{"namespace":"Microsoft.Compute","resourceTypes":[{"resourceType":"virtualMachineScaleSets","locations":["westus"]}]},{"namespace":"Microsoft.Storage","resourceTypes":[{"resourceType":"storageAccounts","locations":["westus"]}]}],"dependencies":[{"dependsOn":[{"id":"/subscriptions/00000000-0000-0000-0000-000000000000/resourceGroups/cli_test_vmss_create_existing_ids_options/providers/Microsoft.Storage/storageAccounts/vrfvm9ac00","resourceType":"Microsoft.Storage/storageAccounts","resourceName":"vrfvm9ac00"},{"id":"/subscriptions/00000000-0000-0000-0000-000000000000/resourceGroups/cli_test_vmss_create_existing_ids_options/providers/Microsoft.Storage/storageAccounts/vrfvm9ac01","resourceType":"Microsoft.Storage/storageAccounts","resourceName":"vrfvm9ac01"},{"id":"/subscriptions/00000000-0000-0000-0000-000000000000/resourceGroups/cli_test_vmss_create_existing_ids_options/providers/Microsoft.Storage/storageAccounts/vrfvm9ac02","resourceType":"Microsoft.Storage/storageAccounts","resourceName":"vrfvm9ac02"},{"id":"/subscriptions/00000000-0000-0000-0000-000000000000/resourceGroups/cli_test_vmss_create_existing_ids_options/providers/Microsoft.Storage/storageAccounts/vrfvm9ac03","resourceType":"Microsoft.Storage/storageAccounts","resourceName":"vrfvm9ac03"},{"id":"/subscriptions/00000000-0000-0000-0000-000000000000/resourceGroups/cli_test_vmss_create_existing_ids_options/providers/Microsoft.Storage/storageAccounts/vrfvm9ac04","resourceType":"Microsoft.Storage/storageAccounts","resourceName":"vrfvm9ac04"}],"id":"/subscriptions/00000000-0000-0000-0000-000000000000/resourceGroups/cli_test_vmss_create_existing_ids_options/providers/Microsoft.Compute/virtualMachineScaleSets/vrfvmss","resourceType":"Microsoft.Compute/virtualMachineScaleSets","resourceName":"vrfvmss"}]}}'}
    headers:
      Azure-AsyncOperation: ['https://management.azure.com/subscriptions/0b1f6471-1bf0-4dda-aec3-cb9272f09590/resourcegroups/cli_test_vmss_create_existing_ids_options/providers/Microsoft.Resources/deployments/vmss_deploy_QIntaV3jX0OXz82yHUTXqkwxNZOBiu6x/operationStatuses/08586884382597172251?api-version=2017-05-10']
      Cache-Control: [no-cache]
      Content-Length: ['2338']
      Content-Type: [application/json; charset=utf-8]
      Date: ['Wed, 13 Dec 2017 12:37:06 GMT']
      Expires: ['-1']
      Pragma: [no-cache]
      Strict-Transport-Security: [max-age=31536000; includeSubDomains]
      x-ms-ratelimit-remaining-subscription-writes: ['1199']
    status: {code: 201, message: Created}
- request:
    body: null
    headers:
      Accept: [application/json]
      Accept-Encoding: ['gzip, deflate']
      Connection: [keep-alive]
      Content-Type: [application/json; charset=utf-8]
      User-Agent: [python/3.5.3 (Windows-10-10.0.15063-SP0) requests/2.18.4 msrest/0.4.19
          msrest_azure/0.4.18 resourcemanagementclient/1.2.1 Azure-SDK-For-Python
          AZURECLI/TEST/2.0.23]
      accept-language: [en-US]
      x-ms-client-request-id: [5367ac46-e002-11e7-b74d-f4b7e2e85440]
    method: GET
    uri: https://management.azure.com/subscriptions/00000000-0000-0000-0000-000000000000/resourcegroups/cli_test_vmss_create_existing_ids_options/providers/Microsoft.Resources/deployments/mock-deployment/operationStatuses/08586884382597172251?api-version=2017-05-10
  response:
    body: {string: '{"status":"Running"}'}
    headers:
      Cache-Control: [no-cache]
      Content-Type: [application/json; charset=utf-8]
      Date: ['Wed, 13 Dec 2017 12:37:36 GMT']
      Expires: ['-1']
      Pragma: [no-cache]
      Strict-Transport-Security: [max-age=31536000; includeSubDomains]
      Vary: [Accept-Encoding]
      content-length: ['20']
    status: {code: 200, message: OK}
- request:
    body: null
    headers:
      Accept: [application/json]
      Accept-Encoding: ['gzip, deflate']
      Connection: [keep-alive]
      Content-Type: [application/json; charset=utf-8]
      User-Agent: [python/3.5.3 (Windows-10-10.0.15063-SP0) requests/2.18.4 msrest/0.4.19
          msrest_azure/0.4.18 resourcemanagementclient/1.2.1 Azure-SDK-For-Python
          AZURECLI/TEST/2.0.23]
      accept-language: [en-US]
      x-ms-client-request-id: [5367ac46-e002-11e7-b74d-f4b7e2e85440]
    method: GET
    uri: https://management.azure.com/subscriptions/00000000-0000-0000-0000-000000000000/resourcegroups/cli_test_vmss_create_existing_ids_options/providers/Microsoft.Resources/deployments/mock-deployment/operationStatuses/08586884382597172251?api-version=2017-05-10
  response:
    body: {string: '{"status":"Running"}'}
    headers:
      Cache-Control: [no-cache]
      Content-Type: [application/json; charset=utf-8]
      Date: ['Wed, 13 Dec 2017 12:38:06 GMT']
      Expires: ['-1']
      Pragma: [no-cache]
      Strict-Transport-Security: [max-age=31536000; includeSubDomains]
      Vary: [Accept-Encoding]
      content-length: ['20']
    status: {code: 200, message: OK}
- request:
    body: null
    headers:
      Accept: [application/json]
      Accept-Encoding: ['gzip, deflate']
      Connection: [keep-alive]
      Content-Type: [application/json; charset=utf-8]
      User-Agent: [python/3.5.3 (Windows-10-10.0.15063-SP0) requests/2.18.4 msrest/0.4.19
          msrest_azure/0.4.18 resourcemanagementclient/1.2.1 Azure-SDK-For-Python
          AZURECLI/TEST/2.0.23]
      accept-language: [en-US]
      x-ms-client-request-id: [5367ac46-e002-11e7-b74d-f4b7e2e85440]
    method: GET
    uri: https://management.azure.com/subscriptions/00000000-0000-0000-0000-000000000000/resourcegroups/cli_test_vmss_create_existing_ids_options/providers/Microsoft.Resources/deployments/mock-deployment/operationStatuses/08586884382597172251?api-version=2017-05-10
  response:
    body: {string: '{"status":"Running"}'}
    headers:
      Cache-Control: [no-cache]
      Content-Type: [application/json; charset=utf-8]
      Date: ['Wed, 13 Dec 2017 12:38:37 GMT']
      Expires: ['-1']
      Pragma: [no-cache]
      Strict-Transport-Security: [max-age=31536000; includeSubDomains]
      Vary: [Accept-Encoding]
      content-length: ['20']
    status: {code: 200, message: OK}
- request:
    body: null
    headers:
      Accept: [application/json]
      Accept-Encoding: ['gzip, deflate']
      Connection: [keep-alive]
      Content-Type: [application/json; charset=utf-8]
      User-Agent: [python/3.5.3 (Windows-10-10.0.15063-SP0) requests/2.18.4 msrest/0.4.19
          msrest_azure/0.4.18 resourcemanagementclient/1.2.1 Azure-SDK-For-Python
          AZURECLI/TEST/2.0.23]
      accept-language: [en-US]
      x-ms-client-request-id: [5367ac46-e002-11e7-b74d-f4b7e2e85440]
    method: GET
    uri: https://management.azure.com/subscriptions/00000000-0000-0000-0000-000000000000/resourcegroups/cli_test_vmss_create_existing_ids_options/providers/Microsoft.Resources/deployments/mock-deployment/operationStatuses/08586884382597172251?api-version=2017-05-10
  response:
    body: {string: '{"status":"Running"}'}
    headers:
      Cache-Control: [no-cache]
      Content-Type: [application/json; charset=utf-8]
      Date: ['Wed, 13 Dec 2017 12:39:07 GMT']
      Expires: ['-1']
      Pragma: [no-cache]
      Strict-Transport-Security: [max-age=31536000; includeSubDomains]
      Vary: [Accept-Encoding]
      content-length: ['20']
    status: {code: 200, message: OK}
- request:
    body: null
    headers:
      Accept: [application/json]
      Accept-Encoding: ['gzip, deflate']
      Connection: [keep-alive]
      Content-Type: [application/json; charset=utf-8]
      User-Agent: [python/3.5.3 (Windows-10-10.0.15063-SP0) requests/2.18.4 msrest/0.4.19
          msrest_azure/0.4.18 resourcemanagementclient/1.2.1 Azure-SDK-For-Python
          AZURECLI/TEST/2.0.23]
      accept-language: [en-US]
      x-ms-client-request-id: [5367ac46-e002-11e7-b74d-f4b7e2e85440]
    method: GET
    uri: https://management.azure.com/subscriptions/00000000-0000-0000-0000-000000000000/resourcegroups/cli_test_vmss_create_existing_ids_options/providers/Microsoft.Resources/deployments/mock-deployment/operationStatuses/08586884382597172251?api-version=2017-05-10
  response:
    body: {string: '{"status":"Running"}'}
    headers:
      Cache-Control: [no-cache]
      Content-Type: [application/json; charset=utf-8]
      Date: ['Wed, 13 Dec 2017 12:39:38 GMT']
      Expires: ['-1']
      Pragma: [no-cache]
      Strict-Transport-Security: [max-age=31536000; includeSubDomains]
      Vary: [Accept-Encoding]
      content-length: ['20']
    status: {code: 200, message: OK}
- request:
    body: null
    headers:
      Accept: [application/json]
      Accept-Encoding: ['gzip, deflate']
      Connection: [keep-alive]
      Content-Type: [application/json; charset=utf-8]
      User-Agent: [python/3.5.3 (Windows-10-10.0.15063-SP0) requests/2.18.4 msrest/0.4.19
          msrest_azure/0.4.18 resourcemanagementclient/1.2.1 Azure-SDK-For-Python
          AZURECLI/TEST/2.0.23]
      accept-language: [en-US]
      x-ms-client-request-id: [5367ac46-e002-11e7-b74d-f4b7e2e85440]
    method: GET
    uri: https://management.azure.com/subscriptions/00000000-0000-0000-0000-000000000000/resourcegroups/cli_test_vmss_create_existing_ids_options/providers/Microsoft.Resources/deployments/mock-deployment/operationStatuses/08586884382597172251?api-version=2017-05-10
  response:
    body: {string: '{"status":"Running"}'}
    headers:
      Cache-Control: [no-cache]
      Content-Type: [application/json; charset=utf-8]
      Date: ['Wed, 13 Dec 2017 12:40:07 GMT']
      Expires: ['-1']
      Pragma: [no-cache]
      Strict-Transport-Security: [max-age=31536000; includeSubDomains]
      Vary: [Accept-Encoding]
      content-length: ['20']
    status: {code: 200, message: OK}
- request:
    body: null
    headers:
      Accept: [application/json]
      Accept-Encoding: ['gzip, deflate']
      Connection: [keep-alive]
      Content-Type: [application/json; charset=utf-8]
      User-Agent: [python/3.5.3 (Windows-10-10.0.15063-SP0) requests/2.18.4 msrest/0.4.19
          msrest_azure/0.4.18 resourcemanagementclient/1.2.1 Azure-SDK-For-Python
          AZURECLI/TEST/2.0.23]
      accept-language: [en-US]
      x-ms-client-request-id: [5367ac46-e002-11e7-b74d-f4b7e2e85440]
    method: GET
    uri: https://management.azure.com/subscriptions/00000000-0000-0000-0000-000000000000/resourcegroups/cli_test_vmss_create_existing_ids_options/providers/Microsoft.Resources/deployments/mock-deployment/operationStatuses/08586884382597172251?api-version=2017-05-10
  response:
    body: {string: '{"status":"Succeeded"}'}
    headers:
      Cache-Control: [no-cache]
      Content-Type: [application/json; charset=utf-8]
      Date: ['Wed, 13 Dec 2017 12:40:39 GMT']
      Expires: ['-1']
      Pragma: [no-cache]
      Strict-Transport-Security: [max-age=31536000; includeSubDomains]
      Vary: [Accept-Encoding]
      content-length: ['22']
    status: {code: 200, message: OK}
- request:
    body: null
    headers:
      Accept: [application/json]
      Accept-Encoding: ['gzip, deflate']
      Connection: [keep-alive]
      Content-Type: [application/json; charset=utf-8]
      User-Agent: [python/3.5.3 (Windows-10-10.0.15063-SP0) requests/2.18.4 msrest/0.4.19
          msrest_azure/0.4.18 resourcemanagementclient/1.2.1 Azure-SDK-For-Python
          AZURECLI/TEST/2.0.23]
      accept-language: [en-US]
      x-ms-client-request-id: [5367ac46-e002-11e7-b74d-f4b7e2e85440]
    method: GET
    uri: https://management.azure.com/subscriptions/00000000-0000-0000-0000-000000000000/resourcegroups/cli_test_vmss_create_existing_ids_options/providers/Microsoft.Resources/deployments/mock-deployment?api-version=2017-05-10
  response:
    body: {string: '{"id":"/subscriptions/00000000-0000-0000-0000-000000000000/resourceGroups/cli_test_vmss_create_existing_ids_options/providers/Microsoft.Resources/deployments/vmss_deploy_QIntaV3jX0OXz82yHUTXqkwxNZOBiu6x","name":"vmss_deploy_QIntaV3jX0OXz82yHUTXqkwxNZOBiu6x","properties":{"templateHash":"620990734603714294","parameters":{},"mode":"Incremental","provisioningState":"Succeeded","timestamp":"2017-12-13T12:40:16.0599251Z","duration":"PT3M10.2995168S","correlationId":"d2434027-539f-4500-807e-289f087c69e1","providers":[{"namespace":"Microsoft.Compute","resourceTypes":[{"resourceType":"virtualMachineScaleSets","locations":["westus"]}]},{"namespace":"Microsoft.Storage","resourceTypes":[{"resourceType":"storageAccounts","locations":["westus"]}]}],"dependencies":[{"dependsOn":[{"id":"/subscriptions/00000000-0000-0000-0000-000000000000/resourceGroups/cli_test_vmss_create_existing_ids_options/providers/Microsoft.Storage/storageAccounts/vrfvm9ac00","resourceType":"Microsoft.Storage/storageAccounts","resourceName":"vrfvm9ac00"},{"id":"/subscriptions/00000000-0000-0000-0000-000000000000/resourceGroups/cli_test_vmss_create_existing_ids_options/providers/Microsoft.Storage/storageAccounts/vrfvm9ac01","resourceType":"Microsoft.Storage/storageAccounts","resourceName":"vrfvm9ac01"},{"id":"/subscriptions/00000000-0000-0000-0000-000000000000/resourceGroups/cli_test_vmss_create_existing_ids_options/providers/Microsoft.Storage/storageAccounts/vrfvm9ac02","resourceType":"Microsoft.Storage/storageAccounts","resourceName":"vrfvm9ac02"},{"id":"/subscriptions/00000000-0000-0000-0000-000000000000/resourceGroups/cli_test_vmss_create_existing_ids_options/providers/Microsoft.Storage/storageAccounts/vrfvm9ac03","resourceType":"Microsoft.Storage/storageAccounts","resourceName":"vrfvm9ac03"},{"id":"/subscriptions/00000000-0000-0000-0000-000000000000/resourceGroups/cli_test_vmss_create_existing_ids_options/providers/Microsoft.Storage/storageAccounts/vrfvm9ac04","resourceType":"Microsoft.Storage/storageAccounts","resourceName":"vrfvm9ac04"}],"id":"/subscriptions/00000000-0000-0000-0000-000000000000/resourceGroups/cli_test_vmss_create_existing_ids_options/providers/Microsoft.Compute/virtualMachineScaleSets/vrfvmss","resourceType":"Microsoft.Compute/virtualMachineScaleSets","resourceName":"vrfvmss"}],"outputs":{"vmss":{"type":"Object","value":{"singlePlacementGroup":true,"upgradePolicy":{"mode":"Manual","automaticOSUpgrade":false},"virtualMachineProfile":{"osProfile":{"computerNamePrefix":"vrfvm9ac0","adminUsername":"ubuntu","linuxConfiguration":{"disablePasswordAuthentication":true,"ssh":{"publicKeys":[{"path":"/home/ubuntu/.ssh/authorized_keys","keyData":"ssh-rsa
        AAAAB3NzaC1yc2EAAAADAQABAAACAQCbIg1guRHbI0lV11wWDt1r2cUdcNd27CJsg+SfgC7miZeubtwUhbsPdhMQsfDyhOWHq1+ZL0M+nJZV63d/1dhmhtgyOqejUwrPlzKhydsbrsdUor+JmNJDdW01v7BXHyuymT8G4s09jCasNOwiufbP/qp72ruu0bIA1nySsvlf9pCQAuFkAnVnf/rFhUlOkhtRpwcq8SUNY2zRHR/EKb/4NWY1JzR4sa3q2fWIJdrrX0DvLoa5g9bIEd4Df79ba7v+yiUBOS0zT2ll+z4g9izHK3EO5d8hL4jYxcjKs+wcslSYRWrascfscLgMlMGh0CdKeNTDjHpGPncaf3Z+FwwwjWeuiNBxv7bJo13/8B/098KlVDl4GZqsoBCEjPyJfV6hO0y/LkRGkk7oHWKgeWAfKtfLItRp00eZ4fcJNK9kCaSMmEugoZWcI7NGbZXzqFWqbpRI7NcDP9+WIQ+i9U5vqWsqd/zng4kbuAJ6UuKqIzB0upYrLShfQE3SAck8oaLhJqqq56VfDuASNpJKidV+zq27HfSBmbXnkR/5AK337dc3MXKJypoK/QPMLKUAP5XLPbs+NddJQV7EZXd29DLgp+fRIg3edpKdO7ZErWhv7d+3Kws+e1Y+ypmR2WIVSwVyBEUfgv2C8Ts9gnTF4pNcEY/S2aBicz5Ew2+jdyGNQQ==
        test@example.com\n"}]}},"secrets":[]},"storageProfile":{"osDisk":{"vhdContainers":["https://vrfvm9ac00.blob.core.windows.net/vrfcontainer","https://vrfvm9ac01.blob.core.windows.net/vrfcontainer","https://vrfvm9ac02.blob.core.windows.net/vrfcontainer","https://vrfvm9ac03.blob.core.windows.net/vrfcontainer","https://vrfvm9ac04.blob.core.windows.net/vrfcontainer"],"name":"vrfosdisk","createOption":"FromImage","caching":"ReadWrite"},"imageReference":{"publisher":"OpenLogic","offer":"CentOS","sku":"7.3","version":"latest"}},"networkProfile":{"networkInterfaceConfigurations":[{"name":"vrfvm9ac0Nic","properties":{"primary":true,"enableAcceleratedNetworking":false,"dnsSettings":{"dnsServers":[]},"enableIPForwarding":false,"ipConfigurations":[{"name":"vrfvm9ac0IPConfig","properties":{"subnet":{"id":"/subscriptions/00000000-0000-0000-0000-000000000000/resourceGroups/cli_test_vmss_create_existing_ids_options/providers/Microsoft.Network/virtualNetworks/vrfvnet/subnets/vrfsubnet"},"privateIPAddressVersion":"IPv4","loadBalancerBackendAddressPools":[{"id":"/subscriptions/00000000-0000-0000-0000-000000000000/resourceGroups/cli_test_vmss_create_existing_ids_options/providers/Microsoft.Network/loadBalancers/vrflb/backendAddressPools/mybepool"}]}}]}}]}},"provisioningState":"Succeeded","overprovision":true,"uniqueId":"335c1eba-4bb9-45ee-9fc9-f928ce41056d"}}},"outputResources":[{"id":"/subscriptions/00000000-0000-0000-0000-000000000000/resourceGroups/cli_test_vmss_create_existing_ids_options/providers/Microsoft.Compute/virtualMachineScaleSets/vrfvmss"},{"id":"/subscriptions/00000000-0000-0000-0000-000000000000/resourceGroups/cli_test_vmss_create_existing_ids_options/providers/Microsoft.Storage/storageAccounts/vrfvm9ac00"},{"id":"/subscriptions/00000000-0000-0000-0000-000000000000/resourceGroups/cli_test_vmss_create_existing_ids_options/providers/Microsoft.Storage/storageAccounts/vrfvm9ac01"},{"id":"/subscriptions/00000000-0000-0000-0000-000000000000/resourceGroups/cli_test_vmss_create_existing_ids_options/providers/Microsoft.Storage/storageAccounts/vrfvm9ac02"},{"id":"/subscriptions/00000000-0000-0000-0000-000000000000/resourceGroups/cli_test_vmss_create_existing_ids_options/providers/Microsoft.Storage/storageAccounts/vrfvm9ac03"},{"id":"/subscriptions/00000000-0000-0000-0000-000000000000/resourceGroups/cli_test_vmss_create_existing_ids_options/providers/Microsoft.Storage/storageAccounts/vrfvm9ac04"}]}}'}
    headers:
      Cache-Control: [no-cache]
      Content-Type: [application/json; charset=utf-8]
      Date: ['Wed, 13 Dec 2017 12:40:39 GMT']
      Expires: ['-1']
      Pragma: [no-cache]
      Strict-Transport-Security: [max-age=31536000; includeSubDomains]
      Vary: [Accept-Encoding]
      content-length: ['5903']
    status: {code: 200, message: OK}
- request:
    body: null
    headers:
      Accept: [application/json]
      Accept-Encoding: ['gzip, deflate']
      Connection: [keep-alive]
      Content-Type: [application/json; charset=utf-8]
      User-Agent: [python/3.5.3 (Windows-10-10.0.15063-SP0) requests/2.18.4 msrest/0.4.19
          msrest_azure/0.4.18 computemanagementclient/3.1.0rc1 Azure-SDK-For-Python
          AZURECLI/TEST/2.0.23]
      accept-language: [en-US]
      x-ms-client-request-id: [d3c1b4d4-e002-11e7-9336-f4b7e2e85440]
    method: GET
    uri: https://management.azure.com/subscriptions/00000000-0000-0000-0000-000000000000/resourceGroups/cli_test_vmss_create_existing_ids_options/providers/Microsoft.Compute/virtualMachineScaleSets/vrfvmss?api-version=2017-12-01
  response:
    body: {string: "{\r\n  \"sku\": {\r\n    \"name\": \"Standard_A3\",\r\n    \"\
        tier\": \"Standard\",\r\n    \"capacity\": 2\r\n  },\r\n  \"properties\":\
        \ {\r\n    \"singlePlacementGroup\": true,\r\n    \"upgradePolicy\": {\r\n\
        \      \"mode\": \"Manual\",\r\n      \"automaticOSUpgrade\": false\r\n  \
        \  },\r\n    \"virtualMachineProfile\": {\r\n      \"osProfile\": {\r\n  \
        \      \"computerNamePrefix\": \"vrfvm9ac0\",\r\n        \"adminUsername\"\
        : \"ubuntu\",\r\n        \"linuxConfiguration\": {\r\n          \"disablePasswordAuthentication\"\
        : true,\r\n          \"ssh\": {\r\n            \"publicKeys\": [\r\n     \
        \         {\r\n                \"path\": \"/home/ubuntu/.ssh/authorized_keys\"\
        ,\r\n                \"keyData\": \"ssh-rsa AAAAB3NzaC1yc2EAAAADAQABAAACAQCbIg1guRHbI0lV11wWDt1r2cUdcNd27CJsg+SfgC7miZeubtwUhbsPdhMQsfDyhOWHq1+ZL0M+nJZV63d/1dhmhtgyOqejUwrPlzKhydsbrsdUor+JmNJDdW01v7BXHyuymT8G4s09jCasNOwiufbP/qp72ruu0bIA1nySsvlf9pCQAuFkAnVnf/rFhUlOkhtRpwcq8SUNY2zRHR/EKb/4NWY1JzR4sa3q2fWIJdrrX0DvLoa5g9bIEd4Df79ba7v+yiUBOS0zT2ll+z4g9izHK3EO5d8hL4jYxcjKs+wcslSYRWrascfscLgMlMGh0CdKeNTDjHpGPncaf3Z+FwwwjWeuiNBxv7bJo13/8B/098KlVDl4GZqsoBCEjPyJfV6hO0y/LkRGkk7oHWKgeWAfKtfLItRp00eZ4fcJNK9kCaSMmEugoZWcI7NGbZXzqFWqbpRI7NcDP9+WIQ+i9U5vqWsqd/zng4kbuAJ6UuKqIzB0upYrLShfQE3SAck8oaLhJqqq56VfDuASNpJKidV+zq27HfSBmbXnkR/5AK337dc3MXKJypoK/QPMLKUAP5XLPbs+NddJQV7EZXd29DLgp+fRIg3edpKdO7ZErWhv7d+3Kws+e1Y+ypmR2WIVSwVyBEUfgv2C8Ts9gnTF4pNcEY/S2aBicz5Ew2+jdyGNQQ==\
        \ test@example.com\\n\"\r\n              }\r\n            ]\r\n          }\r\
        \n        },\r\n        \"secrets\": []\r\n      },\r\n      \"storageProfile\"\
        : {\r\n        \"osDisk\": {\r\n          \"vhdContainers\": [\r\n       \
        \     \"https://vrfvm9ac00.blob.core.windows.net/vrfcontainer\",\r\n     \
        \       \"https://vrfvm9ac01.blob.core.windows.net/vrfcontainer\",\r\n   \
        \         \"https://vrfvm9ac02.blob.core.windows.net/vrfcontainer\",\r\n \
        \           \"https://vrfvm9ac03.blob.core.windows.net/vrfcontainer\",\r\n\
        \            \"https://vrfvm9ac04.blob.core.windows.net/vrfcontainer\"\r\n\
        \          ],\r\n          \"name\": \"vrfosdisk\",\r\n          \"createOption\"\
        : \"FromImage\",\r\n          \"caching\": \"ReadWrite\"\r\n        },\r\n\
        \        \"imageReference\": {\r\n          \"publisher\": \"OpenLogic\",\r\
        \n          \"offer\": \"CentOS\",\r\n          \"sku\": \"7.3\",\r\n    \
        \      \"version\": \"latest\"\r\n        }\r\n      },\r\n      \"networkProfile\"\
        : {\"networkInterfaceConfigurations\":[{\"name\":\"vrfvm9ac0Nic\",\"properties\"\
        :{\"primary\":true,\"enableAcceleratedNetworking\":false,\"dnsSettings\":{\"\
        dnsServers\":[]},\"enableIPForwarding\":false,\"ipConfigurations\":[{\"name\"\
        :\"vrfvm9ac0IPConfig\",\"properties\":{\"subnet\":{\"id\":\"/subscriptions/00000000-0000-0000-0000-000000000000/resourceGroups/cli_test_vmss_create_existing_ids_options/providers/Microsoft.Network/virtualNetworks/vrfvnet/subnets/vrfsubnet\"\
        },\"privateIPAddressVersion\":\"IPv4\",\"loadBalancerBackendAddressPools\"\
        :[{\"id\":\"/subscriptions/00000000-0000-0000-0000-000000000000/resourceGroups/cli_test_vmss_create_existing_ids_options/providers/Microsoft.Network/loadBalancers/vrflb/backendAddressPools/mybepool\"\
        }]}}]}}]}\r\n    },\r\n    \"provisioningState\": \"Succeeded\",\r\n    \"\
        overprovision\": true,\r\n    \"uniqueId\": \"335c1eba-4bb9-45ee-9fc9-f928ce41056d\"\
        \r\n  },\r\n  \"type\": \"Microsoft.Compute/virtualMachineScaleSets\",\r\n\
        \  \"location\": \"westus\",\r\n  \"tags\": {},\r\n  \"id\": \"/subscriptions/00000000-0000-0000-0000-000000000000/resourceGroups/cli_test_vmss_create_existing_ids_options/providers/Microsoft.Compute/virtualMachineScaleSets/vrfvmss\"\
        ,\r\n  \"name\": \"vrfvmss\"\r\n}"}
    headers:
      Cache-Control: [no-cache]
      Content-Type: [application/json; charset=utf-8]
      Date: ['Wed, 13 Dec 2017 12:40:39 GMT']
      Expires: ['-1']
      Pragma: [no-cache]
      Server: [Microsoft-HTTPAPI/2.0, Microsoft-HTTPAPI/2.0]
      Strict-Transport-Security: [max-age=31536000; includeSubDomains]
      Transfer-Encoding: [chunked]
      Vary: [Accept-Encoding]
      content-length: ['3371']
      x-ms-ratelimit-remaining-resource: ['Microsoft.Compute/GetVMScaleSet3Min;229,Microsoft.Compute/GetVMScaleSet30Min;1157']
    status: {code: 200, message: OK}
- request:
    body: null
    headers:
      Accept: [application/json]
      Accept-Encoding: ['gzip, deflate']
      Connection: [keep-alive]
      Content-Type: [application/json; charset=utf-8]
      User-Agent: [python/3.5.3 (Windows-10-10.0.15063-SP0) requests/2.18.4 msrest/0.4.19
          msrest_azure/0.4.18 networkmanagementclient/1.6.0 Azure-SDK-For-Python AZURECLI/TEST/2.0.23]
      accept-language: [en-US]
      x-ms-client-request-id: [d412c480-e002-11e7-9aa5-f4b7e2e85440]
    method: GET
    uri: https://management.azure.com/subscriptions/00000000-0000-0000-0000-000000000000/resourceGroups/cli_test_vmss_create_existing_ids_options/providers/Microsoft.Network/loadBalancers/vrflb?api-version=2017-10-01
  response:
    body: {string: "{\r\n  \"name\": \"vrflb\",\r\n  \"id\": \"/subscriptions/00000000-0000-0000-0000-000000000000/resourceGroups/cli_test_vmss_create_existing_ids_options/providers/Microsoft.Network/loadBalancers/vrflb\"\
        ,\r\n  \"etag\": \"W/\\\"e8a57caa-6b3c-4405-9e44-9c90c74c18f4\\\"\",\r\n \
        \ \"type\": \"Microsoft.Network/loadBalancers\",\r\n  \"location\": \"westus\"\
        ,\r\n  \"tags\": {},\r\n  \"properties\": {\r\n    \"provisioningState\":\
        \ \"Succeeded\",\r\n    \"resourceGuid\": \"c8b5e1ac-78f2-4eff-98a1-91ef78ad991b\"\
        ,\r\n    \"frontendIPConfigurations\": [\r\n      {\r\n        \"name\": \"\
        LoadBalancerFrontEnd\",\r\n        \"id\": \"/subscriptions/00000000-0000-0000-0000-000000000000/resourceGroups/cli_test_vmss_create_existing_ids_options/providers/Microsoft.Network/loadBalancers/vrflb/frontendIPConfigurations/LoadBalancerFrontEnd\"\
        ,\r\n        \"etag\": \"W/\\\"e8a57caa-6b3c-4405-9e44-9c90c74c18f4\\\"\"\
        ,\r\n        \"properties\": {\r\n          \"provisioningState\": \"Succeeded\"\
        ,\r\n          \"privateIPAllocationMethod\": \"Dynamic\",\r\n          \"\
        publicIPAddress\": {\r\n            \"id\": \"/subscriptions/00000000-0000-0000-0000-000000000000/resourceGroups/cli_test_vmss_create_existing_ids_options/providers/Microsoft.Network/publicIPAddresses/PublicIPvrflb\"\
        \r\n          }\r\n        }\r\n      }\r\n    ],\r\n    \"backendAddressPools\"\
        : [\r\n      {\r\n        \"name\": \"mybepool\",\r\n        \"id\": \"/subscriptions/00000000-0000-0000-0000-000000000000/resourceGroups/cli_test_vmss_create_existing_ids_options/providers/Microsoft.Network/loadBalancers/vrflb/backendAddressPools/mybepool\"\
        ,\r\n        \"etag\": \"W/\\\"e8a57caa-6b3c-4405-9e44-9c90c74c18f4\\\"\"\
        ,\r\n        \"properties\": {\r\n          \"provisioningState\": \"Succeeded\"\
        ,\r\n          \"backendIPConfigurations\": [\r\n            {\r\n       \
        \       \"id\": \"/subscriptions/00000000-0000-0000-0000-000000000000/resourceGroups/cli_test_vmss_create_existing_ids_options/providers/Microsoft.Compute/virtualMachineScaleSets/vrfvmss/virtualMachines/0/networkInterfaces/vrfvm9ac0Nic/ipConfigurations/vrfvm9ac0IPConfig\"\
        \r\n            },\r\n            {\r\n              \"id\": \"/subscriptions/00000000-0000-0000-0000-000000000000/resourceGroups/cli_test_vmss_create_existing_ids_options/providers/Microsoft.Compute/virtualMachineScaleSets/vrfvmss/virtualMachines/1/networkInterfaces/vrfvm9ac0Nic/ipConfigurations/vrfvm9ac0IPConfig\"\
        \r\n            },\r\n            {\r\n              \"id\": \"/subscriptions/00000000-0000-0000-0000-000000000000/resourceGroups/cli_test_vmss_create_existing_ids_options/providers/Microsoft.Compute/virtualMachineScaleSets/vrfvmss/virtualMachines/2/networkInterfaces/vrfvm9ac0Nic/ipConfigurations/vrfvm9ac0IPConfig\"\
        \r\n            },\r\n            {\r\n              \"id\": \"/subscriptions/00000000-0000-0000-0000-000000000000/resourceGroups/cli_test_vmss_create_existing_ids_options/providers/Microsoft.Compute/virtualMachineScaleSets/vrfvmss/virtualMachines/3/networkInterfaces/vrfvm9ac0Nic/ipConfigurations/vrfvm9ac0IPConfig\"\
        \r\n            }\r\n          ]\r\n        }\r\n      }\r\n    ],\r\n   \
        \ \"loadBalancingRules\": [],\r\n    \"probes\": [],\r\n    \"inboundNatRules\"\
        : [],\r\n    \"outboundNatRules\": [],\r\n    \"inboundNatPools\": []\r\n\
        \  },\r\n  \"sku\": {\r\n    \"name\": \"Basic\"\r\n  }\r\n}"}
    headers:
      Cache-Control: [no-cache]
      Content-Type: [application/json; charset=utf-8]
      Date: ['Wed, 13 Dec 2017 12:40:40 GMT']
      ETag: [W/"e8a57caa-6b3c-4405-9e44-9c90c74c18f4"]
      Expires: ['-1']
      Pragma: [no-cache]
      Server: [Microsoft-HTTPAPI/2.0, Microsoft-HTTPAPI/2.0]
      Strict-Transport-Security: [max-age=31536000; includeSubDomains]
      Transfer-Encoding: [chunked]
      Vary: [Accept-Encoding]
      content-length: ['3147']
    status: {code: 200, message: OK}
- request:
    body: null
    headers:
      Accept: [application/json]
      Accept-Encoding: ['gzip, deflate']
      Connection: [keep-alive]
      Content-Type: [application/json; charset=utf-8]
      User-Agent: [python/3.5.3 (Windows-10-10.0.15063-SP0) requests/2.18.4 msrest/0.4.19
          msrest_azure/0.4.18 networkmanagementclient/1.6.0 Azure-SDK-For-Python AZURECLI/TEST/2.0.23]
      accept-language: [en-US]
      x-ms-client-request-id: [d450c1b0-e002-11e7-bc03-f4b7e2e85440]
    method: GET
    uri: https://management.azure.com/subscriptions/00000000-0000-0000-0000-000000000000/resourceGroups/cli_test_vmss_create_existing_ids_options/providers/Microsoft.Network/virtualNetworks/vrfvnet?api-version=2017-10-01
  response:
    body: {string: "{\r\n  \"name\": \"vrfvnet\",\r\n  \"id\": \"/subscriptions/00000000-0000-0000-0000-000000000000/resourceGroups/cli_test_vmss_create_existing_ids_options/providers/Microsoft.Network/virtualNetworks/vrfvnet\"\
        ,\r\n  \"etag\": \"W/\\\"5c6ae270-cda2-4581-822f-83419605498e\\\"\",\r\n \
        \ \"type\": \"Microsoft.Network/virtualNetworks\",\r\n  \"location\": \"westus\"\
        ,\r\n  \"tags\": {},\r\n  \"properties\": {\r\n    \"provisioningState\":\
        \ \"Succeeded\",\r\n    \"resourceGuid\": \"eacd199c-3172-4233-8343-56e5a8f2bc6f\"\
        ,\r\n    \"addressSpace\": {\r\n      \"addressPrefixes\": [\r\n        \"\
        10.0.0.0/16\"\r\n      ]\r\n    },\r\n    \"dhcpOptions\": {\r\n      \"dnsServers\"\
        : []\r\n    },\r\n    \"subnets\": [\r\n      {\r\n        \"name\": \"vrfsubnet\"\
        ,\r\n        \"id\": \"/subscriptions/00000000-0000-0000-0000-000000000000/resourceGroups/cli_test_vmss_create_existing_ids_options/providers/Microsoft.Network/virtualNetworks/vrfvnet/subnets/vrfsubnet\"\
        ,\r\n        \"etag\": \"W/\\\"5c6ae270-cda2-4581-822f-83419605498e\\\"\"\
        ,\r\n        \"properties\": {\r\n          \"provisioningState\": \"Succeeded\"\
        ,\r\n          \"addressPrefix\": \"10.0.0.0/24\",\r\n          \"ipConfigurations\"\
        : [\r\n            {\r\n              \"id\": \"/subscriptions/00000000-0000-0000-0000-000000000000/resourceGroups/cli_test_vmss_create_existing_ids_options/providers/Microsoft.Compute/virtualMachineScaleSets/vrfvmss/virtualMachines/0/networkInterfaces/vrfvm9ac0Nic/ipConfigurations/vrfvm9ac0IPConfig\"\
        \r\n            },\r\n            {\r\n              \"id\": \"/subscriptions/00000000-0000-0000-0000-000000000000/resourceGroups/cli_test_vmss_create_existing_ids_options/providers/Microsoft.Compute/virtualMachineScaleSets/vrfvmss/virtualMachines/1/networkInterfaces/vrfvm9ac0Nic/ipConfigurations/vrfvm9ac0IPConfig\"\
        \r\n            },\r\n            {\r\n              \"id\": \"/subscriptions/00000000-0000-0000-0000-000000000000/resourceGroups/cli_test_vmss_create_existing_ids_options/providers/Microsoft.Compute/virtualMachineScaleSets/vrfvmss/virtualMachines/2/networkInterfaces/vrfvm9ac0Nic/ipConfigurations/vrfvm9ac0IPConfig\"\
        \r\n            },\r\n            {\r\n              \"id\": \"/subscriptions/00000000-0000-0000-0000-000000000000/resourceGroups/cli_test_vmss_create_existing_ids_options/providers/Microsoft.Compute/virtualMachineScaleSets/vrfvmss/virtualMachines/3/networkInterfaces/vrfvm9ac0Nic/ipConfigurations/vrfvm9ac0IPConfig\"\
        \r\n            }\r\n          ]\r\n        }\r\n      }\r\n    ],\r\n   \
        \ \"virtualNetworkPeerings\": [],\r\n    \"enableDdosProtection\": false,\r\
        \n    \"enableVmProtection\": false\r\n  }\r\n}"}
    headers:
      Cache-Control: [no-cache]
      Content-Type: [application/json; charset=utf-8]
      Date: ['Wed, 13 Dec 2017 12:40:40 GMT']
      ETag: [W/"5c6ae270-cda2-4581-822f-83419605498e"]
      Expires: ['-1']
      Pragma: [no-cache]
      Server: [Microsoft-HTTPAPI/2.0, Microsoft-HTTPAPI/2.0]
      Strict-Transport-Security: [max-age=31536000; includeSubDomains]
      Transfer-Encoding: [chunked]
      Vary: [Accept-Encoding]
      content-length: ['2484']
    status: {code: 200, message: OK}
version: 1
