interactions:
- request:
    body: null
    headers:
      Connection: [close]
      Host: [raw.githubusercontent.com]
      User-Agent: [Python-urllib/3.5]
    method: GET
    uri: https://raw.githubusercontent.com/Azure/azure-rest-api-specs/master/arm-compute/quickstart-templates/aliases.json
  response:
    body: {string: "{\n  \"$schema\":\"http://schema.management.azure.com/schemas/2015-01-01/deploymentTemplate.json\"\
        ,\n  \"contentVersion\":\"1.0.0.0\",\n  \"parameters\":{},\n  \"variables\"\
        :{},\n  \"resources\":[],\n\n  \"outputs\":{\n    \"aliases\":{\n      \"\
        type\":\"object\",\n      \"value\":{\n\n        \"Linux\":{\n          \"\
        CentOS\":{\n            \"publisher\":\"OpenLogic\",\n            \"offer\"\
        :\"CentOS\",\n            \"sku\":\"7.3\",\n            \"version\":\"latest\"\
        \n          },\n          \"CoreOS\":{\n            \"publisher\":\"CoreOS\"\
        ,\n            \"offer\":\"CoreOS\",\n            \"sku\":\"Stable\",\n  \
        \          \"version\":\"latest\"\n          },\n          \"Debian\":{\n\
        \            \"publisher\":\"credativ\",\n            \"offer\":\"Debian\"\
        ,\n            \"sku\":\"8\",\n            \"version\":\"latest\"\n      \
        \    },\n          \"openSUSE-Leap\": {\n            \"publisher\":\"SUSE\"\
        ,\n            \"offer\":\"openSUSE-Leap\",\n            \"sku\":\"42.2\"\
        ,\n            \"version\": \"latest\"\n          },\n          \"RHEL\":{\n\
        \            \"publisher\":\"RedHat\",\n            \"offer\":\"RHEL\",\n\
        \            \"sku\":\"7.3\",\n            \"version\":\"latest\"\n      \
        \    },\n          \"SLES\":{\n            \"publisher\":\"SUSE\",\n     \
        \       \"offer\":\"SLES\",\n            \"sku\":\"12-SP2\",\n           \
        \ \"version\":\"latest\"\n          },\n          \"UbuntuLTS\":{\n      \
        \      \"publisher\":\"Canonical\",\n            \"offer\":\"UbuntuServer\"\
        ,\n            \"sku\":\"16.04-LTS\",\n            \"version\":\"latest\"\n\
        \          }\n        },\n\n        \"Windows\":{\n          \"Win2016Datacenter\"\
        :{\n            \"publisher\":\"MicrosoftWindowsServer\",\n            \"\
        offer\":\"WindowsServer\",\n            \"sku\":\"2016-Datacenter\",\n   \
        \         \"version\":\"latest\"\n          },\n          \"Win2012R2Datacenter\"\
        :{\n            \"publisher\":\"MicrosoftWindowsServer\",\n            \"\
        offer\":\"WindowsServer\",\n            \"sku\":\"2012-R2-Datacenter\",\n\
        \            \"version\":\"latest\"\n          },\n          \"Win2012Datacenter\"\
        :{\n            \"publisher\":\"MicrosoftWindowsServer\",\n            \"\
        offer\":\"WindowsServer\",\n            \"sku\":\"2012-Datacenter\",\n   \
        \         \"version\":\"latest\"\n          },\n          \"Win2008R2SP1\"\
        :{\n            \"publisher\":\"MicrosoftWindowsServer\",\n            \"\
        offer\":\"WindowsServer\",\n            \"sku\":\"2008-R2-SP1\",\n       \
        \     \"version\":\"latest\"\n          }\n        }\n      }\n    }\n  }\n\
        }\n"}
    headers:
      Accept-Ranges: [bytes]
      Access-Control-Allow-Origin: ['*']
      Cache-Control: [max-age=300]
      Connection: [close]
      Content-Length: ['2235']
      Content-Security-Policy: [default-src 'none'; style-src 'unsafe-inline'; sandbox]
      Content-Type: [text/plain; charset=utf-8]
      Date: ['Wed, 29 Nov 2017 21:49:28 GMT']
      ETag: ['"d6824855d13e27c5258a680eb60f635d088fd05e"']
      Expires: ['Wed, 29 Nov 2017 21:54:28 GMT']
      Source-Age: ['109']
      Strict-Transport-Security: [max-age=31536000]
      Vary: ['Authorization,Accept-Encoding']
      Via: [1.1 varnish]
      X-Cache: [HIT]
      X-Cache-Hits: ['1']
      X-Content-Type-Options: [nosniff]
      X-Fastly-Request-ID: [05698c25fe88db31cbcca29ad74c5ec1d0aa74e4]
      X-Frame-Options: [deny]
      X-Geo-Block-List: ['']
      X-GitHub-Request-Id: ['E7A6:F612:98ADB:A468A:5A1F2AFB']
      X-Served-By: [cache-mdw17349-MDW]
      X-Timer: ['S1511992169.658993,VS0,VE0']
      X-XSS-Protection: [1; mode=block]
    status: {code: 200, message: OK}
- request:
    body: null
    headers:
      Accept: [application/json]
      Accept-Encoding: ['gzip, deflate']
      Connection: [keep-alive]
      Content-Type: [application/json; charset=utf-8]
      User-Agent: [python/3.5.3 (Windows-10-10.0.16299-SP0) requests/2.18.4 msrest/0.4.19
          msrest_azure/0.4.17 storagemanagementclient/1.4.0 Azure-SDK-For-Python AZURECLI/TEST/2.0.22]
      accept-language: [en-US]
      x-ms-client-request-id: [2cb5190a-d54f-11e7-9ea1-a0b3ccf7272a]
    method: GET
    uri: https://management.azure.com/subscriptions/00000000-0000-0000-0000-000000000000/resourceGroups/cli_test_generalize_vm/providers/Microsoft.Storage/storageAccounts?api-version=2017-06-01
  response:
    body: {string: '{"value":[]}'}
    headers:
      Cache-Control: [no-cache]
      Content-Type: [application/json; charset=utf-8]
      Date: ['Wed, 29 Nov 2017 21:49:28 GMT']
      Expires: ['-1']
      Pragma: [no-cache]
      Strict-Transport-Security: [max-age=31536000; includeSubDomains]
      Vary: [Accept-Encoding]
      content-length: ['12']
    status: {code: 200, message: OK}
- request:
    body: null
    headers:
      Accept: [application/json]
      Accept-Encoding: ['gzip, deflate']
      Connection: [keep-alive]
      Content-Type: [application/json; charset=utf-8]
      User-Agent: [python/3.5.3 (Windows-10-10.0.16299-SP0) requests/2.18.4 msrest/0.4.19
          msrest_azure/0.4.17 networkmanagementclient/1.6.0 Azure-SDK-For-Python AZURECLI/TEST/2.0.22]
      accept-language: [en-US]
      x-ms-client-request-id: [2cd9740c-d54f-11e7-ad55-a0b3ccf7272a]
    method: GET
    uri: https://management.azure.com/subscriptions/00000000-0000-0000-0000-000000000000/resourceGroups/cli_test_generalize_vm/providers/Microsoft.Network/virtualNetworks?api-version=2017-10-01
  response:
    body: {string: '{"value":[]}'}
    headers:
      Cache-Control: [no-cache]
      Content-Type: [application/json; charset=utf-8]
      Date: ['Wed, 29 Nov 2017 21:49:28 GMT']
      Expires: ['-1']
      Pragma: [no-cache]
      Strict-Transport-Security: [max-age=31536000; includeSubDomains]
      Vary: [Accept-Encoding]
      content-length: ['12']
    status: {code: 200, message: OK}
- request:
    body: '{"properties": {"parameters": {}, "mode": "Incremental", "template": {"variables":
      {}, "$schema": "https://schema.management.azure.com/schemas/2015-01-01/deploymentTemplate.json#",
      "outputs": {}, "parameters": {}, "contentVersion": "1.0.0.0", "resources": [{"name":
      "vhdstoragee2a73524ebad1e", "location": "westus", "apiVersion": "2015-06-15",
      "type": "Microsoft.Storage/storageAccounts", "tags": {}, "dependsOn": [], "properties":
      {"accountType": "Premium_LRS"}}, {"name": "vm-generalizeVNET", "location": "westus",
      "apiVersion": "2015-06-15", "type": "Microsoft.Network/virtualNetworks", "tags":
      {}, "dependsOn": [], "properties": {"subnets": [{"name": "vm-generalizeSubnet",
      "properties": {"addressPrefix": "10.0.0.0/24"}}], "addressSpace": {"addressPrefixes":
      ["10.0.0.0/16"]}}}, {"name": "vm-generalizeNSG", "location": "westus", "apiVersion":
      "2015-06-15", "type": "Microsoft.Network/networkSecurityGroups", "tags": {},
      "dependsOn": [], "properties": {"securityRules": [{"name": "default-allow-ssh",
      "properties": {"priority": 1000, "protocol": "Tcp", "sourceAddressPrefix": "*",
      "destinationPortRange": "22", "destinationAddressPrefix": "*", "direction":
      "Inbound", "sourcePortRange": "*", "access": "Allow"}}]}}, {"name": "vm-generalizePublicIP",
      "location": "westus", "apiVersion": "2017-10-01", "type": "Microsoft.Network/publicIPAddresses",
      "tags": {}, "dependsOn": [], "properties": {"publicIPAllocationMethod": "dynamic"}},
      {"name": "vm-generalizeVMNic", "location": "westus", "apiVersion": "2015-06-15",
      "type": "Microsoft.Network/networkInterfaces", "tags": {}, "dependsOn": ["Microsoft.Network/virtualNetworks/vm-generalizeVNET",
      "Microsoft.Network/networkSecurityGroups/vm-generalizeNSG", "Microsoft.Network/publicIpAddresses/vm-generalizePublicIP"],
      "properties": {"ipConfigurations": [{"name": "ipconfigvm-generalize", "properties":
      {"subnet": {"id": "/subscriptions/0b1f6471-1bf0-4dda-aec3-cb9272f09590/resourceGroups/cli_test_generalize_vm/providers/Microsoft.Network/virtualNetworks/vm-generalizeVNET/subnets/vm-generalizeSubnet"},
      "privateIPAllocationMethod": "Dynamic", "publicIPAddress": {"id": "/subscriptions/0b1f6471-1bf0-4dda-aec3-cb9272f09590/resourceGroups/cli_test_generalize_vm/providers/Microsoft.Network/publicIPAddresses/vm-generalizePublicIP"}}}],
      "networkSecurityGroup": {"id": "/subscriptions/0b1f6471-1bf0-4dda-aec3-cb9272f09590/resourceGroups/cli_test_generalize_vm/providers/Microsoft.Network/networkSecurityGroups/vm-generalizeNSG"}}},
      {"name": "vm-generalize", "location": "westus", "apiVersion": "2017-03-30",
      "type": "Microsoft.Compute/virtualMachines", "tags": {}, "dependsOn": ["Microsoft.Storage/storageAccounts/vhdstoragee2a73524ebad1e",
      "Microsoft.Network/networkInterfaces/vm-generalizeVMNic"], "properties": {"networkProfile":
      {"networkInterfaces": [{"id": "/subscriptions/0b1f6471-1bf0-4dda-aec3-cb9272f09590/resourceGroups/cli_test_generalize_vm/providers/Microsoft.Network/networkInterfaces/vm-generalizeVMNic"}]},
      "storageProfile": {"osDisk": {"createOption": "fromImage", "name": "osdisk_e2a73524eb",
      "vhd": {"uri": "https://vhdstoragee2a73524ebad1e.blob.core.windows.net/vhds/osdisk_e2a73524eb.vhd"},
      "caching": null}, "imageReference": {"publisher": "Canonical", "sku": "16.04-LTS",
      "offer": "UbuntuServer", "version": "latest"}}, "hardwareProfile": {"vmSize":
      "Standard_DS1_v2"}, "osProfile": {"computerName": "vm-generalize", "adminPassword":
      "testPassword0", "adminUsername": "ubuntu"}}}]}}}'
    headers:
      Accept: [application/json]
      Accept-Encoding: ['gzip, deflate']
      Connection: [keep-alive]
      Content-Length: ['3478']
      Content-Type: [application/json; charset=utf-8]
      User-Agent: [python/3.5.3 (Windows-10-10.0.16299-SP0) requests/2.18.4 msrest/0.4.19
          msrest_azure/0.4.17 resourcemanagementclient/1.2.1 Azure-SDK-For-Python
          AZURECLI/TEST/2.0.22]
      accept-language: [en-US]
      x-ms-client-request-id: [2cfef9be-d54f-11e7-a68b-a0b3ccf7272a]
    method: PUT
    uri: https://management.azure.com/subscriptions/00000000-0000-0000-0000-000000000000/resourcegroups/cli_test_generalize_vm/providers/Microsoft.Resources/deployments/mock-deployment?api-version=2017-05-10
  response:
    body: {string: '{"id":"/subscriptions/00000000-0000-0000-0000-000000000000/resourceGroups/cli_test_generalize_vm/providers/Microsoft.Resources/deployments/vm_deploy_vqUUkoQ9HaKFlhs5bYgMYjHmn0hGwirm","name":"vm_deploy_vqUUkoQ9HaKFlhs5bYgMYjHmn0hGwirm","properties":{"templateHash":"1654755170227772342","parameters":{},"mode":"Incremental","provisioningState":"Accepted","timestamp":"2017-11-29T21:49:30.9297161Z","duration":"PT0.7070139S","correlationId":"445e015e-2a49-437e-beb7-09cf35291486","providers":[{"namespace":"Microsoft.Storage","resourceTypes":[{"resourceType":"storageAccounts","locations":["westus"]}]},{"namespace":"Microsoft.Network","resourceTypes":[{"resourceType":"virtualNetworks","locations":["westus"]},{"resourceType":"networkSecurityGroups","locations":["westus"]},{"resourceType":"publicIPAddresses","locations":["westus"]},{"resourceType":"networkInterfaces","locations":["westus"]}]},{"namespace":"Microsoft.Compute","resourceTypes":[{"resourceType":"virtualMachines","locations":["westus"]}]}],"dependencies":[{"dependsOn":[{"id":"/subscriptions/00000000-0000-0000-0000-000000000000/resourceGroups/cli_test_generalize_vm/providers/Microsoft.Network/virtualNetworks/vm-generalizeVNET","resourceType":"Microsoft.Network/virtualNetworks","resourceName":"vm-generalizeVNET"},{"id":"/subscriptions/00000000-0000-0000-0000-000000000000/resourceGroups/cli_test_generalize_vm/providers/Microsoft.Network/networkSecurityGroups/vm-generalizeNSG","resourceType":"Microsoft.Network/networkSecurityGroups","resourceName":"vm-generalizeNSG"},{"id":"/subscriptions/00000000-0000-0000-0000-000000000000/resourceGroups/cli_test_generalize_vm/providers/Microsoft.Network/publicIPAddresses/vm-generalizePublicIP","resourceType":"Microsoft.Network/publicIPAddresses","resourceName":"vm-generalizePublicIP"}],"id":"/subscriptions/00000000-0000-0000-0000-000000000000/resourceGroups/cli_test_generalize_vm/providers/Microsoft.Network/networkInterfaces/vm-generalizeVMNic","resourceType":"Microsoft.Network/networkInterfaces","resourceName":"vm-generalizeVMNic"},{"dependsOn":[{"id":"/subscriptions/00000000-0000-0000-0000-000000000000/resourceGroups/cli_test_generalize_vm/providers/Microsoft.Storage/storageAccounts/vhdstoragee2a73524ebad1e","resourceType":"Microsoft.Storage/storageAccounts","resourceName":"vhdstoragee2a73524ebad1e"},{"id":"/subscriptions/00000000-0000-0000-0000-000000000000/resourceGroups/cli_test_generalize_vm/providers/Microsoft.Network/networkInterfaces/vm-generalizeVMNic","resourceType":"Microsoft.Network/networkInterfaces","resourceName":"vm-generalizeVMNic"}],"id":"/subscriptions/00000000-0000-0000-0000-000000000000/resourceGroups/cli_test_generalize_vm/providers/Microsoft.Compute/virtualMachines/vm-generalize","resourceType":"Microsoft.Compute/virtualMachines","resourceName":"vm-generalize"}]}}'}
    headers:
      Azure-AsyncOperation: ['https://management.azure.com/subscriptions/0b1f6471-1bf0-4dda-aec3-cb9272f09590/resourcegroups/cli_test_generalize_vm/providers/Microsoft.Resources/deployments/vm_deploy_vqUUkoQ9HaKFlhs5bYgMYjHmn0hGwirm/operationStatuses/08586896147152549314?api-version=2017-05-10']
      Cache-Control: [no-cache]
      Content-Length: ['2869']
      Content-Type: [application/json; charset=utf-8]
      Date: ['Wed, 29 Nov 2017 21:49:30 GMT']
      Expires: ['-1']
      Pragma: [no-cache]
      Strict-Transport-Security: [max-age=31536000; includeSubDomains]
      x-ms-ratelimit-remaining-subscription-writes: ['1192']
    status: {code: 201, message: Created}
- request:
    body: null
    headers:
      Accept: [application/json]
      Accept-Encoding: ['gzip, deflate']
      Connection: [keep-alive]
      Content-Type: [application/json; charset=utf-8]
      User-Agent: [python/3.5.3 (Windows-10-10.0.16299-SP0) requests/2.18.4 msrest/0.4.19
          msrest_azure/0.4.17 resourcemanagementclient/1.2.1 Azure-SDK-For-Python
          AZURECLI/TEST/2.0.22]
      accept-language: [en-US]
      x-ms-client-request-id: [2cfef9be-d54f-11e7-a68b-a0b3ccf7272a]
    method: GET
    uri: https://management.azure.com/subscriptions/00000000-0000-0000-0000-000000000000/resourcegroups/cli_test_generalize_vm/providers/Microsoft.Resources/deployments/mock-deployment/operationStatuses/08586896147152549314?api-version=2017-05-10
  response:
    body: {string: '{"status":"Running"}'}
    headers:
      Cache-Control: [no-cache]
      Content-Type: [application/json; charset=utf-8]
      Date: ['Wed, 29 Nov 2017 21:50:01 GMT']
      Expires: ['-1']
      Pragma: [no-cache]
      Strict-Transport-Security: [max-age=31536000; includeSubDomains]
      Vary: [Accept-Encoding]
      content-length: ['20']
    status: {code: 200, message: OK}
- request:
    body: null
    headers:
      Accept: [application/json]
      Accept-Encoding: ['gzip, deflate']
      Connection: [keep-alive]
      Content-Type: [application/json; charset=utf-8]
      User-Agent: [python/3.5.3 (Windows-10-10.0.16299-SP0) requests/2.18.4 msrest/0.4.19
          msrest_azure/0.4.17 resourcemanagementclient/1.2.1 Azure-SDK-For-Python
          AZURECLI/TEST/2.0.22]
      accept-language: [en-US]
      x-ms-client-request-id: [2cfef9be-d54f-11e7-a68b-a0b3ccf7272a]
    method: GET
    uri: https://management.azure.com/subscriptions/00000000-0000-0000-0000-000000000000/resourcegroups/cli_test_generalize_vm/providers/Microsoft.Resources/deployments/mock-deployment/operationStatuses/08586896147152549314?api-version=2017-05-10
  response:
    body: {string: '{"status":"Running"}'}
    headers:
      Cache-Control: [no-cache]
      Content-Type: [application/json; charset=utf-8]
      Date: ['Wed, 29 Nov 2017 21:50:31 GMT']
      Expires: ['-1']
      Pragma: [no-cache]
      Strict-Transport-Security: [max-age=31536000; includeSubDomains]
      Vary: [Accept-Encoding]
      content-length: ['20']
    status: {code: 200, message: OK}
- request:
    body: null
    headers:
      Accept: [application/json]
      Accept-Encoding: ['gzip, deflate']
      Connection: [keep-alive]
      Content-Type: [application/json; charset=utf-8]
      User-Agent: [python/3.5.3 (Windows-10-10.0.16299-SP0) requests/2.18.4 msrest/0.4.19
          msrest_azure/0.4.17 resourcemanagementclient/1.2.1 Azure-SDK-For-Python
          AZURECLI/TEST/2.0.22]
      accept-language: [en-US]
      x-ms-client-request-id: [2cfef9be-d54f-11e7-a68b-a0b3ccf7272a]
    method: GET
    uri: https://management.azure.com/subscriptions/00000000-0000-0000-0000-000000000000/resourcegroups/cli_test_generalize_vm/providers/Microsoft.Resources/deployments/mock-deployment/operationStatuses/08586896147152549314?api-version=2017-05-10
  response:
    body: {string: '{"status":"Running"}'}
    headers:
      Cache-Control: [no-cache]
      Content-Type: [application/json; charset=utf-8]
      Date: ['Wed, 29 Nov 2017 21:51:01 GMT']
      Expires: ['-1']
      Pragma: [no-cache]
      Strict-Transport-Security: [max-age=31536000; includeSubDomains]
      Vary: [Accept-Encoding]
      content-length: ['20']
    status: {code: 200, message: OK}
- request:
    body: null
    headers:
      Accept: [application/json]
      Accept-Encoding: ['gzip, deflate']
      Connection: [keep-alive]
      Content-Type: [application/json; charset=utf-8]
      User-Agent: [python/3.5.3 (Windows-10-10.0.16299-SP0) requests/2.18.4 msrest/0.4.19
          msrest_azure/0.4.17 resourcemanagementclient/1.2.1 Azure-SDK-For-Python
          AZURECLI/TEST/2.0.22]
      accept-language: [en-US]
      x-ms-client-request-id: [2cfef9be-d54f-11e7-a68b-a0b3ccf7272a]
    method: GET
    uri: https://management.azure.com/subscriptions/00000000-0000-0000-0000-000000000000/resourcegroups/cli_test_generalize_vm/providers/Microsoft.Resources/deployments/mock-deployment/operationStatuses/08586896147152549314?api-version=2017-05-10
  response:
    body: {string: '{"status":"Succeeded"}'}
    headers:
      Cache-Control: [no-cache]
      Content-Type: [application/json; charset=utf-8]
      Date: ['Wed, 29 Nov 2017 21:51:32 GMT']
      Expires: ['-1']
      Pragma: [no-cache]
      Strict-Transport-Security: [max-age=31536000; includeSubDomains]
      Vary: [Accept-Encoding]
      content-length: ['22']
    status: {code: 200, message: OK}
- request:
    body: null
    headers:
      Accept: [application/json]
      Accept-Encoding: ['gzip, deflate']
      Connection: [keep-alive]
      Content-Type: [application/json; charset=utf-8]
      User-Agent: [python/3.5.3 (Windows-10-10.0.16299-SP0) requests/2.18.4 msrest/0.4.19
          msrest_azure/0.4.17 resourcemanagementclient/1.2.1 Azure-SDK-For-Python
          AZURECLI/TEST/2.0.22]
      accept-language: [en-US]
      x-ms-client-request-id: [2cfef9be-d54f-11e7-a68b-a0b3ccf7272a]
    method: GET
    uri: https://management.azure.com/subscriptions/00000000-0000-0000-0000-000000000000/resourcegroups/cli_test_generalize_vm/providers/Microsoft.Resources/deployments/mock-deployment?api-version=2017-05-10
  response:
    body: {string: '{"id":"/subscriptions/00000000-0000-0000-0000-000000000000/resourceGroups/cli_test_generalize_vm/providers/Microsoft.Resources/deployments/vm_deploy_vqUUkoQ9HaKFlhs5bYgMYjHmn0hGwirm","name":"vm_deploy_vqUUkoQ9HaKFlhs5bYgMYjHmn0hGwirm","properties":{"templateHash":"1654755170227772342","parameters":{},"mode":"Incremental","provisioningState":"Succeeded","timestamp":"2017-11-29T21:51:05.8133189Z","duration":"PT1M35.5906167S","correlationId":"445e015e-2a49-437e-beb7-09cf35291486","providers":[{"namespace":"Microsoft.Storage","resourceTypes":[{"resourceType":"storageAccounts","locations":["westus"]}]},{"namespace":"Microsoft.Network","resourceTypes":[{"resourceType":"virtualNetworks","locations":["westus"]},{"resourceType":"networkSecurityGroups","locations":["westus"]},{"resourceType":"publicIPAddresses","locations":["westus"]},{"resourceType":"networkInterfaces","locations":["westus"]}]},{"namespace":"Microsoft.Compute","resourceTypes":[{"resourceType":"virtualMachines","locations":["westus"]}]}],"dependencies":[{"dependsOn":[{"id":"/subscriptions/00000000-0000-0000-0000-000000000000/resourceGroups/cli_test_generalize_vm/providers/Microsoft.Network/virtualNetworks/vm-generalizeVNET","resourceType":"Microsoft.Network/virtualNetworks","resourceName":"vm-generalizeVNET"},{"id":"/subscriptions/00000000-0000-0000-0000-000000000000/resourceGroups/cli_test_generalize_vm/providers/Microsoft.Network/networkSecurityGroups/vm-generalizeNSG","resourceType":"Microsoft.Network/networkSecurityGroups","resourceName":"vm-generalizeNSG"},{"id":"/subscriptions/00000000-0000-0000-0000-000000000000/resourceGroups/cli_test_generalize_vm/providers/Microsoft.Network/publicIPAddresses/vm-generalizePublicIP","resourceType":"Microsoft.Network/publicIPAddresses","resourceName":"vm-generalizePublicIP"}],"id":"/subscriptions/00000000-0000-0000-0000-000000000000/resourceGroups/cli_test_generalize_vm/providers/Microsoft.Network/networkInterfaces/vm-generalizeVMNic","resourceType":"Microsoft.Network/networkInterfaces","resourceName":"vm-generalizeVMNic"},{"dependsOn":[{"id":"/subscriptions/00000000-0000-0000-0000-000000000000/resourceGroups/cli_test_generalize_vm/providers/Microsoft.Storage/storageAccounts/vhdstoragee2a73524ebad1e","resourceType":"Microsoft.Storage/storageAccounts","resourceName":"vhdstoragee2a73524ebad1e"},{"id":"/subscriptions/00000000-0000-0000-0000-000000000000/resourceGroups/cli_test_generalize_vm/providers/Microsoft.Network/networkInterfaces/vm-generalizeVMNic","resourceType":"Microsoft.Network/networkInterfaces","resourceName":"vm-generalizeVMNic"}],"id":"/subscriptions/00000000-0000-0000-0000-000000000000/resourceGroups/cli_test_generalize_vm/providers/Microsoft.Compute/virtualMachines/vm-generalize","resourceType":"Microsoft.Compute/virtualMachines","resourceName":"vm-generalize"}],"outputs":{},"outputResources":[{"id":"/subscriptions/00000000-0000-0000-0000-000000000000/resourceGroups/cli_test_generalize_vm/providers/Microsoft.Compute/virtualMachines/vm-generalize"},{"id":"/subscriptions/00000000-0000-0000-0000-000000000000/resourceGroups/cli_test_generalize_vm/providers/Microsoft.Network/networkInterfaces/vm-generalizeVMNic"},{"id":"/subscriptions/00000000-0000-0000-0000-000000000000/resourceGroups/cli_test_generalize_vm/providers/Microsoft.Network/networkSecurityGroups/vm-generalizeNSG"},{"id":"/subscriptions/00000000-0000-0000-0000-000000000000/resourceGroups/cli_test_generalize_vm/providers/Microsoft.Network/publicIPAddresses/vm-generalizePublicIP"},{"id":"/subscriptions/00000000-0000-0000-0000-000000000000/resourceGroups/cli_test_generalize_vm/providers/Microsoft.Network/virtualNetworks/vm-generalizeVNET"},{"id":"/subscriptions/00000000-0000-0000-0000-000000000000/resourceGroups/cli_test_generalize_vm/providers/Microsoft.Storage/storageAccounts/vhdstoragee2a73524ebad1e"}]}}'}
    headers:
      Cache-Control: [no-cache]
      Content-Type: [application/json; charset=utf-8]
      Date: ['Wed, 29 Nov 2017 21:51:32 GMT']
      Expires: ['-1']
      Pragma: [no-cache]
      Strict-Transport-Security: [max-age=31536000; includeSubDomains]
      Vary: [Accept-Encoding]
      content-length: ['3925']
    status: {code: 200, message: OK}
- request:
    body: null
    headers:
      Accept: [application/json]
      Accept-Encoding: ['gzip, deflate']
      Connection: [keep-alive]
      Content-Type: [application/json; charset=utf-8]
      User-Agent: [python/3.5.3 (Windows-10-10.0.16299-SP0) requests/2.18.4 msrest/0.4.19
          msrest_azure/0.4.17 computemanagementclient/3.0.1 Azure-SDK-For-Python AZURECLI/TEST/2.0.22]
      accept-language: [en-US]
      x-ms-client-request-id: [7707a9de-d54f-11e7-9dd5-a0b3ccf7272a]
    method: GET
    uri: https://management.azure.com/subscriptions/00000000-0000-0000-0000-000000000000/resourceGroups/cli_test_generalize_vm/providers/Microsoft.Compute/virtualMachines/vm-generalize?$expand=instanceView&api-version=2017-03-30
  response:
    body: {string: "{\r\n  \"properties\": {\r\n    \"vmId\": \"e56f4916-9aef-4685-b9c8-f1b1f969e541\"\
        ,\r\n    \"hardwareProfile\": {\r\n      \"vmSize\": \"Standard_DS1_v2\"\r\
        \n    },\r\n    \"storageProfile\": {\r\n      \"imageReference\": {\r\n \
        \       \"publisher\": \"Canonical\",\r\n        \"offer\": \"UbuntuServer\"\
        ,\r\n        \"sku\": \"16.04-LTS\",\r\n        \"version\": \"latest\"\r\n\
        \      },\r\n      \"osDisk\": {\r\n        \"osType\": \"Linux\",\r\n   \
        \     \"name\": \"osdisk_e2a73524eb\",\r\n        \"createOption\": \"FromImage\"\
        ,\r\n        \"vhd\": {\r\n          \"uri\": \"https://vhdstoragee2a73524ebad1e.blob.core.windows.net/vhds/osdisk_e2a73524eb.vhd\"\
        \r\n        },\r\n        \"caching\": \"ReadWrite\",\r\n        \"diskSizeGB\"\
        : 30\r\n      },\r\n      \"dataDisks\": []\r\n    },\r\n    \"osProfile\"\
        : {\r\n      \"computerName\": \"vm-generalize\",\r\n      \"adminUsername\"\
        : \"ubuntu\",\r\n      \"linuxConfiguration\": {\r\n        \"disablePasswordAuthentication\"\
        : false\r\n      },\r\n      \"secrets\": []\r\n    },\r\n    \"networkProfile\"\
        : {\"networkInterfaces\":[{\"id\":\"/subscriptions/00000000-0000-0000-0000-000000000000/resourceGroups/cli_test_generalize_vm/providers/Microsoft.Network/networkInterfaces/vm-generalizeVMNic\"\
        }]},\r\n    \"provisioningState\": \"Succeeded\",\r\n    \"instanceView\"\
        : {\r\n      \"vmAgent\": {\r\n        \"vmAgentVersion\": \"2.2.18\",\r\n\
        \        \"statuses\": [\r\n          {\r\n            \"code\": \"ProvisioningState/succeeded\"\
        ,\r\n            \"level\": \"Info\",\r\n            \"displayStatus\": \"\
        Ready\",\r\n            \"message\": \"Guest Agent is running\",\r\n     \
        \       \"time\": \"2017-11-29T21:51:31+00:00\"\r\n          }\r\n       \
        \ ],\r\n        \"extensionHandlers\": []\r\n      },\r\n      \"disks\":\
        \ [\r\n        {\r\n          \"name\": \"osdisk_e2a73524eb\",\r\n       \
        \   \"statuses\": [\r\n            {\r\n              \"code\": \"ProvisioningState/succeeded\"\
        ,\r\n              \"level\": \"Info\",\r\n              \"displayStatus\"\
        : \"Provisioning succeeded\",\r\n              \"time\": \"2017-11-29T21:49:58.4611131+00:00\"\
        \r\n            }\r\n          ]\r\n        }\r\n      ],\r\n      \"statuses\"\
        : [\r\n        {\r\n          \"code\": \"ProvisioningState/succeeded\",\r\
        \n          \"level\": \"Info\",\r\n          \"displayStatus\": \"Provisioning\
        \ succeeded\",\r\n          \"time\": \"2017-11-29T21:50:46.7132692+00:00\"\
        \r\n        },\r\n        {\r\n          \"code\": \"PowerState/running\"\
        ,\r\n          \"level\": \"Info\",\r\n          \"displayStatus\": \"VM running\"\
        \r\n        }\r\n      ]\r\n    }\r\n  },\r\n  \"type\": \"Microsoft.Compute/virtualMachines\"\
        ,\r\n  \"location\": \"westus\",\r\n  \"tags\": {},\r\n  \"id\": \"/subscriptions/00000000-0000-0000-0000-000000000000/resourceGroups/cli_test_generalize_vm/providers/Microsoft.Compute/virtualMachines/vm-generalize\"\
        ,\r\n  \"name\": \"vm-generalize\"\r\n}"}
    headers:
      Cache-Control: [no-cache]
      Content-Type: [application/json; charset=utf-8]
      Date: ['Wed, 29 Nov 2017 21:51:33 GMT']
      Expires: ['-1']
      Pragma: [no-cache]
      Server: [Microsoft-HTTPAPI/2.0, Microsoft-HTTPAPI/2.0]
      Strict-Transport-Security: [max-age=31536000; includeSubDomains]
      Transfer-Encoding: [chunked]
      Vary: [Accept-Encoding]
      content-length: ['2589']
      x-ms-ratelimit-remaining-resource: ['Microsoft.Compute/LowCostGet3Min;4935,Microsoft.Compute/LowCostGet30Min;39805']
    status: {code: 200, message: OK}
- request:
    body: null
    headers:
      Accept: [application/json]
      Accept-Encoding: ['gzip, deflate']
      Connection: [keep-alive]
      Content-Type: [application/json; charset=utf-8]
      User-Agent: [python/3.5.3 (Windows-10-10.0.16299-SP0) requests/2.18.4 msrest/0.4.19
          msrest_azure/0.4.17 networkmanagementclient/1.6.0 Azure-SDK-For-Python AZURECLI/TEST/2.0.22]
      accept-language: [en-US]
      x-ms-client-request-id: [775c735a-d54f-11e7-9e6d-a0b3ccf7272a]
    method: GET
    uri: https://management.azure.com/subscriptions/00000000-0000-0000-0000-000000000000/resourceGroups/cli_test_generalize_vm/providers/Microsoft.Network/networkInterfaces/vm-generalizeVMNic?api-version=2017-10-01
  response:
    body: {string: "{\r\n  \"name\": \"vm-generalizeVMNic\",\r\n  \"id\": \"/subscriptions/00000000-0000-0000-0000-000000000000/resourceGroups/cli_test_generalize_vm/providers/Microsoft.Network/networkInterfaces/vm-generalizeVMNic\"\
        ,\r\n  \"etag\": \"W/\\\"880c6ea9-9d33-49d7-b000-f8b362c32641\\\"\",\r\n \
        \ \"location\": \"westus\",\r\n  \"tags\": {},\r\n  \"properties\": {\r\n\
        \    \"provisioningState\": \"Succeeded\",\r\n    \"resourceGuid\": \"5fa1f069-6562-4a07-9970-ea1450ffd373\"\
        ,\r\n    \"ipConfigurations\": [\r\n      {\r\n        \"name\": \"ipconfigvm-generalize\"\
        ,\r\n        \"id\": \"/subscriptions/00000000-0000-0000-0000-000000000000/resourceGroups/cli_test_generalize_vm/providers/Microsoft.Network/networkInterfaces/vm-generalizeVMNic/ipConfigurations/ipconfigvm-generalize\"\
        ,\r\n        \"etag\": \"W/\\\"880c6ea9-9d33-49d7-b000-f8b362c32641\\\"\"\
        ,\r\n        \"properties\": {\r\n          \"provisioningState\": \"Succeeded\"\
        ,\r\n          \"privateIPAddress\": \"10.0.0.4\",\r\n          \"privateIPAllocationMethod\"\
        : \"Dynamic\",\r\n          \"publicIPAddress\": {\r\n            \"id\":\
        \ \"/subscriptions/00000000-0000-0000-0000-000000000000/resourceGroups/cli_test_generalize_vm/providers/Microsoft.Network/publicIPAddresses/vm-generalizePublicIP\"\
        \r\n          },\r\n          \"subnet\": {\r\n            \"id\": \"/subscriptions/00000000-0000-0000-0000-000000000000/resourceGroups/cli_test_generalize_vm/providers/Microsoft.Network/virtualNetworks/vm-generalizeVNET/subnets/vm-generalizeSubnet\"\
        \r\n          },\r\n          \"primary\": true,\r\n          \"privateIPAddressVersion\"\
        : \"IPv4\"\r\n        }\r\n      }\r\n    ],\r\n    \"dnsSettings\": {\r\n\
        \      \"dnsServers\": [],\r\n      \"appliedDnsServers\": [],\r\n      \"\
        internalDomainNameSuffix\": \"1bjofldkc2audoayyzvefoq3rc.dx.internal.cloudapp.net\"\
        \r\n    },\r\n    \"macAddress\": \"00-0D-3A-30-B6-1B\",\r\n    \"enableAcceleratedNetworking\"\
        : false,\r\n    \"enableIPForwarding\": false,\r\n    \"networkSecurityGroup\"\
        : {\r\n      \"id\": \"/subscriptions/00000000-0000-0000-0000-000000000000/resourceGroups/cli_test_generalize_vm/providers/Microsoft.Network/networkSecurityGroups/vm-generalizeNSG\"\
        \r\n    },\r\n    \"primary\": true,\r\n    \"virtualMachine\": {\r\n    \
        \  \"id\": \"/subscriptions/00000000-0000-0000-0000-000000000000/resourceGroups/cli_test_generalize_vm/providers/Microsoft.Compute/virtualMachines/vm-generalize\"\
        \r\n    }\r\n  },\r\n  \"type\": \"Microsoft.Network/networkInterfaces\"\r\
        \n}"}
    headers:
      Cache-Control: [no-cache]
      Content-Type: [application/json; charset=utf-8]
      Date: ['Wed, 29 Nov 2017 21:51:34 GMT']
      ETag: [W/"880c6ea9-9d33-49d7-b000-f8b362c32641"]
      Expires: ['-1']
      Pragma: [no-cache]
      Server: [Microsoft-HTTPAPI/2.0, Microsoft-HTTPAPI/2.0]
      Strict-Transport-Security: [max-age=31536000; includeSubDomains]
      Transfer-Encoding: [chunked]
      Vary: [Accept-Encoding]
      content-length: ['2313']
    status: {code: 200, message: OK}
- request:
    body: null
    headers:
      Accept: [application/json]
      Accept-Encoding: ['gzip, deflate']
      Connection: [keep-alive]
      Content-Type: [application/json; charset=utf-8]
      User-Agent: [python/3.5.3 (Windows-10-10.0.16299-SP0) requests/2.18.4 msrest/0.4.19
          msrest_azure/0.4.17 networkmanagementclient/1.6.0 Azure-SDK-For-Python AZURECLI/TEST/2.0.22]
      accept-language: [en-US]
      x-ms-client-request-id: [779e7058-d54f-11e7-8d88-a0b3ccf7272a]
    method: GET
    uri: https://management.azure.com/subscriptions/00000000-0000-0000-0000-000000000000/resourceGroups/cli_test_generalize_vm/providers/Microsoft.Network/publicIPAddresses/vm-generalizePublicIP?api-version=2017-10-01
  response:
    body: {string: "{\r\n  \"name\": \"vm-generalizePublicIP\",\r\n  \"id\": \"/subscriptions/00000000-0000-0000-0000-000000000000/resourceGroups/cli_test_generalize_vm/providers/Microsoft.Network/publicIPAddresses/vm-generalizePublicIP\"\
        ,\r\n  \"etag\": \"W/\\\"11a39fda-df9b-4f1a-b5e3-b93f85351798\\\"\",\r\n \
        \ \"location\": \"westus\",\r\n  \"tags\": {},\r\n  \"properties\": {\r\n\
        \    \"provisioningState\": \"Succeeded\",\r\n    \"resourceGuid\": \"ee57adc6-2716-4dca-bf50-07593ded7c44\"\
        ,\r\n    \"ipAddress\": \"104.42.111.89\",\r\n    \"publicIPAddressVersion\"\
        : \"IPv4\",\r\n    \"publicIPAllocationMethod\": \"Dynamic\",\r\n    \"idleTimeoutInMinutes\"\
        : 4,\r\n    \"ipTags\": [],\r\n    \"ipConfiguration\": {\r\n      \"id\"\
        : \"/subscriptions/00000000-0000-0000-0000-000000000000/resourceGroups/cli_test_generalize_vm/providers/Microsoft.Network/networkInterfaces/vm-generalizeVMNic/ipConfigurations/ipconfigvm-generalize\"\
        \r\n    }\r\n  },\r\n  \"type\": \"Microsoft.Network/publicIPAddresses\",\r\
        \n  \"sku\": {\r\n    \"name\": \"Basic\"\r\n  }\r\n}"}
    headers:
      Cache-Control: [no-cache]
      Content-Type: [application/json; charset=utf-8]
      Date: ['Wed, 29 Nov 2017 21:51:34 GMT']
      ETag: [W/"11a39fda-df9b-4f1a-b5e3-b93f85351798"]
      Expires: ['-1']
      Pragma: [no-cache]
      Server: [Microsoft-HTTPAPI/2.0, Microsoft-HTTPAPI/2.0]
      Strict-Transport-Security: [max-age=31536000; includeSubDomains]
      Transfer-Encoding: [chunked]
      Vary: [Accept-Encoding]
      content-length: ['943']
    status: {code: 200, message: OK}
- request:
    body: null
    headers:
      Accept: [application/json]
      Accept-Encoding: ['gzip, deflate']
      Connection: [keep-alive]
      Content-Length: ['0']
      Content-Type: [application/json; charset=utf-8]
      User-Agent: [python/3.5.3 (Windows-10-10.0.16299-SP0) requests/2.18.4 msrest/0.4.19
          msrest_azure/0.4.17 computemanagementclient/3.0.1 Azure-SDK-For-Python AZURECLI/TEST/2.0.22]
      accept-language: [en-US]
      x-ms-client-request-id: [77ddce58-d54f-11e7-a036-a0b3ccf7272a]
    method: POST
    uri: https://management.azure.com/subscriptions/00000000-0000-0000-0000-000000000000/resourceGroups/cli_test_generalize_vm/providers/Microsoft.Compute/virtualMachines/vm-generalize/powerOff?api-version=2017-03-30
  response:
    body: {string: ''}
    headers:
      Azure-AsyncOperation: ['https://management.azure.com/subscriptions/0b1f6471-1bf0-4dda-aec3-cb9272f09590/providers/Microsoft.Compute/locations/westus/operations/ec2ec3a9-2aea-4114-a2ce-b3c438e0e586?api-version=2017-03-30']
      Cache-Control: [no-cache]
      Content-Length: ['0']
      Date: ['Wed, 29 Nov 2017 21:51:35 GMT']
      Expires: ['-1']
      Location: ['https://management.azure.com/subscriptions/0b1f6471-1bf0-4dda-aec3-cb9272f09590/providers/Microsoft.Compute/locations/westus/operations/ec2ec3a9-2aea-4114-a2ce-b3c438e0e586?monitor=true&api-version=2017-03-30']
      Pragma: [no-cache]
      Server: [Microsoft-HTTPAPI/2.0, Microsoft-HTTPAPI/2.0]
      Strict-Transport-Security: [max-age=31536000; includeSubDomains]
      x-ms-ratelimit-remaining-resource: ['Microsoft.Compute/DeleteVM3Min;293,Microsoft.Compute/DeleteVM30Min;1469']
      x-ms-ratelimit-remaining-subscription-writes: ['1193']
    status: {code: 202, message: Accepted}
- request:
    body: null
    headers:
      Accept: [application/json]
      Accept-Encoding: ['gzip, deflate']
      Connection: [keep-alive]
      Content-Type: [application/json; charset=utf-8]
      User-Agent: [python/3.5.3 (Windows-10-10.0.16299-SP0) requests/2.18.4 msrest/0.4.19
          msrest_azure/0.4.17 computemanagementclient/3.0.1 Azure-SDK-For-Python AZURECLI/TEST/2.0.22]
      accept-language: [en-US]
      x-ms-client-request-id: [77ddce58-d54f-11e7-a036-a0b3ccf7272a]
    method: GET
    uri: https://management.azure.com/subscriptions/00000000-0000-0000-0000-000000000000/providers/Microsoft.Compute/locations/westus/operations/ec2ec3a9-2aea-4114-a2ce-b3c438e0e586?api-version=2017-03-30
  response:
    body: {string: "{\r\n  \"startTime\": \"2017-11-29T21:51:34.6077426+00:00\",\r\
        \n  \"endTime\": \"2017-11-29T21:51:40.2017751+00:00\",\r\n  \"status\": \"\
        Succeeded\",\r\n  \"name\": \"ec2ec3a9-2aea-4114-a2ce-b3c438e0e586\"\r\n}"}
    headers:
      Cache-Control: [no-cache]
      Content-Type: [application/json; charset=utf-8]
      Date: ['Wed, 29 Nov 2017 21:52:05 GMT']
      Expires: ['-1']
      Pragma: [no-cache]
      Server: [Microsoft-HTTPAPI/2.0, Microsoft-HTTPAPI/2.0]
      Strict-Transport-Security: [max-age=31536000; includeSubDomains]
      Transfer-Encoding: [chunked]
      Vary: [Accept-Encoding]
      content-length: ['184']
      x-ms-ratelimit-remaining-resource: ['Microsoft.Compute/GetOperation3Min;2076,Microsoft.Compute/GetOperation30Min;17510']
    status: {code: 200, message: OK}
- request:
    body: null
    headers:
      Accept: [application/json]
      Accept-Encoding: ['gzip, deflate']
      Connection: [keep-alive]
      Content-Length: ['0']
      Content-Type: [application/json; charset=utf-8]
      User-Agent: [python/3.5.3 (Windows-10-10.0.16299-SP0) requests/2.18.4 msrest/0.4.19
          msrest_azure/0.4.17 computemanagementclient/3.0.1 Azure-SDK-For-Python AZURECLI/TEST/2.0.22]
      accept-language: [en-US]
      x-ms-client-request-id: [8a9ecb12-d54f-11e7-8aa6-a0b3ccf7272a]
    method: POST
    uri: https://management.azure.com/subscriptions/00000000-0000-0000-0000-000000000000/resourceGroups/cli_test_generalize_vm/providers/Microsoft.Compute/virtualMachines/vm-generalize/generalize?api-version=2017-03-30
  response:
    body: {string: ''}
    headers:
      Cache-Control: [no-cache]
      Content-Length: ['0']
      Date: ['Wed, 29 Nov 2017 21:52:06 GMT']
      Expires: ['-1']
      Pragma: [no-cache]
      Server: [Microsoft-HTTPAPI/2.0, Microsoft-HTTPAPI/2.0]
      Strict-Transport-Security: [max-age=31536000; includeSubDomains]
      x-ms-ratelimit-remaining-resource: ['Microsoft.Compute/DeleteVM3Min;292,Microsoft.Compute/DeleteVM30Min;1468']
      x-ms-ratelimit-remaining-subscription-writes: ['1197']
    status: {code: 200, message: OK}
- request:
    body: null
    headers:
      Accept: [application/json]
      Accept-Encoding: ['gzip, deflate']
      Connection: [keep-alive]
      Content-Type: [application/json; charset=utf-8]
      User-Agent: [python/3.5.3 (Windows-10-10.0.16299-SP0) requests/2.18.4 msrest/0.4.19
          msrest_azure/0.4.17 computemanagementclient/3.0.1 Azure-SDK-For-Python AZURECLI/TEST/2.0.22]
      accept-language: [en-US]
      x-ms-client-request-id: [8ac7404c-d54f-11e7-80df-a0b3ccf7272a]
    method: GET
    uri: https://management.azure.com/subscriptions/00000000-0000-0000-0000-000000000000/resourceGroups/cli_test_generalize_vm/providers/Microsoft.Compute/virtualMachines/vm-generalize?api-version=2017-03-30
  response:
    body: {string: "{\r\n  \"properties\": {\r\n    \"vmId\": \"e56f4916-9aef-4685-b9c8-f1b1f969e541\"\
        ,\r\n    \"hardwareProfile\": {\r\n      \"vmSize\": \"Standard_DS1_v2\"\r\
        \n    },\r\n    \"storageProfile\": {\r\n      \"imageReference\": {\r\n \
        \       \"publisher\": \"Canonical\",\r\n        \"offer\": \"UbuntuServer\"\
        ,\r\n        \"sku\": \"16.04-LTS\",\r\n        \"version\": \"latest\"\r\n\
        \      },\r\n      \"osDisk\": {\r\n        \"osType\": \"Linux\",\r\n   \
        \     \"name\": \"osdisk_e2a73524eb\",\r\n        \"createOption\": \"FromImage\"\
        ,\r\n        \"vhd\": {\r\n          \"uri\": \"https://vhdstoragee2a73524ebad1e.blob.core.windows.net/vhds/osdisk_e2a73524eb.vhd\"\
        \r\n        },\r\n        \"caching\": \"ReadWrite\",\r\n        \"diskSizeGB\"\
        : 30\r\n      },\r\n      \"dataDisks\": []\r\n    },\r\n    \"osProfile\"\
        : {\r\n      \"computerName\": \"vm-generalize\",\r\n      \"adminUsername\"\
        : \"ubuntu\",\r\n      \"linuxConfiguration\": {\r\n        \"disablePasswordAuthentication\"\
        : false\r\n      },\r\n      \"secrets\": []\r\n    },\r\n    \"networkProfile\"\
        : {\"networkInterfaces\":[{\"id\":\"/subscriptions/00000000-0000-0000-0000-000000000000/resourceGroups/cli_test_generalize_vm/providers/Microsoft.Network/networkInterfaces/vm-generalizeVMNic\"\
        }]},\r\n    \"provisioningState\": \"Succeeded\"\r\n  },\r\n  \"type\": \"\
        Microsoft.Compute/virtualMachines\",\r\n  \"location\": \"westus\",\r\n  \"\
        tags\": {},\r\n  \"id\": \"/subscriptions/00000000-0000-0000-0000-000000000000/resourceGroups/cli_test_generalize_vm/providers/Microsoft.Compute/virtualMachines/vm-generalize\"\
        ,\r\n  \"name\": \"vm-generalize\"\r\n}"}
    headers:
      Cache-Control: [no-cache]
      Content-Type: [application/json; charset=utf-8]
      Date: ['Wed, 29 Nov 2017 21:52:06 GMT']
      Expires: ['-1']
      Pragma: [no-cache]
      Server: [Microsoft-HTTPAPI/2.0, Microsoft-HTTPAPI/2.0]
      Strict-Transport-Security: [max-age=31536000; includeSubDomains]
      Transfer-Encoding: [chunked]
      Vary: [Accept-Encoding]
      content-length: ['1444']
      x-ms-ratelimit-remaining-resource: ['Microsoft.Compute/LowCostGet3Min;4944,Microsoft.Compute/LowCostGet30Min;39799']
    status: {code: 200, message: OK}
- request:
    body: '{"vhdPrefix": "vmtest", "overwriteVhds": true, "destinationContainerName":
      "vhds"}'
    headers:
      Accept: [application/json]
      Accept-Encoding: ['gzip, deflate']
      Connection: [keep-alive]
      Content-Length: ['82']
      Content-Type: [application/json; charset=utf-8]
      User-Agent: [python/3.5.3 (Windows-10-10.0.16299-SP0) requests/2.18.4 msrest/0.4.19
          msrest_azure/0.4.17 computemanagementclient/3.0.1 Azure-SDK-For-Python AZURECLI/TEST/2.0.22]
      accept-language: [en-US]
      x-ms-client-request-id: [8b041a5c-d54f-11e7-ae62-a0b3ccf7272a]
    method: POST
    uri: https://management.azure.com/subscriptions/00000000-0000-0000-0000-000000000000/resourceGroups/cli_test_generalize_vm/providers/Microsoft.Compute/virtualMachines/vm-generalize/capture?api-version=2017-03-30
  response:
    body: {string: ''}
    headers:
      Azure-AsyncOperation: ['https://management.azure.com/subscriptions/0b1f6471-1bf0-4dda-aec3-cb9272f09590/providers/Microsoft.Compute/locations/westus/operations/528ee991-ca37-4952-b8ff-c88e00eb2623?api-version=2017-03-30']
      Cache-Control: [no-cache]
      Content-Length: ['0']
      Date: ['Wed, 29 Nov 2017 21:52:07 GMT']
      Expires: ['-1']
      Location: ['https://management.azure.com/subscriptions/0b1f6471-1bf0-4dda-aec3-cb9272f09590/providers/Microsoft.Compute/locations/westus/operations/528ee991-ca37-4952-b8ff-c88e00eb2623?monitor=true&api-version=2017-03-30']
      Pragma: [no-cache]
      Server: [Microsoft-HTTPAPI/2.0, Microsoft-HTTPAPI/2.0]
      Strict-Transport-Security: [max-age=31536000; includeSubDomains]
      x-ms-ratelimit-remaining-resource: ['Microsoft.Compute/CreateUpdateVM3Min;292,Microsoft.Compute/CreateUpdateVM30Min;1457']
      x-ms-ratelimit-remaining-subscription-writes: ['1191']
    status: {code: 202, message: Accepted}
- request:
    body: null
    headers:
      Accept: [application/json]
      Accept-Encoding: ['gzip, deflate']
      Connection: [keep-alive]
      Content-Type: [application/json; charset=utf-8]
      User-Agent: [python/3.5.3 (Windows-10-10.0.16299-SP0) requests/2.18.4 msrest/0.4.19
          msrest_azure/0.4.17 computemanagementclient/3.0.1 Azure-SDK-For-Python AZURECLI/TEST/2.0.22]
      accept-language: [en-US]
      x-ms-client-request-id: [8b041a5c-d54f-11e7-ae62-a0b3ccf7272a]
    method: GET
    uri: https://management.azure.com/subscriptions/00000000-0000-0000-0000-000000000000/providers/Microsoft.Compute/locations/westus/operations/528ee991-ca37-4952-b8ff-c88e00eb2623?api-version=2017-03-30
  response:
    body: {string: "{\r\n  \"startTime\": \"2017-11-29T21:52:06.8123462+00:00\",\r\
        \n  \"endTime\": \"2017-11-29T21:52:07.0623615+00:00\",\r\n  \"status\": \"\
        Succeeded\",\r\n  \"properties\": {\r\n    \"output\": {\"$schema\":\"http://schema.management.azure.com/schemas/2014-04-01-preview/VM_IP.json\"\
        ,\"contentVersion\":\"1.0.0.0\",\"parameters\":{\"vmName\":{\"type\":\"string\"\
        },\"vmSize\":{\"type\":\"string\",\"defaultValue\":\"Standard_DS1_v2\"},\"\
        adminUserName\":{\"type\":\"string\"},\"adminPassword\":{\"type\":\"securestring\"\
        },\"networkInterfaceId\":{\"type\":\"string\"}},\"resources\":[{\"apiVersion\"\
        :\"2017-03-30\",\"properties\":{\"hardwareProfile\":{\"vmSize\":\"[parameters('vmSize')]\"\
        },\"storageProfile\":{\"osDisk\":{\"osType\":\"Linux\",\"name\":\"vmtest-osDisk.e56f4916-9aef-4685-b9c8-f1b1f969e541.vhd\"\
        ,\"createOption\":\"FromImage\",\"image\":{\"uri\":\"https://vhdstoragee2a73524ebad1e.blob.core.windows.net/system/Microsoft.Compute/Images/vhds/vmtest-osDisk.e56f4916-9aef-4685-b9c8-f1b1f969e541.vhd\"\
        },\"vhd\":{\"uri\":\"https://vhdstoragee2a73524ebad1e.blob.core.windows.net/vmcontainer6ebff45b-a722-4875-b2a6-b7dff23c7ca2/osDisk.6ebff45b-a722-4875-b2a6-b7dff23c7ca2.vhd\"\
        },\"caching\":\"ReadWrite\"}},\"osProfile\":{\"computerName\":\"[parameters('vmName')]\"\
        ,\"adminUsername\":\"[parameters('adminUsername')]\",\"adminPassword\":\"\
        [parameters('adminPassword')]\"},\"networkProfile\":{\"networkInterfaces\"\
        :[{\"id\":\"[parameters('networkInterfaceId')]\"}]},\"provisioningState\"\
        :0},\"type\":\"Microsoft.Compute/virtualMachines\",\"location\":\"westus\"\
        ,\"name\":\"[parameters('vmName')]\"}]}\r\n  },\r\n  \"name\": \"528ee991-ca37-4952-b8ff-c88e00eb2623\"\
        \r\n}"}
    headers:
      Cache-Control: [no-cache]
      Content-Type: [application/json; charset=utf-8]
      Date: ['Wed, 29 Nov 2017 21:52:37 GMT']
      Expires: ['-1']
      Pragma: [no-cache]
      Server: [Microsoft-HTTPAPI/2.0, Microsoft-HTTPAPI/2.0]
      Strict-Transport-Security: [max-age=31536000; includeSubDomains]
      Transfer-Encoding: [chunked]
      Vary: [Accept-Encoding]
      content-length: ['1508']
      x-ms-ratelimit-remaining-resource: ['Microsoft.Compute/GetOperation3Min;2085,Microsoft.Compute/GetOperation30Min;17497']
    status: {code: 200, message: OK}
- request:
    body: null
    headers:
      Accept: [application/json]
      Accept-Encoding: ['gzip, deflate']
      Connection: [keep-alive]
      Content-Type: [application/json; charset=utf-8]
      User-Agent: [python/3.5.3 (Windows-10-10.0.16299-SP0) requests/2.18.4 msrest/0.4.19
          msrest_azure/0.4.17 computemanagementclient/3.0.1 Azure-SDK-For-Python AZURECLI/TEST/2.0.22]
      accept-language: [en-US]
      x-ms-client-request-id: [9df1ddee-d54f-11e7-aa46-a0b3ccf7272a]
    method: GET
    uri: https://management.azure.com/subscriptions/00000000-0000-0000-0000-000000000000/resourceGroups/cli_test_generalize_vm/providers/Microsoft.Compute/virtualMachines/vm-generalize?api-version=2017-03-30
  response:
    body: {string: "{\r\n  \"properties\": {\r\n    \"vmId\": \"e56f4916-9aef-4685-b9c8-f1b1f969e541\"\
        ,\r\n    \"hardwareProfile\": {\r\n      \"vmSize\": \"Standard_DS1_v2\"\r\
        \n    },\r\n    \"storageProfile\": {\r\n      \"imageReference\": {\r\n \
        \       \"publisher\": \"Canonical\",\r\n        \"offer\": \"UbuntuServer\"\
        ,\r\n        \"sku\": \"16.04-LTS\",\r\n        \"version\": \"latest\"\r\n\
        \      },\r\n      \"osDisk\": {\r\n        \"osType\": \"Linux\",\r\n   \
        \     \"name\": \"osdisk_e2a73524eb\",\r\n        \"createOption\": \"FromImage\"\
        ,\r\n        \"vhd\": {\r\n          \"uri\": \"https://vhdstoragee2a73524ebad1e.blob.core.windows.net/vhds/osdisk_e2a73524eb.vhd\"\
        \r\n        },\r\n        \"caching\": \"ReadWrite\",\r\n        \"diskSizeGB\"\
        : 30\r\n      },\r\n      \"dataDisks\": []\r\n    },\r\n    \"osProfile\"\
        : {\r\n      \"computerName\": \"vm-generalize\",\r\n      \"adminUsername\"\
        : \"ubuntu\",\r\n      \"linuxConfiguration\": {\r\n        \"disablePasswordAuthentication\"\
        : false\r\n      },\r\n      \"secrets\": []\r\n    },\r\n    \"networkProfile\"\
        : {\"networkInterfaces\":[{\"id\":\"/subscriptions/00000000-0000-0000-0000-000000000000/resourceGroups/cli_test_generalize_vm/providers/Microsoft.Network/networkInterfaces/vm-generalizeVMNic\"\
        }]},\r\n    \"provisioningState\": \"Succeeded\"\r\n  },\r\n  \"type\": \"\
        Microsoft.Compute/virtualMachines\",\r\n  \"location\": \"westus\",\r\n  \"\
        tags\": {},\r\n  \"id\": \"/subscriptions/00000000-0000-0000-0000-000000000000/resourceGroups/cli_test_generalize_vm/providers/Microsoft.Compute/virtualMachines/vm-generalize\"\
        ,\r\n  \"name\": \"vm-generalize\"\r\n}"}
    headers:
      Cache-Control: [no-cache]
      Content-Type: [application/json; charset=utf-8]
      Date: ['Wed, 29 Nov 2017 21:52:38 GMT']
      Expires: ['-1']
      Pragma: [no-cache]
      Server: [Microsoft-HTTPAPI/2.0, Microsoft-HTTPAPI/2.0]
      Strict-Transport-Security: [max-age=31536000; includeSubDomains]
      Transfer-Encoding: [chunked]
      Vary: [Accept-Encoding]
      content-length: ['1444']
      x-ms-ratelimit-remaining-resource: ['Microsoft.Compute/LowCostGet3Min;4943,Microsoft.Compute/LowCostGet30Min;39793']
    status: {code: 200, message: OK}
- request:
    body: null
    headers:
      Accept: [application/json]
      Accept-Encoding: ['gzip, deflate']
      Connection: [keep-alive]
      Content-Type: [application/json; charset=utf-8]
      User-Agent: [python/3.5.3 (Windows-10-10.0.16299-SP0) requests/2.18.4 msrest/0.4.19
          msrest_azure/0.4.17 resourcemanagementclient/1.2.1 Azure-SDK-For-Python
          AZURECLI/TEST/2.0.22]
      accept-language: [en-US]
      x-ms-client-request-id: [9e0e8eec-d54f-11e7-86d7-a0b3ccf7272a]
    method: GET
    uri: https://management.azure.com/subscriptions/00000000-0000-0000-0000-000000000000/resourcegroups/cli_test_generalize_vm?api-version=2017-05-10
  response:
    body: {string: '{"id":"/subscriptions/00000000-0000-0000-0000-000000000000/resourceGroups/cli_test_generalize_vm","name":"cli_test_generalize_vm","location":"westus","tags":{"use":"az-test"},"properties":{"provisioningState":"Succeeded"}}'}
    headers:
      Cache-Control: [no-cache]
      Content-Type: [application/json; charset=utf-8]
      Date: ['Wed, 29 Nov 2017 21:52:38 GMT']
      Expires: ['-1']
      Pragma: [no-cache]
      Strict-Transport-Security: [max-age=31536000; includeSubDomains]
      Vary: [Accept-Encoding]
      content-length: ['234']
    status: {code: 200, message: OK}
- request:
    body: '{"location": "westus", "properties": {"sourceVirtualMachine": {"id": "/subscriptions/0b1f6471-1bf0-4dda-aec3-cb9272f09590/resourceGroups/cli_test_generalize_vm/providers/Microsoft.Compute/virtualMachines/vm-generalize"}}}'
    headers:
      Accept: [application/json]
      Accept-Encoding: ['gzip, deflate']
      Connection: [keep-alive]
      Content-Length: ['227']
      Content-Type: [application/json; charset=utf-8]
      User-Agent: [python/3.5.3 (Windows-10-10.0.16299-SP0) requests/2.18.4 msrest/0.4.19
          msrest_azure/0.4.17 computemanagementclient/3.0.1 Azure-SDK-For-Python AZURECLI/TEST/2.0.22]
      accept-language: [en-US]
      x-ms-client-request-id: [9e27efb0-d54f-11e7-972b-a0b3ccf7272a]
    method: PUT
    uri: https://management.azure.com/subscriptions/00000000-0000-0000-0000-000000000000/resourceGroups/cli_test_generalize_vm/providers/Microsoft.Compute/images/myImage?api-version=2017-03-30
  response:
    body: {string: "{\r\n  \"properties\": {\r\n    \"sourceVirtualMachine\": {\r\n\
        \      \"id\": \"/subscriptions/00000000-0000-0000-0000-000000000000/resourceGroups/cli_test_generalize_vm/providers/Microsoft.Compute/virtualMachines/vm-generalize\"\
        \r\n    },\r\n    \"storageProfile\": {\r\n      \"osDisk\": {\r\n       \
        \ \"osType\": \"Linux\",\r\n        \"osState\": \"Generalized\",\r\n    \
        \    \"diskSizeGB\": 30,\r\n        \"blobUri\": \"https://vhdstoragee2a73524ebad1e.blob.core.windows.net/vhds/osdisk_e2a73524eb.vhd\"\
        ,\r\n        \"caching\": \"ReadWrite\"\r\n      },\r\n      \"dataDisks\"\
        : []\r\n    },\r\n    \"provisioningState\": \"Creating\"\r\n  },\r\n  \"\
        type\": \"Microsoft.Compute/images\",\r\n  \"location\": \"westus\",\r\n \
        \ \"id\": \"/subscriptions/00000000-0000-0000-0000-000000000000/resourceGroups/cli_test_generalize_vm/providers/Microsoft.Compute/images/myImage\"\
        ,\r\n  \"name\": \"myImage\"\r\n}"}
    headers:
      Azure-AsyncOperation: ['https://management.azure.com/subscriptions/0b1f6471-1bf0-4dda-aec3-cb9272f09590/providers/Microsoft.Compute/locations/westus/operations/7074b90f-2b54-4fbd-84c9-aac1ed2764bc?api-version=2017-03-30']
      Cache-Control: [no-cache]
      Content-Length: ['822']
      Content-Type: [application/json; charset=utf-8]
      Date: ['Wed, 29 Nov 2017 21:52:44 GMT']
      Expires: ['-1']
      Pragma: [no-cache]
      Server: [Microsoft-HTTPAPI/2.0, Microsoft-HTTPAPI/2.0]
      Strict-Transport-Security: [max-age=31536000; includeSubDomains]
      x-ms-ratelimit-remaining-resource: ['Microsoft.Compute/CreateImages3Min;39,Microsoft.Compute/CreateImages30Min;198']
      x-ms-ratelimit-remaining-subscription-writes: ['1197']
    status: {code: 201, message: Created}
- request:
    body: null
    headers:
      Accept: [application/json]
      Accept-Encoding: ['gzip, deflate']
      Connection: [keep-alive]
      Content-Type: [application/json; charset=utf-8]
      User-Agent: [python/3.5.3 (Windows-10-10.0.16299-SP0) requests/2.18.4 msrest/0.4.19
          msrest_azure/0.4.17 computemanagementclient/3.0.1 Azure-SDK-For-Python AZURECLI/TEST/2.0.22]
      accept-language: [en-US]
      x-ms-client-request-id: [9e27efb0-d54f-11e7-972b-a0b3ccf7272a]
    method: GET
    uri: https://management.azure.com/subscriptions/00000000-0000-0000-0000-000000000000/providers/Microsoft.Compute/locations/westus/operations/7074b90f-2b54-4fbd-84c9-aac1ed2764bc?api-version=2017-03-30
  response:
    body: {string: "{\r\n  \"startTime\": \"2017-11-29T21:52:39.4440181+00:00\",\r\
        \n  \"endTime\": \"2017-11-29T21:52:49.5538448+00:00\",\r\n  \"status\": \"\
        Succeeded\",\r\n  \"name\": \"7074b90f-2b54-4fbd-84c9-aac1ed2764bc\"\r\n}"}
    headers:
      Cache-Control: [no-cache]
      Content-Type: [application/json; charset=utf-8]
      Date: ['Wed, 29 Nov 2017 21:53:14 GMT']
      Expires: ['-1']
      Pragma: [no-cache]
      Server: [Microsoft-HTTPAPI/2.0, Microsoft-HTTPAPI/2.0]
      Strict-Transport-Security: [max-age=31536000; includeSubDomains]
      Transfer-Encoding: [chunked]
      Vary: [Accept-Encoding]
      content-length: ['184']
      x-ms-ratelimit-remaining-resource: ['Microsoft.Compute/GetOperation3Min;2080,Microsoft.Compute/GetOperation30Min;17475']
    status: {code: 200, message: OK}
- request:
    body: null
    headers:
      Accept: [application/json]
      Accept-Encoding: ['gzip, deflate']
      Connection: [keep-alive]
      Content-Type: [application/json; charset=utf-8]
      User-Agent: [python/3.5.3 (Windows-10-10.0.16299-SP0) requests/2.18.4 msrest/0.4.19
          msrest_azure/0.4.17 computemanagementclient/3.0.1 Azure-SDK-For-Python AZURECLI/TEST/2.0.22]
      accept-language: [en-US]
      x-ms-client-request-id: [9e27efb0-d54f-11e7-972b-a0b3ccf7272a]
    method: GET
    uri: https://management.azure.com/subscriptions/00000000-0000-0000-0000-000000000000/resourceGroups/cli_test_generalize_vm/providers/Microsoft.Compute/images/myImage?api-version=2017-03-30
  response:
    body: {string: "{\r\n  \"properties\": {\r\n    \"sourceVirtualMachine\": {\r\n\
        \      \"id\": \"/subscriptions/00000000-0000-0000-0000-000000000000/resourceGroups/cli_test_generalize_vm/providers/Microsoft.Compute/virtualMachines/vm-generalize\"\
        \r\n    },\r\n    \"storageProfile\": {\r\n      \"osDisk\": {\r\n       \
        \ \"osType\": \"Linux\",\r\n        \"osState\": \"Generalized\",\r\n    \
        \    \"diskSizeGB\": 30,\r\n        \"blobUri\": \"https://vhdstoragee2a73524ebad1e.blob.core.windows.net/vhds/osdisk_e2a73524eb.vhd\"\
        ,\r\n        \"caching\": \"ReadWrite\",\r\n        \"storageAccountType\"\
        : \"Standard_LRS\"\r\n      },\r\n      \"dataDisks\": []\r\n    },\r\n  \
        \  \"provisioningState\": \"Succeeded\"\r\n  },\r\n  \"type\": \"Microsoft.Compute/images\"\
        ,\r\n  \"location\": \"westus\",\r\n  \"id\": \"/subscriptions/00000000-0000-0000-0000-000000000000/resourceGroups/cli_test_generalize_vm/providers/Microsoft.Compute/images/myImage\"\
        ,\r\n  \"name\": \"myImage\"\r\n}"}
    headers:
      Cache-Control: [no-cache]
      Content-Type: [application/json; charset=utf-8]
      Date: ['Wed, 29 Nov 2017 21:53:15 GMT']
      Expires: ['-1']
      Pragma: [no-cache]
      Server: [Microsoft-HTTPAPI/2.0, Microsoft-HTTPAPI/2.0]
      Strict-Transport-Security: [max-age=31536000; includeSubDomains]
      Transfer-Encoding: [chunked]
      Vary: [Accept-Encoding]
      content-length: ['870']
      x-ms-ratelimit-remaining-resource: ['Microsoft.Compute/GetImages3Min;356,Microsoft.Compute/GetImages30Min;2492']
    status: {code: 200, message: OK}
version: 1
