interactions:
- request:
    body: null
    headers:
      Connection: [close]
      Host: [raw.githubusercontent.com]
      User-Agent: [Python-urllib/2.7]
    method: GET
    uri: https://raw.githubusercontent.com/Azure/azure-rest-api-specs/master/arm-compute/quickstart-templates/aliases.json
  response:
    body: {string: !!python/unicode "{\n  \"$schema\":\"http://schema.management.azure.com/schemas/2015-01-01/deploymentTemplate.json\"\
        ,\n  \"contentVersion\":\"1.0.0.0\",\n  \"parameters\":{},\n  \"variables\"\
        :{},\n  \"resources\":[],\n\n  \"outputs\":{\n    \"aliases\":{\n      \"\
        type\":\"object\",\n      \"value\":{\n\n        \"Linux\":{\n          \"\
        CentOS\":{\n            \"publisher\":\"OpenLogic\",\n            \"offer\"\
        :\"CentOS\",\n            \"sku\":\"7.3\",\n            \"version\":\"latest\"\
        \n          },\n          \"CoreOS\":{\n            \"publisher\":\"CoreOS\"\
        ,\n            \"offer\":\"CoreOS\",\n            \"sku\":\"Stable\",\n  \
        \          \"version\":\"latest\"\n          },\n          \"Debian\":{\n\
        \            \"publisher\":\"credativ\",\n            \"offer\":\"Debian\"\
        ,\n            \"sku\":\"8\",\n            \"version\":\"latest\"\n      \
        \    },\n          \"openSUSE-Leap\": {\n            \"publisher\":\"SUSE\"\
        ,\n            \"offer\":\"openSUSE-Leap\",\n            \"sku\":\"42.2\"\
        ,\n            \"version\": \"latest\"\n          },\n          \"RHEL\":{\n\
        \            \"publisher\":\"RedHat\",\n            \"offer\":\"RHEL\",\n\
        \            \"sku\":\"7.3\",\n            \"version\":\"latest\"\n      \
        \    },\n          \"SLES\":{\n            \"publisher\":\"SUSE\",\n     \
        \       \"offer\":\"SLES\",\n            \"sku\":\"12-SP2\",\n           \
        \ \"version\":\"latest\"\n          },\n          \"UbuntuLTS\":{\n      \
        \      \"publisher\":\"Canonical\",\n            \"offer\":\"UbuntuServer\"\
        ,\n            \"sku\":\"16.04-LTS\",\n            \"version\":\"latest\"\n\
        \          }\n        },\n\n        \"Windows\":{\n          \"Win2016Datacenter\"\
        :{\n            \"publisher\":\"MicrosoftWindowsServer\",\n            \"\
        offer\":\"WindowsServer\",\n            \"sku\":\"2016-Datacenter\",\n   \
        \         \"version\":\"latest\"\n          },\n          \"Win2012R2Datacenter\"\
        :{\n            \"publisher\":\"MicrosoftWindowsServer\",\n            \"\
        offer\":\"WindowsServer\",\n            \"sku\":\"2012-R2-Datacenter\",\n\
        \            \"version\":\"latest\"\n          },\n          \"Win2012Datacenter\"\
        :{\n            \"publisher\":\"MicrosoftWindowsServer\",\n            \"\
        offer\":\"WindowsServer\",\n            \"sku\":\"2012-Datacenter\",\n   \
        \         \"version\":\"latest\"\n          },\n          \"Win2008R2SP1\"\
        :{\n            \"publisher\":\"MicrosoftWindowsServer\",\n            \"\
        offer\":\"WindowsServer\",\n            \"sku\":\"2008-R2-SP1\",\n       \
        \     \"version\":\"latest\"\n          }\n        }\n      }\n    }\n  }\n\
        }\n"}
    headers:
      accept-ranges: [bytes]
      access-control-allow-origin: ['*']
      cache-control: [max-age=300]
      connection: [close]
      content-length: ['2235']
      content-security-policy: [default-src 'none'; style-src 'unsafe-inline']
      content-type: [text/plain; charset=utf-8]
      date: ['Thu, 29 Jun 2017 00:13:38 GMT']
      etag: ['"d6824855d13e27c5258a680eb60f635d088fd05e"']
      expires: ['Thu, 29 Jun 2017 00:18:38 GMT']
      source-age: ['0']
      strict-transport-security: [max-age=31536000]
      vary: ['Authorization,Accept-Encoding, Accept-Encoding']
      via: [1.1 varnish]
      x-cache: [MISS]
      x-cache-hits: ['0']
      x-content-type-options: [nosniff]
      x-fastly-request-id: [73fc25230fedca55b71a686bb996e2cd510e86ef]
      x-frame-options: [deny]
      x-geo-block-list: ['']
      x-github-request-id: ['5C46:1A5CF:145AE25:15EDE6E:59544631']
      x-served-by: [cache-sea1035-SEA]
      x-timer: ['S1498695218.955776,VS0,VE83']
      x-xss-protection: [1; mode=block]
    status: {code: 200, message: OK}
- request:
    body: null
    headers:
      Accept: [application/json]
      Accept-Encoding: ['gzip, deflate']
      Connection: [keep-alive]
      Content-Type: [application/json; charset=utf-8]
      User-Agent: [python/2.7.11 (Windows-10-10.0.15063) requests/2.9.1 msrest/0.4.11
          msrest_azure/0.4.9 networkmanagementclient/1.1.0 Azure-SDK-For-Python AZURECLI/TEST/2.0.10+dev]
      accept-language: [en-US]
      x-ms-client-request-id: [cc802c4f-5c5f-11e7-9bd5-a0b3ccf7272a]
    method: GET
    uri: https://management.azure.com/subscriptions/00000000-0000-0000-0000-000000000000/resourceGroups/cli_test_vm_create_none_options/providers/Microsoft.Network/virtualNetworks?api-version=2017-06-01
  response:
    body: {string: !!python/unicode '{"value":[]}'}
    headers:
      cache-control: [no-cache]
      content-length: ['12']
      content-type: [application/json; charset=utf-8]
      date: ['Thu, 29 Jun 2017 00:13:37 GMT']
      expires: ['-1']
      pragma: [no-cache]
      strict-transport-security: [max-age=31536000; includeSubDomains]
      vary: [Accept-Encoding]
    status: {code: 200, message: OK}
- request:
    body: !!python/unicode '{"properties": {"mode": "Incremental", "parameters": {},
      "template": {"parameters": {}, "outputs": {}, "variables": {}, "contentVersion":
      "1.0.0.0", "$schema": "https://schema.management.azure.com/schemas/2015-01-01/deploymentTemplate.json#",
      "resources": [{"name": "nooptvmVNET", "tags": {}, "apiVersion": "2015-06-15",
      "location": "eastus", "dependsOn": [], "type": "Microsoft.Network/virtualNetworks",
      "properties": {"subnets": [{"name": "nooptvmSubnet", "properties": {"addressPrefix":
      "10.0.0.0/24"}}], "addressSpace": {"addressPrefixes": ["10.0.0.0/16"]}}}, {"name":
      "nooptvmVMNic", "tags": {}, "apiVersion": "2015-06-15", "location": "eastus",
      "dependsOn": ["Microsoft.Network/virtualNetworks/nooptvmVNET"], "type": "Microsoft.Network/networkInterfaces",
      "properties": {"ipConfigurations": [{"name": "ipconfignooptvm", "properties":
      {"subnet": {"id": "/subscriptions/0b1f6471-1bf0-4dda-aec3-cb9272f09590/resourceGroups/cli_test_vm_create_none_options/providers/Microsoft.Network/virtualNetworks/nooptvmVNET/subnets/nooptvmSubnet"},
      "privateIPAllocationMethod": "Dynamic"}}]}}, {"name": "nooptvm", "tags": {},
      "apiVersion": "2016-04-30-preview", "location": "eastus", "dependsOn": ["Microsoft.Network/networkInterfaces/nooptvmVMNic"],
      "type": "Microsoft.Compute/virtualMachines", "properties": {"hardwareProfile":
      {"vmSize": "Standard_DS1_v2"}, "storageProfile": {"imageReference": {"sku":
      "8", "publisher": "credativ", "version": "latest", "offer": "Debian"}, "osDisk":
      {"caching": null, "managedDisk": {"storageAccountType": "Premium_LRS"}, "name":
      "osdisk_7317184ef9", "createOption": "fromImage"}}, "osProfile": {"adminUsername":
      "user11", "computerName": "nooptvm", "linuxConfiguration": {"ssh": {"publicKeys":
      [{"path": "/home/user11/.ssh/authorized_keys", "keyData": "ssh-rsa AAAAB3NzaC1yc2EAAAADAQABAAACAQCbIg1guRHbI0lV11wWDt1r2cUdcNd27CJsg+SfgC7miZeubtwUhbsPdhMQsfDyhOWHq1+ZL0M+nJZV63d/1dhmhtgyOqejUwrPlzKhydsbrsdUor+JmNJDdW01v7BXHyuymT8G4s09jCasNOwiufbP/qp72ruu0bIA1nySsvlf9pCQAuFkAnVnf/rFhUlOkhtRpwcq8SUNY2zRHR/EKb/4NWY1JzR4sa3q2fWIJdrrX0DvLoa5g9bIEd4Df79ba7v+yiUBOS0zT2ll+z4g9izHK3EO5d8hL4jYxcjKs+wcslSYRWrascfscLgMlMGh0CdKeNTDjHpGPncaf3Z+FwwwjWeuiNBxv7bJo13/8B/098KlVDl4GZqsoBCEjPyJfV6hO0y/LkRGkk7oHWKgeWAfKtfLItRp00eZ4fcJNK9kCaSMmEugoZWcI7NGbZXzqFWqbpRI7NcDP9+WIQ+i9U5vqWsqd/zng4kbuAJ6UuKqIzB0upYrLShfQE3SAck8oaLhJqqq56VfDuASNpJKidV+zq27HfSBmbXnkR/5AK337dc3MXKJypoK/QPMLKUAP5XLPbs+NddJQV7EZXd29DLgp+fRIg3edpKdO7ZErWhv7d+3Kws+e1Y+ypmR2WIVSwVyBEUfgv2C8Ts9gnTF4pNcEY/S2aBicz5Ew2+jdyGNQQ==
      test@example.com\n"}]}, "disablePasswordAuthentication": true}}, "networkProfile":
      {"networkInterfaces": [{"id": "/subscriptions/0b1f6471-1bf0-4dda-aec3-cb9272f09590/resourceGroups/cli_test_vm_create_none_options/providers/Microsoft.Network/networkInterfaces/nooptvmVMNic"}]}}}]}}}'
    headers:
      Accept: [application/json]
      Accept-Encoding: ['gzip, deflate']
      Connection: [keep-alive]
      Content-Length: ['2799']
      Content-Type: [application/json; charset=utf-8]
      User-Agent: [python/2.7.11 (Windows-10-10.0.15063) requests/2.9.1 msrest/0.4.11
          msrest_azure/0.4.9 resourcemanagementclient/1.1.0 Azure-SDK-For-Python AZURECLI/TEST/2.0.10+dev]
      accept-language: [en-US]
      x-ms-client-request-id: [cca9d461-5c5f-11e7-9837-a0b3ccf7272a]
    method: PUT
    uri: https://management.azure.com/subscriptions/00000000-0000-0000-0000-000000000000/resourcegroups/cli_test_vm_create_none_options/providers/Microsoft.Resources/deployments/mock-deployment?api-version=2017-05-10
  response:
    body: {string: !!python/unicode '{"id":"/subscriptions/00000000-0000-0000-0000-000000000000/resourceGroups/cli_test_vm_create_none_options/providers/Microsoft.Resources/deployments/vm_deploy_b8YRMj3VUl2oqIrYFwtySUNdcOSvmwzM","name":"vm_deploy_b8YRMj3VUl2oqIrYFwtySUNdcOSvmwzM","properties":{"templateHash":"18122319242188631881","parameters":{},"mode":"Incremental","provisioningState":"Accepted","timestamp":"2017-06-29T00:13:40.0656077Z","duration":"PT0.6827557S","correlationId":"cabecbd1-13ab-4166-a124-351f44a1aad4","providers":[{"namespace":"Microsoft.Network","resourceTypes":[{"resourceType":"virtualNetworks","locations":["eastus"]},{"resourceType":"networkInterfaces","locations":["eastus"]}]},{"namespace":"Microsoft.Compute","resourceTypes":[{"resourceType":"virtualMachines","locations":["eastus"]}]}],"dependencies":[{"dependsOn":[{"id":"/subscriptions/00000000-0000-0000-0000-000000000000/resourceGroups/cli_test_vm_create_none_options/providers/Microsoft.Network/virtualNetworks/nooptvmVNET","resourceType":"Microsoft.Network/virtualNetworks","resourceName":"nooptvmVNET"}],"id":"/subscriptions/00000000-0000-0000-0000-000000000000/resourceGroups/cli_test_vm_create_none_options/providers/Microsoft.Network/networkInterfaces/nooptvmVMNic","resourceType":"Microsoft.Network/networkInterfaces","resourceName":"nooptvmVMNic"},{"dependsOn":[{"id":"/subscriptions/00000000-0000-0000-0000-000000000000/resourceGroups/cli_test_vm_create_none_options/providers/Microsoft.Network/networkInterfaces/nooptvmVMNic","resourceType":"Microsoft.Network/networkInterfaces","resourceName":"nooptvmVMNic"}],"id":"/subscriptions/00000000-0000-0000-0000-000000000000/resourceGroups/cli_test_vm_create_none_options/providers/Microsoft.Compute/virtualMachines/nooptvm","resourceType":"Microsoft.Compute/virtualMachines","resourceName":"nooptvm"}]}}'}
    headers:
      azure-asyncoperation: ['https://management.azure.com/subscriptions/0b1f6471-1bf0-4dda-aec3-cb9272f09590/resourcegroups/cli_test_vm_create_none_options/providers/Microsoft.Resources/deployments/vm_deploy_b8YRMj3VUl2oqIrYFwtySUNdcOSvmwzM/operationStatuses/08587029116660949786?api-version=2017-05-10']
      cache-control: [no-cache]
      content-length: ['1838']
      content-type: [application/json; charset=utf-8]
      date: ['Thu, 29 Jun 2017 00:13:40 GMT']
      expires: ['-1']
      pragma: [no-cache]
      strict-transport-security: [max-age=31536000; includeSubDomains]
      x-ms-ratelimit-remaining-subscription-writes: ['1199']
    status: {code: 201, message: Created}
- request:
    body: null
    headers:
      Accept: [application/json]
      Accept-Encoding: ['gzip, deflate']
      Connection: [keep-alive]
      Content-Type: [application/json; charset=utf-8]
      User-Agent: [python/2.7.11 (Windows-10-10.0.15063) requests/2.9.1 msrest/0.4.11
          msrest_azure/0.4.9 resourcemanagementclient/1.1.0 Azure-SDK-For-Python AZURECLI/TEST/2.0.10+dev]
      accept-language: [en-US]
      x-ms-client-request-id: [cca9d461-5c5f-11e7-9837-a0b3ccf7272a]
    method: GET
    uri: https://management.azure.com/subscriptions/00000000-0000-0000-0000-000000000000/resourcegroups/cli_test_vm_create_none_options/providers/Microsoft.Resources/deployments/mock-deployment/operationStatuses/08587029116660949786?api-version=2017-05-10
  response:
    body: {string: !!python/unicode '{"status":"Running"}'}
    headers:
      cache-control: [no-cache]
      content-length: ['20']
      content-type: [application/json; charset=utf-8]
      date: ['Thu, 29 Jun 2017 00:14:10 GMT']
      expires: ['-1']
      pragma: [no-cache]
      strict-transport-security: [max-age=31536000; includeSubDomains]
      vary: [Accept-Encoding]
    status: {code: 200, message: OK}
- request:
    body: null
    headers:
      Accept: [application/json]
      Accept-Encoding: ['gzip, deflate']
      Connection: [keep-alive]
      Content-Type: [application/json; charset=utf-8]
      User-Agent: [python/2.7.11 (Windows-10-10.0.15063) requests/2.9.1 msrest/0.4.11
          msrest_azure/0.4.9 resourcemanagementclient/1.1.0 Azure-SDK-For-Python AZURECLI/TEST/2.0.10+dev]
      accept-language: [en-US]
      x-ms-client-request-id: [cca9d461-5c5f-11e7-9837-a0b3ccf7272a]
    method: GET
    uri: https://management.azure.com/subscriptions/00000000-0000-0000-0000-000000000000/resourcegroups/cli_test_vm_create_none_options/providers/Microsoft.Resources/deployments/mock-deployment/operationStatuses/08587029116660949786?api-version=2017-05-10
  response:
    body: {string: !!python/unicode '{"status":"Running"}'}
    headers:
      cache-control: [no-cache]
      content-length: ['20']
      content-type: [application/json; charset=utf-8]
      date: ['Thu, 29 Jun 2017 00:14:40 GMT']
      expires: ['-1']
      pragma: [no-cache]
      strict-transport-security: [max-age=31536000; includeSubDomains]
      vary: [Accept-Encoding]
    status: {code: 200, message: OK}
- request:
    body: null
    headers:
      Accept: [application/json]
      Accept-Encoding: ['gzip, deflate']
      Connection: [keep-alive]
      Content-Type: [application/json; charset=utf-8]
      User-Agent: [python/2.7.11 (Windows-10-10.0.15063) requests/2.9.1 msrest/0.4.11
          msrest_azure/0.4.9 resourcemanagementclient/1.1.0 Azure-SDK-For-Python AZURECLI/TEST/2.0.10+dev]
      accept-language: [en-US]
      x-ms-client-request-id: [cca9d461-5c5f-11e7-9837-a0b3ccf7272a]
    method: GET
    uri: https://management.azure.com/subscriptions/00000000-0000-0000-0000-000000000000/resourcegroups/cli_test_vm_create_none_options/providers/Microsoft.Resources/deployments/mock-deployment/operationStatuses/08587029116660949786?api-version=2017-05-10
  response:
    body: {string: !!python/unicode '{"status":"Running"}'}
    headers:
      cache-control: [no-cache]
      content-length: ['20']
      content-type: [application/json; charset=utf-8]
      date: ['Thu, 29 Jun 2017 00:15:10 GMT']
      expires: ['-1']
      pragma: [no-cache]
      strict-transport-security: [max-age=31536000; includeSubDomains]
      vary: [Accept-Encoding]
    status: {code: 200, message: OK}
- request:
    body: null
    headers:
      Accept: [application/json]
      Accept-Encoding: ['gzip, deflate']
      Connection: [keep-alive]
      Content-Type: [application/json; charset=utf-8]
      User-Agent: [python/2.7.11 (Windows-10-10.0.15063) requests/2.9.1 msrest/0.4.11
          msrest_azure/0.4.9 resourcemanagementclient/1.1.0 Azure-SDK-For-Python AZURECLI/TEST/2.0.10+dev]
      accept-language: [en-US]
      x-ms-client-request-id: [cca9d461-5c5f-11e7-9837-a0b3ccf7272a]
    method: GET
    uri: https://management.azure.com/subscriptions/00000000-0000-0000-0000-000000000000/resourcegroups/cli_test_vm_create_none_options/providers/Microsoft.Resources/deployments/mock-deployment/operationStatuses/08587029116660949786?api-version=2017-05-10
  response:
    body: {string: !!python/unicode '{"status":"Running"}'}
    headers:
      cache-control: [no-cache]
      content-length: ['20']
      content-type: [application/json; charset=utf-8]
      date: ['Thu, 29 Jun 2017 00:15:40 GMT']
      expires: ['-1']
      pragma: [no-cache]
      strict-transport-security: [max-age=31536000; includeSubDomains]
      vary: [Accept-Encoding]
    status: {code: 200, message: OK}
- request:
    body: null
    headers:
      Accept: [application/json]
      Accept-Encoding: ['gzip, deflate']
      Connection: [keep-alive]
      Content-Type: [application/json; charset=utf-8]
      User-Agent: [python/2.7.11 (Windows-10-10.0.15063) requests/2.9.1 msrest/0.4.11
          msrest_azure/0.4.9 resourcemanagementclient/1.1.0 Azure-SDK-For-Python AZURECLI/TEST/2.0.10+dev]
      accept-language: [en-US]
      x-ms-client-request-id: [cca9d461-5c5f-11e7-9837-a0b3ccf7272a]
    method: GET
    uri: https://management.azure.com/subscriptions/00000000-0000-0000-0000-000000000000/resourcegroups/cli_test_vm_create_none_options/providers/Microsoft.Resources/deployments/mock-deployment/operationStatuses/08587029116660949786?api-version=2017-05-10
  response:
    body: {string: !!python/unicode '{"status":"Running"}'}
    headers:
      cache-control: [no-cache]
      content-length: ['20']
      content-type: [application/json; charset=utf-8]
      date: ['Thu, 29 Jun 2017 00:16:10 GMT']
      expires: ['-1']
      pragma: [no-cache]
      strict-transport-security: [max-age=31536000; includeSubDomains]
      vary: [Accept-Encoding]
    status: {code: 200, message: OK}
- request:
    body: null
    headers:
      Accept: [application/json]
      Accept-Encoding: ['gzip, deflate']
      Connection: [keep-alive]
      Content-Type: [application/json; charset=utf-8]
      User-Agent: [python/2.7.11 (Windows-10-10.0.15063) requests/2.9.1 msrest/0.4.11
          msrest_azure/0.4.9 resourcemanagementclient/1.1.0 Azure-SDK-For-Python AZURECLI/TEST/2.0.10+dev]
      accept-language: [en-US]
      x-ms-client-request-id: [cca9d461-5c5f-11e7-9837-a0b3ccf7272a]
    method: GET
    uri: https://management.azure.com/subscriptions/00000000-0000-0000-0000-000000000000/resourcegroups/cli_test_vm_create_none_options/providers/Microsoft.Resources/deployments/mock-deployment/operationStatuses/08587029116660949786?api-version=2017-05-10
  response:
    body: {string: !!python/unicode '{"status":"Running"}'}
    headers:
      cache-control: [no-cache]
      content-length: ['20']
      content-type: [application/json; charset=utf-8]
      date: ['Thu, 29 Jun 2017 00:16:41 GMT']
      expires: ['-1']
      pragma: [no-cache]
      strict-transport-security: [max-age=31536000; includeSubDomains]
      vary: [Accept-Encoding]
    status: {code: 200, message: OK}
- request:
    body: null
    headers:
      Accept: [application/json]
      Accept-Encoding: ['gzip, deflate']
      Connection: [keep-alive]
      Content-Type: [application/json; charset=utf-8]
      User-Agent: [python/2.7.11 (Windows-10-10.0.15063) requests/2.9.1 msrest/0.4.11
          msrest_azure/0.4.9 resourcemanagementclient/1.1.0 Azure-SDK-For-Python AZURECLI/TEST/2.0.10+dev]
      accept-language: [en-US]
      x-ms-client-request-id: [cca9d461-5c5f-11e7-9837-a0b3ccf7272a]
    method: GET
    uri: https://management.azure.com/subscriptions/00000000-0000-0000-0000-000000000000/resourcegroups/cli_test_vm_create_none_options/providers/Microsoft.Resources/deployments/mock-deployment/operationStatuses/08587029116660949786?api-version=2017-05-10
  response:
    body: {string: !!python/unicode '{"status":"Succeeded"}'}
    headers:
      cache-control: [no-cache]
      content-length: ['22']
      content-type: [application/json; charset=utf-8]
      date: ['Thu, 29 Jun 2017 00:17:11 GMT']
      expires: ['-1']
      pragma: [no-cache]
      strict-transport-security: [max-age=31536000; includeSubDomains]
      vary: [Accept-Encoding]
    status: {code: 200, message: OK}
- request:
    body: null
    headers:
      Accept: [application/json]
      Accept-Encoding: ['gzip, deflate']
      Connection: [keep-alive]
      Content-Type: [application/json; charset=utf-8]
      User-Agent: [python/2.7.11 (Windows-10-10.0.15063) requests/2.9.1 msrest/0.4.11
          msrest_azure/0.4.9 resourcemanagementclient/1.1.0 Azure-SDK-For-Python AZURECLI/TEST/2.0.10+dev]
      accept-language: [en-US]
      x-ms-client-request-id: [cca9d461-5c5f-11e7-9837-a0b3ccf7272a]
    method: GET
    uri: https://management.azure.com/subscriptions/00000000-0000-0000-0000-000000000000/resourcegroups/cli_test_vm_create_none_options/providers/Microsoft.Resources/deployments/mock-deployment?api-version=2017-05-10
  response:
    body: {string: !!python/unicode '{"id":"/subscriptions/00000000-0000-0000-0000-000000000000/resourceGroups/cli_test_vm_create_none_options/providers/Microsoft.Resources/deployments/vm_deploy_b8YRMj3VUl2oqIrYFwtySUNdcOSvmwzM","name":"vm_deploy_b8YRMj3VUl2oqIrYFwtySUNdcOSvmwzM","properties":{"templateHash":"18122319242188631881","parameters":{},"mode":"Incremental","provisioningState":"Succeeded","timestamp":"2017-06-29T00:16:56.6533209Z","duration":"PT3M17.2704689S","correlationId":"cabecbd1-13ab-4166-a124-351f44a1aad4","providers":[{"namespace":"Microsoft.Network","resourceTypes":[{"resourceType":"virtualNetworks","locations":["eastus"]},{"resourceType":"networkInterfaces","locations":["eastus"]}]},{"namespace":"Microsoft.Compute","resourceTypes":[{"resourceType":"virtualMachines","locations":["eastus"]}]}],"dependencies":[{"dependsOn":[{"id":"/subscriptions/00000000-0000-0000-0000-000000000000/resourceGroups/cli_test_vm_create_none_options/providers/Microsoft.Network/virtualNetworks/nooptvmVNET","resourceType":"Microsoft.Network/virtualNetworks","resourceName":"nooptvmVNET"}],"id":"/subscriptions/00000000-0000-0000-0000-000000000000/resourceGroups/cli_test_vm_create_none_options/providers/Microsoft.Network/networkInterfaces/nooptvmVMNic","resourceType":"Microsoft.Network/networkInterfaces","resourceName":"nooptvmVMNic"},{"dependsOn":[{"id":"/subscriptions/00000000-0000-0000-0000-000000000000/resourceGroups/cli_test_vm_create_none_options/providers/Microsoft.Network/networkInterfaces/nooptvmVMNic","resourceType":"Microsoft.Network/networkInterfaces","resourceName":"nooptvmVMNic"}],"id":"/subscriptions/00000000-0000-0000-0000-000000000000/resourceGroups/cli_test_vm_create_none_options/providers/Microsoft.Compute/virtualMachines/nooptvm","resourceType":"Microsoft.Compute/virtualMachines","resourceName":"nooptvm"}],"outputs":{},"outputResources":[{"id":"/subscriptions/00000000-0000-0000-0000-000000000000/resourceGroups/cli_test_vm_create_none_options/providers/Microsoft.Compute/virtualMachines/nooptvm"},{"id":"/subscriptions/00000000-0000-0000-0000-000000000000/resourceGroups/cli_test_vm_create_none_options/providers/Microsoft.Network/networkInterfaces/nooptvmVMNic"},{"id":"/subscriptions/00000000-0000-0000-0000-000000000000/resourceGroups/cli_test_vm_create_none_options/providers/Microsoft.Network/virtualNetworks/nooptvmVNET"}]}}'}
    headers:
      cache-control: [no-cache]
      content-length: ['2384']
      content-type: [application/json; charset=utf-8]
      date: ['Thu, 29 Jun 2017 00:17:11 GMT']
      expires: ['-1']
      pragma: [no-cache]
      strict-transport-security: [max-age=31536000; includeSubDomains]
      vary: [Accept-Encoding]
    status: {code: 200, message: OK}
- request:
    body: null
    headers:
      Accept: [application/json]
      Accept-Encoding: ['gzip, deflate']
      Connection: [keep-alive]
      Content-Type: [application/json; charset=utf-8]
      User-Agent: [python/2.7.11 (Windows-10-10.0.15063) requests/2.9.1 msrest/0.4.11
          msrest_azure/0.4.9 computemanagementclient/1.0.0 Azure-SDK-For-Python AZURECLI/TEST/2.0.10+dev]
      accept-language: [en-US]
      x-ms-client-request-id: [4cd9d6cf-5c60-11e7-9e00-a0b3ccf7272a]
    method: GET
    uri: https://management.azure.com/subscriptions/00000000-0000-0000-0000-000000000000/resourceGroups/cli_test_vm_create_none_options/providers/Microsoft.Compute/virtualMachines/nooptvm?api-version=2016-04-30-preview&$expand=instanceView
  response:
    body: {string: !!python/unicode "{\r\n  \"properties\": {\r\n    \"vmId\": \"\
        ef07eab2-f756-4a20-a597-a871bb1b5089\",\r\n    \"hardwareProfile\": {\r\n\
        \      \"vmSize\": \"Standard_DS1_v2\"\r\n    },\r\n    \"storageProfile\"\
        : {\r\n      \"imageReference\": {\r\n        \"publisher\": \"credativ\"\
        ,\r\n        \"offer\": \"Debian\",\r\n        \"sku\": \"8\",\r\n       \
        \ \"version\": \"latest\"\r\n      },\r\n      \"osDisk\": {\r\n        \"\
        osType\": \"Linux\",\r\n        \"name\": \"osdisk_7317184ef9\",\r\n     \
        \   \"createOption\": \"FromImage\",\r\n        \"caching\": \"ReadWrite\"\
        ,\r\n        \"managedDisk\": {\r\n          \"storageAccountType\": \"Premium_LRS\"\
        ,\r\n          \"id\": \"/subscriptions/00000000-0000-0000-0000-000000000000/resourceGroups/cli_test_vm_create_none_options/providers/Microsoft.Compute/disks/osdisk_7317184ef9\"\
        \r\n        },\r\n        \"diskSizeGB\": 30\r\n      },\r\n      \"dataDisks\"\
        : []\r\n    },\r\n    \"osProfile\": {\r\n      \"computerName\": \"nooptvm\"\
        ,\r\n      \"adminUsername\": \"user11\",\r\n      \"linuxConfiguration\"\
        : {\r\n        \"disablePasswordAuthentication\": true,\r\n        \"ssh\"\
        : {\r\n          \"publicKeys\": [\r\n            {\r\n              \"path\"\
        : \"/home/user11/.ssh/authorized_keys\",\r\n              \"keyData\": \"\
        ssh-rsa AAAAB3NzaC1yc2EAAAADAQABAAACAQCbIg1guRHbI0lV11wWDt1r2cUdcNd27CJsg+SfgC7miZeubtwUhbsPdhMQsfDyhOWHq1+ZL0M+nJZV63d/1dhmhtgyOqejUwrPlzKhydsbrsdUor+JmNJDdW01v7BXHyuymT8G4s09jCasNOwiufbP/qp72ruu0bIA1nySsvlf9pCQAuFkAnVnf/rFhUlOkhtRpwcq8SUNY2zRHR/EKb/4NWY1JzR4sa3q2fWIJdrrX0DvLoa5g9bIEd4Df79ba7v+yiUBOS0zT2ll+z4g9izHK3EO5d8hL4jYxcjKs+wcslSYRWrascfscLgMlMGh0CdKeNTDjHpGPncaf3Z+FwwwjWeuiNBxv7bJo13/8B/098KlVDl4GZqsoBCEjPyJfV6hO0y/LkRGkk7oHWKgeWAfKtfLItRp00eZ4fcJNK9kCaSMmEugoZWcI7NGbZXzqFWqbpRI7NcDP9+WIQ+i9U5vqWsqd/zng4kbuAJ6UuKqIzB0upYrLShfQE3SAck8oaLhJqqq56VfDuASNpJKidV+zq27HfSBmbXnkR/5AK337dc3MXKJypoK/QPMLKUAP5XLPbs+NddJQV7EZXd29DLgp+fRIg3edpKdO7ZErWhv7d+3Kws+e1Y+ypmR2WIVSwVyBEUfgv2C8Ts9gnTF4pNcEY/S2aBicz5Ew2+jdyGNQQ==\
        \ test@example.com\\n\"\r\n            }\r\n          ]\r\n        }\r\n \
        \     },\r\n      \"secrets\": []\r\n    },\r\n    \"networkProfile\": {\"\
        networkInterfaces\":[{\"id\":\"/subscriptions/00000000-0000-0000-0000-000000000000/resourceGroups/cli_test_vm_create_none_options/providers/Microsoft.Network/networkInterfaces/nooptvmVMNic\"\
        }]},\r\n    \"provisioningState\": \"Succeeded\",\r\n    \"instanceView\"\
        : {\r\n      \"vmAgent\": {\r\n        \"vmAgentVersion\": \"Unknown\",\r\n\
        \        \"statuses\": [\r\n          {\r\n            \"code\": \"ProvisioningState/Unavailable\"\
        ,\r\n            \"level\": \"Warning\",\r\n            \"displayStatus\"\
        : \"Not Ready\",\r\n            \"message\": \"VM status blob is found but\
        \ not yet populated.\",\r\n            \"time\": \"2017-06-29T00:17:14+00:00\"\
        \r\n          }\r\n        ]\r\n      },\r\n      \"disks\": [\r\n       \
        \ {\r\n          \"name\": \"osdisk_7317184ef9\",\r\n          \"statuses\"\
        : [\r\n            {\r\n              \"code\": \"ProvisioningState/succeeded\"\
        ,\r\n              \"level\": \"Info\",\r\n              \"displayStatus\"\
        : \"Provisioning succeeded\",\r\n              \"time\": \"2017-06-29T00:14:13.363735+00:00\"\
        \r\n            }\r\n          ]\r\n        }\r\n      ],\r\n      \"statuses\"\
        : [\r\n        {\r\n          \"code\": \"ProvisioningState/succeeded\",\r\
        \n          \"level\": \"Info\",\r\n          \"displayStatus\": \"Provisioning\
        \ succeeded\",\r\n          \"time\": \"2017-06-29T00:16:43.46822+00:00\"\r\
        \n        },\r\n        {\r\n          \"code\": \"PowerState/running\",\r\
        \n          \"level\": \"Info\",\r\n          \"displayStatus\": \"VM running\"\
        \r\n        }\r\n      ]\r\n    }\r\n  },\r\n  \"type\": \"Microsoft.Compute/virtualMachines\"\
        ,\r\n  \"location\": \"eastus\",\r\n  \"tags\": {},\r\n  \"id\": \"/subscriptions/00000000-0000-0000-0000-000000000000/resourceGroups/cli_test_vm_create_none_options/providers/Microsoft.Compute/virtualMachines/nooptvm\"\
        ,\r\n  \"name\": \"nooptvm\"\r\n}"}
    headers:
      cache-control: [no-cache]
      content-length: ['3626']
      content-type: [application/json; charset=utf-8]
      date: ['Thu, 29 Jun 2017 00:17:13 GMT']
      expires: ['-1']
      pragma: [no-cache]
      server: [Microsoft-HTTPAPI/2.0, Microsoft-HTTPAPI/2.0]
      strict-transport-security: [max-age=31536000; includeSubDomains]
      transfer-encoding: [chunked]
      vary: [Accept-Encoding]
    status: {code: 200, message: OK}
- request:
    body: null
    headers:
      Accept: [application/json]
      Accept-Encoding: ['gzip, deflate']
      Connection: [keep-alive]
      Content-Type: [application/json; charset=utf-8]
      User-Agent: [python/2.7.11 (Windows-10-10.0.15063) requests/2.9.1 msrest/0.4.11
          msrest_azure/0.4.9 networkmanagementclient/1.1.0 Azure-SDK-For-Python AZURECLI/TEST/2.0.10+dev]
      accept-language: [en-US]
      x-ms-client-request-id: [4d0ef08f-5c60-11e7-804b-a0b3ccf7272a]
    method: GET
    uri: https://management.azure.com/subscriptions/00000000-0000-0000-0000-000000000000/resourceGroups/cli_test_vm_create_none_options/providers/Microsoft.Network/networkInterfaces/nooptvmVMNic?api-version=2017-06-01
  response:
    body: {string: !!python/unicode "{\r\n  \"name\": \"nooptvmVMNic\",\r\n  \"id\"\
        : \"/subscriptions/00000000-0000-0000-0000-000000000000/resourceGroups/cli_test_vm_create_none_options/providers/Microsoft.Network/networkInterfaces/nooptvmVMNic\"\
        ,\r\n  \"etag\": \"W/\\\"20448cff-0a6f-4145-853e-836a70e19bfc\\\"\",\r\n \
        \ \"location\": \"eastus\",\r\n  \"tags\": {},\r\n  \"properties\": {\r\n\
        \    \"provisioningState\": \"Succeeded\",\r\n    \"resourceGuid\": \"6a0e2aa3-aa30-4da3-b772-9c2153758dbe\"\
        ,\r\n    \"ipConfigurations\": [\r\n      {\r\n        \"name\": \"ipconfignooptvm\"\
        ,\r\n        \"id\": \"/subscriptions/00000000-0000-0000-0000-000000000000/resourceGroups/cli_test_vm_create_none_options/providers/Microsoft.Network/networkInterfaces/nooptvmVMNic/ipConfigurations/ipconfignooptvm\"\
        ,\r\n        \"etag\": \"W/\\\"20448cff-0a6f-4145-853e-836a70e19bfc\\\"\"\
        ,\r\n        \"properties\": {\r\n          \"provisioningState\": \"Succeeded\"\
        ,\r\n          \"privateIPAddress\": \"10.0.0.4\",\r\n          \"privateIPAllocationMethod\"\
        : \"Dynamic\",\r\n          \"subnet\": {\r\n            \"id\": \"/subscriptions/00000000-0000-0000-0000-000000000000/resourceGroups/cli_test_vm_create_none_options/providers/Microsoft.Network/virtualNetworks/nooptvmVNET/subnets/nooptvmSubnet\"\
        \r\n          },\r\n          \"primary\": true,\r\n          \"privateIPAddressVersion\"\
        : \"IPv4\"\r\n        }\r\n      }\r\n    ],\r\n    \"dnsSettings\": {\r\n\
        \      \"dnsServers\": [],\r\n      \"appliedDnsServers\": [],\r\n      \"\
        internalDomainNameSuffix\": \"b1u2glajgyxunmrf5jzzqny5vc.bx.internal.cloudapp.net\"\
        \r\n    },\r\n    \"macAddress\": \"00-0D-3A-18-FA-BF\",\r\n    \"enableAcceleratedNetworking\"\
        : false,\r\n    \"enableIPForwarding\": false,\r\n    \"primary\": true,\r\
        \n    \"virtualMachine\": {\r\n      \"id\": \"/subscriptions/00000000-0000-0000-0000-000000000000/resourceGroups/cli_test_vm_create_none_options/providers/Microsoft.Compute/virtualMachines/nooptvm\"\
        \r\n    }\r\n  },\r\n  \"type\": \"Microsoft.Network/networkInterfaces\"\r\
        \n}"}
    headers:
      cache-control: [no-cache]
      content-length: ['1853']
      content-type: [application/json; charset=utf-8]
      date: ['Thu, 29 Jun 2017 00:17:13 GMT']
      etag: [W/"20448cff-0a6f-4145-853e-836a70e19bfc"]
      expires: ['-1']
      pragma: [no-cache]
      server: [Microsoft-HTTPAPI/2.0, Microsoft-HTTPAPI/2.0]
      strict-transport-security: [max-age=31536000; includeSubDomains]
      transfer-encoding: [chunked]
      vary: [Accept-Encoding]
    status: {code: 200, message: OK}
- request:
    body: null
    headers:
      Accept: [application/json]
      Accept-Encoding: ['gzip, deflate']
      Connection: [keep-alive]
      Content-Type: [application/json; charset=utf-8]
      User-Agent: [python/2.7.11 (Windows-10-10.0.15063) requests/2.9.1 msrest/0.4.11
          msrest_azure/0.4.9 computemanagementclient/1.0.0 Azure-SDK-For-Python AZURECLI/TEST/2.0.10+dev]
      accept-language: [en-US]
      x-ms-client-request-id: [4d69bac0-5c60-11e7-9c67-a0b3ccf7272a]
    method: GET
    uri: https://management.azure.com/subscriptions/00000000-0000-0000-0000-000000000000/resourceGroups/cli_test_vm_create_none_options/providers/Microsoft.Compute/virtualMachines/nooptvm?api-version=2016-04-30-preview
  response:
    body: {string: !!python/unicode "{\r\n  \"properties\": {\r\n    \"vmId\": \"\
        ef07eab2-f756-4a20-a597-a871bb1b5089\",\r\n    \"hardwareProfile\": {\r\n\
        \      \"vmSize\": \"Standard_DS1_v2\"\r\n    },\r\n    \"storageProfile\"\
        : {\r\n      \"imageReference\": {\r\n        \"publisher\": \"credativ\"\
        ,\r\n        \"offer\": \"Debian\",\r\n        \"sku\": \"8\",\r\n       \
        \ \"version\": \"latest\"\r\n      },\r\n      \"osDisk\": {\r\n        \"\
        osType\": \"Linux\",\r\n        \"name\": \"osdisk_7317184ef9\",\r\n     \
        \   \"createOption\": \"FromImage\",\r\n        \"caching\": \"ReadWrite\"\
        ,\r\n        \"managedDisk\": {\r\n          \"storageAccountType\": \"Premium_LRS\"\
        ,\r\n          \"id\": \"/subscriptions/00000000-0000-0000-0000-000000000000/resourceGroups/cli_test_vm_create_none_options/providers/Microsoft.Compute/disks/osdisk_7317184ef9\"\
        \r\n        },\r\n        \"diskSizeGB\": 30\r\n      },\r\n      \"dataDisks\"\
        : []\r\n    },\r\n    \"osProfile\": {\r\n      \"computerName\": \"nooptvm\"\
        ,\r\n      \"adminUsername\": \"user11\",\r\n      \"linuxConfiguration\"\
        : {\r\n        \"disablePasswordAuthentication\": true,\r\n        \"ssh\"\
        : {\r\n          \"publicKeys\": [\r\n            {\r\n              \"path\"\
        : \"/home/user11/.ssh/authorized_keys\",\r\n              \"keyData\": \"\
        ssh-rsa AAAAB3NzaC1yc2EAAAADAQABAAACAQCbIg1guRHbI0lV11wWDt1r2cUdcNd27CJsg+SfgC7miZeubtwUhbsPdhMQsfDyhOWHq1+ZL0M+nJZV63d/1dhmhtgyOqejUwrPlzKhydsbrsdUor+JmNJDdW01v7BXHyuymT8G4s09jCasNOwiufbP/qp72ruu0bIA1nySsvlf9pCQAuFkAnVnf/rFhUlOkhtRpwcq8SUNY2zRHR/EKb/4NWY1JzR4sa3q2fWIJdrrX0DvLoa5g9bIEd4Df79ba7v+yiUBOS0zT2ll+z4g9izHK3EO5d8hL4jYxcjKs+wcslSYRWrascfscLgMlMGh0CdKeNTDjHpGPncaf3Z+FwwwjWeuiNBxv7bJo13/8B/098KlVDl4GZqsoBCEjPyJfV6hO0y/LkRGkk7oHWKgeWAfKtfLItRp00eZ4fcJNK9kCaSMmEugoZWcI7NGbZXzqFWqbpRI7NcDP9+WIQ+i9U5vqWsqd/zng4kbuAJ6UuKqIzB0upYrLShfQE3SAck8oaLhJqqq56VfDuASNpJKidV+zq27HfSBmbXnkR/5AK337dc3MXKJypoK/QPMLKUAP5XLPbs+NddJQV7EZXd29DLgp+fRIg3edpKdO7ZErWhv7d+3Kws+e1Y+ypmR2WIVSwVyBEUfgv2C8Ts9gnTF4pNcEY/S2aBicz5Ew2+jdyGNQQ==\
        \ test@example.com\\n\"\r\n            }\r\n          ]\r\n        }\r\n \
        \     },\r\n      \"secrets\": []\r\n    },\r\n    \"networkProfile\": {\"\
        networkInterfaces\":[{\"id\":\"/subscriptions/00000000-0000-0000-0000-000000000000/resourceGroups/cli_test_vm_create_none_options/providers/Microsoft.Network/networkInterfaces/nooptvmVMNic\"\
        }]},\r\n    \"provisioningState\": \"Succeeded\"\r\n  },\r\n  \"type\": \"\
        Microsoft.Compute/virtualMachines\",\r\n  \"location\": \"eastus\",\r\n  \"\
        tags\": {},\r\n  \"id\": \"/subscriptions/00000000-0000-0000-0000-000000000000/resourceGroups/cli_test_vm_create_none_options/providers/Microsoft.Compute/virtualMachines/nooptvm\"\
        ,\r\n  \"name\": \"nooptvm\"\r\n}"}
    headers:
      cache-control: [no-cache]
      content-length: ['2484']
      content-type: [application/json; charset=utf-8]
      date: ['Thu, 29 Jun 2017 00:17:13 GMT']
      expires: ['-1']
      pragma: [no-cache]
      server: [Microsoft-HTTPAPI/2.0, Microsoft-HTTPAPI/2.0]
      strict-transport-security: [max-age=31536000; includeSubDomains]
      transfer-encoding: [chunked]
      vary: [Accept-Encoding]
    status: {code: 200, message: OK}
- request:
    body: null
    headers:
      Accept: [application/json]
      Accept-Encoding: ['gzip, deflate']
      Connection: [keep-alive]
      Content-Type: [application/json; charset=utf-8]
      User-Agent: [python/2.7.11 (Windows-10-10.0.15063) requests/2.9.1 msrest/0.4.11
          msrest_azure/0.4.9 networkmanagementclient/1.1.0 Azure-SDK-For-Python AZURECLI/TEST/2.0.10+dev]
      accept-language: [en-US]
      x-ms-client-request-id: [4d997d4f-5c60-11e7-9688-a0b3ccf7272a]
    method: GET
    uri: https://management.azure.com/subscriptions/00000000-0000-0000-0000-000000000000/resourceGroups/cli_test_vm_create_none_options/providers/Microsoft.Network/publicIPAddresses/nooptvmPublicIP?api-version=2017-06-01
  response:
    body: {string: !!python/unicode '{"error":{"code":"ResourceNotFound","message":"The
        Resource ''Microsoft.Network/publicIPAddresses/nooptvmPublicIP'' under resource
        group ''cli_test_vm_create_none_options'' was not found."}}'}
    headers:
      cache-control: [no-cache]
      content-length: ['192']
      content-type: [application/json; charset=utf-8]
      date: ['Thu, 29 Jun 2017 00:17:14 GMT']
      expires: ['-1']
      pragma: [no-cache]
      strict-transport-security: [max-age=31536000; includeSubDomains]
      x-ms-failure-cause: [gateway]
    status: {code: 404, message: Not Found}
version: 1
