interactions:
- request:
    body: null
    headers:
      Accept: [application/json]
      Accept-Encoding: ['gzip, deflate']
      Connection: [keep-alive]
      Content-Type: [application/json; charset=utf-8]
      User-Agent: [python/2.7.11 (Windows-10-10.0.15063) requests/2.9.1 msrest/0.4.11
          msrest_azure/0.4.9 computemanagementclient/1.0.0 Azure-SDK-For-Python AZURECLI/TEST/2.0.10+dev]
      accept-language: [en-US]
      x-ms-client-request-id: [54a4a20f-5c64-11e7-a69d-a0b3ccf7272a]
    method: GET
    uri: https://management.azure.com/subscriptions/00000000-0000-0000-0000-000000000000/providers/Microsoft.Compute/locations/westus/publishers/Microsoft.Azure.Diagnostics/artifacttypes/vmextension/types?api-version=2016-04-30-preview
  response:
    body: {string: !!python/unicode "[\r\n  {\r\n    \"location\": \"westus\",\r\n\
        \    \"name\": \"IaaSDiagnostics\",\r\n    \"id\": \"/Subscriptions/0b1f6471-1bf0-4dda-aec3-cb9272f09590/Providers/Microsoft.Compute/Locations/westus/Publishers/Microsoft.Azure.Diagnostics/ArtifactTypes/VMExtension/Types/IaaSDiagnostics\"\
        \r\n  },\r\n  {\r\n    \"location\": \"westus\",\r\n    \"name\": \"LinuxDiagnostic\"\
        ,\r\n    \"id\": \"/Subscriptions/0b1f6471-1bf0-4dda-aec3-cb9272f09590/Providers/Microsoft.Compute/Locations/westus/Publishers/Microsoft.Azure.Diagnostics/ArtifactTypes/VMExtension/Types/LinuxDiagnostic\"\
        \r\n  }\r\n]"}
    headers:
      cache-control: [no-cache]
      content-length: ['537']
      content-type: [application/json; charset=utf-8]
      date: ['Thu, 29 Jun 2017 00:46:03 GMT']
      expires: ['-1']
      pragma: [no-cache]
      server: [Microsoft-HTTPAPI/2.0, Microsoft-HTTPAPI/2.0]
      strict-transport-security: [max-age=31536000; includeSubDomains]
      transfer-encoding: [chunked]
      vary: [Accept-Encoding]
    status: {code: 200, message: OK}
- request:
    body: null
    headers:
      Accept: [application/json]
      Accept-Encoding: ['gzip, deflate']
      Connection: [keep-alive]
      Content-Type: [application/json; charset=utf-8]
      User-Agent: [python/2.7.11 (Windows-10-10.0.15063) requests/2.9.1 msrest/0.4.11
          msrest_azure/0.4.9 computemanagementclient/1.0.0 Azure-SDK-For-Python AZURECLI/TEST/2.0.10+dev]
      accept-language: [en-US]
      x-ms-client-request-id: [54cc2740-5c64-11e7-9d44-a0b3ccf7272a]
    method: GET
    uri: https://management.azure.com/subscriptions/00000000-0000-0000-0000-000000000000/providers/Microsoft.Compute/locations/westus/publishers/Microsoft.Azure.Diagnostics/artifacttypes/vmextension/types/IaaSDiagnostics/versions?api-version=2016-04-30-preview
  response:
    body: {string: !!python/unicode "[\r\n  {\r\n    \"location\": \"westus\",\r\n\
        \    \"name\": \"1.1.0.0\",\r\n    \"id\": \"/Subscriptions/0b1f6471-1bf0-4dda-aec3-cb9272f09590/Providers/Microsoft.Compute/Locations/westus/Publishers/Microsoft.Azure.Diagnostics/ArtifactTypes/VMExtension/Types/IaaSDiagnostics/Versions/1.1.0.0\"\
        \r\n  },\r\n  {\r\n    \"location\": \"westus\",\r\n    \"name\": \"1.10.0.0\"\
        ,\r\n    \"id\": \"/Subscriptions/0b1f6471-1bf0-4dda-aec3-cb9272f09590/Providers/Microsoft.Compute/Locations/westus/Publishers/Microsoft.Azure.Diagnostics/ArtifactTypes/VMExtension/Types/IaaSDiagnostics/Versions/1.10.0.0\"\
        \r\n  },\r\n  {\r\n    \"location\": \"westus\",\r\n    \"name\": \"1.10.0.1\"\
        ,\r\n    \"id\": \"/Subscriptions/0b1f6471-1bf0-4dda-aec3-cb9272f09590/Providers/Microsoft.Compute/Locations/westus/Publishers/Microsoft.Azure.Diagnostics/ArtifactTypes/VMExtension/Types/IaaSDiagnostics/Versions/1.10.0.1\"\
        \r\n  },\r\n  {\r\n    \"location\": \"westus\",\r\n    \"name\": \"1.2.0.0\"\
        ,\r\n    \"id\": \"/Subscriptions/0b1f6471-1bf0-4dda-aec3-cb9272f09590/Providers/Microsoft.Compute/Locations/westus/Publishers/Microsoft.Azure.Diagnostics/ArtifactTypes/VMExtension/Types/IaaSDiagnostics/Versions/1.2.0.0\"\
        \r\n  },\r\n  {\r\n    \"location\": \"westus\",\r\n    \"name\": \"1.3.1.6\"\
        ,\r\n    \"id\": \"/Subscriptions/0b1f6471-1bf0-4dda-aec3-cb9272f09590/Providers/Microsoft.Compute/Locations/westus/Publishers/Microsoft.Azure.Diagnostics/ArtifactTypes/VMExtension/Types/IaaSDiagnostics/Versions/1.3.1.6\"\
        \r\n  },\r\n  {\r\n    \"location\": \"westus\",\r\n    \"name\": \"1.4.2.1\"\
        ,\r\n    \"id\": \"/Subscriptions/0b1f6471-1bf0-4dda-aec3-cb9272f09590/Providers/Microsoft.Compute/Locations/westus/Publishers/Microsoft.Azure.Diagnostics/ArtifactTypes/VMExtension/Types/IaaSDiagnostics/Versions/1.4.2.1\"\
        \r\n  },\r\n  {\r\n    \"location\": \"westus\",\r\n    \"name\": \"1.5.9.0\"\
        ,\r\n    \"id\": \"/Subscriptions/0b1f6471-1bf0-4dda-aec3-cb9272f09590/Providers/Microsoft.Compute/Locations/westus/Publishers/Microsoft.Azure.Diagnostics/ArtifactTypes/VMExtension/Types/IaaSDiagnostics/Versions/1.5.9.0\"\
        \r\n  },\r\n  {\r\n    \"location\": \"westus\",\r\n    \"name\": \"1.6.2.0\"\
        ,\r\n    \"id\": \"/Subscriptions/0b1f6471-1bf0-4dda-aec3-cb9272f09590/Providers/Microsoft.Compute/Locations/westus/Publishers/Microsoft.Azure.Diagnostics/ArtifactTypes/VMExtension/Types/IaaSDiagnostics/Versions/1.6.2.0\"\
        \r\n  },\r\n  {\r\n    \"location\": \"westus\",\r\n    \"name\": \"1.6.3.0\"\
        ,\r\n    \"id\": \"/Subscriptions/0b1f6471-1bf0-4dda-aec3-cb9272f09590/Providers/Microsoft.Compute/Locations/westus/Publishers/Microsoft.Azure.Diagnostics/ArtifactTypes/VMExtension/Types/IaaSDiagnostics/Versions/1.6.3.0\"\
        \r\n  },\r\n  {\r\n    \"location\": \"westus\",\r\n    \"name\": \"1.6.4.0\"\
        ,\r\n    \"id\": \"/Subscriptions/0b1f6471-1bf0-4dda-aec3-cb9272f09590/Providers/Microsoft.Compute/Locations/westus/Publishers/Microsoft.Azure.Diagnostics/ArtifactTypes/VMExtension/Types/IaaSDiagnostics/Versions/1.6.4.0\"\
        \r\n  },\r\n  {\r\n    \"location\": \"westus\",\r\n    \"name\": \"1.7.1.0\"\
        ,\r\n    \"id\": \"/Subscriptions/0b1f6471-1bf0-4dda-aec3-cb9272f09590/Providers/Microsoft.Compute/Locations/westus/Publishers/Microsoft.Azure.Diagnostics/ArtifactTypes/VMExtension/Types/IaaSDiagnostics/Versions/1.7.1.0\"\
        \r\n  },\r\n  {\r\n    \"location\": \"westus\",\r\n    \"name\": \"1.7.3.0\"\
        ,\r\n    \"id\": \"/Subscriptions/0b1f6471-1bf0-4dda-aec3-cb9272f09590/Providers/Microsoft.Compute/Locations/westus/Publishers/Microsoft.Azure.Diagnostics/ArtifactTypes/VMExtension/Types/IaaSDiagnostics/Versions/1.7.3.0\"\
        \r\n  },\r\n  {\r\n    \"location\": \"westus\",\r\n    \"name\": \"1.7.4.0\"\
        ,\r\n    \"id\": \"/Subscriptions/0b1f6471-1bf0-4dda-aec3-cb9272f09590/Providers/Microsoft.Compute/Locations/westus/Publishers/Microsoft.Azure.Diagnostics/ArtifactTypes/VMExtension/Types/IaaSDiagnostics/Versions/1.7.4.0\"\
        \r\n  },\r\n  {\r\n    \"location\": \"westus\",\r\n    \"name\": \"1.8.0.0\"\
        ,\r\n    \"id\": \"/Subscriptions/0b1f6471-1bf0-4dda-aec3-cb9272f09590/Providers/Microsoft.Compute/Locations/westus/Publishers/Microsoft.Azure.Diagnostics/ArtifactTypes/VMExtension/Types/IaaSDiagnostics/Versions/1.8.0.0\"\
        \r\n  },\r\n  {\r\n    \"location\": \"westus\",\r\n    \"name\": \"1.8.1.0\"\
        ,\r\n    \"id\": \"/Subscriptions/0b1f6471-1bf0-4dda-aec3-cb9272f09590/Providers/Microsoft.Compute/Locations/westus/Publishers/Microsoft.Azure.Diagnostics/ArtifactTypes/VMExtension/Types/IaaSDiagnostics/Versions/1.8.1.0\"\
        \r\n  },\r\n  {\r\n    \"location\": \"westus\",\r\n    \"name\": \"1.9.0.0\"\
        ,\r\n    \"id\": \"/Subscriptions/0b1f6471-1bf0-4dda-aec3-cb9272f09590/Providers/Microsoft.Compute/Locations/westus/Publishers/Microsoft.Azure.Diagnostics/ArtifactTypes/VMExtension/Types/IaaSDiagnostics/Versions/1.9.0.0\"\
        \r\n  }\r\n]"}
    headers:
      cache-control: [no-cache]
      content-length: ['4423']
      content-type: [application/json; charset=utf-8]
      date: ['Thu, 29 Jun 2017 00:46:04 GMT']
      expires: ['-1']
      pragma: [no-cache]
      server: [Microsoft-HTTPAPI/2.0, Microsoft-HTTPAPI/2.0]
      strict-transport-security: [max-age=31536000; includeSubDomains]
      transfer-encoding: [chunked]
      vary: [Accept-Encoding]
    status: {code: 200, message: OK}
- request:
    body: null
    headers:
      Accept: [application/json]
      Accept-Encoding: ['gzip, deflate']
      Connection: [keep-alive]
      Content-Type: [application/json; charset=utf-8]
      User-Agent: [python/2.7.11 (Windows-10-10.0.15063) requests/2.9.1 msrest/0.4.11
          msrest_azure/0.4.9 computemanagementclient/1.0.0 Azure-SDK-For-Python AZURECLI/TEST/2.0.10+dev]
      accept-language: [en-US]
      x-ms-client-request-id: [54f18991-5c64-11e7-ad92-a0b3ccf7272a]
    method: GET
    uri: https://management.azure.com/subscriptions/00000000-0000-0000-0000-000000000000/providers/Microsoft.Compute/locations/westus/publishers/Microsoft.Azure.Diagnostics/artifacttypes/vmextension/types/IaaSDiagnostics/versions/1.6.4.0?api-version=2016-04-30-preview
  response:
    body: {string: !!python/unicode "{\r\n  \"properties\": {\r\n    \"operatingSystem\"\
        : \"Windows\",\r\n    \"computeRole\": \"IaaS\",\r\n    \"vmScaleSetEnabled\"\
        : false,\r\n    \"supportsMultipleExtensions\": false\r\n  },\r\n  \"location\"\
        : \"westus\",\r\n  \"name\": \"1.6.4.0\",\r\n  \"id\": \"/Subscriptions/0b1f6471-1bf0-4dda-aec3-cb9272f09590/Providers/Microsoft.Compute/Locations/westus/Publishers/Microsoft.Azure.Diagnostics/ArtifactTypes/VMExtension/Types/IaaSDiagnostics/Versions/1.6.4.0\"\
        \r\n}"}
    headers:
      cache-control: [no-cache]
      content-length: ['425']
      content-type: [application/json; charset=utf-8]
      date: ['Thu, 29 Jun 2017 00:46:04 GMT']
      expires: ['-1']
      pragma: [no-cache]
      server: [Microsoft-HTTPAPI/2.0, Microsoft-HTTPAPI/2.0]
      strict-transport-security: [max-age=31536000; includeSubDomains]
      transfer-encoding: [chunked]
      vary: [Accept-Encoding]
    status: {code: 200, message: OK}
version: 1
