interactions:
- request:
    body: '{"tags": {"use": "az-test"}, "location": "westus"}'
    headers:
      Accept: [application/json]
      Accept-Encoding: ['gzip, deflate']
      CommandName: [group create]
      Connection: [keep-alive]
      Content-Length: ['50']
      Content-Type: [application/json; charset=utf-8]
      User-Agent: [python/3.5.3 (Windows-10-10.0.16299-SP0) requests/2.18.4 msrest/0.4.22
          msrest_azure/0.4.19 resourcemanagementclient/1.2.1 Azure-SDK-For-Python
          AZURECLI/2.0.24]
      accept-language: [en-US]
    method: PUT
    uri: https://management.azure.com/subscriptions/00000000-0000-0000-0000-000000000000/resourcegroups/cli_test_os_disk_size000001?api-version=2017-05-10
  response:
    body: {string: '{"id":"/subscriptions/00000000-0000-0000-0000-000000000000/resourceGroups/cli_test_os_disk_size000001","name":"cli_test_os_disk_size000001","location":"westus","tags":{"use":"az-test"},"properties":{"provisioningState":"Succeeded"}}'}
    headers:
      cache-control: [no-cache]
      content-length: ['328']
      content-type: [application/json; charset=utf-8]
      date: ['Tue, 19 Dec 2017 04:26:10 GMT']
      expires: ['-1']
      pragma: [no-cache]
      strict-transport-security: [max-age=31536000; includeSubDomains]
      x-ms-ratelimit-remaining-subscription-writes: ['1157']
    status: {code: 201, message: Created}
- request:
    body: null
    headers:
      Accept: [application/json]
      Accept-Encoding: ['gzip, deflate']
      CommandName: [vm create]
      Connection: [keep-alive]
      Content-Type: [application/json; charset=utf-8]
      User-Agent: [python/3.5.3 (Windows-10-10.0.16299-SP0) requests/2.18.4 msrest/0.4.22
          msrest_azure/0.4.19 resourcemanagementclient/1.2.1 Azure-SDK-For-Python
          AZURECLI/2.0.24]
      accept-language: [en-US]
    method: GET
    uri: https://management.azure.com/subscriptions/00000000-0000-0000-0000-000000000000/resourcegroups/cli_test_os_disk_size000001?api-version=2017-05-10
  response:
    body: {string: '{"id":"/subscriptions/00000000-0000-0000-0000-000000000000/resourceGroups/cli_test_os_disk_size000001","name":"cli_test_os_disk_size000001","location":"westus","tags":{"use":"az-test"},"properties":{"provisioningState":"Succeeded"}}'}
    headers:
      cache-control: [no-cache]
      content-length: ['328']
      content-type: [application/json; charset=utf-8]
      date: ['Tue, 19 Dec 2017 04:26:11 GMT']
      expires: ['-1']
      pragma: [no-cache]
      strict-transport-security: [max-age=31536000; includeSubDomains]
      vary: [Accept-Encoding]
    status: {code: 200, message: OK}
- request:
    body: null
    headers:
      Connection: [close]
      Host: [raw.githubusercontent.com]
      User-Agent: [Python-urllib/3.5]
    method: GET
    uri: https://raw.githubusercontent.com/Azure/azure-rest-api-specs/master/arm-compute/quickstart-templates/aliases.json
  response:
    body: {string: "{\n  \"$schema\":\"http://schema.management.azure.com/schemas/2015-01-01/deploymentTemplate.json\"\
        ,\n  \"contentVersion\":\"1.0.0.0\",\n  \"parameters\":{},\n  \"variables\"\
        :{},\n  \"resources\":[],\n\n  \"outputs\":{\n    \"aliases\":{\n      \"\
        type\":\"object\",\n      \"value\":{\n\n        \"Linux\":{\n          \"\
        CentOS\":{\n            \"publisher\":\"OpenLogic\",\n            \"offer\"\
        :\"CentOS\",\n            \"sku\":\"7.3\",\n            \"version\":\"latest\"\
        \n          },\n          \"CoreOS\":{\n            \"publisher\":\"CoreOS\"\
        ,\n            \"offer\":\"CoreOS\",\n            \"sku\":\"Stable\",\n  \
        \          \"version\":\"latest\"\n          },\n          \"Debian\":{\n\
        \            \"publisher\":\"credativ\",\n            \"offer\":\"Debian\"\
        ,\n            \"sku\":\"8\",\n            \"version\":\"latest\"\n      \
        \    },\n          \"openSUSE-Leap\": {\n            \"publisher\":\"SUSE\"\
        ,\n            \"offer\":\"openSUSE-Leap\",\n            \"sku\":\"42.2\"\
        ,\n            \"version\": \"latest\"\n          },\n          \"RHEL\":{\n\
        \            \"publisher\":\"RedHat\",\n            \"offer\":\"RHEL\",\n\
        \            \"sku\":\"7.3\",\n            \"version\":\"latest\"\n      \
        \    },\n          \"SLES\":{\n            \"publisher\":\"SUSE\",\n     \
        \       \"offer\":\"SLES\",\n            \"sku\":\"12-SP2\",\n           \
        \ \"version\":\"latest\"\n          },\n          \"UbuntuLTS\":{\n      \
        \      \"publisher\":\"Canonical\",\n            \"offer\":\"UbuntuServer\"\
        ,\n            \"sku\":\"16.04-LTS\",\n            \"version\":\"latest\"\n\
        \          }\n        },\n\n        \"Windows\":{\n          \"Win2016Datacenter\"\
        :{\n            \"publisher\":\"MicrosoftWindowsServer\",\n            \"\
        offer\":\"WindowsServer\",\n            \"sku\":\"2016-Datacenter\",\n   \
        \         \"version\":\"latest\"\n          },\n          \"Win2012R2Datacenter\"\
        :{\n            \"publisher\":\"MicrosoftWindowsServer\",\n            \"\
        offer\":\"WindowsServer\",\n            \"sku\":\"2012-R2-Datacenter\",\n\
        \            \"version\":\"latest\"\n          },\n          \"Win2012Datacenter\"\
        :{\n            \"publisher\":\"MicrosoftWindowsServer\",\n            \"\
        offer\":\"WindowsServer\",\n            \"sku\":\"2012-Datacenter\",\n   \
        \         \"version\":\"latest\"\n          },\n          \"Win2008R2SP1\"\
        :{\n            \"publisher\":\"MicrosoftWindowsServer\",\n            \"\
        offer\":\"WindowsServer\",\n            \"sku\":\"2008-R2-SP1\",\n       \
        \     \"version\":\"latest\"\n          }\n        }\n      }\n    }\n  }\n\
        }\n"}
    headers:
      accept-ranges: [bytes]
      access-control-allow-origin: ['*']
      cache-control: [max-age=300]
      connection: [close]
      content-length: ['2235']
      content-security-policy: [default-src 'none'; style-src 'unsafe-inline'; sandbox]
      content-type: [text/plain; charset=utf-8]
      date: ['Tue, 19 Dec 2017 04:26:13 GMT']
      etag: ['"d6824855d13e27c5258a680eb60f635d088fd05e"']
      expires: ['Tue, 19 Dec 2017 04:31:13 GMT']
      source-age: ['240']
      strict-transport-security: [max-age=31536000]
      vary: ['Authorization,Accept-Encoding']
      via: [1.1 varnish]
      x-cache: [HIT]
      x-cache-hits: ['3']
      x-content-type-options: [nosniff]
      x-fastly-request-id: [c285fb7b428c3232d6e5e36512d7567bdcaced22]
      x-frame-options: [deny]
      x-geo-block-list: ['']
      x-github-request-id: ['F7D6:5F87:10877C:118C8E:5A3893EE']
      x-served-by: [cache-sea1024-SEA]
      x-timer: ['S1513657573.114390,VS0,VE0']
      x-xss-protection: [1; mode=block]
    status: {code: 200, message: OK}
- request:
    body: null
    headers:
      Accept: [application/json]
      Accept-Encoding: ['gzip, deflate']
      CommandName: [vm create]
      Connection: [keep-alive]
      Content-Type: [application/json; charset=utf-8]
      User-Agent: [python/3.5.3 (Windows-10-10.0.16299-SP0) requests/2.18.4 msrest/0.4.22
          msrest_azure/0.4.19 resourcemanagementclient/1.2.1 Azure-SDK-For-Python
          AZURECLI/2.0.24]
      accept-language: [en-US]
    method: GET
    uri: https://management.azure.com/subscriptions/00000000-0000-0000-0000-000000000000/providers/Microsoft.Storage?api-version=2017-05-10
  response:
    body: {string: '{"id":"/subscriptions/00000000-0000-0000-0000-000000000000/providers/Microsoft.Storage","namespace":"Microsoft.Storage","authorization":{"applicationId":"a6aa9161-5291-40bb-8c5c-923b567bee3b","roleDefinitionId":"070ab87f-0efc-4423-b18b-756f3bdb0236"},"resourceTypes":[{"resourceType":"storageAccounts","locations":["East
        US","East US 2","West US","West Europe","East Asia","Southeast Asia","Japan
        East","Japan West","North Central US","South Central US","Central US","North
        Europe","Brazil South","Australia East","Australia Southeast","South India","Central
        India","West India","Canada East","Canada Central","West US 2","West Central
        US","UK South","UK West","Korea Central","Korea South","East US 2 EUAP","Central
        US EUAP"],"apiVersions":["2017-10-01","2017-06-01","2016-12-01","2016-05-01","2016-01-01","2015-06-15","2015-05-01-preview"],"apiProfiles":[{"profileVersion":"2017-03-09-profile","apiVersion":"2016-01-01"}],"capabilities":"CrossResourceGroupResourceMove,
        CrossSubscriptionResourceMove, SystemAssignedResourceIdentity"},{"resourceType":"operations","locations":[],"apiVersions":["2017-10-01","2017-06-01","2016-12-01","2016-05-01","2016-01-01","2015-06-15","2015-05-01-preview"],"apiProfiles":[{"profileVersion":"2017-03-09-profile","apiVersion":"2016-01-01"}]},{"resourceType":"locations/asyncoperations","locations":["East
        US","East US 2","West US","West Europe","East Asia","Southeast Asia","Japan
        East","Japan West","North Central US","South Central US","Central US","North
        Europe","Brazil South","Australia East","Australia Southeast","South India","Central
        India","West India","Canada East","Canada Central","West US 2","West Central
        US","UK South","UK West","Korea Central","Korea South","East US 2 EUAP","Central
        US EUAP"],"apiVersions":["2017-10-01","2017-06-01","2016-12-01","2016-05-01","2016-01-01","2015-06-15","2015-05-01-preview"],"apiProfiles":[{"profileVersion":"2017-03-09-profile","apiVersion":"2016-01-01"}]},{"resourceType":"storageAccounts/listAccountSas","locations":["East
        US","East US 2","West US","West Europe","East Asia","Southeast Asia","Japan
        East","Japan West","North Central US","South Central US","Central US","North
        Europe","Brazil South","Australia East","Australia Southeast","South India","Central
        India","West India","Canada East","Canada Central","West US 2","West Central
        US","UK South","UK West","Korea Central","Korea South","East US 2 EUAP","Central
        US EUAP"],"apiVersions":["2017-10-01","2017-06-01","2016-12-01","2016-05-01"]},{"resourceType":"storageAccounts/listServiceSas","locations":["East
        US","East US 2","West US","West Europe","East Asia","Southeast Asia","Japan
        East","Japan West","North Central US","South Central US","Central US","North
        Europe","Brazil South","Australia East","Australia Southeast","South India","Central
        India","West India","Canada East","Canada Central","West US 2","West Central
        US","UK South","UK West","Korea Central","Korea South","East US 2 EUAP","Central
        US EUAP"],"apiVersions":["2017-10-01","2017-06-01","2016-12-01","2016-05-01"]},{"resourceType":"storageAccounts/blobServices","locations":["East
        US","East US 2","West US","West Europe","East Asia","Southeast Asia","Japan
        East","Japan West","North Central US","South Central US","Central US","North
        Europe","Brazil South","Australia East","Australia Southeast","South India","Central
        India","West India","Canada East","Canada Central","West US 2","West Central
        US","UK South","UK West","Korea Central","Korea South","East US 2 EUAP","Central
        US EUAP"],"apiVersions":["2017-10-01","2017-06-01","2016-12-01","2016-05-01"]},{"resourceType":"storageAccounts/tableServices","locations":["East
        US","East US 2","West US","West Europe","East Asia","Southeast Asia","Japan
        East","Japan West","North Central US","South Central US","Central US","North
        Europe","Brazil South","Australia East","Australia Southeast","South India","Central
        India","West India","Canada East","Canada Central","West US 2","West Central
        US","UK South","UK West","Korea Central","Korea South","East US 2 EUAP","Central
        US EUAP"],"apiVersions":["2017-10-01","2017-06-01","2016-12-01","2016-05-01"]},{"resourceType":"storageAccounts/queueServices","locations":["East
        US","East US 2","West US","West Europe","East Asia","Southeast Asia","Japan
        East","Japan West","North Central US","South Central US","Central US","North
        Europe","Brazil South","Australia East","Australia Southeast","South India","Central
        India","West India","Canada East","Canada Central","West US 2","West Central
        US","UK South","UK West","Korea Central","Korea South","East US 2 EUAP","Central
        US EUAP"],"apiVersions":["2017-10-01","2017-06-01","2016-12-01","2016-05-01"]},{"resourceType":"storageAccounts/fileServices","locations":["East
        US","East US 2","West US","West Europe","East Asia","Southeast Asia","Japan
        East","Japan West","North Central US","South Central US","Central US","North
        Europe","Brazil South","Australia East","Australia Southeast","South India","Central
        India","West India","Canada East","Canada Central","West US 2","West Central
        US","UK South","UK West","Korea Central","Korea South","East US 2 EUAP","Central
        US EUAP"],"apiVersions":["2017-10-01","2017-06-01","2016-12-01","2016-05-01"]},{"resourceType":"locations","locations":[],"apiVersions":["2017-10-01","2017-06-01","2016-12-01","2016-07-01","2016-01-01"],"apiProfiles":[{"profileVersion":"2017-03-09-profile","apiVersion":"2016-01-01"}]},{"resourceType":"locations/deleteVirtualNetworkOrSubnets","locations":["East
        US","East US 2","West US","West Europe","East Asia","Southeast Asia","Japan
        East","Japan West","North Central US","South Central US","Central US","North
        Europe","Brazil South","Australia East","Australia Southeast","South India","Central
        India","West India","Canada East","Canada Central","West US 2","West Central
        US","UK South","UK West","Korea Central","Korea South","East US 2 EUAP","Central
        US EUAP"],"apiVersions":["2017-10-01","2017-06-01","2016-12-01","2016-07-01"]},{"resourceType":"usages","locations":[],"apiVersions":["2017-10-01","2017-06-01","2016-12-01","2016-05-01","2016-01-01","2015-06-15","2015-05-01-preview"],"apiProfiles":[{"profileVersion":"2017-03-09-profile","apiVersion":"2016-01-01"}]},{"resourceType":"checkNameAvailability","locations":[],"apiVersions":["2017-10-01","2017-06-01","2016-12-01","2016-05-01","2016-01-01","2015-06-15","2015-05-01-preview"],"apiProfiles":[{"profileVersion":"2017-03-09-profile","apiVersion":"2016-01-01"}]},{"resourceType":"storageAccounts/services","locations":["East
        US","West US","East US 2 (Stage)","West Europe","North Europe","East Asia","Southeast
        Asia","Japan East","Japan West","North Central US","South Central US","East
        US 2","Central US","Australia East","Australia Southeast","Brazil South","South
        India","Central India","West India","Canada East","Canada Central","West US
        2","West Central US","UK South","UK West","Korea Central","Korea South","East
        US 2 EUAP","Central US EUAP"],"apiVersions":["2014-04-01"]},{"resourceType":"storageAccounts/services/metricDefinitions","locations":["East
        US","West US","East US 2 (Stage)","West Europe","North Europe","East Asia","Southeast
        Asia","Japan East","Japan West","North Central US","South Central US","East
        US 2","Central US","Australia East","Australia Southeast","Brazil South","South
        India","Central India","West India","Canada East","Canada Central","West US
        2","West Central US","UK South","UK West","Korea Central","Korea South","East
        US 2 EUAP","Central US EUAP"],"apiVersions":["2014-04-01"]}],"registrationState":"Registered"}'}
    headers:
      cache-control: [no-cache]
      content-length: ['7535']
      content-type: [application/json; charset=utf-8]
      date: ['Tue, 19 Dec 2017 04:26:12 GMT']
      expires: ['-1']
      pragma: [no-cache]
      strict-transport-security: [max-age=31536000; includeSubDomains]
      vary: [Accept-Encoding]
    status: {code: 200, message: OK}
- request:
    body: null
    headers:
      Accept: [application/json]
      Accept-Encoding: ['gzip, deflate']
      CommandName: [vm create]
      Connection: [keep-alive]
      Content-Type: [application/json; charset=utf-8]
      User-Agent: [python/3.5.3 (Windows-10-10.0.16299-SP0) requests/2.18.4 msrest/0.4.22
          msrest_azure/0.4.19 resourcemanagementclient/1.2.1 Azure-SDK-For-Python
          AZURECLI/2.0.24]
      accept-language: [en-US]
    method: GET
    uri: https://management.azure.com/subscriptions/00000000-0000-0000-0000-000000000000/resourcegroups/cli_test_os_disk_size000001/providers/Microsoft.Storage/storageAccounts/cli000002?api-version=2017-10-01
  response:
    body: {string: '{"error":{"code":"ResourceNotFound","message":"The Resource ''Microsoft.Storage/storageAccounts/cli000002''
        under resource group ''cli_test_os_disk_size000001'' was not found."}}'}
    headers:
      cache-control: [no-cache]
      content-length: ['225']
      content-type: [application/json; charset=utf-8]
      date: ['Tue, 19 Dec 2017 04:26:12 GMT']
      expires: ['-1']
      pragma: [no-cache]
      strict-transport-security: [max-age=31536000; includeSubDomains]
      x-ms-failure-cause: [gateway]
    status: {code: 404, message: Not Found}
- request:
    body: null
    headers:
      Accept: [application/json]
      Accept-Encoding: ['gzip, deflate']
      CommandName: [vm create]
      Connection: [keep-alive]
      Content-Type: [application/json; charset=utf-8]
      User-Agent: [python/3.5.3 (Windows-10-10.0.16299-SP0) requests/2.18.4 msrest/0.4.22
          msrest_azure/0.4.19 networkmanagementclient/1.7.0 Azure-SDK-For-Python AZURECLI/2.0.24]
      accept-language: [en-US]
    method: GET
    uri: https://management.azure.com/subscriptions/00000000-0000-0000-0000-000000000000/resourceGroups/cli_test_os_disk_size000001/providers/Microsoft.Network/virtualNetworks?api-version=2017-11-01
  response:
    body: {string: '{"value":[]}'}
    headers:
      cache-control: [no-cache]
      content-length: ['12']
      content-type: [application/json; charset=utf-8]
      date: ['Tue, 19 Dec 2017 04:26:12 GMT']
      expires: ['-1']
      pragma: [no-cache]
      strict-transport-security: [max-age=31536000; includeSubDomains]
      vary: [Accept-Encoding]
    status: {code: 200, message: OK}
- request:
    body: 'b''b\''{"properties": {"mode": "Incremental", "template": {"parameters":
      {}, "variables": {}, "outputs": {}, "resources": [{"dependsOn": [], "properties":
      {"accountType": "Premium_LRS"}, "apiVersion": "2015-06-15", "name": "cli000002",
      "type": "Microsoft.Storage/storageAccounts", "tags": {}, "location": "westus"},
      {"dependsOn": [], "properties": {"subnets": [{"name": "vmSubnet", "properties":
      {"addressPrefix": "10.0.0.0/24"}}], "addressSpace": {"addressPrefixes": ["10.0.0.0/16"]}},
      "apiVersion": "2015-06-15", "name": "vmVNET", "type": "Microsoft.Network/virtualNetworks",
      "tags": {}, "location": "westus"}, {"dependsOn": [], "properties": {"securityRules":
      [{"name": "default-allow-ssh", "properties": {"direction": "Inbound", "destinationAddressPrefix":
      "*", "protocol": "Tcp", "sourceAddressPrefix": "*", "access": "Allow", "destinationPortRange":
      "22", "priority": 1000, "sourcePortRange": "*"}}]}, "apiVersion": "2015-06-15",
      "name": "vmNSG", "type": "Microsoft.Network/networkSecurityGroups", "tags":
      {}, "location": "westus"}, {"dependsOn": [], "properties": {"publicIPAllocationMethod":
      "dynamic"}, "name": "vmPublicIP", "apiVersion": "2017-11-01", "type": "Microsoft.Network/publicIPAddresses",
      "tags": {}, "location": "westus"}, {"dependsOn": ["Microsoft.Network/virtualNetworks/vmVNET",
      "Microsoft.Network/networkSecurityGroups/vmNSG", "Microsoft.Network/publicIpAddresses/vmPublicIP"],
      "properties": {"networkSecurityGroup": {"id": "/subscriptions/00000000-0000-0000-0000-000000000000/resourceGroups/cli_test_os_disk_size000001/providers/Microsoft.Network/networkSecurityGroups/vmNSG"},
      "ipConfigurations": [{"name": "ipconfigvm", "properties": {"subnet": {"id":
      "/subscriptions/00000000-0000-0000-0000-000000000000/resourceGroups/cli_test_os_disk_size000001/providers/Microsoft.Network/virtualNetworks/vmVNET/subnets/vmSubnet"},
      "publicIPAddress": {"id": "/subscriptions/00000000-0000-0000-0000-000000000000/resourceGroups/cli_test_os_disk_size000001/providers/Microsoft.Network/publicIPAddresses/vmPublicIP"},
      "privateIPAllocationMethod": "Dynamic"}}]}, "name": "vmVMNic", "apiVersion":
      "2015-06-15", "type": "Microsoft.Network/networkInterfaces", "tags": {}, "location":
      "westus"}, {"dependsOn": ["Microsoft.Storage/storageAccounts/cli000002", "Microsoft.Network/networkInterfaces/vmVMNic"],
      "properties": {"hardwareProfile": {"vmSize": "Standard_DS1_v2"}, "storageProfile":
      {"osDisk": {"createOption": "fromImage", "vhd": {"uri": "https://cli000002.blob.core.windows.net/vhds/osdisk_230e6731b0.vhd"},
      "diskSizeGb": 75, "caching": "ReadWrite", "name": "osdisk_230e6731b0"}, "imageReference":
      {"offer": "CentOS", "publisher": "OpenLogic", "version": "latest", "sku": "7.3"}},
      "networkProfile": {"networkInterfaces": [{"id": "/subscriptions/00000000-0000-0000-0000-000000000000/resourceGroups/cli_test_os_disk_size000001/providers/Microsoft.Network/networkInterfaces/vmVMNic"}]},
      "osProfile": {"computerName": "vm", "adminUsername": "centosadmin", "adminPassword":
      "testPassword0"}}, "name": "vm", "apiVersion": "2017-12-01", "type": "Microsoft.Compute/virtualMachines",
      "tags": {}, "location": "westus"}], "$schema": "https://schema.management.azure.com/schemas/2015-01-01/deploymentTemplate.json#",
      "contentVersion": "1.0.0.0"}, "parameters": {}}}\'''''
    headers:
      Accept: [application/json]
      Accept-Encoding: ['gzip, deflate']
      CommandName: [vm create]
      Connection: [keep-alive]
      Content-Length: ['3461']
      Content-Type: [application/json; charset=utf-8]
      User-Agent: [python/3.5.3 (Windows-10-10.0.16299-SP0) requests/2.18.4 msrest/0.4.22
          msrest_azure/0.4.19 resourcemanagementclient/1.2.1 Azure-SDK-For-Python
          AZURECLI/2.0.24]
      accept-language: [en-US]
    method: PUT
    uri: https://management.azure.com/subscriptions/00000000-0000-0000-0000-000000000000/resourcegroups/cli_test_os_disk_size000001/providers/Microsoft.Resources/deployments/mock-deployment?api-version=2017-05-10
  response:
    body: {string: '{"id":"/subscriptions/00000000-0000-0000-0000-000000000000/resourceGroups/cli_test_os_disk_size000001/providers/Microsoft.Resources/deployments/vm_deploy_PUa08w4qg9X4ghZjED3FjqezOFM3XoWM","name":"vm_deploy_PUa08w4qg9X4ghZjED3FjqezOFM3XoWM","properties":{"templateHash":"10739340262155461263","parameters":{},"mode":"Incremental","provisioningState":"Accepted","timestamp":"2017-12-19T04:26:15.4580697Z","duration":"PT0.5315253S","correlationId":"a839275d-b909-4a80-80a4-0002685d3e14","providers":[{"namespace":"Microsoft.Storage","resourceTypes":[{"resourceType":"storageAccounts","locations":["westus"]}]},{"namespace":"Microsoft.Network","resourceTypes":[{"resourceType":"virtualNetworks","locations":["westus"]},{"resourceType":"networkSecurityGroups","locations":["westus"]},{"resourceType":"publicIPAddresses","locations":["westus"]},{"resourceType":"networkInterfaces","locations":["westus"]}]},{"namespace":"Microsoft.Compute","resourceTypes":[{"resourceType":"virtualMachines","locations":["westus"]}]}],"dependencies":[{"dependsOn":[{"id":"/subscriptions/00000000-0000-0000-0000-000000000000/resourceGroups/cli_test_os_disk_size000001/providers/Microsoft.Network/virtualNetworks/vmVNET","resourceType":"Microsoft.Network/virtualNetworks","resourceName":"vmVNET"},{"id":"/subscriptions/00000000-0000-0000-0000-000000000000/resourceGroups/cli_test_os_disk_size000001/providers/Microsoft.Network/networkSecurityGroups/vmNSG","resourceType":"Microsoft.Network/networkSecurityGroups","resourceName":"vmNSG"},{"id":"/subscriptions/00000000-0000-0000-0000-000000000000/resourceGroups/cli_test_os_disk_size000001/providers/Microsoft.Network/publicIPAddresses/vmPublicIP","resourceType":"Microsoft.Network/publicIPAddresses","resourceName":"vmPublicIP"}],"id":"/subscriptions/00000000-0000-0000-0000-000000000000/resourceGroups/cli_test_os_disk_size000001/providers/Microsoft.Network/networkInterfaces/vmVMNic","resourceType":"Microsoft.Network/networkInterfaces","resourceName":"vmVMNic"},{"dependsOn":[{"id":"/subscriptions/00000000-0000-0000-0000-000000000000/resourceGroups/cli_test_os_disk_size000001/providers/Microsoft.Storage/storageAccounts/cli000002","resourceType":"Microsoft.Storage/storageAccounts","resourceName":"cli000002"},{"id":"/subscriptions/00000000-0000-0000-0000-000000000000/resourceGroups/cli_test_os_disk_size000001/providers/Microsoft.Network/networkInterfaces/vmVMNic","resourceType":"Microsoft.Network/networkInterfaces","resourceName":"vmVMNic"}],"id":"/subscriptions/00000000-0000-0000-0000-000000000000/resourceGroups/cli_test_os_disk_size000001/providers/Microsoft.Compute/virtualMachines/vm","resourceType":"Microsoft.Compute/virtualMachines","resourceName":"vm"}]}}'}
    headers:
      azure-asyncoperation: ['https://management.azure.com/subscriptions/00000000-0000-0000-0000-000000000000/resourcegroups/cli_test_os_disk_size000001/providers/Microsoft.Resources/deployments/vm_deploy_PUa08w4qg9X4ghZjED3FjqezOFM3XoWM/operationStatuses/08586879493105510896?api-version=2017-05-10']
      cache-control: [no-cache]
      content-length: ['3090']
      content-type: [application/json; charset=utf-8]
      date: ['Tue, 19 Dec 2017 04:26:15 GMT']
      expires: ['-1']
      pragma: [no-cache]
      strict-transport-security: [max-age=31536000; includeSubDomains]
      x-ms-ratelimit-remaining-subscription-writes: ['1188']
    status: {code: 201, message: Created}
- request:
    body: null
    headers:
      Accept: [application/json]
      Accept-Encoding: ['gzip, deflate']
      CommandName: [vm create]
      Connection: [keep-alive]
      Content-Type: [application/json; charset=utf-8]
      User-Agent: [python/3.5.3 (Windows-10-10.0.16299-SP0) requests/2.18.4 msrest/0.4.22
          msrest_azure/0.4.19 resourcemanagementclient/1.2.1 Azure-SDK-For-Python
          AZURECLI/2.0.24]
      accept-language: [en-US]
    method: GET
    uri: https://management.azure.com/subscriptions/00000000-0000-0000-0000-000000000000/resourcegroups/cli_test_os_disk_size000001/providers/Microsoft.Resources/deployments/mock-deployment/operationStatuses/08586879493105510896?api-version=2017-05-10
  response:
    body: {string: '{"status":"Running"}'}
    headers:
      cache-control: [no-cache]
      content-length: ['20']
      content-type: [application/json; charset=utf-8]
      date: ['Tue, 19 Dec 2017 04:26:45 GMT']
      expires: ['-1']
      pragma: [no-cache]
      strict-transport-security: [max-age=31536000; includeSubDomains]
      vary: [Accept-Encoding]
    status: {code: 200, message: OK}
- request:
    body: null
    headers:
      Accept: [application/json]
      Accept-Encoding: ['gzip, deflate']
      CommandName: [vm create]
      Connection: [keep-alive]
      Content-Type: [application/json; charset=utf-8]
      User-Agent: [python/3.5.3 (Windows-10-10.0.16299-SP0) requests/2.18.4 msrest/0.4.22
          msrest_azure/0.4.19 resourcemanagementclient/1.2.1 Azure-SDK-For-Python
          AZURECLI/2.0.24]
      accept-language: [en-US]
    method: GET
    uri: https://management.azure.com/subscriptions/00000000-0000-0000-0000-000000000000/resourcegroups/cli_test_os_disk_size000001/providers/Microsoft.Resources/deployments/mock-deployment/operationStatuses/08586879493105510896?api-version=2017-05-10
  response:
    body: {string: '{"status":"Running"}'}
    headers:
      cache-control: [no-cache]
      content-length: ['20']
      content-type: [application/json; charset=utf-8]
      date: ['Tue, 19 Dec 2017 04:27:15 GMT']
      expires: ['-1']
      pragma: [no-cache]
      strict-transport-security: [max-age=31536000; includeSubDomains]
      vary: [Accept-Encoding]
    status: {code: 200, message: OK}
- request:
    body: null
    headers:
      Accept: [application/json]
      Accept-Encoding: ['gzip, deflate']
      CommandName: [vm create]
      Connection: [keep-alive]
      Content-Type: [application/json; charset=utf-8]
      User-Agent: [python/3.5.3 (Windows-10-10.0.16299-SP0) requests/2.18.4 msrest/0.4.22
          msrest_azure/0.4.19 resourcemanagementclient/1.2.1 Azure-SDK-For-Python
          AZURECLI/2.0.24]
      accept-language: [en-US]
    method: GET
    uri: https://management.azure.com/subscriptions/00000000-0000-0000-0000-000000000000/resourcegroups/cli_test_os_disk_size000001/providers/Microsoft.Resources/deployments/mock-deployment/operationStatuses/08586879493105510896?api-version=2017-05-10
  response:
    body: {string: '{"status":"Running"}'}
    headers:
      cache-control: [no-cache]
      content-length: ['20']
      content-type: [application/json; charset=utf-8]
      date: ['Tue, 19 Dec 2017 04:27:48 GMT']
      expires: ['-1']
      pragma: [no-cache]
      strict-transport-security: [max-age=31536000; includeSubDomains]
      vary: [Accept-Encoding]
    status: {code: 200, message: OK}
- request:
    body: null
    headers:
      Accept: [application/json]
      Accept-Encoding: ['gzip, deflate']
      CommandName: [vm create]
      Connection: [keep-alive]
      Content-Type: [application/json; charset=utf-8]
      User-Agent: [python/3.5.3 (Windows-10-10.0.16299-SP0) requests/2.18.4 msrest/0.4.22
          msrest_azure/0.4.19 resourcemanagementclient/1.2.1 Azure-SDK-For-Python
          AZURECLI/2.0.24]
      accept-language: [en-US]
    method: GET
    uri: https://management.azure.com/subscriptions/00000000-0000-0000-0000-000000000000/resourcegroups/cli_test_os_disk_size000001/providers/Microsoft.Resources/deployments/mock-deployment/operationStatuses/08586879493105510896?api-version=2017-05-10
  response:
    body: {string: '{"status":"Running"}'}
    headers:
      cache-control: [no-cache]
      content-length: ['20']
      content-type: [application/json; charset=utf-8]
      date: ['Tue, 19 Dec 2017 04:28:18 GMT']
      expires: ['-1']
      pragma: [no-cache]
      strict-transport-security: [max-age=31536000; includeSubDomains]
      vary: [Accept-Encoding]
    status: {code: 200, message: OK}
- request:
    body: null
    headers:
      Accept: [application/json]
      Accept-Encoding: ['gzip, deflate']
      CommandName: [vm create]
      Connection: [keep-alive]
      Content-Type: [application/json; charset=utf-8]
      User-Agent: [python/3.5.3 (Windows-10-10.0.16299-SP0) requests/2.18.4 msrest/0.4.22
          msrest_azure/0.4.19 resourcemanagementclient/1.2.1 Azure-SDK-For-Python
          AZURECLI/2.0.24]
      accept-language: [en-US]
    method: GET
    uri: https://management.azure.com/subscriptions/00000000-0000-0000-0000-000000000000/resourcegroups/cli_test_os_disk_size000001/providers/Microsoft.Resources/deployments/mock-deployment/operationStatuses/08586879493105510896?api-version=2017-05-10
  response:
    body: {string: '{"status":"Succeeded"}'}
    headers:
      cache-control: [no-cache]
      content-length: ['22']
      content-type: [application/json; charset=utf-8]
      date: ['Tue, 19 Dec 2017 04:28:49 GMT']
      expires: ['-1']
      pragma: [no-cache]
      strict-transport-security: [max-age=31536000; includeSubDomains]
      vary: [Accept-Encoding]
    status: {code: 200, message: OK}
- request:
    body: null
    headers:
      Accept: [application/json]
      Accept-Encoding: ['gzip, deflate']
      CommandName: [vm create]
      Connection: [keep-alive]
      Content-Type: [application/json; charset=utf-8]
      User-Agent: [python/3.5.3 (Windows-10-10.0.16299-SP0) requests/2.18.4 msrest/0.4.22
          msrest_azure/0.4.19 resourcemanagementclient/1.2.1 Azure-SDK-For-Python
          AZURECLI/2.0.24]
      accept-language: [en-US]
    method: GET
    uri: https://management.azure.com/subscriptions/00000000-0000-0000-0000-000000000000/resourcegroups/cli_test_os_disk_size000001/providers/Microsoft.Resources/deployments/mock-deployment?api-version=2017-05-10
  response:
    body: {string: '{"id":"/subscriptions/00000000-0000-0000-0000-000000000000/resourceGroups/cli_test_os_disk_size000001/providers/Microsoft.Resources/deployments/vm_deploy_PUa08w4qg9X4ghZjED3FjqezOFM3XoWM","name":"vm_deploy_PUa08w4qg9X4ghZjED3FjqezOFM3XoWM","properties":{"templateHash":"10739340262155461263","parameters":{},"mode":"Incremental","provisioningState":"Succeeded","timestamp":"2017-12-19T04:28:21.0138728Z","duration":"PT2M6.0873284S","correlationId":"a839275d-b909-4a80-80a4-0002685d3e14","providers":[{"namespace":"Microsoft.Storage","resourceTypes":[{"resourceType":"storageAccounts","locations":["westus"]}]},{"namespace":"Microsoft.Network","resourceTypes":[{"resourceType":"virtualNetworks","locations":["westus"]},{"resourceType":"networkSecurityGroups","locations":["westus"]},{"resourceType":"publicIPAddresses","locations":["westus"]},{"resourceType":"networkInterfaces","locations":["westus"]}]},{"namespace":"Microsoft.Compute","resourceTypes":[{"resourceType":"virtualMachines","locations":["westus"]}]}],"dependencies":[{"dependsOn":[{"id":"/subscriptions/00000000-0000-0000-0000-000000000000/resourceGroups/cli_test_os_disk_size000001/providers/Microsoft.Network/virtualNetworks/vmVNET","resourceType":"Microsoft.Network/virtualNetworks","resourceName":"vmVNET"},{"id":"/subscriptions/00000000-0000-0000-0000-000000000000/resourceGroups/cli_test_os_disk_size000001/providers/Microsoft.Network/networkSecurityGroups/vmNSG","resourceType":"Microsoft.Network/networkSecurityGroups","resourceName":"vmNSG"},{"id":"/subscriptions/00000000-0000-0000-0000-000000000000/resourceGroups/cli_test_os_disk_size000001/providers/Microsoft.Network/publicIPAddresses/vmPublicIP","resourceType":"Microsoft.Network/publicIPAddresses","resourceName":"vmPublicIP"}],"id":"/subscriptions/00000000-0000-0000-0000-000000000000/resourceGroups/cli_test_os_disk_size000001/providers/Microsoft.Network/networkInterfaces/vmVMNic","resourceType":"Microsoft.Network/networkInterfaces","resourceName":"vmVMNic"},{"dependsOn":[{"id":"/subscriptions/00000000-0000-0000-0000-000000000000/resourceGroups/cli_test_os_disk_size000001/providers/Microsoft.Storage/storageAccounts/cli000002","resourceType":"Microsoft.Storage/storageAccounts","resourceName":"cli000002"},{"id":"/subscriptions/00000000-0000-0000-0000-000000000000/resourceGroups/cli_test_os_disk_size000001/providers/Microsoft.Network/networkInterfaces/vmVMNic","resourceType":"Microsoft.Network/networkInterfaces","resourceName":"vmVMNic"}],"id":"/subscriptions/00000000-0000-0000-0000-000000000000/resourceGroups/cli_test_os_disk_size000001/providers/Microsoft.Compute/virtualMachines/vm","resourceType":"Microsoft.Compute/virtualMachines","resourceName":"vm"}],"outputs":{},"outputResources":[{"id":"/subscriptions/00000000-0000-0000-0000-000000000000/resourceGroups/cli_test_os_disk_size000001/providers/Microsoft.Compute/virtualMachines/vm"},{"id":"/subscriptions/00000000-0000-0000-0000-000000000000/resourceGroups/cli_test_os_disk_size000001/providers/Microsoft.Network/networkInterfaces/vmVMNic"},{"id":"/subscriptions/00000000-0000-0000-0000-000000000000/resourceGroups/cli_test_os_disk_size000001/providers/Microsoft.Network/networkSecurityGroups/vmNSG"},{"id":"/subscriptions/00000000-0000-0000-0000-000000000000/resourceGroups/cli_test_os_disk_size000001/providers/Microsoft.Network/publicIPAddresses/vmPublicIP"},{"id":"/subscriptions/00000000-0000-0000-0000-000000000000/resourceGroups/cli_test_os_disk_size000001/providers/Microsoft.Network/virtualNetworks/vmVNET"},{"id":"/subscriptions/00000000-0000-0000-0000-000000000000/resourceGroups/cli_test_os_disk_size000001/providers/Microsoft.Storage/storageAccounts/cli000002"}]}}'}
    headers:
      cache-control: [no-cache]
      content-length: ['4360']
      content-type: [application/json; charset=utf-8]
      date: ['Tue, 19 Dec 2017 04:28:49 GMT']
      expires: ['-1']
      pragma: [no-cache]
      strict-transport-security: [max-age=31536000; includeSubDomains]
      vary: [Accept-Encoding]
    status: {code: 200, message: OK}
- request:
    body: null
    headers:
      Accept: [application/json]
      Accept-Encoding: ['gzip, deflate']
      CommandName: [vm create]
      Connection: [keep-alive]
      Content-Type: [application/json; charset=utf-8]
      User-Agent: [python/3.5.3 (Windows-10-10.0.16299-SP0) requests/2.18.4 msrest/0.4.22
          msrest_azure/0.4.19 computemanagementclient/3.1.0rc2 Azure-SDK-For-Python
          AZURECLI/2.0.24]
      accept-language: [en-US]
    method: GET
    uri: https://management.azure.com/subscriptions/00000000-0000-0000-0000-000000000000/resourceGroups/cli_test_os_disk_size000001/providers/Microsoft.Compute/virtualMachines/vm?$expand=instanceView&api-version=2017-12-01
  response:
    body: {string: "{\r\n  \"properties\": {\r\n    \"vmId\": \"0d752b1e-b0e6-42f7-95b2-438cee8b6fdd\"\
        ,\r\n    \"hardwareProfile\": {\r\n      \"vmSize\": \"Standard_DS1_v2\"\r\
        \n    },\r\n    \"storageProfile\": {\r\n      \"imageReference\": {\r\n \
        \       \"publisher\": \"OpenLogic\",\r\n        \"offer\": \"CentOS\",\r\n\
        \        \"sku\": \"7.3\",\r\n        \"version\": \"latest\"\r\n      },\r\
        \n      \"osDisk\": {\r\n        \"osType\": \"Linux\",\r\n        \"name\"\
        : \"osdisk_230e6731b0\",\r\n        \"createOption\": \"FromImage\",\r\n \
        \       \"vhd\": {\r\n          \"uri\": \"https://cli000002.blob.core.windows.net/vhds/osdisk_230e6731b0.vhd\"\
        \r\n        },\r\n        \"caching\": \"ReadWrite\",\r\n        \"diskSizeGB\"\
        : 75\r\n      },\r\n      \"dataDisks\": []\r\n    },\r\n    \"osProfile\"\
        : {\r\n      \"computerName\": \"vm\",\r\n      \"adminUsername\": \"centosadmin\"\
        ,\r\n      \"linuxConfiguration\": {\r\n        \"disablePasswordAuthentication\"\
        : false\r\n      },\r\n      \"secrets\": []\r\n    },\r\n    \"networkProfile\"\
        : {\"networkInterfaces\":[{\"id\":\"/subscriptions/00000000-0000-0000-0000-000000000000/resourceGroups/cli_test_os_disk_size000001/providers/Microsoft.Network/networkInterfaces/vmVMNic\"\
        }]},\r\n    \"provisioningState\": \"Succeeded\",\r\n    \"instanceView\"\
        : {\r\n      \"computerName\": \"vm\",\r\n      \"osName\": \"centos\",\r\n\
        \      \"osVersion\": \"7.3.1611\",\r\n      \"vmAgent\": {\r\n        \"\
        vmAgentVersion\": \"2.2.19\",\r\n        \"statuses\": [\r\n          {\r\n\
        \            \"code\": \"ProvisioningState/succeeded\",\r\n            \"\
        level\": \"Info\",\r\n            \"displayStatus\": \"Ready\",\r\n      \
        \      \"message\": \"Guest Agent is running\",\r\n            \"time\": \"\
        2017-12-19T04:28:50+00:00\"\r\n          }\r\n        ],\r\n        \"extensionHandlers\"\
        : []\r\n      },\r\n      \"disks\": [\r\n        {\r\n          \"name\"\
        : \"osdisk_230e6731b0\",\r\n          \"statuses\": [\r\n            {\r\n\
        \              \"code\": \"ProvisioningState/succeeded\",\r\n            \
        \  \"level\": \"Info\",\r\n              \"displayStatus\": \"Provisioning\
        \ succeeded\",\r\n              \"time\": \"2017-12-19T04:26:43.178157+00:00\"\
        \r\n            }\r\n          ]\r\n        }\r\n      ],\r\n      \"statuses\"\
        : [\r\n        {\r\n          \"code\": \"ProvisioningState/succeeded\",\r\
        \n          \"level\": \"Info\",\r\n          \"displayStatus\": \"Provisioning\
        \ succeeded\",\r\n          \"time\": \"2017-12-19T04:28:16.7406337+00:00\"\
        \r\n        },\r\n        {\r\n          \"code\": \"PowerState/running\"\
        ,\r\n          \"level\": \"Info\",\r\n          \"displayStatus\": \"VM running\"\
        \r\n        }\r\n      ]\r\n    }\r\n  },\r\n  \"type\": \"Microsoft.Compute/virtualMachines\"\
        ,\r\n  \"location\": \"westus\",\r\n  \"tags\": {},\r\n  \"id\": \"/subscriptions/00000000-0000-0000-0000-000000000000/resourceGroups/cli_test_os_disk_size000001/providers/Microsoft.Compute/virtualMachines/vm\"\
        ,\r\n  \"name\": \"vm\"\r\n}"}
    headers:
      cache-control: [no-cache]
      content-length: ['2707']
      content-type: [application/json; charset=utf-8]
      date: ['Tue, 19 Dec 2017 04:28:50 GMT']
      expires: ['-1']
      pragma: [no-cache]
      server: [Microsoft-HTTPAPI/2.0, Microsoft-HTTPAPI/2.0]
      strict-transport-security: [max-age=31536000; includeSubDomains]
      transfer-encoding: [chunked]
      vary: [Accept-Encoding]
      x-ms-ratelimit-remaining-resource: ['Microsoft.Compute/LowCostGet3Min;4931,Microsoft.Compute/LowCostGet30Min;39879']
    status: {code: 200, message: OK}
- request:
    body: null
    headers:
      Accept: [application/json]
      Accept-Encoding: ['gzip, deflate']
      CommandName: [vm create]
      Connection: [keep-alive]
      Content-Type: [application/json; charset=utf-8]
      User-Agent: [python/3.5.3 (Windows-10-10.0.16299-SP0) requests/2.18.4 msrest/0.4.22
          msrest_azure/0.4.19 networkmanagementclient/1.7.0 Azure-SDK-For-Python AZURECLI/2.0.24]
      accept-language: [en-US]
    method: GET
    uri: https://management.azure.com/subscriptions/00000000-0000-0000-0000-000000000000/resourceGroups/cli_test_os_disk_size000001/providers/Microsoft.Network/networkInterfaces/vmVMNic?api-version=2017-11-01
  response:
    body: {string: "{\r\n  \"name\": \"vmVMNic\",\r\n  \"id\": \"/subscriptions/00000000-0000-0000-0000-000000000000/resourceGroups/cli_test_os_disk_size000001/providers/Microsoft.Network/networkInterfaces/vmVMNic\"\
        ,\r\n  \"etag\": \"W/\\\"c3caa159-ddd7-4a4c-be98-78b9219a360d\\\"\",\r\n \
        \ \"location\": \"westus\",\r\n  \"tags\": {},\r\n  \"properties\": {\r\n\
        \    \"provisioningState\": \"Succeeded\",\r\n    \"resourceGuid\": \"53e66856-9619-45ba-8c16-0cb09514ea95\"\
        ,\r\n    \"ipConfigurations\": [\r\n      {\r\n        \"name\": \"ipconfigvm\"\
        ,\r\n        \"id\": \"/subscriptions/00000000-0000-0000-0000-000000000000/resourceGroups/cli_test_os_disk_size000001/providers/Microsoft.Network/networkInterfaces/vmVMNic/ipConfigurations/ipconfigvm\"\
        ,\r\n        \"etag\": \"W/\\\"c3caa159-ddd7-4a4c-be98-78b9219a360d\\\"\"\
        ,\r\n        \"properties\": {\r\n          \"provisioningState\": \"Succeeded\"\
        ,\r\n          \"privateIPAddress\": \"10.0.0.4\",\r\n          \"privateIPAllocationMethod\"\
        : \"Dynamic\",\r\n          \"publicIPAddress\": {\r\n            \"id\":\
        \ \"/subscriptions/00000000-0000-0000-0000-000000000000/resourceGroups/cli_test_os_disk_size000001/providers/Microsoft.Network/publicIPAddresses/vmPublicIP\"\
        \r\n          },\r\n          \"subnet\": {\r\n            \"id\": \"/subscriptions/00000000-0000-0000-0000-000000000000/resourceGroups/cli_test_os_disk_size000001/providers/Microsoft.Network/virtualNetworks/vmVNET/subnets/vmSubnet\"\
        \r\n          },\r\n          \"primary\": true,\r\n          \"privateIPAddressVersion\"\
        : \"IPv4\"\r\n        }\r\n      }\r\n    ],\r\n    \"dnsSettings\": {\r\n\
        \      \"dnsServers\": [],\r\n      \"appliedDnsServers\": [],\r\n      \"\
        internalDomainNameSuffix\": \"lnfskfty4ahuze4mszrvuq5hsh.dx.internal.cloudapp.net\"\
        \r\n    },\r\n    \"macAddress\": \"00-0D-3A-31-AC-6D\",\r\n    \"enableAcceleratedNetworking\"\
        : false,\r\n    \"enableIPForwarding\": false,\r\n    \"networkSecurityGroup\"\
        : {\r\n      \"id\": \"/subscriptions/00000000-0000-0000-0000-000000000000/resourceGroups/cli_test_os_disk_size000001/providers/Microsoft.Network/networkSecurityGroups/vmNSG\"\
        \r\n    },\r\n    \"primary\": true,\r\n    \"virtualMachine\": {\r\n    \
        \  \"id\": \"/subscriptions/00000000-0000-0000-0000-000000000000/resourceGroups/cli_test_os_disk_size000001/providers/Microsoft.Compute/virtualMachines/vm\"\
        \r\n    },\r\n    \"virtualNetworkTapProvisioningState\": \"NotProvisioned\"\
        \r\n  },\r\n  \"type\": \"Microsoft.Network/networkInterfaces\"\r\n}"}
    headers:
      cache-control: [no-cache]
      content-length: ['2546']
      content-type: [application/json; charset=utf-8]
      date: ['Tue, 19 Dec 2017 04:28:51 GMT']
      etag: [W/"c3caa159-ddd7-4a4c-be98-78b9219a360d"]
      expires: ['-1']
      pragma: [no-cache]
      server: [Microsoft-HTTPAPI/2.0, Microsoft-HTTPAPI/2.0]
      strict-transport-security: [max-age=31536000; includeSubDomains]
      transfer-encoding: [chunked]
      vary: [Accept-Encoding]
    status: {code: 200, message: OK}
- request:
    body: null
    headers:
      Accept: [application/json]
      Accept-Encoding: ['gzip, deflate']
      CommandName: [vm create]
      Connection: [keep-alive]
      Content-Type: [application/json; charset=utf-8]
      User-Agent: [python/3.5.3 (Windows-10-10.0.16299-SP0) requests/2.18.4 msrest/0.4.22
          msrest_azure/0.4.19 networkmanagementclient/1.7.0 Azure-SDK-For-Python AZURECLI/2.0.24]
      accept-language: [en-US]
    method: GET
    uri: https://management.azure.com/subscriptions/00000000-0000-0000-0000-000000000000/resourceGroups/cli_test_os_disk_size000001/providers/Microsoft.Network/publicIPAddresses/vmPublicIP?api-version=2017-11-01
  response:
    body: {string: "{\r\n  \"name\": \"vmPublicIP\",\r\n  \"id\": \"/subscriptions/00000000-0000-0000-0000-000000000000/resourceGroups/cli_test_os_disk_size000001/providers/Microsoft.Network/publicIPAddresses/vmPublicIP\"\
        ,\r\n  \"etag\": \"W/\\\"cf2de555-259a-4622-9e57-d3c30c9a730f\\\"\",\r\n \
        \ \"location\": \"westus\",\r\n  \"tags\": {},\r\n  \"properties\": {\r\n\
        \    \"provisioningState\": \"Succeeded\",\r\n    \"resourceGuid\": \"1e0b298b-aca5-4392-ad7b-850242cfce89\"\
        ,\r\n    \"ipAddress\": \"40.112.186.122\",\r\n    \"publicIPAddressVersion\"\
        : \"IPv4\",\r\n    \"publicIPAllocationMethod\": \"Dynamic\",\r\n    \"idleTimeoutInMinutes\"\
        : 4,\r\n    \"ipTags\": [],\r\n    \"ipConfiguration\": {\r\n      \"id\"\
        : \"/subscriptions/00000000-0000-0000-0000-000000000000/resourceGroups/cli_test_os_disk_size000001/providers/Microsoft.Network/networkInterfaces/vmVMNic/ipConfigurations/ipconfigvm\"\
        \r\n    }\r\n  },\r\n  \"type\": \"Microsoft.Network/publicIPAddresses\",\r\
        \n  \"sku\": {\r\n    \"name\": \"Basic\"\r\n  }\r\n}"}
    headers:
      cache-control: [no-cache]
      content-length: ['994']
      content-type: [application/json; charset=utf-8]
      date: ['Tue, 19 Dec 2017 04:28:51 GMT']
      etag: [W/"cf2de555-259a-4622-9e57-d3c30c9a730f"]
      expires: ['-1']
      pragma: [no-cache]
      server: [Microsoft-HTTPAPI/2.0, Microsoft-HTTPAPI/2.0]
      strict-transport-security: [max-age=31536000; includeSubDomains]
      transfer-encoding: [chunked]
      vary: [Accept-Encoding]
    status: {code: 200, message: OK}
- request:
    body: null
    headers:
      Accept: [application/json]
      Accept-Encoding: ['gzip, deflate']
      CommandName: [storage blob list]
      Connection: [keep-alive]
      Content-Type: [application/json; charset=utf-8]
      User-Agent: [python/3.5.3 (Windows-10-10.0.16299-SP0) requests/2.18.4 msrest/0.4.22
          msrest_azure/0.4.19 azure-mgmt-storage/1.5.0 Azure-SDK-For-Python AZURECLI/2.0.24]
      accept-language: [en-US]
    method: GET
    uri: https://management.azure.com/subscriptions/00000000-0000-0000-0000-000000000000/providers/Microsoft.Storage/storageAccounts?api-version=2017-10-01
  response:
    body: {string: '{"value":[{"id":"/subscriptions/00000000-0000-0000-0000-000000000000/resourceGroups/wilx-group/providers/Microsoft.Storage/storageAccounts/awilxdevlab9274","kind":"Storage","location":"eastus","name":"awilxdevlab9274","properties":{"creationTime":"2017-12-07T22:43:14.9920432Z","encryption":{"keySource":"Microsoft.Storage","services":{"blob":{"enabled":true,"lastEnabledTime":"2017-12-07T22:43:15.0570465Z"},"file":{"enabled":true,"lastEnabledTime":"2017-12-07T22:43:15.0570465Z"}}},"networkAcls":{"bypass":"AzureServices","defaultAction":"Allow","ipRules":[],"virtualNetworkRules":[]},"primaryEndpoints":{"blob":"https://awilxdevlab9274.blob.core.windows.net/","file":"https://awilxdevlab9274.file.core.windows.net/","queue":"https://awilxdevlab9274.queue.core.windows.net/","table":"https://awilxdevlab9274.table.core.windows.net/"},"primaryLocation":"eastus","provisioningState":"Succeeded","statusOfPrimary":"available","supportsHttpsTrafficOnly":false},"sku":{"name":"Standard_LRS","tier":"Standard"},"tags":{"hidden-DevTestLabs-LabUId":"3f487f2b-f13a-422f-a05c-761b17b0200d"},"type":"Microsoft.Storage/storageAccounts"},{"id":"/subscriptions/00000000-0000-0000-0000-000000000000/resourceGroups/cli_test_vm_state_modfmj2xgmngximg74mxnt6iflrpantvdsfz73zyivmt6wcmzd277ln4y/providers/Microsoft.Storage/storageAccounts/clistorageyzayb","kind":"Storage","location":"eastus","name":"clistorageyzayb","properties":{"creationTime":"2017-12-19T04:22:49.1347422Z","encryption":{"keySource":"Microsoft.Storage","services":{"blob":{"enabled":true,"lastEnabledTime":"2017-12-19T04:22:49.1387422Z"},"file":{"enabled":true,"lastEnabledTime":"2017-12-19T04:22:49.1387422Z"}}},"networkAcls":{"bypass":"AzureServices","defaultAction":"Allow","ipRules":[],"virtualNetworkRules":[]},"primaryEndpoints":{"blob":"https://clistorageyzayb.blob.core.windows.net/"},"primaryLocation":"eastus","provisioningState":"Succeeded","statusOfPrimary":"available","supportsHttpsTrafficOnly":false},"sku":{"name":"Premium_LRS","tier":"Premium"},"tags":{"firsttag":"1","secondtag":"2","thirdtag":""},"type":"Microsoft.Storage/storageAccounts"},{"id":"/subscriptions/00000000-0000-0000-0000-000000000000/resourceGroups/rged92722916/providers/Microsoft.Storage/storageAccounts/st39055055d8","kind":"Storage","location":"eastus","name":"st39055055d8","properties":{"creationTime":"2017-11-14T08:29:14.1632499Z","encryption":{"keySource":"Microsoft.Storage","services":{"blob":{"enabled":true,"lastEnabledTime":"2017-11-14T08:29:14.1692493Z"},"file":{"enabled":true,"lastEnabledTime":"2017-11-14T08:29:14.1692493Z"}}},"networkAcls":{"bypass":"AzureServices","defaultAction":"Allow","ipRules":[],"virtualNetworkRules":[]},"primaryEndpoints":{"blob":"https://st39055055d8.blob.core.windows.net/","file":"https://st39055055d8.file.core.windows.net/","queue":"https://st39055055d8.queue.core.windows.net/","table":"https://st39055055d8.table.core.windows.net/"},"primaryLocation":"eastus","provisioningState":"Succeeded","secondaryLocation":"westus","statusOfPrimary":"available","statusOfSecondary":"available","supportsHttpsTrafficOnly":false},"sku":{"name":"Standard_GRS","tier":"Standard"},"tags":{},"type":"Microsoft.Storage/storageAccounts"},{"id":"/subscriptions/00000000-0000-0000-0000-000000000000/resourceGroups/rg9de67119f7/providers/Microsoft.Storage/storageAccounts/st3ea29977a4","kind":"Storage","location":"eastus","name":"st3ea29977a4","properties":{"creationTime":"2017-12-01T04:00:22.2331421Z","encryption":{"keySource":"Microsoft.Storage","services":{"blob":{"enabled":true,"lastEnabledTime":"2017-12-01T04:00:22.2351378Z"},"file":{"enabled":true,"lastEnabledTime":"2017-12-01T04:00:22.2351378Z"}}},"networkAcls":{"bypass":"AzureServices","defaultAction":"Allow","ipRules":[],"virtualNetworkRules":[]},"primaryEndpoints":{"blob":"https://st3ea29977a4.blob.core.windows.net/","file":"https://st3ea29977a4.file.core.windows.net/","queue":"https://st3ea29977a4.queue.core.windows.net/","table":"https://st3ea29977a4.table.core.windows.net/"},"primaryLocation":"eastus","provisioningState":"Succeeded","secondaryLocation":"westus","statusOfPrimary":"available","statusOfSecondary":"available","supportsHttpsTrafficOnly":false},"sku":{"name":"Standard_GRS","tier":"Standard"},"tags":{},"type":"Microsoft.Storage/storageAccounts"},{"id":"/subscriptions/00000000-0000-0000-0000-000000000000/resourceGroups/javacsmrg6979/providers/Microsoft.Storage/storageAccounts/stg1390","kind":"Storage","location":"eastus","name":"stg1390","properties":{"creationTime":"2017-12-17T20:54:47.2481991Z","encryption":{"keySource":"Microsoft.Storage","services":{"blob":{"enabled":true,"lastEnabledTime":"2017-12-17T20:54:47.2502023Z"},"file":{"enabled":true,"lastEnabledTime":"2017-12-17T20:54:47.2502023Z"}}},"networkAcls":{"bypass":"AzureServices","defaultAction":"Allow","ipRules":[],"virtualNetworkRules":[]},"primaryEndpoints":{"blob":"https://stg1390.blob.core.windows.net/","file":"https://stg1390.file.core.windows.net/","queue":"https://stg1390.queue.core.windows.net/","table":"https://stg1390.table.core.windows.net/"},"primaryLocation":"eastus","provisioningState":"Succeeded","secondaryLocation":"westus","statusOfPrimary":"available","statusOfSecondary":"available","supportsHttpsTrafficOnly":false},"sku":{"name":"Standard_GRS","tier":"Standard"},"tags":{},"type":"Microsoft.Storage/storageAccounts"},{"id":"/subscriptions/00000000-0000-0000-0000-000000000000/resourceGroups/javacsmrg1425/providers/Microsoft.Storage/storageAccounts/stg2380","kind":"Storage","location":"eastus","name":"stg2380","properties":{"creationTime":"2017-12-17T20:44:19.5899157Z","encryption":{"keySource":"Microsoft.Storage","services":{"blob":{"enabled":true,"lastEnabledTime":"2017-12-17T20:44:19.5949155Z"},"file":{"enabled":true,"lastEnabledTime":"2017-12-17T20:44:19.5949155Z"}}},"networkAcls":{"bypass":"AzureServices","defaultAction":"Allow","ipRules":[],"virtualNetworkRules":[]},"primaryEndpoints":{"blob":"https://stg2380.blob.core.windows.net/","file":"https://stg2380.file.core.windows.net/","queue":"https://stg2380.queue.core.windows.net/","table":"https://stg2380.table.core.windows.net/"},"primaryLocation":"eastus","provisioningState":"Succeeded","secondaryLocation":"westus","statusOfPrimary":"available","statusOfSecondary":"available","supportsHttpsTrafficOnly":false},"sku":{"name":"Standard_GRS","tier":"Standard"},"tags":{},"type":"Microsoft.Storage/storageAccounts"},{"id":"/subscriptions/00000000-0000-0000-0000-000000000000/resourceGroups/javacsmrg8678/providers/Microsoft.Storage/storageAccounts/stg24699","kind":"Storage","location":"eastus","name":"stg24699","properties":{"creationTime":"2017-10-22T20:47:23.3426259Z","encryption":{"keySource":"Microsoft.Storage","services":{"blob":{"enabled":true,"lastEnabledTime":"2017-10-22T20:47:23.3456270Z"},"file":{"enabled":true,"lastEnabledTime":"2017-10-22T20:47:23.3456270Z"}}},"networkAcls":{"bypass":"AzureServices","defaultAction":"Allow","ipRules":[],"virtualNetworkRules":[]},"primaryEndpoints":{"blob":"https://stg24699.blob.core.windows.net/","file":"https://stg24699.file.core.windows.net/","queue":"https://stg24699.queue.core.windows.net/","table":"https://stg24699.table.core.windows.net/"},"primaryLocation":"eastus","provisioningState":"Succeeded","secondaryLocation":"westus","statusOfPrimary":"available","statusOfSecondary":"available","supportsHttpsTrafficOnly":false},"sku":{"name":"Standard_GRS","tier":"Standard"},"tags":{},"type":"Microsoft.Storage/storageAccounts"},{"id":"/subscriptions/00000000-0000-0000-0000-000000000000/resourceGroups/javacsmrg5129/providers/Microsoft.Storage/storageAccounts/stg24896","kind":"Storage","location":"eastus","name":"stg24896","properties":{"creationTime":"2017-12-18T03:31:59.0257806Z","encryption":{"keySource":"Microsoft.Storage","services":{"blob":{"enabled":true,"lastEnabledTime":"2017-12-18T03:31:59.0277806Z"},"file":{"enabled":true,"lastEnabledTime":"2017-12-18T03:31:59.0277806Z"}}},"networkAcls":{"bypass":"AzureServices","defaultAction":"Allow","ipRules":[],"virtualNetworkRules":[]},"primaryEndpoints":{"blob":"https://stg24896.blob.core.windows.net/","file":"https://stg24896.file.core.windows.net/","queue":"https://stg24896.queue.core.windows.net/","table":"https://stg24896.table.core.windows.net/"},"primaryLocation":"eastus","provisioningState":"Succeeded","secondaryLocation":"westus","statusOfPrimary":"available","statusOfSecondary":"available","supportsHttpsTrafficOnly":false},"sku":{"name":"Standard_GRS","tier":"Standard"},"tags":{},"type":"Microsoft.Storage/storageAccounts"},{"id":"/subscriptions/00000000-0000-0000-0000-000000000000/resourceGroups/javacsmrg227/providers/Microsoft.Storage/storageAccounts/stg2778","kind":"Storage","location":"eastus","name":"stg2778","properties":{"creationTime":"2017-12-18T03:08:26.9420040Z","encryption":{"keySource":"Microsoft.Storage","services":{"blob":{"enabled":true,"lastEnabledTime":"2017-12-18T03:08:26.9440025Z"},"file":{"enabled":true,"lastEnabledTime":"2017-12-18T03:08:26.9440025Z"}}},"networkAcls":{"bypass":"AzureServices","defaultAction":"Allow","ipRules":[],"virtualNetworkRules":[]},"primaryEndpoints":{"blob":"https://stg2778.blob.core.windows.net/","file":"https://stg2778.file.core.windows.net/","queue":"https://stg2778.queue.core.windows.net/","table":"https://stg2778.table.core.windows.net/"},"primaryLocation":"eastus","provisioningState":"Succeeded","secondaryLocation":"westus","statusOfPrimary":"available","statusOfSecondary":"available","supportsHttpsTrafficOnly":false},"sku":{"name":"Standard_GRS","tier":"Standard"},"tags":{},"type":"Microsoft.Storage/storageAccounts"},{"id":"/subscriptions/00000000-0000-0000-0000-000000000000/resourceGroups/javacsmrg9445/providers/Microsoft.Storage/storageAccounts/stg29698","kind":"Storage","location":"eastus","name":"stg29698","properties":{"creationTime":"2017-12-17T21:30:04.8556402Z","encryption":{"keySource":"Microsoft.Storage","services":{"blob":{"enabled":true,"lastEnabledTime":"2017-12-17T21:30:04.8576430Z"},"file":{"enabled":true,"lastEnabledTime":"2017-12-17T21:30:04.8576430Z"}}},"networkAcls":{"bypass":"AzureServices","defaultAction":"Allow","ipRules":[],"virtualNetworkRules":[]},"primaryEndpoints":{"blob":"https://stg29698.blob.core.windows.net/","file":"https://stg29698.file.core.windows.net/","queue":"https://stg29698.queue.core.windows.net/","table":"https://stg29698.table.core.windows.net/"},"primaryLocation":"eastus","provisioningState":"Succeeded","secondaryLocation":"westus","statusOfPrimary":"available","statusOfSecondary":"available","supportsHttpsTrafficOnly":false},"sku":{"name":"Standard_GRS","tier":"Standard"},"tags":{},"type":"Microsoft.Storage/storageAccounts"},{"id":"/subscriptions/00000000-0000-0000-0000-000000000000/resourceGroups/javacsmrg8612/providers/Microsoft.Storage/storageAccounts/stg33592","kind":"Storage","location":"eastus","name":"stg33592","properties":{"creationTime":"2017-12-18T02:46:04.2225336Z","encryption":{"keySource":"Microsoft.Storage","services":{"blob":{"enabled":true,"lastEnabledTime":"2017-12-18T02:46:04.2255294Z"},"file":{"enabled":true,"lastEnabledTime":"2017-12-18T02:46:04.2255294Z"}}},"networkAcls":{"bypass":"AzureServices","defaultAction":"Allow","ipRules":[],"virtualNetworkRules":[]},"primaryEndpoints":{"blob":"https://stg33592.blob.core.windows.net/","file":"https://stg33592.file.core.windows.net/","queue":"https://stg33592.queue.core.windows.net/","table":"https://stg33592.table.core.windows.net/"},"primaryLocation":"eastus","provisioningState":"Succeeded","secondaryLocation":"westus","statusOfPrimary":"available","statusOfSecondary":"available","supportsHttpsTrafficOnly":false},"sku":{"name":"Standard_GRS","tier":"Standard"},"tags":{},"type":"Microsoft.Storage/storageAccounts"},{"id":"/subscriptions/00000000-0000-0000-0000-000000000000/resourceGroups/javacsmrg9242/providers/Microsoft.Storage/storageAccounts/stg3731","kind":"Storage","location":"eastus","name":"stg3731","properties":{"creationTime":"2017-12-17T21:06:46.5910715Z","encryption":{"keySource":"Microsoft.Storage","services":{"blob":{"enabled":true,"lastEnabledTime":"2017-12-17T21:06:46.5930672Z"},"file":{"enabled":true,"lastEnabledTime":"2017-12-17T21:06:46.5930672Z"}}},"networkAcls":{"bypass":"AzureServices","defaultAction":"Allow","ipRules":[],"virtualNetworkRules":[]},"primaryEndpoints":{"blob":"https://stg3731.blob.core.windows.net/","file":"https://stg3731.file.core.windows.net/","queue":"https://stg3731.queue.core.windows.net/","table":"https://stg3731.table.core.windows.net/"},"primaryLocation":"eastus","provisioningState":"Succeeded","secondaryLocation":"westus","statusOfPrimary":"available","statusOfSecondary":"available","supportsHttpsTrafficOnly":false},"sku":{"name":"Standard_GRS","tier":"Standard"},"tags":{},"type":"Microsoft.Storage/storageAccounts"},{"id":"/subscriptions/00000000-0000-0000-0000-000000000000/resourceGroups/javacsmrg9242/providers/Microsoft.Storage/storageAccounts/stg3858","kind":"Storage","location":"eastus","name":"stg3858","properties":{"creationTime":"2017-12-17T21:06:16.2040227Z","encryption":{"keySource":"Microsoft.Storage","services":{"blob":{"enabled":true,"lastEnabledTime":"2017-12-17T21:06:16.2060236Z"},"file":{"enabled":true,"lastEnabledTime":"2017-12-17T21:06:16.2060236Z"}}},"networkAcls":{"bypass":"AzureServices","defaultAction":"Allow","ipRules":[],"virtualNetworkRules":[]},"primaryEndpoints":{"blob":"https://stg3858.blob.core.windows.net/","file":"https://stg3858.file.core.windows.net/","queue":"https://stg3858.queue.core.windows.net/","table":"https://stg3858.table.core.windows.net/"},"primaryLocation":"eastus","provisioningState":"Succeeded","secondaryLocation":"westus","statusOfPrimary":"available","statusOfSecondary":"available","supportsHttpsTrafficOnly":false},"sku":{"name":"Standard_GRS","tier":"Standard"},"tags":{},"type":"Microsoft.Storage/storageAccounts"},{"id":"/subscriptions/00000000-0000-0000-0000-000000000000/resourceGroups/javacsmrg1425/providers/Microsoft.Storage/storageAccounts/stg39054","kind":"Storage","location":"eastus","name":"stg39054","properties":{"creationTime":"2017-12-17T20:44:20.7929956Z","encryption":{"keySource":"Microsoft.Storage","services":{"blob":{"enabled":true,"lastEnabledTime":"2017-12-17T20:44:20.7959955Z"},"file":{"enabled":true,"lastEnabledTime":"2017-12-17T20:44:20.7959955Z"}}},"networkAcls":{"bypass":"AzureServices","defaultAction":"Allow","ipRules":[],"virtualNetworkRules":[]},"primaryEndpoints":{"blob":"https://stg39054.blob.core.windows.net/","file":"https://stg39054.file.core.windows.net/","queue":"https://stg39054.queue.core.windows.net/","table":"https://stg39054.table.core.windows.net/"},"primaryLocation":"eastus","provisioningState":"Succeeded","secondaryLocation":"westus","statusOfPrimary":"available","statusOfSecondary":"available","supportsHttpsTrafficOnly":false},"sku":{"name":"Standard_GRS","tier":"Standard"},"tags":{},"type":"Microsoft.Storage/storageAccounts"},{"id":"/subscriptions/00000000-0000-0000-0000-000000000000/resourceGroups/javacsmrg9445/providers/Microsoft.Storage/storageAccounts/stg4036","kind":"Storage","location":"eastus","name":"stg4036","properties":{"creationTime":"2017-12-17T21:30:01.5027989Z","encryption":{"keySource":"Microsoft.Storage","services":{"blob":{"enabled":true,"lastEnabledTime":"2017-12-17T21:30:01.5057952Z"},"file":{"enabled":true,"lastEnabledTime":"2017-12-17T21:30:01.5057952Z"}}},"networkAcls":{"bypass":"AzureServices","defaultAction":"Allow","ipRules":[],"virtualNetworkRules":[]},"primaryEndpoints":{"blob":"https://stg4036.blob.core.windows.net/","file":"https://stg4036.file.core.windows.net/","queue":"https://stg4036.queue.core.windows.net/","table":"https://stg4036.table.core.windows.net/"},"primaryLocation":"eastus","provisioningState":"Succeeded","secondaryLocation":"westus","statusOfPrimary":"available","statusOfSecondary":"available","supportsHttpsTrafficOnly":false},"sku":{"name":"Standard_GRS","tier":"Standard"},"tags":{},"type":"Microsoft.Storage/storageAccounts"},{"id":"/subscriptions/00000000-0000-0000-0000-000000000000/resourceGroups/javacsmrg5129/providers/Microsoft.Storage/storageAccounts/stg5662","kind":"Storage","location":"eastus","name":"stg5662","properties":{"creationTime":"2017-12-18T03:31:59.5988310Z","encryption":{"keySource":"Microsoft.Storage","services":{"blob":{"enabled":true,"lastEnabledTime":"2017-12-18T03:31:59.6008314Z"},"file":{"enabled":true,"lastEnabledTime":"2017-12-18T03:31:59.6008314Z"}}},"networkAcls":{"bypass":"AzureServices","defaultAction":"Allow","ipRules":[],"virtualNetworkRules":[]},"primaryEndpoints":{"blob":"https://stg5662.blob.core.windows.net/","file":"https://stg5662.file.core.windows.net/","queue":"https://stg5662.queue.core.windows.net/","table":"https://stg5662.table.core.windows.net/"},"primaryLocation":"eastus","provisioningState":"Succeeded","secondaryLocation":"westus","statusOfPrimary":"available","statusOfSecondary":"available","supportsHttpsTrafficOnly":false},"sku":{"name":"Standard_GRS","tier":"Standard"},"tags":{},"type":"Microsoft.Storage/storageAccounts"},{"id":"/subscriptions/00000000-0000-0000-0000-000000000000/resourceGroups/javacsmrg829/providers/Microsoft.Storage/storageAccounts/stg6227","kind":"Storage","location":"eastus","name":"stg6227","properties":{"creationTime":"2017-12-18T02:56:26.3514441Z","encryption":{"keySource":"Microsoft.Storage","services":{"blob":{"enabled":true,"lastEnabledTime":"2017-12-18T02:56:26.3544296Z"},"file":{"enabled":true,"lastEnabledTime":"2017-12-18T02:56:26.3544296Z"}}},"networkAcls":{"bypass":"AzureServices","defaultAction":"Allow","ipRules":[],"virtualNetworkRules":[]},"primaryEndpoints":{"blob":"https://stg6227.blob.core.windows.net/","file":"https://stg6227.file.core.windows.net/","queue":"https://stg6227.queue.core.windows.net/","table":"https://stg6227.table.core.windows.net/"},"primaryLocation":"eastus","provisioningState":"Succeeded","secondaryLocation":"westus","statusOfPrimary":"available","statusOfSecondary":"available","supportsHttpsTrafficOnly":false},"sku":{"name":"Standard_GRS","tier":"Standard"},"tags":{},"type":"Microsoft.Storage/storageAccounts"},{"id":"/subscriptions/00000000-0000-0000-0000-000000000000/resourceGroups/javacsmrg8678/providers/Microsoft.Storage/storageAccounts/stg7343","kind":"Storage","location":"eastus","name":"stg7343","properties":{"creationTime":"2017-10-22T20:47:23.8366703Z","encryption":{"keySource":"Microsoft.Storage","services":{"blob":{"enabled":true,"lastEnabledTime":"2017-10-22T20:47:23.8386725Z"},"file":{"enabled":true,"lastEnabledTime":"2017-10-22T20:47:23.8386725Z"}}},"networkAcls":{"bypass":"AzureServices","defaultAction":"Allow","ipRules":[],"virtualNetworkRules":[]},"primaryEndpoints":{"blob":"https://stg7343.blob.core.windows.net/","file":"https://stg7343.file.core.windows.net/","queue":"https://stg7343.queue.core.windows.net/","table":"https://stg7343.table.core.windows.net/"},"primaryLocation":"eastus","provisioningState":"Succeeded","secondaryLocation":"westus","statusOfPrimary":"available","statusOfSecondary":"available","supportsHttpsTrafficOnly":false},"sku":{"name":"Standard_GRS","tier":"Standard"},"tags":{},"type":"Microsoft.Storage/storageAccounts"},{"id":"/subscriptions/00000000-0000-0000-0000-000000000000/resourceGroups/javacsmrg8612/providers/Microsoft.Storage/storageAccounts/stg7907","kind":"Storage","location":"eastus","name":"stg7907","properties":{"creationTime":"2017-12-18T02:46:07.7029012Z","encryption":{"keySource":"Microsoft.Storage","services":{"blob":{"enabled":true,"lastEnabledTime":"2017-12-18T02:46:07.7049007Z"},"file":{"enabled":true,"lastEnabledTime":"2017-12-18T02:46:07.7049007Z"}}},"networkAcls":{"bypass":"AzureServices","defaultAction":"Allow","ipRules":[],"virtualNetworkRules":[]},"primaryEndpoints":{"blob":"https://stg7907.blob.core.windows.net/","file":"https://stg7907.file.core.windows.net/","queue":"https://stg7907.queue.core.windows.net/","table":"https://stg7907.table.core.windows.net/"},"primaryLocation":"eastus","provisioningState":"Succeeded","secondaryLocation":"westus","statusOfPrimary":"available","statusOfSecondary":"available","supportsHttpsTrafficOnly":false},"sku":{"name":"Standard_GRS","tier":"Standard"},"tags":{},"type":"Microsoft.Storage/storageAccounts"},{"id":"/subscriptions/00000000-0000-0000-0000-000000000000/resourceGroups/javacsmrg829/providers/Microsoft.Storage/storageAccounts/stg8390","kind":"Storage","location":"eastus","name":"stg8390","properties":{"creationTime":"2017-12-18T02:55:54.6857449Z","encryption":{"keySource":"Microsoft.Storage","services":{"blob":{"enabled":true,"lastEnabledTime":"2017-12-18T02:55:54.6887458Z"},"file":{"enabled":true,"lastEnabledTime":"2017-12-18T02:55:54.6887458Z"}}},"networkAcls":{"bypass":"AzureServices","defaultAction":"Allow","ipRules":[],"virtualNetworkRules":[]},"primaryEndpoints":{"blob":"https://stg8390.blob.core.windows.net/","file":"https://stg8390.file.core.windows.net/","queue":"https://stg8390.queue.core.windows.net/","table":"https://stg8390.table.core.windows.net/"},"primaryLocation":"eastus","provisioningState":"Succeeded","secondaryLocation":"westus","statusOfPrimary":"available","statusOfSecondary":"available","supportsHttpsTrafficOnly":false},"sku":{"name":"Standard_GRS","tier":"Standard"},"tags":{},"type":"Microsoft.Storage/storageAccounts"},{"id":"/subscriptions/00000000-0000-0000-0000-000000000000/resourceGroups/javacsmrg227/providers/Microsoft.Storage/storageAccounts/stg8800","kind":"Storage","location":"eastus","name":"stg8800","properties":{"creationTime":"2017-12-18T03:07:56.0251278Z","encryption":{"keySource":"Microsoft.Storage","services":{"blob":{"enabled":true,"lastEnabledTime":"2017-12-18T03:07:56.0291241Z"},"file":{"enabled":true,"lastEnabledTime":"2017-12-18T03:07:56.0291241Z"}}},"networkAcls":{"bypass":"AzureServices","defaultAction":"Allow","ipRules":[],"virtualNetworkRules":[]},"primaryEndpoints":{"blob":"https://stg8800.blob.core.windows.net/","file":"https://stg8800.file.core.windows.net/","queue":"https://stg8800.queue.core.windows.net/","table":"https://stg8800.table.core.windows.net/"},"primaryLocation":"eastus","provisioningState":"Succeeded","secondaryLocation":"westus","statusOfPrimary":"available","statusOfSecondary":"available","supportsHttpsTrafficOnly":false},"sku":{"name":"Standard_GRS","tier":"Standard"},"tags":{},"type":"Microsoft.Storage/storageAccounts"},{"id":"/subscriptions/00000000-0000-0000-0000-000000000000/resourceGroups/javacsmrg6979/providers/Microsoft.Storage/storageAccounts/stg9114","kind":"Storage","location":"eastus","name":"stg9114","properties":{"creationTime":"2017-12-17T20:54:16.6661972Z","encryption":{"keySource":"Microsoft.Storage","services":{"blob":{"enabled":true,"lastEnabledTime":"2017-12-17T20:54:16.6781736Z"},"file":{"enabled":true,"lastEnabledTime":"2017-12-17T20:54:16.6781736Z"}}},"networkAcls":{"bypass":"AzureServices","defaultAction":"Allow","ipRules":[],"virtualNetworkRules":[]},"primaryEndpoints":{"blob":"https://stg9114.blob.core.windows.net/","file":"https://stg9114.file.core.windows.net/","queue":"https://stg9114.queue.core.windows.net/","table":"https://stg9114.table.core.windows.net/"},"primaryLocation":"eastus","provisioningState":"Succeeded","secondaryLocation":"westus","statusOfPrimary":"available","statusOfSecondary":"available","supportsHttpsTrafficOnly":false},"sku":{"name":"Standard_GRS","tier":"Standard"},"tags":{},"type":"Microsoft.Storage/storageAccounts"},{"id":"/subscriptions/00000000-0000-0000-0000-000000000000/resourceGroups/vmbdtest2947/providers/Microsoft.Storage/storageAccounts/stgbnc2125","kind":"Storage","location":"eastus","name":"stgbnc2125","properties":{"creationTime":"2017-12-17T19:35:21.6174705Z","encryption":{"keySource":"Microsoft.Storage","services":{"blob":{"enabled":true,"lastEnabledTime":"2017-12-17T19:35:21.6194709Z"},"file":{"enabled":true,"lastEnabledTime":"2017-12-17T19:35:21.6194709Z"}}},"networkAcls":{"bypass":"AzureServices","defaultAction":"Allow","ipRules":[],"virtualNetworkRules":[]},"primaryEndpoints":{"blob":"https://stgbnc2125.blob.core.windows.net/","file":"https://stgbnc2125.file.core.windows.net/","queue":"https://stgbnc2125.queue.core.windows.net/","table":"https://stgbnc2125.table.core.windows.net/"},"primaryLocation":"eastus","provisioningState":"Succeeded","secondaryLocation":"westus","statusOfPrimary":"available","statusOfSecondary":"available","supportsHttpsTrafficOnly":false},"sku":{"name":"Standard_GRS","tier":"Standard"},"tags":{},"type":"Microsoft.Storage/storageAccounts"},{"id":"/subscriptions/00000000-0000-0000-0000-000000000000/resourceGroups/vmbdtest1196/providers/Microsoft.Storage/storageAccounts/stgbnc3036","kind":"Storage","location":"eastus","name":"stgbnc3036","properties":{"creationTime":"2017-12-18T17:29:16.5874186Z","encryption":{"keySource":"Microsoft.Storage","services":{"blob":{"enabled":true,"lastEnabledTime":"2017-12-18T17:29:16.5894228Z"},"file":{"enabled":true,"lastEnabledTime":"2017-12-18T17:29:16.5894228Z"}}},"networkAcls":{"bypass":"AzureServices","defaultAction":"Allow","ipRules":[],"virtualNetworkRules":[]},"primaryEndpoints":{"blob":"https://stgbnc3036.blob.core.windows.net/","file":"https://stgbnc3036.file.core.windows.net/","queue":"https://stgbnc3036.queue.core.windows.net/","table":"https://stgbnc3036.table.core.windows.net/"},"primaryLocation":"eastus","provisioningState":"Succeeded","secondaryLocation":"westus","statusOfPrimary":"available","statusOfSecondary":"available","supportsHttpsTrafficOnly":false},"sku":{"name":"Standard_GRS","tier":"Standard"},"tags":{},"type":"Microsoft.Storage/storageAccounts"},{"id":"/subscriptions/00000000-0000-0000-0000-000000000000/resourceGroups/vmbdtest5452/providers/Microsoft.Storage/storageAccounts/stgbnc305","kind":"Storage","location":"eastus","name":"stgbnc305","properties":{"creationTime":"2017-12-17T19:17:53.0912431Z","encryption":{"keySource":"Microsoft.Storage","services":{"blob":{"enabled":true,"lastEnabledTime":"2017-12-17T19:17:53.0942436Z"},"file":{"enabled":true,"lastEnabledTime":"2017-12-17T19:17:53.0942436Z"}}},"networkAcls":{"bypass":"AzureServices","defaultAction":"Allow","ipRules":[],"virtualNetworkRules":[]},"primaryEndpoints":{"blob":"https://stgbnc305.blob.core.windows.net/","file":"https://stgbnc305.file.core.windows.net/","queue":"https://stgbnc305.queue.core.windows.net/","table":"https://stgbnc305.table.core.windows.net/"},"primaryLocation":"eastus","provisioningState":"Succeeded","secondaryLocation":"westus","statusOfPrimary":"available","statusOfSecondary":"available","supportsHttpsTrafficOnly":false},"sku":{"name":"Standard_GRS","tier":"Standard"},"tags":{},"type":"Microsoft.Storage/storageAccounts"},{"id":"/subscriptions/00000000-0000-0000-0000-000000000000/resourceGroups/vmbdtest1345/providers/Microsoft.Storage/storageAccounts/stgbnc4637","kind":"Storage","location":"eastus","name":"stgbnc4637","properties":{"creationTime":"2017-12-18T17:47:03.9830867Z","encryption":{"keySource":"Microsoft.Storage","services":{"blob":{"enabled":true,"lastEnabledTime":"2017-12-18T17:47:03.9850862Z"},"file":{"enabled":true,"lastEnabledTime":"2017-12-18T17:47:03.9850862Z"}}},"networkAcls":{"bypass":"AzureServices","defaultAction":"Allow","ipRules":[],"virtualNetworkRules":[]},"primaryEndpoints":{"blob":"https://stgbnc4637.blob.core.windows.net/","file":"https://stgbnc4637.file.core.windows.net/","queue":"https://stgbnc4637.queue.core.windows.net/","table":"https://stgbnc4637.table.core.windows.net/"},"primaryLocation":"eastus","provisioningState":"Succeeded","secondaryLocation":"westus","statusOfPrimary":"available","statusOfSecondary":"available","supportsHttpsTrafficOnly":false},"sku":{"name":"Standard_GRS","tier":"Standard"},"tags":{},"type":"Microsoft.Storage/storageAccounts"},{"id":"/subscriptions/00000000-0000-0000-0000-000000000000/resourceGroups/vmbdtest5209/providers/Microsoft.Storage/storageAccounts/stgbnc4972","kind":"Storage","location":"eastus","name":"stgbnc4972","properties":{"creationTime":"2017-12-18T17:37:21.8339541Z","encryption":{"keySource":"Microsoft.Storage","services":{"blob":{"enabled":true,"lastEnabledTime":"2017-12-18T17:37:21.8359513Z"},"file":{"enabled":true,"lastEnabledTime":"2017-12-18T17:37:21.8359513Z"}}},"networkAcls":{"bypass":"AzureServices","defaultAction":"Allow","ipRules":[],"virtualNetworkRules":[]},"primaryEndpoints":{"blob":"https://stgbnc4972.blob.core.windows.net/","file":"https://stgbnc4972.file.core.windows.net/","queue":"https://stgbnc4972.queue.core.windows.net/","table":"https://stgbnc4972.table.core.windows.net/"},"primaryLocation":"eastus","provisioningState":"Succeeded","secondaryLocation":"westus","statusOfPrimary":"available","statusOfSecondary":"available","supportsHttpsTrafficOnly":false},"sku":{"name":"Standard_GRS","tier":"Standard"},"tags":{},"type":"Microsoft.Storage/storageAccounts"},{"id":"/subscriptions/00000000-0000-0000-0000-000000000000/resourceGroups/vmbdtest2632/providers/Microsoft.Storage/storageAccounts/stgbnc556","kind":"Storage","location":"eastus","name":"stgbnc556","properties":{"creationTime":"2017-12-17T19:31:58.0393100Z","encryption":{"keySource":"Microsoft.Storage","services":{"blob":{"enabled":true,"lastEnabledTime":"2017-12-17T19:31:58.0413132Z"},"file":{"enabled":true,"lastEnabledTime":"2017-12-17T19:31:58.0413132Z"}}},"networkAcls":{"bypass":"AzureServices","defaultAction":"Allow","ipRules":[],"virtualNetworkRules":[]},"primaryEndpoints":{"blob":"https://stgbnc556.blob.core.windows.net/","file":"https://stgbnc556.file.core.windows.net/","queue":"https://stgbnc556.queue.core.windows.net/","table":"https://stgbnc556.table.core.windows.net/"},"primaryLocation":"eastus","provisioningState":"Succeeded","secondaryLocation":"westus","statusOfPrimary":"available","statusOfSecondary":"available","supportsHttpsTrafficOnly":false},"sku":{"name":"Standard_GRS","tier":"Standard"},"tags":{},"type":"Microsoft.Storage/storageAccounts"},{"id":"/subscriptions/00000000-0000-0000-0000-000000000000/resourceGroups/vmbdtest6834/providers/Microsoft.Storage/storageAccounts/stgbnc7301","kind":"Storage","location":"eastus","name":"stgbnc7301","properties":{"creationTime":"2017-12-18T17:44:11.4615301Z","encryption":{"keySource":"Microsoft.Storage","services":{"blob":{"enabled":true,"lastEnabledTime":"2017-12-18T17:44:11.4645329Z"},"file":{"enabled":true,"lastEnabledTime":"2017-12-18T17:44:11.4645329Z"}}},"networkAcls":{"bypass":"AzureServices","defaultAction":"Allow","ipRules":[],"virtualNetworkRules":[]},"primaryEndpoints":{"blob":"https://stgbnc7301.blob.core.windows.net/","file":"https://stgbnc7301.file.core.windows.net/","queue":"https://stgbnc7301.queue.core.windows.net/","table":"https://stgbnc7301.table.core.windows.net/"},"primaryLocation":"eastus","provisioningState":"Succeeded","secondaryLocation":"westus","statusOfPrimary":"available","statusOfSecondary":"available","supportsHttpsTrafficOnly":false},"sku":{"name":"Standard_GRS","tier":"Standard"},"tags":{},"type":"Microsoft.Storage/storageAccounts"},{"id":"/subscriptions/00000000-0000-0000-0000-000000000000/resourceGroups/vmbdtest538/providers/Microsoft.Storage/storageAccounts/stgbnc9637","kind":"Storage","location":"eastus","name":"stgbnc9637","properties":{"creationTime":"2017-12-17T19:25:07.3839346Z","encryption":{"keySource":"Microsoft.Storage","services":{"blob":{"enabled":true,"lastEnabledTime":"2017-12-17T19:25:07.3859388Z"},"file":{"enabled":true,"lastEnabledTime":"2017-12-17T19:25:07.3859388Z"}}},"networkAcls":{"bypass":"AzureServices","defaultAction":"Allow","ipRules":[],"virtualNetworkRules":[]},"primaryEndpoints":{"blob":"https://stgbnc9637.blob.core.windows.net/","file":"https://stgbnc9637.file.core.windows.net/","queue":"https://stgbnc9637.queue.core.windows.net/","table":"https://stgbnc9637.table.core.windows.net/"},"primaryLocation":"eastus","provisioningState":"Succeeded","secondaryLocation":"westus","statusOfPrimary":"available","statusOfSecondary":"available","supportsHttpsTrafficOnly":false},"sku":{"name":"Standard_GRS","tier":"Standard"},"tags":{},"type":"Microsoft.Storage/storageAccounts"},{"id":"/subscriptions/00000000-0000-0000-0000-000000000000/resourceGroups/vmbdtest4533/providers/Microsoft.Storage/storageAccounts/stgjavavm00c97852f75","kind":"Storage","location":"eastus","name":"stgjavavm00c97852f75","properties":{"creationTime":"2017-12-18T17:18:38.9259591Z","encryption":{"keySource":"Microsoft.Storage","services":{"blob":{"enabled":true,"lastEnabledTime":"2017-12-18T17:18:38.9279563Z"},"file":{"enabled":true,"lastEnabledTime":"2017-12-18T17:18:38.9279563Z"}}},"networkAcls":{"bypass":"AzureServices","defaultAction":"Allow","ipRules":[],"virtualNetworkRules":[]},"primaryEndpoints":{"blob":"https://stgjavavm00c97852f75.blob.core.windows.net/","file":"https://stgjavavm00c97852f75.file.core.windows.net/","queue":"https://stgjavavm00c97852f75.queue.core.windows.net/","table":"https://stgjavavm00c97852f75.table.core.windows.net/"},"primaryLocation":"eastus","provisioningState":"Succeeded","secondaryLocation":"westus","statusOfPrimary":"available","statusOfSecondary":"available","supportsHttpsTrafficOnly":false},"sku":{"name":"Standard_GRS","tier":"Standard"},"tags":{},"type":"Microsoft.Storage/storageAccounts"},{"id":"/subscriptions/00000000-0000-0000-0000-000000000000/resourceGroups/vmbdtest7025/providers/Microsoft.Storage/storageAccounts/stgjavavm0b815905ebd","kind":"Storage","location":"eastus","name":"stgjavavm0b815905ebd","properties":{"creationTime":"2017-12-18T17:33:26.1633043Z","encryption":{"keySource":"Microsoft.Storage","services":{"blob":{"enabled":true,"lastEnabledTime":"2017-12-18T17:33:26.1653052Z"},"file":{"enabled":true,"lastEnabledTime":"2017-12-18T17:33:26.1653052Z"}}},"networkAcls":{"bypass":"AzureServices","defaultAction":"Allow","ipRules":[],"virtualNetworkRules":[]},"primaryEndpoints":{"blob":"https://stgjavavm0b815905ebd.blob.core.windows.net/","file":"https://stgjavavm0b815905ebd.file.core.windows.net/","queue":"https://stgjavavm0b815905ebd.queue.core.windows.net/","table":"https://stgjavavm0b815905ebd.table.core.windows.net/"},"primaryLocation":"eastus","provisioningState":"Succeeded","secondaryLocation":"westus","statusOfPrimary":"available","statusOfSecondary":"available","supportsHttpsTrafficOnly":false},"sku":{"name":"Standard_GRS","tier":"Standard"},"tags":{},"type":"Microsoft.Storage/storageAccounts"},{"id":"/subscriptions/00000000-0000-0000-0000-000000000000/resourceGroups/vmbdtest5452/providers/Microsoft.Storage/storageAccounts/stgjavavm1d542225aa9","kind":"Storage","location":"eastus","name":"stgjavavm1d542225aa9","properties":{"creationTime":"2017-12-17T19:18:25.0820532Z","encryption":{"keySource":"Microsoft.Storage","services":{"blob":{"enabled":true,"lastEnabledTime":"2017-12-17T19:18:25.0860537Z"},"file":{"enabled":true,"lastEnabledTime":"2017-12-17T19:18:25.0860537Z"}}},"networkAcls":{"bypass":"AzureServices","defaultAction":"Allow","ipRules":[],"virtualNetworkRules":[]},"primaryEndpoints":{"blob":"https://stgjavavm1d542225aa9.blob.core.windows.net/","file":"https://stgjavavm1d542225aa9.file.core.windows.net/","queue":"https://stgjavavm1d542225aa9.queue.core.windows.net/","table":"https://stgjavavm1d542225aa9.table.core.windows.net/"},"primaryLocation":"eastus","provisioningState":"Succeeded","secondaryLocation":"westus","statusOfPrimary":"available","statusOfSecondary":"available","supportsHttpsTrafficOnly":false},"sku":{"name":"Standard_GRS","tier":"Standard"},"tags":{},"type":"Microsoft.Storage/storageAccounts"},{"id":"/subscriptions/00000000-0000-0000-0000-000000000000/resourceGroups/vmbdtest8235/providers/Microsoft.Storage/storageAccounts/stgjavavm23751272922","kind":"Storage","location":"eastus","name":"stgjavavm23751272922","properties":{"creationTime":"2017-12-17T19:13:22.1794771Z","encryption":{"keySource":"Microsoft.Storage","services":{"blob":{"enabled":true,"lastEnabledTime":"2017-12-17T19:13:22.1824747Z"},"file":{"enabled":true,"lastEnabledTime":"2017-12-17T19:13:22.1824747Z"}}},"networkAcls":{"bypass":"AzureServices","defaultAction":"Allow","ipRules":[],"virtualNetworkRules":[]},"primaryEndpoints":{"blob":"https://stgjavavm23751272922.blob.core.windows.net/","file":"https://stgjavavm23751272922.file.core.windows.net/","queue":"https://stgjavavm23751272922.queue.core.windows.net/","table":"https://stgjavavm23751272922.table.core.windows.net/"},"primaryLocation":"eastus","provisioningState":"Succeeded","secondaryLocation":"westus","statusOfPrimary":"available","statusOfSecondary":"available","supportsHttpsTrafficOnly":false},"sku":{"name":"Standard_GRS","tier":"Standard"},"tags":{},"type":"Microsoft.Storage/storageAccounts"},{"id":"/subscriptions/00000000-0000-0000-0000-000000000000/resourceGroups/vmbdtest9076/providers/Microsoft.Storage/storageAccounts/stgjavavm59732202b10","kind":"Storage","location":"eastus","name":"stgjavavm59732202b10","properties":{"creationTime":"2017-12-17T19:21:42.2399496Z","encryption":{"keySource":"Microsoft.Storage","services":{"blob":{"enabled":true,"lastEnabledTime":"2017-12-17T19:21:42.2419528Z"},"file":{"enabled":true,"lastEnabledTime":"2017-12-17T19:21:42.2419528Z"}}},"networkAcls":{"bypass":"AzureServices","defaultAction":"Allow","ipRules":[],"virtualNetworkRules":[]},"primaryEndpoints":{"blob":"https://stgjavavm59732202b10.blob.core.windows.net/","file":"https://stgjavavm59732202b10.file.core.windows.net/","queue":"https://stgjavavm59732202b10.queue.core.windows.net/","table":"https://stgjavavm59732202b10.table.core.windows.net/"},"primaryLocation":"eastus","provisioningState":"Succeeded","secondaryLocation":"westus","statusOfPrimary":"available","statusOfSecondary":"available","supportsHttpsTrafficOnly":false},"sku":{"name":"Standard_GRS","tier":"Standard"},"tags":{},"type":"Microsoft.Storage/storageAccounts"},{"id":"/subscriptions/00000000-0000-0000-0000-000000000000/resourceGroups/vmbdtest3305/providers/Microsoft.Storage/storageAccounts/stgjavavm65a1558953a","kind":"Storage","location":"eastus","name":"stgjavavm65a1558953a","properties":{"creationTime":"2017-12-17T19:28:35.2811207Z","encryption":{"keySource":"Microsoft.Storage","services":{"blob":{"enabled":true,"lastEnabledTime":"2017-12-17T19:28:35.2841221Z"},"file":{"enabled":true,"lastEnabledTime":"2017-12-17T19:28:35.2841221Z"}}},"networkAcls":{"bypass":"AzureServices","defaultAction":"Allow","ipRules":[],"virtualNetworkRules":[]},"primaryEndpoints":{"blob":"https://stgjavavm65a1558953a.blob.core.windows.net/","file":"https://stgjavavm65a1558953a.file.core.windows.net/","queue":"https://stgjavavm65a1558953a.queue.core.windows.net/","table":"https://stgjavavm65a1558953a.table.core.windows.net/"},"primaryLocation":"eastus","provisioningState":"Succeeded","secondaryLocation":"westus","statusOfPrimary":"available","statusOfSecondary":"available","supportsHttpsTrafficOnly":false},"sku":{"name":"Standard_GRS","tier":"Standard"},"tags":{},"type":"Microsoft.Storage/storageAccounts"},{"id":"/subscriptions/00000000-0000-0000-0000-000000000000/resourceGroups/vmbdtest5209/providers/Microsoft.Storage/storageAccounts/stgjavavm73301513a7a","kind":"Storage","location":"eastus","name":"stgjavavm73301513a7a","properties":{"creationTime":"2017-12-18T17:37:39.7342245Z","encryption":{"keySource":"Microsoft.Storage","services":{"blob":{"enabled":true,"lastEnabledTime":"2017-12-18T17:37:39.7362282Z"},"file":{"enabled":true,"lastEnabledTime":"2017-12-18T17:37:39.7362282Z"}}},"networkAcls":{"bypass":"AzureServices","defaultAction":"Allow","ipRules":[],"virtualNetworkRules":[]},"primaryEndpoints":{"blob":"https://stgjavavm73301513a7a.blob.core.windows.net/","file":"https://stgjavavm73301513a7a.file.core.windows.net/","queue":"https://stgjavavm73301513a7a.queue.core.windows.net/","table":"https://stgjavavm73301513a7a.table.core.windows.net/"},"primaryLocation":"eastus","provisioningState":"Succeeded","secondaryLocation":"westus","statusOfPrimary":"available","statusOfSecondary":"available","supportsHttpsTrafficOnly":false},"sku":{"name":"Standard_GRS","tier":"Standard"},"tags":{},"type":"Microsoft.Storage/storageAccounts"},{"id":"/subscriptions/00000000-0000-0000-0000-000000000000/resourceGroups/vmbdtest4533/providers/Microsoft.Storage/storageAccounts/stgjavavm7bf92396e0c","kind":"Storage","location":"eastus","name":"stgjavavm7bf92396e0c","properties":{"creationTime":"2017-12-18T17:24:16.1980991Z","encryption":{"keySource":"Microsoft.Storage","services":{"blob":{"enabled":true,"lastEnabledTime":"2017-12-18T17:24:16.2010561Z"},"file":{"enabled":true,"lastEnabledTime":"2017-12-18T17:24:16.2010561Z"}}},"networkAcls":{"bypass":"AzureServices","defaultAction":"Allow","ipRules":[],"virtualNetworkRules":[]},"primaryEndpoints":{"blob":"https://stgjavavm7bf92396e0c.blob.core.windows.net/","file":"https://stgjavavm7bf92396e0c.file.core.windows.net/","queue":"https://stgjavavm7bf92396e0c.queue.core.windows.net/","table":"https://stgjavavm7bf92396e0c.table.core.windows.net/"},"primaryLocation":"eastus","provisioningState":"Succeeded","secondaryLocation":"westus","statusOfPrimary":"available","statusOfSecondary":"available","supportsHttpsTrafficOnly":false},"sku":{"name":"Standard_GRS","tier":"Standard"},"tags":{},"type":"Microsoft.Storage/storageAccounts"},{"id":"/subscriptions/00000000-0000-0000-0000-000000000000/resourceGroups/vmbdtest8402/providers/Microsoft.Storage/storageAccounts/stgjavavm888665867b4","kind":"Storage","location":"eastus","name":"stgjavavm888665867b4","properties":{"creationTime":"2017-12-18T17:40:48.7004997Z","encryption":{"keySource":"Microsoft.Storage","services":{"blob":{"enabled":true,"lastEnabledTime":"2017-12-18T17:40:48.7025015Z"},"file":{"enabled":true,"lastEnabledTime":"2017-12-18T17:40:48.7025015Z"}}},"networkAcls":{"bypass":"AzureServices","defaultAction":"Allow","ipRules":[],"virtualNetworkRules":[]},"primaryEndpoints":{"blob":"https://stgjavavm888665867b4.blob.core.windows.net/","file":"https://stgjavavm888665867b4.file.core.windows.net/","queue":"https://stgjavavm888665867b4.queue.core.windows.net/","table":"https://stgjavavm888665867b4.table.core.windows.net/"},"primaryLocation":"eastus","provisioningState":"Succeeded","secondaryLocation":"westus","statusOfPrimary":"available","statusOfSecondary":"available","supportsHttpsTrafficOnly":false},"sku":{"name":"Standard_GRS","tier":"Standard"},"tags":{},"type":"Microsoft.Storage/storageAccounts"},{"id":"/subscriptions/00000000-0000-0000-0000-000000000000/resourceGroups/vmbdtest538/providers/Microsoft.Storage/storageAccounts/stgjavavm92009954048","kind":"Storage","location":"eastus","name":"stgjavavm92009954048","properties":{"creationTime":"2017-12-17T19:25:25.6645011Z","encryption":{"keySource":"Microsoft.Storage","services":{"blob":{"enabled":true,"lastEnabledTime":"2017-12-17T19:25:25.6665058Z"},"file":{"enabled":true,"lastEnabledTime":"2017-12-17T19:25:25.6665058Z"}}},"networkAcls":{"bypass":"AzureServices","defaultAction":"Allow","ipRules":[],"virtualNetworkRules":[]},"primaryEndpoints":{"blob":"https://stgjavavm92009954048.blob.core.windows.net/","file":"https://stgjavavm92009954048.file.core.windows.net/","queue":"https://stgjavavm92009954048.queue.core.windows.net/","table":"https://stgjavavm92009954048.table.core.windows.net/"},"primaryLocation":"eastus","provisioningState":"Succeeded","secondaryLocation":"westus","statusOfPrimary":"available","statusOfSecondary":"available","supportsHttpsTrafficOnly":false},"sku":{"name":"Standard_GRS","tier":"Standard"},"tags":{},"type":"Microsoft.Storage/storageAccounts"},{"id":"/subscriptions/00000000-0000-0000-0000-000000000000/resourceGroups/vmbdtest989/providers/Microsoft.Storage/storageAccounts/stgjavavm932214415c5","kind":"Storage","location":"eastus","name":"stgjavavm932214415c5","properties":{"creationTime":"2017-12-18T17:26:22.1715759Z","encryption":{"keySource":"Microsoft.Storage","services":{"blob":{"enabled":true,"lastEnabledTime":"2017-12-18T17:26:22.1735745Z"},"file":{"enabled":true,"lastEnabledTime":"2017-12-18T17:26:22.1735745Z"}}},"networkAcls":{"bypass":"AzureServices","defaultAction":"Allow","ipRules":[],"virtualNetworkRules":[]},"primaryEndpoints":{"blob":"https://stgjavavm932214415c5.blob.core.windows.net/","file":"https://stgjavavm932214415c5.file.core.windows.net/","queue":"https://stgjavavm932214415c5.queue.core.windows.net/","table":"https://stgjavavm932214415c5.table.core.windows.net/"},"primaryLocation":"eastus","provisioningState":"Succeeded","secondaryLocation":"westus","statusOfPrimary":"available","statusOfSecondary":"available","supportsHttpsTrafficOnly":false},"sku":{"name":"Standard_GRS","tier":"Standard"},"tags":{},"type":"Microsoft.Storage/storageAccounts"},{"id":"/subscriptions/00000000-0000-0000-0000-000000000000/resourceGroups/vmbdtest1196/providers/Microsoft.Storage/storageAccounts/stgjavavm9cf125406d4","kind":"Storage","location":"eastus","name":"stgjavavm9cf125406d4","properties":{"creationTime":"2017-12-18T17:29:49.7508451Z","encryption":{"keySource":"Microsoft.Storage","services":{"blob":{"enabled":true,"lastEnabledTime":"2017-12-18T17:29:49.7528414Z"},"file":{"enabled":true,"lastEnabledTime":"2017-12-18T17:29:49.7528414Z"}}},"networkAcls":{"bypass":"AzureServices","defaultAction":"Allow","ipRules":[],"virtualNetworkRules":[]},"primaryEndpoints":{"blob":"https://stgjavavm9cf125406d4.blob.core.windows.net/","file":"https://stgjavavm9cf125406d4.file.core.windows.net/","queue":"https://stgjavavm9cf125406d4.queue.core.windows.net/","table":"https://stgjavavm9cf125406d4.table.core.windows.net/"},"primaryLocation":"eastus","provisioningState":"Succeeded","secondaryLocation":"westus","statusOfPrimary":"available","statusOfSecondary":"available","supportsHttpsTrafficOnly":false},"sku":{"name":"Standard_GRS","tier":"Standard"},"tags":{},"type":"Microsoft.Storage/storageAccounts"},{"id":"/subscriptions/00000000-0000-0000-0000-000000000000/resourceGroups/vmbdtest8235/providers/Microsoft.Storage/storageAccounts/stgjavavme88344171da","kind":"Storage","location":"eastus","name":"stgjavavme88344171da","properties":{"creationTime":"2017-12-17T19:07:41.4347614Z","encryption":{"keySource":"Microsoft.Storage","services":{"blob":{"enabled":true,"lastEnabledTime":"2017-12-17T19:07:41.4377721Z"},"file":{"enabled":true,"lastEnabledTime":"2017-12-17T19:07:41.4377721Z"}}},"networkAcls":{"bypass":"AzureServices","defaultAction":"Allow","ipRules":[],"virtualNetworkRules":[]},"primaryEndpoints":{"blob":"https://stgjavavme88344171da.blob.core.windows.net/","file":"https://stgjavavme88344171da.file.core.windows.net/","queue":"https://stgjavavme88344171da.queue.core.windows.net/","table":"https://stgjavavme88344171da.table.core.windows.net/"},"primaryLocation":"eastus","provisioningState":"Succeeded","secondaryLocation":"westus","statusOfPrimary":"available","statusOfSecondary":"available","supportsHttpsTrafficOnly":false},"sku":{"name":"Standard_GRS","tier":"Standard"},"tags":{},"type":"Microsoft.Storage/storageAccounts"},{"id":"/subscriptions/00000000-0000-0000-0000-000000000000/resourceGroups/vmbdtest4567/providers/Microsoft.Storage/storageAccounts/stgjavavmfaf2635917d","kind":"Storage","location":"eastus","name":"stgjavavmfaf2635917d","properties":{"creationTime":"2017-12-17T19:14:59.9973162Z","encryption":{"keySource":"Microsoft.Storage","services":{"blob":{"enabled":true,"lastEnabledTime":"2017-12-17T19:15:00.0003153Z"},"file":{"enabled":true,"lastEnabledTime":"2017-12-17T19:15:00.0003153Z"}}},"networkAcls":{"bypass":"AzureServices","defaultAction":"Allow","ipRules":[],"virtualNetworkRules":[]},"primaryEndpoints":{"blob":"https://stgjavavmfaf2635917d.blob.core.windows.net/","file":"https://stgjavavmfaf2635917d.file.core.windows.net/","queue":"https://stgjavavmfaf2635917d.queue.core.windows.net/","table":"https://stgjavavmfaf2635917d.table.core.windows.net/"},"primaryLocation":"eastus","provisioningState":"Succeeded","secondaryLocation":"westus","statusOfPrimary":"available","statusOfSecondary":"available","supportsHttpsTrafficOnly":false},"sku":{"name":"Standard_GRS","tier":"Standard"},"tags":{},"type":"Microsoft.Storage/storageAccounts"},{"id":"/subscriptions/00000000-0000-0000-0000-000000000000/resourceGroups/rgcomvad814855116a9864/providers/Microsoft.Storage/storageAccounts/stgvm32735dbab87839ad","kind":"Storage","location":"eastus","name":"stgvm32735dbab87839ad","properties":{"creationTime":"2017-11-05T02:16:45.9826459Z","encryption":{"keySource":"Microsoft.Storage","services":{"blob":{"enabled":true,"lastEnabledTime":"2017-11-05T02:16:45.9846478Z"},"file":{"enabled":true,"lastEnabledTime":"2017-11-05T02:16:45.9846478Z"}}},"networkAcls":{"bypass":"AzureServices","defaultAction":"Allow","ipRules":[],"virtualNetworkRules":[]},"primaryEndpoints":{"blob":"https://stgvm32735dbab87839ad.blob.core.windows.net/","file":"https://stgvm32735dbab87839ad.file.core.windows.net/","queue":"https://stgvm32735dbab87839ad.queue.core.windows.net/","table":"https://stgvm32735dbab87839ad.table.core.windows.net/"},"primaryLocation":"eastus","provisioningState":"Succeeded","secondaryLocation":"westus","statusOfPrimary":"available","statusOfSecondary":"available","supportsHttpsTrafficOnly":false},"sku":{"name":"Standard_GRS","tier":"Standard"},"tags":{},"type":"Microsoft.Storage/storageAccounts"},{"id":"/subscriptions/00000000-0000-0000-0000-000000000000/resourceGroups/abc1251group/providers/Microsoft.Storage/storageAccounts/stgvm3370e7121127cb1","kind":"Storage","location":"eastus","name":"stgvm3370e7121127cb1","properties":{"creationTime":"2017-12-18T03:37:24.7978663Z","encryption":{"keySource":"Microsoft.Storage","services":{"blob":{"enabled":true,"lastEnabledTime":"2017-12-18T03:37:24.7998681Z"},"file":{"enabled":true,"lastEnabledTime":"2017-12-18T03:37:24.7998681Z"}}},"networkAcls":{"bypass":"AzureServices","defaultAction":"Allow","ipRules":[],"virtualNetworkRules":[]},"primaryEndpoints":{"blob":"https://stgvm3370e7121127cb1.blob.core.windows.net/","file":"https://stgvm3370e7121127cb1.file.core.windows.net/","queue":"https://stgvm3370e7121127cb1.queue.core.windows.net/","table":"https://stgvm3370e7121127cb1.table.core.windows.net/"},"primaryLocation":"eastus","provisioningState":"Succeeded","secondaryLocation":"westus","statusOfPrimary":"available","statusOfSecondary":"available","supportsHttpsTrafficOnly":false},"sku":{"name":"Standard_GRS","tier":"Standard"},"tags":{},"type":"Microsoft.Storage/storageAccounts"},{"id":"/subscriptions/00000000-0000-0000-0000-000000000000/resourceGroups/javacsmrg710/providers/Microsoft.Storage/storageAccounts/stg2671","kind":"Storage","location":"eastus2","name":"stg2671","properties":{"creationTime":"2017-12-19T04:22:06.7361676Z","encryption":{"keySource":"Microsoft.Storage","services":{"blob":{"enabled":true,"lastEnabledTime":"2017-12-19T04:22:06.7391676Z"},"file":{"enabled":true,"lastEnabledTime":"2017-12-19T04:22:06.7391676Z"}}},"networkAcls":{"bypass":"AzureServices","defaultAction":"Allow","ipRules":[],"virtualNetworkRules":[]},"primaryEndpoints":{"blob":"https://stg2671.blob.core.windows.net/","file":"https://stg2671.file.core.windows.net/","queue":"https://stg2671.queue.core.windows.net/","table":"https://stg2671.table.core.windows.net/"},"primaryLocation":"eastus2","provisioningState":"Succeeded","secondaryLocation":"centralus","statusOfPrimary":"available","statusOfSecondary":"available","supportsHttpsTrafficOnly":false},"sku":{"name":"Standard_GRS","tier":"Standard"},"tags":{},"type":"Microsoft.Storage/storageAccounts"},{"id":"/subscriptions/00000000-0000-0000-0000-000000000000/resourceGroups/javacsmrg5805/providers/Microsoft.Storage/storageAccounts/stg3223","kind":"Storage","location":"eastus2","name":"stg3223","properties":{"creationTime":"2017-12-18T18:56:20.7970904Z","encryption":{"keySource":"Microsoft.Storage","services":{"blob":{"enabled":true,"lastEnabledTime":"2017-12-18T18:56:20.8000904Z"},"file":{"enabled":true,"lastEnabledTime":"2017-12-18T18:56:20.8000904Z"}}},"networkAcls":{"bypass":"AzureServices","defaultAction":"Allow","ipRules":[],"virtualNetworkRules":[]},"primaryEndpoints":{"blob":"https://stg3223.blob.core.windows.net/","file":"https://stg3223.file.core.windows.net/","queue":"https://stg3223.queue.core.windows.net/","table":"https://stg3223.table.core.windows.net/"},"primaryLocation":"eastus2","provisioningState":"Succeeded","secondaryLocation":"centralus","statusOfPrimary":"available","statusOfSecondary":"available","supportsHttpsTrafficOnly":false},"sku":{"name":"Standard_GRS","tier":"Standard"},"tags":{},"type":"Microsoft.Storage/storageAccounts"},{"id":"/subscriptions/00000000-0000-0000-0000-000000000000/resourceGroups/javacsmrg5449/providers/Microsoft.Storage/storageAccounts/stg7337","kind":"Storage","location":"eastus2","name":"stg7337","properties":{"creationTime":"2017-12-17T13:34:20.9353114Z","encryption":{"keySource":"Microsoft.Storage","services":{"blob":{"enabled":true,"lastEnabledTime":"2017-12-17T13:34:20.9373156Z"},"file":{"enabled":true,"lastEnabledTime":"2017-12-17T13:34:20.9383137Z"}}},"networkAcls":{"bypass":"AzureServices","defaultAction":"Allow","ipRules":[],"virtualNetworkRules":[]},"primaryEndpoints":{"blob":"https://stg7337.blob.core.windows.net/","file":"https://stg7337.file.core.windows.net/","queue":"https://stg7337.queue.core.windows.net/","table":"https://stg7337.table.core.windows.net/"},"primaryLocation":"eastus2","provisioningState":"Succeeded","secondaryLocation":"centralus","statusOfPrimary":"available","statusOfSecondary":"available","supportsHttpsTrafficOnly":false},"sku":{"name":"Standard_GRS","tier":"Standard"},"tags":{},"type":"Microsoft.Storage/storageAccounts"},{"id":"/subscriptions/00000000-0000-0000-0000-000000000000/resourceGroups/javacsmrgf72561873/providers/Microsoft.Storage/storageAccounts/8022426eec5c40b3a4c7","kind":"Storage","location":"westus","name":"8022426eec5c40b3a4c7","properties":{"creationTime":"2017-12-17T13:38:20.5062507Z","encryption":{"keySource":"Microsoft.Storage","services":{"blob":{"enabled":true,"lastEnabledTime":"2017-12-17T13:38:20.5082549Z"},"file":{"enabled":true,"lastEnabledTime":"2017-12-17T13:38:20.5082549Z"}}},"networkAcls":{"bypass":"AzureServices","defaultAction":"Allow","ipRules":[],"virtualNetworkRules":[]},"primaryEndpoints":{"blob":"https://8022426eec5c40b3a4c7.blob.core.windows.net/","file":"https://8022426eec5c40b3a4c7.file.core.windows.net/","queue":"https://8022426eec5c40b3a4c7.queue.core.windows.net/","table":"https://8022426eec5c40b3a4c7.table.core.windows.net/"},"primaryLocation":"westus","provisioningState":"Succeeded","secondaryLocation":"eastus","statusOfPrimary":"available","statusOfSecondary":"available","supportsHttpsTrafficOnly":false},"sku":{"name":"Standard_GRS","tier":"Standard"},"tags":{},"type":"Microsoft.Storage/storageAccounts"},{"id":"/subscriptions/00000000-0000-0000-0000-000000000000/resourceGroups/cliautomationyl5duneg4gkn25csd2rd4lbm2yjjq5n33z24jxikgchafi3xnfgokwxtsor56r/providers/Microsoft.Storage/storageAccounts/acliautomationlab1231","kind":"Storage","location":"westus","name":"acliautomationlab1231","properties":{"creationTime":"2017-12-08T02:59:00.3810995Z","encryption":{"keySource":"Microsoft.Storage","services":{"blob":{"enabled":true,"lastEnabledTime":"2017-12-08T02:59:00.3841001Z"},"file":{"enabled":true,"lastEnabledTime":"2017-12-08T02:59:00.3841001Z"}}},"networkAcls":{"bypass":"AzureServices","defaultAction":"Allow","ipRules":[],"virtualNetworkRules":[]},"primaryEndpoints":{"blob":"https://acliautomationlab1231.blob.core.windows.net/","file":"https://acliautomationlab1231.file.core.windows.net/","queue":"https://acliautomationlab1231.queue.core.windows.net/","table":"https://acliautomationlab1231.table.core.windows.net/"},"primaryLocation":"westus","provisioningState":"Succeeded","statusOfPrimary":"available","supportsHttpsTrafficOnly":false},"sku":{"name":"Standard_LRS","tier":"Standard"},"tags":{"hidden-DevTestLabs-LabUId":"f500a48c-e003-403a-b50a-903a96f6d226"},"type":"Microsoft.Storage/storageAccounts"},{"id":"/subscriptions/00000000-0000-0000-0000-000000000000/resourceGroups/cliautomation01/providers/Microsoft.Storage/storageAccounts/acliautomationlab2281","kind":"Storage","location":"westus","name":"acliautomationlab2281","properties":{"creationTime":"2017-07-07T16:46:33.7491660Z","encryption":{"keySource":"Microsoft.Storage","services":{"blob":{"enabled":true,"lastEnabledTime":"2017-11-02T11:12:05.1842729Z"},"file":{"enabled":true,"lastEnabledTime":"2017-11-06T12:40:54.4318100Z"}}},"networkAcls":{"bypass":"AzureServices","defaultAction":"Allow","ipRules":[],"virtualNetworkRules":[]},"primaryEndpoints":{"blob":"https://acliautomationlab2281.blob.core.windows.net/","file":"https://acliautomationlab2281.file.core.windows.net/","queue":"https://acliautomationlab2281.queue.core.windows.net/","table":"https://acliautomationlab2281.table.core.windows.net/"},"primaryLocation":"westus","provisioningState":"Succeeded","statusOfPrimary":"available","supportsHttpsTrafficOnly":false},"sku":{"name":"Standard_LRS","tier":"Standard"},"tags":{"hidden-DevTestLabs-LabUId":"72f1b266-2a21-4f0a-af01-934c93c72e6e"},"type":"Microsoft.Storage/storageAccounts"},{"id":"/subscriptions/00000000-0000-0000-0000-000000000000/resourceGroups/cliautomation/providers/Microsoft.Storage/storageAccounts/acliautomationlab2987","kind":"Storage","location":"westus","name":"acliautomationlab2987","properties":{"creationTime":"2017-07-07T16:48:01.7641299Z","encryption":{"keySource":"Microsoft.Storage","services":{"blob":{"enabled":true,"lastEnabledTime":"2017-11-02T11:12:05.9103367Z"},"file":{"enabled":true,"lastEnabledTime":"2017-11-06T12:40:54.7098362Z"}}},"networkAcls":{"bypass":"AzureServices","defaultAction":"Allow","ipRules":[],"virtualNetworkRules":[]},"primaryEndpoints":{"blob":"https://acliautomationlab2987.blob.core.windows.net/","file":"https://acliautomationlab2987.file.core.windows.net/","queue":"https://acliautomationlab2987.queue.core.windows.net/","table":"https://acliautomationlab2987.table.core.windows.net/"},"primaryLocation":"westus","provisioningState":"Succeeded","statusOfPrimary":"available","supportsHttpsTrafficOnly":false},"sku":{"name":"Standard_LRS","tier":"Standard"},"tags":{"hidden-DevTestLabs-LabUId":"9f45d4bf-7e01-4684-9438-37c712728db1"},"type":"Microsoft.Storage/storageAccounts"},{"id":"/subscriptions/00000000-0000-0000-0000-000000000000/resourceGroups/cliautomationr7zmwrv545myosbhrhgmvyxvh473lloj24vcvwx5xuabi7hadxngt4sg7cbfxm/providers/Microsoft.Storage/storageAccounts/acliautomationlab4621","kind":"Storage","location":"westus","name":"acliautomationlab4621","properties":{"creationTime":"2017-12-07T18:36:05.7790991Z","encryption":{"keySource":"Microsoft.Storage","services":{"blob":{"enabled":true,"lastEnabledTime":"2017-12-07T18:36:05.7810994Z"},"file":{"enabled":true,"lastEnabledTime":"2017-12-07T18:36:05.7810994Z"}}},"networkAcls":{"bypass":"AzureServices","defaultAction":"Allow","ipRules":[],"virtualNetworkRules":[]},"primaryEndpoints":{"blob":"https://acliautomationlab4621.blob.core.windows.net/","file":"https://acliautomationlab4621.file.core.windows.net/","queue":"https://acliautomationlab4621.queue.core.windows.net/","table":"https://acliautomationlab4621.table.core.windows.net/"},"primaryLocation":"westus","provisioningState":"Succeeded","statusOfPrimary":"available","supportsHttpsTrafficOnly":false},"sku":{"name":"Standard_LRS","tier":"Standard"},"tags":{"hidden-DevTestLabs-LabUId":"3acb626c-e8a0-431d-bd15-47d2472c013f"},"type":"Microsoft.Storage/storageAccounts"},{"id":"/subscriptions/00000000-0000-0000-0000-000000000000/resourceGroups/cliautomation016zx7ulhvrc7ng6fcdst72y2t2fgbvbyueykqnw4d76aq4gyxd267voh5nixs/providers/Microsoft.Storage/storageAccounts/acliautomationlab8049","kind":"Storage","location":"westus","name":"acliautomationlab8049","properties":{"creationTime":"2017-12-08T02:56:53.0185142Z","encryption":{"keySource":"Microsoft.Storage","services":{"blob":{"enabled":true,"lastEnabledTime":"2017-12-08T02:56:53.0735179Z"},"file":{"enabled":true,"lastEnabledTime":"2017-12-08T02:56:53.0735179Z"}}},"networkAcls":{"bypass":"AzureServices","defaultAction":"Allow","ipRules":[],"virtualNetworkRules":[]},"primaryEndpoints":{"blob":"https://acliautomationlab8049.blob.core.windows.net/","file":"https://acliautomationlab8049.file.core.windows.net/","queue":"https://acliautomationlab8049.queue.core.windows.net/","table":"https://acliautomationlab8049.table.core.windows.net/"},"primaryLocation":"westus","provisioningState":"Succeeded","statusOfPrimary":"available","supportsHttpsTrafficOnly":false},"sku":{"name":"Standard_LRS","tier":"Standard"},"tags":{"hidden-DevTestLabs-LabUId":"909a5513-261d-4cd4-a8dd-19a18a866f77"},"type":"Microsoft.Storage/storageAccounts"},{"id":"/subscriptions/00000000-0000-0000-0000-000000000000/resourceGroups/cliautomation01p5mb65te4noiwqbh7ni3sggmdrhbawq2atk5mc6elgdat5qkg6fuguonzmvj/providers/Microsoft.Storage/storageAccounts/acliautomationlab9396","kind":"Storage","location":"westus","name":"acliautomationlab9396","properties":{"creationTime":"2017-12-08T20:14:17.6792122Z","encryption":{"keySource":"Microsoft.Storage","services":{"blob":{"enabled":true,"lastEnabledTime":"2017-12-08T20:14:17.6822133Z"},"file":{"enabled":true,"lastEnabledTime":"2017-12-08T20:14:17.6822133Z"}}},"networkAcls":{"bypass":"AzureServices","defaultAction":"Allow","ipRules":[],"virtualNetworkRules":[]},"primaryEndpoints":{"blob":"https://acliautomationlab9396.blob.core.windows.net/","file":"https://acliautomationlab9396.file.core.windows.net/","queue":"https://acliautomationlab9396.queue.core.windows.net/","table":"https://acliautomationlab9396.table.core.windows.net/"},"primaryLocation":"westus","provisioningState":"Succeeded","statusOfPrimary":"available","supportsHttpsTrafficOnly":false},"sku":{"name":"Standard_LRS","tier":"Standard"},"tags":{"hidden-DevTestLabs-LabUId":"ba56a262-8f28-4665-86d9-18a308784945"},"type":"Microsoft.Storage/storageAccounts"},{"id":"/subscriptions/00000000-0000-0000-0000-000000000000/resourceGroups/cli_test_os_disk_size000001/providers/Microsoft.Storage/storageAccounts/cli000002","kind":"Storage","location":"westus","name":"cli000002","properties":{"creationTime":"2017-12-19T04:26:16.8567398Z","encryption":{"keySource":"Microsoft.Storage","services":{"blob":{"enabled":true,"lastEnabledTime":"2017-12-19T04:26:16.8597505Z"},"file":{"enabled":true,"lastEnabledTime":"2017-12-19T04:26:16.8597505Z"}}},"networkAcls":{"bypass":"AzureServices","defaultAction":"Allow","ipRules":[],"virtualNetworkRules":[]},"primaryEndpoints":{"blob":"https://cli000002.blob.core.windows.net/"},"primaryLocation":"westus","provisioningState":"Succeeded","statusOfPrimary":"available","supportsHttpsTrafficOnly":false},"sku":{"name":"Premium_LRS","tier":"Premium"},"tags":{},"type":"Microsoft.Storage/storageAccounts"},{"id":"/subscriptions/00000000-0000-0000-0000-000000000000/resourceGroups/clitest.rgvwzbmjsfxqxy5n3p7wzhcpjpjloogygsylfe5wxjbpcxlwszaqyp623l75ulddclu/providers/Microsoft.Storage/storageAccounts/clitestljvi75hrjg6uvsg4m","kind":"Storage","location":"westus","name":"clitestljvi75hrjg6uvsg4m","properties":{"creationTime":"2017-12-19T04:26:02.1929109Z","encryption":{"keySource":"Microsoft.Storage","services":{"blob":{"enabled":true,"lastEnabledTime":"2017-12-19T04:26:02.1969095Z"},"file":{"enabled":true,"lastEnabledTime":"2017-12-19T04:26:02.1969095Z"}}},"networkAcls":{"bypass":"AzureServices","defaultAction":"Allow","ipRules":[],"virtualNetworkRules":[]},"primaryEndpoints":{"blob":"https://clitestljvi75hrjg6uvsg4m.blob.core.windows.net/","file":"https://clitestljvi75hrjg6uvsg4m.file.core.windows.net/","queue":"https://clitestljvi75hrjg6uvsg4m.queue.core.windows.net/","table":"https://clitestljvi75hrjg6uvsg4m.table.core.windows.net/"},"primaryLocation":"westus","provisioningState":"Succeeded","statusOfPrimary":"available","supportsHttpsTrafficOnly":false},"sku":{"name":"Standard_LRS","tier":"Standard"},"tags":{},"type":"Microsoft.Storage/storageAccounts"},{"id":"/subscriptions/00000000-0000-0000-0000-000000000000/resourceGroups/clitest.rg323vgmgcjqs7kmkbg5qnh7akqus4c2kebxlx4kxi35k3crml6xsipiav2dv3cfmml/providers/Microsoft.Storage/storageAccounts/clitestq3h5tcbw5tnwmmuht","kind":"Storage","location":"westus","name":"clitestq3h5tcbw5tnwmmuht","properties":{"creationTime":"2017-12-19T04:22:01.3407102Z","encryption":{"keySource":"Microsoft.Storage","services":{"blob":{"enabled":true,"lastEnabledTime":"2017-12-19T04:22:01.3427079Z"},"file":{"enabled":true,"lastEnabledTime":"2017-12-19T04:22:01.3427079Z"}}},"networkAcls":{"bypass":"AzureServices","defaultAction":"Allow","ipRules":[],"virtualNetworkRules":[]},"primaryEndpoints":{"blob":"https://clitestq3h5tcbw5tnwmmuht.blob.core.windows.net/","file":"https://clitestq3h5tcbw5tnwmmuht.file.core.windows.net/","queue":"https://clitestq3h5tcbw5tnwmmuht.queue.core.windows.net/","table":"https://clitestq3h5tcbw5tnwmmuht.table.core.windows.net/"},"primaryLocation":"westus","provisioningState":"Succeeded","statusOfPrimary":"available","supportsHttpsTrafficOnly":false},"sku":{"name":"Standard_LRS","tier":"Standard"},"tags":{},"type":"Microsoft.Storage/storageAccounts"},{"id":"/subscriptions/00000000-0000-0000-0000-000000000000/resourceGroups/javacsmrg66a59052f/providers/Microsoft.Storage/storageAccounts/d22d4aad7fde40abbf6c","kind":"Storage","location":"westus","name":"d22d4aad7fde40abbf6c","properties":{"creationTime":"2017-12-18T12:59:55.6329563Z","encryption":{"keySource":"Microsoft.Storage","services":{"blob":{"enabled":true,"lastEnabledTime":"2017-12-18T12:59:55.6349703Z"},"file":{"enabled":true,"lastEnabledTime":"2017-12-18T12:59:55.6349703Z"}}},"networkAcls":{"bypass":"AzureServices","defaultAction":"Allow","ipRules":[],"virtualNetworkRules":[]},"primaryEndpoints":{"blob":"https://d22d4aad7fde40abbf6c.blob.core.windows.net/","file":"https://d22d4aad7fde40abbf6c.file.core.windows.net/","queue":"https://d22d4aad7fde40abbf6c.queue.core.windows.net/","table":"https://d22d4aad7fde40abbf6c.table.core.windows.net/"},"primaryLocation":"westus","provisioningState":"Succeeded","secondaryLocation":"eastus","statusOfPrimary":"available","statusOfSecondary":"available","supportsHttpsTrafficOnly":false},"sku":{"name":"Standard_GRS","tier":"Standard"},"tags":{},"type":"Microsoft.Storage/storageAccounts"},{"id":"/subscriptions/00000000-0000-0000-0000-000000000000/resourceGroups/javacsmrg1253/providers/Microsoft.Storage/storageAccounts/javast1742","kind":"Storage","location":"westus","name":"javast1742","properties":{"creationTime":"2017-12-17T19:06:40.4591178Z","encryption":{"keySource":"Microsoft.Storage","services":{"blob":{"enabled":true,"lastEnabledTime":"2017-12-17T19:06:40.4621332Z"},"file":{"enabled":true,"lastEnabledTime":"2017-12-17T19:06:40.4621332Z"}}},"networkAcls":{"bypass":"AzureServices","defaultAction":"Allow","ipRules":[],"virtualNetworkRules":[]},"primaryEndpoints":{"blob":"https://javast1742.blob.core.windows.net/","file":"https://javast1742.file.core.windows.net/","queue":"https://javast1742.queue.core.windows.net/","table":"https://javast1742.table.core.windows.net/"},"primaryLocation":"westus","provisioningState":"Succeeded","secondaryLocation":"eastus","statusOfPrimary":"available","statusOfSecondary":"available","supportsHttpsTrafficOnly":false},"sku":{"name":"Standard_GRS","tier":"Standard"},"tags":{},"type":"Microsoft.Storage/storageAccounts"},{"id":"/subscriptions/00000000-0000-0000-0000-000000000000/resourceGroups/javacsmrg7936/providers/Microsoft.Storage/storageAccounts/javast7004","kind":"Storage","location":"westus","name":"javast7004","properties":{"creationTime":"2017-12-18T17:51:48.4560901Z","encryption":{"keySource":"Microsoft.Storage","services":{"blob":{"enabled":true,"lastEnabledTime":"2017-12-18T17:51:48.4580910Z"},"file":{"enabled":true,"lastEnabledTime":"2017-12-18T17:51:48.4580910Z"}}},"networkAcls":{"bypass":"AzureServices","defaultAction":"Allow","ipRules":[],"virtualNetworkRules":[]},"primaryEndpoints":{"blob":"https://javast7004.blob.core.windows.net/","file":"https://javast7004.file.core.windows.net/","queue":"https://javast7004.queue.core.windows.net/","table":"https://javast7004.table.core.windows.net/"},"primaryLocation":"westus","provisioningState":"Succeeded","secondaryLocation":"eastus","statusOfPrimary":"available","statusOfSecondary":"available","supportsHttpsTrafficOnly":false},"sku":{"name":"Standard_GRS","tier":"Standard"},"tags":{},"type":"Microsoft.Storage/storageAccounts"},{"id":"/subscriptions/00000000-0000-0000-0000-000000000000/resourceGroups/javacsmrg491/providers/Microsoft.Storage/storageAccounts/javawebapp417623391","kind":"Storage","location":"westus","name":"javawebapp417623391","properties":{"creationTime":"2017-12-18T17:50:42.4561153Z","encryption":{"keySource":"Microsoft.Storage","services":{"blob":{"enabled":true,"lastEnabledTime":"2017-12-18T17:50:42.4581153Z"},"file":{"enabled":true,"lastEnabledTime":"2017-12-18T17:50:42.4581153Z"}}},"networkAcls":{"bypass":"AzureServices","defaultAction":"Allow","ipRules":[],"virtualNetworkRules":[]},"primaryEndpoints":{"blob":"https://javawebapp417623391.blob.core.windows.net/","file":"https://javawebapp417623391.file.core.windows.net/","queue":"https://javawebapp417623391.queue.core.windows.net/","table":"https://javawebapp417623391.table.core.windows.net/"},"primaryLocation":"westus","provisioningState":"Succeeded","secondaryLocation":"eastus","statusOfPrimary":"available","statusOfSecondary":"available","supportsHttpsTrafficOnly":false},"sku":{"name":"Standard_GRS","tier":"Standard"},"tags":{},"type":"Microsoft.Storage/storageAccounts"},{"id":"/subscriptions/00000000-0000-0000-0000-000000000000/resourceGroups/javacsmrg3648/providers/Microsoft.Storage/storageAccounts/javawebapp642482468","kind":"Storage","location":"westus","name":"javawebapp642482468","properties":{"creationTime":"2017-12-17T19:05:01.1528150Z","encryption":{"keySource":"Microsoft.Storage","services":{"blob":{"enabled":true,"lastEnabledTime":"2017-12-17T19:05:01.1548188Z"},"file":{"enabled":true,"lastEnabledTime":"2017-12-17T19:05:01.1548188Z"}}},"networkAcls":{"bypass":"AzureServices","defaultAction":"Allow","ipRules":[],"virtualNetworkRules":[]},"primaryEndpoints":{"blob":"https://javawebapp642482468.blob.core.windows.net/","file":"https://javawebapp642482468.file.core.windows.net/","queue":"https://javawebapp642482468.queue.core.windows.net/","table":"https://javawebapp642482468.table.core.windows.net/"},"primaryLocation":"westus","provisioningState":"Succeeded","secondaryLocation":"eastus","statusOfPrimary":"available","statusOfSecondary":"available","supportsHttpsTrafficOnly":false},"sku":{"name":"Standard_GRS","tier":"Standard"},"tags":{},"type":"Microsoft.Storage/storageAccounts"},{"id":"/subscriptions/00000000-0000-0000-0000-000000000000/resourceGroups/javacsmrg3237/providers/Microsoft.Storage/storageAccounts/javawebapp89915336","kind":"Storage","location":"westus","name":"javawebapp89915336","properties":{"creationTime":"2017-12-18T10:44:35.6467237Z","encryption":{"keySource":"Microsoft.Storage","services":{"blob":{"enabled":true,"lastEnabledTime":"2017-12-18T10:44:35.6487312Z"},"file":{"enabled":true,"lastEnabledTime":"2017-12-18T10:44:35.6487312Z"}}},"networkAcls":{"bypass":"AzureServices","defaultAction":"Allow","ipRules":[],"virtualNetworkRules":[]},"primaryEndpoints":{"blob":"https://javawebapp89915336.blob.core.windows.net/","file":"https://javawebapp89915336.file.core.windows.net/","queue":"https://javawebapp89915336.queue.core.windows.net/","table":"https://javawebapp89915336.table.core.windows.net/"},"primaryLocation":"westus","provisioningState":"Succeeded","secondaryLocation":"eastus","statusOfPrimary":"available","statusOfSecondary":"available","supportsHttpsTrafficOnly":false},"sku":{"name":"Standard_GRS","tier":"Standard"},"tags":{},"type":"Microsoft.Storage/storageAccounts"},{"id":"/subscriptions/00000000-0000-0000-0000-000000000000/resourceGroups/sdk-test/providers/Microsoft.Storage/storageAccounts/sdkteststor","kind":"Storage","location":"westus","name":"sdkteststor","properties":{"creationTime":"2017-05-21T04:29:51.1804697Z","encryption":{"keySource":"Microsoft.Storage","services":{"blob":{"enabled":true,"lastEnabledTime":"2017-11-05T15:55:12.6782123Z"}}},"networkAcls":{"bypass":"AzureServices","defaultAction":"Allow","ipRules":[],"virtualNetworkRules":[]},"primaryEndpoints":{"blob":"https://sdkteststor.blob.core.windows.net/"},"primaryLocation":"westus","provisioningState":"Succeeded","statusOfPrimary":"available","supportsHttpsTrafficOnly":false},"sku":{"name":"Premium_LRS","tier":"Premium"},"tags":{},"type":"Microsoft.Storage/storageAccounts"},{"id":"/subscriptions/00000000-0000-0000-0000-000000000000/resourceGroups/cli_test_vm_vmss_diagnostics_extensionfwrfal6wjrsz6x7i7r6g2jk3vkptxnsmxgz7g/providers/Microsoft.Storage/storageAccounts/vhdstorage7d7e664d7e9977","kind":"Storage","location":"westus","name":"vhdstorage7d7e664d7e9977","properties":{"creationTime":"2017-12-19T04:25:39.0973093Z","encryption":{"keySource":"Microsoft.Storage","services":{"blob":{"enabled":true,"lastEnabledTime":"2017-12-19T04:25:39.1173097Z"},"file":{"enabled":true,"lastEnabledTime":"2017-12-19T04:25:39.1173097Z"}}},"networkAcls":{"bypass":"AzureServices","defaultAction":"Allow","ipRules":[],"virtualNetworkRules":[]},"primaryEndpoints":{"blob":"https://vhdstorage7d7e664d7e9977.blob.core.windows.net/"},"primaryLocation":"westus","provisioningState":"Succeeded","statusOfPrimary":"available","supportsHttpsTrafficOnly":false},"sku":{"name":"Premium_LRS","tier":"Premium"},"tags":{},"type":"Microsoft.Storage/storageAccounts"},{"id":"/subscriptions/00000000-0000-0000-0000-000000000000/resourceGroups/cli_test_generalize_vmvshfvx2ui77ncw5mjgiwvi64jjqqd3yzldtkwiavmpnrv3ri6ut4p/providers/Microsoft.Storage/storageAccounts/vhdstorage9f0f43bbd1cf4e","kind":"Storage","location":"westus","name":"vhdstorage9f0f43bbd1cf4e","properties":{"creationTime":"2017-12-19T04:25:32.8154502Z","encryption":{"keySource":"Microsoft.Storage","services":{"blob":{"enabled":true,"lastEnabledTime":"2017-12-19T04:25:32.8194525Z"},"file":{"enabled":true,"lastEnabledTime":"2017-12-19T04:25:32.8194525Z"}}},"networkAcls":{"bypass":"AzureServices","defaultAction":"Allow","ipRules":[],"virtualNetworkRules":[]},"primaryEndpoints":{"blob":"https://vhdstorage9f0f43bbd1cf4e.blob.core.windows.net/"},"primaryLocation":"westus","provisioningState":"Succeeded","statusOfPrimary":"available","supportsHttpsTrafficOnly":false},"sku":{"name":"Premium_LRS","tier":"Premium"},"tags":{},"type":"Microsoft.Storage/storageAccounts"},{"id":"/subscriptions/00000000-0000-0000-0000-000000000000/resourceGroups/cli_test_vm_with_specialized_unmanaged_disk2bhaw7j7vtwj7ydnhvzuku6qc475pmpx/providers/Microsoft.Storage/storageAccounts/vhdstorageac619651f62a68","kind":"Storage","location":"westus","name":"vhdstorageac619651f62a68","properties":{"creationTime":"2017-12-19T04:23:50.0493869Z","encryption":{"keySource":"Microsoft.Storage","services":{"blob":{"enabled":true,"lastEnabledTime":"2017-12-19T04:23:50.0533864Z"},"file":{"enabled":true,"lastEnabledTime":"2017-12-19T04:23:50.0533864Z"}}},"networkAcls":{"bypass":"AzureServices","defaultAction":"Allow","ipRules":[],"virtualNetworkRules":[]},"primaryEndpoints":{"blob":"https://vhdstorageac619651f62a68.blob.core.windows.net/"},"primaryLocation":"westus","provisioningState":"Succeeded","statusOfPrimary":"available","supportsHttpsTrafficOnly":false},"sku":{"name":"Premium_LRS","tier":"Premium"},"tags":{},"type":"Microsoft.Storage/storageAccounts"},{"id":"/subscriptions/00000000-0000-0000-0000-000000000000/resourceGroups/cli_test_vm_from_unmanaged_diskztvdgecach3feqandcbfvlltjaldqe7ngd2r2w4cdz4p/providers/Microsoft.Storage/storageAccounts/vhdstoragefaee9a2811734c","kind":"Storage","location":"westus","name":"vhdstoragefaee9a2811734c","properties":{"creationTime":"2017-12-19T04:22:59.8309937Z","encryption":{"keySource":"Microsoft.Storage","services":{"blob":{"enabled":true,"lastEnabledTime":"2017-12-19T04:22:59.8459932Z"},"file":{"enabled":true,"lastEnabledTime":"2017-12-19T04:22:59.8459932Z"}}},"networkAcls":{"bypass":"AzureServices","defaultAction":"Allow","ipRules":[],"virtualNetworkRules":[]},"primaryEndpoints":{"blob":"https://vhdstoragefaee9a2811734c.blob.core.windows.net/"},"primaryLocation":"westus","provisioningState":"Succeeded","statusOfPrimary":"available","supportsHttpsTrafficOnly":false},"sku":{"name":"Premium_LRS","tier":"Premium"},"tags":{},"type":"Microsoft.Storage/storageAccounts"},{"id":"/subscriptions/00000000-0000-0000-0000-000000000000/resourceGroups/clitest.rgipzcxrwmbodf42nbve65x7xk2tozzptmqlxom7fibpjwhjvq3bokpoe7sy54gjqbg/providers/Microsoft.Storage/storageAccounts/vhdstoragefb591ad468eb38","kind":"Storage","location":"westus","name":"vhdstoragefb591ad468eb38","properties":{"creationTime":"2017-12-19T04:24:58.6713984Z","encryption":{"keySource":"Microsoft.Storage","services":{"blob":{"enabled":true,"lastEnabledTime":"2017-12-19T04:24:58.6754035Z"},"file":{"enabled":true,"lastEnabledTime":"2017-12-19T04:24:58.6754035Z"}}},"networkAcls":{"bypass":"AzureServices","defaultAction":"Allow","ipRules":[],"virtualNetworkRules":[]},"primaryEndpoints":{"blob":"https://vhdstoragefb591ad468eb38.blob.core.windows.net/"},"primaryLocation":"westus","provisioningState":"Succeeded","statusOfPrimary":"available","supportsHttpsTrafficOnly":false},"sku":{"name":"Premium_LRS","tier":"Premium"},"tags":{},"type":"Microsoft.Storage/storageAccounts"},{"id":"/subscriptions/00000000-0000-0000-0000-000000000000/resourceGroups/cli_test_vmss_create_idempotentjed7n7ferfafx3wipkmzcelm7a45peqbiwroefk7q7m3/providers/Microsoft.Storage/storageAccounts/vmss136e10","kind":"Storage","location":"westus","name":"vmss136e10","properties":{"provisioningState":"Creating"},"sku":{"name":"Standard_LRS","tier":"Standard"},"tags":{},"type":"Microsoft.Storage/storageAccounts"},{"id":"/subscriptions/00000000-0000-0000-0000-000000000000/resourceGroups/cli_test_vmss_create_idempotentjed7n7ferfafx3wipkmzcelm7a45peqbiwroefk7q7m3/providers/Microsoft.Storage/storageAccounts/vmss136e11","kind":"Storage","location":"westus","name":"vmss136e11","properties":{"creationTime":"2017-12-19T04:28:51.9383144Z","encryption":{"keySource":"Microsoft.Storage","services":{"blob":{"enabled":true,"lastEnabledTime":"2017-12-19T04:28:51.9423149Z"},"file":{"enabled":true,"lastEnabledTime":"2017-12-19T04:28:51.9423149Z"}}},"networkAcls":{"bypass":"AzureServices","defaultAction":"Allow","ipRules":[],"virtualNetworkRules":[]},"primaryEndpoints":{"blob":"https://vmss136e11.blob.core.windows.net/","file":"https://vmss136e11.file.core.windows.net/","queue":"https://vmss136e11.queue.core.windows.net/","table":"https://vmss136e11.table.core.windows.net/"},"primaryLocation":"westus","provisioningState":"ResolvingDNS","statusOfPrimary":"available","supportsHttpsTrafficOnly":false},"sku":{"name":"Standard_LRS","tier":"Standard"},"tags":{},"type":"Microsoft.Storage/storageAccounts"},{"id":"/subscriptions/00000000-0000-0000-0000-000000000000/resourceGroups/cli_test_vmss_create_idempotentjed7n7ferfafx3wipkmzcelm7a45peqbiwroefk7q7m3/providers/Microsoft.Storage/storageAccounts/vmss136e12","kind":"Storage","location":"westus","name":"vmss136e12","properties":{"provisioningState":"Creating"},"sku":{"name":"Standard_LRS","tier":"Standard"},"tags":{},"type":"Microsoft.Storage/storageAccounts"},{"id":"/subscriptions/00000000-0000-0000-0000-000000000000/resourceGroups/cli_test_vmss_create_idempotentjed7n7ferfafx3wipkmzcelm7a45peqbiwroefk7q7m3/providers/Microsoft.Storage/storageAccounts/vmss136e13","kind":"Storage","location":"westus","name":"vmss136e13","properties":{"creationTime":"2017-12-19T04:28:49.7021337Z","encryption":{"keySource":"Microsoft.Storage","services":{"blob":{"enabled":true,"lastEnabledTime":"2017-12-19T04:28:49.7051253Z"},"file":{"enabled":true,"lastEnabledTime":"2017-12-19T04:28:49.7051253Z"}}},"networkAcls":{"bypass":"AzureServices","defaultAction":"Allow","ipRules":[],"virtualNetworkRules":[]},"primaryEndpoints":{"blob":"https://vmss136e13.blob.core.windows.net/","file":"https://vmss136e13.file.core.windows.net/","queue":"https://vmss136e13.queue.core.windows.net/","table":"https://vmss136e13.table.core.windows.net/"},"primaryLocation":"westus","provisioningState":"ResolvingDNS","statusOfPrimary":"available","supportsHttpsTrafficOnly":false},"sku":{"name":"Standard_LRS","tier":"Standard"},"tags":{},"type":"Microsoft.Storage/storageAccounts"},{"id":"/subscriptions/00000000-0000-0000-0000-000000000000/resourceGroups/cli_test_vmss_create_idempotentjed7n7ferfafx3wipkmzcelm7a45peqbiwroefk7q7m3/providers/Microsoft.Storage/storageAccounts/vmss136e14","kind":"Storage","location":"westus","name":"vmss136e14","properties":{"creationTime":"2017-12-19T04:28:51.8023457Z","encryption":{"keySource":"Microsoft.Storage","services":{"blob":{"enabled":true,"lastEnabledTime":"2017-12-19T04:28:51.8083195Z"},"file":{"enabled":true,"lastEnabledTime":"2017-12-19T04:28:51.8083195Z"}}},"networkAcls":{"bypass":"AzureServices","defaultAction":"Allow","ipRules":[],"virtualNetworkRules":[]},"primaryEndpoints":{"blob":"https://vmss136e14.blob.core.windows.net/","file":"https://vmss136e14.file.core.windows.net/","queue":"https://vmss136e14.queue.core.windows.net/","table":"https://vmss136e14.table.core.windows.net/"},"primaryLocation":"westus","provisioningState":"ResolvingDNS","statusOfPrimary":"available","supportsHttpsTrafficOnly":false},"sku":{"name":"Standard_LRS","tier":"Standard"},"tags":{},"type":"Microsoft.Storage/storageAccounts"},{"sku":{"name":"Standard_GRS","tier":"Standard"},"kind":"Storage","id":"/subscriptions/00000000-0000-0000-0000-000000000000/resourceGroups/anu-abc/providers/Microsoft.Storage/storageAccounts/anustg234","name":"anustg234","type":"Microsoft.Storage/storageAccounts","location":"eastasia","tags":{},"properties":{"networkAcls":{"bypass":"AzureServices","virtualNetworkRules":[],"ipRules":[],"defaultAction":"Allow"},"supportsHttpsTrafficOnly":false,"encryption":{"services":{"file":{"enabled":true,"lastEnabledTime":"2017-12-05T23:38:40.6242765Z"},"blob":{"enabled":true,"lastEnabledTime":"2017-12-05T23:38:40.6242765Z"}},"keySource":"Microsoft.Storage"},"provisioningState":"Succeeded","creationTime":"2017-10-23T23:46:30.1432949Z","primaryEndpoints":{"blob":"https://anustg234.blob.core.windows.net/","queue":"https://anustg234.queue.core.windows.net/","table":"https://anustg234.table.core.windows.net/","file":"https://anustg234.file.core.windows.net/"},"primaryLocation":"eastasia","statusOfPrimary":"available","secondaryLocation":"southeastasia","statusOfSecondary":"unavailable"}},{"id":"/subscriptions/00000000-0000-0000-0000-000000000000/resourceGroups/rgfluentchash-3129/providers/Microsoft.Storage/storageAccounts/stg2277","kind":"Storage","location":"southcentralus","name":"stg2277","properties":{"creationTime":"2017-12-18T04:11:03.8454512Z","encryption":{"keySource":"Microsoft.Storage","services":{"blob":{"enabled":true,"lastEnabledTime":"2017-12-18T04:11:03.8474512Z"},"file":{"enabled":true,"lastEnabledTime":"2017-12-18T04:11:03.8474512Z"}}},"networkAcls":{"bypass":"AzureServices","defaultAction":"Allow","ipRules":[],"virtualNetworkRules":[]},"primaryEndpoints":{"blob":"https://stg2277.blob.core.windows.net/"},"primaryLocation":"southcentralus","provisioningState":"Succeeded","statusOfPrimary":"available","supportsHttpsTrafficOnly":false},"sku":{"name":"Premium_LRS","tier":"Premium"},"tags":{},"type":"Microsoft.Storage/storageAccounts"},{"id":"/subscriptions/00000000-0000-0000-0000-000000000000/resourceGroups/rgfluentchash-3129/providers/Microsoft.Storage/storageAccounts/stgchashvmbe4038934dc","kind":"Storage","location":"southcentralus","name":"stgchashvmbe4038934dc","properties":{"creationTime":"2017-12-18T04:16:53.9752865Z","encryption":{"keySource":"Microsoft.Storage","services":{"blob":{"enabled":true,"lastEnabledTime":"2017-12-18T04:16:54.0063307Z"},"file":{"enabled":true,"lastEnabledTime":"2017-12-18T04:16:54.0063307Z"}}},"networkAcls":{"bypass":"AzureServices","defaultAction":"Allow","ipRules":[],"virtualNetworkRules":[]},"primaryEndpoints":{"blob":"https://stgchashvmbe4038934dc.blob.core.windows.net/","file":"https://stgchashvmbe4038934dc.file.core.windows.net/","queue":"https://stgchashvmbe4038934dc.queue.core.windows.net/","table":"https://stgchashvmbe4038934dc.table.core.windows.net/"},"primaryLocation":"southcentralus","provisioningState":"Succeeded","secondaryLocation":"northcentralus","statusOfPrimary":"available","statusOfSecondary":"available","supportsHttpsTrafficOnly":false},"sku":{"name":"Standard_GRS","tier":"Standard"},"tags":{},"type":"Microsoft.Storage/storageAccounts"},{"id":"/subscriptions/00000000-0000-0000-0000-000000000000/resourceGroups/rgfluentchash-3129/providers/Microsoft.Storage/storageAccounts/stgchashvmc10595453e8","kind":"Storage","location":"southcentralus","name":"stgchashvmc10595453e8","properties":{"creationTime":"2017-12-18T04:11:34.8134700Z","encryption":{"keySource":"Microsoft.Storage","services":{"blob":{"enabled":true,"lastEnabledTime":"2017-12-18T04:11:34.8154676Z"},"file":{"enabled":true,"lastEnabledTime":"2017-12-18T04:11:34.8154676Z"}}},"networkAcls":{"bypass":"AzureServices","defaultAction":"Allow","ipRules":[],"virtualNetworkRules":[]},"primaryEndpoints":{"blob":"https://stgchashvmc10595453e8.blob.core.windows.net/","file":"https://stgchashvmc10595453e8.file.core.windows.net/","queue":"https://stgchashvmc10595453e8.queue.core.windows.net/","table":"https://stgchashvmc10595453e8.table.core.windows.net/"},"primaryLocation":"southcentralus","provisioningState":"Succeeded","secondaryLocation":"northcentralus","statusOfPrimary":"available","statusOfSecondary":"available","supportsHttpsTrafficOnly":false},"sku":{"name":"Standard_GRS","tier":"Standard"},"tags":{},"type":"Microsoft.Storage/storageAccounts"}]}'}
    headers:
      cache-control: [no-cache]
      content-length: ['86116']
      content-type: [application/json; charset=utf-8]
      date: ['Tue, 19 Dec 2017 04:28:52 GMT']
      expires: ['-1']
      pragma: [no-cache]
      strict-transport-security: [max-age=31536000; includeSubDomains]
      vary: [Accept-Encoding]
      x-ms-original-request-ids: [a1f00a23-dfa6-4bb1-9ef2-aa0b8fe76e89, a1f00a23-dfa6-4bb1-9ef2-aa0b8fe76e89,
        a1f00a23-dfa6-4bb1-9ef2-aa0b8fe76e89, 5b06a5d9-e85c-4198-a289-f0ae789ca25f,
        a1f00a23-dfa6-4bb1-9ef2-aa0b8fe76e89]
    status: {code: 200, message: OK}
- request:
    body: null
    headers:
      Accept: [application/json]
      Accept-Encoding: ['gzip, deflate']
      CommandName: [storage blob list]
      Connection: [keep-alive]
      Content-Length: ['0']
      Content-Type: [application/json; charset=utf-8]
      User-Agent: [python/3.5.3 (Windows-10-10.0.16299-SP0) requests/2.18.4 msrest/0.4.22
          msrest_azure/0.4.19 azure-mgmt-storage/1.5.0 Azure-SDK-For-Python AZURECLI/2.0.24]
      accept-language: [en-US]
    method: POST
    uri: https://management.azure.com/subscriptions/00000000-0000-0000-0000-000000000000/resourceGroups/cli_test_os_disk_size000001/providers/Microsoft.Storage/storageAccounts/cli000002/listKeys?api-version=2017-10-01
  response:
    body: {string: '{"keys":[{"keyName":"key1","permissions":"Full","value":"KC+fx2ZaKtmRu6FaM2Et/CtJXuPnSSMu7vMYVFQy1i1bSxrwSDXxYt5QOHdLJieHW//hvNoYlsNmPyCISFuDMA=="},{"keyName":"key2","permissions":"Full","value":"lZN3E75YgFcpYA6Kt1dUocWBkO/cRHomgvapNQlTE+bAIaTwUan9qGPs4djd/TYvz7oTQF+KKZ0eWJveqqj4Xg=="}]}

        '}
    headers:
      cache-control: [no-cache]
      content-length: ['289']
      content-type: [application/json]
      date: ['Tue, 19 Dec 2017 04:28:52 GMT']
      expires: ['-1']
      pragma: [no-cache]
      server: [Microsoft-Azure-Storage-Resource-Provider/1.0, Microsoft-HTTPAPI/2.0]
      strict-transport-security: [max-age=31536000; includeSubDomains]
      transfer-encoding: [chunked]
      vary: [Accept-Encoding]
      x-ms-ratelimit-remaining-subscription-writes: ['1192']
    status: {code: 200, message: OK}
- request:
    body: null
    headers:
      Connection: [keep-alive]
      User-Agent: [Azure-Storage/0.37.1-0.37.1 (Python CPython 3.5.3; Windows 10)
          AZURECLI/2.0.24]
      x-ms-date: ['Tue, 19 Dec 2017 04:28:56 GMT']
      x-ms-version: ['2017-04-17']
    method: GET
    uri: https://cli000002.blob.core.windows.net/vhds?comp=list&restype=container
  response:
    body: {string: "\uFEFF<?xml version=\"1.0\" encoding=\"utf-8\"?>\n<EnumerationResults\
        \ ServiceEndpoint=\"https://cli000002.blob.core.windows.net/\" ContainerName=\"\
        vhds\"><Blobs><Blob><Name>osdisk_230e6731b0.vhd</Name><Properties><Last-Modified>Tue,\
        \ 19 Dec 2017 04:28:51 GMT</Last-Modified><Etag>0x8D546990185A23D</Etag><Content-Length>80530637312</Content-Length><Content-Type>application/octet-stream</Content-Type><Content-Encoding/><Content-Language/><Content-MD5>GeBwrGUeiv5cLPDVrTmbPA==</Content-MD5><Cache-Control/><Content-Disposition/><x-ms-blob-sequence-number>1</x-ms-blob-sequence-number><BlobType>PageBlob</BlobType><AccessTier/><LeaseStatus>locked</LeaseStatus><LeaseState>leased</LeaseState><LeaseDuration>infinite</LeaseDuration><ServerEncrypted>false</ServerEncrypted></Properties></Blob></Blobs><NextMarker/></EnumerationResults>"}
    headers:
      content-type: [application/xml]
      date: ['Tue, 19 Dec 2017 04:28:53 GMT']
      server: [Windows-Azure-Blob/1.0 Microsoft-HTTPAPI/2.0]
      transfer-encoding: [chunked]
      vary: [Origin]
      x-ms-version: ['2017-04-17']
    status: {code: 200, message: OK}
- request:
    body: null
    headers:
      Accept: [application/json]
      Accept-Encoding: ['gzip, deflate']
      CommandName: [vm create]
      Connection: [keep-alive]
      Content-Type: [application/json; charset=utf-8]
      User-Agent: [python/3.5.3 (Windows-10-10.0.16299-SP0) requests/2.18.4 msrest/0.4.22
          msrest_azure/0.4.19 resourcemanagementclient/1.2.1 Azure-SDK-For-Python
          AZURECLI/2.0.24]
      accept-language: [en-US]
    method: GET
    uri: https://management.azure.com/subscriptions/00000000-0000-0000-0000-000000000000/resourcegroups/cli_test_os_disk_size000001?api-version=2017-05-10
  response:
    body: {string: '{"id":"/subscriptions/00000000-0000-0000-0000-000000000000/resourceGroups/cli_test_os_disk_size000001","name":"cli_test_os_disk_size000001","location":"westus","tags":{"use":"az-test"},"properties":{"provisioningState":"Succeeded"}}'}
    headers:
      cache-control: [no-cache]
      content-length: ['328']
      content-type: [application/json; charset=utf-8]
      date: ['Tue, 19 Dec 2017 04:28:54 GMT']
      expires: ['-1']
      pragma: [no-cache]
      strict-transport-security: [max-age=31536000; includeSubDomains]
      vary: [Accept-Encoding]
    status: {code: 200, message: OK}
- request:
    body: null
    headers:
      Connection: [close]
      Host: [raw.githubusercontent.com]
      User-Agent: [Python-urllib/3.5]
    method: GET
    uri: https://raw.githubusercontent.com/Azure/azure-rest-api-specs/master/arm-compute/quickstart-templates/aliases.json
  response:
    body: {string: "{\n  \"$schema\":\"http://schema.management.azure.com/schemas/2015-01-01/deploymentTemplate.json\"\
        ,\n  \"contentVersion\":\"1.0.0.0\",\n  \"parameters\":{},\n  \"variables\"\
        :{},\n  \"resources\":[],\n\n  \"outputs\":{\n    \"aliases\":{\n      \"\
        type\":\"object\",\n      \"value\":{\n\n        \"Linux\":{\n          \"\
        CentOS\":{\n            \"publisher\":\"OpenLogic\",\n            \"offer\"\
        :\"CentOS\",\n            \"sku\":\"7.3\",\n            \"version\":\"latest\"\
        \n          },\n          \"CoreOS\":{\n            \"publisher\":\"CoreOS\"\
        ,\n            \"offer\":\"CoreOS\",\n            \"sku\":\"Stable\",\n  \
        \          \"version\":\"latest\"\n          },\n          \"Debian\":{\n\
        \            \"publisher\":\"credativ\",\n            \"offer\":\"Debian\"\
        ,\n            \"sku\":\"8\",\n            \"version\":\"latest\"\n      \
        \    },\n          \"openSUSE-Leap\": {\n            \"publisher\":\"SUSE\"\
        ,\n            \"offer\":\"openSUSE-Leap\",\n            \"sku\":\"42.2\"\
        ,\n            \"version\": \"latest\"\n          },\n          \"RHEL\":{\n\
        \            \"publisher\":\"RedHat\",\n            \"offer\":\"RHEL\",\n\
        \            \"sku\":\"7.3\",\n            \"version\":\"latest\"\n      \
        \    },\n          \"SLES\":{\n            \"publisher\":\"SUSE\",\n     \
        \       \"offer\":\"SLES\",\n            \"sku\":\"12-SP2\",\n           \
        \ \"version\":\"latest\"\n          },\n          \"UbuntuLTS\":{\n      \
        \      \"publisher\":\"Canonical\",\n            \"offer\":\"UbuntuServer\"\
        ,\n            \"sku\":\"16.04-LTS\",\n            \"version\":\"latest\"\n\
        \          }\n        },\n\n        \"Windows\":{\n          \"Win2016Datacenter\"\
        :{\n            \"publisher\":\"MicrosoftWindowsServer\",\n            \"\
        offer\":\"WindowsServer\",\n            \"sku\":\"2016-Datacenter\",\n   \
        \         \"version\":\"latest\"\n          },\n          \"Win2012R2Datacenter\"\
        :{\n            \"publisher\":\"MicrosoftWindowsServer\",\n            \"\
        offer\":\"WindowsServer\",\n            \"sku\":\"2012-R2-Datacenter\",\n\
        \            \"version\":\"latest\"\n          },\n          \"Win2012Datacenter\"\
        :{\n            \"publisher\":\"MicrosoftWindowsServer\",\n            \"\
        offer\":\"WindowsServer\",\n            \"sku\":\"2012-Datacenter\",\n   \
        \         \"version\":\"latest\"\n          },\n          \"Win2008R2SP1\"\
        :{\n            \"publisher\":\"MicrosoftWindowsServer\",\n            \"\
        offer\":\"WindowsServer\",\n            \"sku\":\"2008-R2-SP1\",\n       \
        \     \"version\":\"latest\"\n          }\n        }\n      }\n    }\n  }\n\
        }\n"}
    headers:
      accept-ranges: [bytes]
      access-control-allow-origin: ['*']
      cache-control: [max-age=300]
      connection: [close]
      content-length: ['2235']
      content-security-policy: [default-src 'none'; style-src 'unsafe-inline'; sandbox]
      content-type: [text/plain; charset=utf-8]
      date: ['Tue, 19 Dec 2017 04:28:54 GMT']
      etag: ['"d6824855d13e27c5258a680eb60f635d088fd05e"']
      expires: ['Tue, 19 Dec 2017 04:33:54 GMT']
      source-age: ['99']
      strict-transport-security: [max-age=31536000]
      vary: ['Authorization,Accept-Encoding']
      via: [1.1 varnish]
      x-cache: [HIT]
      x-cache-hits: ['2']
      x-content-type-options: [nosniff]
      x-fastly-request-id: [1612216b0227d283de43d1480a61da9b0b21fe96]
      x-frame-options: [deny]
      x-geo-block-list: ['']
      x-github-request-id: ['132C:5F8A:BD505:C8D2E:5A389524']
      x-served-by: [cache-sea1042-SEA]
      x-timer: ['S1513657735.707544,VS0,VE0']
      x-xss-protection: [1; mode=block]
    status: {code: 200, message: OK}
- request:
    body: null
    headers:
      Accept: [application/json]
      Accept-Encoding: ['gzip, deflate']
      CommandName: [vm create]
      Connection: [keep-alive]
      Content-Type: [application/json; charset=utf-8]
      User-Agent: [python/3.5.3 (Windows-10-10.0.16299-SP0) requests/2.18.4 msrest/0.4.22
          msrest_azure/0.4.19 networkmanagementclient/1.7.0 Azure-SDK-For-Python AZURECLI/2.0.24]
      accept-language: [en-US]
    method: GET
    uri: https://management.azure.com/subscriptions/00000000-0000-0000-0000-000000000000/resourceGroups/cli_test_os_disk_size000001/providers/Microsoft.Network/virtualNetworks?api-version=2017-11-01
  response:
    body: {string: "{\r\n  \"value\": [\r\n    {\r\n      \"name\": \"vmVNET\",\r\n\
        \      \"id\": \"/subscriptions/00000000-0000-0000-0000-000000000000/resourceGroups/cli_test_os_disk_size000001/providers/Microsoft.Network/virtualNetworks/vmVNET\"\
        ,\r\n      \"etag\": \"W/\\\"11479191-bcf1-4ef1-818f-55766fb02258\\\"\",\r\
        \n      \"type\": \"Microsoft.Network/virtualNetworks\",\r\n      \"location\"\
        : \"westus\",\r\n      \"tags\": {},\r\n      \"properties\": {\r\n      \
        \  \"provisioningState\": \"Succeeded\",\r\n        \"resourceGuid\": \"16254b5b-f078-4c0f-93cc-96635a43e797\"\
        ,\r\n        \"addressSpace\": {\r\n          \"addressPrefixes\": [\r\n \
        \           \"10.0.0.0/16\"\r\n          ]\r\n        },\r\n        \"subnets\"\
        : [\r\n          {\r\n            \"name\": \"vmSubnet\",\r\n            \"\
        id\": \"/subscriptions/00000000-0000-0000-0000-000000000000/resourceGroups/cli_test_os_disk_size000001/providers/Microsoft.Network/virtualNetworks/vmVNET/subnets/vmSubnet\"\
        ,\r\n            \"etag\": \"W/\\\"11479191-bcf1-4ef1-818f-55766fb02258\\\"\
        \",\r\n            \"properties\": {\r\n              \"provisioningState\"\
        : \"Succeeded\",\r\n              \"addressPrefix\": \"10.0.0.0/24\",\r\n\
        \              \"ipConfigurations\": [\r\n                {\r\n          \
        \        \"id\": \"/subscriptions/00000000-0000-0000-0000-000000000000/resourceGroups/cli_test_os_disk_size000001/providers/Microsoft.Network/networkInterfaces/vmVMNic/ipConfigurations/ipconfigvm\"\
        \r\n                }\r\n              ]\r\n            }\r\n          }\r\
        \n        ],\r\n        \"virtualNetworkPeerings\": [],\r\n        \"enableDdosProtection\"\
        : false,\r\n        \"enableVmProtection\": false\r\n      }\r\n    }\r\n\
        \  ]\r\n}"}
    headers:
      cache-control: [no-cache]
      content-length: ['1677']
      content-type: [application/json; charset=utf-8]
      date: ['Tue, 19 Dec 2017 04:28:53 GMT']
      expires: ['-1']
      pragma: [no-cache]
      server: [Microsoft-HTTPAPI/2.0, Microsoft-HTTPAPI/2.0]
      strict-transport-security: [max-age=31536000; includeSubDomains]
      transfer-encoding: [chunked]
      vary: [Accept-Encoding]
    status: {code: 200, message: OK}
- request:
    body: 'b''{"properties": {"mode": "Incremental", "template": {"parameters": {},
      "variables": {}, "outputs": {}, "resources": [{"dependsOn": [], "properties":
      {"securityRules": [{"name": "default-allow-ssh", "properties": {"direction":
      "Inbound", "destinationAddressPrefix": "*", "protocol": "Tcp", "sourceAddressPrefix":
      "*", "access": "Allow", "destinationPortRange": "22", "priority": 1000, "sourcePortRange":
      "*"}}]}, "apiVersion": "2015-06-15", "name": "vm1NSG", "type": "Microsoft.Network/networkSecurityGroups",
      "tags": {}, "location": "westus"}, {"dependsOn": [], "properties": {"publicIPAllocationMethod":
      "dynamic"}, "name": "vm1PublicIP", "apiVersion": "2017-11-01", "type": "Microsoft.Network/publicIPAddresses",
      "tags": {}, "location": "westus"}, {"dependsOn": ["Microsoft.Network/networkSecurityGroups/vm1NSG",
      "Microsoft.Network/publicIpAddresses/vm1PublicIP"], "properties": {"networkSecurityGroup":
      {"id": "/subscriptions/00000000-0000-0000-0000-000000000000/resourceGroups/cli_test_os_disk_size000001/providers/Microsoft.Network/networkSecurityGroups/vm1NSG"},
      "ipConfigurations": [{"name": "ipconfigvm1", "properties": {"subnet": {"id":
      "/subscriptions/00000000-0000-0000-0000-000000000000/resourceGroups/cli_test_os_disk_size000001/providers/Microsoft.Network/virtualNetworks/vmVNET/subnets/vmSubnet"},
      "publicIPAddress": {"id": "/subscriptions/00000000-0000-0000-0000-000000000000/resourceGroups/cli_test_os_disk_size000001/providers/Microsoft.Network/publicIPAddresses/vm1PublicIP"},
      "privateIPAllocationMethod": "Dynamic"}}]}, "name": "vm1VMNic", "apiVersion":
      "2015-06-15", "type": "Microsoft.Network/networkInterfaces", "tags": {}, "location":
      "westus"}, {"dependsOn": ["Microsoft.Network/networkInterfaces/vm1VMNic"], "properties":
      {"hardwareProfile": {"vmSize": "Standard_DS1_v2"}, "storageProfile": {"osDisk":
      {"createOption": "fromImage", "managedDisk": {"storageAccountType": null}, "diskSizeGb":
      75, "caching": "ReadWrite", "name": null}, "imageReference": {"offer": "CentOS",
      "publisher": "OpenLogic", "version": "latest", "sku": "7.3"}}, "networkProfile":
      {"networkInterfaces": [{"id": "/subscriptions/00000000-0000-0000-0000-000000000000/resourceGroups/cli_test_os_disk_size000001/providers/Microsoft.Network/networkInterfaces/vm1VMNic"}]},
      "osProfile": {"computerName": "vm1", "adminUsername": "centosadmin", "adminPassword":
      "testPassword0"}}, "name": "vm1", "apiVersion": "2017-12-01", "type": "Microsoft.Compute/virtualMachines",
      "tags": {}, "location": "westus"}], "$schema": "https://schema.management.azure.com/schemas/2015-01-01/deploymentTemplate.json#",
      "contentVersion": "1.0.0.0"}, "parameters": {}}}'''
    headers:
      Accept: [application/json]
      Accept-Encoding: ['gzip, deflate']
      CommandName: [vm create]
      Connection: [keep-alive]
      Content-Length: ['2827']
      Content-Type: [application/json; charset=utf-8]
      User-Agent: [python/3.5.3 (Windows-10-10.0.16299-SP0) requests/2.18.4 msrest/0.4.22
          msrest_azure/0.4.19 resourcemanagementclient/1.2.1 Azure-SDK-For-Python
          AZURECLI/2.0.24]
      accept-language: [en-US]
    method: PUT
    uri: https://management.azure.com/subscriptions/00000000-0000-0000-0000-000000000000/resourcegroups/cli_test_os_disk_size000001/providers/Microsoft.Resources/deployments/mock-deployment?api-version=2017-05-10
  response:
    body: {string: '{"id":"/subscriptions/00000000-0000-0000-0000-000000000000/resourceGroups/cli_test_os_disk_size000001/providers/Microsoft.Resources/deployments/vm_deploy_llFC3cnkTV8Sl87w4Tl82pIoH9C0Z2Sd","name":"vm_deploy_llFC3cnkTV8Sl87w4Tl82pIoH9C0Z2Sd","properties":{"templateHash":"9083026762063975442","parameters":{},"mode":"Incremental","provisioningState":"Accepted","timestamp":"2017-12-19T04:28:56.6732061Z","duration":"PT0.5223246S","correlationId":"a49d4f4f-8010-4d60-b609-7c910fe32cdc","providers":[{"namespace":"Microsoft.Network","resourceTypes":[{"resourceType":"networkSecurityGroups","locations":["westus"]},{"resourceType":"publicIPAddresses","locations":["westus"]},{"resourceType":"networkInterfaces","locations":["westus"]}]},{"namespace":"Microsoft.Compute","resourceTypes":[{"resourceType":"virtualMachines","locations":["westus"]}]}],"dependencies":[{"dependsOn":[{"id":"/subscriptions/00000000-0000-0000-0000-000000000000/resourceGroups/cli_test_os_disk_size000001/providers/Microsoft.Network/networkSecurityGroups/vm1NSG","resourceType":"Microsoft.Network/networkSecurityGroups","resourceName":"vm1NSG"},{"id":"/subscriptions/00000000-0000-0000-0000-000000000000/resourceGroups/cli_test_os_disk_size000001/providers/Microsoft.Network/publicIPAddresses/vm1PublicIP","resourceType":"Microsoft.Network/publicIPAddresses","resourceName":"vm1PublicIP"}],"id":"/subscriptions/00000000-0000-0000-0000-000000000000/resourceGroups/cli_test_os_disk_size000001/providers/Microsoft.Network/networkInterfaces/vm1VMNic","resourceType":"Microsoft.Network/networkInterfaces","resourceName":"vm1VMNic"},{"dependsOn":[{"id":"/subscriptions/00000000-0000-0000-0000-000000000000/resourceGroups/cli_test_os_disk_size000001/providers/Microsoft.Network/networkInterfaces/vm1VMNic","resourceType":"Microsoft.Network/networkInterfaces","resourceName":"vm1VMNic"}],"id":"/subscriptions/00000000-0000-0000-0000-000000000000/resourceGroups/cli_test_os_disk_size000001/providers/Microsoft.Compute/virtualMachines/vm1","resourceType":"Microsoft.Compute/virtualMachines","resourceName":"vm1"}]}}'}
    headers:
      azure-asyncoperation: ['https://management.azure.com/subscriptions/00000000-0000-0000-0000-000000000000/resourcegroups/cli_test_os_disk_size000001/providers/Microsoft.Resources/deployments/vm_deploy_llFC3cnkTV8Sl87w4Tl82pIoH9C0Z2Sd/operationStatuses/08586879491493267407?api-version=2017-05-10']
      cache-control: [no-cache]
      content-length: ['2363']
      content-type: [application/json; charset=utf-8]
      date: ['Tue, 19 Dec 2017 04:28:56 GMT']
      expires: ['-1']
      pragma: [no-cache]
      strict-transport-security: [max-age=31536000; includeSubDomains]
      x-ms-ratelimit-remaining-subscription-writes: ['1188']
    status: {code: 201, message: Created}
- request:
    body: null
    headers:
      Accept: [application/json]
      Accept-Encoding: ['gzip, deflate']
      CommandName: [vm create]
      Connection: [keep-alive]
      Content-Type: [application/json; charset=utf-8]
      User-Agent: [python/3.5.3 (Windows-10-10.0.16299-SP0) requests/2.18.4 msrest/0.4.22
          msrest_azure/0.4.19 resourcemanagementclient/1.2.1 Azure-SDK-For-Python
          AZURECLI/2.0.24]
      accept-language: [en-US]
    method: GET
    uri: https://management.azure.com/subscriptions/00000000-0000-0000-0000-000000000000/resourcegroups/cli_test_os_disk_size000001/providers/Microsoft.Resources/deployments/mock-deployment/operationStatuses/08586879491493267407?api-version=2017-05-10
  response:
    body: {string: '{"status":"Running"}'}
    headers:
      cache-control: [no-cache]
      content-length: ['20']
      content-type: [application/json; charset=utf-8]
      date: ['Tue, 19 Dec 2017 04:29:27 GMT']
      expires: ['-1']
      pragma: [no-cache]
      strict-transport-security: [max-age=31536000; includeSubDomains]
      vary: [Accept-Encoding]
    status: {code: 200, message: OK}
- request:
    body: null
    headers:
      Accept: [application/json]
      Accept-Encoding: ['gzip, deflate']
      CommandName: [vm create]
      Connection: [keep-alive]
      Content-Type: [application/json; charset=utf-8]
      User-Agent: [python/3.5.3 (Windows-10-10.0.16299-SP0) requests/2.18.4 msrest/0.4.22
          msrest_azure/0.4.19 resourcemanagementclient/1.2.1 Azure-SDK-For-Python
          AZURECLI/2.0.24]
      accept-language: [en-US]
    method: GET
    uri: https://management.azure.com/subscriptions/00000000-0000-0000-0000-000000000000/resourcegroups/cli_test_os_disk_size000001/providers/Microsoft.Resources/deployments/mock-deployment/operationStatuses/08586879491493267407?api-version=2017-05-10
  response:
    body: {string: '{"status":"Running"}'}
    headers:
      cache-control: [no-cache]
      content-length: ['20']
      content-type: [application/json; charset=utf-8]
      date: ['Tue, 19 Dec 2017 04:29:57 GMT']
      expires: ['-1']
      pragma: [no-cache]
      strict-transport-security: [max-age=31536000; includeSubDomains]
      vary: [Accept-Encoding]
    status: {code: 200, message: OK}
- request:
    body: null
    headers:
      Accept: [application/json]
      Accept-Encoding: ['gzip, deflate']
      CommandName: [vm create]
      Connection: [keep-alive]
      Content-Type: [application/json; charset=utf-8]
      User-Agent: [python/3.5.3 (Windows-10-10.0.16299-SP0) requests/2.18.4 msrest/0.4.22
          msrest_azure/0.4.19 resourcemanagementclient/1.2.1 Azure-SDK-For-Python
          AZURECLI/2.0.24]
      accept-language: [en-US]
    method: GET
    uri: https://management.azure.com/subscriptions/00000000-0000-0000-0000-000000000000/resourcegroups/cli_test_os_disk_size000001/providers/Microsoft.Resources/deployments/mock-deployment/operationStatuses/08586879491493267407?api-version=2017-05-10
  response:
    body: {string: '{"status":"Running"}'}
    headers:
      cache-control: [no-cache]
      content-length: ['20']
      content-type: [application/json; charset=utf-8]
      date: ['Tue, 19 Dec 2017 04:30:28 GMT']
      expires: ['-1']
      pragma: [no-cache]
      strict-transport-security: [max-age=31536000; includeSubDomains]
      vary: [Accept-Encoding]
    status: {code: 200, message: OK}
- request:
    body: null
    headers:
      Accept: [application/json]
      Accept-Encoding: ['gzip, deflate']
      CommandName: [vm create]
      Connection: [keep-alive]
      Content-Type: [application/json; charset=utf-8]
      User-Agent: [python/3.5.3 (Windows-10-10.0.16299-SP0) requests/2.18.4 msrest/0.4.22
          msrest_azure/0.4.19 resourcemanagementclient/1.2.1 Azure-SDK-For-Python
          AZURECLI/2.0.24]
      accept-language: [en-US]
    method: GET
    uri: https://management.azure.com/subscriptions/00000000-0000-0000-0000-000000000000/resourcegroups/cli_test_os_disk_size000001/providers/Microsoft.Resources/deployments/mock-deployment/operationStatuses/08586879491493267407?api-version=2017-05-10
  response:
    body: {string: '{"status":"Succeeded"}'}
    headers:
      cache-control: [no-cache]
      content-length: ['22']
      content-type: [application/json; charset=utf-8]
      date: ['Tue, 19 Dec 2017 04:30:58 GMT']
      expires: ['-1']
      pragma: [no-cache]
      strict-transport-security: [max-age=31536000; includeSubDomains]
      vary: [Accept-Encoding]
    status: {code: 200, message: OK}
- request:
    body: null
    headers:
      Accept: [application/json]
      Accept-Encoding: ['gzip, deflate']
      CommandName: [vm create]
      Connection: [keep-alive]
      Content-Type: [application/json; charset=utf-8]
      User-Agent: [python/3.5.3 (Windows-10-10.0.16299-SP0) requests/2.18.4 msrest/0.4.22
          msrest_azure/0.4.19 resourcemanagementclient/1.2.1 Azure-SDK-For-Python
          AZURECLI/2.0.24]
      accept-language: [en-US]
    method: GET
    uri: https://management.azure.com/subscriptions/00000000-0000-0000-0000-000000000000/resourcegroups/cli_test_os_disk_size000001/providers/Microsoft.Resources/deployments/mock-deployment?api-version=2017-05-10
  response:
    body: {string: '{"id":"/subscriptions/00000000-0000-0000-0000-000000000000/resourceGroups/cli_test_os_disk_size000001/providers/Microsoft.Resources/deployments/vm_deploy_llFC3cnkTV8Sl87w4Tl82pIoH9C0Z2Sd","name":"vm_deploy_llFC3cnkTV8Sl87w4Tl82pIoH9C0Z2Sd","properties":{"templateHash":"9083026762063975442","parameters":{},"mode":"Incremental","provisioningState":"Succeeded","timestamp":"2017-12-19T04:30:50.1190433Z","duration":"PT1M53.9681618S","correlationId":"a49d4f4f-8010-4d60-b609-7c910fe32cdc","providers":[{"namespace":"Microsoft.Network","resourceTypes":[{"resourceType":"networkSecurityGroups","locations":["westus"]},{"resourceType":"publicIPAddresses","locations":["westus"]},{"resourceType":"networkInterfaces","locations":["westus"]}]},{"namespace":"Microsoft.Compute","resourceTypes":[{"resourceType":"virtualMachines","locations":["westus"]}]}],"dependencies":[{"dependsOn":[{"id":"/subscriptions/00000000-0000-0000-0000-000000000000/resourceGroups/cli_test_os_disk_size000001/providers/Microsoft.Network/networkSecurityGroups/vm1NSG","resourceType":"Microsoft.Network/networkSecurityGroups","resourceName":"vm1NSG"},{"id":"/subscriptions/00000000-0000-0000-0000-000000000000/resourceGroups/cli_test_os_disk_size000001/providers/Microsoft.Network/publicIPAddresses/vm1PublicIP","resourceType":"Microsoft.Network/publicIPAddresses","resourceName":"vm1PublicIP"}],"id":"/subscriptions/00000000-0000-0000-0000-000000000000/resourceGroups/cli_test_os_disk_size000001/providers/Microsoft.Network/networkInterfaces/vm1VMNic","resourceType":"Microsoft.Network/networkInterfaces","resourceName":"vm1VMNic"},{"dependsOn":[{"id":"/subscriptions/00000000-0000-0000-0000-000000000000/resourceGroups/cli_test_os_disk_size000001/providers/Microsoft.Network/networkInterfaces/vm1VMNic","resourceType":"Microsoft.Network/networkInterfaces","resourceName":"vm1VMNic"}],"id":"/subscriptions/00000000-0000-0000-0000-000000000000/resourceGroups/cli_test_os_disk_size000001/providers/Microsoft.Compute/virtualMachines/vm1","resourceType":"Microsoft.Compute/virtualMachines","resourceName":"vm1"}],"outputs":{},"outputResources":[{"id":"/subscriptions/00000000-0000-0000-0000-000000000000/resourceGroups/cli_test_os_disk_size000001/providers/Microsoft.Compute/virtualMachines/vm1"},{"id":"/subscriptions/00000000-0000-0000-0000-000000000000/resourceGroups/cli_test_os_disk_size000001/providers/Microsoft.Network/networkInterfaces/vm1VMNic"},{"id":"/subscriptions/00000000-0000-0000-0000-000000000000/resourceGroups/cli_test_os_disk_size000001/providers/Microsoft.Network/networkSecurityGroups/vm1NSG"},{"id":"/subscriptions/00000000-0000-0000-0000-000000000000/resourceGroups/cli_test_os_disk_size000001/providers/Microsoft.Network/publicIPAddresses/vm1PublicIP"}]}}'}
    headers:
      cache-control: [no-cache]
      content-length: ['3226']
      content-type: [application/json; charset=utf-8]
      date: ['Tue, 19 Dec 2017 04:30:58 GMT']
      expires: ['-1']
      pragma: [no-cache]
      strict-transport-security: [max-age=31536000; includeSubDomains]
      vary: [Accept-Encoding]
    status: {code: 200, message: OK}
- request:
    body: null
    headers:
      Accept: [application/json]
      Accept-Encoding: ['gzip, deflate']
      CommandName: [vm create]
      Connection: [keep-alive]
      Content-Type: [application/json; charset=utf-8]
      User-Agent: [python/3.5.3 (Windows-10-10.0.16299-SP0) requests/2.18.4 msrest/0.4.22
          msrest_azure/0.4.19 computemanagementclient/3.1.0rc2 Azure-SDK-For-Python
          AZURECLI/2.0.24]
      accept-language: [en-US]
    method: GET
    uri: https://management.azure.com/subscriptions/00000000-0000-0000-0000-000000000000/resourceGroups/cli_test_os_disk_size000001/providers/Microsoft.Compute/virtualMachines/vm1?$expand=instanceView&api-version=2017-12-01
  response:
    body: {string: "{\r\n  \"properties\": {\r\n    \"vmId\": \"88308092-1e81-4aba-8a20-a0d61913ee31\"\
        ,\r\n    \"hardwareProfile\": {\r\n      \"vmSize\": \"Standard_DS1_v2\"\r\
        \n    },\r\n    \"storageProfile\": {\r\n      \"imageReference\": {\r\n \
        \       \"publisher\": \"OpenLogic\",\r\n        \"offer\": \"CentOS\",\r\n\
        \        \"sku\": \"7.3\",\r\n        \"version\": \"latest\"\r\n      },\r\
        \n      \"osDisk\": {\r\n        \"osType\": \"Linux\",\r\n        \"name\"\
        : \"vm1_OsDisk_1_87de96821c2649d89bd8fcebba5de0f7\",\r\n        \"createOption\"\
        : \"FromImage\",\r\n        \"caching\": \"ReadWrite\",\r\n        \"managedDisk\"\
        : {\r\n          \"storageAccountType\": \"Premium_LRS\",\r\n          \"\
        id\": \"/subscriptions/00000000-0000-0000-0000-000000000000/resourceGroups/cli_test_os_disk_size000001/providers/Microsoft.Compute/disks/vm1_OsDisk_1_87de96821c2649d89bd8fcebba5de0f7\"\
        \r\n        },\r\n        \"diskSizeGB\": 75\r\n      },\r\n      \"dataDisks\"\
        : []\r\n    },\r\n    \"osProfile\": {\r\n      \"computerName\": \"vm1\"\
        ,\r\n      \"adminUsername\": \"centosadmin\",\r\n      \"linuxConfiguration\"\
        : {\r\n        \"disablePasswordAuthentication\": false\r\n      },\r\n  \
        \    \"secrets\": []\r\n    },\r\n    \"networkProfile\": {\"networkInterfaces\"\
        :[{\"id\":\"/subscriptions/00000000-0000-0000-0000-000000000000/resourceGroups/cli_test_os_disk_size000001/providers/Microsoft.Network/networkInterfaces/vm1VMNic\"\
        }]},\r\n    \"provisioningState\": \"Succeeded\",\r\n    \"instanceView\"\
        : {\r\n      \"computerName\": \"vm1\",\r\n      \"osName\": \"centos\",\r\
        \n      \"osVersion\": \"7.3.1611\",\r\n      \"vmAgent\": {\r\n        \"\
        vmAgentVersion\": \"2.2.19\",\r\n        \"statuses\": [\r\n          {\r\n\
        \            \"code\": \"ProvisioningState/succeeded\",\r\n            \"\
        level\": \"Info\",\r\n            \"displayStatus\": \"Ready\",\r\n      \
        \      \"message\": \"Guest Agent is running\",\r\n            \"time\": \"\
        2017-12-19T04:30:56+00:00\"\r\n          }\r\n        ],\r\n        \"extensionHandlers\"\
        : []\r\n      },\r\n      \"disks\": [\r\n        {\r\n          \"name\"\
        : \"vm1_OsDisk_1_87de96821c2649d89bd8fcebba5de0f7\",\r\n          \"statuses\"\
        : [\r\n            {\r\n              \"code\": \"ProvisioningState/succeeded\"\
        ,\r\n              \"level\": \"Info\",\r\n              \"displayStatus\"\
        : \"Provisioning succeeded\",\r\n              \"time\": \"2017-12-19T04:29:15.4906478+00:00\"\
        \r\n            }\r\n          ]\r\n        }\r\n      ],\r\n      \"statuses\"\
        : [\r\n        {\r\n          \"code\": \"ProvisioningState/succeeded\",\r\
        \n          \"level\": \"Info\",\r\n          \"displayStatus\": \"Provisioning\
        \ succeeded\",\r\n          \"time\": \"2017-12-19T04:30:38.2562958+00:00\"\
        \r\n        },\r\n        {\r\n          \"code\": \"PowerState/running\"\
        ,\r\n          \"level\": \"Info\",\r\n          \"displayStatus\": \"VM running\"\
        \r\n        }\r\n      ]\r\n    }\r\n  },\r\n  \"type\": \"Microsoft.Compute/virtualMachines\"\
        ,\r\n  \"location\": \"westus\",\r\n  \"tags\": {},\r\n  \"id\": \"/subscriptions/00000000-0000-0000-0000-000000000000/resourceGroups/cli_test_os_disk_size000001/providers/Microsoft.Compute/virtualMachines/vm1\"\
        ,\r\n  \"name\": \"vm1\"\r\n}"}
    headers:
      cache-control: [no-cache]
      content-length: ['2977']
      content-type: [application/json; charset=utf-8]
      date: ['Tue, 19 Dec 2017 04:30:59 GMT']
      expires: ['-1']
      pragma: [no-cache]
      server: [Microsoft-HTTPAPI/2.0, Microsoft-HTTPAPI/2.0]
      strict-transport-security: [max-age=31536000; includeSubDomains]
      transfer-encoding: [chunked]
      vary: [Accept-Encoding]
      x-ms-ratelimit-remaining-resource: ['Microsoft.Compute/LowCostGet3Min;4956,Microsoft.Compute/LowCostGet30Min;39848']
    status: {code: 200, message: OK}
- request:
    body: null
    headers:
      Accept: [application/json]
      Accept-Encoding: ['gzip, deflate']
      CommandName: [vm create]
      Connection: [keep-alive]
      Content-Type: [application/json; charset=utf-8]
      User-Agent: [python/3.5.3 (Windows-10-10.0.16299-SP0) requests/2.18.4 msrest/0.4.22
          msrest_azure/0.4.19 networkmanagementclient/1.7.0 Azure-SDK-For-Python AZURECLI/2.0.24]
      accept-language: [en-US]
    method: GET
    uri: https://management.azure.com/subscriptions/00000000-0000-0000-0000-000000000000/resourceGroups/cli_test_os_disk_size000001/providers/Microsoft.Network/networkInterfaces/vm1VMNic?api-version=2017-11-01
  response:
    body: {string: "{\r\n  \"name\": \"vm1VMNic\",\r\n  \"id\": \"/subscriptions/00000000-0000-0000-0000-000000000000/resourceGroups/cli_test_os_disk_size000001/providers/Microsoft.Network/networkInterfaces/vm1VMNic\"\
        ,\r\n  \"etag\": \"W/\\\"21e416bf-e1c6-495d-97f8-9fc7e3167544\\\"\",\r\n \
        \ \"location\": \"westus\",\r\n  \"tags\": {},\r\n  \"properties\": {\r\n\
        \    \"provisioningState\": \"Succeeded\",\r\n    \"resourceGuid\": \"bfd25d5e-fbd8-4472-adbe-f876d595b97b\"\
        ,\r\n    \"ipConfigurations\": [\r\n      {\r\n        \"name\": \"ipconfigvm1\"\
        ,\r\n        \"id\": \"/subscriptions/00000000-0000-0000-0000-000000000000/resourceGroups/cli_test_os_disk_size000001/providers/Microsoft.Network/networkInterfaces/vm1VMNic/ipConfigurations/ipconfigvm1\"\
        ,\r\n        \"etag\": \"W/\\\"21e416bf-e1c6-495d-97f8-9fc7e3167544\\\"\"\
        ,\r\n        \"properties\": {\r\n          \"provisioningState\": \"Succeeded\"\
        ,\r\n          \"privateIPAddress\": \"10.0.0.5\",\r\n          \"privateIPAllocationMethod\"\
        : \"Dynamic\",\r\n          \"publicIPAddress\": {\r\n            \"id\":\
        \ \"/subscriptions/00000000-0000-0000-0000-000000000000/resourceGroups/cli_test_os_disk_size000001/providers/Microsoft.Network/publicIPAddresses/vm1PublicIP\"\
        \r\n          },\r\n          \"subnet\": {\r\n            \"id\": \"/subscriptions/00000000-0000-0000-0000-000000000000/resourceGroups/cli_test_os_disk_size000001/providers/Microsoft.Network/virtualNetworks/vmVNET/subnets/vmSubnet\"\
        \r\n          },\r\n          \"primary\": true,\r\n          \"privateIPAddressVersion\"\
        : \"IPv4\"\r\n        }\r\n      }\r\n    ],\r\n    \"dnsSettings\": {\r\n\
        \      \"dnsServers\": [],\r\n      \"appliedDnsServers\": [],\r\n      \"\
        internalDomainNameSuffix\": \"lnfskfty4ahuze4mszrvuq5hsh.dx.internal.cloudapp.net\"\
        \r\n    },\r\n    \"macAddress\": \"00-0D-3A-34-91-94\",\r\n    \"enableAcceleratedNetworking\"\
        : false,\r\n    \"enableIPForwarding\": false,\r\n    \"networkSecurityGroup\"\
        : {\r\n      \"id\": \"/subscriptions/00000000-0000-0000-0000-000000000000/resourceGroups/cli_test_os_disk_size000001/providers/Microsoft.Network/networkSecurityGroups/vm1NSG\"\
        \r\n    },\r\n    \"primary\": true,\r\n    \"virtualMachine\": {\r\n    \
        \  \"id\": \"/subscriptions/00000000-0000-0000-0000-000000000000/resourceGroups/cli_test_os_disk_size000001/providers/Microsoft.Compute/virtualMachines/vm1\"\
        \r\n    },\r\n    \"virtualNetworkTapProvisioningState\": \"NotProvisioned\"\
        \r\n  },\r\n  \"type\": \"Microsoft.Network/networkInterfaces\"\r\n}"}
    headers:
      cache-control: [no-cache]
      content-length: ['2554']
      content-type: [application/json; charset=utf-8]
      date: ['Tue, 19 Dec 2017 04:30:59 GMT']
      etag: [W/"21e416bf-e1c6-495d-97f8-9fc7e3167544"]
      expires: ['-1']
      pragma: [no-cache]
      server: [Microsoft-HTTPAPI/2.0, Microsoft-HTTPAPI/2.0]
      strict-transport-security: [max-age=31536000; includeSubDomains]
      transfer-encoding: [chunked]
      vary: [Accept-Encoding]
    status: {code: 200, message: OK}
- request:
    body: null
    headers:
      Accept: [application/json]
      Accept-Encoding: ['gzip, deflate']
      CommandName: [vm create]
      Connection: [keep-alive]
      Content-Type: [application/json; charset=utf-8]
      User-Agent: [python/3.5.3 (Windows-10-10.0.16299-SP0) requests/2.18.4 msrest/0.4.22
          msrest_azure/0.4.19 networkmanagementclient/1.7.0 Azure-SDK-For-Python AZURECLI/2.0.24]
      accept-language: [en-US]
    method: GET
    uri: https://management.azure.com/subscriptions/00000000-0000-0000-0000-000000000000/resourceGroups/cli_test_os_disk_size000001/providers/Microsoft.Network/publicIPAddresses/vm1PublicIP?api-version=2017-11-01
  response:
    body: {string: "{\r\n  \"name\": \"vm1PublicIP\",\r\n  \"id\": \"/subscriptions/00000000-0000-0000-0000-000000000000/resourceGroups/cli_test_os_disk_size000001/providers/Microsoft.Network/publicIPAddresses/vm1PublicIP\"\
        ,\r\n  \"etag\": \"W/\\\"773af50f-8ca1-44dc-99d4-db3ead4ca50c\\\"\",\r\n \
        \ \"location\": \"westus\",\r\n  \"tags\": {},\r\n  \"properties\": {\r\n\
        \    \"provisioningState\": \"Succeeded\",\r\n    \"resourceGuid\": \"1ee7322e-1121-4139-9462-3576317e02a7\"\
        ,\r\n    \"ipAddress\": \"104.209.46.190\",\r\n    \"publicIPAddressVersion\"\
        : \"IPv4\",\r\n    \"publicIPAllocationMethod\": \"Dynamic\",\r\n    \"idleTimeoutInMinutes\"\
        : 4,\r\n    \"ipTags\": [],\r\n    \"ipConfiguration\": {\r\n      \"id\"\
        : \"/subscriptions/00000000-0000-0000-0000-000000000000/resourceGroups/cli_test_os_disk_size000001/providers/Microsoft.Network/networkInterfaces/vm1VMNic/ipConfigurations/ipconfigvm1\"\
        \r\n    }\r\n  },\r\n  \"type\": \"Microsoft.Network/publicIPAddresses\",\r\
        \n  \"sku\": {\r\n    \"name\": \"Basic\"\r\n  }\r\n}"}
    headers:
      cache-control: [no-cache]
      content-length: ['998']
      content-type: [application/json; charset=utf-8]
      date: ['Tue, 19 Dec 2017 04:31:00 GMT']
      etag: [W/"773af50f-8ca1-44dc-99d4-db3ead4ca50c"]
      expires: ['-1']
      pragma: [no-cache]
      server: [Microsoft-HTTPAPI/2.0, Microsoft-HTTPAPI/2.0]
      strict-transport-security: [max-age=31536000; includeSubDomains]
      transfer-encoding: [chunked]
      vary: [Accept-Encoding]
    status: {code: 200, message: OK}
- request:
    body: null
    headers:
      Accept: [application/json]
      Accept-Encoding: ['gzip, deflate']
      CommandName: [vm show]
      Connection: [keep-alive]
      Content-Type: [application/json; charset=utf-8]
      User-Agent: [python/3.5.3 (Windows-10-10.0.16299-SP0) requests/2.18.4 msrest/0.4.22
          msrest_azure/0.4.19 computemanagementclient/3.1.0rc2 Azure-SDK-For-Python
          AZURECLI/2.0.24]
      accept-language: [en-US]
    method: GET
    uri: https://management.azure.com/subscriptions/00000000-0000-0000-0000-000000000000/resourceGroups/cli_test_os_disk_size000001/providers/Microsoft.Compute/virtualMachines/vm1?api-version=2017-12-01
  response:
    body: {string: "{\r\n  \"properties\": {\r\n    \"vmId\": \"88308092-1e81-4aba-8a20-a0d61913ee31\"\
        ,\r\n    \"hardwareProfile\": {\r\n      \"vmSize\": \"Standard_DS1_v2\"\r\
        \n    },\r\n    \"storageProfile\": {\r\n      \"imageReference\": {\r\n \
        \       \"publisher\": \"OpenLogic\",\r\n        \"offer\": \"CentOS\",\r\n\
        \        \"sku\": \"7.3\",\r\n        \"version\": \"latest\"\r\n      },\r\
        \n      \"osDisk\": {\r\n        \"osType\": \"Linux\",\r\n        \"name\"\
        : \"vm1_OsDisk_1_87de96821c2649d89bd8fcebba5de0f7\",\r\n        \"createOption\"\
        : \"FromImage\",\r\n        \"caching\": \"ReadWrite\",\r\n        \"managedDisk\"\
        : {\r\n          \"storageAccountType\": \"Premium_LRS\",\r\n          \"\
        id\": \"/subscriptions/00000000-0000-0000-0000-000000000000/resourceGroups/cli_test_os_disk_size000001/providers/Microsoft.Compute/disks/vm1_OsDisk_1_87de96821c2649d89bd8fcebba5de0f7\"\
        \r\n        },\r\n        \"diskSizeGB\": 75\r\n      },\r\n      \"dataDisks\"\
        : []\r\n    },\r\n    \"osProfile\": {\r\n      \"computerName\": \"vm1\"\
        ,\r\n      \"adminUsername\": \"centosadmin\",\r\n      \"linuxConfiguration\"\
        : {\r\n        \"disablePasswordAuthentication\": false\r\n      },\r\n  \
        \    \"secrets\": []\r\n    },\r\n    \"networkProfile\": {\"networkInterfaces\"\
        :[{\"id\":\"/subscriptions/00000000-0000-0000-0000-000000000000/resourceGroups/cli_test_os_disk_size000001/providers/Microsoft.Network/networkInterfaces/vm1VMNic\"\
        }]},\r\n    \"provisioningState\": \"Succeeded\"\r\n  },\r\n  \"type\": \"\
        Microsoft.Compute/virtualMachines\",\r\n  \"location\": \"westus\",\r\n  \"\
        tags\": {},\r\n  \"id\": \"/subscriptions/00000000-0000-0000-0000-000000000000/resourceGroups/cli_test_os_disk_size000001/providers/Microsoft.Compute/virtualMachines/vm1\"\
        ,\r\n  \"name\": \"vm1\"\r\n}"}
    headers:
      cache-control: [no-cache]
      content-length: ['1715']
      content-type: [application/json; charset=utf-8]
      date: ['Tue, 19 Dec 2017 04:31:00 GMT']
      expires: ['-1']
      pragma: [no-cache]
      server: [Microsoft-HTTPAPI/2.0, Microsoft-HTTPAPI/2.0]
      strict-transport-security: [max-age=31536000; includeSubDomains]
      transfer-encoding: [chunked]
      vary: [Accept-Encoding]
      x-ms-ratelimit-remaining-resource: ['Microsoft.Compute/LowCostGet3Min;4955,Microsoft.Compute/LowCostGet30Min;39847']
    status: {code: 200, message: OK}
- request:
    body: null
    headers:
      Accept: [application/json]
      Accept-Encoding: ['gzip, deflate']
      CommandName: [group delete]
      Connection: [keep-alive]
      Content-Length: ['0']
      Content-Type: [application/json; charset=utf-8]
      User-Agent: [python/3.5.3 (Windows-10-10.0.16299-SP0) requests/2.18.4 msrest/0.4.22
          msrest_azure/0.4.19 resourcemanagementclient/1.2.1 Azure-SDK-For-Python
          AZURECLI/2.0.24]
      accept-language: [en-US]
    method: DELETE
    uri: https://management.azure.com/subscriptions/00000000-0000-0000-0000-000000000000/resourcegroups/cli_test_os_disk_size000001?api-version=2017-05-10
  response:
    body: {string: ''}
    headers:
      cache-control: [no-cache]
      content-length: ['0']
      date: ['Tue, 19 Dec 2017 04:31:01 GMT']
      expires: ['-1']
      location: ['https://management.azure.com/subscriptions/00000000-0000-0000-0000-000000000000/operationresults/eyJqb2JJZCI6IlJFU09VUkNFR1JPVVBERUxFVElPTkpPQi1DTEk6NUZURVNUOjVGT1M6NUZESVNLOjVGU0laRVNYV1g1Sk00NDNIQUZGNFRJNnxGMDc2Mjc3NDI5NDM2NTU2LVdFU1RVUyIsImpvYkxvY2F0aW9uIjoid2VzdHVzIn0?api-version=2017-05-10']
      pragma: [no-cache]
      strict-transport-security: [max-age=31536000; includeSubDomains]
      x-ms-ratelimit-remaining-subscription-writes: ['1187']
    status: {code: 202, message: Accepted}
version: 1
