interactions:
- request:
    body: null
    headers:
      Accept: [application/json]
      Accept-Encoding: ['gzip, deflate']
      Connection: [keep-alive]
      Content-Type: [application/json; charset=utf-8]
      User-Agent: [python/3.5.3 (Windows-10-10.0.15063-SP0) requests/2.9.1 msrest/0.4.11
          msrest_azure/0.4.11 networkmanagementclient/1.1.0 Azure-SDK-For-Python AZURECLI/TEST/2.0.10+dev]
      accept-language: [en-US]
      x-ms-client-request-id: [6ddf9fe2-5df1-11e7-b936-64510658e3b3]
    method: GET
    uri: https://management.azure.com/subscriptions/00000000-0000-0000-0000-000000000000/resourceGroups/cli_test_vmss_nics/providers/microsoft.Compute/virtualMachineScaleSets/vmss1/networkInterfaces?api-version=2016-09-01
  response:
    body: {string: "{\r\n  \"value\": [\r\n    {\r\n      \"name\": \"vmss11c00Nic\"\
        ,\r\n      \"id\": \"/subscriptions/00000000-0000-0000-0000-000000000000/resourceGroups/cli_test_vmss_nics/providers/Microsoft.Compute/virtualMachineScaleSets/vmss1/virtualMachines/0/networkInterfaces/vmss11c00Nic\"\
        ,\r\n      \"etag\": \"W/\\\"bba98818-ffb1-4d75-b9a8-b0c96cf6fdcc\\\"\",\r\
        \n      \"properties\": {\r\n        \"provisioningState\": \"Succeeded\"\
        ,\r\n        \"resourceGuid\": \"de8befa6-6536-4ab5-985a-57a08e8649c2\",\r\
        \n        \"ipConfigurations\": [\r\n          {\r\n            \"name\":\
        \ \"vmss11c00IPConfig\",\r\n            \"id\": \"/subscriptions/00000000-0000-0000-0000-000000000000/resourceGroups/cli_test_vmss_nics/providers/Microsoft.Compute/virtualMachineScaleSets/vmss1/virtualMachines/0/networkInterfaces/vmss11c00Nic/ipConfigurations/vmss11c00IPConfig\"\
        ,\r\n            \"etag\": \"W/\\\"bba98818-ffb1-4d75-b9a8-b0c96cf6fdcc\\\"\
        \",\r\n            \"properties\": {\r\n              \"provisioningState\"\
        : \"Succeeded\",\r\n              \"privateIPAddress\": \"10.0.0.4\",\r\n\
        \              \"privateIPAllocationMethod\": \"Dynamic\",\r\n           \
        \   \"subnet\": {\r\n                \"id\": \"/subscriptions/00000000-0000-0000-0000-000000000000/resourceGroups/cli_test_vmss_nics/providers/Microsoft.Network/virtualNetworks/vmss1VNET/subnets/vmss1Subnet\"\
        \r\n              },\r\n              \"primary\": true,\r\n             \
        \ \"privateIPAddressVersion\": \"IPv4\",\r\n              \"loadBalancerBackendAddressPools\"\
        : [\r\n                {\r\n                  \"id\": \"/subscriptions/00000000-0000-0000-0000-000000000000/resourceGroups/cli_test_vmss_nics/providers/Microsoft.Network/loadBalancers/vmss1LB/backendAddressPools/vmss1LBBEPool\"\
        \r\n                }\r\n              ],\r\n              \"loadBalancerInboundNatRules\"\
        : [\r\n                {\r\n                  \"id\": \"/subscriptions/00000000-0000-0000-0000-000000000000/resourceGroups/cli_test_vmss_nics/providers/Microsoft.Network/loadBalancers/vmss1LB/inboundNatRules/vmss1LBNatPool.0\"\
        \r\n                }\r\n              ]\r\n            }\r\n          }\r\
        \n        ],\r\n        \"dnsSettings\": {\r\n          \"dnsServers\": [],\r\
        \n          \"appliedDnsServers\": [],\r\n          \"internalDomainNameSuffix\"\
        : \"2rcsuglkksfurarsdcqueceerb.dx.internal.cloudapp.net\"\r\n        },\r\n\
        \        \"macAddress\": \"00-0D-3A-34-2F-8E\",\r\n        \"enableAcceleratedNetworking\"\
        : false,\r\n        \"enableIPForwarding\": false,\r\n        \"primary\"\
        : true,\r\n        \"virtualMachine\": {\r\n          \"id\": \"/subscriptions/00000000-0000-0000-0000-000000000000/resourceGroups/cli_test_vmss_nics/providers/Microsoft.Compute/virtualMachineScaleSets/vmss1/virtualMachines/0\"\
        \r\n        }\r\n      }\r\n    },\r\n    {\r\n      \"name\": \"vmss11c00Nic\"\
        ,\r\n      \"id\": \"/subscriptions/00000000-0000-0000-0000-000000000000/resourceGroups/cli_test_vmss_nics/providers/Microsoft.Compute/virtualMachineScaleSets/vmss1/virtualMachines/1/networkInterfaces/vmss11c00Nic\"\
        ,\r\n      \"etag\": \"W/\\\"e95ee4ef-882d-4a9f-9f84-d2e0b8446928\\\"\",\r\
        \n      \"properties\": {\r\n        \"provisioningState\": \"Succeeded\"\
        ,\r\n        \"resourceGuid\": \"e69ce506-ddec-46a0-8f25-4f4507e6d354\",\r\
        \n        \"ipConfigurations\": [\r\n          {\r\n            \"name\":\
        \ \"vmss11c00IPConfig\",\r\n            \"id\": \"/subscriptions/00000000-0000-0000-0000-000000000000/resourceGroups/cli_test_vmss_nics/providers/Microsoft.Compute/virtualMachineScaleSets/vmss1/virtualMachines/1/networkInterfaces/vmss11c00Nic/ipConfigurations/vmss11c00IPConfig\"\
        ,\r\n            \"etag\": \"W/\\\"e95ee4ef-882d-4a9f-9f84-d2e0b8446928\\\"\
        \",\r\n            \"properties\": {\r\n              \"provisioningState\"\
        : \"Succeeded\",\r\n              \"privateIPAddress\": \"10.0.0.5\",\r\n\
        \              \"privateIPAllocationMethod\": \"Dynamic\",\r\n           \
        \   \"subnet\": {\r\n                \"id\": \"/subscriptions/00000000-0000-0000-0000-000000000000/resourceGroups/cli_test_vmss_nics/providers/Microsoft.Network/virtualNetworks/vmss1VNET/subnets/vmss1Subnet\"\
        \r\n              },\r\n              \"primary\": true,\r\n             \
        \ \"privateIPAddressVersion\": \"IPv4\",\r\n              \"loadBalancerBackendAddressPools\"\
        : [\r\n                {\r\n                  \"id\": \"/subscriptions/00000000-0000-0000-0000-000000000000/resourceGroups/cli_test_vmss_nics/providers/Microsoft.Network/loadBalancers/vmss1LB/backendAddressPools/vmss1LBBEPool\"\
        \r\n                }\r\n              ],\r\n              \"loadBalancerInboundNatRules\"\
        : [\r\n                {\r\n                  \"id\": \"/subscriptions/00000000-0000-0000-0000-000000000000/resourceGroups/cli_test_vmss_nics/providers/Microsoft.Network/loadBalancers/vmss1LB/inboundNatRules/vmss1LBNatPool.1\"\
        \r\n                }\r\n              ]\r\n            }\r\n          }\r\
        \n        ],\r\n        \"dnsSettings\": {\r\n          \"dnsServers\": [],\r\
        \n          \"appliedDnsServers\": []\r\n        },\r\n        \"macAddress\"\
        : \"00-0D-3A-34-2C-60\",\r\n        \"enableAcceleratedNetworking\": false,\r\
        \n        \"enableIPForwarding\": false,\r\n        \"virtualMachine\": {\r\
        \n          \"id\": \"/subscriptions/00000000-0000-0000-0000-000000000000/resourceGroups/cli_test_vmss_nics/providers/Microsoft.Compute/virtualMachineScaleSets/vmss1/virtualMachines/1\"\
        \r\n        }\r\n      }\r\n    },\r\n    {\r\n      \"name\": \"vmss11c00Nic\"\
        ,\r\n      \"id\": \"/subscriptions/00000000-0000-0000-0000-000000000000/resourceGroups/cli_test_vmss_nics/providers/Microsoft.Compute/virtualMachineScaleSets/vmss1/virtualMachines/2/networkInterfaces/vmss11c00Nic\"\
        ,\r\n      \"etag\": \"W/\\\"6a5afcd2-3f1b-42f0-b58e-ad1922a0b133\\\"\",\r\
        \n      \"properties\": {\r\n        \"provisioningState\": \"Succeeded\"\
        ,\r\n        \"resourceGuid\": \"6e40b654-2cb1-4cd9-9364-4a95f2719b54\",\r\
        \n        \"ipConfigurations\": [\r\n          {\r\n            \"name\":\
        \ \"vmss11c00IPConfig\",\r\n            \"id\": \"/subscriptions/00000000-0000-0000-0000-000000000000/resourceGroups/cli_test_vmss_nics/providers/Microsoft.Compute/virtualMachineScaleSets/vmss1/virtualMachines/2/networkInterfaces/vmss11c00Nic/ipConfigurations/vmss11c00IPConfig\"\
        ,\r\n            \"etag\": \"W/\\\"6a5afcd2-3f1b-42f0-b58e-ad1922a0b133\\\"\
        \",\r\n            \"properties\": {\r\n              \"provisioningState\"\
        : \"Succeeded\",\r\n              \"privateIPAddress\": \"10.0.0.6\",\r\n\
        \              \"privateIPAllocationMethod\": \"Dynamic\",\r\n           \
        \   \"subnet\": {\r\n                \"id\": \"/subscriptions/00000000-0000-0000-0000-000000000000/resourceGroups/cli_test_vmss_nics/providers/Microsoft.Network/virtualNetworks/vmss1VNET/subnets/vmss1Subnet\"\
        \r\n              },\r\n              \"primary\": true,\r\n             \
        \ \"privateIPAddressVersion\": \"IPv4\",\r\n              \"loadBalancerBackendAddressPools\"\
        : [\r\n                {\r\n                  \"id\": \"/subscriptions/00000000-0000-0000-0000-000000000000/resourceGroups/cli_test_vmss_nics/providers/Microsoft.Network/loadBalancers/vmss1LB/backendAddressPools/vmss1LBBEPool\"\
        \r\n                }\r\n              ],\r\n              \"loadBalancerInboundNatRules\"\
        : [\r\n                {\r\n                  \"id\": \"/subscriptions/00000000-0000-0000-0000-000000000000/resourceGroups/cli_test_vmss_nics/providers/Microsoft.Network/loadBalancers/vmss1LB/inboundNatRules/vmss1LBNatPool.2\"\
        \r\n                }\r\n              ]\r\n            }\r\n          }\r\
        \n        ],\r\n        \"dnsSettings\": {\r\n          \"dnsServers\": [],\r\
        \n          \"appliedDnsServers\": []\r\n        },\r\n        \"macAddress\"\
        : \"00-0D-3A-34-2C-B4\",\r\n        \"enableAcceleratedNetworking\": false,\r\
        \n        \"enableIPForwarding\": false,\r\n        \"virtualMachine\": {\r\
        \n          \"id\": \"/subscriptions/00000000-0000-0000-0000-000000000000/resourceGroups/cli_test_vmss_nics/providers/Microsoft.Compute/virtualMachineScaleSets/vmss1/virtualMachines/2\"\
        \r\n        }\r\n      }\r\n    },\r\n    {\r\n      \"name\": \"vmss11c00Nic\"\
        ,\r\n      \"id\": \"/subscriptions/00000000-0000-0000-0000-000000000000/resourceGroups/cli_test_vmss_nics/providers/Microsoft.Compute/virtualMachineScaleSets/vmss1/virtualMachines/3/networkInterfaces/vmss11c00Nic\"\
        ,\r\n      \"etag\": \"W/\\\"8a955226-750f-46e5-bcf6-df18c06cf11a\\\"\",\r\
        \n      \"properties\": {\r\n        \"provisioningState\": \"Succeeded\"\
        ,\r\n        \"resourceGuid\": \"0d9a75b2-533c-465b-b11a-49393213615b\",\r\
        \n        \"ipConfigurations\": [\r\n          {\r\n            \"name\":\
        \ \"vmss11c00IPConfig\",\r\n            \"id\": \"/subscriptions/00000000-0000-0000-0000-000000000000/resourceGroups/cli_test_vmss_nics/providers/Microsoft.Compute/virtualMachineScaleSets/vmss1/virtualMachines/3/networkInterfaces/vmss11c00Nic/ipConfigurations/vmss11c00IPConfig\"\
        ,\r\n            \"etag\": \"W/\\\"8a955226-750f-46e5-bcf6-df18c06cf11a\\\"\
        \",\r\n            \"properties\": {\r\n              \"provisioningState\"\
        : \"Succeeded\",\r\n              \"privateIPAddress\": \"10.0.0.7\",\r\n\
        \              \"privateIPAllocationMethod\": \"Dynamic\",\r\n           \
        \   \"subnet\": {\r\n                \"id\": \"/subscriptions/00000000-0000-0000-0000-000000000000/resourceGroups/cli_test_vmss_nics/providers/Microsoft.Network/virtualNetworks/vmss1VNET/subnets/vmss1Subnet\"\
        \r\n              },\r\n              \"primary\": true,\r\n             \
        \ \"privateIPAddressVersion\": \"IPv4\",\r\n              \"loadBalancerBackendAddressPools\"\
        : [\r\n                {\r\n                  \"id\": \"/subscriptions/00000000-0000-0000-0000-000000000000/resourceGroups/cli_test_vmss_nics/providers/Microsoft.Network/loadBalancers/vmss1LB/backendAddressPools/vmss1LBBEPool\"\
        \r\n                }\r\n              ],\r\n              \"loadBalancerInboundNatRules\"\
        : [\r\n                {\r\n                  \"id\": \"/subscriptions/00000000-0000-0000-0000-000000000000/resourceGroups/cli_test_vmss_nics/providers/Microsoft.Network/loadBalancers/vmss1LB/inboundNatRules/vmss1LBNatPool.3\"\
        \r\n                }\r\n              ]\r\n            }\r\n          }\r\
        \n        ],\r\n        \"dnsSettings\": {\r\n          \"dnsServers\": [],\r\
        \n          \"appliedDnsServers\": [],\r\n          \"internalDomainNameSuffix\"\
        : \"2rcsuglkksfurarsdcqueceerb.dx.internal.cloudapp.net\"\r\n        },\r\n\
        \        \"macAddress\": \"00-0D-3A-34-2C-94\",\r\n        \"enableAcceleratedNetworking\"\
        : false,\r\n        \"enableIPForwarding\": false,\r\n        \"primary\"\
        : true,\r\n        \"virtualMachine\": {\r\n          \"id\": \"/subscriptions/00000000-0000-0000-0000-000000000000/resourceGroups/cli_test_vmss_nics/providers/Microsoft.Compute/virtualMachineScaleSets/vmss1/virtualMachines/3\"\
        \r\n        }\r\n      }\r\n    }\r\n  ]\r\n}"}
    headers:
      Cache-Control: [no-cache]
      Content-Type: [application/json; charset=utf-8]
      Date: ['Sat, 01 Jul 2017 00:08:37 GMT']
      Expires: ['-1']
      Pragma: [no-cache]
      Server: [Microsoft-HTTPAPI/2.0, Microsoft-HTTPAPI/2.0]
      Strict-Transport-Security: [max-age=31536000; includeSubDomains]
      Transfer-Encoding: [chunked]
      Vary: [Accept-Encoding]
      content-length: ['10194']
    status: {code: 200, message: OK}
- request:
    body: null
    headers:
      Accept: [application/json]
      Accept-Encoding: ['gzip, deflate']
      Connection: [keep-alive]
      Content-Type: [application/json; charset=utf-8]
      User-Agent: [python/3.5.3 (Windows-10-10.0.15063-SP0) requests/2.9.1 msrest/0.4.11
          msrest_azure/0.4.11 networkmanagementclient/1.1.0 Azure-SDK-For-Python AZURECLI/TEST/2.0.10+dev]
      accept-language: [en-US]
      x-ms-client-request-id: [6e1fff14-5df1-11e7-b08e-64510658e3b3]
    method: GET
    uri: https://management.azure.com/subscriptions/00000000-0000-0000-0000-000000000000/resourceGroups/cli_test_vmss_nics/providers/microsoft.Compute/virtualMachineScaleSets/vmss1/virtualMachines/0/networkInterfaces?api-version=2016-09-01
  response:
    body: {string: "{\r\n  \"value\": [\r\n    {\r\n      \"name\": \"vmss11c00Nic\"\
        ,\r\n      \"id\": \"/subscriptions/00000000-0000-0000-0000-000000000000/resourceGroups/cli_test_vmss_nics/providers/Microsoft.Compute/virtualMachineScaleSets/vmss1/virtualMachines/0/networkInterfaces/vmss11c00Nic\"\
        ,\r\n      \"etag\": \"W/\\\"bba98818-ffb1-4d75-b9a8-b0c96cf6fdcc\\\"\",\r\
        \n      \"properties\": {\r\n        \"provisioningState\": \"Succeeded\"\
        ,\r\n        \"resourceGuid\": \"de8befa6-6536-4ab5-985a-57a08e8649c2\",\r\
        \n        \"ipConfigurations\": [\r\n          {\r\n            \"name\":\
        \ \"vmss11c00IPConfig\",\r\n            \"id\": \"/subscriptions/00000000-0000-0000-0000-000000000000/resourceGroups/cli_test_vmss_nics/providers/Microsoft.Compute/virtualMachineScaleSets/vmss1/virtualMachines/0/networkInterfaces/vmss11c00Nic/ipConfigurations/vmss11c00IPConfig\"\
        ,\r\n            \"etag\": \"W/\\\"bba98818-ffb1-4d75-b9a8-b0c96cf6fdcc\\\"\
        \",\r\n            \"properties\": {\r\n              \"provisioningState\"\
        : \"Succeeded\",\r\n              \"privateIPAddress\": \"10.0.0.4\",\r\n\
        \              \"privateIPAllocationMethod\": \"Dynamic\",\r\n           \
        \   \"subnet\": {\r\n                \"id\": \"/subscriptions/00000000-0000-0000-0000-000000000000/resourceGroups/cli_test_vmss_nics/providers/Microsoft.Network/virtualNetworks/vmss1VNET/subnets/vmss1Subnet\"\
        \r\n              },\r\n              \"primary\": true,\r\n             \
        \ \"privateIPAddressVersion\": \"IPv4\",\r\n              \"loadBalancerBackendAddressPools\"\
        : [\r\n                {\r\n                  \"id\": \"/subscriptions/00000000-0000-0000-0000-000000000000/resourceGroups/cli_test_vmss_nics/providers/Microsoft.Network/loadBalancers/vmss1LB/backendAddressPools/vmss1LBBEPool\"\
        \r\n                }\r\n              ],\r\n              \"loadBalancerInboundNatRules\"\
        : [\r\n                {\r\n                  \"id\": \"/subscriptions/00000000-0000-0000-0000-000000000000/resourceGroups/cli_test_vmss_nics/providers/Microsoft.Network/loadBalancers/vmss1LB/inboundNatRules/vmss1LBNatPool.0\"\
        \r\n                }\r\n              ]\r\n            }\r\n          }\r\
        \n        ],\r\n        \"dnsSettings\": {\r\n          \"dnsServers\": [],\r\
        \n          \"appliedDnsServers\": [],\r\n          \"internalDomainNameSuffix\"\
        : \"2rcsuglkksfurarsdcqueceerb.dx.internal.cloudapp.net\"\r\n        },\r\n\
        \        \"macAddress\": \"00-0D-3A-34-2F-8E\",\r\n        \"enableAcceleratedNetworking\"\
        : false,\r\n        \"enableIPForwarding\": false,\r\n        \"primary\"\
        : true,\r\n        \"virtualMachine\": {\r\n          \"id\": \"/subscriptions/00000000-0000-0000-0000-000000000000/resourceGroups/cli_test_vmss_nics/providers/Microsoft.Compute/virtualMachineScaleSets/vmss1/virtualMachines/0\"\
        \r\n        }\r\n      }\r\n    }\r\n  ]\r\n}"}
    headers:
      Cache-Control: [no-cache]
      Content-Type: [application/json; charset=utf-8]
      Date: ['Sat, 01 Jul 2017 00:08:37 GMT']
      Expires: ['-1']
      Pragma: [no-cache]
      Server: [Microsoft-HTTPAPI/2.0, Microsoft-HTTPAPI/2.0]
      Strict-Transport-Security: [max-age=31536000; includeSubDomains]
      Transfer-Encoding: [chunked]
      Vary: [Accept-Encoding]
      content-length: ['2625']
    status: {code: 200, message: OK}
- request:
    body: null
    headers:
      Accept: [application/json]
      Accept-Encoding: ['gzip, deflate']
      Connection: [keep-alive]
      Content-Type: [application/json; charset=utf-8]
      User-Agent: [python/3.5.3 (Windows-10-10.0.15063-SP0) requests/2.9.1 msrest/0.4.11
          msrest_azure/0.4.11 networkmanagementclient/1.1.0 Azure-SDK-For-Python AZURECLI/TEST/2.0.10+dev]
      accept-language: [en-US]
      x-ms-client-request-id: [6e86bf40-5df1-11e7-9e3b-64510658e3b3]
    method: GET
    uri: https://management.azure.com/subscriptions/00000000-0000-0000-0000-000000000000/resourceGroups/cli_test_vmss_nics/providers/microsoft.Compute/virtualMachineScaleSets/vmss1/virtualMachines/0/networkInterfaces/vmss11c00Nic?api-version=2016-09-01
  response:
    body: {string: "{\r\n  \"name\": \"vmss11c00Nic\",\r\n  \"id\": \"/subscriptions/00000000-0000-0000-0000-000000000000/resourceGroups/cli_test_vmss_nics/providers/Microsoft.Compute/virtualMachineScaleSets/vmss1/virtualMachines/0/networkInterfaces/vmss11c00Nic\"\
        ,\r\n  \"etag\": \"W/\\\"bba98818-ffb1-4d75-b9a8-b0c96cf6fdcc\\\"\",\r\n \
        \ \"properties\": {\r\n    \"provisioningState\": \"Succeeded\",\r\n    \"\
        resourceGuid\": \"de8befa6-6536-4ab5-985a-57a08e8649c2\",\r\n    \"ipConfigurations\"\
        : [\r\n      {\r\n        \"name\": \"vmss11c00IPConfig\",\r\n        \"id\"\
        : \"/subscriptions/00000000-0000-0000-0000-000000000000/resourceGroups/cli_test_vmss_nics/providers/Microsoft.Compute/virtualMachineScaleSets/vmss1/virtualMachines/0/networkInterfaces/vmss11c00Nic/ipConfigurations/vmss11c00IPConfig\"\
        ,\r\n        \"etag\": \"W/\\\"bba98818-ffb1-4d75-b9a8-b0c96cf6fdcc\\\"\"\
        ,\r\n        \"properties\": {\r\n          \"provisioningState\": \"Succeeded\"\
        ,\r\n          \"privateIPAddress\": \"10.0.0.4\",\r\n          \"privateIPAllocationMethod\"\
        : \"Dynamic\",\r\n          \"subnet\": {\r\n            \"id\": \"/subscriptions/00000000-0000-0000-0000-000000000000/resourceGroups/cli_test_vmss_nics/providers/Microsoft.Network/virtualNetworks/vmss1VNET/subnets/vmss1Subnet\"\
        \r\n          },\r\n          \"primary\": true,\r\n          \"privateIPAddressVersion\"\
        : \"IPv4\",\r\n          \"loadBalancerBackendAddressPools\": [\r\n      \
        \      {\r\n              \"id\": \"/subscriptions/00000000-0000-0000-0000-000000000000/resourceGroups/cli_test_vmss_nics/providers/Microsoft.Network/loadBalancers/vmss1LB/backendAddressPools/vmss1LBBEPool\"\
        \r\n            }\r\n          ],\r\n          \"loadBalancerInboundNatRules\"\
        : [\r\n            {\r\n              \"id\": \"/subscriptions/00000000-0000-0000-0000-000000000000/resourceGroups/cli_test_vmss_nics/providers/Microsoft.Network/loadBalancers/vmss1LB/inboundNatRules/vmss1LBNatPool.0\"\
        \r\n            }\r\n          ]\r\n        }\r\n      }\r\n    ],\r\n   \
        \ \"dnsSettings\": {\r\n      \"dnsServers\": [],\r\n      \"appliedDnsServers\"\
        : [],\r\n      \"internalDomainNameSuffix\": \"2rcsuglkksfurarsdcqueceerb.dx.internal.cloudapp.net\"\
        \r\n    },\r\n    \"macAddress\": \"00-0D-3A-34-2F-8E\",\r\n    \"enableAcceleratedNetworking\"\
        : false,\r\n    \"enableIPForwarding\": false,\r\n    \"primary\": true,\r\
        \n    \"virtualMachine\": {\r\n      \"id\": \"/subscriptions/00000000-0000-0000-0000-000000000000/resourceGroups/cli_test_vmss_nics/providers/Microsoft.Compute/virtualMachineScaleSets/vmss1/virtualMachines/0\"\
        \r\n    }\r\n  }\r\n}"}
    headers:
      Cache-Control: [no-cache]
      Content-Type: [application/json; charset=utf-8]
      Date: ['Sat, 01 Jul 2017 00:08:37 GMT']
      ETag: [W/"bba98818-ffb1-4d75-b9a8-b0c96cf6fdcc"]
      Expires: ['-1']
      Pragma: [no-cache]
      Server: [Microsoft-HTTPAPI/2.0, Microsoft-HTTPAPI/2.0]
      Strict-Transport-Security: [max-age=31536000; includeSubDomains]
      Transfer-Encoding: [chunked]
      Vary: [Accept-Encoding]
      content-length: ['2408']
    status: {code: 200, message: OK}
version: 1
