interactions:
- request:
    body: '{"tags": {"use": "az-test"}, "location": "westus"}'
    headers:
      Accept: [application/json]
      Accept-Encoding: ['gzip, deflate']
      CommandName: [unknown]
      Connection: [keep-alive]
      Content-Length: ['50']
      Content-Type: [application/json; charset=utf-8]
      User-Agent: [python/3.5.3 (Windows-10-10.0.16299-SP0) requests/2.18.4 msrest/0.4.18
          msrest_azure/0.4.15 resourcemanagementclient/1.2.1 Azure-SDK-For-Python
          AZURECLI/2.0.21]
      accept-language: [en-US]
    method: PUT
    uri: https://management.azure.com/subscriptions/00000000-0000-0000-0000-000000000000/resourcegroups/cli_test_vmss_lb_sku000001?api-version=2017-05-10
  response:
    body: {string: '{"id":"/subscriptions/00000000-0000-0000-0000-000000000000/resourceGroups/cli_test_vmss_lb_sku000001","name":"cli_test_vmss_lb_sku000001","location":"westus","tags":{"use":"az-test"},"properties":{"provisioningState":"Succeeded"}}'}
    headers:
      cache-control: [no-cache]
      content-length: ['328']
      content-type: [application/json; charset=utf-8]
      date: ['Fri, 17 Nov 2017 16:48:19 GMT']
      expires: ['-1']
      pragma: [no-cache]
      strict-transport-security: [max-age=31536000; includeSubDomains]
      x-ms-ratelimit-remaining-subscription-writes: ['1180']
    status: {code: 201, message: Created}
- request:
    body: null
    headers:
      Connection: [close]
      Host: [raw.githubusercontent.com]
      User-Agent: [Python-urllib/3.5]
    method: GET
    uri: https://raw.githubusercontent.com/Azure/azure-rest-api-specs/master/arm-compute/quickstart-templates/aliases.json
  response:
    body: {string: "{\n  \"$schema\":\"http://schema.management.azure.com/schemas/2015-01-01/deploymentTemplate.json\"\
        ,\n  \"contentVersion\":\"1.0.0.0\",\n  \"parameters\":{},\n  \"variables\"\
        :{},\n  \"resources\":[],\n\n  \"outputs\":{\n    \"aliases\":{\n      \"\
        type\":\"object\",\n      \"value\":{\n\n        \"Linux\":{\n          \"\
        CentOS\":{\n            \"publisher\":\"OpenLogic\",\n            \"offer\"\
        :\"CentOS\",\n            \"sku\":\"7.3\",\n            \"version\":\"latest\"\
        \n          },\n          \"CoreOS\":{\n            \"publisher\":\"CoreOS\"\
        ,\n            \"offer\":\"CoreOS\",\n            \"sku\":\"Stable\",\n  \
        \          \"version\":\"latest\"\n          },\n          \"Debian\":{\n\
        \            \"publisher\":\"credativ\",\n            \"offer\":\"Debian\"\
        ,\n            \"sku\":\"8\",\n            \"version\":\"latest\"\n      \
        \    },\n          \"openSUSE-Leap\": {\n            \"publisher\":\"SUSE\"\
        ,\n            \"offer\":\"openSUSE-Leap\",\n            \"sku\":\"42.2\"\
        ,\n            \"version\": \"latest\"\n          },\n          \"RHEL\":{\n\
        \            \"publisher\":\"RedHat\",\n            \"offer\":\"RHEL\",\n\
        \            \"sku\":\"7.3\",\n            \"version\":\"latest\"\n      \
        \    },\n          \"SLES\":{\n            \"publisher\":\"SUSE\",\n     \
        \       \"offer\":\"SLES\",\n            \"sku\":\"12-SP2\",\n           \
        \ \"version\":\"latest\"\n          },\n          \"UbuntuLTS\":{\n      \
        \      \"publisher\":\"Canonical\",\n            \"offer\":\"UbuntuServer\"\
        ,\n            \"sku\":\"16.04-LTS\",\n            \"version\":\"latest\"\n\
        \          }\n        },\n\n        \"Windows\":{\n          \"Win2016Datacenter\"\
        :{\n            \"publisher\":\"MicrosoftWindowsServer\",\n            \"\
        offer\":\"WindowsServer\",\n            \"sku\":\"2016-Datacenter\",\n   \
        \         \"version\":\"latest\"\n          },\n          \"Win2012R2Datacenter\"\
        :{\n            \"publisher\":\"MicrosoftWindowsServer\",\n            \"\
        offer\":\"WindowsServer\",\n            \"sku\":\"2012-R2-Datacenter\",\n\
        \            \"version\":\"latest\"\n          },\n          \"Win2012Datacenter\"\
        :{\n            \"publisher\":\"MicrosoftWindowsServer\",\n            \"\
        offer\":\"WindowsServer\",\n            \"sku\":\"2012-Datacenter\",\n   \
        \         \"version\":\"latest\"\n          },\n          \"Win2008R2SP1\"\
        :{\n            \"publisher\":\"MicrosoftWindowsServer\",\n            \"\
        offer\":\"WindowsServer\",\n            \"sku\":\"2008-R2-SP1\",\n       \
        \     \"version\":\"latest\"\n          }\n        }\n      }\n    }\n  }\n\
        }\n"}
    headers:
      accept-ranges: [bytes]
      access-control-allow-origin: ['*']
      cache-control: [max-age=300]
      connection: [close]
      content-length: ['2235']
      content-security-policy: [default-src 'none'; style-src 'unsafe-inline'; sandbox]
      content-type: [text/plain; charset=utf-8]
      date: ['Fri, 17 Nov 2017 16:48:22 GMT']
      etag: ['"d6824855d13e27c5258a680eb60f635d088fd05e"']
      expires: ['Fri, 17 Nov 2017 16:53:22 GMT']
      source-age: ['165']
      strict-transport-security: [max-age=31536000]
      vary: ['Authorization,Accept-Encoding']
      via: [1.1 varnish]
      x-cache: [HIT]
      x-cache-hits: ['1']
      x-content-type-options: [nosniff]
      x-fastly-request-id: [57fb9c2aacbf32c0d6552dd38ebc93009e868b6f]
      x-frame-options: [deny]
      x-geo-block-list: ['']
      x-github-request-id: ['504E:22BFF:8BE052:954289:5A0F1230']
      x-served-by: [cache-mdw17322-MDW]
      x-timer: ['S1510937302.289431,VS0,VE1']
      x-xss-protection: [1; mode=block]
    status: {code: 200, message: OK}
- request:
    body: null
    headers:
      Accept: [application/json]
      Accept-Encoding: ['gzip, deflate']
      CommandName: [unknown]
      Connection: [keep-alive]
      Content-Type: [application/json; charset=utf-8]
      User-Agent: [python/3.5.3 (Windows-10-10.0.16299-SP0) requests/2.18.4 msrest/0.4.18
          msrest_azure/0.4.15 networkmanagementclient/1.5.0rc3 Azure-SDK-For-Python
          AZURECLI/2.0.21]
      accept-language: [en-US]
    method: GET
    uri: https://management.azure.com/subscriptions/00000000-0000-0000-0000-000000000000/resourceGroups/cli_test_vmss_lb_sku000001/providers/Microsoft.Network/virtualNetworks?api-version=2017-09-01
  response:
    body: {string: '{"value":[]}'}
    headers:
      cache-control: [no-cache]
      content-length: ['12']
      content-type: [application/json; charset=utf-8]
      date: ['Fri, 17 Nov 2017 16:48:22 GMT']
      expires: ['-1']
      pragma: [no-cache]
      strict-transport-security: [max-age=31536000; includeSubDomains]
      vary: [Accept-Encoding]
    status: {code: 200, message: OK}
- request:
    body: null
    headers:
      Accept: [application/json]
      Accept-Encoding: ['gzip, deflate']
      CommandName: [unknown]
      Connection: [keep-alive]
      Content-Type: [application/json; charset=utf-8]
      User-Agent: [python/3.5.3 (Windows-10-10.0.16299-SP0) requests/2.18.4 msrest/0.4.18
          msrest_azure/0.4.15 networkmanagementclient/1.5.0rc3 Azure-SDK-For-Python
          AZURECLI/2.0.21]
      accept-language: [en-US]
    method: GET
    uri: https://management.azure.com/subscriptions/00000000-0000-0000-0000-000000000000/resourceGroups/cli_test_vmss_lb_sku000001/providers/Microsoft.Network/loadBalancers/lb1?api-version=2017-09-01
  response:
    body: {string: '{"error":{"code":"ResourceNotFound","message":"The Resource ''Microsoft.Network/loadBalancers/lb1''
        under resource group ''cli_test_vmss_lb_sku000001'' was not found."}}'}
    headers:
      cache-control: [no-cache]
      content-length: ['214']
      content-type: [application/json; charset=utf-8]
      date: ['Fri, 17 Nov 2017 16:48:22 GMT']
      expires: ['-1']
      pragma: [no-cache]
      strict-transport-security: [max-age=31536000; includeSubDomains]
      x-ms-failure-cause: [gateway]
    status: {code: 404, message: Not Found}
- request:
    body: null
    headers:
      Accept: [application/json]
      Accept-Encoding: ['gzip, deflate']
      CommandName: [unknown]
      Connection: [keep-alive]
      Content-Type: [application/json; charset=utf-8]
      User-Agent: [python/3.5.3 (Windows-10-10.0.16299-SP0) requests/2.18.4 msrest/0.4.18
          msrest_azure/0.4.15 resourcemanagementclient/1.2.1 Azure-SDK-For-Python
          AZURECLI/2.0.21]
      accept-language: [en-US]
    method: GET
    uri: https://management.azure.com/subscriptions/00000000-0000-0000-0000-000000000000/providers/Microsoft.Network?api-version=2017-05-10
  response:
    body: {string: '{"id":"/subscriptions/00000000-0000-0000-0000-000000000000/providers/Microsoft.Network","namespace":"Microsoft.Network","authorizations":[{"applicationId":"2cf9eb86-36b5-49dc-86ae-9a63135dfa8c","roleDefinitionId":"13ba9ab4-19f0-4804-adc4-14ece36cc7a1"},{"applicationId":"7c33bfcb-8d33-48d6-8e60-dc6404003489","roleDefinitionId":"ad6261e4-fa9a-4642-aa5f-104f1b67e9e3"},{"applicationId":"1e3e4475-288f-4018-a376-df66fd7fac5f","roleDefinitionId":"1d538b69-3d87-4e56-8ff8-25786fd48261"},{"applicationId":"a0be0c72-870e-46f0-9c49-c98333a996f7","roleDefinitionId":"7ce22727-ffce-45a9-930c-ddb2e56fa131"}],"resourceTypes":[{"resourceType":"virtualNetworks","locations":["West
        US","East US","North Europe","West Europe","East Asia","Southeast Asia","North
        Central US","South Central US","Central US","East US 2","Japan East","Japan
        West","Brazil South","Australia East","Australia Southeast","Central India","South
        India","West India","Canada Central","Canada East","West Central US","West
        US 2","UK West","UK South","Korea Central","Korea South","Central US EUAP","East
        US 2 EUAP"],"apiVersions":["2017-10-01","2017-09-01","2017-08-01","2017-06-01","2017-04-01","2017-03-01","2016-12-01","2016-11-01","2016-10-01","2016-09-01","2016-08-01","2016-07-01","2016-06-01","2016-03-30","2015-06-15","2015-05-01-preview","2014-12-01-preview"],"apiProfiles":[{"profileVersion":"2017-03-09-profile","apiVersion":"2015-06-15"}],"capabilities":"CrossResourceGroupResourceMove,
        CrossSubscriptionResourceMove"},{"resourceType":"publicIPAddresses","locations":["West
        US","East US","East Asia","Southeast Asia","North Central US","South Central
        US","Japan East","Japan West","Brazil South","Australia East","Australia Southeast","Central
        India","South India","West India","Canada Central","Canada East","West Central
        US","West US 2","UK West","UK South","Korea Central","Korea South","North
        Europe","West Europe","Central US","East US 2","Central US EUAP","East US
        2 EUAP"],"apiVersions":["2017-10-01","2017-09-01","2017-08-01","2017-06-01","2017-04-01","2017-03-01","2016-12-01","2016-11-01","2016-10-01","2016-09-01","2016-08-01","2016-07-01","2016-06-01","2016-03-30","2015-06-15","2015-05-01-preview","2014-12-01-preview"],"apiProfiles":[{"profileVersion":"2017-03-09-profile","apiVersion":"2015-06-15"}],"zoneMappings":[{"location":"East
        US 2","zones":["1","2","3"]},{"location":"Central US","zones":["1","2","3"]},{"location":"West
        Europe","zones":["1","2","3"]},{"location":"East US 2 EUAP","zones":["1","2","3"]},{"location":"Central
        US EUAP","zones":["1","2"]}],"capabilities":"CrossResourceGroupResourceMove,
        CrossSubscriptionResourceMove"},{"resourceType":"networkInterfaces","locations":["West
        US","East US","North Europe","West Europe","East Asia","Southeast Asia","North
        Central US","South Central US","Central US","East US 2","Japan East","Japan
        West","Brazil South","Australia East","Australia Southeast","Central India","South
        India","West India","Canada Central","Canada East","West Central US","West
        US 2","UK West","UK South","Korea Central","Korea South","Central US EUAP","East
        US 2 EUAP"],"apiVersions":["2017-10-01","2017-09-01","2017-08-01","2017-06-01","2017-04-01","2017-03-01","2016-12-01","2016-11-01","2016-10-01","2016-09-01","2016-08-01","2016-07-01","2016-06-01","2016-03-30","2015-06-15","2015-05-01-preview","2014-12-01-preview"],"apiProfiles":[{"profileVersion":"2017-03-09-profile","apiVersion":"2015-06-15"}],"capabilities":"CrossResourceGroupResourceMove,
        CrossSubscriptionResourceMove"},{"resourceType":"loadBalancers","locations":["West
        US","East US","North Europe","West Europe","East Asia","Southeast Asia","North
        Central US","South Central US","Central US","East US 2","Japan East","Japan
        West","Brazil South","Australia East","Australia Southeast","Central India","South
        India","West India","Canada Central","Canada East","West Central US","West
        US 2","UK West","UK South","Korea Central","Korea South","Central US EUAP","East
        US 2 EUAP"],"apiVersions":["2017-10-01","2017-09-01","2017-08-01","2017-06-01","2017-04-01","2017-03-01","2016-12-01","2016-11-01","2016-10-01","2016-09-01","2016-08-01","2016-07-01","2016-06-01","2016-03-30","2015-06-15","2015-05-01-preview","2014-12-01-preview"],"apiProfiles":[{"profileVersion":"2017-03-09-profile","apiVersion":"2015-06-15"}],"capabilities":"CrossResourceGroupResourceMove,
        CrossSubscriptionResourceMove"},{"resourceType":"networkSecurityGroups","locations":["West
        US","East US","North Europe","West Europe","East Asia","Southeast Asia","North
        Central US","South Central US","Central US","East US 2","Japan East","Japan
        West","Brazil South","Australia East","Australia Southeast","Central India","South
        India","West India","Canada Central","Canada East","West Central US","West
        US 2","UK West","UK South","Korea Central","Korea South","Central US EUAP","East
        US 2 EUAP"],"apiVersions":["2017-10-01","2017-09-01","2017-08-01","2017-06-01","2017-04-01","2017-03-01","2016-12-01","2016-11-01","2016-10-01","2016-09-01","2016-08-01","2016-07-01","2016-06-01","2016-03-30","2015-06-15","2015-05-01-preview","2014-12-01-preview"],"apiProfiles":[{"profileVersion":"2017-03-09-profile","apiVersion":"2015-06-15"}],"capabilities":"CrossResourceGroupResourceMove,
        CrossSubscriptionResourceMove"},{"resourceType":"applicationSecurityGroups","locations":["West
        US","East US","North Europe","West Europe","East Asia","Southeast Asia","North
        Central US","South Central US","Central US","East US 2","Japan East","Japan
        West","Brazil South","Australia East","Australia Southeast","Central India","South
        India","West India","Canada Central","Canada East","West Central US","West
        US 2","UK West","UK South","Korea Central","Korea South","Central US EUAP","East
        US 2 EUAP"],"apiVersions":["2017-09-01"],"apiProfiles":[{"profileVersion":"2017-03-09-profile","apiVersion":"2017-09-01"}],"capabilities":"CrossResourceGroupResourceMove,
        CrossSubscriptionResourceMove"},{"resourceType":"routeTables","locations":["West
        US","East US","North Europe","West Europe","East Asia","Southeast Asia","North
        Central US","South Central US","Central US","East US 2","Japan East","Japan
        West","Brazil South","Australia East","Australia Southeast","Central India","South
        India","West India","Canada Central","Canada East","West Central US","West
        US 2","UK West","UK South","Korea Central","Korea South","Central US EUAP","East
        US 2 EUAP"],"apiVersions":["2017-10-01","2017-09-01","2017-08-01","2017-06-01","2017-04-01","2017-03-01","2016-12-01","2016-11-01","2016-10-01","2016-09-01","2016-08-01","2016-07-01","2016-06-01","2016-03-30","2015-06-15","2015-05-01-preview","2014-12-01-preview"],"apiProfiles":[{"profileVersion":"2017-03-09-profile","apiVersion":"2015-06-15"}],"capabilities":"CrossResourceGroupResourceMove,
        CrossSubscriptionResourceMove"},{"resourceType":"networkWatchers","locations":["West
        US","East US","North Europe","West Europe","East Asia","Southeast Asia","North
        Central US","South Central US","Central US","East US 2","Japan East","Japan
        West","Brazil South","Australia East","Australia Southeast","Central India","South
        India","West India","Canada Central","Canada East","West Central US","West
        US 2","UK West","UK South","Korea Central","Korea South","Central US EUAP","East
        US 2 EUAP"],"apiVersions":["2017-10-01","2017-09-01","2017-08-01","2017-06-01","2017-04-01","2017-03-01","2016-12-01","2016-11-01","2016-10-01","2016-09-01","2016-08-01","2016-07-01","2016-06-01","2016-03-30"],"capabilities":"CrossResourceGroupResourceMove,
        CrossSubscriptionResourceMove"},{"resourceType":"networkWatchers/connectionMonitors","locations":["West
        US","East US","North Europe","West Europe","East Asia","Southeast Asia","North
        Central US","South Central US","Central US","East US 2","Japan East","Japan
        West","Brazil South","Australia East","Australia Southeast","Central India","South
        India","West India","Canada Central","Canada East","West Central US","West
        US 2","UK West","UK South","Korea Central","Korea South","Central US EUAP","East
        US 2 EUAP"],"apiVersions":["2017-09-01"]},{"resourceType":"virtualNetworkGateways","locations":["West
        US","East US","North Europe","West Europe","East Asia","Southeast Asia","North
        Central US","South Central US","Central US","East US 2","Japan East","Japan
        West","Brazil South","Australia East","Australia Southeast","Central India","South
        India","West India","Canada Central","Canada East","West Central US","West
        US 2","UK West","UK South","Korea Central","Korea South","Central US EUAP","East
        US 2 EUAP"],"apiVersions":["2017-10-01","2017-09-01","2017-08-01","2017-06-01","2017-04-01","2017-03-01","2016-12-01","2016-11-01","2016-10-01","2016-09-01","2016-08-01","2016-07-01","2016-06-01","2016-03-30","2015-06-15","2015-05-01-preview","2014-12-01-preview"],"apiProfiles":[{"profileVersion":"2017-03-09-profile","apiVersion":"2015-06-15"}],"capabilities":"CrossResourceGroupResourceMove,
        CrossSubscriptionResourceMove"},{"resourceType":"localNetworkGateways","locations":["West
        US","East US","North Europe","West Europe","East Asia","Southeast Asia","North
        Central US","South Central US","Central US","East US 2","Japan East","Japan
        West","Brazil South","Australia East","Australia Southeast","Central India","South
        India","West India","Canada Central","Canada East","West Central US","West
        US 2","UK West","UK South","Korea Central","Korea South","Central US EUAP","East
        US 2 EUAP"],"apiVersions":["2017-10-01","2017-09-01","2017-08-01","2017-06-01","2017-04-01","2017-03-01","2016-12-01","2016-11-01","2016-10-01","2016-09-01","2016-08-01","2016-07-01","2016-06-01","2016-03-30","2015-06-15","2015-05-01-preview","2014-12-01-preview"],"apiProfiles":[{"profileVersion":"2017-03-09-profile","apiVersion":"2015-06-15"}],"capabilities":"CrossResourceGroupResourceMove,
        CrossSubscriptionResourceMove"},{"resourceType":"connections","locations":["West
        US","East US","North Europe","West Europe","East Asia","Southeast Asia","North
        Central US","South Central US","Central US","East US 2","Japan East","Japan
        West","Brazil South","Australia East","Australia Southeast","Central India","South
        India","West India","Canada Central","Canada East","West Central US","West
        US 2","UK West","UK South","Korea Central","Korea South","Central US EUAP","East
        US 2 EUAP"],"apiVersions":["2017-10-01","2017-09-01","2017-08-01","2017-06-01","2017-04-01","2017-03-01","2016-12-01","2016-11-01","2016-10-01","2016-09-01","2016-08-01","2016-07-01","2016-06-01","2016-03-30","2015-06-15","2015-05-01-preview","2014-12-01-preview"],"apiProfiles":[{"profileVersion":"2017-03-09-profile","apiVersion":"2015-06-15"}],"capabilities":"CrossResourceGroupResourceMove,
        CrossSubscriptionResourceMove"},{"resourceType":"applicationGateways","locations":["West
        US","East US","North Europe","West Europe","East Asia","Southeast Asia","North
        Central US","South Central US","Central US","East US 2","Japan East","Japan
        West","Brazil South","Australia East","Australia Southeast","Central India","South
        India","West India","Canada Central","Canada East","West Central US","West
        US 2","UK West","UK South","Korea Central","Korea South","Central US EUAP","East
        US 2 EUAP"],"apiVersions":["2017-10-01","2017-09-01","2017-08-01","2017-06-01","2017-04-01","2017-03-01","2016-12-01","2016-11-01","2016-10-01","2016-09-01","2016-08-01","2016-07-01","2016-06-01","2016-03-30","2015-06-15","2015-05-01-preview","2014-12-01-preview"],"capabilities":"SystemAssignedResourceIdentity"},{"resourceType":"locations","locations":[],"apiVersions":["2017-10-01","2017-09-01","2017-08-01","2017-06-01","2017-04-01","2017-03-01","2016-12-01","2016-11-01","2016-10-01","2016-09-01","2016-08-01","2016-07-01","2016-06-01","2016-03-30","2015-06-15","2015-05-01-preview","2014-12-01-preview"],"apiProfiles":[{"profileVersion":"2017-03-09-profile","apiVersion":"2015-06-15"}]},{"resourceType":"locations/operations","locations":[],"apiVersions":["2017-10-01","2017-09-01","2017-08-01","2017-06-01","2017-04-01","2017-03-01","2016-12-01","2016-11-01","2016-10-01","2016-09-01","2016-08-01","2016-07-01","2016-06-01","2016-03-30","2015-06-15","2015-05-01-preview","2014-12-01-preview"],"apiProfiles":[{"profileVersion":"2017-03-09-profile","apiVersion":"2015-06-15"}]},{"resourceType":"locations/operationResults","locations":[],"apiVersions":["2017-10-01","2017-09-01","2017-08-01","2017-06-01","2017-04-01","2017-03-01","2016-12-01","2016-11-01","2016-10-01","2016-09-01","2016-08-01","2016-07-01","2016-06-01","2016-03-30","2015-06-15","2015-05-01-preview","2014-12-01-preview"],"apiProfiles":[{"profileVersion":"2017-03-09-profile","apiVersion":"2015-06-15"}]},{"resourceType":"locations/CheckDnsNameAvailability","locations":["West
        US","East US","North Europe","West Europe","East Asia","Southeast Asia","North
        Central US","South Central US","Central US","East US 2","Japan East","Japan
        West","Brazil South","Australia East","Australia Southeast","Central India","South
        India","West India","Canada Central","Canada East","West Central US","West
        US 2","UK West","UK South","Korea Central","Korea South","Central US EUAP","East
        US 2 EUAP"],"apiVersions":["2017-10-01","2017-09-01","2017-08-01","2017-06-01","2017-04-01","2017-03-01","2016-12-01","2016-11-01","2016-10-01","2016-09-01","2016-08-01","2016-07-01","2016-06-01","2016-03-30","2015-06-15","2015-05-01-preview","2014-12-01-preview"]},{"resourceType":"locations/usages","locations":["West
        US","East US","North Europe","West Europe","East Asia","Southeast Asia","North
        Central US","South Central US","Central US","East US 2","Japan East","Japan
        West","Brazil South","Australia East","Australia Southeast","Central India","South
        India","West India","Canada Central","Canada East","West Central US","West
        US 2","UK West","UK South","Korea Central","Korea South","Central US EUAP","East
        US 2 EUAP"],"apiVersions":["2017-10-01","2017-09-01","2017-08-01","2017-06-01","2017-04-01","2017-03-01","2016-12-01","2016-11-01","2016-10-01","2016-09-01","2016-08-01","2016-07-01","2016-06-01","2016-03-30","2015-06-15","2015-05-01-preview","2014-12-01-preview"],"apiProfiles":[{"profileVersion":"2017-03-09-profile","apiVersion":"2015-06-15"}]},{"resourceType":"locations/virtualNetworkAvailableEndpointServices","locations":["West
        US","East US","North Europe","West Europe","East Asia","Southeast Asia","North
        Central US","South Central US","Central US","East US 2","Japan East","Japan
        West","Brazil South","Australia East","Australia Southeast","Central India","South
        India","West India","Canada Central","Canada East","West Central US","West
        US 2","UK West","UK South","Korea Central","Korea South","Central US EUAP","East
        US 2 EUAP"],"apiVersions":["2017-10-01","2017-09-01","2017-08-01","2017-06-01","2017-04-01"]},{"resourceType":"operations","locations":[],"apiVersions":["2017-10-01","2017-09-01","2017-08-01","2017-06-01","2017-04-01","2017-03-01","2016-12-01","2016-11-01","2016-10-01","2016-09-01","2016-08-01","2016-07-01","2016-06-01","2016-03-30","2015-06-15","2015-05-01-preview","2014-12-01-preview"]},{"resourceType":"dnszones","locations":["global"],"apiVersions":["2017-09-01","2016-04-01","2015-05-04-preview"],"apiProfiles":[{"profileVersion":"2017-03-09-profile","apiVersion":"2016-04-01"}],"capabilities":"CrossResourceGroupResourceMove,
        CrossSubscriptionResourceMove"},{"resourceType":"dnsOperationResults","locations":["global"],"apiVersions":["2017-09-01","2016-04-01"]},{"resourceType":"dnsOperationStatuses","locations":["global"],"apiVersions":["2017-09-01","2016-04-01"]},{"resourceType":"dnszones/A","locations":["global"],"apiVersions":["2017-09-01","2016-04-01","2015-05-04-preview"]},{"resourceType":"dnszones/AAAA","locations":["global"],"apiVersions":["2017-09-01","2016-04-01","2015-05-04-preview"]},{"resourceType":"dnszones/CNAME","locations":["global"],"apiVersions":["2017-09-01","2016-04-01","2015-05-04-preview"]},{"resourceType":"dnszones/PTR","locations":["global"],"apiVersions":["2017-09-01","2016-04-01","2015-05-04-preview"]},{"resourceType":"dnszones/MX","locations":["global"],"apiVersions":["2017-09-01","2016-04-01","2015-05-04-preview"]},{"resourceType":"dnszones/TXT","locations":["global"],"apiVersions":["2017-09-01","2016-04-01","2015-05-04-preview"]},{"resourceType":"dnszones/SRV","locations":["global"],"apiVersions":["2017-09-01","2016-04-01","2015-05-04-preview"]},{"resourceType":"dnszones/SOA","locations":["global"],"apiVersions":["2017-09-01","2016-04-01","2015-05-04-preview"]},{"resourceType":"dnszones/NS","locations":["global"],"apiVersions":["2017-09-01","2016-04-01","2015-05-04-preview"]},{"resourceType":"dnszones/CAA","locations":["global"],"apiVersions":["2017-09-01"]},{"resourceType":"dnszones/recordsets","locations":["global"],"apiVersions":["2017-09-01","2016-04-01","2015-05-04-preview"]},{"resourceType":"dnszones/all","locations":["global"],"apiVersions":["2017-09-01","2016-04-01","2015-05-04-preview"]},{"resourceType":"trafficmanagerprofiles","locations":["global"],"apiVersions":["2017-05-01","2017-03-01","2015-11-01","2015-04-28-preview"],"capabilities":"CrossResourceGroupResourceMove,
        CrossSubscriptionResourceMove"},{"resourceType":"checkTrafficManagerNameAvailability","locations":["global"],"apiVersions":["2017-05-01","2017-03-01","2015-11-01","2015-04-28-preview"]},{"resourceType":"trafficManagerUserMetricsKeys","locations":["global"],"apiVersions":["2017-09-01-preview"]},{"resourceType":"trafficManagerGeographicHierarchies","locations":["global"],"apiVersions":["2017-05-01","2017-03-01"]},{"resourceType":"expressRouteCircuits","locations":["West
        US","East US","North Europe","West Europe","East Asia","Southeast Asia","North
        Central US","South Central US","Central US","East US 2","Japan East","Japan
        West","Brazil South","Australia East","Australia Southeast","Central India","South
        India","West India","Canada Central","Canada East","West Central US","West
        US 2","UK West","UK South","Korea Central","Korea South","Central US EUAP","East
        US 2 EUAP"],"apiVersions":["2017-10-01","2017-09-01","2017-08-01","2017-06-01","2017-04-01","2017-03-01","2016-12-01","2016-11-01","2016-10-01","2016-09-01","2016-08-01","2016-07-01","2016-06-01","2016-03-30","2015-06-15","2015-05-01-preview","2014-12-01-preview"],"capabilities":"None"},{"resourceType":"expressRouteServiceProviders","locations":[],"apiVersions":["2017-10-01","2017-09-01","2017-08-01","2017-06-01","2017-04-01","2017-03-01","2016-12-01","2016-11-01","2016-10-01","2016-09-01","2016-08-01","2016-07-01","2016-06-01","2016-03-30","2015-06-15","2015-05-01-preview","2014-12-01-preview"]},{"resourceType":"applicationGatewayAvailableWafRuleSets","locations":[],"apiVersions":["2017-10-01","2017-09-01","2017-08-01","2017-06-01","2017-04-01","2017-03-01"]},{"resourceType":"applicationGatewayAvailableSslOptions","locations":[],"apiVersions":["2017-10-01","2017-09-01","2017-08-01","2017-06-01"]},{"resourceType":"routeFilters","locations":["West
        US","East US","North Europe","West Europe","East Asia","Southeast Asia","North
        Central US","South Central US","Central US","East US 2","Japan East","Japan
        West","Brazil South","Australia East","Australia Southeast","Central India","South
        India","West India","Canada Central","Canada East","West Central US","West
        US 2","UK West","UK South","Korea Central","Korea South","Central US EUAP","East
        US 2 EUAP"],"apiVersions":["2017-10-01","2017-09-01","2017-08-01","2017-06-01","2017-04-01","2017-03-01","2016-12-01"],"capabilities":"None"},{"resourceType":"bgpServiceCommunities","locations":[],"apiVersions":["2017-10-01","2017-09-01","2017-08-01","2017-06-01","2017-04-01","2017-03-01","2016-12-01"]}],"registrationState":"Registered"}'}
    headers:
      cache-control: [no-cache]
      content-length: ['19613']
      content-type: [application/json; charset=utf-8]
      date: ['Fri, 17 Nov 2017 16:48:22 GMT']
      expires: ['-1']
      pragma: [no-cache]
      strict-transport-security: [max-age=31536000; includeSubDomains]
      vary: [Accept-Encoding]
    status: {code: 200, message: OK}
- request:
    body: null
    headers:
      Accept: [application/json]
      Accept-Encoding: ['gzip, deflate']
      CommandName: [unknown]
      Connection: [keep-alive]
      Content-Type: [application/json; charset=utf-8]
      User-Agent: [python/3.5.3 (Windows-10-10.0.16299-SP0) requests/2.18.4 msrest/0.4.18
          msrest_azure/0.4.15 resourcemanagementclient/1.2.1 Azure-SDK-For-Python
          AZURECLI/2.0.21]
      accept-language: [en-US]
    method: GET
    uri: https://management.azure.com/subscriptions/00000000-0000-0000-0000-000000000000/resourcegroups/cli_test_vmss_lb_sku000001/providers/Microsoft.Network/publicIPAddresses/pubip1?api-version=2017-10-01
  response:
    body: {string: '{"error":{"code":"ResourceNotFound","message":"The Resource ''Microsoft.Network/publicIPAddresses/pubip1''
        under resource group ''cli_test_vmss_lb_sku000001'' was not found."}}'}
    headers:
      cache-control: [no-cache]
      content-length: ['221']
      content-type: [application/json; charset=utf-8]
      date: ['Fri, 17 Nov 2017 16:48:23 GMT']
      expires: ['-1']
      pragma: [no-cache]
      strict-transport-security: [max-age=31536000; includeSubDomains]
      x-ms-failure-cause: [gateway]
    status: {code: 404, message: Not Found}
- request:
    body: 'b''{"properties": {"template": {"parameters": {}, "contentVersion": "1.0.0.0",
      "resources": [{"properties": {"subnets": [{"name": "vmss1Subnet", "properties":
      {"addressPrefix": "10.0.0.0/24"}}], "addressSpace": {"addressPrefixes": ["10.0.0.0/16"]}},
      "location": "eastus2", "apiVersion": "2015-06-15", "type": "Microsoft.Network/virtualNetworks",
      "dependsOn": [], "name": "vmss1VNET", "tags": {}}, {"properties": {"publicIPAllocationMethod":
      "Static"}, "location": "eastus2", "apiVersion": "2017-09-01", "type": "Microsoft.Network/publicIPAddresses",
      "dependsOn": [], "name": "pubip1", "tags": {}, "sku": {"name": "Standard"}},
      {"properties": {"inboundNatPools": [{"name": "lb1NatPool", "properties": {"frontendIPConfiguration":
      {"id": "[concat(resourceId(\''Microsoft.Network/loadBalancers\'', \''lb1\''),
      \''/frontendIPConfigurations/\'', \''loadBalancerFrontEnd\'')]"}, "frontendPortRangeStart":
      "50000", "protocol": "tcp", "frontendPortRangeEnd": "50119", "backendPort":
      22}}], "backendAddressPools": [{"name": "lb1BEPool"}], "frontendIPConfigurations":
      [{"name": "loadBalancerFrontEnd", "properties": {"publicIPAddress": {"id": "/subscriptions/00000000-0000-0000-0000-000000000000/resourceGroups/cli_test_vmss_lb_sku000001/providers/Microsoft.Network/publicIPAddresses/pubip1"}}}]},
      "location": "eastus2", "apiVersion": "2017-09-01", "type": "Microsoft.Network/loadBalancers",
      "dependsOn": ["Microsoft.Network/virtualNetworks/vmss1VNET", "Microsoft.Network/publicIpAddresses/pubip1"],
      "name": "lb1", "tags": {}, "sku": {"name": "Standard"}}, {"properties": {"upgradePolicy":
      {"mode": "Manual"}, "virtualMachineProfile": {"networkProfile": {"networkInterfaceConfigurations":
      [{"name": "vmss14d66Nic", "properties": {"primary": "true", "ipConfigurations":
      [{"name": "vmss14d66IPConfig", "properties": {"subnet": {"id": "/subscriptions/00000000-0000-0000-0000-000000000000/resourceGroups/cli_test_vmss_lb_sku000001/providers/Microsoft.Network/virtualNetworks/vmss1VNET/subnets/vmss1Subnet"},
      "loadBalancerBackendAddressPools": [{"id": "/subscriptions/00000000-0000-0000-0000-000000000000/resourceGroups/cli_test_vmss_lb_sku000001/providers/Microsoft.Network/loadBalancers/lb1/backendAddressPools/lb1BEPool"}],
      "loadBalancerInboundNatPools": [{"id": "/subscriptions/00000000-0000-0000-0000-000000000000/resourceGroups/cli_test_vmss_lb_sku000001/providers/Microsoft.Network/loadBalancers/lb1/inboundNatPools/lb1NatPool"}]}}]}}]},
      "storageProfile": {"osDisk": {"managedDisk": {"storageAccountType": null}, "caching":
      "ReadWrite", "createOption": "FromImage"}, "imageReference": {"publisher": "Canonical",
      "offer": "UbuntuServer", "version": "latest", "sku": "16.04-LTS"}}, "osProfile":
      {"adminPassword": "PasswordPassword1!", "computerNamePrefix": "vmss14d66", "adminUsername":
      "admin123"}}, "overprovision": true, "singlePlacementGroup": true}, "dependsOn":
      ["Microsoft.Network/virtualNetworks/vmss1VNET", "Microsoft.Network/loadBalancers/lb1"],
      "name": "vmss1", "apiVersion": "2017-03-30", "type": "Microsoft.Compute/virtualMachineScaleSets",
      "location": "eastus2", "tags": {}, "sku": {"name": "Standard_D1_v2", "capacity":
      2}}], "$schema": "https://schema.management.azure.com/schemas/2015-01-01/deploymentTemplate.json#",
      "variables": {}, "outputs": {"VMSS": {"value": "[reference(resourceId(\''Microsoft.Compute/virtualMachineScaleSets\'',
      \''vmss1\''),providers(\''Microsoft.Compute\'', \''virtualMachineScaleSets\'').apiVersions[0])]",
      "type": "object"}}}, "parameters": {}, "mode": "Incremental"}}'''
    headers:
      Accept: [application/json]
      Accept-Encoding: ['gzip, deflate']
      CommandName: [unknown]
      Connection: [keep-alive]
      Content-Length: ['3664']
      Content-Type: [application/json; charset=utf-8]
      User-Agent: [python/3.5.3 (Windows-10-10.0.16299-SP0) requests/2.18.4 msrest/0.4.18
          msrest_azure/0.4.15 resourcemanagementclient/1.2.1 Azure-SDK-For-Python
          AZURECLI/2.0.21]
      accept-language: [en-US]
    method: PUT
    uri: https://management.azure.com/subscriptions/00000000-0000-0000-0000-000000000000/resourcegroups/cli_test_vmss_lb_sku000001/providers/Microsoft.Resources/deployments/mock-deployment?api-version=2017-05-10
  response:
    body: {string: '{"id":"/subscriptions/00000000-0000-0000-0000-000000000000/resourceGroups/cli_test_vmss_lb_sku000001/providers/Microsoft.Resources/deployments/vmss_deploy_KBIFpIPqBkJNlPIOwqpZ0PWGVSdrdNYV","name":"vmss_deploy_KBIFpIPqBkJNlPIOwqpZ0PWGVSdrdNYV","properties":{"templateHash":"5181521203704996026","parameters":{},"mode":"Incremental","provisioningState":"Accepted","timestamp":"2017-11-17T16:48:25.3334461Z","duration":"PT0.6464379S","correlationId":"b1bb84ea-5f19-453e-9dbc-80cf3ef4192a","providers":[{"namespace":"Microsoft.Network","resourceTypes":[{"resourceType":"virtualNetworks","locations":["eastus2"]},{"resourceType":"publicIPAddresses","locations":["eastus2"]},{"resourceType":"loadBalancers","locations":["eastus2"]}]},{"namespace":"Microsoft.Compute","resourceTypes":[{"resourceType":"virtualMachineScaleSets","locations":["eastus2"]}]}],"dependencies":[{"dependsOn":[{"id":"/subscriptions/00000000-0000-0000-0000-000000000000/resourceGroups/cli_test_vmss_lb_sku000001/providers/Microsoft.Network/virtualNetworks/vmss1VNET","resourceType":"Microsoft.Network/virtualNetworks","resourceName":"vmss1VNET"},{"id":"/subscriptions/00000000-0000-0000-0000-000000000000/resourceGroups/cli_test_vmss_lb_sku000001/providers/Microsoft.Network/publicIPAddresses/pubip1","resourceType":"Microsoft.Network/publicIPAddresses","resourceName":"pubip1"}],"id":"/subscriptions/00000000-0000-0000-0000-000000000000/resourceGroups/cli_test_vmss_lb_sku000001/providers/Microsoft.Network/loadBalancers/lb1","resourceType":"Microsoft.Network/loadBalancers","resourceName":"lb1"},{"dependsOn":[{"id":"/subscriptions/00000000-0000-0000-0000-000000000000/resourceGroups/cli_test_vmss_lb_sku000001/providers/Microsoft.Network/virtualNetworks/vmss1VNET","resourceType":"Microsoft.Network/virtualNetworks","resourceName":"vmss1VNET"},{"id":"/subscriptions/00000000-0000-0000-0000-000000000000/resourceGroups/cli_test_vmss_lb_sku000001/providers/Microsoft.Network/loadBalancers/lb1","resourceType":"Microsoft.Network/loadBalancers","resourceName":"lb1"}],"id":"/subscriptions/00000000-0000-0000-0000-000000000000/resourceGroups/cli_test_vmss_lb_sku000001/providers/Microsoft.Compute/virtualMachineScaleSets/vmss1","resourceType":"Microsoft.Compute/virtualMachineScaleSets","resourceName":"vmss1"}]}}'}
    headers:
      azure-asyncoperation: ['https://management.azure.com/subscriptions/00000000-0000-0000-0000-000000000000/resourcegroups/cli_test_vmss_lb_sku000001/providers/Microsoft.Resources/deployments/vmss_deploy_KBIFpIPqBkJNlPIOwqpZ0PWGVSdrdNYV/operationStatuses/08586906695807906176?api-version=2017-05-10']
      cache-control: [no-cache]
      content-length: ['2621']
      content-type: [application/json; charset=utf-8]
      date: ['Fri, 17 Nov 2017 16:48:25 GMT']
      expires: ['-1']
      pragma: [no-cache]
      strict-transport-security: [max-age=31536000; includeSubDomains]
      x-ms-ratelimit-remaining-subscription-writes: ['1199']
    status: {code: 201, message: Created}
- request:
    body: null
    headers:
      Accept: [application/json]
      Accept-Encoding: ['gzip, deflate']
      CommandName: [unknown]
      Connection: [keep-alive]
      Content-Type: [application/json; charset=utf-8]
      User-Agent: [python/3.5.3 (Windows-10-10.0.16299-SP0) requests/2.18.4 msrest/0.4.18
          msrest_azure/0.4.15 resourcemanagementclient/1.2.1 Azure-SDK-For-Python
          AZURECLI/2.0.21]
      accept-language: [en-US]
    method: GET
    uri: https://management.azure.com/subscriptions/00000000-0000-0000-0000-000000000000/resourcegroups/cli_test_vmss_lb_sku000001/providers/Microsoft.Resources/deployments/mock-deployment/operationStatuses/08586906695807906176?api-version=2017-05-10
  response:
    body: {string: '{"status":"Running"}'}
    headers:
      cache-control: [no-cache]
      content-length: ['20']
      content-type: [application/json; charset=utf-8]
      date: ['Fri, 17 Nov 2017 16:48:57 GMT']
      expires: ['-1']
      pragma: [no-cache]
      strict-transport-security: [max-age=31536000; includeSubDomains]
      vary: [Accept-Encoding]
    status: {code: 200, message: OK}
- request:
    body: null
    headers:
      Accept: [application/json]
      Accept-Encoding: ['gzip, deflate']
      CommandName: [unknown]
      Connection: [keep-alive]
      Content-Type: [application/json; charset=utf-8]
      User-Agent: [python/3.5.3 (Windows-10-10.0.16299-SP0) requests/2.18.4 msrest/0.4.18
          msrest_azure/0.4.15 resourcemanagementclient/1.2.1 Azure-SDK-For-Python
          AZURECLI/2.0.21]
      accept-language: [en-US]
    method: GET
    uri: https://management.azure.com/subscriptions/00000000-0000-0000-0000-000000000000/resourcegroups/cli_test_vmss_lb_sku000001/providers/Microsoft.Resources/deployments/mock-deployment/operationStatuses/08586906695807906176?api-version=2017-05-10
  response:
    body: {string: '{"status":"Running"}'}
    headers:
      cache-control: [no-cache]
      content-length: ['20']
      content-type: [application/json; charset=utf-8]
      date: ['Fri, 17 Nov 2017 16:49:27 GMT']
      expires: ['-1']
      pragma: [no-cache]
      strict-transport-security: [max-age=31536000; includeSubDomains]
      vary: [Accept-Encoding]
    status: {code: 200, message: OK}
- request:
    body: null
    headers:
      Accept: [application/json]
      Accept-Encoding: ['gzip, deflate']
      CommandName: [unknown]
      Connection: [keep-alive]
      Content-Type: [application/json; charset=utf-8]
      User-Agent: [python/3.5.3 (Windows-10-10.0.16299-SP0) requests/2.18.4 msrest/0.4.18
          msrest_azure/0.4.15 resourcemanagementclient/1.2.1 Azure-SDK-For-Python
          AZURECLI/2.0.21]
      accept-language: [en-US]
    method: GET
    uri: https://management.azure.com/subscriptions/00000000-0000-0000-0000-000000000000/resourcegroups/cli_test_vmss_lb_sku000001/providers/Microsoft.Resources/deployments/mock-deployment/operationStatuses/08586906695807906176?api-version=2017-05-10
  response:
    body: {string: '{"status":"Running"}'}
    headers:
      cache-control: [no-cache]
      content-length: ['20']
      content-type: [application/json; charset=utf-8]
      date: ['Fri, 17 Nov 2017 16:49:57 GMT']
      expires: ['-1']
      pragma: [no-cache]
      strict-transport-security: [max-age=31536000; includeSubDomains]
      vary: [Accept-Encoding]
    status: {code: 200, message: OK}
- request:
    body: null
    headers:
      Accept: [application/json]
      Accept-Encoding: ['gzip, deflate']
      CommandName: [unknown]
      Connection: [keep-alive]
      Content-Type: [application/json; charset=utf-8]
      User-Agent: [python/3.5.3 (Windows-10-10.0.16299-SP0) requests/2.18.4 msrest/0.4.18
          msrest_azure/0.4.15 resourcemanagementclient/1.2.1 Azure-SDK-For-Python
          AZURECLI/2.0.21]
      accept-language: [en-US]
    method: GET
    uri: https://management.azure.com/subscriptions/00000000-0000-0000-0000-000000000000/resourcegroups/cli_test_vmss_lb_sku000001/providers/Microsoft.Resources/deployments/mock-deployment/operationStatuses/08586906695807906176?api-version=2017-05-10
  response:
    body: {string: '{"status":"Succeeded"}'}
    headers:
      cache-control: [no-cache]
      content-length: ['22']
      content-type: [application/json; charset=utf-8]
      date: ['Fri, 17 Nov 2017 16:50:28 GMT']
      expires: ['-1']
      pragma: [no-cache]
      strict-transport-security: [max-age=31536000; includeSubDomains]
      vary: [Accept-Encoding]
    status: {code: 200, message: OK}
- request:
    body: null
    headers:
      Accept: [application/json]
      Accept-Encoding: ['gzip, deflate']
      CommandName: [unknown]
      Connection: [keep-alive]
      Content-Type: [application/json; charset=utf-8]
      User-Agent: [python/3.5.3 (Windows-10-10.0.16299-SP0) requests/2.18.4 msrest/0.4.18
          msrest_azure/0.4.15 resourcemanagementclient/1.2.1 Azure-SDK-For-Python
          AZURECLI/2.0.21]
      accept-language: [en-US]
    method: GET
    uri: https://management.azure.com/subscriptions/00000000-0000-0000-0000-000000000000/resourcegroups/cli_test_vmss_lb_sku000001/providers/Microsoft.Resources/deployments/mock-deployment?api-version=2017-05-10
  response:
    body: {string: '{"id":"/subscriptions/00000000-0000-0000-0000-000000000000/resourceGroups/cli_test_vmss_lb_sku000001/providers/Microsoft.Resources/deployments/vmss_deploy_KBIFpIPqBkJNlPIOwqpZ0PWGVSdrdNYV","name":"vmss_deploy_KBIFpIPqBkJNlPIOwqpZ0PWGVSdrdNYV","properties":{"templateHash":"5181521203704996026","parameters":{},"mode":"Incremental","provisioningState":"Succeeded","timestamp":"2017-11-17T16:50:17.0327992Z","duration":"PT1M52.345791S","correlationId":"b1bb84ea-5f19-453e-9dbc-80cf3ef4192a","providers":[{"namespace":"Microsoft.Network","resourceTypes":[{"resourceType":"virtualNetworks","locations":["eastus2"]},{"resourceType":"publicIPAddresses","locations":["eastus2"]},{"resourceType":"loadBalancers","locations":["eastus2"]}]},{"namespace":"Microsoft.Compute","resourceTypes":[{"resourceType":"virtualMachineScaleSets","locations":["eastus2"]}]}],"dependencies":[{"dependsOn":[{"id":"/subscriptions/00000000-0000-0000-0000-000000000000/resourceGroups/cli_test_vmss_lb_sku000001/providers/Microsoft.Network/virtualNetworks/vmss1VNET","resourceType":"Microsoft.Network/virtualNetworks","resourceName":"vmss1VNET"},{"id":"/subscriptions/00000000-0000-0000-0000-000000000000/resourceGroups/cli_test_vmss_lb_sku000001/providers/Microsoft.Network/publicIPAddresses/pubip1","resourceType":"Microsoft.Network/publicIPAddresses","resourceName":"pubip1"}],"id":"/subscriptions/00000000-0000-0000-0000-000000000000/resourceGroups/cli_test_vmss_lb_sku000001/providers/Microsoft.Network/loadBalancers/lb1","resourceType":"Microsoft.Network/loadBalancers","resourceName":"lb1"},{"dependsOn":[{"id":"/subscriptions/00000000-0000-0000-0000-000000000000/resourceGroups/cli_test_vmss_lb_sku000001/providers/Microsoft.Network/virtualNetworks/vmss1VNET","resourceType":"Microsoft.Network/virtualNetworks","resourceName":"vmss1VNET"},{"id":"/subscriptions/00000000-0000-0000-0000-000000000000/resourceGroups/cli_test_vmss_lb_sku000001/providers/Microsoft.Network/loadBalancers/lb1","resourceType":"Microsoft.Network/loadBalancers","resourceName":"lb1"}],"id":"/subscriptions/00000000-0000-0000-0000-000000000000/resourceGroups/cli_test_vmss_lb_sku000001/providers/Microsoft.Compute/virtualMachineScaleSets/vmss1","resourceType":"Microsoft.Compute/virtualMachineScaleSets","resourceName":"vmss1"}],"outputs":{"vmss":{"type":"Object","value":{"singlePlacementGroup":true,"upgradePolicy":{"mode":"Manual","automaticOSUpgrade":false},"virtualMachineProfile":{"osProfile":{"computerNamePrefix":"vmss14d66","adminUsername":"admin123","linuxConfiguration":{"disablePasswordAuthentication":false},"secrets":[]},"storageProfile":{"osDisk":{"createOption":"FromImage","caching":"ReadWrite","managedDisk":{"storageAccountType":"Standard_LRS"}},"imageReference":{"publisher":"Canonical","offer":"UbuntuServer","sku":"16.04-LTS","version":"latest"}},"networkProfile":{"networkInterfaceConfigurations":[{"name":"vmss14d66Nic","properties":{"primary":true,"enableAcceleratedNetworking":false,"dnsSettings":{"dnsServers":[]},"ipConfigurations":[{"name":"vmss14d66IPConfig","properties":{"subnet":{"id":"/subscriptions/00000000-0000-0000-0000-000000000000/resourceGroups/cli_test_vmss_lb_sku000001/providers/Microsoft.Network/virtualNetworks/vmss1VNET/subnets/vmss1Subnet"},"privateIPAddressVersion":"IPv4","loadBalancerBackendAddressPools":[{"id":"/subscriptions/00000000-0000-0000-0000-000000000000/resourceGroups/cli_test_vmss_lb_sku000001/providers/Microsoft.Network/loadBalancers/lb1/backendAddressPools/lb1BEPool"}],"loadBalancerInboundNatPools":[{"id":"/subscriptions/00000000-0000-0000-0000-000000000000/resourceGroups/cli_test_vmss_lb_sku000001/providers/Microsoft.Network/loadBalancers/lb1/inboundNatPools/lb1NatPool"}]}}]}}]}},"provisioningState":"Succeeded","overprovision":true,"uniqueId":"18f6af29-a054-4c99-99be-19f46e862d9f"}}},"outputResources":[{"id":"/subscriptions/00000000-0000-0000-0000-000000000000/resourceGroups/cli_test_vmss_lb_sku000001/providers/Microsoft.Compute/virtualMachineScaleSets/vmss1"},{"id":"/subscriptions/00000000-0000-0000-0000-000000000000/resourceGroups/cli_test_vmss_lb_sku000001/providers/Microsoft.Network/loadBalancers/lb1"},{"id":"/subscriptions/00000000-0000-0000-0000-000000000000/resourceGroups/cli_test_vmss_lb_sku000001/providers/Microsoft.Network/publicIPAddresses/pubip1"},{"id":"/subscriptions/00000000-0000-0000-0000-000000000000/resourceGroups/cli_test_vmss_lb_sku000001/providers/Microsoft.Network/virtualNetworks/vmss1VNET"}]}}'}
    headers:
      cache-control: [no-cache]
      content-length: ['5140']
      content-type: [application/json; charset=utf-8]
      date: ['Fri, 17 Nov 2017 16:50:28 GMT']
      expires: ['-1']
      pragma: [no-cache]
      strict-transport-security: [max-age=31536000; includeSubDomains]
      vary: [Accept-Encoding]
    status: {code: 200, message: OK}
- request:
    body: null
    headers:
      Accept: [application/json]
      Accept-Encoding: ['gzip, deflate']
      CommandName: [unknown]
      Connection: [keep-alive]
      Content-Type: [application/json; charset=utf-8]
      User-Agent: [python/3.5.3 (Windows-10-10.0.16299-SP0) requests/2.18.4 msrest/0.4.18
          msrest_azure/0.4.15 networkmanagementclient/1.5.0rc3 Azure-SDK-For-Python
          AZURECLI/2.0.21]
      accept-language: [en-US]
    method: GET
    uri: https://management.azure.com/subscriptions/00000000-0000-0000-0000-000000000000/resourceGroups/cli_test_vmss_lb_sku000001/providers/Microsoft.Network/loadBalancers/lb1?api-version=2017-09-01
  response:
    body: {string: "{\r\n  \"name\": \"lb1\",\r\n  \"id\": \"/subscriptions/00000000-0000-0000-0000-000000000000/resourceGroups/cli_test_vmss_lb_sku000001/providers/Microsoft.Network/loadBalancers/lb1\"\
        ,\r\n  \"etag\": \"W/\\\"16093a5f-ab41-4aed-93a5-bb922510e89c\\\"\",\r\n \
        \ \"type\": \"Microsoft.Network/loadBalancers\",\r\n  \"location\": \"eastus2\"\
        ,\r\n  \"tags\": {},\r\n  \"properties\": {\r\n    \"provisioningState\":\
        \ \"Succeeded\",\r\n    \"resourceGuid\": \"60dc8920-2e5c-46f8-9545-c95b01f9b4f4\"\
        ,\r\n    \"frontendIPConfigurations\": [\r\n      {\r\n        \"name\": \"\
        loadBalancerFrontEnd\",\r\n        \"id\": \"/subscriptions/00000000-0000-0000-0000-000000000000/resourceGroups/cli_test_vmss_lb_sku000001/providers/Microsoft.Network/loadBalancers/lb1/frontendIPConfigurations/loadBalancerFrontEnd\"\
        ,\r\n        \"etag\": \"W/\\\"16093a5f-ab41-4aed-93a5-bb922510e89c\\\"\"\
        ,\r\n        \"properties\": {\r\n          \"provisioningState\": \"Succeeded\"\
        ,\r\n          \"privateIPAllocationMethod\": \"Dynamic\",\r\n          \"\
        publicIPAddress\": {\r\n            \"id\": \"/subscriptions/00000000-0000-0000-0000-000000000000/resourceGroups/cli_test_vmss_lb_sku000001/providers/Microsoft.Network/publicIPAddresses/pubip1\"\
        \r\n          },\r\n          \"inboundNatRules\": [\r\n            {\r\n\
        \              \"id\": \"/subscriptions/00000000-0000-0000-0000-000000000000/resourceGroups/cli_test_vmss_lb_sku000001/providers/Microsoft.Network/loadBalancers/lb1/inboundNatRules/lb1NatPool.0\"\
        \r\n            },\r\n            {\r\n              \"id\": \"/subscriptions/00000000-0000-0000-0000-000000000000/resourceGroups/cli_test_vmss_lb_sku000001/providers/Microsoft.Network/loadBalancers/lb1/inboundNatRules/lb1NatPool.1\"\
        \r\n            },\r\n            {\r\n              \"id\": \"/subscriptions/00000000-0000-0000-0000-000000000000/resourceGroups/cli_test_vmss_lb_sku000001/providers/Microsoft.Network/loadBalancers/lb1/inboundNatRules/lb1NatPool.2\"\
        \r\n            },\r\n            {\r\n              \"id\": \"/subscriptions/00000000-0000-0000-0000-000000000000/resourceGroups/cli_test_vmss_lb_sku000001/providers/Microsoft.Network/loadBalancers/lb1/inboundNatRules/lb1NatPool.3\"\
        \r\n            }\r\n          ],\r\n          \"inboundNatPools\": [\r\n\
        \            {\r\n              \"id\": \"/subscriptions/00000000-0000-0000-0000-000000000000/resourceGroups/cli_test_vmss_lb_sku000001/providers/Microsoft.Network/loadBalancers/lb1/inboundNatPools/lb1NatPool\"\
        \r\n            }\r\n          ]\r\n        }\r\n      }\r\n    ],\r\n   \
        \ \"backendAddressPools\": [\r\n      {\r\n        \"name\": \"lb1BEPool\"\
        ,\r\n        \"id\": \"/subscriptions/00000000-0000-0000-0000-000000000000/resourceGroups/cli_test_vmss_lb_sku000001/providers/Microsoft.Network/loadBalancers/lb1/backendAddressPools/lb1BEPool\"\
        ,\r\n        \"etag\": \"W/\\\"16093a5f-ab41-4aed-93a5-bb922510e89c\\\"\"\
        ,\r\n        \"properties\": {\r\n          \"provisioningState\": \"Succeeded\"\
        ,\r\n          \"backendIPConfigurations\": [\r\n            {\r\n       \
        \       \"id\": \"/subscriptions/00000000-0000-0000-0000-000000000000/resourceGroups/cli_test_vmss_lb_sku000001/providers/Microsoft.Compute/virtualMachineScaleSets/vmss1/virtualMachines/0/networkInterfaces/vmss14d66Nic/ipConfigurations/vmss14d66IPConfig\"\
        \r\n            },\r\n            {\r\n              \"id\": \"/subscriptions/00000000-0000-0000-0000-000000000000/resourceGroups/cli_test_vmss_lb_sku000001/providers/Microsoft.Compute/virtualMachineScaleSets/vmss1/virtualMachines/1/networkInterfaces/vmss14d66Nic/ipConfigurations/vmss14d66IPConfig\"\
        \r\n            },\r\n            {\r\n              \"id\": \"/subscriptions/00000000-0000-0000-0000-000000000000/resourceGroups/cli_test_vmss_lb_sku000001/providers/Microsoft.Compute/virtualMachineScaleSets/vmss1/virtualMachines/2/networkInterfaces/vmss14d66Nic/ipConfigurations/vmss14d66IPConfig\"\
        \r\n            },\r\n            {\r\n              \"id\": \"/subscriptions/00000000-0000-0000-0000-000000000000/resourceGroups/cli_test_vmss_lb_sku000001/providers/Microsoft.Compute/virtualMachineScaleSets/vmss1/virtualMachines/3/networkInterfaces/vmss14d66Nic/ipConfigurations/vmss14d66IPConfig\"\
        \r\n            }\r\n          ]\r\n        }\r\n      }\r\n    ],\r\n   \
        \ \"loadBalancingRules\": [],\r\n    \"probes\": [],\r\n    \"inboundNatRules\"\
        : [\r\n      {\r\n        \"name\": \"lb1NatPool.0\",\r\n        \"id\": \"\
        /subscriptions/00000000-0000-0000-0000-000000000000/resourceGroups/cli_test_vmss_lb_sku000001/providers/Microsoft.Network/loadBalancers/lb1/inboundNatRules/lb1NatPool.0\"\
        ,\r\n        \"etag\": \"W/\\\"16093a5f-ab41-4aed-93a5-bb922510e89c\\\"\"\
        ,\r\n        \"properties\": {\r\n          \"provisioningState\": \"Succeeded\"\
        ,\r\n          \"frontendIPConfiguration\": {\r\n            \"id\": \"/subscriptions/00000000-0000-0000-0000-000000000000/resourceGroups/cli_test_vmss_lb_sku000001/providers/Microsoft.Network/loadBalancers/lb1/frontendIPConfigurations/loadBalancerFrontEnd\"\
        \r\n          },\r\n          \"frontendPort\": 50000,\r\n          \"backendPort\"\
        : 22,\r\n          \"enableFloatingIP\": false,\r\n          \"idleTimeoutInMinutes\"\
        : 4,\r\n          \"protocol\": \"Tcp\",\r\n          \"backendIPConfiguration\"\
        : {\r\n            \"id\": \"/subscriptions/00000000-0000-0000-0000-000000000000/resourceGroups/cli_test_vmss_lb_sku000001/providers/Microsoft.Compute/virtualMachineScaleSets/vmss1/virtualMachines/0/networkInterfaces/vmss14d66Nic/ipConfigurations/vmss14d66IPConfig\"\
        \r\n          }\r\n        }\r\n      },\r\n      {\r\n        \"name\": \"\
        lb1NatPool.1\",\r\n        \"id\": \"/subscriptions/00000000-0000-0000-0000-000000000000/resourceGroups/cli_test_vmss_lb_sku000001/providers/Microsoft.Network/loadBalancers/lb1/inboundNatRules/lb1NatPool.1\"\
        ,\r\n        \"etag\": \"W/\\\"16093a5f-ab41-4aed-93a5-bb922510e89c\\\"\"\
        ,\r\n        \"properties\": {\r\n          \"provisioningState\": \"Succeeded\"\
        ,\r\n          \"frontendIPConfiguration\": {\r\n            \"id\": \"/subscriptions/00000000-0000-0000-0000-000000000000/resourceGroups/cli_test_vmss_lb_sku000001/providers/Microsoft.Network/loadBalancers/lb1/frontendIPConfigurations/loadBalancerFrontEnd\"\
        \r\n          },\r\n          \"frontendPort\": 50001,\r\n          \"backendPort\"\
        : 22,\r\n          \"enableFloatingIP\": false,\r\n          \"idleTimeoutInMinutes\"\
        : 4,\r\n          \"protocol\": \"Tcp\",\r\n          \"backendIPConfiguration\"\
        : {\r\n            \"id\": \"/subscriptions/00000000-0000-0000-0000-000000000000/resourceGroups/cli_test_vmss_lb_sku000001/providers/Microsoft.Compute/virtualMachineScaleSets/vmss1/virtualMachines/1/networkInterfaces/vmss14d66Nic/ipConfigurations/vmss14d66IPConfig\"\
        \r\n          }\r\n        }\r\n      },\r\n      {\r\n        \"name\": \"\
        lb1NatPool.2\",\r\n        \"id\": \"/subscriptions/00000000-0000-0000-0000-000000000000/resourceGroups/cli_test_vmss_lb_sku000001/providers/Microsoft.Network/loadBalancers/lb1/inboundNatRules/lb1NatPool.2\"\
        ,\r\n        \"etag\": \"W/\\\"16093a5f-ab41-4aed-93a5-bb922510e89c\\\"\"\
        ,\r\n        \"properties\": {\r\n          \"provisioningState\": \"Succeeded\"\
        ,\r\n          \"frontendIPConfiguration\": {\r\n            \"id\": \"/subscriptions/00000000-0000-0000-0000-000000000000/resourceGroups/cli_test_vmss_lb_sku000001/providers/Microsoft.Network/loadBalancers/lb1/frontendIPConfigurations/loadBalancerFrontEnd\"\
        \r\n          },\r\n          \"frontendPort\": 50002,\r\n          \"backendPort\"\
        : 22,\r\n          \"enableFloatingIP\": false,\r\n          \"idleTimeoutInMinutes\"\
        : 4,\r\n          \"protocol\": \"Tcp\",\r\n          \"backendIPConfiguration\"\
        : {\r\n            \"id\": \"/subscriptions/00000000-0000-0000-0000-000000000000/resourceGroups/cli_test_vmss_lb_sku000001/providers/Microsoft.Compute/virtualMachineScaleSets/vmss1/virtualMachines/2/networkInterfaces/vmss14d66Nic/ipConfigurations/vmss14d66IPConfig\"\
        \r\n          }\r\n        }\r\n      },\r\n      {\r\n        \"name\": \"\
        lb1NatPool.3\",\r\n        \"id\": \"/subscriptions/00000000-0000-0000-0000-000000000000/resourceGroups/cli_test_vmss_lb_sku000001/providers/Microsoft.Network/loadBalancers/lb1/inboundNatRules/lb1NatPool.3\"\
        ,\r\n        \"etag\": \"W/\\\"16093a5f-ab41-4aed-93a5-bb922510e89c\\\"\"\
        ,\r\n        \"properties\": {\r\n          \"provisioningState\": \"Succeeded\"\
        ,\r\n          \"frontendIPConfiguration\": {\r\n            \"id\": \"/subscriptions/00000000-0000-0000-0000-000000000000/resourceGroups/cli_test_vmss_lb_sku000001/providers/Microsoft.Network/loadBalancers/lb1/frontendIPConfigurations/loadBalancerFrontEnd\"\
        \r\n          },\r\n          \"frontendPort\": 50003,\r\n          \"backendPort\"\
        : 22,\r\n          \"enableFloatingIP\": false,\r\n          \"idleTimeoutInMinutes\"\
        : 4,\r\n          \"protocol\": \"Tcp\",\r\n          \"backendIPConfiguration\"\
        : {\r\n            \"id\": \"/subscriptions/00000000-0000-0000-0000-000000000000/resourceGroups/cli_test_vmss_lb_sku000001/providers/Microsoft.Compute/virtualMachineScaleSets/vmss1/virtualMachines/3/networkInterfaces/vmss14d66Nic/ipConfigurations/vmss14d66IPConfig\"\
        \r\n          }\r\n        }\r\n      }\r\n    ],\r\n    \"outboundNatRules\"\
        : [],\r\n    \"inboundNatPools\": [\r\n      {\r\n        \"name\": \"lb1NatPool\"\
        ,\r\n        \"id\": \"/subscriptions/00000000-0000-0000-0000-000000000000/resourceGroups/cli_test_vmss_lb_sku000001/providers/Microsoft.Network/loadBalancers/lb1/inboundNatPools/lb1NatPool\"\
        ,\r\n        \"etag\": \"W/\\\"16093a5f-ab41-4aed-93a5-bb922510e89c\\\"\"\
        ,\r\n        \"properties\": {\r\n          \"provisioningState\": \"Succeeded\"\
        ,\r\n          \"frontendPortRangeStart\": 50000,\r\n          \"frontendPortRangeEnd\"\
        : 50119,\r\n          \"backendPort\": 22,\r\n          \"protocol\": \"Tcp\"\
        ,\r\n          \"frontendIPConfiguration\": {\r\n            \"id\": \"/subscriptions/00000000-0000-0000-0000-000000000000/resourceGroups/cli_test_vmss_lb_sku000001/providers/Microsoft.Network/loadBalancers/lb1/frontendIPConfigurations/loadBalancerFrontEnd\"\
        \r\n          }\r\n        }\r\n      }\r\n    ]\r\n  },\r\n  \"sku\": {\r\
        \n    \"name\": \"Standard\"\r\n  }\r\n}"}
    headers:
      cache-control: [no-cache]
      content-length: ['10775']
      content-type: [application/json; charset=utf-8]
      date: ['Fri, 17 Nov 2017 16:50:30 GMT']
      etag: [W/"16093a5f-ab41-4aed-93a5-bb922510e89c"]
      expires: ['-1']
      pragma: [no-cache]
      server: [Microsoft-HTTPAPI/2.0, Microsoft-HTTPAPI/2.0]
      strict-transport-security: [max-age=31536000; includeSubDomains]
      transfer-encoding: [chunked]
      vary: [Accept-Encoding]
    status: {code: 200, message: OK}
- request:
    body: null
    headers:
      Accept: [application/json]
      Accept-Encoding: ['gzip, deflate']
      CommandName: [unknown]
      Connection: [keep-alive]
      Content-Type: [application/json; charset=utf-8]
      User-Agent: [python/3.5.3 (Windows-10-10.0.16299-SP0) requests/2.18.4 msrest/0.4.18
          msrest_azure/0.4.15 networkmanagementclient/1.5.0rc3 Azure-SDK-For-Python
          AZURECLI/2.0.21]
      accept-language: [en-US]
    method: GET
    uri: https://management.azure.com/subscriptions/00000000-0000-0000-0000-000000000000/resourceGroups/cli_test_vmss_lb_sku000001/providers/Microsoft.Network/publicIPAddresses/pubip1?api-version=2017-09-01
  response:
    body: {string: "{\r\n  \"name\": \"pubip1\",\r\n  \"id\": \"/subscriptions/00000000-0000-0000-0000-000000000000/resourceGroups/cli_test_vmss_lb_sku000001/providers/Microsoft.Network/publicIPAddresses/pubip1\"\
        ,\r\n  \"etag\": \"W/\\\"aa872fc5-0aee-466f-8e96-dbb6f8550b7a\\\"\",\r\n \
        \ \"location\": \"eastus2\",\r\n  \"tags\": {},\r\n  \"properties\": {\r\n\
        \    \"provisioningState\": \"Succeeded\",\r\n    \"resourceGuid\": \"95e1fa8e-4b54-4e26-a08f-8d1bffbbffc1\"\
        ,\r\n    \"ipAddress\": \"40.67.158.61\",\r\n    \"publicIPAddressVersion\"\
        : \"IPv4\",\r\n    \"publicIPAllocationMethod\": \"Static\",\r\n    \"idleTimeoutInMinutes\"\
        : 4,\r\n    \"ipConfiguration\": {\r\n      \"id\": \"/subscriptions/00000000-0000-0000-0000-000000000000/resourceGroups/cli_test_vmss_lb_sku000001/providers/Microsoft.Network/loadBalancers/lb1/frontendIPConfigurations/loadBalancerFrontEnd\"\
        \r\n    }\r\n  },\r\n  \"type\": \"Microsoft.Network/publicIPAddresses\",\r\
        \n  \"sku\": {\r\n    \"name\": \"Standard\"\r\n  }\r\n}"}
    headers:
      cache-control: [no-cache]
      content-length: ['978']
      content-type: [application/json; charset=utf-8]
      date: ['Fri, 17 Nov 2017 16:50:30 GMT']
      etag: [W/"aa872fc5-0aee-466f-8e96-dbb6f8550b7a"]
      expires: ['-1']
      pragma: [no-cache]
      server: [Microsoft-HTTPAPI/2.0, Microsoft-HTTPAPI/2.0]
      strict-transport-security: [max-age=31536000; includeSubDomains]
      transfer-encoding: [chunked]
      vary: [Accept-Encoding]
    status: {code: 200, message: OK}
- request:
    body: null
    headers:
      Accept: [application/json]
      Accept-Encoding: ['gzip, deflate']
      CommandName: [unknown]
      Connection: [keep-alive]
      Content-Length: ['0']
      Content-Type: [application/json; charset=utf-8]
      User-Agent: [python/3.5.3 (Windows-10-10.0.16299-SP0) requests/2.18.4 msrest/0.4.18
          msrest_azure/0.4.15 resourcemanagementclient/1.2.1 Azure-SDK-For-Python
          AZURECLI/2.0.21]
      accept-language: [en-US]
    method: DELETE
    uri: https://management.azure.com/subscriptions/00000000-0000-0000-0000-000000000000/resourcegroups/cli_test_vmss_lb_sku000001?api-version=2017-05-10
  response:
    body: {string: ''}
    headers:
      cache-control: [no-cache]
      content-length: ['0']
      date: ['Fri, 17 Nov 2017 16:50:31 GMT']
      expires: ['-1']
      location: ['https://management.azure.com/subscriptions/00000000-0000-0000-0000-000000000000/operationresults/eyJqb2JJZCI6IlJFU09VUkNFR1JPVVBERUxFVElPTkpPQi1DTEk6NUZURVNUOjVGVk1TUzo1RkxCOjVGU0tVTFdIQzZFQldHTEhXNUFESlNXVHw4NTJGOTg4NzNFRUQ3QjE3LVdFU1RVUyIsImpvYkxvY2F0aW9uIjoid2VzdHVzIn0?api-version=2017-05-10']
      pragma: [no-cache]
      strict-transport-security: [max-age=31536000; includeSubDomains]
      x-ms-ratelimit-remaining-subscription-writes: ['1199']
    status: {code: 202, message: Accepted}
version: 1
