interactions:
- request:
    body: '{"tags": {"use": "az-test"}, "location": "westus"}'
    headers:
      Accept: [application/json]
      Accept-Encoding: ['gzip, deflate']
      CommandName: [group create]
      Connection: [keep-alive]
      Content-Length: ['50']
      Content-Type: [application/json; charset=utf-8]
      User-Agent: [python/3.5.3 (Windows-10-10.0.16299-SP0) requests/2.18.4 msrest/0.4.19
          msrest_azure/0.4.17 resourcemanagementclient/1.2.1 Azure-SDK-For-Python
          AZURECLI/2.0.22]
      accept-language: [en-US]
    method: PUT
    uri: https://management.azure.com/subscriptions/00000000-0000-0000-0000-000000000000/resourcegroups/clitest.rg000001?api-version=2017-05-10
  response:
    body: {string: '{"id":"/subscriptions/00000000-0000-0000-0000-000000000000/resourceGroups/clitest.rg000001","name":"clitest.rg000001","location":"westus","tags":{"use":"az-test"},"properties":{"provisioningState":"Succeeded"}}'}
    headers:
      cache-control: [no-cache]
      content-length: ['328']
      content-type: [application/json; charset=utf-8]
      date: ['Thu, 30 Nov 2017 16:58:16 GMT']
      expires: ['-1']
      pragma: [no-cache]
      strict-transport-security: [max-age=31536000; includeSubDomains]
      x-ms-ratelimit-remaining-subscription-writes: ['1196']
    status: {code: 201, message: Created}
- request:
    body: null
    headers:
      Accept: [application/json]
      Accept-Encoding: ['gzip, deflate']
      CommandName: [network lb create]
      Connection: [keep-alive]
      Content-Type: [application/json; charset=utf-8]
      User-Agent: [python/3.5.3 (Windows-10-10.0.16299-SP0) requests/2.18.4 msrest/0.4.19
          msrest_azure/0.4.17 resourcemanagementclient/1.2.1 Azure-SDK-For-Python
          AZURECLI/2.0.22]
      accept-language: [en-US]
    method: GET
    uri: https://management.azure.com/subscriptions/00000000-0000-0000-0000-000000000000/resourcegroups/clitest.rg000001?api-version=2017-05-10
  response:
    body: {string: '{"id":"/subscriptions/00000000-0000-0000-0000-000000000000/resourceGroups/clitest.rg000001","name":"clitest.rg000001","location":"westus","tags":{"use":"az-test"},"properties":{"provisioningState":"Succeeded"}}'}
    headers:
      cache-control: [no-cache]
      content-length: ['328']
      content-type: [application/json; charset=utf-8]
      date: ['Thu, 30 Nov 2017 16:58:16 GMT']
      expires: ['-1']
      pragma: [no-cache]
      strict-transport-security: [max-age=31536000; includeSubDomains]
      vary: [Accept-Encoding]
    status: {code: 200, message: OK}
- request:
    body: null
    headers:
      Accept: [application/json]
      Accept-Encoding: ['gzip, deflate']
      CommandName: [network lb create]
      Connection: [keep-alive]
      Content-Type: [application/json; charset=utf-8]
      User-Agent: [python/3.5.3 (Windows-10-10.0.16299-SP0) requests/2.18.4 msrest/0.4.19
          msrest_azure/0.4.17 resourcemanagementclient/1.2.1 Azure-SDK-For-Python
          AZURECLI/2.0.22]
      accept-language: [en-US]
    method: GET
    uri: https://management.azure.com/subscriptions/00000000-0000-0000-0000-000000000000/resources?$filter=resourceGroup%20eq%20%27clitest.rg000001%27%20and%20name%20eq%20%27None%27%20and%20resourceType%20eq%20%27Microsoft.Network%2FpublicIPAddresses%27&api-version=2017-05-10
  response:
    body: {string: '{"value":[]}'}
    headers:
      cache-control: [no-cache]
      content-length: ['12']
      content-type: [application/json; charset=utf-8]
      date: ['Thu, 30 Nov 2017 16:58:17 GMT']
      expires: ['-1']
      pragma: [no-cache]
      strict-transport-security: [max-age=31536000; includeSubDomains]
      vary: [Accept-Encoding]
    status: {code: 200, message: OK}
- request:
    body: 'b''{"properties": {"parameters": {}, "mode": "Incremental", "template":
      {"parameters": {}, "outputs": {"loadBalancer": {"type": "object", "value": "[reference(\''lb1\'')]"}},
      "resources": [{"tags": {}, "properties": {"publicIPAllocationMethod": "Dynamic"},
      "apiVersion": "2017-10-01", "type": "Microsoft.Network/publicIPAddresses", "dependsOn":
      [], "sku": {"name": "Basic"}, "name": "PublicIPlb1", "location": "westus"},
      {"tags": {}, "properties": {"frontendIPConfigurations": [{"name": "LoadBalancerFrontEnd",
      "properties": {"publicIPAddress": {"id": "/subscriptions/00000000-0000-0000-0000-000000000000/resourceGroups/clitest.rg000001/providers/Microsoft.Network/publicIPAddresses/PublicIPlb1"}}}],
      "backendAddressPools": [{"name": "lb1bepool"}]}, "apiVersion": "2017-10-01",
      "type": "Microsoft.Network/loadBalancers", "dependsOn": ["Microsoft.Network/publicIpAddresses/PublicIPlb1"],
      "sku": {"name": "Basic"}, "name": "lb1", "location": "westus"}], "variables":
      {}, "contentVersion": "1.0.0.0", "$schema": "https://schema.management.azure.com/schemas/2015-01-01/deploymentTemplate.json#"}}}'''
    headers:
      Accept: [application/json]
      Accept-Encoding: ['gzip, deflate']
      CommandName: [network lb create]
      Connection: [keep-alive]
      Content-Length: ['1145']
      Content-Type: [application/json; charset=utf-8]
      User-Agent: [python/3.5.3 (Windows-10-10.0.16299-SP0) requests/2.18.4 msrest/0.4.19
          msrest_azure/0.4.17 resourcemanagementclient/1.2.1 Azure-SDK-For-Python
          AZURECLI/2.0.22]
      accept-language: [en-US]
    method: PUT
    uri: https://management.azure.com/subscriptions/00000000-0000-0000-0000-000000000000/resourcegroups/clitest.rg000001/providers/Microsoft.Resources/deployments/mock-deployment?api-version=2017-05-10
  response:
    body: {string: '{"id":"/subscriptions/00000000-0000-0000-0000-000000000000/resourceGroups/clitest.rg000001/providers/Microsoft.Resources/deployments/lb_deploy_iNDl2xOTuDgF4jgqaRrTRCYOVQ5znAJ3","name":"lb_deploy_iNDl2xOTuDgF4jgqaRrTRCYOVQ5znAJ3","properties":{"templateHash":"17509524505860551353","parameters":{},"mode":"Incremental","provisioningState":"Accepted","timestamp":"2017-11-30T16:58:19.7955787Z","duration":"PT0.5486362S","correlationId":"4621e76d-1b7c-4548-9317-bd27efc09aa3","providers":[{"namespace":"Microsoft.Network","resourceTypes":[{"resourceType":"publicIPAddresses","locations":["westus"]},{"resourceType":"loadBalancers","locations":["westus"]}]}],"dependencies":[{"dependsOn":[{"id":"/subscriptions/00000000-0000-0000-0000-000000000000/resourceGroups/clitest.rg000001/providers/Microsoft.Network/publicIPAddresses/PublicIPlb1","resourceType":"Microsoft.Network/publicIPAddresses","resourceName":"PublicIPlb1"}],"id":"/subscriptions/00000000-0000-0000-0000-000000000000/resourceGroups/clitest.rg000001/providers/Microsoft.Network/loadBalancers/lb1","resourceType":"Microsoft.Network/loadBalancers","resourceName":"lb1"}]}}'}
    headers:
      azure-asyncoperation: ['https://management.azure.com/subscriptions/00000000-0000-0000-0000-000000000000/resourcegroups/clitest.rg000001/providers/Microsoft.Resources/deployments/lb_deploy_iNDl2xOTuDgF4jgqaRrTRCYOVQ5znAJ3/operationStatuses/08586895457862306763?api-version=2017-05-10']
      cache-control: [no-cache]
      content-length: ['1306']
      content-type: [application/json; charset=utf-8]
      date: ['Thu, 30 Nov 2017 16:58:19 GMT']
      expires: ['-1']
      pragma: [no-cache]
      strict-transport-security: [max-age=31536000; includeSubDomains]
      x-ms-ratelimit-remaining-subscription-writes: ['1199']
    status: {code: 201, message: Created}
- request:
    body: null
    headers:
      Accept: [application/json]
      Accept-Encoding: ['gzip, deflate']
      CommandName: [network lb create]
      Connection: [keep-alive]
      Content-Type: [application/json; charset=utf-8]
      User-Agent: [python/3.5.3 (Windows-10-10.0.16299-SP0) requests/2.18.4 msrest/0.4.19
          msrest_azure/0.4.17 resourcemanagementclient/1.2.1 Azure-SDK-For-Python
          AZURECLI/2.0.22]
      accept-language: [en-US]
    method: GET
    uri: https://management.azure.com/subscriptions/00000000-0000-0000-0000-000000000000/resourcegroups/clitest.rg000001/providers/Microsoft.Resources/deployments/mock-deployment/operationStatuses/08586895457862306763?api-version=2017-05-10
  response:
    body: {string: '{"status":"Succeeded"}'}
    headers:
      cache-control: [no-cache]
      content-length: ['22']
      content-type: [application/json; charset=utf-8]
      date: ['Thu, 30 Nov 2017 16:58:50 GMT']
      expires: ['-1']
      pragma: [no-cache]
      strict-transport-security: [max-age=31536000; includeSubDomains]
      vary: [Accept-Encoding]
    status: {code: 200, message: OK}
- request:
    body: null
    headers:
      Accept: [application/json]
      Accept-Encoding: ['gzip, deflate']
      CommandName: [network lb create]
      Connection: [keep-alive]
      Content-Type: [application/json; charset=utf-8]
      User-Agent: [python/3.5.3 (Windows-10-10.0.16299-SP0) requests/2.18.4 msrest/0.4.19
          msrest_azure/0.4.17 resourcemanagementclient/1.2.1 Azure-SDK-For-Python
          AZURECLI/2.0.22]
      accept-language: [en-US]
    method: GET
    uri: https://management.azure.com/subscriptions/00000000-0000-0000-0000-000000000000/resourcegroups/clitest.rg000001/providers/Microsoft.Resources/deployments/mock-deployment?api-version=2017-05-10
  response:
    body: {string: '{"id":"/subscriptions/00000000-0000-0000-0000-000000000000/resourceGroups/clitest.rg000001/providers/Microsoft.Resources/deployments/lb_deploy_iNDl2xOTuDgF4jgqaRrTRCYOVQ5znAJ3","name":"lb_deploy_iNDl2xOTuDgF4jgqaRrTRCYOVQ5znAJ3","properties":{"templateHash":"17509524505860551353","parameters":{},"mode":"Incremental","provisioningState":"Succeeded","timestamp":"2017-11-30T16:58:30.4959817Z","duration":"PT11.2490392S","correlationId":"4621e76d-1b7c-4548-9317-bd27efc09aa3","providers":[{"namespace":"Microsoft.Network","resourceTypes":[{"resourceType":"publicIPAddresses","locations":["westus"]},{"resourceType":"loadBalancers","locations":["westus"]}]}],"dependencies":[{"dependsOn":[{"id":"/subscriptions/00000000-0000-0000-0000-000000000000/resourceGroups/clitest.rg000001/providers/Microsoft.Network/publicIPAddresses/PublicIPlb1","resourceType":"Microsoft.Network/publicIPAddresses","resourceName":"PublicIPlb1"}],"id":"/subscriptions/00000000-0000-0000-0000-000000000000/resourceGroups/clitest.rg000001/providers/Microsoft.Network/loadBalancers/lb1","resourceType":"Microsoft.Network/loadBalancers","resourceName":"lb1"}],"outputs":{"loadBalancer":{"type":"Object","value":{"provisioningState":"Succeeded","resourceGuid":"653f03bf-0691-4102-9e38-8e9da4bf6361","frontendIPConfigurations":[{"name":"LoadBalancerFrontEnd","id":"/subscriptions/00000000-0000-0000-0000-000000000000/resourceGroups/clitest.rg000001/providers/Microsoft.Network/loadBalancers/lb1/frontendIPConfigurations/LoadBalancerFrontEnd","etag":"W/\"92704a9a-7a82-4c15-84c3-15150b81fc9e\"","properties":{"provisioningState":"Succeeded","privateIPAllocationMethod":"Dynamic","publicIPAddress":{"id":"/subscriptions/00000000-0000-0000-0000-000000000000/resourceGroups/clitest.rg000001/providers/Microsoft.Network/publicIPAddresses/PublicIPlb1"}}}],"backendAddressPools":[{"name":"lb1bepool","id":"/subscriptions/00000000-0000-0000-0000-000000000000/resourceGroups/clitest.rg000001/providers/Microsoft.Network/loadBalancers/lb1/backendAddressPools/lb1bepool","etag":"W/\"92704a9a-7a82-4c15-84c3-15150b81fc9e\"","properties":{"provisioningState":"Succeeded"}}],"loadBalancingRules":[],"probes":[],"inboundNatRules":[],"outboundNatRules":[],"inboundNatPools":[]}}},"outputResources":[{"id":"/subscriptions/00000000-0000-0000-0000-000000000000/resourceGroups/clitest.rg000001/providers/Microsoft.Network/loadBalancers/lb1"},{"id":"/subscriptions/00000000-0000-0000-0000-000000000000/resourceGroups/clitest.rg000001/providers/Microsoft.Network/publicIPAddresses/PublicIPlb1"}]}}'}
    headers:
      cache-control: [no-cache]
      content-length: ['3015']
      content-type: [application/json; charset=utf-8]
      date: ['Thu, 30 Nov 2017 16:58:50 GMT']
      expires: ['-1']
      pragma: [no-cache]
      strict-transport-security: [max-age=31536000; includeSubDomains]
      vary: [Accept-Encoding]
    status: {code: 200, message: OK}
- request:
    body: null
    headers:
      Accept: [application/json]
      Accept-Encoding: ['gzip, deflate']
      CommandName: [network lb probe create]
      Connection: [keep-alive]
      Content-Type: [application/json; charset=utf-8]
      User-Agent: [python/3.5.3 (Windows-10-10.0.16299-SP0) requests/2.18.4 msrest/0.4.19
          msrest_azure/0.4.17 networkmanagementclient/1.6.0 Azure-SDK-For-Python AZURECLI/2.0.22]
      accept-language: [en-US]
    method: GET
    uri: https://management.azure.com/subscriptions/00000000-0000-0000-0000-000000000000/resourceGroups/clitest.rg000001/providers/Microsoft.Network/loadBalancers/lb1?api-version=2017-10-01
  response:
    body: {string: "{\r\n  \"name\": \"lb1\",\r\n  \"id\": \"/subscriptions/00000000-0000-0000-0000-000000000000/resourceGroups/clitest.rg000001/providers/Microsoft.Network/loadBalancers/lb1\"\
        ,\r\n  \"etag\": \"W/\\\"92704a9a-7a82-4c15-84c3-15150b81fc9e\\\"\",\r\n \
        \ \"type\": \"Microsoft.Network/loadBalancers\",\r\n  \"location\": \"westus\"\
        ,\r\n  \"tags\": {},\r\n  \"properties\": {\r\n    \"provisioningState\":\
        \ \"Succeeded\",\r\n    \"resourceGuid\": \"653f03bf-0691-4102-9e38-8e9da4bf6361\"\
        ,\r\n    \"frontendIPConfigurations\": [\r\n      {\r\n        \"name\": \"\
        LoadBalancerFrontEnd\",\r\n        \"id\": \"/subscriptions/00000000-0000-0000-0000-000000000000/resourceGroups/clitest.rg000001/providers/Microsoft.Network/loadBalancers/lb1/frontendIPConfigurations/LoadBalancerFrontEnd\"\
        ,\r\n        \"etag\": \"W/\\\"92704a9a-7a82-4c15-84c3-15150b81fc9e\\\"\"\
        ,\r\n        \"properties\": {\r\n          \"provisioningState\": \"Succeeded\"\
        ,\r\n          \"privateIPAllocationMethod\": \"Dynamic\",\r\n          \"\
        publicIPAddress\": {\r\n            \"id\": \"/subscriptions/00000000-0000-0000-0000-000000000000/resourceGroups/clitest.rg000001/providers/Microsoft.Network/publicIPAddresses/PublicIPlb1\"\
        \r\n          }\r\n        }\r\n      }\r\n    ],\r\n    \"backendAddressPools\"\
        : [\r\n      {\r\n        \"name\": \"lb1bepool\",\r\n        \"id\": \"/subscriptions/00000000-0000-0000-0000-000000000000/resourceGroups/clitest.rg000001/providers/Microsoft.Network/loadBalancers/lb1/backendAddressPools/lb1bepool\"\
        ,\r\n        \"etag\": \"W/\\\"92704a9a-7a82-4c15-84c3-15150b81fc9e\\\"\"\
        ,\r\n        \"properties\": {\r\n          \"provisioningState\": \"Succeeded\"\
        \r\n        }\r\n      }\r\n    ],\r\n    \"loadBalancingRules\": [],\r\n\
        \    \"probes\": [],\r\n    \"inboundNatRules\": [],\r\n    \"outboundNatRules\"\
        : [],\r\n    \"inboundNatPools\": []\r\n  },\r\n  \"sku\": {\r\n    \"name\"\
        : \"Basic\"\r\n  }\r\n}"}
    headers:
      cache-control: [no-cache]
      content-length: ['1946']
      content-type: [application/json; charset=utf-8]
      date: ['Thu, 30 Nov 2017 16:58:51 GMT']
      etag: [W/"92704a9a-7a82-4c15-84c3-15150b81fc9e"]
      expires: ['-1']
      pragma: [no-cache]
      server: [Microsoft-HTTPAPI/2.0, Microsoft-HTTPAPI/2.0]
      strict-transport-security: [max-age=31536000; includeSubDomains]
      transfer-encoding: [chunked]
      vary: [Accept-Encoding]
    status: {code: 200, message: OK}
- request:
    body: 'b''{"tags": {}, "properties": {"inboundNatPools": [], "probes": [{"name":
      "probe1", "properties": {"port": 80, "protocol": "Http", "requestPath": "/"}}],
      "resourceGuid": "653f03bf-0691-4102-9e38-8e9da4bf6361", "backendAddressPools":
      [{"name": "lb1bepool", "properties": {"provisioningState": "Succeeded"}, "etag":
      "W/\\"92704a9a-7a82-4c15-84c3-15150b81fc9e\\"", "id": "/subscriptions/00000000-0000-0000-0000-000000000000/resourceGroups/clitest.rg000001/providers/Microsoft.Network/loadBalancers/lb1/backendAddressPools/lb1bepool"}],
      "provisioningState": "Succeeded", "inboundNatRules": [], "loadBalancingRules":
      [], "outboundNatRules": [], "frontendIPConfigurations": [{"name": "LoadBalancerFrontEnd",
      "properties": {"provisioningState": "Succeeded", "publicIPAddress": {"id": "/subscriptions/00000000-0000-0000-0000-000000000000/resourceGroups/clitest.rg000001/providers/Microsoft.Network/publicIPAddresses/PublicIPlb1"},
      "privateIPAllocationMethod": "Dynamic"}, "etag": "W/\\"92704a9a-7a82-4c15-84c3-15150b81fc9e\\"",
      "id": "/subscriptions/00000000-0000-0000-0000-000000000000/resourceGroups/clitest.rg000001/providers/Microsoft.Network/loadBalancers/lb1/frontendIPConfigurations/LoadBalancerFrontEnd"}]},
      "etag": "W/\\"92704a9a-7a82-4c15-84c3-15150b81fc9e\\"", "id": "/subscriptions/00000000-0000-0000-0000-000000000000/resourceGroups/clitest.rg000001/providers/Microsoft.Network/loadBalancers/lb1",
      "sku": {"name": "Basic"}, "location": "westus"}'''
    headers:
      Accept: [application/json]
      Accept-Encoding: ['gzip, deflate']
      CommandName: [network lb probe create]
      Connection: [keep-alive]
      Content-Length: ['1677']
      Content-Type: [application/json; charset=utf-8]
      User-Agent: [python/3.5.3 (Windows-10-10.0.16299-SP0) requests/2.18.4 msrest/0.4.19
          msrest_azure/0.4.17 networkmanagementclient/1.6.0 Azure-SDK-For-Python AZURECLI/2.0.22]
      accept-language: [en-US]
    method: PUT
    uri: https://management.azure.com/subscriptions/00000000-0000-0000-0000-000000000000/resourceGroups/clitest.rg000001/providers/Microsoft.Network/loadBalancers/lb1?api-version=2017-10-01
  response:
    body: {string: "{\r\n  \"name\": \"lb1\",\r\n  \"id\": \"/subscriptions/00000000-0000-0000-0000-000000000000/resourceGroups/clitest.rg000001/providers/Microsoft.Network/loadBalancers/lb1\"\
        ,\r\n  \"etag\": \"W/\\\"942a562a-7c5c-48cd-a369-a55c7c15c111\\\"\",\r\n \
        \ \"type\": \"Microsoft.Network/loadBalancers\",\r\n  \"location\": \"westus\"\
        ,\r\n  \"tags\": {},\r\n  \"properties\": {\r\n    \"provisioningState\":\
        \ \"Succeeded\",\r\n    \"resourceGuid\": \"653f03bf-0691-4102-9e38-8e9da4bf6361\"\
        ,\r\n    \"frontendIPConfigurations\": [\r\n      {\r\n        \"name\": \"\
        LoadBalancerFrontEnd\",\r\n        \"id\": \"/subscriptions/00000000-0000-0000-0000-000000000000/resourceGroups/clitest.rg000001/providers/Microsoft.Network/loadBalancers/lb1/frontendIPConfigurations/LoadBalancerFrontEnd\"\
        ,\r\n        \"etag\": \"W/\\\"942a562a-7c5c-48cd-a369-a55c7c15c111\\\"\"\
        ,\r\n        \"properties\": {\r\n          \"provisioningState\": \"Succeeded\"\
        ,\r\n          \"privateIPAllocationMethod\": \"Dynamic\",\r\n          \"\
        publicIPAddress\": {\r\n            \"id\": \"/subscriptions/00000000-0000-0000-0000-000000000000/resourceGroups/clitest.rg000001/providers/Microsoft.Network/publicIPAddresses/PublicIPlb1\"\
        \r\n          }\r\n        }\r\n      }\r\n    ],\r\n    \"backendAddressPools\"\
        : [\r\n      {\r\n        \"name\": \"lb1bepool\",\r\n        \"id\": \"/subscriptions/00000000-0000-0000-0000-000000000000/resourceGroups/clitest.rg000001/providers/Microsoft.Network/loadBalancers/lb1/backendAddressPools/lb1bepool\"\
        ,\r\n        \"etag\": \"W/\\\"942a562a-7c5c-48cd-a369-a55c7c15c111\\\"\"\
        ,\r\n        \"properties\": {\r\n          \"provisioningState\": \"Succeeded\"\
        \r\n        }\r\n      }\r\n    ],\r\n    \"loadBalancingRules\": [],\r\n\
        \    \"probes\": [\r\n      {\r\n        \"name\": \"probe1\",\r\n       \
        \ \"id\": \"/subscriptions/00000000-0000-0000-0000-000000000000/resourceGroups/clitest.rg000001/providers/Microsoft.Network/loadBalancers/lb1/probes/probe1\"\
        ,\r\n        \"etag\": \"W/\\\"942a562a-7c5c-48cd-a369-a55c7c15c111\\\"\"\
        ,\r\n        \"properties\": {\r\n          \"provisioningState\": \"Succeeded\"\
        ,\r\n          \"protocol\": \"Http\",\r\n          \"port\": 80,\r\n    \
        \      \"requestPath\": \"/\",\r\n          \"intervalInSeconds\": 15,\r\n\
        \          \"numberOfProbes\": 2\r\n        }\r\n      }\r\n    ],\r\n   \
        \ \"inboundNatRules\": [],\r\n    \"outboundNatRules\": [],\r\n    \"inboundNatPools\"\
        : []\r\n  },\r\n  \"sku\": {\r\n    \"name\": \"Basic\"\r\n  }\r\n}"}
    headers:
      azure-asyncoperation: ['https://management.azure.com/subscriptions/00000000-0000-0000-0000-000000000000/providers/Microsoft.Network/locations/westus/operations/e9838f35-63ed-4763-b35f-e8362cbe901a?api-version=2017-10-01']
      cache-control: [no-cache]
      content-length: ['2514']
      content-type: [application/json; charset=utf-8]
      date: ['Thu, 30 Nov 2017 16:58:52 GMT']
      expires: ['-1']
      pragma: [no-cache]
      server: [Microsoft-HTTPAPI/2.0, Microsoft-HTTPAPI/2.0]
      strict-transport-security: [max-age=31536000; includeSubDomains]
      transfer-encoding: [chunked]
      vary: [Accept-Encoding]
      x-ms-ratelimit-remaining-subscription-writes: ['1199']
    status: {code: 200, message: OK}
- request:
    body: null
    headers:
      Accept: [application/json]
      Accept-Encoding: ['gzip, deflate']
      CommandName: [network lb probe create]
      Connection: [keep-alive]
      Content-Type: [application/json; charset=utf-8]
      User-Agent: [python/3.5.3 (Windows-10-10.0.16299-SP0) requests/2.18.4 msrest/0.4.19
          msrest_azure/0.4.17 networkmanagementclient/1.6.0 Azure-SDK-For-Python AZURECLI/2.0.22]
      accept-language: [en-US]
    method: GET
    uri: https://management.azure.com/subscriptions/00000000-0000-0000-0000-000000000000/providers/Microsoft.Network/locations/westus/operations/e9838f35-63ed-4763-b35f-e8362cbe901a?api-version=2017-10-01
  response:
    body: {string: "{\r\n  \"status\": \"Succeeded\"\r\n}"}
    headers:
      cache-control: [no-cache]
      content-length: ['29']
      content-type: [application/json; charset=utf-8]
      date: ['Thu, 30 Nov 2017 16:59:23 GMT']
      expires: ['-1']
      pragma: [no-cache]
      server: [Microsoft-HTTPAPI/2.0, Microsoft-HTTPAPI/2.0]
      strict-transport-security: [max-age=31536000; includeSubDomains]
      transfer-encoding: [chunked]
      vary: [Accept-Encoding]
    status: {code: 200, message: OK}
- request:
    body: null
    headers:
      Accept: [application/json]
      Accept-Encoding: ['gzip, deflate']
      CommandName: [network lb probe create]
      Connection: [keep-alive]
      Content-Type: [application/json; charset=utf-8]
      User-Agent: [python/3.5.3 (Windows-10-10.0.16299-SP0) requests/2.18.4 msrest/0.4.19
          msrest_azure/0.4.17 networkmanagementclient/1.6.0 Azure-SDK-For-Python AZURECLI/2.0.22]
      accept-language: [en-US]
    method: GET
    uri: https://management.azure.com/subscriptions/00000000-0000-0000-0000-000000000000/resourceGroups/clitest.rg000001/providers/Microsoft.Network/loadBalancers/lb1?api-version=2017-10-01
  response:
    body: {string: "{\r\n  \"name\": \"lb1\",\r\n  \"id\": \"/subscriptions/00000000-0000-0000-0000-000000000000/resourceGroups/clitest.rg000001/providers/Microsoft.Network/loadBalancers/lb1\"\
        ,\r\n  \"etag\": \"W/\\\"942a562a-7c5c-48cd-a369-a55c7c15c111\\\"\",\r\n \
        \ \"type\": \"Microsoft.Network/loadBalancers\",\r\n  \"location\": \"westus\"\
        ,\r\n  \"tags\": {},\r\n  \"properties\": {\r\n    \"provisioningState\":\
        \ \"Succeeded\",\r\n    \"resourceGuid\": \"653f03bf-0691-4102-9e38-8e9da4bf6361\"\
        ,\r\n    \"frontendIPConfigurations\": [\r\n      {\r\n        \"name\": \"\
        LoadBalancerFrontEnd\",\r\n        \"id\": \"/subscriptions/00000000-0000-0000-0000-000000000000/resourceGroups/clitest.rg000001/providers/Microsoft.Network/loadBalancers/lb1/frontendIPConfigurations/LoadBalancerFrontEnd\"\
        ,\r\n        \"etag\": \"W/\\\"942a562a-7c5c-48cd-a369-a55c7c15c111\\\"\"\
        ,\r\n        \"properties\": {\r\n          \"provisioningState\": \"Succeeded\"\
        ,\r\n          \"privateIPAllocationMethod\": \"Dynamic\",\r\n          \"\
        publicIPAddress\": {\r\n            \"id\": \"/subscriptions/00000000-0000-0000-0000-000000000000/resourceGroups/clitest.rg000001/providers/Microsoft.Network/publicIPAddresses/PublicIPlb1\"\
        \r\n          }\r\n        }\r\n      }\r\n    ],\r\n    \"backendAddressPools\"\
        : [\r\n      {\r\n        \"name\": \"lb1bepool\",\r\n        \"id\": \"/subscriptions/00000000-0000-0000-0000-000000000000/resourceGroups/clitest.rg000001/providers/Microsoft.Network/loadBalancers/lb1/backendAddressPools/lb1bepool\"\
        ,\r\n        \"etag\": \"W/\\\"942a562a-7c5c-48cd-a369-a55c7c15c111\\\"\"\
        ,\r\n        \"properties\": {\r\n          \"provisioningState\": \"Succeeded\"\
        \r\n        }\r\n      }\r\n    ],\r\n    \"loadBalancingRules\": [],\r\n\
        \    \"probes\": [\r\n      {\r\n        \"name\": \"probe1\",\r\n       \
        \ \"id\": \"/subscriptions/00000000-0000-0000-0000-000000000000/resourceGroups/clitest.rg000001/providers/Microsoft.Network/loadBalancers/lb1/probes/probe1\"\
        ,\r\n        \"etag\": \"W/\\\"942a562a-7c5c-48cd-a369-a55c7c15c111\\\"\"\
        ,\r\n        \"properties\": {\r\n          \"provisioningState\": \"Succeeded\"\
        ,\r\n          \"protocol\": \"Http\",\r\n          \"port\": 80,\r\n    \
        \      \"requestPath\": \"/\",\r\n          \"intervalInSeconds\": 15,\r\n\
        \          \"numberOfProbes\": 2\r\n        }\r\n      }\r\n    ],\r\n   \
        \ \"inboundNatRules\": [],\r\n    \"outboundNatRules\": [],\r\n    \"inboundNatPools\"\
        : []\r\n  },\r\n  \"sku\": {\r\n    \"name\": \"Basic\"\r\n  }\r\n}"}
    headers:
      cache-control: [no-cache]
      content-length: ['2514']
      content-type: [application/json; charset=utf-8]
      date: ['Thu, 30 Nov 2017 16:59:22 GMT']
      etag: [W/"942a562a-7c5c-48cd-a369-a55c7c15c111"]
      expires: ['-1']
      pragma: [no-cache]
      server: [Microsoft-HTTPAPI/2.0, Microsoft-HTTPAPI/2.0]
      strict-transport-security: [max-age=31536000; includeSubDomains]
      transfer-encoding: [chunked]
      vary: [Accept-Encoding]
    status: {code: 200, message: OK}
- request:
    body: null
    headers:
      Accept: [application/json]
      Accept-Encoding: ['gzip, deflate']
      CommandName: [network lb rule create]
      Connection: [keep-alive]
      Content-Type: [application/json; charset=utf-8]
      User-Agent: [python/3.5.3 (Windows-10-10.0.16299-SP0) requests/2.18.4 msrest/0.4.19
          msrest_azure/0.4.17 networkmanagementclient/1.6.0 Azure-SDK-For-Python AZURECLI/2.0.22]
      accept-language: [en-US]
    method: GET
    uri: https://management.azure.com/subscriptions/00000000-0000-0000-0000-000000000000/resourceGroups/clitest.rg000001/providers/Microsoft.Network/loadBalancers/lb1?api-version=2017-10-01
  response:
    body: {string: "{\r\n  \"name\": \"lb1\",\r\n  \"id\": \"/subscriptions/00000000-0000-0000-0000-000000000000/resourceGroups/clitest.rg000001/providers/Microsoft.Network/loadBalancers/lb1\"\
        ,\r\n  \"etag\": \"W/\\\"942a562a-7c5c-48cd-a369-a55c7c15c111\\\"\",\r\n \
        \ \"type\": \"Microsoft.Network/loadBalancers\",\r\n  \"location\": \"westus\"\
        ,\r\n  \"tags\": {},\r\n  \"properties\": {\r\n    \"provisioningState\":\
        \ \"Succeeded\",\r\n    \"resourceGuid\": \"653f03bf-0691-4102-9e38-8e9da4bf6361\"\
        ,\r\n    \"frontendIPConfigurations\": [\r\n      {\r\n        \"name\": \"\
        LoadBalancerFrontEnd\",\r\n        \"id\": \"/subscriptions/00000000-0000-0000-0000-000000000000/resourceGroups/clitest.rg000001/providers/Microsoft.Network/loadBalancers/lb1/frontendIPConfigurations/LoadBalancerFrontEnd\"\
        ,\r\n        \"etag\": \"W/\\\"942a562a-7c5c-48cd-a369-a55c7c15c111\\\"\"\
        ,\r\n        \"properties\": {\r\n          \"provisioningState\": \"Succeeded\"\
        ,\r\n          \"privateIPAllocationMethod\": \"Dynamic\",\r\n          \"\
        publicIPAddress\": {\r\n            \"id\": \"/subscriptions/00000000-0000-0000-0000-000000000000/resourceGroups/clitest.rg000001/providers/Microsoft.Network/publicIPAddresses/PublicIPlb1\"\
        \r\n          }\r\n        }\r\n      }\r\n    ],\r\n    \"backendAddressPools\"\
        : [\r\n      {\r\n        \"name\": \"lb1bepool\",\r\n        \"id\": \"/subscriptions/00000000-0000-0000-0000-000000000000/resourceGroups/clitest.rg000001/providers/Microsoft.Network/loadBalancers/lb1/backendAddressPools/lb1bepool\"\
        ,\r\n        \"etag\": \"W/\\\"942a562a-7c5c-48cd-a369-a55c7c15c111\\\"\"\
        ,\r\n        \"properties\": {\r\n          \"provisioningState\": \"Succeeded\"\
        \r\n        }\r\n      }\r\n    ],\r\n    \"loadBalancingRules\": [],\r\n\
        \    \"probes\": [\r\n      {\r\n        \"name\": \"probe1\",\r\n       \
        \ \"id\": \"/subscriptions/00000000-0000-0000-0000-000000000000/resourceGroups/clitest.rg000001/providers/Microsoft.Network/loadBalancers/lb1/probes/probe1\"\
        ,\r\n        \"etag\": \"W/\\\"942a562a-7c5c-48cd-a369-a55c7c15c111\\\"\"\
        ,\r\n        \"properties\": {\r\n          \"provisioningState\": \"Succeeded\"\
        ,\r\n          \"protocol\": \"Http\",\r\n          \"port\": 80,\r\n    \
        \      \"requestPath\": \"/\",\r\n          \"intervalInSeconds\": 15,\r\n\
        \          \"numberOfProbes\": 2\r\n        }\r\n      }\r\n    ],\r\n   \
        \ \"inboundNatRules\": [],\r\n    \"outboundNatRules\": [],\r\n    \"inboundNatPools\"\
        : []\r\n  },\r\n  \"sku\": {\r\n    \"name\": \"Basic\"\r\n  }\r\n}"}
    headers:
      cache-control: [no-cache]
      content-length: ['2514']
      content-type: [application/json; charset=utf-8]
      date: ['Thu, 30 Nov 2017 16:59:23 GMT']
      etag: [W/"942a562a-7c5c-48cd-a369-a55c7c15c111"]
      expires: ['-1']
      pragma: [no-cache]
      server: [Microsoft-HTTPAPI/2.0, Microsoft-HTTPAPI/2.0]
      strict-transport-security: [max-age=31536000; includeSubDomains]
      transfer-encoding: [chunked]
      vary: [Accept-Encoding]
    status: {code: 200, message: OK}
- request:
    body: 'b''{"tags": {}, "properties": {"inboundNatPools": [], "probes": [{"name":
      "probe1", "properties": {"intervalInSeconds": 15, "port": 80, "protocol": "Http",
      "provisioningState": "Succeeded", "requestPath": "/", "numberOfProbes": 2},
      "etag": "W/\\"942a562a-7c5c-48cd-a369-a55c7c15c111\\"", "id": "/subscriptions/00000000-0000-0000-0000-000000000000/resourceGroups/clitest.rg000001/providers/Microsoft.Network/loadBalancers/lb1/probes/probe1"}],
      "resourceGuid": "653f03bf-0691-4102-9e38-8e9da4bf6361", "backendAddressPools":
      [{"name": "lb1bepool", "properties": {"provisioningState": "Succeeded"}, "etag":
      "W/\\"942a562a-7c5c-48cd-a369-a55c7c15c111\\"", "id": "/subscriptions/00000000-0000-0000-0000-000000000000/resourceGroups/clitest.rg000001/providers/Microsoft.Network/loadBalancers/lb1/backendAddressPools/lb1bepool"}],
      "provisioningState": "Succeeded", "inboundNatRules": [], "loadBalancingRules":
      [{"name": "rule1", "properties": {"backendPort": 80, "enableFloatingIP": false,
      "loadDistribution": "Default", "backendAddressPool": {"name": "lb1bepool", "properties":
      {"provisioningState": "Succeeded"}, "etag": "W/\\"942a562a-7c5c-48cd-a369-a55c7c15c111\\"",
      "id": "/subscriptions/00000000-0000-0000-0000-000000000000/resourceGroups/clitest.rg000001/providers/Microsoft.Network/loadBalancers/lb1/backendAddressPools/lb1bepool"},
      "frontendIPConfiguration": {"name": "LoadBalancerFrontEnd", "properties": {"provisioningState":
      "Succeeded", "publicIPAddress": {"id": "/subscriptions/00000000-0000-0000-0000-000000000000/resourceGroups/clitest.rg000001/providers/Microsoft.Network/publicIPAddresses/PublicIPlb1"},
      "privateIPAllocationMethod": "Dynamic"}, "etag": "W/\\"942a562a-7c5c-48cd-a369-a55c7c15c111\\"",
      "id": "/subscriptions/00000000-0000-0000-0000-000000000000/resourceGroups/clitest.rg000001/providers/Microsoft.Network/loadBalancers/lb1/frontendIPConfigurations/LoadBalancerFrontEnd"},
      "frontendPort": 80, "protocol": "Tcp", "probe": {"name": "probe1", "properties":
      {"intervalInSeconds": 15, "port": 80, "protocol": "Http", "provisioningState":
      "Succeeded", "requestPath": "/", "numberOfProbes": 2}, "etag": "W/\\"942a562a-7c5c-48cd-a369-a55c7c15c111\\"",
      "id": "/subscriptions/00000000-0000-0000-0000-000000000000/resourceGroups/clitest.rg000001/providers/Microsoft.Network/loadBalancers/lb1/probes/probe1"}}}],
      "outboundNatRules": [], "frontendIPConfigurations": [{"name": "LoadBalancerFrontEnd",
      "properties": {"provisioningState": "Succeeded", "publicIPAddress": {"id": "/subscriptions/00000000-0000-0000-0000-000000000000/resourceGroups/clitest.rg000001/providers/Microsoft.Network/publicIPAddresses/PublicIPlb1"},
      "privateIPAllocationMethod": "Dynamic"}, "etag": "W/\\"942a562a-7c5c-48cd-a369-a55c7c15c111\\"",
      "id": "/subscriptions/00000000-0000-0000-0000-000000000000/resourceGroups/clitest.rg000001/providers/Microsoft.Network/loadBalancers/lb1/frontendIPConfigurations/LoadBalancerFrontEnd"}]},
      "etag": "W/\\"942a562a-7c5c-48cd-a369-a55c7c15c111\\"", "id": "/subscriptions/00000000-0000-0000-0000-000000000000/resourceGroups/clitest.rg000001/providers/Microsoft.Network/loadBalancers/lb1",
      "sku": {"name": "Basic"}, "location": "westus"}'''
    headers:
      Accept: [application/json]
      Accept-Encoding: ['gzip, deflate']
      CommandName: [network lb rule create]
      Connection: [keep-alive]
      Content-Length: ['3672']
      Content-Type: [application/json; charset=utf-8]
      User-Agent: [python/3.5.3 (Windows-10-10.0.16299-SP0) requests/2.18.4 msrest/0.4.19
          msrest_azure/0.4.17 networkmanagementclient/1.6.0 Azure-SDK-For-Python AZURECLI/2.0.22]
      accept-language: [en-US]
    method: PUT
    uri: https://management.azure.com/subscriptions/00000000-0000-0000-0000-000000000000/resourceGroups/clitest.rg000001/providers/Microsoft.Network/loadBalancers/lb1?api-version=2017-10-01
  response:
    body: {string: "{\r\n  \"name\": \"lb1\",\r\n  \"id\": \"/subscriptions/00000000-0000-0000-0000-000000000000/resourceGroups/clitest.rg000001/providers/Microsoft.Network/loadBalancers/lb1\"\
        ,\r\n  \"etag\": \"W/\\\"162f89a8-7876-4434-89b0-ec243c263d16\\\"\",\r\n \
        \ \"type\": \"Microsoft.Network/loadBalancers\",\r\n  \"location\": \"westus\"\
        ,\r\n  \"tags\": {},\r\n  \"properties\": {\r\n    \"provisioningState\":\
        \ \"Succeeded\",\r\n    \"resourceGuid\": \"653f03bf-0691-4102-9e38-8e9da4bf6361\"\
        ,\r\n    \"frontendIPConfigurations\": [\r\n      {\r\n        \"name\": \"\
        LoadBalancerFrontEnd\",\r\n        \"id\": \"/subscriptions/00000000-0000-0000-0000-000000000000/resourceGroups/clitest.rg000001/providers/Microsoft.Network/loadBalancers/lb1/frontendIPConfigurations/LoadBalancerFrontEnd\"\
        ,\r\n        \"etag\": \"W/\\\"162f89a8-7876-4434-89b0-ec243c263d16\\\"\"\
        ,\r\n        \"properties\": {\r\n          \"provisioningState\": \"Succeeded\"\
        ,\r\n          \"privateIPAllocationMethod\": \"Dynamic\",\r\n          \"\
        publicIPAddress\": {\r\n            \"id\": \"/subscriptions/00000000-0000-0000-0000-000000000000/resourceGroups/clitest.rg000001/providers/Microsoft.Network/publicIPAddresses/PublicIPlb1\"\
        \r\n          },\r\n          \"loadBalancingRules\": [\r\n            {\r\
        \n              \"id\": \"/subscriptions/00000000-0000-0000-0000-000000000000/resourceGroups/clitest.rg000001/providers/Microsoft.Network/loadBalancers/lb1/loadBalancingRules/rule1\"\
        \r\n            }\r\n          ]\r\n        }\r\n      }\r\n    ],\r\n   \
        \ \"backendAddressPools\": [\r\n      {\r\n        \"name\": \"lb1bepool\"\
        ,\r\n        \"id\": \"/subscriptions/00000000-0000-0000-0000-000000000000/resourceGroups/clitest.rg000001/providers/Microsoft.Network/loadBalancers/lb1/backendAddressPools/lb1bepool\"\
        ,\r\n        \"etag\": \"W/\\\"162f89a8-7876-4434-89b0-ec243c263d16\\\"\"\
        ,\r\n        \"properties\": {\r\n          \"provisioningState\": \"Succeeded\"\
        ,\r\n          \"loadBalancingRules\": [\r\n            {\r\n            \
        \  \"id\": \"/subscriptions/00000000-0000-0000-0000-000000000000/resourceGroups/clitest.rg000001/providers/Microsoft.Network/loadBalancers/lb1/loadBalancingRules/rule1\"\
        \r\n            }\r\n          ]\r\n        }\r\n      }\r\n    ],\r\n   \
        \ \"loadBalancingRules\": [\r\n      {\r\n        \"name\": \"rule1\",\r\n\
        \        \"id\": \"/subscriptions/00000000-0000-0000-0000-000000000000/resourceGroups/clitest.rg000001/providers/Microsoft.Network/loadBalancers/lb1/loadBalancingRules/rule1\"\
        ,\r\n        \"etag\": \"W/\\\"162f89a8-7876-4434-89b0-ec243c263d16\\\"\"\
        ,\r\n        \"properties\": {\r\n          \"provisioningState\": \"Succeeded\"\
        ,\r\n          \"frontendIPConfiguration\": {\r\n            \"id\": \"/subscriptions/00000000-0000-0000-0000-000000000000/resourceGroups/clitest.rg000001/providers/Microsoft.Network/loadBalancers/lb1/frontendIPConfigurations/LoadBalancerFrontEnd\"\
        \r\n          },\r\n          \"frontendPort\": 80,\r\n          \"backendPort\"\
        : 80,\r\n          \"enableFloatingIP\": false,\r\n          \"idleTimeoutInMinutes\"\
        : 4,\r\n          \"protocol\": \"Tcp\",\r\n          \"loadDistribution\"\
        : \"Default\",\r\n          \"backendAddressPool\": {\r\n            \"id\"\
        : \"/subscriptions/00000000-0000-0000-0000-000000000000/resourceGroups/clitest.rg000001/providers/Microsoft.Network/loadBalancers/lb1/backendAddressPools/lb1bepool\"\
        \r\n          },\r\n          \"probe\": {\r\n            \"id\": \"/subscriptions/00000000-0000-0000-0000-000000000000/resourceGroups/clitest.rg000001/providers/Microsoft.Network/loadBalancers/lb1/probes/probe1\"\
        \r\n          }\r\n        }\r\n      }\r\n    ],\r\n    \"probes\": [\r\n\
        \      {\r\n        \"name\": \"probe1\",\r\n        \"id\": \"/subscriptions/00000000-0000-0000-0000-000000000000/resourceGroups/clitest.rg000001/providers/Microsoft.Network/loadBalancers/lb1/probes/probe1\"\
        ,\r\n        \"etag\": \"W/\\\"162f89a8-7876-4434-89b0-ec243c263d16\\\"\"\
        ,\r\n        \"properties\": {\r\n          \"provisioningState\": \"Succeeded\"\
        ,\r\n          \"protocol\": \"Http\",\r\n          \"port\": 80,\r\n    \
        \      \"requestPath\": \"/\",\r\n          \"intervalInSeconds\": 15,\r\n\
        \          \"numberOfProbes\": 2,\r\n          \"loadBalancingRules\": [\r\
        \n            {\r\n              \"id\": \"/subscriptions/00000000-0000-0000-0000-000000000000/resourceGroups/clitest.rg000001/providers/Microsoft.Network/loadBalancers/lb1/loadBalancingRules/rule1\"\
        \r\n            }\r\n          ]\r\n        }\r\n      }\r\n    ],\r\n   \
        \ \"inboundNatRules\": [],\r\n    \"outboundNatRules\": [],\r\n    \"inboundNatPools\"\
        : []\r\n  },\r\n  \"sku\": {\r\n    \"name\": \"Basic\"\r\n  }\r\n}"}
    headers:
      azure-asyncoperation: ['https://management.azure.com/subscriptions/00000000-0000-0000-0000-000000000000/providers/Microsoft.Network/locations/westus/operations/21588f2d-1c3a-4ab2-88c1-f9c6f3f55f63?api-version=2017-10-01']
      cache-control: [no-cache]
      content-length: ['4955']
      content-type: [application/json; charset=utf-8]
      date: ['Thu, 30 Nov 2017 16:59:24 GMT']
      expires: ['-1']
      pragma: [no-cache]
      server: [Microsoft-HTTPAPI/2.0, Microsoft-HTTPAPI/2.0]
      strict-transport-security: [max-age=31536000; includeSubDomains]
      transfer-encoding: [chunked]
      vary: [Accept-Encoding]
      x-ms-ratelimit-remaining-subscription-writes: ['1198']
    status: {code: 200, message: OK}
- request:
    body: null
    headers:
      Accept: [application/json]
      Accept-Encoding: ['gzip, deflate']
      CommandName: [network lb rule create]
      Connection: [keep-alive]
      Content-Type: [application/json; charset=utf-8]
      User-Agent: [python/3.5.3 (Windows-10-10.0.16299-SP0) requests/2.18.4 msrest/0.4.19
          msrest_azure/0.4.17 networkmanagementclient/1.6.0 Azure-SDK-For-Python AZURECLI/2.0.22]
      accept-language: [en-US]
    method: GET
    uri: https://management.azure.com/subscriptions/00000000-0000-0000-0000-000000000000/providers/Microsoft.Network/locations/westus/operations/21588f2d-1c3a-4ab2-88c1-f9c6f3f55f63?api-version=2017-10-01
  response:
    body: {string: "{\r\n  \"status\": \"Succeeded\"\r\n}"}
    headers:
      cache-control: [no-cache]
      content-length: ['29']
      content-type: [application/json; charset=utf-8]
      date: ['Thu, 30 Nov 2017 16:59:54 GMT']
      expires: ['-1']
      pragma: [no-cache]
      server: [Microsoft-HTTPAPI/2.0, Microsoft-HTTPAPI/2.0]
      strict-transport-security: [max-age=31536000; includeSubDomains]
      transfer-encoding: [chunked]
      vary: [Accept-Encoding]
    status: {code: 200, message: OK}
- request:
    body: null
    headers:
      Accept: [application/json]
      Accept-Encoding: ['gzip, deflate']
      CommandName: [network lb rule create]
      Connection: [keep-alive]
      Content-Type: [application/json; charset=utf-8]
      User-Agent: [python/3.5.3 (Windows-10-10.0.16299-SP0) requests/2.18.4 msrest/0.4.19
          msrest_azure/0.4.17 networkmanagementclient/1.6.0 Azure-SDK-For-Python AZURECLI/2.0.22]
      accept-language: [en-US]
    method: GET
    uri: https://management.azure.com/subscriptions/00000000-0000-0000-0000-000000000000/resourceGroups/clitest.rg000001/providers/Microsoft.Network/loadBalancers/lb1?api-version=2017-10-01
  response:
    body: {string: "{\r\n  \"name\": \"lb1\",\r\n  \"id\": \"/subscriptions/00000000-0000-0000-0000-000000000000/resourceGroups/clitest.rg000001/providers/Microsoft.Network/loadBalancers/lb1\"\
        ,\r\n  \"etag\": \"W/\\\"162f89a8-7876-4434-89b0-ec243c263d16\\\"\",\r\n \
        \ \"type\": \"Microsoft.Network/loadBalancers\",\r\n  \"location\": \"westus\"\
        ,\r\n  \"tags\": {},\r\n  \"properties\": {\r\n    \"provisioningState\":\
        \ \"Succeeded\",\r\n    \"resourceGuid\": \"653f03bf-0691-4102-9e38-8e9da4bf6361\"\
        ,\r\n    \"frontendIPConfigurations\": [\r\n      {\r\n        \"name\": \"\
        LoadBalancerFrontEnd\",\r\n        \"id\": \"/subscriptions/00000000-0000-0000-0000-000000000000/resourceGroups/clitest.rg000001/providers/Microsoft.Network/loadBalancers/lb1/frontendIPConfigurations/LoadBalancerFrontEnd\"\
        ,\r\n        \"etag\": \"W/\\\"162f89a8-7876-4434-89b0-ec243c263d16\\\"\"\
        ,\r\n        \"properties\": {\r\n          \"provisioningState\": \"Succeeded\"\
        ,\r\n          \"privateIPAllocationMethod\": \"Dynamic\",\r\n          \"\
        publicIPAddress\": {\r\n            \"id\": \"/subscriptions/00000000-0000-0000-0000-000000000000/resourceGroups/clitest.rg000001/providers/Microsoft.Network/publicIPAddresses/PublicIPlb1\"\
        \r\n          },\r\n          \"loadBalancingRules\": [\r\n            {\r\
        \n              \"id\": \"/subscriptions/00000000-0000-0000-0000-000000000000/resourceGroups/clitest.rg000001/providers/Microsoft.Network/loadBalancers/lb1/loadBalancingRules/rule1\"\
        \r\n            }\r\n          ]\r\n        }\r\n      }\r\n    ],\r\n   \
        \ \"backendAddressPools\": [\r\n      {\r\n        \"name\": \"lb1bepool\"\
        ,\r\n        \"id\": \"/subscriptions/00000000-0000-0000-0000-000000000000/resourceGroups/clitest.rg000001/providers/Microsoft.Network/loadBalancers/lb1/backendAddressPools/lb1bepool\"\
        ,\r\n        \"etag\": \"W/\\\"162f89a8-7876-4434-89b0-ec243c263d16\\\"\"\
        ,\r\n        \"properties\": {\r\n          \"provisioningState\": \"Succeeded\"\
        ,\r\n          \"loadBalancingRules\": [\r\n            {\r\n            \
        \  \"id\": \"/subscriptions/00000000-0000-0000-0000-000000000000/resourceGroups/clitest.rg000001/providers/Microsoft.Network/loadBalancers/lb1/loadBalancingRules/rule1\"\
        \r\n            }\r\n          ]\r\n        }\r\n      }\r\n    ],\r\n   \
        \ \"loadBalancingRules\": [\r\n      {\r\n        \"name\": \"rule1\",\r\n\
        \        \"id\": \"/subscriptions/00000000-0000-0000-0000-000000000000/resourceGroups/clitest.rg000001/providers/Microsoft.Network/loadBalancers/lb1/loadBalancingRules/rule1\"\
        ,\r\n        \"etag\": \"W/\\\"162f89a8-7876-4434-89b0-ec243c263d16\\\"\"\
        ,\r\n        \"properties\": {\r\n          \"provisioningState\": \"Succeeded\"\
        ,\r\n          \"frontendIPConfiguration\": {\r\n            \"id\": \"/subscriptions/00000000-0000-0000-0000-000000000000/resourceGroups/clitest.rg000001/providers/Microsoft.Network/loadBalancers/lb1/frontendIPConfigurations/LoadBalancerFrontEnd\"\
        \r\n          },\r\n          \"frontendPort\": 80,\r\n          \"backendPort\"\
        : 80,\r\n          \"enableFloatingIP\": false,\r\n          \"idleTimeoutInMinutes\"\
        : 4,\r\n          \"protocol\": \"Tcp\",\r\n          \"loadDistribution\"\
        : \"Default\",\r\n          \"backendAddressPool\": {\r\n            \"id\"\
        : \"/subscriptions/00000000-0000-0000-0000-000000000000/resourceGroups/clitest.rg000001/providers/Microsoft.Network/loadBalancers/lb1/backendAddressPools/lb1bepool\"\
        \r\n          },\r\n          \"probe\": {\r\n            \"id\": \"/subscriptions/00000000-0000-0000-0000-000000000000/resourceGroups/clitest.rg000001/providers/Microsoft.Network/loadBalancers/lb1/probes/probe1\"\
        \r\n          }\r\n        }\r\n      }\r\n    ],\r\n    \"probes\": [\r\n\
        \      {\r\n        \"name\": \"probe1\",\r\n        \"id\": \"/subscriptions/00000000-0000-0000-0000-000000000000/resourceGroups/clitest.rg000001/providers/Microsoft.Network/loadBalancers/lb1/probes/probe1\"\
        ,\r\n        \"etag\": \"W/\\\"162f89a8-7876-4434-89b0-ec243c263d16\\\"\"\
        ,\r\n        \"properties\": {\r\n          \"provisioningState\": \"Succeeded\"\
        ,\r\n          \"protocol\": \"Http\",\r\n          \"port\": 80,\r\n    \
        \      \"requestPath\": \"/\",\r\n          \"intervalInSeconds\": 15,\r\n\
        \          \"numberOfProbes\": 2,\r\n          \"loadBalancingRules\": [\r\
        \n            {\r\n              \"id\": \"/subscriptions/00000000-0000-0000-0000-000000000000/resourceGroups/clitest.rg000001/providers/Microsoft.Network/loadBalancers/lb1/loadBalancingRules/rule1\"\
        \r\n            }\r\n          ]\r\n        }\r\n      }\r\n    ],\r\n   \
        \ \"inboundNatRules\": [],\r\n    \"outboundNatRules\": [],\r\n    \"inboundNatPools\"\
        : []\r\n  },\r\n  \"sku\": {\r\n    \"name\": \"Basic\"\r\n  }\r\n}"}
    headers:
      cache-control: [no-cache]
      content-length: ['4955']
      content-type: [application/json; charset=utf-8]
      date: ['Thu, 30 Nov 2017 16:59:54 GMT']
      etag: [W/"162f89a8-7876-4434-89b0-ec243c263d16"]
      expires: ['-1']
      pragma: [no-cache]
      server: [Microsoft-HTTPAPI/2.0, Microsoft-HTTPAPI/2.0]
      strict-transport-security: [max-age=31536000; includeSubDomains]
      transfer-encoding: [chunked]
      vary: [Accept-Encoding]
    status: {code: 200, message: OK}
- request:
    body: null
    headers:
      Accept: [application/json]
      Accept-Encoding: ['gzip, deflate']
      CommandName: [network lb inbound-nat-pool create]
      Connection: [keep-alive]
      Content-Type: [application/json; charset=utf-8]
      User-Agent: [python/3.5.3 (Windows-10-10.0.16299-SP0) requests/2.18.4 msrest/0.4.19
          msrest_azure/0.4.17 networkmanagementclient/1.6.0 Azure-SDK-For-Python AZURECLI/2.0.22]
      accept-language: [en-US]
    method: GET
    uri: https://management.azure.com/subscriptions/00000000-0000-0000-0000-000000000000/resourceGroups/clitest.rg000001/providers/Microsoft.Network/loadBalancers/lb1?api-version=2017-10-01
  response:
    body: {string: "{\r\n  \"name\": \"lb1\",\r\n  \"id\": \"/subscriptions/00000000-0000-0000-0000-000000000000/resourceGroups/clitest.rg000001/providers/Microsoft.Network/loadBalancers/lb1\"\
        ,\r\n  \"etag\": \"W/\\\"162f89a8-7876-4434-89b0-ec243c263d16\\\"\",\r\n \
        \ \"type\": \"Microsoft.Network/loadBalancers\",\r\n  \"location\": \"westus\"\
        ,\r\n  \"tags\": {},\r\n  \"properties\": {\r\n    \"provisioningState\":\
        \ \"Succeeded\",\r\n    \"resourceGuid\": \"653f03bf-0691-4102-9e38-8e9da4bf6361\"\
        ,\r\n    \"frontendIPConfigurations\": [\r\n      {\r\n        \"name\": \"\
        LoadBalancerFrontEnd\",\r\n        \"id\": \"/subscriptions/00000000-0000-0000-0000-000000000000/resourceGroups/clitest.rg000001/providers/Microsoft.Network/loadBalancers/lb1/frontendIPConfigurations/LoadBalancerFrontEnd\"\
        ,\r\n        \"etag\": \"W/\\\"162f89a8-7876-4434-89b0-ec243c263d16\\\"\"\
        ,\r\n        \"properties\": {\r\n          \"provisioningState\": \"Succeeded\"\
        ,\r\n          \"privateIPAllocationMethod\": \"Dynamic\",\r\n          \"\
        publicIPAddress\": {\r\n            \"id\": \"/subscriptions/00000000-0000-0000-0000-000000000000/resourceGroups/clitest.rg000001/providers/Microsoft.Network/publicIPAddresses/PublicIPlb1\"\
        \r\n          },\r\n          \"loadBalancingRules\": [\r\n            {\r\
        \n              \"id\": \"/subscriptions/00000000-0000-0000-0000-000000000000/resourceGroups/clitest.rg000001/providers/Microsoft.Network/loadBalancers/lb1/loadBalancingRules/rule1\"\
        \r\n            }\r\n          ]\r\n        }\r\n      }\r\n    ],\r\n   \
        \ \"backendAddressPools\": [\r\n      {\r\n        \"name\": \"lb1bepool\"\
        ,\r\n        \"id\": \"/subscriptions/00000000-0000-0000-0000-000000000000/resourceGroups/clitest.rg000001/providers/Microsoft.Network/loadBalancers/lb1/backendAddressPools/lb1bepool\"\
        ,\r\n        \"etag\": \"W/\\\"162f89a8-7876-4434-89b0-ec243c263d16\\\"\"\
        ,\r\n        \"properties\": {\r\n          \"provisioningState\": \"Succeeded\"\
        ,\r\n          \"loadBalancingRules\": [\r\n            {\r\n            \
        \  \"id\": \"/subscriptions/00000000-0000-0000-0000-000000000000/resourceGroups/clitest.rg000001/providers/Microsoft.Network/loadBalancers/lb1/loadBalancingRules/rule1\"\
        \r\n            }\r\n          ]\r\n        }\r\n      }\r\n    ],\r\n   \
        \ \"loadBalancingRules\": [\r\n      {\r\n        \"name\": \"rule1\",\r\n\
        \        \"id\": \"/subscriptions/00000000-0000-0000-0000-000000000000/resourceGroups/clitest.rg000001/providers/Microsoft.Network/loadBalancers/lb1/loadBalancingRules/rule1\"\
        ,\r\n        \"etag\": \"W/\\\"162f89a8-7876-4434-89b0-ec243c263d16\\\"\"\
        ,\r\n        \"properties\": {\r\n          \"provisioningState\": \"Succeeded\"\
        ,\r\n          \"frontendIPConfiguration\": {\r\n            \"id\": \"/subscriptions/00000000-0000-0000-0000-000000000000/resourceGroups/clitest.rg000001/providers/Microsoft.Network/loadBalancers/lb1/frontendIPConfigurations/LoadBalancerFrontEnd\"\
        \r\n          },\r\n          \"frontendPort\": 80,\r\n          \"backendPort\"\
        : 80,\r\n          \"enableFloatingIP\": false,\r\n          \"idleTimeoutInMinutes\"\
        : 4,\r\n          \"protocol\": \"Tcp\",\r\n          \"loadDistribution\"\
        : \"Default\",\r\n          \"backendAddressPool\": {\r\n            \"id\"\
        : \"/subscriptions/00000000-0000-0000-0000-000000000000/resourceGroups/clitest.rg000001/providers/Microsoft.Network/loadBalancers/lb1/backendAddressPools/lb1bepool\"\
        \r\n          },\r\n          \"probe\": {\r\n            \"id\": \"/subscriptions/00000000-0000-0000-0000-000000000000/resourceGroups/clitest.rg000001/providers/Microsoft.Network/loadBalancers/lb1/probes/probe1\"\
        \r\n          }\r\n        }\r\n      }\r\n    ],\r\n    \"probes\": [\r\n\
        \      {\r\n        \"name\": \"probe1\",\r\n        \"id\": \"/subscriptions/00000000-0000-0000-0000-000000000000/resourceGroups/clitest.rg000001/providers/Microsoft.Network/loadBalancers/lb1/probes/probe1\"\
        ,\r\n        \"etag\": \"W/\\\"162f89a8-7876-4434-89b0-ec243c263d16\\\"\"\
        ,\r\n        \"properties\": {\r\n          \"provisioningState\": \"Succeeded\"\
        ,\r\n          \"protocol\": \"Http\",\r\n          \"port\": 80,\r\n    \
        \      \"requestPath\": \"/\",\r\n          \"intervalInSeconds\": 15,\r\n\
        \          \"numberOfProbes\": 2,\r\n          \"loadBalancingRules\": [\r\
        \n            {\r\n              \"id\": \"/subscriptions/00000000-0000-0000-0000-000000000000/resourceGroups/clitest.rg000001/providers/Microsoft.Network/loadBalancers/lb1/loadBalancingRules/rule1\"\
        \r\n            }\r\n          ]\r\n        }\r\n      }\r\n    ],\r\n   \
        \ \"inboundNatRules\": [],\r\n    \"outboundNatRules\": [],\r\n    \"inboundNatPools\"\
        : []\r\n  },\r\n  \"sku\": {\r\n    \"name\": \"Basic\"\r\n  }\r\n}"}
    headers:
      cache-control: [no-cache]
      content-length: ['4955']
      content-type: [application/json; charset=utf-8]
      date: ['Thu, 30 Nov 2017 16:59:55 GMT']
      etag: [W/"162f89a8-7876-4434-89b0-ec243c263d16"]
      expires: ['-1']
      pragma: [no-cache]
      server: [Microsoft-HTTPAPI/2.0, Microsoft-HTTPAPI/2.0]
      strict-transport-security: [max-age=31536000; includeSubDomains]
      transfer-encoding: [chunked]
      vary: [Accept-Encoding]
    status: {code: 200, message: OK}
- request:
    body: 'b''{"tags": {}, "properties": {"inboundNatPools": [{"name": "nat-pool1",
      "properties": {"frontendIPConfiguration": {"name": "LoadBalancerFrontEnd", "properties":
      {"provisioningState": "Succeeded", "publicIPAddress": {"id": "/subscriptions/00000000-0000-0000-0000-000000000000/resourceGroups/clitest.rg000001/providers/Microsoft.Network/publicIPAddresses/PublicIPlb1"},
      "privateIPAllocationMethod": "Dynamic"}, "etag": "W/\\"162f89a8-7876-4434-89b0-ec243c263d16\\"",
      "id": "/subscriptions/00000000-0000-0000-0000-000000000000/resourceGroups/clitest.rg000001/providers/Microsoft.Network/loadBalancers/lb1/frontendIPConfigurations/LoadBalancerFrontEnd"},
      "backendPort": 22, "protocol": "Tcp", "frontendPortRangeStart": 50000, "frontendPortRangeEnd":
      50119}}], "probes": [{"name": "probe1", "properties": {"intervalInSeconds":
      15, "port": 80, "protocol": "Http", "provisioningState": "Succeeded", "requestPath":
      "/", "numberOfProbes": 2}, "etag": "W/\\"162f89a8-7876-4434-89b0-ec243c263d16\\"",
      "id": "/subscriptions/00000000-0000-0000-0000-000000000000/resourceGroups/clitest.rg000001/providers/Microsoft.Network/loadBalancers/lb1/probes/probe1"}],
      "resourceGuid": "653f03bf-0691-4102-9e38-8e9da4bf6361", "backendAddressPools":
      [{"name": "lb1bepool", "properties": {"provisioningState": "Succeeded"}, "etag":
      "W/\\"162f89a8-7876-4434-89b0-ec243c263d16\\"", "id": "/subscriptions/00000000-0000-0000-0000-000000000000/resourceGroups/clitest.rg000001/providers/Microsoft.Network/loadBalancers/lb1/backendAddressPools/lb1bepool"}],
      "provisioningState": "Succeeded", "inboundNatRules": [], "loadBalancingRules":
      [{"name": "rule1", "properties": {"backendPort": 80, "protocol": "Tcp", "loadDistribution":
      "Default", "idleTimeoutInMinutes": 4, "frontendIPConfiguration": {"id": "/subscriptions/00000000-0000-0000-0000-000000000000/resourceGroups/clitest.rg000001/providers/Microsoft.Network/loadBalancers/lb1/frontendIPConfigurations/LoadBalancerFrontEnd"},
      "provisioningState": "Succeeded", "enableFloatingIP": false, "frontendPort":
      80, "probe": {"id": "/subscriptions/00000000-0000-0000-0000-000000000000/resourceGroups/clitest.rg000001/providers/Microsoft.Network/loadBalancers/lb1/probes/probe1"},
      "backendAddressPool": {"id": "/subscriptions/00000000-0000-0000-0000-000000000000/resourceGroups/clitest.rg000001/providers/Microsoft.Network/loadBalancers/lb1/backendAddressPools/lb1bepool"}},
      "etag": "W/\\"162f89a8-7876-4434-89b0-ec243c263d16\\"", "id": "/subscriptions/00000000-0000-0000-0000-000000000000/resourceGroups/clitest.rg000001/providers/Microsoft.Network/loadBalancers/lb1/loadBalancingRules/rule1"}],
      "outboundNatRules": [], "frontendIPConfigurations": [{"name": "LoadBalancerFrontEnd",
      "properties": {"provisioningState": "Succeeded", "publicIPAddress": {"id": "/subscriptions/00000000-0000-0000-0000-000000000000/resourceGroups/clitest.rg000001/providers/Microsoft.Network/publicIPAddresses/PublicIPlb1"},
      "privateIPAllocationMethod": "Dynamic"}, "etag": "W/\\"162f89a8-7876-4434-89b0-ec243c263d16\\"",
      "id": "/subscriptions/00000000-0000-0000-0000-000000000000/resourceGroups/clitest.rg000001/providers/Microsoft.Network/loadBalancers/lb1/frontendIPConfigurations/LoadBalancerFrontEnd"}]},
      "etag": "W/\\"162f89a8-7876-4434-89b0-ec243c263d16\\"", "id": "/subscriptions/00000000-0000-0000-0000-000000000000/resourceGroups/clitest.rg000001/providers/Microsoft.Network/loadBalancers/lb1",
      "sku": {"name": "Basic"}, "location": "westus"}'''
    headers:
      Accept: [application/json]
      Accept-Encoding: ['gzip, deflate']
      CommandName: [network lb inbound-nat-pool create]
      Connection: [keep-alive]
      Content-Length: ['4077']
      Content-Type: [application/json; charset=utf-8]
      User-Agent: [python/3.5.3 (Windows-10-10.0.16299-SP0) requests/2.18.4 msrest/0.4.19
          msrest_azure/0.4.17 networkmanagementclient/1.6.0 Azure-SDK-For-Python AZURECLI/2.0.22]
      accept-language: [en-US]
    method: PUT
    uri: https://management.azure.com/subscriptions/00000000-0000-0000-0000-000000000000/resourceGroups/clitest.rg000001/providers/Microsoft.Network/loadBalancers/lb1?api-version=2017-10-01
  response:
    body: {string: "{\r\n  \"name\": \"lb1\",\r\n  \"id\": \"/subscriptions/00000000-0000-0000-0000-000000000000/resourceGroups/clitest.rg000001/providers/Microsoft.Network/loadBalancers/lb1\"\
        ,\r\n  \"etag\": \"W/\\\"451bfa15-5f54-428f-9f32-37d13e2ec73a\\\"\",\r\n \
        \ \"type\": \"Microsoft.Network/loadBalancers\",\r\n  \"location\": \"westus\"\
        ,\r\n  \"tags\": {},\r\n  \"properties\": {\r\n    \"provisioningState\":\
        \ \"Succeeded\",\r\n    \"resourceGuid\": \"653f03bf-0691-4102-9e38-8e9da4bf6361\"\
        ,\r\n    \"frontendIPConfigurations\": [\r\n      {\r\n        \"name\": \"\
        LoadBalancerFrontEnd\",\r\n        \"id\": \"/subscriptions/00000000-0000-0000-0000-000000000000/resourceGroups/clitest.rg000001/providers/Microsoft.Network/loadBalancers/lb1/frontendIPConfigurations/LoadBalancerFrontEnd\"\
        ,\r\n        \"etag\": \"W/\\\"451bfa15-5f54-428f-9f32-37d13e2ec73a\\\"\"\
        ,\r\n        \"properties\": {\r\n          \"provisioningState\": \"Succeeded\"\
        ,\r\n          \"privateIPAllocationMethod\": \"Dynamic\",\r\n          \"\
        publicIPAddress\": {\r\n            \"id\": \"/subscriptions/00000000-0000-0000-0000-000000000000/resourceGroups/clitest.rg000001/providers/Microsoft.Network/publicIPAddresses/PublicIPlb1\"\
        \r\n          },\r\n          \"loadBalancingRules\": [\r\n            {\r\
        \n              \"id\": \"/subscriptions/00000000-0000-0000-0000-000000000000/resourceGroups/clitest.rg000001/providers/Microsoft.Network/loadBalancers/lb1/loadBalancingRules/rule1\"\
        \r\n            }\r\n          ],\r\n          \"inboundNatPools\": [\r\n\
        \            {\r\n              \"id\": \"/subscriptions/00000000-0000-0000-0000-000000000000/resourceGroups/clitest.rg000001/providers/Microsoft.Network/loadBalancers/lb1/inboundNatPools/nat-pool1\"\
        \r\n            }\r\n          ]\r\n        }\r\n      }\r\n    ],\r\n   \
        \ \"backendAddressPools\": [\r\n      {\r\n        \"name\": \"lb1bepool\"\
        ,\r\n        \"id\": \"/subscriptions/00000000-0000-0000-0000-000000000000/resourceGroups/clitest.rg000001/providers/Microsoft.Network/loadBalancers/lb1/backendAddressPools/lb1bepool\"\
        ,\r\n        \"etag\": \"W/\\\"451bfa15-5f54-428f-9f32-37d13e2ec73a\\\"\"\
        ,\r\n        \"properties\": {\r\n          \"provisioningState\": \"Succeeded\"\
        ,\r\n          \"loadBalancingRules\": [\r\n            {\r\n            \
        \  \"id\": \"/subscriptions/00000000-0000-0000-0000-000000000000/resourceGroups/clitest.rg000001/providers/Microsoft.Network/loadBalancers/lb1/loadBalancingRules/rule1\"\
        \r\n            }\r\n          ]\r\n        }\r\n      }\r\n    ],\r\n   \
        \ \"loadBalancingRules\": [\r\n      {\r\n        \"name\": \"rule1\",\r\n\
        \        \"id\": \"/subscriptions/00000000-0000-0000-0000-000000000000/resourceGroups/clitest.rg000001/providers/Microsoft.Network/loadBalancers/lb1/loadBalancingRules/rule1\"\
        ,\r\n        \"etag\": \"W/\\\"451bfa15-5f54-428f-9f32-37d13e2ec73a\\\"\"\
        ,\r\n        \"properties\": {\r\n          \"provisioningState\": \"Succeeded\"\
        ,\r\n          \"frontendIPConfiguration\": {\r\n            \"id\": \"/subscriptions/00000000-0000-0000-0000-000000000000/resourceGroups/clitest.rg000001/providers/Microsoft.Network/loadBalancers/lb1/frontendIPConfigurations/LoadBalancerFrontEnd\"\
        \r\n          },\r\n          \"frontendPort\": 80,\r\n          \"backendPort\"\
        : 80,\r\n          \"enableFloatingIP\": false,\r\n          \"idleTimeoutInMinutes\"\
        : 4,\r\n          \"protocol\": \"Tcp\",\r\n          \"loadDistribution\"\
        : \"Default\",\r\n          \"backendAddressPool\": {\r\n            \"id\"\
        : \"/subscriptions/00000000-0000-0000-0000-000000000000/resourceGroups/clitest.rg000001/providers/Microsoft.Network/loadBalancers/lb1/backendAddressPools/lb1bepool\"\
        \r\n          },\r\n          \"probe\": {\r\n            \"id\": \"/subscriptions/00000000-0000-0000-0000-000000000000/resourceGroups/clitest.rg000001/providers/Microsoft.Network/loadBalancers/lb1/probes/probe1\"\
        \r\n          }\r\n        }\r\n      }\r\n    ],\r\n    \"probes\": [\r\n\
        \      {\r\n        \"name\": \"probe1\",\r\n        \"id\": \"/subscriptions/00000000-0000-0000-0000-000000000000/resourceGroups/clitest.rg000001/providers/Microsoft.Network/loadBalancers/lb1/probes/probe1\"\
        ,\r\n        \"etag\": \"W/\\\"451bfa15-5f54-428f-9f32-37d13e2ec73a\\\"\"\
        ,\r\n        \"properties\": {\r\n          \"provisioningState\": \"Succeeded\"\
        ,\r\n          \"protocol\": \"Http\",\r\n          \"port\": 80,\r\n    \
        \      \"requestPath\": \"/\",\r\n          \"intervalInSeconds\": 15,\r\n\
        \          \"numberOfProbes\": 2,\r\n          \"loadBalancingRules\": [\r\
        \n            {\r\n              \"id\": \"/subscriptions/00000000-0000-0000-0000-000000000000/resourceGroups/clitest.rg000001/providers/Microsoft.Network/loadBalancers/lb1/loadBalancingRules/rule1\"\
        \r\n            }\r\n          ]\r\n        }\r\n      }\r\n    ],\r\n   \
        \ \"inboundNatRules\": [],\r\n    \"outboundNatRules\": [],\r\n    \"inboundNatPools\"\
        : [\r\n      {\r\n        \"name\": \"nat-pool1\",\r\n        \"id\": \"/subscriptions/00000000-0000-0000-0000-000000000000/resourceGroups/clitest.rg000001/providers/Microsoft.Network/loadBalancers/lb1/inboundNatPools/nat-pool1\"\
        ,\r\n        \"etag\": \"W/\\\"451bfa15-5f54-428f-9f32-37d13e2ec73a\\\"\"\
        ,\r\n        \"properties\": {\r\n          \"provisioningState\": \"Succeeded\"\
        ,\r\n          \"frontendPortRangeStart\": 50000,\r\n          \"frontendPortRangeEnd\"\
        : 50119,\r\n          \"backendPort\": 22,\r\n          \"protocol\": \"Tcp\"\
        ,\r\n          \"frontendIPConfiguration\": {\r\n            \"id\": \"/subscriptions/00000000-0000-0000-0000-000000000000/resourceGroups/clitest.rg000001/providers/Microsoft.Network/loadBalancers/lb1/frontendIPConfigurations/LoadBalancerFrontEnd\"\
        \r\n          }\r\n        }\r\n      }\r\n    ]\r\n  },\r\n  \"sku\": {\r\
        \n    \"name\": \"Basic\"\r\n  }\r\n}"}
    headers:
      azure-asyncoperation: ['https://management.azure.com/subscriptions/00000000-0000-0000-0000-000000000000/providers/Microsoft.Network/locations/westus/operations/08f0ed2b-5782-491b-90ae-0fe50b1fa98b?api-version=2017-10-01']
      cache-control: [no-cache]
      content-length: ['6155']
      content-type: [application/json; charset=utf-8]
      date: ['Thu, 30 Nov 2017 16:59:55 GMT']
      expires: ['-1']
      pragma: [no-cache]
      server: [Microsoft-HTTPAPI/2.0, Microsoft-HTTPAPI/2.0]
      strict-transport-security: [max-age=31536000; includeSubDomains]
      transfer-encoding: [chunked]
      vary: [Accept-Encoding]
      x-ms-ratelimit-remaining-subscription-writes: ['1198']
    status: {code: 200, message: OK}
- request:
    body: null
    headers:
      Accept: [application/json]
      Accept-Encoding: ['gzip, deflate']
      CommandName: [network lb inbound-nat-pool create]
      Connection: [keep-alive]
      Content-Type: [application/json; charset=utf-8]
      User-Agent: [python/3.5.3 (Windows-10-10.0.16299-SP0) requests/2.18.4 msrest/0.4.19
          msrest_azure/0.4.17 networkmanagementclient/1.6.0 Azure-SDK-For-Python AZURECLI/2.0.22]
      accept-language: [en-US]
    method: GET
    uri: https://management.azure.com/subscriptions/00000000-0000-0000-0000-000000000000/providers/Microsoft.Network/locations/westus/operations/08f0ed2b-5782-491b-90ae-0fe50b1fa98b?api-version=2017-10-01
  response:
    body: {string: "{\r\n  \"status\": \"Succeeded\"\r\n}"}
    headers:
      cache-control: [no-cache]
      content-length: ['29']
      content-type: [application/json; charset=utf-8]
      date: ['Thu, 30 Nov 2017 17:00:25 GMT']
      expires: ['-1']
      pragma: [no-cache]
      server: [Microsoft-HTTPAPI/2.0, Microsoft-HTTPAPI/2.0]
      strict-transport-security: [max-age=31536000; includeSubDomains]
      transfer-encoding: [chunked]
      vary: [Accept-Encoding]
    status: {code: 200, message: OK}
- request:
    body: null
    headers:
      Accept: [application/json]
      Accept-Encoding: ['gzip, deflate']
      CommandName: [network lb inbound-nat-pool create]
      Connection: [keep-alive]
      Content-Type: [application/json; charset=utf-8]
      User-Agent: [python/3.5.3 (Windows-10-10.0.16299-SP0) requests/2.18.4 msrest/0.4.19
          msrest_azure/0.4.17 networkmanagementclient/1.6.0 Azure-SDK-For-Python AZURECLI/2.0.22]
      accept-language: [en-US]
    method: GET
    uri: https://management.azure.com/subscriptions/00000000-0000-0000-0000-000000000000/resourceGroups/clitest.rg000001/providers/Microsoft.Network/loadBalancers/lb1?api-version=2017-10-01
  response:
    body: {string: "{\r\n  \"name\": \"lb1\",\r\n  \"id\": \"/subscriptions/00000000-0000-0000-0000-000000000000/resourceGroups/clitest.rg000001/providers/Microsoft.Network/loadBalancers/lb1\"\
        ,\r\n  \"etag\": \"W/\\\"451bfa15-5f54-428f-9f32-37d13e2ec73a\\\"\",\r\n \
        \ \"type\": \"Microsoft.Network/loadBalancers\",\r\n  \"location\": \"westus\"\
        ,\r\n  \"tags\": {},\r\n  \"properties\": {\r\n    \"provisioningState\":\
        \ \"Succeeded\",\r\n    \"resourceGuid\": \"653f03bf-0691-4102-9e38-8e9da4bf6361\"\
        ,\r\n    \"frontendIPConfigurations\": [\r\n      {\r\n        \"name\": \"\
        LoadBalancerFrontEnd\",\r\n        \"id\": \"/subscriptions/00000000-0000-0000-0000-000000000000/resourceGroups/clitest.rg000001/providers/Microsoft.Network/loadBalancers/lb1/frontendIPConfigurations/LoadBalancerFrontEnd\"\
        ,\r\n        \"etag\": \"W/\\\"451bfa15-5f54-428f-9f32-37d13e2ec73a\\\"\"\
        ,\r\n        \"properties\": {\r\n          \"provisioningState\": \"Succeeded\"\
        ,\r\n          \"privateIPAllocationMethod\": \"Dynamic\",\r\n          \"\
        publicIPAddress\": {\r\n            \"id\": \"/subscriptions/00000000-0000-0000-0000-000000000000/resourceGroups/clitest.rg000001/providers/Microsoft.Network/publicIPAddresses/PublicIPlb1\"\
        \r\n          },\r\n          \"loadBalancingRules\": [\r\n            {\r\
        \n              \"id\": \"/subscriptions/00000000-0000-0000-0000-000000000000/resourceGroups/clitest.rg000001/providers/Microsoft.Network/loadBalancers/lb1/loadBalancingRules/rule1\"\
        \r\n            }\r\n          ],\r\n          \"inboundNatPools\": [\r\n\
        \            {\r\n              \"id\": \"/subscriptions/00000000-0000-0000-0000-000000000000/resourceGroups/clitest.rg000001/providers/Microsoft.Network/loadBalancers/lb1/inboundNatPools/nat-pool1\"\
        \r\n            }\r\n          ]\r\n        }\r\n      }\r\n    ],\r\n   \
        \ \"backendAddressPools\": [\r\n      {\r\n        \"name\": \"lb1bepool\"\
        ,\r\n        \"id\": \"/subscriptions/00000000-0000-0000-0000-000000000000/resourceGroups/clitest.rg000001/providers/Microsoft.Network/loadBalancers/lb1/backendAddressPools/lb1bepool\"\
        ,\r\n        \"etag\": \"W/\\\"451bfa15-5f54-428f-9f32-37d13e2ec73a\\\"\"\
        ,\r\n        \"properties\": {\r\n          \"provisioningState\": \"Succeeded\"\
        ,\r\n          \"loadBalancingRules\": [\r\n            {\r\n            \
        \  \"id\": \"/subscriptions/00000000-0000-0000-0000-000000000000/resourceGroups/clitest.rg000001/providers/Microsoft.Network/loadBalancers/lb1/loadBalancingRules/rule1\"\
        \r\n            }\r\n          ]\r\n        }\r\n      }\r\n    ],\r\n   \
        \ \"loadBalancingRules\": [\r\n      {\r\n        \"name\": \"rule1\",\r\n\
        \        \"id\": \"/subscriptions/00000000-0000-0000-0000-000000000000/resourceGroups/clitest.rg000001/providers/Microsoft.Network/loadBalancers/lb1/loadBalancingRules/rule1\"\
        ,\r\n        \"etag\": \"W/\\\"451bfa15-5f54-428f-9f32-37d13e2ec73a\\\"\"\
        ,\r\n        \"properties\": {\r\n          \"provisioningState\": \"Succeeded\"\
        ,\r\n          \"frontendIPConfiguration\": {\r\n            \"id\": \"/subscriptions/00000000-0000-0000-0000-000000000000/resourceGroups/clitest.rg000001/providers/Microsoft.Network/loadBalancers/lb1/frontendIPConfigurations/LoadBalancerFrontEnd\"\
        \r\n          },\r\n          \"frontendPort\": 80,\r\n          \"backendPort\"\
        : 80,\r\n          \"enableFloatingIP\": false,\r\n          \"idleTimeoutInMinutes\"\
        : 4,\r\n          \"protocol\": \"Tcp\",\r\n          \"loadDistribution\"\
        : \"Default\",\r\n          \"backendAddressPool\": {\r\n            \"id\"\
        : \"/subscriptions/00000000-0000-0000-0000-000000000000/resourceGroups/clitest.rg000001/providers/Microsoft.Network/loadBalancers/lb1/backendAddressPools/lb1bepool\"\
        \r\n          },\r\n          \"probe\": {\r\n            \"id\": \"/subscriptions/00000000-0000-0000-0000-000000000000/resourceGroups/clitest.rg000001/providers/Microsoft.Network/loadBalancers/lb1/probes/probe1\"\
        \r\n          }\r\n        }\r\n      }\r\n    ],\r\n    \"probes\": [\r\n\
        \      {\r\n        \"name\": \"probe1\",\r\n        \"id\": \"/subscriptions/00000000-0000-0000-0000-000000000000/resourceGroups/clitest.rg000001/providers/Microsoft.Network/loadBalancers/lb1/probes/probe1\"\
        ,\r\n        \"etag\": \"W/\\\"451bfa15-5f54-428f-9f32-37d13e2ec73a\\\"\"\
        ,\r\n        \"properties\": {\r\n          \"provisioningState\": \"Succeeded\"\
        ,\r\n          \"protocol\": \"Http\",\r\n          \"port\": 80,\r\n    \
        \      \"requestPath\": \"/\",\r\n          \"intervalInSeconds\": 15,\r\n\
        \          \"numberOfProbes\": 2,\r\n          \"loadBalancingRules\": [\r\
        \n            {\r\n              \"id\": \"/subscriptions/00000000-0000-0000-0000-000000000000/resourceGroups/clitest.rg000001/providers/Microsoft.Network/loadBalancers/lb1/loadBalancingRules/rule1\"\
        \r\n            }\r\n          ]\r\n        }\r\n      }\r\n    ],\r\n   \
        \ \"inboundNatRules\": [],\r\n    \"outboundNatRules\": [],\r\n    \"inboundNatPools\"\
        : [\r\n      {\r\n        \"name\": \"nat-pool1\",\r\n        \"id\": \"/subscriptions/00000000-0000-0000-0000-000000000000/resourceGroups/clitest.rg000001/providers/Microsoft.Network/loadBalancers/lb1/inboundNatPools/nat-pool1\"\
        ,\r\n        \"etag\": \"W/\\\"451bfa15-5f54-428f-9f32-37d13e2ec73a\\\"\"\
        ,\r\n        \"properties\": {\r\n          \"provisioningState\": \"Succeeded\"\
        ,\r\n          \"frontendPortRangeStart\": 50000,\r\n          \"frontendPortRangeEnd\"\
        : 50119,\r\n          \"backendPort\": 22,\r\n          \"protocol\": \"Tcp\"\
        ,\r\n          \"frontendIPConfiguration\": {\r\n            \"id\": \"/subscriptions/00000000-0000-0000-0000-000000000000/resourceGroups/clitest.rg000001/providers/Microsoft.Network/loadBalancers/lb1/frontendIPConfigurations/LoadBalancerFrontEnd\"\
        \r\n          }\r\n        }\r\n      }\r\n    ]\r\n  },\r\n  \"sku\": {\r\
        \n    \"name\": \"Basic\"\r\n  }\r\n}"}
    headers:
      cache-control: [no-cache]
      content-length: ['6155']
      content-type: [application/json; charset=utf-8]
      date: ['Thu, 30 Nov 2017 17:00:26 GMT']
      etag: [W/"451bfa15-5f54-428f-9f32-37d13e2ec73a"]
      expires: ['-1']
      pragma: [no-cache]
      server: [Microsoft-HTTPAPI/2.0, Microsoft-HTTPAPI/2.0]
      strict-transport-security: [max-age=31536000; includeSubDomains]
      transfer-encoding: [chunked]
      vary: [Accept-Encoding]
    status: {code: 200, message: OK}
- request:
    body: null
    headers:
      Accept: [application/json]
      Accept-Encoding: ['gzip, deflate']
      CommandName: [vmss create]
      Connection: [keep-alive]
      Content-Type: [application/json; charset=utf-8]
      User-Agent: [python/3.5.3 (Windows-10-10.0.16299-SP0) requests/2.18.4 msrest/0.4.19
          msrest_azure/0.4.17 resourcemanagementclient/1.2.1 Azure-SDK-For-Python
          AZURECLI/2.0.22]
      accept-language: [en-US]
    method: GET
    uri: https://management.azure.com/subscriptions/00000000-0000-0000-0000-000000000000/resourcegroups/clitest.rg000001?api-version=2017-05-10
  response:
    body: {string: '{"id":"/subscriptions/00000000-0000-0000-0000-000000000000/resourceGroups/clitest.rg000001","name":"clitest.rg000001","location":"westus","tags":{"use":"az-test"},"properties":{"provisioningState":"Succeeded"}}'}
    headers:
      cache-control: [no-cache]
      content-length: ['328']
      content-type: [application/json; charset=utf-8]
      date: ['Thu, 30 Nov 2017 17:00:27 GMT']
      expires: ['-1']
      pragma: [no-cache]
      strict-transport-security: [max-age=31536000; includeSubDomains]
      vary: [Accept-Encoding]
    status: {code: 200, message: OK}
- request:
    body: null
    headers:
      Connection: [close]
      Host: [raw.githubusercontent.com]
      User-Agent: [Python-urllib/3.5]
    method: GET
    uri: https://raw.githubusercontent.com/Azure/azure-rest-api-specs/master/arm-compute/quickstart-templates/aliases.json
  response:
    body: {string: "{\n  \"$schema\":\"http://schema.management.azure.com/schemas/2015-01-01/deploymentTemplate.json\"\
        ,\n  \"contentVersion\":\"1.0.0.0\",\n  \"parameters\":{},\n  \"variables\"\
        :{},\n  \"resources\":[],\n\n  \"outputs\":{\n    \"aliases\":{\n      \"\
        type\":\"object\",\n      \"value\":{\n\n        \"Linux\":{\n          \"\
        CentOS\":{\n            \"publisher\":\"OpenLogic\",\n            \"offer\"\
        :\"CentOS\",\n            \"sku\":\"7.3\",\n            \"version\":\"latest\"\
        \n          },\n          \"CoreOS\":{\n            \"publisher\":\"CoreOS\"\
        ,\n            \"offer\":\"CoreOS\",\n            \"sku\":\"Stable\",\n  \
        \          \"version\":\"latest\"\n          },\n          \"Debian\":{\n\
        \            \"publisher\":\"credativ\",\n            \"offer\":\"Debian\"\
        ,\n            \"sku\":\"8\",\n            \"version\":\"latest\"\n      \
        \    },\n          \"openSUSE-Leap\": {\n            \"publisher\":\"SUSE\"\
        ,\n            \"offer\":\"openSUSE-Leap\",\n            \"sku\":\"42.2\"\
        ,\n            \"version\": \"latest\"\n          },\n          \"RHEL\":{\n\
        \            \"publisher\":\"RedHat\",\n            \"offer\":\"RHEL\",\n\
        \            \"sku\":\"7.3\",\n            \"version\":\"latest\"\n      \
        \    },\n          \"SLES\":{\n            \"publisher\":\"SUSE\",\n     \
        \       \"offer\":\"SLES\",\n            \"sku\":\"12-SP2\",\n           \
        \ \"version\":\"latest\"\n          },\n          \"UbuntuLTS\":{\n      \
        \      \"publisher\":\"Canonical\",\n            \"offer\":\"UbuntuServer\"\
        ,\n            \"sku\":\"16.04-LTS\",\n            \"version\":\"latest\"\n\
        \          }\n        },\n\n        \"Windows\":{\n          \"Win2016Datacenter\"\
        :{\n            \"publisher\":\"MicrosoftWindowsServer\",\n            \"\
        offer\":\"WindowsServer\",\n            \"sku\":\"2016-Datacenter\",\n   \
        \         \"version\":\"latest\"\n          },\n          \"Win2012R2Datacenter\"\
        :{\n            \"publisher\":\"MicrosoftWindowsServer\",\n            \"\
        offer\":\"WindowsServer\",\n            \"sku\":\"2012-R2-Datacenter\",\n\
        \            \"version\":\"latest\"\n          },\n          \"Win2012Datacenter\"\
        :{\n            \"publisher\":\"MicrosoftWindowsServer\",\n            \"\
        offer\":\"WindowsServer\",\n            \"sku\":\"2012-Datacenter\",\n   \
        \         \"version\":\"latest\"\n          },\n          \"Win2008R2SP1\"\
        :{\n            \"publisher\":\"MicrosoftWindowsServer\",\n            \"\
        offer\":\"WindowsServer\",\n            \"sku\":\"2008-R2-SP1\",\n       \
        \     \"version\":\"latest\"\n          }\n        }\n      }\n    }\n  }\n\
        }\n"}
    headers:
      accept-ranges: [bytes]
      access-control-allow-origin: ['*']
      cache-control: [max-age=300]
      connection: [close]
      content-length: ['2235']
      content-security-policy: [default-src 'none'; style-src 'unsafe-inline'; sandbox]
      content-type: [text/plain; charset=utf-8]
      date: ['Thu, 30 Nov 2017 17:00:28 GMT']
      etag: ['"d6824855d13e27c5258a680eb60f635d088fd05e"']
      expires: ['Thu, 30 Nov 2017 17:05:28 GMT']
      source-age: ['184']
      strict-transport-security: [max-age=31536000]
      vary: ['Authorization,Accept-Encoding']
      via: [1.1 varnish]
      x-cache: [HIT]
      x-cache-hits: ['1']
      x-content-type-options: [nosniff]
      x-fastly-request-id: [59e4868c4523b634550934c7a88d93c762a1747e]
      x-frame-options: [deny]
      x-geo-block-list: ['']
      x-github-request-id: ['2436:29C56:83D945:8D400F:5A203872']
      x-served-by: [cache-sea1050-SEA]
      x-timer: ['S1512061229.634889,VS0,VE0']
      x-xss-protection: [1; mode=block]
    status: {code: 200, message: OK}
- request:
    body: null
    headers:
      Accept: [application/json]
      Accept-Encoding: ['gzip, deflate']
      CommandName: [vmss create]
      Connection: [keep-alive]
      Content-Type: [application/json; charset=utf-8]
      User-Agent: [python/3.5.3 (Windows-10-10.0.16299-SP0) requests/2.18.4 msrest/0.4.19
          msrest_azure/0.4.17 networkmanagementclient/1.6.0 Azure-SDK-For-Python AZURECLI/2.0.22]
      accept-language: [en-US]
    method: GET
    uri: https://management.azure.com/subscriptions/00000000-0000-0000-0000-000000000000/resourceGroups/clitest.rg000001/providers/Microsoft.Network/virtualNetworks?api-version=2017-10-01
  response:
    body: {string: '{"value":[]}'}
    headers:
      cache-control: [no-cache]
      content-length: ['12']
      content-type: [application/json; charset=utf-8]
      date: ['Thu, 30 Nov 2017 17:00:28 GMT']
      expires: ['-1']
      pragma: [no-cache]
      strict-transport-security: [max-age=31536000; includeSubDomains]
      vary: [Accept-Encoding]
    status: {code: 200, message: OK}
- request:
    body: null
    headers:
      Accept: [application/json]
      Accept-Encoding: ['gzip, deflate']
      CommandName: [vmss create]
      Connection: [keep-alive]
      Content-Type: [application/json; charset=utf-8]
      User-Agent: [python/3.5.3 (Windows-10-10.0.16299-SP0) requests/2.18.4 msrest/0.4.19
          msrest_azure/0.4.17 networkmanagementclient/1.6.0 Azure-SDK-For-Python AZURECLI/2.0.22]
      accept-language: [en-US]
    method: GET
    uri: https://management.azure.com/subscriptions/00000000-0000-0000-0000-000000000000/resourceGroups/clitest.rg000001/providers/Microsoft.Network/loadBalancers/lb1?api-version=2017-10-01
  response:
    body: {string: "{\r\n  \"name\": \"lb1\",\r\n  \"id\": \"/subscriptions/00000000-0000-0000-0000-000000000000/resourceGroups/clitest.rg000001/providers/Microsoft.Network/loadBalancers/lb1\"\
        ,\r\n  \"etag\": \"W/\\\"451bfa15-5f54-428f-9f32-37d13e2ec73a\\\"\",\r\n \
        \ \"type\": \"Microsoft.Network/loadBalancers\",\r\n  \"location\": \"westus\"\
        ,\r\n  \"tags\": {},\r\n  \"properties\": {\r\n    \"provisioningState\":\
        \ \"Succeeded\",\r\n    \"resourceGuid\": \"653f03bf-0691-4102-9e38-8e9da4bf6361\"\
        ,\r\n    \"frontendIPConfigurations\": [\r\n      {\r\n        \"name\": \"\
        LoadBalancerFrontEnd\",\r\n        \"id\": \"/subscriptions/00000000-0000-0000-0000-000000000000/resourceGroups/clitest.rg000001/providers/Microsoft.Network/loadBalancers/lb1/frontendIPConfigurations/LoadBalancerFrontEnd\"\
        ,\r\n        \"etag\": \"W/\\\"451bfa15-5f54-428f-9f32-37d13e2ec73a\\\"\"\
        ,\r\n        \"properties\": {\r\n          \"provisioningState\": \"Succeeded\"\
        ,\r\n          \"privateIPAllocationMethod\": \"Dynamic\",\r\n          \"\
        publicIPAddress\": {\r\n            \"id\": \"/subscriptions/00000000-0000-0000-0000-000000000000/resourceGroups/clitest.rg000001/providers/Microsoft.Network/publicIPAddresses/PublicIPlb1\"\
        \r\n          },\r\n          \"loadBalancingRules\": [\r\n            {\r\
        \n              \"id\": \"/subscriptions/00000000-0000-0000-0000-000000000000/resourceGroups/clitest.rg000001/providers/Microsoft.Network/loadBalancers/lb1/loadBalancingRules/rule1\"\
        \r\n            }\r\n          ],\r\n          \"inboundNatPools\": [\r\n\
        \            {\r\n              \"id\": \"/subscriptions/00000000-0000-0000-0000-000000000000/resourceGroups/clitest.rg000001/providers/Microsoft.Network/loadBalancers/lb1/inboundNatPools/nat-pool1\"\
        \r\n            }\r\n          ]\r\n        }\r\n      }\r\n    ],\r\n   \
        \ \"backendAddressPools\": [\r\n      {\r\n        \"name\": \"lb1bepool\"\
        ,\r\n        \"id\": \"/subscriptions/00000000-0000-0000-0000-000000000000/resourceGroups/clitest.rg000001/providers/Microsoft.Network/loadBalancers/lb1/backendAddressPools/lb1bepool\"\
        ,\r\n        \"etag\": \"W/\\\"451bfa15-5f54-428f-9f32-37d13e2ec73a\\\"\"\
        ,\r\n        \"properties\": {\r\n          \"provisioningState\": \"Succeeded\"\
        ,\r\n          \"loadBalancingRules\": [\r\n            {\r\n            \
        \  \"id\": \"/subscriptions/00000000-0000-0000-0000-000000000000/resourceGroups/clitest.rg000001/providers/Microsoft.Network/loadBalancers/lb1/loadBalancingRules/rule1\"\
        \r\n            }\r\n          ]\r\n        }\r\n      }\r\n    ],\r\n   \
        \ \"loadBalancingRules\": [\r\n      {\r\n        \"name\": \"rule1\",\r\n\
        \        \"id\": \"/subscriptions/00000000-0000-0000-0000-000000000000/resourceGroups/clitest.rg000001/providers/Microsoft.Network/loadBalancers/lb1/loadBalancingRules/rule1\"\
        ,\r\n        \"etag\": \"W/\\\"451bfa15-5f54-428f-9f32-37d13e2ec73a\\\"\"\
        ,\r\n        \"properties\": {\r\n          \"provisioningState\": \"Succeeded\"\
        ,\r\n          \"frontendIPConfiguration\": {\r\n            \"id\": \"/subscriptions/00000000-0000-0000-0000-000000000000/resourceGroups/clitest.rg000001/providers/Microsoft.Network/loadBalancers/lb1/frontendIPConfigurations/LoadBalancerFrontEnd\"\
        \r\n          },\r\n          \"frontendPort\": 80,\r\n          \"backendPort\"\
        : 80,\r\n          \"enableFloatingIP\": false,\r\n          \"idleTimeoutInMinutes\"\
        : 4,\r\n          \"protocol\": \"Tcp\",\r\n          \"loadDistribution\"\
        : \"Default\",\r\n          \"backendAddressPool\": {\r\n            \"id\"\
        : \"/subscriptions/00000000-0000-0000-0000-000000000000/resourceGroups/clitest.rg000001/providers/Microsoft.Network/loadBalancers/lb1/backendAddressPools/lb1bepool\"\
        \r\n          },\r\n          \"probe\": {\r\n            \"id\": \"/subscriptions/00000000-0000-0000-0000-000000000000/resourceGroups/clitest.rg000001/providers/Microsoft.Network/loadBalancers/lb1/probes/probe1\"\
        \r\n          }\r\n        }\r\n      }\r\n    ],\r\n    \"probes\": [\r\n\
        \      {\r\n        \"name\": \"probe1\",\r\n        \"id\": \"/subscriptions/00000000-0000-0000-0000-000000000000/resourceGroups/clitest.rg000001/providers/Microsoft.Network/loadBalancers/lb1/probes/probe1\"\
        ,\r\n        \"etag\": \"W/\\\"451bfa15-5f54-428f-9f32-37d13e2ec73a\\\"\"\
        ,\r\n        \"properties\": {\r\n          \"provisioningState\": \"Succeeded\"\
        ,\r\n          \"protocol\": \"Http\",\r\n          \"port\": 80,\r\n    \
        \      \"requestPath\": \"/\",\r\n          \"intervalInSeconds\": 15,\r\n\
        \          \"numberOfProbes\": 2,\r\n          \"loadBalancingRules\": [\r\
        \n            {\r\n              \"id\": \"/subscriptions/00000000-0000-0000-0000-000000000000/resourceGroups/clitest.rg000001/providers/Microsoft.Network/loadBalancers/lb1/loadBalancingRules/rule1\"\
        \r\n            }\r\n          ]\r\n        }\r\n      }\r\n    ],\r\n   \
        \ \"inboundNatRules\": [],\r\n    \"outboundNatRules\": [],\r\n    \"inboundNatPools\"\
        : [\r\n      {\r\n        \"name\": \"nat-pool1\",\r\n        \"id\": \"/subscriptions/00000000-0000-0000-0000-000000000000/resourceGroups/clitest.rg000001/providers/Microsoft.Network/loadBalancers/lb1/inboundNatPools/nat-pool1\"\
        ,\r\n        \"etag\": \"W/\\\"451bfa15-5f54-428f-9f32-37d13e2ec73a\\\"\"\
        ,\r\n        \"properties\": {\r\n          \"provisioningState\": \"Succeeded\"\
        ,\r\n          \"frontendPortRangeStart\": 50000,\r\n          \"frontendPortRangeEnd\"\
        : 50119,\r\n          \"backendPort\": 22,\r\n          \"protocol\": \"Tcp\"\
        ,\r\n          \"frontendIPConfiguration\": {\r\n            \"id\": \"/subscriptions/00000000-0000-0000-0000-000000000000/resourceGroups/clitest.rg000001/providers/Microsoft.Network/loadBalancers/lb1/frontendIPConfigurations/LoadBalancerFrontEnd\"\
        \r\n          }\r\n        }\r\n      }\r\n    ]\r\n  },\r\n  \"sku\": {\r\
        \n    \"name\": \"Basic\"\r\n  }\r\n}"}
    headers:
      cache-control: [no-cache]
      content-length: ['6155']
      content-type: [application/json; charset=utf-8]
      date: ['Thu, 30 Nov 2017 17:00:29 GMT']
      etag: [W/"451bfa15-5f54-428f-9f32-37d13e2ec73a"]
      expires: ['-1']
      pragma: [no-cache]
      server: [Microsoft-HTTPAPI/2.0, Microsoft-HTTPAPI/2.0]
      strict-transport-security: [max-age=31536000; includeSubDomains]
      transfer-encoding: [chunked]
      vary: [Accept-Encoding]
    status: {code: 200, message: OK}
- request:
    body: null
    headers:
      Accept: [application/json]
      Accept-Encoding: ['gzip, deflate']
      CommandName: [vmss create]
      Connection: [keep-alive]
      Content-Type: [application/json; charset=utf-8]
      User-Agent: [python/3.5.3 (Windows-10-10.0.16299-SP0) requests/2.18.4 msrest/0.4.19
          msrest_azure/0.4.17 networkmanagementclient/1.6.0 Azure-SDK-For-Python AZURECLI/2.0.22]
      accept-language: [en-US]
    method: GET
    uri: https://management.azure.com/subscriptions/00000000-0000-0000-0000-000000000000/resourceGroups/clitest.rg000001/providers/Microsoft.Network/loadBalancers/lb1?api-version=2017-10-01
  response:
    body: {string: "{\r\n  \"name\": \"lb1\",\r\n  \"id\": \"/subscriptions/00000000-0000-0000-0000-000000000000/resourceGroups/clitest.rg000001/providers/Microsoft.Network/loadBalancers/lb1\"\
        ,\r\n  \"etag\": \"W/\\\"451bfa15-5f54-428f-9f32-37d13e2ec73a\\\"\",\r\n \
        \ \"type\": \"Microsoft.Network/loadBalancers\",\r\n  \"location\": \"westus\"\
        ,\r\n  \"tags\": {},\r\n  \"properties\": {\r\n    \"provisioningState\":\
        \ \"Succeeded\",\r\n    \"resourceGuid\": \"653f03bf-0691-4102-9e38-8e9da4bf6361\"\
        ,\r\n    \"frontendIPConfigurations\": [\r\n      {\r\n        \"name\": \"\
        LoadBalancerFrontEnd\",\r\n        \"id\": \"/subscriptions/00000000-0000-0000-0000-000000000000/resourceGroups/clitest.rg000001/providers/Microsoft.Network/loadBalancers/lb1/frontendIPConfigurations/LoadBalancerFrontEnd\"\
        ,\r\n        \"etag\": \"W/\\\"451bfa15-5f54-428f-9f32-37d13e2ec73a\\\"\"\
        ,\r\n        \"properties\": {\r\n          \"provisioningState\": \"Succeeded\"\
        ,\r\n          \"privateIPAllocationMethod\": \"Dynamic\",\r\n          \"\
        publicIPAddress\": {\r\n            \"id\": \"/subscriptions/00000000-0000-0000-0000-000000000000/resourceGroups/clitest.rg000001/providers/Microsoft.Network/publicIPAddresses/PublicIPlb1\"\
        \r\n          },\r\n          \"loadBalancingRules\": [\r\n            {\r\
        \n              \"id\": \"/subscriptions/00000000-0000-0000-0000-000000000000/resourceGroups/clitest.rg000001/providers/Microsoft.Network/loadBalancers/lb1/loadBalancingRules/rule1\"\
        \r\n            }\r\n          ],\r\n          \"inboundNatPools\": [\r\n\
        \            {\r\n              \"id\": \"/subscriptions/00000000-0000-0000-0000-000000000000/resourceGroups/clitest.rg000001/providers/Microsoft.Network/loadBalancers/lb1/inboundNatPools/nat-pool1\"\
        \r\n            }\r\n          ]\r\n        }\r\n      }\r\n    ],\r\n   \
        \ \"backendAddressPools\": [\r\n      {\r\n        \"name\": \"lb1bepool\"\
        ,\r\n        \"id\": \"/subscriptions/00000000-0000-0000-0000-000000000000/resourceGroups/clitest.rg000001/providers/Microsoft.Network/loadBalancers/lb1/backendAddressPools/lb1bepool\"\
        ,\r\n        \"etag\": \"W/\\\"451bfa15-5f54-428f-9f32-37d13e2ec73a\\\"\"\
        ,\r\n        \"properties\": {\r\n          \"provisioningState\": \"Succeeded\"\
        ,\r\n          \"loadBalancingRules\": [\r\n            {\r\n            \
        \  \"id\": \"/subscriptions/00000000-0000-0000-0000-000000000000/resourceGroups/clitest.rg000001/providers/Microsoft.Network/loadBalancers/lb1/loadBalancingRules/rule1\"\
        \r\n            }\r\n          ]\r\n        }\r\n      }\r\n    ],\r\n   \
        \ \"loadBalancingRules\": [\r\n      {\r\n        \"name\": \"rule1\",\r\n\
        \        \"id\": \"/subscriptions/00000000-0000-0000-0000-000000000000/resourceGroups/clitest.rg000001/providers/Microsoft.Network/loadBalancers/lb1/loadBalancingRules/rule1\"\
        ,\r\n        \"etag\": \"W/\\\"451bfa15-5f54-428f-9f32-37d13e2ec73a\\\"\"\
        ,\r\n        \"properties\": {\r\n          \"provisioningState\": \"Succeeded\"\
        ,\r\n          \"frontendIPConfiguration\": {\r\n            \"id\": \"/subscriptions/00000000-0000-0000-0000-000000000000/resourceGroups/clitest.rg000001/providers/Microsoft.Network/loadBalancers/lb1/frontendIPConfigurations/LoadBalancerFrontEnd\"\
        \r\n          },\r\n          \"frontendPort\": 80,\r\n          \"backendPort\"\
        : 80,\r\n          \"enableFloatingIP\": false,\r\n          \"idleTimeoutInMinutes\"\
        : 4,\r\n          \"protocol\": \"Tcp\",\r\n          \"loadDistribution\"\
        : \"Default\",\r\n          \"backendAddressPool\": {\r\n            \"id\"\
        : \"/subscriptions/00000000-0000-0000-0000-000000000000/resourceGroups/clitest.rg000001/providers/Microsoft.Network/loadBalancers/lb1/backendAddressPools/lb1bepool\"\
        \r\n          },\r\n          \"probe\": {\r\n            \"id\": \"/subscriptions/00000000-0000-0000-0000-000000000000/resourceGroups/clitest.rg000001/providers/Microsoft.Network/loadBalancers/lb1/probes/probe1\"\
        \r\n          }\r\n        }\r\n      }\r\n    ],\r\n    \"probes\": [\r\n\
        \      {\r\n        \"name\": \"probe1\",\r\n        \"id\": \"/subscriptions/00000000-0000-0000-0000-000000000000/resourceGroups/clitest.rg000001/providers/Microsoft.Network/loadBalancers/lb1/probes/probe1\"\
        ,\r\n        \"etag\": \"W/\\\"451bfa15-5f54-428f-9f32-37d13e2ec73a\\\"\"\
        ,\r\n        \"properties\": {\r\n          \"provisioningState\": \"Succeeded\"\
        ,\r\n          \"protocol\": \"Http\",\r\n          \"port\": 80,\r\n    \
        \      \"requestPath\": \"/\",\r\n          \"intervalInSeconds\": 15,\r\n\
        \          \"numberOfProbes\": 2,\r\n          \"loadBalancingRules\": [\r\
        \n            {\r\n              \"id\": \"/subscriptions/00000000-0000-0000-0000-000000000000/resourceGroups/clitest.rg000001/providers/Microsoft.Network/loadBalancers/lb1/loadBalancingRules/rule1\"\
        \r\n            }\r\n          ]\r\n        }\r\n      }\r\n    ],\r\n   \
        \ \"inboundNatRules\": [],\r\n    \"outboundNatRules\": [],\r\n    \"inboundNatPools\"\
        : [\r\n      {\r\n        \"name\": \"nat-pool1\",\r\n        \"id\": \"/subscriptions/00000000-0000-0000-0000-000000000000/resourceGroups/clitest.rg000001/providers/Microsoft.Network/loadBalancers/lb1/inboundNatPools/nat-pool1\"\
        ,\r\n        \"etag\": \"W/\\\"451bfa15-5f54-428f-9f32-37d13e2ec73a\\\"\"\
        ,\r\n        \"properties\": {\r\n          \"provisioningState\": \"Succeeded\"\
        ,\r\n          \"frontendPortRangeStart\": 50000,\r\n          \"frontendPortRangeEnd\"\
        : 50119,\r\n          \"backendPort\": 22,\r\n          \"protocol\": \"Tcp\"\
        ,\r\n          \"frontendIPConfiguration\": {\r\n            \"id\": \"/subscriptions/00000000-0000-0000-0000-000000000000/resourceGroups/clitest.rg000001/providers/Microsoft.Network/loadBalancers/lb1/frontendIPConfigurations/LoadBalancerFrontEnd\"\
        \r\n          }\r\n        }\r\n      }\r\n    ]\r\n  },\r\n  \"sku\": {\r\
        \n    \"name\": \"Basic\"\r\n  }\r\n}"}
    headers:
      cache-control: [no-cache]
      content-length: ['6155']
      content-type: [application/json; charset=utf-8]
      date: ['Thu, 30 Nov 2017 17:00:29 GMT']
      etag: [W/"451bfa15-5f54-428f-9f32-37d13e2ec73a"]
      expires: ['-1']
      pragma: [no-cache]
      server: [Microsoft-HTTPAPI/2.0, Microsoft-HTTPAPI/2.0]
      strict-transport-security: [max-age=31536000; includeSubDomains]
      transfer-encoding: [chunked]
      vary: [Accept-Encoding]
    status: {code: 200, message: OK}
- request:
    body: 'b''{"properties": {"parameters": {}, "mode": "Incremental", "template":
      {"parameters": {}, "outputs": {"VMSS": {"type": "object", "value": "[reference(resourceId(\''Microsoft.Compute/virtualMachineScaleSets\'',
      \''vmss1\''),providers(\''Microsoft.Compute\'', \''virtualMachineScaleSets\'').apiVersions[0])]"}},
      "resources": [{"tags": {}, "location": "westus", "dependsOn": [], "apiVersion":
      "2015-06-15", "properties": {"subnets": [{"name": "vmss1Subnet", "properties":
      {"addressPrefix": "10.0.0.0/24"}}], "addressSpace": {"addressPrefixes": ["10.0.0.0/16"]}},
      "type": "Microsoft.Network/virtualNetworks", "name": "vmss1VNET"}, {"tags":
      {}, "properties": {"overprovision": true, "singlePlacementGroup": true, "upgradePolicy":
      {"mode": "Manual"}, "virtualMachineProfile": {"storageProfile": {"imageReference":
      {"version": "latest", "publisher": "Canonical", "sku": "16.04-LTS", "offer":
      "UbuntuServer"}, "osDisk": {"createOption": "FromImage", "caching": "ReadWrite",
      "managedDisk": {"storageAccountType": null}}}, "osProfile": {"adminPassword":
      "Testqwer1234!", "adminUsername": "clitester1", "computerNamePrefix": "vmss1f060"},
      "networkProfile": {"healthProbe": {"id": "/subscriptions/00000000-0000-0000-0000-000000000000/resourceGroups/clitest.rg000001/providers/Microsoft.Network/loadBalancers/lb1/probes/probe1"},
      "networkInterfaceConfigurations": [{"name": "vmss1f060Nic", "properties": {"ipConfigurations":
      [{"name": "vmss1f060IPConfig", "properties": {"loadBalancerInboundNatPools":
      [{"id": "/subscriptions/00000000-0000-0000-0000-000000000000/resourceGroups/clitest.rg000001/providers/Microsoft.Network/loadBalancers/lb1/inboundNatPools/nat-pool1"}],
      "loadBalancerBackendAddressPools": [{"id": "/subscriptions/00000000-0000-0000-0000-000000000000/resourceGroups/clitest.rg000001/providers/Microsoft.Network/loadBalancers/lb1/backendAddressPools/lb1bepool"}],
      "subnet": {"id": "/subscriptions/00000000-0000-0000-0000-000000000000/resourceGroups/clitest.rg000001/providers/Microsoft.Network/virtualNetworks/vmss1VNET/subnets/vmss1Subnet"}}}],
      "primary": "true"}}]}}}, "apiVersion": "2017-03-30", "name": "vmss1", "dependsOn":
      ["Microsoft.Network/virtualNetworks/vmss1VNET"], "sku": {"name": "Standard_D1_v2",
      "capacity": 2}, "type": "Microsoft.Compute/virtualMachineScaleSets", "location":
      "westus"}], "variables": {}, "contentVersion": "1.0.0.0", "$schema": "https://schema.management.azure.com/schemas/2015-01-01/deploymentTemplate.json#"}}}'''
    headers:
      Accept: [application/json]
      Accept-Encoding: ['gzip, deflate']
      CommandName: [vmss create]
      Connection: [keep-alive]
      Content-Length: ['2666']
      Content-Type: [application/json; charset=utf-8]
      User-Agent: [python/3.5.3 (Windows-10-10.0.16299-SP0) requests/2.18.4 msrest/0.4.19
          msrest_azure/0.4.17 resourcemanagementclient/1.2.1 Azure-SDK-For-Python
          AZURECLI/2.0.22]
      accept-language: [en-US]
    method: PUT
    uri: https://management.azure.com/subscriptions/00000000-0000-0000-0000-000000000000/resourcegroups/clitest.rg000001/providers/Microsoft.Resources/deployments/mock-deployment?api-version=2017-05-10
  response:
    body: {string: '{"id":"/subscriptions/00000000-0000-0000-0000-000000000000/resourceGroups/clitest.rg000001/providers/Microsoft.Resources/deployments/vmss_deploy_qQY4vZcyBuElAMAuBY5D4i6ges5a8mA3","name":"vmss_deploy_qQY4vZcyBuElAMAuBY5D4i6ges5a8mA3","properties":{"templateHash":"3882144552854290235","parameters":{},"mode":"Incremental","provisioningState":"Accepted","timestamp":"2017-11-30T17:00:31.7670847Z","duration":"PT0.8082401S","correlationId":"cf9b57e1-1215-421f-830f-613cd159dab3","providers":[{"namespace":"Microsoft.Network","resourceTypes":[{"resourceType":"virtualNetworks","locations":["westus"]}]},{"namespace":"Microsoft.Compute","resourceTypes":[{"resourceType":"virtualMachineScaleSets","locations":["westus"]}]}],"dependencies":[{"dependsOn":[{"id":"/subscriptions/00000000-0000-0000-0000-000000000000/resourceGroups/clitest.rg000001/providers/Microsoft.Network/virtualNetworks/vmss1VNET","resourceType":"Microsoft.Network/virtualNetworks","resourceName":"vmss1VNET"}],"id":"/subscriptions/00000000-0000-0000-0000-000000000000/resourceGroups/clitest.rg000001/providers/Microsoft.Compute/virtualMachineScaleSets/vmss1","resourceType":"Microsoft.Compute/virtualMachineScaleSets","resourceName":"vmss1"}]}}'}
    headers:
      azure-asyncoperation: ['https://management.azure.com/subscriptions/00000000-0000-0000-0000-000000000000/resourcegroups/clitest.rg000001/providers/Microsoft.Resources/deployments/vmss_deploy_qQY4vZcyBuElAMAuBY5D4i6ges5a8mA3/operationStatuses/08586895456545187675?api-version=2017-05-10']
      cache-control: [no-cache]
      content-length: ['1385']
      content-type: [application/json; charset=utf-8]
      date: ['Thu, 30 Nov 2017 17:00:31 GMT']
      expires: ['-1']
      pragma: [no-cache]
      strict-transport-security: [max-age=31536000; includeSubDomains]
      x-ms-ratelimit-remaining-subscription-writes: ['1199']
    status: {code: 201, message: Created}
- request:
    body: null
    headers:
      Accept: [application/json]
      Accept-Encoding: ['gzip, deflate']
      CommandName: [vmss create]
      Connection: [keep-alive]
      Content-Type: [application/json; charset=utf-8]
      User-Agent: [python/3.5.3 (Windows-10-10.0.16299-SP0) requests/2.18.4 msrest/0.4.19
          msrest_azure/0.4.17 resourcemanagementclient/1.2.1 Azure-SDK-For-Python
          AZURECLI/2.0.22]
      accept-language: [en-US]
    method: GET
    uri: https://management.azure.com/subscriptions/00000000-0000-0000-0000-000000000000/resourcegroups/clitest.rg000001/providers/Microsoft.Resources/deployments/mock-deployment/operationStatuses/08586895456545187675?api-version=2017-05-10
  response:
    body: {string: '{"status":"Running"}'}
    headers:
      cache-control: [no-cache]
      content-length: ['20']
      content-type: [application/json; charset=utf-8]
      date: ['Thu, 30 Nov 2017 17:01:01 GMT']
      expires: ['-1']
      pragma: [no-cache]
      strict-transport-security: [max-age=31536000; includeSubDomains]
      vary: [Accept-Encoding]
    status: {code: 200, message: OK}
- request:
    body: null
    headers:
      Accept: [application/json]
      Accept-Encoding: ['gzip, deflate']
      CommandName: [vmss create]
      Connection: [keep-alive]
      Content-Type: [application/json; charset=utf-8]
      User-Agent: [python/3.5.3 (Windows-10-10.0.16299-SP0) requests/2.18.4 msrest/0.4.19
          msrest_azure/0.4.17 resourcemanagementclient/1.2.1 Azure-SDK-For-Python
          AZURECLI/2.0.22]
      accept-language: [en-US]
    method: GET
    uri: https://management.azure.com/subscriptions/00000000-0000-0000-0000-000000000000/resourcegroups/clitest.rg000001/providers/Microsoft.Resources/deployments/mock-deployment/operationStatuses/08586895456545187675?api-version=2017-05-10
  response:
    body: {string: '{"status":"Running"}'}
    headers:
      cache-control: [no-cache]
      content-length: ['20']
      content-type: [application/json; charset=utf-8]
      date: ['Thu, 30 Nov 2017 17:01:32 GMT']
      expires: ['-1']
      pragma: [no-cache]
      strict-transport-security: [max-age=31536000; includeSubDomains]
      vary: [Accept-Encoding]
    status: {code: 200, message: OK}
- request:
    body: null
    headers:
      Accept: [application/json]
      Accept-Encoding: ['gzip, deflate']
      CommandName: [vmss create]
      Connection: [keep-alive]
      Content-Type: [application/json; charset=utf-8]
      User-Agent: [python/3.5.3 (Windows-10-10.0.16299-SP0) requests/2.18.4 msrest/0.4.19
          msrest_azure/0.4.17 resourcemanagementclient/1.2.1 Azure-SDK-For-Python
          AZURECLI/2.0.22]
      accept-language: [en-US]
    method: GET
    uri: https://management.azure.com/subscriptions/00000000-0000-0000-0000-000000000000/resourcegroups/clitest.rg000001/providers/Microsoft.Resources/deployments/mock-deployment/operationStatuses/08586895456545187675?api-version=2017-05-10
  response:
    body: {string: '{"status":"Running"}'}
    headers:
      cache-control: [no-cache]
      content-length: ['20']
      content-type: [application/json; charset=utf-8]
      date: ['Thu, 30 Nov 2017 17:02:02 GMT']
      expires: ['-1']
      pragma: [no-cache]
      strict-transport-security: [max-age=31536000; includeSubDomains]
      vary: [Accept-Encoding]
    status: {code: 200, message: OK}
- request:
    body: null
    headers:
      Accept: [application/json]
      Accept-Encoding: ['gzip, deflate']
      CommandName: [vmss create]
      Connection: [keep-alive]
      Content-Type: [application/json; charset=utf-8]
      User-Agent: [python/3.5.3 (Windows-10-10.0.16299-SP0) requests/2.18.4 msrest/0.4.19
          msrest_azure/0.4.17 resourcemanagementclient/1.2.1 Azure-SDK-For-Python
          AZURECLI/2.0.22]
      accept-language: [en-US]
    method: GET
    uri: https://management.azure.com/subscriptions/00000000-0000-0000-0000-000000000000/resourcegroups/clitest.rg000001/providers/Microsoft.Resources/deployments/mock-deployment/operationStatuses/08586895456545187675?api-version=2017-05-10
  response:
    body: {string: '{"status":"Succeeded"}'}
    headers:
      cache-control: [no-cache]
      content-length: ['22']
      content-type: [application/json; charset=utf-8]
      date: ['Thu, 30 Nov 2017 17:02:33 GMT']
      expires: ['-1']
      pragma: [no-cache]
      strict-transport-security: [max-age=31536000; includeSubDomains]
      vary: [Accept-Encoding]
    status: {code: 200, message: OK}
- request:
    body: null
    headers:
      Accept: [application/json]
      Accept-Encoding: ['gzip, deflate']
      CommandName: [vmss create]
      Connection: [keep-alive]
      Content-Type: [application/json; charset=utf-8]
      User-Agent: [python/3.5.3 (Windows-10-10.0.16299-SP0) requests/2.18.4 msrest/0.4.19
          msrest_azure/0.4.17 resourcemanagementclient/1.2.1 Azure-SDK-For-Python
          AZURECLI/2.0.22]
      accept-language: [en-US]
    method: GET
    uri: https://management.azure.com/subscriptions/00000000-0000-0000-0000-000000000000/resourcegroups/clitest.rg000001/providers/Microsoft.Resources/deployments/mock-deployment?api-version=2017-05-10
  response:
    body: {string: '{"id":"/subscriptions/00000000-0000-0000-0000-000000000000/resourceGroups/clitest.rg000001/providers/Microsoft.Resources/deployments/vmss_deploy_qQY4vZcyBuElAMAuBY5D4i6ges5a8mA3","name":"vmss_deploy_qQY4vZcyBuElAMAuBY5D4i6ges5a8mA3","properties":{"templateHash":"3882144552854290235","parameters":{},"mode":"Incremental","provisioningState":"Succeeded","timestamp":"2017-11-30T17:02:26.4393608Z","duration":"PT1M55.4805162S","correlationId":"cf9b57e1-1215-421f-830f-613cd159dab3","providers":[{"namespace":"Microsoft.Network","resourceTypes":[{"resourceType":"virtualNetworks","locations":["westus"]}]},{"namespace":"Microsoft.Compute","resourceTypes":[{"resourceType":"virtualMachineScaleSets","locations":["westus"]}]}],"dependencies":[{"dependsOn":[{"id":"/subscriptions/00000000-0000-0000-0000-000000000000/resourceGroups/clitest.rg000001/providers/Microsoft.Network/virtualNetworks/vmss1VNET","resourceType":"Microsoft.Network/virtualNetworks","resourceName":"vmss1VNET"}],"id":"/subscriptions/00000000-0000-0000-0000-000000000000/resourceGroups/clitest.rg000001/providers/Microsoft.Compute/virtualMachineScaleSets/vmss1","resourceType":"Microsoft.Compute/virtualMachineScaleSets","resourceName":"vmss1"}],"outputs":{"vmss":{"type":"Object","value":{"singlePlacementGroup":true,"upgradePolicy":{"mode":"Manual","automaticOSUpgrade":false},"virtualMachineProfile":{"osProfile":{"computerNamePrefix":"vmss1f060","adminUsername":"clitester1","linuxConfiguration":{"disablePasswordAuthentication":false},"secrets":[]},"storageProfile":{"osDisk":{"createOption":"FromImage","caching":"ReadWrite","managedDisk":{"storageAccountType":"Standard_LRS"}},"imageReference":{"publisher":"Canonical","offer":"UbuntuServer","sku":"16.04-LTS","version":"latest"}},"networkProfile":{"healthProbe":{"id":"/subscriptions/00000000-0000-0000-0000-000000000000/resourceGroups/clitest.rg000001/providers/Microsoft.Network/loadBalancers/lb1/probes/probe1"},"networkInterfaceConfigurations":[{"name":"vmss1f060Nic","properties":{"primary":true,"enableAcceleratedNetworking":false,"dnsSettings":{"dnsServers":[]},"ipConfigurations":[{"name":"vmss1f060IPConfig","properties":{"subnet":{"id":"/subscriptions/00000000-0000-0000-0000-000000000000/resourceGroups/clitest.rg000001/providers/Microsoft.Network/virtualNetworks/vmss1VNET/subnets/vmss1Subnet"},"privateIPAddressVersion":"IPv4","loadBalancerBackendAddressPools":[{"id":"/subscriptions/00000000-0000-0000-0000-000000000000/resourceGroups/clitest.rg000001/providers/Microsoft.Network/loadBalancers/lb1/backendAddressPools/lb1bepool"}],"loadBalancerInboundNatPools":[{"id":"/subscriptions/00000000-0000-0000-0000-000000000000/resourceGroups/clitest.rg000001/providers/Microsoft.Network/loadBalancers/lb1/inboundNatPools/nat-pool1"}]}}]}}]}},"provisioningState":"Succeeded","overprovision":true,"uniqueId":"211910ca-5908-4180-b1b7-160f58c05ae8"}}},"outputResources":[{"id":"/subscriptions/00000000-0000-0000-0000-000000000000/resourceGroups/clitest.rg000001/providers/Microsoft.Compute/virtualMachineScaleSets/vmss1"},{"id":"/subscriptions/00000000-0000-0000-0000-000000000000/resourceGroups/clitest.rg000001/providers/Microsoft.Network/virtualNetworks/vmss1VNET"}]}}'}
    headers:
      cache-control: [no-cache]
      content-length: ['3729']
      content-type: [application/json; charset=utf-8]
      date: ['Thu, 30 Nov 2017 17:02:33 GMT']
      expires: ['-1']
      pragma: [no-cache]
      strict-transport-security: [max-age=31536000; includeSubDomains]
      vary: [Accept-Encoding]
    status: {code: 200, message: OK}
- request:
    body: null
    headers:
      Accept: [application/json]
      Accept-Encoding: ['gzip, deflate']
      CommandName: [vmss extension set]
      Connection: [keep-alive]
      Content-Type: [application/json; charset=utf-8]
      User-Agent: [python/3.5.3 (Windows-10-10.0.16299-SP0) requests/2.18.4 msrest/0.4.19
          msrest_azure/0.4.17 computemanagementclient/3.0.1 Azure-SDK-For-Python AZURECLI/2.0.22]
      accept-language: [en-US]
    method: GET
    uri: https://management.azure.com/subscriptions/00000000-0000-0000-0000-000000000000/resourceGroups/clitest.rg000001/providers/Microsoft.Compute/virtualMachineScaleSets/vmss1?api-version=2017-03-30
  response:
    body: {string: "{\r\n  \"sku\": {\r\n    \"name\": \"Standard_D1_v2\",\r\n   \
        \ \"tier\": \"Standard\",\r\n    \"capacity\": 2\r\n  },\r\n  \"properties\"\
        : {\r\n    \"singlePlacementGroup\": true,\r\n    \"upgradePolicy\": {\r\n\
        \      \"mode\": \"Manual\",\r\n      \"automaticOSUpgrade\": false\r\n  \
        \  },\r\n    \"virtualMachineProfile\": {\r\n      \"osProfile\": {\r\n  \
        \      \"computerNamePrefix\": \"vmss1f060\",\r\n        \"adminUsername\"\
        : \"clitester1\",\r\n        \"linuxConfiguration\": {\r\n          \"disablePasswordAuthentication\"\
        : false\r\n        },\r\n        \"secrets\": []\r\n      },\r\n      \"storageProfile\"\
        : {\r\n        \"osDisk\": {\r\n          \"createOption\": \"FromImage\"\
        ,\r\n          \"caching\": \"ReadWrite\",\r\n          \"managedDisk\": {\r\
        \n            \"storageAccountType\": \"Standard_LRS\"\r\n          }\r\n\
        \        },\r\n        \"imageReference\": {\r\n          \"publisher\": \"\
        Canonical\",\r\n          \"offer\": \"UbuntuServer\",\r\n          \"sku\"\
        : \"16.04-LTS\",\r\n          \"version\": \"latest\"\r\n        }\r\n   \
        \   },\r\n      \"networkProfile\": {\"healthProbe\":{\"id\":\"/subscriptions/00000000-0000-0000-0000-000000000000/resourceGroups/clitest.rg000001/providers/Microsoft.Network/loadBalancers/lb1/probes/probe1\"\
        },\"networkInterfaceConfigurations\":[{\"name\":\"vmss1f060Nic\",\"properties\"\
        :{\"primary\":true,\"enableAcceleratedNetworking\":false,\"dnsSettings\":{\"\
        dnsServers\":[]},\"ipConfigurations\":[{\"name\":\"vmss1f060IPConfig\",\"\
        properties\":{\"subnet\":{\"id\":\"/subscriptions/00000000-0000-0000-0000-000000000000/resourceGroups/clitest.rg000001/providers/Microsoft.Network/virtualNetworks/vmss1VNET/subnets/vmss1Subnet\"\
        },\"privateIPAddressVersion\":\"IPv4\",\"loadBalancerBackendAddressPools\"\
        :[{\"id\":\"/subscriptions/00000000-0000-0000-0000-000000000000/resourceGroups/clitest.rg000001/providers/Microsoft.Network/loadBalancers/lb1/backendAddressPools/lb1bepool\"\
        }],\"loadBalancerInboundNatPools\":[{\"id\":\"/subscriptions/00000000-0000-0000-0000-000000000000/resourceGroups/clitest.rg000001/providers/Microsoft.Network/loadBalancers/lb1/inboundNatPools/nat-pool1\"\
        }]}}]}}]}\r\n    },\r\n    \"provisioningState\": \"Succeeded\",\r\n    \"\
        overprovision\": true,\r\n    \"uniqueId\": \"211910ca-5908-4180-b1b7-160f58c05ae8\"\
        \r\n  },\r\n  \"type\": \"Microsoft.Compute/virtualMachineScaleSets\",\r\n\
        \  \"location\": \"westus\",\r\n  \"tags\": {},\r\n  \"id\": \"/subscriptions/00000000-0000-0000-0000-000000000000/resourceGroups/clitest.rg000001/providers/Microsoft.Compute/virtualMachineScaleSets/vmss1\"\
        ,\r\n  \"name\": \"vmss1\"\r\n}"}
    headers:
      cache-control: [no-cache]
      content-length: ['2648']
      content-type: [application/json; charset=utf-8]
      date: ['Thu, 30 Nov 2017 17:02:33 GMT']
      expires: ['-1']
      pragma: [no-cache]
      server: [Microsoft-HTTPAPI/2.0, Microsoft-HTTPAPI/2.0]
      strict-transport-security: [max-age=31536000; includeSubDomains]
      transfer-encoding: [chunked]
      vary: [Accept-Encoding]
      x-ms-ratelimit-remaining-resource: ['Microsoft.Compute/GetVMScaleSet3Min;227,Microsoft.Compute/GetVMScaleSet30Min;1180']
    status: {code: 200, message: OK}
- request:
    body: 'b''{"sku": {"tier": "Standard", "name": "Standard_D1_v2", "capacity": 2},
      "tags": {}, "properties": {"overprovision": true, "singlePlacementGroup": true,
      "upgradePolicy": {"mode": "Manual", "automaticOSUpgrade": false}, "virtualMachineProfile":
      {"storageProfile": {"imageReference": {"version": "latest", "publisher": "Canonical",
      "sku": "16.04-LTS", "offer": "UbuntuServer"}, "osDisk": {"caching": "ReadWrite",
      "createOption": "FromImage", "managedDisk": {"storageAccountType": "Standard_LRS"}}},
      "osProfile": {"adminUsername": "clitester1", "linuxConfiguration": {"disablePasswordAuthentication":
      false}, "computerNamePrefix": "vmss1f060", "secrets": []}, "networkProfile":
      {"healthProbe": {"id": "/subscriptions/00000000-0000-0000-0000-000000000000/resourceGroups/clitest.rg000001/providers/Microsoft.Network/loadBalancers/lb1/probes/probe1"},
      "networkInterfaceConfigurations": [{"name": "vmss1f060Nic", "properties": {"ipConfigurations":
      [{"name": "vmss1f060IPConfig", "properties": {"privateIPAddressVersion": "IPv4",
      "loadBalancerInboundNatPools": [{"id": "/subscriptions/00000000-0000-0000-0000-000000000000/resourceGroups/clitest.rg000001/providers/Microsoft.Network/loadBalancers/lb1/inboundNatPools/nat-pool1"}],
      "loadBalancerBackendAddressPools": [{"id": "/subscriptions/00000000-0000-0000-0000-000000000000/resourceGroups/clitest.rg000001/providers/Microsoft.Network/loadBalancers/lb1/backendAddressPools/lb1bepool"}],
      "subnet": {"id": "/subscriptions/00000000-0000-0000-0000-000000000000/resourceGroups/clitest.rg000001/providers/Microsoft.Network/virtualNetworks/vmss1VNET/subnets/vmss1Subnet"}}}],
      "dnsSettings": {"dnsServers": []}, "enableAcceleratedNetworking": false, "primary":
      true}}]}, "extensionProfile": {"extensions": [{"name": "customScript", "properties":
      {"typeHandlerVersion": "2.0", "publisher": "Microsoft.Azure.Extensions", "type":
      "customScript", "autoUpgradeMinorVersion": true, "settings": {"commandToExecute":
      "sudo apt-get install -y nginx"}}}]}}}, "location": "westus"}'''
    headers:
      Accept: [application/json]
      Accept-Encoding: ['gzip, deflate']
      CommandName: [vmss extension set]
      Connection: [keep-alive]
      Content-Length: ['2239']
      Content-Type: [application/json; charset=utf-8]
      User-Agent: [python/3.5.3 (Windows-10-10.0.16299-SP0) requests/2.18.4 msrest/0.4.19
          msrest_azure/0.4.17 computemanagementclient/3.0.1 Azure-SDK-For-Python AZURECLI/2.0.22]
      accept-language: [en-US]
    method: PUT
    uri: https://management.azure.com/subscriptions/00000000-0000-0000-0000-000000000000/resourceGroups/clitest.rg000001/providers/Microsoft.Compute/virtualMachineScaleSets/vmss1?api-version=2017-03-30
  response:
    body: {string: "{\r\n  \"sku\": {\r\n    \"name\": \"Standard_D1_v2\",\r\n   \
        \ \"tier\": \"Standard\",\r\n    \"capacity\": 2\r\n  },\r\n  \"properties\"\
        : {\r\n    \"singlePlacementGroup\": true,\r\n    \"upgradePolicy\": {\r\n\
        \      \"mode\": \"Manual\",\r\n      \"automaticOSUpgrade\": false\r\n  \
        \  },\r\n    \"virtualMachineProfile\": {\r\n      \"osProfile\": {\r\n  \
        \      \"computerNamePrefix\": \"vmss1f060\",\r\n        \"adminUsername\"\
        : \"clitester1\",\r\n        \"linuxConfiguration\": {\r\n          \"disablePasswordAuthentication\"\
        : false\r\n        },\r\n        \"secrets\": []\r\n      },\r\n      \"storageProfile\"\
        : {\r\n        \"osDisk\": {\r\n          \"createOption\": \"FromImage\"\
        ,\r\n          \"caching\": \"ReadWrite\",\r\n          \"managedDisk\": {\r\
        \n            \"storageAccountType\": \"Standard_LRS\"\r\n          }\r\n\
        \        },\r\n        \"imageReference\": {\r\n          \"publisher\": \"\
        Canonical\",\r\n          \"offer\": \"UbuntuServer\",\r\n          \"sku\"\
        : \"16.04-LTS\",\r\n          \"version\": \"latest\"\r\n        }\r\n   \
        \   },\r\n      \"networkProfile\": {\"healthProbe\":{\"id\":\"/subscriptions/00000000-0000-0000-0000-000000000000/resourceGroups/clitest.rg000001/providers/Microsoft.Network/loadBalancers/lb1/probes/probe1\"\
        },\"networkInterfaceConfigurations\":[{\"name\":\"vmss1f060Nic\",\"properties\"\
        :{\"primary\":true,\"enableAcceleratedNetworking\":false,\"dnsSettings\":{\"\
        dnsServers\":[]},\"ipConfigurations\":[{\"name\":\"vmss1f060IPConfig\",\"\
        properties\":{\"subnet\":{\"id\":\"/subscriptions/00000000-0000-0000-0000-000000000000/resourceGroups/clitest.rg000001/providers/Microsoft.Network/virtualNetworks/vmss1VNET/subnets/vmss1Subnet\"\
        },\"privateIPAddressVersion\":\"IPv4\",\"loadBalancerBackendAddressPools\"\
        :[{\"id\":\"/subscriptions/00000000-0000-0000-0000-000000000000/resourceGroups/clitest.rg000001/providers/Microsoft.Network/loadBalancers/lb1/backendAddressPools/lb1bepool\"\
        }],\"loadBalancerInboundNatPools\":[{\"id\":\"/subscriptions/00000000-0000-0000-0000-000000000000/resourceGroups/clitest.rg000001/providers/Microsoft.Network/loadBalancers/lb1/inboundNatPools/nat-pool1\"\
        }]}}]}}]},\r\n      \"extensionProfile\": {\r\n        \"extensions\": [\r\
        \n          {\r\n            \"properties\": {\r\n              \"publisher\"\
        : \"Microsoft.Azure.Extensions\",\r\n              \"type\": \"customScript\"\
        ,\r\n              \"typeHandlerVersion\": \"2.0\",\r\n              \"autoUpgradeMinorVersion\"\
        : true,\r\n              \"settings\": {\"commandToExecute\":\"sudo apt-get\
        \ install -y nginx\"}\r\n            },\r\n            \"name\": \"customScript\"\
        \r\n          }\r\n        ]\r\n      }\r\n    },\r\n    \"provisioningState\"\
        : \"Updating\",\r\n    \"overprovision\": true,\r\n    \"uniqueId\": \"211910ca-5908-4180-b1b7-160f58c05ae8\"\
        \r\n  },\r\n  \"type\": \"Microsoft.Compute/virtualMachineScaleSets\",\r\n\
        \  \"location\": \"westus\",\r\n  \"tags\": {},\r\n  \"id\": \"/subscriptions/00000000-0000-0000-0000-000000000000/resourceGroups/clitest.rg000001/providers/Microsoft.Compute/virtualMachineScaleSets/vmss1\"\
        ,\r\n  \"name\": \"vmss1\"\r\n}"}
    headers:
      azure-asyncoperation: ['https://management.azure.com/subscriptions/00000000-0000-0000-0000-000000000000/providers/Microsoft.Compute/locations/westus/operations/9613d741-4e31-4135-ad6a-73021b4838a9?api-version=2017-03-30']
      cache-control: [no-cache]
      content-length: ['3098']
      content-type: [application/json; charset=utf-8]
      date: ['Thu, 30 Nov 2017 17:02:34 GMT']
      expires: ['-1']
      pragma: [no-cache]
      server: [Microsoft-HTTPAPI/2.0, Microsoft-HTTPAPI/2.0]
      strict-transport-security: [max-age=31536000; includeSubDomains]
      transfer-encoding: [chunked]
      vary: [Accept-Encoding]
      x-ms-ratelimit-remaining-resource: ['Microsoft.Compute/CreateVMScaleSet3Min;38,Microsoft.Compute/CreateVMScaleSet30Min;195,Microsoft.Compute/VmssQueuedVMOperations;1800']
      x-ms-ratelimit-remaining-subscription-writes: ['1198']
      x-ms-request-charge: ['0']
    status: {code: 200, message: OK}
- request:
    body: null
    headers:
      Accept: [application/json]
      Accept-Encoding: ['gzip, deflate']
      CommandName: [vmss extension set]
      Connection: [keep-alive]
      Content-Type: [application/json; charset=utf-8]
      User-Agent: [python/3.5.3 (Windows-10-10.0.16299-SP0) requests/2.18.4 msrest/0.4.19
          msrest_azure/0.4.17 computemanagementclient/3.0.1 Azure-SDK-For-Python AZURECLI/2.0.22]
      accept-language: [en-US]
    method: GET
    uri: https://management.azure.com/subscriptions/00000000-0000-0000-0000-000000000000/providers/Microsoft.Compute/locations/westus/operations/9613d741-4e31-4135-ad6a-73021b4838a9?api-version=2017-03-30
  response:
    body: {string: "{\r\n  \"startTime\": \"2017-11-30T17:02:34.2507084+00:00\",\r\
        \n  \"status\": \"InProgress\",\r\n  \"name\": \"9613d741-4e31-4135-ad6a-73021b4838a9\"\
        \r\n}"}
    headers:
      cache-control: [no-cache]
      content-length: ['134']
      content-type: [application/json; charset=utf-8]
      date: ['Thu, 30 Nov 2017 17:03:05 GMT']
      expires: ['-1']
      pragma: [no-cache]
      server: [Microsoft-HTTPAPI/2.0, Microsoft-HTTPAPI/2.0]
      strict-transport-security: [max-age=31536000; includeSubDomains]
      transfer-encoding: [chunked]
      vary: [Accept-Encoding]
      x-ms-ratelimit-remaining-resource: ['Microsoft.Compute/GetOperation3Min;2110,Microsoft.Compute/GetOperation30Min;17886']
    status: {code: 200, message: OK}
- request:
    body: null
    headers:
      Accept: [application/json]
      Accept-Encoding: ['gzip, deflate']
      CommandName: [vmss extension set]
      Connection: [keep-alive]
      Content-Type: [application/json; charset=utf-8]
      User-Agent: [python/3.5.3 (Windows-10-10.0.16299-SP0) requests/2.18.4 msrest/0.4.19
          msrest_azure/0.4.17 computemanagementclient/3.0.1 Azure-SDK-For-Python AZURECLI/2.0.22]
      accept-language: [en-US]
    method: GET
    uri: https://management.azure.com/subscriptions/00000000-0000-0000-0000-000000000000/providers/Microsoft.Compute/locations/westus/operations/9613d741-4e31-4135-ad6a-73021b4838a9?api-version=2017-03-30
  response:
    body: {string: "{\r\n  \"startTime\": \"2017-11-30T17:02:34.2507084+00:00\",\r\
        \n  \"status\": \"InProgress\",\r\n  \"name\": \"9613d741-4e31-4135-ad6a-73021b4838a9\"\
        \r\n}"}
    headers:
      cache-control: [no-cache]
      content-length: ['134']
      content-type: [application/json; charset=utf-8]
      date: ['Thu, 30 Nov 2017 17:03:35 GMT']
      expires: ['-1']
      pragma: [no-cache]
      server: [Microsoft-HTTPAPI/2.0, Microsoft-HTTPAPI/2.0]
      strict-transport-security: [max-age=31536000; includeSubDomains]
      transfer-encoding: [chunked]
      vary: [Accept-Encoding]
      x-ms-ratelimit-remaining-resource: ['Microsoft.Compute/GetOperation3Min;2113,Microsoft.Compute/GetOperation30Min;17878']
    status: {code: 200, message: OK}
- request:
    body: null
    headers:
      Accept: [application/json]
      Accept-Encoding: ['gzip, deflate']
      CommandName: [vmss extension set]
      Connection: [keep-alive]
      Content-Type: [application/json; charset=utf-8]
      User-Agent: [python/3.5.3 (Windows-10-10.0.16299-SP0) requests/2.18.4 msrest/0.4.19
          msrest_azure/0.4.17 computemanagementclient/3.0.1 Azure-SDK-For-Python AZURECLI/2.0.22]
      accept-language: [en-US]
    method: GET
    uri: https://management.azure.com/subscriptions/00000000-0000-0000-0000-000000000000/providers/Microsoft.Compute/locations/westus/operations/9613d741-4e31-4135-ad6a-73021b4838a9?api-version=2017-03-30
  response:
    body: {string: "{\r\n  \"startTime\": \"2017-11-30T17:02:34.2507084+00:00\",\r\
        \n  \"status\": \"InProgress\",\r\n  \"name\": \"9613d741-4e31-4135-ad6a-73021b4838a9\"\
        \r\n}"}
    headers:
      cache-control: [no-cache]
      content-length: ['134']
      content-type: [application/json; charset=utf-8]
      date: ['Thu, 30 Nov 2017 17:04:06 GMT']
      expires: ['-1']
      pragma: [no-cache]
      server: [Microsoft-HTTPAPI/2.0, Microsoft-HTTPAPI/2.0]
      strict-transport-security: [max-age=31536000; includeSubDomains]
      transfer-encoding: [chunked]
      vary: [Accept-Encoding]
      x-ms-ratelimit-remaining-resource: ['Microsoft.Compute/GetOperation3Min;2117,Microsoft.Compute/GetOperation30Min;17871']
    status: {code: 200, message: OK}
- request:
    body: null
    headers:
      Accept: [application/json]
      Accept-Encoding: ['gzip, deflate']
      CommandName: [vmss extension set]
      Connection: [keep-alive]
      Content-Type: [application/json; charset=utf-8]
      User-Agent: [python/3.5.3 (Windows-10-10.0.16299-SP0) requests/2.18.4 msrest/0.4.19
          msrest_azure/0.4.17 computemanagementclient/3.0.1 Azure-SDK-For-Python AZURECLI/2.0.22]
      accept-language: [en-US]
    method: GET
    uri: https://management.azure.com/subscriptions/00000000-0000-0000-0000-000000000000/providers/Microsoft.Compute/locations/westus/operations/9613d741-4e31-4135-ad6a-73021b4838a9?api-version=2017-03-30
  response:
    body: {string: "{\r\n  \"startTime\": \"2017-11-30T17:02:34.2507084+00:00\",\r\
        \n  \"status\": \"InProgress\",\r\n  \"name\": \"9613d741-4e31-4135-ad6a-73021b4838a9\"\
        \r\n}"}
    headers:
      cache-control: [no-cache]
      content-length: ['134']
      content-type: [application/json; charset=utf-8]
      date: ['Thu, 30 Nov 2017 17:04:36 GMT']
      expires: ['-1']
      pragma: [no-cache]
      server: [Microsoft-HTTPAPI/2.0, Microsoft-HTTPAPI/2.0]
      strict-transport-security: [max-age=31536000; includeSubDomains]
      transfer-encoding: [chunked]
      vary: [Accept-Encoding]
      x-ms-ratelimit-remaining-resource: ['Microsoft.Compute/GetOperation3Min;2122,Microsoft.Compute/GetOperation30Min;17867']
    status: {code: 200, message: OK}
- request:
    body: null
    headers:
      Accept: [application/json]
      Accept-Encoding: ['gzip, deflate']
      CommandName: [vmss extension set]
      Connection: [keep-alive]
      Content-Type: [application/json; charset=utf-8]
      User-Agent: [python/3.5.3 (Windows-10-10.0.16299-SP0) requests/2.18.4 msrest/0.4.19
          msrest_azure/0.4.17 computemanagementclient/3.0.1 Azure-SDK-For-Python AZURECLI/2.0.22]
      accept-language: [en-US]
    method: GET
    uri: https://management.azure.com/subscriptions/00000000-0000-0000-0000-000000000000/providers/Microsoft.Compute/locations/westus/operations/9613d741-4e31-4135-ad6a-73021b4838a9?api-version=2017-03-30
  response:
    body: {string: "{\r\n  \"startTime\": \"2017-11-30T17:02:34.2507084+00:00\",\r\
        \n  \"endTime\": \"2017-11-30T17:04:41.7893056+00:00\",\r\n  \"status\": \"\
        Succeeded\",\r\n  \"name\": \"9613d741-4e31-4135-ad6a-73021b4838a9\"\r\n}"}
    headers:
      cache-control: [no-cache]
      content-length: ['184']
      content-type: [application/json; charset=utf-8]
      date: ['Thu, 30 Nov 2017 17:05:08 GMT']
      expires: ['-1']
      pragma: [no-cache]
      server: [Microsoft-HTTPAPI/2.0, Microsoft-HTTPAPI/2.0]
      strict-transport-security: [max-age=31536000; includeSubDomains]
      transfer-encoding: [chunked]
      vary: [Accept-Encoding]
      x-ms-ratelimit-remaining-resource: ['Microsoft.Compute/GetOperation3Min;2125,Microsoft.Compute/GetOperation30Min;17862']
    status: {code: 200, message: OK}
- request:
    body: null
    headers:
      Accept: [application/json]
      Accept-Encoding: ['gzip, deflate']
      CommandName: [vmss extension set]
      Connection: [keep-alive]
      Content-Type: [application/json; charset=utf-8]
      User-Agent: [python/3.5.3 (Windows-10-10.0.16299-SP0) requests/2.18.4 msrest/0.4.19
          msrest_azure/0.4.17 computemanagementclient/3.0.1 Azure-SDK-For-Python AZURECLI/2.0.22]
      accept-language: [en-US]
    method: GET
    uri: https://management.azure.com/subscriptions/00000000-0000-0000-0000-000000000000/resourceGroups/clitest.rg000001/providers/Microsoft.Compute/virtualMachineScaleSets/vmss1?api-version=2017-03-30
  response:
    body: {string: "{\r\n  \"sku\": {\r\n    \"name\": \"Standard_D1_v2\",\r\n   \
        \ \"tier\": \"Standard\",\r\n    \"capacity\": 2\r\n  },\r\n  \"properties\"\
        : {\r\n    \"singlePlacementGroup\": true,\r\n    \"upgradePolicy\": {\r\n\
        \      \"mode\": \"Manual\",\r\n      \"automaticOSUpgrade\": false\r\n  \
        \  },\r\n    \"virtualMachineProfile\": {\r\n      \"osProfile\": {\r\n  \
        \      \"computerNamePrefix\": \"vmss1f060\",\r\n        \"adminUsername\"\
        : \"clitester1\",\r\n        \"linuxConfiguration\": {\r\n          \"disablePasswordAuthentication\"\
        : false\r\n        },\r\n        \"secrets\": []\r\n      },\r\n      \"storageProfile\"\
        : {\r\n        \"osDisk\": {\r\n          \"createOption\": \"FromImage\"\
        ,\r\n          \"caching\": \"ReadWrite\",\r\n          \"managedDisk\": {\r\
        \n            \"storageAccountType\": \"Standard_LRS\"\r\n          }\r\n\
        \        },\r\n        \"imageReference\": {\r\n          \"publisher\": \"\
        Canonical\",\r\n          \"offer\": \"UbuntuServer\",\r\n          \"sku\"\
        : \"16.04-LTS\",\r\n          \"version\": \"latest\"\r\n        }\r\n   \
        \   },\r\n      \"networkProfile\": {\"healthProbe\":{\"id\":\"/subscriptions/00000000-0000-0000-0000-000000000000/resourceGroups/clitest.rg000001/providers/Microsoft.Network/loadBalancers/lb1/probes/probe1\"\
        },\"networkInterfaceConfigurations\":[{\"name\":\"vmss1f060Nic\",\"properties\"\
        :{\"primary\":true,\"enableAcceleratedNetworking\":false,\"dnsSettings\":{\"\
        dnsServers\":[]},\"ipConfigurations\":[{\"name\":\"vmss1f060IPConfig\",\"\
        properties\":{\"subnet\":{\"id\":\"/subscriptions/00000000-0000-0000-0000-000000000000/resourceGroups/clitest.rg000001/providers/Microsoft.Network/virtualNetworks/vmss1VNET/subnets/vmss1Subnet\"\
        },\"privateIPAddressVersion\":\"IPv4\",\"loadBalancerBackendAddressPools\"\
        :[{\"id\":\"/subscriptions/00000000-0000-0000-0000-000000000000/resourceGroups/clitest.rg000001/providers/Microsoft.Network/loadBalancers/lb1/backendAddressPools/lb1bepool\"\
        }],\"loadBalancerInboundNatPools\":[{\"id\":\"/subscriptions/00000000-0000-0000-0000-000000000000/resourceGroups/clitest.rg000001/providers/Microsoft.Network/loadBalancers/lb1/inboundNatPools/nat-pool1\"\
        }]}}]}}]},\r\n      \"extensionProfile\": {\r\n        \"extensions\": [\r\
        \n          {\r\n            \"properties\": {\r\n              \"publisher\"\
        : \"Microsoft.Azure.Extensions\",\r\n              \"type\": \"customScript\"\
        ,\r\n              \"typeHandlerVersion\": \"2.0\",\r\n              \"autoUpgradeMinorVersion\"\
        : true,\r\n              \"settings\": {\"commandToExecute\":\"sudo apt-get\
        \ install -y nginx\"}\r\n            },\r\n            \"name\": \"customScript\"\
        \r\n          }\r\n        ]\r\n      }\r\n    },\r\n    \"provisioningState\"\
        : \"Succeeded\",\r\n    \"overprovision\": true,\r\n    \"uniqueId\": \"211910ca-5908-4180-b1b7-160f58c05ae8\"\
        \r\n  },\r\n  \"type\": \"Microsoft.Compute/virtualMachineScaleSets\",\r\n\
        \  \"location\": \"westus\",\r\n  \"tags\": {},\r\n  \"id\": \"/subscriptions/00000000-0000-0000-0000-000000000000/resourceGroups/clitest.rg000001/providers/Microsoft.Compute/virtualMachineScaleSets/vmss1\"\
        ,\r\n  \"name\": \"vmss1\"\r\n}"}
    headers:
      cache-control: [no-cache]
      content-length: ['3099']
      content-type: [application/json; charset=utf-8]
      date: ['Thu, 30 Nov 2017 17:05:08 GMT']
      expires: ['-1']
      pragma: [no-cache]
      server: [Microsoft-HTTPAPI/2.0, Microsoft-HTTPAPI/2.0]
      strict-transport-security: [max-age=31536000; includeSubDomains]
      transfer-encoding: [chunked]
      vary: [Accept-Encoding]
      x-ms-ratelimit-remaining-resource: ['Microsoft.Compute/GetVMScaleSet3Min;226,Microsoft.Compute/GetVMScaleSet30Min;1167']
    status: {code: 200, message: OK}
- request:
    body: '{"instanceIds": ["*"]}'
    headers:
      Accept: [application/json]
      Accept-Encoding: ['gzip, deflate']
      CommandName: [vmss update-instances]
      Connection: [keep-alive]
      Content-Length: ['22']
      Content-Type: [application/json; charset=utf-8]
      User-Agent: [python/3.5.3 (Windows-10-10.0.16299-SP0) requests/2.18.4 msrest/0.4.19
          msrest_azure/0.4.17 computemanagementclient/3.0.1 Azure-SDK-For-Python AZURECLI/2.0.22]
      accept-language: [en-US]
    method: POST
    uri: https://management.azure.com/subscriptions/00000000-0000-0000-0000-000000000000/resourceGroups/clitest.rg000001/providers/Microsoft.Compute/virtualMachineScaleSets/vmss1/manualupgrade?api-version=2017-03-30
  response:
    body: {string: ''}
    headers:
      azure-asyncoperation: ['https://management.azure.com/subscriptions/00000000-0000-0000-0000-000000000000/providers/Microsoft.Compute/locations/westus/operations/1778ba22-c1f1-4662-a89c-75e59829ac5b?api-version=2017-03-30']
      cache-control: [no-cache]
      content-length: ['0']
      date: ['Thu, 30 Nov 2017 17:05:10 GMT']
      expires: ['-1']
      location: ['https://management.azure.com/subscriptions/00000000-0000-0000-0000-000000000000/providers/Microsoft.Compute/locations/westus/operations/1778ba22-c1f1-4662-a89c-75e59829ac5b?monitor=true&api-version=2017-03-30']
      pragma: [no-cache]
      server: [Microsoft-HTTPAPI/2.0, Microsoft-HTTPAPI/2.0]
      strict-transport-security: [max-age=31536000; includeSubDomains]
      x-ms-ratelimit-remaining-resource: ['Microsoft.Compute/VMScaleSetActions3Min;239,Microsoft.Compute/VMScaleSetActions30Min;1199,Microsoft.Compute/VMScaleSetBatchedVMRequests5Min;1196,Microsoft.Compute/VmssQueuedVMOperations;1798']
      x-ms-ratelimit-remaining-subscription-writes: ['1199']
      x-ms-request-charge: ['2']
    status: {code: 202, message: Accepted}
- request:
    body: null
    headers:
      Accept: [application/json]
      Accept-Encoding: ['gzip, deflate']
      CommandName: [vmss update-instances]
      Connection: [keep-alive]
      Content-Type: [application/json; charset=utf-8]
      User-Agent: [python/3.5.3 (Windows-10-10.0.16299-SP0) requests/2.18.4 msrest/0.4.19
          msrest_azure/0.4.17 computemanagementclient/3.0.1 Azure-SDK-For-Python AZURECLI/2.0.22]
      accept-language: [en-US]
    method: GET
    uri: https://management.azure.com/subscriptions/00000000-0000-0000-0000-000000000000/providers/Microsoft.Compute/locations/westus/operations/1778ba22-c1f1-4662-a89c-75e59829ac5b?api-version=2017-03-30
  response:
    body: {string: "{\r\n  \"startTime\": \"2017-11-30T17:05:09.2596423+00:00\",\r\
        \n  \"status\": \"InProgress\",\r\n  \"name\": \"1778ba22-c1f1-4662-a89c-75e59829ac5b\"\
        \r\n}"}
    headers:
      cache-control: [no-cache]
      content-length: ['134']
      content-type: [application/json; charset=utf-8]
      date: ['Thu, 30 Nov 2017 17:05:40 GMT']
      expires: ['-1']
      pragma: [no-cache]
      server: [Microsoft-HTTPAPI/2.0, Microsoft-HTTPAPI/2.0]
      strict-transport-security: [max-age=31536000; includeSubDomains]
      transfer-encoding: [chunked]
      vary: [Accept-Encoding]
      x-ms-ratelimit-remaining-resource: ['Microsoft.Compute/GetOperation3Min;2126,Microsoft.Compute/GetOperation30Min;17854']
    status: {code: 200, message: OK}
- request:
    body: null
    headers:
      Accept: [application/json]
      Accept-Encoding: ['gzip, deflate']
      CommandName: [vmss update-instances]
      Connection: [keep-alive]
      Content-Type: [application/json; charset=utf-8]
      User-Agent: [python/3.5.3 (Windows-10-10.0.16299-SP0) requests/2.18.4 msrest/0.4.19
          msrest_azure/0.4.17 computemanagementclient/3.0.1 Azure-SDK-For-Python AZURECLI/2.0.22]
      accept-language: [en-US]
    method: GET
    uri: https://management.azure.com/subscriptions/00000000-0000-0000-0000-000000000000/providers/Microsoft.Compute/locations/westus/operations/1778ba22-c1f1-4662-a89c-75e59829ac5b?api-version=2017-03-30
  response:
    body: {string: "{\r\n  \"startTime\": \"2017-11-30T17:05:09.2596423+00:00\",\r\
        \n  \"endTime\": \"2017-11-30T17:05:55.7779356+00:00\",\r\n  \"status\": \"\
        Succeeded\",\r\n  \"name\": \"1778ba22-c1f1-4662-a89c-75e59829ac5b\"\r\n}"}
    headers:
      cache-control: [no-cache]
      content-length: ['184']
      content-type: [application/json; charset=utf-8]
      date: ['Thu, 30 Nov 2017 17:06:10 GMT']
      expires: ['-1']
      pragma: [no-cache]
      server: [Microsoft-HTTPAPI/2.0, Microsoft-HTTPAPI/2.0]
      strict-transport-security: [max-age=31536000; includeSubDomains]
      transfer-encoding: [chunked]
      vary: [Accept-Encoding]
      x-ms-ratelimit-remaining-resource: ['Microsoft.Compute/GetOperation3Min;2128,Microsoft.Compute/GetOperation30Min;17847']
    status: {code: 200, message: OK}
- request:
    body: null
    headers:
      Accept: [application/json]
      Accept-Encoding: ['gzip, deflate']
      CommandName: [vmss update]
      Connection: [keep-alive]
      Content-Type: [application/json; charset=utf-8]
      User-Agent: [python/3.5.3 (Windows-10-10.0.16299-SP0) requests/2.18.4 msrest/0.4.19
          msrest_azure/0.4.17 computemanagementclient/3.0.1 Azure-SDK-For-Python AZURECLI/2.0.22]
      accept-language: [en-US]
    method: GET
    uri: https://management.azure.com/subscriptions/00000000-0000-0000-0000-000000000000/resourceGroups/clitest.rg000001/providers/Microsoft.Compute/virtualMachineScaleSets/vmss1?api-version=2017-03-30
  response:
    body: {string: "{\r\n  \"sku\": {\r\n    \"name\": \"Standard_D1_v2\",\r\n   \
        \ \"tier\": \"Standard\",\r\n    \"capacity\": 2\r\n  },\r\n  \"properties\"\
        : {\r\n    \"singlePlacementGroup\": true,\r\n    \"upgradePolicy\": {\r\n\
        \      \"mode\": \"Manual\",\r\n      \"automaticOSUpgrade\": false\r\n  \
        \  },\r\n    \"virtualMachineProfile\": {\r\n      \"osProfile\": {\r\n  \
        \      \"computerNamePrefix\": \"vmss1f060\",\r\n        \"adminUsername\"\
        : \"clitester1\",\r\n        \"linuxConfiguration\": {\r\n          \"disablePasswordAuthentication\"\
        : false\r\n        },\r\n        \"secrets\": []\r\n      },\r\n      \"storageProfile\"\
        : {\r\n        \"osDisk\": {\r\n          \"createOption\": \"FromImage\"\
        ,\r\n          \"caching\": \"ReadWrite\",\r\n          \"managedDisk\": {\r\
        \n            \"storageAccountType\": \"Standard_LRS\"\r\n          }\r\n\
        \        },\r\n        \"imageReference\": {\r\n          \"publisher\": \"\
        Canonical\",\r\n          \"offer\": \"UbuntuServer\",\r\n          \"sku\"\
        : \"16.04-LTS\",\r\n          \"version\": \"latest\"\r\n        }\r\n   \
        \   },\r\n      \"networkProfile\": {\"healthProbe\":{\"id\":\"/subscriptions/00000000-0000-0000-0000-000000000000/resourceGroups/clitest.rg000001/providers/Microsoft.Network/loadBalancers/lb1/probes/probe1\"\
        },\"networkInterfaceConfigurations\":[{\"name\":\"vmss1f060Nic\",\"properties\"\
        :{\"primary\":true,\"enableAcceleratedNetworking\":false,\"dnsSettings\":{\"\
        dnsServers\":[]},\"ipConfigurations\":[{\"name\":\"vmss1f060IPConfig\",\"\
        properties\":{\"subnet\":{\"id\":\"/subscriptions/00000000-0000-0000-0000-000000000000/resourceGroups/clitest.rg000001/providers/Microsoft.Network/virtualNetworks/vmss1VNET/subnets/vmss1Subnet\"\
        },\"privateIPAddressVersion\":\"IPv4\",\"loadBalancerBackendAddressPools\"\
        :[{\"id\":\"/subscriptions/00000000-0000-0000-0000-000000000000/resourceGroups/clitest.rg000001/providers/Microsoft.Network/loadBalancers/lb1/backendAddressPools/lb1bepool\"\
        }],\"loadBalancerInboundNatPools\":[{\"id\":\"/subscriptions/00000000-0000-0000-0000-000000000000/resourceGroups/clitest.rg000001/providers/Microsoft.Network/loadBalancers/lb1/inboundNatPools/nat-pool1\"\
        }]}}]}}]},\r\n      \"extensionProfile\": {\r\n        \"extensions\": [\r\
        \n          {\r\n            \"properties\": {\r\n              \"publisher\"\
        : \"Microsoft.Azure.Extensions\",\r\n              \"type\": \"customScript\"\
        ,\r\n              \"typeHandlerVersion\": \"2.0\",\r\n              \"autoUpgradeMinorVersion\"\
        : true,\r\n              \"settings\": {\"commandToExecute\":\"sudo apt-get\
        \ install -y nginx\"}\r\n            },\r\n            \"name\": \"customScript\"\
        \r\n          }\r\n        ]\r\n      }\r\n    },\r\n    \"provisioningState\"\
        : \"Succeeded\",\r\n    \"overprovision\": true,\r\n    \"uniqueId\": \"211910ca-5908-4180-b1b7-160f58c05ae8\"\
        \r\n  },\r\n  \"type\": \"Microsoft.Compute/virtualMachineScaleSets\",\r\n\
        \  \"location\": \"westus\",\r\n  \"tags\": {},\r\n  \"id\": \"/subscriptions/00000000-0000-0000-0000-000000000000/resourceGroups/clitest.rg000001/providers/Microsoft.Compute/virtualMachineScaleSets/vmss1\"\
        ,\r\n  \"name\": \"vmss1\"\r\n}"}
    headers:
      cache-control: [no-cache]
      content-length: ['3099']
      content-type: [application/json; charset=utf-8]
      date: ['Thu, 30 Nov 2017 17:06:11 GMT']
      expires: ['-1']
      pragma: [no-cache]
      server: [Microsoft-HTTPAPI/2.0, Microsoft-HTTPAPI/2.0]
      strict-transport-security: [max-age=31536000; includeSubDomains]
      transfer-encoding: [chunked]
      vary: [Accept-Encoding]
      x-ms-ratelimit-remaining-resource: ['Microsoft.Compute/GetVMScaleSet3Min;233,Microsoft.Compute/GetVMScaleSet30Min;1164']
    status: {code: 200, message: OK}
- request:
    body: 'b''{"sku": {"tier": "Standard", "name": "Standard_D1_v2", "capacity": 2},
      "tags": {}, "properties": {"overprovision": true, "singlePlacementGroup": true,
      "upgradePolicy": {"mode": "Rolling", "automaticOSUpgrade": false}, "virtualMachineProfile":
      {"storageProfile": {"imageReference": {"version": "latest", "publisher": "Canonical",
      "sku": "16.04-LTS", "offer": "UbuntuServer"}, "osDisk": {"caching": "ReadWrite",
      "createOption": "FromImage", "managedDisk": {"storageAccountType": "Standard_LRS"}}},
      "osProfile": {"adminUsername": "clitester1", "linuxConfiguration": {"disablePasswordAuthentication":
      false}, "computerNamePrefix": "vmss1f060", "secrets": []}, "networkProfile":
      {"healthProbe": {"id": "/subscriptions/00000000-0000-0000-0000-000000000000/resourceGroups/clitest.rg000001/providers/Microsoft.Network/loadBalancers/lb1/probes/probe1"},
      "networkInterfaceConfigurations": [{"name": "vmss1f060Nic", "properties": {"ipConfigurations":
      [{"name": "vmss1f060IPConfig", "properties": {"privateIPAddressVersion": "IPv4",
      "loadBalancerInboundNatPools": [{"id": "/subscriptions/00000000-0000-0000-0000-000000000000/resourceGroups/clitest.rg000001/providers/Microsoft.Network/loadBalancers/lb1/inboundNatPools/nat-pool1"}],
      "loadBalancerBackendAddressPools": [{"id": "/subscriptions/00000000-0000-0000-0000-000000000000/resourceGroups/clitest.rg000001/providers/Microsoft.Network/loadBalancers/lb1/backendAddressPools/lb1bepool"}],
      "subnet": {"id": "/subscriptions/00000000-0000-0000-0000-000000000000/resourceGroups/clitest.rg000001/providers/Microsoft.Network/virtualNetworks/vmss1VNET/subnets/vmss1Subnet"}}}],
      "dnsSettings": {"dnsServers": []}, "enableAcceleratedNetworking": false, "primary":
      true}}]}, "extensionProfile": {"extensions": [{"name": "customScript", "properties":
      {"typeHandlerVersion": "2.0", "publisher": "Microsoft.Azure.Extensions", "type":
      "customScript", "autoUpgradeMinorVersion": true, "settings": {"commandToExecute":
      "sudo apt-get install -y nginx"}}}]}}}, "location": "westus"}'''
    headers:
      Accept: [application/json]
      Accept-Encoding: ['gzip, deflate']
      CommandName: [vmss update]
      Connection: [keep-alive]
      Content-Length: ['2240']
      Content-Type: [application/json; charset=utf-8]
      User-Agent: [python/3.5.3 (Windows-10-10.0.16299-SP0) requests/2.18.4 msrest/0.4.19
          msrest_azure/0.4.17 computemanagementclient/3.0.1 Azure-SDK-For-Python AZURECLI/2.0.22]
      accept-language: [en-US]
    method: PUT
    uri: https://management.azure.com/subscriptions/00000000-0000-0000-0000-000000000000/resourceGroups/clitest.rg000001/providers/Microsoft.Compute/virtualMachineScaleSets/vmss1?api-version=2017-03-30
  response:
    body: {string: "{\r\n  \"sku\": {\r\n    \"name\": \"Standard_D1_v2\",\r\n   \
        \ \"tier\": \"Standard\",\r\n    \"capacity\": 2\r\n  },\r\n  \"properties\"\
        : {\r\n    \"singlePlacementGroup\": true,\r\n    \"upgradePolicy\": {\r\n\
        \      \"mode\": \"Rolling\",\r\n      \"rollingUpgradePolicy\": {\r\n   \
        \     \"maxBatchInstancePercent\": 20,\r\n        \"maxUnhealthyInstancePercent\"\
        : 20,\r\n        \"maxUnhealthyUpgradedInstancePercent\": 20,\r\n        \"\
        pauseTimeBetweenBatches\": \"PT0S\"\r\n      },\r\n      \"automaticOSUpgrade\"\
        : false\r\n    },\r\n    \"virtualMachineProfile\": {\r\n      \"osProfile\"\
        : {\r\n        \"computerNamePrefix\": \"vmss1f060\",\r\n        \"adminUsername\"\
        : \"clitester1\",\r\n        \"linuxConfiguration\": {\r\n          \"disablePasswordAuthentication\"\
        : false\r\n        },\r\n        \"secrets\": []\r\n      },\r\n      \"storageProfile\"\
        : {\r\n        \"osDisk\": {\r\n          \"createOption\": \"FromImage\"\
        ,\r\n          \"caching\": \"ReadWrite\",\r\n          \"managedDisk\": {\r\
        \n            \"storageAccountType\": \"Standard_LRS\"\r\n          }\r\n\
        \        },\r\n        \"imageReference\": {\r\n          \"publisher\": \"\
        Canonical\",\r\n          \"offer\": \"UbuntuServer\",\r\n          \"sku\"\
        : \"16.04-LTS\",\r\n          \"version\": \"latest\"\r\n        }\r\n   \
        \   },\r\n      \"networkProfile\": {\"healthProbe\":{\"id\":\"/subscriptions/00000000-0000-0000-0000-000000000000/resourceGroups/clitest.rg000001/providers/Microsoft.Network/loadBalancers/lb1/probes/probe1\"\
        },\"networkInterfaceConfigurations\":[{\"name\":\"vmss1f060Nic\",\"properties\"\
        :{\"primary\":true,\"enableAcceleratedNetworking\":false,\"dnsSettings\":{\"\
        dnsServers\":[]},\"ipConfigurations\":[{\"name\":\"vmss1f060IPConfig\",\"\
        properties\":{\"subnet\":{\"id\":\"/subscriptions/00000000-0000-0000-0000-000000000000/resourceGroups/clitest.rg000001/providers/Microsoft.Network/virtualNetworks/vmss1VNET/subnets/vmss1Subnet\"\
        },\"privateIPAddressVersion\":\"IPv4\",\"loadBalancerBackendAddressPools\"\
        :[{\"id\":\"/subscriptions/00000000-0000-0000-0000-000000000000/resourceGroups/clitest.rg000001/providers/Microsoft.Network/loadBalancers/lb1/backendAddressPools/lb1bepool\"\
        }],\"loadBalancerInboundNatPools\":[{\"id\":\"/subscriptions/00000000-0000-0000-0000-000000000000/resourceGroups/clitest.rg000001/providers/Microsoft.Network/loadBalancers/lb1/inboundNatPools/nat-pool1\"\
        }]}}]}}]},\r\n      \"extensionProfile\": {\r\n        \"extensions\": [\r\
        \n          {\r\n            \"properties\": {\r\n              \"publisher\"\
        : \"Microsoft.Azure.Extensions\",\r\n              \"type\": \"customScript\"\
        ,\r\n              \"typeHandlerVersion\": \"2.0\",\r\n              \"autoUpgradeMinorVersion\"\
        : true,\r\n              \"settings\": {\"commandToExecute\":\"sudo apt-get\
        \ install -y nginx\"}\r\n            },\r\n            \"name\": \"customScript\"\
        \r\n          }\r\n        ]\r\n      }\r\n    },\r\n    \"provisioningState\"\
        : \"Updating\",\r\n    \"overprovision\": true,\r\n    \"uniqueId\": \"211910ca-5908-4180-b1b7-160f58c05ae8\"\
        \r\n  },\r\n  \"type\": \"Microsoft.Compute/virtualMachineScaleSets\",\r\n\
        \  \"location\": \"westus\",\r\n  \"tags\": {},\r\n  \"id\": \"/subscriptions/00000000-0000-0000-0000-000000000000/resourceGroups/clitest.rg000001/providers/Microsoft.Compute/virtualMachineScaleSets/vmss1\"\
        ,\r\n  \"name\": \"vmss1\"\r\n}"}
    headers:
      azure-asyncoperation: ['https://management.azure.com/subscriptions/00000000-0000-0000-0000-000000000000/providers/Microsoft.Compute/locations/westus/operations/cd91286f-ecbb-4f0a-aa0d-e8137e28a165?api-version=2017-03-30']
      cache-control: [no-cache]
      content-length: ['3321']
      content-type: [application/json; charset=utf-8]
      date: ['Thu, 30 Nov 2017 17:06:12 GMT']
      expires: ['-1']
      pragma: [no-cache]
      server: [Microsoft-HTTPAPI/2.0, Microsoft-HTTPAPI/2.0]
      strict-transport-security: [max-age=31536000; includeSubDomains]
      transfer-encoding: [chunked]
      vary: [Accept-Encoding]
      x-ms-ratelimit-remaining-resource: ['Microsoft.Compute/CreateVMScaleSet3Min;39,Microsoft.Compute/CreateVMScaleSet30Min;194,Microsoft.Compute/VMScaleSetBatchedVMRequests5Min;1195,Microsoft.Compute/VmssQueuedVMOperations;1799']
      x-ms-ratelimit-remaining-subscription-writes: ['1197']
      x-ms-request-charge: ['1']
    status: {code: 200, message: OK}
- request:
    body: null
    headers:
      Accept: [application/json]
      Accept-Encoding: ['gzip, deflate']
      CommandName: [vmss update]
      Connection: [keep-alive]
      Content-Type: [application/json; charset=utf-8]
      User-Agent: [python/3.5.3 (Windows-10-10.0.16299-SP0) requests/2.18.4 msrest/0.4.19
          msrest_azure/0.4.17 computemanagementclient/3.0.1 Azure-SDK-For-Python AZURECLI/2.0.22]
      accept-language: [en-US]
    method: GET
    uri: https://management.azure.com/subscriptions/00000000-0000-0000-0000-000000000000/providers/Microsoft.Compute/locations/westus/operations/cd91286f-ecbb-4f0a-aa0d-e8137e28a165?api-version=2017-03-30
  response:
    body: {string: "{\r\n  \"startTime\": \"2017-11-30T17:06:11.7007273+00:00\",\r\
        \n  \"status\": \"InProgress\",\r\n  \"name\": \"cd91286f-ecbb-4f0a-aa0d-e8137e28a165\"\
        \r\n}"}
    headers:
      cache-control: [no-cache]
      content-length: ['134']
      content-type: [application/json; charset=utf-8]
      date: ['Thu, 30 Nov 2017 17:06:42 GMT']
      expires: ['-1']
      pragma: [no-cache]
      server: [Microsoft-HTTPAPI/2.0, Microsoft-HTTPAPI/2.0]
      strict-transport-security: [max-age=31536000; includeSubDomains]
      transfer-encoding: [chunked]
      vary: [Accept-Encoding]
      x-ms-ratelimit-remaining-resource: ['Microsoft.Compute/GetOperation3Min;2128,Microsoft.Compute/GetOperation30Min;17840']
    status: {code: 200, message: OK}
- request:
    body: null
    headers:
      Accept: [application/json]
      Accept-Encoding: ['gzip, deflate']
      CommandName: [vmss update]
      Connection: [keep-alive]
      Content-Type: [application/json; charset=utf-8]
      User-Agent: [python/3.5.3 (Windows-10-10.0.16299-SP0) requests/2.18.4 msrest/0.4.19
          msrest_azure/0.4.17 computemanagementclient/3.0.1 Azure-SDK-For-Python AZURECLI/2.0.22]
      accept-language: [en-US]
    method: GET
    uri: https://management.azure.com/subscriptions/00000000-0000-0000-0000-000000000000/providers/Microsoft.Compute/locations/westus/operations/cd91286f-ecbb-4f0a-aa0d-e8137e28a165?api-version=2017-03-30
  response:
    body: {string: "{\r\n  \"startTime\": \"2017-11-30T17:06:11.7007273+00:00\",\r\
        \n  \"status\": \"InProgress\",\r\n  \"name\": \"cd91286f-ecbb-4f0a-aa0d-e8137e28a165\"\
        \r\n}"}
    headers:
      cache-control: [no-cache]
      content-length: ['134']
      content-type: [application/json; charset=utf-8]
      date: ['Thu, 30 Nov 2017 17:07:13 GMT']
      expires: ['-1']
      pragma: [no-cache]
      server: [Microsoft-HTTPAPI/2.0, Microsoft-HTTPAPI/2.0]
      strict-transport-security: [max-age=31536000; includeSubDomains]
      transfer-encoding: [chunked]
      vary: [Accept-Encoding]
      x-ms-ratelimit-remaining-resource: ['Microsoft.Compute/GetOperation3Min;2129,Microsoft.Compute/GetOperation30Min;17837']
    status: {code: 200, message: OK}
- request:
    body: null
    headers:
      Accept: [application/json]
      Accept-Encoding: ['gzip, deflate']
      CommandName: [vmss update]
      Connection: [keep-alive]
      Content-Type: [application/json; charset=utf-8]
      User-Agent: [python/3.5.3 (Windows-10-10.0.16299-SP0) requests/2.18.4 msrest/0.4.19
          msrest_azure/0.4.17 computemanagementclient/3.0.1 Azure-SDK-For-Python AZURECLI/2.0.22]
      accept-language: [en-US]
    method: GET
    uri: https://management.azure.com/subscriptions/00000000-0000-0000-0000-000000000000/providers/Microsoft.Compute/locations/westus/operations/cd91286f-ecbb-4f0a-aa0d-e8137e28a165?api-version=2017-03-30
  response:
    body: {string: "{\r\n  \"startTime\": \"2017-11-30T17:07:14.3302888+00:00\",\r\
        \n  \"status\": \"InProgress\",\r\n  \"name\": \"cd91286f-ecbb-4f0a-aa0d-e8137e28a165\"\
        \r\n}"}
    headers:
      cache-control: [no-cache]
      content-length: ['134']
      content-type: [application/json; charset=utf-8]
      date: ['Thu, 30 Nov 2017 17:07:42 GMT']
      expires: ['-1']
      pragma: [no-cache]
      server: [Microsoft-HTTPAPI/2.0, Microsoft-HTTPAPI/2.0]
      strict-transport-security: [max-age=31536000; includeSubDomains]
      transfer-encoding: [chunked]
      vary: [Accept-Encoding]
      x-ms-ratelimit-remaining-resource: ['Microsoft.Compute/GetOperation3Min;2127,Microsoft.Compute/GetOperation30Min;17830']
    status: {code: 200, message: OK}
- request:
    body: null
    headers:
      Accept: [application/json]
      Accept-Encoding: ['gzip, deflate']
      CommandName: [vmss update]
      Connection: [keep-alive]
      Content-Type: [application/json; charset=utf-8]
      User-Agent: [python/3.5.3 (Windows-10-10.0.16299-SP0) requests/2.18.4 msrest/0.4.19
          msrest_azure/0.4.17 computemanagementclient/3.0.1 Azure-SDK-For-Python AZURECLI/2.0.22]
      accept-language: [en-US]
    method: GET
    uri: https://management.azure.com/subscriptions/00000000-0000-0000-0000-000000000000/providers/Microsoft.Compute/locations/westus/operations/cd91286f-ecbb-4f0a-aa0d-e8137e28a165?api-version=2017-03-30
  response:
    body: {string: "{\r\n  \"startTime\": \"2017-11-30T17:07:14.3302888+00:00\",\r\
        \n  \"status\": \"InProgress\",\r\n  \"name\": \"cd91286f-ecbb-4f0a-aa0d-e8137e28a165\"\
        \r\n}"}
    headers:
      cache-control: [no-cache]
      content-length: ['134']
      content-type: [application/json; charset=utf-8]
      date: ['Thu, 30 Nov 2017 17:08:13 GMT']
      expires: ['-1']
      pragma: [no-cache]
      server: [Microsoft-HTTPAPI/2.0, Microsoft-HTTPAPI/2.0]
      strict-transport-security: [max-age=31536000; includeSubDomains]
      transfer-encoding: [chunked]
      vary: [Accept-Encoding]
      x-ms-ratelimit-remaining-resource: ['Microsoft.Compute/GetOperation3Min;2127,Microsoft.Compute/GetOperation30Min;17823']
    status: {code: 200, message: OK}
- request:
    body: null
    headers:
      Accept: [application/json]
      Accept-Encoding: ['gzip, deflate']
      CommandName: [vmss update]
      Connection: [keep-alive]
      Content-Type: [application/json; charset=utf-8]
      User-Agent: [python/3.5.3 (Windows-10-10.0.16299-SP0) requests/2.18.4 msrest/0.4.19
          msrest_azure/0.4.17 computemanagementclient/3.0.1 Azure-SDK-For-Python AZURECLI/2.0.22]
      accept-language: [en-US]
    method: GET
    uri: https://management.azure.com/subscriptions/00000000-0000-0000-0000-000000000000/providers/Microsoft.Compute/locations/westus/operations/cd91286f-ecbb-4f0a-aa0d-e8137e28a165?api-version=2017-03-30
  response:
    body: {string: "{\r\n  \"startTime\": \"2017-11-30T17:08:16.8964729+00:00\",\r\
        \n  \"endTime\": \"2017-11-30T17:08:16.9121233+00:00\",\r\n  \"status\": \"\
        Succeeded\",\r\n  \"name\": \"cd91286f-ecbb-4f0a-aa0d-e8137e28a165\"\r\n}"}
    headers:
      cache-control: [no-cache]
      content-length: ['184']
      content-type: [application/json; charset=utf-8]
      date: ['Thu, 30 Nov 2017 17:08:43 GMT']
      expires: ['-1']
      pragma: [no-cache]
      server: [Microsoft-HTTPAPI/2.0, Microsoft-HTTPAPI/2.0]
      strict-transport-security: [max-age=31536000; includeSubDomains]
      transfer-encoding: [chunked]
      vary: [Accept-Encoding]
      x-ms-ratelimit-remaining-resource: ['Microsoft.Compute/GetOperation3Min;2128,Microsoft.Compute/GetOperation30Min;17817']
    status: {code: 200, message: OK}
- request:
    body: null
    headers:
      Accept: [application/json]
      Accept-Encoding: ['gzip, deflate']
      CommandName: [vmss update]
      Connection: [keep-alive]
      Content-Type: [application/json; charset=utf-8]
      User-Agent: [python/3.5.3 (Windows-10-10.0.16299-SP0) requests/2.18.4 msrest/0.4.19
          msrest_azure/0.4.17 computemanagementclient/3.0.1 Azure-SDK-For-Python AZURECLI/2.0.22]
      accept-language: [en-US]
    method: GET
    uri: https://management.azure.com/subscriptions/00000000-0000-0000-0000-000000000000/resourceGroups/clitest.rg000001/providers/Microsoft.Compute/virtualMachineScaleSets/vmss1?api-version=2017-03-30
  response:
    body: {string: "{\r\n  \"sku\": {\r\n    \"name\": \"Standard_D1_v2\",\r\n   \
        \ \"tier\": \"Standard\",\r\n    \"capacity\": 2\r\n  },\r\n  \"properties\"\
        : {\r\n    \"singlePlacementGroup\": true,\r\n    \"upgradePolicy\": {\r\n\
        \      \"mode\": \"Rolling\",\r\n      \"rollingUpgradePolicy\": {\r\n   \
        \     \"maxBatchInstancePercent\": 20,\r\n        \"maxUnhealthyInstancePercent\"\
        : 20,\r\n        \"maxUnhealthyUpgradedInstancePercent\": 20,\r\n        \"\
        pauseTimeBetweenBatches\": \"PT0S\"\r\n      },\r\n      \"automaticOSUpgrade\"\
        : false\r\n    },\r\n    \"virtualMachineProfile\": {\r\n      \"osProfile\"\
        : {\r\n        \"computerNamePrefix\": \"vmss1f060\",\r\n        \"adminUsername\"\
        : \"clitester1\",\r\n        \"linuxConfiguration\": {\r\n          \"disablePasswordAuthentication\"\
        : false\r\n        },\r\n        \"secrets\": []\r\n      },\r\n      \"storageProfile\"\
        : {\r\n        \"osDisk\": {\r\n          \"createOption\": \"FromImage\"\
        ,\r\n          \"caching\": \"ReadWrite\",\r\n          \"managedDisk\": {\r\
        \n            \"storageAccountType\": \"Standard_LRS\"\r\n          }\r\n\
        \        },\r\n        \"imageReference\": {\r\n          \"publisher\": \"\
        Canonical\",\r\n          \"offer\": \"UbuntuServer\",\r\n          \"sku\"\
        : \"16.04-LTS\",\r\n          \"version\": \"latest\"\r\n        }\r\n   \
        \   },\r\n      \"networkProfile\": {\"healthProbe\":{\"id\":\"/subscriptions/00000000-0000-0000-0000-000000000000/resourceGroups/clitest.rg000001/providers/Microsoft.Network/loadBalancers/lb1/probes/probe1\"\
        },\"networkInterfaceConfigurations\":[{\"name\":\"vmss1f060Nic\",\"properties\"\
        :{\"primary\":true,\"enableAcceleratedNetworking\":false,\"dnsSettings\":{\"\
        dnsServers\":[]},\"ipConfigurations\":[{\"name\":\"vmss1f060IPConfig\",\"\
        properties\":{\"subnet\":{\"id\":\"/subscriptions/00000000-0000-0000-0000-000000000000/resourceGroups/clitest.rg000001/providers/Microsoft.Network/virtualNetworks/vmss1VNET/subnets/vmss1Subnet\"\
        },\"privateIPAddressVersion\":\"IPv4\",\"loadBalancerBackendAddressPools\"\
        :[{\"id\":\"/subscriptions/00000000-0000-0000-0000-000000000000/resourceGroups/clitest.rg000001/providers/Microsoft.Network/loadBalancers/lb1/backendAddressPools/lb1bepool\"\
        }],\"loadBalancerInboundNatPools\":[{\"id\":\"/subscriptions/00000000-0000-0000-0000-000000000000/resourceGroups/clitest.rg000001/providers/Microsoft.Network/loadBalancers/lb1/inboundNatPools/nat-pool1\"\
        }]}}]}}]},\r\n      \"extensionProfile\": {\r\n        \"extensions\": [\r\
        \n          {\r\n            \"properties\": {\r\n              \"publisher\"\
        : \"Microsoft.Azure.Extensions\",\r\n              \"type\": \"customScript\"\
        ,\r\n              \"typeHandlerVersion\": \"2.0\",\r\n              \"autoUpgradeMinorVersion\"\
        : true,\r\n              \"settings\": {\"commandToExecute\":\"sudo apt-get\
        \ install -y nginx\"}\r\n            },\r\n            \"name\": \"customScript\"\
        \r\n          }\r\n        ]\r\n      }\r\n    },\r\n    \"provisioningState\"\
        : \"Succeeded\",\r\n    \"overprovision\": true,\r\n    \"uniqueId\": \"211910ca-5908-4180-b1b7-160f58c05ae8\"\
        \r\n  },\r\n  \"type\": \"Microsoft.Compute/virtualMachineScaleSets\",\r\n\
        \  \"location\": \"westus\",\r\n  \"tags\": {},\r\n  \"id\": \"/subscriptions/00000000-0000-0000-0000-000000000000/resourceGroups/clitest.rg000001/providers/Microsoft.Compute/virtualMachineScaleSets/vmss1\"\
        ,\r\n  \"name\": \"vmss1\"\r\n}"}
    headers:
      cache-control: [no-cache]
      content-length: ['3322']
      content-type: [application/json; charset=utf-8]
      date: ['Thu, 30 Nov 2017 17:08:44 GMT']
      expires: ['-1']
      pragma: [no-cache]
      server: [Microsoft-HTTPAPI/2.0, Microsoft-HTTPAPI/2.0]
      strict-transport-security: [max-age=31536000; includeSubDomains]
      transfer-encoding: [chunked]
      vary: [Accept-Encoding]
      x-ms-ratelimit-remaining-resource: ['Microsoft.Compute/GetVMScaleSet3Min;234,Microsoft.Compute/GetVMScaleSet30Min;1159']
    status: {code: 200, message: OK}
- request:
    body: null
    headers:
      Accept: [application/json]
      Accept-Encoding: ['gzip, deflate']
      CommandName: [vmss list-instance-connection-info]
      Connection: [keep-alive]
      Content-Type: [application/json; charset=utf-8]
      User-Agent: [python/3.5.3 (Windows-10-10.0.16299-SP0) requests/2.18.4 msrest/0.4.19
          msrest_azure/0.4.17 computemanagementclient/3.0.1 Azure-SDK-For-Python AZURECLI/2.0.22]
      accept-language: [en-US]
    method: GET
    uri: https://management.azure.com/subscriptions/00000000-0000-0000-0000-000000000000/resourceGroups/clitest.rg000001/providers/Microsoft.Compute/virtualMachineScaleSets/vmss1?api-version=2017-03-30
  response:
    body: {string: "{\r\n  \"sku\": {\r\n    \"name\": \"Standard_D1_v2\",\r\n   \
        \ \"tier\": \"Standard\",\r\n    \"capacity\": 2\r\n  },\r\n  \"properties\"\
        : {\r\n    \"singlePlacementGroup\": true,\r\n    \"upgradePolicy\": {\r\n\
        \      \"mode\": \"Rolling\",\r\n      \"rollingUpgradePolicy\": {\r\n   \
        \     \"maxBatchInstancePercent\": 20,\r\n        \"maxUnhealthyInstancePercent\"\
        : 20,\r\n        \"maxUnhealthyUpgradedInstancePercent\": 20,\r\n        \"\
        pauseTimeBetweenBatches\": \"PT0S\"\r\n      },\r\n      \"automaticOSUpgrade\"\
        : false\r\n    },\r\n    \"virtualMachineProfile\": {\r\n      \"osProfile\"\
        : {\r\n        \"computerNamePrefix\": \"vmss1f060\",\r\n        \"adminUsername\"\
        : \"clitester1\",\r\n        \"linuxConfiguration\": {\r\n          \"disablePasswordAuthentication\"\
        : false\r\n        },\r\n        \"secrets\": []\r\n      },\r\n      \"storageProfile\"\
        : {\r\n        \"osDisk\": {\r\n          \"createOption\": \"FromImage\"\
        ,\r\n          \"caching\": \"ReadWrite\",\r\n          \"managedDisk\": {\r\
        \n            \"storageAccountType\": \"Standard_LRS\"\r\n          }\r\n\
        \        },\r\n        \"imageReference\": {\r\n          \"publisher\": \"\
        Canonical\",\r\n          \"offer\": \"UbuntuServer\",\r\n          \"sku\"\
        : \"16.04-LTS\",\r\n          \"version\": \"latest\"\r\n        }\r\n   \
        \   },\r\n      \"networkProfile\": {\"healthProbe\":{\"id\":\"/subscriptions/00000000-0000-0000-0000-000000000000/resourceGroups/clitest.rg000001/providers/Microsoft.Network/loadBalancers/lb1/probes/probe1\"\
        },\"networkInterfaceConfigurations\":[{\"name\":\"vmss1f060Nic\",\"properties\"\
        :{\"primary\":true,\"enableAcceleratedNetworking\":false,\"dnsSettings\":{\"\
        dnsServers\":[]},\"ipConfigurations\":[{\"name\":\"vmss1f060IPConfig\",\"\
        properties\":{\"subnet\":{\"id\":\"/subscriptions/00000000-0000-0000-0000-000000000000/resourceGroups/clitest.rg000001/providers/Microsoft.Network/virtualNetworks/vmss1VNET/subnets/vmss1Subnet\"\
        },\"privateIPAddressVersion\":\"IPv4\",\"loadBalancerBackendAddressPools\"\
        :[{\"id\":\"/subscriptions/00000000-0000-0000-0000-000000000000/resourceGroups/clitest.rg000001/providers/Microsoft.Network/loadBalancers/lb1/backendAddressPools/lb1bepool\"\
        }],\"loadBalancerInboundNatPools\":[{\"id\":\"/subscriptions/00000000-0000-0000-0000-000000000000/resourceGroups/clitest.rg000001/providers/Microsoft.Network/loadBalancers/lb1/inboundNatPools/nat-pool1\"\
        }]}}]}}]},\r\n      \"extensionProfile\": {\r\n        \"extensions\": [\r\
        \n          {\r\n            \"properties\": {\r\n              \"publisher\"\
        : \"Microsoft.Azure.Extensions\",\r\n              \"type\": \"customScript\"\
        ,\r\n              \"typeHandlerVersion\": \"2.0\",\r\n              \"autoUpgradeMinorVersion\"\
        : true,\r\n              \"settings\": {\"commandToExecute\":\"sudo apt-get\
        \ install -y nginx\"}\r\n            },\r\n            \"name\": \"customScript\"\
        \r\n          }\r\n        ]\r\n      }\r\n    },\r\n    \"provisioningState\"\
        : \"Succeeded\",\r\n    \"overprovision\": true,\r\n    \"uniqueId\": \"211910ca-5908-4180-b1b7-160f58c05ae8\"\
        \r\n  },\r\n  \"type\": \"Microsoft.Compute/virtualMachineScaleSets\",\r\n\
        \  \"location\": \"westus\",\r\n  \"tags\": {},\r\n  \"id\": \"/subscriptions/00000000-0000-0000-0000-000000000000/resourceGroups/clitest.rg000001/providers/Microsoft.Compute/virtualMachineScaleSets/vmss1\"\
        ,\r\n  \"name\": \"vmss1\"\r\n}"}
    headers:
      cache-control: [no-cache]
      content-length: ['3322']
      content-type: [application/json; charset=utf-8]
      date: ['Thu, 30 Nov 2017 17:08:44 GMT']
      expires: ['-1']
      pragma: [no-cache]
      server: [Microsoft-HTTPAPI/2.0, Microsoft-HTTPAPI/2.0]
      strict-transport-security: [max-age=31536000; includeSubDomains]
      transfer-encoding: [chunked]
      vary: [Accept-Encoding]
      x-ms-ratelimit-remaining-resource: ['Microsoft.Compute/GetVMScaleSet3Min;233,Microsoft.Compute/GetVMScaleSet30Min;1158']
    status: {code: 200, message: OK}
- request:
    body: null
    headers:
      Accept: [application/json]
      Accept-Encoding: ['gzip, deflate']
      CommandName: [vmss list-instance-connection-info]
      Connection: [keep-alive]
      Content-Type: [application/json; charset=utf-8]
      User-Agent: [python/3.5.3 (Windows-10-10.0.16299-SP0) requests/2.18.4 msrest/0.4.19
          msrest_azure/0.4.17 networkmanagementclient/1.6.0 Azure-SDK-For-Python AZURECLI/2.0.22]
      accept-language: [en-US]
    method: GET
    uri: https://management.azure.com/subscriptions/00000000-0000-0000-0000-000000000000/resourceGroups/clitest.rg000001/providers/Microsoft.Network/loadBalancers/lb1?api-version=2017-10-01
  response:
    body: {string: "{\r\n  \"name\": \"lb1\",\r\n  \"id\": \"/subscriptions/00000000-0000-0000-0000-000000000000/resourceGroups/clitest.rg000001/providers/Microsoft.Network/loadBalancers/lb1\"\
        ,\r\n  \"etag\": \"W/\\\"dba1f480-d42a-474b-bcb5-48a71c190699\\\"\",\r\n \
        \ \"type\": \"Microsoft.Network/loadBalancers\",\r\n  \"location\": \"westus\"\
        ,\r\n  \"tags\": {},\r\n  \"properties\": {\r\n    \"provisioningState\":\
        \ \"Succeeded\",\r\n    \"resourceGuid\": \"653f03bf-0691-4102-9e38-8e9da4bf6361\"\
        ,\r\n    \"frontendIPConfigurations\": [\r\n      {\r\n        \"name\": \"\
        LoadBalancerFrontEnd\",\r\n        \"id\": \"/subscriptions/00000000-0000-0000-0000-000000000000/resourceGroups/clitest.rg000001/providers/Microsoft.Network/loadBalancers/lb1/frontendIPConfigurations/LoadBalancerFrontEnd\"\
        ,\r\n        \"etag\": \"W/\\\"dba1f480-d42a-474b-bcb5-48a71c190699\\\"\"\
        ,\r\n        \"properties\": {\r\n          \"provisioningState\": \"Succeeded\"\
        ,\r\n          \"privateIPAllocationMethod\": \"Dynamic\",\r\n          \"\
        publicIPAddress\": {\r\n            \"id\": \"/subscriptions/00000000-0000-0000-0000-000000000000/resourceGroups/clitest.rg000001/providers/Microsoft.Network/publicIPAddresses/PublicIPlb1\"\
        \r\n          },\r\n          \"loadBalancingRules\": [\r\n            {\r\
        \n              \"id\": \"/subscriptions/00000000-0000-0000-0000-000000000000/resourceGroups/clitest.rg000001/providers/Microsoft.Network/loadBalancers/lb1/loadBalancingRules/rule1\"\
        \r\n            }\r\n          ],\r\n          \"inboundNatRules\": [\r\n\
        \            {\r\n              \"id\": \"/subscriptions/00000000-0000-0000-0000-000000000000/resourceGroups/clitest.rg000001/providers/Microsoft.Network/loadBalancers/lb1/inboundNatRules/nat-pool1.0\"\
        \r\n            },\r\n            {\r\n              \"id\": \"/subscriptions/00000000-0000-0000-0000-000000000000/resourceGroups/clitest.rg000001/providers/Microsoft.Network/loadBalancers/lb1/inboundNatRules/nat-pool1.1\"\
        \r\n            }\r\n          ],\r\n          \"inboundNatPools\": [\r\n\
        \            {\r\n              \"id\": \"/subscriptions/00000000-0000-0000-0000-000000000000/resourceGroups/clitest.rg000001/providers/Microsoft.Network/loadBalancers/lb1/inboundNatPools/nat-pool1\"\
        \r\n            }\r\n          ]\r\n        }\r\n      }\r\n    ],\r\n   \
        \ \"backendAddressPools\": [\r\n      {\r\n        \"name\": \"lb1bepool\"\
        ,\r\n        \"id\": \"/subscriptions/00000000-0000-0000-0000-000000000000/resourceGroups/clitest.rg000001/providers/Microsoft.Network/loadBalancers/lb1/backendAddressPools/lb1bepool\"\
        ,\r\n        \"etag\": \"W/\\\"dba1f480-d42a-474b-bcb5-48a71c190699\\\"\"\
        ,\r\n        \"properties\": {\r\n          \"provisioningState\": \"Succeeded\"\
        ,\r\n          \"backendIPConfigurations\": [\r\n            {\r\n       \
        \       \"id\": \"/subscriptions/00000000-0000-0000-0000-000000000000/resourceGroups/clitest.rg000001/providers/Microsoft.Compute/virtualMachineScaleSets/vmss1/virtualMachines/0/networkInterfaces/vmss1f060Nic/ipConfigurations/vmss1f060IPConfig\"\
        \r\n            },\r\n            {\r\n              \"id\": \"/subscriptions/00000000-0000-0000-0000-000000000000/resourceGroups/clitest.rg000001/providers/Microsoft.Compute/virtualMachineScaleSets/vmss1/virtualMachines/1/networkInterfaces/vmss1f060Nic/ipConfigurations/vmss1f060IPConfig\"\
        \r\n            }\r\n          ],\r\n          \"loadBalancingRules\": [\r\
        \n            {\r\n              \"id\": \"/subscriptions/00000000-0000-0000-0000-000000000000/resourceGroups/clitest.rg000001/providers/Microsoft.Network/loadBalancers/lb1/loadBalancingRules/rule1\"\
        \r\n            }\r\n          ]\r\n        }\r\n      }\r\n    ],\r\n   \
        \ \"loadBalancingRules\": [\r\n      {\r\n        \"name\": \"rule1\",\r\n\
        \        \"id\": \"/subscriptions/00000000-0000-0000-0000-000000000000/resourceGroups/clitest.rg000001/providers/Microsoft.Network/loadBalancers/lb1/loadBalancingRules/rule1\"\
        ,\r\n        \"etag\": \"W/\\\"dba1f480-d42a-474b-bcb5-48a71c190699\\\"\"\
        ,\r\n        \"properties\": {\r\n          \"provisioningState\": \"Succeeded\"\
        ,\r\n          \"frontendIPConfiguration\": {\r\n            \"id\": \"/subscriptions/00000000-0000-0000-0000-000000000000/resourceGroups/clitest.rg000001/providers/Microsoft.Network/loadBalancers/lb1/frontendIPConfigurations/LoadBalancerFrontEnd\"\
        \r\n          },\r\n          \"frontendPort\": 80,\r\n          \"backendPort\"\
        : 80,\r\n          \"enableFloatingIP\": false,\r\n          \"idleTimeoutInMinutes\"\
        : 4,\r\n          \"protocol\": \"Tcp\",\r\n          \"loadDistribution\"\
        : \"Default\",\r\n          \"backendAddressPool\": {\r\n            \"id\"\
        : \"/subscriptions/00000000-0000-0000-0000-000000000000/resourceGroups/clitest.rg000001/providers/Microsoft.Network/loadBalancers/lb1/backendAddressPools/lb1bepool\"\
        \r\n          },\r\n          \"probe\": {\r\n            \"id\": \"/subscriptions/00000000-0000-0000-0000-000000000000/resourceGroups/clitest.rg000001/providers/Microsoft.Network/loadBalancers/lb1/probes/probe1\"\
        \r\n          }\r\n        }\r\n      }\r\n    ],\r\n    \"probes\": [\r\n\
        \      {\r\n        \"name\": \"probe1\",\r\n        \"id\": \"/subscriptions/00000000-0000-0000-0000-000000000000/resourceGroups/clitest.rg000001/providers/Microsoft.Network/loadBalancers/lb1/probes/probe1\"\
        ,\r\n        \"etag\": \"W/\\\"dba1f480-d42a-474b-bcb5-48a71c190699\\\"\"\
        ,\r\n        \"properties\": {\r\n          \"provisioningState\": \"Succeeded\"\
        ,\r\n          \"protocol\": \"Http\",\r\n          \"port\": 80,\r\n    \
        \      \"requestPath\": \"/\",\r\n          \"intervalInSeconds\": 15,\r\n\
        \          \"numberOfProbes\": 2,\r\n          \"loadBalancingRules\": [\r\
        \n            {\r\n              \"id\": \"/subscriptions/00000000-0000-0000-0000-000000000000/resourceGroups/clitest.rg000001/providers/Microsoft.Network/loadBalancers/lb1/loadBalancingRules/rule1\"\
        \r\n            }\r\n          ]\r\n        }\r\n      }\r\n    ],\r\n   \
        \ \"inboundNatRules\": [\r\n      {\r\n        \"name\": \"nat-pool1.0\",\r\
        \n        \"id\": \"/subscriptions/00000000-0000-0000-0000-000000000000/resourceGroups/clitest.rg000001/providers/Microsoft.Network/loadBalancers/lb1/inboundNatRules/nat-pool1.0\"\
        ,\r\n        \"etag\": \"W/\\\"dba1f480-d42a-474b-bcb5-48a71c190699\\\"\"\
        ,\r\n        \"properties\": {\r\n          \"provisioningState\": \"Succeeded\"\
        ,\r\n          \"frontendIPConfiguration\": {\r\n            \"id\": \"/subscriptions/00000000-0000-0000-0000-000000000000/resourceGroups/clitest.rg000001/providers/Microsoft.Network/loadBalancers/lb1/frontendIPConfigurations/LoadBalancerFrontEnd\"\
        \r\n          },\r\n          \"frontendPort\": 50000,\r\n          \"backendPort\"\
        : 22,\r\n          \"enableFloatingIP\": false,\r\n          \"idleTimeoutInMinutes\"\
        : 4,\r\n          \"protocol\": \"Tcp\",\r\n          \"backendIPConfiguration\"\
        : {\r\n            \"id\": \"/subscriptions/00000000-0000-0000-0000-000000000000/resourceGroups/clitest.rg000001/providers/Microsoft.Compute/virtualMachineScaleSets/vmss1/virtualMachines/0/networkInterfaces/vmss1f060Nic/ipConfigurations/vmss1f060IPConfig\"\
        \r\n          }\r\n        }\r\n      },\r\n      {\r\n        \"name\": \"\
        nat-pool1.1\",\r\n        \"id\": \"/subscriptions/00000000-0000-0000-0000-000000000000/resourceGroups/clitest.rg000001/providers/Microsoft.Network/loadBalancers/lb1/inboundNatRules/nat-pool1.1\"\
        ,\r\n        \"etag\": \"W/\\\"dba1f480-d42a-474b-bcb5-48a71c190699\\\"\"\
        ,\r\n        \"properties\": {\r\n          \"provisioningState\": \"Succeeded\"\
        ,\r\n          \"frontendIPConfiguration\": {\r\n            \"id\": \"/subscriptions/00000000-0000-0000-0000-000000000000/resourceGroups/clitest.rg000001/providers/Microsoft.Network/loadBalancers/lb1/frontendIPConfigurations/LoadBalancerFrontEnd\"\
        \r\n          },\r\n          \"frontendPort\": 50001,\r\n          \"backendPort\"\
        : 22,\r\n          \"enableFloatingIP\": false,\r\n          \"idleTimeoutInMinutes\"\
        : 4,\r\n          \"protocol\": \"Tcp\",\r\n          \"backendIPConfiguration\"\
        : {\r\n            \"id\": \"/subscriptions/00000000-0000-0000-0000-000000000000/resourceGroups/clitest.rg000001/providers/Microsoft.Compute/virtualMachineScaleSets/vmss1/virtualMachines/1/networkInterfaces/vmss1f060Nic/ipConfigurations/vmss1f060IPConfig\"\
        \r\n          }\r\n        }\r\n      }\r\n    ],\r\n    \"outboundNatRules\"\
        : [],\r\n    \"inboundNatPools\": [\r\n      {\r\n        \"name\": \"nat-pool1\"\
        ,\r\n        \"id\": \"/subscriptions/00000000-0000-0000-0000-000000000000/resourceGroups/clitest.rg000001/providers/Microsoft.Network/loadBalancers/lb1/inboundNatPools/nat-pool1\"\
        ,\r\n        \"etag\": \"W/\\\"dba1f480-d42a-474b-bcb5-48a71c190699\\\"\"\
        ,\r\n        \"properties\": {\r\n          \"provisioningState\": \"Succeeded\"\
        ,\r\n          \"frontendPortRangeStart\": 50000,\r\n          \"frontendPortRangeEnd\"\
        : 50119,\r\n          \"backendPort\": 22,\r\n          \"protocol\": \"Tcp\"\
        ,\r\n          \"frontendIPConfiguration\": {\r\n            \"id\": \"/subscriptions/00000000-0000-0000-0000-000000000000/resourceGroups/clitest.rg000001/providers/Microsoft.Network/loadBalancers/lb1/frontendIPConfigurations/LoadBalancerFrontEnd\"\
        \r\n          }\r\n        }\r\n      }\r\n    ]\r\n  },\r\n  \"sku\": {\r\
        \n    \"name\": \"Basic\"\r\n  }\r\n}"}
    headers:
      cache-control: [no-cache]
      content-length: ['10014']
      content-type: [application/json; charset=utf-8]
      date: ['Thu, 30 Nov 2017 17:08:45 GMT']
      etag: [W/"dba1f480-d42a-474b-bcb5-48a71c190699"]
      expires: ['-1']
      pragma: [no-cache]
      server: [Microsoft-HTTPAPI/2.0, Microsoft-HTTPAPI/2.0]
      strict-transport-security: [max-age=31536000; includeSubDomains]
      transfer-encoding: [chunked]
      vary: [Accept-Encoding]
    status: {code: 200, message: OK}
- request:
    body: null
    headers:
      Accept: [application/json]
      Accept-Encoding: ['gzip, deflate']
      CommandName: [vmss list-instance-connection-info]
      Connection: [keep-alive]
      Content-Type: [application/json; charset=utf-8]
      User-Agent: [python/3.5.3 (Windows-10-10.0.16299-SP0) requests/2.18.4 msrest/0.4.19
          msrest_azure/0.4.17 networkmanagementclient/1.6.0 Azure-SDK-For-Python AZURECLI/2.0.22]
      accept-language: [en-US]
    method: GET
    uri: https://management.azure.com/subscriptions/00000000-0000-0000-0000-000000000000/resourceGroups/clitest.rg000001/providers/Microsoft.Network/publicIPAddresses/PublicIPlb1?api-version=2017-10-01
  response:
    body: {string: "{\r\n  \"name\": \"PublicIPlb1\",\r\n  \"id\": \"/subscriptions/00000000-0000-0000-0000-000000000000/resourceGroups/clitest.rg000001/providers/Microsoft.Network/publicIPAddresses/PublicIPlb1\"\
        ,\r\n  \"etag\": \"W/\\\"1651c95a-1141-4431-8e61-716c22a0d232\\\"\",\r\n \
        \ \"location\": \"westus\",\r\n  \"tags\": {},\r\n  \"properties\": {\r\n\
        \    \"provisioningState\": \"Succeeded\",\r\n    \"resourceGuid\": \"87d755f3-b5db-4184-bcb0-a12e1b859057\"\
        ,\r\n    \"ipAddress\": \"104.42.19.239\",\r\n    \"publicIPAddressVersion\"\
        : \"IPv4\",\r\n    \"publicIPAllocationMethod\": \"Dynamic\",\r\n    \"idleTimeoutInMinutes\"\
        : 4,\r\n    \"ipTags\": [],\r\n    \"ipConfiguration\": {\r\n      \"id\"\
        : \"/subscriptions/00000000-0000-0000-0000-000000000000/resourceGroups/clitest.rg000001/providers/Microsoft.Network/loadBalancers/lb1/frontendIPConfigurations/LoadBalancerFrontEnd\"\
        \r\n    }\r\n  },\r\n  \"type\": \"Microsoft.Network/publicIPAddresses\",\r\
        \n  \"sku\": {\r\n    \"name\": \"Basic\"\r\n  }\r\n}"}
    headers:
      cache-control: [no-cache]
      content-length: ['1005']
      content-type: [application/json; charset=utf-8]
      date: ['Thu, 30 Nov 2017 17:08:45 GMT']
      etag: [W/"1651c95a-1141-4431-8e61-716c22a0d232"]
      expires: ['-1']
      pragma: [no-cache]
      server: [Microsoft-HTTPAPI/2.0, Microsoft-HTTPAPI/2.0]
      strict-transport-security: [max-age=31536000; includeSubDomains]
      transfer-encoding: [chunked]
      vary: [Accept-Encoding]
    status: {code: 200, message: OK}
- request:
    body: null
    headers:
      Accept: ['*/*']
      Accept-Encoding: ['gzip, deflate']
      Connection: [keep-alive]
      User-Agent: [python-requests/2.18.4]
    method: GET
    uri: http://104.42.19.239/
  response:
    body: {string: "<!DOCTYPE html>\n<html>\n<head>\n<title>Welcome to nginx!</title>\n\
        <style>\n    body {\n        width: 35em;\n        margin: 0 auto;\n     \
        \   font-family: Tahoma, Verdana, Arial, sans-serif;\n    }\n</style>\n</head>\n\
        <body>\n<h1>Welcome to nginx!</h1>\n<p>If you see this page, the nginx web\
        \ server is successfully installed and\nworking. Further configuration is\
        \ required.</p>\n\n<p>For online documentation and support please refer to\n\
        <a href=\"http://nginx.org/\">nginx.org</a>.<br/>\nCommercial support is available\
        \ at\n<a href=\"http://nginx.com/\">nginx.com</a>.</p>\n\n<p><em>Thank you\
        \ for using nginx.</em></p>\n</body>\n</html>\n"}
    headers:
      connection: [keep-alive]
      content-length: ['612']
      content-type: [text/html]
      date: ['Thu, 30 Nov 2017 17:09:01 GMT']
      etag: [W/"5a203a6c-264"]
      last-modified: ['Thu, 30 Nov 2017 17:05:48 GMT']
      server: [nginx/1.10.3 (Ubuntu)]
      transfer-encoding: [chunked]
    status: {code: 200, message: OK}
- request:
    body: null
    headers:
      Accept: [application/json]
      Accept-Encoding: ['gzip, deflate']
      CommandName: [vmss rolling-upgrade start]
      Connection: [keep-alive]
      Content-Length: ['0']
      Content-Type: [application/json; charset=utf-8]
      User-Agent: [python/3.5.3 (Windows-10-10.0.16299-SP0) requests/2.18.4 msrest/0.4.19
          msrest_azure/0.4.17 computemanagementclient/3.0.1 Azure-SDK-For-Python AZURECLI/2.0.22]
      accept-language: [en-US]
    method: POST
    uri: https://management.azure.com/subscriptions/00000000-0000-0000-0000-000000000000/resourceGroups/clitest.rg000001/providers/Microsoft.Compute/virtualMachineScaleSets/vmss1/osRollingUpgrade?api-version=2017-03-30
  response:
    body: {string: ''}
    headers:
      azure-asyncoperation: ['https://management.azure.com/subscriptions/00000000-0000-0000-0000-000000000000/providers/Microsoft.Compute/locations/westus/operations/83d0bc74-51eb-430c-a1b0-33ce10fd7f70?api-version=2017-03-30']
      cache-control: [no-cache]
      content-length: ['0']
      date: ['Thu, 30 Nov 2017 17:09:01 GMT']
      expires: ['-1']
      location: ['https://management.azure.com/subscriptions/00000000-0000-0000-0000-000000000000/providers/Microsoft.Compute/locations/westus/operations/83d0bc74-51eb-430c-a1b0-33ce10fd7f70?monitor=true&api-version=2017-03-30']
      pragma: [no-cache]
      server: [Microsoft-HTTPAPI/2.0, Microsoft-HTTPAPI/2.0]
      strict-transport-security: [max-age=31536000; includeSubDomains]
      x-ms-ratelimit-remaining-resource: ['Microsoft.Compute/VMScaleSetActions3Min;239,Microsoft.Compute/VMScaleSetActions30Min;1198,Microsoft.Compute/VmssQueuedVMOperations;1800']
      x-ms-ratelimit-remaining-subscription-writes: ['1199']
      x-ms-request-charge: ['0']
    status: {code: 202, message: Accepted}
- request:
    body: null
    headers:
      Accept: [application/json]
      Accept-Encoding: ['gzip, deflate']
      CommandName: [vmss rolling-upgrade start]
      Connection: [keep-alive]
      Content-Type: [application/json; charset=utf-8]
      User-Agent: [python/3.5.3 (Windows-10-10.0.16299-SP0) requests/2.18.4 msrest/0.4.19
          msrest_azure/0.4.17 computemanagementclient/3.0.1 Azure-SDK-For-Python AZURECLI/2.0.22]
      accept-language: [en-US]
    method: GET
    uri: https://management.azure.com/subscriptions/00000000-0000-0000-0000-000000000000/providers/Microsoft.Compute/locations/westus/operations/83d0bc74-51eb-430c-a1b0-33ce10fd7f70?api-version=2017-03-30
  response:
    body: {string: "{\r\n  \"startTime\": \"2017-11-30T17:09:00.8625171+00:00\",\r\
        \n  \"status\": \"InProgress\",\r\n  \"name\": \"83d0bc74-51eb-430c-a1b0-33ce10fd7f70\"\
        \r\n}"}
    headers:
      cache-control: [no-cache]
      content-length: ['134']
      content-type: [application/json; charset=utf-8]
      date: ['Thu, 30 Nov 2017 17:09:32 GMT']
      expires: ['-1']
      pragma: [no-cache]
      server: [Microsoft-HTTPAPI/2.0, Microsoft-HTTPAPI/2.0]
      strict-transport-security: [max-age=31536000; includeSubDomains]
      transfer-encoding: [chunked]
      vary: [Accept-Encoding]
      x-ms-ratelimit-remaining-resource: ['Microsoft.Compute/GetOperation3Min;2135,Microsoft.Compute/GetOperation30Min;17813']
    status: {code: 200, message: OK}
- request:
    body: null
    headers:
      Accept: [application/json]
      Accept-Encoding: ['gzip, deflate']
      CommandName: [vmss rolling-upgrade start]
      Connection: [keep-alive]
      Content-Type: [application/json; charset=utf-8]
      User-Agent: [python/3.5.3 (Windows-10-10.0.16299-SP0) requests/2.18.4 msrest/0.4.19
          msrest_azure/0.4.17 computemanagementclient/3.0.1 Azure-SDK-For-Python AZURECLI/2.0.22]
      accept-language: [en-US]
    method: GET
    uri: https://management.azure.com/subscriptions/00000000-0000-0000-0000-000000000000/providers/Microsoft.Compute/locations/westus/operations/83d0bc74-51eb-430c-a1b0-33ce10fd7f70?api-version=2017-03-30
  response:
    body: {string: "{\r\n  \"startTime\": \"2017-11-30T17:09:00.8625171+00:00\",\r\
        \n  \"status\": \"InProgress\",\r\n  \"name\": \"83d0bc74-51eb-430c-a1b0-33ce10fd7f70\"\
        \r\n}"}
    headers:
      cache-control: [no-cache]
      content-length: ['134']
      content-type: [application/json; charset=utf-8]
      date: ['Thu, 30 Nov 2017 17:10:02 GMT']
      expires: ['-1']
      pragma: [no-cache]
      server: [Microsoft-HTTPAPI/2.0, Microsoft-HTTPAPI/2.0]
      strict-transport-security: [max-age=31536000; includeSubDomains]
      transfer-encoding: [chunked]
      vary: [Accept-Encoding]
      x-ms-ratelimit-remaining-resource: ['Microsoft.Compute/GetOperation3Min;2136,Microsoft.Compute/GetOperation30Min;17810']
    status: {code: 200, message: OK}
- request:
    body: null
    headers:
      Accept: [application/json]
      Accept-Encoding: ['gzip, deflate']
      CommandName: [vmss rolling-upgrade start]
      Connection: [keep-alive]
      Content-Type: [application/json; charset=utf-8]
      User-Agent: [python/3.5.3 (Windows-10-10.0.16299-SP0) requests/2.18.4 msrest/0.4.19
          msrest_azure/0.4.17 computemanagementclient/3.0.1 Azure-SDK-For-Python AZURECLI/2.0.22]
      accept-language: [en-US]
    method: GET
    uri: https://management.azure.com/subscriptions/00000000-0000-0000-0000-000000000000/providers/Microsoft.Compute/locations/westus/operations/83d0bc74-51eb-430c-a1b0-33ce10fd7f70?api-version=2017-03-30
  response:
    body: {string: "{\r\n  \"startTime\": \"2017-11-30T17:09:00.8625171+00:00\",\r\
        \n  \"status\": \"InProgress\",\r\n  \"name\": \"83d0bc74-51eb-430c-a1b0-33ce10fd7f70\"\
        \r\n}"}
    headers:
      cache-control: [no-cache]
      content-length: ['134']
      content-type: [application/json; charset=utf-8]
      date: ['Thu, 30 Nov 2017 17:10:32 GMT']
      expires: ['-1']
      pragma: [no-cache]
      server: [Microsoft-HTTPAPI/2.0, Microsoft-HTTPAPI/2.0]
      strict-transport-security: [max-age=31536000; includeSubDomains]
      transfer-encoding: [chunked]
      vary: [Accept-Encoding]
      x-ms-ratelimit-remaining-resource: ['Microsoft.Compute/GetOperation3Min;2135,Microsoft.Compute/GetOperation30Min;17802']
    status: {code: 200, message: OK}
- request:
    body: null
    headers:
      Accept: [application/json]
      Accept-Encoding: ['gzip, deflate']
      CommandName: [vmss rolling-upgrade start]
      Connection: [keep-alive]
      Content-Type: [application/json; charset=utf-8]
      User-Agent: [python/3.5.3 (Windows-10-10.0.16299-SP0) requests/2.18.4 msrest/0.4.19
          msrest_azure/0.4.17 computemanagementclient/3.0.1 Azure-SDK-For-Python AZURECLI/2.0.22]
      accept-language: [en-US]
    method: GET
    uri: https://management.azure.com/subscriptions/00000000-0000-0000-0000-000000000000/providers/Microsoft.Compute/locations/westus/operations/83d0bc74-51eb-430c-a1b0-33ce10fd7f70?api-version=2017-03-30
  response:
    body: {string: "{\r\n  \"startTime\": \"2017-11-30T17:09:00.8625171+00:00\",\r\
        \n  \"status\": \"InProgress\",\r\n  \"name\": \"83d0bc74-51eb-430c-a1b0-33ce10fd7f70\"\
        \r\n}"}
    headers:
      cache-control: [no-cache]
      content-length: ['134']
      content-type: [application/json; charset=utf-8]
      date: ['Thu, 30 Nov 2017 17:11:02 GMT']
      expires: ['-1']
      pragma: [no-cache]
      server: [Microsoft-HTTPAPI/2.0, Microsoft-HTTPAPI/2.0]
      strict-transport-security: [max-age=31536000; includeSubDomains]
      transfer-encoding: [chunked]
      vary: [Accept-Encoding]
      x-ms-ratelimit-remaining-resource: ['Microsoft.Compute/GetOperation3Min;2139,Microsoft.Compute/GetOperation30Min;17799']
    status: {code: 200, message: OK}
- request:
    body: null
    headers:
      Accept: [application/json]
      Accept-Encoding: ['gzip, deflate']
      CommandName: [vmss rolling-upgrade start]
      Connection: [keep-alive]
      Content-Type: [application/json; charset=utf-8]
      User-Agent: [python/3.5.3 (Windows-10-10.0.16299-SP0) requests/2.18.4 msrest/0.4.19
          msrest_azure/0.4.17 computemanagementclient/3.0.1 Azure-SDK-For-Python AZURECLI/2.0.22]
      accept-language: [en-US]
    method: GET
    uri: https://management.azure.com/subscriptions/00000000-0000-0000-0000-000000000000/providers/Microsoft.Compute/locations/westus/operations/83d0bc74-51eb-430c-a1b0-33ce10fd7f70?api-version=2017-03-30
  response:
    body: {string: "{\r\n  \"startTime\": \"2017-11-30T17:11:05.8591553+00:00\",\r\
        \n  \"endTime\": \"2017-11-30T17:11:05.8747763+00:00\",\r\n  \"status\": \"\
        Succeeded\",\r\n  \"name\": \"83d0bc74-51eb-430c-a1b0-33ce10fd7f70\"\r\n}"}
    headers:
      cache-control: [no-cache]
      content-length: ['184']
      content-type: [application/json; charset=utf-8]
      date: ['Thu, 30 Nov 2017 17:11:32 GMT']
      expires: ['-1']
      pragma: [no-cache]
      server: [Microsoft-HTTPAPI/2.0, Microsoft-HTTPAPI/2.0]
      strict-transport-security: [max-age=31536000; includeSubDomains]
      transfer-encoding: [chunked]
      vary: [Accept-Encoding]
      x-ms-ratelimit-remaining-resource: ['Microsoft.Compute/GetOperation3Min;2136,Microsoft.Compute/GetOperation30Min;17791']
    status: {code: 200, message: OK}
- request:
    body: null
    headers:
      Accept: [application/json]
      Accept-Encoding: ['gzip, deflate']
      CommandName: [vmss rolling-upgrade get-latest]
      Connection: [keep-alive]
      Content-Type: [application/json; charset=utf-8]
      User-Agent: [python/3.5.3 (Windows-10-10.0.16299-SP0) requests/2.18.4 msrest/0.4.19
          msrest_azure/0.4.17 computemanagementclient/3.0.1 Azure-SDK-For-Python AZURECLI/2.0.22]
      accept-language: [en-US]
    method: GET
    uri: https://management.azure.com/subscriptions/00000000-0000-0000-0000-000000000000/resourceGroups/clitest.rg000001/providers/Microsoft.Compute/virtualMachineScaleSets/vmss1/rollingUpgrades/latest?api-version=2017-03-30
  response:
    body: {string: "{\r\n  \"properties\": {\r\n    \"policy\": {\r\n      \"maxBatchInstancePercent\"\
        : 20,\r\n      \"maxUnhealthyInstancePercent\": 20,\r\n      \"maxUnhealthyUpgradedInstancePercent\"\
        : 20,\r\n      \"pauseTimeBetweenBatches\": \"PT0S\"\r\n    },\r\n    \"runningStatus\"\
        : {\r\n      \"code\": \"Completed\",\r\n      \"startTime\": \"2017-11-30T17:09:01.0500318+00:00\"\
        ,\r\n      \"lastAction\": \"Start\",\r\n      \"lastActionTime\": \"2017-11-30T17:09:00.9250305+00:00\"\
        \r\n    },\r\n    \"progress\": {\r\n      \"successfulInstanceCount\": 2,\r\
        \n      \"failedInstanceCount\": 0,\r\n      \"inProgressInstanceCount\":\
        \ 0,\r\n      \"pendingInstanceCount\": 0\r\n    }\r\n  },\r\n  \"type\":\
        \ \"Microsoft.Compute/virtualMachineScaleSets/rollingUpgrades\",\r\n  \"location\"\
        : \"westus\"\r\n}"}
    headers:
      cache-control: [no-cache]
      content-length: ['695']
      content-type: [application/json; charset=utf-8]
      date: ['Thu, 30 Nov 2017 17:11:33 GMT']
      expires: ['-1']
      pragma: [no-cache]
      server: [Microsoft-HTTPAPI/2.0, Microsoft-HTTPAPI/2.0]
      strict-transport-security: [max-age=31536000; includeSubDomains]
      transfer-encoding: [chunked]
      vary: [Accept-Encoding]
      x-ms-ratelimit-remaining-resource: ['Microsoft.Compute/GetVMScaleSet3Min;230,Microsoft.Compute/GetVMScaleSet30Min;1145']
    status: {code: 200, message: OK}
- request:
    body: null
    headers:
      Accept: [application/json]
      Accept-Encoding: ['gzip, deflate']
      CommandName: [vmss rolling-upgrade cancel]
      Connection: [keep-alive]
      Content-Length: ['0']
      Content-Type: [application/json; charset=utf-8]
      User-Agent: [python/3.5.3 (Windows-10-10.0.16299-SP0) requests/2.18.4 msrest/0.4.19
          msrest_azure/0.4.17 computemanagementclient/3.0.1 Azure-SDK-For-Python AZURECLI/2.0.22]
      accept-language: [en-US]
    method: POST
    uri: https://management.azure.com/subscriptions/00000000-0000-0000-0000-000000000000/resourceGroups/clitest.rg000001/providers/Microsoft.Compute/virtualMachineScaleSets/vmss1/rollingUpgrades/cancel?api-version=2017-03-30
  response:
    body: {string: "{\r\n  \"error\": {\r\n    \"code\": \"OperationNotAllowed\",\r\
        \n    \"message\": \"There is no ongoing Rolling Upgrade to cancel.\"\r\n\
        \  }\r\n}"}
    headers:
      cache-control: [no-cache]
      content-length: ['124']
      content-type: [application/json; charset=utf-8]
      date: ['Thu, 30 Nov 2017 17:11:33 GMT']
      expires: ['-1']
      pragma: [no-cache]
      server: [Microsoft-HTTPAPI/2.0, Microsoft-HTTPAPI/2.0]
      strict-transport-security: [max-age=31536000; includeSubDomains]
      x-ms-ratelimit-remaining-resource: ['Microsoft.Compute/VMScaleSetActions3Min;238,Microsoft.Compute/VMScaleSetActions30Min;1197']
      x-ms-ratelimit-remaining-subscription-writes: ['1199']
    status: {code: 409, message: Conflict}
- request:
    body: null
    headers:
      Accept: [application/json]
      Accept-Encoding: ['gzip, deflate']
      CommandName: [group delete]
      Connection: [keep-alive]
      Content-Length: ['0']
      Content-Type: [application/json; charset=utf-8]
      User-Agent: [python/3.5.3 (Windows-10-10.0.16299-SP0) requests/2.18.4 msrest/0.4.19
          msrest_azure/0.4.17 resourcemanagementclient/1.2.1 Azure-SDK-For-Python
          AZURECLI/2.0.22]
      accept-language: [en-US]
    method: DELETE
    uri: https://management.azure.com/subscriptions/00000000-0000-0000-0000-000000000000/resourcegroups/clitest.rg000001?api-version=2017-05-10
  response:
    body: {string: ''}
    headers:
      cache-control: [no-cache]
      content-length: ['0']
      date: ['Thu, 30 Nov 2017 17:11:35 GMT']
      expires: ['-1']
      location: ['https://management.azure.com/subscriptions/00000000-0000-0000-0000-000000000000/operationresults/eyJqb2JJZCI6IlJFU09VUkNFR1JPVVBERUxFVElPTkpPQi1DTElURVNUOjJFUkc2UkgzSlFKSDQ0VkNHSEZSNU9XNUZWWE03N003WEtGSk82UXw2MzVCQUVGMTdBOENFNDNCLVdFU1RVUyIsImpvYkxvY2F0aW9uIjoid2VzdHVzIn0?api-version=2017-05-10']
      pragma: [no-cache]
      strict-transport-security: [max-age=31536000; includeSubDomains]
      x-ms-ratelimit-remaining-subscription-writes: ['1197']
    status: {code: 202, message: Accepted}
version: 1
