interactions:
- request:
    body: null
    headers:
      Accept: [application/json]
      Accept-Encoding: ['gzip, deflate']
      Connection: [keep-alive]
      Content-Type: [application/json; charset=utf-8]
      User-Agent: [python/3.5.3 (Windows-10-10.0.16299-SP0) requests/2.18.4 msrest/0.4.19
          msrest_azure/0.4.17 resourcemanagementclient/1.2.1 Azure-SDK-For-Python
          AZURECLI/TEST/2.0.22]
      accept-language: [en-US]
      x-ms-client-request-id: [03dc061a-d552-11e7-b608-a0b3ccf7272a]
    method: GET
    uri: https://management.azure.com/subscriptions/00000000-0000-0000-0000-000000000000/resourcegroups/cli_test_vmss_create_custom_data?api-version=2017-05-10
  response:
    body: {string: '{"id":"/subscriptions/00000000-0000-0000-0000-000000000000/resourceGroups/cli_test_vmss_create_custom_data","name":"cli_test_vmss_create_custom_data","location":"westus","tags":{"use":"az-test"},"properties":{"provisioningState":"Succeeded"}}'}
    headers:
      Cache-Control: [no-cache]
      Content-Type: [application/json; charset=utf-8]
      Date: ['Wed, 29 Nov 2017 22:09:48 GMT']
      Expires: ['-1']
      Pragma: [no-cache]
      Strict-Transport-Security: [max-age=31536000; includeSubDomains]
      Vary: [Accept-Encoding]
      content-length: ['254']
    status: {code: 200, message: OK}
- request:
    body: null
    headers:
      Connection: [close]
      Host: [raw.githubusercontent.com]
      User-Agent: [Python-urllib/3.5]
    method: GET
    uri: https://raw.githubusercontent.com/Azure/azure-rest-api-specs/master/arm-compute/quickstart-templates/aliases.json
  response:
    body: {string: "{\n  \"$schema\":\"http://schema.management.azure.com/schemas/2015-01-01/deploymentTemplate.json\"\
        ,\n  \"contentVersion\":\"1.0.0.0\",\n  \"parameters\":{},\n  \"variables\"\
        :{},\n  \"resources\":[],\n\n  \"outputs\":{\n    \"aliases\":{\n      \"\
        type\":\"object\",\n      \"value\":{\n\n        \"Linux\":{\n          \"\
        CentOS\":{\n            \"publisher\":\"OpenLogic\",\n            \"offer\"\
        :\"CentOS\",\n            \"sku\":\"7.3\",\n            \"version\":\"latest\"\
        \n          },\n          \"CoreOS\":{\n            \"publisher\":\"CoreOS\"\
        ,\n            \"offer\":\"CoreOS\",\n            \"sku\":\"Stable\",\n  \
        \          \"version\":\"latest\"\n          },\n          \"Debian\":{\n\
        \            \"publisher\":\"credativ\",\n            \"offer\":\"Debian\"\
        ,\n            \"sku\":\"8\",\n            \"version\":\"latest\"\n      \
        \    },\n          \"openSUSE-Leap\": {\n            \"publisher\":\"SUSE\"\
        ,\n            \"offer\":\"openSUSE-Leap\",\n            \"sku\":\"42.2\"\
        ,\n            \"version\": \"latest\"\n          },\n          \"RHEL\":{\n\
        \            \"publisher\":\"RedHat\",\n            \"offer\":\"RHEL\",\n\
        \            \"sku\":\"7.3\",\n            \"version\":\"latest\"\n      \
        \    },\n          \"SLES\":{\n            \"publisher\":\"SUSE\",\n     \
        \       \"offer\":\"SLES\",\n            \"sku\":\"12-SP2\",\n           \
        \ \"version\":\"latest\"\n          },\n          \"UbuntuLTS\":{\n      \
        \      \"publisher\":\"Canonical\",\n            \"offer\":\"UbuntuServer\"\
        ,\n            \"sku\":\"16.04-LTS\",\n            \"version\":\"latest\"\n\
        \          }\n        },\n\n        \"Windows\":{\n          \"Win2016Datacenter\"\
        :{\n            \"publisher\":\"MicrosoftWindowsServer\",\n            \"\
        offer\":\"WindowsServer\",\n            \"sku\":\"2016-Datacenter\",\n   \
        \         \"version\":\"latest\"\n          },\n          \"Win2012R2Datacenter\"\
        :{\n            \"publisher\":\"MicrosoftWindowsServer\",\n            \"\
        offer\":\"WindowsServer\",\n            \"sku\":\"2012-R2-Datacenter\",\n\
        \            \"version\":\"latest\"\n          },\n          \"Win2012Datacenter\"\
        :{\n            \"publisher\":\"MicrosoftWindowsServer\",\n            \"\
        offer\":\"WindowsServer\",\n            \"sku\":\"2012-Datacenter\",\n   \
        \         \"version\":\"latest\"\n          },\n          \"Win2008R2SP1\"\
        :{\n            \"publisher\":\"MicrosoftWindowsServer\",\n            \"\
        offer\":\"WindowsServer\",\n            \"sku\":\"2008-R2-SP1\",\n       \
        \     \"version\":\"latest\"\n          }\n        }\n      }\n    }\n  }\n\
        }\n"}
    headers:
      Accept-Ranges: [bytes]
      Access-Control-Allow-Origin: ['*']
      Cache-Control: [max-age=300]
      Connection: [close]
      Content-Length: ['2235']
      Content-Security-Policy: [default-src 'none'; style-src 'unsafe-inline'; sandbox]
      Content-Type: [text/plain; charset=utf-8]
      Date: ['Wed, 29 Nov 2017 22:09:49 GMT']
      ETag: ['"d6824855d13e27c5258a680eb60f635d088fd05e"']
      Expires: ['Wed, 29 Nov 2017 22:14:49 GMT']
      Source-Age: ['289']
      Strict-Transport-Security: [max-age=31536000]
      Vary: ['Authorization,Accept-Encoding']
      Via: [1.1 varnish]
      X-Cache: [HIT]
      X-Cache-Hits: ['2']
      X-Content-Type-Options: [nosniff]
      X-Fastly-Request-ID: [51ba0eb764761e533a79b795b71d1b40b3a6ea65]
      X-Frame-Options: [deny]
      X-Geo-Block-List: ['']
      X-GitHub-Request-Id: ['3FD8:29C59:38527C:3C3AAD:5A1F2F0D']
      X-Served-By: [cache-sea1047-SEA]
      X-Timer: ['S1511993390.595342,VS0,VE0']
      X-XSS-Protection: [1; mode=block]
    status: {code: 200, message: OK}
- request:
    body: null
    headers:
      Accept: [application/json]
      Accept-Encoding: ['gzip, deflate']
      Connection: [keep-alive]
      Content-Type: [application/json; charset=utf-8]
      User-Agent: [python/3.5.3 (Windows-10-10.0.16299-SP0) requests/2.18.4 msrest/0.4.19
          msrest_azure/0.4.17 networkmanagementclient/1.6.0 Azure-SDK-For-Python AZURECLI/TEST/2.0.22]
      accept-language: [en-US]
      x-ms-client-request-id: [0480861e-d552-11e7-81e1-a0b3ccf7272a]
    method: GET
    uri: https://management.azure.com/subscriptions/00000000-0000-0000-0000-000000000000/resourceGroups/cli_test_vmss_create_custom_data/providers/Microsoft.Network/virtualNetworks?api-version=2017-10-01
  response:
    body: {string: '{"value":[]}'}
    headers:
      Cache-Control: [no-cache]
      Content-Type: [application/json; charset=utf-8]
      Date: ['Wed, 29 Nov 2017 22:09:49 GMT']
      Expires: ['-1']
      Pragma: [no-cache]
      Strict-Transport-Security: [max-age=31536000; includeSubDomains]
      Vary: [Accept-Encoding]
      content-length: ['12']
    status: {code: 200, message: OK}
- request:
    body: '{"properties": {"template": {"parameters": {}, "outputs": {"VMSS": {"type":
      "object", "value": "[reference(resourceId(''Microsoft.Compute/virtualMachineScaleSets'',
      ''vmss-custom-data''),providers(''Microsoft.Compute'', ''virtualMachineScaleSets'').apiVersions[0])]"}},
      "resources": [{"tags": {}, "name": "vmss-custom-dataVNET", "location": "westus",
      "properties": {"addressSpace": {"addressPrefixes": ["10.0.0.0/16"]}, "subnets":
      [{"name": "vmss-custom-dataSubnet", "properties": {"addressPrefix": "10.0.0.0/24"}}]},
      "apiVersion": "2015-06-15", "type": "Microsoft.Network/virtualNetworks", "dependsOn":
      []}, {"sku": {"name": "Basic"}, "tags": {}, "name": "vmss-custom-dataLBPublicIP",
      "location": "westus", "properties": {"publicIPAllocationMethod": "Dynamic"},
      "apiVersion": "2017-10-01", "type": "Microsoft.Network/publicIPAddresses", "dependsOn":
      []}, {"sku": {"name": "Basic"}, "tags": {}, "name": "vmss-custom-dataLB", "location":
      "westus", "properties": {"inboundNatPools": [{"name": "vmss-custom-dataLBNatPool",
      "properties": {"backendPort": 22, "protocol": "tcp", "frontendPortRangeEnd":
      "50119", "frontendIPConfiguration": {"id": "[concat(resourceId(''Microsoft.Network/loadBalancers'',
      ''vmss-custom-dataLB''), ''/frontendIPConfigurations/'', ''loadBalancerFrontEnd'')]"},
      "frontendPortRangeStart": "50000"}}], "backendAddressPools": [{"name": "vmss-custom-dataLBBEPool"}],
      "frontendIPConfigurations": [{"name": "loadBalancerFrontEnd", "properties":
      {"publicIPAddress": {"id": "/subscriptions/0b1f6471-1bf0-4dda-aec3-cb9272f09590/resourceGroups/cli_test_vmss_create_custom_data/providers/Microsoft.Network/publicIPAddresses/vmss-custom-dataLBPublicIP"}}}]},
      "apiVersion": "2017-10-01", "type": "Microsoft.Network/loadBalancers", "dependsOn":
      ["Microsoft.Network/virtualNetworks/vmss-custom-dataVNET", "Microsoft.Network/publicIpAddresses/vmss-custom-dataLBPublicIP"]},
      {"sku": {"capacity": 2, "name": "Standard_D1_v2"}, "tags": {}, "name": "vmss-custom-data",
      "location": "westus", "properties": {"upgradePolicy": {"mode": "Manual"}, "virtualMachineProfile":
      {"networkProfile": {"networkInterfaceConfigurations": [{"name": "vmssc7439Nic",
      "properties": {"ipConfigurations": [{"name": "vmssc7439IPConfig", "properties":
      {"subnet": {"id": "/subscriptions/0b1f6471-1bf0-4dda-aec3-cb9272f09590/resourceGroups/cli_test_vmss_create_custom_data/providers/Microsoft.Network/virtualNetworks/vmss-custom-dataVNET/subnets/vmss-custom-dataSubnet"},
      "loadBalancerInboundNatPools": [{"id": "/subscriptions/0b1f6471-1bf0-4dda-aec3-cb9272f09590/resourceGroups/cli_test_vmss_create_custom_data/providers/Microsoft.Network/loadBalancers/vmss-custom-dataLB/inboundNatPools/vmss-custom-dataLBNatPool"}],
      "loadBalancerBackendAddressPools": [{"id": "/subscriptions/0b1f6471-1bf0-4dda-aec3-cb9272f09590/resourceGroups/cli_test_vmss_create_custom_data/providers/Microsoft.Network/loadBalancers/vmss-custom-dataLB/backendAddressPools/vmss-custom-dataLBBEPool"}]}}],
      "primary": "true"}}]}, "osProfile": {"customData": "I2Nsb3VkLWNvbmZpZwpob3N0bmFtZTogbXlWTWhvc3RuYW1l",
      "linuxConfiguration": {"disablePasswordAuthentication": true, "ssh": {"publicKeys":
      [{"path": "/home/deploy/.ssh/authorized_keys", "keyData": "ssh-rsa AAAAB3NzaC1yc2EAAAADAQABAAACAQCbIg1guRHbI0lV11wWDt1r2cUdcNd27CJsg+SfgC7miZeubtwUhbsPdhMQsfDyhOWHq1+ZL0M+nJZV63d/1dhmhtgyOqejUwrPlzKhydsbrsdUor+JmNJDdW01v7BXHyuymT8G4s09jCasNOwiufbP/qp72ruu0bIA1nySsvlf9pCQAuFkAnVnf/rFhUlOkhtRpwcq8SUNY2zRHR/EKb/4NWY1JzR4sa3q2fWIJdrrX0DvLoa5g9bIEd4Df79ba7v+yiUBOS0zT2ll+z4g9izHK3EO5d8hL4jYxcjKs+wcslSYRWrascfscLgMlMGh0CdKeNTDjHpGPncaf3Z+FwwwjWeuiNBxv7bJo13/8B/098KlVDl4GZqsoBCEjPyJfV6hO0y/LkRGkk7oHWKgeWAfKtfLItRp00eZ4fcJNK9kCaSMmEugoZWcI7NGbZXzqFWqbpRI7NcDP9+WIQ+i9U5vqWsqd/zng4kbuAJ6UuKqIzB0upYrLShfQE3SAck8oaLhJqqq56VfDuASNpJKidV+zq27HfSBmbXnkR/5AK337dc3MXKJypoK/QPMLKUAP5XLPbs+NddJQV7EZXd29DLgp+fRIg3edpKdO7ZErWhv7d+3Kws+e1Y+ypmR2WIVSwVyBEUfgv2C8Ts9gnTF4pNcEY/S2aBicz5Ew2+jdyGNQQ==
      test@example.com\n"}]}}, "adminUsername": "deploy", "computerNamePrefix": "vmssc7439"},
      "storageProfile": {"imageReference": {"sku": "8", "publisher": "credativ", "version":
      "latest", "offer": "Debian"}, "osDisk": {"managedDisk": {"storageAccountType":
      null}, "caching": "ReadWrite", "createOption": "FromImage"}}}, "singlePlacementGroup":
      true, "overprovision": true}, "apiVersion": "2017-03-30", "type": "Microsoft.Compute/virtualMachineScaleSets",
      "dependsOn": ["Microsoft.Network/virtualNetworks/vmss-custom-dataVNET", "Microsoft.Network/loadBalancers/vmss-custom-dataLB"]}],
      "variables": {}, "$schema": "https://schema.management.azure.com/schemas/2015-01-01/deploymentTemplate.json#",
      "contentVersion": "1.0.0.0"}, "parameters": {}, "mode": "Incremental"}}'
    headers:
      Accept: [application/json]
      Accept-Encoding: ['gzip, deflate']
      Connection: [keep-alive]
      Content-Length: ['4693']
      Content-Type: [application/json; charset=utf-8]
      User-Agent: [python/3.5.3 (Windows-10-10.0.16299-SP0) requests/2.18.4 msrest/0.4.19
          msrest_azure/0.4.17 resourcemanagementclient/1.2.1 Azure-SDK-For-Python
          AZURECLI/TEST/2.0.22]
      accept-language: [en-US]
      x-ms-client-request-id: [04aac364-d552-11e7-9060-a0b3ccf7272a]
    method: PUT
    uri: https://management.azure.com/subscriptions/00000000-0000-0000-0000-000000000000/resourcegroups/cli_test_vmss_create_custom_data/providers/Microsoft.Resources/deployments/mock-deployment?api-version=2017-05-10
  response:
    body: {string: '{"id":"/subscriptions/00000000-0000-0000-0000-000000000000/resourceGroups/cli_test_vmss_create_custom_data/providers/Microsoft.Resources/deployments/vmss_deploy_OEMGbHJyA0UQuyJYV2ACoSZLg28A9Ocu","name":"vmss_deploy_OEMGbHJyA0UQuyJYV2ACoSZLg28A9Ocu","properties":{"templateHash":"5262114540295679336","parameters":{},"mode":"Incremental","provisioningState":"Accepted","timestamp":"2017-11-29T22:09:51.8232406Z","duration":"PT0.6866027S","correlationId":"6172c83b-9689-4bf1-b5f7-7a3e5bd5ca8a","providers":[{"namespace":"Microsoft.Network","resourceTypes":[{"resourceType":"virtualNetworks","locations":["westus"]},{"resourceType":"publicIPAddresses","locations":["westus"]},{"resourceType":"loadBalancers","locations":["westus"]}]},{"namespace":"Microsoft.Compute","resourceTypes":[{"resourceType":"virtualMachineScaleSets","locations":["westus"]}]}],"dependencies":[{"dependsOn":[{"id":"/subscriptions/00000000-0000-0000-0000-000000000000/resourceGroups/cli_test_vmss_create_custom_data/providers/Microsoft.Network/virtualNetworks/vmss-custom-dataVNET","resourceType":"Microsoft.Network/virtualNetworks","resourceName":"vmss-custom-dataVNET"},{"id":"/subscriptions/00000000-0000-0000-0000-000000000000/resourceGroups/cli_test_vmss_create_custom_data/providers/Microsoft.Network/publicIPAddresses/vmss-custom-dataLBPublicIP","resourceType":"Microsoft.Network/publicIPAddresses","resourceName":"vmss-custom-dataLBPublicIP"}],"id":"/subscriptions/00000000-0000-0000-0000-000000000000/resourceGroups/cli_test_vmss_create_custom_data/providers/Microsoft.Network/loadBalancers/vmss-custom-dataLB","resourceType":"Microsoft.Network/loadBalancers","resourceName":"vmss-custom-dataLB"},{"dependsOn":[{"id":"/subscriptions/00000000-0000-0000-0000-000000000000/resourceGroups/cli_test_vmss_create_custom_data/providers/Microsoft.Network/virtualNetworks/vmss-custom-dataVNET","resourceType":"Microsoft.Network/virtualNetworks","resourceName":"vmss-custom-dataVNET"},{"id":"/subscriptions/00000000-0000-0000-0000-000000000000/resourceGroups/cli_test_vmss_create_custom_data/providers/Microsoft.Network/loadBalancers/vmss-custom-dataLB","resourceType":"Microsoft.Network/loadBalancers","resourceName":"vmss-custom-dataLB"}],"id":"/subscriptions/00000000-0000-0000-0000-000000000000/resourceGroups/cli_test_vmss_create_custom_data/providers/Microsoft.Compute/virtualMachineScaleSets/vmss-custom-data","resourceType":"Microsoft.Compute/virtualMachineScaleSets","resourceName":"vmss-custom-data"}]}}'}
    headers:
      Azure-AsyncOperation: ['https://management.azure.com/subscriptions/0b1f6471-1bf0-4dda-aec3-cb9272f09590/resourcegroups/cli_test_vmss_create_custom_data/providers/Microsoft.Resources/deployments/vmss_deploy_OEMGbHJyA0UQuyJYV2ACoSZLg28A9Ocu/operationStatuses/08586896134943410009?api-version=2017-05-10']
      Cache-Control: [no-cache]
      Content-Length: ['2524']
      Content-Type: [application/json; charset=utf-8]
      Date: ['Wed, 29 Nov 2017 22:09:51 GMT']
      Expires: ['-1']
      Pragma: [no-cache]
      Strict-Transport-Security: [max-age=31536000; includeSubDomains]
      x-ms-ratelimit-remaining-subscription-writes: ['1197']
    status: {code: 201, message: Created}
- request:
    body: null
    headers:
      Accept: [application/json]
      Accept-Encoding: ['gzip, deflate']
      Connection: [keep-alive]
      Content-Type: [application/json; charset=utf-8]
      User-Agent: [python/3.5.3 (Windows-10-10.0.16299-SP0) requests/2.18.4 msrest/0.4.19
          msrest_azure/0.4.17 resourcemanagementclient/1.2.1 Azure-SDK-For-Python
          AZURECLI/TEST/2.0.22]
      accept-language: [en-US]
      x-ms-client-request-id: [04aac364-d552-11e7-9060-a0b3ccf7272a]
    method: GET
    uri: https://management.azure.com/subscriptions/00000000-0000-0000-0000-000000000000/resourcegroups/cli_test_vmss_create_custom_data/providers/Microsoft.Resources/deployments/mock-deployment/operationStatuses/08586896134943410009?api-version=2017-05-10
  response:
    body: {string: '{"status":"Running"}'}
    headers:
      Cache-Control: [no-cache]
      Content-Type: [application/json; charset=utf-8]
      Date: ['Wed, 29 Nov 2017 22:10:21 GMT']
      Expires: ['-1']
      Pragma: [no-cache]
      Strict-Transport-Security: [max-age=31536000; includeSubDomains]
      Vary: [Accept-Encoding]
      content-length: ['20']
    status: {code: 200, message: OK}
- request:
    body: null
    headers:
      Accept: [application/json]
      Accept-Encoding: ['gzip, deflate']
      Connection: [keep-alive]
      Content-Type: [application/json; charset=utf-8]
      User-Agent: [python/3.5.3 (Windows-10-10.0.16299-SP0) requests/2.18.4 msrest/0.4.19
          msrest_azure/0.4.17 resourcemanagementclient/1.2.1 Azure-SDK-For-Python
          AZURECLI/TEST/2.0.22]
      accept-language: [en-US]
      x-ms-client-request-id: [04aac364-d552-11e7-9060-a0b3ccf7272a]
    method: GET
    uri: https://management.azure.com/subscriptions/00000000-0000-0000-0000-000000000000/resourcegroups/cli_test_vmss_create_custom_data/providers/Microsoft.Resources/deployments/mock-deployment/operationStatuses/08586896134943410009?api-version=2017-05-10
  response:
    body: {string: '{"status":"Running"}'}
    headers:
      Cache-Control: [no-cache]
      Content-Type: [application/json; charset=utf-8]
      Date: ['Wed, 29 Nov 2017 22:10:52 GMT']
      Expires: ['-1']
      Pragma: [no-cache]
      Strict-Transport-Security: [max-age=31536000; includeSubDomains]
      Vary: [Accept-Encoding]
      content-length: ['20']
    status: {code: 200, message: OK}
- request:
    body: null
    headers:
      Accept: [application/json]
      Accept-Encoding: ['gzip, deflate']
      Connection: [keep-alive]
      Content-Type: [application/json; charset=utf-8]
      User-Agent: [python/3.5.3 (Windows-10-10.0.16299-SP0) requests/2.18.4 msrest/0.4.19
          msrest_azure/0.4.17 resourcemanagementclient/1.2.1 Azure-SDK-For-Python
          AZURECLI/TEST/2.0.22]
      accept-language: [en-US]
      x-ms-client-request-id: [04aac364-d552-11e7-9060-a0b3ccf7272a]
    method: GET
    uri: https://management.azure.com/subscriptions/00000000-0000-0000-0000-000000000000/resourcegroups/cli_test_vmss_create_custom_data/providers/Microsoft.Resources/deployments/mock-deployment/operationStatuses/08586896134943410009?api-version=2017-05-10
  response:
    body: {string: '{"status":"Running"}'}
    headers:
      Cache-Control: [no-cache]
      Content-Type: [application/json; charset=utf-8]
      Date: ['Wed, 29 Nov 2017 22:11:23 GMT']
      Expires: ['-1']
      Pragma: [no-cache]
      Strict-Transport-Security: [max-age=31536000; includeSubDomains]
      Vary: [Accept-Encoding]
      content-length: ['20']
    status: {code: 200, message: OK}
- request:
    body: null
    headers:
      Accept: [application/json]
      Accept-Encoding: ['gzip, deflate']
      Connection: [keep-alive]
      Content-Type: [application/json; charset=utf-8]
      User-Agent: [python/3.5.3 (Windows-10-10.0.16299-SP0) requests/2.18.4 msrest/0.4.19
          msrest_azure/0.4.17 resourcemanagementclient/1.2.1 Azure-SDK-For-Python
          AZURECLI/TEST/2.0.22]
      accept-language: [en-US]
      x-ms-client-request-id: [04aac364-d552-11e7-9060-a0b3ccf7272a]
    method: GET
    uri: https://management.azure.com/subscriptions/00000000-0000-0000-0000-000000000000/resourcegroups/cli_test_vmss_create_custom_data/providers/Microsoft.Resources/deployments/mock-deployment/operationStatuses/08586896134943410009?api-version=2017-05-10
  response:
    body: {string: '{"status":"Running"}'}
    headers:
      Cache-Control: [no-cache]
      Content-Type: [application/json; charset=utf-8]
      Date: ['Wed, 29 Nov 2017 22:11:52 GMT']
      Expires: ['-1']
      Pragma: [no-cache]
      Strict-Transport-Security: [max-age=31536000; includeSubDomains]
      Vary: [Accept-Encoding]
      content-length: ['20']
    status: {code: 200, message: OK}
- request:
    body: null
    headers:
      Accept: [application/json]
      Accept-Encoding: ['gzip, deflate']
      Connection: [keep-alive]
      Content-Type: [application/json; charset=utf-8]
      User-Agent: [python/3.5.3 (Windows-10-10.0.16299-SP0) requests/2.18.4 msrest/0.4.19
          msrest_azure/0.4.17 resourcemanagementclient/1.2.1 Azure-SDK-For-Python
          AZURECLI/TEST/2.0.22]
      accept-language: [en-US]
      x-ms-client-request-id: [04aac364-d552-11e7-9060-a0b3ccf7272a]
    method: GET
    uri: https://management.azure.com/subscriptions/00000000-0000-0000-0000-000000000000/resourcegroups/cli_test_vmss_create_custom_data/providers/Microsoft.Resources/deployments/mock-deployment/operationStatuses/08586896134943410009?api-version=2017-05-10
  response:
    body: {string: '{"status":"Running"}'}
    headers:
      Cache-Control: [no-cache]
      Content-Type: [application/json; charset=utf-8]
      Date: ['Wed, 29 Nov 2017 22:12:23 GMT']
      Expires: ['-1']
      Pragma: [no-cache]
      Strict-Transport-Security: [max-age=31536000; includeSubDomains]
      Vary: [Accept-Encoding]
      content-length: ['20']
    status: {code: 200, message: OK}
- request:
    body: null
    headers:
      Accept: [application/json]
      Accept-Encoding: ['gzip, deflate']
      Connection: [keep-alive]
      Content-Type: [application/json; charset=utf-8]
      User-Agent: [python/3.5.3 (Windows-10-10.0.16299-SP0) requests/2.18.4 msrest/0.4.19
          msrest_azure/0.4.17 resourcemanagementclient/1.2.1 Azure-SDK-For-Python
          AZURECLI/TEST/2.0.22]
      accept-language: [en-US]
      x-ms-client-request-id: [04aac364-d552-11e7-9060-a0b3ccf7272a]
    method: GET
    uri: https://management.azure.com/subscriptions/00000000-0000-0000-0000-000000000000/resourcegroups/cli_test_vmss_create_custom_data/providers/Microsoft.Resources/deployments/mock-deployment/operationStatuses/08586896134943410009?api-version=2017-05-10
  response:
    body: {string: '{"status":"Succeeded"}'}
    headers:
      Cache-Control: [no-cache]
      Content-Type: [application/json; charset=utf-8]
      Date: ['Wed, 29 Nov 2017 22:12:54 GMT']
      Expires: ['-1']
      Pragma: [no-cache]
      Strict-Transport-Security: [max-age=31536000; includeSubDomains]
      Vary: [Accept-Encoding]
      content-length: ['22']
    status: {code: 200, message: OK}
- request:
    body: null
    headers:
      Accept: [application/json]
      Accept-Encoding: ['gzip, deflate']
      Connection: [keep-alive]
      Content-Type: [application/json; charset=utf-8]
      User-Agent: [python/3.5.3 (Windows-10-10.0.16299-SP0) requests/2.18.4 msrest/0.4.19
          msrest_azure/0.4.17 resourcemanagementclient/1.2.1 Azure-SDK-For-Python
          AZURECLI/TEST/2.0.22]
      accept-language: [en-US]
      x-ms-client-request-id: [04aac364-d552-11e7-9060-a0b3ccf7272a]
    method: GET
    uri: https://management.azure.com/subscriptions/00000000-0000-0000-0000-000000000000/resourcegroups/cli_test_vmss_create_custom_data/providers/Microsoft.Resources/deployments/mock-deployment?api-version=2017-05-10
  response:
    body: {string: '{"id":"/subscriptions/00000000-0000-0000-0000-000000000000/resourceGroups/cli_test_vmss_create_custom_data/providers/Microsoft.Resources/deployments/vmss_deploy_OEMGbHJyA0UQuyJYV2ACoSZLg28A9Ocu","name":"vmss_deploy_OEMGbHJyA0UQuyJYV2ACoSZLg28A9Ocu","properties":{"templateHash":"5262114540295679336","parameters":{},"mode":"Incremental","provisioningState":"Succeeded","timestamp":"2017-11-29T22:12:30.9924228Z","duration":"PT2M39.8557849S","correlationId":"6172c83b-9689-4bf1-b5f7-7a3e5bd5ca8a","providers":[{"namespace":"Microsoft.Network","resourceTypes":[{"resourceType":"virtualNetworks","locations":["westus"]},{"resourceType":"publicIPAddresses","locations":["westus"]},{"resourceType":"loadBalancers","locations":["westus"]}]},{"namespace":"Microsoft.Compute","resourceTypes":[{"resourceType":"virtualMachineScaleSets","locations":["westus"]}]}],"dependencies":[{"dependsOn":[{"id":"/subscriptions/00000000-0000-0000-0000-000000000000/resourceGroups/cli_test_vmss_create_custom_data/providers/Microsoft.Network/virtualNetworks/vmss-custom-dataVNET","resourceType":"Microsoft.Network/virtualNetworks","resourceName":"vmss-custom-dataVNET"},{"id":"/subscriptions/00000000-0000-0000-0000-000000000000/resourceGroups/cli_test_vmss_create_custom_data/providers/Microsoft.Network/publicIPAddresses/vmss-custom-dataLBPublicIP","resourceType":"Microsoft.Network/publicIPAddresses","resourceName":"vmss-custom-dataLBPublicIP"}],"id":"/subscriptions/00000000-0000-0000-0000-000000000000/resourceGroups/cli_test_vmss_create_custom_data/providers/Microsoft.Network/loadBalancers/vmss-custom-dataLB","resourceType":"Microsoft.Network/loadBalancers","resourceName":"vmss-custom-dataLB"},{"dependsOn":[{"id":"/subscriptions/00000000-0000-0000-0000-000000000000/resourceGroups/cli_test_vmss_create_custom_data/providers/Microsoft.Network/virtualNetworks/vmss-custom-dataVNET","resourceType":"Microsoft.Network/virtualNetworks","resourceName":"vmss-custom-dataVNET"},{"id":"/subscriptions/00000000-0000-0000-0000-000000000000/resourceGroups/cli_test_vmss_create_custom_data/providers/Microsoft.Network/loadBalancers/vmss-custom-dataLB","resourceType":"Microsoft.Network/loadBalancers","resourceName":"vmss-custom-dataLB"}],"id":"/subscriptions/00000000-0000-0000-0000-000000000000/resourceGroups/cli_test_vmss_create_custom_data/providers/Microsoft.Compute/virtualMachineScaleSets/vmss-custom-data","resourceType":"Microsoft.Compute/virtualMachineScaleSets","resourceName":"vmss-custom-data"}],"outputs":{"vmss":{"type":"Object","value":{"singlePlacementGroup":true,"upgradePolicy":{"mode":"Manual","automaticOSUpgrade":false},"virtualMachineProfile":{"osProfile":{"computerNamePrefix":"vmssc7439","adminUsername":"deploy","linuxConfiguration":{"disablePasswordAuthentication":true,"ssh":{"publicKeys":[{"path":"/home/deploy/.ssh/authorized_keys","keyData":"ssh-rsa
        AAAAB3NzaC1yc2EAAAADAQABAAACAQCbIg1guRHbI0lV11wWDt1r2cUdcNd27CJsg+SfgC7miZeubtwUhbsPdhMQsfDyhOWHq1+ZL0M+nJZV63d/1dhmhtgyOqejUwrPlzKhydsbrsdUor+JmNJDdW01v7BXHyuymT8G4s09jCasNOwiufbP/qp72ruu0bIA1nySsvlf9pCQAuFkAnVnf/rFhUlOkhtRpwcq8SUNY2zRHR/EKb/4NWY1JzR4sa3q2fWIJdrrX0DvLoa5g9bIEd4Df79ba7v+yiUBOS0zT2ll+z4g9izHK3EO5d8hL4jYxcjKs+wcslSYRWrascfscLgMlMGh0CdKeNTDjHpGPncaf3Z+FwwwjWeuiNBxv7bJo13/8B/098KlVDl4GZqsoBCEjPyJfV6hO0y/LkRGkk7oHWKgeWAfKtfLItRp00eZ4fcJNK9kCaSMmEugoZWcI7NGbZXzqFWqbpRI7NcDP9+WIQ+i9U5vqWsqd/zng4kbuAJ6UuKqIzB0upYrLShfQE3SAck8oaLhJqqq56VfDuASNpJKidV+zq27HfSBmbXnkR/5AK337dc3MXKJypoK/QPMLKUAP5XLPbs+NddJQV7EZXd29DLgp+fRIg3edpKdO7ZErWhv7d+3Kws+e1Y+ypmR2WIVSwVyBEUfgv2C8Ts9gnTF4pNcEY/S2aBicz5Ew2+jdyGNQQ==
        test@example.com\n"}]}},"secrets":[]},"storageProfile":{"osDisk":{"createOption":"FromImage","caching":"ReadWrite","managedDisk":{"storageAccountType":"Standard_LRS"}},"imageReference":{"publisher":"credativ","offer":"Debian","sku":"8","version":"latest"}},"networkProfile":{"networkInterfaceConfigurations":[{"name":"vmssc7439Nic","properties":{"primary":true,"enableAcceleratedNetworking":false,"dnsSettings":{"dnsServers":[]},"ipConfigurations":[{"name":"vmssc7439IPConfig","properties":{"subnet":{"id":"/subscriptions/00000000-0000-0000-0000-000000000000/resourceGroups/cli_test_vmss_create_custom_data/providers/Microsoft.Network/virtualNetworks/vmss-custom-dataVNET/subnets/vmss-custom-dataSubnet"},"privateIPAddressVersion":"IPv4","loadBalancerBackendAddressPools":[{"id":"/subscriptions/00000000-0000-0000-0000-000000000000/resourceGroups/cli_test_vmss_create_custom_data/providers/Microsoft.Network/loadBalancers/vmss-custom-dataLB/backendAddressPools/vmss-custom-dataLBBEPool"}],"loadBalancerInboundNatPools":[{"id":"/subscriptions/00000000-0000-0000-0000-000000000000/resourceGroups/cli_test_vmss_create_custom_data/providers/Microsoft.Network/loadBalancers/vmss-custom-dataLB/inboundNatPools/vmss-custom-dataLBNatPool"}]}}]}}]}},"provisioningState":"Succeeded","overprovision":true,"uniqueId":"a5066a03-b94e-418a-b0a7-30d9804fbbac"}}},"outputResources":[{"id":"/subscriptions/00000000-0000-0000-0000-000000000000/resourceGroups/cli_test_vmss_create_custom_data/providers/Microsoft.Compute/virtualMachineScaleSets/vmss-custom-data"},{"id":"/subscriptions/00000000-0000-0000-0000-000000000000/resourceGroups/cli_test_vmss_create_custom_data/providers/Microsoft.Network/loadBalancers/vmss-custom-dataLB"},{"id":"/subscriptions/00000000-0000-0000-0000-000000000000/resourceGroups/cli_test_vmss_create_custom_data/providers/Microsoft.Network/publicIPAddresses/vmss-custom-dataLBPublicIP"},{"id":"/subscriptions/00000000-0000-0000-0000-000000000000/resourceGroups/cli_test_vmss_create_custom_data/providers/Microsoft.Network/virtualNetworks/vmss-custom-dataVNET"}]}}'}
    headers:
      Cache-Control: [no-cache]
      Content-Type: [application/json; charset=utf-8]
      Date: ['Wed, 29 Nov 2017 22:12:54 GMT']
      Expires: ['-1']
      Pragma: [no-cache]
      Strict-Transport-Security: [max-age=31536000; includeSubDomains]
      Vary: [Accept-Encoding]
      content-length: ['5730']
    status: {code: 200, message: OK}
- request:
    body: null
    headers:
      Accept: [application/json]
      Accept-Encoding: ['gzip, deflate']
      Connection: [keep-alive]
      Content-Type: [application/json; charset=utf-8]
      User-Agent: [python/3.5.3 (Windows-10-10.0.16299-SP0) requests/2.18.4 msrest/0.4.19
          msrest_azure/0.4.17 computemanagementclient/3.0.1 Azure-SDK-For-Python AZURECLI/TEST/2.0.22]
      accept-language: [en-US]
      x-ms-client-request-id: [73b6fc6e-d552-11e7-9d20-a0b3ccf7272a]
    method: GET
    uri: https://management.azure.com/subscriptions/00000000-0000-0000-0000-000000000000/resourceGroups/cli_test_vmss_create_custom_data/providers/Microsoft.Compute/virtualMachineScaleSets/vmss-custom-data?api-version=2017-03-30
  response:
    body: {string: "{\r\n  \"sku\": {\r\n    \"name\": \"Standard_D1_v2\",\r\n   \
        \ \"tier\": \"Standard\",\r\n    \"capacity\": 2\r\n  },\r\n  \"properties\"\
        : {\r\n    \"singlePlacementGroup\": true,\r\n    \"upgradePolicy\": {\r\n\
        \      \"mode\": \"Manual\",\r\n      \"automaticOSUpgrade\": false\r\n  \
        \  },\r\n    \"virtualMachineProfile\": {\r\n      \"osProfile\": {\r\n  \
        \      \"computerNamePrefix\": \"vmssc7439\",\r\n        \"adminUsername\"\
        : \"deploy\",\r\n        \"linuxConfiguration\": {\r\n          \"disablePasswordAuthentication\"\
        : true,\r\n          \"ssh\": {\r\n            \"publicKeys\": [\r\n     \
        \         {\r\n                \"path\": \"/home/deploy/.ssh/authorized_keys\"\
        ,\r\n                \"keyData\": \"ssh-rsa AAAAB3NzaC1yc2EAAAADAQABAAACAQCbIg1guRHbI0lV11wWDt1r2cUdcNd27CJsg+SfgC7miZeubtwUhbsPdhMQsfDyhOWHq1+ZL0M+nJZV63d/1dhmhtgyOqejUwrPlzKhydsbrsdUor+JmNJDdW01v7BXHyuymT8G4s09jCasNOwiufbP/qp72ruu0bIA1nySsvlf9pCQAuFkAnVnf/rFhUlOkhtRpwcq8SUNY2zRHR/EKb/4NWY1JzR4sa3q2fWIJdrrX0DvLoa5g9bIEd4Df79ba7v+yiUBOS0zT2ll+z4g9izHK3EO5d8hL4jYxcjKs+wcslSYRWrascfscLgMlMGh0CdKeNTDjHpGPncaf3Z+FwwwjWeuiNBxv7bJo13/8B/098KlVDl4GZqsoBCEjPyJfV6hO0y/LkRGkk7oHWKgeWAfKtfLItRp00eZ4fcJNK9kCaSMmEugoZWcI7NGbZXzqFWqbpRI7NcDP9+WIQ+i9U5vqWsqd/zng4kbuAJ6UuKqIzB0upYrLShfQE3SAck8oaLhJqqq56VfDuASNpJKidV+zq27HfSBmbXnkR/5AK337dc3MXKJypoK/QPMLKUAP5XLPbs+NddJQV7EZXd29DLgp+fRIg3edpKdO7ZErWhv7d+3Kws+e1Y+ypmR2WIVSwVyBEUfgv2C8Ts9gnTF4pNcEY/S2aBicz5Ew2+jdyGNQQ==\
        \ test@example.com\\n\"\r\n              }\r\n            ]\r\n          }\r\
        \n        },\r\n        \"secrets\": []\r\n      },\r\n      \"storageProfile\"\
        : {\r\n        \"osDisk\": {\r\n          \"createOption\": \"FromImage\"\
        ,\r\n          \"caching\": \"ReadWrite\",\r\n          \"managedDisk\": {\r\
        \n            \"storageAccountType\": \"Standard_LRS\"\r\n          }\r\n\
        \        },\r\n        \"imageReference\": {\r\n          \"publisher\": \"\
        credativ\",\r\n          \"offer\": \"Debian\",\r\n          \"sku\": \"8\"\
        ,\r\n          \"version\": \"latest\"\r\n        }\r\n      },\r\n      \"\
        networkProfile\": {\"networkInterfaceConfigurations\":[{\"name\":\"vmssc7439Nic\"\
        ,\"properties\":{\"primary\":true,\"enableAcceleratedNetworking\":false,\"\
        dnsSettings\":{\"dnsServers\":[]},\"ipConfigurations\":[{\"name\":\"vmssc7439IPConfig\"\
        ,\"properties\":{\"subnet\":{\"id\":\"/subscriptions/00000000-0000-0000-0000-000000000000/resourceGroups/cli_test_vmss_create_custom_data/providers/Microsoft.Network/virtualNetworks/vmss-custom-dataVNET/subnets/vmss-custom-dataSubnet\"\
        },\"privateIPAddressVersion\":\"IPv4\",\"loadBalancerBackendAddressPools\"\
        :[{\"id\":\"/subscriptions/00000000-0000-0000-0000-000000000000/resourceGroups/cli_test_vmss_create_custom_data/providers/Microsoft.Network/loadBalancers/vmss-custom-dataLB/backendAddressPools/vmss-custom-dataLBBEPool\"\
        }],\"loadBalancerInboundNatPools\":[{\"id\":\"/subscriptions/00000000-0000-0000-0000-000000000000/resourceGroups/cli_test_vmss_create_custom_data/providers/Microsoft.Network/loadBalancers/vmss-custom-dataLB/inboundNatPools/vmss-custom-dataLBNatPool\"\
        }]}}]}}]}\r\n    },\r\n    \"provisioningState\": \"Succeeded\",\r\n    \"\
        overprovision\": true,\r\n    \"uniqueId\": \"a5066a03-b94e-418a-b0a7-30d9804fbbac\"\
        \r\n  },\r\n  \"type\": \"Microsoft.Compute/virtualMachineScaleSets\",\r\n\
        \  \"location\": \"westus\",\r\n  \"tags\": {},\r\n  \"id\": \"/subscriptions/00000000-0000-0000-0000-000000000000/resourceGroups/cli_test_vmss_create_custom_data/providers/Microsoft.Compute/virtualMachineScaleSets/vmss-custom-data\"\
        ,\r\n  \"name\": \"vmss-custom-data\"\r\n}"}
    headers:
      Cache-Control: [no-cache]
      Content-Type: [application/json; charset=utf-8]
      Date: ['Wed, 29 Nov 2017 22:12:55 GMT']
      Expires: ['-1']
      Pragma: [no-cache]
      Server: [Microsoft-HTTPAPI/2.0, Microsoft-HTTPAPI/2.0]
      Strict-Transport-Security: [max-age=31536000; includeSubDomains]
      Transfer-Encoding: [chunked]
      Vary: [Accept-Encoding]
      content-length: ['3307']
      x-ms-ratelimit-remaining-resource: ['Microsoft.Compute/GetVMScaleSet3Min;220,Microsoft.Compute/GetVMScaleSet30Min;1065']
    status: {code: 200, message: OK}
version: 1
