interactions:
- request:
    body: null
    headers:
      Accept: [application/json]
      Accept-Encoding: ['gzip, deflate']
      Connection: [keep-alive]
      Content-Type: [application/json; charset=utf-8]
      User-Agent: [python/3.5.3 (Windows-10-10.0.15063-SP0) requests/2.9.1 msrest/0.4.11
          msrest_azure/0.4.11 computemanagementclient/2.0.0 Azure-SDK-For-Python AZURECLI/TEST/2.0.10+dev]
      accept-language: [en-US]
      x-ms-client-request-id: [317fdf40-5df0-11e7-9564-64510658e3b3]
    method: GET
    uri: https://management.azure.com/subscriptions/00000000-0000-0000-0000-000000000000/providers/Microsoft.Compute/locations/westus/publishers/Microsoft.Azure.Diagnostics/artifacttypes/vmextension/types?api-version=2017-03-30
  response:
    body: {string: "[\r\n  {\r\n    \"location\": \"westus\",\r\n    \"name\": \"\
        IaaSDiagnostics\",\r\n    \"id\": \"/Subscriptions/0b1f6471-1bf0-4dda-aec3-cb9272f09590/Providers/Microsoft.Compute/Locations/westus/Publishers/Microsoft.Azure.Diagnostics/ArtifactTypes/VMExtension/Types/IaaSDiagnostics\"\
        \r\n  },\r\n  {\r\n    \"location\": \"westus\",\r\n    \"name\": \"LinuxDiagnostic\"\
        ,\r\n    \"id\": \"/Subscriptions/0b1f6471-1bf0-4dda-aec3-cb9272f09590/Providers/Microsoft.Compute/Locations/westus/Publishers/Microsoft.Azure.Diagnostics/ArtifactTypes/VMExtension/Types/LinuxDiagnostic\"\
        \r\n  }\r\n]"}
    headers:
      Cache-Control: [no-cache]
      Content-Type: [application/json; charset=utf-8]
      Date: ['Fri, 30 Jun 2017 23:59:46 GMT']
      Expires: ['-1']
      Pragma: [no-cache]
      Server: [Microsoft-HTTPAPI/2.0, Microsoft-HTTPAPI/2.0]
      Strict-Transport-Security: [max-age=31536000; includeSubDomains]
      Transfer-Encoding: [chunked]
      Vary: [Accept-Encoding]
      content-length: ['537']
    status: {code: 200, message: OK}
- request:
    body: null
    headers:
      Accept: [application/json]
      Accept-Encoding: ['gzip, deflate']
      Connection: [keep-alive]
      Content-Type: [application/json; charset=utf-8]
      User-Agent: [python/3.5.3 (Windows-10-10.0.15063-SP0) requests/2.9.1 msrest/0.4.11
          msrest_azure/0.4.11 computemanagementclient/2.0.0 Azure-SDK-For-Python AZURECLI/TEST/2.0.10+dev]
      accept-language: [en-US]
      x-ms-client-request-id: [31c838d3-5df0-11e7-b907-64510658e3b3]
    method: GET
    uri: https://management.azure.com/subscriptions/00000000-0000-0000-0000-000000000000/providers/Microsoft.Compute/locations/westus/publishers/Microsoft.Azure.Diagnostics/artifacttypes/vmextension/types/IaaSDiagnostics/versions?api-version=2017-03-30
  response:
    body: {string: "[\r\n  {\r\n    \"location\": \"westus\",\r\n    \"name\": \"\
        1.1.0.0\",\r\n    \"id\": \"/Subscriptions/0b1f6471-1bf0-4dda-aec3-cb9272f09590/Providers/Microsoft.Compute/Locations/westus/Publishers/Microsoft.Azure.Diagnostics/ArtifactTypes/VMExtension/Types/IaaSDiagnostics/Versions/1.1.0.0\"\
        \r\n  },\r\n  {\r\n    \"location\": \"westus\",\r\n    \"name\": \"1.10.0.0\"\
        ,\r\n    \"id\": \"/Subscriptions/0b1f6471-1bf0-4dda-aec3-cb9272f09590/Providers/Microsoft.Compute/Locations/westus/Publishers/Microsoft.Azure.Diagnostics/ArtifactTypes/VMExtension/Types/IaaSDiagnostics/Versions/1.10.0.0\"\
        \r\n  },\r\n  {\r\n    \"location\": \"westus\",\r\n    \"name\": \"1.10.0.1\"\
        ,\r\n    \"id\": \"/Subscriptions/0b1f6471-1bf0-4dda-aec3-cb9272f09590/Providers/Microsoft.Compute/Locations/westus/Publishers/Microsoft.Azure.Diagnostics/ArtifactTypes/VMExtension/Types/IaaSDiagnostics/Versions/1.10.0.1\"\
        \r\n  },\r\n  {\r\n    \"location\": \"westus\",\r\n    \"name\": \"1.2.0.0\"\
        ,\r\n    \"id\": \"/Subscriptions/0b1f6471-1bf0-4dda-aec3-cb9272f09590/Providers/Microsoft.Compute/Locations/westus/Publishers/Microsoft.Azure.Diagnostics/ArtifactTypes/VMExtension/Types/IaaSDiagnostics/Versions/1.2.0.0\"\
        \r\n  },\r\n  {\r\n    \"location\": \"westus\",\r\n    \"name\": \"1.3.1.6\"\
        ,\r\n    \"id\": \"/Subscriptions/0b1f6471-1bf0-4dda-aec3-cb9272f09590/Providers/Microsoft.Compute/Locations/westus/Publishers/Microsoft.Azure.Diagnostics/ArtifactTypes/VMExtension/Types/IaaSDiagnostics/Versions/1.3.1.6\"\
        \r\n  },\r\n  {\r\n    \"location\": \"westus\",\r\n    \"name\": \"1.4.2.1\"\
        ,\r\n    \"id\": \"/Subscriptions/0b1f6471-1bf0-4dda-aec3-cb9272f09590/Providers/Microsoft.Compute/Locations/westus/Publishers/Microsoft.Azure.Diagnostics/ArtifactTypes/VMExtension/Types/IaaSDiagnostics/Versions/1.4.2.1\"\
        \r\n  },\r\n  {\r\n    \"location\": \"westus\",\r\n    \"name\": \"1.5.9.0\"\
        ,\r\n    \"id\": \"/Subscriptions/0b1f6471-1bf0-4dda-aec3-cb9272f09590/Providers/Microsoft.Compute/Locations/westus/Publishers/Microsoft.Azure.Diagnostics/ArtifactTypes/VMExtension/Types/IaaSDiagnostics/Versions/1.5.9.0\"\
        \r\n  },\r\n  {\r\n    \"location\": \"westus\",\r\n    \"name\": \"1.6.2.0\"\
        ,\r\n    \"id\": \"/Subscriptions/0b1f6471-1bf0-4dda-aec3-cb9272f09590/Providers/Microsoft.Compute/Locations/westus/Publishers/Microsoft.Azure.Diagnostics/ArtifactTypes/VMExtension/Types/IaaSDiagnostics/Versions/1.6.2.0\"\
        \r\n  },\r\n  {\r\n    \"location\": \"westus\",\r\n    \"name\": \"1.6.3.0\"\
        ,\r\n    \"id\": \"/Subscriptions/0b1f6471-1bf0-4dda-aec3-cb9272f09590/Providers/Microsoft.Compute/Locations/westus/Publishers/Microsoft.Azure.Diagnostics/ArtifactTypes/VMExtension/Types/IaaSDiagnostics/Versions/1.6.3.0\"\
        \r\n  },\r\n  {\r\n    \"location\": \"westus\",\r\n    \"name\": \"1.6.4.0\"\
        ,\r\n    \"id\": \"/Subscriptions/0b1f6471-1bf0-4dda-aec3-cb9272f09590/Providers/Microsoft.Compute/Locations/westus/Publishers/Microsoft.Azure.Diagnostics/ArtifactTypes/VMExtension/Types/IaaSDiagnostics/Versions/1.6.4.0\"\
        \r\n  },\r\n  {\r\n    \"location\": \"westus\",\r\n    \"name\": \"1.7.1.0\"\
        ,\r\n    \"id\": \"/Subscriptions/0b1f6471-1bf0-4dda-aec3-cb9272f09590/Providers/Microsoft.Compute/Locations/westus/Publishers/Microsoft.Azure.Diagnostics/ArtifactTypes/VMExtension/Types/IaaSDiagnostics/Versions/1.7.1.0\"\
        \r\n  },\r\n  {\r\n    \"location\": \"westus\",\r\n    \"name\": \"1.7.3.0\"\
        ,\r\n    \"id\": \"/Subscriptions/0b1f6471-1bf0-4dda-aec3-cb9272f09590/Providers/Microsoft.Compute/Locations/westus/Publishers/Microsoft.Azure.Diagnostics/ArtifactTypes/VMExtension/Types/IaaSDiagnostics/Versions/1.7.3.0\"\
        \r\n  },\r\n  {\r\n    \"location\": \"westus\",\r\n    \"name\": \"1.7.4.0\"\
        ,\r\n    \"id\": \"/Subscriptions/0b1f6471-1bf0-4dda-aec3-cb9272f09590/Providers/Microsoft.Compute/Locations/westus/Publishers/Microsoft.Azure.Diagnostics/ArtifactTypes/VMExtension/Types/IaaSDiagnostics/Versions/1.7.4.0\"\
        \r\n  },\r\n  {\r\n    \"location\": \"westus\",\r\n    \"name\": \"1.8.0.0\"\
        ,\r\n    \"id\": \"/Subscriptions/0b1f6471-1bf0-4dda-aec3-cb9272f09590/Providers/Microsoft.Compute/Locations/westus/Publishers/Microsoft.Azure.Diagnostics/ArtifactTypes/VMExtension/Types/IaaSDiagnostics/Versions/1.8.0.0\"\
        \r\n  },\r\n  {\r\n    \"location\": \"westus\",\r\n    \"name\": \"1.8.1.0\"\
        ,\r\n    \"id\": \"/Subscriptions/0b1f6471-1bf0-4dda-aec3-cb9272f09590/Providers/Microsoft.Compute/Locations/westus/Publishers/Microsoft.Azure.Diagnostics/ArtifactTypes/VMExtension/Types/IaaSDiagnostics/Versions/1.8.1.0\"\
        \r\n  },\r\n  {\r\n    \"location\": \"westus\",\r\n    \"name\": \"1.9.0.0\"\
        ,\r\n    \"id\": \"/Subscriptions/0b1f6471-1bf0-4dda-aec3-cb9272f09590/Providers/Microsoft.Compute/Locations/westus/Publishers/Microsoft.Azure.Diagnostics/ArtifactTypes/VMExtension/Types/IaaSDiagnostics/Versions/1.9.0.0\"\
        \r\n  }\r\n]"}
    headers:
      Cache-Control: [no-cache]
      Content-Type: [application/json; charset=utf-8]
      Date: ['Fri, 30 Jun 2017 23:59:46 GMT']
      Expires: ['-1']
      Pragma: [no-cache]
      Server: [Microsoft-HTTPAPI/2.0, Microsoft-HTTPAPI/2.0]
      Strict-Transport-Security: [max-age=31536000; includeSubDomains]
      Transfer-Encoding: [chunked]
      Vary: [Accept-Encoding]
      content-length: ['4423']
    status: {code: 200, message: OK}
- request:
    body: null
    headers:
      Accept: [application/json]
      Accept-Encoding: ['gzip, deflate']
      Connection: [keep-alive]
      Content-Type: [application/json; charset=utf-8]
      User-Agent: [python/3.5.3 (Windows-10-10.0.15063-SP0) requests/2.9.1 msrest/0.4.11
          msrest_azure/0.4.11 computemanagementclient/2.0.0 Azure-SDK-For-Python AZURECLI/TEST/2.0.10+dev]
      accept-language: [en-US]
      x-ms-client-request-id: [31e251d1-5df0-11e7-b06c-64510658e3b3]
    method: GET
    uri: https://management.azure.com/subscriptions/00000000-0000-0000-0000-000000000000/providers/Microsoft.Compute/locations/westus/publishers/Microsoft.Azure.Diagnostics/artifacttypes/vmextension/types/IaaSDiagnostics/versions/1.6.4.0?api-version=2017-03-30
  response:
    body: {string: "{\r\n  \"properties\": {\r\n    \"operatingSystem\": \"Windows\"\
        ,\r\n    \"computeRole\": \"IaaS\",\r\n    \"vmScaleSetEnabled\": false,\r\
        \n    \"supportsMultipleExtensions\": false\r\n  },\r\n  \"location\": \"\
        westus\",\r\n  \"name\": \"1.6.4.0\",\r\n  \"id\": \"/Subscriptions/0b1f6471-1bf0-4dda-aec3-cb9272f09590/Providers/Microsoft.Compute/Locations/westus/Publishers/Microsoft.Azure.Diagnostics/ArtifactTypes/VMExtension/Types/IaaSDiagnostics/Versions/1.6.4.0\"\
        \r\n}"}
    headers:
      Cache-Control: [no-cache]
      Content-Type: [application/json; charset=utf-8]
      Date: ['Fri, 30 Jun 2017 23:59:46 GMT']
      Expires: ['-1']
      Pragma: [no-cache]
      Server: [Microsoft-HTTPAPI/2.0, Microsoft-HTTPAPI/2.0]
      Strict-Transport-Security: [max-age=31536000; includeSubDomains]
      Transfer-Encoding: [chunked]
      Vary: [Accept-Encoding]
      content-length: ['425']
    status: {code: 200, message: OK}
version: 1
