interactions:
- request:
    body: null
    headers:
      Accept: [application/json]
      Accept-Encoding: ['gzip, deflate']
      Connection: [keep-alive]
      Content-Type: [application/json; charset=utf-8]
      User-Agent: [python/3.5.3 (Windows-10-10.0.15063-SP0) requests/2.9.1 msrest/0.4.13
          msrest_azure/0.4.11 resourcemanagementclient/1.1.0 Azure-SDK-For-Python
          AZURECLI/TEST/2.0.13+dev]
      accept-language: [en-US]
      x-ms-client-request-id: [53572262-8845-11e7-8126-a0b3ccf7272a]
    method: GET
    uri: https://management.azure.com/subscriptions/00000000-0000-0000-0000-000000000000/resourcegroups/cli_test_vm_with_specialized_unmanaged_disk?api-version=2017-05-10
  response:
    body: {string: '{"id":"/subscriptions/00000000-0000-0000-0000-000000000000/resourceGroups/cli_test_vm_with_specialized_unmanaged_disk","name":"cli_test_vm_with_specialized_unmanaged_disk","location":"westus","tags":{"use":"az-test"},"properties":{"provisioningState":"Succeeded"}}'}
    headers:
      Cache-Control: [no-cache]
      Content-Type: [application/json; charset=utf-8]
      Date: ['Wed, 23 Aug 2017 20:54:58 GMT']
      Expires: ['-1']
      Pragma: [no-cache]
      Strict-Transport-Security: [max-age=31536000; includeSubDomains]
      Vary: [Accept-Encoding]
      content-length: ['276']
    status: {code: 200, message: OK}
- request:
    body: null
    headers:
      Connection: [close]
      Host: [raw.githubusercontent.com]
      User-Agent: [Python-urllib/3.5]
    method: GET
    uri: https://raw.githubusercontent.com/Azure/azure-rest-api-specs/master/arm-compute/quickstart-templates/aliases.json
  response:
    body: {string: "{\n  \"$schema\":\"http://schema.management.azure.com/schemas/2015-01-01/deploymentTemplate.json\"\
        ,\n  \"contentVersion\":\"1.0.0.0\",\n  \"parameters\":{},\n  \"variables\"\
        :{},\n  \"resources\":[],\n\n  \"outputs\":{\n    \"aliases\":{\n      \"\
        type\":\"object\",\n      \"value\":{\n\n        \"Linux\":{\n          \"\
        CentOS\":{\n            \"publisher\":\"OpenLogic\",\n            \"offer\"\
        :\"CentOS\",\n            \"sku\":\"7.3\",\n            \"version\":\"latest\"\
        \n          },\n          \"CoreOS\":{\n            \"publisher\":\"CoreOS\"\
        ,\n            \"offer\":\"CoreOS\",\n            \"sku\":\"Stable\",\n  \
        \          \"version\":\"latest\"\n          },\n          \"Debian\":{\n\
        \            \"publisher\":\"credativ\",\n            \"offer\":\"Debian\"\
        ,\n            \"sku\":\"8\",\n            \"version\":\"latest\"\n      \
        \    },\n          \"openSUSE-Leap\": {\n            \"publisher\":\"SUSE\"\
        ,\n            \"offer\":\"openSUSE-Leap\",\n            \"sku\":\"42.2\"\
        ,\n            \"version\": \"latest\"\n          },\n          \"RHEL\":{\n\
        \            \"publisher\":\"RedHat\",\n            \"offer\":\"RHEL\",\n\
        \            \"sku\":\"7.3\",\n            \"version\":\"latest\"\n      \
        \    },\n          \"SLES\":{\n            \"publisher\":\"SUSE\",\n     \
        \       \"offer\":\"SLES\",\n            \"sku\":\"12-SP2\",\n           \
        \ \"version\":\"latest\"\n          },\n          \"UbuntuLTS\":{\n      \
        \      \"publisher\":\"Canonical\",\n            \"offer\":\"UbuntuServer\"\
        ,\n            \"sku\":\"16.04-LTS\",\n            \"version\":\"latest\"\n\
        \          }\n        },\n\n        \"Windows\":{\n          \"Win2016Datacenter\"\
        :{\n            \"publisher\":\"MicrosoftWindowsServer\",\n            \"\
        offer\":\"WindowsServer\",\n            \"sku\":\"2016-Datacenter\",\n   \
        \         \"version\":\"latest\"\n          },\n          \"Win2012R2Datacenter\"\
        :{\n            \"publisher\":\"MicrosoftWindowsServer\",\n            \"\
        offer\":\"WindowsServer\",\n            \"sku\":\"2012-R2-Datacenter\",\n\
        \            \"version\":\"latest\"\n          },\n          \"Win2012Datacenter\"\
        :{\n            \"publisher\":\"MicrosoftWindowsServer\",\n            \"\
        offer\":\"WindowsServer\",\n            \"sku\":\"2012-Datacenter\",\n   \
        \         \"version\":\"latest\"\n          },\n          \"Win2008R2SP1\"\
        :{\n            \"publisher\":\"MicrosoftWindowsServer\",\n            \"\
        offer\":\"WindowsServer\",\n            \"sku\":\"2008-R2-SP1\",\n       \
        \     \"version\":\"latest\"\n          }\n        }\n      }\n    }\n  }\n\
        }\n"}
    headers:
      Accept-Ranges: [bytes]
      Access-Control-Allow-Origin: ['*']
      Cache-Control: [max-age=300]
      Connection: [close]
      Content-Length: ['2235']
      Content-Security-Policy: [default-src 'none'; style-src 'unsafe-inline']
      Content-Type: [text/plain; charset=utf-8]
      Date: ['Wed, 23 Aug 2017 20:54:59 GMT']
      ETag: ['"d6824855d13e27c5258a680eb60f635d088fd05e"']
      Expires: ['Wed, 23 Aug 2017 20:59:59 GMT']
      Source-Age: ['49']
      Strict-Transport-Security: [max-age=31536000]
      Vary: ['Authorization,Accept-Encoding']
      Via: [1.1 varnish]
      X-Cache: [HIT]
      X-Cache-Hits: ['1']
      X-Content-Type-Options: [nosniff]
      X-Fastly-Request-ID: [3fe65534b01cbcb7d75556cca94bcbb4cf85914c]
      X-Frame-Options: [deny]
      X-Geo-Block-List: ['']
      X-GitHub-Request-Id: ['E622:100D1:ACA83:B5E62:599DEB72']
      X-Served-By: [cache-dfw1845-DFW]
      X-Timer: ['S1503521699.425555,VS0,VE1']
      X-XSS-Protection: [1; mode=block]
    status: {code: 200, message: OK}
- request:
    body: null
    headers:
      Accept: [application/json]
      Accept-Encoding: ['gzip, deflate']
      Connection: [keep-alive]
      Content-Type: [application/json; charset=utf-8]
      User-Agent: [python/3.5.3 (Windows-10-10.0.15063-SP0) requests/2.9.1 msrest/0.4.13
          msrest_azure/0.4.11 storagemanagementclient/1.2.0 Azure-SDK-For-Python AZURECLI/TEST/2.0.13+dev]
      accept-language: [en-US]
      x-ms-client-request-id: [5391d968-8845-11e7-9b68-a0b3ccf7272a]
    method: GET
    uri: https://management.azure.com/subscriptions/00000000-0000-0000-0000-000000000000/resourceGroups/cli_test_vm_with_specialized_unmanaged_disk/providers/Microsoft.Storage/storageAccounts?api-version=2017-06-01
  response:
    body: {string: '{"value":[]}'}
    headers:
      Cache-Control: [no-cache]
      Content-Type: [application/json; charset=utf-8]
      Date: ['Wed, 23 Aug 2017 20:54:58 GMT']
      Expires: ['-1']
      Pragma: [no-cache]
      Strict-Transport-Security: [max-age=31536000; includeSubDomains]
      Vary: [Accept-Encoding]
      content-length: ['12']
    status: {code: 200, message: OK}
- request:
    body: null
    headers:
      Accept: [application/json]
      Accept-Encoding: ['gzip, deflate']
      Connection: [keep-alive]
      Content-Type: [application/json; charset=utf-8]
      User-Agent: [python/3.5.3 (Windows-10-10.0.15063-SP0) requests/2.9.1 msrest/0.4.13
          msrest_azure/0.4.11 networkmanagementclient/1.4.0 Azure-SDK-For-Python AZURECLI/TEST/2.0.13+dev]
      accept-language: [en-US]
      x-ms-client-request-id: [53c0f466-8845-11e7-8d06-a0b3ccf7272a]
    method: GET
    uri: https://management.azure.com/subscriptions/00000000-0000-0000-0000-000000000000/resourceGroups/cli_test_vm_with_specialized_unmanaged_disk/providers/Microsoft.Network/virtualNetworks?api-version=2017-08-01
  response:
    body: {string: '{"value":[]}'}
    headers:
      Cache-Control: [no-cache]
      Content-Type: [application/json; charset=utf-8]
      Date: ['Wed, 23 Aug 2017 20:54:59 GMT']
      Expires: ['-1']
      Pragma: [no-cache]
      Strict-Transport-Security: [max-age=31536000; includeSubDomains]
      Vary: [Accept-Encoding]
      content-length: ['12']
    status: {code: 200, message: OK}
- request:
    body: '{"properties": {"parameters": {}, "template": {"$schema": "https://schema.management.azure.com/schemas/2015-01-01/deploymentTemplate.json#",
      "contentVersion": "1.0.0.0", "resources": [{"apiVersion": "2015-06-15", "location":
      "westus", "name": "vhdstoragef94502eed806ae", "type": "Microsoft.Storage/storageAccounts",
      "dependsOn": [], "tags": {}, "properties": {"accountType": "Premium_LRS"}},
      {"apiVersion": "2015-06-15", "location": "westus", "name": "vm1VNET", "type":
      "Microsoft.Network/virtualNetworks", "dependsOn": [], "tags": {}, "properties":
      {"subnets": [{"name": "vm1Subnet", "properties": {"addressPrefix": "10.0.0.0/24"}}],
      "addressSpace": {"addressPrefixes": ["10.0.0.0/16"]}}}, {"apiVersion": "2015-06-15",
      "location": "westus", "name": "vm1NSG", "type": "Microsoft.Network/networkSecurityGroups",
      "dependsOn": [], "tags": {}, "properties": {"securityRules": [{"name": "default-allow-ssh",
      "properties": {"protocol": "Tcp", "sourceAddressPrefix": "*", "destinationAddressPrefix":
      "*", "priority": 1000, "access": "Allow", "sourcePortRange": "*", "destinationPortRange":
      "22", "direction": "Inbound"}}]}}, {"apiVersion": "2015-06-15", "location":
      "westus", "name": "vm1PublicIP", "type": "Microsoft.Network/publicIPAddresses",
      "dependsOn": [], "tags": {}, "properties": {"publicIPAllocationMethod": "dynamic"}},
      {"apiVersion": "2015-06-15", "location": "westus", "name": "vm1VMNic", "type":
      "Microsoft.Network/networkInterfaces", "dependsOn": ["Microsoft.Network/virtualNetworks/vm1VNET",
      "Microsoft.Network/networkSecurityGroups/vm1NSG", "Microsoft.Network/publicIpAddresses/vm1PublicIP"],
      "tags": {}, "properties": {"networkSecurityGroup": {"id": "/subscriptions/0b1f6471-1bf0-4dda-aec3-cb9272f09590/resourceGroups/cli_test_vm_with_specialized_unmanaged_disk/providers/Microsoft.Network/networkSecurityGroups/vm1NSG"},
      "ipConfigurations": [{"name": "ipconfigvm1", "properties": {"subnet": {"id":
      "/subscriptions/0b1f6471-1bf0-4dda-aec3-cb9272f09590/resourceGroups/cli_test_vm_with_specialized_unmanaged_disk/providers/Microsoft.Network/virtualNetworks/vm1VNET/subnets/vm1Subnet"},
      "privateIPAllocationMethod": "Dynamic", "publicIPAddress": {"id": "/subscriptions/0b1f6471-1bf0-4dda-aec3-cb9272f09590/resourceGroups/cli_test_vm_with_specialized_unmanaged_disk/providers/Microsoft.Network/publicIPAddresses/vm1PublicIP"}}}]}},
      {"apiVersion": "2017-03-30", "location": "westus", "name": "vm1", "type": "Microsoft.Compute/virtualMachines",
      "dependsOn": ["Microsoft.Storage/storageAccounts/vhdstoragef94502eed806ae",
      "Microsoft.Network/networkInterfaces/vm1VMNic"], "tags": {}, "properties": {"hardwareProfile":
      {"vmSize": "Standard_DS1_v2"}, "networkProfile": {"networkInterfaces": [{"id":
      "/subscriptions/0b1f6471-1bf0-4dda-aec3-cb9272f09590/resourceGroups/cli_test_vm_with_specialized_unmanaged_disk/providers/Microsoft.Network/networkInterfaces/vm1VMNic"}]},
      "osProfile": {"adminPassword": "testPassword0", "computerName": "vm1", "adminUsername":
      "ubuntu"}, "storageProfile": {"imageReference": {"offer": "Debian", "publisher":
      "credativ", "version": "latest", "sku": "8"}, "osDisk": {"name": "osdisk_f94502eed8",
      "createOption": "fromImage", "vhd": {"uri": "https://vhdstoragef94502eed806ae.blob.core.windows.net/vhds/osdisk_f94502eed8.vhd"},
      "caching": null}}}}], "parameters": {}, "outputs": {}, "variables": {}}, "mode":
      "Incremental"}}'
    headers:
      Accept: [application/json]
      Accept-Encoding: ['gzip, deflate']
      Connection: [keep-alive]
      Content-Length: ['3377']
      Content-Type: [application/json; charset=utf-8]
      User-Agent: [python/3.5.3 (Windows-10-10.0.15063-SP0) requests/2.9.1 msrest/0.4.13
          msrest_azure/0.4.11 resourcemanagementclient/1.1.0 Azure-SDK-For-Python
          AZURECLI/TEST/2.0.13+dev]
      accept-language: [en-US]
      x-ms-client-request-id: [53d87822-8845-11e7-8b34-a0b3ccf7272a]
    method: PUT
    uri: https://management.azure.com/subscriptions/00000000-0000-0000-0000-000000000000/resourcegroups/cli_test_vm_with_specialized_unmanaged_disk/providers/Microsoft.Resources/deployments/mock-deployment?api-version=2017-05-10
  response:
    body: {string: '{"id":"/subscriptions/00000000-0000-0000-0000-000000000000/resourceGroups/cli_test_vm_with_specialized_unmanaged_disk/providers/Microsoft.Resources/deployments/vm_deploy_BnBlRvG9jt0MHcVfazFrKOiYmnQmfIni","name":"vm_deploy_BnBlRvG9jt0MHcVfazFrKOiYmnQmfIni","properties":{"templateHash":"8148818214031785389","parameters":{},"mode":"Incremental","provisioningState":"Accepted","timestamp":"2017-08-23T20:55:01.5597831Z","duration":"PT0.5548406S","correlationId":"6cb9a04d-b047-4d93-8730-7912a28ae244","providers":[{"namespace":"Microsoft.Storage","resourceTypes":[{"resourceType":"storageAccounts","locations":["westus"]}]},{"namespace":"Microsoft.Network","resourceTypes":[{"resourceType":"virtualNetworks","locations":["westus"]},{"resourceType":"networkSecurityGroups","locations":["westus"]},{"resourceType":"publicIPAddresses","locations":["westus"]},{"resourceType":"networkInterfaces","locations":["westus"]}]},{"namespace":"Microsoft.Compute","resourceTypes":[{"resourceType":"virtualMachines","locations":["westus"]}]}],"dependencies":[{"dependsOn":[{"id":"/subscriptions/00000000-0000-0000-0000-000000000000/resourceGroups/cli_test_vm_with_specialized_unmanaged_disk/providers/Microsoft.Network/virtualNetworks/vm1VNET","resourceType":"Microsoft.Network/virtualNetworks","resourceName":"vm1VNET"},{"id":"/subscriptions/00000000-0000-0000-0000-000000000000/resourceGroups/cli_test_vm_with_specialized_unmanaged_disk/providers/Microsoft.Network/networkSecurityGroups/vm1NSG","resourceType":"Microsoft.Network/networkSecurityGroups","resourceName":"vm1NSG"},{"id":"/subscriptions/00000000-0000-0000-0000-000000000000/resourceGroups/cli_test_vm_with_specialized_unmanaged_disk/providers/Microsoft.Network/publicIPAddresses/vm1PublicIP","resourceType":"Microsoft.Network/publicIPAddresses","resourceName":"vm1PublicIP"}],"id":"/subscriptions/00000000-0000-0000-0000-000000000000/resourceGroups/cli_test_vm_with_specialized_unmanaged_disk/providers/Microsoft.Network/networkInterfaces/vm1VMNic","resourceType":"Microsoft.Network/networkInterfaces","resourceName":"vm1VMNic"},{"dependsOn":[{"id":"/subscriptions/00000000-0000-0000-0000-000000000000/resourceGroups/cli_test_vm_with_specialized_unmanaged_disk/providers/Microsoft.Storage/storageAccounts/vhdstoragef94502eed806ae","resourceType":"Microsoft.Storage/storageAccounts","resourceName":"vhdstoragef94502eed806ae"},{"id":"/subscriptions/00000000-0000-0000-0000-000000000000/resourceGroups/cli_test_vm_with_specialized_unmanaged_disk/providers/Microsoft.Network/networkInterfaces/vm1VMNic","resourceType":"Microsoft.Network/networkInterfaces","resourceName":"vm1VMNic"}],"id":"/subscriptions/00000000-0000-0000-0000-000000000000/resourceGroups/cli_test_vm_with_specialized_unmanaged_disk/providers/Microsoft.Compute/virtualMachines/vm1","resourceType":"Microsoft.Compute/virtualMachines","resourceName":"vm1"}]}}'}
    headers:
      Azure-AsyncOperation: ['https://management.azure.com/subscriptions/0b1f6471-1bf0-4dda-aec3-cb9272f09590/resourcegroups/cli_test_vm_with_specialized_unmanaged_disk/providers/Microsoft.Resources/deployments/vm_deploy_BnBlRvG9jt0MHcVfazFrKOiYmnQmfIni/operationStatuses/08586980851844726912?api-version=2017-05-10']
      Cache-Control: [no-cache]
      Content-Length: ['2917']
      Content-Type: [application/json; charset=utf-8]
      Date: ['Wed, 23 Aug 2017 20:55:00 GMT']
      Expires: ['-1']
      Pragma: [no-cache]
      Strict-Transport-Security: [max-age=31536000; includeSubDomains]
      x-ms-ratelimit-remaining-subscription-writes: ['1197']
    status: {code: 201, message: Created}
- request:
    body: null
    headers:
      Accept: [application/json]
      Accept-Encoding: ['gzip, deflate']
      Connection: [keep-alive]
      Content-Type: [application/json; charset=utf-8]
      User-Agent: [python/3.5.3 (Windows-10-10.0.15063-SP0) requests/2.9.1 msrest/0.4.13
          msrest_azure/0.4.11 resourcemanagementclient/1.1.0 Azure-SDK-For-Python
          AZURECLI/TEST/2.0.13+dev]
      accept-language: [en-US]
      x-ms-client-request-id: [53d87822-8845-11e7-8b34-a0b3ccf7272a]
    method: GET
    uri: https://management.azure.com/subscriptions/00000000-0000-0000-0000-000000000000/resourcegroups/cli_test_vm_with_specialized_unmanaged_disk/providers/Microsoft.Resources/deployments/mock-deployment/operationStatuses/08586980851844726912?api-version=2017-05-10
  response:
    body: {string: '{"status":"Running"}'}
    headers:
      Cache-Control: [no-cache]
      Content-Type: [application/json; charset=utf-8]
      Date: ['Wed, 23 Aug 2017 20:55:31 GMT']
      Expires: ['-1']
      Pragma: [no-cache]
      Strict-Transport-Security: [max-age=31536000; includeSubDomains]
      Vary: [Accept-Encoding]
      content-length: ['20']
    status: {code: 200, message: OK}
- request:
    body: null
    headers:
      Accept: [application/json]
      Accept-Encoding: ['gzip, deflate']
      Connection: [keep-alive]
      Content-Type: [application/json; charset=utf-8]
      User-Agent: [python/3.5.3 (Windows-10-10.0.15063-SP0) requests/2.9.1 msrest/0.4.13
          msrest_azure/0.4.11 resourcemanagementclient/1.1.0 Azure-SDK-For-Python
          AZURECLI/TEST/2.0.13+dev]
      accept-language: [en-US]
      x-ms-client-request-id: [53d87822-8845-11e7-8b34-a0b3ccf7272a]
    method: GET
    uri: https://management.azure.com/subscriptions/00000000-0000-0000-0000-000000000000/resourcegroups/cli_test_vm_with_specialized_unmanaged_disk/providers/Microsoft.Resources/deployments/mock-deployment/operationStatuses/08586980851844726912?api-version=2017-05-10
  response:
    body: {string: '{"status":"Running"}'}
    headers:
      Cache-Control: [no-cache]
      Content-Type: [application/json; charset=utf-8]
      Date: ['Wed, 23 Aug 2017 20:56:02 GMT']
      Expires: ['-1']
      Pragma: [no-cache]
      Strict-Transport-Security: [max-age=31536000; includeSubDomains]
      Vary: [Accept-Encoding]
      content-length: ['20']
    status: {code: 200, message: OK}
- request:
    body: null
    headers:
      Accept: [application/json]
      Accept-Encoding: ['gzip, deflate']
      Connection: [keep-alive]
      Content-Type: [application/json; charset=utf-8]
      User-Agent: [python/3.5.3 (Windows-10-10.0.15063-SP0) requests/2.9.1 msrest/0.4.13
          msrest_azure/0.4.11 resourcemanagementclient/1.1.0 Azure-SDK-For-Python
          AZURECLI/TEST/2.0.13+dev]
      accept-language: [en-US]
      x-ms-client-request-id: [53d87822-8845-11e7-8b34-a0b3ccf7272a]
    method: GET
    uri: https://management.azure.com/subscriptions/00000000-0000-0000-0000-000000000000/resourcegroups/cli_test_vm_with_specialized_unmanaged_disk/providers/Microsoft.Resources/deployments/mock-deployment/operationStatuses/08586980851844726912?api-version=2017-05-10
  response:
    body: {string: '{"status":"Running"}'}
    headers:
      Cache-Control: [no-cache]
      Content-Type: [application/json; charset=utf-8]
      Date: ['Wed, 23 Aug 2017 20:56:32 GMT']
      Expires: ['-1']
      Pragma: [no-cache]
      Strict-Transport-Security: [max-age=31536000; includeSubDomains]
      Vary: [Accept-Encoding]
      content-length: ['20']
    status: {code: 200, message: OK}
- request:
    body: null
    headers:
      Accept: [application/json]
      Accept-Encoding: ['gzip, deflate']
      Connection: [keep-alive]
      Content-Type: [application/json; charset=utf-8]
      User-Agent: [python/3.5.3 (Windows-10-10.0.15063-SP0) requests/2.9.1 msrest/0.4.13
          msrest_azure/0.4.11 resourcemanagementclient/1.1.0 Azure-SDK-For-Python
          AZURECLI/TEST/2.0.13+dev]
      accept-language: [en-US]
      x-ms-client-request-id: [53d87822-8845-11e7-8b34-a0b3ccf7272a]
    method: GET
    uri: https://management.azure.com/subscriptions/00000000-0000-0000-0000-000000000000/resourcegroups/cli_test_vm_with_specialized_unmanaged_disk/providers/Microsoft.Resources/deployments/mock-deployment/operationStatuses/08586980851844726912?api-version=2017-05-10
  response:
    body: {string: '{"status":"Running"}'}
    headers:
      Cache-Control: [no-cache]
      Content-Type: [application/json; charset=utf-8]
      Date: ['Wed, 23 Aug 2017 20:57:02 GMT']
      Expires: ['-1']
      Pragma: [no-cache]
      Strict-Transport-Security: [max-age=31536000; includeSubDomains]
      Vary: [Accept-Encoding]
      content-length: ['20']
    status: {code: 200, message: OK}
- request:
    body: null
    headers:
      Accept: [application/json]
      Accept-Encoding: ['gzip, deflate']
      Connection: [keep-alive]
      Content-Type: [application/json; charset=utf-8]
      User-Agent: [python/3.5.3 (Windows-10-10.0.15063-SP0) requests/2.9.1 msrest/0.4.13
          msrest_azure/0.4.11 resourcemanagementclient/1.1.0 Azure-SDK-For-Python
          AZURECLI/TEST/2.0.13+dev]
      accept-language: [en-US]
      x-ms-client-request-id: [53d87822-8845-11e7-8b34-a0b3ccf7272a]
    method: GET
    uri: https://management.azure.com/subscriptions/00000000-0000-0000-0000-000000000000/resourcegroups/cli_test_vm_with_specialized_unmanaged_disk/providers/Microsoft.Resources/deployments/mock-deployment/operationStatuses/08586980851844726912?api-version=2017-05-10
  response:
    body: {string: '{"status":"Succeeded"}'}
    headers:
      Cache-Control: [no-cache]
      Content-Type: [application/json; charset=utf-8]
      Date: ['Wed, 23 Aug 2017 20:57:32 GMT']
      Expires: ['-1']
      Pragma: [no-cache]
      Strict-Transport-Security: [max-age=31536000; includeSubDomains]
      Vary: [Accept-Encoding]
      content-length: ['22']
    status: {code: 200, message: OK}
- request:
    body: null
    headers:
      Accept: [application/json]
      Accept-Encoding: ['gzip, deflate']
      Connection: [keep-alive]
      Content-Type: [application/json; charset=utf-8]
      User-Agent: [python/3.5.3 (Windows-10-10.0.15063-SP0) requests/2.9.1 msrest/0.4.13
          msrest_azure/0.4.11 resourcemanagementclient/1.1.0 Azure-SDK-For-Python
          AZURECLI/TEST/2.0.13+dev]
      accept-language: [en-US]
      x-ms-client-request-id: [53d87822-8845-11e7-8b34-a0b3ccf7272a]
    method: GET
    uri: https://management.azure.com/subscriptions/00000000-0000-0000-0000-000000000000/resourcegroups/cli_test_vm_with_specialized_unmanaged_disk/providers/Microsoft.Resources/deployments/mock-deployment?api-version=2017-05-10
  response:
    body: {string: '{"id":"/subscriptions/00000000-0000-0000-0000-000000000000/resourceGroups/cli_test_vm_with_specialized_unmanaged_disk/providers/Microsoft.Resources/deployments/vm_deploy_BnBlRvG9jt0MHcVfazFrKOiYmnQmfIni","name":"vm_deploy_BnBlRvG9jt0MHcVfazFrKOiYmnQmfIni","properties":{"templateHash":"8148818214031785389","parameters":{},"mode":"Incremental","provisioningState":"Succeeded","timestamp":"2017-08-23T20:57:20.615804Z","duration":"PT2M19.6108615S","correlationId":"6cb9a04d-b047-4d93-8730-7912a28ae244","providers":[{"namespace":"Microsoft.Storage","resourceTypes":[{"resourceType":"storageAccounts","locations":["westus"]}]},{"namespace":"Microsoft.Network","resourceTypes":[{"resourceType":"virtualNetworks","locations":["westus"]},{"resourceType":"networkSecurityGroups","locations":["westus"]},{"resourceType":"publicIPAddresses","locations":["westus"]},{"resourceType":"networkInterfaces","locations":["westus"]}]},{"namespace":"Microsoft.Compute","resourceTypes":[{"resourceType":"virtualMachines","locations":["westus"]}]}],"dependencies":[{"dependsOn":[{"id":"/subscriptions/00000000-0000-0000-0000-000000000000/resourceGroups/cli_test_vm_with_specialized_unmanaged_disk/providers/Microsoft.Network/virtualNetworks/vm1VNET","resourceType":"Microsoft.Network/virtualNetworks","resourceName":"vm1VNET"},{"id":"/subscriptions/00000000-0000-0000-0000-000000000000/resourceGroups/cli_test_vm_with_specialized_unmanaged_disk/providers/Microsoft.Network/networkSecurityGroups/vm1NSG","resourceType":"Microsoft.Network/networkSecurityGroups","resourceName":"vm1NSG"},{"id":"/subscriptions/00000000-0000-0000-0000-000000000000/resourceGroups/cli_test_vm_with_specialized_unmanaged_disk/providers/Microsoft.Network/publicIPAddresses/vm1PublicIP","resourceType":"Microsoft.Network/publicIPAddresses","resourceName":"vm1PublicIP"}],"id":"/subscriptions/00000000-0000-0000-0000-000000000000/resourceGroups/cli_test_vm_with_specialized_unmanaged_disk/providers/Microsoft.Network/networkInterfaces/vm1VMNic","resourceType":"Microsoft.Network/networkInterfaces","resourceName":"vm1VMNic"},{"dependsOn":[{"id":"/subscriptions/00000000-0000-0000-0000-000000000000/resourceGroups/cli_test_vm_with_specialized_unmanaged_disk/providers/Microsoft.Storage/storageAccounts/vhdstoragef94502eed806ae","resourceType":"Microsoft.Storage/storageAccounts","resourceName":"vhdstoragef94502eed806ae"},{"id":"/subscriptions/00000000-0000-0000-0000-000000000000/resourceGroups/cli_test_vm_with_specialized_unmanaged_disk/providers/Microsoft.Network/networkInterfaces/vm1VMNic","resourceType":"Microsoft.Network/networkInterfaces","resourceName":"vm1VMNic"}],"id":"/subscriptions/00000000-0000-0000-0000-000000000000/resourceGroups/cli_test_vm_with_specialized_unmanaged_disk/providers/Microsoft.Compute/virtualMachines/vm1","resourceType":"Microsoft.Compute/virtualMachines","resourceName":"vm1"}],"outputs":{},"outputResources":[{"id":"/subscriptions/00000000-0000-0000-0000-000000000000/resourceGroups/cli_test_vm_with_specialized_unmanaged_disk/providers/Microsoft.Compute/virtualMachines/vm1"},{"id":"/subscriptions/00000000-0000-0000-0000-000000000000/resourceGroups/cli_test_vm_with_specialized_unmanaged_disk/providers/Microsoft.Network/networkInterfaces/vm1VMNic"},{"id":"/subscriptions/00000000-0000-0000-0000-000000000000/resourceGroups/cli_test_vm_with_specialized_unmanaged_disk/providers/Microsoft.Network/networkSecurityGroups/vm1NSG"},{"id":"/subscriptions/00000000-0000-0000-0000-000000000000/resourceGroups/cli_test_vm_with_specialized_unmanaged_disk/providers/Microsoft.Network/publicIPAddresses/vm1PublicIP"},{"id":"/subscriptions/00000000-0000-0000-0000-000000000000/resourceGroups/cli_test_vm_with_specialized_unmanaged_disk/providers/Microsoft.Network/virtualNetworks/vm1VNET"},{"id":"/subscriptions/00000000-0000-0000-0000-000000000000/resourceGroups/cli_test_vm_with_specialized_unmanaged_disk/providers/Microsoft.Storage/storageAccounts/vhdstoragef94502eed806ae"}]}}'}
    headers:
      Cache-Control: [no-cache]
      Content-Type: [application/json; charset=utf-8]
      Date: ['Wed, 23 Aug 2017 20:57:32 GMT']
      Expires: ['-1']
      Pragma: [no-cache]
      Strict-Transport-Security: [max-age=31536000; includeSubDomains]
      Vary: [Accept-Encoding]
      content-length: ['4048']
    status: {code: 200, message: OK}
- request:
    body: null
    headers:
      Accept: [application/json]
      Accept-Encoding: ['gzip, deflate']
      Connection: [keep-alive]
      Content-Type: [application/json; charset=utf-8]
      User-Agent: [python/3.5.3 (Windows-10-10.0.15063-SP0) requests/2.9.1 msrest/0.4.13
          msrest_azure/0.4.11 computemanagementclient/2.0.0 Azure-SDK-For-Python AZURECLI/TEST/2.0.13+dev]
      accept-language: [en-US]
      x-ms-client-request-id: [af83ad30-8845-11e7-b6fe-a0b3ccf7272a]
    method: GET
    uri: https://management.azure.com/subscriptions/00000000-0000-0000-0000-000000000000/resourceGroups/cli_test_vm_with_specialized_unmanaged_disk/providers/Microsoft.Compute/virtualMachines/vm1?$expand=instanceView&api-version=2017-03-30
  response:
    body: {string: "{\r\n  \"properties\": {\r\n    \"vmId\": \"c7114e48-dc82-4a9c-af39-5b7f6a3f3414\"\
        ,\r\n    \"hardwareProfile\": {\r\n      \"vmSize\": \"Standard_DS1_v2\"\r\
        \n    },\r\n    \"storageProfile\": {\r\n      \"imageReference\": {\r\n \
        \       \"publisher\": \"credativ\",\r\n        \"offer\": \"Debian\",\r\n\
        \        \"sku\": \"8\",\r\n        \"version\": \"latest\"\r\n      },\r\n\
        \      \"osDisk\": {\r\n        \"osType\": \"Linux\",\r\n        \"name\"\
        : \"osdisk_f94502eed8\",\r\n        \"createOption\": \"FromImage\",\r\n \
        \       \"vhd\": {\r\n          \"uri\": \"https://vhdstoragef94502eed806ae.blob.core.windows.net/vhds/osdisk_f94502eed8.vhd\"\
        \r\n        },\r\n        \"caching\": \"ReadWrite\"\r\n      },\r\n     \
        \ \"dataDisks\": []\r\n    },\r\n    \"osProfile\": {\r\n      \"computerName\"\
        : \"vm1\",\r\n      \"adminUsername\": \"ubuntu\",\r\n      \"linuxConfiguration\"\
        : {\r\n        \"disablePasswordAuthentication\": false\r\n      },\r\n  \
        \    \"secrets\": []\r\n    },\r\n    \"networkProfile\": {\"networkInterfaces\"\
        :[{\"id\":\"/subscriptions/00000000-0000-0000-0000-000000000000/resourceGroups/cli_test_vm_with_specialized_unmanaged_disk/providers/Microsoft.Network/networkInterfaces/vm1VMNic\"\
        }]},\r\n    \"provisioningState\": \"Succeeded\",\r\n    \"instanceView\"\
        : {\r\n      \"vmAgent\": {\r\n        \"vmAgentVersion\": \"Unknown\",\r\n\
        \        \"statuses\": [\r\n          {\r\n            \"code\": \"ProvisioningState/Unavailable\"\
        ,\r\n            \"level\": \"Warning\",\r\n            \"displayStatus\"\
        : \"Not Ready\",\r\n            \"message\": \"VM status blob is found but\
        \ not yet populated.\",\r\n            \"time\": \"2017-08-23T20:57:33+00:00\"\
        \r\n          }\r\n        ]\r\n      },\r\n      \"disks\": [\r\n       \
        \ {\r\n          \"name\": \"osdisk_f94502eed8\",\r\n          \"statuses\"\
        : [\r\n            {\r\n              \"code\": \"ProvisioningState/succeeded\"\
        ,\r\n              \"level\": \"Info\",\r\n              \"displayStatus\"\
        : \"Provisioning succeeded\",\r\n              \"time\": \"2017-08-23T20:55:27.9520442+00:00\"\
        \r\n            }\r\n          ]\r\n        }\r\n      ],\r\n      \"statuses\"\
        : [\r\n        {\r\n          \"code\": \"ProvisioningState/succeeded\",\r\
        \n          \"level\": \"Info\",\r\n          \"displayStatus\": \"Provisioning\
        \ succeeded\",\r\n          \"time\": \"2017-08-23T20:57:19.219951+00:00\"\
        \r\n        },\r\n        {\r\n          \"code\": \"PowerState/running\"\
        ,\r\n          \"level\": \"Info\",\r\n          \"displayStatus\": \"VM running\"\
        \r\n        }\r\n      ]\r\n    }\r\n  },\r\n  \"type\": \"Microsoft.Compute/virtualMachines\"\
        ,\r\n  \"location\": \"westus\",\r\n  \"tags\": {},\r\n  \"id\": \"/subscriptions/00000000-0000-0000-0000-000000000000/resourceGroups/cli_test_vm_with_specialized_unmanaged_disk/providers/Microsoft.Compute/virtualMachines/vm1\"\
        ,\r\n  \"name\": \"vm1\"\r\n}"}
    headers:
      Cache-Control: [no-cache]
      Content-Type: [application/json; charset=utf-8]
      Date: ['Wed, 23 Aug 2017 20:57:33 GMT']
      Expires: ['-1']
      Pragma: [no-cache]
      Server: [Microsoft-HTTPAPI/2.0, Microsoft-HTTPAPI/2.0]
      Strict-Transport-Security: [max-age=31536000; includeSubDomains]
      Transfer-Encoding: [chunked]
      Vary: [Accept-Encoding]
      content-length: ['2548']
    status: {code: 200, message: OK}
- request:
    body: null
    headers:
      Accept: [application/json]
      Accept-Encoding: ['gzip, deflate']
      Connection: [keep-alive]
      Content-Type: [application/json; charset=utf-8]
      User-Agent: [python/3.5.3 (Windows-10-10.0.15063-SP0) requests/2.9.1 msrest/0.4.13
          msrest_azure/0.4.11 networkmanagementclient/1.4.0 Azure-SDK-For-Python AZURECLI/TEST/2.0.13+dev]
      accept-language: [en-US]
      x-ms-client-request-id: [afa24a8c-8845-11e7-8930-a0b3ccf7272a]
    method: GET
    uri: https://management.azure.com/subscriptions/00000000-0000-0000-0000-000000000000/resourceGroups/cli_test_vm_with_specialized_unmanaged_disk/providers/Microsoft.Network/networkInterfaces/vm1VMNic?api-version=2017-08-01
  response:
    body: {string: "{\r\n  \"name\": \"vm1VMNic\",\r\n  \"id\": \"/subscriptions/00000000-0000-0000-0000-000000000000/resourceGroups/cli_test_vm_with_specialized_unmanaged_disk/providers/Microsoft.Network/networkInterfaces/vm1VMNic\"\
        ,\r\n  \"etag\": \"W/\\\"2a66a000-7368-4a3a-b355-f937ecab66d9\\\"\",\r\n \
        \ \"location\": \"westus\",\r\n  \"tags\": {},\r\n  \"properties\": {\r\n\
        \    \"provisioningState\": \"Succeeded\",\r\n    \"resourceGuid\": \"8f8e091b-7e62-4301-8ae0-398cdd55ad39\"\
        ,\r\n    \"ipConfigurations\": [\r\n      {\r\n        \"name\": \"ipconfigvm1\"\
        ,\r\n        \"id\": \"/subscriptions/00000000-0000-0000-0000-000000000000/resourceGroups/cli_test_vm_with_specialized_unmanaged_disk/providers/Microsoft.Network/networkInterfaces/vm1VMNic/ipConfigurations/ipconfigvm1\"\
        ,\r\n        \"etag\": \"W/\\\"2a66a000-7368-4a3a-b355-f937ecab66d9\\\"\"\
        ,\r\n        \"properties\": {\r\n          \"provisioningState\": \"Succeeded\"\
        ,\r\n          \"privateIPAddress\": \"10.0.0.4\",\r\n          \"privateIPAllocationMethod\"\
        : \"Dynamic\",\r\n          \"publicIPAddress\": {\r\n            \"id\":\
        \ \"/subscriptions/00000000-0000-0000-0000-000000000000/resourceGroups/cli_test_vm_with_specialized_unmanaged_disk/providers/Microsoft.Network/publicIPAddresses/vm1PublicIP\"\
        \r\n          },\r\n          \"subnet\": {\r\n            \"id\": \"/subscriptions/00000000-0000-0000-0000-000000000000/resourceGroups/cli_test_vm_with_specialized_unmanaged_disk/providers/Microsoft.Network/virtualNetworks/vm1VNET/subnets/vm1Subnet\"\
        \r\n          },\r\n          \"primary\": true,\r\n          \"privateIPAddressVersion\"\
        : \"IPv4\"\r\n        }\r\n      }\r\n    ],\r\n    \"dnsSettings\": {\r\n\
        \      \"dnsServers\": [],\r\n      \"appliedDnsServers\": [],\r\n      \"\
        internalDomainNameSuffix\": \"flufnvrz3fcu1lsn0xytaf0rtg.dx.internal.cloudapp.net\"\
        \r\n    },\r\n    \"macAddress\": \"00-0D-3A-36-D9-EC\",\r\n    \"enableAcceleratedNetworking\"\
        : false,\r\n    \"enableIPForwarding\": false,\r\n    \"networkSecurityGroup\"\
        : {\r\n      \"id\": \"/subscriptions/00000000-0000-0000-0000-000000000000/resourceGroups/cli_test_vm_with_specialized_unmanaged_disk/providers/Microsoft.Network/networkSecurityGroups/vm1NSG\"\
        \r\n    },\r\n    \"primary\": true,\r\n    \"virtualMachine\": {\r\n    \
        \  \"id\": \"/subscriptions/00000000-0000-0000-0000-000000000000/resourceGroups/cli_test_vm_with_specialized_unmanaged_disk/providers/Microsoft.Compute/virtualMachines/vm1\"\
        \r\n    }\r\n  },\r\n  \"type\": \"Microsoft.Network/networkInterfaces\"\r\
        \n}"}
    headers:
      Cache-Control: [no-cache]
      Content-Type: [application/json; charset=utf-8]
      Date: ['Wed, 23 Aug 2017 20:57:33 GMT']
      ETag: [W/"2a66a000-7368-4a3a-b355-f937ecab66d9"]
      Expires: ['-1']
      Pragma: [no-cache]
      Server: [Microsoft-HTTPAPI/2.0, Microsoft-HTTPAPI/2.0]
      Strict-Transport-Security: [max-age=31536000; includeSubDomains]
      Transfer-Encoding: [chunked]
      Vary: [Accept-Encoding]
      content-length: ['2339']
    status: {code: 200, message: OK}
- request:
    body: null
    headers:
      Accept: [application/json]
      Accept-Encoding: ['gzip, deflate']
      Connection: [keep-alive]
      Content-Type: [application/json; charset=utf-8]
      User-Agent: [python/3.5.3 (Windows-10-10.0.15063-SP0) requests/2.9.1 msrest/0.4.13
          msrest_azure/0.4.11 networkmanagementclient/1.4.0 Azure-SDK-For-Python AZURECLI/TEST/2.0.13+dev]
      accept-language: [en-US]
      x-ms-client-request-id: [afc67b8a-8845-11e7-8cb2-a0b3ccf7272a]
    method: GET
    uri: https://management.azure.com/subscriptions/00000000-0000-0000-0000-000000000000/resourceGroups/cli_test_vm_with_specialized_unmanaged_disk/providers/Microsoft.Network/publicIPAddresses/vm1PublicIP?api-version=2017-08-01
  response:
    body: {string: "{\r\n  \"name\": \"vm1PublicIP\",\r\n  \"id\": \"/subscriptions/00000000-0000-0000-0000-000000000000/resourceGroups/cli_test_vm_with_specialized_unmanaged_disk/providers/Microsoft.Network/publicIPAddresses/vm1PublicIP\"\
        ,\r\n  \"etag\": \"W/\\\"7e35aad2-8250-40bb-82e2-cfa563e3ba7d\\\"\",\r\n \
        \ \"location\": \"westus\",\r\n  \"tags\": {},\r\n  \"properties\": {\r\n\
        \    \"provisioningState\": \"Succeeded\",\r\n    \"resourceGuid\": \"dd19583d-2955-4ae7-ba5e-4a72d79cfae7\"\
        ,\r\n    \"ipAddress\": \"40.80.153.39\",\r\n    \"publicIPAddressVersion\"\
        : \"IPv4\",\r\n    \"publicIPAllocationMethod\": \"Dynamic\",\r\n    \"idleTimeoutInMinutes\"\
        : 4,\r\n    \"ipConfiguration\": {\r\n      \"id\": \"/subscriptions/00000000-0000-0000-0000-000000000000/resourceGroups/cli_test_vm_with_specialized_unmanaged_disk/providers/Microsoft.Network/networkInterfaces/vm1VMNic/ipConfigurations/ipconfigvm1\"\
        \r\n    }\r\n  },\r\n  \"type\": \"Microsoft.Network/publicIPAddresses\",\r\
        \n  \"sku\": {\r\n    \"name\": \"Basic\"\r\n  }\r\n}"}
    headers:
      Cache-Control: [no-cache]
      Content-Type: [application/json; charset=utf-8]
      Date: ['Wed, 23 Aug 2017 20:57:34 GMT']
      ETag: [W/"7e35aad2-8250-40bb-82e2-cfa563e3ba7d"]
      Expires: ['-1']
      Pragma: [no-cache]
      Server: [Microsoft-HTTPAPI/2.0, Microsoft-HTTPAPI/2.0]
      Strict-Transport-Security: [max-age=31536000; includeSubDomains]
      Transfer-Encoding: [chunked]
      Vary: [Accept-Encoding]
      content-length: ['925']
    status: {code: 200, message: OK}
- request:
    body: null
    headers:
      Accept: [application/json]
      Accept-Encoding: ['gzip, deflate']
      Connection: [keep-alive]
      Content-Type: [application/json; charset=utf-8]
      User-Agent: [python/3.5.3 (Windows-10-10.0.15063-SP0) requests/2.9.1 msrest/0.4.13
          msrest_azure/0.4.11 computemanagementclient/2.0.0 Azure-SDK-For-Python AZURECLI/TEST/2.0.13+dev]
      accept-language: [en-US]
      x-ms-client-request-id: [aff5e4be-8845-11e7-9c2f-a0b3ccf7272a]
    method: GET
    uri: https://management.azure.com/subscriptions/00000000-0000-0000-0000-000000000000/resourceGroups/cli_test_vm_with_specialized_unmanaged_disk/providers/Microsoft.Compute/virtualMachines/vm1?api-version=2017-03-30
  response:
    body: {string: "{\r\n  \"properties\": {\r\n    \"vmId\": \"c7114e48-dc82-4a9c-af39-5b7f6a3f3414\"\
        ,\r\n    \"hardwareProfile\": {\r\n      \"vmSize\": \"Standard_DS1_v2\"\r\
        \n    },\r\n    \"storageProfile\": {\r\n      \"imageReference\": {\r\n \
        \       \"publisher\": \"credativ\",\r\n        \"offer\": \"Debian\",\r\n\
        \        \"sku\": \"8\",\r\n        \"version\": \"latest\"\r\n      },\r\n\
        \      \"osDisk\": {\r\n        \"osType\": \"Linux\",\r\n        \"name\"\
        : \"osdisk_f94502eed8\",\r\n        \"createOption\": \"FromImage\",\r\n \
        \       \"vhd\": {\r\n          \"uri\": \"https://vhdstoragef94502eed806ae.blob.core.windows.net/vhds/osdisk_f94502eed8.vhd\"\
        \r\n        },\r\n        \"caching\": \"ReadWrite\"\r\n      },\r\n     \
        \ \"dataDisks\": []\r\n    },\r\n    \"osProfile\": {\r\n      \"computerName\"\
        : \"vm1\",\r\n      \"adminUsername\": \"ubuntu\",\r\n      \"linuxConfiguration\"\
        : {\r\n        \"disablePasswordAuthentication\": false\r\n      },\r\n  \
        \    \"secrets\": []\r\n    },\r\n    \"networkProfile\": {\"networkInterfaces\"\
        :[{\"id\":\"/subscriptions/00000000-0000-0000-0000-000000000000/resourceGroups/cli_test_vm_with_specialized_unmanaged_disk/providers/Microsoft.Network/networkInterfaces/vm1VMNic\"\
        }]},\r\n    \"provisioningState\": \"Succeeded\"\r\n  },\r\n  \"type\": \"\
        Microsoft.Compute/virtualMachines\",\r\n  \"location\": \"westus\",\r\n  \"\
        tags\": {},\r\n  \"id\": \"/subscriptions/00000000-0000-0000-0000-000000000000/resourceGroups/cli_test_vm_with_specialized_unmanaged_disk/providers/Microsoft.Compute/virtualMachines/vm1\"\
        ,\r\n  \"name\": \"vm1\"\r\n}"}
    headers:
      Cache-Control: [no-cache]
      Content-Type: [application/json; charset=utf-8]
      Date: ['Wed, 23 Aug 2017 20:57:34 GMT']
      Expires: ['-1']
      Pragma: [no-cache]
      Server: [Microsoft-HTTPAPI/2.0, Microsoft-HTTPAPI/2.0]
      Strict-Transport-Security: [max-age=31536000; includeSubDomains]
      Transfer-Encoding: [chunked]
      Vary: [Accept-Encoding]
      content-length: ['1404']
    status: {code: 200, message: OK}
- request:
    body: null
    headers:
      Accept: [application/json]
      Accept-Encoding: ['gzip, deflate']
      Connection: [keep-alive]
      Content-Length: ['0']
      Content-Type: [application/json; charset=utf-8]
      User-Agent: [python/3.5.3 (Windows-10-10.0.15063-SP0) requests/2.9.1 msrest/0.4.13
          msrest_azure/0.4.11 computemanagementclient/2.0.0 Azure-SDK-For-Python AZURECLI/TEST/2.0.13+dev]
      accept-language: [en-US]
      x-ms-client-request-id: [b0127268-8845-11e7-8e87-a0b3ccf7272a]
    method: DELETE
    uri: https://management.azure.com/subscriptions/00000000-0000-0000-0000-000000000000/resourceGroups/cli_test_vm_with_specialized_unmanaged_disk/providers/Microsoft.Compute/virtualMachines/vm1?api-version=2017-03-30
  response:
    body: {string: ''}
    headers:
      Azure-AsyncOperation: ['https://management.azure.com/subscriptions/0b1f6471-1bf0-4dda-aec3-cb9272f09590/providers/Microsoft.Compute/locations/westus/operations/63d845da-83f5-4adb-b3ac-9896cc03522e?api-version=2017-03-30']
      Cache-Control: [no-cache]
      Content-Length: ['0']
      Date: ['Wed, 23 Aug 2017 20:57:34 GMT']
      Expires: ['-1']
      Location: ['https://management.azure.com/subscriptions/0b1f6471-1bf0-4dda-aec3-cb9272f09590/providers/Microsoft.Compute/locations/westus/operations/63d845da-83f5-4adb-b3ac-9896cc03522e?monitor=true&api-version=2017-03-30']
      Pragma: [no-cache]
      Server: [Microsoft-HTTPAPI/2.0, Microsoft-HTTPAPI/2.0]
      Strict-Transport-Security: [max-age=31536000; includeSubDomains]
      x-ms-ratelimit-remaining-subscription-writes: ['1192']
    status: {code: 202, message: Accepted}
- request:
    body: null
    headers:
      Accept: [application/json]
      Accept-Encoding: ['gzip, deflate']
      Connection: [keep-alive]
      Content-Type: [application/json; charset=utf-8]
      User-Agent: [python/3.5.3 (Windows-10-10.0.15063-SP0) requests/2.9.1 msrest/0.4.13
          msrest_azure/0.4.11 computemanagementclient/2.0.0 Azure-SDK-For-Python AZURECLI/TEST/2.0.13+dev]
      accept-language: [en-US]
      x-ms-client-request-id: [b0127268-8845-11e7-8e87-a0b3ccf7272a]
    method: GET
    uri: https://management.azure.com/subscriptions/00000000-0000-0000-0000-000000000000/providers/Microsoft.Compute/locations/westus/operations/63d845da-83f5-4adb-b3ac-9896cc03522e?api-version=2017-03-30
  response:
    body: {string: "{\r\n  \"startTime\": \"2017-08-23T20:57:34.5333758+00:00\",\r\
        \n  \"status\": \"InProgress\",\r\n  \"name\": \"63d845da-83f5-4adb-b3ac-9896cc03522e\"\
        \r\n}"}
    headers:
      Cache-Control: [no-cache]
      Content-Type: [application/json; charset=utf-8]
      Date: ['Wed, 23 Aug 2017 20:58:04 GMT']
      Expires: ['-1']
      Pragma: [no-cache]
      Server: [Microsoft-HTTPAPI/2.0, Microsoft-HTTPAPI/2.0]
      Strict-Transport-Security: [max-age=31536000; includeSubDomains]
      Transfer-Encoding: [chunked]
      Vary: [Accept-Encoding]
      content-length: ['134']
    status: {code: 200, message: OK}
- request:
    body: null
    headers:
      Accept: [application/json]
      Accept-Encoding: ['gzip, deflate']
      Connection: [keep-alive]
      Content-Type: [application/json; charset=utf-8]
      User-Agent: [python/3.5.3 (Windows-10-10.0.15063-SP0) requests/2.9.1 msrest/0.4.13
          msrest_azure/0.4.11 computemanagementclient/2.0.0 Azure-SDK-For-Python AZURECLI/TEST/2.0.13+dev]
      accept-language: [en-US]
      x-ms-client-request-id: [b0127268-8845-11e7-8e87-a0b3ccf7272a]
    method: GET
    uri: https://management.azure.com/subscriptions/00000000-0000-0000-0000-000000000000/providers/Microsoft.Compute/locations/westus/operations/63d845da-83f5-4adb-b3ac-9896cc03522e?api-version=2017-03-30
  response:
    body: {string: "{\r\n  \"startTime\": \"2017-08-23T20:57:34.5333758+00:00\",\r\
        \n  \"endTime\": \"2017-08-23T20:58:25.0204373+00:00\",\r\n  \"status\": \"\
        Succeeded\",\r\n  \"name\": \"63d845da-83f5-4adb-b3ac-9896cc03522e\"\r\n}"}
    headers:
      Cache-Control: [no-cache]
      Content-Type: [application/json; charset=utf-8]
      Date: ['Wed, 23 Aug 2017 20:58:35 GMT']
      Expires: ['-1']
      Pragma: [no-cache]
      Server: [Microsoft-HTTPAPI/2.0, Microsoft-HTTPAPI/2.0]
      Strict-Transport-Security: [max-age=31536000; includeSubDomains]
      Transfer-Encoding: [chunked]
      Vary: [Accept-Encoding]
      content-length: ['184']
    status: {code: 200, message: OK}
- request:
    body: null
    headers:
      Accept: [application/json]
      Accept-Encoding: ['gzip, deflate']
      Connection: [keep-alive]
      Content-Type: [application/json; charset=utf-8]
      User-Agent: [python/3.5.3 (Windows-10-10.0.15063-SP0) requests/2.9.1 msrest/0.4.13
          msrest_azure/0.4.11 resourcemanagementclient/1.1.0 Azure-SDK-For-Python
          AZURECLI/TEST/2.0.13+dev]
      accept-language: [en-US]
      x-ms-client-request-id: [d49ee440-8845-11e7-b201-a0b3ccf7272a]
    method: GET
    uri: https://management.azure.com/subscriptions/00000000-0000-0000-0000-000000000000/resourcegroups/cli_test_vm_with_specialized_unmanaged_disk?api-version=2017-05-10
  response:
    body: {string: '{"id":"/subscriptions/00000000-0000-0000-0000-000000000000/resourceGroups/cli_test_vm_with_specialized_unmanaged_disk","name":"cli_test_vm_with_specialized_unmanaged_disk","location":"westus","tags":{"use":"az-test"},"properties":{"provisioningState":"Succeeded"}}'}
    headers:
      Cache-Control: [no-cache]
      Content-Type: [application/json; charset=utf-8]
      Date: ['Wed, 23 Aug 2017 20:58:35 GMT']
      Expires: ['-1']
      Pragma: [no-cache]
      Strict-Transport-Security: [max-age=31536000; includeSubDomains]
      Vary: [Accept-Encoding]
      content-length: ['276']
    status: {code: 200, message: OK}
- request:
    body: null
    headers:
      Accept: [application/json]
      Accept-Encoding: ['gzip, deflate']
      Connection: [keep-alive]
      Content-Type: [application/json; charset=utf-8]
      User-Agent: [python/3.5.3 (Windows-10-10.0.15063-SP0) requests/2.9.1 msrest/0.4.13
          msrest_azure/0.4.11 networkmanagementclient/1.4.0 Azure-SDK-For-Python AZURECLI/TEST/2.0.13+dev]
      accept-language: [en-US]
      x-ms-client-request-id: [d4b76608-8845-11e7-be61-a0b3ccf7272a]
    method: GET
    uri: https://management.azure.com/subscriptions/00000000-0000-0000-0000-000000000000/resourceGroups/cli_test_vm_with_specialized_unmanaged_disk/providers/Microsoft.Network/virtualNetworks?api-version=2017-08-01
  response:
    body: {string: "{\r\n  \"value\": [\r\n    {\r\n      \"name\": \"vm1VNET\",\r\
        \n      \"id\": \"/subscriptions/00000000-0000-0000-0000-000000000000/resourceGroups/cli_test_vm_with_specialized_unmanaged_disk/providers/Microsoft.Network/virtualNetworks/vm1VNET\"\
        ,\r\n      \"etag\": \"W/\\\"b388cb1c-f5f6-4aa2-a1f8-9bf7280bd520\\\"\",\r\
        \n      \"type\": \"Microsoft.Network/virtualNetworks\",\r\n      \"location\"\
        : \"westus\",\r\n      \"tags\": {},\r\n      \"properties\": {\r\n      \
        \  \"provisioningState\": \"Succeeded\",\r\n        \"resourceGuid\": \"d656e82a-e939-4d45-ae4d-d5f13017519e\"\
        ,\r\n        \"addressSpace\": {\r\n          \"addressPrefixes\": [\r\n \
        \           \"10.0.0.0/16\"\r\n          ]\r\n        },\r\n        \"subnets\"\
        : [\r\n          {\r\n            \"name\": \"vm1Subnet\",\r\n           \
        \ \"id\": \"/subscriptions/00000000-0000-0000-0000-000000000000/resourceGroups/cli_test_vm_with_specialized_unmanaged_disk/providers/Microsoft.Network/virtualNetworks/vm1VNET/subnets/vm1Subnet\"\
        ,\r\n            \"etag\": \"W/\\\"b388cb1c-f5f6-4aa2-a1f8-9bf7280bd520\\\"\
        \",\r\n            \"properties\": {\r\n              \"provisioningState\"\
        : \"Succeeded\",\r\n              \"addressPrefix\": \"10.0.0.0/24\",\r\n\
        \              \"ipConfigurations\": [\r\n                {\r\n          \
        \        \"id\": \"/subscriptions/00000000-0000-0000-0000-000000000000/resourceGroups/cli_test_vm_with_specialized_unmanaged_disk/providers/Microsoft.Network/networkInterfaces/vm1VMNic/ipConfigurations/ipconfigvm1\"\
        \r\n                }\r\n              ]\r\n            }\r\n          }\r\
        \n        ],\r\n        \"virtualNetworkPeerings\": []\r\n      }\r\n    }\r\
        \n  ]\r\n}"}
    headers:
      Cache-Control: [no-cache]
      Content-Type: [application/json; charset=utf-8]
      Date: ['Wed, 23 Aug 2017 20:58:35 GMT']
      Expires: ['-1']
      Pragma: [no-cache]
      Server: [Microsoft-HTTPAPI/2.0, Microsoft-HTTPAPI/2.0]
      Strict-Transport-Security: [max-age=31536000; includeSubDomains]
      Transfer-Encoding: [chunked]
      Vary: [Accept-Encoding]
      content-length: ['1528']
    status: {code: 200, message: OK}
- request:
    body: '{"properties": {"parameters": {}, "template": {"$schema": "https://schema.management.azure.com/schemas/2015-01-01/deploymentTemplate.json#",
      "contentVersion": "1.0.0.0", "resources": [{"apiVersion": "2015-06-15", "location":
      "westus", "name": "vm2NSG", "type": "Microsoft.Network/networkSecurityGroups",
      "dependsOn": [], "tags": {}, "properties": {"securityRules": [{"name": "default-allow-ssh",
      "properties": {"protocol": "Tcp", "sourceAddressPrefix": "*", "destinationAddressPrefix":
      "*", "priority": 1000, "access": "Allow", "sourcePortRange": "*", "destinationPortRange":
      "22", "direction": "Inbound"}}]}}, {"apiVersion": "2015-06-15", "location":
      "westus", "name": "vm2PublicIP", "type": "Microsoft.Network/publicIPAddresses",
      "dependsOn": [], "tags": {}, "properties": {"publicIPAllocationMethod": "dynamic"}},
      {"apiVersion": "2015-06-15", "location": "westus", "name": "vm2VMNic", "type":
      "Microsoft.Network/networkInterfaces", "dependsOn": ["Microsoft.Network/networkSecurityGroups/vm2NSG",
      "Microsoft.Network/publicIpAddresses/vm2PublicIP"], "tags": {}, "properties":
      {"networkSecurityGroup": {"id": "/subscriptions/0b1f6471-1bf0-4dda-aec3-cb9272f09590/resourceGroups/cli_test_vm_with_specialized_unmanaged_disk/providers/Microsoft.Network/networkSecurityGroups/vm2NSG"},
      "ipConfigurations": [{"name": "ipconfigvm2", "properties": {"subnet": {"id":
      "/subscriptions/0b1f6471-1bf0-4dda-aec3-cb9272f09590/resourceGroups/cli_test_vm_with_specialized_unmanaged_disk/providers/Microsoft.Network/virtualNetworks/vm1VNET/subnets/vm1Subnet"},
      "privateIPAllocationMethod": "Dynamic", "publicIPAddress": {"id": "/subscriptions/0b1f6471-1bf0-4dda-aec3-cb9272f09590/resourceGroups/cli_test_vm_with_specialized_unmanaged_disk/providers/Microsoft.Network/publicIPAddresses/vm2PublicIP"}}}]}},
      {"apiVersion": "2017-03-30", "location": "westus", "name": "vm2", "type": "Microsoft.Compute/virtualMachines",
      "dependsOn": ["Microsoft.Network/networkInterfaces/vm2VMNic"], "tags": {}, "properties":
      {"hardwareProfile": {"vmSize": "Standard_DS1_v2"}, "networkProfile": {"networkInterfaces":
      [{"id": "/subscriptions/0b1f6471-1bf0-4dda-aec3-cb9272f09590/resourceGroups/cli_test_vm_with_specialized_unmanaged_disk/providers/Microsoft.Network/networkInterfaces/vm2VMNic"}]},
      "storageProfile": {"osDisk": {"name": "osdisk_f94502eed8", "createOption": "attach",
      "osType": "linux", "vhd": {"uri": "https://vhdstoragef94502eed806ae.blob.core.windows.net/vhds/osdisk_f94502eed8.vhd"}}}}}],
      "parameters": {}, "outputs": {}, "variables": {}}, "mode": "Incremental"}}'
    headers:
      Accept: [application/json]
      Accept-Encoding: ['gzip, deflate']
      Connection: [keep-alive]
      Content-Length: ['2566']
      Content-Type: [application/json; charset=utf-8]
      User-Agent: [python/3.5.3 (Windows-10-10.0.15063-SP0) requests/2.9.1 msrest/0.4.13
          msrest_azure/0.4.11 resourcemanagementclient/1.1.0 Azure-SDK-For-Python
          AZURECLI/TEST/2.0.13+dev]
      accept-language: [en-US]
      x-ms-client-request-id: [d4ced638-8845-11e7-8b84-a0b3ccf7272a]
    method: PUT
    uri: https://management.azure.com/subscriptions/00000000-0000-0000-0000-000000000000/resourcegroups/cli_test_vm_with_specialized_unmanaged_disk/providers/Microsoft.Resources/deployments/mock-deployment?api-version=2017-05-10
  response:
    body: {string: '{"id":"/subscriptions/00000000-0000-0000-0000-000000000000/resourceGroups/cli_test_vm_with_specialized_unmanaged_disk/providers/Microsoft.Resources/deployments/vm_deploy_eMlQvYA2qXMixl6Zp1MKXoL8X5G8DdD8","name":"vm_deploy_eMlQvYA2qXMixl6Zp1MKXoL8X5G8DdD8","properties":{"templateHash":"1010909035875825010","parameters":{},"mode":"Incremental","provisioningState":"Accepted","timestamp":"2017-08-23T20:58:37.4249707Z","duration":"PT0.4963145S","correlationId":"050f183b-a631-4ba7-af02-ad34ccfb9621","providers":[{"namespace":"Microsoft.Network","resourceTypes":[{"resourceType":"networkSecurityGroups","locations":["westus"]},{"resourceType":"publicIPAddresses","locations":["westus"]},{"resourceType":"networkInterfaces","locations":["westus"]}]},{"namespace":"Microsoft.Compute","resourceTypes":[{"resourceType":"virtualMachines","locations":["westus"]}]}],"dependencies":[{"dependsOn":[{"id":"/subscriptions/00000000-0000-0000-0000-000000000000/resourceGroups/cli_test_vm_with_specialized_unmanaged_disk/providers/Microsoft.Network/networkSecurityGroups/vm2NSG","resourceType":"Microsoft.Network/networkSecurityGroups","resourceName":"vm2NSG"},{"id":"/subscriptions/00000000-0000-0000-0000-000000000000/resourceGroups/cli_test_vm_with_specialized_unmanaged_disk/providers/Microsoft.Network/publicIPAddresses/vm2PublicIP","resourceType":"Microsoft.Network/publicIPAddresses","resourceName":"vm2PublicIP"}],"id":"/subscriptions/00000000-0000-0000-0000-000000000000/resourceGroups/cli_test_vm_with_specialized_unmanaged_disk/providers/Microsoft.Network/networkInterfaces/vm2VMNic","resourceType":"Microsoft.Network/networkInterfaces","resourceName":"vm2VMNic"},{"dependsOn":[{"id":"/subscriptions/00000000-0000-0000-0000-000000000000/resourceGroups/cli_test_vm_with_specialized_unmanaged_disk/providers/Microsoft.Network/networkInterfaces/vm2VMNic","resourceType":"Microsoft.Network/networkInterfaces","resourceName":"vm2VMNic"}],"id":"/subscriptions/00000000-0000-0000-0000-000000000000/resourceGroups/cli_test_vm_with_specialized_unmanaged_disk/providers/Microsoft.Compute/virtualMachines/vm2","resourceType":"Microsoft.Compute/virtualMachines","resourceName":"vm2"}]}}'}
    headers:
      Azure-AsyncOperation: ['https://management.azure.com/subscriptions/0b1f6471-1bf0-4dda-aec3-cb9272f09590/resourcegroups/cli_test_vm_with_specialized_unmanaged_disk/providers/Microsoft.Resources/deployments/vm_deploy_eMlQvYA2qXMixl6Zp1MKXoL8X5G8DdD8/operationStatuses/08586980849685489641?api-version=2017-05-10']
      Cache-Control: [no-cache]
      Content-Length: ['2207']
      Content-Type: [application/json; charset=utf-8]
      Date: ['Wed, 23 Aug 2017 20:58:36 GMT']
      Expires: ['-1']
      Pragma: [no-cache]
      Strict-Transport-Security: [max-age=31536000; includeSubDomains]
      x-ms-ratelimit-remaining-subscription-writes: ['1192']
    status: {code: 201, message: Created}
- request:
    body: null
    headers:
      Accept: [application/json]
      Accept-Encoding: ['gzip, deflate']
      Connection: [keep-alive]
      Content-Type: [application/json; charset=utf-8]
      User-Agent: [python/3.5.3 (Windows-10-10.0.15063-SP0) requests/2.9.1 msrest/0.4.13
          msrest_azure/0.4.11 resourcemanagementclient/1.1.0 Azure-SDK-For-Python
          AZURECLI/TEST/2.0.13+dev]
      accept-language: [en-US]
      x-ms-client-request-id: [d4ced638-8845-11e7-8b84-a0b3ccf7272a]
    method: GET
    uri: https://management.azure.com/subscriptions/00000000-0000-0000-0000-000000000000/resourcegroups/cli_test_vm_with_specialized_unmanaged_disk/providers/Microsoft.Resources/deployments/mock-deployment/operationStatuses/08586980849685489641?api-version=2017-05-10
  response:
    body: {string: '{"status":"Running"}'}
    headers:
      Cache-Control: [no-cache]
      Content-Type: [application/json; charset=utf-8]
      Date: ['Wed, 23 Aug 2017 20:59:07 GMT']
      Expires: ['-1']
      Pragma: [no-cache]
      Strict-Transport-Security: [max-age=31536000; includeSubDomains]
      Vary: [Accept-Encoding]
      content-length: ['20']
    status: {code: 200, message: OK}
- request:
    body: null
    headers:
      Accept: [application/json]
      Accept-Encoding: ['gzip, deflate']
      Connection: [keep-alive]
      Content-Type: [application/json; charset=utf-8]
      User-Agent: [python/3.5.3 (Windows-10-10.0.15063-SP0) requests/2.9.1 msrest/0.4.13
          msrest_azure/0.4.11 resourcemanagementclient/1.1.0 Azure-SDK-For-Python
          AZURECLI/TEST/2.0.13+dev]
      accept-language: [en-US]
      x-ms-client-request-id: [d4ced638-8845-11e7-8b84-a0b3ccf7272a]
    method: GET
    uri: https://management.azure.com/subscriptions/00000000-0000-0000-0000-000000000000/resourcegroups/cli_test_vm_with_specialized_unmanaged_disk/providers/Microsoft.Resources/deployments/mock-deployment/operationStatuses/08586980849685489641?api-version=2017-05-10
  response:
    body: {string: '{"status":"Running"}'}
    headers:
      Cache-Control: [no-cache]
      Content-Type: [application/json; charset=utf-8]
      Date: ['Wed, 23 Aug 2017 20:59:37 GMT']
      Expires: ['-1']
      Pragma: [no-cache]
      Strict-Transport-Security: [max-age=31536000; includeSubDomains]
      Vary: [Accept-Encoding]
      content-length: ['20']
    status: {code: 200, message: OK}
- request:
    body: null
    headers:
      Accept: [application/json]
      Accept-Encoding: ['gzip, deflate']
      Connection: [keep-alive]
      Content-Type: [application/json; charset=utf-8]
      User-Agent: [python/3.5.3 (Windows-10-10.0.15063-SP0) requests/2.9.1 msrest/0.4.13
          msrest_azure/0.4.11 resourcemanagementclient/1.1.0 Azure-SDK-For-Python
          AZURECLI/TEST/2.0.13+dev]
      accept-language: [en-US]
      x-ms-client-request-id: [d4ced638-8845-11e7-8b84-a0b3ccf7272a]
    method: GET
    uri: https://management.azure.com/subscriptions/00000000-0000-0000-0000-000000000000/resourcegroups/cli_test_vm_with_specialized_unmanaged_disk/providers/Microsoft.Resources/deployments/mock-deployment/operationStatuses/08586980849685489641?api-version=2017-05-10
  response:
    body: {string: '{"status":"Succeeded"}'}
    headers:
      Cache-Control: [no-cache]
      Content-Type: [application/json; charset=utf-8]
      Date: ['Wed, 23 Aug 2017 21:00:07 GMT']
      Expires: ['-1']
      Pragma: [no-cache]
      Strict-Transport-Security: [max-age=31536000; includeSubDomains]
      Vary: [Accept-Encoding]
      content-length: ['22']
    status: {code: 200, message: OK}
- request:
    body: null
    headers:
      Accept: [application/json]
      Accept-Encoding: ['gzip, deflate']
      Connection: [keep-alive]
      Content-Type: [application/json; charset=utf-8]
      User-Agent: [python/3.5.3 (Windows-10-10.0.15063-SP0) requests/2.9.1 msrest/0.4.13
          msrest_azure/0.4.11 resourcemanagementclient/1.1.0 Azure-SDK-For-Python
          AZURECLI/TEST/2.0.13+dev]
      accept-language: [en-US]
      x-ms-client-request-id: [d4ced638-8845-11e7-8b84-a0b3ccf7272a]
    method: GET
    uri: https://management.azure.com/subscriptions/00000000-0000-0000-0000-000000000000/resourcegroups/cli_test_vm_with_specialized_unmanaged_disk/providers/Microsoft.Resources/deployments/mock-deployment?api-version=2017-05-10
  response:
    body: {string: '{"id":"/subscriptions/00000000-0000-0000-0000-000000000000/resourceGroups/cli_test_vm_with_specialized_unmanaged_disk/providers/Microsoft.Resources/deployments/vm_deploy_eMlQvYA2qXMixl6Zp1MKXoL8X5G8DdD8","name":"vm_deploy_eMlQvYA2qXMixl6Zp1MKXoL8X5G8DdD8","properties":{"templateHash":"1010909035875825010","parameters":{},"mode":"Incremental","provisioningState":"Succeeded","timestamp":"2017-08-23T20:59:53.5119153Z","duration":"PT1M16.5832591S","correlationId":"050f183b-a631-4ba7-af02-ad34ccfb9621","providers":[{"namespace":"Microsoft.Network","resourceTypes":[{"resourceType":"networkSecurityGroups","locations":["westus"]},{"resourceType":"publicIPAddresses","locations":["westus"]},{"resourceType":"networkInterfaces","locations":["westus"]}]},{"namespace":"Microsoft.Compute","resourceTypes":[{"resourceType":"virtualMachines","locations":["westus"]}]}],"dependencies":[{"dependsOn":[{"id":"/subscriptions/00000000-0000-0000-0000-000000000000/resourceGroups/cli_test_vm_with_specialized_unmanaged_disk/providers/Microsoft.Network/networkSecurityGroups/vm2NSG","resourceType":"Microsoft.Network/networkSecurityGroups","resourceName":"vm2NSG"},{"id":"/subscriptions/00000000-0000-0000-0000-000000000000/resourceGroups/cli_test_vm_with_specialized_unmanaged_disk/providers/Microsoft.Network/publicIPAddresses/vm2PublicIP","resourceType":"Microsoft.Network/publicIPAddresses","resourceName":"vm2PublicIP"}],"id":"/subscriptions/00000000-0000-0000-0000-000000000000/resourceGroups/cli_test_vm_with_specialized_unmanaged_disk/providers/Microsoft.Network/networkInterfaces/vm2VMNic","resourceType":"Microsoft.Network/networkInterfaces","resourceName":"vm2VMNic"},{"dependsOn":[{"id":"/subscriptions/00000000-0000-0000-0000-000000000000/resourceGroups/cli_test_vm_with_specialized_unmanaged_disk/providers/Microsoft.Network/networkInterfaces/vm2VMNic","resourceType":"Microsoft.Network/networkInterfaces","resourceName":"vm2VMNic"}],"id":"/subscriptions/00000000-0000-0000-0000-000000000000/resourceGroups/cli_test_vm_with_specialized_unmanaged_disk/providers/Microsoft.Compute/virtualMachines/vm2","resourceType":"Microsoft.Compute/virtualMachines","resourceName":"vm2"}],"outputs":{},"outputResources":[{"id":"/subscriptions/00000000-0000-0000-0000-000000000000/resourceGroups/cli_test_vm_with_specialized_unmanaged_disk/providers/Microsoft.Compute/virtualMachines/vm2"},{"id":"/subscriptions/00000000-0000-0000-0000-000000000000/resourceGroups/cli_test_vm_with_specialized_unmanaged_disk/providers/Microsoft.Network/networkInterfaces/vm2VMNic"},{"id":"/subscriptions/00000000-0000-0000-0000-000000000000/resourceGroups/cli_test_vm_with_specialized_unmanaged_disk/providers/Microsoft.Network/networkSecurityGroups/vm2NSG"},{"id":"/subscriptions/00000000-0000-0000-0000-000000000000/resourceGroups/cli_test_vm_with_specialized_unmanaged_disk/providers/Microsoft.Network/publicIPAddresses/vm2PublicIP"}]}}'}
    headers:
      Cache-Control: [no-cache]
      Content-Type: [application/json; charset=utf-8]
      Date: ['Wed, 23 Aug 2017 21:00:08 GMT']
      Expires: ['-1']
      Pragma: [no-cache]
      Strict-Transport-Security: [max-age=31536000; includeSubDomains]
      Vary: [Accept-Encoding]
      content-length: ['2966']
    status: {code: 200, message: OK}
- request:
    body: null
    headers:
      Accept: [application/json]
      Accept-Encoding: ['gzip, deflate']
      Connection: [keep-alive]
      Content-Type: [application/json; charset=utf-8]
      User-Agent: [python/3.5.3 (Windows-10-10.0.15063-SP0) requests/2.9.1 msrest/0.4.13
          msrest_azure/0.4.11 computemanagementclient/2.0.0 Azure-SDK-For-Python AZURECLI/TEST/2.0.13+dev]
      accept-language: [en-US]
      x-ms-client-request-id: [0c716c98-8846-11e7-be85-a0b3ccf7272a]
    method: GET
    uri: https://management.azure.com/subscriptions/00000000-0000-0000-0000-000000000000/resourceGroups/cli_test_vm_with_specialized_unmanaged_disk/providers/Microsoft.Compute/virtualMachines/vm2?$expand=instanceView&api-version=2017-03-30
  response:
    body: {string: "{\r\n  \"properties\": {\r\n    \"vmId\": \"9309091e-34ad-48a2-bccd-3d2165403107\"\
        ,\r\n    \"hardwareProfile\": {\r\n      \"vmSize\": \"Standard_DS1_v2\"\r\
        \n    },\r\n    \"storageProfile\": {\r\n      \"osDisk\": {\r\n        \"\
        osType\": \"Linux\",\r\n        \"name\": \"osdisk_f94502eed8\",\r\n     \
        \   \"createOption\": \"Attach\",\r\n        \"vhd\": {\r\n          \"uri\"\
        : \"https://vhdstoragef94502eed806ae.blob.core.windows.net/vhds/osdisk_f94502eed8.vhd\"\
        \r\n        },\r\n        \"caching\": \"ReadWrite\"\r\n      },\r\n     \
        \ \"dataDisks\": []\r\n    },\r\n    \"networkProfile\": {\"networkInterfaces\"\
        :[{\"id\":\"/subscriptions/00000000-0000-0000-0000-000000000000/resourceGroups/cli_test_vm_with_specialized_unmanaged_disk/providers/Microsoft.Network/networkInterfaces/vm2VMNic\"\
        }]},\r\n    \"provisioningState\": \"Succeeded\",\r\n    \"instanceView\"\
        : {\r\n      \"vmAgent\": {\r\n        \"vmAgentVersion\": \"Unknown\",\r\n\
        \        \"statuses\": [\r\n          {\r\n            \"code\": \"ProvisioningState/Unavailable\"\
        ,\r\n            \"level\": \"Warning\",\r\n            \"displayStatus\"\
        : \"Not Ready\",\r\n            \"message\": \"VM status blob is found but\
        \ not yet populated.\",\r\n            \"time\": \"2017-08-23T21:00:09+00:00\"\
        \r\n          }\r\n        ]\r\n      },\r\n      \"disks\": [\r\n       \
        \ {\r\n          \"name\": \"osdisk_f94502eed8\",\r\n          \"statuses\"\
        : [\r\n            {\r\n              \"code\": \"ProvisioningState/succeeded\"\
        ,\r\n              \"level\": \"Info\",\r\n              \"displayStatus\"\
        : \"Provisioning succeeded\",\r\n              \"time\": \"2017-08-23T20:59:01.7447846+00:00\"\
        \r\n            }\r\n          ]\r\n        }\r\n      ],\r\n      \"statuses\"\
        : [\r\n        {\r\n          \"code\": \"ProvisioningState/succeeded\",\r\
        \n          \"level\": \"Info\",\r\n          \"displayStatus\": \"Provisioning\
        \ succeeded\",\r\n          \"time\": \"2017-08-23T20:59:48.7006185+00:00\"\
        \r\n        },\r\n        {\r\n          \"code\": \"PowerState/running\"\
        ,\r\n          \"level\": \"Info\",\r\n          \"displayStatus\": \"VM running\"\
        \r\n        }\r\n      ]\r\n    }\r\n  },\r\n  \"type\": \"Microsoft.Compute/virtualMachines\"\
        ,\r\n  \"location\": \"westus\",\r\n  \"tags\": {},\r\n  \"id\": \"/subscriptions/00000000-0000-0000-0000-000000000000/resourceGroups/cli_test_vm_with_specialized_unmanaged_disk/providers/Microsoft.Compute/virtualMachines/vm2\"\
        ,\r\n  \"name\": \"vm2\"\r\n}"}
    headers:
      Cache-Control: [no-cache]
      Content-Type: [application/json; charset=utf-8]
      Date: ['Wed, 23 Aug 2017 21:00:09 GMT']
      Expires: ['-1']
      Pragma: [no-cache]
      Server: [Microsoft-HTTPAPI/2.0, Microsoft-HTTPAPI/2.0]
      Strict-Transport-Security: [max-age=31536000; includeSubDomains]
      Transfer-Encoding: [chunked]
      Vary: [Accept-Encoding]
      content-length: ['2195']
    status: {code: 200, message: OK}
- request:
    body: null
    headers:
      Accept: [application/json]
      Accept-Encoding: ['gzip, deflate']
      Connection: [keep-alive]
      Content-Type: [application/json; charset=utf-8]
      User-Agent: [python/3.5.3 (Windows-10-10.0.15063-SP0) requests/2.9.1 msrest/0.4.13
          msrest_azure/0.4.11 networkmanagementclient/1.4.0 Azure-SDK-For-Python AZURECLI/TEST/2.0.13+dev]
      accept-language: [en-US]
      x-ms-client-request-id: [0ca4e336-8846-11e7-b1ce-a0b3ccf7272a]
    method: GET
    uri: https://management.azure.com/subscriptions/00000000-0000-0000-0000-000000000000/resourceGroups/cli_test_vm_with_specialized_unmanaged_disk/providers/Microsoft.Network/networkInterfaces/vm2VMNic?api-version=2017-08-01
  response:
    body: {string: "{\r\n  \"name\": \"vm2VMNic\",\r\n  \"id\": \"/subscriptions/00000000-0000-0000-0000-000000000000/resourceGroups/cli_test_vm_with_specialized_unmanaged_disk/providers/Microsoft.Network/networkInterfaces/vm2VMNic\"\
        ,\r\n  \"etag\": \"W/\\\"83d8a0c3-c933-4a65-bf6a-654ccf824863\\\"\",\r\n \
        \ \"location\": \"westus\",\r\n  \"tags\": {},\r\n  \"properties\": {\r\n\
        \    \"provisioningState\": \"Succeeded\",\r\n    \"resourceGuid\": \"79b23447-c79d-4a34-97bb-19a05ebd1b39\"\
        ,\r\n    \"ipConfigurations\": [\r\n      {\r\n        \"name\": \"ipconfigvm2\"\
        ,\r\n        \"id\": \"/subscriptions/00000000-0000-0000-0000-000000000000/resourceGroups/cli_test_vm_with_specialized_unmanaged_disk/providers/Microsoft.Network/networkInterfaces/vm2VMNic/ipConfigurations/ipconfigvm2\"\
        ,\r\n        \"etag\": \"W/\\\"83d8a0c3-c933-4a65-bf6a-654ccf824863\\\"\"\
        ,\r\n        \"properties\": {\r\n          \"provisioningState\": \"Succeeded\"\
        ,\r\n          \"privateIPAddress\": \"10.0.0.5\",\r\n          \"privateIPAllocationMethod\"\
        : \"Dynamic\",\r\n          \"publicIPAddress\": {\r\n            \"id\":\
        \ \"/subscriptions/00000000-0000-0000-0000-000000000000/resourceGroups/cli_test_vm_with_specialized_unmanaged_disk/providers/Microsoft.Network/publicIPAddresses/vm2PublicIP\"\
        \r\n          },\r\n          \"subnet\": {\r\n            \"id\": \"/subscriptions/00000000-0000-0000-0000-000000000000/resourceGroups/cli_test_vm_with_specialized_unmanaged_disk/providers/Microsoft.Network/virtualNetworks/vm1VNET/subnets/vm1Subnet\"\
        \r\n          },\r\n          \"primary\": true,\r\n          \"privateIPAddressVersion\"\
        : \"IPv4\"\r\n        }\r\n      }\r\n    ],\r\n    \"dnsSettings\": {\r\n\
        \      \"dnsServers\": [],\r\n      \"appliedDnsServers\": [],\r\n      \"\
        internalDomainNameSuffix\": \"flufnvrz3fcu1lsn0xytaf0rtg.dx.internal.cloudapp.net\"\
        \r\n    },\r\n    \"macAddress\": \"00-0D-3A-32-37-C0\",\r\n    \"enableAcceleratedNetworking\"\
        : false,\r\n    \"enableIPForwarding\": false,\r\n    \"networkSecurityGroup\"\
        : {\r\n      \"id\": \"/subscriptions/00000000-0000-0000-0000-000000000000/resourceGroups/cli_test_vm_with_specialized_unmanaged_disk/providers/Microsoft.Network/networkSecurityGroups/vm2NSG\"\
        \r\n    },\r\n    \"primary\": true,\r\n    \"virtualMachine\": {\r\n    \
        \  \"id\": \"/subscriptions/00000000-0000-0000-0000-000000000000/resourceGroups/cli_test_vm_with_specialized_unmanaged_disk/providers/Microsoft.Compute/virtualMachines/vm2\"\
        \r\n    }\r\n  },\r\n  \"type\": \"Microsoft.Network/networkInterfaces\"\r\
        \n}"}
    headers:
      Cache-Control: [no-cache]
      Content-Type: [application/json; charset=utf-8]
      Date: ['Wed, 23 Aug 2017 21:00:09 GMT']
      ETag: [W/"83d8a0c3-c933-4a65-bf6a-654ccf824863"]
      Expires: ['-1']
      Pragma: [no-cache]
      Server: [Microsoft-HTTPAPI/2.0, Microsoft-HTTPAPI/2.0]
      Strict-Transport-Security: [max-age=31536000; includeSubDomains]
      Transfer-Encoding: [chunked]
      Vary: [Accept-Encoding]
      content-length: ['2339']
    status: {code: 200, message: OK}
- request:
    body: null
    headers:
      Accept: [application/json]
      Accept-Encoding: ['gzip, deflate']
      Connection: [keep-alive]
      Content-Type: [application/json; charset=utf-8]
      User-Agent: [python/3.5.3 (Windows-10-10.0.15063-SP0) requests/2.9.1 msrest/0.4.13
          msrest_azure/0.4.11 networkmanagementclient/1.4.0 Azure-SDK-For-Python AZURECLI/TEST/2.0.13+dev]
      accept-language: [en-US]
      x-ms-client-request-id: [0cd6e4e2-8846-11e7-b58e-a0b3ccf7272a]
    method: GET
    uri: https://management.azure.com/subscriptions/00000000-0000-0000-0000-000000000000/resourceGroups/cli_test_vm_with_specialized_unmanaged_disk/providers/Microsoft.Network/publicIPAddresses/vm2PublicIP?api-version=2017-08-01
  response:
    body: {string: "{\r\n  \"name\": \"vm2PublicIP\",\r\n  \"id\": \"/subscriptions/00000000-0000-0000-0000-000000000000/resourceGroups/cli_test_vm_with_specialized_unmanaged_disk/providers/Microsoft.Network/publicIPAddresses/vm2PublicIP\"\
        ,\r\n  \"etag\": \"W/\\\"5fa3f149-9b23-4e8e-ab20-08e7fa355dce\\\"\",\r\n \
        \ \"location\": \"westus\",\r\n  \"tags\": {},\r\n  \"properties\": {\r\n\
        \    \"provisioningState\": \"Succeeded\",\r\n    \"resourceGuid\": \"14c087e0-5ca0-4c1a-be59-9ba3f07e9bbe\"\
        ,\r\n    \"ipAddress\": \"104.42.186.253\",\r\n    \"publicIPAddressVersion\"\
        : \"IPv4\",\r\n    \"publicIPAllocationMethod\": \"Dynamic\",\r\n    \"idleTimeoutInMinutes\"\
        : 4,\r\n    \"ipConfiguration\": {\r\n      \"id\": \"/subscriptions/00000000-0000-0000-0000-000000000000/resourceGroups/cli_test_vm_with_specialized_unmanaged_disk/providers/Microsoft.Network/networkInterfaces/vm2VMNic/ipConfigurations/ipconfigvm2\"\
        \r\n    }\r\n  },\r\n  \"type\": \"Microsoft.Network/publicIPAddresses\",\r\
        \n  \"sku\": {\r\n    \"name\": \"Basic\"\r\n  }\r\n}"}
    headers:
      Cache-Control: [no-cache]
      Content-Type: [application/json; charset=utf-8]
      Date: ['Wed, 23 Aug 2017 21:00:10 GMT']
      ETag: [W/"5fa3f149-9b23-4e8e-ab20-08e7fa355dce"]
      Expires: ['-1']
      Pragma: [no-cache]
      Server: [Microsoft-HTTPAPI/2.0, Microsoft-HTTPAPI/2.0]
      Strict-Transport-Security: [max-age=31536000; includeSubDomains]
      Transfer-Encoding: [chunked]
      Vary: [Accept-Encoding]
      content-length: ['927']
    status: {code: 200, message: OK}
version: 1
