interactions:
- request:
    body: null
    headers:
      Accept: [application/json]
      Accept-Encoding: ['gzip, deflate']
      Connection: [keep-alive]
      Content-Type: [application/json; charset=utf-8]
      User-Agent: [python/3.5.3 (Windows-10-10.0.15063-SP0) requests/2.18.4 msrest/0.4.19
          msrest_azure/0.4.18 computemanagementclient/3.1.0rc1 Azure-SDK-For-Python
          AZURECLI/TEST/2.0.23]
      accept-language: [en-US]
      x-ms-client-request-id: [3b164680-dff4-11e7-a3ef-f4b7e2e85440]
    method: GET
    uri: https://management.azure.com/subscriptions/00000000-0000-0000-0000-000000000000/resourceGroups/cli-test-disk/providers/Microsoft.Compute/virtualMachines/vm-datadisk-test?api-version=2017-12-01
  response:
    body: {string: "{\r\n  \"properties\": {\r\n    \"vmId\": \"eb49fb03-168b-4e01-961a-e6f2d602814c\"\
        ,\r\n    \"hardwareProfile\": {\r\n      \"vmSize\": \"Standard_DS1_v2\"\r\
        \n    },\r\n    \"storageProfile\": {\r\n      \"imageReference\": {\r\n \
        \       \"publisher\": \"Canonical\",\r\n        \"offer\": \"UbuntuServer\"\
        ,\r\n        \"sku\": \"16.04-LTS\",\r\n        \"version\": \"latest\"\r\n\
        \      },\r\n      \"osDisk\": {\r\n        \"osType\": \"Linux\",\r\n   \
        \     \"name\": \"osdisk_da0eb59417\",\r\n        \"createOption\": \"FromImage\"\
        ,\r\n        \"vhd\": {\r\n          \"uri\": \"https://vhdstorageda0eb594175616.blob.core.windows.net/vhds/osdisk_da0eb59417.vhd\"\
        \r\n        },\r\n        \"caching\": \"ReadWrite\",\r\n        \"diskSizeGB\"\
        : 30\r\n      },\r\n      \"dataDisks\": []\r\n    },\r\n    \"osProfile\"\
        : {\r\n      \"computerName\": \"vm-datadisk-test\",\r\n      \"adminUsername\"\
        : \"ubuntu\",\r\n      \"linuxConfiguration\": {\r\n        \"disablePasswordAuthentication\"\
        : false\r\n      },\r\n      \"secrets\": []\r\n    },\r\n    \"networkProfile\"\
        : {\"networkInterfaces\":[{\"id\":\"/subscriptions/00000000-0000-0000-0000-000000000000/resourceGroups/cli-test-disk/providers/Microsoft.Network/networkInterfaces/vm-datadisk-testVMNic\"\
        }]},\r\n    \"provisioningState\": \"Succeeded\"\r\n  },\r\n  \"type\": \"\
        Microsoft.Compute/virtualMachines\",\r\n  \"location\": \"westus\",\r\n  \"\
        tags\": {},\r\n  \"id\": \"/subscriptions/00000000-0000-0000-0000-000000000000/resourceGroups/cli-test-disk/providers/Microsoft.Compute/virtualMachines/vm-datadisk-test\"\
        ,\r\n  \"name\": \"vm-datadisk-test\"\r\n}"}
    headers:
      Cache-Control: [no-cache]
      Content-Type: [application/json; charset=utf-8]
      Date: ['Wed, 13 Dec 2017 10:56:11 GMT']
      Expires: ['-1']
      Pragma: [no-cache]
      Server: [Microsoft-HTTPAPI/2.0, Microsoft-HTTPAPI/2.0]
      Strict-Transport-Security: [max-age=31536000; includeSubDomains]
      Transfer-Encoding: [chunked]
      Vary: [Accept-Encoding]
      content-length: ['1438']
      x-ms-ratelimit-remaining-resource: ['Microsoft.Compute/LowCostGet3Min;4995,Microsoft.Compute/LowCostGet30Min;39995']
    status: {code: 200, message: OK}
- request:
    body: null
    headers:
      Accept: [application/json]
      Accept-Encoding: ['gzip, deflate']
      Connection: [keep-alive]
      Content-Type: [application/json; charset=utf-8]
      User-Agent: [python/3.5.3 (Windows-10-10.0.15063-SP0) requests/2.18.4 msrest/0.4.19
          msrest_azure/0.4.18 computemanagementclient/3.1.0rc1 Azure-SDK-For-Python
          AZURECLI/TEST/2.0.23]
      accept-language: [en-US]
      x-ms-client-request-id: [3b5908a8-dff4-11e7-b205-f4b7e2e85440]
    method: GET
    uri: https://management.azure.com/subscriptions/00000000-0000-0000-0000-000000000000/resourceGroups/cli-test-disk/providers/Microsoft.Compute/virtualMachines/vm-datadisk-test?api-version=2017-12-01
  response:
    body: {string: "{\r\n  \"properties\": {\r\n    \"vmId\": \"eb49fb03-168b-4e01-961a-e6f2d602814c\"\
        ,\r\n    \"hardwareProfile\": {\r\n      \"vmSize\": \"Standard_DS1_v2\"\r\
        \n    },\r\n    \"storageProfile\": {\r\n      \"imageReference\": {\r\n \
        \       \"publisher\": \"Canonical\",\r\n        \"offer\": \"UbuntuServer\"\
        ,\r\n        \"sku\": \"16.04-LTS\",\r\n        \"version\": \"latest\"\r\n\
        \      },\r\n      \"osDisk\": {\r\n        \"osType\": \"Linux\",\r\n   \
        \     \"name\": \"osdisk_da0eb59417\",\r\n        \"createOption\": \"FromImage\"\
        ,\r\n        \"vhd\": {\r\n          \"uri\": \"https://vhdstorageda0eb594175616.blob.core.windows.net/vhds/osdisk_da0eb59417.vhd\"\
        \r\n        },\r\n        \"caching\": \"ReadWrite\",\r\n        \"diskSizeGB\"\
        : 30\r\n      },\r\n      \"dataDisks\": []\r\n    },\r\n    \"osProfile\"\
        : {\r\n      \"computerName\": \"vm-datadisk-test\",\r\n      \"adminUsername\"\
        : \"ubuntu\",\r\n      \"linuxConfiguration\": {\r\n        \"disablePasswordAuthentication\"\
        : false\r\n      },\r\n      \"secrets\": []\r\n    },\r\n    \"networkProfile\"\
        : {\"networkInterfaces\":[{\"id\":\"/subscriptions/00000000-0000-0000-0000-000000000000/resourceGroups/cli-test-disk/providers/Microsoft.Network/networkInterfaces/vm-datadisk-testVMNic\"\
        }]},\r\n    \"provisioningState\": \"Succeeded\"\r\n  },\r\n  \"type\": \"\
        Microsoft.Compute/virtualMachines\",\r\n  \"location\": \"westus\",\r\n  \"\
        tags\": {},\r\n  \"id\": \"/subscriptions/00000000-0000-0000-0000-000000000000/resourceGroups/cli-test-disk/providers/Microsoft.Compute/virtualMachines/vm-datadisk-test\"\
        ,\r\n  \"name\": \"vm-datadisk-test\"\r\n}"}
    headers:
      Cache-Control: [no-cache]
      Content-Type: [application/json; charset=utf-8]
      Date: ['Wed, 13 Dec 2017 10:56:11 GMT']
      Expires: ['-1']
      Pragma: [no-cache]
      Server: [Microsoft-HTTPAPI/2.0, Microsoft-HTTPAPI/2.0]
      Strict-Transport-Security: [max-age=31536000; includeSubDomains]
      Transfer-Encoding: [chunked]
      Vary: [Accept-Encoding]
      content-length: ['1438']
      x-ms-ratelimit-remaining-resource: ['Microsoft.Compute/LowCostGet3Min;4994,Microsoft.Compute/LowCostGet30Min;39994']
    status: {code: 200, message: OK}
- request:
    body: '{"tags": {}, "location": "westus", "properties": {"osProfile": {"linuxConfiguration":
      {"disablePasswordAuthentication": false}, "computerName": "vm-datadisk-test",
      "secrets": [], "adminUsername": "ubuntu"}, "storageProfile": {"osDisk": {"caching":
      "ReadWrite", "name": "osdisk_da0eb59417", "createOption": "FromImage", "vhd":
      {"uri": "https://vhdstorageda0eb594175616.blob.core.windows.net/vhds/osdisk_da0eb59417.vhd"},
      "osType": "Linux", "diskSizeGB": 30}, "imageReference": {"offer": "UbuntuServer",
      "sku": "16.04-LTS", "version": "latest", "publisher": "Canonical"}, "dataDisks":
      [{"name": "d7", "createOption": "Empty", "vhd": {"uri": "https://vhdstorageda0eb594175616.blob.core.windows.net/vhds/d7.vhd"},
      "caching": "ReadWrite", "lun": 1, "diskSizeGB": 8}]}, "networkProfile": {"networkInterfaces":
      [{"id": "/subscriptions/0b1f6471-1bf0-4dda-aec3-cb9272f09590/resourceGroups/cli-test-disk/providers/Microsoft.Network/networkInterfaces/vm-datadisk-testVMNic"}]},
      "hardwareProfile": {"vmSize": "Standard_DS1_v2"}}}'
    headers:
      Accept: [application/json]
      Accept-Encoding: ['gzip, deflate']
      Connection: [keep-alive]
      Content-Length: ['1023']
      Content-Type: [application/json; charset=utf-8]
      User-Agent: [python/3.5.3 (Windows-10-10.0.15063-SP0) requests/2.18.4 msrest/0.4.19
          msrest_azure/0.4.18 computemanagementclient/3.1.0rc1 Azure-SDK-For-Python
          AZURECLI/TEST/2.0.23]
      accept-language: [en-US]
      x-ms-client-request-id: [3bbac936-dff4-11e7-89c6-f4b7e2e85440]
    method: PUT
    uri: https://management.azure.com/subscriptions/00000000-0000-0000-0000-000000000000/resourceGroups/cli-test-disk/providers/Microsoft.Compute/virtualMachines/vm-datadisk-test?api-version=2017-12-01
  response:
    body: {string: "{\r\n  \"properties\": {\r\n    \"vmId\": \"eb49fb03-168b-4e01-961a-e6f2d602814c\"\
        ,\r\n    \"hardwareProfile\": {\r\n      \"vmSize\": \"Standard_DS1_v2\"\r\
        \n    },\r\n    \"storageProfile\": {\r\n      \"imageReference\": {\r\n \
        \       \"publisher\": \"Canonical\",\r\n        \"offer\": \"UbuntuServer\"\
        ,\r\n        \"sku\": \"16.04-LTS\",\r\n        \"version\": \"latest\"\r\n\
        \      },\r\n      \"osDisk\": {\r\n        \"osType\": \"Linux\",\r\n   \
        \     \"name\": \"osdisk_da0eb59417\",\r\n        \"createOption\": \"FromImage\"\
        ,\r\n        \"vhd\": {\r\n          \"uri\": \"https://vhdstorageda0eb594175616.blob.core.windows.net/vhds/osdisk_da0eb59417.vhd\"\
        \r\n        },\r\n        \"caching\": \"ReadWrite\",\r\n        \"diskSizeGB\"\
        : 30\r\n      },\r\n      \"dataDisks\": [\r\n        {\r\n          \"lun\"\
        : 1,\r\n          \"name\": \"d7\",\r\n          \"createOption\": \"Empty\"\
        ,\r\n          \"vhd\": {\r\n            \"uri\": \"https://vhdstorageda0eb594175616.blob.core.windows.net/vhds/d7.vhd\"\
        \r\n          },\r\n          \"caching\": \"ReadWrite\",\r\n          \"\
        diskSizeGB\": 8\r\n        }\r\n      ]\r\n    },\r\n    \"osProfile\": {\r\
        \n      \"computerName\": \"vm-datadisk-test\",\r\n      \"adminUsername\"\
        : \"ubuntu\",\r\n      \"linuxConfiguration\": {\r\n        \"disablePasswordAuthentication\"\
        : false\r\n      },\r\n      \"secrets\": []\r\n    },\r\n    \"networkProfile\"\
        : {\"networkInterfaces\":[{\"id\":\"/subscriptions/00000000-0000-0000-0000-000000000000/resourceGroups/cli-test-disk/providers/Microsoft.Network/networkInterfaces/vm-datadisk-testVMNic\"\
        }]},\r\n    \"provisioningState\": \"Updating\"\r\n  },\r\n  \"type\": \"\
        Microsoft.Compute/virtualMachines\",\r\n  \"location\": \"westus\",\r\n  \"\
        tags\": {},\r\n  \"id\": \"/subscriptions/00000000-0000-0000-0000-000000000000/resourceGroups/cli-test-disk/providers/Microsoft.Compute/virtualMachines/vm-datadisk-test\"\
        ,\r\n  \"name\": \"vm-datadisk-test\"\r\n}"}
    headers:
      Azure-AsyncOperation: ['https://management.azure.com/subscriptions/0b1f6471-1bf0-4dda-aec3-cb9272f09590/providers/Microsoft.Compute/locations/westus/operations/e3d6be7c-83b1-4d90-ad38-938d42658b6a?api-version=2017-12-01']
      Cache-Control: [no-cache]
      Content-Type: [application/json; charset=utf-8]
      Date: ['Wed, 13 Dec 2017 10:56:13 GMT']
      Expires: ['-1']
      Pragma: [no-cache]
      Server: [Microsoft-HTTPAPI/2.0, Microsoft-HTTPAPI/2.0]
      Strict-Transport-Security: [max-age=31536000; includeSubDomains]
      Transfer-Encoding: [chunked]
      Vary: [Accept-Encoding]
      content-length: ['1734']
      x-ms-ratelimit-remaining-resource: ['Microsoft.Compute/CreateUpdateVM3Min;298,Microsoft.Compute/CreateUpdateVM30Min;1498']
      x-ms-ratelimit-remaining-subscription-writes: ['1199']
    status: {code: 200, message: OK}
- request:
    body: null
    headers:
      Accept: [application/json]
      Accept-Encoding: ['gzip, deflate']
      Connection: [keep-alive]
      Content-Type: [application/json; charset=utf-8]
      User-Agent: [python/3.5.3 (Windows-10-10.0.15063-SP0) requests/2.18.4 msrest/0.4.19
          msrest_azure/0.4.18 computemanagementclient/3.1.0rc1 Azure-SDK-For-Python
          AZURECLI/TEST/2.0.23]
      accept-language: [en-US]
      x-ms-client-request-id: [3bbac936-dff4-11e7-89c6-f4b7e2e85440]
    method: GET
    uri: https://management.azure.com/subscriptions/00000000-0000-0000-0000-000000000000/providers/Microsoft.Compute/locations/westus/operations/e3d6be7c-83b1-4d90-ad38-938d42658b6a?api-version=2017-12-01
  response:
    body: {string: "{\r\n  \"startTime\": \"2017-12-13T10:56:13.9847093+00:00\",\r\
        \n  \"endTime\": \"2017-12-13T10:56:32.2816883+00:00\",\r\n  \"status\": \"\
        Succeeded\",\r\n  \"name\": \"e3d6be7c-83b1-4d90-ad38-938d42658b6a\"\r\n}"}
    headers:
      Cache-Control: [no-cache]
      Content-Type: [application/json; charset=utf-8]
      Date: ['Wed, 13 Dec 2017 10:56:43 GMT']
      Expires: ['-1']
      Pragma: [no-cache]
      Server: [Microsoft-HTTPAPI/2.0, Microsoft-HTTPAPI/2.0]
      Strict-Transport-Security: [max-age=31536000; includeSubDomains]
      Transfer-Encoding: [chunked]
      Vary: [Accept-Encoding]
      content-length: ['184']
      x-ms-ratelimit-remaining-resource: ['Microsoft.Compute/GetOperation3Min;2130,Microsoft.Compute/GetOperation30Min;17941']
    status: {code: 200, message: OK}
- request:
    body: null
    headers:
      Accept: [application/json]
      Accept-Encoding: ['gzip, deflate']
      Connection: [keep-alive]
      Content-Type: [application/json; charset=utf-8]
      User-Agent: [python/3.5.3 (Windows-10-10.0.15063-SP0) requests/2.18.4 msrest/0.4.19
          msrest_azure/0.4.18 computemanagementclient/3.1.0rc1 Azure-SDK-For-Python
          AZURECLI/TEST/2.0.23]
      accept-language: [en-US]
      x-ms-client-request-id: [3bbac936-dff4-11e7-89c6-f4b7e2e85440]
    method: GET
    uri: https://management.azure.com/subscriptions/00000000-0000-0000-0000-000000000000/resourceGroups/cli-test-disk/providers/Microsoft.Compute/virtualMachines/vm-datadisk-test?api-version=2017-12-01
  response:
    body: {string: "{\r\n  \"properties\": {\r\n    \"vmId\": \"eb49fb03-168b-4e01-961a-e6f2d602814c\"\
        ,\r\n    \"hardwareProfile\": {\r\n      \"vmSize\": \"Standard_DS1_v2\"\r\
        \n    },\r\n    \"storageProfile\": {\r\n      \"imageReference\": {\r\n \
        \       \"publisher\": \"Canonical\",\r\n        \"offer\": \"UbuntuServer\"\
        ,\r\n        \"sku\": \"16.04-LTS\",\r\n        \"version\": \"latest\"\r\n\
        \      },\r\n      \"osDisk\": {\r\n        \"osType\": \"Linux\",\r\n   \
        \     \"name\": \"osdisk_da0eb59417\",\r\n        \"createOption\": \"FromImage\"\
        ,\r\n        \"vhd\": {\r\n          \"uri\": \"https://vhdstorageda0eb594175616.blob.core.windows.net/vhds/osdisk_da0eb59417.vhd\"\
        \r\n        },\r\n        \"caching\": \"ReadWrite\",\r\n        \"diskSizeGB\"\
        : 30\r\n      },\r\n      \"dataDisks\": [\r\n        {\r\n          \"lun\"\
        : 1,\r\n          \"name\": \"d7\",\r\n          \"createOption\": \"Empty\"\
        ,\r\n          \"vhd\": {\r\n            \"uri\": \"https://vhdstorageda0eb594175616.blob.core.windows.net/vhds/d7.vhd\"\
        \r\n          },\r\n          \"caching\": \"ReadWrite\",\r\n          \"\
        diskSizeGB\": 8\r\n        }\r\n      ]\r\n    },\r\n    \"osProfile\": {\r\
        \n      \"computerName\": \"vm-datadisk-test\",\r\n      \"adminUsername\"\
        : \"ubuntu\",\r\n      \"linuxConfiguration\": {\r\n        \"disablePasswordAuthentication\"\
        : false\r\n      },\r\n      \"secrets\": []\r\n    },\r\n    \"networkProfile\"\
        : {\"networkInterfaces\":[{\"id\":\"/subscriptions/00000000-0000-0000-0000-000000000000/resourceGroups/cli-test-disk/providers/Microsoft.Network/networkInterfaces/vm-datadisk-testVMNic\"\
        }]},\r\n    \"provisioningState\": \"Succeeded\"\r\n  },\r\n  \"type\": \"\
        Microsoft.Compute/virtualMachines\",\r\n  \"location\": \"westus\",\r\n  \"\
        tags\": {},\r\n  \"id\": \"/subscriptions/00000000-0000-0000-0000-000000000000/resourceGroups/cli-test-disk/providers/Microsoft.Compute/virtualMachines/vm-datadisk-test\"\
        ,\r\n  \"name\": \"vm-datadisk-test\"\r\n}"}
    headers:
      Cache-Control: [no-cache]
      Content-Type: [application/json; charset=utf-8]
      Date: ['Wed, 13 Dec 2017 10:56:43 GMT']
      Expires: ['-1']
      Pragma: [no-cache]
      Server: [Microsoft-HTTPAPI/2.0, Microsoft-HTTPAPI/2.0]
      Strict-Transport-Security: [max-age=31536000; includeSubDomains]
      Transfer-Encoding: [chunked]
      Vary: [Accept-Encoding]
      content-length: ['1735']
      x-ms-ratelimit-remaining-resource: ['Microsoft.Compute/LowCostGet3Min;4992,Microsoft.Compute/LowCostGet30Min;39992']
    status: {code: 200, message: OK}
- request:
    body: null
    headers:
      Accept: [application/json]
      Accept-Encoding: ['gzip, deflate']
      Connection: [keep-alive]
      Content-Type: [application/json; charset=utf-8]
      User-Agent: [python/3.5.3 (Windows-10-10.0.15063-SP0) requests/2.18.4 msrest/0.4.19
          msrest_azure/0.4.18 computemanagementclient/3.1.0rc1 Azure-SDK-For-Python
          AZURECLI/TEST/2.0.23]
      accept-language: [en-US]
      x-ms-client-request-id: [4f24fbc0-dff4-11e7-bebb-f4b7e2e85440]
    method: GET
    uri: https://management.azure.com/subscriptions/00000000-0000-0000-0000-000000000000/resourceGroups/cli-test-disk/providers/Microsoft.Compute/virtualMachines/vm-datadisk-test?api-version=2017-12-01
  response:
    body: {string: "{\r\n  \"properties\": {\r\n    \"vmId\": \"eb49fb03-168b-4e01-961a-e6f2d602814c\"\
        ,\r\n    \"hardwareProfile\": {\r\n      \"vmSize\": \"Standard_DS1_v2\"\r\
        \n    },\r\n    \"storageProfile\": {\r\n      \"imageReference\": {\r\n \
        \       \"publisher\": \"Canonical\",\r\n        \"offer\": \"UbuntuServer\"\
        ,\r\n        \"sku\": \"16.04-LTS\",\r\n        \"version\": \"latest\"\r\n\
        \      },\r\n      \"osDisk\": {\r\n        \"osType\": \"Linux\",\r\n   \
        \     \"name\": \"osdisk_da0eb59417\",\r\n        \"createOption\": \"FromImage\"\
        ,\r\n        \"vhd\": {\r\n          \"uri\": \"https://vhdstorageda0eb594175616.blob.core.windows.net/vhds/osdisk_da0eb59417.vhd\"\
        \r\n        },\r\n        \"caching\": \"ReadWrite\",\r\n        \"diskSizeGB\"\
        : 30\r\n      },\r\n      \"dataDisks\": [\r\n        {\r\n          \"lun\"\
        : 1,\r\n          \"name\": \"d7\",\r\n          \"createOption\": \"Empty\"\
        ,\r\n          \"vhd\": {\r\n            \"uri\": \"https://vhdstorageda0eb594175616.blob.core.windows.net/vhds/d7.vhd\"\
        \r\n          },\r\n          \"caching\": \"ReadWrite\",\r\n          \"\
        diskSizeGB\": 8\r\n        }\r\n      ]\r\n    },\r\n    \"osProfile\": {\r\
        \n      \"computerName\": \"vm-datadisk-test\",\r\n      \"adminUsername\"\
        : \"ubuntu\",\r\n      \"linuxConfiguration\": {\r\n        \"disablePasswordAuthentication\"\
        : false\r\n      },\r\n      \"secrets\": []\r\n    },\r\n    \"networkProfile\"\
        : {\"networkInterfaces\":[{\"id\":\"/subscriptions/00000000-0000-0000-0000-000000000000/resourceGroups/cli-test-disk/providers/Microsoft.Network/networkInterfaces/vm-datadisk-testVMNic\"\
        }]},\r\n    \"provisioningState\": \"Succeeded\"\r\n  },\r\n  \"type\": \"\
        Microsoft.Compute/virtualMachines\",\r\n  \"location\": \"westus\",\r\n  \"\
        tags\": {},\r\n  \"id\": \"/subscriptions/00000000-0000-0000-0000-000000000000/resourceGroups/cli-test-disk/providers/Microsoft.Compute/virtualMachines/vm-datadisk-test\"\
        ,\r\n  \"name\": \"vm-datadisk-test\"\r\n}"}
    headers:
      Cache-Control: [no-cache]
      Content-Type: [application/json; charset=utf-8]
      Date: ['Wed, 13 Dec 2017 10:56:44 GMT']
      Expires: ['-1']
      Pragma: [no-cache]
      Server: [Microsoft-HTTPAPI/2.0, Microsoft-HTTPAPI/2.0]
      Strict-Transport-Security: [max-age=31536000; includeSubDomains]
      Transfer-Encoding: [chunked]
      Vary: [Accept-Encoding]
      content-length: ['1735']
      x-ms-ratelimit-remaining-resource: ['Microsoft.Compute/LowCostGet3Min;4990,Microsoft.Compute/LowCostGet30Min;39990']
    status: {code: 200, message: OK}
- request:
    body: null
    headers:
      Accept: [application/json]
      Accept-Encoding: ['gzip, deflate']
      Connection: [keep-alive]
      Content-Type: [application/json; charset=utf-8]
      User-Agent: [python/3.5.3 (Windows-10-10.0.15063-SP0) requests/2.18.4 msrest/0.4.19
          msrest_azure/0.4.18 computemanagementclient/3.1.0rc1 Azure-SDK-For-Python
          AZURECLI/TEST/2.0.23]
      accept-language: [en-US]
      x-ms-client-request-id: [4f73a9b8-dff4-11e7-9694-f4b7e2e85440]
    method: GET
    uri: https://management.azure.com/subscriptions/00000000-0000-0000-0000-000000000000/resourceGroups/cli-test-disk/providers/Microsoft.Compute/virtualMachines/vm-datadisk-test?api-version=2017-12-01
  response:
    body: {string: "{\r\n  \"properties\": {\r\n    \"vmId\": \"eb49fb03-168b-4e01-961a-e6f2d602814c\"\
        ,\r\n    \"hardwareProfile\": {\r\n      \"vmSize\": \"Standard_DS1_v2\"\r\
        \n    },\r\n    \"storageProfile\": {\r\n      \"imageReference\": {\r\n \
        \       \"publisher\": \"Canonical\",\r\n        \"offer\": \"UbuntuServer\"\
        ,\r\n        \"sku\": \"16.04-LTS\",\r\n        \"version\": \"latest\"\r\n\
        \      },\r\n      \"osDisk\": {\r\n        \"osType\": \"Linux\",\r\n   \
        \     \"name\": \"osdisk_da0eb59417\",\r\n        \"createOption\": \"FromImage\"\
        ,\r\n        \"vhd\": {\r\n          \"uri\": \"https://vhdstorageda0eb594175616.blob.core.windows.net/vhds/osdisk_da0eb59417.vhd\"\
        \r\n        },\r\n        \"caching\": \"ReadWrite\",\r\n        \"diskSizeGB\"\
        : 30\r\n      },\r\n      \"dataDisks\": [\r\n        {\r\n          \"lun\"\
        : 1,\r\n          \"name\": \"d7\",\r\n          \"createOption\": \"Empty\"\
        ,\r\n          \"vhd\": {\r\n            \"uri\": \"https://vhdstorageda0eb594175616.blob.core.windows.net/vhds/d7.vhd\"\
        \r\n          },\r\n          \"caching\": \"ReadWrite\",\r\n          \"\
        diskSizeGB\": 8\r\n        }\r\n      ]\r\n    },\r\n    \"osProfile\": {\r\
        \n      \"computerName\": \"vm-datadisk-test\",\r\n      \"adminUsername\"\
        : \"ubuntu\",\r\n      \"linuxConfiguration\": {\r\n        \"disablePasswordAuthentication\"\
        : false\r\n      },\r\n      \"secrets\": []\r\n    },\r\n    \"networkProfile\"\
        : {\"networkInterfaces\":[{\"id\":\"/subscriptions/00000000-0000-0000-0000-000000000000/resourceGroups/cli-test-disk/providers/Microsoft.Network/networkInterfaces/vm-datadisk-testVMNic\"\
        }]},\r\n    \"provisioningState\": \"Succeeded\"\r\n  },\r\n  \"type\": \"\
        Microsoft.Compute/virtualMachines\",\r\n  \"location\": \"westus\",\r\n  \"\
        tags\": {},\r\n  \"id\": \"/subscriptions/00000000-0000-0000-0000-000000000000/resourceGroups/cli-test-disk/providers/Microsoft.Compute/virtualMachines/vm-datadisk-test\"\
        ,\r\n  \"name\": \"vm-datadisk-test\"\r\n}"}
    headers:
      Cache-Control: [no-cache]
      Content-Type: [application/json; charset=utf-8]
      Date: ['Wed, 13 Dec 2017 10:56:44 GMT']
      Expires: ['-1']
      Pragma: [no-cache]
      Server: [Microsoft-HTTPAPI/2.0, Microsoft-HTTPAPI/2.0]
      Strict-Transport-Security: [max-age=31536000; includeSubDomains]
      Transfer-Encoding: [chunked]
      Vary: [Accept-Encoding]
      content-length: ['1735']
      x-ms-ratelimit-remaining-resource: ['Microsoft.Compute/LowCostGet3Min;4989,Microsoft.Compute/LowCostGet30Min;39989']
    status: {code: 200, message: OK}
- request:
    body: '{"tags": {}, "location": "westus", "properties": {"osProfile": {"linuxConfiguration":
      {"disablePasswordAuthentication": false}, "computerName": "vm-datadisk-test",
      "secrets": [], "adminUsername": "ubuntu"}, "storageProfile": {"osDisk": {"caching":
      "ReadWrite", "name": "osdisk_da0eb59417", "createOption": "FromImage", "vhd":
      {"uri": "https://vhdstorageda0eb594175616.blob.core.windows.net/vhds/osdisk_da0eb59417.vhd"},
      "osType": "Linux", "diskSizeGB": 30}, "imageReference": {"offer": "UbuntuServer",
      "sku": "16.04-LTS", "version": "latest", "publisher": "Canonical"}, "dataDisks":
      []}, "networkProfile": {"networkInterfaces": [{"id": "/subscriptions/0b1f6471-1bf0-4dda-aec3-cb9272f09590/resourceGroups/cli-test-disk/providers/Microsoft.Network/networkInterfaces/vm-datadisk-testVMNic"}]},
      "hardwareProfile": {"vmSize": "Standard_DS1_v2"}}}'
    headers:
      Accept: [application/json]
      Accept-Encoding: ['gzip, deflate']
      Connection: [keep-alive]
      Content-Length: ['847']
      Content-Type: [application/json; charset=utf-8]
      User-Agent: [python/3.5.3 (Windows-10-10.0.15063-SP0) requests/2.18.4 msrest/0.4.19
          msrest_azure/0.4.18 computemanagementclient/3.1.0rc1 Azure-SDK-For-Python
          AZURECLI/TEST/2.0.23]
      accept-language: [en-US]
      x-ms-client-request-id: [4face1b0-dff4-11e7-bf82-f4b7e2e85440]
    method: PUT
    uri: https://management.azure.com/subscriptions/00000000-0000-0000-0000-000000000000/resourceGroups/cli-test-disk/providers/Microsoft.Compute/virtualMachines/vm-datadisk-test?api-version=2017-12-01
  response:
    body: {string: "{\r\n  \"properties\": {\r\n    \"vmId\": \"eb49fb03-168b-4e01-961a-e6f2d602814c\"\
        ,\r\n    \"hardwareProfile\": {\r\n      \"vmSize\": \"Standard_DS1_v2\"\r\
        \n    },\r\n    \"storageProfile\": {\r\n      \"imageReference\": {\r\n \
        \       \"publisher\": \"Canonical\",\r\n        \"offer\": \"UbuntuServer\"\
        ,\r\n        \"sku\": \"16.04-LTS\",\r\n        \"version\": \"latest\"\r\n\
        \      },\r\n      \"osDisk\": {\r\n        \"osType\": \"Linux\",\r\n   \
        \     \"name\": \"osdisk_da0eb59417\",\r\n        \"createOption\": \"FromImage\"\
        ,\r\n        \"vhd\": {\r\n          \"uri\": \"https://vhdstorageda0eb594175616.blob.core.windows.net/vhds/osdisk_da0eb59417.vhd\"\
        \r\n        },\r\n        \"caching\": \"ReadWrite\",\r\n        \"diskSizeGB\"\
        : 30\r\n      },\r\n      \"dataDisks\": []\r\n    },\r\n    \"osProfile\"\
        : {\r\n      \"computerName\": \"vm-datadisk-test\",\r\n      \"adminUsername\"\
        : \"ubuntu\",\r\n      \"linuxConfiguration\": {\r\n        \"disablePasswordAuthentication\"\
        : false\r\n      },\r\n      \"secrets\": []\r\n    },\r\n    \"networkProfile\"\
        : {\"networkInterfaces\":[{\"id\":\"/subscriptions/00000000-0000-0000-0000-000000000000/resourceGroups/cli-test-disk/providers/Microsoft.Network/networkInterfaces/vm-datadisk-testVMNic\"\
        }]},\r\n    \"provisioningState\": \"Updating\"\r\n  },\r\n  \"type\": \"\
        Microsoft.Compute/virtualMachines\",\r\n  \"location\": \"westus\",\r\n  \"\
        tags\": {},\r\n  \"id\": \"/subscriptions/00000000-0000-0000-0000-000000000000/resourceGroups/cli-test-disk/providers/Microsoft.Compute/virtualMachines/vm-datadisk-test\"\
        ,\r\n  \"name\": \"vm-datadisk-test\"\r\n}"}
    headers:
      Azure-AsyncOperation: ['https://management.azure.com/subscriptions/0b1f6471-1bf0-4dda-aec3-cb9272f09590/providers/Microsoft.Compute/locations/westus/operations/107013ba-df0a-4080-affb-3e906911b6fc?api-version=2017-12-01']
      Cache-Control: [no-cache]
      Content-Type: [application/json; charset=utf-8]
      Date: ['Wed, 13 Dec 2017 10:56:46 GMT']
      Expires: ['-1']
      Pragma: [no-cache]
      Server: [Microsoft-HTTPAPI/2.0, Microsoft-HTTPAPI/2.0]
      Strict-Transport-Security: [max-age=31536000; includeSubDomains]
      Transfer-Encoding: [chunked]
      Vary: [Accept-Encoding]
      content-length: ['1437']
      x-ms-ratelimit-remaining-resource: ['Microsoft.Compute/CreateUpdateVM3Min;298,Microsoft.Compute/CreateUpdateVM30Min;1497']
      x-ms-ratelimit-remaining-subscription-writes: ['1197']
    status: {code: 200, message: OK}
- request:
    body: null
    headers:
      Accept: [application/json]
      Accept-Encoding: ['gzip, deflate']
      Connection: [keep-alive]
      Content-Type: [application/json; charset=utf-8]
      User-Agent: [python/3.5.3 (Windows-10-10.0.15063-SP0) requests/2.18.4 msrest/0.4.19
          msrest_azure/0.4.18 computemanagementclient/3.1.0rc1 Azure-SDK-For-Python
          AZURECLI/TEST/2.0.23]
      accept-language: [en-US]
      x-ms-client-request-id: [4face1b0-dff4-11e7-bf82-f4b7e2e85440]
    method: GET
    uri: https://management.azure.com/subscriptions/00000000-0000-0000-0000-000000000000/providers/Microsoft.Compute/locations/westus/operations/107013ba-df0a-4080-affb-3e906911b6fc?api-version=2017-12-01
  response:
    body: {string: "{\r\n  \"startTime\": \"2017-12-13T10:56:47.5785453+00:00\",\r\
        \n  \"endTime\": \"2017-12-13T10:57:14.8441624+00:00\",\r\n  \"status\": \"\
        Succeeded\",\r\n  \"name\": \"107013ba-df0a-4080-affb-3e906911b6fc\"\r\n}"}
    headers:
      Cache-Control: [no-cache]
      Content-Type: [application/json; charset=utf-8]
      Date: ['Wed, 13 Dec 2017 10:57:17 GMT']
      Expires: ['-1']
      Pragma: [no-cache]
      Server: [Microsoft-HTTPAPI/2.0, Microsoft-HTTPAPI/2.0]
      Strict-Transport-Security: [max-age=31536000; includeSubDomains]
      Transfer-Encoding: [chunked]
      Vary: [Accept-Encoding]
      content-length: ['184']
      x-ms-ratelimit-remaining-resource: ['Microsoft.Compute/GetOperation3Min;2130,Microsoft.Compute/GetOperation30Min;17934']
    status: {code: 200, message: OK}
- request:
    body: null
    headers:
      Accept: [application/json]
      Accept-Encoding: ['gzip, deflate']
      Connection: [keep-alive]
      Content-Type: [application/json; charset=utf-8]
      User-Agent: [python/3.5.3 (Windows-10-10.0.15063-SP0) requests/2.18.4 msrest/0.4.19
          msrest_azure/0.4.18 computemanagementclient/3.1.0rc1 Azure-SDK-For-Python
          AZURECLI/TEST/2.0.23]
      accept-language: [en-US]
      x-ms-client-request-id: [4face1b0-dff4-11e7-bf82-f4b7e2e85440]
    method: GET
    uri: https://management.azure.com/subscriptions/00000000-0000-0000-0000-000000000000/resourceGroups/cli-test-disk/providers/Microsoft.Compute/virtualMachines/vm-datadisk-test?api-version=2017-12-01
  response:
    body: {string: "{\r\n  \"properties\": {\r\n    \"vmId\": \"eb49fb03-168b-4e01-961a-e6f2d602814c\"\
        ,\r\n    \"hardwareProfile\": {\r\n      \"vmSize\": \"Standard_DS1_v2\"\r\
        \n    },\r\n    \"storageProfile\": {\r\n      \"imageReference\": {\r\n \
        \       \"publisher\": \"Canonical\",\r\n        \"offer\": \"UbuntuServer\"\
        ,\r\n        \"sku\": \"16.04-LTS\",\r\n        \"version\": \"latest\"\r\n\
        \      },\r\n      \"osDisk\": {\r\n        \"osType\": \"Linux\",\r\n   \
        \     \"name\": \"osdisk_da0eb59417\",\r\n        \"createOption\": \"FromImage\"\
        ,\r\n        \"vhd\": {\r\n          \"uri\": \"https://vhdstorageda0eb594175616.blob.core.windows.net/vhds/osdisk_da0eb59417.vhd\"\
        \r\n        },\r\n        \"caching\": \"ReadWrite\",\r\n        \"diskSizeGB\"\
        : 30\r\n      },\r\n      \"dataDisks\": []\r\n    },\r\n    \"osProfile\"\
        : {\r\n      \"computerName\": \"vm-datadisk-test\",\r\n      \"adminUsername\"\
        : \"ubuntu\",\r\n      \"linuxConfiguration\": {\r\n        \"disablePasswordAuthentication\"\
        : false\r\n      },\r\n      \"secrets\": []\r\n    },\r\n    \"networkProfile\"\
        : {\"networkInterfaces\":[{\"id\":\"/subscriptions/00000000-0000-0000-0000-000000000000/resourceGroups/cli-test-disk/providers/Microsoft.Network/networkInterfaces/vm-datadisk-testVMNic\"\
        }]},\r\n    \"provisioningState\": \"Succeeded\"\r\n  },\r\n  \"type\": \"\
        Microsoft.Compute/virtualMachines\",\r\n  \"location\": \"westus\",\r\n  \"\
        tags\": {},\r\n  \"id\": \"/subscriptions/00000000-0000-0000-0000-000000000000/resourceGroups/cli-test-disk/providers/Microsoft.Compute/virtualMachines/vm-datadisk-test\"\
        ,\r\n  \"name\": \"vm-datadisk-test\"\r\n}"}
    headers:
      Cache-Control: [no-cache]
      Content-Type: [application/json; charset=utf-8]
      Date: ['Wed, 13 Dec 2017 10:57:17 GMT']
      Expires: ['-1']
      Pragma: [no-cache]
      Server: [Microsoft-HTTPAPI/2.0, Microsoft-HTTPAPI/2.0]
      Strict-Transport-Security: [max-age=31536000; includeSubDomains]
      Transfer-Encoding: [chunked]
      Vary: [Accept-Encoding]
      content-length: ['1438']
      x-ms-ratelimit-remaining-resource: ['Microsoft.Compute/LowCostGet3Min;4986,Microsoft.Compute/LowCostGet30Min;39986']
    status: {code: 200, message: OK}
- request:
    body: null
    headers:
      Accept: [application/json]
      Accept-Encoding: ['gzip, deflate']
      Connection: [keep-alive]
      Content-Type: [application/json; charset=utf-8]
      User-Agent: [python/3.5.3 (Windows-10-10.0.15063-SP0) requests/2.18.4 msrest/0.4.19
          msrest_azure/0.4.18 computemanagementclient/3.1.0rc1 Azure-SDK-For-Python
          AZURECLI/TEST/2.0.23]
      accept-language: [en-US]
      x-ms-client-request-id: [63253e4c-dff4-11e7-a0ff-f4b7e2e85440]
    method: GET
    uri: https://management.azure.com/subscriptions/00000000-0000-0000-0000-000000000000/resourceGroups/cli-test-disk/providers/Microsoft.Compute/virtualMachines/vm-datadisk-test?api-version=2017-12-01
  response:
    body: {string: "{\r\n  \"properties\": {\r\n    \"vmId\": \"eb49fb03-168b-4e01-961a-e6f2d602814c\"\
        ,\r\n    \"hardwareProfile\": {\r\n      \"vmSize\": \"Standard_DS1_v2\"\r\
        \n    },\r\n    \"storageProfile\": {\r\n      \"imageReference\": {\r\n \
        \       \"publisher\": \"Canonical\",\r\n        \"offer\": \"UbuntuServer\"\
        ,\r\n        \"sku\": \"16.04-LTS\",\r\n        \"version\": \"latest\"\r\n\
        \      },\r\n      \"osDisk\": {\r\n        \"osType\": \"Linux\",\r\n   \
        \     \"name\": \"osdisk_da0eb59417\",\r\n        \"createOption\": \"FromImage\"\
        ,\r\n        \"vhd\": {\r\n          \"uri\": \"https://vhdstorageda0eb594175616.blob.core.windows.net/vhds/osdisk_da0eb59417.vhd\"\
        \r\n        },\r\n        \"caching\": \"ReadWrite\",\r\n        \"diskSizeGB\"\
        : 30\r\n      },\r\n      \"dataDisks\": []\r\n    },\r\n    \"osProfile\"\
        : {\r\n      \"computerName\": \"vm-datadisk-test\",\r\n      \"adminUsername\"\
        : \"ubuntu\",\r\n      \"linuxConfiguration\": {\r\n        \"disablePasswordAuthentication\"\
        : false\r\n      },\r\n      \"secrets\": []\r\n    },\r\n    \"networkProfile\"\
        : {\"networkInterfaces\":[{\"id\":\"/subscriptions/00000000-0000-0000-0000-000000000000/resourceGroups/cli-test-disk/providers/Microsoft.Network/networkInterfaces/vm-datadisk-testVMNic\"\
        }]},\r\n    \"provisioningState\": \"Succeeded\"\r\n  },\r\n  \"type\": \"\
        Microsoft.Compute/virtualMachines\",\r\n  \"location\": \"westus\",\r\n  \"\
        tags\": {},\r\n  \"id\": \"/subscriptions/00000000-0000-0000-0000-000000000000/resourceGroups/cli-test-disk/providers/Microsoft.Compute/virtualMachines/vm-datadisk-test\"\
        ,\r\n  \"name\": \"vm-datadisk-test\"\r\n}"}
    headers:
      Cache-Control: [no-cache]
      Content-Type: [application/json; charset=utf-8]
      Date: ['Wed, 13 Dec 2017 10:57:18 GMT']
      Expires: ['-1']
      Pragma: [no-cache]
      Server: [Microsoft-HTTPAPI/2.0, Microsoft-HTTPAPI/2.0]
      Strict-Transport-Security: [max-age=31536000; includeSubDomains]
      Transfer-Encoding: [chunked]
      Vary: [Accept-Encoding]
      content-length: ['1438']
      x-ms-ratelimit-remaining-resource: ['Microsoft.Compute/LowCostGet3Min;4985,Microsoft.Compute/LowCostGet30Min;39985']
    status: {code: 200, message: OK}
- request:
    body: null
    headers:
      Accept: [application/json]
      Accept-Encoding: ['gzip, deflate']
      Connection: [keep-alive]
      Content-Type: [application/json; charset=utf-8]
      User-Agent: [python/3.5.3 (Windows-10-10.0.15063-SP0) requests/2.18.4 msrest/0.4.19
          msrest_azure/0.4.18 computemanagementclient/3.1.0rc1 Azure-SDK-For-Python
          AZURECLI/TEST/2.0.23]
      accept-language: [en-US]
      x-ms-client-request-id: [635c1468-dff4-11e7-baa8-f4b7e2e85440]
    method: GET
    uri: https://management.azure.com/subscriptions/00000000-0000-0000-0000-000000000000/resourceGroups/cli-test-disk/providers/Microsoft.Compute/virtualMachines/vm-datadisk-test?api-version=2017-12-01
  response:
    body: {string: "{\r\n  \"properties\": {\r\n    \"vmId\": \"eb49fb03-168b-4e01-961a-e6f2d602814c\"\
        ,\r\n    \"hardwareProfile\": {\r\n      \"vmSize\": \"Standard_DS1_v2\"\r\
        \n    },\r\n    \"storageProfile\": {\r\n      \"imageReference\": {\r\n \
        \       \"publisher\": \"Canonical\",\r\n        \"offer\": \"UbuntuServer\"\
        ,\r\n        \"sku\": \"16.04-LTS\",\r\n        \"version\": \"latest\"\r\n\
        \      },\r\n      \"osDisk\": {\r\n        \"osType\": \"Linux\",\r\n   \
        \     \"name\": \"osdisk_da0eb59417\",\r\n        \"createOption\": \"FromImage\"\
        ,\r\n        \"vhd\": {\r\n          \"uri\": \"https://vhdstorageda0eb594175616.blob.core.windows.net/vhds/osdisk_da0eb59417.vhd\"\
        \r\n        },\r\n        \"caching\": \"ReadWrite\",\r\n        \"diskSizeGB\"\
        : 30\r\n      },\r\n      \"dataDisks\": []\r\n    },\r\n    \"osProfile\"\
        : {\r\n      \"computerName\": \"vm-datadisk-test\",\r\n      \"adminUsername\"\
        : \"ubuntu\",\r\n      \"linuxConfiguration\": {\r\n        \"disablePasswordAuthentication\"\
        : false\r\n      },\r\n      \"secrets\": []\r\n    },\r\n    \"networkProfile\"\
        : {\"networkInterfaces\":[{\"id\":\"/subscriptions/00000000-0000-0000-0000-000000000000/resourceGroups/cli-test-disk/providers/Microsoft.Network/networkInterfaces/vm-datadisk-testVMNic\"\
        }]},\r\n    \"provisioningState\": \"Succeeded\"\r\n  },\r\n  \"type\": \"\
        Microsoft.Compute/virtualMachines\",\r\n  \"location\": \"westus\",\r\n  \"\
        tags\": {},\r\n  \"id\": \"/subscriptions/00000000-0000-0000-0000-000000000000/resourceGroups/cli-test-disk/providers/Microsoft.Compute/virtualMachines/vm-datadisk-test\"\
        ,\r\n  \"name\": \"vm-datadisk-test\"\r\n}"}
    headers:
      Cache-Control: [no-cache]
      Content-Type: [application/json; charset=utf-8]
      Date: ['Wed, 13 Dec 2017 10:57:18 GMT']
      Expires: ['-1']
      Pragma: [no-cache]
      Server: [Microsoft-HTTPAPI/2.0, Microsoft-HTTPAPI/2.0]
      Strict-Transport-Security: [max-age=31536000; includeSubDomains]
      Transfer-Encoding: [chunked]
      Vary: [Accept-Encoding]
      content-length: ['1438']
      x-ms-ratelimit-remaining-resource: ['Microsoft.Compute/LowCostGet3Min;4984,Microsoft.Compute/LowCostGet30Min;39984']
    status: {code: 200, message: OK}
- request:
    body: '{"tags": {}, "location": "westus", "properties": {"osProfile": {"linuxConfiguration":
      {"disablePasswordAuthentication": false}, "computerName": "vm-datadisk-test",
      "secrets": [], "adminUsername": "ubuntu"}, "storageProfile": {"osDisk": {"caching":
      "ReadWrite", "name": "osdisk_da0eb59417", "createOption": "FromImage", "vhd":
      {"uri": "https://vhdstorageda0eb594175616.blob.core.windows.net/vhds/osdisk_da0eb59417.vhd"},
      "osType": "Linux", "diskSizeGB": 30}, "imageReference": {"offer": "UbuntuServer",
      "sku": "16.04-LTS", "version": "latest", "publisher": "Canonical"}, "dataDisks":
      [{"caching": "ReadOnly", "lun": 0, "name": "d7", "createOption": "Attach", "vhd":
      {"uri": "https://vhdstorageda0eb594175616.blob.core.windows.net/vhds/d7.vhd"}}]},
      "networkProfile": {"networkInterfaces": [{"id": "/subscriptions/0b1f6471-1bf0-4dda-aec3-cb9272f09590/resourceGroups/cli-test-disk/providers/Microsoft.Network/networkInterfaces/vm-datadisk-testVMNic"}]},
      "hardwareProfile": {"vmSize": "Standard_DS1_v2"}}}'
    headers:
      Accept: [application/json]
      Accept-Encoding: ['gzip, deflate']
      Connection: [keep-alive]
      Content-Length: ['1006']
      Content-Type: [application/json; charset=utf-8]
      User-Agent: [python/3.5.3 (Windows-10-10.0.15063-SP0) requests/2.18.4 msrest/0.4.19
          msrest_azure/0.4.18 computemanagementclient/3.1.0rc1 Azure-SDK-For-Python
          AZURECLI/TEST/2.0.23]
      accept-language: [en-US]
      x-ms-client-request-id: [63b6ada8-dff4-11e7-80c0-f4b7e2e85440]
    method: PUT
    uri: https://management.azure.com/subscriptions/00000000-0000-0000-0000-000000000000/resourceGroups/cli-test-disk/providers/Microsoft.Compute/virtualMachines/vm-datadisk-test?api-version=2017-12-01
  response:
    body: {string: "{\r\n  \"properties\": {\r\n    \"vmId\": \"eb49fb03-168b-4e01-961a-e6f2d602814c\"\
        ,\r\n    \"hardwareProfile\": {\r\n      \"vmSize\": \"Standard_DS1_v2\"\r\
        \n    },\r\n    \"storageProfile\": {\r\n      \"imageReference\": {\r\n \
        \       \"publisher\": \"Canonical\",\r\n        \"offer\": \"UbuntuServer\"\
        ,\r\n        \"sku\": \"16.04-LTS\",\r\n        \"version\": \"latest\"\r\n\
        \      },\r\n      \"osDisk\": {\r\n        \"osType\": \"Linux\",\r\n   \
        \     \"name\": \"osdisk_da0eb59417\",\r\n        \"createOption\": \"FromImage\"\
        ,\r\n        \"vhd\": {\r\n          \"uri\": \"https://vhdstorageda0eb594175616.blob.core.windows.net/vhds/osdisk_da0eb59417.vhd\"\
        \r\n        },\r\n        \"caching\": \"ReadWrite\",\r\n        \"diskSizeGB\"\
        : 30\r\n      },\r\n      \"dataDisks\": [\r\n        {\r\n          \"lun\"\
        : 0,\r\n          \"name\": \"d7\",\r\n          \"createOption\": \"Attach\"\
        ,\r\n          \"vhd\": {\r\n            \"uri\": \"https://vhdstorageda0eb594175616.blob.core.windows.net/vhds/d7.vhd\"\
        \r\n          },\r\n          \"caching\": \"ReadOnly\"\r\n        }\r\n \
        \     ]\r\n    },\r\n    \"osProfile\": {\r\n      \"computerName\": \"vm-datadisk-test\"\
        ,\r\n      \"adminUsername\": \"ubuntu\",\r\n      \"linuxConfiguration\"\
        : {\r\n        \"disablePasswordAuthentication\": false\r\n      },\r\n  \
        \    \"secrets\": []\r\n    },\r\n    \"networkProfile\": {\"networkInterfaces\"\
        :[{\"id\":\"/subscriptions/00000000-0000-0000-0000-000000000000/resourceGroups/cli-test-disk/providers/Microsoft.Network/networkInterfaces/vm-datadisk-testVMNic\"\
        }]},\r\n    \"provisioningState\": \"Updating\"\r\n  },\r\n  \"type\": \"\
        Microsoft.Compute/virtualMachines\",\r\n  \"location\": \"westus\",\r\n  \"\
        tags\": {},\r\n  \"id\": \"/subscriptions/00000000-0000-0000-0000-000000000000/resourceGroups/cli-test-disk/providers/Microsoft.Compute/virtualMachines/vm-datadisk-test\"\
        ,\r\n  \"name\": \"vm-datadisk-test\"\r\n}"}
    headers:
      Azure-AsyncOperation: ['https://management.azure.com/subscriptions/0b1f6471-1bf0-4dda-aec3-cb9272f09590/providers/Microsoft.Compute/locations/westus/operations/625e19df-3f64-4a76-9b22-932609709a3c?api-version=2017-12-01']
      Cache-Control: [no-cache]
      Content-Type: [application/json; charset=utf-8]
      Date: ['Wed, 13 Dec 2017 10:57:22 GMT']
      Expires: ['-1']
      Pragma: [no-cache]
      Server: [Microsoft-HTTPAPI/2.0, Microsoft-HTTPAPI/2.0]
      Strict-Transport-Security: [max-age=31536000; includeSubDomains]
      Transfer-Encoding: [chunked]
      Vary: [Accept-Encoding]
      content-length: ['1706']
      x-ms-ratelimit-remaining-resource: ['Microsoft.Compute/CreateUpdateVM3Min;297,Microsoft.Compute/CreateUpdateVM30Min;1496']
      x-ms-ratelimit-remaining-subscription-writes: ['1199']
    status: {code: 200, message: OK}
- request:
    body: null
    headers:
      Accept: [application/json]
      Accept-Encoding: ['gzip, deflate']
      Connection: [keep-alive]
      Content-Type: [application/json; charset=utf-8]
      User-Agent: [python/3.5.3 (Windows-10-10.0.15063-SP0) requests/2.18.4 msrest/0.4.19
          msrest_azure/0.4.18 computemanagementclient/3.1.0rc1 Azure-SDK-For-Python
          AZURECLI/TEST/2.0.23]
      accept-language: [en-US]
      x-ms-client-request-id: [63b6ada8-dff4-11e7-80c0-f4b7e2e85440]
    method: GET
    uri: https://management.azure.com/subscriptions/00000000-0000-0000-0000-000000000000/providers/Microsoft.Compute/locations/westus/operations/625e19df-3f64-4a76-9b22-932609709a3c?api-version=2017-12-01
  response:
    body: {string: "{\r\n  \"startTime\": \"2017-12-13T10:57:23.8129696+00:00\",\r\
        \n  \"endTime\": \"2017-12-13T10:57:41.219289+00:00\",\r\n  \"status\": \"\
        Succeeded\",\r\n  \"name\": \"625e19df-3f64-4a76-9b22-932609709a3c\"\r\n}"}
    headers:
      Cache-Control: [no-cache]
      Content-Type: [application/json; charset=utf-8]
      Date: ['Wed, 13 Dec 2017 10:57:52 GMT']
      Expires: ['-1']
      Pragma: [no-cache]
      Server: [Microsoft-HTTPAPI/2.0, Microsoft-HTTPAPI/2.0]
      Strict-Transport-Security: [max-age=31536000; includeSubDomains]
      Transfer-Encoding: [chunked]
      Vary: [Accept-Encoding]
      content-length: ['183']
      x-ms-ratelimit-remaining-resource: ['Microsoft.Compute/GetOperation3Min;2130,Microsoft.Compute/GetOperation30Min;17928']
    status: {code: 200, message: OK}
- request:
    body: null
    headers:
      Accept: [application/json]
      Accept-Encoding: ['gzip, deflate']
      Connection: [keep-alive]
      Content-Type: [application/json; charset=utf-8]
      User-Agent: [python/3.5.3 (Windows-10-10.0.15063-SP0) requests/2.18.4 msrest/0.4.19
          msrest_azure/0.4.18 computemanagementclient/3.1.0rc1 Azure-SDK-For-Python
          AZURECLI/TEST/2.0.23]
      accept-language: [en-US]
      x-ms-client-request-id: [63b6ada8-dff4-11e7-80c0-f4b7e2e85440]
    method: GET
    uri: https://management.azure.com/subscriptions/00000000-0000-0000-0000-000000000000/resourceGroups/cli-test-disk/providers/Microsoft.Compute/virtualMachines/vm-datadisk-test?api-version=2017-12-01
  response:
    body: {string: "{\r\n  \"properties\": {\r\n    \"vmId\": \"eb49fb03-168b-4e01-961a-e6f2d602814c\"\
        ,\r\n    \"hardwareProfile\": {\r\n      \"vmSize\": \"Standard_DS1_v2\"\r\
        \n    },\r\n    \"storageProfile\": {\r\n      \"imageReference\": {\r\n \
        \       \"publisher\": \"Canonical\",\r\n        \"offer\": \"UbuntuServer\"\
        ,\r\n        \"sku\": \"16.04-LTS\",\r\n        \"version\": \"latest\"\r\n\
        \      },\r\n      \"osDisk\": {\r\n        \"osType\": \"Linux\",\r\n   \
        \     \"name\": \"osdisk_da0eb59417\",\r\n        \"createOption\": \"FromImage\"\
        ,\r\n        \"vhd\": {\r\n          \"uri\": \"https://vhdstorageda0eb594175616.blob.core.windows.net/vhds/osdisk_da0eb59417.vhd\"\
        \r\n        },\r\n        \"caching\": \"ReadWrite\",\r\n        \"diskSizeGB\"\
        : 30\r\n      },\r\n      \"dataDisks\": [\r\n        {\r\n          \"lun\"\
        : 0,\r\n          \"name\": \"d7\",\r\n          \"createOption\": \"Attach\"\
        ,\r\n          \"vhd\": {\r\n            \"uri\": \"https://vhdstorageda0eb594175616.blob.core.windows.net/vhds/d7.vhd\"\
        \r\n          },\r\n          \"caching\": \"ReadOnly\",\r\n          \"diskSizeGB\"\
        : 8\r\n        }\r\n      ]\r\n    },\r\n    \"osProfile\": {\r\n      \"\
        computerName\": \"vm-datadisk-test\",\r\n      \"adminUsername\": \"ubuntu\"\
        ,\r\n      \"linuxConfiguration\": {\r\n        \"disablePasswordAuthentication\"\
        : false\r\n      },\r\n      \"secrets\": []\r\n    },\r\n    \"networkProfile\"\
        : {\"networkInterfaces\":[{\"id\":\"/subscriptions/00000000-0000-0000-0000-000000000000/resourceGroups/cli-test-disk/providers/Microsoft.Network/networkInterfaces/vm-datadisk-testVMNic\"\
        }]},\r\n    \"provisioningState\": \"Succeeded\"\r\n  },\r\n  \"type\": \"\
        Microsoft.Compute/virtualMachines\",\r\n  \"location\": \"westus\",\r\n  \"\
        tags\": {},\r\n  \"id\": \"/subscriptions/00000000-0000-0000-0000-000000000000/resourceGroups/cli-test-disk/providers/Microsoft.Compute/virtualMachines/vm-datadisk-test\"\
        ,\r\n  \"name\": \"vm-datadisk-test\"\r\n}"}
    headers:
      Cache-Control: [no-cache]
      Content-Type: [application/json; charset=utf-8]
      Date: ['Wed, 13 Dec 2017 10:57:52 GMT']
      Expires: ['-1']
      Pragma: [no-cache]
      Server: [Microsoft-HTTPAPI/2.0, Microsoft-HTTPAPI/2.0]
      Strict-Transport-Security: [max-age=31536000; includeSubDomains]
      Transfer-Encoding: [chunked]
      Vary: [Accept-Encoding]
      content-length: ['1735']
      x-ms-ratelimit-remaining-resource: ['Microsoft.Compute/LowCostGet3Min;4979,Microsoft.Compute/LowCostGet30Min;39979']
    status: {code: 200, message: OK}
version: 1
