interactions:
- request:
    body: '{"tags": {"use": "az-test"}, "location": "westus"}'
    headers:
      Accept: [application/json]
      Accept-Encoding: ['gzip, deflate']
      CommandName: [group create]
      Connection: [keep-alive]
      Content-Length: ['50']
      Content-Type: [application/json; charset=utf-8]
      User-Agent: [python/3.5.3 (Windows-10-10.0.10586-SP0) requests/2.18.4 msrest/0.4.14
          msrest_azure/0.4.14 resourcemanagementclient/1.2.0rc3 Azure-SDK-For-Python
          AZURECLI/2.0.17+dev]
      accept-language: [en-US]
    method: PUT
    uri: https://management.azure.com/subscriptions/00000000-0000-0000-0000-000000000000/resourcegroups/clitest.rg000001?api-version=2017-05-10
  response:
    body: {string: '{"id":"/subscriptions/00000000-0000-0000-0000-000000000000/resourceGroups/clitest.rg000001","name":"clitest.rg000001","location":"westus","tags":{"use":"az-test"},"properties":{"provisioningState":"Succeeded"}}'}
    headers:
      cache-control: [no-cache]
      content-length: ['328']
      content-type: [application/json; charset=utf-8]
      date: ['Sun, 01 Oct 2017 04:00:04 GMT']
      expires: ['-1']
      pragma: [no-cache]
      strict-transport-security: [max-age=31536000; includeSubDomains]
      x-ms-ratelimit-remaining-subscription-writes: ['1197']
    status: {code: 201, message: Created}
- request:
    body: null
    headers:
      Accept: [application/json]
      Accept-Encoding: ['gzip, deflate']
      CommandName: [network lb create]
      Connection: [keep-alive]
      Content-Type: [application/json; charset=utf-8]
      User-Agent: [python/3.5.3 (Windows-10-10.0.10586-SP0) requests/2.18.4 msrest/0.4.14
          msrest_azure/0.4.14 resourcemanagementclient/1.2.0rc3 Azure-SDK-For-Python
          AZURECLI/2.0.17+dev]
      accept-language: [en-US]
    method: GET
    uri: https://management.azure.com/subscriptions/00000000-0000-0000-0000-000000000000/resourcegroups/clitest.rg000001?api-version=2017-05-10
  response:
    body: {string: '{"id":"/subscriptions/00000000-0000-0000-0000-000000000000/resourceGroups/clitest.rg000001","name":"clitest.rg000001","location":"westus","tags":{"use":"az-test"},"properties":{"provisioningState":"Succeeded"}}'}
    headers:
      cache-control: [no-cache]
      content-length: ['328']
      content-type: [application/json; charset=utf-8]
      date: ['Sun, 01 Oct 2017 04:00:04 GMT']
      expires: ['-1']
      pragma: [no-cache]
      strict-transport-security: [max-age=31536000; includeSubDomains]
      vary: [Accept-Encoding]
    status: {code: 200, message: OK}
- request:
    body: null
    headers:
      Accept: [application/json]
      Accept-Encoding: ['gzip, deflate']
      CommandName: [network lb create]
      Connection: [keep-alive]
      Content-Type: [application/json; charset=utf-8]
      User-Agent: [python/3.5.3 (Windows-10-10.0.10586-SP0) requests/2.18.4 msrest/0.4.14
          msrest_azure/0.4.14 resourcemanagementclient/1.2.0rc3 Azure-SDK-For-Python
          AZURECLI/2.0.17+dev]
      accept-language: [en-US]
    method: GET
    uri: https://management.azure.com/subscriptions/00000000-0000-0000-0000-000000000000/resources?$filter=resourceGroup%20eq%20%27clitest.rg000001%27%20and%20name%20eq%20%27None%27%20and%20resourceType%20eq%20%27Microsoft.Network%2FpublicIPAddresses%27&api-version=2017-05-10
  response:
    body: {string: '{"value":[]}'}
    headers:
      cache-control: [no-cache]
      content-length: ['12']
      content-type: [application/json; charset=utf-8]
      date: ['Sun, 01 Oct 2017 04:00:05 GMT']
      expires: ['-1']
      pragma: [no-cache]
      strict-transport-security: [max-age=31536000; includeSubDomains]
      vary: [Accept-Encoding]
    status: {code: 200, message: OK}
- request:
    body: 'b''{"properties": {"mode": "Incremental", "parameters": {}, "template":
      {"contentVersion": "1.0.0.0", "outputs": {"loadBalancer": {"type": "object",
      "value": "[reference(\''lb1\'')]"}}, "resources": [{"name": "PublicIPlb1", "properties":
      {"publicIPAllocationMethod": "Dynamic"}, "location": "westus", "dependsOn":
      [], "apiVersion": "2017-09-01", "type": "Microsoft.Network/publicIPAddresses",
      "tags": {}, "sku": {"name": "Basic"}}, {"name": "lb1", "properties": {"backendAddressPools":
      [{"name": "lb1bepool"}], "frontendIPConfigurations": [{"name": "LoadBalancerFrontEnd",
      "properties": {"publicIPAddress": {"id": "/subscriptions/00000000-0000-0000-0000-000000000000/resourceGroups/clitest.rg000001/providers/Microsoft.Network/publicIPAddresses/PublicIPlb1"}}}]},
      "location": "westus", "dependsOn": ["Microsoft.Network/publicIpAddresses/PublicIPlb1"],
      "apiVersion": "2017-09-01", "type": "Microsoft.Network/loadBalancers", "tags":
      {}, "sku": {"name": "Basic"}}], "$schema": "https://schema.management.azure.com/schemas/2015-01-01/deploymentTemplate.json#",
      "parameters": {}, "variables": {}}}}'''
    headers:
      Accept: [application/json]
      Accept-Encoding: ['gzip, deflate']
      CommandName: [network lb create]
      Connection: [keep-alive]
      Content-Length: ['1145']
      Content-Type: [application/json; charset=utf-8]
      User-Agent: [python/3.5.3 (Windows-10-10.0.10586-SP0) requests/2.18.4 msrest/0.4.14
          msrest_azure/0.4.14 resourcemanagementclient/1.2.0rc3 Azure-SDK-For-Python
          AZURECLI/2.0.17+dev]
      accept-language: [en-US]
    method: PUT
    uri: https://management.azure.com/subscriptions/00000000-0000-0000-0000-000000000000/resourcegroups/clitest.rg000001/providers/Microsoft.Resources/deployments/mock-deployment?api-version=2017-05-10
  response:
    body: {string: '{"id":"/subscriptions/00000000-0000-0000-0000-000000000000/resourceGroups/clitest.rg000001/providers/Microsoft.Resources/deployments/lb_deploy_Gt0dkOji5JQyFXNdZXPIgQ1Ss62TWCLC","name":"lb_deploy_Gt0dkOji5JQyFXNdZXPIgQ1Ss62TWCLC","properties":{"templateHash":"9702013472467851780","parameters":{},"mode":"Incremental","provisioningState":"Accepted","timestamp":"2017-10-01T04:00:07.1577192Z","duration":"PT0.3075936S","correlationId":"524d6444-4d36-4fbd-a70e-803c4bfc88f8","providers":[{"namespace":"Microsoft.Network","resourceTypes":[{"resourceType":"publicIPAddresses","locations":["westus"]},{"resourceType":"loadBalancers","locations":["westus"]}]}],"dependencies":[{"dependsOn":[{"id":"/subscriptions/00000000-0000-0000-0000-000000000000/resourceGroups/clitest.rg000001/providers/Microsoft.Network/publicIPAddresses/PublicIPlb1","resourceType":"Microsoft.Network/publicIPAddresses","resourceName":"PublicIPlb1"}],"id":"/subscriptions/00000000-0000-0000-0000-000000000000/resourceGroups/clitest.rg000001/providers/Microsoft.Network/loadBalancers/lb1","resourceType":"Microsoft.Network/loadBalancers","resourceName":"lb1"}]}}'}
    headers:
      azure-asyncoperation: ['https://management.azure.com/subscriptions/00000000-0000-0000-0000-000000000000/resourcegroups/clitest.rg000001/providers/Microsoft.Resources/deployments/lb_deploy_Gt0dkOji5JQyFXNdZXPIgQ1Ss62TWCLC/operationStatuses/08586947764786275016?api-version=2017-05-10']
      cache-control: [no-cache]
      content-length: ['1305']
      content-type: [application/json; charset=utf-8]
      date: ['Sun, 01 Oct 2017 04:00:07 GMT']
      expires: ['-1']
      pragma: [no-cache]
      strict-transport-security: [max-age=31536000; includeSubDomains]
      x-ms-ratelimit-remaining-subscription-writes: ['1198']
    status: {code: 201, message: Created}
- request:
    body: null
    headers:
      Accept: [application/json]
      Accept-Encoding: ['gzip, deflate']
      CommandName: [network lb create]
      Connection: [keep-alive]
      Content-Type: [application/json; charset=utf-8]
      User-Agent: [python/3.5.3 (Windows-10-10.0.10586-SP0) requests/2.18.4 msrest/0.4.14
          msrest_azure/0.4.14 resourcemanagementclient/1.2.0rc3 Azure-SDK-For-Python
          AZURECLI/2.0.17+dev]
      accept-language: [en-US]
    method: GET
    uri: https://management.azure.com/subscriptions/00000000-0000-0000-0000-000000000000/resourcegroups/clitest.rg000001/providers/Microsoft.Resources/deployments/mock-deployment/operationStatuses/08586947764786275016?api-version=2017-05-10
  response:
    body: {string: '{"status":"Succeeded"}'}
    headers:
      cache-control: [no-cache]
      content-length: ['22']
      content-type: [application/json; charset=utf-8]
      date: ['Sun, 01 Oct 2017 04:00:36 GMT']
      expires: ['-1']
      pragma: [no-cache]
      strict-transport-security: [max-age=31536000; includeSubDomains]
      vary: [Accept-Encoding]
    status: {code: 200, message: OK}
- request:
    body: null
    headers:
      Accept: [application/json]
      Accept-Encoding: ['gzip, deflate']
      CommandName: [network lb create]
      Connection: [keep-alive]
      Content-Type: [application/json; charset=utf-8]
      User-Agent: [python/3.5.3 (Windows-10-10.0.10586-SP0) requests/2.18.4 msrest/0.4.14
          msrest_azure/0.4.14 resourcemanagementclient/1.2.0rc3 Azure-SDK-For-Python
          AZURECLI/2.0.17+dev]
      accept-language: [en-US]
    method: GET
    uri: https://management.azure.com/subscriptions/00000000-0000-0000-0000-000000000000/resourcegroups/clitest.rg000001/providers/Microsoft.Resources/deployments/mock-deployment?api-version=2017-05-10
  response:
    body: {string: '{"id":"/subscriptions/00000000-0000-0000-0000-000000000000/resourceGroups/clitest.rg000001/providers/Microsoft.Resources/deployments/lb_deploy_Gt0dkOji5JQyFXNdZXPIgQ1Ss62TWCLC","name":"lb_deploy_Gt0dkOji5JQyFXNdZXPIgQ1Ss62TWCLC","properties":{"templateHash":"9702013472467851780","parameters":{},"mode":"Incremental","provisioningState":"Succeeded","timestamp":"2017-10-01T04:00:22.181802Z","duration":"PT15.3316764S","correlationId":"524d6444-4d36-4fbd-a70e-803c4bfc88f8","providers":[{"namespace":"Microsoft.Network","resourceTypes":[{"resourceType":"publicIPAddresses","locations":["westus"]},{"resourceType":"loadBalancers","locations":["westus"]}]}],"dependencies":[{"dependsOn":[{"id":"/subscriptions/00000000-0000-0000-0000-000000000000/resourceGroups/clitest.rg000001/providers/Microsoft.Network/publicIPAddresses/PublicIPlb1","resourceType":"Microsoft.Network/publicIPAddresses","resourceName":"PublicIPlb1"}],"id":"/subscriptions/00000000-0000-0000-0000-000000000000/resourceGroups/clitest.rg000001/providers/Microsoft.Network/loadBalancers/lb1","resourceType":"Microsoft.Network/loadBalancers","resourceName":"lb1"}],"outputs":{"loadBalancer":{"type":"Object","value":{"provisioningState":"Succeeded","resourceGuid":"c5f44ae2-78bd-426b-919e-500cca4829b4","frontendIPConfigurations":[{"name":"LoadBalancerFrontEnd","id":"/subscriptions/00000000-0000-0000-0000-000000000000/resourceGroups/clitest.rg000001/providers/Microsoft.Network/loadBalancers/lb1/frontendIPConfigurations/LoadBalancerFrontEnd","etag":"W/\"99328cd8-438b-4aea-bd7e-1a29922215fd\"","properties":{"provisioningState":"Succeeded","privateIPAllocationMethod":"Dynamic","publicIPAddress":{"id":"/subscriptions/00000000-0000-0000-0000-000000000000/resourceGroups/clitest.rg000001/providers/Microsoft.Network/publicIPAddresses/PublicIPlb1"}}}],"backendAddressPools":[{"name":"lb1bepool","id":"/subscriptions/00000000-0000-0000-0000-000000000000/resourceGroups/clitest.rg000001/providers/Microsoft.Network/loadBalancers/lb1/backendAddressPools/lb1bepool","etag":"W/\"99328cd8-438b-4aea-bd7e-1a29922215fd\"","properties":{"provisioningState":"Succeeded"}}],"loadBalancingRules":[],"probes":[],"inboundNatRules":[],"outboundNatRules":[],"inboundNatPools":[]}}},"outputResources":[{"id":"/subscriptions/00000000-0000-0000-0000-000000000000/resourceGroups/clitest.rg000001/providers/Microsoft.Network/loadBalancers/lb1"},{"id":"/subscriptions/00000000-0000-0000-0000-000000000000/resourceGroups/clitest.rg000001/providers/Microsoft.Network/publicIPAddresses/PublicIPlb1"}]}}'}
    headers:
      cache-control: [no-cache]
      content-length: ['3013']
      content-type: [application/json; charset=utf-8]
      date: ['Sun, 01 Oct 2017 04:00:36 GMT']
      expires: ['-1']
      pragma: [no-cache]
      strict-transport-security: [max-age=31536000; includeSubDomains]
      vary: [Accept-Encoding]
    status: {code: 200, message: OK}
- request:
    body: null
    headers:
      Accept: [application/json]
      Accept-Encoding: ['gzip, deflate']
      CommandName: [network lb probe create]
      Connection: [keep-alive]
      Content-Type: [application/json; charset=utf-8]
      User-Agent: [python/3.5.3 (Windows-10-10.0.10586-SP0) requests/2.18.4 msrest/0.4.14
          msrest_azure/0.4.14 networkmanagementclient/1.5.0rc3 Azure-SDK-For-Python
          AZURECLI/2.0.17+dev]
      accept-language: [en-US]
    method: GET
    uri: https://management.azure.com/subscriptions/00000000-0000-0000-0000-000000000000/resourceGroups/clitest.rg000001/providers/Microsoft.Network/loadBalancers/lb1?api-version=2017-09-01
  response:
    body: {string: "{\r\n  \"name\": \"lb1\",\r\n  \"id\": \"/subscriptions/00000000-0000-0000-0000-000000000000/resourceGroups/clitest.rg000001/providers/Microsoft.Network/loadBalancers/lb1\"\
        ,\r\n  \"etag\": \"W/\\\"99328cd8-438b-4aea-bd7e-1a29922215fd\\\"\",\r\n \
        \ \"type\": \"Microsoft.Network/loadBalancers\",\r\n  \"location\": \"westus\"\
        ,\r\n  \"tags\": {},\r\n  \"properties\": {\r\n    \"provisioningState\":\
        \ \"Succeeded\",\r\n    \"resourceGuid\": \"c5f44ae2-78bd-426b-919e-500cca4829b4\"\
        ,\r\n    \"frontendIPConfigurations\": [\r\n      {\r\n        \"name\": \"\
        LoadBalancerFrontEnd\",\r\n        \"id\": \"/subscriptions/00000000-0000-0000-0000-000000000000/resourceGroups/clitest.rg000001/providers/Microsoft.Network/loadBalancers/lb1/frontendIPConfigurations/LoadBalancerFrontEnd\"\
        ,\r\n        \"etag\": \"W/\\\"99328cd8-438b-4aea-bd7e-1a29922215fd\\\"\"\
        ,\r\n        \"properties\": {\r\n          \"provisioningState\": \"Succeeded\"\
        ,\r\n          \"privateIPAllocationMethod\": \"Dynamic\",\r\n          \"\
        publicIPAddress\": {\r\n            \"id\": \"/subscriptions/00000000-0000-0000-0000-000000000000/resourceGroups/clitest.rg000001/providers/Microsoft.Network/publicIPAddresses/PublicIPlb1\"\
        \r\n          }\r\n        }\r\n      }\r\n    ],\r\n    \"backendAddressPools\"\
        : [\r\n      {\r\n        \"name\": \"lb1bepool\",\r\n        \"id\": \"/subscriptions/00000000-0000-0000-0000-000000000000/resourceGroups/clitest.rg000001/providers/Microsoft.Network/loadBalancers/lb1/backendAddressPools/lb1bepool\"\
        ,\r\n        \"etag\": \"W/\\\"99328cd8-438b-4aea-bd7e-1a29922215fd\\\"\"\
        ,\r\n        \"properties\": {\r\n          \"provisioningState\": \"Succeeded\"\
        \r\n        }\r\n      }\r\n    ],\r\n    \"loadBalancingRules\": [],\r\n\
        \    \"probes\": [],\r\n    \"inboundNatRules\": [],\r\n    \"outboundNatRules\"\
        : [],\r\n    \"inboundNatPools\": []\r\n  },\r\n  \"sku\": {\r\n    \"name\"\
        : \"Basic\"\r\n  }\r\n}"}
    headers:
      cache-control: [no-cache]
      content-length: ['1946']
      content-type: [application/json; charset=utf-8]
      date: ['Sun, 01 Oct 2017 04:00:38 GMT']
      etag: [W/"99328cd8-438b-4aea-bd7e-1a29922215fd"]
      expires: ['-1']
      pragma: [no-cache]
      server: [Microsoft-HTTPAPI/2.0, Microsoft-HTTPAPI/2.0]
      strict-transport-security: [max-age=31536000; includeSubDomains]
      transfer-encoding: [chunked]
      vary: [Accept-Encoding]
    status: {code: 200, message: OK}
- request:
    body: 'b''{"etag": "W/\\"99328cd8-438b-4aea-bd7e-1a29922215fd\\"", "properties":
      {"backendAddressPools": [{"name": "lb1bepool", "id": "/subscriptions/00000000-0000-0000-0000-000000000000/resourceGroups/clitest.rg000001/providers/Microsoft.Network/loadBalancers/lb1/backendAddressPools/lb1bepool",
      "properties": {"provisioningState": "Succeeded"}, "etag": "W/\\"99328cd8-438b-4aea-bd7e-1a29922215fd\\""}],
      "resourceGuid": "c5f44ae2-78bd-426b-919e-500cca4829b4", "loadBalancingRules":
      [], "frontendIPConfigurations": [{"name": "LoadBalancerFrontEnd", "etag": "W/\\"99328cd8-438b-4aea-bd7e-1a29922215fd\\"",
      "properties": {"publicIPAddress": {"id": "/subscriptions/00000000-0000-0000-0000-000000000000/resourceGroups/clitest.rg000001/providers/Microsoft.Network/publicIPAddresses/PublicIPlb1"},
      "privateIPAllocationMethod": "Dynamic", "provisioningState": "Succeeded"}, "id":
      "/subscriptions/00000000-0000-0000-0000-000000000000/resourceGroups/clitest.rg000001/providers/Microsoft.Network/loadBalancers/lb1/frontendIPConfigurations/LoadBalancerFrontEnd"}],
      "probes": [{"name": "probe1", "properties": {"requestPath": "/", "protocol":
      "Http", "port": 80}}], "inboundNatPools": [], "outboundNatRules": [], "inboundNatRules":
      [], "provisioningState": "Succeeded"}, "location": "westus", "id": "/subscriptions/00000000-0000-0000-0000-000000000000/resourceGroups/clitest.rg000001/providers/Microsoft.Network/loadBalancers/lb1",
      "tags": {}, "sku": {"name": "Basic"}}'''
    headers:
      Accept: [application/json]
      Accept-Encoding: ['gzip, deflate']
      CommandName: [network lb probe create]
      Connection: [keep-alive]
      Content-Length: ['1677']
      Content-Type: [application/json; charset=utf-8]
      User-Agent: [python/3.5.3 (Windows-10-10.0.10586-SP0) requests/2.18.4 msrest/0.4.14
          msrest_azure/0.4.14 networkmanagementclient/1.5.0rc3 Azure-SDK-For-Python
          AZURECLI/2.0.17+dev]
      accept-language: [en-US]
    method: PUT
    uri: https://management.azure.com/subscriptions/00000000-0000-0000-0000-000000000000/resourceGroups/clitest.rg000001/providers/Microsoft.Network/loadBalancers/lb1?api-version=2017-09-01
  response:
    body: {string: "{\r\n  \"name\": \"lb1\",\r\n  \"id\": \"/subscriptions/00000000-0000-0000-0000-000000000000/resourceGroups/clitest.rg000001/providers/Microsoft.Network/loadBalancers/lb1\"\
        ,\r\n  \"etag\": \"W/\\\"1370c48d-1389-45c0-948c-efebd1c86fa0\\\"\",\r\n \
        \ \"type\": \"Microsoft.Network/loadBalancers\",\r\n  \"location\": \"westus\"\
        ,\r\n  \"tags\": {},\r\n  \"properties\": {\r\n    \"provisioningState\":\
        \ \"Succeeded\",\r\n    \"resourceGuid\": \"c5f44ae2-78bd-426b-919e-500cca4829b4\"\
        ,\r\n    \"frontendIPConfigurations\": [\r\n      {\r\n        \"name\": \"\
        LoadBalancerFrontEnd\",\r\n        \"id\": \"/subscriptions/00000000-0000-0000-0000-000000000000/resourceGroups/clitest.rg000001/providers/Microsoft.Network/loadBalancers/lb1/frontendIPConfigurations/LoadBalancerFrontEnd\"\
        ,\r\n        \"etag\": \"W/\\\"1370c48d-1389-45c0-948c-efebd1c86fa0\\\"\"\
        ,\r\n        \"properties\": {\r\n          \"provisioningState\": \"Succeeded\"\
        ,\r\n          \"privateIPAllocationMethod\": \"Dynamic\",\r\n          \"\
        publicIPAddress\": {\r\n            \"id\": \"/subscriptions/00000000-0000-0000-0000-000000000000/resourceGroups/clitest.rg000001/providers/Microsoft.Network/publicIPAddresses/PublicIPlb1\"\
        \r\n          }\r\n        }\r\n      }\r\n    ],\r\n    \"backendAddressPools\"\
        : [\r\n      {\r\n        \"name\": \"lb1bepool\",\r\n        \"id\": \"/subscriptions/00000000-0000-0000-0000-000000000000/resourceGroups/clitest.rg000001/providers/Microsoft.Network/loadBalancers/lb1/backendAddressPools/lb1bepool\"\
        ,\r\n        \"etag\": \"W/\\\"1370c48d-1389-45c0-948c-efebd1c86fa0\\\"\"\
        ,\r\n        \"properties\": {\r\n          \"provisioningState\": \"Succeeded\"\
        \r\n        }\r\n      }\r\n    ],\r\n    \"loadBalancingRules\": [],\r\n\
        \    \"probes\": [\r\n      {\r\n        \"name\": \"probe1\",\r\n       \
        \ \"id\": \"/subscriptions/00000000-0000-0000-0000-000000000000/resourceGroups/clitest.rg000001/providers/Microsoft.Network/loadBalancers/lb1/probes/probe1\"\
        ,\r\n        \"etag\": \"W/\\\"1370c48d-1389-45c0-948c-efebd1c86fa0\\\"\"\
        ,\r\n        \"properties\": {\r\n          \"provisioningState\": \"Succeeded\"\
        ,\r\n          \"protocol\": \"Http\",\r\n          \"port\": 80,\r\n    \
        \      \"requestPath\": \"/\",\r\n          \"intervalInSeconds\": 15,\r\n\
        \          \"numberOfProbes\": 2\r\n        }\r\n      }\r\n    ],\r\n   \
        \ \"inboundNatRules\": [],\r\n    \"outboundNatRules\": [],\r\n    \"inboundNatPools\"\
        : []\r\n  },\r\n  \"sku\": {\r\n    \"name\": \"Basic\"\r\n  }\r\n}"}
    headers:
      azure-asyncoperation: ['https://management.azure.com/subscriptions/00000000-0000-0000-0000-000000000000/providers/Microsoft.Network/locations/westus/operations/3012bf8f-d204-40b7-be47-d96aab934789?api-version=2017-09-01']
      cache-control: [no-cache]
      content-length: ['2514']
      content-type: [application/json; charset=utf-8]
      date: ['Sun, 01 Oct 2017 04:00:38 GMT']
      expires: ['-1']
      pragma: [no-cache]
      server: [Microsoft-HTTPAPI/2.0, Microsoft-HTTPAPI/2.0]
      strict-transport-security: [max-age=31536000; includeSubDomains]
      transfer-encoding: [chunked]
      vary: [Accept-Encoding]
      x-ms-ratelimit-remaining-subscription-writes: ['1199']
    status: {code: 200, message: OK}
- request:
    body: null
    headers:
      Accept: [application/json]
      Accept-Encoding: ['gzip, deflate']
      CommandName: [network lb probe create]
      Connection: [keep-alive]
      Content-Type: [application/json; charset=utf-8]
      User-Agent: [python/3.5.3 (Windows-10-10.0.10586-SP0) requests/2.18.4 msrest/0.4.14
          msrest_azure/0.4.14 networkmanagementclient/1.5.0rc3 Azure-SDK-For-Python
          AZURECLI/2.0.17+dev]
      accept-language: [en-US]
    method: GET
    uri: https://management.azure.com/subscriptions/00000000-0000-0000-0000-000000000000/providers/Microsoft.Network/locations/westus/operations/3012bf8f-d204-40b7-be47-d96aab934789?api-version=2017-09-01
  response:
    body: {string: "{\r\n  \"status\": \"Succeeded\"\r\n}"}
    headers:
      cache-control: [no-cache]
      content-length: ['29']
      content-type: [application/json; charset=utf-8]
      date: ['Sun, 01 Oct 2017 04:01:09 GMT']
      expires: ['-1']
      pragma: [no-cache]
      server: [Microsoft-HTTPAPI/2.0, Microsoft-HTTPAPI/2.0]
      strict-transport-security: [max-age=31536000; includeSubDomains]
      transfer-encoding: [chunked]
      vary: [Accept-Encoding]
    status: {code: 200, message: OK}
- request:
    body: null
    headers:
      Accept: [application/json]
      Accept-Encoding: ['gzip, deflate']
      CommandName: [network lb probe create]
      Connection: [keep-alive]
      Content-Type: [application/json; charset=utf-8]
      User-Agent: [python/3.5.3 (Windows-10-10.0.10586-SP0) requests/2.18.4 msrest/0.4.14
          msrest_azure/0.4.14 networkmanagementclient/1.5.0rc3 Azure-SDK-For-Python
          AZURECLI/2.0.17+dev]
      accept-language: [en-US]
    method: GET
    uri: https://management.azure.com/subscriptions/00000000-0000-0000-0000-000000000000/resourceGroups/clitest.rg000001/providers/Microsoft.Network/loadBalancers/lb1?api-version=2017-09-01
  response:
    body: {string: "{\r\n  \"name\": \"lb1\",\r\n  \"id\": \"/subscriptions/00000000-0000-0000-0000-000000000000/resourceGroups/clitest.rg000001/providers/Microsoft.Network/loadBalancers/lb1\"\
        ,\r\n  \"etag\": \"W/\\\"1370c48d-1389-45c0-948c-efebd1c86fa0\\\"\",\r\n \
        \ \"type\": \"Microsoft.Network/loadBalancers\",\r\n  \"location\": \"westus\"\
        ,\r\n  \"tags\": {},\r\n  \"properties\": {\r\n    \"provisioningState\":\
        \ \"Succeeded\",\r\n    \"resourceGuid\": \"c5f44ae2-78bd-426b-919e-500cca4829b4\"\
        ,\r\n    \"frontendIPConfigurations\": [\r\n      {\r\n        \"name\": \"\
        LoadBalancerFrontEnd\",\r\n        \"id\": \"/subscriptions/00000000-0000-0000-0000-000000000000/resourceGroups/clitest.rg000001/providers/Microsoft.Network/loadBalancers/lb1/frontendIPConfigurations/LoadBalancerFrontEnd\"\
        ,\r\n        \"etag\": \"W/\\\"1370c48d-1389-45c0-948c-efebd1c86fa0\\\"\"\
        ,\r\n        \"properties\": {\r\n          \"provisioningState\": \"Succeeded\"\
        ,\r\n          \"privateIPAllocationMethod\": \"Dynamic\",\r\n          \"\
        publicIPAddress\": {\r\n            \"id\": \"/subscriptions/00000000-0000-0000-0000-000000000000/resourceGroups/clitest.rg000001/providers/Microsoft.Network/publicIPAddresses/PublicIPlb1\"\
        \r\n          }\r\n        }\r\n      }\r\n    ],\r\n    \"backendAddressPools\"\
        : [\r\n      {\r\n        \"name\": \"lb1bepool\",\r\n        \"id\": \"/subscriptions/00000000-0000-0000-0000-000000000000/resourceGroups/clitest.rg000001/providers/Microsoft.Network/loadBalancers/lb1/backendAddressPools/lb1bepool\"\
        ,\r\n        \"etag\": \"W/\\\"1370c48d-1389-45c0-948c-efebd1c86fa0\\\"\"\
        ,\r\n        \"properties\": {\r\n          \"provisioningState\": \"Succeeded\"\
        \r\n        }\r\n      }\r\n    ],\r\n    \"loadBalancingRules\": [],\r\n\
        \    \"probes\": [\r\n      {\r\n        \"name\": \"probe1\",\r\n       \
        \ \"id\": \"/subscriptions/00000000-0000-0000-0000-000000000000/resourceGroups/clitest.rg000001/providers/Microsoft.Network/loadBalancers/lb1/probes/probe1\"\
        ,\r\n        \"etag\": \"W/\\\"1370c48d-1389-45c0-948c-efebd1c86fa0\\\"\"\
        ,\r\n        \"properties\": {\r\n          \"provisioningState\": \"Succeeded\"\
        ,\r\n          \"protocol\": \"Http\",\r\n          \"port\": 80,\r\n    \
        \      \"requestPath\": \"/\",\r\n          \"intervalInSeconds\": 15,\r\n\
        \          \"numberOfProbes\": 2\r\n        }\r\n      }\r\n    ],\r\n   \
        \ \"inboundNatRules\": [],\r\n    \"outboundNatRules\": [],\r\n    \"inboundNatPools\"\
        : []\r\n  },\r\n  \"sku\": {\r\n    \"name\": \"Basic\"\r\n  }\r\n}"}
    headers:
      cache-control: [no-cache]
      content-length: ['2514']
      content-type: [application/json; charset=utf-8]
      date: ['Sun, 01 Oct 2017 04:01:09 GMT']
      etag: [W/"1370c48d-1389-45c0-948c-efebd1c86fa0"]
      expires: ['-1']
      pragma: [no-cache]
      server: [Microsoft-HTTPAPI/2.0, Microsoft-HTTPAPI/2.0]
      strict-transport-security: [max-age=31536000; includeSubDomains]
      transfer-encoding: [chunked]
      vary: [Accept-Encoding]
    status: {code: 200, message: OK}
- request:
    body: null
    headers:
      Accept: [application/json]
      Accept-Encoding: ['gzip, deflate']
      CommandName: [network lb rule create]
      Connection: [keep-alive]
      Content-Type: [application/json; charset=utf-8]
      User-Agent: [python/3.5.3 (Windows-10-10.0.10586-SP0) requests/2.18.4 msrest/0.4.14
          msrest_azure/0.4.14 networkmanagementclient/1.5.0rc3 Azure-SDK-For-Python
          AZURECLI/2.0.17+dev]
      accept-language: [en-US]
    method: GET
    uri: https://management.azure.com/subscriptions/00000000-0000-0000-0000-000000000000/resourceGroups/clitest.rg000001/providers/Microsoft.Network/loadBalancers/lb1?api-version=2017-09-01
  response:
    body: {string: "{\r\n  \"name\": \"lb1\",\r\n  \"id\": \"/subscriptions/00000000-0000-0000-0000-000000000000/resourceGroups/clitest.rg000001/providers/Microsoft.Network/loadBalancers/lb1\"\
        ,\r\n  \"etag\": \"W/\\\"1370c48d-1389-45c0-948c-efebd1c86fa0\\\"\",\r\n \
        \ \"type\": \"Microsoft.Network/loadBalancers\",\r\n  \"location\": \"westus\"\
        ,\r\n  \"tags\": {},\r\n  \"properties\": {\r\n    \"provisioningState\":\
        \ \"Succeeded\",\r\n    \"resourceGuid\": \"c5f44ae2-78bd-426b-919e-500cca4829b4\"\
        ,\r\n    \"frontendIPConfigurations\": [\r\n      {\r\n        \"name\": \"\
        LoadBalancerFrontEnd\",\r\n        \"id\": \"/subscriptions/00000000-0000-0000-0000-000000000000/resourceGroups/clitest.rg000001/providers/Microsoft.Network/loadBalancers/lb1/frontendIPConfigurations/LoadBalancerFrontEnd\"\
        ,\r\n        \"etag\": \"W/\\\"1370c48d-1389-45c0-948c-efebd1c86fa0\\\"\"\
        ,\r\n        \"properties\": {\r\n          \"provisioningState\": \"Succeeded\"\
        ,\r\n          \"privateIPAllocationMethod\": \"Dynamic\",\r\n          \"\
        publicIPAddress\": {\r\n            \"id\": \"/subscriptions/00000000-0000-0000-0000-000000000000/resourceGroups/clitest.rg000001/providers/Microsoft.Network/publicIPAddresses/PublicIPlb1\"\
        \r\n          }\r\n        }\r\n      }\r\n    ],\r\n    \"backendAddressPools\"\
        : [\r\n      {\r\n        \"name\": \"lb1bepool\",\r\n        \"id\": \"/subscriptions/00000000-0000-0000-0000-000000000000/resourceGroups/clitest.rg000001/providers/Microsoft.Network/loadBalancers/lb1/backendAddressPools/lb1bepool\"\
        ,\r\n        \"etag\": \"W/\\\"1370c48d-1389-45c0-948c-efebd1c86fa0\\\"\"\
        ,\r\n        \"properties\": {\r\n          \"provisioningState\": \"Succeeded\"\
        \r\n        }\r\n      }\r\n    ],\r\n    \"loadBalancingRules\": [],\r\n\
        \    \"probes\": [\r\n      {\r\n        \"name\": \"probe1\",\r\n       \
        \ \"id\": \"/subscriptions/00000000-0000-0000-0000-000000000000/resourceGroups/clitest.rg000001/providers/Microsoft.Network/loadBalancers/lb1/probes/probe1\"\
        ,\r\n        \"etag\": \"W/\\\"1370c48d-1389-45c0-948c-efebd1c86fa0\\\"\"\
        ,\r\n        \"properties\": {\r\n          \"provisioningState\": \"Succeeded\"\
        ,\r\n          \"protocol\": \"Http\",\r\n          \"port\": 80,\r\n    \
        \      \"requestPath\": \"/\",\r\n          \"intervalInSeconds\": 15,\r\n\
        \          \"numberOfProbes\": 2\r\n        }\r\n      }\r\n    ],\r\n   \
        \ \"inboundNatRules\": [],\r\n    \"outboundNatRules\": [],\r\n    \"inboundNatPools\"\
        : []\r\n  },\r\n  \"sku\": {\r\n    \"name\": \"Basic\"\r\n  }\r\n}"}
    headers:
      cache-control: [no-cache]
      content-length: ['2514']
      content-type: [application/json; charset=utf-8]
      date: ['Sun, 01 Oct 2017 04:01:10 GMT']
      etag: [W/"1370c48d-1389-45c0-948c-efebd1c86fa0"]
      expires: ['-1']
      pragma: [no-cache]
      server: [Microsoft-HTTPAPI/2.0, Microsoft-HTTPAPI/2.0]
      strict-transport-security: [max-age=31536000; includeSubDomains]
      transfer-encoding: [chunked]
      vary: [Accept-Encoding]
    status: {code: 200, message: OK}
- request:
    body: 'b''{"etag": "W/\\"1370c48d-1389-45c0-948c-efebd1c86fa0\\"", "properties":
      {"backendAddressPools": [{"name": "lb1bepool", "id": "/subscriptions/00000000-0000-0000-0000-000000000000/resourceGroups/clitest.rg000001/providers/Microsoft.Network/loadBalancers/lb1/backendAddressPools/lb1bepool",
      "properties": {"provisioningState": "Succeeded"}, "etag": "W/\\"1370c48d-1389-45c0-948c-efebd1c86fa0\\""}],
      "resourceGuid": "c5f44ae2-78bd-426b-919e-500cca4829b4", "loadBalancingRules":
      [{"name": "rule1", "properties": {"probe": {"name": "probe1", "id": "/subscriptions/00000000-0000-0000-0000-000000000000/resourceGroups/clitest.rg000001/providers/Microsoft.Network/loadBalancers/lb1/probes/probe1",
      "properties": {"protocol": "Http", "port": 80, "numberOfProbes": 2, "requestPath":
      "/", "intervalInSeconds": 15, "provisioningState": "Succeeded"}, "etag": "W/\\"1370c48d-1389-45c0-948c-efebd1c86fa0\\""},
      "enableFloatingIP": false, "frontendIPConfiguration": {"name": "LoadBalancerFrontEnd",
      "etag": "W/\\"1370c48d-1389-45c0-948c-efebd1c86fa0\\"", "properties": {"publicIPAddress":
      {"id": "/subscriptions/00000000-0000-0000-0000-000000000000/resourceGroups/clitest.rg000001/providers/Microsoft.Network/publicIPAddresses/PublicIPlb1"},
      "privateIPAllocationMethod": "Dynamic", "provisioningState": "Succeeded"}, "id":
      "/subscriptions/00000000-0000-0000-0000-000000000000/resourceGroups/clitest.rg000001/providers/Microsoft.Network/loadBalancers/lb1/frontendIPConfigurations/LoadBalancerFrontEnd"},
      "protocol": "Tcp", "loadDistribution": "Default", "frontendPort": 80, "backendAddressPool":
      {"name": "lb1bepool", "id": "/subscriptions/00000000-0000-0000-0000-000000000000/resourceGroups/clitest.rg000001/providers/Microsoft.Network/loadBalancers/lb1/backendAddressPools/lb1bepool",
      "properties": {"provisioningState": "Succeeded"}, "etag": "W/\\"1370c48d-1389-45c0-948c-efebd1c86fa0\\""},
      "backendPort": 80}}], "frontendIPConfigurations": [{"name": "LoadBalancerFrontEnd",
      "etag": "W/\\"1370c48d-1389-45c0-948c-efebd1c86fa0\\"", "properties": {"publicIPAddress":
      {"id": "/subscriptions/00000000-0000-0000-0000-000000000000/resourceGroups/clitest.rg000001/providers/Microsoft.Network/publicIPAddresses/PublicIPlb1"},
      "privateIPAllocationMethod": "Dynamic", "provisioningState": "Succeeded"}, "id":
      "/subscriptions/00000000-0000-0000-0000-000000000000/resourceGroups/clitest.rg000001/providers/Microsoft.Network/loadBalancers/lb1/frontendIPConfigurations/LoadBalancerFrontEnd"}],
      "probes": [{"name": "probe1", "id": "/subscriptions/00000000-0000-0000-0000-000000000000/resourceGroups/clitest.rg000001/providers/Microsoft.Network/loadBalancers/lb1/probes/probe1",
      "properties": {"protocol": "Http", "port": 80, "numberOfProbes": 2, "requestPath":
      "/", "intervalInSeconds": 15, "provisioningState": "Succeeded"}, "etag": "W/\\"1370c48d-1389-45c0-948c-efebd1c86fa0\\""}],
      "inboundNatPools": [], "outboundNatRules": [], "inboundNatRules": [], "provisioningState":
      "Succeeded"}, "location": "westus", "id": "/subscriptions/00000000-0000-0000-0000-000000000000/resourceGroups/clitest.rg000001/providers/Microsoft.Network/loadBalancers/lb1",
      "tags": {}, "sku": {"name": "Basic"}}'''
    headers:
      Accept: [application/json]
      Accept-Encoding: ['gzip, deflate']
      CommandName: [network lb rule create]
      Connection: [keep-alive]
      Content-Length: ['3672']
      Content-Type: [application/json; charset=utf-8]
      User-Agent: [python/3.5.3 (Windows-10-10.0.10586-SP0) requests/2.18.4 msrest/0.4.14
          msrest_azure/0.4.14 networkmanagementclient/1.5.0rc3 Azure-SDK-For-Python
          AZURECLI/2.0.17+dev]
      accept-language: [en-US]
    method: PUT
    uri: https://management.azure.com/subscriptions/00000000-0000-0000-0000-000000000000/resourceGroups/clitest.rg000001/providers/Microsoft.Network/loadBalancers/lb1?api-version=2017-09-01
  response:
    body: {string: "{\r\n  \"name\": \"lb1\",\r\n  \"id\": \"/subscriptions/00000000-0000-0000-0000-000000000000/resourceGroups/clitest.rg000001/providers/Microsoft.Network/loadBalancers/lb1\"\
        ,\r\n  \"etag\": \"W/\\\"e527a89c-89c8-44e9-a165-fda0c22190d0\\\"\",\r\n \
        \ \"type\": \"Microsoft.Network/loadBalancers\",\r\n  \"location\": \"westus\"\
        ,\r\n  \"tags\": {},\r\n  \"properties\": {\r\n    \"provisioningState\":\
        \ \"Succeeded\",\r\n    \"resourceGuid\": \"c5f44ae2-78bd-426b-919e-500cca4829b4\"\
        ,\r\n    \"frontendIPConfigurations\": [\r\n      {\r\n        \"name\": \"\
        LoadBalancerFrontEnd\",\r\n        \"id\": \"/subscriptions/00000000-0000-0000-0000-000000000000/resourceGroups/clitest.rg000001/providers/Microsoft.Network/loadBalancers/lb1/frontendIPConfigurations/LoadBalancerFrontEnd\"\
        ,\r\n        \"etag\": \"W/\\\"e527a89c-89c8-44e9-a165-fda0c22190d0\\\"\"\
        ,\r\n        \"properties\": {\r\n          \"provisioningState\": \"Succeeded\"\
        ,\r\n          \"privateIPAllocationMethod\": \"Dynamic\",\r\n          \"\
        publicIPAddress\": {\r\n            \"id\": \"/subscriptions/00000000-0000-0000-0000-000000000000/resourceGroups/clitest.rg000001/providers/Microsoft.Network/publicIPAddresses/PublicIPlb1\"\
        \r\n          },\r\n          \"loadBalancingRules\": [\r\n            {\r\
        \n              \"id\": \"/subscriptions/00000000-0000-0000-0000-000000000000/resourceGroups/clitest.rg000001/providers/Microsoft.Network/loadBalancers/lb1/loadBalancingRules/rule1\"\
        \r\n            }\r\n          ]\r\n        }\r\n      }\r\n    ],\r\n   \
        \ \"backendAddressPools\": [\r\n      {\r\n        \"name\": \"lb1bepool\"\
        ,\r\n        \"id\": \"/subscriptions/00000000-0000-0000-0000-000000000000/resourceGroups/clitest.rg000001/providers/Microsoft.Network/loadBalancers/lb1/backendAddressPools/lb1bepool\"\
        ,\r\n        \"etag\": \"W/\\\"e527a89c-89c8-44e9-a165-fda0c22190d0\\\"\"\
        ,\r\n        \"properties\": {\r\n          \"provisioningState\": \"Succeeded\"\
        ,\r\n          \"loadBalancingRules\": [\r\n            {\r\n            \
        \  \"id\": \"/subscriptions/00000000-0000-0000-0000-000000000000/resourceGroups/clitest.rg000001/providers/Microsoft.Network/loadBalancers/lb1/loadBalancingRules/rule1\"\
        \r\n            }\r\n          ]\r\n        }\r\n      }\r\n    ],\r\n   \
        \ \"loadBalancingRules\": [\r\n      {\r\n        \"name\": \"rule1\",\r\n\
        \        \"id\": \"/subscriptions/00000000-0000-0000-0000-000000000000/resourceGroups/clitest.rg000001/providers/Microsoft.Network/loadBalancers/lb1/loadBalancingRules/rule1\"\
        ,\r\n        \"etag\": \"W/\\\"e527a89c-89c8-44e9-a165-fda0c22190d0\\\"\"\
        ,\r\n        \"properties\": {\r\n          \"provisioningState\": \"Succeeded\"\
        ,\r\n          \"frontendIPConfiguration\": {\r\n            \"id\": \"/subscriptions/00000000-0000-0000-0000-000000000000/resourceGroups/clitest.rg000001/providers/Microsoft.Network/loadBalancers/lb1/frontendIPConfigurations/LoadBalancerFrontEnd\"\
        \r\n          },\r\n          \"frontendPort\": 80,\r\n          \"backendPort\"\
        : 80,\r\n          \"enableFloatingIP\": false,\r\n          \"idleTimeoutInMinutes\"\
        : 4,\r\n          \"protocol\": \"Tcp\",\r\n          \"loadDistribution\"\
        : \"Default\",\r\n          \"backendAddressPool\": {\r\n            \"id\"\
        : \"/subscriptions/00000000-0000-0000-0000-000000000000/resourceGroups/clitest.rg000001/providers/Microsoft.Network/loadBalancers/lb1/backendAddressPools/lb1bepool\"\
        \r\n          },\r\n          \"probe\": {\r\n            \"id\": \"/subscriptions/00000000-0000-0000-0000-000000000000/resourceGroups/clitest.rg000001/providers/Microsoft.Network/loadBalancers/lb1/probes/probe1\"\
        \r\n          }\r\n        }\r\n      }\r\n    ],\r\n    \"probes\": [\r\n\
        \      {\r\n        \"name\": \"probe1\",\r\n        \"id\": \"/subscriptions/00000000-0000-0000-0000-000000000000/resourceGroups/clitest.rg000001/providers/Microsoft.Network/loadBalancers/lb1/probes/probe1\"\
        ,\r\n        \"etag\": \"W/\\\"e527a89c-89c8-44e9-a165-fda0c22190d0\\\"\"\
        ,\r\n        \"properties\": {\r\n          \"provisioningState\": \"Succeeded\"\
        ,\r\n          \"protocol\": \"Http\",\r\n          \"port\": 80,\r\n    \
        \      \"requestPath\": \"/\",\r\n          \"intervalInSeconds\": 15,\r\n\
        \          \"numberOfProbes\": 2,\r\n          \"loadBalancingRules\": [\r\
        \n            {\r\n              \"id\": \"/subscriptions/00000000-0000-0000-0000-000000000000/resourceGroups/clitest.rg000001/providers/Microsoft.Network/loadBalancers/lb1/loadBalancingRules/rule1\"\
        \r\n            }\r\n          ]\r\n        }\r\n      }\r\n    ],\r\n   \
        \ \"inboundNatRules\": [],\r\n    \"outboundNatRules\": [],\r\n    \"inboundNatPools\"\
        : []\r\n  },\r\n  \"sku\": {\r\n    \"name\": \"Basic\"\r\n  }\r\n}"}
    headers:
      azure-asyncoperation: ['https://management.azure.com/subscriptions/00000000-0000-0000-0000-000000000000/providers/Microsoft.Network/locations/westus/operations/3bb4124d-ca63-43f8-b3f2-706895df2b46?api-version=2017-09-01']
      cache-control: [no-cache]
      content-length: ['4955']
      content-type: [application/json; charset=utf-8]
      date: ['Sun, 01 Oct 2017 04:01:11 GMT']
      expires: ['-1']
      pragma: [no-cache]
      server: [Microsoft-HTTPAPI/2.0, Microsoft-HTTPAPI/2.0]
      strict-transport-security: [max-age=31536000; includeSubDomains]
      transfer-encoding: [chunked]
      vary: [Accept-Encoding]
      x-ms-ratelimit-remaining-subscription-writes: ['1196']
    status: {code: 200, message: OK}
- request:
    body: null
    headers:
      Accept: [application/json]
      Accept-Encoding: ['gzip, deflate']
      CommandName: [network lb rule create]
      Connection: [keep-alive]
      Content-Type: [application/json; charset=utf-8]
      User-Agent: [python/3.5.3 (Windows-10-10.0.10586-SP0) requests/2.18.4 msrest/0.4.14
          msrest_azure/0.4.14 networkmanagementclient/1.5.0rc3 Azure-SDK-For-Python
          AZURECLI/2.0.17+dev]
      accept-language: [en-US]
    method: GET
    uri: https://management.azure.com/subscriptions/00000000-0000-0000-0000-000000000000/providers/Microsoft.Network/locations/westus/operations/3bb4124d-ca63-43f8-b3f2-706895df2b46?api-version=2017-09-01
  response:
    body: {string: "{\r\n  \"status\": \"Succeeded\"\r\n}"}
    headers:
      cache-control: [no-cache]
      content-length: ['29']
      content-type: [application/json; charset=utf-8]
      date: ['Sun, 01 Oct 2017 04:01:41 GMT']
      expires: ['-1']
      pragma: [no-cache]
      server: [Microsoft-HTTPAPI/2.0, Microsoft-HTTPAPI/2.0]
      strict-transport-security: [max-age=31536000; includeSubDomains]
      transfer-encoding: [chunked]
      vary: [Accept-Encoding]
    status: {code: 200, message: OK}
- request:
    body: null
    headers:
      Accept: [application/json]
      Accept-Encoding: ['gzip, deflate']
      CommandName: [network lb rule create]
      Connection: [keep-alive]
      Content-Type: [application/json; charset=utf-8]
      User-Agent: [python/3.5.3 (Windows-10-10.0.10586-SP0) requests/2.18.4 msrest/0.4.14
          msrest_azure/0.4.14 networkmanagementclient/1.5.0rc3 Azure-SDK-For-Python
          AZURECLI/2.0.17+dev]
      accept-language: [en-US]
    method: GET
    uri: https://management.azure.com/subscriptions/00000000-0000-0000-0000-000000000000/resourceGroups/clitest.rg000001/providers/Microsoft.Network/loadBalancers/lb1?api-version=2017-09-01
  response:
    body: {string: "{\r\n  \"name\": \"lb1\",\r\n  \"id\": \"/subscriptions/00000000-0000-0000-0000-000000000000/resourceGroups/clitest.rg000001/providers/Microsoft.Network/loadBalancers/lb1\"\
        ,\r\n  \"etag\": \"W/\\\"e527a89c-89c8-44e9-a165-fda0c22190d0\\\"\",\r\n \
        \ \"type\": \"Microsoft.Network/loadBalancers\",\r\n  \"location\": \"westus\"\
        ,\r\n  \"tags\": {},\r\n  \"properties\": {\r\n    \"provisioningState\":\
        \ \"Succeeded\",\r\n    \"resourceGuid\": \"c5f44ae2-78bd-426b-919e-500cca4829b4\"\
        ,\r\n    \"frontendIPConfigurations\": [\r\n      {\r\n        \"name\": \"\
        LoadBalancerFrontEnd\",\r\n        \"id\": \"/subscriptions/00000000-0000-0000-0000-000000000000/resourceGroups/clitest.rg000001/providers/Microsoft.Network/loadBalancers/lb1/frontendIPConfigurations/LoadBalancerFrontEnd\"\
        ,\r\n        \"etag\": \"W/\\\"e527a89c-89c8-44e9-a165-fda0c22190d0\\\"\"\
        ,\r\n        \"properties\": {\r\n          \"provisioningState\": \"Succeeded\"\
        ,\r\n          \"privateIPAllocationMethod\": \"Dynamic\",\r\n          \"\
        publicIPAddress\": {\r\n            \"id\": \"/subscriptions/00000000-0000-0000-0000-000000000000/resourceGroups/clitest.rg000001/providers/Microsoft.Network/publicIPAddresses/PublicIPlb1\"\
        \r\n          },\r\n          \"loadBalancingRules\": [\r\n            {\r\
        \n              \"id\": \"/subscriptions/00000000-0000-0000-0000-000000000000/resourceGroups/clitest.rg000001/providers/Microsoft.Network/loadBalancers/lb1/loadBalancingRules/rule1\"\
        \r\n            }\r\n          ]\r\n        }\r\n      }\r\n    ],\r\n   \
        \ \"backendAddressPools\": [\r\n      {\r\n        \"name\": \"lb1bepool\"\
        ,\r\n        \"id\": \"/subscriptions/00000000-0000-0000-0000-000000000000/resourceGroups/clitest.rg000001/providers/Microsoft.Network/loadBalancers/lb1/backendAddressPools/lb1bepool\"\
        ,\r\n        \"etag\": \"W/\\\"e527a89c-89c8-44e9-a165-fda0c22190d0\\\"\"\
        ,\r\n        \"properties\": {\r\n          \"provisioningState\": \"Succeeded\"\
        ,\r\n          \"loadBalancingRules\": [\r\n            {\r\n            \
        \  \"id\": \"/subscriptions/00000000-0000-0000-0000-000000000000/resourceGroups/clitest.rg000001/providers/Microsoft.Network/loadBalancers/lb1/loadBalancingRules/rule1\"\
        \r\n            }\r\n          ]\r\n        }\r\n      }\r\n    ],\r\n   \
        \ \"loadBalancingRules\": [\r\n      {\r\n        \"name\": \"rule1\",\r\n\
        \        \"id\": \"/subscriptions/00000000-0000-0000-0000-000000000000/resourceGroups/clitest.rg000001/providers/Microsoft.Network/loadBalancers/lb1/loadBalancingRules/rule1\"\
        ,\r\n        \"etag\": \"W/\\\"e527a89c-89c8-44e9-a165-fda0c22190d0\\\"\"\
        ,\r\n        \"properties\": {\r\n          \"provisioningState\": \"Succeeded\"\
        ,\r\n          \"frontendIPConfiguration\": {\r\n            \"id\": \"/subscriptions/00000000-0000-0000-0000-000000000000/resourceGroups/clitest.rg000001/providers/Microsoft.Network/loadBalancers/lb1/frontendIPConfigurations/LoadBalancerFrontEnd\"\
        \r\n          },\r\n          \"frontendPort\": 80,\r\n          \"backendPort\"\
        : 80,\r\n          \"enableFloatingIP\": false,\r\n          \"idleTimeoutInMinutes\"\
        : 4,\r\n          \"protocol\": \"Tcp\",\r\n          \"loadDistribution\"\
        : \"Default\",\r\n          \"backendAddressPool\": {\r\n            \"id\"\
        : \"/subscriptions/00000000-0000-0000-0000-000000000000/resourceGroups/clitest.rg000001/providers/Microsoft.Network/loadBalancers/lb1/backendAddressPools/lb1bepool\"\
        \r\n          },\r\n          \"probe\": {\r\n            \"id\": \"/subscriptions/00000000-0000-0000-0000-000000000000/resourceGroups/clitest.rg000001/providers/Microsoft.Network/loadBalancers/lb1/probes/probe1\"\
        \r\n          }\r\n        }\r\n      }\r\n    ],\r\n    \"probes\": [\r\n\
        \      {\r\n        \"name\": \"probe1\",\r\n        \"id\": \"/subscriptions/00000000-0000-0000-0000-000000000000/resourceGroups/clitest.rg000001/providers/Microsoft.Network/loadBalancers/lb1/probes/probe1\"\
        ,\r\n        \"etag\": \"W/\\\"e527a89c-89c8-44e9-a165-fda0c22190d0\\\"\"\
        ,\r\n        \"properties\": {\r\n          \"provisioningState\": \"Succeeded\"\
        ,\r\n          \"protocol\": \"Http\",\r\n          \"port\": 80,\r\n    \
        \      \"requestPath\": \"/\",\r\n          \"intervalInSeconds\": 15,\r\n\
        \          \"numberOfProbes\": 2,\r\n          \"loadBalancingRules\": [\r\
        \n            {\r\n              \"id\": \"/subscriptions/00000000-0000-0000-0000-000000000000/resourceGroups/clitest.rg000001/providers/Microsoft.Network/loadBalancers/lb1/loadBalancingRules/rule1\"\
        \r\n            }\r\n          ]\r\n        }\r\n      }\r\n    ],\r\n   \
        \ \"inboundNatRules\": [],\r\n    \"outboundNatRules\": [],\r\n    \"inboundNatPools\"\
        : []\r\n  },\r\n  \"sku\": {\r\n    \"name\": \"Basic\"\r\n  }\r\n}"}
    headers:
      cache-control: [no-cache]
      content-length: ['4955']
      content-type: [application/json; charset=utf-8]
      date: ['Sun, 01 Oct 2017 04:01:41 GMT']
      etag: [W/"e527a89c-89c8-44e9-a165-fda0c22190d0"]
      expires: ['-1']
      pragma: [no-cache]
      server: [Microsoft-HTTPAPI/2.0, Microsoft-HTTPAPI/2.0]
      strict-transport-security: [max-age=31536000; includeSubDomains]
      transfer-encoding: [chunked]
      vary: [Accept-Encoding]
    status: {code: 200, message: OK}
- request:
    body: null
    headers:
      Accept: [application/json]
      Accept-Encoding: ['gzip, deflate']
      CommandName: [network lb inbound-nat-pool create]
      Connection: [keep-alive]
      Content-Type: [application/json; charset=utf-8]
      User-Agent: [python/3.5.3 (Windows-10-10.0.10586-SP0) requests/2.18.4 msrest/0.4.14
          msrest_azure/0.4.14 networkmanagementclient/1.5.0rc3 Azure-SDK-For-Python
          AZURECLI/2.0.17+dev]
      accept-language: [en-US]
    method: GET
    uri: https://management.azure.com/subscriptions/00000000-0000-0000-0000-000000000000/resourceGroups/clitest.rg000001/providers/Microsoft.Network/loadBalancers/lb1?api-version=2017-09-01
  response:
    body: {string: "{\r\n  \"name\": \"lb1\",\r\n  \"id\": \"/subscriptions/00000000-0000-0000-0000-000000000000/resourceGroups/clitest.rg000001/providers/Microsoft.Network/loadBalancers/lb1\"\
        ,\r\n  \"etag\": \"W/\\\"e527a89c-89c8-44e9-a165-fda0c22190d0\\\"\",\r\n \
        \ \"type\": \"Microsoft.Network/loadBalancers\",\r\n  \"location\": \"westus\"\
        ,\r\n  \"tags\": {},\r\n  \"properties\": {\r\n    \"provisioningState\":\
        \ \"Succeeded\",\r\n    \"resourceGuid\": \"c5f44ae2-78bd-426b-919e-500cca4829b4\"\
        ,\r\n    \"frontendIPConfigurations\": [\r\n      {\r\n        \"name\": \"\
        LoadBalancerFrontEnd\",\r\n        \"id\": \"/subscriptions/00000000-0000-0000-0000-000000000000/resourceGroups/clitest.rg000001/providers/Microsoft.Network/loadBalancers/lb1/frontendIPConfigurations/LoadBalancerFrontEnd\"\
        ,\r\n        \"etag\": \"W/\\\"e527a89c-89c8-44e9-a165-fda0c22190d0\\\"\"\
        ,\r\n        \"properties\": {\r\n          \"provisioningState\": \"Succeeded\"\
        ,\r\n          \"privateIPAllocationMethod\": \"Dynamic\",\r\n          \"\
        publicIPAddress\": {\r\n            \"id\": \"/subscriptions/00000000-0000-0000-0000-000000000000/resourceGroups/clitest.rg000001/providers/Microsoft.Network/publicIPAddresses/PublicIPlb1\"\
        \r\n          },\r\n          \"loadBalancingRules\": [\r\n            {\r\
        \n              \"id\": \"/subscriptions/00000000-0000-0000-0000-000000000000/resourceGroups/clitest.rg000001/providers/Microsoft.Network/loadBalancers/lb1/loadBalancingRules/rule1\"\
        \r\n            }\r\n          ]\r\n        }\r\n      }\r\n    ],\r\n   \
        \ \"backendAddressPools\": [\r\n      {\r\n        \"name\": \"lb1bepool\"\
        ,\r\n        \"id\": \"/subscriptions/00000000-0000-0000-0000-000000000000/resourceGroups/clitest.rg000001/providers/Microsoft.Network/loadBalancers/lb1/backendAddressPools/lb1bepool\"\
        ,\r\n        \"etag\": \"W/\\\"e527a89c-89c8-44e9-a165-fda0c22190d0\\\"\"\
        ,\r\n        \"properties\": {\r\n          \"provisioningState\": \"Succeeded\"\
        ,\r\n          \"loadBalancingRules\": [\r\n            {\r\n            \
        \  \"id\": \"/subscriptions/00000000-0000-0000-0000-000000000000/resourceGroups/clitest.rg000001/providers/Microsoft.Network/loadBalancers/lb1/loadBalancingRules/rule1\"\
        \r\n            }\r\n          ]\r\n        }\r\n      }\r\n    ],\r\n   \
        \ \"loadBalancingRules\": [\r\n      {\r\n        \"name\": \"rule1\",\r\n\
        \        \"id\": \"/subscriptions/00000000-0000-0000-0000-000000000000/resourceGroups/clitest.rg000001/providers/Microsoft.Network/loadBalancers/lb1/loadBalancingRules/rule1\"\
        ,\r\n        \"etag\": \"W/\\\"e527a89c-89c8-44e9-a165-fda0c22190d0\\\"\"\
        ,\r\n        \"properties\": {\r\n          \"provisioningState\": \"Succeeded\"\
        ,\r\n          \"frontendIPConfiguration\": {\r\n            \"id\": \"/subscriptions/00000000-0000-0000-0000-000000000000/resourceGroups/clitest.rg000001/providers/Microsoft.Network/loadBalancers/lb1/frontendIPConfigurations/LoadBalancerFrontEnd\"\
        \r\n          },\r\n          \"frontendPort\": 80,\r\n          \"backendPort\"\
        : 80,\r\n          \"enableFloatingIP\": false,\r\n          \"idleTimeoutInMinutes\"\
        : 4,\r\n          \"protocol\": \"Tcp\",\r\n          \"loadDistribution\"\
        : \"Default\",\r\n          \"backendAddressPool\": {\r\n            \"id\"\
        : \"/subscriptions/00000000-0000-0000-0000-000000000000/resourceGroups/clitest.rg000001/providers/Microsoft.Network/loadBalancers/lb1/backendAddressPools/lb1bepool\"\
        \r\n          },\r\n          \"probe\": {\r\n            \"id\": \"/subscriptions/00000000-0000-0000-0000-000000000000/resourceGroups/clitest.rg000001/providers/Microsoft.Network/loadBalancers/lb1/probes/probe1\"\
        \r\n          }\r\n        }\r\n      }\r\n    ],\r\n    \"probes\": [\r\n\
        \      {\r\n        \"name\": \"probe1\",\r\n        \"id\": \"/subscriptions/00000000-0000-0000-0000-000000000000/resourceGroups/clitest.rg000001/providers/Microsoft.Network/loadBalancers/lb1/probes/probe1\"\
        ,\r\n        \"etag\": \"W/\\\"e527a89c-89c8-44e9-a165-fda0c22190d0\\\"\"\
        ,\r\n        \"properties\": {\r\n          \"provisioningState\": \"Succeeded\"\
        ,\r\n          \"protocol\": \"Http\",\r\n          \"port\": 80,\r\n    \
        \      \"requestPath\": \"/\",\r\n          \"intervalInSeconds\": 15,\r\n\
        \          \"numberOfProbes\": 2,\r\n          \"loadBalancingRules\": [\r\
        \n            {\r\n              \"id\": \"/subscriptions/00000000-0000-0000-0000-000000000000/resourceGroups/clitest.rg000001/providers/Microsoft.Network/loadBalancers/lb1/loadBalancingRules/rule1\"\
        \r\n            }\r\n          ]\r\n        }\r\n      }\r\n    ],\r\n   \
        \ \"inboundNatRules\": [],\r\n    \"outboundNatRules\": [],\r\n    \"inboundNatPools\"\
        : []\r\n  },\r\n  \"sku\": {\r\n    \"name\": \"Basic\"\r\n  }\r\n}"}
    headers:
      cache-control: [no-cache]
      content-length: ['4955']
      content-type: [application/json; charset=utf-8]
      date: ['Sun, 01 Oct 2017 04:01:41 GMT']
      etag: [W/"e527a89c-89c8-44e9-a165-fda0c22190d0"]
      expires: ['-1']
      pragma: [no-cache]
      server: [Microsoft-HTTPAPI/2.0, Microsoft-HTTPAPI/2.0]
      strict-transport-security: [max-age=31536000; includeSubDomains]
      transfer-encoding: [chunked]
      vary: [Accept-Encoding]
    status: {code: 200, message: OK}
- request:
    body: 'b''{"etag": "W/\\"e527a89c-89c8-44e9-a165-fda0c22190d0\\"", "properties":
      {"backendAddressPools": [{"name": "lb1bepool", "id": "/subscriptions/00000000-0000-0000-0000-000000000000/resourceGroups/clitest.rg000001/providers/Microsoft.Network/loadBalancers/lb1/backendAddressPools/lb1bepool",
      "properties": {"provisioningState": "Succeeded"}, "etag": "W/\\"e527a89c-89c8-44e9-a165-fda0c22190d0\\""}],
      "resourceGuid": "c5f44ae2-78bd-426b-919e-500cca4829b4", "loadBalancingRules":
      [{"name": "rule1", "etag": "W/\\"e527a89c-89c8-44e9-a165-fda0c22190d0\\"", "properties":
      {"probe": {"id": "/subscriptions/00000000-0000-0000-0000-000000000000/resourceGroups/clitest.rg000001/providers/Microsoft.Network/loadBalancers/lb1/probes/probe1"},
      "enableFloatingIP": false, "frontendIPConfiguration": {"id": "/subscriptions/00000000-0000-0000-0000-000000000000/resourceGroups/clitest.rg000001/providers/Microsoft.Network/loadBalancers/lb1/frontendIPConfigurations/LoadBalancerFrontEnd"},
      "protocol": "Tcp", "loadDistribution": "Default", "frontendPort": 80, "backendAddressPool":
      {"id": "/subscriptions/00000000-0000-0000-0000-000000000000/resourceGroups/clitest.rg000001/providers/Microsoft.Network/loadBalancers/lb1/backendAddressPools/lb1bepool"},
      "idleTimeoutInMinutes": 4, "backendPort": 80, "provisioningState": "Succeeded"},
      "id": "/subscriptions/00000000-0000-0000-0000-000000000000/resourceGroups/clitest.rg000001/providers/Microsoft.Network/loadBalancers/lb1/loadBalancingRules/rule1"}],
      "frontendIPConfigurations": [{"name": "LoadBalancerFrontEnd", "etag": "W/\\"e527a89c-89c8-44e9-a165-fda0c22190d0\\"",
      "properties": {"publicIPAddress": {"id": "/subscriptions/00000000-0000-0000-0000-000000000000/resourceGroups/clitest.rg000001/providers/Microsoft.Network/publicIPAddresses/PublicIPlb1"},
      "privateIPAllocationMethod": "Dynamic", "provisioningState": "Succeeded"}, "id":
      "/subscriptions/00000000-0000-0000-0000-000000000000/resourceGroups/clitest.rg000001/providers/Microsoft.Network/loadBalancers/lb1/frontendIPConfigurations/LoadBalancerFrontEnd"}],
      "probes": [{"name": "probe1", "id": "/subscriptions/00000000-0000-0000-0000-000000000000/resourceGroups/clitest.rg000001/providers/Microsoft.Network/loadBalancers/lb1/probes/probe1",
      "properties": {"protocol": "Http", "port": 80, "numberOfProbes": 2, "requestPath":
      "/", "intervalInSeconds": 15, "provisioningState": "Succeeded"}, "etag": "W/\\"e527a89c-89c8-44e9-a165-fda0c22190d0\\""}],
      "inboundNatPools": [{"name": "nat-pool1", "properties": {"frontendPortRangeEnd":
      50119, "frontendIPConfiguration": {"name": "LoadBalancerFrontEnd", "etag": "W/\\"e527a89c-89c8-44e9-a165-fda0c22190d0\\"",
      "properties": {"publicIPAddress": {"id": "/subscriptions/00000000-0000-0000-0000-000000000000/resourceGroups/clitest.rg000001/providers/Microsoft.Network/publicIPAddresses/PublicIPlb1"},
      "privateIPAllocationMethod": "Dynamic", "provisioningState": "Succeeded"}, "id":
      "/subscriptions/00000000-0000-0000-0000-000000000000/resourceGroups/clitest.rg000001/providers/Microsoft.Network/loadBalancers/lb1/frontendIPConfigurations/LoadBalancerFrontEnd"},
      "frontendPortRangeStart": 50000, "protocol": "Tcp", "backendPort": 22}}], "outboundNatRules":
      [], "inboundNatRules": [], "provisioningState": "Succeeded"}, "location": "westus",
      "id": "/subscriptions/00000000-0000-0000-0000-000000000000/resourceGroups/clitest.rg000001/providers/Microsoft.Network/loadBalancers/lb1",
      "tags": {}, "sku": {"name": "Basic"}}'''
    headers:
      Accept: [application/json]
      Accept-Encoding: ['gzip, deflate']
      CommandName: [network lb inbound-nat-pool create]
      Connection: [keep-alive]
      Content-Length: ['4077']
      Content-Type: [application/json; charset=utf-8]
      User-Agent: [python/3.5.3 (Windows-10-10.0.10586-SP0) requests/2.18.4 msrest/0.4.14
          msrest_azure/0.4.14 networkmanagementclient/1.5.0rc3 Azure-SDK-For-Python
          AZURECLI/2.0.17+dev]
      accept-language: [en-US]
    method: PUT
    uri: https://management.azure.com/subscriptions/00000000-0000-0000-0000-000000000000/resourceGroups/clitest.rg000001/providers/Microsoft.Network/loadBalancers/lb1?api-version=2017-09-01
  response:
    body: {string: "{\r\n  \"name\": \"lb1\",\r\n  \"id\": \"/subscriptions/00000000-0000-0000-0000-000000000000/resourceGroups/clitest.rg000001/providers/Microsoft.Network/loadBalancers/lb1\"\
        ,\r\n  \"etag\": \"W/\\\"86b2dec2-50f1-49ee-992d-3348284726c9\\\"\",\r\n \
        \ \"type\": \"Microsoft.Network/loadBalancers\",\r\n  \"location\": \"westus\"\
        ,\r\n  \"tags\": {},\r\n  \"properties\": {\r\n    \"provisioningState\":\
        \ \"Succeeded\",\r\n    \"resourceGuid\": \"c5f44ae2-78bd-426b-919e-500cca4829b4\"\
        ,\r\n    \"frontendIPConfigurations\": [\r\n      {\r\n        \"name\": \"\
        LoadBalancerFrontEnd\",\r\n        \"id\": \"/subscriptions/00000000-0000-0000-0000-000000000000/resourceGroups/clitest.rg000001/providers/Microsoft.Network/loadBalancers/lb1/frontendIPConfigurations/LoadBalancerFrontEnd\"\
        ,\r\n        \"etag\": \"W/\\\"86b2dec2-50f1-49ee-992d-3348284726c9\\\"\"\
        ,\r\n        \"properties\": {\r\n          \"provisioningState\": \"Succeeded\"\
        ,\r\n          \"privateIPAllocationMethod\": \"Dynamic\",\r\n          \"\
        publicIPAddress\": {\r\n            \"id\": \"/subscriptions/00000000-0000-0000-0000-000000000000/resourceGroups/clitest.rg000001/providers/Microsoft.Network/publicIPAddresses/PublicIPlb1\"\
        \r\n          },\r\n          \"loadBalancingRules\": [\r\n            {\r\
        \n              \"id\": \"/subscriptions/00000000-0000-0000-0000-000000000000/resourceGroups/clitest.rg000001/providers/Microsoft.Network/loadBalancers/lb1/loadBalancingRules/rule1\"\
        \r\n            }\r\n          ],\r\n          \"inboundNatPools\": [\r\n\
        \            {\r\n              \"id\": \"/subscriptions/00000000-0000-0000-0000-000000000000/resourceGroups/clitest.rg000001/providers/Microsoft.Network/loadBalancers/lb1/inboundNatPools/nat-pool1\"\
        \r\n            }\r\n          ]\r\n        }\r\n      }\r\n    ],\r\n   \
        \ \"backendAddressPools\": [\r\n      {\r\n        \"name\": \"lb1bepool\"\
        ,\r\n        \"id\": \"/subscriptions/00000000-0000-0000-0000-000000000000/resourceGroups/clitest.rg000001/providers/Microsoft.Network/loadBalancers/lb1/backendAddressPools/lb1bepool\"\
        ,\r\n        \"etag\": \"W/\\\"86b2dec2-50f1-49ee-992d-3348284726c9\\\"\"\
        ,\r\n        \"properties\": {\r\n          \"provisioningState\": \"Succeeded\"\
        ,\r\n          \"loadBalancingRules\": [\r\n            {\r\n            \
        \  \"id\": \"/subscriptions/00000000-0000-0000-0000-000000000000/resourceGroups/clitest.rg000001/providers/Microsoft.Network/loadBalancers/lb1/loadBalancingRules/rule1\"\
        \r\n            }\r\n          ]\r\n        }\r\n      }\r\n    ],\r\n   \
        \ \"loadBalancingRules\": [\r\n      {\r\n        \"name\": \"rule1\",\r\n\
        \        \"id\": \"/subscriptions/00000000-0000-0000-0000-000000000000/resourceGroups/clitest.rg000001/providers/Microsoft.Network/loadBalancers/lb1/loadBalancingRules/rule1\"\
        ,\r\n        \"etag\": \"W/\\\"86b2dec2-50f1-49ee-992d-3348284726c9\\\"\"\
        ,\r\n        \"properties\": {\r\n          \"provisioningState\": \"Succeeded\"\
        ,\r\n          \"frontendIPConfiguration\": {\r\n            \"id\": \"/subscriptions/00000000-0000-0000-0000-000000000000/resourceGroups/clitest.rg000001/providers/Microsoft.Network/loadBalancers/lb1/frontendIPConfigurations/LoadBalancerFrontEnd\"\
        \r\n          },\r\n          \"frontendPort\": 80,\r\n          \"backendPort\"\
        : 80,\r\n          \"enableFloatingIP\": false,\r\n          \"idleTimeoutInMinutes\"\
        : 4,\r\n          \"protocol\": \"Tcp\",\r\n          \"loadDistribution\"\
        : \"Default\",\r\n          \"backendAddressPool\": {\r\n            \"id\"\
        : \"/subscriptions/00000000-0000-0000-0000-000000000000/resourceGroups/clitest.rg000001/providers/Microsoft.Network/loadBalancers/lb1/backendAddressPools/lb1bepool\"\
        \r\n          },\r\n          \"probe\": {\r\n            \"id\": \"/subscriptions/00000000-0000-0000-0000-000000000000/resourceGroups/clitest.rg000001/providers/Microsoft.Network/loadBalancers/lb1/probes/probe1\"\
        \r\n          }\r\n        }\r\n      }\r\n    ],\r\n    \"probes\": [\r\n\
        \      {\r\n        \"name\": \"probe1\",\r\n        \"id\": \"/subscriptions/00000000-0000-0000-0000-000000000000/resourceGroups/clitest.rg000001/providers/Microsoft.Network/loadBalancers/lb1/probes/probe1\"\
        ,\r\n        \"etag\": \"W/\\\"86b2dec2-50f1-49ee-992d-3348284726c9\\\"\"\
        ,\r\n        \"properties\": {\r\n          \"provisioningState\": \"Succeeded\"\
        ,\r\n          \"protocol\": \"Http\",\r\n          \"port\": 80,\r\n    \
        \      \"requestPath\": \"/\",\r\n          \"intervalInSeconds\": 15,\r\n\
        \          \"numberOfProbes\": 2,\r\n          \"loadBalancingRules\": [\r\
        \n            {\r\n              \"id\": \"/subscriptions/00000000-0000-0000-0000-000000000000/resourceGroups/clitest.rg000001/providers/Microsoft.Network/loadBalancers/lb1/loadBalancingRules/rule1\"\
        \r\n            }\r\n          ]\r\n        }\r\n      }\r\n    ],\r\n   \
        \ \"inboundNatRules\": [],\r\n    \"outboundNatRules\": [],\r\n    \"inboundNatPools\"\
        : [\r\n      {\r\n        \"name\": \"nat-pool1\",\r\n        \"id\": \"/subscriptions/00000000-0000-0000-0000-000000000000/resourceGroups/clitest.rg000001/providers/Microsoft.Network/loadBalancers/lb1/inboundNatPools/nat-pool1\"\
        ,\r\n        \"etag\": \"W/\\\"86b2dec2-50f1-49ee-992d-3348284726c9\\\"\"\
        ,\r\n        \"properties\": {\r\n          \"provisioningState\": \"Succeeded\"\
        ,\r\n          \"frontendPortRangeStart\": 50000,\r\n          \"frontendPortRangeEnd\"\
        : 50119,\r\n          \"backendPort\": 22,\r\n          \"protocol\": \"Tcp\"\
        ,\r\n          \"frontendIPConfiguration\": {\r\n            \"id\": \"/subscriptions/00000000-0000-0000-0000-000000000000/resourceGroups/clitest.rg000001/providers/Microsoft.Network/loadBalancers/lb1/frontendIPConfigurations/LoadBalancerFrontEnd\"\
        \r\n          }\r\n        }\r\n      }\r\n    ]\r\n  },\r\n  \"sku\": {\r\
        \n    \"name\": \"Basic\"\r\n  }\r\n}"}
    headers:
      azure-asyncoperation: ['https://management.azure.com/subscriptions/00000000-0000-0000-0000-000000000000/providers/Microsoft.Network/locations/westus/operations/a62f5ec7-709a-4f2b-ac7b-32ce095dfc92?api-version=2017-09-01']
      cache-control: [no-cache]
      content-length: ['6155']
      content-type: [application/json; charset=utf-8]
      date: ['Sun, 01 Oct 2017 04:01:42 GMT']
      expires: ['-1']
      pragma: [no-cache]
      server: [Microsoft-HTTPAPI/2.0, Microsoft-HTTPAPI/2.0]
      strict-transport-security: [max-age=31536000; includeSubDomains]
      transfer-encoding: [chunked]
      vary: [Accept-Encoding]
      x-ms-ratelimit-remaining-subscription-writes: ['1197']
    status: {code: 200, message: OK}
- request:
    body: null
    headers:
      Accept: [application/json]
      Accept-Encoding: ['gzip, deflate']
      CommandName: [network lb inbound-nat-pool create]
      Connection: [keep-alive]
      Content-Type: [application/json; charset=utf-8]
      User-Agent: [python/3.5.3 (Windows-10-10.0.10586-SP0) requests/2.18.4 msrest/0.4.14
          msrest_azure/0.4.14 networkmanagementclient/1.5.0rc3 Azure-SDK-For-Python
          AZURECLI/2.0.17+dev]
      accept-language: [en-US]
    method: GET
    uri: https://management.azure.com/subscriptions/00000000-0000-0000-0000-000000000000/providers/Microsoft.Network/locations/westus/operations/a62f5ec7-709a-4f2b-ac7b-32ce095dfc92?api-version=2017-09-01
  response:
    body: {string: "{\r\n  \"status\": \"Succeeded\"\r\n}"}
    headers:
      cache-control: [no-cache]
      content-length: ['29']
      content-type: [application/json; charset=utf-8]
      date: ['Sun, 01 Oct 2017 04:02:12 GMT']
      expires: ['-1']
      pragma: [no-cache]
      server: [Microsoft-HTTPAPI/2.0, Microsoft-HTTPAPI/2.0]
      strict-transport-security: [max-age=31536000; includeSubDomains]
      transfer-encoding: [chunked]
      vary: [Accept-Encoding]
    status: {code: 200, message: OK}
- request:
    body: null
    headers:
      Accept: [application/json]
      Accept-Encoding: ['gzip, deflate']
      CommandName: [network lb inbound-nat-pool create]
      Connection: [keep-alive]
      Content-Type: [application/json; charset=utf-8]
      User-Agent: [python/3.5.3 (Windows-10-10.0.10586-SP0) requests/2.18.4 msrest/0.4.14
          msrest_azure/0.4.14 networkmanagementclient/1.5.0rc3 Azure-SDK-For-Python
          AZURECLI/2.0.17+dev]
      accept-language: [en-US]
    method: GET
    uri: https://management.azure.com/subscriptions/00000000-0000-0000-0000-000000000000/resourceGroups/clitest.rg000001/providers/Microsoft.Network/loadBalancers/lb1?api-version=2017-09-01
  response:
    body: {string: "{\r\n  \"name\": \"lb1\",\r\n  \"id\": \"/subscriptions/00000000-0000-0000-0000-000000000000/resourceGroups/clitest.rg000001/providers/Microsoft.Network/loadBalancers/lb1\"\
        ,\r\n  \"etag\": \"W/\\\"86b2dec2-50f1-49ee-992d-3348284726c9\\\"\",\r\n \
        \ \"type\": \"Microsoft.Network/loadBalancers\",\r\n  \"location\": \"westus\"\
        ,\r\n  \"tags\": {},\r\n  \"properties\": {\r\n    \"provisioningState\":\
        \ \"Succeeded\",\r\n    \"resourceGuid\": \"c5f44ae2-78bd-426b-919e-500cca4829b4\"\
        ,\r\n    \"frontendIPConfigurations\": [\r\n      {\r\n        \"name\": \"\
        LoadBalancerFrontEnd\",\r\n        \"id\": \"/subscriptions/00000000-0000-0000-0000-000000000000/resourceGroups/clitest.rg000001/providers/Microsoft.Network/loadBalancers/lb1/frontendIPConfigurations/LoadBalancerFrontEnd\"\
        ,\r\n        \"etag\": \"W/\\\"86b2dec2-50f1-49ee-992d-3348284726c9\\\"\"\
        ,\r\n        \"properties\": {\r\n          \"provisioningState\": \"Succeeded\"\
        ,\r\n          \"privateIPAllocationMethod\": \"Dynamic\",\r\n          \"\
        publicIPAddress\": {\r\n            \"id\": \"/subscriptions/00000000-0000-0000-0000-000000000000/resourceGroups/clitest.rg000001/providers/Microsoft.Network/publicIPAddresses/PublicIPlb1\"\
        \r\n          },\r\n          \"loadBalancingRules\": [\r\n            {\r\
        \n              \"id\": \"/subscriptions/00000000-0000-0000-0000-000000000000/resourceGroups/clitest.rg000001/providers/Microsoft.Network/loadBalancers/lb1/loadBalancingRules/rule1\"\
        \r\n            }\r\n          ],\r\n          \"inboundNatPools\": [\r\n\
        \            {\r\n              \"id\": \"/subscriptions/00000000-0000-0000-0000-000000000000/resourceGroups/clitest.rg000001/providers/Microsoft.Network/loadBalancers/lb1/inboundNatPools/nat-pool1\"\
        \r\n            }\r\n          ]\r\n        }\r\n      }\r\n    ],\r\n   \
        \ \"backendAddressPools\": [\r\n      {\r\n        \"name\": \"lb1bepool\"\
        ,\r\n        \"id\": \"/subscriptions/00000000-0000-0000-0000-000000000000/resourceGroups/clitest.rg000001/providers/Microsoft.Network/loadBalancers/lb1/backendAddressPools/lb1bepool\"\
        ,\r\n        \"etag\": \"W/\\\"86b2dec2-50f1-49ee-992d-3348284726c9\\\"\"\
        ,\r\n        \"properties\": {\r\n          \"provisioningState\": \"Succeeded\"\
        ,\r\n          \"loadBalancingRules\": [\r\n            {\r\n            \
        \  \"id\": \"/subscriptions/00000000-0000-0000-0000-000000000000/resourceGroups/clitest.rg000001/providers/Microsoft.Network/loadBalancers/lb1/loadBalancingRules/rule1\"\
        \r\n            }\r\n          ]\r\n        }\r\n      }\r\n    ],\r\n   \
        \ \"loadBalancingRules\": [\r\n      {\r\n        \"name\": \"rule1\",\r\n\
        \        \"id\": \"/subscriptions/00000000-0000-0000-0000-000000000000/resourceGroups/clitest.rg000001/providers/Microsoft.Network/loadBalancers/lb1/loadBalancingRules/rule1\"\
        ,\r\n        \"etag\": \"W/\\\"86b2dec2-50f1-49ee-992d-3348284726c9\\\"\"\
        ,\r\n        \"properties\": {\r\n          \"provisioningState\": \"Succeeded\"\
        ,\r\n          \"frontendIPConfiguration\": {\r\n            \"id\": \"/subscriptions/00000000-0000-0000-0000-000000000000/resourceGroups/clitest.rg000001/providers/Microsoft.Network/loadBalancers/lb1/frontendIPConfigurations/LoadBalancerFrontEnd\"\
        \r\n          },\r\n          \"frontendPort\": 80,\r\n          \"backendPort\"\
        : 80,\r\n          \"enableFloatingIP\": false,\r\n          \"idleTimeoutInMinutes\"\
        : 4,\r\n          \"protocol\": \"Tcp\",\r\n          \"loadDistribution\"\
        : \"Default\",\r\n          \"backendAddressPool\": {\r\n            \"id\"\
        : \"/subscriptions/00000000-0000-0000-0000-000000000000/resourceGroups/clitest.rg000001/providers/Microsoft.Network/loadBalancers/lb1/backendAddressPools/lb1bepool\"\
        \r\n          },\r\n          \"probe\": {\r\n            \"id\": \"/subscriptions/00000000-0000-0000-0000-000000000000/resourceGroups/clitest.rg000001/providers/Microsoft.Network/loadBalancers/lb1/probes/probe1\"\
        \r\n          }\r\n        }\r\n      }\r\n    ],\r\n    \"probes\": [\r\n\
        \      {\r\n        \"name\": \"probe1\",\r\n        \"id\": \"/subscriptions/00000000-0000-0000-0000-000000000000/resourceGroups/clitest.rg000001/providers/Microsoft.Network/loadBalancers/lb1/probes/probe1\"\
        ,\r\n        \"etag\": \"W/\\\"86b2dec2-50f1-49ee-992d-3348284726c9\\\"\"\
        ,\r\n        \"properties\": {\r\n          \"provisioningState\": \"Succeeded\"\
        ,\r\n          \"protocol\": \"Http\",\r\n          \"port\": 80,\r\n    \
        \      \"requestPath\": \"/\",\r\n          \"intervalInSeconds\": 15,\r\n\
        \          \"numberOfProbes\": 2,\r\n          \"loadBalancingRules\": [\r\
        \n            {\r\n              \"id\": \"/subscriptions/00000000-0000-0000-0000-000000000000/resourceGroups/clitest.rg000001/providers/Microsoft.Network/loadBalancers/lb1/loadBalancingRules/rule1\"\
        \r\n            }\r\n          ]\r\n        }\r\n      }\r\n    ],\r\n   \
        \ \"inboundNatRules\": [],\r\n    \"outboundNatRules\": [],\r\n    \"inboundNatPools\"\
        : [\r\n      {\r\n        \"name\": \"nat-pool1\",\r\n        \"id\": \"/subscriptions/00000000-0000-0000-0000-000000000000/resourceGroups/clitest.rg000001/providers/Microsoft.Network/loadBalancers/lb1/inboundNatPools/nat-pool1\"\
        ,\r\n        \"etag\": \"W/\\\"86b2dec2-50f1-49ee-992d-3348284726c9\\\"\"\
        ,\r\n        \"properties\": {\r\n          \"provisioningState\": \"Succeeded\"\
        ,\r\n          \"frontendPortRangeStart\": 50000,\r\n          \"frontendPortRangeEnd\"\
        : 50119,\r\n          \"backendPort\": 22,\r\n          \"protocol\": \"Tcp\"\
        ,\r\n          \"frontendIPConfiguration\": {\r\n            \"id\": \"/subscriptions/00000000-0000-0000-0000-000000000000/resourceGroups/clitest.rg000001/providers/Microsoft.Network/loadBalancers/lb1/frontendIPConfigurations/LoadBalancerFrontEnd\"\
        \r\n          }\r\n        }\r\n      }\r\n    ]\r\n  },\r\n  \"sku\": {\r\
        \n    \"name\": \"Basic\"\r\n  }\r\n}"}
    headers:
      cache-control: [no-cache]
      content-length: ['6155']
      content-type: [application/json; charset=utf-8]
      date: ['Sun, 01 Oct 2017 04:02:12 GMT']
      etag: [W/"86b2dec2-50f1-49ee-992d-3348284726c9"]
      expires: ['-1']
      pragma: [no-cache]
      server: [Microsoft-HTTPAPI/2.0, Microsoft-HTTPAPI/2.0]
      strict-transport-security: [max-age=31536000; includeSubDomains]
      transfer-encoding: [chunked]
      vary: [Accept-Encoding]
    status: {code: 200, message: OK}
- request:
    body: null
    headers:
      Accept: [application/json]
      Accept-Encoding: ['gzip, deflate']
      CommandName: [vmss create]
      Connection: [keep-alive]
      Content-Type: [application/json; charset=utf-8]
      User-Agent: [python/3.5.3 (Windows-10-10.0.10586-SP0) requests/2.18.4 msrest/0.4.14
          msrest_azure/0.4.14 resourcemanagementclient/1.2.0rc3 Azure-SDK-For-Python
          AZURECLI/2.0.17+dev]
      accept-language: [en-US]
    method: GET
    uri: https://management.azure.com/subscriptions/00000000-0000-0000-0000-000000000000/resourcegroups/clitest.rg000001?api-version=2017-05-10
  response:
    body: {string: '{"id":"/subscriptions/00000000-0000-0000-0000-000000000000/resourceGroups/clitest.rg000001","name":"clitest.rg000001","location":"westus","tags":{"use":"az-test"},"properties":{"provisioningState":"Succeeded"}}'}
    headers:
      cache-control: [no-cache]
      content-length: ['328']
      content-type: [application/json; charset=utf-8]
      date: ['Sun, 01 Oct 2017 04:02:15 GMT']
      expires: ['-1']
      pragma: [no-cache]
      strict-transport-security: [max-age=31536000; includeSubDomains]
      vary: [Accept-Encoding]
    status: {code: 200, message: OK}
- request:
    body: null
    headers:
      Connection: [close]
      Host: [raw.githubusercontent.com]
      User-Agent: [Python-urllib/3.5]
    method: GET
    uri: https://raw.githubusercontent.com/Azure/azure-rest-api-specs/master/arm-compute/quickstart-templates/aliases.json
  response:
    body: {string: "{\n  \"$schema\":\"http://schema.management.azure.com/schemas/2015-01-01/deploymentTemplate.json\"\
        ,\n  \"contentVersion\":\"1.0.0.0\",\n  \"parameters\":{},\n  \"variables\"\
        :{},\n  \"resources\":[],\n\n  \"outputs\":{\n    \"aliases\":{\n      \"\
        type\":\"object\",\n      \"value\":{\n\n        \"Linux\":{\n          \"\
        CentOS\":{\n            \"publisher\":\"OpenLogic\",\n            \"offer\"\
        :\"CentOS\",\n            \"sku\":\"7.3\",\n            \"version\":\"latest\"\
        \n          },\n          \"CoreOS\":{\n            \"publisher\":\"CoreOS\"\
        ,\n            \"offer\":\"CoreOS\",\n            \"sku\":\"Stable\",\n  \
        \          \"version\":\"latest\"\n          },\n          \"Debian\":{\n\
        \            \"publisher\":\"credativ\",\n            \"offer\":\"Debian\"\
        ,\n            \"sku\":\"8\",\n            \"version\":\"latest\"\n      \
        \    },\n          \"openSUSE-Leap\": {\n            \"publisher\":\"SUSE\"\
        ,\n            \"offer\":\"openSUSE-Leap\",\n            \"sku\":\"42.2\"\
        ,\n            \"version\": \"latest\"\n          },\n          \"RHEL\":{\n\
        \            \"publisher\":\"RedHat\",\n            \"offer\":\"RHEL\",\n\
        \            \"sku\":\"7.3\",\n            \"version\":\"latest\"\n      \
        \    },\n          \"SLES\":{\n            \"publisher\":\"SUSE\",\n     \
        \       \"offer\":\"SLES\",\n            \"sku\":\"12-SP2\",\n           \
        \ \"version\":\"latest\"\n          },\n          \"UbuntuLTS\":{\n      \
        \      \"publisher\":\"Canonical\",\n            \"offer\":\"UbuntuServer\"\
        ,\n            \"sku\":\"16.04-LTS\",\n            \"version\":\"latest\"\n\
        \          }\n        },\n\n        \"Windows\":{\n          \"Win2016Datacenter\"\
        :{\n            \"publisher\":\"MicrosoftWindowsServer\",\n            \"\
        offer\":\"WindowsServer\",\n            \"sku\":\"2016-Datacenter\",\n   \
        \         \"version\":\"latest\"\n          },\n          \"Win2012R2Datacenter\"\
        :{\n            \"publisher\":\"MicrosoftWindowsServer\",\n            \"\
        offer\":\"WindowsServer\",\n            \"sku\":\"2012-R2-Datacenter\",\n\
        \            \"version\":\"latest\"\n          },\n          \"Win2012Datacenter\"\
        :{\n            \"publisher\":\"MicrosoftWindowsServer\",\n            \"\
        offer\":\"WindowsServer\",\n            \"sku\":\"2012-Datacenter\",\n   \
        \         \"version\":\"latest\"\n          },\n          \"Win2008R2SP1\"\
        :{\n            \"publisher\":\"MicrosoftWindowsServer\",\n            \"\
        offer\":\"WindowsServer\",\n            \"sku\":\"2008-R2-SP1\",\n       \
        \     \"version\":\"latest\"\n          }\n        }\n      }\n    }\n  }\n\
        }\n"}
    headers:
      accept-ranges: [bytes]
      access-control-allow-origin: ['*']
      cache-control: [max-age=300]
      connection: [close]
      content-length: ['2235']
      content-security-policy: [default-src 'none'; style-src 'unsafe-inline']
      content-type: [text/plain; charset=utf-8]
      date: ['Sun, 01 Oct 2017 04:02:16 GMT']
      etag: ['"d6824855d13e27c5258a680eb60f635d088fd05e"']
      expires: ['Sun, 01 Oct 2017 04:07:16 GMT']
      source-age: ['0']
      strict-transport-security: [max-age=31536000]
      vary: ['Authorization,Accept-Encoding']
      via: [1.1 varnish]
      x-cache: [MISS]
      x-cache-hits: ['0']
      x-content-type-options: [nosniff]
      x-fastly-request-id: [6663e1a28b7a92ad7eb19a74804463cde5be4dbe]
      x-frame-options: [deny]
      x-geo-block-list: ['']
      x-github-request-id: ['82B6:2F965:6117424:682D096:59D068C8']
      x-served-by: [cache-sea1039-SEA]
      x-timer: ['S1506830537.783074,VS0,VE23']
      x-xss-protection: [1; mode=block]
    status: {code: 200, message: OK}
- request:
    body: null
    headers:
      Accept: [application/json]
      Accept-Encoding: ['gzip, deflate']
      CommandName: [vmss create]
      Connection: [keep-alive]
      Content-Type: [application/json; charset=utf-8]
      User-Agent: [python/3.5.3 (Windows-10-10.0.10586-SP0) requests/2.18.4 msrest/0.4.14
          msrest_azure/0.4.14 networkmanagementclient/1.5.0rc3 Azure-SDK-For-Python
          AZURECLI/2.0.17+dev]
      accept-language: [en-US]
    method: GET
    uri: https://management.azure.com/subscriptions/00000000-0000-0000-0000-000000000000/resourceGroups/clitest.rg000001/providers/Microsoft.Network/virtualNetworks?api-version=2017-09-01
  response:
    body: {string: '{"value":[]}'}
    headers:
      cache-control: [no-cache]
      content-length: ['12']
      content-type: [application/json; charset=utf-8]
      date: ['Sun, 01 Oct 2017 04:02:16 GMT']
      expires: ['-1']
      pragma: [no-cache]
      strict-transport-security: [max-age=31536000; includeSubDomains]
      vary: [Accept-Encoding]
    status: {code: 200, message: OK}
- request:
    body: null
    headers:
      Accept: [application/json]
      Accept-Encoding: ['gzip, deflate']
      CommandName: [vmss create]
      Connection: [keep-alive]
      Content-Type: [application/json; charset=utf-8]
      User-Agent: [python/3.5.3 (Windows-10-10.0.10586-SP0) requests/2.18.4 msrest/0.4.14
          msrest_azure/0.4.14 networkmanagementclient/1.5.0rc3 Azure-SDK-For-Python
          AZURECLI/2.0.17+dev]
      accept-language: [en-US]
    method: GET
    uri: https://management.azure.com/subscriptions/00000000-0000-0000-0000-000000000000/resourceGroups/clitest.rg000001/providers/Microsoft.Network/loadBalancers/lb1?api-version=2017-09-01
  response:
    body: {string: "{\r\n  \"name\": \"lb1\",\r\n  \"id\": \"/subscriptions/00000000-0000-0000-0000-000000000000/resourceGroups/clitest.rg000001/providers/Microsoft.Network/loadBalancers/lb1\"\
        ,\r\n  \"etag\": \"W/\\\"86b2dec2-50f1-49ee-992d-3348284726c9\\\"\",\r\n \
        \ \"type\": \"Microsoft.Network/loadBalancers\",\r\n  \"location\": \"westus\"\
        ,\r\n  \"tags\": {},\r\n  \"properties\": {\r\n    \"provisioningState\":\
        \ \"Succeeded\",\r\n    \"resourceGuid\": \"c5f44ae2-78bd-426b-919e-500cca4829b4\"\
        ,\r\n    \"frontendIPConfigurations\": [\r\n      {\r\n        \"name\": \"\
        LoadBalancerFrontEnd\",\r\n        \"id\": \"/subscriptions/00000000-0000-0000-0000-000000000000/resourceGroups/clitest.rg000001/providers/Microsoft.Network/loadBalancers/lb1/frontendIPConfigurations/LoadBalancerFrontEnd\"\
        ,\r\n        \"etag\": \"W/\\\"86b2dec2-50f1-49ee-992d-3348284726c9\\\"\"\
        ,\r\n        \"properties\": {\r\n          \"provisioningState\": \"Succeeded\"\
        ,\r\n          \"privateIPAllocationMethod\": \"Dynamic\",\r\n          \"\
        publicIPAddress\": {\r\n            \"id\": \"/subscriptions/00000000-0000-0000-0000-000000000000/resourceGroups/clitest.rg000001/providers/Microsoft.Network/publicIPAddresses/PublicIPlb1\"\
        \r\n          },\r\n          \"loadBalancingRules\": [\r\n            {\r\
        \n              \"id\": \"/subscriptions/00000000-0000-0000-0000-000000000000/resourceGroups/clitest.rg000001/providers/Microsoft.Network/loadBalancers/lb1/loadBalancingRules/rule1\"\
        \r\n            }\r\n          ],\r\n          \"inboundNatPools\": [\r\n\
        \            {\r\n              \"id\": \"/subscriptions/00000000-0000-0000-0000-000000000000/resourceGroups/clitest.rg000001/providers/Microsoft.Network/loadBalancers/lb1/inboundNatPools/nat-pool1\"\
        \r\n            }\r\n          ]\r\n        }\r\n      }\r\n    ],\r\n   \
        \ \"backendAddressPools\": [\r\n      {\r\n        \"name\": \"lb1bepool\"\
        ,\r\n        \"id\": \"/subscriptions/00000000-0000-0000-0000-000000000000/resourceGroups/clitest.rg000001/providers/Microsoft.Network/loadBalancers/lb1/backendAddressPools/lb1bepool\"\
        ,\r\n        \"etag\": \"W/\\\"86b2dec2-50f1-49ee-992d-3348284726c9\\\"\"\
        ,\r\n        \"properties\": {\r\n          \"provisioningState\": \"Succeeded\"\
        ,\r\n          \"loadBalancingRules\": [\r\n            {\r\n            \
        \  \"id\": \"/subscriptions/00000000-0000-0000-0000-000000000000/resourceGroups/clitest.rg000001/providers/Microsoft.Network/loadBalancers/lb1/loadBalancingRules/rule1\"\
        \r\n            }\r\n          ]\r\n        }\r\n      }\r\n    ],\r\n   \
        \ \"loadBalancingRules\": [\r\n      {\r\n        \"name\": \"rule1\",\r\n\
        \        \"id\": \"/subscriptions/00000000-0000-0000-0000-000000000000/resourceGroups/clitest.rg000001/providers/Microsoft.Network/loadBalancers/lb1/loadBalancingRules/rule1\"\
        ,\r\n        \"etag\": \"W/\\\"86b2dec2-50f1-49ee-992d-3348284726c9\\\"\"\
        ,\r\n        \"properties\": {\r\n          \"provisioningState\": \"Succeeded\"\
        ,\r\n          \"frontendIPConfiguration\": {\r\n            \"id\": \"/subscriptions/00000000-0000-0000-0000-000000000000/resourceGroups/clitest.rg000001/providers/Microsoft.Network/loadBalancers/lb1/frontendIPConfigurations/LoadBalancerFrontEnd\"\
        \r\n          },\r\n          \"frontendPort\": 80,\r\n          \"backendPort\"\
        : 80,\r\n          \"enableFloatingIP\": false,\r\n          \"idleTimeoutInMinutes\"\
        : 4,\r\n          \"protocol\": \"Tcp\",\r\n          \"loadDistribution\"\
        : \"Default\",\r\n          \"backendAddressPool\": {\r\n            \"id\"\
        : \"/subscriptions/00000000-0000-0000-0000-000000000000/resourceGroups/clitest.rg000001/providers/Microsoft.Network/loadBalancers/lb1/backendAddressPools/lb1bepool\"\
        \r\n          },\r\n          \"probe\": {\r\n            \"id\": \"/subscriptions/00000000-0000-0000-0000-000000000000/resourceGroups/clitest.rg000001/providers/Microsoft.Network/loadBalancers/lb1/probes/probe1\"\
        \r\n          }\r\n        }\r\n      }\r\n    ],\r\n    \"probes\": [\r\n\
        \      {\r\n        \"name\": \"probe1\",\r\n        \"id\": \"/subscriptions/00000000-0000-0000-0000-000000000000/resourceGroups/clitest.rg000001/providers/Microsoft.Network/loadBalancers/lb1/probes/probe1\"\
        ,\r\n        \"etag\": \"W/\\\"86b2dec2-50f1-49ee-992d-3348284726c9\\\"\"\
        ,\r\n        \"properties\": {\r\n          \"provisioningState\": \"Succeeded\"\
        ,\r\n          \"protocol\": \"Http\",\r\n          \"port\": 80,\r\n    \
        \      \"requestPath\": \"/\",\r\n          \"intervalInSeconds\": 15,\r\n\
        \          \"numberOfProbes\": 2,\r\n          \"loadBalancingRules\": [\r\
        \n            {\r\n              \"id\": \"/subscriptions/00000000-0000-0000-0000-000000000000/resourceGroups/clitest.rg000001/providers/Microsoft.Network/loadBalancers/lb1/loadBalancingRules/rule1\"\
        \r\n            }\r\n          ]\r\n        }\r\n      }\r\n    ],\r\n   \
        \ \"inboundNatRules\": [],\r\n    \"outboundNatRules\": [],\r\n    \"inboundNatPools\"\
        : [\r\n      {\r\n        \"name\": \"nat-pool1\",\r\n        \"id\": \"/subscriptions/00000000-0000-0000-0000-000000000000/resourceGroups/clitest.rg000001/providers/Microsoft.Network/loadBalancers/lb1/inboundNatPools/nat-pool1\"\
        ,\r\n        \"etag\": \"W/\\\"86b2dec2-50f1-49ee-992d-3348284726c9\\\"\"\
        ,\r\n        \"properties\": {\r\n          \"provisioningState\": \"Succeeded\"\
        ,\r\n          \"frontendPortRangeStart\": 50000,\r\n          \"frontendPortRangeEnd\"\
        : 50119,\r\n          \"backendPort\": 22,\r\n          \"protocol\": \"Tcp\"\
        ,\r\n          \"frontendIPConfiguration\": {\r\n            \"id\": \"/subscriptions/00000000-0000-0000-0000-000000000000/resourceGroups/clitest.rg000001/providers/Microsoft.Network/loadBalancers/lb1/frontendIPConfigurations/LoadBalancerFrontEnd\"\
        \r\n          }\r\n        }\r\n      }\r\n    ]\r\n  },\r\n  \"sku\": {\r\
        \n    \"name\": \"Basic\"\r\n  }\r\n}"}
    headers:
      cache-control: [no-cache]
      content-length: ['6155']
      content-type: [application/json; charset=utf-8]
      date: ['Sun, 01 Oct 2017 04:02:17 GMT']
      etag: [W/"86b2dec2-50f1-49ee-992d-3348284726c9"]
      expires: ['-1']
      pragma: [no-cache]
      server: [Microsoft-HTTPAPI/2.0, Microsoft-HTTPAPI/2.0]
      strict-transport-security: [max-age=31536000; includeSubDomains]
      transfer-encoding: [chunked]
      vary: [Accept-Encoding]
    status: {code: 200, message: OK}
- request:
    body: null
    headers:
      Accept: [application/json]
      Accept-Encoding: ['gzip, deflate']
      CommandName: [vmss create]
      Connection: [keep-alive]
      Content-Type: [application/json; charset=utf-8]
      User-Agent: [python/3.5.3 (Windows-10-10.0.10586-SP0) requests/2.18.4 msrest/0.4.14
          msrest_azure/0.4.14 networkmanagementclient/1.5.0rc3 Azure-SDK-For-Python
          AZURECLI/2.0.17+dev]
      accept-language: [en-US]
    method: GET
    uri: https://management.azure.com/subscriptions/00000000-0000-0000-0000-000000000000/resourceGroups/clitest.rg000001/providers/Microsoft.Network/loadBalancers/lb1?api-version=2017-09-01
  response:
    body: {string: "{\r\n  \"name\": \"lb1\",\r\n  \"id\": \"/subscriptions/00000000-0000-0000-0000-000000000000/resourceGroups/clitest.rg000001/providers/Microsoft.Network/loadBalancers/lb1\"\
        ,\r\n  \"etag\": \"W/\\\"86b2dec2-50f1-49ee-992d-3348284726c9\\\"\",\r\n \
        \ \"type\": \"Microsoft.Network/loadBalancers\",\r\n  \"location\": \"westus\"\
        ,\r\n  \"tags\": {},\r\n  \"properties\": {\r\n    \"provisioningState\":\
        \ \"Succeeded\",\r\n    \"resourceGuid\": \"c5f44ae2-78bd-426b-919e-500cca4829b4\"\
        ,\r\n    \"frontendIPConfigurations\": [\r\n      {\r\n        \"name\": \"\
        LoadBalancerFrontEnd\",\r\n        \"id\": \"/subscriptions/00000000-0000-0000-0000-000000000000/resourceGroups/clitest.rg000001/providers/Microsoft.Network/loadBalancers/lb1/frontendIPConfigurations/LoadBalancerFrontEnd\"\
        ,\r\n        \"etag\": \"W/\\\"86b2dec2-50f1-49ee-992d-3348284726c9\\\"\"\
        ,\r\n        \"properties\": {\r\n          \"provisioningState\": \"Succeeded\"\
        ,\r\n          \"privateIPAllocationMethod\": \"Dynamic\",\r\n          \"\
        publicIPAddress\": {\r\n            \"id\": \"/subscriptions/00000000-0000-0000-0000-000000000000/resourceGroups/clitest.rg000001/providers/Microsoft.Network/publicIPAddresses/PublicIPlb1\"\
        \r\n          },\r\n          \"loadBalancingRules\": [\r\n            {\r\
        \n              \"id\": \"/subscriptions/00000000-0000-0000-0000-000000000000/resourceGroups/clitest.rg000001/providers/Microsoft.Network/loadBalancers/lb1/loadBalancingRules/rule1\"\
        \r\n            }\r\n          ],\r\n          \"inboundNatPools\": [\r\n\
        \            {\r\n              \"id\": \"/subscriptions/00000000-0000-0000-0000-000000000000/resourceGroups/clitest.rg000001/providers/Microsoft.Network/loadBalancers/lb1/inboundNatPools/nat-pool1\"\
        \r\n            }\r\n          ]\r\n        }\r\n      }\r\n    ],\r\n   \
        \ \"backendAddressPools\": [\r\n      {\r\n        \"name\": \"lb1bepool\"\
        ,\r\n        \"id\": \"/subscriptions/00000000-0000-0000-0000-000000000000/resourceGroups/clitest.rg000001/providers/Microsoft.Network/loadBalancers/lb1/backendAddressPools/lb1bepool\"\
        ,\r\n        \"etag\": \"W/\\\"86b2dec2-50f1-49ee-992d-3348284726c9\\\"\"\
        ,\r\n        \"properties\": {\r\n          \"provisioningState\": \"Succeeded\"\
        ,\r\n          \"loadBalancingRules\": [\r\n            {\r\n            \
        \  \"id\": \"/subscriptions/00000000-0000-0000-0000-000000000000/resourceGroups/clitest.rg000001/providers/Microsoft.Network/loadBalancers/lb1/loadBalancingRules/rule1\"\
        \r\n            }\r\n          ]\r\n        }\r\n      }\r\n    ],\r\n   \
        \ \"loadBalancingRules\": [\r\n      {\r\n        \"name\": \"rule1\",\r\n\
        \        \"id\": \"/subscriptions/00000000-0000-0000-0000-000000000000/resourceGroups/clitest.rg000001/providers/Microsoft.Network/loadBalancers/lb1/loadBalancingRules/rule1\"\
        ,\r\n        \"etag\": \"W/\\\"86b2dec2-50f1-49ee-992d-3348284726c9\\\"\"\
        ,\r\n        \"properties\": {\r\n          \"provisioningState\": \"Succeeded\"\
        ,\r\n          \"frontendIPConfiguration\": {\r\n            \"id\": \"/subscriptions/00000000-0000-0000-0000-000000000000/resourceGroups/clitest.rg000001/providers/Microsoft.Network/loadBalancers/lb1/frontendIPConfigurations/LoadBalancerFrontEnd\"\
        \r\n          },\r\n          \"frontendPort\": 80,\r\n          \"backendPort\"\
        : 80,\r\n          \"enableFloatingIP\": false,\r\n          \"idleTimeoutInMinutes\"\
        : 4,\r\n          \"protocol\": \"Tcp\",\r\n          \"loadDistribution\"\
        : \"Default\",\r\n          \"backendAddressPool\": {\r\n            \"id\"\
        : \"/subscriptions/00000000-0000-0000-0000-000000000000/resourceGroups/clitest.rg000001/providers/Microsoft.Network/loadBalancers/lb1/backendAddressPools/lb1bepool\"\
        \r\n          },\r\n          \"probe\": {\r\n            \"id\": \"/subscriptions/00000000-0000-0000-0000-000000000000/resourceGroups/clitest.rg000001/providers/Microsoft.Network/loadBalancers/lb1/probes/probe1\"\
        \r\n          }\r\n        }\r\n      }\r\n    ],\r\n    \"probes\": [\r\n\
        \      {\r\n        \"name\": \"probe1\",\r\n        \"id\": \"/subscriptions/00000000-0000-0000-0000-000000000000/resourceGroups/clitest.rg000001/providers/Microsoft.Network/loadBalancers/lb1/probes/probe1\"\
        ,\r\n        \"etag\": \"W/\\\"86b2dec2-50f1-49ee-992d-3348284726c9\\\"\"\
        ,\r\n        \"properties\": {\r\n          \"provisioningState\": \"Succeeded\"\
        ,\r\n          \"protocol\": \"Http\",\r\n          \"port\": 80,\r\n    \
        \      \"requestPath\": \"/\",\r\n          \"intervalInSeconds\": 15,\r\n\
        \          \"numberOfProbes\": 2,\r\n          \"loadBalancingRules\": [\r\
        \n            {\r\n              \"id\": \"/subscriptions/00000000-0000-0000-0000-000000000000/resourceGroups/clitest.rg000001/providers/Microsoft.Network/loadBalancers/lb1/loadBalancingRules/rule1\"\
        \r\n            }\r\n          ]\r\n        }\r\n      }\r\n    ],\r\n   \
        \ \"inboundNatRules\": [],\r\n    \"outboundNatRules\": [],\r\n    \"inboundNatPools\"\
        : [\r\n      {\r\n        \"name\": \"nat-pool1\",\r\n        \"id\": \"/subscriptions/00000000-0000-0000-0000-000000000000/resourceGroups/clitest.rg000001/providers/Microsoft.Network/loadBalancers/lb1/inboundNatPools/nat-pool1\"\
        ,\r\n        \"etag\": \"W/\\\"86b2dec2-50f1-49ee-992d-3348284726c9\\\"\"\
        ,\r\n        \"properties\": {\r\n          \"provisioningState\": \"Succeeded\"\
        ,\r\n          \"frontendPortRangeStart\": 50000,\r\n          \"frontendPortRangeEnd\"\
        : 50119,\r\n          \"backendPort\": 22,\r\n          \"protocol\": \"Tcp\"\
        ,\r\n          \"frontendIPConfiguration\": {\r\n            \"id\": \"/subscriptions/00000000-0000-0000-0000-000000000000/resourceGroups/clitest.rg000001/providers/Microsoft.Network/loadBalancers/lb1/frontendIPConfigurations/LoadBalancerFrontEnd\"\
        \r\n          }\r\n        }\r\n      }\r\n    ]\r\n  },\r\n  \"sku\": {\r\
        \n    \"name\": \"Basic\"\r\n  }\r\n}"}
    headers:
      cache-control: [no-cache]
      content-length: ['6155']
      content-type: [application/json; charset=utf-8]
      date: ['Sun, 01 Oct 2017 04:02:17 GMT']
      etag: [W/"86b2dec2-50f1-49ee-992d-3348284726c9"]
      expires: ['-1']
      pragma: [no-cache]
      server: [Microsoft-HTTPAPI/2.0, Microsoft-HTTPAPI/2.0]
      strict-transport-security: [max-age=31536000; includeSubDomains]
      transfer-encoding: [chunked]
      vary: [Accept-Encoding]
    status: {code: 200, message: OK}
- request:
    body: 'b''{"properties": {"mode": "Incremental", "parameters": {}, "template":
      {"contentVersion": "1.0.0.0", "outputs": {"VMSS": {"type": "object", "value":
      "[reference(resourceId(\''Microsoft.Compute/virtualMachineScaleSets\'', \''vmss1\''),providers(\''Microsoft.Compute\'',
      \''virtualMachineScaleSets\'').apiVersions[0])]"}}, "resources": [{"name": "vmss1VNET",
      "properties": {"subnets": [{"name": "vmss1Subnet", "properties": {"addressPrefix":
      "10.0.0.0/24"}}], "addressSpace": {"addressPrefixes": ["10.0.0.0/16"]}}, "location":
      "westus", "dependsOn": [], "apiVersion": "2015-06-15", "type": "Microsoft.Network/virtualNetworks",
      "tags": {}}, {"name": "vmss1", "properties": {"upgradePolicy": {"mode": "Manual"},
      "overprovision": true, "singlePlacementGroup": true, "virtualMachineProfile":
      {"osProfile": {"adminUsername": "clitester1", "adminPassword": "Testqwer1234!",
      "computerNamePrefix": "vmss1ceca"}, "storageProfile": {"imageReference": {"publisher":
      "Canonical", "offer": "UbuntuServer", "version": "latest", "sku": "16.04-LTS"},
      "osDisk": {"managedDisk": {"storageAccountType": null}, "createOption": "FromImage",
      "caching": "ReadWrite"}}, "networkProfile": {"networkInterfaceConfigurations":
      [{"name": "vmss1cecaNic", "properties": {"ipConfigurations": [{"name": "vmss1cecaIPConfig",
      "properties": {"subnet": {"id": "/subscriptions/00000000-0000-0000-0000-000000000000/resourceGroups/clitest.rg000001/providers/Microsoft.Network/virtualNetworks/vmss1VNET/subnets/vmss1Subnet"},
      "loadBalancerBackendAddressPools": [{"id": "/subscriptions/00000000-0000-0000-0000-000000000000/resourceGroups/clitest.rg000001/providers/Microsoft.Network/loadBalancers/lb1/backendAddressPools/lb1bepool"}],
      "loadBalancerInboundNatPools": [{"id": "/subscriptions/00000000-0000-0000-0000-000000000000/resourceGroups/clitest.rg000001/providers/Microsoft.Network/loadBalancers/lb1/inboundNatPools/nat-pool1"}]}}],
      "primary": "true"}}], "healthProbe": {"id": "/subscriptions/00000000-0000-0000-0000-000000000000/resourceGroups/clitest.rg000001/providers/Microsoft.Network/loadBalancers/lb1/probes/probe1"}}}},
      "location": "westus", "dependsOn": ["Microsoft.Network/virtualNetworks/vmss1VNET"],
      "apiVersion": "2017-03-30", "type": "Microsoft.Compute/virtualMachineScaleSets",
      "tags": {}, "sku": {"name": "Standard_D1_v2", "tier": "Standard", "capacity":
      2}}], "$schema": "https://schema.management.azure.com/schemas/2015-01-01/deploymentTemplate.json#",
      "parameters": {}, "variables": {}}}}'''
    headers:
      Accept: [application/json]
      Accept-Encoding: ['gzip, deflate']
      CommandName: [vmss create]
      Connection: [keep-alive]
      Content-Length: ['2686']
      Content-Type: [application/json; charset=utf-8]
      User-Agent: [python/3.5.3 (Windows-10-10.0.10586-SP0) requests/2.18.4 msrest/0.4.14
          msrest_azure/0.4.14 resourcemanagementclient/1.2.0rc3 Azure-SDK-For-Python
          AZURECLI/2.0.17+dev]
      accept-language: [en-US]
    method: PUT
    uri: https://management.azure.com/subscriptions/00000000-0000-0000-0000-000000000000/resourcegroups/clitest.rg000001/providers/Microsoft.Resources/deployments/mock-deployment?api-version=2017-05-10
  response:
    body: {string: '{"id":"/subscriptions/00000000-0000-0000-0000-000000000000/resourceGroups/clitest.rg000001/providers/Microsoft.Resources/deployments/vmss_deploy_7Jl6Sn5FwJUVgbaWcn2KIbiYKF0ZXTcS","name":"vmss_deploy_7Jl6Sn5FwJUVgbaWcn2KIbiYKF0ZXTcS","properties":{"templateHash":"14443972688451723240","parameters":{},"mode":"Incremental","provisioningState":"Accepted","timestamp":"2017-10-01T04:02:19.2239249Z","duration":"PT0.2541652S","correlationId":"80ae7c1d-c5f4-4dbc-b029-35546005bb27","providers":[{"namespace":"Microsoft.Network","resourceTypes":[{"resourceType":"virtualNetworks","locations":["westus"]}]},{"namespace":"Microsoft.Compute","resourceTypes":[{"resourceType":"virtualMachineScaleSets","locations":["westus"]}]}],"dependencies":[{"dependsOn":[{"id":"/subscriptions/00000000-0000-0000-0000-000000000000/resourceGroups/clitest.rg000001/providers/Microsoft.Network/virtualNetworks/vmss1VNET","resourceType":"Microsoft.Network/virtualNetworks","resourceName":"vmss1VNET"}],"id":"/subscriptions/00000000-0000-0000-0000-000000000000/resourceGroups/clitest.rg000001/providers/Microsoft.Compute/virtualMachineScaleSets/vmss1","resourceType":"Microsoft.Compute/virtualMachineScaleSets","resourceName":"vmss1"}]}}'}
    headers:
      azure-asyncoperation: ['https://management.azure.com/subscriptions/00000000-0000-0000-0000-000000000000/resourcegroups/clitest.rg000001/providers/Microsoft.Resources/deployments/vmss_deploy_7Jl6Sn5FwJUVgbaWcn2KIbiYKF0ZXTcS/operationStatuses/08586947763465078617?api-version=2017-05-10']
      cache-control: [no-cache]
      content-length: ['1386']
      content-type: [application/json; charset=utf-8]
      date: ['Sun, 01 Oct 2017 04:02:18 GMT']
      expires: ['-1']
      pragma: [no-cache]
      strict-transport-security: [max-age=31536000; includeSubDomains]
      x-ms-ratelimit-remaining-subscription-writes: ['1194']
    status: {code: 201, message: Created}
- request:
    body: null
    headers:
      Accept: [application/json]
      Accept-Encoding: ['gzip, deflate']
      CommandName: [vmss create]
      Connection: [keep-alive]
      Content-Type: [application/json; charset=utf-8]
      User-Agent: [python/3.5.3 (Windows-10-10.0.10586-SP0) requests/2.18.4 msrest/0.4.14
          msrest_azure/0.4.14 resourcemanagementclient/1.2.0rc3 Azure-SDK-For-Python
          AZURECLI/2.0.17+dev]
      accept-language: [en-US]
    method: GET
    uri: https://management.azure.com/subscriptions/00000000-0000-0000-0000-000000000000/resourcegroups/clitest.rg000001/providers/Microsoft.Resources/deployments/mock-deployment/operationStatuses/08586947763465078617?api-version=2017-05-10
  response:
    body: {string: '{"status":"Running"}'}
    headers:
      cache-control: [no-cache]
      content-length: ['20']
      content-type: [application/json; charset=utf-8]
      date: ['Sun, 01 Oct 2017 04:02:49 GMT']
      expires: ['-1']
      pragma: [no-cache]
      strict-transport-security: [max-age=31536000; includeSubDomains]
      vary: [Accept-Encoding]
    status: {code: 200, message: OK}
- request:
    body: null
    headers:
      Accept: [application/json]
      Accept-Encoding: ['gzip, deflate']
      CommandName: [vmss create]
      Connection: [keep-alive]
      Content-Type: [application/json; charset=utf-8]
      User-Agent: [python/3.5.3 (Windows-10-10.0.10586-SP0) requests/2.18.4 msrest/0.4.14
          msrest_azure/0.4.14 resourcemanagementclient/1.2.0rc3 Azure-SDK-For-Python
          AZURECLI/2.0.17+dev]
      accept-language: [en-US]
    method: GET
    uri: https://management.azure.com/subscriptions/00000000-0000-0000-0000-000000000000/resourcegroups/clitest.rg000001/providers/Microsoft.Resources/deployments/mock-deployment/operationStatuses/08586947763465078617?api-version=2017-05-10
  response:
    body: {string: '{"status":"Running"}'}
    headers:
      cache-control: [no-cache]
      content-length: ['20']
      content-type: [application/json; charset=utf-8]
      date: ['Sun, 01 Oct 2017 04:03:20 GMT']
      expires: ['-1']
      pragma: [no-cache]
      strict-transport-security: [max-age=31536000; includeSubDomains]
      vary: [Accept-Encoding]
    status: {code: 200, message: OK}
- request:
    body: null
    headers:
      Accept: [application/json]
      Accept-Encoding: ['gzip, deflate']
      CommandName: [vmss create]
      Connection: [keep-alive]
      Content-Type: [application/json; charset=utf-8]
      User-Agent: [python/3.5.3 (Windows-10-10.0.10586-SP0) requests/2.18.4 msrest/0.4.14
          msrest_azure/0.4.14 resourcemanagementclient/1.2.0rc3 Azure-SDK-For-Python
          AZURECLI/2.0.17+dev]
      accept-language: [en-US]
    method: GET
    uri: https://management.azure.com/subscriptions/00000000-0000-0000-0000-000000000000/resourcegroups/clitest.rg000001/providers/Microsoft.Resources/deployments/mock-deployment/operationStatuses/08586947763465078617?api-version=2017-05-10
  response:
    body: {string: '{"status":"Running"}'}
    headers:
      cache-control: [no-cache]
      content-length: ['20']
      content-type: [application/json; charset=utf-8]
      date: ['Sun, 01 Oct 2017 04:03:51 GMT']
      expires: ['-1']
      pragma: [no-cache]
      strict-transport-security: [max-age=31536000; includeSubDomains]
      vary: [Accept-Encoding]
    status: {code: 200, message: OK}
- request:
    body: null
    headers:
      Accept: [application/json]
      Accept-Encoding: ['gzip, deflate']
      CommandName: [vmss create]
      Connection: [keep-alive]
      Content-Type: [application/json; charset=utf-8]
      User-Agent: [python/3.5.3 (Windows-10-10.0.10586-SP0) requests/2.18.4 msrest/0.4.14
          msrest_azure/0.4.14 resourcemanagementclient/1.2.0rc3 Azure-SDK-For-Python
          AZURECLI/2.0.17+dev]
      accept-language: [en-US]
    method: GET
    uri: https://management.azure.com/subscriptions/00000000-0000-0000-0000-000000000000/resourcegroups/clitest.rg000001/providers/Microsoft.Resources/deployments/mock-deployment/operationStatuses/08586947763465078617?api-version=2017-05-10
  response:
    body: {string: '{"status":"Running"}'}
    headers:
      cache-control: [no-cache]
      content-length: ['20']
      content-type: [application/json; charset=utf-8]
      date: ['Sun, 01 Oct 2017 04:04:20 GMT']
      expires: ['-1']
      pragma: [no-cache]
      strict-transport-security: [max-age=31536000; includeSubDomains]
      vary: [Accept-Encoding]
    status: {code: 200, message: OK}
- request:
    body: null
    headers:
      Accept: [application/json]
      Accept-Encoding: ['gzip, deflate']
      CommandName: [vmss create]
      Connection: [keep-alive]
      Content-Type: [application/json; charset=utf-8]
      User-Agent: [python/3.5.3 (Windows-10-10.0.10586-SP0) requests/2.18.4 msrest/0.4.14
          msrest_azure/0.4.14 resourcemanagementclient/1.2.0rc3 Azure-SDK-For-Python
          AZURECLI/2.0.17+dev]
      accept-language: [en-US]
    method: GET
    uri: https://management.azure.com/subscriptions/00000000-0000-0000-0000-000000000000/resourcegroups/clitest.rg000001/providers/Microsoft.Resources/deployments/mock-deployment/operationStatuses/08586947763465078617?api-version=2017-05-10
  response:
    body: {string: '{"status":"Succeeded"}'}
    headers:
      cache-control: [no-cache]
      content-length: ['22']
      content-type: [application/json; charset=utf-8]
      date: ['Sun, 01 Oct 2017 04:04:51 GMT']
      expires: ['-1']
      pragma: [no-cache]
      strict-transport-security: [max-age=31536000; includeSubDomains]
      vary: [Accept-Encoding]
    status: {code: 200, message: OK}
- request:
    body: null
    headers:
      Accept: [application/json]
      Accept-Encoding: ['gzip, deflate']
      CommandName: [vmss create]
      Connection: [keep-alive]
      Content-Type: [application/json; charset=utf-8]
      User-Agent: [python/3.5.3 (Windows-10-10.0.10586-SP0) requests/2.18.4 msrest/0.4.14
          msrest_azure/0.4.14 resourcemanagementclient/1.2.0rc3 Azure-SDK-For-Python
          AZURECLI/2.0.17+dev]
      accept-language: [en-US]
    method: GET
    uri: https://management.azure.com/subscriptions/00000000-0000-0000-0000-000000000000/resourcegroups/clitest.rg000001/providers/Microsoft.Resources/deployments/mock-deployment?api-version=2017-05-10
  response:
    body: {string: '{"id":"/subscriptions/00000000-0000-0000-0000-000000000000/resourceGroups/clitest.rg000001/providers/Microsoft.Resources/deployments/vmss_deploy_7Jl6Sn5FwJUVgbaWcn2KIbiYKF0ZXTcS","name":"vmss_deploy_7Jl6Sn5FwJUVgbaWcn2KIbiYKF0ZXTcS","properties":{"templateHash":"14443972688451723240","parameters":{},"mode":"Incremental","provisioningState":"Succeeded","timestamp":"2017-10-01T04:04:23.8285627Z","duration":"PT2M4.858803S","correlationId":"80ae7c1d-c5f4-4dbc-b029-35546005bb27","providers":[{"namespace":"Microsoft.Network","resourceTypes":[{"resourceType":"virtualNetworks","locations":["westus"]}]},{"namespace":"Microsoft.Compute","resourceTypes":[{"resourceType":"virtualMachineScaleSets","locations":["westus"]}]}],"dependencies":[{"dependsOn":[{"id":"/subscriptions/00000000-0000-0000-0000-000000000000/resourceGroups/clitest.rg000001/providers/Microsoft.Network/virtualNetworks/vmss1VNET","resourceType":"Microsoft.Network/virtualNetworks","resourceName":"vmss1VNET"}],"id":"/subscriptions/00000000-0000-0000-0000-000000000000/resourceGroups/clitest.rg000001/providers/Microsoft.Compute/virtualMachineScaleSets/vmss1","resourceType":"Microsoft.Compute/virtualMachineScaleSets","resourceName":"vmss1"}],"outputs":{"vmss":{"type":"Object","value":{"singlePlacementGroup":true,"upgradePolicy":{"mode":"Manual","automaticOSUpgrade":false},"virtualMachineProfile":{"osProfile":{"computerNamePrefix":"vmss1ceca","adminUsername":"clitester1","linuxConfiguration":{"disablePasswordAuthentication":false},"secrets":[]},"storageProfile":{"osDisk":{"createOption":"FromImage","caching":"ReadWrite","managedDisk":{"storageAccountType":"Standard_LRS"}},"imageReference":{"publisher":"Canonical","offer":"UbuntuServer","sku":"16.04-LTS","version":"latest"}},"networkProfile":{"healthProbe":{"id":"/subscriptions/00000000-0000-0000-0000-000000000000/resourceGroups/clitest.rg000001/providers/Microsoft.Network/loadBalancers/lb1/probes/probe1"},"networkInterfaceConfigurations":[{"name":"vmss1cecaNic","properties":{"primary":true,"enableAcceleratedNetworking":false,"dnsSettings":{"dnsServers":[]},"ipConfigurations":[{"name":"vmss1cecaIPConfig","properties":{"subnet":{"id":"/subscriptions/00000000-0000-0000-0000-000000000000/resourceGroups/clitest.rg000001/providers/Microsoft.Network/virtualNetworks/vmss1VNET/subnets/vmss1Subnet"},"privateIPAddressVersion":"IPv4","loadBalancerBackendAddressPools":[{"id":"/subscriptions/00000000-0000-0000-0000-000000000000/resourceGroups/clitest.rg000001/providers/Microsoft.Network/loadBalancers/lb1/backendAddressPools/lb1bepool"}],"loadBalancerInboundNatPools":[{"id":"/subscriptions/00000000-0000-0000-0000-000000000000/resourceGroups/clitest.rg000001/providers/Microsoft.Network/loadBalancers/lb1/inboundNatPools/nat-pool1"}]}}]}}]}},"provisioningState":"Succeeded","overprovision":true,"uniqueId":"84e0fc54-dcfd-476f-9635-36ae655c22f8"}}},"outputResources":[{"id":"/subscriptions/00000000-0000-0000-0000-000000000000/resourceGroups/clitest.rg000001/providers/Microsoft.Compute/virtualMachineScaleSets/vmss1"},{"id":"/subscriptions/00000000-0000-0000-0000-000000000000/resourceGroups/clitest.rg000001/providers/Microsoft.Network/virtualNetworks/vmss1VNET"}]}}'}
    headers:
      cache-control: [no-cache]
      content-length: ['3728']
      content-type: [application/json; charset=utf-8]
      date: ['Sun, 01 Oct 2017 04:04:52 GMT']
      expires: ['-1']
      pragma: [no-cache]
      strict-transport-security: [max-age=31536000; includeSubDomains]
      vary: [Accept-Encoding]
    status: {code: 200, message: OK}
- request:
    body: null
    headers:
      Accept: [application/json]
      Accept-Encoding: ['gzip, deflate']
      CommandName: [vmss extension set]
      Connection: [keep-alive]
      Content-Type: [application/json; charset=utf-8]
      User-Agent: [python/3.5.3 (Windows-10-10.0.10586-SP0) requests/2.18.4 msrest/0.4.14
          msrest_azure/0.4.14 computemanagementclient/3.0.1 Azure-SDK-For-Python AZURECLI/2.0.17+dev]
      accept-language: [en-US]
    method: GET
    uri: https://management.azure.com/subscriptions/00000000-0000-0000-0000-000000000000/resourceGroups/clitest.rg000001/providers/Microsoft.Compute/virtualMachineScaleSets/vmss1?api-version=2017-03-30
  response:
    body: {string: "{\r\n  \"sku\": {\r\n    \"name\": \"Standard_D1_v2\",\r\n   \
        \ \"tier\": \"Standard\",\r\n    \"capacity\": 2\r\n  },\r\n  \"properties\"\
        : {\r\n    \"singlePlacementGroup\": true,\r\n    \"upgradePolicy\": {\r\n\
        \      \"mode\": \"Manual\",\r\n      \"automaticOSUpgrade\": false\r\n  \
        \  },\r\n    \"virtualMachineProfile\": {\r\n      \"osProfile\": {\r\n  \
        \      \"computerNamePrefix\": \"vmss1ceca\",\r\n        \"adminUsername\"\
        : \"clitester1\",\r\n        \"linuxConfiguration\": {\r\n          \"disablePasswordAuthentication\"\
        : false\r\n        },\r\n        \"secrets\": []\r\n      },\r\n      \"storageProfile\"\
        : {\r\n        \"osDisk\": {\r\n          \"createOption\": \"FromImage\"\
        ,\r\n          \"caching\": \"ReadWrite\",\r\n          \"managedDisk\": {\r\
        \n            \"storageAccountType\": \"Standard_LRS\"\r\n          }\r\n\
        \        },\r\n        \"imageReference\": {\r\n          \"publisher\": \"\
        Canonical\",\r\n          \"offer\": \"UbuntuServer\",\r\n          \"sku\"\
        : \"16.04-LTS\",\r\n          \"version\": \"latest\"\r\n        }\r\n   \
        \   },\r\n      \"networkProfile\": {\"healthProbe\":{\"id\":\"/subscriptions/00000000-0000-0000-0000-000000000000/resourceGroups/clitest.rg000001/providers/Microsoft.Network/loadBalancers/lb1/probes/probe1\"\
        },\"networkInterfaceConfigurations\":[{\"name\":\"vmss1cecaNic\",\"properties\"\
        :{\"primary\":true,\"enableAcceleratedNetworking\":false,\"dnsSettings\":{\"\
        dnsServers\":[]},\"ipConfigurations\":[{\"name\":\"vmss1cecaIPConfig\",\"\
        properties\":{\"subnet\":{\"id\":\"/subscriptions/00000000-0000-0000-0000-000000000000/resourceGroups/clitest.rg000001/providers/Microsoft.Network/virtualNetworks/vmss1VNET/subnets/vmss1Subnet\"\
        },\"privateIPAddressVersion\":\"IPv4\",\"loadBalancerBackendAddressPools\"\
        :[{\"id\":\"/subscriptions/00000000-0000-0000-0000-000000000000/resourceGroups/clitest.rg000001/providers/Microsoft.Network/loadBalancers/lb1/backendAddressPools/lb1bepool\"\
        }],\"loadBalancerInboundNatPools\":[{\"id\":\"/subscriptions/00000000-0000-0000-0000-000000000000/resourceGroups/clitest.rg000001/providers/Microsoft.Network/loadBalancers/lb1/inboundNatPools/nat-pool1\"\
        }]}}]}}]}\r\n    },\r\n    \"provisioningState\": \"Succeeded\",\r\n    \"\
        overprovision\": true,\r\n    \"uniqueId\": \"84e0fc54-dcfd-476f-9635-36ae655c22f8\"\
        \r\n  },\r\n  \"type\": \"Microsoft.Compute/virtualMachineScaleSets\",\r\n\
        \  \"location\": \"westus\",\r\n  \"tags\": {},\r\n  \"id\": \"/subscriptions/00000000-0000-0000-0000-000000000000/resourceGroups/clitest.rg000001/providers/Microsoft.Compute/virtualMachineScaleSets/vmss1\"\
        ,\r\n  \"name\": \"vmss1\"\r\n}"}
    headers:
      cache-control: [no-cache]
      content-length: ['2648']
      content-type: [application/json; charset=utf-8]
      date: ['Sun, 01 Oct 2017 04:04:53 GMT']
      expires: ['-1']
      pragma: [no-cache]
      server: [Microsoft-HTTPAPI/2.0, Microsoft-HTTPAPI/2.0]
      strict-transport-security: [max-age=31536000; includeSubDomains]
      transfer-encoding: [chunked]
      vary: [Accept-Encoding]
    status: {code: 200, message: OK}
- request:
    body: 'b''{"tags": {}, "properties": {"upgradePolicy": {"mode": "Manual", "automaticOSUpgrade":
      false}, "overprovision": true, "singlePlacementGroup": true, "virtualMachineProfile":
      {"osProfile": {"adminUsername": "clitester1", "computerNamePrefix": "vmss1ceca",
      "secrets": [], "linuxConfiguration": {"disablePasswordAuthentication": false}},
      "extensionProfile": {"extensions": [{"name": "customScript", "properties": {"publisher":
      "Microsoft.Azure.Extensions", "typeHandlerVersion": "2.0", "settings": {"commandToExecute":
      "sudo apt-get install -y nginx"}, "type": "customScript", "autoUpgradeMinorVersion":
      true}}]}, "storageProfile": {"imageReference": {"publisher": "Canonical", "offer":
      "UbuntuServer", "version": "latest", "sku": "16.04-LTS"}, "osDisk": {"managedDisk":
      {"storageAccountType": "Standard_LRS"}, "caching": "ReadWrite", "createOption":
      "FromImage"}}, "networkProfile": {"networkInterfaceConfigurations": [{"name":
      "vmss1cecaNic", "properties": {"ipConfigurations": [{"name": "vmss1cecaIPConfig",
      "properties": {"privateIPAddressVersion": "IPv4", "subnet": {"id": "/subscriptions/00000000-0000-0000-0000-000000000000/resourceGroups/clitest.rg000001/providers/Microsoft.Network/virtualNetworks/vmss1VNET/subnets/vmss1Subnet"},
      "loadBalancerBackendAddressPools": [{"id": "/subscriptions/00000000-0000-0000-0000-000000000000/resourceGroups/clitest.rg000001/providers/Microsoft.Network/loadBalancers/lb1/backendAddressPools/lb1bepool"}],
      "loadBalancerInboundNatPools": [{"id": "/subscriptions/00000000-0000-0000-0000-000000000000/resourceGroups/clitest.rg000001/providers/Microsoft.Network/loadBalancers/lb1/inboundNatPools/nat-pool1"}]}}],
      "enableAcceleratedNetworking": false, "primary": true, "dnsSettings": {"dnsServers":
      []}}}], "healthProbe": {"id": "/subscriptions/00000000-0000-0000-0000-000000000000/resourceGroups/clitest.rg000001/providers/Microsoft.Network/loadBalancers/lb1/probes/probe1"}}}},
      "location": "westus", "sku": {"name": "Standard_D1_v2", "tier": "Standard",
      "capacity": 2}}'''
    headers:
      Accept: [application/json]
      Accept-Encoding: ['gzip, deflate']
      CommandName: [vmss extension set]
      Connection: [keep-alive]
      Content-Length: ['2239']
      Content-Type: [application/json; charset=utf-8]
      User-Agent: [python/3.5.3 (Windows-10-10.0.10586-SP0) requests/2.18.4 msrest/0.4.14
          msrest_azure/0.4.14 computemanagementclient/3.0.1 Azure-SDK-For-Python AZURECLI/2.0.17+dev]
      accept-language: [en-US]
    method: PUT
    uri: https://management.azure.com/subscriptions/00000000-0000-0000-0000-000000000000/resourceGroups/clitest.rg000001/providers/Microsoft.Compute/virtualMachineScaleSets/vmss1?api-version=2017-03-30
  response:
    body: {string: "{\r\n  \"sku\": {\r\n    \"name\": \"Standard_D1_v2\",\r\n   \
        \ \"tier\": \"Standard\",\r\n    \"capacity\": 2\r\n  },\r\n  \"properties\"\
        : {\r\n    \"singlePlacementGroup\": true,\r\n    \"upgradePolicy\": {\r\n\
        \      \"mode\": \"Manual\",\r\n      \"automaticOSUpgrade\": false\r\n  \
        \  },\r\n    \"virtualMachineProfile\": {\r\n      \"osProfile\": {\r\n  \
        \      \"computerNamePrefix\": \"vmss1ceca\",\r\n        \"adminUsername\"\
        : \"clitester1\",\r\n        \"linuxConfiguration\": {\r\n          \"disablePasswordAuthentication\"\
        : false\r\n        },\r\n        \"secrets\": []\r\n      },\r\n      \"storageProfile\"\
        : {\r\n        \"osDisk\": {\r\n          \"createOption\": \"FromImage\"\
        ,\r\n          \"caching\": \"ReadWrite\",\r\n          \"managedDisk\": {\r\
        \n            \"storageAccountType\": \"Standard_LRS\"\r\n          }\r\n\
        \        },\r\n        \"imageReference\": {\r\n          \"publisher\": \"\
        Canonical\",\r\n          \"offer\": \"UbuntuServer\",\r\n          \"sku\"\
        : \"16.04-LTS\",\r\n          \"version\": \"latest\"\r\n        }\r\n   \
        \   },\r\n      \"networkProfile\": {\"healthProbe\":{\"id\":\"/subscriptions/00000000-0000-0000-0000-000000000000/resourceGroups/clitest.rg000001/providers/Microsoft.Network/loadBalancers/lb1/probes/probe1\"\
        },\"networkInterfaceConfigurations\":[{\"name\":\"vmss1cecaNic\",\"properties\"\
        :{\"primary\":true,\"enableAcceleratedNetworking\":false,\"dnsSettings\":{\"\
        dnsServers\":[]},\"ipConfigurations\":[{\"name\":\"vmss1cecaIPConfig\",\"\
        properties\":{\"subnet\":{\"id\":\"/subscriptions/00000000-0000-0000-0000-000000000000/resourceGroups/clitest.rg000001/providers/Microsoft.Network/virtualNetworks/vmss1VNET/subnets/vmss1Subnet\"\
        },\"privateIPAddressVersion\":\"IPv4\",\"loadBalancerBackendAddressPools\"\
        :[{\"id\":\"/subscriptions/00000000-0000-0000-0000-000000000000/resourceGroups/clitest.rg000001/providers/Microsoft.Network/loadBalancers/lb1/backendAddressPools/lb1bepool\"\
        }],\"loadBalancerInboundNatPools\":[{\"id\":\"/subscriptions/00000000-0000-0000-0000-000000000000/resourceGroups/clitest.rg000001/providers/Microsoft.Network/loadBalancers/lb1/inboundNatPools/nat-pool1\"\
        }]}}]}}]},\r\n      \"extensionProfile\": {\r\n        \"extensions\": [\r\
        \n          {\r\n            \"properties\": {\r\n              \"publisher\"\
        : \"Microsoft.Azure.Extensions\",\r\n              \"type\": \"customScript\"\
        ,\r\n              \"typeHandlerVersion\": \"2.0\",\r\n              \"autoUpgradeMinorVersion\"\
        : true,\r\n              \"settings\": {\"commandToExecute\":\"sudo apt-get\
        \ install -y nginx\"}\r\n            },\r\n            \"name\": \"customScript\"\
        \r\n          }\r\n        ]\r\n      }\r\n    },\r\n    \"provisioningState\"\
        : \"Updating\",\r\n    \"overprovision\": true,\r\n    \"uniqueId\": \"84e0fc54-dcfd-476f-9635-36ae655c22f8\"\
        \r\n  },\r\n  \"type\": \"Microsoft.Compute/virtualMachineScaleSets\",\r\n\
        \  \"location\": \"westus\",\r\n  \"tags\": {},\r\n  \"id\": \"/subscriptions/00000000-0000-0000-0000-000000000000/resourceGroups/clitest.rg000001/providers/Microsoft.Compute/virtualMachineScaleSets/vmss1\"\
        ,\r\n  \"name\": \"vmss1\"\r\n}"}
    headers:
      azure-asyncoperation: ['https://management.azure.com/subscriptions/00000000-0000-0000-0000-000000000000/providers/Microsoft.Compute/locations/westus/operations/670e27f7-5d77-4045-a8b0-8ae6cee50872?api-version=2017-03-30']
      cache-control: [no-cache]
      content-length: ['3098']
      content-type: [application/json; charset=utf-8]
      date: ['Sun, 01 Oct 2017 04:04:54 GMT']
      expires: ['-1']
      pragma: [no-cache]
      server: [Microsoft-HTTPAPI/2.0, Microsoft-HTTPAPI/2.0]
      strict-transport-security: [max-age=31536000; includeSubDomains]
      transfer-encoding: [chunked]
      vary: [Accept-Encoding]
      x-ms-ratelimit-remaining-subscription-writes: ['1199']
    status: {code: 200, message: OK}
- request:
    body: null
    headers:
      Accept: [application/json]
      Accept-Encoding: ['gzip, deflate']
      CommandName: [vmss extension set]
      Connection: [keep-alive]
      Content-Type: [application/json; charset=utf-8]
      User-Agent: [python/3.5.3 (Windows-10-10.0.10586-SP0) requests/2.18.4 msrest/0.4.14
          msrest_azure/0.4.14 computemanagementclient/3.0.1 Azure-SDK-For-Python AZURECLI/2.0.17+dev]
      accept-language: [en-US]
    method: GET
    uri: https://management.azure.com/subscriptions/00000000-0000-0000-0000-000000000000/providers/Microsoft.Compute/locations/westus/operations/670e27f7-5d77-4045-a8b0-8ae6cee50872?api-version=2017-03-30
  response:
    body: {string: "{\r\n  \"startTime\": \"2017-10-01T04:04:53.0012048+00:00\",\r\
        \n  \"status\": \"InProgress\",\r\n  \"name\": \"670e27f7-5d77-4045-a8b0-8ae6cee50872\"\
        \r\n}"}
    headers:
      cache-control: [no-cache]
      content-length: ['134']
      content-type: [application/json; charset=utf-8]
      date: ['Sun, 01 Oct 2017 04:05:24 GMT']
      expires: ['-1']
      pragma: [no-cache]
      server: [Microsoft-HTTPAPI/2.0, Microsoft-HTTPAPI/2.0]
      strict-transport-security: [max-age=31536000; includeSubDomains]
      transfer-encoding: [chunked]
      vary: [Accept-Encoding]
    status: {code: 200, message: OK}
- request:
    body: null
    headers:
      Accept: [application/json]
      Accept-Encoding: ['gzip, deflate']
      CommandName: [vmss extension set]
      Connection: [keep-alive]
      Content-Type: [application/json; charset=utf-8]
      User-Agent: [python/3.5.3 (Windows-10-10.0.10586-SP0) requests/2.18.4 msrest/0.4.14
          msrest_azure/0.4.14 computemanagementclient/3.0.1 Azure-SDK-For-Python AZURECLI/2.0.17+dev]
      accept-language: [en-US]
    method: GET
    uri: https://management.azure.com/subscriptions/00000000-0000-0000-0000-000000000000/providers/Microsoft.Compute/locations/westus/operations/670e27f7-5d77-4045-a8b0-8ae6cee50872?api-version=2017-03-30
  response:
    body: {string: "{\r\n  \"startTime\": \"2017-10-01T04:04:53.0012048+00:00\",\r\
        \n  \"endTime\": \"2017-10-01T04:05:49.4991292+00:00\",\r\n  \"status\": \"\
        Succeeded\",\r\n  \"name\": \"670e27f7-5d77-4045-a8b0-8ae6cee50872\"\r\n}"}
    headers:
      cache-control: [no-cache]
      content-length: ['184']
      content-type: [application/json; charset=utf-8]
      date: ['Sun, 01 Oct 2017 04:05:55 GMT']
      expires: ['-1']
      pragma: [no-cache]
      server: [Microsoft-HTTPAPI/2.0, Microsoft-HTTPAPI/2.0]
      strict-transport-security: [max-age=31536000; includeSubDomains]
      transfer-encoding: [chunked]
      vary: [Accept-Encoding]
    status: {code: 200, message: OK}
- request:
    body: null
    headers:
      Accept: [application/json]
      Accept-Encoding: ['gzip, deflate']
      CommandName: [vmss extension set]
      Connection: [keep-alive]
      Content-Type: [application/json; charset=utf-8]
      User-Agent: [python/3.5.3 (Windows-10-10.0.10586-SP0) requests/2.18.4 msrest/0.4.14
          msrest_azure/0.4.14 computemanagementclient/3.0.1 Azure-SDK-For-Python AZURECLI/2.0.17+dev]
      accept-language: [en-US]
    method: GET
    uri: https://management.azure.com/subscriptions/00000000-0000-0000-0000-000000000000/resourceGroups/clitest.rg000001/providers/Microsoft.Compute/virtualMachineScaleSets/vmss1?api-version=2017-03-30
  response:
    body: {string: "{\r\n  \"sku\": {\r\n    \"name\": \"Standard_D1_v2\",\r\n   \
        \ \"tier\": \"Standard\",\r\n    \"capacity\": 2\r\n  },\r\n  \"properties\"\
        : {\r\n    \"singlePlacementGroup\": true,\r\n    \"upgradePolicy\": {\r\n\
        \      \"mode\": \"Manual\",\r\n      \"automaticOSUpgrade\": false\r\n  \
        \  },\r\n    \"virtualMachineProfile\": {\r\n      \"osProfile\": {\r\n  \
        \      \"computerNamePrefix\": \"vmss1ceca\",\r\n        \"adminUsername\"\
        : \"clitester1\",\r\n        \"linuxConfiguration\": {\r\n          \"disablePasswordAuthentication\"\
        : false\r\n        },\r\n        \"secrets\": []\r\n      },\r\n      \"storageProfile\"\
        : {\r\n        \"osDisk\": {\r\n          \"createOption\": \"FromImage\"\
        ,\r\n          \"caching\": \"ReadWrite\",\r\n          \"managedDisk\": {\r\
        \n            \"storageAccountType\": \"Standard_LRS\"\r\n          }\r\n\
        \        },\r\n        \"imageReference\": {\r\n          \"publisher\": \"\
        Canonical\",\r\n          \"offer\": \"UbuntuServer\",\r\n          \"sku\"\
        : \"16.04-LTS\",\r\n          \"version\": \"latest\"\r\n        }\r\n   \
        \   },\r\n      \"networkProfile\": {\"healthProbe\":{\"id\":\"/subscriptions/00000000-0000-0000-0000-000000000000/resourceGroups/clitest.rg000001/providers/Microsoft.Network/loadBalancers/lb1/probes/probe1\"\
        },\"networkInterfaceConfigurations\":[{\"name\":\"vmss1cecaNic\",\"properties\"\
        :{\"primary\":true,\"enableAcceleratedNetworking\":false,\"dnsSettings\":{\"\
        dnsServers\":[]},\"ipConfigurations\":[{\"name\":\"vmss1cecaIPConfig\",\"\
        properties\":{\"subnet\":{\"id\":\"/subscriptions/00000000-0000-0000-0000-000000000000/resourceGroups/clitest.rg000001/providers/Microsoft.Network/virtualNetworks/vmss1VNET/subnets/vmss1Subnet\"\
        },\"privateIPAddressVersion\":\"IPv4\",\"loadBalancerBackendAddressPools\"\
        :[{\"id\":\"/subscriptions/00000000-0000-0000-0000-000000000000/resourceGroups/clitest.rg000001/providers/Microsoft.Network/loadBalancers/lb1/backendAddressPools/lb1bepool\"\
        }],\"loadBalancerInboundNatPools\":[{\"id\":\"/subscriptions/00000000-0000-0000-0000-000000000000/resourceGroups/clitest.rg000001/providers/Microsoft.Network/loadBalancers/lb1/inboundNatPools/nat-pool1\"\
        }]}}]}}]},\r\n      \"extensionProfile\": {\r\n        \"extensions\": [\r\
        \n          {\r\n            \"properties\": {\r\n              \"publisher\"\
        : \"Microsoft.Azure.Extensions\",\r\n              \"type\": \"customScript\"\
        ,\r\n              \"typeHandlerVersion\": \"2.0\",\r\n              \"autoUpgradeMinorVersion\"\
        : true,\r\n              \"settings\": {\"commandToExecute\":\"sudo apt-get\
        \ install -y nginx\"}\r\n            },\r\n            \"name\": \"customScript\"\
        \r\n          }\r\n        ]\r\n      }\r\n    },\r\n    \"provisioningState\"\
        : \"Succeeded\",\r\n    \"overprovision\": true,\r\n    \"uniqueId\": \"84e0fc54-dcfd-476f-9635-36ae655c22f8\"\
        \r\n  },\r\n  \"type\": \"Microsoft.Compute/virtualMachineScaleSets\",\r\n\
        \  \"location\": \"westus\",\r\n  \"tags\": {},\r\n  \"id\": \"/subscriptions/00000000-0000-0000-0000-000000000000/resourceGroups/clitest.rg000001/providers/Microsoft.Compute/virtualMachineScaleSets/vmss1\"\
        ,\r\n  \"name\": \"vmss1\"\r\n}"}
    headers:
      cache-control: [no-cache]
      content-length: ['3099']
      content-type: [application/json; charset=utf-8]
      date: ['Sun, 01 Oct 2017 04:05:55 GMT']
      expires: ['-1']
      pragma: [no-cache]
      server: [Microsoft-HTTPAPI/2.0, Microsoft-HTTPAPI/2.0]
      strict-transport-security: [max-age=31536000; includeSubDomains]
      transfer-encoding: [chunked]
      vary: [Accept-Encoding]
    status: {code: 200, message: OK}
- request:
    body: '{"instanceIds": ["*"]}'
    headers:
      Accept: [application/json]
      Accept-Encoding: ['gzip, deflate']
      CommandName: [vmss update-instances]
      Connection: [keep-alive]
      Content-Length: ['22']
      Content-Type: [application/json; charset=utf-8]
      User-Agent: [python/3.5.3 (Windows-10-10.0.10586-SP0) requests/2.18.4 msrest/0.4.14
          msrest_azure/0.4.14 computemanagementclient/3.0.1 Azure-SDK-For-Python AZURECLI/2.0.17+dev]
      accept-language: [en-US]
    method: POST
    uri: https://management.azure.com/subscriptions/00000000-0000-0000-0000-000000000000/resourceGroups/clitest.rg000001/providers/Microsoft.Compute/virtualMachineScaleSets/vmss1/manualupgrade?api-version=2017-03-30
  response:
    body: {string: ''}
    headers:
      azure-asyncoperation: ['https://management.azure.com/subscriptions/00000000-0000-0000-0000-000000000000/providers/Microsoft.Compute/locations/westus/operations/613818cb-9ed9-4100-ba00-87381eb22b7e?api-version=2017-03-30']
      cache-control: [no-cache]
      content-length: ['0']
      date: ['Sun, 01 Oct 2017 04:05:56 GMT']
      expires: ['-1']
      location: ['https://management.azure.com/subscriptions/00000000-0000-0000-0000-000000000000/providers/Microsoft.Compute/locations/westus/operations/613818cb-9ed9-4100-ba00-87381eb22b7e?monitor=true&api-version=2017-03-30']
      pragma: [no-cache]
      server: [Microsoft-HTTPAPI/2.0, Microsoft-HTTPAPI/2.0]
      strict-transport-security: [max-age=31536000; includeSubDomains]
      x-ms-ratelimit-remaining-subscription-writes: ['1199']
    status: {code: 202, message: Accepted}
- request:
    body: null
    headers:
      Accept: [application/json]
      Accept-Encoding: ['gzip, deflate']
      CommandName: [vmss update-instances]
      Connection: [keep-alive]
      Content-Type: [application/json; charset=utf-8]
      User-Agent: [python/3.5.3 (Windows-10-10.0.10586-SP0) requests/2.18.4 msrest/0.4.14
          msrest_azure/0.4.14 computemanagementclient/3.0.1 Azure-SDK-For-Python AZURECLI/2.0.17+dev]
      accept-language: [en-US]
    method: GET
    uri: https://management.azure.com/subscriptions/00000000-0000-0000-0000-000000000000/providers/Microsoft.Compute/locations/westus/operations/613818cb-9ed9-4100-ba00-87381eb22b7e?api-version=2017-03-30
  response:
    body: {string: "{\r\n  \"startTime\": \"2017-10-01T04:05:54.749413+00:00\",\r\n\
        \  \"status\": \"InProgress\",\r\n  \"name\": \"613818cb-9ed9-4100-ba00-87381eb22b7e\"\
        \r\n}"}
    headers:
      cache-control: [no-cache]
      content-length: ['133']
      content-type: [application/json; charset=utf-8]
      date: ['Sun, 01 Oct 2017 04:06:26 GMT']
      expires: ['-1']
      pragma: [no-cache]
      server: [Microsoft-HTTPAPI/2.0, Microsoft-HTTPAPI/2.0]
      strict-transport-security: [max-age=31536000; includeSubDomains]
      transfer-encoding: [chunked]
      vary: [Accept-Encoding]
    status: {code: 200, message: OK}
- request:
    body: null
    headers:
      Accept: [application/json]
      Accept-Encoding: ['gzip, deflate']
      CommandName: [vmss update-instances]
      Connection: [keep-alive]
      Content-Type: [application/json; charset=utf-8]
      User-Agent: [python/3.5.3 (Windows-10-10.0.10586-SP0) requests/2.18.4 msrest/0.4.14
          msrest_azure/0.4.14 computemanagementclient/3.0.1 Azure-SDK-For-Python AZURECLI/2.0.17+dev]
      accept-language: [en-US]
    method: GET
    uri: https://management.azure.com/subscriptions/00000000-0000-0000-0000-000000000000/providers/Microsoft.Compute/locations/westus/operations/613818cb-9ed9-4100-ba00-87381eb22b7e?api-version=2017-03-30
  response:
    body: {string: "{\r\n  \"startTime\": \"2017-10-01T04:05:54.749413+00:00\",\r\n\
        \  \"status\": \"InProgress\",\r\n  \"name\": \"613818cb-9ed9-4100-ba00-87381eb22b7e\"\
        \r\n}"}
    headers:
      cache-control: [no-cache]
      content-length: ['133']
      content-type: [application/json; charset=utf-8]
      date: ['Sun, 01 Oct 2017 04:06:56 GMT']
      expires: ['-1']
      pragma: [no-cache]
      server: [Microsoft-HTTPAPI/2.0, Microsoft-HTTPAPI/2.0]
      strict-transport-security: [max-age=31536000; includeSubDomains]
      transfer-encoding: [chunked]
      vary: [Accept-Encoding]
    status: {code: 200, message: OK}
- request:
    body: null
    headers:
      Accept: [application/json]
      Accept-Encoding: ['gzip, deflate']
      CommandName: [vmss update-instances]
      Connection: [keep-alive]
      Content-Type: [application/json; charset=utf-8]
      User-Agent: [python/3.5.3 (Windows-10-10.0.10586-SP0) requests/2.18.4 msrest/0.4.14
          msrest_azure/0.4.14 computemanagementclient/3.0.1 Azure-SDK-For-Python AZURECLI/2.0.17+dev]
      accept-language: [en-US]
    method: GET
    uri: https://management.azure.com/subscriptions/00000000-0000-0000-0000-000000000000/providers/Microsoft.Compute/locations/westus/operations/613818cb-9ed9-4100-ba00-87381eb22b7e?api-version=2017-03-30
  response:
    body: {string: "{\r\n  \"startTime\": \"2017-10-01T04:05:54.749413+00:00\",\r\n\
        \  \"endTime\": \"2017-10-01T04:06:59.5492472+00:00\",\r\n  \"status\": \"\
        Succeeded\",\r\n  \"name\": \"613818cb-9ed9-4100-ba00-87381eb22b7e\"\r\n}"}
    headers:
      cache-control: [no-cache]
      content-length: ['183']
      content-type: [application/json; charset=utf-8]
      date: ['Sun, 01 Oct 2017 04:07:27 GMT']
      expires: ['-1']
      pragma: [no-cache]
      server: [Microsoft-HTTPAPI/2.0, Microsoft-HTTPAPI/2.0]
      strict-transport-security: [max-age=31536000; includeSubDomains]
      transfer-encoding: [chunked]
      vary: [Accept-Encoding]
    status: {code: 200, message: OK}
- request:
    body: null
    headers:
      Accept: [application/json]
      Accept-Encoding: ['gzip, deflate']
      CommandName: [vmss update]
      Connection: [keep-alive]
      Content-Type: [application/json; charset=utf-8]
      User-Agent: [python/3.5.3 (Windows-10-10.0.10586-SP0) requests/2.18.4 msrest/0.4.14
          msrest_azure/0.4.14 computemanagementclient/3.0.1 Azure-SDK-For-Python AZURECLI/2.0.17+dev]
      accept-language: [en-US]
    method: GET
    uri: https://management.azure.com/subscriptions/00000000-0000-0000-0000-000000000000/resourceGroups/clitest.rg000001/providers/Microsoft.Compute/virtualMachineScaleSets/vmss1?api-version=2017-03-30
  response:
    body: {string: "{\r\n  \"sku\": {\r\n    \"name\": \"Standard_D1_v2\",\r\n   \
        \ \"tier\": \"Standard\",\r\n    \"capacity\": 2\r\n  },\r\n  \"properties\"\
        : {\r\n    \"singlePlacementGroup\": true,\r\n    \"upgradePolicy\": {\r\n\
        \      \"mode\": \"Manual\",\r\n      \"automaticOSUpgrade\": false\r\n  \
        \  },\r\n    \"virtualMachineProfile\": {\r\n      \"osProfile\": {\r\n  \
        \      \"computerNamePrefix\": \"vmss1ceca\",\r\n        \"adminUsername\"\
        : \"clitester1\",\r\n        \"linuxConfiguration\": {\r\n          \"disablePasswordAuthentication\"\
        : false\r\n        },\r\n        \"secrets\": []\r\n      },\r\n      \"storageProfile\"\
        : {\r\n        \"osDisk\": {\r\n          \"createOption\": \"FromImage\"\
        ,\r\n          \"caching\": \"ReadWrite\",\r\n          \"managedDisk\": {\r\
        \n            \"storageAccountType\": \"Standard_LRS\"\r\n          }\r\n\
        \        },\r\n        \"imageReference\": {\r\n          \"publisher\": \"\
        Canonical\",\r\n          \"offer\": \"UbuntuServer\",\r\n          \"sku\"\
        : \"16.04-LTS\",\r\n          \"version\": \"latest\"\r\n        }\r\n   \
        \   },\r\n      \"networkProfile\": {\"healthProbe\":{\"id\":\"/subscriptions/00000000-0000-0000-0000-000000000000/resourceGroups/clitest.rg000001/providers/Microsoft.Network/loadBalancers/lb1/probes/probe1\"\
        },\"networkInterfaceConfigurations\":[{\"name\":\"vmss1cecaNic\",\"properties\"\
        :{\"primary\":true,\"enableAcceleratedNetworking\":false,\"dnsSettings\":{\"\
        dnsServers\":[]},\"ipConfigurations\":[{\"name\":\"vmss1cecaIPConfig\",\"\
        properties\":{\"subnet\":{\"id\":\"/subscriptions/00000000-0000-0000-0000-000000000000/resourceGroups/clitest.rg000001/providers/Microsoft.Network/virtualNetworks/vmss1VNET/subnets/vmss1Subnet\"\
        },\"privateIPAddressVersion\":\"IPv4\",\"loadBalancerBackendAddressPools\"\
        :[{\"id\":\"/subscriptions/00000000-0000-0000-0000-000000000000/resourceGroups/clitest.rg000001/providers/Microsoft.Network/loadBalancers/lb1/backendAddressPools/lb1bepool\"\
        }],\"loadBalancerInboundNatPools\":[{\"id\":\"/subscriptions/00000000-0000-0000-0000-000000000000/resourceGroups/clitest.rg000001/providers/Microsoft.Network/loadBalancers/lb1/inboundNatPools/nat-pool1\"\
        }]}}]}}]},\r\n      \"extensionProfile\": {\r\n        \"extensions\": [\r\
        \n          {\r\n            \"properties\": {\r\n              \"publisher\"\
        : \"Microsoft.Azure.Extensions\",\r\n              \"type\": \"customScript\"\
        ,\r\n              \"typeHandlerVersion\": \"2.0\",\r\n              \"autoUpgradeMinorVersion\"\
        : true,\r\n              \"settings\": {\"commandToExecute\":\"sudo apt-get\
        \ install -y nginx\"}\r\n            },\r\n            \"name\": \"customScript\"\
        \r\n          }\r\n        ]\r\n      }\r\n    },\r\n    \"provisioningState\"\
        : \"Succeeded\",\r\n    \"overprovision\": true,\r\n    \"uniqueId\": \"84e0fc54-dcfd-476f-9635-36ae655c22f8\"\
        \r\n  },\r\n  \"type\": \"Microsoft.Compute/virtualMachineScaleSets\",\r\n\
        \  \"location\": \"westus\",\r\n  \"tags\": {},\r\n  \"id\": \"/subscriptions/00000000-0000-0000-0000-000000000000/resourceGroups/clitest.rg000001/providers/Microsoft.Compute/virtualMachineScaleSets/vmss1\"\
        ,\r\n  \"name\": \"vmss1\"\r\n}"}
    headers:
      cache-control: [no-cache]
      content-length: ['3099']
      content-type: [application/json; charset=utf-8]
      date: ['Sun, 01 Oct 2017 04:07:28 GMT']
      expires: ['-1']
      pragma: [no-cache]
      server: [Microsoft-HTTPAPI/2.0, Microsoft-HTTPAPI/2.0]
      strict-transport-security: [max-age=31536000; includeSubDomains]
      transfer-encoding: [chunked]
      vary: [Accept-Encoding]
    status: {code: 200, message: OK}
- request:
    body: 'b''{"tags": {}, "properties": {"upgradePolicy": {"mode": "Rolling", "automaticOSUpgrade":
      false}, "overprovision": true, "singlePlacementGroup": true, "virtualMachineProfile":
      {"osProfile": {"adminUsername": "clitester1", "computerNamePrefix": "vmss1ceca",
      "secrets": [], "linuxConfiguration": {"disablePasswordAuthentication": false}},
      "extensionProfile": {"extensions": [{"name": "customScript", "properties": {"publisher":
      "Microsoft.Azure.Extensions", "typeHandlerVersion": "2.0", "settings": {"commandToExecute":
      "sudo apt-get install -y nginx"}, "type": "customScript", "autoUpgradeMinorVersion":
      true}}]}, "storageProfile": {"imageReference": {"publisher": "Canonical", "offer":
      "UbuntuServer", "version": "latest", "sku": "16.04-LTS"}, "osDisk": {"managedDisk":
      {"storageAccountType": "Standard_LRS"}, "caching": "ReadWrite", "createOption":
      "FromImage"}}, "networkProfile": {"networkInterfaceConfigurations": [{"name":
      "vmss1cecaNic", "properties": {"ipConfigurations": [{"name": "vmss1cecaIPConfig",
      "properties": {"privateIPAddressVersion": "IPv4", "subnet": {"id": "/subscriptions/00000000-0000-0000-0000-000000000000/resourceGroups/clitest.rg000001/providers/Microsoft.Network/virtualNetworks/vmss1VNET/subnets/vmss1Subnet"},
      "loadBalancerBackendAddressPools": [{"id": "/subscriptions/00000000-0000-0000-0000-000000000000/resourceGroups/clitest.rg000001/providers/Microsoft.Network/loadBalancers/lb1/backendAddressPools/lb1bepool"}],
      "loadBalancerInboundNatPools": [{"id": "/subscriptions/00000000-0000-0000-0000-000000000000/resourceGroups/clitest.rg000001/providers/Microsoft.Network/loadBalancers/lb1/inboundNatPools/nat-pool1"}]}}],
      "enableAcceleratedNetworking": false, "primary": true, "dnsSettings": {"dnsServers":
      []}}}], "healthProbe": {"id": "/subscriptions/00000000-0000-0000-0000-000000000000/resourceGroups/clitest.rg000001/providers/Microsoft.Network/loadBalancers/lb1/probes/probe1"}}}},
      "location": "westus", "sku": {"name": "Standard_D1_v2", "tier": "Standard",
      "capacity": 2}}'''
    headers:
      Accept: [application/json]
      Accept-Encoding: ['gzip, deflate']
      CommandName: [vmss update]
      Connection: [keep-alive]
      Content-Length: ['2240']
      Content-Type: [application/json; charset=utf-8]
      User-Agent: [python/3.5.3 (Windows-10-10.0.10586-SP0) requests/2.18.4 msrest/0.4.14
          msrest_azure/0.4.14 computemanagementclient/3.0.1 Azure-SDK-For-Python AZURECLI/2.0.17+dev]
      accept-language: [en-US]
    method: PUT
    uri: https://management.azure.com/subscriptions/00000000-0000-0000-0000-000000000000/resourceGroups/clitest.rg000001/providers/Microsoft.Compute/virtualMachineScaleSets/vmss1?api-version=2017-03-30
  response:
    body: {string: "{\r\n  \"sku\": {\r\n    \"name\": \"Standard_D1_v2\",\r\n   \
        \ \"tier\": \"Standard\",\r\n    \"capacity\": 2\r\n  },\r\n  \"properties\"\
        : {\r\n    \"singlePlacementGroup\": true,\r\n    \"upgradePolicy\": {\r\n\
        \      \"mode\": \"Rolling\",\r\n      \"rollingUpgradePolicy\": {\r\n   \
        \     \"maxBatchInstancePercent\": 20,\r\n        \"maxUnhealthyInstancePercent\"\
        : 20,\r\n        \"maxUnhealthyUpgradedInstancePercent\": 20,\r\n        \"\
        pauseTimeBetweenBatches\": \"PT0S\"\r\n      },\r\n      \"automaticOSUpgrade\"\
        : false\r\n    },\r\n    \"virtualMachineProfile\": {\r\n      \"osProfile\"\
        : {\r\n        \"computerNamePrefix\": \"vmss1ceca\",\r\n        \"adminUsername\"\
        : \"clitester1\",\r\n        \"linuxConfiguration\": {\r\n          \"disablePasswordAuthentication\"\
        : false\r\n        },\r\n        \"secrets\": []\r\n      },\r\n      \"storageProfile\"\
        : {\r\n        \"osDisk\": {\r\n          \"createOption\": \"FromImage\"\
        ,\r\n          \"caching\": \"ReadWrite\",\r\n          \"managedDisk\": {\r\
        \n            \"storageAccountType\": \"Standard_LRS\"\r\n          }\r\n\
        \        },\r\n        \"imageReference\": {\r\n          \"publisher\": \"\
        Canonical\",\r\n          \"offer\": \"UbuntuServer\",\r\n          \"sku\"\
        : \"16.04-LTS\",\r\n          \"version\": \"latest\"\r\n        }\r\n   \
        \   },\r\n      \"networkProfile\": {\"healthProbe\":{\"id\":\"/subscriptions/00000000-0000-0000-0000-000000000000/resourceGroups/clitest.rg000001/providers/Microsoft.Network/loadBalancers/lb1/probes/probe1\"\
        },\"networkInterfaceConfigurations\":[{\"name\":\"vmss1cecaNic\",\"properties\"\
        :{\"primary\":true,\"enableAcceleratedNetworking\":false,\"dnsSettings\":{\"\
        dnsServers\":[]},\"ipConfigurations\":[{\"name\":\"vmss1cecaIPConfig\",\"\
        properties\":{\"subnet\":{\"id\":\"/subscriptions/00000000-0000-0000-0000-000000000000/resourceGroups/clitest.rg000001/providers/Microsoft.Network/virtualNetworks/vmss1VNET/subnets/vmss1Subnet\"\
        },\"privateIPAddressVersion\":\"IPv4\",\"loadBalancerBackendAddressPools\"\
        :[{\"id\":\"/subscriptions/00000000-0000-0000-0000-000000000000/resourceGroups/clitest.rg000001/providers/Microsoft.Network/loadBalancers/lb1/backendAddressPools/lb1bepool\"\
        }],\"loadBalancerInboundNatPools\":[{\"id\":\"/subscriptions/00000000-0000-0000-0000-000000000000/resourceGroups/clitest.rg000001/providers/Microsoft.Network/loadBalancers/lb1/inboundNatPools/nat-pool1\"\
        }]}}]}}]},\r\n      \"extensionProfile\": {\r\n        \"extensions\": [\r\
        \n          {\r\n            \"properties\": {\r\n              \"publisher\"\
        : \"Microsoft.Azure.Extensions\",\r\n              \"type\": \"customScript\"\
        ,\r\n              \"typeHandlerVersion\": \"2.0\",\r\n              \"autoUpgradeMinorVersion\"\
        : true,\r\n              \"settings\": {\"commandToExecute\":\"sudo apt-get\
        \ install -y nginx\"}\r\n            },\r\n            \"name\": \"customScript\"\
        \r\n          }\r\n        ]\r\n      }\r\n    },\r\n    \"provisioningState\"\
        : \"Updating\",\r\n    \"overprovision\": true,\r\n    \"uniqueId\": \"84e0fc54-dcfd-476f-9635-36ae655c22f8\"\
        \r\n  },\r\n  \"type\": \"Microsoft.Compute/virtualMachineScaleSets\",\r\n\
        \  \"location\": \"westus\",\r\n  \"tags\": {},\r\n  \"id\": \"/subscriptions/00000000-0000-0000-0000-000000000000/resourceGroups/clitest.rg000001/providers/Microsoft.Compute/virtualMachineScaleSets/vmss1\"\
        ,\r\n  \"name\": \"vmss1\"\r\n}"}
    headers:
      azure-asyncoperation: ['https://management.azure.com/subscriptions/00000000-0000-0000-0000-000000000000/providers/Microsoft.Compute/locations/westus/operations/2d61e748-9f55-4be1-b174-e945eb39cc24?api-version=2017-03-30']
      cache-control: [no-cache]
      content-length: ['3321']
      content-type: [application/json; charset=utf-8]
      date: ['Sun, 01 Oct 2017 04:07:29 GMT']
      expires: ['-1']
      pragma: [no-cache]
      server: [Microsoft-HTTPAPI/2.0, Microsoft-HTTPAPI/2.0]
      strict-transport-security: [max-age=31536000; includeSubDomains]
      transfer-encoding: [chunked]
      vary: [Accept-Encoding]
      x-ms-ratelimit-remaining-subscription-writes: ['1199']
    status: {code: 200, message: OK}
- request:
    body: null
    headers:
      Accept: [application/json]
      Accept-Encoding: ['gzip, deflate']
      CommandName: [vmss update]
      Connection: [keep-alive]
      Content-Type: [application/json; charset=utf-8]
      User-Agent: [python/3.5.3 (Windows-10-10.0.10586-SP0) requests/2.18.4 msrest/0.4.14
          msrest_azure/0.4.14 computemanagementclient/3.0.1 Azure-SDK-For-Python AZURECLI/2.0.17+dev]
      accept-language: [en-US]
    method: GET
    uri: https://management.azure.com/subscriptions/00000000-0000-0000-0000-000000000000/providers/Microsoft.Compute/locations/westus/operations/2d61e748-9f55-4be1-b174-e945eb39cc24?api-version=2017-03-30
  response:
    body: {string: "{\r\n  \"startTime\": \"2017-10-01T04:07:27.9411732+00:00\",\r\
        \n  \"status\": \"InProgress\",\r\n  \"name\": \"2d61e748-9f55-4be1-b174-e945eb39cc24\"\
        \r\n}"}
    headers:
      cache-control: [no-cache]
      content-length: ['134']
      content-type: [application/json; charset=utf-8]
      date: ['Sun, 01 Oct 2017 04:07:59 GMT']
      expires: ['-1']
      pragma: [no-cache]
      server: [Microsoft-HTTPAPI/2.0, Microsoft-HTTPAPI/2.0]
      strict-transport-security: [max-age=31536000; includeSubDomains]
      transfer-encoding: [chunked]
      vary: [Accept-Encoding]
    status: {code: 200, message: OK}
- request:
    body: null
    headers:
      Accept: [application/json]
      Accept-Encoding: ['gzip, deflate']
      CommandName: [vmss update]
      Connection: [keep-alive]
      Content-Type: [application/json; charset=utf-8]
      User-Agent: [python/3.5.3 (Windows-10-10.0.10586-SP0) requests/2.18.4 msrest/0.4.14
          msrest_azure/0.4.14 computemanagementclient/3.0.1 Azure-SDK-For-Python AZURECLI/2.0.17+dev]
      accept-language: [en-US]
    method: GET
    uri: https://management.azure.com/subscriptions/00000000-0000-0000-0000-000000000000/providers/Microsoft.Compute/locations/westus/operations/2d61e748-9f55-4be1-b174-e945eb39cc24?api-version=2017-03-30
  response:
    body: {string: "{\r\n  \"startTime\": \"2017-10-01T04:07:27.9411732+00:00\",\r\
        \n  \"status\": \"InProgress\",\r\n  \"name\": \"2d61e748-9f55-4be1-b174-e945eb39cc24\"\
        \r\n}"}
    headers:
      cache-control: [no-cache]
      content-length: ['134']
      content-type: [application/json; charset=utf-8]
      date: ['Sun, 01 Oct 2017 04:08:29 GMT']
      expires: ['-1']
      pragma: [no-cache]
      server: [Microsoft-HTTPAPI/2.0, Microsoft-HTTPAPI/2.0]
      strict-transport-security: [max-age=31536000; includeSubDomains]
      transfer-encoding: [chunked]
      vary: [Accept-Encoding]
    status: {code: 200, message: OK}
- request:
    body: null
    headers:
      Accept: [application/json]
      Accept-Encoding: ['gzip, deflate']
      CommandName: [vmss update]
      Connection: [keep-alive]
      Content-Type: [application/json; charset=utf-8]
      User-Agent: [python/3.5.3 (Windows-10-10.0.10586-SP0) requests/2.18.4 msrest/0.4.14
          msrest_azure/0.4.14 computemanagementclient/3.0.1 Azure-SDK-For-Python AZURECLI/2.0.17+dev]
      accept-language: [en-US]
    method: GET
    uri: https://management.azure.com/subscriptions/00000000-0000-0000-0000-000000000000/providers/Microsoft.Compute/locations/westus/operations/2d61e748-9f55-4be1-b174-e945eb39cc24?api-version=2017-03-30
  response:
    body: {string: "{\r\n  \"startTime\": \"2017-10-01T04:08:30.4324762+00:00\",\r\
        \n  \"status\": \"InProgress\",\r\n  \"name\": \"2d61e748-9f55-4be1-b174-e945eb39cc24\"\
        \r\n}"}
    headers:
      cache-control: [no-cache]
      content-length: ['134']
      content-type: [application/json; charset=utf-8]
      date: ['Sun, 01 Oct 2017 04:09:00 GMT']
      expires: ['-1']
      pragma: [no-cache]
      server: [Microsoft-HTTPAPI/2.0, Microsoft-HTTPAPI/2.0]
      strict-transport-security: [max-age=31536000; includeSubDomains]
      transfer-encoding: [chunked]
      vary: [Accept-Encoding]
    status: {code: 200, message: OK}
- request:
    body: null
    headers:
      Accept: [application/json]
      Accept-Encoding: ['gzip, deflate']
      CommandName: [vmss update]
      Connection: [keep-alive]
      Content-Type: [application/json; charset=utf-8]
      User-Agent: [python/3.5.3 (Windows-10-10.0.10586-SP0) requests/2.18.4 msrest/0.4.14
          msrest_azure/0.4.14 computemanagementclient/3.0.1 Azure-SDK-For-Python AZURECLI/2.0.17+dev]
      accept-language: [en-US]
    method: GET
    uri: https://management.azure.com/subscriptions/00000000-0000-0000-0000-000000000000/providers/Microsoft.Compute/locations/westus/operations/2d61e748-9f55-4be1-b174-e945eb39cc24?api-version=2017-03-30
  response:
    body: {string: "{\r\n  \"startTime\": \"2017-10-01T04:08:30.4324762+00:00\",\r\
        \n  \"status\": \"InProgress\",\r\n  \"name\": \"2d61e748-9f55-4be1-b174-e945eb39cc24\"\
        \r\n}"}
    headers:
      cache-control: [no-cache]
      content-length: ['134']
      content-type: [application/json; charset=utf-8]
      date: ['Sun, 01 Oct 2017 04:09:31 GMT']
      expires: ['-1']
      pragma: [no-cache]
      server: [Microsoft-HTTPAPI/2.0, Microsoft-HTTPAPI/2.0]
      strict-transport-security: [max-age=31536000; includeSubDomains]
      transfer-encoding: [chunked]
      vary: [Accept-Encoding]
    status: {code: 200, message: OK}
- request:
    body: null
    headers:
      Accept: [application/json]
      Accept-Encoding: ['gzip, deflate']
      CommandName: [vmss update]
      Connection: [keep-alive]
      Content-Type: [application/json; charset=utf-8]
      User-Agent: [python/3.5.3 (Windows-10-10.0.10586-SP0) requests/2.18.4 msrest/0.4.14
          msrest_azure/0.4.14 computemanagementclient/3.0.1 Azure-SDK-For-Python AZURECLI/2.0.17+dev]
      accept-language: [en-US]
    method: GET
    uri: https://management.azure.com/subscriptions/00000000-0000-0000-0000-000000000000/providers/Microsoft.Compute/locations/westus/operations/2d61e748-9f55-4be1-b174-e945eb39cc24?api-version=2017-03-30
  response:
    body: {string: "{\r\n  \"startTime\": \"2017-10-01T04:09:32.8121465+00:00\",\r\
        \n  \"endTime\": \"2017-10-01T04:09:32.8277438+00:00\",\r\n  \"status\": \"\
        Succeeded\",\r\n  \"name\": \"2d61e748-9f55-4be1-b174-e945eb39cc24\"\r\n}"}
    headers:
      cache-control: [no-cache]
      content-length: ['184']
      content-type: [application/json; charset=utf-8]
      date: ['Sun, 01 Oct 2017 04:10:00 GMT']
      expires: ['-1']
      pragma: [no-cache]
      server: [Microsoft-HTTPAPI/2.0, Microsoft-HTTPAPI/2.0]
      strict-transport-security: [max-age=31536000; includeSubDomains]
      transfer-encoding: [chunked]
      vary: [Accept-Encoding]
    status: {code: 200, message: OK}
- request:
    body: null
    headers:
      Accept: [application/json]
      Accept-Encoding: ['gzip, deflate']
      CommandName: [vmss update]
      Connection: [keep-alive]
      Content-Type: [application/json; charset=utf-8]
      User-Agent: [python/3.5.3 (Windows-10-10.0.10586-SP0) requests/2.18.4 msrest/0.4.14
          msrest_azure/0.4.14 computemanagementclient/3.0.1 Azure-SDK-For-Python AZURECLI/2.0.17+dev]
      accept-language: [en-US]
    method: GET
    uri: https://management.azure.com/subscriptions/00000000-0000-0000-0000-000000000000/resourceGroups/clitest.rg000001/providers/Microsoft.Compute/virtualMachineScaleSets/vmss1?api-version=2017-03-30
  response:
    body: {string: "{\r\n  \"sku\": {\r\n    \"name\": \"Standard_D1_v2\",\r\n   \
        \ \"tier\": \"Standard\",\r\n    \"capacity\": 2\r\n  },\r\n  \"properties\"\
        : {\r\n    \"singlePlacementGroup\": true,\r\n    \"upgradePolicy\": {\r\n\
        \      \"mode\": \"Rolling\",\r\n      \"rollingUpgradePolicy\": {\r\n   \
        \     \"maxBatchInstancePercent\": 20,\r\n        \"maxUnhealthyInstancePercent\"\
        : 20,\r\n        \"maxUnhealthyUpgradedInstancePercent\": 20,\r\n        \"\
        pauseTimeBetweenBatches\": \"PT0S\"\r\n      },\r\n      \"automaticOSUpgrade\"\
        : false\r\n    },\r\n    \"virtualMachineProfile\": {\r\n      \"osProfile\"\
        : {\r\n        \"computerNamePrefix\": \"vmss1ceca\",\r\n        \"adminUsername\"\
        : \"clitester1\",\r\n        \"linuxConfiguration\": {\r\n          \"disablePasswordAuthentication\"\
        : false\r\n        },\r\n        \"secrets\": []\r\n      },\r\n      \"storageProfile\"\
        : {\r\n        \"osDisk\": {\r\n          \"createOption\": \"FromImage\"\
        ,\r\n          \"caching\": \"ReadWrite\",\r\n          \"managedDisk\": {\r\
        \n            \"storageAccountType\": \"Standard_LRS\"\r\n          }\r\n\
        \        },\r\n        \"imageReference\": {\r\n          \"publisher\": \"\
        Canonical\",\r\n          \"offer\": \"UbuntuServer\",\r\n          \"sku\"\
        : \"16.04-LTS\",\r\n          \"version\": \"latest\"\r\n        }\r\n   \
        \   },\r\n      \"networkProfile\": {\"healthProbe\":{\"id\":\"/subscriptions/00000000-0000-0000-0000-000000000000/resourceGroups/clitest.rg000001/providers/Microsoft.Network/loadBalancers/lb1/probes/probe1\"\
        },\"networkInterfaceConfigurations\":[{\"name\":\"vmss1cecaNic\",\"properties\"\
        :{\"primary\":true,\"enableAcceleratedNetworking\":false,\"dnsSettings\":{\"\
        dnsServers\":[]},\"ipConfigurations\":[{\"name\":\"vmss1cecaIPConfig\",\"\
        properties\":{\"subnet\":{\"id\":\"/subscriptions/00000000-0000-0000-0000-000000000000/resourceGroups/clitest.rg000001/providers/Microsoft.Network/virtualNetworks/vmss1VNET/subnets/vmss1Subnet\"\
        },\"privateIPAddressVersion\":\"IPv4\",\"loadBalancerBackendAddressPools\"\
        :[{\"id\":\"/subscriptions/00000000-0000-0000-0000-000000000000/resourceGroups/clitest.rg000001/providers/Microsoft.Network/loadBalancers/lb1/backendAddressPools/lb1bepool\"\
        }],\"loadBalancerInboundNatPools\":[{\"id\":\"/subscriptions/00000000-0000-0000-0000-000000000000/resourceGroups/clitest.rg000001/providers/Microsoft.Network/loadBalancers/lb1/inboundNatPools/nat-pool1\"\
        }]}}]}}]},\r\n      \"extensionProfile\": {\r\n        \"extensions\": [\r\
        \n          {\r\n            \"properties\": {\r\n              \"publisher\"\
        : \"Microsoft.Azure.Extensions\",\r\n              \"type\": \"customScript\"\
        ,\r\n              \"typeHandlerVersion\": \"2.0\",\r\n              \"autoUpgradeMinorVersion\"\
        : true,\r\n              \"settings\": {\"commandToExecute\":\"sudo apt-get\
        \ install -y nginx\"}\r\n            },\r\n            \"name\": \"customScript\"\
        \r\n          }\r\n        ]\r\n      }\r\n    },\r\n    \"provisioningState\"\
        : \"Succeeded\",\r\n    \"overprovision\": true,\r\n    \"uniqueId\": \"84e0fc54-dcfd-476f-9635-36ae655c22f8\"\
        \r\n  },\r\n  \"type\": \"Microsoft.Compute/virtualMachineScaleSets\",\r\n\
        \  \"location\": \"westus\",\r\n  \"tags\": {},\r\n  \"id\": \"/subscriptions/00000000-0000-0000-0000-000000000000/resourceGroups/clitest.rg000001/providers/Microsoft.Compute/virtualMachineScaleSets/vmss1\"\
        ,\r\n  \"name\": \"vmss1\"\r\n}"}
    headers:
      cache-control: [no-cache]
      content-length: ['3322']
      content-type: [application/json; charset=utf-8]
      date: ['Sun, 01 Oct 2017 04:10:01 GMT']
      expires: ['-1']
      pragma: [no-cache]
      server: [Microsoft-HTTPAPI/2.0, Microsoft-HTTPAPI/2.0]
      strict-transport-security: [max-age=31536000; includeSubDomains]
      transfer-encoding: [chunked]
      vary: [Accept-Encoding]
    status: {code: 200, message: OK}
- request:
    body: null
    headers:
      Accept: [application/json]
      Accept-Encoding: ['gzip, deflate']
      CommandName: [vmss list-instance-connection-info]
      Connection: [keep-alive]
      Content-Type: [application/json; charset=utf-8]
      User-Agent: [python/3.5.3 (Windows-10-10.0.10586-SP0) requests/2.18.4 msrest/0.4.14
          msrest_azure/0.4.14 computemanagementclient/3.0.1 Azure-SDK-For-Python AZURECLI/2.0.17+dev]
      accept-language: [en-US]
    method: GET
    uri: https://management.azure.com/subscriptions/00000000-0000-0000-0000-000000000000/resourceGroups/clitest.rg000001/providers/Microsoft.Compute/virtualMachineScaleSets/vmss1?api-version=2017-03-30
  response:
    body: {string: "{\r\n  \"sku\": {\r\n    \"name\": \"Standard_D1_v2\",\r\n   \
        \ \"tier\": \"Standard\",\r\n    \"capacity\": 2\r\n  },\r\n  \"properties\"\
        : {\r\n    \"singlePlacementGroup\": true,\r\n    \"upgradePolicy\": {\r\n\
        \      \"mode\": \"Rolling\",\r\n      \"rollingUpgradePolicy\": {\r\n   \
        \     \"maxBatchInstancePercent\": 20,\r\n        \"maxUnhealthyInstancePercent\"\
        : 20,\r\n        \"maxUnhealthyUpgradedInstancePercent\": 20,\r\n        \"\
        pauseTimeBetweenBatches\": \"PT0S\"\r\n      },\r\n      \"automaticOSUpgrade\"\
        : false\r\n    },\r\n    \"virtualMachineProfile\": {\r\n      \"osProfile\"\
        : {\r\n        \"computerNamePrefix\": \"vmss1ceca\",\r\n        \"adminUsername\"\
        : \"clitester1\",\r\n        \"linuxConfiguration\": {\r\n          \"disablePasswordAuthentication\"\
        : false\r\n        },\r\n        \"secrets\": []\r\n      },\r\n      \"storageProfile\"\
        : {\r\n        \"osDisk\": {\r\n          \"createOption\": \"FromImage\"\
        ,\r\n          \"caching\": \"ReadWrite\",\r\n          \"managedDisk\": {\r\
        \n            \"storageAccountType\": \"Standard_LRS\"\r\n          }\r\n\
        \        },\r\n        \"imageReference\": {\r\n          \"publisher\": \"\
        Canonical\",\r\n          \"offer\": \"UbuntuServer\",\r\n          \"sku\"\
        : \"16.04-LTS\",\r\n          \"version\": \"latest\"\r\n        }\r\n   \
        \   },\r\n      \"networkProfile\": {\"healthProbe\":{\"id\":\"/subscriptions/00000000-0000-0000-0000-000000000000/resourceGroups/clitest.rg000001/providers/Microsoft.Network/loadBalancers/lb1/probes/probe1\"\
        },\"networkInterfaceConfigurations\":[{\"name\":\"vmss1cecaNic\",\"properties\"\
        :{\"primary\":true,\"enableAcceleratedNetworking\":false,\"dnsSettings\":{\"\
        dnsServers\":[]},\"ipConfigurations\":[{\"name\":\"vmss1cecaIPConfig\",\"\
        properties\":{\"subnet\":{\"id\":\"/subscriptions/00000000-0000-0000-0000-000000000000/resourceGroups/clitest.rg000001/providers/Microsoft.Network/virtualNetworks/vmss1VNET/subnets/vmss1Subnet\"\
        },\"privateIPAddressVersion\":\"IPv4\",\"loadBalancerBackendAddressPools\"\
        :[{\"id\":\"/subscriptions/00000000-0000-0000-0000-000000000000/resourceGroups/clitest.rg000001/providers/Microsoft.Network/loadBalancers/lb1/backendAddressPools/lb1bepool\"\
        }],\"loadBalancerInboundNatPools\":[{\"id\":\"/subscriptions/00000000-0000-0000-0000-000000000000/resourceGroups/clitest.rg000001/providers/Microsoft.Network/loadBalancers/lb1/inboundNatPools/nat-pool1\"\
        }]}}]}}]},\r\n      \"extensionProfile\": {\r\n        \"extensions\": [\r\
        \n          {\r\n            \"properties\": {\r\n              \"publisher\"\
        : \"Microsoft.Azure.Extensions\",\r\n              \"type\": \"customScript\"\
        ,\r\n              \"typeHandlerVersion\": \"2.0\",\r\n              \"autoUpgradeMinorVersion\"\
        : true,\r\n              \"settings\": {\"commandToExecute\":\"sudo apt-get\
        \ install -y nginx\"}\r\n            },\r\n            \"name\": \"customScript\"\
        \r\n          }\r\n        ]\r\n      }\r\n    },\r\n    \"provisioningState\"\
        : \"Succeeded\",\r\n    \"overprovision\": true,\r\n    \"uniqueId\": \"84e0fc54-dcfd-476f-9635-36ae655c22f8\"\
        \r\n  },\r\n  \"type\": \"Microsoft.Compute/virtualMachineScaleSets\",\r\n\
        \  \"location\": \"westus\",\r\n  \"tags\": {},\r\n  \"id\": \"/subscriptions/00000000-0000-0000-0000-000000000000/resourceGroups/clitest.rg000001/providers/Microsoft.Compute/virtualMachineScaleSets/vmss1\"\
        ,\r\n  \"name\": \"vmss1\"\r\n}"}
    headers:
      cache-control: [no-cache]
      content-length: ['3322']
      content-type: [application/json; charset=utf-8]
      date: ['Sun, 01 Oct 2017 04:10:01 GMT']
      expires: ['-1']
      pragma: [no-cache]
      server: [Microsoft-HTTPAPI/2.0, Microsoft-HTTPAPI/2.0]
      strict-transport-security: [max-age=31536000; includeSubDomains]
      transfer-encoding: [chunked]
      vary: [Accept-Encoding]
    status: {code: 200, message: OK}
- request:
    body: null
    headers:
      Accept: [application/json]
      Accept-Encoding: ['gzip, deflate']
      CommandName: [vmss list-instance-connection-info]
      Connection: [keep-alive]
      Content-Type: [application/json; charset=utf-8]
      User-Agent: [python/3.5.3 (Windows-10-10.0.10586-SP0) requests/2.18.4 msrest/0.4.14
          msrest_azure/0.4.14 networkmanagementclient/1.5.0rc3 Azure-SDK-For-Python
          AZURECLI/2.0.17+dev]
      accept-language: [en-US]
    method: GET
    uri: https://management.azure.com/subscriptions/00000000-0000-0000-0000-000000000000/resourceGroups/clitest.rg000001/providers/Microsoft.Network/loadBalancers/lb1?api-version=2017-09-01
  response:
    body: {string: "{\r\n  \"name\": \"lb1\",\r\n  \"id\": \"/subscriptions/00000000-0000-0000-0000-000000000000/resourceGroups/clitest.rg000001/providers/Microsoft.Network/loadBalancers/lb1\"\
        ,\r\n  \"etag\": \"W/\\\"e53a5e8d-0143-4fe8-a040-dfe0721dc045\\\"\",\r\n \
        \ \"type\": \"Microsoft.Network/loadBalancers\",\r\n  \"location\": \"westus\"\
        ,\r\n  \"tags\": {},\r\n  \"properties\": {\r\n    \"provisioningState\":\
        \ \"Succeeded\",\r\n    \"resourceGuid\": \"c5f44ae2-78bd-426b-919e-500cca4829b4\"\
        ,\r\n    \"frontendIPConfigurations\": [\r\n      {\r\n        \"name\": \"\
        LoadBalancerFrontEnd\",\r\n        \"id\": \"/subscriptions/00000000-0000-0000-0000-000000000000/resourceGroups/clitest.rg000001/providers/Microsoft.Network/loadBalancers/lb1/frontendIPConfigurations/LoadBalancerFrontEnd\"\
        ,\r\n        \"etag\": \"W/\\\"e53a5e8d-0143-4fe8-a040-dfe0721dc045\\\"\"\
        ,\r\n        \"properties\": {\r\n          \"provisioningState\": \"Succeeded\"\
        ,\r\n          \"privateIPAllocationMethod\": \"Dynamic\",\r\n          \"\
        publicIPAddress\": {\r\n            \"id\": \"/subscriptions/00000000-0000-0000-0000-000000000000/resourceGroups/clitest.rg000001/providers/Microsoft.Network/publicIPAddresses/PublicIPlb1\"\
        \r\n          },\r\n          \"loadBalancingRules\": [\r\n            {\r\
        \n              \"id\": \"/subscriptions/00000000-0000-0000-0000-000000000000/resourceGroups/clitest.rg000001/providers/Microsoft.Network/loadBalancers/lb1/loadBalancingRules/rule1\"\
        \r\n            }\r\n          ],\r\n          \"inboundNatRules\": [\r\n\
        \            {\r\n              \"id\": \"/subscriptions/00000000-0000-0000-0000-000000000000/resourceGroups/clitest.rg000001/providers/Microsoft.Network/loadBalancers/lb1/inboundNatRules/nat-pool1.0\"\
        \r\n            },\r\n            {\r\n              \"id\": \"/subscriptions/00000000-0000-0000-0000-000000000000/resourceGroups/clitest.rg000001/providers/Microsoft.Network/loadBalancers/lb1/inboundNatRules/nat-pool1.2\"\
        \r\n            }\r\n          ],\r\n          \"inboundNatPools\": [\r\n\
        \            {\r\n              \"id\": \"/subscriptions/00000000-0000-0000-0000-000000000000/resourceGroups/clitest.rg000001/providers/Microsoft.Network/loadBalancers/lb1/inboundNatPools/nat-pool1\"\
        \r\n            }\r\n          ]\r\n        }\r\n      }\r\n    ],\r\n   \
        \ \"backendAddressPools\": [\r\n      {\r\n        \"name\": \"lb1bepool\"\
        ,\r\n        \"id\": \"/subscriptions/00000000-0000-0000-0000-000000000000/resourceGroups/clitest.rg000001/providers/Microsoft.Network/loadBalancers/lb1/backendAddressPools/lb1bepool\"\
        ,\r\n        \"etag\": \"W/\\\"e53a5e8d-0143-4fe8-a040-dfe0721dc045\\\"\"\
        ,\r\n        \"properties\": {\r\n          \"provisioningState\": \"Succeeded\"\
        ,\r\n          \"backendIPConfigurations\": [\r\n            {\r\n       \
        \       \"id\": \"/subscriptions/00000000-0000-0000-0000-000000000000/resourceGroups/clitest.rg000001/providers/Microsoft.Compute/virtualMachineScaleSets/vmss1/virtualMachines/0/networkInterfaces/vmss1cecaNic/ipConfigurations/vmss1cecaIPConfig\"\
        \r\n            },\r\n            {\r\n              \"id\": \"/subscriptions/00000000-0000-0000-0000-000000000000/resourceGroups/clitest.rg000001/providers/Microsoft.Compute/virtualMachineScaleSets/vmss1/virtualMachines/2/networkInterfaces/vmss1cecaNic/ipConfigurations/vmss1cecaIPConfig\"\
        \r\n            }\r\n          ],\r\n          \"loadBalancingRules\": [\r\
        \n            {\r\n              \"id\": \"/subscriptions/00000000-0000-0000-0000-000000000000/resourceGroups/clitest.rg000001/providers/Microsoft.Network/loadBalancers/lb1/loadBalancingRules/rule1\"\
        \r\n            }\r\n          ]\r\n        }\r\n      }\r\n    ],\r\n   \
        \ \"loadBalancingRules\": [\r\n      {\r\n        \"name\": \"rule1\",\r\n\
        \        \"id\": \"/subscriptions/00000000-0000-0000-0000-000000000000/resourceGroups/clitest.rg000001/providers/Microsoft.Network/loadBalancers/lb1/loadBalancingRules/rule1\"\
        ,\r\n        \"etag\": \"W/\\\"e53a5e8d-0143-4fe8-a040-dfe0721dc045\\\"\"\
        ,\r\n        \"properties\": {\r\n          \"provisioningState\": \"Succeeded\"\
        ,\r\n          \"frontendIPConfiguration\": {\r\n            \"id\": \"/subscriptions/00000000-0000-0000-0000-000000000000/resourceGroups/clitest.rg000001/providers/Microsoft.Network/loadBalancers/lb1/frontendIPConfigurations/LoadBalancerFrontEnd\"\
        \r\n          },\r\n          \"frontendPort\": 80,\r\n          \"backendPort\"\
        : 80,\r\n          \"enableFloatingIP\": false,\r\n          \"idleTimeoutInMinutes\"\
        : 4,\r\n          \"protocol\": \"Tcp\",\r\n          \"loadDistribution\"\
        : \"Default\",\r\n          \"backendAddressPool\": {\r\n            \"id\"\
        : \"/subscriptions/00000000-0000-0000-0000-000000000000/resourceGroups/clitest.rg000001/providers/Microsoft.Network/loadBalancers/lb1/backendAddressPools/lb1bepool\"\
        \r\n          },\r\n          \"probe\": {\r\n            \"id\": \"/subscriptions/00000000-0000-0000-0000-000000000000/resourceGroups/clitest.rg000001/providers/Microsoft.Network/loadBalancers/lb1/probes/probe1\"\
        \r\n          }\r\n        }\r\n      }\r\n    ],\r\n    \"probes\": [\r\n\
        \      {\r\n        \"name\": \"probe1\",\r\n        \"id\": \"/subscriptions/00000000-0000-0000-0000-000000000000/resourceGroups/clitest.rg000001/providers/Microsoft.Network/loadBalancers/lb1/probes/probe1\"\
        ,\r\n        \"etag\": \"W/\\\"e53a5e8d-0143-4fe8-a040-dfe0721dc045\\\"\"\
        ,\r\n        \"properties\": {\r\n          \"provisioningState\": \"Succeeded\"\
        ,\r\n          \"protocol\": \"Http\",\r\n          \"port\": 80,\r\n    \
        \      \"requestPath\": \"/\",\r\n          \"intervalInSeconds\": 15,\r\n\
        \          \"numberOfProbes\": 2,\r\n          \"loadBalancingRules\": [\r\
        \n            {\r\n              \"id\": \"/subscriptions/00000000-0000-0000-0000-000000000000/resourceGroups/clitest.rg000001/providers/Microsoft.Network/loadBalancers/lb1/loadBalancingRules/rule1\"\
        \r\n            }\r\n          ]\r\n        }\r\n      }\r\n    ],\r\n   \
        \ \"inboundNatRules\": [\r\n      {\r\n        \"name\": \"nat-pool1.0\",\r\
        \n        \"id\": \"/subscriptions/00000000-0000-0000-0000-000000000000/resourceGroups/clitest.rg000001/providers/Microsoft.Network/loadBalancers/lb1/inboundNatRules/nat-pool1.0\"\
        ,\r\n        \"etag\": \"W/\\\"e53a5e8d-0143-4fe8-a040-dfe0721dc045\\\"\"\
        ,\r\n        \"properties\": {\r\n          \"provisioningState\": \"Succeeded\"\
        ,\r\n          \"frontendIPConfiguration\": {\r\n            \"id\": \"/subscriptions/00000000-0000-0000-0000-000000000000/resourceGroups/clitest.rg000001/providers/Microsoft.Network/loadBalancers/lb1/frontendIPConfigurations/LoadBalancerFrontEnd\"\
        \r\n          },\r\n          \"frontendPort\": 50000,\r\n          \"backendPort\"\
        : 22,\r\n          \"enableFloatingIP\": false,\r\n          \"idleTimeoutInMinutes\"\
        : 4,\r\n          \"protocol\": \"Tcp\",\r\n          \"backendIPConfiguration\"\
        : {\r\n            \"id\": \"/subscriptions/00000000-0000-0000-0000-000000000000/resourceGroups/clitest.rg000001/providers/Microsoft.Compute/virtualMachineScaleSets/vmss1/virtualMachines/0/networkInterfaces/vmss1cecaNic/ipConfigurations/vmss1cecaIPConfig\"\
        \r\n          }\r\n        }\r\n      },\r\n      {\r\n        \"name\": \"\
        nat-pool1.2\",\r\n        \"id\": \"/subscriptions/00000000-0000-0000-0000-000000000000/resourceGroups/clitest.rg000001/providers/Microsoft.Network/loadBalancers/lb1/inboundNatRules/nat-pool1.2\"\
        ,\r\n        \"etag\": \"W/\\\"e53a5e8d-0143-4fe8-a040-dfe0721dc045\\\"\"\
        ,\r\n        \"properties\": {\r\n          \"provisioningState\": \"Succeeded\"\
        ,\r\n          \"frontendIPConfiguration\": {\r\n            \"id\": \"/subscriptions/00000000-0000-0000-0000-000000000000/resourceGroups/clitest.rg000001/providers/Microsoft.Network/loadBalancers/lb1/frontendIPConfigurations/LoadBalancerFrontEnd\"\
        \r\n          },\r\n          \"frontendPort\": 50002,\r\n          \"backendPort\"\
        : 22,\r\n          \"enableFloatingIP\": false,\r\n          \"idleTimeoutInMinutes\"\
        : 4,\r\n          \"protocol\": \"Tcp\",\r\n          \"backendIPConfiguration\"\
        : {\r\n            \"id\": \"/subscriptions/00000000-0000-0000-0000-000000000000/resourceGroups/clitest.rg000001/providers/Microsoft.Compute/virtualMachineScaleSets/vmss1/virtualMachines/2/networkInterfaces/vmss1cecaNic/ipConfigurations/vmss1cecaIPConfig\"\
        \r\n          }\r\n        }\r\n      }\r\n    ],\r\n    \"outboundNatRules\"\
        : [],\r\n    \"inboundNatPools\": [\r\n      {\r\n        \"name\": \"nat-pool1\"\
        ,\r\n        \"id\": \"/subscriptions/00000000-0000-0000-0000-000000000000/resourceGroups/clitest.rg000001/providers/Microsoft.Network/loadBalancers/lb1/inboundNatPools/nat-pool1\"\
        ,\r\n        \"etag\": \"W/\\\"e53a5e8d-0143-4fe8-a040-dfe0721dc045\\\"\"\
        ,\r\n        \"properties\": {\r\n          \"provisioningState\": \"Succeeded\"\
        ,\r\n          \"frontendPortRangeStart\": 50000,\r\n          \"frontendPortRangeEnd\"\
        : 50119,\r\n          \"backendPort\": 22,\r\n          \"protocol\": \"Tcp\"\
        ,\r\n          \"frontendIPConfiguration\": {\r\n            \"id\": \"/subscriptions/00000000-0000-0000-0000-000000000000/resourceGroups/clitest.rg000001/providers/Microsoft.Network/loadBalancers/lb1/frontendIPConfigurations/LoadBalancerFrontEnd\"\
        \r\n          }\r\n        }\r\n      }\r\n    ]\r\n  },\r\n  \"sku\": {\r\
        \n    \"name\": \"Basic\"\r\n  }\r\n}"}
    headers:
      cache-control: [no-cache]
      content-length: ['10014']
      content-type: [application/json; charset=utf-8]
      date: ['Sun, 01 Oct 2017 04:10:02 GMT']
      etag: [W/"e53a5e8d-0143-4fe8-a040-dfe0721dc045"]
      expires: ['-1']
      pragma: [no-cache]
      server: [Microsoft-HTTPAPI/2.0, Microsoft-HTTPAPI/2.0]
      strict-transport-security: [max-age=31536000; includeSubDomains]
      transfer-encoding: [chunked]
      vary: [Accept-Encoding]
    status: {code: 200, message: OK}
- request:
    body: null
    headers:
      Accept: [application/json]
      Accept-Encoding: ['gzip, deflate']
      CommandName: [vmss list-instance-connection-info]
      Connection: [keep-alive]
      Content-Type: [application/json; charset=utf-8]
      User-Agent: [python/3.5.3 (Windows-10-10.0.10586-SP0) requests/2.18.4 msrest/0.4.14
          msrest_azure/0.4.14 networkmanagementclient/1.5.0rc3 Azure-SDK-For-Python
          AZURECLI/2.0.17+dev]
      accept-language: [en-US]
    method: GET
    uri: https://management.azure.com/subscriptions/00000000-0000-0000-0000-000000000000/resourceGroups/clitest.rg000001/providers/Microsoft.Network/publicIPAddresses/PublicIPlb1?api-version=2017-09-01
  response:
    body: {string: "{\r\n  \"name\": \"PublicIPlb1\",\r\n  \"id\": \"/subscriptions/00000000-0000-0000-0000-000000000000/resourceGroups/clitest.rg000001/providers/Microsoft.Network/publicIPAddresses/PublicIPlb1\"\
        ,\r\n  \"etag\": \"W/\\\"cbf512b5-6a24-43a0-85e7-e9acbb71276a\\\"\",\r\n \
        \ \"location\": \"westus\",\r\n  \"tags\": {},\r\n  \"properties\": {\r\n\
        \    \"provisioningState\": \"Succeeded\",\r\n    \"resourceGuid\": \"418727c8-b0c1-4679-8236-e783dc96f631\"\
        ,\r\n    \"ipAddress\": \"13.93.224.220\",\r\n    \"publicIPAddressVersion\"\
        : \"IPv4\",\r\n    \"publicIPAllocationMethod\": \"Dynamic\",\r\n    \"idleTimeoutInMinutes\"\
        : 4,\r\n    \"ipConfiguration\": {\r\n      \"id\": \"/subscriptions/00000000-0000-0000-0000-000000000000/resourceGroups/clitest.rg000001/providers/Microsoft.Network/loadBalancers/lb1/frontendIPConfigurations/LoadBalancerFrontEnd\"\
        \r\n    }\r\n  },\r\n  \"type\": \"Microsoft.Network/publicIPAddresses\",\r\
        \n  \"sku\": {\r\n    \"name\": \"Basic\"\r\n  }\r\n}"}
    headers:
      cache-control: [no-cache]
      content-length: ['986']
      content-type: [application/json; charset=utf-8]
      date: ['Sun, 01 Oct 2017 04:10:03 GMT']
      etag: [W/"cbf512b5-6a24-43a0-85e7-e9acbb71276a"]
      expires: ['-1']
      pragma: [no-cache]
      server: [Microsoft-HTTPAPI/2.0, Microsoft-HTTPAPI/2.0]
      strict-transport-security: [max-age=31536000; includeSubDomains]
      transfer-encoding: [chunked]
      vary: [Accept-Encoding]
    status: {code: 200, message: OK}
- request:
    body: null
    headers:
      Accept: ['*/*']
      Accept-Encoding: ['gzip, deflate']
      Connection: [keep-alive]
      User-Agent: [python-requests/2.18.4]
    method: GET
    uri: http://13.93.224.220/
  response:
    body: {string: "<!DOCTYPE html>\n<html>\n<head>\n<title>Welcome to nginx!</title>\n\
        <style>\n    body {\n        width: 35em;\n        margin: 0 auto;\n     \
        \   font-family: Tahoma, Verdana, Arial, sans-serif;\n    }\n</style>\n</head>\n\
        <body>\n<h1>Welcome to nginx!</h1>\n<p>If you see this page, the nginx web\
        \ server is successfully installed and\nworking. Further configuration is\
        \ required.</p>\n\n<p>For online documentation and support please refer to\n\
        <a href=\"http://nginx.org/\">nginx.org</a>.<br/>\nCommercial support is available\
        \ at\n<a href=\"http://nginx.com/\">nginx.com</a>.</p>\n\n<p><em>Thank you\
        \ for using nginx.</em></p>\n</body>\n</html>\n"}
    headers:
      connection: [keep-alive]
      content-length: ['612']
      content-type: [text/html]
      date: ['Sun, 01 Oct 2017 04:10:18 GMT']
      etag: [W/"59d069cd-264"]
      last-modified: ['Sun, 01 Oct 2017 04:06:37 GMT']
      server: [nginx/1.10.3 (Ubuntu)]
      transfer-encoding: [chunked]
    status: {code: 200, message: OK}
- request:
    body: null
    headers:
      Accept: [application/json]
      Accept-Encoding: ['gzip, deflate']
      CommandName: [vmss rolling-upgrade start-os-upgrade]
      Connection: [keep-alive]
      Content-Length: ['0']
      Content-Type: [application/json; charset=utf-8]
      User-Agent: [python/3.5.3 (Windows-10-10.0.10586-SP0) requests/2.18.4 msrest/0.4.14
          msrest_azure/0.4.14 computemanagementclient/3.0.1 Azure-SDK-For-Python AZURECLI/2.0.17+dev]
      accept-language: [en-US]
    method: POST
    uri: https://management.azure.com/subscriptions/00000000-0000-0000-0000-000000000000/resourceGroups/clitest.rg000001/providers/Microsoft.Compute/virtualMachineScaleSets/vmss1/osRollingUpgrade?api-version=2017-03-30
  response:
    body: {string: ''}
    headers:
      azure-asyncoperation: ['https://management.azure.com/subscriptions/00000000-0000-0000-0000-000000000000/providers/Microsoft.Compute/locations/westus/operations/d567ea2a-b8df-41ac-bad6-c1198f0818e2?api-version=2017-03-30']
      cache-control: [no-cache]
      content-length: ['0']
      date: ['Sun, 01 Oct 2017 04:10:19 GMT']
      expires: ['-1']
      location: ['https://management.azure.com/subscriptions/00000000-0000-0000-0000-000000000000/providers/Microsoft.Compute/locations/westus/operations/d567ea2a-b8df-41ac-bad6-c1198f0818e2?monitor=true&api-version=2017-03-30']
      pragma: [no-cache]
      server: [Microsoft-HTTPAPI/2.0, Microsoft-HTTPAPI/2.0]
      strict-transport-security: [max-age=31536000; includeSubDomains]
      x-ms-ratelimit-remaining-subscription-writes: ['1195']
    status: {code: 202, message: Accepted}
- request:
    body: null
    headers:
      Accept: [application/json]
      Accept-Encoding: ['gzip, deflate']
      CommandName: [vmss rolling-upgrade start-os-upgrade]
      Connection: [keep-alive]
      Content-Type: [application/json; charset=utf-8]
      User-Agent: [python/3.5.3 (Windows-10-10.0.10586-SP0) requests/2.18.4 msrest/0.4.14
          msrest_azure/0.4.14 computemanagementclient/3.0.1 Azure-SDK-For-Python AZURECLI/2.0.17+dev]
      accept-language: [en-US]
    method: GET
    uri: https://management.azure.com/subscriptions/00000000-0000-0000-0000-000000000000/providers/Microsoft.Compute/locations/westus/operations/d567ea2a-b8df-41ac-bad6-c1198f0818e2?api-version=2017-03-30
  response:
    body: {string: "{\r\n  \"startTime\": \"2017-10-01T04:10:17.4262995+00:00\",\r\
        \n  \"status\": \"InProgress\",\r\n  \"name\": \"d567ea2a-b8df-41ac-bad6-c1198f0818e2\"\
        \r\n}"}
    headers:
      cache-control: [no-cache]
      content-length: ['134']
      content-type: [application/json; charset=utf-8]
      date: ['Sun, 01 Oct 2017 04:10:49 GMT']
      expires: ['-1']
      pragma: [no-cache]
      server: [Microsoft-HTTPAPI/2.0, Microsoft-HTTPAPI/2.0]
      strict-transport-security: [max-age=31536000; includeSubDomains]
      transfer-encoding: [chunked]
      vary: [Accept-Encoding]
    status: {code: 200, message: OK}
- request:
    body: null
    headers:
      Accept: [application/json]
      Accept-Encoding: ['gzip, deflate']
      CommandName: [vmss rolling-upgrade start-os-upgrade]
      Connection: [keep-alive]
      Content-Type: [application/json; charset=utf-8]
      User-Agent: [python/3.5.3 (Windows-10-10.0.10586-SP0) requests/2.18.4 msrest/0.4.14
          msrest_azure/0.4.14 computemanagementclient/3.0.1 Azure-SDK-For-Python AZURECLI/2.0.17+dev]
      accept-language: [en-US]
    method: GET
    uri: https://management.azure.com/subscriptions/00000000-0000-0000-0000-000000000000/providers/Microsoft.Compute/locations/westus/operations/d567ea2a-b8df-41ac-bad6-c1198f0818e2?api-version=2017-03-30
  response:
    body: {string: "{\r\n  \"startTime\": \"2017-10-01T04:10:17.4262995+00:00\",\r\
        \n  \"status\": \"InProgress\",\r\n  \"name\": \"d567ea2a-b8df-41ac-bad6-c1198f0818e2\"\
        \r\n}"}
    headers:
      cache-control: [no-cache]
      content-length: ['134']
      content-type: [application/json; charset=utf-8]
      date: ['Sun, 01 Oct 2017 04:11:19 GMT']
      expires: ['-1']
      pragma: [no-cache]
      server: [Microsoft-HTTPAPI/2.0, Microsoft-HTTPAPI/2.0]
      strict-transport-security: [max-age=31536000; includeSubDomains]
      transfer-encoding: [chunked]
      vary: [Accept-Encoding]
    status: {code: 200, message: OK}
- request:
    body: null
    headers:
      Accept: [application/json]
      Accept-Encoding: ['gzip, deflate']
      CommandName: [vmss rolling-upgrade start-os-upgrade]
      Connection: [keep-alive]
      Content-Type: [application/json; charset=utf-8]
      User-Agent: [python/3.5.3 (Windows-10-10.0.10586-SP0) requests/2.18.4 msrest/0.4.14
          msrest_azure/0.4.14 computemanagementclient/3.0.1 Azure-SDK-For-Python AZURECLI/2.0.17+dev]
      accept-language: [en-US]
    method: GET
    uri: https://management.azure.com/subscriptions/00000000-0000-0000-0000-000000000000/providers/Microsoft.Compute/locations/westus/operations/d567ea2a-b8df-41ac-bad6-c1198f0818e2?api-version=2017-03-30
  response:
    body: {string: "{\r\n  \"startTime\": \"2017-10-01T04:10:17.4262995+00:00\",\r\
        \n  \"status\": \"InProgress\",\r\n  \"name\": \"d567ea2a-b8df-41ac-bad6-c1198f0818e2\"\
        \r\n}"}
    headers:
      cache-control: [no-cache]
      content-length: ['134']
      content-type: [application/json; charset=utf-8]
      date: ['Sun, 01 Oct 2017 04:11:49 GMT']
      expires: ['-1']
      pragma: [no-cache]
      server: [Microsoft-HTTPAPI/2.0, Microsoft-HTTPAPI/2.0]
      strict-transport-security: [max-age=31536000; includeSubDomains]
      transfer-encoding: [chunked]
      vary: [Accept-Encoding]
    status: {code: 200, message: OK}
- request:
    body: null
    headers:
      Accept: [application/json]
      Accept-Encoding: ['gzip, deflate']
      CommandName: [vmss rolling-upgrade start-os-upgrade]
      Connection: [keep-alive]
      Content-Type: [application/json; charset=utf-8]
      User-Agent: [python/3.5.3 (Windows-10-10.0.10586-SP0) requests/2.18.4 msrest/0.4.14
          msrest_azure/0.4.14 computemanagementclient/3.0.1 Azure-SDK-For-Python AZURECLI/2.0.17+dev]
      accept-language: [en-US]
    method: GET
    uri: https://management.azure.com/subscriptions/00000000-0000-0000-0000-000000000000/providers/Microsoft.Compute/locations/westus/operations/d567ea2a-b8df-41ac-bad6-c1198f0818e2?api-version=2017-03-30
  response:
    body: {string: "{\r\n  \"startTime\": \"2017-10-01T04:10:17.4262995+00:00\",\r\
        \n  \"status\": \"InProgress\",\r\n  \"name\": \"d567ea2a-b8df-41ac-bad6-c1198f0818e2\"\
        \r\n}"}
    headers:
      cache-control: [no-cache]
      content-length: ['134']
      content-type: [application/json; charset=utf-8]
      date: ['Sun, 01 Oct 2017 04:12:20 GMT']
      expires: ['-1']
      pragma: [no-cache]
      server: [Microsoft-HTTPAPI/2.0, Microsoft-HTTPAPI/2.0]
      strict-transport-security: [max-age=31536000; includeSubDomains]
      transfer-encoding: [chunked]
      vary: [Accept-Encoding]
    status: {code: 200, message: OK}
- request:
    body: null
    headers:
      Accept: [application/json]
      Accept-Encoding: ['gzip, deflate']
      CommandName: [vmss rolling-upgrade start-os-upgrade]
      Connection: [keep-alive]
      Content-Type: [application/json; charset=utf-8]
      User-Agent: [python/3.5.3 (Windows-10-10.0.10586-SP0) requests/2.18.4 msrest/0.4.14
          msrest_azure/0.4.14 computemanagementclient/3.0.1 Azure-SDK-For-Python AZURECLI/2.0.17+dev]
      accept-language: [en-US]
    method: GET
    uri: https://management.azure.com/subscriptions/00000000-0000-0000-0000-000000000000/providers/Microsoft.Compute/locations/westus/operations/d567ea2a-b8df-41ac-bad6-c1198f0818e2?api-version=2017-03-30
  response:
    body: {string: "{\r\n  \"startTime\": \"2017-10-01T04:12:22.3145507+00:00\",\r\
        \n  \"endTime\": \"2017-10-01T04:12:22.3301762+00:00\",\r\n  \"status\": \"\
        Succeeded\",\r\n  \"name\": \"d567ea2a-b8df-41ac-bad6-c1198f0818e2\"\r\n}"}
    headers:
      cache-control: [no-cache]
      content-length: ['184']
      content-type: [application/json; charset=utf-8]
      date: ['Sun, 01 Oct 2017 04:12:50 GMT']
      expires: ['-1']
      pragma: [no-cache]
      server: [Microsoft-HTTPAPI/2.0, Microsoft-HTTPAPI/2.0]
      strict-transport-security: [max-age=31536000; includeSubDomains]
      transfer-encoding: [chunked]
      vary: [Accept-Encoding]
    status: {code: 200, message: OK}
- request:
    body: null
    headers:
      Accept: [application/json]
      Accept-Encoding: ['gzip, deflate']
      CommandName: [vmss rolling-upgrade get-latest]
      Connection: [keep-alive]
      Content-Type: [application/json; charset=utf-8]
      User-Agent: [python/3.5.3 (Windows-10-10.0.10586-SP0) requests/2.18.4 msrest/0.4.14
          msrest_azure/0.4.14 computemanagementclient/3.0.1 Azure-SDK-For-Python AZURECLI/2.0.17+dev]
      accept-language: [en-US]
    method: GET
    uri: https://management.azure.com/subscriptions/00000000-0000-0000-0000-000000000000/resourceGroups/clitest.rg000001/providers/Microsoft.Compute/virtualMachineScaleSets/vmss1/rollingUpgrades/latest?api-version=2017-03-30
  response:
    body: {string: "{\r\n  \"properties\": {\r\n    \"policy\": {\r\n      \"maxBatchInstancePercent\"\
        : 20,\r\n      \"maxUnhealthyInstancePercent\": 20,\r\n      \"maxUnhealthyUpgradedInstancePercent\"\
        : 20,\r\n      \"pauseTimeBetweenBatches\": \"PT0S\"\r\n    },\r\n    \"runningStatus\"\
        : {\r\n      \"code\": \"Completed\",\r\n      \"startTime\": \"2017-10-01T04:10:17.6137998+00:00\"\
        ,\r\n      \"lastAction\": \"Start\",\r\n      \"lastActionTime\": \"2017-10-01T04:10:17.4887981+00:00\"\
        \r\n    },\r\n    \"progress\": {\r\n      \"successfulInstanceCount\": 2,\r\
        \n      \"failedInstanceCount\": 0,\r\n      \"inProgressInstanceCount\":\
        \ 0,\r\n      \"pendingInstanceCount\": 0\r\n    }\r\n  },\r\n  \"type\":\
        \ \"Microsoft.Compute/virtualMachineScaleSets/rollingUpgrades\",\r\n  \"location\"\
        : \"westus\"\r\n}"}
    headers:
      cache-control: [no-cache]
      content-length: ['695']
      content-type: [application/json; charset=utf-8]
      date: ['Sun, 01 Oct 2017 04:12:51 GMT']
      expires: ['-1']
      pragma: [no-cache]
      server: [Microsoft-HTTPAPI/2.0, Microsoft-HTTPAPI/2.0]
      strict-transport-security: [max-age=31536000; includeSubDomains]
      transfer-encoding: [chunked]
      vary: [Accept-Encoding]
    status: {code: 200, message: OK}
- request:
    body: null
    headers:
      Accept: [application/json]
      Accept-Encoding: ['gzip, deflate']
      CommandName: [vmss rolling-upgrade cancel]
      Connection: [keep-alive]
      Content-Length: ['0']
      Content-Type: [application/json; charset=utf-8]
      User-Agent: [python/3.5.3 (Windows-10-10.0.10586-SP0) requests/2.18.4 msrest/0.4.14
          msrest_azure/0.4.14 computemanagementclient/3.0.1 Azure-SDK-For-Python AZURECLI/2.0.17+dev]
      accept-language: [en-US]
    method: POST
    uri: https://management.azure.com/subscriptions/00000000-0000-0000-0000-000000000000/resourceGroups/clitest.rg000001/providers/Microsoft.Compute/virtualMachineScaleSets/vmss1/rollingUpgrades/cancel?api-version=2017-03-30
  response:
    body: {string: "{\r\n  \"error\": {\r\n    \"code\": \"OperationNotAllowed\",\r\
        \n    \"message\": \"There is no ongoing Rolling Upgrade to cancel.\"\r\n\
        \  }\r\n}"}
    headers:
      cache-control: [no-cache]
      content-length: ['124']
      content-type: [application/json; charset=utf-8]
      date: ['Sun, 01 Oct 2017 04:12:52 GMT']
      expires: ['-1']
      pragma: [no-cache]
      server: [Microsoft-HTTPAPI/2.0, Microsoft-HTTPAPI/2.0]
      strict-transport-security: [max-age=31536000; includeSubDomains]
      x-ms-ratelimit-remaining-subscription-writes: ['1198']
    status: {code: 409, message: Conflict}
- request:
    body: null
    headers:
      Accept: [application/json]
      Accept-Encoding: ['gzip, deflate']
      CommandName: [group delete]
      Connection: [keep-alive]
      Content-Length: ['0']
      Content-Type: [application/json; charset=utf-8]
      User-Agent: [python/3.5.3 (Windows-10-10.0.10586-SP0) requests/2.18.4 msrest/0.4.14
          msrest_azure/0.4.14 resourcemanagementclient/1.2.0rc3 Azure-SDK-For-Python
          AZURECLI/2.0.17+dev]
      accept-language: [en-US]
    method: DELETE
    uri: https://management.azure.com/subscriptions/00000000-0000-0000-0000-000000000000/resourcegroups/clitest.rg000001?api-version=2017-05-10
  response:
    body: {string: ''}
    headers:
      cache-control: [no-cache]
      content-length: ['0']
      date: ['Sun, 01 Oct 2017 04:12:52 GMT']
      expires: ['-1']
      location: ['https://management.azure.com/subscriptions/00000000-0000-0000-0000-000000000000/operationresults/eyJqb2JJZCI6IlJFU09VUkNFR1JPVVBERUxFVElPTkpPQi1DTElURVNUOjJFUkdaRTZYS1gyRE5FS1hZVFhBRUxFSE81Mk9JRUtBWVpRNUVSWHw1RDUyQTEwODg5NUZEOEMwLVdFU1RVUyIsImpvYkxvY2F0aW9uIjoid2VzdHVzIn0?api-version=2017-05-10']
      pragma: [no-cache]
      strict-transport-security: [max-age=31536000; includeSubDomains]
      x-ms-ratelimit-remaining-subscription-writes: ['1196']
    status: {code: 202, message: Accepted}
version: 1
