interactions:
- request:
    body: null
    headers:
      Accept: [application/json]
      Accept-Encoding: ['gzip, deflate']
      Connection: [keep-alive]
      Content-Type: [application/json; charset=utf-8]
      User-Agent: [python/3.5.3 (Windows-10-10.0.16299-SP0) requests/2.18.4 msrest/0.4.21
          msrest_azure/0.4.19 resourcemanagementclient/1.2.1 Azure-SDK-For-Python
          AZURECLI/TEST/2.0.23]
      accept-language: [en-US]
      x-ms-client-request-id: [54e26f76-e143-11e7-ace2-a0b3ccf7272a]
    method: GET
    uri: https://management.azure.com/subscriptions/00000000-0000-0000-0000-000000000000/resourcegroups/cli_test_vmss_create_and_modify?api-version=2017-05-10
  response:
    body: {string: '{"id":"/subscriptions/00000000-0000-0000-0000-000000000000/resourceGroups/cli_test_vmss_create_and_modify","name":"cli_test_vmss_create_and_modify","location":"westus","tags":{"use":"az-test"},"properties":{"provisioningState":"Succeeded"}}'}
    headers:
      Cache-Control: [no-cache]
      Content-Type: [application/json; charset=utf-8]
      Date: ['Fri, 15 Dec 2017 02:54:55 GMT']
      Expires: ['-1']
      Pragma: [no-cache]
      Strict-Transport-Security: [max-age=31536000; includeSubDomains]
      Vary: [Accept-Encoding]
      content-length: ['252']
    status: {code: 200, message: OK}
- request:
    body: null
    headers:
      Connection: [close]
      Host: [raw.githubusercontent.com]
      User-Agent: [Python-urllib/3.5]
    method: GET
    uri: https://raw.githubusercontent.com/Azure/azure-rest-api-specs/master/arm-compute/quickstart-templates/aliases.json
  response:
    body: {string: "{\n  \"$schema\":\"http://schema.management.azure.com/schemas/2015-01-01/deploymentTemplate.json\"\
        ,\n  \"contentVersion\":\"1.0.0.0\",\n  \"parameters\":{},\n  \"variables\"\
        :{},\n  \"resources\":[],\n\n  \"outputs\":{\n    \"aliases\":{\n      \"\
        type\":\"object\",\n      \"value\":{\n\n        \"Linux\":{\n          \"\
        CentOS\":{\n            \"publisher\":\"OpenLogic\",\n            \"offer\"\
        :\"CentOS\",\n            \"sku\":\"7.3\",\n            \"version\":\"latest\"\
        \n          },\n          \"CoreOS\":{\n            \"publisher\":\"CoreOS\"\
        ,\n            \"offer\":\"CoreOS\",\n            \"sku\":\"Stable\",\n  \
        \          \"version\":\"latest\"\n          },\n          \"Debian\":{\n\
        \            \"publisher\":\"credativ\",\n            \"offer\":\"Debian\"\
        ,\n            \"sku\":\"8\",\n            \"version\":\"latest\"\n      \
        \    },\n          \"openSUSE-Leap\": {\n            \"publisher\":\"SUSE\"\
        ,\n            \"offer\":\"openSUSE-Leap\",\n            \"sku\":\"42.2\"\
        ,\n            \"version\": \"latest\"\n          },\n          \"RHEL\":{\n\
        \            \"publisher\":\"RedHat\",\n            \"offer\":\"RHEL\",\n\
        \            \"sku\":\"7.3\",\n            \"version\":\"latest\"\n      \
        \    },\n          \"SLES\":{\n            \"publisher\":\"SUSE\",\n     \
        \       \"offer\":\"SLES\",\n            \"sku\":\"12-SP2\",\n           \
        \ \"version\":\"latest\"\n          },\n          \"UbuntuLTS\":{\n      \
        \      \"publisher\":\"Canonical\",\n            \"offer\":\"UbuntuServer\"\
        ,\n            \"sku\":\"16.04-LTS\",\n            \"version\":\"latest\"\n\
        \          }\n        },\n\n        \"Windows\":{\n          \"Win2016Datacenter\"\
        :{\n            \"publisher\":\"MicrosoftWindowsServer\",\n            \"\
        offer\":\"WindowsServer\",\n            \"sku\":\"2016-Datacenter\",\n   \
        \         \"version\":\"latest\"\n          },\n          \"Win2012R2Datacenter\"\
        :{\n            \"publisher\":\"MicrosoftWindowsServer\",\n            \"\
        offer\":\"WindowsServer\",\n            \"sku\":\"2012-R2-Datacenter\",\n\
        \            \"version\":\"latest\"\n          },\n          \"Win2012Datacenter\"\
        :{\n            \"publisher\":\"MicrosoftWindowsServer\",\n            \"\
        offer\":\"WindowsServer\",\n            \"sku\":\"2012-Datacenter\",\n   \
        \         \"version\":\"latest\"\n          },\n          \"Win2008R2SP1\"\
        :{\n            \"publisher\":\"MicrosoftWindowsServer\",\n            \"\
        offer\":\"WindowsServer\",\n            \"sku\":\"2008-R2-SP1\",\n       \
        \     \"version\":\"latest\"\n          }\n        }\n      }\n    }\n  }\n\
        }\n"}
    headers:
      Accept-Ranges: [bytes]
      Access-Control-Allow-Origin: ['*']
      Cache-Control: [max-age=300]
      Connection: [close]
      Content-Length: ['2235']
      Content-Security-Policy: [default-src 'none'; style-src 'unsafe-inline'; sandbox]
      Content-Type: [text/plain; charset=utf-8]
      Date: ['Fri, 15 Dec 2017 02:54:57 GMT']
      ETag: ['"d6824855d13e27c5258a680eb60f635d088fd05e"']
      Expires: ['Fri, 15 Dec 2017 02:59:57 GMT']
      Source-Age: ['26']
      Strict-Transport-Security: [max-age=31536000]
      Vary: ['Authorization,Accept-Encoding']
      Via: [1.1 varnish]
      X-Cache: [HIT]
      X-Cache-Hits: ['1']
      X-Content-Type-Options: [nosniff]
      X-Fastly-Request-ID: [67d585e0ffdeb6039b1559c6162dd5749b6b2c11]
      X-Frame-Options: [deny]
      X-Geo-Block-List: ['']
      X-GitHub-Request-Id: ['30CA:1D118:4A0871:4EDDB6:5A333964']
      X-Served-By: [cache-mdw17338-MDW]
      X-Timer: ['S1513306498.628897,VS0,VE0']
      X-XSS-Protection: [1; mode=block]
    status: {code: 200, message: OK}
- request:
    body: null
    headers:
      Accept: [application/json]
      Accept-Encoding: ['gzip, deflate']
      Connection: [keep-alive]
      Content-Type: [application/json; charset=utf-8]
      User-Agent: [python/3.5.3 (Windows-10-10.0.16299-SP0) requests/2.18.4 msrest/0.4.21
          msrest_azure/0.4.19 networkmanagementclient/1.7.0 Azure-SDK-For-Python AZURECLI/TEST/2.0.23]
      accept-language: [en-US]
      x-ms-client-request-id: [55e3a9d2-e143-11e7-9934-a0b3ccf7272a]
    method: GET
    uri: https://management.azure.com/subscriptions/00000000-0000-0000-0000-000000000000/resourceGroups/cli_test_vmss_create_and_modify/providers/Microsoft.Network/virtualNetworks?api-version=2017-11-01
  response:
    body: {string: '{"value":[]}'}
    headers:
      Cache-Control: [no-cache]
      Content-Type: [application/json; charset=utf-8]
      Date: ['Fri, 15 Dec 2017 02:54:57 GMT']
      Expires: ['-1']
      Pragma: [no-cache]
      Strict-Transport-Security: [max-age=31536000; includeSubDomains]
      Vary: [Accept-Encoding]
      content-length: ['12']
    status: {code: 200, message: OK}
- request:
    body: '{"properties": {"template": {"variables": {}, "resources": [{"apiVersion":
      "2015-06-15", "dependsOn": [], "name": "vmss1VNET", "location": "westus", "properties":
      {"addressSpace": {"addressPrefixes": ["10.0.0.0/16"]}, "subnets": [{"properties":
      {"addressPrefix": "10.0.0.0/24"}, "name": "vmss1Subnet"}]}, "tags": {}, "type":
      "Microsoft.Network/virtualNetworks"}, {"location": "westus", "dependsOn": [],
      "name": "vmss1LBPublicIP", "apiVersion": "2017-11-01", "properties": {"publicIPAllocationMethod":
      "Dynamic"}, "tags": {}, "sku": {"name": "Basic"}, "type": "Microsoft.Network/publicIPAddresses"},
      {"apiVersion": "2017-11-01", "dependsOn": ["Microsoft.Network/virtualNetworks/vmss1VNET",
      "Microsoft.Network/publicIpAddresses/vmss1LBPublicIP"], "name": "vmss1LB", "location":
      "westus", "properties": {"frontendIPConfigurations": [{"properties": {"publicIPAddress":
      {"id": "/subscriptions/0b1f6471-1bf0-4dda-aec3-cb9272f09590/resourceGroups/cli_test_vmss_create_and_modify/providers/Microsoft.Network/publicIPAddresses/vmss1LBPublicIP"}},
      "name": "loadBalancerFrontEnd"}], "inboundNatPools": [{"properties": {"frontendIPConfiguration":
      {"id": "[concat(resourceId(''Microsoft.Network/loadBalancers'', ''vmss1LB''),
      ''/frontendIPConfigurations/'', ''loadBalancerFrontEnd'')]"}, "frontendPortRangeEnd":
      "50119", "protocol": "tcp", "backendPort": 3389, "frontendPortRangeStart": "50000"},
      "name": "vmss1LBNatPool"}], "backendAddressPools": [{"name": "vmss1LBBEPool"}]},
      "tags": {}, "sku": {"name": "Basic"}, "type": "Microsoft.Network/loadBalancers"},
      {"apiVersion": "2017-12-01", "dependsOn": ["Microsoft.Network/virtualNetworks/vmss1VNET",
      "Microsoft.Network/loadBalancers/vmss1LB"], "name": "vmss1", "location": "westus",
      "properties": {"singlePlacementGroup": true, "overprovision": true, "virtualMachineProfile":
      {"storageProfile": {"osDisk": {"managedDisk": {"storageAccountType": null},
      "createOption": "FromImage", "caching": "ReadWrite"}, "imageReference": {"offer":
      "WindowsServer", "version": "latest", "publisher": "MicrosoftWindowsServer",
      "sku": "2012-R2-Datacenter"}}, "networkProfile": {"networkInterfaceConfigurations":
      [{"properties": {"ipConfigurations": [{"properties": {"subnet": {"id": "/subscriptions/0b1f6471-1bf0-4dda-aec3-cb9272f09590/resourceGroups/cli_test_vmss_create_and_modify/providers/Microsoft.Network/virtualNetworks/vmss1VNET/subnets/vmss1Subnet"},
      "loadBalancerInboundNatPools": [{"id": "/subscriptions/0b1f6471-1bf0-4dda-aec3-cb9272f09590/resourceGroups/cli_test_vmss_create_and_modify/providers/Microsoft.Network/loadBalancers/vmss1LB/inboundNatPools/vmss1LBNatPool"}],
      "loadBalancerBackendAddressPools": [{"id": "/subscriptions/0b1f6471-1bf0-4dda-aec3-cb9272f09590/resourceGroups/cli_test_vmss_create_and_modify/providers/Microsoft.Network/loadBalancers/vmss1LB/backendAddressPools/vmss1LBBEPool"}]},
      "name": "vmss1f8b9IPConfig"}], "primary": "true"}, "name": "vmss1f8b9Nic"}]},
      "osProfile": {"computerNamePrefix": "vmss1f8b9", "adminUsername": "myadmin",
      "adminPassword": "testPassword0"}}, "upgradePolicy": {"mode": "Manual"}}, "tags":
      {}, "sku": {"capacity": 5, "name": "Standard_D1_v2"}, "type": "Microsoft.Compute/virtualMachineScaleSets"}],
      "outputs": {"VMSS": {"value": "[reference(resourceId(''Microsoft.Compute/virtualMachineScaleSets'',
      ''vmss1''),providers(''Microsoft.Compute'', ''virtualMachineScaleSets'').apiVersions[0])]",
      "type": "object"}}, "$schema": "https://schema.management.azure.com/schemas/2015-01-01/deploymentTemplate.json#",
      "contentVersion": "1.0.0.0", "parameters": {}}, "parameters": {}, "mode": "Incremental"}}'
    headers:
      Accept: [application/json]
      Accept-Encoding: ['gzip, deflate']
      Connection: [keep-alive]
      Content-Length: ['3585']
      Content-Type: [application/json; charset=utf-8]
      User-Agent: [python/3.5.3 (Windows-10-10.0.16299-SP0) requests/2.18.4 msrest/0.4.21
          msrest_azure/0.4.19 resourcemanagementclient/1.2.1 Azure-SDK-For-Python
          AZURECLI/TEST/2.0.23]
      accept-language: [en-US]
      x-ms-client-request-id: [560b0ed8-e143-11e7-8851-a0b3ccf7272a]
    method: PUT
    uri: https://management.azure.com/subscriptions/00000000-0000-0000-0000-000000000000/resourcegroups/cli_test_vmss_create_and_modify/providers/Microsoft.Resources/deployments/mock-deployment?api-version=2017-05-10
  response:
    body: {string: '{"id":"/subscriptions/00000000-0000-0000-0000-000000000000/resourceGroups/cli_test_vmss_create_and_modify/providers/Microsoft.Resources/deployments/vmss_deploy_ocBqpTjeQ4R7j7I3jSYOrEvt3umNS59j","name":"vmss_deploy_ocBqpTjeQ4R7j7I3jSYOrEvt3umNS59j","properties":{"templateHash":"15306708442351163530","parameters":{},"mode":"Incremental","provisioningState":"Accepted","timestamp":"2017-12-15T02:55:00.2823123Z","duration":"PT0.8706591S","correlationId":"ec1593ef-81be-4d47-b176-6e3b41714226","providers":[{"namespace":"Microsoft.Network","resourceTypes":[{"resourceType":"virtualNetworks","locations":["westus"]},{"resourceType":"publicIPAddresses","locations":["westus"]},{"resourceType":"loadBalancers","locations":["westus"]}]},{"namespace":"Microsoft.Compute","resourceTypes":[{"resourceType":"virtualMachineScaleSets","locations":["westus"]}]}],"dependencies":[{"dependsOn":[{"id":"/subscriptions/00000000-0000-0000-0000-000000000000/resourceGroups/cli_test_vmss_create_and_modify/providers/Microsoft.Network/virtualNetworks/vmss1VNET","resourceType":"Microsoft.Network/virtualNetworks","resourceName":"vmss1VNET"},{"id":"/subscriptions/00000000-0000-0000-0000-000000000000/resourceGroups/cli_test_vmss_create_and_modify/providers/Microsoft.Network/publicIPAddresses/vmss1LBPublicIP","resourceType":"Microsoft.Network/publicIPAddresses","resourceName":"vmss1LBPublicIP"}],"id":"/subscriptions/00000000-0000-0000-0000-000000000000/resourceGroups/cli_test_vmss_create_and_modify/providers/Microsoft.Network/loadBalancers/vmss1LB","resourceType":"Microsoft.Network/loadBalancers","resourceName":"vmss1LB"},{"dependsOn":[{"id":"/subscriptions/00000000-0000-0000-0000-000000000000/resourceGroups/cli_test_vmss_create_and_modify/providers/Microsoft.Network/virtualNetworks/vmss1VNET","resourceType":"Microsoft.Network/virtualNetworks","resourceName":"vmss1VNET"},{"id":"/subscriptions/00000000-0000-0000-0000-000000000000/resourceGroups/cli_test_vmss_create_and_modify/providers/Microsoft.Network/loadBalancers/vmss1LB","resourceType":"Microsoft.Network/loadBalancers","resourceName":"vmss1LB"}],"id":"/subscriptions/00000000-0000-0000-0000-000000000000/resourceGroups/cli_test_vmss_create_and_modify/providers/Microsoft.Compute/virtualMachineScaleSets/vmss1","resourceType":"Microsoft.Compute/virtualMachineScaleSets","resourceName":"vmss1"}]}}'}
    headers:
      Azure-AsyncOperation: ['https://management.azure.com/subscriptions/0b1f6471-1bf0-4dda-aec3-cb9272f09590/resourcegroups/cli_test_vmss_create_and_modify/providers/Microsoft.Resources/deployments/vmss_deploy_ocBqpTjeQ4R7j7I3jSYOrEvt3umNS59j/operationStatuses/08586883003860659698?api-version=2017-05-10']
      Cache-Control: [no-cache]
      Content-Length: ['2386']
      Content-Type: [application/json; charset=utf-8]
      Date: ['Fri, 15 Dec 2017 02:54:59 GMT']
      Expires: ['-1']
      Pragma: [no-cache]
      Strict-Transport-Security: [max-age=31536000; includeSubDomains]
      x-ms-ratelimit-remaining-subscription-writes: ['1193']
    status: {code: 201, message: Created}
- request:
    body: null
    headers:
      Accept: [application/json]
      Accept-Encoding: ['gzip, deflate']
      Connection: [keep-alive]
      Content-Type: [application/json; charset=utf-8]
      User-Agent: [python/3.5.3 (Windows-10-10.0.16299-SP0) requests/2.18.4 msrest/0.4.21
          msrest_azure/0.4.19 resourcemanagementclient/1.2.1 Azure-SDK-For-Python
          AZURECLI/TEST/2.0.23]
      accept-language: [en-US]
      x-ms-client-request-id: [560b0ed8-e143-11e7-8851-a0b3ccf7272a]
    method: GET
    uri: https://management.azure.com/subscriptions/00000000-0000-0000-0000-000000000000/resourcegroups/cli_test_vmss_create_and_modify/providers/Microsoft.Resources/deployments/mock-deployment/operationStatuses/08586883003860659698?api-version=2017-05-10
  response:
    body: {string: '{"status":"Running"}'}
    headers:
      Cache-Control: [no-cache]
      Content-Type: [application/json; charset=utf-8]
      Date: ['Fri, 15 Dec 2017 02:55:30 GMT']
      Expires: ['-1']
      Pragma: [no-cache]
      Strict-Transport-Security: [max-age=31536000; includeSubDomains]
      Vary: [Accept-Encoding]
      content-length: ['20']
    status: {code: 200, message: OK}
- request:
    body: null
    headers:
      Accept: [application/json]
      Accept-Encoding: ['gzip, deflate']
      Connection: [keep-alive]
      Content-Type: [application/json; charset=utf-8]
      User-Agent: [python/3.5.3 (Windows-10-10.0.16299-SP0) requests/2.18.4 msrest/0.4.21
          msrest_azure/0.4.19 resourcemanagementclient/1.2.1 Azure-SDK-For-Python
          AZURECLI/TEST/2.0.23]
      accept-language: [en-US]
      x-ms-client-request-id: [560b0ed8-e143-11e7-8851-a0b3ccf7272a]
    method: GET
    uri: https://management.azure.com/subscriptions/00000000-0000-0000-0000-000000000000/resourcegroups/cli_test_vmss_create_and_modify/providers/Microsoft.Resources/deployments/mock-deployment/operationStatuses/08586883003860659698?api-version=2017-05-10
  response:
    body: {string: '{"status":"Running"}'}
    headers:
      Cache-Control: [no-cache]
      Content-Type: [application/json; charset=utf-8]
      Date: ['Fri, 15 Dec 2017 02:56:00 GMT']
      Expires: ['-1']
      Pragma: [no-cache]
      Strict-Transport-Security: [max-age=31536000; includeSubDomains]
      Vary: [Accept-Encoding]
      content-length: ['20']
    status: {code: 200, message: OK}
- request:
    body: null
    headers:
      Accept: [application/json]
      Accept-Encoding: ['gzip, deflate']
      Connection: [keep-alive]
      Content-Type: [application/json; charset=utf-8]
      User-Agent: [python/3.5.3 (Windows-10-10.0.16299-SP0) requests/2.18.4 msrest/0.4.21
          msrest_azure/0.4.19 resourcemanagementclient/1.2.1 Azure-SDK-For-Python
          AZURECLI/TEST/2.0.23]
      accept-language: [en-US]
      x-ms-client-request-id: [560b0ed8-e143-11e7-8851-a0b3ccf7272a]
    method: GET
    uri: https://management.azure.com/subscriptions/00000000-0000-0000-0000-000000000000/resourcegroups/cli_test_vmss_create_and_modify/providers/Microsoft.Resources/deployments/mock-deployment/operationStatuses/08586883003860659698?api-version=2017-05-10
  response:
    body: {string: '{"status":"Running"}'}
    headers:
      Cache-Control: [no-cache]
      Content-Type: [application/json; charset=utf-8]
      Date: ['Fri, 15 Dec 2017 02:56:31 GMT']
      Expires: ['-1']
      Pragma: [no-cache]
      Strict-Transport-Security: [max-age=31536000; includeSubDomains]
      Vary: [Accept-Encoding]
      content-length: ['20']
    status: {code: 200, message: OK}
- request:
    body: null
    headers:
      Accept: [application/json]
      Accept-Encoding: ['gzip, deflate']
      Connection: [keep-alive]
      Content-Type: [application/json; charset=utf-8]
      User-Agent: [python/3.5.3 (Windows-10-10.0.16299-SP0) requests/2.18.4 msrest/0.4.21
          msrest_azure/0.4.19 resourcemanagementclient/1.2.1 Azure-SDK-For-Python
          AZURECLI/TEST/2.0.23]
      accept-language: [en-US]
      x-ms-client-request-id: [560b0ed8-e143-11e7-8851-a0b3ccf7272a]
    method: GET
    uri: https://management.azure.com/subscriptions/00000000-0000-0000-0000-000000000000/resourcegroups/cli_test_vmss_create_and_modify/providers/Microsoft.Resources/deployments/mock-deployment/operationStatuses/08586883003860659698?api-version=2017-05-10
  response:
    body: {string: '{"status":"Running"}'}
    headers:
      Cache-Control: [no-cache]
      Content-Type: [application/json; charset=utf-8]
      Date: ['Fri, 15 Dec 2017 02:57:01 GMT']
      Expires: ['-1']
      Pragma: [no-cache]
      Strict-Transport-Security: [max-age=31536000; includeSubDomains]
      Vary: [Accept-Encoding]
      content-length: ['20']
    status: {code: 200, message: OK}
- request:
    body: null
    headers:
      Accept: [application/json]
      Accept-Encoding: ['gzip, deflate']
      Connection: [keep-alive]
      Content-Type: [application/json; charset=utf-8]
      User-Agent: [python/3.5.3 (Windows-10-10.0.16299-SP0) requests/2.18.4 msrest/0.4.21
          msrest_azure/0.4.19 resourcemanagementclient/1.2.1 Azure-SDK-For-Python
          AZURECLI/TEST/2.0.23]
      accept-language: [en-US]
      x-ms-client-request-id: [560b0ed8-e143-11e7-8851-a0b3ccf7272a]
    method: GET
    uri: https://management.azure.com/subscriptions/00000000-0000-0000-0000-000000000000/resourcegroups/cli_test_vmss_create_and_modify/providers/Microsoft.Resources/deployments/mock-deployment/operationStatuses/08586883003860659698?api-version=2017-05-10
  response:
    body: {string: '{"status":"Running"}'}
    headers:
      Cache-Control: [no-cache]
      Content-Type: [application/json; charset=utf-8]
      Date: ['Fri, 15 Dec 2017 02:57:32 GMT']
      Expires: ['-1']
      Pragma: [no-cache]
      Strict-Transport-Security: [max-age=31536000; includeSubDomains]
      Vary: [Accept-Encoding]
      content-length: ['20']
    status: {code: 200, message: OK}
- request:
    body: null
    headers:
      Accept: [application/json]
      Accept-Encoding: ['gzip, deflate']
      Connection: [keep-alive]
      Content-Type: [application/json; charset=utf-8]
      User-Agent: [python/3.5.3 (Windows-10-10.0.16299-SP0) requests/2.18.4 msrest/0.4.21
          msrest_azure/0.4.19 resourcemanagementclient/1.2.1 Azure-SDK-For-Python
          AZURECLI/TEST/2.0.23]
      accept-language: [en-US]
      x-ms-client-request-id: [560b0ed8-e143-11e7-8851-a0b3ccf7272a]
    method: GET
    uri: https://management.azure.com/subscriptions/00000000-0000-0000-0000-000000000000/resourcegroups/cli_test_vmss_create_and_modify/providers/Microsoft.Resources/deployments/mock-deployment/operationStatuses/08586883003860659698?api-version=2017-05-10
  response:
    body: {string: '{"status":"Succeeded"}'}
    headers:
      Cache-Control: [no-cache]
      Content-Type: [application/json; charset=utf-8]
      Date: ['Fri, 15 Dec 2017 02:58:02 GMT']
      Expires: ['-1']
      Pragma: [no-cache]
      Strict-Transport-Security: [max-age=31536000; includeSubDomains]
      Vary: [Accept-Encoding]
      content-length: ['22']
    status: {code: 200, message: OK}
- request:
    body: null
    headers:
      Accept: [application/json]
      Accept-Encoding: ['gzip, deflate']
      Connection: [keep-alive]
      Content-Type: [application/json; charset=utf-8]
      User-Agent: [python/3.5.3 (Windows-10-10.0.16299-SP0) requests/2.18.4 msrest/0.4.21
          msrest_azure/0.4.19 resourcemanagementclient/1.2.1 Azure-SDK-For-Python
          AZURECLI/TEST/2.0.23]
      accept-language: [en-US]
      x-ms-client-request-id: [560b0ed8-e143-11e7-8851-a0b3ccf7272a]
    method: GET
    uri: https://management.azure.com/subscriptions/00000000-0000-0000-0000-000000000000/resourcegroups/cli_test_vmss_create_and_modify/providers/Microsoft.Resources/deployments/mock-deployment?api-version=2017-05-10
  response:
    body: {string: '{"id":"/subscriptions/00000000-0000-0000-0000-000000000000/resourceGroups/cli_test_vmss_create_and_modify/providers/Microsoft.Resources/deployments/vmss_deploy_ocBqpTjeQ4R7j7I3jSYOrEvt3umNS59j","name":"vmss_deploy_ocBqpTjeQ4R7j7I3jSYOrEvt3umNS59j","properties":{"templateHash":"15306708442351163530","parameters":{},"mode":"Incremental","provisioningState":"Succeeded","timestamp":"2017-12-15T02:57:55.5911084Z","duration":"PT2M56.1794552S","correlationId":"ec1593ef-81be-4d47-b176-6e3b41714226","providers":[{"namespace":"Microsoft.Network","resourceTypes":[{"resourceType":"virtualNetworks","locations":["westus"]},{"resourceType":"publicIPAddresses","locations":["westus"]},{"resourceType":"loadBalancers","locations":["westus"]}]},{"namespace":"Microsoft.Compute","resourceTypes":[{"resourceType":"virtualMachineScaleSets","locations":["westus"]}]}],"dependencies":[{"dependsOn":[{"id":"/subscriptions/00000000-0000-0000-0000-000000000000/resourceGroups/cli_test_vmss_create_and_modify/providers/Microsoft.Network/virtualNetworks/vmss1VNET","resourceType":"Microsoft.Network/virtualNetworks","resourceName":"vmss1VNET"},{"id":"/subscriptions/00000000-0000-0000-0000-000000000000/resourceGroups/cli_test_vmss_create_and_modify/providers/Microsoft.Network/publicIPAddresses/vmss1LBPublicIP","resourceType":"Microsoft.Network/publicIPAddresses","resourceName":"vmss1LBPublicIP"}],"id":"/subscriptions/00000000-0000-0000-0000-000000000000/resourceGroups/cli_test_vmss_create_and_modify/providers/Microsoft.Network/loadBalancers/vmss1LB","resourceType":"Microsoft.Network/loadBalancers","resourceName":"vmss1LB"},{"dependsOn":[{"id":"/subscriptions/00000000-0000-0000-0000-000000000000/resourceGroups/cli_test_vmss_create_and_modify/providers/Microsoft.Network/virtualNetworks/vmss1VNET","resourceType":"Microsoft.Network/virtualNetworks","resourceName":"vmss1VNET"},{"id":"/subscriptions/00000000-0000-0000-0000-000000000000/resourceGroups/cli_test_vmss_create_and_modify/providers/Microsoft.Network/loadBalancers/vmss1LB","resourceType":"Microsoft.Network/loadBalancers","resourceName":"vmss1LB"}],"id":"/subscriptions/00000000-0000-0000-0000-000000000000/resourceGroups/cli_test_vmss_create_and_modify/providers/Microsoft.Compute/virtualMachineScaleSets/vmss1","resourceType":"Microsoft.Compute/virtualMachineScaleSets","resourceName":"vmss1"}],"outputs":{"vmss":{"type":"Object","value":{"singlePlacementGroup":true,"upgradePolicy":{"mode":"Manual","automaticOSUpgrade":false},"virtualMachineProfile":{"osProfile":{"computerNamePrefix":"vmss1f8b9","adminUsername":"myadmin","windowsConfiguration":{"provisionVMAgent":true,"enableAutomaticUpdates":true},"secrets":[]},"storageProfile":{"osDisk":{"createOption":"FromImage","caching":"ReadWrite","managedDisk":{"storageAccountType":"Standard_LRS"}},"imageReference":{"publisher":"MicrosoftWindowsServer","offer":"WindowsServer","sku":"2012-R2-Datacenter","version":"latest"}},"networkProfile":{"networkInterfaceConfigurations":[{"name":"vmss1f8b9Nic","properties":{"primary":true,"enableAcceleratedNetworking":false,"dnsSettings":{"dnsServers":[]},"enableIPForwarding":false,"ipConfigurations":[{"name":"vmss1f8b9IPConfig","properties":{"subnet":{"id":"/subscriptions/00000000-0000-0000-0000-000000000000/resourceGroups/cli_test_vmss_create_and_modify/providers/Microsoft.Network/virtualNetworks/vmss1VNET/subnets/vmss1Subnet"},"privateIPAddressVersion":"IPv4","loadBalancerBackendAddressPools":[{"id":"/subscriptions/00000000-0000-0000-0000-000000000000/resourceGroups/cli_test_vmss_create_and_modify/providers/Microsoft.Network/loadBalancers/vmss1LB/backendAddressPools/vmss1LBBEPool"}],"loadBalancerInboundNatPools":[{"id":"/subscriptions/00000000-0000-0000-0000-000000000000/resourceGroups/cli_test_vmss_create_and_modify/providers/Microsoft.Network/loadBalancers/vmss1LB/inboundNatPools/vmss1LBNatPool"}]}}]}}]}},"provisioningState":"Succeeded","overprovision":true,"uniqueId":"ba0ecf3e-a54e-44ee-9029-c64459b7de7d"}}},"outputResources":[{"id":"/subscriptions/00000000-0000-0000-0000-000000000000/resourceGroups/cli_test_vmss_create_and_modify/providers/Microsoft.Compute/virtualMachineScaleSets/vmss1"},{"id":"/subscriptions/00000000-0000-0000-0000-000000000000/resourceGroups/cli_test_vmss_create_and_modify/providers/Microsoft.Network/loadBalancers/vmss1LB"},{"id":"/subscriptions/00000000-0000-0000-0000-000000000000/resourceGroups/cli_test_vmss_create_and_modify/providers/Microsoft.Network/publicIPAddresses/vmss1LBPublicIP"},{"id":"/subscriptions/00000000-0000-0000-0000-000000000000/resourceGroups/cli_test_vmss_create_and_modify/providers/Microsoft.Network/virtualNetworks/vmss1VNET"}]}}'}
    headers:
      Cache-Control: [no-cache]
      Content-Type: [application/json; charset=utf-8]
      Date: ['Fri, 15 Dec 2017 02:58:04 GMT']
      Expires: ['-1']
      Pragma: [no-cache]
      Strict-Transport-Security: [max-age=31536000; includeSubDomains]
      Vary: [Accept-Encoding]
      content-length: ['4736']
    status: {code: 200, message: OK}
- request:
    body: null
    headers:
      Accept: [application/json]
      Accept-Encoding: ['gzip, deflate']
      Connection: [keep-alive]
      Content-Type: [application/json; charset=utf-8]
      User-Agent: [python/3.5.3 (Windows-10-10.0.16299-SP0) requests/2.18.4 msrest/0.4.21
          msrest_azure/0.4.19 computemanagementclient/3.1.0rc2 Azure-SDK-For-Python
          AZURECLI/TEST/2.0.23]
      accept-language: [en-US]
      x-ms-client-request-id: [c5733af4-e143-11e7-a923-a0b3ccf7272a]
    method: GET
    uri: https://management.azure.com/subscriptions/00000000-0000-0000-0000-000000000000/resourceGroups/cli_test_vmss_create_and_modify/providers/Microsoft.Compute/virtualMachineScaleSets/vmss1?api-version=2017-12-01
  response:
    body: {string: "{\r\n  \"sku\": {\r\n    \"name\": \"Standard_D1_v2\",\r\n   \
        \ \"tier\": \"Standard\",\r\n    \"capacity\": 5\r\n  },\r\n  \"properties\"\
        : {\r\n    \"singlePlacementGroup\": true,\r\n    \"upgradePolicy\": {\r\n\
        \      \"mode\": \"Manual\",\r\n      \"automaticOSUpgrade\": false\r\n  \
        \  },\r\n    \"virtualMachineProfile\": {\r\n      \"osProfile\": {\r\n  \
        \      \"computerNamePrefix\": \"vmss1f8b9\",\r\n        \"adminUsername\"\
        : \"myadmin\",\r\n        \"windowsConfiguration\": {\r\n          \"provisionVMAgent\"\
        : true,\r\n          \"enableAutomaticUpdates\": true\r\n        },\r\n  \
        \      \"secrets\": []\r\n      },\r\n      \"storageProfile\": {\r\n    \
        \    \"osDisk\": {\r\n          \"createOption\": \"FromImage\",\r\n     \
        \     \"caching\": \"ReadWrite\",\r\n          \"managedDisk\": {\r\n    \
        \        \"storageAccountType\": \"Standard_LRS\"\r\n          }\r\n     \
        \   },\r\n        \"imageReference\": {\r\n          \"publisher\": \"MicrosoftWindowsServer\"\
        ,\r\n          \"offer\": \"WindowsServer\",\r\n          \"sku\": \"2012-R2-Datacenter\"\
        ,\r\n          \"version\": \"latest\"\r\n        }\r\n      },\r\n      \"\
        networkProfile\": {\"networkInterfaceConfigurations\":[{\"name\":\"vmss1f8b9Nic\"\
        ,\"properties\":{\"primary\":true,\"enableAcceleratedNetworking\":false,\"\
        dnsSettings\":{\"dnsServers\":[]},\"enableIPForwarding\":false,\"ipConfigurations\"\
        :[{\"name\":\"vmss1f8b9IPConfig\",\"properties\":{\"subnet\":{\"id\":\"/subscriptions/00000000-0000-0000-0000-000000000000/resourceGroups/cli_test_vmss_create_and_modify/providers/Microsoft.Network/virtualNetworks/vmss1VNET/subnets/vmss1Subnet\"\
        },\"privateIPAddressVersion\":\"IPv4\",\"loadBalancerBackendAddressPools\"\
        :[{\"id\":\"/subscriptions/00000000-0000-0000-0000-000000000000/resourceGroups/cli_test_vmss_create_and_modify/providers/Microsoft.Network/loadBalancers/vmss1LB/backendAddressPools/vmss1LBBEPool\"\
        }],\"loadBalancerInboundNatPools\":[{\"id\":\"/subscriptions/00000000-0000-0000-0000-000000000000/resourceGroups/cli_test_vmss_create_and_modify/providers/Microsoft.Network/loadBalancers/vmss1LB/inboundNatPools/vmss1LBNatPool\"\
        }]}}]}}]}\r\n    },\r\n    \"provisioningState\": \"Succeeded\",\r\n    \"\
        overprovision\": true,\r\n    \"uniqueId\": \"ba0ecf3e-a54e-44ee-9029-c64459b7de7d\"\
        \r\n  },\r\n  \"type\": \"Microsoft.Compute/virtualMachineScaleSets\",\r\n\
        \  \"location\": \"westus\",\r\n  \"tags\": {},\r\n  \"id\": \"/subscriptions/00000000-0000-0000-0000-000000000000/resourceGroups/cli_test_vmss_create_and_modify/providers/Microsoft.Compute/virtualMachineScaleSets/vmss1\"\
        ,\r\n  \"name\": \"vmss1\"\r\n}"}
    headers:
      Cache-Control: [no-cache]
      Content-Type: [application/json; charset=utf-8]
      Date: ['Fri, 15 Dec 2017 02:58:05 GMT']
      Expires: ['-1']
      Pragma: [no-cache]
      Server: [Microsoft-HTTPAPI/2.0, Microsoft-HTTPAPI/2.0]
      Strict-Transport-Security: [max-age=31536000; includeSubDomains]
      Transfer-Encoding: [chunked]
      Vary: [Accept-Encoding]
      content-length: ['2365']
      x-ms-ratelimit-remaining-resource: ['Microsoft.Compute/GetVMScaleSet3Min;233,Microsoft.Compute/GetVMScaleSet30Min;1137']
    status: {code: 200, message: OK}
- request:
    body: null
    headers:
      Accept: [application/json]
      Accept-Encoding: ['gzip, deflate']
      Connection: [keep-alive]
      Content-Type: [application/json; charset=utf-8]
      User-Agent: [python/3.5.3 (Windows-10-10.0.16299-SP0) requests/2.18.4 msrest/0.4.21
          msrest_azure/0.4.19 computemanagementclient/3.1.0rc2 Azure-SDK-For-Python
          AZURECLI/TEST/2.0.23]
      accept-language: [en-US]
      x-ms-client-request-id: [c5c91166-e143-11e7-9c52-a0b3ccf7272a]
    method: GET
    uri: https://management.azure.com/subscriptions/00000000-0000-0000-0000-000000000000/providers/Microsoft.Compute/virtualMachineScaleSets?api-version=2017-12-01
  response:
    body: {string: '{"value":[{"sku":{"name":"Standard_A0","tier":"Standard","capacity":2},"properties":{"singlePlacementGroup":true,"upgradePolicy":{"mode":"Manual","automaticOSUpgrade":false},"virtualMachineProfile":{"osProfile":{"computerNamePrefix":"vmss8194-vm","adminUsername":"jvuser","linuxConfiguration":{"disablePasswordAuthentication":false},"secrets":[]},"storageProfile":{"osDisk":{"vhdContainers":["https://stg6066.blob.core.windows.net/vhds","https://stg38467.blob.core.windows.net/vhds"],"name":"vmss8194-os-disk","createOption":"FromImage","caching":"ReadWrite"},"imageReference":{"publisher":"Canonical","offer":"UbuntuServer","sku":"16.04.0-LTS","version":"latest"}},"networkProfile":{"networkInterfaceConfigurations":[{"name":"primary-nic-cfg","properties":{"primary":true,"enableAcceleratedNetworking":false,"dnsSettings":{"dnsServers":[]},"ipConfigurations":[{"name":"primary-nic-ip-cfg","properties":{"subnet":{"id":"/subscriptions/00000000-0000-0000-0000-000000000000/resourceGroups/javacsmrg4929/providers/Microsoft.Network/virtualNetworks/vmssvnet/subnets/subnet1"},"privateIPAddressVersion":"IPv4","loadBalancerBackendAddressPools":[{"id":"/subscriptions/00000000-0000-0000-0000-000000000000/resourceGroups/javacsmrg4929/providers/Microsoft.Network/loadBalancers/extlb1-9486/backendAddressPools/extlb1-9486-BAP1"},{"id":"/subscriptions/00000000-0000-0000-0000-000000000000/resourceGroups/javacsmrg4929/providers/Microsoft.Network/loadBalancers/extlb1-9486/backendAddressPools/extlb1-9486-BAP2"},{"id":"/subscriptions/00000000-0000-0000-0000-000000000000/resourceGroups/javacsmrg4929/providers/Microsoft.Network/loadBalancers/InternalLb1-8832/backendAddressPools/InternalLb1-8832-BAP1"},{"id":"/subscriptions/00000000-0000-0000-0000-000000000000/resourceGroups/javacsmrg4929/providers/Microsoft.Network/loadBalancers/InternalLb1-8832/backendAddressPools/InternalLb1-8832-BAP2"}],"loadBalancerInboundNatPools":[{"id":"/subscriptions/00000000-0000-0000-0000-000000000000/resourceGroups/javacsmrg4929/providers/Microsoft.Network/loadBalancers/extlb1-9486/inboundNatPools/extlb1-9486-INP1"},{"id":"/subscriptions/00000000-0000-0000-0000-000000000000/resourceGroups/javacsmrg4929/providers/Microsoft.Network/loadBalancers/InternalLb1-8832/inboundNatPools/InternalLb1-8832-INP1"},{"id":"/subscriptions/00000000-0000-0000-0000-000000000000/resourceGroups/javacsmrg4929/providers/Microsoft.Network/loadBalancers/InternalLb1-8832/inboundNatPools/InternalLb1-8832-INP2"}]}}]}}]}},"provisioningState":"Succeeded","overprovision":true,"uniqueId":"2da84a97-bb83-4bc0-97a8-c68eec21221e"},"type":"Microsoft.Compute/virtualMachineScaleSets","location":"eastus","tags":{},"id":"/subscriptions/00000000-0000-0000-0000-000000000000/resourceGroups/JAVACSMRG4929/providers/Microsoft.Compute/virtualMachineScaleSets/vmss8194","name":"vmss8194"},{"sku":{"name":"Standard_A0","tier":"Standard","capacity":3},"properties":{"singlePlacementGroup":true,"upgradePolicy":{"mode":"Automatic","automaticOSUpgrade":false},"virtualMachineProfile":{"osProfile":{"computerNamePrefix":"vmss2748-vm","adminUsername":"jvuser","linuxConfiguration":{"disablePasswordAuthentication":false},"secrets":[]},"storageProfile":{"osDisk":{"vhdContainers":["https://stg2955.blob.core.windows.net/vhds","https://stg1578.blob.core.windows.net/vhds"],"name":"vmss2748-os-disk","createOption":"FromImage","caching":"ReadWrite"},"imageReference":{"publisher":"Canonical","offer":"UbuntuServer","sku":"16.04.0-LTS","version":"latest"}},"networkProfile":{"networkInterfaceConfigurations":[{"name":"primary-nic-cfg","properties":{"primary":true,"enableAcceleratedNetworking":false,"dnsSettings":{"dnsServers":[]},"ipConfigurations":[{"name":"primary-nic-ip-cfg","properties":{"subnet":{"id":"/subscriptions/00000000-0000-0000-0000-000000000000/resourceGroups/javacsmrg5967/providers/Microsoft.Network/virtualNetworks/vmssvnet6001/subnets/subnet1"},"privateIPAddressVersion":"IPv4"}}]}}]},"extensionProfile":{"extensions":[{"properties":{"publisher":"Microsoft.OSTCExtensions","type":"CustomScriptForLinux","typeHandlerVersion":"1.4","autoUpgradeMinorVersion":true,"settings":{"fileUris":["http://stg1578.blob.core.windows.net/scripts/install_apache.sh"]}},"name":"CustomScriptForLinux"}]}},"provisioningState":"Succeeded","overprovision":true,"uniqueId":"6212cb22-7846-47a8-84df-256a14c55b6d"},"type":"Microsoft.Compute/virtualMachineScaleSets","location":"eastus","tags":{},"id":"/subscriptions/00000000-0000-0000-0000-000000000000/resourceGroups/JAVACSMRG5967/providers/Microsoft.Compute/virtualMachineScaleSets/vmss2748","name":"vmss2748"},{"sku":{"name":"Standard_A0","tier":"Standard","capacity":2},"properties":{"singlePlacementGroup":true,"upgradePolicy":{"mode":"Manual","automaticOSUpgrade":false},"virtualMachineProfile":{"osProfile":{"computerNamePrefix":"vmss9803-vm","adminUsername":"jvuser","linuxConfiguration":{"disablePasswordAuthentication":false},"secrets":[]},"storageProfile":{"osDisk":{"vhdContainers":["https://stg8381.blob.core.windows.net/vhds","https://stg37207.blob.core.windows.net/vhds"],"name":"vmss9803-os-disk","createOption":"FromImage","caching":"ReadWrite"},"imageReference":{"publisher":"Canonical","offer":"UbuntuServer","sku":"16.04.0-LTS","version":"latest"}},"networkProfile":{"networkInterfaceConfigurations":[{"name":"primary-nic-cfg","properties":{"primary":true,"enableAcceleratedNetworking":false,"dnsSettings":{"dnsServers":[]},"ipConfigurations":[{"name":"primary-nic-ip-cfg","properties":{"subnet":{"id":"/subscriptions/00000000-0000-0000-0000-000000000000/resourceGroups/javacsmrg720/providers/Microsoft.Network/virtualNetworks/vmssvnet/subnets/subnet1"},"privateIPAddressVersion":"IPv4","loadBalancerBackendAddressPools":[{"id":"/subscriptions/00000000-0000-0000-0000-000000000000/resourceGroups/javacsmrg720/providers/Microsoft.Network/loadBalancers/extlb1-2374/backendAddressPools/extlb1-2374-BAP1"},{"id":"/subscriptions/00000000-0000-0000-0000-000000000000/resourceGroups/javacsmrg720/providers/Microsoft.Network/loadBalancers/extlb1-2374/backendAddressPools/extlb1-2374-BAP2"},{"id":"/subscriptions/00000000-0000-0000-0000-000000000000/resourceGroups/javacsmrg720/providers/Microsoft.Network/loadBalancers/InternalLb1-5784/backendAddressPools/InternalLb1-5784-BAP1"},{"id":"/subscriptions/00000000-0000-0000-0000-000000000000/resourceGroups/javacsmrg720/providers/Microsoft.Network/loadBalancers/InternalLb1-5784/backendAddressPools/InternalLb1-5784-BAP2"}],"loadBalancerInboundNatPools":[{"id":"/subscriptions/00000000-0000-0000-0000-000000000000/resourceGroups/javacsmrg720/providers/Microsoft.Network/loadBalancers/extlb1-2374/inboundNatPools/extlb1-2374-INP1"},{"id":"/subscriptions/00000000-0000-0000-0000-000000000000/resourceGroups/javacsmrg720/providers/Microsoft.Network/loadBalancers/InternalLb1-5784/inboundNatPools/InternalLb1-5784-INP1"},{"id":"/subscriptions/00000000-0000-0000-0000-000000000000/resourceGroups/javacsmrg720/providers/Microsoft.Network/loadBalancers/InternalLb1-5784/inboundNatPools/InternalLb1-5784-INP2"}]}}]}}]}},"provisioningState":"Succeeded","overprovision":true,"uniqueId":"c67be508-a6dd-4ef6-acaf-fc57132f0f4d"},"type":"Microsoft.Compute/virtualMachineScaleSets","location":"eastus","tags":{},"id":"/subscriptions/00000000-0000-0000-0000-000000000000/resourceGroups/JAVACSMRG720/providers/Microsoft.Compute/virtualMachineScaleSets/vmss9803","name":"vmss9803"},{"sku":{"name":"Standard_A0","tier":"Standard","capacity":2},"properties":{"singlePlacementGroup":true,"upgradePolicy":{"mode":"Automatic","automaticOSUpgrade":false},"virtualMachineProfile":{"osProfile":{"computerNamePrefix":"vmss3271-vm","adminUsername":"jvuser","linuxConfiguration":{"disablePasswordAuthentication":false},"secrets":[]},"storageProfile":{"osDisk":{"vhdContainers":["https://stg7343.blob.core.windows.net/vhds","https://stg24699.blob.core.windows.net/vhds"],"name":"vmss3271-os-disk","createOption":"FromImage","caching":"ReadWrite"},"imageReference":{"publisher":"Canonical","offer":"UbuntuServer","sku":"16.04.0-LTS","version":"latest"}},"networkProfile":{"networkInterfaceConfigurations":[{"name":"primary-nic-cfg","properties":{"primary":true,"enableAcceleratedNetworking":false,"dnsSettings":{"dnsServers":[]},"ipConfigurations":[{"name":"primary-nic-ip-cfg","properties":{"subnet":{"id":"/subscriptions/00000000-0000-0000-0000-000000000000/resourceGroups/javacsmrg8678/providers/Microsoft.Network/virtualNetworks/vmssvnet9166/subnets/subnet1"},"privateIPAddressVersion":"IPv4","loadBalancerBackendAddressPools":[{"id":"/subscriptions/00000000-0000-0000-0000-000000000000/resourceGroups/javacsmrg8678/providers/Microsoft.Network/loadBalancers/extlb1-2027/backendAddressPools/extlb1-2027-BAP1"}],"loadBalancerInboundNatPools":[{"id":"/subscriptions/00000000-0000-0000-0000-000000000000/resourceGroups/javacsmrg8678/providers/Microsoft.Network/loadBalancers/extlb1-2027/inboundNatPools/extlb1-2027-INP1"}]}}]}}]},"extensionProfile":{"extensions":[{"properties":{"publisher":"Microsoft.OSTCExtensions","type":"CustomScriptForLinux","typeHandlerVersion":"1.4","autoUpgradeMinorVersion":true,"settings":{"fileUris":["https://raw.githubusercontent.com/Azure/azure-libraries-for-net/master/Tests/Fluent.Tests/Assets/install_apache.sh"],"commandToExecute":"bash
        install_apache.sh"}},"name":"CustomScriptForLinux"}]}},"provisioningState":"Succeeded","overprovision":true,"uniqueId":"d4227c63-0d88-419c-b7c7-443f0238c0df"},"type":"Microsoft.Compute/virtualMachineScaleSets","location":"eastus","tags":{},"id":"/subscriptions/00000000-0000-0000-0000-000000000000/resourceGroups/JAVACSMRG8678/providers/Microsoft.Compute/virtualMachineScaleSets/vmss3271","name":"vmss3271"},{"sku":{"name":"Standard_D1_v2","tier":"Standard","capacity":2},"properties":{"singlePlacementGroup":true,"upgradePolicy":{"mode":"Manual","automaticOSUpgrade":false},"virtualMachineProfile":{"osProfile":{"computerNamePrefix":"vmss1241a","adminUsername":"clittester","linuxConfiguration":{"disablePasswordAuthentication":true,"ssh":{"publicKeys":[{"path":"/home/clittester/.ssh/authorized_keys","keyData":"ssh-rsa
        AAAAB3NzaC1yc2EAAAADAQABAAACAQCbIg1guRHbI0lV11wWDt1r2cUdcNd27CJsg+SfgC7miZeubtwUhbsPdhMQsfDyhOWHq1+ZL0M+nJZV63d/1dhmhtgyOqejUwrPlzKhydsbrsdUor+JmNJDdW01v7BXHyuymT8G4s09jCasNOwiufbP/qp72ruu0bIA1nySsvlf9pCQAuFkAnVnf/rFhUlOkhtRpwcq8SUNY2zRHR/EKb/4NWY1JzR4sa3q2fWIJdrrX0DvLoa5g9bIEd4Df79ba7v+yiUBOS0zT2ll+z4g9izHK3EO5d8hL4jYxcjKs+wcslSYRWrascfscLgMlMGh0CdKeNTDjHpGPncaf3Z+FwwwjWeuiNBxv7bJo13/8B/098KlVDl4GZqsoBCEjPyJfV6hO0y/LkRGkk7oHWKgeWAfKtfLItRp00eZ4fcJNK9kCaSMmEugoZWcI7NGbZXzqFWqbpRI7NcDP9+WIQ+i9U5vqWsqd/zng4kbuAJ6UuKqIzB0upYrLShfQE3SAck8oaLhJqqq56VfDuASNpJKidV+zq27HfSBmbXnkR/5AK337dc3MXKJypoK/QPMLKUAP5XLPbs+NddJQV7EZXd29DLgp+fRIg3edpKdO7ZErWhv7d+3Kws+e1Y+ypmR2WIVSwVyBEUfgv2C8Ts9gnTF4pNcEY/S2aBicz5Ew2+jdyGNQQ==
        test@example.com\n"}]}},"secrets":[]},"storageProfile":{"osDisk":{"createOption":"FromImage","caching":"ReadWrite","managedDisk":{"storageAccountType":"Standard_LRS"}},"imageReference":{"publisher":"credativ","offer":"Debian","sku":"8","version":"latest"}},"networkProfile":{"networkInterfaceConfigurations":[{"name":"vmss1241aNic","properties":{"primary":true,"enableAcceleratedNetworking":false,"networkSecurityGroup":{"id":"/subscriptions/00000000-0000-0000-0000-000000000000/resourceGroups/clitest.rgm5mmz5vntawil36to65ydlasde2ilv7i3xqnwo4tgd2kjh6bayudgutwsaje2t2l7/providers/Microsoft.Network/networkSecurityGroups/testnsg"},"dnsSettings":{"dnsServers":["10.0.0.6","10.0.0.5"]},"enableIPForwarding":false,"ipConfigurations":[{"name":"vmss1241aIPConfig","properties":{"publicIPAddressConfiguration":{"name":"instancepublicip","properties":{"idleTimeoutInMinutes":10,"ipTags":[],"dnsSettings":{"domainNameLabel":"clitestnewnetwork"}}},"subnet":{"id":"/subscriptions/00000000-0000-0000-0000-000000000000/resourceGroups/clitest.rgm5mmz5vntawil36to65ydlasde2ilv7i3xqnwo4tgd2kjh6bayudgutwsaje2t2l7/providers/Microsoft.Network/virtualNetworks/vmss1VNET/subnets/vmss1Subnet"},"privateIPAddressVersion":"IPv4","loadBalancerBackendAddressPools":[{"id":"/subscriptions/00000000-0000-0000-0000-000000000000/resourceGroups/clitest.rgm5mmz5vntawil36to65ydlasde2ilv7i3xqnwo4tgd2kjh6bayudgutwsaje2t2l7/providers/Microsoft.Network/loadBalancers/vmss1LB/backendAddressPools/vmss1LBBEPool"}],"loadBalancerInboundNatPools":[{"id":"/subscriptions/00000000-0000-0000-0000-000000000000/resourceGroups/clitest.rgm5mmz5vntawil36to65ydlasde2ilv7i3xqnwo4tgd2kjh6bayudgutwsaje2t2l7/providers/Microsoft.Network/loadBalancers/vmss1LB/inboundNatPools/vmss1LBNatPool"}]}}]}}]}},"provisioningState":"Failed","overprovision":true,"uniqueId":"ac6425d9-822a-4536-8c39-2548239ca844"},"type":"Microsoft.Compute/virtualMachineScaleSets","location":"westus","tags":{},"id":"/subscriptions/00000000-0000-0000-0000-000000000000/resourceGroups/CLITEST.RGM5MMZ5VNTAWIL36TO65YDLASDE2ILV7I3XQNWO4TGD2KJH6BAYUDGUTWSAJE2T2L7/providers/Microsoft.Compute/virtualMachineScaleSets/vmss1","name":"vmss1"},{"sku":{"name":"Standard_D1_v2","tier":"Standard","capacity":5},"properties":{"singlePlacementGroup":true,"upgradePolicy":{"mode":"Manual","automaticOSUpgrade":false},"virtualMachineProfile":{"osProfile":{"computerNamePrefix":"vmss1d12d","adminUsername":"clittester","linuxConfiguration":{"disablePasswordAuthentication":true,"ssh":{"publicKeys":[{"path":"/home/clittester/.ssh/authorized_keys","keyData":"ssh-rsa
        AAAAB3NzaC1yc2EAAAADAQABAAACAQCbIg1guRHbI0lV11wWDt1r2cUdcNd27CJsg+SfgC7miZeubtwUhbsPdhMQsfDyhOWHq1+ZL0M+nJZV63d/1dhmhtgyOqejUwrPlzKhydsbrsdUor+JmNJDdW01v7BXHyuymT8G4s09jCasNOwiufbP/qp72ruu0bIA1nySsvlf9pCQAuFkAnVnf/rFhUlOkhtRpwcq8SUNY2zRHR/EKb/4NWY1JzR4sa3q2fWIJdrrX0DvLoa5g9bIEd4Df79ba7v+yiUBOS0zT2ll+z4g9izHK3EO5d8hL4jYxcjKs+wcslSYRWrascfscLgMlMGh0CdKeNTDjHpGPncaf3Z+FwwwjWeuiNBxv7bJo13/8B/098KlVDl4GZqsoBCEjPyJfV6hO0y/LkRGkk7oHWKgeWAfKtfLItRp00eZ4fcJNK9kCaSMmEugoZWcI7NGbZXzqFWqbpRI7NcDP9+WIQ+i9U5vqWsqd/zng4kbuAJ6UuKqIzB0upYrLShfQE3SAck8oaLhJqqq56VfDuASNpJKidV+zq27HfSBmbXnkR/5AK337dc3MXKJypoK/QPMLKUAP5XLPbs+NddJQV7EZXd29DLgp+fRIg3edpKdO7ZErWhv7d+3Kws+e1Y+ypmR2WIVSwVyBEUfgv2C8Ts9gnTF4pNcEY/S2aBicz5Ew2+jdyGNQQ==
        test@example.com\n"}]}},"secrets":[]},"storageProfile":{"osDisk":{"createOption":"FromImage","caching":"ReadWrite","managedDisk":{"storageAccountType":"Standard_LRS"}},"imageReference":{"publisher":"credativ","offer":"Debian","sku":"8","version":"latest"}},"networkProfile":{"networkInterfaceConfigurations":[{"name":"vmss1d12dNic","properties":{"primary":true,"enableAcceleratedNetworking":false,"dnsSettings":{"dnsServers":[]},"enableIPForwarding":false,"ipConfigurations":[{"name":"vmss1d12dIPConfig","properties":{"subnet":{"id":"/subscriptions/00000000-0000-0000-0000-000000000000/resourceGroups/clitest.rgv2wybf2sm5wdcfhrej7cufngrs7a2smcmd6yr6qn34ufzqe3ls5an2pcqyo6dz7cd/providers/Microsoft.Network/virtualNetworks/vmss1VNET/subnets/vmss1Subnet"},"privateIPAddressVersion":"IPv4","applicationGatewayBackendAddressPools":[{"id":"/subscriptions/00000000-0000-0000-0000-000000000000/resourceGroups/clitest.rgv2wybf2sm5wdcfhrej7cufngrs7a2smcmd6yr6qn34ufzqe3ls5an2pcqyo6dz7cd/providers/Microsoft.Network/applicationGateways/apt1/backendAddressPools/vmss1LBBEPool"}]}}]}}]}},"provisioningState":"Succeeded","overprovision":true,"uniqueId":"34642f8b-821f-438b-89e3-721daa61b73a"},"type":"Microsoft.Compute/virtualMachineScaleSets","location":"westus","tags":{},"id":"/subscriptions/00000000-0000-0000-0000-000000000000/resourceGroups/CLITEST.RGV2WYBF2SM5WDCFHREJ7CUFNGRS7A2SMCMD6YR6QN34UFZQE3LS5AN2PCQYO6DZ7CD/providers/Microsoft.Compute/virtualMachineScaleSets/vmss1","name":"vmss1"},{"sku":{"name":"Standard_D1_v2","tier":"Standard","capacity":2},"properties":{"singlePlacementGroup":true,"upgradePolicy":{"mode":"Manual","automaticOSUpgrade":false},"virtualMachineProfile":{"osProfile":{"computerNamePrefix":"vmss12fe5","adminUsername":"sdk-test-admin","linuxConfiguration":{"disablePasswordAuthentication":false},"secrets":[]},"storageProfile":{"osDisk":{"createOption":"FromImage","caching":"ReadWrite","managedDisk":{"storageAccountType":"Standard_LRS"},"diskSizeGB":30},"imageReference":{"id":"/subscriptions/00000000-0000-0000-0000-000000000000/resourceGroups/clitest.rgvrmkkygk76m3acvw4w7wczw47kkh6bbbew6iyzzs5txzbiqytrxu56vqgeomjltdy/providers/Microsoft.Compute/images/image1"}},"networkProfile":{"networkInterfaceConfigurations":[{"name":"vmss12fe5Nic","properties":{"primary":true,"enableAcceleratedNetworking":false,"dnsSettings":{"dnsServers":[]},"enableIPForwarding":false,"ipConfigurations":[{"name":"vmss12fe5IPConfig","properties":{"subnet":{"id":"/subscriptions/00000000-0000-0000-0000-000000000000/resourceGroups/clitest.rgvrmkkygk76m3acvw4w7wczw47kkh6bbbew6iyzzs5txzbiqytrxu56vqgeomjltdy/providers/Microsoft.Network/virtualNetworks/vm1VNET/subnets/vm1Subnet"},"privateIPAddressVersion":"IPv4","loadBalancerBackendAddressPools":[{"id":"/subscriptions/00000000-0000-0000-0000-000000000000/resourceGroups/clitest.rgvrmkkygk76m3acvw4w7wczw47kkh6bbbew6iyzzs5txzbiqytrxu56vqgeomjltdy/providers/Microsoft.Network/loadBalancers/vmss1LB/backendAddressPools/vmss1LBBEPool"}],"loadBalancerInboundNatPools":[{"id":"/subscriptions/00000000-0000-0000-0000-000000000000/resourceGroups/clitest.rgvrmkkygk76m3acvw4w7wczw47kkh6bbbew6iyzzs5txzbiqytrxu56vqgeomjltdy/providers/Microsoft.Network/loadBalancers/vmss1LB/inboundNatPools/vmss1LBNatPool"}]}}]}}]}},"provisioningState":"Succeeded","overprovision":true,"uniqueId":"41a9deae-341d-48f0-abd7-f4d1cdbb6cbc"},"type":"Microsoft.Compute/virtualMachineScaleSets","location":"westus","tags":{},"id":"/subscriptions/00000000-0000-0000-0000-000000000000/resourceGroups/CLITEST.RGVRMKKYGK76M3ACVW4W7WCZW47KKH6BBBEW6IYZZS5TXZBIQYTRXU56VQGEOMJLTDY/providers/Microsoft.Compute/virtualMachineScaleSets/vmss1","name":"vmss1"},{"sku":{"name":"Standard_D1_v2","tier":"Standard","capacity":2},"properties":{"singlePlacementGroup":true,"upgradePolicy":{"mode":"Rolling","rollingUpgradePolicy":{"maxBatchInstancePercent":20,"maxUnhealthyInstancePercent":20,"maxUnhealthyUpgradedInstancePercent":20,"pauseTimeBetweenBatches":"PT0S"},"automaticOSUpgrade":false},"virtualMachineProfile":{"osProfile":{"computerNamePrefix":"vmss1b256","adminUsername":"clitester1","linuxConfiguration":{"disablePasswordAuthentication":false},"secrets":[]},"storageProfile":{"osDisk":{"createOption":"FromImage","caching":"ReadWrite","managedDisk":{"storageAccountType":"Standard_LRS"}},"imageReference":{"publisher":"Canonical","offer":"UbuntuServer","sku":"16.04-LTS","version":"latest"}},"networkProfile":{"healthProbe":{"id":"/subscriptions/00000000-0000-0000-0000-000000000000/resourceGroups/clitest.rgxdgixdd6pnv22py2lku4ontieby53gaewggbt7b27m2xyg2ed52j5rzoyf47q5jjx/providers/Microsoft.Network/loadBalancers/lb1/probes/probe1"},"networkInterfaceConfigurations":[{"name":"vmss1b256Nic","properties":{"primary":true,"enableAcceleratedNetworking":false,"dnsSettings":{"dnsServers":[]},"enableIPForwarding":false,"ipConfigurations":[{"name":"vmss1b256IPConfig","properties":{"subnet":{"id":"/subscriptions/00000000-0000-0000-0000-000000000000/resourceGroups/clitest.rgxdgixdd6pnv22py2lku4ontieby53gaewggbt7b27m2xyg2ed52j5rzoyf47q5jjx/providers/Microsoft.Network/virtualNetworks/vmss1VNET/subnets/vmss1Subnet"},"privateIPAddressVersion":"IPv4","loadBalancerBackendAddressPools":[{"id":"/subscriptions/00000000-0000-0000-0000-000000000000/resourceGroups/clitest.rgxdgixdd6pnv22py2lku4ontieby53gaewggbt7b27m2xyg2ed52j5rzoyf47q5jjx/providers/Microsoft.Network/loadBalancers/lb1/backendAddressPools/lb1bepool"}],"loadBalancerInboundNatPools":[{"id":"/subscriptions/00000000-0000-0000-0000-000000000000/resourceGroups/clitest.rgxdgixdd6pnv22py2lku4ontieby53gaewggbt7b27m2xyg2ed52j5rzoyf47q5jjx/providers/Microsoft.Network/loadBalancers/lb1/inboundNatPools/nat-pool1"}]}}]}}]},"extensionProfile":{"extensions":[{"properties":{"publisher":"Microsoft.Azure.Extensions","type":"customScript","typeHandlerVersion":"2.0","autoUpgradeMinorVersion":true,"settings":{"commandToExecute":"sudo
        apt-get install -y nginx"}},"name":"customScript"}]}},"provisioningState":"Succeeded","overprovision":true,"uniqueId":"4f89a16c-33ee-4727-ad6c-7f51fa5d52d0"},"type":"Microsoft.Compute/virtualMachineScaleSets","location":"westus","tags":{},"id":"/subscriptions/00000000-0000-0000-0000-000000000000/resourceGroups/CLITEST.RGXDGIXDD6PNV22PY2LKU4ONTIEBY53GAEWGGBT7B27M2XYG2ED52J5RZOYF47Q5JJX/providers/Microsoft.Compute/virtualMachineScaleSets/vmss1","name":"vmss1"},{"sku":{"name":"Standard_D1_v2","tier":"Standard","capacity":2},"properties":{"singlePlacementGroup":true,"upgradePolicy":{"mode":"Manual","automaticOSUpgrade":false},"virtualMachineProfile":{"osProfile":{"computerNamePrefix":"vmss154a9","adminUsername":"admin123","linuxConfiguration":{"disablePasswordAuthentication":false},"secrets":[]},"storageProfile":{"osDisk":{"createOption":"FromImage","caching":"ReadWrite","managedDisk":{"storageAccountType":"Standard_LRS"}},"imageReference":{"publisher":"credativ","offer":"Debian","sku":"8","version":"latest"}},"networkProfile":{"networkInterfaceConfigurations":[{"name":"vmss154a9Nic","properties":{"primary":true,"enableAcceleratedNetworking":false,"dnsSettings":{"dnsServers":[]},"enableIPForwarding":false,"ipConfigurations":[{"name":"vmss154a9IPConfig","properties":{"subnet":{"id":"/subscriptions/00000000-0000-0000-0000-000000000000/resourceGroups/clitest.rgzzekqt4htpd4ctqwfg66d5mejimdtsm3pcgqmtugr2vmzq25thqqxh4x4ook4h73p/providers/Microsoft.Network/virtualNetworks/vm1VNET/subnets/vm1Subnet"},"privateIPAddressVersion":"IPv4","loadBalancerBackendAddressPools":[{"id":"/subscriptions/00000000-0000-0000-0000-000000000000/resourceGroups/clitest.rgzzekqt4htpd4ctqwfg66d5mejimdtsm3pcgqmtugr2vmzq25thqqxh4x4ook4h73p/providers/Microsoft.Network/loadBalancers/vmss1LB/backendAddressPools/vmss1LBBEPool"}],"loadBalancerInboundNatPools":[{"id":"/subscriptions/00000000-0000-0000-0000-000000000000/resourceGroups/clitest.rgzzekqt4htpd4ctqwfg66d5mejimdtsm3pcgqmtugr2vmzq25thqqxh4x4ook4h73p/providers/Microsoft.Network/loadBalancers/vmss1LB/inboundNatPools/vmss1LBNatPool"}]}}]}}]},"extensionProfile":{"extensions":[{"properties":{"publisher":"Microsoft.ManagedIdentity","type":"ManagedIdentityExtensionForLinux","typeHandlerVersion":"1.0","autoUpgradeMinorVersion":true,"settings":{"port":50342}},"name":"ManagedIdentityExtensionForLinux"}]}},"provisioningState":"Succeeded","overprovision":true,"uniqueId":"a2ecda72-4302-4a1b-b8ed-9662d34edd81"},"type":"Microsoft.Compute/virtualMachineScaleSets","location":"westus","tags":{},"identity":{"type":"SystemAssigned","principalId":"392c0926-39d7-4549-8cdd-4d8732e8ff21","tenantId":"54826b22-38d6-4fb2-bad9-b7b93a3e9c5a"},"id":"/subscriptions/00000000-0000-0000-0000-000000000000/resourceGroups/CLITEST.RGZZEKQT4HTPD4CTQWFG66D5MEJIMDTSM3PCGQMTUGR2VMZQ25THQQXH4X4OOK4H73P/providers/Microsoft.Compute/virtualMachineScaleSets/vmss1","name":"vmss1"},{"sku":{"name":"Standard_D1_v2","tier":"Standard","capacity":2},"properties":{"singlePlacementGroup":true,"upgradePolicy":{"mode":"Manual","automaticOSUpgrade":false},"virtualMachineProfile":{"osProfile":{"computerNamePrefix":"vmss1f5e4","adminUsername":"myadmin","windowsConfiguration":{"provisionVMAgent":true,"enableAutomaticUpdates":true},"secrets":[]},"storageProfile":{"osDisk":{"createOption":"FromImage","caching":"ReadWrite","managedDisk":{"storageAccountType":"Standard_LRS"}},"imageReference":{"publisher":"MicrosoftWindowsServer","offer":"WindowsServer","sku":"2012-R2-Datacenter","version":"latest"}},"networkProfile":{"networkInterfaceConfigurations":[{"name":"vmss1f5e4Nic","properties":{"primary":true,"enableAcceleratedNetworking":false,"dnsSettings":{"dnsServers":[]},"enableIPForwarding":false,"ipConfigurations":[{"name":"vmss1f5e4IPConfig","properties":{"subnet":{"id":"/subscriptions/00000000-0000-0000-0000-000000000000/resourceGroups/cli_test_vmss_create_and_modify_2pih_/providers/Microsoft.Network/virtualNetworks/vmss1VNET/subnets/vmss1Subnet"},"privateIPAddressVersion":"IPv4","loadBalancerBackendAddressPools":[{"id":"/subscriptions/00000000-0000-0000-0000-000000000000/resourceGroups/cli_test_vmss_create_and_modify_2pih_/providers/Microsoft.Network/loadBalancers/vmss1LB/backendAddressPools/vmss1LBBEPool"}],"loadBalancerInboundNatPools":[{"id":"/subscriptions/00000000-0000-0000-0000-000000000000/resourceGroups/cli_test_vmss_create_and_modify_2pih_/providers/Microsoft.Network/loadBalancers/vmss1LB/inboundNatPools/vmss1LBNatPool"}]}}]}}]}},"provisioningState":"Succeeded","overprovision":true,"uniqueId":"7ce0fb8b-464a-4d48-b114-8a5ecf0bf977"},"type":"Microsoft.Compute/virtualMachineScaleSets","location":"westus","tags":{},"id":"/subscriptions/00000000-0000-0000-0000-000000000000/resourceGroups/CLI_TEST_VMSS_CREATE_AND_MODIFY_2PIH_/providers/Microsoft.Compute/virtualMachineScaleSets/vmss1","name":"vmss1"},{"sku":{"name":"Standard_D1_v2","tier":"Standard","capacity":5},"properties":{"singlePlacementGroup":true,"upgradePolicy":{"mode":"Manual","automaticOSUpgrade":false},"virtualMachineProfile":{"osProfile":{"computerNamePrefix":"vmss1f8b9","adminUsername":"myadmin","windowsConfiguration":{"provisionVMAgent":true,"enableAutomaticUpdates":true},"secrets":[]},"storageProfile":{"osDisk":{"createOption":"FromImage","caching":"ReadWrite","managedDisk":{"storageAccountType":"Standard_LRS"}},"imageReference":{"publisher":"MicrosoftWindowsServer","offer":"WindowsServer","sku":"2012-R2-Datacenter","version":"latest"}},"networkProfile":{"networkInterfaceConfigurations":[{"name":"vmss1f8b9Nic","properties":{"primary":true,"enableAcceleratedNetworking":false,"dnsSettings":{"dnsServers":[]},"enableIPForwarding":false,"ipConfigurations":[{"name":"vmss1f8b9IPConfig","properties":{"subnet":{"id":"/subscriptions/00000000-0000-0000-0000-000000000000/resourceGroups/cli_test_vmss_create_and_modify/providers/Microsoft.Network/virtualNetworks/vmss1VNET/subnets/vmss1Subnet"},"privateIPAddressVersion":"IPv4","loadBalancerBackendAddressPools":[{"id":"/subscriptions/00000000-0000-0000-0000-000000000000/resourceGroups/cli_test_vmss_create_and_modify/providers/Microsoft.Network/loadBalancers/vmss1LB/backendAddressPools/vmss1LBBEPool"}],"loadBalancerInboundNatPools":[{"id":"/subscriptions/00000000-0000-0000-0000-000000000000/resourceGroups/cli_test_vmss_create_and_modify/providers/Microsoft.Network/loadBalancers/vmss1LB/inboundNatPools/vmss1LBNatPool"}]}}]}}]}},"provisioningState":"Succeeded","overprovision":true,"uniqueId":"ba0ecf3e-a54e-44ee-9029-c64459b7de7d"},"type":"Microsoft.Compute/virtualMachineScaleSets","location":"westus","tags":{},"id":"/subscriptions/00000000-0000-0000-0000-000000000000/resourceGroups/CLI_TEST_VMSS_CREATE_AND_MODIFY_OF38_/providers/Microsoft.Compute/virtualMachineScaleSets/vmss1","name":"vmss1"},{"sku":{"name":"Standard_D1_v2","tier":"Standard","capacity":2},"properties":{"singlePlacementGroup":true,"upgradePolicy":{"mode":"Manual","automaticOSUpgrade":false},"virtualMachineProfile":{"osProfile":{"computerNamePrefix":"vmss10b35","adminUsername":"admin123","linuxConfiguration":{"disablePasswordAuthentication":false},"secrets":[]},"storageProfile":{"osDisk":{"createOption":"FromImage","caching":"ReadWrite","managedDisk":{"storageAccountType":"Standard_LRS"}},"imageReference":{"publisher":"Canonical","offer":"UbuntuServer","sku":"16.04-LTS","version":"latest"}},"networkProfile":{"networkInterfaceConfigurations":[{"name":"vmss10b35Nic","properties":{"primary":true,"enableAcceleratedNetworking":false,"dnsSettings":{"dnsServers":[]},"enableIPForwarding":false,"ipConfigurations":[{"name":"vmss10b35IPConfig","properties":{"subnet":{"id":"/subscriptions/00000000-0000-0000-0000-000000000000/resourceGroups/cli_test_vmss_vms_ddp0_/providers/Microsoft.Network/virtualNetworks/vmss1VNET/subnets/vmss1Subnet"},"privateIPAddressVersion":"IPv4","loadBalancerBackendAddressPools":[{"id":"/subscriptions/00000000-0000-0000-0000-000000000000/resourceGroups/cli_test_vmss_vms_ddp0_/providers/Microsoft.Network/loadBalancers/vmss1LB/backendAddressPools/vmss1LBBEPool"}],"loadBalancerInboundNatPools":[{"id":"/subscriptions/00000000-0000-0000-0000-000000000000/resourceGroups/cli_test_vmss_vms_ddp0_/providers/Microsoft.Network/loadBalancers/vmss1LB/inboundNatPools/vmss1LBNatPool"}]}}]}}]}},"provisioningState":"Creating","overprovision":true,"uniqueId":"e8573eaa-051f-4b6b-9702-4f1da4a32c65"},"type":"Microsoft.Compute/virtualMachineScaleSets","location":"westus","tags":{},"id":"/subscriptions/00000000-0000-0000-0000-000000000000/resourceGroups/CLI_TEST_VMSS_VMS_DDP0_/providers/Microsoft.Compute/virtualMachineScaleSets/vmss1","name":"vmss1"},{"sku":{"name":"Standard_D1_v2","tier":"Standard","capacity":1},"properties":{"singlePlacementGroup":true,"upgradePolicy":{"mode":"Manual","automaticOSUpgrade":false},"virtualMachineProfile":{"osProfile":{"computerNamePrefix":"vmss1073f","adminUsername":"clitester1","windowsConfiguration":{"provisionVMAgent":true,"enableAutomaticUpdates":true},"secrets":[]},"storageProfile":{"osDisk":{"createOption":"FromImage","caching":"ReadWrite","managedDisk":{"storageAccountType":"Standard_LRS"}},"imageReference":{"publisher":"MicrosoftWindowsServer","offer":"WindowsServer","sku":"2016-Datacenter","version":"latest"}},"networkProfile":{"networkInterfaceConfigurations":[{"name":"vmss1073fNic","properties":{"primary":true,"enableAcceleratedNetworking":false,"dnsSettings":{"dnsServers":[]},"enableIPForwarding":false,"ipConfigurations":[{"name":"vmss1073fIPConfig","properties":{"subnet":{"id":"/subscriptions/00000000-0000-0000-0000-000000000000/resourceGroups/clitest.rgeutijaesye5zmn77kqqrzkqs6klpfrihgq77eafononqvsahtx2ucytgdur2yttmo/providers/Microsoft.Network/virtualNetworks/vmss1VNET/subnets/vmss1Subnet"},"privateIPAddressVersion":"IPv4","loadBalancerBackendAddressPools":[{"id":"/subscriptions/00000000-0000-0000-0000-000000000000/resourceGroups/clitest.rgeutijaesye5zmn77kqqrzkqs6klpfrihgq77eafononqvsahtx2ucytgdur2yttmo/providers/Microsoft.Network/loadBalancers/vmss1LB/backendAddressPools/vmss1LBBEPool"}],"loadBalancerInboundNatPools":[{"id":"/subscriptions/00000000-0000-0000-0000-000000000000/resourceGroups/clitest.rgeutijaesye5zmn77kqqrzkqs6klpfrihgq77eafononqvsahtx2ucytgdur2yttmo/providers/Microsoft.Network/loadBalancers/vmss1LB/inboundNatPools/vmss1LBNatPool"}]}}]}}]},"extensionProfile":{"extensions":[{"properties":{"publisher":"Microsoft.Azure.Security","type":"AzureDiskEncryption","typeHandlerVersion":"2.1","autoUpgradeMinorVersion":true,"settings":{"KeyVaultURL":"https://vaultd5gdc.vault.azure.net","VolumeType":"ALL","EncryptionOperation":"EnableEncryption","KekVaultResourceId":"","KeyEncryptionKeyURL":"","KeyVaultResourceId":"/subscriptions/00000000-0000-0000-0000-000000000000/resourceGroups/clitest.rgeutijaesye5zmn77kqqrzkqs6klpfrihgq77eafononqvsahtx2ucytgdur2yttmo/providers/Microsoft.KeyVault/vaults/vaultd5gdc","KeyEncryptionAlgorithm":""},"forceUpdateTag":"eaee7957-4dc7-4d50-ade7-a09e609cb0b3"},"name":"AzureDiskEncryption"}]}},"provisioningState":"Succeeded","overprovision":true,"uniqueId":"329ec8cc-fa24-45f1-b75c-a9f4e54bfab7"},"type":"Microsoft.Compute/virtualMachineScaleSets","location":"EastUS2EUAP","tags":{},"id":"/subscriptions/00000000-0000-0000-0000-000000000000/resourceGroups/CLITEST.RGEUTIJAESYE5ZMN77KQQRZKQS6KLPFRIHGQ77EAFONONQVSAHTX2UCYTGDUR2YTTMO/providers/Microsoft.Compute/virtualMachineScaleSets/vmss1","name":"vmss1"},{"sku":{"name":"Standard_D1_v2","tier":"Standard","capacity":1},"properties":{"singlePlacementGroup":true,"upgradePolicy":{"mode":"Manual","automaticOSUpgrade":false},"virtualMachineProfile":{"osProfile":{"computerNamePrefix":"vmss15e9b","adminUsername":"clitester1","windowsConfiguration":{"provisionVMAgent":true,"enableAutomaticUpdates":true},"secrets":[]},"storageProfile":{"osDisk":{"createOption":"FromImage","caching":"ReadWrite","managedDisk":{"storageAccountType":"Standard_LRS"}},"imageReference":{"publisher":"MicrosoftWindowsServer","offer":"WindowsServer","sku":"2016-Datacenter","version":"latest"}},"networkProfile":{"networkInterfaceConfigurations":[{"name":"vmss15e9bNic","properties":{"primary":true,"enableAcceleratedNetworking":false,"dnsSettings":{"dnsServers":[]},"enableIPForwarding":false,"ipConfigurations":[{"name":"vmss15e9bIPConfig","properties":{"subnet":{"id":"/subscriptions/00000000-0000-0000-0000-000000000000/resourceGroups/clitest.rgtdwpmfoe4cplbhgaiml3wn6y4nachilfqvtmhjfh2zgei3ejpkfa3oa2xa5eyoysz/providers/Microsoft.Network/virtualNetworks/vmss1VNET/subnets/vmss1Subnet"},"privateIPAddressVersion":"IPv4","loadBalancerBackendAddressPools":[{"id":"/subscriptions/00000000-0000-0000-0000-000000000000/resourceGroups/clitest.rgtdwpmfoe4cplbhgaiml3wn6y4nachilfqvtmhjfh2zgei3ejpkfa3oa2xa5eyoysz/providers/Microsoft.Network/loadBalancers/vmss1LB/backendAddressPools/vmss1LBBEPool"}],"loadBalancerInboundNatPools":[{"id":"/subscriptions/00000000-0000-0000-0000-000000000000/resourceGroups/clitest.rgtdwpmfoe4cplbhgaiml3wn6y4nachilfqvtmhjfh2zgei3ejpkfa3oa2xa5eyoysz/providers/Microsoft.Network/loadBalancers/vmss1LB/inboundNatPools/vmss1LBNatPool"}]}}]}}]}},"provisioningState":"Creating","overprovision":true,"uniqueId":"42842607-62fc-4f0f-8c4f-f870e3d650d1"},"type":"Microsoft.Compute/virtualMachineScaleSets","location":"EastUS2EUAP","tags":{},"id":"/subscriptions/00000000-0000-0000-0000-000000000000/resourceGroups/CLITEST.RGTDWPMFOE4CPLBHGAIML3WN6Y4NACHILFQVTMHJFH2ZGEI3EJPKFA3OA2XA5EYOYSZ/providers/Microsoft.Compute/virtualMachineScaleSets/vmss1","name":"vmss1"}]}'}
    headers:
      Cache-Control: [no-cache]
      Content-Type: [application/json; charset=utf-8]
      Date: ['Fri, 15 Dec 2017 02:58:05 GMT']
      Expires: ['-1']
      Pragma: [no-cache]
      Strict-Transport-Security: [max-age=31536000; includeSubDomains]
      Vary: [Accept-Encoding]
      content-length: ['33523']
      x-ms-original-request-ids: [ae480d8c-393b-4a4c-81bc-c98d1efbf09e, e82ba977-e23c-4b8e-922e-968aab5f19e9,
        550bc161-4624-4835-a16e-ffa481aee097]
    status: {code: 200, message: OK}
- request:
    body: null
    headers:
      Accept: [application/json]
      Accept-Encoding: ['gzip, deflate']
      Connection: [keep-alive]
      Content-Type: [application/json; charset=utf-8]
      User-Agent: [python/3.5.3 (Windows-10-10.0.16299-SP0) requests/2.18.4 msrest/0.4.21
          msrest_azure/0.4.19 computemanagementclient/3.1.0rc2 Azure-SDK-For-Python
          AZURECLI/TEST/2.0.23]
      accept-language: [en-US]
      x-ms-client-request-id: [c63317c2-e143-11e7-bba5-a0b3ccf7272a]
    method: GET
    uri: https://management.azure.com/subscriptions/00000000-0000-0000-0000-000000000000/resourceGroups/cli_test_vmss_create_and_modify/providers/Microsoft.Compute/virtualMachineScaleSets?api-version=2017-12-01
  response:
    body: {string: "{\r\n  \"value\": [\r\n    {\r\n      \"sku\": {\r\n        \"\
        name\": \"Standard_D1_v2\",\r\n        \"tier\": \"Standard\",\r\n       \
        \ \"capacity\": 5\r\n      },\r\n      \"properties\": {\r\n        \"singlePlacementGroup\"\
        : true,\r\n        \"upgradePolicy\": {\r\n          \"mode\": \"Manual\"\
        ,\r\n          \"automaticOSUpgrade\": false\r\n        },\r\n        \"virtualMachineProfile\"\
        : {\r\n          \"osProfile\": {\r\n            \"computerNamePrefix\": \"\
        vmss1f8b9\",\r\n            \"adminUsername\": \"myadmin\",\r\n          \
        \  \"windowsConfiguration\": {\r\n              \"provisionVMAgent\": true,\r\
        \n              \"enableAutomaticUpdates\": true\r\n            },\r\n   \
        \         \"secrets\": []\r\n          },\r\n          \"storageProfile\"\
        : {\r\n            \"osDisk\": {\r\n              \"createOption\": \"FromImage\"\
        ,\r\n              \"caching\": \"ReadWrite\",\r\n              \"managedDisk\"\
        : {\r\n                \"storageAccountType\": \"Standard_LRS\"\r\n      \
        \        }\r\n            },\r\n            \"imageReference\": {\r\n    \
        \          \"publisher\": \"MicrosoftWindowsServer\",\r\n              \"\
        offer\": \"WindowsServer\",\r\n              \"sku\": \"2012-R2-Datacenter\"\
        ,\r\n              \"version\": \"latest\"\r\n            }\r\n          },\r\
        \n          \"networkProfile\": {\"networkInterfaceConfigurations\":[{\"name\"\
        :\"vmss1f8b9Nic\",\"properties\":{\"primary\":true,\"enableAcceleratedNetworking\"\
        :false,\"dnsSettings\":{\"dnsServers\":[]},\"enableIPForwarding\":false,\"\
        ipConfigurations\":[{\"name\":\"vmss1f8b9IPConfig\",\"properties\":{\"subnet\"\
        :{\"id\":\"/subscriptions/00000000-0000-0000-0000-000000000000/resourceGroups/cli_test_vmss_create_and_modify/providers/Microsoft.Network/virtualNetworks/vmss1VNET/subnets/vmss1Subnet\"\
        },\"privateIPAddressVersion\":\"IPv4\",\"loadBalancerBackendAddressPools\"\
        :[{\"id\":\"/subscriptions/00000000-0000-0000-0000-000000000000/resourceGroups/cli_test_vmss_create_and_modify/providers/Microsoft.Network/loadBalancers/vmss1LB/backendAddressPools/vmss1LBBEPool\"\
        }],\"loadBalancerInboundNatPools\":[{\"id\":\"/subscriptions/00000000-0000-0000-0000-000000000000/resourceGroups/cli_test_vmss_create_and_modify/providers/Microsoft.Network/loadBalancers/vmss1LB/inboundNatPools/vmss1LBNatPool\"\
        }]}}]}}]}\r\n        },\r\n        \"provisioningState\": \"Succeeded\",\r\
        \n        \"overprovision\": true,\r\n        \"uniqueId\": \"ba0ecf3e-a54e-44ee-9029-c64459b7de7d\"\
        \r\n      },\r\n      \"type\": \"Microsoft.Compute/virtualMachineScaleSets\"\
        ,\r\n      \"location\": \"westus\",\r\n      \"tags\": {},\r\n      \"id\"\
        : \"/subscriptions/00000000-0000-0000-0000-000000000000/resourceGroups/cli_test_vmss_create_and_modify/providers/Microsoft.Compute/virtualMachineScaleSets/vmss1\"\
        ,\r\n      \"name\": \"vmss1\"\r\n    }\r\n  ]\r\n}"}
    headers:
      Cache-Control: [no-cache]
      Content-Type: [application/json; charset=utf-8]
      Date: ['Fri, 15 Dec 2017 02:58:06 GMT']
      Expires: ['-1']
      Pragma: [no-cache]
      Server: [Microsoft-HTTPAPI/2.0, Microsoft-HTTPAPI/2.0]
      Strict-Transport-Security: [max-age=31536000; includeSubDomains]
      Transfer-Encoding: [chunked]
      Vary: [Accept-Encoding]
      content-length: ['2586']
      x-ms-ratelimit-remaining-resource: ['Microsoft.Compute/HighCostGetVMScaleSet3Min;237,Microsoft.Compute/HighCostGetVMScaleSet30Min;1186']
    status: {code: 200, message: OK}
- request:
    body: null
    headers:
      Accept: [application/json]
      Accept-Encoding: ['gzip, deflate']
      Connection: [keep-alive]
      Content-Type: [application/json; charset=utf-8]
      User-Agent: [python/3.5.3 (Windows-10-10.0.16299-SP0) requests/2.18.4 msrest/0.4.21
          msrest_azure/0.4.19 computemanagementclient/3.1.0rc2 Azure-SDK-For-Python
          AZURECLI/TEST/2.0.23]
      accept-language: [en-US]
      x-ms-client-request-id: [c657e45c-e143-11e7-a48a-a0b3ccf7272a]
    method: GET
    uri: https://management.azure.com/subscriptions/00000000-0000-0000-0000-000000000000/resourceGroups/cli_test_vmss_create_and_modify/providers/Microsoft.Compute/virtualMachineScaleSets/vmss1/skus?api-version=2017-12-01
  response:
    body: {string: "{\r\n  \"value\": [\r\n    {\r\n      \"resourceType\": \"Microsoft.Compute/virtualMachineScaleSets\"\
        ,\r\n      \"sku\": {\r\n        \"name\": \"Standard_A0\",\r\n        \"\
        tier\": \"Standard\"\r\n      },\r\n      \"capacity\": {\r\n        \"minimum\"\
        : 0,\r\n        \"maximum\": 100,\r\n        \"defaultCapacity\": 1,\r\n \
        \       \"scaleType\": \"Automatic\"\r\n      }\r\n    },\r\n    {\r\n   \
        \   \"resourceType\": \"Microsoft.Compute/virtualMachineScaleSets\",\r\n \
        \     \"sku\": {\r\n        \"name\": \"Standard_A1\",\r\n        \"tier\"\
        : \"Standard\"\r\n      },\r\n      \"capacity\": {\r\n        \"minimum\"\
        : 0,\r\n        \"maximum\": 100,\r\n        \"defaultCapacity\": 1,\r\n \
        \       \"scaleType\": \"Automatic\"\r\n      }\r\n    },\r\n    {\r\n   \
        \   \"resourceType\": \"Microsoft.Compute/virtualMachineScaleSets\",\r\n \
        \     \"sku\": {\r\n        \"name\": \"Standard_A2\",\r\n        \"tier\"\
        : \"Standard\"\r\n      },\r\n      \"capacity\": {\r\n        \"minimum\"\
        : 0,\r\n        \"maximum\": 100,\r\n        \"defaultCapacity\": 1,\r\n \
        \       \"scaleType\": \"Automatic\"\r\n      }\r\n    },\r\n    {\r\n   \
        \   \"resourceType\": \"Microsoft.Compute/virtualMachineScaleSets\",\r\n \
        \     \"sku\": {\r\n        \"name\": \"Standard_A3\",\r\n        \"tier\"\
        : \"Standard\"\r\n      },\r\n      \"capacity\": {\r\n        \"minimum\"\
        : 0,\r\n        \"maximum\": 100,\r\n        \"defaultCapacity\": 1,\r\n \
        \       \"scaleType\": \"Automatic\"\r\n      }\r\n    },\r\n    {\r\n   \
        \   \"resourceType\": \"Microsoft.Compute/virtualMachineScaleSets\",\r\n \
        \     \"sku\": {\r\n        \"name\": \"Standard_A5\",\r\n        \"tier\"\
        : \"Standard\"\r\n      },\r\n      \"capacity\": {\r\n        \"minimum\"\
        : 0,\r\n        \"maximum\": 100,\r\n        \"defaultCapacity\": 1,\r\n \
        \       \"scaleType\": \"Automatic\"\r\n      }\r\n    },\r\n    {\r\n   \
        \   \"resourceType\": \"Microsoft.Compute/virtualMachineScaleSets\",\r\n \
        \     \"sku\": {\r\n        \"name\": \"Standard_A4\",\r\n        \"tier\"\
        : \"Standard\"\r\n      },\r\n      \"capacity\": {\r\n        \"minimum\"\
        : 0,\r\n        \"maximum\": 100,\r\n        \"defaultCapacity\": 1,\r\n \
        \       \"scaleType\": \"Automatic\"\r\n      }\r\n    },\r\n    {\r\n   \
        \   \"resourceType\": \"Microsoft.Compute/virtualMachineScaleSets\",\r\n \
        \     \"sku\": {\r\n        \"name\": \"Standard_A6\",\r\n        \"tier\"\
        : \"Standard\"\r\n      },\r\n      \"capacity\": {\r\n        \"minimum\"\
        : 0,\r\n        \"maximum\": 100,\r\n        \"defaultCapacity\": 1,\r\n \
        \       \"scaleType\": \"Automatic\"\r\n      }\r\n    },\r\n    {\r\n   \
        \   \"resourceType\": \"Microsoft.Compute/virtualMachineScaleSets\",\r\n \
        \     \"sku\": {\r\n        \"name\": \"Standard_A7\",\r\n        \"tier\"\
        : \"Standard\"\r\n      },\r\n      \"capacity\": {\r\n        \"minimum\"\
        : 0,\r\n        \"maximum\": 100,\r\n        \"defaultCapacity\": 1,\r\n \
        \       \"scaleType\": \"Automatic\"\r\n      }\r\n    },\r\n    {\r\n   \
        \   \"resourceType\": \"Microsoft.Compute/virtualMachineScaleSets\",\r\n \
        \     \"sku\": {\r\n        \"name\": \"Basic_A0\",\r\n        \"tier\": \"\
        Basic\"\r\n      },\r\n      \"capacity\": {\r\n        \"minimum\": 0,\r\n\
        \        \"maximum\": 100,\r\n        \"defaultCapacity\": 1,\r\n        \"\
        scaleType\": \"Automatic\"\r\n      }\r\n    },\r\n    {\r\n      \"resourceType\"\
        : \"Microsoft.Compute/virtualMachineScaleSets\",\r\n      \"sku\": {\r\n \
        \       \"name\": \"Basic_A1\",\r\n        \"tier\": \"Basic\"\r\n      },\r\
        \n      \"capacity\": {\r\n        \"minimum\": 0,\r\n        \"maximum\"\
        : 100,\r\n        \"defaultCapacity\": 1,\r\n        \"scaleType\": \"Automatic\"\
        \r\n      }\r\n    },\r\n    {\r\n      \"resourceType\": \"Microsoft.Compute/virtualMachineScaleSets\"\
        ,\r\n      \"sku\": {\r\n        \"name\": \"Basic_A2\",\r\n        \"tier\"\
        : \"Basic\"\r\n      },\r\n      \"capacity\": {\r\n        \"minimum\": 0,\r\
        \n        \"maximum\": 100,\r\n        \"defaultCapacity\": 1,\r\n       \
        \ \"scaleType\": \"Automatic\"\r\n      }\r\n    },\r\n    {\r\n      \"resourceType\"\
        : \"Microsoft.Compute/virtualMachineScaleSets\",\r\n      \"sku\": {\r\n \
        \       \"name\": \"Basic_A3\",\r\n        \"tier\": \"Basic\"\r\n      },\r\
        \n      \"capacity\": {\r\n        \"minimum\": 0,\r\n        \"maximum\"\
        : 100,\r\n        \"defaultCapacity\": 1,\r\n        \"scaleType\": \"Automatic\"\
        \r\n      }\r\n    },\r\n    {\r\n      \"resourceType\": \"Microsoft.Compute/virtualMachineScaleSets\"\
        ,\r\n      \"sku\": {\r\n        \"name\": \"Basic_A4\",\r\n        \"tier\"\
        : \"Basic\"\r\n      },\r\n      \"capacity\": {\r\n        \"minimum\": 0,\r\
        \n        \"maximum\": 100,\r\n        \"defaultCapacity\": 1,\r\n       \
        \ \"scaleType\": \"Automatic\"\r\n      }\r\n    },\r\n    {\r\n      \"resourceType\"\
        : \"Microsoft.Compute/virtualMachineScaleSets\",\r\n      \"sku\": {\r\n \
        \       \"name\": \"Standard_D1_v2\",\r\n        \"tier\": \"Standard\"\r\n\
        \      },\r\n      \"capacity\": {\r\n        \"minimum\": 0,\r\n        \"\
        maximum\": 100,\r\n        \"defaultCapacity\": 1,\r\n        \"scaleType\"\
        : \"Automatic\"\r\n      }\r\n    },\r\n    {\r\n      \"resourceType\": \"\
        Microsoft.Compute/virtualMachineScaleSets\",\r\n      \"sku\": {\r\n     \
        \   \"name\": \"Standard_D2_v2\",\r\n        \"tier\": \"Standard\"\r\n  \
        \    },\r\n      \"capacity\": {\r\n        \"minimum\": 0,\r\n        \"\
        maximum\": 100,\r\n        \"defaultCapacity\": 1,\r\n        \"scaleType\"\
        : \"Automatic\"\r\n      }\r\n    },\r\n    {\r\n      \"resourceType\": \"\
        Microsoft.Compute/virtualMachineScaleSets\",\r\n      \"sku\": {\r\n     \
        \   \"name\": \"Standard_D3_v2\",\r\n        \"tier\": \"Standard\"\r\n  \
        \    },\r\n      \"capacity\": {\r\n        \"minimum\": 0,\r\n        \"\
        maximum\": 100,\r\n        \"defaultCapacity\": 1,\r\n        \"scaleType\"\
        : \"Automatic\"\r\n      }\r\n    },\r\n    {\r\n      \"resourceType\": \"\
        Microsoft.Compute/virtualMachineScaleSets\",\r\n      \"sku\": {\r\n     \
        \   \"name\": \"Standard_D4_v2\",\r\n        \"tier\": \"Standard\"\r\n  \
        \    },\r\n      \"capacity\": {\r\n        \"minimum\": 0,\r\n        \"\
        maximum\": 100,\r\n        \"defaultCapacity\": 1,\r\n        \"scaleType\"\
        : \"Automatic\"\r\n      }\r\n    },\r\n    {\r\n      \"resourceType\": \"\
        Microsoft.Compute/virtualMachineScaleSets\",\r\n      \"sku\": {\r\n     \
        \   \"name\": \"Standard_D5_v2\",\r\n        \"tier\": \"Standard\"\r\n  \
        \    },\r\n      \"capacity\": {\r\n        \"minimum\": 0,\r\n        \"\
        maximum\": 100,\r\n        \"defaultCapacity\": 1,\r\n        \"scaleType\"\
        : \"Automatic\"\r\n      }\r\n    },\r\n    {\r\n      \"resourceType\": \"\
        Microsoft.Compute/virtualMachineScaleSets\",\r\n      \"sku\": {\r\n     \
        \   \"name\": \"Standard_D11_v2\",\r\n        \"tier\": \"Standard\"\r\n \
        \     },\r\n      \"capacity\": {\r\n        \"minimum\": 0,\r\n        \"\
        maximum\": 100,\r\n        \"defaultCapacity\": 1,\r\n        \"scaleType\"\
        : \"Automatic\"\r\n      }\r\n    },\r\n    {\r\n      \"resourceType\": \"\
        Microsoft.Compute/virtualMachineScaleSets\",\r\n      \"sku\": {\r\n     \
        \   \"name\": \"Standard_D12_v2\",\r\n        \"tier\": \"Standard\"\r\n \
        \     },\r\n      \"capacity\": {\r\n        \"minimum\": 0,\r\n        \"\
        maximum\": 100,\r\n        \"defaultCapacity\": 1,\r\n        \"scaleType\"\
        : \"Automatic\"\r\n      }\r\n    },\r\n    {\r\n      \"resourceType\": \"\
        Microsoft.Compute/virtualMachineScaleSets\",\r\n      \"sku\": {\r\n     \
        \   \"name\": \"Standard_D13_v2\",\r\n        \"tier\": \"Standard\"\r\n \
        \     },\r\n      \"capacity\": {\r\n        \"minimum\": 0,\r\n        \"\
        maximum\": 100,\r\n        \"defaultCapacity\": 1,\r\n        \"scaleType\"\
        : \"Automatic\"\r\n      }\r\n    },\r\n    {\r\n      \"resourceType\": \"\
        Microsoft.Compute/virtualMachineScaleSets\",\r\n      \"sku\": {\r\n     \
        \   \"name\": \"Standard_D14_v2\",\r\n        \"tier\": \"Standard\"\r\n \
        \     },\r\n      \"capacity\": {\r\n        \"minimum\": 0,\r\n        \"\
        maximum\": 100,\r\n        \"defaultCapacity\": 1,\r\n        \"scaleType\"\
        : \"Automatic\"\r\n      }\r\n    },\r\n    {\r\n      \"resourceType\": \"\
        Microsoft.Compute/virtualMachineScaleSets\",\r\n      \"sku\": {\r\n     \
        \   \"name\": \"Standard_D15_v2\",\r\n        \"tier\": \"Standard\"\r\n \
        \     },\r\n      \"capacity\": {\r\n        \"minimum\": 0,\r\n        \"\
        maximum\": 100,\r\n        \"defaultCapacity\": 1,\r\n        \"scaleType\"\
        : \"Automatic\"\r\n      }\r\n    },\r\n    {\r\n      \"resourceType\": \"\
        Microsoft.Compute/virtualMachineScaleSets\",\r\n      \"sku\": {\r\n     \
        \   \"name\": \"Standard_D2_v2_Promo\",\r\n        \"tier\": \"Standard\"\r\
        \n      },\r\n      \"capacity\": {\r\n        \"minimum\": 0,\r\n       \
        \ \"maximum\": 100,\r\n        \"defaultCapacity\": 1,\r\n        \"scaleType\"\
        : \"Automatic\"\r\n      }\r\n    },\r\n    {\r\n      \"resourceType\": \"\
        Microsoft.Compute/virtualMachineScaleSets\",\r\n      \"sku\": {\r\n     \
        \   \"name\": \"Standard_D3_v2_Promo\",\r\n        \"tier\": \"Standard\"\r\
        \n      },\r\n      \"capacity\": {\r\n        \"minimum\": 0,\r\n       \
        \ \"maximum\": 100,\r\n        \"defaultCapacity\": 1,\r\n        \"scaleType\"\
        : \"Automatic\"\r\n      }\r\n    },\r\n    {\r\n      \"resourceType\": \"\
        Microsoft.Compute/virtualMachineScaleSets\",\r\n      \"sku\": {\r\n     \
        \   \"name\": \"Standard_D4_v2_Promo\",\r\n        \"tier\": \"Standard\"\r\
        \n      },\r\n      \"capacity\": {\r\n        \"minimum\": 0,\r\n       \
        \ \"maximum\": 100,\r\n        \"defaultCapacity\": 1,\r\n        \"scaleType\"\
        : \"Automatic\"\r\n      }\r\n    },\r\n    {\r\n      \"resourceType\": \"\
        Microsoft.Compute/virtualMachineScaleSets\",\r\n      \"sku\": {\r\n     \
        \   \"name\": \"Standard_D5_v2_Promo\",\r\n        \"tier\": \"Standard\"\r\
        \n      },\r\n      \"capacity\": {\r\n        \"minimum\": 0,\r\n       \
        \ \"maximum\": 100,\r\n        \"defaultCapacity\": 1,\r\n        \"scaleType\"\
        : \"Automatic\"\r\n      }\r\n    },\r\n    {\r\n      \"resourceType\": \"\
        Microsoft.Compute/virtualMachineScaleSets\",\r\n      \"sku\": {\r\n     \
        \   \"name\": \"Standard_D11_v2_Promo\",\r\n        \"tier\": \"Standard\"\
        \r\n      },\r\n      \"capacity\": {\r\n        \"minimum\": 0,\r\n     \
        \   \"maximum\": 100,\r\n        \"defaultCapacity\": 1,\r\n        \"scaleType\"\
        : \"Automatic\"\r\n      }\r\n    },\r\n    {\r\n      \"resourceType\": \"\
        Microsoft.Compute/virtualMachineScaleSets\",\r\n      \"sku\": {\r\n     \
        \   \"name\": \"Standard_D12_v2_Promo\",\r\n        \"tier\": \"Standard\"\
        \r\n      },\r\n      \"capacity\": {\r\n        \"minimum\": 0,\r\n     \
        \   \"maximum\": 100,\r\n        \"defaultCapacity\": 1,\r\n        \"scaleType\"\
        : \"Automatic\"\r\n      }\r\n    },\r\n    {\r\n      \"resourceType\": \"\
        Microsoft.Compute/virtualMachineScaleSets\",\r\n      \"sku\": {\r\n     \
        \   \"name\": \"Standard_D13_v2_Promo\",\r\n        \"tier\": \"Standard\"\
        \r\n      },\r\n      \"capacity\": {\r\n        \"minimum\": 0,\r\n     \
        \   \"maximum\": 100,\r\n        \"defaultCapacity\": 1,\r\n        \"scaleType\"\
        : \"Automatic\"\r\n      }\r\n    },\r\n    {\r\n      \"resourceType\": \"\
        Microsoft.Compute/virtualMachineScaleSets\",\r\n      \"sku\": {\r\n     \
        \   \"name\": \"Standard_D14_v2_Promo\",\r\n        \"tier\": \"Standard\"\
        \r\n      },\r\n      \"capacity\": {\r\n        \"minimum\": 0,\r\n     \
        \   \"maximum\": 100,\r\n        \"defaultCapacity\": 1,\r\n        \"scaleType\"\
        : \"Automatic\"\r\n      }\r\n    },\r\n    {\r\n      \"resourceType\": \"\
        Microsoft.Compute/virtualMachineScaleSets\",\r\n      \"sku\": {\r\n     \
        \   \"name\": \"Standard_F1\",\r\n        \"tier\": \"Standard\"\r\n     \
        \ },\r\n      \"capacity\": {\r\n        \"minimum\": 0,\r\n        \"maximum\"\
        : 100,\r\n        \"defaultCapacity\": 1,\r\n        \"scaleType\": \"Automatic\"\
        \r\n      }\r\n    },\r\n    {\r\n      \"resourceType\": \"Microsoft.Compute/virtualMachineScaleSets\"\
        ,\r\n      \"sku\": {\r\n        \"name\": \"Standard_F2\",\r\n        \"\
        tier\": \"Standard\"\r\n      },\r\n      \"capacity\": {\r\n        \"minimum\"\
        : 0,\r\n        \"maximum\": 100,\r\n        \"defaultCapacity\": 1,\r\n \
        \       \"scaleType\": \"Automatic\"\r\n      }\r\n    },\r\n    {\r\n   \
        \   \"resourceType\": \"Microsoft.Compute/virtualMachineScaleSets\",\r\n \
        \     \"sku\": {\r\n        \"name\": \"Standard_F4\",\r\n        \"tier\"\
        : \"Standard\"\r\n      },\r\n      \"capacity\": {\r\n        \"minimum\"\
        : 0,\r\n        \"maximum\": 100,\r\n        \"defaultCapacity\": 1,\r\n \
        \       \"scaleType\": \"Automatic\"\r\n      }\r\n    },\r\n    {\r\n   \
        \   \"resourceType\": \"Microsoft.Compute/virtualMachineScaleSets\",\r\n \
        \     \"sku\": {\r\n        \"name\": \"Standard_F8\",\r\n        \"tier\"\
        : \"Standard\"\r\n      },\r\n      \"capacity\": {\r\n        \"minimum\"\
        : 0,\r\n        \"maximum\": 100,\r\n        \"defaultCapacity\": 1,\r\n \
        \       \"scaleType\": \"Automatic\"\r\n      }\r\n    },\r\n    {\r\n   \
        \   \"resourceType\": \"Microsoft.Compute/virtualMachineScaleSets\",\r\n \
        \     \"sku\": {\r\n        \"name\": \"Standard_F16\",\r\n        \"tier\"\
        : \"Standard\"\r\n      },\r\n      \"capacity\": {\r\n        \"minimum\"\
        : 0,\r\n        \"maximum\": 100,\r\n        \"defaultCapacity\": 1,\r\n \
        \       \"scaleType\": \"Automatic\"\r\n      }\r\n    },\r\n    {\r\n   \
        \   \"resourceType\": \"Microsoft.Compute/virtualMachineScaleSets\",\r\n \
        \     \"sku\": {\r\n        \"name\": \"Standard_A1_v2\",\r\n        \"tier\"\
        : \"Standard\"\r\n      },\r\n      \"capacity\": {\r\n        \"minimum\"\
        : 0,\r\n        \"maximum\": 100,\r\n        \"defaultCapacity\": 1,\r\n \
        \       \"scaleType\": \"Automatic\"\r\n      }\r\n    },\r\n    {\r\n   \
        \   \"resourceType\": \"Microsoft.Compute/virtualMachineScaleSets\",\r\n \
        \     \"sku\": {\r\n        \"name\": \"Standard_A2m_v2\",\r\n        \"tier\"\
        : \"Standard\"\r\n      },\r\n      \"capacity\": {\r\n        \"minimum\"\
        : 0,\r\n        \"maximum\": 100,\r\n        \"defaultCapacity\": 1,\r\n \
        \       \"scaleType\": \"Automatic\"\r\n      }\r\n    },\r\n    {\r\n   \
        \   \"resourceType\": \"Microsoft.Compute/virtualMachineScaleSets\",\r\n \
        \     \"sku\": {\r\n        \"name\": \"Standard_A2_v2\",\r\n        \"tier\"\
        : \"Standard\"\r\n      },\r\n      \"capacity\": {\r\n        \"minimum\"\
        : 0,\r\n        \"maximum\": 100,\r\n        \"defaultCapacity\": 1,\r\n \
        \       \"scaleType\": \"Automatic\"\r\n      }\r\n    },\r\n    {\r\n   \
        \   \"resourceType\": \"Microsoft.Compute/virtualMachineScaleSets\",\r\n \
        \     \"sku\": {\r\n        \"name\": \"Standard_A4m_v2\",\r\n        \"tier\"\
        : \"Standard\"\r\n      },\r\n      \"capacity\": {\r\n        \"minimum\"\
        : 0,\r\n        \"maximum\": 100,\r\n        \"defaultCapacity\": 1,\r\n \
        \       \"scaleType\": \"Automatic\"\r\n      }\r\n    },\r\n    {\r\n   \
        \   \"resourceType\": \"Microsoft.Compute/virtualMachineScaleSets\",\r\n \
        \     \"sku\": {\r\n        \"name\": \"Standard_A4_v2\",\r\n        \"tier\"\
        : \"Standard\"\r\n      },\r\n      \"capacity\": {\r\n        \"minimum\"\
        : 0,\r\n        \"maximum\": 100,\r\n        \"defaultCapacity\": 1,\r\n \
        \       \"scaleType\": \"Automatic\"\r\n      }\r\n    },\r\n    {\r\n   \
        \   \"resourceType\": \"Microsoft.Compute/virtualMachineScaleSets\",\r\n \
        \     \"sku\": {\r\n        \"name\": \"Standard_A8m_v2\",\r\n        \"tier\"\
        : \"Standard\"\r\n      },\r\n      \"capacity\": {\r\n        \"minimum\"\
        : 0,\r\n        \"maximum\": 100,\r\n        \"defaultCapacity\": 1,\r\n \
        \       \"scaleType\": \"Automatic\"\r\n      }\r\n    },\r\n    {\r\n   \
        \   \"resourceType\": \"Microsoft.Compute/virtualMachineScaleSets\",\r\n \
        \     \"sku\": {\r\n        \"name\": \"Standard_A8_v2\",\r\n        \"tier\"\
        : \"Standard\"\r\n      },\r\n      \"capacity\": {\r\n        \"minimum\"\
        : 0,\r\n        \"maximum\": 100,\r\n        \"defaultCapacity\": 1,\r\n \
        \       \"scaleType\": \"Automatic\"\r\n      }\r\n    }\r\n  ]\r\n}"}
    headers:
      Cache-Control: [no-cache]
      Content-Type: [application/json; charset=utf-8]
      Date: ['Fri, 15 Dec 2017 02:58:06 GMT']
      Expires: ['-1']
      Pragma: [no-cache]
      Server: [Microsoft-HTTPAPI/2.0, Microsoft-HTTPAPI/2.0]
      Strict-Transport-Security: [max-age=31536000; includeSubDomains]
      Transfer-Encoding: [chunked]
      Vary: [Accept-Encoding]
      content-length: ['13544']
      x-ms-ratelimit-remaining-resource: ['Microsoft.Compute/GetVMScaleSet3Min;232,Microsoft.Compute/GetVMScaleSet30Min;1136']
    status: {code: 200, message: OK}
- request:
    body: null
    headers:
      Accept: [application/json]
      Accept-Encoding: ['gzip, deflate']
      Connection: [keep-alive]
      Content-Type: [application/json; charset=utf-8]
      User-Agent: [python/3.5.3 (Windows-10-10.0.16299-SP0) requests/2.18.4 msrest/0.4.21
          msrest_azure/0.4.19 computemanagementclient/3.1.0rc2 Azure-SDK-For-Python
          AZURECLI/TEST/2.0.23]
      accept-language: [en-US]
      x-ms-client-request-id: [c6988098-e143-11e7-ab75-a0b3ccf7272a]
    method: GET
    uri: https://management.azure.com/subscriptions/00000000-0000-0000-0000-000000000000/resourceGroups/cli_test_vmss_create_and_modify/providers/Microsoft.Compute/virtualMachineScaleSets/vmss1?api-version=2017-12-01
  response:
    body: {string: "{\r\n  \"sku\": {\r\n    \"name\": \"Standard_D1_v2\",\r\n   \
        \ \"tier\": \"Standard\",\r\n    \"capacity\": 5\r\n  },\r\n  \"properties\"\
        : {\r\n    \"singlePlacementGroup\": true,\r\n    \"upgradePolicy\": {\r\n\
        \      \"mode\": \"Manual\",\r\n      \"automaticOSUpgrade\": false\r\n  \
        \  },\r\n    \"virtualMachineProfile\": {\r\n      \"osProfile\": {\r\n  \
        \      \"computerNamePrefix\": \"vmss1f8b9\",\r\n        \"adminUsername\"\
        : \"myadmin\",\r\n        \"windowsConfiguration\": {\r\n          \"provisionVMAgent\"\
        : true,\r\n          \"enableAutomaticUpdates\": true\r\n        },\r\n  \
        \      \"secrets\": []\r\n      },\r\n      \"storageProfile\": {\r\n    \
        \    \"osDisk\": {\r\n          \"createOption\": \"FromImage\",\r\n     \
        \     \"caching\": \"ReadWrite\",\r\n          \"managedDisk\": {\r\n    \
        \        \"storageAccountType\": \"Standard_LRS\"\r\n          }\r\n     \
        \   },\r\n        \"imageReference\": {\r\n          \"publisher\": \"MicrosoftWindowsServer\"\
        ,\r\n          \"offer\": \"WindowsServer\",\r\n          \"sku\": \"2012-R2-Datacenter\"\
        ,\r\n          \"version\": \"latest\"\r\n        }\r\n      },\r\n      \"\
        networkProfile\": {\"networkInterfaceConfigurations\":[{\"name\":\"vmss1f8b9Nic\"\
        ,\"properties\":{\"primary\":true,\"enableAcceleratedNetworking\":false,\"\
        dnsSettings\":{\"dnsServers\":[]},\"enableIPForwarding\":false,\"ipConfigurations\"\
        :[{\"name\":\"vmss1f8b9IPConfig\",\"properties\":{\"subnet\":{\"id\":\"/subscriptions/00000000-0000-0000-0000-000000000000/resourceGroups/cli_test_vmss_create_and_modify/providers/Microsoft.Network/virtualNetworks/vmss1VNET/subnets/vmss1Subnet\"\
        },\"privateIPAddressVersion\":\"IPv4\",\"loadBalancerBackendAddressPools\"\
        :[{\"id\":\"/subscriptions/00000000-0000-0000-0000-000000000000/resourceGroups/cli_test_vmss_create_and_modify/providers/Microsoft.Network/loadBalancers/vmss1LB/backendAddressPools/vmss1LBBEPool\"\
        }],\"loadBalancerInboundNatPools\":[{\"id\":\"/subscriptions/00000000-0000-0000-0000-000000000000/resourceGroups/cli_test_vmss_create_and_modify/providers/Microsoft.Network/loadBalancers/vmss1LB/inboundNatPools/vmss1LBNatPool\"\
        }]}}]}}]}\r\n    },\r\n    \"provisioningState\": \"Succeeded\",\r\n    \"\
        overprovision\": true,\r\n    \"uniqueId\": \"ba0ecf3e-a54e-44ee-9029-c64459b7de7d\"\
        \r\n  },\r\n  \"type\": \"Microsoft.Compute/virtualMachineScaleSets\",\r\n\
        \  \"location\": \"westus\",\r\n  \"tags\": {},\r\n  \"id\": \"/subscriptions/00000000-0000-0000-0000-000000000000/resourceGroups/cli_test_vmss_create_and_modify/providers/Microsoft.Compute/virtualMachineScaleSets/vmss1\"\
        ,\r\n  \"name\": \"vmss1\"\r\n}"}
    headers:
      Cache-Control: [no-cache]
      Content-Type: [application/json; charset=utf-8]
      Date: ['Fri, 15 Dec 2017 02:58:06 GMT']
      Expires: ['-1']
      Pragma: [no-cache]
      Server: [Microsoft-HTTPAPI/2.0, Microsoft-HTTPAPI/2.0]
      Strict-Transport-Security: [max-age=31536000; includeSubDomains]
      Transfer-Encoding: [chunked]
      Vary: [Accept-Encoding]
      content-length: ['2365']
      x-ms-ratelimit-remaining-resource: ['Microsoft.Compute/GetVMScaleSet3Min;231,Microsoft.Compute/GetVMScaleSet30Min;1135']
    status: {code: 200, message: OK}
- request:
    body: null
    headers:
      Accept: [application/json]
      Accept-Encoding: ['gzip, deflate']
      Connection: [keep-alive]
      Content-Type: [application/json; charset=utf-8]
      User-Agent: [python/3.5.3 (Windows-10-10.0.16299-SP0) requests/2.18.4 msrest/0.4.21
          msrest_azure/0.4.19 computemanagementclient/3.1.0rc2 Azure-SDK-For-Python
          AZURECLI/TEST/2.0.23]
      accept-language: [en-US]
      x-ms-client-request-id: [c6c89bc0-e143-11e7-bf98-a0b3ccf7272a]
    method: GET
    uri: https://management.azure.com/subscriptions/00000000-0000-0000-0000-000000000000/resourceGroups/cli_test_vmss_create_and_modify/providers/Microsoft.Compute/virtualMachineScaleSets/vmss1/virtualMachines?api-version=2017-12-01
  response:
    body: {string: "{\r\n  \"value\": [\r\n    {\r\n      \"instanceId\": \"1\",\r\
        \n      \"sku\": {\r\n        \"name\": \"Standard_D1_v2\",\r\n        \"\
        tier\": \"Standard\"\r\n      },\r\n      \"properties\": {\r\n        \"\
        latestModelApplied\": true,\r\n        \"vmId\": \"9a02f9a5-ffae-4211-baf7-91066363adf1\"\
        ,\r\n        \"storageProfile\": {\r\n          \"imageReference\": {\r\n\
        \            \"publisher\": \"MicrosoftWindowsServer\",\r\n            \"\
        offer\": \"WindowsServer\",\r\n            \"sku\": \"2012-R2-Datacenter\"\
        ,\r\n            \"version\": \"4.127.20171115\"\r\n          },\r\n     \
        \     \"osDisk\": {\r\n            \"osType\": \"Windows\",\r\n          \
        \  \"name\": \"vmss1_vmss1_1_OsDisk_1_13581aff0fe14d90a36bb7b4ad930e49\",\r\
        \n            \"createOption\": \"FromImage\",\r\n            \"caching\"\
        : \"ReadWrite\",\r\n            \"managedDisk\": {\r\n              \"storageAccountType\"\
        : \"Standard_LRS\",\r\n              \"id\": \"/subscriptions/00000000-0000-0000-0000-000000000000/resourceGroups/cli_test_vmss_create_and_modify/providers/Microsoft.Compute/disks/vmss1_vmss1_1_OsDisk_1_13581aff0fe14d90a36bb7b4ad930e49\"\
        \r\n            },\r\n            \"diskSizeGB\": 128\r\n          },\r\n\
        \          \"dataDisks\": []\r\n        },\r\n        \"osProfile\": {\r\n\
        \          \"computerName\": \"vmss1f8b9000001\",\r\n          \"adminUsername\"\
        : \"myadmin\",\r\n          \"windowsConfiguration\": {\r\n            \"\
        provisionVMAgent\": true,\r\n            \"enableAutomaticUpdates\": true\r\
        \n          },\r\n          \"secrets\": []\r\n        },\r\n        \"networkProfile\"\
        : {\"networkInterfaces\":[{\"id\":\"/subscriptions/00000000-0000-0000-0000-000000000000/resourceGroups/cli_test_vmss_create_and_modify/providers/Microsoft.Compute/virtualMachineScaleSets/vmss1/virtualMachines/1/networkInterfaces/vmss1f8b9Nic\"\
        }]},\r\n        \"provisioningState\": \"Updating\"\r\n      },\r\n      \"\
        type\": \"Microsoft.Compute/virtualMachineScaleSets/virtualMachines\",\r\n\
        \      \"location\": \"westus\",\r\n      \"tags\": {},\r\n      \"id\": \"\
        /subscriptions/00000000-0000-0000-0000-000000000000/resourceGroups/CLI_TEST_VMSS_CREATE_AND_MODIFY_OF38_/providers/Microsoft.Compute/virtualMachineScaleSets/vmss1/virtualMachines/1\"\
        ,\r\n      \"name\": \"vmss1_1\"\r\n    },\r\n    {\r\n      \"instanceId\"\
        : \"5\",\r\n      \"sku\": {\r\n        \"name\": \"Standard_D1_v2\",\r\n\
        \        \"tier\": \"Standard\"\r\n      },\r\n      \"properties\": {\r\n\
        \        \"latestModelApplied\": true,\r\n        \"vmId\": \"3c4953d5-4c21-4c5f-9f2f-530b8fe80c89\"\
        ,\r\n        \"storageProfile\": {\r\n          \"imageReference\": {\r\n\
        \            \"publisher\": \"MicrosoftWindowsServer\",\r\n            \"\
        offer\": \"WindowsServer\",\r\n            \"sku\": \"2012-R2-Datacenter\"\
        ,\r\n            \"version\": \"4.127.20171115\"\r\n          },\r\n     \
        \     \"osDisk\": {\r\n            \"osType\": \"Windows\",\r\n          \
        \  \"name\": \"vmss1_vmss1_5_OsDisk_1_8912d6c9f01d4fbf9b5f71704cf3f5c8\",\r\
        \n            \"createOption\": \"FromImage\",\r\n            \"caching\"\
        : \"ReadWrite\",\r\n            \"managedDisk\": {\r\n              \"storageAccountType\"\
        : \"Standard_LRS\",\r\n              \"id\": \"/subscriptions/00000000-0000-0000-0000-000000000000/resourceGroups/cli_test_vmss_create_and_modify/providers/Microsoft.Compute/disks/vmss1_vmss1_5_OsDisk_1_8912d6c9f01d4fbf9b5f71704cf3f5c8\"\
        \r\n            },\r\n            \"diskSizeGB\": 128\r\n          },\r\n\
        \          \"dataDisks\": []\r\n        },\r\n        \"osProfile\": {\r\n\
        \          \"computerName\": \"vmss1f8b9000005\",\r\n          \"adminUsername\"\
        : \"myadmin\",\r\n          \"windowsConfiguration\": {\r\n            \"\
        provisionVMAgent\": true,\r\n            \"enableAutomaticUpdates\": true\r\
        \n          },\r\n          \"secrets\": []\r\n        },\r\n        \"networkProfile\"\
        : {\"networkInterfaces\":[{\"id\":\"/subscriptions/00000000-0000-0000-0000-000000000000/resourceGroups/cli_test_vmss_create_and_modify/providers/Microsoft.Compute/virtualMachineScaleSets/vmss1/virtualMachines/5/networkInterfaces/vmss1f8b9Nic\"\
        }]},\r\n        \"provisioningState\": \"Succeeded\"\r\n      },\r\n     \
        \ \"type\": \"Microsoft.Compute/virtualMachineScaleSets/virtualMachines\"\
        ,\r\n      \"location\": \"westus\",\r\n      \"tags\": {},\r\n      \"id\"\
        : \"/subscriptions/00000000-0000-0000-0000-000000000000/resourceGroups/CLI_TEST_VMSS_CREATE_AND_MODIFY_OF38_/providers/Microsoft.Compute/virtualMachineScaleSets/vmss1/virtualMachines/5\"\
        ,\r\n      \"name\": \"vmss1_5\"\r\n    },\r\n    {\r\n      \"instanceId\"\
        : \"6\",\r\n      \"sku\": {\r\n        \"name\": \"Standard_D1_v2\",\r\n\
        \        \"tier\": \"Standard\"\r\n      },\r\n      \"properties\": {\r\n\
        \        \"latestModelApplied\": true,\r\n        \"vmId\": \"99071b91-1ec8-4803-865d-e7a76d6c0147\"\
        ,\r\n        \"storageProfile\": {\r\n          \"imageReference\": {\r\n\
        \            \"publisher\": \"MicrosoftWindowsServer\",\r\n            \"\
        offer\": \"WindowsServer\",\r\n            \"sku\": \"2012-R2-Datacenter\"\
        ,\r\n            \"version\": \"4.127.20171115\"\r\n          },\r\n     \
        \     \"osDisk\": {\r\n            \"osType\": \"Windows\",\r\n          \
        \  \"name\": \"vmss1_vmss1_6_OsDisk_1_4643489788a74cff828c6e4745cdbb1f\",\r\
        \n            \"createOption\": \"FromImage\",\r\n            \"caching\"\
        : \"ReadWrite\",\r\n            \"managedDisk\": {\r\n              \"storageAccountType\"\
        : \"Standard_LRS\",\r\n              \"id\": \"/subscriptions/00000000-0000-0000-0000-000000000000/resourceGroups/cli_test_vmss_create_and_modify/providers/Microsoft.Compute/disks/vmss1_vmss1_6_OsDisk_1_4643489788a74cff828c6e4745cdbb1f\"\
        \r\n            },\r\n            \"diskSizeGB\": 128\r\n          },\r\n\
        \          \"dataDisks\": []\r\n        },\r\n        \"osProfile\": {\r\n\
        \          \"computerName\": \"vmss1f8b9000006\",\r\n          \"adminUsername\"\
        : \"myadmin\",\r\n          \"windowsConfiguration\": {\r\n            \"\
        provisionVMAgent\": true,\r\n            \"enableAutomaticUpdates\": true\r\
        \n          },\r\n          \"secrets\": []\r\n        },\r\n        \"networkProfile\"\
        : {\"networkInterfaces\":[{\"id\":\"/subscriptions/00000000-0000-0000-0000-000000000000/resourceGroups/cli_test_vmss_create_and_modify/providers/Microsoft.Compute/virtualMachineScaleSets/vmss1/virtualMachines/6/networkInterfaces/vmss1f8b9Nic\"\
        }]},\r\n        \"provisioningState\": \"Succeeded\"\r\n      },\r\n     \
        \ \"type\": \"Microsoft.Compute/virtualMachineScaleSets/virtualMachines\"\
        ,\r\n      \"location\": \"westus\",\r\n      \"tags\": {},\r\n      \"id\"\
        : \"/subscriptions/00000000-0000-0000-0000-000000000000/resourceGroups/CLI_TEST_VMSS_CREATE_AND_MODIFY_OF38_/providers/Microsoft.Compute/virtualMachineScaleSets/vmss1/virtualMachines/6\"\
        ,\r\n      \"name\": \"vmss1_6\"\r\n    },\r\n    {\r\n      \"instanceId\"\
        : \"7\",\r\n      \"sku\": {\r\n        \"name\": \"Standard_D1_v2\",\r\n\
        \        \"tier\": \"Standard\"\r\n      },\r\n      \"properties\": {\r\n\
        \        \"latestModelApplied\": true,\r\n        \"vmId\": \"3590fc76-6da8-4b6d-9133-78c8e2c148a9\"\
        ,\r\n        \"storageProfile\": {\r\n          \"imageReference\": {\r\n\
        \            \"publisher\": \"MicrosoftWindowsServer\",\r\n            \"\
        offer\": \"WindowsServer\",\r\n            \"sku\": \"2012-R2-Datacenter\"\
        ,\r\n            \"version\": \"4.127.20171115\"\r\n          },\r\n     \
        \     \"osDisk\": {\r\n            \"osType\": \"Windows\",\r\n          \
        \  \"name\": \"vmss1_vmss1_7_OsDisk_1_7005fbb5aac348eb9a5889f14850ae9e\",\r\
        \n            \"createOption\": \"FromImage\",\r\n            \"caching\"\
        : \"ReadWrite\",\r\n            \"managedDisk\": {\r\n              \"storageAccountType\"\
        : \"Standard_LRS\",\r\n              \"id\": \"/subscriptions/00000000-0000-0000-0000-000000000000/resourceGroups/cli_test_vmss_create_and_modify/providers/Microsoft.Compute/disks/vmss1_vmss1_7_OsDisk_1_7005fbb5aac348eb9a5889f14850ae9e\"\
        \r\n            },\r\n            \"diskSizeGB\": 128\r\n          },\r\n\
        \          \"dataDisks\": []\r\n        },\r\n        \"osProfile\": {\r\n\
        \          \"computerName\": \"vmss1f8b9000007\",\r\n          \"adminUsername\"\
        : \"myadmin\",\r\n          \"windowsConfiguration\": {\r\n            \"\
        provisionVMAgent\": true,\r\n            \"enableAutomaticUpdates\": true\r\
        \n          },\r\n          \"secrets\": []\r\n        },\r\n        \"networkProfile\"\
        : {\"networkInterfaces\":[{\"id\":\"/subscriptions/00000000-0000-0000-0000-000000000000/resourceGroups/cli_test_vmss_create_and_modify/providers/Microsoft.Compute/virtualMachineScaleSets/vmss1/virtualMachines/7/networkInterfaces/vmss1f8b9Nic\"\
        }]},\r\n        \"provisioningState\": \"Succeeded\"\r\n      },\r\n     \
        \ \"type\": \"Microsoft.Compute/virtualMachineScaleSets/virtualMachines\"\
        ,\r\n      \"location\": \"westus\",\r\n      \"tags\": {},\r\n      \"id\"\
        : \"/subscriptions/00000000-0000-0000-0000-000000000000/resourceGroups/CLI_TEST_VMSS_CREATE_AND_MODIFY_OF38_/providers/Microsoft.Compute/virtualMachineScaleSets/vmss1/virtualMachines/7\"\
        ,\r\n      \"name\": \"vmss1_7\"\r\n    },\r\n    {\r\n      \"instanceId\"\
        : \"9\",\r\n      \"sku\": {\r\n        \"name\": \"Standard_D1_v2\",\r\n\
        \        \"tier\": \"Standard\"\r\n      },\r\n      \"properties\": {\r\n\
        \        \"latestModelApplied\": true,\r\n        \"vmId\": \"61a09369-dbcb-4658-987c-67893d965af2\"\
        ,\r\n        \"storageProfile\": {\r\n          \"imageReference\": {\r\n\
        \            \"publisher\": \"MicrosoftWindowsServer\",\r\n            \"\
        offer\": \"WindowsServer\",\r\n            \"sku\": \"2012-R2-Datacenter\"\
        ,\r\n            \"version\": \"4.127.20171115\"\r\n          },\r\n     \
        \     \"osDisk\": {\r\n            \"osType\": \"Windows\",\r\n          \
        \  \"name\": \"vmss1_vmss1_9_OsDisk_1_84e8a00b69dd442fbd470b1e33d6b774\",\r\
        \n            \"createOption\": \"FromImage\",\r\n            \"caching\"\
        : \"ReadWrite\",\r\n            \"managedDisk\": {\r\n              \"storageAccountType\"\
        : \"Standard_LRS\",\r\n              \"id\": \"/subscriptions/00000000-0000-0000-0000-000000000000/resourceGroups/cli_test_vmss_create_and_modify/providers/Microsoft.Compute/disks/vmss1_vmss1_9_OsDisk_1_84e8a00b69dd442fbd470b1e33d6b774\"\
        \r\n            },\r\n            \"diskSizeGB\": 128\r\n          },\r\n\
        \          \"dataDisks\": []\r\n        },\r\n        \"osProfile\": {\r\n\
        \          \"computerName\": \"vmss1f8b9000009\",\r\n          \"adminUsername\"\
        : \"myadmin\",\r\n          \"windowsConfiguration\": {\r\n            \"\
        provisionVMAgent\": true,\r\n            \"enableAutomaticUpdates\": true\r\
        \n          },\r\n          \"secrets\": []\r\n        },\r\n        \"networkProfile\"\
        : {\"networkInterfaces\":[{\"id\":\"/subscriptions/00000000-0000-0000-0000-000000000000/resourceGroups/cli_test_vmss_create_and_modify/providers/Microsoft.Compute/virtualMachineScaleSets/vmss1/virtualMachines/9/networkInterfaces/vmss1f8b9Nic\"\
        }]},\r\n        \"provisioningState\": \"Succeeded\"\r\n      },\r\n     \
        \ \"type\": \"Microsoft.Compute/virtualMachineScaleSets/virtualMachines\"\
        ,\r\n      \"location\": \"westus\",\r\n      \"tags\": {},\r\n      \"id\"\
        : \"/subscriptions/00000000-0000-0000-0000-000000000000/resourceGroups/CLI_TEST_VMSS_CREATE_AND_MODIFY_OF38_/providers/Microsoft.Compute/virtualMachineScaleSets/vmss1/virtualMachines/9\"\
        ,\r\n      \"name\": \"vmss1_9\"\r\n    }\r\n  ]\r\n}"}
    headers:
      Cache-Control: [no-cache]
      Content-Type: [application/json; charset=utf-8]
      Date: ['Fri, 15 Dec 2017 02:58:06 GMT']
      Expires: ['-1']
      Pragma: [no-cache]
      Server: [Microsoft-HTTPAPI/2.0, Microsoft-HTTPAPI/2.0]
      Strict-Transport-Security: [max-age=31536000; includeSubDomains]
      Transfer-Encoding: [chunked]
      Vary: [Accept-Encoding]
      content-length: ['10336']
      x-ms-ratelimit-remaining-resource: ['Microsoft.Compute/HighCostGetVMScaleSet3Min;236,Microsoft.Compute/HighCostGetVMScaleSet30Min;1185,Microsoft.Compute/VMScaleSetVMViews3Min;4980']
      x-ms-request-charge: ['10']
    status: {code: 200, message: OK}
- request:
    body: '{"instanceIds": ["7", "9"]}'
    headers:
      Accept: [application/json]
      Accept-Encoding: ['gzip, deflate']
      Connection: [keep-alive]
      Content-Length: ['27']
      Content-Type: [application/json; charset=utf-8]
      User-Agent: [python/3.5.3 (Windows-10-10.0.16299-SP0) requests/2.18.4 msrest/0.4.21
          msrest_azure/0.4.19 computemanagementclient/3.1.0rc2 Azure-SDK-For-Python
          AZURECLI/TEST/2.0.23]
      accept-language: [en-US]
      x-ms-client-request-id: [c70f6294-e143-11e7-a8bf-a0b3ccf7272a]
    method: POST
    uri: https://management.azure.com/subscriptions/00000000-0000-0000-0000-000000000000/resourceGroups/cli_test_vmss_create_and_modify/providers/Microsoft.Compute/virtualMachineScaleSets/vmss1/manualupgrade?api-version=2017-12-01
  response:
    body: {string: ''}
    headers:
      Azure-AsyncOperation: ['https://management.azure.com/subscriptions/0b1f6471-1bf0-4dda-aec3-cb9272f09590/providers/Microsoft.Compute/locations/westus/operations/5b471b8b-fc55-4c5d-bf84-165f9036876e?api-version=2017-12-01']
      Cache-Control: [no-cache]
      Content-Length: ['0']
      Date: ['Fri, 15 Dec 2017 02:58:07 GMT']
      Expires: ['-1']
      Location: ['https://management.azure.com/subscriptions/0b1f6471-1bf0-4dda-aec3-cb9272f09590/providers/Microsoft.Compute/locations/westus/operations/5b471b8b-fc55-4c5d-bf84-165f9036876e?monitor=true&api-version=2017-12-01']
      Pragma: [no-cache]
      Server: [Microsoft-HTTPAPI/2.0, Microsoft-HTTPAPI/2.0]
      Strict-Transport-Security: [max-age=31536000; includeSubDomains]
      x-ms-ratelimit-remaining-resource: ['Microsoft.Compute/VMScaleSetActions3Min;239,Microsoft.Compute/VMScaleSetActions30Min;1199,Microsoft.Compute/VmssQueuedVMOperations;1800']
      x-ms-ratelimit-remaining-subscription-writes: ['1192']
      x-ms-request-charge: ['0']
    status: {code: 202, message: Accepted}
- request:
    body: null
    headers:
      Accept: [application/json]
      Accept-Encoding: ['gzip, deflate']
      Connection: [keep-alive]
      Content-Type: [application/json; charset=utf-8]
      User-Agent: [python/3.5.3 (Windows-10-10.0.16299-SP0) requests/2.18.4 msrest/0.4.21
          msrest_azure/0.4.19 computemanagementclient/3.1.0rc2 Azure-SDK-For-Python
          AZURECLI/TEST/2.0.23]
      accept-language: [en-US]
      x-ms-client-request-id: [c70f6294-e143-11e7-a8bf-a0b3ccf7272a]
    method: GET
    uri: https://management.azure.com/subscriptions/00000000-0000-0000-0000-000000000000/providers/Microsoft.Compute/locations/westus/operations/5b471b8b-fc55-4c5d-bf84-165f9036876e?api-version=2017-12-01
  response:
    body: {string: "{\r\n  \"startTime\": \"2017-12-15T02:58:06.4459427+00:00\",\r\
        \n  \"status\": \"InProgress\",\r\n  \"name\": \"5b471b8b-fc55-4c5d-bf84-165f9036876e\"\
        \r\n}"}
    headers:
      Cache-Control: [no-cache]
      Content-Type: [application/json; charset=utf-8]
      Date: ['Fri, 15 Dec 2017 02:58:37 GMT']
      Expires: ['-1']
      Pragma: [no-cache]
      Server: [Microsoft-HTTPAPI/2.0, Microsoft-HTTPAPI/2.0]
      Strict-Transport-Security: [max-age=31536000; includeSubDomains]
      Transfer-Encoding: [chunked]
      Vary: [Accept-Encoding]
      content-length: ['134']
      x-ms-ratelimit-remaining-resource: ['Microsoft.Compute/GetOperation3Min;2117,Microsoft.Compute/GetOperation30Min;17676']
    status: {code: 200, message: OK}
- request:
    body: null
    headers:
      Accept: [application/json]
      Accept-Encoding: ['gzip, deflate']
      Connection: [keep-alive]
      Content-Type: [application/json; charset=utf-8]
      User-Agent: [python/3.5.3 (Windows-10-10.0.16299-SP0) requests/2.18.4 msrest/0.4.21
          msrest_azure/0.4.19 computemanagementclient/3.1.0rc2 Azure-SDK-For-Python
          AZURECLI/TEST/2.0.23]
      accept-language: [en-US]
      x-ms-client-request-id: [c70f6294-e143-11e7-a8bf-a0b3ccf7272a]
    method: GET
    uri: https://management.azure.com/subscriptions/00000000-0000-0000-0000-000000000000/providers/Microsoft.Compute/locations/westus/operations/5b471b8b-fc55-4c5d-bf84-165f9036876e?api-version=2017-12-01
  response:
    body: {string: "{\r\n  \"startTime\": \"2017-12-15T02:58:06.4459427+00:00\",\r\
        \n  \"status\": \"InProgress\",\r\n  \"name\": \"5b471b8b-fc55-4c5d-bf84-165f9036876e\"\
        \r\n}"}
    headers:
      Cache-Control: [no-cache]
      Content-Type: [application/json; charset=utf-8]
      Date: ['Fri, 15 Dec 2017 02:59:08 GMT']
      Expires: ['-1']
      Pragma: [no-cache]
      Server: [Microsoft-HTTPAPI/2.0, Microsoft-HTTPAPI/2.0]
      Strict-Transport-Security: [max-age=31536000; includeSubDomains]
      Transfer-Encoding: [chunked]
      Vary: [Accept-Encoding]
      content-length: ['134']
      x-ms-ratelimit-remaining-resource: ['Microsoft.Compute/GetOperation3Min;2104,Microsoft.Compute/GetOperation30Min;17656']
    status: {code: 200, message: OK}
- request:
    body: null
    headers:
      Accept: [application/json]
      Accept-Encoding: ['gzip, deflate']
      Connection: [keep-alive]
      Content-Type: [application/json; charset=utf-8]
      User-Agent: [python/3.5.3 (Windows-10-10.0.16299-SP0) requests/2.18.4 msrest/0.4.21
          msrest_azure/0.4.19 computemanagementclient/3.1.0rc2 Azure-SDK-For-Python
          AZURECLI/TEST/2.0.23]
      accept-language: [en-US]
      x-ms-client-request-id: [c70f6294-e143-11e7-a8bf-a0b3ccf7272a]
    method: GET
    uri: https://management.azure.com/subscriptions/00000000-0000-0000-0000-000000000000/providers/Microsoft.Compute/locations/westus/operations/5b471b8b-fc55-4c5d-bf84-165f9036876e?api-version=2017-12-01
  response:
    body: {string: "{\r\n  \"startTime\": \"2017-12-15T02:58:06.4459427+00:00\",\r\
        \n  \"status\": \"InProgress\",\r\n  \"name\": \"5b471b8b-fc55-4c5d-bf84-165f9036876e\"\
        \r\n}"}
    headers:
      Cache-Control: [no-cache]
      Content-Type: [application/json; charset=utf-8]
      Date: ['Fri, 15 Dec 2017 02:59:38 GMT']
      Expires: ['-1']
      Pragma: [no-cache]
      Server: [Microsoft-HTTPAPI/2.0, Microsoft-HTTPAPI/2.0]
      Strict-Transport-Security: [max-age=31536000; includeSubDomains]
      Transfer-Encoding: [chunked]
      Vary: [Accept-Encoding]
      content-length: ['134']
      x-ms-ratelimit-remaining-resource: ['Microsoft.Compute/GetOperation3Min;2095,Microsoft.Compute/GetOperation30Min;17640']
    status: {code: 200, message: OK}
- request:
    body: null
    headers:
      Accept: [application/json]
      Accept-Encoding: ['gzip, deflate']
      Connection: [keep-alive]
      Content-Type: [application/json; charset=utf-8]
      User-Agent: [python/3.5.3 (Windows-10-10.0.16299-SP0) requests/2.18.4 msrest/0.4.21
          msrest_azure/0.4.19 computemanagementclient/3.1.0rc2 Azure-SDK-For-Python
          AZURECLI/TEST/2.0.23]
      accept-language: [en-US]
      x-ms-client-request-id: [c70f6294-e143-11e7-a8bf-a0b3ccf7272a]
    method: GET
    uri: https://management.azure.com/subscriptions/00000000-0000-0000-0000-000000000000/providers/Microsoft.Compute/locations/westus/operations/5b471b8b-fc55-4c5d-bf84-165f9036876e?api-version=2017-12-01
  response:
    body: {string: "{\r\n  \"startTime\": \"2017-12-15T02:58:06.4459427+00:00\",\r\
        \n  \"status\": \"InProgress\",\r\n  \"name\": \"5b471b8b-fc55-4c5d-bf84-165f9036876e\"\
        \r\n}"}
    headers:
      Cache-Control: [no-cache]
      Content-Type: [application/json; charset=utf-8]
      Date: ['Fri, 15 Dec 2017 03:00:08 GMT']
      Expires: ['-1']
      Pragma: [no-cache]
      Server: [Microsoft-HTTPAPI/2.0, Microsoft-HTTPAPI/2.0]
      Strict-Transport-Security: [max-age=31536000; includeSubDomains]
      Transfer-Encoding: [chunked]
      Vary: [Accept-Encoding]
      content-length: ['134']
      x-ms-ratelimit-remaining-resource: ['Microsoft.Compute/GetOperation3Min;2088,Microsoft.Compute/GetOperation30Min;17686']
    status: {code: 200, message: OK}
- request:
    body: null
    headers:
      Accept: [application/json]
      Accept-Encoding: ['gzip, deflate']
      Connection: [keep-alive]
      Content-Type: [application/json; charset=utf-8]
      User-Agent: [python/3.5.3 (Windows-10-10.0.16299-SP0) requests/2.18.4 msrest/0.4.21
          msrest_azure/0.4.19 computemanagementclient/3.1.0rc2 Azure-SDK-For-Python
          AZURECLI/TEST/2.0.23]
      accept-language: [en-US]
      x-ms-client-request-id: [c70f6294-e143-11e7-a8bf-a0b3ccf7272a]
    method: GET
    uri: https://management.azure.com/subscriptions/00000000-0000-0000-0000-000000000000/providers/Microsoft.Compute/locations/westus/operations/5b471b8b-fc55-4c5d-bf84-165f9036876e?api-version=2017-12-01
  response:
    body: {string: "{\r\n  \"startTime\": \"2017-12-15T02:58:06.4459427+00:00\",\r\
        \n  \"endTime\": \"2017-12-15T03:00:12.7488211+00:00\",\r\n  \"status\": \"\
        Succeeded\",\r\n  \"name\": \"5b471b8b-fc55-4c5d-bf84-165f9036876e\"\r\n}"}
    headers:
      Cache-Control: [no-cache]
      Content-Type: [application/json; charset=utf-8]
      Date: ['Fri, 15 Dec 2017 03:00:38 GMT']
      Expires: ['-1']
      Pragma: [no-cache]
      Server: [Microsoft-HTTPAPI/2.0, Microsoft-HTTPAPI/2.0]
      Strict-Transport-Security: [max-age=31536000; includeSubDomains]
      Transfer-Encoding: [chunked]
      Vary: [Accept-Encoding]
      content-length: ['184']
      x-ms-ratelimit-remaining-resource: ['Microsoft.Compute/GetOperation3Min;2092,Microsoft.Compute/GetOperation30Min;17679']
    status: {code: 200, message: OK}
- request:
    body: null
    headers:
      Accept: [application/json]
      Accept-Encoding: ['gzip, deflate']
      Connection: [keep-alive]
      Content-Type: [application/json; charset=utf-8]
      User-Agent: [python/3.5.3 (Windows-10-10.0.16299-SP0) requests/2.18.4 msrest/0.4.21
          msrest_azure/0.4.19 computemanagementclient/3.1.0rc2 Azure-SDK-For-Python
          AZURECLI/TEST/2.0.23]
      accept-language: [en-US]
      x-ms-client-request-id: [22026d12-e144-11e7-a99d-a0b3ccf7272a]
    method: GET
    uri: https://management.azure.com/subscriptions/00000000-0000-0000-0000-000000000000/resourceGroups/cli_test_vmss_create_and_modify/providers/Microsoft.Compute/virtualMachineScaleSets/vmss1/instanceView?api-version=2017-12-01
  response:
    body: {string: "{\r\n  \"virtualMachine\": {\r\n    \"statusesSummary\": [\r\n\
        \      {\r\n        \"code\": \"ProvisioningState/succeeded\",\r\n       \
        \ \"count\": 5\r\n      }\r\n    ]\r\n  },\r\n  \"statuses\": [\r\n    {\r\
        \n      \"code\": \"ProvisioningState/succeeded\",\r\n      \"level\": \"\
        Info\",\r\n      \"displayStatus\": \"Provisioning succeeded\",\r\n      \"\
        time\": \"2017-12-15T03:00:12.6863081+00:00\"\r\n    }\r\n  ]\r\n}"}
    headers:
      Cache-Control: [no-cache]
      Content-Type: [application/json; charset=utf-8]
      Date: ['Fri, 15 Dec 2017 03:00:40 GMT']
      Expires: ['-1']
      Pragma: [no-cache]
      Server: [Microsoft-HTTPAPI/2.0, Microsoft-HTTPAPI/2.0]
      Strict-Transport-Security: [max-age=31536000; includeSubDomains]
      Transfer-Encoding: [chunked]
      Vary: [Accept-Encoding]
      content-length: ['359']
      x-ms-ratelimit-remaining-resource: ['Microsoft.Compute/HighCostGetVMScaleSet3Min;232,Microsoft.Compute/HighCostGetVMScaleSet30Min;1184']
    status: {code: 200, message: OK}
- request:
    body: null
    headers:
      Accept: [application/json]
      Accept-Encoding: ['gzip, deflate']
      Connection: [keep-alive]
      Content-Length: ['0']
      Content-Type: [application/json; charset=utf-8]
      User-Agent: [python/3.5.3 (Windows-10-10.0.16299-SP0) requests/2.18.4 msrest/0.4.21
          msrest_azure/0.4.19 computemanagementclient/3.1.0rc2 Azure-SDK-For-Python
          AZURECLI/TEST/2.0.23]
      accept-language: [en-US]
      x-ms-client-request-id: [22380638-e144-11e7-87b9-a0b3ccf7272a]
    method: POST
    uri: https://management.azure.com/subscriptions/00000000-0000-0000-0000-000000000000/resourceGroups/cli_test_vmss_create_and_modify/providers/Microsoft.Compute/virtualMachineScaleSets/vmss1/poweroff?api-version=2017-12-01
  response:
    body: {string: ''}
    headers:
      Azure-AsyncOperation: ['https://management.azure.com/subscriptions/0b1f6471-1bf0-4dda-aec3-cb9272f09590/providers/Microsoft.Compute/locations/westus/operations/6e21dfe5-245a-4d74-9b0f-f86860218b2d?api-version=2017-12-01']
      Cache-Control: [no-cache]
      Content-Length: ['0']
      Date: ['Fri, 15 Dec 2017 03:00:40 GMT']
      Expires: ['-1']
      Location: ['https://management.azure.com/subscriptions/0b1f6471-1bf0-4dda-aec3-cb9272f09590/providers/Microsoft.Compute/locations/westus/operations/6e21dfe5-245a-4d74-9b0f-f86860218b2d?monitor=true&api-version=2017-12-01']
      Pragma: [no-cache]
      Server: [Microsoft-HTTPAPI/2.0, Microsoft-HTTPAPI/2.0]
      Strict-Transport-Security: [max-age=31536000; includeSubDomains]
      x-ms-ratelimit-remaining-resource: ['Microsoft.Compute/DeleteVMScaleSet3Min;119,Microsoft.Compute/DeleteVMScaleSet30Min;595,Microsoft.Compute/VMScaleSetBatchedVMRequests5Min;1185,Microsoft.Compute/VmssQueuedVMOperations;1795']
      x-ms-ratelimit-remaining-subscription-writes: ['1194']
      x-ms-request-charge: ['5']
    status: {code: 202, message: Accepted}
- request:
    body: null
    headers:
      Accept: [application/json]
      Accept-Encoding: ['gzip, deflate']
      Connection: [keep-alive]
      Content-Type: [application/json; charset=utf-8]
      User-Agent: [python/3.5.3 (Windows-10-10.0.16299-SP0) requests/2.18.4 msrest/0.4.21
          msrest_azure/0.4.19 computemanagementclient/3.1.0rc2 Azure-SDK-For-Python
          AZURECLI/TEST/2.0.23]
      accept-language: [en-US]
      x-ms-client-request-id: [22380638-e144-11e7-87b9-a0b3ccf7272a]
    method: GET
    uri: https://management.azure.com/subscriptions/00000000-0000-0000-0000-000000000000/providers/Microsoft.Compute/locations/westus/operations/6e21dfe5-245a-4d74-9b0f-f86860218b2d?api-version=2017-12-01
  response:
    body: {string: "{\r\n  \"startTime\": \"2017-12-15T03:00:39.2186041+00:00\",\r\
        \n  \"endTime\": \"2017-12-15T03:01:03.2507813+00:00\",\r\n  \"status\": \"\
        Succeeded\",\r\n  \"name\": \"6e21dfe5-245a-4d74-9b0f-f86860218b2d\"\r\n}"}
    headers:
      Cache-Control: [no-cache]
      Content-Type: [application/json; charset=utf-8]
      Date: ['Fri, 15 Dec 2017 03:01:11 GMT']
      Expires: ['-1']
      Pragma: [no-cache]
      Server: [Microsoft-HTTPAPI/2.0, Microsoft-HTTPAPI/2.0]
      Strict-Transport-Security: [max-age=31536000; includeSubDomains]
      Transfer-Encoding: [chunked]
      Vary: [Accept-Encoding]
      content-length: ['184']
      x-ms-ratelimit-remaining-resource: ['Microsoft.Compute/GetOperation3Min;2092,Microsoft.Compute/GetOperation30Min;17672']
    status: {code: 200, message: OK}
- request:
    body: null
    headers:
      Accept: [application/json]
      Accept-Encoding: ['gzip, deflate']
      Connection: [keep-alive]
      Content-Length: ['0']
      Content-Type: [application/json; charset=utf-8]
      User-Agent: [python/3.5.3 (Windows-10-10.0.16299-SP0) requests/2.18.4 msrest/0.4.21
          msrest_azure/0.4.19 computemanagementclient/3.1.0rc2 Azure-SDK-For-Python
          AZURECLI/TEST/2.0.23]
      accept-language: [en-US]
      x-ms-client-request-id: [34ed3c52-e144-11e7-8379-a0b3ccf7272a]
    method: POST
    uri: https://management.azure.com/subscriptions/00000000-0000-0000-0000-000000000000/resourceGroups/cli_test_vmss_create_and_modify/providers/Microsoft.Compute/virtualMachineScaleSets/vmss1/start?api-version=2017-12-01
  response:
    body: {string: ''}
    headers:
      Azure-AsyncOperation: ['https://management.azure.com/subscriptions/0b1f6471-1bf0-4dda-aec3-cb9272f09590/providers/Microsoft.Compute/locations/westus/operations/de977ae8-b766-4fea-b2a5-8c931a6fb94b?api-version=2017-12-01']
      Cache-Control: [no-cache]
      Content-Length: ['0']
      Date: ['Fri, 15 Dec 2017 03:01:11 GMT']
      Expires: ['-1']
      Location: ['https://management.azure.com/subscriptions/0b1f6471-1bf0-4dda-aec3-cb9272f09590/providers/Microsoft.Compute/locations/westus/operations/de977ae8-b766-4fea-b2a5-8c931a6fb94b?monitor=true&api-version=2017-12-01']
      Pragma: [no-cache]
      Server: [Microsoft-HTTPAPI/2.0, Microsoft-HTTPAPI/2.0]
      Strict-Transport-Security: [max-age=31536000; includeSubDomains]
      x-ms-ratelimit-remaining-resource: ['Microsoft.Compute/VMScaleSetActions3Min;238,Microsoft.Compute/VMScaleSetActions30Min;1197,Microsoft.Compute/VMScaleSetBatchedVMRequests5Min;1180,Microsoft.Compute/VmssQueuedVMOperations;1795']
      x-ms-ratelimit-remaining-subscription-writes: ['1196']
      x-ms-request-charge: ['5']
    status: {code: 202, message: Accepted}
- request:
    body: null
    headers:
      Accept: [application/json]
      Accept-Encoding: ['gzip, deflate']
      Connection: [keep-alive]
      Content-Type: [application/json; charset=utf-8]
      User-Agent: [python/3.5.3 (Windows-10-10.0.16299-SP0) requests/2.18.4 msrest/0.4.21
          msrest_azure/0.4.19 computemanagementclient/3.1.0rc2 Azure-SDK-For-Python
          AZURECLI/TEST/2.0.23]
      accept-language: [en-US]
      x-ms-client-request-id: [34ed3c52-e144-11e7-8379-a0b3ccf7272a]
    method: GET
    uri: https://management.azure.com/subscriptions/00000000-0000-0000-0000-000000000000/providers/Microsoft.Compute/locations/westus/operations/de977ae8-b766-4fea-b2a5-8c931a6fb94b?api-version=2017-12-01
  response:
    body: {string: "{\r\n  \"startTime\": \"2017-12-15T03:01:10.8135399+00:00\",\r\
        \n  \"endTime\": \"2017-12-15T03:01:18.2825756+00:00\",\r\n  \"status\": \"\
        Succeeded\",\r\n  \"name\": \"de977ae8-b766-4fea-b2a5-8c931a6fb94b\"\r\n}"}
    headers:
      Cache-Control: [no-cache]
      Content-Type: [application/json; charset=utf-8]
      Date: ['Fri, 15 Dec 2017 03:01:42 GMT']
      Expires: ['-1']
      Pragma: [no-cache]
      Server: [Microsoft-HTTPAPI/2.0, Microsoft-HTTPAPI/2.0]
      Strict-Transport-Security: [max-age=31536000; includeSubDomains]
      Transfer-Encoding: [chunked]
      Vary: [Accept-Encoding]
      content-length: ['184']
      x-ms-ratelimit-remaining-resource: ['Microsoft.Compute/GetOperation3Min;2099,Microsoft.Compute/GetOperation30Min;17661']
    status: {code: 200, message: OK}
- request:
    body: null
    headers:
      Accept: [application/json]
      Accept-Encoding: ['gzip, deflate']
      Connection: [keep-alive]
      Content-Length: ['0']
      Content-Type: [application/json; charset=utf-8]
      User-Agent: [python/3.5.3 (Windows-10-10.0.16299-SP0) requests/2.18.4 msrest/0.4.21
          msrest_azure/0.4.19 computemanagementclient/3.1.0rc2 Azure-SDK-For-Python
          AZURECLI/TEST/2.0.23]
      accept-language: [en-US]
      x-ms-client-request-id: [47b73c12-e144-11e7-90e0-a0b3ccf7272a]
    method: POST
    uri: https://management.azure.com/subscriptions/00000000-0000-0000-0000-000000000000/resourceGroups/cli_test_vmss_create_and_modify/providers/Microsoft.Compute/virtualMachineScaleSets/vmss1/restart?api-version=2017-12-01
  response:
    body: {string: ''}
    headers:
      Azure-AsyncOperation: ['https://management.azure.com/subscriptions/0b1f6471-1bf0-4dda-aec3-cb9272f09590/providers/Microsoft.Compute/locations/westus/operations/b62d063e-8169-4298-8afc-26e866f3a04b?api-version=2017-12-01']
      Cache-Control: [no-cache]
      Content-Length: ['0']
      Date: ['Fri, 15 Dec 2017 03:01:42 GMT']
      Expires: ['-1']
      Location: ['https://management.azure.com/subscriptions/0b1f6471-1bf0-4dda-aec3-cb9272f09590/providers/Microsoft.Compute/locations/westus/operations/b62d063e-8169-4298-8afc-26e866f3a04b?monitor=true&api-version=2017-12-01']
      Pragma: [no-cache]
      Server: [Microsoft-HTTPAPI/2.0, Microsoft-HTTPAPI/2.0]
      Strict-Transport-Security: [max-age=31536000; includeSubDomains]
      x-ms-ratelimit-remaining-resource: ['Microsoft.Compute/VMScaleSetActions3Min;237,Microsoft.Compute/VMScaleSetActions30Min;1196,Microsoft.Compute/VMScaleSetBatchedVMRequests5Min;1173,Microsoft.Compute/VmssQueuedVMOperations;1795']
      x-ms-ratelimit-remaining-subscription-writes: ['1195']
      x-ms-request-charge: ['5']
    status: {code: 202, message: Accepted}
- request:
    body: null
    headers:
      Accept: [application/json]
      Accept-Encoding: ['gzip, deflate']
      Connection: [keep-alive]
      Content-Type: [application/json; charset=utf-8]
      User-Agent: [python/3.5.3 (Windows-10-10.0.16299-SP0) requests/2.18.4 msrest/0.4.21
          msrest_azure/0.4.19 computemanagementclient/3.1.0rc2 Azure-SDK-For-Python
          AZURECLI/TEST/2.0.23]
      accept-language: [en-US]
      x-ms-client-request-id: [47b73c12-e144-11e7-90e0-a0b3ccf7272a]
    method: GET
    uri: https://management.azure.com/subscriptions/00000000-0000-0000-0000-000000000000/providers/Microsoft.Compute/locations/westus/operations/b62d063e-8169-4298-8afc-26e866f3a04b?api-version=2017-12-01
  response:
    body: {string: "{\r\n  \"startTime\": \"2017-12-15T03:01:42.1585357+00:00\",\r\
        \n  \"endTime\": \"2017-12-15T03:01:45.4398973+00:00\",\r\n  \"status\": \"\
        Succeeded\",\r\n  \"name\": \"b62d063e-8169-4298-8afc-26e866f3a04b\"\r\n}"}
    headers:
      Cache-Control: [no-cache]
      Content-Type: [application/json; charset=utf-8]
      Date: ['Fri, 15 Dec 2017 03:02:13 GMT']
      Expires: ['-1']
      Pragma: [no-cache]
      Server: [Microsoft-HTTPAPI/2.0, Microsoft-HTTPAPI/2.0]
      Strict-Transport-Security: [max-age=31536000; includeSubDomains]
      Transfer-Encoding: [chunked]
      Vary: [Accept-Encoding]
      content-length: ['184']
      x-ms-ratelimit-remaining-resource: ['Microsoft.Compute/GetOperation3Min;2103,Microsoft.Compute/GetOperation30Min;17652']
    status: {code: 200, message: OK}
- request:
    body: null
    headers:
      Accept: [application/json]
      Accept-Encoding: ['gzip, deflate']
      Connection: [keep-alive]
      Content-Type: [application/json; charset=utf-8]
      User-Agent: [python/3.5.3 (Windows-10-10.0.16299-SP0) requests/2.18.4 msrest/0.4.21
          msrest_azure/0.4.19 computemanagementclient/3.1.0rc2 Azure-SDK-For-Python
          AZURECLI/TEST/2.0.23]
      accept-language: [en-US]
      x-ms-client-request-id: [5a6b3fc6-e144-11e7-a45a-a0b3ccf7272a]
    method: GET
    uri: https://management.azure.com/subscriptions/00000000-0000-0000-0000-000000000000/resourceGroups/cli_test_vmss_create_and_modify/providers/Microsoft.Compute/virtualMachineScaleSets/vmss1?api-version=2017-12-01
  response:
    body: {string: "{\r\n  \"sku\": {\r\n    \"name\": \"Standard_D1_v2\",\r\n   \
        \ \"tier\": \"Standard\",\r\n    \"capacity\": 5\r\n  },\r\n  \"properties\"\
        : {\r\n    \"singlePlacementGroup\": true,\r\n    \"upgradePolicy\": {\r\n\
        \      \"mode\": \"Manual\",\r\n      \"automaticOSUpgrade\": false\r\n  \
        \  },\r\n    \"virtualMachineProfile\": {\r\n      \"osProfile\": {\r\n  \
        \      \"computerNamePrefix\": \"vmss1f8b9\",\r\n        \"adminUsername\"\
        : \"myadmin\",\r\n        \"windowsConfiguration\": {\r\n          \"provisionVMAgent\"\
        : true,\r\n          \"enableAutomaticUpdates\": true\r\n        },\r\n  \
        \      \"secrets\": []\r\n      },\r\n      \"storageProfile\": {\r\n    \
        \    \"osDisk\": {\r\n          \"createOption\": \"FromImage\",\r\n     \
        \     \"caching\": \"ReadWrite\",\r\n          \"managedDisk\": {\r\n    \
        \        \"storageAccountType\": \"Standard_LRS\"\r\n          }\r\n     \
        \   },\r\n        \"imageReference\": {\r\n          \"publisher\": \"MicrosoftWindowsServer\"\
        ,\r\n          \"offer\": \"WindowsServer\",\r\n          \"sku\": \"2012-R2-Datacenter\"\
        ,\r\n          \"version\": \"latest\"\r\n        }\r\n      },\r\n      \"\
        networkProfile\": {\"networkInterfaceConfigurations\":[{\"name\":\"vmss1f8b9Nic\"\
        ,\"properties\":{\"primary\":true,\"enableAcceleratedNetworking\":false,\"\
        dnsSettings\":{\"dnsServers\":[]},\"enableIPForwarding\":false,\"ipConfigurations\"\
        :[{\"name\":\"vmss1f8b9IPConfig\",\"properties\":{\"subnet\":{\"id\":\"/subscriptions/00000000-0000-0000-0000-000000000000/resourceGroups/cli_test_vmss_create_and_modify/providers/Microsoft.Network/virtualNetworks/vmss1VNET/subnets/vmss1Subnet\"\
        },\"privateIPAddressVersion\":\"IPv4\",\"loadBalancerBackendAddressPools\"\
        :[{\"id\":\"/subscriptions/00000000-0000-0000-0000-000000000000/resourceGroups/cli_test_vmss_create_and_modify/providers/Microsoft.Network/loadBalancers/vmss1LB/backendAddressPools/vmss1LBBEPool\"\
        }],\"loadBalancerInboundNatPools\":[{\"id\":\"/subscriptions/00000000-0000-0000-0000-000000000000/resourceGroups/cli_test_vmss_create_and_modify/providers/Microsoft.Network/loadBalancers/vmss1LB/inboundNatPools/vmss1LBNatPool\"\
        }]}}]}}]}\r\n    },\r\n    \"provisioningState\": \"Succeeded\",\r\n    \"\
        overprovision\": true,\r\n    \"uniqueId\": \"ba0ecf3e-a54e-44ee-9029-c64459b7de7d\"\
        \r\n  },\r\n  \"type\": \"Microsoft.Compute/virtualMachineScaleSets\",\r\n\
        \  \"location\": \"westus\",\r\n  \"tags\": {},\r\n  \"id\": \"/subscriptions/00000000-0000-0000-0000-000000000000/resourceGroups/cli_test_vmss_create_and_modify/providers/Microsoft.Compute/virtualMachineScaleSets/vmss1\"\
        ,\r\n  \"name\": \"vmss1\"\r\n}"}
    headers:
      Cache-Control: [no-cache]
      Content-Type: [application/json; charset=utf-8]
      Date: ['Fri, 15 Dec 2017 03:02:14 GMT']
      Expires: ['-1']
      Pragma: [no-cache]
      Server: [Microsoft-HTTPAPI/2.0, Microsoft-HTTPAPI/2.0]
      Strict-Transport-Security: [max-age=31536000; includeSubDomains]
      Transfer-Encoding: [chunked]
      Vary: [Accept-Encoding]
      content-length: ['2365']
      x-ms-ratelimit-remaining-resource: ['Microsoft.Compute/GetVMScaleSet3Min;226,Microsoft.Compute/GetVMScaleSet30Min;1123']
    status: {code: 200, message: OK}
- request:
    body: '{"location": "westus", "sku": {"tier": "Standard", "name": "Standard_D1_v2",
      "capacity": 4}}'
    headers:
      Accept: [application/json]
      Accept-Encoding: ['gzip, deflate']
      Connection: [keep-alive]
      Content-Length: ['92']
      Content-Type: [application/json; charset=utf-8]
      User-Agent: [python/3.5.3 (Windows-10-10.0.16299-SP0) requests/2.18.4 msrest/0.4.21
          msrest_azure/0.4.19 computemanagementclient/3.1.0rc2 Azure-SDK-For-Python
          AZURECLI/TEST/2.0.23]
      accept-language: [en-US]
      x-ms-client-request-id: [5a8dae74-e144-11e7-a505-a0b3ccf7272a]
    method: PUT
    uri: https://management.azure.com/subscriptions/00000000-0000-0000-0000-000000000000/resourceGroups/cli_test_vmss_create_and_modify/providers/Microsoft.Compute/virtualMachineScaleSets/vmss1?api-version=2017-12-01
  response:
    body: {string: "{\r\n  \"sku\": {\r\n    \"name\": \"Standard_D1_v2\",\r\n   \
        \ \"tier\": \"Standard\",\r\n    \"capacity\": 4\r\n  },\r\n  \"properties\"\
        : {\r\n    \"singlePlacementGroup\": true,\r\n    \"upgradePolicy\": {\r\n\
        \      \"mode\": \"Manual\",\r\n      \"automaticOSUpgrade\": false\r\n  \
        \  },\r\n    \"virtualMachineProfile\": {\r\n      \"osProfile\": {\r\n  \
        \      \"computerNamePrefix\": \"vmss1f8b9\",\r\n        \"adminUsername\"\
        : \"myadmin\",\r\n        \"windowsConfiguration\": {\r\n          \"provisionVMAgent\"\
        : true,\r\n          \"enableAutomaticUpdates\": true\r\n        },\r\n  \
        \      \"secrets\": []\r\n      },\r\n      \"storageProfile\": {\r\n    \
        \    \"osDisk\": {\r\n          \"createOption\": \"FromImage\",\r\n     \
        \     \"caching\": \"ReadWrite\",\r\n          \"managedDisk\": {\r\n    \
        \        \"storageAccountType\": \"Standard_LRS\"\r\n          }\r\n     \
        \   },\r\n        \"imageReference\": {\r\n          \"publisher\": \"MicrosoftWindowsServer\"\
        ,\r\n          \"offer\": \"WindowsServer\",\r\n          \"sku\": \"2012-R2-Datacenter\"\
        ,\r\n          \"version\": \"latest\"\r\n        }\r\n      },\r\n      \"\
        networkProfile\": {\"networkInterfaceConfigurations\":[{\"name\":\"vmss1f8b9Nic\"\
        ,\"properties\":{\"primary\":true,\"enableAcceleratedNetworking\":false,\"\
        dnsSettings\":{\"dnsServers\":[]},\"enableIPForwarding\":false,\"ipConfigurations\"\
        :[{\"name\":\"vmss1f8b9IPConfig\",\"properties\":{\"subnet\":{\"id\":\"/subscriptions/00000000-0000-0000-0000-000000000000/resourceGroups/cli_test_vmss_create_and_modify/providers/Microsoft.Network/virtualNetworks/vmss1VNET/subnets/vmss1Subnet\"\
        },\"privateIPAddressVersion\":\"IPv4\",\"loadBalancerBackendAddressPools\"\
        :[{\"id\":\"/subscriptions/00000000-0000-0000-0000-000000000000/resourceGroups/cli_test_vmss_create_and_modify/providers/Microsoft.Network/loadBalancers/vmss1LB/backendAddressPools/vmss1LBBEPool\"\
        }],\"loadBalancerInboundNatPools\":[{\"id\":\"/subscriptions/00000000-0000-0000-0000-000000000000/resourceGroups/cli_test_vmss_create_and_modify/providers/Microsoft.Network/loadBalancers/vmss1LB/inboundNatPools/vmss1LBNatPool\"\
        }]}}]}}]}\r\n    },\r\n    \"provisioningState\": \"Updating\",\r\n    \"\
        overprovision\": true,\r\n    \"uniqueId\": \"ba0ecf3e-a54e-44ee-9029-c64459b7de7d\"\
        \r\n  },\r\n  \"type\": \"Microsoft.Compute/virtualMachineScaleSets\",\r\n\
        \  \"location\": \"westus\",\r\n  \"tags\": {},\r\n  \"id\": \"/subscriptions/00000000-0000-0000-0000-000000000000/resourceGroups/cli_test_vmss_create_and_modify/providers/Microsoft.Compute/virtualMachineScaleSets/vmss1\"\
        ,\r\n  \"name\": \"vmss1\"\r\n}"}
    headers:
      Azure-AsyncOperation: ['https://management.azure.com/subscriptions/0b1f6471-1bf0-4dda-aec3-cb9272f09590/providers/Microsoft.Compute/locations/westus/operations/a7950f2e-e260-4595-878d-2d058eb3efc3?api-version=2017-12-01']
      Cache-Control: [no-cache]
      Content-Type: [application/json; charset=utf-8]
      Date: ['Fri, 15 Dec 2017 03:02:15 GMT']
      Expires: ['-1']
      Pragma: [no-cache]
      Server: [Microsoft-HTTPAPI/2.0, Microsoft-HTTPAPI/2.0]
      Strict-Transport-Security: [max-age=31536000; includeSubDomains]
      Transfer-Encoding: [chunked]
      Vary: [Accept-Encoding]
      content-length: ['2364']
      x-ms-ratelimit-remaining-resource: ['Microsoft.Compute/CreateVMScaleSet3Min;38,Microsoft.Compute/CreateVMScaleSet30Min;195,Microsoft.Compute/VMScaleSetBatchedVMRequests5Min;1174,Microsoft.Compute/VmssQueuedVMOperations;1799']
      x-ms-ratelimit-remaining-subscription-writes: ['1194']
      x-ms-request-charge: ['1']
    status: {code: 200, message: OK}
- request:
    body: null
    headers:
      Accept: [application/json]
      Accept-Encoding: ['gzip, deflate']
      Connection: [keep-alive]
      Content-Type: [application/json; charset=utf-8]
      User-Agent: [python/3.5.3 (Windows-10-10.0.16299-SP0) requests/2.18.4 msrest/0.4.21
          msrest_azure/0.4.19 computemanagementclient/3.1.0rc2 Azure-SDK-For-Python
          AZURECLI/TEST/2.0.23]
      accept-language: [en-US]
      x-ms-client-request-id: [5a8dae74-e144-11e7-a505-a0b3ccf7272a]
    method: GET
    uri: https://management.azure.com/subscriptions/00000000-0000-0000-0000-000000000000/providers/Microsoft.Compute/locations/westus/operations/a7950f2e-e260-4595-878d-2d058eb3efc3?api-version=2017-12-01
  response:
    body: {string: "{\r\n  \"startTime\": \"2017-12-15T03:02:13.8784897+00:00\",\r\
        \n  \"status\": \"InProgress\",\r\n  \"name\": \"a7950f2e-e260-4595-878d-2d058eb3efc3\"\
        \r\n}"}
    headers:
      Cache-Control: [no-cache]
      Content-Type: [application/json; charset=utf-8]
      Date: ['Fri, 15 Dec 2017 03:02:45 GMT']
      Expires: ['-1']
      Pragma: [no-cache]
      Server: [Microsoft-HTTPAPI/2.0, Microsoft-HTTPAPI/2.0]
      Strict-Transport-Security: [max-age=31536000; includeSubDomains]
      Transfer-Encoding: [chunked]
      Vary: [Accept-Encoding]
      content-length: ['134']
      x-ms-ratelimit-remaining-resource: ['Microsoft.Compute/GetOperation3Min;2108,Microsoft.Compute/GetOperation30Min;17640']
    status: {code: 200, message: OK}
- request:
    body: null
    headers:
      Accept: [application/json]
      Accept-Encoding: ['gzip, deflate']
      Connection: [keep-alive]
      Content-Type: [application/json; charset=utf-8]
      User-Agent: [python/3.5.3 (Windows-10-10.0.16299-SP0) requests/2.18.4 msrest/0.4.21
          msrest_azure/0.4.19 computemanagementclient/3.1.0rc2 Azure-SDK-For-Python
          AZURECLI/TEST/2.0.23]
      accept-language: [en-US]
      x-ms-client-request-id: [5a8dae74-e144-11e7-a505-a0b3ccf7272a]
    method: GET
    uri: https://management.azure.com/subscriptions/00000000-0000-0000-0000-000000000000/providers/Microsoft.Compute/locations/westus/operations/a7950f2e-e260-4595-878d-2d058eb3efc3?api-version=2017-12-01
  response:
    body: {string: "{\r\n  \"startTime\": \"2017-12-15T03:02:13.8784897+00:00\",\r\
        \n  \"status\": \"InProgress\",\r\n  \"name\": \"a7950f2e-e260-4595-878d-2d058eb3efc3\"\
        \r\n}"}
    headers:
      Cache-Control: [no-cache]
      Content-Type: [application/json; charset=utf-8]
      Date: ['Fri, 15 Dec 2017 03:03:15 GMT']
      Expires: ['-1']
      Pragma: [no-cache]
      Server: [Microsoft-HTTPAPI/2.0, Microsoft-HTTPAPI/2.0]
      Strict-Transport-Security: [max-age=31536000; includeSubDomains]
      Transfer-Encoding: [chunked]
      Vary: [Accept-Encoding]
      content-length: ['134']
      x-ms-ratelimit-remaining-resource: ['Microsoft.Compute/GetOperation3Min;2109,Microsoft.Compute/GetOperation30Min;17629']
    status: {code: 200, message: OK}
- request:
    body: null
    headers:
      Accept: [application/json]
      Accept-Encoding: ['gzip, deflate']
      Connection: [keep-alive]
      Content-Type: [application/json; charset=utf-8]
      User-Agent: [python/3.5.3 (Windows-10-10.0.16299-SP0) requests/2.18.4 msrest/0.4.21
          msrest_azure/0.4.19 computemanagementclient/3.1.0rc2 Azure-SDK-For-Python
          AZURECLI/TEST/2.0.23]
      accept-language: [en-US]
      x-ms-client-request-id: [5a8dae74-e144-11e7-a505-a0b3ccf7272a]
    method: GET
    uri: https://management.azure.com/subscriptions/00000000-0000-0000-0000-000000000000/providers/Microsoft.Compute/locations/westus/operations/a7950f2e-e260-4595-878d-2d058eb3efc3?api-version=2017-12-01
  response:
    body: {string: "{\r\n  \"startTime\": \"2017-12-15T03:02:13.8784897+00:00\",\r\
        \n  \"endTime\": \"2017-12-15T03:03:40.3818304+00:00\",\r\n  \"status\": \"\
        Succeeded\",\r\n  \"name\": \"a7950f2e-e260-4595-878d-2d058eb3efc3\"\r\n}"}
    headers:
      Cache-Control: [no-cache]
      Content-Type: [application/json; charset=utf-8]
      Date: ['Fri, 15 Dec 2017 03:03:45 GMT']
      Expires: ['-1']
      Pragma: [no-cache]
      Server: [Microsoft-HTTPAPI/2.0, Microsoft-HTTPAPI/2.0]
      Strict-Transport-Security: [max-age=31536000; includeSubDomains]
      Transfer-Encoding: [chunked]
      Vary: [Accept-Encoding]
      content-length: ['184']
      x-ms-ratelimit-remaining-resource: ['Microsoft.Compute/GetOperation3Min;2099,Microsoft.Compute/GetOperation30Min;17613']
    status: {code: 200, message: OK}
- request:
    body: null
    headers:
      Accept: [application/json]
      Accept-Encoding: ['gzip, deflate']
      Connection: [keep-alive]
      Content-Type: [application/json; charset=utf-8]
      User-Agent: [python/3.5.3 (Windows-10-10.0.16299-SP0) requests/2.18.4 msrest/0.4.21
          msrest_azure/0.4.19 computemanagementclient/3.1.0rc2 Azure-SDK-For-Python
          AZURECLI/TEST/2.0.23]
      accept-language: [en-US]
      x-ms-client-request-id: [5a8dae74-e144-11e7-a505-a0b3ccf7272a]
    method: GET
    uri: https://management.azure.com/subscriptions/00000000-0000-0000-0000-000000000000/resourceGroups/cli_test_vmss_create_and_modify/providers/Microsoft.Compute/virtualMachineScaleSets/vmss1?api-version=2017-12-01
  response:
    body: {string: "{\r\n  \"sku\": {\r\n    \"name\": \"Standard_D1_v2\",\r\n   \
        \ \"tier\": \"Standard\",\r\n    \"capacity\": 4\r\n  },\r\n  \"properties\"\
        : {\r\n    \"singlePlacementGroup\": true,\r\n    \"upgradePolicy\": {\r\n\
        \      \"mode\": \"Manual\",\r\n      \"automaticOSUpgrade\": false\r\n  \
        \  },\r\n    \"virtualMachineProfile\": {\r\n      \"osProfile\": {\r\n  \
        \      \"computerNamePrefix\": \"vmss1f8b9\",\r\n        \"adminUsername\"\
        : \"myadmin\",\r\n        \"windowsConfiguration\": {\r\n          \"provisionVMAgent\"\
        : true,\r\n          \"enableAutomaticUpdates\": true\r\n        },\r\n  \
        \      \"secrets\": []\r\n      },\r\n      \"storageProfile\": {\r\n    \
        \    \"osDisk\": {\r\n          \"createOption\": \"FromImage\",\r\n     \
        \     \"caching\": \"ReadWrite\",\r\n          \"managedDisk\": {\r\n    \
        \        \"storageAccountType\": \"Standard_LRS\"\r\n          }\r\n     \
        \   },\r\n        \"imageReference\": {\r\n          \"publisher\": \"MicrosoftWindowsServer\"\
        ,\r\n          \"offer\": \"WindowsServer\",\r\n          \"sku\": \"2012-R2-Datacenter\"\
        ,\r\n          \"version\": \"latest\"\r\n        }\r\n      },\r\n      \"\
        networkProfile\": {\"networkInterfaceConfigurations\":[{\"name\":\"vmss1f8b9Nic\"\
        ,\"properties\":{\"primary\":true,\"enableAcceleratedNetworking\":false,\"\
        dnsSettings\":{\"dnsServers\":[]},\"enableIPForwarding\":false,\"ipConfigurations\"\
        :[{\"name\":\"vmss1f8b9IPConfig\",\"properties\":{\"subnet\":{\"id\":\"/subscriptions/00000000-0000-0000-0000-000000000000/resourceGroups/cli_test_vmss_create_and_modify/providers/Microsoft.Network/virtualNetworks/vmss1VNET/subnets/vmss1Subnet\"\
        },\"privateIPAddressVersion\":\"IPv4\",\"loadBalancerBackendAddressPools\"\
        :[{\"id\":\"/subscriptions/00000000-0000-0000-0000-000000000000/resourceGroups/cli_test_vmss_create_and_modify/providers/Microsoft.Network/loadBalancers/vmss1LB/backendAddressPools/vmss1LBBEPool\"\
        }],\"loadBalancerInboundNatPools\":[{\"id\":\"/subscriptions/00000000-0000-0000-0000-000000000000/resourceGroups/cli_test_vmss_create_and_modify/providers/Microsoft.Network/loadBalancers/vmss1LB/inboundNatPools/vmss1LBNatPool\"\
        }]}}]}}]}\r\n    },\r\n    \"provisioningState\": \"Succeeded\",\r\n    \"\
        overprovision\": true,\r\n    \"uniqueId\": \"ba0ecf3e-a54e-44ee-9029-c64459b7de7d\"\
        \r\n  },\r\n  \"type\": \"Microsoft.Compute/virtualMachineScaleSets\",\r\n\
        \  \"location\": \"westus\",\r\n  \"tags\": {},\r\n  \"id\": \"/subscriptions/00000000-0000-0000-0000-000000000000/resourceGroups/cli_test_vmss_create_and_modify/providers/Microsoft.Compute/virtualMachineScaleSets/vmss1\"\
        ,\r\n  \"name\": \"vmss1\"\r\n}"}
    headers:
      Cache-Control: [no-cache]
      Content-Type: [application/json; charset=utf-8]
      Date: ['Fri, 15 Dec 2017 03:03:46 GMT']
      Expires: ['-1']
      Pragma: [no-cache]
      Server: [Microsoft-HTTPAPI/2.0, Microsoft-HTTPAPI/2.0]
      Strict-Transport-Security: [max-age=31536000; includeSubDomains]
      Transfer-Encoding: [chunked]
      Vary: [Accept-Encoding]
      content-length: ['2365']
      x-ms-ratelimit-remaining-resource: ['Microsoft.Compute/GetVMScaleSet3Min;225,Microsoft.Compute/GetVMScaleSet30Min;1111']
    status: {code: 200, message: OK}
- request:
    body: null
    headers:
      Accept: [application/json]
      Accept-Encoding: ['gzip, deflate']
      Connection: [keep-alive]
      Content-Type: [application/json; charset=utf-8]
      User-Agent: [python/3.5.3 (Windows-10-10.0.16299-SP0) requests/2.18.4 msrest/0.4.21
          msrest_azure/0.4.19 computemanagementclient/3.1.0rc2 Azure-SDK-For-Python
          AZURECLI/TEST/2.0.23]
      accept-language: [en-US]
      x-ms-client-request-id: [914145ca-e144-11e7-bba1-a0b3ccf7272a]
    method: GET
    uri: https://management.azure.com/subscriptions/00000000-0000-0000-0000-000000000000/resourceGroups/cli_test_vmss_create_and_modify/providers/Microsoft.Compute/virtualMachineScaleSets/vmss1?api-version=2017-12-01
  response:
    body: {string: "{\r\n  \"sku\": {\r\n    \"name\": \"Standard_D1_v2\",\r\n   \
        \ \"tier\": \"Standard\",\r\n    \"capacity\": 4\r\n  },\r\n  \"properties\"\
        : {\r\n    \"singlePlacementGroup\": true,\r\n    \"upgradePolicy\": {\r\n\
        \      \"mode\": \"Manual\",\r\n      \"automaticOSUpgrade\": false\r\n  \
        \  },\r\n    \"virtualMachineProfile\": {\r\n      \"osProfile\": {\r\n  \
        \      \"computerNamePrefix\": \"vmss1f8b9\",\r\n        \"adminUsername\"\
        : \"myadmin\",\r\n        \"windowsConfiguration\": {\r\n          \"provisionVMAgent\"\
        : true,\r\n          \"enableAutomaticUpdates\": true\r\n        },\r\n  \
        \      \"secrets\": []\r\n      },\r\n      \"storageProfile\": {\r\n    \
        \    \"osDisk\": {\r\n          \"createOption\": \"FromImage\",\r\n     \
        \     \"caching\": \"ReadWrite\",\r\n          \"managedDisk\": {\r\n    \
        \        \"storageAccountType\": \"Standard_LRS\"\r\n          }\r\n     \
        \   },\r\n        \"imageReference\": {\r\n          \"publisher\": \"MicrosoftWindowsServer\"\
        ,\r\n          \"offer\": \"WindowsServer\",\r\n          \"sku\": \"2012-R2-Datacenter\"\
        ,\r\n          \"version\": \"latest\"\r\n        }\r\n      },\r\n      \"\
        networkProfile\": {\"networkInterfaceConfigurations\":[{\"name\":\"vmss1f8b9Nic\"\
        ,\"properties\":{\"primary\":true,\"enableAcceleratedNetworking\":false,\"\
        dnsSettings\":{\"dnsServers\":[]},\"enableIPForwarding\":false,\"ipConfigurations\"\
        :[{\"name\":\"vmss1f8b9IPConfig\",\"properties\":{\"subnet\":{\"id\":\"/subscriptions/00000000-0000-0000-0000-000000000000/resourceGroups/cli_test_vmss_create_and_modify/providers/Microsoft.Network/virtualNetworks/vmss1VNET/subnets/vmss1Subnet\"\
        },\"privateIPAddressVersion\":\"IPv4\",\"loadBalancerBackendAddressPools\"\
        :[{\"id\":\"/subscriptions/00000000-0000-0000-0000-000000000000/resourceGroups/cli_test_vmss_create_and_modify/providers/Microsoft.Network/loadBalancers/vmss1LB/backendAddressPools/vmss1LBBEPool\"\
        }],\"loadBalancerInboundNatPools\":[{\"id\":\"/subscriptions/00000000-0000-0000-0000-000000000000/resourceGroups/cli_test_vmss_create_and_modify/providers/Microsoft.Network/loadBalancers/vmss1LB/inboundNatPools/vmss1LBNatPool\"\
        }]}}]}}]}\r\n    },\r\n    \"provisioningState\": \"Succeeded\",\r\n    \"\
        overprovision\": true,\r\n    \"uniqueId\": \"ba0ecf3e-a54e-44ee-9029-c64459b7de7d\"\
        \r\n  },\r\n  \"type\": \"Microsoft.Compute/virtualMachineScaleSets\",\r\n\
        \  \"location\": \"westus\",\r\n  \"tags\": {},\r\n  \"id\": \"/subscriptions/00000000-0000-0000-0000-000000000000/resourceGroups/cli_test_vmss_create_and_modify/providers/Microsoft.Compute/virtualMachineScaleSets/vmss1\"\
        ,\r\n  \"name\": \"vmss1\"\r\n}"}
    headers:
      Cache-Control: [no-cache]
      Content-Type: [application/json; charset=utf-8]
      Date: ['Fri, 15 Dec 2017 03:03:46 GMT']
      Expires: ['-1']
      Pragma: [no-cache]
      Server: [Microsoft-HTTPAPI/2.0, Microsoft-HTTPAPI/2.0]
      Strict-Transport-Security: [max-age=31536000; includeSubDomains]
      Transfer-Encoding: [chunked]
      Vary: [Accept-Encoding]
      content-length: ['2365']
      x-ms-ratelimit-remaining-resource: ['Microsoft.Compute/GetVMScaleSet3Min;224,Microsoft.Compute/GetVMScaleSet30Min;1110']
    status: {code: 200, message: OK}
- request:
    body: null
    headers:
      Accept: [application/json]
      Accept-Encoding: ['gzip, deflate']
      Connection: [keep-alive]
      Content-Type: [application/json; charset=utf-8]
      User-Agent: [python/3.5.3 (Windows-10-10.0.16299-SP0) requests/2.18.4 msrest/0.4.21
          msrest_azure/0.4.19 computemanagementclient/3.1.0rc2 Azure-SDK-For-Python
          AZURECLI/TEST/2.0.23]
      accept-language: [en-US]
      x-ms-client-request-id: [91863752-e144-11e7-a9eb-a0b3ccf7272a]
    method: GET
    uri: https://management.azure.com/subscriptions/00000000-0000-0000-0000-000000000000/resourceGroups/cli_test_vmss_create_and_modify/providers/Microsoft.Compute/virtualMachineScaleSets/vmss1/virtualMachines?api-version=2017-12-01
  response:
    body: {string: "{\r\n  \"value\": [\r\n    {\r\n      \"instanceId\": \"5\",\r\
        \n      \"sku\": {\r\n        \"name\": \"Standard_D1_v2\",\r\n        \"\
        tier\": \"Standard\"\r\n      },\r\n      \"properties\": {\r\n        \"\
        latestModelApplied\": true,\r\n        \"vmId\": \"3c4953d5-4c21-4c5f-9f2f-530b8fe80c89\"\
        ,\r\n        \"storageProfile\": {\r\n          \"imageReference\": {\r\n\
        \            \"publisher\": \"MicrosoftWindowsServer\",\r\n            \"\
        offer\": \"WindowsServer\",\r\n            \"sku\": \"2012-R2-Datacenter\"\
        ,\r\n            \"version\": \"4.127.20171115\"\r\n          },\r\n     \
        \     \"osDisk\": {\r\n            \"osType\": \"Windows\",\r\n          \
        \  \"name\": \"vmss1_vmss1_5_OsDisk_1_8912d6c9f01d4fbf9b5f71704cf3f5c8\",\r\
        \n            \"createOption\": \"FromImage\",\r\n            \"caching\"\
        : \"ReadWrite\",\r\n            \"managedDisk\": {\r\n              \"storageAccountType\"\
        : \"Standard_LRS\",\r\n              \"id\": \"/subscriptions/00000000-0000-0000-0000-000000000000/resourceGroups/cli_test_vmss_create_and_modify/providers/Microsoft.Compute/disks/vmss1_vmss1_5_OsDisk_1_8912d6c9f01d4fbf9b5f71704cf3f5c8\"\
        \r\n            },\r\n            \"diskSizeGB\": 128\r\n          },\r\n\
        \          \"dataDisks\": []\r\n        },\r\n        \"osProfile\": {\r\n\
        \          \"computerName\": \"vmss1f8b9000005\",\r\n          \"adminUsername\"\
        : \"myadmin\",\r\n          \"windowsConfiguration\": {\r\n            \"\
        provisionVMAgent\": true,\r\n            \"enableAutomaticUpdates\": true\r\
        \n          },\r\n          \"secrets\": []\r\n        },\r\n        \"networkProfile\"\
        : {\"networkInterfaces\":[{\"id\":\"/subscriptions/00000000-0000-0000-0000-000000000000/resourceGroups/cli_test_vmss_create_and_modify/providers/Microsoft.Compute/virtualMachineScaleSets/vmss1/virtualMachines/5/networkInterfaces/vmss1f8b9Nic\"\
        }]},\r\n        \"provisioningState\": \"Succeeded\"\r\n      },\r\n     \
        \ \"type\": \"Microsoft.Compute/virtualMachineScaleSets/virtualMachines\"\
        ,\r\n      \"location\": \"westus\",\r\n      \"tags\": {},\r\n      \"id\"\
        : \"/subscriptions/00000000-0000-0000-0000-000000000000/resourceGroups/CLI_TEST_VMSS_CREATE_AND_MODIFY_OF38_/providers/Microsoft.Compute/virtualMachineScaleSets/vmss1/virtualMachines/5\"\
        ,\r\n      \"name\": \"vmss1_5\"\r\n    },\r\n    {\r\n      \"instanceId\"\
        : \"6\",\r\n      \"sku\": {\r\n        \"name\": \"Standard_D1_v2\",\r\n\
        \        \"tier\": \"Standard\"\r\n      },\r\n      \"properties\": {\r\n\
        \        \"latestModelApplied\": true,\r\n        \"vmId\": \"99071b91-1ec8-4803-865d-e7a76d6c0147\"\
        ,\r\n        \"storageProfile\": {\r\n          \"imageReference\": {\r\n\
        \            \"publisher\": \"MicrosoftWindowsServer\",\r\n            \"\
        offer\": \"WindowsServer\",\r\n            \"sku\": \"2012-R2-Datacenter\"\
        ,\r\n            \"version\": \"4.127.20171115\"\r\n          },\r\n     \
        \     \"osDisk\": {\r\n            \"osType\": \"Windows\",\r\n          \
        \  \"name\": \"vmss1_vmss1_6_OsDisk_1_4643489788a74cff828c6e4745cdbb1f\",\r\
        \n            \"createOption\": \"FromImage\",\r\n            \"caching\"\
        : \"ReadWrite\",\r\n            \"managedDisk\": {\r\n              \"storageAccountType\"\
        : \"Standard_LRS\",\r\n              \"id\": \"/subscriptions/00000000-0000-0000-0000-000000000000/resourceGroups/cli_test_vmss_create_and_modify/providers/Microsoft.Compute/disks/vmss1_vmss1_6_OsDisk_1_4643489788a74cff828c6e4745cdbb1f\"\
        \r\n            },\r\n            \"diskSizeGB\": 128\r\n          },\r\n\
        \          \"dataDisks\": []\r\n        },\r\n        \"osProfile\": {\r\n\
        \          \"computerName\": \"vmss1f8b9000006\",\r\n          \"adminUsername\"\
        : \"myadmin\",\r\n          \"windowsConfiguration\": {\r\n            \"\
        provisionVMAgent\": true,\r\n            \"enableAutomaticUpdates\": true\r\
        \n          },\r\n          \"secrets\": []\r\n        },\r\n        \"networkProfile\"\
        : {\"networkInterfaces\":[{\"id\":\"/subscriptions/00000000-0000-0000-0000-000000000000/resourceGroups/cli_test_vmss_create_and_modify/providers/Microsoft.Compute/virtualMachineScaleSets/vmss1/virtualMachines/6/networkInterfaces/vmss1f8b9Nic\"\
        }]},\r\n        \"provisioningState\": \"Succeeded\"\r\n      },\r\n     \
        \ \"type\": \"Microsoft.Compute/virtualMachineScaleSets/virtualMachines\"\
        ,\r\n      \"location\": \"westus\",\r\n      \"tags\": {},\r\n      \"id\"\
        : \"/subscriptions/00000000-0000-0000-0000-000000000000/resourceGroups/CLI_TEST_VMSS_CREATE_AND_MODIFY_OF38_/providers/Microsoft.Compute/virtualMachineScaleSets/vmss1/virtualMachines/6\"\
        ,\r\n      \"name\": \"vmss1_6\"\r\n    },\r\n    {\r\n      \"instanceId\"\
        : \"7\",\r\n      \"sku\": {\r\n        \"name\": \"Standard_D1_v2\",\r\n\
        \        \"tier\": \"Standard\"\r\n      },\r\n      \"properties\": {\r\n\
        \        \"latestModelApplied\": true,\r\n        \"vmId\": \"3590fc76-6da8-4b6d-9133-78c8e2c148a9\"\
        ,\r\n        \"storageProfile\": {\r\n          \"imageReference\": {\r\n\
        \            \"publisher\": \"MicrosoftWindowsServer\",\r\n            \"\
        offer\": \"WindowsServer\",\r\n            \"sku\": \"2012-R2-Datacenter\"\
        ,\r\n            \"version\": \"4.127.20171115\"\r\n          },\r\n     \
        \     \"osDisk\": {\r\n            \"osType\": \"Windows\",\r\n          \
        \  \"name\": \"vmss1_vmss1_7_OsDisk_1_7005fbb5aac348eb9a5889f14850ae9e\",\r\
        \n            \"createOption\": \"FromImage\",\r\n            \"caching\"\
        : \"ReadWrite\",\r\n            \"managedDisk\": {\r\n              \"storageAccountType\"\
        : \"Standard_LRS\",\r\n              \"id\": \"/subscriptions/00000000-0000-0000-0000-000000000000/resourceGroups/cli_test_vmss_create_and_modify/providers/Microsoft.Compute/disks/vmss1_vmss1_7_OsDisk_1_7005fbb5aac348eb9a5889f14850ae9e\"\
        \r\n            },\r\n            \"diskSizeGB\": 128\r\n          },\r\n\
        \          \"dataDisks\": []\r\n        },\r\n        \"osProfile\": {\r\n\
        \          \"computerName\": \"vmss1f8b9000007\",\r\n          \"adminUsername\"\
        : \"myadmin\",\r\n          \"windowsConfiguration\": {\r\n            \"\
        provisionVMAgent\": true,\r\n            \"enableAutomaticUpdates\": true\r\
        \n          },\r\n          \"secrets\": []\r\n        },\r\n        \"networkProfile\"\
        : {\"networkInterfaces\":[{\"id\":\"/subscriptions/00000000-0000-0000-0000-000000000000/resourceGroups/cli_test_vmss_create_and_modify/providers/Microsoft.Compute/virtualMachineScaleSets/vmss1/virtualMachines/7/networkInterfaces/vmss1f8b9Nic\"\
        }]},\r\n        \"provisioningState\": \"Succeeded\"\r\n      },\r\n     \
        \ \"type\": \"Microsoft.Compute/virtualMachineScaleSets/virtualMachines\"\
        ,\r\n      \"location\": \"westus\",\r\n      \"tags\": {},\r\n      \"id\"\
        : \"/subscriptions/00000000-0000-0000-0000-000000000000/resourceGroups/CLI_TEST_VMSS_CREATE_AND_MODIFY_OF38_/providers/Microsoft.Compute/virtualMachineScaleSets/vmss1/virtualMachines/7\"\
        ,\r\n      \"name\": \"vmss1_7\"\r\n    },\r\n    {\r\n      \"instanceId\"\
        : \"9\",\r\n      \"sku\": {\r\n        \"name\": \"Standard_D1_v2\",\r\n\
        \        \"tier\": \"Standard\"\r\n      },\r\n      \"properties\": {\r\n\
        \        \"latestModelApplied\": true,\r\n        \"vmId\": \"61a09369-dbcb-4658-987c-67893d965af2\"\
        ,\r\n        \"storageProfile\": {\r\n          \"imageReference\": {\r\n\
        \            \"publisher\": \"MicrosoftWindowsServer\",\r\n            \"\
        offer\": \"WindowsServer\",\r\n            \"sku\": \"2012-R2-Datacenter\"\
        ,\r\n            \"version\": \"4.127.20171115\"\r\n          },\r\n     \
        \     \"osDisk\": {\r\n            \"osType\": \"Windows\",\r\n          \
        \  \"name\": \"vmss1_vmss1_9_OsDisk_1_84e8a00b69dd442fbd470b1e33d6b774\",\r\
        \n            \"createOption\": \"FromImage\",\r\n            \"caching\"\
        : \"ReadWrite\",\r\n            \"managedDisk\": {\r\n              \"storageAccountType\"\
        : \"Standard_LRS\",\r\n              \"id\": \"/subscriptions/00000000-0000-0000-0000-000000000000/resourceGroups/cli_test_vmss_create_and_modify/providers/Microsoft.Compute/disks/vmss1_vmss1_9_OsDisk_1_84e8a00b69dd442fbd470b1e33d6b774\"\
        \r\n            },\r\n            \"diskSizeGB\": 128\r\n          },\r\n\
        \          \"dataDisks\": []\r\n        },\r\n        \"osProfile\": {\r\n\
        \          \"computerName\": \"vmss1f8b9000009\",\r\n          \"adminUsername\"\
        : \"myadmin\",\r\n          \"windowsConfiguration\": {\r\n            \"\
        provisionVMAgent\": true,\r\n            \"enableAutomaticUpdates\": true\r\
        \n          },\r\n          \"secrets\": []\r\n        },\r\n        \"networkProfile\"\
        : {\"networkInterfaces\":[{\"id\":\"/subscriptions/00000000-0000-0000-0000-000000000000/resourceGroups/cli_test_vmss_create_and_modify/providers/Microsoft.Compute/virtualMachineScaleSets/vmss1/virtualMachines/9/networkInterfaces/vmss1f8b9Nic\"\
        }]},\r\n        \"provisioningState\": \"Succeeded\"\r\n      },\r\n     \
        \ \"type\": \"Microsoft.Compute/virtualMachineScaleSets/virtualMachines\"\
        ,\r\n      \"location\": \"westus\",\r\n      \"tags\": {},\r\n      \"id\"\
        : \"/subscriptions/00000000-0000-0000-0000-000000000000/resourceGroups/CLI_TEST_VMSS_CREATE_AND_MODIFY_OF38_/providers/Microsoft.Compute/virtualMachineScaleSets/vmss1/virtualMachines/9\"\
        ,\r\n      \"name\": \"vmss1_9\"\r\n    }\r\n  ]\r\n}"}
    headers:
      Cache-Control: [no-cache]
      Content-Type: [application/json; charset=utf-8]
      Date: ['Fri, 15 Dec 2017 03:03:47 GMT']
      Expires: ['-1']
      Pragma: [no-cache]
      Server: [Microsoft-HTTPAPI/2.0, Microsoft-HTTPAPI/2.0]
      Strict-Transport-Security: [max-age=31536000; includeSubDomains]
      Transfer-Encoding: [chunked]
      Vary: [Accept-Encoding]
      content-length: ['8274']
      x-ms-ratelimit-remaining-resource: ['Microsoft.Compute/HighCostGetVMScaleSet3Min;235,Microsoft.Compute/HighCostGetVMScaleSet30Min;1179,Microsoft.Compute/VMScaleSetVMViews3Min;4982']
      x-ms-request-charge: ['4']
    status: {code: 200, message: OK}
- request:
    body: '{"instanceIds": ["7", "9"]}'
    headers:
      Accept: [application/json]
      Accept-Encoding: ['gzip, deflate']
      Connection: [keep-alive]
      Content-Length: ['27']
      Content-Type: [application/json; charset=utf-8]
      User-Agent: [python/3.5.3 (Windows-10-10.0.16299-SP0) requests/2.18.4 msrest/0.4.21
          msrest_azure/0.4.19 computemanagementclient/3.1.0rc2 Azure-SDK-For-Python
          AZURECLI/TEST/2.0.23]
      accept-language: [en-US]
      x-ms-client-request-id: [91b73b98-e144-11e7-884b-a0b3ccf7272a]
    method: POST
    uri: https://management.azure.com/subscriptions/00000000-0000-0000-0000-000000000000/resourceGroups/cli_test_vmss_create_and_modify/providers/Microsoft.Compute/virtualMachineScaleSets/vmss1/delete?api-version=2017-12-01
  response:
    body: {string: ''}
    headers:
      Azure-AsyncOperation: ['https://management.azure.com/subscriptions/0b1f6471-1bf0-4dda-aec3-cb9272f09590/providers/Microsoft.Compute/locations/westus/operations/c4136915-1765-44a7-a5da-bd34b01ef3e4?api-version=2017-12-01']
      Cache-Control: [no-cache]
      Content-Length: ['0']
      Date: ['Fri, 15 Dec 2017 03:03:47 GMT']
      Expires: ['-1']
      Location: ['https://management.azure.com/subscriptions/0b1f6471-1bf0-4dda-aec3-cb9272f09590/providers/Microsoft.Compute/locations/westus/operations/c4136915-1765-44a7-a5da-bd34b01ef3e4?monitor=true&api-version=2017-12-01']
      Pragma: [no-cache]
      Server: [Microsoft-HTTPAPI/2.0, Microsoft-HTTPAPI/2.0]
      Strict-Transport-Security: [max-age=31536000; includeSubDomains]
      x-ms-ratelimit-remaining-resource: ['Microsoft.Compute/VMScaleSetActions3Min;235,Microsoft.Compute/VMScaleSetActions30Min;1193,Microsoft.Compute/VMScaleSetBatchedVMRequests5Min;1172,Microsoft.Compute/VmssQueuedVMOperations;1798']
      x-ms-ratelimit-remaining-subscription-writes: ['1193']
      x-ms-request-charge: ['2']
    status: {code: 202, message: Accepted}
- request:
    body: null
    headers:
      Accept: [application/json]
      Accept-Encoding: ['gzip, deflate']
      Connection: [keep-alive]
      Content-Type: [application/json; charset=utf-8]
      User-Agent: [python/3.5.3 (Windows-10-10.0.16299-SP0) requests/2.18.4 msrest/0.4.21
          msrest_azure/0.4.19 computemanagementclient/3.1.0rc2 Azure-SDK-For-Python
          AZURECLI/TEST/2.0.23]
      accept-language: [en-US]
      x-ms-client-request-id: [91b73b98-e144-11e7-884b-a0b3ccf7272a]
    method: GET
    uri: https://management.azure.com/subscriptions/00000000-0000-0000-0000-000000000000/providers/Microsoft.Compute/locations/westus/operations/c4136915-1765-44a7-a5da-bd34b01ef3e4?api-version=2017-12-01
  response:
    body: {string: "{\r\n  \"startTime\": \"2017-12-15T03:03:46.303931+00:00\",\r\n\
        \  \"status\": \"InProgress\",\r\n  \"name\": \"c4136915-1765-44a7-a5da-bd34b01ef3e4\"\
        \r\n}"}
    headers:
      Cache-Control: [no-cache]
      Content-Type: [application/json; charset=utf-8]
      Date: ['Fri, 15 Dec 2017 03:04:17 GMT']
      Expires: ['-1']
      Pragma: [no-cache]
      Server: [Microsoft-HTTPAPI/2.0, Microsoft-HTTPAPI/2.0]
      Strict-Transport-Security: [max-age=31536000; includeSubDomains]
      Transfer-Encoding: [chunked]
      Vary: [Accept-Encoding]
      content-length: ['133']
      x-ms-ratelimit-remaining-resource: ['Microsoft.Compute/GetOperation3Min;2092,Microsoft.Compute/GetOperation30Min;17595']
    status: {code: 200, message: OK}
- request:
    body: null
    headers:
      Accept: [application/json]
      Accept-Encoding: ['gzip, deflate']
      Connection: [keep-alive]
      Content-Type: [application/json; charset=utf-8]
      User-Agent: [python/3.5.3 (Windows-10-10.0.16299-SP0) requests/2.18.4 msrest/0.4.21
          msrest_azure/0.4.19 computemanagementclient/3.1.0rc2 Azure-SDK-For-Python
          AZURECLI/TEST/2.0.23]
      accept-language: [en-US]
      x-ms-client-request-id: [91b73b98-e144-11e7-884b-a0b3ccf7272a]
    method: GET
    uri: https://management.azure.com/subscriptions/00000000-0000-0000-0000-000000000000/providers/Microsoft.Compute/locations/westus/operations/c4136915-1765-44a7-a5da-bd34b01ef3e4?api-version=2017-12-01
  response:
    body: {string: "{\r\n  \"startTime\": \"2017-12-15T03:03:46.303931+00:00\",\r\n\
        \  \"status\": \"InProgress\",\r\n  \"name\": \"c4136915-1765-44a7-a5da-bd34b01ef3e4\"\
        \r\n}"}
    headers:
      Cache-Control: [no-cache]
      Content-Type: [application/json; charset=utf-8]
      Date: ['Fri, 15 Dec 2017 03:04:47 GMT']
      Expires: ['-1']
      Pragma: [no-cache]
      Server: [Microsoft-HTTPAPI/2.0, Microsoft-HTTPAPI/2.0]
      Strict-Transport-Security: [max-age=31536000; includeSubDomains]
      Transfer-Encoding: [chunked]
      Vary: [Accept-Encoding]
      content-length: ['133']
      x-ms-ratelimit-remaining-resource: ['Microsoft.Compute/GetOperation3Min;2085,Microsoft.Compute/GetOperation30Min;17579']
    status: {code: 200, message: OK}
- request:
    body: null
    headers:
      Accept: [application/json]
      Accept-Encoding: ['gzip, deflate']
      Connection: [keep-alive]
      Content-Type: [application/json; charset=utf-8]
      User-Agent: [python/3.5.3 (Windows-10-10.0.16299-SP0) requests/2.18.4 msrest/0.4.21
          msrest_azure/0.4.19 computemanagementclient/3.1.0rc2 Azure-SDK-For-Python
          AZURECLI/TEST/2.0.23]
      accept-language: [en-US]
      x-ms-client-request-id: [91b73b98-e144-11e7-884b-a0b3ccf7272a]
    method: GET
    uri: https://management.azure.com/subscriptions/00000000-0000-0000-0000-000000000000/providers/Microsoft.Compute/locations/westus/operations/c4136915-1765-44a7-a5da-bd34b01ef3e4?api-version=2017-12-01
  response:
    body: {string: "{\r\n  \"startTime\": \"2017-12-15T03:03:46.303931+00:00\",\r\n\
        \  \"status\": \"InProgress\",\r\n  \"name\": \"c4136915-1765-44a7-a5da-bd34b01ef3e4\"\
        \r\n}"}
    headers:
      Cache-Control: [no-cache]
      Content-Type: [application/json; charset=utf-8]
      Date: ['Fri, 15 Dec 2017 03:05:18 GMT']
      Expires: ['-1']
      Pragma: [no-cache]
      Server: [Microsoft-HTTPAPI/2.0, Microsoft-HTTPAPI/2.0]
      Strict-Transport-Security: [max-age=31536000; includeSubDomains]
      Transfer-Encoding: [chunked]
      Vary: [Accept-Encoding]
      content-length: ['133']
      x-ms-ratelimit-remaining-resource: ['Microsoft.Compute/GetOperation3Min;2073,Microsoft.Compute/GetOperation30Min;17631']
    status: {code: 200, message: OK}
- request:
    body: null
    headers:
      Accept: [application/json]
      Accept-Encoding: ['gzip, deflate']
      Connection: [keep-alive]
      Content-Type: [application/json; charset=utf-8]
      User-Agent: [python/3.5.3 (Windows-10-10.0.16299-SP0) requests/2.18.4 msrest/0.4.21
          msrest_azure/0.4.19 computemanagementclient/3.1.0rc2 Azure-SDK-For-Python
          AZURECLI/TEST/2.0.23]
      accept-language: [en-US]
      x-ms-client-request-id: [91b73b98-e144-11e7-884b-a0b3ccf7272a]
    method: GET
    uri: https://management.azure.com/subscriptions/00000000-0000-0000-0000-000000000000/providers/Microsoft.Compute/locations/westus/operations/c4136915-1765-44a7-a5da-bd34b01ef3e4?api-version=2017-12-01
  response:
    body: {string: "{\r\n  \"startTime\": \"2017-12-15T03:03:46.303931+00:00\",\r\n\
        \  \"endTime\": \"2017-12-15T03:05:41.6366006+00:00\",\r\n  \"status\": \"\
        Succeeded\",\r\n  \"name\": \"c4136915-1765-44a7-a5da-bd34b01ef3e4\"\r\n}"}
    headers:
      Cache-Control: [no-cache]
      Content-Type: [application/json; charset=utf-8]
      Date: ['Fri, 15 Dec 2017 03:05:48 GMT']
      Expires: ['-1']
      Pragma: [no-cache]
      Server: [Microsoft-HTTPAPI/2.0, Microsoft-HTTPAPI/2.0]
      Strict-Transport-Security: [max-age=31536000; includeSubDomains]
      Transfer-Encoding: [chunked]
      Vary: [Accept-Encoding]
      content-length: ['183']
      x-ms-ratelimit-remaining-resource: ['Microsoft.Compute/GetOperation3Min;2071,Microsoft.Compute/GetOperation30Min;17617']
    status: {code: 200, message: OK}
- request:
    body: null
    headers:
      Accept: [application/json]
      Accept-Encoding: ['gzip, deflate']
      Connection: [keep-alive]
      Content-Type: [application/json; charset=utf-8]
      User-Agent: [python/3.5.3 (Windows-10-10.0.16299-SP0) requests/2.18.4 msrest/0.4.21
          msrest_azure/0.4.19 computemanagementclient/3.1.0rc2 Azure-SDK-For-Python
          AZURECLI/TEST/2.0.23]
      accept-language: [en-US]
      x-ms-client-request-id: [daa8bdb0-e144-11e7-a301-a0b3ccf7272a]
    method: GET
    uri: https://management.azure.com/subscriptions/00000000-0000-0000-0000-000000000000/resourceGroups/cli_test_vmss_create_and_modify/providers/Microsoft.Compute/virtualMachineScaleSets/vmss1/instanceView?api-version=2017-12-01
  response:
    body: {string: "{\r\n  \"virtualMachine\": {\r\n    \"statusesSummary\": [\r\n\
        \      {\r\n        \"code\": \"ProvisioningState/succeeded\",\r\n       \
        \ \"count\": 2\r\n      }\r\n    ]\r\n  },\r\n  \"statuses\": [\r\n    {\r\
        \n      \"code\": \"ProvisioningState/succeeded\",\r\n      \"level\": \"\
        Info\",\r\n      \"displayStatus\": \"Provisioning succeeded\",\r\n      \"\
        time\": \"2017-12-15T03:05:41.6053561+00:00\"\r\n    }\r\n  ]\r\n}"}
    headers:
      Cache-Control: [no-cache]
      Content-Type: [application/json; charset=utf-8]
      Date: ['Fri, 15 Dec 2017 03:05:49 GMT']
      Expires: ['-1']
      Pragma: [no-cache]
      Server: [Microsoft-HTTPAPI/2.0, Microsoft-HTTPAPI/2.0]
      Strict-Transport-Security: [max-age=31536000; includeSubDomains]
      Transfer-Encoding: [chunked]
      Vary: [Accept-Encoding]
      content-length: ['359']
      x-ms-ratelimit-remaining-resource: ['Microsoft.Compute/HighCostGetVMScaleSet3Min;233,Microsoft.Compute/HighCostGetVMScaleSet30Min;1183']
    status: {code: 200, message: OK}
- request:
    body: null
    headers:
      Accept: [application/json]
      Accept-Encoding: ['gzip, deflate']
      Connection: [keep-alive]
      Content-Length: ['0']
      Content-Type: [application/json; charset=utf-8]
      User-Agent: [python/3.5.3 (Windows-10-10.0.16299-SP0) requests/2.18.4 msrest/0.4.21
          msrest_azure/0.4.19 computemanagementclient/3.1.0rc2 Azure-SDK-For-Python
          AZURECLI/TEST/2.0.23]
      accept-language: [en-US]
      x-ms-client-request-id: [dad8c476-e144-11e7-8e63-a0b3ccf7272a]
    method: POST
    uri: https://management.azure.com/subscriptions/00000000-0000-0000-0000-000000000000/resourceGroups/cli_test_vmss_create_and_modify/providers/Microsoft.Compute/virtualMachineScaleSets/vmss1/deallocate?api-version=2017-12-01
  response:
    body: {string: ''}
    headers:
      Azure-AsyncOperation: ['https://management.azure.com/subscriptions/0b1f6471-1bf0-4dda-aec3-cb9272f09590/providers/Microsoft.Compute/locations/westus/operations/3f226d8c-e79b-496f-8c8d-fd2aab77b428?api-version=2017-12-01']
      Cache-Control: [no-cache]
      Content-Length: ['0']
      Date: ['Fri, 15 Dec 2017 03:05:50 GMT']
      Expires: ['-1']
      Location: ['https://management.azure.com/subscriptions/0b1f6471-1bf0-4dda-aec3-cb9272f09590/providers/Microsoft.Compute/locations/westus/operations/3f226d8c-e79b-496f-8c8d-fd2aab77b428?monitor=true&api-version=2017-12-01']
      Pragma: [no-cache]
      Server: [Microsoft-HTTPAPI/2.0, Microsoft-HTTPAPI/2.0]
      Strict-Transport-Security: [max-age=31536000; includeSubDomains]
      x-ms-ratelimit-remaining-resource: ['Microsoft.Compute/DeleteVMScaleSet3Min;119,Microsoft.Compute/DeleteVMScaleSet30Min;598,Microsoft.Compute/VMScaleSetBatchedVMRequests5Min;1172,Microsoft.Compute/VmssQueuedVMOperations;1798']
      x-ms-ratelimit-remaining-subscription-writes: ['1197']
      x-ms-request-charge: ['2']
    status: {code: 202, message: Accepted}
- request:
    body: null
    headers:
      Accept: [application/json]
      Accept-Encoding: ['gzip, deflate']
      Connection: [keep-alive]
      Content-Type: [application/json; charset=utf-8]
      User-Agent: [python/3.5.3 (Windows-10-10.0.16299-SP0) requests/2.18.4 msrest/0.4.21
          msrest_azure/0.4.19 computemanagementclient/3.1.0rc2 Azure-SDK-For-Python
          AZURECLI/TEST/2.0.23]
      accept-language: [en-US]
      x-ms-client-request-id: [dad8c476-e144-11e7-8e63-a0b3ccf7272a]
    method: GET
    uri: https://management.azure.com/subscriptions/00000000-0000-0000-0000-000000000000/providers/Microsoft.Compute/locations/westus/operations/3f226d8c-e79b-496f-8c8d-fd2aab77b428?api-version=2017-12-01
  response:
    body: {string: "{\r\n  \"startTime\": \"2017-12-15T03:05:48.9677175+00:00\",\r\
        \n  \"status\": \"InProgress\",\r\n  \"name\": \"3f226d8c-e79b-496f-8c8d-fd2aab77b428\"\
        \r\n}"}
    headers:
      Cache-Control: [no-cache]
      Content-Type: [application/json; charset=utf-8]
      Date: ['Fri, 15 Dec 2017 03:06:20 GMT']
      Expires: ['-1']
      Pragma: [no-cache]
      Server: [Microsoft-HTTPAPI/2.0, Microsoft-HTTPAPI/2.0]
      Strict-Transport-Security: [max-age=31536000; includeSubDomains]
      Transfer-Encoding: [chunked]
      Vary: [Accept-Encoding]
      content-length: ['134']
      x-ms-ratelimit-remaining-resource: ['Microsoft.Compute/GetOperation3Min;2066,Microsoft.Compute/GetOperation30Min;17599']
    status: {code: 200, message: OK}
- request:
    body: null
    headers:
      Accept: [application/json]
      Accept-Encoding: ['gzip, deflate']
      Connection: [keep-alive]
      Content-Type: [application/json; charset=utf-8]
      User-Agent: [python/3.5.3 (Windows-10-10.0.16299-SP0) requests/2.18.4 msrest/0.4.21
          msrest_azure/0.4.19 computemanagementclient/3.1.0rc2 Azure-SDK-For-Python
          AZURECLI/TEST/2.0.23]
      accept-language: [en-US]
      x-ms-client-request-id: [dad8c476-e144-11e7-8e63-a0b3ccf7272a]
    method: GET
    uri: https://management.azure.com/subscriptions/00000000-0000-0000-0000-000000000000/providers/Microsoft.Compute/locations/westus/operations/3f226d8c-e79b-496f-8c8d-fd2aab77b428?api-version=2017-12-01
  response:
    body: {string: "{\r\n  \"startTime\": \"2017-12-15T03:05:48.9677175+00:00\",\r\
        \n  \"status\": \"InProgress\",\r\n  \"name\": \"3f226d8c-e79b-496f-8c8d-fd2aab77b428\"\
        \r\n}"}
    headers:
      Cache-Control: [no-cache]
      Content-Type: [application/json; charset=utf-8]
      Date: ['Fri, 15 Dec 2017 03:06:50 GMT']
      Expires: ['-1']
      Pragma: [no-cache]
      Server: [Microsoft-HTTPAPI/2.0, Microsoft-HTTPAPI/2.0]
      Strict-Transport-Security: [max-age=31536000; includeSubDomains]
      Transfer-Encoding: [chunked]
      Vary: [Accept-Encoding]
      content-length: ['134']
      x-ms-ratelimit-remaining-resource: ['Microsoft.Compute/GetOperation3Min;2070,Microsoft.Compute/GetOperation30Min;17585']
    status: {code: 200, message: OK}
- request:
    body: null
    headers:
      Accept: [application/json]
      Accept-Encoding: ['gzip, deflate']
      Connection: [keep-alive]
      Content-Type: [application/json; charset=utf-8]
      User-Agent: [python/3.5.3 (Windows-10-10.0.16299-SP0) requests/2.18.4 msrest/0.4.21
          msrest_azure/0.4.19 computemanagementclient/3.1.0rc2 Azure-SDK-For-Python
          AZURECLI/TEST/2.0.23]
      accept-language: [en-US]
      x-ms-client-request-id: [dad8c476-e144-11e7-8e63-a0b3ccf7272a]
    method: GET
    uri: https://management.azure.com/subscriptions/00000000-0000-0000-0000-000000000000/providers/Microsoft.Compute/locations/westus/operations/3f226d8c-e79b-496f-8c8d-fd2aab77b428?api-version=2017-12-01
  response:
    body: {string: "{\r\n  \"startTime\": \"2017-12-15T03:05:48.9677175+00:00\",\r\
        \n  \"status\": \"InProgress\",\r\n  \"name\": \"3f226d8c-e79b-496f-8c8d-fd2aab77b428\"\
        \r\n}"}
    headers:
      Cache-Control: [no-cache]
      Content-Type: [application/json; charset=utf-8]
      Date: ['Fri, 15 Dec 2017 03:07:20 GMT']
      Expires: ['-1']
      Pragma: [no-cache]
      Server: [Microsoft-HTTPAPI/2.0, Microsoft-HTTPAPI/2.0]
      Strict-Transport-Security: [max-age=31536000; includeSubDomains]
      Transfer-Encoding: [chunked]
      Vary: [Accept-Encoding]
      content-length: ['134']
      x-ms-ratelimit-remaining-resource: ['Microsoft.Compute/GetOperation3Min;2071,Microsoft.Compute/GetOperation30Min;17568']
    status: {code: 200, message: OK}
- request:
    body: null
    headers:
      Accept: [application/json]
      Accept-Encoding: ['gzip, deflate']
      Connection: [keep-alive]
      Content-Type: [application/json; charset=utf-8]
      User-Agent: [python/3.5.3 (Windows-10-10.0.16299-SP0) requests/2.18.4 msrest/0.4.21
          msrest_azure/0.4.19 computemanagementclient/3.1.0rc2 Azure-SDK-For-Python
          AZURECLI/TEST/2.0.23]
      accept-language: [en-US]
      x-ms-client-request-id: [dad8c476-e144-11e7-8e63-a0b3ccf7272a]
    method: GET
    uri: https://management.azure.com/subscriptions/00000000-0000-0000-0000-000000000000/providers/Microsoft.Compute/locations/westus/operations/3f226d8c-e79b-496f-8c8d-fd2aab77b428?api-version=2017-12-01
  response:
    body: {string: "{\r\n  \"startTime\": \"2017-12-15T03:05:48.9677175+00:00\",\r\
        \n  \"status\": \"InProgress\",\r\n  \"name\": \"3f226d8c-e79b-496f-8c8d-fd2aab77b428\"\
        \r\n}"}
    headers:
      Cache-Control: [no-cache]
      Content-Type: [application/json; charset=utf-8]
      Date: ['Fri, 15 Dec 2017 03:07:50 GMT']
      Expires: ['-1']
      Pragma: [no-cache]
      Server: [Microsoft-HTTPAPI/2.0, Microsoft-HTTPAPI/2.0]
      Strict-Transport-Security: [max-age=31536000; includeSubDomains]
      Transfer-Encoding: [chunked]
      Vary: [Accept-Encoding]
      content-length: ['134']
      x-ms-ratelimit-remaining-resource: ['Microsoft.Compute/GetOperation3Min;2076,Microsoft.Compute/GetOperation30Min;17558']
    status: {code: 200, message: OK}
- request:
    body: null
    headers:
      Accept: [application/json]
      Accept-Encoding: ['gzip, deflate']
      Connection: [keep-alive]
      Content-Type: [application/json; charset=utf-8]
      User-Agent: [python/3.5.3 (Windows-10-10.0.16299-SP0) requests/2.18.4 msrest/0.4.21
          msrest_azure/0.4.19 computemanagementclient/3.1.0rc2 Azure-SDK-For-Python
          AZURECLI/TEST/2.0.23]
      accept-language: [en-US]
      x-ms-client-request-id: [dad8c476-e144-11e7-8e63-a0b3ccf7272a]
    method: GET
    uri: https://management.azure.com/subscriptions/00000000-0000-0000-0000-000000000000/providers/Microsoft.Compute/locations/westus/operations/3f226d8c-e79b-496f-8c8d-fd2aab77b428?api-version=2017-12-01
  response:
    body: {string: "{\r\n  \"startTime\": \"2017-12-15T03:05:48.9677175+00:00\",\r\
        \n  \"endTime\": \"2017-12-15T03:08:10.2758292+00:00\",\r\n  \"status\": \"\
        Succeeded\",\r\n  \"name\": \"3f226d8c-e79b-496f-8c8d-fd2aab77b428\"\r\n}"}
    headers:
      Cache-Control: [no-cache]
      Content-Type: [application/json; charset=utf-8]
      Date: ['Fri, 15 Dec 2017 03:08:21 GMT']
      Expires: ['-1']
      Pragma: [no-cache]
      Server: [Microsoft-HTTPAPI/2.0, Microsoft-HTTPAPI/2.0]
      Strict-Transport-Security: [max-age=31536000; includeSubDomains]
      Transfer-Encoding: [chunked]
      Vary: [Accept-Encoding]
      content-length: ['184']
      x-ms-ratelimit-remaining-resource: ['Microsoft.Compute/GetOperation3Min;2081,Microsoft.Compute/GetOperation30Min;17545']
    status: {code: 200, message: OK}
- request:
    body: null
    headers:
      Accept: [application/json]
      Accept-Encoding: ['gzip, deflate']
      Connection: [keep-alive]
      Content-Length: ['0']
      Content-Type: [application/json; charset=utf-8]
      User-Agent: [python/3.5.3 (Windows-10-10.0.16299-SP0) requests/2.18.4 msrest/0.4.21
          msrest_azure/0.4.19 computemanagementclient/3.1.0rc2 Azure-SDK-For-Python
          AZURECLI/TEST/2.0.23]
      accept-language: [en-US]
      x-ms-client-request-id: [35ae3610-e145-11e7-bea0-a0b3ccf7272a]
    method: DELETE
    uri: https://management.azure.com/subscriptions/00000000-0000-0000-0000-000000000000/resourceGroups/cli_test_vmss_create_and_modify/providers/Microsoft.Compute/virtualMachineScaleSets/vmss1?api-version=2017-12-01
  response:
    body: {string: ''}
    headers:
      Azure-AsyncOperation: ['https://management.azure.com/subscriptions/0b1f6471-1bf0-4dda-aec3-cb9272f09590/providers/Microsoft.Compute/locations/westus/operations/37b22c64-c705-4c35-91de-f2ffb448ff50?api-version=2017-12-01']
      Cache-Control: [no-cache]
      Content-Length: ['0']
      Date: ['Fri, 15 Dec 2017 03:08:22 GMT']
      Expires: ['-1']
      Location: ['https://management.azure.com/subscriptions/0b1f6471-1bf0-4dda-aec3-cb9272f09590/providers/Microsoft.Compute/locations/westus/operations/37b22c64-c705-4c35-91de-f2ffb448ff50?monitor=true&api-version=2017-12-01']
      Pragma: [no-cache]
      Server: [Microsoft-HTTPAPI/2.0, Microsoft-HTTPAPI/2.0]
      Strict-Transport-Security: [max-age=31536000; includeSubDomains]
      x-ms-ratelimit-remaining-resource: ['Microsoft.Compute/DeleteVMScaleSet3Min;117,Microsoft.Compute/DeleteVMScaleSet30Min;596,Microsoft.Compute/VMScaleSetBatchedVMRequests5Min;1188,Microsoft.Compute/VmssQueuedVMOperations;1798']
      x-ms-ratelimit-remaining-subscription-writes: ['1188']
      x-ms-request-charge: ['2']
    status: {code: 202, message: Accepted}
- request:
    body: null
    headers:
      Accept: [application/json]
      Accept-Encoding: ['gzip, deflate']
      Connection: [keep-alive]
      Content-Type: [application/json; charset=utf-8]
      User-Agent: [python/3.5.3 (Windows-10-10.0.16299-SP0) requests/2.18.4 msrest/0.4.21
          msrest_azure/0.4.19 computemanagementclient/3.1.0rc2 Azure-SDK-For-Python
          AZURECLI/TEST/2.0.23]
      accept-language: [en-US]
      x-ms-client-request-id: [35ae3610-e145-11e7-bea0-a0b3ccf7272a]
    method: GET
    uri: https://management.azure.com/subscriptions/00000000-0000-0000-0000-000000000000/providers/Microsoft.Compute/locations/westus/operations/37b22c64-c705-4c35-91de-f2ffb448ff50?api-version=2017-12-01
  response:
    body: {string: "{\r\n  \"startTime\": \"2017-12-15T03:08:21.588784+00:00\",\r\n\
        \  \"endTime\": \"2017-12-15T03:08:32.3391836+00:00\",\r\n  \"status\": \"\
        Succeeded\",\r\n  \"name\": \"37b22c64-c705-4c35-91de-f2ffb448ff50\"\r\n}"}
    headers:
      Cache-Control: [no-cache]
      Content-Type: [application/json; charset=utf-8]
      Date: ['Fri, 15 Dec 2017 03:08:53 GMT']
      Expires: ['-1']
      Pragma: [no-cache]
      Server: [Microsoft-HTTPAPI/2.0, Microsoft-HTTPAPI/2.0]
      Strict-Transport-Security: [max-age=31536000; includeSubDomains]
      Transfer-Encoding: [chunked]
      Vary: [Accept-Encoding]
      content-length: ['183']
      x-ms-ratelimit-remaining-resource: ['Microsoft.Compute/GetOperation3Min;2085,Microsoft.Compute/GetOperation30Min;17534']
    status: {code: 200, message: OK}
- request:
    body: null
    headers:
      Accept: [application/json]
      Accept-Encoding: ['gzip, deflate']
      Connection: [keep-alive]
      Content-Type: [application/json; charset=utf-8]
      User-Agent: [python/3.5.3 (Windows-10-10.0.16299-SP0) requests/2.18.4 msrest/0.4.21
          msrest_azure/0.4.19 computemanagementclient/3.1.0rc2 Azure-SDK-For-Python
          AZURECLI/TEST/2.0.23]
      accept-language: [en-US]
      x-ms-client-request-id: [4879e88c-e145-11e7-98bd-a0b3ccf7272a]
    method: GET
    uri: https://management.azure.com/subscriptions/00000000-0000-0000-0000-000000000000/resourceGroups/cli_test_vmss_create_and_modify/providers/Microsoft.Compute/virtualMachineScaleSets?api-version=2017-12-01
  response:
    body: {string: '{"value":[]}'}
    headers:
      Cache-Control: [no-cache]
      Content-Type: [application/json; charset=utf-8]
      Date: ['Fri, 15 Dec 2017 03:08:53 GMT']
      Expires: ['-1']
      Pragma: [no-cache]
      Strict-Transport-Security: [max-age=31536000; includeSubDomains]
      Vary: [Accept-Encoding]
      content-length: ['12']
    status: {code: 200, message: OK}
version: 1
