interactions:
- request:
    body: null
    headers:
      Accept:
      - application/json
      Accept-Encoding:
      - gzip, deflate
      CommandName:
      - security regulatory-compliance-standards list
      Connection:
      - keep-alive
      User-Agent:
      - python/3.7.9 (Windows-10-10.0.19041-SP0) msrest/0.6.18 msrest_azure/0.6.3
        azure-mgmt-security/0.6.0 Azure-SDK-For-Python AZURECLI/2.16.0
      accept-language:
      - en-US
    method: GET
    uri: https://management.azure.com/subscriptions/00000000-0000-0000-0000-000000000000/providers/Microsoft.Security/regulatoryComplianceStandards?api-version=2019-01-01-preview
  response:
    body:
      string: '{"value":[{"id":"/subscriptions/00000000-0000-0000-0000-000000000000/providers/Microsoft.Security/regulatoryComplianceStandards/Azure-CIS-1.1.0","name":"Azure-CIS-1.1.0","type":"Microsoft.Security/regulatoryComplianceStandards","properties":{"state":"Failed","passedControls":14,"failedControls":10,"skippedControls":0,"unsupportedControls":87}},{"id":"/subscriptions/00000000-0000-0000-0000-000000000000/providers/Microsoft.Security/regulatoryComplianceStandards/ISO-27001","name":"ISO-27001","type":"Microsoft.Security/regulatoryComplianceStandards","properties":{"state":"Failed","passedControls":7,"failedControls":13,"skippedControls":0,"unsupportedControls":94}},{"id":"/subscriptions/00000000-0000-0000-0000-000000000000/providers/Microsoft.Security/regulatoryComplianceStandards/PCI-DSS-3.2.1","name":"PCI-DSS-3.2.1","type":"Microsoft.Security/regulatoryComplianceStandards","properties":{"state":"Failed","passedControls":30,"failedControls":15,"skippedControls":0,"unsupportedControls":187}},{"id":"/subscriptions/00000000-0000-0000-0000-000000000000/providers/Microsoft.Security/regulatoryComplianceStandards/SOC-TSP","name":"SOC-TSP","type":"Microsoft.Security/regulatoryComplianceStandards","properties":{"state":"Failed","passedControls":12,"failedControls":1,"skippedControls":0,"unsupportedControls":24}}]}'
    headers:
      cache-control:
      - no-cache
      content-length:
      - '1322'
      content-type:
      - application/json; charset=utf-8
      date:
      - Wed, 09 Dec 2020 13:00:46 GMT
      expires:
      - '-1'
      pragma:
      - no-cache
      server:
      - Microsoft-HTTPAPI/2.0
      strict-transport-security:
      - max-age=31536000; includeSubDomains
      transfer-encoding:
      - chunked
      vary:
      - Accept-Encoding
      x-content-type-options:
      - nosniff
      x-ms-ratelimit-remaining-subscription-resource-requests:
      - '749'
    status:
      code: 200
      message: OK
- request:
    body: null
    headers:
      Accept:
      - application/json
      Accept-Encoding:
      - gzip, deflate
      CommandName:
      - security regulatory-compliance-standards show
      Connection:
      - keep-alive
      ParameterSetName:
      - -n
      User-Agent:
      - python/3.7.9 (Windows-10-10.0.19041-SP0) msrest/0.6.18 msrest_azure/0.6.3
        azure-mgmt-security/0.6.0 Azure-SDK-For-Python AZURECLI/2.16.0
      accept-language:
      - en-US
    method: GET
    uri: https://management.azure.com/subscriptions/00000000-0000-0000-0000-000000000000/providers/Microsoft.Security/regulatoryComplianceStandards/Azure-CIS-1.1.0?api-version=2019-01-01-preview
  response:
    body:
      string: '{"id":"/subscriptions/00000000-0000-0000-0000-000000000000/providers/Microsoft.Security/regulatoryComplianceStandards/Azure-CIS-1.1.0","name":"Azure-CIS-1.1.0","type":"Microsoft.Security/regulatoryComplianceStandards","properties":{"state":"Failed","passedControls":14,"failedControls":10,"skippedControls":0,"unsupportedControls":87}}'
    headers:
      cache-control:
      - no-cache
      content-length:
      - '335'
      content-type:
      - application/json; charset=utf-8
      date:
      - Wed, 09 Dec 2020 13:00:46 GMT
      expires:
      - '-1'
      pragma:
      - no-cache
      server:
      - Microsoft-HTTPAPI/2.0
      strict-transport-security:
      - max-age=31536000; includeSubDomains
      transfer-encoding:
      - chunked
      vary:
      - Accept-Encoding
      x-content-type-options:
      - nosniff
      x-ms-ratelimit-remaining-subscription-resource-requests:
      - '749'
    status:
      code: 200
      message: OK
- request:
    body: null
    headers:
      Accept:
      - application/json
      Accept-Encoding:
      - gzip, deflate
      CommandName:
      - security regulatory-compliance-standards show
      Connection:
      - keep-alive
      ParameterSetName:
      - -n
      User-Agent:
      - python/3.7.9 (Windows-10-10.0.19041-SP0) msrest/0.6.18 msrest_azure/0.6.3
        azure-mgmt-security/0.6.0 Azure-SDK-For-Python AZURECLI/2.16.0
      accept-language:
      - en-US
    method: GET
    uri: https://management.azure.com/subscriptions/00000000-0000-0000-0000-000000000000/providers/Microsoft.Security/regulatoryComplianceStandards/Azure-CIS-1.1.0?api-version=2019-01-01-preview
  response:
    body:
      string: '{"id":"/subscriptions/00000000-0000-0000-0000-000000000000/providers/Microsoft.Security/regulatoryComplianceStandards/Azure-CIS-1.1.0","name":"Azure-CIS-1.1.0","type":"Microsoft.Security/regulatoryComplianceStandards","properties":{"state":"Failed","passedControls":14,"failedControls":10,"skippedControls":0,"unsupportedControls":87}}'
    headers:
      cache-control:
      - no-cache
      content-length:
      - '335'
      content-type:
      - application/json; charset=utf-8
      date:
      - Wed, 09 Dec 2020 13:00:47 GMT
      expires:
      - '-1'
      pragma:
      - no-cache
      server:
      - Microsoft-HTTPAPI/2.0
      strict-transport-security:
      - max-age=31536000; includeSubDomains
      transfer-encoding:
      - chunked
      vary:
      - Accept-Encoding
      x-content-type-options:
      - nosniff
      x-ms-ratelimit-remaining-subscription-resource-requests:
      - '749'
    status:
      code: 200
      message: OK
- request:
    body: null
    headers:
      Accept:
      - application/json
      Accept-Encoding:
      - gzip, deflate
      CommandName:
      - security regulatory-compliance-controls show
      Connection:
      - keep-alive
      ParameterSetName:
      - --standard-name -n
      User-Agent:
      - python/3.7.9 (Windows-10-10.0.19041-SP0) msrest/0.6.18 msrest_azure/0.6.3
        azure-mgmt-security/0.6.0 Azure-SDK-For-Python AZURECLI/2.16.0
      accept-language:
      - en-US
    method: GET
    uri: https://management.azure.com/subscriptions/00000000-0000-0000-0000-000000000000/providers/Microsoft.Security/regulatoryComplianceStandards/Azure-CIS-1.1.0/regulatoryComplianceControls/1.1?api-version=2019-01-01-preview
  response:
    body:
      string: '{"id":"/subscriptions/00000000-0000-0000-0000-000000000000/providers/Microsoft.Security/regulatoryComplianceStandards/Azure-CIS-1.1.0/regulatoryComplianceControls/1.1","name":"1.1","type":"Microsoft.Security/regulatoryComplianceStandards/regulatoryComplianceControls","properties":{"description":"Ensure
        that multi-factor authentication is enabled for all privileged users","state":"Passed","passedAssessments":1,"failedAssessments":0,"skippedAssessments":0}}'
    headers:
      cache-control:
      - no-cache
      content-length:
      - '459'
      content-type:
      - application/json; charset=utf-8
      date:
      - Wed, 09 Dec 2020 13:00:47 GMT
      expires:
      - '-1'
      pragma:
      - no-cache
      server:
      - Microsoft-HTTPAPI/2.0
      strict-transport-security:
      - max-age=31536000; includeSubDomains
      transfer-encoding:
      - chunked
      vary:
      - Accept-Encoding
      x-content-type-options:
      - nosniff
      x-ms-ratelimit-remaining-subscription-resource-requests:
      - '749'
    status:
      code: 200
      message: OK
- request:
    body: null
    headers:
      Accept:
      - application/json
      Accept-Encoding:
      - gzip, deflate
      CommandName:
      - security regulatory-compliance-assessments list
      Connection:
      - keep-alive
      ParameterSetName:
      - --standard-name --control-name
      User-Agent:
      - python/3.7.9 (Windows-10-10.0.19041-SP0) msrest/0.6.18 msrest_azure/0.6.3
        azure-mgmt-security/0.6.0 Azure-SDK-For-Python AZURECLI/2.16.0
      accept-language:
      - en-US
    method: GET
    uri: https://management.azure.com/subscriptions/00000000-0000-0000-0000-000000000000/providers/Microsoft.Security/regulatoryComplianceStandards/Azure-CIS-1.1.0/regulatoryComplianceControls/1.1/regulatoryComplianceAssessments?api-version=2019-01-01-preview
  response:
    body:
      string: '{"value":[{"id":"/subscriptions/00000000-0000-0000-0000-000000000000/providers/Microsoft.Security/regulatoryComplianceStandards/Azure-CIS-1.1.0/regulatoryComplianceControls/1.1/regulatoryComplianceAssessments/94290b00-4d0c-d7b4-7cea-064a9554e681","name":"94290b00-4d0c-d7b4-7cea-064a9554e681","type":"Microsoft.Security/regulatoryComplianceStandards/regulatoryComplianceControls/regulatoryComplianceAssessments","properties":{"description":"MFA
        should be enabled on accounts with owner permissions on your subscription","state":"Passed","passedResources":1,"failedResources":0,"skippedResources":0,"assessmentType":"AssessmentResult"}}]}'
    headers:
      cache-control:
      - no-cache
      content-length:
      - '637'
      content-type:
      - application/json; charset=utf-8
      date:
      - Wed, 09 Dec 2020 13:00:49 GMT
      expires:
      - '-1'
      pragma:
      - no-cache
      server:
      - Microsoft-HTTPAPI/2.0
      strict-transport-security:
      - max-age=31536000; includeSubDomains
      transfer-encoding:
      - chunked
      vary:
      - Accept-Encoding
      x-content-type-options:
      - nosniff
      x-ms-ratelimit-remaining-subscription-resource-requests:
      - '749'
    status:
      code: 200
      message: OK
- request:
    body: null
    headers:
      Accept:
      - application/json
      Accept-Encoding:
      - gzip, deflate
      CommandName:
      - security regulatory-compliance-assessments show
      Connection:
      - keep-alive
      ParameterSetName:
      - --standard-name --control-name -n
      User-Agent:
      - python/3.7.9 (Windows-10-10.0.19041-SP0) msrest/0.6.18 msrest_azure/0.6.3
        azure-mgmt-security/0.6.0 Azure-SDK-For-Python AZURECLI/2.16.0
      accept-language:
      - en-US
    method: GET
    uri: https://management.azure.com/subscriptions/00000000-0000-0000-0000-000000000000/providers/Microsoft.Security/regulatoryComplianceStandards/Azure-CIS-1.1.0/regulatoryComplianceControls/1.1/regulatoryComplianceAssessments/94290b00-4d0c-d7b4-7cea-064a9554e681?api-version=2019-01-01-preview
  response:
    body:
      string: '{"id":"/subscriptions/00000000-0000-0000-0000-000000000000/providers/Microsoft.Security/regulatoryComplianceStandards/Azure-CIS-1.1.0/regulatoryComplianceControls/1.1/regulatoryComplianceAssessments/94290b00-4d0c-d7b4-7cea-064a9554e681","name":"94290b00-4d0c-d7b4-7cea-064a9554e681","type":"Microsoft.Security/regulatoryComplianceStandards/regulatoryComplianceControls/regulatoryComplianceAssessments","properties":{"description":"MFA
        should be enabled on accounts with owner permissions on your subscription","state":"Passed","passedResources":1,"failedResources":0,"skippedResources":0,"assessmentType":"AssessmentResult"}}'
    headers:
      cache-control:
      - no-cache
      content-length:
      - '625'
      content-type:
      - application/json; charset=utf-8
      date:
      - Wed, 09 Dec 2020 13:00:50 GMT
      expires:
      - '-1'
      pragma:
      - no-cache
      server:
      - Microsoft-HTTPAPI/2.0
      strict-transport-security:
      - max-age=31536000; includeSubDomains
      transfer-encoding:
      - chunked
      vary:
      - Accept-Encoding
      x-content-type-options:
      - nosniff
      x-ms-ratelimit-remaining-subscription-resource-requests:
      - '749'
    status:
      code: 200
      message: OK
version: 1
