interactions:
- request:
    body: '{"properties": {"workspaceId": "/subscriptions/00000000-0000-0000-0000-000000000000/resourcegroups/myservice1/providers/microsoft.operationalinsights/workspaces/testservicews",
      "scope": "/subscriptions/00000000-0000-0000-0000-000000000000"}}'
    headers:
      Accept: [application/json]
      Accept-Encoding: ['gzip, deflate']
      CommandName: [security workspace-setting create]
      Connection: [keep-alive]
      Content-Length: ['241']
      Content-Type: [application/json; charset=utf-8]
      ParameterSetName: [-n --target-workspace]
      User-Agent: [python/3.7.1 (Windows-10-10.0.17763-SP0) msrest/0.6.1 msrest_azure/0.4.34
          azure-mgmt-security/0.1.0 Azure-SDK-For-Python AZURECLI/2.0.54]
      accept-language: [en-US]
    method: PUT
    uri: https://management.azure.com/subscriptions/00000000-0000-0000-0000-000000000000/providers/Microsoft.Security/workspaceSettings/default?api-version=2017-08-01-preview
  response:
    body: {string: '{"id":"/subscriptions/00000000-0000-0000-0000-000000000000/providers/Microsoft.Security/workspaceSettings/default","name":"default","type":"Microsoft.Security/workspaceSettings","properties":{"workspaceId":"/subscriptions/00000000-0000-0000-0000-000000000000/resourcegroups/myservice1/providers/microsoft.operationalinsights/workspaces/testservicews","scope":"/subscriptions/00000000-0000-0000-0000-000000000000"}}'}
    headers:
      cache-control: [no-cache]
      content-length: ['414']
      content-type: [application/json; charset=utf-8]
      date: ['Wed, 26 Dec 2018 23:49:54 GMT']
      expires: ['-1']
      pragma: [no-cache]
      server: [Microsoft-HTTPAPI/2.0]
      strict-transport-security: [max-age=31536000; includeSubDomains]
      transfer-encoding: [chunked]
      vary: [Accept-Encoding]
      x-content-type-options: [nosniff]
      x-ms-ratelimit-remaining-subscription-resource-requests: ['249']
    status: {code: 200, message: OK}
- request:
    body: null
    headers:
      Accept: [application/json]
      Accept-Encoding: ['gzip, deflate']
      CommandName: [security workspace-setting list]
      Connection: [keep-alive]
      User-Agent: [python/3.7.1 (Windows-10-10.0.17763-SP0) msrest/0.6.1 msrest_azure/0.4.34
          azure-mgmt-security/0.1.0 Azure-SDK-For-Python AZURECLI/2.0.54]
      accept-language: [en-US]
    method: GET
    uri: https://management.azure.com/subscriptions/00000000-0000-0000-0000-000000000000/providers/Microsoft.Security/workspaceSettings?api-version=2017-08-01-preview
  response:
    body: {string: '{"value":[{"id":"/subscriptions/00000000-0000-0000-0000-000000000000/providers/Microsoft.Security/workspaceSettings/default","name":"default","type":"Microsoft.Security/workspaceSettings","properties":{"workspaceId":"/subscriptions/00000000-0000-0000-0000-000000000000/resourcegroups/myservice1/providers/microsoft.operationalinsights/workspaces/testservicews","scope":"/subscriptions/00000000-0000-0000-0000-000000000000"}}]}'}
    headers:
      cache-control: [no-cache]
      content-length: ['426']
      content-type: [application/json; charset=utf-8]
      date: ['Wed, 26 Dec 2018 23:49:55 GMT']
      expires: ['-1']
      pragma: [no-cache]
      server: [Microsoft-HTTPAPI/2.0]
      strict-transport-security: [max-age=31536000; includeSubDomains]
      transfer-encoding: [chunked]
      vary: [Accept-Encoding]
      x-content-type-options: [nosniff]
      x-ms-ratelimit-remaining-subscription-resource-requests: ['749']
    status: {code: 200, message: OK}
- request:
    body: null
    headers:
      Accept: [application/json]
      Accept-Encoding: ['gzip, deflate']
      CommandName: [security workspace-setting show]
      Connection: [keep-alive]
      ParameterSetName: [-n]
      User-Agent: [python/3.7.1 (Windows-10-10.0.17763-SP0) msrest/0.6.1 msrest_azure/0.4.34
          azure-mgmt-security/0.1.0 Azure-SDK-For-Python AZURECLI/2.0.54]
      accept-language: [en-US]
    method: GET
    uri: https://management.azure.com/subscriptions/00000000-0000-0000-0000-000000000000/providers/Microsoft.Security/workspaceSettings/default?api-version=2017-08-01-preview
  response:
    body: {string: '{"id":"/subscriptions/00000000-0000-0000-0000-000000000000/providers/Microsoft.Security/workspaceSettings/default","name":"default","type":"Microsoft.Security/workspaceSettings","properties":{"workspaceId":"/subscriptions/00000000-0000-0000-0000-000000000000/resourcegroups/myservice1/providers/microsoft.operationalinsights/workspaces/testservicews","scope":"/subscriptions/00000000-0000-0000-0000-000000000000"}}'}
    headers:
      cache-control: [no-cache]
      content-length: ['414']
      content-type: [application/json; charset=utf-8]
      date: ['Wed, 26 Dec 2018 23:49:55 GMT']
      expires: ['-1']
      pragma: [no-cache]
      server: [Microsoft-HTTPAPI/2.0]
      strict-transport-security: [max-age=31536000; includeSubDomains]
      transfer-encoding: [chunked]
      vary: [Accept-Encoding]
      x-content-type-options: [nosniff]
      x-ms-ratelimit-remaining-subscription-resource-requests: ['749']
    status: {code: 200, message: OK}
- request:
    body: null
    headers:
      Accept: [application/json]
      Accept-Encoding: ['gzip, deflate']
      CommandName: [security workspace-setting delete]
      Connection: [keep-alive]
      Content-Length: ['0']
      ParameterSetName: [-n]
      User-Agent: [python/3.7.1 (Windows-10-10.0.17763-SP0) msrest/0.6.1 msrest_azure/0.4.34
          azure-mgmt-security/0.1.0 Azure-SDK-For-Python AZURECLI/2.0.54]
      accept-language: [en-US]
    method: DELETE
    uri: https://management.azure.com/subscriptions/00000000-0000-0000-0000-000000000000/providers/Microsoft.Security/workspaceSettings/default?api-version=2017-08-01-preview
  response:
    body: {string: ''}
    headers:
      cache-control: [no-cache]
      date: ['Wed, 26 Dec 2018 23:49:57 GMT']
      expires: ['-1']
      pragma: [no-cache]
      server: [Microsoft-HTTPAPI/2.0]
      strict-transport-security: [max-age=31536000; includeSubDomains]
      x-content-type-options: [nosniff]
      x-ms-ratelimit-remaining-subscription-deletes: ['14999']
    status: {code: 204, message: No Content}
- request:
    body: null
    headers:
      Accept: [application/json]
      Accept-Encoding: ['gzip, deflate']
      CommandName: [security workspace-setting list]
      Connection: [keep-alive]
      User-Agent: [python/3.7.1 (Windows-10-10.0.17763-SP0) msrest/0.6.1 msrest_azure/0.4.34
          azure-mgmt-security/0.1.0 Azure-SDK-For-Python AZURECLI/2.0.54]
      accept-language: [en-US]
    method: GET
    uri: https://management.azure.com/subscriptions/00000000-0000-0000-0000-000000000000/providers/Microsoft.Security/workspaceSettings?api-version=2017-08-01-preview
  response:
    body: {string: '{"value":[]}'}
    headers:
      cache-control: [no-cache]
      content-length: ['12']
      content-type: [application/json; charset=utf-8]
      date: ['Wed, 26 Dec 2018 23:49:58 GMT']
      expires: ['-1']
      pragma: [no-cache]
      server: [Microsoft-HTTPAPI/2.0]
      strict-transport-security: [max-age=31536000; includeSubDomains]
      transfer-encoding: [chunked]
      vary: [Accept-Encoding]
      x-content-type-options: [nosniff]
      x-ms-ratelimit-remaining-subscription-resource-requests: ['749']
    status: {code: 200, message: OK}
version: 1
