interactions:
- request:
    body: null
    headers:
      Accept:
      - application/json
      Accept-Encoding:
      - gzip, deflate
      CommandName:
      - security api-collection apim onboard
      Connection:
      - keep-alive
      Content-Length:
      - '0'
      ParameterSetName:
      - -g --api-id --service-name
      User-Agent:
      - AZURECLI/2.56.0 (AAZ) azsdk-python-core/1.28.0 Python/3.10.11 (Windows-10-10.0.22621-SP0)
    method: PUT
    uri: https://management.azure.com/subscriptions/00000000-0000-0000-0000-000000000000/resourceGroups/apicollectionstests/providers/Microsoft.ApiManagement/service/demoapimservice2/providers/Microsoft.Security/apiCollections/echo-api-2?api-version=2023-11-15
  response:
    body:
      string: '{"id":"/subscriptions/00000000-0000-0000-0000-000000000000/resourceGroups/apicollectionstests/providers/Microsoft.ApiManagement/service/demoapimservice2/providers/Microsoft.Security/apiCollections/echo-api-2","name":"echo-api-2","type":"Microsoft.Security/apiCollections","properties":{"provisioningState":"InProgress"}}'
    headers:
      cache-control:
      - no-cache
      content-length:
      - '320'
      content-type:
      - application/json; charset=utf-8
      date:
      - Mon, 05 Feb 2024 17:54:16 GMT
      expires:
      - '-1'
      location:
      - https://management.azure.com/subscriptions/00000000-0000-0000-0000-000000000000/resourceGroups/apicollectionstests/providers/Microsoft.ApiManagement/service/demoapimservice2/providers/Microsoft.Security/apiCollections/echo-api-2?api-version=2023-11-15&$asyncScope=eyJSZXRyeVVudGlsVGlja3MiOjYzODQyNzUyNTc2OTMwNTI4MX0=
      mise-correlation-id:
      - 1276d8ea-4204-4772-a9fb-33f1df2d17bc
      pragma:
      - no-cache
      strict-transport-security:
      - max-age=31536000; includeSubDomains
      traceparent:
      - 00-68d46ba7e371e40ea6216858c1c98cde-c31cf792c18d2a9d-01
      x-cache:
      - CONFIG_NOCACHE
      x-content-type-options:
      - nosniff
      x-ms-ratelimit-remaining-subscription-writes:
      - '1199'
      x-msedge-ref:
      - 'Ref A: AC9968C29BE44FFBA56CD45B6B9C2E3B Ref B: CO6AA3150219023 Ref C: 2024-02-05T17:54:14Z'
    status:
      code: 201
      message: Created
- request:
    body: null
    headers:
      Accept:
      - '*/*'
      Accept-Encoding:
      - gzip, deflate
      CommandName:
      - security api-collection apim onboard
      Connection:
      - keep-alive
      ParameterSetName:
      - -g --api-id --service-name
      User-Agent:
      - AZURECLI/2.56.0 (AAZ) azsdk-python-core/1.28.0 Python/3.10.11 (Windows-10-10.0.22621-SP0)
    method: GET
    uri: https://management.azure.com/subscriptions/00000000-0000-0000-0000-000000000000/resourceGroups/apicollectionstests/providers/Microsoft.ApiManagement/service/demoapimservice2/providers/Microsoft.Security/apiCollections/echo-api-2?api-version=2023-11-15&$asyncScope=eyJSZXRyeVVudGlsVGlja3MiOjYzODQyNzUyNTc2OTMwNTI4MX0=
  response:
    body:
      string: '{"id":"/subscriptions/00000000-0000-0000-0000-000000000000/resourceGroups/apicollectionstests/providers/Microsoft.ApiManagement/service/demoapimservice2/providers/Microsoft.Security/apiCollections/echo-api-2","name":"echo-api-2","type":"microsoft.security/apicollections","properties":{"provisioningState":"Succeeded","displayName":"Echo
        API 2","discoveredVia":"/subscriptions/00000000-0000-0000-0000-000000000000/resourceGroups/apicollectionstests/providers/Microsoft.ApiManagement/service/demoapimservice2","baseUrl":"https://demoapimservice2.azure-api.net","numberOfApiEndpoints":0,"numberOfInactiveApiEndpoints":0,"numberOfUnauthenticatedApiEndpoints":0,"numberOfExternalApiEndpoints":0,"numberOfApiEndpointsWithSensitiveDataExposed":0}}'
    headers:
      cache-control:
      - no-cache
      content-length:
      - '741'
      content-type:
      - application/json; charset=utf-8
      date:
      - Mon, 05 Feb 2024 17:54:17 GMT
      expires:
      - '-1'
      mise-correlation-id:
      - b8558e03-c43a-455f-a250-617384c415eb
      pragma:
      - no-cache
      strict-transport-security:
      - max-age=31536000; includeSubDomains
      traceparent:
      - 00-c25e1a175318609d68d0ba72c4583b8c-347c57e5ec6f7e52-00
      x-cache:
      - CONFIG_NOCACHE
      x-content-type-options:
      - nosniff
      x-msedge-ref:
      - 'Ref A: DF5DBB31C7DC405CB144AE2DDD5F4751 Ref B: CO6AA3150219023 Ref C: 2024-02-05T17:54:17Z'
    status:
      code: 200
      message: OK
- request:
    body: null
    headers:
      Accept:
      - application/json
      Accept-Encoding:
      - gzip, deflate
      CommandName:
      - security api-collection apim wait
      Connection:
      - keep-alive
      ParameterSetName:
      - --created -g --api-id --service-name
      User-Agent:
      - AZURECLI/2.56.0 (AAZ) azsdk-python-core/1.28.0 Python/3.10.11 (Windows-10-10.0.22621-SP0)
    method: GET
    uri: https://management.azure.com/subscriptions/00000000-0000-0000-0000-000000000000/resourceGroups/apicollectionstests/providers/Microsoft.ApiManagement/service/demoapimservice2/providers/Microsoft.Security/apiCollections/echo-api-2?api-version=2023-11-15
  response:
    body:
      string: '{"id":"/subscriptions/00000000-0000-0000-0000-000000000000/resourceGroups/apicollectionstests/providers/Microsoft.ApiManagement/service/demoapimservice2/providers/Microsoft.Security/apiCollections/echo-api-2","name":"echo-api-2","type":"microsoft.security/apicollections","properties":{"provisioningState":"Succeeded","displayName":"Echo
        API 2","discoveredVia":"/subscriptions/00000000-0000-0000-0000-000000000000/resourceGroups/apicollectionstests/providers/Microsoft.ApiManagement/service/demoapimservice2","baseUrl":"https://demoapimservice2.azure-api.net","numberOfApiEndpoints":0,"numberOfInactiveApiEndpoints":0,"numberOfUnauthenticatedApiEndpoints":0,"numberOfExternalApiEndpoints":0,"numberOfApiEndpointsWithSensitiveDataExposed":0}}'
    headers:
      cache-control:
      - no-cache
      content-length:
      - '741'
      content-type:
      - application/json; charset=utf-8
      date:
      - Mon, 05 Feb 2024 17:54:19 GMT
      expires:
      - '-1'
      mise-correlation-id:
      - 9f574194-3aa8-44c8-a857-8684d573a819
      pragma:
      - no-cache
      strict-transport-security:
      - max-age=31536000; includeSubDomains
      traceparent:
      - 00-2833205408a57735c0890587fbf10c5c-e5c06fe407ba2e0d-00
      x-cache:
      - CONFIG_NOCACHE
      x-content-type-options:
      - nosniff
      x-msedge-ref:
      - 'Ref A: 662A76A3E73E4CDAAA01E54ECED9AB6A Ref B: CO6AA3150218025 Ref C: 2024-02-05T17:54:18Z'
    status:
      code: 200
      message: OK
- request:
    body: null
    headers:
      Accept:
      - application/json
      Accept-Encoding:
      - gzip, deflate
      CommandName:
      - security api-collection apim list
      Connection:
      - keep-alive
      ParameterSetName:
      - -g --max-items --next-token
      User-Agent:
      - AZURECLI/2.56.0 (AAZ) azsdk-python-core/1.28.0 Python/3.10.11 (Windows-10-10.0.22621-SP0)
    method: GET
    uri: https://management.azure.com/subscriptions/00000000-0000-0000-0000-000000000000/resourceGroups/apicollectionstests/providers/Microsoft.Security/apiCollections?api-version=2023-11-15
  response:
    body:
      string: '{"value":[{"id":"/subscriptions/00000000-0000-0000-0000-000000000000/resourceGroups/apicollectionstests/providers/Microsoft.ApiManagement/service/demoapimservice2/providers/Microsoft.Security/apiCollections/echo-api","name":"echo-api","type":"microsoft.security/apicollections","properties":{"provisioningState":"Succeeded","displayName":"Echo
        API","discoveredVia":"/subscriptions/00000000-0000-0000-0000-000000000000/resourceGroups/apicollectionstests/providers/Microsoft.ApiManagement/service/demoapimservice2","baseUrl":"https://demoapimservice2.azure-api.net/echo","numberOfApiEndpoints":6,"numberOfInactiveApiEndpoints":6,"numberOfUnauthenticatedApiEndpoints":0,"numberOfExternalApiEndpoints":0,"numberOfApiEndpointsWithSensitiveDataExposed":0}},{"id":"/subscriptions/00000000-0000-0000-0000-000000000000/resourceGroups/apicollectionstests/providers/Microsoft.ApiManagement/service/demoapimservice2/providers/Microsoft.Security/apiCollections/echo-api-2","name":"echo-api-2","type":"microsoft.security/apicollections","properties":{"provisioningState":"Succeeded","displayName":"Echo
        API 2","discoveredVia":"/subscriptions/00000000-0000-0000-0000-000000000000/resourceGroups/apicollectionstests/providers/Microsoft.ApiManagement/service/demoapimservice2","baseUrl":"https://demoapimservice2.azure-api.net","numberOfApiEndpoints":0,"numberOfInactiveApiEndpoints":0,"numberOfUnauthenticatedApiEndpoints":0,"numberOfExternalApiEndpoints":0,"numberOfApiEndpointsWithSensitiveDataExposed":0}}]}'
    headers:
      cache-control:
      - no-cache
      content-length:
      - '1494'
      content-type:
      - application/json; charset=utf-8
      date:
      - Mon, 05 Feb 2024 17:54:19 GMT
      expires:
      - '-1'
      mise-correlation-id:
      - 0d2a1c67-8cc4-4753-bd7d-804c722eee8e
      pragma:
      - no-cache
      strict-transport-security:
      - max-age=31536000; includeSubDomains
      traceparent:
      - 00-15ae33cd15ebd8dfe6e2126b21c88280-6e64679991db7121-00
      x-cache:
      - CONFIG_NOCACHE
      x-content-type-options:
      - nosniff
      x-msedge-ref:
      - 'Ref A: 969864A9441E4C5EB18F8D1476C27CC4 Ref B: CO6AA3150218053 Ref C: 2024-02-05T17:54:19Z'
    status:
      code: 200
      message: OK
- request:
    body: null
    headers:
      Accept:
      - application/json
      Accept-Encoding:
      - gzip, deflate
      CommandName:
      - security api-collection apim list
      Connection:
      - keep-alive
      ParameterSetName:
      - -g --service-name
      User-Agent:
      - AZURECLI/2.56.0 (AAZ) azsdk-python-core/1.28.0 Python/3.10.11 (Windows-10-10.0.22621-SP0)
    method: GET
    uri: https://management.azure.com/subscriptions/00000000-0000-0000-0000-000000000000/resourceGroups/apicollectionstests/providers/Microsoft.ApiManagement/service/demoapimservice2/providers/Microsoft.Security/apiCollections?api-version=2023-11-15
  response:
    body:
      string: '{"value":[{"id":"/subscriptions/00000000-0000-0000-0000-000000000000/resourceGroups/apicollectionstests/providers/Microsoft.ApiManagement/service/demoapimservice2/providers/Microsoft.Security/apiCollections/echo-api","name":"echo-api","type":"microsoft.security/apicollections","properties":{"provisioningState":"Succeeded","displayName":"Echo
        API","discoveredVia":"/subscriptions/00000000-0000-0000-0000-000000000000/resourceGroups/apicollectionstests/providers/Microsoft.ApiManagement/service/demoapimservice2","baseUrl":"https://demoapimservice2.azure-api.net/echo","numberOfApiEndpoints":6,"numberOfInactiveApiEndpoints":6,"numberOfUnauthenticatedApiEndpoints":0,"numberOfExternalApiEndpoints":0,"numberOfApiEndpointsWithSensitiveDataExposed":0}},{"id":"/subscriptions/00000000-0000-0000-0000-000000000000/resourceGroups/apicollectionstests/providers/Microsoft.ApiManagement/service/demoapimservice2/providers/Microsoft.Security/apiCollections/echo-api-2","name":"echo-api-2","type":"microsoft.security/apicollections","properties":{"provisioningState":"Succeeded","displayName":"Echo
        API 2","discoveredVia":"/subscriptions/00000000-0000-0000-0000-000000000000/resourceGroups/apicollectionstests/providers/Microsoft.ApiManagement/service/demoapimservice2","baseUrl":"https://demoapimservice2.azure-api.net","numberOfApiEndpoints":0,"numberOfInactiveApiEndpoints":0,"numberOfUnauthenticatedApiEndpoints":0,"numberOfExternalApiEndpoints":0,"numberOfApiEndpointsWithSensitiveDataExposed":0}}]}'
    headers:
      cache-control:
      - no-cache
      content-length:
      - '1494'
      content-type:
      - application/json; charset=utf-8
      date:
      - Mon, 05 Feb 2024 17:54:21 GMT
      expires:
      - '-1'
      mise-correlation-id:
      - bd72bf4f-0c90-4191-9cb0-67a44838dbcb
      pragma:
      - no-cache
      strict-transport-security:
      - max-age=31536000; includeSubDomains
      traceparent:
      - 00-2f62c5078fce83b6cac60ea9286d1bc1-bfd53859796cb016-00
      x-cache:
      - CONFIG_NOCACHE
      x-content-type-options:
      - nosniff
      x-msedge-ref:
      - 'Ref A: 3C77BF266EF2486B90DAC70BC407E100 Ref B: CO6AA3150218017 Ref C: 2024-02-05T17:54:20Z'
    status:
      code: 200
      message: OK
- request:
    body: null
    headers:
      Accept:
      - application/json
      Accept-Encoding:
      - gzip, deflate
      CommandName:
      - security api-collection apim show
      Connection:
      - keep-alive
      ParameterSetName:
      - -g --api-id --service-name
      User-Agent:
      - AZURECLI/2.56.0 (AAZ) azsdk-python-core/1.28.0 Python/3.10.11 (Windows-10-10.0.22621-SP0)
    method: GET
    uri: https://management.azure.com/subscriptions/00000000-0000-0000-0000-000000000000/resourceGroups/apicollectionstests/providers/Microsoft.ApiManagement/service/demoapimservice2/providers/Microsoft.Security/apiCollections/echo-api-2?api-version=2023-11-15
  response:
    body:
      string: '{"id":"/subscriptions/00000000-0000-0000-0000-000000000000/resourceGroups/apicollectionstests/providers/Microsoft.ApiManagement/service/demoapimservice2/providers/Microsoft.Security/apiCollections/echo-api-2","name":"echo-api-2","type":"microsoft.security/apicollections","properties":{"provisioningState":"Succeeded","displayName":"Echo
        API 2","discoveredVia":"/subscriptions/00000000-0000-0000-0000-000000000000/resourceGroups/apicollectionstests/providers/Microsoft.ApiManagement/service/demoapimservice2","baseUrl":"https://demoapimservice2.azure-api.net","numberOfApiEndpoints":0,"numberOfInactiveApiEndpoints":0,"numberOfUnauthenticatedApiEndpoints":0,"numberOfExternalApiEndpoints":0,"numberOfApiEndpointsWithSensitiveDataExposed":0}}'
    headers:
      cache-control:
      - no-cache
      content-length:
      - '741'
      content-type:
      - application/json; charset=utf-8
      date:
      - Mon, 05 Feb 2024 17:54:21 GMT
      expires:
      - '-1'
      mise-correlation-id:
      - 9f0223ff-8d99-4254-bb80-c21cecb35f82
      pragma:
      - no-cache
      strict-transport-security:
      - max-age=31536000; includeSubDomains
      traceparent:
      - 00-b3fd56922cbf26dee47a185ade413bca-67a665d57bade64e-00
      x-cache:
      - CONFIG_NOCACHE
      x-content-type-options:
      - nosniff
      x-msedge-ref:
      - 'Ref A: F1E18E20565148FF82969A39D03F1C55 Ref B: CO6AA3150220021 Ref C: 2024-02-05T17:54:22Z'
    status:
      code: 200
      message: OK
- request:
    body: null
    headers:
      Accept:
      - '*/*'
      Accept-Encoding:
      - gzip, deflate
      CommandName:
      - security api-collection apim offboard
      Connection:
      - keep-alive
      Content-Length:
      - '0'
      ParameterSetName:
      - --yes -g --name --service-name
      User-Agent:
      - AZURECLI/2.56.0 (AAZ) azsdk-python-core/1.28.0 Python/3.10.11 (Windows-10-10.0.22621-SP0)
    method: DELETE
    uri: https://management.azure.com/subscriptions/00000000-0000-0000-0000-000000000000/resourceGroups/apicollectionstests/providers/Microsoft.ApiManagement/service/demoapimservice2/providers/Microsoft.Security/apiCollections/echo-api-2?api-version=2023-11-15
  response:
    body:
      string: 'null'
    headers:
      cache-control:
      - no-cache
      content-length:
      - '4'
      content-type:
      - application/json; charset=utf-8
      date:
      - Mon, 05 Feb 2024 17:54:23 GMT
      expires:
      - '-1'
      mise-correlation-id:
      - 7862f987-388c-415b-ac08-1724e7d08e7e
      pragma:
      - no-cache
      strict-transport-security:
      - max-age=31536000; includeSubDomains
      traceparent:
      - 00-89acbc5d88e14598db666465cdde2484-70a281d4dc563660-01
      x-cache:
      - CONFIG_NOCACHE
      x-content-type-options:
      - nosniff
      x-ms-ratelimit-remaining-subscription-deletes:
      - '14999'
      x-msedge-ref:
      - 'Ref A: 0BFFD3B2020F481F806F80CA0A500118 Ref B: CO6AA3150220051 Ref C: 2024-02-05T17:54:23Z'
    status:
      code: 200
      message: OK
version: 1
