interactions:
- request:
    body: null
    headers:
      Accept:
      - '*/*'
      Accept-Encoding:
      - gzip, deflate
      Connection:
      - keep-alive
      User-Agent:
      - python-requests/2.26.0
    method: GET
    uri: https://raw.githubusercontent.com/Azure/azure-rest-api-specs/master/arm-compute/quickstart-templates/aliases.json
  response:
    body:
      string: "{\n  \"$schema\": \"http://schema.management.azure.com/schemas/2015-01-01/deploymentTemplate.json\",\n
        \ \"contentVersion\": \"1.0.0.0\",\n  \"parameters\": {},\n  \"variables\":
        {},\n  \"resources\": [],\n  \"outputs\": {\n    \"aliases\": {\n      \"type\":
        \"object\",\n      \"value\": {\n        \"Linux\": {\n          \"CentOS\":
        {\n            \"publisher\": \"OpenLogic\",\n            \"offer\": \"CentOS\",\n
        \           \"sku\": \"7.5\",\n            \"version\": \"latest\"\n          },\n
        \         \"Debian\": {\n            \"publisher\": \"Debian\",\n            \"offer\":
        \"debian-10\",\n            \"sku\": \"10\",\n            \"version\": \"latest\"\n
        \         },\n          \"Flatcar\": {\n            \"publisher\": \"kinvolk\",\n
        \           \"offer\": \"flatcar-container-linux-free\",\n            \"sku\":
        \"stable\",\n            \"version\": \"latest\"\n          },\n          \"openSUSE-Leap\":
        {\n            \"publisher\": \"SUSE\",\n            \"offer\": \"openSUSE-Leap\",\n
        \           \"sku\": \"42.3\",\n            \"version\": \"latest\"\n          },\n
        \         \"RHEL\": {\n            \"publisher\": \"RedHat\",\n            \"offer\":
        \"RHEL\",\n            \"sku\": \"7-LVM\",\n            \"version\": \"latest\"\n
        \         },\n          \"SLES\": {\n            \"publisher\": \"SUSE\",\n
        \           \"offer\": \"SLES\",\n            \"sku\": \"15\",\n            \"version\":
        \"latest\"\n          },\n          \"UbuntuLTS\": {\n            \"publisher\":
        \"Canonical\",\n            \"offer\": \"UbuntuServer\",\n            \"sku\":
        \"18.04-LTS\",\n            \"version\": \"latest\"\n          }\n        },\n
        \       \"Windows\": {\n          \"Win2019Datacenter\": {\n            \"publisher\":
        \"MicrosoftWindowsServer\",\n            \"offer\": \"WindowsServer\",\n            \"sku\":
        \"2019-Datacenter\",\n            \"version\": \"latest\"\n          },\n
        \         \"Win2016Datacenter\": {\n            \"publisher\": \"MicrosoftWindowsServer\",\n
        \           \"offer\": \"WindowsServer\",\n            \"sku\": \"2016-Datacenter\",\n
        \           \"version\": \"latest\"\n          },\n          \"Win2012R2Datacenter\":
        {\n            \"publisher\": \"MicrosoftWindowsServer\",\n            \"offer\":
        \"WindowsServer\",\n            \"sku\": \"2012-R2-Datacenter\",\n            \"version\":
        \"latest\"\n          },\n          \"Win2012Datacenter\": {\n            \"publisher\":
        \"MicrosoftWindowsServer\",\n            \"offer\": \"WindowsServer\",\n            \"sku\":
        \"2012-Datacenter\",\n            \"version\": \"latest\"\n          },\n
        \         \"Win2008R2SP1\": {\n            \"publisher\": \"MicrosoftWindowsServer\",\n
        \           \"offer\": \"WindowsServer\",\n            \"sku\": \"2008-R2-SP1\",\n
        \           \"version\": \"latest\"\n          }\n        }\n      }\n    }\n
        \ }\n}\n"
    headers:
      accept-ranges:
      - bytes
      access-control-allow-origin:
      - '*'
      cache-control:
      - max-age=300
      connection:
      - keep-alive
      content-length:
      - '2525'
      content-security-policy:
      - default-src 'none'; style-src 'unsafe-inline'; sandbox
      content-type:
      - text/plain; charset=utf-8
      date:
      - Wed, 26 Jan 2022 12:40:34 GMT
      etag:
      - W/"54bceef15b892f2aa7f4c2145a49f1b5e33608722acdbb47933d7b6cbebbd7f4"
      expires:
      - Wed, 26 Jan 2022 12:45:34 GMT
      source-age:
      - '132'
      strict-transport-security:
      - max-age=31536000
      vary:
      - Authorization,Accept-Encoding,Origin
      via:
      - 1.1 varnish
      x-cache:
      - HIT
      x-cache-hits:
      - '2'
      x-content-type-options:
      - nosniff
      x-fastly-request-id:
      - 41e4c0ef9ef5faefc5dc8bf622fc646f6c667ff4
      x-frame-options:
      - deny
      x-github-request-id:
      - 5802:6E50:2AD870:3921C5:61EF945E
      x-served-by:
      - cache-qpg1263-QPG
      x-timer:
      - S1643200834.255734,VS0,VE0
      x-xss-protection:
      - 1; mode=block
    status:
      code: 200
      message: OK
- request:
    body: null
    headers:
      Accept:
      - application/json
      Accept-Encoding:
      - gzip, deflate
      CommandName:
      - vm create
      Connection:
      - keep-alive
      ParameterSetName:
      - -g --location -n --admin-username --image --admin-password --authentication-type
      User-Agent:
      - AZURECLI/2.32.0 azsdk-python-azure-mgmt-compute/23.1.0 Python/3.9.5 (Windows-10-10.0.19044-SP0)
    method: GET
    uri: https://management.azure.com/subscriptions/00000000-0000-0000-0000-000000000000/providers/Microsoft.Compute/locations/westus/publishers/OpenLogic/artifacttypes/vmimage/offers/CentOS/skus/7.5/versions?$top=1&$orderby=name%20desc&api-version=2017-12-01
  response:
    body:
      string: "[\r\n  {\r\n    \"location\": \"westus\",\r\n    \"name\": \"7.5.201808150\",\r\n
        \   \"id\": \"/Subscriptions/00000000-0000-0000-0000-000000000000/Providers/Microsoft.Compute/Locations/westus/Publishers/OpenLogic/ArtifactTypes/VMImage/Offers/CentOS/Skus/7.5/Versions/7.5.201808150\"\r\n
        \ }\r\n]"
    headers:
      cache-control:
      - no-cache
      content-length:
      - '270'
      content-type:
      - application/json; charset=utf-8
      date:
      - Wed, 26 Jan 2022 12:40:34 GMT
      expires:
      - '-1'
      pragma:
      - no-cache
      server:
      - Microsoft-HTTPAPI/2.0
      - Microsoft-HTTPAPI/2.0
      strict-transport-security:
      - max-age=31536000; includeSubDomains
      transfer-encoding:
      - chunked
      vary:
      - Accept-Encoding
      x-content-type-options:
      - nosniff
      x-ms-ratelimit-remaining-resource:
      - Microsoft.Compute/ListVMImagesVersionsFromLocation3Min;15999,Microsoft.Compute/ListVMImagesVersionsFromLocation30Min;43991
    status:
      code: 200
      message: OK
- request:
    body: null
    headers:
      Accept:
      - application/json
      Accept-Encoding:
      - gzip, deflate
      CommandName:
      - vm create
      Connection:
      - keep-alive
      ParameterSetName:
      - -g --location -n --admin-username --image --admin-password --authentication-type
      User-Agent:
      - AZURECLI/2.32.0 azsdk-python-azure-mgmt-compute/23.1.0 Python/3.9.5 (Windows-10-10.0.19044-SP0)
    method: GET
    uri: https://management.azure.com/subscriptions/00000000-0000-0000-0000-000000000000/providers/Microsoft.Compute/locations/westus/publishers/OpenLogic/artifacttypes/vmimage/offers/CentOS/skus/7.5/versions/7.5.201808150?api-version=2017-12-01
  response:
    body:
      string: "{\r\n  \"properties\": {\r\n    \"hyperVGeneration\": \"V1\",\r\n    \"architecture\":
        \"x64\",\r\n    \"replicaType\": \"Unmanaged\",\r\n    \"disallowed\": {\r\n
        \     \"vmDiskType\": \"None\"\r\n    },\r\n    \"automaticOSUpgradeProperties\":
        {\r\n      \"automaticOSUpgradeSupported\": true\r\n    },\r\n    \"imageDeprecationStatus\":
        {\r\n      \"imageState\": \"Active\"\r\n    },\r\n    \"osDiskImage\": {\r\n
        \     \"operatingSystem\": \"Linux\",\r\n      \"sizeInGb\": 30,\r\n      \"sizeInBytes\":
        32212255232\r\n    },\r\n    \"dataDiskImages\": []\r\n  },\r\n  \"location\":
        \"westus\",\r\n  \"name\": \"7.5.201808150\",\r\n  \"id\": \"/Subscriptions/00000000-0000-0000-0000-000000000000/Providers/Microsoft.Compute/Locations/westus/Publishers/OpenLogic/ArtifactTypes/VMImage/Offers/CentOS/Skus/7.5/Versions/7.5.201808150\"\r\n}"
    headers:
      cache-control:
      - no-cache
      content-length:
      - '737'
      content-type:
      - application/json; charset=utf-8
      date:
      - Wed, 26 Jan 2022 12:40:35 GMT
      expires:
      - '-1'
      pragma:
      - no-cache
      server:
      - Microsoft-HTTPAPI/2.0
      - Microsoft-HTTPAPI/2.0
      strict-transport-security:
      - max-age=31536000; includeSubDomains
      transfer-encoding:
      - chunked
      vary:
      - Accept-Encoding
      x-content-type-options:
      - nosniff
      x-ms-ratelimit-remaining-resource:
      - Microsoft.Compute/GetVMImageFromLocation3Min;12999,Microsoft.Compute/GetVMImageFromLocation30Min;73996
    status:
      code: 200
      message: OK
- request:
    body: null
    headers:
      Accept:
      - application/json, text/json
      Accept-Encoding:
      - gzip, deflate
      CommandName:
      - vm create
      Connection:
      - keep-alive
      ParameterSetName:
      - -g --location -n --admin-username --image --admin-password --authentication-type
      User-Agent:
      - AZURECLI/2.32.0 azsdk-python-azure-mgmt-network/19.3.0 Python/3.9.5 (Windows-10-10.0.19044-SP0)
    method: GET
    uri: https://management.azure.com/subscriptions/00000000-0000-0000-0000-000000000000/resourceGroups/cli-test-disk000001/providers/Microsoft.Network/virtualNetworks?api-version=2017-10-01
  response:
    body:
      string: '{"value":[]}'
    headers:
      cache-control:
      - no-cache
      content-length:
      - '12'
      content-type:
      - application/json; charset=utf-8
      date:
      - Wed, 26 Jan 2022 12:40:36 GMT
      expires:
      - '-1'
      pragma:
      - no-cache
      strict-transport-security:
      - max-age=31536000; includeSubDomains
      vary:
      - Accept-Encoding
      x-content-type-options:
      - nosniff
    status:
      code: 200
      message: OK
- request:
    body: '{"properties": {"template": {"$schema": "https://schema.management.azure.com/schemas/2015-01-01/deploymentTemplate.json#",
      "contentVersion": "1.0.0.0", "parameters": {"adminPassword": {"type": "securestring",
      "metadata": {"description": "Secure adminPassword"}}}, "variables": {}, "resources":
      [{"name": "vm-diskattach-testVNET", "type": "Microsoft.Network/virtualNetworks",
      "location": "westus", "apiVersion": "2015-06-15", "dependsOn": [], "tags": {},
      "properties": {"addressSpace": {"addressPrefixes": ["10.0.0.0/16"]}, "subnets":
      [{"name": "vm-diskattach-testSubnet", "properties": {"addressPrefix": "10.0.0.0/24"}}]}},
      {"type": "Microsoft.Network/networkSecurityGroups", "name": "vm-diskattach-testNSG",
      "apiVersion": "2015-06-15", "location": "westus", "tags": {}, "dependsOn": [],
      "properties": {"securityRules": [{"name": "default-allow-ssh", "properties":
      {"protocol": "Tcp", "sourcePortRange": "*", "destinationPortRange": "22", "sourceAddressPrefix":
      "*", "destinationAddressPrefix": "*", "access": "Allow", "priority": 1000, "direction":
      "Inbound"}}]}}, {"apiVersion": "2017-10-01", "type": "Microsoft.Network/publicIPAddresses",
      "name": "vm-diskattach-testPublicIP", "location": "westus", "tags": {}, "dependsOn":
      [], "properties": {"publicIPAllocationMethod": null}}, {"apiVersion": "2015-06-15",
      "type": "Microsoft.Network/networkInterfaces", "name": "vm-diskattach-testVMNic",
      "location": "westus", "tags": {}, "dependsOn": ["Microsoft.Network/virtualNetworks/vm-diskattach-testVNET",
      "Microsoft.Network/networkSecurityGroups/vm-diskattach-testNSG", "Microsoft.Network/publicIpAddresses/vm-diskattach-testPublicIP"],
      "properties": {"ipConfigurations": [{"name": "ipconfigvm-diskattach-test", "properties":
      {"privateIPAllocationMethod": "Dynamic", "subnet": {"id": "/subscriptions/00000000-0000-0000-0000-000000000000/resourceGroups/cli-test-disk000001/providers/Microsoft.Network/virtualNetworks/vm-diskattach-testVNET/subnets/vm-diskattach-testSubnet"},
      "publicIPAddress": {"id": "/subscriptions/00000000-0000-0000-0000-000000000000/resourceGroups/cli-test-disk000001/providers/Microsoft.Network/publicIPAddresses/vm-diskattach-testPublicIP"}}}],
      "networkSecurityGroup": {"id": "/subscriptions/00000000-0000-0000-0000-000000000000/resourceGroups/cli-test-disk000001/providers/Microsoft.Network/networkSecurityGroups/vm-diskattach-testNSG"}}},
      {"apiVersion": "2017-12-01", "type": "Microsoft.Compute/virtualMachines", "name":
      "vm-diskattach-test", "location": "westus", "tags": {}, "dependsOn": ["Microsoft.Network/networkInterfaces/vm-diskattach-testVMNic"],
      "properties": {"hardwareProfile": {"vmSize": "Standard_DS1_v2"}, "networkProfile":
      {"networkInterfaces": [{"id": "/subscriptions/00000000-0000-0000-0000-000000000000/resourceGroups/cli-test-disk000001/providers/Microsoft.Network/networkInterfaces/vm-diskattach-testVMNic",
      "properties": {"deleteOption": null}}]}, "storageProfile": {"osDisk": {"createOption":
      "fromImage", "name": null, "caching": "ReadWrite", "managedDisk": {"storageAccountType":
      null}}, "imageReference": {"publisher": "OpenLogic", "offer": "CentOS", "sku":
      "7.5", "version": "latest"}}, "osProfile": {"computerName": "vm-diskattach-test",
      "adminUsername": "admin123", "adminPassword": "[parameters(''adminPassword'')]"}}}],
      "outputs": {}}, "parameters": {"adminPassword": {"value": "testPassword0"}},
      "mode": "incremental"}}'
    headers:
      Accept:
      - application/json
      Accept-Encoding:
      - gzip, deflate
      CommandName:
      - vm create
      Connection:
      - keep-alive
      Content-Length:
      - '3369'
      Content-Type:
      - application/json
      ParameterSetName:
      - -g --location -n --admin-username --image --admin-password --authentication-type
      User-Agent:
      - AZURECLI/2.32.0 azsdk-python-azure-mgmt-resource/20.0.0 Python/3.9.5 (Windows-10-10.0.19044-SP0)
    method: PUT
    uri: https://management.azure.com/subscriptions/00000000-0000-0000-0000-000000000000/resourcegroups/cli-test-disk000001/providers/Microsoft.Resources/deployments/mock-deployment?api-version=2018-05-01
  response:
    body:
      string: '{"id":"/subscriptions/00000000-0000-0000-0000-000000000000/resourceGroups/cli-test-disk000001/providers/Microsoft.Resources/deployments/vm_deploy_orp7vzRZf3fhEsc8y0u7HcDvsI4G9yos","name":"vm_deploy_orp7vzRZf3fhEsc8y0u7HcDvsI4G9yos","properties":{"templateHash":"2748725431111153152","parameters":{"adminPassword":{"type":"SecureString"}},"mode":"Incremental","provisioningState":"Accepted","timestamp":"2022-01-26T12:40:41.0120229Z","duration":"PT0.0003249S","correlationId":"73fa146c-d8e3-4e5d-a70a-4d2c74c391dd","providers":[{"namespace":"Microsoft.Network","resourceTypes":[{"resourceType":"virtualNetworks","locations":["westus"]},{"resourceType":"networkSecurityGroups","locations":["westus"]},{"resourceType":"publicIPAddresses","locations":["westus"]},{"resourceType":"networkInterfaces","locations":["westus"]}]},{"namespace":"Microsoft.Compute","resourceTypes":[{"resourceType":"virtualMachines","locations":["westus"]}]}],"dependencies":[{"dependsOn":[{"id":"/subscriptions/00000000-0000-0000-0000-000000000000/resourceGroups/cli-test-disk000001/providers/Microsoft.Network/virtualNetworks/vm-diskattach-testVNET","resourceType":"Microsoft.Network/virtualNetworks","resourceName":"vm-diskattach-testVNET"},{"id":"/subscriptions/00000000-0000-0000-0000-000000000000/resourceGroups/cli-test-disk000001/providers/Microsoft.Network/networkSecurityGroups/vm-diskattach-testNSG","resourceType":"Microsoft.Network/networkSecurityGroups","resourceName":"vm-diskattach-testNSG"},{"id":"/subscriptions/00000000-0000-0000-0000-000000000000/resourceGroups/cli-test-disk000001/providers/Microsoft.Network/publicIPAddresses/vm-diskattach-testPublicIP","resourceType":"Microsoft.Network/publicIPAddresses","resourceName":"vm-diskattach-testPublicIP"}],"id":"/subscriptions/00000000-0000-0000-0000-000000000000/resourceGroups/cli-test-disk000001/providers/Microsoft.Network/networkInterfaces/vm-diskattach-testVMNic","resourceType":"Microsoft.Network/networkInterfaces","resourceName":"vm-diskattach-testVMNic"},{"dependsOn":[{"id":"/subscriptions/00000000-0000-0000-0000-000000000000/resourceGroups/cli-test-disk000001/providers/Microsoft.Network/networkInterfaces/vm-diskattach-testVMNic","resourceType":"Microsoft.Network/networkInterfaces","resourceName":"vm-diskattach-testVMNic"}],"id":"/subscriptions/00000000-0000-0000-0000-000000000000/resourceGroups/cli-test-disk000001/providers/Microsoft.Compute/virtualMachines/vm-diskattach-test","resourceType":"Microsoft.Compute/virtualMachines","resourceName":"vm-diskattach-test"}]}}'
    headers:
      azure-asyncoperation:
      - https://management.azure.com/subscriptions/00000000-0000-0000-0000-000000000000/resourcegroups/cli-test-disk000001/providers/Microsoft.Resources/deployments/vm_deploy_orp7vzRZf3fhEsc8y0u7HcDvsI4G9yos/operationStatuses/08585584060468652748?api-version=2018-05-01
      cache-control:
      - no-cache
      content-length:
      - '2528'
      content-type:
      - application/json; charset=utf-8
      date:
      - Wed, 26 Jan 2022 12:40:41 GMT
      expires:
      - '-1'
      pragma:
      - no-cache
      strict-transport-security:
      - max-age=31536000; includeSubDomains
      x-content-type-options:
      - nosniff
      x-ms-ratelimit-remaining-subscription-writes:
      - '1198'
    status:
      code: 201
      message: Created
- request:
    body: null
    headers:
      Accept:
      - '*/*'
      Accept-Encoding:
      - gzip, deflate
      CommandName:
      - vm create
      Connection:
      - keep-alive
      ParameterSetName:
      - -g --location -n --admin-username --image --admin-password --authentication-type
      User-Agent:
      - AZURECLI/2.32.0 azsdk-python-azure-mgmt-resource/20.0.0 Python/3.9.5 (Windows-10-10.0.19044-SP0)
    method: GET
    uri: https://management.azure.com/subscriptions/00000000-0000-0000-0000-000000000000/resourcegroups/cli-test-disk000001/providers/Microsoft.Resources/deployments/mock-deployment/operationStatuses/08585584060468652748?api-version=2018-05-01
  response:
    body:
      string: '{"status":"Running"}'
    headers:
      cache-control:
      - no-cache
      content-length:
      - '20'
      content-type:
      - application/json; charset=utf-8
      date:
      - Wed, 26 Jan 2022 12:41:11 GMT
      expires:
      - '-1'
      pragma:
      - no-cache
      strict-transport-security:
      - max-age=31536000; includeSubDomains
      vary:
      - Accept-Encoding
      x-content-type-options:
      - nosniff
    status:
      code: 200
      message: OK
- request:
    body: null
    headers:
      Accept:
      - '*/*'
      Accept-Encoding:
      - gzip, deflate
      CommandName:
      - vm create
      Connection:
      - keep-alive
      ParameterSetName:
      - -g --location -n --admin-username --image --admin-password --authentication-type
      User-Agent:
      - AZURECLI/2.32.0 azsdk-python-azure-mgmt-resource/20.0.0 Python/3.9.5 (Windows-10-10.0.19044-SP0)
    method: GET
    uri: https://management.azure.com/subscriptions/00000000-0000-0000-0000-000000000000/resourcegroups/cli-test-disk000001/providers/Microsoft.Resources/deployments/mock-deployment/operationStatuses/08585584060468652748?api-version=2018-05-01
  response:
    body:
      string: '{"status":"Running"}'
    headers:
      cache-control:
      - no-cache
      content-length:
      - '20'
      content-type:
      - application/json; charset=utf-8
      date:
      - Wed, 26 Jan 2022 12:41:43 GMT
      expires:
      - '-1'
      pragma:
      - no-cache
      strict-transport-security:
      - max-age=31536000; includeSubDomains
      vary:
      - Accept-Encoding
      x-content-type-options:
      - nosniff
    status:
      code: 200
      message: OK
- request:
    body: null
    headers:
      Accept:
      - '*/*'
      Accept-Encoding:
      - gzip, deflate
      CommandName:
      - vm create
      Connection:
      - keep-alive
      ParameterSetName:
      - -g --location -n --admin-username --image --admin-password --authentication-type
      User-Agent:
      - AZURECLI/2.32.0 azsdk-python-azure-mgmt-resource/20.0.0 Python/3.9.5 (Windows-10-10.0.19044-SP0)
    method: GET
    uri: https://management.azure.com/subscriptions/00000000-0000-0000-0000-000000000000/resourcegroups/cli-test-disk000001/providers/Microsoft.Resources/deployments/mock-deployment/operationStatuses/08585584060468652748?api-version=2018-05-01
  response:
    body:
      string: '{"status":"Running"}'
    headers:
      cache-control:
      - no-cache
      content-length:
      - '20'
      content-type:
      - application/json; charset=utf-8
      date:
      - Wed, 26 Jan 2022 12:42:13 GMT
      expires:
      - '-1'
      pragma:
      - no-cache
      strict-transport-security:
      - max-age=31536000; includeSubDomains
      vary:
      - Accept-Encoding
      x-content-type-options:
      - nosniff
    status:
      code: 200
      message: OK
- request:
    body: null
    headers:
      Accept:
      - '*/*'
      Accept-Encoding:
      - gzip, deflate
      CommandName:
      - vm create
      Connection:
      - keep-alive
      ParameterSetName:
      - -g --location -n --admin-username --image --admin-password --authentication-type
      User-Agent:
      - AZURECLI/2.32.0 azsdk-python-azure-mgmt-resource/20.0.0 Python/3.9.5 (Windows-10-10.0.19044-SP0)
    method: GET
    uri: https://management.azure.com/subscriptions/00000000-0000-0000-0000-000000000000/resourcegroups/cli-test-disk000001/providers/Microsoft.Resources/deployments/mock-deployment/operationStatuses/08585584060468652748?api-version=2018-05-01
  response:
    body:
      string: '{"status":"Succeeded"}'
    headers:
      cache-control:
      - no-cache
      content-length:
      - '22'
      content-type:
      - application/json; charset=utf-8
      date:
      - Wed, 26 Jan 2022 12:42:43 GMT
      expires:
      - '-1'
      pragma:
      - no-cache
      strict-transport-security:
      - max-age=31536000; includeSubDomains
      vary:
      - Accept-Encoding
      x-content-type-options:
      - nosniff
    status:
      code: 200
      message: OK
- request:
    body: null
    headers:
      Accept:
      - '*/*'
      Accept-Encoding:
      - gzip, deflate
      CommandName:
      - vm create
      Connection:
      - keep-alive
      ParameterSetName:
      - -g --location -n --admin-username --image --admin-password --authentication-type
      User-Agent:
      - AZURECLI/2.32.0 azsdk-python-azure-mgmt-resource/20.0.0 Python/3.9.5 (Windows-10-10.0.19044-SP0)
    method: GET
    uri: https://management.azure.com/subscriptions/00000000-0000-0000-0000-000000000000/resourcegroups/cli-test-disk000001/providers/Microsoft.Resources/deployments/mock-deployment?api-version=2018-05-01
  response:
    body:
      string: '{"id":"/subscriptions/00000000-0000-0000-0000-000000000000/resourceGroups/cli-test-disk000001/providers/Microsoft.Resources/deployments/vm_deploy_orp7vzRZf3fhEsc8y0u7HcDvsI4G9yos","name":"vm_deploy_orp7vzRZf3fhEsc8y0u7HcDvsI4G9yos","properties":{"templateHash":"2748725431111153152","parameters":{"adminPassword":{"type":"SecureString"}},"mode":"Incremental","provisioningState":"Succeeded","timestamp":"2022-01-26T12:42:14.4582954Z","duration":"PT1M33.4465974S","correlationId":"73fa146c-d8e3-4e5d-a70a-4d2c74c391dd","providers":[{"namespace":"Microsoft.Network","resourceTypes":[{"resourceType":"virtualNetworks","locations":["westus"]},{"resourceType":"networkSecurityGroups","locations":["westus"]},{"resourceType":"publicIPAddresses","locations":["westus"]},{"resourceType":"networkInterfaces","locations":["westus"]}]},{"namespace":"Microsoft.Compute","resourceTypes":[{"resourceType":"virtualMachines","locations":["westus"]}]}],"dependencies":[{"dependsOn":[{"id":"/subscriptions/00000000-0000-0000-0000-000000000000/resourceGroups/cli-test-disk000001/providers/Microsoft.Network/virtualNetworks/vm-diskattach-testVNET","resourceType":"Microsoft.Network/virtualNetworks","resourceName":"vm-diskattach-testVNET"},{"id":"/subscriptions/00000000-0000-0000-0000-000000000000/resourceGroups/cli-test-disk000001/providers/Microsoft.Network/networkSecurityGroups/vm-diskattach-testNSG","resourceType":"Microsoft.Network/networkSecurityGroups","resourceName":"vm-diskattach-testNSG"},{"id":"/subscriptions/00000000-0000-0000-0000-000000000000/resourceGroups/cli-test-disk000001/providers/Microsoft.Network/publicIPAddresses/vm-diskattach-testPublicIP","resourceType":"Microsoft.Network/publicIPAddresses","resourceName":"vm-diskattach-testPublicIP"}],"id":"/subscriptions/00000000-0000-0000-0000-000000000000/resourceGroups/cli-test-disk000001/providers/Microsoft.Network/networkInterfaces/vm-diskattach-testVMNic","resourceType":"Microsoft.Network/networkInterfaces","resourceName":"vm-diskattach-testVMNic"},{"dependsOn":[{"id":"/subscriptions/00000000-0000-0000-0000-000000000000/resourceGroups/cli-test-disk000001/providers/Microsoft.Network/networkInterfaces/vm-diskattach-testVMNic","resourceType":"Microsoft.Network/networkInterfaces","resourceName":"vm-diskattach-testVMNic"}],"id":"/subscriptions/00000000-0000-0000-0000-000000000000/resourceGroups/cli-test-disk000001/providers/Microsoft.Compute/virtualMachines/vm-diskattach-test","resourceType":"Microsoft.Compute/virtualMachines","resourceName":"vm-diskattach-test"}],"outputs":{},"outputResources":[{"id":"/subscriptions/00000000-0000-0000-0000-000000000000/resourceGroups/cli-test-disk000001/providers/Microsoft.Compute/virtualMachines/vm-diskattach-test"},{"id":"/subscriptions/00000000-0000-0000-0000-000000000000/resourceGroups/cli-test-disk000001/providers/Microsoft.Network/networkInterfaces/vm-diskattach-testVMNic"},{"id":"/subscriptions/00000000-0000-0000-0000-000000000000/resourceGroups/cli-test-disk000001/providers/Microsoft.Network/networkSecurityGroups/vm-diskattach-testNSG"},{"id":"/subscriptions/00000000-0000-0000-0000-000000000000/resourceGroups/cli-test-disk000001/providers/Microsoft.Network/publicIPAddresses/vm-diskattach-testPublicIP"},{"id":"/subscriptions/00000000-0000-0000-0000-000000000000/resourceGroups/cli-test-disk000001/providers/Microsoft.Network/virtualNetworks/vm-diskattach-testVNET"}]}}'
    headers:
      cache-control:
      - no-cache
      content-length:
      - '3390'
      content-type:
      - application/json; charset=utf-8
      date:
      - Wed, 26 Jan 2022 12:42:43 GMT
      expires:
      - '-1'
      pragma:
      - no-cache
      strict-transport-security:
      - max-age=31536000; includeSubDomains
      vary:
      - Accept-Encoding
      x-content-type-options:
      - nosniff
    status:
      code: 200
      message: OK
- request:
    body: null
    headers:
      Accept:
      - application/json
      Accept-Encoding:
      - gzip, deflate
      CommandName:
      - vm create
      Connection:
      - keep-alive
      ParameterSetName:
      - -g --location -n --admin-username --image --admin-password --authentication-type
      User-Agent:
      - AZURECLI/2.32.0 azsdk-python-azure-mgmt-compute/23.1.0 Python/3.9.5 (Windows-10-10.0.19044-SP0)
    method: GET
    uri: https://management.azure.com/subscriptions/00000000-0000-0000-0000-000000000000/resourceGroups/cli-test-disk000001/providers/Microsoft.Compute/virtualMachines/vm-diskattach-test?$expand=instanceView&api-version=2017-12-01
  response:
    body:
      string: "{\r\n  \"name\": \"vm-diskattach-test\",\r\n  \"id\": \"/subscriptions/00000000-0000-0000-0000-000000000000/resourceGroups/cli-test-disk000001/providers/Microsoft.Compute/virtualMachines/vm-diskattach-test\",\r\n
        \ \"type\": \"Microsoft.Compute/virtualMachines\",\r\n  \"location\": \"westus\",\r\n
        \ \"tags\": {},\r\n  \"properties\": {\r\n    \"vmId\": \"961306a9-8f9e-4251-8792-b82b6dca244e\",\r\n
        \   \"hardwareProfile\": {\r\n      \"vmSize\": \"Standard_DS1_v2\"\r\n    },\r\n
        \   \"storageProfile\": {\r\n      \"imageReference\": {\r\n        \"publisher\":
        \"OpenLogic\",\r\n        \"offer\": \"CentOS\",\r\n        \"sku\": \"7.5\",\r\n
        \       \"version\": \"latest\"\r\n      },\r\n      \"osDisk\": {\r\n        \"osType\":
        \"Linux\",\r\n        \"name\": \"vm-diskattach-test_OsDisk_1_ad5e870b7e20451dbf083a32d36facd8\",\r\n
        \       \"createOption\": \"FromImage\",\r\n        \"caching\": \"ReadWrite\",\r\n
        \       \"managedDisk\": {\r\n          \"storageAccountType\": \"Premium_LRS\",\r\n
        \         \"id\": \"/subscriptions/00000000-0000-0000-0000-000000000000/resourceGroups/cli-test-disk000001/providers/Microsoft.Compute/disks/vm-diskattach-test_OsDisk_1_ad5e870b7e20451dbf083a32d36facd8\"\r\n
        \       },\r\n        \"diskSizeGB\": 30\r\n      },\r\n      \"dataDisks\":
        []\r\n    },\r\n    \"osProfile\": {\r\n      \"computerName\": \"vm-diskattach-test\",\r\n
        \     \"adminUsername\": \"admin123\",\r\n      \"linuxConfiguration\": {\r\n
        \       \"disablePasswordAuthentication\": false\r\n      },\r\n      \"secrets\":
        []\r\n    },\r\n    \"networkProfile\": {\"networkInterfaces\":[{\"id\":\"/subscriptions/00000000-0000-0000-0000-000000000000/resourceGroups/cli-test-disk000001/providers/Microsoft.Network/networkInterfaces/vm-diskattach-testVMNic\"}]},\r\n
        \   \"provisioningState\": \"Succeeded\",\r\n    \"instanceView\": {\r\n      \"computerName\":
        \"vm-diskattach-test\",\r\n      \"osName\": \"centos\",\r\n      \"osVersion\":
        \"7.5.1804\",\r\n      \"vmAgent\": {\r\n        \"vmAgentVersion\": \"2.6.0.2\",\r\n
        \       \"statuses\": [\r\n          {\r\n            \"code\": \"ProvisioningState/succeeded\",\r\n
        \           \"level\": \"Info\",\r\n            \"displayStatus\": \"Ready\",\r\n
        \           \"message\": \"Guest Agent is running\",\r\n            \"time\":
        \"2022-01-26T12:42:15+00:00\"\r\n          }\r\n        ],\r\n        \"extensionHandlers\":
        []\r\n      },\r\n      \"disks\": [\r\n        {\r\n          \"name\": \"vm-diskattach-test_OsDisk_1_ad5e870b7e20451dbf083a32d36facd8\",\r\n
        \         \"statuses\": [\r\n            {\r\n              \"code\": \"ProvisioningState/succeeded\",\r\n
        \             \"level\": \"Info\",\r\n              \"displayStatus\": \"Provisioning
        succeeded\",\r\n              \"time\": \"2022-01-26T12:41:06.2143775+00:00\"\r\n
        \           }\r\n          ]\r\n        }\r\n      ],\r\n      \"statuses\":
        [\r\n        {\r\n          \"code\": \"ProvisioningState/succeeded\",\r\n
        \         \"level\": \"Info\",\r\n          \"displayStatus\": \"Provisioning
        succeeded\",\r\n          \"time\": \"2022-01-26T12:42:12.7302897+00:00\"\r\n
        \       },\r\n        {\r\n          \"code\": \"PowerState/running\",\r\n
        \         \"level\": \"Info\",\r\n          \"displayStatus\": \"VM running\"\r\n
        \       }\r\n      ]\r\n    }\r\n  }\r\n}"
    headers:
      cache-control:
      - no-cache
      content-length:
      - '2927'
      content-type:
      - application/json; charset=utf-8
      date:
      - Wed, 26 Jan 2022 12:42:45 GMT
      expires:
      - '-1'
      pragma:
      - no-cache
      server:
      - Microsoft-HTTPAPI/2.0
      - Microsoft-HTTPAPI/2.0
      strict-transport-security:
      - max-age=31536000; includeSubDomains
      transfer-encoding:
      - chunked
      vary:
      - Accept-Encoding
      x-content-type-options:
      - nosniff
      x-ms-ratelimit-remaining-resource:
      - Microsoft.Compute/LowCostGet3Min;3964,Microsoft.Compute/LowCostGet30Min;31797
    status:
      code: 200
      message: OK
- request:
    body: null
    headers:
      Accept:
      - application/json, text/json
      Accept-Encoding:
      - gzip, deflate
      CommandName:
      - vm create
      Connection:
      - keep-alive
      ParameterSetName:
      - -g --location -n --admin-username --image --admin-password --authentication-type
      User-Agent:
      - AZURECLI/2.32.0 azsdk-python-azure-mgmt-network/19.3.0 Python/3.9.5 (Windows-10-10.0.19044-SP0)
    method: GET
    uri: https://management.azure.com/subscriptions/00000000-0000-0000-0000-000000000000/resourceGroups/cli-test-disk000001/providers/Microsoft.Network/networkInterfaces/vm-diskattach-testVMNic?api-version=2017-10-01
  response:
    body:
      string: "{\r\n  \"name\": \"vm-diskattach-testVMNic\",\r\n  \"id\": \"/subscriptions/00000000-0000-0000-0000-000000000000/resourceGroups/cli-test-disk000001/providers/Microsoft.Network/networkInterfaces/vm-diskattach-testVMNic\",\r\n
        \ \"etag\": \"W/\\\"6f2ab2f0-d569-4951-853a-ee656f51627c\\\"\",\r\n  \"location\":
        \"westus\",\r\n  \"tags\": {},\r\n  \"properties\": {\r\n    \"provisioningState\":
        \"Succeeded\",\r\n    \"resourceGuid\": \"7244c685-ce38-4e2d-8ee3-18df6f33945b\",\r\n
        \   \"ipConfigurations\": [\r\n      {\r\n        \"name\": \"ipconfigvm-diskattach-test\",\r\n
        \       \"id\": \"/subscriptions/00000000-0000-0000-0000-000000000000/resourceGroups/cli-test-disk000001/providers/Microsoft.Network/networkInterfaces/vm-diskattach-testVMNic/ipConfigurations/ipconfigvm-diskattach-test\",\r\n
        \       \"etag\": \"W/\\\"6f2ab2f0-d569-4951-853a-ee656f51627c\\\"\",\r\n
        \       \"type\": \"Microsoft.Network/networkInterfaces/ipConfigurations\",\r\n
        \       \"properties\": {\r\n          \"provisioningState\": \"Succeeded\",\r\n
        \         \"privateIPAddress\": \"10.0.0.4\",\r\n          \"privateIPAllocationMethod\":
        \"Dynamic\",\r\n          \"publicIPAddress\": {\r\n            \"id\": \"/subscriptions/00000000-0000-0000-0000-000000000000/resourceGroups/cli-test-disk000001/providers/Microsoft.Network/publicIPAddresses/vm-diskattach-testPublicIP\"\r\n
        \         },\r\n          \"subnet\": {\r\n            \"id\": \"/subscriptions/00000000-0000-0000-0000-000000000000/resourceGroups/cli-test-disk000001/providers/Microsoft.Network/virtualNetworks/vm-diskattach-testVNET/subnets/vm-diskattach-testSubnet\"\r\n
        \         },\r\n          \"primary\": true,\r\n          \"privateIPAddressVersion\":
        \"IPv4\"\r\n        }\r\n      }\r\n    ],\r\n    \"dnsSettings\": {\r\n      \"dnsServers\":
        [],\r\n      \"appliedDnsServers\": [],\r\n      \"internalDomainNameSuffix\":
        \"2ckqcbnv3hpufkz4ai2gsq2rbg.dx.internal.cloudapp.net\"\r\n    },\r\n    \"macAddress\":
        \"00-0D-3A-31-02-B5\",\r\n    \"enableAcceleratedNetworking\": false,\r\n
        \   \"enableIPForwarding\": false,\r\n    \"networkSecurityGroup\": {\r\n
        \     \"id\": \"/subscriptions/00000000-0000-0000-0000-000000000000/resourceGroups/cli-test-disk000001/providers/Microsoft.Network/networkSecurityGroups/vm-diskattach-testNSG\"\r\n
        \   },\r\n    \"primary\": true,\r\n    \"virtualMachine\": {\r\n      \"id\":
        \"/subscriptions/00000000-0000-0000-0000-000000000000/resourceGroups/cli-test-disk000001/providers/Microsoft.Compute/virtualMachines/vm-diskattach-test\"\r\n
        \   }\r\n  },\r\n  \"type\": \"Microsoft.Network/networkInterfaces\"\r\n}"
    headers:
      cache-control:
      - no-cache
      content-length:
      - '2382'
      content-type:
      - application/json; charset=utf-8
      date:
      - Wed, 26 Jan 2022 12:42:46 GMT
      etag:
      - W/"6f2ab2f0-d569-4951-853a-ee656f51627c"
      expires:
      - '-1'
      pragma:
      - no-cache
      server:
      - Microsoft-HTTPAPI/2.0
      - Microsoft-HTTPAPI/2.0
      strict-transport-security:
      - max-age=31536000; includeSubDomains
      transfer-encoding:
      - chunked
      vary:
      - Accept-Encoding
      x-content-type-options:
      - nosniff
      x-ms-arm-service-request-id:
      - 06366e80-b0c0-48fa-af30-26bcf9f4451d
    status:
      code: 200
      message: OK
- request:
    body: null
    headers:
      Accept:
      - application/json, text/json
      Accept-Encoding:
      - gzip, deflate
      CommandName:
      - vm create
      Connection:
      - keep-alive
      ParameterSetName:
      - -g --location -n --admin-username --image --admin-password --authentication-type
      User-Agent:
      - AZURECLI/2.32.0 azsdk-python-azure-mgmt-network/19.3.0 Python/3.9.5 (Windows-10-10.0.19044-SP0)
    method: GET
    uri: https://management.azure.com/subscriptions/00000000-0000-0000-0000-000000000000/resourceGroups/cli-test-disk000001/providers/Microsoft.Network/publicIPAddresses/vm-diskattach-testPublicIP?api-version=2017-10-01
  response:
    body:
      string: "{\r\n  \"name\": \"vm-diskattach-testPublicIP\",\r\n  \"id\": \"/subscriptions/00000000-0000-0000-0000-000000000000/resourceGroups/cli-test-disk000001/providers/Microsoft.Network/publicIPAddresses/vm-diskattach-testPublicIP\",\r\n
        \ \"etag\": \"W/\\\"0bd9a53a-03f1-4da1-be75-7e0fa528b0b7\\\"\",\r\n  \"location\":
        \"westus\",\r\n  \"tags\": {},\r\n  \"properties\": {\r\n    \"provisioningState\":
        \"Succeeded\",\r\n    \"resourceGuid\": \"e295cd87-2de6-4ce6-80a6-3843c691a429\",\r\n
        \   \"ipAddress\": \"40.78.29.239\",\r\n    \"publicIPAddressVersion\": \"IPv4\",\r\n
        \   \"publicIPAllocationMethod\": \"Dynamic\",\r\n    \"idleTimeoutInMinutes\":
        4,\r\n    \"ipTags\": [],\r\n    \"ipConfiguration\": {\r\n      \"id\": \"/subscriptions/00000000-0000-0000-0000-000000000000/resourceGroups/cli-test-disk000001/providers/Microsoft.Network/networkInterfaces/vm-diskattach-testVMNic/ipConfigurations/ipconfigvm-diskattach-test\"\r\n
        \   }\r\n  },\r\n  \"type\": \"Microsoft.Network/publicIPAddresses\",\r\n
        \ \"sku\": {\r\n    \"name\": \"Basic\"\r\n  }\r\n}"
    headers:
      cache-control:
      - no-cache
      content-length:
      - '944'
      content-type:
      - application/json; charset=utf-8
      date:
      - Wed, 26 Jan 2022 12:42:47 GMT
      etag:
      - W/"0bd9a53a-03f1-4da1-be75-7e0fa528b0b7"
      expires:
      - '-1'
      pragma:
      - no-cache
      server:
      - Microsoft-HTTPAPI/2.0
      - Microsoft-HTTPAPI/2.0
      strict-transport-security:
      - max-age=31536000; includeSubDomains
      transfer-encoding:
      - chunked
      vary:
      - Accept-Encoding
      x-content-type-options:
      - nosniff
      x-ms-arm-service-request-id:
      - 502dbe00-9903-41ac-8395-f8331867903d
    status:
      code: 200
      message: OK
- request:
    body: null
    headers:
      Accept:
      - application/json
      Accept-Encoding:
      - gzip, deflate
      CommandName:
      - vm disk attach
      Connection:
      - keep-alive
      ParameterSetName:
      - -g --vm-name --name --new --size-gb --caching
      User-Agent:
      - AZURECLI/2.32.0 azsdk-python-azure-mgmt-compute/23.1.0 Python/3.9.5 (Windows-10-10.0.19044-SP0)
    method: GET
    uri: https://management.azure.com/subscriptions/00000000-0000-0000-0000-000000000000/resourceGroups/cli-test-disk000001/providers/Microsoft.Compute/virtualMachines/vm-diskattach-test?$expand=instanceView&api-version=2017-12-01
  response:
    body:
      string: "{\r\n  \"name\": \"vm-diskattach-test\",\r\n  \"id\": \"/subscriptions/00000000-0000-0000-0000-000000000000/resourceGroups/cli-test-disk000001/providers/Microsoft.Compute/virtualMachines/vm-diskattach-test\",\r\n
        \ \"type\": \"Microsoft.Compute/virtualMachines\",\r\n  \"location\": \"westus\",\r\n
        \ \"tags\": {},\r\n  \"properties\": {\r\n    \"vmId\": \"961306a9-8f9e-4251-8792-b82b6dca244e\",\r\n
        \   \"hardwareProfile\": {\r\n      \"vmSize\": \"Standard_DS1_v2\"\r\n    },\r\n
        \   \"storageProfile\": {\r\n      \"imageReference\": {\r\n        \"publisher\":
        \"OpenLogic\",\r\n        \"offer\": \"CentOS\",\r\n        \"sku\": \"7.5\",\r\n
        \       \"version\": \"latest\"\r\n      },\r\n      \"osDisk\": {\r\n        \"osType\":
        \"Linux\",\r\n        \"name\": \"vm-diskattach-test_OsDisk_1_ad5e870b7e20451dbf083a32d36facd8\",\r\n
        \       \"createOption\": \"FromImage\",\r\n        \"caching\": \"ReadWrite\",\r\n
        \       \"managedDisk\": {\r\n          \"storageAccountType\": \"Premium_LRS\",\r\n
        \         \"id\": \"/subscriptions/00000000-0000-0000-0000-000000000000/resourceGroups/cli-test-disk000001/providers/Microsoft.Compute/disks/vm-diskattach-test_OsDisk_1_ad5e870b7e20451dbf083a32d36facd8\"\r\n
        \       },\r\n        \"diskSizeGB\": 30\r\n      },\r\n      \"dataDisks\":
        []\r\n    },\r\n    \"osProfile\": {\r\n      \"computerName\": \"vm-diskattach-test\",\r\n
        \     \"adminUsername\": \"admin123\",\r\n      \"linuxConfiguration\": {\r\n
        \       \"disablePasswordAuthentication\": false\r\n      },\r\n      \"secrets\":
        []\r\n    },\r\n    \"networkProfile\": {\"networkInterfaces\":[{\"id\":\"/subscriptions/00000000-0000-0000-0000-000000000000/resourceGroups/cli-test-disk000001/providers/Microsoft.Network/networkInterfaces/vm-diskattach-testVMNic\"}]},\r\n
        \   \"provisioningState\": \"Succeeded\",\r\n    \"instanceView\": {\r\n      \"computerName\":
        \"vm-diskattach-test\",\r\n      \"osName\": \"centos\",\r\n      \"osVersion\":
        \"7.5.1804\",\r\n      \"vmAgent\": {\r\n        \"vmAgentVersion\": \"2.6.0.2\",\r\n
        \       \"statuses\": [\r\n          {\r\n            \"code\": \"ProvisioningState/succeeded\",\r\n
        \           \"level\": \"Info\",\r\n            \"displayStatus\": \"Ready\",\r\n
        \           \"message\": \"Guest Agent is running\",\r\n            \"time\":
        \"2022-01-26T12:42:15+00:00\"\r\n          }\r\n        ],\r\n        \"extensionHandlers\":
        []\r\n      },\r\n      \"disks\": [\r\n        {\r\n          \"name\": \"vm-diskattach-test_OsDisk_1_ad5e870b7e20451dbf083a32d36facd8\",\r\n
        \         \"statuses\": [\r\n            {\r\n              \"code\": \"ProvisioningState/succeeded\",\r\n
        \             \"level\": \"Info\",\r\n              \"displayStatus\": \"Provisioning
        succeeded\",\r\n              \"time\": \"2022-01-26T12:41:06.2143775+00:00\"\r\n
        \           }\r\n          ]\r\n        }\r\n      ],\r\n      \"statuses\":
        [\r\n        {\r\n          \"code\": \"ProvisioningState/succeeded\",\r\n
        \         \"level\": \"Info\",\r\n          \"displayStatus\": \"Provisioning
        succeeded\",\r\n          \"time\": \"2022-01-26T12:42:12.7302897+00:00\"\r\n
        \       },\r\n        {\r\n          \"code\": \"PowerState/running\",\r\n
        \         \"level\": \"Info\",\r\n          \"displayStatus\": \"VM running\"\r\n
        \       }\r\n      ]\r\n    }\r\n  }\r\n}"
    headers:
      cache-control:
      - no-cache
      content-length:
      - '2927'
      content-type:
      - application/json; charset=utf-8
      date:
      - Wed, 26 Jan 2022 12:42:47 GMT
      expires:
      - '-1'
      pragma:
      - no-cache
      server:
      - Microsoft-HTTPAPI/2.0
      - Microsoft-HTTPAPI/2.0
      strict-transport-security:
      - max-age=31536000; includeSubDomains
      transfer-encoding:
      - chunked
      vary:
      - Accept-Encoding
      x-content-type-options:
      - nosniff
      x-ms-ratelimit-remaining-resource:
      - Microsoft.Compute/LowCostGet3Min;3963,Microsoft.Compute/LowCostGet30Min;31796
    status:
      code: 200
      message: OK
- request:
    body: '{"location": "westus", "tags": {}, "properties": {"hardwareProfile": {"vmSize":
      "Standard_DS1_v2"}, "storageProfile": {"osDisk": {"osType": "Linux", "name":
      "vm-diskattach-test_OsDisk_1_ad5e870b7e20451dbf083a32d36facd8", "caching": "ReadWrite",
      "createOption": "FromImage", "diskSizeGB": 30, "managedDisk": {"id": "/subscriptions/00000000-0000-0000-0000-000000000000/resourceGroups/cli-test-disk000001/providers/Microsoft.Compute/disks/vm-diskattach-test_OsDisk_1_ad5e870b7e20451dbf083a32d36facd8",
      "storageAccountType": "Premium_LRS"}}, "dataDisks": [{"lun": 0, "name": "d1",
      "caching": "ReadOnly", "createOption": "Empty", "diskSizeGB": 1, "managedDisk":
      {}}]}, "osProfile": {"computerName": "vm-diskattach-test", "adminUsername":
      "admin123", "linuxConfiguration": {"disablePasswordAuthentication": false},
      "secrets": []}, "networkProfile": {"networkInterfaces": [{"id": "/subscriptions/00000000-0000-0000-0000-000000000000/resourceGroups/cli-test-disk000001/providers/Microsoft.Network/networkInterfaces/vm-diskattach-testVMNic"}]}}}'
    headers:
      Accept:
      - application/json
      Accept-Encoding:
      - gzip, deflate
      CommandName:
      - vm disk attach
      Connection:
      - keep-alive
      Content-Length:
      - '1036'
      Content-Type:
      - application/json
      ParameterSetName:
      - -g --vm-name --name --new --size-gb --caching
      User-Agent:
      - AZURECLI/2.32.0 azsdk-python-azure-mgmt-compute/23.1.0 Python/3.9.5 (Windows-10-10.0.19044-SP0)
    method: PUT
    uri: https://management.azure.com/subscriptions/00000000-0000-0000-0000-000000000000/resourceGroups/cli-test-disk000001/providers/Microsoft.Compute/virtualMachines/vm-diskattach-test?api-version=2017-12-01
  response:
    body:
      string: "{\r\n  \"name\": \"vm-diskattach-test\",\r\n  \"id\": \"/subscriptions/00000000-0000-0000-0000-000000000000/resourceGroups/cli-test-disk000001/providers/Microsoft.Compute/virtualMachines/vm-diskattach-test\",\r\n
        \ \"type\": \"Microsoft.Compute/virtualMachines\",\r\n  \"location\": \"westus\",\r\n
        \ \"tags\": {},\r\n  \"properties\": {\r\n    \"vmId\": \"961306a9-8f9e-4251-8792-b82b6dca244e\",\r\n
        \   \"hardwareProfile\": {\r\n      \"vmSize\": \"Standard_DS1_v2\"\r\n    },\r\n
        \   \"storageProfile\": {\r\n      \"imageReference\": {\r\n        \"publisher\":
        \"OpenLogic\",\r\n        \"offer\": \"CentOS\",\r\n        \"sku\": \"7.5\",\r\n
        \       \"version\": \"latest\"\r\n      },\r\n      \"osDisk\": {\r\n        \"osType\":
        \"Linux\",\r\n        \"name\": \"vm-diskattach-test_OsDisk_1_ad5e870b7e20451dbf083a32d36facd8\",\r\n
        \       \"createOption\": \"FromImage\",\r\n        \"caching\": \"ReadWrite\",\r\n
        \       \"managedDisk\": {\r\n          \"storageAccountType\": \"Premium_LRS\",\r\n
        \         \"id\": \"/subscriptions/00000000-0000-0000-0000-000000000000/resourceGroups/cli-test-disk000001/providers/Microsoft.Compute/disks/vm-diskattach-test_OsDisk_1_ad5e870b7e20451dbf083a32d36facd8\"\r\n
        \       },\r\n        \"diskSizeGB\": 30\r\n      },\r\n      \"dataDisks\":
        [\r\n        {\r\n          \"lun\": 0,\r\n          \"name\": \"d1\",\r\n
        \         \"createOption\": \"Empty\",\r\n          \"caching\": \"ReadOnly\",\r\n
        \         \"managedDisk\": {\r\n            \"storageAccountType\": \"Premium_LRS\"\r\n
        \         },\r\n          \"diskSizeGB\": 1\r\n        }\r\n      ]\r\n    },\r\n
        \   \"osProfile\": {\r\n      \"computerName\": \"vm-diskattach-test\",\r\n
        \     \"adminUsername\": \"admin123\",\r\n      \"linuxConfiguration\": {\r\n
        \       \"disablePasswordAuthentication\": false\r\n      },\r\n      \"secrets\":
        []\r\n    },\r\n    \"networkProfile\": {\"networkInterfaces\":[{\"id\":\"/subscriptions/00000000-0000-0000-0000-000000000000/resourceGroups/cli-test-disk000001/providers/Microsoft.Network/networkInterfaces/vm-diskattach-testVMNic\"}]},\r\n
        \   \"provisioningState\": \"Updating\"\r\n  }\r\n}"
    headers:
      azure-asyncnotification:
      - Enabled
      azure-asyncoperation:
      - https://management.azure.com/subscriptions/00000000-0000-0000-0000-000000000000/providers/Microsoft.Compute/locations/westus/operations/b09a12b3-55ff-43b8-8338-8e7dd23202e2?p=571046f6-b640-41c1-86f7-f9f044b5adf9&api-version=2017-12-01
      cache-control:
      - no-cache
      content-length:
      - '1897'
      content-type:
      - application/json; charset=utf-8
      date:
      - Wed, 26 Jan 2022 12:42:50 GMT
      expires:
      - '-1'
      pragma:
      - no-cache
      server:
      - Microsoft-HTTPAPI/2.0
      - Microsoft-HTTPAPI/2.0
      strict-transport-security:
      - max-age=31536000; includeSubDomains
      transfer-encoding:
      - chunked
      vary:
      - Accept-Encoding
      x-content-type-options:
      - nosniff
      x-ms-ratelimit-remaining-resource:
      - Microsoft.Compute/PutVM3Min;234,Microsoft.Compute/PutVM30Min;1170
      x-ms-ratelimit-remaining-subscription-writes:
      - '1194'
    status:
      code: 200
      message: OK
- request:
    body: null
    headers:
      Accept:
      - '*/*'
      Accept-Encoding:
      - gzip, deflate
      CommandName:
      - vm disk attach
      Connection:
      - keep-alive
      ParameterSetName:
      - -g --vm-name --name --new --size-gb --caching
      User-Agent:
      - AZURECLI/2.32.0 azsdk-python-azure-mgmt-compute/23.1.0 Python/3.9.5 (Windows-10-10.0.19044-SP0)
    method: GET
    uri: https://management.azure.com/subscriptions/00000000-0000-0000-0000-000000000000/providers/Microsoft.Compute/locations/westus/operations/b09a12b3-55ff-43b8-8338-8e7dd23202e2?p=571046f6-b640-41c1-86f7-f9f044b5adf9&api-version=2017-12-01
  response:
    body:
      string: "{\r\n  \"startTime\": \"2022-01-26T12:42:49.6055214+00:00\",\r\n  \"endTime\":
        \"2022-01-26T12:42:55.7305676+00:00\",\r\n  \"status\": \"Succeeded\",\r\n
        \ \"name\": \"b09a12b3-55ff-43b8-8338-8e7dd23202e2\"\r\n}"
    headers:
      cache-control:
      - no-cache
      content-length:
      - '184'
      content-type:
      - application/json; charset=utf-8
      date:
      - Wed, 26 Jan 2022 12:43:20 GMT
      expires:
      - '-1'
      pragma:
      - no-cache
      server:
      - Microsoft-HTTPAPI/2.0
      - Microsoft-HTTPAPI/2.0
      strict-transport-security:
      - max-age=31536000; includeSubDomains
      transfer-encoding:
      - chunked
      vary:
      - Accept-Encoding
      x-content-type-options:
      - nosniff
      x-ms-ratelimit-remaining-resource:
      - Microsoft.Compute/GetOperation3Min;14972,Microsoft.Compute/GetOperation30Min;29823
    status:
      code: 200
      message: OK
- request:
    body: null
    headers:
      Accept:
      - '*/*'
      Accept-Encoding:
      - gzip, deflate
      CommandName:
      - vm disk attach
      Connection:
      - keep-alive
      ParameterSetName:
      - -g --vm-name --name --new --size-gb --caching
      User-Agent:
      - AZURECLI/2.32.0 azsdk-python-azure-mgmt-compute/23.1.0 Python/3.9.5 (Windows-10-10.0.19044-SP0)
    method: GET
    uri: https://management.azure.com/subscriptions/00000000-0000-0000-0000-000000000000/resourceGroups/cli-test-disk000001/providers/Microsoft.Compute/virtualMachines/vm-diskattach-test?api-version=2017-12-01
  response:
    body:
      string: "{\r\n  \"name\": \"vm-diskattach-test\",\r\n  \"id\": \"/subscriptions/00000000-0000-0000-0000-000000000000/resourceGroups/cli-test-disk000001/providers/Microsoft.Compute/virtualMachines/vm-diskattach-test\",\r\n
        \ \"type\": \"Microsoft.Compute/virtualMachines\",\r\n  \"location\": \"westus\",\r\n
        \ \"tags\": {},\r\n  \"properties\": {\r\n    \"vmId\": \"961306a9-8f9e-4251-8792-b82b6dca244e\",\r\n
        \   \"hardwareProfile\": {\r\n      \"vmSize\": \"Standard_DS1_v2\"\r\n    },\r\n
        \   \"storageProfile\": {\r\n      \"imageReference\": {\r\n        \"publisher\":
        \"OpenLogic\",\r\n        \"offer\": \"CentOS\",\r\n        \"sku\": \"7.5\",\r\n
        \       \"version\": \"latest\"\r\n      },\r\n      \"osDisk\": {\r\n        \"osType\":
        \"Linux\",\r\n        \"name\": \"vm-diskattach-test_OsDisk_1_ad5e870b7e20451dbf083a32d36facd8\",\r\n
        \       \"createOption\": \"FromImage\",\r\n        \"caching\": \"ReadWrite\",\r\n
        \       \"managedDisk\": {\r\n          \"storageAccountType\": \"Premium_LRS\",\r\n
        \         \"id\": \"/subscriptions/00000000-0000-0000-0000-000000000000/resourceGroups/cli-test-disk000001/providers/Microsoft.Compute/disks/vm-diskattach-test_OsDisk_1_ad5e870b7e20451dbf083a32d36facd8\"\r\n
        \       },\r\n        \"diskSizeGB\": 30\r\n      },\r\n      \"dataDisks\":
        [\r\n        {\r\n          \"lun\": 0,\r\n          \"name\": \"d1\",\r\n
        \         \"createOption\": \"Empty\",\r\n          \"caching\": \"ReadOnly\",\r\n
        \         \"managedDisk\": {\r\n            \"storageAccountType\": \"Premium_LRS\",\r\n
        \           \"id\": \"/subscriptions/00000000-0000-0000-0000-000000000000/resourceGroups/cli-test-disk000001/providers/Microsoft.Compute/disks/d1\"\r\n
        \         },\r\n          \"diskSizeGB\": 1\r\n        }\r\n      ]\r\n    },\r\n
        \   \"osProfile\": {\r\n      \"computerName\": \"vm-diskattach-test\",\r\n
        \     \"adminUsername\": \"admin123\",\r\n      \"linuxConfiguration\": {\r\n
        \       \"disablePasswordAuthentication\": false\r\n      },\r\n      \"secrets\":
        []\r\n    },\r\n    \"networkProfile\": {\"networkInterfaces\":[{\"id\":\"/subscriptions/00000000-0000-0000-0000-000000000000/resourceGroups/cli-test-disk000001/providers/Microsoft.Network/networkInterfaces/vm-diskattach-testVMNic\"}]},\r\n
        \   \"provisioningState\": \"Succeeded\"\r\n  }\r\n}"
    headers:
      cache-control:
      - no-cache
      content-length:
      - '2044'
      content-type:
      - application/json; charset=utf-8
      date:
      - Wed, 26 Jan 2022 12:43:20 GMT
      expires:
      - '-1'
      pragma:
      - no-cache
      server:
      - Microsoft-HTTPAPI/2.0
      - Microsoft-HTTPAPI/2.0
      strict-transport-security:
      - max-age=31536000; includeSubDomains
      transfer-encoding:
      - chunked
      vary:
      - Accept-Encoding
      x-content-type-options:
      - nosniff
      x-ms-ratelimit-remaining-resource:
      - Microsoft.Compute/LowCostGet3Min;3962,Microsoft.Compute/LowCostGet30Min;31789
    status:
      code: 200
      message: OK
- request:
    body: null
    headers:
      Accept:
      - application/json
      Accept-Encoding:
      - gzip, deflate
      CommandName:
      - vm disk attach
      Connection:
      - keep-alive
      ParameterSetName:
      - -g --vm-name --name --new --size-gb --lun --sku
      User-Agent:
      - AZURECLI/2.32.0 azsdk-python-azure-mgmt-compute/23.1.0 Python/3.9.5 (Windows-10-10.0.19044-SP0)
    method: GET
    uri: https://management.azure.com/subscriptions/00000000-0000-0000-0000-000000000000/resourceGroups/cli-test-disk000001/providers/Microsoft.Compute/virtualMachines/vm-diskattach-test?$expand=instanceView&api-version=2017-12-01
  response:
    body:
      string: "{\r\n  \"name\": \"vm-diskattach-test\",\r\n  \"id\": \"/subscriptions/00000000-0000-0000-0000-000000000000/resourceGroups/cli-test-disk000001/providers/Microsoft.Compute/virtualMachines/vm-diskattach-test\",\r\n
        \ \"type\": \"Microsoft.Compute/virtualMachines\",\r\n  \"location\": \"westus\",\r\n
        \ \"tags\": {},\r\n  \"properties\": {\r\n    \"vmId\": \"961306a9-8f9e-4251-8792-b82b6dca244e\",\r\n
        \   \"hardwareProfile\": {\r\n      \"vmSize\": \"Standard_DS1_v2\"\r\n    },\r\n
        \   \"storageProfile\": {\r\n      \"imageReference\": {\r\n        \"publisher\":
        \"OpenLogic\",\r\n        \"offer\": \"CentOS\",\r\n        \"sku\": \"7.5\",\r\n
        \       \"version\": \"latest\"\r\n      },\r\n      \"osDisk\": {\r\n        \"osType\":
        \"Linux\",\r\n        \"name\": \"vm-diskattach-test_OsDisk_1_ad5e870b7e20451dbf083a32d36facd8\",\r\n
        \       \"createOption\": \"FromImage\",\r\n        \"caching\": \"ReadWrite\",\r\n
        \       \"managedDisk\": {\r\n          \"storageAccountType\": \"Premium_LRS\",\r\n
        \         \"id\": \"/subscriptions/00000000-0000-0000-0000-000000000000/resourceGroups/cli-test-disk000001/providers/Microsoft.Compute/disks/vm-diskattach-test_OsDisk_1_ad5e870b7e20451dbf083a32d36facd8\"\r\n
        \       },\r\n        \"diskSizeGB\": 30\r\n      },\r\n      \"dataDisks\":
        [\r\n        {\r\n          \"lun\": 0,\r\n          \"name\": \"d1\",\r\n
        \         \"createOption\": \"Empty\",\r\n          \"caching\": \"ReadOnly\",\r\n
        \         \"managedDisk\": {\r\n            \"storageAccountType\": \"Premium_LRS\",\r\n
        \           \"id\": \"/subscriptions/00000000-0000-0000-0000-000000000000/resourceGroups/cli-test-disk000001/providers/Microsoft.Compute/disks/d1\"\r\n
        \         },\r\n          \"diskSizeGB\": 1\r\n        }\r\n      ]\r\n    },\r\n
        \   \"osProfile\": {\r\n      \"computerName\": \"vm-diskattach-test\",\r\n
        \     \"adminUsername\": \"admin123\",\r\n      \"linuxConfiguration\": {\r\n
        \       \"disablePasswordAuthentication\": false\r\n      },\r\n      \"secrets\":
        []\r\n    },\r\n    \"networkProfile\": {\"networkInterfaces\":[{\"id\":\"/subscriptions/00000000-0000-0000-0000-000000000000/resourceGroups/cli-test-disk000001/providers/Microsoft.Network/networkInterfaces/vm-diskattach-testVMNic\"}]},\r\n
        \   \"provisioningState\": \"Succeeded\",\r\n    \"instanceView\": {\r\n      \"computerName\":
        \"vm-diskattach-test\",\r\n      \"osName\": \"centos\",\r\n      \"osVersion\":
        \"7.5.1804\",\r\n      \"vmAgent\": {\r\n        \"vmAgentVersion\": \"2.6.0.2\",\r\n
        \       \"statuses\": [\r\n          {\r\n            \"code\": \"ProvisioningState/succeeded\",\r\n
        \           \"level\": \"Info\",\r\n            \"displayStatus\": \"Ready\",\r\n
        \           \"message\": \"Guest Agent is running\",\r\n            \"time\":
        \"2022-01-26T12:42:57+00:00\"\r\n          }\r\n        ],\r\n        \"extensionHandlers\":
        []\r\n      },\r\n      \"disks\": [\r\n        {\r\n          \"name\": \"vm-diskattach-test_OsDisk_1_ad5e870b7e20451dbf083a32d36facd8\",\r\n
        \         \"statuses\": [\r\n            {\r\n              \"code\": \"ProvisioningState/succeeded\",\r\n
        \             \"level\": \"Info\",\r\n              \"displayStatus\": \"Provisioning
        succeeded\",\r\n              \"time\": \"2022-01-26T12:41:06.2143775+00:00\"\r\n
        \           }\r\n          ]\r\n        },\r\n        {\r\n          \"name\":
        \"d1\",\r\n          \"statuses\": [\r\n            {\r\n              \"code\":
        \"ProvisioningState/succeeded\",\r\n              \"level\": \"Info\",\r\n
        \             \"displayStatus\": \"Provisioning succeeded\",\r\n              \"time\":
        \"2022-01-26T12:42:50.4648707+00:00\"\r\n            }\r\n          ]\r\n
        \       }\r\n      ],\r\n      \"statuses\": [\r\n        {\r\n          \"code\":
        \"ProvisioningState/succeeded\",\r\n          \"level\": \"Info\",\r\n          \"displayStatus\":
        \"Provisioning succeeded\",\r\n          \"time\": \"2022-01-26T12:42:55.714924+00:00\"\r\n
        \       },\r\n        {\r\n          \"code\": \"PowerState/running\",\r\n
        \         \"level\": \"Info\",\r\n          \"displayStatus\": \"VM running\"\r\n
        \       }\r\n      ]\r\n    }\r\n  }\r\n}"
    headers:
      cache-control:
      - no-cache
      content-length:
      - '3655'
      content-type:
      - application/json; charset=utf-8
      date:
      - Wed, 26 Jan 2022 12:43:21 GMT
      expires:
      - '-1'
      pragma:
      - no-cache
      server:
      - Microsoft-HTTPAPI/2.0
      - Microsoft-HTTPAPI/2.0
      strict-transport-security:
      - max-age=31536000; includeSubDomains
      transfer-encoding:
      - chunked
      vary:
      - Accept-Encoding
      x-content-type-options:
      - nosniff
      x-ms-ratelimit-remaining-resource:
      - Microsoft.Compute/LowCostGet3Min;3961,Microsoft.Compute/LowCostGet30Min;31788
    status:
      code: 200
      message: OK
- request:
    body: '{"location": "westus", "tags": {}, "properties": {"hardwareProfile": {"vmSize":
      "Standard_DS1_v2"}, "storageProfile": {"osDisk": {"osType": "Linux", "name":
      "vm-diskattach-test_OsDisk_1_ad5e870b7e20451dbf083a32d36facd8", "caching": "ReadWrite",
      "createOption": "FromImage", "diskSizeGB": 30, "managedDisk": {"id": "/subscriptions/00000000-0000-0000-0000-000000000000/resourceGroups/cli-test-disk000001/providers/Microsoft.Compute/disks/vm-diskattach-test_OsDisk_1_ad5e870b7e20451dbf083a32d36facd8",
      "storageAccountType": "Premium_LRS"}}, "dataDisks": [{"lun": 0, "name": "d1",
      "caching": "ReadOnly", "createOption": "Empty", "diskSizeGB": 1, "managedDisk":
      {"id": "/subscriptions/00000000-0000-0000-0000-000000000000/resourceGroups/cli-test-disk000001/providers/Microsoft.Compute/disks/d1",
      "storageAccountType": "Premium_LRS"}}, {"lun": 2, "name": "d2", "createOption":
      "Empty", "diskSizeGB": 2, "managedDisk": {"storageAccountType": "Standard_LRS"}}]},
      "osProfile": {"computerName": "vm-diskattach-test", "adminUsername": "admin123",
      "linuxConfiguration": {"disablePasswordAuthentication": false}, "secrets": []},
      "networkProfile": {"networkInterfaces": [{"id": "/subscriptions/00000000-0000-0000-0000-000000000000/resourceGroups/cli-test-disk000001/providers/Microsoft.Network/networkInterfaces/vm-diskattach-testVMNic"}]}}}'
    headers:
      Accept:
      - application/json
      Accept-Encoding:
      - gzip, deflate
      CommandName:
      - vm disk attach
      Connection:
      - keep-alive
      Content-Length:
      - '1327'
      Content-Type:
      - application/json
      ParameterSetName:
      - -g --vm-name --name --new --size-gb --lun --sku
      User-Agent:
      - AZURECLI/2.32.0 azsdk-python-azure-mgmt-compute/23.1.0 Python/3.9.5 (Windows-10-10.0.19044-SP0)
    method: PUT
    uri: https://management.azure.com/subscriptions/00000000-0000-0000-0000-000000000000/resourceGroups/cli-test-disk000001/providers/Microsoft.Compute/virtualMachines/vm-diskattach-test?api-version=2017-12-01
  response:
    body:
      string: "{\r\n  \"name\": \"vm-diskattach-test\",\r\n  \"id\": \"/subscriptions/00000000-0000-0000-0000-000000000000/resourceGroups/cli-test-disk000001/providers/Microsoft.Compute/virtualMachines/vm-diskattach-test\",\r\n
        \ \"type\": \"Microsoft.Compute/virtualMachines\",\r\n  \"location\": \"westus\",\r\n
        \ \"tags\": {},\r\n  \"properties\": {\r\n    \"vmId\": \"961306a9-8f9e-4251-8792-b82b6dca244e\",\r\n
        \   \"hardwareProfile\": {\r\n      \"vmSize\": \"Standard_DS1_v2\"\r\n    },\r\n
        \   \"storageProfile\": {\r\n      \"imageReference\": {\r\n        \"publisher\":
        \"OpenLogic\",\r\n        \"offer\": \"CentOS\",\r\n        \"sku\": \"7.5\",\r\n
        \       \"version\": \"latest\"\r\n      },\r\n      \"osDisk\": {\r\n        \"osType\":
        \"Linux\",\r\n        \"name\": \"vm-diskattach-test_OsDisk_1_ad5e870b7e20451dbf083a32d36facd8\",\r\n
        \       \"createOption\": \"FromImage\",\r\n        \"caching\": \"ReadWrite\",\r\n
        \       \"managedDisk\": {\r\n          \"storageAccountType\": \"Premium_LRS\",\r\n
        \         \"id\": \"/subscriptions/00000000-0000-0000-0000-000000000000/resourceGroups/cli-test-disk000001/providers/Microsoft.Compute/disks/vm-diskattach-test_OsDisk_1_ad5e870b7e20451dbf083a32d36facd8\"\r\n
        \       },\r\n        \"diskSizeGB\": 30\r\n      },\r\n      \"dataDisks\":
        [\r\n        {\r\n          \"lun\": 0,\r\n          \"name\": \"d1\",\r\n
        \         \"createOption\": \"Empty\",\r\n          \"caching\": \"ReadOnly\",\r\n
        \         \"managedDisk\": {\r\n            \"storageAccountType\": \"Premium_LRS\",\r\n
        \           \"id\": \"/subscriptions/00000000-0000-0000-0000-000000000000/resourceGroups/cli-test-disk000001/providers/Microsoft.Compute/disks/d1\"\r\n
        \         },\r\n          \"diskSizeGB\": 1\r\n        },\r\n        {\r\n
        \         \"lun\": 2,\r\n          \"name\": \"d2\",\r\n          \"createOption\":
        \"Empty\",\r\n          \"caching\": \"None\",\r\n          \"managedDisk\":
        {\r\n            \"storageAccountType\": \"Standard_LRS\"\r\n          },\r\n
        \         \"diskSizeGB\": 2\r\n        }\r\n      ]\r\n    },\r\n    \"osProfile\":
        {\r\n      \"computerName\": \"vm-diskattach-test\",\r\n      \"adminUsername\":
        \"admin123\",\r\n      \"linuxConfiguration\": {\r\n        \"disablePasswordAuthentication\":
        false\r\n      },\r\n      \"secrets\": []\r\n    },\r\n    \"networkProfile\":
        {\"networkInterfaces\":[{\"id\":\"/subscriptions/00000000-0000-0000-0000-000000000000/resourceGroups/cli-test-disk000001/providers/Microsoft.Network/networkInterfaces/vm-diskattach-testVMNic\"}]},\r\n
        \   \"provisioningState\": \"Updating\"\r\n  }\r\n}"
    headers:
      azure-asyncnotification:
      - Enabled
      azure-asyncoperation:
      - https://management.azure.com/subscriptions/00000000-0000-0000-0000-000000000000/providers/Microsoft.Compute/locations/westus/operations/72f06765-8efc-43b5-840e-d0bd5821a3e7?p=571046f6-b640-41c1-86f7-f9f044b5adf9&api-version=2017-12-01
      cache-control:
      - no-cache
      content-length:
      - '2297'
      content-type:
      - application/json; charset=utf-8
      date:
      - Wed, 26 Jan 2022 12:43:26 GMT
      expires:
      - '-1'
      pragma:
      - no-cache
      server:
      - Microsoft-HTTPAPI/2.0
      - Microsoft-HTTPAPI/2.0
      strict-transport-security:
      - max-age=31536000; includeSubDomains
      transfer-encoding:
      - chunked
      vary:
      - Accept-Encoding
      x-content-type-options:
      - nosniff
      x-ms-ratelimit-remaining-resource:
      - Microsoft.Compute/PutVM3Min;234,Microsoft.Compute/PutVM30Min;1169
      x-ms-ratelimit-remaining-subscription-writes:
      - '1197'
    status:
      code: 200
      message: OK
- request:
    body: null
    headers:
      Accept:
      - '*/*'
      Accept-Encoding:
      - gzip, deflate
      CommandName:
      - vm disk attach
      Connection:
      - keep-alive
      ParameterSetName:
      - -g --vm-name --name --new --size-gb --lun --sku
      User-Agent:
      - AZURECLI/2.32.0 azsdk-python-azure-mgmt-compute/23.1.0 Python/3.9.5 (Windows-10-10.0.19044-SP0)
    method: GET
    uri: https://management.azure.com/subscriptions/00000000-0000-0000-0000-000000000000/providers/Microsoft.Compute/locations/westus/operations/72f06765-8efc-43b5-840e-d0bd5821a3e7?p=571046f6-b640-41c1-86f7-f9f044b5adf9&api-version=2017-12-01
  response:
    body:
      string: "{\r\n  \"startTime\": \"2022-01-26T12:43:24.0900723+00:00\",\r\n  \"endTime\":
        \"2022-01-26T12:43:32.2619746+00:00\",\r\n  \"status\": \"Succeeded\",\r\n
        \ \"name\": \"72f06765-8efc-43b5-840e-d0bd5821a3e7\"\r\n}"
    headers:
      cache-control:
      - no-cache
      content-length:
      - '184'
      content-type:
      - application/json; charset=utf-8
      date:
      - Wed, 26 Jan 2022 12:43:56 GMT
      expires:
      - '-1'
      pragma:
      - no-cache
      server:
      - Microsoft-HTTPAPI/2.0
      - Microsoft-HTTPAPI/2.0
      strict-transport-security:
      - max-age=31536000; includeSubDomains
      transfer-encoding:
      - chunked
      vary:
      - Accept-Encoding
      x-content-type-options:
      - nosniff
      x-ms-ratelimit-remaining-resource:
      - Microsoft.Compute/GetOperation3Min;14973,Microsoft.Compute/GetOperation30Min;29821
    status:
      code: 200
      message: OK
- request:
    body: null
    headers:
      Accept:
      - '*/*'
      Accept-Encoding:
      - gzip, deflate
      CommandName:
      - vm disk attach
      Connection:
      - keep-alive
      ParameterSetName:
      - -g --vm-name --name --new --size-gb --lun --sku
      User-Agent:
      - AZURECLI/2.32.0 azsdk-python-azure-mgmt-compute/23.1.0 Python/3.9.5 (Windows-10-10.0.19044-SP0)
    method: GET
    uri: https://management.azure.com/subscriptions/00000000-0000-0000-0000-000000000000/resourceGroups/cli-test-disk000001/providers/Microsoft.Compute/virtualMachines/vm-diskattach-test?api-version=2017-12-01
  response:
    body:
      string: "{\r\n  \"name\": \"vm-diskattach-test\",\r\n  \"id\": \"/subscriptions/00000000-0000-0000-0000-000000000000/resourceGroups/cli-test-disk000001/providers/Microsoft.Compute/virtualMachines/vm-diskattach-test\",\r\n
        \ \"type\": \"Microsoft.Compute/virtualMachines\",\r\n  \"location\": \"westus\",\r\n
        \ \"tags\": {},\r\n  \"properties\": {\r\n    \"vmId\": \"961306a9-8f9e-4251-8792-b82b6dca244e\",\r\n
        \   \"hardwareProfile\": {\r\n      \"vmSize\": \"Standard_DS1_v2\"\r\n    },\r\n
        \   \"storageProfile\": {\r\n      \"imageReference\": {\r\n        \"publisher\":
        \"OpenLogic\",\r\n        \"offer\": \"CentOS\",\r\n        \"sku\": \"7.5\",\r\n
        \       \"version\": \"latest\"\r\n      },\r\n      \"osDisk\": {\r\n        \"osType\":
        \"Linux\",\r\n        \"name\": \"vm-diskattach-test_OsDisk_1_ad5e870b7e20451dbf083a32d36facd8\",\r\n
        \       \"createOption\": \"FromImage\",\r\n        \"caching\": \"ReadWrite\",\r\n
        \       \"managedDisk\": {\r\n          \"storageAccountType\": \"Premium_LRS\",\r\n
        \         \"id\": \"/subscriptions/00000000-0000-0000-0000-000000000000/resourceGroups/cli-test-disk000001/providers/Microsoft.Compute/disks/vm-diskattach-test_OsDisk_1_ad5e870b7e20451dbf083a32d36facd8\"\r\n
        \       },\r\n        \"diskSizeGB\": 30\r\n      },\r\n      \"dataDisks\":
        [\r\n        {\r\n          \"lun\": 0,\r\n          \"name\": \"d1\",\r\n
        \         \"createOption\": \"Empty\",\r\n          \"caching\": \"ReadOnly\",\r\n
        \         \"managedDisk\": {\r\n            \"storageAccountType\": \"Premium_LRS\",\r\n
        \           \"id\": \"/subscriptions/00000000-0000-0000-0000-000000000000/resourceGroups/cli-test-disk000001/providers/Microsoft.Compute/disks/d1\"\r\n
        \         },\r\n          \"diskSizeGB\": 1\r\n        },\r\n        {\r\n
        \         \"lun\": 2,\r\n          \"name\": \"d2\",\r\n          \"createOption\":
        \"Empty\",\r\n          \"caching\": \"None\",\r\n          \"managedDisk\":
        {\r\n            \"storageAccountType\": \"Standard_LRS\",\r\n            \"id\":
        \"/subscriptions/00000000-0000-0000-0000-000000000000/resourceGroups/cli-test-disk000001/providers/Microsoft.Compute/disks/d2\"\r\n
        \         },\r\n          \"diskSizeGB\": 2\r\n        }\r\n      ]\r\n    },\r\n
        \   \"osProfile\": {\r\n      \"computerName\": \"vm-diskattach-test\",\r\n
        \     \"adminUsername\": \"admin123\",\r\n      \"linuxConfiguration\": {\r\n
        \       \"disablePasswordAuthentication\": false\r\n      },\r\n      \"secrets\":
        []\r\n    },\r\n    \"networkProfile\": {\"networkInterfaces\":[{\"id\":\"/subscriptions/00000000-0000-0000-0000-000000000000/resourceGroups/cli-test-disk000001/providers/Microsoft.Network/networkInterfaces/vm-diskattach-testVMNic\"}]},\r\n
        \   \"provisioningState\": \"Succeeded\"\r\n  }\r\n}"
    headers:
      cache-control:
      - no-cache
      content-length:
      - '2444'
      content-type:
      - application/json; charset=utf-8
      date:
      - Wed, 26 Jan 2022 12:43:56 GMT
      expires:
      - '-1'
      pragma:
      - no-cache
      server:
      - Microsoft-HTTPAPI/2.0
      - Microsoft-HTTPAPI/2.0
      strict-transport-security:
      - max-age=31536000; includeSubDomains
      transfer-encoding:
      - chunked
      vary:
      - Accept-Encoding
      x-content-type-options:
      - nosniff
      x-ms-ratelimit-remaining-resource:
      - Microsoft.Compute/LowCostGet3Min;3960,Microsoft.Compute/LowCostGet30Min;31783
    status:
      code: 200
      message: OK
- request:
    body: null
    headers:
      Accept:
      - application/json
      Accept-Encoding:
      - gzip, deflate
      CommandName:
      - vm show
      Connection:
      - keep-alive
      ParameterSetName:
      - -g -n
      User-Agent:
      - AZURECLI/2.32.0 azsdk-python-azure-mgmt-compute/23.1.0 Python/3.9.5 (Windows-10-10.0.19044-SP0)
    method: GET
    uri: https://management.azure.com/subscriptions/00000000-0000-0000-0000-000000000000/resourceGroups/cli-test-disk000001/providers/Microsoft.Compute/virtualMachines/vm-diskattach-test?api-version=2017-12-01
  response:
    body:
      string: "{\r\n  \"name\": \"vm-diskattach-test\",\r\n  \"id\": \"/subscriptions/00000000-0000-0000-0000-000000000000/resourceGroups/cli-test-disk000001/providers/Microsoft.Compute/virtualMachines/vm-diskattach-test\",\r\n
        \ \"type\": \"Microsoft.Compute/virtualMachines\",\r\n  \"location\": \"westus\",\r\n
        \ \"tags\": {},\r\n  \"properties\": {\r\n    \"vmId\": \"961306a9-8f9e-4251-8792-b82b6dca244e\",\r\n
        \   \"hardwareProfile\": {\r\n      \"vmSize\": \"Standard_DS1_v2\"\r\n    },\r\n
        \   \"storageProfile\": {\r\n      \"imageReference\": {\r\n        \"publisher\":
        \"OpenLogic\",\r\n        \"offer\": \"CentOS\",\r\n        \"sku\": \"7.5\",\r\n
        \       \"version\": \"latest\"\r\n      },\r\n      \"osDisk\": {\r\n        \"osType\":
        \"Linux\",\r\n        \"name\": \"vm-diskattach-test_OsDisk_1_ad5e870b7e20451dbf083a32d36facd8\",\r\n
        \       \"createOption\": \"FromImage\",\r\n        \"caching\": \"ReadWrite\",\r\n
        \       \"managedDisk\": {\r\n          \"storageAccountType\": \"Premium_LRS\",\r\n
        \         \"id\": \"/subscriptions/00000000-0000-0000-0000-000000000000/resourceGroups/cli-test-disk000001/providers/Microsoft.Compute/disks/vm-diskattach-test_OsDisk_1_ad5e870b7e20451dbf083a32d36facd8\"\r\n
        \       },\r\n        \"diskSizeGB\": 30\r\n      },\r\n      \"dataDisks\":
        [\r\n        {\r\n          \"lun\": 0,\r\n          \"name\": \"d1\",\r\n
        \         \"createOption\": \"Empty\",\r\n          \"caching\": \"ReadOnly\",\r\n
        \         \"managedDisk\": {\r\n            \"storageAccountType\": \"Premium_LRS\",\r\n
        \           \"id\": \"/subscriptions/00000000-0000-0000-0000-000000000000/resourceGroups/cli-test-disk000001/providers/Microsoft.Compute/disks/d1\"\r\n
        \         },\r\n          \"diskSizeGB\": 1\r\n        },\r\n        {\r\n
        \         \"lun\": 2,\r\n          \"name\": \"d2\",\r\n          \"createOption\":
        \"Empty\",\r\n          \"caching\": \"None\",\r\n          \"managedDisk\":
        {\r\n            \"storageAccountType\": \"Standard_LRS\",\r\n            \"id\":
        \"/subscriptions/00000000-0000-0000-0000-000000000000/resourceGroups/cli-test-disk000001/providers/Microsoft.Compute/disks/d2\"\r\n
        \         },\r\n          \"diskSizeGB\": 2\r\n        }\r\n      ]\r\n    },\r\n
        \   \"osProfile\": {\r\n      \"computerName\": \"vm-diskattach-test\",\r\n
        \     \"adminUsername\": \"admin123\",\r\n      \"linuxConfiguration\": {\r\n
        \       \"disablePasswordAuthentication\": false\r\n      },\r\n      \"secrets\":
        []\r\n    },\r\n    \"networkProfile\": {\"networkInterfaces\":[{\"id\":\"/subscriptions/00000000-0000-0000-0000-000000000000/resourceGroups/cli-test-disk000001/providers/Microsoft.Network/networkInterfaces/vm-diskattach-testVMNic\"}]},\r\n
        \   \"provisioningState\": \"Succeeded\"\r\n  }\r\n}"
    headers:
      cache-control:
      - no-cache
      content-length:
      - '2444'
      content-type:
      - application/json; charset=utf-8
      date:
      - Wed, 26 Jan 2022 12:43:58 GMT
      expires:
      - '-1'
      pragma:
      - no-cache
      server:
      - Microsoft-HTTPAPI/2.0
      - Microsoft-HTTPAPI/2.0
      strict-transport-security:
      - max-age=31536000; includeSubDomains
      transfer-encoding:
      - chunked
      vary:
      - Accept-Encoding
      x-content-type-options:
      - nosniff
      x-ms-ratelimit-remaining-resource:
      - Microsoft.Compute/LowCostGet3Min;3959,Microsoft.Compute/LowCostGet30Min;31782
    status:
      code: 200
      message: OK
- request:
    body: null
    headers:
      Accept:
      - application/json
      Accept-Encoding:
      - gzip, deflate
      CommandName:
      - vm disk detach
      Connection:
      - keep-alive
      ParameterSetName:
      - -g --vm-name -n
      User-Agent:
      - AZURECLI/2.32.0 azsdk-python-azure-mgmt-compute/23.1.0 Python/3.9.5 (Windows-10-10.0.19044-SP0)
    method: GET
    uri: https://management.azure.com/subscriptions/00000000-0000-0000-0000-000000000000/resourceGroups/cli-test-disk000001/providers/Microsoft.Compute/virtualMachines/vm-diskattach-test?$expand=instanceView&api-version=2017-12-01
  response:
    body:
      string: "{\r\n  \"name\": \"vm-diskattach-test\",\r\n  \"id\": \"/subscriptions/00000000-0000-0000-0000-000000000000/resourceGroups/cli-test-disk000001/providers/Microsoft.Compute/virtualMachines/vm-diskattach-test\",\r\n
        \ \"type\": \"Microsoft.Compute/virtualMachines\",\r\n  \"location\": \"westus\",\r\n
        \ \"tags\": {},\r\n  \"properties\": {\r\n    \"vmId\": \"961306a9-8f9e-4251-8792-b82b6dca244e\",\r\n
        \   \"hardwareProfile\": {\r\n      \"vmSize\": \"Standard_DS1_v2\"\r\n    },\r\n
        \   \"storageProfile\": {\r\n      \"imageReference\": {\r\n        \"publisher\":
        \"OpenLogic\",\r\n        \"offer\": \"CentOS\",\r\n        \"sku\": \"7.5\",\r\n
        \       \"version\": \"latest\"\r\n      },\r\n      \"osDisk\": {\r\n        \"osType\":
        \"Linux\",\r\n        \"name\": \"vm-diskattach-test_OsDisk_1_ad5e870b7e20451dbf083a32d36facd8\",\r\n
        \       \"createOption\": \"FromImage\",\r\n        \"caching\": \"ReadWrite\",\r\n
        \       \"managedDisk\": {\r\n          \"storageAccountType\": \"Premium_LRS\",\r\n
        \         \"id\": \"/subscriptions/00000000-0000-0000-0000-000000000000/resourceGroups/cli-test-disk000001/providers/Microsoft.Compute/disks/vm-diskattach-test_OsDisk_1_ad5e870b7e20451dbf083a32d36facd8\"\r\n
        \       },\r\n        \"diskSizeGB\": 30\r\n      },\r\n      \"dataDisks\":
        [\r\n        {\r\n          \"lun\": 0,\r\n          \"name\": \"d1\",\r\n
        \         \"createOption\": \"Empty\",\r\n          \"caching\": \"ReadOnly\",\r\n
        \         \"managedDisk\": {\r\n            \"storageAccountType\": \"Premium_LRS\",\r\n
        \           \"id\": \"/subscriptions/00000000-0000-0000-0000-000000000000/resourceGroups/cli-test-disk000001/providers/Microsoft.Compute/disks/d1\"\r\n
        \         },\r\n          \"diskSizeGB\": 1\r\n        },\r\n        {\r\n
        \         \"lun\": 2,\r\n          \"name\": \"d2\",\r\n          \"createOption\":
        \"Empty\",\r\n          \"caching\": \"None\",\r\n          \"managedDisk\":
        {\r\n            \"storageAccountType\": \"Standard_LRS\",\r\n            \"id\":
        \"/subscriptions/00000000-0000-0000-0000-000000000000/resourceGroups/cli-test-disk000001/providers/Microsoft.Compute/disks/d2\"\r\n
        \         },\r\n          \"diskSizeGB\": 2\r\n        }\r\n      ]\r\n    },\r\n
        \   \"osProfile\": {\r\n      \"computerName\": \"vm-diskattach-test\",\r\n
        \     \"adminUsername\": \"admin123\",\r\n      \"linuxConfiguration\": {\r\n
        \       \"disablePasswordAuthentication\": false\r\n      },\r\n      \"secrets\":
        []\r\n    },\r\n    \"networkProfile\": {\"networkInterfaces\":[{\"id\":\"/subscriptions/00000000-0000-0000-0000-000000000000/resourceGroups/cli-test-disk000001/providers/Microsoft.Network/networkInterfaces/vm-diskattach-testVMNic\"}]},\r\n
        \   \"provisioningState\": \"Succeeded\",\r\n    \"instanceView\": {\r\n      \"computerName\":
        \"vm-diskattach-test\",\r\n      \"osName\": \"centos\",\r\n      \"osVersion\":
        \"7.5.1804\",\r\n      \"vmAgent\": {\r\n        \"vmAgentVersion\": \"2.6.0.2\",\r\n
        \       \"statuses\": [\r\n          {\r\n            \"code\": \"ProvisioningState/succeeded\",\r\n
        \           \"level\": \"Info\",\r\n            \"displayStatus\": \"Ready\",\r\n
        \           \"message\": \"Guest Agent is running\",\r\n            \"time\":
        \"2022-01-26T12:43:33+00:00\"\r\n          }\r\n        ],\r\n        \"extensionHandlers\":
        []\r\n      },\r\n      \"disks\": [\r\n        {\r\n          \"name\": \"vm-diskattach-test_OsDisk_1_ad5e870b7e20451dbf083a32d36facd8\",\r\n
        \         \"statuses\": [\r\n            {\r\n              \"code\": \"ProvisioningState/succeeded\",\r\n
        \             \"level\": \"Info\",\r\n              \"displayStatus\": \"Provisioning
        succeeded\",\r\n              \"time\": \"2022-01-26T12:41:06.2143775+00:00\"\r\n
        \           }\r\n          ]\r\n        },\r\n        {\r\n          \"name\":
        \"d1\",\r\n          \"statuses\": [\r\n            {\r\n              \"code\":
        \"ProvisioningState/succeeded\",\r\n              \"level\": \"Info\",\r\n
        \             \"displayStatus\": \"Provisioning succeeded\",\r\n              \"time\":
        \"2022-01-26T12:42:50.4648707+00:00\"\r\n            }\r\n          ]\r\n
        \       },\r\n        {\r\n          \"name\": \"d2\",\r\n          \"statuses\":
        [\r\n            {\r\n              \"code\": \"ProvisioningState/succeeded\",\r\n
        \             \"level\": \"Info\",\r\n              \"displayStatus\": \"Provisioning
        succeeded\",\r\n              \"time\": \"2022-01-26T12:43:25.0431982+00:00\"\r\n
        \           }\r\n          ]\r\n        }\r\n      ],\r\n      \"statuses\":
        [\r\n        {\r\n          \"code\": \"ProvisioningState/succeeded\",\r\n
        \         \"level\": \"Info\",\r\n          \"displayStatus\": \"Provisioning
        succeeded\",\r\n          \"time\": \"2022-01-26T12:43:32.2463644+00:00\"\r\n
        \       },\r\n        {\r\n          \"code\": \"PowerState/running\",\r\n
        \         \"level\": \"Info\",\r\n          \"displayStatus\": \"VM running\"\r\n
        \       }\r\n      ]\r\n    }\r\n  }\r\n}"
    headers:
      cache-control:
      - no-cache
      content-length:
      - '4375'
      content-type:
      - application/json; charset=utf-8
      date:
      - Wed, 26 Jan 2022 12:43:58 GMT
      expires:
      - '-1'
      pragma:
      - no-cache
      server:
      - Microsoft-HTTPAPI/2.0
      - Microsoft-HTTPAPI/2.0
      strict-transport-security:
      - max-age=31536000; includeSubDomains
      transfer-encoding:
      - chunked
      vary:
      - Accept-Encoding
      x-content-type-options:
      - nosniff
      x-ms-ratelimit-remaining-resource:
      - Microsoft.Compute/LowCostGet3Min;3958,Microsoft.Compute/LowCostGet30Min;31781
    status:
      code: 200
      message: OK
- request:
    body: '{"location": "westus", "tags": {}, "properties": {"hardwareProfile": {"vmSize":
      "Standard_DS1_v2"}, "storageProfile": {"osDisk": {"osType": "Linux", "name":
      "vm-diskattach-test_OsDisk_1_ad5e870b7e20451dbf083a32d36facd8", "caching": "ReadWrite",
      "createOption": "FromImage", "diskSizeGB": 30, "managedDisk": {"id": "/subscriptions/00000000-0000-0000-0000-000000000000/resourceGroups/cli-test-disk000001/providers/Microsoft.Compute/disks/vm-diskattach-test_OsDisk_1_ad5e870b7e20451dbf083a32d36facd8",
      "storageAccountType": "Premium_LRS"}}, "dataDisks": [{"lun": 2, "name": "d2",
      "caching": "None", "createOption": "Empty", "diskSizeGB": 2, "managedDisk":
      {"id": "/subscriptions/00000000-0000-0000-0000-000000000000/resourceGroups/cli-test-disk000001/providers/Microsoft.Compute/disks/d2",
      "storageAccountType": "Standard_LRS"}}]}, "osProfile": {"computerName": "vm-diskattach-test",
      "adminUsername": "admin123", "linuxConfiguration": {"disablePasswordAuthentication":
      false}, "secrets": []}, "networkProfile": {"networkInterfaces": [{"id": "/subscriptions/00000000-0000-0000-0000-000000000000/resourceGroups/cli-test-disk000001/providers/Microsoft.Network/networkInterfaces/vm-diskattach-testVMNic"}]}}}'
    headers:
      Accept:
      - application/json
      Accept-Encoding:
      - gzip, deflate
      CommandName:
      - vm disk detach
      Connection:
      - keep-alive
      Content-Length:
      - '1201'
      Content-Type:
      - application/json
      ParameterSetName:
      - -g --vm-name -n
      User-Agent:
      - AZURECLI/2.32.0 azsdk-python-azure-mgmt-compute/23.1.0 Python/3.9.5 (Windows-10-10.0.19044-SP0)
    method: PUT
    uri: https://management.azure.com/subscriptions/00000000-0000-0000-0000-000000000000/resourceGroups/cli-test-disk000001/providers/Microsoft.Compute/virtualMachines/vm-diskattach-test?api-version=2017-12-01
  response:
    body:
      string: "{\r\n  \"name\": \"vm-diskattach-test\",\r\n  \"id\": \"/subscriptions/00000000-0000-0000-0000-000000000000/resourceGroups/cli-test-disk000001/providers/Microsoft.Compute/virtualMachines/vm-diskattach-test\",\r\n
        \ \"type\": \"Microsoft.Compute/virtualMachines\",\r\n  \"location\": \"westus\",\r\n
        \ \"tags\": {},\r\n  \"properties\": {\r\n    \"vmId\": \"961306a9-8f9e-4251-8792-b82b6dca244e\",\r\n
        \   \"hardwareProfile\": {\r\n      \"vmSize\": \"Standard_DS1_v2\"\r\n    },\r\n
        \   \"storageProfile\": {\r\n      \"imageReference\": {\r\n        \"publisher\":
        \"OpenLogic\",\r\n        \"offer\": \"CentOS\",\r\n        \"sku\": \"7.5\",\r\n
        \       \"version\": \"latest\"\r\n      },\r\n      \"osDisk\": {\r\n        \"osType\":
        \"Linux\",\r\n        \"name\": \"vm-diskattach-test_OsDisk_1_ad5e870b7e20451dbf083a32d36facd8\",\r\n
        \       \"createOption\": \"FromImage\",\r\n        \"caching\": \"ReadWrite\",\r\n
        \       \"managedDisk\": {\r\n          \"storageAccountType\": \"Premium_LRS\",\r\n
        \         \"id\": \"/subscriptions/00000000-0000-0000-0000-000000000000/resourceGroups/cli-test-disk000001/providers/Microsoft.Compute/disks/vm-diskattach-test_OsDisk_1_ad5e870b7e20451dbf083a32d36facd8\"\r\n
        \       },\r\n        \"diskSizeGB\": 30\r\n      },\r\n      \"dataDisks\":
        [\r\n        {\r\n          \"lun\": 2,\r\n          \"name\": \"d2\",\r\n
        \         \"createOption\": \"Empty\",\r\n          \"caching\": \"None\",\r\n
        \         \"managedDisk\": {\r\n            \"storageAccountType\": \"Standard_LRS\",\r\n
        \           \"id\": \"/subscriptions/00000000-0000-0000-0000-000000000000/resourceGroups/cli-test-disk000001/providers/Microsoft.Compute/disks/d2\"\r\n
        \         },\r\n          \"diskSizeGB\": 2\r\n        }\r\n      ]\r\n    },\r\n
        \   \"osProfile\": {\r\n      \"computerName\": \"vm-diskattach-test\",\r\n
        \     \"adminUsername\": \"admin123\",\r\n      \"linuxConfiguration\": {\r\n
        \       \"disablePasswordAuthentication\": false\r\n      },\r\n      \"secrets\":
        []\r\n    },\r\n    \"networkProfile\": {\"networkInterfaces\":[{\"id\":\"/subscriptions/00000000-0000-0000-0000-000000000000/resourceGroups/cli-test-disk000001/providers/Microsoft.Network/networkInterfaces/vm-diskattach-testVMNic\"}]},\r\n
        \   \"provisioningState\": \"Updating\"\r\n  }\r\n}"
    headers:
      azure-asyncnotification:
      - Enabled
      azure-asyncoperation:
      - https://management.azure.com/subscriptions/00000000-0000-0000-0000-000000000000/providers/Microsoft.Compute/locations/westus/operations/d91be304-d736-436b-b1b7-4feee928c190?p=571046f6-b640-41c1-86f7-f9f044b5adf9&api-version=2017-12-01
      cache-control:
      - no-cache
      content-length:
      - '2040'
      content-type:
      - application/json; charset=utf-8
      date:
      - Wed, 26 Jan 2022 12:44:01 GMT
      expires:
      - '-1'
      pragma:
      - no-cache
      server:
      - Microsoft-HTTPAPI/2.0
      - Microsoft-HTTPAPI/2.0
      strict-transport-security:
      - max-age=31536000; includeSubDomains
      transfer-encoding:
      - chunked
      vary:
      - Accept-Encoding
      x-content-type-options:
      - nosniff
      x-ms-ratelimit-remaining-resource:
      - Microsoft.Compute/PutVM3Min;234,Microsoft.Compute/PutVM30Min;1168
      x-ms-ratelimit-remaining-subscription-writes:
      - '1194'
    status:
      code: 200
      message: OK
- request:
    body: null
    headers:
      Accept:
      - '*/*'
      Accept-Encoding:
      - gzip, deflate
      CommandName:
      - vm disk detach
      Connection:
      - keep-alive
      ParameterSetName:
      - -g --vm-name -n
      User-Agent:
      - AZURECLI/2.32.0 azsdk-python-azure-mgmt-compute/23.1.0 Python/3.9.5 (Windows-10-10.0.19044-SP0)
    method: GET
    uri: https://management.azure.com/subscriptions/00000000-0000-0000-0000-000000000000/providers/Microsoft.Compute/locations/westus/operations/d91be304-d736-436b-b1b7-4feee928c190?p=571046f6-b640-41c1-86f7-f9f044b5adf9&api-version=2017-12-01
  response:
    body:
      string: "{\r\n  \"startTime\": \"2022-01-26T12:43:59.887116+00:00\",\r\n  \"endTime\":
        \"2022-01-26T12:44:11.9809181+00:00\",\r\n  \"status\": \"Succeeded\",\r\n
        \ \"name\": \"d91be304-d736-436b-b1b7-4feee928c190\"\r\n}"
    headers:
      cache-control:
      - no-cache
      content-length:
      - '183'
      content-type:
      - application/json; charset=utf-8
      date:
      - Wed, 26 Jan 2022 12:44:32 GMT
      expires:
      - '-1'
      pragma:
      - no-cache
      server:
      - Microsoft-HTTPAPI/2.0
      - Microsoft-HTTPAPI/2.0
      strict-transport-security:
      - max-age=31536000; includeSubDomains
      transfer-encoding:
      - chunked
      vary:
      - Accept-Encoding
      x-content-type-options:
      - nosniff
      x-ms-ratelimit-remaining-resource:
      - Microsoft.Compute/GetOperation3Min;14977,Microsoft.Compute/GetOperation30Min;29817
    status:
      code: 200
      message: OK
- request:
    body: null
    headers:
      Accept:
      - '*/*'
      Accept-Encoding:
      - gzip, deflate
      CommandName:
      - vm disk detach
      Connection:
      - keep-alive
      ParameterSetName:
      - -g --vm-name -n
      User-Agent:
      - AZURECLI/2.32.0 azsdk-python-azure-mgmt-compute/23.1.0 Python/3.9.5 (Windows-10-10.0.19044-SP0)
    method: GET
    uri: https://management.azure.com/subscriptions/00000000-0000-0000-0000-000000000000/resourceGroups/cli-test-disk000001/providers/Microsoft.Compute/virtualMachines/vm-diskattach-test?api-version=2017-12-01
  response:
    body:
      string: "{\r\n  \"name\": \"vm-diskattach-test\",\r\n  \"id\": \"/subscriptions/00000000-0000-0000-0000-000000000000/resourceGroups/cli-test-disk000001/providers/Microsoft.Compute/virtualMachines/vm-diskattach-test\",\r\n
        \ \"type\": \"Microsoft.Compute/virtualMachines\",\r\n  \"location\": \"westus\",\r\n
        \ \"tags\": {},\r\n  \"properties\": {\r\n    \"vmId\": \"961306a9-8f9e-4251-8792-b82b6dca244e\",\r\n
        \   \"hardwareProfile\": {\r\n      \"vmSize\": \"Standard_DS1_v2\"\r\n    },\r\n
        \   \"storageProfile\": {\r\n      \"imageReference\": {\r\n        \"publisher\":
        \"OpenLogic\",\r\n        \"offer\": \"CentOS\",\r\n        \"sku\": \"7.5\",\r\n
        \       \"version\": \"latest\"\r\n      },\r\n      \"osDisk\": {\r\n        \"osType\":
        \"Linux\",\r\n        \"name\": \"vm-diskattach-test_OsDisk_1_ad5e870b7e20451dbf083a32d36facd8\",\r\n
        \       \"createOption\": \"FromImage\",\r\n        \"caching\": \"ReadWrite\",\r\n
        \       \"managedDisk\": {\r\n          \"storageAccountType\": \"Premium_LRS\",\r\n
        \         \"id\": \"/subscriptions/00000000-0000-0000-0000-000000000000/resourceGroups/cli-test-disk000001/providers/Microsoft.Compute/disks/vm-diskattach-test_OsDisk_1_ad5e870b7e20451dbf083a32d36facd8\"\r\n
        \       },\r\n        \"diskSizeGB\": 30\r\n      },\r\n      \"dataDisks\":
        [\r\n        {\r\n          \"lun\": 2,\r\n          \"name\": \"d2\",\r\n
        \         \"createOption\": \"Empty\",\r\n          \"caching\": \"None\",\r\n
        \         \"managedDisk\": {\r\n            \"storageAccountType\": \"Standard_LRS\",\r\n
        \           \"id\": \"/subscriptions/00000000-0000-0000-0000-000000000000/resourceGroups/cli-test-disk000001/providers/Microsoft.Compute/disks/d2\"\r\n
        \         },\r\n          \"diskSizeGB\": 2\r\n        }\r\n      ]\r\n    },\r\n
        \   \"osProfile\": {\r\n      \"computerName\": \"vm-diskattach-test\",\r\n
        \     \"adminUsername\": \"admin123\",\r\n      \"linuxConfiguration\": {\r\n
        \       \"disablePasswordAuthentication\": false\r\n      },\r\n      \"secrets\":
        []\r\n    },\r\n    \"networkProfile\": {\"networkInterfaces\":[{\"id\":\"/subscriptions/00000000-0000-0000-0000-000000000000/resourceGroups/cli-test-disk000001/providers/Microsoft.Network/networkInterfaces/vm-diskattach-testVMNic\"}]},\r\n
        \   \"provisioningState\": \"Succeeded\"\r\n  }\r\n}"
    headers:
      cache-control:
      - no-cache
      content-length:
      - '2041'
      content-type:
      - application/json; charset=utf-8
      date:
      - Wed, 26 Jan 2022 12:44:32 GMT
      expires:
      - '-1'
      pragma:
      - no-cache
      server:
      - Microsoft-HTTPAPI/2.0
      - Microsoft-HTTPAPI/2.0
      strict-transport-security:
      - max-age=31536000; includeSubDomains
      transfer-encoding:
      - chunked
      vary:
      - Accept-Encoding
      x-content-type-options:
      - nosniff
      x-ms-ratelimit-remaining-resource:
      - Microsoft.Compute/LowCostGet3Min;3965,Microsoft.Compute/LowCostGet30Min;31775
    status:
      code: 200
      message: OK
- request:
    body: null
    headers:
      Accept:
      - application/json
      Accept-Encoding:
      - gzip, deflate
      CommandName:
      - vm show
      Connection:
      - keep-alive
      ParameterSetName:
      - -g -n
      User-Agent:
      - AZURECLI/2.32.0 azsdk-python-azure-mgmt-compute/23.1.0 Python/3.9.5 (Windows-10-10.0.19044-SP0)
    method: GET
    uri: https://management.azure.com/subscriptions/00000000-0000-0000-0000-000000000000/resourceGroups/cli-test-disk000001/providers/Microsoft.Compute/virtualMachines/vm-diskattach-test?api-version=2017-12-01
  response:
    body:
      string: "{\r\n  \"name\": \"vm-diskattach-test\",\r\n  \"id\": \"/subscriptions/00000000-0000-0000-0000-000000000000/resourceGroups/cli-test-disk000001/providers/Microsoft.Compute/virtualMachines/vm-diskattach-test\",\r\n
        \ \"type\": \"Microsoft.Compute/virtualMachines\",\r\n  \"location\": \"westus\",\r\n
        \ \"tags\": {},\r\n  \"properties\": {\r\n    \"vmId\": \"961306a9-8f9e-4251-8792-b82b6dca244e\",\r\n
        \   \"hardwareProfile\": {\r\n      \"vmSize\": \"Standard_DS1_v2\"\r\n    },\r\n
        \   \"storageProfile\": {\r\n      \"imageReference\": {\r\n        \"publisher\":
        \"OpenLogic\",\r\n        \"offer\": \"CentOS\",\r\n        \"sku\": \"7.5\",\r\n
        \       \"version\": \"latest\"\r\n      },\r\n      \"osDisk\": {\r\n        \"osType\":
        \"Linux\",\r\n        \"name\": \"vm-diskattach-test_OsDisk_1_ad5e870b7e20451dbf083a32d36facd8\",\r\n
        \       \"createOption\": \"FromImage\",\r\n        \"caching\": \"ReadWrite\",\r\n
        \       \"managedDisk\": {\r\n          \"storageAccountType\": \"Premium_LRS\",\r\n
        \         \"id\": \"/subscriptions/00000000-0000-0000-0000-000000000000/resourceGroups/cli-test-disk000001/providers/Microsoft.Compute/disks/vm-diskattach-test_OsDisk_1_ad5e870b7e20451dbf083a32d36facd8\"\r\n
        \       },\r\n        \"diskSizeGB\": 30\r\n      },\r\n      \"dataDisks\":
        [\r\n        {\r\n          \"lun\": 2,\r\n          \"name\": \"d2\",\r\n
        \         \"createOption\": \"Empty\",\r\n          \"caching\": \"None\",\r\n
        \         \"managedDisk\": {\r\n            \"storageAccountType\": \"Standard_LRS\",\r\n
        \           \"id\": \"/subscriptions/00000000-0000-0000-0000-000000000000/resourceGroups/cli-test-disk000001/providers/Microsoft.Compute/disks/d2\"\r\n
        \         },\r\n          \"diskSizeGB\": 2\r\n        }\r\n      ]\r\n    },\r\n
        \   \"osProfile\": {\r\n      \"computerName\": \"vm-diskattach-test\",\r\n
        \     \"adminUsername\": \"admin123\",\r\n      \"linuxConfiguration\": {\r\n
        \       \"disablePasswordAuthentication\": false\r\n      },\r\n      \"secrets\":
        []\r\n    },\r\n    \"networkProfile\": {\"networkInterfaces\":[{\"id\":\"/subscriptions/00000000-0000-0000-0000-000000000000/resourceGroups/cli-test-disk000001/providers/Microsoft.Network/networkInterfaces/vm-diskattach-testVMNic\"}]},\r\n
        \   \"provisioningState\": \"Succeeded\"\r\n  }\r\n}"
    headers:
      cache-control:
      - no-cache
      content-length:
      - '2041'
      content-type:
      - application/json; charset=utf-8
      date:
      - Wed, 26 Jan 2022 12:44:33 GMT
      expires:
      - '-1'
      pragma:
      - no-cache
      server:
      - Microsoft-HTTPAPI/2.0
      - Microsoft-HTTPAPI/2.0
      strict-transport-security:
      - max-age=31536000; includeSubDomains
      transfer-encoding:
      - chunked
      vary:
      - Accept-Encoding
      x-content-type-options:
      - nosniff
      x-ms-ratelimit-remaining-resource:
      - Microsoft.Compute/LowCostGet3Min;3964,Microsoft.Compute/LowCostGet30Min;31774
    status:
      code: 200
      message: OK
- request:
    body: null
    headers:
      Accept:
      - application/json
      Accept-Encoding:
      - gzip, deflate
      CommandName:
      - vm disk attach
      Connection:
      - keep-alive
      ParameterSetName:
      - -g --vm-name --name
      User-Agent:
      - AZURECLI/2.32.0 azsdk-python-azure-mgmt-compute/23.1.0 Python/3.9.5 (Windows-10-10.0.19044-SP0)
    method: GET
    uri: https://management.azure.com/subscriptions/00000000-0000-0000-0000-000000000000/resourceGroups/cli-test-disk000001/providers/Microsoft.Compute/virtualMachines/vm-diskattach-test?$expand=instanceView&api-version=2017-12-01
  response:
    body:
      string: "{\r\n  \"name\": \"vm-diskattach-test\",\r\n  \"id\": \"/subscriptions/00000000-0000-0000-0000-000000000000/resourceGroups/cli-test-disk000001/providers/Microsoft.Compute/virtualMachines/vm-diskattach-test\",\r\n
        \ \"type\": \"Microsoft.Compute/virtualMachines\",\r\n  \"location\": \"westus\",\r\n
        \ \"tags\": {},\r\n  \"properties\": {\r\n    \"vmId\": \"961306a9-8f9e-4251-8792-b82b6dca244e\",\r\n
        \   \"hardwareProfile\": {\r\n      \"vmSize\": \"Standard_DS1_v2\"\r\n    },\r\n
        \   \"storageProfile\": {\r\n      \"imageReference\": {\r\n        \"publisher\":
        \"OpenLogic\",\r\n        \"offer\": \"CentOS\",\r\n        \"sku\": \"7.5\",\r\n
        \       \"version\": \"latest\"\r\n      },\r\n      \"osDisk\": {\r\n        \"osType\":
        \"Linux\",\r\n        \"name\": \"vm-diskattach-test_OsDisk_1_ad5e870b7e20451dbf083a32d36facd8\",\r\n
        \       \"createOption\": \"FromImage\",\r\n        \"caching\": \"ReadWrite\",\r\n
        \       \"managedDisk\": {\r\n          \"storageAccountType\": \"Premium_LRS\",\r\n
        \         \"id\": \"/subscriptions/00000000-0000-0000-0000-000000000000/resourceGroups/cli-test-disk000001/providers/Microsoft.Compute/disks/vm-diskattach-test_OsDisk_1_ad5e870b7e20451dbf083a32d36facd8\"\r\n
        \       },\r\n        \"diskSizeGB\": 30\r\n      },\r\n      \"dataDisks\":
        [\r\n        {\r\n          \"lun\": 2,\r\n          \"name\": \"d2\",\r\n
        \         \"createOption\": \"Empty\",\r\n          \"caching\": \"None\",\r\n
        \         \"managedDisk\": {\r\n            \"storageAccountType\": \"Standard_LRS\",\r\n
        \           \"id\": \"/subscriptions/00000000-0000-0000-0000-000000000000/resourceGroups/cli-test-disk000001/providers/Microsoft.Compute/disks/d2\"\r\n
        \         },\r\n          \"diskSizeGB\": 2\r\n        }\r\n      ]\r\n    },\r\n
        \   \"osProfile\": {\r\n      \"computerName\": \"vm-diskattach-test\",\r\n
        \     \"adminUsername\": \"admin123\",\r\n      \"linuxConfiguration\": {\r\n
        \       \"disablePasswordAuthentication\": false\r\n      },\r\n      \"secrets\":
        []\r\n    },\r\n    \"networkProfile\": {\"networkInterfaces\":[{\"id\":\"/subscriptions/00000000-0000-0000-0000-000000000000/resourceGroups/cli-test-disk000001/providers/Microsoft.Network/networkInterfaces/vm-diskattach-testVMNic\"}]},\r\n
        \   \"provisioningState\": \"Succeeded\",\r\n    \"instanceView\": {\r\n      \"computerName\":
        \"vm-diskattach-test\",\r\n      \"osName\": \"centos\",\r\n      \"osVersion\":
        \"7.5.1804\",\r\n      \"vmAgent\": {\r\n        \"vmAgentVersion\": \"2.6.0.2\",\r\n
        \       \"statuses\": [\r\n          {\r\n            \"code\": \"ProvisioningState/succeeded\",\r\n
        \           \"level\": \"Info\",\r\n            \"displayStatus\": \"Ready\",\r\n
        \           \"message\": \"Guest Agent is running\",\r\n            \"time\":
        \"2022-01-26T12:44:03+00:00\"\r\n          }\r\n        ],\r\n        \"extensionHandlers\":
        []\r\n      },\r\n      \"disks\": [\r\n        {\r\n          \"name\": \"vm-diskattach-test_OsDisk_1_ad5e870b7e20451dbf083a32d36facd8\",\r\n
        \         \"statuses\": [\r\n            {\r\n              \"code\": \"ProvisioningState/succeeded\",\r\n
        \             \"level\": \"Info\",\r\n              \"displayStatus\": \"Provisioning
        succeeded\",\r\n              \"time\": \"2022-01-26T12:41:06.2143775+00:00\"\r\n
        \           }\r\n          ]\r\n        },\r\n        {\r\n          \"name\":
        \"d2\",\r\n          \"statuses\": [\r\n            {\r\n              \"code\":
        \"ProvisioningState/succeeded\",\r\n              \"level\": \"Info\",\r\n
        \             \"displayStatus\": \"Provisioning succeeded\",\r\n              \"time\":
        \"2022-01-26T12:43:25.0431982+00:00\"\r\n            }\r\n          ]\r\n
        \       }\r\n      ],\r\n      \"statuses\": [\r\n        {\r\n          \"code\":
        \"ProvisioningState/succeeded\",\r\n          \"level\": \"Info\",\r\n          \"displayStatus\":
        \"Provisioning succeeded\",\r\n          \"time\": \"2022-01-26T12:44:11.9496707+00:00\"\r\n
        \       },\r\n        {\r\n          \"code\": \"PowerState/running\",\r\n
        \         \"level\": \"Info\",\r\n          \"displayStatus\": \"VM running\"\r\n
        \       }\r\n      ]\r\n    }\r\n  }\r\n}"
    headers:
      cache-control:
      - no-cache
      content-length:
      - '3653'
      content-type:
      - application/json; charset=utf-8
      date:
      - Wed, 26 Jan 2022 12:44:33 GMT
      expires:
      - '-1'
      pragma:
      - no-cache
      server:
      - Microsoft-HTTPAPI/2.0
      - Microsoft-HTTPAPI/2.0
      strict-transport-security:
      - max-age=31536000; includeSubDomains
      transfer-encoding:
      - chunked
      vary:
      - Accept-Encoding
      x-content-type-options:
      - nosniff
      x-ms-ratelimit-remaining-resource:
      - Microsoft.Compute/LowCostGet3Min;3963,Microsoft.Compute/LowCostGet30Min;31773
    status:
      code: 200
      message: OK
- request:
    body: '{"location": "westus", "tags": {}, "properties": {"hardwareProfile": {"vmSize":
      "Standard_DS1_v2"}, "storageProfile": {"osDisk": {"osType": "Linux", "name":
      "vm-diskattach-test_OsDisk_1_ad5e870b7e20451dbf083a32d36facd8", "caching": "ReadWrite",
      "createOption": "FromImage", "diskSizeGB": 30, "managedDisk": {"id": "/subscriptions/00000000-0000-0000-0000-000000000000/resourceGroups/cli-test-disk000001/providers/Microsoft.Compute/disks/vm-diskattach-test_OsDisk_1_ad5e870b7e20451dbf083a32d36facd8",
      "storageAccountType": "Premium_LRS"}}, "dataDisks": [{"lun": 2, "name": "d2",
      "caching": "None", "createOption": "Empty", "diskSizeGB": 2, "managedDisk":
      {"id": "/subscriptions/00000000-0000-0000-0000-000000000000/resourceGroups/cli-test-disk000001/providers/Microsoft.Compute/disks/d2",
      "storageAccountType": "Standard_LRS"}}, {"lun": 0, "createOption": "Attach",
      "managedDisk": {"id": "/subscriptions/00000000-0000-0000-0000-000000000000/resourceGroups/cli-test-disk000001/providers/Microsoft.Compute/disks/d1"}}]},
      "osProfile": {"computerName": "vm-diskattach-test", "adminUsername": "admin123",
      "linuxConfiguration": {"disablePasswordAuthentication": false}, "secrets": []},
      "networkProfile": {"networkInterfaces": [{"id": "/subscriptions/00000000-0000-0000-0000-000000000000/resourceGroups/cli-test-disk000001/providers/Microsoft.Network/networkInterfaces/vm-diskattach-testVMNic"}]}}}'
    headers:
      Accept:
      - application/json
      Accept-Encoding:
      - gzip, deflate
      CommandName:
      - vm disk attach
      Connection:
      - keep-alive
      Content-Length:
      - '1389'
      Content-Type:
      - application/json
      ParameterSetName:
      - -g --vm-name --name
      User-Agent:
      - AZURECLI/2.32.0 azsdk-python-azure-mgmt-compute/23.1.0 Python/3.9.5 (Windows-10-10.0.19044-SP0)
    method: PUT
    uri: https://management.azure.com/subscriptions/00000000-0000-0000-0000-000000000000/resourceGroups/cli-test-disk000001/providers/Microsoft.Compute/virtualMachines/vm-diskattach-test?api-version=2017-12-01
  response:
    body:
      string: "{\r\n  \"name\": \"vm-diskattach-test\",\r\n  \"id\": \"/subscriptions/00000000-0000-0000-0000-000000000000/resourceGroups/cli-test-disk000001/providers/Microsoft.Compute/virtualMachines/vm-diskattach-test\",\r\n
        \ \"type\": \"Microsoft.Compute/virtualMachines\",\r\n  \"location\": \"westus\",\r\n
        \ \"tags\": {},\r\n  \"properties\": {\r\n    \"vmId\": \"961306a9-8f9e-4251-8792-b82b6dca244e\",\r\n
        \   \"hardwareProfile\": {\r\n      \"vmSize\": \"Standard_DS1_v2\"\r\n    },\r\n
        \   \"storageProfile\": {\r\n      \"imageReference\": {\r\n        \"publisher\":
        \"OpenLogic\",\r\n        \"offer\": \"CentOS\",\r\n        \"sku\": \"7.5\",\r\n
        \       \"version\": \"latest\"\r\n      },\r\n      \"osDisk\": {\r\n        \"osType\":
        \"Linux\",\r\n        \"name\": \"vm-diskattach-test_OsDisk_1_ad5e870b7e20451dbf083a32d36facd8\",\r\n
        \       \"createOption\": \"FromImage\",\r\n        \"caching\": \"ReadWrite\",\r\n
        \       \"managedDisk\": {\r\n          \"storageAccountType\": \"Premium_LRS\",\r\n
        \         \"id\": \"/subscriptions/00000000-0000-0000-0000-000000000000/resourceGroups/cli-test-disk000001/providers/Microsoft.Compute/disks/vm-diskattach-test_OsDisk_1_ad5e870b7e20451dbf083a32d36facd8\"\r\n
        \       },\r\n        \"diskSizeGB\": 30\r\n      },\r\n      \"dataDisks\":
        [\r\n        {\r\n          \"lun\": 2,\r\n          \"name\": \"d2\",\r\n
        \         \"createOption\": \"Empty\",\r\n          \"caching\": \"None\",\r\n
        \         \"managedDisk\": {\r\n            \"storageAccountType\": \"Standard_LRS\",\r\n
        \           \"id\": \"/subscriptions/00000000-0000-0000-0000-000000000000/resourceGroups/cli-test-disk000001/providers/Microsoft.Compute/disks/d2\"\r\n
        \         },\r\n          \"diskSizeGB\": 2\r\n        },\r\n        {\r\n
        \         \"lun\": 0,\r\n          \"name\": \"d1\",\r\n          \"createOption\":
        \"Attach\",\r\n          \"caching\": \"None\",\r\n          \"managedDisk\":
        {\r\n            \"storageAccountType\": \"Premium_LRS\",\r\n            \"id\":
        \"/subscriptions/00000000-0000-0000-0000-000000000000/resourceGroups/cli-test-disk000001/providers/Microsoft.Compute/disks/d1\"\r\n
        \         },\r\n          \"diskSizeGB\": 1\r\n        }\r\n      ]\r\n    },\r\n
        \   \"osProfile\": {\r\n      \"computerName\": \"vm-diskattach-test\",\r\n
        \     \"adminUsername\": \"admin123\",\r\n      \"linuxConfiguration\": {\r\n
        \       \"disablePasswordAuthentication\": false\r\n      },\r\n      \"secrets\":
        []\r\n    },\r\n    \"networkProfile\": {\"networkInterfaces\":[{\"id\":\"/subscriptions/00000000-0000-0000-0000-000000000000/resourceGroups/cli-test-disk000001/providers/Microsoft.Network/networkInterfaces/vm-diskattach-testVMNic\"}]},\r\n
        \   \"provisioningState\": \"Updating\"\r\n  }\r\n}"
    headers:
      azure-asyncnotification:
      - Enabled
      azure-asyncoperation:
      - https://management.azure.com/subscriptions/00000000-0000-0000-0000-000000000000/providers/Microsoft.Compute/locations/westus/operations/03621793-05a1-4200-8eda-a4ba23fd3895?p=571046f6-b640-41c1-86f7-f9f044b5adf9&api-version=2017-12-01
      cache-control:
      - no-cache
      content-length:
      - '2440'
      content-type:
      - application/json; charset=utf-8
      date:
      - Wed, 26 Jan 2022 12:44:38 GMT
      expires:
      - '-1'
      pragma:
      - no-cache
      server:
      - Microsoft-HTTPAPI/2.0
      - Microsoft-HTTPAPI/2.0
      strict-transport-security:
      - max-age=31536000; includeSubDomains
      transfer-encoding:
      - chunked
      vary:
      - Accept-Encoding
      x-content-type-options:
      - nosniff
      x-ms-ratelimit-remaining-resource:
      - Microsoft.Compute/PutVM3Min;234,Microsoft.Compute/PutVM30Min;1165
      x-ms-ratelimit-remaining-subscription-writes:
      - '1197'
    status:
      code: 200
      message: OK
- request:
    body: null
    headers:
      Accept:
      - '*/*'
      Accept-Encoding:
      - gzip, deflate
      CommandName:
      - vm disk attach
      Connection:
      - keep-alive
      ParameterSetName:
      - -g --vm-name --name
      User-Agent:
      - AZURECLI/2.32.0 azsdk-python-azure-mgmt-compute/23.1.0 Python/3.9.5 (Windows-10-10.0.19044-SP0)
    method: GET
    uri: https://management.azure.com/subscriptions/00000000-0000-0000-0000-000000000000/providers/Microsoft.Compute/locations/westus/operations/03621793-05a1-4200-8eda-a4ba23fd3895?p=571046f6-b640-41c1-86f7-f9f044b5adf9&api-version=2017-12-01
  response:
    body:
      string: "{\r\n  \"startTime\": \"2022-01-26T12:44:35.8404145+00:00\",\r\n  \"endTime\":
        \"2022-01-26T12:44:41.3404382+00:00\",\r\n  \"status\": \"Succeeded\",\r\n
        \ \"name\": \"03621793-05a1-4200-8eda-a4ba23fd3895\"\r\n}"
    headers:
      cache-control:
      - no-cache
      content-length:
      - '184'
      content-type:
      - application/json; charset=utf-8
      date:
      - Wed, 26 Jan 2022 12:45:08 GMT
      expires:
      - '-1'
      pragma:
      - no-cache
      server:
      - Microsoft-HTTPAPI/2.0
      - Microsoft-HTTPAPI/2.0
      strict-transport-security:
      - max-age=31536000; includeSubDomains
      transfer-encoding:
      - chunked
      vary:
      - Accept-Encoding
      x-content-type-options:
      - nosniff
      x-ms-ratelimit-remaining-resource:
      - Microsoft.Compute/GetOperation3Min;14980,Microsoft.Compute/GetOperation30Min;29813
    status:
      code: 200
      message: OK
- request:
    body: null
    headers:
      Accept:
      - '*/*'
      Accept-Encoding:
      - gzip, deflate
      CommandName:
      - vm disk attach
      Connection:
      - keep-alive
      ParameterSetName:
      - -g --vm-name --name
      User-Agent:
      - AZURECLI/2.32.0 azsdk-python-azure-mgmt-compute/23.1.0 Python/3.9.5 (Windows-10-10.0.19044-SP0)
    method: GET
    uri: https://management.azure.com/subscriptions/00000000-0000-0000-0000-000000000000/resourceGroups/cli-test-disk000001/providers/Microsoft.Compute/virtualMachines/vm-diskattach-test?api-version=2017-12-01
  response:
    body:
      string: "{\r\n  \"name\": \"vm-diskattach-test\",\r\n  \"id\": \"/subscriptions/00000000-0000-0000-0000-000000000000/resourceGroups/cli-test-disk000001/providers/Microsoft.Compute/virtualMachines/vm-diskattach-test\",\r\n
        \ \"type\": \"Microsoft.Compute/virtualMachines\",\r\n  \"location\": \"westus\",\r\n
        \ \"tags\": {},\r\n  \"properties\": {\r\n    \"vmId\": \"961306a9-8f9e-4251-8792-b82b6dca244e\",\r\n
        \   \"hardwareProfile\": {\r\n      \"vmSize\": \"Standard_DS1_v2\"\r\n    },\r\n
        \   \"storageProfile\": {\r\n      \"imageReference\": {\r\n        \"publisher\":
        \"OpenLogic\",\r\n        \"offer\": \"CentOS\",\r\n        \"sku\": \"7.5\",\r\n
        \       \"version\": \"latest\"\r\n      },\r\n      \"osDisk\": {\r\n        \"osType\":
        \"Linux\",\r\n        \"name\": \"vm-diskattach-test_OsDisk_1_ad5e870b7e20451dbf083a32d36facd8\",\r\n
        \       \"createOption\": \"FromImage\",\r\n        \"caching\": \"ReadWrite\",\r\n
        \       \"managedDisk\": {\r\n          \"storageAccountType\": \"Premium_LRS\",\r\n
        \         \"id\": \"/subscriptions/00000000-0000-0000-0000-000000000000/resourceGroups/cli-test-disk000001/providers/Microsoft.Compute/disks/vm-diskattach-test_OsDisk_1_ad5e870b7e20451dbf083a32d36facd8\"\r\n
        \       },\r\n        \"diskSizeGB\": 30\r\n      },\r\n      \"dataDisks\":
        [\r\n        {\r\n          \"lun\": 2,\r\n          \"name\": \"d2\",\r\n
        \         \"createOption\": \"Empty\",\r\n          \"caching\": \"None\",\r\n
        \         \"managedDisk\": {\r\n            \"storageAccountType\": \"Standard_LRS\",\r\n
        \           \"id\": \"/subscriptions/00000000-0000-0000-0000-000000000000/resourceGroups/cli-test-disk000001/providers/Microsoft.Compute/disks/d2\"\r\n
        \         },\r\n          \"diskSizeGB\": 2\r\n        },\r\n        {\r\n
        \         \"lun\": 0,\r\n          \"name\": \"d1\",\r\n          \"createOption\":
        \"Attach\",\r\n          \"caching\": \"None\",\r\n          \"managedDisk\":
        {\r\n            \"storageAccountType\": \"Premium_LRS\",\r\n            \"id\":
        \"/subscriptions/00000000-0000-0000-0000-000000000000/resourceGroups/cli-test-disk000001/providers/Microsoft.Compute/disks/d1\"\r\n
        \         },\r\n          \"diskSizeGB\": 1\r\n        }\r\n      ]\r\n    },\r\n
        \   \"osProfile\": {\r\n      \"computerName\": \"vm-diskattach-test\",\r\n
        \     \"adminUsername\": \"admin123\",\r\n      \"linuxConfiguration\": {\r\n
        \       \"disablePasswordAuthentication\": false\r\n      },\r\n      \"secrets\":
        []\r\n    },\r\n    \"networkProfile\": {\"networkInterfaces\":[{\"id\":\"/subscriptions/00000000-0000-0000-0000-000000000000/resourceGroups/cli-test-disk000001/providers/Microsoft.Network/networkInterfaces/vm-diskattach-testVMNic\"}]},\r\n
        \   \"provisioningState\": \"Succeeded\"\r\n  }\r\n}"
    headers:
      cache-control:
      - no-cache
      content-length:
      - '2441'
      content-type:
      - application/json; charset=utf-8
      date:
      - Wed, 26 Jan 2022 12:45:08 GMT
      expires:
      - '-1'
      pragma:
      - no-cache
      server:
      - Microsoft-HTTPAPI/2.0
      - Microsoft-HTTPAPI/2.0
      strict-transport-security:
      - max-age=31536000; includeSubDomains
      transfer-encoding:
      - chunked
      vary:
      - Accept-Encoding
      x-content-type-options:
      - nosniff
      x-ms-ratelimit-remaining-resource:
      - Microsoft.Compute/LowCostGet3Min;3966,Microsoft.Compute/LowCostGet30Min;31769
    status:
      code: 200
      message: OK
- request:
    body: null
    headers:
      Accept:
      - application/json
      Accept-Encoding:
      - gzip, deflate
      CommandName:
      - vm show
      Connection:
      - keep-alive
      ParameterSetName:
      - -g -n
      User-Agent:
      - AZURECLI/2.32.0 azsdk-python-azure-mgmt-compute/23.1.0 Python/3.9.5 (Windows-10-10.0.19044-SP0)
    method: GET
    uri: https://management.azure.com/subscriptions/00000000-0000-0000-0000-000000000000/resourceGroups/cli-test-disk000001/providers/Microsoft.Compute/virtualMachines/vm-diskattach-test?api-version=2017-12-01
  response:
    body:
      string: "{\r\n  \"name\": \"vm-diskattach-test\",\r\n  \"id\": \"/subscriptions/00000000-0000-0000-0000-000000000000/resourceGroups/cli-test-disk000001/providers/Microsoft.Compute/virtualMachines/vm-diskattach-test\",\r\n
        \ \"type\": \"Microsoft.Compute/virtualMachines\",\r\n  \"location\": \"westus\",\r\n
        \ \"tags\": {},\r\n  \"properties\": {\r\n    \"vmId\": \"961306a9-8f9e-4251-8792-b82b6dca244e\",\r\n
        \   \"hardwareProfile\": {\r\n      \"vmSize\": \"Standard_DS1_v2\"\r\n    },\r\n
        \   \"storageProfile\": {\r\n      \"imageReference\": {\r\n        \"publisher\":
        \"OpenLogic\",\r\n        \"offer\": \"CentOS\",\r\n        \"sku\": \"7.5\",\r\n
        \       \"version\": \"latest\"\r\n      },\r\n      \"osDisk\": {\r\n        \"osType\":
        \"Linux\",\r\n        \"name\": \"vm-diskattach-test_OsDisk_1_ad5e870b7e20451dbf083a32d36facd8\",\r\n
        \       \"createOption\": \"FromImage\",\r\n        \"caching\": \"ReadWrite\",\r\n
        \       \"managedDisk\": {\r\n          \"storageAccountType\": \"Premium_LRS\",\r\n
        \         \"id\": \"/subscriptions/00000000-0000-0000-0000-000000000000/resourceGroups/cli-test-disk000001/providers/Microsoft.Compute/disks/vm-diskattach-test_OsDisk_1_ad5e870b7e20451dbf083a32d36facd8\"\r\n
        \       },\r\n        \"diskSizeGB\": 30\r\n      },\r\n      \"dataDisks\":
        [\r\n        {\r\n          \"lun\": 2,\r\n          \"name\": \"d2\",\r\n
        \         \"createOption\": \"Empty\",\r\n          \"caching\": \"None\",\r\n
        \         \"managedDisk\": {\r\n            \"storageAccountType\": \"Standard_LRS\",\r\n
        \           \"id\": \"/subscriptions/00000000-0000-0000-0000-000000000000/resourceGroups/cli-test-disk000001/providers/Microsoft.Compute/disks/d2\"\r\n
        \         },\r\n          \"diskSizeGB\": 2\r\n        },\r\n        {\r\n
        \         \"lun\": 0,\r\n          \"name\": \"d1\",\r\n          \"createOption\":
        \"Attach\",\r\n          \"caching\": \"None\",\r\n          \"managedDisk\":
        {\r\n            \"storageAccountType\": \"Premium_LRS\",\r\n            \"id\":
        \"/subscriptions/00000000-0000-0000-0000-000000000000/resourceGroups/cli-test-disk000001/providers/Microsoft.Compute/disks/d1\"\r\n
        \         },\r\n          \"diskSizeGB\": 1\r\n        }\r\n      ]\r\n    },\r\n
        \   \"osProfile\": {\r\n      \"computerName\": \"vm-diskattach-test\",\r\n
        \     \"adminUsername\": \"admin123\",\r\n      \"linuxConfiguration\": {\r\n
        \       \"disablePasswordAuthentication\": false\r\n      },\r\n      \"secrets\":
        []\r\n    },\r\n    \"networkProfile\": {\"networkInterfaces\":[{\"id\":\"/subscriptions/00000000-0000-0000-0000-000000000000/resourceGroups/cli-test-disk000001/providers/Microsoft.Network/networkInterfaces/vm-diskattach-testVMNic\"}]},\r\n
        \   \"provisioningState\": \"Succeeded\"\r\n  }\r\n}"
    headers:
      cache-control:
      - no-cache
      content-length:
      - '2441'
      content-type:
      - application/json; charset=utf-8
      date:
      - Wed, 26 Jan 2022 12:45:09 GMT
      expires:
      - '-1'
      pragma:
      - no-cache
      server:
      - Microsoft-HTTPAPI/2.0
      - Microsoft-HTTPAPI/2.0
      strict-transport-security:
      - max-age=31536000; includeSubDomains
      transfer-encoding:
      - chunked
      vary:
      - Accept-Encoding
      x-content-type-options:
      - nosniff
      x-ms-ratelimit-remaining-resource:
      - Microsoft.Compute/LowCostGet3Min;3965,Microsoft.Compute/LowCostGet30Min;31768
    status:
      code: 200
      message: OK
- request:
    body: null
    headers:
      Accept:
      - application/json
      Accept-Encoding:
      - gzip, deflate
      CommandName:
      - vm disk detach
      Connection:
      - keep-alive
      ParameterSetName:
      - -g --vm-name -n
      User-Agent:
      - AZURECLI/2.32.0 azsdk-python-azure-mgmt-compute/23.1.0 Python/3.9.5 (Windows-10-10.0.19044-SP0)
    method: GET
    uri: https://management.azure.com/subscriptions/00000000-0000-0000-0000-000000000000/resourceGroups/cli-test-disk000001/providers/Microsoft.Compute/virtualMachines/vm-diskattach-test?$expand=instanceView&api-version=2017-12-01
  response:
    body:
      string: "{\r\n  \"name\": \"vm-diskattach-test\",\r\n  \"id\": \"/subscriptions/00000000-0000-0000-0000-000000000000/resourceGroups/cli-test-disk000001/providers/Microsoft.Compute/virtualMachines/vm-diskattach-test\",\r\n
        \ \"type\": \"Microsoft.Compute/virtualMachines\",\r\n  \"location\": \"westus\",\r\n
        \ \"tags\": {},\r\n  \"properties\": {\r\n    \"vmId\": \"961306a9-8f9e-4251-8792-b82b6dca244e\",\r\n
        \   \"hardwareProfile\": {\r\n      \"vmSize\": \"Standard_DS1_v2\"\r\n    },\r\n
        \   \"storageProfile\": {\r\n      \"imageReference\": {\r\n        \"publisher\":
        \"OpenLogic\",\r\n        \"offer\": \"CentOS\",\r\n        \"sku\": \"7.5\",\r\n
        \       \"version\": \"latest\"\r\n      },\r\n      \"osDisk\": {\r\n        \"osType\":
        \"Linux\",\r\n        \"name\": \"vm-diskattach-test_OsDisk_1_ad5e870b7e20451dbf083a32d36facd8\",\r\n
        \       \"createOption\": \"FromImage\",\r\n        \"caching\": \"ReadWrite\",\r\n
        \       \"managedDisk\": {\r\n          \"storageAccountType\": \"Premium_LRS\",\r\n
        \         \"id\": \"/subscriptions/00000000-0000-0000-0000-000000000000/resourceGroups/cli-test-disk000001/providers/Microsoft.Compute/disks/vm-diskattach-test_OsDisk_1_ad5e870b7e20451dbf083a32d36facd8\"\r\n
        \       },\r\n        \"diskSizeGB\": 30\r\n      },\r\n      \"dataDisks\":
        [\r\n        {\r\n          \"lun\": 2,\r\n          \"name\": \"d2\",\r\n
        \         \"createOption\": \"Empty\",\r\n          \"caching\": \"None\",\r\n
        \         \"managedDisk\": {\r\n            \"storageAccountType\": \"Standard_LRS\",\r\n
        \           \"id\": \"/subscriptions/00000000-0000-0000-0000-000000000000/resourceGroups/cli-test-disk000001/providers/Microsoft.Compute/disks/d2\"\r\n
        \         },\r\n          \"diskSizeGB\": 2\r\n        },\r\n        {\r\n
        \         \"lun\": 0,\r\n          \"name\": \"d1\",\r\n          \"createOption\":
        \"Attach\",\r\n          \"caching\": \"None\",\r\n          \"managedDisk\":
        {\r\n            \"storageAccountType\": \"Premium_LRS\",\r\n            \"id\":
        \"/subscriptions/00000000-0000-0000-0000-000000000000/resourceGroups/cli-test-disk000001/providers/Microsoft.Compute/disks/d1\"\r\n
        \         },\r\n          \"diskSizeGB\": 1\r\n        }\r\n      ]\r\n    },\r\n
        \   \"osProfile\": {\r\n      \"computerName\": \"vm-diskattach-test\",\r\n
        \     \"adminUsername\": \"admin123\",\r\n      \"linuxConfiguration\": {\r\n
        \       \"disablePasswordAuthentication\": false\r\n      },\r\n      \"secrets\":
        []\r\n    },\r\n    \"networkProfile\": {\"networkInterfaces\":[{\"id\":\"/subscriptions/00000000-0000-0000-0000-000000000000/resourceGroups/cli-test-disk000001/providers/Microsoft.Network/networkInterfaces/vm-diskattach-testVMNic\"}]},\r\n
        \   \"provisioningState\": \"Succeeded\",\r\n    \"instanceView\": {\r\n      \"computerName\":
        \"vm-diskattach-test\",\r\n      \"osName\": \"centos\",\r\n      \"osVersion\":
        \"7.5.1804\",\r\n      \"vmAgent\": {\r\n        \"vmAgentVersion\": \"2.6.0.2\",\r\n
        \       \"statuses\": [\r\n          {\r\n            \"code\": \"ProvisioningState/succeeded\",\r\n
        \           \"level\": \"Info\",\r\n            \"displayStatus\": \"Ready\",\r\n
        \           \"message\": \"Guest Agent is running\",\r\n            \"time\":
        \"2022-01-26T12:44:46+00:00\"\r\n          }\r\n        ],\r\n        \"extensionHandlers\":
        []\r\n      },\r\n      \"disks\": [\r\n        {\r\n          \"name\": \"vm-diskattach-test_OsDisk_1_ad5e870b7e20451dbf083a32d36facd8\",\r\n
        \         \"statuses\": [\r\n            {\r\n              \"code\": \"ProvisioningState/succeeded\",\r\n
        \             \"level\": \"Info\",\r\n              \"displayStatus\": \"Provisioning
        succeeded\",\r\n              \"time\": \"2022-01-26T12:41:06.2143775+00:00\"\r\n
        \           }\r\n          ]\r\n        },\r\n        {\r\n          \"name\":
        \"d2\",\r\n          \"statuses\": [\r\n            {\r\n              \"code\":
        \"ProvisioningState/succeeded\",\r\n              \"level\": \"Info\",\r\n
        \             \"displayStatus\": \"Provisioning succeeded\",\r\n              \"time\":
        \"2022-01-26T12:43:25.0431982+00:00\"\r\n            }\r\n          ]\r\n
        \       },\r\n        {\r\n          \"name\": \"d1\",\r\n          \"statuses\":
        [\r\n            {\r\n              \"code\": \"ProvisioningState/succeeded\",\r\n
        \             \"level\": \"Info\",\r\n              \"displayStatus\": \"Provisioning
        succeeded\",\r\n              \"time\": \"2022-01-26T12:44:36.2779328+00:00\"\r\n
        \           }\r\n          ]\r\n        }\r\n      ],\r\n      \"statuses\":
        [\r\n        {\r\n          \"code\": \"ProvisioningState/succeeded\",\r\n
        \         \"level\": \"Info\",\r\n          \"displayStatus\": \"Provisioning
        succeeded\",\r\n          \"time\": \"2022-01-26T12:44:41.3248139+00:00\"\r\n
        \       },\r\n        {\r\n          \"code\": \"PowerState/running\",\r\n
        \         \"level\": \"Info\",\r\n          \"displayStatus\": \"VM running\"\r\n
        \       }\r\n      ]\r\n    }\r\n  }\r\n}"
    headers:
      cache-control:
      - no-cache
      content-length:
      - '4372'
      content-type:
      - application/json; charset=utf-8
      date:
      - Wed, 26 Jan 2022 12:45:10 GMT
      expires:
      - '-1'
      pragma:
      - no-cache
      server:
      - Microsoft-HTTPAPI/2.0
      - Microsoft-HTTPAPI/2.0
      strict-transport-security:
      - max-age=31536000; includeSubDomains
      transfer-encoding:
      - chunked
      vary:
      - Accept-Encoding
      x-content-type-options:
      - nosniff
      x-ms-ratelimit-remaining-resource:
      - Microsoft.Compute/LowCostGet3Min;3964,Microsoft.Compute/LowCostGet30Min;31767
    status:
      code: 200
      message: OK
- request:
    body: '{"location": "westus", "tags": {}, "properties": {"hardwareProfile": {"vmSize":
      "Standard_DS1_v2"}, "storageProfile": {"osDisk": {"osType": "Linux", "name":
      "vm-diskattach-test_OsDisk_1_ad5e870b7e20451dbf083a32d36facd8", "caching": "ReadWrite",
      "createOption": "FromImage", "diskSizeGB": 30, "managedDisk": {"id": "/subscriptions/00000000-0000-0000-0000-000000000000/resourceGroups/cli-test-disk000001/providers/Microsoft.Compute/disks/vm-diskattach-test_OsDisk_1_ad5e870b7e20451dbf083a32d36facd8",
      "storageAccountType": "Premium_LRS"}}, "dataDisks": [{"lun": 0, "name": "d1",
      "caching": "None", "createOption": "Attach", "diskSizeGB": 1, "managedDisk":
      {"id": "/subscriptions/00000000-0000-0000-0000-000000000000/resourceGroups/cli-test-disk000001/providers/Microsoft.Compute/disks/d1",
      "storageAccountType": "Premium_LRS"}}]}, "osProfile": {"computerName": "vm-diskattach-test",
      "adminUsername": "admin123", "linuxConfiguration": {"disablePasswordAuthentication":
      false}, "secrets": []}, "networkProfile": {"networkInterfaces": [{"id": "/subscriptions/00000000-0000-0000-0000-000000000000/resourceGroups/cli-test-disk000001/providers/Microsoft.Network/networkInterfaces/vm-diskattach-testVMNic"}]}}}'
    headers:
      Accept:
      - application/json
      Accept-Encoding:
      - gzip, deflate
      CommandName:
      - vm disk detach
      Connection:
      - keep-alive
      Content-Length:
      - '1201'
      Content-Type:
      - application/json
      ParameterSetName:
      - -g --vm-name -n
      User-Agent:
      - AZURECLI/2.32.0 azsdk-python-azure-mgmt-compute/23.1.0 Python/3.9.5 (Windows-10-10.0.19044-SP0)
    method: PUT
    uri: https://management.azure.com/subscriptions/00000000-0000-0000-0000-000000000000/resourceGroups/cli-test-disk000001/providers/Microsoft.Compute/virtualMachines/vm-diskattach-test?api-version=2017-12-01
  response:
    body:
      string: "{\r\n  \"name\": \"vm-diskattach-test\",\r\n  \"id\": \"/subscriptions/00000000-0000-0000-0000-000000000000/resourceGroups/cli-test-disk000001/providers/Microsoft.Compute/virtualMachines/vm-diskattach-test\",\r\n
        \ \"type\": \"Microsoft.Compute/virtualMachines\",\r\n  \"location\": \"westus\",\r\n
        \ \"tags\": {},\r\n  \"properties\": {\r\n    \"vmId\": \"961306a9-8f9e-4251-8792-b82b6dca244e\",\r\n
        \   \"hardwareProfile\": {\r\n      \"vmSize\": \"Standard_DS1_v2\"\r\n    },\r\n
        \   \"storageProfile\": {\r\n      \"imageReference\": {\r\n        \"publisher\":
        \"OpenLogic\",\r\n        \"offer\": \"CentOS\",\r\n        \"sku\": \"7.5\",\r\n
        \       \"version\": \"latest\"\r\n      },\r\n      \"osDisk\": {\r\n        \"osType\":
        \"Linux\",\r\n        \"name\": \"vm-diskattach-test_OsDisk_1_ad5e870b7e20451dbf083a32d36facd8\",\r\n
        \       \"createOption\": \"FromImage\",\r\n        \"caching\": \"ReadWrite\",\r\n
        \       \"managedDisk\": {\r\n          \"storageAccountType\": \"Premium_LRS\",\r\n
        \         \"id\": \"/subscriptions/00000000-0000-0000-0000-000000000000/resourceGroups/cli-test-disk000001/providers/Microsoft.Compute/disks/vm-diskattach-test_OsDisk_1_ad5e870b7e20451dbf083a32d36facd8\"\r\n
        \       },\r\n        \"diskSizeGB\": 30\r\n      },\r\n      \"dataDisks\":
        [\r\n        {\r\n          \"lun\": 0,\r\n          \"name\": \"d1\",\r\n
        \         \"createOption\": \"Attach\",\r\n          \"caching\": \"None\",\r\n
        \         \"managedDisk\": {\r\n            \"storageAccountType\": \"Premium_LRS\",\r\n
        \           \"id\": \"/subscriptions/00000000-0000-0000-0000-000000000000/resourceGroups/cli-test-disk000001/providers/Microsoft.Compute/disks/d1\"\r\n
        \         },\r\n          \"diskSizeGB\": 1\r\n        }\r\n      ]\r\n    },\r\n
        \   \"osProfile\": {\r\n      \"computerName\": \"vm-diskattach-test\",\r\n
        \     \"adminUsername\": \"admin123\",\r\n      \"linuxConfiguration\": {\r\n
        \       \"disablePasswordAuthentication\": false\r\n      },\r\n      \"secrets\":
        []\r\n    },\r\n    \"networkProfile\": {\"networkInterfaces\":[{\"id\":\"/subscriptions/00000000-0000-0000-0000-000000000000/resourceGroups/cli-test-disk000001/providers/Microsoft.Network/networkInterfaces/vm-diskattach-testVMNic\"}]},\r\n
        \   \"provisioningState\": \"Updating\"\r\n  }\r\n}"
    headers:
      azure-asyncnotification:
      - Enabled
      azure-asyncoperation:
      - https://management.azure.com/subscriptions/00000000-0000-0000-0000-000000000000/providers/Microsoft.Compute/locations/westus/operations/ec9ca89f-6db0-4a56-931c-2367c0060c74?p=571046f6-b640-41c1-86f7-f9f044b5adf9&api-version=2017-12-01
      cache-control:
      - no-cache
      content-length:
      - '2040'
      content-type:
      - application/json; charset=utf-8
      date:
      - Wed, 26 Jan 2022 12:45:15 GMT
      expires:
      - '-1'
      pragma:
      - no-cache
      server:
      - Microsoft-HTTPAPI/2.0
      - Microsoft-HTTPAPI/2.0
      strict-transport-security:
      - max-age=31536000; includeSubDomains
      transfer-encoding:
      - chunked
      vary:
      - Accept-Encoding
      x-content-type-options:
      - nosniff
      x-ms-ratelimit-remaining-resource:
      - Microsoft.Compute/PutVM3Min;232,Microsoft.Compute/PutVM30Min;1163
      x-ms-ratelimit-remaining-subscription-writes:
      - '1195'
    status:
      code: 200
      message: OK
- request:
    body: null
    headers:
      Accept:
      - '*/*'
      Accept-Encoding:
      - gzip, deflate
      CommandName:
      - vm disk detach
      Connection:
      - keep-alive
      ParameterSetName:
      - -g --vm-name -n
      User-Agent:
      - AZURECLI/2.32.0 azsdk-python-azure-mgmt-compute/23.1.0 Python/3.9.5 (Windows-10-10.0.19044-SP0)
    method: GET
    uri: https://management.azure.com/subscriptions/00000000-0000-0000-0000-000000000000/providers/Microsoft.Compute/locations/westus/operations/ec9ca89f-6db0-4a56-931c-2367c0060c74?p=571046f6-b640-41c1-86f7-f9f044b5adf9&api-version=2017-12-01
  response:
    body:
      string: "{\r\n  \"startTime\": \"2022-01-26T12:45:13.3249722+00:00\",\r\n  \"endTime\":
        \"2022-01-26T12:45:26.2312898+00:00\",\r\n  \"status\": \"Succeeded\",\r\n
        \ \"name\": \"ec9ca89f-6db0-4a56-931c-2367c0060c74\"\r\n}"
    headers:
      cache-control:
      - no-cache
      content-length:
      - '184'
      content-type:
      - application/json; charset=utf-8
      date:
      - Wed, 26 Jan 2022 12:45:46 GMT
      expires:
      - '-1'
      pragma:
      - no-cache
      server:
      - Microsoft-HTTPAPI/2.0
      - Microsoft-HTTPAPI/2.0
      strict-transport-security:
      - max-age=31536000; includeSubDomains
      transfer-encoding:
      - chunked
      vary:
      - Accept-Encoding
      x-content-type-options:
      - nosniff
      x-ms-ratelimit-remaining-resource:
      - Microsoft.Compute/GetOperation3Min;14978,Microsoft.Compute/GetOperation30Min;29806
    status:
      code: 200
      message: OK
- request:
    body: null
    headers:
      Accept:
      - '*/*'
      Accept-Encoding:
      - gzip, deflate
      CommandName:
      - vm disk detach
      Connection:
      - keep-alive
      ParameterSetName:
      - -g --vm-name -n
      User-Agent:
      - AZURECLI/2.32.0 azsdk-python-azure-mgmt-compute/23.1.0 Python/3.9.5 (Windows-10-10.0.19044-SP0)
    method: GET
    uri: https://management.azure.com/subscriptions/00000000-0000-0000-0000-000000000000/resourceGroups/cli-test-disk000001/providers/Microsoft.Compute/virtualMachines/vm-diskattach-test?api-version=2017-12-01
  response:
    body:
      string: "{\r\n  \"name\": \"vm-diskattach-test\",\r\n  \"id\": \"/subscriptions/00000000-0000-0000-0000-000000000000/resourceGroups/cli-test-disk000001/providers/Microsoft.Compute/virtualMachines/vm-diskattach-test\",\r\n
        \ \"type\": \"Microsoft.Compute/virtualMachines\",\r\n  \"location\": \"westus\",\r\n
        \ \"tags\": {},\r\n  \"properties\": {\r\n    \"vmId\": \"961306a9-8f9e-4251-8792-b82b6dca244e\",\r\n
        \   \"hardwareProfile\": {\r\n      \"vmSize\": \"Standard_DS1_v2\"\r\n    },\r\n
        \   \"storageProfile\": {\r\n      \"imageReference\": {\r\n        \"publisher\":
        \"OpenLogic\",\r\n        \"offer\": \"CentOS\",\r\n        \"sku\": \"7.5\",\r\n
        \       \"version\": \"latest\"\r\n      },\r\n      \"osDisk\": {\r\n        \"osType\":
        \"Linux\",\r\n        \"name\": \"vm-diskattach-test_OsDisk_1_ad5e870b7e20451dbf083a32d36facd8\",\r\n
        \       \"createOption\": \"FromImage\",\r\n        \"caching\": \"ReadWrite\",\r\n
        \       \"managedDisk\": {\r\n          \"storageAccountType\": \"Premium_LRS\",\r\n
        \         \"id\": \"/subscriptions/00000000-0000-0000-0000-000000000000/resourceGroups/cli-test-disk000001/providers/Microsoft.Compute/disks/vm-diskattach-test_OsDisk_1_ad5e870b7e20451dbf083a32d36facd8\"\r\n
        \       },\r\n        \"diskSizeGB\": 30\r\n      },\r\n      \"dataDisks\":
        [\r\n        {\r\n          \"lun\": 0,\r\n          \"name\": \"d1\",\r\n
        \         \"createOption\": \"Attach\",\r\n          \"caching\": \"None\",\r\n
        \         \"managedDisk\": {\r\n            \"storageAccountType\": \"Premium_LRS\",\r\n
        \           \"id\": \"/subscriptions/00000000-0000-0000-0000-000000000000/resourceGroups/cli-test-disk000001/providers/Microsoft.Compute/disks/d1\"\r\n
        \         },\r\n          \"diskSizeGB\": 1\r\n        }\r\n      ]\r\n    },\r\n
        \   \"osProfile\": {\r\n      \"computerName\": \"vm-diskattach-test\",\r\n
        \     \"adminUsername\": \"admin123\",\r\n      \"linuxConfiguration\": {\r\n
        \       \"disablePasswordAuthentication\": false\r\n      },\r\n      \"secrets\":
        []\r\n    },\r\n    \"networkProfile\": {\"networkInterfaces\":[{\"id\":\"/subscriptions/00000000-0000-0000-0000-000000000000/resourceGroups/cli-test-disk000001/providers/Microsoft.Network/networkInterfaces/vm-diskattach-testVMNic\"}]},\r\n
        \   \"provisioningState\": \"Succeeded\"\r\n  }\r\n}"
    headers:
      cache-control:
      - no-cache
      content-length:
      - '2041'
      content-type:
      - application/json; charset=utf-8
      date:
      - Wed, 26 Jan 2022 12:45:46 GMT
      expires:
      - '-1'
      pragma:
      - no-cache
      server:
      - Microsoft-HTTPAPI/2.0
      - Microsoft-HTTPAPI/2.0
      strict-transport-security:
      - max-age=31536000; includeSubDomains
      transfer-encoding:
      - chunked
      vary:
      - Accept-Encoding
      x-content-type-options:
      - nosniff
      x-ms-ratelimit-remaining-resource:
      - Microsoft.Compute/LowCostGet3Min;3958,Microsoft.Compute/LowCostGet30Min;31754
    status:
      code: 200
      message: OK
- request:
    body: null
    headers:
      Accept:
      - application/json
      Accept-Encoding:
      - gzip, deflate
      CommandName:
      - vm disk detach
      Connection:
      - keep-alive
      ParameterSetName:
      - -g --vm-name -n
      User-Agent:
      - AZURECLI/2.32.0 azsdk-python-azure-mgmt-compute/23.1.0 Python/3.9.5 (Windows-10-10.0.19044-SP0)
    method: GET
    uri: https://management.azure.com/subscriptions/00000000-0000-0000-0000-000000000000/resourceGroups/cli-test-disk000001/providers/Microsoft.Compute/virtualMachines/vm-diskattach-test?$expand=instanceView&api-version=2017-12-01
  response:
    body:
      string: "{\r\n  \"name\": \"vm-diskattach-test\",\r\n  \"id\": \"/subscriptions/00000000-0000-0000-0000-000000000000/resourceGroups/cli-test-disk000001/providers/Microsoft.Compute/virtualMachines/vm-diskattach-test\",\r\n
        \ \"type\": \"Microsoft.Compute/virtualMachines\",\r\n  \"location\": \"westus\",\r\n
        \ \"tags\": {},\r\n  \"properties\": {\r\n    \"vmId\": \"961306a9-8f9e-4251-8792-b82b6dca244e\",\r\n
        \   \"hardwareProfile\": {\r\n      \"vmSize\": \"Standard_DS1_v2\"\r\n    },\r\n
        \   \"storageProfile\": {\r\n      \"imageReference\": {\r\n        \"publisher\":
        \"OpenLogic\",\r\n        \"offer\": \"CentOS\",\r\n        \"sku\": \"7.5\",\r\n
        \       \"version\": \"latest\"\r\n      },\r\n      \"osDisk\": {\r\n        \"osType\":
        \"Linux\",\r\n        \"name\": \"vm-diskattach-test_OsDisk_1_ad5e870b7e20451dbf083a32d36facd8\",\r\n
        \       \"createOption\": \"FromImage\",\r\n        \"caching\": \"ReadWrite\",\r\n
        \       \"managedDisk\": {\r\n          \"storageAccountType\": \"Premium_LRS\",\r\n
        \         \"id\": \"/subscriptions/00000000-0000-0000-0000-000000000000/resourceGroups/cli-test-disk000001/providers/Microsoft.Compute/disks/vm-diskattach-test_OsDisk_1_ad5e870b7e20451dbf083a32d36facd8\"\r\n
        \       },\r\n        \"diskSizeGB\": 30\r\n      },\r\n      \"dataDisks\":
        [\r\n        {\r\n          \"lun\": 0,\r\n          \"name\": \"d1\",\r\n
        \         \"createOption\": \"Attach\",\r\n          \"caching\": \"None\",\r\n
        \         \"managedDisk\": {\r\n            \"storageAccountType\": \"Premium_LRS\",\r\n
        \           \"id\": \"/subscriptions/00000000-0000-0000-0000-000000000000/resourceGroups/cli-test-disk000001/providers/Microsoft.Compute/disks/d1\"\r\n
        \         },\r\n          \"diskSizeGB\": 1\r\n        }\r\n      ]\r\n    },\r\n
        \   \"osProfile\": {\r\n      \"computerName\": \"vm-diskattach-test\",\r\n
        \     \"adminUsername\": \"admin123\",\r\n      \"linuxConfiguration\": {\r\n
        \       \"disablePasswordAuthentication\": false\r\n      },\r\n      \"secrets\":
        []\r\n    },\r\n    \"networkProfile\": {\"networkInterfaces\":[{\"id\":\"/subscriptions/00000000-0000-0000-0000-000000000000/resourceGroups/cli-test-disk000001/providers/Microsoft.Network/networkInterfaces/vm-diskattach-testVMNic\"}]},\r\n
        \   \"provisioningState\": \"Succeeded\",\r\n    \"instanceView\": {\r\n      \"computerName\":
        \"vm-diskattach-test\",\r\n      \"osName\": \"centos\",\r\n      \"osVersion\":
        \"7.5.1804\",\r\n      \"vmAgent\": {\r\n        \"vmAgentVersion\": \"2.6.0.2\",\r\n
        \       \"statuses\": [\r\n          {\r\n            \"code\": \"ProvisioningState/succeeded\",\r\n
        \           \"level\": \"Info\",\r\n            \"displayStatus\": \"Ready\",\r\n
        \           \"message\": \"Guest Agent is running\",\r\n            \"time\":
        \"2022-01-26T12:45:22+00:00\"\r\n          }\r\n        ],\r\n        \"extensionHandlers\":
        []\r\n      },\r\n      \"disks\": [\r\n        {\r\n          \"name\": \"vm-diskattach-test_OsDisk_1_ad5e870b7e20451dbf083a32d36facd8\",\r\n
        \         \"statuses\": [\r\n            {\r\n              \"code\": \"ProvisioningState/succeeded\",\r\n
        \             \"level\": \"Info\",\r\n              \"displayStatus\": \"Provisioning
        succeeded\",\r\n              \"time\": \"2022-01-26T12:41:06.2143775+00:00\"\r\n
        \           }\r\n          ]\r\n        },\r\n        {\r\n          \"name\":
        \"d1\",\r\n          \"statuses\": [\r\n            {\r\n              \"code\":
        \"ProvisioningState/succeeded\",\r\n              \"level\": \"Info\",\r\n
        \             \"displayStatus\": \"Provisioning succeeded\",\r\n              \"time\":
        \"2022-01-26T12:44:36.2779328+00:00\"\r\n            }\r\n          ]\r\n
        \       }\r\n      ],\r\n      \"statuses\": [\r\n        {\r\n          \"code\":
        \"ProvisioningState/succeeded\",\r\n          \"level\": \"Info\",\r\n          \"displayStatus\":
        \"Provisioning succeeded\",\r\n          \"time\": \"2022-01-26T12:45:26.2156652+00:00\"\r\n
        \       },\r\n        {\r\n          \"code\": \"PowerState/running\",\r\n
        \         \"level\": \"Info\",\r\n          \"displayStatus\": \"VM running\"\r\n
        \       }\r\n      ]\r\n    }\r\n  }\r\n}"
    headers:
      cache-control:
      - no-cache
      content-length:
      - '3653'
      content-type:
      - application/json; charset=utf-8
      date:
      - Wed, 26 Jan 2022 12:45:46 GMT
      expires:
      - '-1'
      pragma:
      - no-cache
      server:
      - Microsoft-HTTPAPI/2.0
      - Microsoft-HTTPAPI/2.0
      strict-transport-security:
      - max-age=31536000; includeSubDomains
      transfer-encoding:
      - chunked
      vary:
      - Accept-Encoding
      x-content-type-options:
      - nosniff
      x-ms-ratelimit-remaining-resource:
      - Microsoft.Compute/LowCostGet3Min;3957,Microsoft.Compute/LowCostGet30Min;31753
    status:
      code: 200
      message: OK
- request:
    body: '{"location": "westus", "tags": {}, "properties": {"hardwareProfile": {"vmSize":
      "Standard_DS1_v2"}, "storageProfile": {"osDisk": {"osType": "Linux", "name":
      "vm-diskattach-test_OsDisk_1_ad5e870b7e20451dbf083a32d36facd8", "caching": "ReadWrite",
      "createOption": "FromImage", "diskSizeGB": 30, "managedDisk": {"id": "/subscriptions/00000000-0000-0000-0000-000000000000/resourceGroups/cli-test-disk000001/providers/Microsoft.Compute/disks/vm-diskattach-test_OsDisk_1_ad5e870b7e20451dbf083a32d36facd8",
      "storageAccountType": "Premium_LRS"}}, "dataDisks": []}, "osProfile": {"computerName":
      "vm-diskattach-test", "adminUsername": "admin123", "linuxConfiguration": {"disablePasswordAuthentication":
      false}, "secrets": []}, "networkProfile": {"networkInterfaces": [{"id": "/subscriptions/00000000-0000-0000-0000-000000000000/resourceGroups/cli-test-disk000001/providers/Microsoft.Network/networkInterfaces/vm-diskattach-testVMNic"}]}}}'
    headers:
      Accept:
      - application/json
      Accept-Encoding:
      - gzip, deflate
      CommandName:
      - vm disk detach
      Connection:
      - keep-alive
      Content-Length:
      - '928'
      Content-Type:
      - application/json
      ParameterSetName:
      - -g --vm-name -n
      User-Agent:
      - AZURECLI/2.32.0 azsdk-python-azure-mgmt-compute/23.1.0 Python/3.9.5 (Windows-10-10.0.19044-SP0)
    method: PUT
    uri: https://management.azure.com/subscriptions/00000000-0000-0000-0000-000000000000/resourceGroups/cli-test-disk000001/providers/Microsoft.Compute/virtualMachines/vm-diskattach-test?api-version=2017-12-01
  response:
    body:
      string: "{\r\n  \"name\": \"vm-diskattach-test\",\r\n  \"id\": \"/subscriptions/00000000-0000-0000-0000-000000000000/resourceGroups/cli-test-disk000001/providers/Microsoft.Compute/virtualMachines/vm-diskattach-test\",\r\n
        \ \"type\": \"Microsoft.Compute/virtualMachines\",\r\n  \"location\": \"westus\",\r\n
        \ \"tags\": {},\r\n  \"properties\": {\r\n    \"vmId\": \"961306a9-8f9e-4251-8792-b82b6dca244e\",\r\n
        \   \"hardwareProfile\": {\r\n      \"vmSize\": \"Standard_DS1_v2\"\r\n    },\r\n
        \   \"storageProfile\": {\r\n      \"imageReference\": {\r\n        \"publisher\":
        \"OpenLogic\",\r\n        \"offer\": \"CentOS\",\r\n        \"sku\": \"7.5\",\r\n
        \       \"version\": \"latest\"\r\n      },\r\n      \"osDisk\": {\r\n        \"osType\":
        \"Linux\",\r\n        \"name\": \"vm-diskattach-test_OsDisk_1_ad5e870b7e20451dbf083a32d36facd8\",\r\n
        \       \"createOption\": \"FromImage\",\r\n        \"caching\": \"ReadWrite\",\r\n
        \       \"managedDisk\": {\r\n          \"storageAccountType\": \"Premium_LRS\",\r\n
        \         \"id\": \"/subscriptions/00000000-0000-0000-0000-000000000000/resourceGroups/cli-test-disk000001/providers/Microsoft.Compute/disks/vm-diskattach-test_OsDisk_1_ad5e870b7e20451dbf083a32d36facd8\"\r\n
        \       },\r\n        \"diskSizeGB\": 30\r\n      },\r\n      \"dataDisks\":
        []\r\n    },\r\n    \"osProfile\": {\r\n      \"computerName\": \"vm-diskattach-test\",\r\n
        \     \"adminUsername\": \"admin123\",\r\n      \"linuxConfiguration\": {\r\n
        \       \"disablePasswordAuthentication\": false\r\n      },\r\n      \"secrets\":
        []\r\n    },\r\n    \"networkProfile\": {\"networkInterfaces\":[{\"id\":\"/subscriptions/00000000-0000-0000-0000-000000000000/resourceGroups/cli-test-disk000001/providers/Microsoft.Network/networkInterfaces/vm-diskattach-testVMNic\"}]},\r\n
        \   \"provisioningState\": \"Updating\"\r\n  }\r\n}"
    headers:
      azure-asyncnotification:
      - Enabled
      azure-asyncoperation:
      - https://management.azure.com/subscriptions/00000000-0000-0000-0000-000000000000/providers/Microsoft.Compute/locations/westus/operations/01acfa6f-2d9e-4896-b558-0b612407f5f9?p=571046f6-b640-41c1-86f7-f9f044b5adf9&api-version=2017-12-01
      cache-control:
      - no-cache
      content-length:
      - '1633'
      content-type:
      - application/json; charset=utf-8
      date:
      - Wed, 26 Jan 2022 12:45:51 GMT
      expires:
      - '-1'
      pragma:
      - no-cache
      server:
      - Microsoft-HTTPAPI/2.0
      - Microsoft-HTTPAPI/2.0
      strict-transport-security:
      - max-age=31536000; includeSubDomains
      transfer-encoding:
      - chunked
      vary:
      - Accept-Encoding
      x-content-type-options:
      - nosniff
      x-ms-ratelimit-remaining-resource:
      - Microsoft.Compute/PutVM3Min;232,Microsoft.Compute/PutVM30Min;1162
      x-ms-ratelimit-remaining-subscription-writes:
      - '1198'
    status:
      code: 200
      message: OK
- request:
    body: null
    headers:
      Accept:
      - '*/*'
      Accept-Encoding:
      - gzip, deflate
      CommandName:
      - vm disk detach
      Connection:
      - keep-alive
      ParameterSetName:
      - -g --vm-name -n
      User-Agent:
      - AZURECLI/2.32.0 azsdk-python-azure-mgmt-compute/23.1.0 Python/3.9.5 (Windows-10-10.0.19044-SP0)
    method: GET
    uri: https://management.azure.com/subscriptions/00000000-0000-0000-0000-000000000000/providers/Microsoft.Compute/locations/westus/operations/01acfa6f-2d9e-4896-b558-0b612407f5f9?p=571046f6-b640-41c1-86f7-f9f044b5adf9&api-version=2017-12-01
  response:
    body:
      string: "{\r\n  \"startTime\": \"2022-01-26T12:45:48.5907808+00:00\",\r\n  \"endTime\":
        \"2022-01-26T12:46:00.7003296+00:00\",\r\n  \"status\": \"Succeeded\",\r\n
        \ \"name\": \"01acfa6f-2d9e-4896-b558-0b612407f5f9\"\r\n}"
    headers:
      cache-control:
      - no-cache
      content-length:
      - '184'
      content-type:
      - application/json; charset=utf-8
      date:
      - Wed, 26 Jan 2022 12:46:21 GMT
      expires:
      - '-1'
      pragma:
      - no-cache
      server:
      - Microsoft-HTTPAPI/2.0
      - Microsoft-HTTPAPI/2.0
      strict-transport-security:
      - max-age=31536000; includeSubDomains
      transfer-encoding:
      - chunked
      vary:
      - Accept-Encoding
      x-content-type-options:
      - nosniff
      x-ms-ratelimit-remaining-resource:
      - Microsoft.Compute/GetOperation3Min;14981,Microsoft.Compute/GetOperation30Min;29803
    status:
      code: 200
      message: OK
- request:
    body: null
    headers:
      Accept:
      - '*/*'
      Accept-Encoding:
      - gzip, deflate
      CommandName:
      - vm disk detach
      Connection:
      - keep-alive
      ParameterSetName:
      - -g --vm-name -n
      User-Agent:
      - AZURECLI/2.32.0 azsdk-python-azure-mgmt-compute/23.1.0 Python/3.9.5 (Windows-10-10.0.19044-SP0)
    method: GET
    uri: https://management.azure.com/subscriptions/00000000-0000-0000-0000-000000000000/resourceGroups/cli-test-disk000001/providers/Microsoft.Compute/virtualMachines/vm-diskattach-test?api-version=2017-12-01
  response:
    body:
      string: "{\r\n  \"name\": \"vm-diskattach-test\",\r\n  \"id\": \"/subscriptions/00000000-0000-0000-0000-000000000000/resourceGroups/cli-test-disk000001/providers/Microsoft.Compute/virtualMachines/vm-diskattach-test\",\r\n
        \ \"type\": \"Microsoft.Compute/virtualMachines\",\r\n  \"location\": \"westus\",\r\n
        \ \"tags\": {},\r\n  \"properties\": {\r\n    \"vmId\": \"961306a9-8f9e-4251-8792-b82b6dca244e\",\r\n
        \   \"hardwareProfile\": {\r\n      \"vmSize\": \"Standard_DS1_v2\"\r\n    },\r\n
        \   \"storageProfile\": {\r\n      \"imageReference\": {\r\n        \"publisher\":
        \"OpenLogic\",\r\n        \"offer\": \"CentOS\",\r\n        \"sku\": \"7.5\",\r\n
        \       \"version\": \"latest\"\r\n      },\r\n      \"osDisk\": {\r\n        \"osType\":
        \"Linux\",\r\n        \"name\": \"vm-diskattach-test_OsDisk_1_ad5e870b7e20451dbf083a32d36facd8\",\r\n
        \       \"createOption\": \"FromImage\",\r\n        \"caching\": \"ReadWrite\",\r\n
        \       \"managedDisk\": {\r\n          \"storageAccountType\": \"Premium_LRS\",\r\n
        \         \"id\": \"/subscriptions/00000000-0000-0000-0000-000000000000/resourceGroups/cli-test-disk000001/providers/Microsoft.Compute/disks/vm-diskattach-test_OsDisk_1_ad5e870b7e20451dbf083a32d36facd8\"\r\n
        \       },\r\n        \"diskSizeGB\": 30\r\n      },\r\n      \"dataDisks\":
        []\r\n    },\r\n    \"osProfile\": {\r\n      \"computerName\": \"vm-diskattach-test\",\r\n
        \     \"adminUsername\": \"admin123\",\r\n      \"linuxConfiguration\": {\r\n
        \       \"disablePasswordAuthentication\": false\r\n      },\r\n      \"secrets\":
        []\r\n    },\r\n    \"networkProfile\": {\"networkInterfaces\":[{\"id\":\"/subscriptions/00000000-0000-0000-0000-000000000000/resourceGroups/cli-test-disk000001/providers/Microsoft.Network/networkInterfaces/vm-diskattach-testVMNic\"}]},\r\n
        \   \"provisioningState\": \"Succeeded\"\r\n  }\r\n}"
    headers:
      cache-control:
      - no-cache
      content-length:
      - '1634'
      content-type:
      - application/json; charset=utf-8
      date:
      - Wed, 26 Jan 2022 12:46:21 GMT
      expires:
      - '-1'
      pragma:
      - no-cache
      server:
      - Microsoft-HTTPAPI/2.0
      - Microsoft-HTTPAPI/2.0
      strict-transport-security:
      - max-age=31536000; includeSubDomains
      transfer-encoding:
      - chunked
      vary:
      - Accept-Encoding
      x-content-type-options:
      - nosniff
      x-ms-ratelimit-remaining-resource:
      - Microsoft.Compute/LowCostGet3Min;3956,Microsoft.Compute/LowCostGet30Min;31745
    status:
      code: 200
      message: OK
- request:
    body: null
    headers:
      Accept:
      - application/json
      Accept-Encoding:
      - gzip, deflate
      CommandName:
      - vm show
      Connection:
      - keep-alive
      ParameterSetName:
      - -g -n
      User-Agent:
      - AZURECLI/2.32.0 azsdk-python-azure-mgmt-compute/23.1.0 Python/3.9.5 (Windows-10-10.0.19044-SP0)
    method: GET
    uri: https://management.azure.com/subscriptions/00000000-0000-0000-0000-000000000000/resourceGroups/cli-test-disk000001/providers/Microsoft.Compute/virtualMachines/vm-diskattach-test?api-version=2017-12-01
  response:
    body:
      string: "{\r\n  \"name\": \"vm-diskattach-test\",\r\n  \"id\": \"/subscriptions/00000000-0000-0000-0000-000000000000/resourceGroups/cli-test-disk000001/providers/Microsoft.Compute/virtualMachines/vm-diskattach-test\",\r\n
        \ \"type\": \"Microsoft.Compute/virtualMachines\",\r\n  \"location\": \"westus\",\r\n
        \ \"tags\": {},\r\n  \"properties\": {\r\n    \"vmId\": \"961306a9-8f9e-4251-8792-b82b6dca244e\",\r\n
        \   \"hardwareProfile\": {\r\n      \"vmSize\": \"Standard_DS1_v2\"\r\n    },\r\n
        \   \"storageProfile\": {\r\n      \"imageReference\": {\r\n        \"publisher\":
        \"OpenLogic\",\r\n        \"offer\": \"CentOS\",\r\n        \"sku\": \"7.5\",\r\n
        \       \"version\": \"latest\"\r\n      },\r\n      \"osDisk\": {\r\n        \"osType\":
        \"Linux\",\r\n        \"name\": \"vm-diskattach-test_OsDisk_1_ad5e870b7e20451dbf083a32d36facd8\",\r\n
        \       \"createOption\": \"FromImage\",\r\n        \"caching\": \"ReadWrite\",\r\n
        \       \"managedDisk\": {\r\n          \"storageAccountType\": \"Premium_LRS\",\r\n
        \         \"id\": \"/subscriptions/00000000-0000-0000-0000-000000000000/resourceGroups/cli-test-disk000001/providers/Microsoft.Compute/disks/vm-diskattach-test_OsDisk_1_ad5e870b7e20451dbf083a32d36facd8\"\r\n
        \       },\r\n        \"diskSizeGB\": 30\r\n      },\r\n      \"dataDisks\":
        []\r\n    },\r\n    \"osProfile\": {\r\n      \"computerName\": \"vm-diskattach-test\",\r\n
        \     \"adminUsername\": \"admin123\",\r\n      \"linuxConfiguration\": {\r\n
        \       \"disablePasswordAuthentication\": false\r\n      },\r\n      \"secrets\":
        []\r\n    },\r\n    \"networkProfile\": {\"networkInterfaces\":[{\"id\":\"/subscriptions/00000000-0000-0000-0000-000000000000/resourceGroups/cli-test-disk000001/providers/Microsoft.Network/networkInterfaces/vm-diskattach-testVMNic\"}]},\r\n
        \   \"provisioningState\": \"Succeeded\"\r\n  }\r\n}"
    headers:
      cache-control:
      - no-cache
      content-length:
      - '1634'
      content-type:
      - application/json; charset=utf-8
      date:
      - Wed, 26 Jan 2022 12:46:22 GMT
      expires:
      - '-1'
      pragma:
      - no-cache
      server:
      - Microsoft-HTTPAPI/2.0
      - Microsoft-HTTPAPI/2.0
      strict-transport-security:
      - max-age=31536000; includeSubDomains
      transfer-encoding:
      - chunked
      vary:
      - Accept-Encoding
      x-content-type-options:
      - nosniff
      x-ms-ratelimit-remaining-resource:
      - Microsoft.Compute/LowCostGet3Min;3955,Microsoft.Compute/LowCostGet30Min;31744
    status:
      code: 200
      message: OK
- request:
    body: null
    headers:
      Accept:
      - application/json
      Accept-Encoding:
      - gzip, deflate
      CommandName:
      - vm disk attach
      Connection:
      - keep-alive
      ParameterSetName:
      - -g --vm-name --name --caching --sku
      User-Agent:
      - AZURECLI/2.32.0 azsdk-python-azure-mgmt-compute/23.1.0 Python/3.9.5 (Windows-10-10.0.19044-SP0)
    method: GET
    uri: https://management.azure.com/subscriptions/00000000-0000-0000-0000-000000000000/resourceGroups/cli-test-disk000001/providers/Microsoft.Compute/virtualMachines/vm-diskattach-test?$expand=instanceView&api-version=2017-12-01
  response:
    body:
      string: "{\r\n  \"name\": \"vm-diskattach-test\",\r\n  \"id\": \"/subscriptions/00000000-0000-0000-0000-000000000000/resourceGroups/cli-test-disk000001/providers/Microsoft.Compute/virtualMachines/vm-diskattach-test\",\r\n
        \ \"type\": \"Microsoft.Compute/virtualMachines\",\r\n  \"location\": \"westus\",\r\n
        \ \"tags\": {},\r\n  \"properties\": {\r\n    \"vmId\": \"961306a9-8f9e-4251-8792-b82b6dca244e\",\r\n
        \   \"hardwareProfile\": {\r\n      \"vmSize\": \"Standard_DS1_v2\"\r\n    },\r\n
        \   \"storageProfile\": {\r\n      \"imageReference\": {\r\n        \"publisher\":
        \"OpenLogic\",\r\n        \"offer\": \"CentOS\",\r\n        \"sku\": \"7.5\",\r\n
        \       \"version\": \"latest\"\r\n      },\r\n      \"osDisk\": {\r\n        \"osType\":
        \"Linux\",\r\n        \"name\": \"vm-diskattach-test_OsDisk_1_ad5e870b7e20451dbf083a32d36facd8\",\r\n
        \       \"createOption\": \"FromImage\",\r\n        \"caching\": \"ReadWrite\",\r\n
        \       \"managedDisk\": {\r\n          \"storageAccountType\": \"Premium_LRS\",\r\n
        \         \"id\": \"/subscriptions/00000000-0000-0000-0000-000000000000/resourceGroups/cli-test-disk000001/providers/Microsoft.Compute/disks/vm-diskattach-test_OsDisk_1_ad5e870b7e20451dbf083a32d36facd8\"\r\n
        \       },\r\n        \"diskSizeGB\": 30\r\n      },\r\n      \"dataDisks\":
        []\r\n    },\r\n    \"osProfile\": {\r\n      \"computerName\": \"vm-diskattach-test\",\r\n
        \     \"adminUsername\": \"admin123\",\r\n      \"linuxConfiguration\": {\r\n
        \       \"disablePasswordAuthentication\": false\r\n      },\r\n      \"secrets\":
        []\r\n    },\r\n    \"networkProfile\": {\"networkInterfaces\":[{\"id\":\"/subscriptions/00000000-0000-0000-0000-000000000000/resourceGroups/cli-test-disk000001/providers/Microsoft.Network/networkInterfaces/vm-diskattach-testVMNic\"}]},\r\n
        \   \"provisioningState\": \"Succeeded\",\r\n    \"instanceView\": {\r\n      \"computerName\":
        \"vm-diskattach-test\",\r\n      \"osName\": \"centos\",\r\n      \"osVersion\":
        \"7.5.1804\",\r\n      \"vmAgent\": {\r\n        \"vmAgentVersion\": \"2.6.0.2\",\r\n
        \       \"statuses\": [\r\n          {\r\n            \"code\": \"ProvisioningState/succeeded\",\r\n
        \           \"level\": \"Info\",\r\n            \"displayStatus\": \"Ready\",\r\n
        \           \"message\": \"Guest Agent is running\",\r\n            \"time\":
        \"2022-01-26T12:45:58+00:00\"\r\n          }\r\n        ],\r\n        \"extensionHandlers\":
        []\r\n      },\r\n      \"disks\": [\r\n        {\r\n          \"name\": \"vm-diskattach-test_OsDisk_1_ad5e870b7e20451dbf083a32d36facd8\",\r\n
        \         \"statuses\": [\r\n            {\r\n              \"code\": \"ProvisioningState/succeeded\",\r\n
        \             \"level\": \"Info\",\r\n              \"displayStatus\": \"Provisioning
        succeeded\",\r\n              \"time\": \"2022-01-26T12:41:06.2143775+00:00\"\r\n
        \           }\r\n          ]\r\n        }\r\n      ],\r\n      \"statuses\":
        [\r\n        {\r\n          \"code\": \"ProvisioningState/succeeded\",\r\n
        \         \"level\": \"Info\",\r\n          \"displayStatus\": \"Provisioning
        succeeded\",\r\n          \"time\": \"2022-01-26T12:46:00.6845882+00:00\"\r\n
        \       },\r\n        {\r\n          \"code\": \"PowerState/running\",\r\n
        \         \"level\": \"Info\",\r\n          \"displayStatus\": \"VM running\"\r\n
        \       }\r\n      ]\r\n    }\r\n  }\r\n}"
    headers:
      cache-control:
      - no-cache
      content-length:
      - '2927'
      content-type:
      - application/json; charset=utf-8
      date:
      - Wed, 26 Jan 2022 12:46:23 GMT
      expires:
      - '-1'
      pragma:
      - no-cache
      server:
      - Microsoft-HTTPAPI/2.0
      - Microsoft-HTTPAPI/2.0
      strict-transport-security:
      - max-age=31536000; includeSubDomains
      transfer-encoding:
      - chunked
      vary:
      - Accept-Encoding
      x-content-type-options:
      - nosniff
      x-ms-ratelimit-remaining-resource:
      - Microsoft.Compute/LowCostGet3Min;3954,Microsoft.Compute/LowCostGet30Min;31743
    status:
      code: 200
      message: OK
- request:
    body: '{"location": "westus", "tags": {}, "properties": {"hardwareProfile": {"vmSize":
      "Standard_DS1_v2"}, "storageProfile": {"osDisk": {"osType": "Linux", "name":
      "vm-diskattach-test_OsDisk_1_ad5e870b7e20451dbf083a32d36facd8", "caching": "ReadWrite",
      "createOption": "FromImage", "diskSizeGB": 30, "managedDisk": {"id": "/subscriptions/00000000-0000-0000-0000-000000000000/resourceGroups/cli-test-disk000001/providers/Microsoft.Compute/disks/vm-diskattach-test_OsDisk_1_ad5e870b7e20451dbf083a32d36facd8",
      "storageAccountType": "Premium_LRS"}}, "dataDisks": [{"lun": 0, "caching": "ReadWrite",
      "createOption": "Attach", "managedDisk": {"id": "/subscriptions/00000000-0000-0000-0000-000000000000/resourceGroups/cli-test-disk000001/providers/Microsoft.Compute/disks/d1",
      "storageAccountType": "Standard_LRS"}}]}, "osProfile": {"computerName": "vm-diskattach-test",
      "adminUsername": "admin123", "linuxConfiguration": {"disablePasswordAuthentication":
      false}, "secrets": []}, "networkProfile": {"networkInterfaces": [{"id": "/subscriptions/00000000-0000-0000-0000-000000000000/resourceGroups/cli-test-disk000001/providers/Microsoft.Network/networkInterfaces/vm-diskattach-testVMNic"}]}}}'
    headers:
      Accept:
      - application/json
      Accept-Encoding:
      - gzip, deflate
      CommandName:
      - vm disk attach
      Connection:
      - keep-alive
      Content-Length:
      - '1176'
      Content-Type:
      - application/json
      ParameterSetName:
      - -g --vm-name --name --caching --sku
      User-Agent:
      - AZURECLI/2.32.0 azsdk-python-azure-mgmt-compute/23.1.0 Python/3.9.5 (Windows-10-10.0.19044-SP0)
    method: PUT
    uri: https://management.azure.com/subscriptions/00000000-0000-0000-0000-000000000000/resourceGroups/cli-test-disk000001/providers/Microsoft.Compute/virtualMachines/vm-diskattach-test?api-version=2017-12-01
  response:
    body:
      string: "{\r\n  \"name\": \"vm-diskattach-test\",\r\n  \"id\": \"/subscriptions/00000000-0000-0000-0000-000000000000/resourceGroups/cli-test-disk000001/providers/Microsoft.Compute/virtualMachines/vm-diskattach-test\",\r\n
        \ \"type\": \"Microsoft.Compute/virtualMachines\",\r\n  \"location\": \"westus\",\r\n
        \ \"tags\": {},\r\n  \"properties\": {\r\n    \"vmId\": \"961306a9-8f9e-4251-8792-b82b6dca244e\",\r\n
        \   \"hardwareProfile\": {\r\n      \"vmSize\": \"Standard_DS1_v2\"\r\n    },\r\n
        \   \"storageProfile\": {\r\n      \"imageReference\": {\r\n        \"publisher\":
        \"OpenLogic\",\r\n        \"offer\": \"CentOS\",\r\n        \"sku\": \"7.5\",\r\n
        \       \"version\": \"latest\"\r\n      },\r\n      \"osDisk\": {\r\n        \"osType\":
        \"Linux\",\r\n        \"name\": \"vm-diskattach-test_OsDisk_1_ad5e870b7e20451dbf083a32d36facd8\",\r\n
        \       \"createOption\": \"FromImage\",\r\n        \"caching\": \"ReadWrite\",\r\n
        \       \"managedDisk\": {\r\n          \"storageAccountType\": \"Premium_LRS\",\r\n
        \         \"id\": \"/subscriptions/00000000-0000-0000-0000-000000000000/resourceGroups/cli-test-disk000001/providers/Microsoft.Compute/disks/vm-diskattach-test_OsDisk_1_ad5e870b7e20451dbf083a32d36facd8\"\r\n
        \       },\r\n        \"diskSizeGB\": 30\r\n      },\r\n      \"dataDisks\":
        [\r\n        {\r\n          \"lun\": 0,\r\n          \"name\": \"d1\",\r\n
        \         \"createOption\": \"Attach\",\r\n          \"caching\": \"ReadWrite\",\r\n
        \         \"managedDisk\": {\r\n            \"storageAccountType\": \"Standard_LRS\",\r\n
        \           \"id\": \"/subscriptions/00000000-0000-0000-0000-000000000000/resourceGroups/cli-test-disk000001/providers/Microsoft.Compute/disks/d1\"\r\n
        \         },\r\n          \"diskSizeGB\": 1\r\n        }\r\n      ]\r\n    },\r\n
        \   \"osProfile\": {\r\n      \"computerName\": \"vm-diskattach-test\",\r\n
        \     \"adminUsername\": \"admin123\",\r\n      \"linuxConfiguration\": {\r\n
        \       \"disablePasswordAuthentication\": false\r\n      },\r\n      \"secrets\":
        []\r\n    },\r\n    \"networkProfile\": {\"networkInterfaces\":[{\"id\":\"/subscriptions/00000000-0000-0000-0000-000000000000/resourceGroups/cli-test-disk000001/providers/Microsoft.Network/networkInterfaces/vm-diskattach-testVMNic\"}]},\r\n
        \   \"provisioningState\": \"Updating\"\r\n  }\r\n}"
    headers:
      azure-asyncnotification:
      - Enabled
      azure-asyncoperation:
      - https://management.azure.com/subscriptions/00000000-0000-0000-0000-000000000000/providers/Microsoft.Compute/locations/westus/operations/6308d134-50af-49bc-a3d9-ad475f6a60b5?p=571046f6-b640-41c1-86f7-f9f044b5adf9&api-version=2017-12-01
      cache-control:
      - no-cache
      content-length:
      - '2046'
      content-type:
      - application/json; charset=utf-8
      date:
      - Wed, 26 Jan 2022 12:46:27 GMT
      expires:
      - '-1'
      pragma:
      - no-cache
      server:
      - Microsoft-HTTPAPI/2.0
      - Microsoft-HTTPAPI/2.0
      strict-transport-security:
      - max-age=31536000; includeSubDomains
      transfer-encoding:
      - chunked
      vary:
      - Accept-Encoding
      x-content-type-options:
      - nosniff
      x-ms-ratelimit-remaining-resource:
      - Microsoft.Compute/PutVM3Min;231,Microsoft.Compute/PutVM30Min;1160
      x-ms-ratelimit-remaining-subscription-writes:
      - '1197'
    status:
      code: 200
      message: OK
- request:
    body: null
    headers:
      Accept:
      - '*/*'
      Accept-Encoding:
      - gzip, deflate
      CommandName:
      - vm disk attach
      Connection:
      - keep-alive
      ParameterSetName:
      - -g --vm-name --name --caching --sku
      User-Agent:
      - AZURECLI/2.32.0 azsdk-python-azure-mgmt-compute/23.1.0 Python/3.9.5 (Windows-10-10.0.19044-SP0)
    method: GET
    uri: https://management.azure.com/subscriptions/00000000-0000-0000-0000-000000000000/providers/Microsoft.Compute/locations/westus/operations/6308d134-50af-49bc-a3d9-ad475f6a60b5?p=571046f6-b640-41c1-86f7-f9f044b5adf9&api-version=2017-12-01
  response:
    body:
      string: "{\r\n  \"startTime\": \"2022-01-26T12:46:25.4503362+00:00\",\r\n  \"endTime\":
        \"2022-01-26T12:46:35.1066466+00:00\",\r\n  \"status\": \"Succeeded\",\r\n
        \ \"name\": \"6308d134-50af-49bc-a3d9-ad475f6a60b5\"\r\n}"
    headers:
      cache-control:
      - no-cache
      content-length:
      - '184'
      content-type:
      - application/json; charset=utf-8
      date:
      - Wed, 26 Jan 2022 12:46:57 GMT
      expires:
      - '-1'
      pragma:
      - no-cache
      server:
      - Microsoft-HTTPAPI/2.0
      - Microsoft-HTTPAPI/2.0
      strict-transport-security:
      - max-age=31536000; includeSubDomains
      transfer-encoding:
      - chunked
      vary:
      - Accept-Encoding
      x-content-type-options:
      - nosniff
      x-ms-ratelimit-remaining-resource:
      - Microsoft.Compute/GetOperation3Min;14976,Microsoft.Compute/GetOperation30Min;29797
    status:
      code: 200
      message: OK
- request:
    body: null
    headers:
      Accept:
      - '*/*'
      Accept-Encoding:
      - gzip, deflate
      CommandName:
      - vm disk attach
      Connection:
      - keep-alive
      ParameterSetName:
      - -g --vm-name --name --caching --sku
      User-Agent:
      - AZURECLI/2.32.0 azsdk-python-azure-mgmt-compute/23.1.0 Python/3.9.5 (Windows-10-10.0.19044-SP0)
    method: GET
    uri: https://management.azure.com/subscriptions/00000000-0000-0000-0000-000000000000/resourceGroups/cli-test-disk000001/providers/Microsoft.Compute/virtualMachines/vm-diskattach-test?api-version=2017-12-01
  response:
    body:
      string: "{\r\n  \"name\": \"vm-diskattach-test\",\r\n  \"id\": \"/subscriptions/00000000-0000-0000-0000-000000000000/resourceGroups/cli-test-disk000001/providers/Microsoft.Compute/virtualMachines/vm-diskattach-test\",\r\n
        \ \"type\": \"Microsoft.Compute/virtualMachines\",\r\n  \"location\": \"westus\",\r\n
        \ \"tags\": {},\r\n  \"properties\": {\r\n    \"vmId\": \"961306a9-8f9e-4251-8792-b82b6dca244e\",\r\n
        \   \"hardwareProfile\": {\r\n      \"vmSize\": \"Standard_DS1_v2\"\r\n    },\r\n
        \   \"storageProfile\": {\r\n      \"imageReference\": {\r\n        \"publisher\":
        \"OpenLogic\",\r\n        \"offer\": \"CentOS\",\r\n        \"sku\": \"7.5\",\r\n
        \       \"version\": \"latest\"\r\n      },\r\n      \"osDisk\": {\r\n        \"osType\":
        \"Linux\",\r\n        \"name\": \"vm-diskattach-test_OsDisk_1_ad5e870b7e20451dbf083a32d36facd8\",\r\n
        \       \"createOption\": \"FromImage\",\r\n        \"caching\": \"ReadWrite\",\r\n
        \       \"managedDisk\": {\r\n          \"storageAccountType\": \"Premium_LRS\",\r\n
        \         \"id\": \"/subscriptions/00000000-0000-0000-0000-000000000000/resourceGroups/cli-test-disk000001/providers/Microsoft.Compute/disks/vm-diskattach-test_OsDisk_1_ad5e870b7e20451dbf083a32d36facd8\"\r\n
        \       },\r\n        \"diskSizeGB\": 30\r\n      },\r\n      \"dataDisks\":
        [\r\n        {\r\n          \"lun\": 0,\r\n          \"name\": \"d1\",\r\n
        \         \"createOption\": \"Attach\",\r\n          \"caching\": \"ReadWrite\",\r\n
        \         \"managedDisk\": {\r\n            \"storageAccountType\": \"Standard_LRS\",\r\n
        \           \"id\": \"/subscriptions/00000000-0000-0000-0000-000000000000/resourceGroups/cli-test-disk000001/providers/Microsoft.Compute/disks/d1\"\r\n
        \         },\r\n          \"diskSizeGB\": 1\r\n        }\r\n      ]\r\n    },\r\n
        \   \"osProfile\": {\r\n      \"computerName\": \"vm-diskattach-test\",\r\n
        \     \"adminUsername\": \"admin123\",\r\n      \"linuxConfiguration\": {\r\n
        \       \"disablePasswordAuthentication\": false\r\n      },\r\n      \"secrets\":
        []\r\n    },\r\n    \"networkProfile\": {\"networkInterfaces\":[{\"id\":\"/subscriptions/00000000-0000-0000-0000-000000000000/resourceGroups/cli-test-disk000001/providers/Microsoft.Network/networkInterfaces/vm-diskattach-testVMNic\"}]},\r\n
        \   \"provisioningState\": \"Succeeded\"\r\n  }\r\n}"
    headers:
      cache-control:
      - no-cache
      content-length:
      - '2047'
      content-type:
      - application/json; charset=utf-8
      date:
      - Wed, 26 Jan 2022 12:46:57 GMT
      expires:
      - '-1'
      pragma:
      - no-cache
      server:
      - Microsoft-HTTPAPI/2.0
      - Microsoft-HTTPAPI/2.0
      strict-transport-security:
      - max-age=31536000; includeSubDomains
      transfer-encoding:
      - chunked
      vary:
      - Accept-Encoding
      x-content-type-options:
      - nosniff
      x-ms-ratelimit-remaining-resource:
      - Microsoft.Compute/LowCostGet3Min;3951,Microsoft.Compute/LowCostGet30Min;31735
    status:
      code: 200
      message: OK
- request:
    body: null
    headers:
      Accept:
      - application/json
      Accept-Encoding:
      - gzip, deflate
      CommandName:
      - vm show
      Connection:
      - keep-alive
      ParameterSetName:
      - -g -n
      User-Agent:
      - AZURECLI/2.32.0 azsdk-python-azure-mgmt-compute/23.1.0 Python/3.9.5 (Windows-10-10.0.19044-SP0)
    method: GET
    uri: https://management.azure.com/subscriptions/00000000-0000-0000-0000-000000000000/resourceGroups/cli-test-disk000001/providers/Microsoft.Compute/virtualMachines/vm-diskattach-test?api-version=2017-12-01
  response:
    body:
      string: "{\r\n  \"name\": \"vm-diskattach-test\",\r\n  \"id\": \"/subscriptions/00000000-0000-0000-0000-000000000000/resourceGroups/cli-test-disk000001/providers/Microsoft.Compute/virtualMachines/vm-diskattach-test\",\r\n
        \ \"type\": \"Microsoft.Compute/virtualMachines\",\r\n  \"location\": \"westus\",\r\n
        \ \"tags\": {},\r\n  \"properties\": {\r\n    \"vmId\": \"961306a9-8f9e-4251-8792-b82b6dca244e\",\r\n
        \   \"hardwareProfile\": {\r\n      \"vmSize\": \"Standard_DS1_v2\"\r\n    },\r\n
        \   \"storageProfile\": {\r\n      \"imageReference\": {\r\n        \"publisher\":
        \"OpenLogic\",\r\n        \"offer\": \"CentOS\",\r\n        \"sku\": \"7.5\",\r\n
        \       \"version\": \"latest\"\r\n      },\r\n      \"osDisk\": {\r\n        \"osType\":
        \"Linux\",\r\n        \"name\": \"vm-diskattach-test_OsDisk_1_ad5e870b7e20451dbf083a32d36facd8\",\r\n
        \       \"createOption\": \"FromImage\",\r\n        \"caching\": \"ReadWrite\",\r\n
        \       \"managedDisk\": {\r\n          \"storageAccountType\": \"Premium_LRS\",\r\n
        \         \"id\": \"/subscriptions/00000000-0000-0000-0000-000000000000/resourceGroups/cli-test-disk000001/providers/Microsoft.Compute/disks/vm-diskattach-test_OsDisk_1_ad5e870b7e20451dbf083a32d36facd8\"\r\n
        \       },\r\n        \"diskSizeGB\": 30\r\n      },\r\n      \"dataDisks\":
        [\r\n        {\r\n          \"lun\": 0,\r\n          \"name\": \"d1\",\r\n
        \         \"createOption\": \"Attach\",\r\n          \"caching\": \"ReadWrite\",\r\n
        \         \"managedDisk\": {\r\n            \"storageAccountType\": \"Standard_LRS\",\r\n
        \           \"id\": \"/subscriptions/00000000-0000-0000-0000-000000000000/resourceGroups/cli-test-disk000001/providers/Microsoft.Compute/disks/d1\"\r\n
        \         },\r\n          \"diskSizeGB\": 1\r\n        }\r\n      ]\r\n    },\r\n
        \   \"osProfile\": {\r\n      \"computerName\": \"vm-diskattach-test\",\r\n
        \     \"adminUsername\": \"admin123\",\r\n      \"linuxConfiguration\": {\r\n
        \       \"disablePasswordAuthentication\": false\r\n      },\r\n      \"secrets\":
        []\r\n    },\r\n    \"networkProfile\": {\"networkInterfaces\":[{\"id\":\"/subscriptions/00000000-0000-0000-0000-000000000000/resourceGroups/cli-test-disk000001/providers/Microsoft.Network/networkInterfaces/vm-diskattach-testVMNic\"}]},\r\n
        \   \"provisioningState\": \"Succeeded\"\r\n  }\r\n}"
    headers:
      cache-control:
      - no-cache
      content-length:
      - '2047'
      content-type:
      - application/json; charset=utf-8
      date:
      - Wed, 26 Jan 2022 12:46:58 GMT
      expires:
      - '-1'
      pragma:
      - no-cache
      server:
      - Microsoft-HTTPAPI/2.0
      - Microsoft-HTTPAPI/2.0
      strict-transport-security:
      - max-age=31536000; includeSubDomains
      transfer-encoding:
      - chunked
      vary:
      - Accept-Encoding
      x-content-type-options:
      - nosniff
      x-ms-ratelimit-remaining-resource:
      - Microsoft.Compute/LowCostGet3Min;3949,Microsoft.Compute/LowCostGet30Min;31733
    status:
      code: 200
      message: OK
version: 1
