interactions:
- request:
    body: null
    headers:
      Accept:
      - '*/*'
      Accept-Encoding:
      - gzip, deflate
      Connection:
      - keep-alive
      User-Agent:
      - python-requests/2.26.0
    method: GET
    uri: https://raw.githubusercontent.com/Azure/azure-rest-api-specs/master/arm-compute/quickstart-templates/aliases.json
  response:
    body:
      string: "{\n  \"$schema\": \"http://schema.management.azure.com/schemas/2015-01-01/deploymentTemplate.json\",\n
        \ \"contentVersion\": \"1.0.0.0\",\n  \"parameters\": {},\n  \"variables\":
        {},\n  \"resources\": [],\n  \"outputs\": {\n    \"aliases\": {\n      \"type\":
        \"object\",\n      \"value\": {\n        \"Linux\": {\n          \"CentOS\":
        {\n            \"publisher\": \"OpenLogic\",\n            \"offer\": \"CentOS\",\n
        \           \"sku\": \"7.5\",\n            \"version\": \"latest\"\n          },\n
        \         \"Debian\": {\n            \"publisher\": \"Debian\",\n            \"offer\":
        \"debian-10\",\n            \"sku\": \"10\",\n            \"version\": \"latest\"\n
        \         },\n          \"Flatcar\": {\n            \"publisher\": \"kinvolk\",\n
        \           \"offer\": \"flatcar-container-linux-free\",\n            \"sku\":
        \"stable\",\n            \"version\": \"latest\"\n          },\n          \"openSUSE-Leap\":
        {\n            \"publisher\": \"SUSE\",\n            \"offer\": \"openSUSE-Leap\",\n
        \           \"sku\": \"42.3\",\n            \"version\": \"latest\"\n          },\n
        \         \"RHEL\": {\n            \"publisher\": \"RedHat\",\n            \"offer\":
        \"RHEL\",\n            \"sku\": \"7-LVM\",\n            \"version\": \"latest\"\n
        \         },\n          \"SLES\": {\n            \"publisher\": \"SUSE\",\n
        \           \"offer\": \"SLES\",\n            \"sku\": \"15\",\n            \"version\":
        \"latest\"\n          },\n          \"UbuntuLTS\": {\n            \"publisher\":
        \"Canonical\",\n            \"offer\": \"UbuntuServer\",\n            \"sku\":
        \"18.04-LTS\",\n            \"version\": \"latest\"\n          }\n        },\n
        \       \"Windows\": {\n          \"Win2019Datacenter\": {\n            \"publisher\":
        \"MicrosoftWindowsServer\",\n            \"offer\": \"WindowsServer\",\n            \"sku\":
        \"2019-Datacenter\",\n            \"version\": \"latest\"\n          },\n
        \         \"Win2016Datacenter\": {\n            \"publisher\": \"MicrosoftWindowsServer\",\n
        \           \"offer\": \"WindowsServer\",\n            \"sku\": \"2016-Datacenter\",\n
        \           \"version\": \"latest\"\n          },\n          \"Win2012R2Datacenter\":
        {\n            \"publisher\": \"MicrosoftWindowsServer\",\n            \"offer\":
        \"WindowsServer\",\n            \"sku\": \"2012-R2-Datacenter\",\n            \"version\":
        \"latest\"\n          },\n          \"Win2012Datacenter\": {\n            \"publisher\":
        \"MicrosoftWindowsServer\",\n            \"offer\": \"WindowsServer\",\n            \"sku\":
        \"2012-Datacenter\",\n            \"version\": \"latest\"\n          },\n
        \         \"Win2008R2SP1\": {\n            \"publisher\": \"MicrosoftWindowsServer\",\n
        \           \"offer\": \"WindowsServer\",\n            \"sku\": \"2008-R2-SP1\",\n
        \           \"version\": \"latest\"\n          }\n        }\n      }\n    }\n
        \ }\n}\n"
    headers:
      accept-ranges:
      - bytes
      access-control-allow-origin:
      - '*'
      cache-control:
      - max-age=300
      connection:
      - keep-alive
      content-length:
      - '2525'
      content-security-policy:
      - default-src 'none'; style-src 'unsafe-inline'; sandbox
      content-type:
      - text/plain; charset=utf-8
      date:
      - Wed, 26 Jan 2022 12:56:13 GMT
      etag:
      - W/"54bceef15b892f2aa7f4c2145a49f1b5e33608722acdbb47933d7b6cbebbd7f4"
      expires:
      - Wed, 26 Jan 2022 13:01:13 GMT
      source-age:
      - '112'
      strict-transport-security:
      - max-age=31536000
      vary:
      - Authorization,Accept-Encoding,Origin
      via:
      - 1.1 varnish
      x-cache:
      - HIT
      x-cache-hits:
      - '1'
      x-content-type-options:
      - nosniff
      x-fastly-request-id:
      - 6a35d57cf5c1ba6f727a4e76438e7752cc55106c
      x-frame-options:
      - deny
      x-github-request-id:
      - 5802:6E50:2AD870:3921C5:61EF945E
      x-served-by:
      - cache-qpg1239-QPG
      x-timer:
      - S1643201773.268288,VS0,VE1
      x-xss-protection:
      - 1; mode=block
    status:
      code: 200
      message: OK
- request:
    body: null
    headers:
      Accept:
      - application/json
      Accept-Encoding:
      - gzip, deflate
      CommandName:
      - vm create
      Connection:
      - keep-alive
      ParameterSetName:
      - -g -n --admin-username --authentication-type --image --ssh-key-value -l --secrets
      User-Agent:
      - AZURECLI/2.32.0 azsdk-python-azure-mgmt-compute/23.1.0 Python/3.9.5 (Windows-10-10.0.19044-SP0)
    method: GET
    uri: https://management.azure.com/subscriptions/00000000-0000-0000-0000-000000000000/providers/Microsoft.Compute/locations/westus/publishers/Canonical/artifacttypes/vmimage/offers/UbuntuServer/skus/18.04-LTS/versions?$top=1&$orderby=name%20desc&api-version=2017-12-01
  response:
    body:
      string: "[\r\n  {\r\n    \"location\": \"westus\",\r\n    \"name\": \"18.04.202201180\",\r\n
        \   \"id\": \"/Subscriptions/00000000-0000-0000-0000-000000000000/Providers/Microsoft.Compute/Locations/westus/Publishers/Canonical/ArtifactTypes/VMImage/Offers/UbuntuServer/Skus/18.04-LTS/Versions/18.04.202201180\"\r\n
        \ }\r\n]"
    headers:
      cache-control:
      - no-cache
      content-length:
      - '286'
      content-type:
      - application/json; charset=utf-8
      date:
      - Wed, 26 Jan 2022 12:56:14 GMT
      expires:
      - '-1'
      pragma:
      - no-cache
      server:
      - Microsoft-HTTPAPI/2.0
      - Microsoft-HTTPAPI/2.0
      strict-transport-security:
      - max-age=31536000; includeSubDomains
      transfer-encoding:
      - chunked
      vary:
      - Accept-Encoding
      x-content-type-options:
      - nosniff
      x-ms-ratelimit-remaining-resource:
      - Microsoft.Compute/ListVMImagesVersionsFromLocation3Min;15996,Microsoft.Compute/ListVMImagesVersionsFromLocation30Min;43960
    status:
      code: 200
      message: OK
- request:
    body: null
    headers:
      Accept:
      - application/json
      Accept-Encoding:
      - gzip, deflate
      CommandName:
      - vm create
      Connection:
      - keep-alive
      ParameterSetName:
      - -g -n --admin-username --authentication-type --image --ssh-key-value -l --secrets
      User-Agent:
      - AZURECLI/2.32.0 azsdk-python-azure-mgmt-compute/23.1.0 Python/3.9.5 (Windows-10-10.0.19044-SP0)
    method: GET
    uri: https://management.azure.com/subscriptions/00000000-0000-0000-0000-000000000000/providers/Microsoft.Compute/locations/westus/publishers/Canonical/artifacttypes/vmimage/offers/UbuntuServer/skus/18.04-LTS/versions/18.04.202201180?api-version=2017-12-01
  response:
    body:
      string: "{\r\n  \"properties\": {\r\n    \"hyperVGeneration\": \"V1\",\r\n    \"architecture\":
        \"x64\",\r\n    \"replicaType\": \"Unmanaged\",\r\n    \"disallowed\": {\r\n
        \     \"vmDiskType\": \"None\"\r\n    },\r\n    \"automaticOSUpgradeProperties\":
        {\r\n      \"automaticOSUpgradeSupported\": true\r\n    },\r\n    \"imageDeprecationStatus\":
        {\r\n      \"imageState\": \"Active\"\r\n    },\r\n    \"osDiskImage\": {\r\n
        \     \"operatingSystem\": \"Linux\",\r\n      \"sizeInGb\": 31,\r\n      \"sizeInBytes\":
        32213303808\r\n    },\r\n    \"dataDiskImages\": []\r\n  },\r\n  \"location\":
        \"westus\",\r\n  \"name\": \"18.04.202201180\",\r\n  \"id\": \"/Subscriptions/00000000-0000-0000-0000-000000000000/Providers/Microsoft.Compute/Locations/westus/Publishers/Canonical/ArtifactTypes/VMImage/Offers/UbuntuServer/Skus/18.04-LTS/Versions/18.04.202201180\"\r\n}"
    headers:
      cache-control:
      - no-cache
      content-length:
      - '753'
      content-type:
      - application/json; charset=utf-8
      date:
      - Wed, 26 Jan 2022 12:56:15 GMT
      expires:
      - '-1'
      pragma:
      - no-cache
      server:
      - Microsoft-HTTPAPI/2.0
      - Microsoft-HTTPAPI/2.0
      strict-transport-security:
      - max-age=31536000; includeSubDomains
      transfer-encoding:
      - chunked
      vary:
      - Accept-Encoding
      x-content-type-options:
      - nosniff
      x-ms-ratelimit-remaining-resource:
      - Microsoft.Compute/GetVMImageFromLocation3Min;12998,Microsoft.Compute/GetVMImageFromLocation30Min;73979
    status:
      code: 200
      message: OK
- request:
    body: null
    headers:
      Accept:
      - application/json, text/json
      Accept-Encoding:
      - gzip, deflate
      CommandName:
      - vm create
      Connection:
      - keep-alive
      ParameterSetName:
      - -g -n --admin-username --authentication-type --image --ssh-key-value -l --secrets
      User-Agent:
      - AZURECLI/2.32.0 azsdk-python-azure-mgmt-network/19.3.0 Python/3.9.5 (Windows-10-10.0.19044-SP0)
    method: GET
    uri: https://management.azure.com/subscriptions/00000000-0000-0000-0000-000000000000/resourceGroups/cli_test_vm_secrets000001/providers/Microsoft.Network/virtualNetworks?api-version=2017-10-01
  response:
    body:
      string: '{"value":[]}'
    headers:
      cache-control:
      - no-cache
      content-length:
      - '12'
      content-type:
      - application/json; charset=utf-8
      date:
      - Wed, 26 Jan 2022 12:56:15 GMT
      expires:
      - '-1'
      pragma:
      - no-cache
      strict-transport-security:
      - max-age=31536000; includeSubDomains
      vary:
      - Accept-Encoding
      x-content-type-options:
      - nosniff
    status:
      code: 200
      message: OK
- request:
    body: ''
    headers:
      Accept:
      - application/json
      Accept-Encoding:
      - gzip, deflate
      Connection:
      - keep-alive
      Content-Length:
      - 0
      Content-Type:
      - application/json; charset=utf-8
      User-Agent:
      - python/3.9.5 (Windows-10-10.0.19044-SP0) msrest/0.6.21 msrest_azure/0.6.4
        azure-keyvault/2016-10-01 Azure-SDK-For-Python
      accept-language:
      - en-US
    method: POST
    uri: https://vmlinuxkv000002.vault.azure.net/certificates/cert1/create?api-version=2016-10-01
  response:
    body:
      string: '{"error":{"code":"Unauthorized","message":"AKV10000: Request is missing
        a Bearer or PoP token."}}'
    headers:
      cache-control:
      - no-cache
      content-length:
      - '97'
      content-type:
      - application/json; charset=utf-8
      date:
      - Wed, 26 Jan 2022 12:57:16 GMT
      expires:
      - '-1'
      pragma:
      - no-cache
      strict-transport-security:
      - max-age=31536000;includeSubDomains
      www-authenticate:
      - Bearer authorization="https://login.windows.net/54826b22-38d6-4fb2-bad9-b7b93a3e9c5a",
        resource="https://vault.azure.net"
      x-content-type-options:
      - nosniff
      x-ms-keyvault-network-info:
      - conn_type=Ipv4;addr=167.220.255.27;act_addr_fam=InterNetwork;
      x-ms-keyvault-region:
      - westus
      x-ms-keyvault-service-version:
      - 1.9.264.2
      x-powered-by:
      - ASP.NET
    status:
      code: 401
      message: Unauthorized
- request:
    body: '{"policy": {"key_props": {"exportable": true, "kty": "RSA", "key_size":
      2048, "reuse_key": false}, "secret_props": {"contentType": "application/x-pkcs12"},
      "x509_props": {"subject": "C=US, ST=WA, L=Redmon, O=Test Noodle, OU=TestNugget,
      CN=www.mytestdomain.com", "key_usage": ["digitalSignature", "nonRepudiation",
      "keyEncipherment", "keyAgreement", "keyCertSign"], "validity_months": 60}, "lifetime_actions":
      [{"trigger": {"lifetime_percentage": 90}, "action": {"action_type": "AutoRenew"}}],
      "issuer": {"name": "Self"}, "attributes": {"enabled": true}}, "attributes":
      {"enabled": true}}'
    headers:
      Accept:
      - application/json
      Accept-Encoding:
      - gzip, deflate
      Connection:
      - keep-alive
      Content-Length:
      - '587'
      Content-Type:
      - application/json; charset=utf-8
      User-Agent:
      - python/3.9.5 (Windows-10-10.0.19044-SP0) msrest/0.6.21 msrest_azure/0.6.4
        azure-keyvault/2016-10-01 Azure-SDK-For-Python
      accept-language:
      - en-US
    method: POST
    uri: https://vmlinuxkv000002.vault.azure.net/certificates/cert1/create?api-version=2016-10-01
  response:
    body:
      string: '{"id":"https://vmlinuxkv000002.vault.azure.net/certificates/cert1/pending","issuer":{"name":"Self"},"csr":"MIIDBTCCAe0CAQAwdTEdMBsGA1UEAxMUd3d3Lm15dGVzdGRvbWFpbi5jb20xEzARBgNVBAsTClRlc3ROdWdnZXQxFDASBgNVBAoTC1Rlc3QgTm9vZGxlMQ8wDQYDVQQHEwZSZWRtb24xCzAJBgNVBAgTAldBMQswCQYDVQQGEwJVUzCCASIwDQYJKoZIhvcNAQEBBQADggEPADCCAQoCggEBAJ7SQiyUrNll+uLR7nkJP+lWpkrROaIdBxi/JTDEODXo7ySmZfkdHhT/zLJLQAscfzxTj2X8DELT46W51oLU7JUENxihpvDTDFwT18wMqd1uQitWnM8r+r+da38ttukq64j266a9UDCTnZ61RnrmnDFR68Jj+Fve5JrswYRn2D8Q8ddFTM3lNGmEu/DgWo8ZQXS6U/+tNyymFVIgxvZLonsNGW3mM7uCxfBRLnRlNUMY4qejF6zqpKCMpmD9VAMkHnQx0AdQx82odwKDpRzs7mrL1p2GqtXKYszVsZVuzEGJ8gbTJagpIPIVw2MXq/JRN/CciRSN6HBqC1zmos5aIEUCAwEAAaBLMEkGCSqGSIb3DQEJDjE8MDowDgYDVR0PAQH/BAQDAgLsMB0GA1UdJQQWMBQGCCsGAQUFBwMBBggrBgEFBQcDAjAJBgNVHRMEAjAAMA0GCSqGSIb3DQEBCwUAA4IBAQCBSkffWDTsEooJdsAN06aFMbEg87NC7AUHdRDC5RozJ9/iXzII6MBAZ0UlCuKzxlGtNBaAEVkdeR0EphdJ+n+eLXzptfW9GTDQfwCfD3q9yH2SSzQfkF4Fde7Q8rAqfIboyiw9cb/tZfl/K6HuvbRna3Uoine6JkLuLXD6R19S/5XIaNYM/uyWAGGWTRmnlTUdc7KNNdDz5Pj0B4qW7MXDIPnBZ/EsC5q326wXetlede6vrnuOp2TXMCl3wPDBRxknpvDPorPEUbSav6NpWCa0F8/zDl0MUM8OQ4pgyQNLS5skzh+HoCXzYC7S7hCBMr2xMYh8wQeSiDFQLFBac4T/","cancellation_requested":false,"status":"inProgress","status_details":"Pending
        certificate created. Certificate request is in progress. This may take some
        time based on the issuer provider. Please check again later.","request_id":"46968e0c73f54bd8bfe23233fd8af414"}'
    headers:
      cache-control:
      - no-cache
      content-length:
      - '1410'
      content-type:
      - application/json; charset=utf-8
      date:
      - Wed, 26 Jan 2022 12:57:17 GMT
      expires:
      - '-1'
      location:
      - https://vmlinuxkv000002.vault.azure.net/certificates/cert1/pending?api-version=2016-10-01&request_id=46968e0c73f54bd8bfe23233fd8af414
      pragma:
      - no-cache
      strict-transport-security:
      - max-age=31536000;includeSubDomains
      x-content-type-options:
      - nosniff
      x-ms-keyvault-network-info:
      - conn_type=Ipv4;addr=167.220.255.27;act_addr_fam=InterNetwork;
      x-ms-keyvault-region:
      - westus
      x-ms-keyvault-service-version:
      - 1.9.264.2
      x-powered-by:
      - ASP.NET
    status:
      code: 202
      message: Accepted
- request:
    body: null
    headers:
      Accept:
      - application/json
      Accept-Encoding:
      - gzip, deflate
      Connection:
      - keep-alive
      Content-Type:
      - application/json; charset=utf-8
      User-Agent:
      - python/3.9.5 (Windows-10-10.0.19044-SP0) msrest/0.6.21 msrest_azure/0.6.4
        azure-keyvault/2016-10-01 Azure-SDK-For-Python
      accept-language:
      - en-US
    method: GET
    uri: https://vmlinuxkv000002.vault.azure.net/certificates/cert1/pending?api-version=2016-10-01
  response:
    body:
      string: '{"id":"https://vmlinuxkv000002.vault.azure.net/certificates/cert1/pending","issuer":{"name":"Self"},"csr":"MIIDBTCCAe0CAQAwdTEdMBsGA1UEAxMUd3d3Lm15dGVzdGRvbWFpbi5jb20xEzARBgNVBAsTClRlc3ROdWdnZXQxFDASBgNVBAoTC1Rlc3QgTm9vZGxlMQ8wDQYDVQQHEwZSZWRtb24xCzAJBgNVBAgTAldBMQswCQYDVQQGEwJVUzCCASIwDQYJKoZIhvcNAQEBBQADggEPADCCAQoCggEBAJ7SQiyUrNll+uLR7nkJP+lWpkrROaIdBxi/JTDEODXo7ySmZfkdHhT/zLJLQAscfzxTj2X8DELT46W51oLU7JUENxihpvDTDFwT18wMqd1uQitWnM8r+r+da38ttukq64j266a9UDCTnZ61RnrmnDFR68Jj+Fve5JrswYRn2D8Q8ddFTM3lNGmEu/DgWo8ZQXS6U/+tNyymFVIgxvZLonsNGW3mM7uCxfBRLnRlNUMY4qejF6zqpKCMpmD9VAMkHnQx0AdQx82odwKDpRzs7mrL1p2GqtXKYszVsZVuzEGJ8gbTJagpIPIVw2MXq/JRN/CciRSN6HBqC1zmos5aIEUCAwEAAaBLMEkGCSqGSIb3DQEJDjE8MDowDgYDVR0PAQH/BAQDAgLsMB0GA1UdJQQWMBQGCCsGAQUFBwMBBggrBgEFBQcDAjAJBgNVHRMEAjAAMA0GCSqGSIb3DQEBCwUAA4IBAQCBSkffWDTsEooJdsAN06aFMbEg87NC7AUHdRDC5RozJ9/iXzII6MBAZ0UlCuKzxlGtNBaAEVkdeR0EphdJ+n+eLXzptfW9GTDQfwCfD3q9yH2SSzQfkF4Fde7Q8rAqfIboyiw9cb/tZfl/K6HuvbRna3Uoine6JkLuLXD6R19S/5XIaNYM/uyWAGGWTRmnlTUdc7KNNdDz5Pj0B4qW7MXDIPnBZ/EsC5q326wXetlede6vrnuOp2TXMCl3wPDBRxknpvDPorPEUbSav6NpWCa0F8/zDl0MUM8OQ4pgyQNLS5skzh+HoCXzYC7S7hCBMr2xMYh8wQeSiDFQLFBac4T/","cancellation_requested":false,"status":"inProgress","status_details":"Pending
        certificate created. Certificate request is in progress. This may take some
        time based on the issuer provider. Please check again later.","request_id":"46968e0c73f54bd8bfe23233fd8af414"}'
    headers:
      cache-control:
      - no-cache
      content-length:
      - '1410'
      content-type:
      - application/json; charset=utf-8
      date:
      - Wed, 26 Jan 2022 12:57:18 GMT
      expires:
      - '-1'
      pragma:
      - no-cache
      strict-transport-security:
      - max-age=31536000;includeSubDomains
      x-content-type-options:
      - nosniff
      x-ms-keyvault-network-info:
      - conn_type=Ipv4;addr=167.220.255.27;act_addr_fam=InterNetwork;
      x-ms-keyvault-region:
      - westus
      x-ms-keyvault-service-version:
      - 1.9.264.2
      x-powered-by:
      - ASP.NET
    status:
      code: 200
      message: OK
- request:
    body: null
    headers:
      Accept:
      - application/json
      Accept-Encoding:
      - gzip, deflate
      Connection:
      - keep-alive
      Content-Type:
      - application/json; charset=utf-8
      User-Agent:
      - python/3.9.5 (Windows-10-10.0.19044-SP0) msrest/0.6.21 msrest_azure/0.6.4
        azure-keyvault/2016-10-01 Azure-SDK-For-Python
      accept-language:
      - en-US
    method: GET
    uri: https://vmlinuxkv000002.vault.azure.net/certificates/cert1/pending?api-version=2016-10-01
  response:
    body:
      string: '{"id":"https://vmlinuxkv000002.vault.azure.net/certificates/cert1/pending","issuer":{"name":"Self"},"csr":"MIIDBTCCAe0CAQAwdTEdMBsGA1UEAxMUd3d3Lm15dGVzdGRvbWFpbi5jb20xEzARBgNVBAsTClRlc3ROdWdnZXQxFDASBgNVBAoTC1Rlc3QgTm9vZGxlMQ8wDQYDVQQHEwZSZWRtb24xCzAJBgNVBAgTAldBMQswCQYDVQQGEwJVUzCCASIwDQYJKoZIhvcNAQEBBQADggEPADCCAQoCggEBAJ7SQiyUrNll+uLR7nkJP+lWpkrROaIdBxi/JTDEODXo7ySmZfkdHhT/zLJLQAscfzxTj2X8DELT46W51oLU7JUENxihpvDTDFwT18wMqd1uQitWnM8r+r+da38ttukq64j266a9UDCTnZ61RnrmnDFR68Jj+Fve5JrswYRn2D8Q8ddFTM3lNGmEu/DgWo8ZQXS6U/+tNyymFVIgxvZLonsNGW3mM7uCxfBRLnRlNUMY4qejF6zqpKCMpmD9VAMkHnQx0AdQx82odwKDpRzs7mrL1p2GqtXKYszVsZVuzEGJ8gbTJagpIPIVw2MXq/JRN/CciRSN6HBqC1zmos5aIEUCAwEAAaBLMEkGCSqGSIb3DQEJDjE8MDowDgYDVR0PAQH/BAQDAgLsMB0GA1UdJQQWMBQGCCsGAQUFBwMBBggrBgEFBQcDAjAJBgNVHRMEAjAAMA0GCSqGSIb3DQEBCwUAA4IBAQCBSkffWDTsEooJdsAN06aFMbEg87NC7AUHdRDC5RozJ9/iXzII6MBAZ0UlCuKzxlGtNBaAEVkdeR0EphdJ+n+eLXzptfW9GTDQfwCfD3q9yH2SSzQfkF4Fde7Q8rAqfIboyiw9cb/tZfl/K6HuvbRna3Uoine6JkLuLXD6R19S/5XIaNYM/uyWAGGWTRmnlTUdc7KNNdDz5Pj0B4qW7MXDIPnBZ/EsC5q326wXetlede6vrnuOp2TXMCl3wPDBRxknpvDPorPEUbSav6NpWCa0F8/zDl0MUM8OQ4pgyQNLS5skzh+HoCXzYC7S7hCBMr2xMYh8wQeSiDFQLFBac4T/","cancellation_requested":false,"status":"completed","target":"https://vmlinuxkv000002.vault.azure.net/certificates/cert1","request_id":"46968e0c73f54bd8bfe23233fd8af414"}'
    headers:
      cache-control:
      - no-cache
      content-length:
      - '1315'
      content-type:
      - application/json; charset=utf-8
      date:
      - Wed, 26 Jan 2022 12:57:30 GMT
      expires:
      - '-1'
      pragma:
      - no-cache
      strict-transport-security:
      - max-age=31536000;includeSubDomains
      x-content-type-options:
      - nosniff
      x-ms-keyvault-network-info:
      - conn_type=Ipv4;addr=167.220.255.27;act_addr_fam=InterNetwork;
      x-ms-keyvault-region:
      - westus
      x-ms-keyvault-service-version:
      - 1.9.264.2
      x-powered-by:
      - ASP.NET
    status:
      code: 200
      message: OK
- request:
    body: null
    headers:
      Accept:
      - application/json
      Accept-Encoding:
      - gzip, deflate
      Connection:
      - keep-alive
      Content-Type:
      - application/json; charset=utf-8
      User-Agent:
      - python/3.9.5 (Windows-10-10.0.19044-SP0) msrest/0.6.21 msrest_azure/0.6.4
        azure-keyvault/2016-10-01 Azure-SDK-For-Python
      accept-language:
      - en-US
    method: GET
    uri: https://vmlinuxkv000002.vault.azure.net/secrets/cert1/versions?api-version=2016-10-01
  response:
    body:
      string: '{"value":[{"contentType":"application/x-pkcs12","id":"https://vmlinuxkv000002.vault.azure.net/secrets/cert1/4d86b039ddff4a50aaacc10dd5ad2b29","managed":true,"attributes":{"enabled":true,"nbf":1643201240,"exp":1800968240,"created":1643201840,"updated":1643201840,"recoveryLevel":"Recoverable+Purgeable"}},{"contentType":"application/x-pkcs12","id":"https://vmlinuxkv000002.vault.azure.net/secrets/cert1/6dcd6fc391d947038f39d9d904bdfe47","managed":true,"attributes":{"enabled":false,"nbf":1643201237,"exp":1800968237,"created":1643201837,"updated":1643201837,"recoveryLevel":"Recoverable+Purgeable"}}],"nextLink":null}'
    headers:
      cache-control:
      - no-cache
      content-length:
      - '616'
      content-type:
      - application/json; charset=utf-8
      date:
      - Wed, 26 Jan 2022 12:57:31 GMT
      expires:
      - '-1'
      pragma:
      - no-cache
      strict-transport-security:
      - max-age=31536000;includeSubDomains
      x-content-type-options:
      - nosniff
      x-ms-keyvault-network-info:
      - conn_type=Ipv4;addr=167.220.255.27;act_addr_fam=InterNetwork;
      x-ms-keyvault-region:
      - westus
      x-ms-keyvault-service-version:
      - 1.9.264.2
      x-powered-by:
      - ASP.NET
    status:
      code: 200
      message: OK
- request:
    body: null
    headers:
      Accept:
      - application/json
      Accept-Encoding:
      - gzip, deflate
      CommandName:
      - vm secret format
      Connection:
      - keep-alive
      ParameterSetName:
      - -s
      User-Agent:
      - AZURECLI/2.32.0 azsdk-python-azure-mgmt-keyvault/9.3.0 Python/3.9.5 (Windows-10-10.0.19044-SP0)
    method: GET
    uri: https://management.azure.com/subscriptions/00000000-0000-0000-0000-000000000000/resources?$filter=resourceType%20eq%20%27Microsoft.KeyVault%2Fvaults%27&api-version=2015-11-01
  response:
    body:
      string: '{"value":[{"id":"/subscriptions/00000000-0000-0000-0000-000000000000/resourceGroups/bez-rg/providers/Microsoft.KeyVault/vaults/bez-kv","name":"bez-kv","type":"Microsoft.KeyVault/vaults","location":"eastus","tags":{}},{"id":"/subscriptions/00000000-0000-0000-0000-000000000000/resourceGroups/cli_test_vm_secrets000001/providers/Microsoft.KeyVault/vaults/vmlinuxkv000002","name":"vmlinuxkv000002","type":"Microsoft.KeyVault/vaults","location":"westus","tags":{}},{"id":"/subscriptions/00000000-0000-0000-0000-000000000000/resourceGroups/dixue/providers/Microsoft.KeyVault/vaults/dixuekv-1203-1","name":"dixuekv-1203-1","type":"Microsoft.KeyVault/vaults","location":"westus","tags":{}},{"id":"/subscriptions/00000000-0000-0000-0000-000000000000/resourceGroups/jiasli-dev/providers/Microsoft.KeyVault/vaults/jlkv1","name":"jlkv1","type":"Microsoft.KeyVault/vaults","location":"southeastasia","tags":{}},{"id":"/subscriptions/00000000-0000-0000-0000-000000000000/resourceGroups/lgrg/providers/Microsoft.KeyVault/vaults/kv6slsglpo4qc54","name":"kv6slsglpo4qc54","type":"Microsoft.KeyVault/vaults","location":"westus2","tags":{}},{"id":"/subscriptions/00000000-0000-0000-0000-000000000000/resourceGroups/python-sdk-test/providers/Microsoft.KeyVault/vaults/python-devops-key","name":"python-devops-key","type":"Microsoft.KeyVault/vaults","location":"eastus","tags":{}},{"id":"/subscriptions/00000000-0000-0000-0000-000000000000/resourceGroups/python-sdk-test/providers/Microsoft.KeyVault/vaults/SDKAutoPipelineSecrets","name":"SDKAutoPipelineSecrets","type":"Microsoft.KeyVault/vaults","location":"eastus","tags":{}},{"id":"/subscriptions/00000000-0000-0000-0000-000000000000/resourceGroups/yishitest/providers/Microsoft.KeyVault/vaults/ystestkv","name":"ystestkv","type":"Microsoft.KeyVault/vaults","location":"eastus","tags":{}}]}'
    headers:
      cache-control:
      - no-cache
      content-length:
      - '1824'
      content-type:
      - application/json; charset=utf-8
      date:
      - Wed, 26 Jan 2022 12:57:32 GMT
      expires:
      - '-1'
      pragma:
      - no-cache
      strict-transport-security:
      - max-age=31536000; includeSubDomains
      vary:
      - Accept-Encoding
      x-content-type-options:
      - nosniff
    status:
      code: 200
      message: OK
- request:
    body: null
    headers:
      Accept:
      - application/json
      Accept-Encoding:
      - gzip, deflate
      CommandName:
      - vm secret format
      Connection:
      - keep-alive
      ParameterSetName:
      - -s
      User-Agent:
      - AZURECLI/2.32.0 azsdk-python-azure-mgmt-keyvault/9.3.0 Python/3.9.5 (Windows-10-10.0.19044-SP0)
    method: GET
    uri: https://management.azure.com/subscriptions/00000000-0000-0000-0000-000000000000/resourceGroups/cli_test_vm_secrets000001/providers/Microsoft.KeyVault/vaults/vmlinuxkv000002?api-version=2016-10-01
  response:
    body:
      string: '{"id":"/subscriptions/00000000-0000-0000-0000-000000000000/resourceGroups/cli_test_vm_secrets000001/providers/Microsoft.KeyVault/vaults/vmlinuxkv000002","name":"vmlinuxkv000002","type":"Microsoft.KeyVault/vaults","location":"westus","tags":{},"properties":{"sku":{"family":"A","name":"standard"},"tenantId":"54826b22-38d6-4fb2-bad9-b7b93a3e9c5a","accessPolicies":[{"tenantId":"54826b22-38d6-4fb2-bad9-b7b93a3e9c5a","objectId":"2b7fa1bd-b817-45cb-9068-e416ce1125fa","permissions":{"keys":["get","create","delete","list","update","import","backup","restore","recover"],"secrets":["get","list","set","delete","backup","restore","recover"],"certificates":["get","list","delete","create","import","update","managecontacts","getissuers","listissuers","setissuers","deleteissuers","manageissuers","recover"],"storage":["get","list","delete","set","update","regeneratekey","setsas","listsas","getsas","deletesas"]}}],"enabledForDeployment":true,"enabledForTemplateDeployment":true,"enableSoftDelete":true,"vaultUri":"https://vmlinuxkv000002.vault.azure.net/","provisioningState":"Succeeded"}}'
    headers:
      cache-control:
      - no-cache
      content-length:
      - '1084'
      content-type:
      - application/json; charset=utf-8
      date:
      - Wed, 26 Jan 2022 12:57:33 GMT
      expires:
      - '-1'
      pragma:
      - no-cache
      server:
      - Microsoft-IIS/10.0
      strict-transport-security:
      - max-age=31536000; includeSubDomains
      transfer-encoding:
      - chunked
      vary:
      - Accept-Encoding
      x-aspnet-version:
      - 4.0.30319
      x-content-type-options:
      - nosniff
      x-ms-keyvault-service-version:
      - 1.5.273.0
      x-powered-by:
      - ASP.NET
    status:
      code: 200
      message: OK
- request:
    body: null
    headers:
      Accept:
      - '*/*'
      Accept-Encoding:
      - gzip, deflate
      Connection:
      - keep-alive
      User-Agent:
      - python-requests/2.26.0
    method: GET
    uri: https://raw.githubusercontent.com/Azure/azure-rest-api-specs/master/arm-compute/quickstart-templates/aliases.json
  response:
    body:
      string: "{\n  \"$schema\": \"http://schema.management.azure.com/schemas/2015-01-01/deploymentTemplate.json\",\n
        \ \"contentVersion\": \"1.0.0.0\",\n  \"parameters\": {},\n  \"variables\":
        {},\n  \"resources\": [],\n  \"outputs\": {\n    \"aliases\": {\n      \"type\":
        \"object\",\n      \"value\": {\n        \"Linux\": {\n          \"CentOS\":
        {\n            \"publisher\": \"OpenLogic\",\n            \"offer\": \"CentOS\",\n
        \           \"sku\": \"7.5\",\n            \"version\": \"latest\"\n          },\n
        \         \"Debian\": {\n            \"publisher\": \"Debian\",\n            \"offer\":
        \"debian-10\",\n            \"sku\": \"10\",\n            \"version\": \"latest\"\n
        \         },\n          \"Flatcar\": {\n            \"publisher\": \"kinvolk\",\n
        \           \"offer\": \"flatcar-container-linux-free\",\n            \"sku\":
        \"stable\",\n            \"version\": \"latest\"\n          },\n          \"openSUSE-Leap\":
        {\n            \"publisher\": \"SUSE\",\n            \"offer\": \"openSUSE-Leap\",\n
        \           \"sku\": \"42.3\",\n            \"version\": \"latest\"\n          },\n
        \         \"RHEL\": {\n            \"publisher\": \"RedHat\",\n            \"offer\":
        \"RHEL\",\n            \"sku\": \"7-LVM\",\n            \"version\": \"latest\"\n
        \         },\n          \"SLES\": {\n            \"publisher\": \"SUSE\",\n
        \           \"offer\": \"SLES\",\n            \"sku\": \"15\",\n            \"version\":
        \"latest\"\n          },\n          \"UbuntuLTS\": {\n            \"publisher\":
        \"Canonical\",\n            \"offer\": \"UbuntuServer\",\n            \"sku\":
        \"18.04-LTS\",\n            \"version\": \"latest\"\n          }\n        },\n
        \       \"Windows\": {\n          \"Win2019Datacenter\": {\n            \"publisher\":
        \"MicrosoftWindowsServer\",\n            \"offer\": \"WindowsServer\",\n            \"sku\":
        \"2019-Datacenter\",\n            \"version\": \"latest\"\n          },\n
        \         \"Win2016Datacenter\": {\n            \"publisher\": \"MicrosoftWindowsServer\",\n
        \           \"offer\": \"WindowsServer\",\n            \"sku\": \"2016-Datacenter\",\n
        \           \"version\": \"latest\"\n          },\n          \"Win2012R2Datacenter\":
        {\n            \"publisher\": \"MicrosoftWindowsServer\",\n            \"offer\":
        \"WindowsServer\",\n            \"sku\": \"2012-R2-Datacenter\",\n            \"version\":
        \"latest\"\n          },\n          \"Win2012Datacenter\": {\n            \"publisher\":
        \"MicrosoftWindowsServer\",\n            \"offer\": \"WindowsServer\",\n            \"sku\":
        \"2012-Datacenter\",\n            \"version\": \"latest\"\n          },\n
        \         \"Win2008R2SP1\": {\n            \"publisher\": \"MicrosoftWindowsServer\",\n
        \           \"offer\": \"WindowsServer\",\n            \"sku\": \"2008-R2-SP1\",\n
        \           \"version\": \"latest\"\n          }\n        }\n      }\n    }\n
        \ }\n}\n"
    headers:
      accept-ranges:
      - bytes
      access-control-allow-origin:
      - '*'
      cache-control:
      - max-age=300
      connection:
      - keep-alive
      content-length:
      - '2525'
      content-security-policy:
      - default-src 'none'; style-src 'unsafe-inline'; sandbox
      content-type:
      - text/plain; charset=utf-8
      date:
      - Wed, 26 Jan 2022 12:57:34 GMT
      etag:
      - W/"54bceef15b892f2aa7f4c2145a49f1b5e33608722acdbb47933d7b6cbebbd7f4"
      expires:
      - Wed, 26 Jan 2022 13:02:34 GMT
      source-age:
      - '193'
      strict-transport-security:
      - max-age=31536000
      vary:
      - Authorization,Accept-Encoding,Origin
      via:
      - 1.1 varnish
      x-cache:
      - HIT
      x-cache-hits:
      - '1'
      x-content-type-options:
      - nosniff
      x-fastly-request-id:
      - c52dd56f03ef26e548d91e72a59109a9de66e9f4
      x-frame-options:
      - deny
      x-github-request-id:
      - 5802:6E50:2AD870:3921C5:61EF945E
      x-served-by:
      - cache-qpg1231-QPG
      x-timer:
      - S1643201855.903724,VS0,VE1
      x-xss-protection:
      - 1; mode=block
    status:
      code: 200
      message: OK
- request:
    body: null
    headers:
      Accept:
      - application/json
      Accept-Encoding:
      - gzip, deflate
      CommandName:
      - vm create
      Connection:
      - keep-alive
      ParameterSetName:
      - -g -n --admin-username --authentication-type --image --ssh-key-value -l --secrets
      User-Agent:
      - AZURECLI/2.32.0 azsdk-python-azure-mgmt-compute/23.1.0 Python/3.9.5 (Windows-10-10.0.19044-SP0)
    method: GET
    uri: https://management.azure.com/subscriptions/00000000-0000-0000-0000-000000000000/providers/Microsoft.Compute/locations/westus/publishers/Canonical/artifacttypes/vmimage/offers/UbuntuServer/skus/18.04-LTS/versions?$top=1&$orderby=name%20desc&api-version=2017-12-01
  response:
    body:
      string: "[\r\n  {\r\n    \"location\": \"westus\",\r\n    \"name\": \"18.04.202201180\",\r\n
        \   \"id\": \"/Subscriptions/00000000-0000-0000-0000-000000000000/Providers/Microsoft.Compute/Locations/westus/Publishers/Canonical/ArtifactTypes/VMImage/Offers/UbuntuServer/Skus/18.04-LTS/Versions/18.04.202201180\"\r\n
        \ }\r\n]"
    headers:
      cache-control:
      - no-cache
      content-length:
      - '286'
      content-type:
      - application/json; charset=utf-8
      date:
      - Wed, 26 Jan 2022 12:57:35 GMT
      expires:
      - '-1'
      pragma:
      - no-cache
      server:
      - Microsoft-HTTPAPI/2.0
      - Microsoft-HTTPAPI/2.0
      strict-transport-security:
      - max-age=31536000; includeSubDomains
      transfer-encoding:
      - chunked
      vary:
      - Accept-Encoding
      x-content-type-options:
      - nosniff
      x-ms-ratelimit-remaining-resource:
      - Microsoft.Compute/ListVMImagesVersionsFromLocation3Min;15997,Microsoft.Compute/ListVMImagesVersionsFromLocation30Min;43959
    status:
      code: 200
      message: OK
- request:
    body: null
    headers:
      Accept:
      - application/json
      Accept-Encoding:
      - gzip, deflate
      CommandName:
      - vm create
      Connection:
      - keep-alive
      ParameterSetName:
      - -g -n --admin-username --authentication-type --image --ssh-key-value -l --secrets
      User-Agent:
      - AZURECLI/2.32.0 azsdk-python-azure-mgmt-compute/23.1.0 Python/3.9.5 (Windows-10-10.0.19044-SP0)
    method: GET
    uri: https://management.azure.com/subscriptions/00000000-0000-0000-0000-000000000000/providers/Microsoft.Compute/locations/westus/publishers/Canonical/artifacttypes/vmimage/offers/UbuntuServer/skus/18.04-LTS/versions/18.04.202201180?api-version=2017-12-01
  response:
    body:
      string: "{\r\n  \"properties\": {\r\n    \"hyperVGeneration\": \"V1\",\r\n    \"architecture\":
        \"x64\",\r\n    \"replicaType\": \"Unmanaged\",\r\n    \"disallowed\": {\r\n
        \     \"vmDiskType\": \"None\"\r\n    },\r\n    \"automaticOSUpgradeProperties\":
        {\r\n      \"automaticOSUpgradeSupported\": true\r\n    },\r\n    \"imageDeprecationStatus\":
        {\r\n      \"imageState\": \"Active\"\r\n    },\r\n    \"osDiskImage\": {\r\n
        \     \"operatingSystem\": \"Linux\",\r\n      \"sizeInGb\": 31,\r\n      \"sizeInBytes\":
        32213303808\r\n    },\r\n    \"dataDiskImages\": []\r\n  },\r\n  \"location\":
        \"westus\",\r\n  \"name\": \"18.04.202201180\",\r\n  \"id\": \"/Subscriptions/00000000-0000-0000-0000-000000000000/Providers/Microsoft.Compute/Locations/westus/Publishers/Canonical/ArtifactTypes/VMImage/Offers/UbuntuServer/Skus/18.04-LTS/Versions/18.04.202201180\"\r\n}"
    headers:
      cache-control:
      - no-cache
      content-length:
      - '753'
      content-type:
      - application/json; charset=utf-8
      date:
      - Wed, 26 Jan 2022 12:57:37 GMT
      expires:
      - '-1'
      pragma:
      - no-cache
      server:
      - Microsoft-HTTPAPI/2.0
      - Microsoft-HTTPAPI/2.0
      strict-transport-security:
      - max-age=31536000; includeSubDomains
      transfer-encoding:
      - chunked
      vary:
      - Accept-Encoding
      x-content-type-options:
      - nosniff
      x-ms-ratelimit-remaining-resource:
      - Microsoft.Compute/GetVMImageFromLocation3Min;12997,Microsoft.Compute/GetVMImageFromLocation30Min;73978
    status:
      code: 200
      message: OK
- request:
    body: null
    headers:
      Accept:
      - application/json, text/json
      Accept-Encoding:
      - gzip, deflate
      CommandName:
      - vm create
      Connection:
      - keep-alive
      ParameterSetName:
      - -g -n --admin-username --authentication-type --image --ssh-key-value -l --secrets
      User-Agent:
      - AZURECLI/2.32.0 azsdk-python-azure-mgmt-network/19.3.0 Python/3.9.5 (Windows-10-10.0.19044-SP0)
    method: GET
    uri: https://management.azure.com/subscriptions/00000000-0000-0000-0000-000000000000/resourceGroups/cli_test_vm_secrets000001/providers/Microsoft.Network/virtualNetworks?api-version=2017-10-01
  response:
    body:
      string: '{"value":[]}'
    headers:
      cache-control:
      - no-cache
      content-length:
      - '12'
      content-type:
      - application/json; charset=utf-8
      date:
      - Wed, 26 Jan 2022 12:57:37 GMT
      expires:
      - '-1'
      pragma:
      - no-cache
      strict-transport-security:
      - max-age=31536000; includeSubDomains
      vary:
      - Accept-Encoding
      x-content-type-options:
      - nosniff
    status:
      code: 200
      message: OK
- request:
    body: '{"properties": {"template": {"$schema": "https://schema.management.azure.com/schemas/2015-01-01/deploymentTemplate.json#",
      "contentVersion": "1.0.0.0", "parameters": {}, "variables": {}, "resources":
      [{"name": "vm-nameVNET", "type": "Microsoft.Network/virtualNetworks", "location":
      "westus", "apiVersion": "2015-06-15", "dependsOn": [], "tags": {}, "properties":
      {"addressSpace": {"addressPrefixes": ["10.0.0.0/16"]}, "subnets": [{"name":
      "vm-nameSubnet", "properties": {"addressPrefix": "10.0.0.0/24"}}]}}, {"type":
      "Microsoft.Network/networkSecurityGroups", "name": "vm-nameNSG", "apiVersion":
      "2015-06-15", "location": "westus", "tags": {}, "dependsOn": [], "properties":
      {"securityRules": [{"name": "default-allow-ssh", "properties": {"protocol":
      "Tcp", "sourcePortRange": "*", "destinationPortRange": "22", "sourceAddressPrefix":
      "*", "destinationAddressPrefix": "*", "access": "Allow", "priority": 1000, "direction":
      "Inbound"}}]}}, {"apiVersion": "2017-10-01", "type": "Microsoft.Network/publicIPAddresses",
      "name": "vm-namePublicIP", "location": "westus", "tags": {}, "dependsOn": [],
      "properties": {"publicIPAllocationMethod": null}}, {"apiVersion": "2015-06-15",
      "type": "Microsoft.Network/networkInterfaces", "name": "vm-nameVMNic", "location":
      "westus", "tags": {}, "dependsOn": ["Microsoft.Network/virtualNetworks/vm-nameVNET",
      "Microsoft.Network/networkSecurityGroups/vm-nameNSG", "Microsoft.Network/publicIpAddresses/vm-namePublicIP"],
      "properties": {"ipConfigurations": [{"name": "ipconfigvm-name", "properties":
      {"privateIPAllocationMethod": "Dynamic", "subnet": {"id": "/subscriptions/00000000-0000-0000-0000-000000000000/resourceGroups/cli_test_vm_secrets000001/providers/Microsoft.Network/virtualNetworks/vm-nameVNET/subnets/vm-nameSubnet"},
      "publicIPAddress": {"id": "/subscriptions/00000000-0000-0000-0000-000000000000/resourceGroups/cli_test_vm_secrets000001/providers/Microsoft.Network/publicIPAddresses/vm-namePublicIP"}}}],
      "networkSecurityGroup": {"id": "/subscriptions/00000000-0000-0000-0000-000000000000/resourceGroups/cli_test_vm_secrets000001/providers/Microsoft.Network/networkSecurityGroups/vm-nameNSG"}}},
      {"apiVersion": "2017-12-01", "type": "Microsoft.Compute/virtualMachines", "name":
      "vm-name", "location": "westus", "tags": {}, "dependsOn": ["Microsoft.Network/networkInterfaces/vm-nameVMNic"],
      "properties": {"hardwareProfile": {"vmSize": "Standard_DS1_v2"}, "networkProfile":
      {"networkInterfaces": [{"id": "/subscriptions/00000000-0000-0000-0000-000000000000/resourceGroups/cli_test_vm_secrets000001/providers/Microsoft.Network/networkInterfaces/vm-nameVMNic",
      "properties": {"deleteOption": null}}]}, "storageProfile": {"osDisk": {"createOption":
      "fromImage", "name": null, "caching": "ReadWrite", "managedDisk": {"storageAccountType":
      null}}, "imageReference": {"publisher": "Canonical", "offer": "UbuntuServer",
      "sku": "18.04-LTS", "version": "latest"}}, "osProfile": {"computerName": "vm-name",
      "adminUsername": "ubuntu", "linuxConfiguration": {"disablePasswordAuthentication":
      true, "ssh": {"publicKeys": [{"keyData": "ssh-rsa AAAAB3NzaC1yc2EAAAADAQABAAACAQCbIg1guRHbI0lV11wWDt1r2cUdcNd27CJsg+SfgC7miZeubtwUhbsPdhMQsfDyhOWHq1+ZL0M+nJZV63d/1dhmhtgyOqejUwrPlzKhydsbrsdUor+JmNJDdW01v7BXHyuymT8G4s09jCasNOwiufbP/qp72ruu0bIA1nySsvlf9pCQAuFkAnVnf/rFhUlOkhtRpwcq8SUNY2zRHR/EKb/4NWY1JzR4sa3q2fWIJdrrX0DvLoa5g9bIEd4Df79ba7v+yiUBOS0zT2ll+z4g9izHK3EO5d8hL4jYxcjKs+wcslSYRWrascfscLgMlMGh0CdKeNTDjHpGPncaf3Z+FwwwjWeuiNBxv7bJo13/8B/098KlVDl4GZqsoBCEjPyJfV6hO0y/LkRGkk7oHWKgeWAfKtfLItRp00eZ4fcJNK9kCaSMmEugoZWcI7NGbZXzqFWqbpRI7NcDP9+WIQ+i9U5vqWsqd/zng4kbuAJ6UuKqIzB0upYrLShfQE3SAck8oaLhJqqq56VfDuASNpJKidV+zq27HfSBmbXnkR/5AK337dc3MXKJypoK/QPMLKUAP5XLPbs+NddJQV7EZXd29DLgp+fRIg3edpKdO7ZErWhv7d+3Kws+e1Y+ypmR2WIVSwVyBEUfgv2C8Ts9gnTF4pNcEY/S2aBicz5Ew2+jdyGNQQ==
      test@example.com\n", "path": "/home/ubuntu/.ssh/authorized_keys"}]}}, "secrets":
      [{"sourceVault": {"id": "/subscriptions/00000000-0000-0000-0000-000000000000/resourceGroups/cli_test_vm_secrets000001/providers/Microsoft.KeyVault/vaults/vmlinuxkv000002"},
      "vaultCertificates": [{"certificateUrl": "https://vmlinuxkv000002.vault.azure.net/secrets/cert1/4d86b039ddff4a50aaacc10dd5ad2b29"}]}]}}}],
      "outputs": {}}, "parameters": {}, "mode": "incremental"}}'
    headers:
      Accept:
      - application/json
      Accept-Encoding:
      - gzip, deflate
      CommandName:
      - vm create
      Connection:
      - keep-alive
      Content-Length:
      - '4241'
      Content-Type:
      - application/json
      ParameterSetName:
      - -g -n --admin-username --authentication-type --image --ssh-key-value -l --secrets
      User-Agent:
      - AZURECLI/2.32.0 azsdk-python-azure-mgmt-resource/20.0.0 Python/3.9.5 (Windows-10-10.0.19044-SP0)
    method: PUT
    uri: https://management.azure.com/subscriptions/00000000-0000-0000-0000-000000000000/resourcegroups/cli_test_vm_secrets000001/providers/Microsoft.Resources/deployments/mock-deployment?api-version=2018-05-01
  response:
    body:
      string: '{"id":"/subscriptions/00000000-0000-0000-0000-000000000000/resourceGroups/cli_test_vm_secrets000001/providers/Microsoft.Resources/deployments/vm_deploy_UoytvHycivqpp9zv8EmqmiEaO8YkPueZ","name":"vm_deploy_UoytvHycivqpp9zv8EmqmiEaO8YkPueZ","properties":{"templateHash":"13290617484386854988","parameters":{},"mode":"Incremental","provisioningState":"Accepted","timestamp":"2022-01-26T12:57:41.5568653Z","duration":"PT0.0009677S","correlationId":"5e4e5229-b2c2-4c27-8317-ae6456f1d9f3","providers":[{"namespace":"Microsoft.Network","resourceTypes":[{"resourceType":"virtualNetworks","locations":["westus"]},{"resourceType":"networkSecurityGroups","locations":["westus"]},{"resourceType":"publicIPAddresses","locations":["westus"]},{"resourceType":"networkInterfaces","locations":["westus"]}]},{"namespace":"Microsoft.Compute","resourceTypes":[{"resourceType":"virtualMachines","locations":["westus"]}]}],"dependencies":[{"dependsOn":[{"id":"/subscriptions/00000000-0000-0000-0000-000000000000/resourceGroups/cli_test_vm_secrets000001/providers/Microsoft.Network/virtualNetworks/vm-nameVNET","resourceType":"Microsoft.Network/virtualNetworks","resourceName":"vm-nameVNET"},{"id":"/subscriptions/00000000-0000-0000-0000-000000000000/resourceGroups/cli_test_vm_secrets000001/providers/Microsoft.Network/networkSecurityGroups/vm-nameNSG","resourceType":"Microsoft.Network/networkSecurityGroups","resourceName":"vm-nameNSG"},{"id":"/subscriptions/00000000-0000-0000-0000-000000000000/resourceGroups/cli_test_vm_secrets000001/providers/Microsoft.Network/publicIPAddresses/vm-namePublicIP","resourceType":"Microsoft.Network/publicIPAddresses","resourceName":"vm-namePublicIP"}],"id":"/subscriptions/00000000-0000-0000-0000-000000000000/resourceGroups/cli_test_vm_secrets000001/providers/Microsoft.Network/networkInterfaces/vm-nameVMNic","resourceType":"Microsoft.Network/networkInterfaces","resourceName":"vm-nameVMNic"},{"dependsOn":[{"id":"/subscriptions/00000000-0000-0000-0000-000000000000/resourceGroups/cli_test_vm_secrets000001/providers/Microsoft.Network/networkInterfaces/vm-nameVMNic","resourceType":"Microsoft.Network/networkInterfaces","resourceName":"vm-nameVMNic"}],"id":"/subscriptions/00000000-0000-0000-0000-000000000000/resourceGroups/cli_test_vm_secrets000001/providers/Microsoft.Compute/virtualMachines/vm-name","resourceType":"Microsoft.Compute/virtualMachines","resourceName":"vm-name"}]}}'
    headers:
      azure-asyncoperation:
      - https://management.azure.com/subscriptions/00000000-0000-0000-0000-000000000000/resourcegroups/cli_test_vm_secrets000001/providers/Microsoft.Resources/deployments/vm_deploy_UoytvHycivqpp9zv8EmqmiEaO8YkPueZ/operationStatuses/08585584050259794662?api-version=2018-05-01
      cache-control:
      - no-cache
      content-length:
      - '2400'
      content-type:
      - application/json; charset=utf-8
      date:
      - Wed, 26 Jan 2022 12:57:42 GMT
      expires:
      - '-1'
      pragma:
      - no-cache
      strict-transport-security:
      - max-age=31536000; includeSubDomains
      x-content-type-options:
      - nosniff
      x-ms-ratelimit-remaining-subscription-writes:
      - '1192'
    status:
      code: 201
      message: Created
- request:
    body: null
    headers:
      Accept:
      - '*/*'
      Accept-Encoding:
      - gzip, deflate
      CommandName:
      - vm create
      Connection:
      - keep-alive
      ParameterSetName:
      - -g -n --admin-username --authentication-type --image --ssh-key-value -l --secrets
      User-Agent:
      - AZURECLI/2.32.0 azsdk-python-azure-mgmt-resource/20.0.0 Python/3.9.5 (Windows-10-10.0.19044-SP0)
    method: GET
    uri: https://management.azure.com/subscriptions/00000000-0000-0000-0000-000000000000/resourcegroups/cli_test_vm_secrets000001/providers/Microsoft.Resources/deployments/mock-deployment/operationStatuses/08585584050259794662?api-version=2018-05-01
  response:
    body:
      string: '{"status":"Running"}'
    headers:
      cache-control:
      - no-cache
      content-length:
      - '20'
      content-type:
      - application/json; charset=utf-8
      date:
      - Wed, 26 Jan 2022 12:58:12 GMT
      expires:
      - '-1'
      pragma:
      - no-cache
      strict-transport-security:
      - max-age=31536000; includeSubDomains
      vary:
      - Accept-Encoding
      x-content-type-options:
      - nosniff
    status:
      code: 200
      message: OK
- request:
    body: null
    headers:
      Accept:
      - '*/*'
      Accept-Encoding:
      - gzip, deflate
      CommandName:
      - vm create
      Connection:
      - keep-alive
      ParameterSetName:
      - -g -n --admin-username --authentication-type --image --ssh-key-value -l --secrets
      User-Agent:
      - AZURECLI/2.32.0 azsdk-python-azure-mgmt-resource/20.0.0 Python/3.9.5 (Windows-10-10.0.19044-SP0)
    method: GET
    uri: https://management.azure.com/subscriptions/00000000-0000-0000-0000-000000000000/resourcegroups/cli_test_vm_secrets000001/providers/Microsoft.Resources/deployments/mock-deployment/operationStatuses/08585584050259794662?api-version=2018-05-01
  response:
    body:
      string: '{"status":"Succeeded"}'
    headers:
      cache-control:
      - no-cache
      content-length:
      - '22'
      content-type:
      - application/json; charset=utf-8
      date:
      - Wed, 26 Jan 2022 12:58:43 GMT
      expires:
      - '-1'
      pragma:
      - no-cache
      strict-transport-security:
      - max-age=31536000; includeSubDomains
      vary:
      - Accept-Encoding
      x-content-type-options:
      - nosniff
    status:
      code: 200
      message: OK
- request:
    body: null
    headers:
      Accept:
      - '*/*'
      Accept-Encoding:
      - gzip, deflate
      CommandName:
      - vm create
      Connection:
      - keep-alive
      ParameterSetName:
      - -g -n --admin-username --authentication-type --image --ssh-key-value -l --secrets
      User-Agent:
      - AZURECLI/2.32.0 azsdk-python-azure-mgmt-resource/20.0.0 Python/3.9.5 (Windows-10-10.0.19044-SP0)
    method: GET
    uri: https://management.azure.com/subscriptions/00000000-0000-0000-0000-000000000000/resourcegroups/cli_test_vm_secrets000001/providers/Microsoft.Resources/deployments/mock-deployment?api-version=2018-05-01
  response:
    body:
      string: '{"id":"/subscriptions/00000000-0000-0000-0000-000000000000/resourceGroups/cli_test_vm_secrets000001/providers/Microsoft.Resources/deployments/vm_deploy_UoytvHycivqpp9zv8EmqmiEaO8YkPueZ","name":"vm_deploy_UoytvHycivqpp9zv8EmqmiEaO8YkPueZ","properties":{"templateHash":"13290617484386854988","parameters":{},"mode":"Incremental","provisioningState":"Succeeded","timestamp":"2022-01-26T12:58:26.8347567Z","duration":"PT45.2788591S","correlationId":"5e4e5229-b2c2-4c27-8317-ae6456f1d9f3","providers":[{"namespace":"Microsoft.Network","resourceTypes":[{"resourceType":"virtualNetworks","locations":["westus"]},{"resourceType":"networkSecurityGroups","locations":["westus"]},{"resourceType":"publicIPAddresses","locations":["westus"]},{"resourceType":"networkInterfaces","locations":["westus"]}]},{"namespace":"Microsoft.Compute","resourceTypes":[{"resourceType":"virtualMachines","locations":["westus"]}]}],"dependencies":[{"dependsOn":[{"id":"/subscriptions/00000000-0000-0000-0000-000000000000/resourceGroups/cli_test_vm_secrets000001/providers/Microsoft.Network/virtualNetworks/vm-nameVNET","resourceType":"Microsoft.Network/virtualNetworks","resourceName":"vm-nameVNET"},{"id":"/subscriptions/00000000-0000-0000-0000-000000000000/resourceGroups/cli_test_vm_secrets000001/providers/Microsoft.Network/networkSecurityGroups/vm-nameNSG","resourceType":"Microsoft.Network/networkSecurityGroups","resourceName":"vm-nameNSG"},{"id":"/subscriptions/00000000-0000-0000-0000-000000000000/resourceGroups/cli_test_vm_secrets000001/providers/Microsoft.Network/publicIPAddresses/vm-namePublicIP","resourceType":"Microsoft.Network/publicIPAddresses","resourceName":"vm-namePublicIP"}],"id":"/subscriptions/00000000-0000-0000-0000-000000000000/resourceGroups/cli_test_vm_secrets000001/providers/Microsoft.Network/networkInterfaces/vm-nameVMNic","resourceType":"Microsoft.Network/networkInterfaces","resourceName":"vm-nameVMNic"},{"dependsOn":[{"id":"/subscriptions/00000000-0000-0000-0000-000000000000/resourceGroups/cli_test_vm_secrets000001/providers/Microsoft.Network/networkInterfaces/vm-nameVMNic","resourceType":"Microsoft.Network/networkInterfaces","resourceName":"vm-nameVMNic"}],"id":"/subscriptions/00000000-0000-0000-0000-000000000000/resourceGroups/cli_test_vm_secrets000001/providers/Microsoft.Compute/virtualMachines/vm-name","resourceType":"Microsoft.Compute/virtualMachines","resourceName":"vm-name"}],"outputs":{},"outputResources":[{"id":"/subscriptions/00000000-0000-0000-0000-000000000000/resourceGroups/cli_test_vm_secrets000001/providers/Microsoft.Compute/virtualMachines/vm-name"},{"id":"/subscriptions/00000000-0000-0000-0000-000000000000/resourceGroups/cli_test_vm_secrets000001/providers/Microsoft.Network/networkInterfaces/vm-nameVMNic"},{"id":"/subscriptions/00000000-0000-0000-0000-000000000000/resourceGroups/cli_test_vm_secrets000001/providers/Microsoft.Network/networkSecurityGroups/vm-nameNSG"},{"id":"/subscriptions/00000000-0000-0000-0000-000000000000/resourceGroups/cli_test_vm_secrets000001/providers/Microsoft.Network/publicIPAddresses/vm-namePublicIP"},{"id":"/subscriptions/00000000-0000-0000-0000-000000000000/resourceGroups/cli_test_vm_secrets000001/providers/Microsoft.Network/virtualNetworks/vm-nameVNET"}]}}'
    headers:
      cache-control:
      - no-cache
      content-length:
      - '3235'
      content-type:
      - application/json; charset=utf-8
      date:
      - Wed, 26 Jan 2022 12:58:44 GMT
      expires:
      - '-1'
      pragma:
      - no-cache
      strict-transport-security:
      - max-age=31536000; includeSubDomains
      vary:
      - Accept-Encoding
      x-content-type-options:
      - nosniff
    status:
      code: 200
      message: OK
- request:
    body: null
    headers:
      Accept:
      - application/json
      Accept-Encoding:
      - gzip, deflate
      CommandName:
      - vm create
      Connection:
      - keep-alive
      ParameterSetName:
      - -g -n --admin-username --authentication-type --image --ssh-key-value -l --secrets
      User-Agent:
      - AZURECLI/2.32.0 azsdk-python-azure-mgmt-compute/23.1.0 Python/3.9.5 (Windows-10-10.0.19044-SP0)
    method: GET
    uri: https://management.azure.com/subscriptions/00000000-0000-0000-0000-000000000000/resourceGroups/cli_test_vm_secrets000001/providers/Microsoft.Compute/virtualMachines/vm-name?$expand=instanceView&api-version=2017-12-01
  response:
    body:
      string: "{\r\n  \"name\": \"vm-name\",\r\n  \"id\": \"/subscriptions/00000000-0000-0000-0000-000000000000/resourceGroups/cli_test_vm_secrets000001/providers/Microsoft.Compute/virtualMachines/vm-name\",\r\n
        \ \"type\": \"Microsoft.Compute/virtualMachines\",\r\n  \"location\": \"westus\",\r\n
        \ \"tags\": {},\r\n  \"properties\": {\r\n    \"vmId\": \"1961f46d-32ef-4f35-87ff-ed2f875327ef\",\r\n
        \   \"hardwareProfile\": {\r\n      \"vmSize\": \"Standard_DS1_v2\"\r\n    },\r\n
        \   \"storageProfile\": {\r\n      \"imageReference\": {\r\n        \"publisher\":
        \"Canonical\",\r\n        \"offer\": \"UbuntuServer\",\r\n        \"sku\":
        \"18.04-LTS\",\r\n        \"version\": \"latest\"\r\n      },\r\n      \"osDisk\":
        {\r\n        \"osType\": \"Linux\",\r\n        \"name\": \"vm-name_disk1_ffe10e63f5e34196916f7ab83e2f8a7d\",\r\n
        \       \"createOption\": \"FromImage\",\r\n        \"caching\": \"ReadWrite\",\r\n
        \       \"managedDisk\": {\r\n          \"storageAccountType\": \"Premium_LRS\",\r\n
        \         \"id\": \"/subscriptions/00000000-0000-0000-0000-000000000000/resourceGroups/cli_test_vm_secrets000001/providers/Microsoft.Compute/disks/vm-name_disk1_ffe10e63f5e34196916f7ab83e2f8a7d\"\r\n
        \       },\r\n        \"diskSizeGB\": 30\r\n      },\r\n      \"dataDisks\":
        []\r\n    },\r\n    \"osProfile\": {\r\n      \"computerName\": \"vm-name\",\r\n
        \     \"adminUsername\": \"ubuntu\",\r\n      \"linuxConfiguration\": {\r\n
        \       \"disablePasswordAuthentication\": true,\r\n        \"ssh\": {\r\n
        \         \"publicKeys\": [\r\n            {\r\n              \"path\": \"/home/ubuntu/.ssh/authorized_keys\",\r\n
        \             \"keyData\": \"ssh-rsa AAAAB3NzaC1yc2EAAAADAQABAAACAQCbIg1guRHbI0lV11wWDt1r2cUdcNd27CJsg+SfgC7miZeubtwUhbsPdhMQsfDyhOWHq1+ZL0M+nJZV63d/1dhmhtgyOqejUwrPlzKhydsbrsdUor+JmNJDdW01v7BXHyuymT8G4s09jCasNOwiufbP/qp72ruu0bIA1nySsvlf9pCQAuFkAnVnf/rFhUlOkhtRpwcq8SUNY2zRHR/EKb/4NWY1JzR4sa3q2fWIJdrrX0DvLoa5g9bIEd4Df79ba7v+yiUBOS0zT2ll+z4g9izHK3EO5d8hL4jYxcjKs+wcslSYRWrascfscLgMlMGh0CdKeNTDjHpGPncaf3Z+FwwwjWeuiNBxv7bJo13/8B/098KlVDl4GZqsoBCEjPyJfV6hO0y/LkRGkk7oHWKgeWAfKtfLItRp00eZ4fcJNK9kCaSMmEugoZWcI7NGbZXzqFWqbpRI7NcDP9+WIQ+i9U5vqWsqd/zng4kbuAJ6UuKqIzB0upYrLShfQE3SAck8oaLhJqqq56VfDuASNpJKidV+zq27HfSBmbXnkR/5AK337dc3MXKJypoK/QPMLKUAP5XLPbs+NddJQV7EZXd29DLgp+fRIg3edpKdO7ZErWhv7d+3Kws+e1Y+ypmR2WIVSwVyBEUfgv2C8Ts9gnTF4pNcEY/S2aBicz5Ew2+jdyGNQQ==
        test@example.com\\n\"\r\n            }\r\n          ]\r\n        }\r\n      },\r\n
        \     \"secrets\": [\r\n        {\r\n          \"sourceVault\": {\r\n            \"id\":
        \"/subscriptions/00000000-0000-0000-0000-000000000000/resourceGroups/cli_test_vm_secrets000001/providers/Microsoft.KeyVault/vaults/vmlinuxkv000002\"\r\n
        \         },\r\n          \"vaultCertificates\": [\r\n            {\r\n              \"certificateUrl\":
        \"https://vmlinuxkv000002.vault.azure.net/secrets/cert1/4d86b039ddff4a50aaacc10dd5ad2b29\"\r\n
        \           }\r\n          ]\r\n        }\r\n      ]\r\n    },\r\n    \"networkProfile\":
        {\"networkInterfaces\":[{\"id\":\"/subscriptions/00000000-0000-0000-0000-000000000000/resourceGroups/cli_test_vm_secrets000001/providers/Microsoft.Network/networkInterfaces/vm-nameVMNic\"}]},\r\n
        \   \"provisioningState\": \"Succeeded\",\r\n    \"instanceView\": {\r\n      \"computerName\":
        \"vm-name\",\r\n      \"osName\": \"ubuntu\",\r\n      \"osVersion\": \"18.04\",\r\n
        \     \"vmAgent\": {\r\n        \"vmAgentVersion\": \"2.6.0.2\",\r\n        \"statuses\":
        [\r\n          {\r\n            \"code\": \"ProvisioningState/succeeded\",\r\n
        \           \"level\": \"Info\",\r\n            \"displayStatus\": \"Ready\",\r\n
        \           \"message\": \"Guest Agent is running\",\r\n            \"time\":
        \"2022-01-26T12:58:37+00:00\"\r\n          }\r\n        ],\r\n        \"extensionHandlers\":
        []\r\n      },\r\n      \"disks\": [\r\n        {\r\n          \"name\": \"vm-name_disk1_ffe10e63f5e34196916f7ab83e2f8a7d\",\r\n
        \         \"statuses\": [\r\n            {\r\n              \"code\": \"ProvisioningState/succeeded\",\r\n
        \             \"level\": \"Info\",\r\n              \"displayStatus\": \"Provisioning
        succeeded\",\r\n              \"time\": \"2022-01-26T12:58:13.2650924+00:00\"\r\n
        \           }\r\n          ]\r\n        }\r\n      ],\r\n      \"statuses\":
        [\r\n        {\r\n          \"code\": \"ProvisioningState/succeeded\",\r\n
        \         \"level\": \"Info\",\r\n          \"displayStatus\": \"Provisioning
        succeeded\",\r\n          \"time\": \"2022-01-26T12:58:23.7026514+00:00\"\r\n
        \       },\r\n        {\r\n          \"code\": \"PowerState/running\",\r\n
        \         \"level\": \"Info\",\r\n          \"displayStatus\": \"VM running\"\r\n
        \       }\r\n      ]\r\n    }\r\n  }\r\n}"
    headers:
      cache-control:
      - no-cache
      content-length:
      - '4223'
      content-type:
      - application/json; charset=utf-8
      date:
      - Wed, 26 Jan 2022 12:58:44 GMT
      expires:
      - '-1'
      pragma:
      - no-cache
      server:
      - Microsoft-HTTPAPI/2.0
      - Microsoft-HTTPAPI/2.0
      strict-transport-security:
      - max-age=31536000; includeSubDomains
      x-content-type-options:
      - nosniff
      x-ms-ratelimit-remaining-resource:
      - Microsoft.Compute/LowCostGet3Min;3980,Microsoft.Compute/LowCostGet30Min;31651
    status:
      code: 200
      message: OK
- request:
    body: null
    headers:
      Accept:
      - application/json, text/json
      Accept-Encoding:
      - gzip, deflate
      CommandName:
      - vm create
      Connection:
      - keep-alive
      ParameterSetName:
      - -g -n --admin-username --authentication-type --image --ssh-key-value -l --secrets
      User-Agent:
      - AZURECLI/2.32.0 azsdk-python-azure-mgmt-network/19.3.0 Python/3.9.5 (Windows-10-10.0.19044-SP0)
    method: GET
    uri: https://management.azure.com/subscriptions/00000000-0000-0000-0000-000000000000/resourceGroups/cli_test_vm_secrets000001/providers/Microsoft.Network/networkInterfaces/vm-nameVMNic?api-version=2017-10-01
  response:
    body:
      string: "{\r\n  \"name\": \"vm-nameVMNic\",\r\n  \"id\": \"/subscriptions/00000000-0000-0000-0000-000000000000/resourceGroups/cli_test_vm_secrets000001/providers/Microsoft.Network/networkInterfaces/vm-nameVMNic\",\r\n
        \ \"etag\": \"W/\\\"79a48130-4cd1-44bb-92b6-5c9eb6738062\\\"\",\r\n  \"location\":
        \"westus\",\r\n  \"tags\": {},\r\n  \"properties\": {\r\n    \"provisioningState\":
        \"Succeeded\",\r\n    \"resourceGuid\": \"f702d844-83e7-4969-8cd7-30eac0d35cb8\",\r\n
        \   \"ipConfigurations\": [\r\n      {\r\n        \"name\": \"ipconfigvm-name\",\r\n
        \       \"id\": \"/subscriptions/00000000-0000-0000-0000-000000000000/resourceGroups/cli_test_vm_secrets000001/providers/Microsoft.Network/networkInterfaces/vm-nameVMNic/ipConfigurations/ipconfigvm-name\",\r\n
        \       \"etag\": \"W/\\\"79a48130-4cd1-44bb-92b6-5c9eb6738062\\\"\",\r\n
        \       \"type\": \"Microsoft.Network/networkInterfaces/ipConfigurations\",\r\n
        \       \"properties\": {\r\n          \"provisioningState\": \"Succeeded\",\r\n
        \         \"privateIPAddress\": \"10.0.0.4\",\r\n          \"privateIPAllocationMethod\":
        \"Dynamic\",\r\n          \"publicIPAddress\": {\r\n            \"id\": \"/subscriptions/00000000-0000-0000-0000-000000000000/resourceGroups/cli_test_vm_secrets000001/providers/Microsoft.Network/publicIPAddresses/vm-namePublicIP\"\r\n
        \         },\r\n          \"subnet\": {\r\n            \"id\": \"/subscriptions/00000000-0000-0000-0000-000000000000/resourceGroups/cli_test_vm_secrets000001/providers/Microsoft.Network/virtualNetworks/vm-nameVNET/subnets/vm-nameSubnet\"\r\n
        \         },\r\n          \"primary\": true,\r\n          \"privateIPAddressVersion\":
        \"IPv4\"\r\n        }\r\n      }\r\n    ],\r\n    \"dnsSettings\": {\r\n      \"dnsServers\":
        [],\r\n      \"appliedDnsServers\": [],\r\n      \"internalDomainNameSuffix\":
        \"hnmxqjmozvaulcnf5u1uaxmyaa.dx.internal.cloudapp.net\"\r\n    },\r\n    \"macAddress\":
        \"00-22-48-09-D3-FE\",\r\n    \"enableAcceleratedNetworking\": false,\r\n
        \   \"enableIPForwarding\": false,\r\n    \"networkSecurityGroup\": {\r\n
        \     \"id\": \"/subscriptions/00000000-0000-0000-0000-000000000000/resourceGroups/cli_test_vm_secrets000001/providers/Microsoft.Network/networkSecurityGroups/vm-nameNSG\"\r\n
        \   },\r\n    \"primary\": true,\r\n    \"virtualMachine\": {\r\n      \"id\":
        \"/subscriptions/00000000-0000-0000-0000-000000000000/resourceGroups/cli_test_vm_secrets000001/providers/Microsoft.Compute/virtualMachines/vm-name\"\r\n
        \   }\r\n  },\r\n  \"type\": \"Microsoft.Network/networkInterfaces\"\r\n}"
    headers:
      cache-control:
      - no-cache
      content-length:
      - '2308'
      content-type:
      - application/json; charset=utf-8
      date:
      - Wed, 26 Jan 2022 12:58:45 GMT
      etag:
      - W/"79a48130-4cd1-44bb-92b6-5c9eb6738062"
      expires:
      - '-1'
      pragma:
      - no-cache
      server:
      - Microsoft-HTTPAPI/2.0
      - Microsoft-HTTPAPI/2.0
      strict-transport-security:
      - max-age=31536000; includeSubDomains
      transfer-encoding:
      - chunked
      vary:
      - Accept-Encoding
      x-content-type-options:
      - nosniff
      x-ms-arm-service-request-id:
      - fe1125e0-6395-4475-b97c-0518957e3940
    status:
      code: 200
      message: OK
- request:
    body: null
    headers:
      Accept:
      - application/json, text/json
      Accept-Encoding:
      - gzip, deflate
      CommandName:
      - vm create
      Connection:
      - keep-alive
      ParameterSetName:
      - -g -n --admin-username --authentication-type --image --ssh-key-value -l --secrets
      User-Agent:
      - AZURECLI/2.32.0 azsdk-python-azure-mgmt-network/19.3.0 Python/3.9.5 (Windows-10-10.0.19044-SP0)
    method: GET
    uri: https://management.azure.com/subscriptions/00000000-0000-0000-0000-000000000000/resourceGroups/cli_test_vm_secrets000001/providers/Microsoft.Network/publicIPAddresses/vm-namePublicIP?api-version=2017-10-01
  response:
    body:
      string: "{\r\n  \"name\": \"vm-namePublicIP\",\r\n  \"id\": \"/subscriptions/00000000-0000-0000-0000-000000000000/resourceGroups/cli_test_vm_secrets000001/providers/Microsoft.Network/publicIPAddresses/vm-namePublicIP\",\r\n
        \ \"etag\": \"W/\\\"9b32909b-ad7e-41a5-b3ca-1e0b5fc17374\\\"\",\r\n  \"location\":
        \"westus\",\r\n  \"tags\": {},\r\n  \"properties\": {\r\n    \"provisioningState\":
        \"Succeeded\",\r\n    \"resourceGuid\": \"61e4f409-c154-4a7d-a2d7-9a0b6fb37213\",\r\n
        \   \"ipAddress\": \"104.209.39.97\",\r\n    \"publicIPAddressVersion\": \"IPv4\",\r\n
        \   \"publicIPAllocationMethod\": \"Dynamic\",\r\n    \"idleTimeoutInMinutes\":
        4,\r\n    \"ipTags\": [],\r\n    \"ipConfiguration\": {\r\n      \"id\": \"/subscriptions/00000000-0000-0000-0000-000000000000/resourceGroups/cli_test_vm_secrets000001/providers/Microsoft.Network/networkInterfaces/vm-nameVMNic/ipConfigurations/ipconfigvm-name\"\r\n
        \   }\r\n  },\r\n  \"type\": \"Microsoft.Network/publicIPAddresses\",\r\n
        \ \"sku\": {\r\n    \"name\": \"Basic\"\r\n  }\r\n}"
    headers:
      cache-control:
      - no-cache
      content-length:
      - '913'
      content-type:
      - application/json; charset=utf-8
      date:
      - Wed, 26 Jan 2022 12:58:45 GMT
      etag:
      - W/"9b32909b-ad7e-41a5-b3ca-1e0b5fc17374"
      expires:
      - '-1'
      pragma:
      - no-cache
      server:
      - Microsoft-HTTPAPI/2.0
      - Microsoft-HTTPAPI/2.0
      strict-transport-security:
      - max-age=31536000; includeSubDomains
      transfer-encoding:
      - chunked
      vary:
      - Accept-Encoding
      x-content-type-options:
      - nosniff
      x-ms-arm-service-request-id:
      - 75594fef-42e6-4778-9b21-126452b65336
    status:
      code: 200
      message: OK
- request:
    body: null
    headers:
      Accept:
      - application/json
      Accept-Encoding:
      - gzip, deflate
      CommandName:
      - vm show
      Connection:
      - keep-alive
      ParameterSetName:
      - -g -n
      User-Agent:
      - AZURECLI/2.32.0 azsdk-python-azure-mgmt-compute/23.1.0 Python/3.9.5 (Windows-10-10.0.19044-SP0)
    method: GET
    uri: https://management.azure.com/subscriptions/00000000-0000-0000-0000-000000000000/resourceGroups/cli_test_vm_secrets000001/providers/Microsoft.Compute/virtualMachines/vm-name?api-version=2017-12-01
  response:
    body:
      string: "{\r\n  \"name\": \"vm-name\",\r\n  \"id\": \"/subscriptions/00000000-0000-0000-0000-000000000000/resourceGroups/cli_test_vm_secrets000001/providers/Microsoft.Compute/virtualMachines/vm-name\",\r\n
        \ \"type\": \"Microsoft.Compute/virtualMachines\",\r\n  \"location\": \"westus\",\r\n
        \ \"tags\": {},\r\n  \"properties\": {\r\n    \"vmId\": \"1961f46d-32ef-4f35-87ff-ed2f875327ef\",\r\n
        \   \"hardwareProfile\": {\r\n      \"vmSize\": \"Standard_DS1_v2\"\r\n    },\r\n
        \   \"storageProfile\": {\r\n      \"imageReference\": {\r\n        \"publisher\":
        \"Canonical\",\r\n        \"offer\": \"UbuntuServer\",\r\n        \"sku\":
        \"18.04-LTS\",\r\n        \"version\": \"latest\"\r\n      },\r\n      \"osDisk\":
        {\r\n        \"osType\": \"Linux\",\r\n        \"name\": \"vm-name_disk1_ffe10e63f5e34196916f7ab83e2f8a7d\",\r\n
        \       \"createOption\": \"FromImage\",\r\n        \"caching\": \"ReadWrite\",\r\n
        \       \"managedDisk\": {\r\n          \"storageAccountType\": \"Premium_LRS\",\r\n
        \         \"id\": \"/subscriptions/00000000-0000-0000-0000-000000000000/resourceGroups/cli_test_vm_secrets000001/providers/Microsoft.Compute/disks/vm-name_disk1_ffe10e63f5e34196916f7ab83e2f8a7d\"\r\n
        \       },\r\n        \"diskSizeGB\": 30\r\n      },\r\n      \"dataDisks\":
        []\r\n    },\r\n    \"osProfile\": {\r\n      \"computerName\": \"vm-name\",\r\n
        \     \"adminUsername\": \"ubuntu\",\r\n      \"linuxConfiguration\": {\r\n
        \       \"disablePasswordAuthentication\": true,\r\n        \"ssh\": {\r\n
        \         \"publicKeys\": [\r\n            {\r\n              \"path\": \"/home/ubuntu/.ssh/authorized_keys\",\r\n
        \             \"keyData\": \"ssh-rsa AAAAB3NzaC1yc2EAAAADAQABAAACAQCbIg1guRHbI0lV11wWDt1r2cUdcNd27CJsg+SfgC7miZeubtwUhbsPdhMQsfDyhOWHq1+ZL0M+nJZV63d/1dhmhtgyOqejUwrPlzKhydsbrsdUor+JmNJDdW01v7BXHyuymT8G4s09jCasNOwiufbP/qp72ruu0bIA1nySsvlf9pCQAuFkAnVnf/rFhUlOkhtRpwcq8SUNY2zRHR/EKb/4NWY1JzR4sa3q2fWIJdrrX0DvLoa5g9bIEd4Df79ba7v+yiUBOS0zT2ll+z4g9izHK3EO5d8hL4jYxcjKs+wcslSYRWrascfscLgMlMGh0CdKeNTDjHpGPncaf3Z+FwwwjWeuiNBxv7bJo13/8B/098KlVDl4GZqsoBCEjPyJfV6hO0y/LkRGkk7oHWKgeWAfKtfLItRp00eZ4fcJNK9kCaSMmEugoZWcI7NGbZXzqFWqbpRI7NcDP9+WIQ+i9U5vqWsqd/zng4kbuAJ6UuKqIzB0upYrLShfQE3SAck8oaLhJqqq56VfDuASNpJKidV+zq27HfSBmbXnkR/5AK337dc3MXKJypoK/QPMLKUAP5XLPbs+NddJQV7EZXd29DLgp+fRIg3edpKdO7ZErWhv7d+3Kws+e1Y+ypmR2WIVSwVyBEUfgv2C8Ts9gnTF4pNcEY/S2aBicz5Ew2+jdyGNQQ==
        test@example.com\\n\"\r\n            }\r\n          ]\r\n        }\r\n      },\r\n
        \     \"secrets\": [\r\n        {\r\n          \"sourceVault\": {\r\n            \"id\":
        \"/subscriptions/00000000-0000-0000-0000-000000000000/resourceGroups/cli_test_vm_secrets000001/providers/Microsoft.KeyVault/vaults/vmlinuxkv000002\"\r\n
        \         },\r\n          \"vaultCertificates\": [\r\n            {\r\n              \"certificateUrl\":
        \"https://vmlinuxkv000002.vault.azure.net/secrets/cert1/4d86b039ddff4a50aaacc10dd5ad2b29\"\r\n
        \           }\r\n          ]\r\n        }\r\n      ]\r\n    },\r\n    \"networkProfile\":
        {\"networkInterfaces\":[{\"id\":\"/subscriptions/00000000-0000-0000-0000-000000000000/resourceGroups/cli_test_vm_secrets000001/providers/Microsoft.Network/networkInterfaces/vm-nameVMNic\"}]},\r\n
        \   \"provisioningState\": \"Succeeded\"\r\n  }\r\n}"
    headers:
      cache-control:
      - no-cache
      content-length:
      - '2958'
      content-type:
      - application/json; charset=utf-8
      date:
      - Wed, 26 Jan 2022 12:58:46 GMT
      expires:
      - '-1'
      pragma:
      - no-cache
      server:
      - Microsoft-HTTPAPI/2.0
      - Microsoft-HTTPAPI/2.0
      strict-transport-security:
      - max-age=31536000; includeSubDomains
      transfer-encoding:
      - chunked
      vary:
      - Accept-Encoding
      x-content-type-options:
      - nosniff
      x-ms-ratelimit-remaining-resource:
      - Microsoft.Compute/LowCostGet3Min;3979,Microsoft.Compute/LowCostGet30Min;31650
    status:
      code: 200
      message: OK
version: 1
