interactions:
- request:
    body: '{"tags": {"date": "2019-02-26T03:42:10Z", "product": "azurecli", "cause":
      "automation"}, "location": "westus"}'
    headers:
      Accept: [application/json]
      Accept-Encoding: ['gzip, deflate']
      CommandName: [group create]
      Connection: [keep-alive]
      Content-Length: ['110']
      Content-Type: [application/json; charset=utf-8]
      ParameterSetName: [--location --name --tag]
      User-Agent: [python/3.5.2 (Windows-10-10.0.17763-SP0) msrest/0.6.2 msrest_azure/0.4.34
          resourcemanagementclient/2.1.0 Azure-SDK-For-Python AZURECLI/2.0.58]
      accept-language: [en-US]
    method: PUT
    uri: https://management.azure.com/subscriptions/00000000-0000-0000-0000-000000000000/resourcegroups/cli_test_create_vm_custom_data000001?api-version=2018-05-01
  response:
    body: {string: '{"id":"/subscriptions/00000000-0000-0000-0000-000000000000/resourceGroups/cli_test_create_vm_custom_data000001","name":"cli_test_create_vm_custom_data000001","location":"westus","tags":{"date":"2019-02-26T03:42:10Z","product":"azurecli","cause":"automation"},"properties":{"provisioningState":"Succeeded"}}'}
    headers:
      cache-control: [no-cache]
      content-length: ['384']
      content-type: [application/json; charset=utf-8]
      date: ['Tue, 26 Feb 2019 03:42:11 GMT']
      expires: ['-1']
      pragma: [no-cache]
      strict-transport-security: [max-age=31536000; includeSubDomains]
      x-content-type-options: [nosniff]
      x-ms-ratelimit-remaining-subscription-writes: ['1197']
    status: {code: 201, message: Created}
- request:
    body: null
    headers:
      Accept: ['*/*']
      Accept-Encoding: ['gzip, deflate']
      Connection: [keep-alive]
      User-Agent: [python-requests/2.21.0]
    method: GET
    uri: https://raw.githubusercontent.com/Azure/azure-rest-api-specs/master/arm-compute/quickstart-templates/aliases.json
  response:
    body: {string: "{\n  \"$schema\":\"http://schema.management.azure.com/schemas/2015-01-01/deploymentTemplate.json\"\
        ,\n  \"contentVersion\":\"1.0.0.0\",\n  \"parameters\":{},\n  \"variables\"\
        :{},\n  \"resources\":[],\n\n  \"outputs\":{\n    \"aliases\":{\n      \"\
        type\":\"object\",\n      \"value\":{\n\n        \"Linux\":{\n          \"\
        CentOS\":{\n            \"publisher\":\"OpenLogic\",\n            \"offer\"\
        :\"CentOS\",\n            \"sku\":\"7.5\",\n            \"version\":\"latest\"\
        \n          },\n          \"CoreOS\":{\n            \"publisher\":\"CoreOS\"\
        ,\n            \"offer\":\"CoreOS\",\n            \"sku\":\"Stable\",\n  \
        \          \"version\":\"latest\"\n          },\n          \"Debian\":{\n\
        \            \"publisher\":\"credativ\",\n            \"offer\":\"Debian\"\
        ,\n            \"sku\":\"9\",\n            \"version\":\"latest\"\n      \
        \    },\n          \"openSUSE-Leap\": {\n            \"publisher\":\"SUSE\"\
        ,\n            \"offer\":\"openSUSE-Leap\",\n            \"sku\":\"42.3\"\
        ,\n            \"version\": \"latest\"\n          },\n          \"RHEL\":{\n\
        \            \"publisher\":\"RedHat\",\n            \"offer\":\"RHEL\",\n\
        \            \"sku\":\"7-RAW\",\n            \"version\":\"latest\"\n    \
        \      },\n          \"SLES\":{\n            \"publisher\":\"SUSE\",\n   \
        \         \"offer\":\"SLES\",\n            \"sku\":\"15\",\n            \"\
        version\":\"latest\"\n          },\n          \"UbuntuLTS\":{\n          \
        \  \"publisher\":\"Canonical\",\n            \"offer\":\"UbuntuServer\",\n\
        \            \"sku\":\"18.04-LTS\",\n            \"version\":\"latest\"\n\
        \          }\n        },\n\n        \"Windows\":{\n          \"Win2019Datacenter\"\
        :{\n            \"publisher\":\"MicrosoftWindowsServer\",\n            \"\
        offer\":\"WindowsServer\",\n            \"sku\":\"2019-Datacenter\",\n   \
        \         \"version\":\"latest\"\n          },\n          \"Win2016Datacenter\"\
        :{\n            \"publisher\":\"MicrosoftWindowsServer\",\n            \"\
        offer\":\"WindowsServer\",\n            \"sku\":\"2016-Datacenter\",\n   \
        \         \"version\":\"latest\"\n          },\n          \"Win2012R2Datacenter\"\
        :{\n            \"publisher\":\"MicrosoftWindowsServer\",\n            \"\
        offer\":\"WindowsServer\",\n            \"sku\":\"2012-R2-Datacenter\",\n\
        \            \"version\":\"latest\"\n          },\n          \"Win2012Datacenter\"\
        :{\n            \"publisher\":\"MicrosoftWindowsServer\",\n            \"\
        offer\":\"WindowsServer\",\n            \"sku\":\"2012-Datacenter\",\n   \
        \         \"version\":\"latest\"\n          },\n          \"Win2008R2SP1\"\
        :{\n            \"publisher\":\"MicrosoftWindowsServer\",\n            \"\
        offer\":\"WindowsServer\",\n            \"sku\":\"2008-R2-SP1\",\n       \
        \     \"version\":\"latest\"\n          }\n        }\n      }\n    }\n  }\n\
        }\n"}
    headers:
      accept-ranges: [bytes]
      access-control-allow-origin: ['*']
      cache-control: [max-age=300]
      connection: [keep-alive]
      content-length: ['2433']
      content-security-policy: [default-src 'none'; style-src 'unsafe-inline'; sandbox]
      content-type: [text/plain; charset=utf-8]
      date: ['Tue, 26 Feb 2019 03:42:12 GMT']
      etag: ['"f5944d69cdbfb4a2bb2ddda8c5f050bde5bbcb32"']
      expires: ['Tue, 26 Feb 2019 03:47:12 GMT']
      source-age: ['0']
      strict-transport-security: [max-age=31536000]
      vary: ['Authorization,Accept-Encoding']
      via: [1.1 varnish]
      x-cache: [MISS]
      x-cache-hits: ['0']
      x-content-type-options: [nosniff]
      x-fastly-request-id: [0fefbd4f47926c7271b947318aa6bf3028eceaae]
      x-frame-options: [deny]
      x-geo-block-list: ['']
      x-github-request-id: ['3DFA:9E63:23A4AA:24EFC4:5C74B593']
      x-served-by: [cache-sea1022-SEA]
      x-timer: ['S1551152532.949072,VS0,VE111']
      x-xss-protection: [1; mode=block]
    status: {code: 200, message: OK}
- request:
    body: null
    headers:
      Accept: [application/json]
      Accept-Encoding: ['gzip, deflate']
      CommandName: [vm create]
      Connection: [keep-alive]
      ParameterSetName: [-g -n --admin-username --authentication-type --image --ssh-key-value
          -l --custom-data]
      User-Agent: [python/3.5.2 (Windows-10-10.0.17763-SP0) msrest/0.6.2 msrest_azure/0.4.34
          networkmanagementclient/2.4.0 Azure-SDK-For-Python AZURECLI/2.0.58]
      accept-language: [en-US]
    method: GET
    uri: https://management.azure.com/subscriptions/00000000-0000-0000-0000-000000000000/resourceGroups/cli_test_create_vm_custom_data000001/providers/Microsoft.Network/virtualNetworks?api-version=2017-10-01
  response:
    body: {string: '{"value":[]}'}
    headers:
      cache-control: [no-cache]
      content-length: ['12']
      content-type: [application/json; charset=utf-8]
      date: ['Tue, 26 Feb 2019 03:42:11 GMT']
      expires: ['-1']
      pragma: [no-cache]
      strict-transport-security: [max-age=31536000; includeSubDomains]
      vary: [Accept-Encoding]
      x-content-type-options: [nosniff]
    status: {code: 200, message: OK}
- request:
    body: 'b''{"properties": {"parameters": {}, "mode": "Incremental", "template":
      {"variables": {}, "$schema": "https://schema.management.azure.com/schemas/2015-01-01/deploymentTemplate.json#",
      "resources": [{"dependsOn": [], "tags": {}, "apiVersion": "2015-06-15", "location":
      "westus", "name": "vm-nameVNET", "properties": {"subnets": [{"name": "vm-nameSubnet",
      "properties": {"addressPrefix": "10.0.0.0/24"}}], "addressSpace": {"addressPrefixes":
      ["10.0.0.0/16"]}}, "type": "Microsoft.Network/virtualNetworks"}, {"dependsOn":
      [], "tags": {}, "apiVersion": "2015-06-15", "location": "westus", "name": "vm-nameNSG",
      "properties": {"securityRules": [{"name": "default-allow-ssh", "properties":
      {"protocol": "Tcp", "destinationAddressPrefix": "*", "priority": 1000, "direction":
      "Inbound", "access": "Allow", "destinationPortRange": "22", "sourcePortRange":
      "*", "sourceAddressPrefix": "*"}}]}, "type": "Microsoft.Network/networkSecurityGroups"},
      {"dependsOn": [], "tags": {}, "apiVersion": "2017-10-01", "location": "westus",
      "name": "vm-namePublicIP", "properties": {"publicIPAllocationMethod": null},
      "type": "Microsoft.Network/publicIPAddresses"}, {"dependsOn": ["Microsoft.Network/virtualNetworks/vm-nameVNET",
      "Microsoft.Network/networkSecurityGroups/vm-nameNSG", "Microsoft.Network/publicIpAddresses/vm-namePublicIP"],
      "tags": {}, "apiVersion": "2015-06-15", "location": "westus", "name": "vm-nameVMNic",
      "properties": {"ipConfigurations": [{"name": "ipconfigvm-name", "properties":
      {"publicIPAddress": {"id": "/subscriptions/00000000-0000-0000-0000-000000000000/resourceGroups/cli_test_create_vm_custom_data000001/providers/Microsoft.Network/publicIPAddresses/vm-namePublicIP"},
      "privateIPAllocationMethod": "Dynamic", "subnet": {"id": "/subscriptions/00000000-0000-0000-0000-000000000000/resourceGroups/cli_test_create_vm_custom_data000001/providers/Microsoft.Network/virtualNetworks/vm-nameVNET/subnets/vm-nameSubnet"}}}],
      "networkSecurityGroup": {"id": "/subscriptions/00000000-0000-0000-0000-000000000000/resourceGroups/cli_test_create_vm_custom_data000001/providers/Microsoft.Network/networkSecurityGroups/vm-nameNSG"}},
      "type": "Microsoft.Network/networkInterfaces"}, {"dependsOn": ["Microsoft.Network/networkInterfaces/vm-nameVMNic"],
      "tags": {}, "apiVersion": "2017-12-01", "location": "westus", "name": "vm-name",
      "properties": {"networkProfile": {"networkInterfaces": [{"id": "/subscriptions/00000000-0000-0000-0000-000000000000/resourceGroups/cli_test_create_vm_custom_data000001/providers/Microsoft.Network/networkInterfaces/vm-nameVMNic"}]},
      "osProfile": {"customData": "I2Nsb3VkLWNvbmZpZwpob3N0bmFtZTogbXlWTWhvc3RuYW1l",
      "computerName": "vm-name", "linuxConfiguration": {"ssh": {"publicKeys": [{"path":
      "/home/ubuntu/.ssh/authorized_keys", "keyData": "ssh-rsa AAAAB3NzaC1yc2EAAAADAQABAAACAQCbIg1guRHbI0lV11wWDt1r2cUdcNd27CJsg+SfgC7miZeubtwUhbsPdhMQsfDyhOWHq1+ZL0M+nJZV63d/1dhmhtgyOqejUwrPlzKhydsbrsdUor+JmNJDdW01v7BXHyuymT8G4s09jCasNOwiufbP/qp72ruu0bIA1nySsvlf9pCQAuFkAnVnf/rFhUlOkhtRpwcq8SUNY2zRHR/EKb/4NWY1JzR4sa3q2fWIJdrrX0DvLoa5g9bIEd4Df79ba7v+yiUBOS0zT2ll+z4g9izHK3EO5d8hL4jYxcjKs+wcslSYRWrascfscLgMlMGh0CdKeNTDjHpGPncaf3Z+FwwwjWeuiNBxv7bJo13/8B/098KlVDl4GZqsoBCEjPyJfV6hO0y/LkRGkk7oHWKgeWAfKtfLItRp00eZ4fcJNK9kCaSMmEugoZWcI7NGbZXzqFWqbpRI7NcDP9+WIQ+i9U5vqWsqd/zng4kbuAJ6UuKqIzB0upYrLShfQE3SAck8oaLhJqqq56VfDuASNpJKidV+zq27HfSBmbXnkR/5AK337dc3MXKJypoK/QPMLKUAP5XLPbs+NddJQV7EZXd29DLgp+fRIg3edpKdO7ZErWhv7d+3Kws+e1Y+ypmR2WIVSwVyBEUfgv2C8Ts9gnTF4pNcEY/S2aBicz5Ew2+jdyGNQQ==
      test@example.com\\n"}]}, "disablePasswordAuthentication": true}, "adminUsername":
      "ubuntu"}, "hardwareProfile": {"vmSize": "Standard_DS1_v2"}, "storageProfile":
      {"osDisk": {"caching": "ReadWrite", "managedDisk": {"storageAccountType": null},
      "name": null, "createOption": "fromImage"}, "imageReference": {"publisher":
      "Canonical", "offer": "UbuntuServer", "sku": "18.04-LTS", "version": "latest"}}},
      "type": "Microsoft.Compute/virtualMachines"}], "outputs": {}, "contentVersion":
      "1.0.0.0", "parameters": {}}}}'''
    headers:
      Accept: [application/json]
      Accept-Encoding: ['gzip, deflate']
      CommandName: [vm create]
      Connection: [keep-alive]
      Content-Length: ['4150']
      Content-Type: [application/json; charset=utf-8]
      ParameterSetName: [-g -n --admin-username --authentication-type --image --ssh-key-value
          -l --custom-data]
      User-Agent: [python/3.5.2 (Windows-10-10.0.17763-SP0) msrest/0.6.2 msrest_azure/0.4.34
          resourcemanagementclient/2.1.0 Azure-SDK-For-Python AZURECLI/2.0.58]
      accept-language: [en-US]
    method: PUT
    uri: https://management.azure.com/subscriptions/00000000-0000-0000-0000-000000000000/resourcegroups/cli_test_create_vm_custom_data000001/providers/Microsoft.Resources/deployments/mock-deployment?api-version=2018-05-01
  response:
    body: {string: '{"id":"/subscriptions/00000000-0000-0000-0000-000000000000/resourceGroups/cli_test_create_vm_custom_data000001/providers/Microsoft.Resources/deployments/vm_deploy_z81ReqqZn1iCfJLcS2tWNHohA7J8s7KP","name":"vm_deploy_z81ReqqZn1iCfJLcS2tWNHohA7J8s7KP","properties":{"templateHash":"1528903084578196318","parameters":{},"mode":"Incremental","provisioningState":"Accepted","timestamp":"2019-02-26T03:42:15.3953148Z","duration":"PT1.4325148S","correlationId":"04087068-3bf4-467d-bef3-aeb7f8c9e535","providers":[{"namespace":"Microsoft.Network","resourceTypes":[{"resourceType":"virtualNetworks","locations":["westus"]},{"resourceType":"networkSecurityGroups","locations":["westus"]},{"resourceType":"publicIPAddresses","locations":["westus"]},{"resourceType":"networkInterfaces","locations":["westus"]}]},{"namespace":"Microsoft.Compute","resourceTypes":[{"resourceType":"virtualMachines","locations":["westus"]}]}],"dependencies":[{"dependsOn":[{"id":"/subscriptions/00000000-0000-0000-0000-000000000000/resourceGroups/cli_test_create_vm_custom_data000001/providers/Microsoft.Network/virtualNetworks/vm-nameVNET","resourceType":"Microsoft.Network/virtualNetworks","resourceName":"vm-nameVNET"},{"id":"/subscriptions/00000000-0000-0000-0000-000000000000/resourceGroups/cli_test_create_vm_custom_data000001/providers/Microsoft.Network/networkSecurityGroups/vm-nameNSG","resourceType":"Microsoft.Network/networkSecurityGroups","resourceName":"vm-nameNSG"},{"id":"/subscriptions/00000000-0000-0000-0000-000000000000/resourceGroups/cli_test_create_vm_custom_data000001/providers/Microsoft.Network/publicIPAddresses/vm-namePublicIP","resourceType":"Microsoft.Network/publicIPAddresses","resourceName":"vm-namePublicIP"}],"id":"/subscriptions/00000000-0000-0000-0000-000000000000/resourceGroups/cli_test_create_vm_custom_data000001/providers/Microsoft.Network/networkInterfaces/vm-nameVMNic","resourceType":"Microsoft.Network/networkInterfaces","resourceName":"vm-nameVMNic"},{"dependsOn":[{"id":"/subscriptions/00000000-0000-0000-0000-000000000000/resourceGroups/cli_test_create_vm_custom_data000001/providers/Microsoft.Network/networkInterfaces/vm-nameVMNic","resourceType":"Microsoft.Network/networkInterfaces","resourceName":"vm-nameVMNic"}],"id":"/subscriptions/00000000-0000-0000-0000-000000000000/resourceGroups/cli_test_create_vm_custom_data000001/providers/Microsoft.Compute/virtualMachines/vm-name","resourceType":"Microsoft.Compute/virtualMachines","resourceName":"vm-name"}]}}'}
    headers:
      azure-asyncoperation: ['https://management.azure.com/subscriptions/00000000-0000-0000-0000-000000000000/resourcegroups/cli_test_create_vm_custom_data000001/providers/Microsoft.Resources/deployments/vm_deploy_z81ReqqZn1iCfJLcS2tWNHohA7J8s7KP/operationStatuses/08586504543515148274?api-version=2018-05-01']
      cache-control: [no-cache]
      content-length: ['2749']
      content-type: [application/json; charset=utf-8]
      date: ['Tue, 26 Feb 2019 03:42:15 GMT']
      expires: ['-1']
      pragma: [no-cache]
      strict-transport-security: [max-age=31536000; includeSubDomains]
      x-content-type-options: [nosniff]
      x-ms-ratelimit-remaining-subscription-writes: ['1196']
    status: {code: 201, message: Created}
- request:
    body: null
    headers:
      Accept: [application/json]
      Accept-Encoding: ['gzip, deflate']
      CommandName: [vm create]
      Connection: [keep-alive]
      ParameterSetName: [-g -n --admin-username --authentication-type --image --ssh-key-value
          -l --custom-data]
      User-Agent: [python/3.5.2 (Windows-10-10.0.17763-SP0) msrest/0.6.2 msrest_azure/0.4.34
          resourcemanagementclient/2.1.0 Azure-SDK-For-Python AZURECLI/2.0.58]
    method: GET
    uri: https://management.azure.com/subscriptions/00000000-0000-0000-0000-000000000000/resourcegroups/cli_test_create_vm_custom_data000001/providers/Microsoft.Resources/deployments/mock-deployment/operationStatuses/08586504543515148274?api-version=2018-05-01
  response:
    body: {string: '{"status":"Running"}'}
    headers:
      cache-control: [no-cache]
      content-length: ['20']
      content-type: [application/json; charset=utf-8]
      date: ['Tue, 26 Feb 2019 03:42:45 GMT']
      expires: ['-1']
      pragma: [no-cache]
      strict-transport-security: [max-age=31536000; includeSubDomains]
      vary: [Accept-Encoding]
      x-content-type-options: [nosniff]
    status: {code: 200, message: OK}
- request:
    body: null
    headers:
      Accept: [application/json]
      Accept-Encoding: ['gzip, deflate']
      CommandName: [vm create]
      Connection: [keep-alive]
      ParameterSetName: [-g -n --admin-username --authentication-type --image --ssh-key-value
          -l --custom-data]
      User-Agent: [python/3.5.2 (Windows-10-10.0.17763-SP0) msrest/0.6.2 msrest_azure/0.4.34
          resourcemanagementclient/2.1.0 Azure-SDK-For-Python AZURECLI/2.0.58]
    method: GET
    uri: https://management.azure.com/subscriptions/00000000-0000-0000-0000-000000000000/resourcegroups/cli_test_create_vm_custom_data000001/providers/Microsoft.Resources/deployments/mock-deployment/operationStatuses/08586504543515148274?api-version=2018-05-01
  response:
    body: {string: '{"status":"Running"}'}
    headers:
      cache-control: [no-cache]
      content-length: ['20']
      content-type: [application/json; charset=utf-8]
      date: ['Tue, 26 Feb 2019 03:43:15 GMT']
      expires: ['-1']
      pragma: [no-cache]
      strict-transport-security: [max-age=31536000; includeSubDomains]
      vary: [Accept-Encoding]
      x-content-type-options: [nosniff]
    status: {code: 200, message: OK}
- request:
    body: null
    headers:
      Accept: [application/json]
      Accept-Encoding: ['gzip, deflate']
      CommandName: [vm create]
      Connection: [keep-alive]
      ParameterSetName: [-g -n --admin-username --authentication-type --image --ssh-key-value
          -l --custom-data]
      User-Agent: [python/3.5.2 (Windows-10-10.0.17763-SP0) msrest/0.6.2 msrest_azure/0.4.34
          resourcemanagementclient/2.1.0 Azure-SDK-For-Python AZURECLI/2.0.58]
    method: GET
    uri: https://management.azure.com/subscriptions/00000000-0000-0000-0000-000000000000/resourcegroups/cli_test_create_vm_custom_data000001/providers/Microsoft.Resources/deployments/mock-deployment/operationStatuses/08586504543515148274?api-version=2018-05-01
  response:
    body: {string: '{"status":"Succeeded"}'}
    headers:
      cache-control: [no-cache]
      content-length: ['22']
      content-type: [application/json; charset=utf-8]
      date: ['Tue, 26 Feb 2019 03:43:46 GMT']
      expires: ['-1']
      pragma: [no-cache]
      strict-transport-security: [max-age=31536000; includeSubDomains]
      vary: [Accept-Encoding]
      x-content-type-options: [nosniff]
    status: {code: 200, message: OK}
- request:
    body: null
    headers:
      Accept: [application/json]
      Accept-Encoding: ['gzip, deflate']
      CommandName: [vm create]
      Connection: [keep-alive]
      ParameterSetName: [-g -n --admin-username --authentication-type --image --ssh-key-value
          -l --custom-data]
      User-Agent: [python/3.5.2 (Windows-10-10.0.17763-SP0) msrest/0.6.2 msrest_azure/0.4.34
          resourcemanagementclient/2.1.0 Azure-SDK-For-Python AZURECLI/2.0.58]
    method: GET
    uri: https://management.azure.com/subscriptions/00000000-0000-0000-0000-000000000000/resourcegroups/cli_test_create_vm_custom_data000001/providers/Microsoft.Resources/deployments/mock-deployment?api-version=2018-05-01
  response:
    body: {string: '{"id":"/subscriptions/00000000-0000-0000-0000-000000000000/resourceGroups/cli_test_create_vm_custom_data000001/providers/Microsoft.Resources/deployments/vm_deploy_z81ReqqZn1iCfJLcS2tWNHohA7J8s7KP","name":"vm_deploy_z81ReqqZn1iCfJLcS2tWNHohA7J8s7KP","properties":{"templateHash":"1528903084578196318","parameters":{},"mode":"Incremental","provisioningState":"Succeeded","timestamp":"2019-02-26T03:43:18.0186739Z","duration":"PT1M4.0558739S","correlationId":"04087068-3bf4-467d-bef3-aeb7f8c9e535","providers":[{"namespace":"Microsoft.Network","resourceTypes":[{"resourceType":"virtualNetworks","locations":["westus"]},{"resourceType":"networkSecurityGroups","locations":["westus"]},{"resourceType":"publicIPAddresses","locations":["westus"]},{"resourceType":"networkInterfaces","locations":["westus"]}]},{"namespace":"Microsoft.Compute","resourceTypes":[{"resourceType":"virtualMachines","locations":["westus"]}]}],"dependencies":[{"dependsOn":[{"id":"/subscriptions/00000000-0000-0000-0000-000000000000/resourceGroups/cli_test_create_vm_custom_data000001/providers/Microsoft.Network/virtualNetworks/vm-nameVNET","resourceType":"Microsoft.Network/virtualNetworks","resourceName":"vm-nameVNET"},{"id":"/subscriptions/00000000-0000-0000-0000-000000000000/resourceGroups/cli_test_create_vm_custom_data000001/providers/Microsoft.Network/networkSecurityGroups/vm-nameNSG","resourceType":"Microsoft.Network/networkSecurityGroups","resourceName":"vm-nameNSG"},{"id":"/subscriptions/00000000-0000-0000-0000-000000000000/resourceGroups/cli_test_create_vm_custom_data000001/providers/Microsoft.Network/publicIPAddresses/vm-namePublicIP","resourceType":"Microsoft.Network/publicIPAddresses","resourceName":"vm-namePublicIP"}],"id":"/subscriptions/00000000-0000-0000-0000-000000000000/resourceGroups/cli_test_create_vm_custom_data000001/providers/Microsoft.Network/networkInterfaces/vm-nameVMNic","resourceType":"Microsoft.Network/networkInterfaces","resourceName":"vm-nameVMNic"},{"dependsOn":[{"id":"/subscriptions/00000000-0000-0000-0000-000000000000/resourceGroups/cli_test_create_vm_custom_data000001/providers/Microsoft.Network/networkInterfaces/vm-nameVMNic","resourceType":"Microsoft.Network/networkInterfaces","resourceName":"vm-nameVMNic"}],"id":"/subscriptions/00000000-0000-0000-0000-000000000000/resourceGroups/cli_test_create_vm_custom_data000001/providers/Microsoft.Compute/virtualMachines/vm-name","resourceType":"Microsoft.Compute/virtualMachines","resourceName":"vm-name"}],"outputs":{},"outputResources":[{"id":"/subscriptions/00000000-0000-0000-0000-000000000000/resourceGroups/cli_test_create_vm_custom_data000001/providers/Microsoft.Compute/virtualMachines/vm-name"},{"id":"/subscriptions/00000000-0000-0000-0000-000000000000/resourceGroups/cli_test_create_vm_custom_data000001/providers/Microsoft.Network/networkInterfaces/vm-nameVMNic"},{"id":"/subscriptions/00000000-0000-0000-0000-000000000000/resourceGroups/cli_test_create_vm_custom_data000001/providers/Microsoft.Network/networkSecurityGroups/vm-nameNSG"},{"id":"/subscriptions/00000000-0000-0000-0000-000000000000/resourceGroups/cli_test_create_vm_custom_data000001/providers/Microsoft.Network/publicIPAddresses/vm-namePublicIP"},{"id":"/subscriptions/00000000-0000-0000-0000-000000000000/resourceGroups/cli_test_create_vm_custom_data000001/providers/Microsoft.Network/virtualNetworks/vm-nameVNET"}]}}'}
    headers:
      cache-control: [no-cache]
      content-length: ['3835']
      content-type: [application/json; charset=utf-8]
      date: ['Tue, 26 Feb 2019 03:43:46 GMT']
      expires: ['-1']
      pragma: [no-cache]
      strict-transport-security: [max-age=31536000; includeSubDomains]
      vary: [Accept-Encoding]
      x-content-type-options: [nosniff]
    status: {code: 200, message: OK}
- request:
    body: null
    headers:
      Accept: [application/json]
      Accept-Encoding: ['gzip, deflate']
      CommandName: [vm create]
      Connection: [keep-alive]
      ParameterSetName: [-g -n --admin-username --authentication-type --image --ssh-key-value
          -l --custom-data]
      User-Agent: [python/3.5.2 (Windows-10-10.0.17763-SP0) msrest/0.6.2 msrest_azure/0.4.34
          computemanagementclient/4.4.0 Azure-SDK-For-Python AZURECLI/2.0.58]
      accept-language: [en-US]
    method: GET
    uri: https://management.azure.com/subscriptions/00000000-0000-0000-0000-000000000000/resourceGroups/cli_test_create_vm_custom_data000001/providers/Microsoft.Compute/virtualMachines/vm-name?$expand=instanceView&api-version=2017-12-01
  response:
    body: {string: "{\r\n  \"properties\": {\r\n    \"vmId\": \"a91249ae-1bdd-4e3a-9692-11ab1ca3d4ff\"\
        ,\r\n    \"hardwareProfile\": {\r\n      \"vmSize\": \"Standard_DS1_v2\"\r\
        \n    },\r\n    \"storageProfile\": {\r\n      \"imageReference\": {\r\n \
        \       \"publisher\": \"Canonical\",\r\n        \"offer\": \"UbuntuServer\"\
        ,\r\n        \"sku\": \"18.04-LTS\",\r\n        \"version\": \"latest\"\r\n\
        \      },\r\n      \"osDisk\": {\r\n        \"osType\": \"Linux\",\r\n   \
        \     \"name\": \"vm-name_disk1_c63036c557d445f0b504eb81b7361cda\",\r\n  \
        \      \"createOption\": \"FromImage\",\r\n        \"caching\": \"ReadWrite\"\
        ,\r\n        \"managedDisk\": {\r\n          \"storageAccountType\": \"Premium_LRS\"\
        ,\r\n          \"id\": \"/subscriptions/00000000-0000-0000-0000-000000000000/resourceGroups/cli_test_create_vm_custom_data000001/providers/Microsoft.Compute/disks/vm-name_disk1_c63036c557d445f0b504eb81b7361cda\"\
        \r\n        },\r\n        \"diskSizeGB\": 30\r\n      },\r\n      \"dataDisks\"\
        : []\r\n    },\r\n    \"osProfile\": {\r\n      \"computerName\": \"vm-name\"\
        ,\r\n      \"adminUsername\": \"ubuntu\",\r\n      \"linuxConfiguration\"\
        : {\r\n        \"disablePasswordAuthentication\": true,\r\n        \"ssh\"\
        : {\r\n          \"publicKeys\": [\r\n            {\r\n              \"path\"\
        : \"/home/ubuntu/.ssh/authorized_keys\",\r\n              \"keyData\": \"\
        ssh-rsa AAAAB3NzaC1yc2EAAAADAQABAAACAQCbIg1guRHbI0lV11wWDt1r2cUdcNd27CJsg+SfgC7miZeubtwUhbsPdhMQsfDyhOWHq1+ZL0M+nJZV63d/1dhmhtgyOqejUwrPlzKhydsbrsdUor+JmNJDdW01v7BXHyuymT8G4s09jCasNOwiufbP/qp72ruu0bIA1nySsvlf9pCQAuFkAnVnf/rFhUlOkhtRpwcq8SUNY2zRHR/EKb/4NWY1JzR4sa3q2fWIJdrrX0DvLoa5g9bIEd4Df79ba7v+yiUBOS0zT2ll+z4g9izHK3EO5d8hL4jYxcjKs+wcslSYRWrascfscLgMlMGh0CdKeNTDjHpGPncaf3Z+FwwwjWeuiNBxv7bJo13/8B/098KlVDl4GZqsoBCEjPyJfV6hO0y/LkRGkk7oHWKgeWAfKtfLItRp00eZ4fcJNK9kCaSMmEugoZWcI7NGbZXzqFWqbpRI7NcDP9+WIQ+i9U5vqWsqd/zng4kbuAJ6UuKqIzB0upYrLShfQE3SAck8oaLhJqqq56VfDuASNpJKidV+zq27HfSBmbXnkR/5AK337dc3MXKJypoK/QPMLKUAP5XLPbs+NddJQV7EZXd29DLgp+fRIg3edpKdO7ZErWhv7d+3Kws+e1Y+ypmR2WIVSwVyBEUfgv2C8Ts9gnTF4pNcEY/S2aBicz5Ew2+jdyGNQQ==\
        \ test@example.com\\n\"\r\n            }\r\n          ]\r\n        }\r\n \
        \     },\r\n      \"secrets\": []\r\n    },\r\n    \"networkProfile\": {\"\
        networkInterfaces\":[{\"id\":\"/subscriptions/00000000-0000-0000-0000-000000000000/resourceGroups/cli_test_create_vm_custom_data000001/providers/Microsoft.Network/networkInterfaces/vm-nameVMNic\"\
        }]},\r\n    \"provisioningState\": \"Succeeded\",\r\n    \"instanceView\"\
        : {\r\n      \"computerName\": \"myVMhostname\",\r\n      \"osName\": \"ubuntu\"\
        ,\r\n      \"osVersion\": \"18.04\",\r\n      \"vmAgent\": {\r\n        \"\
        vmAgentVersion\": \"2.2.36\",\r\n        \"statuses\": [\r\n          {\r\n\
        \            \"code\": \"ProvisioningState/succeeded\",\r\n            \"\
        level\": \"Info\",\r\n            \"displayStatus\": \"Ready\",\r\n      \
        \      \"message\": \"Guest Agent is running\",\r\n            \"time\": \"\
        2019-02-26T03:43:47+00:00\"\r\n          }\r\n        ],\r\n        \"extensionHandlers\"\
        : []\r\n      },\r\n      \"disks\": [\r\n        {\r\n          \"name\"\
        : \"vm-name_disk1_c63036c557d445f0b504eb81b7361cda\",\r\n          \"statuses\"\
        : [\r\n            {\r\n              \"code\": \"ProvisioningState/succeeded\"\
        ,\r\n              \"level\": \"Info\",\r\n              \"displayStatus\"\
        : \"Provisioning succeeded\",\r\n              \"time\": \"2019-02-26T03:42:43.8416218+00:00\"\
        \r\n            }\r\n          ]\r\n        }\r\n      ],\r\n      \"statuses\"\
        : [\r\n        {\r\n          \"code\": \"ProvisioningState/succeeded\",\r\
        \n          \"level\": \"Info\",\r\n          \"displayStatus\": \"Provisioning\
        \ succeeded\",\r\n          \"time\": \"2019-02-26T03:43:11.810525+00:00\"\
        \r\n        },\r\n        {\r\n          \"code\": \"PowerState/running\"\
        ,\r\n          \"level\": \"Info\",\r\n          \"displayStatus\": \"VM running\"\
        \r\n        }\r\n      ]\r\n    }\r\n  },\r\n  \"type\": \"Microsoft.Compute/virtualMachines\"\
        ,\r\n  \"location\": \"westus\",\r\n  \"tags\": {},\r\n  \"id\": \"/subscriptions/00000000-0000-0000-0000-000000000000/resourceGroups/cli_test_create_vm_custom_data000001/providers/Microsoft.Compute/virtualMachines/vm-name\"\
        ,\r\n  \"name\": \"vm-name\"\r\n}"}
    headers:
      cache-control: [no-cache]
      content-length: ['3939']
      content-type: [application/json; charset=utf-8]
      date: ['Tue, 26 Feb 2019 03:43:47 GMT']
      expires: ['-1']
      pragma: [no-cache]
      server: [Microsoft-HTTPAPI/2.0, Microsoft-HTTPAPI/2.0]
      strict-transport-security: [max-age=31536000; includeSubDomains]
      transfer-encoding: [chunked]
      vary: [Accept-Encoding]
      x-content-type-options: [nosniff]
      x-ms-ratelimit-remaining-resource: ['Microsoft.Compute/LowCostGet3Min;3982,Microsoft.Compute/LowCostGet30Min;31844']
    status: {code: 200, message: OK}
- request:
    body: null
    headers:
      Accept: [application/json]
      Accept-Encoding: ['gzip, deflate']
      CommandName: [vm create]
      Connection: [keep-alive]
      ParameterSetName: [-g -n --admin-username --authentication-type --image --ssh-key-value
          -l --custom-data]
      User-Agent: [python/3.5.2 (Windows-10-10.0.17763-SP0) msrest/0.6.2 msrest_azure/0.4.34
          networkmanagementclient/2.4.0 Azure-SDK-For-Python AZURECLI/2.0.58]
      accept-language: [en-US]
    method: GET
    uri: https://management.azure.com/subscriptions/00000000-0000-0000-0000-000000000000/resourceGroups/cli_test_create_vm_custom_data000001/providers/Microsoft.Network/networkInterfaces/vm-nameVMNic?api-version=2017-10-01
  response:
    body: {string: "{\r\n  \"name\": \"vm-nameVMNic\",\r\n  \"id\": \"/subscriptions/00000000-0000-0000-0000-000000000000/resourceGroups/cli_test_create_vm_custom_data000001/providers/Microsoft.Network/networkInterfaces/vm-nameVMNic\"\
        ,\r\n  \"etag\": \"W/\\\"b6584118-e45a-4804-8cc3-697d3eec8ed1\\\"\",\r\n \
        \ \"location\": \"westus\",\r\n  \"tags\": {},\r\n  \"properties\": {\r\n\
        \    \"provisioningState\": \"Succeeded\",\r\n    \"resourceGuid\": \"d59a16a1-c9f9-4c0b-a804-f3c19f147dc2\"\
        ,\r\n    \"ipConfigurations\": [\r\n      {\r\n        \"name\": \"ipconfigvm-name\"\
        ,\r\n        \"id\": \"/subscriptions/00000000-0000-0000-0000-000000000000/resourceGroups/cli_test_create_vm_custom_data000001/providers/Microsoft.Network/networkInterfaces/vm-nameVMNic/ipConfigurations/ipconfigvm-name\"\
        ,\r\n        \"etag\": \"W/\\\"b6584118-e45a-4804-8cc3-697d3eec8ed1\\\"\"\
        ,\r\n        \"type\": \"Microsoft.Network/networkInterfaces/ipConfigurations\"\
        ,\r\n        \"properties\": {\r\n          \"provisioningState\": \"Succeeded\"\
        ,\r\n          \"privateIPAddress\": \"10.0.0.4\",\r\n          \"privateIPAllocationMethod\"\
        : \"Dynamic\",\r\n          \"publicIPAddress\": {\r\n            \"id\":\
        \ \"/subscriptions/00000000-0000-0000-0000-000000000000/resourceGroups/cli_test_create_vm_custom_data000001/providers/Microsoft.Network/publicIPAddresses/vm-namePublicIP\"\
        \r\n          },\r\n          \"subnet\": {\r\n            \"id\": \"/subscriptions/00000000-0000-0000-0000-000000000000/resourceGroups/cli_test_create_vm_custom_data000001/providers/Microsoft.Network/virtualNetworks/vm-nameVNET/subnets/vm-nameSubnet\"\
        \r\n          },\r\n          \"primary\": true,\r\n          \"privateIPAddressVersion\"\
        : \"IPv4\"\r\n        }\r\n      }\r\n    ],\r\n    \"dnsSettings\": {\r\n\
        \      \"dnsServers\": [],\r\n      \"appliedDnsServers\": [],\r\n      \"\
        internalDomainNameSuffix\": \"0kgpakqejfdufjlaicyf2ncz2f.dx.internal.cloudapp.net\"\
        \r\n    },\r\n    \"macAddress\": \"00-0D-3A-3B-03-31\",\r\n    \"enableAcceleratedNetworking\"\
        : false,\r\n    \"enableIPForwarding\": false,\r\n    \"networkSecurityGroup\"\
        : {\r\n      \"id\": \"/subscriptions/00000000-0000-0000-0000-000000000000/resourceGroups/cli_test_create_vm_custom_data000001/providers/Microsoft.Network/networkSecurityGroups/vm-nameNSG\"\
        \r\n    },\r\n    \"primary\": true,\r\n    \"virtualMachine\": {\r\n    \
        \  \"id\": \"/subscriptions/00000000-0000-0000-0000-000000000000/resourceGroups/cli_test_create_vm_custom_data000001/providers/Microsoft.Compute/virtualMachines/vm-name\"\
        \r\n    }\r\n  },\r\n  \"type\": \"Microsoft.Network/networkInterfaces\"\r\
        \n}"}
    headers:
      cache-control: [no-cache]
      content-length: ['2608']
      content-type: [application/json; charset=utf-8]
      date: ['Tue, 26 Feb 2019 03:43:47 GMT']
      etag: [W/"b6584118-e45a-4804-8cc3-697d3eec8ed1"]
      expires: ['-1']
      pragma: [no-cache]
      server: [Microsoft-HTTPAPI/2.0, Microsoft-HTTPAPI/2.0]
      strict-transport-security: [max-age=31536000; includeSubDomains]
      transfer-encoding: [chunked]
      vary: [Accept-Encoding]
      x-content-type-options: [nosniff]
    status: {code: 200, message: OK}
- request:
    body: null
    headers:
      Accept: [application/json]
      Accept-Encoding: ['gzip, deflate']
      CommandName: [vm create]
      Connection: [keep-alive]
      ParameterSetName: [-g -n --admin-username --authentication-type --image --ssh-key-value
          -l --custom-data]
      User-Agent: [python/3.5.2 (Windows-10-10.0.17763-SP0) msrest/0.6.2 msrest_azure/0.4.34
          networkmanagementclient/2.4.0 Azure-SDK-For-Python AZURECLI/2.0.58]
      accept-language: [en-US]
    method: GET
    uri: https://management.azure.com/subscriptions/00000000-0000-0000-0000-000000000000/resourceGroups/cli_test_create_vm_custom_data000001/providers/Microsoft.Network/publicIPAddresses/vm-namePublicIP?api-version=2017-10-01
  response:
    body: {string: "{\r\n  \"name\": \"vm-namePublicIP\",\r\n  \"id\": \"/subscriptions/00000000-0000-0000-0000-000000000000/resourceGroups/cli_test_create_vm_custom_data000001/providers/Microsoft.Network/publicIPAddresses/vm-namePublicIP\"\
        ,\r\n  \"etag\": \"W/\\\"fa0a999e-853c-49b6-a98a-6a2b7a2f4914\\\"\",\r\n \
        \ \"location\": \"westus\",\r\n  \"tags\": {},\r\n  \"properties\": {\r\n\
        \    \"provisioningState\": \"Succeeded\",\r\n    \"resourceGuid\": \"8c06f1a2-4922-43f6-b5e0-3b8fbb6dced6\"\
        ,\r\n    \"ipAddress\": \"23.100.33.30\",\r\n    \"publicIPAddressVersion\"\
        : \"IPv4\",\r\n    \"publicIPAllocationMethod\": \"Dynamic\",\r\n    \"idleTimeoutInMinutes\"\
        : 4,\r\n    \"ipTags\": [],\r\n    \"ipConfiguration\": {\r\n      \"id\"\
        : \"/subscriptions/00000000-0000-0000-0000-000000000000/resourceGroups/cli_test_create_vm_custom_data000001/providers/Microsoft.Network/networkInterfaces/vm-nameVMNic/ipConfigurations/ipconfigvm-name\"\
        \r\n    }\r\n  },\r\n  \"type\": \"Microsoft.Network/publicIPAddresses\",\r\
        \n  \"sku\": {\r\n    \"name\": \"Basic\",\r\n    \"tier\": \"Regional\"\r\
        \n  }\r\n}"}
    headers:
      cache-control: [no-cache]
      content-length: ['1037']
      content-type: [application/json; charset=utf-8]
      date: ['Tue, 26 Feb 2019 03:43:48 GMT']
      etag: [W/"fa0a999e-853c-49b6-a98a-6a2b7a2f4914"]
      expires: ['-1']
      pragma: [no-cache]
      server: [Microsoft-HTTPAPI/2.0, Microsoft-HTTPAPI/2.0]
      strict-transport-security: [max-age=31536000; includeSubDomains]
      transfer-encoding: [chunked]
      vary: [Accept-Encoding]
      x-content-type-options: [nosniff]
    status: {code: 200, message: OK}
- request:
    body: null
    headers:
      Accept: [application/json]
      Accept-Encoding: ['gzip, deflate']
      CommandName: [vm show]
      Connection: [keep-alive]
      ParameterSetName: [-g -n]
      User-Agent: [python/3.5.2 (Windows-10-10.0.17763-SP0) msrest/0.6.2 msrest_azure/0.4.34
          computemanagementclient/4.4.0 Azure-SDK-For-Python AZURECLI/2.0.58]
      accept-language: [en-US]
    method: GET
    uri: https://management.azure.com/subscriptions/00000000-0000-0000-0000-000000000000/resourceGroups/cli_test_create_vm_custom_data000001/providers/Microsoft.Compute/virtualMachines/vm-name?api-version=2017-12-01
  response:
    body: {string: "{\r\n  \"properties\": {\r\n    \"vmId\": \"a91249ae-1bdd-4e3a-9692-11ab1ca3d4ff\"\
        ,\r\n    \"hardwareProfile\": {\r\n      \"vmSize\": \"Standard_DS1_v2\"\r\
        \n    },\r\n    \"storageProfile\": {\r\n      \"imageReference\": {\r\n \
        \       \"publisher\": \"Canonical\",\r\n        \"offer\": \"UbuntuServer\"\
        ,\r\n        \"sku\": \"18.04-LTS\",\r\n        \"version\": \"latest\"\r\n\
        \      },\r\n      \"osDisk\": {\r\n        \"osType\": \"Linux\",\r\n   \
        \     \"name\": \"vm-name_disk1_c63036c557d445f0b504eb81b7361cda\",\r\n  \
        \      \"createOption\": \"FromImage\",\r\n        \"caching\": \"ReadWrite\"\
        ,\r\n        \"managedDisk\": {\r\n          \"storageAccountType\": \"Premium_LRS\"\
        ,\r\n          \"id\": \"/subscriptions/00000000-0000-0000-0000-000000000000/resourceGroups/cli_test_create_vm_custom_data000001/providers/Microsoft.Compute/disks/vm-name_disk1_c63036c557d445f0b504eb81b7361cda\"\
        \r\n        },\r\n        \"diskSizeGB\": 30\r\n      },\r\n      \"dataDisks\"\
        : []\r\n    },\r\n    \"osProfile\": {\r\n      \"computerName\": \"vm-name\"\
        ,\r\n      \"adminUsername\": \"ubuntu\",\r\n      \"linuxConfiguration\"\
        : {\r\n        \"disablePasswordAuthentication\": true,\r\n        \"ssh\"\
        : {\r\n          \"publicKeys\": [\r\n            {\r\n              \"path\"\
        : \"/home/ubuntu/.ssh/authorized_keys\",\r\n              \"keyData\": \"\
        ssh-rsa AAAAB3NzaC1yc2EAAAADAQABAAACAQCbIg1guRHbI0lV11wWDt1r2cUdcNd27CJsg+SfgC7miZeubtwUhbsPdhMQsfDyhOWHq1+ZL0M+nJZV63d/1dhmhtgyOqejUwrPlzKhydsbrsdUor+JmNJDdW01v7BXHyuymT8G4s09jCasNOwiufbP/qp72ruu0bIA1nySsvlf9pCQAuFkAnVnf/rFhUlOkhtRpwcq8SUNY2zRHR/EKb/4NWY1JzR4sa3q2fWIJdrrX0DvLoa5g9bIEd4Df79ba7v+yiUBOS0zT2ll+z4g9izHK3EO5d8hL4jYxcjKs+wcslSYRWrascfscLgMlMGh0CdKeNTDjHpGPncaf3Z+FwwwjWeuiNBxv7bJo13/8B/098KlVDl4GZqsoBCEjPyJfV6hO0y/LkRGkk7oHWKgeWAfKtfLItRp00eZ4fcJNK9kCaSMmEugoZWcI7NGbZXzqFWqbpRI7NcDP9+WIQ+i9U5vqWsqd/zng4kbuAJ6UuKqIzB0upYrLShfQE3SAck8oaLhJqqq56VfDuASNpJKidV+zq27HfSBmbXnkR/5AK337dc3MXKJypoK/QPMLKUAP5XLPbs+NddJQV7EZXd29DLgp+fRIg3edpKdO7ZErWhv7d+3Kws+e1Y+ypmR2WIVSwVyBEUfgv2C8Ts9gnTF4pNcEY/S2aBicz5Ew2+jdyGNQQ==\
        \ test@example.com\\n\"\r\n            }\r\n          ]\r\n        }\r\n \
        \     },\r\n      \"secrets\": []\r\n    },\r\n    \"networkProfile\": {\"\
        networkInterfaces\":[{\"id\":\"/subscriptions/00000000-0000-0000-0000-000000000000/resourceGroups/cli_test_create_vm_custom_data000001/providers/Microsoft.Network/networkInterfaces/vm-nameVMNic\"\
        }]},\r\n    \"provisioningState\": \"Succeeded\"\r\n  },\r\n  \"type\": \"\
        Microsoft.Compute/virtualMachines\",\r\n  \"location\": \"westus\",\r\n  \"\
        tags\": {},\r\n  \"id\": \"/subscriptions/00000000-0000-0000-0000-000000000000/resourceGroups/cli_test_create_vm_custom_data000001/providers/Microsoft.Compute/virtualMachines/vm-name\"\
        ,\r\n  \"name\": \"vm-name\"\r\n}"}
    headers:
      cache-control: [no-cache]
      content-length: ['2671']
      content-type: [application/json; charset=utf-8]
      date: ['Tue, 26 Feb 2019 03:43:49 GMT']
      expires: ['-1']
      pragma: [no-cache]
      server: [Microsoft-HTTPAPI/2.0, Microsoft-HTTPAPI/2.0]
      strict-transport-security: [max-age=31536000; includeSubDomains]
      transfer-encoding: [chunked]
      vary: [Accept-Encoding]
      x-content-type-options: [nosniff]
      x-ms-ratelimit-remaining-resource: ['Microsoft.Compute/LowCostGet3Min;3981,Microsoft.Compute/LowCostGet30Min;31843']
    status: {code: 200, message: OK}
- request:
    body: null
    headers:
      Accept: [application/json]
      Accept-Encoding: ['gzip, deflate']
      CommandName: [group delete]
      Connection: [keep-alive]
      Content-Length: ['0']
      ParameterSetName: [--name --yes --no-wait]
      User-Agent: [python/3.5.2 (Windows-10-10.0.17763-SP0) msrest/0.6.2 msrest_azure/0.4.34
          resourcemanagementclient/2.1.0 Azure-SDK-For-Python AZURECLI/2.0.58]
      accept-language: [en-US]
    method: DELETE
    uri: https://management.azure.com/subscriptions/00000000-0000-0000-0000-000000000000/resourcegroups/cli_test_create_vm_custom_data000001?api-version=2018-05-01
  response:
    body: {string: ''}
    headers:
      cache-control: [no-cache]
      content-length: ['0']
      date: ['Tue, 26 Feb 2019 03:43:49 GMT']
      expires: ['-1']
      location: ['https://management.azure.com/subscriptions/00000000-0000-0000-0000-000000000000/operationresults/eyJqb2JJZCI6IlJFU09VUkNFR1JPVVBERUxFVElPTkpPQi1DTEk6NUZURVNUOjVGQ1JFQVRFOjVGVk06NUZDVVNUT006NUZEQVRBMko1MjNPNHwzQzVCNDQwNjdERTc0QUFGLVdFU1RVUyIsImpvYkxvY2F0aW9uIjoid2VzdHVzIn0?api-version=2018-05-01']
      pragma: [no-cache]
      strict-transport-security: [max-age=31536000; includeSubDomains]
      x-content-type-options: [nosniff]
      x-ms-ratelimit-remaining-subscription-deletes: ['14998']
    status: {code: 202, message: Accepted}
version: 1
