interactions:
- request:
    body: null
    headers:
      Accept:
      - application/json
      Accept-Encoding:
      - gzip, deflate
      CommandName:
      - vm create
      Connection:
      - keep-alive
      ParameterSetName:
      - -g -n --image --data-disk-sizes-gb --admin-username --generate-ssh-keys
      User-Agent:
      - AZURECLI/2.34.1 azsdk-python-azure-mgmt-resource/20.0.0 Python/3.10.0 (Windows-10-10.0.19043-SP0)
    method: GET
    uri: https://management.azure.com/subscriptions/00000000-0000-0000-0000-000000000000/resourcegroups/clitest.rg000001?api-version=2018-05-01
  response:
    body:
      string: '{"id":"/subscriptions/00000000-0000-0000-0000-000000000000/resourceGroups/clitest.rg000001","name":"clitest.rg000001","location":"westus","tags":{"product":"azurecli","cause":"automation","date":"2022-03-14T14:13:05Z"},"properties":{"provisioningState":"Succeeded"}}'
    headers:
      cache-control:
      - no-cache
      content-length:
      - '266'
      content-type:
      - application/json; charset=utf-8
      date:
      - Mon, 14 Mar 2022 14:13:10 GMT
      expires:
      - '-1'
      pragma:
      - no-cache
      strict-transport-security:
      - max-age=31536000; includeSubDomains
      vary:
      - Accept-Encoding
      x-content-type-options:
      - nosniff
    status:
      code: 200
      message: OK
- request:
    body: null
    headers:
      Accept:
      - '*/*'
      Accept-Encoding:
      - gzip, deflate
      Connection:
      - keep-alive
      User-Agent:
      - python-requests/2.26.0
    method: GET
    uri: https://raw.githubusercontent.com/Azure/azure-rest-api-specs/main/arm-compute/quickstart-templates/aliases.json
  response:
    body:
      string: "{\n  \"$schema\": \"http://schema.management.azure.com/schemas/2015-01-01/deploymentTemplate.json\",\n
        \ \"contentVersion\": \"1.0.0.0\",\n  \"parameters\": {},\n  \"variables\":
        {},\n  \"resources\": [],\n  \"outputs\": {\n    \"aliases\": {\n      \"type\":
        \"object\",\n      \"value\": {\n        \"Linux\": {\n          \"CentOS\":
        {\n            \"publisher\": \"OpenLogic\",\n            \"offer\": \"CentOS\",\n
        \           \"sku\": \"7.5\",\n            \"version\": \"latest\"\n          },\n
        \         \"Debian\": {\n            \"publisher\": \"Debian\",\n            \"offer\":
        \"debian-10\",\n            \"sku\": \"10\",\n            \"version\": \"latest\"\n
        \         },\n          \"Flatcar\": {\n            \"publisher\": \"kinvolk\",\n
        \           \"offer\": \"flatcar-container-linux-free\",\n            \"sku\":
        \"stable\",\n            \"version\": \"latest\"\n          },\n          \"openSUSE-Leap\":
        {\n            \"publisher\": \"SUSE\",\n            \"offer\": \"opensuse-leap-15-3\",\n
        \           \"sku\": \"gen2\",\n            \"version\": \"latest\"\n          },\n
        \         \"RHEL\": {\n            \"publisher\": \"RedHat\",\n            \"offer\":
        \"RHEL\",\n            \"sku\": \"7-LVM\",\n            \"version\": \"latest\"\n
        \         },\n          \"SLES\": {\n            \"publisher\": \"SUSE\",\n
        \           \"offer\": \"sles-15-sp3\",\n            \"sku\": \"gen2\",\n
        \           \"version\": \"latest\"\n          },\n          \"UbuntuLTS\":
        {\n            \"publisher\": \"Canonical\",\n            \"offer\": \"UbuntuServer\",\n
        \           \"sku\": \"18.04-LTS\",\n            \"version\": \"latest\"\n
        \         }\n        },\n        \"Windows\": {\n          \"Win2022Datacenter\":
        {\n            \"publisher\": \"MicrosoftWindowsServer\",\n            \"offer\":
        \"WindowsServer\",\n            \"sku\": \"2022-Datacenter\",\n            \"version\":
        \"latest\"\n          },\n          \"Win2019Datacenter\": {\n            \"publisher\":
        \"MicrosoftWindowsServer\",\n            \"offer\": \"WindowsServer\",\n            \"sku\":
        \"2019-Datacenter\",\n            \"version\": \"latest\"\n          },\n
        \         \"Win2016Datacenter\": {\n            \"publisher\": \"MicrosoftWindowsServer\",\n
        \           \"offer\": \"WindowsServer\",\n            \"sku\": \"2016-Datacenter\",\n
        \           \"version\": \"latest\"\n          },\n          \"Win2012R2Datacenter\":
        {\n            \"publisher\": \"MicrosoftWindowsServer\",\n            \"offer\":
        \"WindowsServer\",\n            \"sku\": \"2012-R2-Datacenter\",\n            \"version\":
        \"latest\"\n          },\n          \"Win2012Datacenter\": {\n            \"publisher\":
        \"MicrosoftWindowsServer\",\n            \"offer\": \"WindowsServer\",\n            \"sku\":
        \"2012-Datacenter\",\n            \"version\": \"latest\"\n          },\n
        \         \"Win2008R2SP1\": {\n            \"publisher\": \"MicrosoftWindowsServer\",\n
        \           \"offer\": \"WindowsServer\",\n            \"sku\": \"2008-R2-SP1\",\n
        \           \"version\": \"latest\"\n          }\n        }\n      }\n    }\n
        \ }\n}\n"
    headers:
      accept-ranges:
      - bytes
      access-control-allow-origin:
      - '*'
      cache-control:
      - max-age=300
      connection:
      - keep-alive
      content-length:
      - '2744'
      content-security-policy:
      - default-src 'none'; style-src 'unsafe-inline'; sandbox
      content-type:
      - text/plain; charset=utf-8
      date:
      - Mon, 14 Mar 2022 14:13:10 GMT
      etag:
      - W/"d5acead0b38a79d988c245a7a15ec01f999da9244c97bbdc1fa2ec70d9e433f5"
      expires:
      - Mon, 14 Mar 2022 14:18:10 GMT
      source-age:
      - '259'
      strict-transport-security:
      - max-age=31536000
      vary:
      - Authorization,Accept-Encoding,Origin
      via:
      - 1.1 varnish
      x-cache:
      - HIT
      x-cache-hits:
      - '1'
      x-content-type-options:
      - nosniff
      x-fastly-request-id:
      - 047a8541efd1c5ba85cfee97a7cab5f4093061e5
      x-frame-options:
      - deny
      x-github-request-id:
      - 27CE:0A5F:198C24:2877FB:622F3049
      x-served-by:
      - cache-qpg1252-QPG
      x-timer:
      - S1647267190.438329,VS0,VE1
      x-xss-protection:
      - 1; mode=block
    status:
      code: 200
      message: OK
- request:
    body: null
    headers:
      Accept:
      - application/json, text/json
      Accept-Encoding:
      - gzip, deflate
      CommandName:
      - vm create
      Connection:
      - keep-alive
      ParameterSetName:
      - -g -n --image --data-disk-sizes-gb --admin-username --generate-ssh-keys
      User-Agent:
      - AZURECLI/2.34.1 azsdk-python-azure-mgmt-network/19.3.0 Python/3.10.0 (Windows-10-10.0.19043-SP0)
    method: GET
    uri: https://management.azure.com/subscriptions/00000000-0000-0000-0000-000000000000/resourceGroups/clitest.rg000001/providers/Microsoft.Network/virtualNetworks?api-version=2017-10-01
  response:
    body:
      string: '{"value":[]}'
    headers:
      cache-control:
      - no-cache
      content-length:
      - '12'
      content-type:
      - application/json; charset=utf-8
      date:
      - Mon, 14 Mar 2022 14:13:10 GMT
      expires:
      - '-1'
      pragma:
      - no-cache
      strict-transport-security:
      - max-age=31536000; includeSubDomains
      vary:
      - Accept-Encoding
      x-content-type-options:
      - nosniff
    status:
      code: 200
      message: OK
- request:
    body: '{"properties": {"template": {"$schema": "https://schema.management.azure.com/schemas/2015-01-01/deploymentTemplate.json#",
      "contentVersion": "1.0.0.0", "parameters": {}, "variables": {}, "resources":
      [{"name": "vm1VNET", "type": "Microsoft.Network/virtualNetworks", "location":
      "westus", "apiVersion": "2015-06-15", "dependsOn": [], "tags": {}, "properties":
      {"addressSpace": {"addressPrefixes": ["10.0.0.0/16"]}, "subnets": [{"name":
      "vm1Subnet", "properties": {"addressPrefix": "10.0.0.0/24"}}]}}, {"type": "Microsoft.Network/networkSecurityGroups",
      "name": "vm1NSG", "apiVersion": "2015-06-15", "location": "westus", "tags":
      {}, "dependsOn": [], "properties": {"securityRules": [{"name": "default-allow-ssh",
      "properties": {"protocol": "Tcp", "sourcePortRange": "*", "destinationPortRange":
      "22", "sourceAddressPrefix": "*", "destinationAddressPrefix": "*", "access":
      "Allow", "priority": 1000, "direction": "Inbound"}}]}}, {"apiVersion": "2017-10-01",
      "type": "Microsoft.Network/publicIPAddresses", "name": "vm1PublicIP", "location":
      "westus", "tags": {}, "dependsOn": [], "properties": {"publicIPAllocationMethod":
      null}}, {"apiVersion": "2015-06-15", "type": "Microsoft.Network/networkInterfaces",
      "name": "vm1VMNic", "location": "westus", "tags": {}, "dependsOn": ["Microsoft.Network/virtualNetworks/vm1VNET",
      "Microsoft.Network/networkSecurityGroups/vm1NSG", "Microsoft.Network/publicIpAddresses/vm1PublicIP"],
      "properties": {"ipConfigurations": [{"name": "ipconfigvm1", "properties": {"privateIPAllocationMethod":
      "Dynamic", "subnet": {"id": "/subscriptions/00000000-0000-0000-0000-000000000000/resourceGroups/clitest.rg000001/providers/Microsoft.Network/virtualNetworks/vm1VNET/subnets/vm1Subnet"},
      "publicIPAddress": {"id": "/subscriptions/00000000-0000-0000-0000-000000000000/resourceGroups/clitest.rg000001/providers/Microsoft.Network/publicIPAddresses/vm1PublicIP"}}}],
      "networkSecurityGroup": {"id": "/subscriptions/00000000-0000-0000-0000-000000000000/resourceGroups/clitest.rg000001/providers/Microsoft.Network/networkSecurityGroups/vm1NSG"}}},
      {"apiVersion": "2017-12-01", "type": "Microsoft.Compute/virtualMachines", "name":
      "vm1", "location": "westus", "tags": {}, "dependsOn": ["Microsoft.Network/networkInterfaces/vm1VMNic"],
      "properties": {"hardwareProfile": {"vmSize": "Standard_DS1_v2"}, "networkProfile":
      {"networkInterfaces": [{"id": "/subscriptions/00000000-0000-0000-0000-000000000000/resourceGroups/clitest.rg000001/providers/Microsoft.Network/networkInterfaces/vm1VMNic",
      "properties": {"deleteOption": null}}]}, "storageProfile": {"osDisk": {"createOption":
      "fromImage", "name": null, "caching": "ReadWrite", "managedDisk": {"storageAccountType":
      null}}, "imageReference": {"publisher": "Debian", "offer": "debian-10", "sku":
      "10", "version": "latest"}, "dataDisks": [{"lun": 0, "managedDisk": {"storageAccountType":
      null}, "createOption": "empty", "diskSizeGB": 1}, {"lun": 1, "managedDisk":
      {"storageAccountType": null}, "createOption": "empty", "diskSizeGB": 2}]}, "osProfile":
      {"computerName": "vm1", "adminUsername": "cligenerics", "linuxConfiguration":
      {"disablePasswordAuthentication": true, "ssh": {"publicKeys": [{"keyData": "ssh-rsa
      AAAAB3NzaC1yc2EAAAADAQABAAABgQCyHIxtehmSa4iZExLrQ4pc7bklBKwAR865F9LEWNd8SIgFCYy2s+vA5Sofj2cMD06HqCAPeM+VJvjwImCmGhO3GQU816Zo7AOX21dKGUZLbGQ35lxXPMsd0aCx8J8Ncq1sReBPlZs9BT2X0pR2jkalCJQKFWXXkwXyj8l05PunQm2lnggijrnLAMjdI7+6S6rNUs4oA54egfrKIXSQiqjfSNMySytJzJkGYdbQzUrGrL47qNEy0keAPi1VGlijs/m3khFQAd2Bdb1Nhp1k8QC0OQ5BccKPVfFRyz/EoRMFvjzfNQrR75D6f2q+XZIrlee1Z7MX/KpYx1IOI2ATlfRqUoIlM7O1hWsQr9rGek+D10BtBJ4uZsrUOHs+llQo5fQXzVunZEzaYUBulRwPO1kBHjSkD0NNCO5490EnaCIFot41Wh/bDTWFNDZkZHxXhbrXRaA/d0vzrlAiLDUkUEtOKP0jc9o9vz/vSbEth6u8df06cq9yYVbn+1j93lX5vJ0=
      cxznmhdcxz\n", "path": "/home/cligenerics/.ssh/authorized_keys"}]}}}}}], "outputs":
      {}}, "parameters": {}, "mode": "incremental"}}'
    headers:
      Accept:
      - application/json
      Accept-Encoding:
      - gzip, deflate
      CommandName:
      - vm create
      Connection:
      - keep-alive
      Content-Length:
      - '3850'
      Content-Type:
      - application/json
      ParameterSetName:
      - -g -n --image --data-disk-sizes-gb --admin-username --generate-ssh-keys
      User-Agent:
      - AZURECLI/2.34.1 azsdk-python-azure-mgmt-resource/20.0.0 Python/3.10.0 (Windows-10-10.0.19043-SP0)
    method: PUT
    uri: https://management.azure.com/subscriptions/00000000-0000-0000-0000-000000000000/resourcegroups/clitest.rg000001/providers/Microsoft.Resources/deployments/mock-deployment?api-version=2018-05-01
  response:
    body:
      string: '{"id":"/subscriptions/00000000-0000-0000-0000-000000000000/resourceGroups/clitest.rg000001/providers/Microsoft.Resources/deployments/vm_deploy_UtgUqHpVEFqo7gm0dxKcgaXTjzHJgLGB","name":"vm_deploy_UtgUqHpVEFqo7gm0dxKcgaXTjzHJgLGB","properties":{"templateHash":"5423985477940240166","parameters":{},"mode":"Incremental","provisioningState":"Accepted","timestamp":"2022-03-14T14:13:17.8684737Z","duration":"PT0.0002708S","correlationId":"6fd9b29f-87ef-4f3e-b595-cab0677017b1","providers":[{"namespace":"Microsoft.Network","resourceTypes":[{"resourceType":"virtualNetworks","locations":["westus"]},{"resourceType":"networkSecurityGroups","locations":["westus"]},{"resourceType":"publicIPAddresses","locations":["westus"]},{"resourceType":"networkInterfaces","locations":["westus"]}]},{"namespace":"Microsoft.Compute","resourceTypes":[{"resourceType":"virtualMachines","locations":["westus"]}]}],"dependencies":[{"dependsOn":[{"id":"/subscriptions/00000000-0000-0000-0000-000000000000/resourceGroups/clitest.rg000001/providers/Microsoft.Network/virtualNetworks/vm1VNET","resourceType":"Microsoft.Network/virtualNetworks","resourceName":"vm1VNET"},{"id":"/subscriptions/00000000-0000-0000-0000-000000000000/resourceGroups/clitest.rg000001/providers/Microsoft.Network/networkSecurityGroups/vm1NSG","resourceType":"Microsoft.Network/networkSecurityGroups","resourceName":"vm1NSG"},{"id":"/subscriptions/00000000-0000-0000-0000-000000000000/resourceGroups/clitest.rg000001/providers/Microsoft.Network/publicIPAddresses/vm1PublicIP","resourceType":"Microsoft.Network/publicIPAddresses","resourceName":"vm1PublicIP"}],"id":"/subscriptions/00000000-0000-0000-0000-000000000000/resourceGroups/clitest.rg000001/providers/Microsoft.Network/networkInterfaces/vm1VMNic","resourceType":"Microsoft.Network/networkInterfaces","resourceName":"vm1VMNic"},{"dependsOn":[{"id":"/subscriptions/00000000-0000-0000-0000-000000000000/resourceGroups/clitest.rg000001/providers/Microsoft.Network/networkInterfaces/vm1VMNic","resourceType":"Microsoft.Network/networkInterfaces","resourceName":"vm1VMNic"}],"id":"/subscriptions/00000000-0000-0000-0000-000000000000/resourceGroups/clitest.rg000001/providers/Microsoft.Compute/virtualMachines/vm1","resourceType":"Microsoft.Compute/virtualMachines","resourceName":"vm1"}]}}'
    headers:
      azure-asyncoperation:
      - https://management.azure.com/subscriptions/00000000-0000-0000-0000-000000000000/resourcegroups/clitest.rg000001/providers/Microsoft.Resources/deployments/vm_deploy_UtgUqHpVEFqo7gm0dxKcgaXTjzHJgLGB/operationStatuses/08585543396898608707?api-version=2018-05-01
      cache-control:
      - no-cache
      content-length:
      - '2288'
      content-type:
      - application/json; charset=utf-8
      date:
      - Mon, 14 Mar 2022 14:13:18 GMT
      expires:
      - '-1'
      pragma:
      - no-cache
      strict-transport-security:
      - max-age=31536000; includeSubDomains
      x-content-type-options:
      - nosniff
      x-ms-ratelimit-remaining-subscription-writes:
      - '1199'
    status:
      code: 201
      message: Created
- request:
    body: null
    headers:
      Accept:
      - '*/*'
      Accept-Encoding:
      - gzip, deflate
      CommandName:
      - vm create
      Connection:
      - keep-alive
      ParameterSetName:
      - -g -n --image --data-disk-sizes-gb --admin-username --generate-ssh-keys
      User-Agent:
      - AZURECLI/2.34.1 azsdk-python-azure-mgmt-resource/20.0.0 Python/3.10.0 (Windows-10-10.0.19043-SP0)
    method: GET
    uri: https://management.azure.com/subscriptions/00000000-0000-0000-0000-000000000000/resourcegroups/clitest.rg000001/providers/Microsoft.Resources/deployments/mock-deployment/operationStatuses/08585543396898608707?api-version=2018-05-01
  response:
    body:
      string: '{"status":"Running"}'
    headers:
      cache-control:
      - no-cache
      content-length:
      - '20'
      content-type:
      - application/json; charset=utf-8
      date:
      - Mon, 14 Mar 2022 14:13:48 GMT
      expires:
      - '-1'
      pragma:
      - no-cache
      strict-transport-security:
      - max-age=31536000; includeSubDomains
      vary:
      - Accept-Encoding
      x-content-type-options:
      - nosniff
    status:
      code: 200
      message: OK
- request:
    body: null
    headers:
      Accept:
      - '*/*'
      Accept-Encoding:
      - gzip, deflate
      CommandName:
      - vm create
      Connection:
      - keep-alive
      ParameterSetName:
      - -g -n --image --data-disk-sizes-gb --admin-username --generate-ssh-keys
      User-Agent:
      - AZURECLI/2.34.1 azsdk-python-azure-mgmt-resource/20.0.0 Python/3.10.0 (Windows-10-10.0.19043-SP0)
    method: GET
    uri: https://management.azure.com/subscriptions/00000000-0000-0000-0000-000000000000/resourcegroups/clitest.rg000001/providers/Microsoft.Resources/deployments/mock-deployment/operationStatuses/08585543396898608707?api-version=2018-05-01
  response:
    body:
      string: '{"status":"Succeeded"}'
    headers:
      cache-control:
      - no-cache
      content-length:
      - '22'
      content-type:
      - application/json; charset=utf-8
      date:
      - Mon, 14 Mar 2022 14:14:20 GMT
      expires:
      - '-1'
      pragma:
      - no-cache
      strict-transport-security:
      - max-age=31536000; includeSubDomains
      vary:
      - Accept-Encoding
      x-content-type-options:
      - nosniff
    status:
      code: 200
      message: OK
- request:
    body: null
    headers:
      Accept:
      - '*/*'
      Accept-Encoding:
      - gzip, deflate
      CommandName:
      - vm create
      Connection:
      - keep-alive
      ParameterSetName:
      - -g -n --image --data-disk-sizes-gb --admin-username --generate-ssh-keys
      User-Agent:
      - AZURECLI/2.34.1 azsdk-python-azure-mgmt-resource/20.0.0 Python/3.10.0 (Windows-10-10.0.19043-SP0)
    method: GET
    uri: https://management.azure.com/subscriptions/00000000-0000-0000-0000-000000000000/resourcegroups/clitest.rg000001/providers/Microsoft.Resources/deployments/mock-deployment?api-version=2018-05-01
  response:
    body:
      string: '{"id":"/subscriptions/00000000-0000-0000-0000-000000000000/resourceGroups/clitest.rg000001/providers/Microsoft.Resources/deployments/vm_deploy_UtgUqHpVEFqo7gm0dxKcgaXTjzHJgLGB","name":"vm_deploy_UtgUqHpVEFqo7gm0dxKcgaXTjzHJgLGB","properties":{"templateHash":"5423985477940240166","parameters":{},"mode":"Incremental","provisioningState":"Succeeded","timestamp":"2022-03-14T14:13:54.536659Z","duration":"PT36.6684561S","correlationId":"6fd9b29f-87ef-4f3e-b595-cab0677017b1","providers":[{"namespace":"Microsoft.Network","resourceTypes":[{"resourceType":"virtualNetworks","locations":["westus"]},{"resourceType":"networkSecurityGroups","locations":["westus"]},{"resourceType":"publicIPAddresses","locations":["westus"]},{"resourceType":"networkInterfaces","locations":["westus"]}]},{"namespace":"Microsoft.Compute","resourceTypes":[{"resourceType":"virtualMachines","locations":["westus"]}]}],"dependencies":[{"dependsOn":[{"id":"/subscriptions/00000000-0000-0000-0000-000000000000/resourceGroups/clitest.rg000001/providers/Microsoft.Network/virtualNetworks/vm1VNET","resourceType":"Microsoft.Network/virtualNetworks","resourceName":"vm1VNET"},{"id":"/subscriptions/00000000-0000-0000-0000-000000000000/resourceGroups/clitest.rg000001/providers/Microsoft.Network/networkSecurityGroups/vm1NSG","resourceType":"Microsoft.Network/networkSecurityGroups","resourceName":"vm1NSG"},{"id":"/subscriptions/00000000-0000-0000-0000-000000000000/resourceGroups/clitest.rg000001/providers/Microsoft.Network/publicIPAddresses/vm1PublicIP","resourceType":"Microsoft.Network/publicIPAddresses","resourceName":"vm1PublicIP"}],"id":"/subscriptions/00000000-0000-0000-0000-000000000000/resourceGroups/clitest.rg000001/providers/Microsoft.Network/networkInterfaces/vm1VMNic","resourceType":"Microsoft.Network/networkInterfaces","resourceName":"vm1VMNic"},{"dependsOn":[{"id":"/subscriptions/00000000-0000-0000-0000-000000000000/resourceGroups/clitest.rg000001/providers/Microsoft.Network/networkInterfaces/vm1VMNic","resourceType":"Microsoft.Network/networkInterfaces","resourceName":"vm1VMNic"}],"id":"/subscriptions/00000000-0000-0000-0000-000000000000/resourceGroups/clitest.rg000001/providers/Microsoft.Compute/virtualMachines/vm1","resourceType":"Microsoft.Compute/virtualMachines","resourceName":"vm1"}],"outputs":{},"outputResources":[{"id":"/subscriptions/00000000-0000-0000-0000-000000000000/resourceGroups/clitest.rg000001/providers/Microsoft.Compute/virtualMachines/vm1"},{"id":"/subscriptions/00000000-0000-0000-0000-000000000000/resourceGroups/clitest.rg000001/providers/Microsoft.Network/networkInterfaces/vm1VMNic"},{"id":"/subscriptions/00000000-0000-0000-0000-000000000000/resourceGroups/clitest.rg000001/providers/Microsoft.Network/networkSecurityGroups/vm1NSG"},{"id":"/subscriptions/00000000-0000-0000-0000-000000000000/resourceGroups/clitest.rg000001/providers/Microsoft.Network/publicIPAddresses/vm1PublicIP"},{"id":"/subscriptions/00000000-0000-0000-0000-000000000000/resourceGroups/clitest.rg000001/providers/Microsoft.Network/virtualNetworks/vm1VNET"}]}}'
    headers:
      cache-control:
      - no-cache
      content-length:
      - '3057'
      content-type:
      - application/json; charset=utf-8
      date:
      - Mon, 14 Mar 2022 14:14:20 GMT
      expires:
      - '-1'
      pragma:
      - no-cache
      strict-transport-security:
      - max-age=31536000; includeSubDomains
      vary:
      - Accept-Encoding
      x-content-type-options:
      - nosniff
    status:
      code: 200
      message: OK
- request:
    body: null
    headers:
      Accept:
      - application/json
      Accept-Encoding:
      - gzip, deflate
      CommandName:
      - vm create
      Connection:
      - keep-alive
      ParameterSetName:
      - -g -n --image --data-disk-sizes-gb --admin-username --generate-ssh-keys
      User-Agent:
      - AZURECLI/2.34.1 azsdk-python-azure-mgmt-compute/25.0.0 Python/3.10.0 (Windows-10-10.0.19043-SP0)
    method: GET
    uri: https://management.azure.com/subscriptions/00000000-0000-0000-0000-000000000000/resourceGroups/clitest.rg000001/providers/Microsoft.Compute/virtualMachines/vm1?$expand=instanceView&api-version=2017-12-01
  response:
    body:
      string: "{\r\n  \"name\": \"vm1\",\r\n  \"id\": \"/subscriptions/00000000-0000-0000-0000-000000000000/resourceGroups/clitest.rg000001/providers/Microsoft.Compute/virtualMachines/vm1\",\r\n
        \ \"type\": \"Microsoft.Compute/virtualMachines\",\r\n  \"location\": \"westus\",\r\n
        \ \"tags\": {},\r\n  \"properties\": {\r\n    \"vmId\": \"806b1ebb-f87d-4e5e-a543-6106a04cfd97\",\r\n
        \   \"hardwareProfile\": {\r\n      \"vmSize\": \"Standard_DS1_v2\"\r\n    },\r\n
        \   \"storageProfile\": {\r\n      \"imageReference\": {\r\n        \"publisher\":
        \"Debian\",\r\n        \"offer\": \"debian-10\",\r\n        \"sku\": \"10\",\r\n
        \       \"version\": \"latest\"\r\n      },\r\n      \"osDisk\": {\r\n        \"osType\":
        \"Linux\",\r\n        \"name\": \"vm1_disk1_4898240bfec74a8c98b21f20610a98e6\",\r\n
        \       \"createOption\": \"FromImage\",\r\n        \"caching\": \"ReadWrite\",\r\n
        \       \"managedDisk\": {\r\n          \"storageAccountType\": \"Premium_LRS\",\r\n
        \         \"id\": \"/subscriptions/00000000-0000-0000-0000-000000000000/resourceGroups/clitest.rg000001/providers/Microsoft.Compute/disks/vm1_disk1_4898240bfec74a8c98b21f20610a98e6\"\r\n
        \       },\r\n        \"diskSizeGB\": 30\r\n      },\r\n      \"dataDisks\":
        [\r\n        {\r\n          \"lun\": 0,\r\n          \"name\": \"vm1_disk2_5e8f1af9a27e4e67afbb457ae5bbdcd7\",\r\n
        \         \"createOption\": \"Empty\",\r\n          \"caching\": \"None\",\r\n
        \         \"managedDisk\": {\r\n            \"storageAccountType\": \"Premium_LRS\",\r\n
        \           \"id\": \"/subscriptions/00000000-0000-0000-0000-000000000000/resourceGroups/clitest.rg000001/providers/Microsoft.Compute/disks/vm1_disk2_5e8f1af9a27e4e67afbb457ae5bbdcd7\"\r\n
        \         },\r\n          \"diskSizeGB\": 1\r\n        },\r\n        {\r\n
        \         \"lun\": 1,\r\n          \"name\": \"vm1_disk3_ee07a4585d6a470cad408eea30e3f688\",\r\n
        \         \"createOption\": \"Empty\",\r\n          \"caching\": \"None\",\r\n
        \         \"managedDisk\": {\r\n            \"storageAccountType\": \"Premium_LRS\",\r\n
        \           \"id\": \"/subscriptions/00000000-0000-0000-0000-000000000000/resourceGroups/clitest.rg000001/providers/Microsoft.Compute/disks/vm1_disk3_ee07a4585d6a470cad408eea30e3f688\"\r\n
        \         },\r\n          \"diskSizeGB\": 2\r\n        }\r\n      ]\r\n    },\r\n
        \   \"osProfile\": {\r\n      \"computerName\": \"vm1\",\r\n      \"adminUsername\":
        \"cligenerics\",\r\n      \"linuxConfiguration\": {\r\n        \"disablePasswordAuthentication\":
        true,\r\n        \"ssh\": {\r\n          \"publicKeys\": [\r\n            {\r\n
        \             \"path\": \"/home/cligenerics/.ssh/authorized_keys\",\r\n              \"keyData\":
        \"ssh-rsa AAAAB3NzaC1yc2EAAAADAQABAAABgQCyHIxtehmSa4iZExLrQ4pc7bklBKwAR865F9LEWNd8SIgFCYy2s+vA5Sofj2cMD06HqCAPeM+VJvjwImCmGhO3GQU816Zo7AOX21dKGUZLbGQ35lxXPMsd0aCx8J8Ncq1sReBPlZs9BT2X0pR2jkalCJQKFWXXkwXyj8l05PunQm2lnggijrnLAMjdI7+6S6rNUs4oA54egfrKIXSQiqjfSNMySytJzJkGYdbQzUrGrL47qNEy0keAPi1VGlijs/m3khFQAd2Bdb1Nhp1k8QC0OQ5BccKPVfFRyz/EoRMFvjzfNQrR75D6f2q+XZIrlee1Z7MX/KpYx1IOI2ATlfRqUoIlM7O1hWsQr9rGek+D10BtBJ4uZsrUOHs+llQo5fQXzVunZEzaYUBulRwPO1kBHjSkD0NNCO5490EnaCIFot41Wh/bDTWFNDZkZHxXhbrXRaA/d0vzrlAiLDUkUEtOKP0jc9o9vz/vSbEth6u8df06cq9yYVbn+1j93lX5vJ0=
        cxznmhdcxz\\n\"\r\n            }\r\n          ]\r\n        }\r\n      },\r\n
        \     \"secrets\": []\r\n    },\r\n    \"networkProfile\": {\"networkInterfaces\":[{\"id\":\"/subscriptions/00000000-0000-0000-0000-000000000000/resourceGroups/clitest.rg000001/providers/Microsoft.Network/networkInterfaces/vm1VMNic\"}]},\r\n
        \   \"provisioningState\": \"Succeeded\",\r\n    \"instanceView\": {\r\n      \"computerName\":
        \"vm1\",\r\n      \"osName\": \"debian\",\r\n      \"osVersion\": \"10.11\",\r\n
        \     \"vmAgent\": {\r\n        \"vmAgentVersion\": \"2.2.45\",\r\n        \"statuses\":
        [\r\n          {\r\n            \"code\": \"ProvisioningState/succeeded\",\r\n
        \           \"level\": \"Info\",\r\n            \"displayStatus\": \"Ready\",\r\n
        \           \"message\": \"Guest Agent is running\",\r\n            \"time\":
        \"2022-03-14T14:13:57+00:00\"\r\n          }\r\n        ],\r\n        \"extensionHandlers\":
        []\r\n      },\r\n      \"disks\": [\r\n        {\r\n          \"name\": \"vm1_disk1_4898240bfec74a8c98b21f20610a98e6\",\r\n
        \         \"statuses\": [\r\n            {\r\n              \"code\": \"ProvisioningState/succeeded\",\r\n
        \             \"level\": \"Info\",\r\n              \"displayStatus\": \"Provisioning
        succeeded\",\r\n              \"time\": \"2022-03-14T14:13:41.5048715+00:00\"\r\n
        \           }\r\n          ]\r\n        },\r\n        {\r\n          \"name\":
        \"vm1_disk2_5e8f1af9a27e4e67afbb457ae5bbdcd7\",\r\n          \"statuses\":
        [\r\n            {\r\n              \"code\": \"ProvisioningState/succeeded\",\r\n
        \             \"level\": \"Info\",\r\n              \"displayStatus\": \"Provisioning
        succeeded\",\r\n              \"time\": \"2022-03-14T14:13:41.5048715+00:00\"\r\n
        \           }\r\n          ]\r\n        },\r\n        {\r\n          \"name\":
        \"vm1_disk3_ee07a4585d6a470cad408eea30e3f688\",\r\n          \"statuses\":
        [\r\n            {\r\n              \"code\": \"ProvisioningState/succeeded\",\r\n
        \             \"level\": \"Info\",\r\n              \"displayStatus\": \"Provisioning
        succeeded\",\r\n              \"time\": \"2022-03-14T14:13:41.5048715+00:00\"\r\n
        \           }\r\n          ]\r\n        }\r\n      ],\r\n      \"statuses\":
        [\r\n        {\r\n          \"code\": \"ProvisioningState/succeeded\",\r\n
        \         \"level\": \"Info\",\r\n          \"displayStatus\": \"Provisioning
        succeeded\",\r\n          \"time\": \"2022-03-14T14:13:51.9893116+00:00\"\r\n
        \       },\r\n        {\r\n          \"code\": \"PowerState/running\",\r\n
        \         \"level\": \"Info\",\r\n          \"displayStatus\": \"VM running\"\r\n
        \       }\r\n      ]\r\n    }\r\n  }\r\n}"
    headers:
      cache-control:
      - no-cache
      content-length:
      - '5222'
      content-type:
      - application/json; charset=utf-8
      date:
      - Mon, 14 Mar 2022 14:14:20 GMT
      expires:
      - '-1'
      pragma:
      - no-cache
      server:
      - Microsoft-HTTPAPI/2.0
      - Microsoft-HTTPAPI/2.0
      strict-transport-security:
      - max-age=31536000; includeSubDomains
      transfer-encoding:
      - chunked
      vary:
      - Accept-Encoding
      x-content-type-options:
      - nosniff
      x-ms-ratelimit-remaining-resource:
      - Microsoft.Compute/LowCostGet3Min;3982,Microsoft.Compute/LowCostGet30Min;31866
    status:
      code: 200
      message: OK
- request:
    body: null
    headers:
      Accept:
      - application/json, text/json
      Accept-Encoding:
      - gzip, deflate
      CommandName:
      - vm create
      Connection:
      - keep-alive
      ParameterSetName:
      - -g -n --image --data-disk-sizes-gb --admin-username --generate-ssh-keys
      User-Agent:
      - AZURECLI/2.34.1 azsdk-python-azure-mgmt-network/19.3.0 Python/3.10.0 (Windows-10-10.0.19043-SP0)
    method: GET
    uri: https://management.azure.com/subscriptions/00000000-0000-0000-0000-000000000000/resourceGroups/clitest.rg000001/providers/Microsoft.Network/networkInterfaces/vm1VMNic?api-version=2017-10-01
  response:
    body:
      string: "{\r\n  \"name\": \"vm1VMNic\",\r\n  \"id\": \"/subscriptions/00000000-0000-0000-0000-000000000000/resourceGroups/clitest.rg000001/providers/Microsoft.Network/networkInterfaces/vm1VMNic\",\r\n
        \ \"etag\": \"W/\\\"2681bcf8-df14-45d5-85c7-647cf2534a86\\\"\",\r\n  \"location\":
        \"westus\",\r\n  \"tags\": {},\r\n  \"properties\": {\r\n    \"provisioningState\":
        \"Succeeded\",\r\n    \"resourceGuid\": \"8951f50d-1ddb-4ff1-97d3-2a84054a8323\",\r\n
        \   \"ipConfigurations\": [\r\n      {\r\n        \"name\": \"ipconfigvm1\",\r\n
        \       \"id\": \"/subscriptions/00000000-0000-0000-0000-000000000000/resourceGroups/clitest.rg000001/providers/Microsoft.Network/networkInterfaces/vm1VMNic/ipConfigurations/ipconfigvm1\",\r\n
        \       \"etag\": \"W/\\\"2681bcf8-df14-45d5-85c7-647cf2534a86\\\"\",\r\n
        \       \"type\": \"Microsoft.Network/networkInterfaces/ipConfigurations\",\r\n
        \       \"properties\": {\r\n          \"provisioningState\": \"Succeeded\",\r\n
        \         \"privateIPAddress\": \"10.0.0.4\",\r\n          \"privateIPAllocationMethod\":
        \"Dynamic\",\r\n          \"publicIPAddress\": {\r\n            \"id\": \"/subscriptions/00000000-0000-0000-0000-000000000000/resourceGroups/clitest.rg000001/providers/Microsoft.Network/publicIPAddresses/vm1PublicIP\"\r\n
        \         },\r\n          \"subnet\": {\r\n            \"id\": \"/subscriptions/00000000-0000-0000-0000-000000000000/resourceGroups/clitest.rg000001/providers/Microsoft.Network/virtualNetworks/vm1VNET/subnets/vm1Subnet\"\r\n
        \         },\r\n          \"primary\": true,\r\n          \"privateIPAddressVersion\":
        \"IPv4\"\r\n        }\r\n      }\r\n    ],\r\n    \"dnsSettings\": {\r\n      \"dnsServers\":
        [],\r\n      \"appliedDnsServers\": [],\r\n      \"internalDomainNameSuffix\":
        \"irymskhf1m0upmtx4hkheklpzh.dx.internal.cloudapp.net\"\r\n    },\r\n    \"macAddress\":
        \"00-22-48-0B-31-FA\",\r\n    \"enableAcceleratedNetworking\": false,\r\n
        \   \"enableIPForwarding\": false,\r\n    \"networkSecurityGroup\": {\r\n
        \     \"id\": \"/subscriptions/00000000-0000-0000-0000-000000000000/resourceGroups/clitest.rg000001/providers/Microsoft.Network/networkSecurityGroups/vm1NSG\"\r\n
        \   },\r\n    \"primary\": true,\r\n    \"virtualMachine\": {\r\n      \"id\":
        \"/subscriptions/00000000-0000-0000-0000-000000000000/resourceGroups/clitest.rg000001/providers/Microsoft.Compute/virtualMachines/vm1\"\r\n
        \   }\r\n  },\r\n  \"type\": \"Microsoft.Network/networkInterfaces\"\r\n}"
    headers:
      cache-control:
      - no-cache
      content-length:
      - '2214'
      content-type:
      - application/json; charset=utf-8
      date:
      - Mon, 14 Mar 2022 14:14:21 GMT
      etag:
      - W/"2681bcf8-df14-45d5-85c7-647cf2534a86"
      expires:
      - '-1'
      pragma:
      - no-cache
      server:
      - Microsoft-HTTPAPI/2.0
      - Microsoft-HTTPAPI/2.0
      strict-transport-security:
      - max-age=31536000; includeSubDomains
      transfer-encoding:
      - chunked
      vary:
      - Accept-Encoding
      x-content-type-options:
      - nosniff
      x-ms-arm-service-request-id:
      - 353fdd55-29e0-4d70-9d82-c55c0e07e843
    status:
      code: 200
      message: OK
- request:
    body: null
    headers:
      Accept:
      - application/json, text/json
      Accept-Encoding:
      - gzip, deflate
      CommandName:
      - vm create
      Connection:
      - keep-alive
      ParameterSetName:
      - -g -n --image --data-disk-sizes-gb --admin-username --generate-ssh-keys
      User-Agent:
      - AZURECLI/2.34.1 azsdk-python-azure-mgmt-network/19.3.0 Python/3.10.0 (Windows-10-10.0.19043-SP0)
    method: GET
    uri: https://management.azure.com/subscriptions/00000000-0000-0000-0000-000000000000/resourceGroups/clitest.rg000001/providers/Microsoft.Network/publicIPAddresses/vm1PublicIP?api-version=2017-10-01
  response:
    body:
      string: "{\r\n  \"name\": \"vm1PublicIP\",\r\n  \"id\": \"/subscriptions/00000000-0000-0000-0000-000000000000/resourceGroups/clitest.rg000001/providers/Microsoft.Network/publicIPAddresses/vm1PublicIP\",\r\n
        \ \"etag\": \"W/\\\"a988d43a-9dd7-422a-bf48-b35bd4341c7d\\\"\",\r\n  \"location\":
        \"westus\",\r\n  \"tags\": {},\r\n  \"properties\": {\r\n    \"provisioningState\":
        \"Succeeded\",\r\n    \"resourceGuid\": \"6c1742fd-22dc-426c-867a-9fdc3801fe9d\",\r\n
        \   \"ipAddress\": \"137.135.18.166\",\r\n    \"publicIPAddressVersion\":
        \"IPv4\",\r\n    \"publicIPAllocationMethod\": \"Dynamic\",\r\n    \"idleTimeoutInMinutes\":
        4,\r\n    \"ipTags\": [],\r\n    \"ipConfiguration\": {\r\n      \"id\": \"/subscriptions/00000000-0000-0000-0000-000000000000/resourceGroups/clitest.rg000001/providers/Microsoft.Network/networkInterfaces/vm1VMNic/ipConfigurations/ipconfigvm1\"\r\n
        \   }\r\n  },\r\n  \"type\": \"Microsoft.Network/publicIPAddresses\",\r\n
        \ \"sku\": {\r\n    \"name\": \"Basic\"\r\n  }\r\n}"
    headers:
      cache-control:
      - no-cache
      content-length:
      - '880'
      content-type:
      - application/json; charset=utf-8
      date:
      - Mon, 14 Mar 2022 14:14:21 GMT
      etag:
      - W/"a988d43a-9dd7-422a-bf48-b35bd4341c7d"
      expires:
      - '-1'
      pragma:
      - no-cache
      server:
      - Microsoft-HTTPAPI/2.0
      - Microsoft-HTTPAPI/2.0
      strict-transport-security:
      - max-age=31536000; includeSubDomains
      transfer-encoding:
      - chunked
      vary:
      - Accept-Encoding
      x-content-type-options:
      - nosniff
      x-ms-arm-service-request-id:
      - 825e9f39-8bca-422c-8356-d8fd4be5a29a
    status:
      code: 200
      message: OK
- request:
    body: null
    headers:
      Accept:
      - application/json
      Accept-Encoding:
      - gzip, deflate
      CommandName:
      - vm update
      Connection:
      - keep-alive
      ParameterSetName:
      - -g -n --set
      User-Agent:
      - AZURECLI/2.34.1 azsdk-python-azure-mgmt-compute/25.0.0 Python/3.10.0 (Windows-10-10.0.19043-SP0)
    method: GET
    uri: https://management.azure.com/subscriptions/00000000-0000-0000-0000-000000000000/resourceGroups/clitest.rg000001/providers/Microsoft.Compute/virtualMachines/vm1?$expand=instanceView&api-version=2017-12-01
  response:
    body:
      string: "{\r\n  \"name\": \"vm1\",\r\n  \"id\": \"/subscriptions/00000000-0000-0000-0000-000000000000/resourceGroups/clitest.rg000001/providers/Microsoft.Compute/virtualMachines/vm1\",\r\n
        \ \"type\": \"Microsoft.Compute/virtualMachines\",\r\n  \"location\": \"westus\",\r\n
        \ \"tags\": {},\r\n  \"properties\": {\r\n    \"vmId\": \"806b1ebb-f87d-4e5e-a543-6106a04cfd97\",\r\n
        \   \"hardwareProfile\": {\r\n      \"vmSize\": \"Standard_DS1_v2\"\r\n    },\r\n
        \   \"storageProfile\": {\r\n      \"imageReference\": {\r\n        \"publisher\":
        \"Debian\",\r\n        \"offer\": \"debian-10\",\r\n        \"sku\": \"10\",\r\n
        \       \"version\": \"latest\"\r\n      },\r\n      \"osDisk\": {\r\n        \"osType\":
        \"Linux\",\r\n        \"name\": \"vm1_disk1_4898240bfec74a8c98b21f20610a98e6\",\r\n
        \       \"createOption\": \"FromImage\",\r\n        \"caching\": \"ReadWrite\",\r\n
        \       \"managedDisk\": {\r\n          \"storageAccountType\": \"Premium_LRS\",\r\n
        \         \"id\": \"/subscriptions/00000000-0000-0000-0000-000000000000/resourceGroups/clitest.rg000001/providers/Microsoft.Compute/disks/vm1_disk1_4898240bfec74a8c98b21f20610a98e6\"\r\n
        \       },\r\n        \"diskSizeGB\": 30\r\n      },\r\n      \"dataDisks\":
        [\r\n        {\r\n          \"lun\": 0,\r\n          \"name\": \"vm1_disk2_5e8f1af9a27e4e67afbb457ae5bbdcd7\",\r\n
        \         \"createOption\": \"Empty\",\r\n          \"caching\": \"None\",\r\n
        \         \"managedDisk\": {\r\n            \"storageAccountType\": \"Premium_LRS\",\r\n
        \           \"id\": \"/subscriptions/00000000-0000-0000-0000-000000000000/resourceGroups/clitest.rg000001/providers/Microsoft.Compute/disks/vm1_disk2_5e8f1af9a27e4e67afbb457ae5bbdcd7\"\r\n
        \         },\r\n          \"diskSizeGB\": 1\r\n        },\r\n        {\r\n
        \         \"lun\": 1,\r\n          \"name\": \"vm1_disk3_ee07a4585d6a470cad408eea30e3f688\",\r\n
        \         \"createOption\": \"Empty\",\r\n          \"caching\": \"None\",\r\n
        \         \"managedDisk\": {\r\n            \"storageAccountType\": \"Premium_LRS\",\r\n
        \           \"id\": \"/subscriptions/00000000-0000-0000-0000-000000000000/resourceGroups/clitest.rg000001/providers/Microsoft.Compute/disks/vm1_disk3_ee07a4585d6a470cad408eea30e3f688\"\r\n
        \         },\r\n          \"diskSizeGB\": 2\r\n        }\r\n      ]\r\n    },\r\n
        \   \"osProfile\": {\r\n      \"computerName\": \"vm1\",\r\n      \"adminUsername\":
        \"cligenerics\",\r\n      \"linuxConfiguration\": {\r\n        \"disablePasswordAuthentication\":
        true,\r\n        \"ssh\": {\r\n          \"publicKeys\": [\r\n            {\r\n
        \             \"path\": \"/home/cligenerics/.ssh/authorized_keys\",\r\n              \"keyData\":
        \"ssh-rsa AAAAB3NzaC1yc2EAAAADAQABAAABgQCyHIxtehmSa4iZExLrQ4pc7bklBKwAR865F9LEWNd8SIgFCYy2s+vA5Sofj2cMD06HqCAPeM+VJvjwImCmGhO3GQU816Zo7AOX21dKGUZLbGQ35lxXPMsd0aCx8J8Ncq1sReBPlZs9BT2X0pR2jkalCJQKFWXXkwXyj8l05PunQm2lnggijrnLAMjdI7+6S6rNUs4oA54egfrKIXSQiqjfSNMySytJzJkGYdbQzUrGrL47qNEy0keAPi1VGlijs/m3khFQAd2Bdb1Nhp1k8QC0OQ5BccKPVfFRyz/EoRMFvjzfNQrR75D6f2q+XZIrlee1Z7MX/KpYx1IOI2ATlfRqUoIlM7O1hWsQr9rGek+D10BtBJ4uZsrUOHs+llQo5fQXzVunZEzaYUBulRwPO1kBHjSkD0NNCO5490EnaCIFot41Wh/bDTWFNDZkZHxXhbrXRaA/d0vzrlAiLDUkUEtOKP0jc9o9vz/vSbEth6u8df06cq9yYVbn+1j93lX5vJ0=
        cxznmhdcxz\\n\"\r\n            }\r\n          ]\r\n        }\r\n      },\r\n
        \     \"secrets\": []\r\n    },\r\n    \"networkProfile\": {\"networkInterfaces\":[{\"id\":\"/subscriptions/00000000-0000-0000-0000-000000000000/resourceGroups/clitest.rg000001/providers/Microsoft.Network/networkInterfaces/vm1VMNic\"}]},\r\n
        \   \"provisioningState\": \"Succeeded\",\r\n    \"instanceView\": {\r\n      \"computerName\":
        \"vm1\",\r\n      \"osName\": \"debian\",\r\n      \"osVersion\": \"10.11\",\r\n
        \     \"vmAgent\": {\r\n        \"vmAgentVersion\": \"2.2.45\",\r\n        \"statuses\":
        [\r\n          {\r\n            \"code\": \"ProvisioningState/succeeded\",\r\n
        \           \"level\": \"Info\",\r\n            \"displayStatus\": \"Ready\",\r\n
        \           \"message\": \"Guest Agent is running\",\r\n            \"time\":
        \"2022-03-14T14:13:57+00:00\"\r\n          }\r\n        ],\r\n        \"extensionHandlers\":
        []\r\n      },\r\n      \"disks\": [\r\n        {\r\n          \"name\": \"vm1_disk1_4898240bfec74a8c98b21f20610a98e6\",\r\n
        \         \"statuses\": [\r\n            {\r\n              \"code\": \"ProvisioningState/succeeded\",\r\n
        \             \"level\": \"Info\",\r\n              \"displayStatus\": \"Provisioning
        succeeded\",\r\n              \"time\": \"2022-03-14T14:13:41.5048715+00:00\"\r\n
        \           }\r\n          ]\r\n        },\r\n        {\r\n          \"name\":
        \"vm1_disk2_5e8f1af9a27e4e67afbb457ae5bbdcd7\",\r\n          \"statuses\":
        [\r\n            {\r\n              \"code\": \"ProvisioningState/succeeded\",\r\n
        \             \"level\": \"Info\",\r\n              \"displayStatus\": \"Provisioning
        succeeded\",\r\n              \"time\": \"2022-03-14T14:13:41.5048715+00:00\"\r\n
        \           }\r\n          ]\r\n        },\r\n        {\r\n          \"name\":
        \"vm1_disk3_ee07a4585d6a470cad408eea30e3f688\",\r\n          \"statuses\":
        [\r\n            {\r\n              \"code\": \"ProvisioningState/succeeded\",\r\n
        \             \"level\": \"Info\",\r\n              \"displayStatus\": \"Provisioning
        succeeded\",\r\n              \"time\": \"2022-03-14T14:13:41.5048715+00:00\"\r\n
        \           }\r\n          ]\r\n        }\r\n      ],\r\n      \"statuses\":
        [\r\n        {\r\n          \"code\": \"ProvisioningState/succeeded\",\r\n
        \         \"level\": \"Info\",\r\n          \"displayStatus\": \"Provisioning
        succeeded\",\r\n          \"time\": \"2022-03-14T14:13:51.9893116+00:00\"\r\n
        \       },\r\n        {\r\n          \"code\": \"PowerState/running\",\r\n
        \         \"level\": \"Info\",\r\n          \"displayStatus\": \"VM running\"\r\n
        \       }\r\n      ]\r\n    }\r\n  }\r\n}"
    headers:
      cache-control:
      - no-cache
      content-length:
      - '5222'
      content-type:
      - application/json; charset=utf-8
      date:
      - Mon, 14 Mar 2022 14:14:22 GMT
      expires:
      - '-1'
      pragma:
      - no-cache
      server:
      - Microsoft-HTTPAPI/2.0
      - Microsoft-HTTPAPI/2.0
      strict-transport-security:
      - max-age=31536000; includeSubDomains
      transfer-encoding:
      - chunked
      vary:
      - Accept-Encoding
      x-content-type-options:
      - nosniff
      x-ms-ratelimit-remaining-resource:
      - Microsoft.Compute/LowCostGet3Min;3978,Microsoft.Compute/LowCostGet30Min;31862
    status:
      code: 200
      message: OK
- request:
    body: '{"location": "westus", "tags": {}, "identity": {"type": "SystemAssigned"},
      "properties": {"hardwareProfile": {"vmSize": "Standard_DS1_v2"}, "storageProfile":
      {"osDisk": {"osType": "Linux", "name": "vm1_disk1_4898240bfec74a8c98b21f20610a98e6",
      "caching": "ReadWrite", "createOption": "FromImage", "diskSizeGB": 30, "managedDisk":
      {"id": "/subscriptions/00000000-0000-0000-0000-000000000000/resourceGroups/clitest.rg000001/providers/Microsoft.Compute/disks/vm1_disk1_4898240bfec74a8c98b21f20610a98e6",
      "storageAccountType": "Premium_LRS"}}, "dataDisks": [{"lun": 0, "name": "vm1_disk2_5e8f1af9a27e4e67afbb457ae5bbdcd7",
      "caching": "None", "createOption": "Empty", "diskSizeGB": 1, "managedDisk":
      {"id": "/subscriptions/00000000-0000-0000-0000-000000000000/resourceGroups/clitest.rg000001/providers/Microsoft.Compute/disks/vm1_disk2_5e8f1af9a27e4e67afbb457ae5bbdcd7",
      "storageAccountType": "Premium_LRS"}}, {"lun": 1, "name": "vm1_disk3_ee07a4585d6a470cad408eea30e3f688",
      "caching": "None", "createOption": "Empty", "diskSizeGB": 2, "managedDisk":
      {"id": "/subscriptions/00000000-0000-0000-0000-000000000000/resourceGroups/clitest.rg000001/providers/Microsoft.Compute/disks/vm1_disk3_ee07a4585d6a470cad408eea30e3f688",
      "storageAccountType": "Premium_LRS"}}]}, "osProfile": {"computerName": "vm1",
      "adminUsername": "cligenerics", "linuxConfiguration": {"disablePasswordAuthentication":
      true, "ssh": {"publicKeys": [{"path": "/home/cligenerics/.ssh/authorized_keys",
      "keyData": "ssh-rsa AAAAB3NzaC1yc2EAAAADAQABAAABgQCyHIxtehmSa4iZExLrQ4pc7bklBKwAR865F9LEWNd8SIgFCYy2s+vA5Sofj2cMD06HqCAPeM+VJvjwImCmGhO3GQU816Zo7AOX21dKGUZLbGQ35lxXPMsd0aCx8J8Ncq1sReBPlZs9BT2X0pR2jkalCJQKFWXXkwXyj8l05PunQm2lnggijrnLAMjdI7+6S6rNUs4oA54egfrKIXSQiqjfSNMySytJzJkGYdbQzUrGrL47qNEy0keAPi1VGlijs/m3khFQAd2Bdb1Nhp1k8QC0OQ5BccKPVfFRyz/EoRMFvjzfNQrR75D6f2q+XZIrlee1Z7MX/KpYx1IOI2ATlfRqUoIlM7O1hWsQr9rGek+D10BtBJ4uZsrUOHs+llQo5fQXzVunZEzaYUBulRwPO1kBHjSkD0NNCO5490EnaCIFot41Wh/bDTWFNDZkZHxXhbrXRaA/d0vzrlAiLDUkUEtOKP0jc9o9vz/vSbEth6u8df06cq9yYVbn+1j93lX5vJ0=
      cxznmhdcxz\n"}]}}, "secrets": []}, "networkProfile": {"networkInterfaces": [{"id":
      "/subscriptions/00000000-0000-0000-0000-000000000000/resourceGroups/clitest.rg000001/providers/Microsoft.Network/networkInterfaces/vm1VMNic"}]}}}'
    headers:
      Accept:
      - application/json
      Accept-Encoding:
      - gzip, deflate
      CommandName:
      - vm update
      Connection:
      - keep-alive
      Content-Length:
      - '2255'
      Content-Type:
      - application/json
      ParameterSetName:
      - -g -n --set
      User-Agent:
      - AZURECLI/2.34.1 azsdk-python-azure-mgmt-compute/25.0.0 Python/3.10.0 (Windows-10-10.0.19043-SP0)
    method: PUT
    uri: https://management.azure.com/subscriptions/00000000-0000-0000-0000-000000000000/resourceGroups/clitest.rg000001/providers/Microsoft.Compute/virtualMachines/vm1?api-version=2017-12-01
  response:
    body:
      string: "{\r\n  \"name\": \"vm1\",\r\n  \"id\": \"/subscriptions/00000000-0000-0000-0000-000000000000/resourceGroups/clitest.rg000001/providers/Microsoft.Compute/virtualMachines/vm1\",\r\n
        \ \"type\": \"Microsoft.Compute/virtualMachines\",\r\n  \"location\": \"westus\",\r\n
        \ \"tags\": {},\r\n  \"identity\": {\r\n    \"type\": \"SystemAssigned\",\r\n
        \   \"principalId\": \"770bc5c2-1ed2-458c-8a9b-25a39efd9f29\",\r\n    \"tenantId\":
        \"54826b22-38d6-4fb2-bad9-b7b93a3e9c5a\"\r\n  },\r\n  \"properties\": {\r\n
        \   \"vmId\": \"806b1ebb-f87d-4e5e-a543-6106a04cfd97\",\r\n    \"hardwareProfile\":
        {\r\n      \"vmSize\": \"Standard_DS1_v2\"\r\n    },\r\n    \"storageProfile\":
        {\r\n      \"imageReference\": {\r\n        \"publisher\": \"Debian\",\r\n
        \       \"offer\": \"debian-10\",\r\n        \"sku\": \"10\",\r\n        \"version\":
        \"latest\"\r\n      },\r\n      \"osDisk\": {\r\n        \"osType\": \"Linux\",\r\n
        \       \"name\": \"vm1_disk1_4898240bfec74a8c98b21f20610a98e6\",\r\n        \"createOption\":
        \"FromImage\",\r\n        \"caching\": \"ReadWrite\",\r\n        \"managedDisk\":
        {\r\n          \"storageAccountType\": \"Premium_LRS\",\r\n          \"id\":
        \"/subscriptions/00000000-0000-0000-0000-000000000000/resourceGroups/clitest.rg000001/providers/Microsoft.Compute/disks/vm1_disk1_4898240bfec74a8c98b21f20610a98e6\"\r\n
        \       },\r\n        \"diskSizeGB\": 30\r\n      },\r\n      \"dataDisks\":
        [\r\n        {\r\n          \"lun\": 0,\r\n          \"name\": \"vm1_disk2_5e8f1af9a27e4e67afbb457ae5bbdcd7\",\r\n
        \         \"createOption\": \"Empty\",\r\n          \"caching\": \"None\",\r\n
        \         \"managedDisk\": {\r\n            \"storageAccountType\": \"Premium_LRS\",\r\n
        \           \"id\": \"/subscriptions/00000000-0000-0000-0000-000000000000/resourceGroups/clitest.rg000001/providers/Microsoft.Compute/disks/vm1_disk2_5e8f1af9a27e4e67afbb457ae5bbdcd7\"\r\n
        \         },\r\n          \"diskSizeGB\": 1\r\n        },\r\n        {\r\n
        \         \"lun\": 1,\r\n          \"name\": \"vm1_disk3_ee07a4585d6a470cad408eea30e3f688\",\r\n
        \         \"createOption\": \"Empty\",\r\n          \"caching\": \"None\",\r\n
        \         \"managedDisk\": {\r\n            \"storageAccountType\": \"Premium_LRS\",\r\n
        \           \"id\": \"/subscriptions/00000000-0000-0000-0000-000000000000/resourceGroups/clitest.rg000001/providers/Microsoft.Compute/disks/vm1_disk3_ee07a4585d6a470cad408eea30e3f688\"\r\n
        \         },\r\n          \"diskSizeGB\": 2\r\n        }\r\n      ]\r\n    },\r\n
        \   \"osProfile\": {\r\n      \"computerName\": \"vm1\",\r\n      \"adminUsername\":
        \"cligenerics\",\r\n      \"linuxConfiguration\": {\r\n        \"disablePasswordAuthentication\":
        true,\r\n        \"ssh\": {\r\n          \"publicKeys\": [\r\n            {\r\n
        \             \"path\": \"/home/cligenerics/.ssh/authorized_keys\",\r\n              \"keyData\":
        \"ssh-rsa AAAAB3NzaC1yc2EAAAADAQABAAABgQCyHIxtehmSa4iZExLrQ4pc7bklBKwAR865F9LEWNd8SIgFCYy2s+vA5Sofj2cMD06HqCAPeM+VJvjwImCmGhO3GQU816Zo7AOX21dKGUZLbGQ35lxXPMsd0aCx8J8Ncq1sReBPlZs9BT2X0pR2jkalCJQKFWXXkwXyj8l05PunQm2lnggijrnLAMjdI7+6S6rNUs4oA54egfrKIXSQiqjfSNMySytJzJkGYdbQzUrGrL47qNEy0keAPi1VGlijs/m3khFQAd2Bdb1Nhp1k8QC0OQ5BccKPVfFRyz/EoRMFvjzfNQrR75D6f2q+XZIrlee1Z7MX/KpYx1IOI2ATlfRqUoIlM7O1hWsQr9rGek+D10BtBJ4uZsrUOHs+llQo5fQXzVunZEzaYUBulRwPO1kBHjSkD0NNCO5490EnaCIFot41Wh/bDTWFNDZkZHxXhbrXRaA/d0vzrlAiLDUkUEtOKP0jc9o9vz/vSbEth6u8df06cq9yYVbn+1j93lX5vJ0=
        cxznmhdcxz\\n\"\r\n            }\r\n          ]\r\n        }\r\n      },\r\n
        \     \"secrets\": []\r\n    },\r\n    \"networkProfile\": {\"networkInterfaces\":[{\"id\":\"/subscriptions/00000000-0000-0000-0000-000000000000/resourceGroups/clitest.rg000001/providers/Microsoft.Network/networkInterfaces/vm1VMNic\"}]},\r\n
        \   \"provisioningState\": \"Updating\"\r\n  }\r\n}"
    headers:
      azure-asyncnotification:
      - Enabled
      azure-asyncoperation:
      - https://management.azure.com/subscriptions/00000000-0000-0000-0000-000000000000/providers/Microsoft.Compute/locations/westus/operations/583179c9-976e-433c-8e03-6c06779d6674?p=571046f6-b640-41c1-86f7-f9f044b5adf9&api-version=2017-12-01
      cache-control:
      - no-cache
      content-length:
      - '3417'
      content-type:
      - application/json; charset=utf-8
      date:
      - Mon, 14 Mar 2022 14:14:29 GMT
      expires:
      - '-1'
      pragma:
      - no-cache
      server:
      - Microsoft-HTTPAPI/2.0
      - Microsoft-HTTPAPI/2.0
      strict-transport-security:
      - max-age=31536000; includeSubDomains
      transfer-encoding:
      - chunked
      vary:
      - Accept-Encoding
      x-content-type-options:
      - nosniff
      x-ms-ratelimit-remaining-resource:
      - Microsoft.Compute/PutVM3Min;235,Microsoft.Compute/PutVM30Min;1195
      x-ms-ratelimit-remaining-subscription-writes:
      - '1198'
    status:
      code: 200
      message: OK
- request:
    body: null
    headers:
      Accept:
      - '*/*'
      Accept-Encoding:
      - gzip, deflate
      CommandName:
      - vm update
      Connection:
      - keep-alive
      ParameterSetName:
      - -g -n --set
      User-Agent:
      - AZURECLI/2.34.1 azsdk-python-azure-mgmt-compute/25.0.0 Python/3.10.0 (Windows-10-10.0.19043-SP0)
    method: GET
    uri: https://management.azure.com/subscriptions/00000000-0000-0000-0000-000000000000/providers/Microsoft.Compute/locations/westus/operations/583179c9-976e-433c-8e03-6c06779d6674?p=571046f6-b640-41c1-86f7-f9f044b5adf9&api-version=2017-12-01
  response:
    body:
      string: "{\r\n  \"startTime\": \"2022-03-14T14:14:27.3331112+00:00\",\r\n  \"endTime\":
        \"2022-03-14T14:14:36.6299994+00:00\",\r\n  \"status\": \"Succeeded\",\r\n
        \ \"name\": \"583179c9-976e-433c-8e03-6c06779d6674\"\r\n}"
    headers:
      cache-control:
      - no-cache
      content-length:
      - '184'
      content-type:
      - application/json; charset=utf-8
      date:
      - Mon, 14 Mar 2022 14:14:59 GMT
      expires:
      - '-1'
      pragma:
      - no-cache
      server:
      - Microsoft-HTTPAPI/2.0
      - Microsoft-HTTPAPI/2.0
      strict-transport-security:
      - max-age=31536000; includeSubDomains
      transfer-encoding:
      - chunked
      vary:
      - Accept-Encoding
      x-content-type-options:
      - nosniff
      x-ms-ratelimit-remaining-resource:
      - Microsoft.Compute/GetOperation3Min;14989,Microsoft.Compute/GetOperation30Min;29985
    status:
      code: 200
      message: OK
- request:
    body: null
    headers:
      Accept:
      - '*/*'
      Accept-Encoding:
      - gzip, deflate
      CommandName:
      - vm update
      Connection:
      - keep-alive
      ParameterSetName:
      - -g -n --set
      User-Agent:
      - AZURECLI/2.34.1 azsdk-python-azure-mgmt-compute/25.0.0 Python/3.10.0 (Windows-10-10.0.19043-SP0)
    method: GET
    uri: https://management.azure.com/subscriptions/00000000-0000-0000-0000-000000000000/resourceGroups/clitest.rg000001/providers/Microsoft.Compute/virtualMachines/vm1?api-version=2017-12-01
  response:
    body:
      string: "{\r\n  \"name\": \"vm1\",\r\n  \"id\": \"/subscriptions/00000000-0000-0000-0000-000000000000/resourceGroups/clitest.rg000001/providers/Microsoft.Compute/virtualMachines/vm1\",\r\n
        \ \"type\": \"Microsoft.Compute/virtualMachines\",\r\n  \"location\": \"westus\",\r\n
        \ \"tags\": {},\r\n  \"identity\": {\r\n    \"type\": \"SystemAssigned\",\r\n
        \   \"principalId\": \"770bc5c2-1ed2-458c-8a9b-25a39efd9f29\",\r\n    \"tenantId\":
        \"54826b22-38d6-4fb2-bad9-b7b93a3e9c5a\"\r\n  },\r\n  \"properties\": {\r\n
        \   \"vmId\": \"806b1ebb-f87d-4e5e-a543-6106a04cfd97\",\r\n    \"hardwareProfile\":
        {\r\n      \"vmSize\": \"Standard_DS1_v2\"\r\n    },\r\n    \"storageProfile\":
        {\r\n      \"imageReference\": {\r\n        \"publisher\": \"Debian\",\r\n
        \       \"offer\": \"debian-10\",\r\n        \"sku\": \"10\",\r\n        \"version\":
        \"latest\"\r\n      },\r\n      \"osDisk\": {\r\n        \"osType\": \"Linux\",\r\n
        \       \"name\": \"vm1_disk1_4898240bfec74a8c98b21f20610a98e6\",\r\n        \"createOption\":
        \"FromImage\",\r\n        \"caching\": \"ReadWrite\",\r\n        \"managedDisk\":
        {\r\n          \"storageAccountType\": \"Premium_LRS\",\r\n          \"id\":
        \"/subscriptions/00000000-0000-0000-0000-000000000000/resourceGroups/clitest.rg000001/providers/Microsoft.Compute/disks/vm1_disk1_4898240bfec74a8c98b21f20610a98e6\"\r\n
        \       },\r\n        \"diskSizeGB\": 30\r\n      },\r\n      \"dataDisks\":
        [\r\n        {\r\n          \"lun\": 0,\r\n          \"name\": \"vm1_disk2_5e8f1af9a27e4e67afbb457ae5bbdcd7\",\r\n
        \         \"createOption\": \"Empty\",\r\n          \"caching\": \"None\",\r\n
        \         \"managedDisk\": {\r\n            \"storageAccountType\": \"Premium_LRS\",\r\n
        \           \"id\": \"/subscriptions/00000000-0000-0000-0000-000000000000/resourceGroups/clitest.rg000001/providers/Microsoft.Compute/disks/vm1_disk2_5e8f1af9a27e4e67afbb457ae5bbdcd7\"\r\n
        \         },\r\n          \"diskSizeGB\": 1\r\n        },\r\n        {\r\n
        \         \"lun\": 1,\r\n          \"name\": \"vm1_disk3_ee07a4585d6a470cad408eea30e3f688\",\r\n
        \         \"createOption\": \"Empty\",\r\n          \"caching\": \"None\",\r\n
        \         \"managedDisk\": {\r\n            \"storageAccountType\": \"Premium_LRS\",\r\n
        \           \"id\": \"/subscriptions/00000000-0000-0000-0000-000000000000/resourceGroups/clitest.rg000001/providers/Microsoft.Compute/disks/vm1_disk3_ee07a4585d6a470cad408eea30e3f688\"\r\n
        \         },\r\n          \"diskSizeGB\": 2\r\n        }\r\n      ]\r\n    },\r\n
        \   \"osProfile\": {\r\n      \"computerName\": \"vm1\",\r\n      \"adminUsername\":
        \"cligenerics\",\r\n      \"linuxConfiguration\": {\r\n        \"disablePasswordAuthentication\":
        true,\r\n        \"ssh\": {\r\n          \"publicKeys\": [\r\n            {\r\n
        \             \"path\": \"/home/cligenerics/.ssh/authorized_keys\",\r\n              \"keyData\":
        \"ssh-rsa AAAAB3NzaC1yc2EAAAADAQABAAABgQCyHIxtehmSa4iZExLrQ4pc7bklBKwAR865F9LEWNd8SIgFCYy2s+vA5Sofj2cMD06HqCAPeM+VJvjwImCmGhO3GQU816Zo7AOX21dKGUZLbGQ35lxXPMsd0aCx8J8Ncq1sReBPlZs9BT2X0pR2jkalCJQKFWXXkwXyj8l05PunQm2lnggijrnLAMjdI7+6S6rNUs4oA54egfrKIXSQiqjfSNMySytJzJkGYdbQzUrGrL47qNEy0keAPi1VGlijs/m3khFQAd2Bdb1Nhp1k8QC0OQ5BccKPVfFRyz/EoRMFvjzfNQrR75D6f2q+XZIrlee1Z7MX/KpYx1IOI2ATlfRqUoIlM7O1hWsQr9rGek+D10BtBJ4uZsrUOHs+llQo5fQXzVunZEzaYUBulRwPO1kBHjSkD0NNCO5490EnaCIFot41Wh/bDTWFNDZkZHxXhbrXRaA/d0vzrlAiLDUkUEtOKP0jc9o9vz/vSbEth6u8df06cq9yYVbn+1j93lX5vJ0=
        cxznmhdcxz\\n\"\r\n            }\r\n          ]\r\n        }\r\n      },\r\n
        \     \"secrets\": []\r\n    },\r\n    \"networkProfile\": {\"networkInterfaces\":[{\"id\":\"/subscriptions/00000000-0000-0000-0000-000000000000/resourceGroups/clitest.rg000001/providers/Microsoft.Network/networkInterfaces/vm1VMNic\"}]},\r\n
        \   \"provisioningState\": \"Succeeded\"\r\n  }\r\n}"
    headers:
      cache-control:
      - no-cache
      content-length:
      - '3418'
      content-type:
      - application/json; charset=utf-8
      date:
      - Mon, 14 Mar 2022 14:15:00 GMT
      expires:
      - '-1'
      pragma:
      - no-cache
      server:
      - Microsoft-HTTPAPI/2.0
      - Microsoft-HTTPAPI/2.0
      strict-transport-security:
      - max-age=31536000; includeSubDomains
      transfer-encoding:
      - chunked
      vary:
      - Accept-Encoding
      x-content-type-options:
      - nosniff
      x-ms-ratelimit-remaining-resource:
      - Microsoft.Compute/LowCostGet3Min;3976,Microsoft.Compute/LowCostGet30Min;31879
    status:
      code: 200
      message: OK
- request:
    body: null
    headers:
      Accept:
      - application/json
      Accept-Encoding:
      - gzip, deflate
      CommandName:
      - vm update
      Connection:
      - keep-alive
      ParameterSetName:
      - -g -n --set
      User-Agent:
      - AZURECLI/2.34.1 azsdk-python-azure-mgmt-compute/25.0.0 Python/3.10.0 (Windows-10-10.0.19043-SP0)
    method: GET
    uri: https://management.azure.com/subscriptions/00000000-0000-0000-0000-000000000000/resourceGroups/clitest.rg000001/providers/Microsoft.Compute/virtualMachines/vm1?$expand=instanceView&api-version=2017-12-01
  response:
    body:
      string: "{\r\n  \"name\": \"vm1\",\r\n  \"id\": \"/subscriptions/00000000-0000-0000-0000-000000000000/resourceGroups/clitest.rg000001/providers/Microsoft.Compute/virtualMachines/vm1\",\r\n
        \ \"type\": \"Microsoft.Compute/virtualMachines\",\r\n  \"location\": \"westus\",\r\n
        \ \"tags\": {},\r\n  \"identity\": {\r\n    \"type\": \"SystemAssigned\",\r\n
        \   \"principalId\": \"770bc5c2-1ed2-458c-8a9b-25a39efd9f29\",\r\n    \"tenantId\":
        \"54826b22-38d6-4fb2-bad9-b7b93a3e9c5a\"\r\n  },\r\n  \"properties\": {\r\n
        \   \"vmId\": \"806b1ebb-f87d-4e5e-a543-6106a04cfd97\",\r\n    \"hardwareProfile\":
        {\r\n      \"vmSize\": \"Standard_DS1_v2\"\r\n    },\r\n    \"storageProfile\":
        {\r\n      \"imageReference\": {\r\n        \"publisher\": \"Debian\",\r\n
        \       \"offer\": \"debian-10\",\r\n        \"sku\": \"10\",\r\n        \"version\":
        \"latest\"\r\n      },\r\n      \"osDisk\": {\r\n        \"osType\": \"Linux\",\r\n
        \       \"name\": \"vm1_disk1_4898240bfec74a8c98b21f20610a98e6\",\r\n        \"createOption\":
        \"FromImage\",\r\n        \"caching\": \"ReadWrite\",\r\n        \"managedDisk\":
        {\r\n          \"storageAccountType\": \"Premium_LRS\",\r\n          \"id\":
        \"/subscriptions/00000000-0000-0000-0000-000000000000/resourceGroups/clitest.rg000001/providers/Microsoft.Compute/disks/vm1_disk1_4898240bfec74a8c98b21f20610a98e6\"\r\n
        \       },\r\n        \"diskSizeGB\": 30\r\n      },\r\n      \"dataDisks\":
        [\r\n        {\r\n          \"lun\": 0,\r\n          \"name\": \"vm1_disk2_5e8f1af9a27e4e67afbb457ae5bbdcd7\",\r\n
        \         \"createOption\": \"Empty\",\r\n          \"caching\": \"None\",\r\n
        \         \"managedDisk\": {\r\n            \"storageAccountType\": \"Premium_LRS\",\r\n
        \           \"id\": \"/subscriptions/00000000-0000-0000-0000-000000000000/resourceGroups/clitest.rg000001/providers/Microsoft.Compute/disks/vm1_disk2_5e8f1af9a27e4e67afbb457ae5bbdcd7\"\r\n
        \         },\r\n          \"diskSizeGB\": 1\r\n        },\r\n        {\r\n
        \         \"lun\": 1,\r\n          \"name\": \"vm1_disk3_ee07a4585d6a470cad408eea30e3f688\",\r\n
        \         \"createOption\": \"Empty\",\r\n          \"caching\": \"None\",\r\n
        \         \"managedDisk\": {\r\n            \"storageAccountType\": \"Premium_LRS\",\r\n
        \           \"id\": \"/subscriptions/00000000-0000-0000-0000-000000000000/resourceGroups/clitest.rg000001/providers/Microsoft.Compute/disks/vm1_disk3_ee07a4585d6a470cad408eea30e3f688\"\r\n
        \         },\r\n          \"diskSizeGB\": 2\r\n        }\r\n      ]\r\n    },\r\n
        \   \"osProfile\": {\r\n      \"computerName\": \"vm1\",\r\n      \"adminUsername\":
        \"cligenerics\",\r\n      \"linuxConfiguration\": {\r\n        \"disablePasswordAuthentication\":
        true,\r\n        \"ssh\": {\r\n          \"publicKeys\": [\r\n            {\r\n
        \             \"path\": \"/home/cligenerics/.ssh/authorized_keys\",\r\n              \"keyData\":
        \"ssh-rsa AAAAB3NzaC1yc2EAAAADAQABAAABgQCyHIxtehmSa4iZExLrQ4pc7bklBKwAR865F9LEWNd8SIgFCYy2s+vA5Sofj2cMD06HqCAPeM+VJvjwImCmGhO3GQU816Zo7AOX21dKGUZLbGQ35lxXPMsd0aCx8J8Ncq1sReBPlZs9BT2X0pR2jkalCJQKFWXXkwXyj8l05PunQm2lnggijrnLAMjdI7+6S6rNUs4oA54egfrKIXSQiqjfSNMySytJzJkGYdbQzUrGrL47qNEy0keAPi1VGlijs/m3khFQAd2Bdb1Nhp1k8QC0OQ5BccKPVfFRyz/EoRMFvjzfNQrR75D6f2q+XZIrlee1Z7MX/KpYx1IOI2ATlfRqUoIlM7O1hWsQr9rGek+D10BtBJ4uZsrUOHs+llQo5fQXzVunZEzaYUBulRwPO1kBHjSkD0NNCO5490EnaCIFot41Wh/bDTWFNDZkZHxXhbrXRaA/d0vzrlAiLDUkUEtOKP0jc9o9vz/vSbEth6u8df06cq9yYVbn+1j93lX5vJ0=
        cxznmhdcxz\\n\"\r\n            }\r\n          ]\r\n        }\r\n      },\r\n
        \     \"secrets\": []\r\n    },\r\n    \"networkProfile\": {\"networkInterfaces\":[{\"id\":\"/subscriptions/00000000-0000-0000-0000-000000000000/resourceGroups/clitest.rg000001/providers/Microsoft.Network/networkInterfaces/vm1VMNic\"}]},\r\n
        \   \"provisioningState\": \"Succeeded\",\r\n    \"instanceView\": {\r\n      \"computerName\":
        \"vm1\",\r\n      \"osName\": \"debian\",\r\n      \"osVersion\": \"10.11\",\r\n
        \     \"vmAgent\": {\r\n        \"vmAgentVersion\": \"2.2.45\",\r\n        \"statuses\":
        [\r\n          {\r\n            \"code\": \"ProvisioningState/succeeded\",\r\n
        \           \"level\": \"Info\",\r\n            \"displayStatus\": \"Ready\",\r\n
        \           \"message\": \"Guest Agent is running\",\r\n            \"time\":
        \"2022-03-14T14:14:58+00:00\"\r\n          }\r\n        ],\r\n        \"extensionHandlers\":
        []\r\n      },\r\n      \"disks\": [\r\n        {\r\n          \"name\": \"vm1_disk1_4898240bfec74a8c98b21f20610a98e6\",\r\n
        \         \"statuses\": [\r\n            {\r\n              \"code\": \"ProvisioningState/succeeded\",\r\n
        \             \"level\": \"Info\",\r\n              \"displayStatus\": \"Provisioning
        succeeded\",\r\n              \"time\": \"2022-03-14T14:13:41.5048715+00:00\"\r\n
        \           }\r\n          ]\r\n        },\r\n        {\r\n          \"name\":
        \"vm1_disk2_5e8f1af9a27e4e67afbb457ae5bbdcd7\",\r\n          \"statuses\":
        [\r\n            {\r\n              \"code\": \"ProvisioningState/succeeded\",\r\n
        \             \"level\": \"Info\",\r\n              \"displayStatus\": \"Provisioning
        succeeded\",\r\n              \"time\": \"2022-03-14T14:13:41.5048715+00:00\"\r\n
        \           }\r\n          ]\r\n        },\r\n        {\r\n          \"name\":
        \"vm1_disk3_ee07a4585d6a470cad408eea30e3f688\",\r\n          \"statuses\":
        [\r\n            {\r\n              \"code\": \"ProvisioningState/succeeded\",\r\n
        \             \"level\": \"Info\",\r\n              \"displayStatus\": \"Provisioning
        succeeded\",\r\n              \"time\": \"2022-03-14T14:13:41.5048715+00:00\"\r\n
        \           }\r\n          ]\r\n        }\r\n      ],\r\n      \"statuses\":
        [\r\n        {\r\n          \"code\": \"ProvisioningState/succeeded\",\r\n
        \         \"level\": \"Info\",\r\n          \"displayStatus\": \"Provisioning
        succeeded\",\r\n          \"time\": \"2022-03-14T14:14:36.6299994+00:00\"\r\n
        \       },\r\n        {\r\n          \"code\": \"PowerState/running\",\r\n
        \         \"level\": \"Info\",\r\n          \"displayStatus\": \"VM running\"\r\n
        \       }\r\n      ]\r\n    }\r\n  }\r\n}"
    headers:
      cache-control:
      - no-cache
      content-length:
      - '5392'
      content-type:
      - application/json; charset=utf-8
      date:
      - Mon, 14 Mar 2022 14:15:00 GMT
      expires:
      - '-1'
      pragma:
      - no-cache
      server:
      - Microsoft-HTTPAPI/2.0
      - Microsoft-HTTPAPI/2.0
      strict-transport-security:
      - max-age=31536000; includeSubDomains
      transfer-encoding:
      - chunked
      vary:
      - Accept-Encoding
      x-content-type-options:
      - nosniff
      x-ms-ratelimit-remaining-resource:
      - Microsoft.Compute/LowCostGet3Min;3975,Microsoft.Compute/LowCostGet30Min;31878
    status:
      code: 200
      message: OK
- request:
    body: '{"location": "westus", "tags": {}, "identity": {"type": "SystemAssigned"},
      "properties": {"hardwareProfile": {"vmSize": "Standard_DS1_v2"}, "storageProfile":
      {"osDisk": {"osType": "Linux", "name": "vm1_disk1_4898240bfec74a8c98b21f20610a98e6",
      "caching": "ReadWrite", "createOption": "FromImage", "diskSizeGB": 30, "managedDisk":
      {"id": "/subscriptions/00000000-0000-0000-0000-000000000000/resourceGroups/clitest.rg000001/providers/Microsoft.Compute/disks/vm1_disk1_4898240bfec74a8c98b21f20610a98e6",
      "storageAccountType": "Premium_LRS"}}, "dataDisks": [{"lun": 0, "name": "vm1_disk2_5e8f1af9a27e4e67afbb457ae5bbdcd7",
      "caching": "ReadWrite", "createOption": "Empty", "diskSizeGB": 1, "managedDisk":
      {"id": "/subscriptions/00000000-0000-0000-0000-000000000000/resourceGroups/clitest.rg000001/providers/Microsoft.Compute/disks/vm1_disk2_5e8f1af9a27e4e67afbb457ae5bbdcd7",
      "storageAccountType": "Premium_LRS"}}, {"lun": 1, "name": "vm1_disk3_ee07a4585d6a470cad408eea30e3f688",
      "caching": "None", "createOption": "Empty", "diskSizeGB": 2, "managedDisk":
      {"id": "/subscriptions/00000000-0000-0000-0000-000000000000/resourceGroups/clitest.rg000001/providers/Microsoft.Compute/disks/vm1_disk3_ee07a4585d6a470cad408eea30e3f688",
      "storageAccountType": "Premium_LRS"}}]}, "osProfile": {"computerName": "vm1",
      "adminUsername": "cligenerics", "linuxConfiguration": {"disablePasswordAuthentication":
      true, "ssh": {"publicKeys": [{"path": "/home/cligenerics/.ssh/authorized_keys",
      "keyData": "ssh-rsa AAAAB3NzaC1yc2EAAAADAQABAAABgQCyHIxtehmSa4iZExLrQ4pc7bklBKwAR865F9LEWNd8SIgFCYy2s+vA5Sofj2cMD06HqCAPeM+VJvjwImCmGhO3GQU816Zo7AOX21dKGUZLbGQ35lxXPMsd0aCx8J8Ncq1sReBPlZs9BT2X0pR2jkalCJQKFWXXkwXyj8l05PunQm2lnggijrnLAMjdI7+6S6rNUs4oA54egfrKIXSQiqjfSNMySytJzJkGYdbQzUrGrL47qNEy0keAPi1VGlijs/m3khFQAd2Bdb1Nhp1k8QC0OQ5BccKPVfFRyz/EoRMFvjzfNQrR75D6f2q+XZIrlee1Z7MX/KpYx1IOI2ATlfRqUoIlM7O1hWsQr9rGek+D10BtBJ4uZsrUOHs+llQo5fQXzVunZEzaYUBulRwPO1kBHjSkD0NNCO5490EnaCIFot41Wh/bDTWFNDZkZHxXhbrXRaA/d0vzrlAiLDUkUEtOKP0jc9o9vz/vSbEth6u8df06cq9yYVbn+1j93lX5vJ0=
      cxznmhdcxz\n"}]}}, "secrets": []}, "networkProfile": {"networkInterfaces": [{"id":
      "/subscriptions/00000000-0000-0000-0000-000000000000/resourceGroups/clitest.rg000001/providers/Microsoft.Network/networkInterfaces/vm1VMNic"}]}}}'
    headers:
      Accept:
      - application/json
      Accept-Encoding:
      - gzip, deflate
      CommandName:
      - vm update
      Connection:
      - keep-alive
      Content-Length:
      - '2260'
      Content-Type:
      - application/json
      ParameterSetName:
      - -g -n --set
      User-Agent:
      - AZURECLI/2.34.1 azsdk-python-azure-mgmt-compute/25.0.0 Python/3.10.0 (Windows-10-10.0.19043-SP0)
    method: PUT
    uri: https://management.azure.com/subscriptions/00000000-0000-0000-0000-000000000000/resourceGroups/clitest.rg000001/providers/Microsoft.Compute/virtualMachines/vm1?api-version=2017-12-01
  response:
    body:
      string: "{\r\n  \"name\": \"vm1\",\r\n  \"id\": \"/subscriptions/00000000-0000-0000-0000-000000000000/resourceGroups/clitest.rg000001/providers/Microsoft.Compute/virtualMachines/vm1\",\r\n
        \ \"type\": \"Microsoft.Compute/virtualMachines\",\r\n  \"location\": \"westus\",\r\n
        \ \"tags\": {},\r\n  \"identity\": {\r\n    \"type\": \"SystemAssigned\",\r\n
        \   \"principalId\": \"770bc5c2-1ed2-458c-8a9b-25a39efd9f29\",\r\n    \"tenantId\":
        \"54826b22-38d6-4fb2-bad9-b7b93a3e9c5a\"\r\n  },\r\n  \"properties\": {\r\n
        \   \"vmId\": \"806b1ebb-f87d-4e5e-a543-6106a04cfd97\",\r\n    \"hardwareProfile\":
        {\r\n      \"vmSize\": \"Standard_DS1_v2\"\r\n    },\r\n    \"storageProfile\":
        {\r\n      \"imageReference\": {\r\n        \"publisher\": \"Debian\",\r\n
        \       \"offer\": \"debian-10\",\r\n        \"sku\": \"10\",\r\n        \"version\":
        \"latest\"\r\n      },\r\n      \"osDisk\": {\r\n        \"osType\": \"Linux\",\r\n
        \       \"name\": \"vm1_disk1_4898240bfec74a8c98b21f20610a98e6\",\r\n        \"createOption\":
        \"FromImage\",\r\n        \"caching\": \"ReadWrite\",\r\n        \"managedDisk\":
        {\r\n          \"storageAccountType\": \"Premium_LRS\",\r\n          \"id\":
        \"/subscriptions/00000000-0000-0000-0000-000000000000/resourceGroups/clitest.rg000001/providers/Microsoft.Compute/disks/vm1_disk1_4898240bfec74a8c98b21f20610a98e6\"\r\n
        \       },\r\n        \"diskSizeGB\": 30\r\n      },\r\n      \"dataDisks\":
        [\r\n        {\r\n          \"lun\": 0,\r\n          \"name\": \"vm1_disk2_5e8f1af9a27e4e67afbb457ae5bbdcd7\",\r\n
        \         \"createOption\": \"Empty\",\r\n          \"caching\": \"ReadWrite\",\r\n
        \         \"managedDisk\": {\r\n            \"storageAccountType\": \"Premium_LRS\",\r\n
        \           \"id\": \"/subscriptions/00000000-0000-0000-0000-000000000000/resourceGroups/clitest.rg000001/providers/Microsoft.Compute/disks/vm1_disk2_5e8f1af9a27e4e67afbb457ae5bbdcd7\"\r\n
        \         },\r\n          \"diskSizeGB\": 1\r\n        },\r\n        {\r\n
        \         \"lun\": 1,\r\n          \"name\": \"vm1_disk3_ee07a4585d6a470cad408eea30e3f688\",\r\n
        \         \"createOption\": \"Empty\",\r\n          \"caching\": \"None\",\r\n
        \         \"managedDisk\": {\r\n            \"storageAccountType\": \"Premium_LRS\",\r\n
        \           \"id\": \"/subscriptions/00000000-0000-0000-0000-000000000000/resourceGroups/clitest.rg000001/providers/Microsoft.Compute/disks/vm1_disk3_ee07a4585d6a470cad408eea30e3f688\"\r\n
        \         },\r\n          \"diskSizeGB\": 2\r\n        }\r\n      ]\r\n    },\r\n
        \   \"osProfile\": {\r\n      \"computerName\": \"vm1\",\r\n      \"adminUsername\":
        \"cligenerics\",\r\n      \"linuxConfiguration\": {\r\n        \"disablePasswordAuthentication\":
        true,\r\n        \"ssh\": {\r\n          \"publicKeys\": [\r\n            {\r\n
        \             \"path\": \"/home/cligenerics/.ssh/authorized_keys\",\r\n              \"keyData\":
        \"ssh-rsa AAAAB3NzaC1yc2EAAAADAQABAAABgQCyHIxtehmSa4iZExLrQ4pc7bklBKwAR865F9LEWNd8SIgFCYy2s+vA5Sofj2cMD06HqCAPeM+VJvjwImCmGhO3GQU816Zo7AOX21dKGUZLbGQ35lxXPMsd0aCx8J8Ncq1sReBPlZs9BT2X0pR2jkalCJQKFWXXkwXyj8l05PunQm2lnggijrnLAMjdI7+6S6rNUs4oA54egfrKIXSQiqjfSNMySytJzJkGYdbQzUrGrL47qNEy0keAPi1VGlijs/m3khFQAd2Bdb1Nhp1k8QC0OQ5BccKPVfFRyz/EoRMFvjzfNQrR75D6f2q+XZIrlee1Z7MX/KpYx1IOI2ATlfRqUoIlM7O1hWsQr9rGek+D10BtBJ4uZsrUOHs+llQo5fQXzVunZEzaYUBulRwPO1kBHjSkD0NNCO5490EnaCIFot41Wh/bDTWFNDZkZHxXhbrXRaA/d0vzrlAiLDUkUEtOKP0jc9o9vz/vSbEth6u8df06cq9yYVbn+1j93lX5vJ0=
        cxznmhdcxz\\n\"\r\n            }\r\n          ]\r\n        }\r\n      },\r\n
        \     \"secrets\": []\r\n    },\r\n    \"networkProfile\": {\"networkInterfaces\":[{\"id\":\"/subscriptions/00000000-0000-0000-0000-000000000000/resourceGroups/clitest.rg000001/providers/Microsoft.Network/networkInterfaces/vm1VMNic\"}]},\r\n
        \   \"provisioningState\": \"Updating\"\r\n  }\r\n}"
    headers:
      azure-asyncnotification:
      - Enabled
      azure-asyncoperation:
      - https://management.azure.com/subscriptions/00000000-0000-0000-0000-000000000000/providers/Microsoft.Compute/locations/westus/operations/87128a57-24c1-4033-9a0b-9f1514ddc2d4?p=571046f6-b640-41c1-86f7-f9f044b5adf9&api-version=2017-12-01
      cache-control:
      - no-cache
      content-length:
      - '3422'
      content-type:
      - application/json; charset=utf-8
      date:
      - Mon, 14 Mar 2022 14:15:06 GMT
      expires:
      - '-1'
      pragma:
      - no-cache
      server:
      - Microsoft-HTTPAPI/2.0
      - Microsoft-HTTPAPI/2.0
      strict-transport-security:
      - max-age=31536000; includeSubDomains
      transfer-encoding:
      - chunked
      vary:
      - Accept-Encoding
      x-content-type-options:
      - nosniff
      x-ms-ratelimit-remaining-resource:
      - Microsoft.Compute/PutVM3Min;233,Microsoft.Compute/PutVM30Min;1193
      x-ms-ratelimit-remaining-subscription-writes:
      - '1199'
    status:
      code: 200
      message: OK
- request:
    body: null
    headers:
      Accept:
      - '*/*'
      Accept-Encoding:
      - gzip, deflate
      CommandName:
      - vm update
      Connection:
      - keep-alive
      ParameterSetName:
      - -g -n --set
      User-Agent:
      - AZURECLI/2.34.1 azsdk-python-azure-mgmt-compute/25.0.0 Python/3.10.0 (Windows-10-10.0.19043-SP0)
    method: GET
    uri: https://management.azure.com/subscriptions/00000000-0000-0000-0000-000000000000/providers/Microsoft.Compute/locations/westus/operations/87128a57-24c1-4033-9a0b-9f1514ddc2d4?p=571046f6-b640-41c1-86f7-f9f044b5adf9&api-version=2017-12-01
  response:
    body:
      string: "{\r\n  \"startTime\": \"2022-03-14T14:15:04.0050048+00:00\",\r\n  \"endTime\":
        \"2022-03-14T14:15:11.0831245+00:00\",\r\n  \"status\": \"Succeeded\",\r\n
        \ \"name\": \"87128a57-24c1-4033-9a0b-9f1514ddc2d4\"\r\n}"
    headers:
      cache-control:
      - no-cache
      content-length:
      - '184'
      content-type:
      - application/json; charset=utf-8
      date:
      - Mon, 14 Mar 2022 14:15:36 GMT
      expires:
      - '-1'
      pragma:
      - no-cache
      server:
      - Microsoft-HTTPAPI/2.0
      - Microsoft-HTTPAPI/2.0
      strict-transport-security:
      - max-age=31536000; includeSubDomains
      transfer-encoding:
      - chunked
      vary:
      - Accept-Encoding
      x-content-type-options:
      - nosniff
      x-ms-ratelimit-remaining-resource:
      - Microsoft.Compute/GetOperation3Min;14984,Microsoft.Compute/GetOperation30Min;29978
    status:
      code: 200
      message: OK
- request:
    body: null
    headers:
      Accept:
      - '*/*'
      Accept-Encoding:
      - gzip, deflate
      CommandName:
      - vm update
      Connection:
      - keep-alive
      ParameterSetName:
      - -g -n --set
      User-Agent:
      - AZURECLI/2.34.1 azsdk-python-azure-mgmt-compute/25.0.0 Python/3.10.0 (Windows-10-10.0.19043-SP0)
    method: GET
    uri: https://management.azure.com/subscriptions/00000000-0000-0000-0000-000000000000/resourceGroups/clitest.rg000001/providers/Microsoft.Compute/virtualMachines/vm1?api-version=2017-12-01
  response:
    body:
      string: "{\r\n  \"name\": \"vm1\",\r\n  \"id\": \"/subscriptions/00000000-0000-0000-0000-000000000000/resourceGroups/clitest.rg000001/providers/Microsoft.Compute/virtualMachines/vm1\",\r\n
        \ \"type\": \"Microsoft.Compute/virtualMachines\",\r\n  \"location\": \"westus\",\r\n
        \ \"tags\": {},\r\n  \"identity\": {\r\n    \"type\": \"SystemAssigned\",\r\n
        \   \"principalId\": \"770bc5c2-1ed2-458c-8a9b-25a39efd9f29\",\r\n    \"tenantId\":
        \"54826b22-38d6-4fb2-bad9-b7b93a3e9c5a\"\r\n  },\r\n  \"properties\": {\r\n
        \   \"vmId\": \"806b1ebb-f87d-4e5e-a543-6106a04cfd97\",\r\n    \"hardwareProfile\":
        {\r\n      \"vmSize\": \"Standard_DS1_v2\"\r\n    },\r\n    \"storageProfile\":
        {\r\n      \"imageReference\": {\r\n        \"publisher\": \"Debian\",\r\n
        \       \"offer\": \"debian-10\",\r\n        \"sku\": \"10\",\r\n        \"version\":
        \"latest\"\r\n      },\r\n      \"osDisk\": {\r\n        \"osType\": \"Linux\",\r\n
        \       \"name\": \"vm1_disk1_4898240bfec74a8c98b21f20610a98e6\",\r\n        \"createOption\":
        \"FromImage\",\r\n        \"caching\": \"ReadWrite\",\r\n        \"managedDisk\":
        {\r\n          \"storageAccountType\": \"Premium_LRS\",\r\n          \"id\":
        \"/subscriptions/00000000-0000-0000-0000-000000000000/resourceGroups/clitest.rg000001/providers/Microsoft.Compute/disks/vm1_disk1_4898240bfec74a8c98b21f20610a98e6\"\r\n
        \       },\r\n        \"diskSizeGB\": 30\r\n      },\r\n      \"dataDisks\":
        [\r\n        {\r\n          \"lun\": 0,\r\n          \"name\": \"vm1_disk2_5e8f1af9a27e4e67afbb457ae5bbdcd7\",\r\n
        \         \"createOption\": \"Empty\",\r\n          \"caching\": \"ReadWrite\",\r\n
        \         \"managedDisk\": {\r\n            \"storageAccountType\": \"Premium_LRS\",\r\n
        \           \"id\": \"/subscriptions/00000000-0000-0000-0000-000000000000/resourceGroups/clitest.rg000001/providers/Microsoft.Compute/disks/vm1_disk2_5e8f1af9a27e4e67afbb457ae5bbdcd7\"\r\n
        \         },\r\n          \"diskSizeGB\": 1\r\n        },\r\n        {\r\n
        \         \"lun\": 1,\r\n          \"name\": \"vm1_disk3_ee07a4585d6a470cad408eea30e3f688\",\r\n
        \         \"createOption\": \"Empty\",\r\n          \"caching\": \"None\",\r\n
        \         \"managedDisk\": {\r\n            \"storageAccountType\": \"Premium_LRS\",\r\n
        \           \"id\": \"/subscriptions/00000000-0000-0000-0000-000000000000/resourceGroups/clitest.rg000001/providers/Microsoft.Compute/disks/vm1_disk3_ee07a4585d6a470cad408eea30e3f688\"\r\n
        \         },\r\n          \"diskSizeGB\": 2\r\n        }\r\n      ]\r\n    },\r\n
        \   \"osProfile\": {\r\n      \"computerName\": \"vm1\",\r\n      \"adminUsername\":
        \"cligenerics\",\r\n      \"linuxConfiguration\": {\r\n        \"disablePasswordAuthentication\":
        true,\r\n        \"ssh\": {\r\n          \"publicKeys\": [\r\n            {\r\n
        \             \"path\": \"/home/cligenerics/.ssh/authorized_keys\",\r\n              \"keyData\":
        \"ssh-rsa AAAAB3NzaC1yc2EAAAADAQABAAABgQCyHIxtehmSa4iZExLrQ4pc7bklBKwAR865F9LEWNd8SIgFCYy2s+vA5Sofj2cMD06HqCAPeM+VJvjwImCmGhO3GQU816Zo7AOX21dKGUZLbGQ35lxXPMsd0aCx8J8Ncq1sReBPlZs9BT2X0pR2jkalCJQKFWXXkwXyj8l05PunQm2lnggijrnLAMjdI7+6S6rNUs4oA54egfrKIXSQiqjfSNMySytJzJkGYdbQzUrGrL47qNEy0keAPi1VGlijs/m3khFQAd2Bdb1Nhp1k8QC0OQ5BccKPVfFRyz/EoRMFvjzfNQrR75D6f2q+XZIrlee1Z7MX/KpYx1IOI2ATlfRqUoIlM7O1hWsQr9rGek+D10BtBJ4uZsrUOHs+llQo5fQXzVunZEzaYUBulRwPO1kBHjSkD0NNCO5490EnaCIFot41Wh/bDTWFNDZkZHxXhbrXRaA/d0vzrlAiLDUkUEtOKP0jc9o9vz/vSbEth6u8df06cq9yYVbn+1j93lX5vJ0=
        cxznmhdcxz\\n\"\r\n            }\r\n          ]\r\n        }\r\n      },\r\n
        \     \"secrets\": []\r\n    },\r\n    \"networkProfile\": {\"networkInterfaces\":[{\"id\":\"/subscriptions/00000000-0000-0000-0000-000000000000/resourceGroups/clitest.rg000001/providers/Microsoft.Network/networkInterfaces/vm1VMNic\"}]},\r\n
        \   \"provisioningState\": \"Succeeded\"\r\n  }\r\n}"
    headers:
      cache-control:
      - no-cache
      content-length:
      - '3423'
      content-type:
      - application/json; charset=utf-8
      date:
      - Mon, 14 Mar 2022 14:15:37 GMT
      expires:
      - '-1'
      pragma:
      - no-cache
      server:
      - Microsoft-HTTPAPI/2.0
      - Microsoft-HTTPAPI/2.0
      strict-transport-security:
      - max-age=31536000; includeSubDomains
      transfer-encoding:
      - chunked
      vary:
      - Accept-Encoding
      x-content-type-options:
      - nosniff
      x-ms-ratelimit-remaining-resource:
      - Microsoft.Compute/LowCostGet3Min;3967,Microsoft.Compute/LowCostGet30Min;31867
    status:
      code: 200
      message: OK
- request:
    body: null
    headers:
      Accept:
      - application/json
      Accept-Encoding:
      - gzip, deflate
      CommandName:
      - vm update
      Connection:
      - keep-alive
      ParameterSetName:
      - -g -n --remove
      User-Agent:
      - AZURECLI/2.34.1 azsdk-python-azure-mgmt-compute/25.0.0 Python/3.10.0 (Windows-10-10.0.19043-SP0)
    method: GET
    uri: https://management.azure.com/subscriptions/00000000-0000-0000-0000-000000000000/resourceGroups/clitest.rg000001/providers/Microsoft.Compute/virtualMachines/vm1?$expand=instanceView&api-version=2017-12-01
  response:
    body:
      string: "{\r\n  \"name\": \"vm1\",\r\n  \"id\": \"/subscriptions/00000000-0000-0000-0000-000000000000/resourceGroups/clitest.rg000001/providers/Microsoft.Compute/virtualMachines/vm1\",\r\n
        \ \"type\": \"Microsoft.Compute/virtualMachines\",\r\n  \"location\": \"westus\",\r\n
        \ \"tags\": {},\r\n  \"identity\": {\r\n    \"type\": \"SystemAssigned\",\r\n
        \   \"principalId\": \"770bc5c2-1ed2-458c-8a9b-25a39efd9f29\",\r\n    \"tenantId\":
        \"54826b22-38d6-4fb2-bad9-b7b93a3e9c5a\"\r\n  },\r\n  \"properties\": {\r\n
        \   \"vmId\": \"806b1ebb-f87d-4e5e-a543-6106a04cfd97\",\r\n    \"hardwareProfile\":
        {\r\n      \"vmSize\": \"Standard_DS1_v2\"\r\n    },\r\n    \"storageProfile\":
        {\r\n      \"imageReference\": {\r\n        \"publisher\": \"Debian\",\r\n
        \       \"offer\": \"debian-10\",\r\n        \"sku\": \"10\",\r\n        \"version\":
        \"latest\"\r\n      },\r\n      \"osDisk\": {\r\n        \"osType\": \"Linux\",\r\n
        \       \"name\": \"vm1_disk1_4898240bfec74a8c98b21f20610a98e6\",\r\n        \"createOption\":
        \"FromImage\",\r\n        \"caching\": \"ReadWrite\",\r\n        \"managedDisk\":
        {\r\n          \"storageAccountType\": \"Premium_LRS\",\r\n          \"id\":
        \"/subscriptions/00000000-0000-0000-0000-000000000000/resourceGroups/clitest.rg000001/providers/Microsoft.Compute/disks/vm1_disk1_4898240bfec74a8c98b21f20610a98e6\"\r\n
        \       },\r\n        \"diskSizeGB\": 30\r\n      },\r\n      \"dataDisks\":
        [\r\n        {\r\n          \"lun\": 0,\r\n          \"name\": \"vm1_disk2_5e8f1af9a27e4e67afbb457ae5bbdcd7\",\r\n
        \         \"createOption\": \"Empty\",\r\n          \"caching\": \"ReadWrite\",\r\n
        \         \"managedDisk\": {\r\n            \"storageAccountType\": \"Premium_LRS\",\r\n
        \           \"id\": \"/subscriptions/00000000-0000-0000-0000-000000000000/resourceGroups/clitest.rg000001/providers/Microsoft.Compute/disks/vm1_disk2_5e8f1af9a27e4e67afbb457ae5bbdcd7\"\r\n
        \         },\r\n          \"diskSizeGB\": 1\r\n        },\r\n        {\r\n
        \         \"lun\": 1,\r\n          \"name\": \"vm1_disk3_ee07a4585d6a470cad408eea30e3f688\",\r\n
        \         \"createOption\": \"Empty\",\r\n          \"caching\": \"None\",\r\n
        \         \"managedDisk\": {\r\n            \"storageAccountType\": \"Premium_LRS\",\r\n
        \           \"id\": \"/subscriptions/00000000-0000-0000-0000-000000000000/resourceGroups/clitest.rg000001/providers/Microsoft.Compute/disks/vm1_disk3_ee07a4585d6a470cad408eea30e3f688\"\r\n
        \         },\r\n          \"diskSizeGB\": 2\r\n        }\r\n      ]\r\n    },\r\n
        \   \"osProfile\": {\r\n      \"computerName\": \"vm1\",\r\n      \"adminUsername\":
        \"cligenerics\",\r\n      \"linuxConfiguration\": {\r\n        \"disablePasswordAuthentication\":
        true,\r\n        \"ssh\": {\r\n          \"publicKeys\": [\r\n            {\r\n
        \             \"path\": \"/home/cligenerics/.ssh/authorized_keys\",\r\n              \"keyData\":
        \"ssh-rsa AAAAB3NzaC1yc2EAAAADAQABAAABgQCyHIxtehmSa4iZExLrQ4pc7bklBKwAR865F9LEWNd8SIgFCYy2s+vA5Sofj2cMD06HqCAPeM+VJvjwImCmGhO3GQU816Zo7AOX21dKGUZLbGQ35lxXPMsd0aCx8J8Ncq1sReBPlZs9BT2X0pR2jkalCJQKFWXXkwXyj8l05PunQm2lnggijrnLAMjdI7+6S6rNUs4oA54egfrKIXSQiqjfSNMySytJzJkGYdbQzUrGrL47qNEy0keAPi1VGlijs/m3khFQAd2Bdb1Nhp1k8QC0OQ5BccKPVfFRyz/EoRMFvjzfNQrR75D6f2q+XZIrlee1Z7MX/KpYx1IOI2ATlfRqUoIlM7O1hWsQr9rGek+D10BtBJ4uZsrUOHs+llQo5fQXzVunZEzaYUBulRwPO1kBHjSkD0NNCO5490EnaCIFot41Wh/bDTWFNDZkZHxXhbrXRaA/d0vzrlAiLDUkUEtOKP0jc9o9vz/vSbEth6u8df06cq9yYVbn+1j93lX5vJ0=
        cxznmhdcxz\\n\"\r\n            }\r\n          ]\r\n        }\r\n      },\r\n
        \     \"secrets\": []\r\n    },\r\n    \"networkProfile\": {\"networkInterfaces\":[{\"id\":\"/subscriptions/00000000-0000-0000-0000-000000000000/resourceGroups/clitest.rg000001/providers/Microsoft.Network/networkInterfaces/vm1VMNic\"}]},\r\n
        \   \"provisioningState\": \"Succeeded\",\r\n    \"instanceView\": {\r\n      \"computerName\":
        \"vm1\",\r\n      \"osName\": \"debian\",\r\n      \"osVersion\": \"10.11\",\r\n
        \     \"vmAgent\": {\r\n        \"vmAgentVersion\": \"2.2.45\",\r\n        \"statuses\":
        [\r\n          {\r\n            \"code\": \"ProvisioningState/succeeded\",\r\n
        \           \"level\": \"Info\",\r\n            \"displayStatus\": \"Ready\",\r\n
        \           \"message\": \"Guest Agent is running\",\r\n            \"time\":
        \"2022-03-14T14:14:58+00:00\"\r\n          }\r\n        ],\r\n        \"extensionHandlers\":
        []\r\n      },\r\n      \"disks\": [\r\n        {\r\n          \"name\": \"vm1_disk1_4898240bfec74a8c98b21f20610a98e6\",\r\n
        \         \"statuses\": [\r\n            {\r\n              \"code\": \"ProvisioningState/succeeded\",\r\n
        \             \"level\": \"Info\",\r\n              \"displayStatus\": \"Provisioning
        succeeded\",\r\n              \"time\": \"2022-03-14T14:13:41.5048715+00:00\"\r\n
        \           }\r\n          ]\r\n        },\r\n        {\r\n          \"name\":
        \"vm1_disk2_5e8f1af9a27e4e67afbb457ae5bbdcd7\",\r\n          \"statuses\":
        [\r\n            {\r\n              \"code\": \"ProvisioningState/succeeded\",\r\n
        \             \"level\": \"Info\",\r\n              \"displayStatus\": \"Provisioning
        succeeded\",\r\n              \"time\": \"2022-03-14T14:15:04.5206241+00:00\"\r\n
        \           }\r\n          ]\r\n        },\r\n        {\r\n          \"name\":
        \"vm1_disk3_ee07a4585d6a470cad408eea30e3f688\",\r\n          \"statuses\":
        [\r\n            {\r\n              \"code\": \"ProvisioningState/succeeded\",\r\n
        \             \"level\": \"Info\",\r\n              \"displayStatus\": \"Provisioning
        succeeded\",\r\n              \"time\": \"2022-03-14T14:13:41.5048715+00:00\"\r\n
        \           }\r\n          ]\r\n        }\r\n      ],\r\n      \"statuses\":
        [\r\n        {\r\n          \"code\": \"ProvisioningState/succeeded\",\r\n
        \         \"level\": \"Info\",\r\n          \"displayStatus\": \"Provisioning
        succeeded\",\r\n          \"time\": \"2022-03-14T14:15:11.0831245+00:00\"\r\n
        \       },\r\n        {\r\n          \"code\": \"PowerState/running\",\r\n
        \         \"level\": \"Info\",\r\n          \"displayStatus\": \"VM running\"\r\n
        \       }\r\n      ]\r\n    }\r\n  }\r\n}"
    headers:
      cache-control:
      - no-cache
      content-length:
      - '5397'
      content-type:
      - application/json; charset=utf-8
      date:
      - Mon, 14 Mar 2022 14:15:37 GMT
      expires:
      - '-1'
      pragma:
      - no-cache
      server:
      - Microsoft-HTTPAPI/2.0
      - Microsoft-HTTPAPI/2.0
      strict-transport-security:
      - max-age=31536000; includeSubDomains
      transfer-encoding:
      - chunked
      vary:
      - Accept-Encoding
      x-content-type-options:
      - nosniff
      x-ms-ratelimit-remaining-resource:
      - Microsoft.Compute/LowCostGet3Min;3966,Microsoft.Compute/LowCostGet30Min;31866
    status:
      code: 200
      message: OK
- request:
    body: '{"location": "westus", "tags": {}, "identity": {"type": "SystemAssigned"},
      "properties": {"hardwareProfile": {"vmSize": "Standard_DS1_v2"}, "storageProfile":
      {"osDisk": {"osType": "Linux", "name": "vm1_disk1_4898240bfec74a8c98b21f20610a98e6",
      "caching": "ReadWrite", "createOption": "FromImage", "diskSizeGB": 30, "managedDisk":
      {"id": "/subscriptions/00000000-0000-0000-0000-000000000000/resourceGroups/clitest.rg000001/providers/Microsoft.Compute/disks/vm1_disk1_4898240bfec74a8c98b21f20610a98e6",
      "storageAccountType": "Premium_LRS"}}, "dataDisks": []}, "osProfile": {"computerName":
      "vm1", "adminUsername": "cligenerics", "linuxConfiguration": {"disablePasswordAuthentication":
      true, "ssh": {"publicKeys": [{"path": "/home/cligenerics/.ssh/authorized_keys",
      "keyData": "ssh-rsa AAAAB3NzaC1yc2EAAAADAQABAAABgQCyHIxtehmSa4iZExLrQ4pc7bklBKwAR865F9LEWNd8SIgFCYy2s+vA5Sofj2cMD06HqCAPeM+VJvjwImCmGhO3GQU816Zo7AOX21dKGUZLbGQ35lxXPMsd0aCx8J8Ncq1sReBPlZs9BT2X0pR2jkalCJQKFWXXkwXyj8l05PunQm2lnggijrnLAMjdI7+6S6rNUs4oA54egfrKIXSQiqjfSNMySytJzJkGYdbQzUrGrL47qNEy0keAPi1VGlijs/m3khFQAd2Bdb1Nhp1k8QC0OQ5BccKPVfFRyz/EoRMFvjzfNQrR75D6f2q+XZIrlee1Z7MX/KpYx1IOI2ATlfRqUoIlM7O1hWsQr9rGek+D10BtBJ4uZsrUOHs+llQo5fQXzVunZEzaYUBulRwPO1kBHjSkD0NNCO5490EnaCIFot41Wh/bDTWFNDZkZHxXhbrXRaA/d0vzrlAiLDUkUEtOKP0jc9o9vz/vSbEth6u8df06cq9yYVbn+1j93lX5vJ0=
      cxznmhdcxz\n"}]}}, "secrets": []}, "networkProfile": {"networkInterfaces": [{"id":
      "/subscriptions/00000000-0000-0000-0000-000000000000/resourceGroups/clitest.rg000001/providers/Microsoft.Network/networkInterfaces/vm1VMNic"}]}}}'
    headers:
      Accept:
      - application/json
      Accept-Encoding:
      - gzip, deflate
      CommandName:
      - vm update
      Connection:
      - keep-alive
      Content-Length:
      - '1555'
      Content-Type:
      - application/json
      ParameterSetName:
      - -g -n --remove
      User-Agent:
      - AZURECLI/2.34.1 azsdk-python-azure-mgmt-compute/25.0.0 Python/3.10.0 (Windows-10-10.0.19043-SP0)
    method: PUT
    uri: https://management.azure.com/subscriptions/00000000-0000-0000-0000-000000000000/resourceGroups/clitest.rg000001/providers/Microsoft.Compute/virtualMachines/vm1?api-version=2017-12-01
  response:
    body:
      string: "{\r\n  \"name\": \"vm1\",\r\n  \"id\": \"/subscriptions/00000000-0000-0000-0000-000000000000/resourceGroups/clitest.rg000001/providers/Microsoft.Compute/virtualMachines/vm1\",\r\n
        \ \"type\": \"Microsoft.Compute/virtualMachines\",\r\n  \"location\": \"westus\",\r\n
        \ \"tags\": {},\r\n  \"identity\": {\r\n    \"type\": \"SystemAssigned\",\r\n
        \   \"principalId\": \"770bc5c2-1ed2-458c-8a9b-25a39efd9f29\",\r\n    \"tenantId\":
        \"54826b22-38d6-4fb2-bad9-b7b93a3e9c5a\"\r\n  },\r\n  \"properties\": {\r\n
        \   \"vmId\": \"806b1ebb-f87d-4e5e-a543-6106a04cfd97\",\r\n    \"hardwareProfile\":
        {\r\n      \"vmSize\": \"Standard_DS1_v2\"\r\n    },\r\n    \"storageProfile\":
        {\r\n      \"imageReference\": {\r\n        \"publisher\": \"Debian\",\r\n
        \       \"offer\": \"debian-10\",\r\n        \"sku\": \"10\",\r\n        \"version\":
        \"latest\"\r\n      },\r\n      \"osDisk\": {\r\n        \"osType\": \"Linux\",\r\n
        \       \"name\": \"vm1_disk1_4898240bfec74a8c98b21f20610a98e6\",\r\n        \"createOption\":
        \"FromImage\",\r\n        \"caching\": \"ReadWrite\",\r\n        \"managedDisk\":
        {\r\n          \"storageAccountType\": \"Premium_LRS\",\r\n          \"id\":
        \"/subscriptions/00000000-0000-0000-0000-000000000000/resourceGroups/clitest.rg000001/providers/Microsoft.Compute/disks/vm1_disk1_4898240bfec74a8c98b21f20610a98e6\"\r\n
        \       },\r\n        \"diskSizeGB\": 30\r\n      },\r\n      \"dataDisks\":
        []\r\n    },\r\n    \"osProfile\": {\r\n      \"computerName\": \"vm1\",\r\n
        \     \"adminUsername\": \"cligenerics\",\r\n      \"linuxConfiguration\":
        {\r\n        \"disablePasswordAuthentication\": true,\r\n        \"ssh\":
        {\r\n          \"publicKeys\": [\r\n            {\r\n              \"path\":
        \"/home/cligenerics/.ssh/authorized_keys\",\r\n              \"keyData\":
        \"ssh-rsa AAAAB3NzaC1yc2EAAAADAQABAAABgQCyHIxtehmSa4iZExLrQ4pc7bklBKwAR865F9LEWNd8SIgFCYy2s+vA5Sofj2cMD06HqCAPeM+VJvjwImCmGhO3GQU816Zo7AOX21dKGUZLbGQ35lxXPMsd0aCx8J8Ncq1sReBPlZs9BT2X0pR2jkalCJQKFWXXkwXyj8l05PunQm2lnggijrnLAMjdI7+6S6rNUs4oA54egfrKIXSQiqjfSNMySytJzJkGYdbQzUrGrL47qNEy0keAPi1VGlijs/m3khFQAd2Bdb1Nhp1k8QC0OQ5BccKPVfFRyz/EoRMFvjzfNQrR75D6f2q+XZIrlee1Z7MX/KpYx1IOI2ATlfRqUoIlM7O1hWsQr9rGek+D10BtBJ4uZsrUOHs+llQo5fQXzVunZEzaYUBulRwPO1kBHjSkD0NNCO5490EnaCIFot41Wh/bDTWFNDZkZHxXhbrXRaA/d0vzrlAiLDUkUEtOKP0jc9o9vz/vSbEth6u8df06cq9yYVbn+1j93lX5vJ0=
        cxznmhdcxz\\n\"\r\n            }\r\n          ]\r\n        }\r\n      },\r\n
        \     \"secrets\": []\r\n    },\r\n    \"networkProfile\": {\"networkInterfaces\":[{\"id\":\"/subscriptions/00000000-0000-0000-0000-000000000000/resourceGroups/clitest.rg000001/providers/Microsoft.Network/networkInterfaces/vm1VMNic\"}]},\r\n
        \   \"provisioningState\": \"Updating\"\r\n  }\r\n}"
    headers:
      azure-asyncnotification:
      - Enabled
      azure-asyncoperation:
      - https://management.azure.com/subscriptions/00000000-0000-0000-0000-000000000000/providers/Microsoft.Compute/locations/westus/operations/29555fb2-968f-4b1b-8cd7-92f8daa954c3?p=571046f6-b640-41c1-86f7-f9f044b5adf9&api-version=2017-12-01
      cache-control:
      - no-cache
      content-length:
      - '2458'
      content-type:
      - application/json; charset=utf-8
      date:
      - Mon, 14 Mar 2022 14:15:42 GMT
      expires:
      - '-1'
      pragma:
      - no-cache
      server:
      - Microsoft-HTTPAPI/2.0
      - Microsoft-HTTPAPI/2.0
      strict-transport-security:
      - max-age=31536000; includeSubDomains
      transfer-encoding:
      - chunked
      vary:
      - Accept-Encoding
      x-content-type-options:
      - nosniff
      x-ms-ratelimit-remaining-resource:
      - Microsoft.Compute/PutVM3Min;232,Microsoft.Compute/PutVM30Min;1192
      x-ms-ratelimit-remaining-subscription-writes:
      - '1198'
    status:
      code: 200
      message: OK
- request:
    body: null
    headers:
      Accept:
      - '*/*'
      Accept-Encoding:
      - gzip, deflate
      CommandName:
      - vm update
      Connection:
      - keep-alive
      ParameterSetName:
      - -g -n --remove
      User-Agent:
      - AZURECLI/2.34.1 azsdk-python-azure-mgmt-compute/25.0.0 Python/3.10.0 (Windows-10-10.0.19043-SP0)
    method: GET
    uri: https://management.azure.com/subscriptions/00000000-0000-0000-0000-000000000000/providers/Microsoft.Compute/locations/westus/operations/29555fb2-968f-4b1b-8cd7-92f8daa954c3?p=571046f6-b640-41c1-86f7-f9f044b5adf9&api-version=2017-12-01
  response:
    body:
      string: "{\r\n  \"startTime\": \"2022-03-14T14:15:40.9737441+00:00\",\r\n  \"endTime\":
        \"2022-03-14T14:15:52.9424851+00:00\",\r\n  \"status\": \"Succeeded\",\r\n
        \ \"name\": \"29555fb2-968f-4b1b-8cd7-92f8daa954c3\"\r\n}"
    headers:
      cache-control:
      - no-cache
      content-length:
      - '184'
      content-type:
      - application/json; charset=utf-8
      date:
      - Mon, 14 Mar 2022 14:16:12 GMT
      expires:
      - '-1'
      pragma:
      - no-cache
      server:
      - Microsoft-HTTPAPI/2.0
      - Microsoft-HTTPAPI/2.0
      strict-transport-security:
      - max-age=31536000; includeSubDomains
      transfer-encoding:
      - chunked
      vary:
      - Accept-Encoding
      x-content-type-options:
      - nosniff
      x-ms-ratelimit-remaining-resource:
      - Microsoft.Compute/GetOperation3Min;14981,Microsoft.Compute/GetOperation30Min;29973
    status:
      code: 200
      message: OK
- request:
    body: null
    headers:
      Accept:
      - '*/*'
      Accept-Encoding:
      - gzip, deflate
      CommandName:
      - vm update
      Connection:
      - keep-alive
      ParameterSetName:
      - -g -n --remove
      User-Agent:
      - AZURECLI/2.34.1 azsdk-python-azure-mgmt-compute/25.0.0 Python/3.10.0 (Windows-10-10.0.19043-SP0)
    method: GET
    uri: https://management.azure.com/subscriptions/00000000-0000-0000-0000-000000000000/resourceGroups/clitest.rg000001/providers/Microsoft.Compute/virtualMachines/vm1?api-version=2017-12-01
  response:
    body:
      string: "{\r\n  \"name\": \"vm1\",\r\n  \"id\": \"/subscriptions/00000000-0000-0000-0000-000000000000/resourceGroups/clitest.rg000001/providers/Microsoft.Compute/virtualMachines/vm1\",\r\n
        \ \"type\": \"Microsoft.Compute/virtualMachines\",\r\n  \"location\": \"westus\",\r\n
        \ \"tags\": {},\r\n  \"identity\": {\r\n    \"type\": \"SystemAssigned\",\r\n
        \   \"principalId\": \"770bc5c2-1ed2-458c-8a9b-25a39efd9f29\",\r\n    \"tenantId\":
        \"54826b22-38d6-4fb2-bad9-b7b93a3e9c5a\"\r\n  },\r\n  \"properties\": {\r\n
        \   \"vmId\": \"806b1ebb-f87d-4e5e-a543-6106a04cfd97\",\r\n    \"hardwareProfile\":
        {\r\n      \"vmSize\": \"Standard_DS1_v2\"\r\n    },\r\n    \"storageProfile\":
        {\r\n      \"imageReference\": {\r\n        \"publisher\": \"Debian\",\r\n
        \       \"offer\": \"debian-10\",\r\n        \"sku\": \"10\",\r\n        \"version\":
        \"latest\"\r\n      },\r\n      \"osDisk\": {\r\n        \"osType\": \"Linux\",\r\n
        \       \"name\": \"vm1_disk1_4898240bfec74a8c98b21f20610a98e6\",\r\n        \"createOption\":
        \"FromImage\",\r\n        \"caching\": \"ReadWrite\",\r\n        \"managedDisk\":
        {\r\n          \"storageAccountType\": \"Premium_LRS\",\r\n          \"id\":
        \"/subscriptions/00000000-0000-0000-0000-000000000000/resourceGroups/clitest.rg000001/providers/Microsoft.Compute/disks/vm1_disk1_4898240bfec74a8c98b21f20610a98e6\"\r\n
        \       },\r\n        \"diskSizeGB\": 30\r\n      },\r\n      \"dataDisks\":
        []\r\n    },\r\n    \"osProfile\": {\r\n      \"computerName\": \"vm1\",\r\n
        \     \"adminUsername\": \"cligenerics\",\r\n      \"linuxConfiguration\":
        {\r\n        \"disablePasswordAuthentication\": true,\r\n        \"ssh\":
        {\r\n          \"publicKeys\": [\r\n            {\r\n              \"path\":
        \"/home/cligenerics/.ssh/authorized_keys\",\r\n              \"keyData\":
        \"ssh-rsa AAAAB3NzaC1yc2EAAAADAQABAAABgQCyHIxtehmSa4iZExLrQ4pc7bklBKwAR865F9LEWNd8SIgFCYy2s+vA5Sofj2cMD06HqCAPeM+VJvjwImCmGhO3GQU816Zo7AOX21dKGUZLbGQ35lxXPMsd0aCx8J8Ncq1sReBPlZs9BT2X0pR2jkalCJQKFWXXkwXyj8l05PunQm2lnggijrnLAMjdI7+6S6rNUs4oA54egfrKIXSQiqjfSNMySytJzJkGYdbQzUrGrL47qNEy0keAPi1VGlijs/m3khFQAd2Bdb1Nhp1k8QC0OQ5BccKPVfFRyz/EoRMFvjzfNQrR75D6f2q+XZIrlee1Z7MX/KpYx1IOI2ATlfRqUoIlM7O1hWsQr9rGek+D10BtBJ4uZsrUOHs+llQo5fQXzVunZEzaYUBulRwPO1kBHjSkD0NNCO5490EnaCIFot41Wh/bDTWFNDZkZHxXhbrXRaA/d0vzrlAiLDUkUEtOKP0jc9o9vz/vSbEth6u8df06cq9yYVbn+1j93lX5vJ0=
        cxznmhdcxz\\n\"\r\n            }\r\n          ]\r\n        }\r\n      },\r\n
        \     \"secrets\": []\r\n    },\r\n    \"networkProfile\": {\"networkInterfaces\":[{\"id\":\"/subscriptions/00000000-0000-0000-0000-000000000000/resourceGroups/clitest.rg000001/providers/Microsoft.Network/networkInterfaces/vm1VMNic\"}]},\r\n
        \   \"provisioningState\": \"Succeeded\"\r\n  }\r\n}"
    headers:
      cache-control:
      - no-cache
      content-length:
      - '2459'
      content-type:
      - application/json; charset=utf-8
      date:
      - Mon, 14 Mar 2022 14:16:12 GMT
      expires:
      - '-1'
      pragma:
      - no-cache
      server:
      - Microsoft-HTTPAPI/2.0
      - Microsoft-HTTPAPI/2.0
      strict-transport-security:
      - max-age=31536000; includeSubDomains
      transfer-encoding:
      - chunked
      vary:
      - Accept-Encoding
      x-content-type-options:
      - nosniff
      x-ms-ratelimit-remaining-resource:
      - Microsoft.Compute/LowCostGet3Min;3959,Microsoft.Compute/LowCostGet30Min;31856
    status:
      code: 200
      message: OK
version: 1
