interactions:
- request:
    body: '{"tags": {"date": "2019-02-26T02:26:12Z", "product": "azurecli", "cause":
      "automation"}, "location": "westus"}'
    headers:
      Accept: [application/json]
      Accept-Encoding: ['gzip, deflate']
      CommandName: [group create]
      Connection: [keep-alive]
      Content-Length: ['110']
      Content-Type: [application/json; charset=utf-8]
      ParameterSetName: [--location --name --tag]
      User-Agent: [python/3.5.2 (Windows-10-10.0.17763-SP0) msrest/0.6.2 msrest_azure/0.4.34
          resourcemanagementclient/2.1.0 Azure-SDK-For-Python AZURECLI/2.0.58]
      accept-language: [en-US]
    method: PUT
    uri: https://management.azure.com/subscriptions/00000000-0000-0000-0000-000000000000/resourcegroups/cli_test_vm_with_specialized_unmanaged_disk000001?api-version=2018-05-01
  response:
    body: {string: '{"id":"/subscriptions/00000000-0000-0000-0000-000000000000/resourceGroups/cli_test_vm_with_specialized_unmanaged_disk000001","name":"cli_test_vm_with_specialized_unmanaged_disk000001","location":"westus","tags":{"date":"2019-02-26T02:26:12Z","product":"azurecli","cause":"automation"},"properties":{"provisioningState":"Succeeded"}}'}
    headers:
      cache-control: [no-cache]
      content-length: ['384']
      content-type: [application/json; charset=utf-8]
      date: ['Tue, 26 Feb 2019 02:26:13 GMT']
      expires: ['-1']
      pragma: [no-cache]
      strict-transport-security: [max-age=31536000; includeSubDomains]
      x-content-type-options: [nosniff]
      x-ms-ratelimit-remaining-subscription-writes: ['1199']
    status: {code: 201, message: Created}
- request:
    body: null
    headers:
      Accept: [application/json]
      Accept-Encoding: ['gzip, deflate']
      CommandName: [vm create]
      Connection: [keep-alive]
      ParameterSetName: [-g -n --image --use-unmanaged-disk --admin-username --admin-password
          --authentication-type]
      User-Agent: [python/3.5.2 (Windows-10-10.0.17763-SP0) msrest/0.6.2 msrest_azure/0.4.34
          resourcemanagementclient/2.1.0 Azure-SDK-For-Python AZURECLI/2.0.58]
      accept-language: [en-US]
    method: GET
    uri: https://management.azure.com/subscriptions/00000000-0000-0000-0000-000000000000/resourcegroups/cli_test_vm_with_specialized_unmanaged_disk000001?api-version=2018-05-01
  response:
    body: {string: '{"id":"/subscriptions/00000000-0000-0000-0000-000000000000/resourceGroups/cli_test_vm_with_specialized_unmanaged_disk000001","name":"cli_test_vm_with_specialized_unmanaged_disk000001","location":"westus","tags":{"date":"2019-02-26T02:26:12Z","product":"azurecli","cause":"automation"},"properties":{"provisioningState":"Succeeded"}}'}
    headers:
      cache-control: [no-cache]
      content-length: ['384']
      content-type: [application/json; charset=utf-8]
      date: ['Tue, 26 Feb 2019 02:26:13 GMT']
      expires: ['-1']
      pragma: [no-cache]
      strict-transport-security: [max-age=31536000; includeSubDomains]
      vary: [Accept-Encoding]
      x-content-type-options: [nosniff]
    status: {code: 200, message: OK}
- request:
    body: null
    headers:
      Accept: ['*/*']
      Accept-Encoding: ['gzip, deflate']
      Connection: [keep-alive]
      User-Agent: [python-requests/2.21.0]
    method: GET
    uri: https://raw.githubusercontent.com/Azure/azure-rest-api-specs/master/arm-compute/quickstart-templates/aliases.json
  response:
    body: {string: "{\n  \"$schema\":\"http://schema.management.azure.com/schemas/2015-01-01/deploymentTemplate.json\"\
        ,\n  \"contentVersion\":\"1.0.0.0\",\n  \"parameters\":{},\n  \"variables\"\
        :{},\n  \"resources\":[],\n\n  \"outputs\":{\n    \"aliases\":{\n      \"\
        type\":\"object\",\n      \"value\":{\n\n        \"Linux\":{\n          \"\
        CentOS\":{\n            \"publisher\":\"OpenLogic\",\n            \"offer\"\
        :\"CentOS\",\n            \"sku\":\"7.5\",\n            \"version\":\"latest\"\
        \n          },\n          \"CoreOS\":{\n            \"publisher\":\"CoreOS\"\
        ,\n            \"offer\":\"CoreOS\",\n            \"sku\":\"Stable\",\n  \
        \          \"version\":\"latest\"\n          },\n          \"Debian\":{\n\
        \            \"publisher\":\"credativ\",\n            \"offer\":\"Debian\"\
        ,\n            \"sku\":\"9\",\n            \"version\":\"latest\"\n      \
        \    },\n          \"openSUSE-Leap\": {\n            \"publisher\":\"SUSE\"\
        ,\n            \"offer\":\"openSUSE-Leap\",\n            \"sku\":\"42.3\"\
        ,\n            \"version\": \"latest\"\n          },\n          \"RHEL\":{\n\
        \            \"publisher\":\"RedHat\",\n            \"offer\":\"RHEL\",\n\
        \            \"sku\":\"7-RAW\",\n            \"version\":\"latest\"\n    \
        \      },\n          \"SLES\":{\n            \"publisher\":\"SUSE\",\n   \
        \         \"offer\":\"SLES\",\n            \"sku\":\"15\",\n            \"\
        version\":\"latest\"\n          },\n          \"UbuntuLTS\":{\n          \
        \  \"publisher\":\"Canonical\",\n            \"offer\":\"UbuntuServer\",\n\
        \            \"sku\":\"18.04-LTS\",\n            \"version\":\"latest\"\n\
        \          }\n        },\n\n        \"Windows\":{\n          \"Win2019Datacenter\"\
        :{\n            \"publisher\":\"MicrosoftWindowsServer\",\n            \"\
        offer\":\"WindowsServer\",\n            \"sku\":\"2019-Datacenter\",\n   \
        \         \"version\":\"latest\"\n          },\n          \"Win2016Datacenter\"\
        :{\n            \"publisher\":\"MicrosoftWindowsServer\",\n            \"\
        offer\":\"WindowsServer\",\n            \"sku\":\"2016-Datacenter\",\n   \
        \         \"version\":\"latest\"\n          },\n          \"Win2012R2Datacenter\"\
        :{\n            \"publisher\":\"MicrosoftWindowsServer\",\n            \"\
        offer\":\"WindowsServer\",\n            \"sku\":\"2012-R2-Datacenter\",\n\
        \            \"version\":\"latest\"\n          },\n          \"Win2012Datacenter\"\
        :{\n            \"publisher\":\"MicrosoftWindowsServer\",\n            \"\
        offer\":\"WindowsServer\",\n            \"sku\":\"2012-Datacenter\",\n   \
        \         \"version\":\"latest\"\n          },\n          \"Win2008R2SP1\"\
        :{\n            \"publisher\":\"MicrosoftWindowsServer\",\n            \"\
        offer\":\"WindowsServer\",\n            \"sku\":\"2008-R2-SP1\",\n       \
        \     \"version\":\"latest\"\n          }\n        }\n      }\n    }\n  }\n\
        }\n"}
    headers:
      accept-ranges: [bytes]
      access-control-allow-origin: ['*']
      cache-control: [max-age=300]
      connection: [keep-alive]
      content-length: ['2433']
      content-security-policy: [default-src 'none'; style-src 'unsafe-inline'; sandbox]
      content-type: [text/plain; charset=utf-8]
      date: ['Tue, 26 Feb 2019 02:26:13 GMT']
      etag: ['"f5944d69cdbfb4a2bb2ddda8c5f050bde5bbcb32"']
      expires: ['Tue, 26 Feb 2019 02:31:13 GMT']
      source-age: ['0']
      strict-transport-security: [max-age=31536000]
      vary: ['Authorization,Accept-Encoding']
      via: [1.1 varnish]
      x-cache: [MISS]
      x-cache-hits: ['0']
      x-content-type-options: [nosniff]
      x-fastly-request-id: [d0ebe4814d3340631ccbb321691b25233c39353e]
      x-frame-options: [deny]
      x-geo-block-list: ['']
      x-github-request-id: ['6112:23E4:84E0D:8E4C2:5C74A3C5']
      x-served-by: [cache-dfw18629-DFW]
      x-timer: ['S1551147974.894398,VS0,VE93']
      x-xss-protection: [1; mode=block]
    status: {code: 200, message: OK}
- request:
    body: null
    headers:
      Accept: [application/json]
      Accept-Encoding: ['gzip, deflate']
      CommandName: [vm create]
      Connection: [keep-alive]
      ParameterSetName: [-g -n --image --use-unmanaged-disk --admin-username --admin-password
          --authentication-type]
      User-Agent: [python/3.5.2 (Windows-10-10.0.17763-SP0) msrest/0.6.2 msrest_azure/0.4.34
          azure-mgmt-storage/3.1.1 Azure-SDK-For-Python AZURECLI/2.0.58]
      accept-language: [en-US]
    method: GET
    uri: https://management.azure.com/subscriptions/00000000-0000-0000-0000-000000000000/resourceGroups/cli_test_vm_with_specialized_unmanaged_disk000001/providers/Microsoft.Storage/storageAccounts?api-version=2017-10-01
  response:
    body: {string: '{"value":[]}'}
    headers:
      cache-control: [no-cache]
      content-length: ['12']
      content-type: [application/json; charset=utf-8]
      date: ['Tue, 26 Feb 2019 02:26:13 GMT']
      expires: ['-1']
      pragma: [no-cache]
      strict-transport-security: [max-age=31536000; includeSubDomains]
      vary: [Accept-Encoding]
      x-content-type-options: [nosniff]
    status: {code: 200, message: OK}
- request:
    body: null
    headers:
      Accept: [application/json]
      Accept-Encoding: ['gzip, deflate']
      CommandName: [vm create]
      Connection: [keep-alive]
      ParameterSetName: [-g -n --image --use-unmanaged-disk --admin-username --admin-password
          --authentication-type]
      User-Agent: [python/3.5.2 (Windows-10-10.0.17763-SP0) msrest/0.6.2 msrest_azure/0.4.34
          networkmanagementclient/2.4.0 Azure-SDK-For-Python AZURECLI/2.0.58]
      accept-language: [en-US]
    method: GET
    uri: https://management.azure.com/subscriptions/00000000-0000-0000-0000-000000000000/resourceGroups/cli_test_vm_with_specialized_unmanaged_disk000001/providers/Microsoft.Network/virtualNetworks?api-version=2017-10-01
  response:
    body: {string: '{"value":[]}'}
    headers:
      cache-control: [no-cache]
      content-length: ['12']
      content-type: [application/json; charset=utf-8]
      date: ['Tue, 26 Feb 2019 02:26:14 GMT']
      expires: ['-1']
      pragma: [no-cache]
      strict-transport-security: [max-age=31536000; includeSubDomains]
      vary: [Accept-Encoding]
      x-content-type-options: [nosniff]
    status: {code: 200, message: OK}
- request:
    body: 'b''{"properties": {"parameters": {"adminPassword": {"value": "testPassword0"}},
      "mode": "Incremental", "template": {"variables": {}, "$schema": "https://schema.management.azure.com/schemas/2015-01-01/deploymentTemplate.json#",
      "resources": [{"dependsOn": [], "tags": {}, "apiVersion": "2015-06-15", "location":
      "westus", "name": "vhdstorage95e96a94d3e7f9", "properties": {"accountType":
      "Premium_LRS"}, "type": "Microsoft.Storage/storageAccounts"}, {"dependsOn":
      [], "tags": {}, "apiVersion": "2015-06-15", "location": "westus", "name": "vm1VNET",
      "properties": {"subnets": [{"name": "vm1Subnet", "properties": {"addressPrefix":
      "10.0.0.0/24"}}], "addressSpace": {"addressPrefixes": ["10.0.0.0/16"]}}, "type":
      "Microsoft.Network/virtualNetworks"}, {"dependsOn": [], "tags": {}, "apiVersion":
      "2015-06-15", "location": "westus", "name": "vm1NSG", "properties": {"securityRules":
      [{"name": "default-allow-ssh", "properties": {"protocol": "Tcp", "destinationAddressPrefix":
      "*", "priority": 1000, "direction": "Inbound", "access": "Allow", "destinationPortRange":
      "22", "sourcePortRange": "*", "sourceAddressPrefix": "*"}}]}, "type": "Microsoft.Network/networkSecurityGroups"},
      {"dependsOn": [], "tags": {}, "apiVersion": "2017-10-01", "location": "westus",
      "name": "vm1PublicIP", "properties": {"publicIPAllocationMethod": null}, "type":
      "Microsoft.Network/publicIPAddresses"}, {"dependsOn": ["Microsoft.Network/virtualNetworks/vm1VNET",
      "Microsoft.Network/networkSecurityGroups/vm1NSG", "Microsoft.Network/publicIpAddresses/vm1PublicIP"],
      "tags": {}, "apiVersion": "2015-06-15", "location": "westus", "name": "vm1VMNic",
      "properties": {"ipConfigurations": [{"name": "ipconfigvm1", "properties": {"publicIPAddress":
      {"id": "/subscriptions/00000000-0000-0000-0000-000000000000/resourceGroups/cli_test_vm_with_specialized_unmanaged_disk000001/providers/Microsoft.Network/publicIPAddresses/vm1PublicIP"},
      "privateIPAllocationMethod": "Dynamic", "subnet": {"id": "/subscriptions/00000000-0000-0000-0000-000000000000/resourceGroups/cli_test_vm_with_specialized_unmanaged_disk000001/providers/Microsoft.Network/virtualNetworks/vm1VNET/subnets/vm1Subnet"}}}],
      "networkSecurityGroup": {"id": "/subscriptions/00000000-0000-0000-0000-000000000000/resourceGroups/cli_test_vm_with_specialized_unmanaged_disk000001/providers/Microsoft.Network/networkSecurityGroups/vm1NSG"}},
      "type": "Microsoft.Network/networkInterfaces"}, {"dependsOn": ["Microsoft.Storage/storageAccounts/vhdstorage95e96a94d3e7f9",
      "Microsoft.Network/networkInterfaces/vm1VMNic"], "tags": {}, "apiVersion": "2017-12-01",
      "location": "westus", "name": "vm1", "properties": {"networkProfile": {"networkInterfaces":
      [{"id": "/subscriptions/00000000-0000-0000-0000-000000000000/resourceGroups/cli_test_vm_with_specialized_unmanaged_disk000001/providers/Microsoft.Network/networkInterfaces/vm1VMNic"}]},
      "osProfile": {"computerName": "vm1", "adminPassword": "[parameters(\''adminPassword\'')]",
      "adminUsername": "ubuntu"}, "hardwareProfile": {"vmSize": "Standard_DS1_v2"},
      "storageProfile": {"osDisk": {"caching": "ReadWrite", "name": "osdisk_95e96a94d3",
      "createOption": "fromImage", "vhd": {"uri": "https://vhdstorage95e96a94d3e7f9.blob.core.windows.net/vhds/osdisk_95e96a94d3.vhd"}},
      "imageReference": {"publisher": "credativ", "offer": "Debian", "sku": "9", "version":
      "latest"}}}, "type": "Microsoft.Compute/virtualMachines"}], "outputs": {}, "contentVersion":
      "1.0.0.0", "parameters": {"adminPassword": {"metadata": {"description": "Secure
      adminPassword"}, "type": "securestring"}}}}}'''
    headers:
      Accept: [application/json]
      Accept-Encoding: ['gzip, deflate']
      CommandName: [vm create]
      Connection: [keep-alive]
      Content-Length: ['3636']
      Content-Type: [application/json; charset=utf-8]
      ParameterSetName: [-g -n --image --use-unmanaged-disk --admin-username --admin-password
          --authentication-type]
      User-Agent: [python/3.5.2 (Windows-10-10.0.17763-SP0) msrest/0.6.2 msrest_azure/0.4.34
          resourcemanagementclient/2.1.0 Azure-SDK-For-Python AZURECLI/2.0.58]
      accept-language: [en-US]
    method: PUT
    uri: https://management.azure.com/subscriptions/00000000-0000-0000-0000-000000000000/resourcegroups/cli_test_vm_with_specialized_unmanaged_disk000001/providers/Microsoft.Resources/deployments/mock-deployment?api-version=2018-05-01
  response:
    body: {string: '{"id":"/subscriptions/00000000-0000-0000-0000-000000000000/resourceGroups/cli_test_vm_with_specialized_unmanaged_disk000001/providers/Microsoft.Resources/deployments/vm_deploy_kwtRvzewDYzJFDhMhuhGoLYM2ANNsGZo","name":"vm_deploy_kwtRvzewDYzJFDhMhuhGoLYM2ANNsGZo","properties":{"templateHash":"11805129022034376027","parameters":{"adminPassword":{"type":"SecureString"}},"mode":"Incremental","provisioningState":"Accepted","timestamp":"2019-02-26T02:26:17.8235075Z","duration":"PT1.6079515S","correlationId":"4efb1274-9cad-4442-b62a-598b318ad951","providers":[{"namespace":"Microsoft.Storage","resourceTypes":[{"resourceType":"storageAccounts","locations":["westus"]}]},{"namespace":"Microsoft.Network","resourceTypes":[{"resourceType":"virtualNetworks","locations":["westus"]},{"resourceType":"networkSecurityGroups","locations":["westus"]},{"resourceType":"publicIPAddresses","locations":["westus"]},{"resourceType":"networkInterfaces","locations":["westus"]}]},{"namespace":"Microsoft.Compute","resourceTypes":[{"resourceType":"virtualMachines","locations":["westus"]}]}],"dependencies":[{"dependsOn":[{"id":"/subscriptions/00000000-0000-0000-0000-000000000000/resourceGroups/cli_test_vm_with_specialized_unmanaged_disk000001/providers/Microsoft.Network/virtualNetworks/vm1VNET","resourceType":"Microsoft.Network/virtualNetworks","resourceName":"vm1VNET"},{"id":"/subscriptions/00000000-0000-0000-0000-000000000000/resourceGroups/cli_test_vm_with_specialized_unmanaged_disk000001/providers/Microsoft.Network/networkSecurityGroups/vm1NSG","resourceType":"Microsoft.Network/networkSecurityGroups","resourceName":"vm1NSG"},{"id":"/subscriptions/00000000-0000-0000-0000-000000000000/resourceGroups/cli_test_vm_with_specialized_unmanaged_disk000001/providers/Microsoft.Network/publicIPAddresses/vm1PublicIP","resourceType":"Microsoft.Network/publicIPAddresses","resourceName":"vm1PublicIP"}],"id":"/subscriptions/00000000-0000-0000-0000-000000000000/resourceGroups/cli_test_vm_with_specialized_unmanaged_disk000001/providers/Microsoft.Network/networkInterfaces/vm1VMNic","resourceType":"Microsoft.Network/networkInterfaces","resourceName":"vm1VMNic"},{"dependsOn":[{"id":"/subscriptions/00000000-0000-0000-0000-000000000000/resourceGroups/cli_test_vm_with_specialized_unmanaged_disk000001/providers/Microsoft.Storage/storageAccounts/vhdstorage95e96a94d3e7f9","resourceType":"Microsoft.Storage/storageAccounts","resourceName":"vhdstorage95e96a94d3e7f9"},{"id":"/subscriptions/00000000-0000-0000-0000-000000000000/resourceGroups/cli_test_vm_with_specialized_unmanaged_disk000001/providers/Microsoft.Network/networkInterfaces/vm1VMNic","resourceType":"Microsoft.Network/networkInterfaces","resourceName":"vm1VMNic"}],"id":"/subscriptions/00000000-0000-0000-0000-000000000000/resourceGroups/cli_test_vm_with_specialized_unmanaged_disk000001/providers/Microsoft.Compute/virtualMachines/vm1","resourceType":"Microsoft.Compute/virtualMachines","resourceName":"vm1"}]}}'}
    headers:
      azure-asyncoperation: ['https://management.azure.com/subscriptions/00000000-0000-0000-0000-000000000000/resourcegroups/cli_test_vm_with_specialized_unmanaged_disk000001/providers/Microsoft.Resources/deployments/vm_deploy_kwtRvzewDYzJFDhMhuhGoLYM2ANNsGZo/operationStatuses/08586504589092620784?api-version=2018-05-01']
      cache-control: [no-cache]
      content-length: ['3165']
      content-type: [application/json; charset=utf-8]
      date: ['Tue, 26 Feb 2019 02:26:18 GMT']
      expires: ['-1']
      pragma: [no-cache]
      strict-transport-security: [max-age=31536000; includeSubDomains]
      x-content-type-options: [nosniff]
      x-ms-ratelimit-remaining-subscription-writes: ['1199']
    status: {code: 201, message: Created}
- request:
    body: null
    headers:
      Accept: [application/json]
      Accept-Encoding: ['gzip, deflate']
      CommandName: [vm create]
      Connection: [keep-alive]
      ParameterSetName: [-g -n --image --use-unmanaged-disk --admin-username --admin-password
          --authentication-type]
      User-Agent: [python/3.5.2 (Windows-10-10.0.17763-SP0) msrest/0.6.2 msrest_azure/0.4.34
          resourcemanagementclient/2.1.0 Azure-SDK-For-Python AZURECLI/2.0.58]
    method: GET
    uri: https://management.azure.com/subscriptions/00000000-0000-0000-0000-000000000000/resourcegroups/cli_test_vm_with_specialized_unmanaged_disk000001/providers/Microsoft.Resources/deployments/mock-deployment/operationStatuses/08586504589092620784?api-version=2018-05-01
  response:
    body: {string: '{"status":"Running"}'}
    headers:
      cache-control: [no-cache]
      content-length: ['20']
      content-type: [application/json; charset=utf-8]
      date: ['Tue, 26 Feb 2019 02:26:47 GMT']
      expires: ['-1']
      pragma: [no-cache]
      strict-transport-security: [max-age=31536000; includeSubDomains]
      vary: [Accept-Encoding]
      x-content-type-options: [nosniff]
    status: {code: 200, message: OK}
- request:
    body: null
    headers:
      Accept: [application/json]
      Accept-Encoding: ['gzip, deflate']
      CommandName: [vm create]
      Connection: [keep-alive]
      ParameterSetName: [-g -n --image --use-unmanaged-disk --admin-username --admin-password
          --authentication-type]
      User-Agent: [python/3.5.2 (Windows-10-10.0.17763-SP0) msrest/0.6.2 msrest_azure/0.4.34
          resourcemanagementclient/2.1.0 Azure-SDK-For-Python AZURECLI/2.0.58]
    method: GET
    uri: https://management.azure.com/subscriptions/00000000-0000-0000-0000-000000000000/resourcegroups/cli_test_vm_with_specialized_unmanaged_disk000001/providers/Microsoft.Resources/deployments/mock-deployment/operationStatuses/08586504589092620784?api-version=2018-05-01
  response:
    body: {string: '{"status":"Running"}'}
    headers:
      cache-control: [no-cache]
      content-length: ['20']
      content-type: [application/json; charset=utf-8]
      date: ['Tue, 26 Feb 2019 02:27:18 GMT']
      expires: ['-1']
      pragma: [no-cache]
      strict-transport-security: [max-age=31536000; includeSubDomains]
      vary: [Accept-Encoding]
      x-content-type-options: [nosniff]
    status: {code: 200, message: OK}
- request:
    body: null
    headers:
      Accept: [application/json]
      Accept-Encoding: ['gzip, deflate']
      CommandName: [vm create]
      Connection: [keep-alive]
      ParameterSetName: [-g -n --image --use-unmanaged-disk --admin-username --admin-password
          --authentication-type]
      User-Agent: [python/3.5.2 (Windows-10-10.0.17763-SP0) msrest/0.6.2 msrest_azure/0.4.34
          resourcemanagementclient/2.1.0 Azure-SDK-For-Python AZURECLI/2.0.58]
    method: GET
    uri: https://management.azure.com/subscriptions/00000000-0000-0000-0000-000000000000/resourcegroups/cli_test_vm_with_specialized_unmanaged_disk000001/providers/Microsoft.Resources/deployments/mock-deployment/operationStatuses/08586504589092620784?api-version=2018-05-01
  response:
    body: {string: '{"status":"Running"}'}
    headers:
      cache-control: [no-cache]
      content-length: ['20']
      content-type: [application/json; charset=utf-8]
      date: ['Tue, 26 Feb 2019 02:27:47 GMT']
      expires: ['-1']
      pragma: [no-cache]
      strict-transport-security: [max-age=31536000; includeSubDomains]
      vary: [Accept-Encoding]
      x-content-type-options: [nosniff]
    status: {code: 200, message: OK}
- request:
    body: null
    headers:
      Accept: [application/json]
      Accept-Encoding: ['gzip, deflate']
      CommandName: [vm create]
      Connection: [keep-alive]
      ParameterSetName: [-g -n --image --use-unmanaged-disk --admin-username --admin-password
          --authentication-type]
      User-Agent: [python/3.5.2 (Windows-10-10.0.17763-SP0) msrest/0.6.2 msrest_azure/0.4.34
          resourcemanagementclient/2.1.0 Azure-SDK-For-Python AZURECLI/2.0.58]
    method: GET
    uri: https://management.azure.com/subscriptions/00000000-0000-0000-0000-000000000000/resourcegroups/cli_test_vm_with_specialized_unmanaged_disk000001/providers/Microsoft.Resources/deployments/mock-deployment/operationStatuses/08586504589092620784?api-version=2018-05-01
  response:
    body: {string: '{"status":"Succeeded"}'}
    headers:
      cache-control: [no-cache]
      content-length: ['22']
      content-type: [application/json; charset=utf-8]
      date: ['Tue, 26 Feb 2019 02:28:19 GMT']
      expires: ['-1']
      pragma: [no-cache]
      strict-transport-security: [max-age=31536000; includeSubDomains]
      vary: [Accept-Encoding]
      x-content-type-options: [nosniff]
    status: {code: 200, message: OK}
- request:
    body: null
    headers:
      Accept: [application/json]
      Accept-Encoding: ['gzip, deflate']
      CommandName: [vm create]
      Connection: [keep-alive]
      ParameterSetName: [-g -n --image --use-unmanaged-disk --admin-username --admin-password
          --authentication-type]
      User-Agent: [python/3.5.2 (Windows-10-10.0.17763-SP0) msrest/0.6.2 msrest_azure/0.4.34
          resourcemanagementclient/2.1.0 Azure-SDK-For-Python AZURECLI/2.0.58]
    method: GET
    uri: https://management.azure.com/subscriptions/00000000-0000-0000-0000-000000000000/resourcegroups/cli_test_vm_with_specialized_unmanaged_disk000001/providers/Microsoft.Resources/deployments/mock-deployment?api-version=2018-05-01
  response:
    body: {string: '{"id":"/subscriptions/00000000-0000-0000-0000-000000000000/resourceGroups/cli_test_vm_with_specialized_unmanaged_disk000001/providers/Microsoft.Resources/deployments/vm_deploy_kwtRvzewDYzJFDhMhuhGoLYM2ANNsGZo","name":"vm_deploy_kwtRvzewDYzJFDhMhuhGoLYM2ANNsGZo","properties":{"templateHash":"11805129022034376027","parameters":{"adminPassword":{"type":"SecureString"}},"mode":"Incremental","provisioningState":"Succeeded","timestamp":"2019-02-26T02:28:12.8982805Z","duration":"PT1M56.6827245S","correlationId":"4efb1274-9cad-4442-b62a-598b318ad951","providers":[{"namespace":"Microsoft.Storage","resourceTypes":[{"resourceType":"storageAccounts","locations":["westus"]}]},{"namespace":"Microsoft.Network","resourceTypes":[{"resourceType":"virtualNetworks","locations":["westus"]},{"resourceType":"networkSecurityGroups","locations":["westus"]},{"resourceType":"publicIPAddresses","locations":["westus"]},{"resourceType":"networkInterfaces","locations":["westus"]}]},{"namespace":"Microsoft.Compute","resourceTypes":[{"resourceType":"virtualMachines","locations":["westus"]}]}],"dependencies":[{"dependsOn":[{"id":"/subscriptions/00000000-0000-0000-0000-000000000000/resourceGroups/cli_test_vm_with_specialized_unmanaged_disk000001/providers/Microsoft.Network/virtualNetworks/vm1VNET","resourceType":"Microsoft.Network/virtualNetworks","resourceName":"vm1VNET"},{"id":"/subscriptions/00000000-0000-0000-0000-000000000000/resourceGroups/cli_test_vm_with_specialized_unmanaged_disk000001/providers/Microsoft.Network/networkSecurityGroups/vm1NSG","resourceType":"Microsoft.Network/networkSecurityGroups","resourceName":"vm1NSG"},{"id":"/subscriptions/00000000-0000-0000-0000-000000000000/resourceGroups/cli_test_vm_with_specialized_unmanaged_disk000001/providers/Microsoft.Network/publicIPAddresses/vm1PublicIP","resourceType":"Microsoft.Network/publicIPAddresses","resourceName":"vm1PublicIP"}],"id":"/subscriptions/00000000-0000-0000-0000-000000000000/resourceGroups/cli_test_vm_with_specialized_unmanaged_disk000001/providers/Microsoft.Network/networkInterfaces/vm1VMNic","resourceType":"Microsoft.Network/networkInterfaces","resourceName":"vm1VMNic"},{"dependsOn":[{"id":"/subscriptions/00000000-0000-0000-0000-000000000000/resourceGroups/cli_test_vm_with_specialized_unmanaged_disk000001/providers/Microsoft.Storage/storageAccounts/vhdstorage95e96a94d3e7f9","resourceType":"Microsoft.Storage/storageAccounts","resourceName":"vhdstorage95e96a94d3e7f9"},{"id":"/subscriptions/00000000-0000-0000-0000-000000000000/resourceGroups/cli_test_vm_with_specialized_unmanaged_disk000001/providers/Microsoft.Network/networkInterfaces/vm1VMNic","resourceType":"Microsoft.Network/networkInterfaces","resourceName":"vm1VMNic"}],"id":"/subscriptions/00000000-0000-0000-0000-000000000000/resourceGroups/cli_test_vm_with_specialized_unmanaged_disk000001/providers/Microsoft.Compute/virtualMachines/vm1","resourceType":"Microsoft.Compute/virtualMachines","resourceName":"vm1"}],"outputs":{},"outputResources":[{"id":"/subscriptions/00000000-0000-0000-0000-000000000000/resourceGroups/cli_test_vm_with_specialized_unmanaged_disk000001/providers/Microsoft.Compute/virtualMachines/vm1"},{"id":"/subscriptions/00000000-0000-0000-0000-000000000000/resourceGroups/cli_test_vm_with_specialized_unmanaged_disk000001/providers/Microsoft.Network/networkInterfaces/vm1VMNic"},{"id":"/subscriptions/00000000-0000-0000-0000-000000000000/resourceGroups/cli_test_vm_with_specialized_unmanaged_disk000001/providers/Microsoft.Network/networkSecurityGroups/vm1NSG"},{"id":"/subscriptions/00000000-0000-0000-0000-000000000000/resourceGroups/cli_test_vm_with_specialized_unmanaged_disk000001/providers/Microsoft.Network/publicIPAddresses/vm1PublicIP"},{"id":"/subscriptions/00000000-0000-0000-0000-000000000000/resourceGroups/cli_test_vm_with_specialized_unmanaged_disk000001/providers/Microsoft.Network/virtualNetworks/vm1VNET"},{"id":"/subscriptions/00000000-0000-0000-0000-000000000000/resourceGroups/cli_test_vm_with_specialized_unmanaged_disk000001/providers/Microsoft.Storage/storageAccounts/vhdstorage95e96a94d3e7f9"}]}}'}
    headers:
      cache-control: [no-cache]
      content-length: ['4453']
      content-type: [application/json; charset=utf-8]
      date: ['Tue, 26 Feb 2019 02:28:18 GMT']
      expires: ['-1']
      pragma: [no-cache]
      strict-transport-security: [max-age=31536000; includeSubDomains]
      vary: [Accept-Encoding]
      x-content-type-options: [nosniff]
    status: {code: 200, message: OK}
- request:
    body: null
    headers:
      Accept: [application/json]
      Accept-Encoding: ['gzip, deflate']
      CommandName: [vm create]
      Connection: [keep-alive]
      ParameterSetName: [-g -n --image --use-unmanaged-disk --admin-username --admin-password
          --authentication-type]
      User-Agent: [python/3.5.2 (Windows-10-10.0.17763-SP0) msrest/0.6.2 msrest_azure/0.4.34
          computemanagementclient/4.4.0 Azure-SDK-For-Python AZURECLI/2.0.58]
      accept-language: [en-US]
    method: GET
    uri: https://management.azure.com/subscriptions/00000000-0000-0000-0000-000000000000/resourceGroups/cli_test_vm_with_specialized_unmanaged_disk000001/providers/Microsoft.Compute/virtualMachines/vm1?$expand=instanceView&api-version=2017-12-01
  response:
    body: {string: "{\r\n  \"properties\": {\r\n    \"vmId\": \"07650a42-b66e-4844-b373-284123bb7683\"\
        ,\r\n    \"hardwareProfile\": {\r\n      \"vmSize\": \"Standard_DS1_v2\"\r\
        \n    },\r\n    \"storageProfile\": {\r\n      \"imageReference\": {\r\n \
        \       \"publisher\": \"credativ\",\r\n        \"offer\": \"Debian\",\r\n\
        \        \"sku\": \"9\",\r\n        \"version\": \"latest\"\r\n      },\r\n\
        \      \"osDisk\": {\r\n        \"osType\": \"Linux\",\r\n        \"name\"\
        : \"osdisk_95e96a94d3\",\r\n        \"createOption\": \"FromImage\",\r\n \
        \       \"vhd\": {\r\n          \"uri\": \"https://vhdstorage95e96a94d3e7f9.blob.core.windows.net/vhds/osdisk_95e96a94d3.vhd\"\
        \r\n        },\r\n        \"caching\": \"ReadWrite\",\r\n        \"diskSizeGB\"\
        : 30\r\n      },\r\n      \"dataDisks\": []\r\n    },\r\n    \"osProfile\"\
        : {\r\n      \"computerName\": \"vm1\",\r\n      \"adminUsername\": \"ubuntu\"\
        ,\r\n      \"linuxConfiguration\": {\r\n        \"disablePasswordAuthentication\"\
        : false\r\n      },\r\n      \"secrets\": []\r\n    },\r\n    \"networkProfile\"\
        : {\"networkInterfaces\":[{\"id\":\"/subscriptions/00000000-0000-0000-0000-000000000000/resourceGroups/cli_test_vm_with_specialized_unmanaged_disk000001/providers/Microsoft.Network/networkInterfaces/vm1VMNic\"\
        }]},\r\n    \"provisioningState\": \"Succeeded\",\r\n    \"instanceView\"\
        : {\r\n      \"computerName\": \"vm1\",\r\n      \"osName\": \"debian\",\r\
        \n      \"osVersion\": \"9.8\",\r\n      \"vmAgent\": {\r\n        \"vmAgentVersion\"\
        : \"2.2.36\",\r\n        \"statuses\": [\r\n          {\r\n            \"\
        code\": \"ProvisioningState/succeeded\",\r\n            \"level\": \"Info\"\
        ,\r\n            \"displayStatus\": \"Ready\",\r\n            \"message\"\
        : \"Guest Agent is running\",\r\n            \"time\": \"2019-02-26T02:28:19+00:00\"\
        \r\n          }\r\n        ],\r\n        \"extensionHandlers\": []\r\n   \
        \   },\r\n      \"disks\": [\r\n        {\r\n          \"name\": \"osdisk_95e96a94d3\"\
        ,\r\n          \"statuses\": [\r\n            {\r\n              \"code\"\
        : \"ProvisioningState/succeeded\",\r\n              \"level\": \"Info\",\r\
        \n              \"displayStatus\": \"Provisioning succeeded\",\r\n       \
        \       \"time\": \"2019-02-26T02:26:50.1340025+00:00\"\r\n            }\r\
        \n          ]\r\n        }\r\n      ],\r\n      \"statuses\": [\r\n      \
        \  {\r\n          \"code\": \"ProvisioningState/succeeded\",\r\n         \
        \ \"level\": \"Info\",\r\n          \"displayStatus\": \"Provisioning succeeded\"\
        ,\r\n          \"time\": \"2019-02-26T02:28:07.7590179+00:00\"\r\n       \
        \ },\r\n        {\r\n          \"code\": \"PowerState/running\",\r\n     \
        \     \"level\": \"Info\",\r\n          \"displayStatus\": \"VM running\"\r\
        \n        }\r\n      ]\r\n    }\r\n  },\r\n  \"type\": \"Microsoft.Compute/virtualMachines\"\
        ,\r\n  \"location\": \"westus\",\r\n  \"tags\": {},\r\n  \"id\": \"/subscriptions/00000000-0000-0000-0000-000000000000/resourceGroups/cli_test_vm_with_specialized_unmanaged_disk000001/providers/Microsoft.Compute/virtualMachines/vm1\"\
        ,\r\n  \"name\": \"vm1\"\r\n}"}
    headers:
      cache-control: [no-cache]
      content-length: ['2712']
      content-type: [application/json; charset=utf-8]
      date: ['Tue, 26 Feb 2019 02:28:20 GMT']
      expires: ['-1']
      pragma: [no-cache]
      server: [Microsoft-HTTPAPI/2.0, Microsoft-HTTPAPI/2.0]
      strict-transport-security: [max-age=31536000; includeSubDomains]
      transfer-encoding: [chunked]
      vary: [Accept-Encoding]
      x-content-type-options: [nosniff]
      x-ms-ratelimit-remaining-resource: ['Microsoft.Compute/LowCostGet3Min;3987,Microsoft.Compute/LowCostGet30Min;31842']
    status: {code: 200, message: OK}
- request:
    body: null
    headers:
      Accept: [application/json]
      Accept-Encoding: ['gzip, deflate']
      CommandName: [vm create]
      Connection: [keep-alive]
      ParameterSetName: [-g -n --image --use-unmanaged-disk --admin-username --admin-password
          --authentication-type]
      User-Agent: [python/3.5.2 (Windows-10-10.0.17763-SP0) msrest/0.6.2 msrest_azure/0.4.34
          networkmanagementclient/2.4.0 Azure-SDK-For-Python AZURECLI/2.0.58]
      accept-language: [en-US]
    method: GET
    uri: https://management.azure.com/subscriptions/00000000-0000-0000-0000-000000000000/resourceGroups/cli_test_vm_with_specialized_unmanaged_disk000001/providers/Microsoft.Network/networkInterfaces/vm1VMNic?api-version=2017-10-01
  response:
    body: {string: "{\r\n  \"name\": \"vm1VMNic\",\r\n  \"id\": \"/subscriptions/00000000-0000-0000-0000-000000000000/resourceGroups/cli_test_vm_with_specialized_unmanaged_disk000001/providers/Microsoft.Network/networkInterfaces/vm1VMNic\"\
        ,\r\n  \"etag\": \"W/\\\"e7f2569a-8acb-4580-9585-b96d4c81e27a\\\"\",\r\n \
        \ \"location\": \"westus\",\r\n  \"tags\": {},\r\n  \"properties\": {\r\n\
        \    \"provisioningState\": \"Succeeded\",\r\n    \"resourceGuid\": \"2d929ff9-f953-4573-9a13-278d2a04927c\"\
        ,\r\n    \"ipConfigurations\": [\r\n      {\r\n        \"name\": \"ipconfigvm1\"\
        ,\r\n        \"id\": \"/subscriptions/00000000-0000-0000-0000-000000000000/resourceGroups/cli_test_vm_with_specialized_unmanaged_disk000001/providers/Microsoft.Network/networkInterfaces/vm1VMNic/ipConfigurations/ipconfigvm1\"\
        ,\r\n        \"etag\": \"W/\\\"e7f2569a-8acb-4580-9585-b96d4c81e27a\\\"\"\
        ,\r\n        \"type\": \"Microsoft.Network/networkInterfaces/ipConfigurations\"\
        ,\r\n        \"properties\": {\r\n          \"provisioningState\": \"Succeeded\"\
        ,\r\n          \"privateIPAddress\": \"10.0.0.4\",\r\n          \"privateIPAllocationMethod\"\
        : \"Dynamic\",\r\n          \"publicIPAddress\": {\r\n            \"id\":\
        \ \"/subscriptions/00000000-0000-0000-0000-000000000000/resourceGroups/cli_test_vm_with_specialized_unmanaged_disk000001/providers/Microsoft.Network/publicIPAddresses/vm1PublicIP\"\
        \r\n          },\r\n          \"subnet\": {\r\n            \"id\": \"/subscriptions/00000000-0000-0000-0000-000000000000/resourceGroups/cli_test_vm_with_specialized_unmanaged_disk000001/providers/Microsoft.Network/virtualNetworks/vm1VNET/subnets/vm1Subnet\"\
        \r\n          },\r\n          \"primary\": true,\r\n          \"privateIPAddressVersion\"\
        : \"IPv4\"\r\n        }\r\n      }\r\n    ],\r\n    \"dnsSettings\": {\r\n\
        \      \"dnsServers\": [],\r\n      \"appliedDnsServers\": [],\r\n      \"\
        internalDomainNameSuffix\": \"noy0xu4jvniurntxmmiwyjncec.dx.internal.cloudapp.net\"\
        \r\n    },\r\n    \"macAddress\": \"00-0D-3A-38-18-F9\",\r\n    \"enableAcceleratedNetworking\"\
        : false,\r\n    \"enableIPForwarding\": false,\r\n    \"networkSecurityGroup\"\
        : {\r\n      \"id\": \"/subscriptions/00000000-0000-0000-0000-000000000000/resourceGroups/cli_test_vm_with_specialized_unmanaged_disk000001/providers/Microsoft.Network/networkSecurityGroups/vm1NSG\"\
        \r\n    },\r\n    \"primary\": true,\r\n    \"virtualMachine\": {\r\n    \
        \  \"id\": \"/subscriptions/00000000-0000-0000-0000-000000000000/resourceGroups/cli_test_vm_with_specialized_unmanaged_disk000001/providers/Microsoft.Compute/virtualMachines/vm1\"\
        \r\n    }\r\n  },\r\n  \"type\": \"Microsoft.Network/networkInterfaces\"\r\
        \n}"}
    headers:
      cache-control: [no-cache]
      content-length: ['2568']
      content-type: [application/json; charset=utf-8]
      date: ['Tue, 26 Feb 2019 02:28:20 GMT']
      etag: [W/"e7f2569a-8acb-4580-9585-b96d4c81e27a"]
      expires: ['-1']
      pragma: [no-cache]
      server: [Microsoft-HTTPAPI/2.0, Microsoft-HTTPAPI/2.0]
      strict-transport-security: [max-age=31536000; includeSubDomains]
      transfer-encoding: [chunked]
      vary: [Accept-Encoding]
      x-content-type-options: [nosniff]
    status: {code: 200, message: OK}
- request:
    body: null
    headers:
      Accept: [application/json]
      Accept-Encoding: ['gzip, deflate']
      CommandName: [vm create]
      Connection: [keep-alive]
      ParameterSetName: [-g -n --image --use-unmanaged-disk --admin-username --admin-password
          --authentication-type]
      User-Agent: [python/3.5.2 (Windows-10-10.0.17763-SP0) msrest/0.6.2 msrest_azure/0.4.34
          networkmanagementclient/2.4.0 Azure-SDK-For-Python AZURECLI/2.0.58]
      accept-language: [en-US]
    method: GET
    uri: https://management.azure.com/subscriptions/00000000-0000-0000-0000-000000000000/resourceGroups/cli_test_vm_with_specialized_unmanaged_disk000001/providers/Microsoft.Network/publicIPAddresses/vm1PublicIP?api-version=2017-10-01
  response:
    body: {string: "{\r\n  \"name\": \"vm1PublicIP\",\r\n  \"id\": \"/subscriptions/00000000-0000-0000-0000-000000000000/resourceGroups/cli_test_vm_with_specialized_unmanaged_disk000001/providers/Microsoft.Network/publicIPAddresses/vm1PublicIP\"\
        ,\r\n  \"etag\": \"W/\\\"2c4cf6dd-523e-4ff1-aab0-40cd9ff21793\\\"\",\r\n \
        \ \"location\": \"westus\",\r\n  \"tags\": {},\r\n  \"properties\": {\r\n\
        \    \"provisioningState\": \"Succeeded\",\r\n    \"resourceGuid\": \"a9ed229d-c1f9-4ff2-86d5-35fb9ee69014\"\
        ,\r\n    \"ipAddress\": \"137.117.18.238\",\r\n    \"publicIPAddressVersion\"\
        : \"IPv4\",\r\n    \"publicIPAllocationMethod\": \"Dynamic\",\r\n    \"idleTimeoutInMinutes\"\
        : 4,\r\n    \"ipTags\": [],\r\n    \"ipConfiguration\": {\r\n      \"id\"\
        : \"/subscriptions/00000000-0000-0000-0000-000000000000/resourceGroups/cli_test_vm_with_specialized_unmanaged_disk000001/providers/Microsoft.Network/networkInterfaces/vm1VMNic/ipConfigurations/ipconfigvm1\"\
        \r\n    }\r\n  },\r\n  \"type\": \"Microsoft.Network/publicIPAddresses\",\r\
        \n  \"sku\": {\r\n    \"name\": \"Basic\",\r\n    \"tier\": \"Regional\"\r\
        \n  }\r\n}"}
    headers:
      cache-control: [no-cache]
      content-length: ['1023']
      content-type: [application/json; charset=utf-8]
      date: ['Tue, 26 Feb 2019 02:28:21 GMT']
      etag: [W/"2c4cf6dd-523e-4ff1-aab0-40cd9ff21793"]
      expires: ['-1']
      pragma: [no-cache]
      server: [Microsoft-HTTPAPI/2.0, Microsoft-HTTPAPI/2.0]
      strict-transport-security: [max-age=31536000; includeSubDomains]
      transfer-encoding: [chunked]
      vary: [Accept-Encoding]
      x-content-type-options: [nosniff]
    status: {code: 200, message: OK}
- request:
    body: null
    headers:
      Accept: [application/json]
      Accept-Encoding: ['gzip, deflate']
      CommandName: [vm show]
      Connection: [keep-alive]
      ParameterSetName: [-g -n]
      User-Agent: [python/3.5.2 (Windows-10-10.0.17763-SP0) msrest/0.6.2 msrest_azure/0.4.34
          computemanagementclient/4.4.0 Azure-SDK-For-Python AZURECLI/2.0.58]
      accept-language: [en-US]
    method: GET
    uri: https://management.azure.com/subscriptions/00000000-0000-0000-0000-000000000000/resourceGroups/cli_test_vm_with_specialized_unmanaged_disk000001/providers/Microsoft.Compute/virtualMachines/vm1?api-version=2017-12-01
  response:
    body: {string: "{\r\n  \"properties\": {\r\n    \"vmId\": \"07650a42-b66e-4844-b373-284123bb7683\"\
        ,\r\n    \"hardwareProfile\": {\r\n      \"vmSize\": \"Standard_DS1_v2\"\r\
        \n    },\r\n    \"storageProfile\": {\r\n      \"imageReference\": {\r\n \
        \       \"publisher\": \"credativ\",\r\n        \"offer\": \"Debian\",\r\n\
        \        \"sku\": \"9\",\r\n        \"version\": \"latest\"\r\n      },\r\n\
        \      \"osDisk\": {\r\n        \"osType\": \"Linux\",\r\n        \"name\"\
        : \"osdisk_95e96a94d3\",\r\n        \"createOption\": \"FromImage\",\r\n \
        \       \"vhd\": {\r\n          \"uri\": \"https://vhdstorage95e96a94d3e7f9.blob.core.windows.net/vhds/osdisk_95e96a94d3.vhd\"\
        \r\n        },\r\n        \"caching\": \"ReadWrite\",\r\n        \"diskSizeGB\"\
        : 30\r\n      },\r\n      \"dataDisks\": []\r\n    },\r\n    \"osProfile\"\
        : {\r\n      \"computerName\": \"vm1\",\r\n      \"adminUsername\": \"ubuntu\"\
        ,\r\n      \"linuxConfiguration\": {\r\n        \"disablePasswordAuthentication\"\
        : false\r\n      },\r\n      \"secrets\": []\r\n    },\r\n    \"networkProfile\"\
        : {\"networkInterfaces\":[{\"id\":\"/subscriptions/00000000-0000-0000-0000-000000000000/resourceGroups/cli_test_vm_with_specialized_unmanaged_disk000001/providers/Microsoft.Network/networkInterfaces/vm1VMNic\"\
        }]},\r\n    \"provisioningState\": \"Succeeded\"\r\n  },\r\n  \"type\": \"\
        Microsoft.Compute/virtualMachines\",\r\n  \"location\": \"westus\",\r\n  \"\
        tags\": {},\r\n  \"id\": \"/subscriptions/00000000-0000-0000-0000-000000000000/resourceGroups/cli_test_vm_with_specialized_unmanaged_disk000001/providers/Microsoft.Compute/virtualMachines/vm1\"\
        ,\r\n  \"name\": \"vm1\"\r\n}"}
    headers:
      cache-control: [no-cache]
      content-length: ['1483']
      content-type: [application/json; charset=utf-8]
      date: ['Tue, 26 Feb 2019 02:28:21 GMT']
      expires: ['-1']
      pragma: [no-cache]
      server: [Microsoft-HTTPAPI/2.0, Microsoft-HTTPAPI/2.0]
      strict-transport-security: [max-age=31536000; includeSubDomains]
      transfer-encoding: [chunked]
      vary: [Accept-Encoding]
      x-content-type-options: [nosniff]
      x-ms-ratelimit-remaining-resource: ['Microsoft.Compute/LowCostGet3Min;3986,Microsoft.Compute/LowCostGet30Min;31841']
    status: {code: 200, message: OK}
- request:
    body: null
    headers:
      Accept: [application/json]
      Accept-Encoding: ['gzip, deflate']
      CommandName: [vm delete]
      Connection: [keep-alive]
      Content-Length: ['0']
      ParameterSetName: [-g -n -y]
      User-Agent: [python/3.5.2 (Windows-10-10.0.17763-SP0) msrest/0.6.2 msrest_azure/0.4.34
          computemanagementclient/4.4.0 Azure-SDK-For-Python AZURECLI/2.0.58]
      accept-language: [en-US]
    method: DELETE
    uri: https://management.azure.com/subscriptions/00000000-0000-0000-0000-000000000000/resourceGroups/cli_test_vm_with_specialized_unmanaged_disk000001/providers/Microsoft.Compute/virtualMachines/vm1?api-version=2017-12-01
  response:
    body: {string: ''}
    headers:
      azure-asyncnotification: [Enabled]
      azure-asyncoperation: ['https://management.azure.com/subscriptions/00000000-0000-0000-0000-000000000000/providers/Microsoft.Compute/locations/westus/operations/ca9711bf-a7f5-4bf8-8b53-665314e8ceb9?api-version=2017-12-01']
      cache-control: [no-cache]
      content-length: ['0']
      date: ['Tue, 26 Feb 2019 02:28:21 GMT']
      expires: ['-1']
      location: ['https://management.azure.com/subscriptions/00000000-0000-0000-0000-000000000000/providers/Microsoft.Compute/locations/westus/operations/ca9711bf-a7f5-4bf8-8b53-665314e8ceb9?monitor=true&api-version=2017-12-01']
      pragma: [no-cache]
      server: [Microsoft-HTTPAPI/2.0, Microsoft-HTTPAPI/2.0]
      strict-transport-security: [max-age=31536000; includeSubDomains]
      x-content-type-options: [nosniff]
      x-ms-ratelimit-remaining-resource: ['Microsoft.Compute/DeleteVM3Min;238,Microsoft.Compute/DeleteVM30Min;1190']
      x-ms-ratelimit-remaining-subscription-deletes: ['14999']
    status: {code: 202, message: Accepted}
- request:
    body: null
    headers:
      Accept: [application/json]
      Accept-Encoding: ['gzip, deflate']
      CommandName: [vm delete]
      Connection: [keep-alive]
      ParameterSetName: [-g -n -y]
      User-Agent: [python/3.5.2 (Windows-10-10.0.17763-SP0) msrest/0.6.2 msrest_azure/0.4.34
          computemanagementclient/4.4.0 Azure-SDK-For-Python AZURECLI/2.0.58]
    method: GET
    uri: https://management.azure.com/subscriptions/00000000-0000-0000-0000-000000000000/providers/Microsoft.Compute/locations/westus/operations/ca9711bf-a7f5-4bf8-8b53-665314e8ceb9?api-version=2017-12-01
  response:
    body: {string: "{\r\n  \"startTime\": \"2019-02-26T02:28:21.8840162+00:00\",\r\
        \n  \"status\": \"InProgress\",\r\n  \"name\": \"ca9711bf-a7f5-4bf8-8b53-665314e8ceb9\"\
        \r\n}"}
    headers:
      cache-control: [no-cache]
      content-length: ['134']
      content-type: [application/json; charset=utf-8]
      date: ['Tue, 26 Feb 2019 02:28:32 GMT']
      expires: ['-1']
      pragma: [no-cache]
      server: [Microsoft-HTTPAPI/2.0, Microsoft-HTTPAPI/2.0]
      strict-transport-security: [max-age=31536000; includeSubDomains]
      transfer-encoding: [chunked]
      vary: [Accept-Encoding]
      x-content-type-options: [nosniff]
      x-ms-ratelimit-remaining-resource: ['Microsoft.Compute/GetOperation3Min;14989,Microsoft.Compute/GetOperation30Min;29867']
    status: {code: 200, message: OK}
- request:
    body: null
    headers:
      Accept: [application/json]
      Accept-Encoding: ['gzip, deflate']
      CommandName: [vm delete]
      Connection: [keep-alive]
      ParameterSetName: [-g -n -y]
      User-Agent: [python/3.5.2 (Windows-10-10.0.17763-SP0) msrest/0.6.2 msrest_azure/0.4.34
          computemanagementclient/4.4.0 Azure-SDK-For-Python AZURECLI/2.0.58]
    method: GET
    uri: https://management.azure.com/subscriptions/00000000-0000-0000-0000-000000000000/providers/Microsoft.Compute/locations/westus/operations/ca9711bf-a7f5-4bf8-8b53-665314e8ceb9?api-version=2017-12-01
  response:
    body: {string: "{\r\n  \"startTime\": \"2019-02-26T02:28:21.8840162+00:00\",\r\
        \n  \"status\": \"InProgress\",\r\n  \"name\": \"ca9711bf-a7f5-4bf8-8b53-665314e8ceb9\"\
        \r\n}"}
    headers:
      cache-control: [no-cache]
      content-length: ['134']
      content-type: [application/json; charset=utf-8]
      date: ['Tue, 26 Feb 2019 02:29:02 GMT']
      expires: ['-1']
      pragma: [no-cache]
      server: [Microsoft-HTTPAPI/2.0, Microsoft-HTTPAPI/2.0]
      strict-transport-security: [max-age=31536000; includeSubDomains]
      transfer-encoding: [chunked]
      vary: [Accept-Encoding]
      x-content-type-options: [nosniff]
      x-ms-ratelimit-remaining-resource: ['Microsoft.Compute/GetOperation3Min;14987,Microsoft.Compute/GetOperation30Min;29864']
    status: {code: 200, message: OK}
- request:
    body: null
    headers:
      Accept: [application/json]
      Accept-Encoding: ['gzip, deflate']
      CommandName: [vm delete]
      Connection: [keep-alive]
      ParameterSetName: [-g -n -y]
      User-Agent: [python/3.5.2 (Windows-10-10.0.17763-SP0) msrest/0.6.2 msrest_azure/0.4.34
          computemanagementclient/4.4.0 Azure-SDK-For-Python AZURECLI/2.0.58]
    method: GET
    uri: https://management.azure.com/subscriptions/00000000-0000-0000-0000-000000000000/providers/Microsoft.Compute/locations/westus/operations/ca9711bf-a7f5-4bf8-8b53-665314e8ceb9?api-version=2017-12-01
  response:
    body: {string: "{\r\n  \"startTime\": \"2019-02-26T02:28:21.8840162+00:00\",\r\
        \n  \"status\": \"InProgress\",\r\n  \"name\": \"ca9711bf-a7f5-4bf8-8b53-665314e8ceb9\"\
        \r\n}"}
    headers:
      cache-control: [no-cache]
      content-length: ['134']
      content-type: [application/json; charset=utf-8]
      date: ['Tue, 26 Feb 2019 02:29:32 GMT']
      expires: ['-1']
      pragma: [no-cache]
      server: [Microsoft-HTTPAPI/2.0, Microsoft-HTTPAPI/2.0]
      strict-transport-security: [max-age=31536000; includeSubDomains]
      transfer-encoding: [chunked]
      vary: [Accept-Encoding]
      x-content-type-options: [nosniff]
      x-ms-ratelimit-remaining-resource: ['Microsoft.Compute/GetOperation3Min;14984,Microsoft.Compute/GetOperation30Min;29861']
    status: {code: 200, message: OK}
- request:
    body: null
    headers:
      Accept: [application/json]
      Accept-Encoding: ['gzip, deflate']
      CommandName: [vm delete]
      Connection: [keep-alive]
      ParameterSetName: [-g -n -y]
      User-Agent: [python/3.5.2 (Windows-10-10.0.17763-SP0) msrest/0.6.2 msrest_azure/0.4.34
          computemanagementclient/4.4.0 Azure-SDK-For-Python AZURECLI/2.0.58]
    method: GET
    uri: https://management.azure.com/subscriptions/00000000-0000-0000-0000-000000000000/providers/Microsoft.Compute/locations/westus/operations/ca9711bf-a7f5-4bf8-8b53-665314e8ceb9?api-version=2017-12-01
  response:
    body: {string: "{\r\n  \"startTime\": \"2019-02-26T02:28:21.8840162+00:00\",\r\
        \n  \"status\": \"InProgress\",\r\n  \"name\": \"ca9711bf-a7f5-4bf8-8b53-665314e8ceb9\"\
        \r\n}"}
    headers:
      cache-control: [no-cache]
      content-length: ['134']
      content-type: [application/json; charset=utf-8]
      date: ['Tue, 26 Feb 2019 02:30:02 GMT']
      expires: ['-1']
      pragma: [no-cache]
      server: [Microsoft-HTTPAPI/2.0, Microsoft-HTTPAPI/2.0]
      strict-transport-security: [max-age=31536000; includeSubDomains]
      transfer-encoding: [chunked]
      vary: [Accept-Encoding]
      x-content-type-options: [nosniff]
      x-ms-ratelimit-remaining-resource: ['Microsoft.Compute/GetOperation3Min;14985,Microsoft.Compute/GetOperation30Min;29884']
    status: {code: 200, message: OK}
- request:
    body: null
    headers:
      Accept: [application/json]
      Accept-Encoding: ['gzip, deflate']
      CommandName: [vm delete]
      Connection: [keep-alive]
      ParameterSetName: [-g -n -y]
      User-Agent: [python/3.5.2 (Windows-10-10.0.17763-SP0) msrest/0.6.2 msrest_azure/0.4.34
          computemanagementclient/4.4.0 Azure-SDK-For-Python AZURECLI/2.0.58]
    method: GET
    uri: https://management.azure.com/subscriptions/00000000-0000-0000-0000-000000000000/providers/Microsoft.Compute/locations/westus/operations/ca9711bf-a7f5-4bf8-8b53-665314e8ceb9?api-version=2017-12-01
  response:
    body: {string: "{\r\n  \"startTime\": \"2019-02-26T02:28:21.8840162+00:00\",\r\
        \n  \"status\": \"InProgress\",\r\n  \"name\": \"ca9711bf-a7f5-4bf8-8b53-665314e8ceb9\"\
        \r\n}"}
    headers:
      cache-control: [no-cache]
      content-length: ['134']
      content-type: [application/json; charset=utf-8]
      date: ['Tue, 26 Feb 2019 02:30:32 GMT']
      expires: ['-1']
      pragma: [no-cache]
      server: [Microsoft-HTTPAPI/2.0, Microsoft-HTTPAPI/2.0]
      strict-transport-security: [max-age=31536000; includeSubDomains]
      transfer-encoding: [chunked]
      vary: [Accept-Encoding]
      x-content-type-options: [nosniff]
      x-ms-ratelimit-remaining-resource: ['Microsoft.Compute/GetOperation3Min;14986,Microsoft.Compute/GetOperation30Min;29882']
    status: {code: 200, message: OK}
- request:
    body: null
    headers:
      Accept: [application/json]
      Accept-Encoding: ['gzip, deflate']
      CommandName: [vm delete]
      Connection: [keep-alive]
      ParameterSetName: [-g -n -y]
      User-Agent: [python/3.5.2 (Windows-10-10.0.17763-SP0) msrest/0.6.2 msrest_azure/0.4.34
          computemanagementclient/4.4.0 Azure-SDK-For-Python AZURECLI/2.0.58]
    method: GET
    uri: https://management.azure.com/subscriptions/00000000-0000-0000-0000-000000000000/providers/Microsoft.Compute/locations/westus/operations/ca9711bf-a7f5-4bf8-8b53-665314e8ceb9?api-version=2017-12-01
  response:
    body: {string: "{\r\n  \"startTime\": \"2019-02-26T02:28:21.8840162+00:00\",\r\
        \n  \"status\": \"InProgress\",\r\n  \"name\": \"ca9711bf-a7f5-4bf8-8b53-665314e8ceb9\"\
        \r\n}"}
    headers:
      cache-control: [no-cache]
      content-length: ['134']
      content-type: [application/json; charset=utf-8]
      date: ['Tue, 26 Feb 2019 02:31:03 GMT']
      expires: ['-1']
      pragma: [no-cache]
      server: [Microsoft-HTTPAPI/2.0, Microsoft-HTTPAPI/2.0]
      strict-transport-security: [max-age=31536000; includeSubDomains]
      transfer-encoding: [chunked]
      vary: [Accept-Encoding]
      x-content-type-options: [nosniff]
      x-ms-ratelimit-remaining-resource: ['Microsoft.Compute/GetOperation3Min;14986,Microsoft.Compute/GetOperation30Min;29878']
    status: {code: 200, message: OK}
- request:
    body: null
    headers:
      Accept: [application/json]
      Accept-Encoding: ['gzip, deflate']
      CommandName: [vm delete]
      Connection: [keep-alive]
      ParameterSetName: [-g -n -y]
      User-Agent: [python/3.5.2 (Windows-10-10.0.17763-SP0) msrest/0.6.2 msrest_azure/0.4.34
          computemanagementclient/4.4.0 Azure-SDK-For-Python AZURECLI/2.0.58]
    method: GET
    uri: https://management.azure.com/subscriptions/00000000-0000-0000-0000-000000000000/providers/Microsoft.Compute/locations/westus/operations/ca9711bf-a7f5-4bf8-8b53-665314e8ceb9?api-version=2017-12-01
  response:
    body: {string: "{\r\n  \"startTime\": \"2019-02-26T02:28:21.8840162+00:00\",\r\
        \n  \"status\": \"InProgress\",\r\n  \"name\": \"ca9711bf-a7f5-4bf8-8b53-665314e8ceb9\"\
        \r\n}"}
    headers:
      cache-control: [no-cache]
      content-length: ['134']
      content-type: [application/json; charset=utf-8]
      date: ['Tue, 26 Feb 2019 02:31:33 GMT']
      expires: ['-1']
      pragma: [no-cache]
      server: [Microsoft-HTTPAPI/2.0, Microsoft-HTTPAPI/2.0]
      strict-transport-security: [max-age=31536000; includeSubDomains]
      transfer-encoding: [chunked]
      vary: [Accept-Encoding]
      x-content-type-options: [nosniff]
      x-ms-ratelimit-remaining-resource: ['Microsoft.Compute/GetOperation3Min;14985,Microsoft.Compute/GetOperation30Min;29875']
    status: {code: 200, message: OK}
- request:
    body: null
    headers:
      Accept: [application/json]
      Accept-Encoding: ['gzip, deflate']
      CommandName: [vm delete]
      Connection: [keep-alive]
      ParameterSetName: [-g -n -y]
      User-Agent: [python/3.5.2 (Windows-10-10.0.17763-SP0) msrest/0.6.2 msrest_azure/0.4.34
          computemanagementclient/4.4.0 Azure-SDK-For-Python AZURECLI/2.0.58]
    method: GET
    uri: https://management.azure.com/subscriptions/00000000-0000-0000-0000-000000000000/providers/Microsoft.Compute/locations/westus/operations/ca9711bf-a7f5-4bf8-8b53-665314e8ceb9?api-version=2017-12-01
  response:
    body: {string: "{\r\n  \"startTime\": \"2019-02-26T02:28:21.8840162+00:00\",\r\
        \n  \"status\": \"InProgress\",\r\n  \"name\": \"ca9711bf-a7f5-4bf8-8b53-665314e8ceb9\"\
        \r\n}"}
    headers:
      cache-control: [no-cache]
      content-length: ['134']
      content-type: [application/json; charset=utf-8]
      date: ['Tue, 26 Feb 2019 02:32:04 GMT']
      expires: ['-1']
      pragma: [no-cache]
      server: [Microsoft-HTTPAPI/2.0, Microsoft-HTTPAPI/2.0]
      strict-transport-security: [max-age=31536000; includeSubDomains]
      transfer-encoding: [chunked]
      vary: [Accept-Encoding]
      x-content-type-options: [nosniff]
      x-ms-ratelimit-remaining-resource: ['Microsoft.Compute/GetOperation3Min;14985,Microsoft.Compute/GetOperation30Min;29872']
    status: {code: 200, message: OK}
- request:
    body: null
    headers:
      Accept: [application/json]
      Accept-Encoding: ['gzip, deflate']
      CommandName: [vm delete]
      Connection: [keep-alive]
      ParameterSetName: [-g -n -y]
      User-Agent: [python/3.5.2 (Windows-10-10.0.17763-SP0) msrest/0.6.2 msrest_azure/0.4.34
          computemanagementclient/4.4.0 Azure-SDK-For-Python AZURECLI/2.0.58]
    method: GET
    uri: https://management.azure.com/subscriptions/00000000-0000-0000-0000-000000000000/providers/Microsoft.Compute/locations/westus/operations/ca9711bf-a7f5-4bf8-8b53-665314e8ceb9?api-version=2017-12-01
  response:
    body: {string: "{\r\n  \"startTime\": \"2019-02-26T02:28:21.8840162+00:00\",\r\
        \n  \"status\": \"InProgress\",\r\n  \"name\": \"ca9711bf-a7f5-4bf8-8b53-665314e8ceb9\"\
        \r\n}"}
    headers:
      cache-control: [no-cache]
      content-length: ['134']
      content-type: [application/json; charset=utf-8]
      date: ['Tue, 26 Feb 2019 02:32:33 GMT']
      expires: ['-1']
      pragma: [no-cache]
      server: [Microsoft-HTTPAPI/2.0, Microsoft-HTTPAPI/2.0]
      strict-transport-security: [max-age=31536000; includeSubDomains]
      transfer-encoding: [chunked]
      vary: [Accept-Encoding]
      x-content-type-options: [nosniff]
      x-ms-ratelimit-remaining-resource: ['Microsoft.Compute/GetOperation3Min;14984,Microsoft.Compute/GetOperation30Min;29869']
    status: {code: 200, message: OK}
- request:
    body: null
    headers:
      Accept: [application/json]
      Accept-Encoding: ['gzip, deflate']
      CommandName: [vm delete]
      Connection: [keep-alive]
      ParameterSetName: [-g -n -y]
      User-Agent: [python/3.5.2 (Windows-10-10.0.17763-SP0) msrest/0.6.2 msrest_azure/0.4.34
          computemanagementclient/4.4.0 Azure-SDK-For-Python AZURECLI/2.0.58]
    method: GET
    uri: https://management.azure.com/subscriptions/00000000-0000-0000-0000-000000000000/providers/Microsoft.Compute/locations/westus/operations/ca9711bf-a7f5-4bf8-8b53-665314e8ceb9?api-version=2017-12-01
  response:
    body: {string: "{\r\n  \"startTime\": \"2019-02-26T02:28:21.8840162+00:00\",\r\
        \n  \"status\": \"InProgress\",\r\n  \"name\": \"ca9711bf-a7f5-4bf8-8b53-665314e8ceb9\"\
        \r\n}"}
    headers:
      cache-control: [no-cache]
      content-length: ['134']
      content-type: [application/json; charset=utf-8]
      date: ['Tue, 26 Feb 2019 02:33:04 GMT']
      expires: ['-1']
      pragma: [no-cache]
      server: [Microsoft-HTTPAPI/2.0, Microsoft-HTTPAPI/2.0]
      strict-transport-security: [max-age=31536000; includeSubDomains]
      transfer-encoding: [chunked]
      vary: [Accept-Encoding]
      x-content-type-options: [nosniff]
      x-ms-ratelimit-remaining-resource: ['Microsoft.Compute/GetOperation3Min;14983,Microsoft.Compute/GetOperation30Min;29866']
    status: {code: 200, message: OK}
- request:
    body: null
    headers:
      Accept: [application/json]
      Accept-Encoding: ['gzip, deflate']
      CommandName: [vm delete]
      Connection: [keep-alive]
      ParameterSetName: [-g -n -y]
      User-Agent: [python/3.5.2 (Windows-10-10.0.17763-SP0) msrest/0.6.2 msrest_azure/0.4.34
          computemanagementclient/4.4.0 Azure-SDK-For-Python AZURECLI/2.0.58]
    method: GET
    uri: https://management.azure.com/subscriptions/00000000-0000-0000-0000-000000000000/providers/Microsoft.Compute/locations/westus/operations/ca9711bf-a7f5-4bf8-8b53-665314e8ceb9?api-version=2017-12-01
  response:
    body: {string: "{\r\n  \"startTime\": \"2019-02-26T02:28:21.8840162+00:00\",\r\
        \n  \"status\": \"InProgress\",\r\n  \"name\": \"ca9711bf-a7f5-4bf8-8b53-665314e8ceb9\"\
        \r\n}"}
    headers:
      cache-control: [no-cache]
      content-length: ['134']
      content-type: [application/json; charset=utf-8]
      date: ['Tue, 26 Feb 2019 02:33:35 GMT']
      expires: ['-1']
      pragma: [no-cache]
      server: [Microsoft-HTTPAPI/2.0, Microsoft-HTTPAPI/2.0]
      strict-transport-security: [max-age=31536000; includeSubDomains]
      transfer-encoding: [chunked]
      vary: [Accept-Encoding]
      x-content-type-options: [nosniff]
      x-ms-ratelimit-remaining-resource: ['Microsoft.Compute/GetOperation3Min;14984,Microsoft.Compute/GetOperation30Min;29863']
    status: {code: 200, message: OK}
- request:
    body: null
    headers:
      Accept: [application/json]
      Accept-Encoding: ['gzip, deflate']
      CommandName: [vm delete]
      Connection: [keep-alive]
      ParameterSetName: [-g -n -y]
      User-Agent: [python/3.5.2 (Windows-10-10.0.17763-SP0) msrest/0.6.2 msrest_azure/0.4.34
          computemanagementclient/4.4.0 Azure-SDK-For-Python AZURECLI/2.0.58]
    method: GET
    uri: https://management.azure.com/subscriptions/00000000-0000-0000-0000-000000000000/providers/Microsoft.Compute/locations/westus/operations/ca9711bf-a7f5-4bf8-8b53-665314e8ceb9?api-version=2017-12-01
  response:
    body: {string: "{\r\n  \"startTime\": \"2019-02-26T02:28:21.8840162+00:00\",\r\
        \n  \"status\": \"InProgress\",\r\n  \"name\": \"ca9711bf-a7f5-4bf8-8b53-665314e8ceb9\"\
        \r\n}"}
    headers:
      cache-control: [no-cache]
      content-length: ['134']
      content-type: [application/json; charset=utf-8]
      date: ['Tue, 26 Feb 2019 02:34:04 GMT']
      expires: ['-1']
      pragma: [no-cache]
      server: [Microsoft-HTTPAPI/2.0, Microsoft-HTTPAPI/2.0]
      strict-transport-security: [max-age=31536000; includeSubDomains]
      transfer-encoding: [chunked]
      vary: [Accept-Encoding]
      x-content-type-options: [nosniff]
      x-ms-ratelimit-remaining-resource: ['Microsoft.Compute/GetOperation3Min;14983,Microsoft.Compute/GetOperation30Min;29859']
    status: {code: 200, message: OK}
- request:
    body: null
    headers:
      Accept: [application/json]
      Accept-Encoding: ['gzip, deflate']
      CommandName: [vm delete]
      Connection: [keep-alive]
      ParameterSetName: [-g -n -y]
      User-Agent: [python/3.5.2 (Windows-10-10.0.17763-SP0) msrest/0.6.2 msrest_azure/0.4.34
          computemanagementclient/4.4.0 Azure-SDK-For-Python AZURECLI/2.0.58]
    method: GET
    uri: https://management.azure.com/subscriptions/00000000-0000-0000-0000-000000000000/providers/Microsoft.Compute/locations/westus/operations/ca9711bf-a7f5-4bf8-8b53-665314e8ceb9?api-version=2017-12-01
  response:
    body: {string: "{\r\n  \"startTime\": \"2019-02-26T02:28:21.8840162+00:00\",\r\
        \n  \"status\": \"InProgress\",\r\n  \"name\": \"ca9711bf-a7f5-4bf8-8b53-665314e8ceb9\"\
        \r\n}"}
    headers:
      cache-control: [no-cache]
      content-length: ['134']
      content-type: [application/json; charset=utf-8]
      date: ['Tue, 26 Feb 2019 02:34:35 GMT']
      expires: ['-1']
      pragma: [no-cache]
      server: [Microsoft-HTTPAPI/2.0, Microsoft-HTTPAPI/2.0]
      strict-transport-security: [max-age=31536000; includeSubDomains]
      transfer-encoding: [chunked]
      vary: [Accept-Encoding]
      x-content-type-options: [nosniff]
      x-ms-ratelimit-remaining-resource: ['Microsoft.Compute/GetOperation3Min;14982,Microsoft.Compute/GetOperation30Min;29855']
    status: {code: 200, message: OK}
- request:
    body: null
    headers:
      Accept: [application/json]
      Accept-Encoding: ['gzip, deflate']
      CommandName: [vm delete]
      Connection: [keep-alive]
      ParameterSetName: [-g -n -y]
      User-Agent: [python/3.5.2 (Windows-10-10.0.17763-SP0) msrest/0.6.2 msrest_azure/0.4.34
          computemanagementclient/4.4.0 Azure-SDK-For-Python AZURECLI/2.0.58]
    method: GET
    uri: https://management.azure.com/subscriptions/00000000-0000-0000-0000-000000000000/providers/Microsoft.Compute/locations/westus/operations/ca9711bf-a7f5-4bf8-8b53-665314e8ceb9?api-version=2017-12-01
  response:
    body: {string: "{\r\n  \"startTime\": \"2019-02-26T02:28:21.8840162+00:00\",\r\
        \n  \"status\": \"InProgress\",\r\n  \"name\": \"ca9711bf-a7f5-4bf8-8b53-665314e8ceb9\"\
        \r\n}"}
    headers:
      cache-control: [no-cache]
      content-length: ['134']
      content-type: [application/json; charset=utf-8]
      date: ['Tue, 26 Feb 2019 02:35:05 GMT']
      expires: ['-1']
      pragma: [no-cache]
      server: [Microsoft-HTTPAPI/2.0, Microsoft-HTTPAPI/2.0]
      strict-transport-security: [max-age=31536000; includeSubDomains]
      transfer-encoding: [chunked]
      vary: [Accept-Encoding]
      x-content-type-options: [nosniff]
      x-ms-ratelimit-remaining-resource: ['Microsoft.Compute/GetOperation3Min;14982,Microsoft.Compute/GetOperation30Min;29870']
    status: {code: 200, message: OK}
- request:
    body: null
    headers:
      Accept: [application/json]
      Accept-Encoding: ['gzip, deflate']
      CommandName: [vm delete]
      Connection: [keep-alive]
      ParameterSetName: [-g -n -y]
      User-Agent: [python/3.5.2 (Windows-10-10.0.17763-SP0) msrest/0.6.2 msrest_azure/0.4.34
          computemanagementclient/4.4.0 Azure-SDK-For-Python AZURECLI/2.0.58]
    method: GET
    uri: https://management.azure.com/subscriptions/00000000-0000-0000-0000-000000000000/providers/Microsoft.Compute/locations/westus/operations/ca9711bf-a7f5-4bf8-8b53-665314e8ceb9?api-version=2017-12-01
  response:
    body: {string: "{\r\n  \"startTime\": \"2019-02-26T02:28:21.8840162+00:00\",\r\
        \n  \"status\": \"InProgress\",\r\n  \"name\": \"ca9711bf-a7f5-4bf8-8b53-665314e8ceb9\"\
        \r\n}"}
    headers:
      cache-control: [no-cache]
      content-length: ['134']
      content-type: [application/json; charset=utf-8]
      date: ['Tue, 26 Feb 2019 02:35:36 GMT']
      expires: ['-1']
      pragma: [no-cache]
      server: [Microsoft-HTTPAPI/2.0, Microsoft-HTTPAPI/2.0]
      strict-transport-security: [max-age=31536000; includeSubDomains]
      transfer-encoding: [chunked]
      vary: [Accept-Encoding]
      x-content-type-options: [nosniff]
      x-ms-ratelimit-remaining-resource: ['Microsoft.Compute/GetOperation3Min;14982,Microsoft.Compute/GetOperation30Min;29867']
    status: {code: 200, message: OK}
- request:
    body: null
    headers:
      Accept: [application/json]
      Accept-Encoding: ['gzip, deflate']
      CommandName: [vm delete]
      Connection: [keep-alive]
      ParameterSetName: [-g -n -y]
      User-Agent: [python/3.5.2 (Windows-10-10.0.17763-SP0) msrest/0.6.2 msrest_azure/0.4.34
          computemanagementclient/4.4.0 Azure-SDK-For-Python AZURECLI/2.0.58]
    method: GET
    uri: https://management.azure.com/subscriptions/00000000-0000-0000-0000-000000000000/providers/Microsoft.Compute/locations/westus/operations/ca9711bf-a7f5-4bf8-8b53-665314e8ceb9?api-version=2017-12-01
  response:
    body: {string: "{\r\n  \"startTime\": \"2019-02-26T02:28:21.8840162+00:00\",\r\
        \n  \"endTime\": \"2019-02-26T02:35:44.604286+00:00\",\r\n  \"status\": \"\
        Succeeded\",\r\n  \"name\": \"ca9711bf-a7f5-4bf8-8b53-665314e8ceb9\"\r\n}"}
    headers:
      cache-control: [no-cache]
      content-length: ['183']
      content-type: [application/json; charset=utf-8]
      date: ['Tue, 26 Feb 2019 02:36:05 GMT']
      expires: ['-1']
      pragma: [no-cache]
      server: [Microsoft-HTTPAPI/2.0, Microsoft-HTTPAPI/2.0]
      strict-transport-security: [max-age=31536000; includeSubDomains]
      transfer-encoding: [chunked]
      vary: [Accept-Encoding]
      x-content-type-options: [nosniff]
      x-ms-ratelimit-remaining-resource: ['Microsoft.Compute/GetOperation3Min;14983,Microsoft.Compute/GetOperation30Min;29865']
    status: {code: 200, message: OK}
- request:
    body: null
    headers:
      Accept: [application/json]
      Accept-Encoding: ['gzip, deflate']
      CommandName: [vm create]
      Connection: [keep-alive]
      ParameterSetName: [-g -n --attach-os-disk --os-type --use-unmanaged-disk]
      User-Agent: [python/3.5.2 (Windows-10-10.0.17763-SP0) msrest/0.6.2 msrest_azure/0.4.34
          resourcemanagementclient/2.1.0 Azure-SDK-For-Python AZURECLI/2.0.58]
      accept-language: [en-US]
    method: GET
    uri: https://management.azure.com/subscriptions/00000000-0000-0000-0000-000000000000/resourcegroups/cli_test_vm_with_specialized_unmanaged_disk000001?api-version=2018-05-01
  response:
    body: {string: '{"id":"/subscriptions/00000000-0000-0000-0000-000000000000/resourceGroups/cli_test_vm_with_specialized_unmanaged_disk000001","name":"cli_test_vm_with_specialized_unmanaged_disk000001","location":"westus","tags":{"date":"2019-02-26T02:26:12Z","product":"azurecli","cause":"automation"},"properties":{"provisioningState":"Succeeded"}}'}
    headers:
      cache-control: [no-cache]
      content-length: ['384']
      content-type: [application/json; charset=utf-8]
      date: ['Tue, 26 Feb 2019 02:36:06 GMT']
      expires: ['-1']
      pragma: [no-cache]
      strict-transport-security: [max-age=31536000; includeSubDomains]
      vary: [Accept-Encoding]
      x-content-type-options: [nosniff]
    status: {code: 200, message: OK}
- request:
    body: null
    headers:
      Accept: [application/json]
      Accept-Encoding: ['gzip, deflate']
      CommandName: [vm create]
      Connection: [keep-alive]
      ParameterSetName: [-g -n --attach-os-disk --os-type --use-unmanaged-disk]
      User-Agent: [python/3.5.2 (Windows-10-10.0.17763-SP0) msrest/0.6.2 msrest_azure/0.4.34
          networkmanagementclient/2.4.0 Azure-SDK-For-Python AZURECLI/2.0.58]
      accept-language: [en-US]
    method: GET
    uri: https://management.azure.com/subscriptions/00000000-0000-0000-0000-000000000000/resourceGroups/cli_test_vm_with_specialized_unmanaged_disk000001/providers/Microsoft.Network/virtualNetworks?api-version=2017-10-01
  response:
    body: {string: "{\r\n  \"value\": [\r\n    {\r\n      \"name\": \"vm1VNET\",\r\
        \n      \"id\": \"/subscriptions/00000000-0000-0000-0000-000000000000/resourceGroups/cli_test_vm_with_specialized_unmanaged_disk000001/providers/Microsoft.Network/virtualNetworks/vm1VNET\"\
        ,\r\n      \"etag\": \"W/\\\"cdd08c99-89e9-495e-a53c-5525895323a6\\\"\",\r\
        \n      \"type\": \"Microsoft.Network/virtualNetworks\",\r\n      \"location\"\
        : \"westus\",\r\n      \"tags\": {},\r\n      \"properties\": {\r\n      \
        \  \"provisioningState\": \"Succeeded\",\r\n        \"resourceGuid\": \"d3abb16b-abc9-4851-b677-63116c25a222\"\
        ,\r\n        \"addressSpace\": {\r\n          \"addressPrefixes\": [\r\n \
        \           \"10.0.0.0/16\"\r\n          ]\r\n        },\r\n        \"subnets\"\
        : [\r\n          {\r\n            \"name\": \"vm1Subnet\",\r\n           \
        \ \"id\": \"/subscriptions/00000000-0000-0000-0000-000000000000/resourceGroups/cli_test_vm_with_specialized_unmanaged_disk000001/providers/Microsoft.Network/virtualNetworks/vm1VNET/subnets/vm1Subnet\"\
        ,\r\n            \"etag\": \"W/\\\"cdd08c99-89e9-495e-a53c-5525895323a6\\\"\
        \",\r\n            \"properties\": {\r\n              \"provisioningState\"\
        : \"Succeeded\",\r\n              \"addressPrefix\": \"10.0.0.0/24\",\r\n\
        \              \"ipConfigurations\": [\r\n                {\r\n          \
        \        \"id\": \"/subscriptions/00000000-0000-0000-0000-000000000000/resourceGroups/cli_test_vm_with_specialized_unmanaged_disk000001/providers/Microsoft.Network/networkInterfaces/vm1VMNic/ipConfigurations/ipconfigvm1\"\
        \r\n                }\r\n              ]\r\n            },\r\n           \
        \ \"type\": \"Microsoft.Network/virtualNetworks/subnets\"\r\n          }\r\
        \n        ],\r\n        \"virtualNetworkPeerings\": [],\r\n        \"enableDdosProtection\"\
        : false,\r\n        \"enableVmProtection\": false\r\n      }\r\n    }\r\n\
        \  ]\r\n}"}
    headers:
      cache-control: [no-cache]
      content-length: ['1750']
      content-type: [application/json; charset=utf-8]
      date: ['Tue, 26 Feb 2019 02:36:07 GMT']
      expires: ['-1']
      pragma: [no-cache]
      server: [Microsoft-HTTPAPI/2.0, Microsoft-HTTPAPI/2.0]
      strict-transport-security: [max-age=31536000; includeSubDomains]
      transfer-encoding: [chunked]
      vary: [Accept-Encoding]
      x-content-type-options: [nosniff]
    status: {code: 200, message: OK}
- request:
    body: 'b''{"properties": {"parameters": {}, "mode": "Incremental", "template":
      {"variables": {}, "$schema": "https://schema.management.azure.com/schemas/2015-01-01/deploymentTemplate.json#",
      "resources": [{"dependsOn": [], "tags": {}, "apiVersion": "2015-06-15", "location":
      "westus", "name": "vm2NSG", "properties": {"securityRules": [{"name": "default-allow-ssh",
      "properties": {"protocol": "Tcp", "destinationAddressPrefix": "*", "priority":
      1000, "direction": "Inbound", "access": "Allow", "destinationPortRange": "22",
      "sourcePortRange": "*", "sourceAddressPrefix": "*"}}]}, "type": "Microsoft.Network/networkSecurityGroups"},
      {"dependsOn": [], "tags": {}, "apiVersion": "2017-10-01", "location": "westus",
      "name": "vm2PublicIP", "properties": {"publicIPAllocationMethod": null}, "type":
      "Microsoft.Network/publicIPAddresses"}, {"dependsOn": ["Microsoft.Network/networkSecurityGroups/vm2NSG",
      "Microsoft.Network/publicIpAddresses/vm2PublicIP"], "tags": {}, "apiVersion":
      "2015-06-15", "location": "westus", "name": "vm2VMNic", "properties": {"ipConfigurations":
      [{"name": "ipconfigvm2", "properties": {"publicIPAddress": {"id": "/subscriptions/00000000-0000-0000-0000-000000000000/resourceGroups/cli_test_vm_with_specialized_unmanaged_disk000001/providers/Microsoft.Network/publicIPAddresses/vm2PublicIP"},
      "privateIPAllocationMethod": "Dynamic", "subnet": {"id": "/subscriptions/00000000-0000-0000-0000-000000000000/resourceGroups/cli_test_vm_with_specialized_unmanaged_disk000001/providers/Microsoft.Network/virtualNetworks/vm1VNET/subnets/vm1Subnet"}}}],
      "networkSecurityGroup": {"id": "/subscriptions/00000000-0000-0000-0000-000000000000/resourceGroups/cli_test_vm_with_specialized_unmanaged_disk000001/providers/Microsoft.Network/networkSecurityGroups/vm2NSG"}},
      "type": "Microsoft.Network/networkInterfaces"}, {"dependsOn": ["Microsoft.Network/networkInterfaces/vm2VMNic"],
      "tags": {}, "apiVersion": "2017-12-01", "location": "westus", "name": "vm2",
      "properties": {"networkProfile": {"networkInterfaces": [{"id": "/subscriptions/00000000-0000-0000-0000-000000000000/resourceGroups/cli_test_vm_with_specialized_unmanaged_disk000001/providers/Microsoft.Network/networkInterfaces/vm2VMNic"}]},
      "hardwareProfile": {"vmSize": "Standard_DS1_v2"}, "storageProfile": {"osDisk":
      {"osType": "linux", "name": "osdisk_95e96a94d3", "createOption": "attach", "vhd":
      {"uri": "https://vhdstorage95e96a94d3e7f9.blob.core.windows.net/vhds/osdisk_95e96a94d3.vhd"}}}},
      "type": "Microsoft.Compute/virtualMachines"}], "outputs": {}, "contentVersion":
      "1.0.0.0", "parameters": {}}}}'''
    headers:
      Accept: [application/json]
      Accept-Encoding: ['gzip, deflate']
      CommandName: [vm create]
      Connection: [keep-alive]
      Content-Length: ['2665']
      Content-Type: [application/json; charset=utf-8]
      ParameterSetName: [-g -n --attach-os-disk --os-type --use-unmanaged-disk]
      User-Agent: [python/3.5.2 (Windows-10-10.0.17763-SP0) msrest/0.6.2 msrest_azure/0.4.34
          resourcemanagementclient/2.1.0 Azure-SDK-For-Python AZURECLI/2.0.58]
      accept-language: [en-US]
    method: PUT
    uri: https://management.azure.com/subscriptions/00000000-0000-0000-0000-000000000000/resourcegroups/cli_test_vm_with_specialized_unmanaged_disk000001/providers/Microsoft.Resources/deployments/mock-deployment?api-version=2018-05-01
  response:
    body: {string: '{"id":"/subscriptions/00000000-0000-0000-0000-000000000000/resourceGroups/cli_test_vm_with_specialized_unmanaged_disk000001/providers/Microsoft.Resources/deployments/vm_deploy_kCmKH3hwok0VzMk8xMfN1q6Pt7oeiYcu","name":"vm_deploy_kCmKH3hwok0VzMk8xMfN1q6Pt7oeiYcu","properties":{"templateHash":"14821785566704997089","parameters":{},"mode":"Incremental","provisioningState":"Accepted","timestamp":"2019-02-26T02:36:11.1506859Z","duration":"PT1.2416273S","correlationId":"e0ddea03-c8e3-49a5-b1c5-6489e47116ea","providers":[{"namespace":"Microsoft.Network","resourceTypes":[{"resourceType":"networkSecurityGroups","locations":["westus"]},{"resourceType":"publicIPAddresses","locations":["westus"]},{"resourceType":"networkInterfaces","locations":["westus"]}]},{"namespace":"Microsoft.Compute","resourceTypes":[{"resourceType":"virtualMachines","locations":["westus"]}]}],"dependencies":[{"dependsOn":[{"id":"/subscriptions/00000000-0000-0000-0000-000000000000/resourceGroups/cli_test_vm_with_specialized_unmanaged_disk000001/providers/Microsoft.Network/networkSecurityGroups/vm2NSG","resourceType":"Microsoft.Network/networkSecurityGroups","resourceName":"vm2NSG"},{"id":"/subscriptions/00000000-0000-0000-0000-000000000000/resourceGroups/cli_test_vm_with_specialized_unmanaged_disk000001/providers/Microsoft.Network/publicIPAddresses/vm2PublicIP","resourceType":"Microsoft.Network/publicIPAddresses","resourceName":"vm2PublicIP"}],"id":"/subscriptions/00000000-0000-0000-0000-000000000000/resourceGroups/cli_test_vm_with_specialized_unmanaged_disk000001/providers/Microsoft.Network/networkInterfaces/vm2VMNic","resourceType":"Microsoft.Network/networkInterfaces","resourceName":"vm2VMNic"},{"dependsOn":[{"id":"/subscriptions/00000000-0000-0000-0000-000000000000/resourceGroups/cli_test_vm_with_specialized_unmanaged_disk000001/providers/Microsoft.Network/networkInterfaces/vm2VMNic","resourceType":"Microsoft.Network/networkInterfaces","resourceName":"vm2VMNic"}],"id":"/subscriptions/00000000-0000-0000-0000-000000000000/resourceGroups/cli_test_vm_with_specialized_unmanaged_disk000001/providers/Microsoft.Compute/virtualMachines/vm2","resourceType":"Microsoft.Compute/virtualMachines","resourceName":"vm2"}]}}'}
    headers:
      azure-asyncoperation: ['https://management.azure.com/subscriptions/00000000-0000-0000-0000-000000000000/resourcegroups/cli_test_vm_with_specialized_unmanaged_disk000001/providers/Microsoft.Resources/deployments/vm_deploy_kCmKH3hwok0VzMk8xMfN1q6Pt7oeiYcu/operationStatuses/08586504583155685629?api-version=2018-05-01']
      cache-control: [no-cache]
      content-length: ['2364']
      content-type: [application/json; charset=utf-8]
      date: ['Tue, 26 Feb 2019 02:36:10 GMT']
      expires: ['-1']
      pragma: [no-cache]
      strict-transport-security: [max-age=31536000; includeSubDomains]
      x-content-type-options: [nosniff]
      x-ms-ratelimit-remaining-subscription-writes: ['1198']
    status: {code: 201, message: Created}
- request:
    body: null
    headers:
      Accept: [application/json]
      Accept-Encoding: ['gzip, deflate']
      CommandName: [vm create]
      Connection: [keep-alive]
      ParameterSetName: [-g -n --attach-os-disk --os-type --use-unmanaged-disk]
      User-Agent: [python/3.5.2 (Windows-10-10.0.17763-SP0) msrest/0.6.2 msrest_azure/0.4.34
          resourcemanagementclient/2.1.0 Azure-SDK-For-Python AZURECLI/2.0.58]
    method: GET
    uri: https://management.azure.com/subscriptions/00000000-0000-0000-0000-000000000000/resourcegroups/cli_test_vm_with_specialized_unmanaged_disk000001/providers/Microsoft.Resources/deployments/mock-deployment/operationStatuses/08586504583155685629?api-version=2018-05-01
  response:
    body: {string: '{"status":"Running"}'}
    headers:
      cache-control: [no-cache]
      content-length: ['20']
      content-type: [application/json; charset=utf-8]
      date: ['Tue, 26 Feb 2019 02:36:43 GMT']
      expires: ['-1']
      pragma: [no-cache]
      strict-transport-security: [max-age=31536000; includeSubDomains]
      vary: [Accept-Encoding]
      x-content-type-options: [nosniff]
    status: {code: 200, message: OK}
- request:
    body: null
    headers:
      Accept: [application/json]
      Accept-Encoding: ['gzip, deflate']
      CommandName: [vm create]
      Connection: [keep-alive]
      ParameterSetName: [-g -n --attach-os-disk --os-type --use-unmanaged-disk]
      User-Agent: [python/3.5.2 (Windows-10-10.0.17763-SP0) msrest/0.6.2 msrest_azure/0.4.34
          resourcemanagementclient/2.1.0 Azure-SDK-For-Python AZURECLI/2.0.58]
    method: GET
    uri: https://management.azure.com/subscriptions/00000000-0000-0000-0000-000000000000/resourcegroups/cli_test_vm_with_specialized_unmanaged_disk000001/providers/Microsoft.Resources/deployments/mock-deployment/operationStatuses/08586504583155685629?api-version=2018-05-01
  response:
    body: {string: '{"status":"Succeeded"}'}
    headers:
      cache-control: [no-cache]
      content-length: ['22']
      content-type: [application/json; charset=utf-8]
      date: ['Tue, 26 Feb 2019 02:37:13 GMT']
      expires: ['-1']
      pragma: [no-cache]
      strict-transport-security: [max-age=31536000; includeSubDomains]
      vary: [Accept-Encoding]
      x-content-type-options: [nosniff]
    status: {code: 200, message: OK}
- request:
    body: null
    headers:
      Accept: [application/json]
      Accept-Encoding: ['gzip, deflate']
      CommandName: [vm create]
      Connection: [keep-alive]
      ParameterSetName: [-g -n --attach-os-disk --os-type --use-unmanaged-disk]
      User-Agent: [python/3.5.2 (Windows-10-10.0.17763-SP0) msrest/0.6.2 msrest_azure/0.4.34
          resourcemanagementclient/2.1.0 Azure-SDK-For-Python AZURECLI/2.0.58]
    method: GET
    uri: https://management.azure.com/subscriptions/00000000-0000-0000-0000-000000000000/resourcegroups/cli_test_vm_with_specialized_unmanaged_disk000001/providers/Microsoft.Resources/deployments/mock-deployment?api-version=2018-05-01
  response:
    body: {string: '{"id":"/subscriptions/00000000-0000-0000-0000-000000000000/resourceGroups/cli_test_vm_with_specialized_unmanaged_disk000001/providers/Microsoft.Resources/deployments/vm_deploy_kCmKH3hwok0VzMk8xMfN1q6Pt7oeiYcu","name":"vm_deploy_kCmKH3hwok0VzMk8xMfN1q6Pt7oeiYcu","properties":{"templateHash":"14821785566704997089","parameters":{},"mode":"Incremental","provisioningState":"Succeeded","timestamp":"2019-02-26T02:36:54.6122801Z","duration":"PT44.7032215S","correlationId":"e0ddea03-c8e3-49a5-b1c5-6489e47116ea","providers":[{"namespace":"Microsoft.Network","resourceTypes":[{"resourceType":"networkSecurityGroups","locations":["westus"]},{"resourceType":"publicIPAddresses","locations":["westus"]},{"resourceType":"networkInterfaces","locations":["westus"]}]},{"namespace":"Microsoft.Compute","resourceTypes":[{"resourceType":"virtualMachines","locations":["westus"]}]}],"dependencies":[{"dependsOn":[{"id":"/subscriptions/00000000-0000-0000-0000-000000000000/resourceGroups/cli_test_vm_with_specialized_unmanaged_disk000001/providers/Microsoft.Network/networkSecurityGroups/vm2NSG","resourceType":"Microsoft.Network/networkSecurityGroups","resourceName":"vm2NSG"},{"id":"/subscriptions/00000000-0000-0000-0000-000000000000/resourceGroups/cli_test_vm_with_specialized_unmanaged_disk000001/providers/Microsoft.Network/publicIPAddresses/vm2PublicIP","resourceType":"Microsoft.Network/publicIPAddresses","resourceName":"vm2PublicIP"}],"id":"/subscriptions/00000000-0000-0000-0000-000000000000/resourceGroups/cli_test_vm_with_specialized_unmanaged_disk000001/providers/Microsoft.Network/networkInterfaces/vm2VMNic","resourceType":"Microsoft.Network/networkInterfaces","resourceName":"vm2VMNic"},{"dependsOn":[{"id":"/subscriptions/00000000-0000-0000-0000-000000000000/resourceGroups/cli_test_vm_with_specialized_unmanaged_disk000001/providers/Microsoft.Network/networkInterfaces/vm2VMNic","resourceType":"Microsoft.Network/networkInterfaces","resourceName":"vm2VMNic"}],"id":"/subscriptions/00000000-0000-0000-0000-000000000000/resourceGroups/cli_test_vm_with_specialized_unmanaged_disk000001/providers/Microsoft.Compute/virtualMachines/vm2","resourceType":"Microsoft.Compute/virtualMachines","resourceName":"vm2"}],"outputs":{},"outputResources":[{"id":"/subscriptions/00000000-0000-0000-0000-000000000000/resourceGroups/cli_test_vm_with_specialized_unmanaged_disk000001/providers/Microsoft.Compute/virtualMachines/vm2"},{"id":"/subscriptions/00000000-0000-0000-0000-000000000000/resourceGroups/cli_test_vm_with_specialized_unmanaged_disk000001/providers/Microsoft.Network/networkInterfaces/vm2VMNic"},{"id":"/subscriptions/00000000-0000-0000-0000-000000000000/resourceGroups/cli_test_vm_with_specialized_unmanaged_disk000001/providers/Microsoft.Network/networkSecurityGroups/vm2NSG"},{"id":"/subscriptions/00000000-0000-0000-0000-000000000000/resourceGroups/cli_test_vm_with_specialized_unmanaged_disk000001/providers/Microsoft.Network/publicIPAddresses/vm2PublicIP"}]}}'}
    headers:
      cache-control: [no-cache]
      content-length: ['3225']
      content-type: [application/json; charset=utf-8]
      date: ['Tue, 26 Feb 2019 02:37:13 GMT']
      expires: ['-1']
      pragma: [no-cache]
      strict-transport-security: [max-age=31536000; includeSubDomains]
      vary: [Accept-Encoding]
      x-content-type-options: [nosniff]
    status: {code: 200, message: OK}
- request:
    body: null
    headers:
      Accept: [application/json]
      Accept-Encoding: ['gzip, deflate']
      CommandName: [vm create]
      Connection: [keep-alive]
      ParameterSetName: [-g -n --attach-os-disk --os-type --use-unmanaged-disk]
      User-Agent: [python/3.5.2 (Windows-10-10.0.17763-SP0) msrest/0.6.2 msrest_azure/0.4.34
          computemanagementclient/4.4.0 Azure-SDK-For-Python AZURECLI/2.0.58]
      accept-language: [en-US]
    method: GET
    uri: https://management.azure.com/subscriptions/00000000-0000-0000-0000-000000000000/resourceGroups/cli_test_vm_with_specialized_unmanaged_disk000001/providers/Microsoft.Compute/virtualMachines/vm2?$expand=instanceView&api-version=2017-12-01
  response:
    body: {string: "{\r\n  \"properties\": {\r\n    \"vmId\": \"bbd7ad2d-6ff2-4aa3-810c-7d72360b1922\"\
        ,\r\n    \"hardwareProfile\": {\r\n      \"vmSize\": \"Standard_DS1_v2\"\r\
        \n    },\r\n    \"storageProfile\": {\r\n      \"osDisk\": {\r\n        \"\
        osType\": \"Linux\",\r\n        \"name\": \"osdisk_95e96a94d3\",\r\n     \
        \   \"createOption\": \"Attach\",\r\n        \"vhd\": {\r\n          \"uri\"\
        : \"https://vhdstorage95e96a94d3e7f9.blob.core.windows.net/vhds/osdisk_95e96a94d3.vhd\"\
        \r\n        },\r\n        \"caching\": \"ReadWrite\",\r\n        \"diskSizeGB\"\
        : 30\r\n      },\r\n      \"dataDisks\": []\r\n    },\r\n    \"networkProfile\"\
        : {\"networkInterfaces\":[{\"id\":\"/subscriptions/00000000-0000-0000-0000-000000000000/resourceGroups/cli_test_vm_with_specialized_unmanaged_disk000001/providers/Microsoft.Network/networkInterfaces/vm2VMNic\"\
        }]},\r\n    \"provisioningState\": \"Succeeded\",\r\n    \"instanceView\"\
        : {\r\n      \"vmAgent\": {\r\n        \"vmAgentVersion\": \"Unknown\",\r\n\
        \        \"statuses\": [\r\n          {\r\n            \"code\": \"ProvisioningState/Unavailable\"\
        ,\r\n            \"level\": \"Warning\",\r\n            \"displayStatus\"\
        : \"Not Ready\",\r\n            \"message\": \"VM status blob is found but\
        \ not yet populated.\",\r\n            \"time\": \"2019-02-26T02:37:14+00:00\"\
        \r\n          }\r\n        ]\r\n      },\r\n      \"disks\": [\r\n       \
        \ {\r\n          \"name\": \"osdisk_95e96a94d3\",\r\n          \"statuses\"\
        : [\r\n            {\r\n              \"code\": \"ProvisioningState/succeeded\"\
        ,\r\n              \"level\": \"Info\",\r\n              \"displayStatus\"\
        : \"Provisioning succeeded\",\r\n              \"time\": \"2019-02-26T02:36:33.2452042+00:00\"\
        \r\n            }\r\n          ]\r\n        }\r\n      ],\r\n      \"statuses\"\
        : [\r\n        {\r\n          \"code\": \"ProvisioningState/succeeded\",\r\
        \n          \"level\": \"Info\",\r\n          \"displayStatus\": \"Provisioning\
        \ succeeded\",\r\n          \"time\": \"2019-02-26T02:36:48.8390572+00:00\"\
        \r\n        },\r\n        {\r\n          \"code\": \"PowerState/running\"\
        ,\r\n          \"level\": \"Info\",\r\n          \"displayStatus\": \"VM running\"\
        \r\n        }\r\n      ]\r\n    }\r\n  },\r\n  \"type\": \"Microsoft.Compute/virtualMachines\"\
        ,\r\n  \"location\": \"westus\",\r\n  \"tags\": {},\r\n  \"id\": \"/subscriptions/00000000-0000-0000-0000-000000000000/resourceGroups/cli_test_vm_with_specialized_unmanaged_disk000001/providers/Microsoft.Compute/virtualMachines/vm2\"\
        ,\r\n  \"name\": \"vm2\"\r\n}"}
    headers:
      cache-control: [no-cache]
      content-length: ['2274']
      content-type: [application/json; charset=utf-8]
      date: ['Tue, 26 Feb 2019 02:37:14 GMT']
      expires: ['-1']
      pragma: [no-cache]
      server: [Microsoft-HTTPAPI/2.0, Microsoft-HTTPAPI/2.0]
      strict-transport-security: [max-age=31536000; includeSubDomains]
      transfer-encoding: [chunked]
      vary: [Accept-Encoding]
      x-content-type-options: [nosniff]
      x-ms-ratelimit-remaining-resource: ['Microsoft.Compute/LowCostGet3Min;3988,Microsoft.Compute/LowCostGet30Min;31878']
    status: {code: 200, message: OK}
- request:
    body: null
    headers:
      Accept: [application/json]
      Accept-Encoding: ['gzip, deflate']
      CommandName: [vm create]
      Connection: [keep-alive]
      ParameterSetName: [-g -n --attach-os-disk --os-type --use-unmanaged-disk]
      User-Agent: [python/3.5.2 (Windows-10-10.0.17763-SP0) msrest/0.6.2 msrest_azure/0.4.34
          networkmanagementclient/2.4.0 Azure-SDK-For-Python AZURECLI/2.0.58]
      accept-language: [en-US]
    method: GET
    uri: https://management.azure.com/subscriptions/00000000-0000-0000-0000-000000000000/resourceGroups/cli_test_vm_with_specialized_unmanaged_disk000001/providers/Microsoft.Network/networkInterfaces/vm2VMNic?api-version=2017-10-01
  response:
    body: {string: "{\r\n  \"name\": \"vm2VMNic\",\r\n  \"id\": \"/subscriptions/00000000-0000-0000-0000-000000000000/resourceGroups/cli_test_vm_with_specialized_unmanaged_disk000001/providers/Microsoft.Network/networkInterfaces/vm2VMNic\"\
        ,\r\n  \"etag\": \"W/\\\"559f3d01-0dd4-4a63-a6a8-3f83d07af9ee\\\"\",\r\n \
        \ \"location\": \"westus\",\r\n  \"tags\": {},\r\n  \"properties\": {\r\n\
        \    \"provisioningState\": \"Succeeded\",\r\n    \"resourceGuid\": \"2bb30beb-5734-440d-804a-06a6b566d824\"\
        ,\r\n    \"ipConfigurations\": [\r\n      {\r\n        \"name\": \"ipconfigvm2\"\
        ,\r\n        \"id\": \"/subscriptions/00000000-0000-0000-0000-000000000000/resourceGroups/cli_test_vm_with_specialized_unmanaged_disk000001/providers/Microsoft.Network/networkInterfaces/vm2VMNic/ipConfigurations/ipconfigvm2\"\
        ,\r\n        \"etag\": \"W/\\\"559f3d01-0dd4-4a63-a6a8-3f83d07af9ee\\\"\"\
        ,\r\n        \"type\": \"Microsoft.Network/networkInterfaces/ipConfigurations\"\
        ,\r\n        \"properties\": {\r\n          \"provisioningState\": \"Succeeded\"\
        ,\r\n          \"privateIPAddress\": \"10.0.0.5\",\r\n          \"privateIPAllocationMethod\"\
        : \"Dynamic\",\r\n          \"publicIPAddress\": {\r\n            \"id\":\
        \ \"/subscriptions/00000000-0000-0000-0000-000000000000/resourceGroups/cli_test_vm_with_specialized_unmanaged_disk000001/providers/Microsoft.Network/publicIPAddresses/vm2PublicIP\"\
        \r\n          },\r\n          \"subnet\": {\r\n            \"id\": \"/subscriptions/00000000-0000-0000-0000-000000000000/resourceGroups/cli_test_vm_with_specialized_unmanaged_disk000001/providers/Microsoft.Network/virtualNetworks/vm1VNET/subnets/vm1Subnet\"\
        \r\n          },\r\n          \"primary\": true,\r\n          \"privateIPAddressVersion\"\
        : \"IPv4\"\r\n        }\r\n      }\r\n    ],\r\n    \"dnsSettings\": {\r\n\
        \      \"dnsServers\": [],\r\n      \"appliedDnsServers\": [],\r\n      \"\
        internalDomainNameSuffix\": \"noy0xu4jvniurntxmmiwyjncec.dx.internal.cloudapp.net\"\
        \r\n    },\r\n    \"macAddress\": \"00-0D-3A-37-3C-87\",\r\n    \"enableAcceleratedNetworking\"\
        : false,\r\n    \"enableIPForwarding\": false,\r\n    \"networkSecurityGroup\"\
        : {\r\n      \"id\": \"/subscriptions/00000000-0000-0000-0000-000000000000/resourceGroups/cli_test_vm_with_specialized_unmanaged_disk000001/providers/Microsoft.Network/networkSecurityGroups/vm2NSG\"\
        \r\n    },\r\n    \"primary\": true,\r\n    \"virtualMachine\": {\r\n    \
        \  \"id\": \"/subscriptions/00000000-0000-0000-0000-000000000000/resourceGroups/cli_test_vm_with_specialized_unmanaged_disk000001/providers/Microsoft.Compute/virtualMachines/vm2\"\
        \r\n    }\r\n  },\r\n  \"type\": \"Microsoft.Network/networkInterfaces\"\r\
        \n}"}
    headers:
      cache-control: [no-cache]
      content-length: ['2568']
      content-type: [application/json; charset=utf-8]
      date: ['Tue, 26 Feb 2019 02:37:14 GMT']
      etag: [W/"559f3d01-0dd4-4a63-a6a8-3f83d07af9ee"]
      expires: ['-1']
      pragma: [no-cache]
      server: [Microsoft-HTTPAPI/2.0, Microsoft-HTTPAPI/2.0]
      strict-transport-security: [max-age=31536000; includeSubDomains]
      transfer-encoding: [chunked]
      vary: [Accept-Encoding]
      x-content-type-options: [nosniff]
    status: {code: 200, message: OK}
- request:
    body: null
    headers:
      Accept: [application/json]
      Accept-Encoding: ['gzip, deflate']
      CommandName: [vm create]
      Connection: [keep-alive]
      ParameterSetName: [-g -n --attach-os-disk --os-type --use-unmanaged-disk]
      User-Agent: [python/3.5.2 (Windows-10-10.0.17763-SP0) msrest/0.6.2 msrest_azure/0.4.34
          networkmanagementclient/2.4.0 Azure-SDK-For-Python AZURECLI/2.0.58]
      accept-language: [en-US]
    method: GET
    uri: https://management.azure.com/subscriptions/00000000-0000-0000-0000-000000000000/resourceGroups/cli_test_vm_with_specialized_unmanaged_disk000001/providers/Microsoft.Network/publicIPAddresses/vm2PublicIP?api-version=2017-10-01
  response:
    body: {string: "{\r\n  \"name\": \"vm2PublicIP\",\r\n  \"id\": \"/subscriptions/00000000-0000-0000-0000-000000000000/resourceGroups/cli_test_vm_with_specialized_unmanaged_disk000001/providers/Microsoft.Network/publicIPAddresses/vm2PublicIP\"\
        ,\r\n  \"etag\": \"W/\\\"17aa98d4-2a9f-4a4f-874b-c58d72c0728d\\\"\",\r\n \
        \ \"location\": \"westus\",\r\n  \"tags\": {},\r\n  \"properties\": {\r\n\
        \    \"provisioningState\": \"Succeeded\",\r\n    \"resourceGuid\": \"bbd887b2-7d06-4154-97f5-bb2267878e7c\"\
        ,\r\n    \"ipAddress\": \"168.62.214.167\",\r\n    \"publicIPAddressVersion\"\
        : \"IPv4\",\r\n    \"publicIPAllocationMethod\": \"Dynamic\",\r\n    \"idleTimeoutInMinutes\"\
        : 4,\r\n    \"ipTags\": [],\r\n    \"ipConfiguration\": {\r\n      \"id\"\
        : \"/subscriptions/00000000-0000-0000-0000-000000000000/resourceGroups/cli_test_vm_with_specialized_unmanaged_disk000001/providers/Microsoft.Network/networkInterfaces/vm2VMNic/ipConfigurations/ipconfigvm2\"\
        \r\n    }\r\n  },\r\n  \"type\": \"Microsoft.Network/publicIPAddresses\",\r\
        \n  \"sku\": {\r\n    \"name\": \"Basic\",\r\n    \"tier\": \"Regional\"\r\
        \n  }\r\n}"}
    headers:
      cache-control: [no-cache]
      content-length: ['1023']
      content-type: [application/json; charset=utf-8]
      date: ['Tue, 26 Feb 2019 02:37:15 GMT']
      etag: [W/"17aa98d4-2a9f-4a4f-874b-c58d72c0728d"]
      expires: ['-1']
      pragma: [no-cache]
      server: [Microsoft-HTTPAPI/2.0, Microsoft-HTTPAPI/2.0]
      strict-transport-security: [max-age=31536000; includeSubDomains]
      transfer-encoding: [chunked]
      vary: [Accept-Encoding]
      x-content-type-options: [nosniff]
    status: {code: 200, message: OK}
- request:
    body: null
    headers:
      Accept: [application/json]
      Accept-Encoding: ['gzip, deflate']
      CommandName: [group delete]
      Connection: [keep-alive]
      Content-Length: ['0']
      ParameterSetName: [--name --yes --no-wait]
      User-Agent: [python/3.5.2 (Windows-10-10.0.17763-SP0) msrest/0.6.2 msrest_azure/0.4.34
          resourcemanagementclient/2.1.0 Azure-SDK-For-Python AZURECLI/2.0.58]
      accept-language: [en-US]
    method: DELETE
    uri: https://management.azure.com/subscriptions/00000000-0000-0000-0000-000000000000/resourcegroups/cli_test_vm_with_specialized_unmanaged_disk000001?api-version=2018-05-01
  response:
    body: {string: ''}
    headers:
      cache-control: [no-cache]
      content-length: ['0']
      date: ['Tue, 26 Feb 2019 02:37:15 GMT']
      expires: ['-1']
      location: ['https://management.azure.com/subscriptions/00000000-0000-0000-0000-000000000000/operationresults/eyJqb2JJZCI6IlJFU09VUkNFR1JPVVBERUxFVElPTkpPQi1DTEk6NUZURVNUOjVGVk06NUZXSVRIOjVGU1BFQ0lBTElaRUQ6NUZVTk1BTkFHRXxDMDYwNjQ2MTIyRUJCNTQzLVdFU1RVUyIsImpvYkxvY2F0aW9uIjoid2VzdHVzIn0?api-version=2018-05-01']
      pragma: [no-cache]
      strict-transport-security: [max-age=31536000; includeSubDomains]
      x-content-type-options: [nosniff]
      x-ms-ratelimit-remaining-subscription-deletes: ['14999']
    status: {code: 202, message: Accepted}
version: 1
