interactions:
- request:
    body: null
    headers:
      Accept:
      - application/json
      Accept-Encoding:
      - gzip, deflate
      CommandName:
      - vm create
      Connection:
      - keep-alive
      ParameterSetName:
      - -g -n --image --admin-username --admin-password
      User-Agent:
      - AZURECLI/2.34.1 azsdk-python-azure-mgmt-resource/20.0.0 Python/3.10.0 (Windows-10-10.0.19043-SP0)
    method: GET
    uri: https://management.azure.com/subscriptions/00000000-0000-0000-0000-000000000000/resourcegroups/cli_test_vm_encryption000001?api-version=2018-05-01
  response:
    body:
      string: '{"id":"/subscriptions/00000000-0000-0000-0000-000000000000/resourceGroups/cli_test_vm_encryption000001","name":"cli_test_vm_encryption000001","location":"westus","tags":{"product":"azurecli","cause":"automation","date":"2022-03-17T03:01:54Z"},"properties":{"provisioningState":"Succeeded"}}'
    headers:
      cache-control:
      - no-cache
      content-length:
      - '290'
      content-type:
      - application/json; charset=utf-8
      date:
      - Thu, 17 Mar 2022 03:03:09 GMT
      expires:
      - '-1'
      pragma:
      - no-cache
      strict-transport-security:
      - max-age=31536000; includeSubDomains
      vary:
      - Accept-Encoding
      x-content-type-options:
      - nosniff
    status:
      code: 200
      message: OK
- request:
    body: null
    headers:
      Accept:
      - '*/*'
      Accept-Encoding:
      - gzip, deflate
      Connection:
      - keep-alive
      User-Agent:
      - python-requests/2.26.0
    method: GET
    uri: https://raw.githubusercontent.com/Azure/azure-rest-api-specs/main/arm-compute/quickstart-templates/aliases.json
  response:
    body:
      string: "{\n  \"$schema\": \"http://schema.management.azure.com/schemas/2015-01-01/deploymentTemplate.json\",\n
        \ \"contentVersion\": \"1.0.0.0\",\n  \"parameters\": {},\n  \"variables\":
        {},\n  \"resources\": [],\n  \"outputs\": {\n    \"aliases\": {\n      \"type\":
        \"object\",\n      \"value\": {\n        \"Linux\": {\n          \"CentOS\":
        {\n            \"publisher\": \"OpenLogic\",\n            \"offer\": \"CentOS\",\n
        \           \"sku\": \"7.5\",\n            \"version\": \"latest\"\n          },\n
        \         \"Debian\": {\n            \"publisher\": \"Debian\",\n            \"offer\":
        \"debian-10\",\n            \"sku\": \"10\",\n            \"version\": \"latest\"\n
        \         },\n          \"Flatcar\": {\n            \"publisher\": \"kinvolk\",\n
        \           \"offer\": \"flatcar-container-linux-free\",\n            \"sku\":
        \"stable\",\n            \"version\": \"latest\"\n          },\n          \"openSUSE-Leap\":
        {\n            \"publisher\": \"SUSE\",\n            \"offer\": \"opensuse-leap-15-3\",\n
        \           \"sku\": \"gen2\",\n            \"version\": \"latest\"\n          },\n
        \         \"RHEL\": {\n            \"publisher\": \"RedHat\",\n            \"offer\":
        \"RHEL\",\n            \"sku\": \"7-LVM\",\n            \"version\": \"latest\"\n
        \         },\n          \"SLES\": {\n            \"publisher\": \"SUSE\",\n
        \           \"offer\": \"sles-15-sp3\",\n            \"sku\": \"gen2\",\n
        \           \"version\": \"latest\"\n          },\n          \"UbuntuLTS\":
        {\n            \"publisher\": \"Canonical\",\n            \"offer\": \"UbuntuServer\",\n
        \           \"sku\": \"18.04-LTS\",\n            \"version\": \"latest\"\n
        \         }\n        },\n        \"Windows\": {\n          \"Win2022Datacenter\":
        {\n            \"publisher\": \"MicrosoftWindowsServer\",\n            \"offer\":
        \"WindowsServer\",\n            \"sku\": \"2022-Datacenter\",\n            \"version\":
        \"latest\"\n          },\n          \"Win2019Datacenter\": {\n            \"publisher\":
        \"MicrosoftWindowsServer\",\n            \"offer\": \"WindowsServer\",\n            \"sku\":
        \"2019-Datacenter\",\n            \"version\": \"latest\"\n          },\n
        \         \"Win2016Datacenter\": {\n            \"publisher\": \"MicrosoftWindowsServer\",\n
        \           \"offer\": \"WindowsServer\",\n            \"sku\": \"2016-Datacenter\",\n
        \           \"version\": \"latest\"\n          },\n          \"Win2012R2Datacenter\":
        {\n            \"publisher\": \"MicrosoftWindowsServer\",\n            \"offer\":
        \"WindowsServer\",\n            \"sku\": \"2012-R2-Datacenter\",\n            \"version\":
        \"latest\"\n          },\n          \"Win2012Datacenter\": {\n            \"publisher\":
        \"MicrosoftWindowsServer\",\n            \"offer\": \"WindowsServer\",\n            \"sku\":
        \"2012-Datacenter\",\n            \"version\": \"latest\"\n          },\n
        \         \"Win2008R2SP1\": {\n            \"publisher\": \"MicrosoftWindowsServer\",\n
        \           \"offer\": \"WindowsServer\",\n            \"sku\": \"2008-R2-SP1\",\n
        \           \"version\": \"latest\"\n          }\n        }\n      }\n    }\n
        \ }\n}\n"
    headers:
      accept-ranges:
      - bytes
      access-control-allow-origin:
      - '*'
      cache-control:
      - max-age=300
      connection:
      - keep-alive
      content-length:
      - '2744'
      content-security-policy:
      - default-src 'none'; style-src 'unsafe-inline'; sandbox
      content-type:
      - text/plain; charset=utf-8
      date:
      - Thu, 17 Mar 2022 03:03:10 GMT
      etag:
      - W/"d5acead0b38a79d988c245a7a15ec01f999da9244c97bbdc1fa2ec70d9e433f5"
      expires:
      - Thu, 17 Mar 2022 03:08:10 GMT
      source-age:
      - '58'
      strict-transport-security:
      - max-age=31536000
      vary:
      - Authorization,Accept-Encoding,Origin
      via:
      - 1.1 varnish
      x-cache:
      - HIT
      x-cache-hits:
      - '1'
      x-content-type-options:
      - nosniff
      x-fastly-request-id:
      - bfa8d95fa29a34b0b0b79a2534fd3b2fe708c882
      x-frame-options:
      - deny
      x-github-request-id:
      - 2570:063C:1995B2:2734C1:62329D55
      x-served-by:
      - cache-qpg1257-QPG
      x-timer:
      - S1647486190.016116,VS0,VE1
      x-xss-protection:
      - 1; mode=block
    status:
      code: 200
      message: OK
- request:
    body: null
    headers:
      Accept:
      - application/json
      Accept-Encoding:
      - gzip, deflate
      CommandName:
      - vm create
      Connection:
      - keep-alive
      ParameterSetName:
      - -g -n --image --admin-username --admin-password
      User-Agent:
      - AZURECLI/2.34.1 azsdk-python-azure-mgmt-compute/25.0.0 Python/3.10.0 (Windows-10-10.0.19043-SP0)
    method: GET
    uri: https://management.azure.com/subscriptions/00000000-0000-0000-0000-000000000000/providers/Microsoft.Compute/locations/westus/publishers/MicrosoftWindowsServer/artifacttypes/vmimage/offers/WindowsServer/skus/2012-Datacenter/versions?$top=1&$orderby=name%20desc&api-version=2017-12-01
  response:
    body:
      string: "[\r\n  {\r\n    \"location\": \"westus\",\r\n    \"name\": \"9200.23645.220303\",\r\n
        \   \"id\": \"/Subscriptions/00000000-0000-0000-0000-000000000000/Providers/Microsoft.Compute/Locations/westus/Publishers/MicrosoftWindowsServer/ArtifactTypes/VMImage/Offers/WindowsServer/Skus/2012-Datacenter/Versions/9200.23645.220303\"\r\n
        \ }\r\n]"
    headers:
      cache-control:
      - no-cache
      content-length:
      - '310'
      content-type:
      - application/json; charset=utf-8
      date:
      - Thu, 17 Mar 2022 03:03:10 GMT
      expires:
      - '-1'
      pragma:
      - no-cache
      server:
      - Microsoft-HTTPAPI/2.0
      - Microsoft-HTTPAPI/2.0
      strict-transport-security:
      - max-age=31536000; includeSubDomains
      transfer-encoding:
      - chunked
      vary:
      - Accept-Encoding
      x-content-type-options:
      - nosniff
      x-ms-ratelimit-remaining-resource:
      - Microsoft.Compute/ListVMImagesVersionsFromLocation3Min;15999,Microsoft.Compute/ListVMImagesVersionsFromLocation30Min;43991
    status:
      code: 200
      message: OK
- request:
    body: null
    headers:
      Accept:
      - application/json
      Accept-Encoding:
      - gzip, deflate
      CommandName:
      - vm create
      Connection:
      - keep-alive
      ParameterSetName:
      - -g -n --image --admin-username --admin-password
      User-Agent:
      - AZURECLI/2.34.1 azsdk-python-azure-mgmt-compute/25.0.0 Python/3.10.0 (Windows-10-10.0.19043-SP0)
    method: GET
    uri: https://management.azure.com/subscriptions/00000000-0000-0000-0000-000000000000/providers/Microsoft.Compute/locations/westus/publishers/MicrosoftWindowsServer/artifacttypes/vmimage/offers/WindowsServer/skus/2012-Datacenter/versions/9200.23645.220303?api-version=2017-12-01
  response:
    body:
      string: "{\r\n  \"properties\": {\r\n    \"hyperVGeneration\": \"V1\",\r\n    \"architecture\":
        \"x64\",\r\n    \"replicaType\": \"Unmanaged\",\r\n    \"disallowed\": {\r\n
        \     \"vmDiskType\": \"None\"\r\n    },\r\n    \"automaticOSUpgradeProperties\":
        {\r\n      \"automaticOSUpgradeSupported\": false\r\n    },\r\n    \"imageDeprecationStatus\":
        {\r\n      \"imageState\": \"Active\"\r\n    },\r\n    \"features\": [\r\n
        \     {\r\n        \"name\": \"IsAcceleratedNetworkSupported\",\r\n        \"value\":
        \"False\"\r\n      }\r\n    ],\r\n    \"osDiskImage\": {\r\n      \"operatingSystem\":
        \"Windows\",\r\n      \"sizeInGb\": 128,\r\n      \"sizeInBytes\": 136367309312\r\n
        \   },\r\n    \"dataDiskImages\": []\r\n  },\r\n  \"location\": \"westus\",\r\n
        \ \"name\": \"9200.23645.220303\",\r\n  \"id\": \"/Subscriptions/00000000-0000-0000-0000-000000000000/Providers/Microsoft.Compute/Locations/westus/Publishers/MicrosoftWindowsServer/ArtifactTypes/VMImage/Offers/WindowsServer/Skus/2012-Datacenter/Versions/9200.23645.220303\"\r\n}"
    headers:
      cache-control:
      - no-cache
      content-length:
      - '903'
      content-type:
      - application/json; charset=utf-8
      date:
      - Thu, 17 Mar 2022 03:03:12 GMT
      expires:
      - '-1'
      pragma:
      - no-cache
      server:
      - Microsoft-HTTPAPI/2.0
      - Microsoft-HTTPAPI/2.0
      strict-transport-security:
      - max-age=31536000; includeSubDomains
      transfer-encoding:
      - chunked
      vary:
      - Accept-Encoding
      x-content-type-options:
      - nosniff
      x-ms-ratelimit-remaining-resource:
      - Microsoft.Compute/GetVMImageFromLocation3Min;12999,Microsoft.Compute/GetVMImageFromLocation30Min;73992
    status:
      code: 200
      message: OK
- request:
    body: null
    headers:
      Accept:
      - application/json, text/json
      Accept-Encoding:
      - gzip, deflate
      CommandName:
      - vm create
      Connection:
      - keep-alive
      ParameterSetName:
      - -g -n --image --admin-username --admin-password
      User-Agent:
      - AZURECLI/2.34.1 azsdk-python-azure-mgmt-network/19.3.0 Python/3.10.0 (Windows-10-10.0.19043-SP0)
    method: GET
    uri: https://management.azure.com/subscriptions/00000000-0000-0000-0000-000000000000/resourceGroups/cli_test_vm_encryption000001/providers/Microsoft.Network/virtualNetworks?api-version=2017-10-01
  response:
    body:
      string: '{"value":[]}'
    headers:
      cache-control:
      - no-cache
      content-length:
      - '12'
      content-type:
      - application/json; charset=utf-8
      date:
      - Thu, 17 Mar 2022 03:03:12 GMT
      expires:
      - '-1'
      pragma:
      - no-cache
      strict-transport-security:
      - max-age=31536000; includeSubDomains
      vary:
      - Accept-Encoding
      x-content-type-options:
      - nosniff
    status:
      code: 200
      message: OK
- request:
    body: '{"properties": {"template": {"$schema": "https://schema.management.azure.com/schemas/2015-01-01/deploymentTemplate.json#",
      "contentVersion": "1.0.0.0", "parameters": {"adminPassword": {"type": "securestring",
      "metadata": {"description": "Secure adminPassword"}}}, "variables": {}, "resources":
      [{"name": "vm1VNET", "type": "Microsoft.Network/virtualNetworks", "location":
      "westus", "apiVersion": "2015-06-15", "dependsOn": [], "tags": {}, "properties":
      {"addressSpace": {"addressPrefixes": ["10.0.0.0/16"]}, "subnets": [{"name":
      "vm1Subnet", "properties": {"addressPrefix": "10.0.0.0/24"}}]}}, {"type": "Microsoft.Network/networkSecurityGroups",
      "name": "vm1NSG", "apiVersion": "2015-06-15", "location": "westus", "tags":
      {}, "dependsOn": [], "properties": {"securityRules": [{"name": "rdp", "properties":
      {"protocol": "Tcp", "sourcePortRange": "*", "destinationPortRange": "3389",
      "sourceAddressPrefix": "*", "destinationAddressPrefix": "*", "access": "Allow",
      "priority": 1000, "direction": "Inbound"}}]}}, {"apiVersion": "2017-10-01",
      "type": "Microsoft.Network/publicIPAddresses", "name": "vm1PublicIP", "location":
      "westus", "tags": {}, "dependsOn": [], "properties": {"publicIPAllocationMethod":
      null}}, {"apiVersion": "2015-06-15", "type": "Microsoft.Network/networkInterfaces",
      "name": "vm1VMNic", "location": "westus", "tags": {}, "dependsOn": ["Microsoft.Network/virtualNetworks/vm1VNET",
      "Microsoft.Network/networkSecurityGroups/vm1NSG", "Microsoft.Network/publicIpAddresses/vm1PublicIP"],
      "properties": {"ipConfigurations": [{"name": "ipconfigvm1", "properties": {"privateIPAllocationMethod":
      "Dynamic", "subnet": {"id": "/subscriptions/00000000-0000-0000-0000-000000000000/resourceGroups/cli_test_vm_encryption000001/providers/Microsoft.Network/virtualNetworks/vm1VNET/subnets/vm1Subnet"},
      "publicIPAddress": {"id": "/subscriptions/00000000-0000-0000-0000-000000000000/resourceGroups/cli_test_vm_encryption000001/providers/Microsoft.Network/publicIPAddresses/vm1PublicIP"}}}],
      "networkSecurityGroup": {"id": "/subscriptions/00000000-0000-0000-0000-000000000000/resourceGroups/cli_test_vm_encryption000001/providers/Microsoft.Network/networkSecurityGroups/vm1NSG"}}},
      {"apiVersion": "2017-12-01", "type": "Microsoft.Compute/virtualMachines", "name":
      "vm1", "location": "westus", "tags": {}, "dependsOn": ["Microsoft.Network/networkInterfaces/vm1VMNic"],
      "properties": {"hardwareProfile": {"vmSize": "Standard_DS1_v2"}, "networkProfile":
      {"networkInterfaces": [{"id": "/subscriptions/00000000-0000-0000-0000-000000000000/resourceGroups/cli_test_vm_encryption000001/providers/Microsoft.Network/networkInterfaces/vm1VMNic",
      "properties": {"deleteOption": null}}]}, "storageProfile": {"osDisk": {"createOption":
      "fromImage", "name": null, "caching": "ReadWrite", "managedDisk": {"storageAccountType":
      null}}, "imageReference": {"publisher": "MicrosoftWindowsServer", "offer": "WindowsServer",
      "sku": "2012-Datacenter", "version": "latest"}}, "osProfile": {"computerName":
      "vm1", "adminUsername": "clitester1", "adminPassword": "[parameters(''adminPassword'')]"}}}],
      "outputs": {}}, "parameters": {"adminPassword": {"value": "Test123456789!"}},
      "mode": "incremental"}}'
    headers:
      Accept:
      - application/json
      Accept-Encoding:
      - gzip, deflate
      CommandName:
      - vm create
      Connection:
      - keep-alive
      Content-Length:
      - '3173'
      Content-Type:
      - application/json
      ParameterSetName:
      - -g -n --image --admin-username --admin-password
      User-Agent:
      - AZURECLI/2.34.1 azsdk-python-azure-mgmt-resource/20.0.0 Python/3.10.0 (Windows-10-10.0.19043-SP0)
    method: PUT
    uri: https://management.azure.com/subscriptions/00000000-0000-0000-0000-000000000000/resourcegroups/cli_test_vm_encryption000001/providers/Microsoft.Resources/deployments/mock-deployment?api-version=2018-05-01
  response:
    body:
      string: '{"id":"/subscriptions/00000000-0000-0000-0000-000000000000/resourceGroups/cli_test_vm_encryption000001/providers/Microsoft.Resources/deployments/vm_deploy_K0oGd4bpCyrJyLgYk4tSngMM7lo4j5oS","name":"vm_deploy_K0oGd4bpCyrJyLgYk4tSngMM7lo4j5oS","properties":{"templateHash":"3997560965022401413","parameters":{"adminPassword":{"type":"SecureString"}},"mode":"Incremental","provisioningState":"Accepted","timestamp":"2022-03-17T03:03:19.0890364Z","duration":"PT0.0003357S","correlationId":"84ca3eed-f1c5-4bdc-86ee-c706e58584c9","providers":[{"namespace":"Microsoft.Network","resourceTypes":[{"resourceType":"virtualNetworks","locations":["westus"]},{"resourceType":"networkSecurityGroups","locations":["westus"]},{"resourceType":"publicIPAddresses","locations":["westus"]},{"resourceType":"networkInterfaces","locations":["westus"]}]},{"namespace":"Microsoft.Compute","resourceTypes":[{"resourceType":"virtualMachines","locations":["westus"]}]}],"dependencies":[{"dependsOn":[{"id":"/subscriptions/00000000-0000-0000-0000-000000000000/resourceGroups/cli_test_vm_encryption000001/providers/Microsoft.Network/virtualNetworks/vm1VNET","resourceType":"Microsoft.Network/virtualNetworks","resourceName":"vm1VNET"},{"id":"/subscriptions/00000000-0000-0000-0000-000000000000/resourceGroups/cli_test_vm_encryption000001/providers/Microsoft.Network/networkSecurityGroups/vm1NSG","resourceType":"Microsoft.Network/networkSecurityGroups","resourceName":"vm1NSG"},{"id":"/subscriptions/00000000-0000-0000-0000-000000000000/resourceGroups/cli_test_vm_encryption000001/providers/Microsoft.Network/publicIPAddresses/vm1PublicIP","resourceType":"Microsoft.Network/publicIPAddresses","resourceName":"vm1PublicIP"}],"id":"/subscriptions/00000000-0000-0000-0000-000000000000/resourceGroups/cli_test_vm_encryption000001/providers/Microsoft.Network/networkInterfaces/vm1VMNic","resourceType":"Microsoft.Network/networkInterfaces","resourceName":"vm1VMNic"},{"dependsOn":[{"id":"/subscriptions/00000000-0000-0000-0000-000000000000/resourceGroups/cli_test_vm_encryption000001/providers/Microsoft.Network/networkInterfaces/vm1VMNic","resourceType":"Microsoft.Network/networkInterfaces","resourceName":"vm1VMNic"}],"id":"/subscriptions/00000000-0000-0000-0000-000000000000/resourceGroups/cli_test_vm_encryption000001/providers/Microsoft.Compute/virtualMachines/vm1","resourceType":"Microsoft.Compute/virtualMachines","resourceName":"vm1"}]}}'
    headers:
      azure-asyncoperation:
      - https://management.azure.com/subscriptions/00000000-0000-0000-0000-000000000000/resourcegroups/cli_test_vm_encryption000001/providers/Microsoft.Resources/deployments/vm_deploy_K0oGd4bpCyrJyLgYk4tSngMM7lo4j5oS/operationStatuses/08585541206892226191?api-version=2018-05-01
      cache-control:
      - no-cache
      content-length:
      - '2411'
      content-type:
      - application/json; charset=utf-8
      date:
      - Thu, 17 Mar 2022 03:03:19 GMT
      expires:
      - '-1'
      pragma:
      - no-cache
      strict-transport-security:
      - max-age=31536000; includeSubDomains
      x-content-type-options:
      - nosniff
      x-ms-ratelimit-remaining-subscription-writes:
      - '1196'
    status:
      code: 201
      message: Created
- request:
    body: null
    headers:
      Accept:
      - '*/*'
      Accept-Encoding:
      - gzip, deflate
      CommandName:
      - vm create
      Connection:
      - keep-alive
      ParameterSetName:
      - -g -n --image --admin-username --admin-password
      User-Agent:
      - AZURECLI/2.34.1 azsdk-python-azure-mgmt-resource/20.0.0 Python/3.10.0 (Windows-10-10.0.19043-SP0)
    method: GET
    uri: https://management.azure.com/subscriptions/00000000-0000-0000-0000-000000000000/resourcegroups/cli_test_vm_encryption000001/providers/Microsoft.Resources/deployments/mock-deployment/operationStatuses/08585541206892226191?api-version=2018-05-01
  response:
    body:
      string: '{"status":"Running"}'
    headers:
      cache-control:
      - no-cache
      content-length:
      - '20'
      content-type:
      - application/json; charset=utf-8
      date:
      - Thu, 17 Mar 2022 03:03:50 GMT
      expires:
      - '-1'
      pragma:
      - no-cache
      strict-transport-security:
      - max-age=31536000; includeSubDomains
      vary:
      - Accept-Encoding
      x-content-type-options:
      - nosniff
    status:
      code: 200
      message: OK
- request:
    body: null
    headers:
      Accept:
      - '*/*'
      Accept-Encoding:
      - gzip, deflate
      CommandName:
      - vm create
      Connection:
      - keep-alive
      ParameterSetName:
      - -g -n --image --admin-username --admin-password
      User-Agent:
      - AZURECLI/2.34.1 azsdk-python-azure-mgmt-resource/20.0.0 Python/3.10.0 (Windows-10-10.0.19043-SP0)
    method: GET
    uri: https://management.azure.com/subscriptions/00000000-0000-0000-0000-000000000000/resourcegroups/cli_test_vm_encryption000001/providers/Microsoft.Resources/deployments/mock-deployment/operationStatuses/08585541206892226191?api-version=2018-05-01
  response:
    body:
      string: '{"status":"Running"}'
    headers:
      cache-control:
      - no-cache
      content-length:
      - '20'
      content-type:
      - application/json; charset=utf-8
      date:
      - Thu, 17 Mar 2022 03:04:20 GMT
      expires:
      - '-1'
      pragma:
      - no-cache
      strict-transport-security:
      - max-age=31536000; includeSubDomains
      vary:
      - Accept-Encoding
      x-content-type-options:
      - nosniff
    status:
      code: 200
      message: OK
- request:
    body: null
    headers:
      Accept:
      - '*/*'
      Accept-Encoding:
      - gzip, deflate
      CommandName:
      - vm create
      Connection:
      - keep-alive
      ParameterSetName:
      - -g -n --image --admin-username --admin-password
      User-Agent:
      - AZURECLI/2.34.1 azsdk-python-azure-mgmt-resource/20.0.0 Python/3.10.0 (Windows-10-10.0.19043-SP0)
    method: GET
    uri: https://management.azure.com/subscriptions/00000000-0000-0000-0000-000000000000/resourcegroups/cli_test_vm_encryption000001/providers/Microsoft.Resources/deployments/mock-deployment/operationStatuses/08585541206892226191?api-version=2018-05-01
  response:
    body:
      string: '{"status":"Running"}'
    headers:
      cache-control:
      - no-cache
      content-length:
      - '20'
      content-type:
      - application/json; charset=utf-8
      date:
      - Thu, 17 Mar 2022 03:04:51 GMT
      expires:
      - '-1'
      pragma:
      - no-cache
      strict-transport-security:
      - max-age=31536000; includeSubDomains
      vary:
      - Accept-Encoding
      x-content-type-options:
      - nosniff
    status:
      code: 200
      message: OK
- request:
    body: null
    headers:
      Accept:
      - '*/*'
      Accept-Encoding:
      - gzip, deflate
      CommandName:
      - vm create
      Connection:
      - keep-alive
      ParameterSetName:
      - -g -n --image --admin-username --admin-password
      User-Agent:
      - AZURECLI/2.34.1 azsdk-python-azure-mgmt-resource/20.0.0 Python/3.10.0 (Windows-10-10.0.19043-SP0)
    method: GET
    uri: https://management.azure.com/subscriptions/00000000-0000-0000-0000-000000000000/resourcegroups/cli_test_vm_encryption000001/providers/Microsoft.Resources/deployments/mock-deployment/operationStatuses/08585541206892226191?api-version=2018-05-01
  response:
    body:
      string: '{"status":"Succeeded"}'
    headers:
      cache-control:
      - no-cache
      content-length:
      - '22'
      content-type:
      - application/json; charset=utf-8
      date:
      - Thu, 17 Mar 2022 03:05:22 GMT
      expires:
      - '-1'
      pragma:
      - no-cache
      strict-transport-security:
      - max-age=31536000; includeSubDomains
      vary:
      - Accept-Encoding
      x-content-type-options:
      - nosniff
    status:
      code: 200
      message: OK
- request:
    body: null
    headers:
      Accept:
      - '*/*'
      Accept-Encoding:
      - gzip, deflate
      CommandName:
      - vm create
      Connection:
      - keep-alive
      ParameterSetName:
      - -g -n --image --admin-username --admin-password
      User-Agent:
      - AZURECLI/2.34.1 azsdk-python-azure-mgmt-resource/20.0.0 Python/3.10.0 (Windows-10-10.0.19043-SP0)
    method: GET
    uri: https://management.azure.com/subscriptions/00000000-0000-0000-0000-000000000000/resourcegroups/cli_test_vm_encryption000001/providers/Microsoft.Resources/deployments/mock-deployment?api-version=2018-05-01
  response:
    body:
      string: '{"id":"/subscriptions/00000000-0000-0000-0000-000000000000/resourceGroups/cli_test_vm_encryption000001/providers/Microsoft.Resources/deployments/vm_deploy_K0oGd4bpCyrJyLgYk4tSngMM7lo4j5oS","name":"vm_deploy_K0oGd4bpCyrJyLgYk4tSngMM7lo4j5oS","properties":{"templateHash":"3997560965022401413","parameters":{"adminPassword":{"type":"SecureString"}},"mode":"Incremental","provisioningState":"Succeeded","timestamp":"2022-03-17T03:05:10.4914223Z","duration":"PT1M51.4027216S","correlationId":"84ca3eed-f1c5-4bdc-86ee-c706e58584c9","providers":[{"namespace":"Microsoft.Network","resourceTypes":[{"resourceType":"virtualNetworks","locations":["westus"]},{"resourceType":"networkSecurityGroups","locations":["westus"]},{"resourceType":"publicIPAddresses","locations":["westus"]},{"resourceType":"networkInterfaces","locations":["westus"]}]},{"namespace":"Microsoft.Compute","resourceTypes":[{"resourceType":"virtualMachines","locations":["westus"]}]}],"dependencies":[{"dependsOn":[{"id":"/subscriptions/00000000-0000-0000-0000-000000000000/resourceGroups/cli_test_vm_encryption000001/providers/Microsoft.Network/virtualNetworks/vm1VNET","resourceType":"Microsoft.Network/virtualNetworks","resourceName":"vm1VNET"},{"id":"/subscriptions/00000000-0000-0000-0000-000000000000/resourceGroups/cli_test_vm_encryption000001/providers/Microsoft.Network/networkSecurityGroups/vm1NSG","resourceType":"Microsoft.Network/networkSecurityGroups","resourceName":"vm1NSG"},{"id":"/subscriptions/00000000-0000-0000-0000-000000000000/resourceGroups/cli_test_vm_encryption000001/providers/Microsoft.Network/publicIPAddresses/vm1PublicIP","resourceType":"Microsoft.Network/publicIPAddresses","resourceName":"vm1PublicIP"}],"id":"/subscriptions/00000000-0000-0000-0000-000000000000/resourceGroups/cli_test_vm_encryption000001/providers/Microsoft.Network/networkInterfaces/vm1VMNic","resourceType":"Microsoft.Network/networkInterfaces","resourceName":"vm1VMNic"},{"dependsOn":[{"id":"/subscriptions/00000000-0000-0000-0000-000000000000/resourceGroups/cli_test_vm_encryption000001/providers/Microsoft.Network/networkInterfaces/vm1VMNic","resourceType":"Microsoft.Network/networkInterfaces","resourceName":"vm1VMNic"}],"id":"/subscriptions/00000000-0000-0000-0000-000000000000/resourceGroups/cli_test_vm_encryption000001/providers/Microsoft.Compute/virtualMachines/vm1","resourceType":"Microsoft.Compute/virtualMachines","resourceName":"vm1"}],"outputs":{},"outputResources":[{"id":"/subscriptions/00000000-0000-0000-0000-000000000000/resourceGroups/cli_test_vm_encryption000001/providers/Microsoft.Compute/virtualMachines/vm1"},{"id":"/subscriptions/00000000-0000-0000-0000-000000000000/resourceGroups/cli_test_vm_encryption000001/providers/Microsoft.Network/networkInterfaces/vm1VMNic"},{"id":"/subscriptions/00000000-0000-0000-0000-000000000000/resourceGroups/cli_test_vm_encryption000001/providers/Microsoft.Network/networkSecurityGroups/vm1NSG"},{"id":"/subscriptions/00000000-0000-0000-0000-000000000000/resourceGroups/cli_test_vm_encryption000001/providers/Microsoft.Network/publicIPAddresses/vm1PublicIP"},{"id":"/subscriptions/00000000-0000-0000-0000-000000000000/resourceGroups/cli_test_vm_encryption000001/providers/Microsoft.Network/virtualNetworks/vm1VNET"}]}}'
    headers:
      cache-control:
      - no-cache
      content-length:
      - '3243'
      content-type:
      - application/json; charset=utf-8
      date:
      - Thu, 17 Mar 2022 03:05:22 GMT
      expires:
      - '-1'
      pragma:
      - no-cache
      strict-transport-security:
      - max-age=31536000; includeSubDomains
      vary:
      - Accept-Encoding
      x-content-type-options:
      - nosniff
    status:
      code: 200
      message: OK
- request:
    body: null
    headers:
      Accept:
      - application/json
      Accept-Encoding:
      - gzip, deflate
      CommandName:
      - vm create
      Connection:
      - keep-alive
      ParameterSetName:
      - -g -n --image --admin-username --admin-password
      User-Agent:
      - AZURECLI/2.34.1 azsdk-python-azure-mgmt-compute/25.0.0 Python/3.10.0 (Windows-10-10.0.19043-SP0)
    method: GET
    uri: https://management.azure.com/subscriptions/00000000-0000-0000-0000-000000000000/resourceGroups/cli_test_vm_encryption000001/providers/Microsoft.Compute/virtualMachines/vm1?$expand=instanceView&api-version=2017-12-01
  response:
    body:
      string: "{\r\n  \"name\": \"vm1\",\r\n  \"id\": \"/subscriptions/00000000-0000-0000-0000-000000000000/resourceGroups/cli_test_vm_encryption000001/providers/Microsoft.Compute/virtualMachines/vm1\",\r\n
        \ \"type\": \"Microsoft.Compute/virtualMachines\",\r\n  \"location\": \"westus\",\r\n
        \ \"tags\": {},\r\n  \"properties\": {\r\n    \"vmId\": \"017d9eb4-f3a1-46f5-9a2b-6f0ea54964ff\",\r\n
        \   \"hardwareProfile\": {\r\n      \"vmSize\": \"Standard_DS1_v2\"\r\n    },\r\n
        \   \"storageProfile\": {\r\n      \"imageReference\": {\r\n        \"publisher\":
        \"MicrosoftWindowsServer\",\r\n        \"offer\": \"WindowsServer\",\r\n        \"sku\":
        \"2012-Datacenter\",\r\n        \"version\": \"latest\"\r\n      },\r\n      \"osDisk\":
        {\r\n        \"osType\": \"Windows\",\r\n        \"name\": \"vm1_OsDisk_1_6add2ee42f5f4e32b7133f42584728a6\",\r\n
        \       \"createOption\": \"FromImage\",\r\n        \"caching\": \"ReadWrite\",\r\n
        \       \"managedDisk\": {\r\n          \"storageAccountType\": \"Premium_LRS\",\r\n
        \         \"id\": \"/subscriptions/00000000-0000-0000-0000-000000000000/resourceGroups/cli_test_vm_encryption000001/providers/Microsoft.Compute/disks/vm1_OsDisk_1_6add2ee42f5f4e32b7133f42584728a6\"\r\n
        \       },\r\n        \"diskSizeGB\": 127\r\n      },\r\n      \"dataDisks\":
        []\r\n    },\r\n    \"osProfile\": {\r\n      \"computerName\": \"vm1\",\r\n
        \     \"adminUsername\": \"clitester1\",\r\n      \"windowsConfiguration\":
        {\r\n        \"provisionVMAgent\": true,\r\n        \"enableAutomaticUpdates\":
        true\r\n      },\r\n      \"secrets\": []\r\n    },\r\n    \"networkProfile\":
        {\"networkInterfaces\":[{\"id\":\"/subscriptions/00000000-0000-0000-0000-000000000000/resourceGroups/cli_test_vm_encryption000001/providers/Microsoft.Network/networkInterfaces/vm1VMNic\"}]},\r\n
        \   \"provisioningState\": \"Succeeded\",\r\n    \"instanceView\": {\r\n      \"vmAgent\":
        {\r\n        \"vmAgentVersion\": \"Unknown\",\r\n        \"statuses\": [\r\n
        \         {\r\n            \"code\": \"ProvisioningState/Unavailable\",\r\n
        \           \"level\": \"Warning\",\r\n            \"displayStatus\": \"Not
        Ready\",\r\n            \"message\": \"VM status blob is found but not yet
        populated.\",\r\n            \"time\": \"2022-03-17T03:05:23+00:00\"\r\n          }\r\n
        \       ]\r\n      },\r\n      \"disks\": [\r\n        {\r\n          \"name\":
        \"vm1_OsDisk_1_6add2ee42f5f4e32b7133f42584728a6\",\r\n          \"statuses\":
        [\r\n            {\r\n              \"code\": \"ProvisioningState/succeeded\",\r\n
        \             \"level\": \"Info\",\r\n              \"displayStatus\": \"Provisioning
        succeeded\",\r\n              \"time\": \"2022-03-17T03:03:47.3428303+00:00\"\r\n
        \           }\r\n          ]\r\n        }\r\n      ],\r\n      \"statuses\":
        [\r\n        {\r\n          \"code\": \"ProvisioningState/succeeded\",\r\n
        \         \"level\": \"Info\",\r\n          \"displayStatus\": \"Provisioning
        succeeded\",\r\n          \"time\": \"2022-03-17T03:05:06.9054449+00:00\"\r\n
        \       },\r\n        {\r\n          \"code\": \"PowerState/running\",\r\n
        \         \"level\": \"Info\",\r\n          \"displayStatus\": \"VM running\"\r\n
        \       }\r\n      ]\r\n    }\r\n  }\r\n}"
    headers:
      cache-control:
      - no-cache
      content-length:
      - '2810'
      content-type:
      - application/json; charset=utf-8
      date:
      - Thu, 17 Mar 2022 03:05:23 GMT
      expires:
      - '-1'
      pragma:
      - no-cache
      server:
      - Microsoft-HTTPAPI/2.0
      - Microsoft-HTTPAPI/2.0
      strict-transport-security:
      - max-age=31536000; includeSubDomains
      transfer-encoding:
      - chunked
      vary:
      - Accept-Encoding
      x-content-type-options:
      - nosniff
      x-ms-ratelimit-remaining-resource:
      - Microsoft.Compute/LowCostGet3Min;3942,Microsoft.Compute/LowCostGet30Min;31586
    status:
      code: 200
      message: OK
- request:
    body: null
    headers:
      Accept:
      - application/json, text/json
      Accept-Encoding:
      - gzip, deflate
      CommandName:
      - vm create
      Connection:
      - keep-alive
      ParameterSetName:
      - -g -n --image --admin-username --admin-password
      User-Agent:
      - AZURECLI/2.34.1 azsdk-python-azure-mgmt-network/19.3.0 Python/3.10.0 (Windows-10-10.0.19043-SP0)
    method: GET
    uri: https://management.azure.com/subscriptions/00000000-0000-0000-0000-000000000000/resourceGroups/cli_test_vm_encryption000001/providers/Microsoft.Network/networkInterfaces/vm1VMNic?api-version=2017-10-01
  response:
    body:
      string: "{\r\n  \"name\": \"vm1VMNic\",\r\n  \"id\": \"/subscriptions/00000000-0000-0000-0000-000000000000/resourceGroups/cli_test_vm_encryption000001/providers/Microsoft.Network/networkInterfaces/vm1VMNic\",\r\n
        \ \"etag\": \"W/\\\"9365c785-6eae-4ef5-bbff-8ddbe915999c\\\"\",\r\n  \"location\":
        \"westus\",\r\n  \"tags\": {},\r\n  \"properties\": {\r\n    \"provisioningState\":
        \"Succeeded\",\r\n    \"resourceGuid\": \"19b7d05b-9386-4065-ba74-c65f01a67568\",\r\n
        \   \"ipConfigurations\": [\r\n      {\r\n        \"name\": \"ipconfigvm1\",\r\n
        \       \"id\": \"/subscriptions/00000000-0000-0000-0000-000000000000/resourceGroups/cli_test_vm_encryption000001/providers/Microsoft.Network/networkInterfaces/vm1VMNic/ipConfigurations/ipconfigvm1\",\r\n
        \       \"etag\": \"W/\\\"9365c785-6eae-4ef5-bbff-8ddbe915999c\\\"\",\r\n
        \       \"type\": \"Microsoft.Network/networkInterfaces/ipConfigurations\",\r\n
        \       \"properties\": {\r\n          \"provisioningState\": \"Succeeded\",\r\n
        \         \"privateIPAddress\": \"10.0.0.4\",\r\n          \"privateIPAllocationMethod\":
        \"Dynamic\",\r\n          \"publicIPAddress\": {\r\n            \"id\": \"/subscriptions/00000000-0000-0000-0000-000000000000/resourceGroups/cli_test_vm_encryption000001/providers/Microsoft.Network/publicIPAddresses/vm1PublicIP\"\r\n
        \         },\r\n          \"subnet\": {\r\n            \"id\": \"/subscriptions/00000000-0000-0000-0000-000000000000/resourceGroups/cli_test_vm_encryption000001/providers/Microsoft.Network/virtualNetworks/vm1VNET/subnets/vm1Subnet\"\r\n
        \         },\r\n          \"primary\": true,\r\n          \"privateIPAddressVersion\":
        \"IPv4\"\r\n        }\r\n      }\r\n    ],\r\n    \"dnsSettings\": {\r\n      \"dnsServers\":
        [],\r\n      \"appliedDnsServers\": [],\r\n      \"internalDomainNameSuffix\":
        \"xboqqpv1gh0e5aguqe0bjgyi5f.dx.internal.cloudapp.net\"\r\n    },\r\n    \"macAddress\":
        \"00-22-48-04-4C-AF\",\r\n    \"enableAcceleratedNetworking\": false,\r\n
        \   \"enableIPForwarding\": false,\r\n    \"networkSecurityGroup\": {\r\n
        \     \"id\": \"/subscriptions/00000000-0000-0000-0000-000000000000/resourceGroups/cli_test_vm_encryption000001/providers/Microsoft.Network/networkSecurityGroups/vm1NSG\"\r\n
        \   },\r\n    \"primary\": true,\r\n    \"virtualMachine\": {\r\n      \"id\":
        \"/subscriptions/00000000-0000-0000-0000-000000000000/resourceGroups/cli_test_vm_encryption000001/providers/Microsoft.Compute/virtualMachines/vm1\"\r\n
        \   }\r\n  },\r\n  \"type\": \"Microsoft.Network/networkInterfaces\"\r\n}"
    headers:
      cache-control:
      - no-cache
      content-length:
      - '2286'
      content-type:
      - application/json; charset=utf-8
      date:
      - Thu, 17 Mar 2022 03:05:23 GMT
      etag:
      - W/"9365c785-6eae-4ef5-bbff-8ddbe915999c"
      expires:
      - '-1'
      pragma:
      - no-cache
      server:
      - Microsoft-HTTPAPI/2.0
      - Microsoft-HTTPAPI/2.0
      strict-transport-security:
      - max-age=31536000; includeSubDomains
      transfer-encoding:
      - chunked
      vary:
      - Accept-Encoding
      x-content-type-options:
      - nosniff
      x-ms-arm-service-request-id:
      - c82bab85-82a2-4b6d-aff2-13592fcd504f
    status:
      code: 200
      message: OK
- request:
    body: null
    headers:
      Accept:
      - application/json, text/json
      Accept-Encoding:
      - gzip, deflate
      CommandName:
      - vm create
      Connection:
      - keep-alive
      ParameterSetName:
      - -g -n --image --admin-username --admin-password
      User-Agent:
      - AZURECLI/2.34.1 azsdk-python-azure-mgmt-network/19.3.0 Python/3.10.0 (Windows-10-10.0.19043-SP0)
    method: GET
    uri: https://management.azure.com/subscriptions/00000000-0000-0000-0000-000000000000/resourceGroups/cli_test_vm_encryption000001/providers/Microsoft.Network/publicIPAddresses/vm1PublicIP?api-version=2017-10-01
  response:
    body:
      string: "{\r\n  \"name\": \"vm1PublicIP\",\r\n  \"id\": \"/subscriptions/00000000-0000-0000-0000-000000000000/resourceGroups/cli_test_vm_encryption000001/providers/Microsoft.Network/publicIPAddresses/vm1PublicIP\",\r\n
        \ \"etag\": \"W/\\\"1fa3516f-448c-49cc-b220-ea7695846b18\\\"\",\r\n  \"location\":
        \"westus\",\r\n  \"tags\": {},\r\n  \"properties\": {\r\n    \"provisioningState\":
        \"Succeeded\",\r\n    \"resourceGuid\": \"d8a8b59b-6e85-4ee6-9331-95a4ed62a7a3\",\r\n
        \   \"ipAddress\": \"13.93.161.138\",\r\n    \"publicIPAddressVersion\": \"IPv4\",\r\n
        \   \"publicIPAllocationMethod\": \"Dynamic\",\r\n    \"idleTimeoutInMinutes\":
        4,\r\n    \"ipTags\": [],\r\n    \"ipConfiguration\": {\r\n      \"id\": \"/subscriptions/00000000-0000-0000-0000-000000000000/resourceGroups/cli_test_vm_encryption000001/providers/Microsoft.Network/networkInterfaces/vm1VMNic/ipConfigurations/ipconfigvm1\"\r\n
        \   }\r\n  },\r\n  \"type\": \"Microsoft.Network/publicIPAddresses\",\r\n
        \ \"sku\": {\r\n    \"name\": \"Basic\"\r\n  }\r\n}"
    headers:
      cache-control:
      - no-cache
      content-length:
      - '903'
      content-type:
      - application/json; charset=utf-8
      date:
      - Thu, 17 Mar 2022 03:05:24 GMT
      etag:
      - W/"1fa3516f-448c-49cc-b220-ea7695846b18"
      expires:
      - '-1'
      pragma:
      - no-cache
      server:
      - Microsoft-HTTPAPI/2.0
      - Microsoft-HTTPAPI/2.0
      strict-transport-security:
      - max-age=31536000; includeSubDomains
      transfer-encoding:
      - chunked
      vary:
      - Accept-Encoding
      x-content-type-options:
      - nosniff
      x-ms-arm-service-request-id:
      - 4c4f1cc6-8024-4d41-9668-605ad5ceff44
    status:
      code: 200
      message: OK
- request:
    body: null
    headers:
      Accept:
      - application/json
      Accept-Encoding:
      - gzip, deflate
      CommandName:
      - vm encryption enable
      Connection:
      - keep-alive
      ParameterSetName:
      - -g -n --disk-encryption-keyvault
      User-Agent:
      - AZURECLI/2.34.1 azsdk-python-azure-mgmt-compute/25.0.0 Python/3.10.0 (Windows-10-10.0.19043-SP0)
    method: GET
    uri: https://management.azure.com/subscriptions/00000000-0000-0000-0000-000000000000/resourceGroups/cli_test_vm_encryption000001/providers/Microsoft.Compute/virtualMachines/vm1?$expand=instanceView&api-version=2017-12-01
  response:
    body:
      string: "{\r\n  \"name\": \"vm1\",\r\n  \"id\": \"/subscriptions/00000000-0000-0000-0000-000000000000/resourceGroups/cli_test_vm_encryption000001/providers/Microsoft.Compute/virtualMachines/vm1\",\r\n
        \ \"type\": \"Microsoft.Compute/virtualMachines\",\r\n  \"location\": \"westus\",\r\n
        \ \"tags\": {},\r\n  \"properties\": {\r\n    \"vmId\": \"017d9eb4-f3a1-46f5-9a2b-6f0ea54964ff\",\r\n
        \   \"hardwareProfile\": {\r\n      \"vmSize\": \"Standard_DS1_v2\"\r\n    },\r\n
        \   \"storageProfile\": {\r\n      \"imageReference\": {\r\n        \"publisher\":
        \"MicrosoftWindowsServer\",\r\n        \"offer\": \"WindowsServer\",\r\n        \"sku\":
        \"2012-Datacenter\",\r\n        \"version\": \"latest\"\r\n      },\r\n      \"osDisk\":
        {\r\n        \"osType\": \"Windows\",\r\n        \"name\": \"vm1_OsDisk_1_6add2ee42f5f4e32b7133f42584728a6\",\r\n
        \       \"createOption\": \"FromImage\",\r\n        \"caching\": \"ReadWrite\",\r\n
        \       \"managedDisk\": {\r\n          \"storageAccountType\": \"Premium_LRS\",\r\n
        \         \"id\": \"/subscriptions/00000000-0000-0000-0000-000000000000/resourceGroups/cli_test_vm_encryption000001/providers/Microsoft.Compute/disks/vm1_OsDisk_1_6add2ee42f5f4e32b7133f42584728a6\"\r\n
        \       },\r\n        \"diskSizeGB\": 127\r\n      },\r\n      \"dataDisks\":
        []\r\n    },\r\n    \"osProfile\": {\r\n      \"computerName\": \"vm1\",\r\n
        \     \"adminUsername\": \"clitester1\",\r\n      \"windowsConfiguration\":
        {\r\n        \"provisionVMAgent\": true,\r\n        \"enableAutomaticUpdates\":
        true\r\n      },\r\n      \"secrets\": []\r\n    },\r\n    \"networkProfile\":
        {\"networkInterfaces\":[{\"id\":\"/subscriptions/00000000-0000-0000-0000-000000000000/resourceGroups/cli_test_vm_encryption000001/providers/Microsoft.Network/networkInterfaces/vm1VMNic\"}]},\r\n
        \   \"provisioningState\": \"Succeeded\",\r\n    \"instanceView\": {\r\n      \"vmAgent\":
        {\r\n        \"vmAgentVersion\": \"Unknown\",\r\n        \"statuses\": [\r\n
        \         {\r\n            \"code\": \"ProvisioningState/Unavailable\",\r\n
        \           \"level\": \"Warning\",\r\n            \"displayStatus\": \"Not
        Ready\",\r\n            \"message\": \"VM status blob is found but not yet
        populated.\",\r\n            \"time\": \"2022-03-17T03:05:25+00:00\"\r\n          }\r\n
        \       ]\r\n      },\r\n      \"disks\": [\r\n        {\r\n          \"name\":
        \"vm1_OsDisk_1_6add2ee42f5f4e32b7133f42584728a6\",\r\n          \"statuses\":
        [\r\n            {\r\n              \"code\": \"ProvisioningState/succeeded\",\r\n
        \             \"level\": \"Info\",\r\n              \"displayStatus\": \"Provisioning
        succeeded\",\r\n              \"time\": \"2022-03-17T03:03:47.3428303+00:00\"\r\n
        \           }\r\n          ]\r\n        }\r\n      ],\r\n      \"statuses\":
        [\r\n        {\r\n          \"code\": \"ProvisioningState/succeeded\",\r\n
        \         \"level\": \"Info\",\r\n          \"displayStatus\": \"Provisioning
        succeeded\",\r\n          \"time\": \"2022-03-17T03:05:06.9054449+00:00\"\r\n
        \       },\r\n        {\r\n          \"code\": \"PowerState/running\",\r\n
        \         \"level\": \"Info\",\r\n          \"displayStatus\": \"VM running\"\r\n
        \       }\r\n      ]\r\n    }\r\n  }\r\n}"
    headers:
      cache-control:
      - no-cache
      content-length:
      - '2810'
      content-type:
      - application/json; charset=utf-8
      date:
      - Thu, 17 Mar 2022 03:05:24 GMT
      expires:
      - '-1'
      pragma:
      - no-cache
      server:
      - Microsoft-HTTPAPI/2.0
      - Microsoft-HTTPAPI/2.0
      strict-transport-security:
      - max-age=31536000; includeSubDomains
      transfer-encoding:
      - chunked
      vary:
      - Accept-Encoding
      x-content-type-options:
      - nosniff
      x-ms-ratelimit-remaining-resource:
      - Microsoft.Compute/LowCostGet3Min;3940,Microsoft.Compute/LowCostGet30Min;31584
    status:
      code: 200
      message: OK
- request:
    body: null
    headers:
      Accept:
      - application/json
      Accept-Encoding:
      - gzip, deflate
      CommandName:
      - vm encryption enable
      Connection:
      - keep-alive
      ParameterSetName:
      - -g -n --disk-encryption-keyvault
      User-Agent:
      - AZURECLI/2.34.1 azsdk-python-azure-mgmt-keyvault/9.3.0 Python/3.10.0 (Windows-10-10.0.19043-SP0)
    method: GET
    uri: https://management.azure.com/subscriptions/00000000-0000-0000-0000-000000000000/resourceGroups/cli_test_vm_encryption000001/providers/Microsoft.KeyVault/vaults/vault000002?api-version=2016-10-01
  response:
    body:
      string: '{"id":"/subscriptions/00000000-0000-0000-0000-000000000000/resourceGroups/cli_test_vm_encryption000001/providers/Microsoft.KeyVault/vaults/vault000002","name":"vault000002","type":"Microsoft.KeyVault/vaults","location":"westus","tags":{},"properties":{"sku":{"family":"A","name":"standard"},"tenantId":"54826b22-38d6-4fb2-bad9-b7b93a3e9c5a","accessPolicies":[{"tenantId":"54826b22-38d6-4fb2-bad9-b7b93a3e9c5a","objectId":"0b98dfb6-3b8c-40ae-a9c4-fd47d1741ef5","permissions":{"keys":["get","create","delete","list","update","import","backup","restore","recover"],"secrets":["get","list","set","delete","backup","restore","recover"],"certificates":["get","list","delete","create","import","update","managecontacts","getissuers","listissuers","setissuers","deleteissuers","manageissuers","recover"],"storage":["get","list","delete","set","update","regeneratekey","setsas","listsas","getsas","deletesas"]}}],"enabledForDeployment":false,"enabledForDiskEncryption":true,"enableSoftDelete":true,"vaultUri":"https://vault000002.vault.azure.net/","provisioningState":"Succeeded"}}'
    headers:
      cache-control:
      - no-cache
      content-length:
      - '1072'
      content-type:
      - application/json; charset=utf-8
      date:
      - Thu, 17 Mar 2022 03:05:26 GMT
      expires:
      - '-1'
      pragma:
      - no-cache
      server:
      - Microsoft-IIS/10.0
      strict-transport-security:
      - max-age=31536000; includeSubDomains
      transfer-encoding:
      - chunked
      vary:
      - Accept-Encoding
      x-aspnet-version:
      - 4.0.30319
      x-content-type-options:
      - nosniff
      x-ms-keyvault-service-version:
      - 1.5.322.0
    status:
      code: 200
      message: OK
- request:
    body: '{"location": "westus", "properties": {"publisher": "Microsoft.Azure.Security",
      "type": "AzureDiskEncryption", "typeHandlerVersion": "2.2", "autoUpgradeMinorVersion":
      true, "settings": {"KeyVaultURL": "https://vault000002.vault.azure.net", "VolumeType":
      "ALL", "EncryptionOperation": "EnableEncryption", "KeyEncryptionKeyURL": null,
      "KeyEncryptionAlgorithm": "RSA-OAEP", "SequenceVersion": "2007bb65-e28e-41d2-8e4b-1e5afef80709",
      "KeyVaultResourceId": "/subscriptions/00000000-0000-0000-0000-000000000000/resourceGroups/cli_test_vm_encryption000001/providers/Microsoft.KeyVault/vaults/vault000002",
      "KekVaultResourceId": ""}}}'
    headers:
      Accept:
      - application/json
      Accept-Encoding:
      - gzip, deflate
      CommandName:
      - vm encryption enable
      Connection:
      - keep-alive
      Content-Length:
      - '625'
      Content-Type:
      - application/json
      ParameterSetName:
      - -g -n --disk-encryption-keyvault
      User-Agent:
      - AZURECLI/2.34.1 azsdk-python-azure-mgmt-compute/25.0.0 Python/3.10.0 (Windows-10-10.0.19043-SP0)
    method: PUT
    uri: https://management.azure.com/subscriptions/00000000-0000-0000-0000-000000000000/resourceGroups/cli_test_vm_encryption000001/providers/Microsoft.Compute/virtualMachines/vm1/extensions/AzureDiskEncryption?api-version=2017-12-01
  response:
    body:
      string: "{\r\n  \"name\": \"AzureDiskEncryption\",\r\n  \"id\": \"/subscriptions/00000000-0000-0000-0000-000000000000/resourceGroups/cli_test_vm_encryption000001/providers/Microsoft.Compute/virtualMachines/vm1/extensions/AzureDiskEncryption\",\r\n
        \ \"type\": \"Microsoft.Compute/virtualMachines/extensions\",\r\n  \"location\":
        \"westus\",\r\n  \"properties\": {\r\n    \"autoUpgradeMinorVersion\": true,\r\n
        \   \"provisioningState\": \"Creating\",\r\n    \"publisher\": \"Microsoft.Azure.Security\",\r\n
        \   \"type\": \"AzureDiskEncryption\",\r\n    \"typeHandlerVersion\": \"2.2\",\r\n
        \   \"settings\": {\"KeyVaultURL\":\"https://vault000002.vault.azure.net\",\"VolumeType\":\"ALL\",\"EncryptionOperation\":\"EnableEncryption\",\"KeyEncryptionKeyURL\":null,\"KeyEncryptionAlgorithm\":\"RSA-OAEP\",\"SequenceVersion\":\"2007bb65-e28e-41d2-8e4b-1e5afef80709\",\"KeyVaultResourceId\":\"/subscriptions/00000000-0000-0000-0000-000000000000/resourceGroups/cli_test_vm_encryption000001/providers/Microsoft.KeyVault/vaults/vault000002\",\"KekVaultResourceId\":\"\"}\r\n
        \ }\r\n}"
    headers:
      azure-asyncnotification:
      - Enabled
      azure-asyncoperation:
      - https://management.azure.com/subscriptions/00000000-0000-0000-0000-000000000000/providers/Microsoft.Compute/locations/westus/operations/df11a297-a910-4c14-b54f-0926c4603a32?p=571046f6-b640-41c1-86f7-f9f044b5adf9&api-version=2017-12-01
      cache-control:
      - no-cache
      content-length:
      - '967'
      content-type:
      - application/json; charset=utf-8
      date:
      - Thu, 17 Mar 2022 03:05:34 GMT
      expires:
      - '-1'
      pragma:
      - no-cache
      server:
      - Microsoft-HTTPAPI/2.0
      - Microsoft-HTTPAPI/2.0
      strict-transport-security:
      - max-age=31536000; includeSubDomains
      x-content-type-options:
      - nosniff
      x-ms-ratelimit-remaining-resource:
      - Microsoft.Compute/UpdateVM3Min;238,Microsoft.Compute/UpdateVM30Min;1198
      x-ms-ratelimit-remaining-subscription-writes:
      - '1193'
    status:
      code: 201
      message: Created
- request:
    body: null
    headers:
      Accept:
      - '*/*'
      Accept-Encoding:
      - gzip, deflate
      CommandName:
      - vm encryption enable
      Connection:
      - keep-alive
      ParameterSetName:
      - -g -n --disk-encryption-keyvault
      User-Agent:
      - AZURECLI/2.34.1 azsdk-python-azure-mgmt-compute/25.0.0 Python/3.10.0 (Windows-10-10.0.19043-SP0)
    method: GET
    uri: https://management.azure.com/subscriptions/00000000-0000-0000-0000-000000000000/providers/Microsoft.Compute/locations/westus/operations/df11a297-a910-4c14-b54f-0926c4603a32?p=571046f6-b640-41c1-86f7-f9f044b5adf9&api-version=2017-12-01
  response:
    body:
      string: "{\r\n  \"startTime\": \"2022-03-17T03:05:34.3587245+00:00\",\r\n  \"status\":
        \"InProgress\",\r\n  \"name\": \"df11a297-a910-4c14-b54f-0926c4603a32\"\r\n}"
    headers:
      cache-control:
      - no-cache
      content-length:
      - '134'
      content-type:
      - application/json; charset=utf-8
      date:
      - Thu, 17 Mar 2022 03:06:05 GMT
      expires:
      - '-1'
      pragma:
      - no-cache
      server:
      - Microsoft-HTTPAPI/2.0
      - Microsoft-HTTPAPI/2.0
      strict-transport-security:
      - max-age=31536000; includeSubDomains
      transfer-encoding:
      - chunked
      vary:
      - Accept-Encoding
      x-content-type-options:
      - nosniff
      x-ms-ratelimit-remaining-resource:
      - Microsoft.Compute/GetOperation3Min;14980,Microsoft.Compute/GetOperation30Min;29835
    status:
      code: 200
      message: OK
- request:
    body: null
    headers:
      Accept:
      - '*/*'
      Accept-Encoding:
      - gzip, deflate
      CommandName:
      - vm encryption enable
      Connection:
      - keep-alive
      ParameterSetName:
      - -g -n --disk-encryption-keyvault
      User-Agent:
      - AZURECLI/2.34.1 azsdk-python-azure-mgmt-compute/25.0.0 Python/3.10.0 (Windows-10-10.0.19043-SP0)
    method: GET
    uri: https://management.azure.com/subscriptions/00000000-0000-0000-0000-000000000000/providers/Microsoft.Compute/locations/westus/operations/df11a297-a910-4c14-b54f-0926c4603a32?p=571046f6-b640-41c1-86f7-f9f044b5adf9&api-version=2017-12-01
  response:
    body:
      string: "{\r\n  \"startTime\": \"2022-03-17T03:05:34.3587245+00:00\",\r\n  \"status\":
        \"InProgress\",\r\n  \"name\": \"df11a297-a910-4c14-b54f-0926c4603a32\"\r\n}"
    headers:
      cache-control:
      - no-cache
      content-length:
      - '134'
      content-type:
      - application/json; charset=utf-8
      date:
      - Thu, 17 Mar 2022 03:06:36 GMT
      expires:
      - '-1'
      pragma:
      - no-cache
      server:
      - Microsoft-HTTPAPI/2.0
      - Microsoft-HTTPAPI/2.0
      strict-transport-security:
      - max-age=31536000; includeSubDomains
      transfer-encoding:
      - chunked
      vary:
      - Accept-Encoding
      x-content-type-options:
      - nosniff
      x-ms-ratelimit-remaining-resource:
      - Microsoft.Compute/GetOperation3Min;14980,Microsoft.Compute/GetOperation30Min;29831
    status:
      code: 200
      message: OK
- request:
    body: null
    headers:
      Accept:
      - '*/*'
      Accept-Encoding:
      - gzip, deflate
      CommandName:
      - vm encryption enable
      Connection:
      - keep-alive
      ParameterSetName:
      - -g -n --disk-encryption-keyvault
      User-Agent:
      - AZURECLI/2.34.1 azsdk-python-azure-mgmt-compute/25.0.0 Python/3.10.0 (Windows-10-10.0.19043-SP0)
    method: GET
    uri: https://management.azure.com/subscriptions/00000000-0000-0000-0000-000000000000/providers/Microsoft.Compute/locations/westus/operations/df11a297-a910-4c14-b54f-0926c4603a32?p=571046f6-b640-41c1-86f7-f9f044b5adf9&api-version=2017-12-01
  response:
    body:
      string: "{\r\n  \"startTime\": \"2022-03-17T03:05:34.3587245+00:00\",\r\n  \"status\":
        \"InProgress\",\r\n  \"name\": \"df11a297-a910-4c14-b54f-0926c4603a32\"\r\n}"
    headers:
      cache-control:
      - no-cache
      content-length:
      - '134'
      content-type:
      - application/json; charset=utf-8
      date:
      - Thu, 17 Mar 2022 03:07:06 GMT
      expires:
      - '-1'
      pragma:
      - no-cache
      server:
      - Microsoft-HTTPAPI/2.0
      - Microsoft-HTTPAPI/2.0
      strict-transport-security:
      - max-age=31536000; includeSubDomains
      transfer-encoding:
      - chunked
      vary:
      - Accept-Encoding
      x-content-type-options:
      - nosniff
      x-ms-ratelimit-remaining-resource:
      - Microsoft.Compute/GetOperation3Min;14983,Microsoft.Compute/GetOperation30Min;29828
    status:
      code: 200
      message: OK
- request:
    body: null
    headers:
      Accept:
      - '*/*'
      Accept-Encoding:
      - gzip, deflate
      CommandName:
      - vm encryption enable
      Connection:
      - keep-alive
      ParameterSetName:
      - -g -n --disk-encryption-keyvault
      User-Agent:
      - AZURECLI/2.34.1 azsdk-python-azure-mgmt-compute/25.0.0 Python/3.10.0 (Windows-10-10.0.19043-SP0)
    method: GET
    uri: https://management.azure.com/subscriptions/00000000-0000-0000-0000-000000000000/providers/Microsoft.Compute/locations/westus/operations/df11a297-a910-4c14-b54f-0926c4603a32?p=571046f6-b640-41c1-86f7-f9f044b5adf9&api-version=2017-12-01
  response:
    body:
      string: "{\r\n  \"startTime\": \"2022-03-17T03:05:34.3587245+00:00\",\r\n  \"status\":
        \"InProgress\",\r\n  \"name\": \"df11a297-a910-4c14-b54f-0926c4603a32\"\r\n}"
    headers:
      cache-control:
      - no-cache
      content-length:
      - '134'
      content-type:
      - application/json; charset=utf-8
      date:
      - Thu, 17 Mar 2022 03:07:36 GMT
      expires:
      - '-1'
      pragma:
      - no-cache
      server:
      - Microsoft-HTTPAPI/2.0
      - Microsoft-HTTPAPI/2.0
      strict-transport-security:
      - max-age=31536000; includeSubDomains
      transfer-encoding:
      - chunked
      vary:
      - Accept-Encoding
      x-content-type-options:
      - nosniff
      x-ms-ratelimit-remaining-resource:
      - Microsoft.Compute/GetOperation3Min;14986,Microsoft.Compute/GetOperation30Min;29826
    status:
      code: 200
      message: OK
- request:
    body: null
    headers:
      Accept:
      - '*/*'
      Accept-Encoding:
      - gzip, deflate
      CommandName:
      - vm encryption enable
      Connection:
      - keep-alive
      ParameterSetName:
      - -g -n --disk-encryption-keyvault
      User-Agent:
      - AZURECLI/2.34.1 azsdk-python-azure-mgmt-compute/25.0.0 Python/3.10.0 (Windows-10-10.0.19043-SP0)
    method: GET
    uri: https://management.azure.com/subscriptions/00000000-0000-0000-0000-000000000000/providers/Microsoft.Compute/locations/westus/operations/df11a297-a910-4c14-b54f-0926c4603a32?p=571046f6-b640-41c1-86f7-f9f044b5adf9&api-version=2017-12-01
  response:
    body:
      string: "{\r\n  \"startTime\": \"2022-03-17T03:05:34.3587245+00:00\",\r\n  \"endTime\":
        \"2022-03-17T03:08:02.4537966+00:00\",\r\n  \"status\": \"Succeeded\",\r\n
        \ \"name\": \"df11a297-a910-4c14-b54f-0926c4603a32\"\r\n}"
    headers:
      cache-control:
      - no-cache
      content-length:
      - '184'
      content-type:
      - application/json; charset=utf-8
      date:
      - Thu, 17 Mar 2022 03:08:07 GMT
      expires:
      - '-1'
      pragma:
      - no-cache
      server:
      - Microsoft-HTTPAPI/2.0
      - Microsoft-HTTPAPI/2.0
      strict-transport-security:
      - max-age=31536000; includeSubDomains
      transfer-encoding:
      - chunked
      vary:
      - Accept-Encoding
      x-content-type-options:
      - nosniff
      x-ms-ratelimit-remaining-resource:
      - Microsoft.Compute/GetOperation3Min;14985,Microsoft.Compute/GetOperation30Min;29823
    status:
      code: 200
      message: OK
- request:
    body: null
    headers:
      Accept:
      - '*/*'
      Accept-Encoding:
      - gzip, deflate
      CommandName:
      - vm encryption enable
      Connection:
      - keep-alive
      ParameterSetName:
      - -g -n --disk-encryption-keyvault
      User-Agent:
      - AZURECLI/2.34.1 azsdk-python-azure-mgmt-compute/25.0.0 Python/3.10.0 (Windows-10-10.0.19043-SP0)
    method: GET
    uri: https://management.azure.com/subscriptions/00000000-0000-0000-0000-000000000000/resourceGroups/cli_test_vm_encryption000001/providers/Microsoft.Compute/virtualMachines/vm1/extensions/AzureDiskEncryption?api-version=2017-12-01
  response:
    body:
      string: "{\r\n  \"name\": \"AzureDiskEncryption\",\r\n  \"id\": \"/subscriptions/00000000-0000-0000-0000-000000000000/resourceGroups/cli_test_vm_encryption000001/providers/Microsoft.Compute/virtualMachines/vm1/extensions/AzureDiskEncryption\",\r\n
        \ \"type\": \"Microsoft.Compute/virtualMachines/extensions\",\r\n  \"location\":
        \"westus\",\r\n  \"properties\": {\r\n    \"autoUpgradeMinorVersion\": true,\r\n
        \   \"provisioningState\": \"Succeeded\",\r\n    \"publisher\": \"Microsoft.Azure.Security\",\r\n
        \   \"type\": \"AzureDiskEncryption\",\r\n    \"typeHandlerVersion\": \"2.2\",\r\n
        \   \"settings\": {\"KeyVaultURL\":\"https://vault000002.vault.azure.net\",\"VolumeType\":\"ALL\",\"EncryptionOperation\":\"EnableEncryption\",\"KeyEncryptionKeyURL\":null,\"KeyEncryptionAlgorithm\":\"RSA-OAEP\",\"SequenceVersion\":\"2007bb65-e28e-41d2-8e4b-1e5afef80709\",\"KeyVaultResourceId\":\"/subscriptions/00000000-0000-0000-0000-000000000000/resourceGroups/cli_test_vm_encryption000001/providers/Microsoft.KeyVault/vaults/vault000002\",\"KekVaultResourceId\":\"\"}\r\n
        \ }\r\n}"
    headers:
      cache-control:
      - no-cache
      content-length:
      - '968'
      content-type:
      - application/json; charset=utf-8
      date:
      - Thu, 17 Mar 2022 03:08:07 GMT
      expires:
      - '-1'
      pragma:
      - no-cache
      server:
      - Microsoft-HTTPAPI/2.0
      - Microsoft-HTTPAPI/2.0
      strict-transport-security:
      - max-age=31536000; includeSubDomains
      transfer-encoding:
      - chunked
      vary:
      - Accept-Encoding
      x-content-type-options:
      - nosniff
      x-ms-ratelimit-remaining-resource:
      - Microsoft.Compute/LowCostGet3Min;3953,Microsoft.Compute/LowCostGet30Min;31536
    status:
      code: 200
      message: OK
- request:
    body: null
    headers:
      Accept:
      - application/json
      Accept-Encoding:
      - gzip, deflate
      CommandName:
      - vm encryption enable
      Connection:
      - keep-alive
      ParameterSetName:
      - -g -n --disk-encryption-keyvault
      User-Agent:
      - AZURECLI/2.34.1 azsdk-python-azure-mgmt-compute/25.0.0 Python/3.10.0 (Windows-10-10.0.19043-SP0)
    method: GET
    uri: https://management.azure.com/subscriptions/00000000-0000-0000-0000-000000000000/resourceGroups/cli_test_vm_encryption000001/providers/Microsoft.Compute/virtualMachines/vm1/extensions/AzureDiskEncryption?$expand=instanceView&api-version=2017-12-01
  response:
    body:
      string: "{\r\n  \"name\": \"AzureDiskEncryption\",\r\n  \"id\": \"/subscriptions/00000000-0000-0000-0000-000000000000/resourceGroups/cli_test_vm_encryption000001/providers/Microsoft.Compute/virtualMachines/vm1/extensions/AzureDiskEncryption\",\r\n
        \ \"type\": \"Microsoft.Compute/virtualMachines/extensions\",\r\n  \"location\":
        \"westus\",\r\n  \"properties\": {\r\n    \"autoUpgradeMinorVersion\": true,\r\n
        \   \"provisioningState\": \"Succeeded\",\r\n    \"instanceView\": {\r\n      \"name\":
        \"AzureDiskEncryption\",\r\n      \"type\": \"Microsoft.Azure.Security.AzureDiskEncryption\",\r\n
        \     \"typeHandlerVersion\": \"2.2.0.42\",\r\n      \"statuses\": [\r\n        {\r\n
        \         \"code\": \"ProvisioningState/succeeded\",\r\n          \"level\":
        \"Info\",\r\n          \"displayStatus\": \"Provisioning succeeded\",\r\n
        \         \"message\": \"[2.2.0.42] \"\r\n        }\r\n      ]\r\n    },\r\n
        \   \"publisher\": \"Microsoft.Azure.Security\",\r\n    \"type\": \"AzureDiskEncryption\",\r\n
        \   \"typeHandlerVersion\": \"2.2\",\r\n    \"settings\": {\"KeyVaultURL\":\"https://vault000002.vault.azure.net\",\"VolumeType\":\"ALL\",\"EncryptionOperation\":\"EnableEncryption\",\"KeyEncryptionKeyURL\":null,\"KeyEncryptionAlgorithm\":\"RSA-OAEP\",\"SequenceVersion\":\"2007bb65-e28e-41d2-8e4b-1e5afef80709\",\"KeyVaultResourceId\":\"/subscriptions/00000000-0000-0000-0000-000000000000/resourceGroups/cli_test_vm_encryption000001/providers/Microsoft.KeyVault/vaults/vault000002\",\"KekVaultResourceId\":\"\"}\r\n
        \ }\r\n}"
    headers:
      cache-control:
      - no-cache
      content-length:
      - '1361'
      content-type:
      - application/json; charset=utf-8
      date:
      - Thu, 17 Mar 2022 03:08:07 GMT
      expires:
      - '-1'
      pragma:
      - no-cache
      server:
      - Microsoft-HTTPAPI/2.0
      - Microsoft-HTTPAPI/2.0
      strict-transport-security:
      - max-age=31536000; includeSubDomains
      transfer-encoding:
      - chunked
      vary:
      - Accept-Encoding
      x-content-type-options:
      - nosniff
      x-ms-ratelimit-remaining-resource:
      - Microsoft.Compute/LowCostGet3Min;3952,Microsoft.Compute/LowCostGet30Min;31535
    status:
      code: 200
      message: OK
- request:
    body: null
    headers:
      Accept:
      - application/json
      Accept-Encoding:
      - gzip, deflate
      CommandName:
      - vm encryption show
      Connection:
      - keep-alive
      ParameterSetName:
      - -g -n
      User-Agent:
      - AZURECLI/2.34.1 azsdk-python-azure-mgmt-compute/25.0.0 Python/3.10.0 (Windows-10-10.0.19043-SP0)
    method: GET
    uri: https://management.azure.com/subscriptions/00000000-0000-0000-0000-000000000000/resourceGroups/cli_test_vm_encryption000001/providers/Microsoft.Compute/virtualMachines/vm1?$expand=instanceView&api-version=2017-12-01
  response:
    body:
      string: "{\r\n  \"name\": \"vm1\",\r\n  \"id\": \"/subscriptions/00000000-0000-0000-0000-000000000000/resourceGroups/cli_test_vm_encryption000001/providers/Microsoft.Compute/virtualMachines/vm1\",\r\n
        \ \"type\": \"Microsoft.Compute/virtualMachines\",\r\n  \"location\": \"westus\",\r\n
        \ \"tags\": {},\r\n  \"properties\": {\r\n    \"vmId\": \"017d9eb4-f3a1-46f5-9a2b-6f0ea54964ff\",\r\n
        \   \"hardwareProfile\": {\r\n      \"vmSize\": \"Standard_DS1_v2\"\r\n    },\r\n
        \   \"storageProfile\": {\r\n      \"imageReference\": {\r\n        \"publisher\":
        \"MicrosoftWindowsServer\",\r\n        \"offer\": \"WindowsServer\",\r\n        \"sku\":
        \"2012-Datacenter\",\r\n        \"version\": \"latest\"\r\n      },\r\n      \"osDisk\":
        {\r\n        \"osType\": \"Windows\",\r\n        \"name\": \"vm1_OsDisk_1_6add2ee42f5f4e32b7133f42584728a6\",\r\n
        \       \"createOption\": \"FromImage\",\r\n        \"caching\": \"ReadWrite\",\r\n
        \       \"managedDisk\": {\r\n          \"storageAccountType\": \"Premium_LRS\",\r\n
        \         \"id\": \"/subscriptions/00000000-0000-0000-0000-000000000000/resourceGroups/cli_test_vm_encryption000001/providers/Microsoft.Compute/disks/vm1_OsDisk_1_6add2ee42f5f4e32b7133f42584728a6\"\r\n
        \       },\r\n        \"diskSizeGB\": 127\r\n      },\r\n      \"dataDisks\":
        []\r\n    },\r\n    \"osProfile\": {\r\n      \"computerName\": \"vm1\",\r\n
        \     \"adminUsername\": \"clitester1\",\r\n      \"windowsConfiguration\":
        {\r\n        \"provisionVMAgent\": true,\r\n        \"enableAutomaticUpdates\":
        true\r\n      },\r\n      \"secrets\": []\r\n    },\r\n    \"networkProfile\":
        {\"networkInterfaces\":[{\"id\":\"/subscriptions/00000000-0000-0000-0000-000000000000/resourceGroups/cli_test_vm_encryption000001/providers/Microsoft.Network/networkInterfaces/vm1VMNic\"}]},\r\n
        \   \"provisioningState\": \"Succeeded\",\r\n    \"instanceView\": {\r\n      \"computerName\":
        \"vm1\",\r\n      \"osName\": \"Windows Server 2012 Datacenter\",\r\n      \"osVersion\":
        \"Microsoft Windows NT 6.2.9200.0\",\r\n      \"vmAgent\": {\r\n        \"vmAgentVersion\":
        \"2.7.41491.1032\",\r\n        \"statuses\": [\r\n          {\r\n            \"code\":
        \"ProvisioningState/succeeded\",\r\n            \"level\": \"Info\",\r\n            \"displayStatus\":
        \"Ready\",\r\n            \"message\": \"GuestAgent is running and processing
        the extensions.\",\r\n            \"time\": \"2022-03-17T03:07:56.216+00:00\"\r\n
        \         }\r\n        ],\r\n        \"extensionHandlers\": [\r\n          {\r\n
        \           \"type\": \"Microsoft.Azure.Security.AzureDiskEncryption\",\r\n
        \           \"typeHandlerVersion\": \"2.2.0.42\",\r\n            \"status\":
        {\r\n              \"code\": \"ProvisioningState/NotReady\",\r\n              \"level\":
        \"Info\",\r\n              \"displayStatus\": \"Not Ready\",\r\n              \"message\":
        \"Enabling plugin (handler name: Microsoft.Azure.Security.AzureDiskEncryption,
        extension name: , version: 2.2.0.42).\"\r\n            }\r\n          }\r\n
        \       ]\r\n      },\r\n      \"disks\": [\r\n        {\r\n          \"name\":
        \"vm1_OsDisk_1_6add2ee42f5f4e32b7133f42584728a6\",\r\n          \"encryptionSettings\":
        [\r\n            {\r\n              \"enabled\": true,\r\n              \"diskEncryptionKey\":
        {\r\n                \"sourceVault\": {\r\n                  \"id\": \"/subscriptions/00000000-0000-0000-0000-000000000000/resourceGroups/cli_test_vm_encryption000001/providers/Microsoft.KeyVault/vaults/vault000002\"\r\n
        \               },\r\n                \"secretUrl\": \"https://vault000002.vault.azure.net/secrets/16063C62-13E6-4D7E-BDDF-ECA17A550C9F/ae6164f1d4d146f98849a961f1b0db91\"\r\n
        \             }\r\n            }\r\n          ],\r\n          \"statuses\":
        [\r\n            {\r\n              \"code\": \"ProvisioningState/succeeded\",\r\n
        \             \"level\": \"Info\",\r\n              \"displayStatus\": \"Provisioning
        succeeded\",\r\n              \"time\": \"2022-03-17T03:08:02.4068727+00:00\"\r\n
        \           },\r\n            {\r\n              \"code\": \"EncryptionState/encrypted\",\r\n
        \             \"level\": \"Info\",\r\n              \"displayStatus\": \"Encryption
        is enabled on disk\"\r\n            }\r\n          ]\r\n        }\r\n      ],\r\n
        \     \"extensions\": [\r\n        {\r\n          \"name\": \"AzureDiskEncryption\",\r\n
        \         \"type\": \"Microsoft.Azure.Security.AzureDiskEncryption\",\r\n
        \         \"typeHandlerVersion\": \"2.2.0.42\",\r\n          \"statuses\":
        [\r\n            {\r\n              \"code\": \"ProvisioningState/succeeded\",\r\n
        \             \"level\": \"Info\",\r\n              \"displayStatus\": \"Provisioning
        succeeded\",\r\n              \"message\": \"[2.2.0.42] \"\r\n            }\r\n
        \         ]\r\n        }\r\n      ],\r\n      \"statuses\": [\r\n        {\r\n
        \         \"code\": \"ProvisioningState/succeeded\",\r\n          \"level\":
        \"Info\",\r\n          \"displayStatus\": \"Provisioning succeeded\",\r\n
        \         \"time\": \"2022-03-17T03:08:02.4381452+00:00\"\r\n        },\r\n
        \       {\r\n          \"code\": \"PowerState/running\",\r\n          \"level\":
        \"Info\",\r\n          \"displayStatus\": \"VM running\"\r\n        }\r\n
        \     ]\r\n    }\r\n  },\r\n  \"resources\": [\r\n    {\r\n      \"name\":
        \"AzureDiskEncryption\",\r\n      \"id\": \"/subscriptions/00000000-0000-0000-0000-000000000000/resourceGroups/cli_test_vm_encryption000001/providers/Microsoft.Compute/virtualMachines/vm1/extensions/AzureDiskEncryption\",\r\n
        \     \"type\": \"Microsoft.Compute/virtualMachines/extensions\",\r\n      \"location\":
        \"westus\",\r\n      \"properties\": {\r\n        \"autoUpgradeMinorVersion\":
        true,\r\n        \"provisioningState\": \"Succeeded\",\r\n        \"publisher\":
        \"Microsoft.Azure.Security\",\r\n        \"type\": \"AzureDiskEncryption\",\r\n
        \       \"typeHandlerVersion\": \"2.2\",\r\n        \"settings\": {\"KeyVaultURL\":\"https://vault000002.vault.azure.net\",\"VolumeType\":\"ALL\",\"EncryptionOperation\":\"EnableEncryption\",\"KeyEncryptionKeyURL\":null,\"KeyEncryptionAlgorithm\":\"RSA-OAEP\",\"SequenceVersion\":\"2007bb65-e28e-41d2-8e4b-1e5afef80709\",\"KeyVaultResourceId\":\"/subscriptions/00000000-0000-0000-0000-000000000000/resourceGroups/cli_test_vm_encryption000001/providers/Microsoft.KeyVault/vaults/vault000002\",\"KekVaultResourceId\":\"\"}\r\n
        \     }\r\n    }\r\n  ]\r\n}"
    headers:
      cache-control:
      - no-cache
      content-length:
      - '5680'
      content-type:
      - application/json; charset=utf-8
      date:
      - Thu, 17 Mar 2022 03:08:08 GMT
      expires:
      - '-1'
      pragma:
      - no-cache
      server:
      - Microsoft-HTTPAPI/2.0
      - Microsoft-HTTPAPI/2.0
      strict-transport-security:
      - max-age=31536000; includeSubDomains
      transfer-encoding:
      - chunked
      vary:
      - Accept-Encoding
      x-content-type-options:
      - nosniff
      x-ms-ratelimit-remaining-resource:
      - Microsoft.Compute/LowCostGet3Min;3951,Microsoft.Compute/LowCostGet30Min;31534
    status:
      code: 200
      message: OK
- request:
    body: null
    headers:
      Accept:
      - application/json
      Accept-Encoding:
      - gzip, deflate
      CommandName:
      - vm encryption disable
      Connection:
      - keep-alive
      ParameterSetName:
      - -g -n
      User-Agent:
      - AZURECLI/2.34.1 azsdk-python-azure-mgmt-compute/25.0.0 Python/3.10.0 (Windows-10-10.0.19043-SP0)
    method: GET
    uri: https://management.azure.com/subscriptions/00000000-0000-0000-0000-000000000000/resourceGroups/cli_test_vm_encryption000001/providers/Microsoft.Compute/virtualMachines/vm1?$expand=instanceView&api-version=2017-12-01
  response:
    body:
      string: "{\r\n  \"name\": \"vm1\",\r\n  \"id\": \"/subscriptions/00000000-0000-0000-0000-000000000000/resourceGroups/cli_test_vm_encryption000001/providers/Microsoft.Compute/virtualMachines/vm1\",\r\n
        \ \"type\": \"Microsoft.Compute/virtualMachines\",\r\n  \"location\": \"westus\",\r\n
        \ \"tags\": {},\r\n  \"properties\": {\r\n    \"vmId\": \"017d9eb4-f3a1-46f5-9a2b-6f0ea54964ff\",\r\n
        \   \"hardwareProfile\": {\r\n      \"vmSize\": \"Standard_DS1_v2\"\r\n    },\r\n
        \   \"storageProfile\": {\r\n      \"imageReference\": {\r\n        \"publisher\":
        \"MicrosoftWindowsServer\",\r\n        \"offer\": \"WindowsServer\",\r\n        \"sku\":
        \"2012-Datacenter\",\r\n        \"version\": \"latest\"\r\n      },\r\n      \"osDisk\":
        {\r\n        \"osType\": \"Windows\",\r\n        \"name\": \"vm1_OsDisk_1_6add2ee42f5f4e32b7133f42584728a6\",\r\n
        \       \"createOption\": \"FromImage\",\r\n        \"caching\": \"ReadWrite\",\r\n
        \       \"managedDisk\": {\r\n          \"storageAccountType\": \"Premium_LRS\",\r\n
        \         \"id\": \"/subscriptions/00000000-0000-0000-0000-000000000000/resourceGroups/cli_test_vm_encryption000001/providers/Microsoft.Compute/disks/vm1_OsDisk_1_6add2ee42f5f4e32b7133f42584728a6\"\r\n
        \       },\r\n        \"diskSizeGB\": 127\r\n      },\r\n      \"dataDisks\":
        []\r\n    },\r\n    \"osProfile\": {\r\n      \"computerName\": \"vm1\",\r\n
        \     \"adminUsername\": \"clitester1\",\r\n      \"windowsConfiguration\":
        {\r\n        \"provisionVMAgent\": true,\r\n        \"enableAutomaticUpdates\":
        true\r\n      },\r\n      \"secrets\": []\r\n    },\r\n    \"networkProfile\":
        {\"networkInterfaces\":[{\"id\":\"/subscriptions/00000000-0000-0000-0000-000000000000/resourceGroups/cli_test_vm_encryption000001/providers/Microsoft.Network/networkInterfaces/vm1VMNic\"}]},\r\n
        \   \"provisioningState\": \"Succeeded\",\r\n    \"instanceView\": {\r\n      \"computerName\":
        \"vm1\",\r\n      \"osName\": \"Windows Server 2012 Datacenter\",\r\n      \"osVersion\":
        \"Microsoft Windows NT 6.2.9200.0\",\r\n      \"vmAgent\": {\r\n        \"vmAgentVersion\":
        \"2.7.41491.1032\",\r\n        \"statuses\": [\r\n          {\r\n            \"code\":
        \"ProvisioningState/succeeded\",\r\n            \"level\": \"Info\",\r\n            \"displayStatus\":
        \"Ready\",\r\n            \"message\": \"GuestAgent is running and processing
        the extensions.\",\r\n            \"time\": \"2022-03-17T03:07:56.216+00:00\"\r\n
        \         }\r\n        ],\r\n        \"extensionHandlers\": [\r\n          {\r\n
        \           \"type\": \"Microsoft.Azure.Security.AzureDiskEncryption\",\r\n
        \           \"typeHandlerVersion\": \"2.2.0.42\",\r\n            \"status\":
        {\r\n              \"code\": \"ProvisioningState/NotReady\",\r\n              \"level\":
        \"Info\",\r\n              \"displayStatus\": \"Not Ready\",\r\n              \"message\":
        \"Enabling plugin (handler name: Microsoft.Azure.Security.AzureDiskEncryption,
        extension name: , version: 2.2.0.42).\"\r\n            }\r\n          }\r\n
        \       ]\r\n      },\r\n      \"disks\": [\r\n        {\r\n          \"name\":
        \"vm1_OsDisk_1_6add2ee42f5f4e32b7133f42584728a6\",\r\n          \"encryptionSettings\":
        [\r\n            {\r\n              \"enabled\": true,\r\n              \"diskEncryptionKey\":
        {\r\n                \"sourceVault\": {\r\n                  \"id\": \"/subscriptions/00000000-0000-0000-0000-000000000000/resourceGroups/cli_test_vm_encryption000001/providers/Microsoft.KeyVault/vaults/vault000002\"\r\n
        \               },\r\n                \"secretUrl\": \"https://vault000002.vault.azure.net/secrets/16063C62-13E6-4D7E-BDDF-ECA17A550C9F/ae6164f1d4d146f98849a961f1b0db91\"\r\n
        \             }\r\n            }\r\n          ],\r\n          \"statuses\":
        [\r\n            {\r\n              \"code\": \"ProvisioningState/succeeded\",\r\n
        \             \"level\": \"Info\",\r\n              \"displayStatus\": \"Provisioning
        succeeded\",\r\n              \"time\": \"2022-03-17T03:08:02.4068727+00:00\"\r\n
        \           },\r\n            {\r\n              \"code\": \"EncryptionState/encrypted\",\r\n
        \             \"level\": \"Info\",\r\n              \"displayStatus\": \"Encryption
        is enabled on disk\"\r\n            }\r\n          ]\r\n        }\r\n      ],\r\n
        \     \"extensions\": [\r\n        {\r\n          \"name\": \"AzureDiskEncryption\",\r\n
        \         \"type\": \"Microsoft.Azure.Security.AzureDiskEncryption\",\r\n
        \         \"typeHandlerVersion\": \"2.2.0.42\",\r\n          \"statuses\":
        [\r\n            {\r\n              \"code\": \"ProvisioningState/succeeded\",\r\n
        \             \"level\": \"Info\",\r\n              \"displayStatus\": \"Provisioning
        succeeded\",\r\n              \"message\": \"[2.2.0.42] \"\r\n            }\r\n
        \         ]\r\n        }\r\n      ],\r\n      \"statuses\": [\r\n        {\r\n
        \         \"code\": \"ProvisioningState/succeeded\",\r\n          \"level\":
        \"Info\",\r\n          \"displayStatus\": \"Provisioning succeeded\",\r\n
        \         \"time\": \"2022-03-17T03:08:02.4381452+00:00\"\r\n        },\r\n
        \       {\r\n          \"code\": \"PowerState/running\",\r\n          \"level\":
        \"Info\",\r\n          \"displayStatus\": \"VM running\"\r\n        }\r\n
        \     ]\r\n    }\r\n  },\r\n  \"resources\": [\r\n    {\r\n      \"name\":
        \"AzureDiskEncryption\",\r\n      \"id\": \"/subscriptions/00000000-0000-0000-0000-000000000000/resourceGroups/cli_test_vm_encryption000001/providers/Microsoft.Compute/virtualMachines/vm1/extensions/AzureDiskEncryption\",\r\n
        \     \"type\": \"Microsoft.Compute/virtualMachines/extensions\",\r\n      \"location\":
        \"westus\",\r\n      \"properties\": {\r\n        \"autoUpgradeMinorVersion\":
        true,\r\n        \"provisioningState\": \"Succeeded\",\r\n        \"publisher\":
        \"Microsoft.Azure.Security\",\r\n        \"type\": \"AzureDiskEncryption\",\r\n
        \       \"typeHandlerVersion\": \"2.2\",\r\n        \"settings\": {\"KeyVaultURL\":\"https://vault000002.vault.azure.net\",\"VolumeType\":\"ALL\",\"EncryptionOperation\":\"EnableEncryption\",\"KeyEncryptionKeyURL\":null,\"KeyEncryptionAlgorithm\":\"RSA-OAEP\",\"SequenceVersion\":\"2007bb65-e28e-41d2-8e4b-1e5afef80709\",\"KeyVaultResourceId\":\"/subscriptions/00000000-0000-0000-0000-000000000000/resourceGroups/cli_test_vm_encryption000001/providers/Microsoft.KeyVault/vaults/vault000002\",\"KekVaultResourceId\":\"\"}\r\n
        \     }\r\n    }\r\n  ]\r\n}"
    headers:
      cache-control:
      - no-cache
      content-length:
      - '5680'
      content-type:
      - application/json; charset=utf-8
      date:
      - Thu, 17 Mar 2022 03:08:08 GMT
      expires:
      - '-1'
      pragma:
      - no-cache
      server:
      - Microsoft-HTTPAPI/2.0
      - Microsoft-HTTPAPI/2.0
      strict-transport-security:
      - max-age=31536000; includeSubDomains
      transfer-encoding:
      - chunked
      vary:
      - Accept-Encoding
      x-content-type-options:
      - nosniff
      x-ms-ratelimit-remaining-resource:
      - Microsoft.Compute/LowCostGet3Min;3950,Microsoft.Compute/LowCostGet30Min;31533
    status:
      code: 200
      message: OK
- request:
    body: '{"location": "westus", "properties": {"publisher": "Microsoft.Azure.Security",
      "typeHandlerVersion": "2.2", "autoUpgradeMinorVersion": true, "settings": {"VolumeType":
      "ALL", "EncryptionOperation": "DisableEncryption", "SequenceVersion": "5ee57601-6fe5-4b4c-b397-229897eb2787"}}}'
    headers:
      Accept:
      - application/json
      Accept-Encoding:
      - gzip, deflate
      CommandName:
      - vm encryption disable
      Connection:
      - keep-alive
      Content-Length:
      - '279'
      Content-Type:
      - application/json
      ParameterSetName:
      - -g -n
      User-Agent:
      - AZURECLI/2.34.1 azsdk-python-azure-mgmt-compute/25.0.0 Python/3.10.0 (Windows-10-10.0.19043-SP0)
    method: PUT
    uri: https://management.azure.com/subscriptions/00000000-0000-0000-0000-000000000000/resourceGroups/cli_test_vm_encryption000001/providers/Microsoft.Compute/virtualMachines/vm1/extensions/AzureDiskEncryption?api-version=2017-12-01
  response:
    body:
      string: "{\r\n  \"name\": \"AzureDiskEncryption\",\r\n  \"id\": \"/subscriptions/00000000-0000-0000-0000-000000000000/resourceGroups/cli_test_vm_encryption000001/providers/Microsoft.Compute/virtualMachines/vm1/extensions/AzureDiskEncryption\",\r\n
        \ \"type\": \"Microsoft.Compute/virtualMachines/extensions\",\r\n  \"location\":
        \"westus\",\r\n  \"properties\": {\r\n    \"autoUpgradeMinorVersion\": true,\r\n
        \   \"provisioningState\": \"Updating\",\r\n    \"publisher\": \"Microsoft.Azure.Security\",\r\n
        \   \"type\": \"AzureDiskEncryption\",\r\n    \"typeHandlerVersion\": \"2.2\",\r\n
        \   \"settings\": {\"VolumeType\":\"ALL\",\"EncryptionOperation\":\"DisableEncryption\",\"SequenceVersion\":\"5ee57601-6fe5-4b4c-b397-229897eb2787\"}\r\n
        \ }\r\n}"
    headers:
      azure-asyncnotification:
      - Enabled
      azure-asyncoperation:
      - https://management.azure.com/subscriptions/00000000-0000-0000-0000-000000000000/providers/Microsoft.Compute/locations/westus/operations/76891caf-443f-41ae-b5eb-a3afec7977f0?p=571046f6-b640-41c1-86f7-f9f044b5adf9&api-version=2017-12-01
      cache-control:
      - no-cache
      content-length:
      - '662'
      content-type:
      - application/json; charset=utf-8
      date:
      - Thu, 17 Mar 2022 03:08:09 GMT
      expires:
      - '-1'
      pragma:
      - no-cache
      server:
      - Microsoft-HTTPAPI/2.0
      - Microsoft-HTTPAPI/2.0
      strict-transport-security:
      - max-age=31536000; includeSubDomains
      transfer-encoding:
      - chunked
      vary:
      - Accept-Encoding
      x-content-type-options:
      - nosniff
      x-ms-ratelimit-remaining-resource:
      - Microsoft.Compute/UpdateVM3Min;238,Microsoft.Compute/UpdateVM30Min;1197
      x-ms-ratelimit-remaining-subscription-writes:
      - '1190'
    status:
      code: 200
      message: OK
- request:
    body: null
    headers:
      Accept:
      - '*/*'
      Accept-Encoding:
      - gzip, deflate
      CommandName:
      - vm encryption disable
      Connection:
      - keep-alive
      ParameterSetName:
      - -g -n
      User-Agent:
      - AZURECLI/2.34.1 azsdk-python-azure-mgmt-compute/25.0.0 Python/3.10.0 (Windows-10-10.0.19043-SP0)
    method: GET
    uri: https://management.azure.com/subscriptions/00000000-0000-0000-0000-000000000000/providers/Microsoft.Compute/locations/westus/operations/76891caf-443f-41ae-b5eb-a3afec7977f0?p=571046f6-b640-41c1-86f7-f9f044b5adf9&api-version=2017-12-01
  response:
    body:
      string: "{\r\n  \"startTime\": \"2022-03-17T03:08:09.9695171+00:00\",\r\n  \"endTime\":
        \"2022-03-17T03:08:35.1102651+00:00\",\r\n  \"status\": \"Succeeded\",\r\n
        \ \"name\": \"76891caf-443f-41ae-b5eb-a3afec7977f0\"\r\n}"
    headers:
      cache-control:
      - no-cache
      content-length:
      - '184'
      content-type:
      - application/json; charset=utf-8
      date:
      - Thu, 17 Mar 2022 03:08:39 GMT
      expires:
      - '-1'
      pragma:
      - no-cache
      server:
      - Microsoft-HTTPAPI/2.0
      - Microsoft-HTTPAPI/2.0
      strict-transport-security:
      - max-age=31536000; includeSubDomains
      transfer-encoding:
      - chunked
      vary:
      - Accept-Encoding
      x-content-type-options:
      - nosniff
      x-ms-ratelimit-remaining-resource:
      - Microsoft.Compute/GetOperation3Min;14983,Microsoft.Compute/GetOperation30Min;29819
    status:
      code: 200
      message: OK
- request:
    body: null
    headers:
      Accept:
      - '*/*'
      Accept-Encoding:
      - gzip, deflate
      CommandName:
      - vm encryption disable
      Connection:
      - keep-alive
      ParameterSetName:
      - -g -n
      User-Agent:
      - AZURECLI/2.34.1 azsdk-python-azure-mgmt-compute/25.0.0 Python/3.10.0 (Windows-10-10.0.19043-SP0)
    method: GET
    uri: https://management.azure.com/subscriptions/00000000-0000-0000-0000-000000000000/resourceGroups/cli_test_vm_encryption000001/providers/Microsoft.Compute/virtualMachines/vm1/extensions/AzureDiskEncryption?api-version=2017-12-01
  response:
    body:
      string: "{\r\n  \"name\": \"AzureDiskEncryption\",\r\n  \"id\": \"/subscriptions/00000000-0000-0000-0000-000000000000/resourceGroups/cli_test_vm_encryption000001/providers/Microsoft.Compute/virtualMachines/vm1/extensions/AzureDiskEncryption\",\r\n
        \ \"type\": \"Microsoft.Compute/virtualMachines/extensions\",\r\n  \"location\":
        \"westus\",\r\n  \"properties\": {\r\n    \"autoUpgradeMinorVersion\": true,\r\n
        \   \"provisioningState\": \"Succeeded\",\r\n    \"publisher\": \"Microsoft.Azure.Security\",\r\n
        \   \"type\": \"AzureDiskEncryption\",\r\n    \"typeHandlerVersion\": \"2.2\",\r\n
        \   \"settings\": {\"VolumeType\":\"ALL\",\"EncryptionOperation\":\"DisableEncryption\",\"SequenceVersion\":\"5ee57601-6fe5-4b4c-b397-229897eb2787\"}\r\n
        \ }\r\n}"
    headers:
      cache-control:
      - no-cache
      content-length:
      - '663'
      content-type:
      - application/json; charset=utf-8
      date:
      - Thu, 17 Mar 2022 03:08:39 GMT
      expires:
      - '-1'
      pragma:
      - no-cache
      server:
      - Microsoft-HTTPAPI/2.0
      - Microsoft-HTTPAPI/2.0
      strict-transport-security:
      - max-age=31536000; includeSubDomains
      transfer-encoding:
      - chunked
      vary:
      - Accept-Encoding
      x-content-type-options:
      - nosniff
      x-ms-ratelimit-remaining-resource:
      - Microsoft.Compute/LowCostGet3Min;3951,Microsoft.Compute/LowCostGet30Min;31522
    status:
      code: 200
      message: OK
- request:
    body: null
    headers:
      Accept:
      - application/json
      Accept-Encoding:
      - gzip, deflate
      CommandName:
      - vm encryption disable
      Connection:
      - keep-alive
      ParameterSetName:
      - -g -n
      User-Agent:
      - AZURECLI/2.34.1 azsdk-python-azure-mgmt-compute/25.0.0 Python/3.10.0 (Windows-10-10.0.19043-SP0)
    method: GET
    uri: https://management.azure.com/subscriptions/00000000-0000-0000-0000-000000000000/resourceGroups/cli_test_vm_encryption000001/providers/Microsoft.Compute/virtualMachines/vm1/extensions/AzureDiskEncryption?$expand=instanceView&api-version=2017-12-01
  response:
    body:
      string: "{\r\n  \"name\": \"AzureDiskEncryption\",\r\n  \"id\": \"/subscriptions/00000000-0000-0000-0000-000000000000/resourceGroups/cli_test_vm_encryption000001/providers/Microsoft.Compute/virtualMachines/vm1/extensions/AzureDiskEncryption\",\r\n
        \ \"type\": \"Microsoft.Compute/virtualMachines/extensions\",\r\n  \"location\":
        \"westus\",\r\n  \"properties\": {\r\n    \"autoUpgradeMinorVersion\": true,\r\n
        \   \"provisioningState\": \"Succeeded\",\r\n    \"instanceView\": {\r\n      \"name\":
        \"AzureDiskEncryption\",\r\n      \"type\": \"Microsoft.Azure.Security.AzureDiskEncryption\",\r\n
        \     \"typeHandlerVersion\": \"2.2.0.42\",\r\n      \"statuses\": [\r\n        {\r\n
        \         \"code\": \"ProvisioningState/succeeded\",\r\n          \"level\":
        \"Info\",\r\n          \"displayStatus\": \"Provisioning succeeded\",\r\n
        \         \"message\": \"[2.2.0.42] Disable Encryption completed successfully\"\r\n
        \       }\r\n      ]\r\n    },\r\n    \"publisher\": \"Microsoft.Azure.Security\",\r\n
        \   \"type\": \"AzureDiskEncryption\",\r\n    \"typeHandlerVersion\": \"2.2\",\r\n
        \   \"settings\": {\"VolumeType\":\"ALL\",\"EncryptionOperation\":\"DisableEncryption\",\"SequenceVersion\":\"5ee57601-6fe5-4b4c-b397-229897eb2787\"}\r\n
        \ }\r\n}"
    headers:
      cache-control:
      - no-cache
      content-length:
      - '1097'
      content-type:
      - application/json; charset=utf-8
      date:
      - Thu, 17 Mar 2022 03:08:40 GMT
      expires:
      - '-1'
      pragma:
      - no-cache
      server:
      - Microsoft-HTTPAPI/2.0
      - Microsoft-HTTPAPI/2.0
      strict-transport-security:
      - max-age=31536000; includeSubDomains
      transfer-encoding:
      - chunked
      vary:
      - Accept-Encoding
      x-content-type-options:
      - nosniff
      x-ms-ratelimit-remaining-resource:
      - Microsoft.Compute/LowCostGet3Min;3950,Microsoft.Compute/LowCostGet30Min;31521
    status:
      code: 200
      message: OK
version: 1
