interactions:
- request:
    body: null
    headers:
      Accept:
      - application/json
      Accept-Encoding:
      - gzip, deflate
      CommandName:
      - vm create
      Connection:
      - keep-alive
      ParameterSetName:
      - -g -l -n --admin-username --image --admin-password --public-ip-address-allocation
        --authentication-type
      User-Agent:
      - AZURECLI/2.46.0 azsdk-python-azure-mgmt-compute/29.1.0 Python/3.10.9 (Windows-10-10.0.22624-SP0)
    method: GET
    uri: https://management.azure.com/subscriptions/00000000-0000-0000-0000-000000000000/providers/Microsoft.Compute/locations/westus/publishers/Canonical/artifacttypes/vmimage/offers/UbuntuServer/skus/14.04.4-LTS/versions?$top=1&$orderby=name%20desc&api-version=2017-12-01
  response:
    body:
      string: "[\r\n  {\r\n    \"location\": \"westus\",\r\n    \"name\": \"14.04.201911070\"\
        ,\r\n    \"id\": \"/Subscriptions/00000000-0000-0000-0000-000000000000/Providers/Microsoft.Compute/Locations/westus/Publishers/Canonical/ArtifactTypes/VMImage/Offers/UbuntuServer/Skus/14.04.4-LTS/Versions/14.04.201911070\"\
        \r\n  }\r\n]"
    headers:
      cache-control:
      - no-cache
      content-length:
      - '288'
      content-type:
      - application/json; charset=utf-8
      date:
      - Tue, 14 Mar 2023 16:02:15 GMT
      expires:
      - '-1'
      pragma:
      - no-cache
      server:
      - Microsoft-HTTPAPI/2.0
      - Microsoft-HTTPAPI/2.0
      strict-transport-security:
      - max-age=31536000; includeSubDomains
      transfer-encoding:
      - chunked
      vary:
      - Accept-Encoding
      x-content-type-options:
      - nosniff
      x-ms-ratelimit-remaining-resource:
      - Microsoft.Compute/ListVMImagesVersionsFromLocation3Min;15999,Microsoft.Compute/ListVMImagesVersionsFromLocation30Min;43999
    status:
      code: 200
      message: OK
- request:
    body: null
    headers:
      Accept:
      - application/json
      Accept-Encoding:
      - gzip, deflate
      CommandName:
      - vm create
      Connection:
      - keep-alive
      ParameterSetName:
      - -g -l -n --admin-username --image --admin-password --public-ip-address-allocation
        --authentication-type
      User-Agent:
      - AZURECLI/2.46.0 azsdk-python-azure-mgmt-compute/29.1.0 Python/3.10.9 (Windows-10-10.0.22624-SP0)
    method: GET
    uri: https://management.azure.com/subscriptions/00000000-0000-0000-0000-000000000000/providers/Microsoft.Compute/locations/westus/publishers/Canonical/artifacttypes/vmimage/offers/UbuntuServer/skus/14.04.4-LTS/versions/14.04.201911070?api-version=2017-12-01
  response:
    body:
      string: "{\r\n  \"properties\": {\r\n    \"architecture\": \"x64\",\r\n    \"\
        replicaType\": \"Unmanaged\",\r\n    \"automaticOSUpgradeProperties\": {\r\
        \n      \"automaticOSUpgradeSupported\": false\r\n    },\r\n    \"imageDeprecationStatus\"\
        : {\r\n      \"imageState\": \"Active\"\r\n    },\r\n    \"osDiskImage\":\
        \ {\r\n      \"operatingSystem\": \"Linux\",\r\n      \"sizeInGb\": 30,\r\n\
        \      \"sizeInBytes\": 32212255232\r\n    },\r\n    \"dataDiskImages\": []\r\
        \n  },\r\n  \"location\": \"westus\",\r\n  \"name\": \"14.04.201911070\",\r\
        \n  \"id\": \"/Subscriptions/00000000-0000-0000-0000-000000000000/Providers/Microsoft.Compute/Locations/westus/Publishers/Canonical/ArtifactTypes/VMImage/Offers/UbuntuServer/Skus/14.04.4-LTS/Versions/14.04.201911070\"\
        \r\n}"
    headers:
      cache-control:
      - no-cache
      content-length:
      - '668'
      content-type:
      - application/json; charset=utf-8
      date:
      - Tue, 14 Mar 2023 16:02:15 GMT
      expires:
      - '-1'
      pragma:
      - no-cache
      server:
      - Microsoft-HTTPAPI/2.0
      - Microsoft-HTTPAPI/2.0
      strict-transport-security:
      - max-age=31536000; includeSubDomains
      transfer-encoding:
      - chunked
      vary:
      - Accept-Encoding
      x-content-type-options:
      - nosniff
      x-ms-ratelimit-remaining-resource:
      - Microsoft.Compute/GetVMImageFromLocation3Min;12999,Microsoft.Compute/GetVMImageFromLocation30Min;73999
    status:
      code: 200
      message: OK
- request:
    body: null
    headers:
      Accept:
      - application/json
      Accept-Encoding:
      - gzip, deflate
      CommandName:
      - vm create
      Connection:
      - keep-alive
      ParameterSetName:
      - -g -l -n --admin-username --image --admin-password --public-ip-address-allocation
        --authentication-type
      User-Agent:
      - AZURECLI/2.46.0 (AAZ) azsdk-python-core/1.24.0 Python/3.10.9 (Windows-10-10.0.22624-SP0)
    method: GET
    uri: https://management.azure.com/subscriptions/00000000-0000-0000-0000-000000000000/resourceGroups/cli_test_open_port000001/providers/Microsoft.Network/virtualNetworks?api-version=2017-10-01
  response:
    body:
      string: '{"value":[]}'
    headers:
      cache-control:
      - no-cache
      content-length:
      - '12'
      content-type:
      - application/json; charset=utf-8
      date:
      - Tue, 14 Mar 2023 16:02:16 GMT
      expires:
      - '-1'
      pragma:
      - no-cache
      strict-transport-security:
      - max-age=31536000; includeSubDomains
      vary:
      - Accept-Encoding
      x-content-type-options:
      - nosniff
    status:
      code: 200
      message: OK
- request:
    body: '{"properties": {"template": {"$schema": "https://schema.management.azure.com/schemas/2015-01-01/deploymentTemplate.json#",
      "contentVersion": "1.0.0.0", "parameters": {"adminPassword": {"type": "securestring",
      "metadata": {"description": "Secure adminPassword"}}}, "variables": {}, "resources":
      [{"name": "vm1VNET", "type": "Microsoft.Network/virtualNetworks", "location":
      "westus", "apiVersion": "2015-06-15", "dependsOn": [], "tags": {}, "properties":
      {"addressSpace": {"addressPrefixes": ["10.0.0.0/16"]}, "subnets": [{"name":
      "vm1Subnet", "properties": {"addressPrefix": "10.0.0.0/24"}}]}}, {"type": "Microsoft.Network/networkSecurityGroups",
      "name": "vm1NSG", "apiVersion": "2015-06-15", "location": "westus", "tags":
      {}, "dependsOn": [], "properties": {"securityRules": [{"name": "default-allow-ssh",
      "properties": {"protocol": "Tcp", "sourcePortRange": "*", "destinationPortRange":
      "22", "sourceAddressPrefix": "*", "destinationAddressPrefix": "*", "access":
      "Allow", "priority": 1000, "direction": "Inbound"}}]}}, {"apiVersion": "2017-10-01",
      "type": "Microsoft.Network/publicIPAddresses", "name": "vm1PublicIP", "location":
      "westus", "tags": {}, "dependsOn": [], "properties": {"publicIPAllocationMethod":
      "dynamic"}}, {"apiVersion": "2015-06-15", "type": "Microsoft.Network/networkInterfaces",
      "name": "vm1VMNic", "location": "westus", "tags": {}, "dependsOn": ["Microsoft.Network/virtualNetworks/vm1VNET",
      "Microsoft.Network/networkSecurityGroups/vm1NSG", "Microsoft.Network/publicIpAddresses/vm1PublicIP"],
      "properties": {"ipConfigurations": [{"name": "ipconfigvm1", "properties": {"privateIPAllocationMethod":
      "Dynamic", "subnet": {"id": "/subscriptions/00000000-0000-0000-0000-000000000000/resourceGroups/cli_test_open_port000001/providers/Microsoft.Network/virtualNetworks/vm1VNET/subnets/vm1Subnet"},
      "publicIPAddress": {"id": "/subscriptions/00000000-0000-0000-0000-000000000000/resourceGroups/cli_test_open_port000001/providers/Microsoft.Network/publicIPAddresses/vm1PublicIP"}}}],
      "networkSecurityGroup": {"id": "/subscriptions/00000000-0000-0000-0000-000000000000/resourceGroups/cli_test_open_port000001/providers/Microsoft.Network/networkSecurityGroups/vm1NSG"}}},
      {"apiVersion": "2017-12-01", "type": "Microsoft.Compute/virtualMachines", "name":
      "vm1", "location": "westus", "tags": {}, "dependsOn": ["Microsoft.Network/networkInterfaces/vm1VMNic"],
      "properties": {"hardwareProfile": {"vmSize": "Standard_DS1_v2"}, "networkProfile":
      {"networkInterfaces": [{"id": "/subscriptions/00000000-0000-0000-0000-000000000000/resourceGroups/cli_test_open_port000001/providers/Microsoft.Network/networkInterfaces/vm1VMNic",
      "properties": {"deleteOption": null}}]}, "storageProfile": {"osDisk": {"createOption":
      "fromImage", "name": null, "caching": "ReadWrite", "managedDisk": {"storageAccountType":
      null}}, "imageReference": {"publisher": "Canonical", "offer": "UbuntuServer",
      "sku": "14.04.4-LTS", "version": "latest"}}, "osProfile": {"computerName": "vm1",
      "adminUsername": "ubuntu", "adminPassword": "[parameters(''adminPassword'')]"}}}],
      "outputs": {}}, "parameters": {"adminPassword": {"value": "@PasswordPassword1!"}},
      "mode": "incremental"}}'
    headers:
      Accept:
      - application/json
      Accept-Encoding:
      - gzip, deflate
      CommandName:
      - vm create
      Connection:
      - keep-alive
      Content-Length:
      - '3157'
      Content-Type:
      - application/json
      ParameterSetName:
      - -g -l -n --admin-username --image --admin-password --public-ip-address-allocation
        --authentication-type
      User-Agent:
      - AZURECLI/2.46.0 azsdk-python-azure-mgmt-resource/21.1.0b1 Python/3.10.9 (Windows-10-10.0.22624-SP0)
    method: PUT
    uri: https://management.azure.com/subscriptions/00000000-0000-0000-0000-000000000000/resourcegroups/cli_test_open_port000001/providers/Microsoft.Resources/deployments/mock-deployment?api-version=2018-05-01
  response:
    body:
      string: '{"id":"/subscriptions/00000000-0000-0000-0000-000000000000/resourceGroups/cli_test_open_port000001/providers/Microsoft.Resources/deployments/vm_deploy_bQSARabhejUgO38Fkw4imLWxWIk41lsP","name":"vm_deploy_bQSARabhejUgO38Fkw4imLWxWIk41lsP","properties":{"templateHash":"12621284573005336714","parameters":{"adminPassword":{"type":"SecureString"}},"mode":"Incremental","provisioningState":"Accepted","timestamp":"2023-03-14T16:02:22.1960965Z","duration":"PT0.0006966S","correlationId":"bef6f451-6245-4ed5-967a-3bc4adc7f5fc","providers":[{"namespace":"Microsoft.Network","resourceTypes":[{"resourceType":"virtualNetworks","locations":["westus"]},{"resourceType":"networkSecurityGroups","locations":["westus"]},{"resourceType":"publicIPAddresses","locations":["westus"]},{"resourceType":"networkInterfaces","locations":["westus"]}]},{"namespace":"Microsoft.Compute","resourceTypes":[{"resourceType":"virtualMachines","locations":["westus"]}]}],"dependencies":[{"dependsOn":[{"id":"/subscriptions/00000000-0000-0000-0000-000000000000/resourceGroups/cli_test_open_port000001/providers/Microsoft.Network/virtualNetworks/vm1VNET","resourceType":"Microsoft.Network/virtualNetworks","resourceName":"vm1VNET"},{"id":"/subscriptions/00000000-0000-0000-0000-000000000000/resourceGroups/cli_test_open_port000001/providers/Microsoft.Network/networkSecurityGroups/vm1NSG","resourceType":"Microsoft.Network/networkSecurityGroups","resourceName":"vm1NSG"},{"id":"/subscriptions/00000000-0000-0000-0000-000000000000/resourceGroups/cli_test_open_port000001/providers/Microsoft.Network/publicIPAddresses/vm1PublicIP","resourceType":"Microsoft.Network/publicIPAddresses","resourceName":"vm1PublicIP"}],"id":"/subscriptions/00000000-0000-0000-0000-000000000000/resourceGroups/cli_test_open_port000001/providers/Microsoft.Network/networkInterfaces/vm1VMNic","resourceType":"Microsoft.Network/networkInterfaces","resourceName":"vm1VMNic"},{"dependsOn":[{"id":"/subscriptions/00000000-0000-0000-0000-000000000000/resourceGroups/cli_test_open_port000001/providers/Microsoft.Network/networkInterfaces/vm1VMNic","resourceType":"Microsoft.Network/networkInterfaces","resourceName":"vm1VMNic"}],"id":"/subscriptions/00000000-0000-0000-0000-000000000000/resourceGroups/cli_test_open_port000001/providers/Microsoft.Compute/virtualMachines/vm1","resourceType":"Microsoft.Compute/virtualMachines","resourceName":"vm1"}]}}'
    headers:
      azure-asyncoperation:
      - https://management.azure.com/subscriptions/00000000-0000-0000-0000-000000000000/resourcegroups/cli_test_open_port000001/providers/Microsoft.Resources/deployments/vm_deploy_bQSARabhejUgO38Fkw4imLWxWIk41lsP/operationStatuses/08585227971456210738?api-version=2018-05-01
      cache-control:
      - no-cache
      content-length:
      - '2384'
      content-type:
      - application/json; charset=utf-8
      date:
      - Tue, 14 Mar 2023 16:02:22 GMT
      expires:
      - '-1'
      pragma:
      - no-cache
      strict-transport-security:
      - max-age=31536000; includeSubDomains
      x-content-type-options:
      - nosniff
      x-ms-ratelimit-remaining-subscription-writes:
      - '1188'
    status:
      code: 201
      message: Created
- request:
    body: null
    headers:
      Accept:
      - '*/*'
      Accept-Encoding:
      - gzip, deflate
      CommandName:
      - vm create
      Connection:
      - keep-alive
      ParameterSetName:
      - -g -l -n --admin-username --image --admin-password --public-ip-address-allocation
        --authentication-type
      User-Agent:
      - AZURECLI/2.46.0 azsdk-python-azure-mgmt-resource/21.1.0b1 Python/3.10.9 (Windows-10-10.0.22624-SP0)
    method: GET
    uri: https://management.azure.com/subscriptions/00000000-0000-0000-0000-000000000000/resourcegroups/cli_test_open_port000001/providers/Microsoft.Resources/deployments/mock-deployment/operationStatuses/08585227971456210738?api-version=2018-05-01
  response:
    body:
      string: '{"status":"Running"}'
    headers:
      cache-control:
      - no-cache
      content-length:
      - '20'
      content-type:
      - application/json; charset=utf-8
      date:
      - Tue, 14 Mar 2023 16:02:52 GMT
      expires:
      - '-1'
      pragma:
      - no-cache
      strict-transport-security:
      - max-age=31536000; includeSubDomains
      vary:
      - Accept-Encoding
      x-content-type-options:
      - nosniff
    status:
      code: 200
      message: OK
- request:
    body: null
    headers:
      Accept:
      - '*/*'
      Accept-Encoding:
      - gzip, deflate
      CommandName:
      - vm create
      Connection:
      - keep-alive
      ParameterSetName:
      - -g -l -n --admin-username --image --admin-password --public-ip-address-allocation
        --authentication-type
      User-Agent:
      - AZURECLI/2.46.0 azsdk-python-azure-mgmt-resource/21.1.0b1 Python/3.10.9 (Windows-10-10.0.22624-SP0)
    method: GET
    uri: https://management.azure.com/subscriptions/00000000-0000-0000-0000-000000000000/resourcegroups/cli_test_open_port000001/providers/Microsoft.Resources/deployments/mock-deployment/operationStatuses/08585227971456210738?api-version=2018-05-01
  response:
    body:
      string: '{"status":"Running"}'
    headers:
      cache-control:
      - no-cache
      content-length:
      - '20'
      content-type:
      - application/json; charset=utf-8
      date:
      - Tue, 14 Mar 2023 16:03:23 GMT
      expires:
      - '-1'
      pragma:
      - no-cache
      strict-transport-security:
      - max-age=31536000; includeSubDomains
      vary:
      - Accept-Encoding
      x-content-type-options:
      - nosniff
    status:
      code: 200
      message: OK
- request:
    body: null
    headers:
      Accept:
      - '*/*'
      Accept-Encoding:
      - gzip, deflate
      CommandName:
      - vm create
      Connection:
      - keep-alive
      ParameterSetName:
      - -g -l -n --admin-username --image --admin-password --public-ip-address-allocation
        --authentication-type
      User-Agent:
      - AZURECLI/2.46.0 azsdk-python-azure-mgmt-resource/21.1.0b1 Python/3.10.9 (Windows-10-10.0.22624-SP0)
    method: GET
    uri: https://management.azure.com/subscriptions/00000000-0000-0000-0000-000000000000/resourcegroups/cli_test_open_port000001/providers/Microsoft.Resources/deployments/mock-deployment/operationStatuses/08585227971456210738?api-version=2018-05-01
  response:
    body:
      string: '{"status":"Succeeded"}'
    headers:
      cache-control:
      - no-cache
      content-length:
      - '22'
      content-type:
      - application/json; charset=utf-8
      date:
      - Tue, 14 Mar 2023 16:03:54 GMT
      expires:
      - '-1'
      pragma:
      - no-cache
      strict-transport-security:
      - max-age=31536000; includeSubDomains
      vary:
      - Accept-Encoding
      x-content-type-options:
      - nosniff
    status:
      code: 200
      message: OK
- request:
    body: null
    headers:
      Accept:
      - '*/*'
      Accept-Encoding:
      - gzip, deflate
      CommandName:
      - vm create
      Connection:
      - keep-alive
      ParameterSetName:
      - -g -l -n --admin-username --image --admin-password --public-ip-address-allocation
        --authentication-type
      User-Agent:
      - AZURECLI/2.46.0 azsdk-python-azure-mgmt-resource/21.1.0b1 Python/3.10.9 (Windows-10-10.0.22624-SP0)
    method: GET
    uri: https://management.azure.com/subscriptions/00000000-0000-0000-0000-000000000000/resourcegroups/cli_test_open_port000001/providers/Microsoft.Resources/deployments/mock-deployment?api-version=2018-05-01
  response:
    body:
      string: '{"id":"/subscriptions/00000000-0000-0000-0000-000000000000/resourceGroups/cli_test_open_port000001/providers/Microsoft.Resources/deployments/vm_deploy_bQSARabhejUgO38Fkw4imLWxWIk41lsP","name":"vm_deploy_bQSARabhejUgO38Fkw4imLWxWIk41lsP","properties":{"templateHash":"12621284573005336714","parameters":{"adminPassword":{"type":"SecureString"}},"mode":"Incremental","provisioningState":"Succeeded","timestamp":"2023-03-14T16:03:36.2949541Z","duration":"PT1M14.0995542S","correlationId":"bef6f451-6245-4ed5-967a-3bc4adc7f5fc","providers":[{"namespace":"Microsoft.Network","resourceTypes":[{"resourceType":"virtualNetworks","locations":["westus"]},{"resourceType":"networkSecurityGroups","locations":["westus"]},{"resourceType":"publicIPAddresses","locations":["westus"]},{"resourceType":"networkInterfaces","locations":["westus"]}]},{"namespace":"Microsoft.Compute","resourceTypes":[{"resourceType":"virtualMachines","locations":["westus"]}]}],"dependencies":[{"dependsOn":[{"id":"/subscriptions/00000000-0000-0000-0000-000000000000/resourceGroups/cli_test_open_port000001/providers/Microsoft.Network/virtualNetworks/vm1VNET","resourceType":"Microsoft.Network/virtualNetworks","resourceName":"vm1VNET"},{"id":"/subscriptions/00000000-0000-0000-0000-000000000000/resourceGroups/cli_test_open_port000001/providers/Microsoft.Network/networkSecurityGroups/vm1NSG","resourceType":"Microsoft.Network/networkSecurityGroups","resourceName":"vm1NSG"},{"id":"/subscriptions/00000000-0000-0000-0000-000000000000/resourceGroups/cli_test_open_port000001/providers/Microsoft.Network/publicIPAddresses/vm1PublicIP","resourceType":"Microsoft.Network/publicIPAddresses","resourceName":"vm1PublicIP"}],"id":"/subscriptions/00000000-0000-0000-0000-000000000000/resourceGroups/cli_test_open_port000001/providers/Microsoft.Network/networkInterfaces/vm1VMNic","resourceType":"Microsoft.Network/networkInterfaces","resourceName":"vm1VMNic"},{"dependsOn":[{"id":"/subscriptions/00000000-0000-0000-0000-000000000000/resourceGroups/cli_test_open_port000001/providers/Microsoft.Network/networkInterfaces/vm1VMNic","resourceType":"Microsoft.Network/networkInterfaces","resourceName":"vm1VMNic"}],"id":"/subscriptions/00000000-0000-0000-0000-000000000000/resourceGroups/cli_test_open_port000001/providers/Microsoft.Compute/virtualMachines/vm1","resourceType":"Microsoft.Compute/virtualMachines","resourceName":"vm1"}],"outputs":{},"outputResources":[{"id":"/subscriptions/00000000-0000-0000-0000-000000000000/resourceGroups/cli_test_open_port000001/providers/Microsoft.Compute/virtualMachines/vm1"},{"id":"/subscriptions/00000000-0000-0000-0000-000000000000/resourceGroups/cli_test_open_port000001/providers/Microsoft.Network/networkInterfaces/vm1VMNic"},{"id":"/subscriptions/00000000-0000-0000-0000-000000000000/resourceGroups/cli_test_open_port000001/providers/Microsoft.Network/networkSecurityGroups/vm1NSG"},{"id":"/subscriptions/00000000-0000-0000-0000-000000000000/resourceGroups/cli_test_open_port000001/providers/Microsoft.Network/publicIPAddresses/vm1PublicIP"},{"id":"/subscriptions/00000000-0000-0000-0000-000000000000/resourceGroups/cli_test_open_port000001/providers/Microsoft.Network/virtualNetworks/vm1VNET"}]}}'
    headers:
      cache-control:
      - no-cache
      content-length:
      - '3196'
      content-type:
      - application/json; charset=utf-8
      date:
      - Tue, 14 Mar 2023 16:03:54 GMT
      expires:
      - '-1'
      pragma:
      - no-cache
      strict-transport-security:
      - max-age=31536000; includeSubDomains
      vary:
      - Accept-Encoding
      x-content-type-options:
      - nosniff
    status:
      code: 200
      message: OK
- request:
    body: null
    headers:
      Accept:
      - application/json
      Accept-Encoding:
      - gzip, deflate
      CommandName:
      - vm create
      Connection:
      - keep-alive
      ParameterSetName:
      - -g -l -n --admin-username --image --admin-password --public-ip-address-allocation
        --authentication-type
      User-Agent:
      - AZURECLI/2.46.0 azsdk-python-azure-mgmt-compute/29.1.0 Python/3.10.9 (Windows-10-10.0.22624-SP0)
    method: GET
    uri: https://management.azure.com/subscriptions/00000000-0000-0000-0000-000000000000/resourceGroups/cli_test_open_port000001/providers/Microsoft.Compute/virtualMachines/vm1?$expand=instanceView&api-version=2017-12-01
  response:
    body:
      string: "{\r\n  \"name\": \"vm1\",\r\n  \"id\": \"/subscriptions/00000000-0000-0000-0000-000000000000/resourceGroups/cli_test_open_port000001/providers/Microsoft.Compute/virtualMachines/vm1\"\
        ,\r\n  \"type\": \"Microsoft.Compute/virtualMachines\",\r\n  \"location\"\
        : \"westus\",\r\n  \"tags\": {},\r\n  \"properties\": {\r\n    \"vmId\": \"\
        997eb79e-c733-4c04-b962-937b02029706\",\r\n    \"hardwareProfile\": {\r\n\
        \      \"vmSize\": \"Standard_DS1_v2\"\r\n    },\r\n    \"storageProfile\"\
        : {\r\n      \"imageReference\": {\r\n        \"publisher\": \"Canonical\"\
        ,\r\n        \"offer\": \"UbuntuServer\",\r\n        \"sku\": \"14.04.4-LTS\"\
        ,\r\n        \"version\": \"latest\"\r\n      },\r\n      \"osDisk\": {\r\n\
        \        \"osType\": \"Linux\",\r\n        \"name\": \"vm1_OsDisk_1_60c30ae52d1546b3a69cbbc6953cb642\"\
        ,\r\n        \"createOption\": \"FromImage\",\r\n        \"caching\": \"ReadWrite\"\
        ,\r\n        \"managedDisk\": {\r\n          \"storageAccountType\": \"Premium_LRS\"\
        ,\r\n          \"id\": \"/subscriptions/00000000-0000-0000-0000-000000000000/resourceGroups/cli_test_open_port000001/providers/Microsoft.Compute/disks/vm1_OsDisk_1_60c30ae52d1546b3a69cbbc6953cb642\"\
        \r\n        },\r\n        \"diskSizeGB\": 30\r\n      },\r\n      \"dataDisks\"\
        : []\r\n    },\r\n    \"osProfile\": {\r\n      \"computerName\": \"vm1\"\
        ,\r\n      \"adminUsername\": \"ubuntu\",\r\n      \"linuxConfiguration\"\
        : {\r\n        \"disablePasswordAuthentication\": false\r\n      },\r\n  \
        \    \"secrets\": []\r\n    },\r\n    \"networkProfile\": {\"networkInterfaces\"\
        :[{\"id\":\"/subscriptions/00000000-0000-0000-0000-000000000000/resourceGroups/cli_test_open_port000001/providers/Microsoft.Network/networkInterfaces/vm1VMNic\"\
        }]},\r\n    \"provisioningState\": \"Succeeded\",\r\n    \"instanceView\"\
        : {\r\n      \"computerName\": \"vm1\",\r\n      \"osName\": \"ubuntu\",\r\
        \n      \"osVersion\": \"14.04\",\r\n      \"vmAgent\": {\r\n        \"vmAgentVersion\"\
        : \"2.9.0.4\",\r\n        \"statuses\": [\r\n          {\r\n            \"\
        code\": \"ProvisioningState/succeeded\",\r\n            \"level\": \"Info\"\
        ,\r\n            \"displayStatus\": \"Ready\",\r\n            \"message\"\
        : \"Guest Agent is running\",\r\n            \"time\": \"2023-03-14T16:03:34+00:00\"\
        \r\n          }\r\n        ],\r\n        \"extensionHandlers\": []\r\n   \
        \   },\r\n      \"disks\": [\r\n        {\r\n          \"name\": \"vm1_OsDisk_1_60c30ae52d1546b3a69cbbc6953cb642\"\
        ,\r\n          \"statuses\": [\r\n            {\r\n              \"code\"\
        : \"ProvisioningState/succeeded\",\r\n              \"level\": \"Info\",\r\
        \n              \"displayStatus\": \"Provisioning succeeded\",\r\n       \
        \       \"time\": \"2023-03-14T16:02:45.9526595+00:00\"\r\n            }\r\
        \n          ]\r\n        }\r\n      ],\r\n      \"statuses\": [\r\n      \
        \  {\r\n          \"code\": \"ProvisioningState/succeeded\",\r\n         \
        \ \"level\": \"Info\",\r\n          \"displayStatus\": \"Provisioning succeeded\"\
        ,\r\n          \"time\": \"2023-03-14T16:03:32.5156759+00:00\"\r\n       \
        \ },\r\n        {\r\n          \"code\": \"PowerState/running\",\r\n     \
        \     \"level\": \"Info\",\r\n          \"displayStatus\": \"VM running\"\r\
        \n        }\r\n      ]\r\n    }\r\n  }\r\n}"
    headers:
      cache-control:
      - no-cache
      content-length:
      - '2831'
      content-type:
      - application/json; charset=utf-8
      date:
      - Tue, 14 Mar 2023 16:03:55 GMT
      expires:
      - '-1'
      pragma:
      - no-cache
      server:
      - Microsoft-HTTPAPI/2.0
      - Microsoft-HTTPAPI/2.0
      strict-transport-security:
      - max-age=31536000; includeSubDomains
      transfer-encoding:
      - chunked
      vary:
      - Accept-Encoding
      x-content-type-options:
      - nosniff
      x-ms-ratelimit-remaining-resource:
      - Microsoft.Compute/LowCostGet3Min;3997,Microsoft.Compute/LowCostGet30Min;31978
    status:
      code: 200
      message: OK
- request:
    body: null
    headers:
      Accept:
      - application/json
      Accept-Encoding:
      - gzip, deflate
      CommandName:
      - vm create
      Connection:
      - keep-alive
      ParameterSetName:
      - -g -l -n --admin-username --image --admin-password --public-ip-address-allocation
        --authentication-type
      User-Agent:
      - AZURECLI/2.46.0 (AAZ) azsdk-python-core/1.24.0 Python/3.10.9 (Windows-10-10.0.22624-SP0)
    method: GET
    uri: https://management.azure.com/subscriptions/00000000-0000-0000-0000-000000000000/resourceGroups/cli_test_open_port000001/providers/Microsoft.Network/networkInterfaces/vm1VMNic?api-version=2017-10-01
  response:
    body:
      string: "{\r\n  \"name\": \"vm1VMNic\",\r\n  \"id\": \"/subscriptions/00000000-0000-0000-0000-000000000000/resourceGroups/cli_test_open_port000001/providers/Microsoft.Network/networkInterfaces/vm1VMNic\"\
        ,\r\n  \"etag\": \"W/\\\"0ba66c91-366c-4e07-9e5a-c3ea9e87e148\\\"\",\r\n \
        \ \"tags\": {},\r\n  \"properties\": {\r\n    \"provisioningState\": \"Succeeded\"\
        ,\r\n    \"resourceGuid\": \"75a1f4fe-b7f0-4f25-a6b2-7cf7deda0144\",\r\n \
        \   \"ipConfigurations\": [\r\n      {\r\n        \"name\": \"ipconfigvm1\"\
        ,\r\n        \"id\": \"/subscriptions/00000000-0000-0000-0000-000000000000/resourceGroups/cli_test_open_port000001/providers/Microsoft.Network/networkInterfaces/vm1VMNic/ipConfigurations/ipconfigvm1\"\
        ,\r\n        \"etag\": \"W/\\\"0ba66c91-366c-4e07-9e5a-c3ea9e87e148\\\"\"\
        ,\r\n        \"type\": \"Microsoft.Network/networkInterfaces/ipConfigurations\"\
        ,\r\n        \"properties\": {\r\n          \"provisioningState\": \"Succeeded\"\
        ,\r\n          \"privateIPAddress\": \"10.0.0.4\",\r\n          \"privateIPAllocationMethod\"\
        : \"Dynamic\",\r\n          \"publicIPAddress\": {\r\n            \"id\":\
        \ \"/subscriptions/00000000-0000-0000-0000-000000000000/resourceGroups/cli_test_open_port000001/providers/Microsoft.Network/publicIPAddresses/vm1PublicIP\"\
        \r\n          },\r\n          \"subnet\": {\r\n            \"id\": \"/subscriptions/00000000-0000-0000-0000-000000000000/resourceGroups/cli_test_open_port000001/providers/Microsoft.Network/virtualNetworks/vm1VNET/subnets/vm1Subnet\"\
        \r\n          },\r\n          \"primary\": true,\r\n          \"privateIPAddressVersion\"\
        : \"IPv4\"\r\n        }\r\n      }\r\n    ],\r\n    \"dnsSettings\": {\r\n\
        \      \"dnsServers\": [],\r\n      \"appliedDnsServers\": [],\r\n      \"\
        internalDomainNameSuffix\": \"pb55ohgm0y5uhowu4xh5bkv1we.dx.internal.cloudapp.net\"\
        \r\n    },\r\n    \"macAddress\": \"00-22-48-0A-D7-19\",\r\n    \"enableIPForwarding\"\
        : false,\r\n    \"networkSecurityGroup\": {\r\n      \"id\": \"/subscriptions/00000000-0000-0000-0000-000000000000/resourceGroups/cli_test_open_port000001/providers/Microsoft.Network/networkSecurityGroups/vm1NSG\"\
        \r\n    },\r\n    \"primary\": true,\r\n    \"virtualMachine\": {\r\n    \
        \  \"id\": \"/subscriptions/00000000-0000-0000-0000-000000000000/resourceGroups/cli_test_open_port000001/providers/Microsoft.Compute/virtualMachines/vm1\"\
        \r\n    }\r\n  },\r\n  \"type\": \"Microsoft.Network/networkInterfaces\",\r\
        \n  \"location\": \"westus\"\r\n}"
    headers:
      cache-control:
      - no-cache
      content-length:
      - '2219'
      content-type:
      - application/json; charset=utf-8
      date:
      - Tue, 14 Mar 2023 16:03:59 GMT
      etag:
      - W/"0ba66c91-366c-4e07-9e5a-c3ea9e87e148"
      expires:
      - '-1'
      pragma:
      - no-cache
      server:
      - Microsoft-HTTPAPI/2.0
      - Microsoft-HTTPAPI/2.0
      strict-transport-security:
      - max-age=31536000; includeSubDomains
      transfer-encoding:
      - chunked
      vary:
      - Accept-Encoding
      x-content-type-options:
      - nosniff
      x-ms-arm-service-request-id:
      - 6e459f3f-9c45-424d-b75c-da7e042129aa
    status:
      code: 200
      message: OK
- request:
    body: null
    headers:
      Accept:
      - application/json
      Accept-Encoding:
      - gzip, deflate
      CommandName:
      - vm create
      Connection:
      - keep-alive
      ParameterSetName:
      - -g -l -n --admin-username --image --admin-password --public-ip-address-allocation
        --authentication-type
      User-Agent:
      - AZURECLI/2.46.0 (AAZ) azsdk-python-core/1.24.0 Python/3.10.9 (Windows-10-10.0.22624-SP0)
    method: GET
    uri: https://management.azure.com/subscriptions/00000000-0000-0000-0000-000000000000/resourceGroups/cli_test_open_port000001/providers/Microsoft.Network/publicIPAddresses/vm1PublicIP?api-version=2017-10-01
  response:
    body:
      string: "{\r\n  \"name\": \"vm1PublicIP\",\r\n  \"id\": \"/subscriptions/00000000-0000-0000-0000-000000000000/resourceGroups/cli_test_open_port000001/providers/Microsoft.Network/publicIPAddresses/vm1PublicIP\"\
        ,\r\n  \"etag\": \"W/\\\"c9f09a79-5f60-41a9-a8e9-7e79be6a408f\\\"\",\r\n \
        \ \"location\": \"westus\",\r\n  \"tags\": {},\r\n  \"properties\": {\r\n\
        \    \"provisioningState\": \"Succeeded\",\r\n    \"resourceGuid\": \"440f2041-3ec5-42c1-b4d3-157780aa44f0\"\
        ,\r\n    \"ipAddress\": \"13.64.51.207\",\r\n    \"publicIPAddressVersion\"\
        : \"IPv4\",\r\n    \"publicIPAllocationMethod\": \"Dynamic\",\r\n    \"idleTimeoutInMinutes\"\
        : 4,\r\n    \"ipTags\": [],\r\n    \"ipConfiguration\": {\r\n      \"id\"\
        : \"/subscriptions/00000000-0000-0000-0000-000000000000/resourceGroups/cli_test_open_port000001/providers/Microsoft.Network/networkInterfaces/vm1VMNic/ipConfigurations/ipconfigvm1\"\
        \r\n    }\r\n  },\r\n  \"type\": \"Microsoft.Network/publicIPAddresses\",\r\
        \n  \"sku\": {\r\n    \"name\": \"Basic\"\r\n  }\r\n}"
    headers:
      cache-control:
      - no-cache
      content-length:
      - '894'
      content-type:
      - application/json; charset=utf-8
      date:
      - Tue, 14 Mar 2023 16:04:01 GMT
      etag:
      - W/"c9f09a79-5f60-41a9-a8e9-7e79be6a408f"
      expires:
      - '-1'
      pragma:
      - no-cache
      server:
      - Microsoft-HTTPAPI/2.0
      - Microsoft-HTTPAPI/2.0
      strict-transport-security:
      - max-age=31536000; includeSubDomains
      transfer-encoding:
      - chunked
      vary:
      - Accept-Encoding
      x-content-type-options:
      - nosniff
      x-ms-arm-service-request-id:
      - 4bcf927e-6452-42b7-be04-dc6144a7b2e9
    status:
      code: 200
      message: OK
- request:
    body: null
    headers:
      Accept:
      - application/json
      Accept-Encoding:
      - gzip, deflate
      CommandName:
      - vm open-port
      Connection:
      - keep-alive
      ParameterSetName:
      - -g -n --port --priority
      User-Agent:
      - AZURECLI/2.46.0 azsdk-python-azure-mgmt-compute/29.1.0 Python/3.10.9 (Windows-10-10.0.22624-SP0)
    method: GET
    uri: https://management.azure.com/subscriptions/00000000-0000-0000-0000-000000000000/resourceGroups/cli_test_open_port000001/providers/Microsoft.Compute/virtualMachines/vm1?api-version=2017-12-01
  response:
    body:
      string: "{\r\n  \"name\": \"vm1\",\r\n  \"id\": \"/subscriptions/00000000-0000-0000-0000-000000000000/resourceGroups/cli_test_open_port000001/providers/Microsoft.Compute/virtualMachines/vm1\"\
        ,\r\n  \"type\": \"Microsoft.Compute/virtualMachines\",\r\n  \"location\"\
        : \"westus\",\r\n  \"tags\": {},\r\n  \"properties\": {\r\n    \"vmId\": \"\
        997eb79e-c733-4c04-b962-937b02029706\",\r\n    \"hardwareProfile\": {\r\n\
        \      \"vmSize\": \"Standard_DS1_v2\"\r\n    },\r\n    \"storageProfile\"\
        : {\r\n      \"imageReference\": {\r\n        \"publisher\": \"Canonical\"\
        ,\r\n        \"offer\": \"UbuntuServer\",\r\n        \"sku\": \"14.04.4-LTS\"\
        ,\r\n        \"version\": \"latest\"\r\n      },\r\n      \"osDisk\": {\r\n\
        \        \"osType\": \"Linux\",\r\n        \"name\": \"vm1_OsDisk_1_60c30ae52d1546b3a69cbbc6953cb642\"\
        ,\r\n        \"createOption\": \"FromImage\",\r\n        \"caching\": \"ReadWrite\"\
        ,\r\n        \"managedDisk\": {\r\n          \"storageAccountType\": \"Premium_LRS\"\
        ,\r\n          \"id\": \"/subscriptions/00000000-0000-0000-0000-000000000000/resourceGroups/cli_test_open_port000001/providers/Microsoft.Compute/disks/vm1_OsDisk_1_60c30ae52d1546b3a69cbbc6953cb642\"\
        \r\n        },\r\n        \"diskSizeGB\": 30\r\n      },\r\n      \"dataDisks\"\
        : []\r\n    },\r\n    \"osProfile\": {\r\n      \"computerName\": \"vm1\"\
        ,\r\n      \"adminUsername\": \"ubuntu\",\r\n      \"linuxConfiguration\"\
        : {\r\n        \"disablePasswordAuthentication\": false\r\n      },\r\n  \
        \    \"secrets\": []\r\n    },\r\n    \"networkProfile\": {\"networkInterfaces\"\
        :[{\"id\":\"/subscriptions/00000000-0000-0000-0000-000000000000/resourceGroups/cli_test_open_port000001/providers/Microsoft.Network/networkInterfaces/vm1VMNic\"\
        }]},\r\n    \"provisioningState\": \"Succeeded\"\r\n  }\r\n}"
    headers:
      cache-control:
      - no-cache
      content-length:
      - '1571'
      content-type:
      - application/json; charset=utf-8
      date:
      - Tue, 14 Mar 2023 16:04:02 GMT
      expires:
      - '-1'
      pragma:
      - no-cache
      server:
      - Microsoft-HTTPAPI/2.0
      - Microsoft-HTTPAPI/2.0
      strict-transport-security:
      - max-age=31536000; includeSubDomains
      transfer-encoding:
      - chunked
      vary:
      - Accept-Encoding
      x-content-type-options:
      - nosniff
      x-ms-ratelimit-remaining-resource:
      - Microsoft.Compute/LowCostGet3Min;3996,Microsoft.Compute/LowCostGet30Min;31977
    status:
      code: 200
      message: OK
- request:
    body: null
    headers:
      Accept:
      - application/json
      Accept-Encoding:
      - gzip, deflate
      CommandName:
      - vm open-port
      Connection:
      - keep-alive
      ParameterSetName:
      - -g -n --port --priority
      User-Agent:
      - AZURECLI/2.46.0 (AAZ) azsdk-python-core/1.24.0 Python/3.10.9 (Windows-10-10.0.22624-SP0)
    method: GET
    uri: https://management.azure.com/subscriptions/00000000-0000-0000-0000-000000000000/resourceGroups/cli_test_open_port000001/providers/Microsoft.Network/networkInterfaces/vm1VMNic?api-version=2017-10-01
  response:
    body:
      string: "{\r\n  \"name\": \"vm1VMNic\",\r\n  \"id\": \"/subscriptions/00000000-0000-0000-0000-000000000000/resourceGroups/cli_test_open_port000001/providers/Microsoft.Network/networkInterfaces/vm1VMNic\"\
        ,\r\n  \"etag\": \"W/\\\"0ba66c91-366c-4e07-9e5a-c3ea9e87e148\\\"\",\r\n \
        \ \"tags\": {},\r\n  \"properties\": {\r\n    \"provisioningState\": \"Succeeded\"\
        ,\r\n    \"resourceGuid\": \"75a1f4fe-b7f0-4f25-a6b2-7cf7deda0144\",\r\n \
        \   \"ipConfigurations\": [\r\n      {\r\n        \"name\": \"ipconfigvm1\"\
        ,\r\n        \"id\": \"/subscriptions/00000000-0000-0000-0000-000000000000/resourceGroups/cli_test_open_port000001/providers/Microsoft.Network/networkInterfaces/vm1VMNic/ipConfigurations/ipconfigvm1\"\
        ,\r\n        \"etag\": \"W/\\\"0ba66c91-366c-4e07-9e5a-c3ea9e87e148\\\"\"\
        ,\r\n        \"type\": \"Microsoft.Network/networkInterfaces/ipConfigurations\"\
        ,\r\n        \"properties\": {\r\n          \"provisioningState\": \"Succeeded\"\
        ,\r\n          \"privateIPAddress\": \"10.0.0.4\",\r\n          \"privateIPAllocationMethod\"\
        : \"Dynamic\",\r\n          \"publicIPAddress\": {\r\n            \"id\":\
        \ \"/subscriptions/00000000-0000-0000-0000-000000000000/resourceGroups/cli_test_open_port000001/providers/Microsoft.Network/publicIPAddresses/vm1PublicIP\"\
        \r\n          },\r\n          \"subnet\": {\r\n            \"id\": \"/subscriptions/00000000-0000-0000-0000-000000000000/resourceGroups/cli_test_open_port000001/providers/Microsoft.Network/virtualNetworks/vm1VNET/subnets/vm1Subnet\"\
        \r\n          },\r\n          \"primary\": true,\r\n          \"privateIPAddressVersion\"\
        : \"IPv4\"\r\n        }\r\n      }\r\n    ],\r\n    \"dnsSettings\": {\r\n\
        \      \"dnsServers\": [],\r\n      \"appliedDnsServers\": [],\r\n      \"\
        internalDomainNameSuffix\": \"pb55ohgm0y5uhowu4xh5bkv1we.dx.internal.cloudapp.net\"\
        \r\n    },\r\n    \"macAddress\": \"00-22-48-0A-D7-19\",\r\n    \"enableIPForwarding\"\
        : false,\r\n    \"networkSecurityGroup\": {\r\n      \"id\": \"/subscriptions/00000000-0000-0000-0000-000000000000/resourceGroups/cli_test_open_port000001/providers/Microsoft.Network/networkSecurityGroups/vm1NSG\"\
        \r\n    },\r\n    \"primary\": true,\r\n    \"virtualMachine\": {\r\n    \
        \  \"id\": \"/subscriptions/00000000-0000-0000-0000-000000000000/resourceGroups/cli_test_open_port000001/providers/Microsoft.Compute/virtualMachines/vm1\"\
        \r\n    }\r\n  },\r\n  \"type\": \"Microsoft.Network/networkInterfaces\",\r\
        \n  \"location\": \"westus\"\r\n}"
    headers:
      cache-control:
      - no-cache
      content-length:
      - '2219'
      content-type:
      - application/json; charset=utf-8
      date:
      - Tue, 14 Mar 2023 16:04:04 GMT
      etag:
      - W/"0ba66c91-366c-4e07-9e5a-c3ea9e87e148"
      expires:
      - '-1'
      pragma:
      - no-cache
      server:
      - Microsoft-HTTPAPI/2.0
      - Microsoft-HTTPAPI/2.0
      strict-transport-security:
      - max-age=31536000; includeSubDomains
      transfer-encoding:
      - chunked
      vary:
      - Accept-Encoding
      x-content-type-options:
      - nosniff
      x-ms-arm-service-request-id:
      - fc4194d4-50b0-4b56-856a-b36fcd2eb268
    status:
      code: 200
      message: OK
- request:
    body: '{"name": "open-port-all", "properties": {"access": "allow", "destinationAddressPrefix":
      "*", "destinationPortRange": "*", "direction": "inbound", "priority": 900, "protocol":
      "*", "sourceAddressPrefix": "*", "sourcePortRange": "*"}}'
    headers:
      Accept:
      - application/json
      Accept-Encoding:
      - gzip, deflate
      CommandName:
      - vm open-port
      Connection:
      - keep-alive
      Content-Length:
      - '232'
      Content-Type:
      - application/json
      ParameterSetName:
      - -g -n --port --priority
      User-Agent:
      - AZURECLI/2.46.0 (AAZ) azsdk-python-core/1.24.0 Python/3.10.9 (Windows-10-10.0.22624-SP0)
    method: PUT
    uri: https://management.azure.com/subscriptions/00000000-0000-0000-0000-000000000000/resourceGroups/cli_test_open_port000001/providers/Microsoft.Network/networkSecurityGroups/vm1NSG/securityRules/open-port-all?api-version=2017-10-01
  response:
    body:
      string: "{\r\n  \"name\": \"open-port-all\",\r\n  \"id\": \"/subscriptions/00000000-0000-0000-0000-000000000000/resourceGroups/cli_test_open_port000001/providers/Microsoft.Network/networkSecurityGroups/vm1NSG/securityRules/open-port-all\"\
        ,\r\n  \"etag\": \"W/\\\"5c089dde-6c95-4548-b8c5-8f5660e5c390\\\"\",\r\n \
        \ \"type\": \"Microsoft.Network/networkSecurityGroups/securityRules\",\r\n\
        \  \"properties\": {\r\n    \"provisioningState\": \"Updating\",\r\n    \"\
        protocol\": \"*\",\r\n    \"sourcePortRange\": \"*\",\r\n    \"destinationPortRange\"\
        : \"*\",\r\n    \"sourceAddressPrefix\": \"*\",\r\n    \"destinationAddressPrefix\"\
        : \"*\",\r\n    \"access\": \"Allow\",\r\n    \"priority\": 900,\r\n    \"\
        direction\": \"Inbound\",\r\n    \"sourcePortRanges\": [],\r\n    \"destinationPortRanges\"\
        : [],\r\n    \"sourceAddressPrefixes\": [],\r\n    \"destinationAddressPrefixes\"\
        : []\r\n  }\r\n}"
    headers:
      azure-asyncnotification:
      - Enabled
      azure-asyncoperation:
      - https://management.azure.com/subscriptions/00000000-0000-0000-0000-000000000000/providers/Microsoft.Network/locations/westus/operations/206cf452-ccb4-4ee3-9e0f-70f02a0d0ba0?api-version=2017-10-01
      cache-control:
      - no-cache
      content-length:
      - '774'
      content-type:
      - application/json; charset=utf-8
      date:
      - Tue, 14 Mar 2023 16:04:05 GMT
      expires:
      - '-1'
      pragma:
      - no-cache
      server:
      - Microsoft-HTTPAPI/2.0
      - Microsoft-HTTPAPI/2.0
      strict-transport-security:
      - max-age=31536000; includeSubDomains
      x-content-type-options:
      - nosniff
      x-ms-arm-service-request-id:
      - 5c2b241b-7111-49a5-94a2-2501b044382a
      x-ms-ratelimit-remaining-subscription-writes:
      - '1183'
    status:
      code: 201
      message: Created
- request:
    body: null
    headers:
      Accept:
      - '*/*'
      Accept-Encoding:
      - gzip, deflate
      CommandName:
      - vm open-port
      Connection:
      - keep-alive
      ParameterSetName:
      - -g -n --port --priority
      User-Agent:
      - AZURECLI/2.46.0 (AAZ) azsdk-python-core/1.24.0 Python/3.10.9 (Windows-10-10.0.22624-SP0)
    method: GET
    uri: https://management.azure.com/subscriptions/00000000-0000-0000-0000-000000000000/providers/Microsoft.Network/locations/westus/operations/206cf452-ccb4-4ee3-9e0f-70f02a0d0ba0?api-version=2017-10-01
  response:
    body:
      string: "{\r\n  \"status\": \"Succeeded\"\r\n}"
    headers:
      cache-control:
      - no-cache
      content-length:
      - '29'
      content-type:
      - application/json; charset=utf-8
      date:
      - Tue, 14 Mar 2023 16:04:15 GMT
      expires:
      - '-1'
      pragma:
      - no-cache
      server:
      - Microsoft-HTTPAPI/2.0
      - Microsoft-HTTPAPI/2.0
      strict-transport-security:
      - max-age=31536000; includeSubDomains
      transfer-encoding:
      - chunked
      vary:
      - Accept-Encoding
      x-content-type-options:
      - nosniff
      x-ms-arm-service-request-id:
      - a91c7332-9c71-4642-b5ae-491c7ae05919
    status:
      code: 200
      message: OK
- request:
    body: null
    headers:
      Accept:
      - '*/*'
      Accept-Encoding:
      - gzip, deflate
      CommandName:
      - vm open-port
      Connection:
      - keep-alive
      ParameterSetName:
      - -g -n --port --priority
      User-Agent:
      - AZURECLI/2.46.0 (AAZ) azsdk-python-core/1.24.0 Python/3.10.9 (Windows-10-10.0.22624-SP0)
    method: GET
    uri: https://management.azure.com/subscriptions/00000000-0000-0000-0000-000000000000/resourceGroups/cli_test_open_port000001/providers/Microsoft.Network/networkSecurityGroups/vm1NSG/securityRules/open-port-all?api-version=2017-10-01
  response:
    body:
      string: "{\r\n  \"name\": \"open-port-all\",\r\n  \"id\": \"/subscriptions/00000000-0000-0000-0000-000000000000/resourceGroups/cli_test_open_port000001/providers/Microsoft.Network/networkSecurityGroups/vm1NSG/securityRules/open-port-all\"\
        ,\r\n  \"etag\": \"W/\\\"6dcd1a48-6a80-4d85-b1d3-bd02cd0a7134\\\"\",\r\n \
        \ \"type\": \"Microsoft.Network/networkSecurityGroups/securityRules\",\r\n\
        \  \"properties\": {\r\n    \"provisioningState\": \"Succeeded\",\r\n    \"\
        protocol\": \"*\",\r\n    \"sourcePortRange\": \"*\",\r\n    \"destinationPortRange\"\
        : \"*\",\r\n    \"sourceAddressPrefix\": \"*\",\r\n    \"destinationAddressPrefix\"\
        : \"*\",\r\n    \"access\": \"Allow\",\r\n    \"priority\": 900,\r\n    \"\
        direction\": \"Inbound\",\r\n    \"sourcePortRanges\": [],\r\n    \"destinationPortRanges\"\
        : [],\r\n    \"sourceAddressPrefixes\": [],\r\n    \"destinationAddressPrefixes\"\
        : []\r\n  }\r\n}"
    headers:
      cache-control:
      - no-cache
      content-length:
      - '775'
      content-type:
      - application/json; charset=utf-8
      date:
      - Tue, 14 Mar 2023 16:04:15 GMT
      etag:
      - W/"6dcd1a48-6a80-4d85-b1d3-bd02cd0a7134"
      expires:
      - '-1'
      pragma:
      - no-cache
      server:
      - Microsoft-HTTPAPI/2.0
      - Microsoft-HTTPAPI/2.0
      strict-transport-security:
      - max-age=31536000; includeSubDomains
      transfer-encoding:
      - chunked
      vary:
      - Accept-Encoding
      x-content-type-options:
      - nosniff
      x-ms-arm-service-request-id:
      - 2c96f6a3-37ee-4a40-b7d8-64bb164aebf8
    status:
      code: 200
      message: OK
- request:
    body: null
    headers:
      Accept:
      - application/json
      Accept-Encoding:
      - gzip, deflate
      CommandName:
      - vm open-port
      Connection:
      - keep-alive
      ParameterSetName:
      - -g -n --port --priority
      User-Agent:
      - AZURECLI/2.46.0 (AAZ) azsdk-python-core/1.24.0 Python/3.10.9 (Windows-10-10.0.22624-SP0)
    method: GET
    uri: https://management.azure.com/subscriptions/00000000-0000-0000-0000-000000000000/resourceGroups/cli_test_open_port000001/providers/Microsoft.Network/networkSecurityGroups/vm1NSG?api-version=2017-10-01
  response:
    body:
      string: "{\r\n  \"name\": \"vm1NSG\",\r\n  \"id\": \"/subscriptions/00000000-0000-0000-0000-000000000000/resourceGroups/cli_test_open_port000001/providers/Microsoft.Network/networkSecurityGroups/vm1NSG\"\
        ,\r\n  \"etag\": \"W/\\\"6dcd1a48-6a80-4d85-b1d3-bd02cd0a7134\\\"\",\r\n \
        \ \"type\": \"Microsoft.Network/networkSecurityGroups\",\r\n  \"location\"\
        : \"westus\",\r\n  \"tags\": {},\r\n  \"properties\": {\r\n    \"provisioningState\"\
        : \"Succeeded\",\r\n    \"resourceGuid\": \"a2024695-943c-4832-b9e9-f7d8687dcee9\"\
        ,\r\n    \"securityRules\": [\r\n      {\r\n        \"name\": \"default-allow-ssh\"\
        ,\r\n        \"id\": \"/subscriptions/00000000-0000-0000-0000-000000000000/resourceGroups/cli_test_open_port000001/providers/Microsoft.Network/networkSecurityGroups/vm1NSG/securityRules/default-allow-ssh\"\
        ,\r\n        \"etag\": \"W/\\\"6dcd1a48-6a80-4d85-b1d3-bd02cd0a7134\\\"\"\
        ,\r\n        \"type\": \"Microsoft.Network/networkSecurityGroups/securityRules\"\
        ,\r\n        \"properties\": {\r\n          \"provisioningState\": \"Succeeded\"\
        ,\r\n          \"protocol\": \"Tcp\",\r\n          \"sourcePortRange\": \"\
        *\",\r\n          \"destinationPortRange\": \"22\",\r\n          \"sourceAddressPrefix\"\
        : \"*\",\r\n          \"destinationAddressPrefix\": \"*\",\r\n          \"\
        access\": \"Allow\",\r\n          \"priority\": 1000,\r\n          \"direction\"\
        : \"Inbound\",\r\n          \"sourcePortRanges\": [],\r\n          \"destinationPortRanges\"\
        : [],\r\n          \"sourceAddressPrefixes\": [],\r\n          \"destinationAddressPrefixes\"\
        : []\r\n        }\r\n      },\r\n      {\r\n        \"name\": \"open-port-all\"\
        ,\r\n        \"id\": \"/subscriptions/00000000-0000-0000-0000-000000000000/resourceGroups/cli_test_open_port000001/providers/Microsoft.Network/networkSecurityGroups/vm1NSG/securityRules/open-port-all\"\
        ,\r\n        \"etag\": \"W/\\\"6dcd1a48-6a80-4d85-b1d3-bd02cd0a7134\\\"\"\
        ,\r\n        \"type\": \"Microsoft.Network/networkSecurityGroups/securityRules\"\
        ,\r\n        \"properties\": {\r\n          \"provisioningState\": \"Succeeded\"\
        ,\r\n          \"protocol\": \"*\",\r\n          \"sourcePortRange\": \"*\"\
        ,\r\n          \"destinationPortRange\": \"*\",\r\n          \"sourceAddressPrefix\"\
        : \"*\",\r\n          \"destinationAddressPrefix\": \"*\",\r\n          \"\
        access\": \"Allow\",\r\n          \"priority\": 900,\r\n          \"direction\"\
        : \"Inbound\",\r\n          \"sourcePortRanges\": [],\r\n          \"destinationPortRanges\"\
        : [],\r\n          \"sourceAddressPrefixes\": [],\r\n          \"destinationAddressPrefixes\"\
        : []\r\n        }\r\n      }\r\n    ],\r\n    \"defaultSecurityRules\": [\r\
        \n      {\r\n        \"name\": \"AllowVnetInBound\",\r\n        \"id\": \"\
        /subscriptions/00000000-0000-0000-0000-000000000000/resourceGroups/cli_test_open_port000001/providers/Microsoft.Network/networkSecurityGroups/vm1NSG/defaultSecurityRules/AllowVnetInBound\"\
        ,\r\n        \"etag\": \"W/\\\"6dcd1a48-6a80-4d85-b1d3-bd02cd0a7134\\\"\"\
        ,\r\n        \"type\": \"Microsoft.Network/networkSecurityGroups/defaultSecurityRules\"\
        ,\r\n        \"properties\": {\r\n          \"provisioningState\": \"Succeeded\"\
        ,\r\n          \"description\": \"Allow inbound traffic from all VMs in VNET\"\
        ,\r\n          \"protocol\": \"*\",\r\n          \"sourcePortRange\": \"*\"\
        ,\r\n          \"destinationPortRange\": \"*\",\r\n          \"sourceAddressPrefix\"\
        : \"VirtualNetwork\",\r\n          \"destinationAddressPrefix\": \"VirtualNetwork\"\
        ,\r\n          \"access\": \"Allow\",\r\n          \"priority\": 65000,\r\n\
        \          \"direction\": \"Inbound\",\r\n          \"sourcePortRanges\":\
        \ [],\r\n          \"destinationPortRanges\": [],\r\n          \"sourceAddressPrefixes\"\
        : [],\r\n          \"destinationAddressPrefixes\": []\r\n        }\r\n   \
        \   },\r\n      {\r\n        \"name\": \"AllowAzureLoadBalancerInBound\",\r\
        \n        \"id\": \"/subscriptions/00000000-0000-0000-0000-000000000000/resourceGroups/cli_test_open_port000001/providers/Microsoft.Network/networkSecurityGroups/vm1NSG/defaultSecurityRules/AllowAzureLoadBalancerInBound\"\
        ,\r\n        \"etag\": \"W/\\\"6dcd1a48-6a80-4d85-b1d3-bd02cd0a7134\\\"\"\
        ,\r\n        \"type\": \"Microsoft.Network/networkSecurityGroups/defaultSecurityRules\"\
        ,\r\n        \"properties\": {\r\n          \"provisioningState\": \"Succeeded\"\
        ,\r\n          \"description\": \"Allow inbound traffic from azure load balancer\"\
        ,\r\n          \"protocol\": \"*\",\r\n          \"sourcePortRange\": \"*\"\
        ,\r\n          \"destinationPortRange\": \"*\",\r\n          \"sourceAddressPrefix\"\
        : \"AzureLoadBalancer\",\r\n          \"destinationAddressPrefix\": \"*\"\
        ,\r\n          \"access\": \"Allow\",\r\n          \"priority\": 65001,\r\n\
        \          \"direction\": \"Inbound\",\r\n          \"sourcePortRanges\":\
        \ [],\r\n          \"destinationPortRanges\": [],\r\n          \"sourceAddressPrefixes\"\
        : [],\r\n          \"destinationAddressPrefixes\": []\r\n        }\r\n   \
        \   },\r\n      {\r\n        \"name\": \"DenyAllInBound\",\r\n        \"id\"\
        : \"/subscriptions/00000000-0000-0000-0000-000000000000/resourceGroups/cli_test_open_port000001/providers/Microsoft.Network/networkSecurityGroups/vm1NSG/defaultSecurityRules/DenyAllInBound\"\
        ,\r\n        \"etag\": \"W/\\\"6dcd1a48-6a80-4d85-b1d3-bd02cd0a7134\\\"\"\
        ,\r\n        \"type\": \"Microsoft.Network/networkSecurityGroups/defaultSecurityRules\"\
        ,\r\n        \"properties\": {\r\n          \"provisioningState\": \"Succeeded\"\
        ,\r\n          \"description\": \"Deny all inbound traffic\",\r\n        \
        \  \"protocol\": \"*\",\r\n          \"sourcePortRange\": \"*\",\r\n     \
        \     \"destinationPortRange\": \"*\",\r\n          \"sourceAddressPrefix\"\
        : \"*\",\r\n          \"destinationAddressPrefix\": \"*\",\r\n          \"\
        access\": \"Deny\",\r\n          \"priority\": 65500,\r\n          \"direction\"\
        : \"Inbound\",\r\n          \"sourcePortRanges\": [],\r\n          \"destinationPortRanges\"\
        : [],\r\n          \"sourceAddressPrefixes\": [],\r\n          \"destinationAddressPrefixes\"\
        : []\r\n        }\r\n      },\r\n      {\r\n        \"name\": \"AllowVnetOutBound\"\
        ,\r\n        \"id\": \"/subscriptions/00000000-0000-0000-0000-000000000000/resourceGroups/cli_test_open_port000001/providers/Microsoft.Network/networkSecurityGroups/vm1NSG/defaultSecurityRules/AllowVnetOutBound\"\
        ,\r\n        \"etag\": \"W/\\\"6dcd1a48-6a80-4d85-b1d3-bd02cd0a7134\\\"\"\
        ,\r\n        \"type\": \"Microsoft.Network/networkSecurityGroups/defaultSecurityRules\"\
        ,\r\n        \"properties\": {\r\n          \"provisioningState\": \"Succeeded\"\
        ,\r\n          \"description\": \"Allow outbound traffic from all VMs to all\
        \ VMs in VNET\",\r\n          \"protocol\": \"*\",\r\n          \"sourcePortRange\"\
        : \"*\",\r\n          \"destinationPortRange\": \"*\",\r\n          \"sourceAddressPrefix\"\
        : \"VirtualNetwork\",\r\n          \"destinationAddressPrefix\": \"VirtualNetwork\"\
        ,\r\n          \"access\": \"Allow\",\r\n          \"priority\": 65000,\r\n\
        \          \"direction\": \"Outbound\",\r\n          \"sourcePortRanges\"\
        : [],\r\n          \"destinationPortRanges\": [],\r\n          \"sourceAddressPrefixes\"\
        : [],\r\n          \"destinationAddressPrefixes\": []\r\n        }\r\n   \
        \   },\r\n      {\r\n        \"name\": \"AllowInternetOutBound\",\r\n    \
        \    \"id\": \"/subscriptions/00000000-0000-0000-0000-000000000000/resourceGroups/cli_test_open_port000001/providers/Microsoft.Network/networkSecurityGroups/vm1NSG/defaultSecurityRules/AllowInternetOutBound\"\
        ,\r\n        \"etag\": \"W/\\\"6dcd1a48-6a80-4d85-b1d3-bd02cd0a7134\\\"\"\
        ,\r\n        \"type\": \"Microsoft.Network/networkSecurityGroups/defaultSecurityRules\"\
        ,\r\n        \"properties\": {\r\n          \"provisioningState\": \"Succeeded\"\
        ,\r\n          \"description\": \"Allow outbound traffic from all VMs to Internet\"\
        ,\r\n          \"protocol\": \"*\",\r\n          \"sourcePortRange\": \"*\"\
        ,\r\n          \"destinationPortRange\": \"*\",\r\n          \"sourceAddressPrefix\"\
        : \"*\",\r\n          \"destinationAddressPrefix\": \"Internet\",\r\n    \
        \      \"access\": \"Allow\",\r\n          \"priority\": 65001,\r\n      \
        \    \"direction\": \"Outbound\",\r\n          \"sourcePortRanges\": [],\r\
        \n          \"destinationPortRanges\": [],\r\n          \"sourceAddressPrefixes\"\
        : [],\r\n          \"destinationAddressPrefixes\": []\r\n        }\r\n   \
        \   },\r\n      {\r\n        \"name\": \"DenyAllOutBound\",\r\n        \"\
        id\": \"/subscriptions/00000000-0000-0000-0000-000000000000/resourceGroups/cli_test_open_port000001/providers/Microsoft.Network/networkSecurityGroups/vm1NSG/defaultSecurityRules/DenyAllOutBound\"\
        ,\r\n        \"etag\": \"W/\\\"6dcd1a48-6a80-4d85-b1d3-bd02cd0a7134\\\"\"\
        ,\r\n        \"type\": \"Microsoft.Network/networkSecurityGroups/defaultSecurityRules\"\
        ,\r\n        \"properties\": {\r\n          \"provisioningState\": \"Succeeded\"\
        ,\r\n          \"description\": \"Deny all outbound traffic\",\r\n       \
        \   \"protocol\": \"*\",\r\n          \"sourcePortRange\": \"*\",\r\n    \
        \      \"destinationPortRange\": \"*\",\r\n          \"sourceAddressPrefix\"\
        : \"*\",\r\n          \"destinationAddressPrefix\": \"*\",\r\n          \"\
        access\": \"Deny\",\r\n          \"priority\": 65500,\r\n          \"direction\"\
        : \"Outbound\",\r\n          \"sourcePortRanges\": [],\r\n          \"destinationPortRanges\"\
        : [],\r\n          \"sourceAddressPrefixes\": [],\r\n          \"destinationAddressPrefixes\"\
        : []\r\n        }\r\n      }\r\n    ],\r\n    \"networkInterfaces\": [\r\n\
        \      {\r\n        \"id\": \"/subscriptions/00000000-0000-0000-0000-000000000000/resourceGroups/cli_test_open_port000001/providers/Microsoft.Network/networkInterfaces/vm1VMNic\"\
        \r\n      }\r\n    ]\r\n  }\r\n}"
    headers:
      cache-control:
      - no-cache
      content-length:
      - '8649'
      content-type:
      - application/json; charset=utf-8
      date:
      - Tue, 14 Mar 2023 16:04:17 GMT
      etag:
      - W/"6dcd1a48-6a80-4d85-b1d3-bd02cd0a7134"
      expires:
      - '-1'
      pragma:
      - no-cache
      server:
      - Microsoft-HTTPAPI/2.0
      - Microsoft-HTTPAPI/2.0
      strict-transport-security:
      - max-age=31536000; includeSubDomains
      transfer-encoding:
      - chunked
      vary:
      - Accept-Encoding
      x-content-type-options:
      - nosniff
      x-ms-arm-service-request-id:
      - 3399c1aa-cd11-4d6b-affd-66bec929ef6e
    status:
      code: 200
      message: OK
- request:
    body: null
    headers:
      Accept:
      - application/json
      Accept-Encoding:
      - gzip, deflate
      CommandName:
      - network nsg show
      Connection:
      - keep-alive
      ParameterSetName:
      - -g -n
      User-Agent:
      - AZURECLI/2.46.0 (AAZ) azsdk-python-core/1.24.0 Python/3.10.9 (Windows-10-10.0.22624-SP0)
    method: GET
    uri: https://management.azure.com/subscriptions/00000000-0000-0000-0000-000000000000/resourceGroups/cli_test_open_port000001/providers/Microsoft.Network/networkSecurityGroups/vm1NSG?api-version=2017-10-01
  response:
    body:
      string: "{\r\n  \"name\": \"vm1NSG\",\r\n  \"id\": \"/subscriptions/00000000-0000-0000-0000-000000000000/resourceGroups/cli_test_open_port000001/providers/Microsoft.Network/networkSecurityGroups/vm1NSG\"\
        ,\r\n  \"etag\": \"W/\\\"6dcd1a48-6a80-4d85-b1d3-bd02cd0a7134\\\"\",\r\n \
        \ \"type\": \"Microsoft.Network/networkSecurityGroups\",\r\n  \"location\"\
        : \"westus\",\r\n  \"tags\": {},\r\n  \"properties\": {\r\n    \"provisioningState\"\
        : \"Succeeded\",\r\n    \"resourceGuid\": \"a2024695-943c-4832-b9e9-f7d8687dcee9\"\
        ,\r\n    \"securityRules\": [\r\n      {\r\n        \"name\": \"default-allow-ssh\"\
        ,\r\n        \"id\": \"/subscriptions/00000000-0000-0000-0000-000000000000/resourceGroups/cli_test_open_port000001/providers/Microsoft.Network/networkSecurityGroups/vm1NSG/securityRules/default-allow-ssh\"\
        ,\r\n        \"etag\": \"W/\\\"6dcd1a48-6a80-4d85-b1d3-bd02cd0a7134\\\"\"\
        ,\r\n        \"type\": \"Microsoft.Network/networkSecurityGroups/securityRules\"\
        ,\r\n        \"properties\": {\r\n          \"provisioningState\": \"Succeeded\"\
        ,\r\n          \"protocol\": \"Tcp\",\r\n          \"sourcePortRange\": \"\
        *\",\r\n          \"destinationPortRange\": \"22\",\r\n          \"sourceAddressPrefix\"\
        : \"*\",\r\n          \"destinationAddressPrefix\": \"*\",\r\n          \"\
        access\": \"Allow\",\r\n          \"priority\": 1000,\r\n          \"direction\"\
        : \"Inbound\",\r\n          \"sourcePortRanges\": [],\r\n          \"destinationPortRanges\"\
        : [],\r\n          \"sourceAddressPrefixes\": [],\r\n          \"destinationAddressPrefixes\"\
        : []\r\n        }\r\n      },\r\n      {\r\n        \"name\": \"open-port-all\"\
        ,\r\n        \"id\": \"/subscriptions/00000000-0000-0000-0000-000000000000/resourceGroups/cli_test_open_port000001/providers/Microsoft.Network/networkSecurityGroups/vm1NSG/securityRules/open-port-all\"\
        ,\r\n        \"etag\": \"W/\\\"6dcd1a48-6a80-4d85-b1d3-bd02cd0a7134\\\"\"\
        ,\r\n        \"type\": \"Microsoft.Network/networkSecurityGroups/securityRules\"\
        ,\r\n        \"properties\": {\r\n          \"provisioningState\": \"Succeeded\"\
        ,\r\n          \"protocol\": \"*\",\r\n          \"sourcePortRange\": \"*\"\
        ,\r\n          \"destinationPortRange\": \"*\",\r\n          \"sourceAddressPrefix\"\
        : \"*\",\r\n          \"destinationAddressPrefix\": \"*\",\r\n          \"\
        access\": \"Allow\",\r\n          \"priority\": 900,\r\n          \"direction\"\
        : \"Inbound\",\r\n          \"sourcePortRanges\": [],\r\n          \"destinationPortRanges\"\
        : [],\r\n          \"sourceAddressPrefixes\": [],\r\n          \"destinationAddressPrefixes\"\
        : []\r\n        }\r\n      }\r\n    ],\r\n    \"defaultSecurityRules\": [\r\
        \n      {\r\n        \"name\": \"AllowVnetInBound\",\r\n        \"id\": \"\
        /subscriptions/00000000-0000-0000-0000-000000000000/resourceGroups/cli_test_open_port000001/providers/Microsoft.Network/networkSecurityGroups/vm1NSG/defaultSecurityRules/AllowVnetInBound\"\
        ,\r\n        \"etag\": \"W/\\\"6dcd1a48-6a80-4d85-b1d3-bd02cd0a7134\\\"\"\
        ,\r\n        \"type\": \"Microsoft.Network/networkSecurityGroups/defaultSecurityRules\"\
        ,\r\n        \"properties\": {\r\n          \"provisioningState\": \"Succeeded\"\
        ,\r\n          \"description\": \"Allow inbound traffic from all VMs in VNET\"\
        ,\r\n          \"protocol\": \"*\",\r\n          \"sourcePortRange\": \"*\"\
        ,\r\n          \"destinationPortRange\": \"*\",\r\n          \"sourceAddressPrefix\"\
        : \"VirtualNetwork\",\r\n          \"destinationAddressPrefix\": \"VirtualNetwork\"\
        ,\r\n          \"access\": \"Allow\",\r\n          \"priority\": 65000,\r\n\
        \          \"direction\": \"Inbound\",\r\n          \"sourcePortRanges\":\
        \ [],\r\n          \"destinationPortRanges\": [],\r\n          \"sourceAddressPrefixes\"\
        : [],\r\n          \"destinationAddressPrefixes\": []\r\n        }\r\n   \
        \   },\r\n      {\r\n        \"name\": \"AllowAzureLoadBalancerInBound\",\r\
        \n        \"id\": \"/subscriptions/00000000-0000-0000-0000-000000000000/resourceGroups/cli_test_open_port000001/providers/Microsoft.Network/networkSecurityGroups/vm1NSG/defaultSecurityRules/AllowAzureLoadBalancerInBound\"\
        ,\r\n        \"etag\": \"W/\\\"6dcd1a48-6a80-4d85-b1d3-bd02cd0a7134\\\"\"\
        ,\r\n        \"type\": \"Microsoft.Network/networkSecurityGroups/defaultSecurityRules\"\
        ,\r\n        \"properties\": {\r\n          \"provisioningState\": \"Succeeded\"\
        ,\r\n          \"description\": \"Allow inbound traffic from azure load balancer\"\
        ,\r\n          \"protocol\": \"*\",\r\n          \"sourcePortRange\": \"*\"\
        ,\r\n          \"destinationPortRange\": \"*\",\r\n          \"sourceAddressPrefix\"\
        : \"AzureLoadBalancer\",\r\n          \"destinationAddressPrefix\": \"*\"\
        ,\r\n          \"access\": \"Allow\",\r\n          \"priority\": 65001,\r\n\
        \          \"direction\": \"Inbound\",\r\n          \"sourcePortRanges\":\
        \ [],\r\n          \"destinationPortRanges\": [],\r\n          \"sourceAddressPrefixes\"\
        : [],\r\n          \"destinationAddressPrefixes\": []\r\n        }\r\n   \
        \   },\r\n      {\r\n        \"name\": \"DenyAllInBound\",\r\n        \"id\"\
        : \"/subscriptions/00000000-0000-0000-0000-000000000000/resourceGroups/cli_test_open_port000001/providers/Microsoft.Network/networkSecurityGroups/vm1NSG/defaultSecurityRules/DenyAllInBound\"\
        ,\r\n        \"etag\": \"W/\\\"6dcd1a48-6a80-4d85-b1d3-bd02cd0a7134\\\"\"\
        ,\r\n        \"type\": \"Microsoft.Network/networkSecurityGroups/defaultSecurityRules\"\
        ,\r\n        \"properties\": {\r\n          \"provisioningState\": \"Succeeded\"\
        ,\r\n          \"description\": \"Deny all inbound traffic\",\r\n        \
        \  \"protocol\": \"*\",\r\n          \"sourcePortRange\": \"*\",\r\n     \
        \     \"destinationPortRange\": \"*\",\r\n          \"sourceAddressPrefix\"\
        : \"*\",\r\n          \"destinationAddressPrefix\": \"*\",\r\n          \"\
        access\": \"Deny\",\r\n          \"priority\": 65500,\r\n          \"direction\"\
        : \"Inbound\",\r\n          \"sourcePortRanges\": [],\r\n          \"destinationPortRanges\"\
        : [],\r\n          \"sourceAddressPrefixes\": [],\r\n          \"destinationAddressPrefixes\"\
        : []\r\n        }\r\n      },\r\n      {\r\n        \"name\": \"AllowVnetOutBound\"\
        ,\r\n        \"id\": \"/subscriptions/00000000-0000-0000-0000-000000000000/resourceGroups/cli_test_open_port000001/providers/Microsoft.Network/networkSecurityGroups/vm1NSG/defaultSecurityRules/AllowVnetOutBound\"\
        ,\r\n        \"etag\": \"W/\\\"6dcd1a48-6a80-4d85-b1d3-bd02cd0a7134\\\"\"\
        ,\r\n        \"type\": \"Microsoft.Network/networkSecurityGroups/defaultSecurityRules\"\
        ,\r\n        \"properties\": {\r\n          \"provisioningState\": \"Succeeded\"\
        ,\r\n          \"description\": \"Allow outbound traffic from all VMs to all\
        \ VMs in VNET\",\r\n          \"protocol\": \"*\",\r\n          \"sourcePortRange\"\
        : \"*\",\r\n          \"destinationPortRange\": \"*\",\r\n          \"sourceAddressPrefix\"\
        : \"VirtualNetwork\",\r\n          \"destinationAddressPrefix\": \"VirtualNetwork\"\
        ,\r\n          \"access\": \"Allow\",\r\n          \"priority\": 65000,\r\n\
        \          \"direction\": \"Outbound\",\r\n          \"sourcePortRanges\"\
        : [],\r\n          \"destinationPortRanges\": [],\r\n          \"sourceAddressPrefixes\"\
        : [],\r\n          \"destinationAddressPrefixes\": []\r\n        }\r\n   \
        \   },\r\n      {\r\n        \"name\": \"AllowInternetOutBound\",\r\n    \
        \    \"id\": \"/subscriptions/00000000-0000-0000-0000-000000000000/resourceGroups/cli_test_open_port000001/providers/Microsoft.Network/networkSecurityGroups/vm1NSG/defaultSecurityRules/AllowInternetOutBound\"\
        ,\r\n        \"etag\": \"W/\\\"6dcd1a48-6a80-4d85-b1d3-bd02cd0a7134\\\"\"\
        ,\r\n        \"type\": \"Microsoft.Network/networkSecurityGroups/defaultSecurityRules\"\
        ,\r\n        \"properties\": {\r\n          \"provisioningState\": \"Succeeded\"\
        ,\r\n          \"description\": \"Allow outbound traffic from all VMs to Internet\"\
        ,\r\n          \"protocol\": \"*\",\r\n          \"sourcePortRange\": \"*\"\
        ,\r\n          \"destinationPortRange\": \"*\",\r\n          \"sourceAddressPrefix\"\
        : \"*\",\r\n          \"destinationAddressPrefix\": \"Internet\",\r\n    \
        \      \"access\": \"Allow\",\r\n          \"priority\": 65001,\r\n      \
        \    \"direction\": \"Outbound\",\r\n          \"sourcePortRanges\": [],\r\
        \n          \"destinationPortRanges\": [],\r\n          \"sourceAddressPrefixes\"\
        : [],\r\n          \"destinationAddressPrefixes\": []\r\n        }\r\n   \
        \   },\r\n      {\r\n        \"name\": \"DenyAllOutBound\",\r\n        \"\
        id\": \"/subscriptions/00000000-0000-0000-0000-000000000000/resourceGroups/cli_test_open_port000001/providers/Microsoft.Network/networkSecurityGroups/vm1NSG/defaultSecurityRules/DenyAllOutBound\"\
        ,\r\n        \"etag\": \"W/\\\"6dcd1a48-6a80-4d85-b1d3-bd02cd0a7134\\\"\"\
        ,\r\n        \"type\": \"Microsoft.Network/networkSecurityGroups/defaultSecurityRules\"\
        ,\r\n        \"properties\": {\r\n          \"provisioningState\": \"Succeeded\"\
        ,\r\n          \"description\": \"Deny all outbound traffic\",\r\n       \
        \   \"protocol\": \"*\",\r\n          \"sourcePortRange\": \"*\",\r\n    \
        \      \"destinationPortRange\": \"*\",\r\n          \"sourceAddressPrefix\"\
        : \"*\",\r\n          \"destinationAddressPrefix\": \"*\",\r\n          \"\
        access\": \"Deny\",\r\n          \"priority\": 65500,\r\n          \"direction\"\
        : \"Outbound\",\r\n          \"sourcePortRanges\": [],\r\n          \"destinationPortRanges\"\
        : [],\r\n          \"sourceAddressPrefixes\": [],\r\n          \"destinationAddressPrefixes\"\
        : []\r\n        }\r\n      }\r\n    ],\r\n    \"networkInterfaces\": [\r\n\
        \      {\r\n        \"id\": \"/subscriptions/00000000-0000-0000-0000-000000000000/resourceGroups/cli_test_open_port000001/providers/Microsoft.Network/networkInterfaces/vm1VMNic\"\
        \r\n      }\r\n    ]\r\n  }\r\n}"
    headers:
      cache-control:
      - no-cache
      content-length:
      - '8649'
      content-type:
      - application/json; charset=utf-8
      date:
      - Tue, 14 Mar 2023 16:04:18 GMT
      etag:
      - W/"6dcd1a48-6a80-4d85-b1d3-bd02cd0a7134"
      expires:
      - '-1'
      pragma:
      - no-cache
      server:
      - Microsoft-HTTPAPI/2.0
      - Microsoft-HTTPAPI/2.0
      strict-transport-security:
      - max-age=31536000; includeSubDomains
      transfer-encoding:
      - chunked
      vary:
      - Accept-Encoding
      x-content-type-options:
      - nosniff
      x-ms-arm-service-request-id:
      - 1292401a-8e71-4141-b480-879b96c34af0
    status:
      code: 200
      message: OK
- request:
    body: null
    headers:
      Accept:
      - application/json
      Accept-Encoding:
      - gzip, deflate
      CommandName:
      - vm open-port
      Connection:
      - keep-alive
      ParameterSetName:
      - -g -n --apply-to-subnet --nsg-name --port --priority
      User-Agent:
      - AZURECLI/2.46.0 azsdk-python-azure-mgmt-compute/29.1.0 Python/3.10.9 (Windows-10-10.0.22624-SP0)
    method: GET
    uri: https://management.azure.com/subscriptions/00000000-0000-0000-0000-000000000000/resourceGroups/cli_test_open_port000001/providers/Microsoft.Compute/virtualMachines/vm1?api-version=2017-12-01
  response:
    body:
      string: "{\r\n  \"name\": \"vm1\",\r\n  \"id\": \"/subscriptions/00000000-0000-0000-0000-000000000000/resourceGroups/cli_test_open_port000001/providers/Microsoft.Compute/virtualMachines/vm1\"\
        ,\r\n  \"type\": \"Microsoft.Compute/virtualMachines\",\r\n  \"location\"\
        : \"westus\",\r\n  \"tags\": {},\r\n  \"properties\": {\r\n    \"vmId\": \"\
        997eb79e-c733-4c04-b962-937b02029706\",\r\n    \"hardwareProfile\": {\r\n\
        \      \"vmSize\": \"Standard_DS1_v2\"\r\n    },\r\n    \"storageProfile\"\
        : {\r\n      \"imageReference\": {\r\n        \"publisher\": \"Canonical\"\
        ,\r\n        \"offer\": \"UbuntuServer\",\r\n        \"sku\": \"14.04.4-LTS\"\
        ,\r\n        \"version\": \"latest\"\r\n      },\r\n      \"osDisk\": {\r\n\
        \        \"osType\": \"Linux\",\r\n        \"name\": \"vm1_OsDisk_1_60c30ae52d1546b3a69cbbc6953cb642\"\
        ,\r\n        \"createOption\": \"FromImage\",\r\n        \"caching\": \"ReadWrite\"\
        ,\r\n        \"managedDisk\": {\r\n          \"storageAccountType\": \"Premium_LRS\"\
        ,\r\n          \"id\": \"/subscriptions/00000000-0000-0000-0000-000000000000/resourceGroups/cli_test_open_port000001/providers/Microsoft.Compute/disks/vm1_OsDisk_1_60c30ae52d1546b3a69cbbc6953cb642\"\
        \r\n        },\r\n        \"diskSizeGB\": 30\r\n      },\r\n      \"dataDisks\"\
        : []\r\n    },\r\n    \"osProfile\": {\r\n      \"computerName\": \"vm1\"\
        ,\r\n      \"adminUsername\": \"ubuntu\",\r\n      \"linuxConfiguration\"\
        : {\r\n        \"disablePasswordAuthentication\": false\r\n      },\r\n  \
        \    \"secrets\": []\r\n    },\r\n    \"networkProfile\": {\"networkInterfaces\"\
        :[{\"id\":\"/subscriptions/00000000-0000-0000-0000-000000000000/resourceGroups/cli_test_open_port000001/providers/Microsoft.Network/networkInterfaces/vm1VMNic\"\
        }]},\r\n    \"provisioningState\": \"Succeeded\"\r\n  }\r\n}"
    headers:
      cache-control:
      - no-cache
      content-length:
      - '1571'
      content-type:
      - application/json; charset=utf-8
      date:
      - Tue, 14 Mar 2023 16:04:20 GMT
      expires:
      - '-1'
      pragma:
      - no-cache
      server:
      - Microsoft-HTTPAPI/2.0
      - Microsoft-HTTPAPI/2.0
      strict-transport-security:
      - max-age=31536000; includeSubDomains
      transfer-encoding:
      - chunked
      vary:
      - Accept-Encoding
      x-content-type-options:
      - nosniff
      x-ms-ratelimit-remaining-resource:
      - Microsoft.Compute/LowCostGet3Min;3995,Microsoft.Compute/LowCostGet30Min;31976
    status:
      code: 200
      message: OK
- request:
    body: null
    headers:
      Accept:
      - application/json
      Accept-Encoding:
      - gzip, deflate
      CommandName:
      - vm open-port
      Connection:
      - keep-alive
      ParameterSetName:
      - -g -n --apply-to-subnet --nsg-name --port --priority
      User-Agent:
      - AZURECLI/2.46.0 (AAZ) azsdk-python-core/1.24.0 Python/3.10.9 (Windows-10-10.0.22624-SP0)
    method: GET
    uri: https://management.azure.com/subscriptions/00000000-0000-0000-0000-000000000000/resourceGroups/cli_test_open_port000001/providers/Microsoft.Network/networkInterfaces/vm1VMNic?api-version=2017-10-01
  response:
    body:
      string: "{\r\n  \"name\": \"vm1VMNic\",\r\n  \"id\": \"/subscriptions/00000000-0000-0000-0000-000000000000/resourceGroups/cli_test_open_port000001/providers/Microsoft.Network/networkInterfaces/vm1VMNic\"\
        ,\r\n  \"etag\": \"W/\\\"0ba66c91-366c-4e07-9e5a-c3ea9e87e148\\\"\",\r\n \
        \ \"tags\": {},\r\n  \"properties\": {\r\n    \"provisioningState\": \"Succeeded\"\
        ,\r\n    \"resourceGuid\": \"75a1f4fe-b7f0-4f25-a6b2-7cf7deda0144\",\r\n \
        \   \"ipConfigurations\": [\r\n      {\r\n        \"name\": \"ipconfigvm1\"\
        ,\r\n        \"id\": \"/subscriptions/00000000-0000-0000-0000-000000000000/resourceGroups/cli_test_open_port000001/providers/Microsoft.Network/networkInterfaces/vm1VMNic/ipConfigurations/ipconfigvm1\"\
        ,\r\n        \"etag\": \"W/\\\"0ba66c91-366c-4e07-9e5a-c3ea9e87e148\\\"\"\
        ,\r\n        \"type\": \"Microsoft.Network/networkInterfaces/ipConfigurations\"\
        ,\r\n        \"properties\": {\r\n          \"provisioningState\": \"Succeeded\"\
        ,\r\n          \"privateIPAddress\": \"10.0.0.4\",\r\n          \"privateIPAllocationMethod\"\
        : \"Dynamic\",\r\n          \"publicIPAddress\": {\r\n            \"id\":\
        \ \"/subscriptions/00000000-0000-0000-0000-000000000000/resourceGroups/cli_test_open_port000001/providers/Microsoft.Network/publicIPAddresses/vm1PublicIP\"\
        \r\n          },\r\n          \"subnet\": {\r\n            \"id\": \"/subscriptions/00000000-0000-0000-0000-000000000000/resourceGroups/cli_test_open_port000001/providers/Microsoft.Network/virtualNetworks/vm1VNET/subnets/vm1Subnet\"\
        \r\n          },\r\n          \"primary\": true,\r\n          \"privateIPAddressVersion\"\
        : \"IPv4\"\r\n        }\r\n      }\r\n    ],\r\n    \"dnsSettings\": {\r\n\
        \      \"dnsServers\": [],\r\n      \"appliedDnsServers\": [],\r\n      \"\
        internalDomainNameSuffix\": \"pb55ohgm0y5uhowu4xh5bkv1we.dx.internal.cloudapp.net\"\
        \r\n    },\r\n    \"macAddress\": \"00-22-48-0A-D7-19\",\r\n    \"enableIPForwarding\"\
        : false,\r\n    \"networkSecurityGroup\": {\r\n      \"id\": \"/subscriptions/00000000-0000-0000-0000-000000000000/resourceGroups/cli_test_open_port000001/providers/Microsoft.Network/networkSecurityGroups/vm1NSG\"\
        \r\n    },\r\n    \"primary\": true,\r\n    \"virtualMachine\": {\r\n    \
        \  \"id\": \"/subscriptions/00000000-0000-0000-0000-000000000000/resourceGroups/cli_test_open_port000001/providers/Microsoft.Compute/virtualMachines/vm1\"\
        \r\n    }\r\n  },\r\n  \"type\": \"Microsoft.Network/networkInterfaces\",\r\
        \n  \"location\": \"westus\"\r\n}"
    headers:
      cache-control:
      - no-cache
      content-length:
      - '2219'
      content-type:
      - application/json; charset=utf-8
      date:
      - Tue, 14 Mar 2023 16:04:20 GMT
      etag:
      - W/"0ba66c91-366c-4e07-9e5a-c3ea9e87e148"
      expires:
      - '-1'
      pragma:
      - no-cache
      server:
      - Microsoft-HTTPAPI/2.0
      - Microsoft-HTTPAPI/2.0
      strict-transport-security:
      - max-age=31536000; includeSubDomains
      transfer-encoding:
      - chunked
      vary:
      - Accept-Encoding
      x-content-type-options:
      - nosniff
      x-ms-arm-service-request-id:
      - edd48c49-5abf-4093-8e5d-81d2eb9fff1c
    status:
      code: 200
      message: OK
- request:
    body: null
    headers:
      Accept:
      - application/json
      Accept-Encoding:
      - gzip, deflate
      CommandName:
      - vm open-port
      Connection:
      - keep-alive
      ParameterSetName:
      - -g -n --apply-to-subnet --nsg-name --port --priority
      User-Agent:
      - AZURECLI/2.46.0 (AAZ) azsdk-python-core/1.24.0 Python/3.10.9 (Windows-10-10.0.22624-SP0)
    method: GET
    uri: https://management.azure.com/subscriptions/00000000-0000-0000-0000-000000000000/resourceGroups/cli_test_open_port000001/providers/Microsoft.Network/virtualNetworks/vm1VNET/subnets/vm1Subnet?api-version=2017-10-01
  response:
    body:
      string: "{\r\n  \"name\": \"vm1Subnet\",\r\n  \"id\": \"/subscriptions/00000000-0000-0000-0000-000000000000/resourceGroups/cli_test_open_port000001/providers/Microsoft.Network/virtualNetworks/vm1VNET/subnets/vm1Subnet\"\
        ,\r\n  \"etag\": \"W/\\\"6d1c1afa-4b8d-480d-8498-909f485577d7\\\"\",\r\n \
        \ \"properties\": {\r\n    \"provisioningState\": \"Succeeded\",\r\n    \"\
        addressPrefix\": \"10.0.0.0/24\",\r\n    \"ipConfigurations\": [\r\n     \
        \ {\r\n        \"id\": \"/subscriptions/00000000-0000-0000-0000-000000000000/resourceGroups/cli_test_open_port000001/providers/Microsoft.Network/networkInterfaces/vm1VMNic/ipConfigurations/ipconfigvm1\"\
        \r\n      }\r\n    ]\r\n  },\r\n  \"type\": \"Microsoft.Network/virtualNetworks/subnets\"\
        \r\n}"
    headers:
      cache-control:
      - no-cache
      content-length:
      - '660'
      content-type:
      - application/json; charset=utf-8
      date:
      - Tue, 14 Mar 2023 16:04:22 GMT
      etag:
      - W/"6d1c1afa-4b8d-480d-8498-909f485577d7"
      expires:
      - '-1'
      pragma:
      - no-cache
      server:
      - Microsoft-HTTPAPI/2.0
      - Microsoft-HTTPAPI/2.0
      strict-transport-security:
      - max-age=31536000; includeSubDomains
      transfer-encoding:
      - chunked
      vary:
      - Accept-Encoding
      x-content-type-options:
      - nosniff
      x-ms-arm-service-request-id:
      - d2d65147-3de0-4335-a375-c4d59ae2a8f6
    status:
      code: 200
      message: OK
- request:
    body: '{"location": "westus"}'
    headers:
      Accept:
      - application/json
      Accept-Encoding:
      - gzip, deflate
      CommandName:
      - vm open-port
      Connection:
      - keep-alive
      Content-Length:
      - '22'
      Content-Type:
      - application/json
      ParameterSetName:
      - -g -n --apply-to-subnet --nsg-name --port --priority
      User-Agent:
      - AZURECLI/2.46.0 (AAZ) azsdk-python-core/1.24.0 Python/3.10.9 (Windows-10-10.0.22624-SP0)
    method: PUT
    uri: https://management.azure.com/subscriptions/00000000-0000-0000-0000-000000000000/resourceGroups/cli_test_open_port000001/providers/Microsoft.Network/networkSecurityGroups/newNsg?api-version=2017-10-01
  response:
    body:
      string: "{\r\n  \"name\": \"newNsg\",\r\n  \"id\": \"/subscriptions/00000000-0000-0000-0000-000000000000/resourceGroups/cli_test_open_port000001/providers/Microsoft.Network/networkSecurityGroups/newNsg\"\
        ,\r\n  \"etag\": \"W/\\\"e7a6c065-9612-4c5e-a9db-7cc87884963b\\\"\",\r\n \
        \ \"type\": \"Microsoft.Network/networkSecurityGroups\",\r\n  \"location\"\
        : \"westus\",\r\n  \"properties\": {\r\n    \"provisioningState\": \"Updating\"\
        ,\r\n    \"resourceGuid\": \"4f6166db-62fd-46a6-be13-f21893bce923\",\r\n \
        \   \"securityRules\": [],\r\n    \"defaultSecurityRules\": [\r\n      {\r\
        \n        \"name\": \"AllowVnetInBound\",\r\n        \"id\": \"/subscriptions/00000000-0000-0000-0000-000000000000/resourceGroups/cli_test_open_port000001/providers/Microsoft.Network/networkSecurityGroups/newNsg/defaultSecurityRules/AllowVnetInBound\"\
        ,\r\n        \"etag\": \"W/\\\"e7a6c065-9612-4c5e-a9db-7cc87884963b\\\"\"\
        ,\r\n        \"type\": \"Microsoft.Network/networkSecurityGroups/defaultSecurityRules\"\
        ,\r\n        \"properties\": {\r\n          \"provisioningState\": \"Updating\"\
        ,\r\n          \"description\": \"Allow inbound traffic from all VMs in VNET\"\
        ,\r\n          \"protocol\": \"*\",\r\n          \"sourcePortRange\": \"*\"\
        ,\r\n          \"destinationPortRange\": \"*\",\r\n          \"sourceAddressPrefix\"\
        : \"VirtualNetwork\",\r\n          \"destinationAddressPrefix\": \"VirtualNetwork\"\
        ,\r\n          \"access\": \"Allow\",\r\n          \"priority\": 65000,\r\n\
        \          \"direction\": \"Inbound\",\r\n          \"sourcePortRanges\":\
        \ [],\r\n          \"destinationPortRanges\": [],\r\n          \"sourceAddressPrefixes\"\
        : [],\r\n          \"destinationAddressPrefixes\": []\r\n        }\r\n   \
        \   },\r\n      {\r\n        \"name\": \"AllowAzureLoadBalancerInBound\",\r\
        \n        \"id\": \"/subscriptions/00000000-0000-0000-0000-000000000000/resourceGroups/cli_test_open_port000001/providers/Microsoft.Network/networkSecurityGroups/newNsg/defaultSecurityRules/AllowAzureLoadBalancerInBound\"\
        ,\r\n        \"etag\": \"W/\\\"e7a6c065-9612-4c5e-a9db-7cc87884963b\\\"\"\
        ,\r\n        \"type\": \"Microsoft.Network/networkSecurityGroups/defaultSecurityRules\"\
        ,\r\n        \"properties\": {\r\n          \"provisioningState\": \"Updating\"\
        ,\r\n          \"description\": \"Allow inbound traffic from azure load balancer\"\
        ,\r\n          \"protocol\": \"*\",\r\n          \"sourcePortRange\": \"*\"\
        ,\r\n          \"destinationPortRange\": \"*\",\r\n          \"sourceAddressPrefix\"\
        : \"AzureLoadBalancer\",\r\n          \"destinationAddressPrefix\": \"*\"\
        ,\r\n          \"access\": \"Allow\",\r\n          \"priority\": 65001,\r\n\
        \          \"direction\": \"Inbound\",\r\n          \"sourcePortRanges\":\
        \ [],\r\n          \"destinationPortRanges\": [],\r\n          \"sourceAddressPrefixes\"\
        : [],\r\n          \"destinationAddressPrefixes\": []\r\n        }\r\n   \
        \   },\r\n      {\r\n        \"name\": \"DenyAllInBound\",\r\n        \"id\"\
        : \"/subscriptions/00000000-0000-0000-0000-000000000000/resourceGroups/cli_test_open_port000001/providers/Microsoft.Network/networkSecurityGroups/newNsg/defaultSecurityRules/DenyAllInBound\"\
        ,\r\n        \"etag\": \"W/\\\"e7a6c065-9612-4c5e-a9db-7cc87884963b\\\"\"\
        ,\r\n        \"type\": \"Microsoft.Network/networkSecurityGroups/defaultSecurityRules\"\
        ,\r\n        \"properties\": {\r\n          \"provisioningState\": \"Updating\"\
        ,\r\n          \"description\": \"Deny all inbound traffic\",\r\n        \
        \  \"protocol\": \"*\",\r\n          \"sourcePortRange\": \"*\",\r\n     \
        \     \"destinationPortRange\": \"*\",\r\n          \"sourceAddressPrefix\"\
        : \"*\",\r\n          \"destinationAddressPrefix\": \"*\",\r\n          \"\
        access\": \"Deny\",\r\n          \"priority\": 65500,\r\n          \"direction\"\
        : \"Inbound\",\r\n          \"sourcePortRanges\": [],\r\n          \"destinationPortRanges\"\
        : [],\r\n          \"sourceAddressPrefixes\": [],\r\n          \"destinationAddressPrefixes\"\
        : []\r\n        }\r\n      },\r\n      {\r\n        \"name\": \"AllowVnetOutBound\"\
        ,\r\n        \"id\": \"/subscriptions/00000000-0000-0000-0000-000000000000/resourceGroups/cli_test_open_port000001/providers/Microsoft.Network/networkSecurityGroups/newNsg/defaultSecurityRules/AllowVnetOutBound\"\
        ,\r\n        \"etag\": \"W/\\\"e7a6c065-9612-4c5e-a9db-7cc87884963b\\\"\"\
        ,\r\n        \"type\": \"Microsoft.Network/networkSecurityGroups/defaultSecurityRules\"\
        ,\r\n        \"properties\": {\r\n          \"provisioningState\": \"Updating\"\
        ,\r\n          \"description\": \"Allow outbound traffic from all VMs to all\
        \ VMs in VNET\",\r\n          \"protocol\": \"*\",\r\n          \"sourcePortRange\"\
        : \"*\",\r\n          \"destinationPortRange\": \"*\",\r\n          \"sourceAddressPrefix\"\
        : \"VirtualNetwork\",\r\n          \"destinationAddressPrefix\": \"VirtualNetwork\"\
        ,\r\n          \"access\": \"Allow\",\r\n          \"priority\": 65000,\r\n\
        \          \"direction\": \"Outbound\",\r\n          \"sourcePortRanges\"\
        : [],\r\n          \"destinationPortRanges\": [],\r\n          \"sourceAddressPrefixes\"\
        : [],\r\n          \"destinationAddressPrefixes\": []\r\n        }\r\n   \
        \   },\r\n      {\r\n        \"name\": \"AllowInternetOutBound\",\r\n    \
        \    \"id\": \"/subscriptions/00000000-0000-0000-0000-000000000000/resourceGroups/cli_test_open_port000001/providers/Microsoft.Network/networkSecurityGroups/newNsg/defaultSecurityRules/AllowInternetOutBound\"\
        ,\r\n        \"etag\": \"W/\\\"e7a6c065-9612-4c5e-a9db-7cc87884963b\\\"\"\
        ,\r\n        \"type\": \"Microsoft.Network/networkSecurityGroups/defaultSecurityRules\"\
        ,\r\n        \"properties\": {\r\n          \"provisioningState\": \"Updating\"\
        ,\r\n          \"description\": \"Allow outbound traffic from all VMs to Internet\"\
        ,\r\n          \"protocol\": \"*\",\r\n          \"sourcePortRange\": \"*\"\
        ,\r\n          \"destinationPortRange\": \"*\",\r\n          \"sourceAddressPrefix\"\
        : \"*\",\r\n          \"destinationAddressPrefix\": \"Internet\",\r\n    \
        \      \"access\": \"Allow\",\r\n          \"priority\": 65001,\r\n      \
        \    \"direction\": \"Outbound\",\r\n          \"sourcePortRanges\": [],\r\
        \n          \"destinationPortRanges\": [],\r\n          \"sourceAddressPrefixes\"\
        : [],\r\n          \"destinationAddressPrefixes\": []\r\n        }\r\n   \
        \   },\r\n      {\r\n        \"name\": \"DenyAllOutBound\",\r\n        \"\
        id\": \"/subscriptions/00000000-0000-0000-0000-000000000000/resourceGroups/cli_test_open_port000001/providers/Microsoft.Network/networkSecurityGroups/newNsg/defaultSecurityRules/DenyAllOutBound\"\
        ,\r\n        \"etag\": \"W/\\\"e7a6c065-9612-4c5e-a9db-7cc87884963b\\\"\"\
        ,\r\n        \"type\": \"Microsoft.Network/networkSecurityGroups/defaultSecurityRules\"\
        ,\r\n        \"properties\": {\r\n          \"provisioningState\": \"Updating\"\
        ,\r\n          \"description\": \"Deny all outbound traffic\",\r\n       \
        \   \"protocol\": \"*\",\r\n          \"sourcePortRange\": \"*\",\r\n    \
        \      \"destinationPortRange\": \"*\",\r\n          \"sourceAddressPrefix\"\
        : \"*\",\r\n          \"destinationAddressPrefix\": \"*\",\r\n          \"\
        access\": \"Deny\",\r\n          \"priority\": 65500,\r\n          \"direction\"\
        : \"Outbound\",\r\n          \"sourcePortRanges\": [],\r\n          \"destinationPortRanges\"\
        : [],\r\n          \"sourceAddressPrefixes\": [],\r\n          \"destinationAddressPrefixes\"\
        : []\r\n        }\r\n      }\r\n    ]\r\n  }\r\n}"
    headers:
      azure-asyncnotification:
      - Enabled
      azure-asyncoperation:
      - https://management.azure.com/subscriptions/00000000-0000-0000-0000-000000000000/providers/Microsoft.Network/locations/westus/operations/c4c52bb2-0e2b-45d9-8558-7d483c6830e9?api-version=2017-10-01
      cache-control:
      - no-cache
      content-length:
      - '6584'
      content-type:
      - application/json; charset=utf-8
      date:
      - Tue, 14 Mar 2023 16:04:24 GMT
      expires:
      - '-1'
      pragma:
      - no-cache
      server:
      - Microsoft-HTTPAPI/2.0
      - Microsoft-HTTPAPI/2.0
      strict-transport-security:
      - max-age=31536000; includeSubDomains
      x-content-type-options:
      - nosniff
      x-ms-arm-service-request-id:
      - 696c47ed-f266-4ddd-8175-95c5cc490869
      x-ms-ratelimit-remaining-subscription-writes:
      - '1189'
    status:
      code: 201
      message: Created
- request:
    body: null
    headers:
      Accept:
      - '*/*'
      Accept-Encoding:
      - gzip, deflate
      CommandName:
      - vm open-port
      Connection:
      - keep-alive
      ParameterSetName:
      - -g -n --apply-to-subnet --nsg-name --port --priority
      User-Agent:
      - AZURECLI/2.46.0 (AAZ) azsdk-python-core/1.24.0 Python/3.10.9 (Windows-10-10.0.22624-SP0)
    method: GET
    uri: https://management.azure.com/subscriptions/00000000-0000-0000-0000-000000000000/providers/Microsoft.Network/locations/westus/operations/c4c52bb2-0e2b-45d9-8558-7d483c6830e9?api-version=2017-10-01
  response:
    body:
      string: "{\r\n  \"status\": \"Succeeded\"\r\n}"
    headers:
      cache-control:
      - no-cache
      content-length:
      - '29'
      content-type:
      - application/json; charset=utf-8
      date:
      - Tue, 14 Mar 2023 16:04:27 GMT
      expires:
      - '-1'
      pragma:
      - no-cache
      server:
      - Microsoft-HTTPAPI/2.0
      - Microsoft-HTTPAPI/2.0
      strict-transport-security:
      - max-age=31536000; includeSubDomains
      transfer-encoding:
      - chunked
      vary:
      - Accept-Encoding
      x-content-type-options:
      - nosniff
      x-ms-arm-service-request-id:
      - f412b88b-70ba-4346-9801-8911bb50f625
    status:
      code: 200
      message: OK
- request:
    body: null
    headers:
      Accept:
      - '*/*'
      Accept-Encoding:
      - gzip, deflate
      CommandName:
      - vm open-port
      Connection:
      - keep-alive
      ParameterSetName:
      - -g -n --apply-to-subnet --nsg-name --port --priority
      User-Agent:
      - AZURECLI/2.46.0 (AAZ) azsdk-python-core/1.24.0 Python/3.10.9 (Windows-10-10.0.22624-SP0)
    method: GET
    uri: https://management.azure.com/subscriptions/00000000-0000-0000-0000-000000000000/resourceGroups/cli_test_open_port000001/providers/Microsoft.Network/networkSecurityGroups/newNsg?api-version=2017-10-01
  response:
    body:
      string: "{\r\n  \"name\": \"newNsg\",\r\n  \"id\": \"/subscriptions/00000000-0000-0000-0000-000000000000/resourceGroups/cli_test_open_port000001/providers/Microsoft.Network/networkSecurityGroups/newNsg\"\
        ,\r\n  \"etag\": \"W/\\\"f03ed18c-cbf8-4350-8d06-70a23d696e17\\\"\",\r\n \
        \ \"type\": \"Microsoft.Network/networkSecurityGroups\",\r\n  \"location\"\
        : \"westus\",\r\n  \"properties\": {\r\n    \"provisioningState\": \"Succeeded\"\
        ,\r\n    \"resourceGuid\": \"4f6166db-62fd-46a6-be13-f21893bce923\",\r\n \
        \   \"securityRules\": [],\r\n    \"defaultSecurityRules\": [\r\n      {\r\
        \n        \"name\": \"AllowVnetInBound\",\r\n        \"id\": \"/subscriptions/00000000-0000-0000-0000-000000000000/resourceGroups/cli_test_open_port000001/providers/Microsoft.Network/networkSecurityGroups/newNsg/defaultSecurityRules/AllowVnetInBound\"\
        ,\r\n        \"etag\": \"W/\\\"f03ed18c-cbf8-4350-8d06-70a23d696e17\\\"\"\
        ,\r\n        \"type\": \"Microsoft.Network/networkSecurityGroups/defaultSecurityRules\"\
        ,\r\n        \"properties\": {\r\n          \"provisioningState\": \"Succeeded\"\
        ,\r\n          \"description\": \"Allow inbound traffic from all VMs in VNET\"\
        ,\r\n          \"protocol\": \"*\",\r\n          \"sourcePortRange\": \"*\"\
        ,\r\n          \"destinationPortRange\": \"*\",\r\n          \"sourceAddressPrefix\"\
        : \"VirtualNetwork\",\r\n          \"destinationAddressPrefix\": \"VirtualNetwork\"\
        ,\r\n          \"access\": \"Allow\",\r\n          \"priority\": 65000,\r\n\
        \          \"direction\": \"Inbound\",\r\n          \"sourcePortRanges\":\
        \ [],\r\n          \"destinationPortRanges\": [],\r\n          \"sourceAddressPrefixes\"\
        : [],\r\n          \"destinationAddressPrefixes\": []\r\n        }\r\n   \
        \   },\r\n      {\r\n        \"name\": \"AllowAzureLoadBalancerInBound\",\r\
        \n        \"id\": \"/subscriptions/00000000-0000-0000-0000-000000000000/resourceGroups/cli_test_open_port000001/providers/Microsoft.Network/networkSecurityGroups/newNsg/defaultSecurityRules/AllowAzureLoadBalancerInBound\"\
        ,\r\n        \"etag\": \"W/\\\"f03ed18c-cbf8-4350-8d06-70a23d696e17\\\"\"\
        ,\r\n        \"type\": \"Microsoft.Network/networkSecurityGroups/defaultSecurityRules\"\
        ,\r\n        \"properties\": {\r\n          \"provisioningState\": \"Succeeded\"\
        ,\r\n          \"description\": \"Allow inbound traffic from azure load balancer\"\
        ,\r\n          \"protocol\": \"*\",\r\n          \"sourcePortRange\": \"*\"\
        ,\r\n          \"destinationPortRange\": \"*\",\r\n          \"sourceAddressPrefix\"\
        : \"AzureLoadBalancer\",\r\n          \"destinationAddressPrefix\": \"*\"\
        ,\r\n          \"access\": \"Allow\",\r\n          \"priority\": 65001,\r\n\
        \          \"direction\": \"Inbound\",\r\n          \"sourcePortRanges\":\
        \ [],\r\n          \"destinationPortRanges\": [],\r\n          \"sourceAddressPrefixes\"\
        : [],\r\n          \"destinationAddressPrefixes\": []\r\n        }\r\n   \
        \   },\r\n      {\r\n        \"name\": \"DenyAllInBound\",\r\n        \"id\"\
        : \"/subscriptions/00000000-0000-0000-0000-000000000000/resourceGroups/cli_test_open_port000001/providers/Microsoft.Network/networkSecurityGroups/newNsg/defaultSecurityRules/DenyAllInBound\"\
        ,\r\n        \"etag\": \"W/\\\"f03ed18c-cbf8-4350-8d06-70a23d696e17\\\"\"\
        ,\r\n        \"type\": \"Microsoft.Network/networkSecurityGroups/defaultSecurityRules\"\
        ,\r\n        \"properties\": {\r\n          \"provisioningState\": \"Succeeded\"\
        ,\r\n          \"description\": \"Deny all inbound traffic\",\r\n        \
        \  \"protocol\": \"*\",\r\n          \"sourcePortRange\": \"*\",\r\n     \
        \     \"destinationPortRange\": \"*\",\r\n          \"sourceAddressPrefix\"\
        : \"*\",\r\n          \"destinationAddressPrefix\": \"*\",\r\n          \"\
        access\": \"Deny\",\r\n          \"priority\": 65500,\r\n          \"direction\"\
        : \"Inbound\",\r\n          \"sourcePortRanges\": [],\r\n          \"destinationPortRanges\"\
        : [],\r\n          \"sourceAddressPrefixes\": [],\r\n          \"destinationAddressPrefixes\"\
        : []\r\n        }\r\n      },\r\n      {\r\n        \"name\": \"AllowVnetOutBound\"\
        ,\r\n        \"id\": \"/subscriptions/00000000-0000-0000-0000-000000000000/resourceGroups/cli_test_open_port000001/providers/Microsoft.Network/networkSecurityGroups/newNsg/defaultSecurityRules/AllowVnetOutBound\"\
        ,\r\n        \"etag\": \"W/\\\"f03ed18c-cbf8-4350-8d06-70a23d696e17\\\"\"\
        ,\r\n        \"type\": \"Microsoft.Network/networkSecurityGroups/defaultSecurityRules\"\
        ,\r\n        \"properties\": {\r\n          \"provisioningState\": \"Succeeded\"\
        ,\r\n          \"description\": \"Allow outbound traffic from all VMs to all\
        \ VMs in VNET\",\r\n          \"protocol\": \"*\",\r\n          \"sourcePortRange\"\
        : \"*\",\r\n          \"destinationPortRange\": \"*\",\r\n          \"sourceAddressPrefix\"\
        : \"VirtualNetwork\",\r\n          \"destinationAddressPrefix\": \"VirtualNetwork\"\
        ,\r\n          \"access\": \"Allow\",\r\n          \"priority\": 65000,\r\n\
        \          \"direction\": \"Outbound\",\r\n          \"sourcePortRanges\"\
        : [],\r\n          \"destinationPortRanges\": [],\r\n          \"sourceAddressPrefixes\"\
        : [],\r\n          \"destinationAddressPrefixes\": []\r\n        }\r\n   \
        \   },\r\n      {\r\n        \"name\": \"AllowInternetOutBound\",\r\n    \
        \    \"id\": \"/subscriptions/00000000-0000-0000-0000-000000000000/resourceGroups/cli_test_open_port000001/providers/Microsoft.Network/networkSecurityGroups/newNsg/defaultSecurityRules/AllowInternetOutBound\"\
        ,\r\n        \"etag\": \"W/\\\"f03ed18c-cbf8-4350-8d06-70a23d696e17\\\"\"\
        ,\r\n        \"type\": \"Microsoft.Network/networkSecurityGroups/defaultSecurityRules\"\
        ,\r\n        \"properties\": {\r\n          \"provisioningState\": \"Succeeded\"\
        ,\r\n          \"description\": \"Allow outbound traffic from all VMs to Internet\"\
        ,\r\n          \"protocol\": \"*\",\r\n          \"sourcePortRange\": \"*\"\
        ,\r\n          \"destinationPortRange\": \"*\",\r\n          \"sourceAddressPrefix\"\
        : \"*\",\r\n          \"destinationAddressPrefix\": \"Internet\",\r\n    \
        \      \"access\": \"Allow\",\r\n          \"priority\": 65001,\r\n      \
        \    \"direction\": \"Outbound\",\r\n          \"sourcePortRanges\": [],\r\
        \n          \"destinationPortRanges\": [],\r\n          \"sourceAddressPrefixes\"\
        : [],\r\n          \"destinationAddressPrefixes\": []\r\n        }\r\n   \
        \   },\r\n      {\r\n        \"name\": \"DenyAllOutBound\",\r\n        \"\
        id\": \"/subscriptions/00000000-0000-0000-0000-000000000000/resourceGroups/cli_test_open_port000001/providers/Microsoft.Network/networkSecurityGroups/newNsg/defaultSecurityRules/DenyAllOutBound\"\
        ,\r\n        \"etag\": \"W/\\\"f03ed18c-cbf8-4350-8d06-70a23d696e17\\\"\"\
        ,\r\n        \"type\": \"Microsoft.Network/networkSecurityGroups/defaultSecurityRules\"\
        ,\r\n        \"properties\": {\r\n          \"provisioningState\": \"Succeeded\"\
        ,\r\n          \"description\": \"Deny all outbound traffic\",\r\n       \
        \   \"protocol\": \"*\",\r\n          \"sourcePortRange\": \"*\",\r\n    \
        \      \"destinationPortRange\": \"*\",\r\n          \"sourceAddressPrefix\"\
        : \"*\",\r\n          \"destinationAddressPrefix\": \"*\",\r\n          \"\
        access\": \"Deny\",\r\n          \"priority\": 65500,\r\n          \"direction\"\
        : \"Outbound\",\r\n          \"sourcePortRanges\": [],\r\n          \"destinationPortRanges\"\
        : [],\r\n          \"sourceAddressPrefixes\": [],\r\n          \"destinationAddressPrefixes\"\
        : []\r\n        }\r\n      }\r\n    ]\r\n  }\r\n}"
    headers:
      cache-control:
      - no-cache
      content-length:
      - '6591'
      content-type:
      - application/json; charset=utf-8
      date:
      - Tue, 14 Mar 2023 16:04:28 GMT
      etag:
      - W/"f03ed18c-cbf8-4350-8d06-70a23d696e17"
      expires:
      - '-1'
      pragma:
      - no-cache
      server:
      - Microsoft-HTTPAPI/2.0
      - Microsoft-HTTPAPI/2.0
      strict-transport-security:
      - max-age=31536000; includeSubDomains
      transfer-encoding:
      - chunked
      vary:
      - Accept-Encoding
      x-content-type-options:
      - nosniff
      x-ms-arm-service-request-id:
      - e33051df-c345-4cf3-b82d-6a80fe4cc7f6
    status:
      code: 200
      message: OK
- request:
    body: '{"name": "open-port-all", "properties": {"access": "allow", "destinationAddressPrefix":
      "*", "destinationPortRange": "*", "direction": "inbound", "priority": 900, "protocol":
      "*", "sourceAddressPrefix": "*", "sourcePortRange": "*"}}'
    headers:
      Accept:
      - application/json
      Accept-Encoding:
      - gzip, deflate
      CommandName:
      - vm open-port
      Connection:
      - keep-alive
      Content-Length:
      - '232'
      Content-Type:
      - application/json
      ParameterSetName:
      - -g -n --apply-to-subnet --nsg-name --port --priority
      User-Agent:
      - AZURECLI/2.46.0 (AAZ) azsdk-python-core/1.24.0 Python/3.10.9 (Windows-10-10.0.22624-SP0)
    method: PUT
    uri: https://management.azure.com/subscriptions/00000000-0000-0000-0000-000000000000/resourceGroups/cli_test_open_port000001/providers/Microsoft.Network/networkSecurityGroups/newNsg/securityRules/open-port-all?api-version=2017-10-01
  response:
    body:
      string: "{\r\n  \"name\": \"open-port-all\",\r\n  \"id\": \"/subscriptions/00000000-0000-0000-0000-000000000000/resourceGroups/cli_test_open_port000001/providers/Microsoft.Network/networkSecurityGroups/newNsg/securityRules/open-port-all\"\
        ,\r\n  \"etag\": \"W/\\\"d5aa4583-4c65-4f48-8a35-4d8bef8e021d\\\"\",\r\n \
        \ \"type\": \"Microsoft.Network/networkSecurityGroups/securityRules\",\r\n\
        \  \"properties\": {\r\n    \"provisioningState\": \"Updating\",\r\n    \"\
        protocol\": \"*\",\r\n    \"sourcePortRange\": \"*\",\r\n    \"destinationPortRange\"\
        : \"*\",\r\n    \"sourceAddressPrefix\": \"*\",\r\n    \"destinationAddressPrefix\"\
        : \"*\",\r\n    \"access\": \"Allow\",\r\n    \"priority\": 900,\r\n    \"\
        direction\": \"Inbound\",\r\n    \"sourcePortRanges\": [],\r\n    \"destinationPortRanges\"\
        : [],\r\n    \"sourceAddressPrefixes\": [],\r\n    \"destinationAddressPrefixes\"\
        : []\r\n  }\r\n}"
    headers:
      azure-asyncnotification:
      - Enabled
      azure-asyncoperation:
      - https://management.azure.com/subscriptions/00000000-0000-0000-0000-000000000000/providers/Microsoft.Network/locations/westus/operations/bff74ffe-c02c-4677-940d-1c5c052844f8?api-version=2017-10-01
      cache-control:
      - no-cache
      content-length:
      - '774'
      content-type:
      - application/json; charset=utf-8
      date:
      - Tue, 14 Mar 2023 16:04:30 GMT
      expires:
      - '-1'
      pragma:
      - no-cache
      server:
      - Microsoft-HTTPAPI/2.0
      - Microsoft-HTTPAPI/2.0
      strict-transport-security:
      - max-age=31536000; includeSubDomains
      x-content-type-options:
      - nosniff
      x-ms-arm-service-request-id:
      - 0192624c-335f-402f-9371-3d85258a3abf
      x-ms-ratelimit-remaining-subscription-writes:
      - '1182'
    status:
      code: 201
      message: Created
- request:
    body: null
    headers:
      Accept:
      - '*/*'
      Accept-Encoding:
      - gzip, deflate
      CommandName:
      - vm open-port
      Connection:
      - keep-alive
      ParameterSetName:
      - -g -n --apply-to-subnet --nsg-name --port --priority
      User-Agent:
      - AZURECLI/2.46.0 (AAZ) azsdk-python-core/1.24.0 Python/3.10.9 (Windows-10-10.0.22624-SP0)
    method: GET
    uri: https://management.azure.com/subscriptions/00000000-0000-0000-0000-000000000000/providers/Microsoft.Network/locations/westus/operations/bff74ffe-c02c-4677-940d-1c5c052844f8?api-version=2017-10-01
  response:
    body:
      string: "{\r\n  \"status\": \"Succeeded\"\r\n}"
    headers:
      cache-control:
      - no-cache
      content-length:
      - '29'
      content-type:
      - application/json; charset=utf-8
      date:
      - Tue, 14 Mar 2023 16:04:40 GMT
      expires:
      - '-1'
      pragma:
      - no-cache
      server:
      - Microsoft-HTTPAPI/2.0
      - Microsoft-HTTPAPI/2.0
      strict-transport-security:
      - max-age=31536000; includeSubDomains
      transfer-encoding:
      - chunked
      vary:
      - Accept-Encoding
      x-content-type-options:
      - nosniff
      x-ms-arm-service-request-id:
      - 4de331b3-1281-48ef-9f8d-f7c3abe5dde2
    status:
      code: 200
      message: OK
- request:
    body: null
    headers:
      Accept:
      - '*/*'
      Accept-Encoding:
      - gzip, deflate
      CommandName:
      - vm open-port
      Connection:
      - keep-alive
      ParameterSetName:
      - -g -n --apply-to-subnet --nsg-name --port --priority
      User-Agent:
      - AZURECLI/2.46.0 (AAZ) azsdk-python-core/1.24.0 Python/3.10.9 (Windows-10-10.0.22624-SP0)
    method: GET
    uri: https://management.azure.com/subscriptions/00000000-0000-0000-0000-000000000000/resourceGroups/cli_test_open_port000001/providers/Microsoft.Network/networkSecurityGroups/newNsg/securityRules/open-port-all?api-version=2017-10-01
  response:
    body:
      string: "{\r\n  \"name\": \"open-port-all\",\r\n  \"id\": \"/subscriptions/00000000-0000-0000-0000-000000000000/resourceGroups/cli_test_open_port000001/providers/Microsoft.Network/networkSecurityGroups/newNsg/securityRules/open-port-all\"\
        ,\r\n  \"etag\": \"W/\\\"84a81bda-6f79-46ce-8841-7b102852ff69\\\"\",\r\n \
        \ \"type\": \"Microsoft.Network/networkSecurityGroups/securityRules\",\r\n\
        \  \"properties\": {\r\n    \"provisioningState\": \"Succeeded\",\r\n    \"\
        protocol\": \"*\",\r\n    \"sourcePortRange\": \"*\",\r\n    \"destinationPortRange\"\
        : \"*\",\r\n    \"sourceAddressPrefix\": \"*\",\r\n    \"destinationAddressPrefix\"\
        : \"*\",\r\n    \"access\": \"Allow\",\r\n    \"priority\": 900,\r\n    \"\
        direction\": \"Inbound\",\r\n    \"sourcePortRanges\": [],\r\n    \"destinationPortRanges\"\
        : [],\r\n    \"sourceAddressPrefixes\": [],\r\n    \"destinationAddressPrefixes\"\
        : []\r\n  }\r\n}"
    headers:
      cache-control:
      - no-cache
      content-length:
      - '775'
      content-type:
      - application/json; charset=utf-8
      date:
      - Tue, 14 Mar 2023 16:04:40 GMT
      etag:
      - W/"84a81bda-6f79-46ce-8841-7b102852ff69"
      expires:
      - '-1'
      pragma:
      - no-cache
      server:
      - Microsoft-HTTPAPI/2.0
      - Microsoft-HTTPAPI/2.0
      strict-transport-security:
      - max-age=31536000; includeSubDomains
      transfer-encoding:
      - chunked
      vary:
      - Accept-Encoding
      x-content-type-options:
      - nosniff
      x-ms-arm-service-request-id:
      - 86511b2a-8119-48ae-9d9c-91b619d2ec9f
    status:
      code: 200
      message: OK
- request:
    body: null
    headers:
      Accept:
      - application/json
      Accept-Encoding:
      - gzip, deflate
      CommandName:
      - vm open-port
      Connection:
      - keep-alive
      ParameterSetName:
      - -g -n --apply-to-subnet --nsg-name --port --priority
      User-Agent:
      - AZURECLI/2.46.0 (AAZ) azsdk-python-core/1.24.0 Python/3.10.9 (Windows-10-10.0.22624-SP0)
    method: GET
    uri: https://management.azure.com/subscriptions/00000000-0000-0000-0000-000000000000/resourceGroups/cli_test_open_port000001/providers/Microsoft.Network/virtualNetworks/vm1VNET/subnets/vm1Subnet?api-version=2017-10-01
  response:
    body:
      string: "{\r\n  \"name\": \"vm1Subnet\",\r\n  \"id\": \"/subscriptions/00000000-0000-0000-0000-000000000000/resourceGroups/cli_test_open_port000001/providers/Microsoft.Network/virtualNetworks/vm1VNET/subnets/vm1Subnet\"\
        ,\r\n  \"etag\": \"W/\\\"6d1c1afa-4b8d-480d-8498-909f485577d7\\\"\",\r\n \
        \ \"properties\": {\r\n    \"provisioningState\": \"Succeeded\",\r\n    \"\
        addressPrefix\": \"10.0.0.0/24\",\r\n    \"ipConfigurations\": [\r\n     \
        \ {\r\n        \"id\": \"/subscriptions/00000000-0000-0000-0000-000000000000/resourceGroups/cli_test_open_port000001/providers/Microsoft.Network/networkInterfaces/vm1VMNic/ipConfigurations/ipconfigvm1\"\
        \r\n      }\r\n    ]\r\n  },\r\n  \"type\": \"Microsoft.Network/virtualNetworks/subnets\"\
        \r\n}"
    headers:
      cache-control:
      - no-cache
      content-length:
      - '660'
      content-type:
      - application/json; charset=utf-8
      date:
      - Tue, 14 Mar 2023 16:04:41 GMT
      etag:
      - W/"6d1c1afa-4b8d-480d-8498-909f485577d7"
      expires:
      - '-1'
      pragma:
      - no-cache
      server:
      - Microsoft-HTTPAPI/2.0
      - Microsoft-HTTPAPI/2.0
      strict-transport-security:
      - max-age=31536000; includeSubDomains
      transfer-encoding:
      - chunked
      vary:
      - Accept-Encoding
      x-content-type-options:
      - nosniff
      x-ms-arm-service-request-id:
      - 3b35e4cf-5c62-4de2-ae4a-6d8bab7bdab8
    status:
      code: 200
      message: OK
- request:
    body: '{"etag": "W/\"6d1c1afa-4b8d-480d-8498-909f485577d7\"", "id": "/subscriptions/00000000-0000-0000-0000-000000000000/resourceGroups/cli_test_open_port000001/providers/Microsoft.Network/virtualNetworks/vm1VNET/subnets/vm1Subnet",
      "name": "vm1Subnet", "properties": {"addressPrefix": "10.0.0.0/24", "provisioningState":
      "Succeeded"}}'
    headers:
      Accept:
      - application/json
      Accept-Encoding:
      - gzip, deflate
      CommandName:
      - vm open-port
      Connection:
      - keep-alive
      Content-Length:
      - '328'
      Content-Type:
      - application/json
      ParameterSetName:
      - -g -n --apply-to-subnet --nsg-name --port --priority
      User-Agent:
      - AZURECLI/2.46.0 (AAZ) azsdk-python-core/1.24.0 Python/3.10.9 (Windows-10-10.0.22624-SP0)
    method: PUT
    uri: https://management.azure.com/subscriptions/00000000-0000-0000-0000-000000000000/resourceGroups/cli_test_open_port000001/providers/Microsoft.Network/virtualNetworks/vm1VNET/subnets/vm1Subnet?api-version=2017-10-01
  response:
    body:
      string: "{\r\n  \"name\": \"vm1Subnet\",\r\n  \"id\": \"/subscriptions/00000000-0000-0000-0000-000000000000/resourceGroups/cli_test_open_port000001/providers/Microsoft.Network/virtualNetworks/vm1VNET/subnets/vm1Subnet\"\
        ,\r\n  \"etag\": \"W/\\\"f0c97989-88f8-4fba-9df7-3fdff0413037\\\"\",\r\n \
        \ \"properties\": {\r\n    \"provisioningState\": \"Succeeded\",\r\n    \"\
        addressPrefix\": \"10.0.0.0/24\",\r\n    \"ipConfigurations\": [\r\n     \
        \ {\r\n        \"id\": \"/subscriptions/00000000-0000-0000-0000-000000000000/resourceGroups/cli_test_open_port000001/providers/Microsoft.Network/networkInterfaces/vm1VMNic/ipConfigurations/ipconfigvm1\"\
        \r\n      }\r\n    ]\r\n  },\r\n  \"type\": \"Microsoft.Network/virtualNetworks/subnets\"\
        \r\n}"
    headers:
      azure-asyncnotification:
      - Enabled
      azure-asyncoperation:
      - https://management.azure.com/subscriptions/00000000-0000-0000-0000-000000000000/providers/Microsoft.Network/locations/westus/operations/7e654fd3-0f6e-4f54-a6e6-88c52cf9cf92?api-version=2017-10-01
      cache-control:
      - no-cache
      content-length:
      - '660'
      content-type:
      - application/json; charset=utf-8
      date:
      - Tue, 14 Mar 2023 16:04:41 GMT
      expires:
      - '-1'
      pragma:
      - no-cache
      server:
      - Microsoft-HTTPAPI/2.0
      - Microsoft-HTTPAPI/2.0
      strict-transport-security:
      - max-age=31536000; includeSubDomains
      transfer-encoding:
      - chunked
      vary:
      - Accept-Encoding
      x-content-type-options:
      - nosniff
      x-ms-arm-service-request-id:
      - 568b2e15-5061-40ad-97da-7624e539b63f
      x-ms-ratelimit-remaining-subscription-writes:
      - '1181'
    status:
      code: 200
      message: OK
- request:
    body: null
    headers:
      Accept:
      - '*/*'
      Accept-Encoding:
      - gzip, deflate
      CommandName:
      - vm open-port
      Connection:
      - keep-alive
      ParameterSetName:
      - -g -n --apply-to-subnet --nsg-name --port --priority
      User-Agent:
      - AZURECLI/2.46.0 (AAZ) azsdk-python-core/1.24.0 Python/3.10.9 (Windows-10-10.0.22624-SP0)
    method: GET
    uri: https://management.azure.com/subscriptions/00000000-0000-0000-0000-000000000000/providers/Microsoft.Network/locations/westus/operations/7e654fd3-0f6e-4f54-a6e6-88c52cf9cf92?api-version=2017-10-01
  response:
    body:
      string: "{\r\n  \"status\": \"Succeeded\"\r\n}"
    headers:
      cache-control:
      - no-cache
      content-length:
      - '29'
      content-type:
      - application/json; charset=utf-8
      date:
      - Tue, 14 Mar 2023 16:05:12 GMT
      expires:
      - '-1'
      pragma:
      - no-cache
      server:
      - Microsoft-HTTPAPI/2.0
      - Microsoft-HTTPAPI/2.0
      strict-transport-security:
      - max-age=31536000; includeSubDomains
      transfer-encoding:
      - chunked
      vary:
      - Accept-Encoding
      x-content-type-options:
      - nosniff
      x-ms-arm-service-request-id:
      - 85a4eb8a-168d-490f-a841-cce98839b266
    status:
      code: 200
      message: OK
- request:
    body: null
    headers:
      Accept:
      - '*/*'
      Accept-Encoding:
      - gzip, deflate
      CommandName:
      - vm open-port
      Connection:
      - keep-alive
      ParameterSetName:
      - -g -n --apply-to-subnet --nsg-name --port --priority
      User-Agent:
      - AZURECLI/2.46.0 (AAZ) azsdk-python-core/1.24.0 Python/3.10.9 (Windows-10-10.0.22624-SP0)
    method: GET
    uri: https://management.azure.com/subscriptions/00000000-0000-0000-0000-000000000000/resourceGroups/cli_test_open_port000001/providers/Microsoft.Network/virtualNetworks/vm1VNET/subnets/vm1Subnet?api-version=2017-10-01
  response:
    body:
      string: "{\r\n  \"name\": \"vm1Subnet\",\r\n  \"id\": \"/subscriptions/00000000-0000-0000-0000-000000000000/resourceGroups/cli_test_open_port000001/providers/Microsoft.Network/virtualNetworks/vm1VNET/subnets/vm1Subnet\"\
        ,\r\n  \"etag\": \"W/\\\"f0c97989-88f8-4fba-9df7-3fdff0413037\\\"\",\r\n \
        \ \"properties\": {\r\n    \"provisioningState\": \"Succeeded\",\r\n    \"\
        addressPrefix\": \"10.0.0.0/24\",\r\n    \"ipConfigurations\": [\r\n     \
        \ {\r\n        \"id\": \"/subscriptions/00000000-0000-0000-0000-000000000000/resourceGroups/cli_test_open_port000001/providers/Microsoft.Network/networkInterfaces/vm1VMNic/ipConfigurations/ipconfigvm1\"\
        \r\n      }\r\n    ]\r\n  },\r\n  \"type\": \"Microsoft.Network/virtualNetworks/subnets\"\
        \r\n}"
    headers:
      cache-control:
      - no-cache
      content-length:
      - '660'
      content-type:
      - application/json; charset=utf-8
      date:
      - Tue, 14 Mar 2023 16:05:12 GMT
      etag:
      - W/"f0c97989-88f8-4fba-9df7-3fdff0413037"
      expires:
      - '-1'
      pragma:
      - no-cache
      server:
      - Microsoft-HTTPAPI/2.0
      - Microsoft-HTTPAPI/2.0
      strict-transport-security:
      - max-age=31536000; includeSubDomains
      transfer-encoding:
      - chunked
      vary:
      - Accept-Encoding
      x-content-type-options:
      - nosniff
      x-ms-arm-service-request-id:
      - 36bd7766-7808-4259-9fb9-88642fe10c54
    status:
      code: 200
      message: OK
- request:
    body: null
    headers:
      Accept:
      - application/json
      Accept-Encoding:
      - gzip, deflate
      CommandName:
      - vm open-port
      Connection:
      - keep-alive
      ParameterSetName:
      - -g -n --apply-to-subnet --nsg-name --port --priority
      User-Agent:
      - AZURECLI/2.46.0 (AAZ) azsdk-python-core/1.24.0 Python/3.10.9 (Windows-10-10.0.22624-SP0)
    method: GET
    uri: https://management.azure.com/subscriptions/00000000-0000-0000-0000-000000000000/resourceGroups/cli_test_open_port000001/providers/Microsoft.Network/networkSecurityGroups/newNsg?api-version=2017-10-01
  response:
    body:
      string: "{\r\n  \"name\": \"newNsg\",\r\n  \"id\": \"/subscriptions/00000000-0000-0000-0000-000000000000/resourceGroups/cli_test_open_port000001/providers/Microsoft.Network/networkSecurityGroups/newNsg\"\
        ,\r\n  \"etag\": \"W/\\\"84a81bda-6f79-46ce-8841-7b102852ff69\\\"\",\r\n \
        \ \"type\": \"Microsoft.Network/networkSecurityGroups\",\r\n  \"location\"\
        : \"westus\",\r\n  \"properties\": {\r\n    \"provisioningState\": \"Succeeded\"\
        ,\r\n    \"resourceGuid\": \"4f6166db-62fd-46a6-be13-f21893bce923\",\r\n \
        \   \"securityRules\": [\r\n      {\r\n        \"name\": \"open-port-all\"\
        ,\r\n        \"id\": \"/subscriptions/00000000-0000-0000-0000-000000000000/resourceGroups/cli_test_open_port000001/providers/Microsoft.Network/networkSecurityGroups/newNsg/securityRules/open-port-all\"\
        ,\r\n        \"etag\": \"W/\\\"84a81bda-6f79-46ce-8841-7b102852ff69\\\"\"\
        ,\r\n        \"type\": \"Microsoft.Network/networkSecurityGroups/securityRules\"\
        ,\r\n        \"properties\": {\r\n          \"provisioningState\": \"Succeeded\"\
        ,\r\n          \"protocol\": \"*\",\r\n          \"sourcePortRange\": \"*\"\
        ,\r\n          \"destinationPortRange\": \"*\",\r\n          \"sourceAddressPrefix\"\
        : \"*\",\r\n          \"destinationAddressPrefix\": \"*\",\r\n          \"\
        access\": \"Allow\",\r\n          \"priority\": 900,\r\n          \"direction\"\
        : \"Inbound\",\r\n          \"sourcePortRanges\": [],\r\n          \"destinationPortRanges\"\
        : [],\r\n          \"sourceAddressPrefixes\": [],\r\n          \"destinationAddressPrefixes\"\
        : []\r\n        }\r\n      }\r\n    ],\r\n    \"defaultSecurityRules\": [\r\
        \n      {\r\n        \"name\": \"AllowVnetInBound\",\r\n        \"id\": \"\
        /subscriptions/00000000-0000-0000-0000-000000000000/resourceGroups/cli_test_open_port000001/providers/Microsoft.Network/networkSecurityGroups/newNsg/defaultSecurityRules/AllowVnetInBound\"\
        ,\r\n        \"etag\": \"W/\\\"84a81bda-6f79-46ce-8841-7b102852ff69\\\"\"\
        ,\r\n        \"type\": \"Microsoft.Network/networkSecurityGroups/defaultSecurityRules\"\
        ,\r\n        \"properties\": {\r\n          \"provisioningState\": \"Succeeded\"\
        ,\r\n          \"description\": \"Allow inbound traffic from all VMs in VNET\"\
        ,\r\n          \"protocol\": \"*\",\r\n          \"sourcePortRange\": \"*\"\
        ,\r\n          \"destinationPortRange\": \"*\",\r\n          \"sourceAddressPrefix\"\
        : \"VirtualNetwork\",\r\n          \"destinationAddressPrefix\": \"VirtualNetwork\"\
        ,\r\n          \"access\": \"Allow\",\r\n          \"priority\": 65000,\r\n\
        \          \"direction\": \"Inbound\",\r\n          \"sourcePortRanges\":\
        \ [],\r\n          \"destinationPortRanges\": [],\r\n          \"sourceAddressPrefixes\"\
        : [],\r\n          \"destinationAddressPrefixes\": []\r\n        }\r\n   \
        \   },\r\n      {\r\n        \"name\": \"AllowAzureLoadBalancerInBound\",\r\
        \n        \"id\": \"/subscriptions/00000000-0000-0000-0000-000000000000/resourceGroups/cli_test_open_port000001/providers/Microsoft.Network/networkSecurityGroups/newNsg/defaultSecurityRules/AllowAzureLoadBalancerInBound\"\
        ,\r\n        \"etag\": \"W/\\\"84a81bda-6f79-46ce-8841-7b102852ff69\\\"\"\
        ,\r\n        \"type\": \"Microsoft.Network/networkSecurityGroups/defaultSecurityRules\"\
        ,\r\n        \"properties\": {\r\n          \"provisioningState\": \"Succeeded\"\
        ,\r\n          \"description\": \"Allow inbound traffic from azure load balancer\"\
        ,\r\n          \"protocol\": \"*\",\r\n          \"sourcePortRange\": \"*\"\
        ,\r\n          \"destinationPortRange\": \"*\",\r\n          \"sourceAddressPrefix\"\
        : \"AzureLoadBalancer\",\r\n          \"destinationAddressPrefix\": \"*\"\
        ,\r\n          \"access\": \"Allow\",\r\n          \"priority\": 65001,\r\n\
        \          \"direction\": \"Inbound\",\r\n          \"sourcePortRanges\":\
        \ [],\r\n          \"destinationPortRanges\": [],\r\n          \"sourceAddressPrefixes\"\
        : [],\r\n          \"destinationAddressPrefixes\": []\r\n        }\r\n   \
        \   },\r\n      {\r\n        \"name\": \"DenyAllInBound\",\r\n        \"id\"\
        : \"/subscriptions/00000000-0000-0000-0000-000000000000/resourceGroups/cli_test_open_port000001/providers/Microsoft.Network/networkSecurityGroups/newNsg/defaultSecurityRules/DenyAllInBound\"\
        ,\r\n        \"etag\": \"W/\\\"84a81bda-6f79-46ce-8841-7b102852ff69\\\"\"\
        ,\r\n        \"type\": \"Microsoft.Network/networkSecurityGroups/defaultSecurityRules\"\
        ,\r\n        \"properties\": {\r\n          \"provisioningState\": \"Succeeded\"\
        ,\r\n          \"description\": \"Deny all inbound traffic\",\r\n        \
        \  \"protocol\": \"*\",\r\n          \"sourcePortRange\": \"*\",\r\n     \
        \     \"destinationPortRange\": \"*\",\r\n          \"sourceAddressPrefix\"\
        : \"*\",\r\n          \"destinationAddressPrefix\": \"*\",\r\n          \"\
        access\": \"Deny\",\r\n          \"priority\": 65500,\r\n          \"direction\"\
        : \"Inbound\",\r\n          \"sourcePortRanges\": [],\r\n          \"destinationPortRanges\"\
        : [],\r\n          \"sourceAddressPrefixes\": [],\r\n          \"destinationAddressPrefixes\"\
        : []\r\n        }\r\n      },\r\n      {\r\n        \"name\": \"AllowVnetOutBound\"\
        ,\r\n        \"id\": \"/subscriptions/00000000-0000-0000-0000-000000000000/resourceGroups/cli_test_open_port000001/providers/Microsoft.Network/networkSecurityGroups/newNsg/defaultSecurityRules/AllowVnetOutBound\"\
        ,\r\n        \"etag\": \"W/\\\"84a81bda-6f79-46ce-8841-7b102852ff69\\\"\"\
        ,\r\n        \"type\": \"Microsoft.Network/networkSecurityGroups/defaultSecurityRules\"\
        ,\r\n        \"properties\": {\r\n          \"provisioningState\": \"Succeeded\"\
        ,\r\n          \"description\": \"Allow outbound traffic from all VMs to all\
        \ VMs in VNET\",\r\n          \"protocol\": \"*\",\r\n          \"sourcePortRange\"\
        : \"*\",\r\n          \"destinationPortRange\": \"*\",\r\n          \"sourceAddressPrefix\"\
        : \"VirtualNetwork\",\r\n          \"destinationAddressPrefix\": \"VirtualNetwork\"\
        ,\r\n          \"access\": \"Allow\",\r\n          \"priority\": 65000,\r\n\
        \          \"direction\": \"Outbound\",\r\n          \"sourcePortRanges\"\
        : [],\r\n          \"destinationPortRanges\": [],\r\n          \"sourceAddressPrefixes\"\
        : [],\r\n          \"destinationAddressPrefixes\": []\r\n        }\r\n   \
        \   },\r\n      {\r\n        \"name\": \"AllowInternetOutBound\",\r\n    \
        \    \"id\": \"/subscriptions/00000000-0000-0000-0000-000000000000/resourceGroups/cli_test_open_port000001/providers/Microsoft.Network/networkSecurityGroups/newNsg/defaultSecurityRules/AllowInternetOutBound\"\
        ,\r\n        \"etag\": \"W/\\\"84a81bda-6f79-46ce-8841-7b102852ff69\\\"\"\
        ,\r\n        \"type\": \"Microsoft.Network/networkSecurityGroups/defaultSecurityRules\"\
        ,\r\n        \"properties\": {\r\n          \"provisioningState\": \"Succeeded\"\
        ,\r\n          \"description\": \"Allow outbound traffic from all VMs to Internet\"\
        ,\r\n          \"protocol\": \"*\",\r\n          \"sourcePortRange\": \"*\"\
        ,\r\n          \"destinationPortRange\": \"*\",\r\n          \"sourceAddressPrefix\"\
        : \"*\",\r\n          \"destinationAddressPrefix\": \"Internet\",\r\n    \
        \      \"access\": \"Allow\",\r\n          \"priority\": 65001,\r\n      \
        \    \"direction\": \"Outbound\",\r\n          \"sourcePortRanges\": [],\r\
        \n          \"destinationPortRanges\": [],\r\n          \"sourceAddressPrefixes\"\
        : [],\r\n          \"destinationAddressPrefixes\": []\r\n        }\r\n   \
        \   },\r\n      {\r\n        \"name\": \"DenyAllOutBound\",\r\n        \"\
        id\": \"/subscriptions/00000000-0000-0000-0000-000000000000/resourceGroups/cli_test_open_port000001/providers/Microsoft.Network/networkSecurityGroups/newNsg/defaultSecurityRules/DenyAllOutBound\"\
        ,\r\n        \"etag\": \"W/\\\"84a81bda-6f79-46ce-8841-7b102852ff69\\\"\"\
        ,\r\n        \"type\": \"Microsoft.Network/networkSecurityGroups/defaultSecurityRules\"\
        ,\r\n        \"properties\": {\r\n          \"provisioningState\": \"Succeeded\"\
        ,\r\n          \"description\": \"Deny all outbound traffic\",\r\n       \
        \   \"protocol\": \"*\",\r\n          \"sourcePortRange\": \"*\",\r\n    \
        \      \"destinationPortRange\": \"*\",\r\n          \"sourceAddressPrefix\"\
        : \"*\",\r\n          \"destinationAddressPrefix\": \"*\",\r\n          \"\
        access\": \"Deny\",\r\n          \"priority\": 65500,\r\n          \"direction\"\
        : \"Outbound\",\r\n          \"sourcePortRanges\": [],\r\n          \"destinationPortRanges\"\
        : [],\r\n          \"sourceAddressPrefixes\": [],\r\n          \"destinationAddressPrefixes\"\
        : []\r\n        }\r\n      }\r\n    ]\r\n  }\r\n}"
    headers:
      cache-control:
      - no-cache
      content-length:
      - '7500'
      content-type:
      - application/json; charset=utf-8
      date:
      - Tue, 14 Mar 2023 16:05:15 GMT
      etag:
      - W/"84a81bda-6f79-46ce-8841-7b102852ff69"
      expires:
      - '-1'
      pragma:
      - no-cache
      server:
      - Microsoft-HTTPAPI/2.0
      - Microsoft-HTTPAPI/2.0
      strict-transport-security:
      - max-age=31536000; includeSubDomains
      transfer-encoding:
      - chunked
      vary:
      - Accept-Encoding
      x-content-type-options:
      - nosniff
      x-ms-arm-service-request-id:
      - cbbbdbce-e22d-4a1b-8928-8f9b73d99624
    status:
      code: 200
      message: OK
- request:
    body: null
    headers:
      Accept:
      - application/json
      Accept-Encoding:
      - gzip, deflate
      CommandName:
      - network nsg show
      Connection:
      - keep-alive
      ParameterSetName:
      - -g -n
      User-Agent:
      - AZURECLI/2.46.0 (AAZ) azsdk-python-core/1.24.0 Python/3.10.9 (Windows-10-10.0.22624-SP0)
    method: GET
    uri: https://management.azure.com/subscriptions/00000000-0000-0000-0000-000000000000/resourceGroups/cli_test_open_port000001/providers/Microsoft.Network/networkSecurityGroups/newNsg?api-version=2017-10-01
  response:
    body:
      string: "{\r\n  \"name\": \"newNsg\",\r\n  \"id\": \"/subscriptions/00000000-0000-0000-0000-000000000000/resourceGroups/cli_test_open_port000001/providers/Microsoft.Network/networkSecurityGroups/newNsg\"\
        ,\r\n  \"etag\": \"W/\\\"84a81bda-6f79-46ce-8841-7b102852ff69\\\"\",\r\n \
        \ \"type\": \"Microsoft.Network/networkSecurityGroups\",\r\n  \"location\"\
        : \"westus\",\r\n  \"properties\": {\r\n    \"provisioningState\": \"Succeeded\"\
        ,\r\n    \"resourceGuid\": \"4f6166db-62fd-46a6-be13-f21893bce923\",\r\n \
        \   \"securityRules\": [\r\n      {\r\n        \"name\": \"open-port-all\"\
        ,\r\n        \"id\": \"/subscriptions/00000000-0000-0000-0000-000000000000/resourceGroups/cli_test_open_port000001/providers/Microsoft.Network/networkSecurityGroups/newNsg/securityRules/open-port-all\"\
        ,\r\n        \"etag\": \"W/\\\"84a81bda-6f79-46ce-8841-7b102852ff69\\\"\"\
        ,\r\n        \"type\": \"Microsoft.Network/networkSecurityGroups/securityRules\"\
        ,\r\n        \"properties\": {\r\n          \"provisioningState\": \"Succeeded\"\
        ,\r\n          \"protocol\": \"*\",\r\n          \"sourcePortRange\": \"*\"\
        ,\r\n          \"destinationPortRange\": \"*\",\r\n          \"sourceAddressPrefix\"\
        : \"*\",\r\n          \"destinationAddressPrefix\": \"*\",\r\n          \"\
        access\": \"Allow\",\r\n          \"priority\": 900,\r\n          \"direction\"\
        : \"Inbound\",\r\n          \"sourcePortRanges\": [],\r\n          \"destinationPortRanges\"\
        : [],\r\n          \"sourceAddressPrefixes\": [],\r\n          \"destinationAddressPrefixes\"\
        : []\r\n        }\r\n      }\r\n    ],\r\n    \"defaultSecurityRules\": [\r\
        \n      {\r\n        \"name\": \"AllowVnetInBound\",\r\n        \"id\": \"\
        /subscriptions/00000000-0000-0000-0000-000000000000/resourceGroups/cli_test_open_port000001/providers/Microsoft.Network/networkSecurityGroups/newNsg/defaultSecurityRules/AllowVnetInBound\"\
        ,\r\n        \"etag\": \"W/\\\"84a81bda-6f79-46ce-8841-7b102852ff69\\\"\"\
        ,\r\n        \"type\": \"Microsoft.Network/networkSecurityGroups/defaultSecurityRules\"\
        ,\r\n        \"properties\": {\r\n          \"provisioningState\": \"Succeeded\"\
        ,\r\n          \"description\": \"Allow inbound traffic from all VMs in VNET\"\
        ,\r\n          \"protocol\": \"*\",\r\n          \"sourcePortRange\": \"*\"\
        ,\r\n          \"destinationPortRange\": \"*\",\r\n          \"sourceAddressPrefix\"\
        : \"VirtualNetwork\",\r\n          \"destinationAddressPrefix\": \"VirtualNetwork\"\
        ,\r\n          \"access\": \"Allow\",\r\n          \"priority\": 65000,\r\n\
        \          \"direction\": \"Inbound\",\r\n          \"sourcePortRanges\":\
        \ [],\r\n          \"destinationPortRanges\": [],\r\n          \"sourceAddressPrefixes\"\
        : [],\r\n          \"destinationAddressPrefixes\": []\r\n        }\r\n   \
        \   },\r\n      {\r\n        \"name\": \"AllowAzureLoadBalancerInBound\",\r\
        \n        \"id\": \"/subscriptions/00000000-0000-0000-0000-000000000000/resourceGroups/cli_test_open_port000001/providers/Microsoft.Network/networkSecurityGroups/newNsg/defaultSecurityRules/AllowAzureLoadBalancerInBound\"\
        ,\r\n        \"etag\": \"W/\\\"84a81bda-6f79-46ce-8841-7b102852ff69\\\"\"\
        ,\r\n        \"type\": \"Microsoft.Network/networkSecurityGroups/defaultSecurityRules\"\
        ,\r\n        \"properties\": {\r\n          \"provisioningState\": \"Succeeded\"\
        ,\r\n          \"description\": \"Allow inbound traffic from azure load balancer\"\
        ,\r\n          \"protocol\": \"*\",\r\n          \"sourcePortRange\": \"*\"\
        ,\r\n          \"destinationPortRange\": \"*\",\r\n          \"sourceAddressPrefix\"\
        : \"AzureLoadBalancer\",\r\n          \"destinationAddressPrefix\": \"*\"\
        ,\r\n          \"access\": \"Allow\",\r\n          \"priority\": 65001,\r\n\
        \          \"direction\": \"Inbound\",\r\n          \"sourcePortRanges\":\
        \ [],\r\n          \"destinationPortRanges\": [],\r\n          \"sourceAddressPrefixes\"\
        : [],\r\n          \"destinationAddressPrefixes\": []\r\n        }\r\n   \
        \   },\r\n      {\r\n        \"name\": \"DenyAllInBound\",\r\n        \"id\"\
        : \"/subscriptions/00000000-0000-0000-0000-000000000000/resourceGroups/cli_test_open_port000001/providers/Microsoft.Network/networkSecurityGroups/newNsg/defaultSecurityRules/DenyAllInBound\"\
        ,\r\n        \"etag\": \"W/\\\"84a81bda-6f79-46ce-8841-7b102852ff69\\\"\"\
        ,\r\n        \"type\": \"Microsoft.Network/networkSecurityGroups/defaultSecurityRules\"\
        ,\r\n        \"properties\": {\r\n          \"provisioningState\": \"Succeeded\"\
        ,\r\n          \"description\": \"Deny all inbound traffic\",\r\n        \
        \  \"protocol\": \"*\",\r\n          \"sourcePortRange\": \"*\",\r\n     \
        \     \"destinationPortRange\": \"*\",\r\n          \"sourceAddressPrefix\"\
        : \"*\",\r\n          \"destinationAddressPrefix\": \"*\",\r\n          \"\
        access\": \"Deny\",\r\n          \"priority\": 65500,\r\n          \"direction\"\
        : \"Inbound\",\r\n          \"sourcePortRanges\": [],\r\n          \"destinationPortRanges\"\
        : [],\r\n          \"sourceAddressPrefixes\": [],\r\n          \"destinationAddressPrefixes\"\
        : []\r\n        }\r\n      },\r\n      {\r\n        \"name\": \"AllowVnetOutBound\"\
        ,\r\n        \"id\": \"/subscriptions/00000000-0000-0000-0000-000000000000/resourceGroups/cli_test_open_port000001/providers/Microsoft.Network/networkSecurityGroups/newNsg/defaultSecurityRules/AllowVnetOutBound\"\
        ,\r\n        \"etag\": \"W/\\\"84a81bda-6f79-46ce-8841-7b102852ff69\\\"\"\
        ,\r\n        \"type\": \"Microsoft.Network/networkSecurityGroups/defaultSecurityRules\"\
        ,\r\n        \"properties\": {\r\n          \"provisioningState\": \"Succeeded\"\
        ,\r\n          \"description\": \"Allow outbound traffic from all VMs to all\
        \ VMs in VNET\",\r\n          \"protocol\": \"*\",\r\n          \"sourcePortRange\"\
        : \"*\",\r\n          \"destinationPortRange\": \"*\",\r\n          \"sourceAddressPrefix\"\
        : \"VirtualNetwork\",\r\n          \"destinationAddressPrefix\": \"VirtualNetwork\"\
        ,\r\n          \"access\": \"Allow\",\r\n          \"priority\": 65000,\r\n\
        \          \"direction\": \"Outbound\",\r\n          \"sourcePortRanges\"\
        : [],\r\n          \"destinationPortRanges\": [],\r\n          \"sourceAddressPrefixes\"\
        : [],\r\n          \"destinationAddressPrefixes\": []\r\n        }\r\n   \
        \   },\r\n      {\r\n        \"name\": \"AllowInternetOutBound\",\r\n    \
        \    \"id\": \"/subscriptions/00000000-0000-0000-0000-000000000000/resourceGroups/cli_test_open_port000001/providers/Microsoft.Network/networkSecurityGroups/newNsg/defaultSecurityRules/AllowInternetOutBound\"\
        ,\r\n        \"etag\": \"W/\\\"84a81bda-6f79-46ce-8841-7b102852ff69\\\"\"\
        ,\r\n        \"type\": \"Microsoft.Network/networkSecurityGroups/defaultSecurityRules\"\
        ,\r\n        \"properties\": {\r\n          \"provisioningState\": \"Succeeded\"\
        ,\r\n          \"description\": \"Allow outbound traffic from all VMs to Internet\"\
        ,\r\n          \"protocol\": \"*\",\r\n          \"sourcePortRange\": \"*\"\
        ,\r\n          \"destinationPortRange\": \"*\",\r\n          \"sourceAddressPrefix\"\
        : \"*\",\r\n          \"destinationAddressPrefix\": \"Internet\",\r\n    \
        \      \"access\": \"Allow\",\r\n          \"priority\": 65001,\r\n      \
        \    \"direction\": \"Outbound\",\r\n          \"sourcePortRanges\": [],\r\
        \n          \"destinationPortRanges\": [],\r\n          \"sourceAddressPrefixes\"\
        : [],\r\n          \"destinationAddressPrefixes\": []\r\n        }\r\n   \
        \   },\r\n      {\r\n        \"name\": \"DenyAllOutBound\",\r\n        \"\
        id\": \"/subscriptions/00000000-0000-0000-0000-000000000000/resourceGroups/cli_test_open_port000001/providers/Microsoft.Network/networkSecurityGroups/newNsg/defaultSecurityRules/DenyAllOutBound\"\
        ,\r\n        \"etag\": \"W/\\\"84a81bda-6f79-46ce-8841-7b102852ff69\\\"\"\
        ,\r\n        \"type\": \"Microsoft.Network/networkSecurityGroups/defaultSecurityRules\"\
        ,\r\n        \"properties\": {\r\n          \"provisioningState\": \"Succeeded\"\
        ,\r\n          \"description\": \"Deny all outbound traffic\",\r\n       \
        \   \"protocol\": \"*\",\r\n          \"sourcePortRange\": \"*\",\r\n    \
        \      \"destinationPortRange\": \"*\",\r\n          \"sourceAddressPrefix\"\
        : \"*\",\r\n          \"destinationAddressPrefix\": \"*\",\r\n          \"\
        access\": \"Deny\",\r\n          \"priority\": 65500,\r\n          \"direction\"\
        : \"Outbound\",\r\n          \"sourcePortRanges\": [],\r\n          \"destinationPortRanges\"\
        : [],\r\n          \"sourceAddressPrefixes\": [],\r\n          \"destinationAddressPrefixes\"\
        : []\r\n        }\r\n      }\r\n    ]\r\n  }\r\n}"
    headers:
      cache-control:
      - no-cache
      content-length:
      - '7500'
      content-type:
      - application/json; charset=utf-8
      date:
      - Tue, 14 Mar 2023 16:05:16 GMT
      etag:
      - W/"84a81bda-6f79-46ce-8841-7b102852ff69"
      expires:
      - '-1'
      pragma:
      - no-cache
      server:
      - Microsoft-HTTPAPI/2.0
      - Microsoft-HTTPAPI/2.0
      strict-transport-security:
      - max-age=31536000; includeSubDomains
      transfer-encoding:
      - chunked
      vary:
      - Accept-Encoding
      x-content-type-options:
      - nosniff
      x-ms-arm-service-request-id:
      - 05960575-a5e3-4ca4-ace1-d2d9fb2e8777
    status:
      code: 200
      message: OK
version: 1
