interactions:
- request:
    body: '{"location": "westus", "tags": {"use": "az-test"}}'
    headers:
      Accept: [application/json]
      Accept-Encoding: ['gzip, deflate']
      CommandName: [group create]
      Connection: [keep-alive]
      Content-Length: ['50']
      Content-Type: [application/json; charset=utf-8]
      User-Agent: [python/3.5.1 (Windows-10-10.0.15063-SP0) requests/2.9.1 msrest/0.4.7
          msrest_azure/0.4.7 resourcemanagementclient/1.1.0rc1 Azure-SDK-For-Python
          AZURECLI/2.0.6+dev]
      accept-language: [en-US]
    method: PUT
    uri: https://management.azure.com/subscriptions/00000000-0000-0000-0000-000000000000/resourcegroups/clitest.rg000001?api-version=2017-05-10
  response:
    body: {string: '{"id":"/subscriptions/00000000-0000-0000-0000-000000000000/resourceGroups/clitest.rg000001","name":"clitest.rg000001","location":"westus","tags":{"use":"az-test"},"properties":{"provisioningState":"Succeeded"}}'}
    headers:
      cache-control: [no-cache]
      content-length: ['328']
      content-type: [application/json; charset=utf-8]
      date: ['Tue, 16 May 2017 19:26:48 GMT']
      expires: ['-1']
      pragma: [no-cache]
      strict-transport-security: [max-age=31536000; includeSubDomains]
      x-ms-ratelimit-remaining-subscription-writes: ['1198']
    status: {code: 201, message: Created}
- request:
    body: '{"location": "canadaeast"}'
    headers:
      Accept: [application/json]
      Accept-Encoding: ['gzip, deflate']
      CommandName: [batch account create]
      Connection: [keep-alive]
      Content-Length: ['26']
      Content-Type: [application/json; charset=utf-8]
      User-Agent: [python/3.5.1 (Windows-10-10.0.15063-SP0) requests/2.9.1 msrest/0.4.7
          msrest_azure/0.4.7 batchmanagementclient/4.0.0 Azure-SDK-For-Python AZURECLI/2.0.6+dev]
      accept-language: [en-US]
    method: PUT
    uri: https://management.azure.com/subscriptions/00000000-0000-0000-0000-000000000000/resourceGroups/clitest.rg000001/providers/Microsoft.Batch/batchAccounts/clibatch000002?api-version=2017-05-01
  response:
    body: {string: ''}
    headers:
      cache-control: [no-cache]
      content-length: ['0']
      date: ['Tue, 16 May 2017 19:26:50 GMT']
      expires: ['-1']
      location: ['https://management.azure.com/subscriptions/00000000-0000-0000-0000-000000000000/resourceGroups/clitest.rg000001/providers/Microsoft.Batch/batchAccounts/clibatch000002/operationResults/fc46e62d-b9d4-406c-a2fb-f288dda0fc04?api-version=2017-05-01']
      pragma: [no-cache]
      request-id: [fc46e62d-b9d4-406c-a2fb-f288dda0fc04]
      retry-after: ['15']
      server: [Microsoft-HTTPAPI/2.0]
      strict-transport-security: [max-age=31536000; includeSubDomains]
      x-content-type-options: [nosniff]
      x-ms-ratelimit-remaining-subscription-writes: ['1197']
    status: {code: 202, message: Accepted}
- request:
    body: null
    headers:
      Accept: [application/json]
      Accept-Encoding: ['gzip, deflate']
      CommandName: [batch account create]
      Connection: [keep-alive]
      Content-Type: [application/json; charset=utf-8]
      User-Agent: [python/3.5.1 (Windows-10-10.0.15063-SP0) requests/2.9.1 msrest/0.4.7
          msrest_azure/0.4.7 batchmanagementclient/4.0.0 Azure-SDK-For-Python AZURECLI/2.0.6+dev]
      accept-language: [en-US]
    method: GET
    uri: https://management.azure.com/subscriptions/00000000-0000-0000-0000-000000000000/resourceGroups/clitest.rg000001/providers/Microsoft.Batch/batchAccounts/clibatch000002/operationResults/fc46e62d-b9d4-406c-a2fb-f288dda0fc04?api-version=2017-05-01
  response:
    body: {string: '{"id":"/subscriptions/00000000-0000-0000-0000-000000000000/resourceGroups/clitest.rg000001/providers/Microsoft.Batch/batchAccounts/clibatch000002","name":"clibatch000002","type":"Microsoft.Batch/batchAccounts","location":"canadaeast","properties":{"accountEndpoint":"clibatch000002.canadaeast.batch.azure.com","provisioningState":"Succeeded","dedicatedCoreQuota":20,"lowPriorityCoreQuota":50,"poolQuota":20,"activeJobAndJobScheduleQuota":20,"poolAllocationMode":"batchservice"}}'}
    headers:
      cache-control: [no-cache]
      content-length: ['567']
      content-type: [application/json; charset=utf-8]
      date: ['Tue, 16 May 2017 19:27:06 GMT']
      etag: ['"0x8D49C918A176CB2"']
      expires: ['-1']
      last-modified: ['Tue, 16 May 2017 19:27:06 GMT']
      pragma: [no-cache]
      request-id: [b9571baf-b875-4d86-9664-0cd8c6edc8b7]
      server: [Microsoft-HTTPAPI/2.0]
      strict-transport-security: [max-age=31536000; includeSubDomains]
      transfer-encoding: [chunked]
      vary: [Accept-Encoding]
      x-content-type-options: [nosniff]
    status: {code: 200, message: OK}
- request:
    body: null
    headers:
      Accept: [application/json]
      Accept-Encoding: ['gzip, deflate']
      CommandName: [batch account keys list]
      Connection: [keep-alive]
      Content-Length: ['0']
      Content-Type: [application/json; charset=utf-8]
      User-Agent: [python/3.5.1 (Windows-10-10.0.15063-SP0) requests/2.9.1 msrest/0.4.7
          msrest_azure/0.4.7 batchmanagementclient/4.0.0 Azure-SDK-For-Python AZURECLI/2.0.6+dev]
      accept-language: [en-US]
    method: POST
    uri: https://management.azure.com/subscriptions/00000000-0000-0000-0000-000000000000/resourceGroups/clitest.rg000001/providers/Microsoft.Batch/batchAccounts/clibatch000002/listKeys?api-version=2017-05-01
  response:
    body: {string: '{"accountName":"clibatch000002","primary":"5u6k6Pnn6yq4CUK+WsKL0TFWUzSFpjomsj5R5uUjn3PcKdG3Vr4wxplnSFPZ4ecjOqJvMpIqWId2USwi/ct6wQ==","secondary":"KoARZyAfzQjp4GI7qoDJPXv5sTcfeqGwOeYNoweiUi4O9kie6nB7k/S5+5sM5V3y+lgDB76G2oklsfZCn15AZw=="}'}
    headers:
      cache-control: [no-cache]
      content-length: ['246']
      content-type: [application/json; charset=utf-8]
      date: ['Tue, 16 May 2017 19:27:07 GMT']
      expires: ['-1']
      pragma: [no-cache]
      request-id: [a59640b7-69df-44a7-8260-73d382edcef9]
      server: [Microsoft-HTTPAPI/2.0]
      strict-transport-security: [max-age=31536000; includeSubDomains]
      transfer-encoding: [chunked]
      vary: [Accept-Encoding]
      x-content-type-options: [nosniff]
      x-ms-ratelimit-remaining-subscription-writes: ['1199']
    status: {code: 200, message: OK}
- request:
    body: null
    headers:
      Accept: [application/json]
      Accept-Encoding: ['gzip, deflate']
      CommandName: [batch account show]
      Connection: [keep-alive]
      Content-Type: [application/json; charset=utf-8]
      User-Agent: [python/3.5.1 (Windows-10-10.0.15063-SP0) requests/2.9.1 msrest/0.4.7
          msrest_azure/0.4.7 batchmanagementclient/4.0.0 Azure-SDK-For-Python AZURECLI/2.0.6+dev]
      accept-language: [en-US]
    method: GET
    uri: https://management.azure.com/subscriptions/00000000-0000-0000-0000-000000000000/resourceGroups/clitest.rg000001/providers/Microsoft.Batch/batchAccounts/clibatch000002?api-version=2017-05-01
  response:
    body: {string: '{"id":"/subscriptions/00000000-0000-0000-0000-000000000000/resourceGroups/clitest.rg000001/providers/Microsoft.Batch/batchAccounts/clibatch000002","name":"clibatch000002","type":"Microsoft.Batch/batchAccounts","location":"canadaeast","properties":{"accountEndpoint":"clibatch000002.canadaeast.batch.azure.com","provisioningState":"Succeeded","dedicatedCoreQuota":20,"lowPriorityCoreQuota":50,"poolQuota":20,"activeJobAndJobScheduleQuota":20,"poolAllocationMode":"batchservice"}}'}
    headers:
      cache-control: [no-cache]
      content-length: ['567']
      content-type: [application/json; charset=utf-8]
      date: ['Tue, 16 May 2017 19:27:08 GMT']
      etag: ['"0x8D49C91802F1B79"']
      expires: ['-1']
      last-modified: ['Tue, 16 May 2017 19:26:50 GMT']
      pragma: [no-cache]
      request-id: [c0898fc3-8906-4567-8453-823261be601a]
      server: [Microsoft-HTTPAPI/2.0]
      strict-transport-security: [max-age=31536000; includeSubDomains]
      transfer-encoding: [chunked]
      vary: [Accept-Encoding]
      x-content-type-options: [nosniff]
    status: {code: 200, message: OK}
- request:
    body: '{"id": "azure-cli-test-paas", "cloudServiceConfiguration": {"osFamily":
      "4"}, "vmSize": "small"}'
    headers:
      Accept: [application/json]
      Accept-Encoding: ['gzip, deflate']
      Connection: [keep-alive]
      Content-Length: ['96']
      Content-Type: [application/json; odata=minimalmetadata; charset=utf-8]
      User-Agent: [python/3.5.1 (Windows-10-10.0.15063-SP0) requests/2.9.1 msrest/0.4.7
          msrest_azure/0.4.7 batchserviceclient/3.0.0 Azure-SDK-For-Python]
      accept-language: [en-US]
      ocp-date: ['Tue, 16 May 2017 19:27:09 GMT']
      return-client-request-id: ['false']
    method: POST
    uri: https://clibatch000002.canadaeast.batch.azure.com/pools?timeout=30&api-version=2017-05-01.5.0
  response:
    body: {string: ''}
    headers:
      dataserviceid: ['https://clibatchipqtwdc3gb2sotdu.canadaeast.batch.azure.com/pools/azure-cli-test-paas']
      dataserviceversion: ['3.0']
      date: ['Tue, 16 May 2017 19:27:07 GMT']
      etag: ['0x8D49C918B99572A']
      last-modified: ['Tue, 16 May 2017 19:27:09 GMT']
      location: ['https://clibatch000002.canadaeast.batch.azure.com/pools/azure-cli-test-paas']
      request-id: [fd68dbb3-2490-4d98-ba5f-e52c371dcdb5]
      server: [Microsoft-HTTPAPI/2.0]
      strict-transport-security: [max-age=31536000; includeSubDomains]
      transfer-encoding: [chunked]
      x-content-type-options: [nosniff]
    status: {code: 201, message: Created}
- request:
    body: '{"id": "cli-test-job-1", "metadata": [{"name": "test", "value": "value"}],
      "jobManagerTask": {"environmentSettings": [{"name": "CLI_TEST_VAR", "value":
      "CLI_TEST_VAR_VALUE"}], "id": "JobManager", "commandLine": "cmd /c set AZ_BATCH_TASK_ID"},
      "poolInfo": {"poolId": "azure-cli-test-paas"}, "constraints": {"maxTaskRetryCount":
      5}}'
    headers:
      Accept: [application/json]
      Accept-Encoding: ['gzip, deflate']
      Connection: [keep-alive]
      Content-Length: ['330']
      Content-Type: [application/json; odata=minimalmetadata; charset=utf-8]
      User-Agent: [python/3.5.1 (Windows-10-10.0.15063-SP0) requests/2.9.1 msrest/0.4.7
          msrest_azure/0.4.7 batchserviceclient/3.0.0 Azure-SDK-For-Python]
      accept-language: [en-US]
      ocp-date: ['Tue, 16 May 2017 19:27:09 GMT']
      return-client-request-id: ['false']
    method: POST
    uri: https://clibatch000002.canadaeast.batch.azure.com/jobs?timeout=30&api-version=2017-05-01.5.0
  response:
    body: {string: ''}
    headers:
      dataserviceid: ['https://clibatchipqtwdc3gb2sotdu.canadaeast.batch.azure.com/jobs/job-1']
      dataserviceversion: ['3.0']
      date: ['Tue, 16 May 2017 19:27:09 GMT']
      etag: ['0x8D49C918BEE482C']
      last-modified: ['Tue, 16 May 2017 19:27:09 GMT']
      location: ['https://clibatch000002.canadaeast.batch.azure.com/jobs/job-1']
      request-id: [80b964bb-10f1-44b9-ad61-081251a0261c]
      server: [Microsoft-HTTPAPI/2.0]
      strict-transport-security: [max-age=31536000; includeSubDomains]
      transfer-encoding: [chunked]
      x-content-type-options: [nosniff]
    status: {code: 201, message: Created}
- request:
    body: null
    headers:
      Accept: [application/json]
      Accept-Encoding: ['gzip, deflate']
      Connection: [keep-alive]
      Content-Type: [application/json; odata=minimalmetadata; charset=utf-8]
      User-Agent: [python/3.5.1 (Windows-10-10.0.15063-SP0) requests/2.9.1 msrest/0.4.7
          msrest_azure/0.4.7 batchserviceclient/3.0.0 Azure-SDK-For-Python]
      accept-language: [en-US]
      ocp-date: ['Tue, 16 May 2017 19:27:10 GMT']
      return-client-request-id: ['false']
    method: GET
    uri: https://clibatch000002.canadaeast.batch.azure.com/jobs/cli-test-job-1?timeout=30&api-version=2017-05-01.5.0
  response:
    body: {string: "{\r\n  \"odata.metadata\":\"https://clibatch000002.canadaeast.batch.azure.com/$metadata#jobs/@Element\"\
        ,\"id\":\"cli-test-job-1\",\"url\":\"https://clibatch000002.canadaeast.batch.azure.com/jobs/cli-test-job-1\"\
        ,\"eTag\":\"0x8D49C918BEE482C\",\"lastModified\":\"2017-05-16T19:27:09.7922604Z\"\
        ,\"creationTime\":\"2017-05-16T19:27:09.7242774Z\",\"state\":\"active\",\"\
        stateTransitionTime\":\"2017-05-16T19:27:09.7922604Z\",\"priority\":0,\"usesTaskDependencies\"\
        :false,\"constraints\":{\r\n    \"maxWallClockTime\":\"P10675199DT2H48M5.4775807S\"\
        ,\"maxTaskRetryCount\":5\r\n  },\"jobManagerTask\":{\r\n    \"id\":\"JobManager\"\
        ,\"commandLine\":\"cmd /c set AZ_BATCH_TASK_ID\",\"environmentSettings\":[\r\
        \n      {\r\n        \"name\":\"CLI_TEST_VAR\",\"value\":\"CLI_TEST_VAR_VALUE\"\
        \r\n      }\r\n    ],\"constraints\":{\r\n      \"maxWallClockTime\":\"P10675199DT2H48M5.4775807S\"\
        ,\"retentionTime\":\"P10675199DT2H48M5.4775807S\",\"maxTaskRetryCount\":5\r\
        \n    },\"userIdentity\":{\r\n      \"autoUser\":{\r\n        \"elevationLevel\"\
        :\"nonadmin\"\r\n      }\r\n    },\"runExclusive\":true,\"allowLowPriorityNode\"\
        :true,\"killJobOnCompletion\":true\r\n  },\"poolInfo\":{\r\n    \"poolId\"\
        :\"azure-cli-test-paas\"\r\n  },\"metadata\":[\r\n    {\r\n      \"name\"\
        :\"test\",\"value\":\"value\"\r\n    }\r\n  ],\"executionInfo\":{\r\n    \"\
        startTime\":\"2017-05-16T19:27:09.7922604Z\",\"poolId\":\"azure-cli-test-paas\"\
        \r\n  },\"onAllTasksComplete\":\"noaction\",\"onTaskFailure\":\"noaction\"\
        \r\n}"}
    headers:
      content-type: [application/json;odata=minimalmetadata]
      dataserviceversion: ['3.0']
      date: ['Tue, 16 May 2017 19:27:10 GMT']
      etag: ['0x8D49C918BEE482C']
      last-modified: ['Tue, 16 May 2017 19:27:09 GMT']
      request-id: [540e1d6d-f8f1-476c-af4a-6f5a323ad97b]
      server: [Microsoft-HTTPAPI/2.0]
      strict-transport-security: [max-age=31536000; includeSubDomains]
      transfer-encoding: [chunked]
      x-content-type-options: [nosniff]
    status: {code: 200, message: OK}
- request:
    body: '{"onAllTasksComplete": "terminateJob", "constraints": {"maxWallClockTime":
      "P3Y6M4DT12H30M5S"}}'
    headers:
      Accept: [application/json]
      Accept-Encoding: ['gzip, deflate']
      Connection: [keep-alive]
      Content-Length: ['95']
      Content-Type: [application/json; odata=minimalmetadata; charset=utf-8]
      User-Agent: [python/3.5.1 (Windows-10-10.0.15063-SP0) requests/2.9.1 msrest/0.4.7
          msrest_azure/0.4.7 batchserviceclient/3.0.0 Azure-SDK-For-Python]
      accept-language: [en-US]
      ocp-date: ['Tue, 16 May 2017 19:27:10 GMT']
      return-client-request-id: ['false']
    method: PATCH
    uri: https://clibatch000002.canadaeast.batch.azure.com/jobs/cli-test-job-1?timeout=30&api-version=2017-05-01.5.0
  response:
    body: {string: ''}
    headers:
      dataserviceid: ['https://clibatchipqtwdc3gb2sotdu.canadaeast.batch.azure.com/jobs/cli-test-job-1']
      dataserviceversion: ['3.0']
      date: ['Tue, 16 May 2017 19:27:10 GMT']
      etag: ['0x8D49C918C884063']
      last-modified: ['Tue, 16 May 2017 19:27:10 GMT']
      request-id: [112f1b26-0656-47e9-a348-089728594778]
      server: [Microsoft-HTTPAPI/2.0]
      strict-transport-security: [max-age=31536000; includeSubDomains]
      transfer-encoding: [chunked]
      x-content-type-options: [nosniff]
    status: {code: 200, message: OK}
- request:
    body: null
    headers:
      Accept: [application/json]
      Accept-Encoding: ['gzip, deflate']
      Connection: [keep-alive]
      Content-Type: [application/json; odata=minimalmetadata; charset=utf-8]
      User-Agent: [python/3.5.1 (Windows-10-10.0.15063-SP0) requests/2.9.1 msrest/0.4.7
          msrest_azure/0.4.7 batchserviceclient/3.0.0 Azure-SDK-For-Python]
      accept-language: [en-US]
      ocp-date: ['Tue, 16 May 2017 19:27:11 GMT']
      return-client-request-id: ['false']
    method: GET
    uri: https://clibatch000002.canadaeast.batch.azure.com/jobs/cli-test-job-1?timeout=30&api-version=2017-05-01.5.0
  response:
    body: {string: "{\r\n  \"odata.metadata\":\"https://clibatch000002.canadaeast.batch.azure.com/$metadata#jobs/@Element\"\
        ,\"id\":\"cli-test-job-1\",\"url\":\"https://clibatch000002.canadaeast.batch.azure.com/jobs/cli-test-job-1\"\
        ,\"eTag\":\"0x8D49C918C884063\",\"lastModified\":\"2017-05-16T19:27:10.8013155Z\"\
        ,\"creationTime\":\"2017-05-16T19:27:09.7242774Z\",\"state\":\"active\",\"\
        stateTransitionTime\":\"2017-05-16T19:27:09.7922604Z\",\"priority\":0,\"usesTaskDependencies\"\
        :false,\"constraints\":{\r\n    \"maxWallClockTime\":\"P1279DT12H30M5S\",\"\
        maxTaskRetryCount\":0\r\n  },\"jobManagerTask\":{\r\n    \"id\":\"JobManager\"\
        ,\"commandLine\":\"cmd /c set AZ_BATCH_TASK_ID\",\"environmentSettings\":[\r\
        \n      {\r\n        \"name\":\"CLI_TEST_VAR\",\"value\":\"CLI_TEST_VAR_VALUE\"\
        \r\n      }\r\n    ],\"constraints\":{\r\n      \"maxWallClockTime\":\"P10675199DT2H48M5.4775807S\"\
        ,\"retentionTime\":\"P10675199DT2H48M5.4775807S\",\"maxTaskRetryCount\":5\r\
        \n    },\"userIdentity\":{\r\n      \"autoUser\":{\r\n        \"elevationLevel\"\
        :\"nonadmin\"\r\n      }\r\n    },\"runExclusive\":true,\"allowLowPriorityNode\"\
        :true,\"killJobOnCompletion\":true\r\n  },\"poolInfo\":{\r\n    \"poolId\"\
        :\"azure-cli-test-paas\"\r\n  },\"metadata\":[\r\n    {\r\n      \"name\"\
        :\"test\",\"value\":\"value\"\r\n    }\r\n  ],\"executionInfo\":{\r\n    \"\
        startTime\":\"2017-05-16T19:27:09.7922604Z\",\"poolId\":\"azure-cli-test-paas\"\
        \r\n  },\"onAllTasksComplete\":\"terminatejob\",\"onTaskFailure\":\"noaction\"\
        \r\n}"}
    headers:
      content-type: [application/json;odata=minimalmetadata]
      dataserviceversion: ['3.0']
      date: ['Tue, 16 May 2017 19:27:11 GMT']
      etag: ['0x8D49C918C884063']
      last-modified: ['Tue, 16 May 2017 19:27:10 GMT']
      request-id: [d95c45f7-24d3-4715-8436-69b4cae797fe]
      server: [Microsoft-HTTPAPI/2.0]
      strict-transport-security: [max-age=31536000; includeSubDomains]
      transfer-encoding: [chunked]
      x-content-type-options: [nosniff]
    status: {code: 200, message: OK}
- request:
    body: '{"onAllTasksComplete": "terminateJob", "poolInfo": {"poolId": "azure-cli-test-paas"}}'
    headers:
      Accept: [application/json]
      Accept-Encoding: ['gzip, deflate']
      Connection: [keep-alive]
      Content-Length: ['85']
      Content-Type: [application/json; odata=minimalmetadata; charset=utf-8]
      If-Unmodified-Since: ['Tue, 16 May 2017 12:27:09 GMT']
      User-Agent: [python/3.5.1 (Windows-10-10.0.15063-SP0) requests/2.9.1 msrest/0.4.7
          msrest_azure/0.4.7 batchserviceclient/3.0.0 Azure-SDK-For-Python]
      accept-language: [en-US]
      ocp-date: ['Tue, 16 May 2017 19:27:11 GMT']
      return-client-request-id: ['false']
    method: PUT
    uri: https://clibatch000002.canadaeast.batch.azure.com/jobs/cli-test-job-1?timeout=30&api-version=2017-05-01.5.0
  response:
    body: {string: "{\r\n  \"odata.metadata\":\"https://clibatch000002.canadaeast.batch.azure.com/$metadata#Microsoft.Azure.Batch.Protocol.Entities.Container.errors/@Element\"\
        ,\"code\":\"ConditionNotMet\",\"message\":{\r\n    \"lang\":\"en-US\",\"value\"\
        :\"The condition specified using HTTP conditional header(s) is not met.\\\
        nRequestId:e163bb81-8a69-4c05-984b-86ac41d9a074\\nTime:2017-05-16T19:27:13.1317894Z\"\
        \r\n  }\r\n}"}
    headers:
      content-length: ['386']
      content-type: [application/json;odata=minimalmetadata]
      dataserviceversion: ['3.0']
      date: ['Tue, 16 May 2017 19:27:12 GMT']
      request-id: [e163bb81-8a69-4c05-984b-86ac41d9a074]
      server: [Microsoft-HTTPAPI/2.0]
      strict-transport-security: [max-age=31536000; includeSubDomains]
      x-content-type-options: [nosniff]
    status: {code: 412, message: The condition specified using HTTP conditional header(s)
        is not met.}
- request:
    body: '{"onAllTasksComplete": "terminateJob", "poolInfo": {"poolId": "azure-cli-test-paas"}}'
    headers:
      Accept: [application/json]
      Accept-Encoding: ['gzip, deflate']
      Connection: [keep-alive]
      Content-Length: ['85']
      Content-Type: [application/json; odata=minimalmetadata; charset=utf-8]
      User-Agent: [python/3.5.1 (Windows-10-10.0.15063-SP0) requests/2.9.1 msrest/0.4.7
          msrest_azure/0.4.7 batchserviceclient/3.0.0 Azure-SDK-For-Python]
      accept-language: [en-US]
      ocp-date: ['Tue, 16 May 2017 19:27:12 GMT']
      return-client-request-id: ['false']
    method: PUT
    uri: https://clibatch000002.canadaeast.batch.azure.com/jobs/cli-test-job-1?timeout=30&api-version=2017-05-01.5.0
  response:
    body: {string: ''}
    headers:
      dataserviceid: ['https://clibatchipqtwdc3gb2sotdu.canadaeast.batch.azure.com/jobs/cli-test-job-1']
      dataserviceversion: ['3.0']
      date: ['Tue, 16 May 2017 19:27:11 GMT']
      etag: ['0x8D49C918D5D9A42']
      last-modified: ['Tue, 16 May 2017 19:27:12 GMT']
      request-id: [1774b250-ad6c-468b-87cf-c13a9ad6eba9]
      server: [Microsoft-HTTPAPI/2.0]
      strict-transport-security: [max-age=31536000; includeSubDomains]
      transfer-encoding: [chunked]
      x-content-type-options: [nosniff]
    status: {code: 200, message: OK}
- request:
    body: null
    headers:
      Accept: [application/json]
      Accept-Encoding: ['gzip, deflate']
      Connection: [keep-alive]
      Content-Type: [application/json; odata=minimalmetadata; charset=utf-8]
      User-Agent: [python/3.5.1 (Windows-10-10.0.15063-SP0) requests/2.9.1 msrest/0.4.7
          msrest_azure/0.4.7 batchserviceclient/3.0.0 Azure-SDK-For-Python]
      accept-language: [en-US]
      ocp-date: ['Tue, 16 May 2017 19:27:12 GMT']
      return-client-request-id: ['false']
    method: GET
    uri: https://clibatch000002.canadaeast.batch.azure.com/jobs/cli-test-job-1?timeout=30&api-version=2017-05-01.5.0
  response:
    body: {string: "{\r\n  \"odata.metadata\":\"https://clibatch000002.canadaeast.batch.azure.com/$metadata#jobs/@Element\"\
        ,\"id\":\"cli-test-job-1\",\"url\":\"https://clibatch000002.canadaeast.batch.azure.com/jobs/cli-test-job-1\"\
        ,\"eTag\":\"0x8D49C918D5D9A42\",\"lastModified\":\"2017-05-16T19:27:12.199533Z\"\
        ,\"creationTime\":\"2017-05-16T19:27:09.7242774Z\",\"state\":\"active\",\"\
        stateTransitionTime\":\"2017-05-16T19:27:09.7922604Z\",\"priority\":0,\"usesTaskDependencies\"\
        :false,\"constraints\":{\r\n    \"maxWallClockTime\":\"P10675199DT2H48M5.4775807S\"\
        ,\"maxTaskRetryCount\":0\r\n  },\"jobManagerTask\":{\r\n    \"id\":\"JobManager\"\
        ,\"commandLine\":\"cmd /c set AZ_BATCH_TASK_ID\",\"environmentSettings\":[\r\
        \n      {\r\n        \"name\":\"CLI_TEST_VAR\",\"value\":\"CLI_TEST_VAR_VALUE\"\
        \r\n      }\r\n    ],\"constraints\":{\r\n      \"maxWallClockTime\":\"P10675199DT2H48M5.4775807S\"\
        ,\"retentionTime\":\"P10675199DT2H48M5.4775807S\",\"maxTaskRetryCount\":5\r\
        \n    },\"userIdentity\":{\r\n      \"autoUser\":{\r\n        \"elevationLevel\"\
        :\"nonadmin\"\r\n      }\r\n    },\"runExclusive\":true,\"allowLowPriorityNode\"\
        :true,\"killJobOnCompletion\":true\r\n  },\"poolInfo\":{\r\n    \"poolId\"\
        :\"azure-cli-test-paas\"\r\n  },\"executionInfo\":{\r\n    \"startTime\":\"\
        2017-05-16T19:27:09.7922604Z\",\"poolId\":\"azure-cli-test-paas\"\r\n  },\"\
        onAllTasksComplete\":\"terminatejob\",\"onTaskFailure\":\"noaction\"\r\n}"}
    headers:
      content-type: [application/json;odata=minimalmetadata]
      dataserviceversion: ['3.0']
      date: ['Tue, 16 May 2017 19:27:12 GMT']
      etag: ['0x8D49C918D5D9A42']
      last-modified: ['Tue, 16 May 2017 19:27:12 GMT']
      request-id: [c249df5d-347b-41cb-bef1-407de7f0c6c0]
      server: [Microsoft-HTTPAPI/2.0]
      strict-transport-security: [max-age=31536000; includeSubDomains]
      transfer-encoding: [chunked]
      x-content-type-options: [nosniff]
    status: {code: 200, message: OK}
- request:
    body: null
    headers:
      Accept: [application/json]
      Accept-Encoding: ['gzip, deflate']
      CommandName: [group delete]
      Connection: [keep-alive]
      Content-Length: ['0']
      Content-Type: [application/json; charset=utf-8]
      User-Agent: [python/3.5.1 (Windows-10-10.0.15063-SP0) requests/2.9.1 msrest/0.4.7
          msrest_azure/0.4.7 resourcemanagementclient/1.1.0rc1 Azure-SDK-For-Python
          AZURECLI/2.0.6+dev]
      accept-language: [en-US]
    method: DELETE
    uri: https://management.azure.com/subscriptions/00000000-0000-0000-0000-000000000000/resourcegroups/clitest.rg000001?api-version=2017-05-10
  response:
    body: {string: ''}
    headers:
      cache-control: [no-cache]
      content-length: ['0']
      date: ['Tue, 16 May 2017 19:27:12 GMT']
      expires: ['-1']
      location: ['https://management.azure.com/subscriptions/00000000-0000-0000-0000-000000000000/operationresults/eyJqb2JJZCI6IlJFU09VUkNFR1JPVVBERUxFVElPTkpPQi1DTElURVNUOjJFUkdONVBEQlo1SVJHS1BRNENEWTZXTlRJNks1U0pWVDJBSFdRV3xFRDVFRjMxMjdERTBGMDgzLVdFU1RVUyIsImpvYkxvY2F0aW9uIjoid2VzdHVzIn0?api-version=2017-05-10']
      pragma: [no-cache]
      retry-after: ['15']
      strict-transport-security: [max-age=31536000; includeSubDomains]
      x-ms-ratelimit-remaining-subscription-writes: ['1198']
    status: {code: 202, message: Accepted}
version: 1
