interactions:
- request:
    body: null
    headers:
      Accept:
      - application/json
      Accept-Encoding:
      - gzip, deflate
      CommandName:
      - network vnet create
      Connection:
      - keep-alive
      ParameterSetName:
      - -g -n --address-prefixes
      User-Agent:
      - python/3.8.6 (Windows-10-10.0.19041-SP0) msrest/0.6.18 msrest_azure/0.6.3
        azure-mgmt-resource/12.0.0 Azure-SDK-For-Python AZURECLI/2.16.0
      accept-language:
      - en-US
    method: GET
    uri: https://management.azure.com/subscriptions/00000000-0000-0000-0000-000000000000/resourcegroups/cli_test_aro_list_cred000001?api-version=2020-10-01
  response:
    body:
      string: '{"id":"/subscriptions/00000000-0000-0000-0000-000000000000/resourceGroups/cli_test_aro_list_cred000001","name":"cli_test_aro_list_cred000001","type":"Microsoft.Resources/resourceGroups","location":"eastus","tags":{"product":"azurecli","cause":"automation","date":"2020-12-18T07:07:21Z"},"properties":{"provisioningState":"Succeeded"}}'
    headers:
      cache-control:
      - no-cache
      content-length:
      - '334'
      content-type:
      - application/json; charset=utf-8
      date:
      - Fri, 18 Dec 2020 07:07:22 GMT
      expires:
      - '-1'
      pragma:
      - no-cache
      strict-transport-security:
      - max-age=31536000; includeSubDomains
      vary:
      - Accept-Encoding
      x-content-type-options:
      - nosniff
    status:
      code: 200
      message: OK
- request:
    body: '{"location": "eastus", "tags": {}, "properties": {"addressSpace": {"addressPrefixes":
      ["10.0.0.0/9"]}, "dhcpOptions": {}}}'
    headers:
      Accept:
      - application/json
      Accept-Encoding:
      - gzip, deflate
      CommandName:
      - network vnet create
      Connection:
      - keep-alive
      Content-Length:
      - '122'
      Content-Type:
      - application/json; charset=utf-8
      ParameterSetName:
      - -g -n --address-prefixes
      User-Agent:
      - python/3.8.6 (Windows-10-10.0.19041-SP0) msrest/0.6.18 msrest_azure/0.6.3
        azure-mgmt-network/13.0.0 Azure-SDK-For-Python AZURECLI/2.16.0
      accept-language:
      - en-US
    method: PUT
    uri: https://management.azure.com/subscriptions/00000000-0000-0000-0000-000000000000/resourceGroups/cli_test_aro_list_cred000001/providers/Microsoft.Network/virtualNetworks/dev-vnet?api-version=2020-07-01
  response:
    body:
      string: "{\r\n  \"name\": \"dev-vnet\",\r\n  \"id\": \"/subscriptions/00000000-0000-0000-0000-000000000000/resourceGroups/cli_test_aro_list_cred000001/providers/Microsoft.Network/virtualNetworks/dev-vnet\",\r\n
        \ \"etag\": \"W/\\\"03264b6b-1334-454c-9ba2-9b53050627d2\\\"\",\r\n  \"type\":
        \"Microsoft.Network/virtualNetworks\",\r\n  \"location\": \"eastus\",\r\n
        \ \"tags\": {},\r\n  \"properties\": {\r\n    \"provisioningState\": \"Updating\",\r\n
        \   \"resourceGuid\": \"6ad70095-9e51-4c80-89f2-7e0e69b79c46\",\r\n    \"addressSpace\":
        {\r\n      \"addressPrefixes\": [\r\n        \"10.0.0.0/9\"\r\n      ]\r\n
        \   },\r\n    \"dhcpOptions\": {\r\n      \"dnsServers\": []\r\n    },\r\n
        \   \"subnets\": [],\r\n    \"virtualNetworkPeerings\": [],\r\n    \"enableDdosProtection\":
        false,\r\n    \"enableVmProtection\": false\r\n  }\r\n}"
    headers:
      azure-asyncnotification:
      - Enabled
      azure-asyncoperation:
      - https://management.azure.com/subscriptions/00000000-0000-0000-0000-000000000000/providers/Microsoft.Network/locations/eastus/operations/10564b67-fb44-4b4b-a3c8-5de0d7e85498?api-version=2020-07-01
      cache-control:
      - no-cache
      content-length:
      - '724'
      content-type:
      - application/json; charset=utf-8
      date:
      - Fri, 18 Dec 2020 07:07:24 GMT
      expires:
      - '-1'
      pragma:
      - no-cache
      server:
      - Microsoft-HTTPAPI/2.0
      - Microsoft-HTTPAPI/2.0
      strict-transport-security:
      - max-age=31536000; includeSubDomains
      x-content-type-options:
      - nosniff
      x-ms-arm-service-request-id:
      - daa5b349-07b8-4916-acac-bfaf0068d903
      x-ms-ratelimit-remaining-subscription-writes:
      - '1197'
    status:
      code: 201
      message: Created
- request:
    body: null
    headers:
      Accept:
      - application/json
      Accept-Encoding:
      - gzip, deflate
      CommandName:
      - network vnet create
      Connection:
      - keep-alive
      ParameterSetName:
      - -g -n --address-prefixes
      User-Agent:
      - python/3.8.6 (Windows-10-10.0.19041-SP0) msrest/0.6.18 msrest_azure/0.6.3
        azure-mgmt-network/13.0.0 Azure-SDK-For-Python AZURECLI/2.16.0
    method: GET
    uri: https://management.azure.com/subscriptions/00000000-0000-0000-0000-000000000000/providers/Microsoft.Network/locations/eastus/operations/10564b67-fb44-4b4b-a3c8-5de0d7e85498?api-version=2020-07-01
  response:
    body:
      string: "{\r\n  \"status\": \"Succeeded\"\r\n}"
    headers:
      cache-control:
      - no-cache
      content-length:
      - '29'
      content-type:
      - application/json; charset=utf-8
      date:
      - Fri, 18 Dec 2020 07:07:27 GMT
      expires:
      - '-1'
      pragma:
      - no-cache
      server:
      - Microsoft-HTTPAPI/2.0
      - Microsoft-HTTPAPI/2.0
      strict-transport-security:
      - max-age=31536000; includeSubDomains
      transfer-encoding:
      - chunked
      vary:
      - Accept-Encoding
      x-content-type-options:
      - nosniff
      x-ms-arm-service-request-id:
      - e0a20cbe-13f2-4a21-b942-d58d01016ce1
    status:
      code: 200
      message: OK
- request:
    body: null
    headers:
      Accept:
      - application/json
      Accept-Encoding:
      - gzip, deflate
      CommandName:
      - network vnet create
      Connection:
      - keep-alive
      ParameterSetName:
      - -g -n --address-prefixes
      User-Agent:
      - python/3.8.6 (Windows-10-10.0.19041-SP0) msrest/0.6.18 msrest_azure/0.6.3
        azure-mgmt-network/13.0.0 Azure-SDK-For-Python AZURECLI/2.16.0
    method: GET
    uri: https://management.azure.com/subscriptions/00000000-0000-0000-0000-000000000000/resourceGroups/cli_test_aro_list_cred000001/providers/Microsoft.Network/virtualNetworks/dev-vnet?api-version=2020-07-01
  response:
    body:
      string: "{\r\n  \"name\": \"dev-vnet\",\r\n  \"id\": \"/subscriptions/00000000-0000-0000-0000-000000000000/resourceGroups/cli_test_aro_list_cred000001/providers/Microsoft.Network/virtualNetworks/dev-vnet\",\r\n
        \ \"etag\": \"W/\\\"1e481852-99a1-4e92-b8f0-ebea0440d7a2\\\"\",\r\n  \"type\":
        \"Microsoft.Network/virtualNetworks\",\r\n  \"location\": \"eastus\",\r\n
        \ \"tags\": {},\r\n  \"properties\": {\r\n    \"provisioningState\": \"Succeeded\",\r\n
        \   \"resourceGuid\": \"6ad70095-9e51-4c80-89f2-7e0e69b79c46\",\r\n    \"addressSpace\":
        {\r\n      \"addressPrefixes\": [\r\n        \"10.0.0.0/9\"\r\n      ]\r\n
        \   },\r\n    \"dhcpOptions\": {\r\n      \"dnsServers\": []\r\n    },\r\n
        \   \"subnets\": [],\r\n    \"virtualNetworkPeerings\": [],\r\n    \"enableDdosProtection\":
        false,\r\n    \"enableVmProtection\": false\r\n  }\r\n}"
    headers:
      cache-control:
      - no-cache
      content-length:
      - '725'
      content-type:
      - application/json; charset=utf-8
      date:
      - Fri, 18 Dec 2020 07:07:27 GMT
      etag:
      - W/"1e481852-99a1-4e92-b8f0-ebea0440d7a2"
      expires:
      - '-1'
      pragma:
      - no-cache
      server:
      - Microsoft-HTTPAPI/2.0
      - Microsoft-HTTPAPI/2.0
      strict-transport-security:
      - max-age=31536000; includeSubDomains
      transfer-encoding:
      - chunked
      vary:
      - Accept-Encoding
      x-content-type-options:
      - nosniff
      x-ms-arm-service-request-id:
      - 5226515c-0eff-49d8-9a80-514722f8b24e
    status:
      code: 200
      message: OK
- request:
    body: null
    headers:
      Accept:
      - application/json
      Accept-Encoding:
      - gzip, deflate
      CommandName:
      - network vnet subnet create
      Connection:
      - keep-alive
      ParameterSetName:
      - -g --vnet-name -n --address-prefixes --service-endpoints
      User-Agent:
      - python/3.8.6 (Windows-10-10.0.19041-SP0) msrest/0.6.18 msrest_azure/0.6.3
        azure-mgmt-network/13.0.0 Azure-SDK-For-Python AZURECLI/2.16.0
      accept-language:
      - en-US
    method: GET
    uri: https://management.azure.com/subscriptions/00000000-0000-0000-0000-000000000000/resourceGroups/cli_test_aro_list_cred000001/providers/Microsoft.Network/virtualNetworks/dev-vnet?api-version=2020-07-01
  response:
    body:
      string: "{\r\n  \"name\": \"dev-vnet\",\r\n  \"id\": \"/subscriptions/00000000-0000-0000-0000-000000000000/resourceGroups/cli_test_aro_list_cred000001/providers/Microsoft.Network/virtualNetworks/dev-vnet\",\r\n
        \ \"etag\": \"W/\\\"1e481852-99a1-4e92-b8f0-ebea0440d7a2\\\"\",\r\n  \"type\":
        \"Microsoft.Network/virtualNetworks\",\r\n  \"location\": \"eastus\",\r\n
        \ \"tags\": {},\r\n  \"properties\": {\r\n    \"provisioningState\": \"Succeeded\",\r\n
        \   \"resourceGuid\": \"6ad70095-9e51-4c80-89f2-7e0e69b79c46\",\r\n    \"addressSpace\":
        {\r\n      \"addressPrefixes\": [\r\n        \"10.0.0.0/9\"\r\n      ]\r\n
        \   },\r\n    \"dhcpOptions\": {\r\n      \"dnsServers\": []\r\n    },\r\n
        \   \"subnets\": [],\r\n    \"virtualNetworkPeerings\": [],\r\n    \"enableDdosProtection\":
        false,\r\n    \"enableVmProtection\": false\r\n  }\r\n}"
    headers:
      cache-control:
      - no-cache
      content-length:
      - '725'
      content-type:
      - application/json; charset=utf-8
      date:
      - Fri, 18 Dec 2020 07:07:29 GMT
      etag:
      - W/"1e481852-99a1-4e92-b8f0-ebea0440d7a2"
      expires:
      - '-1'
      pragma:
      - no-cache
      server:
      - Microsoft-HTTPAPI/2.0
      - Microsoft-HTTPAPI/2.0
      strict-transport-security:
      - max-age=31536000; includeSubDomains
      transfer-encoding:
      - chunked
      vary:
      - Accept-Encoding
      x-content-type-options:
      - nosniff
      x-ms-arm-service-request-id:
      - b8db0f1f-f4d9-43e5-a0b2-f4d53bdf2ddb
    status:
      code: 200
      message: OK
- request:
    body: '{"id": "/subscriptions/00000000-0000-0000-0000-000000000000/resourceGroups/cli_test_aro_list_cred000001/providers/Microsoft.Network/virtualNetworks/dev-vnet",
      "location": "eastus", "tags": {}, "properties": {"addressSpace": {"addressPrefixes":
      ["10.0.0.0/9"]}, "dhcpOptions": {"dnsServers": []}, "subnets": [{"properties":
      {"addressPrefix": "10.93.26.0/24", "serviceEndpoints": [{"service": "Microsoft.ContainerRegistry"}]},
      "name": "dev_master000002"}], "virtualNetworkPeerings": [], "enableDdosProtection":
      false, "enableVmProtection": false}}'
    headers:
      Accept:
      - application/json
      Accept-Encoding:
      - gzip, deflate
      CommandName:
      - network vnet subnet create
      Connection:
      - keep-alive
      Content-Length:
      - '543'
      Content-Type:
      - application/json; charset=utf-8
      ParameterSetName:
      - -g --vnet-name -n --address-prefixes --service-endpoints
      User-Agent:
      - python/3.8.6 (Windows-10-10.0.19041-SP0) msrest/0.6.18 msrest_azure/0.6.3
        azure-mgmt-network/13.0.0 Azure-SDK-For-Python AZURECLI/2.16.0
      accept-language:
      - en-US
    method: PUT
    uri: https://management.azure.com/subscriptions/00000000-0000-0000-0000-000000000000/resourceGroups/cli_test_aro_list_cred000001/providers/Microsoft.Network/virtualNetworks/dev-vnet?api-version=2020-07-01
  response:
    body:
      string: "{\r\n  \"name\": \"dev-vnet\",\r\n  \"id\": \"/subscriptions/00000000-0000-0000-0000-000000000000/resourceGroups/cli_test_aro_list_cred000001/providers/Microsoft.Network/virtualNetworks/dev-vnet\",\r\n
        \ \"etag\": \"W/\\\"fe5e2b4f-6c6e-48c9-a860-666cda15595b\\\"\",\r\n  \"type\":
        \"Microsoft.Network/virtualNetworks\",\r\n  \"location\": \"eastus\",\r\n
        \ \"tags\": {},\r\n  \"properties\": {\r\n    \"provisioningState\": \"Updating\",\r\n
        \   \"resourceGuid\": \"6ad70095-9e51-4c80-89f2-7e0e69b79c46\",\r\n    \"addressSpace\":
        {\r\n      \"addressPrefixes\": [\r\n        \"10.0.0.0/9\"\r\n      ]\r\n
        \   },\r\n    \"dhcpOptions\": {\r\n      \"dnsServers\": []\r\n    },\r\n
        \   \"subnets\": [\r\n      {\r\n        \"name\": \"dev_master000002\",\r\n
        \       \"id\": \"/subscriptions/00000000-0000-0000-0000-000000000000/resourceGroups/cli_test_aro_list_cred000001/providers/Microsoft.Network/virtualNetworks/dev-vnet/subnets/dev_master000002\",\r\n
        \       \"etag\": \"W/\\\"fe5e2b4f-6c6e-48c9-a860-666cda15595b\\\"\",\r\n
        \       \"properties\": {\r\n          \"provisioningState\": \"Updating\",\r\n
        \         \"addressPrefix\": \"10.93.26.0/24\",\r\n          \"serviceEndpoints\":
        [\r\n            {\r\n              \"provisioningState\": \"Updating\",\r\n
        \             \"service\": \"Microsoft.ContainerRegistry\",\r\n              \"locations\":
        [\r\n                \"*\"\r\n              ]\r\n            }\r\n          ],\r\n
        \         \"delegations\": [],\r\n          \"privateEndpointNetworkPolicies\":
        \"Enabled\",\r\n          \"privateLinkServiceNetworkPolicies\": \"Enabled\"\r\n
        \       },\r\n        \"type\": \"Microsoft.Network/virtualNetworks/subnets\"\r\n
        \     }\r\n    ],\r\n    \"virtualNetworkPeerings\": [],\r\n    \"enableDdosProtection\":
        false,\r\n    \"enableVmProtection\": false\r\n  }\r\n}"
    headers:
      azure-asyncoperation:
      - https://management.azure.com/subscriptions/00000000-0000-0000-0000-000000000000/providers/Microsoft.Network/locations/eastus/operations/f3dc8463-1e49-4572-8326-464c03954310?api-version=2020-07-01
      cache-control:
      - no-cache
      content-length:
      - '1617'
      content-type:
      - application/json; charset=utf-8
      date:
      - Fri, 18 Dec 2020 07:07:29 GMT
      expires:
      - '-1'
      pragma:
      - no-cache
      server:
      - Microsoft-HTTPAPI/2.0
      - Microsoft-HTTPAPI/2.0
      strict-transport-security:
      - max-age=31536000; includeSubDomains
      transfer-encoding:
      - chunked
      vary:
      - Accept-Encoding
      x-content-type-options:
      - nosniff
      x-ms-arm-service-request-id:
      - 83d7f94b-b272-40b9-a364-3fbfc9b73135
      x-ms-ratelimit-remaining-subscription-writes:
      - '1197'
    status:
      code: 200
      message: OK
- request:
    body: null
    headers:
      Accept:
      - application/json
      Accept-Encoding:
      - gzip, deflate
      CommandName:
      - network vnet subnet create
      Connection:
      - keep-alive
      ParameterSetName:
      - -g --vnet-name -n --address-prefixes --service-endpoints
      User-Agent:
      - python/3.8.6 (Windows-10-10.0.19041-SP0) msrest/0.6.18 msrest_azure/0.6.3
        azure-mgmt-network/13.0.0 Azure-SDK-For-Python AZURECLI/2.16.0
    method: GET
    uri: https://management.azure.com/subscriptions/00000000-0000-0000-0000-000000000000/providers/Microsoft.Network/locations/eastus/operations/f3dc8463-1e49-4572-8326-464c03954310?api-version=2020-07-01
  response:
    body:
      string: "{\r\n  \"status\": \"Succeeded\"\r\n}"
    headers:
      cache-control:
      - no-cache
      content-length:
      - '29'
      content-type:
      - application/json; charset=utf-8
      date:
      - Fri, 18 Dec 2020 07:07:33 GMT
      expires:
      - '-1'
      pragma:
      - no-cache
      server:
      - Microsoft-HTTPAPI/2.0
      - Microsoft-HTTPAPI/2.0
      strict-transport-security:
      - max-age=31536000; includeSubDomains
      transfer-encoding:
      - chunked
      vary:
      - Accept-Encoding
      x-content-type-options:
      - nosniff
      x-ms-arm-service-request-id:
      - 931147e3-e11d-46eb-a270-7402c394db6f
    status:
      code: 200
      message: OK
- request:
    body: null
    headers:
      Accept:
      - application/json
      Accept-Encoding:
      - gzip, deflate
      CommandName:
      - network vnet subnet create
      Connection:
      - keep-alive
      ParameterSetName:
      - -g --vnet-name -n --address-prefixes --service-endpoints
      User-Agent:
      - python/3.8.6 (Windows-10-10.0.19041-SP0) msrest/0.6.18 msrest_azure/0.6.3
        azure-mgmt-network/13.0.0 Azure-SDK-For-Python AZURECLI/2.16.0
    method: GET
    uri: https://management.azure.com/subscriptions/00000000-0000-0000-0000-000000000000/resourceGroups/cli_test_aro_list_cred000001/providers/Microsoft.Network/virtualNetworks/dev-vnet?api-version=2020-07-01
  response:
    body:
      string: "{\r\n  \"name\": \"dev-vnet\",\r\n  \"id\": \"/subscriptions/00000000-0000-0000-0000-000000000000/resourceGroups/cli_test_aro_list_cred000001/providers/Microsoft.Network/virtualNetworks/dev-vnet\",\r\n
        \ \"etag\": \"W/\\\"f144744d-4c8f-4805-8030-4817b2a56254\\\"\",\r\n  \"type\":
        \"Microsoft.Network/virtualNetworks\",\r\n  \"location\": \"eastus\",\r\n
        \ \"tags\": {},\r\n  \"properties\": {\r\n    \"provisioningState\": \"Succeeded\",\r\n
        \   \"resourceGuid\": \"6ad70095-9e51-4c80-89f2-7e0e69b79c46\",\r\n    \"addressSpace\":
        {\r\n      \"addressPrefixes\": [\r\n        \"10.0.0.0/9\"\r\n      ]\r\n
        \   },\r\n    \"dhcpOptions\": {\r\n      \"dnsServers\": []\r\n    },\r\n
        \   \"subnets\": [\r\n      {\r\n        \"name\": \"dev_master000002\",\r\n
        \       \"id\": \"/subscriptions/00000000-0000-0000-0000-000000000000/resourceGroups/cli_test_aro_list_cred000001/providers/Microsoft.Network/virtualNetworks/dev-vnet/subnets/dev_master000002\",\r\n
        \       \"etag\": \"W/\\\"f144744d-4c8f-4805-8030-4817b2a56254\\\"\",\r\n
        \       \"properties\": {\r\n          \"provisioningState\": \"Succeeded\",\r\n
        \         \"addressPrefix\": \"10.93.26.0/24\",\r\n          \"serviceEndpoints\":
        [\r\n            {\r\n              \"provisioningState\": \"Succeeded\",\r\n
        \             \"service\": \"Microsoft.ContainerRegistry\",\r\n              \"locations\":
        [\r\n                \"*\"\r\n              ]\r\n            }\r\n          ],\r\n
        \         \"delegations\": [],\r\n          \"privateEndpointNetworkPolicies\":
        \"Enabled\",\r\n          \"privateLinkServiceNetworkPolicies\": \"Enabled\"\r\n
        \       },\r\n        \"type\": \"Microsoft.Network/virtualNetworks/subnets\"\r\n
        \     }\r\n    ],\r\n    \"virtualNetworkPeerings\": [],\r\n    \"enableDdosProtection\":
        false,\r\n    \"enableVmProtection\": false\r\n  }\r\n}"
    headers:
      cache-control:
      - no-cache
      content-length:
      - '1620'
      content-type:
      - application/json; charset=utf-8
      date:
      - Fri, 18 Dec 2020 07:07:33 GMT
      etag:
      - W/"f144744d-4c8f-4805-8030-4817b2a56254"
      expires:
      - '-1'
      pragma:
      - no-cache
      server:
      - Microsoft-HTTPAPI/2.0
      - Microsoft-HTTPAPI/2.0
      strict-transport-security:
      - max-age=31536000; includeSubDomains
      transfer-encoding:
      - chunked
      vary:
      - Accept-Encoding
      x-content-type-options:
      - nosniff
      x-ms-arm-service-request-id:
      - cb2ce36d-05bc-4d29-902d-7fe0b0dd16a2
    status:
      code: 200
      message: OK
- request:
    body: null
    headers:
      Accept:
      - application/json
      Accept-Encoding:
      - gzip, deflate
      CommandName:
      - network vnet subnet create
      Connection:
      - keep-alive
      ParameterSetName:
      - -g --vnet-name -n --address-prefixes --service-endpoints
      User-Agent:
      - python/3.8.6 (Windows-10-10.0.19041-SP0) msrest/0.6.18 msrest_azure/0.6.3
        azure-mgmt-network/13.0.0 Azure-SDK-For-Python AZURECLI/2.16.0
      accept-language:
      - en-US
    method: GET
    uri: https://management.azure.com/subscriptions/00000000-0000-0000-0000-000000000000/resourceGroups/cli_test_aro_list_cred000001/providers/Microsoft.Network/virtualNetworks/dev-vnet?api-version=2020-07-01
  response:
    body:
      string: "{\r\n  \"name\": \"dev-vnet\",\r\n  \"id\": \"/subscriptions/00000000-0000-0000-0000-000000000000/resourceGroups/cli_test_aro_list_cred000001/providers/Microsoft.Network/virtualNetworks/dev-vnet\",\r\n
        \ \"etag\": \"W/\\\"f144744d-4c8f-4805-8030-4817b2a56254\\\"\",\r\n  \"type\":
        \"Microsoft.Network/virtualNetworks\",\r\n  \"location\": \"eastus\",\r\n
        \ \"tags\": {},\r\n  \"properties\": {\r\n    \"provisioningState\": \"Succeeded\",\r\n
        \   \"resourceGuid\": \"6ad70095-9e51-4c80-89f2-7e0e69b79c46\",\r\n    \"addressSpace\":
        {\r\n      \"addressPrefixes\": [\r\n        \"10.0.0.0/9\"\r\n      ]\r\n
        \   },\r\n    \"dhcpOptions\": {\r\n      \"dnsServers\": []\r\n    },\r\n
        \   \"subnets\": [\r\n      {\r\n        \"name\": \"dev_master000002\",\r\n
        \       \"id\": \"/subscriptions/00000000-0000-0000-0000-000000000000/resourceGroups/cli_test_aro_list_cred000001/providers/Microsoft.Network/virtualNetworks/dev-vnet/subnets/dev_master000002\",\r\n
        \       \"etag\": \"W/\\\"f144744d-4c8f-4805-8030-4817b2a56254\\\"\",\r\n
        \       \"properties\": {\r\n          \"provisioningState\": \"Succeeded\",\r\n
        \         \"addressPrefix\": \"10.93.26.0/24\",\r\n          \"serviceEndpoints\":
        [\r\n            {\r\n              \"provisioningState\": \"Succeeded\",\r\n
        \             \"service\": \"Microsoft.ContainerRegistry\",\r\n              \"locations\":
        [\r\n                \"*\"\r\n              ]\r\n            }\r\n          ],\r\n
        \         \"delegations\": [],\r\n          \"privateEndpointNetworkPolicies\":
        \"Enabled\",\r\n          \"privateLinkServiceNetworkPolicies\": \"Enabled\"\r\n
        \       },\r\n        \"type\": \"Microsoft.Network/virtualNetworks/subnets\"\r\n
        \     }\r\n    ],\r\n    \"virtualNetworkPeerings\": [],\r\n    \"enableDdosProtection\":
        false,\r\n    \"enableVmProtection\": false\r\n  }\r\n}"
    headers:
      cache-control:
      - no-cache
      content-length:
      - '1620'
      content-type:
      - application/json; charset=utf-8
      date:
      - Fri, 18 Dec 2020 07:07:33 GMT
      etag:
      - W/"f144744d-4c8f-4805-8030-4817b2a56254"
      expires:
      - '-1'
      pragma:
      - no-cache
      server:
      - Microsoft-HTTPAPI/2.0
      - Microsoft-HTTPAPI/2.0
      strict-transport-security:
      - max-age=31536000; includeSubDomains
      transfer-encoding:
      - chunked
      vary:
      - Accept-Encoding
      x-content-type-options:
      - nosniff
      x-ms-arm-service-request-id:
      - 322dbd93-156c-46e2-94f6-e8de33f0d809
    status:
      code: 200
      message: OK
- request:
    body: '{"id": "/subscriptions/00000000-0000-0000-0000-000000000000/resourceGroups/cli_test_aro_list_cred000001/providers/Microsoft.Network/virtualNetworks/dev-vnet",
      "location": "eastus", "tags": {}, "properties": {"addressSpace": {"addressPrefixes":
      ["10.0.0.0/9"]}, "dhcpOptions": {"dnsServers": []}, "subnets": [{"id": "/subscriptions/00000000-0000-0000-0000-000000000000/resourceGroups/cli_test_aro_list_cred000001/providers/Microsoft.Network/virtualNetworks/dev-vnet/subnets/dev_master000002",
      "properties": {"addressPrefix": "10.93.26.0/24", "serviceEndpoints": [{"service":
      "Microsoft.ContainerRegistry", "locations": ["*"]}], "delegations": [], "privateEndpointNetworkPolicies":
      "Enabled", "privateLinkServiceNetworkPolicies": "Enabled"}, "name": "dev_master000002"},
      {"properties": {"addressPrefix": "10.62.35.0/24", "serviceEndpoints": [{"service":
      "Microsoft.ContainerRegistry"}]}, "name": "dev_worker000003"}], "virtualNetworkPeerings":
      [], "enableDdosProtection": false, "enableVmProtection": false}}'
    headers:
      Accept:
      - application/json
      Accept-Encoding:
      - gzip, deflate
      CommandName:
      - network vnet subnet create
      Connection:
      - keep-alive
      Content-Length:
      - '1000'
      Content-Type:
      - application/json; charset=utf-8
      ParameterSetName:
      - -g --vnet-name -n --address-prefixes --service-endpoints
      User-Agent:
      - python/3.8.6 (Windows-10-10.0.19041-SP0) msrest/0.6.18 msrest_azure/0.6.3
        azure-mgmt-network/13.0.0 Azure-SDK-For-Python AZURECLI/2.16.0
      accept-language:
      - en-US
    method: PUT
    uri: https://management.azure.com/subscriptions/00000000-0000-0000-0000-000000000000/resourceGroups/cli_test_aro_list_cred000001/providers/Microsoft.Network/virtualNetworks/dev-vnet?api-version=2020-07-01
  response:
    body:
      string: "{\r\n  \"name\": \"dev-vnet\",\r\n  \"id\": \"/subscriptions/00000000-0000-0000-0000-000000000000/resourceGroups/cli_test_aro_list_cred000001/providers/Microsoft.Network/virtualNetworks/dev-vnet\",\r\n
        \ \"etag\": \"W/\\\"05c3e89f-3788-4059-85c6-ff2927d68b0d\\\"\",\r\n  \"type\":
        \"Microsoft.Network/virtualNetworks\",\r\n  \"location\": \"eastus\",\r\n
        \ \"tags\": {},\r\n  \"properties\": {\r\n    \"provisioningState\": \"Updating\",\r\n
        \   \"resourceGuid\": \"6ad70095-9e51-4c80-89f2-7e0e69b79c46\",\r\n    \"addressSpace\":
        {\r\n      \"addressPrefixes\": [\r\n        \"10.0.0.0/9\"\r\n      ]\r\n
        \   },\r\n    \"dhcpOptions\": {\r\n      \"dnsServers\": []\r\n    },\r\n
        \   \"subnets\": [\r\n      {\r\n        \"name\": \"dev_master000002\",\r\n
        \       \"id\": \"/subscriptions/00000000-0000-0000-0000-000000000000/resourceGroups/cli_test_aro_list_cred000001/providers/Microsoft.Network/virtualNetworks/dev-vnet/subnets/dev_master000002\",\r\n
        \       \"etag\": \"W/\\\"05c3e89f-3788-4059-85c6-ff2927d68b0d\\\"\",\r\n
        \       \"properties\": {\r\n          \"provisioningState\": \"Updating\",\r\n
        \         \"addressPrefix\": \"10.93.26.0/24\",\r\n          \"serviceEndpoints\":
        [\r\n            {\r\n              \"provisioningState\": \"Succeeded\",\r\n
        \             \"service\": \"Microsoft.ContainerRegistry\",\r\n              \"locations\":
        [\r\n                \"*\"\r\n              ]\r\n            }\r\n          ],\r\n
        \         \"delegations\": [],\r\n          \"privateEndpointNetworkPolicies\":
        \"Enabled\",\r\n          \"privateLinkServiceNetworkPolicies\": \"Enabled\"\r\n
        \       },\r\n        \"type\": \"Microsoft.Network/virtualNetworks/subnets\"\r\n
        \     },\r\n      {\r\n        \"name\": \"dev_worker000003\",\r\n        \"id\":
        \"/subscriptions/00000000-0000-0000-0000-000000000000/resourceGroups/cli_test_aro_list_cred000001/providers/Microsoft.Network/virtualNetworks/dev-vnet/subnets/dev_worker000003\",\r\n
        \       \"etag\": \"W/\\\"05c3e89f-3788-4059-85c6-ff2927d68b0d\\\"\",\r\n
        \       \"properties\": {\r\n          \"provisioningState\": \"Updating\",\r\n
        \         \"addressPrefix\": \"10.62.35.0/24\",\r\n          \"serviceEndpoints\":
        [\r\n            {\r\n              \"provisioningState\": \"Updating\",\r\n
        \             \"service\": \"Microsoft.ContainerRegistry\",\r\n              \"locations\":
        [\r\n                \"*\"\r\n              ]\r\n            }\r\n          ],\r\n
        \         \"delegations\": [],\r\n          \"privateEndpointNetworkPolicies\":
        \"Enabled\",\r\n          \"privateLinkServiceNetworkPolicies\": \"Enabled\"\r\n
        \       },\r\n        \"type\": \"Microsoft.Network/virtualNetworks/subnets\"\r\n
        \     }\r\n    ],\r\n    \"virtualNetworkPeerings\": [],\r\n    \"enableDdosProtection\":
        false,\r\n    \"enableVmProtection\": false\r\n  }\r\n}"
    headers:
      azure-asyncoperation:
      - https://management.azure.com/subscriptions/00000000-0000-0000-0000-000000000000/providers/Microsoft.Network/locations/eastus/operations/a41f80f8-263a-4366-8dd2-22018da7c167?api-version=2020-07-01
      cache-control:
      - no-cache
      content-length:
      - '2506'
      content-type:
      - application/json; charset=utf-8
      date:
      - Fri, 18 Dec 2020 07:07:34 GMT
      expires:
      - '-1'
      pragma:
      - no-cache
      server:
      - Microsoft-HTTPAPI/2.0
      - Microsoft-HTTPAPI/2.0
      strict-transport-security:
      - max-age=31536000; includeSubDomains
      transfer-encoding:
      - chunked
      vary:
      - Accept-Encoding
      x-content-type-options:
      - nosniff
      x-ms-arm-service-request-id:
      - a5c953bc-473b-4244-a27f-c372cba89070
      x-ms-ratelimit-remaining-subscription-writes:
      - '1194'
    status:
      code: 200
      message: OK
- request:
    body: null
    headers:
      Accept:
      - application/json
      Accept-Encoding:
      - gzip, deflate
      CommandName:
      - network vnet subnet create
      Connection:
      - keep-alive
      ParameterSetName:
      - -g --vnet-name -n --address-prefixes --service-endpoints
      User-Agent:
      - python/3.8.6 (Windows-10-10.0.19041-SP0) msrest/0.6.18 msrest_azure/0.6.3
        azure-mgmt-network/13.0.0 Azure-SDK-For-Python AZURECLI/2.16.0
    method: GET
    uri: https://management.azure.com/subscriptions/00000000-0000-0000-0000-000000000000/providers/Microsoft.Network/locations/eastus/operations/a41f80f8-263a-4366-8dd2-22018da7c167?api-version=2020-07-01
  response:
    body:
      string: "{\r\n  \"status\": \"Succeeded\"\r\n}"
    headers:
      cache-control:
      - no-cache
      content-length:
      - '29'
      content-type:
      - application/json; charset=utf-8
      date:
      - Fri, 18 Dec 2020 07:07:38 GMT
      expires:
      - '-1'
      pragma:
      - no-cache
      server:
      - Microsoft-HTTPAPI/2.0
      - Microsoft-HTTPAPI/2.0
      strict-transport-security:
      - max-age=31536000; includeSubDomains
      transfer-encoding:
      - chunked
      vary:
      - Accept-Encoding
      x-content-type-options:
      - nosniff
      x-ms-arm-service-request-id:
      - baf1bb4d-7c32-4c57-8672-b491583c2dca
    status:
      code: 200
      message: OK
- request:
    body: null
    headers:
      Accept:
      - application/json
      Accept-Encoding:
      - gzip, deflate
      CommandName:
      - network vnet subnet create
      Connection:
      - keep-alive
      ParameterSetName:
      - -g --vnet-name -n --address-prefixes --service-endpoints
      User-Agent:
      - python/3.8.6 (Windows-10-10.0.19041-SP0) msrest/0.6.18 msrest_azure/0.6.3
        azure-mgmt-network/13.0.0 Azure-SDK-For-Python AZURECLI/2.16.0
    method: GET
    uri: https://management.azure.com/subscriptions/00000000-0000-0000-0000-000000000000/resourceGroups/cli_test_aro_list_cred000001/providers/Microsoft.Network/virtualNetworks/dev-vnet?api-version=2020-07-01
  response:
    body:
      string: "{\r\n  \"name\": \"dev-vnet\",\r\n  \"id\": \"/subscriptions/00000000-0000-0000-0000-000000000000/resourceGroups/cli_test_aro_list_cred000001/providers/Microsoft.Network/virtualNetworks/dev-vnet\",\r\n
        \ \"etag\": \"W/\\\"6cc80d4b-aee2-4472-89ab-07060650025a\\\"\",\r\n  \"type\":
        \"Microsoft.Network/virtualNetworks\",\r\n  \"location\": \"eastus\",\r\n
        \ \"tags\": {},\r\n  \"properties\": {\r\n    \"provisioningState\": \"Succeeded\",\r\n
        \   \"resourceGuid\": \"6ad70095-9e51-4c80-89f2-7e0e69b79c46\",\r\n    \"addressSpace\":
        {\r\n      \"addressPrefixes\": [\r\n        \"10.0.0.0/9\"\r\n      ]\r\n
        \   },\r\n    \"dhcpOptions\": {\r\n      \"dnsServers\": []\r\n    },\r\n
        \   \"subnets\": [\r\n      {\r\n        \"name\": \"dev_master000002\",\r\n
        \       \"id\": \"/subscriptions/00000000-0000-0000-0000-000000000000/resourceGroups/cli_test_aro_list_cred000001/providers/Microsoft.Network/virtualNetworks/dev-vnet/subnets/dev_master000002\",\r\n
        \       \"etag\": \"W/\\\"6cc80d4b-aee2-4472-89ab-07060650025a\\\"\",\r\n
        \       \"properties\": {\r\n          \"provisioningState\": \"Succeeded\",\r\n
        \         \"addressPrefix\": \"10.93.26.0/24\",\r\n          \"serviceEndpoints\":
        [\r\n            {\r\n              \"provisioningState\": \"Succeeded\",\r\n
        \             \"service\": \"Microsoft.ContainerRegistry\",\r\n              \"locations\":
        [\r\n                \"*\"\r\n              ]\r\n            }\r\n          ],\r\n
        \         \"delegations\": [],\r\n          \"privateEndpointNetworkPolicies\":
        \"Enabled\",\r\n          \"privateLinkServiceNetworkPolicies\": \"Enabled\"\r\n
        \       },\r\n        \"type\": \"Microsoft.Network/virtualNetworks/subnets\"\r\n
        \     },\r\n      {\r\n        \"name\": \"dev_worker000003\",\r\n        \"id\":
        \"/subscriptions/00000000-0000-0000-0000-000000000000/resourceGroups/cli_test_aro_list_cred000001/providers/Microsoft.Network/virtualNetworks/dev-vnet/subnets/dev_worker000003\",\r\n
        \       \"etag\": \"W/\\\"6cc80d4b-aee2-4472-89ab-07060650025a\\\"\",\r\n
        \       \"properties\": {\r\n          \"provisioningState\": \"Succeeded\",\r\n
        \         \"addressPrefix\": \"10.62.35.0/24\",\r\n          \"serviceEndpoints\":
        [\r\n            {\r\n              \"provisioningState\": \"Succeeded\",\r\n
        \             \"service\": \"Microsoft.ContainerRegistry\",\r\n              \"locations\":
        [\r\n                \"*\"\r\n              ]\r\n            }\r\n          ],\r\n
        \         \"delegations\": [],\r\n          \"privateEndpointNetworkPolicies\":
        \"Enabled\",\r\n          \"privateLinkServiceNetworkPolicies\": \"Enabled\"\r\n
        \       },\r\n        \"type\": \"Microsoft.Network/virtualNetworks/subnets\"\r\n
        \     }\r\n    ],\r\n    \"virtualNetworkPeerings\": [],\r\n    \"enableDdosProtection\":
        false,\r\n    \"enableVmProtection\": false\r\n  }\r\n}"
    headers:
      cache-control:
      - no-cache
      content-length:
      - '2510'
      content-type:
      - application/json; charset=utf-8
      date:
      - Fri, 18 Dec 2020 07:07:38 GMT
      etag:
      - W/"6cc80d4b-aee2-4472-89ab-07060650025a"
      expires:
      - '-1'
      pragma:
      - no-cache
      server:
      - Microsoft-HTTPAPI/2.0
      - Microsoft-HTTPAPI/2.0
      strict-transport-security:
      - max-age=31536000; includeSubDomains
      transfer-encoding:
      - chunked
      vary:
      - Accept-Encoding
      x-content-type-options:
      - nosniff
      x-ms-arm-service-request-id:
      - 26a9cbb8-f0c6-44b6-8c3b-ab3d157aad62
    status:
      code: 200
      message: OK
- request:
    body: null
    headers:
      Accept:
      - application/json
      Accept-Encoding:
      - gzip, deflate
      CommandName:
      - network vnet subnet update
      Connection:
      - keep-alive
      ParameterSetName:
      - -g --vnet-name -n --disable-private-link-service-network-policies
      User-Agent:
      - python/3.8.6 (Windows-10-10.0.19041-SP0) msrest/0.6.18 msrest_azure/0.6.3
        azure-mgmt-network/13.0.0 Azure-SDK-For-Python AZURECLI/2.16.0
      accept-language:
      - en-US
    method: GET
    uri: https://management.azure.com/subscriptions/00000000-0000-0000-0000-000000000000/resourceGroups/cli_test_aro_list_cred000001/providers/Microsoft.Network/virtualNetworks/dev-vnet/subnets/dev_master000002?api-version=2020-07-01
  response:
    body:
      string: "{\r\n  \"name\": \"dev_master000002\",\r\n  \"id\": \"/subscriptions/00000000-0000-0000-0000-000000000000/resourceGroups/cli_test_aro_list_cred000001/providers/Microsoft.Network/virtualNetworks/dev-vnet/subnets/dev_master000002\",\r\n
        \ \"etag\": \"W/\\\"6cc80d4b-aee2-4472-89ab-07060650025a\\\"\",\r\n  \"properties\":
        {\r\n    \"provisioningState\": \"Succeeded\",\r\n    \"addressPrefix\": \"10.93.26.0/24\",\r\n
        \   \"serviceEndpoints\": [\r\n      {\r\n        \"provisioningState\": \"Succeeded\",\r\n
        \       \"service\": \"Microsoft.ContainerRegistry\",\r\n        \"locations\":
        [\r\n          \"*\"\r\n        ]\r\n      }\r\n    ],\r\n    \"delegations\":
        [],\r\n    \"privateEndpointNetworkPolicies\": \"Enabled\",\r\n    \"privateLinkServiceNetworkPolicies\":
        \"Enabled\"\r\n  },\r\n  \"type\": \"Microsoft.Network/virtualNetworks/subnets\"\r\n}"
    headers:
      cache-control:
      - no-cache
      content-length:
      - '755'
      content-type:
      - application/json; charset=utf-8
      date:
      - Fri, 18 Dec 2020 07:07:39 GMT
      etag:
      - W/"6cc80d4b-aee2-4472-89ab-07060650025a"
      expires:
      - '-1'
      pragma:
      - no-cache
      server:
      - Microsoft-HTTPAPI/2.0
      - Microsoft-HTTPAPI/2.0
      strict-transport-security:
      - max-age=31536000; includeSubDomains
      transfer-encoding:
      - chunked
      vary:
      - Accept-Encoding
      x-content-type-options:
      - nosniff
      x-ms-arm-service-request-id:
      - f676a177-9ba3-4244-b29b-6ba020a5e263
    status:
      code: 200
      message: OK
- request:
    body: '{"id": "/subscriptions/00000000-0000-0000-0000-000000000000/resourceGroups/cli_test_aro_list_cred000001/providers/Microsoft.Network/virtualNetworks/dev-vnet/subnets/dev_master000002",
      "properties": {"addressPrefix": "10.93.26.0/24", "serviceEndpoints": [{"service":
      "Microsoft.ContainerRegistry", "locations": ["*"]}], "delegations": [], "privateEndpointNetworkPolicies":
      "Enabled", "privateLinkServiceNetworkPolicies": "Disabled"}, "name": "dev_master000002"}'
    headers:
      Accept:
      - application/json
      Accept-Encoding:
      - gzip, deflate
      CommandName:
      - network vnet subnet update
      Connection:
      - keep-alive
      Content-Length:
      - '456'
      Content-Type:
      - application/json; charset=utf-8
      ParameterSetName:
      - -g --vnet-name -n --disable-private-link-service-network-policies
      User-Agent:
      - python/3.8.6 (Windows-10-10.0.19041-SP0) msrest/0.6.18 msrest_azure/0.6.3
        azure-mgmt-network/13.0.0 Azure-SDK-For-Python AZURECLI/2.16.0
      accept-language:
      - en-US
    method: PUT
    uri: https://management.azure.com/subscriptions/00000000-0000-0000-0000-000000000000/resourceGroups/cli_test_aro_list_cred000001/providers/Microsoft.Network/virtualNetworks/dev-vnet/subnets/dev_master000002?api-version=2020-07-01
  response:
    body:
      string: "{\r\n  \"name\": \"dev_master000002\",\r\n  \"id\": \"/subscriptions/00000000-0000-0000-0000-000000000000/resourceGroups/cli_test_aro_list_cred000001/providers/Microsoft.Network/virtualNetworks/dev-vnet/subnets/dev_master000002\",\r\n
        \ \"etag\": \"W/\\\"5f016a43-0f4d-471c-a21b-5ded652c282e\\\"\",\r\n  \"properties\":
        {\r\n    \"provisioningState\": \"Updating\",\r\n    \"addressPrefix\": \"10.93.26.0/24\",\r\n
        \   \"serviceEndpoints\": [\r\n      {\r\n        \"provisioningState\": \"Succeeded\",\r\n
        \       \"service\": \"Microsoft.ContainerRegistry\",\r\n        \"locations\":
        [\r\n          \"*\"\r\n        ]\r\n      }\r\n    ],\r\n    \"delegations\":
        [],\r\n    \"privateEndpointNetworkPolicies\": \"Enabled\",\r\n    \"privateLinkServiceNetworkPolicies\":
        \"Disabled\"\r\n  },\r\n  \"type\": \"Microsoft.Network/virtualNetworks/subnets\"\r\n}"
    headers:
      azure-asyncoperation:
      - https://management.azure.com/subscriptions/00000000-0000-0000-0000-000000000000/providers/Microsoft.Network/locations/eastus/operations/67a48529-aa98-4ba3-9665-b5802abeddb4?api-version=2020-07-01
      cache-control:
      - no-cache
      content-length:
      - '755'
      content-type:
      - application/json; charset=utf-8
      date:
      - Fri, 18 Dec 2020 07:07:39 GMT
      expires:
      - '-1'
      pragma:
      - no-cache
      server:
      - Microsoft-HTTPAPI/2.0
      - Microsoft-HTTPAPI/2.0
      strict-transport-security:
      - max-age=31536000; includeSubDomains
      transfer-encoding:
      - chunked
      vary:
      - Accept-Encoding
      x-content-type-options:
      - nosniff
      x-ms-arm-service-request-id:
      - 77a0bac0-da5f-47da-ace7-1777ec32e202
      x-ms-ratelimit-remaining-subscription-writes:
      - '1196'
    status:
      code: 200
      message: OK
- request:
    body: null
    headers:
      Accept:
      - application/json
      Accept-Encoding:
      - gzip, deflate
      CommandName:
      - network vnet subnet update
      Connection:
      - keep-alive
      ParameterSetName:
      - -g --vnet-name -n --disable-private-link-service-network-policies
      User-Agent:
      - python/3.8.6 (Windows-10-10.0.19041-SP0) msrest/0.6.18 msrest_azure/0.6.3
        azure-mgmt-network/13.0.0 Azure-SDK-For-Python AZURECLI/2.16.0
    method: GET
    uri: https://management.azure.com/subscriptions/00000000-0000-0000-0000-000000000000/providers/Microsoft.Network/locations/eastus/operations/67a48529-aa98-4ba3-9665-b5802abeddb4?api-version=2020-07-01
  response:
    body:
      string: "{\r\n  \"status\": \"Succeeded\"\r\n}"
    headers:
      cache-control:
      - no-cache
      content-length:
      - '29'
      content-type:
      - application/json; charset=utf-8
      date:
      - Fri, 18 Dec 2020 07:07:42 GMT
      expires:
      - '-1'
      pragma:
      - no-cache
      server:
      - Microsoft-HTTPAPI/2.0
      - Microsoft-HTTPAPI/2.0
      strict-transport-security:
      - max-age=31536000; includeSubDomains
      transfer-encoding:
      - chunked
      vary:
      - Accept-Encoding
      x-content-type-options:
      - nosniff
      x-ms-arm-service-request-id:
      - 0814818e-661e-434b-a70d-7a6fccdf0870
    status:
      code: 200
      message: OK
- request:
    body: null
    headers:
      Accept:
      - application/json
      Accept-Encoding:
      - gzip, deflate
      CommandName:
      - network vnet subnet update
      Connection:
      - keep-alive
      ParameterSetName:
      - -g --vnet-name -n --disable-private-link-service-network-policies
      User-Agent:
      - python/3.8.6 (Windows-10-10.0.19041-SP0) msrest/0.6.18 msrest_azure/0.6.3
        azure-mgmt-network/13.0.0 Azure-SDK-For-Python AZURECLI/2.16.0
    method: GET
    uri: https://management.azure.com/subscriptions/00000000-0000-0000-0000-000000000000/resourceGroups/cli_test_aro_list_cred000001/providers/Microsoft.Network/virtualNetworks/dev-vnet/subnets/dev_master000002?api-version=2020-07-01
  response:
    body:
      string: "{\r\n  \"name\": \"dev_master000002\",\r\n  \"id\": \"/subscriptions/00000000-0000-0000-0000-000000000000/resourceGroups/cli_test_aro_list_cred000001/providers/Microsoft.Network/virtualNetworks/dev-vnet/subnets/dev_master000002\",\r\n
        \ \"etag\": \"W/\\\"719c0faf-d982-4a38-996a-4ba8ba424a16\\\"\",\r\n  \"properties\":
        {\r\n    \"provisioningState\": \"Succeeded\",\r\n    \"addressPrefix\": \"10.93.26.0/24\",\r\n
        \   \"serviceEndpoints\": [\r\n      {\r\n        \"provisioningState\": \"Succeeded\",\r\n
        \       \"service\": \"Microsoft.ContainerRegistry\",\r\n        \"locations\":
        [\r\n          \"*\"\r\n        ]\r\n      }\r\n    ],\r\n    \"delegations\":
        [],\r\n    \"privateEndpointNetworkPolicies\": \"Enabled\",\r\n    \"privateLinkServiceNetworkPolicies\":
        \"Disabled\"\r\n  },\r\n  \"type\": \"Microsoft.Network/virtualNetworks/subnets\"\r\n}"
    headers:
      cache-control:
      - no-cache
      content-length:
      - '756'
      content-type:
      - application/json; charset=utf-8
      date:
      - Fri, 18 Dec 2020 07:07:43 GMT
      etag:
      - W/"719c0faf-d982-4a38-996a-4ba8ba424a16"
      expires:
      - '-1'
      pragma:
      - no-cache
      server:
      - Microsoft-HTTPAPI/2.0
      - Microsoft-HTTPAPI/2.0
      strict-transport-security:
      - max-age=31536000; includeSubDomains
      transfer-encoding:
      - chunked
      vary:
      - Accept-Encoding
      x-content-type-options:
      - nosniff
      x-ms-arm-service-request-id:
      - 503d1bfb-4044-4abb-bba7-e464e2e3efe4
    status:
      code: 200
      message: OK
- request:
    body: null
    headers:
      Accept:
      - application/json
      Accept-Encoding:
      - gzip, deflate
      CommandName:
      - aro create
      Connection:
      - keep-alive
      ParameterSetName:
      - -g -n --master-subnet --worker-subnet --subscription --tags
      User-Agent:
      - python/3.8.6 (Windows-10-10.0.19041-SP0) msrest/0.6.18 msrest_azure/0.6.3
        azure-mgmt-network/13.0.0 Azure-SDK-For-Python AZURECLI/2.16.0
      accept-language:
      - en-US
    method: GET
    uri: https://management.azure.com/subscriptions/00000000-0000-0000-0000-000000000000/resourceGroups/cli_test_aro_list_cred000001/providers/Microsoft.Network/virtualNetworks/dev-vnet/subnets/dev_master000002?api-version=2020-07-01
  response:
    body:
      string: "{\r\n  \"name\": \"dev_master000002\",\r\n  \"id\": \"/subscriptions/00000000-0000-0000-0000-000000000000/resourceGroups/cli_test_aro_list_cred000001/providers/Microsoft.Network/virtualNetworks/dev-vnet/subnets/dev_master000002\",\r\n
        \ \"etag\": \"W/\\\"719c0faf-d982-4a38-996a-4ba8ba424a16\\\"\",\r\n  \"properties\":
        {\r\n    \"provisioningState\": \"Succeeded\",\r\n    \"addressPrefix\": \"10.93.26.0/24\",\r\n
        \   \"serviceEndpoints\": [\r\n      {\r\n        \"provisioningState\": \"Succeeded\",\r\n
        \       \"service\": \"Microsoft.ContainerRegistry\",\r\n        \"locations\":
        [\r\n          \"*\"\r\n        ]\r\n      }\r\n    ],\r\n    \"delegations\":
        [],\r\n    \"privateEndpointNetworkPolicies\": \"Enabled\",\r\n    \"privateLinkServiceNetworkPolicies\":
        \"Disabled\"\r\n  },\r\n  \"type\": \"Microsoft.Network/virtualNetworks/subnets\"\r\n}"
    headers:
      cache-control:
      - no-cache
      content-length:
      - '756'
      content-type:
      - application/json; charset=utf-8
      date:
      - Fri, 18 Dec 2020 07:07:44 GMT
      etag:
      - W/"719c0faf-d982-4a38-996a-4ba8ba424a16"
      expires:
      - '-1'
      pragma:
      - no-cache
      server:
      - Microsoft-HTTPAPI/2.0
      - Microsoft-HTTPAPI/2.0
      strict-transport-security:
      - max-age=31536000; includeSubDomains
      transfer-encoding:
      - chunked
      vary:
      - Accept-Encoding
      x-content-type-options:
      - nosniff
      x-ms-arm-service-request-id:
      - eb7cfe8d-7751-49e8-bb67-b7f33063675f
    status:
      code: 200
      message: OK
- request:
    body: null
    headers:
      Accept:
      - application/json
      Accept-Encoding:
      - gzip, deflate
      CommandName:
      - aro create
      Connection:
      - keep-alive
      ParameterSetName:
      - -g -n --master-subnet --worker-subnet --subscription --tags
      User-Agent:
      - python/3.8.6 (Windows-10-10.0.19041-SP0) msrest/0.6.18 msrest_azure/0.6.3
        azure-mgmt-network/13.0.0 Azure-SDK-For-Python AZURECLI/2.16.0
      accept-language:
      - en-US
    method: GET
    uri: https://management.azure.com/subscriptions/00000000-0000-0000-0000-000000000000/resourceGroups/cli_test_aro_list_cred000001/providers/Microsoft.Network/virtualNetworks/dev-vnet/subnets/dev_worker000003?api-version=2020-07-01
  response:
    body:
      string: "{\r\n  \"name\": \"dev_worker000003\",\r\n  \"id\": \"/subscriptions/00000000-0000-0000-0000-000000000000/resourceGroups/cli_test_aro_list_cred000001/providers/Microsoft.Network/virtualNetworks/dev-vnet/subnets/dev_worker000003\",\r\n
        \ \"etag\": \"W/\\\"719c0faf-d982-4a38-996a-4ba8ba424a16\\\"\",\r\n  \"properties\":
        {\r\n    \"provisioningState\": \"Succeeded\",\r\n    \"addressPrefix\": \"10.62.35.0/24\",\r\n
        \   \"serviceEndpoints\": [\r\n      {\r\n        \"provisioningState\": \"Succeeded\",\r\n
        \       \"service\": \"Microsoft.ContainerRegistry\",\r\n        \"locations\":
        [\r\n          \"*\"\r\n        ]\r\n      }\r\n    ],\r\n    \"delegations\":
        [],\r\n    \"privateEndpointNetworkPolicies\": \"Enabled\",\r\n    \"privateLinkServiceNetworkPolicies\":
        \"Enabled\"\r\n  },\r\n  \"type\": \"Microsoft.Network/virtualNetworks/subnets\"\r\n}"
    headers:
      cache-control:
      - no-cache
      content-length:
      - '755'
      content-type:
      - application/json; charset=utf-8
      date:
      - Fri, 18 Dec 2020 07:07:44 GMT
      etag:
      - W/"719c0faf-d982-4a38-996a-4ba8ba424a16"
      expires:
      - '-1'
      pragma:
      - no-cache
      server:
      - Microsoft-HTTPAPI/2.0
      - Microsoft-HTTPAPI/2.0
      strict-transport-security:
      - max-age=31536000; includeSubDomains
      transfer-encoding:
      - chunked
      vary:
      - Accept-Encoding
      x-content-type-options:
      - nosniff
      x-ms-arm-service-request-id:
      - 4a928afc-9886-47f7-a520-35909fd88fdc
    status:
      code: 200
      message: OK
- request:
    body: null
    headers:
      Accept:
      - application/json
      Accept-Encoding:
      - gzip, deflate
      CommandName:
      - aro create
      Connection:
      - keep-alive
      ParameterSetName:
      - -g -n --master-subnet --worker-subnet --subscription --tags
      User-Agent:
      - python/3.8.6 (Windows-10-10.0.19041-SP0) msrest/0.6.18 msrest_azure/0.6.3
        azure-mgmt-resource/12.0.0 Azure-SDK-For-Python AZURECLI/2.16.0
      accept-language:
      - en-US
    method: GET
    uri: https://management.azure.com/subscriptions/00000000-0000-0000-0000-000000000000/resourcegroups/cli_test_aro_list_cred000001?api-version=2020-10-01
  response:
    body:
      string: '{"id":"/subscriptions/00000000-0000-0000-0000-000000000000/resourceGroups/cli_test_aro_list_cred000001","name":"cli_test_aro_list_cred000001","type":"Microsoft.Resources/resourceGroups","location":"eastus","tags":{"product":"azurecli","cause":"automation","date":"2020-12-18T07:07:21Z"},"properties":{"provisioningState":"Succeeded"}}'
    headers:
      cache-control:
      - no-cache
      content-length:
      - '334'
      content-type:
      - application/json; charset=utf-8
      date:
      - Fri, 18 Dec 2020 07:07:44 GMT
      expires:
      - '-1'
      pragma:
      - no-cache
      strict-transport-security:
      - max-age=31536000; includeSubDomains
      vary:
      - Accept-Encoding
      x-content-type-options:
      - nosniff
    status:
      code: 200
      message: OK
- request:
    body: null
    headers:
      Accept:
      - application/json
      Accept-Encoding:
      - gzip, deflate
      CommandName:
      - aro create
      Connection:
      - keep-alive
      ParameterSetName:
      - -g -n --master-subnet --worker-subnet --subscription --tags
      User-Agent:
      - python/3.8.6 (Windows-10-10.0.19041-SP0) msrest/0.6.18 msrest_azure/0.6.3
        azure-mgmt-resource/12.0.0 Azure-SDK-For-Python AZURECLI/2.16.0
      accept-language:
      - en-US
    method: GET
    uri: https://management.azure.com/subscriptions/00000000-0000-0000-0000-000000000000/providers/Microsoft.RedHatOpenShift?api-version=2020-10-01
  response:
    body:
      string: '{"id":"/subscriptions/00000000-0000-0000-0000-000000000000/providers/Microsoft.RedHatOpenShift","namespace":"Microsoft.RedHatOpenShift","authorizations":[{"applicationId":"f1dd0a37-89c6-4e07-bcd1-ffd3d43d8875","roleDefinitionId":"640c5ac9-6f32-4891-94f4-d20f7aa9a7e6","managedByRoleDefinitionId":"9e3af657-a8ff-583c-a75c-2fe7c4bcb635","managedByAuthorization":{"allowManagedByInheritance":true}}],"resourceTypes":[{"resourceType":"locations","locations":[],"apiVersions":["2020-04-30","2019-12-31-preview"],"capabilities":"None"},{"resourceType":"locations/operationresults","locations":["Australia
        East","Australia Southeast","Brazil South","Canada Central","Canada East","Central
        India","Central US","East Asia","East US","East US 2","France Central","Germany
        West Central","Japan East","Japan West","Korea Central","North Central US","North
        Europe","Norway East","South Africa North","South Central US","Southeast Asia","Switzerland
        North","Switzerland West","UAE North","UK South","UK West","West Europe","West
        US 2","West US"],"apiVersions":["2020-04-30"],"capabilities":"None"},{"resourceType":"locations/operationsstatus","locations":["Australia
        East","Australia Southeast","Brazil South","Canada Central","Canada East","Central
        India","Central US","East Asia","East US","East US 2","France Central","Germany
        West Central","Japan East","Japan West","Korea Central","North Central US","North
        Europe","Norway East","South Africa North","South Central US","Southeast Asia","Switzerland
        North","Switzerland West","UAE North","UK South","UK West","West Europe","West
        US 2","West US"],"apiVersions":["2020-04-30"],"capabilities":"None"},{"resourceType":"OpenShiftClusters","locations":["Australia
        East","Australia Southeast","Brazil South","Canada Central","Canada East","Central
        India","Central US","East Asia","East US","East US 2","France Central","Germany
        West Central","Japan East","Japan West","Korea Central","North Central US","North
        Europe","Norway East","South Africa North","South Central US","Southeast Asia","Switzerland
        North","Switzerland West","UAE North","UK South","UK West","West Europe","West
        US 2","West US"],"apiVersions":["2020-04-30"],"defaultApiVersion":"2020-04-30","capabilities":"SystemAssignedResourceIdentity,
        SupportsTags, SupportsLocation"},{"resourceType":"operations","locations":[],"apiVersions":["2020-04-30","2019-12-31-preview"],"capabilities":"None"}],"registrationState":"NotRegistered","registrationPolicy":"RegistrationRequired"}'
    headers:
      cache-control:
      - no-cache
      content-length:
      - '2472'
      content-type:
      - application/json; charset=utf-8
      date:
      - Fri, 18 Dec 2020 07:07:45 GMT
      expires:
      - '-1'
      pragma:
      - no-cache
      strict-transport-security:
      - max-age=31536000; includeSubDomains
      vary:
      - Accept-Encoding
      x-content-type-options:
      - nosniff
    status:
      code: 200
      message: OK
version: 1
