interactions:
- request:
    body: '{"location": "eastus", "properties": {"administratorLogin": "admin123",
      "administratorLoginPassword": "SecretPassword123", "administrators": {}}}'
    headers:
      Accept:
      - application/json
      Accept-Encoding:
      - gzip, deflate
      CommandName:
      - sql server create
      Connection:
      - keep-alive
      Content-Length:
      - '145'
      Content-Type:
      - application/json
      ParameterSetName:
      - -l -g -n -u -p
      User-Agent:
      - AZURECLI/2.25.0 azsdk-python-mgmt-sql/3.0.0 Python/3.8.10 (macOS-10.16-x86_64-i386-64bit)
    method: PUT
    uri: https://management.azure.com/subscriptions/00000000-0000-0000-0000-000000000000/resourceGroups/clitest.rg000001/providers/Microsoft.Sql/servers/clitestserver000002?api-version=2021-02-01-preview
  response:
    body:
      string: '{"operation":"UpsertLogicalServer","startTime":"2021-06-29T06:34:59.057Z"}'
    headers:
      azure-asyncoperation:
      - https://management.azure.com/subscriptions/00000000-0000-0000-0000-000000000000/resourceGroups/clitest.rg000001/providers/Microsoft.Sql/locations/eastus/serverAzureAsyncOperation/59409f51-c8d9-497c-8329-3ca848319995?api-version=2021-02-01-preview
      cache-control:
      - no-cache
      content-length:
      - '74'
      content-type:
      - application/json; charset=utf-8
      date:
      - Tue, 29 Jun 2021 06:34:58 GMT
      expires:
      - '-1'
      location:
      - https://management.azure.com/subscriptions/00000000-0000-0000-0000-000000000000/resourceGroups/clitest.rg000001/providers/Microsoft.Sql/locations/eastus/serverOperationResults/59409f51-c8d9-497c-8329-3ca848319995?api-version=2021-02-01-preview
      pragma:
      - no-cache
      server:
      - Microsoft-HTTPAPI/2.0
      strict-transport-security:
      - max-age=31536000; includeSubDomains
      x-content-type-options:
      - nosniff
      x-ms-ratelimit-remaining-subscription-writes:
      - '1198'
    status:
      code: 202
      message: Accepted
- request:
    body: null
    headers:
      Accept:
      - '*/*'
      Accept-Encoding:
      - gzip, deflate
      CommandName:
      - sql server create
      Connection:
      - keep-alive
      ParameterSetName:
      - -l -g -n -u -p
      User-Agent:
      - AZURECLI/2.25.0 azsdk-python-mgmt-sql/3.0.0 Python/3.8.10 (macOS-10.16-x86_64-i386-64bit)
    method: GET
    uri: https://management.azure.com/subscriptions/00000000-0000-0000-0000-000000000000/resourceGroups/clitest.rg000001/providers/Microsoft.Sql/locations/eastus/serverAzureAsyncOperation/59409f51-c8d9-497c-8329-3ca848319995?api-version=2021-02-01-preview
  response:
    body:
      string: '{"name":"59409f51-c8d9-497c-8329-3ca848319995","status":"InProgress","startTime":"2021-06-29T06:34:59.057Z"}'
    headers:
      cache-control:
      - no-cache
      content-length:
      - '108'
      content-type:
      - application/json; charset=utf-8
      date:
      - Tue, 29 Jun 2021 06:34:59 GMT
      expires:
      - '-1'
      pragma:
      - no-cache
      server:
      - Microsoft-HTTPAPI/2.0
      strict-transport-security:
      - max-age=31536000; includeSubDomains
      transfer-encoding:
      - chunked
      vary:
      - Accept-Encoding
      x-content-type-options:
      - nosniff
    status:
      code: 200
      message: OK
- request:
    body: null
    headers:
      Accept:
      - '*/*'
      Accept-Encoding:
      - gzip, deflate
      CommandName:
      - sql server create
      Connection:
      - keep-alive
      ParameterSetName:
      - -l -g -n -u -p
      User-Agent:
      - AZURECLI/2.25.0 azsdk-python-mgmt-sql/3.0.0 Python/3.8.10 (macOS-10.16-x86_64-i386-64bit)
    method: GET
    uri: https://management.azure.com/subscriptions/00000000-0000-0000-0000-000000000000/resourceGroups/clitest.rg000001/providers/Microsoft.Sql/locations/eastus/serverAzureAsyncOperation/59409f51-c8d9-497c-8329-3ca848319995?api-version=2021-02-01-preview
  response:
    body:
      string: '{"name":"59409f51-c8d9-497c-8329-3ca848319995","status":"InProgress","startTime":"2021-06-29T06:34:59.057Z"}'
    headers:
      cache-control:
      - no-cache
      content-length:
      - '108'
      content-type:
      - application/json; charset=utf-8
      date:
      - Tue, 29 Jun 2021 06:35:01 GMT
      expires:
      - '-1'
      pragma:
      - no-cache
      server:
      - Microsoft-HTTPAPI/2.0
      strict-transport-security:
      - max-age=31536000; includeSubDomains
      transfer-encoding:
      - chunked
      vary:
      - Accept-Encoding
      x-content-type-options:
      - nosniff
    status:
      code: 200
      message: OK
- request:
    body: null
    headers:
      Accept:
      - '*/*'
      Accept-Encoding:
      - gzip, deflate
      CommandName:
      - sql server create
      Connection:
      - keep-alive
      ParameterSetName:
      - -l -g -n -u -p
      User-Agent:
      - AZURECLI/2.25.0 azsdk-python-mgmt-sql/3.0.0 Python/3.8.10 (macOS-10.16-x86_64-i386-64bit)
    method: GET
    uri: https://management.azure.com/subscriptions/00000000-0000-0000-0000-000000000000/resourceGroups/clitest.rg000001/providers/Microsoft.Sql/locations/eastus/serverAzureAsyncOperation/59409f51-c8d9-497c-8329-3ca848319995?api-version=2021-02-01-preview
  response:
    body:
      string: '{"name":"59409f51-c8d9-497c-8329-3ca848319995","status":"InProgress","startTime":"2021-06-29T06:34:59.057Z"}'
    headers:
      cache-control:
      - no-cache
      content-length:
      - '108'
      content-type:
      - application/json; charset=utf-8
      date:
      - Tue, 29 Jun 2021 06:35:02 GMT
      expires:
      - '-1'
      pragma:
      - no-cache
      server:
      - Microsoft-HTTPAPI/2.0
      strict-transport-security:
      - max-age=31536000; includeSubDomains
      transfer-encoding:
      - chunked
      vary:
      - Accept-Encoding
      x-content-type-options:
      - nosniff
    status:
      code: 200
      message: OK
- request:
    body: null
    headers:
      Accept:
      - '*/*'
      Accept-Encoding:
      - gzip, deflate
      CommandName:
      - sql server create
      Connection:
      - keep-alive
      ParameterSetName:
      - -l -g -n -u -p
      User-Agent:
      - AZURECLI/2.25.0 azsdk-python-mgmt-sql/3.0.0 Python/3.8.10 (macOS-10.16-x86_64-i386-64bit)
    method: GET
    uri: https://management.azure.com/subscriptions/00000000-0000-0000-0000-000000000000/resourceGroups/clitest.rg000001/providers/Microsoft.Sql/locations/eastus/serverAzureAsyncOperation/59409f51-c8d9-497c-8329-3ca848319995?api-version=2021-02-01-preview
  response:
    body:
      string: '{"name":"59409f51-c8d9-497c-8329-3ca848319995","status":"InProgress","startTime":"2021-06-29T06:34:59.057Z"}'
    headers:
      cache-control:
      - no-cache
      content-length:
      - '108'
      content-type:
      - application/json; charset=utf-8
      date:
      - Tue, 29 Jun 2021 06:35:03 GMT
      expires:
      - '-1'
      pragma:
      - no-cache
      server:
      - Microsoft-HTTPAPI/2.0
      strict-transport-security:
      - max-age=31536000; includeSubDomains
      transfer-encoding:
      - chunked
      vary:
      - Accept-Encoding
      x-content-type-options:
      - nosniff
    status:
      code: 200
      message: OK
- request:
    body: null
    headers:
      Accept:
      - '*/*'
      Accept-Encoding:
      - gzip, deflate
      CommandName:
      - sql server create
      Connection:
      - keep-alive
      ParameterSetName:
      - -l -g -n -u -p
      User-Agent:
      - AZURECLI/2.25.0 azsdk-python-mgmt-sql/3.0.0 Python/3.8.10 (macOS-10.16-x86_64-i386-64bit)
    method: GET
    uri: https://management.azure.com/subscriptions/00000000-0000-0000-0000-000000000000/resourceGroups/clitest.rg000001/providers/Microsoft.Sql/locations/eastus/serverAzureAsyncOperation/59409f51-c8d9-497c-8329-3ca848319995?api-version=2021-02-01-preview
  response:
    body:
      string: '{"name":"59409f51-c8d9-497c-8329-3ca848319995","status":"InProgress","startTime":"2021-06-29T06:34:59.057Z"}'
    headers:
      cache-control:
      - no-cache
      content-length:
      - '108'
      content-type:
      - application/json; charset=utf-8
      date:
      - Tue, 29 Jun 2021 06:35:04 GMT
      expires:
      - '-1'
      pragma:
      - no-cache
      server:
      - Microsoft-HTTPAPI/2.0
      strict-transport-security:
      - max-age=31536000; includeSubDomains
      transfer-encoding:
      - chunked
      vary:
      - Accept-Encoding
      x-content-type-options:
      - nosniff
    status:
      code: 200
      message: OK
- request:
    body: null
    headers:
      Accept:
      - '*/*'
      Accept-Encoding:
      - gzip, deflate
      CommandName:
      - sql server create
      Connection:
      - keep-alive
      ParameterSetName:
      - -l -g -n -u -p
      User-Agent:
      - AZURECLI/2.25.0 azsdk-python-mgmt-sql/3.0.0 Python/3.8.10 (macOS-10.16-x86_64-i386-64bit)
    method: GET
    uri: https://management.azure.com/subscriptions/00000000-0000-0000-0000-000000000000/resourceGroups/clitest.rg000001/providers/Microsoft.Sql/locations/eastus/serverAzureAsyncOperation/59409f51-c8d9-497c-8329-3ca848319995?api-version=2021-02-01-preview
  response:
    body:
      string: '{"name":"59409f51-c8d9-497c-8329-3ca848319995","status":"InProgress","startTime":"2021-06-29T06:34:59.057Z"}'
    headers:
      cache-control:
      - no-cache
      content-length:
      - '108'
      content-type:
      - application/json; charset=utf-8
      date:
      - Tue, 29 Jun 2021 06:35:24 GMT
      expires:
      - '-1'
      pragma:
      - no-cache
      server:
      - Microsoft-HTTPAPI/2.0
      strict-transport-security:
      - max-age=31536000; includeSubDomains
      transfer-encoding:
      - chunked
      vary:
      - Accept-Encoding
      x-content-type-options:
      - nosniff
    status:
      code: 200
      message: OK
- request:
    body: null
    headers:
      Accept:
      - '*/*'
      Accept-Encoding:
      - gzip, deflate
      CommandName:
      - sql server create
      Connection:
      - keep-alive
      ParameterSetName:
      - -l -g -n -u -p
      User-Agent:
      - AZURECLI/2.25.0 azsdk-python-mgmt-sql/3.0.0 Python/3.8.10 (macOS-10.16-x86_64-i386-64bit)
    method: GET
    uri: https://management.azure.com/subscriptions/00000000-0000-0000-0000-000000000000/resourceGroups/clitest.rg000001/providers/Microsoft.Sql/locations/eastus/serverAzureAsyncOperation/59409f51-c8d9-497c-8329-3ca848319995?api-version=2021-02-01-preview
  response:
    body:
      string: '{"name":"59409f51-c8d9-497c-8329-3ca848319995","status":"InProgress","startTime":"2021-06-29T06:34:59.057Z"}'
    headers:
      cache-control:
      - no-cache
      content-length:
      - '108'
      content-type:
      - application/json; charset=utf-8
      date:
      - Tue, 29 Jun 2021 06:35:44 GMT
      expires:
      - '-1'
      pragma:
      - no-cache
      server:
      - Microsoft-HTTPAPI/2.0
      strict-transport-security:
      - max-age=31536000; includeSubDomains
      transfer-encoding:
      - chunked
      vary:
      - Accept-Encoding
      x-content-type-options:
      - nosniff
    status:
      code: 200
      message: OK
- request:
    body: null
    headers:
      Accept:
      - '*/*'
      Accept-Encoding:
      - gzip, deflate
      CommandName:
      - sql server create
      Connection:
      - keep-alive
      ParameterSetName:
      - -l -g -n -u -p
      User-Agent:
      - AZURECLI/2.25.0 azsdk-python-mgmt-sql/3.0.0 Python/3.8.10 (macOS-10.16-x86_64-i386-64bit)
    method: GET
    uri: https://management.azure.com/subscriptions/00000000-0000-0000-0000-000000000000/resourceGroups/clitest.rg000001/providers/Microsoft.Sql/locations/eastus/serverAzureAsyncOperation/59409f51-c8d9-497c-8329-3ca848319995?api-version=2021-02-01-preview
  response:
    body:
      string: '{"name":"59409f51-c8d9-497c-8329-3ca848319995","status":"Succeeded","startTime":"2021-06-29T06:34:59.057Z"}'
    headers:
      cache-control:
      - no-cache
      content-length:
      - '107'
      content-type:
      - application/json; charset=utf-8
      date:
      - Tue, 29 Jun 2021 06:36:04 GMT
      expires:
      - '-1'
      pragma:
      - no-cache
      server:
      - Microsoft-HTTPAPI/2.0
      strict-transport-security:
      - max-age=31536000; includeSubDomains
      transfer-encoding:
      - chunked
      vary:
      - Accept-Encoding
      x-content-type-options:
      - nosniff
    status:
      code: 200
      message: OK
- request:
    body: null
    headers:
      Accept:
      - '*/*'
      Accept-Encoding:
      - gzip, deflate
      CommandName:
      - sql server create
      Connection:
      - keep-alive
      ParameterSetName:
      - -l -g -n -u -p
      User-Agent:
      - AZURECLI/2.25.0 azsdk-python-mgmt-sql/3.0.0 Python/3.8.10 (macOS-10.16-x86_64-i386-64bit)
    method: GET
    uri: https://management.azure.com/subscriptions/00000000-0000-0000-0000-000000000000/resourceGroups/clitest.rg000001/providers/Microsoft.Sql/servers/clitestserver000002?api-version=2021-02-01-preview
  response:
    body:
      string: '{"kind":"v12.0","properties":{"administratorLogin":"admin123","version":"12.0","state":"Ready","fullyQualifiedDomainName":"clitestserver000002.database.windows.net","privateEndpointConnections":[],"publicNetworkAccess":"Enabled","restrictOutboundNetworkAccess":"Disabled"},"location":"eastus","id":"/subscriptions/00000000-0000-0000-0000-000000000000/resourceGroups/clitest.rg000001/providers/Microsoft.Sql/servers/clitestserver000002","name":"clitestserver000002","type":"Microsoft.Sql/servers"}'
    headers:
      cache-control:
      - no-cache
      content-length:
      - '684'
      content-type:
      - application/json; charset=utf-8
      date:
      - Tue, 29 Jun 2021 06:36:04 GMT
      expires:
      - '-1'
      pragma:
      - no-cache
      server:
      - Microsoft-HTTPAPI/2.0
      strict-transport-security:
      - max-age=31536000; includeSubDomains
      transfer-encoding:
      - chunked
      vary:
      - Accept-Encoding
      x-content-type-options:
      - nosniff
    status:
      code: 200
      message: OK
- request:
    body: null
    headers:
      Accept:
      - application/json
      Accept-Encoding:
      - gzip, deflate
      CommandName:
      - sql server update
      Connection:
      - keep-alive
      ParameterSetName:
      - -g -n -i
      User-Agent:
      - AZURECLI/2.25.0 azsdk-python-mgmt-sql/3.0.0 Python/3.8.10 (macOS-10.16-x86_64-i386-64bit)
    method: GET
    uri: https://management.azure.com/subscriptions/00000000-0000-0000-0000-000000000000/resourceGroups/clitest.rg000001/providers/Microsoft.Sql/servers/clitestserver000002?api-version=2021-02-01-preview
  response:
    body:
      string: '{"kind":"v12.0","properties":{"administratorLogin":"admin123","version":"12.0","state":"Ready","fullyQualifiedDomainName":"clitestserver000002.database.windows.net","privateEndpointConnections":[],"publicNetworkAccess":"Enabled","restrictOutboundNetworkAccess":"Disabled"},"location":"eastus","id":"/subscriptions/00000000-0000-0000-0000-000000000000/resourceGroups/clitest.rg000001/providers/Microsoft.Sql/servers/clitestserver000002","name":"clitestserver000002","type":"Microsoft.Sql/servers"}'
    headers:
      cache-control:
      - no-cache
      content-length:
      - '684'
      content-type:
      - application/json; charset=utf-8
      date:
      - Tue, 29 Jun 2021 06:36:05 GMT
      expires:
      - '-1'
      pragma:
      - no-cache
      server:
      - Microsoft-HTTPAPI/2.0
      strict-transport-security:
      - max-age=31536000; includeSubDomains
      transfer-encoding:
      - chunked
      vary:
      - Accept-Encoding
      x-content-type-options:
      - nosniff
    status:
      code: 200
      message: OK
- request:
    body: '{"location": "eastus", "identity": {"type": "SystemAssigned"}, "properties":
      {"administratorLogin": "admin123", "version": "12.0", "publicNetworkAccess":
      "Enabled", "restrictOutboundNetworkAccess": "Disabled"}}'
    headers:
      Accept:
      - application/json
      Accept-Encoding:
      - gzip, deflate
      CommandName:
      - sql server update
      Connection:
      - keep-alive
      Content-Length:
      - '210'
      Content-Type:
      - application/json
      ParameterSetName:
      - -g -n -i
      User-Agent:
      - AZURECLI/2.25.0 azsdk-python-mgmt-sql/3.0.0 Python/3.8.10 (macOS-10.16-x86_64-i386-64bit)
    method: PUT
    uri: https://management.azure.com/subscriptions/00000000-0000-0000-0000-000000000000/resourceGroups/clitest.rg000001/providers/Microsoft.Sql/servers/clitestserver000002?api-version=2021-02-01-preview
  response:
    body:
      string: '{"operation":"UpsertLogicalServer","startTime":"2021-06-29T06:36:08.533Z"}'
    headers:
      azure-asyncoperation:
      - https://management.azure.com/subscriptions/00000000-0000-0000-0000-000000000000/resourceGroups/clitest.rg000001/providers/Microsoft.Sql/locations/eastus/serverAzureAsyncOperation/04578911-a807-484c-973b-5b9cee4702bd?api-version=2021-02-01-preview
      cache-control:
      - no-cache
      content-length:
      - '74'
      content-type:
      - application/json; charset=utf-8
      date:
      - Tue, 29 Jun 2021 06:36:08 GMT
      expires:
      - '-1'
      location:
      - https://management.azure.com/subscriptions/00000000-0000-0000-0000-000000000000/resourceGroups/clitest.rg000001/providers/Microsoft.Sql/locations/eastus/serverOperationResults/04578911-a807-484c-973b-5b9cee4702bd?api-version=2021-02-01-preview
      pragma:
      - no-cache
      server:
      - Microsoft-HTTPAPI/2.0
      strict-transport-security:
      - max-age=31536000; includeSubDomains
      x-content-type-options:
      - nosniff
      x-ms-ratelimit-remaining-subscription-writes:
      - '1198'
    status:
      code: 202
      message: Accepted
- request:
    body: null
    headers:
      Accept:
      - '*/*'
      Accept-Encoding:
      - gzip, deflate
      CommandName:
      - sql server update
      Connection:
      - keep-alive
      ParameterSetName:
      - -g -n -i
      User-Agent:
      - AZURECLI/2.25.0 azsdk-python-mgmt-sql/3.0.0 Python/3.8.10 (macOS-10.16-x86_64-i386-64bit)
    method: GET
    uri: https://management.azure.com/subscriptions/00000000-0000-0000-0000-000000000000/resourceGroups/clitest.rg000001/providers/Microsoft.Sql/locations/eastus/serverAzureAsyncOperation/04578911-a807-484c-973b-5b9cee4702bd?api-version=2021-02-01-preview
  response:
    body:
      string: '{"name":"04578911-a807-484c-973b-5b9cee4702bd","status":"InProgress","startTime":"2021-06-29T06:36:08.533Z"}'
    headers:
      cache-control:
      - no-cache
      content-length:
      - '108'
      content-type:
      - application/json; charset=utf-8
      date:
      - Tue, 29 Jun 2021 06:36:09 GMT
      expires:
      - '-1'
      pragma:
      - no-cache
      server:
      - Microsoft-HTTPAPI/2.0
      strict-transport-security:
      - max-age=31536000; includeSubDomains
      transfer-encoding:
      - chunked
      vary:
      - Accept-Encoding
      x-content-type-options:
      - nosniff
    status:
      code: 200
      message: OK
- request:
    body: null
    headers:
      Accept:
      - '*/*'
      Accept-Encoding:
      - gzip, deflate
      CommandName:
      - sql server update
      Connection:
      - keep-alive
      ParameterSetName:
      - -g -n -i
      User-Agent:
      - AZURECLI/2.25.0 azsdk-python-mgmt-sql/3.0.0 Python/3.8.10 (macOS-10.16-x86_64-i386-64bit)
    method: GET
    uri: https://management.azure.com/subscriptions/00000000-0000-0000-0000-000000000000/resourceGroups/clitest.rg000001/providers/Microsoft.Sql/locations/eastus/serverAzureAsyncOperation/04578911-a807-484c-973b-5b9cee4702bd?api-version=2021-02-01-preview
  response:
    body:
      string: '{"name":"04578911-a807-484c-973b-5b9cee4702bd","status":"Succeeded","startTime":"2021-06-29T06:36:08.533Z"}'
    headers:
      cache-control:
      - no-cache
      content-length:
      - '107'
      content-type:
      - application/json; charset=utf-8
      date:
      - Tue, 29 Jun 2021 06:36:10 GMT
      expires:
      - '-1'
      pragma:
      - no-cache
      server:
      - Microsoft-HTTPAPI/2.0
      strict-transport-security:
      - max-age=31536000; includeSubDomains
      transfer-encoding:
      - chunked
      vary:
      - Accept-Encoding
      x-content-type-options:
      - nosniff
    status:
      code: 200
      message: OK
- request:
    body: null
    headers:
      Accept:
      - '*/*'
      Accept-Encoding:
      - gzip, deflate
      CommandName:
      - sql server update
      Connection:
      - keep-alive
      ParameterSetName:
      - -g -n -i
      User-Agent:
      - AZURECLI/2.25.0 azsdk-python-mgmt-sql/3.0.0 Python/3.8.10 (macOS-10.16-x86_64-i386-64bit)
    method: GET
    uri: https://management.azure.com/subscriptions/00000000-0000-0000-0000-000000000000/resourceGroups/clitest.rg000001/providers/Microsoft.Sql/servers/clitestserver000002?api-version=2021-02-01-preview
  response:
    body:
      string: '{"identity":{"principalId":"6e26539a-7faa-42dd-adf1-c891b4345da2","type":"SystemAssigned","tenantId":"72f988bf-86f1-41af-91ab-2d7cd011db47"},"kind":"v12.0","properties":{"administratorLogin":"admin123","version":"12.0","state":"Ready","fullyQualifiedDomainName":"clitestserver000002.database.windows.net","privateEndpointConnections":[],"publicNetworkAccess":"Enabled","restrictOutboundNetworkAccess":"Disabled"},"location":"eastus","id":"/subscriptions/00000000-0000-0000-0000-000000000000/resourceGroups/clitest.rg000001/providers/Microsoft.Sql/servers/clitestserver000002","name":"clitestserver000002","type":"Microsoft.Sql/servers"}'
    headers:
      cache-control:
      - no-cache
      content-length:
      - '824'
      content-type:
      - application/json; charset=utf-8
      date:
      - Tue, 29 Jun 2021 06:36:10 GMT
      expires:
      - '-1'
      pragma:
      - no-cache
      server:
      - Microsoft-HTTPAPI/2.0
      strict-transport-security:
      - max-age=31536000; includeSubDomains
      transfer-encoding:
      - chunked
      vary:
      - Accept-Encoding
      x-content-type-options:
      - nosniff
    status:
      code: 200
      message: OK
- request:
    body: null
    headers:
      Accept:
      - application/json
      Accept-Encoding:
      - gzip, deflate
      CommandName:
      - sql db create
      Connection:
      - keep-alive
      ParameterSetName:
      - -g --server --name
      User-Agent:
      - AZURECLI/2.25.0 azsdk-python-mgmt-sql/3.0.0 Python/3.8.10 (macOS-10.16-x86_64-i386-64bit)
    method: GET
    uri: https://management.azure.com/subscriptions/00000000-0000-0000-0000-000000000000/resourceGroups/clitest.rg000001/providers/Microsoft.Sql/servers/clitestserver000002?api-version=2021-02-01-preview
  response:
    body:
      string: '{"identity":{"principalId":"6e26539a-7faa-42dd-adf1-c891b4345da2","type":"SystemAssigned","tenantId":"72f988bf-86f1-41af-91ab-2d7cd011db47"},"kind":"v12.0","properties":{"administratorLogin":"admin123","version":"12.0","state":"Ready","fullyQualifiedDomainName":"clitestserver000002.database.windows.net","privateEndpointConnections":[],"publicNetworkAccess":"Enabled","restrictOutboundNetworkAccess":"Disabled"},"location":"eastus","id":"/subscriptions/00000000-0000-0000-0000-000000000000/resourceGroups/clitest.rg000001/providers/Microsoft.Sql/servers/clitestserver000002","name":"clitestserver000002","type":"Microsoft.Sql/servers"}'
    headers:
      cache-control:
      - no-cache
      content-length:
      - '824'
      content-type:
      - application/json; charset=utf-8
      date:
      - Tue, 29 Jun 2021 06:36:10 GMT
      expires:
      - '-1'
      pragma:
      - no-cache
      server:
      - Microsoft-HTTPAPI/2.0
      strict-transport-security:
      - max-age=31536000; includeSubDomains
      transfer-encoding:
      - chunked
      vary:
      - Accept-Encoding
      x-content-type-options:
      - nosniff
    status:
      code: 200
      message: OK
- request:
    body: null
    headers:
      Accept:
      - application/json
      Accept-Encoding:
      - gzip, deflate
      CommandName:
      - sql db create
      Connection:
      - keep-alive
      ParameterSetName:
      - -g --server --name
      User-Agent:
      - AZURECLI/2.25.0 azsdk-python-mgmt-sql/3.0.0 Python/3.8.10 (macOS-10.16-x86_64-i386-64bit)
    method: GET
    uri: https://management.azure.com/subscriptions/00000000-0000-0000-0000-000000000000/resourceGroups/clitest.rg000001/providers/Microsoft.Sql/servers/clitestserver000002?api-version=2021-02-01-preview
  response:
    body:
      string: '{"identity":{"principalId":"6e26539a-7faa-42dd-adf1-c891b4345da2","type":"SystemAssigned","tenantId":"72f988bf-86f1-41af-91ab-2d7cd011db47"},"kind":"v12.0","properties":{"administratorLogin":"admin123","version":"12.0","state":"Ready","fullyQualifiedDomainName":"clitestserver000002.database.windows.net","privateEndpointConnections":[],"publicNetworkAccess":"Enabled","restrictOutboundNetworkAccess":"Disabled"},"location":"eastus","id":"/subscriptions/00000000-0000-0000-0000-000000000000/resourceGroups/clitest.rg000001/providers/Microsoft.Sql/servers/clitestserver000002","name":"clitestserver000002","type":"Microsoft.Sql/servers"}'
    headers:
      cache-control:
      - no-cache
      content-length:
      - '824'
      content-type:
      - application/json; charset=utf-8
      date:
      - Tue, 29 Jun 2021 06:36:11 GMT
      expires:
      - '-1'
      pragma:
      - no-cache
      server:
      - Microsoft-HTTPAPI/2.0
      strict-transport-security:
      - max-age=31536000; includeSubDomains
      transfer-encoding:
      - chunked
      vary:
      - Accept-Encoding
      x-content-type-options:
      - nosniff
    status:
      code: 200
      message: OK
- request:
    body: '{"location": "eastus"}'
    headers:
      Accept:
      - application/json
      Accept-Encoding:
      - gzip, deflate
      CommandName:
      - sql db create
      Connection:
      - keep-alive
      Content-Length:
      - '22'
      Content-Type:
      - application/json
      ParameterSetName:
      - -g --server --name
      User-Agent:
      - AZURECLI/2.25.0 azsdk-python-mgmt-sql/3.0.0 Python/3.8.10 (macOS-10.16-x86_64-i386-64bit)
    method: PUT
    uri: https://management.azure.com/subscriptions/00000000-0000-0000-0000-000000000000/resourceGroups/clitest.rg000001/providers/Microsoft.Sql/servers/clitestserver000002/databases/sqltdebyok000003?api-version=2021-02-01-preview
  response:
    body:
      string: '{"operation":"CreateLogicalDatabase","startTime":"2021-06-29T06:36:13.98Z"}'
    headers:
      azure-asyncoperation:
      - https://management.azure.com/subscriptions/00000000-0000-0000-0000-000000000000/resourceGroups/clitest.rg000001/providers/Microsoft.Sql/locations/eastus/databaseAzureAsyncOperation/8f110fc6-e0aa-45fa-b335-98574ca9cc41?api-version=2021-02-01-preview
      cache-control:
      - no-cache
      content-length:
      - '75'
      content-type:
      - application/json; charset=utf-8
      date:
      - Tue, 29 Jun 2021 06:36:13 GMT
      expires:
      - '-1'
      location:
      - https://management.azure.com/subscriptions/00000000-0000-0000-0000-000000000000/resourceGroups/clitest.rg000001/providers/Microsoft.Sql/locations/eastus/databaseOperationResults/8f110fc6-e0aa-45fa-b335-98574ca9cc41?api-version=2021-02-01-preview
      pragma:
      - no-cache
      server:
      - Microsoft-HTTPAPI/2.0
      strict-transport-security:
      - max-age=31536000; includeSubDomains
      x-content-type-options:
      - nosniff
      x-ms-ratelimit-remaining-subscription-writes:
      - '1199'
    status:
      code: 202
      message: Accepted
- request:
    body: null
    headers:
      Accept:
      - '*/*'
      Accept-Encoding:
      - gzip, deflate
      CommandName:
      - sql db create
      Connection:
      - keep-alive
      ParameterSetName:
      - -g --server --name
      User-Agent:
      - AZURECLI/2.25.0 azsdk-python-mgmt-sql/3.0.0 Python/3.8.10 (macOS-10.16-x86_64-i386-64bit)
    method: GET
    uri: https://management.azure.com/subscriptions/00000000-0000-0000-0000-000000000000/resourceGroups/clitest.rg000001/providers/Microsoft.Sql/locations/eastus/databaseAzureAsyncOperation/8f110fc6-e0aa-45fa-b335-98574ca9cc41?api-version=2021-02-01-preview
  response:
    body:
      string: '{"name":"8f110fc6-e0aa-45fa-b335-98574ca9cc41","status":"InProgress","startTime":"2021-06-29T06:36:13.98Z"}'
    headers:
      cache-control:
      - no-cache
      content-length:
      - '107'
      content-type:
      - application/json; charset=utf-8
      date:
      - Tue, 29 Jun 2021 06:36:29 GMT
      expires:
      - '-1'
      pragma:
      - no-cache
      server:
      - Microsoft-HTTPAPI/2.0
      strict-transport-security:
      - max-age=31536000; includeSubDomains
      transfer-encoding:
      - chunked
      vary:
      - Accept-Encoding
      x-content-type-options:
      - nosniff
    status:
      code: 200
      message: OK
- request:
    body: null
    headers:
      Accept:
      - '*/*'
      Accept-Encoding:
      - gzip, deflate
      CommandName:
      - sql db create
      Connection:
      - keep-alive
      ParameterSetName:
      - -g --server --name
      User-Agent:
      - AZURECLI/2.25.0 azsdk-python-mgmt-sql/3.0.0 Python/3.8.10 (macOS-10.16-x86_64-i386-64bit)
    method: GET
    uri: https://management.azure.com/subscriptions/00000000-0000-0000-0000-000000000000/resourceGroups/clitest.rg000001/providers/Microsoft.Sql/locations/eastus/databaseAzureAsyncOperation/8f110fc6-e0aa-45fa-b335-98574ca9cc41?api-version=2021-02-01-preview
  response:
    body:
      string: '{"name":"8f110fc6-e0aa-45fa-b335-98574ca9cc41","status":"InProgress","startTime":"2021-06-29T06:36:13.98Z"}'
    headers:
      cache-control:
      - no-cache
      content-length:
      - '107'
      content-type:
      - application/json; charset=utf-8
      date:
      - Tue, 29 Jun 2021 06:36:44 GMT
      expires:
      - '-1'
      pragma:
      - no-cache
      server:
      - Microsoft-HTTPAPI/2.0
      strict-transport-security:
      - max-age=31536000; includeSubDomains
      transfer-encoding:
      - chunked
      vary:
      - Accept-Encoding
      x-content-type-options:
      - nosniff
    status:
      code: 200
      message: OK
- request:
    body: null
    headers:
      Accept:
      - '*/*'
      Accept-Encoding:
      - gzip, deflate
      CommandName:
      - sql db create
      Connection:
      - keep-alive
      ParameterSetName:
      - -g --server --name
      User-Agent:
      - AZURECLI/2.25.0 azsdk-python-mgmt-sql/3.0.0 Python/3.8.10 (macOS-10.16-x86_64-i386-64bit)
    method: GET
    uri: https://management.azure.com/subscriptions/00000000-0000-0000-0000-000000000000/resourceGroups/clitest.rg000001/providers/Microsoft.Sql/locations/eastus/databaseAzureAsyncOperation/8f110fc6-e0aa-45fa-b335-98574ca9cc41?api-version=2021-02-01-preview
  response:
    body:
      string: '{"name":"8f110fc6-e0aa-45fa-b335-98574ca9cc41","status":"InProgress","startTime":"2021-06-29T06:36:13.98Z"}'
    headers:
      cache-control:
      - no-cache
      content-length:
      - '107'
      content-type:
      - application/json; charset=utf-8
      date:
      - Tue, 29 Jun 2021 06:36:59 GMT
      expires:
      - '-1'
      pragma:
      - no-cache
      server:
      - Microsoft-HTTPAPI/2.0
      strict-transport-security:
      - max-age=31536000; includeSubDomains
      transfer-encoding:
      - chunked
      vary:
      - Accept-Encoding
      x-content-type-options:
      - nosniff
    status:
      code: 200
      message: OK
- request:
    body: null
    headers:
      Accept:
      - '*/*'
      Accept-Encoding:
      - gzip, deflate
      CommandName:
      - sql db create
      Connection:
      - keep-alive
      ParameterSetName:
      - -g --server --name
      User-Agent:
      - AZURECLI/2.25.0 azsdk-python-mgmt-sql/3.0.0 Python/3.8.10 (macOS-10.16-x86_64-i386-64bit)
    method: GET
    uri: https://management.azure.com/subscriptions/00000000-0000-0000-0000-000000000000/resourceGroups/clitest.rg000001/providers/Microsoft.Sql/locations/eastus/databaseAzureAsyncOperation/8f110fc6-e0aa-45fa-b335-98574ca9cc41?api-version=2021-02-01-preview
  response:
    body:
      string: '{"name":"8f110fc6-e0aa-45fa-b335-98574ca9cc41","status":"Succeeded","startTime":"2021-06-29T06:36:13.98Z"}'
    headers:
      cache-control:
      - no-cache
      content-length:
      - '106'
      content-type:
      - application/json; charset=utf-8
      date:
      - Tue, 29 Jun 2021 06:37:14 GMT
      expires:
      - '-1'
      pragma:
      - no-cache
      server:
      - Microsoft-HTTPAPI/2.0
      strict-transport-security:
      - max-age=31536000; includeSubDomains
      transfer-encoding:
      - chunked
      vary:
      - Accept-Encoding
      x-content-type-options:
      - nosniff
    status:
      code: 200
      message: OK
- request:
    body: null
    headers:
      Accept:
      - '*/*'
      Accept-Encoding:
      - gzip, deflate
      CommandName:
      - sql db create
      Connection:
      - keep-alive
      ParameterSetName:
      - -g --server --name
      User-Agent:
      - AZURECLI/2.25.0 azsdk-python-mgmt-sql/3.0.0 Python/3.8.10 (macOS-10.16-x86_64-i386-64bit)
    method: GET
    uri: https://management.azure.com/subscriptions/00000000-0000-0000-0000-000000000000/resourceGroups/clitest.rg000001/providers/Microsoft.Sql/servers/clitestserver000002/databases/sqltdebyok000003?api-version=2021-02-01-preview
  response:
    body:
      string: '{"sku":{"name":"GP_Gen5","tier":"GeneralPurpose","family":"Gen5","capacity":2},"kind":"v12.0,user,vcore","properties":{"collation":"SQL_Latin1_General_CP1_CI_AS","maxSizeBytes":34359738368,"status":"Online","databaseId":"03a88887-4f17-4160-afb4-6dee6cc6c515","creationDate":"2021-06-29T06:37:01.183Z","currentServiceObjectiveName":"GP_Gen5_2","requestedServiceObjectiveName":"GP_Gen5_2","defaultSecondaryLocation":"westus","catalogCollation":"SQL_Latin1_General_CP1_CI_AS","zoneRedundant":false,"licenseType":"LicenseIncluded","maxLogSizeBytes":68719476736,"readScale":"Disabled","currentSku":{"name":"GP_Gen5","tier":"GeneralPurpose","family":"Gen5","capacity":2},"currentBackupStorageRedundancy":"Geo","requestedBackupStorageRedundancy":"Geo","maintenanceConfigurationId":"/subscriptions/00000000-0000-0000-0000-000000000000/providers/Microsoft.Maintenance/publicMaintenanceConfigurations/SQL_Default","isLedgerOn":false,"isInfraEncryptionEnabled":false},"location":"eastus","id":"/subscriptions/00000000-0000-0000-0000-000000000000/resourceGroups/clitest.rg000001/providers/Microsoft.Sql/servers/clitestserver000002/databases/sqltdebyok000003","name":"sqltdebyok000003","type":"Microsoft.Sql/servers/databases"}'
    headers:
      cache-control:
      - no-cache
      content-length:
      - '1324'
      content-type:
      - application/json; charset=utf-8
      date:
      - Tue, 29 Jun 2021 06:37:14 GMT
      expires:
      - '-1'
      pragma:
      - no-cache
      server:
      - Microsoft-HTTPAPI/2.0
      strict-transport-security:
      - max-age=31536000; includeSubDomains
      transfer-encoding:
      - chunked
      vary:
      - Accept-Encoding
      x-content-type-options:
      - nosniff
    status:
      code: 200
      message: OK
- request:
    body: null
    headers:
      Accept:
      - application/json
      Accept-Encoding:
      - gzip, deflate
      CommandName:
      - keyvault create
      Connection:
      - keep-alive
      ParameterSetName:
      - -g -n --enable-soft-delete
      User-Agent:
      - AZURECLI/2.25.0 azsdk-python-azure-mgmt-resource/18.0.0 Python/3.8.10 (macOS-10.16-x86_64-i386-64bit)
    method: GET
    uri: https://management.azure.com/subscriptions/00000000-0000-0000-0000-000000000000/resourcegroups/clitest.rg000001?api-version=2020-10-01
  response:
    body:
      string: '{"id":"/subscriptions/00000000-0000-0000-0000-000000000000/resourceGroups/clitest.rg000001","name":"clitest.rg000001","type":"Microsoft.Resources/resourceGroups","location":"eastus","tags":{"product":"azurecli","cause":"automation","date":"2021-06-29T06:34:54Z"},"properties":{"provisioningState":"Succeeded"}}'
    headers:
      cache-control:
      - no-cache
      content-length:
      - '428'
      content-type:
      - application/json; charset=utf-8
      date:
      - Tue, 29 Jun 2021 06:37:17 GMT
      expires:
      - '-1'
      pragma:
      - no-cache
      strict-transport-security:
      - max-age=31536000; includeSubDomains
      vary:
      - Accept-Encoding
      x-content-type-options:
      - nosniff
    status:
      code: 200
      message: OK
- request:
    body: null
    headers:
      Accept:
      - application/json
      Accept-Encoding:
      - gzip, deflate
      Connection:
      - keep-alive
      User-Agent:
      - python/3.8.10 (macOS-10.16-x86_64-i386-64bit) msrest/0.6.21 msrest_azure/0.6.3
        azure-graphrbac/0.60.0 Azure-SDK-For-Python
      accept-language:
      - en-US
    method: GET
    uri: https://graph.windows.net/00000000-0000-0000-0000-000000000000/me?api-version=1.6
  response:
    body:
      string: '{"odata.metadata":"https://graph.windows.net/00000000-0000-0000-0000-000000000000/$metadata#directoryObjects/@Element","odata.type":"Microsoft.DirectoryServices.User","objectType":"User","objectId":"428ad529-6e1a-4db7-a846-468f544b97f8","deletionTimestamp":null,"accountEnabled":true,"ageGroup":null,"assignedLicenses":[{"disabledPlans":["cd31b152-6326-4d1b-ae1b-997b625182e6","a413a9ff-720c-4822-98ef-2f37c2a21f4c","a6520331-d7d4-4276-95f5-15c0933bc757","ded3d325-1bdc-453e-8432-5bac26d7a014","afa73018-811e-46e9-988f-f75d2b1b8430","b21a6b06-1988-436e-a07b-51ec6d9f52ad","531ee2f8-b1cb-453b-9c21-d2180d014ca5","bf28f719-7844-4079-9c78-c1307898e192","28b0fa46-c39a-4188-89e2-58e979a6b014","199a5c09-e0ca-4e37-8f7c-b05d533e1ea2","65cc641f-cccd-4643-97e0-a17e3045e541","e26c2fcc-ab91-4a61-b35c-03cdc8dddf66","46129a58-a698-46f0-aa5b-17f6586297d9","6db1f1db-2b46-403f-be40-e39395f08dbb","6dc145d6-95dd-4191-b9c3-185575ee6f6b","41fcdd7d-4733-4863-9cf4-c65b83ce2df4","c4801e8a-cb58-4c35-aca6-f2dcc106f287","0898bdbb-73b0-471a-81e5-20f1fe4dd66e","617b097b-4b93-4ede-83de-5f075bb5fb2f","33c4f319-9bdd-48d6-9c4d-410b750a4a5a","8e0c0a52-6a6c-4d40-8370-dd62790dcd70","4828c8ec-dc2e-4779-b502-87ac9ce28ab7","3e26ee1f-8a5f-4d52-aee2-b81ce45c8f40"],"skuId":"c7df2760-2c81-4ef7-b578-5b5392b571df"},{"disabledPlans":[],"skuId":"3d957427-ecdc-4df2-aacd-01cc9d519da8"},{"disabledPlans":[],"skuId":"85aae730-b3d1-4f99-bb28-c9f81b05137c"},{"disabledPlans":[],"skuId":"9f3d9c1d-25a5-4aaa-8e59-23a1e6450a67"},{"disabledPlans":[],"skuId":"26a18e8f-4d14-46f8-835a-ed3ba424a961"},{"disabledPlans":[],"skuId":"412ce1a7-a499-41b3-8eb6-b38f2bbc5c3f"},{"disabledPlans":["39b5c996-467e-4e60-bd62-46066f572726"],"skuId":"90d8b3f8-712e-4f7b-aa1e-62e7ae6cbe96"},{"disabledPlans":[],"skuId":"c5928f49-12ba-48f7-ada3-0d743a3601d5"},{"disabledPlans":[],"skuId":"b05e124f-c7cc-45a0-a6aa-8cf78c946968"},{"disabledPlans":["e95bec33-7c88-4a70-8e19-b10bd9d0c014","5dbe027f-2339-4123-9542-606e4d348a72"],"skuId":"09015f9f-377f-4538-bbb5-f75ceb09358a"},{"disabledPlans":[],"skuId":"488ba24a-39a9-4473-8ee5-19291e71b002"},{"disabledPlans":["0b03f40b-c404-40c3-8651-2aceb74365fa","b650d915-9886-424b-a08d-633cede56f57","e95bec33-7c88-4a70-8e19-b10bd9d0c014","5dbe027f-2339-4123-9542-606e4d348a72","fe71d6c3-a2ea-4499-9778-da042bf08063","fafd7243-e5c1-4a3a-9e40-495efcb1d3c3"],"skuId":"ea126fc5-a19e-42e2-a731-da9d437bffcf"}],"assignedPlans":[{"assignedTimestamp":"2021-06-22T15:13:56Z","capabilityStatus":"Enabled","service":"WindowsUpdateforBusinessCloudExtensions","servicePlanId":"7bf960f6-2cd9-443a-8046-5dbff9558365"},{"assignedTimestamp":"2021-06-22T15:13:56Z","capabilityStatus":"Enabled","service":"SharePoint","servicePlanId":"fe71d6c3-a2ea-4499-9778-da042bf08063"},{"assignedTimestamp":"2021-06-22T15:13:56Z","capabilityStatus":"Enabled","service":"exchange","servicePlanId":"199a5c09-e0ca-4e37-8f7c-b05d533e1ea2"},{"assignedTimestamp":"2021-06-22T15:13:56Z","capabilityStatus":"Enabled","service":"SharePoint","servicePlanId":"e95bec33-7c88-4a70-8e19-b10bd9d0c014"},{"assignedTimestamp":"2021-06-22T15:13:56Z","capabilityStatus":"Enabled","service":"SharePoint","servicePlanId":"5dbe027f-2339-4123-9542-606e4d348a72"},{"assignedTimestamp":"2021-06-22T15:13:56Z","capabilityStatus":"Enabled","service":"MicrosoftOffice","servicePlanId":"fafd7243-e5c1-4a3a-9e40-495efcb1d3c3"},{"assignedTimestamp":"2021-04-15T23:50:53Z","capabilityStatus":"Deleted","service":"MIPExchangeSolutions","servicePlanId":"cd31b152-6326-4d1b-ae1b-997b625182e6"},{"assignedTimestamp":"2021-01-20T20:24:32Z","capabilityStatus":"Enabled","service":"WorkplaceAnalytics","servicePlanId":"f477b0f0-3bb1-4890-940c-40fcee6ce05f"},{"assignedTimestamp":"2020-12-22T02:19:30Z","capabilityStatus":"Enabled","service":"exchange","servicePlanId":"2f442157-a11c-46b9-ae5b-6e39ff4e5849"},{"assignedTimestamp":"2020-12-12T21:45:42Z","capabilityStatus":"Enabled","service":"CRM","servicePlanId":"18fa3aba-b085-4105-87d7-55617b8585e6"},{"assignedTimestamp":"2020-12-12T21:45:42Z","capabilityStatus":"Enabled","service":"ERP","servicePlanId":"69f07c66-bee4-4222-b051-195095efee5b"},{"assignedTimestamp":"2020-12-12T21:45:42Z","capabilityStatus":"Enabled","service":"ProjectProgramsAndPortfolios","servicePlanId":"0a05d977-a21a-45b2-91ce-61c240dbafa2"},{"assignedTimestamp":"2020-11-03T22:57:48Z","capabilityStatus":"Deleted","service":"M365CommunicationCompliance","servicePlanId":"a413a9ff-720c-4822-98ef-2f37c2a21f4c"},{"assignedTimestamp":"2020-10-29T23:32:05Z","capabilityStatus":"Enabled","service":"ProcessSimple","servicePlanId":"7e6d7d78-73de-46ba-83b1-6d25117334ba"},{"assignedTimestamp":"2020-08-15T02:26:58Z","capabilityStatus":"Enabled","service":"YammerEnterprise","servicePlanId":"7547a3fe-08ee-4ccb-b430-5077c5041653"},{"assignedTimestamp":"2020-08-04T07:22:44Z","capabilityStatus":"Enabled","service":"exchange","servicePlanId":"b622badb-1b45-48d5-920f-4b27a2c0996c"},{"assignedTimestamp":"2020-08-04T07:22:44Z","capabilityStatus":"Enabled","service":"exchange","servicePlanId":"f3d5636e-ddc2-41bf-bba6-ca6fadece269"},{"assignedTimestamp":"2020-06-18T16:56:53Z","capabilityStatus":"Enabled","service":"MicrosoftPrint","servicePlanId":"795f6fe0-cc4d-4773-b050-5dde4dc704c9"},{"assignedTimestamp":"2020-05-20T16:06:25Z","capabilityStatus":"Enabled","service":"MicrosoftCommunicationsOnline","servicePlanId":"018fb91e-cee3-418c-9063-d7562978bdaf"},{"assignedTimestamp":"2020-05-20T16:06:24Z","capabilityStatus":"Enabled","service":"MicrosoftCommunicationsOnline","servicePlanId":"ca4be917-fbce-4b52-839e-6647467a1668"},{"assignedTimestamp":"2020-05-14T23:22:37Z","capabilityStatus":"Enabled","service":"exchange","servicePlanId":"9f431833-0334-42de-a7dc-70aa40db46db"},{"assignedTimestamp":"2020-05-14T23:22:37Z","capabilityStatus":"Enabled","service":"exchange","servicePlanId":"efb87545-963c-4e0d-99df-69c6916d9eb0"},{"assignedTimestamp":"2020-05-14T23:22:37Z","capabilityStatus":"Enabled","service":"exchange","servicePlanId":"34c0d7a0-a70f-4668-9238-47f9fc208882"},{"assignedTimestamp":"2020-05-14T07:23:07Z","capabilityStatus":"Enabled","service":"MicrosoftCommunicationsOnline","servicePlanId":"0feaeb32-d00e-4d66-bd5a-43b5b83db82c"},{"assignedTimestamp":"2020-05-14T07:23:07Z","capabilityStatus":"Enabled","service":"ProcessSimple","servicePlanId":"07699545-9485-468e-95b6-2fca3738be01"},{"assignedTimestamp":"2020-05-14T07:23:07Z","capabilityStatus":"Enabled","service":"Adallom","servicePlanId":"8c098270-9dd4-4350-9b30-ba4703f3b36b"},{"assignedTimestamp":"2020-05-14T07:23:07Z","capabilityStatus":"Enabled","service":"exchange","servicePlanId":"b1188c4c-1b36-4018-b48b-ee07604f6feb"},{"assignedTimestamp":"2020-05-14T07:23:07Z","capabilityStatus":"Enabled","service":"MicrosoftStream","servicePlanId":"6c6042f5-6f01-4d67-b8c1-eb99d36eed3e"},{"assignedTimestamp":"2020-05-14T07:23:07Z","capabilityStatus":"Enabled","service":"AADPremiumService","servicePlanId":"41781fb2-bc02-4b7c-bd55-b576c07bb09d"},{"assignedTimestamp":"2020-05-14T07:23:07Z","capabilityStatus":"Enabled","service":"Sway","servicePlanId":"a23b959c-7ce8-4e57-9140-b90eb88a9e97"},{"assignedTimestamp":"2020-05-14T07:23:07Z","capabilityStatus":"Enabled","service":"exchange","servicePlanId":"5136a095-5cf0-4aff-bec3-e84448b38ea5"},{"assignedTimestamp":"2020-05-14T07:23:07Z","capabilityStatus":"Enabled","service":"PowerBI","servicePlanId":"70d33638-9c74-4d01-bfd3-562de28bd4ba"},{"assignedTimestamp":"2020-05-14T07:23:07Z","capabilityStatus":"Enabled","service":"ProjectWorkManagement","servicePlanId":"b737dad2-2f6c-4c65-90e3-ca563267e8b9"},{"assignedTimestamp":"2020-05-14T07:23:07Z","capabilityStatus":"Enabled","service":"RMSOnline","servicePlanId":"bea4c11e-220a-4e6d-8eb8-8ea15d019f90"},{"assignedTimestamp":"2020-05-14T07:23:07Z","capabilityStatus":"Enabled","service":"AADPremiumService","servicePlanId":"eec0eb4f-6444-4f95-aba0-50c24d67f998"},{"assignedTimestamp":"2020-05-14T07:23:07Z","capabilityStatus":"Enabled","service":"ProjectProgramsAndPortfolios","servicePlanId":"818523f5-016b-4355-9be8-ed6944946ea7"},{"assignedTimestamp":"2020-05-14T07:23:07Z","capabilityStatus":"Enabled","service":"OfficeForms","servicePlanId":"e212cbc7-0961-4c40-9825-01117710dcb1"},{"assignedTimestamp":"2020-05-14T07:23:07Z","capabilityStatus":"Enabled","service":"exchange","servicePlanId":"4de31727-a228-4ec3-a5bf-8e45b5ca48cc"},{"assignedTimestamp":"2020-05-14T07:23:07Z","capabilityStatus":"Enabled","service":"SCO","servicePlanId":"c1ec4a95-1f05-45b3-a911-aa3fa01094f5"},{"assignedTimestamp":"2020-05-14T07:23:07Z","capabilityStatus":"Enabled","service":"SharePoint","servicePlanId":"2bdbaf8f-738f-4ac7-9234-3c3ee2ce7d0f"},{"assignedTimestamp":"2020-05-14T07:23:07Z","capabilityStatus":"Enabled","service":"MicrosoftOffice","servicePlanId":"663a804f-1c30-4ff0-9915-9db84f0d1cea"},{"assignedTimestamp":"2020-05-14T07:23:07Z","capabilityStatus":"Enabled","service":"TeamspaceAPI","servicePlanId":"57ff2da0-773e-42df-b2af-ffb7a2317929"},{"assignedTimestamp":"2020-05-14T07:23:07Z","capabilityStatus":"Enabled","service":"AzureAdvancedThreatAnalytics","servicePlanId":"14ab5db5-e6c4-4b20-b4bc-13e36fd2227f"},{"assignedTimestamp":"2020-05-14T07:23:07Z","capabilityStatus":"Enabled","service":"PowerAppsService","servicePlanId":"9c0dab89-a30c-4117-86e7-97bda240acd2"},{"assignedTimestamp":"2020-05-14T07:23:07Z","capabilityStatus":"Enabled","service":"exchange","servicePlanId":"efb0351d-3b08-4503-993d-383af8de41e3"},{"assignedTimestamp":"2020-05-14T07:23:07Z","capabilityStatus":"Enabled","service":"SharePoint","servicePlanId":"da792a53-cbc0-4184-a10d-e544dd34b3c1"},{"assignedTimestamp":"2020-05-14T07:23:07Z","capabilityStatus":"Enabled","service":"Deskless","servicePlanId":"8c7d2df8-86f0-4902-b2ed-a0458298f3b3"},{"assignedTimestamp":"2020-05-14T07:23:07Z","capabilityStatus":"Enabled","service":"RMSOnline","servicePlanId":"6c57d4b6-3b23-47a5-9bc9-69f17b4947b3"},{"assignedTimestamp":"2020-05-14T07:23:07Z","capabilityStatus":"Enabled","service":"MultiFactorService","servicePlanId":"8a256a2b-b617-496d-b51b-e76466e88db0"},{"assignedTimestamp":"2020-05-14T07:23:07Z","capabilityStatus":"Enabled","service":"ProcessSimple","servicePlanId":"fa200448-008c-4acb-abd4-ea106ed2199d"},{"assignedTimestamp":"2020-05-14T07:23:07Z","capabilityStatus":"Enabled","service":"To-Do","servicePlanId":"3fb82609-8c27-4f7b-bd51-30634711ee67"},{"assignedTimestamp":"2020-05-14T07:23:07Z","capabilityStatus":"Enabled","service":"RMSOnline","servicePlanId":"5689bec4-755d-4753-8b61-40975025187c"},{"assignedTimestamp":"2020-05-14T07:23:07Z","capabilityStatus":"Enabled","service":"WhiteboardServices","servicePlanId":"4a51bca5-1eff-43f5-878c-177680f191af"},{"assignedTimestamp":"2020-05-14T07:23:07Z","capabilityStatus":"Enabled","service":"MicrosoftOffice","servicePlanId":"43de0ff5-c92c-492b-9116-175376d08c38"},{"assignedTimestamp":"2020-05-14T07:23:07Z","capabilityStatus":"Enabled","service":"CRM","servicePlanId":"50554c47-71d9-49fd-bc54-42a2765c555c"},{"assignedTimestamp":"2020-05-14T07:23:07Z","capabilityStatus":"Enabled","service":"Adallom","servicePlanId":"2e2ddb96-6af9-4b1d-a3f0-d6ecfd22edb2"},{"assignedTimestamp":"2020-05-14T04:25:41Z","capabilityStatus":"Enabled","service":"WindowsDefenderATP","servicePlanId":"871d91ec-ec1a-452b-a83f-bd76c7d770ef"},{"assignedTimestamp":"2020-05-14T04:25:41Z","capabilityStatus":"Enabled","service":"Windows","servicePlanId":"e7c91390-7625-45be-94e0-e16907e03118"},{"assignedTimestamp":"2020-05-14T04:25:32Z","capabilityStatus":"Enabled","service":"Netbreeze","servicePlanId":"03acaee3-9492-4f40-aed4-bcb6b32981b6"},{"assignedTimestamp":"2020-05-14T04:25:32Z","capabilityStatus":"Enabled","service":"DYN365AISERVICEINSIGHTS","servicePlanId":"1412cdc1-d593-4ad1-9050-40c30ad0b023"},{"assignedTimestamp":"2020-05-14T04:25:32Z","capabilityStatus":"Enabled","service":"CRM","servicePlanId":"d56f3deb-50d8-465a-bedb-f079817ccac1"},{"assignedTimestamp":"2020-05-14T04:25:32Z","capabilityStatus":"Enabled","service":"MicrosoftFormsProTest","servicePlanId":"97f29a83-1a20-44ff-bf48-5e4ad11f3e51"}],"city":"SUNNYVALE","companyName":"MICROSOFT","consentProvidedForMinor":null,"country":null,"createdDateTime":"2020-05-14T04:22:46Z","creationType":null,"department":"COGS
        Data - SQL DB","dirSyncEnabled":true,"displayName":"Ji Wang","employeeId":null,"facsimileTelephoneNumber":null,"givenName":"Ji","immutableId":"6096437","isCompromised":null,"jobTitle":"SOFTWARE
        ENGINEER","lastDirSyncTime":"2021-04-01T18:49:44Z","legalAgeGroupClassification":null,"mail":"ji.wang@microsoft.com","mailNickname":"jiwang5","mobile":null,"onPremisesDistinguishedName":"CN=Ji
        Wang,OU=MSE,OU=Users,OU=CoreIdentity,DC=redmond,DC=corp,DC=microsoft,DC=com","onPremisesSecurityIdentifier":"S-1-5-21-2127521184-1604012920-1887927527-42855827","otherMails":[],"passwordPolicies":"DisablePasswordExpiration","passwordProfile":null,"physicalDeliveryOfficeName":"SUNNYVALE-599/1064","postalCode":null,"preferredLanguage":null,"provisionedPlans":[{"capabilityStatus":"Enabled","provisioningStatus":"Success","service":"SharePoint"},{"capabilityStatus":"Enabled","provisioningStatus":"Success","service":"SharePoint"},{"capabilityStatus":"Enabled","provisioningStatus":"Success","service":"SharePoint"},{"capabilityStatus":"Enabled","provisioningStatus":"Success","service":"exchange"},{"capabilityStatus":"Enabled","provisioningStatus":"Success","service":"exchange"},{"capabilityStatus":"Enabled","provisioningStatus":"Success","service":"CRM"},{"capabilityStatus":"Enabled","provisioningStatus":"Success","service":"exchange"},{"capabilityStatus":"Enabled","provisioningStatus":"Success","service":"exchange"},{"capabilityStatus":"Enabled","provisioningStatus":"Success","service":"MicrosoftCommunicationsOnline"},{"capabilityStatus":"Enabled","provisioningStatus":"Success","service":"MicrosoftCommunicationsOnline"},{"capabilityStatus":"Enabled","provisioningStatus":"Success","service":"CRM"},{"capabilityStatus":"Enabled","provisioningStatus":"Success","service":"CRM"},{"capabilityStatus":"Enabled","provisioningStatus":"Success","service":"exchange"},{"capabilityStatus":"Enabled","provisioningStatus":"Success","service":"exchange"},{"capabilityStatus":"Enabled","provisioningStatus":"Success","service":"exchange"},{"capabilityStatus":"Enabled","provisioningStatus":"Success","service":"SharePoint"},{"capabilityStatus":"Enabled","provisioningStatus":"Success","service":"SharePoint"},{"capabilityStatus":"Enabled","provisioningStatus":"Success","service":"MicrosoftCommunicationsOnline"},{"capabilityStatus":"Enabled","provisioningStatus":"Success","service":"exchange"},{"capabilityStatus":"Enabled","provisioningStatus":"Success","service":"exchange"},{"capabilityStatus":"Enabled","provisioningStatus":"Success","service":"exchange"},{"capabilityStatus":"Enabled","provisioningStatus":"Success","service":"exchange"}],"provisioningErrors":[],"proxyAddresses":["smtp:jiwang5@microsoft.com","SMTP:ji.wang@microsoft.com","x500:/o=ExchangeLabs/ou=Exchange
        Administrative Group (FYDIBOHF23SPDLT)/cn=Recipients/cn=086cc1ea21ce4b8593ab3a6cce0bb52a-Ji
        Wang","X500:/o=microsoft/ou=Exchange Administrative Group (FYDIBOHF23SPDLT)/cn=Recipients/cn=bb872e25ec3f438ba199ce91177a363f-Ji
        Wang","X500:/o=microsoft/ou=Exchange Administrative Group (FYDIBOHF23SPDLT)/cn=Recipients/cn=41920e2654b54aad8357fb27b35d9db1-Ji
        Wang","smtp:jiwang5@microsoft.onmicrosoft.com","smtp:jiwang5@service.microsoft.com"],"refreshTokensValidFromDateTime":"2020-05-18T17:53:07Z","showInAddressList":null,"signInNames":[],"sipProxyAddress":"jiwang5@microsoft.com","state":null,"streetAddress":null,"surname":"Wang","telephoneNumber":"+1
        (425) 5386606","thumbnailPhoto@odata.mediaEditLink":"directoryObjects/428ad529-6e1a-4db7-a846-468f544b97f8/Microsoft.DirectoryServices.User/thumbnailPhoto","usageLocation":"US","userIdentities":[],"userPrincipalName":"jiwang5@microsoft.com","userState":null,"userStateChangedOn":null,"userType":"Member","extension_18e31482d3fb4a8ea958aa96b662f508_ReportsToPersonnelNbr":"425410","extension_18e31482d3fb4a8ea958aa96b662f508_ReportsToFullName":"Sahasrabudhe,
        Apurva N","extension_18e31482d3fb4a8ea958aa96b662f508_ReportsToEmailName":"APURVS","extension_18e31482d3fb4a8ea958aa96b662f508_ZipCode":"94085-3505","extension_18e31482d3fb4a8ea958aa96b662f508_StateProvinceCode":"CA","extension_18e31482d3fb4a8ea958aa96b662f508_CountryShortCode":"US","extension_18e31482d3fb4a8ea958aa96b662f508_CityName":"SUNNYVALE","extension_18e31482d3fb4a8ea958aa96b662f508_BuildingName":"SUNNYVALE-599","extension_18e31482d3fb4a8ea958aa96b662f508_BuildingID":"102600","extension_18e31482d3fb4a8ea958aa96b662f508_AddressLine1":"599
        North Mathilda Avenue","extension_18e31482d3fb4a8ea958aa96b662f508_SupervisorInd":"N","extension_18e31482d3fb4a8ea958aa96b662f508_ProfitCenterCode":"P42477","extension_18e31482d3fb4a8ea958aa96b662f508_PositionNumber":"90765786","extension_18e31482d3fb4a8ea958aa96b662f508_LocationAreaCode":"US","extension_18e31482d3fb4a8ea958aa96b662f508_CostCenterCode":"42477","extension_18e31482d3fb4a8ea958aa96b662f508_CompanyCode":"1010","extension_18e31482d3fb4a8ea958aa96b662f508_PersonnelNumber":"6096437"}'
    headers:
      access-control-allow-origin:
      - '*'
      cache-control:
      - no-cache
      content-length:
      - '17126'
      content-type:
      - application/json; odata=minimalmetadata; streaming=true; charset=utf-8
      dataserviceversion:
      - 3.0;
      date:
      - Tue, 29 Jun 2021 06:37:17 GMT
      duration:
      - '1062294'
      expires:
      - '-1'
      ocp-aad-diagnostics-server-name:
      - a8ox+EQ9ghooC/yzl0VuYxGr3uTc9mWUrd55Qd+gaKc=
      ocp-aad-session-key:
      - WTmHg5CeKLXxFxHoJ_EineexIaotvAGdLtulOVCS62aT3YfNRGJ1E662nTcMbHYHgGTbeRAbJzD-zvgEQ_COoc0GKklDsej_pCkHVu6ju21CVfDlSJPkujSgXUN5_KXm.L2VdsVlRiA6FxZkiZstMMM6Ufmvj4OKDWspMmXCQ-O4
      pragma:
      - no-cache
      request-id:
      - 960a2585-311d-41d9-b222-324717ed7a44
      strict-transport-security:
      - max-age=31536000; includeSubDomains
      x-aspnet-version:
      - 4.0.30319
      x-ms-dirapi-data-contract-version:
      - '1.6'
      x-ms-resource-unit:
      - '1'
      x-powered-by:
      - ASP.NET
    status:
      code: 200
      message: OK
- request:
    body: '{"location": "eastus", "properties": {"tenantId": "72f988bf-86f1-41af-91ab-2d7cd011db47",
      "sku": {"family": "A", "name": "standard"}, "accessPolicies": [{"tenantId":
      "72f988bf-86f1-41af-91ab-2d7cd011db47", "objectId": "428ad529-6e1a-4db7-a846-468f544b97f8",
      "permissions": {"keys": ["get", "create", "delete", "list", "update", "import",
      "backup", "restore", "recover"], "secrets": ["get", "list", "set", "delete",
      "backup", "restore", "recover"], "certificates": ["get", "list", "delete", "create",
      "import", "update", "managecontacts", "getissuers", "listissuers", "setissuers",
      "deleteissuers", "manageissuers", "recover"], "storage": ["get", "list", "delete",
      "set", "update", "regeneratekey", "setsas", "listsas", "getsas", "deletesas"]}}],
      "enableSoftDelete": true, "softDeleteRetentionInDays": 90, "networkAcls": {"bypass":
      "AzureServices", "defaultAction": "Allow"}}}'
    headers:
      Accept:
      - application/json
      Accept-Encoding:
      - gzip, deflate
      CommandName:
      - keyvault create
      Connection:
      - keep-alive
      Content-Length:
      - '875'
      Content-Type:
      - application/json
      ParameterSetName:
      - -g -n --enable-soft-delete
      User-Agent:
      - AZURECLI/2.25.0 azsdk-python-azure-mgmt-keyvault/9.0.0 Python/3.8.10 (macOS-10.16-x86_64-i386-64bit)
    method: PUT
    uri: https://management.azure.com/subscriptions/00000000-0000-0000-0000-000000000000/resourceGroups/clitest.rg000001/providers/Microsoft.KeyVault/vaults/sqltdebyok000004?api-version=2021-04-01-preview
  response:
    body:
      string: '{"id":"/subscriptions/00000000-0000-0000-0000-000000000000/resourceGroups/clitest.rg000001/providers/Microsoft.KeyVault/vaults/sqltdebyok000004","name":"sqltdebyok000004","type":"Microsoft.KeyVault/vaults","location":"eastus","tags":{},"systemData":{"createdBy":"jiwang5@microsoft.com","createdByType":"User","createdAt":"1970-01-19T19:22:28.64Z","lastModifiedBy":"jiwang5@microsoft.com","lastModifiedByType":"User","lastModifiedAt":"1970-01-19T19:22:28.64Z"},"properties":{"sku":{"family":"A","name":"standard"},"tenantId":"72f988bf-86f1-41af-91ab-2d7cd011db47","accessPolicies":[{"tenantId":"72f988bf-86f1-41af-91ab-2d7cd011db47","objectId":"428ad529-6e1a-4db7-a846-468f544b97f8","permissions":{"keys":["get","create","delete","list","update","import","backup","restore","recover"],"secrets":["get","list","set","delete","backup","restore","recover"],"certificates":["get","list","delete","create","import","update","managecontacts","getissuers","listissuers","setissuers","deleteissuers","manageissuers","recover"],"storage":["get","list","delete","set","update","regeneratekey","setsas","listsas","getsas","deletesas"]}}],"enabledForDeployment":false,"enableSoftDelete":true,"softDeleteRetentionInDays":90,"vaultUri":"https://sqltdebyok000004.vault.azure.net","provisioningState":"RegisteringDns"}}'
    headers:
      cache-control:
      - no-cache
      content-length:
      - '1385'
      content-type:
      - application/json; charset=utf-8
      date:
      - Tue, 29 Jun 2021 06:37:21 GMT
      expires:
      - '-1'
      pragma:
      - no-cache
      server:
      - Microsoft-IIS/10.0
      strict-transport-security:
      - max-age=31536000; includeSubDomains
      transfer-encoding:
      - chunked
      vary:
      - Accept-Encoding
      x-aspnet-version:
      - 4.0.30319
      x-content-type-options:
      - nosniff
      x-ms-keyvault-service-version:
      - 1.5.23.4
      x-ms-ratelimit-remaining-subscription-writes:
      - '1199'
      x-powered-by:
      - ASP.NET
    status:
      code: 200
      message: OK
- request:
    body: null
    headers:
      Accept:
      - '*/*'
      Accept-Encoding:
      - gzip, deflate
      CommandName:
      - keyvault create
      Connection:
      - keep-alive
      ParameterSetName:
      - -g -n --enable-soft-delete
      User-Agent:
      - AZURECLI/2.25.0 azsdk-python-azure-mgmt-keyvault/9.0.0 Python/3.8.10 (macOS-10.16-x86_64-i386-64bit)
    method: GET
    uri: https://management.azure.com/subscriptions/00000000-0000-0000-0000-000000000000/resourceGroups/clitest.rg000001/providers/Microsoft.KeyVault/vaults/sqltdebyok000004?api-version=2021-04-01-preview
  response:
    body:
      string: '{"id":"/subscriptions/00000000-0000-0000-0000-000000000000/resourceGroups/clitest.rg000001/providers/Microsoft.KeyVault/vaults/sqltdebyok000004","name":"sqltdebyok000004","type":"Microsoft.KeyVault/vaults","location":"eastus","tags":{},"systemData":{"createdBy":"jiwang5@microsoft.com","createdByType":"User","createdAt":"1970-01-19T19:22:28.64Z","lastModifiedBy":"jiwang5@microsoft.com","lastModifiedByType":"User","lastModifiedAt":"1970-01-19T19:22:28.64Z"},"properties":{"sku":{"family":"A","name":"standard"},"tenantId":"72f988bf-86f1-41af-91ab-2d7cd011db47","accessPolicies":[{"tenantId":"72f988bf-86f1-41af-91ab-2d7cd011db47","objectId":"428ad529-6e1a-4db7-a846-468f544b97f8","permissions":{"keys":["get","create","delete","list","update","import","backup","restore","recover"],"secrets":["get","list","set","delete","backup","restore","recover"],"certificates":["get","list","delete","create","import","update","managecontacts","getissuers","listissuers","setissuers","deleteissuers","manageissuers","recover"],"storage":["get","list","delete","set","update","regeneratekey","setsas","listsas","getsas","deletesas"]}}],"enabledForDeployment":false,"enableSoftDelete":true,"softDeleteRetentionInDays":90,"vaultUri":"https://sqltdebyok000004.vault.azure.net/","provisioningState":"Succeeded"}}'
    headers:
      cache-control:
      - no-cache
      content-length:
      - '1381'
      content-type:
      - application/json; charset=utf-8
      date:
      - Tue, 29 Jun 2021 06:37:51 GMT
      expires:
      - '-1'
      pragma:
      - no-cache
      server:
      - Microsoft-IIS/10.0
      strict-transport-security:
      - max-age=31536000; includeSubDomains
      transfer-encoding:
      - chunked
      vary:
      - Accept-Encoding
      x-aspnet-version:
      - 4.0.30319
      x-content-type-options:
      - nosniff
      x-ms-keyvault-service-version:
      - 1.5.23.4
      x-powered-by:
      - ASP.NET
    status:
      code: 200
      message: OK
- request:
    body: null
    headers:
      Accept:
      - application/json
      Accept-Encoding:
      - gzip, deflate
      CommandName:
      - keyvault set-policy
      Connection:
      - keep-alive
      ParameterSetName:
      - -g -n --object-id --key-permissions
      User-Agent:
      - AZURECLI/2.25.0 azsdk-python-azure-mgmt-keyvault/9.0.0 Python/3.8.10 (macOS-10.16-x86_64-i386-64bit)
    method: GET
    uri: https://management.azure.com/subscriptions/00000000-0000-0000-0000-000000000000/resourceGroups/clitest.rg000001/providers/Microsoft.KeyVault/vaults/sqltdebyok000004?api-version=2021-04-01-preview
  response:
    body:
      string: '{"id":"/subscriptions/00000000-0000-0000-0000-000000000000/resourceGroups/clitest.rg000001/providers/Microsoft.KeyVault/vaults/sqltdebyok000004","name":"sqltdebyok000004","type":"Microsoft.KeyVault/vaults","location":"eastus","tags":{},"systemData":{"createdBy":"jiwang5@microsoft.com","createdByType":"User","createdAt":"1970-01-19T19:22:28.64Z","lastModifiedBy":"jiwang5@microsoft.com","lastModifiedByType":"User","lastModifiedAt":"1970-01-19T19:22:28.64Z"},"properties":{"sku":{"family":"A","name":"standard"},"tenantId":"72f988bf-86f1-41af-91ab-2d7cd011db47","accessPolicies":[{"tenantId":"72f988bf-86f1-41af-91ab-2d7cd011db47","objectId":"428ad529-6e1a-4db7-a846-468f544b97f8","permissions":{"keys":["get","create","delete","list","update","import","backup","restore","recover"],"secrets":["get","list","set","delete","backup","restore","recover"],"certificates":["get","list","delete","create","import","update","managecontacts","getissuers","listissuers","setissuers","deleteissuers","manageissuers","recover"],"storage":["get","list","delete","set","update","regeneratekey","setsas","listsas","getsas","deletesas"]}}],"enabledForDeployment":false,"enableSoftDelete":true,"softDeleteRetentionInDays":90,"vaultUri":"https://sqltdebyok000004.vault.azure.net/","provisioningState":"Succeeded"}}'
    headers:
      cache-control:
      - no-cache
      content-length:
      - '1381'
      content-type:
      - application/json; charset=utf-8
      date:
      - Tue, 29 Jun 2021 06:37:53 GMT
      expires:
      - '-1'
      pragma:
      - no-cache
      server:
      - Microsoft-IIS/10.0
      strict-transport-security:
      - max-age=31536000; includeSubDomains
      transfer-encoding:
      - chunked
      vary:
      - Accept-Encoding
      x-aspnet-version:
      - 4.0.30319
      x-content-type-options:
      - nosniff
      x-ms-keyvault-service-version:
      - 1.5.23.4
      x-powered-by:
      - ASP.NET
    status:
      code: 200
      message: OK
- request:
    body: '{"location": "eastus", "tags": {}, "properties": {"tenantId": "72f988bf-86f1-41af-91ab-2d7cd011db47",
      "sku": {"family": "A", "name": "standard"}, "accessPolicies": [{"tenantId":
      "72f988bf-86f1-41af-91ab-2d7cd011db47", "objectId": "428ad529-6e1a-4db7-a846-468f544b97f8",
      "permissions": {"keys": ["get", "create", "delete", "list", "update", "import",
      "backup", "restore", "recover"], "secrets": ["get", "list", "set", "delete",
      "backup", "restore", "recover"], "certificates": ["get", "list", "delete", "create",
      "import", "update", "managecontacts", "getissuers", "listissuers", "setissuers",
      "deleteissuers", "manageissuers", "recover"], "storage": ["get", "list", "delete",
      "set", "update", "regeneratekey", "setsas", "listsas", "getsas", "deletesas"]}},
      {"tenantId": "72f988bf-86f1-41af-91ab-2d7cd011db47", "objectId": "6e26539a-7faa-42dd-adf1-c891b4345da2",
      "permissions": {"keys": ["wrapKey", "unwrapKey", "list", "get"]}}], "vaultUri":
      "https://sqltdebyok000004.vault.azure.net/", "enabledForDeployment": false,
      "enableSoftDelete": true, "softDeleteRetentionInDays": 90, "provisioningState":
      "Succeeded"}}'
    headers:
      Accept:
      - application/json
      Accept-Encoding:
      - gzip, deflate
      CommandName:
      - keyvault set-policy
      Connection:
      - keep-alive
      Content-Length:
      - '1119'
      Content-Type:
      - application/json
      ParameterSetName:
      - -g -n --object-id --key-permissions
      User-Agent:
      - AZURECLI/2.25.0 azsdk-python-azure-mgmt-keyvault/9.0.0 Python/3.8.10 (macOS-10.16-x86_64-i386-64bit)
    method: PUT
    uri: https://management.azure.com/subscriptions/00000000-0000-0000-0000-000000000000/resourceGroups/clitest.rg000001/providers/Microsoft.KeyVault/vaults/sqltdebyok000004?api-version=2021-04-01-preview
  response:
    body:
      string: '{"id":"/subscriptions/00000000-0000-0000-0000-000000000000/resourceGroups/clitest.rg000001/providers/Microsoft.KeyVault/vaults/sqltdebyok000004","name":"sqltdebyok000004","type":"Microsoft.KeyVault/vaults","location":"eastus","tags":{},"systemData":{"createdBy":"jiwang5@microsoft.com","createdByType":"User","createdAt":"1970-01-19T19:22:28.64Z","lastModifiedBy":"jiwang5@microsoft.com","lastModifiedByType":"User","lastModifiedAt":"1970-01-19T19:22:28.674Z"},"properties":{"sku":{"family":"A","name":"standard"},"tenantId":"72f988bf-86f1-41af-91ab-2d7cd011db47","accessPolicies":[{"tenantId":"72f988bf-86f1-41af-91ab-2d7cd011db47","objectId":"428ad529-6e1a-4db7-a846-468f544b97f8","permissions":{"keys":["get","create","delete","list","update","import","backup","restore","recover"],"secrets":["get","list","set","delete","backup","restore","recover"],"certificates":["get","list","delete","create","import","update","managecontacts","getissuers","listissuers","setissuers","deleteissuers","manageissuers","recover"],"storage":["get","list","delete","set","update","regeneratekey","setsas","listsas","getsas","deletesas"]}},{"tenantId":"72f988bf-86f1-41af-91ab-2d7cd011db47","objectId":"6e26539a-7faa-42dd-adf1-c891b4345da2","permissions":{"keys":["wrapKey","unwrapKey","list","get"]}}],"enabledForDeployment":false,"enableSoftDelete":true,"softDeleteRetentionInDays":90,"vaultUri":"https://sqltdebyok000004.vault.azure.net/","provisioningState":"Succeeded"}}'
    headers:
      cache-control:
      - no-cache
      content-length:
      - '1544'
      content-type:
      - application/json; charset=utf-8
      date:
      - Tue, 29 Jun 2021 06:37:54 GMT
      expires:
      - '-1'
      pragma:
      - no-cache
      server:
      - Microsoft-IIS/10.0
      strict-transport-security:
      - max-age=31536000; includeSubDomains
      transfer-encoding:
      - chunked
      vary:
      - Accept-Encoding
      x-aspnet-version:
      - 4.0.30319
      x-content-type-options:
      - nosniff
      x-ms-keyvault-service-version:
      - 1.5.23.4
      x-ms-ratelimit-remaining-subscription-writes:
      - '1199'
      x-powered-by:
      - ASP.NET
    status:
      code: 200
      message: OK
- request:
    body: ''
    headers:
      Accept:
      - application/json
      Accept-Encoding:
      - gzip, deflate
      Connection:
      - keep-alive
      Content-Length:
      - 0
      Content-Type:
      - application/json; charset=utf-8
      User-Agent:
      - python/3.8.10 (macOS-10.16-x86_64-i386-64bit) msrest/0.6.21 msrest_azure/0.6.3
        azure-keyvault/7.0 Azure-SDK-For-Python
      accept-language:
      - en-US
    method: POST
    uri: https://sqltdebyok000004.vault.azure.net/keys/sqltdebyok000005/create?api-version=7.0
  response:
    body:
      string: '{"error":{"code":"Unauthorized","message":"AKV10000: Request is missing
        a Bearer or PoP token."}}'
    headers:
      cache-control:
      - no-cache
      content-length:
      - '97'
      content-type:
      - application/json; charset=utf-8
      date:
      - Tue, 29 Jun 2021 06:37:54 GMT
      expires:
      - '-1'
      pragma:
      - no-cache
      strict-transport-security:
      - max-age=31536000;includeSubDomains
      www-authenticate:
      - Bearer authorization="https://login.windows.net/72f988bf-86f1-41af-91ab-2d7cd011db47",
        resource="https://vault.azure.net"
      x-content-type-options:
      - nosniff
      x-ms-keyvault-network-info:
      - conn_type=Ipv4;addr=73.241.209.83;act_addr_fam=InterNetwork;
      x-ms-keyvault-region:
      - eastus
      x-ms-keyvault-service-version:
      - 1.9.12.0
      x-powered-by:
      - ASP.NET
    status:
      code: 401
      message: Unauthorized
- request:
    body: '{"kty": "RSA", "attributes": {"enabled": true}}'
    headers:
      Accept:
      - application/json
      Accept-Encoding:
      - gzip, deflate
      Connection:
      - keep-alive
      Content-Length:
      - '47'
      Content-Type:
      - application/json; charset=utf-8
      User-Agent:
      - python/3.8.10 (macOS-10.16-x86_64-i386-64bit) msrest/0.6.21 msrest_azure/0.6.3
        azure-keyvault/7.0 Azure-SDK-For-Python
      accept-language:
      - en-US
    method: POST
    uri: https://sqltdebyok000004.vault.azure.net/keys/sqltdebyok000005/create?api-version=7.0
  response:
    body:
      string: '{"key":{"kid":"https://sqltdebyok000004.vault.azure.net/keys/sqltdebyok000005/91c143c063414fa38d1063ae7aab630f","kty":"RSA","key_ops":["encrypt","decrypt","sign","verify","wrapKey","unwrapKey"],"n":"pKzUp8Keo4wCZeMwMGeg0P3N_FBdwxoziCCMVTnVPjmuOSpT1Ms58qGnqLT5QbHAvGgpOaeI1FPxoIzFktFdKkW93LIiDOWuVSzYM_HQmIsVkeFr5oC-gSVElYXtYN4DtKjcAjEO19W-8j7hfiK5tlGEvXqCJJ_MlCsZa5U2OjNIJMHMricCXW8gAw9fxLSsUqG3Hf8uVnE-oSxDiFBe0l9uVaXdyDRmeRhfzOh3HLaThoD6_4BgjNAxTmo1vo0_4Ms8QJCw5-RR-bMCYDtlnlS-WxFDE9rasqlxIgdS6g8EjpyGLHkRWDu2jkJOYDKTKfB2Vmhsc94ZQEWj779qyQ","e":"AQAB"},"attributes":{"enabled":true,"created":1624948675,"updated":1624948675,"recoveryLevel":"Recoverable+Purgeable"}}'
    headers:
      cache-control:
      - no-cache
      content-length:
      - '691'
      content-type:
      - application/json; charset=utf-8
      date:
      - Tue, 29 Jun 2021 06:37:55 GMT
      expires:
      - '-1'
      pragma:
      - no-cache
      strict-transport-security:
      - max-age=31536000;includeSubDomains
      x-content-type-options:
      - nosniff
      x-ms-keyvault-network-info:
      - conn_type=Ipv4;addr=73.241.209.83;act_addr_fam=InterNetwork;
      x-ms-keyvault-region:
      - eastus
      x-ms-keyvault-service-version:
      - 1.9.12.0
      x-powered-by:
      - ASP.NET
    status:
      code: 200
      message: OK
version: 1
