interactions:
- request:
    body: '{"location": "westus", "properties": {"administratorLogin": "admin123",
      "administratorLoginPassword": "SecretPassword123"}}'
    headers:
      Accept:
      - application/json
      Accept-Encoding:
      - gzip, deflate
      CommandName:
      - sql server create
      Connection:
      - keep-alive
      Content-Length:
      - '123'
      Content-Type:
      - application/json; charset=utf-8
      ParameterSetName:
      - -l -g -n -u -p
      User-Agent:
      - python/3.7.4 (Windows-10-10.0.18362-SP0) msrest/0.6.10 msrest_azure/0.6.2
        azure-mgmt-sql/0.13.0 Azure-SDK-For-Python AZURECLI/2.0.73
      accept-language:
      - en-US
    method: PUT
    uri: https://management.azure.com/subscriptions/00000000-0000-0000-0000-000000000000/resourceGroups/clitest.rg000001/providers/Microsoft.Sql/servers/clitestserver000002?api-version=2015-05-01-preview
  response:
    body:
      string: '{"operation":"UpsertLogicalServer","startTime":"2019-10-12T01:57:02Z"}'
    headers:
      azure-asyncoperation:
      - https://management.azure.com/subscriptions/00000000-0000-0000-0000-000000000000/resourceGroups/clitest.rg000001/providers/Microsoft.Sql/locations/westus/serverAzureAsyncOperation/c456cd3a-302b-4034-b31a-f0f8ea05d4ef?api-version=2015-05-01-preview
      cache-control:
      - no-cache
      content-length:
      - '70'
      content-type:
      - application/json; charset=utf-8
      date:
      - Sat, 12 Oct 2019 01:57:02 GMT
      expires:
      - '-1'
      location:
      - https://management.azure.com/subscriptions/00000000-0000-0000-0000-000000000000/resourceGroups/clitest.rg000001/providers/Microsoft.Sql/locations/westus/serverOperationResults/c456cd3a-302b-4034-b31a-f0f8ea05d4ef?api-version=2015-05-01-preview
      pragma:
      - no-cache
      server:
      - Microsoft-HTTPAPI/2.0
      strict-transport-security:
      - max-age=31536000; includeSubDomains
      x-content-type-options:
      - nosniff
      x-ms-ratelimit-remaining-subscription-writes:
      - '1199'
    status:
      code: 202
      message: Accepted
- request:
    body: null
    headers:
      Accept:
      - application/json
      Accept-Encoding:
      - gzip, deflate
      CommandName:
      - sql server create
      Connection:
      - keep-alive
      ParameterSetName:
      - -l -g -n -u -p
      User-Agent:
      - python/3.7.4 (Windows-10-10.0.18362-SP0) msrest/0.6.10 msrest_azure/0.6.2
        azure-mgmt-sql/0.13.0 Azure-SDK-For-Python AZURECLI/2.0.73
    method: GET
    uri: https://management.azure.com/subscriptions/00000000-0000-0000-0000-000000000000/resourceGroups/clitest.rg000001/providers/Microsoft.Sql/locations/westus/serverAzureAsyncOperation/c456cd3a-302b-4034-b31a-f0f8ea05d4ef?api-version=2015-05-01-preview
  response:
    body:
      string: '{"name":"c456cd3a-302b-4034-b31a-f0f8ea05d4ef","status":"InProgress","startTime":"2019-10-12T01:57:02Z"}'
    headers:
      cache-control:
      - no-cache
      content-length:
      - '104'
      content-type:
      - application/json; charset=utf-8
      date:
      - Sat, 12 Oct 2019 01:57:02 GMT
      expires:
      - '-1'
      pragma:
      - no-cache
      server:
      - Microsoft-HTTPAPI/2.0
      strict-transport-security:
      - max-age=31536000; includeSubDomains
      transfer-encoding:
      - chunked
      vary:
      - Accept-Encoding
      x-content-type-options:
      - nosniff
    status:
      code: 200
      message: OK
- request:
    body: null
    headers:
      Accept:
      - application/json
      Accept-Encoding:
      - gzip, deflate
      CommandName:
      - sql server create
      Connection:
      - keep-alive
      ParameterSetName:
      - -l -g -n -u -p
      User-Agent:
      - python/3.7.4 (Windows-10-10.0.18362-SP0) msrest/0.6.10 msrest_azure/0.6.2
        azure-mgmt-sql/0.13.0 Azure-SDK-For-Python AZURECLI/2.0.73
    method: GET
    uri: https://management.azure.com/subscriptions/00000000-0000-0000-0000-000000000000/resourceGroups/clitest.rg000001/providers/Microsoft.Sql/locations/westus/serverAzureAsyncOperation/c456cd3a-302b-4034-b31a-f0f8ea05d4ef?api-version=2015-05-01-preview
  response:
    body:
      string: '{"name":"c456cd3a-302b-4034-b31a-f0f8ea05d4ef","status":"InProgress","startTime":"2019-10-12T01:57:02Z"}'
    headers:
      cache-control:
      - no-cache
      content-length:
      - '104'
      content-type:
      - application/json; charset=utf-8
      date:
      - Sat, 12 Oct 2019 01:57:03 GMT
      expires:
      - '-1'
      pragma:
      - no-cache
      server:
      - Microsoft-HTTPAPI/2.0
      strict-transport-security:
      - max-age=31536000; includeSubDomains
      transfer-encoding:
      - chunked
      vary:
      - Accept-Encoding
      x-content-type-options:
      - nosniff
    status:
      code: 200
      message: OK
- request:
    body: null
    headers:
      Accept:
      - application/json
      Accept-Encoding:
      - gzip, deflate
      CommandName:
      - sql server create
      Connection:
      - keep-alive
      ParameterSetName:
      - -l -g -n -u -p
      User-Agent:
      - python/3.7.4 (Windows-10-10.0.18362-SP0) msrest/0.6.10 msrest_azure/0.6.2
        azure-mgmt-sql/0.13.0 Azure-SDK-For-Python AZURECLI/2.0.73
    method: GET
    uri: https://management.azure.com/subscriptions/00000000-0000-0000-0000-000000000000/resourceGroups/clitest.rg000001/providers/Microsoft.Sql/locations/westus/serverAzureAsyncOperation/c456cd3a-302b-4034-b31a-f0f8ea05d4ef?api-version=2015-05-01-preview
  response:
    body:
      string: '{"name":"c456cd3a-302b-4034-b31a-f0f8ea05d4ef","status":"InProgress","startTime":"2019-10-12T01:57:02Z"}'
    headers:
      cache-control:
      - no-cache
      content-length:
      - '104'
      content-type:
      - application/json; charset=utf-8
      date:
      - Sat, 12 Oct 2019 01:57:04 GMT
      expires:
      - '-1'
      pragma:
      - no-cache
      server:
      - Microsoft-HTTPAPI/2.0
      strict-transport-security:
      - max-age=31536000; includeSubDomains
      transfer-encoding:
      - chunked
      vary:
      - Accept-Encoding
      x-content-type-options:
      - nosniff
    status:
      code: 200
      message: OK
- request:
    body: null
    headers:
      Accept:
      - application/json
      Accept-Encoding:
      - gzip, deflate
      CommandName:
      - sql server create
      Connection:
      - keep-alive
      ParameterSetName:
      - -l -g -n -u -p
      User-Agent:
      - python/3.7.4 (Windows-10-10.0.18362-SP0) msrest/0.6.10 msrest_azure/0.6.2
        azure-mgmt-sql/0.13.0 Azure-SDK-For-Python AZURECLI/2.0.73
    method: GET
    uri: https://management.azure.com/subscriptions/00000000-0000-0000-0000-000000000000/resourceGroups/clitest.rg000001/providers/Microsoft.Sql/locations/westus/serverAzureAsyncOperation/c456cd3a-302b-4034-b31a-f0f8ea05d4ef?api-version=2015-05-01-preview
  response:
    body:
      string: '{"name":"c456cd3a-302b-4034-b31a-f0f8ea05d4ef","status":"InProgress","startTime":"2019-10-12T01:57:02Z"}'
    headers:
      cache-control:
      - no-cache
      content-length:
      - '104'
      content-type:
      - application/json; charset=utf-8
      date:
      - Sat, 12 Oct 2019 01:57:05 GMT
      expires:
      - '-1'
      pragma:
      - no-cache
      server:
      - Microsoft-HTTPAPI/2.0
      strict-transport-security:
      - max-age=31536000; includeSubDomains
      transfer-encoding:
      - chunked
      vary:
      - Accept-Encoding
      x-content-type-options:
      - nosniff
    status:
      code: 200
      message: OK
- request:
    body: null
    headers:
      Accept:
      - application/json
      Accept-Encoding:
      - gzip, deflate
      CommandName:
      - sql server create
      Connection:
      - keep-alive
      ParameterSetName:
      - -l -g -n -u -p
      User-Agent:
      - python/3.7.4 (Windows-10-10.0.18362-SP0) msrest/0.6.10 msrest_azure/0.6.2
        azure-mgmt-sql/0.13.0 Azure-SDK-For-Python AZURECLI/2.0.73
    method: GET
    uri: https://management.azure.com/subscriptions/00000000-0000-0000-0000-000000000000/resourceGroups/clitest.rg000001/providers/Microsoft.Sql/locations/westus/serverAzureAsyncOperation/c456cd3a-302b-4034-b31a-f0f8ea05d4ef?api-version=2015-05-01-preview
  response:
    body:
      string: '{"name":"c456cd3a-302b-4034-b31a-f0f8ea05d4ef","status":"InProgress","startTime":"2019-10-12T01:57:02Z"}'
    headers:
      cache-control:
      - no-cache
      content-length:
      - '104'
      content-type:
      - application/json; charset=utf-8
      date:
      - Sat, 12 Oct 2019 01:57:06 GMT
      expires:
      - '-1'
      pragma:
      - no-cache
      server:
      - Microsoft-HTTPAPI/2.0
      strict-transport-security:
      - max-age=31536000; includeSubDomains
      transfer-encoding:
      - chunked
      vary:
      - Accept-Encoding
      x-content-type-options:
      - nosniff
    status:
      code: 200
      message: OK
- request:
    body: null
    headers:
      Accept:
      - application/json
      Accept-Encoding:
      - gzip, deflate
      CommandName:
      - sql server create
      Connection:
      - keep-alive
      ParameterSetName:
      - -l -g -n -u -p
      User-Agent:
      - python/3.7.4 (Windows-10-10.0.18362-SP0) msrest/0.6.10 msrest_azure/0.6.2
        azure-mgmt-sql/0.13.0 Azure-SDK-For-Python AZURECLI/2.0.73
    method: GET
    uri: https://management.azure.com/subscriptions/00000000-0000-0000-0000-000000000000/resourceGroups/clitest.rg000001/providers/Microsoft.Sql/locations/westus/serverAzureAsyncOperation/c456cd3a-302b-4034-b31a-f0f8ea05d4ef?api-version=2015-05-01-preview
  response:
    body:
      string: '{"name":"c456cd3a-302b-4034-b31a-f0f8ea05d4ef","status":"InProgress","startTime":"2019-10-12T01:57:02Z"}'
    headers:
      cache-control:
      - no-cache
      content-length:
      - '104'
      content-type:
      - application/json; charset=utf-8
      date:
      - Sat, 12 Oct 2019 01:57:26 GMT
      expires:
      - '-1'
      pragma:
      - no-cache
      server:
      - Microsoft-HTTPAPI/2.0
      strict-transport-security:
      - max-age=31536000; includeSubDomains
      transfer-encoding:
      - chunked
      vary:
      - Accept-Encoding
      x-content-type-options:
      - nosniff
    status:
      code: 200
      message: OK
- request:
    body: null
    headers:
      Accept:
      - application/json
      Accept-Encoding:
      - gzip, deflate
      CommandName:
      - sql server create
      Connection:
      - keep-alive
      ParameterSetName:
      - -l -g -n -u -p
      User-Agent:
      - python/3.7.4 (Windows-10-10.0.18362-SP0) msrest/0.6.10 msrest_azure/0.6.2
        azure-mgmt-sql/0.13.0 Azure-SDK-For-Python AZURECLI/2.0.73
    method: GET
    uri: https://management.azure.com/subscriptions/00000000-0000-0000-0000-000000000000/resourceGroups/clitest.rg000001/providers/Microsoft.Sql/locations/westus/serverAzureAsyncOperation/c456cd3a-302b-4034-b31a-f0f8ea05d4ef?api-version=2015-05-01-preview
  response:
    body:
      string: '{"name":"c456cd3a-302b-4034-b31a-f0f8ea05d4ef","status":"Succeeded","startTime":"2019-10-12T01:57:02Z"}'
    headers:
      cache-control:
      - no-cache
      content-length:
      - '103'
      content-type:
      - application/json; charset=utf-8
      date:
      - Sat, 12 Oct 2019 01:57:47 GMT
      expires:
      - '-1'
      pragma:
      - no-cache
      server:
      - Microsoft-HTTPAPI/2.0
      strict-transport-security:
      - max-age=31536000; includeSubDomains
      transfer-encoding:
      - chunked
      vary:
      - Accept-Encoding
      x-content-type-options:
      - nosniff
    status:
      code: 200
      message: OK
- request:
    body: null
    headers:
      Accept:
      - application/json
      Accept-Encoding:
      - gzip, deflate
      CommandName:
      - sql server create
      Connection:
      - keep-alive
      ParameterSetName:
      - -l -g -n -u -p
      User-Agent:
      - python/3.7.4 (Windows-10-10.0.18362-SP0) msrest/0.6.10 msrest_azure/0.6.2
        azure-mgmt-sql/0.13.0 Azure-SDK-For-Python AZURECLI/2.0.73
    method: GET
    uri: https://management.azure.com/subscriptions/00000000-0000-0000-0000-000000000000/resourceGroups/clitest.rg000001/providers/Microsoft.Sql/servers/clitestserver000002?api-version=2015-05-01-preview
  response:
    body:
      string: '{"kind":"v12.0","properties":{"administratorLogin":"admin123","version":"12.0","state":"Ready","fullyQualifiedDomainName":"clitestserver000002.database.windows.net"},"location":"westus","id":"/subscriptions/00000000-0000-0000-0000-000000000000/resourceGroups/clitest.rg000001/providers/Microsoft.Sql/servers/clitestserver000002","name":"clitestserver000002","type":"Microsoft.Sql/servers"}'
    headers:
      cache-control:
      - no-cache
      content-length:
      - '580'
      content-type:
      - application/json; charset=utf-8
      date:
      - Sat, 12 Oct 2019 01:57:47 GMT
      expires:
      - '-1'
      pragma:
      - no-cache
      server:
      - Microsoft-HTTPAPI/2.0
      strict-transport-security:
      - max-age=31536000; includeSubDomains
      transfer-encoding:
      - chunked
      vary:
      - Accept-Encoding
      x-content-type-options:
      - nosniff
    status:
      code: 200
      message: OK
- request:
    body: null
    headers:
      Accept:
      - application/json
      Accept-Encoding:
      - gzip, deflate
      CommandName:
      - sql elastic-pool create
      Connection:
      - keep-alive
      ParameterSetName:
      - -g -s -n
      User-Agent:
      - python/3.7.4 (Windows-10-10.0.18362-SP0) msrest/0.6.10 msrest_azure/0.6.2
        azure-mgmt-sql/0.13.0 Azure-SDK-For-Python AZURECLI/2.0.73
      accept-language:
      - en-US
    method: GET
    uri: https://management.azure.com/subscriptions/00000000-0000-0000-0000-000000000000/resourceGroups/clitest.rg000001/providers/Microsoft.Sql/servers/clitestserver000002?api-version=2015-05-01-preview
  response:
    body:
      string: '{"kind":"v12.0","properties":{"administratorLogin":"admin123","version":"12.0","state":"Ready","fullyQualifiedDomainName":"clitestserver000002.database.windows.net"},"location":"westus","id":"/subscriptions/00000000-0000-0000-0000-000000000000/resourceGroups/clitest.rg000001/providers/Microsoft.Sql/servers/clitestserver000002","name":"clitestserver000002","type":"Microsoft.Sql/servers"}'
    headers:
      cache-control:
      - no-cache
      content-length:
      - '580'
      content-type:
      - application/json; charset=utf-8
      date:
      - Sat, 12 Oct 2019 01:57:48 GMT
      expires:
      - '-1'
      pragma:
      - no-cache
      server:
      - Microsoft-HTTPAPI/2.0
      strict-transport-security:
      - max-age=31536000; includeSubDomains
      transfer-encoding:
      - chunked
      vary:
      - Accept-Encoding
      x-content-type-options:
      - nosniff
    status:
      code: 200
      message: OK
- request:
    body: '{"location": "westus", "properties": {"perDatabaseSettings": {}}}'
    headers:
      Accept:
      - application/json
      Accept-Encoding:
      - gzip, deflate
      CommandName:
      - sql elastic-pool create
      Connection:
      - keep-alive
      Content-Length:
      - '65'
      Content-Type:
      - application/json; charset=utf-8
      ParameterSetName:
      - -g -s -n
      User-Agent:
      - python/3.7.4 (Windows-10-10.0.18362-SP0) msrest/0.6.10 msrest_azure/0.6.2
        azure-mgmt-sql/0.13.0 Azure-SDK-For-Python AZURECLI/2.0.73
      accept-language:
      - en-US
    method: PUT
    uri: https://management.azure.com/subscriptions/00000000-0000-0000-0000-000000000000/resourceGroups/clitest.rg000001/providers/Microsoft.Sql/servers/clitestserver000002/elasticPools/cliautomationpool1?api-version=2017-10-01-preview
  response:
    body:
      string: '{"operation":"CreateLogicalElasticPool","startTime":"2019-10-12T01:57:49.033Z"}'
    headers:
      azure-asyncoperation:
      - https://management.azure.com/subscriptions/00000000-0000-0000-0000-000000000000/resourceGroups/clitest.rg000001/providers/Microsoft.Sql/locations/westus/elasticPoolAzureAsyncOperation/af2e60f3-f772-493a-af9f-c518fb472998?api-version=2017-10-01-preview
      cache-control:
      - no-cache
      content-length:
      - '79'
      content-type:
      - application/json; charset=utf-8
      date:
      - Sat, 12 Oct 2019 01:57:48 GMT
      expires:
      - '-1'
      location:
      - https://management.azure.com/subscriptions/00000000-0000-0000-0000-000000000000/resourceGroups/clitest.rg000001/providers/Microsoft.Sql/locations/westus/elasticPoolOperationResults/af2e60f3-f772-493a-af9f-c518fb472998?api-version=2017-10-01-preview
      pragma:
      - no-cache
      server:
      - Microsoft-HTTPAPI/2.0
      strict-transport-security:
      - max-age=31536000; includeSubDomains
      x-content-type-options:
      - nosniff
      x-ms-ratelimit-remaining-subscription-writes:
      - '1199'
    status:
      code: 202
      message: Accepted
- request:
    body: null
    headers:
      Accept:
      - application/json
      Accept-Encoding:
      - gzip, deflate
      CommandName:
      - sql elastic-pool create
      Connection:
      - keep-alive
      ParameterSetName:
      - -g -s -n
      User-Agent:
      - python/3.7.4 (Windows-10-10.0.18362-SP0) msrest/0.6.10 msrest_azure/0.6.2
        azure-mgmt-sql/0.13.0 Azure-SDK-For-Python AZURECLI/2.0.73
    method: GET
    uri: https://management.azure.com/subscriptions/00000000-0000-0000-0000-000000000000/resourceGroups/clitest.rg000001/providers/Microsoft.Sql/locations/westus/elasticPoolAzureAsyncOperation/af2e60f3-f772-493a-af9f-c518fb472998?api-version=2017-10-01-preview
  response:
    body:
      string: '{"name":"af2e60f3-f772-493a-af9f-c518fb472998","status":"InProgress","startTime":"2019-10-12T01:57:49.033Z"}'
    headers:
      cache-control:
      - no-cache
      content-length:
      - '108'
      content-type:
      - application/json; charset=utf-8
      date:
      - Sat, 12 Oct 2019 01:58:03 GMT
      expires:
      - '-1'
      pragma:
      - no-cache
      server:
      - Microsoft-HTTPAPI/2.0
      strict-transport-security:
      - max-age=31536000; includeSubDomains
      transfer-encoding:
      - chunked
      vary:
      - Accept-Encoding
      x-content-type-options:
      - nosniff
    status:
      code: 200
      message: OK
- request:
    body: null
    headers:
      Accept:
      - application/json
      Accept-Encoding:
      - gzip, deflate
      CommandName:
      - sql elastic-pool create
      Connection:
      - keep-alive
      ParameterSetName:
      - -g -s -n
      User-Agent:
      - python/3.7.4 (Windows-10-10.0.18362-SP0) msrest/0.6.10 msrest_azure/0.6.2
        azure-mgmt-sql/0.13.0 Azure-SDK-For-Python AZURECLI/2.0.73
    method: GET
    uri: https://management.azure.com/subscriptions/00000000-0000-0000-0000-000000000000/resourceGroups/clitest.rg000001/providers/Microsoft.Sql/locations/westus/elasticPoolAzureAsyncOperation/af2e60f3-f772-493a-af9f-c518fb472998?api-version=2017-10-01-preview
  response:
    body:
      string: '{"name":"af2e60f3-f772-493a-af9f-c518fb472998","status":"Succeeded","startTime":"2019-10-12T01:57:49.033Z"}'
    headers:
      cache-control:
      - no-cache
      content-length:
      - '107'
      content-type:
      - application/json; charset=utf-8
      date:
      - Sat, 12 Oct 2019 01:58:19 GMT
      expires:
      - '-1'
      pragma:
      - no-cache
      server:
      - Microsoft-HTTPAPI/2.0
      strict-transport-security:
      - max-age=31536000; includeSubDomains
      transfer-encoding:
      - chunked
      vary:
      - Accept-Encoding
      x-content-type-options:
      - nosniff
    status:
      code: 200
      message: OK
- request:
    body: null
    headers:
      Accept:
      - application/json
      Accept-Encoding:
      - gzip, deflate
      CommandName:
      - sql elastic-pool create
      Connection:
      - keep-alive
      ParameterSetName:
      - -g -s -n
      User-Agent:
      - python/3.7.4 (Windows-10-10.0.18362-SP0) msrest/0.6.10 msrest_azure/0.6.2
        azure-mgmt-sql/0.13.0 Azure-SDK-For-Python AZURECLI/2.0.73
    method: GET
    uri: https://management.azure.com/subscriptions/00000000-0000-0000-0000-000000000000/resourceGroups/clitest.rg000001/providers/Microsoft.Sql/servers/clitestserver000002/elasticPools/cliautomationpool1?api-version=2017-10-01-preview
  response:
    body:
      string: '{"sku":{"name":"GP_Gen5","tier":"GeneralPurpose","family":"Gen5","capacity":2},"kind":"vcore,pool","properties":{"state":"Ready","creationDate":"2019-10-12T01:57:49.16Z","maxSizeBytes":34359738368,"perDatabaseSettings":{"minCapacity":0.0000,"maxCapacity":2.0000},"zoneRedundant":false,"licenseType":"LicenseIncluded"},"location":"westus","id":"/subscriptions/00000000-0000-0000-0000-000000000000/resourceGroups/clitest.rg000001/providers/Microsoft.Sql/servers/clitestserver000002/elasticPools/cliautomationpool1","name":"cliautomationpool1","type":"Microsoft.Sql/servers/elasticPools"}'
    headers:
      cache-control:
      - no-cache
      content-length:
      - '688'
      content-type:
      - application/json; charset=utf-8
      date:
      - Sat, 12 Oct 2019 01:58:19 GMT
      expires:
      - '-1'
      pragma:
      - no-cache
      server:
      - Microsoft-HTTPAPI/2.0
      strict-transport-security:
      - max-age=31536000; includeSubDomains
      transfer-encoding:
      - chunked
      vary:
      - Accept-Encoding
      x-content-type-options:
      - nosniff
    status:
      code: 200
      message: OK
- request:
    body: null
    headers:
      Accept:
      - application/json
      Accept-Encoding:
      - gzip, deflate
      CommandName:
      - sql db create
      Connection:
      - keep-alive
      ParameterSetName:
      - -g --server --name
      User-Agent:
      - python/3.7.4 (Windows-10-10.0.18362-SP0) msrest/0.6.10 msrest_azure/0.6.2
        azure-mgmt-sql/0.13.0 Azure-SDK-For-Python AZURECLI/2.0.73
      accept-language:
      - en-US
    method: GET
    uri: https://management.azure.com/subscriptions/00000000-0000-0000-0000-000000000000/resourceGroups/clitest.rg000001/providers/Microsoft.Sql/servers/clitestserver000002?api-version=2015-05-01-preview
  response:
    body:
      string: '{"kind":"v12.0","properties":{"administratorLogin":"admin123","version":"12.0","state":"Ready","fullyQualifiedDomainName":"clitestserver000002.database.windows.net"},"location":"westus","id":"/subscriptions/00000000-0000-0000-0000-000000000000/resourceGroups/clitest.rg000001/providers/Microsoft.Sql/servers/clitestserver000002","name":"clitestserver000002","type":"Microsoft.Sql/servers"}'
    headers:
      cache-control:
      - no-cache
      content-length:
      - '580'
      content-type:
      - application/json; charset=utf-8
      date:
      - Sat, 12 Oct 2019 01:58:20 GMT
      expires:
      - '-1'
      pragma:
      - no-cache
      server:
      - Microsoft-HTTPAPI/2.0
      strict-transport-security:
      - max-age=31536000; includeSubDomains
      transfer-encoding:
      - chunked
      vary:
      - Accept-Encoding
      x-content-type-options:
      - nosniff
    status:
      code: 200
      message: OK
- request:
    body: '{"location": "westus"}'
    headers:
      Accept:
      - application/json
      Accept-Encoding:
      - gzip, deflate
      CommandName:
      - sql db create
      Connection:
      - keep-alive
      Content-Length:
      - '22'
      Content-Type:
      - application/json; charset=utf-8
      ParameterSetName:
      - -g --server --name
      User-Agent:
      - python/3.7.4 (Windows-10-10.0.18362-SP0) msrest/0.6.10 msrest_azure/0.6.2
        azure-mgmt-sql/0.13.0 Azure-SDK-For-Python AZURECLI/2.0.73
      accept-language:
      - en-US
    method: PUT
    uri: https://management.azure.com/subscriptions/00000000-0000-0000-0000-000000000000/resourceGroups/clitest.rg000001/providers/Microsoft.Sql/servers/clitestserver000002/databases/cliautomationdb01?api-version=2017-10-01-preview
  response:
    body:
      string: '{"operation":"CreateLogicalDatabase","startTime":"2019-10-12T01:58:21.05Z"}'
    headers:
      azure-asyncoperation:
      - https://management.azure.com/subscriptions/00000000-0000-0000-0000-000000000000/resourceGroups/clitest.rg000001/providers/Microsoft.Sql/locations/westus/databaseAzureAsyncOperation/0e912a86-72ce-4a3f-b4b2-de19f020a6cf?api-version=2017-10-01-preview
      cache-control:
      - no-cache
      content-length:
      - '75'
      content-type:
      - application/json; charset=utf-8
      date:
      - Sat, 12 Oct 2019 01:58:20 GMT
      expires:
      - '-1'
      location:
      - https://management.azure.com/subscriptions/00000000-0000-0000-0000-000000000000/resourceGroups/clitest.rg000001/providers/Microsoft.Sql/locations/westus/databaseOperationResults/0e912a86-72ce-4a3f-b4b2-de19f020a6cf?api-version=2017-10-01-preview
      pragma:
      - no-cache
      server:
      - Microsoft-HTTPAPI/2.0
      strict-transport-security:
      - max-age=31536000; includeSubDomains
      x-content-type-options:
      - nosniff
      x-ms-ratelimit-remaining-subscription-writes:
      - '1199'
    status:
      code: 202
      message: Accepted
- request:
    body: null
    headers:
      Accept:
      - application/json
      Accept-Encoding:
      - gzip, deflate
      CommandName:
      - sql db create
      Connection:
      - keep-alive
      ParameterSetName:
      - -g --server --name
      User-Agent:
      - python/3.7.4 (Windows-10-10.0.18362-SP0) msrest/0.6.10 msrest_azure/0.6.2
        azure-mgmt-sql/0.13.0 Azure-SDK-For-Python AZURECLI/2.0.73
    method: GET
    uri: https://management.azure.com/subscriptions/00000000-0000-0000-0000-000000000000/resourceGroups/clitest.rg000001/providers/Microsoft.Sql/locations/westus/databaseAzureAsyncOperation/0e912a86-72ce-4a3f-b4b2-de19f020a6cf?api-version=2017-10-01-preview
  response:
    body:
      string: '{"name":"0e912a86-72ce-4a3f-b4b2-de19f020a6cf","status":"InProgress","startTime":"2019-10-12T01:58:21.05Z"}'
    headers:
      cache-control:
      - no-cache
      content-length:
      - '107'
      content-type:
      - application/json; charset=utf-8
      date:
      - Sat, 12 Oct 2019 01:58:35 GMT
      expires:
      - '-1'
      pragma:
      - no-cache
      server:
      - Microsoft-HTTPAPI/2.0
      strict-transport-security:
      - max-age=31536000; includeSubDomains
      transfer-encoding:
      - chunked
      vary:
      - Accept-Encoding
      x-content-type-options:
      - nosniff
    status:
      code: 200
      message: OK
- request:
    body: null
    headers:
      Accept:
      - application/json
      Accept-Encoding:
      - gzip, deflate
      CommandName:
      - sql db create
      Connection:
      - keep-alive
      ParameterSetName:
      - -g --server --name
      User-Agent:
      - python/3.7.4 (Windows-10-10.0.18362-SP0) msrest/0.6.10 msrest_azure/0.6.2
        azure-mgmt-sql/0.13.0 Azure-SDK-For-Python AZURECLI/2.0.73
    method: GET
    uri: https://management.azure.com/subscriptions/00000000-0000-0000-0000-000000000000/resourceGroups/clitest.rg000001/providers/Microsoft.Sql/locations/westus/databaseAzureAsyncOperation/0e912a86-72ce-4a3f-b4b2-de19f020a6cf?api-version=2017-10-01-preview
  response:
    body:
      string: '{"name":"0e912a86-72ce-4a3f-b4b2-de19f020a6cf","status":"Succeeded","startTime":"2019-10-12T01:58:21.05Z"}'
    headers:
      cache-control:
      - no-cache
      content-length:
      - '106'
      content-type:
      - application/json; charset=utf-8
      date:
      - Sat, 12 Oct 2019 01:58:51 GMT
      expires:
      - '-1'
      pragma:
      - no-cache
      server:
      - Microsoft-HTTPAPI/2.0
      strict-transport-security:
      - max-age=31536000; includeSubDomains
      transfer-encoding:
      - chunked
      vary:
      - Accept-Encoding
      x-content-type-options:
      - nosniff
    status:
      code: 200
      message: OK
- request:
    body: null
    headers:
      Accept:
      - application/json
      Accept-Encoding:
      - gzip, deflate
      CommandName:
      - sql db create
      Connection:
      - keep-alive
      ParameterSetName:
      - -g --server --name
      User-Agent:
      - python/3.7.4 (Windows-10-10.0.18362-SP0) msrest/0.6.10 msrest_azure/0.6.2
        azure-mgmt-sql/0.13.0 Azure-SDK-For-Python AZURECLI/2.0.73
    method: GET
    uri: https://management.azure.com/subscriptions/00000000-0000-0000-0000-000000000000/resourceGroups/clitest.rg000001/providers/Microsoft.Sql/servers/clitestserver000002/databases/cliautomationdb01?api-version=2017-10-01-preview
  response:
    body:
      string: '{"sku":{"name":"GP_Gen5","tier":"GeneralPurpose","family":"Gen5","capacity":2},"kind":"v12.0,user,vcore","properties":{"collation":"SQL_Latin1_General_CP1_CI_AS","maxSizeBytes":34359738368,"status":"Online","databaseId":"673ae89d-69a6-485b-8175-e6cf9938c7d5","creationDate":"2019-10-12T01:58:47.113Z","currentServiceObjectiveName":"GP_Gen5_2","requestedServiceObjectiveName":"GP_Gen5_2","defaultSecondaryLocation":"eastus","catalogCollation":"SQL_Latin1_General_CP1_CI_AS","zoneRedundant":false,"licenseType":"LicenseIncluded","maxLogSizeBytes":10307502080,"earliestRestoreDate":"2019-10-12T02:28:47.113Z","readScale":"Disabled","readReplicaCount":0,"currentSku":{"name":"GP_Gen5","tier":"GeneralPurpose","family":"Gen5","capacity":2}},"location":"westus","id":"/subscriptions/00000000-0000-0000-0000-000000000000/resourceGroups/clitest.rg000001/providers/Microsoft.Sql/servers/clitestserver000002/databases/cliautomationdb01","name":"cliautomationdb01","type":"Microsoft.Sql/servers/databases"}'
    headers:
      cache-control:
      - no-cache
      content-length:
      - '1098'
      content-type:
      - application/json; charset=utf-8
      date:
      - Sat, 12 Oct 2019 01:58:51 GMT
      expires:
      - '-1'
      pragma:
      - no-cache
      server:
      - Microsoft-HTTPAPI/2.0
      strict-transport-security:
      - max-age=31536000; includeSubDomains
      transfer-encoding:
      - chunked
      vary:
      - Accept-Encoding
      x-content-type-options:
      - nosniff
    status:
      code: 200
      message: OK
- request:
    body: null
    headers:
      Accept:
      - application/json
      Accept-Encoding:
      - gzip, deflate
      CommandName:
      - sql db restore
      Connection:
      - keep-alive
      ParameterSetName:
      - -g -s -n -t --dest-name --service-objective --edition
      User-Agent:
      - python/3.7.4 (Windows-10-10.0.18362-SP0) msrest/0.6.10 msrest_azure/0.6.2
        azure-mgmt-sql/0.13.0 Azure-SDK-For-Python AZURECLI/2.0.73
      accept-language:
      - en-US
    method: GET
    uri: https://management.azure.com/subscriptions/00000000-0000-0000-0000-000000000000/resourceGroups/clitest.rg000001/providers/Microsoft.Sql/servers/clitestserver000002?api-version=2015-05-01-preview
  response:
    body:
      string: '{"kind":"v12.0","properties":{"administratorLogin":"admin123","version":"12.0","state":"Ready","fullyQualifiedDomainName":"clitestserver000002.database.windows.net"},"location":"westus","id":"/subscriptions/00000000-0000-0000-0000-000000000000/resourceGroups/clitest.rg000001/providers/Microsoft.Sql/servers/clitestserver000002","name":"clitestserver000002","type":"Microsoft.Sql/servers"}'
    headers:
      cache-control:
      - no-cache
      content-length:
      - '580'
      content-type:
      - application/json; charset=utf-8
      date:
      - Sat, 12 Oct 2019 02:28:52 GMT
      expires:
      - '-1'
      pragma:
      - no-cache
      server:
      - Microsoft-HTTPAPI/2.0
      strict-transport-security:
      - max-age=31536000; includeSubDomains
      transfer-encoding:
      - chunked
      vary:
      - Accept-Encoding
      x-content-type-options:
      - nosniff
    status:
      code: 200
      message: OK
- request:
    body: 'b''b\''{"location": "westus", "sku": {"name": "S1", "tier": "Standard"},
      "properties": {"createMode": "PointInTimeRestore", "sourceDatabaseId": "/subscriptions/00000000-0000-0000-0000-000000000000/resourceGroups/clitest.rg000001/providers/Microsoft.Sql/servers/clitestserver000002/databases/cliautomationdb01",
      "restorePointInTime": "2019-10-12T02:28:52.491154Z"}}\'''''
    headers:
      Accept:
      - application/json
      Accept-Encoding:
      - gzip, deflate
      CommandName:
      - sql db restore
      Connection:
      - keep-alive
      Content-Length:
      - '460'
      Content-Type:
      - application/json; charset=utf-8
      ParameterSetName:
      - -g -s -n -t --dest-name --service-objective --edition
      User-Agent:
      - python/3.7.4 (Windows-10-10.0.18362-SP0) msrest/0.6.10 msrest_azure/0.6.2
        azure-mgmt-sql/0.13.0 Azure-SDK-For-Python AZURECLI/2.0.73
      accept-language:
      - en-US
    method: PUT
    uri: https://management.azure.com/subscriptions/00000000-0000-0000-0000-000000000000/resourceGroups/clitest.rg000001/providers/Microsoft.Sql/servers/clitestserver000002/databases/cliautomationdb01restore1?api-version=2017-10-01-preview
  response:
    body:
      string: '{"operation":"CreateRestoreRequest","startTime":"2019-10-12T02:28:53.563Z"}'
    headers:
      azure-asyncoperation:
      - https://management.azure.com/subscriptions/00000000-0000-0000-0000-000000000000/resourceGroups/clitest.rg000001/providers/Microsoft.Sql/locations/westus/databaseAzureAsyncOperation/cee3e46b-579b-4528-ba0a-994072cbadd8?api-version=2017-10-01-preview
      cache-control:
      - no-cache
      content-length:
      - '75'
      content-type:
      - application/json; charset=utf-8
      date:
      - Sat, 12 Oct 2019 02:28:53 GMT
      expires:
      - '-1'
      location:
      - https://management.azure.com/subscriptions/00000000-0000-0000-0000-000000000000/resourceGroups/clitest.rg000001/providers/Microsoft.Sql/locations/westus/databaseOperationResults/cee3e46b-579b-4528-ba0a-994072cbadd8?api-version=2017-10-01-preview
      pragma:
      - no-cache
      server:
      - Microsoft-HTTPAPI/2.0
      strict-transport-security:
      - max-age=31536000; includeSubDomains
      x-content-type-options:
      - nosniff
      x-ms-ratelimit-remaining-subscription-writes:
      - '1199'
    status:
      code: 202
      message: Accepted
- request:
    body: null
    headers:
      Accept:
      - application/json
      Accept-Encoding:
      - gzip, deflate
      CommandName:
      - sql db restore
      Connection:
      - keep-alive
      ParameterSetName:
      - -g -s -n -t --dest-name --service-objective --edition
      User-Agent:
      - python/3.7.4 (Windows-10-10.0.18362-SP0) msrest/0.6.10 msrest_azure/0.6.2
        azure-mgmt-sql/0.13.0 Azure-SDK-For-Python AZURECLI/2.0.73
    method: GET
    uri: https://management.azure.com/subscriptions/00000000-0000-0000-0000-000000000000/resourceGroups/clitest.rg000001/providers/Microsoft.Sql/locations/westus/databaseAzureAsyncOperation/cee3e46b-579b-4528-ba0a-994072cbadd8?api-version=2017-10-01-preview
  response:
    body:
      string: '{"name":"cee3e46b-579b-4528-ba0a-994072cbadd8","status":"InProgress","startTime":"2019-10-12T02:28:53.563Z"}'
    headers:
      cache-control:
      - no-cache
      content-length:
      - '108'
      content-type:
      - application/json; charset=utf-8
      date:
      - Sat, 12 Oct 2019 02:29:08 GMT
      expires:
      - '-1'
      pragma:
      - no-cache
      server:
      - Microsoft-HTTPAPI/2.0
      strict-transport-security:
      - max-age=31536000; includeSubDomains
      transfer-encoding:
      - chunked
      vary:
      - Accept-Encoding
      x-content-type-options:
      - nosniff
    status:
      code: 200
      message: OK
- request:
    body: null
    headers:
      Accept:
      - application/json
      Accept-Encoding:
      - gzip, deflate
      CommandName:
      - sql db restore
      Connection:
      - keep-alive
      ParameterSetName:
      - -g -s -n -t --dest-name --service-objective --edition
      User-Agent:
      - python/3.7.4 (Windows-10-10.0.18362-SP0) msrest/0.6.10 msrest_azure/0.6.2
        azure-mgmt-sql/0.13.0 Azure-SDK-For-Python AZURECLI/2.0.73
    method: GET
    uri: https://management.azure.com/subscriptions/00000000-0000-0000-0000-000000000000/resourceGroups/clitest.rg000001/providers/Microsoft.Sql/locations/westus/databaseAzureAsyncOperation/cee3e46b-579b-4528-ba0a-994072cbadd8?api-version=2017-10-01-preview
  response:
    body:
      string: '{"name":"cee3e46b-579b-4528-ba0a-994072cbadd8","status":"InProgress","startTime":"2019-10-12T02:28:53.563Z"}'
    headers:
      cache-control:
      - no-cache
      content-length:
      - '108'
      content-type:
      - application/json; charset=utf-8
      date:
      - Sat, 12 Oct 2019 02:29:24 GMT
      expires:
      - '-1'
      pragma:
      - no-cache
      server:
      - Microsoft-HTTPAPI/2.0
      strict-transport-security:
      - max-age=31536000; includeSubDomains
      transfer-encoding:
      - chunked
      vary:
      - Accept-Encoding
      x-content-type-options:
      - nosniff
    status:
      code: 200
      message: OK
- request:
    body: null
    headers:
      Accept:
      - application/json
      Accept-Encoding:
      - gzip, deflate
      CommandName:
      - sql db restore
      Connection:
      - keep-alive
      ParameterSetName:
      - -g -s -n -t --dest-name --service-objective --edition
      User-Agent:
      - python/3.7.4 (Windows-10-10.0.18362-SP0) msrest/0.6.10 msrest_azure/0.6.2
        azure-mgmt-sql/0.13.0 Azure-SDK-For-Python AZURECLI/2.0.73
    method: GET
    uri: https://management.azure.com/subscriptions/00000000-0000-0000-0000-000000000000/resourceGroups/clitest.rg000001/providers/Microsoft.Sql/locations/westus/databaseAzureAsyncOperation/cee3e46b-579b-4528-ba0a-994072cbadd8?api-version=2017-10-01-preview
  response:
    body:
      string: '{"name":"cee3e46b-579b-4528-ba0a-994072cbadd8","status":"InProgress","startTime":"2019-10-12T02:28:53.563Z"}'
    headers:
      cache-control:
      - no-cache
      content-length:
      - '108'
      content-type:
      - application/json; charset=utf-8
      date:
      - Sat, 12 Oct 2019 02:29:38 GMT
      expires:
      - '-1'
      pragma:
      - no-cache
      server:
      - Microsoft-HTTPAPI/2.0
      strict-transport-security:
      - max-age=31536000; includeSubDomains
      transfer-encoding:
      - chunked
      vary:
      - Accept-Encoding
      x-content-type-options:
      - nosniff
    status:
      code: 200
      message: OK
- request:
    body: null
    headers:
      Accept:
      - application/json
      Accept-Encoding:
      - gzip, deflate
      CommandName:
      - sql db restore
      Connection:
      - keep-alive
      ParameterSetName:
      - -g -s -n -t --dest-name --service-objective --edition
      User-Agent:
      - python/3.7.4 (Windows-10-10.0.18362-SP0) msrest/0.6.10 msrest_azure/0.6.2
        azure-mgmt-sql/0.13.0 Azure-SDK-For-Python AZURECLI/2.0.73
    method: GET
    uri: https://management.azure.com/subscriptions/00000000-0000-0000-0000-000000000000/resourceGroups/clitest.rg000001/providers/Microsoft.Sql/locations/westus/databaseAzureAsyncOperation/cee3e46b-579b-4528-ba0a-994072cbadd8?api-version=2017-10-01-preview
  response:
    body:
      string: '{"name":"cee3e46b-579b-4528-ba0a-994072cbadd8","status":"InProgress","startTime":"2019-10-12T02:28:53.563Z"}'
    headers:
      cache-control:
      - no-cache
      content-length:
      - '108'
      content-type:
      - application/json; charset=utf-8
      date:
      - Sat, 12 Oct 2019 02:29:53 GMT
      expires:
      - '-1'
      pragma:
      - no-cache
      server:
      - Microsoft-HTTPAPI/2.0
      strict-transport-security:
      - max-age=31536000; includeSubDomains
      transfer-encoding:
      - chunked
      vary:
      - Accept-Encoding
      x-content-type-options:
      - nosniff
    status:
      code: 200
      message: OK
- request:
    body: null
    headers:
      Accept:
      - application/json
      Accept-Encoding:
      - gzip, deflate
      CommandName:
      - sql db restore
      Connection:
      - keep-alive
      ParameterSetName:
      - -g -s -n -t --dest-name --service-objective --edition
      User-Agent:
      - python/3.7.4 (Windows-10-10.0.18362-SP0) msrest/0.6.10 msrest_azure/0.6.2
        azure-mgmt-sql/0.13.0 Azure-SDK-For-Python AZURECLI/2.0.73
    method: GET
    uri: https://management.azure.com/subscriptions/00000000-0000-0000-0000-000000000000/resourceGroups/clitest.rg000001/providers/Microsoft.Sql/locations/westus/databaseAzureAsyncOperation/cee3e46b-579b-4528-ba0a-994072cbadd8?api-version=2017-10-01-preview
  response:
    body:
      string: '{"name":"cee3e46b-579b-4528-ba0a-994072cbadd8","status":"InProgress","startTime":"2019-10-12T02:28:53.563Z"}'
    headers:
      cache-control:
      - no-cache
      content-length:
      - '108'
      content-type:
      - application/json; charset=utf-8
      date:
      - Sat, 12 Oct 2019 02:30:08 GMT
      expires:
      - '-1'
      pragma:
      - no-cache
      server:
      - Microsoft-HTTPAPI/2.0
      strict-transport-security:
      - max-age=31536000; includeSubDomains
      transfer-encoding:
      - chunked
      vary:
      - Accept-Encoding
      x-content-type-options:
      - nosniff
    status:
      code: 200
      message: OK
- request:
    body: null
    headers:
      Accept:
      - application/json
      Accept-Encoding:
      - gzip, deflate
      CommandName:
      - sql db restore
      Connection:
      - keep-alive
      ParameterSetName:
      - -g -s -n -t --dest-name --service-objective --edition
      User-Agent:
      - python/3.7.4 (Windows-10-10.0.18362-SP0) msrest/0.6.10 msrest_azure/0.6.2
        azure-mgmt-sql/0.13.0 Azure-SDK-For-Python AZURECLI/2.0.73
    method: GET
    uri: https://management.azure.com/subscriptions/00000000-0000-0000-0000-000000000000/resourceGroups/clitest.rg000001/providers/Microsoft.Sql/locations/westus/databaseAzureAsyncOperation/cee3e46b-579b-4528-ba0a-994072cbadd8?api-version=2017-10-01-preview
  response:
    body:
      string: '{"name":"cee3e46b-579b-4528-ba0a-994072cbadd8","status":"InProgress","startTime":"2019-10-12T02:28:53.563Z"}'
    headers:
      cache-control:
      - no-cache
      content-length:
      - '108'
      content-type:
      - application/json; charset=utf-8
      date:
      - Sat, 12 Oct 2019 02:30:23 GMT
      expires:
      - '-1'
      pragma:
      - no-cache
      server:
      - Microsoft-HTTPAPI/2.0
      strict-transport-security:
      - max-age=31536000; includeSubDomains
      transfer-encoding:
      - chunked
      vary:
      - Accept-Encoding
      x-content-type-options:
      - nosniff
    status:
      code: 200
      message: OK
- request:
    body: null
    headers:
      Accept:
      - application/json
      Accept-Encoding:
      - gzip, deflate
      CommandName:
      - sql db restore
      Connection:
      - keep-alive
      ParameterSetName:
      - -g -s -n -t --dest-name --service-objective --edition
      User-Agent:
      - python/3.7.4 (Windows-10-10.0.18362-SP0) msrest/0.6.10 msrest_azure/0.6.2
        azure-mgmt-sql/0.13.0 Azure-SDK-For-Python AZURECLI/2.0.73
    method: GET
    uri: https://management.azure.com/subscriptions/00000000-0000-0000-0000-000000000000/resourceGroups/clitest.rg000001/providers/Microsoft.Sql/locations/westus/databaseAzureAsyncOperation/cee3e46b-579b-4528-ba0a-994072cbadd8?api-version=2017-10-01-preview
  response:
    body:
      string: '{"name":"cee3e46b-579b-4528-ba0a-994072cbadd8","status":"InProgress","startTime":"2019-10-12T02:28:53.563Z"}'
    headers:
      cache-control:
      - no-cache
      content-length:
      - '108'
      content-type:
      - application/json; charset=utf-8
      date:
      - Sat, 12 Oct 2019 02:30:38 GMT
      expires:
      - '-1'
      pragma:
      - no-cache
      server:
      - Microsoft-HTTPAPI/2.0
      strict-transport-security:
      - max-age=31536000; includeSubDomains
      transfer-encoding:
      - chunked
      vary:
      - Accept-Encoding
      x-content-type-options:
      - nosniff
    status:
      code: 200
      message: OK
- request:
    body: null
    headers:
      Accept:
      - application/json
      Accept-Encoding:
      - gzip, deflate
      CommandName:
      - sql db restore
      Connection:
      - keep-alive
      ParameterSetName:
      - -g -s -n -t --dest-name --service-objective --edition
      User-Agent:
      - python/3.7.4 (Windows-10-10.0.18362-SP0) msrest/0.6.10 msrest_azure/0.6.2
        azure-mgmt-sql/0.13.0 Azure-SDK-For-Python AZURECLI/2.0.73
    method: GET
    uri: https://management.azure.com/subscriptions/00000000-0000-0000-0000-000000000000/resourceGroups/clitest.rg000001/providers/Microsoft.Sql/locations/westus/databaseAzureAsyncOperation/cee3e46b-579b-4528-ba0a-994072cbadd8?api-version=2017-10-01-preview
  response:
    body:
      string: '{"name":"cee3e46b-579b-4528-ba0a-994072cbadd8","status":"InProgress","startTime":"2019-10-12T02:28:53.563Z"}'
    headers:
      cache-control:
      - no-cache
      content-length:
      - '108'
      content-type:
      - application/json; charset=utf-8
      date:
      - Sat, 12 Oct 2019 02:30:54 GMT
      expires:
      - '-1'
      pragma:
      - no-cache
      server:
      - Microsoft-HTTPAPI/2.0
      strict-transport-security:
      - max-age=31536000; includeSubDomains
      transfer-encoding:
      - chunked
      vary:
      - Accept-Encoding
      x-content-type-options:
      - nosniff
    status:
      code: 200
      message: OK
- request:
    body: null
    headers:
      Accept:
      - application/json
      Accept-Encoding:
      - gzip, deflate
      CommandName:
      - sql db restore
      Connection:
      - keep-alive
      ParameterSetName:
      - -g -s -n -t --dest-name --service-objective --edition
      User-Agent:
      - python/3.7.4 (Windows-10-10.0.18362-SP0) msrest/0.6.10 msrest_azure/0.6.2
        azure-mgmt-sql/0.13.0 Azure-SDK-For-Python AZURECLI/2.0.73
    method: GET
    uri: https://management.azure.com/subscriptions/00000000-0000-0000-0000-000000000000/resourceGroups/clitest.rg000001/providers/Microsoft.Sql/locations/westus/databaseAzureAsyncOperation/cee3e46b-579b-4528-ba0a-994072cbadd8?api-version=2017-10-01-preview
  response:
    body:
      string: '{"name":"cee3e46b-579b-4528-ba0a-994072cbadd8","status":"InProgress","startTime":"2019-10-12T02:28:53.563Z"}'
    headers:
      cache-control:
      - no-cache
      content-length:
      - '108'
      content-type:
      - application/json; charset=utf-8
      date:
      - Sat, 12 Oct 2019 02:31:09 GMT
      expires:
      - '-1'
      pragma:
      - no-cache
      server:
      - Microsoft-HTTPAPI/2.0
      strict-transport-security:
      - max-age=31536000; includeSubDomains
      transfer-encoding:
      - chunked
      vary:
      - Accept-Encoding
      x-content-type-options:
      - nosniff
    status:
      code: 200
      message: OK
- request:
    body: null
    headers:
      Accept:
      - application/json
      Accept-Encoding:
      - gzip, deflate
      CommandName:
      - sql db restore
      Connection:
      - keep-alive
      ParameterSetName:
      - -g -s -n -t --dest-name --service-objective --edition
      User-Agent:
      - python/3.7.4 (Windows-10-10.0.18362-SP0) msrest/0.6.10 msrest_azure/0.6.2
        azure-mgmt-sql/0.13.0 Azure-SDK-For-Python AZURECLI/2.0.73
    method: GET
    uri: https://management.azure.com/subscriptions/00000000-0000-0000-0000-000000000000/resourceGroups/clitest.rg000001/providers/Microsoft.Sql/locations/westus/databaseAzureAsyncOperation/cee3e46b-579b-4528-ba0a-994072cbadd8?api-version=2017-10-01-preview
  response:
    body:
      string: '{"name":"cee3e46b-579b-4528-ba0a-994072cbadd8","status":"InProgress","startTime":"2019-10-12T02:28:53.563Z"}'
    headers:
      cache-control:
      - no-cache
      content-length:
      - '108'
      content-type:
      - application/json; charset=utf-8
      date:
      - Sat, 12 Oct 2019 02:31:24 GMT
      expires:
      - '-1'
      pragma:
      - no-cache
      server:
      - Microsoft-HTTPAPI/2.0
      strict-transport-security:
      - max-age=31536000; includeSubDomains
      transfer-encoding:
      - chunked
      vary:
      - Accept-Encoding
      x-content-type-options:
      - nosniff
    status:
      code: 200
      message: OK
- request:
    body: null
    headers:
      Accept:
      - application/json
      Accept-Encoding:
      - gzip, deflate
      CommandName:
      - sql db restore
      Connection:
      - keep-alive
      ParameterSetName:
      - -g -s -n -t --dest-name --service-objective --edition
      User-Agent:
      - python/3.7.4 (Windows-10-10.0.18362-SP0) msrest/0.6.10 msrest_azure/0.6.2
        azure-mgmt-sql/0.13.0 Azure-SDK-For-Python AZURECLI/2.0.73
    method: GET
    uri: https://management.azure.com/subscriptions/00000000-0000-0000-0000-000000000000/resourceGroups/clitest.rg000001/providers/Microsoft.Sql/locations/westus/databaseAzureAsyncOperation/cee3e46b-579b-4528-ba0a-994072cbadd8?api-version=2017-10-01-preview
  response:
    body:
      string: '{"name":"cee3e46b-579b-4528-ba0a-994072cbadd8","status":"InProgress","startTime":"2019-10-12T02:28:53.563Z"}'
    headers:
      cache-control:
      - no-cache
      content-length:
      - '108'
      content-type:
      - application/json; charset=utf-8
      date:
      - Sat, 12 Oct 2019 02:31:39 GMT
      expires:
      - '-1'
      pragma:
      - no-cache
      server:
      - Microsoft-HTTPAPI/2.0
      strict-transport-security:
      - max-age=31536000; includeSubDomains
      transfer-encoding:
      - chunked
      vary:
      - Accept-Encoding
      x-content-type-options:
      - nosniff
    status:
      code: 200
      message: OK
- request:
    body: null
    headers:
      Accept:
      - application/json
      Accept-Encoding:
      - gzip, deflate
      CommandName:
      - sql db restore
      Connection:
      - keep-alive
      ParameterSetName:
      - -g -s -n -t --dest-name --service-objective --edition
      User-Agent:
      - python/3.7.4 (Windows-10-10.0.18362-SP0) msrest/0.6.10 msrest_azure/0.6.2
        azure-mgmt-sql/0.13.0 Azure-SDK-For-Python AZURECLI/2.0.73
    method: GET
    uri: https://management.azure.com/subscriptions/00000000-0000-0000-0000-000000000000/resourceGroups/clitest.rg000001/providers/Microsoft.Sql/locations/westus/databaseAzureAsyncOperation/cee3e46b-579b-4528-ba0a-994072cbadd8?api-version=2017-10-01-preview
  response:
    body:
      string: '{"name":"cee3e46b-579b-4528-ba0a-994072cbadd8","status":"InProgress","startTime":"2019-10-12T02:28:53.563Z"}'
    headers:
      cache-control:
      - no-cache
      content-length:
      - '108'
      content-type:
      - application/json; charset=utf-8
      date:
      - Sat, 12 Oct 2019 02:31:54 GMT
      expires:
      - '-1'
      pragma:
      - no-cache
      server:
      - Microsoft-HTTPAPI/2.0
      strict-transport-security:
      - max-age=31536000; includeSubDomains
      transfer-encoding:
      - chunked
      vary:
      - Accept-Encoding
      x-content-type-options:
      - nosniff
    status:
      code: 200
      message: OK
- request:
    body: null
    headers:
      Accept:
      - application/json
      Accept-Encoding:
      - gzip, deflate
      CommandName:
      - sql db restore
      Connection:
      - keep-alive
      ParameterSetName:
      - -g -s -n -t --dest-name --service-objective --edition
      User-Agent:
      - python/3.7.4 (Windows-10-10.0.18362-SP0) msrest/0.6.10 msrest_azure/0.6.2
        azure-mgmt-sql/0.13.0 Azure-SDK-For-Python AZURECLI/2.0.73
    method: GET
    uri: https://management.azure.com/subscriptions/00000000-0000-0000-0000-000000000000/resourceGroups/clitest.rg000001/providers/Microsoft.Sql/locations/westus/databaseAzureAsyncOperation/cee3e46b-579b-4528-ba0a-994072cbadd8?api-version=2017-10-01-preview
  response:
    body:
      string: '{"name":"cee3e46b-579b-4528-ba0a-994072cbadd8","status":"InProgress","startTime":"2019-10-12T02:28:53.563Z"}'
    headers:
      cache-control:
      - no-cache
      content-length:
      - '108'
      content-type:
      - application/json; charset=utf-8
      date:
      - Sat, 12 Oct 2019 02:32:09 GMT
      expires:
      - '-1'
      pragma:
      - no-cache
      server:
      - Microsoft-HTTPAPI/2.0
      strict-transport-security:
      - max-age=31536000; includeSubDomains
      transfer-encoding:
      - chunked
      vary:
      - Accept-Encoding
      x-content-type-options:
      - nosniff
    status:
      code: 200
      message: OK
- request:
    body: null
    headers:
      Accept:
      - application/json
      Accept-Encoding:
      - gzip, deflate
      CommandName:
      - sql db restore
      Connection:
      - keep-alive
      ParameterSetName:
      - -g -s -n -t --dest-name --service-objective --edition
      User-Agent:
      - python/3.7.4 (Windows-10-10.0.18362-SP0) msrest/0.6.10 msrest_azure/0.6.2
        azure-mgmt-sql/0.13.0 Azure-SDK-For-Python AZURECLI/2.0.73
    method: GET
    uri: https://management.azure.com/subscriptions/00000000-0000-0000-0000-000000000000/resourceGroups/clitest.rg000001/providers/Microsoft.Sql/locations/westus/databaseAzureAsyncOperation/cee3e46b-579b-4528-ba0a-994072cbadd8?api-version=2017-10-01-preview
  response:
    body:
      string: '{"name":"cee3e46b-579b-4528-ba0a-994072cbadd8","status":"InProgress","startTime":"2019-10-12T02:28:53.563Z"}'
    headers:
      cache-control:
      - no-cache
      content-length:
      - '108'
      content-type:
      - application/json; charset=utf-8
      date:
      - Sat, 12 Oct 2019 02:32:23 GMT
      expires:
      - '-1'
      pragma:
      - no-cache
      server:
      - Microsoft-HTTPAPI/2.0
      strict-transport-security:
      - max-age=31536000; includeSubDomains
      transfer-encoding:
      - chunked
      vary:
      - Accept-Encoding
      x-content-type-options:
      - nosniff
    status:
      code: 200
      message: OK
- request:
    body: null
    headers:
      Accept:
      - application/json
      Accept-Encoding:
      - gzip, deflate
      CommandName:
      - sql db restore
      Connection:
      - keep-alive
      ParameterSetName:
      - -g -s -n -t --dest-name --service-objective --edition
      User-Agent:
      - python/3.7.4 (Windows-10-10.0.18362-SP0) msrest/0.6.10 msrest_azure/0.6.2
        azure-mgmt-sql/0.13.0 Azure-SDK-For-Python AZURECLI/2.0.73
    method: GET
    uri: https://management.azure.com/subscriptions/00000000-0000-0000-0000-000000000000/resourceGroups/clitest.rg000001/providers/Microsoft.Sql/locations/westus/databaseAzureAsyncOperation/cee3e46b-579b-4528-ba0a-994072cbadd8?api-version=2017-10-01-preview
  response:
    body:
      string: '{"name":"cee3e46b-579b-4528-ba0a-994072cbadd8","status":"InProgress","startTime":"2019-10-12T02:28:53.563Z"}'
    headers:
      cache-control:
      - no-cache
      content-length:
      - '108'
      content-type:
      - application/json; charset=utf-8
      date:
      - Sat, 12 Oct 2019 02:32:39 GMT
      expires:
      - '-1'
      pragma:
      - no-cache
      server:
      - Microsoft-HTTPAPI/2.0
      strict-transport-security:
      - max-age=31536000; includeSubDomains
      transfer-encoding:
      - chunked
      vary:
      - Accept-Encoding
      x-content-type-options:
      - nosniff
    status:
      code: 200
      message: OK
- request:
    body: null
    headers:
      Accept:
      - application/json
      Accept-Encoding:
      - gzip, deflate
      CommandName:
      - sql db restore
      Connection:
      - keep-alive
      ParameterSetName:
      - -g -s -n -t --dest-name --service-objective --edition
      User-Agent:
      - python/3.7.4 (Windows-10-10.0.18362-SP0) msrest/0.6.10 msrest_azure/0.6.2
        azure-mgmt-sql/0.13.0 Azure-SDK-For-Python AZURECLI/2.0.73
    method: GET
    uri: https://management.azure.com/subscriptions/00000000-0000-0000-0000-000000000000/resourceGroups/clitest.rg000001/providers/Microsoft.Sql/locations/westus/databaseAzureAsyncOperation/cee3e46b-579b-4528-ba0a-994072cbadd8?api-version=2017-10-01-preview
  response:
    body:
      string: '{"name":"cee3e46b-579b-4528-ba0a-994072cbadd8","status":"InProgress","startTime":"2019-10-12T02:28:53.563Z"}'
    headers:
      cache-control:
      - no-cache
      content-length:
      - '108'
      content-type:
      - application/json; charset=utf-8
      date:
      - Sat, 12 Oct 2019 02:32:54 GMT
      expires:
      - '-1'
      pragma:
      - no-cache
      server:
      - Microsoft-HTTPAPI/2.0
      strict-transport-security:
      - max-age=31536000; includeSubDomains
      transfer-encoding:
      - chunked
      vary:
      - Accept-Encoding
      x-content-type-options:
      - nosniff
    status:
      code: 200
      message: OK
- request:
    body: null
    headers:
      Accept:
      - application/json
      Accept-Encoding:
      - gzip, deflate
      CommandName:
      - sql db restore
      Connection:
      - keep-alive
      ParameterSetName:
      - -g -s -n -t --dest-name --service-objective --edition
      User-Agent:
      - python/3.7.4 (Windows-10-10.0.18362-SP0) msrest/0.6.10 msrest_azure/0.6.2
        azure-mgmt-sql/0.13.0 Azure-SDK-For-Python AZURECLI/2.0.73
    method: GET
    uri: https://management.azure.com/subscriptions/00000000-0000-0000-0000-000000000000/resourceGroups/clitest.rg000001/providers/Microsoft.Sql/locations/westus/databaseAzureAsyncOperation/cee3e46b-579b-4528-ba0a-994072cbadd8?api-version=2017-10-01-preview
  response:
    body:
      string: '{"name":"cee3e46b-579b-4528-ba0a-994072cbadd8","status":"InProgress","startTime":"2019-10-12T02:28:53.563Z"}'
    headers:
      cache-control:
      - no-cache
      content-length:
      - '108'
      content-type:
      - application/json; charset=utf-8
      date:
      - Sat, 12 Oct 2019 02:33:09 GMT
      expires:
      - '-1'
      pragma:
      - no-cache
      server:
      - Microsoft-HTTPAPI/2.0
      strict-transport-security:
      - max-age=31536000; includeSubDomains
      transfer-encoding:
      - chunked
      vary:
      - Accept-Encoding
      x-content-type-options:
      - nosniff
    status:
      code: 200
      message: OK
- request:
    body: null
    headers:
      Accept:
      - application/json
      Accept-Encoding:
      - gzip, deflate
      CommandName:
      - sql db restore
      Connection:
      - keep-alive
      ParameterSetName:
      - -g -s -n -t --dest-name --service-objective --edition
      User-Agent:
      - python/3.7.4 (Windows-10-10.0.18362-SP0) msrest/0.6.10 msrest_azure/0.6.2
        azure-mgmt-sql/0.13.0 Azure-SDK-For-Python AZURECLI/2.0.73
    method: GET
    uri: https://management.azure.com/subscriptions/00000000-0000-0000-0000-000000000000/resourceGroups/clitest.rg000001/providers/Microsoft.Sql/locations/westus/databaseAzureAsyncOperation/cee3e46b-579b-4528-ba0a-994072cbadd8?api-version=2017-10-01-preview
  response:
    body:
      string: '{"name":"cee3e46b-579b-4528-ba0a-994072cbadd8","status":"InProgress","startTime":"2019-10-12T02:28:53.563Z"}'
    headers:
      cache-control:
      - no-cache
      content-length:
      - '108'
      content-type:
      - application/json; charset=utf-8
      date:
      - Sat, 12 Oct 2019 02:33:24 GMT
      expires:
      - '-1'
      pragma:
      - no-cache
      server:
      - Microsoft-HTTPAPI/2.0
      strict-transport-security:
      - max-age=31536000; includeSubDomains
      transfer-encoding:
      - chunked
      vary:
      - Accept-Encoding
      x-content-type-options:
      - nosniff
    status:
      code: 200
      message: OK
- request:
    body: null
    headers:
      Accept:
      - application/json
      Accept-Encoding:
      - gzip, deflate
      CommandName:
      - sql db restore
      Connection:
      - keep-alive
      ParameterSetName:
      - -g -s -n -t --dest-name --service-objective --edition
      User-Agent:
      - python/3.7.4 (Windows-10-10.0.18362-SP0) msrest/0.6.10 msrest_azure/0.6.2
        azure-mgmt-sql/0.13.0 Azure-SDK-For-Python AZURECLI/2.0.73
    method: GET
    uri: https://management.azure.com/subscriptions/00000000-0000-0000-0000-000000000000/resourceGroups/clitest.rg000001/providers/Microsoft.Sql/locations/westus/databaseAzureAsyncOperation/cee3e46b-579b-4528-ba0a-994072cbadd8?api-version=2017-10-01-preview
  response:
    body:
      string: '{"name":"cee3e46b-579b-4528-ba0a-994072cbadd8","status":"InProgress","startTime":"2019-10-12T02:28:53.563Z"}'
    headers:
      cache-control:
      - no-cache
      content-length:
      - '108'
      content-type:
      - application/json; charset=utf-8
      date:
      - Sat, 12 Oct 2019 02:33:39 GMT
      expires:
      - '-1'
      pragma:
      - no-cache
      server:
      - Microsoft-HTTPAPI/2.0
      strict-transport-security:
      - max-age=31536000; includeSubDomains
      transfer-encoding:
      - chunked
      vary:
      - Accept-Encoding
      x-content-type-options:
      - nosniff
    status:
      code: 200
      message: OK
- request:
    body: null
    headers:
      Accept:
      - application/json
      Accept-Encoding:
      - gzip, deflate
      CommandName:
      - sql db restore
      Connection:
      - keep-alive
      ParameterSetName:
      - -g -s -n -t --dest-name --service-objective --edition
      User-Agent:
      - python/3.7.4 (Windows-10-10.0.18362-SP0) msrest/0.6.10 msrest_azure/0.6.2
        azure-mgmt-sql/0.13.0 Azure-SDK-For-Python AZURECLI/2.0.73
    method: GET
    uri: https://management.azure.com/subscriptions/00000000-0000-0000-0000-000000000000/resourceGroups/clitest.rg000001/providers/Microsoft.Sql/locations/westus/databaseAzureAsyncOperation/cee3e46b-579b-4528-ba0a-994072cbadd8?api-version=2017-10-01-preview
  response:
    body:
      string: '{"name":"cee3e46b-579b-4528-ba0a-994072cbadd8","status":"InProgress","startTime":"2019-10-12T02:28:53.563Z"}'
    headers:
      cache-control:
      - no-cache
      content-length:
      - '108'
      content-type:
      - application/json; charset=utf-8
      date:
      - Sat, 12 Oct 2019 02:33:54 GMT
      expires:
      - '-1'
      pragma:
      - no-cache
      server:
      - Microsoft-HTTPAPI/2.0
      strict-transport-security:
      - max-age=31536000; includeSubDomains
      transfer-encoding:
      - chunked
      vary:
      - Accept-Encoding
      x-content-type-options:
      - nosniff
    status:
      code: 200
      message: OK
- request:
    body: null
    headers:
      Accept:
      - application/json
      Accept-Encoding:
      - gzip, deflate
      CommandName:
      - sql db restore
      Connection:
      - keep-alive
      ParameterSetName:
      - -g -s -n -t --dest-name --service-objective --edition
      User-Agent:
      - python/3.7.4 (Windows-10-10.0.18362-SP0) msrest/0.6.10 msrest_azure/0.6.2
        azure-mgmt-sql/0.13.0 Azure-SDK-For-Python AZURECLI/2.0.73
    method: GET
    uri: https://management.azure.com/subscriptions/00000000-0000-0000-0000-000000000000/resourceGroups/clitest.rg000001/providers/Microsoft.Sql/locations/westus/databaseAzureAsyncOperation/cee3e46b-579b-4528-ba0a-994072cbadd8?api-version=2017-10-01-preview
  response:
    body:
      string: '{"name":"cee3e46b-579b-4528-ba0a-994072cbadd8","status":"InProgress","startTime":"2019-10-12T02:28:53.563Z"}'
    headers:
      cache-control:
      - no-cache
      content-length:
      - '108'
      content-type:
      - application/json; charset=utf-8
      date:
      - Sat, 12 Oct 2019 02:34:09 GMT
      expires:
      - '-1'
      pragma:
      - no-cache
      server:
      - Microsoft-HTTPAPI/2.0
      strict-transport-security:
      - max-age=31536000; includeSubDomains
      transfer-encoding:
      - chunked
      vary:
      - Accept-Encoding
      x-content-type-options:
      - nosniff
    status:
      code: 200
      message: OK
- request:
    body: null
    headers:
      Accept:
      - application/json
      Accept-Encoding:
      - gzip, deflate
      CommandName:
      - sql db restore
      Connection:
      - keep-alive
      ParameterSetName:
      - -g -s -n -t --dest-name --service-objective --edition
      User-Agent:
      - python/3.7.4 (Windows-10-10.0.18362-SP0) msrest/0.6.10 msrest_azure/0.6.2
        azure-mgmt-sql/0.13.0 Azure-SDK-For-Python AZURECLI/2.0.73
    method: GET
    uri: https://management.azure.com/subscriptions/00000000-0000-0000-0000-000000000000/resourceGroups/clitest.rg000001/providers/Microsoft.Sql/locations/westus/databaseAzureAsyncOperation/cee3e46b-579b-4528-ba0a-994072cbadd8?api-version=2017-10-01-preview
  response:
    body:
      string: '{"name":"cee3e46b-579b-4528-ba0a-994072cbadd8","status":"InProgress","startTime":"2019-10-12T02:28:53.563Z"}'
    headers:
      cache-control:
      - no-cache
      content-length:
      - '108'
      content-type:
      - application/json; charset=utf-8
      date:
      - Sat, 12 Oct 2019 02:34:26 GMT
      expires:
      - '-1'
      pragma:
      - no-cache
      server:
      - Microsoft-HTTPAPI/2.0
      strict-transport-security:
      - max-age=31536000; includeSubDomains
      transfer-encoding:
      - chunked
      vary:
      - Accept-Encoding
      x-content-type-options:
      - nosniff
    status:
      code: 200
      message: OK
- request:
    body: null
    headers:
      Accept:
      - application/json
      Accept-Encoding:
      - gzip, deflate
      CommandName:
      - sql db restore
      Connection:
      - keep-alive
      ParameterSetName:
      - -g -s -n -t --dest-name --service-objective --edition
      User-Agent:
      - python/3.7.4 (Windows-10-10.0.18362-SP0) msrest/0.6.10 msrest_azure/0.6.2
        azure-mgmt-sql/0.13.0 Azure-SDK-For-Python AZURECLI/2.0.73
    method: GET
    uri: https://management.azure.com/subscriptions/00000000-0000-0000-0000-000000000000/resourceGroups/clitest.rg000001/providers/Microsoft.Sql/locations/westus/databaseAzureAsyncOperation/cee3e46b-579b-4528-ba0a-994072cbadd8?api-version=2017-10-01-preview
  response:
    body:
      string: '{"name":"cee3e46b-579b-4528-ba0a-994072cbadd8","status":"InProgress","startTime":"2019-10-12T02:28:53.563Z"}'
    headers:
      cache-control:
      - no-cache
      content-length:
      - '108'
      content-type:
      - application/json; charset=utf-8
      date:
      - Sat, 12 Oct 2019 02:34:41 GMT
      expires:
      - '-1'
      pragma:
      - no-cache
      server:
      - Microsoft-HTTPAPI/2.0
      strict-transport-security:
      - max-age=31536000; includeSubDomains
      transfer-encoding:
      - chunked
      vary:
      - Accept-Encoding
      x-content-type-options:
      - nosniff
    status:
      code: 200
      message: OK
- request:
    body: null
    headers:
      Accept:
      - application/json
      Accept-Encoding:
      - gzip, deflate
      CommandName:
      - sql db restore
      Connection:
      - keep-alive
      ParameterSetName:
      - -g -s -n -t --dest-name --service-objective --edition
      User-Agent:
      - python/3.7.4 (Windows-10-10.0.18362-SP0) msrest/0.6.10 msrest_azure/0.6.2
        azure-mgmt-sql/0.13.0 Azure-SDK-For-Python AZURECLI/2.0.73
    method: GET
    uri: https://management.azure.com/subscriptions/00000000-0000-0000-0000-000000000000/resourceGroups/clitest.rg000001/providers/Microsoft.Sql/locations/westus/databaseAzureAsyncOperation/cee3e46b-579b-4528-ba0a-994072cbadd8?api-version=2017-10-01-preview
  response:
    body:
      string: '{"name":"cee3e46b-579b-4528-ba0a-994072cbadd8","status":"InProgress","startTime":"2019-10-12T02:28:53.563Z"}'
    headers:
      cache-control:
      - no-cache
      content-length:
      - '108'
      content-type:
      - application/json; charset=utf-8
      date:
      - Sat, 12 Oct 2019 02:34:56 GMT
      expires:
      - '-1'
      pragma:
      - no-cache
      server:
      - Microsoft-HTTPAPI/2.0
      strict-transport-security:
      - max-age=31536000; includeSubDomains
      transfer-encoding:
      - chunked
      vary:
      - Accept-Encoding
      x-content-type-options:
      - nosniff
    status:
      code: 200
      message: OK
- request:
    body: null
    headers:
      Accept:
      - application/json
      Accept-Encoding:
      - gzip, deflate
      CommandName:
      - sql db restore
      Connection:
      - keep-alive
      ParameterSetName:
      - -g -s -n -t --dest-name --service-objective --edition
      User-Agent:
      - python/3.7.4 (Windows-10-10.0.18362-SP0) msrest/0.6.10 msrest_azure/0.6.2
        azure-mgmt-sql/0.13.0 Azure-SDK-For-Python AZURECLI/2.0.73
    method: GET
    uri: https://management.azure.com/subscriptions/00000000-0000-0000-0000-000000000000/resourceGroups/clitest.rg000001/providers/Microsoft.Sql/locations/westus/databaseAzureAsyncOperation/cee3e46b-579b-4528-ba0a-994072cbadd8?api-version=2017-10-01-preview
  response:
    body:
      string: '{"name":"cee3e46b-579b-4528-ba0a-994072cbadd8","status":"InProgress","startTime":"2019-10-12T02:28:53.563Z"}'
    headers:
      cache-control:
      - no-cache
      content-length:
      - '108'
      content-type:
      - application/json; charset=utf-8
      date:
      - Sat, 12 Oct 2019 02:35:11 GMT
      expires:
      - '-1'
      pragma:
      - no-cache
      server:
      - Microsoft-HTTPAPI/2.0
      strict-transport-security:
      - max-age=31536000; includeSubDomains
      transfer-encoding:
      - chunked
      vary:
      - Accept-Encoding
      x-content-type-options:
      - nosniff
    status:
      code: 200
      message: OK
- request:
    body: null
    headers:
      Accept:
      - application/json
      Accept-Encoding:
      - gzip, deflate
      CommandName:
      - sql db restore
      Connection:
      - keep-alive
      ParameterSetName:
      - -g -s -n -t --dest-name --service-objective --edition
      User-Agent:
      - python/3.7.4 (Windows-10-10.0.18362-SP0) msrest/0.6.10 msrest_azure/0.6.2
        azure-mgmt-sql/0.13.0 Azure-SDK-For-Python AZURECLI/2.0.73
    method: GET
    uri: https://management.azure.com/subscriptions/00000000-0000-0000-0000-000000000000/resourceGroups/clitest.rg000001/providers/Microsoft.Sql/locations/westus/databaseAzureAsyncOperation/cee3e46b-579b-4528-ba0a-994072cbadd8?api-version=2017-10-01-preview
  response:
    body:
      string: '{"name":"cee3e46b-579b-4528-ba0a-994072cbadd8","status":"InProgress","startTime":"2019-10-12T02:28:53.563Z"}'
    headers:
      cache-control:
      - no-cache
      content-length:
      - '108'
      content-type:
      - application/json; charset=utf-8
      date:
      - Sat, 12 Oct 2019 02:35:26 GMT
      expires:
      - '-1'
      pragma:
      - no-cache
      server:
      - Microsoft-HTTPAPI/2.0
      strict-transport-security:
      - max-age=31536000; includeSubDomains
      transfer-encoding:
      - chunked
      vary:
      - Accept-Encoding
      x-content-type-options:
      - nosniff
    status:
      code: 200
      message: OK
- request:
    body: null
    headers:
      Accept:
      - application/json
      Accept-Encoding:
      - gzip, deflate
      CommandName:
      - sql db restore
      Connection:
      - keep-alive
      ParameterSetName:
      - -g -s -n -t --dest-name --service-objective --edition
      User-Agent:
      - python/3.7.4 (Windows-10-10.0.18362-SP0) msrest/0.6.10 msrest_azure/0.6.2
        azure-mgmt-sql/0.13.0 Azure-SDK-For-Python AZURECLI/2.0.73
    method: GET
    uri: https://management.azure.com/subscriptions/00000000-0000-0000-0000-000000000000/resourceGroups/clitest.rg000001/providers/Microsoft.Sql/locations/westus/databaseAzureAsyncOperation/cee3e46b-579b-4528-ba0a-994072cbadd8?api-version=2017-10-01-preview
  response:
    body:
      string: '{"name":"cee3e46b-579b-4528-ba0a-994072cbadd8","status":"InProgress","startTime":"2019-10-12T02:28:53.563Z"}'
    headers:
      cache-control:
      - no-cache
      content-length:
      - '108'
      content-type:
      - application/json; charset=utf-8
      date:
      - Sat, 12 Oct 2019 02:35:41 GMT
      expires:
      - '-1'
      pragma:
      - no-cache
      server:
      - Microsoft-HTTPAPI/2.0
      strict-transport-security:
      - max-age=31536000; includeSubDomains
      transfer-encoding:
      - chunked
      vary:
      - Accept-Encoding
      x-content-type-options:
      - nosniff
    status:
      code: 200
      message: OK
- request:
    body: null
    headers:
      Accept:
      - application/json
      Accept-Encoding:
      - gzip, deflate
      CommandName:
      - sql db restore
      Connection:
      - keep-alive
      ParameterSetName:
      - -g -s -n -t --dest-name --service-objective --edition
      User-Agent:
      - python/3.7.4 (Windows-10-10.0.18362-SP0) msrest/0.6.10 msrest_azure/0.6.2
        azure-mgmt-sql/0.13.0 Azure-SDK-For-Python AZURECLI/2.0.73
    method: GET
    uri: https://management.azure.com/subscriptions/00000000-0000-0000-0000-000000000000/resourceGroups/clitest.rg000001/providers/Microsoft.Sql/locations/westus/databaseAzureAsyncOperation/cee3e46b-579b-4528-ba0a-994072cbadd8?api-version=2017-10-01-preview
  response:
    body:
      string: '{"name":"cee3e46b-579b-4528-ba0a-994072cbadd8","status":"InProgress","startTime":"2019-10-12T02:28:53.563Z"}'
    headers:
      cache-control:
      - no-cache
      content-length:
      - '108'
      content-type:
      - application/json; charset=utf-8
      date:
      - Sat, 12 Oct 2019 02:35:56 GMT
      expires:
      - '-1'
      pragma:
      - no-cache
      server:
      - Microsoft-HTTPAPI/2.0
      strict-transport-security:
      - max-age=31536000; includeSubDomains
      transfer-encoding:
      - chunked
      vary:
      - Accept-Encoding
      x-content-type-options:
      - nosniff
    status:
      code: 200
      message: OK
- request:
    body: null
    headers:
      Accept:
      - application/json
      Accept-Encoding:
      - gzip, deflate
      CommandName:
      - sql db restore
      Connection:
      - keep-alive
      ParameterSetName:
      - -g -s -n -t --dest-name --service-objective --edition
      User-Agent:
      - python/3.7.4 (Windows-10-10.0.18362-SP0) msrest/0.6.10 msrest_azure/0.6.2
        azure-mgmt-sql/0.13.0 Azure-SDK-For-Python AZURECLI/2.0.73
    method: GET
    uri: https://management.azure.com/subscriptions/00000000-0000-0000-0000-000000000000/resourceGroups/clitest.rg000001/providers/Microsoft.Sql/locations/westus/databaseAzureAsyncOperation/cee3e46b-579b-4528-ba0a-994072cbadd8?api-version=2017-10-01-preview
  response:
    body:
      string: '{"name":"cee3e46b-579b-4528-ba0a-994072cbadd8","status":"InProgress","startTime":"2019-10-12T02:28:53.563Z"}'
    headers:
      cache-control:
      - no-cache
      content-length:
      - '108'
      content-type:
      - application/json; charset=utf-8
      date:
      - Sat, 12 Oct 2019 02:36:11 GMT
      expires:
      - '-1'
      pragma:
      - no-cache
      server:
      - Microsoft-HTTPAPI/2.0
      strict-transport-security:
      - max-age=31536000; includeSubDomains
      transfer-encoding:
      - chunked
      vary:
      - Accept-Encoding
      x-content-type-options:
      - nosniff
    status:
      code: 200
      message: OK
- request:
    body: null
    headers:
      Accept:
      - application/json
      Accept-Encoding:
      - gzip, deflate
      CommandName:
      - sql db restore
      Connection:
      - keep-alive
      ParameterSetName:
      - -g -s -n -t --dest-name --service-objective --edition
      User-Agent:
      - python/3.7.4 (Windows-10-10.0.18362-SP0) msrest/0.6.10 msrest_azure/0.6.2
        azure-mgmt-sql/0.13.0 Azure-SDK-For-Python AZURECLI/2.0.73
    method: GET
    uri: https://management.azure.com/subscriptions/00000000-0000-0000-0000-000000000000/resourceGroups/clitest.rg000001/providers/Microsoft.Sql/locations/westus/databaseAzureAsyncOperation/cee3e46b-579b-4528-ba0a-994072cbadd8?api-version=2017-10-01-preview
  response:
    body:
      string: '{"name":"cee3e46b-579b-4528-ba0a-994072cbadd8","status":"InProgress","startTime":"2019-10-12T02:28:53.563Z"}'
    headers:
      cache-control:
      - no-cache
      content-length:
      - '108'
      content-type:
      - application/json; charset=utf-8
      date:
      - Sat, 12 Oct 2019 02:36:26 GMT
      expires:
      - '-1'
      pragma:
      - no-cache
      server:
      - Microsoft-HTTPAPI/2.0
      strict-transport-security:
      - max-age=31536000; includeSubDomains
      transfer-encoding:
      - chunked
      vary:
      - Accept-Encoding
      x-content-type-options:
      - nosniff
    status:
      code: 200
      message: OK
- request:
    body: null
    headers:
      Accept:
      - application/json
      Accept-Encoding:
      - gzip, deflate
      CommandName:
      - sql db restore
      Connection:
      - keep-alive
      ParameterSetName:
      - -g -s -n -t --dest-name --service-objective --edition
      User-Agent:
      - python/3.7.4 (Windows-10-10.0.18362-SP0) msrest/0.6.10 msrest_azure/0.6.2
        azure-mgmt-sql/0.13.0 Azure-SDK-For-Python AZURECLI/2.0.73
    method: GET
    uri: https://management.azure.com/subscriptions/00000000-0000-0000-0000-000000000000/resourceGroups/clitest.rg000001/providers/Microsoft.Sql/locations/westus/databaseAzureAsyncOperation/cee3e46b-579b-4528-ba0a-994072cbadd8?api-version=2017-10-01-preview
  response:
    body:
      string: '{"name":"cee3e46b-579b-4528-ba0a-994072cbadd8","status":"InProgress","startTime":"2019-10-12T02:28:53.563Z"}'
    headers:
      cache-control:
      - no-cache
      content-length:
      - '108'
      content-type:
      - application/json; charset=utf-8
      date:
      - Sat, 12 Oct 2019 02:36:41 GMT
      expires:
      - '-1'
      pragma:
      - no-cache
      server:
      - Microsoft-HTTPAPI/2.0
      strict-transport-security:
      - max-age=31536000; includeSubDomains
      transfer-encoding:
      - chunked
      vary:
      - Accept-Encoding
      x-content-type-options:
      - nosniff
    status:
      code: 200
      message: OK
- request:
    body: null
    headers:
      Accept:
      - application/json
      Accept-Encoding:
      - gzip, deflate
      CommandName:
      - sql db restore
      Connection:
      - keep-alive
      ParameterSetName:
      - -g -s -n -t --dest-name --service-objective --edition
      User-Agent:
      - python/3.7.4 (Windows-10-10.0.18362-SP0) msrest/0.6.10 msrest_azure/0.6.2
        azure-mgmt-sql/0.13.0 Azure-SDK-For-Python AZURECLI/2.0.73
    method: GET
    uri: https://management.azure.com/subscriptions/00000000-0000-0000-0000-000000000000/resourceGroups/clitest.rg000001/providers/Microsoft.Sql/locations/westus/databaseAzureAsyncOperation/cee3e46b-579b-4528-ba0a-994072cbadd8?api-version=2017-10-01-preview
  response:
    body:
      string: '{"name":"cee3e46b-579b-4528-ba0a-994072cbadd8","status":"InProgress","startTime":"2019-10-12T02:28:53.563Z"}'
    headers:
      cache-control:
      - no-cache
      content-length:
      - '108'
      content-type:
      - application/json; charset=utf-8
      date:
      - Sat, 12 Oct 2019 02:36:57 GMT
      expires:
      - '-1'
      pragma:
      - no-cache
      server:
      - Microsoft-HTTPAPI/2.0
      strict-transport-security:
      - max-age=31536000; includeSubDomains
      transfer-encoding:
      - chunked
      vary:
      - Accept-Encoding
      x-content-type-options:
      - nosniff
    status:
      code: 200
      message: OK
- request:
    body: null
    headers:
      Accept:
      - application/json
      Accept-Encoding:
      - gzip, deflate
      CommandName:
      - sql db restore
      Connection:
      - keep-alive
      ParameterSetName:
      - -g -s -n -t --dest-name --service-objective --edition
      User-Agent:
      - python/3.7.4 (Windows-10-10.0.18362-SP0) msrest/0.6.10 msrest_azure/0.6.2
        azure-mgmt-sql/0.13.0 Azure-SDK-For-Python AZURECLI/2.0.73
    method: GET
    uri: https://management.azure.com/subscriptions/00000000-0000-0000-0000-000000000000/resourceGroups/clitest.rg000001/providers/Microsoft.Sql/locations/westus/databaseAzureAsyncOperation/cee3e46b-579b-4528-ba0a-994072cbadd8?api-version=2017-10-01-preview
  response:
    body:
      string: '{"name":"cee3e46b-579b-4528-ba0a-994072cbadd8","status":"InProgress","startTime":"2019-10-12T02:28:53.563Z"}'
    headers:
      cache-control:
      - no-cache
      content-length:
      - '108'
      content-type:
      - application/json; charset=utf-8
      date:
      - Sat, 12 Oct 2019 02:37:12 GMT
      expires:
      - '-1'
      pragma:
      - no-cache
      server:
      - Microsoft-HTTPAPI/2.0
      strict-transport-security:
      - max-age=31536000; includeSubDomains
      transfer-encoding:
      - chunked
      vary:
      - Accept-Encoding
      x-content-type-options:
      - nosniff
    status:
      code: 200
      message: OK
- request:
    body: null
    headers:
      Accept:
      - application/json
      Accept-Encoding:
      - gzip, deflate
      CommandName:
      - sql db restore
      Connection:
      - keep-alive
      ParameterSetName:
      - -g -s -n -t --dest-name --service-objective --edition
      User-Agent:
      - python/3.7.4 (Windows-10-10.0.18362-SP0) msrest/0.6.10 msrest_azure/0.6.2
        azure-mgmt-sql/0.13.0 Azure-SDK-For-Python AZURECLI/2.0.73
    method: GET
    uri: https://management.azure.com/subscriptions/00000000-0000-0000-0000-000000000000/resourceGroups/clitest.rg000001/providers/Microsoft.Sql/locations/westus/databaseAzureAsyncOperation/cee3e46b-579b-4528-ba0a-994072cbadd8?api-version=2017-10-01-preview
  response:
    body:
      string: '{"name":"cee3e46b-579b-4528-ba0a-994072cbadd8","status":"InProgress","startTime":"2019-10-12T02:28:53.563Z"}'
    headers:
      cache-control:
      - no-cache
      content-length:
      - '108'
      content-type:
      - application/json; charset=utf-8
      date:
      - Sat, 12 Oct 2019 02:37:27 GMT
      expires:
      - '-1'
      pragma:
      - no-cache
      server:
      - Microsoft-HTTPAPI/2.0
      strict-transport-security:
      - max-age=31536000; includeSubDomains
      transfer-encoding:
      - chunked
      vary:
      - Accept-Encoding
      x-content-type-options:
      - nosniff
    status:
      code: 200
      message: OK
- request:
    body: null
    headers:
      Accept:
      - application/json
      Accept-Encoding:
      - gzip, deflate
      CommandName:
      - sql db restore
      Connection:
      - keep-alive
      ParameterSetName:
      - -g -s -n -t --dest-name --service-objective --edition
      User-Agent:
      - python/3.7.4 (Windows-10-10.0.18362-SP0) msrest/0.6.10 msrest_azure/0.6.2
        azure-mgmt-sql/0.13.0 Azure-SDK-For-Python AZURECLI/2.0.73
    method: GET
    uri: https://management.azure.com/subscriptions/00000000-0000-0000-0000-000000000000/resourceGroups/clitest.rg000001/providers/Microsoft.Sql/locations/westus/databaseAzureAsyncOperation/cee3e46b-579b-4528-ba0a-994072cbadd8?api-version=2017-10-01-preview
  response:
    body:
      string: '{"name":"cee3e46b-579b-4528-ba0a-994072cbadd8","status":"Succeeded","startTime":"2019-10-12T02:28:53.563Z"}'
    headers:
      cache-control:
      - no-cache
      content-length:
      - '107'
      content-type:
      - application/json; charset=utf-8
      date:
      - Sat, 12 Oct 2019 02:37:42 GMT
      expires:
      - '-1'
      pragma:
      - no-cache
      server:
      - Microsoft-HTTPAPI/2.0
      strict-transport-security:
      - max-age=31536000; includeSubDomains
      transfer-encoding:
      - chunked
      vary:
      - Accept-Encoding
      x-content-type-options:
      - nosniff
    status:
      code: 200
      message: OK
- request:
    body: null
    headers:
      Accept:
      - application/json
      Accept-Encoding:
      - gzip, deflate
      CommandName:
      - sql db restore
      Connection:
      - keep-alive
      ParameterSetName:
      - -g -s -n -t --dest-name --service-objective --edition
      User-Agent:
      - python/3.7.4 (Windows-10-10.0.18362-SP0) msrest/0.6.10 msrest_azure/0.6.2
        azure-mgmt-sql/0.13.0 Azure-SDK-For-Python AZURECLI/2.0.73
    method: GET
    uri: https://management.azure.com/subscriptions/00000000-0000-0000-0000-000000000000/resourceGroups/clitest.rg000001/providers/Microsoft.Sql/servers/clitestserver000002/databases/cliautomationdb01restore1?api-version=2017-10-01-preview
  response:
    body:
      string: '{"sku":{"name":"Standard","tier":"Standard","capacity":20},"kind":"v12.0,user","properties":{"collation":"SQL_Latin1_General_CP1_CI_AS","maxSizeBytes":268435456000,"status":"Online","databaseId":"5feb40a1-a160-44e2-a9a8-cb620c2b101b","creationDate":"2019-10-12T02:37:12.18Z","currentServiceObjectiveName":"S1","requestedServiceObjectiveName":"S1","defaultSecondaryLocation":"eastus","catalogCollation":"SQL_Latin1_General_CP1_CI_AS","zoneRedundant":false,"earliestRestoreDate":"2019-10-12T03:07:12.18Z","readScale":"Disabled","readReplicaCount":0,"currentSku":{"name":"Standard","tier":"Standard","capacity":20}},"location":"westus","id":"/subscriptions/00000000-0000-0000-0000-000000000000/resourceGroups/clitest.rg000001/providers/Microsoft.Sql/servers/clitestserver000002/databases/cliautomationdb01restore1","name":"cliautomationdb01restore1","type":"Microsoft.Sql/servers/databases"}'
    headers:
      cache-control:
      - no-cache
      content-length:
      - '991'
      content-type:
      - application/json; charset=utf-8
      date:
      - Sat, 12 Oct 2019 02:37:42 GMT
      expires:
      - '-1'
      pragma:
      - no-cache
      server:
      - Microsoft-HTTPAPI/2.0
      strict-transport-security:
      - max-age=31536000; includeSubDomains
      transfer-encoding:
      - chunked
      vary:
      - Accept-Encoding
      x-content-type-options:
      - nosniff
    status:
      code: 200
      message: OK
- request:
    body: null
    headers:
      Accept:
      - application/json
      Accept-Encoding:
      - gzip, deflate
      CommandName:
      - sql db restore
      Connection:
      - keep-alive
      ParameterSetName:
      - -g -s -n -t --dest-name --elastic-pool
      User-Agent:
      - python/3.7.4 (Windows-10-10.0.18362-SP0) msrest/0.6.10 msrest_azure/0.6.2
        azure-mgmt-sql/0.13.0 Azure-SDK-For-Python AZURECLI/2.0.73
      accept-language:
      - en-US
    method: GET
    uri: https://management.azure.com/subscriptions/00000000-0000-0000-0000-000000000000/resourceGroups/clitest.rg000001/providers/Microsoft.Sql/servers/clitestserver000002?api-version=2015-05-01-preview
  response:
    body:
      string: '{"kind":"v12.0","properties":{"administratorLogin":"admin123","version":"12.0","state":"Ready","fullyQualifiedDomainName":"clitestserver000002.database.windows.net"},"location":"westus","id":"/subscriptions/00000000-0000-0000-0000-000000000000/resourceGroups/clitest.rg000001/providers/Microsoft.Sql/servers/clitestserver000002","name":"clitestserver000002","type":"Microsoft.Sql/servers"}'
    headers:
      cache-control:
      - no-cache
      content-length:
      - '580'
      content-type:
      - application/json; charset=utf-8
      date:
      - Sat, 12 Oct 2019 02:37:43 GMT
      expires:
      - '-1'
      pragma:
      - no-cache
      server:
      - Microsoft-HTTPAPI/2.0
      strict-transport-security:
      - max-age=31536000; includeSubDomains
      transfer-encoding:
      - chunked
      vary:
      - Accept-Encoding
      x-content-type-options:
      - nosniff
    status:
      code: 200
      message: OK
- request:
    body: 'b''b\''{"location": "westus", "properties": {"createMode": "PointInTimeRestore",
      "elasticPoolId": "/subscriptions/00000000-0000-0000-0000-000000000000/resourceGroups/clitest.rg000001/providers/Microsoft.Sql/servers/clitestserver000002/elasticPools/cliautomationpool1",
      "sourceDatabaseId": "/subscriptions/00000000-0000-0000-0000-000000000000/resourceGroups/clitest.rg000001/providers/Microsoft.Sql/servers/clitestserver000002/databases/cliautomationdb01",
      "restorePointInTime": "2019-10-12T02:37:43.810053Z"}}\'''''
    headers:
      Accept:
      - application/json
      Accept-Encoding:
      - gzip, deflate
      CommandName:
      - sql db restore
      Connection:
      - keep-alive
      Content-Length:
      - '708'
      Content-Type:
      - application/json; charset=utf-8
      ParameterSetName:
      - -g -s -n -t --dest-name --elastic-pool
      User-Agent:
      - python/3.7.4 (Windows-10-10.0.18362-SP0) msrest/0.6.10 msrest_azure/0.6.2
        azure-mgmt-sql/0.13.0 Azure-SDK-For-Python AZURECLI/2.0.73
      accept-language:
      - en-US
    method: PUT
    uri: https://management.azure.com/subscriptions/00000000-0000-0000-0000-000000000000/resourceGroups/clitest.rg000001/providers/Microsoft.Sql/servers/clitestserver000002/databases/cliautomationdb01restore2?api-version=2017-10-01-preview
  response:
    body:
      string: '{"operation":"CreateRestoreRequest","startTime":"2019-10-12T02:37:44.907Z"}'
    headers:
      azure-asyncoperation:
      - https://management.azure.com/subscriptions/00000000-0000-0000-0000-000000000000/resourceGroups/clitest.rg000001/providers/Microsoft.Sql/locations/westus/databaseAzureAsyncOperation/86374e62-f15e-4d84-a633-d5fb79eb5118?api-version=2017-10-01-preview
      cache-control:
      - no-cache
      content-length:
      - '75'
      content-type:
      - application/json; charset=utf-8
      date:
      - Sat, 12 Oct 2019 02:37:44 GMT
      expires:
      - '-1'
      location:
      - https://management.azure.com/subscriptions/00000000-0000-0000-0000-000000000000/resourceGroups/clitest.rg000001/providers/Microsoft.Sql/locations/westus/databaseOperationResults/86374e62-f15e-4d84-a633-d5fb79eb5118?api-version=2017-10-01-preview
      pragma:
      - no-cache
      server:
      - Microsoft-HTTPAPI/2.0
      strict-transport-security:
      - max-age=31536000; includeSubDomains
      x-content-type-options:
      - nosniff
      x-ms-ratelimit-remaining-subscription-writes:
      - '1199'
    status:
      code: 202
      message: Accepted
- request:
    body: null
    headers:
      Accept:
      - application/json
      Accept-Encoding:
      - gzip, deflate
      CommandName:
      - sql db restore
      Connection:
      - keep-alive
      ParameterSetName:
      - -g -s -n -t --dest-name --elastic-pool
      User-Agent:
      - python/3.7.4 (Windows-10-10.0.18362-SP0) msrest/0.6.10 msrest_azure/0.6.2
        azure-mgmt-sql/0.13.0 Azure-SDK-For-Python AZURECLI/2.0.73
    method: GET
    uri: https://management.azure.com/subscriptions/00000000-0000-0000-0000-000000000000/resourceGroups/clitest.rg000001/providers/Microsoft.Sql/locations/westus/databaseAzureAsyncOperation/86374e62-f15e-4d84-a633-d5fb79eb5118?api-version=2017-10-01-preview
  response:
    body:
      string: '{"name":"86374e62-f15e-4d84-a633-d5fb79eb5118","status":"InProgress","startTime":"2019-10-12T02:37:44.907Z"}'
    headers:
      cache-control:
      - no-cache
      content-length:
      - '108'
      content-type:
      - application/json; charset=utf-8
      date:
      - Sat, 12 Oct 2019 02:38:00 GMT
      expires:
      - '-1'
      pragma:
      - no-cache
      server:
      - Microsoft-HTTPAPI/2.0
      strict-transport-security:
      - max-age=31536000; includeSubDomains
      transfer-encoding:
      - chunked
      vary:
      - Accept-Encoding
      x-content-type-options:
      - nosniff
    status:
      code: 200
      message: OK
- request:
    body: null
    headers:
      Accept:
      - application/json
      Accept-Encoding:
      - gzip, deflate
      CommandName:
      - sql db restore
      Connection:
      - keep-alive
      ParameterSetName:
      - -g -s -n -t --dest-name --elastic-pool
      User-Agent:
      - python/3.7.4 (Windows-10-10.0.18362-SP0) msrest/0.6.10 msrest_azure/0.6.2
        azure-mgmt-sql/0.13.0 Azure-SDK-For-Python AZURECLI/2.0.73
    method: GET
    uri: https://management.azure.com/subscriptions/00000000-0000-0000-0000-000000000000/resourceGroups/clitest.rg000001/providers/Microsoft.Sql/locations/westus/databaseAzureAsyncOperation/86374e62-f15e-4d84-a633-d5fb79eb5118?api-version=2017-10-01-preview
  response:
    body:
      string: '{"name":"86374e62-f15e-4d84-a633-d5fb79eb5118","status":"InProgress","startTime":"2019-10-12T02:37:44.907Z"}'
    headers:
      cache-control:
      - no-cache
      content-length:
      - '108'
      content-type:
      - application/json; charset=utf-8
      date:
      - Sat, 12 Oct 2019 02:38:14 GMT
      expires:
      - '-1'
      pragma:
      - no-cache
      server:
      - Microsoft-HTTPAPI/2.0
      strict-transport-security:
      - max-age=31536000; includeSubDomains
      transfer-encoding:
      - chunked
      vary:
      - Accept-Encoding
      x-content-type-options:
      - nosniff
    status:
      code: 200
      message: OK
- request:
    body: null
    headers:
      Accept:
      - application/json
      Accept-Encoding:
      - gzip, deflate
      CommandName:
      - sql db restore
      Connection:
      - keep-alive
      ParameterSetName:
      - -g -s -n -t --dest-name --elastic-pool
      User-Agent:
      - python/3.7.4 (Windows-10-10.0.18362-SP0) msrest/0.6.10 msrest_azure/0.6.2
        azure-mgmt-sql/0.13.0 Azure-SDK-For-Python AZURECLI/2.0.73
    method: GET
    uri: https://management.azure.com/subscriptions/00000000-0000-0000-0000-000000000000/resourceGroups/clitest.rg000001/providers/Microsoft.Sql/locations/westus/databaseAzureAsyncOperation/86374e62-f15e-4d84-a633-d5fb79eb5118?api-version=2017-10-01-preview
  response:
    body:
      string: '{"name":"86374e62-f15e-4d84-a633-d5fb79eb5118","status":"InProgress","startTime":"2019-10-12T02:37:44.907Z"}'
    headers:
      cache-control:
      - no-cache
      content-length:
      - '108'
      content-type:
      - application/json; charset=utf-8
      date:
      - Sat, 12 Oct 2019 02:38:29 GMT
      expires:
      - '-1'
      pragma:
      - no-cache
      server:
      - Microsoft-HTTPAPI/2.0
      strict-transport-security:
      - max-age=31536000; includeSubDomains
      transfer-encoding:
      - chunked
      vary:
      - Accept-Encoding
      x-content-type-options:
      - nosniff
    status:
      code: 200
      message: OK
- request:
    body: null
    headers:
      Accept:
      - application/json
      Accept-Encoding:
      - gzip, deflate
      CommandName:
      - sql db restore
      Connection:
      - keep-alive
      ParameterSetName:
      - -g -s -n -t --dest-name --elastic-pool
      User-Agent:
      - python/3.7.4 (Windows-10-10.0.18362-SP0) msrest/0.6.10 msrest_azure/0.6.2
        azure-mgmt-sql/0.13.0 Azure-SDK-For-Python AZURECLI/2.0.73
    method: GET
    uri: https://management.azure.com/subscriptions/00000000-0000-0000-0000-000000000000/resourceGroups/clitest.rg000001/providers/Microsoft.Sql/locations/westus/databaseAzureAsyncOperation/86374e62-f15e-4d84-a633-d5fb79eb5118?api-version=2017-10-01-preview
  response:
    body:
      string: '{"name":"86374e62-f15e-4d84-a633-d5fb79eb5118","status":"InProgress","startTime":"2019-10-12T02:37:44.907Z"}'
    headers:
      cache-control:
      - no-cache
      content-length:
      - '108'
      content-type:
      - application/json; charset=utf-8
      date:
      - Sat, 12 Oct 2019 02:38:44 GMT
      expires:
      - '-1'
      pragma:
      - no-cache
      server:
      - Microsoft-HTTPAPI/2.0
      strict-transport-security:
      - max-age=31536000; includeSubDomains
      transfer-encoding:
      - chunked
      vary:
      - Accept-Encoding
      x-content-type-options:
      - nosniff
    status:
      code: 200
      message: OK
- request:
    body: null
    headers:
      Accept:
      - application/json
      Accept-Encoding:
      - gzip, deflate
      CommandName:
      - sql db restore
      Connection:
      - keep-alive
      ParameterSetName:
      - -g -s -n -t --dest-name --elastic-pool
      User-Agent:
      - python/3.7.4 (Windows-10-10.0.18362-SP0) msrest/0.6.10 msrest_azure/0.6.2
        azure-mgmt-sql/0.13.0 Azure-SDK-For-Python AZURECLI/2.0.73
    method: GET
    uri: https://management.azure.com/subscriptions/00000000-0000-0000-0000-000000000000/resourceGroups/clitest.rg000001/providers/Microsoft.Sql/locations/westus/databaseAzureAsyncOperation/86374e62-f15e-4d84-a633-d5fb79eb5118?api-version=2017-10-01-preview
  response:
    body:
      string: '{"name":"86374e62-f15e-4d84-a633-d5fb79eb5118","status":"InProgress","startTime":"2019-10-12T02:37:44.907Z"}'
    headers:
      cache-control:
      - no-cache
      content-length:
      - '108'
      content-type:
      - application/json; charset=utf-8
      date:
      - Sat, 12 Oct 2019 02:39:00 GMT
      expires:
      - '-1'
      pragma:
      - no-cache
      server:
      - Microsoft-HTTPAPI/2.0
      strict-transport-security:
      - max-age=31536000; includeSubDomains
      transfer-encoding:
      - chunked
      vary:
      - Accept-Encoding
      x-content-type-options:
      - nosniff
    status:
      code: 200
      message: OK
- request:
    body: null
    headers:
      Accept:
      - application/json
      Accept-Encoding:
      - gzip, deflate
      CommandName:
      - sql db restore
      Connection:
      - keep-alive
      ParameterSetName:
      - -g -s -n -t --dest-name --elastic-pool
      User-Agent:
      - python/3.7.4 (Windows-10-10.0.18362-SP0) msrest/0.6.10 msrest_azure/0.6.2
        azure-mgmt-sql/0.13.0 Azure-SDK-For-Python AZURECLI/2.0.73
    method: GET
    uri: https://management.azure.com/subscriptions/00000000-0000-0000-0000-000000000000/resourceGroups/clitest.rg000001/providers/Microsoft.Sql/locations/westus/databaseAzureAsyncOperation/86374e62-f15e-4d84-a633-d5fb79eb5118?api-version=2017-10-01-preview
  response:
    body:
      string: '{"name":"86374e62-f15e-4d84-a633-d5fb79eb5118","status":"InProgress","startTime":"2019-10-12T02:37:44.907Z"}'
    headers:
      cache-control:
      - no-cache
      content-length:
      - '108'
      content-type:
      - application/json; charset=utf-8
      date:
      - Sat, 12 Oct 2019 02:39:15 GMT
      expires:
      - '-1'
      pragma:
      - no-cache
      server:
      - Microsoft-HTTPAPI/2.0
      strict-transport-security:
      - max-age=31536000; includeSubDomains
      transfer-encoding:
      - chunked
      vary:
      - Accept-Encoding
      x-content-type-options:
      - nosniff
    status:
      code: 200
      message: OK
- request:
    body: null
    headers:
      Accept:
      - application/json
      Accept-Encoding:
      - gzip, deflate
      CommandName:
      - sql db restore
      Connection:
      - keep-alive
      ParameterSetName:
      - -g -s -n -t --dest-name --elastic-pool
      User-Agent:
      - python/3.7.4 (Windows-10-10.0.18362-SP0) msrest/0.6.10 msrest_azure/0.6.2
        azure-mgmt-sql/0.13.0 Azure-SDK-For-Python AZURECLI/2.0.73
    method: GET
    uri: https://management.azure.com/subscriptions/00000000-0000-0000-0000-000000000000/resourceGroups/clitest.rg000001/providers/Microsoft.Sql/locations/westus/databaseAzureAsyncOperation/86374e62-f15e-4d84-a633-d5fb79eb5118?api-version=2017-10-01-preview
  response:
    body:
      string: '{"name":"86374e62-f15e-4d84-a633-d5fb79eb5118","status":"InProgress","startTime":"2019-10-12T02:37:44.907Z"}'
    headers:
      cache-control:
      - no-cache
      content-length:
      - '108'
      content-type:
      - application/json; charset=utf-8
      date:
      - Sat, 12 Oct 2019 02:39:30 GMT
      expires:
      - '-1'
      pragma:
      - no-cache
      server:
      - Microsoft-HTTPAPI/2.0
      strict-transport-security:
      - max-age=31536000; includeSubDomains
      transfer-encoding:
      - chunked
      vary:
      - Accept-Encoding
      x-content-type-options:
      - nosniff
    status:
      code: 200
      message: OK
- request:
    body: null
    headers:
      Accept:
      - application/json
      Accept-Encoding:
      - gzip, deflate
      CommandName:
      - sql db restore
      Connection:
      - keep-alive
      ParameterSetName:
      - -g -s -n -t --dest-name --elastic-pool
      User-Agent:
      - python/3.7.4 (Windows-10-10.0.18362-SP0) msrest/0.6.10 msrest_azure/0.6.2
        azure-mgmt-sql/0.13.0 Azure-SDK-For-Python AZURECLI/2.0.73
    method: GET
    uri: https://management.azure.com/subscriptions/00000000-0000-0000-0000-000000000000/resourceGroups/clitest.rg000001/providers/Microsoft.Sql/locations/westus/databaseAzureAsyncOperation/86374e62-f15e-4d84-a633-d5fb79eb5118?api-version=2017-10-01-preview
  response:
    body:
      string: '{"name":"86374e62-f15e-4d84-a633-d5fb79eb5118","status":"InProgress","startTime":"2019-10-12T02:37:44.907Z"}'
    headers:
      cache-control:
      - no-cache
      content-length:
      - '108'
      content-type:
      - application/json; charset=utf-8
      date:
      - Sat, 12 Oct 2019 02:39:45 GMT
      expires:
      - '-1'
      pragma:
      - no-cache
      server:
      - Microsoft-HTTPAPI/2.0
      strict-transport-security:
      - max-age=31536000; includeSubDomains
      transfer-encoding:
      - chunked
      vary:
      - Accept-Encoding
      x-content-type-options:
      - nosniff
    status:
      code: 200
      message: OK
- request:
    body: null
    headers:
      Accept:
      - application/json
      Accept-Encoding:
      - gzip, deflate
      CommandName:
      - sql db restore
      Connection:
      - keep-alive
      ParameterSetName:
      - -g -s -n -t --dest-name --elastic-pool
      User-Agent:
      - python/3.7.4 (Windows-10-10.0.18362-SP0) msrest/0.6.10 msrest_azure/0.6.2
        azure-mgmt-sql/0.13.0 Azure-SDK-For-Python AZURECLI/2.0.73
    method: GET
    uri: https://management.azure.com/subscriptions/00000000-0000-0000-0000-000000000000/resourceGroups/clitest.rg000001/providers/Microsoft.Sql/locations/westus/databaseAzureAsyncOperation/86374e62-f15e-4d84-a633-d5fb79eb5118?api-version=2017-10-01-preview
  response:
    body:
      string: '{"name":"86374e62-f15e-4d84-a633-d5fb79eb5118","status":"InProgress","startTime":"2019-10-12T02:37:44.907Z"}'
    headers:
      cache-control:
      - no-cache
      content-length:
      - '108'
      content-type:
      - application/json; charset=utf-8
      date:
      - Sat, 12 Oct 2019 02:39:59 GMT
      expires:
      - '-1'
      pragma:
      - no-cache
      server:
      - Microsoft-HTTPAPI/2.0
      strict-transport-security:
      - max-age=31536000; includeSubDomains
      transfer-encoding:
      - chunked
      vary:
      - Accept-Encoding
      x-content-type-options:
      - nosniff
    status:
      code: 200
      message: OK
- request:
    body: null
    headers:
      Accept:
      - application/json
      Accept-Encoding:
      - gzip, deflate
      CommandName:
      - sql db restore
      Connection:
      - keep-alive
      ParameterSetName:
      - -g -s -n -t --dest-name --elastic-pool
      User-Agent:
      - python/3.7.4 (Windows-10-10.0.18362-SP0) msrest/0.6.10 msrest_azure/0.6.2
        azure-mgmt-sql/0.13.0 Azure-SDK-For-Python AZURECLI/2.0.73
    method: GET
    uri: https://management.azure.com/subscriptions/00000000-0000-0000-0000-000000000000/resourceGroups/clitest.rg000001/providers/Microsoft.Sql/locations/westus/databaseAzureAsyncOperation/86374e62-f15e-4d84-a633-d5fb79eb5118?api-version=2017-10-01-preview
  response:
    body:
      string: '{"name":"86374e62-f15e-4d84-a633-d5fb79eb5118","status":"InProgress","startTime":"2019-10-12T02:37:44.907Z"}'
    headers:
      cache-control:
      - no-cache
      content-length:
      - '108'
      content-type:
      - application/json; charset=utf-8
      date:
      - Sat, 12 Oct 2019 02:40:15 GMT
      expires:
      - '-1'
      pragma:
      - no-cache
      server:
      - Microsoft-HTTPAPI/2.0
      strict-transport-security:
      - max-age=31536000; includeSubDomains
      transfer-encoding:
      - chunked
      vary:
      - Accept-Encoding
      x-content-type-options:
      - nosniff
    status:
      code: 200
      message: OK
- request:
    body: null
    headers:
      Accept:
      - application/json
      Accept-Encoding:
      - gzip, deflate
      CommandName:
      - sql db restore
      Connection:
      - keep-alive
      ParameterSetName:
      - -g -s -n -t --dest-name --elastic-pool
      User-Agent:
      - python/3.7.4 (Windows-10-10.0.18362-SP0) msrest/0.6.10 msrest_azure/0.6.2
        azure-mgmt-sql/0.13.0 Azure-SDK-For-Python AZURECLI/2.0.73
    method: GET
    uri: https://management.azure.com/subscriptions/00000000-0000-0000-0000-000000000000/resourceGroups/clitest.rg000001/providers/Microsoft.Sql/locations/westus/databaseAzureAsyncOperation/86374e62-f15e-4d84-a633-d5fb79eb5118?api-version=2017-10-01-preview
  response:
    body:
      string: '{"name":"86374e62-f15e-4d84-a633-d5fb79eb5118","status":"InProgress","startTime":"2019-10-12T02:37:44.907Z"}'
    headers:
      cache-control:
      - no-cache
      content-length:
      - '108'
      content-type:
      - application/json; charset=utf-8
      date:
      - Sat, 12 Oct 2019 02:40:30 GMT
      expires:
      - '-1'
      pragma:
      - no-cache
      server:
      - Microsoft-HTTPAPI/2.0
      strict-transport-security:
      - max-age=31536000; includeSubDomains
      transfer-encoding:
      - chunked
      vary:
      - Accept-Encoding
      x-content-type-options:
      - nosniff
    status:
      code: 200
      message: OK
- request:
    body: null
    headers:
      Accept:
      - application/json
      Accept-Encoding:
      - gzip, deflate
      CommandName:
      - sql db restore
      Connection:
      - keep-alive
      ParameterSetName:
      - -g -s -n -t --dest-name --elastic-pool
      User-Agent:
      - python/3.7.4 (Windows-10-10.0.18362-SP0) msrest/0.6.10 msrest_azure/0.6.2
        azure-mgmt-sql/0.13.0 Azure-SDK-For-Python AZURECLI/2.0.73
    method: GET
    uri: https://management.azure.com/subscriptions/00000000-0000-0000-0000-000000000000/resourceGroups/clitest.rg000001/providers/Microsoft.Sql/locations/westus/databaseAzureAsyncOperation/86374e62-f15e-4d84-a633-d5fb79eb5118?api-version=2017-10-01-preview
  response:
    body:
      string: '{"name":"86374e62-f15e-4d84-a633-d5fb79eb5118","status":"InProgress","startTime":"2019-10-12T02:37:44.907Z"}'
    headers:
      cache-control:
      - no-cache
      content-length:
      - '108'
      content-type:
      - application/json; charset=utf-8
      date:
      - Sat, 12 Oct 2019 02:40:45 GMT
      expires:
      - '-1'
      pragma:
      - no-cache
      server:
      - Microsoft-HTTPAPI/2.0
      strict-transport-security:
      - max-age=31536000; includeSubDomains
      transfer-encoding:
      - chunked
      vary:
      - Accept-Encoding
      x-content-type-options:
      - nosniff
    status:
      code: 200
      message: OK
- request:
    body: null
    headers:
      Accept:
      - application/json
      Accept-Encoding:
      - gzip, deflate
      CommandName:
      - sql db restore
      Connection:
      - keep-alive
      ParameterSetName:
      - -g -s -n -t --dest-name --elastic-pool
      User-Agent:
      - python/3.7.4 (Windows-10-10.0.18362-SP0) msrest/0.6.10 msrest_azure/0.6.2
        azure-mgmt-sql/0.13.0 Azure-SDK-For-Python AZURECLI/2.0.73
    method: GET
    uri: https://management.azure.com/subscriptions/00000000-0000-0000-0000-000000000000/resourceGroups/clitest.rg000001/providers/Microsoft.Sql/locations/westus/databaseAzureAsyncOperation/86374e62-f15e-4d84-a633-d5fb79eb5118?api-version=2017-10-01-preview
  response:
    body:
      string: '{"name":"86374e62-f15e-4d84-a633-d5fb79eb5118","status":"InProgress","startTime":"2019-10-12T02:37:44.907Z"}'
    headers:
      cache-control:
      - no-cache
      content-length:
      - '108'
      content-type:
      - application/json; charset=utf-8
      date:
      - Sat, 12 Oct 2019 02:41:00 GMT
      expires:
      - '-1'
      pragma:
      - no-cache
      server:
      - Microsoft-HTTPAPI/2.0
      strict-transport-security:
      - max-age=31536000; includeSubDomains
      transfer-encoding:
      - chunked
      vary:
      - Accept-Encoding
      x-content-type-options:
      - nosniff
    status:
      code: 200
      message: OK
- request:
    body: null
    headers:
      Accept:
      - application/json
      Accept-Encoding:
      - gzip, deflate
      CommandName:
      - sql db restore
      Connection:
      - keep-alive
      ParameterSetName:
      - -g -s -n -t --dest-name --elastic-pool
      User-Agent:
      - python/3.7.4 (Windows-10-10.0.18362-SP0) msrest/0.6.10 msrest_azure/0.6.2
        azure-mgmt-sql/0.13.0 Azure-SDK-For-Python AZURECLI/2.0.73
    method: GET
    uri: https://management.azure.com/subscriptions/00000000-0000-0000-0000-000000000000/resourceGroups/clitest.rg000001/providers/Microsoft.Sql/locations/westus/databaseAzureAsyncOperation/86374e62-f15e-4d84-a633-d5fb79eb5118?api-version=2017-10-01-preview
  response:
    body:
      string: '{"name":"86374e62-f15e-4d84-a633-d5fb79eb5118","status":"Succeeded","startTime":"2019-10-12T02:37:44.907Z"}'
    headers:
      cache-control:
      - no-cache
      content-length:
      - '107'
      content-type:
      - application/json; charset=utf-8
      date:
      - Sat, 12 Oct 2019 02:41:15 GMT
      expires:
      - '-1'
      pragma:
      - no-cache
      server:
      - Microsoft-HTTPAPI/2.0
      strict-transport-security:
      - max-age=31536000; includeSubDomains
      transfer-encoding:
      - chunked
      vary:
      - Accept-Encoding
      x-content-type-options:
      - nosniff
    status:
      code: 200
      message: OK
- request:
    body: null
    headers:
      Accept:
      - application/json
      Accept-Encoding:
      - gzip, deflate
      CommandName:
      - sql db restore
      Connection:
      - keep-alive
      ParameterSetName:
      - -g -s -n -t --dest-name --elastic-pool
      User-Agent:
      - python/3.7.4 (Windows-10-10.0.18362-SP0) msrest/0.6.10 msrest_azure/0.6.2
        azure-mgmt-sql/0.13.0 Azure-SDK-For-Python AZURECLI/2.0.73
    method: GET
    uri: https://management.azure.com/subscriptions/00000000-0000-0000-0000-000000000000/resourceGroups/clitest.rg000001/providers/Microsoft.Sql/servers/clitestserver000002/databases/cliautomationdb01restore2?api-version=2017-10-01-preview
  response:
    body:
      string: '{"sku":{"name":"ElasticPool","tier":"GeneralPurpose","capacity":0},"kind":"v12.0,user,vcore,pool","properties":{"collation":"SQL_Latin1_General_CP1_CI_AS","maxSizeBytes":34359738368,"elasticPoolId":"/subscriptions/00000000-0000-0000-0000-000000000000/resourceGroups/clitest.rg000001/providers/Microsoft.Sql/servers/clitestserver000002/elasticPools/cliautomationpool1","status":"Online","databaseId":"25d71452-8d88-4961-aa42-3c9d574d76d8","creationDate":"2019-10-12T02:40:42.467Z","currentServiceObjectiveName":"ElasticPool","requestedServiceObjectiveName":"ElasticPool","defaultSecondaryLocation":"eastus","catalogCollation":"SQL_Latin1_General_CP1_CI_AS","zoneRedundant":false,"licenseType":"LicenseIncluded","maxLogSizeBytes":0,"earliestRestoreDate":"2019-10-12T03:10:42.467Z","readScale":"Disabled","readReplicaCount":0,"currentSku":{"name":"ElasticPool","tier":"GeneralPurpose","capacity":0}},"location":"westus","id":"/subscriptions/00000000-0000-0000-0000-000000000000/resourceGroups/clitest.rg000001/providers/Microsoft.Sql/servers/clitestserver000002/databases/cliautomationdb01restore2","name":"cliautomationdb01restore2","type":"Microsoft.Sql/servers/databases"}'
    headers:
      cache-control:
      - no-cache
      content-length:
      - '1378'
      content-type:
      - application/json; charset=utf-8
      date:
      - Sat, 12 Oct 2019 02:41:15 GMT
      expires:
      - '-1'
      pragma:
      - no-cache
      server:
      - Microsoft-HTTPAPI/2.0
      strict-transport-security:
      - max-age=31536000; includeSubDomains
      transfer-encoding:
      - chunked
      vary:
      - Accept-Encoding
      x-content-type-options:
      - nosniff
    status:
      code: 200
      message: OK
- request:
    body: null
    headers:
      Accept:
      - application/json
      Accept-Encoding:
      - gzip, deflate
      CommandName:
      - sql db show
      Connection:
      - keep-alive
      ParameterSetName:
      - -g -s -n
      User-Agent:
      - python/3.7.4 (Windows-10-10.0.18362-SP0) msrest/0.6.10 msrest_azure/0.6.2
        azure-mgmt-sql/0.13.0 Azure-SDK-For-Python AZURECLI/2.0.73
      accept-language:
      - en-US
    method: GET
    uri: https://management.azure.com/subscriptions/00000000-0000-0000-0000-000000000000/resourceGroups/clitest.rg000001/providers/Microsoft.Sql/servers/clitestserver000002/databases/cliautomationdb01restore2?api-version=2017-10-01-preview
  response:
    body:
      string: '{"sku":{"name":"ElasticPool","tier":"GeneralPurpose","capacity":0},"kind":"v12.0,user,vcore,pool","properties":{"collation":"SQL_Latin1_General_CP1_CI_AS","maxSizeBytes":34359738368,"elasticPoolId":"/subscriptions/00000000-0000-0000-0000-000000000000/resourceGroups/clitest.rg000001/providers/Microsoft.Sql/servers/clitestserver000002/elasticPools/cliautomationpool1","status":"Online","databaseId":"25d71452-8d88-4961-aa42-3c9d574d76d8","creationDate":"2019-10-12T02:40:42.467Z","currentServiceObjectiveName":"ElasticPool","requestedServiceObjectiveName":"ElasticPool","defaultSecondaryLocation":"eastus","catalogCollation":"SQL_Latin1_General_CP1_CI_AS","zoneRedundant":false,"licenseType":"LicenseIncluded","maxLogSizeBytes":0,"earliestRestoreDate":"2019-10-12T03:10:42.467Z","readScale":"Disabled","readReplicaCount":0,"currentSku":{"name":"ElasticPool","tier":"GeneralPurpose","capacity":0}},"location":"westus","id":"/subscriptions/00000000-0000-0000-0000-000000000000/resourceGroups/clitest.rg000001/providers/Microsoft.Sql/servers/clitestserver000002/databases/cliautomationdb01restore2","name":"cliautomationdb01restore2","type":"Microsoft.Sql/servers/databases"}'
    headers:
      cache-control:
      - no-cache
      content-length:
      - '1378'
      content-type:
      - application/json; charset=utf-8
      date:
      - Sat, 12 Oct 2019 02:41:16 GMT
      expires:
      - '-1'
      pragma:
      - no-cache
      server:
      - Microsoft-HTTPAPI/2.0
      strict-transport-security:
      - max-age=31536000; includeSubDomains
      transfer-encoding:
      - chunked
      vary:
      - Accept-Encoding
      x-content-type-options:
      - nosniff
    status:
      code: 200
      message: OK
version: 1
